datanode_1  | 2020-10-27 13:40:09,814 [c83883fe-9a34-4774-b247-bfc9542846f4@group-F5B654478EB0-LeaderElection1] INFO server.RaftServerConfigKeys: raft.server.watch.timeout.denomination = 1s (default)
datanode_2  | 	at java.base/java.lang.Thread.run(Thread.java:834)
om_1        | 2020-10-27 13:40:13,962 [Listener at om/9862] INFO impl.MetricsSinkAdapter: Sink prometheus started
scm_1       | 2020-10-27 13:39:58,312 [Listener at 0.0.0.0/9860] INFO server.SCMClientProtocolServer: RPC server for Client  is listening at /0.0.0.0:9860
datanode_3  | 2020-10-27 13:39:58,299 [EndpointStateMachine task thread for scm/172.22.0.3:9861 - 0 ] INFO ipc.Client: Retrying connect to server: scm/172.22.0.3:9861. Already tried 5 time(s); retry policy is RetryUpToMaximumCountWithFixedSleep(maxRetries=15, sleepTime=1000 MILLISECONDS)
nm_1        | 2020-10-27 13:39:39 INFO  CallQueueManager:84 - Using callQueue: class java.util.concurrent.LinkedBlockingQueue, queueCapacity: 2000, scheduler: class org.apache.hadoop.ipc.DefaultRpcScheduler, ipcBackoff: false.
rm_1        | 2020-10-27 13:39:38 INFO  LeafQueue:285 - Initializing default
datanode_1  | 2020-10-27 13:40:09,815 [c83883fe-9a34-4774-b247-bfc9542846f4@group-F5B654478EB0-LeaderElection1] INFO server.RaftServerConfigKeys: raft.server.watch.element-limit = 65536 (default)
datanode_2  | Caused by: java.net.SocketTimeoutException: 1000 millis timeout while waiting for channel to be ready for read. ch : java.nio.channels.SocketChannel[connected local=/172.22.0.5:37564 remote=scm/172.22.0.3:9861]
scm_1       | 2020-10-27 13:39:58,313 [IPC Server Responder] INFO ipc.Server: IPC Server Responder: starting
om_1        | 2020-10-27 13:40:13,962 [Listener at om/9862] INFO impl.MetricsSystemImpl: Registered sink prometheus
datanode_3  | 2020-10-27 13:39:59,199 [EndpointStateMachine task thread for scm/172.22.0.3:9861 - 0 ] INFO ozoneimpl.OzoneContainer: Attempting to start container services.
nm_1        | 2020-10-27 13:39:39 INFO  Server:1219 - Starting Socket Reader #1 for port 0
rm_1        | capacity = 1.0 [= (float) configuredCapacity / 100 ]
datanode_1  | 2020-10-27 13:40:09,878 [c83883fe-9a34-4774-b247-bfc9542846f4@group-F5B654478EB0-LeaderElection1] INFO impl.RoleInfo: c83883fe-9a34-4774-b247-bfc9542846f4: start LeaderState
datanode_2  | 	at org.apache.hadoop.net.SocketIOWithTimeout.doIO(SocketIOWithTimeout.java:164)
scm_1       | 2020-10-27 13:39:58,330 [IPC Server listener on 9860] INFO ipc.Server: IPC Server listener on 9860: starting
om_1        | 2020-10-27 13:40:13,967 [Listener at om/9862] INFO http.BaseHttpServer: HTTP server of ozoneManager listening at http://0.0.0.0:9874
datanode_3  | 2020-10-27 13:39:59,200 [EndpointStateMachine task thread for scm/172.22.0.3:9861 - 0 ] INFO ozoneimpl.OzoneContainer: Background container scanner has been disabled.
nm_1        | 2020-10-27 13:39:40 INFO  RpcServerFactoryPBImpl:173 - Adding protocol org.apache.hadoop.yarn.api.ContainerManagementProtocolPB to the server
rm_1        | absoluteCapacity = 1.0 [= parentAbsoluteCapacity * capacity ]
datanode_1  | 2020-10-27 13:40:09,881 [c83883fe-9a34-4774-b247-bfc9542846f4@group-2791F2A1A4C6-SegmentedRaftLogWorker] INFO segmented.SegmentedRaftLogWorker: c83883fe-9a34-4774-b247-bfc9542846f4@group-2791F2A1A4C6-SegmentedRaftLogWorker: created new log segment /data/metadata/ratis/492b2fee-2690-4c63-bbd4-2791f2a1a4c6/current/log_inprogress_0
datanode_2  | 	at org.apache.hadoop.net.SocketInputStream.read(SocketInputStream.java:161)
scm_1       | 2020-10-27 13:39:58,364 [Listener at 0.0.0.0/9860] INFO server.StorageContainerManager: ScmBlockLocationProtocol RPC server is listening at /0.0.0.0:9863
om_1        | 2020-10-27 13:40:13,968 [IPC Server Responder] INFO ipc.Server: IPC Server Responder: starting
datanode_3  | 2020-10-27 13:39:59,201 [EndpointStateMachine task thread for scm/172.22.0.3:9861 - 0 ] INFO ratis.XceiverServerRatis: Starting XceiverServerRatis 591f182d-75f6-4f60-b78c-ed8ee8a04e8a at port 9858
nm_1        | 2020-10-27 13:39:40 INFO  Server:1298 - IPC Server listener on 0: starting
rm_1        | maxCapacity = 1.0 [= configuredMaxCapacity ]
datanode_1  | 2020-10-27 13:40:09,892 [c83883fe-9a34-4774-b247-bfc9542846f4@group-F5B654478EB0-LeaderElection1] INFO segmented.SegmentedRaftLogWorker: c83883fe-9a34-4774-b247-bfc9542846f4@group-F5B654478EB0-SegmentedRaftLogWorker: Starting segment from index:0
datanode_2  | 	at org.apache.hadoop.net.SocketInputStream.read(SocketInputStream.java:131)
scm_1       | 2020-10-27 13:39:58,365 [Listener at 0.0.0.0/9860] INFO server.SCMBlockProtocolServer: RPC server for Block Protocol is listening at /0.0.0.0:9863
om_1        | 2020-10-27 13:40:13,968 [IPC Server listener on 9862] INFO ipc.Server: IPC Server listener on 9862: starting
datanode_3  | 2020-10-27 13:39:59,259 [EndpointStateMachine task thread for scm/172.22.0.3:9861 - 0 ] INFO impl.RaftServerProxy: 591f182d-75f6-4f60-b78c-ed8ee8a04e8a: start RPC server
nm_1        | 2020-10-27 13:39:40 INFO  Server:1460 - IPC Server Responder: starting
rm_1        | absoluteMaxCapacity = 1.0 [= 1.0 maximumCapacity undefined, (parentAbsoluteMaxCapacity * maximumCapacity) / 100 otherwise ]
datanode_1  | 2020-10-27 13:40:09,895 [c83883fe-9a34-4774-b247-bfc9542846f4@group-F5B654478EB0-SegmentedRaftLogWorker] INFO segmented.SegmentedRaftLogWorker: c83883fe-9a34-4774-b247-bfc9542846f4@group-F5B654478EB0-SegmentedRaftLogWorker: created new log segment /data/metadata/ratis/4a0b65c2-29c8-40fe-8b38-f5b654478eb0/current/log_inprogress_0
datanode_2  | 	at java.base/java.io.FilterInputStream.read(FilterInputStream.java:133)
scm_1       | 2020-10-27 13:39:58,365 [IPC Server Responder] INFO ipc.Server: IPC Server Responder: starting
om_1        | 2020-10-27 13:40:14,431 [org.apache.hadoop.util.JvmPauseMonitor$Monitor@7169d668] INFO util.JvmPauseMonitor: Starting JVM pause monitor
datanode_3  | 2020-10-27 13:39:59,585 [EndpointStateMachine task thread for scm/172.22.0.3:9861 - 0 ] INFO server.GrpcService: 591f182d-75f6-4f60-b78c-ed8ee8a04e8a: GrpcService started, listening on 0.0.0.0/0.0.0.0:9858
nm_1        | 2020-10-27 13:39:41 INFO  NMContainerTokenSecretManager:265 - Updating node address : nm:42063
rm_1        | effectiveMinResource=<memory:0, vCores:0>
datanode_1  | 2020-10-27 13:40:09,908 [c83883fe-9a34-4774-b247-bfc9542846f4@group-F5B654478EB0-LeaderElection1] INFO impl.RaftServerImpl: c83883fe-9a34-4774-b247-bfc9542846f4@group-F5B654478EB0: set configuration 0: [c83883fe-9a34-4774-b247-bfc9542846f4:172.22.0.6:9858:0], old=null at 0
datanode_2  | 	at java.base/java.io.BufferedInputStream.fill(BufferedInputStream.java:252)
scm_1       | 2020-10-27 13:39:58,382 [IPC Server listener on 9863] INFO ipc.Server: IPC Server listener on 9863: starting
scm_1       | 2020-10-27 13:39:58,429 [Listener at 0.0.0.0/9860] INFO server.StorageContainerManager: ScmDatanodeProtocl RPC server is listening at /0.0.0.0:9861
datanode_3  | 2020-10-27 13:40:03,111 [Command processor thread] INFO impl.RaftServerProxy: 591f182d-75f6-4f60-b78c-ed8ee8a04e8a: addNew group-3AA57C4255D1:[591f182d-75f6-4f60-b78c-ed8ee8a04e8a:172.22.0.2:9858:0] returns group-3AA57C4255D1:java.util.concurrent.CompletableFuture@564a1feb[Not completed]
nm_1        | 2020-10-27 13:39:41 INFO  CallQueueManager:84 - Using callQueue: class java.util.concurrent.LinkedBlockingQueue, queueCapacity: 500, scheduler: class org.apache.hadoop.ipc.DefaultRpcScheduler, ipcBackoff: false.
rm_1        |  , effectiveMaxResource=<memory:0, vCores:0>
scm_1       | 2020-10-27 13:39:58,429 [Listener at 0.0.0.0/9860] INFO server.SCMDatanodeProtocolServer: RPC server for DataNodes is listening at /0.0.0.0:9861
om_1        | 2020-10-27 13:40:21,778 [IPC Server handler 94 on default port 9862] INFO volume.OMVolumeCreateRequest: created volume:volume1 for user:hadoop
datanode_3  | 2020-10-27 13:40:03,244 [pool-19-thread-1] INFO impl.RaftServerImpl: 591f182d-75f6-4f60-b78c-ed8ee8a04e8a: new RaftServerImpl for group-3AA57C4255D1:[591f182d-75f6-4f60-b78c-ed8ee8a04e8a:172.22.0.2:9858:0] with ContainerStateMachine:uninitialized
rm_1        | userLimit = 100 [= configuredUserLimit ]
nm_1        | 2020-10-27 13:39:41 INFO  Server:1219 - Starting Socket Reader #1 for port 8040
datanode_2  | 	at java.base/java.io.BufferedInputStream.read(BufferedInputStream.java:271)
om_1        | 2020-10-27 13:41:26,504 [IPC Server handler 6 on default port 9862] INFO volume.OMVolumeCreateRequest: created volume:user for user:hadoop
scm_1       | 2020-10-27 13:39:58,430 [IPC Server Responder] INFO ipc.Server: IPC Server Responder: starting
scm_1       | 2020-10-27 13:39:58,452 [IPC Server listener on 9861] INFO ipc.Server: IPC Server listener on 9861: starting
rm_1        | userLimitFactor = 1.0 [= configuredUserLimitFactor ]
nm_1        | 2020-10-27 13:39:41 INFO  RpcServerFactoryPBImpl:173 - Adding protocol org.apache.hadoop.yarn.server.nodemanager.api.LocalizationProtocolPB to the server
datanode_2  | 	at java.base/java.io.FilterInputStream.read(FilterInputStream.java:83)
scm_1       | 2020-10-27 13:39:58,524 [Listener at 0.0.0.0/9860] INFO http.HttpServer2: Jetty bound to port 9876
datanode_3  | 2020-10-27 13:40:03,250 [pool-19-thread-1] INFO server.RaftServerConfigKeys: raft.server.rpc.timeout.min = 5s (custom)
rm_1        | maxApplications = 10000 [= configuredMaximumSystemApplicationsPerQueue or (int)(configuredMaximumSystemApplications * absoluteCapacity)]
nm_1        | 2020-10-27 13:39:41 INFO  Server:1460 - IPC Server Responder: starting
datanode_2  | 	at java.base/java.io.FilterInputStream.read(FilterInputStream.java:83)
scm_1       | 2020-10-27 13:39:58,525 [Listener at 0.0.0.0/9860] INFO server.Server: jetty-9.4.26.v20200117; built: 2020-01-17T12:35:33.676Z; git: 7b38981d25d14afb4a12ff1f2596756144edf695; jvm 11.0.7+10-LTS
datanode_3  | 2020-10-27 13:40:03,253 [pool-19-thread-1] INFO server.RaftServerConfigKeys: raft.server.rpc.timeout.max = 5200ms (custom)
rm_1        | maxApplicationsPerUser = 10000 [= (int)(maxApplications * (userLimit / 100.0f) * userLimitFactor) ]
nm_1        | 2020-10-27 13:39:41 INFO  Server:1298 - IPC Server listener on 8040: starting
datanode_2  | 	at org.apache.hadoop.ipc.Client$Connection$PingInputStream.read(Client.java:567)
scm_1       | 2020-10-27 13:39:58,627 [IPC Server handler 2 on default port 9861] INFO ipc.Server: IPC Server handler 2 on default port 9861: skipped Call#0 Retry#0 org.apache.hadoop.ozone.protocol.StorageContainerDatanodeProtocol.submitRequest from 172.22.0.5:37564
datanode_3  | 2020-10-27 13:40:03,257 [pool-19-thread-1] INFO server.RaftServerConfigKeys: raft.server.rpcslowness.timeout = 300s (custom)
rm_1        | usedCapacity = 0.0 [= usedResourcesMemory / (clusterResourceMemory * absoluteCapacity)]
nm_1        | 2020-10-27 13:39:41 INFO  ResourceLocalizationService:392 - Localizer started on port 8040
datanode_2  | 	at java.base/java.io.DataInputStream.readInt(DataInputStream.java:392)
scm_1       | 2020-10-27 13:39:58,651 [Listener at 0.0.0.0/9860] INFO server.session: DefaultSessionIdManager workerName=node0
datanode_3  | 2020-10-27 13:40:03,264 [pool-19-thread-1] INFO server.RaftServerConfigKeys: raft.server.sleep.deviation.threshold = 300 (default)
rm_1        | absoluteUsedCapacity = 0.0 [= usedResourcesMemory / clusterResourceMemory]
nm_1        | 2020-10-27 13:39:41 INFO  IndexCache:47 - IndexCache created with max memory = 10485760
datanode_2  | 	at org.apache.hadoop.ipc.Client$IpcStreams.readResponse(Client.java:1850)
scm_1       | 2020-10-27 13:39:58,653 [Listener at 0.0.0.0/9860] INFO server.session: No SessionScavenger set, using defaults
datanode_3  | 2020-10-27 13:40:03,274 [pool-19-thread-1] INFO server.RaftServerConfigKeys: raft.server.log.appender.install.snapshot.enabled = false (custom)
rm_1        | maxAMResourcePerQueuePercent = 0.1 [= configuredMaximumAMResourcePercent ]
nm_1        | 2020-10-27 13:39:41 INFO  ShuffleHandler:549 - mapreduce_shuffle listening on port 13562
datanode_2  | 	at org.apache.hadoop.ipc.Client$Connection.receiveRpcResponse(Client.java:1183)
scm_1       | 2020-10-27 13:39:58,658 [Listener at 0.0.0.0/9860] INFO server.session: node0 Scavenging every 600000ms
datanode_3  | 2020-10-27 13:40:03,286 [pool-19-thread-1] INFO impl.RaftServerImpl: 591f182d-75f6-4f60-b78c-ed8ee8a04e8a@group-3AA57C4255D1: ConfigurationManager, init=-1: [591f182d-75f6-4f60-b78c-ed8ee8a04e8a:172.22.0.2:9858:0], old=null, confs=<EMPTY_MAP>
rm_1        | minimumAllocationFactor = 0.875 [= (float)(maximumAllocationMemory - minimumAllocationMemory) / maximumAllocationMemory ]
nm_1        | 2020-10-27 13:39:41 INFO  ContainerManagerImpl:683 - ContainerManager started at nm/172.22.0.8:42063
datanode_2  | 	at org.apache.hadoop.ipc.Client$Connection.run(Client.java:1079)
scm_1       | 2020-10-27 13:39:58,679 [Listener at 0.0.0.0/9860] INFO handler.ContextHandler: Started o.e.j.s.ServletContextHandler@177ede17{logs,/logs,file:///var/log/hadoop/,AVAILABLE}
datanode_3  | 2020-10-27 13:40:03,299 [pool-19-thread-1] INFO server.RaftServerConfigKeys: raft.server.storage.dir = [/data/metadata/ratis] (custom)
rm_1        | maximumAllocation = <memory:8192, vCores:4> [= configuredMaxAllocation ]
nm_1        | 2020-10-27 13:39:41 INFO  ContainerManagerImpl:684 - ContainerManager bound to 0.0.0.0/0.0.0.0:0
datanode_2  | 2020-10-27 13:39:59,202 [EndpointStateMachine task thread for scm/172.22.0.3:9861 - 0 ] INFO ozoneimpl.OzoneContainer: Attempting to start container services.
scm_1       | 2020-10-27 13:39:58,686 [Listener at 0.0.0.0/9860] INFO handler.ContextHandler: Started o.e.j.s.ServletContextHandler@727986ad{static,/static,jar:file:/opt/hadoop/share/ozone/lib/hadoop-hdds-server-scm-1.1.0-SNAPSHOT.jar!/webapps/static,AVAILABLE}
datanode_3  | 2020-10-27 13:40:03,310 [pool-19-thread-1] INFO server.RaftServerConfigKeys: raft.server.log.corruption.policy = EXCEPTION (default)
datanode_3  | 2020-10-27 13:40:03,315 [pool-19-thread-1] INFO storage.RaftStorageDirectory: The storage directory /data/metadata/ratis/45f622c9-eadd-47ad-bf3a-3aa57c4255d1 does not exist. Creating ...
nm_1        | 2020-10-27 13:39:41 WARN  NMLogAggregationStatusTracker:96 - Log Aggregation is disabled.So is the LogAggregationStatusTracker.
datanode_2  | 2020-10-27 13:39:59,208 [EndpointStateMachine task thread for scm/172.22.0.3:9861 - 0 ] INFO ozoneimpl.OzoneContainer: Background container scanner has been disabled.
scm_1       | 2020-10-27 13:39:59,116 [IPC Server handler 1 on default port 9861] WARN ipc.Server: IPC Server handler 1 on default port 9861, call Call#0 Retry#0 org.apache.hadoop.ozone.protocol.StorageContainerDatanodeProtocol.submitRequest from 172.22.0.6:38116: output error
datanode_3  | 2020-10-27 13:40:03,352 [pool-19-thread-1] INFO storage.RaftStorageDirectory: Lock on /data/metadata/ratis/45f622c9-eadd-47ad-bf3a-3aa57c4255d1/in_use.lock acquired by nodename 6@7864ffcaced8
rm_1        | numContainers = 0 [= currentNumContainers ]
nm_1        | 2020-10-27 13:39:41 INFO  WebServer:99 - Instantiating NMWebApp at 0.0.0.0:8042
datanode_2  | 2020-10-27 13:39:59,208 [EndpointStateMachine task thread for scm/172.22.0.3:9861 - 0 ] INFO ratis.XceiverServerRatis: Starting XceiverServerRatis 76485d93-ac32-4f82-8110-e91b437bd4a4 at port 9858
scm_1       | 2020-10-27 13:39:59,178 [IPC Server handler 1 on default port 9861] INFO ipc.Server: IPC Server handler 1 on default port 9861 caught an exception
datanode_3  | 2020-10-27 13:40:03,360 [pool-19-thread-1] INFO storage.RaftStorage: Storage directory /data/metadata/ratis/45f622c9-eadd-47ad-bf3a-3aa57c4255d1 has been successfully formatted.
rm_1        | state = RUNNING [= configuredState ]
nm_1        | 2020-10-27 13:39:41 INFO  log:192 - Logging initialized @10569ms
datanode_2  | 2020-10-27 13:39:59,335 [EndpointStateMachine task thread for scm/172.22.0.3:9861 - 0 ] INFO impl.RaftServerProxy: 76485d93-ac32-4f82-8110-e91b437bd4a4: start RPC server
scm_1       | java.nio.channels.AsynchronousCloseException
datanode_3  | 2020-10-27 13:40:03,364 [pool-19-thread-1] INFO ratis.ContainerStateMachine: group-3AA57C4255D1: The snapshot info is null. Setting the last applied indexto:(t:0, i:~)
rm_1        | acls = SUBMIT_APP:*ADMINISTER_QUEUE:* [= configuredAcls ]
nm_1        | 2020-10-27 13:39:42 INFO  AuthenticationFilter:240 - Unable to initialize FileSignerSecretProvider, falling back to use random secrets.
datanode_2  | 2020-10-27 13:39:59,699 [EndpointStateMachine task thread for scm/172.22.0.3:9861 - 0 ] INFO server.GrpcService: 76485d93-ac32-4f82-8110-e91b437bd4a4: GrpcService started, listening on 0.0.0.0/0.0.0.0:9858
scm_1       | 	at java.base/sun.nio.ch.SocketChannelImpl.write(SocketChannelImpl.java:471)
datanode_3  | 2020-10-27 13:40:03,399 [pool-19-thread-1] INFO server.RaftServerConfigKeys: raft.server.notification.no-leader.timeout = 300s (custom)
rm_1        | nodeLocalityDelay = 40
nm_1        | 2020-10-27 13:39:42 INFO  HttpRequestLog:81 - Http request log for http.requests.nodemanager is not defined
datanode_2  | 2020-10-27 13:40:04,478 [Command processor thread] INFO impl.RaftServerProxy: 76485d93-ac32-4f82-8110-e91b437bd4a4: addNew group-75E5031639EA:[76485d93-ac32-4f82-8110-e91b437bd4a4:172.22.0.5:9858:0] returns group-75E5031639EA:java.util.concurrent.CompletableFuture@11aaf01[Not completed]
scm_1       | 	at org.apache.hadoop.ipc.Server.channelWrite(Server.java:3550)
scm_1       | 	at org.apache.hadoop.ipc.Server.access$1700(Server.java:139)
rm_1        | rackLocalityAdditionalDelay = -1
nm_1        | 2020-10-27 13:39:42 INFO  HttpServer2:990 - Added global filter 'safety' (class=org.apache.hadoop.http.HttpServer2$QuotingInputFilter)
datanode_2  | 2020-10-27 13:40:04,537 [pool-19-thread-1] INFO impl.RaftServerImpl: 76485d93-ac32-4f82-8110-e91b437bd4a4: new RaftServerImpl for group-75E5031639EA:[76485d93-ac32-4f82-8110-e91b437bd4a4:172.22.0.5:9858:0] with ContainerStateMachine:uninitialized
scm_1       | 	at org.apache.hadoop.ipc.Server$Responder.processResponse(Server.java:1620)
datanode_3  | 2020-10-27 13:40:03,413 [pool-19-thread-1] INFO server.RaftServerConfigKeys: raft.server.log.use.memory = false (default)
rm_1        | labels=*,
nm_1        | 2020-10-27 13:39:42 INFO  HttpServer2:963 - Added filter static_user_filter (class=org.apache.hadoop.http.lib.StaticUserWebFilter$StaticUserFilter) to context node
datanode_2  | 2020-10-27 13:40:04,538 [pool-19-thread-1] INFO server.RaftServerConfigKeys: raft.server.rpc.timeout.min = 5s (custom)
scm_1       | 	at org.apache.hadoop.ipc.Server$Responder.doRespond(Server.java:1690)
datanode_3  | 2020-10-27 13:40:03,423 [pool-19-thread-1] INFO server.RaftServerConfigKeys: raft.server.log.purge.gap = 1000000 (custom)
rm_1        | reservationsContinueLooking = true
nm_1        | 2020-10-27 13:39:42 INFO  HttpServer2:973 - Added filter static_user_filter (class=org.apache.hadoop.http.lib.StaticUserWebFilter$StaticUserFilter) to context logs
datanode_2  | 2020-10-27 13:40:04,543 [pool-19-thread-1] INFO server.RaftServerConfigKeys: raft.server.rpc.timeout.max = 5200ms (custom)
scm_1       | 	at org.apache.hadoop.ipc.Server$Connection.sendResponse(Server.java:2785)
datanode_3  | 2020-10-27 13:40:03,463 [pool-19-thread-1] INFO metrics.RatisMetrics: Creating Metrics Registry : ratis.log_worker.591f182d-75f6-4f60-b78c-ed8ee8a04e8a@group-3AA57C4255D1
rm_1        | preemptionDisabled = true
nm_1        | 2020-10-27 13:39:42 INFO  HttpServer2:973 - Added filter static_user_filter (class=org.apache.hadoop.http.lib.StaticUserWebFilter$StaticUserFilter) to context static
datanode_2  | 2020-10-27 13:40:04,545 [pool-19-thread-1] INFO server.RaftServerConfigKeys: raft.server.rpcslowness.timeout = 300s (custom)
scm_1       | 	at org.apache.hadoop.ipc.Server$Connection.access$300(Server.java:1762)
datanode_3  | 2020-10-27 13:40:03,518 [pool-19-thread-1] INFO server.RaftServerConfigKeys: raft.server.log.appender.buffer.byte-limit = 33554432 (custom)
rm_1        | defaultAppPriorityPerQueue = 0
nm_1        | 2020-10-27 13:39:42 INFO  HttpServer2:963 - Added filter authentication (class=org.apache.hadoop.security.authentication.server.AuthenticationFilter) to context node
datanode_2  | 2020-10-27 13:40:04,546 [pool-19-thread-1] INFO server.RaftServerConfigKeys: raft.server.sleep.deviation.threshold = 300 (default)
scm_1       | 	at org.apache.hadoop.ipc.Server$RpcCall.doResponse(Server.java:1081)
datanode_3  | 2020-10-27 13:40:03,542 [pool-19-thread-1] INFO server.RaftServerConfigKeys: raft.server.log.segment.size.max = 1048576 (custom)
rm_1        | priority = 0
nm_1        | 2020-10-27 13:39:42 INFO  HttpServer2:973 - Added filter authentication (class=org.apache.hadoop.security.authentication.server.AuthenticationFilter) to context logs
datanode_2  | 2020-10-27 13:40:04,547 [pool-19-thread-1] INFO server.RaftServerConfigKeys: raft.server.log.appender.install.snapshot.enabled = false (custom)
scm_1       | 	at org.apache.hadoop.ipc.Server$Call.doResponse(Server.java:873)
datanode_3  | 2020-10-27 13:40:03,568 [pool-19-thread-1] INFO server.RaftServerConfigKeys: raft.server.log.segment.cache.num.max = 2 (custom)
rm_1        | maxLifetime = -1 seconds
nm_1        | 2020-10-27 13:39:42 INFO  HttpServer2:973 - Added filter authentication (class=org.apache.hadoop.security.authentication.server.AuthenticationFilter) to context static
datanode_2  | 2020-10-27 13:40:04,589 [pool-19-thread-1] INFO impl.RaftServerImpl: 76485d93-ac32-4f82-8110-e91b437bd4a4@group-75E5031639EA: ConfigurationManager, init=-1: [76485d93-ac32-4f82-8110-e91b437bd4a4:172.22.0.5:9858:0], old=null, confs=<EMPTY_MAP>
scm_1       | 	at org.apache.hadoop.ipc.Server$Call.sendResponse(Server.java:859)
datanode_3  | 2020-10-27 13:40:03,572 [pool-19-thread-1] INFO segmented.SegmentedRaftLogWorker: new 591f182d-75f6-4f60-b78c-ed8ee8a04e8a@group-3AA57C4255D1-SegmentedRaftLogWorker for RaftStorage:Storage Directory /data/metadata/ratis/45f622c9-eadd-47ad-bf3a-3aa57c4255d1
rm_1        | defaultLifetime = -1 seconds
nm_1        | 2020-10-27 13:39:42 INFO  HttpServer2:613 - adding path spec: /node/*
nm_1        | 2020-10-27 13:39:42 INFO  HttpServer2:613 - adding path spec: /ws/*
scm_1       | 	at org.apache.hadoop.ipc.Server$RpcCall.run(Server.java:1016)
datanode_3  | 2020-10-27 13:40:03,573 [pool-19-thread-1] INFO server.RaftServerConfigKeys: raft.server.log.queue.byte-limit = 2147483647 (custom)
nm_1        | 2020-10-27 13:39:44 INFO  WebApps:395 - Registered webapp guice modules
datanode_2  | 2020-10-27 13:40:04,590 [pool-19-thread-1] INFO server.RaftServerConfigKeys: raft.server.storage.dir = [/data/metadata/ratis] (custom)
rm_1        | 2020-10-27 13:39:38 INFO  CapacitySchedulerQueueManager:298 - Initialized queue: default: capacity=1.0, absoluteCapacity=1.0, usedResources=<memory:0, vCores:0>, usedCapacity=0.0, absoluteUsedCapacity=0.0, numApps=0, numContainers=0, effectiveMinResource=<memory:0, vCores:0> , effectiveMaxResource=<memory:0, vCores:0>
scm_1       | 	at org.apache.hadoop.ipc.Server$RpcCall.run(Server.java:927)
datanode_3  | 2020-10-27 13:40:03,573 [pool-19-thread-1] INFO server.RaftServerConfigKeys: raft.server.log.queue.element-limit = 1024 (custom)
nm_1        | 2020-10-27 13:39:44 INFO  HttpServer2:1206 - Jetty bound to port 8042
datanode_2  | 2020-10-27 13:40:04,596 [pool-19-thread-1] INFO server.RaftServerConfigKeys: raft.server.log.corruption.policy = EXCEPTION (default)
rm_1        | 2020-10-27 13:39:38 INFO  CapacitySchedulerQueueManager:298 - Initialized queue: root: numChildQueue= 1, capacity=1.0, absoluteCapacity=1.0, usedResources=<memory:0, vCores:0>usedCapacity=0.0, numApps=0, numContainers=0
scm_1       | 	at java.base/java.security.AccessController.doPrivileged(Native Method)
datanode_3  | 2020-10-27 13:40:03,574 [pool-19-thread-1] INFO server.RaftServerConfigKeys: raft.server.log.segment.size.max = 1048576 (custom)
nm_1        | 2020-10-27 13:39:44 INFO  Server:351 - jetty-9.3.24.v20180605, build timestamp: 2018-06-05T17:11:56Z, git hash: 84205aa28f11a4f31f2a3b86d1bba2cc8ab69827
datanode_2  | 2020-10-27 13:40:04,610 [pool-19-thread-1] INFO storage.RaftStorageDirectory: The storage directory /data/metadata/ratis/f8b73c1f-e2f5-40f6-9041-75e5031639ea does not exist. Creating ...
rm_1        | 2020-10-27 13:39:38 INFO  CapacitySchedulerQueueManager:163 - Initialized root queue root: numChildQueue= 1, capacity=1.0, absoluteCapacity=1.0, usedResources=<memory:0, vCores:0>usedCapacity=0.0, numApps=0, numContainers=0
rm_1        | 2020-10-27 13:39:38 INFO  UserGroupMappingPlacementRule:237 - Initialized queue mappings, override: false
datanode_3  | 2020-10-27 13:40:03,574 [pool-19-thread-1] INFO server.RaftServerConfigKeys: raft.server.log.preallocated.size = 16384 (custom)
nm_1        | 2020-10-27 13:39:44 INFO  AuthenticationFilter:240 - Unable to initialize FileSignerSecretProvider, falling back to use random secrets.
datanode_2  | 2020-10-27 13:40:04,634 [pool-19-thread-1] INFO storage.RaftStorageDirectory: Lock on /data/metadata/ratis/f8b73c1f-e2f5-40f6-9041-75e5031639ea/in_use.lock acquired by nodename 6@a6e53fb22ba4
rm_1        | 2020-10-27 13:39:38 INFO  MultiNodeSortingManager:104 - MultiNode scheduling is 'false', and configured policies are 
scm_1       | 	at java.base/javax.security.auth.Subject.doAs(Subject.java:423)
datanode_3  | 2020-10-27 13:40:03,575 [pool-19-thread-1] INFO server.RaftServerConfigKeys: raft.server.log.write.buffer.size = 1048576 (custom)
nm_1        | 2020-10-27 13:39:44 INFO  ContextHandler:781 - Started o.e.j.s.ServletContextHandler@70efb718{/logs,file:///opt/hadoop/logs/,AVAILABLE}
datanode_2  | 2020-10-27 13:40:04,643 [pool-19-thread-1] INFO storage.RaftStorage: Storage directory /data/metadata/ratis/f8b73c1f-e2f5-40f6-9041-75e5031639ea has been successfully formatted.
rm_1        | 2020-10-27 13:39:38 INFO  CapacityScheduler:408 - Initialized CapacityScheduler with calculator=class org.apache.hadoop.yarn.util.resource.DefaultResourceCalculator, minimumAllocation=<<memory:1024, vCores:1>>, maximumAllocation=<<memory:8192, vCores:4>>, asynchronousScheduling=false, asyncScheduleInterval=5ms,multiNodePlacementEnabled=false
scm_1       | 	at org.apache.hadoop.security.UserGroupInformation.doAs(UserGroupInformation.java:1730)
datanode_3  | 2020-10-27 13:40:03,575 [pool-19-thread-1] INFO server.RaftServerConfigKeys: raft.server.log.force.sync.num = 128 (default)
nm_1        | 2020-10-27 13:39:44 INFO  ContextHandler:781 - Started o.e.j.s.ServletContextHandler@435fb7b5{/static,jar:file:/opt/hadoop/share/hadoop/yarn/hadoop-yarn-common-3.2.1.jar!/webapps/static,AVAILABLE}
datanode_2  | 2020-10-27 13:40:04,662 [pool-19-thread-1] INFO ratis.ContainerStateMachine: group-75E5031639EA: The snapshot info is null. Setting the last applied indexto:(t:0, i:~)
rm_1        | 2020-10-27 13:39:38 INFO  Configuration:2795 - dynamic-resources.xml not found
scm_1       | 	at org.apache.hadoop.ipc.Server$Handler.run(Server.java:2915)
datanode_3  | 2020-10-27 13:40:03,577 [pool-19-thread-1] INFO server.RaftServerConfigKeys: raft.server.log.statemachine.data.sync = true (default)
nm_1        | Oct 27, 2020 1:39:46 PM com.sun.jersey.guice.spi.container.GuiceComponentProviderFactory register
datanode_2  | 2020-10-27 13:40:04,662 [pool-19-thread-1] INFO server.RaftServerConfigKeys: raft.server.notification.no-leader.timeout = 300s (custom)
rm_1        | 2020-10-27 13:39:39 INFO  AMSProcessingChain:62 - Initializing AMS Processing chain. Root Processor=[org.apache.hadoop.yarn.server.resourcemanager.DefaultAMSProcessor].
scm_1       | 2020-10-27 13:39:59,197 [Listener at 0.0.0.0/9860] INFO handler.ContextHandler: Started o.e.j.w.WebAppContext@61dd1c3d{scm,/,file:///tmp/jetty-0_0_0_0-9876-hadoop-hdds-server-scm-1_1_0-SNAPSHOT_jar-_-any-4731480857682562790.dir/webapp/,AVAILABLE}{jar:file:/opt/hadoop/share/ozone/lib/hadoop-hdds-server-scm-1.1.0-SNAPSHOT.jar!/webapps/scm}
datanode_3  | 2020-10-27 13:40:03,577 [pool-19-thread-1] INFO server.RaftServerConfigKeys: raft.server.log.statemachine.data.sync.timeout = 10s (default)
nm_1        | INFO: Registering org.apache.hadoop.yarn.server.nodemanager.webapp.NMWebServices as a root resource class
datanode_2  | 2020-10-27 13:40:04,672 [pool-19-thread-1] INFO server.RaftServerConfigKeys: raft.server.log.use.memory = false (default)
rm_1        | 2020-10-27 13:39:39 INFO  ApplicationMasterService:132 - disabled placement handler will be used, all scheduling requests will be rejected.
scm_1       | 2020-10-27 13:39:59,257 [Listener at 0.0.0.0/9860] INFO server.AbstractConnector: Started ServerConnector@47a3d56a{HTTP/1.1,[http/1.1]}{0.0.0.0:9876}
datanode_3  | 2020-10-27 13:40:03,577 [pool-19-thread-1] INFO server.RaftServerConfigKeys: raft.server.log.statemachine.data.sync.timeout.retry = -1 (default)
nm_1        | Oct 27, 2020 1:39:46 PM com.sun.jersey.guice.spi.container.GuiceComponentProviderFactory register
datanode_2  | 2020-10-27 13:40:04,683 [pool-19-thread-1] INFO server.RaftServerConfigKeys: raft.server.log.purge.gap = 1000000 (custom)
rm_1        | 2020-10-27 13:39:39 INFO  AMSProcessingChain:75 - Adding [org.apache.hadoop.yarn.server.resourcemanager.scheduler.constraint.processor.DisabledPlacementProcessor] tp top of AMS Processing chain. 
scm_1       | 2020-10-27 13:39:59,261 [Listener at 0.0.0.0/9860] INFO server.Server: Started @17249ms
datanode_3  | 2020-10-27 13:40:03,597 [pool-19-thread-1] INFO server.RaftServerConfigKeys: raft.server.log.statemachine.data.caching.enabled = true (custom)
nm_1        | INFO: Registering org.apache.hadoop.yarn.webapp.GenericExceptionHandler as a provider class
datanode_2  | 2020-10-27 13:40:04,694 [pool-19-thread-1] INFO metrics.RatisMetrics: Creating Metrics Registry : ratis.log_worker.76485d93-ac32-4f82-8110-e91b437bd4a4@group-75E5031639EA
rm_1        | 2020-10-27 13:39:39 INFO  ResourceManager:580 - TimelineServicePublisher is not configured
rm_1        | 2020-10-27 13:39:39 INFO  log:192 - Logging initialized @8088ms
datanode_3  | 2020-10-27 13:40:03,621 [pool-19-thread-1] INFO segmented.SegmentedRaftLogWorker: 591f182d-75f6-4f60-b78c-ed8ee8a04e8a@group-3AA57C4255D1-SegmentedRaftLogWorker: flushIndex: setUnconditionally 0 -> -1
nm_1        | Oct 27, 2020 1:39:46 PM com.sun.jersey.guice.spi.container.GuiceComponentProviderFactory register
rm_1        | 2020-10-27 13:39:39 INFO  AuthenticationFilter:240 - Unable to initialize FileSignerSecretProvider, falling back to use random secrets.
scm_1       | 2020-10-27 13:39:59,345 [Listener at 0.0.0.0/9860] INFO impl.MetricsSinkAdapter: Sink prometheus started
datanode_2  | 2020-10-27 13:40:04,738 [pool-19-thread-1] INFO server.RaftServerConfigKeys: raft.server.log.appender.buffer.byte-limit = 33554432 (custom)
datanode_3  | 2020-10-27 13:40:03,622 [pool-19-thread-1] INFO segmented.SegmentedRaftLogWorker: 591f182d-75f6-4f60-b78c-ed8ee8a04e8a@group-3AA57C4255D1-SegmentedRaftLogWorker: safeCacheEvictIndex: setUnconditionally 0 -> -1
nm_1        | INFO: Registering org.apache.hadoop.yarn.server.nodemanager.webapp.JAXBContextResolver as a provider class
rm_1        | 2020-10-27 13:39:39 INFO  HttpRequestLog:81 - Http request log for http.requests.resourcemanager is not defined
scm_1       | 2020-10-27 13:39:59,346 [Listener at 0.0.0.0/9860] INFO impl.MetricsSystemImpl: Registered sink prometheus
datanode_2  | 2020-10-27 13:40:04,740 [pool-19-thread-1] INFO server.RaftServerConfigKeys: raft.server.log.segment.size.max = 1048576 (custom)
datanode_3  | 2020-10-27 13:40:03,639 [pool-19-thread-1] INFO server.RaftServerConfigKeys: raft.server.snapshot.auto.trigger.enabled = true (custom)
nm_1        | Oct 27, 2020 1:39:46 PM com.sun.jersey.server.impl.application.WebApplicationImpl _initiate
rm_1        | 2020-10-27 13:39:39 INFO  HttpServer2:990 - Added global filter 'safety' (class=org.apache.hadoop.http.HttpServer2$QuotingInputFilter)
scm_1       | 2020-10-27 13:39:59,363 [Listener at 0.0.0.0/9860] INFO http.BaseHttpServer: HTTP server of scm listening at http://0.0.0.0:9876
datanode_2  | 2020-10-27 13:40:04,774 [pool-19-thread-1] INFO server.RaftServerConfigKeys: raft.server.log.segment.cache.num.max = 2 (custom)
datanode_3  | 2020-10-27 13:40:03,642 [pool-19-thread-1] INFO server.RaftServerConfigKeys: raft.server.snapshot.auto.trigger.threshold = 10000 (custom)
nm_1        | INFO: Initiating Jersey application, version 'Jersey: 1.19 02/11/2015 03:25 AM'
rm_1        | 2020-10-27 13:39:39 INFO  HttpServer2:963 - Added filter RMAuthenticationFilter (class=org.apache.hadoop.yarn.server.security.http.RMAuthenticationFilter) to context cluster
scm_1       | 2020-10-27 13:39:59,552 [org.apache.hadoop.util.JvmPauseMonitor$Monitor@101c15ad] INFO util.JvmPauseMonitor: Starting JVM pause monitor
datanode_2  | 2020-10-27 13:40:04,780 [pool-19-thread-1] INFO segmented.SegmentedRaftLogWorker: new 76485d93-ac32-4f82-8110-e91b437bd4a4@group-75E5031639EA-SegmentedRaftLogWorker for RaftStorage:Storage Directory /data/metadata/ratis/f8b73c1f-e2f5-40f6-9041-75e5031639ea
datanode_3  | 2020-10-27 13:40:03,643 [pool-19-thread-1] INFO server.RaftServerConfigKeys: raft.server.snapshot.retention.file.num = 5 (custom)
nm_1        | Oct 27, 2020 1:39:46 PM com.sun.jersey.guice.spi.container.GuiceComponentProviderFactory getComponentProvider
rm_1        | 2020-10-27 13:39:39 INFO  HttpServer2:973 - Added filter RMAuthenticationFilter (class=org.apache.hadoop.yarn.server.security.http.RMAuthenticationFilter) to context logs
scm_1       | 2020-10-27 13:40:00,174 [IPC Server handler 0 on default port 9861] INFO net.NetworkTopologyImpl: Added a new node: /default-rack/591f182d-75f6-4f60-b78c-ed8ee8a04e8a
datanode_2  | 2020-10-27 13:40:04,801 [pool-19-thread-1] INFO server.RaftServerConfigKeys: raft.server.log.queue.byte-limit = 2147483647 (custom)
nm_1        | INFO: Binding org.apache.hadoop.yarn.server.nodemanager.webapp.JAXBContextResolver to GuiceManagedComponentProvider with the scope "Singleton"
datanode_3  | 2020-10-27 13:40:03,648 [pool-19-thread-1] INFO server.RaftServerConfigKeys: raft.server.log.purge.upto.snapshot.index = false (default)
rm_1        | 2020-10-27 13:39:39 INFO  HttpServer2:973 - Added filter RMAuthenticationFilter (class=org.apache.hadoop.yarn.server.security.http.RMAuthenticationFilter) to context static
scm_1       | 2020-10-27 13:40:00,179 [IPC Server handler 0 on default port 9861] INFO node.SCMNodeManager: Registered Data node : 591f182d-75f6-4f60-b78c-ed8ee8a04e8a{ip: 172.22.0.2, host: hadoop32_datanode_3.hadoop32_default, networkLocation: /default-rack, certSerialId: null}
datanode_2  | 2020-10-27 13:40:04,804 [pool-19-thread-1] INFO server.RaftServerConfigKeys: raft.server.log.queue.element-limit = 1024 (custom)
nm_1        | Oct 27, 2020 1:39:48 PM com.sun.jersey.guice.spi.container.GuiceComponentProviderFactory getComponentProvider
datanode_3  | 2020-10-27 13:40:03,649 [pool-19-thread-1] INFO server.RaftServerConfigKeys: raft.server.retrycache.expirytime = 600000ms (custom)
rm_1        | 2020-10-27 13:39:39 INFO  HttpServer2:963 - Added filter static_user_filter (class=org.apache.hadoop.http.lib.StaticUserWebFilter$StaticUserFilter) to context cluster
scm_1       | 2020-10-27 13:40:00,211 [EventQueue-NodeRegistrationContainerReportForDataNodeSafeModeRule] INFO safemode.SCMSafeModeManager: SCM in safe mode. 1 DataNodes registered, 3 required.
datanode_2  | 2020-10-27 13:40:04,805 [pool-19-thread-1] INFO server.RaftServerConfigKeys: raft.server.log.segment.size.max = 1048576 (custom)
nm_1        | INFO: Binding org.apache.hadoop.yarn.webapp.GenericExceptionHandler to GuiceManagedComponentProvider with the scope "Singleton"
datanode_3  | 2020-10-27 13:40:03,700 [pool-19-thread-1] INFO metrics.RatisMetrics: Creating Metrics Registry : ratis.leader_election.591f182d-75f6-4f60-b78c-ed8ee8a04e8a@group-3AA57C4255D1
rm_1        | 2020-10-27 13:39:39 INFO  HttpServer2:973 - Added filter static_user_filter (class=org.apache.hadoop.http.lib.StaticUserWebFilter$StaticUserFilter) to context logs
scm_1       | 2020-10-27 13:40:00,230 [EventQueue-NodeRegistrationContainerReportForContainerSafeModeRule] INFO safemode.SCMSafeModeManager: ContainerSafeModeRule rule is successfully validated
datanode_2  | 2020-10-27 13:40:04,817 [pool-19-thread-1] INFO server.RaftServerConfigKeys: raft.server.log.preallocated.size = 16384 (custom)
nm_1        | Oct 27, 2020 1:39:50 PM com.sun.jersey.guice.spi.container.GuiceComponentProviderFactory getComponentProvider
datanode_3  | 2020-10-27 13:40:03,712 [pool-19-thread-1] INFO metrics.RatisMetrics: Creating Metrics Registry : ratis.server.591f182d-75f6-4f60-b78c-ed8ee8a04e8a@group-3AA57C4255D1
rm_1        | 2020-10-27 13:39:39 INFO  HttpServer2:973 - Added filter static_user_filter (class=org.apache.hadoop.http.lib.StaticUserWebFilter$StaticUserFilter) to context static
scm_1       | 2020-10-27 13:40:00,350 [RatisPipelineUtilsThread] INFO pipeline.RatisPipelineProvider: Sending CreatePipelineCommand for pipeline:PipelineID=45f622c9-eadd-47ad-bf3a-3aa57c4255d1 to datanode:591f182d-75f6-4f60-b78c-ed8ee8a04e8a
datanode_2  | 2020-10-27 13:40:04,818 [pool-19-thread-1] INFO server.RaftServerConfigKeys: raft.server.log.write.buffer.size = 1048576 (custom)
nm_1        | INFO: Binding org.apache.hadoop.yarn.server.nodemanager.webapp.NMWebServices to GuiceManagedComponentProvider with the scope "Singleton"
datanode_3  | 2020-10-27 13:40:03,729 [pool-19-thread-1] INFO impl.RaftServerImpl: 591f182d-75f6-4f60-b78c-ed8ee8a04e8a@group-3AA57C4255D1: start as a follower, conf=-1: [591f182d-75f6-4f60-b78c-ed8ee8a04e8a:172.22.0.2:9858:0], old=null
rm_1        | 2020-10-27 13:39:39 INFO  HttpServer2:613 - adding path spec: /cluster/*
scm_1       | 2020-10-27 13:40:00,427 [RatisPipelineUtilsThread] INFO pipeline.PipelineStateManager: Created pipeline Pipeline[ Id: 45f622c9-eadd-47ad-bf3a-3aa57c4255d1, Nodes: 591f182d-75f6-4f60-b78c-ed8ee8a04e8a{ip: 172.22.0.2, host: hadoop32_datanode_3.hadoop32_default, networkLocation: /default-rack, certSerialId: null}, Type:RATIS, Factor:ONE, State:ALLOCATED, leaderId:, CreationTimestamp2020-10-27T13:40:00.296647Z]
datanode_2  | 2020-10-27 13:40:04,820 [pool-19-thread-1] INFO server.RaftServerConfigKeys: raft.server.log.force.sync.num = 128 (default)
nm_1        | 2020-10-27 13:39:51 INFO  ContextHandler:781 - Started o.e.j.w.WebAppContext@670ce331{/,file:///tmp/jetty-0.0.0.0-8042-node-_-any-3198243454320667444.dir/webapp/,AVAILABLE}{/node}
datanode_3  | 2020-10-27 13:40:03,730 [pool-19-thread-1] INFO impl.RaftServerImpl: 591f182d-75f6-4f60-b78c-ed8ee8a04e8a@group-3AA57C4255D1: changes role from      null to FOLLOWER at term 0 for startAsFollower
rm_1        | 2020-10-27 13:39:39 INFO  HttpServer2:613 - adding path spec: /ws/*
scm_1       | 2020-10-27 13:40:00,899 [IPC Server handler 3 on default port 9861] INFO net.NetworkTopologyImpl: Added a new node: /default-rack/c83883fe-9a34-4774-b247-bfc9542846f4
datanode_2  | 2020-10-27 13:40:04,821 [pool-19-thread-1] INFO server.RaftServerConfigKeys: raft.server.log.statemachine.data.sync = true (default)
nm_1        | 2020-10-27 13:39:51 INFO  AbstractConnector:278 - Started ServerConnector@4bce23a2{HTTP/1.1,[http/1.1]}{0.0.0.0:8042}
datanode_3  | 2020-10-27 13:40:03,733 [pool-19-thread-1] INFO impl.RoleInfo: 591f182d-75f6-4f60-b78c-ed8ee8a04e8a: start FollowerState
rm_1        | 2020-10-27 13:39:39 INFO  HttpServer2:613 - adding path spec: /app/*
scm_1       | 2020-10-27 13:40:00,900 [IPC Server handler 3 on default port 9861] INFO node.SCMNodeManager: Registered Data node : c83883fe-9a34-4774-b247-bfc9542846f4{ip: 172.22.0.6, host: hadoop32_datanode_1.hadoop32_default, networkLocation: /default-rack, certSerialId: null}
datanode_2  | 2020-10-27 13:40:04,821 [pool-19-thread-1] INFO server.RaftServerConfigKeys: raft.server.log.statemachine.data.sync.timeout = 10s (default)
datanode_2  | 2020-10-27 13:40:04,824 [pool-19-thread-1] INFO server.RaftServerConfigKeys: raft.server.log.statemachine.data.sync.timeout.retry = -1 (default)
datanode_3  | 2020-10-27 13:40:03,749 [pool-19-thread-1] INFO util.JmxRegister: Successfully registered JMX Bean with object name Ratis:service=RaftServer,group=group-3AA57C4255D1,id=591f182d-75f6-4f60-b78c-ed8ee8a04e8a
rm_1        | 2020-10-27 13:39:42 INFO  WebApps:395 - Registered webapp guice modules
scm_1       | 2020-10-27 13:40:00,902 [RatisPipelineUtilsThread] INFO pipeline.RatisPipelineProvider: Sending CreatePipelineCommand for pipeline:PipelineID=4a0b65c2-29c8-40fe-8b38-f5b654478eb0 to datanode:c83883fe-9a34-4774-b247-bfc9542846f4
datanode_2  | 2020-10-27 13:40:04,883 [pool-19-thread-1] INFO server.RaftServerConfigKeys: raft.server.log.statemachine.data.caching.enabled = true (custom)
nm_1        | 2020-10-27 13:39:51 INFO  Server:419 - Started @20070ms
datanode_3  | 2020-10-27 13:40:03,752 [pool-19-thread-1] INFO metrics.RatisMetrics: Creating Metrics Registry : ratis.state_machine.591f182d-75f6-4f60-b78c-ed8ee8a04e8a@group-3AA57C4255D1
rm_1        | 2020-10-27 13:39:42 INFO  HttpServer2:1206 - Jetty bound to port 8088
scm_1       | 2020-10-27 13:40:00,903 [RatisPipelineUtilsThread] INFO pipeline.PipelineStateManager: Created pipeline Pipeline[ Id: 4a0b65c2-29c8-40fe-8b38-f5b654478eb0, Nodes: c83883fe-9a34-4774-b247-bfc9542846f4{ip: 172.22.0.6, host: hadoop32_datanode_1.hadoop32_default, networkLocation: /default-rack, certSerialId: null}, Type:RATIS, Factor:ONE, State:ALLOCATED, leaderId:, CreationTimestamp2020-10-27T13:40:00.902684Z]
datanode_2  | 2020-10-27 13:40:04,921 [pool-19-thread-1] INFO segmented.SegmentedRaftLogWorker: 76485d93-ac32-4f82-8110-e91b437bd4a4@group-75E5031639EA-SegmentedRaftLogWorker: flushIndex: setUnconditionally 0 -> -1
nm_1        | 2020-10-27 13:39:51 INFO  WebApps:440 - Web app node started at 8042
datanode_3  | 2020-10-27 13:40:03,800 [Command processor thread] INFO commandhandler.CreatePipelineCommandHandler: Created Pipeline RATIS ONE #id: "45f622c9-eadd-47ad-bf3a-3aa57c4255d1"
rm_1        | 2020-10-27 13:39:42 INFO  Server:351 - jetty-9.3.24.v20180605, build timestamp: 2018-06-05T17:11:56Z, git hash: 84205aa28f11a4f31f2a3b86d1bba2cc8ab69827
scm_1       | 2020-10-27 13:40:00,904 [EventQueue-NodeRegistrationContainerReportForContainerSafeModeRule] INFO safemode.SCMSafeModeManager: ContainerSafeModeRule rule is successfully validated
datanode_2  | 2020-10-27 13:40:04,921 [pool-19-thread-1] INFO segmented.SegmentedRaftLogWorker: 76485d93-ac32-4f82-8110-e91b437bd4a4@group-75E5031639EA-SegmentedRaftLogWorker: safeCacheEvictIndex: setUnconditionally 0 -> -1
nm_1        | 2020-10-27 13:39:51 INFO  NodeStatusUpdaterImpl:265 - Node ID assigned is : nm:42063
datanode_3  | uuid128 {
rm_1        | 2020-10-27 13:39:42 INFO  AuthenticationFilter:240 - Unable to initialize FileSignerSecretProvider, falling back to use random secrets.
scm_1       | 2020-10-27 13:40:00,904 [EventQueue-NodeRegistrationContainerReportForDataNodeSafeModeRule] INFO safemode.SCMSafeModeManager: SCM in safe mode. 2 DataNodes registered, 3 required.
datanode_2  | 2020-10-27 13:40:04,925 [pool-19-thread-1] INFO server.RaftServerConfigKeys: raft.server.snapshot.auto.trigger.enabled = true (custom)
nm_1        | 2020-10-27 13:39:51 INFO  RMProxy:133 - Connecting to ResourceManager at rm/172.22.0.9:8031
datanode_3  |   mostSigBits: 5041255083511990189
rm_1        | 2020-10-27 13:39:42 INFO  AbstractDelegationTokenSecretManager:347 - Updating the current master key for generating delegation tokens
scm_1       | 2020-10-27 13:40:01,487 [IPC Server handler 54 on default port 9861] INFO net.NetworkTopologyImpl: Added a new node: /default-rack/76485d93-ac32-4f82-8110-e91b437bd4a4
datanode_2  | 2020-10-27 13:40:04,971 [pool-19-thread-1] INFO server.RaftServerConfigKeys: raft.server.snapshot.auto.trigger.threshold = 10000 (custom)
nm_1        | 2020-10-27 13:39:51 INFO  JvmPauseMonitor:188 - Starting JVM pause monitor
datanode_3  |   leastSigBits: -4667353581387360815
rm_1        | 2020-10-27 13:39:42 INFO  AbstractDelegationTokenSecretManager:679 - Starting expired delegation token remover thread, tokenRemoverScanInterval=60 min(s)
scm_1       | 2020-10-27 13:40:01,487 [IPC Server handler 54 on default port 9861] INFO node.SCMNodeManager: Registered Data node : 76485d93-ac32-4f82-8110-e91b437bd4a4{ip: 172.22.0.5, host: hadoop32_datanode_2.hadoop32_default, networkLocation: /default-rack, certSerialId: null}
datanode_2  | 2020-10-27 13:40:04,973 [pool-19-thread-1] INFO server.RaftServerConfigKeys: raft.server.snapshot.retention.file.num = 5 (custom)
nm_1        | 2020-10-27 13:39:51 INFO  NodeStatusUpdaterImpl:666 - Sending out 0 NM container statuses: []
datanode_3  | }
rm_1        | 2020-10-27 13:39:42 INFO  AbstractDelegationTokenSecretManager:347 - Updating the current master key for generating delegation tokens
datanode_2  | 2020-10-27 13:40:04,974 [pool-19-thread-1] INFO server.RaftServerConfigKeys: raft.server.log.purge.upto.snapshot.index = false (default)
scm_1       | 2020-10-27 13:40:01,488 [EventQueue-NodeRegistrationContainerReportForContainerSafeModeRule] INFO safemode.SCMSafeModeManager: ContainerSafeModeRule rule is successfully validated
nm_1        | 2020-10-27 13:39:51 INFO  NodeStatusUpdaterImpl:399 - Registering with RM using containers :[]
datanode_3  | .
rm_1        | 2020-10-27 13:39:43 INFO  ContextHandler:781 - Started o.e.j.s.ServletContextHandler@f14a7d4{/logs,file:///opt/hadoop/logs/,AVAILABLE}
datanode_2  | 2020-10-27 13:40:04,982 [pool-19-thread-1] INFO server.RaftServerConfigKeys: raft.server.retrycache.expirytime = 600000ms (custom)
scm_1       | 2020-10-27 13:40:01,488 [EventQueue-NodeRegistrationContainerReportForDataNodeSafeModeRule] INFO safemode.SCMSafeModeManager: SCM in safe mode. 3 DataNodes registered, 3 required.
nm_1        | 2020-10-27 13:39:52 INFO  Client:958 - Retrying connect to server: rm/172.22.0.9:8031. Already tried 0 time(s); retry policy is RetryUpToMaximumCountWithFixedSleep(maxRetries=10, sleepTime=1000 MILLISECONDS)
datanode_3  | 2020-10-27 13:40:03,801 [Command processor thread] INFO impl.RaftServerProxy: 591f182d-75f6-4f60-b78c-ed8ee8a04e8a: addNew group-2791F2A1A4C6:[c83883fe-9a34-4774-b247-bfc9542846f4:172.22.0.6:9858:0, 591f182d-75f6-4f60-b78c-ed8ee8a04e8a:172.22.0.2:9858:0, 76485d93-ac32-4f82-8110-e91b437bd4a4:172.22.0.5:9858:0] returns group-2791F2A1A4C6:java.util.concurrent.CompletableFuture@7572da2a[Not completed]
rm_1        | 2020-10-27 13:39:43 INFO  ContextHandler:781 - Started o.e.j.s.ServletContextHandler@2d9caaeb{/static,jar:file:/opt/hadoop/share/hadoop/yarn/hadoop-yarn-common-3.2.1.jar!/webapps/static,AVAILABLE}
datanode_2  | 2020-10-27 13:40:05,099 [pool-19-thread-1] INFO metrics.RatisMetrics: Creating Metrics Registry : ratis.leader_election.76485d93-ac32-4f82-8110-e91b437bd4a4@group-75E5031639EA
scm_1       | 2020-10-27 13:40:01,490 [EventQueue-NodeRegistrationContainerReportForDataNodeSafeModeRule] INFO safemode.SCMSafeModeManager: DataNodeSafeModeRule rule is successfully validated
nm_1        | 2020-10-27 13:39:54 INFO  NMContainerTokenSecretManager:143 - Rolling master-key for container-tokens, got key with id 1656588451
datanode_3  | 2020-10-27 13:40:03,803 [pool-19-thread-1] INFO impl.RaftServerImpl: 591f182d-75f6-4f60-b78c-ed8ee8a04e8a: new RaftServerImpl for group-2791F2A1A4C6:[c83883fe-9a34-4774-b247-bfc9542846f4:172.22.0.6:9858:0, 591f182d-75f6-4f60-b78c-ed8ee8a04e8a:172.22.0.2:9858:0, 76485d93-ac32-4f82-8110-e91b437bd4a4:172.22.0.5:9858:0] with ContainerStateMachine:uninitialized
rm_1        | Oct 27, 2020 1:39:44 PM com.sun.jersey.guice.spi.container.GuiceComponentProviderFactory register
datanode_2  | 2020-10-27 13:40:05,114 [pool-19-thread-1] INFO metrics.RatisMetrics: Creating Metrics Registry : ratis.server.76485d93-ac32-4f82-8110-e91b437bd4a4@group-75E5031639EA
scm_1       | 2020-10-27 13:40:01,490 [EventQueue-NodeRegistrationContainerReportForDataNodeSafeModeRule] INFO safemode.SCMSafeModeManager: All SCM safe mode pre check rules have passed
nm_1        | 2020-10-27 13:39:54 INFO  NMTokenSecretManagerInNM:143 - Rolling master-key for container-tokens, got key with id -1050856592
datanode_3  | 2020-10-27 13:40:03,803 [pool-19-thread-1] INFO server.RaftServerConfigKeys: raft.server.rpc.timeout.min = 5s (custom)
datanode_3  | 2020-10-27 13:40:03,804 [pool-19-thread-1] INFO server.RaftServerConfigKeys: raft.server.rpc.timeout.max = 5200ms (custom)
datanode_2  | 2020-10-27 13:40:05,124 [pool-19-thread-1] INFO impl.RaftServerImpl: 76485d93-ac32-4f82-8110-e91b437bd4a4@group-75E5031639EA: start as a follower, conf=-1: [76485d93-ac32-4f82-8110-e91b437bd4a4:172.22.0.5:9858:0], old=null
scm_1       | 2020-10-27 13:40:01,491 [RatisPipelineUtilsThread] INFO pipeline.RatisPipelineProvider: Sending CreatePipelineCommand for pipeline:PipelineID=f8b73c1f-e2f5-40f6-9041-75e5031639ea to datanode:76485d93-ac32-4f82-8110-e91b437bd4a4
nm_1        | 2020-10-27 13:39:54 INFO  NodeStatusUpdaterImpl:485 - Registered with ResourceManager as nm:42063 with total resource of <memory:8192, vCores:8>
datanode_3  | 2020-10-27 13:40:03,804 [pool-19-thread-1] INFO server.RaftServerConfigKeys: raft.server.rpcslowness.timeout = 300s (custom)
rm_1        | INFO: Registering org.apache.hadoop.yarn.server.resourcemanager.webapp.JAXBContextResolver as a provider class
datanode_2  | 2020-10-27 13:40:05,127 [pool-19-thread-1] INFO impl.RaftServerImpl: 76485d93-ac32-4f82-8110-e91b437bd4a4@group-75E5031639EA: changes role from      null to FOLLOWER at term 0 for startAsFollower
scm_1       | 2020-10-27 13:40:01,491 [RatisPipelineUtilsThread] INFO pipeline.PipelineStateManager: Created pipeline Pipeline[ Id: f8b73c1f-e2f5-40f6-9041-75e5031639ea, Nodes: 76485d93-ac32-4f82-8110-e91b437bd4a4{ip: 172.22.0.5, host: hadoop32_datanode_2.hadoop32_default, networkLocation: /default-rack, certSerialId: null}, Type:RATIS, Factor:ONE, State:ALLOCATED, leaderId:, CreationTimestamp2020-10-27T13:40:01.491053Z]
