om1_1       | 	at org.apache.hadoop.ozone.protocolPB.OzoneManagerProtocolServerSideTranslatorPB.submitRequest(OzoneManagerProtocolServerSideTranslatorPB.java:113)
recon_1     | Caused by: ERROR XBM0H: Directory /opt/hadoop/${ozone.recon.db.dir}/ozone_recon_derby.db cannot be created.
om2_1       | 	at org.apache.hadoop.ozone.protocolPB.OzoneManagerProtocolServerSideTranslatorPB.submitReadRequestToOM(OzoneManagerProtocolServerSideTranslatorPB.java:186)
om3_1       | 2020-10-30 23:31:03,876 [main] INFO codec.RepeatedOmKeyInfoCodec: RepeatedOmKeyInfoCodec ignorePipeline = true
scm_1       | 2020-10-30 23:30:59,005 [Listener at 0.0.0.0/9860] INFO util.log: Logging initialized @8953ms to org.eclipse.jetty.util.log.Slf4jLog
om1_1       | 	at org.apache.hadoop.ozone.protocol.proto.OzoneManagerProtocolProtos$OzoneManagerService$2.callBlockingMethod(OzoneManagerProtocolProtos.java)
recon_1     | 	at org.apache.derby.iapi.error.StandardException.newException(Unknown Source)
om2_1       | 	at org.apache.hadoop.ozone.protocolPB.OzoneManagerProtocolServerSideTranslatorPB.processRequest(OzoneManagerProtocolServerSideTranslatorPB.java:123)
om3_1       | 2020-10-30 23:31:04,843 [main] INFO om.OzoneManager: Created Volume s3v With Owner hadoop required for S3Gateway operations.
scm_1       | 2020-10-30 23:30:59,080 [Listener at 0.0.0.0/9860] INFO server.AuthenticationFilter: Unable to initialize FileSignerSecretProvider, falling back to use random secrets.
om1_1       | 	at org.apache.hadoop.ipc.ProtobufRpcEngine$Server$ProtoBufRpcInvoker.call(ProtobufRpcEngine.java:528)
recon_1     | 	at org.apache.derby.iapi.error.StandardException.newException(Unknown Source)
om2_1       | 	at org.apache.hadoop.hdds.server.OzoneProtocolMessageDispatcher.processRequest(OzoneProtocolMessageDispatcher.java:87)
om3_1       | 2020-10-30 23:31:04,892 [main] INFO metrics.MetricRegistries: Loaded MetricRegistries class org.apache.ratis.metrics.impl.MetricRegistriesImpl
scm_1       | 2020-10-30 23:30:59,091 [Listener at 0.0.0.0/9860] INFO http.HttpRequestLog: Http request log for http.requests.scm is not defined
om1_1       | 	at org.apache.hadoop.ipc.RPC$Server.call(RPC.java:1070)
recon_1     | 	at org.apache.derby.impl.services.monitor.StorageFactoryService$10.run(Unknown Source)
om2_1       | 	at org.apache.hadoop.ozone.protocolPB.OzoneManagerProtocolServerSideTranslatorPB.submitRequest(OzoneManagerProtocolServerSideTranslatorPB.java:113)
om3_1       | 2020-10-30 23:31:05,290 [main] WARN server.ServerUtils: Storage directory for Ratis is not configured. It is a good idea to map this to an SSD disk. Falling back to ozone.metadata.dirs
scm_1       | 2020-10-30 23:30:59,095 [Listener at 0.0.0.0/9860] INFO http.HttpServer2: Added global filter 'safety' (class=org.apache.hadoop.hdds.server.http.HttpServer2$QuotingInputFilter)
om1_1       | 	at org.apache.hadoop.ipc.Server$RpcCall.run(Server.java:999)
recon_1     | 	at java.base/java.security.AccessController.doPrivileged(Native Method)
om2_1       | 	at org.apache.hadoop.ozone.protocol.proto.OzoneManagerProtocolProtos$OzoneManagerService$2.callBlockingMethod(OzoneManagerProtocolProtos.java)
om3_1       | 2020-10-30 23:31:05,484 [main] INFO ratis.OzoneManagerRatisServer: Instantiating OM Ratis server with GroupID: omservice and Raft Peers: om3:9872, om1:9872, om2:9872
scm_1       | 2020-10-30 23:30:59,097 [Listener at 0.0.0.0/9860] INFO http.HttpServer2: Added filter static_user_filter (class=org.apache.hadoop.http.lib.StaticUserWebFilter$StaticUserFilter) to context scm
om1_1       | 	at org.apache.hadoop.ipc.Server$RpcCall.run(Server.java:927)
recon_1     | 	at org.apache.derby.impl.services.monitor.StorageFactoryService.createServiceRoot(Unknown Source)
om2_1       | 	at org.apache.hadoop.ipc.ProtobufRpcEngine$Server$ProtoBufRpcInvoker.call(ProtobufRpcEngine.java:528)
om3_1       | 2020-10-30 23:31:05,545 [main] INFO ratis.OzoneManagerStateMachine: LastAppliedIndex is set from TransactionInfo from OM DB as (t:0, i:~)
scm_1       | 2020-10-30 23:30:59,097 [Listener at 0.0.0.0/9860] INFO http.HttpServer2: Added filter static_user_filter (class=org.apache.hadoop.http.lib.StaticUserWebFilter$StaticUserFilter) to context logs
om1_1       | 	at java.base/java.security.AccessController.doPrivileged(Native Method)
recon_1     | 	at org.apache.derby.impl.services.monitor.BaseMonitor.bootService(Unknown Source)
om2_1       | 	at org.apache.hadoop.ipc.RPC$Server.call(RPC.java:1070)
om3_1       | 2020-10-30 23:31:05,675 [main] INFO impl.RaftServerProxy: raft.rpc.type = GRPC (default)
scm_1       | 2020-10-30 23:30:59,097 [Listener at 0.0.0.0/9860] INFO http.HttpServer2: Added filter static_user_filter (class=org.apache.hadoop.http.lib.StaticUserWebFilter$StaticUserFilter) to context static
om1_1       | 	at java.base/javax.security.auth.Subject.doAs(Subject.java:423)
recon_1     | 	at org.apache.derby.impl.services.monitor.BaseMonitor.createPersistentService(Unknown Source)
om2_1       | 	at org.apache.hadoop.ipc.Server$RpcCall.run(Server.java:999)
om3_1       | 2020-10-30 23:31:05,992 [main] INFO grpc.GrpcFactory: PERFORMANCE WARNING: useCacheForAllThreads is true that may cause Netty to create a lot garbage objects and, as a result, trigger GC.
scm_1       | 2020-10-30 23:30:59,131 [Listener at 0.0.0.0/9860] INFO server.StorageContainerManager: StorageContainerLocationProtocol RPC server is listening at /0.0.0.0:9860
om1_1       | 	at org.apache.hadoop.security.UserGroupInformation.doAs(UserGroupInformation.java:1730)
recon_1     | 	at org.apache.derby.impl.services.monitor.FileMonitor.createPersistentService(Unknown Source)
om2_1       | 	at org.apache.hadoop.ipc.Server$RpcCall.run(Server.java:927)
om3_1       | 	It is recommended to disable useCacheForAllThreads by setting -Dorg.apache.ratis.thirdparty.io.netty.allocator.useCacheForAllThreads=false in command line.
scm_1       | 2020-10-30 23:30:59,219 [Listener at 0.0.0.0/9860] INFO impl.MetricsConfig: Loaded properties from hadoop-metrics2.properties
om1_1       | 	at org.apache.hadoop.ipc.Server$Handler.run(Server.java:2915)
recon_1     | 	at org.apache.derby.iapi.services.monitor.Monitor.createPersistentService(Unknown Source)
om2_1       | 	at java.base/java.security.AccessController.doPrivileged(Native Method)
om3_1       | 2020-10-30 23:31:06,024 [main] INFO grpc.GrpcConfigKeys: raft.grpc.server.port = 9872 (custom)
scm_1       | 2020-10-30 23:30:59,284 [Listener at 0.0.0.0/9860] INFO impl.MetricsSystemImpl: Scheduled Metric snapshot period at 10 second(s).
om1_1       | 2020-10-30 23:32:09,069 [IPC Server handler 12 on default port 9862] INFO ipc.Server: IPC Server handler 12 on default port 9862, call Call#0 Retry#0 org.apache.hadoop.ozone.om.protocol.OzoneManagerProtocol.submitRequest from 172.19.0.9:33022
recon_1     | 	at org.apache.derby.impl.jdbc.EmbedConnection$5.run(Unknown Source)
om2_1       | 	at java.base/javax.security.auth.Subject.doAs(Subject.java:423)
om3_1       | 2020-10-30 23:31:06,032 [main] INFO server.GrpcService: raft.grpc.message.size.max = 33554432 (custom)
scm_1       | 2020-10-30 23:30:59,284 [Listener at 0.0.0.0/9860] INFO impl.MetricsSystemImpl: StorageContainerManager metrics system started
om1_1       | org.apache.hadoop.ozone.om.exceptions.OMNotLeaderException: OM:om1 is not the leader. Suggested leader is OM:om3.
recon_1     | 	at java.base/java.security.AccessController.doPrivileged(Native Method)
om2_1       | 	at org.apache.hadoop.security.UserGroupInformation.doAs(UserGroupInformation.java:1730)
om3_1       | 2020-10-30 23:31:06,038 [main] INFO server.RaftServerConfigKeys: raft.server.log.appender.buffer.byte-limit = 33554432 (custom)
scm_1       | 2020-10-30 23:30:59,500 [Listener at 0.0.0.0/9860] INFO server.SCMClientProtocolServer: RPC server for Client  is listening at /0.0.0.0:9860
om1_1       | 	at org.apache.hadoop.ozone.protocolPB.OzoneManagerProtocolServerSideTranslatorPB.createNotLeaderException(OzoneManagerProtocolServerSideTranslatorPB.java:198)
recon_1     | 	at org.apache.derby.impl.jdbc.EmbedConnection.createPersistentService(Unknown Source)
om2_1       | 	at org.apache.hadoop.ipc.Server$Handler.run(Server.java:2915)
om3_1       | 2020-10-30 23:31:06,041 [main] INFO server.GrpcService: raft.grpc.flow.control.window = 1MB (=1048576) (default)
scm_1       | 2020-10-30 23:30:59,502 [IPC Server Responder] INFO ipc.Server: IPC Server Responder: starting
om1_1       | 	at org.apache.hadoop.ozone.protocolPB.OzoneManagerProtocolServerSideTranslatorPB.submitReadRequestToOM(OzoneManagerProtocolServerSideTranslatorPB.java:186)
recon_1     | 	... 66 more
om2_1       | 2020-10-30 23:31:23,896 [IPC Server handler 0 on default port 9862] INFO ipc.Server: IPC Server handler 0 on default port 9862, call Call#0 Retry#1 org.apache.hadoop.ozone.om.protocol.OzoneManagerProtocol.submitRequest from 172.19.0.9:46720
om3_1       | 2020-10-30 23:31:06,043 [main] INFO server.RaftServerConfigKeys: raft.server.rpc.request.timeout = 3000ms (default)
scm_1       | 2020-10-30 23:30:59,503 [IPC Server listener on 9860] INFO ipc.Server: IPC Server listener on 9860: starting
om1_1       | 	at org.apache.hadoop.ozone.protocolPB.OzoneManagerProtocolServerSideTranslatorPB.processRequest(OzoneManagerProtocolServerSideTranslatorPB.java:123)
recon_1     | 2020-10-30 23:30:48,012 [main] INFO recon.ReconServer: Creating Recon Schema.
recon_1     | 2020-10-30 23:30:48,072 [main] ERROR recon.ReconSchemaManager: Error creating Recon schema ReconTaskSchemaDefinition.
om3_1       | 2020-10-30 23:31:07,222 [main] INFO server.RaftServerConfigKeys: raft.server.storage.dir = [/data/metadata/ratis] (custom)
scm_1       | 2020-10-30 23:30:59,541 [Listener at 0.0.0.0/9860] INFO server.StorageContainerManager: ScmBlockLocationProtocol RPC server is listening at /0.0.0.0:9863
om2_1       | org.apache.hadoop.ozone.om.exceptions.OMNotLeaderException: OM:om2 is not the leader. Suggested leader is OM:om3.
recon_1     | java.sql.SQLException: Database '${ozone.recon.db.dir}/ozone_recon_derby.db' not found.
om1_1       | 	at org.apache.hadoop.hdds.server.OzoneProtocolMessageDispatcher.processRequest(OzoneProtocolMessageDispatcher.java:87)
om3_1       | 2020-10-30 23:31:07,266 [main] INFO impl.RaftServerProxy: om3: addNew group-D66704EFC61C:[om1:om1:9872:0, om3:om3:9872:0, om2:om2:9872:0] returns group-D66704EFC61C:java.util.concurrent.CompletableFuture@28ee7bee[Not completed]
scm_1       | 2020-10-30 23:30:59,542 [Listener at 0.0.0.0/9860] INFO server.SCMBlockProtocolServer: RPC server for Block Protocol is listening at /0.0.0.0:9863
om2_1       | 	at org.apache.hadoop.ozone.protocolPB.OzoneManagerProtocolServerSideTranslatorPB.createNotLeaderException(OzoneManagerProtocolServerSideTranslatorPB.java:198)
recon_1     | 	at org.apache.derby.impl.jdbc.SQLExceptionFactory.getSQLException(Unknown Source)
om1_1       | 	at org.apache.hadoop.ozone.protocolPB.OzoneManagerProtocolServerSideTranslatorPB.submitRequest(OzoneManagerProtocolServerSideTranslatorPB.java:113)
om3_1       | 2020-10-30 23:31:07,294 [main] INFO om.OzoneManager: OzoneManager Ratis server initialized at port 9872
scm_1       | 2020-10-30 23:30:59,543 [IPC Server Responder] INFO ipc.Server: IPC Server Responder: starting
om2_1       | 	at org.apache.hadoop.ozone.protocolPB.OzoneManagerProtocolServerSideTranslatorPB.submitReadRequestToOM(OzoneManagerProtocolServerSideTranslatorPB.java:186)
recon_1     | 	at org.apache.derby.impl.jdbc.SQLExceptionFactory.getSQLException(Unknown Source)
om1_1       | 	at org.apache.hadoop.ozone.protocol.proto.OzoneManagerProtocolProtos$OzoneManagerService$2.callBlockingMethod(OzoneManagerProtocolProtos.java)
om3_1       | 2020-10-30 23:31:07,298 [main] WARN server.ServerUtils: Storage directory for Ratis is not configured. It is a good idea to map this to an SSD disk. Falling back to ozone.metadata.dirs
scm_1       | 2020-10-30 23:30:59,543 [IPC Server listener on 9863] INFO ipc.Server: IPC Server listener on 9863: starting
om2_1       | 	at org.apache.hadoop.ozone.protocolPB.OzoneManagerProtocolServerSideTranslatorPB.processRequest(OzoneManagerProtocolServerSideTranslatorPB.java:123)
recon_1     | 	at org.apache.derby.impl.jdbc.Util.generateCsSQLException(Unknown Source)
om1_1       | 	at org.apache.hadoop.ipc.ProtobufRpcEngine$Server$ProtoBufRpcInvoker.call(ProtobufRpcEngine.java:528)
om3_1       | 2020-10-30 23:31:07,299 [main] WARN server.ServerUtils: Storage directory for Ratis is not configured. It is a good idea to map this to an SSD disk. Falling back to ozone.metadata.dirs
scm_1       | 2020-10-30 23:30:59,578 [Listener at 0.0.0.0/9860] INFO server.StorageContainerManager: ScmDatanodeProtocl RPC server is listening at /0.0.0.0:9861
om2_1       | 	at org.apache.hadoop.hdds.server.OzoneProtocolMessageDispatcher.processRequest(OzoneProtocolMessageDispatcher.java:87)
recon_1     | 	at org.apache.derby.impl.jdbc.Util.generateCsSQLException(Unknown Source)
om1_1       | 	at org.apache.hadoop.ipc.RPC$Server.call(RPC.java:1070)
om3_1       | 2020-10-30 23:31:07,299 [main] INFO snapshot.OzoneManagerSnapshotProvider: Initializing OM Snapshot Provider
scm_1       | 2020-10-30 23:30:59,579 [Listener at 0.0.0.0/9860] INFO server.SCMDatanodeProtocolServer: RPC server for DataNodes is listening at /0.0.0.0:9861
om2_1       | 	at org.apache.hadoop.ozone.protocolPB.OzoneManagerProtocolServerSideTranslatorPB.submitRequest(OzoneManagerProtocolServerSideTranslatorPB.java:113)
recon_1     | 	at org.apache.derby.impl.jdbc.EmbedConnection.newSQLException(Unknown Source)
om1_1       | 	at org.apache.hadoop.ipc.Server$RpcCall.run(Server.java:999)
om3_1       | 2020-10-30 23:31:07,422 [pool-17-thread-1] INFO impl.RaftServerImpl: om3: new RaftServerImpl for group-D66704EFC61C:[om1:om1:9872:0, om3:om3:9872:0, om2:om2:9872:0] with OzoneManagerStateMachine:uninitialized
om2_1       | 	at org.apache.hadoop.ozone.protocol.proto.OzoneManagerProtocolProtos$OzoneManagerService$2.callBlockingMethod(OzoneManagerProtocolProtos.java)
scm_1       | 2020-10-30 23:30:59,593 [IPC Server Responder] INFO ipc.Server: IPC Server Responder: starting
recon_1     | 	at org.apache.derby.impl.jdbc.EmbedConnection.handleDBNotFound(Unknown Source)
om1_1       | 	at org.apache.hadoop.ipc.Server$RpcCall.run(Server.java:927)
om3_1       | 2020-10-30 23:31:07,437 [pool-17-thread-1] INFO server.RaftServerConfigKeys: raft.server.rpc.timeout.min = 1s (custom)
om2_1       | 	at org.apache.hadoop.ipc.ProtobufRpcEngine$Server$ProtoBufRpcInvoker.call(ProtobufRpcEngine.java:528)
scm_1       | 2020-10-30 23:30:59,594 [IPC Server listener on 9861] INFO ipc.Server: IPC Server listener on 9861: starting
recon_1     | 	at org.apache.derby.impl.jdbc.EmbedConnection.<init>(Unknown Source)
om1_1       | 	at java.base/java.security.AccessController.doPrivileged(Native Method)
om3_1       | 2020-10-30 23:31:07,441 [pool-17-thread-1] INFO server.RaftServerConfigKeys: raft.server.rpc.timeout.max = 1200ms (custom)
om2_1       | 	at org.apache.hadoop.ipc.RPC$Server.call(RPC.java:1070)
scm_1       | 2020-10-30 23:30:59,702 [Listener at 0.0.0.0/9860] INFO http.HttpServer2: Jetty bound to port 9876
recon_1     | 	at org.apache.derby.jdbc.InternalDriver$1.run(Unknown Source)
om1_1       | 	at java.base/javax.security.auth.Subject.doAs(Subject.java:423)
om3_1       | 2020-10-30 23:31:07,442 [pool-17-thread-1] INFO server.RaftServerConfigKeys: raft.server.rpcslowness.timeout = 120s (custom)
om2_1       | 	at org.apache.hadoop.ipc.Server$RpcCall.run(Server.java:999)
scm_1       | 2020-10-30 23:30:59,707 [Listener at 0.0.0.0/9860] INFO server.Server: jetty-9.4.26.v20200117; built: 2020-01-17T12:35:33.676Z; git: 7b38981d25d14afb4a12ff1f2596756144edf695; jvm 11.0.7+10-LTS
recon_1     | 	at org.apache.derby.jdbc.InternalDriver$1.run(Unknown Source)
om1_1       | 	at org.apache.hadoop.security.UserGroupInformation.doAs(UserGroupInformation.java:1730)
om3_1       | 2020-10-30 23:31:07,442 [pool-17-thread-1] INFO server.RaftServerConfigKeys: raft.server.sleep.deviation.threshold = 300 (default)
om2_1       | 	at org.apache.hadoop.ipc.Server$RpcCall.run(Server.java:927)
scm_1       | 2020-10-30 23:30:59,793 [Listener at 0.0.0.0/9860] INFO server.session: DefaultSessionIdManager workerName=node0
recon_1     | 	at java.base/java.security.AccessController.doPrivileged(Native Method)
om1_1       | 	at org.apache.hadoop.ipc.Server$Handler.run(Server.java:2915)
om3_1       | 2020-10-30 23:31:07,501 [pool-17-thread-1] INFO server.RaftServerConfigKeys: raft.server.log.appender.install.snapshot.enabled = false (custom)
om2_1       | 	at java.base/java.security.AccessController.doPrivileged(Native Method)
scm_1       | 2020-10-30 23:30:59,793 [Listener at 0.0.0.0/9860] INFO server.session: No SessionScavenger set, using defaults
recon_1     | 	at org.apache.derby.jdbc.InternalDriver.getNewEmbedConnection(Unknown Source)
om1_1       | 2020-10-30 23:32:11,101 [IPC Server handler 8 on default port 9862] INFO ipc.Server: IPC Server handler 8 on default port 9862, call Call#0 Retry#0 org.apache.hadoop.ozone.om.protocol.OzoneManagerProtocol.submitRequest from 172.19.0.9:33030
om3_1       | 2020-10-30 23:31:07,518 [pool-17-thread-1] INFO impl.RaftServerImpl: om3@group-D66704EFC61C: ConfigurationManager, init=-1: [om1:om1:9872:0, om3:om3:9872:0, om2:om2:9872:0], old=null, confs=<EMPTY_MAP>
om2_1       | 	at java.base/javax.security.auth.Subject.doAs(Subject.java:423)
scm_1       | 2020-10-30 23:30:59,795 [Listener at 0.0.0.0/9860] INFO server.session: node0 Scavenging every 660000ms
recon_1     | 	at org.apache.derby.jdbc.InternalDriver.connect(Unknown Source)
om1_1       | org.apache.hadoop.ozone.om.exceptions.OMNotLeaderException: OM:om1 is not the leader. Suggested leader is OM:om3.
om3_1       | 2020-10-30 23:31:07,519 [pool-17-thread-1] INFO server.RaftServerConfigKeys: raft.server.storage.dir = [/data/metadata/ratis] (custom)
om2_1       | 	at org.apache.hadoop.security.UserGroupInformation.doAs(UserGroupInformation.java:1730)
scm_1       | 2020-10-30 23:30:59,833 [Listener at 0.0.0.0/9860] INFO handler.ContextHandler: Started o.e.j.s.ServletContextHandler@453d496b{logs,/logs,file:///var/log/hadoop/,AVAILABLE}
recon_1     | 	at org.apache.derby.jdbc.BasicEmbeddedDataSource40.getConnection(Unknown Source)
om1_1       | 	at org.apache.hadoop.ozone.protocolPB.OzoneManagerProtocolServerSideTranslatorPB.createNotLeaderException(OzoneManagerProtocolServerSideTranslatorPB.java:198)
om3_1       | 2020-10-30 23:31:07,577 [pool-17-thread-1] INFO server.RaftServerConfigKeys: raft.server.log.corruption.policy = EXCEPTION (default)
om2_1       | 	at org.apache.hadoop.ipc.Server$Handler.run(Server.java:2915)
scm_1       | 2020-10-30 23:30:59,837 [Listener at 0.0.0.0/9860] INFO handler.ContextHandler: Started o.e.j.s.ServletContextHandler@2a1debfa{static,/static,jar:file:/opt/hadoop/share/ozone/lib/hadoop-hdds-server-scm-1.1.0-SNAPSHOT.jar!/webapps/static,AVAILABLE}
recon_1     | 	at org.apache.derby.jdbc.BasicEmbeddedDataSource40.getConnection(Unknown Source)
om1_1       | 	at org.apache.hadoop.ozone.protocolPB.OzoneManagerProtocolServerSideTranslatorPB.submitReadRequestToOM(OzoneManagerProtocolServerSideTranslatorPB.java:186)
om3_1       | 2020-10-30 23:31:07,658 [pool-17-thread-1] INFO storage.RaftStorageDirectory: The storage directory /data/metadata/ratis/5cb24680-b9e7-3c90-a862-d66704efc61c does not exist. Creating ...
om2_1       | 2020-10-30 23:31:24,551 [OM StateMachine ApplyTransaction Thread - 0] INFO volume.OMVolumeCreateRequest: created volume:04937-rpcbasic for user:hadoop
scm_1       | 2020-10-30 23:31:00,229 [Listener at 0.0.0.0/9860] INFO handler.ContextHandler: Started o.e.j.w.WebAppContext@437486cd{scm,/,file:///tmp/jetty-0_0_0_0-9876-hadoop-hdds-server-scm-1_1_0-SNAPSHOT_jar-_-any-9447390586358614153.dir/webapp/,AVAILABLE}{jar:file:/opt/hadoop/share/ozone/lib/hadoop-hdds-server-scm-1.1.0-SNAPSHOT.jar!/webapps/scm}
recon_1     | 	at org.hadoop.ozone.recon.schema.ReconTaskSchemaDefinition.initializeSchema(ReconTaskSchemaDefinition.java:52)
om1_1       | 	at org.apache.hadoop.ozone.protocolPB.OzoneManagerProtocolServerSideTranslatorPB.processRequest(OzoneManagerProtocolServerSideTranslatorPB.java:123)
om3_1       | 2020-10-30 23:31:07,796 [pool-17-thread-1] INFO storage.RaftStorageDirectory: Lock on /data/metadata/ratis/5cb24680-b9e7-3c90-a862-d66704efc61c/in_use.lock acquired by nodename 6@om3
om2_1       | 2020-10-30 23:31:26,203 [IPC Server handler 12 on default port 9862] INFO ipc.Server: IPC Server handler 12 on default port 9862, call Call#0 Retry#1 org.apache.hadoop.ozone.om.protocol.OzoneManagerProtocol.submitRequest from 172.19.0.9:46734
scm_1       | 2020-10-30 23:31:00,285 [Listener at 0.0.0.0/9860] INFO server.AbstractConnector: Started ServerConnector@6d9fb2d1{HTTP/1.1,[http/1.1]}{0.0.0.0:9876}
recon_1     | 	at org.apache.hadoop.ozone.recon.ReconSchemaManager.lambda$createReconSchema$0(ReconSchemaManager.java:50)
recon_1     | 	at java.base/java.lang.Iterable.forEach(Iterable.java:75)
om3_1       | 2020-10-30 23:31:07,874 [pool-17-thread-1] INFO storage.RaftStorage: Storage directory /data/metadata/ratis/5cb24680-b9e7-3c90-a862-d66704efc61c has been successfully formatted.
om2_1       | org.apache.hadoop.ozone.om.exceptions.OMNotLeaderException: OM:om2 is not the leader. Suggested leader is OM:om3.
scm_1       | 2020-10-30 23:31:00,290 [Listener at 0.0.0.0/9860] INFO server.Server: Started @10237ms
recon_1     | 	at org.apache.hadoop.ozone.recon.ReconSchemaManager.createReconSchema(ReconSchemaManager.java:48)
om1_1       | 	at org.apache.hadoop.hdds.server.OzoneProtocolMessageDispatcher.processRequest(OzoneProtocolMessageDispatcher.java:87)
om3_1       | 2020-10-30 23:31:07,894 [pool-17-thread-1] INFO server.RaftServerConfigKeys: raft.server.notification.no-leader.timeout = 120s (custom)
om2_1       | 	at org.apache.hadoop.ozone.protocolPB.OzoneManagerProtocolServerSideTranslatorPB.createNotLeaderException(OzoneManagerProtocolServerSideTranslatorPB.java:198)
scm_1       | 2020-10-30 23:31:00,295 [Listener at 0.0.0.0/9860] INFO impl.MetricsSinkAdapter: Sink prometheus started
recon_1     | 	at org.apache.hadoop.ozone.recon.ReconServer.call(ReconServer.java:102)
om1_1       | 	at org.apache.hadoop.ozone.protocolPB.OzoneManagerProtocolServerSideTranslatorPB.submitRequest(OzoneManagerProtocolServerSideTranslatorPB.java:113)
om3_1       | 2020-10-30 23:31:07,930 [pool-17-thread-1] INFO server.RaftServerConfigKeys: raft.server.log.use.memory = false (default)
om2_1       | 	at org.apache.hadoop.ozone.protocolPB.OzoneManagerProtocolServerSideTranslatorPB.submitReadRequestToOM(OzoneManagerProtocolServerSideTranslatorPB.java:186)
scm_1       | 2020-10-30 23:31:00,295 [Listener at 0.0.0.0/9860] INFO impl.MetricsSystemImpl: Registered sink prometheus
recon_1     | 	at org.apache.hadoop.ozone.recon.ReconServer.call(ReconServer.java:53)
om1_1       | 	at org.apache.hadoop.ozone.protocol.proto.OzoneManagerProtocolProtos$OzoneManagerService$2.callBlockingMethod(OzoneManagerProtocolProtos.java)
om3_1       | 2020-10-30 23:31:07,959 [pool-17-thread-1] INFO server.RaftServerConfigKeys: raft.server.log.purge.gap = 1000000 (custom)
om2_1       | 	at org.apache.hadoop.ozone.protocolPB.OzoneManagerProtocolServerSideTranslatorPB.processRequest(OzoneManagerProtocolServerSideTranslatorPB.java:123)
scm_1       | 2020-10-30 23:31:00,309 [Listener at 0.0.0.0/9860] INFO http.BaseHttpServer: HTTP server of scm listening at http://0.0.0.0:9876
recon_1     | 	at picocli.CommandLine.executeUserObject(CommandLine.java:1933)
om1_1       | 	at org.apache.hadoop.ipc.ProtobufRpcEngine$Server$ProtoBufRpcInvoker.call(ProtobufRpcEngine.java:528)
om3_1       | 2020-10-30 23:31:08,085 [pool-17-thread-1] INFO metrics.RatisMetrics: Creating Metrics Registry : ratis.log_worker.om3@group-D66704EFC61C
om2_1       | 	at org.apache.hadoop.hdds.server.OzoneProtocolMessageDispatcher.processRequest(OzoneProtocolMessageDispatcher.java:87)
scm_1       | 2020-10-30 23:31:00,392 [org.apache.hadoop.util.JvmPauseMonitor$Monitor@10b1a751] INFO util.JvmPauseMonitor: Starting JVM pause monitor
recon_1     | 	at picocli.CommandLine.access$1100(CommandLine.java:145)
om1_1       | 	at org.apache.hadoop.ipc.RPC$Server.call(RPC.java:1070)
om3_1       | 2020-10-30 23:31:08,168 [pool-17-thread-1] INFO server.RaftServerConfigKeys: raft.server.log.appender.buffer.byte-limit = 33554432 (custom)
om2_1       | 	at org.apache.hadoop.ozone.protocolPB.OzoneManagerProtocolServerSideTranslatorPB.submitRequest(OzoneManagerProtocolServerSideTranslatorPB.java:113)
scm_1       | 2020-10-30 23:31:00,661 [IPC Server handler 5 on default port 9861] INFO net.NetworkTopologyImpl: Added a new node: /default-rack/e493b574-6e80-494d-aafc-25ac7dffed7c
recon_1     | 	at picocli.CommandLine$RunLast.executeUserObjectOfLastSubcommandWithSameParent(CommandLine.java:2332)
recon_1     | 	at picocli.CommandLine$RunLast.handle(CommandLine.java:2326)
om3_1       | 2020-10-30 23:31:08,181 [pool-17-thread-1] INFO server.RaftServerConfigKeys: raft.server.log.segment.size.max = 4194304 (custom)
om2_1       | 	at org.apache.hadoop.ozone.protocol.proto.OzoneManagerProtocolProtos$OzoneManagerService$2.callBlockingMethod(OzoneManagerProtocolProtos.java)
scm_1       | 2020-10-30 23:31:00,670 [IPC Server handler 5 on default port 9861] INFO node.SCMNodeManager: Registered Data node : e493b574-6e80-494d-aafc-25ac7dffed7c{ip: 172.19.0.8, host: ozone-ha_datanode_1.ozone-ha_default, networkLocation: /default-rack, certSerialId: null}
recon_1     | 	at picocli.CommandLine$RunLast.handle(CommandLine.java:2291)
om1_1       | 	at org.apache.hadoop.ipc.Server$RpcCall.run(Server.java:999)
om3_1       | 2020-10-30 23:31:08,251 [pool-17-thread-1] INFO server.RaftServerConfigKeys: raft.server.log.segment.cache.num.max = 2 (custom)
om2_1       | 	at org.apache.hadoop.ipc.ProtobufRpcEngine$Server$ProtoBufRpcInvoker.call(ProtobufRpcEngine.java:528)
scm_1       | 2020-10-30 23:31:00,686 [EventQueue-NodeRegistrationContainerReportForDataNodeSafeModeRule] INFO safemode.SCMSafeModeManager: SCM in safe mode. 1 DataNodes registered, 3 required.
om1_1       | 	at org.apache.hadoop.ipc.Server$RpcCall.run(Server.java:927)
recon_1     | 	at picocli.CommandLine$AbstractParseResultHandler.handleParseResult(CommandLine.java:2152)
om3_1       | 2020-10-30 23:31:08,306 [pool-17-thread-1] INFO segmented.SegmentedRaftLogWorker: new om3@group-D66704EFC61C-SegmentedRaftLogWorker for RaftStorage:Storage Directory /data/metadata/ratis/5cb24680-b9e7-3c90-a862-d66704efc61c
om2_1       | 	at org.apache.hadoop.ipc.RPC$Server.call(RPC.java:1070)
scm_1       | 2020-10-30 23:31:00,724 [RatisPipelineUtilsThread] INFO pipeline.RatisPipelineProvider: Sending CreatePipelineCommand for pipeline:PipelineID=7a6e1740-230f-4a2e-9502-478814de9847 to datanode:e493b574-6e80-494d-aafc-25ac7dffed7c
om1_1       | 	at java.base/java.security.AccessController.doPrivileged(Native Method)
recon_1     | 	at picocli.CommandLine.parseWithHandlers(CommandLine.java:2530)
om3_1       | 2020-10-30 23:31:08,307 [pool-17-thread-1] INFO server.RaftServerConfigKeys: raft.server.log.queue.byte-limit = 64MB (=67108864) (default)
om2_1       | 	at org.apache.hadoop.ipc.Server$RpcCall.run(Server.java:999)
scm_1       | 2020-10-30 23:31:00,735 [EventQueue-NodeRegistrationContainerReportForContainerSafeModeRule] INFO safemode.SCMSafeModeManager: ContainerSafeModeRule rule is successfully validated
om1_1       | 	at java.base/javax.security.auth.Subject.doAs(Subject.java:423)
recon_1     | 	at picocli.CommandLine.parseWithHandler(CommandLine.java:2465)
om3_1       | 2020-10-30 23:31:08,325 [pool-17-thread-1] INFO server.RaftServerConfigKeys: raft.server.log.queue.element-limit = 4096 (default)
om2_1       | 	at org.apache.hadoop.ipc.Server$RpcCall.run(Server.java:927)
scm_1       | 2020-10-30 23:31:00,772 [RatisPipelineUtilsThread] INFO pipeline.PipelineStateManager: Created pipeline Pipeline[ Id: 7a6e1740-230f-4a2e-9502-478814de9847, Nodes: e493b574-6e80-494d-aafc-25ac7dffed7c{ip: 172.19.0.8, host: ozone-ha_datanode_1.ozone-ha_default, networkLocation: /default-rack, certSerialId: null}, Type:RATIS, Factor:ONE, State:ALLOCATED, leaderId:, CreationTimestamp2020-10-30T23:31:00.717132Z]
om1_1       | 	at org.apache.hadoop.security.UserGroupInformation.doAs(UserGroupInformation.java:1730)
recon_1     | 	at org.apache.hadoop.hdds.cli.GenericCli.execute(GenericCli.java:96)
om3_1       | 2020-10-30 23:31:08,326 [pool-17-thread-1] INFO server.RaftServerConfigKeys: raft.server.log.segment.size.max = 4194304 (custom)
om2_1       | 	at java.base/java.security.AccessController.doPrivileged(Native Method)
scm_1       | 2020-10-30 23:31:00,806 [IPC Server handler 1 on default port 9861] INFO net.NetworkTopologyImpl: Added a new node: /default-rack/db794577-8dd6-4402-a8a8-68fe477a851d
om1_1       | 	at org.apache.hadoop.ipc.Server$Handler.run(Server.java:2915)
recon_1     | 	at org.apache.hadoop.hdds.cli.GenericCli.run(GenericCli.java:87)
om3_1       | 2020-10-30 23:31:08,329 [pool-17-thread-1] INFO server.RaftServerConfigKeys: raft.server.log.preallocated.size = 4194304 (custom)
om2_1       | 	at java.base/javax.security.auth.Subject.doAs(Subject.java:423)
scm_1       | 2020-10-30 23:31:00,807 [IPC Server handler 1 on default port 9861] INFO node.SCMNodeManager: Registered Data node : db794577-8dd6-4402-a8a8-68fe477a851d{ip: 172.19.0.7, host: ozone-ha_datanode_2.ozone-ha_default, networkLocation: /default-rack, certSerialId: null}
om1_1       | 2020-10-30 23:32:15,292 [IPC Server handler 99 on default port 9862] INFO ipc.Server: IPC Server handler 99 on default port 9862, call Call#0 Retry#0 org.apache.hadoop.ozone.om.protocol.OzoneManagerProtocol.submitRequest from 172.19.0.9:33048
recon_1     | 	at org.apache.hadoop.ozone.recon.ReconServer.main(ReconServer.java:67)
om3_1       | 2020-10-30 23:31:08,336 [pool-17-thread-1] INFO server.RaftServerConfigKeys: raft.server.log.write.buffer.size = 64KB (=65536) (default)
om2_1       | 	at org.apache.hadoop.security.UserGroupInformation.doAs(UserGroupInformation.java:1730)
scm_1       | 2020-10-30 23:31:00,811 [EventQueue-NodeRegistrationContainerReportForContainerSafeModeRule] INFO safemode.SCMSafeModeManager: ContainerSafeModeRule rule is successfully validated
om1_1       | org.apache.hadoop.ozone.om.exceptions.OMNotLeaderException: OM:om1 is not the leader. Suggested leader is OM:om3.
recon_1     | Caused by: ERROR XJ004: Database '${ozone.recon.db.dir}/ozone_recon_derby.db' not found.
om3_1       | 2020-10-30 23:31:08,338 [pool-17-thread-1] INFO server.RaftServerConfigKeys: raft.server.log.force.sync.num = 128 (default)
om2_1       | 	at org.apache.hadoop.ipc.Server$Handler.run(Server.java:2915)
scm_1       | 2020-10-30 23:31:00,815 [RatisPipelineUtilsThread] INFO pipeline.RatisPipelineProvider: Sending CreatePipelineCommand for pipeline:PipelineID=504cd066-cc94-4bca-a6d7-e624ff5f3615 to datanode:db794577-8dd6-4402-a8a8-68fe477a851d
om1_1       | 	at org.apache.hadoop.ozone.protocolPB.OzoneManagerProtocolServerSideTranslatorPB.createNotLeaderException(OzoneManagerProtocolServerSideTranslatorPB.java:198)
recon_1     | 	at org.apache.derby.iapi.error.StandardException.newException(Unknown Source)
om3_1       | 2020-10-30 23:31:08,347 [pool-17-thread-1] INFO server.RaftServerConfigKeys: raft.server.log.statemachine.data.sync = true (default)
om2_1       | 2020-10-30 23:31:28,237 [IPC Server handler 13 on default port 9862] INFO ipc.Server: IPC Server handler 13 on default port 9862, call Call#0 Retry#1 org.apache.hadoop.ozone.om.protocol.OzoneManagerProtocol.submitRequest from 172.19.0.9:46740
scm_1       | 2020-10-30 23:31:00,816 [EventQueue-NodeRegistrationContainerReportForDataNodeSafeModeRule] INFO safemode.SCMSafeModeManager: SCM in safe mode. 2 DataNodes registered, 3 required.
om1_1       | 	at org.apache.hadoop.ozone.protocolPB.OzoneManagerProtocolServerSideTranslatorPB.submitReadRequestToOM(OzoneManagerProtocolServerSideTranslatorPB.java:186)
recon_1     | 	at org.apache.derby.impl.jdbc.SQLExceptionFactory.wrapArgsForTransportAcrossDRDA(Unknown Source)
om3_1       | 2020-10-30 23:31:08,351 [pool-17-thread-1] INFO server.RaftServerConfigKeys: raft.server.log.statemachine.data.sync.timeout = 10s (default)
om2_1       | org.apache.hadoop.ozone.om.exceptions.OMNotLeaderException: OM:om2 is not the leader. Suggested leader is OM:om3.
scm_1       | 2020-10-30 23:31:00,818 [RatisPipelineUtilsThread] INFO pipeline.PipelineStateManager: Created pipeline Pipeline[ Id: 504cd066-cc94-4bca-a6d7-e624ff5f3615, Nodes: db794577-8dd6-4402-a8a8-68fe477a851d{ip: 172.19.0.7, host: ozone-ha_datanode_2.ozone-ha_default, networkLocation: /default-rack, certSerialId: null}, Type:RATIS, Factor:ONE, State:ALLOCATED, leaderId:, CreationTimestamp2020-10-30T23:31:00.815902Z]
om1_1       | 	at org.apache.hadoop.ozone.protocolPB.OzoneManagerProtocolServerSideTranslatorPB.processRequest(OzoneManagerProtocolServerSideTranslatorPB.java:123)
recon_1     | 	... 31 more
om3_1       | 2020-10-30 23:31:08,368 [pool-17-thread-1] INFO server.RaftServerConfigKeys: raft.server.log.statemachine.data.sync.timeout.retry = -1 (default)
om2_1       | 	at org.apache.hadoop.ozone.protocolPB.OzoneManagerProtocolServerSideTranslatorPB.createNotLeaderException(OzoneManagerProtocolServerSideTranslatorPB.java:198)
scm_1       | 2020-10-30 23:31:01,188 [IPC Server handler 6 on default port 9861] INFO net.NetworkTopologyImpl: Added a new node: /default-rack/82170fb3-e3de-4970-8589-66114ab31b84
om1_1       | 	at org.apache.hadoop.hdds.server.OzoneProtocolMessageDispatcher.processRequest(OzoneProtocolMessageDispatcher.java:87)
recon_1     | 2020-10-30 23:30:50,286 [main] ERROR recon.ReconServer: Error during initializing Recon server.
om3_1       | 2020-10-30 23:31:08,458 [pool-17-thread-1] INFO server.RaftServerConfigKeys: raft.server.log.statemachine.data.caching.enabled = false (default)
om2_1       | 	at org.apache.hadoop.ozone.protocolPB.OzoneManagerProtocolServerSideTranslatorPB.submitReadRequestToOM(OzoneManagerProtocolServerSideTranslatorPB.java:186)
scm_1       | 2020-10-30 23:31:01,189 [IPC Server handler 6 on default port 9861] INFO node.SCMNodeManager: Registered Data node : 82170fb3-e3de-4970-8589-66114ab31b84{ip: 172.19.0.3, host: ozone-ha_datanode_3.ozone-ha_default, networkLocation: /default-rack, certSerialId: null}
om1_1       | 	at org.apache.hadoop.ozone.protocolPB.OzoneManagerProtocolServerSideTranslatorPB.submitRequest(OzoneManagerProtocolServerSideTranslatorPB.java:113)
recon_1     | org.springframework.transaction.CannotCreateTransactionException: Could not open JDBC Connection for transaction; nested exception is java.sql.SQLException: Database '${ozone.recon.db.dir}/ozone_recon_derby.db' not found.
om3_1       | 2020-10-30 23:31:08,526 [pool-17-thread-1] INFO segmented.SegmentedRaftLogWorker: om3@group-D66704EFC61C-SegmentedRaftLogWorker: flushIndex: setUnconditionally 0 -> -1
om2_1       | 	at org.apache.hadoop.ozone.protocolPB.OzoneManagerProtocolServerSideTranslatorPB.processRequest(OzoneManagerProtocolServerSideTranslatorPB.java:123)
scm_1       | 2020-10-30 23:31:01,189 [EventQueue-NodeRegistrationContainerReportForDataNodeSafeModeRule] INFO safemode.SCMSafeModeManager: SCM in safe mode. 3 DataNodes registered, 3 required.
om1_1       | 	at org.apache.hadoop.ozone.protocol.proto.OzoneManagerProtocolProtos$OzoneManagerService$2.callBlockingMethod(OzoneManagerProtocolProtos.java)
recon_1     | 	at org.springframework.jdbc.datasource.DataSourceTransactionManager.doBegin(DataSourceTransactionManager.java:308)
om3_1       | 2020-10-30 23:31:08,529 [pool-17-thread-1] INFO segmented.SegmentedRaftLogWorker: om3@group-D66704EFC61C-SegmentedRaftLogWorker: safeCacheEvictIndex: setUnconditionally 0 -> -1
om2_1       | 	at org.apache.hadoop.hdds.server.OzoneProtocolMessageDispatcher.processRequest(OzoneProtocolMessageDispatcher.java:87)
scm_1       | 2020-10-30 23:31:01,192 [EventQueue-NodeRegistrationContainerReportForContainerSafeModeRule] INFO safemode.SCMSafeModeManager: ContainerSafeModeRule rule is successfully validated
om1_1       | 	at org.apache.hadoop.ipc.ProtobufRpcEngine$Server$ProtoBufRpcInvoker.call(ProtobufRpcEngine.java:528)
recon_1     | 	at org.springframework.transaction.support.AbstractPlatformTransactionManager.startTransaction(AbstractPlatformTransactionManager.java:400)
om3_1       | 2020-10-30 23:31:08,556 [pool-17-thread-1] INFO server.RaftServerConfigKeys: raft.server.snapshot.auto.trigger.enabled = true (custom)
om2_1       | 	at org.apache.hadoop.ozone.protocolPB.OzoneManagerProtocolServerSideTranslatorPB.submitRequest(OzoneManagerProtocolServerSideTranslatorPB.java:113)
scm_1       | 2020-10-30 23:31:01,193 [RatisPipelineUtilsThread] INFO pipeline.RatisPipelineProvider: Sending CreatePipelineCommand for pipeline:PipelineID=3edf231d-f1fd-4f45-a4bb-a552b0001265 to datanode:82170fb3-e3de-4970-8589-66114ab31b84
om1_1       | 	at org.apache.hadoop.ipc.RPC$Server.call(RPC.java:1070)
recon_1     | 	at org.springframework.transaction.support.AbstractPlatformTransactionManager.getTransaction(AbstractPlatformTransactionManager.java:373)
om3_1       | 2020-10-30 23:31:08,565 [pool-17-thread-1] INFO server.RaftServerConfigKeys: raft.server.snapshot.auto.trigger.threshold = 400000 (default)
om2_1       | 	at org.apache.hadoop.ozone.protocol.proto.OzoneManagerProtocolProtos$OzoneManagerService$2.callBlockingMethod(OzoneManagerProtocolProtos.java)
scm_1       | 2020-10-30 23:31:01,194 [RatisPipelineUtilsThread] INFO pipeline.PipelineStateManager: Created pipeline Pipeline[ Id: 3edf231d-f1fd-4f45-a4bb-a552b0001265, Nodes: 82170fb3-e3de-4970-8589-66114ab31b84{ip: 172.19.0.3, host: ozone-ha_datanode_3.ozone-ha_default, networkLocation: /default-rack, certSerialId: null}, Type:RATIS, Factor:ONE, State:ALLOCATED, leaderId:, CreationTimestamp2020-10-30T23:31:01.193673Z]
om1_1       | 	at org.apache.hadoop.ipc.Server$RpcCall.run(Server.java:999)
recon_1     | 	at org.apache.hadoop.ozone.recon.persistence.TransactionalMethodInterceptor.invoke(TransactionalMethodInterceptor.java:54)
om3_1       | 2020-10-30 23:31:08,570 [pool-17-thread-1] INFO server.RaftServerConfigKeys: raft.server.snapshot.retention.file.num = -1 (default)
om2_1       | 	at org.apache.hadoop.ipc.ProtobufRpcEngine$Server$ProtoBufRpcInvoker.call(ProtobufRpcEngine.java:528)
scm_1       | 2020-10-30 23:31:01,194 [EventQueue-NodeRegistrationContainerReportForDataNodeSafeModeRule] INFO safemode.SCMSafeModeManager: DataNodeSafeModeRule rule is successfully validated
om1_1       | 	at org.apache.hadoop.ipc.Server$RpcCall.run(Server.java:927)
recon_1     | 	at org.apache.hadoop.ozone.recon.ReconSchemaManager.lambda$createReconSchema$0(ReconSchemaManager.java:50)
om3_1       | 2020-10-30 23:31:08,576 [pool-17-thread-1] INFO server.RaftServerConfigKeys: raft.server.log.purge.upto.snapshot.index = true (custom)
om2_1       | 	at org.apache.hadoop.ipc.RPC$Server.call(RPC.java:1070)
scm_1       | 2020-10-30 23:31:01,195 [EventQueue-NodeRegistrationContainerReportForDataNodeSafeModeRule] INFO safemode.SCMSafeModeManager: All SCM safe mode pre check rules have passed
om1_1       | 	at java.base/java.security.AccessController.doPrivileged(Native Method)
recon_1     | 	at java.base/java.lang.Iterable.forEach(Iterable.java:75)
om3_1       | 2020-10-30 23:31:08,579 [pool-17-thread-1] INFO server.RaftServerConfigKeys: raft.server.retrycache.expirytime = 600000ms (custom)
om2_1       | 	at org.apache.hadoop.ipc.Server$RpcCall.run(Server.java:999)
scm_1       | 2020-10-30 23:31:01,199 [RatisPipelineUtilsThread] INFO pipeline.RatisPipelineProvider: Sending CreatePipelineCommand for pipeline:PipelineID=4857f1b5-cd5c-474e-9266-3536e05cfcc0 to datanode:82170fb3-e3de-4970-8589-66114ab31b84
om1_1       | 	at java.base/javax.security.auth.Subject.doAs(Subject.java:423)
recon_1     | 	at org.apache.hadoop.ozone.recon.ReconSchemaManager.createReconSchema(ReconSchemaManager.java:48)
om3_1       | 2020-10-30 23:31:08,712 [pool-17-thread-1] INFO metrics.RatisMetrics: Creating Metrics Registry : ratis.leader_election.om3@group-D66704EFC61C
om2_1       | 	at org.apache.hadoop.ipc.Server$RpcCall.run(Server.java:927)
scm_1       | 2020-10-30 23:31:01,200 [RatisPipelineUtilsThread] INFO pipeline.RatisPipelineProvider: Sending CreatePipelineCommand for pipeline:PipelineID=4857f1b5-cd5c-474e-9266-3536e05cfcc0 to datanode:e493b574-6e80-494d-aafc-25ac7dffed7c
om1_1       | 	at org.apache.hadoop.security.UserGroupInformation.doAs(UserGroupInformation.java:1730)
recon_1     | 	at org.apache.hadoop.ozone.recon.ReconServer.call(ReconServer.java:102)
om3_1       | 2020-10-30 23:31:08,722 [pool-17-thread-1] INFO metrics.RatisMetrics: Creating Metrics Registry : ratis.server.om3@group-D66704EFC61C
om2_1       | 	at java.base/java.security.AccessController.doPrivileged(Native Method)
scm_1       | 2020-10-30 23:31:01,200 [RatisPipelineUtilsThread] INFO pipeline.RatisPipelineProvider: Sending CreatePipelineCommand for pipeline:PipelineID=4857f1b5-cd5c-474e-9266-3536e05cfcc0 to datanode:db794577-8dd6-4402-a8a8-68fe477a851d
om1_1       | 	at org.apache.hadoop.ipc.Server$Handler.run(Server.java:2915)
recon_1     | 	at org.apache.hadoop.ozone.recon.ReconServer.call(ReconServer.java:53)
om3_1       | 2020-10-30 23:31:08,773 [main] INFO ipc.CallQueueManager: Using callQueue: class java.util.concurrent.LinkedBlockingQueue, queueCapacity: 10000, scheduler: class org.apache.hadoop.ipc.DefaultRpcScheduler, ipcBackoff: false.
om2_1       | 	at java.base/javax.security.auth.Subject.doAs(Subject.java:423)
om1_1       | 2020-10-30 23:32:19,071 [IPC Server handler 12 on default port 9862] INFO ipc.Server: IPC Server handler 12 on default port 9862, call Call#0 Retry#0 org.apache.hadoop.ozone.om.protocol.OzoneManagerProtocol.submitRequest from 172.19.0.9:33056
scm_1       | 2020-10-30 23:31:01,201 [RatisPipelineUtilsThread] INFO pipeline.PipelineStateManager: Created pipeline Pipeline[ Id: 4857f1b5-cd5c-474e-9266-3536e05cfcc0, Nodes: 82170fb3-e3de-4970-8589-66114ab31b84{ip: 172.19.0.3, host: ozone-ha_datanode_3.ozone-ha_default, networkLocation: /default-rack, certSerialId: null}e493b574-6e80-494d-aafc-25ac7dffed7c{ip: 172.19.0.8, host: ozone-ha_datanode_1.ozone-ha_default, networkLocation: /default-rack, certSerialId: null}db794577-8dd6-4402-a8a8-68fe477a851d{ip: 172.19.0.7, host: ozone-ha_datanode_2.ozone-ha_default, networkLocation: /default-rack, certSerialId: null}, Type:RATIS, Factor:THREE, State:ALLOCATED, leaderId:, CreationTimestamp2020-10-30T23:31:01.199806Z]
recon_1     | 	at picocli.CommandLine.executeUserObject(CommandLine.java:1933)
om3_1       | 2020-10-30 23:31:08,815 [Socket Reader #1 for port 9862] INFO ipc.Server: Starting Socket Reader #1 for port 9862
om2_1       | 	at org.apache.hadoop.security.UserGroupInformation.doAs(UserGroupInformation.java:1730)
om1_1       | org.apache.hadoop.ozone.om.exceptions.OMNotLeaderException: OM:om1 is not the leader. Suggested leader is OM:om3.
scm_1       | 2020-10-30 23:31:04,386 [EventQueue-PipelineReportForPipelineReportHandler] INFO pipeline.PipelineStateManager: Pipeline Pipeline[ Id: 7a6e1740-230f-4a2e-9502-478814de9847, Nodes: e493b574-6e80-494d-aafc-25ac7dffed7c{ip: 172.19.0.8, host: ozone-ha_datanode_1.ozone-ha_default, networkLocation: /default-rack, certSerialId: null}, Type:RATIS, Factor:ONE, State:ALLOCATED, leaderId:e493b574-6e80-494d-aafc-25ac7dffed7c, CreationTimestamp2020-10-30T23:31:00.717132Z] moved to OPEN state
recon_1     | 	at picocli.CommandLine.access$1100(CommandLine.java:145)
om3_1       | 2020-10-30 23:31:09,350 [Listener at om3/9862] INFO impl.MetricsConfig: Loaded properties from hadoop-metrics2.properties
om2_1       | 	at org.apache.hadoop.ipc.Server$Handler.run(Server.java:2915)
om1_1       | 	at org.apache.hadoop.ozone.protocolPB.OzoneManagerProtocolServerSideTranslatorPB.createNotLeaderException(OzoneManagerProtocolServerSideTranslatorPB.java:198)
scm_1       | 2020-10-30 23:31:04,427 [EventQueue-OpenPipelineForHealthyPipelineSafeModeRule] INFO safemode.SCMSafeModeManager: SCM in safe mode. Healthy pipelines reported count is 0, required healthy pipeline reported count is 1
recon_1     | 	at picocli.CommandLine$RunLast.executeUserObjectOfLastSubcommandWithSameParent(CommandLine.java:2332)
om3_1       | 2020-10-30 23:31:09,567 [Listener at om3/9862] INFO impl.MetricsSystemImpl: Scheduled Metric snapshot period at 10 second(s).
om2_1       | 2020-10-30 23:31:30,566 [IPC Server handler 0 on default port 9862] INFO ipc.Server: IPC Server handler 0 on default port 9862, call Call#0 Retry#1 org.apache.hadoop.ozone.om.protocol.OzoneManagerProtocol.submitRequest from 172.19.0.9:46746
om1_1       | 	at org.apache.hadoop.ozone.protocolPB.OzoneManagerProtocolServerSideTranslatorPB.submitReadRequestToOM(OzoneManagerProtocolServerSideTranslatorPB.java:186)
scm_1       | 2020-10-30 23:31:04,449 [EventQueue-OpenPipelineForOneReplicaPipelineSafeModeRule] INFO safemode.SCMSafeModeManager: AtleastOneDatanodeReportedRule rule is successfully validated
recon_1     | 	at picocli.CommandLine$RunLast.handle(CommandLine.java:2326)
om3_1       | 2020-10-30 23:31:09,581 [Listener at om3/9862] INFO impl.MetricsSystemImpl: OzoneManager metrics system started
om1_1       | 	at org.apache.hadoop.ozone.protocolPB.OzoneManagerProtocolServerSideTranslatorPB.processRequest(OzoneManagerProtocolServerSideTranslatorPB.java:123)
scm_1       | 2020-10-30 23:31:04,780 [EventQueue-PipelineReportForPipelineReportHandler] INFO pipeline.PipelineStateManager: Pipeline Pipeline[ Id: 504cd066-cc94-4bca-a6d7-e624ff5f3615, Nodes: db794577-8dd6-4402-a8a8-68fe477a851d{ip: 172.19.0.7, host: ozone-ha_datanode_2.ozone-ha_default, networkLocation: /default-rack, certSerialId: null}, Type:RATIS, Factor:ONE, State:ALLOCATED, leaderId:db794577-8dd6-4402-a8a8-68fe477a851d, CreationTimestamp2020-10-30T23:31:00.815902Z] moved to OPEN state
om2_1       | org.apache.hadoop.ozone.om.exceptions.OMNotLeaderException: OM:om2 is not the leader. Suggested leader is OM:om3.
recon_1     | 	at picocli.CommandLine$RunLast.handle(CommandLine.java:2291)
om3_1       | 2020-10-30 23:31:09,695 [Listener at om3/9862] INFO om.OzoneManager: OzoneManager RPC server is listening at om3/172.19.0.5:9862
om3_1       | 2020-10-30 23:31:09,699 [Listener at om3/9862] INFO ratis.OzoneManagerRatisServer: Starting OzoneManagerRatisServer om3 at port 9872
scm_1       | 2020-10-30 23:31:04,782 [EventQueue-OpenPipelineForOneReplicaPipelineSafeModeRule] INFO safemode.SCMSafeModeManager: AtleastOneDatanodeReportedRule rule is successfully validated
om2_1       | 	at org.apache.hadoop.ozone.protocolPB.OzoneManagerProtocolServerSideTranslatorPB.createNotLeaderException(OzoneManagerProtocolServerSideTranslatorPB.java:198)
om1_1       | 	at org.apache.hadoop.hdds.server.OzoneProtocolMessageDispatcher.processRequest(OzoneProtocolMessageDispatcher.java:87)
scm_1       | 2020-10-30 23:31:04,782 [EventQueue-OpenPipelineForHealthyPipelineSafeModeRule] INFO safemode.SCMSafeModeManager: SCM in safe mode. Healthy pipelines reported count is 0, required healthy pipeline reported count is 1
om2_1       | 	at org.apache.hadoop.ozone.protocolPB.OzoneManagerProtocolServerSideTranslatorPB.submitReadRequestToOM(OzoneManagerProtocolServerSideTranslatorPB.java:186)
recon_1     | 	at picocli.CommandLine$AbstractParseResultHandler.handleParseResult(CommandLine.java:2152)
om3_1       | 2020-10-30 23:31:09,707 [Listener at om3/9862] INFO impl.RaftServerImpl: om3@group-D66704EFC61C: start as a follower, conf=-1: [om1:om1:9872:0, om3:om3:9872:0, om2:om2:9872:0], old=null
om1_1       | 	at org.apache.hadoop.ozone.protocolPB.OzoneManagerProtocolServerSideTranslatorPB.submitRequest(OzoneManagerProtocolServerSideTranslatorPB.java:113)
scm_1       | 2020-10-30 23:31:05,174 [EventQueue-PipelineReportForPipelineReportHandler] INFO pipeline.PipelineStateManager: Pipeline Pipeline[ Id: 3edf231d-f1fd-4f45-a4bb-a552b0001265, Nodes: 82170fb3-e3de-4970-8589-66114ab31b84{ip: 172.19.0.3, host: ozone-ha_datanode_3.ozone-ha_default, networkLocation: /default-rack, certSerialId: null}, Type:RATIS, Factor:ONE, State:ALLOCATED, leaderId:82170fb3-e3de-4970-8589-66114ab31b84, CreationTimestamp2020-10-30T23:31:01.193673Z] moved to OPEN state
om2_1       | 	at org.apache.hadoop.ozone.protocolPB.OzoneManagerProtocolServerSideTranslatorPB.processRequest(OzoneManagerProtocolServerSideTranslatorPB.java:123)
recon_1     | 	at picocli.CommandLine.parseWithHandlers(CommandLine.java:2530)
om3_1       | 2020-10-30 23:31:09,713 [Listener at om3/9862] INFO impl.RaftServerImpl: om3@group-D66704EFC61C: changes role from      null to FOLLOWER at term 0 for startAsFollower
om1_1       | 	at org.apache.hadoop.ozone.protocol.proto.OzoneManagerProtocolProtos$OzoneManagerService$2.callBlockingMethod(OzoneManagerProtocolProtos.java)
scm_1       | 2020-10-30 23:31:05,177 [EventQueue-OpenPipelineForOneReplicaPipelineSafeModeRule] INFO safemode.SCMSafeModeManager: AtleastOneDatanodeReportedRule rule is successfully validated
om2_1       | 	at org.apache.hadoop.hdds.server.OzoneProtocolMessageDispatcher.processRequest(OzoneProtocolMessageDispatcher.java:87)
recon_1     | 	at picocli.CommandLine.parseWithHandler(CommandLine.java:2465)
om3_1       | 2020-10-30 23:31:09,714 [Listener at om3/9862] INFO impl.RoleInfo: om3: start FollowerState
om1_1       | 	at org.apache.hadoop.ipc.ProtobufRpcEngine$Server$ProtoBufRpcInvoker.call(ProtobufRpcEngine.java:528)
scm_1       | 2020-10-30 23:31:05,177 [EventQueue-OpenPipelineForHealthyPipelineSafeModeRule] INFO safemode.SCMSafeModeManager: SCM in safe mode. Healthy pipelines reported count is 0, required healthy pipeline reported count is 1
