datanode_1  | 2020-10-30 23:38:44,185 [86d4d28c-e81b-49b5-b96f-23d2a28ceddd@group-F69A2B0ABA19-LeaderElection1] INFO impl.RaftServerImpl: 86d4d28c-e81b-49b5-b96f-23d2a28ceddd@group-F69A2B0ABA19: changes role from CANDIDATE to LEADER at term 1 for changeToLeader
rm_1        | 2020-10-30 23:40:03 INFO  RMContainerImpl:480 - container_1604101109153_0001_01_000004 Container Transitioned from RUNNING to COMPLETED
datanode_1  | 2020-10-30 23:38:44,185 [86d4d28c-e81b-49b5-b96f-23d2a28ceddd@group-F69A2B0ABA19-LeaderElection1] INFO ratis.XceiverServerRatis: Leader change notification received for group: group-F69A2B0ABA19 with new leaderId: 86d4d28c-e81b-49b5-b96f-23d2a28ceddd
nm_1        | 2020-10-30 23:39:53 INFO  ContainersMonitorImpl:934 - Stopping resource-monitoring for container_1604101109153_0001_01_000002
rm_1        | 2020-10-30 23:40:03 INFO  RMAuditLogger:231 - USER=hadoop	OPERATION=AM Released Container	TARGET=SchedulerApp	RESULT=SUCCESS	APPID=application_1604101109153_0001	CONTAINERID=container_1604101109153_0001_01_000004	RESOURCE=<memory:4096, vCores:1>	QUEUENAME=default
datanode_1  | 2020-10-30 23:38:44,185 [86d4d28c-e81b-49b5-b96f-23d2a28ceddd@group-F69A2B0ABA19-LeaderElection1] INFO impl.RaftServerImpl: 86d4d28c-e81b-49b5-b96f-23d2a28ceddd@group-F69A2B0ABA19: change Leader from null to 86d4d28c-e81b-49b5-b96f-23d2a28ceddd at term 1 for becomeLeader, leader elected after 5807ms
nm_1        | 2020-10-30 23:39:53 INFO  AuxServices:350 - Got event CONTAINER_STOP for appId application_1604101109153_0001
rm_1        | 2020-10-30 23:40:03 INFO  AbstractContainerAllocator:129 - assignedContainer application attempt=appattempt_1604101109153_0001_000001 container=null queue=default clusterResource=<memory:8192, vCores:8> type=OFF_SWITCH requestedPartition=
datanode_1  | 2020-10-30 23:38:44,190 [86d4d28c-e81b-49b5-b96f-23d2a28ceddd@group-F69A2B0ABA19-LeaderElection1] INFO server.RaftServerConfigKeys: raft.server.staging.catchup.gap = 1000 (default)
nm_1        | 2020-10-30 23:39:55 INFO  Server:1845 - Auth successful for appattempt_1604101109153_0001_000001 (auth:SIMPLE)
rm_1        | 2020-10-30 23:40:03 INFO  RMContainerImpl:480 - container_1604101109153_0001_01_000005 Container Transitioned from NEW to ALLOCATED
datanode_1  | 2020-10-30 23:38:44,190 [86d4d28c-e81b-49b5-b96f-23d2a28ceddd@group-F69A2B0ABA19-LeaderElection1] INFO server.RaftServerConfigKeys: raft.server.rpc.sleep.time = 25ms (default)
rm_1        | 2020-10-30 23:40:03 INFO  FiCaSchedulerNode:169 - Assigned container container_1604101109153_0001_01_000005 of capacity <memory:4096, vCores:1> on host nm:40093, which has 2 containers, <memory:6144, vCores:2> used and <memory:2048, vCores:6> available after allocation
nm_1        | 2020-10-30 23:39:55 INFO  ContainerManagerImpl:1070 - Start request for container_1604101109153_0001_01_000003 by user hadoop
datanode_1  | 2020-10-30 23:38:44,196 [86d4d28c-e81b-49b5-b96f-23d2a28ceddd@group-F69A2B0ABA19-LeaderElection1] INFO metrics.RatisMetrics: Creating Metrics Registry : ratis.log_appender.86d4d28c-e81b-49b5-b96f-23d2a28ceddd@group-F69A2B0ABA19
rm_1        | 2020-10-30 23:40:03 INFO  RMAuditLogger:231 - USER=hadoop	OPERATION=AM Allocated Container	TARGET=SchedulerApp	RESULT=SUCCESS	APPID=application_1604101109153_0001	CONTAINERID=container_1604101109153_0001_01_000005	RESOURCE=<memory:4096, vCores:1>	QUEUENAME=default
nm_1        | 2020-10-30 23:39:55 INFO  NMAuditLogger:94 - USER=hadoop	IP=172.21.0.2	OPERATION=Start Container Request	TARGET=ContainerManageImpl	RESULT=SUCCESS	APPID=application_1604101109153_0001	CONTAINERID=container_1604101109153_0001_01_000003
datanode_1  | 2020-10-30 23:38:44,198 [86d4d28c-e81b-49b5-b96f-23d2a28ceddd@group-F69A2B0ABA19-LeaderElection1] INFO server.RaftServerConfigKeys: raft.server.write.element-limit = 1024 (custom)
rm_1        | 2020-10-30 23:40:03 INFO  ParentQueue:1340 - assignedContainer queue=root usedCapacity=0.75 absoluteUsedCapacity=0.75 used=<memory:6144, vCores:2> cluster=<memory:8192, vCores:8>
nm_1        | 2020-10-30 23:39:55 INFO  ApplicationImpl:463 - Adding container_1604101109153_0001_01_000003 to application application_1604101109153_0001
datanode_1  | 2020-10-30 23:38:44,212 [86d4d28c-e81b-49b5-b96f-23d2a28ceddd@group-F69A2B0ABA19-LeaderElection1] INFO server.RaftServerConfigKeys: raft.server.write.byte-limit = 1073741824 (custom)
rm_1        | 2020-10-30 23:40:03 INFO  CapacityScheduler:2894 - Allocation proposal accepted
nm_1        | 2020-10-30 23:39:55 INFO  ContainerImpl:2126 - Container container_1604101109153_0001_01_000003 transitioned from NEW to LOCALIZING
datanode_1  | 2020-10-30 23:38:44,220 [grpc-default-executor-1] INFO impl.RaftServerImpl: 86d4d28c-e81b-49b5-b96f-23d2a28ceddd@group-8747A09E2BA1: changes role from  FOLLOWER to FOLLOWER at term 1 for recognizeCandidate:3aed1cfd-90de-4d16-810b-f949c015b59e
rm_1        | 2020-10-30 23:40:04 INFO  RMContainerImpl:480 - container_1604101109153_0001_01_000005 Container Transitioned from ALLOCATED to ACQUIRED
nm_1        | 2020-10-30 23:39:55 INFO  AuxServices:350 - Got event CONTAINER_INIT for appId application_1604101109153_0001
datanode_1  | 2020-10-30 23:38:44,220 [86d4d28c-e81b-49b5-b96f-23d2a28ceddd@group-F69A2B0ABA19-LeaderElection1] INFO server.RaftServerConfigKeys: raft.server.watch.timeout = 180s (custom)
rm_1        | 2020-10-30 23:40:04 INFO  RMContainerImpl:480 - container_1604101109153_0001_01_000005 Container Transitioned from ACQUIRED to RUNNING
nm_1        | 2020-10-30 23:39:55 INFO  AuxServices:350 - Got event APPLICATION_INIT for appId application_1604101109153_0001
datanode_1  | 2020-10-30 23:38:44,232 [86d4d28c-e81b-49b5-b96f-23d2a28ceddd@group-F69A2B0ABA19-LeaderElection1] INFO server.RaftServerConfigKeys: raft.server.watch.timeout.denomination = 1s (default)
rm_1        | 2020-10-30 23:40:05 INFO  AppSchedulingInfo:367 - checking for deactivate of application :application_1604101109153_0001
nm_1        | 2020-10-30 23:39:55 INFO  AuxServices:354 - Got APPLICATION_INIT for service mapreduce_shuffle
datanode_1  | 2020-10-30 23:38:44,232 [grpc-default-executor-1] INFO impl.RoleInfo: 86d4d28c-e81b-49b5-b96f-23d2a28ceddd: shutdown FollowerState
rm_1        | 2020-10-30 23:40:08 INFO  RMContainerImpl:480 - container_1604101109153_0001_01_000005 Container Transitioned from RUNNING to COMPLETED
nm_1        | 2020-10-30 23:39:55 INFO  ShuffleHandler:719 - Added token for job_1604101109153_0001
datanode_1  | 2020-10-30 23:38:44,233 [86d4d28c-e81b-49b5-b96f-23d2a28ceddd@group-F69A2B0ABA19-LeaderElection1] INFO server.RaftServerConfigKeys: raft.server.watch.element-limit = 65536 (default)
rm_1        | 2020-10-30 23:40:08 INFO  RMAuditLogger:231 - USER=hadoop	OPERATION=AM Released Container	TARGET=SchedulerApp	RESULT=SUCCESS	APPID=application_1604101109153_0001	CONTAINERID=container_1604101109153_0001_01_000005	RESOURCE=<memory:4096, vCores:1>	QUEUENAME=default
nm_1        | 2020-10-30 23:39:55 INFO  ContainerImpl:2126 - Container container_1604101109153_0001_01_000003 transitioned from LOCALIZING to SCHEDULED
datanode_1  | 2020-10-30 23:38:44,237 [grpc-default-executor-1] INFO impl.RoleInfo: 86d4d28c-e81b-49b5-b96f-23d2a28ceddd: start FollowerState
rm_1        | 2020-10-30 23:40:08 INFO  RMAppAttemptImpl:1420 - Updating application attempt appattempt_1604101109153_0001_000001 with final state: FINISHING, and exit status: -1000
nm_1        | 2020-10-30 23:39:55 INFO  ContainerScheduler:511 - Starting container [container_1604101109153_0001_01_000003]
datanode_1  | 2020-10-30 23:38:44,238 [grpc-default-executor-1] INFO impl.RaftServerImpl:  FOLLOWER 86d4d28c-e81b-49b5-b96f-23d2a28ceddd@group-8747A09E2BA1:t1, leader=null, voted=null, raftlog=86d4d28c-e81b-49b5-b96f-23d2a28ceddd@group-8747A09E2BA1-SegmentedRaftLog:OPENED:c-1,f-1,i0, conf=-1: [86d4d28c-e81b-49b5-b96f-23d2a28ceddd:172.21.0.6:9858:0, fd63f78a-d5b2-4913-9f5e-f3692ea8db0f:172.21.0.8:9858:0, 3aed1cfd-90de-4d16-810b-f949c015b59e:172.21.0.7:9858:0], old=null RUNNING priority:0 candidate:3aed1cfd-90de-4d16-810b-f949c015b59e:172.21.0.7:9858:0 candidatePriority:0 compare:0
datanode_1  | 2020-10-30 23:38:44,251 [86d4d28c-e81b-49b5-b96f-23d2a28ceddd@group-F69A2B0ABA19-LeaderElection1] INFO impl.RoleInfo: 86d4d28c-e81b-49b5-b96f-23d2a28ceddd: start LeaderState
datanode_1  | 2020-10-30 23:38:44,296 [86d4d28c-e81b-49b5-b96f-23d2a28ceddd@group-F69A2B0ABA19-LeaderElection1] INFO segmented.SegmentedRaftLogWorker: 86d4d28c-e81b-49b5-b96f-23d2a28ceddd@group-F69A2B0ABA19-SegmentedRaftLogWorker: Starting segment from index:0
datanode_1  | 2020-10-30 23:38:44,355 [86d4d28c-e81b-49b5-b96f-23d2a28ceddd@group-F69A2B0ABA19-LeaderElection1] INFO impl.RaftServerImpl: 86d4d28c-e81b-49b5-b96f-23d2a28ceddd@group-F69A2B0ABA19: set configuration 0: [86d4d28c-e81b-49b5-b96f-23d2a28ceddd:172.21.0.6:9858:0], old=null at 0
rm_1        | 2020-10-30 23:40:08 INFO  RMAppAttemptImpl:927 - appattempt_1604101109153_0001_000001 State change from RUNNING to FINAL_SAVING on event = UNREGISTERED
nm_1        | 2020-10-30 23:39:55 INFO  Configuration:3318 - Removed undeclared tags:
datanode_1  | 2020-10-30 23:38:44,431 [grpc-default-executor-1] INFO ratis.XceiverServerRatis: Leader change notification received for group: group-8747A09E2BA1 with new leaderId: 3aed1cfd-90de-4d16-810b-f949c015b59e
rm_1        | 2020-10-30 23:40:08 INFO  RMAppImpl:1278 - Updating application application_1604101109153_0001 with final state: FINISHING
datanode_1  | 2020-10-30 23:38:44,437 [grpc-default-executor-1] INFO impl.RaftServerImpl: 86d4d28c-e81b-49b5-b96f-23d2a28ceddd@group-8747A09E2BA1: change Leader from null to 3aed1cfd-90de-4d16-810b-f949c015b59e at term 1 for appendEntries, leader elected after 5293ms
nm_1        | 2020-10-30 23:39:55 INFO  ContainerImpl:2126 - Container container_1604101109153_0001_01_000003 transitioned from SCHEDULED to RUNNING
rm_1        | 2020-10-30 23:40:08 INFO  RMAppImpl:912 - application_1604101109153_0001 State change from RUNNING to FINAL_SAVING on event = ATTEMPT_UNREGISTERED
datanode_1  | 2020-10-30 23:38:44,489 [grpc-default-executor-1] INFO impl.RaftServerImpl: 86d4d28c-e81b-49b5-b96f-23d2a28ceddd@group-8747A09E2BA1: set configuration 0: [86d4d28c-e81b-49b5-b96f-23d2a28ceddd:172.21.0.6:9858:0, fd63f78a-d5b2-4913-9f5e-f3692ea8db0f:172.21.0.8:9858:0, 3aed1cfd-90de-4d16-810b-f949c015b59e:172.21.0.7:9858:0], old=null at 0
nm_1        | 2020-10-30 23:39:55 INFO  ContainersMonitorImpl:943 - Starting resource-monitoring for container_1604101109153_0001_01_000003
rm_1        | 2020-10-30 23:40:08 INFO  RMStateStore:260 - Updating info for app: application_1604101109153_0001
nm_1        | 2020-10-30 23:39:55 INFO  DefaultContainerExecutor:370 - launchContainer: [bash, /tmp/hadoop-hadoop/nm-local-dir/usercache/hadoop/appcache/application_1604101109153_0001/container_1604101109153_0001_01_000003/default_container_executor.sh]
datanode_1  | 2020-10-30 23:38:44,491 [grpc-default-executor-1] INFO segmented.SegmentedRaftLogWorker: 86d4d28c-e81b-49b5-b96f-23d2a28ceddd@group-8747A09E2BA1-SegmentedRaftLogWorker: Starting segment from index:0
rm_1        | 2020-10-30 23:40:08 INFO  RMAppAttemptImpl:927 - appattempt_1604101109153_0001_000001 State change from FINAL_SAVING to FINISHING on event = ATTEMPT_UPDATE_SAVED
nm_1        | 2020-10-30 23:39:55 INFO  NodeStatusUpdaterImpl:696 - Removed completed containers from NM context: [container_1604101109153_0001_01_000002]
datanode_1  | 2020-10-30 23:38:44,492 [86d4d28c-e81b-49b5-b96f-23d2a28ceddd@group-8747A09E2BA1-SegmentedRaftLogWorker] INFO segmented.SegmentedRaftLogWorker: 86d4d28c-e81b-49b5-b96f-23d2a28ceddd@group-8747A09E2BA1-SegmentedRaftLogWorker: created new log segment /data/metadata/ratis/0b256e7d-8e75-4a27-bc08-8747a09e2ba1/current/log_inprogress_0
rm_1        | 2020-10-30 23:40:08 INFO  RMAppImpl:912 - application_1604101109153_0001 State change from FINAL_SAVING to FINISHING on event = APP_UPDATE_SAVED
nm_1        | 2020-10-30 23:39:56 INFO  ContainersMonitorImpl:567 - container_1604101109153_0001_01_000003's ip = 172.21.0.2, and hostname = nm
datanode_1  | 2020-10-30 23:38:44,496 [86d4d28c-e81b-49b5-b96f-23d2a28ceddd@group-F69A2B0ABA19-SegmentedRaftLogWorker] INFO segmented.SegmentedRaftLogWorker: 86d4d28c-e81b-49b5-b96f-23d2a28ceddd@group-F69A2B0ABA19-SegmentedRaftLogWorker: created new log segment /data/metadata/ratis/32e8de7a-5a75-4b1c-a18c-f69a2b0aba19/current/log_inprogress_0
rm_1        | 2020-10-30 23:40:09 INFO  ApplicationMasterService:313 - application_1604101109153_0001 unregistered successfully. 
nm_1        | 2020-10-30 23:39:58 INFO  ContainerLaunch:589 - Container container_1604101109153_0001_01_000003 succeeded 
rm_1        | 2020-10-30 23:40:12 INFO  ClientRMService:341 - Allocated new applicationId: 2
nm_1        | 2020-10-30 23:39:58 INFO  ContainerImpl:2126 - Container container_1604101109153_0001_01_000003 transitioned from RUNNING to EXITED_WITH_SUCCESS
rm_1        | 2020-10-30 23:40:14 INFO  CapacityScheduler:2500 - Application 'application_1604101109153_0002' is submitted without priority hence considering default queue/cluster priority: 0
nm_1        | 2020-10-30 23:39:58 INFO  ContainerLaunch:745 - Cleaning up container container_1604101109153_0001_01_000003
rm_1        | 2020-10-30 23:40:14 INFO  CapacityScheduler:2521 - Priority '0' is acceptable in queue : default for application: application_1604101109153_0002
nm_1        | 2020-10-30 23:39:58 INFO  Configuration:3318 - Removed undeclared tags:
rm_1        | 2020-10-30 23:40:14 INFO  ClientRMService:650 - Application with id 2 submitted by user hadoop
nm_1        | 2020-10-30 23:39:58 INFO  DefaultContainerExecutor:634 - Deleting absolute path : /tmp/hadoop-hadoop/nm-local-dir/usercache/hadoop/appcache/application_1604101109153_0001/container_1604101109153_0001_01_000003/launch_container.sh
rm_1        | 2020-10-30 23:40:14 INFO  RMAuditLogger:310 - USER=hadoop	IP=172.21.0.3	OPERATION=Submit Application Request	TARGET=ClientRMService	RESULT=SUCCESS	APPID=application_1604101109153_0002	QUEUENAME=default
nm_1        | 2020-10-30 23:39:58 INFO  DefaultContainerExecutor:634 - Deleting absolute path : /tmp/hadoop-hadoop/nm-local-dir/usercache/hadoop/appcache/application_1604101109153_0001/container_1604101109153_0001_01_000003/container_tokens
rm_1        | 2020-10-30 23:40:14 INFO  RMAppImpl:1259 - Storing application with id application_1604101109153_0002
nm_1        | 2020-10-30 23:39:58 INFO  NMAuditLogger:94 - USER=hadoop	OPERATION=Container Finished - Succeeded	TARGET=ContainerImpl	RESULT=SUCCESS	APPID=application_1604101109153_0001	CONTAINERID=container_1604101109153_0001_01_000003
rm_1        | 2020-10-30 23:40:14 INFO  RMAppImpl:912 - application_1604101109153_0002 State change from NEW to NEW_SAVING on event = START
nm_1        | 2020-10-30 23:39:58 INFO  ContainerImpl:2126 - Container container_1604101109153_0001_01_000003 transitioned from EXITED_WITH_SUCCESS to DONE
rm_1        | 2020-10-30 23:40:14 INFO  RMStateStore:222 - Storing info for app: application_1604101109153_0002
rm_1        | 2020-10-30 23:40:14 INFO  RMAppImpl:912 - application_1604101109153_0002 State change from NEW_SAVING to SUBMITTED on event = APP_NEW_SAVED
rm_1        | 2020-10-30 23:40:14 INFO  ParentQueue:494 - Application added - appId: application_1604101109153_0002 user: hadoop leaf-queue of parent: root #applications: 2
rm_1        | 2020-10-30 23:40:14 INFO  CapacityScheduler:954 - Accepted application application_1604101109153_0002 from user: hadoop, in queue: default
rm_1        | 2020-10-30 23:40:14 INFO  RMAppImpl:912 - application_1604101109153_0002 State change from SUBMITTED to ACCEPTED on event = APP_ACCEPTED
rm_1        | 2020-10-30 23:40:14 INFO  ApplicationMasterService:479 - Registering app attempt : appattempt_1604101109153_0002_000001
rm_1        | 2020-10-30 23:40:14 INFO  RMAppAttemptImpl:927 - appattempt_1604101109153_0002_000001 State change from NEW to SUBMITTED on event = START
rm_1        | 2020-10-30 23:40:14 INFO  LeafQueue:941 - Application added - appId: application_1604101109153_0002 user: hadoop, leaf-queue: default #user-pending-applications: 1 #user-active-applications: 1 #queue-pending-applications: 1 #queue-active-applications: 1
nm_1        | 2020-10-30 23:39:58 INFO  ApplicationImpl:512 - Removing container_1604101109153_0001_01_000003 from application application_1604101109153_0001
rm_1        | 2020-10-30 23:40:14 INFO  CapacityScheduler:1000 - Added Application Attempt appattempt_1604101109153_0002_000001 to scheduler from user hadoop in queue default
nm_1        | 2020-10-30 23:39:58 INFO  ContainersMonitorImpl:934 - Stopping resource-monitoring for container_1604101109153_0001_01_000003
rm_1        | 2020-10-30 23:40:14 INFO  RMAppAttemptImpl:927 - appattempt_1604101109153_0002_000001 State change from SUBMITTED to SCHEDULED on event = ATTEMPT_ADDED
nm_1        | 2020-10-30 23:39:58 INFO  AuxServices:350 - Got event CONTAINER_STOP for appId application_1604101109153_0001
rm_1        | 2020-10-30 23:40:14 INFO  RMContainerImpl:480 - container_1604101109153_0001_01_000001 Container Transitioned from RUNNING to COMPLETED
nm_1        | 2020-10-30 23:40:00 INFO  Server:1845 - Auth successful for appattempt_1604101109153_0001_000001 (auth:SIMPLE)
rm_1        | 2020-10-30 23:40:14 INFO  RMAuditLogger:231 - USER=hadoop	OPERATION=AM Released Container	TARGET=SchedulerApp	RESULT=SUCCESS	APPID=application_1604101109153_0001	CONTAINERID=container_1604101109153_0001_01_000001	RESOURCE=<memory:2048, vCores:1>	QUEUENAME=default
nm_1        | 2020-10-30 23:40:00 INFO  ContainerManagerImpl:1070 - Start request for container_1604101109153_0001_01_000004 by user hadoop
rm_1        | 2020-10-30 23:40:14 INFO  ApplicationMasterService:496 - Unregistering app attempt : appattempt_1604101109153_0001_000001
nm_1        | 2020-10-30 23:40:00 INFO  ApplicationImpl:463 - Adding container_1604101109153_0001_01_000004 to application application_1604101109153_0001
nm_1        | 2020-10-30 23:40:00 INFO  NMAuditLogger:94 - USER=hadoop	IP=172.21.0.2	OPERATION=Start Container Request	TARGET=ContainerManageImpl	RESULT=SUCCESS	APPID=application_1604101109153_0001	CONTAINERID=container_1604101109153_0001_01_000004
nm_1        | 2020-10-30 23:40:00 INFO  ContainerImpl:2126 - Container container_1604101109153_0001_01_000004 transitioned from NEW to LOCALIZING
nm_1        | 2020-10-30 23:40:00 INFO  AuxServices:350 - Got event CONTAINER_INIT for appId application_1604101109153_0001
nm_1        | 2020-10-30 23:40:00 INFO  AuxServices:350 - Got event APPLICATION_INIT for appId application_1604101109153_0001
nm_1        | 2020-10-30 23:40:00 INFO  AuxServices:354 - Got APPLICATION_INIT for service mapreduce_shuffle
nm_1        | 2020-10-30 23:40:00 INFO  ShuffleHandler:719 - Added token for job_1604101109153_0001
nm_1        | 2020-10-30 23:40:00 INFO  ContainerImpl:2126 - Container container_1604101109153_0001_01_000004 transitioned from LOCALIZING to SCHEDULED
nm_1        | 2020-10-30 23:40:00 INFO  ContainerScheduler:511 - Starting container [container_1604101109153_0001_01_000004]
nm_1        | 2020-10-30 23:40:00 INFO  Configuration:3318 - Removed undeclared tags:
nm_1        | 2020-10-30 23:40:00 INFO  ContainerImpl:2126 - Container container_1604101109153_0001_01_000004 transitioned from SCHEDULED to RUNNING
nm_1        | 2020-10-30 23:40:00 INFO  ContainersMonitorImpl:943 - Starting resource-monitoring for container_1604101109153_0001_01_000004
nm_1        | 2020-10-30 23:40:00 INFO  DefaultContainerExecutor:370 - launchContainer: [bash, /tmp/hadoop-hadoop/nm-local-dir/usercache/hadoop/appcache/application_1604101109153_0001/container_1604101109153_0001_01_000004/default_container_executor.sh]
nm_1        | 2020-10-30 23:40:00 INFO  NodeStatusUpdaterImpl:696 - Removed completed containers from NM context: [container_1604101109153_0001_01_000003]
nm_1        | 2020-10-30 23:40:02 INFO  ContainersMonitorImpl:567 - container_1604101109153_0001_01_000004's ip = 172.21.0.2, and hostname = nm
nm_1        | 2020-10-30 23:40:03 INFO  ContainerLaunch:589 - Container container_1604101109153_0001_01_000004 succeeded 
nm_1        | 2020-10-30 23:40:03 INFO  ContainerImpl:2126 - Container container_1604101109153_0001_01_000004 transitioned from RUNNING to EXITED_WITH_SUCCESS
nm_1        | 2020-10-30 23:40:03 INFO  ContainerLaunch:745 - Cleaning up container container_1604101109153_0001_01_000004
nm_1        | 2020-10-30 23:40:03 INFO  Configuration:3318 - Removed undeclared tags:
nm_1        | 2020-10-30 23:40:03 INFO  DefaultContainerExecutor:634 - Deleting absolute path : /tmp/hadoop-hadoop/nm-local-dir/usercache/hadoop/appcache/application_1604101109153_0001/container_1604101109153_0001_01_000004/launch_container.sh
nm_1        | 2020-10-30 23:40:03 INFO  DefaultContainerExecutor:634 - Deleting absolute path : /tmp/hadoop-hadoop/nm-local-dir/usercache/hadoop/appcache/application_1604101109153_0001/container_1604101109153_0001_01_000004/container_tokens
nm_1        | 2020-10-30 23:40:03 INFO  NMAuditLogger:94 - USER=hadoop	OPERATION=Container Finished - Succeeded	TARGET=ContainerImpl	RESULT=SUCCESS	APPID=application_1604101109153_0001	CONTAINERID=container_1604101109153_0001_01_000004
nm_1        | 2020-10-30 23:40:03 INFO  ContainerImpl:2126 - Container container_1604101109153_0001_01_000004 transitioned from EXITED_WITH_SUCCESS to DONE
nm_1        | 2020-10-30 23:40:03 INFO  ApplicationImpl:512 - Removing container_1604101109153_0001_01_000004 from application application_1604101109153_0001
nm_1        | 2020-10-30 23:40:03 INFO  ContainersMonitorImpl:934 - Stopping resource-monitoring for container_1604101109153_0001_01_000004
rm_1        | 2020-10-30 23:40:14 INFO  AMRMTokenSecretManager:124 - Application finished, removing password for appattempt_1604101109153_0001_000001
nm_1        | 2020-10-30 23:40:03 INFO  AuxServices:350 - Got event CONTAINER_STOP for appId application_1604101109153_0001
rm_1        | 2020-10-30 23:40:14 INFO  RMAppAttemptImpl:927 - appattempt_1604101109153_0001_000001 State change from FINISHING to FINISHED on event = CONTAINER_FINISHED
nm_1        | 2020-10-30 23:40:04 INFO  Server:1845 - Auth successful for appattempt_1604101109153_0001_000001 (auth:SIMPLE)
rm_1        | 2020-10-30 23:40:14 INFO  RMAppImpl:912 - application_1604101109153_0001 State change from FINISHING to FINISHED on event = ATTEMPT_FINISHED
nm_1        | 2020-10-30 23:40:04 INFO  ContainerManagerImpl:1070 - Start request for container_1604101109153_0001_01_000005 by user hadoop
rm_1        | 2020-10-30 23:40:14 INFO  RMAuditLogger:358 - USER=hadoop	OPERATION=Application Finished - Succeeded	TARGET=RMAppManager	RESULT=SUCCESS	APPID=application_1604101109153_0001
nm_1        | 2020-10-30 23:40:04 INFO  ApplicationImpl:463 - Adding container_1604101109153_0001_01_000005 to application application_1604101109153_0001
rm_1        | 2020-10-30 23:40:14 INFO  CapacityScheduler:1049 - Application Attempt appattempt_1604101109153_0001_000001 is done. finalState=FINISHED
nm_1        | 2020-10-30 23:40:04 INFO  NMAuditLogger:94 - USER=hadoop	IP=172.21.0.2	OPERATION=Start Container Request	TARGET=ContainerManageImpl	RESULT=SUCCESS	APPID=application_1604101109153_0001	CONTAINERID=container_1604101109153_0001_01_000005
rm_1        | 2020-10-30 23:40:14 INFO  AppSchedulingInfo:159 - Application application_1604101109153_0001 requests cleared
nm_1        | 2020-10-30 23:40:04 INFO  ContainerImpl:2126 - Container container_1604101109153_0001_01_000005 transitioned from NEW to LOCALIZING
rm_1        | 2020-10-30 23:40:14 WARN  LeafQueue:846 - maximum-am-resource-percent is insufficient to start a single application in queue, it is likely set too low. skipping enforcement to allow at least one application to start
nm_1        | 2020-10-30 23:40:04 INFO  AuxServices:350 - Got event CONTAINER_INIT for appId application_1604101109153_0001
rm_1        | 2020-10-30 23:40:14 WARN  LeafQueue:882 - maximum-am-resource-percent is insufficient to start a single application in queue for user, it is likely set too low. skipping enforcement to allow at least one application to start
nm_1        | 2020-10-30 23:40:04 INFO  AuxServices:350 - Got event APPLICATION_INIT for appId application_1604101109153_0001
rm_1        | 2020-10-30 23:40:14 INFO  LeafQueue:911 - Application application_1604101109153_0002 from user: hadoop activated in queue: default
nm_1        | 2020-10-30 23:40:04 INFO  AuxServices:354 - Got APPLICATION_INIT for service mapreduce_shuffle
nm_1        | 2020-10-30 23:40:04 INFO  ShuffleHandler:719 - Added token for job_1604101109153_0001
rm_1        | 2020-10-30 23:40:14 INFO  LeafQueue:1003 - Application removed - appId: application_1604101109153_0001 user: hadoop queue: default #user-pending-applications: 0 #user-active-applications: 1 #queue-pending-applications: 0 #queue-active-applications: 1
nm_1        | 2020-10-30 23:40:04 INFO  ContainerImpl:2126 - Container container_1604101109153_0001_01_000005 transitioned from LOCALIZING to SCHEDULED
rm_1        | 2020-10-30 23:40:14 INFO  ParentQueue:522 - Application removed - appId: application_1604101109153_0001 user: hadoop leaf-queue of parent: root #applications: 1
nm_1        | 2020-10-30 23:40:04 INFO  ContainerScheduler:511 - Starting container [container_1604101109153_0001_01_000005]
rm_1        | 2020-10-30 23:40:14 INFO  AMLauncher:317 - Cleaning master appattempt_1604101109153_0001_000001
nm_1        | 2020-10-30 23:40:04 INFO  Configuration:3318 - Removed undeclared tags:
rm_1        | 2020-10-30 23:40:14 INFO  RMAppManager$ApplicationSummary:212 - appId=application_1604101109153_0001,name=QuasiMonteCarlo,user=hadoop,queue=default,state=FINISHED,trackingUrl=http://rm:8088/proxy/application_1604101109153_0001/,appMasterHost=nm,submitTime=1604101179200,startTime=1604101179257,finishTime=1604101208473,finalStatus=SUCCEEDED,memorySeconds=141391,vcoreSeconds=50,preemptedMemorySeconds=0,preemptedVcoreSeconds=0,preemptedAMContainers=0,preemptedNonAMContainers=0,preemptedResources=<memory:0\, vCores:0>,applicationType=MAPREDUCE,resourceSeconds=141391 MB-seconds\, 50 vcore-seconds,preemptedResourceSeconds=0 MB-seconds\, 0 vcore-seconds
nm_1        | 2020-10-30 23:40:04 INFO  ContainerImpl:2126 - Container container_1604101109153_0001_01_000005 transitioned from SCHEDULED to RUNNING
nm_1        | 2020-10-30 23:40:04 INFO  ContainersMonitorImpl:943 - Starting resource-monitoring for container_1604101109153_0001_01_000005
rm_1        | 2020-10-30 23:40:15 INFO  AbstractContainerAllocator:129 - assignedContainer application attempt=appattempt_1604101109153_0002_000001 container=null queue=default clusterResource=<memory:8192, vCores:8> type=OFF_SWITCH requestedPartition=
nm_1        | 2020-10-30 23:40:04 INFO  DefaultContainerExecutor:370 - launchContainer: [bash, /tmp/hadoop-hadoop/nm-local-dir/usercache/hadoop/appcache/application_1604101109153_0001/container_1604101109153_0001_01_000005/default_container_executor.sh]
rm_1        | 2020-10-30 23:40:15 INFO  RMContainerImpl:480 - container_1604101109153_0002_01_000001 Container Transitioned from NEW to ALLOCATED
nm_1        | 2020-10-30 23:40:05 INFO  ContainersMonitorImpl:567 - container_1604101109153_0001_01_000005's ip = 172.21.0.2, and hostname = nm
rm_1        | 2020-10-30 23:40:15 INFO  FiCaSchedulerNode:169 - Assigned container container_1604101109153_0002_01_000001 of capacity <memory:2048, vCores:1> on host nm:40093, which has 1 containers, <memory:2048, vCores:1> used and <memory:6144, vCores:7> available after allocation
nm_1        | 2020-10-30 23:40:05 INFO  NodeStatusUpdaterImpl:696 - Removed completed containers from NM context: [container_1604101109153_0001_01_000004]
rm_1        | 2020-10-30 23:40:15 INFO  RMAuditLogger:231 - USER=hadoop	OPERATION=AM Allocated Container	TARGET=SchedulerApp	RESULT=SUCCESS	APPID=application_1604101109153_0002	CONTAINERID=container_1604101109153_0002_01_000001	RESOURCE=<memory:2048, vCores:1>	QUEUENAME=default
nm_1        | 2020-10-30 23:40:06 INFO  Configuration:3318 - Removed undeclared tags:
rm_1        | 2020-10-30 23:40:15 INFO  NMTokenSecretManagerInRM:200 - Sending NMToken for nodeId : nm:40093 for container : container_1604101109153_0002_01_000001
rm_1        | 2020-10-30 23:40:15 INFO  RMContainerImpl:480 - container_1604101109153_0002_01_000001 Container Transitioned from ALLOCATED to ACQUIRED
rm_1        | 2020-10-30 23:40:15 INFO  NMTokenSecretManagerInRM:146 - Clear node set for appattempt_1604101109153_0002_000001
rm_1        | 2020-10-30 23:40:15 INFO  ParentQueue:1340 - assignedContainer queue=root usedCapacity=0.25 absoluteUsedCapacity=0.25 used=<memory:2048, vCores:1> cluster=<memory:8192, vCores:8>
rm_1        | 2020-10-30 23:40:15 INFO  CapacityScheduler:2894 - Allocation proposal accepted
rm_1        | 2020-10-30 23:40:15 INFO  RMAppAttemptImpl:2221 - Storing attempt: AppId: application_1604101109153_0002 AttemptId: appattempt_1604101109153_0002_000001 MasterContainer: Container: [ContainerId: container_1604101109153_0002_01_000001, AllocationRequestId: -1, Version: 0, NodeId: nm:40093, NodeHttpAddress: nm:8042, Resource: <memory:2048, vCores:1>, Priority: 0, Token: Token { kind: ContainerToken, service: 172.21.0.2:40093 }, ExecutionType: GUARANTEED, ]
rm_1        | 2020-10-30 23:40:15 INFO  RMAppAttemptImpl:927 - appattempt_1604101109153_0002_000001 State change from SCHEDULED to ALLOCATED_SAVING on event = CONTAINER_ALLOCATED
rm_1        | 2020-10-30 23:40:15 INFO  RMAppAttemptImpl:927 - appattempt_1604101109153_0002_000001 State change from ALLOCATED_SAVING to ALLOCATED on event = ATTEMPT_NEW_SAVED
rm_1        | 2020-10-30 23:40:15 INFO  AMLauncher:307 - Launching masterappattempt_1604101109153_0002_000001
rm_1        | 2020-10-30 23:40:15 INFO  AMLauncher:109 - Setting up container Container: [ContainerId: container_1604101109153_0002_01_000001, AllocationRequestId: -1, Version: 0, NodeId: nm:40093, NodeHttpAddress: nm:8042, Resource: <memory:2048, vCores:1>, Priority: 0, Token: Token { kind: ContainerToken, service: 172.21.0.2:40093 }, ExecutionType: GUARANTEED, ] for AM appattempt_1604101109153_0002_000001
rm_1        | 2020-10-30 23:40:15 INFO  AMRMTokenSecretManager:195 - Create AMRMToken for ApplicationAttempt: appattempt_1604101109153_0002_000001
rm_1        | 2020-10-30 23:40:15 INFO  AMRMTokenSecretManager:307 - Creating password for appattempt_1604101109153_0002_000001
rm_1        | 2020-10-30 23:40:15 INFO  AMLauncher:130 - Done launching container Container: [ContainerId: container_1604101109153_0002_01_000001, AllocationRequestId: -1, Version: 0, NodeId: nm:40093, NodeHttpAddress: nm:8042, Resource: <memory:2048, vCores:1>, Priority: 0, Token: Token { kind: ContainerToken, service: 172.21.0.2:40093 }, ExecutionType: GUARANTEED, ] for AM appattempt_1604101109153_0002_000001
rm_1        | 2020-10-30 23:40:15 INFO  RMAppAttemptImpl:927 - appattempt_1604101109153_0002_000001 State change from ALLOCATED to LAUNCHED on event = LAUNCHED
rm_1        | 2020-10-30 23:40:16 INFO  RMContainerImpl:480 - container_1604101109153_0002_01_000001 Container Transitioned from ACQUIRED to RUNNING
rm_1        | 2020-10-30 23:40:21 INFO  Server:1845 - Auth successful for appattempt_1604101109153_0002_000001 (auth:SIMPLE)
rm_1        | 2020-10-30 23:40:21 INFO  DefaultAMSProcessor:127 - AM registration appattempt_1604101109153_0002_000001
rm_1        | 2020-10-30 23:40:21 INFO  RMAuditLogger:294 - USER=hadoop	IP=172.21.0.2	OPERATION=Register App Master	TARGET=ApplicationMasterService	RESULT=SUCCESS	APPID=application_1604101109153_0002	APPATTEMPTID=appattempt_1604101109153_0002_000001
rm_1        | 2020-10-30 23:40:21 INFO  RMAppAttemptImpl:927 - appattempt_1604101109153_0002_000001 State change from LAUNCHED to RUNNING on event = REGISTERED
rm_1        | 2020-10-30 23:40:21 INFO  RMAppImpl:912 - application_1604101109153_0002 State change from ACCEPTED to RUNNING on event = ATTEMPT_REGISTERED
rm_1        | 2020-10-30 23:40:23 INFO  AbstractContainerAllocator:129 - assignedContainer application attempt=appattempt_1604101109153_0002_000001 container=null queue=default clusterResource=<memory:8192, vCores:8> type=RACK_LOCAL requestedPartition=
rm_1        | 2020-10-30 23:40:23 INFO  RMContainerImpl:480 - container_1604101109153_0002_01_000002 Container Transitioned from NEW to ALLOCATED
nm_1        | 2020-10-30 23:40:06 INFO  Configuration:3318 - Removed undeclared tags:
rm_1        | 2020-10-30 23:40:23 INFO  FiCaSchedulerNode:169 - Assigned container container_1604101109153_0002_01_000002 of capacity <memory:4096, vCores:1> on host nm:40093, which has 2 containers, <memory:6144, vCores:2> used and <memory:2048, vCores:6> available after allocation
nm_1        | 2020-10-30 23:40:08 INFO  ContainerLaunch:589 - Container container_1604101109153_0001_01_000005 succeeded 
rm_1        | 2020-10-30 23:40:23 INFO  RMAuditLogger:231 - USER=hadoop	OPERATION=AM Allocated Container	TARGET=SchedulerApp	RESULT=SUCCESS	APPID=application_1604101109153_0002	CONTAINERID=container_1604101109153_0002_01_000002	RESOURCE=<memory:4096, vCores:1>	QUEUENAME=default
nm_1        | 2020-10-30 23:40:08 INFO  ContainerImpl:2126 - Container container_1604101109153_0001_01_000005 transitioned from RUNNING to EXITED_WITH_SUCCESS
rm_1        | 2020-10-30 23:40:23 INFO  ParentQueue:1340 - assignedContainer queue=root usedCapacity=0.75 absoluteUsedCapacity=0.75 used=<memory:6144, vCores:2> cluster=<memory:8192, vCores:8>
nm_1        | 2020-10-30 23:40:08 INFO  ContainerLaunch:745 - Cleaning up container container_1604101109153_0001_01_000005
rm_1        | 2020-10-30 23:40:23 INFO  CapacityScheduler:2894 - Allocation proposal accepted
nm_1        | 2020-10-30 23:40:08 INFO  Configuration:3318 - Removed undeclared tags:
rm_1        | 2020-10-30 23:40:24 INFO  NMTokenSecretManagerInRM:200 - Sending NMToken for nodeId : nm:40093 for container : container_1604101109153_0002_01_000002
nm_1        | 2020-10-30 23:40:08 INFO  DefaultContainerExecutor:634 - Deleting absolute path : /tmp/hadoop-hadoop/nm-local-dir/usercache/hadoop/appcache/application_1604101109153_0001/container_1604101109153_0001_01_000005/launch_container.sh
rm_1        | 2020-10-30 23:40:24 INFO  RMContainerImpl:480 - container_1604101109153_0002_01_000002 Container Transitioned from ALLOCATED to ACQUIRED
nm_1        | 2020-10-30 23:40:08 INFO  DefaultContainerExecutor:634 - Deleting absolute path : /tmp/hadoop-hadoop/nm-local-dir/usercache/hadoop/appcache/application_1604101109153_0001/container_1604101109153_0001_01_000005/container_tokens
rm_1        | 2020-10-30 23:40:24 INFO  RMContainerImpl:480 - container_1604101109153_0002_01_000002 Container Transitioned from ACQUIRED to RUNNING
nm_1        | 2020-10-30 23:40:08 INFO  NMAuditLogger:94 - USER=hadoop	OPERATION=Container Finished - Succeeded	TARGET=ContainerImpl	RESULT=SUCCESS	APPID=application_1604101109153_0001	CONTAINERID=container_1604101109153_0001_01_000005
rm_1        | 2020-10-30 23:40:28 INFO  RMContainerImpl:480 - container_1604101109153_0002_01_000002 Container Transitioned from RUNNING to COMPLETED
nm_1        | 2020-10-30 23:40:08 INFO  Server:1845 - Auth successful for appattempt_1604101109153_0001_000001 (auth:SIMPLE)
rm_1        | 2020-10-30 23:40:28 INFO  RMAuditLogger:231 - USER=hadoop	OPERATION=AM Released Container	TARGET=SchedulerApp	RESULT=SUCCESS	APPID=application_1604101109153_0002	CONTAINERID=container_1604101109153_0002_01_000002	RESOURCE=<memory:4096, vCores:1>	QUEUENAME=default
nm_1        | 2020-10-30 23:40:08 INFO  ContainerImpl:2126 - Container container_1604101109153_0001_01_000005 transitioned from EXITED_WITH_SUCCESS to DONE
rm_1        | 2020-10-30 23:40:29 INFO  AbstractContainerAllocator:129 - assignedContainer application attempt=appattempt_1604101109153_0002_000001 container=null queue=default clusterResource=<memory:8192, vCores:8> type=RACK_LOCAL requestedPartition=
nm_1        | 2020-10-30 23:40:08 INFO  ApplicationImpl:512 - Removing container_1604101109153_0001_01_000005 from application application_1604101109153_0001
rm_1        | 2020-10-30 23:40:29 INFO  RMContainerImpl:480 - container_1604101109153_0002_01_000003 Container Transitioned from NEW to ALLOCATED
nm_1        | 2020-10-30 23:40:08 INFO  ContainersMonitorImpl:934 - Stopping resource-monitoring for container_1604101109153_0001_01_000005
rm_1        | 2020-10-30 23:40:29 INFO  FiCaSchedulerNode:169 - Assigned container container_1604101109153_0002_01_000003 of capacity <memory:4096, vCores:1> on host nm:40093, which has 2 containers, <memory:6144, vCores:2> used and <memory:2048, vCores:6> available after allocation
nm_1        | 2020-10-30 23:40:08 INFO  AuxServices:350 - Got event CONTAINER_STOP for appId application_1604101109153_0001
rm_1        | 2020-10-30 23:40:29 INFO  RMAuditLogger:231 - USER=hadoop	OPERATION=AM Allocated Container	TARGET=SchedulerApp	RESULT=SUCCESS	APPID=application_1604101109153_0002	CONTAINERID=container_1604101109153_0002_01_000003	RESOURCE=<memory:4096, vCores:1>	QUEUENAME=default
nm_1        | 2020-10-30 23:40:08 INFO  ContainerManagerImpl:1409 - Stopping container with container Id: container_1604101109153_0001_01_000005
rm_1        | 2020-10-30 23:40:29 INFO  ParentQueue:1340 - assignedContainer queue=root usedCapacity=0.75 absoluteUsedCapacity=0.75 used=<memory:6144, vCores:2> cluster=<memory:8192, vCores:8>
nm_1        | 2020-10-30 23:40:08 INFO  NMAuditLogger:94 - USER=hadoop	IP=172.21.0.2	OPERATION=Stop Container Request	TARGET=ContainerManageImpl	RESULT=SUCCESS	APPID=application_1604101109153_0001	CONTAINERID=container_1604101109153_0001_01_000005
rm_1        | 2020-10-30 23:40:29 INFO  CapacityScheduler:2894 - Allocation proposal accepted
nm_1        | 2020-10-30 23:40:14 INFO  ContainerLaunch:589 - Container container_1604101109153_0001_01_000001 succeeded 
rm_1        | 2020-10-30 23:40:29 INFO  RMContainerImpl:480 - container_1604101109153_0002_01_000003 Container Transitioned from ALLOCATED to ACQUIRED
nm_1        | 2020-10-30 23:40:14 INFO  ContainerImpl:2126 - Container container_1604101109153_0001_01_000001 transitioned from RUNNING to EXITED_WITH_SUCCESS
rm_1        | 2020-10-30 23:40:30 INFO  RMContainerImpl:480 - container_1604101109153_0002_01_000003 Container Transitioned from ACQUIRED to RUNNING
nm_1        | 2020-10-30 23:40:14 INFO  ContainerLaunch:745 - Cleaning up container container_1604101109153_0001_01_000001
rm_1        | 2020-10-30 23:40:32 INFO  RMContainerImpl:480 - container_1604101109153_0002_01_000003 Container Transitioned from RUNNING to COMPLETED
nm_1        | 2020-10-30 23:40:14 INFO  Configuration:3318 - Removed undeclared tags:
rm_1        | 2020-10-30 23:40:32 INFO  RMAuditLogger:231 - USER=hadoop	OPERATION=AM Released Container	TARGET=SchedulerApp	RESULT=SUCCESS	APPID=application_1604101109153_0002	CONTAINERID=container_1604101109153_0002_01_000003	RESOURCE=<memory:4096, vCores:1>	QUEUENAME=default
nm_1        | 2020-10-30 23:40:14 INFO  DefaultContainerExecutor:634 - Deleting absolute path : /tmp/hadoop-hadoop/nm-local-dir/usercache/hadoop/appcache/application_1604101109153_0001/container_1604101109153_0001_01_000001/launch_container.sh
rm_1        | 2020-10-30 23:40:33 INFO  AbstractContainerAllocator:129 - assignedContainer application attempt=appattempt_1604101109153_0002_000001 container=null queue=default clusterResource=<memory:8192, vCores:8> type=RACK_LOCAL requestedPartition=
nm_1        | 2020-10-30 23:40:14 INFO  DefaultContainerExecutor:634 - Deleting absolute path : /tmp/hadoop-hadoop/nm-local-dir/usercache/hadoop/appcache/application_1604101109153_0001/container_1604101109153_0001_01_000001/container_tokens
nm_1        | 2020-10-30 23:40:14 INFO  NMAuditLogger:94 - USER=hadoop	OPERATION=Container Finished - Succeeded	TARGET=ContainerImpl	RESULT=SUCCESS	APPID=application_1604101109153_0001	CONTAINERID=container_1604101109153_0001_01_000001
nm_1        | 2020-10-30 23:40:14 INFO  ContainerImpl:2126 - Container container_1604101109153_0001_01_000001 transitioned from EXITED_WITH_SUCCESS to DONE
nm_1        | 2020-10-30 23:40:14 INFO  ApplicationImpl:512 - Removing container_1604101109153_0001_01_000001 from application application_1604101109153_0001
nm_1        | 2020-10-30 23:40:14 INFO  ContainersMonitorImpl:934 - Stopping resource-monitoring for container_1604101109153_0001_01_000001
nm_1        | 2020-10-30 23:40:14 INFO  AuxServices:350 - Got event CONTAINER_STOP for appId application_1604101109153_0001
nm_1        | 2020-10-30 23:40:14 INFO  Server:1845 - Auth successful for appattempt_1604101109153_0001_000001 (auth:SIMPLE)
nm_1        | 2020-10-30 23:40:14 INFO  ContainerManagerImpl:1409 - Stopping container with container Id: container_1604101109153_0001_01_000001
nm_1        | 2020-10-30 23:40:14 INFO  NMAuditLogger:94 - USER=hadoop	IP=172.21.0.3	OPERATION=Stop Container Request	TARGET=ContainerManageImpl	RESULT=SUCCESS	APPID=application_1604101109153_0001	CONTAINERID=container_1604101109153_0001_01_000001
nm_1        | 2020-10-30 23:40:15 INFO  NodeStatusUpdaterImpl:696 - Removed completed containers from NM context: [container_1604101109153_0001_01_000001]
nm_1        | 2020-10-30 23:40:15 INFO  ApplicationImpl:655 - Application application_1604101109153_0001 transitioned from RUNNING to APPLICATION_RESOURCES_CLEANINGUP
nm_1        | 2020-10-30 23:40:15 INFO  AuxServices:350 - Got event APPLICATION_STOP for appId application_1604101109153_0001
nm_1        | 2020-10-30 23:40:15 INFO  ApplicationImpl:655 - Application application_1604101109153_0001 transitioned from APPLICATION_RESOURCES_CLEANINGUP to FINISHED
nm_1        | 2020-10-30 23:40:15 INFO  NonAggregatingLogHandler:173 - Scheduling Log Deletion for application: application_1604101109153_0001, with delay of 10800 seconds
rm_1        | 2020-10-30 23:40:33 INFO  RMContainerImpl:480 - container_1604101109153_0002_01_000004 Container Transitioned from NEW to ALLOCATED
rm_1        | 2020-10-30 23:40:33 INFO  FiCaSchedulerNode:169 - Assigned container container_1604101109153_0002_01_000004 of capacity <memory:4096, vCores:1> on host nm:40093, which has 2 containers, <memory:6144, vCores:2> used and <memory:2048, vCores:6> available after allocation
nm_1        | 2020-10-30 23:40:15 INFO  Server:1845 - Auth successful for appattempt_1604101109153_0002_000001 (auth:SIMPLE)
rm_1        | 2020-10-30 23:40:33 INFO  RMAuditLogger:231 - USER=hadoop	OPERATION=AM Allocated Container	TARGET=SchedulerApp	RESULT=SUCCESS	APPID=application_1604101109153_0002	CONTAINERID=container_1604101109153_0002_01_000004	RESOURCE=<memory:4096, vCores:1>	QUEUENAME=default
nm_1        | 2020-10-30 23:40:15 INFO  ContainerManagerImpl:1070 - Start request for container_1604101109153_0002_01_000001 by user hadoop
rm_1        | 2020-10-30 23:40:33 INFO  ParentQueue:1340 - assignedContainer queue=root usedCapacity=0.75 absoluteUsedCapacity=0.75 used=<memory:6144, vCores:2> cluster=<memory:8192, vCores:8>
nm_1        | 2020-10-30 23:40:15 INFO  ContainerManagerImpl:1122 - Creating a new application reference for app application_1604101109153_0002
rm_1        | 2020-10-30 23:40:33 INFO  CapacityScheduler:2894 - Allocation proposal accepted
nm_1        | 2020-10-30 23:40:15 INFO  NMAuditLogger:94 - USER=hadoop	IP=172.21.0.3	OPERATION=Start Container Request	TARGET=ContainerManageImpl	RESULT=SUCCESS	APPID=application_1604101109153_0002	CONTAINERID=container_1604101109153_0002_01_000001
rm_1        | 2020-10-30 23:40:34 INFO  RMContainerImpl:480 - container_1604101109153_0002_01_000004 Container Transitioned from ALLOCATED to ACQUIRED
nm_1        | 2020-10-30 23:40:15 INFO  ApplicationImpl:655 - Application application_1604101109153_0002 transitioned from NEW to INITING
rm_1        | 2020-10-30 23:40:34 INFO  RMContainerImpl:480 - container_1604101109153_0002_01_000004 Container Transitioned from ACQUIRED to RUNNING
nm_1        | 2020-10-30 23:40:15 INFO  ApplicationImpl:463 - Adding container_1604101109153_0002_01_000001 to application application_1604101109153_0002
rm_1        | 2020-10-30 23:40:35 INFO  AppSchedulingInfo:367 - checking for deactivate of application :application_1604101109153_0002
nm_1        | 2020-10-30 23:40:15 INFO  ApplicationImpl:655 - Application application_1604101109153_0002 transitioned from INITING to RUNNING
rm_1        | 2020-10-30 23:40:37 INFO  RMContainerImpl:480 - container_1604101109153_0002_01_000004 Container Transitioned from RUNNING to COMPLETED
nm_1        | 2020-10-30 23:40:15 INFO  ContainerImpl:2126 - Container container_1604101109153_0002_01_000001 transitioned from NEW to LOCALIZING
rm_1        | 2020-10-30 23:40:37 INFO  RMAuditLogger:231 - USER=hadoop	OPERATION=AM Released Container	TARGET=SchedulerApp	RESULT=SUCCESS	APPID=application_1604101109153_0002	CONTAINERID=container_1604101109153_0002_01_000004	RESOURCE=<memory:4096, vCores:1>	QUEUENAME=default
nm_1        | 2020-10-30 23:40:15 INFO  AuxServices:350 - Got event CONTAINER_INIT for appId application_1604101109153_0002
rm_1        | 2020-10-30 23:40:37 INFO  AbstractContainerAllocator:129 - assignedContainer application attempt=appattempt_1604101109153_0002_000001 container=null queue=default clusterResource=<memory:8192, vCores:8> type=OFF_SWITCH requestedPartition=
nm_1        | 2020-10-30 23:40:15 INFO  ResourceLocalizationService:801 - Created localizer for container_1604101109153_0002_01_000001
rm_1        | 2020-10-30 23:40:37 INFO  RMContainerImpl:480 - container_1604101109153_0002_01_000005 Container Transitioned from NEW to ALLOCATED
nm_1        | 2020-10-30 23:40:15 INFO  ResourceLocalizationService:1331 - Writing credentials to the nmPrivate file /tmp/hadoop-hadoop/nm-local-dir/nmPrivate/container_1604101109153_0002_01_000001.tokens
rm_1        | 2020-10-30 23:40:37 INFO  FiCaSchedulerNode:169 - Assigned container container_1604101109153_0002_01_000005 of capacity <memory:4096, vCores:1> on host nm:40093, which has 2 containers, <memory:6144, vCores:2> used and <memory:2048, vCores:6> available after allocation
nm_1        | 2020-10-30 23:40:15 INFO  DefaultContainerExecutor:836 - Initializing user hadoop
rm_1        | 2020-10-30 23:40:37 INFO  RMAuditLogger:231 - USER=hadoop	OPERATION=AM Allocated Container	TARGET=SchedulerApp	RESULT=SUCCESS	APPID=application_1604101109153_0002	CONTAINERID=container_1604101109153_0002_01_000005	RESOURCE=<memory:4096, vCores:1>	QUEUENAME=default
nm_1        | 2020-10-30 23:40:15 INFO  DefaultContainerExecutor:166 - Copying from /tmp/hadoop-hadoop/nm-local-dir/nmPrivate/container_1604101109153_0002_01_000001.tokens to /tmp/hadoop-hadoop/nm-local-dir/usercache/hadoop/appcache/application_1604101109153_0002/container_1604101109153_0002_01_000001.tokens
rm_1        | 2020-10-30 23:40:37 INFO  ParentQueue:1340 - assignedContainer queue=root usedCapacity=0.75 absoluteUsedCapacity=0.75 used=<memory:6144, vCores:2> cluster=<memory:8192, vCores:8>
nm_1        | 2020-10-30 23:40:15 INFO  DefaultContainerExecutor:174 - Localizer CWD set to /tmp/hadoop-hadoop/nm-local-dir/usercache/hadoop/appcache/application_1604101109153_0002 = file:/tmp/hadoop-hadoop/nm-local-dir/usercache/hadoop/appcache/application_1604101109153_0002
rm_1        | 2020-10-30 23:40:37 INFO  CapacityScheduler:2894 - Allocation proposal accepted
nm_1        | 2020-10-30 23:40:15 INFO  Configuration:3318 - Removed undeclared tags:
rm_1        | 2020-10-30 23:40:38 INFO  RMContainerImpl:480 - container_1604101109153_0002_01_000005 Container Transitioned from ALLOCATED to ACQUIRED
nm_1        | 2020-10-30 23:40:15 INFO  ContainerLocalizer:139 - Disk Validator: yarn.nodemanager.disk-validator is loaded.
rm_1        | 2020-10-30 23:40:38 INFO  RMContainerImpl:480 - container_1604101109153_0002_01_000005 Container Transitioned from ACQUIRED to RUNNING
nm_1        | 2020-10-30 23:40:15 INFO  Configuration:3318 - Removed undeclared tags:
rm_1        | 2020-10-30 23:40:39 INFO  AppSchedulingInfo:367 - checking for deactivate of application :application_1604101109153_0002
rm_1        | 2020-10-30 23:40:42 INFO  RMContainerImpl:480 - container_1604101109153_0002_01_000005 Container Transitioned from RUNNING to COMPLETED
nm_1        | 2020-10-30 23:40:16 INFO  ContainerImpl:2126 - Container container_1604101109153_0002_01_000001 transitioned from LOCALIZING to SCHEDULED
rm_1        | 2020-10-30 23:40:42 INFO  RMAuditLogger:231 - USER=hadoop	OPERATION=AM Released Container	TARGET=SchedulerApp	RESULT=SUCCESS	APPID=application_1604101109153_0002	CONTAINERID=container_1604101109153_0002_01_000005	RESOURCE=<memory:4096, vCores:1>	QUEUENAME=default
nm_1        | 2020-10-30 23:40:16 INFO  ContainerScheduler:511 - Starting container [container_1604101109153_0002_01_000001]
rm_1        | 2020-10-30 23:40:44 INFO  RMAppAttemptImpl:1420 - Updating application attempt appattempt_1604101109153_0002_000001 with final state: FINISHING, and exit status: -1000
nm_1        | 2020-10-30 23:40:16 INFO  Configuration:3318 - Removed undeclared tags:
rm_1        | 2020-10-30 23:40:44 INFO  RMAppAttemptImpl:927 - appattempt_1604101109153_0002_000001 State change from RUNNING to FINAL_SAVING on event = UNREGISTERED
nm_1        | 2020-10-30 23:40:16 INFO  ContainerImpl:2126 - Container container_1604101109153_0002_01_000001 transitioned from SCHEDULED to RUNNING
rm_1        | 2020-10-30 23:40:44 INFO  RMAppImpl:1278 - Updating application application_1604101109153_0002 with final state: FINISHING
nm_1        | 2020-10-30 23:40:16 INFO  ContainersMonitorImpl:943 - Starting resource-monitoring for container_1604101109153_0002_01_000001
rm_1        | 2020-10-30 23:40:44 INFO  RMAppImpl:912 - application_1604101109153_0002 State change from RUNNING to FINAL_SAVING on event = ATTEMPT_UNREGISTERED
