om1_1       | 	at org.apache.hadoop.ozone.protocolPB.OzoneManagerProtocolServerSideTranslatorPB.submitReadRequestToOM(OzoneManagerProtocolServerSideTranslatorPB.java:186)
scm_1       | 2020-10-30 23:47:17,422 [IPC Server Responder] INFO ipc.Server: IPC Server Responder: starting
om2_1       | 	at org.apache.hadoop.ipc.Server$Handler.run(Server.java:2915)
s3g_1       | 	at java.base/java.security.AccessController.doPrivileged(Native Method)
om1_1       | 	at org.apache.hadoop.ozone.protocolPB.OzoneManagerProtocolServerSideTranslatorPB.processRequest(OzoneManagerProtocolServerSideTranslatorPB.java:123)
scm_1       | 2020-10-30 23:47:17,445 [IPC Server listener on 9860] INFO ipc.Server: IPC Server listener on 9860: starting
om2_1       | 2020-10-30 23:48:30,362 [IPC Server handler 6 on default port 9862] INFO ipc.Server: IPC Server handler 6 on default port 9862, call Call#77 Retry#1 org.apache.hadoop.ozone.om.protocol.OzoneManagerProtocol.submitRequest from 172.23.0.8:54654
s3g_1       | 	at java.base/javax.security.auth.Subject.doAs(Subject.java:423)
om1_1       | 	at org.apache.hadoop.hdds.server.OzoneProtocolMessageDispatcher.processRequest(OzoneProtocolMessageDispatcher.java:87)
scm_1       | 2020-10-30 23:47:17,490 [Listener at 0.0.0.0/9860] INFO server.StorageContainerManager: ScmBlockLocationProtocol RPC server is listening at /0.0.0.0:9863
om2_1       | org.apache.hadoop.ozone.om.exceptions.OMNotLeaderException: OM:om2 is not the leader. Suggested leader is OM:om3.
s3g_1       | 	at org.apache.hadoop.security.UserGroupInformation.doAs(UserGroupInformation.java:1730)
om1_1       | 	at org.apache.hadoop.ozone.protocolPB.OzoneManagerProtocolServerSideTranslatorPB.submitRequest(OzoneManagerProtocolServerSideTranslatorPB.java:113)
scm_1       | 2020-10-30 23:47:17,506 [Listener at 0.0.0.0/9860] INFO server.SCMBlockProtocolServer: RPC server for Block Protocol is listening at /0.0.0.0:9863
om2_1       | 	at org.apache.hadoop.ozone.protocolPB.OzoneManagerProtocolServerSideTranslatorPB.createNotLeaderException(OzoneManagerProtocolServerSideTranslatorPB.java:198)
s3g_1       | 	at org.apache.hadoop.ipc.Server$Handler.run(Server.java:2915)
om1_1       | 	at org.apache.hadoop.ozone.protocol.proto.OzoneManagerProtocolProtos$OzoneManagerService$2.callBlockingMethod(OzoneManagerProtocolProtos.java)
scm_1       | 2020-10-30 23:47:17,509 [IPC Server Responder] INFO ipc.Server: IPC Server Responder: starting
om2_1       | 	at org.apache.hadoop.ozone.protocolPB.OzoneManagerProtocolServerSideTranslatorPB.submitReadRequestToOM(OzoneManagerProtocolServerSideTranslatorPB.java:186)
s3g_1       | , while invoking $Proxy88.submitRequest over nodeId=om2,nodeAddress=om2:9862 after 1 failover attempts. Trying to failover immediately.
om1_1       | 	at org.apache.hadoop.ipc.ProtobufRpcEngine$Server$ProtoBufRpcInvoker.call(ProtobufRpcEngine.java:528)
scm_1       | 2020-10-30 23:47:17,509 [IPC Server listener on 9863] INFO ipc.Server: IPC Server listener on 9863: starting
om2_1       | 	at org.apache.hadoop.ozone.protocolPB.OzoneManagerProtocolServerSideTranslatorPB.processRequest(OzoneManagerProtocolServerSideTranslatorPB.java:123)
s3g_1       | 2020-10-30 23:48:02,460 [qtp337533935-21] INFO rpc.RpcClient: Creating Bucket: s3v/bucket-81914, with Versioning false and Storage Type set to DISK and Encryption set to false 
om1_1       | 	at org.apache.hadoop.ipc.RPC$Server.call(RPC.java:1070)
scm_1       | 2020-10-30 23:47:17,539 [Listener at 0.0.0.0/9860] INFO server.StorageContainerManager: ScmDatanodeProtocl RPC server is listening at /0.0.0.0:9861
om2_1       | 	at org.apache.hadoop.hdds.server.OzoneProtocolMessageDispatcher.processRequest(OzoneProtocolMessageDispatcher.java:87)
s3g_1       | 2020-10-30 23:48:02,831 [qtp337533935-21] INFO endpoint.BucketEndpoint: Location is /bucket-81914
om1_1       | 	at org.apache.hadoop.ipc.Server$RpcCall.run(Server.java:999)
om2_1       | 	at org.apache.hadoop.ozone.protocolPB.OzoneManagerProtocolServerSideTranslatorPB.submitRequest(OzoneManagerProtocolServerSideTranslatorPB.java:113)
s3g_1       | 2020-10-30 23:48:05,520 [qtp337533935-17] INFO retry.RetryInvocationHandler: com.google.protobuf.ServiceException: org.apache.hadoop.ipc.RemoteException(org.apache.hadoop.ozone.om.exceptions.OMNotLeaderException): OM:om2 is not the leader. Suggested leader is OM:om3.
scm_1       | 2020-10-30 23:47:17,546 [Listener at 0.0.0.0/9860] INFO server.SCMDatanodeProtocolServer: RPC server for DataNodes is listening at /0.0.0.0:9861
om1_1       | 	at org.apache.hadoop.ipc.Server$RpcCall.run(Server.java:927)
om2_1       | 	at org.apache.hadoop.ozone.protocol.proto.OzoneManagerProtocolProtos$OzoneManagerService$2.callBlockingMethod(OzoneManagerProtocolProtos.java)
s3g_1       | 	at org.apache.hadoop.ozone.protocolPB.OzoneManagerProtocolServerSideTranslatorPB.createNotLeaderException(OzoneManagerProtocolServerSideTranslatorPB.java:198)
scm_1       | 2020-10-30 23:47:17,546 [IPC Server Responder] INFO ipc.Server: IPC Server Responder: starting
om1_1       | 	at java.base/java.security.AccessController.doPrivileged(Native Method)
om2_1       | 	at org.apache.hadoop.ipc.ProtobufRpcEngine$Server$ProtoBufRpcInvoker.call(ProtobufRpcEngine.java:528)
s3g_1       | 	at org.apache.hadoop.ozone.protocolPB.OzoneManagerProtocolServerSideTranslatorPB.submitReadRequestToOM(OzoneManagerProtocolServerSideTranslatorPB.java:186)
scm_1       | 2020-10-30 23:47:17,547 [IPC Server listener on 9861] INFO ipc.Server: IPC Server listener on 9861: starting
om1_1       | 	at java.base/javax.security.auth.Subject.doAs(Subject.java:423)
om2_1       | 	at org.apache.hadoop.ipc.RPC$Server.call(RPC.java:1070)
s3g_1       | 	at org.apache.hadoop.ozone.protocolPB.OzoneManagerProtocolServerSideTranslatorPB.processRequest(OzoneManagerProtocolServerSideTranslatorPB.java:123)
scm_1       | 2020-10-30 23:47:17,595 [Listener at 0.0.0.0/9860] INFO http.HttpServer2: Jetty bound to port 9876
om1_1       | 	at org.apache.hadoop.security.UserGroupInformation.doAs(UserGroupInformation.java:1730)
om2_1       | 	at org.apache.hadoop.ipc.Server$RpcCall.run(Server.java:999)
s3g_1       | 	at org.apache.hadoop.hdds.server.OzoneProtocolMessageDispatcher.processRequest(OzoneProtocolMessageDispatcher.java:87)
scm_1       | 2020-10-30 23:47:17,596 [Listener at 0.0.0.0/9860] INFO server.Server: jetty-9.4.26.v20200117; built: 2020-01-17T12:35:33.676Z; git: 7b38981d25d14afb4a12ff1f2596756144edf695; jvm 11.0.7+10-LTS
om1_1       | 	at org.apache.hadoop.ipc.Server$Handler.run(Server.java:2915)
om2_1       | 	at org.apache.hadoop.ipc.Server$RpcCall.run(Server.java:927)
s3g_1       | 	at org.apache.hadoop.ozone.protocolPB.OzoneManagerProtocolServerSideTranslatorPB.submitRequest(OzoneManagerProtocolServerSideTranslatorPB.java:113)
s3g_1       | 	at org.apache.hadoop.ozone.protocol.proto.OzoneManagerProtocolProtos$OzoneManagerService$2.callBlockingMethod(OzoneManagerProtocolProtos.java)
s3g_1       | 	at org.apache.hadoop.ipc.ProtobufRpcEngine$Server$ProtoBufRpcInvoker.call(ProtobufRpcEngine.java:528)
s3g_1       | 	at org.apache.hadoop.ipc.RPC$Server.call(RPC.java:1070)
s3g_1       | 	at org.apache.hadoop.ipc.Server$RpcCall.run(Server.java:999)
s3g_1       | 	at org.apache.hadoop.ipc.Server$RpcCall.run(Server.java:927)
s3g_1       | 	at java.base/java.security.AccessController.doPrivileged(Native Method)
s3g_1       | 	at java.base/javax.security.auth.Subject.doAs(Subject.java:423)
scm_1       | 2020-10-30 23:47:17,638 [Listener at 0.0.0.0/9860] INFO server.session: DefaultSessionIdManager workerName=node0
om2_1       | 	at java.base/java.security.AccessController.doPrivileged(Native Method)
om1_1       | 2020-10-30 23:48:19,279 [IPC Server handler 6 on default port 9862] INFO ipc.Server: IPC Server handler 6 on default port 9862, call Call#42 Retry#0 org.apache.hadoop.ozone.om.protocol.OzoneManagerProtocol.submitRequest from 172.23.0.8:40344
s3g_1       | 	at org.apache.hadoop.security.UserGroupInformation.doAs(UserGroupInformation.java:1730)
scm_1       | 2020-10-30 23:47:17,638 [Listener at 0.0.0.0/9860] INFO server.session: No SessionScavenger set, using defaults
om2_1       | 	at java.base/javax.security.auth.Subject.doAs(Subject.java:423)
om1_1       | org.apache.hadoop.ozone.om.exceptions.OMNotLeaderException: OM:om1 is not the leader. Suggested leader is OM:om3.
s3g_1       | 	at org.apache.hadoop.ipc.Server$Handler.run(Server.java:2915)
scm_1       | 2020-10-30 23:47:17,639 [Listener at 0.0.0.0/9860] INFO server.session: node0 Scavenging every 600000ms
om2_1       | 	at org.apache.hadoop.security.UserGroupInformation.doAs(UserGroupInformation.java:1730)
om1_1       | 	at org.apache.hadoop.ozone.protocolPB.OzoneManagerProtocolServerSideTranslatorPB.createNotLeaderException(OzoneManagerProtocolServerSideTranslatorPB.java:198)
s3g_1       | , while invoking $Proxy88.submitRequest over nodeId=om2,nodeAddress=om2:9862 after 1 failover attempts. Trying to failover immediately.
scm_1       | 2020-10-30 23:47:17,655 [Listener at 0.0.0.0/9860] INFO handler.ContextHandler: Started o.e.j.s.ServletContextHandler@664db2ca{logs,/logs,file:///var/log/hadoop/,AVAILABLE}
om2_1       | 	at org.apache.hadoop.ipc.Server$Handler.run(Server.java:2915)
om1_1       | 	at org.apache.hadoop.ozone.protocolPB.OzoneManagerProtocolServerSideTranslatorPB.submitReadRequestToOM(OzoneManagerProtocolServerSideTranslatorPB.java:186)
s3g_1       | 2020-10-30 23:48:05,541 [qtp337533935-17] INFO rpc.RpcClient: Creating Bucket: s3v/bucket-68481, with Versioning false and Storage Type set to DISK and Encryption set to false 
scm_1       | 2020-10-30 23:47:17,668 [Listener at 0.0.0.0/9860] INFO handler.ContextHandler: Started o.e.j.s.ServletContextHandler@5844a2d1{static,/static,jar:file:/opt/hadoop/share/ozone/lib/hadoop-hdds-server-scm-1.1.0-SNAPSHOT.jar!/webapps/static,AVAILABLE}
om2_1       | 2020-10-30 23:48:30,944 [IPC Server handler 2 on default port 9862] INFO ipc.Server: IPC Server handler 2 on default port 9862, call Call#81 Retry#1 org.apache.hadoop.ozone.om.protocol.OzoneManagerProtocol.submitRequest from 172.23.0.8:54662
om1_1       | 	at org.apache.hadoop.ozone.protocolPB.OzoneManagerProtocolServerSideTranslatorPB.processRequest(OzoneManagerProtocolServerSideTranslatorPB.java:123)
s3g_1       | 2020-10-30 23:48:05,560 [qtp337533935-17] INFO endpoint.BucketEndpoint: Location is /bucket-68481
scm_1       | 2020-10-30 23:47:18,311 [Listener at 0.0.0.0/9860] INFO handler.ContextHandler: Started o.e.j.w.WebAppContext@693f2c89{scm,/,file:///tmp/jetty-0_0_0_0-9876-hadoop-hdds-server-scm-1_1_0-SNAPSHOT_jar-_-any-7352449284044395347.dir/webapp/,AVAILABLE}{jar:file:/opt/hadoop/share/ozone/lib/hadoop-hdds-server-scm-1.1.0-SNAPSHOT.jar!/webapps/scm}
om2_1       | org.apache.hadoop.ozone.om.exceptions.OMNotLeaderException: OM:om2 is not the leader. Suggested leader is OM:om3.
om1_1       | 	at org.apache.hadoop.hdds.server.OzoneProtocolMessageDispatcher.processRequest(OzoneProtocolMessageDispatcher.java:87)
s3g_1       | 2020-10-30 23:48:06,108 [qtp337533935-22] INFO retry.RetryInvocationHandler: com.google.protobuf.ServiceException: org.apache.hadoop.ipc.RemoteException(org.apache.hadoop.ozone.om.exceptions.OMNotLeaderException): OM:om2 is not the leader. Suggested leader is OM:om3.
scm_1       | 2020-10-30 23:47:18,398 [Listener at 0.0.0.0/9860] INFO server.AbstractConnector: Started ServerConnector@6fe04f2a{HTTP/1.1,[http/1.1]}{0.0.0.0:9876}
om2_1       | 	at org.apache.hadoop.ozone.protocolPB.OzoneManagerProtocolServerSideTranslatorPB.createNotLeaderException(OzoneManagerProtocolServerSideTranslatorPB.java:198)
om1_1       | 	at org.apache.hadoop.ozone.protocolPB.OzoneManagerProtocolServerSideTranslatorPB.submitRequest(OzoneManagerProtocolServerSideTranslatorPB.java:113)
s3g_1       | 	at org.apache.hadoop.ozone.protocolPB.OzoneManagerProtocolServerSideTranslatorPB.createNotLeaderException(OzoneManagerProtocolServerSideTranslatorPB.java:198)
scm_1       | 2020-10-30 23:47:18,399 [Listener at 0.0.0.0/9860] INFO server.Server: Started @12837ms
om2_1       | 	at org.apache.hadoop.ozone.protocolPB.OzoneManagerProtocolServerSideTranslatorPB.submitReadRequestToOM(OzoneManagerProtocolServerSideTranslatorPB.java:186)
om1_1       | 	at org.apache.hadoop.ozone.protocol.proto.OzoneManagerProtocolProtos$OzoneManagerService$2.callBlockingMethod(OzoneManagerProtocolProtos.java)
s3g_1       | 	at org.apache.hadoop.ozone.protocolPB.OzoneManagerProtocolServerSideTranslatorPB.submitReadRequestToOM(OzoneManagerProtocolServerSideTranslatorPB.java:186)
scm_1       | 2020-10-30 23:47:18,409 [Listener at 0.0.0.0/9860] INFO impl.MetricsSinkAdapter: Sink prometheus started
om2_1       | 	at org.apache.hadoop.ozone.protocolPB.OzoneManagerProtocolServerSideTranslatorPB.processRequest(OzoneManagerProtocolServerSideTranslatorPB.java:123)
om1_1       | 	at org.apache.hadoop.ipc.ProtobufRpcEngine$Server$ProtoBufRpcInvoker.call(ProtobufRpcEngine.java:528)
s3g_1       | 	at org.apache.hadoop.ozone.protocolPB.OzoneManagerProtocolServerSideTranslatorPB.processRequest(OzoneManagerProtocolServerSideTranslatorPB.java:123)
scm_1       | 2020-10-30 23:47:18,409 [Listener at 0.0.0.0/9860] INFO impl.MetricsSystemImpl: Registered sink prometheus
om2_1       | 	at org.apache.hadoop.hdds.server.OzoneProtocolMessageDispatcher.processRequest(OzoneProtocolMessageDispatcher.java:87)
om1_1       | 	at org.apache.hadoop.ipc.RPC$Server.call(RPC.java:1070)
s3g_1       | 	at org.apache.hadoop.hdds.server.OzoneProtocolMessageDispatcher.processRequest(OzoneProtocolMessageDispatcher.java:87)
scm_1       | 2020-10-30 23:47:18,418 [Listener at 0.0.0.0/9860] INFO http.BaseHttpServer: HTTP server of scm listening at http://0.0.0.0:9876
om2_1       | 	at org.apache.hadoop.ozone.protocolPB.OzoneManagerProtocolServerSideTranslatorPB.submitRequest(OzoneManagerProtocolServerSideTranslatorPB.java:113)
om1_1       | 	at org.apache.hadoop.ipc.Server$RpcCall.run(Server.java:999)
s3g_1       | 	at org.apache.hadoop.ozone.protocolPB.OzoneManagerProtocolServerSideTranslatorPB.submitRequest(OzoneManagerProtocolServerSideTranslatorPB.java:113)
scm_1       | 2020-10-30 23:47:18,510 [org.apache.hadoop.util.JvmPauseMonitor$Monitor@632c3f55] INFO util.JvmPauseMonitor: Starting JVM pause monitor
om2_1       | 	at org.apache.hadoop.ozone.protocol.proto.OzoneManagerProtocolProtos$OzoneManagerService$2.callBlockingMethod(OzoneManagerProtocolProtos.java)
om1_1       | 	at org.apache.hadoop.ipc.Server$RpcCall.run(Server.java:927)
s3g_1       | 	at org.apache.hadoop.ozone.protocol.proto.OzoneManagerProtocolProtos$OzoneManagerService$2.callBlockingMethod(OzoneManagerProtocolProtos.java)
scm_1       | 2020-10-30 23:47:19,601 [IPC Server handler 39 on default port 9861] INFO net.NetworkTopologyImpl: Added a new node: /default-rack/f6755888-06e1-482e-b50f-9f2bdab9e73e
om2_1       | 	at org.apache.hadoop.ipc.ProtobufRpcEngine$Server$ProtoBufRpcInvoker.call(ProtobufRpcEngine.java:528)
om1_1       | 	at java.base/java.security.AccessController.doPrivileged(Native Method)
s3g_1       | 	at org.apache.hadoop.ipc.ProtobufRpcEngine$Server$ProtoBufRpcInvoker.call(ProtobufRpcEngine.java:528)
scm_1       | 2020-10-30 23:47:19,634 [IPC Server handler 45 on default port 9861] INFO net.NetworkTopologyImpl: Added a new node: /default-rack/4cc657f3-d4b1-4fff-a0ba-54c6dd54af81
om2_1       | 	at org.apache.hadoop.ipc.RPC$Server.call(RPC.java:1070)
om1_1       | 	at java.base/javax.security.auth.Subject.doAs(Subject.java:423)
s3g_1       | 	at org.apache.hadoop.ipc.RPC$Server.call(RPC.java:1070)
scm_1       | 2020-10-30 23:47:19,649 [IPC Server handler 45 on default port 9861] INFO node.SCMNodeManager: Registered Data node : 4cc657f3-d4b1-4fff-a0ba-54c6dd54af81{ip: 172.23.0.7, host: ozone-om-ha-s3_datanode_1.ozone-om-ha-s3_default, networkLocation: /default-rack, certSerialId: null}
om2_1       | 	at org.apache.hadoop.ipc.Server$RpcCall.run(Server.java:999)
om1_1       | 	at org.apache.hadoop.security.UserGroupInformation.doAs(UserGroupInformation.java:1730)
s3g_1       | 	at org.apache.hadoop.ipc.Server$RpcCall.run(Server.java:999)
scm_1       | 2020-10-30 23:47:19,648 [IPC Server handler 39 on default port 9861] INFO node.SCMNodeManager: Registered Data node : f6755888-06e1-482e-b50f-9f2bdab9e73e{ip: 172.23.0.2, host: ozone-om-ha-s3_datanode_3.ozone-om-ha-s3_default, networkLocation: /default-rack, certSerialId: null}
om2_1       | 	at org.apache.hadoop.ipc.Server$RpcCall.run(Server.java:927)
om1_1       | 	at org.apache.hadoop.ipc.Server$Handler.run(Server.java:2915)
s3g_1       | 	at org.apache.hadoop.ipc.Server$RpcCall.run(Server.java:927)
scm_1       | 2020-10-30 23:47:19,701 [EventQueue-NodeRegistrationContainerReportForContainerSafeModeRule] INFO safemode.SCMSafeModeManager: ContainerSafeModeRule rule is successfully validated
om2_1       | 	at java.base/java.security.AccessController.doPrivileged(Native Method)
om1_1       | 2020-10-30 23:48:19,832 [IPC Server handler 3 on default port 9862] INFO ipc.Server: IPC Server handler 3 on default port 9862, call Call#45 Retry#0 org.apache.hadoop.ozone.om.protocol.OzoneManagerProtocol.submitRequest from 172.23.0.8:40352
s3g_1       | 	at java.base/java.security.AccessController.doPrivileged(Native Method)
scm_1       | 2020-10-30 23:47:19,735 [EventQueue-NodeRegistrationContainerReportForContainerSafeModeRule] INFO safemode.SCMSafeModeManager: ContainerSafeModeRule rule is successfully validated
om2_1       | 	at java.base/javax.security.auth.Subject.doAs(Subject.java:423)
om1_1       | org.apache.hadoop.ozone.om.exceptions.OMNotLeaderException: OM:om1 is not the leader. Suggested leader is OM:om3.
s3g_1       | 	at java.base/javax.security.auth.Subject.doAs(Subject.java:423)
scm_1       | 2020-10-30 23:47:19,705 [EventQueue-NodeRegistrationContainerReportForDataNodeSafeModeRule] INFO safemode.SCMSafeModeManager: SCM in safe mode. 1 DataNodes registered, 3 required.
om2_1       | 	at org.apache.hadoop.security.UserGroupInformation.doAs(UserGroupInformation.java:1730)
om1_1       | 	at org.apache.hadoop.ozone.protocolPB.OzoneManagerProtocolServerSideTranslatorPB.createNotLeaderException(OzoneManagerProtocolServerSideTranslatorPB.java:198)
s3g_1       | 	at org.apache.hadoop.security.UserGroupInformation.doAs(UserGroupInformation.java:1730)
scm_1       | 2020-10-30 23:47:19,769 [EventQueue-NodeRegistrationContainerReportForDataNodeSafeModeRule] INFO safemode.SCMSafeModeManager: SCM in safe mode. 2 DataNodes registered, 3 required.
om2_1       | 	at org.apache.hadoop.ipc.Server$Handler.run(Server.java:2915)
om1_1       | 	at org.apache.hadoop.ozone.protocolPB.OzoneManagerProtocolServerSideTranslatorPB.submitReadRequestToOM(OzoneManagerProtocolServerSideTranslatorPB.java:186)
s3g_1       | 	at org.apache.hadoop.ipc.Server$Handler.run(Server.java:2915)
scm_1       | 2020-10-30 23:47:20,081 [IPC Server handler 45 on default port 9861] INFO net.NetworkTopologyImpl: Added a new node: /default-rack/34b55244-7a03-4c5f-952a-702df7dd342d
om2_1       | 2020-10-30 23:48:32,542 [IPC Server handler 8 on default port 9862] INFO ipc.Server: IPC Server handler 8 on default port 9862, call Call#87 Retry#1 org.apache.hadoop.ozone.om.protocol.OzoneManagerProtocol.submitRequest from 172.23.0.8:54674
om1_1       | 	at org.apache.hadoop.ozone.protocolPB.OzoneManagerProtocolServerSideTranslatorPB.processRequest(OzoneManagerProtocolServerSideTranslatorPB.java:123)
s3g_1       | , while invoking $Proxy88.submitRequest over nodeId=om2,nodeAddress=om2:9862 after 1 failover attempts. Trying to failover immediately.
scm_1       | 2020-10-30 23:47:20,102 [IPC Server handler 45 on default port 9861] INFO node.SCMNodeManager: Registered Data node : 34b55244-7a03-4c5f-952a-702df7dd342d{ip: 172.23.0.6, host: ozone-om-ha-s3_datanode_2.ozone-om-ha-s3_default, networkLocation: /default-rack, certSerialId: null}
om2_1       | org.apache.hadoop.ozone.om.exceptions.OMNotLeaderException: OM:om2 is not the leader. Suggested leader is OM:om3.
om1_1       | 	at org.apache.hadoop.hdds.server.OzoneProtocolMessageDispatcher.processRequest(OzoneProtocolMessageDispatcher.java:87)
s3g_1       | 2020-10-30 23:48:07,898 [qtp337533935-22] INFO impl.MetricsConfig: Loaded properties from hadoop-metrics2.properties
scm_1       | 2020-10-30 23:47:20,103 [EventQueue-NodeRegistrationContainerReportForDataNodeSafeModeRule] INFO safemode.SCMSafeModeManager: SCM in safe mode. 3 DataNodes registered, 3 required.
om2_1       | 	at org.apache.hadoop.ozone.protocolPB.OzoneManagerProtocolServerSideTranslatorPB.createNotLeaderException(OzoneManagerProtocolServerSideTranslatorPB.java:198)
om1_1       | 	at org.apache.hadoop.ozone.protocolPB.OzoneManagerProtocolServerSideTranslatorPB.submitRequest(OzoneManagerProtocolServerSideTranslatorPB.java:113)
s3g_1       | 2020-10-30 23:48:07,942 [qtp337533935-22] INFO impl.MetricsSystemImpl: Scheduled Metric snapshot period at 10 second(s).
scm_1       | 2020-10-30 23:47:20,104 [EventQueue-NodeRegistrationContainerReportForDataNodeSafeModeRule] INFO safemode.SCMSafeModeManager: DataNodeSafeModeRule rule is successfully validated
scm_1       | 2020-10-30 23:47:20,104 [EventQueue-NodeRegistrationContainerReportForDataNodeSafeModeRule] INFO safemode.SCMSafeModeManager: All SCM safe mode pre check rules have passed
om1_1       | 	at org.apache.hadoop.ozone.protocol.proto.OzoneManagerProtocolProtos$OzoneManagerService$2.callBlockingMethod(OzoneManagerProtocolProtos.java)
s3g_1       | 2020-10-30 23:48:07,942 [qtp337533935-22] INFO impl.MetricsSystemImpl: XceiverClientMetrics metrics system started
scm_1       | 2020-10-30 23:47:20,118 [EventQueue-NodeRegistrationContainerReportForContainerSafeModeRule] INFO safemode.SCMSafeModeManager: ContainerSafeModeRule rule is successfully validated
om2_1       | 	at org.apache.hadoop.ozone.protocolPB.OzoneManagerProtocolServerSideTranslatorPB.submitReadRequestToOM(OzoneManagerProtocolServerSideTranslatorPB.java:186)
om1_1       | 	at org.apache.hadoop.ipc.ProtobufRpcEngine$Server$ProtoBufRpcInvoker.call(ProtobufRpcEngine.java:528)
s3g_1       | 2020-10-30 23:48:07,945 [qtp337533935-22] WARN impl.MetricsSystemImpl: Sink prometheus already exists!
scm_1       | 2020-10-30 23:47:20,119 [RatisPipelineUtilsThread] INFO pipeline.RatisPipelineProvider: Sending CreatePipelineCommand for pipeline:PipelineID=99312b3c-e67a-4987-a9ae-99efc2453435 to datanode:f6755888-06e1-482e-b50f-9f2bdab9e73e
om2_1       | 	at org.apache.hadoop.ozone.protocolPB.OzoneManagerProtocolServerSideTranslatorPB.processRequest(OzoneManagerProtocolServerSideTranslatorPB.java:123)
om1_1       | 	at org.apache.hadoop.ipc.RPC$Server.call(RPC.java:1070)
s3g_1       | 2020-10-30 23:48:08,232 [qtp337533935-22] INFO metrics.MetricRegistries: Loaded MetricRegistries class org.apache.ratis.metrics.impl.MetricRegistriesImpl
scm_1       | 2020-10-30 23:47:20,282 [RatisPipelineUtilsThread] INFO pipeline.PipelineStateManager: Created pipeline Pipeline[ Id: 99312b3c-e67a-4987-a9ae-99efc2453435, Nodes: f6755888-06e1-482e-b50f-9f2bdab9e73e{ip: 172.23.0.2, host: ozone-om-ha-s3_datanode_3.ozone-om-ha-s3_default, networkLocation: /default-rack, certSerialId: null}, Type:RATIS, Factor:ONE, State:ALLOCATED, leaderId:, CreationTimestamp2020-10-30T23:47:19.786477Z]
om2_1       | 	at org.apache.hadoop.hdds.server.OzoneProtocolMessageDispatcher.processRequest(OzoneProtocolMessageDispatcher.java:87)
om1_1       | 	at org.apache.hadoop.ipc.Server$RpcCall.run(Server.java:999)
s3g_1       | 2020-10-30 23:48:08,232 [qtp337533935-22] INFO metrics.RatisMetrics: Creating Metrics Registry : ratis.client_message_metrics.client-33FED7E2EBA4->4cc657f3-d4b1-4fff-a0ba-54c6dd54af81
scm_1       | 2020-10-30 23:47:20,333 [RatisPipelineUtilsThread] INFO pipeline.RatisPipelineProvider: Sending CreatePipelineCommand for pipeline:PipelineID=4ddd9134-4700-488b-959e-8485b3effc64 to datanode:4cc657f3-d4b1-4fff-a0ba-54c6dd54af81
om2_1       | 	at org.apache.hadoop.ozone.protocolPB.OzoneManagerProtocolServerSideTranslatorPB.submitRequest(OzoneManagerProtocolServerSideTranslatorPB.java:113)
om1_1       | 	at org.apache.hadoop.ipc.Server$RpcCall.run(Server.java:927)
s3g_1       | 2020-10-30 23:48:08,233 [qtp337533935-22] WARN impl.MetricRegistriesImpl: First MetricRegistry has been created without registering reporters. You may need to call MetricRegistries.global().addReportRegistration(...) before.
scm_1       | 2020-10-30 23:47:20,345 [RatisPipelineUtilsThread] INFO pipeline.RatisPipelineProvider: Sending CreatePipelineCommand for pipeline:PipelineID=4ddd9134-4700-488b-959e-8485b3effc64 to datanode:34b55244-7a03-4c5f-952a-702df7dd342d
om2_1       | 	at org.apache.hadoop.ozone.protocol.proto.OzoneManagerProtocolProtos$OzoneManagerService$2.callBlockingMethod(OzoneManagerProtocolProtos.java)
om1_1       | 	at java.base/java.security.AccessController.doPrivileged(Native Method)
s3g_1       | 2020-10-30 23:48:11,224 [qtp337533935-22] INFO retry.RetryInvocationHandler: com.google.protobuf.ServiceException: org.apache.hadoop.ipc.RemoteException(org.apache.hadoop.ozone.om.exceptions.OMNotLeaderException): OM:om2 is not the leader. Suggested leader is OM:om3.
scm_1       | 2020-10-30 23:47:20,345 [RatisPipelineUtilsThread] INFO pipeline.RatisPipelineProvider: Sending CreatePipelineCommand for pipeline:PipelineID=4ddd9134-4700-488b-959e-8485b3effc64 to datanode:f6755888-06e1-482e-b50f-9f2bdab9e73e
om1_1       | 	at java.base/javax.security.auth.Subject.doAs(Subject.java:423)
s3g_1       | 	at org.apache.hadoop.ozone.protocolPB.OzoneManagerProtocolServerSideTranslatorPB.createNotLeaderException(OzoneManagerProtocolServerSideTranslatorPB.java:198)
om2_1       | 	at org.apache.hadoop.ipc.ProtobufRpcEngine$Server$ProtoBufRpcInvoker.call(ProtobufRpcEngine.java:528)
scm_1       | 2020-10-30 23:47:20,347 [RatisPipelineUtilsThread] INFO pipeline.PipelineStateManager: Created pipeline Pipeline[ Id: 4ddd9134-4700-488b-959e-8485b3effc64, Nodes: 4cc657f3-d4b1-4fff-a0ba-54c6dd54af81{ip: 172.23.0.7, host: ozone-om-ha-s3_datanode_1.ozone-om-ha-s3_default, networkLocation: /default-rack, certSerialId: null}34b55244-7a03-4c5f-952a-702df7dd342d{ip: 172.23.0.6, host: ozone-om-ha-s3_datanode_2.ozone-om-ha-s3_default, networkLocation: /default-rack, certSerialId: null}f6755888-06e1-482e-b50f-9f2bdab9e73e{ip: 172.23.0.2, host: ozone-om-ha-s3_datanode_3.ozone-om-ha-s3_default, networkLocation: /default-rack, certSerialId: null}, Type:RATIS, Factor:THREE, State:ALLOCATED, leaderId:, CreationTimestamp2020-10-30T23:47:20.333933Z]
om1_1       | 	at org.apache.hadoop.security.UserGroupInformation.doAs(UserGroupInformation.java:1730)
s3g_1       | 	at org.apache.hadoop.ozone.protocolPB.OzoneManagerProtocolServerSideTranslatorPB.submitReadRequestToOM(OzoneManagerProtocolServerSideTranslatorPB.java:186)
om2_1       | 	at org.apache.hadoop.ipc.RPC$Server.call(RPC.java:1070)
scm_1       | 2020-10-30 23:47:20,348 [RatisPipelineUtilsThread] INFO pipeline.RatisPipelineProvider: Sending CreatePipelineCommand for pipeline:PipelineID=637d420c-d035-4f9c-92a0-6fdeae01f6a5 to datanode:4cc657f3-d4b1-4fff-a0ba-54c6dd54af81
om1_1       | 	at org.apache.hadoop.ipc.Server$Handler.run(Server.java:2915)
s3g_1       | 	at org.apache.hadoop.ozone.protocolPB.OzoneManagerProtocolServerSideTranslatorPB.processRequest(OzoneManagerProtocolServerSideTranslatorPB.java:123)
om2_1       | 	at org.apache.hadoop.ipc.Server$RpcCall.run(Server.java:999)
scm_1       | 2020-10-30 23:47:20,354 [RatisPipelineUtilsThread] INFO pipeline.PipelineStateManager: Created pipeline Pipeline[ Id: 637d420c-d035-4f9c-92a0-6fdeae01f6a5, Nodes: 4cc657f3-d4b1-4fff-a0ba-54c6dd54af81{ip: 172.23.0.7, host: ozone-om-ha-s3_datanode_1.ozone-om-ha-s3_default, networkLocation: /default-rack, certSerialId: null}, Type:RATIS, Factor:ONE, State:ALLOCATED, leaderId:, CreationTimestamp2020-10-30T23:47:20.348734Z]
om1_1       | 2020-10-30 23:48:20,418 [IPC Server handler 2 on default port 9862] INFO ipc.Server: IPC Server handler 2 on default port 9862, call Call#48 Retry#0 org.apache.hadoop.ozone.om.protocol.OzoneManagerProtocol.submitRequest from 172.23.0.8:40360
s3g_1       | 	at org.apache.hadoop.hdds.server.OzoneProtocolMessageDispatcher.processRequest(OzoneProtocolMessageDispatcher.java:87)
om2_1       | 	at org.apache.hadoop.ipc.Server$RpcCall.run(Server.java:927)
scm_1       | 2020-10-30 23:47:20,355 [RatisPipelineUtilsThread] INFO pipeline.RatisPipelineProvider: Sending CreatePipelineCommand for pipeline:PipelineID=f2e6202b-c684-4cb3-9623-1cc4735da3cb to datanode:34b55244-7a03-4c5f-952a-702df7dd342d
om1_1       | org.apache.hadoop.ozone.om.exceptions.OMNotLeaderException: OM:om1 is not the leader. Suggested leader is OM:om3.
s3g_1       | 	at org.apache.hadoop.ozone.protocolPB.OzoneManagerProtocolServerSideTranslatorPB.submitRequest(OzoneManagerProtocolServerSideTranslatorPB.java:113)
om2_1       | 	at java.base/java.security.AccessController.doPrivileged(Native Method)
scm_1       | 2020-10-30 23:47:20,358 [RatisPipelineUtilsThread] INFO pipeline.PipelineStateManager: Created pipeline Pipeline[ Id: f2e6202b-c684-4cb3-9623-1cc4735da3cb, Nodes: 34b55244-7a03-4c5f-952a-702df7dd342d{ip: 172.23.0.6, host: ozone-om-ha-s3_datanode_2.ozone-om-ha-s3_default, networkLocation: /default-rack, certSerialId: null}, Type:RATIS, Factor:ONE, State:ALLOCATED, leaderId:, CreationTimestamp2020-10-30T23:47:20.355521Z]
om1_1       | 	at org.apache.hadoop.ozone.protocolPB.OzoneManagerProtocolServerSideTranslatorPB.createNotLeaderException(OzoneManagerProtocolServerSideTranslatorPB.java:198)
s3g_1       | 	at org.apache.hadoop.ozone.protocol.proto.OzoneManagerProtocolProtos$OzoneManagerService$2.callBlockingMethod(OzoneManagerProtocolProtos.java)
om2_1       | 	at java.base/javax.security.auth.Subject.doAs(Subject.java:423)
scm_1       | 2020-10-30 23:47:23,765 [EventQueue-PipelineReportForPipelineReportHandler] INFO pipeline.PipelineStateManager: Pipeline Pipeline[ Id: 99312b3c-e67a-4987-a9ae-99efc2453435, Nodes: f6755888-06e1-482e-b50f-9f2bdab9e73e{ip: 172.23.0.2, host: ozone-om-ha-s3_datanode_3.ozone-om-ha-s3_default, networkLocation: /default-rack, certSerialId: null}, Type:RATIS, Factor:ONE, State:ALLOCATED, leaderId:f6755888-06e1-482e-b50f-9f2bdab9e73e, CreationTimestamp2020-10-30T23:47:19.786477Z] moved to OPEN state
om1_1       | 	at org.apache.hadoop.ozone.protocolPB.OzoneManagerProtocolServerSideTranslatorPB.submitReadRequestToOM(OzoneManagerProtocolServerSideTranslatorPB.java:186)
s3g_1       | 	at org.apache.hadoop.ipc.ProtobufRpcEngine$Server$ProtoBufRpcInvoker.call(ProtobufRpcEngine.java:528)
om2_1       | 	at org.apache.hadoop.security.UserGroupInformation.doAs(UserGroupInformation.java:1730)
scm_1       | 2020-10-30 23:47:23,773 [EventQueue-OpenPipelineForOneReplicaPipelineSafeModeRule] INFO safemode.SCMSafeModeManager: AtleastOneDatanodeReportedRule rule is successfully validated
om1_1       | 	at org.apache.hadoop.ozone.protocolPB.OzoneManagerProtocolServerSideTranslatorPB.processRequest(OzoneManagerProtocolServerSideTranslatorPB.java:123)
s3g_1       | 	at org.apache.hadoop.ipc.RPC$Server.call(RPC.java:1070)
om2_1       | 	at org.apache.hadoop.ipc.Server$Handler.run(Server.java:2915)
scm_1       | 2020-10-30 23:47:23,821 [EventQueue-OpenPipelineForHealthyPipelineSafeModeRule] INFO safemode.SCMSafeModeManager: SCM in safe mode. Healthy pipelines reported count is 0, required healthy pipeline reported count is 1
om1_1       | 	at org.apache.hadoop.hdds.server.OzoneProtocolMessageDispatcher.processRequest(OzoneProtocolMessageDispatcher.java:87)
s3g_1       | 	at org.apache.hadoop.ipc.Server$RpcCall.run(Server.java:999)
om2_1       | 2020-10-30 23:48:33,591 [IPC Server handler 7 on default port 9862] INFO ipc.Server: IPC Server handler 7 on default port 9862, call Call#93 Retry#1 org.apache.hadoop.ozone.om.protocol.OzoneManagerProtocol.submitRequest from 172.23.0.8:54692
scm_1       | 2020-10-30 23:47:27,679 [EventQueue-PipelineReportForPipelineReportHandler] INFO pipeline.PipelineStateManager: Pipeline Pipeline[ Id: f2e6202b-c684-4cb3-9623-1cc4735da3cb, Nodes: 34b55244-7a03-4c5f-952a-702df7dd342d{ip: 172.23.0.6, host: ozone-om-ha-s3_datanode_2.ozone-om-ha-s3_default, networkLocation: /default-rack, certSerialId: null}, Type:RATIS, Factor:ONE, State:ALLOCATED, leaderId:34b55244-7a03-4c5f-952a-702df7dd342d, CreationTimestamp2020-10-30T23:47:20.355521Z] moved to OPEN state
om1_1       | 	at org.apache.hadoop.ozone.protocolPB.OzoneManagerProtocolServerSideTranslatorPB.submitRequest(OzoneManagerProtocolServerSideTranslatorPB.java:113)
s3g_1       | 	at org.apache.hadoop.ipc.Server$RpcCall.run(Server.java:927)
om2_1       | org.apache.hadoop.ozone.om.exceptions.OMNotLeaderException: OM:om2 is not the leader. Suggested leader is OM:om3.
scm_1       | 2020-10-30 23:47:27,693 [EventQueue-OpenPipelineForOneReplicaPipelineSafeModeRule] INFO safemode.SCMSafeModeManager: AtleastOneDatanodeReportedRule rule is successfully validated
scm_1       | 2020-10-30 23:47:27,693 [EventQueue-OpenPipelineForHealthyPipelineSafeModeRule] INFO safemode.SCMSafeModeManager: SCM in safe mode. Healthy pipelines reported count is 0, required healthy pipeline reported count is 1
scm_1       | 2020-10-30 23:47:27,760 [EventQueue-PipelineReportForPipelineReportHandler] INFO pipeline.PipelineStateManager: Pipeline Pipeline[ Id: 637d420c-d035-4f9c-92a0-6fdeae01f6a5, Nodes: 4cc657f3-d4b1-4fff-a0ba-54c6dd54af81{ip: 172.23.0.7, host: ozone-om-ha-s3_datanode_1.ozone-om-ha-s3_default, networkLocation: /default-rack, certSerialId: null}, Type:RATIS, Factor:ONE, State:ALLOCATED, leaderId:4cc657f3-d4b1-4fff-a0ba-54c6dd54af81, CreationTimestamp2020-10-30T23:47:20.348734Z] moved to OPEN state
s3g_1       | 	at java.base/java.security.AccessController.doPrivileged(Native Method)
om1_1       | 	at org.apache.hadoop.ozone.protocol.proto.OzoneManagerProtocolProtos$OzoneManagerService$2.callBlockingMethod(OzoneManagerProtocolProtos.java)
scm_1       | 2020-10-30 23:47:27,761 [EventQueue-OpenPipelineForOneReplicaPipelineSafeModeRule] INFO safemode.SCMSafeModeManager: AtleastOneDatanodeReportedRule rule is successfully validated
s3g_1       | 	at java.base/javax.security.auth.Subject.doAs(Subject.java:423)
om2_1       | 	at org.apache.hadoop.ozone.protocolPB.OzoneManagerProtocolServerSideTranslatorPB.createNotLeaderException(OzoneManagerProtocolServerSideTranslatorPB.java:198)
om1_1       | 	at org.apache.hadoop.ipc.ProtobufRpcEngine$Server$ProtoBufRpcInvoker.call(ProtobufRpcEngine.java:528)
scm_1       | 2020-10-30 23:47:27,761 [EventQueue-OpenPipelineForHealthyPipelineSafeModeRule] INFO safemode.SCMSafeModeManager: SCM in safe mode. Healthy pipelines reported count is 0, required healthy pipeline reported count is 1
s3g_1       | 	at org.apache.hadoop.security.UserGroupInformation.doAs(UserGroupInformation.java:1730)
om2_1       | 	at org.apache.hadoop.ozone.protocolPB.OzoneManagerProtocolServerSideTranslatorPB.submitReadRequestToOM(OzoneManagerProtocolServerSideTranslatorPB.java:186)
om2_1       | 	at org.apache.hadoop.ozone.protocolPB.OzoneManagerProtocolServerSideTranslatorPB.processRequest(OzoneManagerProtocolServerSideTranslatorPB.java:123)
scm_1       | 2020-10-30 23:47:29,219 [EventQueue-PipelineReportForPipelineReportHandler] INFO pipeline.PipelineStateManager: Pipeline Pipeline[ Id: 4ddd9134-4700-488b-959e-8485b3effc64, Nodes: 4cc657f3-d4b1-4fff-a0ba-54c6dd54af81{ip: 172.23.0.7, host: ozone-om-ha-s3_datanode_1.ozone-om-ha-s3_default, networkLocation: /default-rack, certSerialId: null}34b55244-7a03-4c5f-952a-702df7dd342d{ip: 172.23.0.6, host: ozone-om-ha-s3_datanode_2.ozone-om-ha-s3_default, networkLocation: /default-rack, certSerialId: null}f6755888-06e1-482e-b50f-9f2bdab9e73e{ip: 172.23.0.2, host: ozone-om-ha-s3_datanode_3.ozone-om-ha-s3_default, networkLocation: /default-rack, certSerialId: null}, Type:RATIS, Factor:THREE, State:ALLOCATED, leaderId:4cc657f3-d4b1-4fff-a0ba-54c6dd54af81, CreationTimestamp2020-10-30T23:47:20.333933Z] moved to OPEN state
om2_1       | 	at org.apache.hadoop.hdds.server.OzoneProtocolMessageDispatcher.processRequest(OzoneProtocolMessageDispatcher.java:87)
om1_1       | 	at org.apache.hadoop.ipc.RPC$Server.call(RPC.java:1070)
s3g_1       | 	at org.apache.hadoop.ipc.Server$Handler.run(Server.java:2915)
scm_1       | 2020-10-30 23:47:29,220 [EventQueue-OpenPipelineForOneReplicaPipelineSafeModeRule] INFO safemode.SCMSafeModeManager: AtleastOneDatanodeReportedRule rule is successfully validated
om2_1       | 	at org.apache.hadoop.ozone.protocolPB.OzoneManagerProtocolServerSideTranslatorPB.submitRequest(OzoneManagerProtocolServerSideTranslatorPB.java:113)
om1_1       | 	at org.apache.hadoop.ipc.Server$RpcCall.run(Server.java:999)
s3g_1       | , while invoking $Proxy88.submitRequest over nodeId=om2,nodeAddress=om2:9862 after 1 failover attempts. Trying to failover immediately.
scm_1       | 2020-10-30 23:47:29,220 [EventQueue-OpenPipelineForHealthyPipelineSafeModeRule] INFO safemode.SCMSafeModeManager: SCM in safe mode. Healthy pipelines reported count is 1, required healthy pipeline reported count is 1
om2_1       | 	at org.apache.hadoop.ozone.protocol.proto.OzoneManagerProtocolProtos$OzoneManagerService$2.callBlockingMethod(OzoneManagerProtocolProtos.java)
om1_1       | 	at org.apache.hadoop.ipc.Server$RpcCall.run(Server.java:927)
s3g_1       | 2020-10-30 23:48:11,298 [qtp337533935-22] INFO metrics.RatisMetrics: Creating Metrics Registry : ratis.client_message_metrics.client-F19ED71FFE9D->4cc657f3-d4b1-4fff-a0ba-54c6dd54af81
scm_1       | 2020-10-30 23:47:29,222 [EventQueue-OpenPipelineForHealthyPipelineSafeModeRule] INFO safemode.SCMSafeModeManager: HealthyPipelineSafeModeRule rule is successfully validated
om2_1       | 	at org.apache.hadoop.ipc.ProtobufRpcEngine$Server$ProtoBufRpcInvoker.call(ProtobufRpcEngine.java:528)
om1_1       | 	at java.base/java.security.AccessController.doPrivileged(Native Method)
s3g_1       | 2020-10-30 23:48:11,298 [qtp337533935-22] WARN impl.MetricRegistriesImpl: First MetricRegistry has been created without registering reporters. You may need to call MetricRegistries.global().addReportRegistration(...) before.
scm_1       | 2020-10-30 23:47:29,225 [EventQueue-OpenPipelineForHealthyPipelineSafeModeRule] INFO safemode.SCMSafeModeManager: ScmSafeModeManager, all rules are successfully validated
om2_1       | 	at org.apache.hadoop.ipc.RPC$Server.call(RPC.java:1070)
om1_1       | 	at java.base/javax.security.auth.Subject.doAs(Subject.java:423)
s3g_1       | 2020-10-30 23:48:11,929 [qtp337533935-20] INFO retry.RetryInvocationHandler: com.google.protobuf.ServiceException: org.apache.hadoop.ipc.RemoteException(org.apache.hadoop.ozone.om.exceptions.OMNotLeaderException): OM:om2 is not the leader. Suggested leader is OM:om3.
scm_1       | 2020-10-30 23:47:29,225 [EventQueue-OpenPipelineForHealthyPipelineSafeModeRule] INFO safemode.SCMSafeModeManager: SCM exiting safe mode.
om2_1       | 	at org.apache.hadoop.ipc.Server$RpcCall.run(Server.java:999)
om1_1       | 	at org.apache.hadoop.security.UserGroupInformation.doAs(UserGroupInformation.java:1730)
s3g_1       | 	at org.apache.hadoop.ozone.protocolPB.OzoneManagerProtocolServerSideTranslatorPB.createNotLeaderException(OzoneManagerProtocolServerSideTranslatorPB.java:198)
scm_1       | 2020-10-30 23:48:38,890 [IPC Server handler 0 on default port 9863] INFO block.BlockManagerImpl: Deleting blocks conID: 1 locID: 105126409753198594 bcsId: 0
om2_1       | 	at org.apache.hadoop.ipc.Server$RpcCall.run(Server.java:927)
om1_1       | 	at org.apache.hadoop.ipc.Server$Handler.run(Server.java:2915)
s3g_1       | 	at org.apache.hadoop.ozone.protocolPB.OzoneManagerProtocolServerSideTranslatorPB.submitReadRequestToOM(OzoneManagerProtocolServerSideTranslatorPB.java:186)
scm_1       | 2020-10-30 23:49:38,794 [IPC Server handler 0 on default port 9863] INFO block.BlockManagerImpl: Deleting blocks conID: 1 locID: 105126411099963403 bcsId: 0
om2_1       | 	at java.base/java.security.AccessController.doPrivileged(Native Method)
om1_1       | 2020-10-30 23:48:21,010 [IPC Server handler 5 on default port 9862] INFO ipc.Server: IPC Server handler 5 on default port 9862, call Call#51 Retry#0 org.apache.hadoop.ozone.om.protocol.OzoneManagerProtocol.submitRequest from 172.23.0.8:40376
s3g_1       | 	at org.apache.hadoop.ozone.protocolPB.OzoneManagerProtocolServerSideTranslatorPB.processRequest(OzoneManagerProtocolServerSideTranslatorPB.java:123)
scm_1       | 2020-10-30 23:49:38,795 [IPC Server handler 0 on default port 9863] INFO block.BlockManagerImpl: Deleting blocks conID: 1 locID: 105126411328094220 bcsId: 0
om2_1       | 	at java.base/javax.security.auth.Subject.doAs(Subject.java:423)
om1_1       | org.apache.hadoop.ozone.om.exceptions.OMNotLeaderException: OM:om1 is not the leader. Suggested leader is OM:om3.
s3g_1       | 	at org.apache.hadoop.hdds.server.OzoneProtocolMessageDispatcher.processRequest(OzoneProtocolMessageDispatcher.java:87)
scm_1       | 2020-10-30 23:49:38,797 [IPC Server handler 0 on default port 9863] INFO block.BlockManagerImpl: Deleting blocks conID: 1 locID: 105126410481434633 bcsId: 0
om2_1       | 	at org.apache.hadoop.security.UserGroupInformation.doAs(UserGroupInformation.java:1730)
om1_1       | 	at org.apache.hadoop.ozone.protocolPB.OzoneManagerProtocolServerSideTranslatorPB.createNotLeaderException(OzoneManagerProtocolServerSideTranslatorPB.java:198)
s3g_1       | 	at org.apache.hadoop.ozone.protocolPB.OzoneManagerProtocolServerSideTranslatorPB.submitRequest(OzoneManagerProtocolServerSideTranslatorPB.java:113)
scm_1       | 2020-10-30 23:49:38,798 [IPC Server handler 0 on default port 9863] INFO block.BlockManagerImpl: Deleting blocks conID: 1 locID: 105126411691098125 bcsId: 0,conID: 1 locID: 105126411696865295 bcsId: 0,conID: 1 locID: 105126411691229198 bcsId: 0
scm_1       | 2020-10-30 23:49:38,799 [IPC Server handler 0 on default port 9863] INFO block.BlockManagerImpl: Deleting blocks conID: 1 locID: 105126413708099608 bcsId: 0
om1_1       | 	at org.apache.hadoop.ozone.protocolPB.OzoneManagerProtocolServerSideTranslatorPB.submitReadRequestToOM(OzoneManagerProtocolServerSideTranslatorPB.java:186)
s3g_1       | 	at org.apache.hadoop.ozone.protocol.proto.OzoneManagerProtocolProtos$OzoneManagerService$2.callBlockingMethod(OzoneManagerProtocolProtos.java)
scm_1       | 2020-10-30 23:50:08,962 [IPC Server handler 27 on default port 9863] INFO pipeline.PipelineStateManager: Created pipeline Pipeline[ Id: 3c053ffb-4979-44e9-9878-f6885dd94d9a, Nodes: f6755888-06e1-482e-b50f-9f2bdab9e73e{ip: 172.23.0.2, host: ozone-om-ha-s3_datanode_3.ozone-om-ha-s3_default, networkLocation: /default-rack, certSerialId: null}, Type:STAND_ALONE, Factor:ONE, State:OPEN, leaderId:, CreationTimestamp2020-10-30T23:50:08.962252Z]
om2_1       | 	at org.apache.hadoop.ipc.Server$Handler.run(Server.java:2915)
om1_1       | 	at org.apache.hadoop.ozone.protocolPB.OzoneManagerProtocolServerSideTranslatorPB.processRequest(OzoneManagerProtocolServerSideTranslatorPB.java:123)
s3g_1       | 	at org.apache.hadoop.ipc.ProtobufRpcEngine$Server$ProtoBufRpcInvoker.call(ProtobufRpcEngine.java:528)
scm_1       | 2020-10-30 23:50:38,796 [IPC Server handler 0 on default port 9863] INFO block.BlockManagerImpl: Deleting blocks conID: 1 locID: 105126411099963403 bcsId: 0
om2_1       | 2020-10-30 23:48:34,209 [IPC Server handler 6 on default port 9862] INFO ipc.Server: IPC Server handler 6 on default port 9862, call Call#97 Retry#1 org.apache.hadoop.ozone.om.protocol.OzoneManagerProtocol.submitRequest from 172.23.0.8:54700
om1_1       | 	at org.apache.hadoop.hdds.server.OzoneProtocolMessageDispatcher.processRequest(OzoneProtocolMessageDispatcher.java:87)
s3g_1       | 	at org.apache.hadoop.ipc.RPC$Server.call(RPC.java:1070)
scm_1       | 2020-10-30 23:50:38,798 [IPC Server handler 0 on default port 9863] INFO block.BlockManagerImpl: Deleting blocks conID: 1 locID: 105126411328094220 bcsId: 0
om2_1       | org.apache.hadoop.ozone.om.exceptions.OMNotLeaderException: OM:om2 is not the leader. Suggested leader is OM:om3.
om1_1       | 	at org.apache.hadoop.ozone.protocolPB.OzoneManagerProtocolServerSideTranslatorPB.submitRequest(OzoneManagerProtocolServerSideTranslatorPB.java:113)
s3g_1       | 	at org.apache.hadoop.ipc.Server$RpcCall.run(Server.java:999)
om2_1       | 	at org.apache.hadoop.ozone.protocolPB.OzoneManagerProtocolServerSideTranslatorPB.createNotLeaderException(OzoneManagerProtocolServerSideTranslatorPB.java:198)
om1_1       | 	at org.apache.hadoop.ozone.protocol.proto.OzoneManagerProtocolProtos$OzoneManagerService$2.callBlockingMethod(OzoneManagerProtocolProtos.java)
s3g_1       | 	at org.apache.hadoop.ipc.Server$RpcCall.run(Server.java:927)
scm_1       | 2020-10-30 23:50:38,798 [IPC Server handler 0 on default port 9863] INFO block.BlockManagerImpl: Deleting blocks conID: 1 locID: 105126410481434633 bcsId: 0
om2_1       | 	at org.apache.hadoop.ozone.protocolPB.OzoneManagerProtocolServerSideTranslatorPB.submitReadRequestToOM(OzoneManagerProtocolServerSideTranslatorPB.java:186)
om1_1       | 	at org.apache.hadoop.ipc.ProtobufRpcEngine$Server$ProtoBufRpcInvoker.call(ProtobufRpcEngine.java:528)
s3g_1       | 	at java.base/java.security.AccessController.doPrivileged(Native Method)
scm_1       | 2020-10-30 23:50:38,799 [IPC Server handler 0 on default port 9863] INFO block.BlockManagerImpl: Deleting blocks conID: 1 locID: 105126411691098125 bcsId: 0,conID: 1 locID: 105126411696865295 bcsId: 0,conID: 1 locID: 105126411691229198 bcsId: 0
om2_1       | 	at org.apache.hadoop.ozone.protocolPB.OzoneManagerProtocolServerSideTranslatorPB.processRequest(OzoneManagerProtocolServerSideTranslatorPB.java:123)
om1_1       | 	at org.apache.hadoop.ipc.RPC$Server.call(RPC.java:1070)
s3g_1       | 	at java.base/javax.security.auth.Subject.doAs(Subject.java:423)
scm_1       | 2020-10-30 23:50:38,800 [IPC Server handler 0 on default port 9863] INFO block.BlockManagerImpl: Deleting blocks conID: 1 locID: 105126413708099608 bcsId: 0
om2_1       | 	at org.apache.hadoop.hdds.server.OzoneProtocolMessageDispatcher.processRequest(OzoneProtocolMessageDispatcher.java:87)
om1_1       | 	at org.apache.hadoop.ipc.Server$RpcCall.run(Server.java:999)
s3g_1       | 	at org.apache.hadoop.security.UserGroupInformation.doAs(UserGroupInformation.java:1730)
om2_1       | 	at org.apache.hadoop.ozone.protocolPB.OzoneManagerProtocolServerSideTranslatorPB.submitRequest(OzoneManagerProtocolServerSideTranslatorPB.java:113)
scm_1       | 2020-10-30 23:50:38,800 [IPC Server handler 0 on default port 9863] INFO block.BlockManagerImpl: Deleting blocks conID: 1 locID: 105126414090960921 bcsId: 0
om1_1       | 	at org.apache.hadoop.ipc.Server$RpcCall.run(Server.java:927)
s3g_1       | 	at org.apache.hadoop.ipc.Server$Handler.run(Server.java:2915)
om2_1       | 	at org.apache.hadoop.ozone.protocol.proto.OzoneManagerProtocolProtos$OzoneManagerService$2.callBlockingMethod(OzoneManagerProtocolProtos.java)
scm_1       | 2020-10-30 23:50:38,801 [IPC Server handler 0 on default port 9863] INFO block.BlockManagerImpl: Deleting blocks conID: 1 locID: 105126414256111642 bcsId: 0
om1_1       | 	at java.base/java.security.AccessController.doPrivileged(Native Method)
s3g_1       | , while invoking $Proxy88.submitRequest over nodeId=om2,nodeAddress=om2:9862 after 1 failover attempts. Trying to failover immediately.
om2_1       | 	at org.apache.hadoop.ipc.ProtobufRpcEngine$Server$ProtoBufRpcInvoker.call(ProtobufRpcEngine.java:528)
scm_1       | 2020-10-30 23:50:38,802 [IPC Server handler 0 on default port 9863] INFO block.BlockManagerImpl: Deleting blocks conID: 1 locID: 105126414592835611 bcsId: 0
om1_1       | 	at java.base/javax.security.auth.Subject.doAs(Subject.java:423)
s3g_1       | 2020-10-30 23:48:12,700 [qtp337533935-22] INFO retry.RetryInvocationHandler: com.google.protobuf.ServiceException: org.apache.hadoop.ipc.RemoteException(org.apache.hadoop.ozone.om.exceptions.OMNotLeaderException): OM:om2 is not the leader. Suggested leader is OM:om3.
om2_1       | 	at org.apache.hadoop.ipc.RPC$Server.call(RPC.java:1070)
scm_1       | 2020-10-30 23:50:38,803 [IPC Server handler 0 on default port 9863] INFO block.BlockManagerImpl: Deleting blocks conID: 1 locID: 105126414636875804 bcsId: 0
om1_1       | 	at org.apache.hadoop.security.UserGroupInformation.doAs(UserGroupInformation.java:1730)
s3g_1       | 	at org.apache.hadoop.ozone.protocolPB.OzoneManagerProtocolServerSideTranslatorPB.createNotLeaderException(OzoneManagerProtocolServerSideTranslatorPB.java:198)
om2_1       | 	at org.apache.hadoop.ipc.Server$RpcCall.run(Server.java:999)
scm_1       | 2020-10-30 23:51:38,802 [IPC Server handler 0 on default port 9863] INFO block.BlockManagerImpl: Deleting blocks conID: 1 locID: 105126419617349668 bcsId: 0
om1_1       | 	at org.apache.hadoop.ipc.Server$Handler.run(Server.java:2915)
s3g_1       | 	at org.apache.hadoop.ozone.protocolPB.OzoneManagerProtocolServerSideTranslatorPB.submitReadRequestToOM(OzoneManagerProtocolServerSideTranslatorPB.java:186)
s3g_1       | 	at org.apache.hadoop.ozone.protocolPB.OzoneManagerProtocolServerSideTranslatorPB.processRequest(OzoneManagerProtocolServerSideTranslatorPB.java:123)
scm_1       | 2020-10-30 23:51:38,803 [IPC Server handler 0 on default port 9863] INFO block.BlockManagerImpl: Deleting blocks conID: 1 locID: 105126411099963403 bcsId: 0
s3g_1       | 	at org.apache.hadoop.hdds.server.OzoneProtocolMessageDispatcher.processRequest(OzoneProtocolMessageDispatcher.java:87)
om2_1       | 	at org.apache.hadoop.ipc.Server$RpcCall.run(Server.java:927)
om1_1       | 2020-10-30 23:48:21,049 [OM StateMachine ApplyTransaction Thread - 0] ERROR bucket.OMBucketDeleteRequest: Delete bucket failed for bucket:nosuchbucket in volume:s3v
