rm_1        | 2020-08-11 12:36:29 INFO  LeafQueue:1554 - assignedContainer application attempt=appattempt_1597149304576_0001_000001 container=Container: [ContainerId: container_1597149304576_0001_01_000002, NodeId: nm:37975, NodeHttpAddress: nm:8042, Resource: <memory:4096, vCores:1>, Priority: 20, Token: null, ] queue=default: capacity=1.0, absoluteCapacity=1.0, usedResources=<memory:2048, vCores:1>, usedCapacity=0.25, absoluteUsedCapacity=0.25, numApps=1, numContainers=1 clusterResource=<memory:8192, vCores:8> type=RACK_LOCAL
nm_1        | 2020-08-11 12:36:47 INFO  ShuffleHandler:1047 - Setting connection close header...
datanode_2  | 2020-08-11 12:35:31,856 [4cbe6861-31f5-4253-b7f0-ea35fd22cae4@group-3A497B43ABE8-LeaderElection1] INFO metrics.RatisMetrics: Creating Metrics Registry : ratis.log_appender.4cbe6861-31f5-4253-b7f0-ea35fd22cae4@group-3A497B43ABE8
rm_1        | 2020-08-11 12:36:29 INFO  ParentQueue:523 - Re-sorting assigned queue: root.default stats: default: capacity=1.0, absoluteCapacity=1.0, usedResources=<memory:6144, vCores:2>, usedCapacity=0.75, absoluteUsedCapacity=0.75, numApps=1, numContainers=2
nm_1        | 2020-08-11 12:36:47 INFO  ShuffleHandler:1047 - Setting connection close header...
datanode_2  | 2020-08-11 12:35:31,892 [4cbe6861-31f5-4253-b7f0-ea35fd22cae4@group-3A497B43ABE8-LeaderElection1] INFO server.RaftServerConfigKeys: raft.server.write.element-limit = 1024 (custom)
rm_1        | 2020-08-11 12:36:29 INFO  ParentQueue:420 - assignedContainer queue=root usedCapacity=0.75 absoluteUsedCapacity=0.75 used=<memory:6144, vCores:2> cluster=<memory:8192, vCores:8>
nm_1        | 2020-08-11 12:36:49 INFO  Server:1316 - Auth successful for appattempt_1597149304576_0001_000001 (auth:SIMPLE)
datanode_2  | 2020-08-11 12:35:31,892 [4cbe6861-31f5-4253-b7f0-ea35fd22cae4@group-3A497B43ABE8-LeaderElection1] INFO server.RaftServerConfigKeys: raft.server.write.byte-limit = 1073741824 (custom)
rm_1        | 2020-08-11 12:36:30 INFO  NMTokenSecretManagerInRM:200 - Sending NMToken for nodeId : nm:37975 for container : container_1597149304576_0001_01_000002
nm_1        | 2020-08-11 12:36:49 INFO  ContainerManagerImpl:960 - Stopping container with container Id: container_1597149304576_0001_01_000005
datanode_2  | 2020-08-11 12:35:31,920 [4cbe6861-31f5-4253-b7f0-ea35fd22cae4@group-3A497B43ABE8-LeaderElection1] INFO server.RaftServerConfigKeys: raft.server.watch.timeout = 180s (custom)
rm_1        | 2020-08-11 12:36:30 INFO  RMContainerImpl:410 - container_1597149304576_0001_01_000002 Container Transitioned from ALLOCATED to ACQUIRED
nm_1        | 2020-08-11 12:36:49 INFO  NMAuditLogger:89 - USER=hadoop	IP=172.19.0.4	OPERATION=Stop Container Request	TARGET=ContainerManageImpl	RESULT=SUCCESS	APPID=application_1597149304576_0001	CONTAINERID=container_1597149304576_0001_01_000005
datanode_2  | 2020-08-11 12:35:31,925 [4cbe6861-31f5-4253-b7f0-ea35fd22cae4@group-3A497B43ABE8-LeaderElection1] INFO server.RaftServerConfigKeys: raft.server.watch.timeout.denomination = 1s (default)
rm_1        | 2020-08-11 12:36:30 INFO  RMContainerImpl:410 - container_1597149304576_0001_01_000002 Container Transitioned from ACQUIRED to RUNNING
nm_1        | 2020-08-11 12:36:49 INFO  ContainerImpl:1135 - Container container_1597149304576_0001_01_000005 transitioned from RUNNING to KILLING
datanode_2  | 2020-08-11 12:35:31,928 [4cbe6861-31f5-4253-b7f0-ea35fd22cae4@group-3A497B43ABE8-LeaderElection1] INFO server.RaftServerConfigKeys: raft.server.watch.element-limit = 65536 (default)
rm_1        | 2020-08-11 12:36:34 INFO  RMContainerImpl:410 - container_1597149304576_0001_01_000002 Container Transitioned from RUNNING to COMPLETED
nm_1        | 2020-08-11 12:36:49 INFO  ContainerLaunch:370 - Cleaning up container container_1597149304576_0001_01_000005
rm_1        | 2020-08-11 12:36:34 INFO  FiCaSchedulerApp:113 - Completed container: container_1597149304576_0001_01_000002 in state: COMPLETED event:FINISHED
nm_1        | 2020-08-11 12:36:49 WARN  DefaultContainerExecutor:224 - Exit code from container container_1597149304576_0001_01_000005 is : 143
datanode_2  | 2020-08-11 12:35:31,988 [4cbe6861-31f5-4253-b7f0-ea35fd22cae4@group-3A497B43ABE8-LeaderElection1] INFO impl.RoleInfo: 4cbe6861-31f5-4253-b7f0-ea35fd22cae4: start LeaderState
rm_1        | 2020-08-11 12:36:34 INFO  RMAuditLogger:106 - USER=hadoop	OPERATION=AM Released Container	TARGET=SchedulerApp	RESULT=SUCCESS	APPID=application_1597149304576_0001	CONTAINERID=container_1597149304576_0001_01_000002
nm_1        | 2020-08-11 12:36:49 INFO  ContainerImpl:1135 - Container container_1597149304576_0001_01_000005 transitioned from KILLING to CONTAINER_CLEANEDUP_AFTER_KILL
datanode_2  | 2020-08-11 12:35:32,005 [4cbe6861-31f5-4253-b7f0-ea35fd22cae4@group-F8B123C868EF-LeaderElection2] INFO impl.LeaderElection: 4cbe6861-31f5-4253-b7f0-ea35fd22cae4@group-F8B123C868EF-LeaderElection2: Election PASSED; received 1 response(s) [4cbe6861-31f5-4253-b7f0-ea35fd22cae4<-8f445499-f86a-4609-9d72-721551d35546#0:OK-t1] and 0 exception(s); 4cbe6861-31f5-4253-b7f0-ea35fd22cae4@group-F8B123C868EF:t1, leader=null, voted=4cbe6861-31f5-4253-b7f0-ea35fd22cae4, raftlog=4cbe6861-31f5-4253-b7f0-ea35fd22cae4@group-F8B123C868EF-SegmentedRaftLog:OPENED:c-1,f-1,i0, conf=-1: [6aa8311c-c114-409b-a5f5-dd257fb9add8:172.19.0.7:9858, 4cbe6861-31f5-4253-b7f0-ea35fd22cae4:172.19.0.8:9858, 8f445499-f86a-4609-9d72-721551d35546:172.19.0.6:9858], old=null
rm_1        | 2020-08-11 12:36:34 INFO  SchedulerNode:216 - Released container container_1597149304576_0001_01_000002 of capacity <memory:4096, vCores:1> on host nm:37975, which currently has 1 containers, <memory:2048, vCores:1> used and <memory:6144, vCores:7> available, release resources=true
nm_1        | 2020-08-11 12:36:49 INFO  NMAuditLogger:89 - USER=hadoop	OPERATION=Container Finished - Killed	TARGET=ContainerImpl	RESULT=SUCCESS	APPID=application_1597149304576_0001	CONTAINERID=container_1597149304576_0001_01_000005
datanode_2  | 2020-08-11 12:35:32,015 [4cbe6861-31f5-4253-b7f0-ea35fd22cae4@group-F8B123C868EF-LeaderElection2] INFO impl.RoleInfo: 4cbe6861-31f5-4253-b7f0-ea35fd22cae4: shutdown LeaderElection
rm_1        | 2020-08-11 12:36:34 INFO  LeafQueue:1707 - default used=<memory:2048, vCores:1> numContainers=1 user=hadoop user-resources=<memory:2048, vCores:1>
nm_1        | 2020-08-11 12:36:49 INFO  ContainerImpl:1135 - Container container_1597149304576_0001_01_000005 transitioned from CONTAINER_CLEANEDUP_AFTER_KILL to DONE
datanode_2  | 2020-08-11 12:35:32,016 [4cbe6861-31f5-4253-b7f0-ea35fd22cae4@group-F8B123C868EF-LeaderElection2] INFO impl.RaftServerImpl: 4cbe6861-31f5-4253-b7f0-ea35fd22cae4@group-F8B123C868EF: changes role from CANDIDATE to LEADER at term 1 for changeToLeader
rm_1        | 2020-08-11 12:36:34 INFO  LeafQueue:1658 - completedContainer container=Container: [ContainerId: container_1597149304576_0001_01_000002, NodeId: nm:37975, NodeHttpAddress: nm:8042, Resource: <memory:4096, vCores:1>, Priority: 20, Token: Token { kind: ContainerToken, service: 172.19.0.4:37975 }, ] queue=default: capacity=1.0, absoluteCapacity=1.0, usedResources=<memory:2048, vCores:1>, usedCapacity=0.25, absoluteUsedCapacity=0.25, numApps=1, numContainers=1 cluster=<memory:8192, vCores:8>
nm_1        | 2020-08-11 12:36:49 INFO  ApplicationImpl:347 - Removing container_1597149304576_0001_01_000005 from application application_1597149304576_0001
datanode_2  | 2020-08-11 12:35:32,016 [4cbe6861-31f5-4253-b7f0-ea35fd22cae4@group-F8B123C868EF-LeaderElection2] INFO ratis.XceiverServerRatis: Leader change notification received for group: group-F8B123C868EF with new leaderId: 4cbe6861-31f5-4253-b7f0-ea35fd22cae4
rm_1        | 2020-08-11 12:36:34 INFO  ParentQueue:568 - completedContainer queue=root usedCapacity=0.25 absoluteUsedCapacity=0.25 used=<memory:2048, vCores:1> cluster=<memory:8192, vCores:8>
nm_1        | 2020-08-11 12:36:49 INFO  ContainersMonitorImpl:196 - Neither virutal-memory nor physical-memory monitoring is needed. Not running the monitor-thread
datanode_2  | 2020-08-11 12:35:32,016 [4cbe6861-31f5-4253-b7f0-ea35fd22cae4@group-F8B123C868EF-LeaderElection2] INFO impl.RaftServerImpl: 4cbe6861-31f5-4253-b7f0-ea35fd22cae4@group-F8B123C868EF: change Leader from null to 4cbe6861-31f5-4253-b7f0-ea35fd22cae4 at term 1 for becomeLeader, leader elected after 5274ms
rm_1        | 2020-08-11 12:36:34 INFO  ParentQueue:585 - Re-sorting completed queue: root.default stats: default: capacity=1.0, absoluteCapacity=1.0, usedResources=<memory:2048, vCores:1>, usedCapacity=0.25, absoluteUsedCapacity=0.25, numApps=1, numContainers=1
nm_1        | 2020-08-11 12:36:49 INFO  AuxServices:196 - Got event CONTAINER_STOP for appId application_1597149304576_0001
datanode_2  | 2020-08-11 12:35:32,016 [Datanode State Machine Thread - 0] WARN statemachine.DatanodeStateMachine: Interrupt the execution.
rm_1        | 2020-08-11 12:36:34 INFO  CapacityScheduler:1419 - Application attempt appattempt_1597149304576_0001_000001 released container container_1597149304576_0001_01_000002 on node: host: nm:37975 #containers=1 available=<memory:6144, vCores:7> used=<memory:2048, vCores:1> with event: FINISHED
nm_1        | 2020-08-11 12:36:51 INFO  NodeStatusUpdaterImpl:490 - Removed completed containers from NM context: [container_1597149304576_0001_01_000005]
datanode_2  | java.lang.InterruptedException: sleep interrupted
rm_1        | 2020-08-11 12:36:35 INFO  RMContainerImpl:410 - container_1597149304576_0001_01_000003 Container Transitioned from NEW to ALLOCATED
nm_1        | 2020-08-11 12:36:59 INFO  ContainerLaunch:346 - Container container_1597149304576_0001_01_000001 succeeded 
datanode_2  | 	at java.base/java.lang.Thread.sleep(Native Method)
rm_1        | 2020-08-11 12:36:35 INFO  RMAuditLogger:106 - USER=hadoop	OPERATION=AM Allocated Container	TARGET=SchedulerApp	RESULT=SUCCESS	APPID=application_1597149304576_0001	CONTAINERID=container_1597149304576_0001_01_000003
nm_1        | 2020-08-11 12:36:59 INFO  ContainerImpl:1135 - Container container_1597149304576_0001_01_000001 transitioned from RUNNING to EXITED_WITH_SUCCESS
datanode_2  | 	at org.apache.hadoop.ozone.container.common.statemachine.DatanodeStateMachine.start(DatanodeStateMachine.java:243)
rm_1        | 2020-08-11 12:36:35 INFO  SchedulerNode:153 - Assigned container container_1597149304576_0001_01_000003 of capacity <memory:4096, vCores:1> on host nm:37975, which has 2 containers, <memory:6144, vCores:2> used and <memory:2048, vCores:6> available after allocation
nm_1        | 2020-08-11 12:36:59 INFO  ContainerLaunch:370 - Cleaning up container container_1597149304576_0001_01_000001
datanode_2  | 	at org.apache.hadoop.ozone.container.common.statemachine.DatanodeStateMachine.lambda$startDaemon$0(DatanodeStateMachine.java:405)
rm_1        | 2020-08-11 12:36:35 INFO  LeafQueue:1554 - assignedContainer application attempt=appattempt_1597149304576_0001_000001 container=Container: [ContainerId: container_1597149304576_0001_01_000003, NodeId: nm:37975, NodeHttpAddress: nm:8042, Resource: <memory:4096, vCores:1>, Priority: 20, Token: null, ] queue=default: capacity=1.0, absoluteCapacity=1.0, usedResources=<memory:2048, vCores:1>, usedCapacity=0.25, absoluteUsedCapacity=0.25, numApps=1, numContainers=1 clusterResource=<memory:8192, vCores:8> type=RACK_LOCAL
nm_1        | 2020-08-11 12:36:59 INFO  NMAuditLogger:89 - USER=hadoop	OPERATION=Container Finished - Succeeded	TARGET=ContainerImpl	RESULT=SUCCESS	APPID=application_1597149304576_0001	CONTAINERID=container_1597149304576_0001_01_000001
datanode_2  | 	at java.base/java.lang.Thread.run(Thread.java:834)
rm_1        | 2020-08-11 12:36:35 INFO  ParentQueue:523 - Re-sorting assigned queue: root.default stats: default: capacity=1.0, absoluteCapacity=1.0, usedResources=<memory:6144, vCores:2>, usedCapacity=0.75, absoluteUsedCapacity=0.75, numApps=1, numContainers=2
datanode_2  | 2020-08-11 12:35:32,017 [4cbe6861-31f5-4253-b7f0-ea35fd22cae4@group-F8B123C868EF-LeaderElection2] INFO server.RaftServerConfigKeys: raft.server.staging.catchup.gap = 1000 (default)
rm_1        | 2020-08-11 12:36:35 INFO  ParentQueue:420 - assignedContainer queue=root usedCapacity=0.75 absoluteUsedCapacity=0.75 used=<memory:6144, vCores:2> cluster=<memory:8192, vCores:8>
nm_1        | 2020-08-11 12:36:59 INFO  ContainerImpl:1135 - Container container_1597149304576_0001_01_000001 transitioned from EXITED_WITH_SUCCESS to DONE
datanode_2  | 2020-08-11 12:35:32,027 [4cbe6861-31f5-4253-b7f0-ea35fd22cae4@group-F8B123C868EF-LeaderElection2] INFO server.RaftServerConfigKeys: raft.server.rpc.sleep.time = 25ms (default)
rm_1        | 2020-08-11 12:36:36 INFO  RMContainerImpl:410 - container_1597149304576_0001_01_000003 Container Transitioned from ALLOCATED to ACQUIRED
nm_1        | 2020-08-11 12:36:59 INFO  ApplicationImpl:347 - Removing container_1597149304576_0001_01_000001 from application application_1597149304576_0001
datanode_2  | 2020-08-11 12:35:32,031 [4cbe6861-31f5-4253-b7f0-ea35fd22cae4@group-F8B123C868EF-LeaderElection2] INFO metrics.RatisMetrics: Creating Metrics Registry : ratis.log_appender.4cbe6861-31f5-4253-b7f0-ea35fd22cae4@group-F8B123C868EF
rm_1        | 2020-08-11 12:36:36 INFO  RMContainerImpl:410 - container_1597149304576_0001_01_000003 Container Transitioned from ACQUIRED to RUNNING
nm_1        | 2020-08-11 12:36:59 INFO  ContainersMonitorImpl:196 - Neither virutal-memory nor physical-memory monitoring is needed. Not running the monitor-thread
datanode_2  | 2020-08-11 12:35:32,032 [4cbe6861-31f5-4253-b7f0-ea35fd22cae4@group-F8B123C868EF-LeaderElection2] INFO server.RaftServerConfigKeys: raft.server.write.element-limit = 1024 (custom)
rm_1        | 2020-08-11 12:36:39 INFO  RMContainerImpl:410 - container_1597149304576_0001_01_000003 Container Transitioned from RUNNING to COMPLETED
nm_1        | 2020-08-11 12:36:59 INFO  AuxServices:196 - Got event CONTAINER_STOP for appId application_1597149304576_0001
datanode_2  | 2020-08-11 12:35:32,032 [4cbe6861-31f5-4253-b7f0-ea35fd22cae4@group-F8B123C868EF-LeaderElection2] INFO server.RaftServerConfigKeys: raft.server.write.byte-limit = 1073741824 (custom)
rm_1        | 2020-08-11 12:36:39 INFO  FiCaSchedulerApp:113 - Completed container: container_1597149304576_0001_01_000003 in state: COMPLETED event:FINISHED
rm_1        | 2020-08-11 12:36:39 INFO  RMAuditLogger:106 - USER=hadoop	OPERATION=AM Released Container	TARGET=SchedulerApp	RESULT=SUCCESS	APPID=application_1597149304576_0001	CONTAINERID=container_1597149304576_0001_01_000003
datanode_2  | 2020-08-11 12:35:32,032 [4cbe6861-31f5-4253-b7f0-ea35fd22cae4@group-F8B123C868EF-LeaderElection2] INFO server.RaftServerConfigKeys: raft.server.watch.timeout = 180s (custom)
rm_1        | 2020-08-11 12:36:39 INFO  SchedulerNode:216 - Released container container_1597149304576_0001_01_000003 of capacity <memory:4096, vCores:1> on host nm:37975, which currently has 1 containers, <memory:2048, vCores:1> used and <memory:6144, vCores:7> available, release resources=true
nm_1        | 2020-08-11 12:36:59 INFO  Server:1316 - Auth successful for appattempt_1597149304576_0001_000001 (auth:SIMPLE)
datanode_2  | 2020-08-11 12:35:32,033 [4cbe6861-31f5-4253-b7f0-ea35fd22cae4@group-F8B123C868EF-LeaderElection2] INFO server.RaftServerConfigKeys: raft.server.watch.timeout.denomination = 1s (default)
rm_1        | 2020-08-11 12:36:39 INFO  LeafQueue:1707 - default used=<memory:2048, vCores:1> numContainers=1 user=hadoop user-resources=<memory:2048, vCores:1>
nm_1        | 2020-08-11 12:36:59 INFO  ContainerManagerImpl:960 - Stopping container with container Id: container_1597149304576_0001_01_000001
datanode_2  | 2020-08-11 12:35:32,033 [4cbe6861-31f5-4253-b7f0-ea35fd22cae4@group-F8B123C868EF-LeaderElection2] INFO server.RaftServerConfigKeys: raft.server.watch.element-limit = 65536 (default)
rm_1        | 2020-08-11 12:36:39 INFO  LeafQueue:1658 - completedContainer container=Container: [ContainerId: container_1597149304576_0001_01_000003, NodeId: nm:37975, NodeHttpAddress: nm:8042, Resource: <memory:4096, vCores:1>, Priority: 20, Token: Token { kind: ContainerToken, service: 172.19.0.4:37975 }, ] queue=default: capacity=1.0, absoluteCapacity=1.0, usedResources=<memory:2048, vCores:1>, usedCapacity=0.25, absoluteUsedCapacity=0.25, numApps=1, numContainers=1 cluster=<memory:8192, vCores:8>
nm_1        | 2020-08-11 12:36:59 INFO  NMAuditLogger:89 - USER=hadoop	IP=172.19.0.9	OPERATION=Stop Container Request	TARGET=ContainerManageImpl	RESULT=SUCCESS	APPID=application_1597149304576_0001	CONTAINERID=container_1597149304576_0001_01_000001
datanode_2  | 2020-08-11 12:35:32,046 [4cbe6861-31f5-4253-b7f0-ea35fd22cae4@group-F8B123C868EF-LeaderElection2] INFO server.RaftServerConfigKeys: raft.server.log.appender.snapshot.chunk.size.max = 16MB (=16777216) (default)
rm_1        | 2020-08-11 12:36:39 INFO  ParentQueue:568 - completedContainer queue=root usedCapacity=0.25 absoluteUsedCapacity=0.25 used=<memory:2048, vCores:1> cluster=<memory:8192, vCores:8>
nm_1        | 2020-08-11 12:37:00 INFO  NodeStatusUpdaterImpl:490 - Removed completed containers from NM context: [container_1597149304576_0001_01_000001]
datanode_2  | 2020-08-11 12:35:32,058 [4cbe6861-31f5-4253-b7f0-ea35fd22cae4@group-F8B123C868EF-LeaderElection2] INFO server.RaftServerConfigKeys: raft.server.log.appender.buffer.byte-limit = 33554432 (custom)
rm_1        | 2020-08-11 12:36:39 INFO  ParentQueue:585 - Re-sorting completed queue: root.default stats: default: capacity=1.0, absoluteCapacity=1.0, usedResources=<memory:2048, vCores:1>, usedCapacity=0.25, absoluteUsedCapacity=0.25, numApps=1, numContainers=1
nm_1        | 2020-08-11 12:37:00 INFO  ApplicationImpl:464 - Application application_1597149304576_0001 transitioned from RUNNING to APPLICATION_RESOURCES_CLEANINGUP
datanode_2  | 2020-08-11 12:35:32,061 [4cbe6861-31f5-4253-b7f0-ea35fd22cae4@group-F8B123C868EF-LeaderElection2] INFO server.RaftServerConfigKeys: raft.server.log.appender.buffer.element-limit = 1 (custom)
rm_1        | 2020-08-11 12:36:39 INFO  CapacityScheduler:1419 - Application attempt appattempt_1597149304576_0001_000001 released container container_1597149304576_0001_01_000003 on node: host: nm:37975 #containers=1 available=<memory:6144, vCores:7> used=<memory:2048, vCores:1> with event: FINISHED
nm_1        | 2020-08-11 12:37:00 INFO  AuxServices:196 - Got event APPLICATION_STOP for appId application_1597149304576_0001
datanode_2  | 2020-08-11 12:35:32,082 [4cbe6861-31f5-4253-b7f0-ea35fd22cae4@group-F8B123C868EF-LeaderElection2] INFO grpc.GrpcConfigKeys: raft.grpc.server.leader.outstanding.appends.max = 128 (default)
rm_1        | 2020-08-11 12:36:40 INFO  RMContainerImpl:410 - container_1597149304576_0001_01_000004 Container Transitioned from NEW to ALLOCATED
nm_1        | 2020-08-11 12:37:00 INFO  ApplicationImpl:464 - Application application_1597149304576_0001 transitioned from APPLICATION_RESOURCES_CLEANINGUP to FINISHED
datanode_2  | 2020-08-11 12:35:32,100 [4cbe6861-31f5-4253-b7f0-ea35fd22cae4@group-F8B123C868EF-LeaderElection2] INFO server.RaftServerConfigKeys: raft.server.rpc.request.timeout = 60s (custom)
rm_1        | 2020-08-11 12:36:40 INFO  RMAuditLogger:106 - USER=hadoop	OPERATION=AM Allocated Container	TARGET=SchedulerApp	RESULT=SUCCESS	APPID=application_1597149304576_0001	CONTAINERID=container_1597149304576_0001_01_000004
nm_1        | 2020-08-11 12:37:00 INFO  NonAggregatingLogHandler:167 - Scheduling Log Deletion for application: application_1597149304576_0001, with delay of 10800 seconds
datanode_2  | 2020-08-11 12:35:32,100 [4cbe6861-31f5-4253-b7f0-ea35fd22cae4@group-F8B123C868EF-LeaderElection2] INFO server.RaftServerConfigKeys: raft.server.log.appender.install.snapshot.enabled = false (custom)
rm_1        | 2020-08-11 12:36:40 INFO  SchedulerNode:153 - Assigned container container_1597149304576_0001_01_000004 of capacity <memory:4096, vCores:1> on host nm:37975, which has 2 containers, <memory:6144, vCores:2> used and <memory:2048, vCores:6> available after allocation
nm_1        | 2020-08-11 12:37:00 INFO  Server:1316 - Auth successful for appattempt_1597149304576_0002_000001 (auth:SIMPLE)
datanode_2  | 2020-08-11 12:35:32,101 [4cbe6861-31f5-4253-b7f0-ea35fd22cae4@group-F8B123C868EF-LeaderElection2] INFO metrics.RatisMetrics: Creating Metrics Registry : ratis_grpc.log_appender.4cbe6861-31f5-4253-b7f0-ea35fd22cae4@group-F8B123C868EF
rm_1        | 2020-08-11 12:36:40 INFO  LeafQueue:1554 - assignedContainer application attempt=appattempt_1597149304576_0001_000001 container=Container: [ContainerId: container_1597149304576_0001_01_000004, NodeId: nm:37975, NodeHttpAddress: nm:8042, Resource: <memory:4096, vCores:1>, Priority: 20, Token: null, ] queue=default: capacity=1.0, absoluteCapacity=1.0, usedResources=<memory:2048, vCores:1>, usedCapacity=0.25, absoluteUsedCapacity=0.25, numApps=1, numContainers=1 clusterResource=<memory:8192, vCores:8> type=RACK_LOCAL
nm_1        | 2020-08-11 12:37:00 INFO  ContainerManagerImpl:810 - Start request for container_1597149304576_0002_01_000001 by user hadoop
datanode_2  | 2020-08-11 12:35:32,107 [4cbe6861-31f5-4253-b7f0-ea35fd22cae4@group-F8B123C868EF-LeaderElection2] INFO server.RaftServerConfigKeys: raft.server.log.appender.snapshot.chunk.size.max = 16MB (=16777216) (default)
rm_1        | 2020-08-11 12:36:40 INFO  ParentQueue:523 - Re-sorting assigned queue: root.default stats: default: capacity=1.0, absoluteCapacity=1.0, usedResources=<memory:6144, vCores:2>, usedCapacity=0.75, absoluteUsedCapacity=0.75, numApps=1, numContainers=2
nm_1        | 2020-08-11 12:37:00 INFO  ContainerManagerImpl:850 - Creating a new application reference for app application_1597149304576_0002
datanode_2  | 2020-08-11 12:35:32,154 [4cbe6861-31f5-4253-b7f0-ea35fd22cae4@group-F8B123C868EF-LeaderElection2] INFO server.RaftServerConfigKeys: raft.server.log.appender.buffer.byte-limit = 33554432 (custom)
rm_1        | 2020-08-11 12:36:40 INFO  ParentQueue:420 - assignedContainer queue=root usedCapacity=0.75 absoluteUsedCapacity=0.75 used=<memory:6144, vCores:2> cluster=<memory:8192, vCores:8>
nm_1        | 2020-08-11 12:37:00 INFO  NMAuditLogger:89 - USER=hadoop	IP=172.19.0.9	OPERATION=Start Container Request	TARGET=ContainerManageImpl	RESULT=SUCCESS	APPID=application_1597149304576_0002	CONTAINERID=container_1597149304576_0002_01_000001
datanode_2  | 2020-08-11 12:35:32,154 [4cbe6861-31f5-4253-b7f0-ea35fd22cae4@group-F8B123C868EF-LeaderElection2] INFO server.RaftServerConfigKeys: raft.server.log.appender.buffer.element-limit = 1 (custom)
rm_1        | 2020-08-11 12:36:41 INFO  RMContainerImpl:410 - container_1597149304576_0001_01_000004 Container Transitioned from ALLOCATED to ACQUIRED
nm_1        | 2020-08-11 12:37:00 INFO  ApplicationImpl:464 - Application application_1597149304576_0002 transitioned from NEW to INITING
datanode_2  | 2020-08-11 12:35:32,154 [4cbe6861-31f5-4253-b7f0-ea35fd22cae4@group-F8B123C868EF-LeaderElection2] INFO grpc.GrpcConfigKeys: raft.grpc.server.leader.outstanding.appends.max = 128 (default)
rm_1        | 2020-08-11 12:36:41 INFO  RMContainerImpl:410 - container_1597149304576_0001_01_000004 Container Transitioned from ACQUIRED to RUNNING
nm_1        | 2020-08-11 12:37:00 INFO  ApplicationImpl:304 - Adding container_1597149304576_0002_01_000001 to application application_1597149304576_0002
datanode_2  | 2020-08-11 12:35:32,154 [4cbe6861-31f5-4253-b7f0-ea35fd22cae4@group-F8B123C868EF-LeaderElection2] INFO server.RaftServerConfigKeys: raft.server.rpc.request.timeout = 60s (custom)
rm_1        | 2020-08-11 12:36:42 INFO  AppSchedulingInfo:181 - checking for deactivate of application :application_1597149304576_0001
nm_1        | 2020-08-11 12:37:00 INFO  ApplicationImpl:464 - Application application_1597149304576_0002 transitioned from INITING to RUNNING
datanode_2  | 2020-08-11 12:35:32,155 [4cbe6861-31f5-4253-b7f0-ea35fd22cae4@group-F8B123C868EF-LeaderElection2] INFO server.RaftServerConfigKeys: raft.server.log.appender.install.snapshot.enabled = false (custom)
rm_1        | 2020-08-11 12:36:44 INFO  RMContainerImpl:410 - container_1597149304576_0001_01_000004 Container Transitioned from RUNNING to COMPLETED
nm_1        | 2020-08-11 12:37:00 INFO  ContainerImpl:1135 - Container container_1597149304576_0002_01_000001 transitioned from NEW to LOCALIZING
datanode_2  | 2020-08-11 12:35:32,157 [4cbe6861-31f5-4253-b7f0-ea35fd22cae4@group-F8B123C868EF-LeaderElection2] INFO impl.RoleInfo: 4cbe6861-31f5-4253-b7f0-ea35fd22cae4: start LeaderState
rm_1        | 2020-08-11 12:36:44 INFO  FiCaSchedulerApp:113 - Completed container: container_1597149304576_0001_01_000004 in state: COMPLETED event:FINISHED
datanode_2  | 2020-08-11 12:35:32,179 [4cbe6861-31f5-4253-b7f0-ea35fd22cae4@group-3A497B43ABE8-LeaderElection1] INFO segmented.SegmentedRaftLogWorker: 4cbe6861-31f5-4253-b7f0-ea35fd22cae4@group-3A497B43ABE8-SegmentedRaftLogWorker: Starting segment from index:0
rm_1        | 2020-08-11 12:36:44 INFO  RMAuditLogger:106 - USER=hadoop	OPERATION=AM Released Container	TARGET=SchedulerApp	RESULT=SUCCESS	APPID=application_1597149304576_0001	CONTAINERID=container_1597149304576_0001_01_000004
nm_1        | 2020-08-11 12:37:00 INFO  AuxServices:196 - Got event CONTAINER_INIT for appId application_1597149304576_0002
datanode_2  | 2020-08-11 12:35:32,179 [4cbe6861-31f5-4253-b7f0-ea35fd22cae4@group-F8B123C868EF-LeaderElection2] INFO segmented.SegmentedRaftLogWorker: 4cbe6861-31f5-4253-b7f0-ea35fd22cae4@group-F8B123C868EF-SegmentedRaftLogWorker: Starting segment from index:0
rm_1        | 2020-08-11 12:36:44 INFO  SchedulerNode:216 - Released container container_1597149304576_0001_01_000004 of capacity <memory:4096, vCores:1> on host nm:37975, which currently has 1 containers, <memory:2048, vCores:1> used and <memory:6144, vCores:7> available, release resources=true
nm_1        | 2020-08-11 12:37:00 INFO  LocalizedResource:203 - Resource o3fs://bucket1.volume1/user/hadoop/.staging/job_1597149304576_0002/job.splitmetainfo transitioned from INIT to DOWNLOADING
datanode_2  | 2020-08-11 12:35:32,249 [4cbe6861-31f5-4253-b7f0-ea35fd22cae4@group-3A497B43ABE8-LeaderElection1] INFO impl.RaftServerImpl: 4cbe6861-31f5-4253-b7f0-ea35fd22cae4@group-3A497B43ABE8: set configuration 0: [4cbe6861-31f5-4253-b7f0-ea35fd22cae4:172.19.0.8:9858], old=null at 0
rm_1        | 2020-08-11 12:36:44 INFO  LeafQueue:1707 - default used=<memory:2048, vCores:1> numContainers=1 user=hadoop user-resources=<memory:2048, vCores:1>
nm_1        | 2020-08-11 12:37:00 INFO  LocalizedResource:203 - Resource o3fs://bucket1.volume1/user/hadoop/.staging/job_1597149304576_0002/job.jar transitioned from INIT to DOWNLOADING
datanode_2  | 2020-08-11 12:35:32,251 [4cbe6861-31f5-4253-b7f0-ea35fd22cae4@group-F8B123C868EF-LeaderElection2] INFO impl.RaftServerImpl: 4cbe6861-31f5-4253-b7f0-ea35fd22cae4@group-F8B123C868EF: set configuration 0: [6aa8311c-c114-409b-a5f5-dd257fb9add8:172.19.0.7:9858, 4cbe6861-31f5-4253-b7f0-ea35fd22cae4:172.19.0.8:9858, 8f445499-f86a-4609-9d72-721551d35546:172.19.0.6:9858], old=null at 0
rm_1        | 2020-08-11 12:36:44 INFO  LeafQueue:1658 - completedContainer container=Container: [ContainerId: container_1597149304576_0001_01_000004, NodeId: nm:37975, NodeHttpAddress: nm:8042, Resource: <memory:4096, vCores:1>, Priority: 20, Token: Token { kind: ContainerToken, service: 172.19.0.4:37975 }, ] queue=default: capacity=1.0, absoluteCapacity=1.0, usedResources=<memory:2048, vCores:1>, usedCapacity=0.25, absoluteUsedCapacity=0.25, numApps=1, numContainers=1 cluster=<memory:8192, vCores:8>
nm_1        | 2020-08-11 12:37:00 INFO  LocalizedResource:203 - Resource o3fs://bucket1.volume1/user/hadoop/.staging/job_1597149304576_0002/job.split transitioned from INIT to DOWNLOADING
datanode_2  | 2020-08-11 12:35:32,653 [4cbe6861-31f5-4253-b7f0-ea35fd22cae4@group-F8B123C868EF-SegmentedRaftLogWorker] INFO segmented.SegmentedRaftLogWorker: 4cbe6861-31f5-4253-b7f0-ea35fd22cae4@group-F8B123C868EF-SegmentedRaftLogWorker: created new log segment /data/metadata/ratis/18fe067e-6a98-4ea3-b291-f8b123c868ef/current/log_inprogress_0
rm_1        | 2020-08-11 12:36:44 INFO  ParentQueue:568 - completedContainer queue=root usedCapacity=0.25 absoluteUsedCapacity=0.25 used=<memory:2048, vCores:1> cluster=<memory:8192, vCores:8>
nm_1        | 2020-08-11 12:37:00 INFO  LocalizedResource:203 - Resource o3fs://bucket1.volume1/user/hadoop/.staging/job_1597149304576_0002/job.xml transitioned from INIT to DOWNLOADING
datanode_2  | 2020-08-11 12:35:32,667 [4cbe6861-31f5-4253-b7f0-ea35fd22cae4@group-3A497B43ABE8-SegmentedRaftLogWorker] INFO segmented.SegmentedRaftLogWorker: 4cbe6861-31f5-4253-b7f0-ea35fd22cae4@group-3A497B43ABE8-SegmentedRaftLogWorker: created new log segment /data/metadata/ratis/351c77cc-3555-4db1-9545-3a497b43abe8/current/log_inprogress_0
rm_1        | 2020-08-11 12:36:44 INFO  ParentQueue:585 - Re-sorting completed queue: root.default stats: default: capacity=1.0, absoluteCapacity=1.0, usedResources=<memory:2048, vCores:1>, usedCapacity=0.25, absoluteUsedCapacity=0.25, numApps=1, numContainers=1
nm_1        | 2020-08-11 12:37:00 INFO  ResourceLocalizationService:711 - Created localizer for container_1597149304576_0002_01_000001
datanode_2  | 2020-08-11 12:35:49,770 [Datanode State Machine Thread - 0] WARN statemachine.DatanodeStateMachine: Interrupt the execution.
rm_1        | 2020-08-11 12:36:44 INFO  CapacityScheduler:1419 - Application attempt appattempt_1597149304576_0001_000001 released container container_1597149304576_0001_01_000004 on node: host: nm:37975 #containers=1 available=<memory:6144, vCores:7> used=<memory:2048, vCores:1> with event: FINISHED
nm_1        | 2020-08-11 12:37:00 INFO  ResourceLocalizationService:1191 - Writing credentials to the nmPrivate file /tmp/hadoop-hadoop/nm-local-dir/nmPrivate/container_1597149304576_0002_01_000001.tokens. Credentials list: 
datanode_2  | java.lang.InterruptedException: sleep interrupted
rm_1        | 2020-08-11 12:36:44 INFO  RMContainerImpl:410 - container_1597149304576_0001_01_000005 Container Transitioned from NEW to ALLOCATED
nm_1        | 2020-08-11 12:37:00 INFO  DefaultContainerExecutor:612 - Initializing user hadoop
datanode_2  | 	at java.base/java.lang.Thread.sleep(Native Method)
rm_1        | 2020-08-11 12:36:44 INFO  RMAuditLogger:106 - USER=hadoop	OPERATION=AM Allocated Container	TARGET=SchedulerApp	RESULT=SUCCESS	APPID=application_1597149304576_0001	CONTAINERID=container_1597149304576_0001_01_000005
nm_1        | 2020-08-11 12:37:00 INFO  DefaultContainerExecutor:117 - Copying from /tmp/hadoop-hadoop/nm-local-dir/nmPrivate/container_1597149304576_0002_01_000001.tokens to /tmp/hadoop-hadoop/nm-local-dir/usercache/hadoop/appcache/application_1597149304576_0002/container_1597149304576_0002_01_000001.tokens
datanode_2  | 	at org.apache.hadoop.ozone.container.common.statemachine.DatanodeStateMachine.start(DatanodeStateMachine.java:243)
rm_1        | 2020-08-11 12:36:44 INFO  SchedulerNode:153 - Assigned container container_1597149304576_0001_01_000005 of capacity <memory:4096, vCores:1> on host nm:37975, which has 2 containers, <memory:6144, vCores:2> used and <memory:2048, vCores:6> available after allocation
nm_1        | 2020-08-11 12:37:00 INFO  DefaultContainerExecutor:124 - Localizer CWD set to /tmp/hadoop-hadoop/nm-local-dir/usercache/hadoop/appcache/application_1597149304576_0002 = file:/tmp/hadoop-hadoop/nm-local-dir/usercache/hadoop/appcache/application_1597149304576_0002
datanode_2  | 	at org.apache.hadoop.ozone.container.common.statemachine.DatanodeStateMachine.lambda$startDaemon$0(DatanodeStateMachine.java:405)
rm_1        | 2020-08-11 12:36:44 INFO  LeafQueue:1554 - assignedContainer application attempt=appattempt_1597149304576_0001_000001 container=Container: [ContainerId: container_1597149304576_0001_01_000005, NodeId: nm:37975, NodeHttpAddress: nm:8042, Resource: <memory:4096, vCores:1>, Priority: 10, Token: null, ] queue=default: capacity=1.0, absoluteCapacity=1.0, usedResources=<memory:2048, vCores:1>, usedCapacity=0.25, absoluteUsedCapacity=0.25, numApps=1, numContainers=1 clusterResource=<memory:8192, vCores:8> type=OFF_SWITCH
nm_1        | 2020-08-11 12:37:00 INFO  LocalizedResource:203 - Resource o3fs://bucket1.volume1/user/hadoop/.staging/job_1597149304576_0002/job.splitmetainfo(->/tmp/hadoop-hadoop/nm-local-dir/usercache/hadoop/appcache/application_1597149304576_0002/filecache/10/job.splitmetainfo) transitioned from DOWNLOADING to LOCALIZED
datanode_2  | 	at java.base/java.lang.Thread.run(Thread.java:834)
rm_1        | 2020-08-11 12:36:44 INFO  ParentQueue:523 - Re-sorting assigned queue: root.default stats: default: capacity=1.0, absoluteCapacity=1.0, usedResources=<memory:6144, vCores:2>, usedCapacity=0.75, absoluteUsedCapacity=0.75, numApps=1, numContainers=2
nm_1        | 2020-08-11 12:37:00 INFO  LocalizedResource:203 - Resource o3fs://bucket1.volume1/user/hadoop/.staging/job_1597149304576_0002/job.jar(->/tmp/hadoop-hadoop/nm-local-dir/usercache/hadoop/appcache/application_1597149304576_0002/filecache/11/job.jar) transitioned from DOWNLOADING to LOCALIZED
rm_1        | 2020-08-11 12:36:44 INFO  ParentQueue:420 - assignedContainer queue=root usedCapacity=0.75 absoluteUsedCapacity=0.75 used=<memory:6144, vCores:2> cluster=<memory:8192, vCores:8>
nm_1        | 2020-08-11 12:37:00 INFO  LocalizedResource:203 - Resource o3fs://bucket1.volume1/user/hadoop/.staging/job_1597149304576_0002/job.split(->/tmp/hadoop-hadoop/nm-local-dir/usercache/hadoop/appcache/application_1597149304576_0002/filecache/12/job.split) transitioned from DOWNLOADING to LOCALIZED
rm_1        | 2020-08-11 12:36:45 INFO  RMContainerImpl:410 - container_1597149304576_0001_01_000005 Container Transitioned from ALLOCATED to ACQUIRED
nm_1        | 2020-08-11 12:37:00 INFO  LocalizedResource:203 - Resource o3fs://bucket1.volume1/user/hadoop/.staging/job_1597149304576_0002/job.xml(->/tmp/hadoop-hadoop/nm-local-dir/usercache/hadoop/appcache/application_1597149304576_0002/filecache/13/job.xml) transitioned from DOWNLOADING to LOCALIZED
rm_1        | 2020-08-11 12:36:45 INFO  RMContainerImpl:410 - container_1597149304576_0001_01_000005 Container Transitioned from ACQUIRED to RUNNING
nm_1        | 2020-08-11 12:37:00 INFO  ContainerImpl:1135 - Container container_1597149304576_0002_01_000001 transitioned from LOCALIZING to LOCALIZED
rm_1        | 2020-08-11 12:36:46 INFO  AppSchedulingInfo:181 - checking for deactivate of application :application_1597149304576_0001
nm_1        | 2020-08-11 12:37:00 INFO  ContainerImpl:1135 - Container container_1597149304576_0002_01_000001 transitioned from LOCALIZED to RUNNING
rm_1        | 2020-08-11 12:36:49 INFO  RMContainerImpl:410 - container_1597149304576_0001_01_000005 Container Transitioned from RUNNING to COMPLETED
nm_1        | 2020-08-11 12:37:00 INFO  ContainersMonitorImpl:196 - Neither virutal-memory nor physical-memory monitoring is needed. Not running the monitor-thread
rm_1        | 2020-08-11 12:36:49 INFO  FiCaSchedulerApp:113 - Completed container: container_1597149304576_0001_01_000005 in state: COMPLETED event:FINISHED
nm_1        | 2020-08-11 12:37:00 INFO  DefaultContainerExecutor:268 - launchContainer: [bash, /tmp/hadoop-hadoop/nm-local-dir/usercache/hadoop/appcache/application_1597149304576_0002/container_1597149304576_0002_01_000001/default_container_executor.sh]
rm_1        | 2020-08-11 12:36:49 INFO  RMAuditLogger:106 - USER=hadoop	OPERATION=AM Released Container	TARGET=SchedulerApp	RESULT=SUCCESS	APPID=application_1597149304576_0001	CONTAINERID=container_1597149304576_0001_01_000005
nm_1        | 2020-08-11 12:37:09 INFO  Server:1316 - Auth successful for appattempt_1597149304576_0002_000001 (auth:SIMPLE)
rm_1        | 2020-08-11 12:36:49 INFO  SchedulerNode:216 - Released container container_1597149304576_0001_01_000005 of capacity <memory:4096, vCores:1> on host nm:37975, which currently has 1 containers, <memory:2048, vCores:1> used and <memory:6144, vCores:7> available, release resources=true
nm_1        | 2020-08-11 12:37:09 INFO  ContainerManagerImpl:810 - Start request for container_1597149304576_0002_01_000002 by user hadoop
rm_1        | 2020-08-11 12:36:49 INFO  LeafQueue:1707 - default used=<memory:2048, vCores:1> numContainers=1 user=hadoop user-resources=<memory:2048, vCores:1>
rm_1        | 2020-08-11 12:36:49 INFO  LeafQueue:1658 - completedContainer container=Container: [ContainerId: container_1597149304576_0001_01_000005, NodeId: nm:37975, NodeHttpAddress: nm:8042, Resource: <memory:4096, vCores:1>, Priority: 10, Token: Token { kind: ContainerToken, service: 172.19.0.4:37975 }, ] queue=default: capacity=1.0, absoluteCapacity=1.0, usedResources=<memory:2048, vCores:1>, usedCapacity=0.25, absoluteUsedCapacity=0.25, numApps=1, numContainers=1 cluster=<memory:8192, vCores:8>
rm_1        | 2020-08-11 12:36:49 INFO  ParentQueue:568 - completedContainer queue=root usedCapacity=0.25 absoluteUsedCapacity=0.25 used=<memory:2048, vCores:1> cluster=<memory:8192, vCores:8>
nm_1        | 2020-08-11 12:37:09 INFO  NMAuditLogger:89 - USER=hadoop	IP=172.19.0.4	OPERATION=Start Container Request	TARGET=ContainerManageImpl	RESULT=SUCCESS	APPID=application_1597149304576_0002	CONTAINERID=container_1597149304576_0002_01_000002
nm_1        | 2020-08-11 12:37:09 INFO  ApplicationImpl:304 - Adding container_1597149304576_0002_01_000002 to application application_1597149304576_0002
nm_1        | 2020-08-11 12:37:09 INFO  ContainerImpl:1135 - Container container_1597149304576_0002_01_000002 transitioned from NEW to LOCALIZING
nm_1        | 2020-08-11 12:37:09 INFO  AuxServices:196 - Got event CONTAINER_INIT for appId application_1597149304576_0002
nm_1        | 2020-08-11 12:37:09 INFO  AuxServices:196 - Got event APPLICATION_INIT for appId application_1597149304576_0002
nm_1        | 2020-08-11 12:37:09 INFO  AuxServices:200 - Got APPLICATION_INIT for service mapreduce_shuffle
nm_1        | 2020-08-11 12:37:09 INFO  ShuffleHandler:671 - Added token for job_1597149304576_0002
nm_1        | 2020-08-11 12:37:09 INFO  ContainerImpl:1135 - Container container_1597149304576_0002_01_000002 transitioned from LOCALIZING to LOCALIZED
nm_1        | 2020-08-11 12:37:09 INFO  ContainerImpl:1135 - Container container_1597149304576_0002_01_000002 transitioned from LOCALIZED to RUNNING
nm_1        | 2020-08-11 12:37:09 INFO  ContainersMonitorImpl:196 - Neither virutal-memory nor physical-memory monitoring is needed. Not running the monitor-thread
nm_1        | 2020-08-11 12:37:09 INFO  DefaultContainerExecutor:268 - launchContainer: [bash, /tmp/hadoop-hadoop/nm-local-dir/usercache/hadoop/appcache/application_1597149304576_0002/container_1597149304576_0002_01_000002/default_container_executor.sh]
nm_1        | 2020-08-11 12:37:13 INFO  Server:1316 - Auth successful for appattempt_1597149304576_0002_000001 (auth:SIMPLE)
nm_1        | 2020-08-11 12:37:13 INFO  ContainerManagerImpl:960 - Stopping container with container Id: container_1597149304576_0002_01_000002
nm_1        | 2020-08-11 12:37:13 INFO  NMAuditLogger:89 - USER=hadoop	IP=172.19.0.4	OPERATION=Stop Container Request	TARGET=ContainerManageImpl	RESULT=SUCCESS	APPID=application_1597149304576_0002	CONTAINERID=container_1597149304576_0002_01_000002
nm_1        | 2020-08-11 12:37:13 INFO  ContainerImpl:1135 - Container container_1597149304576_0002_01_000002 transitioned from RUNNING to KILLING
nm_1        | 2020-08-11 12:37:13 INFO  ContainerLaunch:370 - Cleaning up container container_1597149304576_0002_01_000002
nm_1        | 2020-08-11 12:37:13 WARN  DefaultContainerExecutor:224 - Exit code from container container_1597149304576_0002_01_000002 is : 143
nm_1        | 2020-08-11 12:37:13 INFO  ContainerImpl:1135 - Container container_1597149304576_0002_01_000002 transitioned from KILLING to CONTAINER_CLEANEDUP_AFTER_KILL
nm_1        | 2020-08-11 12:37:13 INFO  NMAuditLogger:89 - USER=hadoop	OPERATION=Container Finished - Killed	TARGET=ContainerImpl	RESULT=SUCCESS	APPID=application_1597149304576_0002	CONTAINERID=container_1597149304576_0002_01_000002
nm_1        | 2020-08-11 12:37:13 INFO  ContainerImpl:1135 - Container container_1597149304576_0002_01_000002 transitioned from CONTAINER_CLEANEDUP_AFTER_KILL to DONE
nm_1        | 2020-08-11 12:37:13 INFO  ApplicationImpl:347 - Removing container_1597149304576_0002_01_000002 from application application_1597149304576_0002
nm_1        | 2020-08-11 12:37:13 INFO  ContainersMonitorImpl:196 - Neither virutal-memory nor physical-memory monitoring is needed. Not running the monitor-thread
nm_1        | 2020-08-11 12:37:13 INFO  AuxServices:196 - Got event CONTAINER_STOP for appId application_1597149304576_0002
nm_1        | 2020-08-11 12:37:15 INFO  NodeStatusUpdaterImpl:490 - Removed completed containers from NM context: [container_1597149304576_0002_01_000002]
nm_1        | 2020-08-11 12:37:15 INFO  Server:1316 - Auth successful for appattempt_1597149304576_0002_000001 (auth:SIMPLE)
nm_1        | 2020-08-11 12:37:15 INFO  ContainerManagerImpl:810 - Start request for container_1597149304576_0002_01_000003 by user hadoop
nm_1        | 2020-08-11 12:37:15 INFO  NMAuditLogger:89 - USER=hadoop	IP=172.19.0.4	OPERATION=Start Container Request	TARGET=ContainerManageImpl	RESULT=SUCCESS	APPID=application_1597149304576_0002	CONTAINERID=container_1597149304576_0002_01_000003
nm_1        | 2020-08-11 12:37:15 INFO  ApplicationImpl:304 - Adding container_1597149304576_0002_01_000003 to application application_1597149304576_0002
nm_1        | 2020-08-11 12:37:15 INFO  ContainerImpl:1135 - Container container_1597149304576_0002_01_000003 transitioned from NEW to LOCALIZING
nm_1        | 2020-08-11 12:37:15 INFO  AuxServices:196 - Got event CONTAINER_INIT for appId application_1597149304576_0002
nm_1        | 2020-08-11 12:37:15 INFO  AuxServices:196 - Got event APPLICATION_INIT for appId application_1597149304576_0002
nm_1        | 2020-08-11 12:37:15 INFO  AuxServices:200 - Got APPLICATION_INIT for service mapreduce_shuffle
nm_1        | 2020-08-11 12:37:15 INFO  ShuffleHandler:671 - Added token for job_1597149304576_0002
nm_1        | 2020-08-11 12:37:15 INFO  ContainerImpl:1135 - Container container_1597149304576_0002_01_000003 transitioned from LOCALIZING to LOCALIZED
nm_1        | 2020-08-11 12:37:15 INFO  ContainerImpl:1135 - Container container_1597149304576_0002_01_000003 transitioned from LOCALIZED to RUNNING
nm_1        | 2020-08-11 12:37:15 INFO  ContainersMonitorImpl:196 - Neither virutal-memory nor physical-memory monitoring is needed. Not running the monitor-thread
nm_1        | 2020-08-11 12:37:15 INFO  DefaultContainerExecutor:268 - launchContainer: [bash, /tmp/hadoop-hadoop/nm-local-dir/usercache/hadoop/appcache/application_1597149304576_0002/container_1597149304576_0002_01_000003/default_container_executor.sh]
nm_1        | 2020-08-11 12:37:18 INFO  ShuffleHandler:1047 - Setting connection close header...
nm_1        | 2020-08-11 12:37:19 INFO  Server:1316 - Auth successful for appattempt_1597149304576_0002_000001 (auth:SIMPLE)
nm_1        | 2020-08-11 12:37:19 INFO  ContainerManagerImpl:960 - Stopping container with container Id: container_1597149304576_0002_01_000003
nm_1        | 2020-08-11 12:37:19 INFO  NMAuditLogger:89 - USER=hadoop	IP=172.19.0.4	OPERATION=Stop Container Request	TARGET=ContainerManageImpl	RESULT=SUCCESS	APPID=application_1597149304576_0002	CONTAINERID=container_1597149304576_0002_01_000003
nm_1        | 2020-08-11 12:37:19 INFO  ContainerImpl:1135 - Container container_1597149304576_0002_01_000003 transitioned from RUNNING to KILLING
nm_1        | 2020-08-11 12:37:19 INFO  ContainerLaunch:370 - Cleaning up container container_1597149304576_0002_01_000003
nm_1        | 2020-08-11 12:37:19 WARN  DefaultContainerExecutor:224 - Exit code from container container_1597149304576_0002_01_000003 is : 143
nm_1        | 2020-08-11 12:37:19 INFO  ContainerImpl:1135 - Container container_1597149304576_0002_01_000003 transitioned from KILLING to CONTAINER_CLEANEDUP_AFTER_KILL
nm_1        | 2020-08-11 12:37:19 INFO  NMAuditLogger:89 - USER=hadoop	OPERATION=Container Finished - Killed	TARGET=ContainerImpl	RESULT=SUCCESS	APPID=application_1597149304576_0002	CONTAINERID=container_1597149304576_0002_01_000003
nm_1        | 2020-08-11 12:37:19 INFO  ContainerImpl:1135 - Container container_1597149304576_0002_01_000003 transitioned from CONTAINER_CLEANEDUP_AFTER_KILL to DONE
nm_1        | 2020-08-11 12:37:19 INFO  ApplicationImpl:347 - Removing container_1597149304576_0002_01_000003 from application application_1597149304576_0002
nm_1        | 2020-08-11 12:37:19 INFO  ContainersMonitorImpl:196 - Neither virutal-memory nor physical-memory monitoring is needed. Not running the monitor-thread
nm_1        | 2020-08-11 12:37:19 INFO  AuxServices:196 - Got event CONTAINER_STOP for appId application_1597149304576_0002
rm_1        | 2020-08-11 12:36:49 INFO  ParentQueue:585 - Re-sorting completed queue: root.default stats: default: capacity=1.0, absoluteCapacity=1.0, usedResources=<memory:2048, vCores:1>, usedCapacity=0.25, absoluteUsedCapacity=0.25, numApps=1, numContainers=1
rm_1        | 2020-08-11 12:36:49 INFO  CapacityScheduler:1419 - Application attempt appattempt_1597149304576_0001_000001 released container container_1597149304576_0001_01_000005 on node: host: nm:37975 #containers=1 available=<memory:6144, vCores:7> used=<memory:2048, vCores:1> with event: FINISHED
rm_1        | 2020-08-11 12:36:52 INFO  RMAppAttemptImpl:1206 - Updating application attempt appattempt_1597149304576_0001_000001 with final state: FINISHING, and exit status: -1000
rm_1        | 2020-08-11 12:36:52 INFO  RMAppAttemptImpl:813 - appattempt_1597149304576_0001_000001 State change from RUNNING to FINAL_SAVING
rm_1        | 2020-08-11 12:36:52 INFO  RMAppAttemptImpl:813 - appattempt_1597149304576_0001_000001 State change from FINAL_SAVING to FINISHING
rm_1        | 2020-08-11 12:36:52 INFO  RMAppImpl:993 - Updating application application_1597149304576_0001 with final state: FINISHING
rm_1        | 2020-08-11 12:36:52 INFO  RMStateStore:223 - Updating info for app: application_1597149304576_0001
rm_1        | 2020-08-11 12:36:52 INFO  RMAppImpl:715 - application_1597149304576_0001 State change from RUNNING to FINAL_SAVING
rm_1        | 2020-08-11 12:36:52 INFO  RMAppImpl:715 - application_1597149304576_0001 State change from FINAL_SAVING to FINISHING
rm_1        | 2020-08-11 12:36:53 INFO  ApplicationMasterService:354 - application_1597149304576_0001 unregistered successfully. 
rm_1        | 2020-08-11 12:36:57 INFO  ClientRMService:289 - Allocated new applicationId: 2
rm_1        | 2020-08-11 12:36:59 INFO  RMContainerImpl:410 - container_1597149304576_0001_01_000001 Container Transitioned from RUNNING to COMPLETED
rm_1        | 2020-08-11 12:36:59 INFO  FiCaSchedulerApp:113 - Completed container: container_1597149304576_0001_01_000001 in state: COMPLETED event:FINISHED
rm_1        | 2020-08-11 12:36:59 INFO  RMAuditLogger:106 - USER=hadoop	OPERATION=AM Released Container	TARGET=SchedulerApp	RESULT=SUCCESS	APPID=application_1597149304576_0001	CONTAINERID=container_1597149304576_0001_01_000001
rm_1        | 2020-08-11 12:36:59 INFO  ApplicationMasterService:684 - Unregistering app attempt : appattempt_1597149304576_0001_000001
rm_1        | 2020-08-11 12:36:59 INFO  SchedulerNode:216 - Released container container_1597149304576_0001_01_000001 of capacity <memory:2048, vCores:1> on host nm:37975, which currently has 0 containers, <memory:0, vCores:0> used and <memory:8192, vCores:8> available, release resources=true
rm_1        | 2020-08-11 12:36:59 INFO  LeafQueue:1707 - default used=<memory:0, vCores:0> numContainers=0 user=hadoop user-resources=<memory:0, vCores:0>
rm_1        | 2020-08-11 12:36:59 INFO  AMRMTokenSecretManager:124 - Application finished, removing password for appattempt_1597149304576_0001_000001
rm_1        | 2020-08-11 12:36:59 INFO  LeafQueue:1658 - completedContainer container=Container: [ContainerId: container_1597149304576_0001_01_000001, NodeId: nm:37975, NodeHttpAddress: nm:8042, Resource: <memory:2048, vCores:1>, Priority: 0, Token: Token { kind: ContainerToken, service: 172.19.0.4:37975 }, ] queue=default: capacity=1.0, absoluteCapacity=1.0, usedResources=<memory:0, vCores:0>, usedCapacity=0.0, absoluteUsedCapacity=0.0, numApps=1, numContainers=0 cluster=<memory:8192, vCores:8>
rm_1        | 2020-08-11 12:36:59 INFO  ParentQueue:568 - completedContainer queue=root usedCapacity=0.0 absoluteUsedCapacity=0.0 used=<memory:0, vCores:0> cluster=<memory:8192, vCores:8>
rm_1        | 2020-08-11 12:36:59 INFO  RMAppAttemptImpl:813 - appattempt_1597149304576_0001_000001 State change from FINISHING to FINISHED
rm_1        | 2020-08-11 12:36:59 INFO  ParentQueue:585 - Re-sorting completed queue: root.default stats: default: capacity=1.0, absoluteCapacity=1.0, usedResources=<memory:0, vCores:0>, usedCapacity=0.0, absoluteUsedCapacity=0.0, numApps=1, numContainers=0
rm_1        | 2020-08-11 12:36:59 INFO  CapacityScheduler:1419 - Application attempt appattempt_1597149304576_0001_000001 released container container_1597149304576_0001_01_000001 on node: host: nm:37975 #containers=0 available=<memory:8192, vCores:8> used=<memory:0, vCores:0> with event: FINISHED
rm_1        | 2020-08-11 12:36:59 INFO  RMAppImpl:715 - application_1597149304576_0001 State change from FINISHING to FINISHED
rm_1        | 2020-08-11 12:36:59 INFO  CapacityScheduler:882 - Application Attempt appattempt_1597149304576_0001_000001 is done. finalState=FINISHED
rm_1        | 2020-08-11 12:36:59 INFO  AppSchedulingInfo:117 - Application application_1597149304576_0001 requests cleared
