recon_1     | 2021-04-23 04:44:54,800 [Socket Reader #1 for port 9891] INFO ipc.Server: Auth successful for dn/90752d1923b3@EXAMPLE.COM (auth:KERBEROS) from 172.18.0.4:40615
recon_1     | 2021-04-23 04:44:54,808 [Socket Reader #1 for port 9891] INFO authorize.ServiceAuthorizationManager: Authorization successful for dn/90752d1923b3@EXAMPLE.COM (auth:KERBEROS) for protocol=interface org.apache.hadoop.ozone.protocol.ReconDatanodeProtocol
recon_1     | 2021-04-23 04:44:54,833 [Socket Reader #1 for port 9891] INFO ipc.Server: Auth successful for dn/84d5058e7db3@EXAMPLE.COM (auth:KERBEROS) from 172.18.0.6:32975
recon_1     | 2021-04-23 04:44:54,844 [Socket Reader #1 for port 9891] INFO authorize.ServiceAuthorizationManager: Authorization successful for dn/84d5058e7db3@EXAMPLE.COM (auth:KERBEROS) for protocol=interface org.apache.hadoop.ozone.protocol.ReconDatanodeProtocol
recon_1     | 2021-04-23 04:45:24,329 [Socket Reader #1 for port 9891] INFO ipc.Server: Auth successful for dn/cd069bd582d9@EXAMPLE.COM (auth:KERBEROS) from 172.18.0.5:41455
recon_1     | 2021-04-23 04:45:24,340 [Socket Reader #1 for port 9891] INFO authorize.ServiceAuthorizationManager: Authorization successful for dn/cd069bd582d9@EXAMPLE.COM (auth:KERBEROS) for protocol=interface org.apache.hadoop.ozone.protocol.ReconDatanodeProtocol
recon_1     | 2021-04-23 04:45:24,794 [Socket Reader #1 for port 9891] INFO ipc.Server: Auth successful for dn/90752d1923b3@EXAMPLE.COM (auth:KERBEROS) from 172.18.0.4:36059
recon_1     | 2021-04-23 04:45:24,806 [Socket Reader #1 for port 9891] INFO authorize.ServiceAuthorizationManager: Authorization successful for dn/90752d1923b3@EXAMPLE.COM (auth:KERBEROS) for protocol=interface org.apache.hadoop.ozone.protocol.ReconDatanodeProtocol
recon_1     | 2021-04-23 04:45:24,837 [Socket Reader #1 for port 9891] INFO ipc.Server: Auth successful for dn/84d5058e7db3@EXAMPLE.COM (auth:KERBEROS) from 172.18.0.6:35685
recon_1     | 2021-04-23 04:45:24,850 [Socket Reader #1 for port 9891] INFO authorize.ServiceAuthorizationManager: Authorization successful for dn/84d5058e7db3@EXAMPLE.COM (auth:KERBEROS) for protocol=interface org.apache.hadoop.ozone.protocol.ReconDatanodeProtocol
recon_1     | 2021-04-23 04:45:43,085 [pool-17-thread-1] INFO impl.OzoneManagerServiceProviderImpl: Syncing data from Ozone Manager.
recon_1     | 2021-04-23 04:45:43,085 [pool-17-thread-1] INFO impl.OzoneManagerServiceProviderImpl: Obtaining delta updates from Ozone Manager
recon_1     | 2021-04-23 04:45:43,117 [pool-17-thread-1] INFO impl.OzoneManagerServiceProviderImpl: Number of updates received from OM : 46
recon_1     | 2021-04-23 04:45:43,215 [pool-18-thread-1] INFO tasks.TableCountTask: Completed a 'process' run of TableCountTask.
recon_1     | 2021-04-23 04:45:43,217 [pool-18-thread-1] INFO tasks.ContainerKeyMapperTask: ContainerKeyMapperTask successfully processed 23 OM DB update event(s).
recon_1     | 2021-04-23 04:45:43,421 [pool-18-thread-1] INFO tasks.FileSizeCountTask: Completed a 'process' run of FileSizeCountTask.
recon_1     | 2021-04-23 04:45:54,329 [Socket Reader #1 for port 9891] INFO ipc.Server: Auth successful for dn/cd069bd582d9@EXAMPLE.COM (auth:KERBEROS) from 172.18.0.5:34293
recon_1     | 2021-04-23 04:45:54,364 [Socket Reader #1 for port 9891] INFO authorize.ServiceAuthorizationManager: Authorization successful for dn/cd069bd582d9@EXAMPLE.COM (auth:KERBEROS) for protocol=interface org.apache.hadoop.ozone.protocol.ReconDatanodeProtocol
recon_1     | 2021-04-23 04:45:54,808 [Socket Reader #1 for port 9891] INFO ipc.Server: Auth successful for dn/90752d1923b3@EXAMPLE.COM (auth:KERBEROS) from 172.18.0.4:46287
recon_1     | 2021-04-23 04:45:54,844 [Socket Reader #1 for port 9891] INFO ipc.Server: Auth successful for dn/84d5058e7db3@EXAMPLE.COM (auth:KERBEROS) from 172.18.0.6:45601
recon_1     | 2021-04-23 04:45:54,852 [Socket Reader #1 for port 9891] INFO authorize.ServiceAuthorizationManager: Authorization successful for dn/90752d1923b3@EXAMPLE.COM (auth:KERBEROS) for protocol=interface org.apache.hadoop.ozone.protocol.ReconDatanodeProtocol
recon_1     | 2021-04-23 04:45:54,886 [Socket Reader #1 for port 9891] INFO authorize.ServiceAuthorizationManager: Authorization successful for dn/84d5058e7db3@EXAMPLE.COM (auth:KERBEROS) for protocol=interface org.apache.hadoop.ozone.protocol.ReconDatanodeProtocol
recon_1     | 2021-04-23 04:46:24,348 [Socket Reader #1 for port 9891] INFO ipc.Server: Auth successful for dn/cd069bd582d9@EXAMPLE.COM (auth:KERBEROS) from 172.18.0.5:42213
recon_1     | 2021-04-23 04:46:24,359 [Socket Reader #1 for port 9891] INFO authorize.ServiceAuthorizationManager: Authorization successful for dn/cd069bd582d9@EXAMPLE.COM (auth:KERBEROS) for protocol=interface org.apache.hadoop.ozone.protocol.ReconDatanodeProtocol
recon_1     | 2021-04-23 04:46:24,786 [Socket Reader #1 for port 9891] INFO ipc.Server: Auth successful for dn/90752d1923b3@EXAMPLE.COM (auth:KERBEROS) from 172.18.0.4:44853
recon_1     | 2021-04-23 04:46:24,793 [Socket Reader #1 for port 9891] INFO authorize.ServiceAuthorizationManager: Authorization successful for dn/90752d1923b3@EXAMPLE.COM (auth:KERBEROS) for protocol=interface org.apache.hadoop.ozone.protocol.ReconDatanodeProtocol
recon_1     | 2021-04-23 04:46:24,846 [Socket Reader #1 for port 9891] INFO ipc.Server: Auth successful for dn/84d5058e7db3@EXAMPLE.COM (auth:KERBEROS) from 172.18.0.6:40291
recon_1     | 2021-04-23 04:46:24,854 [Socket Reader #1 for port 9891] INFO authorize.ServiceAuthorizationManager: Authorization successful for dn/84d5058e7db3@EXAMPLE.COM (auth:KERBEROS) for protocol=interface org.apache.hadoop.ozone.protocol.ReconDatanodeProtocol
recon_1     | 2021-04-23 04:46:43,428 [pool-17-thread-1] INFO impl.OzoneManagerServiceProviderImpl: Syncing data from Ozone Manager.
recon_1     | 2021-04-23 04:46:43,429 [pool-17-thread-1] INFO impl.OzoneManagerServiceProviderImpl: Obtaining delta updates from Ozone Manager
kdc_1       | Authenticating as principal admin/admin with keytab /tmp/admin.keytab.
scm_1       | 2021-04-23 04:43:01,162 [main] INFO client.SCMCertificateClient: Added certificate from file:/data/metadata/scm/sub-ca/certs/CA-1.crt.
datanode_2  | 	at org.apache.hadoop.ozone.container.common.statemachine.commandhandler.CreatePipelineCommandHandler.handle(CreatePipelineCommandHandler.java:95)
datanode_3  | 	at org.apache.hadoop.ozone.container.keyvalue.KeyValueHandler.handle(KeyValueHandler.java:168)
om_1        | 2021-04-23 04:43:38,288 [om1@group-C5BA1605619E-LeaderElection1] INFO server.RaftServer$Division: om1@group-C5BA1605619E: changes role from CANDIDATE to LEADER at term 1 for changeToLeader
om_1        | 2021-04-23 04:43:38,288 [om1@group-C5BA1605619E-LeaderElection1] INFO server.RaftServer$Division: om1@group-C5BA1605619E: change Leader from null to om1 at term 1 for becomeLeader, leader elected after 5397ms
kdc_1       | WARNING: no policy specified for testuser/scm@EXAMPLE.COM; defaulting to no policy
kdc_1       | Principal "testuser/scm@EXAMPLE.COM" created.
datanode_2  | 	at org.apache.hadoop.ozone.container.common.statemachine.commandhandler.CommandDispatcher.handle(CommandDispatcher.java:99)
datanode_3  | 	at org.apache.hadoop.ozone.container.common.impl.HddsDispatcher.dispatchRequest(HddsDispatcher.java:309)
datanode_3  | 	at org.apache.hadoop.ozone.container.common.impl.HddsDispatcher.lambda$dispatch$0(HddsDispatcher.java:171)
datanode_3  | 	at org.apache.hadoop.hdds.server.OzoneProtocolMessageDispatcher.processRequest(OzoneProtocolMessageDispatcher.java:87)
kdc_1       | Authenticating as principal admin/admin with keytab /tmp/admin.keytab.
scm_1       | 2021-04-23 04:43:01,165 [main] INFO client.SCMCertificateClient: Added certificate from file:/data/metadata/scm/sub-ca/certs/570815078223.crt.
datanode_2  | 	at org.apache.hadoop.ozone.container.common.statemachine.DatanodeStateMachine.lambda$initCommandHandlerThread$2(DatanodeStateMachine.java:506)
datanode_3  | 	at org.apache.hadoop.ozone.container.common.impl.HddsDispatcher.dispatch(HddsDispatcher.java:170)
recon_1     | 2021-04-23 04:46:43,451 [pool-17-thread-1] INFO impl.OzoneManagerServiceProviderImpl: Number of updates received from OM : 8
recon_1     | 2021-04-23 04:46:43,570 [pool-18-thread-1] INFO tasks.TableCountTask: Completed a 'process' run of TableCountTask.
recon_1     | 2021-04-23 04:46:43,573 [pool-18-thread-1] INFO tasks.ContainerKeyMapperTask: ContainerKeyMapperTask successfully processed 4 OM DB update event(s).
scm_1       | 2021-04-23 04:43:01,328 [main] INFO security.UserGroupInformation: Login successful for user scm/scm@EXAMPLE.COM using keytab file /etc/security/keytabs/scm.keytab
scm_1       | 2021-04-23 04:43:01,328 [main] INFO server.StorageContainerManager: SCM login successful.
datanode_2  | 	at java.base/java.lang.Thread.run(Thread.java:834)
datanode_2  | Caused by: org.apache.ratis.thirdparty.io.grpc.StatusRuntimeException: UNAVAILABLE: Network closed for unknown reason
datanode_2  | 	at org.apache.ratis.thirdparty.io.grpc.stub.ClientCalls.toStatusRuntimeException(ClientCalls.java:262)
datanode_2  | 	at org.apache.ratis.thirdparty.io.grpc.stub.ClientCalls.getUnchecked(ClientCalls.java:243)
datanode_2  | 	at org.apache.ratis.thirdparty.io.grpc.stub.ClientCalls.blockingUnaryCall(ClientCalls.java:156)
datanode_2  | 	at org.apache.ratis.proto.grpc.AdminProtocolServiceGrpc$AdminProtocolServiceBlockingStub.groupManagement(AdminProtocolServiceGrpc.java:413)
kdc_1       | Entry for principal testuser/scm@EXAMPLE.COM with kvno 2, encryption type aes256-cts-hmac-sha1-96 added to keytab WRFILE:/data/testuser.scm.keytab.
kdc_1       | Entry for principal testuser/scm@EXAMPLE.COM with kvno 2, encryption type aes128-cts-hmac-sha1-96 added to keytab WRFILE:/data/testuser.scm.keytab.
kdc_1       | Generating keytab
kdc_1       | Authenticating as principal admin/admin with keytab /tmp/admin.keytab.
scm_1       | 2021-04-23 04:43:01,369 [main] WARN utils.HAUtils: ozone.scm.db.dirs is not configured. We recommend adding this setting. Falling back to ozone.metadata.dirs instead.
scm_1       | 2021-04-23 04:43:01,531 [main] WARN db.DBStoreBuilder: ozone.scm.db.dirs is not configured. We recommend adding this setting. Falling back to ozone.metadata.dirs instead.
scm_1       | 2021-04-23 04:43:01,685 [main] INFO net.NodeSchemaLoader: Loading schema from [file:/etc/hadoop/network-topology-default.xml, jar:file:/opt/hadoop/share/ozone/lib/hadoop-hdds-common-1.2.0-SNAPSHOT.jar!/network-topology-default.xml]
scm_1       | 2021-04-23 04:43:01,686 [main] INFO net.NodeSchemaLoader: Loading network topology layer schema file
scm_1       | 2021-04-23 04:43:01,763 [main] INFO ha.SequenceIdGenerator: upgrade localId to 107544261427200000
om_1        | 2021-04-23 04:43:38,300 [om1@group-C5BA1605619E-LeaderElection1] INFO server.RaftServerConfigKeys: raft.server.staging.catchup.gap = 1000 (default)
recon_1     | 2021-04-23 04:46:43,602 [pool-18-thread-1] INFO tasks.FileSizeCountTask: Completed a 'process' run of FileSizeCountTask.
recon_1     | 2021-04-23 04:46:54,331 [Socket Reader #1 for port 9891] INFO ipc.Server: Auth successful for dn/cd069bd582d9@EXAMPLE.COM (auth:KERBEROS) from 172.18.0.5:43365
recon_1     | 2021-04-23 04:46:54,353 [Socket Reader #1 for port 9891] INFO authorize.ServiceAuthorizationManager: Authorization successful for dn/cd069bd582d9@EXAMPLE.COM (auth:KERBEROS) for protocol=interface org.apache.hadoop.ozone.protocol.ReconDatanodeProtocol
kdc_1       | WARNING: no policy specified for testuser2/scm@EXAMPLE.COM; defaulting to no policy
kdc_1       | Principal "testuser2/scm@EXAMPLE.COM" created.
kdc_1       | Authenticating as principal admin/admin with keytab /tmp/admin.keytab.
kdc_1       | Entry for principal testuser2/scm@EXAMPLE.COM with kvno 2, encryption type aes256-cts-hmac-sha1-96 added to keytab WRFILE:/data/testuser2.scm.keytab.
kdc_1       | Entry for principal testuser2/scm@EXAMPLE.COM with kvno 2, encryption type aes128-cts-hmac-sha1-96 added to keytab WRFILE:/data/testuser2.scm.keytab.
kdc_1       | Apr 23 04:42:23 kdc kadmind[25](Notice): Request: kadm5_init, admin/admin@EXAMPLE.COM, success, client=admin/admin@EXAMPLE.COM, service=kadmin/admin@EXAMPLE.COM, addr=127.0.0.1, vers=4, flavor=6
kdc_1       | Apr 23 04:42:23 kdc kadmind[25](Notice): Request: kadm5_get_policy, default, Policy does not exist, client=admin/admin@EXAMPLE.COM, service=kadmin/admin@EXAMPLE.COM, addr=127.0.0.1
kdc_1       | Apr 23 04:42:23 kdc kadmind[25](Notice): Request: kadm5_create_principal, dn/84d5058e7db3@EXAMPLE.COM, success, client=admin/admin@EXAMPLE.COM, service=kadmin/admin@EXAMPLE.COM, addr=127.0.0.1
kdc_1       | Apr 23 04:42:23 kdc kadmind[25](info): closing down fd 18
kdc_1       | Apr 23 04:42:23 kdc kadmind[25](Notice): Request: kadm5_init, admin/admin@EXAMPLE.COM, success, client=admin/admin@EXAMPLE.COM, service=kadmin/admin@EXAMPLE.COM, addr=127.0.0.1, vers=4, flavor=6
kdc_1       | Apr 23 04:42:23 kdc kadmind[25](Notice): Request: kadm5_randkey_principal, dn/84d5058e7db3@EXAMPLE.COM, success, client=admin/admin@EXAMPLE.COM, service=kadmin/admin@EXAMPLE.COM, addr=127.0.0.1
kdc_1       | Apr 23 04:42:23 kdc kadmind[25](Notice): Request: kadm5_get_principal, dn/84d5058e7db3@EXAMPLE.COM, success, client=admin/admin@EXAMPLE.COM, service=kadmin/admin@EXAMPLE.COM, addr=127.0.0.1
kdc_1       | Apr 23 04:42:23 kdc kadmind[25](info): closing down fd 18
kdc_1       | Apr 23 04:42:23 kdc kadmind[25](Notice): Request: kadm5_init, admin/admin@EXAMPLE.COM, success, client=admin/admin@EXAMPLE.COM, service=kadmin/admin@EXAMPLE.COM, addr=127.0.0.1, vers=4, flavor=6
kdc_1       | Apr 23 04:42:23 kdc kadmind[25](Notice): Request: kadm5_get_policy, default, Policy does not exist, client=admin/admin@EXAMPLE.COM, service=kadmin/admin@EXAMPLE.COM, addr=127.0.0.1
kdc_1       | Apr 23 04:42:23 kdc kadmind[25](Notice): Request: kadm5_create_principal, HTTP/84d5058e7db3@EXAMPLE.COM, success, client=admin/admin@EXAMPLE.COM, service=kadmin/admin@EXAMPLE.COM, addr=127.0.0.1
kdc_1       | Apr 23 04:42:23 kdc kadmind[25](info): closing down fd 18
kdc_1       | Apr 23 04:42:23 kdc kadmind[25](Notice): Request: kadm5_init, admin/admin@EXAMPLE.COM, success, client=admin/admin@EXAMPLE.COM, service=kadmin/admin@EXAMPLE.COM, addr=127.0.0.1, vers=4, flavor=6
kdc_1       | Apr 23 04:42:23 kdc kadmind[25](Notice): Request: kadm5_randkey_principal, HTTP/84d5058e7db3@EXAMPLE.COM, success, client=admin/admin@EXAMPLE.COM, service=kadmin/admin@EXAMPLE.COM, addr=127.0.0.1
kdc_1       | Apr 23 04:42:23 kdc kadmind[25](Notice): Request: kadm5_get_principal, HTTP/84d5058e7db3@EXAMPLE.COM, success, client=admin/admin@EXAMPLE.COM, service=kadmin/admin@EXAMPLE.COM, addr=127.0.0.1
kdc_1       | Apr 23 04:42:23 kdc kadmind[25](info): closing down fd 18
kdc_1       | Apr 23 04:42:23 kdc kadmind[25](Notice): Request: kadm5_init, admin/admin@EXAMPLE.COM, success, client=admin/admin@EXAMPLE.COM, service=kadmin/admin@EXAMPLE.COM, addr=127.0.0.1, vers=4, flavor=6
kdc_1       | Apr 23 04:42:23 kdc kadmind[25](Notice): Request: kadm5_get_policy, default, Policy does not exist, client=admin/admin@EXAMPLE.COM, service=kadmin/admin@EXAMPLE.COM, addr=127.0.0.1
kdc_1       | Apr 23 04:42:23 kdc kadmind[25](Notice): Request: kadm5_create_principal, scm/scm@EXAMPLE.COM, success, client=admin/admin@EXAMPLE.COM, service=kadmin/admin@EXAMPLE.COM, addr=127.0.0.1
kdc_1       | Apr 23 04:42:23 kdc kadmind[25](info): closing down fd 18
kdc_1       | Apr 23 04:42:23 kdc kadmind[25](Notice): Request: kadm5_init, admin/admin@EXAMPLE.COM, success, client=admin/admin@EXAMPLE.COM, service=kadmin/admin@EXAMPLE.COM, addr=127.0.0.1, vers=4, flavor=6
kdc_1       | Apr 23 04:42:23 kdc kadmind[25](Notice): Request: kadm5_randkey_principal, scm/scm@EXAMPLE.COM, success, client=admin/admin@EXAMPLE.COM, service=kadmin/admin@EXAMPLE.COM, addr=127.0.0.1
kdc_1       | Apr 23 04:42:23 kdc kadmind[25](Notice): Request: kadm5_get_principal, scm/scm@EXAMPLE.COM, success, client=admin/admin@EXAMPLE.COM, service=kadmin/admin@EXAMPLE.COM, addr=127.0.0.1
kdc_1       | Apr 23 04:42:23 kdc kadmind[25](info): closing down fd 18
kdc_1       | Apr 23 04:42:23 kdc kadmind[25](Notice): Request: kadm5_init, admin/admin@EXAMPLE.COM, success, client=admin/admin@EXAMPLE.COM, service=kadmin/admin@EXAMPLE.COM, addr=127.0.0.1, vers=4, flavor=6
kdc_1       | Apr 23 04:42:23 kdc kadmind[25](Notice): Request: kadm5_get_policy, default, Policy does not exist, client=admin/admin@EXAMPLE.COM, service=kadmin/admin@EXAMPLE.COM, addr=127.0.0.1
kdc_1       | Apr 23 04:42:23 kdc kadmind[25](Notice): Request: kadm5_create_principal, HTTP/scm@EXAMPLE.COM, success, client=admin/admin@EXAMPLE.COM, service=kadmin/admin@EXAMPLE.COM, addr=127.0.0.1
kdc_1       | Apr 23 04:42:23 kdc kadmind[25](info): closing down fd 18
kdc_1       | Apr 23 04:42:23 kdc kadmind[25](Notice): Request: kadm5_init, admin/admin@EXAMPLE.COM, success, client=admin/admin@EXAMPLE.COM, service=kadmin/admin@EXAMPLE.COM, addr=127.0.0.1, vers=4, flavor=6
kdc_1       | Apr 23 04:42:23 kdc kadmind[25](Notice): Request: kadm5_randkey_principal, HTTP/scm@EXAMPLE.COM, success, client=admin/admin@EXAMPLE.COM, service=kadmin/admin@EXAMPLE.COM, addr=127.0.0.1
kdc_1       | Apr 23 04:42:23 kdc kadmind[25](Notice): Request: kadm5_get_principal, HTTP/scm@EXAMPLE.COM, success, client=admin/admin@EXAMPLE.COM, service=kadmin/admin@EXAMPLE.COM, addr=127.0.0.1
kdc_1       | Apr 23 04:42:23 kdc kadmind[25](info): closing down fd 18
kdc_1       | Apr 23 04:42:23 kdc kadmind[25](Notice): Request: kadm5_init, admin/admin@EXAMPLE.COM, success, client=admin/admin@EXAMPLE.COM, service=kadmin/admin@EXAMPLE.COM, addr=127.0.0.1, vers=4, flavor=6
kdc_1       | Apr 23 04:42:23 kdc kadmind[25](Notice): Request: kadm5_get_policy, default, Policy does not exist, client=admin/admin@EXAMPLE.COM, service=kadmin/admin@EXAMPLE.COM, addr=127.0.0.1
kdc_1       | Apr 23 04:42:23 kdc kadmind[25](Notice): Request: kadm5_create_principal, testuser/scm@EXAMPLE.COM, success, client=admin/admin@EXAMPLE.COM, service=kadmin/admin@EXAMPLE.COM, addr=127.0.0.1
kdc_1       | Apr 23 04:42:23 kdc kadmind[25](info): closing down fd 18
kdc_1       | Apr 23 04:42:23 kdc kadmind[25](Notice): Request: kadm5_init, admin/admin@EXAMPLE.COM, success, client=admin/admin@EXAMPLE.COM, service=kadmin/admin@EXAMPLE.COM, addr=127.0.0.1, vers=4, flavor=6
scm_1       | 2021-04-23 04:43:01,764 [main] INFO ha.SequenceIdGenerator: upgrade delTxnId to 0
scm_1       | 2021-04-23 04:43:01,767 [main] INFO ha.SequenceIdGenerator: upgrade containerId to 0
om_1        | 2021-04-23 04:43:38,309 [om1@group-C5BA1605619E-LeaderElection1] INFO metrics.RatisMetrics: Creating Metrics Registry : ratis.log_appender.om1@group-C5BA1605619E
om_1        | 2021-04-23 04:43:38,311 [om1@group-C5BA1605619E-LeaderElection1] INFO server.RaftServerConfigKeys: raft.server.write.element-limit = 4096 (default)
om_1        | 2021-04-23 04:43:38,311 [om1@group-C5BA1605619E-LeaderElection1] INFO server.RaftServerConfigKeys: raft.server.write.byte-limit = 64MB (=67108864) (default)
om_1        | 2021-04-23 04:43:38,327 [om1@group-C5BA1605619E-LeaderElection1] INFO server.RaftServerConfigKeys: raft.server.watch.timeout = 10s (default)
om_1        | 2021-04-23 04:43:38,327 [om1@group-C5BA1605619E-LeaderElection1] INFO server.RaftServerConfigKeys: raft.server.watch.timeout.denomination = 1s (default)
datanode_3  | 	at org.apache.hadoop.ozone.container.common.transport.server.GrpcXceiverService$1.onNext(GrpcXceiverService.java:57)
datanode_3  | 	at org.apache.hadoop.ozone.container.common.transport.server.GrpcXceiverService$1.onNext(GrpcXceiverService.java:50)
datanode_3  | 	at org.apache.ratis.thirdparty.io.grpc.stub.ServerCalls$StreamingServerCallHandler$StreamingServerCallListener.onMessage(ServerCalls.java:255)
datanode_3  | 	at org.apache.ratis.thirdparty.io.grpc.ForwardingServerCallListener.onMessage(ForwardingServerCallListener.java:33)
recon_1     | 2021-04-23 04:46:54,851 [Socket Reader #1 for port 9891] INFO ipc.Server: Auth successful for dn/84d5058e7db3@EXAMPLE.COM (auth:KERBEROS) from 172.18.0.6:40519
recon_1     | 2021-04-23 04:46:54,853 [Socket Reader #1 for port 9891] INFO ipc.Server: Auth successful for dn/90752d1923b3@EXAMPLE.COM (auth:KERBEROS) from 172.18.0.4:35445
recon_1     | 2021-04-23 04:46:54,859 [Socket Reader #1 for port 9891] INFO authorize.ServiceAuthorizationManager: Authorization successful for dn/90752d1923b3@EXAMPLE.COM (auth:KERBEROS) for protocol=interface org.apache.hadoop.ozone.protocol.ReconDatanodeProtocol
recon_1     | 2021-04-23 04:46:54,879 [Socket Reader #1 for port 9891] INFO authorize.ServiceAuthorizationManager: Authorization successful for dn/84d5058e7db3@EXAMPLE.COM (auth:KERBEROS) for protocol=interface org.apache.hadoop.ozone.protocol.ReconDatanodeProtocol
recon_1     | 2021-04-23 04:47:24,331 [Socket Reader #1 for port 9891] INFO ipc.Server: Auth successful for dn/cd069bd582d9@EXAMPLE.COM (auth:KERBEROS) from 172.18.0.5:36789
datanode_3  | 	at org.apache.hadoop.hdds.tracing.GrpcServerInterceptor$1.onMessage(GrpcServerInterceptor.java:49)
datanode_3  | 	at org.apache.ratis.thirdparty.io.grpc.internal.ServerCallImpl$ServerStreamListenerImpl.messagesAvailableInternal(ServerCallImpl.java:309)
datanode_3  | 	at org.apache.ratis.thirdparty.io.grpc.internal.ServerCallImpl$ServerStreamListenerImpl.messagesAvailable(ServerCallImpl.java:292)
om_1        | 2021-04-23 04:43:38,328 [om1@group-C5BA1605619E-LeaderElection1] INFO server.RaftServerConfigKeys: raft.server.watch.element-limit = 65536 (default)
datanode_2  | 	at org.apache.ratis.grpc.client.GrpcClientProtocolClient.lambda$groupAdd$5(GrpcClientProtocolClient.java:180)
datanode_2  | 	at org.apache.ratis.grpc.client.GrpcClientProtocolClient.blockingCall(GrpcClientProtocolClient.java:215)
scm_1       | 2021-04-23 04:43:01,769 [main] INFO ha.SequenceIdGenerator: Init the HA SequenceIdGenerator.
scm_1       | 2021-04-23 04:43:01,873 [main] WARN server.ServerUtils: ozone.scm.stale.node.interval value = 30000 is smaller than min = 90000 based on the key value of hdds.heartbeat.interval, reset to the min value 90000.
kdc_1       | Apr 23 04:42:23 kdc kadmind[25](Notice): Request: kadm5_randkey_principal, testuser/scm@EXAMPLE.COM, success, client=admin/admin@EXAMPLE.COM, service=kadmin/admin@EXAMPLE.COM, addr=127.0.0.1
kdc_1       | Apr 23 04:42:23 kdc kadmind[25](Notice): Request: kadm5_get_principal, testuser/scm@EXAMPLE.COM, success, client=admin/admin@EXAMPLE.COM, service=kadmin/admin@EXAMPLE.COM, addr=127.0.0.1
datanode_3  | 	at org.apache.ratis.thirdparty.io.grpc.internal.ServerImpl$JumpToApplicationThreadServerStreamListener$1MessagesAvailable.runInContext(ServerImpl.java:782)
datanode_3  | 	at org.apache.ratis.thirdparty.io.grpc.internal.ContextRunnable.run(ContextRunnable.java:37)
recon_1     | 2021-04-23 04:47:24,354 [Socket Reader #1 for port 9891] INFO authorize.ServiceAuthorizationManager: Authorization successful for dn/cd069bd582d9@EXAMPLE.COM (auth:KERBEROS) for protocol=interface org.apache.hadoop.ozone.protocol.ReconDatanodeProtocol
scm_1       | 2021-04-23 04:43:01,874 [main] WARN server.ServerUtils: ozone.scm.stale.node.interval value = 30000 is smaller than min = 90000 based on the key value of hdds.heartbeat.interval, reset to the min value 90000.
scm_1       | 2021-04-23 04:43:01,874 [main] WARN server.ServerUtils: ozone.scm.dead.node.interval value = 45000 is smaller than min = 180000 based on the key value of ozone.scm.stale.node.interval, reset to the min value 180000.
datanode_2  | 	... 18 more
datanode_3  | 	at org.apache.ratis.thirdparty.io.grpc.internal.SerializingExecutor.run(SerializingExecutor.java:123)
datanode_3  | 	at java.base/java.util.concurrent.ThreadPoolExecutor.runWorker(ThreadPoolExecutor.java:1128)
scm_1       | 2021-04-23 04:43:01,878 [main] INFO node.SCMNodeManager: Entering startup safe mode.
scm_1       | 2021-04-23 04:43:01,960 [main] INFO algorithms.ContainerPlacementPolicyFactory: Create container placement policy of type org.apache.hadoop.hdds.scm.container.placement.algorithms.SCMContainerPlacementRandom
scm_1       | 2021-04-23 04:43:01,970 [main] INFO pipeline.PipelineStateManager: No pipeline exists in current db
scm_1       | 2021-04-23 04:43:02,005 [main] INFO algorithms.LeaderChoosePolicyFactory: Create leader choose policy of type org.apache.hadoop.hdds.scm.pipeline.leader.choose.algorithms.MinLeaderCountChoosePolicy
scm_1       | 2021-04-23 04:43:02,012 [main] INFO ha.SCMServiceManager: Registering service BackgroundPipelineCreator.
scm_1       | 2021-04-23 04:43:02,012 [main] INFO pipeline.BackgroundPipelineCreator: Starting RatisPipelineUtilsThread.
scm_1       | 2021-04-23 04:43:02,043 [main] INFO algorithms.PipelineChoosePolicyFactory: Create pipeline choose policy of type org.apache.hadoop.hdds.scm.pipeline.choose.algorithms.RandomPipelineChoosePolicy
scm_1       | 2021-04-23 04:43:02,062 [main] INFO ha.SCMServiceManager: Registering service SCMBlockDeletingService.
scm_1       | 2021-04-23 04:43:02,082 [main] INFO ha.SCMServiceManager: Registering service ReplicationManager.
scm_1       | 2021-04-23 04:43:02,085 [main] INFO container.ReplicationManager: Starting Replication Monitor Thread.
scm_1       | 2021-04-23 04:43:02,116 [ReplicationMonitor] INFO container.ReplicationManager: Replication Monitor Thread took 6 milliseconds for processing 0 containers.
scm_1       | 2021-04-23 04:43:02,132 [main] INFO safemode.HealthyPipelineSafeModeRule: Total pipeline count is 0, healthy pipeline threshold count is 1
scm_1       | 2021-04-23 04:43:02,134 [main] INFO safemode.OneReplicaPipelineSafeModeRule: Total pipeline count is 0, pipeline's with at least one datanode reported threshold count is 0
scm_1       | 2021-04-23 04:43:02,180 [main] INFO authority.DefaultCAServer: CertificateServer validation is successful
scm_1       | 2021-04-23 04:43:02,225 [main] INFO authority.DefaultCAServer: CertificateServer validation is successful
scm_1       | 2021-04-23 04:43:02,226 [main] INFO server.StorageContainerManager: Storing sub-ca certificate serialId 570815078223 on primary SCM
scm_1       | 2021-04-23 04:43:02,238 [main] INFO server.StorageContainerManager: Storing root certificate serialId 1
scm_1       | 2021-04-23 04:43:02,288 [main] INFO ipc.CallQueueManager: Using callQueue: class java.util.concurrent.LinkedBlockingQueue, queueCapacity: 200, scheduler: class org.apache.hadoop.ipc.DefaultRpcScheduler, ipcBackoff: false.
scm_1       | 2021-04-23 04:43:02,319 [Socket Reader #1 for port 9961] INFO ipc.Server: Starting Socket Reader #1 for port 9961
scm_1       | 2021-04-23 04:43:03,312 [Listener at 0.0.0.0/9961] INFO ipc.CallQueueManager: Using callQueue: class java.util.concurrent.LinkedBlockingQueue, queueCapacity: 10000, scheduler: class org.apache.hadoop.ipc.DefaultRpcScheduler, ipcBackoff: false.
scm_1       | 2021-04-23 04:43:03,313 [Socket Reader #1 for port 9861] INFO ipc.Server: Starting Socket Reader #1 for port 9861
scm_1       | 2021-04-23 04:43:03,341 [Listener at 0.0.0.0/9861] INFO ipc.CallQueueManager: Using callQueue: class java.util.concurrent.LinkedBlockingQueue, queueCapacity: 10000, scheduler: class org.apache.hadoop.ipc.DefaultRpcScheduler, ipcBackoff: false.
scm_1       | 2021-04-23 04:43:03,362 [Socket Reader #1 for port 9863] INFO ipc.Server: Starting Socket Reader #1 for port 9863
scm_1       | 2021-04-23 04:43:03,401 [Listener at 0.0.0.0/9863] INFO ipc.CallQueueManager: Using callQueue: class java.util.concurrent.LinkedBlockingQueue, queueCapacity: 10000, scheduler: class org.apache.hadoop.ipc.DefaultRpcScheduler, ipcBackoff: false.
scm_1       | 2021-04-23 04:43:03,408 [Socket Reader #1 for port 9860] INFO ipc.Server: Starting Socket Reader #1 for port 9860
scm_1       | 2021-04-23 04:43:03,453 [Listener at 0.0.0.0/9860] INFO server.StorageContainerManager: Container Balancer status:
scm_1       | Key                            Value
datanode_3  | 	at java.base/java.util.concurrent.ThreadPoolExecutor$Worker.run(ThreadPoolExecutor.java:628)
datanode_3  | 	at java.base/java.lang.Thread.run(Thread.java:834)
om_1        | 2021-04-23 04:43:38,333 [om1@group-C5BA1605619E-LeaderElection1] INFO impl.RoleInfo: om1: start om1@group-C5BA1605619E-LeaderStateImpl
datanode_2  | 2021-04-23 04:43:32,348 [Command processor thread] INFO commandhandler.CreatePipelineCommandHandler: Created Pipeline RATIS THREE PipelineID=1cb495e7-f9f1-49df-a829-d3b44b00f799.
datanode_2  | 2021-04-23 04:43:35,669 [41bb31f5-d194-4f93-80f6-02a421f532b8@group-9E15ED0A33A0-FollowerState] INFO impl.FollowerState: 41bb31f5-d194-4f93-80f6-02a421f532b8@group-9E15ED0A33A0-FollowerState: change to CANDIDATE, lastRpcElapsedTime:5119436596ns, electionTimeout:5105ms
scm_1       | Running                        false
recon_1     | 2021-04-23 04:47:24,808 [Socket Reader #1 for port 9891] INFO ipc.Server: Auth successful for dn/90752d1923b3@EXAMPLE.COM (auth:KERBEROS) from 172.18.0.4:42495
datanode_3  | 2021-04-23 05:03:53,580 [grpc-default-executor-3] INFO keyvalue.KeyValueHandler: Operation: GetBlock , Trace ID:  , Message: Unable to find the block with bcsID 165 .Container 1 bcsId is 127. , Result: UNKNOWN_BCSID , StorageContainerException Occurred.
datanode_3  | org.apache.hadoop.hdds.scm.container.common.helpers.StorageContainerException: Unable to find the block with bcsID 165 .Container 1 bcsId is 127.
kdc_1       | Apr 23 04:42:23 kdc kadmind[25](info): closing down fd 18
kdc_1       | Apr 23 04:42:23 kdc kadmind[25](Notice): Request: kadm5_init, admin/admin@EXAMPLE.COM, success, client=admin/admin@EXAMPLE.COM, service=kadmin/admin@EXAMPLE.COM, addr=127.0.0.1, vers=4, flavor=6
recon_1     | 2021-04-23 04:47:24,842 [Socket Reader #1 for port 9891] INFO ipc.Server: Auth successful for dn/84d5058e7db3@EXAMPLE.COM (auth:KERBEROS) from 172.18.0.6:38117
datanode_3  | 	at org.apache.hadoop.ozone.container.keyvalue.impl.BlockManagerImpl.getBlock(BlockManagerImpl.java:215)
datanode_3  | 	at org.apache.hadoop.ozone.container.keyvalue.KeyValueHandler.handleGetBlock(KeyValueHandler.java:473)
datanode_3  | 	at org.apache.hadoop.ozone.container.keyvalue.KeyValueHandler.dispatchRequest(KeyValueHandler.java:194)
datanode_3  | 	at org.apache.hadoop.ozone.container.keyvalue.KeyValueHandler.handle(KeyValueHandler.java:168)
datanode_3  | 	at org.apache.hadoop.ozone.container.common.impl.HddsDispatcher.dispatchRequest(HddsDispatcher.java:309)
datanode_3  | 	at org.apache.hadoop.ozone.container.common.impl.HddsDispatcher.lambda$dispatch$0(HddsDispatcher.java:171)
datanode_3  | 	at org.apache.hadoop.hdds.server.OzoneProtocolMessageDispatcher.processRequest(OzoneProtocolMessageDispatcher.java:87)
datanode_3  | 	at org.apache.hadoop.ozone.container.common.impl.HddsDispatcher.dispatch(HddsDispatcher.java:170)
datanode_3  | 	at org.apache.hadoop.ozone.container.common.transport.server.GrpcXceiverService$1.onNext(GrpcXceiverService.java:57)
om_1        | 2021-04-23 04:43:38,384 [om1@group-C5BA1605619E-LeaderElection1] INFO segmented.SegmentedRaftLogWorker: om1@group-C5BA1605619E-SegmentedRaftLogWorker: Starting segment from index:0
om_1        | 2021-04-23 04:43:38,472 [om1@group-C5BA1605619E-LeaderElection1] INFO server.RaftServer$Division: om1@group-C5BA1605619E: set configuration 0: [om1|rpc:om:9872|admin:|client:|dataStream:|priority:0], old=null
om_1        | 2021-04-23 04:43:38,509 [om1@group-C5BA1605619E-SegmentedRaftLogWorker] INFO segmented.SegmentedRaftLogWorker: om1@group-C5BA1605619E-SegmentedRaftLogWorker: created new log segment /data/metadata/ratis/bf265839-605b-3f16-9796-c5ba1605619e/current/log_inprogress_0
datanode_2  | 2021-04-23 04:43:35,671 [41bb31f5-d194-4f93-80f6-02a421f532b8@group-9E15ED0A33A0-FollowerState] INFO impl.RoleInfo: 41bb31f5-d194-4f93-80f6-02a421f532b8: shutdown 41bb31f5-d194-4f93-80f6-02a421f532b8@group-9E15ED0A33A0-FollowerState
scm_1       | Container Balancer Configuration values:
scm_1       | Key                            Value
om_1        | 2021-04-23 04:43:40,740 [Socket Reader #1 for port 9862] INFO ipc.Server: Auth successful for recon/recon@EXAMPLE.COM (auth:KERBEROS) from 172.18.0.7:34929
om_1        | 2021-04-23 04:43:40,745 [Socket Reader #1 for port 9862] INFO authorize.ServiceAuthorizationManager: Authorization successful for recon/recon@EXAMPLE.COM (auth:KERBEROS) for protocol=interface org.apache.hadoop.ozone.om.protocol.OzoneManagerProtocol
om_1        | 2021-04-23 04:43:41,936 [qtp1417851690-45] INFO utils.DBCheckpointServlet: Received request to obtain DB checkpoint snapshot
om_1        | 2021-04-23 04:43:41,949 [qtp1417851690-45] INFO db.RDBCheckpointManager: Created checkpoint at /data/metadata/db.checkpoints/om.db_checkpoint_1619153021936 in 13 milliseconds
kdc_1       | Apr 23 04:42:23 kdc kadmind[25](Notice): Request: kadm5_get_policy, default, Policy does not exist, client=admin/admin@EXAMPLE.COM, service=kadmin/admin@EXAMPLE.COM, addr=127.0.0.1
datanode_2  | 2021-04-23 04:43:35,672 [41bb31f5-d194-4f93-80f6-02a421f532b8@group-9E15ED0A33A0-FollowerState] INFO server.RaftServer$Division: 41bb31f5-d194-4f93-80f6-02a421f532b8@group-9E15ED0A33A0: changes role from  FOLLOWER to CANDIDATE at term 0 for changeToCandidate
datanode_2  | 2021-04-23 04:43:35,674 [41bb31f5-d194-4f93-80f6-02a421f532b8@group-9E15ED0A33A0-FollowerState] INFO server.RaftServerConfigKeys: raft.server.leaderelection.pre-vote = false (custom)
recon_1     | 2021-04-23 04:47:24,866 [Socket Reader #1 for port 9891] INFO authorize.ServiceAuthorizationManager: Authorization successful for dn/84d5058e7db3@EXAMPLE.COM (auth:KERBEROS) for protocol=interface org.apache.hadoop.ozone.protocol.ReconDatanodeProtocol
recon_1     | 2021-04-23 04:47:24,891 [Socket Reader #1 for port 9891] INFO authorize.ServiceAuthorizationManager: Authorization successful for dn/90752d1923b3@EXAMPLE.COM (auth:KERBEROS) for protocol=interface org.apache.hadoop.ozone.protocol.ReconDatanodeProtocol
recon_1     | 2021-04-23 04:47:43,610 [pool-17-thread-1] INFO impl.OzoneManagerServiceProviderImpl: Syncing data from Ozone Manager.
recon_1     | 2021-04-23 04:47:43,610 [pool-17-thread-1] INFO impl.OzoneManagerServiceProviderImpl: Obtaining delta updates from Ozone Manager
om_1        | 2021-04-23 04:43:41,997 [qtp1417851690-45] INFO utils.DBCheckpointServlet: Time taken to write the checkpoint to response output stream: 46 milliseconds
scm_1       | Threshold                      0.100000
scm_1       | Max Datanodes to Balance       5
scm_1       | Max Size to Move               10737418240B
scm_1       | 
datanode_3  | 	at org.apache.hadoop.ozone.container.common.transport.server.GrpcXceiverService$1.onNext(GrpcXceiverService.java:50)
datanode_3  | 	at org.apache.ratis.thirdparty.io.grpc.stub.ServerCalls$StreamingServerCallHandler$StreamingServerCallListener.onMessage(ServerCalls.java:255)
datanode_3  | 	at org.apache.ratis.thirdparty.io.grpc.ForwardingServerCallListener.onMessage(ForwardingServerCallListener.java:33)
om_1        | 2021-04-23 04:43:41,997 [qtp1417851690-45] INFO db.RocksDBCheckpoint: Cleaning up RocksDB checkpoint at /data/metadata/db.checkpoints/om.db_checkpoint_1619153021936
om_1        | 2021-04-23 04:44:19,063 [Socket Reader #1 for port 9862] INFO ipc.Server: Auth successful for testuser/scm@EXAMPLE.COM (auth:KERBEROS) from 172.18.0.9:38787
kdc_1       | Apr 23 04:42:23 kdc kadmind[25](Notice): Request: kadm5_create_principal, testuser2/scm@EXAMPLE.COM, success, client=admin/admin@EXAMPLE.COM, service=kadmin/admin@EXAMPLE.COM, addr=127.0.0.1
recon_1     | 2021-04-23 04:47:43,632 [pool-17-thread-1] INFO impl.OzoneManagerServiceProviderImpl: Number of updates received from OM : 0
recon_1     | 2021-04-23 04:47:54,369 [Socket Reader #1 for port 9891] INFO ipc.Server: Auth successful for dn/cd069bd582d9@EXAMPLE.COM (auth:KERBEROS) from 172.18.0.5:46871
scm_1       | 2021-04-23 04:43:03,454 [Listener at 0.0.0.0/9860] WARN events.EventQueue: No event handler registered for event TypedEvent{payloadType=SafeModeStatus, name='Safe mode status'}
datanode_2  | 2021-04-23 04:43:35,674 [41bb31f5-d194-4f93-80f6-02a421f532b8@group-9E15ED0A33A0-FollowerState] INFO impl.RoleInfo: 41bb31f5-d194-4f93-80f6-02a421f532b8: start 41bb31f5-d194-4f93-80f6-02a421f532b8@group-9E15ED0A33A0-LeaderElection1
datanode_3  | 	at org.apache.hadoop.hdds.tracing.GrpcServerInterceptor$1.onMessage(GrpcServerInterceptor.java:49)
datanode_3  | 	at org.apache.ratis.thirdparty.io.grpc.internal.ServerCallImpl$ServerStreamListenerImpl.messagesAvailableInternal(ServerCallImpl.java:309)
om_1        | 2021-04-23 04:44:19,074 [Socket Reader #1 for port 9862] INFO authorize.ServiceAuthorizationManager: Authorization successful for testuser/scm@EXAMPLE.COM (auth:KERBEROS) for protocol=interface org.apache.hadoop.ozone.om.protocol.OzoneManagerProtocol
om_1        | 2021-04-23 04:44:19,946 [OM StateMachine ApplyTransaction Thread - 0] INFO volume.OMVolumeCreateRequest: created volume:vol-0-16433 for user:testuser/scm@EXAMPLE.COM
om_1        | 2021-04-23 04:44:20,038 [OM StateMachine ApplyTransaction Thread - 0] INFO volume.OMVolumeCreateRequest: created volume:vol-1-64131 for user:testuser/scm@EXAMPLE.COM
om_1        | 2021-04-23 04:44:20,054 [OM StateMachine ApplyTransaction Thread - 0] INFO volume.OMVolumeCreateRequest: created volume:vol-2-10043 for user:testuser/scm@EXAMPLE.COM
om_1        | 2021-04-23 04:44:20,065 [OM StateMachine ApplyTransaction Thread - 0] INFO volume.OMVolumeCreateRequest: created volume:vol-3-14108 for user:testuser/scm@EXAMPLE.COM
recon_1     | 2021-04-23 04:47:54,391 [Socket Reader #1 for port 9891] INFO authorize.ServiceAuthorizationManager: Authorization successful for dn/cd069bd582d9@EXAMPLE.COM (auth:KERBEROS) for protocol=interface org.apache.hadoop.ozone.protocol.ReconDatanodeProtocol
recon_1     | 2021-04-23 04:47:54,810 [Socket Reader #1 for port 9891] INFO ipc.Server: Auth successful for dn/90752d1923b3@EXAMPLE.COM (auth:KERBEROS) from 172.18.0.4:37847
recon_1     | 2021-04-23 04:47:54,846 [Socket Reader #1 for port 9891] INFO authorize.ServiceAuthorizationManager: Authorization successful for dn/90752d1923b3@EXAMPLE.COM (auth:KERBEROS) for protocol=interface org.apache.hadoop.ozone.protocol.ReconDatanodeProtocol
recon_1     | 2021-04-23 04:47:54,860 [Socket Reader #1 for port 9891] INFO ipc.Server: Auth successful for dn/84d5058e7db3@EXAMPLE.COM (auth:KERBEROS) from 172.18.0.6:35525
recon_1     | 2021-04-23 04:47:54,863 [Socket Reader #1 for port 9891] INFO authorize.ServiceAuthorizationManager: Authorization successful for dn/84d5058e7db3@EXAMPLE.COM (auth:KERBEROS) for protocol=interface org.apache.hadoop.ozone.protocol.ReconDatanodeProtocol
om_1        | 2021-04-23 04:44:20,083 [OM StateMachine ApplyTransaction Thread - 0] INFO volume.OMVolumeCreateRequest: created volume:vol-4-87415 for user:testuser/scm@EXAMPLE.COM
om_1        | 2021-04-23 04:44:42,814 [Socket Reader #1 for port 9862] INFO ipc.Server: Auth successful for recon/recon@EXAMPLE.COM (auth:KERBEROS) from 172.18.0.7:35571
om_1        | 2021-04-23 04:44:42,818 [Socket Reader #1 for port 9862] INFO authorize.ServiceAuthorizationManager: Authorization successful for recon/recon@EXAMPLE.COM (auth:KERBEROS) for protocol=interface org.apache.hadoop.ozone.om.protocol.OzoneManagerProtocol
om_1        | 2021-04-23 04:45:43,100 [Socket Reader #1 for port 9862] INFO ipc.Server: Auth successful for recon/recon@EXAMPLE.COM (auth:KERBEROS) from 172.18.0.7:34533
om_1        | 2021-04-23 04:45:43,114 [Socket Reader #1 for port 9862] INFO authorize.ServiceAuthorizationManager: Authorization successful for recon/recon@EXAMPLE.COM (auth:KERBEROS) for protocol=interface org.apache.hadoop.ozone.om.protocol.OzoneManagerProtocol
kdc_1       | Apr 23 04:42:23 kdc kadmind[25](info): closing down fd 18
om_1        | 2021-04-23 04:46:43,445 [Socket Reader #1 for port 9862] INFO ipc.Server: Auth successful for recon/recon@EXAMPLE.COM (auth:KERBEROS) from 172.18.0.7:40861
om_1        | 2021-04-23 04:46:43,450 [Socket Reader #1 for port 9862] INFO authorize.ServiceAuthorizationManager: Authorization successful for recon/recon@EXAMPLE.COM (auth:KERBEROS) for protocol=interface org.apache.hadoop.ozone.om.protocol.OzoneManagerProtocol
datanode_2  | 2021-04-23 04:43:35,685 [41bb31f5-d194-4f93-80f6-02a421f532b8@group-9E15ED0A33A0-LeaderElection1] INFO impl.LeaderElection: 41bb31f5-d194-4f93-80f6-02a421f532b8@group-9E15ED0A33A0-LeaderElection1 ELECTION round 0: submit vote requests at term 1 for -1: [41bb31f5-d194-4f93-80f6-02a421f532b8|rpc:172.18.0.6:9856|admin:172.18.0.6:9857|client:172.18.0.6:9858|priority:1], old=null
datanode_2  | 2021-04-23 04:43:35,686 [41bb31f5-d194-4f93-80f6-02a421f532b8@group-9E15ED0A33A0-LeaderElection1] INFO impl.LeaderElection: 41bb31f5-d194-4f93-80f6-02a421f532b8@group-9E15ED0A33A0-LeaderElection1 ELECTION round 0: result PASSED (term=1)
scm_1       | 2021-04-23 04:43:03,455 [Listener at 0.0.0.0/9860] INFO ha.SCMContext: Update SafeModeStatus from SafeModeStatus{safeModeStatus=true, preCheckPassed=false} to SafeModeStatus{safeModeStatus=true, preCheckPassed=false}.
scm_1       | 2021-04-23 04:43:03,469 [Listener at 0.0.0.0/9860] INFO server.StorageContainerManager: StorageContainerLocationProtocol RPC server is listening at /0.0.0.0:9860
kdc_1       | Apr 23 04:42:23 kdc kadmind[25](Notice): Request: kadm5_init, admin/admin@EXAMPLE.COM, success, client=admin/admin@EXAMPLE.COM, service=kadmin/admin@EXAMPLE.COM, addr=127.0.0.1, vers=4, flavor=6
om_1        | 2021-04-23 04:47:43,621 [Socket Reader #1 for port 9862] INFO ipc.Server: Auth successful for recon/recon@EXAMPLE.COM (auth:KERBEROS) from 172.18.0.7:45993
om_1        | 2021-04-23 04:47:43,630 [Socket Reader #1 for port 9862] INFO authorize.ServiceAuthorizationManager: Authorization successful for recon/recon@EXAMPLE.COM (auth:KERBEROS) for protocol=interface org.apache.hadoop.ozone.om.protocol.OzoneManagerProtocol
om_1        | 2021-04-23 04:48:43,649 [Socket Reader #1 for port 9862] INFO ipc.Server: Auth successful for recon/recon@EXAMPLE.COM (auth:KERBEROS) from 172.18.0.7:33403
om_1        | 2021-04-23 04:48:43,668 [Socket Reader #1 for port 9862] INFO authorize.ServiceAuthorizationManager: Authorization successful for recon/recon@EXAMPLE.COM (auth:KERBEROS) for protocol=interface org.apache.hadoop.ozone.om.protocol.OzoneManagerProtocol
datanode_2  | 2021-04-23 04:43:35,686 [41bb31f5-d194-4f93-80f6-02a421f532b8@group-9E15ED0A33A0-LeaderElection1] INFO impl.RoleInfo: 41bb31f5-d194-4f93-80f6-02a421f532b8: shutdown 41bb31f5-d194-4f93-80f6-02a421f532b8@group-9E15ED0A33A0-LeaderElection1
datanode_2  | 2021-04-23 04:43:35,687 [41bb31f5-d194-4f93-80f6-02a421f532b8@group-9E15ED0A33A0-LeaderElection1] INFO server.RaftServer$Division: 41bb31f5-d194-4f93-80f6-02a421f532b8@group-9E15ED0A33A0: changes role from CANDIDATE to LEADER at term 1 for changeToLeader
kdc_1       | Apr 23 04:42:23 kdc kadmind[25](Notice): Request: kadm5_randkey_principal, testuser2/scm@EXAMPLE.COM, success, client=admin/admin@EXAMPLE.COM, service=kadmin/admin@EXAMPLE.COM, addr=127.0.0.1
kdc_1       | Apr 23 04:42:23 kdc kadmind[25](Notice): Request: kadm5_get_principal, testuser2/scm@EXAMPLE.COM, success, client=admin/admin@EXAMPLE.COM, service=kadmin/admin@EXAMPLE.COM, addr=127.0.0.1
kdc_1       | Apr 23 04:42:23 kdc kadmind[25](info): closing down fd 18
kdc_1       | Apr 23 04:42:23 kdc krb5kdc[8](info): AS_REQ (8 etypes {18 17 20 19 16 23 25 26}) 127.0.0.1: SERVER_NOT_FOUND: admin/admin@EXAMPLE.COM for kadmin/localhost@EXAMPLE.COM, Server not found in Kerberos database
kdc_1       | Apr 23 04:42:23 kdc krb5kdc[8](info): AS_REQ (8 etypes {18 17 20 19 16 23 25 26}) 127.0.0.1: ISSUE: authtime 1619152943, etypes {rep=18 tkt=18 ses=18}, admin/admin@EXAMPLE.COM for kadmin/admin@EXAMPLE.COM
datanode_2  | 2021-04-23 04:43:35,687 [41bb31f5-d194-4f93-80f6-02a421f532b8@group-9E15ED0A33A0-LeaderElection1] INFO ratis.XceiverServerRatis: Leader change notification received for group: group-9E15ED0A33A0 with new leaderId: 41bb31f5-d194-4f93-80f6-02a421f532b8
datanode_2  | 2021-04-23 04:43:35,696 [41bb31f5-d194-4f93-80f6-02a421f532b8@group-9E15ED0A33A0-LeaderElection1] INFO server.RaftServer$Division: 41bb31f5-d194-4f93-80f6-02a421f532b8@group-9E15ED0A33A0: change Leader from null to 41bb31f5-d194-4f93-80f6-02a421f532b8 at term 1 for becomeLeader, leader elected after 6011ms
scm_1       | 2021-04-23 04:43:03,563 [Listener at 0.0.0.0/9860] INFO impl.MetricsConfig: Loaded properties from hadoop-metrics2.properties
om_1        | 2021-04-23 04:48:48,756 [Socket Reader #1 for port 9862] INFO ipc.Server: Auth successful for testuser/scm@EXAMPLE.COM (auth:KERBEROS) from 172.18.0.9:34495
kdc_1       | Apr 23 04:42:23 kdc krb5kdc[8](info): AS_REQ (8 etypes {18 17 20 19 16 23 25 26}) 127.0.0.1: SERVER_NOT_FOUND: admin/admin@EXAMPLE.COM for kadmin/localhost@EXAMPLE.COM, Server not found in Kerberos database
kdc_1       | Apr 23 04:42:23 kdc krb5kdc[8](info): AS_REQ (8 etypes {18 17 20 19 16 23 25 26}) 127.0.0.1: ISSUE: authtime 1619152943, etypes {rep=18 tkt=18 ses=18}, admin/admin@EXAMPLE.COM for kadmin/admin@EXAMPLE.COM
recon_1     | 2021-04-23 04:48:08,069 [ContainerHealthTask] INFO fsck.ContainerHealthTask: Container Health task thread took 1 milliseconds to process 0 existing database records.
recon_1     | 2021-04-23 04:48:08,075 [ContainerHealthTask] INFO fsck.ContainerHealthTask: Container Health task thread took 5 milliseconds for processing 1 containers.
recon_1     | 2021-04-23 04:48:24,348 [Socket Reader #1 for port 9891] INFO ipc.Server: Auth successful for dn/cd069bd582d9@EXAMPLE.COM (auth:KERBEROS) from 172.18.0.5:32801
recon_1     | 2021-04-23 04:48:24,358 [Socket Reader #1 for port 9891] INFO authorize.ServiceAuthorizationManager: Authorization successful for dn/cd069bd582d9@EXAMPLE.COM (auth:KERBEROS) for protocol=interface org.apache.hadoop.ozone.protocol.ReconDatanodeProtocol
recon_1     | 2021-04-23 04:48:24,784 [Socket Reader #1 for port 9891] INFO ipc.Server: Auth successful for dn/90752d1923b3@EXAMPLE.COM (auth:KERBEROS) from 172.18.0.4:45845
recon_1     | 2021-04-23 04:48:24,818 [Socket Reader #1 for port 9891] INFO authorize.ServiceAuthorizationManager: Authorization successful for dn/90752d1923b3@EXAMPLE.COM (auth:KERBEROS) for protocol=interface org.apache.hadoop.ozone.protocol.ReconDatanodeProtocol
recon_1     | 2021-04-23 04:48:24,833 [Socket Reader #1 for port 9891] INFO ipc.Server: Auth successful for dn/84d5058e7db3@EXAMPLE.COM (auth:KERBEROS) from 172.18.0.6:43761
datanode_3  | 	at org.apache.ratis.thirdparty.io.grpc.internal.ServerCallImpl$ServerStreamListenerImpl.messagesAvailable(ServerCallImpl.java:292)
datanode_3  | 	at org.apache.ratis.thirdparty.io.grpc.internal.ServerImpl$JumpToApplicationThreadServerStreamListener$1MessagesAvailable.runInContext(ServerImpl.java:782)
datanode_3  | 	at org.apache.ratis.thirdparty.io.grpc.internal.ContextRunnable.run(ContextRunnable.java:37)
scm_1       | 2021-04-23 04:43:03,578 [Listener at 0.0.0.0/9860] INFO impl.MetricsSystemImpl: Scheduled Metric snapshot period at 10 second(s).
scm_1       | 2021-04-23 04:43:03,578 [Listener at 0.0.0.0/9860] INFO impl.MetricsSystemImpl: StorageContainerManager metrics system started
scm_1       | 2021-04-23 04:43:03,924 [Listener at 0.0.0.0/9860] INFO server.SCMClientProtocolServer: RPC server for Client  is listening at /0.0.0.0:9860
recon_1     | 2021-04-23 04:48:24,868 [Socket Reader #1 for port 9891] INFO authorize.ServiceAuthorizationManager: Authorization successful for dn/84d5058e7db3@EXAMPLE.COM (auth:KERBEROS) for protocol=interface org.apache.hadoop.ozone.protocol.ReconDatanodeProtocol
recon_1     | 2021-04-23 04:48:43,635 [pool-17-thread-1] INFO impl.OzoneManagerServiceProviderImpl: Syncing data from Ozone Manager.
datanode_3  | 	at org.apache.ratis.thirdparty.io.grpc.internal.SerializingExecutor.run(SerializingExecutor.java:123)
kdc_1       | Apr 23 04:42:23 kdc krb5kdc[8](info): AS_REQ (8 etypes {18 17 20 19 16 23 25 26}) 127.0.0.1: SERVER_NOT_FOUND: admin/admin@EXAMPLE.COM for kadmin/localhost@EXAMPLE.COM, Server not found in Kerberos database
scm_1       | 2021-04-23 04:43:03,932 [IPC Server Responder] INFO ipc.Server: IPC Server Responder: starting
scm_1       | 2021-04-23 04:43:03,937 [IPC Server listener on 9860] INFO ipc.Server: IPC Server listener on 9860: starting
datanode_2  | 2021-04-23 04:43:35,702 [41bb31f5-d194-4f93-80f6-02a421f532b8@group-9E15ED0A33A0-LeaderElection1] INFO server.RaftServerConfigKeys: raft.server.staging.catchup.gap = 1000 (default)
kdc_1       | Apr 23 04:42:23 kdc krb5kdc[8](info): AS_REQ (8 etypes {18 17 20 19 16 23 25 26}) 127.0.0.1: ISSUE: authtime 1619152943, etypes {rep=18 tkt=18 ses=18}, admin/admin@EXAMPLE.COM for kadmin/admin@EXAMPLE.COM
kdc_1       | Apr 23 04:42:23 kdc krb5kdc[8](info): AS_REQ (8 etypes {18 17 20 19 16 23 25 26}) 127.0.0.1: SERVER_NOT_FOUND: admin/admin@EXAMPLE.COM for kadmin/localhost@EXAMPLE.COM, Server not found in Kerberos database
kdc_1       | Apr 23 04:42:23 kdc krb5kdc[8](info): AS_REQ (8 etypes {18 17 20 19 16 23 25 26}) 127.0.0.1: ISSUE: authtime 1619152943, etypes {rep=18 tkt=18 ses=18}, admin/admin@EXAMPLE.COM for kadmin/admin@EXAMPLE.COM
datanode_3  | 	at java.base/java.util.concurrent.ThreadPoolExecutor.runWorker(ThreadPoolExecutor.java:1128)
datanode_3  | 	at java.base/java.util.concurrent.ThreadPoolExecutor$Worker.run(ThreadPoolExecutor.java:628)
datanode_3  | 	at java.base/java.lang.Thread.run(Thread.java:834)
datanode_3  | 2021-04-23 05:09:55,546 [grpc-default-executor-4] INFO keyvalue.KeyValueHandler: Operation: GetBlock , Trace ID:  , Message: Unable to find the block with bcsID 176 .Container 1 bcsId is 127. , Result: UNKNOWN_BCSID , StorageContainerException Occurred.
