dn1_1    | 2021-03-14 02:46:09,007 [pool-22-thread-1] INFO server.RaftServerConfigKeys: raft.server.log.statemachine.data.sync.timeout = 10s (default)
dn1_1    | 2021-03-14 02:46:09,016 [pool-22-thread-1] INFO server.RaftServerConfigKeys: raft.server.log.statemachine.data.sync.timeout.retry = -1 (default)
dn1_1    | 2021-03-14 02:46:09,019 [pool-22-thread-1] INFO server.RaftServerConfigKeys: raft.server.log.write.buffer.size = 1048576 (custom)
dn1_1    | 2021-03-14 02:46:09,020 [pool-22-thread-1] INFO server.RaftServerConfigKeys: raft.server.log.statemachine.data.caching.enabled = true (custom)
dn1_1    | 2021-03-14 02:46:09,023 [pool-22-thread-1] INFO server.RaftServer$Division: c6535a48-c795-4b14-adf4-c8eb91237df4@group-0A56571C4EF2: set configuration 0: [78fe3d2b-5db2-4802-b7cb-4afec7f4ccbd|rpc:10.9.0.13:9858|admin:|client:|dataStream:|priority:0, c6535a48-c795-4b14-adf4-c8eb91237df4|rpc:10.9.0.11:9858|admin:|client:|dataStream:|priority:0, dbae07df-afd2-4085-a7b3-d378505fdd1d|rpc:10.9.0.12:9858|admin:|client:|dataStream:|priority:0], old=null
dn1_1    | 2021-03-14 02:46:09,085 [pool-22-thread-1] INFO segmented.LogSegment: Successfully read 4 entries from segment file /data/metadata/ratis/9d5ef86a-76b3-4f80-8488-0a56571c4ef2/current/log_inprogress_0
dn1_1    | 2021-03-14 02:46:09,087 [pool-22-thread-1] INFO segmented.SegmentedRaftLogWorker: c6535a48-c795-4b14-adf4-c8eb91237df4@group-0A56571C4EF2-SegmentedRaftLogWorker: flushIndex: setUnconditionally 0 -> 3
dn1_1    | 2021-03-14 02:46:09,092 [pool-22-thread-1] INFO segmented.SegmentedRaftLogWorker: c6535a48-c795-4b14-adf4-c8eb91237df4@group-0A56571C4EF2-SegmentedRaftLogWorker: safeCacheEvictIndex: setUnconditionally 0 -> -1
dn1_1    | 2021-03-14 02:46:09,127 [pool-22-thread-1] INFO raftlog.RaftLog: c6535a48-c795-4b14-adf4-c8eb91237df4@group-0A56571C4EF2-SegmentedRaftLog: commitIndex: updateToMax old=-1, new=2, updated? true
dn1_1    | 2021-03-14 02:46:09,129 [pool-22-thread-1] INFO server.RaftServerConfigKeys: raft.server.snapshot.auto.trigger.enabled = true (custom)
dn1_1    | 2021-03-14 02:46:09,134 [pool-22-thread-1] INFO server.RaftServerConfigKeys: raft.server.snapshot.auto.trigger.threshold = 10000 (custom)
dn1_1    | 2021-03-14 02:46:09,134 [pool-22-thread-1] INFO server.RaftServerConfigKeys: raft.server.snapshot.retention.file.num = 5 (custom)
dn1_1    | 2021-03-14 02:46:09,135 [pool-22-thread-1] INFO server.RaftServerConfigKeys: raft.server.log.purge.upto.snapshot.index = false (default)
dn1_1    | 2021-03-14 02:46:09,138 [pool-22-thread-1] INFO server.RaftServerConfigKeys: raft.server.retrycache.expirytime = 600000ms (custom)
dn1_1    | 2021-03-14 02:46:09,138 [pool-22-thread-1] INFO server.RaftServerConfigKeys: raft.server.retrycache.statistics.expirytime = 100?s (default)
dn1_1    | 2021-03-14 02:46:09,138 [pool-22-thread-1] INFO metrics.RatisMetrics: Creating Metrics Registry : ratis.leader_election.c6535a48-c795-4b14-adf4-c8eb91237df4@group-0A56571C4EF2
dn1_1    | 2021-03-14 02:46:09,139 [pool-22-thread-1] INFO metrics.RatisMetrics: Creating Metrics Registry : ratis.server.c6535a48-c795-4b14-adf4-c8eb91237df4@group-0A56571C4EF2
dn1_1    | 2021-03-14 02:46:09,129 [main] INFO server.session: DefaultSessionIdManager workerName=node0
dn1_1    | 2021-03-14 02:46:09,140 [main] INFO server.session: No SessionScavenger set, using defaults
dn1_1    | 2021-03-14 02:46:09,142 [main] INFO server.session: node0 Scavenging every 600000ms
dn1_1    | 2021-03-14 02:46:09,313 [main] INFO handler.ContextHandler: Started o.e.j.s.ServletContextHandler@1a565afb{logs,/logs,file:///var/log/hadoop/,AVAILABLE}
dn1_1    | 2021-03-14 02:46:09,332 [main] INFO handler.ContextHandler: Started o.e.j.s.ServletContextHandler@314b9e4b{static,/static,jar:file:/opt/hadoop/share/ozone/lib/hadoop-hdds-container-service-1.1.0-SNAPSHOT.jar!/webapps/static,AVAILABLE}
dn1_1    | 2021-03-14 02:46:09,846 [main] INFO handler.ContextHandler: Started o.e.j.w.WebAppContext@a146b11{hddsDatanode,/,file:///tmp/jetty-0_0_0_0-9882-hadoop-hdds-container-service-1_1_0-SNAPSHOT_jar-_-any-8575183648722671981/webapp/,AVAILABLE}{jar:file:/opt/hadoop/share/ozone/lib/hadoop-hdds-container-service-1.1.0-SNAPSHOT.jar!/webapps/hddsDatanode}
dn1_1    | 2021-03-14 02:46:09,877 [main] INFO server.AbstractConnector: Started ServerConnector@67e25252{HTTP/1.1, (http/1.1)}{0.0.0.0:9882}
dn1_1    | 2021-03-14 02:46:09,880 [main] INFO server.Server: Started @26927ms
dn1_1    | 2021-03-14 02:46:09,885 [main] INFO impl.MetricsSinkAdapter: Sink prometheus started
dn1_1    | 2021-03-14 02:46:09,888 [main] INFO impl.MetricsSystemImpl: Registered sink prometheus
dn1_1    | 2021-03-14 02:46:09,889 [main] INFO http.BaseHttpServer: HTTP server of hddsDatanode listening at http://0.0.0.0:9882
dn1_1    | 2021-03-14 02:46:09,976 [org.apache.hadoop.util.JvmPauseMonitor$Monitor@7b61696b] INFO util.JvmPauseMonitor: Starting JVM pause monitor
dn1_1    | 2021-03-14 02:46:10,384 [Datanode State Machine Task Thread - 0] INFO statemachine.SCMConnectionManager: Adding Recon Server : recon/10.9.0.15:9891
dn1_1    | 2021-03-14 02:46:12,362 [EndpointStateMachine task thread for scm/10.9.0.17:9861 - 0 ] INFO ozoneimpl.OzoneContainer: Attempting to start container services.
dn1_1    | 2021-03-14 02:46:12,366 [EndpointStateMachine task thread for scm/10.9.0.17:9861 - 0 ] INFO ozoneimpl.OzoneContainer: Background container scanner has been disabled.
dn1_1    | 2021-03-14 02:46:12,696 [EndpointStateMachine task thread for scm/10.9.0.17:9861 - 0 ] INFO ratis.XceiverServerRatis: Starting XceiverServerRatis c6535a48-c795-4b14-adf4-c8eb91237df4
dn1_1    | 2021-03-14 02:46:12,773 [EndpointStateMachine task thread for scm/10.9.0.17:9861 - 0 ] INFO server.RaftServer$Division: c6535a48-c795-4b14-adf4-c8eb91237df4@group-0A56571C4EF2: start as a follower, conf=0: [78fe3d2b-5db2-4802-b7cb-4afec7f4ccbd|rpc:10.9.0.13:9858|admin:|client:|dataStream:|priority:0, c6535a48-c795-4b14-adf4-c8eb91237df4|rpc:10.9.0.11:9858|admin:|client:|dataStream:|priority:0, dbae07df-afd2-4085-a7b3-d378505fdd1d|rpc:10.9.0.12:9858|admin:|client:|dataStream:|priority:0], old=null
dn1_1    | 2021-03-14 02:46:12,784 [EndpointStateMachine task thread for scm/10.9.0.17:9861 - 0 ] INFO server.RaftServer$Division: c6535a48-c795-4b14-adf4-c8eb91237df4@group-0A56571C4EF2: changes role from      null to FOLLOWER at term 1 for startAsFollower
dn1_1    | 2021-03-14 02:46:12,786 [EndpointStateMachine task thread for scm/10.9.0.17:9861 - 0 ] INFO impl.RoleInfo: c6535a48-c795-4b14-adf4-c8eb91237df4: start c6535a48-c795-4b14-adf4-c8eb91237df4@group-0A56571C4EF2-FollowerState
dn1_1    | 2021-03-14 02:46:12,773 [ForkJoinPool.commonPool-worker-3] INFO server.RaftServer$Division: c6535a48-c795-4b14-adf4-c8eb91237df4@group-823AD54F3B11: start as a follower, conf=0: [c6535a48-c795-4b14-adf4-c8eb91237df4|rpc:10.9.0.11:9858|admin:|client:|dataStream:|priority:0], old=null
dn1_1    | 2021-03-14 02:46:12,786 [ForkJoinPool.commonPool-worker-3] INFO server.RaftServer$Division: c6535a48-c795-4b14-adf4-c8eb91237df4@group-823AD54F3B11: changes role from      null to FOLLOWER at term 1 for startAsFollower
dn1_1    | 2021-03-14 02:46:12,786 [ForkJoinPool.commonPool-worker-3] INFO impl.RoleInfo: c6535a48-c795-4b14-adf4-c8eb91237df4: start c6535a48-c795-4b14-adf4-c8eb91237df4@group-823AD54F3B11-FollowerState
dn1_1    | 2021-03-14 02:46:12,882 [ForkJoinPool.commonPool-worker-3] INFO util.JmxRegister: Successfully registered JMX Bean with object name Ratis:service=RaftServer,group=group-823AD54F3B11,id=c6535a48-c795-4b14-adf4-c8eb91237df4
dn1_1    | 2021-03-14 02:46:12,884 [ForkJoinPool.commonPool-worker-3] INFO metrics.RatisMetrics: Creating Metrics Registry : ratis.state_machine.c6535a48-c795-4b14-adf4-c8eb91237df4@group-823AD54F3B11
dn1_1    | 2021-03-14 02:46:12,888 [EndpointStateMachine task thread for scm/10.9.0.17:9861 - 0 ] INFO util.JmxRegister: Successfully registered JMX Bean with object name Ratis:service=RaftServer,group=group-0A56571C4EF2,id=c6535a48-c795-4b14-adf4-c8eb91237df4
dn1_1    | 2021-03-14 02:46:12,905 [EndpointStateMachine task thread for scm/10.9.0.17:9861 - 0 ] INFO metrics.RatisMetrics: Creating Metrics Registry : ratis.state_machine.c6535a48-c795-4b14-adf4-c8eb91237df4@group-0A56571C4EF2
dn1_1    | 2021-03-14 02:46:12,944 [EndpointStateMachine task thread for scm/10.9.0.17:9861 - 0 ] INFO server.RaftServer: c6535a48-c795-4b14-adf4-c8eb91237df4: start RPC server
dn1_1    | 2021-03-14 02:46:12,985 [EndpointStateMachine task thread for scm/10.9.0.17:9861 - 0 ] INFO server.GrpcService: c6535a48-c795-4b14-adf4-c8eb91237df4: GrpcService started, listening on 9858
dn1_1    | 2021-03-14 02:46:13,055 [EndpointStateMachine task thread for scm/10.9.0.17:9861 - 0 ] INFO ratis.XceiverServerRatis: XceiverServerRatis c6535a48-c795-4b14-adf4-c8eb91237df4 is started using port 9858 for RATIS
dn1_1    | 2021-03-14 02:46:13,056 [EndpointStateMachine task thread for scm/10.9.0.17:9861 - 0 ] INFO ratis.XceiverServerRatis: XceiverServerRatis c6535a48-c795-4b14-adf4-c8eb91237df4 is started using port 9858 for RATIS_ADMIN
dn1_1    | 2021-03-14 02:46:13,056 [EndpointStateMachine task thread for scm/10.9.0.17:9861 - 0 ] INFO ratis.XceiverServerRatis: XceiverServerRatis c6535a48-c795-4b14-adf4-c8eb91237df4 is started using port 9858 for RATIS_SERVER
dn1_1    | 2021-03-14 02:46:13,124 [org.apache.ratis.util.JvmPauseMonitor$$Lambda$432/0x00000008404fc840@3c93fa40] INFO util.JvmPauseMonitor: JvmPauseMonitor-c6535a48-c795-4b14-adf4-c8eb91237df4: Started
dn1_1    | 2021-03-14 02:46:16,993 [pool-22-thread-1] INFO server.RaftServer$Division: c6535a48-c795-4b14-adf4-c8eb91237df4: new RaftServerImpl for group-DF01D12C2F2E:[78fe3d2b-5db2-4802-b7cb-4afec7f4ccbd|rpc:10.9.0.13:9858|priority:0, c6535a48-c795-4b14-adf4-c8eb91237df4|rpc:10.9.0.11:9858|priority:1, dbae07df-afd2-4085-a7b3-d378505fdd1d|rpc:10.9.0.12:9858|priority:0] with ContainerStateMachine:uninitialized
dn1_1    | 2021-03-14 02:46:17,000 [pool-22-thread-1] INFO server.RaftServerConfigKeys: raft.server.rpc.timeout.min = 5s (custom)
dn1_1    | 2021-03-14 02:46:17,003 [pool-22-thread-1] INFO server.RaftServerConfigKeys: raft.server.rpc.timeout.max = 5200ms (custom)
dn1_1    | 2021-03-14 02:46:17,005 [pool-22-thread-1] INFO server.RaftServerConfigKeys: raft.server.rpc.sleep.time = 25ms (default)
dn1_1    | 2021-03-14 02:46:17,008 [pool-22-thread-1] INFO server.RaftServerConfigKeys: raft.server.rpc.slowness.timeout = 300s (custom)
dn1_1    | 2021-03-14 02:46:17,008 [pool-22-thread-1] INFO server.RaftServerConfigKeys: raft.server.leaderelection.leader.step-down.wait-time = 10s (default)
dn1_1    | 2021-03-14 02:46:17,008 [pool-22-thread-1] INFO server.RaftServerConfigKeys: raft.server.sleep.deviation.threshold = 300ms (default)
dn1_1    | 2021-03-14 02:46:17,008 [pool-22-thread-1] INFO server.RaftServerConfigKeys: raft.server.log.appender.install.snapshot.enabled = false (custom)
dn1_1    | 2021-03-14 02:46:17,008 [pool-22-thread-1] INFO server.RaftServer$Division: c6535a48-c795-4b14-adf4-c8eb91237df4@group-DF01D12C2F2E: ConfigurationManager, init=-1: [78fe3d2b-5db2-4802-b7cb-4afec7f4ccbd|rpc:10.9.0.13:9858|priority:0, c6535a48-c795-4b14-adf4-c8eb91237df4|rpc:10.9.0.11:9858|priority:1, dbae07df-afd2-4085-a7b3-d378505fdd1d|rpc:10.9.0.12:9858|priority:0], old=null, confs=<EMPTY_MAP>
dn1_1    | 2021-03-14 02:46:17,009 [pool-22-thread-1] INFO server.RaftServerConfigKeys: raft.server.storage.dir = [/data/metadata/ratis] (custom)
dn1_1    | 2021-03-14 02:46:17,025 [pool-22-thread-1] INFO server.RaftServerConfigKeys: raft.server.log.corruption.policy = EXCEPTION (default)
dn1_1    | 2021-03-14 02:46:17,029 [pool-22-thread-1] INFO storage.RaftStorageDirectory: The storage directory /data/metadata/ratis/2ca2be4e-6632-4d0d-a361-df01d12c2f2e does not exist. Creating ...
dn1_1    | 2021-03-14 02:46:17,031 [Command processor thread] INFO server.RaftServer: c6535a48-c795-4b14-adf4-c8eb91237df4: addNew group-DF01D12C2F2E:[78fe3d2b-5db2-4802-b7cb-4afec7f4ccbd|rpc:10.9.0.13:9858|priority:0, c6535a48-c795-4b14-adf4-c8eb91237df4|rpc:10.9.0.11:9858|priority:1, dbae07df-afd2-4085-a7b3-d378505fdd1d|rpc:10.9.0.12:9858|priority:0] returns group-DF01D12C2F2E:java.util.concurrent.CompletableFuture@6446b389[Not completed]
dn1_1    | 2021-03-14 02:46:17,032 [pool-22-thread-1] INFO storage.RaftStorageDirectory: Lock on /data/metadata/ratis/2ca2be4e-6632-4d0d-a361-df01d12c2f2e/in_use.lock acquired by nodename 6@fb9973198648
dn1_1    | 2021-03-14 02:46:17,073 [pool-22-thread-1] INFO storage.RaftStorage: Storage directory /data/metadata/ratis/2ca2be4e-6632-4d0d-a361-df01d12c2f2e has been successfully formatted.
dn1_1    | 2021-03-14 02:46:17,073 [pool-22-thread-1] INFO ratis.ContainerStateMachine: group-DF01D12C2F2E: The snapshot info is null. Setting the last applied indexto:(t:0, i:~)
dn1_1    | 2021-03-14 02:46:17,085 [pool-22-thread-1] ERROR storage.RaftStorage: Failed reading configuration from file:/data/metadata/ratis/2ca2be4e-6632-4d0d-a361-df01d12c2f2e/current/raft-meta.conf
dn1_1    | java.io.FileNotFoundException: /data/metadata/ratis/2ca2be4e-6632-4d0d-a361-df01d12c2f2e/current/raft-meta.conf (No such file or directory)
dn1_1    | 	at java.base/java.io.FileInputStream.open0(Native Method)
dn1_1    | 	at java.base/java.io.FileInputStream.open(FileInputStream.java:219)
dn1_1    | 	at java.base/java.io.FileInputStream.<init>(FileInputStream.java:157)
dn1_1    | 	at org.apache.ratis.server.storage.RaftStorageImpl.readRaftConfiguration(RaftStorageImpl.java:143)
dn1_1    | 	at org.apache.ratis.server.impl.ServerState.<init>(ServerState.java:122)
dn1_1    | 	at org.apache.ratis.server.impl.RaftServerImpl.<init>(RaftServerImpl.java:193)
dn1_1    | 	at org.apache.ratis.server.impl.RaftServerProxy.lambda$newRaftServerImpl$4(RaftServerProxy.java:266)
dn1_1    | 	at java.base/java.util.concurrent.CompletableFuture$AsyncSupply.run(CompletableFuture.java:1700)
dn1_1    | 	at java.base/java.util.concurrent.ThreadPoolExecutor.runWorker(ThreadPoolExecutor.java:1128)
dn1_1    | 	at java.base/java.util.concurrent.ThreadPoolExecutor$Worker.run(ThreadPoolExecutor.java:628)
dn1_1    | 	at java.base/java.lang.Thread.run(Thread.java:834)
dn1_1    | 2021-03-14 02:46:17,096 [pool-22-thread-1] INFO server.RaftServerConfigKeys: raft.server.notification.no-leader.timeout = 300s (custom)
dn1_1    | 2021-03-14 02:46:17,102 [pool-22-thread-1] INFO server.RaftServerConfigKeys: raft.server.log.use.memory = false (default)
dn1_1    | 2021-03-14 02:46:17,103 [pool-22-thread-1] INFO server.RaftServerConfigKeys: raft.server.log.purge.gap = 1000000 (custom)
dn1_1    | 2021-03-14 02:46:17,103 [pool-22-thread-1] INFO server.RaftServerConfigKeys: raft.server.log.appender.buffer.byte-limit = 33554432 (custom)
dn1_1    | 2021-03-14 02:46:17,104 [pool-22-thread-1] INFO metrics.RatisMetrics: Creating Metrics Registry : ratis.log_worker.c6535a48-c795-4b14-adf4-c8eb91237df4@group-DF01D12C2F2E
dn1_1    | 2021-03-14 02:46:17,106 [pool-22-thread-1] INFO server.RaftServerConfigKeys: raft.server.log.segment.size.max = 1048576 (custom)
dn1_1    | 2021-03-14 02:46:17,106 [pool-22-thread-1] INFO server.RaftServerConfigKeys: raft.server.log.segment.cache.num.max = 2 (custom)
dn2_1    | 2021-03-14 02:46:17,498 [pool-22-thread-1] ERROR storage.RaftStorage: Failed reading configuration from file:/data/metadata/ratis/2ca2be4e-6632-4d0d-a361-df01d12c2f2e/current/raft-meta.conf
dn2_1    | java.io.FileNotFoundException: /data/metadata/ratis/2ca2be4e-6632-4d0d-a361-df01d12c2f2e/current/raft-meta.conf (No such file or directory)
dn2_1    | 	at java.base/java.io.FileInputStream.open0(Native Method)
dn2_1    | 	at java.base/java.io.FileInputStream.open(FileInputStream.java:219)
dn2_1    | 	at java.base/java.io.FileInputStream.<init>(FileInputStream.java:157)
dn2_1    | 	at org.apache.ratis.server.storage.RaftStorageImpl.readRaftConfiguration(RaftStorageImpl.java:143)
dn2_1    | 	at org.apache.ratis.server.impl.ServerState.<init>(ServerState.java:122)
dn2_1    | 	at org.apache.ratis.server.impl.RaftServerImpl.<init>(RaftServerImpl.java:193)
dn2_1    | 	at org.apache.ratis.server.impl.RaftServerProxy.lambda$newRaftServerImpl$4(RaftServerProxy.java:266)
dn2_1    | 	at java.base/java.util.concurrent.CompletableFuture$AsyncSupply.run(CompletableFuture.java:1700)
dn2_1    | 	at java.base/java.util.concurrent.ThreadPoolExecutor.runWorker(ThreadPoolExecutor.java:1128)
dn2_1    | 	at java.base/java.util.concurrent.ThreadPoolExecutor$Worker.run(ThreadPoolExecutor.java:628)
dn2_1    | 	at java.base/java.lang.Thread.run(Thread.java:834)
dn2_1    | 2021-03-14 02:46:17,521 [pool-22-thread-1] INFO server.RaftServerConfigKeys: raft.server.notification.no-leader.timeout = 300s (custom)
dn2_1    | 2021-03-14 02:46:17,524 [pool-22-thread-1] INFO server.RaftServerConfigKeys: raft.server.log.use.memory = false (default)
dn2_1    | 2021-03-14 02:46:17,524 [pool-22-thread-1] INFO server.RaftServerConfigKeys: raft.server.log.purge.gap = 1000000 (custom)
dn2_1    | 2021-03-14 02:46:17,548 [pool-22-thread-1] INFO server.RaftServerConfigKeys: raft.server.log.appender.buffer.byte-limit = 33554432 (custom)
dn2_1    | 2021-03-14 02:46:17,548 [pool-22-thread-1] INFO metrics.RatisMetrics: Creating Metrics Registry : ratis.log_worker.dbae07df-afd2-4085-a7b3-d378505fdd1d@group-DF01D12C2F2E
dn2_1    | 2021-03-14 02:46:17,549 [pool-22-thread-1] INFO server.RaftServerConfigKeys: raft.server.log.segment.size.max = 1048576 (custom)
dn2_1    | 2021-03-14 02:46:17,549 [pool-22-thread-1] INFO server.RaftServerConfigKeys: raft.server.log.segment.cache.num.max = 2 (custom)
dn2_1    | 2021-03-14 02:46:17,552 [pool-22-thread-1] INFO server.RaftServerConfigKeys: raft.server.log.segment.cache.size.max = 200MB (=209715200) (default)
dn2_1    | 2021-03-14 02:46:17,554 [pool-22-thread-1] INFO segmented.SegmentedRaftLogWorker: new dbae07df-afd2-4085-a7b3-d378505fdd1d@group-DF01D12C2F2E-SegmentedRaftLogWorker for RaftStorageImpl:Storage Directory /data/metadata/ratis/2ca2be4e-6632-4d0d-a361-df01d12c2f2e
dn2_1    | 2021-03-14 02:46:17,554 [pool-22-thread-1] INFO server.RaftServerConfigKeys: raft.server.log.queue.byte-limit = 2147483647 (custom)
dn2_1    | 2021-03-14 02:46:17,555 [pool-22-thread-1] INFO server.RaftServerConfigKeys: raft.server.log.queue.element-limit = 1024 (custom)
dn2_1    | 2021-03-14 02:46:17,555 [pool-22-thread-1] INFO server.RaftServerConfigKeys: raft.server.log.segment.size.max = 1048576 (custom)
dn2_1    | 2021-03-14 02:46:17,556 [pool-22-thread-1] INFO server.RaftServerConfigKeys: raft.server.log.preallocated.size = 16384 (custom)
dn2_1    | 2021-03-14 02:46:17,556 [pool-22-thread-1] INFO server.RaftServerConfigKeys: raft.server.log.force.sync.num = 128 (default)
dn2_1    | 2021-03-14 02:46:17,556 [pool-22-thread-1] INFO server.RaftServerConfigKeys: raft.server.log.statemachine.data.sync = true (default)
dn2_1    | 2021-03-14 02:46:17,556 [pool-22-thread-1] INFO server.RaftServerConfigKeys: raft.server.log.statemachine.data.sync.timeout = 10s (default)
dn2_1    | 2021-03-14 02:46:17,556 [pool-22-thread-1] INFO server.RaftServerConfigKeys: raft.server.log.statemachine.data.sync.timeout.retry = -1 (default)
dn2_1    | 2021-03-14 02:46:17,558 [pool-22-thread-1] INFO server.RaftServerConfigKeys: raft.server.log.write.buffer.size = 1048576 (custom)
dn2_1    | 2021-03-14 02:46:17,562 [pool-22-thread-1] INFO server.RaftServerConfigKeys: raft.server.log.statemachine.data.caching.enabled = true (custom)
dn2_1    | 2021-03-14 02:46:17,570 [pool-22-thread-1] INFO segmented.SegmentedRaftLogWorker: dbae07df-afd2-4085-a7b3-d378505fdd1d@group-DF01D12C2F2E-SegmentedRaftLogWorker: flushIndex: setUnconditionally 0 -> -1
dn2_1    | 2021-03-14 02:46:17,571 [pool-22-thread-1] INFO segmented.SegmentedRaftLogWorker: dbae07df-afd2-4085-a7b3-d378505fdd1d@group-DF01D12C2F2E-SegmentedRaftLogWorker: safeCacheEvictIndex: setUnconditionally 0 -> -1
dn2_1    | 2021-03-14 02:46:17,578 [pool-22-thread-1] INFO server.RaftServerConfigKeys: raft.server.snapshot.auto.trigger.enabled = true (custom)
dn2_1    | 2021-03-14 02:46:17,579 [pool-22-thread-1] INFO server.RaftServerConfigKeys: raft.server.snapshot.auto.trigger.threshold = 10000 (custom)
dn2_1    | 2021-03-14 02:46:17,579 [pool-22-thread-1] INFO server.RaftServerConfigKeys: raft.server.snapshot.retention.file.num = 5 (custom)
dn2_1    | 2021-03-14 02:46:17,579 [pool-22-thread-1] INFO server.RaftServerConfigKeys: raft.server.log.purge.upto.snapshot.index = false (default)
dn2_1    | 2021-03-14 02:46:17,579 [pool-22-thread-1] INFO server.RaftServerConfigKeys: raft.server.retrycache.expirytime = 600000ms (custom)
dn2_1    | 2021-03-14 02:46:17,584 [pool-22-thread-1] INFO server.RaftServerConfigKeys: raft.server.retrycache.statistics.expirytime = 100?s (default)
dn2_1    | 2021-03-14 02:46:17,584 [pool-22-thread-1] INFO metrics.RatisMetrics: Creating Metrics Registry : ratis.leader_election.dbae07df-afd2-4085-a7b3-d378505fdd1d@group-DF01D12C2F2E
dn2_1    | 2021-03-14 02:46:17,585 [pool-22-thread-1] INFO metrics.RatisMetrics: Creating Metrics Registry : ratis.server.dbae07df-afd2-4085-a7b3-d378505fdd1d@group-DF01D12C2F2E
dn2_1    | 2021-03-14 02:46:17,588 [pool-22-thread-1] INFO server.RaftServer$Division: dbae07df-afd2-4085-a7b3-d378505fdd1d@group-DF01D12C2F2E: start as a follower, conf=-1: [78fe3d2b-5db2-4802-b7cb-4afec7f4ccbd|rpc:10.9.0.13:9858|priority:0, c6535a48-c795-4b14-adf4-c8eb91237df4|rpc:10.9.0.11:9858|priority:1, dbae07df-afd2-4085-a7b3-d378505fdd1d|rpc:10.9.0.12:9858|priority:0], old=null
dn2_1    | 2021-03-14 02:46:17,589 [pool-22-thread-1] INFO server.RaftServer$Division: dbae07df-afd2-4085-a7b3-d378505fdd1d@group-DF01D12C2F2E: changes role from      null to FOLLOWER at term 0 for startAsFollower
dn2_1    | 2021-03-14 02:46:17,589 [pool-22-thread-1] INFO impl.RoleInfo: dbae07df-afd2-4085-a7b3-d378505fdd1d: start dbae07df-afd2-4085-a7b3-d378505fdd1d@group-DF01D12C2F2E-FollowerState
dn2_1    | 2021-03-14 02:46:17,590 [pool-22-thread-1] INFO util.JmxRegister: Successfully registered JMX Bean with object name Ratis:service=RaftServer,group=group-DF01D12C2F2E,id=dbae07df-afd2-4085-a7b3-d378505fdd1d
dn2_1    | 2021-03-14 02:46:17,591 [pool-22-thread-1] INFO metrics.RatisMetrics: Creating Metrics Registry : ratis.state_machine.dbae07df-afd2-4085-a7b3-d378505fdd1d@group-DF01D12C2F2E
dn2_1    | 2021-03-14 02:46:17,814 [Command processor thread] INFO metrics.RatisMetrics: Creating Metrics Registry : ratis.client_message_metrics.client-BD1891599A4C->78fe3d2b-5db2-4802-b7cb-4afec7f4ccbd
dn2_1    | 2021-03-14 02:46:18,488 [Thread-20] INFO impl.FollowerState: dbae07df-afd2-4085-a7b3-d378505fdd1d@group-5ACAFE4E2AFA-FollowerState: change to CANDIDATE, lastRpcElapsedTime:5062890288ns, electionTimeout:5048ms
dn2_1    | 2021-03-14 02:46:18,492 [Thread-20] INFO impl.RoleInfo: dbae07df-afd2-4085-a7b3-d378505fdd1d: shutdown dbae07df-afd2-4085-a7b3-d378505fdd1d@group-5ACAFE4E2AFA-FollowerState
dn2_1    | 2021-03-14 02:46:18,492 [Thread-20] INFO server.RaftServer$Division: dbae07df-afd2-4085-a7b3-d378505fdd1d@group-5ACAFE4E2AFA: changes role from  FOLLOWER to CANDIDATE at term 1 for changeToCandidate
dn2_1    | 2021-03-14 02:46:18,495 [Thread-20] INFO server.RaftServerConfigKeys: raft.server.leaderelection.pre-vote = false (custom)
dn2_1    | 2021-03-14 02:46:18,498 [Thread-19] INFO impl.FollowerState: dbae07df-afd2-4085-a7b3-d378505fdd1d@group-0A56571C4EF2-FollowerState: change to CANDIDATE, lastRpcElapsedTime:5132641548ns, electionTimeout:5066ms
dn2_1    | 2021-03-14 02:46:18,502 [Thread-19] INFO impl.RoleInfo: dbae07df-afd2-4085-a7b3-d378505fdd1d: shutdown dbae07df-afd2-4085-a7b3-d378505fdd1d@group-0A56571C4EF2-FollowerState
dn2_1    | 2021-03-14 02:46:18,503 [Thread-19] INFO server.RaftServer$Division: dbae07df-afd2-4085-a7b3-d378505fdd1d@group-0A56571C4EF2: changes role from  FOLLOWER to CANDIDATE at term 1 for changeToCandidate
dn2_1    | 2021-03-14 02:46:18,503 [Thread-19] INFO server.RaftServerConfigKeys: raft.server.leaderelection.pre-vote = false (custom)
dn2_1    | 2021-03-14 02:46:18,503 [Thread-19] INFO impl.RoleInfo: dbae07df-afd2-4085-a7b3-d378505fdd1d: start dbae07df-afd2-4085-a7b3-d378505fdd1d@group-0A56571C4EF2-LeaderElection2
dn2_1    | 2021-03-14 02:46:18,506 [Thread-20] INFO impl.RoleInfo: dbae07df-afd2-4085-a7b3-d378505fdd1d: start dbae07df-afd2-4085-a7b3-d378505fdd1d@group-5ACAFE4E2AFA-LeaderElection1
dn2_1    | 2021-03-14 02:46:18,557 [dbae07df-afd2-4085-a7b3-d378505fdd1d@group-0A56571C4EF2-LeaderElection2] INFO impl.LeaderElection: dbae07df-afd2-4085-a7b3-d378505fdd1d@group-0A56571C4EF2-LeaderElection2 ELECTION round 0: submit vote requests at term 2 for 0: [78fe3d2b-5db2-4802-b7cb-4afec7f4ccbd|rpc:10.9.0.13:9858|admin:|client:|dataStream:|priority:0, c6535a48-c795-4b14-adf4-c8eb91237df4|rpc:10.9.0.11:9858|admin:|client:|dataStream:|priority:0, dbae07df-afd2-4085-a7b3-d378505fdd1d|rpc:10.9.0.12:9858|admin:|client:|dataStream:|priority:0], old=null
dn2_1    | 2021-03-14 02:46:18,569 [dbae07df-afd2-4085-a7b3-d378505fdd1d@group-5ACAFE4E2AFA-LeaderElection1] INFO impl.LeaderElection: dbae07df-afd2-4085-a7b3-d378505fdd1d@group-5ACAFE4E2AFA-LeaderElection1 ELECTION round 0: submit vote requests at term 2 for 0: [dbae07df-afd2-4085-a7b3-d378505fdd1d|rpc:10.9.0.12:9858|admin:|client:|dataStream:|priority:0], old=null
dn2_1    | 2021-03-14 02:46:18,589 [dbae07df-afd2-4085-a7b3-d378505fdd1d@group-5ACAFE4E2AFA-LeaderElection1] INFO impl.LeaderElection: dbae07df-afd2-4085-a7b3-d378505fdd1d@group-5ACAFE4E2AFA-LeaderElection1 ELECTION round 0: result PASSED (term=2)
dn2_1    | 2021-03-14 02:46:18,592 [dbae07df-afd2-4085-a7b3-d378505fdd1d@group-5ACAFE4E2AFA-LeaderElection1] INFO impl.RoleInfo: dbae07df-afd2-4085-a7b3-d378505fdd1d: shutdown dbae07df-afd2-4085-a7b3-d378505fdd1d@group-5ACAFE4E2AFA-LeaderElection1
dn2_1    | 2021-03-14 02:46:18,593 [dbae07df-afd2-4085-a7b3-d378505fdd1d@group-5ACAFE4E2AFA-LeaderElection1] INFO server.RaftServer$Division: dbae07df-afd2-4085-a7b3-d378505fdd1d@group-5ACAFE4E2AFA: changes role from CANDIDATE to LEADER at term 2 for changeToLeader
dn2_1    | 2021-03-14 02:46:18,601 [dbae07df-afd2-4085-a7b3-d378505fdd1d@group-5ACAFE4E2AFA-LeaderElection1] INFO ratis.XceiverServerRatis: Leader change notification received for group: group-5ACAFE4E2AFA with new leaderId: dbae07df-afd2-4085-a7b3-d378505fdd1d
dn2_1    | 2021-03-14 02:46:18,623 [dbae07df-afd2-4085-a7b3-d378505fdd1d@group-5ACAFE4E2AFA-LeaderElection1] INFO server.RaftServer$Division: dbae07df-afd2-4085-a7b3-d378505fdd1d@group-5ACAFE4E2AFA: change Leader from null to dbae07df-afd2-4085-a7b3-d378505fdd1d at term 2 for becomeLeader, leader elected after 11198ms
dn2_1    | 2021-03-14 02:46:18,695 [dbae07df-afd2-4085-a7b3-d378505fdd1d@group-5ACAFE4E2AFA-LeaderElection1] INFO server.RaftServerConfigKeys: raft.server.staging.catchup.gap = 1000 (default)
dn2_1    | 2021-03-14 02:46:18,698 [dbae07df-afd2-4085-a7b3-d378505fdd1d@group-5ACAFE4E2AFA-LeaderElection1] INFO metrics.RatisMetrics: Creating Metrics Registry : ratis.log_appender.dbae07df-afd2-4085-a7b3-d378505fdd1d@group-5ACAFE4E2AFA
dn2_1    | 2021-03-14 02:46:18,725 [dbae07df-afd2-4085-a7b3-d378505fdd1d@group-5ACAFE4E2AFA-LeaderElection1] INFO server.RaftServerConfigKeys: raft.server.write.element-limit = 1024 (custom)
dn2_1    | 2021-03-14 02:46:18,736 [dbae07df-afd2-4085-a7b3-d378505fdd1d@group-5ACAFE4E2AFA-LeaderElection1] INFO server.RaftServerConfigKeys: raft.server.write.byte-limit = 1073741824 (custom)
dn2_1    | 2021-03-14 02:46:18,779 [dbae07df-afd2-4085-a7b3-d378505fdd1d@group-5ACAFE4E2AFA-LeaderElection1] INFO server.RaftServerConfigKeys: raft.server.watch.timeout = 180s (custom)
dn2_1    | 2021-03-14 02:46:18,787 [dbae07df-afd2-4085-a7b3-d378505fdd1d@group-5ACAFE4E2AFA-LeaderElection1] INFO server.RaftServerConfigKeys: raft.server.watch.timeout.denomination = 1s (default)
dn2_1    | 2021-03-14 02:46:18,794 [dbae07df-afd2-4085-a7b3-d378505fdd1d@group-5ACAFE4E2AFA-LeaderElection1] INFO server.RaftServerConfigKeys: raft.server.watch.element-limit = 65536 (default)
dn2_1    | 2021-03-14 02:46:18,815 [dbae07df-afd2-4085-a7b3-d378505fdd1d@group-5ACAFE4E2AFA-LeaderElection1] INFO impl.RoleInfo: dbae07df-afd2-4085-a7b3-d378505fdd1d: start dbae07df-afd2-4085-a7b3-d378505fdd1d@group-5ACAFE4E2AFA-LeaderStateImpl
dn2_1    | 2021-03-14 02:46:18,878 [dbae07df-afd2-4085-a7b3-d378505fdd1d@group-5ACAFE4E2AFA-LeaderElection1] INFO segmented.SegmentedRaftLogWorker: dbae07df-afd2-4085-a7b3-d378505fdd1d@group-5ACAFE4E2AFA-SegmentedRaftLogWorker: Rolling segment log-0_0 to index:0
dn2_1    | 2021-03-14 02:46:18,883 [dbae07df-afd2-4085-a7b3-d378505fdd1d@group-5ACAFE4E2AFA-SegmentedRaftLogWorker] INFO segmented.SegmentedRaftLogWorker: dbae07df-afd2-4085-a7b3-d378505fdd1d@group-5ACAFE4E2AFA-SegmentedRaftLogWorker: Rolled log segment from /data/metadata/ratis/20d63e09-ce1b-455e-bf47-5acafe4e2afa/current/log_inprogress_0 to /data/metadata/ratis/20d63e09-ce1b-455e-bf47-5acafe4e2afa/current/log_0-0
dn2_1    | 2021-03-14 02:46:18,892 [dbae07df-afd2-4085-a7b3-d378505fdd1d@group-5ACAFE4E2AFA-SegmentedRaftLogWorker] INFO segmented.SegmentedRaftLogWorker: dbae07df-afd2-4085-a7b3-d378505fdd1d@group-5ACAFE4E2AFA-SegmentedRaftLogWorker: created new log segment /data/metadata/ratis/20d63e09-ce1b-455e-bf47-5acafe4e2afa/current/log_inprogress_1
dn2_1    | 2021-03-14 02:46:18,953 [dbae07df-afd2-4085-a7b3-d378505fdd1d@group-5ACAFE4E2AFA-LeaderElection1] INFO server.RaftServer$Division: dbae07df-afd2-4085-a7b3-d378505fdd1d@group-5ACAFE4E2AFA: set configuration 1: [dbae07df-afd2-4085-a7b3-d378505fdd1d|rpc:10.9.0.12:9858|admin:|client:|dataStream:|priority:0], old=null
dn2_1    | 2021-03-14 02:46:19,159 [grpc-default-executor-2] INFO metrics.RatisMetrics: Creating Metrics Registry : ratis.server_message_metrics.dbae07df-afd2-4085-a7b3-d378505fdd1d
dn2_1    | 2021-03-14 02:46:19,221 [grpc-default-executor-1] INFO server.RaftServer$Division: dbae07df-afd2-4085-a7b3-d378505fdd1d@group-0A56571C4EF2: receive requestVote(ELECTION, c6535a48-c795-4b14-adf4-c8eb91237df4, group-0A56571C4EF2, 2, (t:1, i:3))
dn2_1    | 2021-03-14 02:46:19,222 [grpc-default-executor-1] INFO impl.VoteContext: dbae07df-afd2-4085-a7b3-d378505fdd1d@group-0A56571C4EF2-CANDIDATE: reject ELECTION from c6535a48-c795-4b14-adf4-c8eb91237df4: already has voted for dbae07df-afd2-4085-a7b3-d378505fdd1d at current term 2
dn2_1    | 2021-03-14 02:46:19,243 [grpc-default-executor-1] INFO server.RaftServer$Division: dbae07df-afd2-4085-a7b3-d378505fdd1d@group-0A56571C4EF2 replies to ELECTION vote request: c6535a48-c795-4b14-adf4-c8eb91237df4<-dbae07df-afd2-4085-a7b3-d378505fdd1d#0:FAIL-t2. Peer's state: dbae07df-afd2-4085-a7b3-d378505fdd1d@group-0A56571C4EF2:t2, leader=null, voted=dbae07df-afd2-4085-a7b3-d378505fdd1d, raftlog=dbae07df-afd2-4085-a7b3-d378505fdd1d@group-0A56571C4EF2-SegmentedRaftLog:OPENED:c2,f3,i3, conf=0: [78fe3d2b-5db2-4802-b7cb-4afec7f4ccbd|rpc:10.9.0.13:9858|admin:|client:|dataStream:|priority:0, c6535a48-c795-4b14-adf4-c8eb91237df4|rpc:10.9.0.11:9858|admin:|client:|dataStream:|priority:0, dbae07df-afd2-4085-a7b3-d378505fdd1d|rpc:10.9.0.12:9858|admin:|client:|dataStream:|priority:0], old=null
dn2_1    | 2021-03-14 02:46:19,273 [grpc-default-executor-0] INFO server.RaftServer$Division: dbae07df-afd2-4085-a7b3-d378505fdd1d@group-0A56571C4EF2: receive requestVote(ELECTION, 78fe3d2b-5db2-4802-b7cb-4afec7f4ccbd, group-0A56571C4EF2, 2, (t:1, i:3))
dn2_1    | 2021-03-14 02:46:19,273 [grpc-default-executor-0] INFO impl.VoteContext: dbae07df-afd2-4085-a7b3-d378505fdd1d@group-0A56571C4EF2-CANDIDATE: reject ELECTION from 78fe3d2b-5db2-4802-b7cb-4afec7f4ccbd: already has voted for dbae07df-afd2-4085-a7b3-d378505fdd1d at current term 2
dn2_1    | 2021-03-14 02:46:19,275 [grpc-default-executor-0] INFO server.RaftServer$Division: dbae07df-afd2-4085-a7b3-d378505fdd1d@group-0A56571C4EF2 replies to ELECTION vote request: 78fe3d2b-5db2-4802-b7cb-4afec7f4ccbd<-dbae07df-afd2-4085-a7b3-d378505fdd1d#0:FAIL-t2. Peer's state: dbae07df-afd2-4085-a7b3-d378505fdd1d@group-0A56571C4EF2:t2, leader=null, voted=dbae07df-afd2-4085-a7b3-d378505fdd1d, raftlog=dbae07df-afd2-4085-a7b3-d378505fdd1d@group-0A56571C4EF2-SegmentedRaftLog:OPENED:c2,f3,i3, conf=0: [78fe3d2b-5db2-4802-b7cb-4afec7f4ccbd|rpc:10.9.0.13:9858|admin:|client:|dataStream:|priority:0, c6535a48-c795-4b14-adf4-c8eb91237df4|rpc:10.9.0.11:9858|admin:|client:|dataStream:|priority:0, dbae07df-afd2-4085-a7b3-d378505fdd1d|rpc:10.9.0.12:9858|admin:|client:|dataStream:|priority:0], old=null
dn2_1    | 2021-03-14 02:46:19,417 [dbae07df-afd2-4085-a7b3-d378505fdd1d@group-0A56571C4EF2-LeaderElection2] INFO impl.LeaderElection: dbae07df-afd2-4085-a7b3-d378505fdd1d@group-0A56571C4EF2-LeaderElection2: ELECTION REJECTED received 2 response(s) and 0 exception(s):
dn2_1    | 2021-03-14 02:46:19,424 [dbae07df-afd2-4085-a7b3-d378505fdd1d@group-0A56571C4EF2-LeaderElection2] INFO impl.LeaderElection:   Response 0: dbae07df-afd2-4085-a7b3-d378505fdd1d<-78fe3d2b-5db2-4802-b7cb-4afec7f4ccbd#0:FAIL-t2
dn2_1    | 2021-03-14 02:46:19,424 [dbae07df-afd2-4085-a7b3-d378505fdd1d@group-0A56571C4EF2-LeaderElection2] INFO impl.LeaderElection:   Response 1: dbae07df-afd2-4085-a7b3-d378505fdd1d<-c6535a48-c795-4b14-adf4-c8eb91237df4#0:FAIL-t2
dn2_1    | 2021-03-14 02:46:19,424 [dbae07df-afd2-4085-a7b3-d378505fdd1d@group-0A56571C4EF2-LeaderElection2] INFO impl.LeaderElection: dbae07df-afd2-4085-a7b3-d378505fdd1d@group-0A56571C4EF2-LeaderElection2 ELECTION round 0: result REJECTED
dn2_1    | 2021-03-14 02:46:19,425 [dbae07df-afd2-4085-a7b3-d378505fdd1d@group-0A56571C4EF2-LeaderElection2] INFO server.RaftServer$Division: dbae07df-afd2-4085-a7b3-d378505fdd1d@group-0A56571C4EF2: changes role from CANDIDATE to FOLLOWER at term 2 for REJECTED
dn2_1    | 2021-03-14 02:46:19,426 [dbae07df-afd2-4085-a7b3-d378505fdd1d@group-0A56571C4EF2-LeaderElection2] INFO impl.RoleInfo: dbae07df-afd2-4085-a7b3-d378505fdd1d: shutdown dbae07df-afd2-4085-a7b3-d378505fdd1d@group-0A56571C4EF2-LeaderElection2
dn2_1    | 2021-03-14 02:46:19,427 [dbae07df-afd2-4085-a7b3-d378505fdd1d@group-0A56571C4EF2-LeaderElection2] INFO impl.RoleInfo: dbae07df-afd2-4085-a7b3-d378505fdd1d: start dbae07df-afd2-4085-a7b3-d378505fdd1d@group-0A56571C4EF2-FollowerState
dn2_1    | 2021-03-14 02:46:19,562 [Command processor thread] INFO metrics.RatisMetrics: Creating Metrics Registry : ratis.client_message_metrics.client-90C4C8EEEF95->c6535a48-c795-4b14-adf4-c8eb91237df4
dn2_1    | 2021-03-14 02:46:19,715 [Command processor thread] INFO commandhandler.CreatePipelineCommandHandler: Created Pipeline RATIS THREE PipelineID=2ca2be4e-6632-4d0d-a361-df01d12c2f2e.
dn2_1    | 2021-03-14 02:46:22,027 [grpc-default-executor-1] INFO server.RaftServer$Division: dbae07df-afd2-4085-a7b3-d378505fdd1d@group-DF01D12C2F2E: receive requestVote(ELECTION, 78fe3d2b-5db2-4802-b7cb-4afec7f4ccbd, group-DF01D12C2F2E, 1, (t:0, i:0))
dn2_1    | 2021-03-14 02:46:22,028 [grpc-default-executor-1] INFO impl.VoteContext: dbae07df-afd2-4085-a7b3-d378505fdd1d@group-DF01D12C2F2E-FOLLOWER: accept ELECTION from 78fe3d2b-5db2-4802-b7cb-4afec7f4ccbd: our priority 0 <= candidate's priority 0
dn2_1    | 2021-03-14 02:46:22,028 [grpc-default-executor-1] INFO server.RaftServer$Division: dbae07df-afd2-4085-a7b3-d378505fdd1d@group-DF01D12C2F2E: changes role from  FOLLOWER to FOLLOWER at term 1 for candidate:78fe3d2b-5db2-4802-b7cb-4afec7f4ccbd
dn2_1    | 2021-03-14 02:46:22,028 [grpc-default-executor-1] INFO impl.RoleInfo: dbae07df-afd2-4085-a7b3-d378505fdd1d: shutdown dbae07df-afd2-4085-a7b3-d378505fdd1d@group-DF01D12C2F2E-FollowerState
dn2_1    | 2021-03-14 02:46:22,028 [grpc-default-executor-1] INFO impl.RoleInfo: dbae07df-afd2-4085-a7b3-d378505fdd1d: start dbae07df-afd2-4085-a7b3-d378505fdd1d@group-DF01D12C2F2E-FollowerState
dn2_1    | 2021-03-14 02:46:22,028 [Thread-26] INFO impl.FollowerState: dbae07df-afd2-4085-a7b3-d378505fdd1d@group-DF01D12C2F2E-FollowerState was interrupted: {}
dn2_1    | java.lang.InterruptedException: sleep interrupted
dn2_1    | 	at java.base/java.lang.Thread.sleep(Native Method)
dn2_1    | 	at java.base/java.lang.Thread.sleep(Thread.java:339)
dn2_1    | 	at java.base/java.util.concurrent.TimeUnit.sleep(TimeUnit.java:446)
dn2_1    | 	at org.apache.ratis.util.TimeDuration.sleep(TimeDuration.java:324)
dn2_1    | 	at org.apache.ratis.util.TimeDuration.sleep(TimeDuration.java:309)
dn2_1    | 	at org.apache.ratis.server.impl.FollowerState.run(FollowerState.java:117)
dn2_1    | 2021-03-14 02:46:22,034 [grpc-default-executor-1] INFO server.RaftServer$Division: dbae07df-afd2-4085-a7b3-d378505fdd1d@group-DF01D12C2F2E replies to ELECTION vote request: 78fe3d2b-5db2-4802-b7cb-4afec7f4ccbd<-dbae07df-afd2-4085-a7b3-d378505fdd1d#0:OK-t1. Peer's state: dbae07df-afd2-4085-a7b3-d378505fdd1d@group-DF01D12C2F2E:t1, leader=null, voted=78fe3d2b-5db2-4802-b7cb-4afec7f4ccbd, raftlog=dbae07df-afd2-4085-a7b3-d378505fdd1d@group-DF01D12C2F2E-SegmentedRaftLog:OPENED:c-1,f-1,i0, conf=-1: [78fe3d2b-5db2-4802-b7cb-4afec7f4ccbd|rpc:10.9.0.13:9858|priority:0, c6535a48-c795-4b14-adf4-c8eb91237df4|rpc:10.9.0.11:9858|priority:1, dbae07df-afd2-4085-a7b3-d378505fdd1d|rpc:10.9.0.12:9858|priority:0], old=null
dn2_1    | 2021-03-14 02:46:24,492 [grpc-default-executor-1] INFO server.RaftServer$Division: dbae07df-afd2-4085-a7b3-d378505fdd1d@group-0A56571C4EF2: receive requestVote(ELECTION, 78fe3d2b-5db2-4802-b7cb-4afec7f4ccbd, group-0A56571C4EF2, 3, (t:1, i:3))
dn2_1    | 2021-03-14 02:46:24,492 [grpc-default-executor-1] INFO impl.VoteContext: dbae07df-afd2-4085-a7b3-d378505fdd1d@group-0A56571C4EF2-FOLLOWER: accept ELECTION from 78fe3d2b-5db2-4802-b7cb-4afec7f4ccbd: our priority 0 <= candidate's priority 0
dn2_1    | 2021-03-14 02:46:24,493 [grpc-default-executor-1] INFO server.RaftServer$Division: dbae07df-afd2-4085-a7b3-d378505fdd1d@group-0A56571C4EF2: changes role from  FOLLOWER to FOLLOWER at term 3 for candidate:78fe3d2b-5db2-4802-b7cb-4afec7f4ccbd
dn2_1    | 2021-03-14 02:46:24,493 [grpc-default-executor-1] INFO impl.RoleInfo: dbae07df-afd2-4085-a7b3-d378505fdd1d: shutdown dbae07df-afd2-4085-a7b3-d378505fdd1d@group-0A56571C4EF2-FollowerState
dn2_1    | 2021-03-14 02:46:24,493 [Thread-33] INFO impl.FollowerState: dbae07df-afd2-4085-a7b3-d378505fdd1d@group-0A56571C4EF2-FollowerState was interrupted: {}
dn2_1    | java.lang.InterruptedException: sleep interrupted
dn2_1    | 	at java.base/java.lang.Thread.sleep(Native Method)
dn2_1    | 	at java.base/java.lang.Thread.sleep(Thread.java:339)
dn2_1    | 	at java.base/java.util.concurrent.TimeUnit.sleep(TimeUnit.java:446)
dn2_1    | 	at org.apache.ratis.util.TimeDuration.sleep(TimeDuration.java:324)
dn2_1    | 	at org.apache.ratis.util.TimeDuration.sleep(TimeDuration.java:309)
dn2_1    | 	at org.apache.ratis.server.impl.FollowerState.run(FollowerState.java:117)
dn2_1    | 2021-03-14 02:46:24,500 [grpc-default-executor-1] INFO impl.RoleInfo: dbae07df-afd2-4085-a7b3-d378505fdd1d: start dbae07df-afd2-4085-a7b3-d378505fdd1d@group-0A56571C4EF2-FollowerState
dn1_1    | 2021-03-14 02:46:17,112 [pool-22-thread-1] INFO server.RaftServerConfigKeys: raft.server.log.segment.cache.size.max = 200MB (=209715200) (default)
dn3_1    | 2021-03-14 02:46:07,460 [org.apache.hadoop.util.JvmPauseMonitor$Monitor@507ac383] INFO util.JvmPauseMonitor: Starting JVM pause monitor
om_1     | No '-XX:...' jvm parameters are set. Adding safer GC settings '-XX:ParallelGCThreads=8 -XX:+UseConcMarkSweepGC -XX:CMSInitiatingOccupancyFraction=70 -XX:+CMSParallelRemarkEnabled' to the OZONE_OPTS
dn2_1    | 2021-03-14 02:46:24,511 [grpc-default-executor-1] INFO server.RaftServer$Division: dbae07df-afd2-4085-a7b3-d378505fdd1d@group-0A56571C4EF2 replies to ELECTION vote request: 78fe3d2b-5db2-4802-b7cb-4afec7f4ccbd<-dbae07df-afd2-4085-a7b3-d378505fdd1d#0:OK-t3. Peer's state: dbae07df-afd2-4085-a7b3-d378505fdd1d@group-0A56571C4EF2:t3, leader=null, voted=78fe3d2b-5db2-4802-b7cb-4afec7f4ccbd, raftlog=dbae07df-afd2-4085-a7b3-d378505fdd1d@group-0A56571C4EF2-SegmentedRaftLog:OPENED:c2,f3,i3, conf=0: [78fe3d2b-5db2-4802-b7cb-4afec7f4ccbd|rpc:10.9.0.13:9858|admin:|client:|dataStream:|priority:0, c6535a48-c795-4b14-adf4-c8eb91237df4|rpc:10.9.0.11:9858|admin:|client:|dataStream:|priority:0, dbae07df-afd2-4085-a7b3-d378505fdd1d|rpc:10.9.0.12:9858|admin:|client:|dataStream:|priority:0], old=null
dn1_1    | 2021-03-14 02:46:17,112 [pool-22-thread-1] INFO segmented.SegmentedRaftLogWorker: new c6535a48-c795-4b14-adf4-c8eb91237df4@group-DF01D12C2F2E-SegmentedRaftLogWorker for RaftStorageImpl:Storage Directory /data/metadata/ratis/2ca2be4e-6632-4d0d-a361-df01d12c2f2e
dn3_1    | 2021-03-14 02:46:07,907 [Datanode State Machine Task Thread - 0] INFO statemachine.SCMConnectionManager: Adding Recon Server : recon/10.9.0.15:9891
s3g_1    | No '-XX:...' jvm parameters are set. Adding safer GC settings '-XX:ParallelGCThreads=8 -XX:+UseConcMarkSweepGC -XX:CMSInitiatingOccupancyFraction=70 -XX:+CMSParallelRemarkEnabled' to the OZONE_OPTS
om_1     | OpenJDK 64-Bit Server VM warning: Option UseConcMarkSweepGC was deprecated in version 9.0 and will likely be removed in a future release.
recon_1  | No '-XX:...' jvm parameters are set. Adding safer GC settings '-XX:ParallelGCThreads=8 -XX:+UseConcMarkSweepGC -XX:CMSInitiatingOccupancyFraction=70 -XX:+CMSParallelRemarkEnabled' to the OZONE_OPTS
dn2_1    | 2021-03-14 02:46:24,651 [grpc-default-executor-1] INFO ratis.XceiverServerRatis: Leader change notification received for group: group-0A56571C4EF2 with new leaderId: 78fe3d2b-5db2-4802-b7cb-4afec7f4ccbd
scm_1    | No '-XX:...' jvm parameters are set. Adding safer GC settings '-XX:ParallelGCThreads=8 -XX:+UseConcMarkSweepGC -XX:CMSInitiatingOccupancyFraction=70 -XX:+CMSParallelRemarkEnabled' to the OZONE_OPTS
dn1_1    | 2021-03-14 02:46:17,112 [pool-22-thread-1] INFO server.RaftServerConfigKeys: raft.server.log.queue.byte-limit = 2147483647 (custom)
dn3_1    | 2021-03-14 02:46:11,615 [EndpointStateMachine task thread for scm/10.9.0.17:9861 - 0 ] INFO ozoneimpl.OzoneContainer: Attempting to start container services.
s3g_1    | OpenJDK 64-Bit Server VM warning: Option UseConcMarkSweepGC was deprecated in version 9.0 and will likely be removed in a future release.
om_1     | 2021-03-14 02:45:42,097 [main] INFO om.OzoneManagerStarter: STARTUP_MSG: 
recon_1  | OpenJDK 64-Bit Server VM warning: Option UseConcMarkSweepGC was deprecated in version 9.0 and will likely be removed in a future release.
dn2_1    | 2021-03-14 02:46:24,653 [grpc-default-executor-1] INFO server.RaftServer$Division: dbae07df-afd2-4085-a7b3-d378505fdd1d@group-0A56571C4EF2: change Leader from null to 78fe3d2b-5db2-4802-b7cb-4afec7f4ccbd at term 3 for appendEntries, leader elected after 15230ms
scm_1    | OpenJDK 64-Bit Server VM warning: Option UseConcMarkSweepGC was deprecated in version 9.0 and will likely be removed in a future release.
dn1_1    | 2021-03-14 02:46:17,113 [pool-22-thread-1] INFO server.RaftServerConfigKeys: raft.server.log.queue.element-limit = 1024 (custom)
dn3_1    | 2021-03-14 02:46:11,622 [EndpointStateMachine task thread for scm/10.9.0.17:9861 - 0 ] INFO ozoneimpl.OzoneContainer: Background container scanner has been disabled.
s3g_1    | 2021-03-14 02:45:42,187 [main] INFO http.BaseHttpServer: Starting Web-server for s3gateway at: http://0.0.0.0:9878
om_1     | /************************************************************
recon_1  | 2021-03-14 02:45:38,183 [main] INFO recon.ReconServer: STARTUP_MSG: 
dn2_1    | 2021-03-14 02:46:24,707 [grpc-default-executor-1] INFO server.RaftServer$Division: dbae07df-afd2-4085-a7b3-d378505fdd1d@group-0A56571C4EF2: set configuration 4: [78fe3d2b-5db2-4802-b7cb-4afec7f4ccbd|rpc:10.9.0.13:9858|admin:|client:|dataStream:|priority:0, c6535a48-c795-4b14-adf4-c8eb91237df4|rpc:10.9.0.11:9858|admin:|client:|dataStream:|priority:0, dbae07df-afd2-4085-a7b3-d378505fdd1d|rpc:10.9.0.12:9858|admin:|client:|dataStream:|priority:0], old=null
scm_1    | 2021-03-14 02:45:49,998 [main] INFO server.StorageContainerManagerStarter: STARTUP_MSG: 
dn1_1    | 2021-03-14 02:46:17,114 [pool-22-thread-1] INFO server.RaftServerConfigKeys: raft.server.log.segment.size.max = 1048576 (custom)
dn3_1    | 2021-03-14 02:46:11,727 [EndpointStateMachine task thread for scm/10.9.0.17:9861 - 0 ] INFO ratis.XceiverServerRatis: Starting XceiverServerRatis 78fe3d2b-5db2-4802-b7cb-4afec7f4ccbd
s3g_1    | 2021-03-14 02:45:42,194 [main] INFO http.BaseHttpServer: Hadoop Security Enabled: false Ozone Security Enabled: false Ozone HTTP Security Enabled: false 
om_1     | STARTUP_MSG: Starting OzoneManager
recon_1  | /************************************************************
dn2_1    | 2021-03-14 02:46:24,708 [grpc-default-executor-1] INFO segmented.SegmentedRaftLogWorker: dbae07df-afd2-4085-a7b3-d378505fdd1d@group-0A56571C4EF2-SegmentedRaftLogWorker: Rolling segment log-0_3 to index:3
scm_1    | /************************************************************
dn1_1    | 2021-03-14 02:46:17,114 [pool-22-thread-1] INFO server.RaftServerConfigKeys: raft.server.log.preallocated.size = 16384 (custom)
dn3_1    | 2021-03-14 02:46:11,792 [ForkJoinPool.commonPool-worker-3] INFO server.RaftServer$Division: 78fe3d2b-5db2-4802-b7cb-4afec7f4ccbd@group-E9CFCBD3B675: start as a follower, conf=0: [78fe3d2b-5db2-4802-b7cb-4afec7f4ccbd|rpc:10.9.0.13:9858|admin:|client:|dataStream:|priority:0], old=null
s3g_1    | 2021-03-14 02:45:42,306 [main] INFO util.log: Logging initialized @3929ms to org.eclipse.jetty.util.log.Slf4jLog
om_1     | STARTUP_MSG:   host = bcb52bb3cec8/10.9.0.14
recon_1  | STARTUP_MSG: Starting ReconServer
dn2_1    | 2021-03-14 02:46:24,710 [dbae07df-afd2-4085-a7b3-d378505fdd1d@group-0A56571C4EF2-SegmentedRaftLogWorker] INFO segmented.SegmentedRaftLogWorker: dbae07df-afd2-4085-a7b3-d378505fdd1d@group-0A56571C4EF2-SegmentedRaftLogWorker: Rolled log segment from /data/metadata/ratis/9d5ef86a-76b3-4f80-8488-0a56571c4ef2/current/log_inprogress_0 to /data/metadata/ratis/9d5ef86a-76b3-4f80-8488-0a56571c4ef2/current/log_0-3
scm_1    | STARTUP_MSG: Starting StorageContainerManager
dn1_1    | 2021-03-14 02:46:17,114 [pool-22-thread-1] INFO server.RaftServerConfigKeys: raft.server.log.force.sync.num = 128 (default)
dn3_1    | 2021-03-14 02:46:11,788 [EndpointStateMachine task thread for scm/10.9.0.17:9861 - 0 ] INFO server.RaftServer$Division: 78fe3d2b-5db2-4802-b7cb-4afec7f4ccbd@group-0A56571C4EF2: start as a follower, conf=0: [78fe3d2b-5db2-4802-b7cb-4afec7f4ccbd|rpc:10.9.0.13:9858|admin:|client:|dataStream:|priority:0, c6535a48-c795-4b14-adf4-c8eb91237df4|rpc:10.9.0.11:9858|admin:|client:|dataStream:|priority:0, dbae07df-afd2-4085-a7b3-d378505fdd1d|rpc:10.9.0.12:9858|admin:|client:|dataStream:|priority:0], old=null
s3g_1    | 2021-03-14 02:45:42,891 [main] INFO server.AuthenticationFilter: Unable to initialize FileSignerSecretProvider, falling back to use random secrets.
om_1     | STARTUP_MSG:   args = []
recon_1  | STARTUP_MSG:   host = 1bb2131d6fb6/10.9.0.15
dn2_1    | 2021-03-14 02:46:24,718 [dbae07df-afd2-4085-a7b3-d378505fdd1d@group-0A56571C4EF2-SegmentedRaftLogWorker] INFO segmented.SegmentedRaftLogWorker: dbae07df-afd2-4085-a7b3-d378505fdd1d@group-0A56571C4EF2-SegmentedRaftLogWorker: created new log segment /data/metadata/ratis/9d5ef86a-76b3-4f80-8488-0a56571c4ef2/current/log_inprogress_4
scm_1    | STARTUP_MSG:   host = 2ff02479c22d/10.9.0.17
dn1_1    | 2021-03-14 02:46:17,114 [pool-22-thread-1] INFO server.RaftServerConfigKeys: raft.server.log.statemachine.data.sync = true (default)
dn3_1    | 2021-03-14 02:46:11,793 [EndpointStateMachine task thread for scm/10.9.0.17:9861 - 0 ] INFO server.RaftServer$Division: 78fe3d2b-5db2-4802-b7cb-4afec7f4ccbd@group-0A56571C4EF2: changes role from      null to FOLLOWER at term 1 for startAsFollower
s3g_1    | 2021-03-14 02:45:42,996 [main] INFO http.HttpRequestLog: Http request log for http.requests.s3gateway is not defined
om_1     | STARTUP_MSG:   version = 1.1.0-SNAPSHOT
recon_1  | STARTUP_MSG:   args = []
recon_1  | STARTUP_MSG:   version = 1.1.0-SNAPSHOT
scm_1    | STARTUP_MSG:   args = []
dn1_1    | 2021-03-14 02:46:17,116 [pool-22-thread-1] INFO server.RaftServerConfigKeys: raft.server.log.statemachine.data.sync.timeout = 10s (default)
dn3_1    | 2021-03-14 02:46:11,796 [EndpointStateMachine task thread for scm/10.9.0.17:9861 - 0 ] INFO impl.RoleInfo: 78fe3d2b-5db2-4802-b7cb-4afec7f4ccbd: start 78fe3d2b-5db2-4802-b7cb-4afec7f4ccbd@group-0A56571C4EF2-FollowerState
dn3_1    | 2021-03-14 02:46:11,796 [ForkJoinPool.commonPool-worker-3] INFO server.RaftServer$Division: 78fe3d2b-5db2-4802-b7cb-4afec7f4ccbd@group-E9CFCBD3B675: changes role from      null to FOLLOWER at term 1 for startAsFollower
dn2_1    | 2021-03-14 02:46:27,075 [grpc-default-executor-1] INFO server.RaftServer$Division: dbae07df-afd2-4085-a7b3-d378505fdd1d@group-DF01D12C2F2E: receive requestVote(ELECTION, 78fe3d2b-5db2-4802-b7cb-4afec7f4ccbd, group-DF01D12C2F2E, 2, (t:0, i:0))
