nm_1        | 2020-06-19 00:58:12 INFO  ContextHandler:781 - Started o.e.j.s.ServletContextHandler@7e22550a{/logs,file:///opt/hadoop/logs/,AVAILABLE}
datanode_3  | 2020-06-19 00:58:32,247 [aef2a3e5-17e1-4eb7-8d4d-1592c209a97b@group-73FF949BE349-LeaderElection2] INFO server.RaftServerConfigKeys: raft.server.log.appender.buffer.byte-limit = 33554432 (custom)
scm_1       | 2020-06-19 00:58:23,107 [RatisPipelineUtilsThread] ERROR pipeline.SCMPipelineManager: Failed to create pipeline of type RATIS and factor ONE. Exception: Cannot create pipeline of factor 1 using 0 nodes. Used 1 nodes. Healthy nodes 1
datanode_1  | 2020-06-19 00:58:32,680 [b2597b4f-f2da-4ab6-b672-d29315bfd0df@group-8E55FD53BE2B-LeaderElection1] INFO server.RaftServerConfigKeys: raft.server.write.element-limit = 1024 (custom)
rm_1        | 2020-06-19 00:58:03 INFO  CapacitySchedulerQueueManager:163 - Initialized root queue root: numChildQueue= 1, capacity=1.0, absoluteCapacity=1.0, usedResources=<memory:0, vCores:0>usedCapacity=0.0, numApps=0, numContainers=0
nm_1        | 2020-06-19 00:58:12 INFO  ContextHandler:781 - Started o.e.j.s.ServletContextHandler@5a7005d{/static,jar:file:/opt/hadoop/share/hadoop/yarn/hadoop-yarn-common-3.1.2.jar!/webapps/static,AVAILABLE}
datanode_3  | 2020-06-19 00:58:32,248 [aef2a3e5-17e1-4eb7-8d4d-1592c209a97b@group-73FF949BE349-LeaderElection2] INFO server.RaftServerConfigKeys: raft.server.log.appender.buffer.element-limit = 1 (custom)
scm_1       | 2020-06-19 00:58:23,112 [EventQueue-NodeRegistrationContainerReportForContainerSafeModeRule] INFO safemode.SCMSafeModeManager: ContainerSafeModeRule rule is successfully validated
datanode_1  | 2020-06-19 00:58:32,680 [b2597b4f-f2da-4ab6-b672-d29315bfd0df@group-8E55FD53BE2B-LeaderElection1] INFO server.RaftServerConfigKeys: raft.server.write.byte-limit = 1073741824 (custom)
rm_1        | 2020-06-19 00:58:03 INFO  UserGroupMappingPlacementRule:232 - Initialized queue mappings, override: false
nm_1        | Jun 19, 2020 12:58:13 AM com.sun.jersey.guice.spi.container.GuiceComponentProviderFactory register
datanode_3  | 2020-06-19 00:58:32,249 [aef2a3e5-17e1-4eb7-8d4d-1592c209a97b@group-73FF949BE349-LeaderElection2] INFO grpc.GrpcConfigKeys: raft.grpc.server.leader.outstanding.appends.max = 128 (default)
scm_1       | 2020-06-19 00:58:23,112 [EventQueue-NodeRegistrationContainerReportForDataNodeSafeModeRule] INFO safemode.SCMSafeModeManager: SCM in safe mode. 1 DataNodes registered, 3 required.
datanode_1  | 2020-06-19 00:58:32,692 [b2597b4f-f2da-4ab6-b672-d29315bfd0df@group-8E55FD53BE2B-LeaderElection1] INFO server.RaftServerConfigKeys: raft.server.watch.timeout = 180s (custom)
rm_1        | 2020-06-19 00:58:03 INFO  CapacityScheduler:392 - Initialized CapacityScheduler with calculator=class org.apache.hadoop.yarn.util.resource.DefaultResourceCalculator, minimumAllocation=<<memory:1024, vCores:1>>, maximumAllocation=<<memory:8192, vCores:4>>, asynchronousScheduling=false, asyncScheduleInterval=5ms
nm_1        | INFO: Registering org.apache.hadoop.yarn.server.nodemanager.webapp.NMWebServices as a root resource class
datanode_3  | 2020-06-19 00:58:32,249 [aef2a3e5-17e1-4eb7-8d4d-1592c209a97b@group-73FF949BE349-LeaderElection2] INFO server.RaftServerConfigKeys: raft.server.rpc.request.timeout = 60s (custom)
scm_1       | 2020-06-19 00:58:23,351 [IPC Server handler 3 on default port 9861] INFO net.NetworkTopology: Added a new node: /default-rack/0b7a37d5-73bb-4181-b12d-5e04f5612acb
datanode_1  | 2020-06-19 00:58:32,692 [b2597b4f-f2da-4ab6-b672-d29315bfd0df@group-8E55FD53BE2B-LeaderElection1] INFO server.RaftServerConfigKeys: raft.server.watch.timeout.denomination = 1s (default)
rm_1        | 2020-06-19 00:58:03 INFO  Configuration:2752 - dynamic-resources.xml not found
nm_1        | Jun 19, 2020 12:58:13 AM com.sun.jersey.guice.spi.container.GuiceComponentProviderFactory register
datanode_3  | 2020-06-19 00:58:32,249 [aef2a3e5-17e1-4eb7-8d4d-1592c209a97b@group-73FF949BE349-LeaderElection2] INFO server.RaftServerConfigKeys: raft.server.log.appender.install.snapshot.enabled = false (custom)
scm_1       | 2020-06-19 00:58:23,352 [IPC Server handler 3 on default port 9861] INFO node.SCMNodeManager: Registered Data node : 0b7a37d5-73bb-4181-b12d-5e04f5612acb{ip: 172.20.0.6, host: hadoop31_datanode_2.hadoop31_default, networkLocation: /default-rack, certSerialId: null}
datanode_1  | 2020-06-19 00:58:32,692 [b2597b4f-f2da-4ab6-b672-d29315bfd0df@group-8E55FD53BE2B-LeaderElection1] INFO server.RaftServerConfigKeys: raft.server.watch.element-limit = 65536 (default)
rm_1        | 2020-06-19 00:58:03 INFO  AMSProcessingChain:62 - Initializing AMS Processing chain. Root Processor=[org.apache.hadoop.yarn.server.resourcemanager.DefaultAMSProcessor].
nm_1        | INFO: Registering org.apache.hadoop.yarn.webapp.GenericExceptionHandler as a provider class
datanode_3  | 2020-06-19 00:58:32,251 [aef2a3e5-17e1-4eb7-8d4d-1592c209a97b@group-73FF949BE349-LeaderElection2] INFO impl.RoleInfo: aef2a3e5-17e1-4eb7-8d4d-1592c209a97b: start LeaderState
scm_1       | 2020-06-19 00:58:23,353 [EventQueue-NodeRegistrationContainerReportForContainerSafeModeRule] INFO safemode.SCMSafeModeManager: ContainerSafeModeRule rule is successfully validated
datanode_1  | 2020-06-19 00:58:32,712 [b2597b4f-f2da-4ab6-b672-d29315bfd0df@group-8E55FD53BE2B-LeaderElection1] INFO impl.RoleInfo: b2597b4f-f2da-4ab6-b672-d29315bfd0df: start LeaderState
rm_1        | 2020-06-19 00:58:03 INFO  ApplicationMasterService:130 - disabled placement handler will be used, all scheduling requests will be rejected.
nm_1        | Jun 19, 2020 12:58:13 AM com.sun.jersey.guice.spi.container.GuiceComponentProviderFactory register
datanode_3  | 2020-06-19 00:58:32,259 [aef2a3e5-17e1-4eb7-8d4d-1592c209a97b@group-73FF949BE349-LeaderElection2] INFO segmented.SegmentedRaftLogWorker: aef2a3e5-17e1-4eb7-8d4d-1592c209a97b@group-73FF949BE349-SegmentedRaftLogWorker: Starting segment from index:0
scm_1       | 2020-06-19 00:58:23,353 [EventQueue-NodeRegistrationContainerReportForDataNodeSafeModeRule] INFO safemode.SCMSafeModeManager: SCM in safe mode. 2 DataNodes registered, 3 required.
datanode_1  | 2020-06-19 00:58:32,723 [b2597b4f-f2da-4ab6-b672-d29315bfd0df@group-8E55FD53BE2B-LeaderElection1] INFO segmented.SegmentedRaftLogWorker: b2597b4f-f2da-4ab6-b672-d29315bfd0df@group-8E55FD53BE2B-SegmentedRaftLogWorker: Starting segment from index:0
rm_1        | 2020-06-19 00:58:03 INFO  AMSProcessingChain:75 - Adding [org.apache.hadoop.yarn.server.resourcemanager.scheduler.constraint.processor.DisabledPlacementProcessor] tp top of AMS Processing chain. 
nm_1        | INFO: Registering org.apache.hadoop.yarn.server.nodemanager.webapp.JAXBContextResolver as a provider class
datanode_3  | 2020-06-19 00:58:32,261 [aef2a3e5-17e1-4eb7-8d4d-1592c209a97b@group-73FF949BE349-SegmentedRaftLogWorker] INFO segmented.SegmentedRaftLogWorker: aef2a3e5-17e1-4eb7-8d4d-1592c209a97b@group-73FF949BE349-SegmentedRaftLogWorker: created new log segment /data/metadata/ratis/c8a2a082-3391-48c4-8301-73ff949be349/current/log_inprogress_0
scm_1       | 2020-06-19 00:58:23,355 [RatisPipelineUtilsThread] INFO pipeline.RatisPipelineProvider: Sending CreatePipelineCommand for pipeline:PipelineID=1eea5fbe-eaf0-4a53-b0c1-2b07b718b7c6 to datanode:0b7a37d5-73bb-4181-b12d-5e04f5612acb
datanode_1  | 2020-06-19 00:58:32,728 [b2597b4f-f2da-4ab6-b672-d29315bfd0df@group-8E55FD53BE2B-SegmentedRaftLogWorker] INFO segmented.SegmentedRaftLogWorker: b2597b4f-f2da-4ab6-b672-d29315bfd0df@group-8E55FD53BE2B-SegmentedRaftLogWorker: created new log segment /data/metadata/ratis/45039792-1f7c-4823-826d-8e55fd53be2b/current/log_inprogress_0
rm_1        | 2020-06-19 00:58:03 INFO  ResourceManager:565 - TimelineServicePublisher is not configured
nm_1        | Jun 19, 2020 12:58:13 AM com.sun.jersey.server.impl.application.WebApplicationImpl _initiate
datanode_3  | 2020-06-19 00:58:32,277 [aef2a3e5-17e1-4eb7-8d4d-1592c209a97b@group-73FF949BE349-LeaderElection2] INFO impl.RaftServerImpl: aef2a3e5-17e1-4eb7-8d4d-1592c209a97b@group-73FF949BE349: set configuration 0: [0b7a37d5-73bb-4181-b12d-5e04f5612acb:172.20.0.6:9858, b2597b4f-f2da-4ab6-b672-d29315bfd0df:172.20.0.8:9858, aef2a3e5-17e1-4eb7-8d4d-1592c209a97b:172.20.0.9:9858], old=null at 0
scm_1       | 2020-06-19 00:58:23,363 [RatisPipelineUtilsThread] INFO pipeline.PipelineStateManager: Created pipeline Pipeline[ Id: 1eea5fbe-eaf0-4a53-b0c1-2b07b718b7c6, Nodes: 0b7a37d5-73bb-4181-b12d-5e04f5612acb{ip: 172.20.0.6, host: hadoop31_datanode_2.hadoop31_default, networkLocation: /default-rack, certSerialId: null}, Type:RATIS, Factor:ONE, State:ALLOCATED, leaderId:, CreationTimestamp2020-06-19T00:58:23.355373Z]
datanode_1  | 2020-06-19 00:58:32,752 [b2597b4f-f2da-4ab6-b672-d29315bfd0df@group-8E55FD53BE2B-LeaderElection1] INFO impl.RaftServerImpl: b2597b4f-f2da-4ab6-b672-d29315bfd0df@group-8E55FD53BE2B: set configuration 0: [b2597b4f-f2da-4ab6-b672-d29315bfd0df:172.20.0.8:9858], old=null at 0
rm_1        | 2020-06-19 00:58:03 INFO  log:192 - Logging initialized @8072ms
nm_1        | INFO: Initiating Jersey application, version 'Jersey: 1.19 02/11/2015 03:25 AM'
scm_1       | 2020-06-19 00:58:23,364 [RatisPipelineUtilsThread] ERROR pipeline.SCMPipelineManager: Failed to create pipeline of type RATIS and factor ONE. Exception: Cannot create pipeline of factor 1 using 0 nodes. Used 2 nodes. Healthy nodes 2
rm_1        | 2020-06-19 00:58:03 INFO  AuthenticationFilter:240 - Unable to initialize FileSignerSecretProvider, falling back to use random secrets.
nm_1        | Jun 19, 2020 12:58:13 AM com.sun.jersey.guice.spi.container.GuiceComponentProviderFactory getComponentProvider
scm_1       | 2020-06-19 00:58:23,792 [IPC Server handler 4 on default port 9861] INFO net.NetworkTopology: Added a new node: /default-rack/b2597b4f-f2da-4ab6-b672-d29315bfd0df
rm_1        | 2020-06-19 00:58:03 INFO  HttpRequestLog:81 - Http request log for http.requests.resourcemanager is not defined
nm_1        | INFO: Binding org.apache.hadoop.yarn.server.nodemanager.webapp.JAXBContextResolver to GuiceManagedComponentProvider with the scope "Singleton"
scm_1       | 2020-06-19 00:58:23,792 [IPC Server handler 4 on default port 9861] INFO node.SCMNodeManager: Registered Data node : b2597b4f-f2da-4ab6-b672-d29315bfd0df{ip: 172.20.0.8, host: hadoop31_datanode_1.hadoop31_default, networkLocation: /default-rack, certSerialId: null}
rm_1        | 2020-06-19 00:58:03 INFO  HttpServer2:970 - Added global filter 'safety' (class=org.apache.hadoop.http.HttpServer2$QuotingInputFilter)
nm_1        | Jun 19, 2020 12:58:15 AM com.sun.jersey.guice.spi.container.GuiceComponentProviderFactory getComponentProvider
scm_1       | 2020-06-19 00:58:23,793 [RatisPipelineUtilsThread] INFO pipeline.RatisPipelineProvider: Sending CreatePipelineCommand for pipeline:PipelineID=45039792-1f7c-4823-826d-8e55fd53be2b to datanode:b2597b4f-f2da-4ab6-b672-d29315bfd0df
rm_1        | 2020-06-19 00:58:03 INFO  HttpServer2:943 - Added filter RMAuthenticationFilter (class=org.apache.hadoop.yarn.server.security.http.RMAuthenticationFilter) to context cluster
nm_1        | INFO: Binding org.apache.hadoop.yarn.webapp.GenericExceptionHandler to GuiceManagedComponentProvider with the scope "Singleton"
scm_1       | 2020-06-19 00:58:23,794 [EventQueue-NodeRegistrationContainerReportForDataNodeSafeModeRule] INFO safemode.SCMSafeModeManager: SCM in safe mode. 3 DataNodes registered, 3 required.
rm_1        | 2020-06-19 00:58:03 INFO  HttpServer2:953 - Added filter RMAuthenticationFilter (class=org.apache.hadoop.yarn.server.security.http.RMAuthenticationFilter) to context static
nm_1        | Jun 19, 2020 12:58:17 AM com.sun.jersey.guice.spi.container.GuiceComponentProviderFactory getComponentProvider
scm_1       | 2020-06-19 00:58:23,794 [EventQueue-NodeRegistrationContainerReportForContainerSafeModeRule] INFO safemode.SCMSafeModeManager: ContainerSafeModeRule rule is successfully validated
rm_1        | 2020-06-19 00:58:03 INFO  HttpServer2:953 - Added filter RMAuthenticationFilter (class=org.apache.hadoop.yarn.server.security.http.RMAuthenticationFilter) to context logs
nm_1        | INFO: Binding org.apache.hadoop.yarn.server.nodemanager.webapp.NMWebServices to GuiceManagedComponentProvider with the scope "Singleton"
scm_1       | 2020-06-19 00:58:23,795 [EventQueue-NodeRegistrationContainerReportForDataNodeSafeModeRule] INFO safemode.SCMSafeModeManager: DataNodeSafeModeRule rule is successfully validated
rm_1        | 2020-06-19 00:58:03 INFO  HttpServer2:943 - Added filter static_user_filter (class=org.apache.hadoop.http.lib.StaticUserWebFilter$StaticUserFilter) to context cluster
nm_1        | 2020-06-19 00:58:17 INFO  ContextHandler:781 - Started o.e.j.w.WebAppContext@2324bfe7{/,file:///tmp/jetty-0.0.0.0-8042-node-_-any-2571610888737276024.dir/webapp/,AVAILABLE}{/node}
scm_1       | 2020-06-19 00:58:23,796 [EventQueue-NodeRegistrationContainerReportForDataNodeSafeModeRule] INFO safemode.SCMSafeModeManager: All SCM safe mode pre check rules have passed
rm_1        | 2020-06-19 00:58:03 INFO  HttpServer2:953 - Added filter static_user_filter (class=org.apache.hadoop.http.lib.StaticUserWebFilter$StaticUserFilter) to context static
rm_1        | 2020-06-19 00:58:03 INFO  HttpServer2:953 - Added filter static_user_filter (class=org.apache.hadoop.http.lib.StaticUserWebFilter$StaticUserFilter) to context logs
nm_1        | 2020-06-19 00:58:17 INFO  AbstractConnector:278 - Started ServerConnector@7bebcd65{HTTP/1.1,[http/1.1]}{0.0.0.0:8042}
rm_1        | 2020-06-19 00:58:03 INFO  HttpServer2:608 - adding path spec: /cluster/*
scm_1       | 2020-06-19 00:58:23,796 [RatisPipelineUtilsThread] INFO pipeline.PipelineStateManager: Created pipeline Pipeline[ Id: 45039792-1f7c-4823-826d-8e55fd53be2b, Nodes: b2597b4f-f2da-4ab6-b672-d29315bfd0df{ip: 172.20.0.8, host: hadoop31_datanode_1.hadoop31_default, networkLocation: /default-rack, certSerialId: null}, Type:RATIS, Factor:ONE, State:ALLOCATED, leaderId:, CreationTimestamp2020-06-19T00:58:23.793870Z]
nm_1        | 2020-06-19 00:58:17 INFO  Server:419 - Started @19683ms
rm_1        | 2020-06-19 00:58:03 INFO  HttpServer2:608 - adding path spec: /ws/*
scm_1       | 2020-06-19 00:58:23,798 [RatisPipelineUtilsThread] ERROR pipeline.SCMPipelineManager: Failed to create pipeline of type RATIS and factor ONE. Exception: Cannot create pipeline of factor 1 using 0 nodes. Used 3 nodes. Healthy nodes 3
nm_1        | 2020-06-19 00:58:17 INFO  WebApps:440 - Web app node started at 8042
rm_1        | 2020-06-19 00:58:03 INFO  HttpServer2:608 - adding path spec: /app/*
scm_1       | 2020-06-19 00:58:23,806 [RatisPipelineUtilsThread] INFO pipeline.RatisPipelineProvider: Sending CreatePipelineCommand for pipeline:PipelineID=c8a2a082-3391-48c4-8301-73ff949be349 to datanode:0b7a37d5-73bb-4181-b12d-5e04f5612acb
nm_1        | 2020-06-19 00:58:17 INFO  NodeStatusUpdaterImpl:250 - Node ID assigned is : nm:42997
rm_1        | 2020-06-19 00:58:06 INFO  WebApps:395 - Registered webapp guice modules
scm_1       | 2020-06-19 00:58:23,806 [RatisPipelineUtilsThread] INFO pipeline.RatisPipelineProvider: Sending CreatePipelineCommand for pipeline:PipelineID=c8a2a082-3391-48c4-8301-73ff949be349 to datanode:b2597b4f-f2da-4ab6-b672-d29315bfd0df
nm_1        | 2020-06-19 00:58:17 INFO  JvmPauseMonitor:188 - Starting JVM pause monitor
rm_1        | 2020-06-19 00:58:06 INFO  HttpServer2:1186 - Jetty bound to port 8088
scm_1       | 2020-06-19 00:58:23,807 [RatisPipelineUtilsThread] INFO pipeline.RatisPipelineProvider: Sending CreatePipelineCommand for pipeline:PipelineID=c8a2a082-3391-48c4-8301-73ff949be349 to datanode:aef2a3e5-17e1-4eb7-8d4d-1592c209a97b
nm_1        | 2020-06-19 00:58:17 INFO  RMProxy:133 - Connecting to ResourceManager at rm/172.20.0.2:8031
rm_1        | 2020-06-19 00:58:06 INFO  Server:351 - jetty-9.3.24.v20180605, build timestamp: 2018-06-05T17:11:56Z, git hash: 84205aa28f11a4f31f2a3b86d1bba2cc8ab69827
scm_1       | 2020-06-19 00:58:23,808 [RatisPipelineUtilsThread] INFO pipeline.PipelineStateManager: Created pipeline Pipeline[ Id: c8a2a082-3391-48c4-8301-73ff949be349, Nodes: 0b7a37d5-73bb-4181-b12d-5e04f5612acb{ip: 172.20.0.6, host: hadoop31_datanode_2.hadoop31_default, networkLocation: /default-rack, certSerialId: null}b2597b4f-f2da-4ab6-b672-d29315bfd0df{ip: 172.20.0.8, host: hadoop31_datanode_1.hadoop31_default, networkLocation: /default-rack, certSerialId: null}aef2a3e5-17e1-4eb7-8d4d-1592c209a97b{ip: 172.20.0.9, host: hadoop31_datanode_3.hadoop31_default, networkLocation: /default-rack, certSerialId: null}, Type:RATIS, Factor:THREE, State:ALLOCATED, leaderId:, CreationTimestamp2020-06-19T00:58:23.806465Z]
nm_1        | 2020-06-19 00:58:17 INFO  NodeStatusUpdaterImpl:641 - Sending out 0 NM container statuses: []
rm_1        | 2020-06-19 00:58:06 INFO  AuthenticationFilter:240 - Unable to initialize FileSignerSecretProvider, falling back to use random secrets.
scm_1       | 2020-06-19 00:58:23,808 [RatisPipelineUtilsThread] ERROR pipeline.SCMPipelineManager: Failed to create pipeline of type RATIS and factor THREE. Exception: Pipeline creation failed because nodes are engaged in other pipelines and every node can only be engaged in max 2 pipelines. Required 3. Found 0
nm_1        | 2020-06-19 00:58:17 INFO  NodeStatusUpdaterImpl:382 - Registering with RM using containers :[]
rm_1        | 2020-06-19 00:58:06 INFO  AbstractDelegationTokenSecretManager:347 - Updating the current master key for generating delegation tokens
scm_1       | 2020-06-19 00:58:26,702 [EventQueue-PipelineReportForPipelineReportHandler] INFO pipeline.PipelineStateManager: Pipeline Pipeline[ Id: 0f55bd3b-5247-49fd-9757-1e6a71c93087, Nodes: aef2a3e5-17e1-4eb7-8d4d-1592c209a97b{ip: 172.20.0.9, host: hadoop31_datanode_3.hadoop31_default, networkLocation: /default-rack, certSerialId: null}, Type:RATIS, Factor:ONE, State:ALLOCATED, leaderId:aef2a3e5-17e1-4eb7-8d4d-1592c209a97b, CreationTimestamp2020-06-19T00:58:23.085540Z] moved to OPEN state
nm_1        | 2020-06-19 00:58:18 INFO  NMContainerTokenSecretManager:143 - Rolling master-key for container-tokens, got key with id 781091363
rm_1        | 2020-06-19 00:58:07 INFO  AbstractDelegationTokenSecretManager:679 - Starting expired delegation token remover thread, tokenRemoverScanInterval=60 min(s)
scm_1       | 2020-06-19 00:58:26,720 [EventQueue-OpenPipelineForHealthyPipelineSafeModeRule] INFO safemode.SCMSafeModeManager: SCM in safe mode. Healthy pipelines reported count is 0, required healthy pipeline reported count is 1
nm_1        | 2020-06-19 00:58:18 INFO  NMTokenSecretManagerInNM:143 - Rolling master-key for container-tokens, got key with id 1534735436
rm_1        | 2020-06-19 00:58:07 INFO  AbstractDelegationTokenSecretManager:347 - Updating the current master key for generating delegation tokens
scm_1       | 2020-06-19 00:58:26,732 [EventQueue-OpenPipelineForOneReplicaPipelineSafeModeRule] INFO safemode.SCMSafeModeManager: AtleastOneDatanodeReportedRule rule is successfully validated
nm_1        | 2020-06-19 00:58:18 INFO  NodeStatusUpdaterImpl:466 - Registered with ResourceManager as nm:42997 with total resource of <memory:8192, vCores:8>
rm_1        | 2020-06-19 00:58:07 INFO  ContextHandler:781 - Started o.e.j.s.ServletContextHandler@7d286fb6{/logs,file:///opt/hadoop/logs/,AVAILABLE}
scm_1       | 2020-06-19 00:58:27,071 [EventQueue-PipelineReportForPipelineReportHandler] INFO pipeline.PipelineStateManager: Pipeline Pipeline[ Id: 1eea5fbe-eaf0-4a53-b0c1-2b07b718b7c6, Nodes: 0b7a37d5-73bb-4181-b12d-5e04f5612acb{ip: 172.20.0.6, host: hadoop31_datanode_2.hadoop31_default, networkLocation: /default-rack, certSerialId: null}, Type:RATIS, Factor:ONE, State:ALLOCATED, leaderId:0b7a37d5-73bb-4181-b12d-5e04f5612acb, CreationTimestamp2020-06-19T00:58:23.355373Z] moved to OPEN state
nm_1        | 2020-06-19 00:59:17 INFO  Server:1845 - Auth successful for appattempt_1592528294984_0001_000001 (auth:SIMPLE)
rm_1        | 2020-06-19 00:58:07 INFO  ContextHandler:781 - Started o.e.j.s.ServletContextHandler@44c73c26{/static,jar:file:/opt/hadoop/share/hadoop/yarn/hadoop-yarn-common-3.1.2.jar!/webapps/static,AVAILABLE}
nm_1        | 2020-06-19 00:59:17 INFO  ContainerManagerImpl:1070 - Start request for container_1592528294984_0001_01_000001 by user hadoop
scm_1       | 2020-06-19 00:58:27,071 [EventQueue-OpenPipelineForHealthyPipelineSafeModeRule] INFO safemode.SCMSafeModeManager: SCM in safe mode. Healthy pipelines reported count is 0, required healthy pipeline reported count is 1
rm_1        | Jun 19, 2020 12:58:08 AM com.sun.jersey.guice.spi.container.GuiceComponentProviderFactory register
nm_1        | 2020-06-19 00:59:17 INFO  ContainerManagerImpl:1122 - Creating a new application reference for app application_1592528294984_0001
scm_1       | 2020-06-19 00:58:27,072 [EventQueue-OpenPipelineForOneReplicaPipelineSafeModeRule] INFO safemode.SCMSafeModeManager: AtleastOneDatanodeReportedRule rule is successfully validated
scm_1       | 2020-06-19 00:58:27,459 [EventQueue-PipelineReportForPipelineReportHandler] INFO pipeline.PipelineStateManager: Pipeline Pipeline[ Id: 45039792-1f7c-4823-826d-8e55fd53be2b, Nodes: b2597b4f-f2da-4ab6-b672-d29315bfd0df{ip: 172.20.0.8, host: hadoop31_datanode_1.hadoop31_default, networkLocation: /default-rack, certSerialId: null}, Type:RATIS, Factor:ONE, State:ALLOCATED, leaderId:b2597b4f-f2da-4ab6-b672-d29315bfd0df, CreationTimestamp2020-06-19T00:58:23.793870Z] moved to OPEN state
scm_1       | 2020-06-19 00:58:27,461 [EventQueue-OpenPipelineForHealthyPipelineSafeModeRule] INFO safemode.SCMSafeModeManager: SCM in safe mode. Healthy pipelines reported count is 0, required healthy pipeline reported count is 1
scm_1       | 2020-06-19 00:58:27,461 [EventQueue-OpenPipelineForOneReplicaPipelineSafeModeRule] INFO safemode.SCMSafeModeManager: AtleastOneDatanodeReportedRule rule is successfully validated
scm_1       | 2020-06-19 00:58:32,179 [EventQueue-PipelineReportForPipelineReportHandler] INFO pipeline.PipelineStateManager: Pipeline Pipeline[ Id: c8a2a082-3391-48c4-8301-73ff949be349, Nodes: 0b7a37d5-73bb-4181-b12d-5e04f5612acb{ip: 172.20.0.6, host: hadoop31_datanode_2.hadoop31_default, networkLocation: /default-rack, certSerialId: null}b2597b4f-f2da-4ab6-b672-d29315bfd0df{ip: 172.20.0.8, host: hadoop31_datanode_1.hadoop31_default, networkLocation: /default-rack, certSerialId: null}aef2a3e5-17e1-4eb7-8d4d-1592c209a97b{ip: 172.20.0.9, host: hadoop31_datanode_3.hadoop31_default, networkLocation: /default-rack, certSerialId: null}, Type:RATIS, Factor:THREE, State:ALLOCATED, leaderId:aef2a3e5-17e1-4eb7-8d4d-1592c209a97b, CreationTimestamp2020-06-19T00:58:23.806465Z] moved to OPEN state
scm_1       | 2020-06-19 00:58:32,179 [EventQueue-OpenPipelineForHealthyPipelineSafeModeRule] INFO safemode.SCMSafeModeManager: SCM in safe mode. Healthy pipelines reported count is 1, required healthy pipeline reported count is 1
nm_1        | 2020-06-19 00:59:17 INFO  ApplicationImpl:655 - Application application_1592528294984_0001 transitioned from NEW to INITING
nm_1        | 2020-06-19 00:59:17 INFO  NMAuditLogger:94 - USER=hadoop	IP=172.20.0.2	OPERATION=Start Container Request	TARGET=ContainerManageImpl	RESULT=SUCCESS	APPID=application_1592528294984_0001	CONTAINERID=container_1592528294984_0001_01_000001
rm_1        | INFO: Registering org.apache.hadoop.yarn.server.resourcemanager.webapp.JAXBContextResolver as a provider class
nm_1        | 2020-06-19 00:59:17 INFO  ApplicationImpl:463 - Adding container_1592528294984_0001_01_000001 to application application_1592528294984_0001
scm_1       | 2020-06-19 00:58:32,180 [EventQueue-OpenPipelineForOneReplicaPipelineSafeModeRule] INFO safemode.SCMSafeModeManager: AtleastOneDatanodeReportedRule rule is successfully validated
rm_1        | Jun 19, 2020 12:58:08 AM com.sun.jersey.guice.spi.container.GuiceComponentProviderFactory register
nm_1        | 2020-06-19 00:59:17 INFO  ApplicationImpl:655 - Application application_1592528294984_0001 transitioned from INITING to RUNNING
scm_1       | 2020-06-19 00:58:32,181 [EventQueue-OpenPipelineForHealthyPipelineSafeModeRule] INFO safemode.SCMSafeModeManager: HealthyPipelineSafeModeRule rule is successfully validated
rm_1        | INFO: Registering org.apache.hadoop.yarn.server.resourcemanager.webapp.RMWebServices as a root resource class
nm_1        | 2020-06-19 00:59:17 INFO  ContainerImpl:2126 - Container container_1592528294984_0001_01_000001 transitioned from NEW to LOCALIZING
scm_1       | 2020-06-19 00:58:32,181 [EventQueue-OpenPipelineForHealthyPipelineSafeModeRule] INFO safemode.SCMSafeModeManager: ScmSafeModeManager, all rules are successfully validated
rm_1        | Jun 19, 2020 12:58:08 AM com.sun.jersey.guice.spi.container.GuiceComponentProviderFactory register
nm_1        | 2020-06-19 00:59:17 INFO  AuxServices:350 - Got event CONTAINER_INIT for appId application_1592528294984_0001
scm_1       | 2020-06-19 00:58:32,182 [EventQueue-OpenPipelineForHealthyPipelineSafeModeRule] INFO safemode.SCMSafeModeManager: SCM exiting safe mode.
rm_1        | INFO: Registering org.apache.hadoop.yarn.webapp.GenericExceptionHandler as a provider class
nm_1        | 2020-06-19 00:59:17 INFO  ResourceLocalizationService:801 - Created localizer for container_1592528294984_0001_01_000001
scm_1       | 2020-06-19 01:00:20,533 [RatisPipelineUtilsThread] ERROR pipeline.SCMPipelineManager: Failed to create pipeline of type RATIS and factor ONE. Exception: Cannot create pipeline of factor 1 using 0 nodes. Used 3 nodes. Healthy nodes 3
rm_1        | Jun 19, 2020 12:58:08 AM com.sun.jersey.server.impl.application.WebApplicationImpl _initiate
scm_1       | 2020-06-19 01:00:20,534 [RatisPipelineUtilsThread] ERROR pipeline.SCMPipelineManager: Failed to create pipeline of type RATIS and factor THREE. Exception: Pipeline creation failed because nodes are engaged in other pipelines and every node can only be engaged in max 2 pipelines. Required 3. Found 0
rm_1        | INFO: Initiating Jersey application, version 'Jersey: 1.19 02/11/2015 03:25 AM'
nm_1        | 2020-06-19 00:59:18 INFO  ResourceLocalizationService:1331 - Writing credentials to the nmPrivate file /tmp/hadoop-hadoop/nm-local-dir/nmPrivate/container_1592528294984_0001_01_000001.tokens
nm_1        | 2020-06-19 00:59:18 INFO  DefaultContainerExecutor:836 - Initializing user hadoop
nm_1        | 2020-06-19 00:59:18 INFO  DefaultContainerExecutor:166 - Copying from /tmp/hadoop-hadoop/nm-local-dir/nmPrivate/container_1592528294984_0001_01_000001.tokens to /tmp/hadoop-hadoop/nm-local-dir/usercache/hadoop/appcache/application_1592528294984_0001/container_1592528294984_0001_01_000001.tokens
nm_1        | 2020-06-19 00:59:18 INFO  DefaultContainerExecutor:174 - Localizer CWD set to /tmp/hadoop-hadoop/nm-local-dir/usercache/hadoop/appcache/application_1592528294984_0001 = file:/tmp/hadoop-hadoop/nm-local-dir/usercache/hadoop/appcache/application_1592528294984_0001
nm_1        | 2020-06-19 00:59:18 INFO  ContainerLocalizer:139 - Disk Validator: yarn.nodemanager.disk-validator is loaded.
nm_1        | 2020-06-19 00:59:18 INFO  Configuration:3318 - Removed undeclared tags:
nm_1        | 2020-06-19 00:59:18 INFO  Configuration:3318 - Removed undeclared tags:
nm_1        | 2020-06-19 00:59:18 INFO  Configuration:3318 - Removed undeclared tags:
nm_1        | 2020-06-19 00:59:18 WARN  MetricsSystemImpl:151 - NodeManager metrics system already initialized!
nm_1        | 2020-06-19 00:59:19 INFO  Configuration:3318 - Removed undeclared tags:
nm_1        | 2020-06-19 00:59:19 INFO  Configuration:3318 - Removed undeclared tags:
nm_1        | 2020-06-19 00:59:19 INFO  Configuration:3318 - Removed undeclared tags:
nm_1        | 2020-06-19 00:59:20 INFO  ContainerImpl:2126 - Container container_1592528294984_0001_01_000001 transitioned from LOCALIZING to SCHEDULED
nm_1        | 2020-06-19 00:59:20 INFO  ContainerScheduler:511 - Starting container [container_1592528294984_0001_01_000001]
nm_1        | 2020-06-19 00:59:20 INFO  Configuration:3318 - Removed undeclared tags:
nm_1        | 2020-06-19 00:59:20 INFO  ContainerImpl:2126 - Container container_1592528294984_0001_01_000001 transitioned from SCHEDULED to RUNNING
nm_1        | 2020-06-19 00:59:20 INFO  ContainersMonitorImpl:943 - Starting resource-monitoring for container_1592528294984_0001_01_000001
nm_1        | 2020-06-19 00:59:20 INFO  DefaultContainerExecutor:370 - launchContainer: [bash, /tmp/hadoop-hadoop/nm-local-dir/usercache/hadoop/appcache/application_1592528294984_0001/container_1592528294984_0001_01_000001/default_container_executor.sh]
nm_1        | 2020-06-19 00:59:20 INFO  ContainersMonitorImpl:567 - container_1592528294984_0001_01_000001's ip = 172.20.0.3, and hostname = nm
nm_1        | 2020-06-19 00:59:21 INFO  Configuration:3318 - Removed undeclared tags:
nm_1        | 2020-06-19 00:59:23 INFO  ContainersMonitorImpl:468 - Skipping monitoring container container_1592528294984_0001_01_000001 since CPU usage is not yet available.
nm_1        | 2020-06-19 00:59:29 INFO  Server:1845 - Auth successful for appattempt_1592528294984_0001_000001 (auth:SIMPLE)
nm_1        | 2020-06-19 00:59:29 INFO  ContainerManagerImpl:1070 - Start request for container_1592528294984_0001_01_000002 by user hadoop
nm_1        | 2020-06-19 00:59:29 INFO  ApplicationImpl:463 - Adding container_1592528294984_0001_01_000002 to application application_1592528294984_0001
nm_1        | 2020-06-19 00:59:29 INFO  NMAuditLogger:94 - USER=hadoop	IP=172.20.0.3	OPERATION=Start Container Request	TARGET=ContainerManageImpl	RESULT=SUCCESS	APPID=application_1592528294984_0001	CONTAINERID=container_1592528294984_0001_01_000002
nm_1        | 2020-06-19 00:59:29 INFO  ContainerImpl:2126 - Container container_1592528294984_0001_01_000002 transitioned from NEW to LOCALIZING
nm_1        | 2020-06-19 00:59:29 INFO  AuxServices:350 - Got event CONTAINER_INIT for appId application_1592528294984_0001
nm_1        | 2020-06-19 00:59:29 INFO  AuxServices:350 - Got event APPLICATION_INIT for appId application_1592528294984_0001
nm_1        | 2020-06-19 00:59:29 INFO  AuxServices:354 - Got APPLICATION_INIT for service mapreduce_shuffle
nm_1        | 2020-06-19 00:59:29 INFO  ShuffleHandler:719 - Added token for job_1592528294984_0001
nm_1        | 2020-06-19 00:59:29 INFO  ContainerImpl:2126 - Container container_1592528294984_0001_01_000002 transitioned from LOCALIZING to SCHEDULED
nm_1        | 2020-06-19 00:59:29 INFO  ContainerScheduler:511 - Starting container [container_1592528294984_0001_01_000002]
rm_1        | Jun 19, 2020 12:58:08 AM com.sun.jersey.guice.spi.container.GuiceComponentProviderFactory getComponentProvider
nm_1        | 2020-06-19 00:59:29 INFO  Configuration:3318 - Removed undeclared tags:
rm_1        | INFO: Binding org.apache.hadoop.yarn.server.resourcemanager.webapp.JAXBContextResolver to GuiceManagedComponentProvider with the scope "Singleton"
nm_1        | 2020-06-19 00:59:29 INFO  ContainerImpl:2126 - Container container_1592528294984_0001_01_000002 transitioned from SCHEDULED to RUNNING
rm_1        | Jun 19, 2020 12:58:11 AM com.sun.jersey.guice.spi.container.GuiceComponentProviderFactory getComponentProvider
nm_1        | 2020-06-19 00:59:29 INFO  ContainersMonitorImpl:943 - Starting resource-monitoring for container_1592528294984_0001_01_000002
rm_1        | INFO: Binding org.apache.hadoop.yarn.webapp.GenericExceptionHandler to GuiceManagedComponentProvider with the scope "Singleton"
nm_1        | 2020-06-19 00:59:29 INFO  DefaultContainerExecutor:370 - launchContainer: [bash, /tmp/hadoop-hadoop/nm-local-dir/usercache/hadoop/appcache/application_1592528294984_0001/container_1592528294984_0001_01_000002/default_container_executor.sh]
rm_1        | Jun 19, 2020 12:58:13 AM com.sun.jersey.guice.spi.container.GuiceComponentProviderFactory getComponentProvider
nm_1        | 2020-06-19 00:59:29 INFO  ContainersMonitorImpl:567 - container_1592528294984_0001_01_000002's ip = 172.20.0.3, and hostname = nm
rm_1        | INFO: Binding org.apache.hadoop.yarn.server.resourcemanager.webapp.RMWebServices to GuiceManagedComponentProvider with the scope "Singleton"
nm_1        | 2020-06-19 00:59:32 INFO  ContainerLaunch:589 - Container container_1592528294984_0001_01_000002 succeeded 
rm_1        | 2020-06-19 00:58:13 INFO  ContextHandler:781 - Started o.e.j.w.WebAppContext@134c370e{/,file:///tmp/jetty-rm-8088-cluster-_-any-2396428186116444025.dir/webapp/,AVAILABLE}{/cluster}
nm_1        | 2020-06-19 00:59:32 INFO  ContainerImpl:2126 - Container container_1592528294984_0001_01_000002 transitioned from RUNNING to EXITED_WITH_SUCCESS
rm_1        | 2020-06-19 00:58:14 INFO  AbstractConnector:278 - Started ServerConnector@3f1ddac2{HTTP/1.1,[http/1.1]}{rm:8088}
nm_1        | 2020-06-19 00:59:32 INFO  ContainerLaunch:745 - Cleaning up container container_1592528294984_0001_01_000002
rm_1        | 2020-06-19 00:58:14 INFO  Server:419 - Started @18738ms
nm_1        | 2020-06-19 00:59:32 INFO  Configuration:3318 - Removed undeclared tags:
rm_1        | 2020-06-19 00:58:14 INFO  WebApps:440 - Web app cluster started at 8088
nm_1        | 2020-06-19 00:59:32 INFO  DefaultContainerExecutor:634 - Deleting absolute path : /tmp/hadoop-hadoop/nm-local-dir/usercache/hadoop/appcache/application_1592528294984_0001/container_1592528294984_0001_01_000002/launch_container.sh
rm_1        | 2020-06-19 00:58:14 INFO  CallQueueManager:84 - Using callQueue: class java.util.concurrent.LinkedBlockingQueue queueCapacity: 100 scheduler: class org.apache.hadoop.ipc.DefaultRpcScheduler
nm_1        | 2020-06-19 00:59:32 INFO  DefaultContainerExecutor:634 - Deleting absolute path : /tmp/hadoop-hadoop/nm-local-dir/usercache/hadoop/appcache/application_1592528294984_0001/container_1592528294984_0001_01_000002/container_tokens
rm_1        | 2020-06-19 00:58:14 INFO  Server:1070 - Starting Socket Reader #1 for port 8033
nm_1        | 2020-06-19 00:59:32 INFO  NMAuditLogger:94 - USER=hadoop	OPERATION=Container Finished - Succeeded	TARGET=ContainerImpl	RESULT=SUCCESS	APPID=application_1592528294984_0001	CONTAINERID=container_1592528294984_0001_01_000002
rm_1        | 2020-06-19 00:58:14 INFO  RpcServerFactoryPBImpl:173 - Adding protocol org.apache.hadoop.yarn.server.api.ResourceManagerAdministrationProtocolPB to the server
nm_1        | 2020-06-19 00:59:32 INFO  ContainerImpl:2126 - Container container_1592528294984_0001_01_000002 transitioned from EXITED_WITH_SUCCESS to DONE
rm_1        | 2020-06-19 00:58:14 INFO  ResourceManager:1263 - Transitioning to active state
nm_1        | 2020-06-19 00:59:32 INFO  ApplicationImpl:512 - Removing container_1592528294984_0001_01_000002 from application application_1592528294984_0001
rm_1        | 2020-06-19 00:58:14 INFO  Server:1149 - IPC Server listener on 8033: starting
nm_1        | 2020-06-19 00:59:32 INFO  ContainersMonitorImpl:934 - Stopping resource-monitoring for container_1592528294984_0001_01_000002
rm_1        | 2020-06-19 00:58:14 INFO  Server:1310 - IPC Server Responder: starting
nm_1        | 2020-06-19 00:59:32 INFO  AuxServices:350 - Got event CONTAINER_STOP for appId application_1592528294984_0001
rm_1        | 2020-06-19 00:58:15 INFO  RMStateStore:549 - Updating AMRMToken
nm_1        | 2020-06-19 00:59:34 INFO  Server:1845 - Auth successful for appattempt_1592528294984_0001_000001 (auth:SIMPLE)
rm_1        | 2020-06-19 00:58:15 INFO  RMContainerTokenSecretManager:109 - Rolling master-key for container-tokens
nm_1        | 2020-06-19 00:59:34 INFO  ContainerManagerImpl:1070 - Start request for container_1592528294984_0001_01_000003 by user hadoop
rm_1        | 2020-06-19 00:58:15 INFO  NMTokenSecretManagerInRM:95 - Rolling master-key for nm-tokens
nm_1        | 2020-06-19 00:59:34 INFO  NMAuditLogger:94 - USER=hadoop	IP=172.20.0.3	OPERATION=Start Container Request	TARGET=ContainerManageImpl	RESULT=SUCCESS	APPID=application_1592528294984_0001	CONTAINERID=container_1592528294984_0001_01_000003
nm_1        | 2020-06-19 00:59:34 INFO  ApplicationImpl:463 - Adding container_1592528294984_0001_01_000003 to application application_1592528294984_0001
nm_1        | 2020-06-19 00:59:34 INFO  ContainerImpl:2126 - Container container_1592528294984_0001_01_000003 transitioned from NEW to LOCALIZING
rm_1        | 2020-06-19 00:58:15 INFO  AbstractDelegationTokenSecretManager:347 - Updating the current master key for generating delegation tokens
nm_1        | 2020-06-19 00:59:34 INFO  AuxServices:350 - Got event CONTAINER_INIT for appId application_1592528294984_0001
rm_1        | 2020-06-19 00:58:15 INFO  RMDelegationTokenSecretManager:92 - storing master key with keyID 1
nm_1        | 2020-06-19 00:59:34 INFO  AuxServices:350 - Got event APPLICATION_INIT for appId application_1592528294984_0001
rm_1        | 2020-06-19 00:58:15 INFO  RMStateStore:500 - Storing RMDTMasterKey.
nm_1        | 2020-06-19 00:59:34 INFO  AuxServices:354 - Got APPLICATION_INIT for service mapreduce_shuffle
rm_1        | 2020-06-19 00:58:15 INFO  AbstractDelegationTokenSecretManager:679 - Starting expired delegation token remover thread, tokenRemoverScanInterval=60 min(s)
nm_1        | 2020-06-19 00:59:34 INFO  ShuffleHandler:719 - Added token for job_1592528294984_0001
rm_1        | 2020-06-19 00:58:15 INFO  AbstractDelegationTokenSecretManager:347 - Updating the current master key for generating delegation tokens
nm_1        | 2020-06-19 00:59:34 INFO  ContainerImpl:2126 - Container container_1592528294984_0001_01_000003 transitioned from LOCALIZING to SCHEDULED
rm_1        | 2020-06-19 00:58:15 INFO  AsyncDispatcher:223 - Registering class org.apache.hadoop.yarn.nodelabels.event.NodeLabelsStoreEventType for class org.apache.hadoop.yarn.nodelabels.CommonNodeLabelsManager$ForwardingEventHandler
nm_1        | 2020-06-19 00:59:34 INFO  ContainerScheduler:511 - Starting container [container_1592528294984_0001_01_000003]
rm_1        | 2020-06-19 00:58:15 INFO  RMDelegationTokenSecretManager:92 - storing master key with keyID 2
nm_1        | 2020-06-19 00:59:34 INFO  Configuration:3318 - Removed undeclared tags:
rm_1        | 2020-06-19 00:58:15 INFO  RMStateStore:500 - Storing RMDTMasterKey.
nm_1        | 2020-06-19 00:59:34 INFO  ContainerImpl:2126 - Container container_1592528294984_0001_01_000003 transitioned from SCHEDULED to RUNNING
rm_1        | 2020-06-19 00:58:15 INFO  CallQueueManager:84 - Using callQueue: class java.util.concurrent.LinkedBlockingQueue queueCapacity: 5000 scheduler: class org.apache.hadoop.ipc.DefaultRpcScheduler
nm_1        | 2020-06-19 00:59:34 INFO  ContainersMonitorImpl:943 - Starting resource-monitoring for container_1592528294984_0001_01_000003
rm_1        | 2020-06-19 00:58:15 INFO  Server:1070 - Starting Socket Reader #1 for port 8031
nm_1        | 2020-06-19 00:59:34 INFO  DefaultContainerExecutor:370 - launchContainer: [bash, /tmp/hadoop-hadoop/nm-local-dir/usercache/hadoop/appcache/application_1592528294984_0001/container_1592528294984_0001_01_000003/default_container_executor.sh]
rm_1        | 2020-06-19 00:58:15 INFO  RpcServerFactoryPBImpl:173 - Adding protocol org.apache.hadoop.yarn.server.api.ResourceTrackerPB to the server
nm_1        | 2020-06-19 00:59:34 INFO  NodeStatusUpdaterImpl:696 - Removed completed containers from NM context: [container_1592528294984_0001_01_000002]
rm_1        | 2020-06-19 00:58:15 INFO  Server:1310 - IPC Server Responder: starting
nm_1        | 2020-06-19 00:59:35 INFO  ContainersMonitorImpl:567 - container_1592528294984_0001_01_000003's ip = 172.20.0.3, and hostname = nm
rm_1        | 2020-06-19 00:58:15 INFO  Server:1149 - IPC Server listener on 8031: starting
nm_1        | 2020-06-19 00:59:38 INFO  ContainerLaunch:589 - Container container_1592528294984_0001_01_000003 succeeded 
rm_1        | 2020-06-19 00:58:15 INFO  CallQueueManager:84 - Using callQueue: class java.util.concurrent.LinkedBlockingQueue queueCapacity: 5000 scheduler: class org.apache.hadoop.ipc.DefaultRpcScheduler
nm_1        | 2020-06-19 00:59:38 INFO  ContainerImpl:2126 - Container container_1592528294984_0001_01_000003 transitioned from RUNNING to EXITED_WITH_SUCCESS
rm_1        | 2020-06-19 00:58:15 INFO  JvmPauseMonitor:188 - Starting JVM pause monitor
nm_1        | 2020-06-19 00:59:38 INFO  ContainerLaunch:745 - Cleaning up container container_1592528294984_0001_01_000003
rm_1        | 2020-06-19 00:58:15 INFO  Server:1070 - Starting Socket Reader #1 for port 8030
nm_1        | 2020-06-19 00:59:38 INFO  Configuration:3318 - Removed undeclared tags:
rm_1        | 2020-06-19 00:58:15 INFO  RpcServerFactoryPBImpl:173 - Adding protocol org.apache.hadoop.yarn.api.ApplicationMasterProtocolPB to the server
nm_1        | 2020-06-19 00:59:38 INFO  DefaultContainerExecutor:634 - Deleting absolute path : /tmp/hadoop-hadoop/nm-local-dir/usercache/hadoop/appcache/application_1592528294984_0001/container_1592528294984_0001_01_000003/launch_container.sh
rm_1        | 2020-06-19 00:58:15 INFO  Server:1310 - IPC Server Responder: starting
nm_1        | 2020-06-19 00:59:38 INFO  DefaultContainerExecutor:634 - Deleting absolute path : /tmp/hadoop-hadoop/nm-local-dir/usercache/hadoop/appcache/application_1592528294984_0001/container_1592528294984_0001_01_000003/container_tokens
rm_1        | 2020-06-19 00:58:15 INFO  Server:1149 - IPC Server listener on 8030: starting
nm_1        | 2020-06-19 00:59:38 INFO  NMAuditLogger:94 - USER=hadoop	OPERATION=Container Finished - Succeeded	TARGET=ContainerImpl	RESULT=SUCCESS	APPID=application_1592528294984_0001	CONTAINERID=container_1592528294984_0001_01_000003
rm_1        | 2020-06-19 00:58:16 INFO  CallQueueManager:84 - Using callQueue: class java.util.concurrent.LinkedBlockingQueue queueCapacity: 5000 scheduler: class org.apache.hadoop.ipc.DefaultRpcScheduler
nm_1        | 2020-06-19 00:59:38 INFO  ContainerImpl:2126 - Container container_1592528294984_0001_01_000003 transitioned from EXITED_WITH_SUCCESS to DONE
rm_1        | 2020-06-19 00:58:16 INFO  RpcServerFactoryPBImpl:173 - Adding protocol org.apache.hadoop.yarn.api.ApplicationClientProtocolPB to the server
nm_1        | 2020-06-19 00:59:38 INFO  ApplicationImpl:512 - Removing container_1592528294984_0001_01_000003 from application application_1592528294984_0001
rm_1        | 2020-06-19 00:58:16 INFO  Server:1070 - Starting Socket Reader #1 for port 8032
rm_1        | 2020-06-19 00:58:16 INFO  Server:1310 - IPC Server Responder: starting
nm_1        | 2020-06-19 00:59:38 INFO  ContainersMonitorImpl:934 - Stopping resource-monitoring for container_1592528294984_0001_01_000003
rm_1        | 2020-06-19 00:58:16 INFO  Server:1149 - IPC Server listener on 8032: starting
nm_1        | 2020-06-19 00:59:38 INFO  AuxServices:350 - Got event CONTAINER_STOP for appId application_1592528294984_0001
rm_1        | 2020-06-19 00:58:16 INFO  ResourceManager:1279 - Transitioned to active state
nm_1        | 2020-06-19 00:59:39 INFO  Server:1845 - Auth successful for appattempt_1592528294984_0001_000001 (auth:SIMPLE)
rm_1        | 2020-06-19 00:58:18 INFO  ResourceTrackerService:495 - NodeManager from node nm(cmPort: 42997 httpPort: 8042) registered with capability: <memory:8192, vCores:8>, assigned nodeId nm:42997
nm_1        | 2020-06-19 00:59:39 INFO  ContainerManagerImpl:1070 - Start request for container_1592528294984_0001_01_000004 by user hadoop
rm_1        | 2020-06-19 00:58:18 INFO  RMNodeImpl:671 - nm:42997 Node Transitioned from NEW to RUNNING
nm_1        | 2020-06-19 00:59:39 INFO  ApplicationImpl:463 - Adding container_1592528294984_0001_01_000004 to application application_1592528294984_0001
rm_1        | 2020-06-19 00:58:18 INFO  CapacityScheduler:1866 - Added node nm:42997 clusterResource: <memory:8192, vCores:8>
nm_1        | 2020-06-19 00:59:39 INFO  NMAuditLogger:94 - USER=hadoop	IP=172.20.0.3	OPERATION=Start Container Request	TARGET=ContainerManageImpl	RESULT=SUCCESS	APPID=application_1592528294984_0001	CONTAINERID=container_1592528294984_0001_01_000004
rm_1        | 2020-06-19 00:59:15 INFO  ClientRMService:341 - Allocated new applicationId: 1
nm_1        | 2020-06-19 00:59:39 INFO  ContainerImpl:2126 - Container container_1592528294984_0001_01_000004 transitioned from NEW to LOCALIZING
rm_1        | 2020-06-19 00:59:16 INFO  CapacityScheduler:2500 - Application 'application_1592528294984_0001' is submitted without priority hence considering default queue/cluster priority: 0
nm_1        | 2020-06-19 00:59:39 INFO  AuxServices:350 - Got event CONTAINER_INIT for appId application_1592528294984_0001
rm_1        | 2020-06-19 00:59:16 INFO  CapacityScheduler:2521 - Priority '0' is acceptable in queue : default for application: application_1592528294984_0001
nm_1        | 2020-06-19 00:59:39 INFO  AuxServices:350 - Got event APPLICATION_INIT for appId application_1592528294984_0001
rm_1        | 2020-06-19 00:59:16 INFO  RMAppImpl:1259 - Storing application with id application_1592528294984_0001
nm_1        | 2020-06-19 00:59:39 INFO  AuxServices:354 - Got APPLICATION_INIT for service mapreduce_shuffle
rm_1        | 2020-06-19 00:59:16 INFO  ClientRMService:650 - Application with id 1 submitted by user hadoop
nm_1        | 2020-06-19 00:59:39 INFO  ShuffleHandler:719 - Added token for job_1592528294984_0001
rm_1        | 2020-06-19 00:59:16 INFO  RMStateStore:222 - Storing info for app: application_1592528294984_0001
nm_1        | 2020-06-19 00:59:39 INFO  ContainerImpl:2126 - Container container_1592528294984_0001_01_000004 transitioned from LOCALIZING to SCHEDULED
rm_1        | 2020-06-19 00:59:16 INFO  RMAppImpl:912 - application_1592528294984_0001 State change from NEW to NEW_SAVING on event = START
nm_1        | 2020-06-19 00:59:39 INFO  ContainerScheduler:511 - Starting container [container_1592528294984_0001_01_000004]
rm_1        | 2020-06-19 00:59:16 INFO  RMAuditLogger:310 - USER=hadoop	IP=172.20.0.2	OPERATION=Submit Application Request	TARGET=ClientRMService	RESULT=SUCCESS	APPID=application_1592528294984_0001	CALLERCONTEXT=CLI	QUEUENAME=default
nm_1        | 2020-06-19 00:59:39 INFO  Configuration:3318 - Removed undeclared tags:
rm_1        | 2020-06-19 00:59:16 INFO  RMAppImpl:912 - application_1592528294984_0001 State change from NEW_SAVING to SUBMITTED on event = APP_NEW_SAVED
nm_1        | 2020-06-19 00:59:39 INFO  ContainerImpl:2126 - Container container_1592528294984_0001_01_000004 transitioned from SCHEDULED to RUNNING
rm_1        | 2020-06-19 00:59:16 INFO  ParentQueue:494 - Application added - appId: application_1592528294984_0001 user: hadoop leaf-queue of parent: root #applications: 1
nm_1        | 2020-06-19 00:59:39 INFO  ContainersMonitorImpl:943 - Starting resource-monitoring for container_1592528294984_0001_01_000004
rm_1        | 2020-06-19 00:59:16 INFO  CapacityScheduler:954 - Accepted application application_1592528294984_0001 from user: hadoop, in queue: default
nm_1        | 2020-06-19 00:59:39 INFO  DefaultContainerExecutor:370 - launchContainer: [bash, /tmp/hadoop-hadoop/nm-local-dir/usercache/hadoop/appcache/application_1592528294984_0001/container_1592528294984_0001_01_000004/default_container_executor.sh]
rm_1        | 2020-06-19 00:59:16 INFO  RMAppImpl:912 - application_1592528294984_0001 State change from SUBMITTED to ACCEPTED on event = APP_ACCEPTED
nm_1        | 2020-06-19 00:59:40 INFO  NodeStatusUpdaterImpl:696 - Removed completed containers from NM context: [container_1592528294984_0001_01_000003]
rm_1        | 2020-06-19 00:59:16 INFO  ApplicationMasterService:479 - Registering app attempt : appattempt_1592528294984_0001_000001
rm_1        | 2020-06-19 00:59:16 INFO  RMAppAttemptImpl:927 - appattempt_1592528294984_0001_000001 State change from NEW to SUBMITTED on event = START
rm_1        | 2020-06-19 00:59:16 WARN  LeafQueue:846 - maximum-am-resource-percent is insufficient to start a single application in queue, it is likely set too low. skipping enforcement to allow at least one application to start
rm_1        | 2020-06-19 00:59:16 WARN  LeafQueue:882 - maximum-am-resource-percent is insufficient to start a single application in queue for user, it is likely set too low. skipping enforcement to allow at least one application to start
rm_1        | 2020-06-19 00:59:16 INFO  LeafQueue:911 - Application application_1592528294984_0001 from user: hadoop activated in queue: default
rm_1        | 2020-06-19 00:59:16 INFO  LeafQueue:941 - Application added - appId: application_1592528294984_0001 user: hadoop, leaf-queue: default #user-pending-applications: 0 #user-active-applications: 1 #queue-pending-applications: 0 #queue-active-applications: 1
rm_1        | 2020-06-19 00:59:16 INFO  CapacityScheduler:1000 - Added Application Attempt appattempt_1592528294984_0001_000001 to scheduler from user hadoop in queue default
rm_1        | 2020-06-19 00:59:16 INFO  RMAppAttemptImpl:927 - appattempt_1592528294984_0001_000001 State change from SUBMITTED to SCHEDULED on event = ATTEMPT_ADDED
rm_1        | 2020-06-19 00:59:17 INFO  AbstractContainerAllocator:129 - assignedContainer application attempt=appattempt_1592528294984_0001_000001 container=null queue=default clusterResource=<memory:8192, vCores:8> type=OFF_SWITCH requestedPartition=
rm_1        | 2020-06-19 00:59:17 INFO  RMContainerImpl:480 - container_1592528294984_0001_01_000001 Container Transitioned from NEW to ALLOCATED
rm_1        | 2020-06-19 00:59:17 INFO  FiCaSchedulerNode:169 - Assigned container container_1592528294984_0001_01_000001 of capacity <memory:2048, vCores:1> on host nm:42997, which has 1 containers, <memory:2048, vCores:1> used and <memory:6144, vCores:7> available after allocation
rm_1        | 2020-06-19 00:59:17 INFO  RMAuditLogger:231 - USER=hadoop	OPERATION=AM Allocated Container	TARGET=SchedulerApp	RESULT=SUCCESS	APPID=application_1592528294984_0001	CONTAINERID=container_1592528294984_0001_01_000001	RESOURCE=<memory:2048, vCores:1>	QUEUENAME=default
