dn2_1    | 2022-01-22 01:31:51,694 [ee78b951-9d40-4361-8a06-ec3eaca952b6@group-CF1F14EB2C83-LeaderElection4] INFO impl.LeaderElection: ee78b951-9d40-4361-8a06-ec3eaca952b6@group-CF1F14EB2C83-LeaderElection4 ELECTION round 0: submit vote requests at term 17 for 5: [ee78b951-9d40-4361-8a06-ec3eaca952b6|rpc:10.9.0.16:9856|admin:10.9.0.16:9857|client:10.9.0.16:9858|dataStream:|priority:0, 33769fef-2ac7-4ea1-99fe-65504abfc1b7|rpc:10.9.0.17:9856|admin:10.9.0.17:9857|client:10.9.0.17:9858|dataStream:|priority:0, 83c6ce7a-c136-4390-91a6-474803509736|rpc:10.9.0.15:9856|admin:10.9.0.15:9857|client:10.9.0.15:9858|dataStream:|priority:1], old=null
dn2_1    | 2022-01-22 01:31:51,724 [ee78b951-9d40-4361-8a06-ec3eaca952b6@group-CF1F14EB2C83-LeaderElection4] INFO impl.LeaderElection: ee78b951-9d40-4361-8a06-ec3eaca952b6@group-CF1F14EB2C83-LeaderElection4: ELECTION REJECTED received 2 response(s) and 0 exception(s):
dn2_1    | 2022-01-22 01:31:51,724 [ee78b951-9d40-4361-8a06-ec3eaca952b6@group-CF1F14EB2C83-LeaderElection4] INFO impl.LeaderElection:   Response 0: ee78b951-9d40-4361-8a06-ec3eaca952b6<-33769fef-2ac7-4ea1-99fe-65504abfc1b7#0:OK-t17
dn2_1    | 2022-01-22 01:31:51,724 [ee78b951-9d40-4361-8a06-ec3eaca952b6@group-CF1F14EB2C83-LeaderElection4] INFO impl.LeaderElection:   Response 1: ee78b951-9d40-4361-8a06-ec3eaca952b6<-83c6ce7a-c136-4390-91a6-474803509736#0:FAIL-t17
dn2_1    | 2022-01-22 01:31:51,724 [ee78b951-9d40-4361-8a06-ec3eaca952b6@group-CF1F14EB2C83-LeaderElection4] INFO impl.LeaderElection: ee78b951-9d40-4361-8a06-ec3eaca952b6@group-CF1F14EB2C83-LeaderElection4 ELECTION round 0: result REJECTED
dn2_1    | 2022-01-22 01:31:51,724 [ee78b951-9d40-4361-8a06-ec3eaca952b6@group-CF1F14EB2C83-LeaderElection4] INFO server.RaftServer$Division: ee78b951-9d40-4361-8a06-ec3eaca952b6@group-CF1F14EB2C83: changes role from CANDIDATE to FOLLOWER at term 17 for REJECTED
dn2_1    | 2022-01-22 01:31:51,725 [ee78b951-9d40-4361-8a06-ec3eaca952b6@group-CF1F14EB2C83-LeaderElection4] INFO impl.RoleInfo: ee78b951-9d40-4361-8a06-ec3eaca952b6: shutdown ee78b951-9d40-4361-8a06-ec3eaca952b6@group-CF1F14EB2C83-LeaderElection4
dn2_1    | 2022-01-22 01:31:51,725 [ee78b951-9d40-4361-8a06-ec3eaca952b6@group-CF1F14EB2C83-LeaderElection4] INFO impl.RoleInfo: ee78b951-9d40-4361-8a06-ec3eaca952b6: start ee78b951-9d40-4361-8a06-ec3eaca952b6@group-CF1F14EB2C83-FollowerState
dn2_1    | 2022-01-22 01:31:52,011 [grpc-default-executor-2] INFO server.RaftServer$Division: ee78b951-9d40-4361-8a06-ec3eaca952b6@group-004FF3295D01: receive requestVote(ELECTION, 83c6ce7a-c136-4390-91a6-474803509736, group-004FF3295D01, 10, (t:8, i:11))
om3_1    | 2022-01-22 01:31:42,641 [main] INFO metrics.MetricRegistries: Loaded MetricRegistries class org.apache.ratis.metrics.impl.MetricRegistriesImpl
dn3_1    | 	at org.apache.ratis.util.TimeDuration.sleep(TimeDuration.java:324)
scm_1    | 2022-01-22 01:31:27,673 [main] INFO net.NodeSchemaLoader: Loading network topology layer schema file
dn2_1    | 2022-01-22 01:31:52,012 [grpc-default-executor-2] INFO impl.VoteContext: ee78b951-9d40-4361-8a06-ec3eaca952b6@group-004FF3295D01-FOLLOWER: accept ELECTION from 83c6ce7a-c136-4390-91a6-474803509736: our priority 0 <= candidate's priority 0
dn1_1    | 2022-01-22 01:33:16,235 [pool-30-thread-1] INFO server.RaftServer$Division: 83c6ce7a-c136-4390-91a6-474803509736: new RaftServerImpl for group-BCEAF2A67F2E:[33769fef-2ac7-4ea1-99fe-65504abfc1b7|rpc:10.9.0.17:9856|admin:10.9.0.17:9857|client:10.9.0.17:9858|dataStream:|priority:1, ee78b951-9d40-4361-8a06-ec3eaca952b6|rpc:10.9.0.16:9856|admin:10.9.0.16:9857|client:10.9.0.16:9858|dataStream:|priority:0, 83c6ce7a-c136-4390-91a6-474803509736|rpc:10.9.0.15:9856|admin:10.9.0.15:9857|client:10.9.0.15:9858|dataStream:|priority:0] with ContainerStateMachine:uninitialized
recon_1  | 2022-01-22 01:34:41,951 [pool-16-thread-1] INFO impl.OzoneManagerServiceProviderImpl: Obtaining delta updates from Ozone Manager
om3_1    | 2022-01-22 01:31:42,705 [main] WARN server.ServerUtils: Storage directory for Ratis is not configured. It is a good idea to map this to an SSD disk. Falling back to ozone.metadata.dirs
dn3_1    | 	at org.apache.ratis.util.TimeDuration.sleep(TimeDuration.java:309)
scm_1    | 2022-01-22 01:31:28,826 [main] INFO metrics.MetricRegistries: Loaded MetricRegistries class org.apache.ratis.metrics.impl.MetricRegistriesImpl
dn2_1    | 2022-01-22 01:31:52,012 [grpc-default-executor-2] INFO server.RaftServer$Division: ee78b951-9d40-4361-8a06-ec3eaca952b6@group-004FF3295D01: changes role from  FOLLOWER to FOLLOWER at term 10 for candidate:83c6ce7a-c136-4390-91a6-474803509736
dn1_1    | 2022-01-22 01:33:16,235 [pool-30-thread-1] INFO server.RaftServerConfigKeys: raft.server.rpc.timeout.min = 5s (custom)
recon_1  | 2022-01-22 01:34:41,958 [pool-16-thread-1] INFO impl.OzoneManagerServiceProviderImpl: Number of updates received from OM : 1
om3_1    | 2022-01-22 01:31:42,834 [main] INFO ratis.OzoneManagerRatisServer: Instantiating OM Ratis server with groupID: omservice and peers: om3:9872, om1:9872, om2:9872
dn3_1    | 	at org.apache.ratis.server.impl.FollowerState.run(FollowerState.java:118)
scm_1    | 2022-01-22 01:31:29,070 [main] INFO ha.SequenceIdGenerator: Init the HA SequenceIdGenerator.
dn2_1    | 2022-01-22 01:31:52,012 [grpc-default-executor-2] INFO impl.RoleInfo: ee78b951-9d40-4361-8a06-ec3eaca952b6: shutdown ee78b951-9d40-4361-8a06-ec3eaca952b6@group-004FF3295D01-FollowerState
dn1_1    | 2022-01-22 01:33:16,235 [pool-30-thread-1] INFO server.RaftServerConfigKeys: raft.server.rpc.timeout.max = 5200ms (custom)
recon_1  | 2022-01-22 01:34:41,986 [pool-33-thread-1] INFO tasks.NSSummaryTask: Completed a process run of NSSummaryTask
om3_1    | 2022-01-22 01:31:42,874 [main] INFO ratis.OzoneManagerStateMachine: LastAppliedIndex is set from TransactionInfo from OM DB as (t:6, i:27)
dn3_1    | 2022-01-22 01:31:56,881 [grpc-default-executor-2] INFO impl.RoleInfo: 33769fef-2ac7-4ea1-99fe-65504abfc1b7: start 33769fef-2ac7-4ea1-99fe-65504abfc1b7@group-CF1F14EB2C83-FollowerState
scm_1    | 2022-01-22 01:31:29,485 [main] INFO node.SCMNodeManager: Entering startup safe mode.
dn2_1    | 2022-01-22 01:31:52,012 [grpc-default-executor-2] INFO impl.RoleInfo: ee78b951-9d40-4361-8a06-ec3eaca952b6: start ee78b951-9d40-4361-8a06-ec3eaca952b6@group-004FF3295D01-FollowerState
dn1_1    | 2022-01-22 01:33:16,235 [pool-30-thread-1] INFO server.RaftServerConfigKeys: raft.server.rpc.sleep.time = 25ms (default)
recon_1  | 2022-01-22 01:34:42,347 [pool-33-thread-1] INFO tasks.TableCountTask: Completed a 'process' run of TableCountTask.
om3_1    | 2022-01-22 01:31:43,054 [main] INFO server.RaftServer: raft.rpc.type = GRPC (default)
dn3_1    | 2022-01-22 01:31:56,897 [grpc-default-executor-2] INFO server.RaftServer$Division: 33769fef-2ac7-4ea1-99fe-65504abfc1b7@group-CF1F14EB2C83 replies to ELECTION vote request: ee78b951-9d40-4361-8a06-ec3eaca952b6<-33769fef-2ac7-4ea1-99fe-65504abfc1b7#0:OK-t18. Peer's state: 33769fef-2ac7-4ea1-99fe-65504abfc1b7@group-CF1F14EB2C83:t18, leader=null, voted=ee78b951-9d40-4361-8a06-ec3eaca952b6, raftlog=33769fef-2ac7-4ea1-99fe-65504abfc1b7@group-CF1F14EB2C83-SegmentedRaftLog:OPENED:c8, conf=5: [ee78b951-9d40-4361-8a06-ec3eaca952b6|rpc:10.9.0.16:9856|admin:10.9.0.16:9857|client:10.9.0.16:9858|dataStream:|priority:0, 33769fef-2ac7-4ea1-99fe-65504abfc1b7|rpc:10.9.0.17:9856|admin:10.9.0.17:9857|client:10.9.0.17:9858|dataStream:|priority:0, 83c6ce7a-c136-4390-91a6-474803509736|rpc:10.9.0.15:9856|admin:10.9.0.15:9857|client:10.9.0.15:9858|dataStream:|priority:1], old=null
scm_1    | 2022-01-22 01:31:29,545 [main] INFO algorithms.ContainerPlacementPolicyFactory: Create container placement policy of type org.apache.hadoop.hdds.scm.container.placement.algorithms.SCMContainerPlacementRandom
dn2_1    | 2022-01-22 01:31:52,013 [ee78b951-9d40-4361-8a06-ec3eaca952b6@group-004FF3295D01-FollowerState] INFO impl.FollowerState: ee78b951-9d40-4361-8a06-ec3eaca952b6@group-004FF3295D01-FollowerState was interrupted: {}
dn1_1    | 2022-01-22 01:33:16,235 [pool-30-thread-1] INFO server.RaftServerConfigKeys: raft.server.rpc.slowness.timeout = 300s (custom)
recon_1  | 2022-01-22 01:34:42,348 [pool-33-thread-1] INFO tasks.ContainerKeyMapperTask: ContainerKeyMapperTask successfully processed 0 OM DB update event(s).
om3_1    | 2022-01-22 01:31:44,075 [main] INFO grpc.GrpcConfigKeys: raft.grpc.admin.port = -1 (default)
dn2_1    | java.lang.InterruptedException: sleep interrupted
dn3_1    | 2022-01-22 01:31:57,081 [33769fef-2ac7-4ea1-99fe-65504abfc1b7@group-004FF3295D01-FollowerState] INFO impl.FollowerState: 33769fef-2ac7-4ea1-99fe-65504abfc1b7@group-004FF3295D01-FollowerState: change to CANDIDATE, lastRpcElapsedTime:5097659766ns, electionTimeout:5096ms
dn1_1    | 2022-01-22 01:33:16,235 [pool-30-thread-1] INFO server.RaftServerConfigKeys: raft.server.leaderelection.leader.step-down.wait-time = 10s (default)
recon_1  | 2022-01-22 01:34:42,349 [pool-33-thread-1] INFO tasks.FileSizeCountTask: Completed a 'process' run of FileSizeCountTask.
om3_1    | 2022-01-22 01:31:44,075 [main] INFO grpc.GrpcConfigKeys: raft.grpc.server.port = 9872 (custom)
scm_1    | 2022-01-22 01:31:30,206 [main] INFO algorithms.LeaderChoosePolicyFactory: Create leader choose policy of type org.apache.hadoop.hdds.scm.pipeline.leader.choose.algorithms.MinLeaderCountChoosePolicy
dn2_1    | 	at java.base/java.lang.Thread.sleep(Native Method)
dn3_1    | 2022-01-22 01:31:57,081 [33769fef-2ac7-4ea1-99fe-65504abfc1b7@group-004FF3295D01-FollowerState] INFO impl.RoleInfo: 33769fef-2ac7-4ea1-99fe-65504abfc1b7: shutdown 33769fef-2ac7-4ea1-99fe-65504abfc1b7@group-004FF3295D01-FollowerState
dn1_1    | 2022-01-22 01:33:16,235 [pool-30-thread-1] INFO server.RaftServerConfigKeys: raft.server.sleep.deviation.threshold = 300ms (default)
om3_1    | 2022-01-22 01:31:44,076 [main] INFO grpc.GrpcConfigKeys: raft.grpc.client.port = -1 (default)
scm_1    | 2022-01-22 01:31:30,265 [main] INFO ha.SCMServiceManager: Registering service BackgroundPipelineCreator.
dn2_1    | 	at java.base/java.lang.Thread.sleep(Thread.java:334)
dn3_1    | 2022-01-22 01:31:57,081 [33769fef-2ac7-4ea1-99fe-65504abfc1b7@group-004FF3295D01-FollowerState] INFO server.RaftServer$Division: 33769fef-2ac7-4ea1-99fe-65504abfc1b7@group-004FF3295D01: changes role from  FOLLOWER to CANDIDATE at term 10 for changeToCandidate
dn1_1    | 2022-01-22 01:33:16,235 [pool-30-thread-1] INFO server.RaftServerConfigKeys: raft.server.log.appender.install.snapshot.enabled = false (custom)
om3_1    | 2022-01-22 01:31:44,076 [main] INFO grpc.GrpcConfigKeys: raft.grpc.server.port = 9872 (custom)
scm_1    | 2022-01-22 01:31:30,300 [main] INFO pipeline.BackgroundPipelineCreator: Starting RatisPipelineUtilsThread.
dn2_1    | 	at java.base/java.util.concurrent.TimeUnit.sleep(TimeUnit.java:446)
dn3_1    | 2022-01-22 01:31:57,082 [33769fef-2ac7-4ea1-99fe-65504abfc1b7@group-004FF3295D01-FollowerState] INFO server.RaftServerConfigKeys: raft.server.leaderelection.pre-vote = false (custom)
dn1_1    | 2022-01-22 01:33:16,235 [pool-30-thread-1] INFO server.RaftServer$Division: 83c6ce7a-c136-4390-91a6-474803509736@group-BCEAF2A67F2E: ConfigurationManager, init=-1: [33769fef-2ac7-4ea1-99fe-65504abfc1b7|rpc:10.9.0.17:9856|admin:10.9.0.17:9857|client:10.9.0.17:9858|dataStream:|priority:1, ee78b951-9d40-4361-8a06-ec3eaca952b6|rpc:10.9.0.16:9856|admin:10.9.0.16:9857|client:10.9.0.16:9858|dataStream:|priority:0, 83c6ce7a-c136-4390-91a6-474803509736|rpc:10.9.0.15:9856|admin:10.9.0.15:9857|client:10.9.0.15:9858|dataStream:|priority:0], old=null, confs=<EMPTY_MAP>
om3_1    | 2022-01-22 01:31:44,076 [main] INFO grpc.GrpcConfigKeys: raft.grpc.server.port = 9872 (custom)
scm_1    | 2022-01-22 01:31:30,571 [main] INFO algorithms.PipelineChoosePolicyFactory: Create pipeline choose policy of type org.apache.hadoop.hdds.scm.pipeline.choose.algorithms.RandomPipelineChoosePolicy
dn2_1    | 	at org.apache.ratis.util.TimeDuration.sleep(TimeDuration.java:324)
dn3_1    | 2022-01-22 01:31:57,082 [33769fef-2ac7-4ea1-99fe-65504abfc1b7@group-004FF3295D01-FollowerState] INFO impl.RoleInfo: 33769fef-2ac7-4ea1-99fe-65504abfc1b7: start 33769fef-2ac7-4ea1-99fe-65504abfc1b7@group-004FF3295D01-LeaderElection4
dn1_1    | 2022-01-22 01:33:16,235 [pool-30-thread-1] INFO server.RaftServerConfigKeys: raft.server.storage.dir = [/data/metadata/ratis] (custom)
om3_1    | 2022-01-22 01:31:44,077 [main] INFO server.GrpcService: raft.grpc.message.size.max = 33554432 (custom)
scm_1    | 2022-01-22 01:31:30,669 [main] INFO ha.SCMServiceManager: Registering service SCMBlockDeletingService.
dn2_1    | 	at org.apache.ratis.util.TimeDuration.sleep(TimeDuration.java:309)
dn3_1    | 2022-01-22 01:31:57,088 [33769fef-2ac7-4ea1-99fe-65504abfc1b7@group-004FF3295D01-LeaderElection4] INFO impl.LeaderElection: 33769fef-2ac7-4ea1-99fe-65504abfc1b7@group-004FF3295D01-LeaderElection4 ELECTION round 0: submit vote requests at term 11 for 10: [33769fef-2ac7-4ea1-99fe-65504abfc1b7|rpc:10.9.0.17:9856|admin:10.9.0.17:9857|client:10.9.0.17:9858|dataStream:|priority:1, ee78b951-9d40-4361-8a06-ec3eaca952b6|rpc:10.9.0.16:9856|admin:10.9.0.16:9857|client:10.9.0.16:9858|dataStream:|priority:0, 83c6ce7a-c136-4390-91a6-474803509736|rpc:10.9.0.15:9856|admin:10.9.0.15:9857|client:10.9.0.15:9858|dataStream:|priority:0], old=null
dn1_1    | 2022-01-22 01:33:16,235 [pool-30-thread-1] INFO server.RaftServerConfigKeys: raft.server.log.corruption.policy = EXCEPTION (default)
om3_1    | 2022-01-22 01:31:44,100 [main] INFO server.RaftServerConfigKeys: raft.server.log.appender.buffer.byte-limit = 33554432 (custom)
scm_1    | 2022-01-22 01:31:30,809 [main] INFO ha.SCMServiceManager: Registering service ReplicationManager.
dn2_1    | 	at org.apache.ratis.server.impl.FollowerState.run(FollowerState.java:118)
dn3_1    | 2022-01-22 01:31:57,107 [33769fef-2ac7-4ea1-99fe-65504abfc1b7@group-004FF3295D01-LeaderElection4] INFO impl.LeaderElection: 33769fef-2ac7-4ea1-99fe-65504abfc1b7@group-004FF3295D01-LeaderElection4: ELECTION PASSED received 1 response(s) and 0 exception(s):
dn1_1    | 2022-01-22 01:33:16,235 [pool-30-thread-1] INFO server.RaftServerConfigKeys: raft.server.storage.free-space.min = 0MB (=0) (default)
om3_1    | 2022-01-22 01:31:44,101 [main] INFO server.GrpcService: raft.grpc.flow.control.window = 1MB (=1048576) (default)
om3_1    | 2022-01-22 01:31:44,101 [main] INFO server.RaftServerConfigKeys: raft.server.rpc.request.timeout = 3000ms (default)
dn2_1    | 2022-01-22 01:31:52,016 [grpc-default-executor-2] INFO server.RaftServer$Division: ee78b951-9d40-4361-8a06-ec3eaca952b6@group-004FF3295D01 replies to ELECTION vote request: 83c6ce7a-c136-4390-91a6-474803509736<-ee78b951-9d40-4361-8a06-ec3eaca952b6#0:OK-t10. Peer's state: ee78b951-9d40-4361-8a06-ec3eaca952b6@group-004FF3295D01:t10, leader=null, voted=83c6ce7a-c136-4390-91a6-474803509736, raftlog=ee78b951-9d40-4361-8a06-ec3eaca952b6@group-004FF3295D01-SegmentedRaftLog:OPENED:c10, conf=10: [33769fef-2ac7-4ea1-99fe-65504abfc1b7|rpc:10.9.0.17:9856|admin:10.9.0.17:9857|client:10.9.0.17:9858|dataStream:|priority:1, ee78b951-9d40-4361-8a06-ec3eaca952b6|rpc:10.9.0.16:9856|admin:10.9.0.16:9857|client:10.9.0.16:9858|dataStream:|priority:0, 83c6ce7a-c136-4390-91a6-474803509736|rpc:10.9.0.15:9856|admin:10.9.0.15:9857|client:10.9.0.15:9858|dataStream:|priority:0], old=null
dn3_1    | 2022-01-22 01:31:57,109 [33769fef-2ac7-4ea1-99fe-65504abfc1b7@group-004FF3295D01-LeaderElection4] INFO impl.LeaderElection:   Response 0: 33769fef-2ac7-4ea1-99fe-65504abfc1b7<-ee78b951-9d40-4361-8a06-ec3eaca952b6#0:OK-t11
om3_1    | 2022-01-22 01:31:45,468 [main] INFO impl.DataStreamServerImpl: raft.datastream.type = DISABLED (default)
scm_1    | 2022-01-22 01:31:31,007 [main] INFO container.ReplicationManager: Starting Replication Monitor Thread.
dn1_1    | 2022-01-22 01:33:16,235 [pool-30-thread-1] INFO storage.RaftStorageDirectory: The storage directory /data/metadata/ratis/6bd6b5b6-78c8-410d-bb86-bceaf2a67f2e does not exist. Creating ...
dn2_1    | 2022-01-22 01:31:56,842 [ee78b951-9d40-4361-8a06-ec3eaca952b6@group-CF1F14EB2C83-FollowerState] INFO impl.FollowerState: ee78b951-9d40-4361-8a06-ec3eaca952b6@group-CF1F14EB2C83-FollowerState: change to CANDIDATE, lastRpcElapsedTime:5117317305ns, electionTimeout:5112ms
dn3_1    | 2022-01-22 01:31:57,109 [33769fef-2ac7-4ea1-99fe-65504abfc1b7@group-004FF3295D01-LeaderElection4] INFO impl.LeaderElection: 33769fef-2ac7-4ea1-99fe-65504abfc1b7@group-004FF3295D01-LeaderElection4 ELECTION round 0: result PASSED
om3_1    | 2022-01-22 01:31:45,478 [main] INFO server.RaftServerConfigKeys: raft.server.rpc.slowness.timeout = 120s (custom)
scm_1    | 2022-01-22 01:31:31,099 [ReplicationMonitor] INFO container.ReplicationManager: Replication Monitor Thread took 9 milliseconds for processing 2 containers.
dn1_1    | 2022-01-22 01:33:16,237 [pool-30-thread-1] INFO storage.RaftStorageDirectory: Lock on /data/metadata/ratis/6bd6b5b6-78c8-410d-bb86-bceaf2a67f2e/in_use.lock acquired by nodename 7@c109606e0b3d
dn2_1    | 2022-01-22 01:31:56,843 [ee78b951-9d40-4361-8a06-ec3eaca952b6@group-CF1F14EB2C83-FollowerState] INFO impl.RoleInfo: ee78b951-9d40-4361-8a06-ec3eaca952b6: shutdown ee78b951-9d40-4361-8a06-ec3eaca952b6@group-CF1F14EB2C83-FollowerState
dn3_1    | 2022-01-22 01:31:57,109 [33769fef-2ac7-4ea1-99fe-65504abfc1b7@group-004FF3295D01-LeaderElection4] INFO impl.RoleInfo: 33769fef-2ac7-4ea1-99fe-65504abfc1b7: shutdown 33769fef-2ac7-4ea1-99fe-65504abfc1b7@group-004FF3295D01-LeaderElection4
om3_1    | 2022-01-22 01:31:45,487 [main] INFO server.RaftServerConfigKeys: raft.server.leaderelection.leader.step-down.wait-time = 10s (default)
om3_1    | 2022-01-22 01:31:45,568 [main] INFO server.RaftServerConfigKeys: raft.server.storage.dir = [/data/metadata/ratis] (custom)
dn1_1    | 2022-01-22 01:33:16,239 [pool-30-thread-1] INFO storage.RaftStorage: Storage directory /data/metadata/ratis/6bd6b5b6-78c8-410d-bb86-bceaf2a67f2e has been successfully formatted.
dn2_1    | 2022-01-22 01:31:56,843 [ee78b951-9d40-4361-8a06-ec3eaca952b6@group-CF1F14EB2C83-FollowerState] INFO server.RaftServer$Division: ee78b951-9d40-4361-8a06-ec3eaca952b6@group-CF1F14EB2C83: changes role from  FOLLOWER to CANDIDATE at term 17 for changeToCandidate
dn3_1    | 2022-01-22 01:31:57,112 [33769fef-2ac7-4ea1-99fe-65504abfc1b7@group-004FF3295D01-LeaderElection4] INFO server.RaftServer$Division: 33769fef-2ac7-4ea1-99fe-65504abfc1b7@group-004FF3295D01: changes role from CANDIDATE to LEADER at term 11 for changeToLeader
om3_1    | 2022-01-22 01:31:45,576 [main] INFO server.RaftServer: om3: found a subdirectory /data/metadata/ratis/5cb24680-b9e7-3c90-a862-d66704efc61c
scm_1    | 2022-01-22 01:31:31,164 [main] INFO safemode.ContainerSafeModeRule: containers with one replica threshold count 0
dn1_1    | 2022-01-22 01:33:16,239 [pool-30-thread-1] INFO ratis.ContainerStateMachine: group-BCEAF2A67F2E: The snapshot info is null. Setting the last applied indexto:(t:0, i:~)
dn2_1    | 2022-01-22 01:31:56,843 [ee78b951-9d40-4361-8a06-ec3eaca952b6@group-CF1F14EB2C83-FollowerState] INFO server.RaftServerConfigKeys: raft.server.leaderelection.pre-vote = false (custom)
dn3_1    | 2022-01-22 01:31:57,112 [33769fef-2ac7-4ea1-99fe-65504abfc1b7@group-004FF3295D01-LeaderElection4] INFO ratis.XceiverServerRatis: Leader change notification received for group: group-004FF3295D01 with new leaderId: 33769fef-2ac7-4ea1-99fe-65504abfc1b7
om3_1    | 2022-01-22 01:31:45,657 [main] INFO server.RaftServer: om3: addNew group-D66704EFC61C:[om1|rpc:om1:9872|priority:0, om3|rpc:om3:9872|priority:0, om2|rpc:om2:9872|priority:0] returns group-D66704EFC61C:java.util.concurrent.CompletableFuture@43f03c23[Not completed]
scm_1    | 2022-01-22 01:31:31,199 [main] INFO safemode.HealthyPipelineSafeModeRule: Total pipeline count is 2, healthy pipeline threshold count is 1
dn1_1    | 2022-01-22 01:33:16,239 [pool-30-thread-1] INFO server.RaftServerConfigKeys: raft.server.notification.no-leader.timeout = 300s (custom)
dn2_1    | 2022-01-22 01:31:56,844 [ee78b951-9d40-4361-8a06-ec3eaca952b6@group-CF1F14EB2C83-FollowerState] INFO impl.RoleInfo: ee78b951-9d40-4361-8a06-ec3eaca952b6: start ee78b951-9d40-4361-8a06-ec3eaca952b6@group-CF1F14EB2C83-LeaderElection5
dn3_1    | 2022-01-22 01:31:57,113 [33769fef-2ac7-4ea1-99fe-65504abfc1b7@group-004FF3295D01-LeaderElection4] INFO server.RaftServer$Division: 33769fef-2ac7-4ea1-99fe-65504abfc1b7@group-004FF3295D01: change Leader from null to 33769fef-2ac7-4ea1-99fe-65504abfc1b7 at term 11 for becomeLeader, leader elected after 24389ms
om3_1    | 2022-01-22 01:31:45,683 [main] INFO om.OzoneManager: OzoneManager Ratis server initialized at port 9872
scm_1    | 2022-01-22 01:31:31,225 [main] INFO safemode.OneReplicaPipelineSafeModeRule: Total pipeline count is 2, pipeline's with at least one datanode reported threshold count is 2
dn1_1    | 2022-01-22 01:33:16,239 [pool-30-thread-1] INFO server.RaftServerConfigKeys: raft.server.log.use.memory = false (default)
dn2_1    | 2022-01-22 01:31:56,846 [ee78b951-9d40-4361-8a06-ec3eaca952b6@group-CF1F14EB2C83-LeaderElection5] INFO impl.LeaderElection: ee78b951-9d40-4361-8a06-ec3eaca952b6@group-CF1F14EB2C83-LeaderElection5 ELECTION round 0: submit vote requests at term 18 for 5: [ee78b951-9d40-4361-8a06-ec3eaca952b6|rpc:10.9.0.16:9856|admin:10.9.0.16:9857|client:10.9.0.16:9858|dataStream:|priority:0, 33769fef-2ac7-4ea1-99fe-65504abfc1b7|rpc:10.9.0.17:9856|admin:10.9.0.17:9857|client:10.9.0.17:9858|dataStream:|priority:0, 83c6ce7a-c136-4390-91a6-474803509736|rpc:10.9.0.15:9856|admin:10.9.0.15:9857|client:10.9.0.15:9858|dataStream:|priority:1], old=null
dn3_1    | 2022-01-22 01:31:57,113 [33769fef-2ac7-4ea1-99fe-65504abfc1b7@group-004FF3295D01-LeaderElection4] INFO server.RaftServerConfigKeys: raft.server.staging.catchup.gap = 1000 (default)
om3_1    | 2022-01-22 01:31:45,902 [pool-23-thread-1] INFO server.RaftServer$Division: om3: new RaftServerImpl for group-D66704EFC61C:[om1|rpc:om1:9872|priority:0, om3|rpc:om3:9872|priority:0, om2|rpc:om2:9872|priority:0] with OzoneManagerStateMachine:uninitialized
scm_1    | 2022-01-22 01:31:34,418 [main] INFO ipc.CallQueueManager: Using callQueue: class java.util.concurrent.LinkedBlockingQueue, queueCapacity: 10000, scheduler: class org.apache.hadoop.ipc.DefaultRpcScheduler, ipcBackoff: false.
dn1_1    | 2022-01-22 01:33:16,240 [pool-30-thread-1] INFO server.RaftServerConfigKeys: raft.server.log.purge.gap = 1000000 (custom)
dn2_1    | 2022-01-22 01:31:56,891 [ee78b951-9d40-4361-8a06-ec3eaca952b6@group-CF1F14EB2C83-LeaderElection5] INFO impl.LeaderElection: ee78b951-9d40-4361-8a06-ec3eaca952b6@group-CF1F14EB2C83-LeaderElection5: ELECTION REJECTED received 1 response(s) and 0 exception(s):
dn3_1    | 2022-01-22 01:31:57,115 [33769fef-2ac7-4ea1-99fe-65504abfc1b7@group-004FF3295D01-LeaderElection4] INFO server.RaftServerConfigKeys: raft.server.write.element-limit = 1024 (custom)
om3_1    | 2022-01-22 01:31:45,956 [main] INFO ipc.CallQueueManager: Using callQueue: class java.util.concurrent.LinkedBlockingQueue, queueCapacity: 10000, scheduler: class org.apache.hadoop.ipc.DefaultRpcScheduler, ipcBackoff: false.
scm_1    | 2022-01-22 01:31:34,587 [Socket Reader #1 for port 9861] INFO ipc.Server: Starting Socket Reader #1 for port 9861
dn1_1    | 2022-01-22 01:33:16,241 [pool-30-thread-1] INFO server.RaftServerConfigKeys: raft.server.log.appender.buffer.byte-limit = 33554432 (custom)
dn2_1    | 2022-01-22 01:31:56,891 [ee78b951-9d40-4361-8a06-ec3eaca952b6@group-CF1F14EB2C83-LeaderElection5] INFO impl.LeaderElection:   Response 0: ee78b951-9d40-4361-8a06-ec3eaca952b6<-83c6ce7a-c136-4390-91a6-474803509736#0:FAIL-t18
dn3_1    | 2022-01-22 01:31:57,115 [33769fef-2ac7-4ea1-99fe-65504abfc1b7@group-004FF3295D01-LeaderElection4] INFO server.RaftServerConfigKeys: raft.server.write.byte-limit = 1024 M (=1073741824) (custom)
om3_1    | 2022-01-22 01:31:45,982 [pool-23-thread-1] INFO server.RaftServerConfigKeys: raft.server.rpc.timeout.min = 5s (custom)
scm_1    | 2022-01-22 01:31:34,732 [Listener at 0.0.0.0/9861] INFO ipc.CallQueueManager: Using callQueue: class java.util.concurrent.LinkedBlockingQueue, queueCapacity: 10000, scheduler: class org.apache.hadoop.ipc.DefaultRpcScheduler, ipcBackoff: false.
dn1_1    | 2022-01-22 01:33:16,241 [pool-30-thread-1] INFO server.RaftServerConfigKeys: raft.server.log.segment.size.max = 1048576 (custom)
dn2_1    | 2022-01-22 01:31:56,891 [ee78b951-9d40-4361-8a06-ec3eaca952b6@group-CF1F14EB2C83-LeaderElection5] INFO impl.LeaderElection: ee78b951-9d40-4361-8a06-ec3eaca952b6@group-CF1F14EB2C83-LeaderElection5 ELECTION round 0: result REJECTED
dn3_1    | 2022-01-22 01:31:57,115 [33769fef-2ac7-4ea1-99fe-65504abfc1b7@group-004FF3295D01-LeaderElection4] INFO server.RaftServerConfigKeys: raft.server.watch.timeout = 180s (custom)
om3_1    | 2022-01-22 01:31:46,015 [pool-23-thread-1] INFO server.RaftServerConfigKeys: raft.server.rpc.timeout.max = 5200ms (custom)
scm_1    | 2022-01-22 01:31:34,741 [Socket Reader #1 for port 9863] INFO ipc.Server: Starting Socket Reader #1 for port 9863
dn1_1    | 2022-01-22 01:33:16,241 [pool-30-thread-1] INFO server.RaftServerConfigKeys: raft.server.log.segment.cache.num.max = 2 (custom)
dn2_1    | 2022-01-22 01:31:56,891 [ee78b951-9d40-4361-8a06-ec3eaca952b6@group-CF1F14EB2C83-LeaderElection5] INFO server.RaftServer$Division: ee78b951-9d40-4361-8a06-ec3eaca952b6@group-CF1F14EB2C83: changes role from CANDIDATE to FOLLOWER at term 18 for REJECTED
dn3_1    | 2022-01-22 01:31:57,116 [33769fef-2ac7-4ea1-99fe-65504abfc1b7@group-004FF3295D01-LeaderElection4] INFO server.RaftServerConfigKeys: raft.server.watch.timeout.denomination = 1s (default)
om3_1    | 2022-01-22 01:31:46,015 [pool-23-thread-1] INFO server.RaftServerConfigKeys: raft.server.rpc.sleep.time = 25ms (default)
scm_1    | 2022-01-22 01:31:34,793 [Listener at 0.0.0.0/9863] INFO ipc.CallQueueManager: Using callQueue: class java.util.concurrent.LinkedBlockingQueue, queueCapacity: 10000, scheduler: class org.apache.hadoop.ipc.DefaultRpcScheduler, ipcBackoff: false.
dn1_1    | 2022-01-22 01:33:16,241 [pool-30-thread-1] INFO server.RaftServerConfigKeys: raft.server.log.segment.cache.size.max = 200MB (=209715200) (default)
dn2_1    | 2022-01-22 01:31:56,892 [ee78b951-9d40-4361-8a06-ec3eaca952b6@group-CF1F14EB2C83-LeaderElection5] INFO impl.RoleInfo: ee78b951-9d40-4361-8a06-ec3eaca952b6: shutdown ee78b951-9d40-4361-8a06-ec3eaca952b6@group-CF1F14EB2C83-LeaderElection5
dn3_1    | 2022-01-22 01:31:57,119 [33769fef-2ac7-4ea1-99fe-65504abfc1b7@group-004FF3295D01-LeaderElection4] INFO server.RaftServerConfigKeys: raft.server.watch.element-limit = 65536 (default)
om3_1    | 2022-01-22 01:31:46,015 [pool-23-thread-1] INFO server.RaftServerConfigKeys: raft.server.rpc.slowness.timeout = 120s (custom)
scm_1    | 2022-01-22 01:31:34,799 [Socket Reader #1 for port 9860] INFO ipc.Server: Starting Socket Reader #1 for port 9860
dn1_1    | 2022-01-22 01:33:16,241 [pool-30-thread-1] INFO segmented.SegmentedRaftLogWorker: new 83c6ce7a-c136-4390-91a6-474803509736@group-BCEAF2A67F2E-SegmentedRaftLogWorker for RaftStorageImpl:Storage Directory /data/metadata/ratis/6bd6b5b6-78c8-410d-bb86-bceaf2a67f2e
dn2_1    | 2022-01-22 01:31:56,892 [ee78b951-9d40-4361-8a06-ec3eaca952b6@group-CF1F14EB2C83-LeaderElection5] INFO impl.RoleInfo: ee78b951-9d40-4361-8a06-ec3eaca952b6: start ee78b951-9d40-4361-8a06-ec3eaca952b6@group-CF1F14EB2C83-FollowerState
dn3_1    | 2022-01-22 01:31:57,119 [33769fef-2ac7-4ea1-99fe-65504abfc1b7@group-004FF3295D01-LeaderElection4] INFO server.RaftServerConfigKeys: raft.server.write.element-limit = 1024 (custom)
om3_1    | 2022-01-22 01:31:46,016 [pool-23-thread-1] INFO server.RaftServerConfigKeys: raft.server.leaderelection.leader.step-down.wait-time = 10s (default)
scm_1    | 2022-01-22 01:31:35,004 [Listener at 0.0.0.0/9860] INFO algorithms.ContainerPlacementPolicyFactory: Create container placement policy of type org.apache.hadoop.hdds.scm.container.placement.algorithms.SCMContainerPlacementRandom
dn1_1    | 2022-01-22 01:33:16,241 [pool-30-thread-1] INFO server.RaftServerConfigKeys: raft.server.log.queue.byte-limit = 2147483647 (custom)
dn2_1    | 2022-01-22 01:31:57,094 [grpc-default-executor-2] INFO server.RaftServer$Division: ee78b951-9d40-4361-8a06-ec3eaca952b6@group-004FF3295D01: receive requestVote(ELECTION, 33769fef-2ac7-4ea1-99fe-65504abfc1b7, group-004FF3295D01, 11, (t:8, i:11))
dn3_1    | 2022-01-22 01:31:57,119 [33769fef-2ac7-4ea1-99fe-65504abfc1b7@group-004FF3295D01-LeaderElection4] INFO server.RaftServerConfigKeys: raft.server.write.follower.gap.ratio.max = -1.0 (default)
om3_1    | 2022-01-22 01:31:46,016 [pool-23-thread-1] INFO server.RaftServerConfigKeys: raft.server.sleep.deviation.threshold = 300ms (default)
scm_1    | 2022-01-22 01:31:35,079 [Listener at 0.0.0.0/9860] INFO server.StorageContainerManager: 
dn1_1    | 2022-01-22 01:33:16,241 [pool-30-thread-1] INFO server.RaftServerConfigKeys: raft.server.log.queue.element-limit = 1024 (custom)
dn2_1    | 2022-01-22 01:31:57,095 [grpc-default-executor-2] INFO impl.VoteContext: ee78b951-9d40-4361-8a06-ec3eaca952b6@group-004FF3295D01-FOLLOWER: accept ELECTION from 33769fef-2ac7-4ea1-99fe-65504abfc1b7: our priority 0 <= candidate's priority 1
dn3_1    | 2022-01-22 01:31:57,154 [33769fef-2ac7-4ea1-99fe-65504abfc1b7@group-004FF3295D01-LeaderElection4] INFO server.RaftServerConfigKeys: raft.server.log.appender.snapshot.chunk.size.max = 16MB (=16777216) (default)
om3_1    | 2022-01-22 01:31:46,016 [pool-23-thread-1] INFO server.RaftServerConfigKeys: raft.server.log.appender.install.snapshot.enabled = false (custom)
scm_1    | Container Balancer status:
dn1_1    | 2022-01-22 01:33:16,241 [pool-30-thread-1] INFO server.RaftServerConfigKeys: raft.server.log.segment.size.max = 1048576 (custom)
dn2_1    | 2022-01-22 01:31:57,095 [grpc-default-executor-2] INFO server.RaftServer$Division: ee78b951-9d40-4361-8a06-ec3eaca952b6@group-004FF3295D01: changes role from  FOLLOWER to FOLLOWER at term 11 for candidate:33769fef-2ac7-4ea1-99fe-65504abfc1b7
dn3_1    | 2022-01-22 01:31:57,160 [33769fef-2ac7-4ea1-99fe-65504abfc1b7@group-004FF3295D01-LeaderElection4] INFO server.RaftServerConfigKeys: raft.server.log.appender.buffer.byte-limit = 33554432 (custom)
om3_1    | 2022-01-22 01:31:46,044 [pool-23-thread-1] INFO server.RaftServer$Division: om3@group-D66704EFC61C: ConfigurationManager, init=-1: [om1|rpc:om1:9872|priority:0, om3|rpc:om3:9872|priority:0, om2|rpc:om2:9872|priority:0], old=null, confs=<EMPTY_MAP>
scm_1    | Key                            Value
dn1_1    | 2022-01-22 01:33:16,241 [pool-30-thread-1] INFO server.RaftServerConfigKeys: raft.server.log.preallocated.size = 16384 (custom)
dn2_1    | 2022-01-22 01:31:57,095 [grpc-default-executor-2] INFO impl.RoleInfo: ee78b951-9d40-4361-8a06-ec3eaca952b6: shutdown ee78b951-9d40-4361-8a06-ec3eaca952b6@group-004FF3295D01-FollowerState
dn3_1    | 2022-01-22 01:31:57,161 [33769fef-2ac7-4ea1-99fe-65504abfc1b7@group-004FF3295D01-LeaderElection4] INFO server.RaftServerConfigKeys: raft.server.log.appender.buffer.element-limit = 1 (custom)
om3_1    | 2022-01-22 01:31:46,063 [pool-23-thread-1] INFO server.RaftServerConfigKeys: raft.server.storage.dir = [/data/metadata/ratis] (custom)
scm_1    | Running                        false
dn1_1    | 2022-01-22 01:33:16,241 [pool-30-thread-1] INFO server.RaftServerConfigKeys: raft.server.log.force.sync.num = 128 (default)
dn2_1    | 2022-01-22 01:31:57,095 [grpc-default-executor-2] INFO impl.RoleInfo: ee78b951-9d40-4361-8a06-ec3eaca952b6: start ee78b951-9d40-4361-8a06-ec3eaca952b6@group-004FF3295D01-FollowerState
dn3_1    | 2022-01-22 01:31:57,167 [33769fef-2ac7-4ea1-99fe-65504abfc1b7@group-004FF3295D01-LeaderElection4] INFO grpc.GrpcConfigKeys: raft.grpc.server.leader.outstanding.appends.max = 128 (default)
om3_1    | 2022-01-22 01:31:46,116 [pool-23-thread-1] INFO server.RaftServerConfigKeys: raft.server.log.corruption.policy = EXCEPTION (default)
scm_1    | Container Balancer Configuration values:
dn1_1    | 2022-01-22 01:33:16,241 [pool-30-thread-1] INFO server.RaftServerConfigKeys: raft.server.log.statemachine.data.sync = true (default)
dn2_1    | 2022-01-22 01:31:57,095 [ee78b951-9d40-4361-8a06-ec3eaca952b6@group-004FF3295D01-FollowerState] INFO impl.FollowerState: ee78b951-9d40-4361-8a06-ec3eaca952b6@group-004FF3295D01-FollowerState was interrupted: {}
dn3_1    | 2022-01-22 01:31:57,176 [33769fef-2ac7-4ea1-99fe-65504abfc1b7@group-004FF3295D01-LeaderElection4] INFO server.RaftServerConfigKeys: raft.server.rpc.request.timeout = 60s (custom)
om3_1    | 2022-01-22 01:31:46,119 [pool-23-thread-1] INFO server.RaftServerConfigKeys: raft.server.storage.free-space.min = 0MB (=0) (default)
scm_1    | Key                                                Value
dn1_1    | 2022-01-22 01:33:16,241 [pool-30-thread-1] INFO server.RaftServerConfigKeys: raft.server.log.statemachine.data.sync.timeout = 10s (default)
dn1_1    | 2022-01-22 01:33:16,241 [pool-30-thread-1] INFO server.RaftServerConfigKeys: raft.server.log.statemachine.data.sync.timeout.retry = -1 (default)
dn3_1    | 2022-01-22 01:31:57,176 [33769fef-2ac7-4ea1-99fe-65504abfc1b7@group-004FF3295D01-LeaderElection4] INFO server.RaftServerConfigKeys: raft.server.log.appender.install.snapshot.enabled = false (custom)
om3_1    | 2022-01-22 01:31:46,143 [Socket Reader #1 for port 9862] INFO ipc.Server: Starting Socket Reader #1 for port 9862
scm_1    | Threshold                                          10
dn2_1    | java.lang.InterruptedException: sleep interrupted
dn1_1    | 2022-01-22 01:33:16,242 [pool-30-thread-1] INFO server.RaftServerConfigKeys: raft.server.log.write.buffer.size = 1048576 (custom)
dn3_1    | 2022-01-22 01:31:57,184 [33769fef-2ac7-4ea1-99fe-65504abfc1b7@group-004FF3295D01-LeaderElection4] INFO server.RaftServerConfigKeys: raft.server.log.appender.snapshot.chunk.size.max = 16MB (=16777216) (default)
om3_1    | 2022-01-22 01:31:46,215 [pool-23-thread-1] INFO storage.RaftStorageDirectory: Lock on /data/metadata/ratis/5cb24680-b9e7-3c90-a862-d66704efc61c/in_use.lock acquired by nodename 7@fcd52baf0442
scm_1    | Max Datanodes to Involve per Iteration(percent)    20
dn2_1    | 	at java.base/java.lang.Thread.sleep(Native Method)
dn1_1    | 2022-01-22 01:33:16,242 [pool-30-thread-1] INFO server.RaftServerConfigKeys: raft.server.log.statemachine.data.caching.enabled = true (custom)
dn3_1    | 2022-01-22 01:31:57,186 [33769fef-2ac7-4ea1-99fe-65504abfc1b7@group-004FF3295D01-LeaderElection4] INFO server.RaftServerConfigKeys: raft.server.log.appender.buffer.byte-limit = 33554432 (custom)
om3_1    | 2022-01-22 01:31:46,302 [pool-23-thread-1] INFO storage.RaftStorage: Read RaftStorageMetadata{term=6, votedFor=om1} from /data/metadata/ratis/5cb24680-b9e7-3c90-a862-d66704efc61c/current/raft-meta
scm_1    | Max Size to Move per Iteration                     500GB
dn2_1    | 	at java.base/java.lang.Thread.sleep(Thread.java:334)
dn1_1    | 2022-01-22 01:33:16,242 [pool-30-thread-1] INFO segmented.SegmentedRaftLogWorker: 83c6ce7a-c136-4390-91a6-474803509736@group-BCEAF2A67F2E-SegmentedRaftLogWorker: flushIndex: setUnconditionally 0 -> -1
dn3_1    | 2022-01-22 01:31:57,186 [33769fef-2ac7-4ea1-99fe-65504abfc1b7@group-004FF3295D01-LeaderElection4] INFO server.RaftServerConfigKeys: raft.server.log.appender.buffer.element-limit = 1 (custom)
om3_1    | 2022-01-22 01:31:46,775 [pool-23-thread-1] INFO server.RaftServer$Division: om3@group-D66704EFC61C: set configuration 19: [om1|rpc:om1:9872|admin:|client:|dataStream:|priority:0, om3|rpc:om3:9872|admin:|client:|dataStream:|priority:0, om2|rpc:om2:9872|admin:|client:|dataStream:|priority:0], old=null
scm_1    | Max Size Entering Target per Iteration             26GB
dn2_1    | 	at java.base/java.util.concurrent.TimeUnit.sleep(TimeUnit.java:446)
dn1_1    | 2022-01-22 01:33:16,242 [pool-30-thread-1] INFO segmented.SegmentedRaftLogWorker: 83c6ce7a-c136-4390-91a6-474803509736@group-BCEAF2A67F2E-SegmentedRaftLogWorker: safeCacheEvictIndex: setUnconditionally 0 -> -1
dn3_1    | 2022-01-22 01:31:57,186 [33769fef-2ac7-4ea1-99fe-65504abfc1b7@group-004FF3295D01-LeaderElection4] INFO grpc.GrpcConfigKeys: raft.grpc.server.leader.outstanding.appends.max = 128 (default)
om3_1    | 2022-01-22 01:31:46,780 [pool-23-thread-1] INFO server.RaftServerConfigKeys: raft.server.notification.no-leader.timeout = 120s (custom)
scm_1    | Max Size Leaving Source per Iteration              26GB
dn2_1    | 	at org.apache.ratis.util.TimeDuration.sleep(TimeDuration.java:324)
dn1_1    | 2022-01-22 01:33:16,244 [pool-30-thread-1] INFO server.RaftServerConfigKeys: raft.server.snapshot.auto.trigger.enabled = true (custom)
dn3_1    | 2022-01-22 01:31:57,187 [33769fef-2ac7-4ea1-99fe-65504abfc1b7@group-004FF3295D01-LeaderElection4] INFO server.RaftServerConfigKeys: raft.server.rpc.request.timeout = 60s (custom)
om3_1    | 2022-01-22 01:31:46,781 [pool-23-thread-1] INFO server.RaftServerConfigKeys: raft.server.log.use.memory = false (default)
scm_1    | 
dn2_1    | 	at org.apache.ratis.util.TimeDuration.sleep(TimeDuration.java:309)
dn1_1    | 2022-01-22 01:33:16,245 [pool-30-thread-1] INFO server.RaftServerConfigKeys: raft.server.snapshot.auto.trigger.threshold = 10000 (custom)
dn3_1    | 2022-01-22 01:31:57,187 [33769fef-2ac7-4ea1-99fe-65504abfc1b7@group-004FF3295D01-LeaderElection4] INFO server.RaftServerConfigKeys: raft.server.log.appender.install.snapshot.enabled = false (custom)
om3_1    | 2022-01-22 01:31:46,895 [pool-23-thread-1] INFO server.RaftServerConfigKeys: raft.server.log.purge.gap = 1000000 (custom)
scm_1    | 2022-01-22 01:31:35,079 [Listener at 0.0.0.0/9860] WARN events.EventQueue: No event handler registered for event TypedEvent{payloadType=SafeModeStatus, name='Safe mode status'}
scm_1    | 2022-01-22 01:31:35,079 [Listener at 0.0.0.0/9860] INFO ha.SCMContext: Update SafeModeStatus from SafeModeStatus{safeModeStatus=true, preCheckPassed=false} to SafeModeStatus{safeModeStatus=true, preCheckPassed=false}.
dn1_1    | 2022-01-22 01:33:16,252 [pool-30-thread-1] INFO server.RaftServerConfigKeys: raft.server.snapshot.retention.file.num = 5 (custom)
dn3_1    | 2022-01-22 01:31:57,189 [33769fef-2ac7-4ea1-99fe-65504abfc1b7@group-004FF3295D01-LeaderElection4] INFO impl.RoleInfo: 33769fef-2ac7-4ea1-99fe-65504abfc1b7: start 33769fef-2ac7-4ea1-99fe-65504abfc1b7@group-004FF3295D01-LeaderStateImpl
om3_1    | 2022-01-22 01:31:46,912 [pool-23-thread-1] INFO server.RaftServerConfigKeys: raft.server.log.appender.buffer.byte-limit = 33554432 (custom)
dn2_1    | 	at org.apache.ratis.server.impl.FollowerState.run(FollowerState.java:118)
dn1_1    | 2022-01-22 01:33:16,252 [pool-30-thread-1] INFO server.RaftServerConfigKeys: raft.server.log.purge.upto.snapshot.index = false (default)
scm_1    | 2022-01-22 01:31:35,091 [Listener at 0.0.0.0/9860] INFO upgrade.UpgradeFinalizer: Running pre-finalized state validations for unfinalized layout features.
dn3_1    | 2022-01-22 01:31:57,191 [33769fef-2ac7-4ea1-99fe-65504abfc1b7@group-004FF3295D01-LeaderElection4] INFO segmented.SegmentedRaftLogWorker: 33769fef-2ac7-4ea1-99fe-65504abfc1b7@group-004FF3295D01-SegmentedRaftLogWorker: Rolling segment log-10_11 to index:11
om3_1    | 2022-01-22 01:31:47,033 [pool-23-thread-1] INFO server.RaftServerConfigKeys: raft.server.log.segment.size.max = 4194304 (custom)
dn2_1    | 2022-01-22 01:31:57,098 [grpc-default-executor-2] INFO server.RaftServer$Division: ee78b951-9d40-4361-8a06-ec3eaca952b6@group-004FF3295D01 replies to ELECTION vote request: 33769fef-2ac7-4ea1-99fe-65504abfc1b7<-ee78b951-9d40-4361-8a06-ec3eaca952b6#0:OK-t11. Peer's state: ee78b951-9d40-4361-8a06-ec3eaca952b6@group-004FF3295D01:t11, leader=null, voted=33769fef-2ac7-4ea1-99fe-65504abfc1b7, raftlog=ee78b951-9d40-4361-8a06-ec3eaca952b6@group-004FF3295D01-SegmentedRaftLog:OPENED:c10, conf=10: [33769fef-2ac7-4ea1-99fe-65504abfc1b7|rpc:10.9.0.17:9856|admin:10.9.0.17:9857|client:10.9.0.17:9858|dataStream:|priority:1, ee78b951-9d40-4361-8a06-ec3eaca952b6|rpc:10.9.0.16:9856|admin:10.9.0.16:9857|client:10.9.0.16:9858|dataStream:|priority:0, 83c6ce7a-c136-4390-91a6-474803509736|rpc:10.9.0.15:9856|admin:10.9.0.15:9857|client:10.9.0.15:9858|dataStream:|priority:0], old=null
dn1_1    | 2022-01-22 01:33:16,252 [pool-30-thread-1] INFO server.RaftServerConfigKeys: raft.server.retrycache.expirytime = 600000ms (custom)
scm_1    | 2022-01-22 01:31:35,095 [Listener at 0.0.0.0/9860] INFO upgrade.UpgradeFinalizer: Executing pre finalize state validation ScmHAUnfinalizedStateValidationAction
dn3_1    | 2022-01-22 01:31:57,192 [33769fef-2ac7-4ea1-99fe-65504abfc1b7@group-004FF3295D01-SegmentedRaftLogWorker] INFO segmented.SegmentedRaftLogWorker: 33769fef-2ac7-4ea1-99fe-65504abfc1b7@group-004FF3295D01-SegmentedRaftLogWorker: Rolled log segment from /data/metadata/ratis/08728259-323e-437c-b06d-004ff3295d01/current/log_inprogress_10 to /data/metadata/ratis/08728259-323e-437c-b06d-004ff3295d01/current/log_10-11
om3_1    | 2022-01-22 01:31:47,088 [pool-23-thread-1] INFO server.RaftServerConfigKeys: raft.server.log.segment.cache.num.max = 2 (custom)
dn2_1    | 2022-01-22 01:31:57,248 [grpc-default-executor-2] INFO ratis.XceiverServerRatis: Leader change notification received for group: group-004FF3295D01 with new leaderId: 33769fef-2ac7-4ea1-99fe-65504abfc1b7
dn1_1    | 2022-01-22 01:33:16,252 [pool-30-thread-1] INFO server.RaftServerConfigKeys: raft.server.retrycache.statistics.expirytime = 100?s (default)
scm_1    | 2022-01-22 01:31:35,095 [Listener at 0.0.0.0/9860] INFO upgrade.UpgradeFinalizer: Running first upgrade commands for unfinalized layout features.
dn3_1    | 2022-01-22 01:31:57,198 [33769fef-2ac7-4ea1-99fe-65504abfc1b7@group-004FF3295D01-SegmentedRaftLogWorker] INFO segmented.SegmentedRaftLogWorker: 33769fef-2ac7-4ea1-99fe-65504abfc1b7@group-004FF3295D01-SegmentedRaftLogWorker: created new log segment /data/metadata/ratis/08728259-323e-437c-b06d-004ff3295d01/current/log_inprogress_12
om3_1    | 2022-01-22 01:31:47,100 [pool-23-thread-1] INFO server.RaftServerConfigKeys: raft.server.log.segment.cache.size.max = 200MB (=209715200) (default)
dn2_1    | 2022-01-22 01:31:57,253 [grpc-default-executor-2] INFO server.RaftServer$Division: ee78b951-9d40-4361-8a06-ec3eaca952b6@group-004FF3295D01: change Leader from null to 33769fef-2ac7-4ea1-99fe-65504abfc1b7 at term 11 for appendEntries, leader elected after 25498ms
dn1_1    | 2022-01-22 01:33:16,253 [pool-30-thread-1] INFO server.RaftServer$Division: 83c6ce7a-c136-4390-91a6-474803509736@group-BCEAF2A67F2E: start as a follower, conf=-1: [33769fef-2ac7-4ea1-99fe-65504abfc1b7|rpc:10.9.0.17:9856|admin:10.9.0.17:9857|client:10.9.0.17:9858|dataStream:|priority:1, ee78b951-9d40-4361-8a06-ec3eaca952b6|rpc:10.9.0.16:9856|admin:10.9.0.16:9857|client:10.9.0.16:9858|dataStream:|priority:0, 83c6ce7a-c136-4390-91a6-474803509736|rpc:10.9.0.15:9856|admin:10.9.0.15:9857|client:10.9.0.15:9858|dataStream:|priority:0], old=null
scm_1    | 2022-01-22 01:31:35,096 [Listener at 0.0.0.0/9860] INFO server.StorageContainerManager: StorageContainerLocationProtocol RPC server is listening at /0.0.0.0:9860
dn3_1    | 2022-01-22 01:31:57,212 [33769fef-2ac7-4ea1-99fe-65504abfc1b7@group-004FF3295D01-LeaderElection4] INFO server.RaftServer$Division: 33769fef-2ac7-4ea1-99fe-65504abfc1b7@group-004FF3295D01: set configuration 12: [33769fef-2ac7-4ea1-99fe-65504abfc1b7|rpc:10.9.0.17:9856|admin:10.9.0.17:9857|client:10.9.0.17:9858|dataStream:|priority:1, ee78b951-9d40-4361-8a06-ec3eaca952b6|rpc:10.9.0.16:9856|admin:10.9.0.16:9857|client:10.9.0.16:9858|dataStream:|priority:0, 83c6ce7a-c136-4390-91a6-474803509736|rpc:10.9.0.15:9856|admin:10.9.0.15:9857|client:10.9.0.15:9858|dataStream:|priority:0], old=null
om3_1    | 2022-01-22 01:31:47,106 [pool-23-thread-1] INFO segmented.SegmentedRaftLogWorker: new om3@group-D66704EFC61C-SegmentedRaftLogWorker for RaftStorageImpl:Storage Directory /data/metadata/ratis/5cb24680-b9e7-3c90-a862-d66704efc61c
dn2_1    | 2022-01-22 01:31:57,290 [grpc-default-executor-2] INFO server.RaftServer$Division: ee78b951-9d40-4361-8a06-ec3eaca952b6@group-004FF3295D01: set configuration 12: [33769fef-2ac7-4ea1-99fe-65504abfc1b7|rpc:10.9.0.17:9856|admin:10.9.0.17:9857|client:10.9.0.17:9858|dataStream:|priority:1, ee78b951-9d40-4361-8a06-ec3eaca952b6|rpc:10.9.0.16:9856|admin:10.9.0.16:9857|client:10.9.0.16:9858|dataStream:|priority:0, 83c6ce7a-c136-4390-91a6-474803509736|rpc:10.9.0.15:9856|admin:10.9.0.15:9857|client:10.9.0.15:9858|dataStream:|priority:0], old=null
dn1_1    | 2022-01-22 01:33:16,253 [pool-30-thread-1] INFO server.RaftServer$Division: 83c6ce7a-c136-4390-91a6-474803509736@group-BCEAF2A67F2E: changes role from      null to FOLLOWER at term 0 for startAsFollower
scm_1    | 2022-01-22 01:31:35,833 [Listener at 0.0.0.0/9860] INFO impl.MetricsConfig: Loaded properties from hadoop-metrics2.properties
dn3_1    | 2022-01-22 01:32:01,976 [grpc-default-executor-3] INFO server.RaftServer$Division: 33769fef-2ac7-4ea1-99fe-65504abfc1b7@group-CF1F14EB2C83: receive requestVote(ELECTION, 83c6ce7a-c136-4390-91a6-474803509736, group-CF1F14EB2C83, 19, (t:15, i:10))
om3_1    | 2022-01-22 01:31:47,147 [pool-23-thread-1] INFO server.RaftServerConfigKeys: raft.server.log.queue.byte-limit = 64MB (=67108864) (default)
dn2_1    | 2022-01-22 01:31:57,290 [grpc-default-executor-2] INFO segmented.SegmentedRaftLogWorker: ee78b951-9d40-4361-8a06-ec3eaca952b6@group-004FF3295D01-SegmentedRaftLogWorker: Rolling segment log-10_11 to index:11
dn1_1    | 2022-01-22 01:33:16,253 [pool-30-thread-1] INFO impl.RoleInfo: 83c6ce7a-c136-4390-91a6-474803509736: start 83c6ce7a-c136-4390-91a6-474803509736@group-BCEAF2A67F2E-FollowerState
scm_1    | 2022-01-22 01:31:35,910 [Listener at 0.0.0.0/9860] INFO impl.MetricsSystemImpl: Scheduled Metric snapshot period at 10 second(s).
dn3_1    | 2022-01-22 01:32:01,976 [grpc-default-executor-3] INFO impl.VoteContext: 33769fef-2ac7-4ea1-99fe-65504abfc1b7@group-CF1F14EB2C83-FOLLOWER: accept ELECTION from 83c6ce7a-c136-4390-91a6-474803509736: our priority 0 <= candidate's priority 1
om3_1    | 2022-01-22 01:31:47,148 [pool-23-thread-1] INFO server.RaftServerConfigKeys: raft.server.log.queue.element-limit = 4096 (default)
dn2_1    | 2022-01-22 01:31:57,291 [ee78b951-9d40-4361-8a06-ec3eaca952b6@group-004FF3295D01-SegmentedRaftLogWorker] INFO segmented.SegmentedRaftLogWorker: ee78b951-9d40-4361-8a06-ec3eaca952b6@group-004FF3295D01-SegmentedRaftLogWorker: Rolled log segment from /data/metadata/ratis/08728259-323e-437c-b06d-004ff3295d01/current/log_inprogress_10 to /data/metadata/ratis/08728259-323e-437c-b06d-004ff3295d01/current/log_10-11
dn1_1    | 2022-01-22 01:33:16,254 [pool-30-thread-1] INFO util.JmxRegister: Successfully registered JMX Bean with object name Ratis:service=RaftServer,group=group-BCEAF2A67F2E,id=83c6ce7a-c136-4390-91a6-474803509736
scm_1    | 2022-01-22 01:31:35,910 [Listener at 0.0.0.0/9860] INFO impl.MetricsSystemImpl: StorageContainerManager metrics system started
dn3_1    | 2022-01-22 01:32:01,977 [grpc-default-executor-3] INFO server.RaftServer$Division: 33769fef-2ac7-4ea1-99fe-65504abfc1b7@group-CF1F14EB2C83: changes role from  FOLLOWER to FOLLOWER at term 19 for candidate:83c6ce7a-c136-4390-91a6-474803509736
om3_1    | 2022-01-22 01:31:47,150 [pool-23-thread-1] INFO server.RaftServerConfigKeys: raft.server.log.segment.size.max = 4194304 (custom)
dn2_1    | 2022-01-22 01:31:57,298 [ee78b951-9d40-4361-8a06-ec3eaca952b6@group-004FF3295D01-SegmentedRaftLogWorker] INFO segmented.SegmentedRaftLogWorker: ee78b951-9d40-4361-8a06-ec3eaca952b6@group-004FF3295D01-SegmentedRaftLogWorker: created new log segment /data/metadata/ratis/08728259-323e-437c-b06d-004ff3295d01/current/log_inprogress_12
dn1_1    | 2022-01-22 01:33:21,005 [grpc-default-executor-3] INFO server.RaftServer$Division: 83c6ce7a-c136-4390-91a6-474803509736@group-C0AB6341FA8D: receive requestVote(ELECTION, 33769fef-2ac7-4ea1-99fe-65504abfc1b7, group-C0AB6341FA8D, 1, (t:0, i:0))
scm_1    | 2022-01-22 01:31:36,397 [Listener at 0.0.0.0/9860] INFO server.SCMClientProtocolServer: RPC server for Client  is listening at /0.0.0.0:9860
dn3_1    | 2022-01-22 01:32:01,977 [grpc-default-executor-3] INFO impl.RoleInfo: 33769fef-2ac7-4ea1-99fe-65504abfc1b7: shutdown 33769fef-2ac7-4ea1-99fe-65504abfc1b7@group-CF1F14EB2C83-FollowerState
om3_1    | 2022-01-22 01:31:47,150 [pool-23-thread-1] INFO server.RaftServerConfigKeys: raft.server.log.preallocated.size = 4194304 (custom)
om3_1    | 2022-01-22 01:31:47,155 [pool-23-thread-1] INFO server.RaftServerConfigKeys: raft.server.log.force.sync.num = 128 (default)
dn1_1    | 2022-01-22 01:33:21,007 [grpc-default-executor-3] INFO impl.VoteContext: 83c6ce7a-c136-4390-91a6-474803509736@group-C0AB6341FA8D-FOLLOWER: reject ELECTION from 33769fef-2ac7-4ea1-99fe-65504abfc1b7: our priority 1 > candidate's priority 0
scm_1    | 2022-01-22 01:31:36,400 [IPC Server Responder] INFO ipc.Server: IPC Server Responder: starting
dn3_1    | 2022-01-22 01:32:01,977 [grpc-default-executor-3] INFO impl.RoleInfo: 33769fef-2ac7-4ea1-99fe-65504abfc1b7: start 33769fef-2ac7-4ea1-99fe-65504abfc1b7@group-CF1F14EB2C83-FollowerState
om3_1    | 2022-01-22 01:31:47,156 [pool-23-thread-1] INFO server.RaftServerConfigKeys: raft.server.log.statemachine.data.sync = true (default)
dn2_1    | 2022-01-22 01:32:01,980 [grpc-default-executor-2] INFO server.RaftServer$Division: ee78b951-9d40-4361-8a06-ec3eaca952b6@group-CF1F14EB2C83: receive requestVote(ELECTION, 83c6ce7a-c136-4390-91a6-474803509736, group-CF1F14EB2C83, 19, (t:15, i:10))
dn1_1    | 2022-01-22 01:33:21,007 [grpc-default-executor-3] INFO server.RaftServer$Division: 83c6ce7a-c136-4390-91a6-474803509736@group-C0AB6341FA8D: changes role from  FOLLOWER to FOLLOWER at term 1 for candidate:33769fef-2ac7-4ea1-99fe-65504abfc1b7
scm_1    | 2022-01-22 01:31:36,453 [IPC Server listener on 9860] INFO ipc.Server: IPC Server listener on 9860: starting
