kdc_1       | Apr 30 10:34:31 kdc krb5kdc[8](info): AS_REQ (8 etypes {18 17 20 19 16 23 25 26}) 127.0.0.1: ISSUE: authtime 1588242871, etypes {rep=18 tkt=18 ses=18}, admin/admin@EXAMPLE.COM for kadmin/admin@EXAMPLE.COM
nm_1        | Download HTTP/nm@EXAMPLE.COM keytab file to /etc/security/keytabs/HTTP.keytab
om_1        | Got 200, KDC service ready!!
om_1        | Download om/om@EXAMPLE.COM keytab file to /etc/security/keytabs/om.keytab
rm_1        | Sleeping for 5 seconds
kms_1       |  default = FILE:/var/log/krb5libs.log
kms_1       |  kdc = FILE:/var/log/krb5kdc.log
kms_1       |  admin_server = FILE:/var/log/kadmind.log
kms_1       | 
kms_1       | [libdefaults]
kms_1       |  dns_canonicalize_hostname = false
kms_1       |  dns_lookup_realm = false
kms_1       |  ticket_lifetime = 24h
kms_1       |  renew_lifetime = 7d
kms_1       |  forwardable = true
kms_1       |  rdns = false
kms_1       |  default_realm = EXAMPLE.COM
kms_1       | 
kms_1       | [realms]
kms_1       |  EXAMPLE.COM = {
kms_1       |   kdc = kdc
kms_1       |   admin_server = kdc
kms_1       |  }
kms_1       | 
kms_1       | [domain_realm]
kms_1       |  .example.com = EXAMPLE.COM
kms_1       | WARNING: /opt/hadoop/temp does not exist. Creating.
kdc_1       | Apr 30 10:34:31 kdc krb5kdc[8](info): AS_REQ (8 etypes {18 17 20 19 16 23 25 26}) 127.0.0.1: SERVER_NOT_FOUND: admin/admin@EXAMPLE.COM for kadmin/localhost@EXAMPLE.COM, Server not found in Kerberos database
kdc_1       | Apr 30 10:34:31 kdc krb5kdc[8](info): AS_REQ (8 etypes {18 17 20 19 16 23 25 26}) 127.0.0.1: ISSUE: authtime 1588242871, etypes {rep=18 tkt=18 ses=18}, admin/admin@EXAMPLE.COM for kadmin/admin@EXAMPLE.COM
kdc_1       | Apr 30 10:34:31 kdc krb5kdc[8](info): AS_REQ (8 etypes {18 17 20 19 16 23 25 26}) 127.0.0.1: SERVER_NOT_FOUND: admin/admin@EXAMPLE.COM for kadmin/localhost@EXAMPLE.COM, Server not found in Kerberos database
kdc_1       | Apr 30 10:34:31 kdc krb5kdc[8](info): AS_REQ (8 etypes {18 17 20 19 16 23 25 26}) 127.0.0.1: ISSUE: authtime 1588242871, etypes {rep=18 tkt=18 ses=18}, admin/admin@EXAMPLE.COM for kadmin/admin@EXAMPLE.COM
kdc_1       | Apr 30 10:34:31 kdc krb5kdc[8](info): AS_REQ (8 etypes {18 17 20 19 16 23 25 26}) 127.0.0.1: SERVER_NOT_FOUND: admin/admin@EXAMPLE.COM for kadmin/localhost@EXAMPLE.COM, Server not found in Kerberos database
kdc_1       | Apr 30 10:34:31 kdc krb5kdc[8](info): AS_REQ (8 etypes {18 17 20 19 16 23 25 26}) 127.0.0.1: ISSUE: authtime 1588242871, etypes {rep=18 tkt=18 ses=18}, admin/admin@EXAMPLE.COM for kadmin/admin@EXAMPLE.COM
kdc_1       | Apr 30 10:34:31 kdc krb5kdc[8](info): AS_REQ (8 etypes {18 17 20 19 16 23 25 26}) 127.0.0.1: SERVER_NOT_FOUND: admin/admin@EXAMPLE.COM for kadmin/localhost@EXAMPLE.COM, Server not found in Kerberos database
kdc_1       | Apr 30 10:34:31 kdc krb5kdc[8](info): AS_REQ (8 etypes {18 17 20 19 16 23 25 26}) 127.0.0.1: ISSUE: authtime 1588242871, etypes {rep=18 tkt=18 ses=18}, admin/admin@EXAMPLE.COM for kadmin/admin@EXAMPLE.COM
kdc_1       | Apr 30 10:34:31 kdc krb5kdc[8](info): AS_REQ (8 etypes {18 17 20 19 16 23 25 26}) 127.0.0.1: SERVER_NOT_FOUND: admin/admin@EXAMPLE.COM for kadmin/localhost@EXAMPLE.COM, Server not found in Kerberos database
kdc_1       | Apr 30 10:34:31 kdc krb5kdc[8](info): AS_REQ (8 etypes {18 17 20 19 16 23 25 26}) 127.0.0.1: ISSUE: authtime 1588242871, etypes {rep=18 tkt=18 ses=18}, admin/admin@EXAMPLE.COM for kadmin/admin@EXAMPLE.COM
kdc_1       | Apr 30 10:34:31 kdc krb5kdc[8](info): AS_REQ (8 etypes {18 17 20 19 16 23 25 26}) 127.0.0.1: SERVER_NOT_FOUND: admin/admin@EXAMPLE.COM for kadmin/localhost@EXAMPLE.COM, Server not found in Kerberos database
datanode_3  | 2020-04-30 10:35:25,259 [e904ad9d-93a6-4b7c-b77a-a4d313809be8@group-0CC37E673554-LeaderElection1] INFO server.RaftServerConfigKeys: raft.server.write.byte-limit = 1073741824 (custom)
om_1        | --2020-04-30 10:34:34--  http://kdc:8081/keytab/om/om
kdc_1       | Apr 30 10:34:31 kdc krb5kdc[8](info): AS_REQ (8 etypes {18 17 20 19 16 23 25 26}) 127.0.0.1: ISSUE: authtime 1588242871, etypes {rep=18 tkt=18 ses=18}, admin/admin@EXAMPLE.COM for kadmin/admin@EXAMPLE.COM
nm_1        | --2020-04-30 10:34:31--  http://kdc:8081/keytab/nm/HTTP
kms_1       | WARNING: /opt/hadoop/logs does not exist. Creating.
rm_1        | Setting up kerberos!!
rm_1        | KDC ISSUER_SERVER => kdc:8081
datanode_3  | 2020-04-30 10:35:25,274 [e904ad9d-93a6-4b7c-b77a-a4d313809be8@group-0CC37E673554-LeaderElection1] INFO server.RaftServerConfigKeys: raft.server.watch.timeout = 180s (custom)
om_1        | Resolving kdc (kdc)... 172.23.0.4
kdc_1       | Apr 30 10:34:31 kdc krb5kdc[8](info): AS_REQ (8 etypes {18 17 20 19 16 23 25 26}) 127.0.0.1: SERVER_NOT_FOUND: admin/admin@EXAMPLE.COM for kadmin/localhost@EXAMPLE.COM, Server not found in Kerberos database
nm_1        | Resolving kdc (kdc)... 172.23.0.4
kms_1       | Apr 30, 2020 10:34:44 AM com.sun.jersey.api.core.PackagesResourceConfig init
rm_1        | /opt/starter.sh: line 66: SLEEP_SECONDS: command not found
s3g_1       | Sleeping for 5 seconds
datanode_3  | 2020-04-30 10:35:25,278 [e904ad9d-93a6-4b7c-b77a-a4d313809be8@group-0CC37E673554-LeaderElection1] INFO server.RaftServerConfigKeys: raft.server.watch.timeout.denomination = 1s (default)
om_1        | Connecting to kdc (kdc)|172.23.0.4|:8081... connected.
scm_1       | Sleeping for 5 seconds
kdc_1       | Apr 30 10:34:31 kdc krb5kdc[8](info): AS_REQ (8 etypes {18 17 20 19 16 23 25 26}) 127.0.0.1: ISSUE: authtime 1588242871, etypes {rep=18 tkt=18 ses=18}, admin/admin@EXAMPLE.COM for kadmin/admin@EXAMPLE.COM
nm_1        | Connecting to kdc (kdc)|172.23.0.4|:8081... connected.
kms_1       | INFO: Scanning for root resource and provider classes in the packages:
rm_1        | Sleeping for  seconds
s3g_1       | Setting up kerberos!!
datanode_3  | 2020-04-30 10:35:25,278 [e904ad9d-93a6-4b7c-b77a-a4d313809be8@group-0CC37E673554-LeaderElection1] INFO server.RaftServerConfigKeys: raft.server.watch.element-limit = 65536 (default)
om_1        | HTTP request sent, awaiting response... 200 OK
scm_1       | Setting up kerberos!!
kdc_1       | Apr 30 10:34:31 kdc krb5kdc[8](info): AS_REQ (8 etypes {18 17 20 19 16 23 25 26}) 127.0.0.1: SERVER_NOT_FOUND: admin/admin@EXAMPLE.COM for kadmin/localhost@EXAMPLE.COM, Server not found in Kerberos database
nm_1        | HTTP request sent, awaiting response... 200 OK
kms_1       |   org.apache.hadoop.crypto.key.kms.server
rm_1        | Got 200, KDC service ready!!
s3g_1       | KDC ISSUER_SERVER => kdc:8081
datanode_3  | 2020-04-30 10:35:25,286 [e904ad9d-93a6-4b7c-b77a-a4d313809be8@group-0CC37E673554-LeaderElection1] INFO impl.RoleInfo: e904ad9d-93a6-4b7c-b77a-a4d313809be8: start LeaderState
om_1        | Length: 138 [application/octet-stream]
scm_1       | KDC ISSUER_SERVER => kdc:8081
kdc_1       | Apr 30 10:34:31 kdc krb5kdc[8](info): AS_REQ (8 etypes {18 17 20 19 16 23 25 26}) 127.0.0.1: ISSUE: authtime 1588242871, etypes {rep=18 tkt=18 ses=18}, admin/admin@EXAMPLE.COM for kadmin/admin@EXAMPLE.COM
nm_1        | Length: 142 [application/octet-stream]
kms_1       | Apr 30, 2020 10:34:45 AM com.sun.jersey.api.core.ScanningResourceConfig logClasses
rm_1        | Download rm/rm@EXAMPLE.COM keytab file to /etc/security/keytabs/rm.keytab
s3g_1       | Sleeping for 5 seconds
datanode_3  | 2020-04-30 10:35:25,304 [e904ad9d-93a6-4b7c-b77a-a4d313809be8@group-0CC37E673554-LeaderElection1] INFO segmented.SegmentedRaftLogWorker: e904ad9d-93a6-4b7c-b77a-a4d313809be8@group-0CC37E673554-SegmentedRaftLogWorker: Starting segment from index:0
om_1        | Saving to: '/etc/security/keytabs/om.keytab'
scm_1       | Sleeping for 5 seconds
kdc_1       | Apr 30 10:34:31 kdc krb5kdc[8](info): AS_REQ (8 etypes {18 17 20 19 16 23 25 26}) 127.0.0.1: SERVER_NOT_FOUND: admin/admin@EXAMPLE.COM for kadmin/localhost@EXAMPLE.COM, Server not found in Kerberos database
nm_1        | Saving to: '/etc/security/keytabs/HTTP.keytab'
nm_1        | 
rm_1        | --2020-04-30 10:34:35--  http://kdc:8081/keytab/rm/rm
s3g_1       | Got 200, KDC service ready!!
datanode_3  | 2020-04-30 10:35:25,326 [e904ad9d-93a6-4b7c-b77a-a4d313809be8@group-0CC37E673554-LeaderElection1] INFO impl.RaftServerImpl: e904ad9d-93a6-4b7c-b77a-a4d313809be8@group-0CC37E673554: set configuration 0: [e904ad9d-93a6-4b7c-b77a-a4d313809be8:172.23.0.5:9858], old=null at 0
om_1        | 
scm_1       | Got 200, KDC service ready!!
nm_1        |      0K                                                       100% 5.25M=0s
kms_1       | INFO: Root resource classes found:
kdc_1       | Apr 30 10:34:31 kdc krb5kdc[8](info): AS_REQ (8 etypes {18 17 20 19 16 23 25 26}) 127.0.0.1: ISSUE: authtime 1588242871, etypes {rep=18 tkt=18 ses=18}, admin/admin@EXAMPLE.COM for kadmin/admin@EXAMPLE.COM
rm_1        | Resolving kdc (kdc)... 172.23.0.4
s3g_1       | Download s3g/s3g@EXAMPLE.COM keytab file to /etc/security/keytabs/s3g.keytab
datanode_3  | 2020-04-30 10:35:25,385 [e904ad9d-93a6-4b7c-b77a-a4d313809be8@group-0CC37E673554-SegmentedRaftLogWorker] INFO segmented.SegmentedRaftLogWorker: e904ad9d-93a6-4b7c-b77a-a4d313809be8@group-0CC37E673554-SegmentedRaftLogWorker: created new log segment /data/metadata/ratis/57878e5c-0477-4764-80e4-0cc37e673554/current/log_inprogress_0
om_1        |      0K                                                       100% 22.7M=0s
scm_1       | Download scm/scm@EXAMPLE.COM keytab file to /etc/security/keytabs/scm.keytab
nm_1        | 
kms_1       |   class org.apache.hadoop.crypto.key.kms.server.KMS
kdc_1       | Apr 30 10:34:31 kdc krb5kdc[8](info): AS_REQ (8 etypes {18 17 20 19 16 23 25 26}) 127.0.0.1: SERVER_NOT_FOUND: admin/admin@EXAMPLE.COM for kadmin/localhost@EXAMPLE.COM, Server not found in Kerberos database
rm_1        | Connecting to kdc (kdc)|172.23.0.4|:8081... connected.
s3g_1       | --2020-04-30 10:34:34--  http://kdc:8081/keytab/s3g/s3g
datanode_3  | 2020-04-30 10:35:25,408 [Thread-23] INFO impl.FollowerState: e904ad9d-93a6-4b7c-b77a-a4d313809be8@group-2B349C58C023-FollowerState: change to CANDIDATE, lastRpcTime:5170ms, electionTimeout:5164ms
om_1        | 
scm_1       | --2020-04-30 10:34:33--  http://kdc:8081/keytab/scm/scm
nm_1        | 2020-04-30 10:34:31 (5.25 MB/s) - '/etc/security/keytabs/HTTP.keytab' saved [142/142]
kms_1       | Apr 30, 2020 10:34:45 AM com.sun.jersey.api.core.ScanningResourceConfig logClasses
kdc_1       | Apr 30 10:34:31 kdc krb5kdc[8](info): AS_REQ (8 etypes {18 17 20 19 16 23 25 26}) 127.0.0.1: ISSUE: authtime 1588242871, etypes {rep=18 tkt=18 ses=18}, admin/admin@EXAMPLE.COM for kadmin/admin@EXAMPLE.COM
rm_1        | HTTP request sent, awaiting response... 200 OK
s3g_1       | Resolving kdc (kdc)... 172.23.0.4
datanode_3  | 2020-04-30 10:35:25,408 [Thread-23] INFO impl.RoleInfo: e904ad9d-93a6-4b7c-b77a-a4d313809be8: shutdown FollowerState
om_1        | 2020-04-30 10:34:35 (22.7 MB/s) - '/etc/security/keytabs/om.keytab' saved [138/138]
scm_1       | Resolving kdc (kdc)... 172.23.0.4
nm_1        | 
kms_1       | INFO: Provider classes found:
kdc_1       | Apr 30 10:34:31 kdc krb5kdc[8](info): AS_REQ (8 etypes {18 17 20 19 16 23 25 26}) 127.0.0.1: SERVER_NOT_FOUND: admin/admin@EXAMPLE.COM for kadmin/localhost@EXAMPLE.COM, Server not found in Kerberos database
rm_1        | Length: 138 [application/octet-stream]
s3g_1       | Connecting to kdc (kdc)|172.23.0.4|:8081... connected.
datanode_3  | 2020-04-30 10:35:25,408 [Thread-23] INFO impl.RaftServerImpl: e904ad9d-93a6-4b7c-b77a-a4d313809be8@group-2B349C58C023: changes role from  FOLLOWER to CANDIDATE at term 0 for changeToCandidate
om_1        | 
scm_1       | Connecting to kdc (kdc)|172.23.0.4|:8081... connected.
nm_1        | Keytab name: FILE:/etc/security/keytabs/HTTP.keytab
kms_1       |   class org.apache.hadoop.crypto.key.kms.server.KMSJSONWriter
kdc_1       | Apr 30 10:34:31 kdc krb5kdc[8](info): AS_REQ (8 etypes {18 17 20 19 16 23 25 26}) 127.0.0.1: ISSUE: authtime 1588242871, etypes {rep=18 tkt=18 ses=18}, admin/admin@EXAMPLE.COM for kadmin/admin@EXAMPLE.COM
rm_1        | Saving to: '/etc/security/keytabs/rm.keytab'
s3g_1       | HTTP request sent, awaiting response... 200 OK
datanode_3  | 2020-04-30 10:35:25,408 [Thread-23] INFO impl.RoleInfo: e904ad9d-93a6-4b7c-b77a-a4d313809be8: start LeaderElection
om_1        | --2020-04-30 10:34:35--  http://kdc:8081/keytab/om/HTTP
scm_1       | HTTP request sent, awaiting response... 200 OK
nm_1        | KVNO Timestamp         Principal
kms_1       |   class org.apache.hadoop.crypto.key.kms.server.KMSExceptionsProvider
kdc_1       | Apr 30 10:34:32 kdc krb5kdc[8](info): AS_REQ (8 etypes {18 17 20 19 16 23 25 26}) 127.0.0.1: SERVER_NOT_FOUND: admin/admin@EXAMPLE.COM for kadmin/localhost@EXAMPLE.COM, Server not found in Kerberos database
rm_1        | 
s3g_1       | Length: 142 [application/octet-stream]
datanode_3  | 2020-04-30 10:35:25,410 [e904ad9d-93a6-4b7c-b77a-a4d313809be8@group-2B349C58C023-LeaderElection2] INFO impl.LeaderElection: e904ad9d-93a6-4b7c-b77a-a4d313809be8@group-2B349C58C023-LeaderElection2: begin an election at term 1 for -1: [e904ad9d-93a6-4b7c-b77a-a4d313809be8:172.23.0.5:9858, 28078697-644f-43d2-95d5-1926b9c43dfb:172.23.0.7:9858, 4c813264-2202-428b-8915-d47f4614f046:172.23.0.2:9858], old=null
om_1        | Keytab name: FILE:/etc/security/keytabs/om.keytab
scm_1       | Length: 142 [application/octet-stream]
nm_1        | ---- ----------------- --------------------------------------------------------
kms_1       |   class org.apache.hadoop.crypto.key.kms.server.KMSJSONReader
kdc_1       | Apr 30 10:34:32 kdc krb5kdc[8](info): AS_REQ (8 etypes {18 17 20 19 16 23 25 26}) 127.0.0.1: ISSUE: authtime 1588242872, etypes {rep=18 tkt=18 ses=18}, admin/admin@EXAMPLE.COM for kadmin/admin@EXAMPLE.COM
rm_1        |      0K                                                       100% 21.2M=0s
s3g_1       | Saving to: '/etc/security/keytabs/s3g.keytab'
datanode_3  | 2020-04-30 10:35:25,492 [e904ad9d-93a6-4b7c-b77a-a4d313809be8@group-2B349C58C023-LeaderElection2] INFO impl.LeaderElection: e904ad9d-93a6-4b7c-b77a-a4d313809be8@group-2B349C58C023-LeaderElection2: Election PASSED; received 1 response(s) [e904ad9d-93a6-4b7c-b77a-a4d313809be8<-4c813264-2202-428b-8915-d47f4614f046#0:OK-t1] and 0 exception(s); e904ad9d-93a6-4b7c-b77a-a4d313809be8@group-2B349C58C023:t1, leader=null, voted=e904ad9d-93a6-4b7c-b77a-a4d313809be8, raftlog=e904ad9d-93a6-4b7c-b77a-a4d313809be8@group-2B349C58C023-SegmentedRaftLog:OPENED:c-1,f-1,i0, conf=-1: [e904ad9d-93a6-4b7c-b77a-a4d313809be8:172.23.0.5:9858, 28078697-644f-43d2-95d5-1926b9c43dfb:172.23.0.7:9858, 4c813264-2202-428b-8915-d47f4614f046:172.23.0.2:9858], old=null
om_1        | KVNO Timestamp         Principal
scm_1       | Saving to: '/etc/security/keytabs/scm.keytab'
nm_1        |    2 04/30/20 10:34:31 HTTP/nm@EXAMPLE.COM
kms_1       | Apr 30, 2020 10:34:45 AM com.sun.jersey.server.impl.application.WebApplicationImpl _initiate
kdc_1       | Authenticating as principal admin/admin with keytab /tmp/admin.keytab.
rm_1        | 
s3g_1       | 
datanode_3  | 2020-04-30 10:35:25,493 [e904ad9d-93a6-4b7c-b77a-a4d313809be8@group-2B349C58C023-LeaderElection2] INFO impl.RoleInfo: e904ad9d-93a6-4b7c-b77a-a4d313809be8: shutdown LeaderElection
om_1        | ---- ----------------- --------------------------------------------------------
scm_1       | 
nm_1        |    2 04/30/20 10:34:31 HTTP/nm@EXAMPLE.COM
kms_1       | INFO: Initiating Jersey application, version 'Jersey: 1.19 02/11/2015 03:25 AM'
kdc_1       | Entry for principal dn/e72436009596@EXAMPLE.COM with kvno 2, encryption type aes256-cts-hmac-sha1-96 added to keytab WRFILE:/data/dn.e72436009596.keytab.
rm_1        | 2020-04-30 10:34:36 (21.2 MB/s) - '/etc/security/keytabs/rm.keytab' saved [138/138]
s3g_1       |      0K                                                       100% 35.6M=0s
datanode_3  | 2020-04-30 10:35:25,493 [e904ad9d-93a6-4b7c-b77a-a4d313809be8@group-2B349C58C023-LeaderElection2] INFO impl.RaftServerImpl: e904ad9d-93a6-4b7c-b77a-a4d313809be8@group-2B349C58C023: changes role from CANDIDATE to LEADER at term 1 for changeToLeader
om_1        |    2 04/30/20 10:34:35 om/om@EXAMPLE.COM
scm_1       |      0K                                                       100% 21.2M=0s
nm_1        | # Licensed to the Apache Software Foundation (ASF) under one or more
kms_1       | Apr 30, 2020 10:36:09 AM com.sun.jersey.server.wadl.generators.WadlGeneratorJAXBGrammarGenerator buildModelAndSchemas
kdc_1       | Entry for principal dn/e72436009596@EXAMPLE.COM with kvno 2, encryption type aes128-cts-hmac-sha1-96 added to keytab WRFILE:/data/dn.e72436009596.keytab.
rm_1        | 
s3g_1       | 
datanode_3  | 2020-04-30 10:35:25,493 [e904ad9d-93a6-4b7c-b77a-a4d313809be8@group-2B349C58C023-LeaderElection2] INFO ratis.XceiverServerRatis: Leader change notification received for group: group-2B349C58C023 with new leaderId: e904ad9d-93a6-4b7c-b77a-a4d313809be8
datanode_3  | 2020-04-30 10:35:25,493 [e904ad9d-93a6-4b7c-b77a-a4d313809be8@group-2B349C58C023-LeaderElection2] INFO impl.RaftServerImpl: e904ad9d-93a6-4b7c-b77a-a4d313809be8@group-2B349C58C023: change Leader from null to e904ad9d-93a6-4b7c-b77a-a4d313809be8 at term 1 for becomeLeader, leader elected after 5272ms
scm_1       | 
nm_1        | # contributor license agreements.  See the NOTICE file distributed with
kms_1       | SEVERE: Failed to generate the schema for the JAX-B elements
kdc_1       | Generiting keytab
rm_1        | Keytab name: FILE:/etc/security/keytabs/rm.keytab
s3g_1       | 2020-04-30 10:34:35 (35.6 MB/s) - '/etc/security/keytabs/s3g.keytab' saved [142/142]
datanode_3  | 2020-04-30 10:35:25,494 [e904ad9d-93a6-4b7c-b77a-a4d313809be8@group-2B349C58C023-LeaderElection2] INFO server.RaftServerConfigKeys: raft.server.staging.catchup.gap = 1000 (default)
om_1        |    2 04/30/20 10:34:35 om/om@EXAMPLE.COM
scm_1       | 2020-04-30 10:34:33 (21.2 MB/s) - '/etc/security/keytabs/scm.keytab' saved [142/142]
nm_1        | # this work for additional information regarding copyright ownership.
kms_1       | com.sun.xml.bind.v2.runtime.IllegalAnnotationsException: 2 counts of IllegalAnnotationExceptions
kdc_1       | Authenticating as principal admin/admin with keytab /tmp/admin.keytab.
rm_1        | KVNO Timestamp         Principal
s3g_1       | 
datanode_3  | 2020-04-30 10:35:25,494 [e904ad9d-93a6-4b7c-b77a-a4d313809be8@group-2B349C58C023-LeaderElection2] INFO server.RaftServerConfigKeys: raft.server.rpc.sleep.time = 25ms (default)
om_1        | Download HTTP/om@EXAMPLE.COM keytab file to /etc/security/keytabs/HTTP.keytab
scm_1       | 
nm_1        | # The ASF licenses this file to You under the Apache License, Version 2.0
kms_1       | java.util.Map is an interface, and JAXB can't handle interfaces.
kdc_1       | WARNING: no policy specified for HTTP/e72436009596@EXAMPLE.COM; defaulting to no policy
rm_1        | ---- ----------------- --------------------------------------------------------
s3g_1       | Keytab name: FILE:/etc/security/keytabs/s3g.keytab
datanode_3  | 2020-04-30 10:35:25,494 [e904ad9d-93a6-4b7c-b77a-a4d313809be8@group-2B349C58C023-LeaderElection2] INFO metrics.RatisMetrics: Creating Metrics Registry : ratis.log_appender.e904ad9d-93a6-4b7c-b77a-a4d313809be8@group-2B349C58C023
om_1        | Resolving kdc (kdc)... 172.23.0.4
scm_1       | Keytab name: FILE:/etc/security/keytabs/scm.keytab
nm_1        | # (the "License"); you may not use this file except in compliance with
kms_1       | 	this problem is related to the following location:
kdc_1       | Principal "HTTP/e72436009596@EXAMPLE.COM" created.
rm_1        |    2 04/30/20 10:34:36 rm/rm@EXAMPLE.COM
s3g_1       | KVNO Timestamp         Principal
datanode_3  | 2020-04-30 10:35:25,511 [e904ad9d-93a6-4b7c-b77a-a4d313809be8@group-2B349C58C023-LeaderElection2] INFO server.RaftServerConfigKeys: raft.server.write.element-limit = 1024 (custom)
om_1        | Connecting to kdc (kdc)|172.23.0.4|:8081... connected.
scm_1       | KVNO Timestamp         Principal
nm_1        | # the License.  You may obtain a copy of the License at
kms_1       | 		at java.util.Map
kdc_1       | Authenticating as principal admin/admin with keytab /tmp/admin.keytab.
rm_1        |    2 04/30/20 10:34:36 rm/rm@EXAMPLE.COM
s3g_1       | ---- ----------------- --------------------------------------------------------
datanode_3  | 2020-04-30 10:35:25,512 [e904ad9d-93a6-4b7c-b77a-a4d313809be8@group-2B349C58C023-LeaderElection2] INFO server.RaftServerConfigKeys: raft.server.write.byte-limit = 1073741824 (custom)
om_1        | HTTP request sent, awaiting response... 200 OK
scm_1       | ---- ----------------- --------------------------------------------------------
nm_1        | #
kms_1       | java.util.Map does not have a no-arg default constructor.
kdc_1       | Entry for principal HTTP/e72436009596@EXAMPLE.COM with kvno 2, encryption type aes256-cts-hmac-sha1-96 added to keytab WRFILE:/data/HTTP.e72436009596.keytab.
rm_1        | Download HTTP/rm@EXAMPLE.COM keytab file to /etc/security/keytabs/HTTP.keytab
s3g_1       |    2 04/30/20 10:34:35 s3g/s3g@EXAMPLE.COM
datanode_3  | 2020-04-30 10:35:25,512 [e904ad9d-93a6-4b7c-b77a-a4d313809be8@group-2B349C58C023-LeaderElection2] INFO server.RaftServerConfigKeys: raft.server.watch.timeout = 180s (custom)
om_1        | Length: 142 [application/octet-stream]
scm_1       |    2 04/30/20 10:34:33 scm/scm@EXAMPLE.COM
nm_1        | #     http://www.apache.org/licenses/LICENSE-2.0
kms_1       | 	this problem is related to the following location:
kdc_1       | Entry for principal HTTP/e72436009596@EXAMPLE.COM with kvno 2, encryption type aes128-cts-hmac-sha1-96 added to keytab WRFILE:/data/HTTP.e72436009596.keytab.
rm_1        | --2020-04-30 10:34:36--  http://kdc:8081/keytab/rm/HTTP
s3g_1       |    2 04/30/20 10:34:35 s3g/s3g@EXAMPLE.COM
datanode_3  | 2020-04-30 10:35:25,512 [e904ad9d-93a6-4b7c-b77a-a4d313809be8@group-2B349C58C023-LeaderElection2] INFO server.RaftServerConfigKeys: raft.server.watch.timeout.denomination = 1s (default)
om_1        | Saving to: '/etc/security/keytabs/HTTP.keytab'
scm_1       |    2 04/30/20 10:34:33 scm/scm@EXAMPLE.COM
nm_1        | #
kms_1       | 		at java.util.Map
kdc_1       | Apr 30 10:34:32 kdc kadmind[13](Notice): Request: kadm5_create_principal, dn/e72436009596@EXAMPLE.COM, success, client=admin/admin@EXAMPLE.COM, service=kadmin/admin@EXAMPLE.COM, addr=127.0.0.1
rm_1        | Resolving kdc (kdc)... 172.23.0.4
s3g_1       | Download HTTP/s3g@EXAMPLE.COM keytab file to /etc/security/keytabs/HTTP.keytab
datanode_3  | 2020-04-30 10:35:25,512 [e904ad9d-93a6-4b7c-b77a-a4d313809be8@group-2B349C58C023-LeaderElection2] INFO server.RaftServerConfigKeys: raft.server.watch.element-limit = 65536 (default)
om_1        | 
scm_1       | Download HTTP/scm@EXAMPLE.COM keytab file to /etc/security/keytabs/HTTP.keytab
nm_1        | # Unless required by applicable law or agreed to in writing, software
kms_1       | 
kdc_1       | Apr 30 10:34:32 kdc kadmind[13](info): closing down fd 18
rm_1        | Connecting to kdc (kdc)|172.23.0.4|:8081... connected.
s3g_1       | --2020-04-30 10:34:35--  http://kdc:8081/keytab/s3g/HTTP
datanode_3  | 2020-04-30 10:35:25,523 [e904ad9d-93a6-4b7c-b77a-a4d313809be8@group-2B349C58C023-LeaderElection2] INFO server.RaftServerConfigKeys: raft.server.log.appender.snapshot.chunk.size.max = 16MB (=16777216) (default)
om_1        |      0K                                                       100% 28.2M=0s
scm_1       | --2020-04-30 10:34:33--  http://kdc:8081/keytab/scm/HTTP
nm_1        | # distributed under the License is distributed on an "AS IS" BASIS,
kms_1       | 	at com.sun.xml.bind.v2.runtime.IllegalAnnotationsException$Builder.check(IllegalAnnotationsException.java:106)
kdc_1       | Apr 30 10:34:32 kdc kadmind[13](Notice): Request: kadm5_init, admin/admin@EXAMPLE.COM, success, client=admin/admin@EXAMPLE.COM, service=kadmin/admin@EXAMPLE.COM, addr=127.0.0.1, vers=4, flavor=6
rm_1        | HTTP request sent, awaiting response... 200 OK
s3g_1       | Resolving kdc (kdc)... 172.23.0.4
datanode_3  | 2020-04-30 10:35:25,523 [e904ad9d-93a6-4b7c-b77a-a4d313809be8@group-2B349C58C023-LeaderElection2] INFO server.RaftServerConfigKeys: raft.server.log.appender.buffer.byte-limit = 33554432 (custom)
om_1        | 
scm_1       | Resolving kdc (kdc)... 172.23.0.4
nm_1        | # WITHOUT WARRANTIES OR CONDITIONS OF ANY KIND, either express or implied.
kms_1       | 	at com.sun.xml.bind.v2.runtime.JAXBContextImpl.getTypeInfoSet(JAXBContextImpl.java:489)
kdc_1       | Apr 30 10:34:32 kdc kadmind[13](Notice): Request: kadm5_randkey_principal, dn/e72436009596@EXAMPLE.COM, success, client=admin/admin@EXAMPLE.COM, service=kadmin/admin@EXAMPLE.COM, addr=127.0.0.1
rm_1        | Length: 142 [application/octet-stream]
s3g_1       | Connecting to kdc (kdc)|172.23.0.4|:8081... connected.
datanode_3  | 2020-04-30 10:35:25,524 [e904ad9d-93a6-4b7c-b77a-a4d313809be8@group-2B349C58C023-LeaderElection2] INFO server.RaftServerConfigKeys: raft.server.log.appender.buffer.element-limit = 1 (custom)
om_1        | 2020-04-30 10:34:35 (28.2 MB/s) - '/etc/security/keytabs/HTTP.keytab' saved [142/142]
scm_1       | Connecting to kdc (kdc)|172.23.0.4|:8081... connected.
nm_1        | # See the License for the specific language governing permissions and
kms_1       | 	at com.sun.xml.bind.v2.runtime.JAXBContextImpl.<init>(JAXBContextImpl.java:319)
kdc_1       | Apr 30 10:34:32 kdc kadmind[13](Notice): Request: kadm5_get_principal, dn/e72436009596@EXAMPLE.COM, success, client=admin/admin@EXAMPLE.COM, service=kadmin/admin@EXAMPLE.COM, addr=127.0.0.1
rm_1        | Saving to: '/etc/security/keytabs/HTTP.keytab'
s3g_1       | HTTP request sent, awaiting response... 200 OK
datanode_3  | 2020-04-30 10:35:25,539 [e904ad9d-93a6-4b7c-b77a-a4d313809be8@group-2B349C58C023-LeaderElection2] INFO grpc.GrpcConfigKeys: raft.grpc.server.leader.outstanding.appends.max = 128 (default)
om_1        | 
scm_1       | HTTP request sent, awaiting response... 200 OK
nm_1        | # limitations under the License.
kms_1       | 	at com.sun.xml.bind.v2.runtime.JAXBContextImpl$JAXBContextBuilder.build(JAXBContextImpl.java:1170)
kdc_1       | Apr 30 10:34:32 kdc kadmind[13](info): closing down fd 18
rm_1        | 
rm_1        |      0K                                                       100% 30.8M=0s
s3g_1       | Length: 144 [application/octet-stream]
datanode_3  | 2020-04-30 10:35:25,540 [e904ad9d-93a6-4b7c-b77a-a4d313809be8@group-2B349C58C023-LeaderElection2] INFO server.RaftServerConfigKeys: raft.server.rpc.request.timeout = 60s (custom)
om_1        | Keytab name: FILE:/etc/security/keytabs/HTTP.keytab
scm_1       | Length: 144 [application/octet-stream]
nm_1        | 
kms_1       | 	at com.sun.xml.bind.v2.ContextFactory.createContext(ContextFactory.java:145)
kdc_1       | Apr 30 10:34:32 kdc kadmind[13](Notice): Request: kadm5_init, admin/admin@EXAMPLE.COM, success, client=admin/admin@EXAMPLE.COM, service=kadmin/admin@EXAMPLE.COM, addr=127.0.0.1, vers=4, flavor=6
rm_1        | 
s3g_1       | Saving to: '/etc/security/keytabs/HTTP.keytab'
datanode_3  | 2020-04-30 10:35:25,541 [e904ad9d-93a6-4b7c-b77a-a4d313809be8@group-2B349C58C023-LeaderElection2] INFO server.RaftServerConfigKeys: raft.server.log.appender.install.snapshot.enabled = false (custom)
om_1        | KVNO Timestamp         Principal
scm_1       | Saving to: '/etc/security/keytabs/HTTP.keytab'
nm_1        | [logging]
kms_1       | 	at sun.reflect.NativeMethodAccessorImpl.invoke0(Native Method)
kdc_1       | Apr 30 10:34:32 kdc kadmind[13](Notice): Request: kadm5_get_policy, default, Policy does not exist, client=admin/admin@EXAMPLE.COM, service=kadmin/admin@EXAMPLE.COM, addr=127.0.0.1
rm_1        | 2020-04-30 10:34:36 (30.8 MB/s) - '/etc/security/keytabs/HTTP.keytab' saved [142/142]
s3g_1       | 
datanode_3  | 2020-04-30 10:35:25,559 [e904ad9d-93a6-4b7c-b77a-a4d313809be8@group-2B349C58C023-LeaderElection2] INFO server.RaftServerConfigKeys: raft.server.log.appender.snapshot.chunk.size.max = 16MB (=16777216) (default)
om_1        | ---- ----------------- --------------------------------------------------------
scm_1       | 
nm_1        |  default = FILE:/var/log/krb5libs.log
kms_1       | 	at sun.reflect.NativeMethodAccessorImpl.invoke(NativeMethodAccessorImpl.java:62)
kdc_1       | Apr 30 10:34:32 kdc kadmind[13](Notice): Request: kadm5_create_principal, HTTP/e72436009596@EXAMPLE.COM, success, client=admin/admin@EXAMPLE.COM, service=kadmin/admin@EXAMPLE.COM, addr=127.0.0.1
rm_1        | 
s3g_1       |      0K                                                       100% 31.2M=0s
datanode_3  | 2020-04-30 10:35:25,565 [e904ad9d-93a6-4b7c-b77a-a4d313809be8@group-2B349C58C023-LeaderElection2] INFO server.RaftServerConfigKeys: raft.server.log.appender.buffer.byte-limit = 33554432 (custom)
om_1        |    2 04/30/20 10:34:35 HTTP/om@EXAMPLE.COM
scm_1       |      0K                                                       100% 22.1M=0s
nm_1        |  kdc = FILE:/var/log/krb5kdc.log
kms_1       | 	at sun.reflect.DelegatingMethodAccessorImpl.invoke(DelegatingMethodAccessorImpl.java:43)
kdc_1       | Apr 30 10:34:32 kdc kadmind[13](info): closing down fd 18
rm_1        | Keytab name: FILE:/etc/security/keytabs/HTTP.keytab
s3g_1       | 
datanode_3  | 2020-04-30 10:35:25,566 [e904ad9d-93a6-4b7c-b77a-a4d313809be8@group-2B349C58C023-LeaderElection2] INFO server.RaftServerConfigKeys: raft.server.log.appender.buffer.element-limit = 1 (custom)
om_1        |    2 04/30/20 10:34:35 HTTP/om@EXAMPLE.COM
scm_1       | 
nm_1        |  admin_server = FILE:/var/log/kadmind.log
kms_1       | 	at java.lang.reflect.Method.invoke(Method.java:498)
kdc_1       | Apr 30 10:34:32 kdc kadmind[13](Notice): Request: kadm5_init, admin/admin@EXAMPLE.COM, success, client=admin/admin@EXAMPLE.COM, service=kadmin/admin@EXAMPLE.COM, addr=127.0.0.1, vers=4, flavor=6
rm_1        | KVNO Timestamp         Principal
s3g_1       | 2020-04-30 10:34:35 (31.2 MB/s) - '/etc/security/keytabs/HTTP.keytab' saved [144/144]
datanode_3  | 2020-04-30 10:35:25,566 [e904ad9d-93a6-4b7c-b77a-a4d313809be8@group-2B349C58C023-LeaderElection2] INFO grpc.GrpcConfigKeys: raft.grpc.server.leader.outstanding.appends.max = 128 (default)
om_1        | Download testuser/om@EXAMPLE.COM keytab file to /etc/security/keytabs/testuser.keytab
scm_1       | 2020-04-30 10:34:34 (22.1 MB/s) - '/etc/security/keytabs/HTTP.keytab' saved [144/144]
nm_1        | 
kms_1       | 	at javax.xml.bind.ContextFinder.newInstance(ContextFinder.java:247)
kdc_1       | Apr 30 10:34:32 kdc kadmind[13](Notice): Request: kadm5_randkey_principal, HTTP/e72436009596@EXAMPLE.COM, success, client=admin/admin@EXAMPLE.COM, service=kadmin/admin@EXAMPLE.COM, addr=127.0.0.1
rm_1        | ---- ----------------- --------------------------------------------------------
s3g_1       | 
om_1        | --2020-04-30 10:34:35--  http://kdc:8081/keytab/om/testuser
scm_1       | 
nm_1        | [libdefaults]
kms_1       | 	at javax.xml.bind.ContextFinder.newInstance(ContextFinder.java:234)
kdc_1       | Apr 30 10:34:32 kdc kadmind[13](Notice): Request: kadm5_get_principal, HTTP/e72436009596@EXAMPLE.COM, success, client=admin/admin@EXAMPLE.COM, service=kadmin/admin@EXAMPLE.COM, addr=127.0.0.1
rm_1        |    2 04/30/20 10:34:36 HTTP/rm@EXAMPLE.COM
datanode_3  | 2020-04-30 10:35:25,566 [e904ad9d-93a6-4b7c-b77a-a4d313809be8@group-2B349C58C023-LeaderElection2] INFO server.RaftServerConfigKeys: raft.server.rpc.request.timeout = 60s (custom)
s3g_1       | Keytab name: FILE:/etc/security/keytabs/HTTP.keytab
om_1        | Resolving kdc (kdc)... 172.23.0.4
scm_1       | Keytab name: FILE:/etc/security/keytabs/HTTP.keytab
nm_1        |  dns_canonicalize_hostname = false
kms_1       | 	at javax.xml.bind.ContextFinder.find(ContextFinder.java:441)
kdc_1       | Apr 30 10:34:32 kdc kadmind[13](info): closing down fd 18
rm_1        |    2 04/30/20 10:34:36 HTTP/rm@EXAMPLE.COM
datanode_3  | 2020-04-30 10:35:25,567 [e904ad9d-93a6-4b7c-b77a-a4d313809be8@group-2B349C58C023-LeaderElection2] INFO server.RaftServerConfigKeys: raft.server.log.appender.install.snapshot.enabled = false (custom)
s3g_1       | KVNO Timestamp         Principal
om_1        | Connecting to kdc (kdc)|172.23.0.4|:8081... connected.
scm_1       | KVNO Timestamp         Principal
nm_1        |  dns_lookup_realm = false
kms_1       | 	at javax.xml.bind.JAXBContext.newInstance(JAXBContext.java:641)
kdc_1       | Apr 30 10:34:32 kdc krb5kdc[8](info): AS_REQ (8 etypes {18 17 20 19 16 23 25 26}) 127.0.0.1: SERVER_NOT_FOUND: admin/admin@EXAMPLE.COM for kadmin/localhost@EXAMPLE.COM, Server not found in Kerberos database
rm_1        | Download hadoop/rm@EXAMPLE.COM keytab file to /etc/security/keytabs/hadoop.keytab
datanode_3  | 2020-04-30 10:35:25,568 [e904ad9d-93a6-4b7c-b77a-a4d313809be8@group-2B349C58C023-LeaderElection2] INFO impl.RoleInfo: e904ad9d-93a6-4b7c-b77a-a4d313809be8: start LeaderState
s3g_1       | ---- ----------------- --------------------------------------------------------
om_1        | Keytab name: FILE:/etc/security/keytabs/testuser.keytab
scm_1       | ---- ----------------- --------------------------------------------------------
nm_1        |  ticket_lifetime = 24h
kms_1       | 	at javax.xml.bind.JAXBContext.newInstance(JAXBContext.java:584)
kdc_1       | Apr 30 10:34:32 kdc krb5kdc[8](info): AS_REQ (8 etypes {18 17 20 19 16 23 25 26}) 127.0.0.1: ISSUE: authtime 1588242872, etypes {rep=18 tkt=18 ses=18}, admin/admin@EXAMPLE.COM for kadmin/admin@EXAMPLE.COM
rm_1        | --2020-04-30 10:34:36--  http://kdc:8081/keytab/rm/hadoop
datanode_3  | 2020-04-30 10:35:25,582 [e904ad9d-93a6-4b7c-b77a-a4d313809be8@group-2B349C58C023-LeaderElection2] INFO segmented.SegmentedRaftLogWorker: e904ad9d-93a6-4b7c-b77a-a4d313809be8@group-2B349C58C023-SegmentedRaftLogWorker: Starting segment from index:0
s3g_1       |    2 04/30/20 10:34:35 HTTP/s3g@EXAMPLE.COM
om_1        | KVNO Timestamp         Principal
scm_1       |    2 04/30/20 10:34:34 HTTP/scm@EXAMPLE.COM
nm_1        |  renew_lifetime = 7d
kms_1       | 	at com.sun.jersey.server.wadl.generators.WadlGeneratorJAXBGrammarGenerator.buildModelAndSchemas(WadlGeneratorJAXBGrammarGenerator.java:169)
kdc_1       | Apr 30 10:34:32 kdc krb5kdc[8](info): AS_REQ (8 etypes {18 17 20 19 16 23 25 26}) 127.0.0.1: SERVER_NOT_FOUND: admin/admin@EXAMPLE.COM for kadmin/localhost@EXAMPLE.COM, Server not found in Kerberos database
rm_1        | Resolving kdc (kdc)... 172.23.0.4
datanode_3  | 2020-04-30 10:35:25,586 [e904ad9d-93a6-4b7c-b77a-a4d313809be8@group-2B349C58C023-SegmentedRaftLogWorker] INFO segmented.SegmentedRaftLogWorker: e904ad9d-93a6-4b7c-b77a-a4d313809be8@group-2B349C58C023-SegmentedRaftLogWorker: created new log segment /data/metadata/ratis/a31789a4-7edd-4502-b5cc-2b349c58c023/current/log_inprogress_0
s3g_1       |    2 04/30/20 10:34:35 HTTP/s3g@EXAMPLE.COM
om_1        | ---- ----------------- --------------------------------------------------------
om_1        |    2 04/30/20 10:34:35 testuser/om@EXAMPLE.COM
nm_1        |  forwardable = true
kms_1       | 	at com.sun.jersey.server.wadl.generators.AbstractWadlGeneratorGrammarGenerator.createExternalGrammar(AbstractWadlGeneratorGrammarGenerator.java:405)
kdc_1       | Apr 30 10:34:32 kdc krb5kdc[8](info): AS_REQ (8 etypes {18 17 20 19 16 23 25 26}) 127.0.0.1: ISSUE: authtime 1588242872, etypes {rep=18 tkt=18 ses=18}, admin/admin@EXAMPLE.COM for kadmin/admin@EXAMPLE.COM
rm_1        | Connecting to kdc (kdc)|172.23.0.4|:8081... connected.
datanode_3  | 2020-04-30 10:35:25,592 [e904ad9d-93a6-4b7c-b77a-a4d313809be8@group-2B349C58C023-LeaderElection2] INFO impl.RaftServerImpl: e904ad9d-93a6-4b7c-b77a-a4d313809be8@group-2B349C58C023: set configuration 0: [e904ad9d-93a6-4b7c-b77a-a4d313809be8:172.23.0.5:9858, 28078697-644f-43d2-95d5-1926b9c43dfb:172.23.0.7:9858, 4c813264-2202-428b-8915-d47f4614f046:172.23.0.2:9858], old=null at 0
s3g_1       | No '-XX:...' jvm parameters are used. Adding safer GC settings to the HADOOP_OPTS
om_1        |    2 04/30/20 10:34:35 testuser/om@EXAMPLE.COM
scm_1       |    2 04/30/20 10:34:34 HTTP/scm@EXAMPLE.COM
nm_1        |  rdns = false
kms_1       | 	at com.sun.jersey.server.wadl.WadlBuilder.generate(WadlBuilder.java:149)
kdc_1       | Apr 30 10:34:32 kdc krb5kdc[8](info): AS_REQ (8 etypes {18 17 20 19 16 23 25 26}) 127.0.0.1: SERVER_NOT_FOUND: admin/admin@EXAMPLE.COM for kadmin/localhost@EXAMPLE.COM, Server not found in Kerberos database
rm_1        | HTTP request sent, awaiting response... 200 OK
datanode_3  | 2020-04-30 10:35:49,613 [ChunkWriter-2-0] INFO client.DNCertificateClient: Getting certificate with certSerialId:2411896207979.
s3g_1       | OpenJDK 64-Bit Server VM warning: Option UseConcMarkSweepGC was deprecated in version 9.0 and will likely be removed in a future release.
om_1        | HTTP request sent, awaiting response... 200 OK
scm_1       | No '-XX:...' jvm parameters are used. Adding safer GC settings to the HADOOP_OPTS
nm_1        |  default_realm = EXAMPLE.COM
kms_1       | 	at com.sun.jersey.server.impl.wadl.WadlApplicationContextImpl.getApplication(WadlApplicationContextImpl.java:119)
kdc_1       | Apr 30 10:34:32 kdc krb5kdc[8](info): AS_REQ (8 etypes {18 17 20 19 16 23 25 26}) 127.0.0.1: ISSUE: authtime 1588242872, etypes {rep=18 tkt=18 ses=18}, admin/admin@EXAMPLE.COM for kadmin/admin@EXAMPLE.COM
rm_1        | Length: 146 [application/octet-stream]
s3g_1       | WARNING: An illegal reflective access operation has occurred
s3g_1       | WARNING: Illegal reflective access by org.apache.hadoop.security.authentication.util.KerberosUtil (file:/opt/hadoop/share/ozone/lib/hadoop-auth-3.2.0.jar) to method sun.security.krb5.Config.getInstance()
scm_1       | OpenJDK 64-Bit Server VM warning: Option UseConcMarkSweepGC was deprecated in version 9.0 and will likely be removed in a future release.
nm_1        | 
kms_1       | 	at com.sun.jersey.server.impl.wadl.WadlApplicationContextImpl.getApplication(WadlApplicationContextImpl.java:138)
kdc_1       | Generiting keytab
rm_1        | Saving to: '/etc/security/keytabs/hadoop.keytab'
s3g_1       | WARNING: Please consider reporting this to the maintainers of org.apache.hadoop.security.authentication.util.KerberosUtil
om_1        | Length: 150 [application/octet-stream]
scm_1       | 2020-04-30 10:34:48,174 [main] INFO server.StorageContainerManagerStarter: STARTUP_MSG: 
nm_1        | [realms]
kms_1       | 	at com.sun.jersey.server.impl.wadl.WadlMethodFactory$WadlOptionsMethodDispatcher.dispatch(WadlMethodFactory.java:110)
kdc_1       | Authenticating as principal admin/admin with keytab /tmp/admin.keytab.
rm_1        | 
s3g_1       | WARNING: Use --illegal-access=warn to enable warnings of further illegal reflective access operations
om_1        | Saving to: '/etc/security/keytabs/testuser.keytab'
scm_1       | /************************************************************
nm_1        |  EXAMPLE.COM = {
kms_1       | 	at com.sun.jersey.server.impl.uri.rules.HttpMethodRule.accept(HttpMethodRule.java:302)
kdc_1       | WARNING: no policy specified for scm/scm@EXAMPLE.COM; defaulting to no policy
rm_1        |      0K                                                       100% 24.0M=0s
s3g_1       | WARNING: All illegal access operations will be denied in a future release
om_1        | 
scm_1       | STARTUP_MSG: Starting StorageContainerManager
nm_1        |   kdc = kdc
kms_1       | 	at com.sun.jersey.server.impl.uri.rules.ResourceClassRule.accept(ResourceClassRule.java:108)
kdc_1       | Principal "scm/scm@EXAMPLE.COM" created.
rm_1        | 
s3g_1       | 2020-04-30 10:34:46,060 [main] INFO http.BaseHttpServer: Starting Web-server for s3gateway at: http://0.0.0.0:9878
om_1        |      0K                                                       100% 28.0M=0s
scm_1       | STARTUP_MSG:   host = scm/172.23.0.12
nm_1        |   admin_server = kdc
kms_1       | 	at com.sun.jersey.server.impl.uri.rules.RightHandPathRule.accept(RightHandPathRule.java:147)
kdc_1       | Authenticating as principal admin/admin with keytab /tmp/admin.keytab.
rm_1        | 2020-04-30 10:34:36 (24.0 MB/s) - '/etc/security/keytabs/hadoop.keytab' saved [146/146]
s3g_1       | 2020-04-30 10:34:46,363 [main] INFO util.log: Logging initialized @9755ms to org.eclipse.jetty.util.log.Slf4jLog
om_1        | 
scm_1       | STARTUP_MSG:   args = [--init]
nm_1        |  }
kms_1       | 	at com.sun.jersey.server.impl.uri.rules.RootResourceClassesRule.accept(RootResourceClassesRule.java:84)
kdc_1       | Entry for principal scm/scm@EXAMPLE.COM with kvno 2, encryption type aes256-cts-hmac-sha1-96 added to keytab WRFILE:/data/scm.scm.keytab.
rm_1        | 
s3g_1       | 2020-04-30 10:34:47,353 [main] INFO server.AuthenticationFilter: Unable to initialize FileSignerSecretProvider, falling back to use random secrets.
om_1        | 2020-04-30 10:34:35 (28.0 MB/s) - '/etc/security/keytabs/testuser.keytab' saved [150/150]
scm_1       | STARTUP_MSG:   version = 3.2.0
nm_1        | 
kms_1       | 	at com.sun.jersey.server.impl.application.WebApplicationImpl._handleRequest(WebApplicationImpl.java:1542)
kdc_1       | Entry for principal scm/scm@EXAMPLE.COM with kvno 2, encryption type aes128-cts-hmac-sha1-96 added to keytab WRFILE:/data/scm.scm.keytab.
kdc_1       | Generiting keytab
s3g_1       | 2020-04-30 10:34:47,537 [main] INFO http.HttpRequestLog: Http request log for http.requests.s3gateway is not defined
om_1        | 
nm_1        | [domain_realm]
scm_1       | STARTUP_MSG:   classpath = /etc/hadoop:/opt/hadoop/share/hadoop/common/*:/opt/hadoop/share/ozone/lib/kerb-simplekdc-1.0.1.jar:/opt/hadoop/share/ozone/lib/okhttp-4.2.2.jar:/opt/hadoop/share/ozone/lib/ratis-common-0.6.0-cac3336-SNAPSHOT.jar:/opt/hadoop/share/ozone/lib/jackson-databind-2.10.3.jar:/opt/hadoop/share/ozone/lib/protobuf-java-2.5.0.jar:/opt/hadoop/share/ozone/lib/bcpkix-jdk15on-1.60.jar:/opt/hadoop/share/ozone/lib/commons-validator-1.6.jar:/opt/hadoop/share/ozone/lib/hadoop-hdds-client-0.6.0-SNAPSHOT.jar:/opt/hadoop/share/ozone/lib/netty-3.10.5.Final.jar:/opt/hadoop/share/ozone/lib/jaxb-impl-2.3.0.1.jar:/opt/hadoop/share/ozone/lib/kotlin-stdlib-common-1.3.50.jar:/opt/hadoop/share/ozone/lib/kerb-core-1.0.1.jar:/opt/hadoop/share/ozone/lib/jsr305-3.0.0.jar:/opt/hadoop/share/ozone/lib/j2objc-annotations-1.3.jar:/opt/hadoop/share/ozone/lib/leveldbjni-all-1.8.jar:/opt/hadoop/share/ozone/lib/ratis-server-0.6.0-cac3336-SNAPSHOT.jar:/opt/hadoop/share/ozone/lib/jetty-io-9.4.26.v20200117.jar:/opt/hadoop/share/ozone/lib/jaeger-tracerresolver-1.2.0.jar:/opt/hadoop/share/ozone/lib/htrace-core4-4.1.0-incubating.jar:/opt/hadoop/share/ozone/lib/hadoop-annotations-3.2.0.jar:/opt/hadoop/share/ozone/lib/jetty-http-9.4.26.v20200117.jar:/opt/hadoop/share/ozone/lib/kerb-util-1.0.1.jar:/opt/hadoop/share/ozone/lib/jetty-xml-9.4.26.v20200117.jar:/opt/hadoop/share/ozone/lib/jaeger-thrift-1.2.0.jar:/opt/hadoop/share/ozone/lib/commons-logging-1.2.jar:/opt/hadoop/share/ozone/lib/kerby-xdr-1.0.1.jar:/opt/hadoop/share/ozone/lib/jetty-server-9.4.26.v20200117.jar:/opt/hadoop/share/ozone/lib/opentracing-tracerresolver-0.1.8.jar:/opt/hadoop/share/ozone/lib/commons-net-3.6.jar:/opt/hadoop/share/ozone/lib/log4j-api-2.11.0.jar:/opt/hadoop/share/ozone/lib/jaeger-core-1.2.0.jar:/opt/hadoop/share/ozone/lib/error_prone_annotations-2.2.0.jar:/opt/hadoop/share/ozone/lib/hadoop-hdfs-3.2.0.jar:/opt/hadoop/share/ozone/lib/ratis-thirdparty-misc-0.4.0.jar:/opt/hadoop/share/ozone/lib/slf4j-log4j12-1.7.25.jar:/opt/hadoop/share/ozone/lib/hadoop-hdfs-client-3.2.0.jar:/opt/hadoop/share/ozone/lib/okio-2.2.2.jar:/opt/hadoop/share/ozone/lib/kerby-config-1.0.1.jar:/opt/hadoop/share/ozone/lib/jetty-util-ajax-9.4.26.v20200117.jar:/opt/hadoop/share/ozone/lib/metrics-core-3.2.4.jar:/opt/hadoop/share/ozone/lib/guava-28.2-jre.jar:/opt/hadoop/share/ozone/lib/kerby-pkix-1.0.1.jar:/opt/hadoop/share/ozone/lib/xz-1.0.jar:/opt/hadoop/share/ozone/lib/jetty-servlet-9.4.26.v20200117.jar:/opt/hadoop/share/ozone/lib/jsr311-api-1.1.1.jar:/opt/hadoop/share/ozone/lib/commons-beanutils-1.9.4.jar:/opt/hadoop/share/ozone/lib/rocksdbjni-6.6.4.jar:/opt/hadoop/share/ozone/lib/hadoop-hdds-container-service-0.6.0-SNAPSHOT.jar:/opt/hadoop/share/ozone/lib/jetty-security-9.4.26.v20200117.jar:/opt/hadoop/share/ozone/lib/ratis-grpc-0.6.0-cac3336-SNAPSHOT.jar:/opt/hadoop/share/ozone/lib/javax.servlet-api-3.1.0.jar:/opt/hadoop/share/ozone/lib/kerb-server-1.0.1.jar:/opt/hadoop/share/ozone/lib/kerb-client-1.0.1.jar:/opt/hadoop/share/ozone/lib/disruptor-3.4.2.jar:/opt/hadoop/share/ozone/lib/libthrift-0.13.0.jar:/opt/hadoop/share/ozone/lib/hadoop-hdds-docs-0.6.0-SNAPSHOT.jar:/opt/hadoop/share/ozone/lib/annotations-13.0.jar:/opt/hadoop/share/ozone/lib/simpleclient_common-0.7.0.jar:/opt/hadoop/share/ozone/lib/dnsjava-2.1.7.jar:/opt/hadoop/share/ozone/lib/jackson-annotations-2.10.3.jar:/opt/hadoop/share/ozone/lib/commons-configuration2-2.1.1.jar:/opt/hadoop/share/ozone/lib/json-smart-2.3.jar:/opt/hadoop/share/ozone/lib/token-provider-1.0.1.jar:/opt/hadoop/share/ozone/lib/log4j-1.2.17.jar:/opt/hadoop/share/ozone/lib/commons-daemon-1.0.13.jar:/opt/hadoop/share/ozone/lib/listenablefuture-9999.0-empty-to-avoid-conflict-with-guava.jar:/opt/hadoop/share/ozone/lib/bcprov-jdk15on-1.60.jar:/opt/hadoop/share/ozone/lib/ratis-client-0.6.0-cac3336-SNAPSHOT.jar:/opt/hadoop/share/ozone/lib/jetty-webapp-9.4.26.v20200117.jar:/opt/hadoop/share/ozone/lib/commons-lang3-3.7.jar:/opt/hadoop/share/ozone/lib/commons-compress-1.4.1.jar:/opt/hadoop/share/ozone/lib/accessors-smart-1.2.jar:/opt/hadoop/share/ozone/lib/re2j-1.1.jar:/opt/hadoop/share/ozone/lib/commons-math3-3.1.1.jar:/opt/hadoop/share/ozone/lib/simpleclient_dropwizard-0.7.0.jar:/opt/hadoop/share/ozone/lib/simpleclient-0.7.0.jar:/opt/hadoop/share/ozone/lib/httpclient-4.5.2.jar:/opt/hadoop/share/ozone/lib/asm-5.0.4.jar:/opt/hadoop/share/ozone/lib/kerby-util-1.0.1.jar:/opt/hadoop/share/ozone/lib/ratis-proto-0.6.0-cac3336-SNAPSHOT.jar:/opt/hadoop/share/ozone/lib/failureaccess-1.0.1.jar:/opt/hadoop/share/ozone/lib/jsp-api-2.1.jar:/opt/hadoop/share/ozone/lib/jsch-0.1.54.jar:/opt/hadoop/share/ozone/lib/log4j-core-2.11.0.jar:/opt/hadoop/share/ozone/lib/nimbus-jose-jwt-7.9.jar:/opt/hadoop/share/ozone/lib/kotlin-stdlib-1.3.50.jar:/opt/hadoop/share/ozone/lib/commons-codec-1.11.jar:/opt/hadoop/share/ozone/lib/commons-pool2-2.6.0.jar:/opt/hadoop/share/ozone/lib/jackson-datatype-jsr310-2.10.3.jar:/opt/hadoop/share/ozone/lib/gson-2.2.4.jar:/opt/hadoop/share/ozone/lib/opentracing-api-0.33.0.jar:/opt/hadoop/share/ozone/lib/jcip-annotations-1.0-1.jar:/opt/hadoop/share/ozone/lib/kerb-admin-1.0.1.jar:/opt/hadoop/share/ozone/lib/commons-io-2.5.jar:/opt/hadoop/share/ozone/lib/snakeyaml-1.16.jar:/opt/hadoop/share/ozone/lib/opentracing-noop-0.33.0.jar:/opt/hadoop/share/ozone/lib/jetty-util-9.4.26.v20200117.jar:/opt/hadoop/share/ozone/lib/hadoop-hdds-hadoop-dependency-client-0.6.0-SNAPSHOT.jar:/opt/hadoop/share/ozone/lib/jersey-core-1.19.jar:/opt/hadoop/share/ozone/lib/checker-qual-2.10.0.jar:/opt/hadoop/share/ozone/lib/hadoop-hdds-server-framework-0.6.0-SNAPSHOT.jar:/opt/hadoop/share/ozone/lib/ratis-netty-0.6.0-cac3336-SNAPSHOT.jar:/opt/hadoop/share/ozone/lib/opentracing-util-0.33.0.jar:/opt/hadoop/share/ozone/lib/picocli-3.9.6.jar:/opt/hadoop/share/ozone/lib/hadoop-hdds-common-0.6.0-SNAPSHOT.jar:/opt/hadoop/share/ozone/lib/commons-cli-1.2.jar:/opt/hadoop/share/ozone/lib/woodstox-core-5.0.3.jar:/opt/hadoop/share/ozone/lib/javax.annotation-api-1.2.jar:/opt/hadoop/share/ozone/lib/netty-all-4.1.48.Final.jar:/opt/hadoop/share/ozone/lib/kerby-asn1-1.0.1.jar:/opt/hadoop/share/ozone/lib/hadoop-hdds-config-0.6.0-SNAPSHOT.jar:/opt/hadoop/share/ozone/lib/stax2-api-3.1.4.jar:/opt/hadoop/share/ozone/lib/commons-digester-1.8.1.jar:/opt/hadoop/share/ozone/lib/commons-collections-3.2.2.jar:/opt/hadoop/share/ozone/lib/jettison-1.1.jar:/opt/hadoop/share/ozone/lib/ratis-metrics-0.6.0-cac3336-SNAPSHOT.jar:/opt/hadoop/share/ozone/lib/commons-text-1.4.jar:/opt/hadoop/share/ozone/lib/jackson-core-2.10.3.jar:/opt/hadoop/share/ozone/lib/jersey-servlet-1.19.jar:/opt/hadoop/share/ozone/lib/jersey-json-1.19.jar:/opt/hadoop/share/ozone/lib/slf4j-api-1.7.25.jar:/opt/hadoop/share/ozone/lib/kerb-identity-1.0.1.jar:/opt/hadoop/share/ozone/lib/hadoop-hdds-hadoop-dependency-server-0.6.0-SNAPSHOT.jar:/opt/hadoop/share/ozone/lib/hadoop-common-3.2.0.jar:/opt/hadoop/share/ozone/lib/jaeger-client-1.2.0.jar:/opt/hadoop/share/ozone/lib/hadoop-auth-3.2.0.jar:/opt/hadoop/share/ozone/lib/kerb-common-1.0.1.jar:/opt/hadoop/share/ozone/lib/jersey-server-1.19.jar:/opt/hadoop/share/ozone/lib/hadoop-hdds-common-0.6.0-SNAPSHOT-tests.jar:/opt/hadoop/share/ozone/lib/kerb-crypto-1.0.1.jar:/opt/hadoop/share/ozone/lib/httpcore-4.4.4.jar:/opt/hadoop/share/ozone/web:/opt/hadoop/share/ozone/lib/hadoop-hdds-server-scm-0.6.0-SNAPSHOT.jar
kms_1       | 	at com.sun.jersey.server.impl.application.WebApplicationImpl._handleRequest(WebApplicationImpl.java:1473)
kdc_1       | Authenticating as principal admin/admin with keytab /tmp/admin.keytab.
rm_1        | Keytab name: FILE:/etc/security/keytabs/hadoop.keytab
s3g_1       | 2020-04-30 10:34:47,584 [main] INFO http.HttpServer2: Added global filter 'safety' (class=org.apache.hadoop.hdds.server.http.HttpServer2$QuotingInputFilter)
om_1        | No '-XX:...' jvm parameters are used. Adding safer GC settings to the HADOOP_OPTS
nm_1        |  .example.com = EXAMPLE.COM
scm_1       | STARTUP_MSG:   build = https://github.com/apache/hadoop.git -r e97acb3bd8f3befd27418996fa5d4b50bf2e17bf; compiled by 'sunilg' on 2019-01-15T17:34Z
kms_1       | 	at com.sun.jersey.server.impl.application.WebApplicationImpl.handleRequest(WebApplicationImpl.java:1419)
kdc_1       | WARNING: no policy specified for HTTP/scm@EXAMPLE.COM; defaulting to no policy
rm_1        | KVNO Timestamp         Principal
