datanode_2  | 2021-06-19 01:22:42,968 [grpc-default-executor-1] INFO server.RaftServer$Division: 2114f678-7c97-4657-ad46-b24223365106@group-1B73217683D2 replies to ELECTION vote request: afc5cdcd-6056-48aa-9a79-9fcf554f76a6<-2114f678-7c97-4657-ad46-b24223365106#0:FAIL-t1. Peer's state: 2114f678-7c97-4657-ad46-b24223365106@group-1B73217683D2:t1, leader=null, voted=null, raftlog=2114f678-7c97-4657-ad46-b24223365106@group-1B73217683D2-SegmentedRaftLog:OPENED:c-1,f-1,i0, conf=-1: [afc5cdcd-6056-48aa-9a79-9fcf554f76a6|rpc:172.23.0.3:9856|admin:172.23.0.3:9857|client:172.23.0.3:9858|priority:0, d0e7215b-c356-4b45-92bb-9f946f9ac477|rpc:172.23.0.8:9856|admin:172.23.0.8:9857|client:172.23.0.8:9858|priority:0, 2114f678-7c97-4657-ad46-b24223365106|rpc:172.23.0.7:9856|admin:172.23.0.7:9857|client:172.23.0.7:9858|priority:1], old=null
rm_1        | 2021-06-19 01:23:59 INFO  RMAppAttemptImpl:931 - appattempt_1624065740191_0001_000001 State change from ALLOCATED_SAVING to ALLOCATED on event = ATTEMPT_NEW_SAVED
datanode_1  | 2021-06-19 01:23:08,750 [grpc-default-executor-1] INFO server.RaftServer$Division: afc5cdcd-6056-48aa-9a79-9fcf554f76a6@group-1B73217683D2: changes role from  FOLLOWER to FOLLOWER at term 6 for candidate:2114f678-7c97-4657-ad46-b24223365106
nm_1        | 2021-06-19 01:24:50 INFO  ContainerLaunch:596 - Container container_1624065740191_0002_01_000002 succeeded 
datanode_2  | 2021-06-19 01:22:43,370 [2114f678-7c97-4657-ad46-b24223365106@group-D4E25BC518DE-FollowerState] INFO impl.FollowerState: 2114f678-7c97-4657-ad46-b24223365106@group-D4E25BC518DE-FollowerState: change to CANDIDATE, lastRpcElapsedTime:5046421907ns, electionTimeout:5022ms
rm_1        | 2021-06-19 01:23:59 INFO  AMLauncher:311 - Launching masterappattempt_1624065740191_0001_000001
datanode_1  | 2021-06-19 01:23:08,750 [grpc-default-executor-1] INFO impl.RoleInfo: afc5cdcd-6056-48aa-9a79-9fcf554f76a6: shutdown afc5cdcd-6056-48aa-9a79-9fcf554f76a6@group-1B73217683D2-FollowerState
nm_1        | 2021-06-19 01:24:50 INFO  ContainerImpl:2175 - Container container_1624065740191_0002_01_000002 transitioned from RUNNING to EXITED_WITH_SUCCESS
datanode_2  | 2021-06-19 01:22:43,370 [2114f678-7c97-4657-ad46-b24223365106@group-D4E25BC518DE-FollowerState] INFO impl.RoleInfo: 2114f678-7c97-4657-ad46-b24223365106: shutdown 2114f678-7c97-4657-ad46-b24223365106@group-D4E25BC518DE-FollowerState
rm_1        | 2021-06-19 01:23:59 INFO  AMLauncher:113 - Setting up container Container: [ContainerId: container_1624065740191_0001_01_000001, AllocationRequestId: -1, Version: 0, NodeId: nm:39725, NodeHttpAddress: nm:8042, Resource: <memory:2048, vCores:1>, Priority: 0, Token: Token { kind: ContainerToken, service: 172.23.0.2:39725 }, ExecutionType: GUARANTEED, ] for AM appattempt_1624065740191_0001_000001
datanode_1  | 2021-06-19 01:23:08,750 [afc5cdcd-6056-48aa-9a79-9fcf554f76a6@group-1B73217683D2-FollowerState] INFO impl.FollowerState: afc5cdcd-6056-48aa-9a79-9fcf554f76a6@group-1B73217683D2-FollowerState was interrupted: {}
nm_1        | 2021-06-19 01:24:50 INFO  ContainerCleanup:87 - Cleaning up container container_1624065740191_0002_01_000002
datanode_2  | 2021-06-19 01:22:43,370 [2114f678-7c97-4657-ad46-b24223365106@group-D4E25BC518DE-FollowerState] INFO server.RaftServer$Division: 2114f678-7c97-4657-ad46-b24223365106@group-D4E25BC518DE: changes role from  FOLLOWER to CANDIDATE at term 0 for changeToCandidate
rm_1        | 2021-06-19 01:23:59 INFO  AMRMTokenSecretManager:195 - Create AMRMToken for ApplicationAttempt: appattempt_1624065740191_0001_000001
datanode_1  | java.lang.InterruptedException: sleep interrupted
nm_1        | 2021-06-19 01:24:50 INFO  NMAuditLogger:94 - USER=hadoop	OPERATION=Container Finished - Succeeded	TARGET=ContainerImpl	RESULT=SUCCESS	APPID=application_1624065740191_0002	CONTAINERID=container_1624065740191_0002_01_000002
rm_1        | 2021-06-19 01:23:59 INFO  AMRMTokenSecretManager:307 - Creating password for appattempt_1624065740191_0001_000001
datanode_2  | 2021-06-19 01:22:43,373 [2114f678-7c97-4657-ad46-b24223365106@group-D4E25BC518DE-FollowerState] INFO server.RaftServerConfigKeys: raft.server.leaderelection.pre-vote = false (custom)
datanode_1  | 	at java.base/java.lang.Thread.sleep(Native Method)
rm_1        | 2021-06-19 01:24:00 INFO  AMLauncher:134 - Done launching container Container: [ContainerId: container_1624065740191_0001_01_000001, AllocationRequestId: -1, Version: 0, NodeId: nm:39725, NodeHttpAddress: nm:8042, Resource: <memory:2048, vCores:1>, Priority: 0, Token: Token { kind: ContainerToken, service: 172.23.0.2:39725 }, ExecutionType: GUARANTEED, ] for AM appattempt_1624065740191_0001_000001
nm_1        | 2021-06-19 01:24:50 INFO  ContainerImpl:2175 - Container container_1624065740191_0002_01_000002 transitioned from EXITED_WITH_SUCCESS to DONE
datanode_2  | 2021-06-19 01:22:43,373 [2114f678-7c97-4657-ad46-b24223365106@group-D4E25BC518DE-FollowerState] INFO impl.RoleInfo: 2114f678-7c97-4657-ad46-b24223365106: start 2114f678-7c97-4657-ad46-b24223365106@group-D4E25BC518DE-LeaderElection1
datanode_1  | 	at java.base/java.lang.Thread.sleep(Thread.java:339)
rm_1        | 2021-06-19 01:24:00 INFO  RMAppAttemptImpl:931 - appattempt_1624065740191_0001_000001 State change from ALLOCATED to LAUNCHED on event = LAUNCHED
nm_1        | 2021-06-19 01:24:50 INFO  ApplicationImpl:512 - Removing container_1624065740191_0002_01_000002 from application application_1624065740191_0002
datanode_2  | 2021-06-19 01:22:43,379 [2114f678-7c97-4657-ad46-b24223365106@group-D4E25BC518DE-LeaderElection1] INFO impl.LeaderElection: 2114f678-7c97-4657-ad46-b24223365106@group-D4E25BC518DE-LeaderElection1 ELECTION round 0: submit vote requests at term 1 for -1: [2114f678-7c97-4657-ad46-b24223365106|rpc:172.23.0.7:9856|admin:172.23.0.7:9857|client:172.23.0.7:9858|priority:1], old=null
datanode_1  | 	at java.base/java.util.concurrent.TimeUnit.sleep(TimeUnit.java:446)
rm_1        | 2021-06-19 01:24:00 INFO  RMAppImpl:1041 - update the launch time for applicationId: application_1624065740191_0001, attemptId: appattempt_1624065740191_0001_000001launchTime: 1624065840262
nm_1        | 2021-06-19 01:24:50 INFO  ContainersMonitorImpl:1112 - Stopping resource-monitoring for container_1624065740191_0002_01_000002
datanode_2  | 2021-06-19 01:22:43,380 [2114f678-7c97-4657-ad46-b24223365106@group-D4E25BC518DE-LeaderElection1] INFO impl.LeaderElection: 2114f678-7c97-4657-ad46-b24223365106@group-D4E25BC518DE-LeaderElection1 ELECTION round 0: result PASSED (term=1)
datanode_1  | 	at org.apache.ratis.util.TimeDuration.sleep(TimeDuration.java:324)
datanode_1  | 	at org.apache.ratis.util.TimeDuration.sleep(TimeDuration.java:309)
nm_1        | 2021-06-19 01:24:50 INFO  AuxServices:350 - Got event CONTAINER_STOP for appId application_1624065740191_0002
datanode_1  | 	at org.apache.ratis.server.impl.FollowerState.run(FollowerState.java:118)
rm_1        | 2021-06-19 01:24:00 INFO  RMStateStore:262 - Updating info for app: application_1624065740191_0001
datanode_2  | 2021-06-19 01:22:43,380 [2114f678-7c97-4657-ad46-b24223365106@group-D4E25BC518DE-LeaderElection1] INFO impl.RoleInfo: 2114f678-7c97-4657-ad46-b24223365106: shutdown 2114f678-7c97-4657-ad46-b24223365106@group-D4E25BC518DE-LeaderElection1
nm_1        | 2021-06-19 01:24:50 INFO  DefaultContainerExecutor:634 - Deleting absolute path : /tmp/hadoop-hadoop/nm-local-dir/usercache/hadoop/appcache/application_1624065740191_0002/container_1624065740191_0002_01_000002/launch_container.sh
datanode_1  | 2021-06-19 01:23:08,753 [grpc-default-executor-1] INFO impl.RoleInfo: afc5cdcd-6056-48aa-9a79-9fcf554f76a6: start afc5cdcd-6056-48aa-9a79-9fcf554f76a6@group-1B73217683D2-FollowerState
rm_1        | 2021-06-19 01:24:00 INFO  RMContainerImpl:482 - container_1624065740191_0001_01_000001 Container Transitioned from ACQUIRED to RUNNING
datanode_2  | 2021-06-19 01:22:43,380 [2114f678-7c97-4657-ad46-b24223365106@group-D4E25BC518DE-LeaderElection1] INFO server.RaftServer$Division: 2114f678-7c97-4657-ad46-b24223365106@group-D4E25BC518DE: changes role from CANDIDATE to LEADER at term 1 for changeToLeader
nm_1        | 2021-06-19 01:24:50 INFO  DefaultContainerExecutor:634 - Deleting absolute path : /tmp/hadoop-hadoop/nm-local-dir/usercache/hadoop/appcache/application_1624065740191_0002/container_1624065740191_0002_01_000002/container_tokens
datanode_1  | 2021-06-19 01:23:08,757 [grpc-default-executor-1] INFO server.RaftServer$Division: afc5cdcd-6056-48aa-9a79-9fcf554f76a6@group-1B73217683D2 replies to ELECTION vote request: 2114f678-7c97-4657-ad46-b24223365106<-afc5cdcd-6056-48aa-9a79-9fcf554f76a6#0:OK-t6. Peer's state: afc5cdcd-6056-48aa-9a79-9fcf554f76a6@group-1B73217683D2:t6, leader=null, voted=2114f678-7c97-4657-ad46-b24223365106, raftlog=afc5cdcd-6056-48aa-9a79-9fcf554f76a6@group-1B73217683D2-SegmentedRaftLog:OPENED:c-1,f-1,i0, conf=-1: [afc5cdcd-6056-48aa-9a79-9fcf554f76a6|rpc:172.23.0.3:9856|admin:172.23.0.3:9857|client:172.23.0.3:9858|priority:0, d0e7215b-c356-4b45-92bb-9f946f9ac477|rpc:172.23.0.8:9856|admin:172.23.0.8:9857|client:172.23.0.8:9858|priority:0, 2114f678-7c97-4657-ad46-b24223365106|rpc:172.23.0.7:9856|admin:172.23.0.7:9857|client:172.23.0.7:9858|priority:1], old=null
rm_1        | 2021-06-19 01:24:07 INFO  Server:2051 - Auth successful for appattempt_1624065740191_0001_000001 (auth:SIMPLE) from 172.23.0.2:38096
datanode_2  | 2021-06-19 01:22:43,381 [2114f678-7c97-4657-ad46-b24223365106@group-D4E25BC518DE-LeaderElection1] INFO ratis.XceiverServerRatis: Leader change notification received for group: group-D4E25BC518DE with new leaderId: 2114f678-7c97-4657-ad46-b24223365106
nm_1        | 2021-06-19 01:24:50 INFO  DefaultContainerExecutor:634 - Deleting absolute path : /tmp/hadoop-hadoop/nm-local-dir/usercache/hadoop/appcache/application_1624065740191_0002/container_1624065740191_0002_01_000002/sysfs
datanode_1  | 2021-06-19 01:23:08,863 [grpc-default-executor-1] INFO ratis.XceiverServerRatis: Leader change notification received for group: group-1B73217683D2 with new leaderId: 2114f678-7c97-4657-ad46-b24223365106
rm_1        | 2021-06-19 01:24:07 INFO  DefaultAMSProcessor:146 - AM registration appattempt_1624065740191_0001_000001
datanode_2  | 2021-06-19 01:22:43,386 [2114f678-7c97-4657-ad46-b24223365106@group-D4E25BC518DE-LeaderElection1] INFO server.RaftServer$Division: 2114f678-7c97-4657-ad46-b24223365106@group-D4E25BC518DE: change Leader from null to 2114f678-7c97-4657-ad46-b24223365106 at term 1 for becomeLeader, leader elected after 5630ms
nm_1        | 2021-06-19 01:24:50 WARN  DefaultContainerExecutor:637 - delete returned false for path: [/tmp/hadoop-hadoop/nm-local-dir/usercache/hadoop/appcache/application_1624065740191_0002/container_1624065740191_0002_01_000002/sysfs]
datanode_1  | 2021-06-19 01:23:08,864 [grpc-default-executor-1] INFO server.RaftServer$Division: afc5cdcd-6056-48aa-9a79-9fcf554f76a6@group-1B73217683D2: change Leader from null to 2114f678-7c97-4657-ad46-b24223365106 at term 6 for appendEntries, leader elected after 31414ms
rm_1        | 2021-06-19 01:24:07 INFO  RMAppAttemptImpl:931 - appattempt_1624065740191_0001_000001 State change from LAUNCHED to RUNNING on event = REGISTERED
datanode_2  | 2021-06-19 01:22:43,401 [2114f678-7c97-4657-ad46-b24223365106@group-D4E25BC518DE-LeaderElection1] INFO server.RaftServerConfigKeys: raft.server.staging.catchup.gap = 1000 (default)
nm_1        | 2021-06-19 01:24:52 INFO  Server:2051 - Auth successful for appattempt_1624065740191_0002_000001 (auth:SIMPLE) from 172.23.0.2:39876
rm_1        | 2021-06-19 01:24:07 INFO  RMAppImpl:903 - application_1624065740191_0001 State change from ACCEPTED to RUNNING on event = ATTEMPT_REGISTERED
datanode_1  | 2021-06-19 01:23:08,884 [grpc-default-executor-1] INFO server.RaftServer$Division: afc5cdcd-6056-48aa-9a79-9fcf554f76a6@group-1B73217683D2: set configuration 0: [afc5cdcd-6056-48aa-9a79-9fcf554f76a6|rpc:172.23.0.3:9856|admin:172.23.0.3:9857|client:172.23.0.3:9858|dataStream:|priority:0, d0e7215b-c356-4b45-92bb-9f946f9ac477|rpc:172.23.0.8:9856|admin:172.23.0.8:9857|client:172.23.0.8:9858|dataStream:|priority:0, 2114f678-7c97-4657-ad46-b24223365106|rpc:172.23.0.7:9856|admin:172.23.0.7:9857|client:172.23.0.7:9858|dataStream:|priority:1], old=null
datanode_2  | 2021-06-19 01:22:43,406 [2114f678-7c97-4657-ad46-b24223365106@group-D4E25BC518DE-LeaderElection1] INFO metrics.RatisMetrics: Creating Metrics Registry : ratis.log_appender.2114f678-7c97-4657-ad46-b24223365106@group-D4E25BC518DE
nm_1        | 2021-06-19 01:24:52 INFO  ContainerManagerImpl:1087 - Start request for container_1624065740191_0002_01_000003 by user hadoop
rm_1        | 2021-06-19 01:24:07 INFO  RMAuditLogger:305 - USER=hadoop	IP=172.23.0.2	OPERATION=Register App Master	TARGET=ApplicationMasterService	RESULT=SUCCESS	APPID=application_1624065740191_0001	APPATTEMPTID=appattempt_1624065740191_0001_000001
datanode_1  | 2021-06-19 01:23:08,884 [grpc-default-executor-1] INFO segmented.SegmentedRaftLogWorker: afc5cdcd-6056-48aa-9a79-9fcf554f76a6@group-1B73217683D2-SegmentedRaftLogWorker: Starting segment from index:0
datanode_2  | 2021-06-19 01:22:43,407 [2114f678-7c97-4657-ad46-b24223365106@group-D4E25BC518DE-LeaderElection1] INFO server.RaftServerConfigKeys: raft.server.write.element-limit = 1024 (custom)
nm_1        | 2021-06-19 01:24:52 INFO  NMAuditLogger:94 - USER=hadoop	IP=172.23.0.2	OPERATION=Start Container Request	TARGET=ContainerManageImpl	RESULT=SUCCESS	APPID=application_1624065740191_0002	CONTAINERID=container_1624065740191_0002_01_000003
rm_1        | 2021-06-19 01:24:09 INFO  AbstractContainerAllocator:130 - assignedContainer application attempt=appattempt_1624065740191_0001_000001 container=null queue=default clusterResource=<memory:8192, vCores:8> type=RACK_LOCAL requestedPartition=
datanode_1  | 2021-06-19 01:23:08,886 [afc5cdcd-6056-48aa-9a79-9fcf554f76a6@group-1B73217683D2-SegmentedRaftLogWorker] INFO segmented.SegmentedRaftLogWorker: afc5cdcd-6056-48aa-9a79-9fcf554f76a6@group-1B73217683D2-SegmentedRaftLogWorker: created new log segment /data/metadata/ratis/e42d9ce5-ceca-4b84-af19-1b73217683d2/current/log_inprogress_0
datanode_2  | 2021-06-19 01:22:43,409 [2114f678-7c97-4657-ad46-b24223365106@group-D4E25BC518DE-LeaderElection1] INFO server.RaftServerConfigKeys: raft.server.write.byte-limit = 1073741824 (custom)
nm_1        | 2021-06-19 01:24:52 INFO  ApplicationImpl:463 - Adding container_1624065740191_0002_01_000003 to application application_1624065740191_0002
rm_1        | 2021-06-19 01:24:09 INFO  RMContainerImpl:482 - container_1624065740191_0001_01_000002 Container Transitioned from NEW to ALLOCATED
datanode_2  | 2021-06-19 01:22:43,418 [2114f678-7c97-4657-ad46-b24223365106@group-D4E25BC518DE-LeaderElection1] INFO server.RaftServerConfigKeys: raft.server.watch.timeout = 180s (custom)
datanode_2  | 2021-06-19 01:22:43,418 [2114f678-7c97-4657-ad46-b24223365106@group-D4E25BC518DE-LeaderElection1] INFO server.RaftServerConfigKeys: raft.server.watch.timeout.denomination = 1s (default)
rm_1        | 2021-06-19 01:24:09 INFO  FiCaSchedulerNode:170 - Assigned container container_1624065740191_0001_01_000002 of capacity <memory:4096, vCores:1> on host nm:39725, which has 2 containers, <memory:6144, vCores:2> used and <memory:2048, vCores:6> available after allocation
datanode_2  | 2021-06-19 01:22:43,436 [2114f678-7c97-4657-ad46-b24223365106@group-D4E25BC518DE-LeaderElection1] INFO server.RaftServerConfigKeys: raft.server.watch.element-limit = 65536 (default)
nm_1        | 2021-06-19 01:24:52 INFO  ContainerImpl:2175 - Container container_1624065740191_0002_01_000003 transitioned from NEW to LOCALIZING
rm_1        | 2021-06-19 01:24:09 INFO  RMAuditLogger:232 - USER=hadoop	OPERATION=AM Allocated Container	TARGET=SchedulerApp	RESULT=SUCCESS	APPID=application_1624065740191_0001	CONTAINERID=container_1624065740191_0001_01_000002	RESOURCE=<memory:4096, vCores:1>	QUEUENAME=default
datanode_2  | 2021-06-19 01:22:43,453 [2114f678-7c97-4657-ad46-b24223365106@group-D4E25BC518DE-LeaderElection1] INFO impl.RoleInfo: 2114f678-7c97-4657-ad46-b24223365106: start 2114f678-7c97-4657-ad46-b24223365106@group-D4E25BC518DE-LeaderStateImpl
nm_1        | 2021-06-19 01:24:52 INFO  AuxServices:350 - Got event CONTAINER_INIT for appId application_1624065740191_0002
rm_1        | 2021-06-19 01:24:09 INFO  ParentQueue:1355 - assignedContainer queue=root usedCapacity=0.75 absoluteUsedCapacity=0.75 used=<memory:6144, vCores:2> cluster=<memory:8192, vCores:8>
datanode_2  | 2021-06-19 01:22:43,507 [2114f678-7c97-4657-ad46-b24223365106@group-D4E25BC518DE-LeaderElection1] INFO segmented.SegmentedRaftLogWorker: 2114f678-7c97-4657-ad46-b24223365106@group-D4E25BC518DE-SegmentedRaftLogWorker: Starting segment from index:0
nm_1        | 2021-06-19 01:24:52 INFO  AuxServices:350 - Got event APPLICATION_INIT for appId application_1624065740191_0002
rm_1        | 2021-06-19 01:24:09 INFO  CapacityScheduler:3048 - Allocation proposal accepted
datanode_2  | 2021-06-19 01:22:43,600 [2114f678-7c97-4657-ad46-b24223365106@group-D4E25BC518DE-LeaderElection1] INFO server.RaftServer$Division: 2114f678-7c97-4657-ad46-b24223365106@group-D4E25BC518DE: set configuration 0: [2114f678-7c97-4657-ad46-b24223365106|rpc:172.23.0.7:9856|admin:172.23.0.7:9857|client:172.23.0.7:9858|dataStream:|priority:1], old=null
nm_1        | 2021-06-19 01:24:52 INFO  AuxServices:354 - Got APPLICATION_INIT for service mapreduce_shuffle
rm_1        | 2021-06-19 01:24:10 INFO  RMContainerImpl:482 - container_1624065740191_0001_01_000002 Container Transitioned from ALLOCATED to ACQUIRED
datanode_2  | 2021-06-19 01:22:43,716 [2114f678-7c97-4657-ad46-b24223365106@group-D4E25BC518DE-SegmentedRaftLogWorker] INFO segmented.SegmentedRaftLogWorker: 2114f678-7c97-4657-ad46-b24223365106@group-D4E25BC518DE-SegmentedRaftLogWorker: created new log segment /data/metadata/ratis/3304d956-f6a5-41ef-8e92-d4e25bc518de/current/log_inprogress_0
nm_1        | 2021-06-19 01:24:52 INFO  ShuffleHandler:719 - Added token for job_1624065740191_0002
rm_1        | 2021-06-19 01:24:11 INFO  RMContainerImpl:482 - container_1624065740191_0001_01_000002 Container Transitioned from ACQUIRED to RUNNING
datanode_2  | 2021-06-19 01:22:45,028 [grpc-default-executor-1] INFO server.RaftServer$Division: 2114f678-7c97-4657-ad46-b24223365106@group-0840A34B627C: receive requestVote(ELECTION, afc5cdcd-6056-48aa-9a79-9fcf554f76a6, group-0840A34B627C, 1, (t:0, i:0))
nm_1        | 2021-06-19 01:24:52 INFO  ContainerImpl:2175 - Container container_1624065740191_0002_01_000003 transitioned from LOCALIZING to SCHEDULED
rm_1        | 2021-06-19 01:24:14 INFO  RMContainerImpl:482 - container_1624065740191_0001_01_000002 Container Transitioned from RUNNING to COMPLETED
datanode_2  | 2021-06-19 01:22:45,028 [grpc-default-executor-1] INFO impl.VoteContext: 2114f678-7c97-4657-ad46-b24223365106@group-0840A34B627C-FOLLOWER: accept ELECTION from afc5cdcd-6056-48aa-9a79-9fcf554f76a6: our priority 0 <= candidate's priority 1
nm_1        | 2021-06-19 01:24:52 INFO  ContainerScheduler:542 - Starting container [container_1624065740191_0002_01_000003]
rm_1        | 2021-06-19 01:24:14 INFO  RMAuditLogger:232 - USER=hadoop	OPERATION=AM Released Container	TARGET=SchedulerApp	RESULT=SUCCESS	APPID=application_1624065740191_0001	CONTAINERID=container_1624065740191_0001_01_000002	RESOURCE=<memory:4096, vCores:1>	QUEUENAME=default
datanode_2  | 2021-06-19 01:22:45,028 [grpc-default-executor-1] INFO server.RaftServer$Division: 2114f678-7c97-4657-ad46-b24223365106@group-0840A34B627C: changes role from  FOLLOWER to FOLLOWER at term 1 for candidate:afc5cdcd-6056-48aa-9a79-9fcf554f76a6
nm_1        | 2021-06-19 01:24:52 INFO  ContainerImpl:2175 - Container container_1624065740191_0002_01_000003 transitioned from SCHEDULED to RUNNING
rm_1        | 2021-06-19 01:24:15 INFO  AbstractContainerAllocator:130 - assignedContainer application attempt=appattempt_1624065740191_0001_000001 container=null queue=default clusterResource=<memory:8192, vCores:8> type=RACK_LOCAL requestedPartition=
datanode_2  | 2021-06-19 01:22:45,029 [grpc-default-executor-1] INFO impl.RoleInfo: 2114f678-7c97-4657-ad46-b24223365106: shutdown 2114f678-7c97-4657-ad46-b24223365106@group-0840A34B627C-FollowerState
nm_1        | 2021-06-19 01:24:52 INFO  ContainersMonitorImpl:1121 - Starting resource-monitoring for container_1624065740191_0002_01_000003
rm_1        | 2021-06-19 01:24:15 INFO  RMContainerImpl:482 - container_1624065740191_0001_01_000003 Container Transitioned from NEW to ALLOCATED
datanode_2  | 2021-06-19 01:22:45,031 [2114f678-7c97-4657-ad46-b24223365106@group-0840A34B627C-FollowerState] INFO impl.FollowerState: 2114f678-7c97-4657-ad46-b24223365106@group-0840A34B627C-FollowerState was interrupted: {}
nm_1        | 2021-06-19 01:24:52 INFO  DefaultContainerExecutor:370 - launchContainer: [bash, /tmp/hadoop-hadoop/nm-local-dir/usercache/hadoop/appcache/application_1624065740191_0002/container_1624065740191_0002_01_000003/default_container_executor.sh]
datanode_2  | java.lang.InterruptedException: sleep interrupted
rm_1        | 2021-06-19 01:24:15 INFO  FiCaSchedulerNode:170 - Assigned container container_1624065740191_0001_01_000003 of capacity <memory:4096, vCores:1> on host nm:39725, which has 2 containers, <memory:6144, vCores:2> used and <memory:2048, vCores:6> available after allocation
nm_1        | 2021-06-19 01:24:52 INFO  NodeStatusUpdaterImpl:723 - Removed completed containers from NM context: [container_1624065740191_0002_01_000002]
datanode_2  | 	at java.base/java.lang.Thread.sleep(Native Method)
rm_1        | 2021-06-19 01:24:15 INFO  RMAuditLogger:232 - USER=hadoop	OPERATION=AM Allocated Container	TARGET=SchedulerApp	RESULT=SUCCESS	APPID=application_1624065740191_0001	CONTAINERID=container_1624065740191_0001_01_000003	RESOURCE=<memory:4096, vCores:1>	QUEUENAME=default
nm_1        | 2021-06-19 01:24:54 INFO  ContainersMonitorImpl:650 - container_1624065740191_0002_01_000003's ip = 172.23.0.2, and hostname = nm
datanode_2  | 	at java.base/java.lang.Thread.sleep(Thread.java:339)
rm_1        | 2021-06-19 01:24:15 INFO  ParentQueue:1355 - assignedContainer queue=root usedCapacity=0.75 absoluteUsedCapacity=0.75 used=<memory:6144, vCores:2> cluster=<memory:8192, vCores:8>
nm_1        | 2021-06-19 01:24:54 INFO  ContainersMonitorImpl:551 - Skipping monitoring container container_1624065740191_0002_01_000003 since CPU usage is not yet available.
datanode_2  | 	at java.base/java.util.concurrent.TimeUnit.sleep(TimeUnit.java:446)
rm_1        | 2021-06-19 01:24:15 INFO  CapacityScheduler:3048 - Allocation proposal accepted
nm_1        | 2021-06-19 01:24:56 INFO  ContainerLaunch:596 - Container container_1624065740191_0002_01_000003 succeeded 
datanode_2  | 	at org.apache.ratis.util.TimeDuration.sleep(TimeDuration.java:324)
rm_1        | 2021-06-19 01:24:16 INFO  RMContainerImpl:482 - container_1624065740191_0001_01_000003 Container Transitioned from ALLOCATED to ACQUIRED
nm_1        | 2021-06-19 01:24:56 INFO  ContainerImpl:2175 - Container container_1624065740191_0002_01_000003 transitioned from RUNNING to EXITED_WITH_SUCCESS
datanode_2  | 	at org.apache.ratis.util.TimeDuration.sleep(TimeDuration.java:309)
rm_1        | 2021-06-19 01:24:16 INFO  RMContainerImpl:482 - container_1624065740191_0001_01_000003 Container Transitioned from ACQUIRED to RUNNING
nm_1        | 2021-06-19 01:24:56 INFO  ContainerCleanup:87 - Cleaning up container container_1624065740191_0002_01_000003
datanode_2  | 	at org.apache.ratis.server.impl.FollowerState.run(FollowerState.java:118)
rm_1        | 2021-06-19 01:24:20 INFO  RMContainerImpl:482 - container_1624065740191_0001_01_000003 Container Transitioned from RUNNING to COMPLETED
nm_1        | 2021-06-19 01:24:56 INFO  NMAuditLogger:94 - USER=hadoop	OPERATION=Container Finished - Succeeded	TARGET=ContainerImpl	RESULT=SUCCESS	APPID=application_1624065740191_0002	CONTAINERID=container_1624065740191_0002_01_000003
datanode_2  | 2021-06-19 01:22:45,031 [grpc-default-executor-1] INFO impl.RoleInfo: 2114f678-7c97-4657-ad46-b24223365106: start 2114f678-7c97-4657-ad46-b24223365106@group-0840A34B627C-FollowerState
rm_1        | 2021-06-19 01:24:20 INFO  RMAuditLogger:232 - USER=hadoop	OPERATION=AM Released Container	TARGET=SchedulerApp	RESULT=SUCCESS	APPID=application_1624065740191_0001	CONTAINERID=container_1624065740191_0001_01_000003	RESOURCE=<memory:4096, vCores:1>	QUEUENAME=default
nm_1        | 2021-06-19 01:24:56 INFO  ContainerImpl:2175 - Container container_1624065740191_0002_01_000003 transitioned from EXITED_WITH_SUCCESS to DONE
datanode_2  | 2021-06-19 01:22:45,046 [grpc-default-executor-1] INFO server.RaftServer$Division: 2114f678-7c97-4657-ad46-b24223365106@group-0840A34B627C replies to ELECTION vote request: afc5cdcd-6056-48aa-9a79-9fcf554f76a6<-2114f678-7c97-4657-ad46-b24223365106#0:OK-t1. Peer's state: 2114f678-7c97-4657-ad46-b24223365106@group-0840A34B627C:t1, leader=null, voted=afc5cdcd-6056-48aa-9a79-9fcf554f76a6, raftlog=2114f678-7c97-4657-ad46-b24223365106@group-0840A34B627C-SegmentedRaftLog:OPENED:c-1,f-1,i0, conf=-1: [afc5cdcd-6056-48aa-9a79-9fcf554f76a6|rpc:172.23.0.3:9856|admin:172.23.0.3:9857|client:172.23.0.3:9858|dataStream:|priority:1, d0e7215b-c356-4b45-92bb-9f946f9ac477|rpc:172.23.0.8:9856|admin:172.23.0.8:9857|client:172.23.0.8:9858|dataStream:|priority:0, 2114f678-7c97-4657-ad46-b24223365106|rpc:172.23.0.7:9856|admin:172.23.0.7:9857|client:172.23.0.7:9858|dataStream:|priority:0], old=null
rm_1        | 2021-06-19 01:24:21 INFO  AbstractContainerAllocator:130 - assignedContainer application attempt=appattempt_1624065740191_0001_000001 container=null queue=default clusterResource=<memory:8192, vCores:8> type=RACK_LOCAL requestedPartition=
nm_1        | 2021-06-19 01:24:56 INFO  ApplicationImpl:512 - Removing container_1624065740191_0002_01_000003 from application application_1624065740191_0002
datanode_2  | 2021-06-19 01:22:45,216 [grpc-default-executor-1] INFO ratis.XceiverServerRatis: Leader change notification received for group: group-0840A34B627C with new leaderId: afc5cdcd-6056-48aa-9a79-9fcf554f76a6
rm_1        | 2021-06-19 01:24:21 INFO  RMContainerImpl:482 - container_1624065740191_0001_01_000004 Container Transitioned from NEW to ALLOCATED
nm_1        | 2021-06-19 01:24:56 INFO  ContainersMonitorImpl:1112 - Stopping resource-monitoring for container_1624065740191_0002_01_000003
datanode_2  | 2021-06-19 01:22:45,217 [grpc-default-executor-1] INFO server.RaftServer$Division: 2114f678-7c97-4657-ad46-b24223365106@group-0840A34B627C: change Leader from null to afc5cdcd-6056-48aa-9a79-9fcf554f76a6 at term 1 for appendEntries, leader elected after 5247ms
rm_1        | 2021-06-19 01:24:21 INFO  FiCaSchedulerNode:170 - Assigned container container_1624065740191_0001_01_000004 of capacity <memory:4096, vCores:1> on host nm:39725, which has 2 containers, <memory:6144, vCores:2> used and <memory:2048, vCores:6> available after allocation
nm_1        | 2021-06-19 01:24:56 INFO  AuxServices:350 - Got event CONTAINER_STOP for appId application_1624065740191_0002
datanode_2  | 2021-06-19 01:22:45,262 [grpc-default-executor-1] INFO server.RaftServer$Division: 2114f678-7c97-4657-ad46-b24223365106@group-0840A34B627C: set configuration 0: [afc5cdcd-6056-48aa-9a79-9fcf554f76a6|rpc:172.23.0.3:9856|admin:172.23.0.3:9857|client:172.23.0.3:9858|dataStream:|priority:1, d0e7215b-c356-4b45-92bb-9f946f9ac477|rpc:172.23.0.8:9856|admin:172.23.0.8:9857|client:172.23.0.8:9858|dataStream:|priority:0, 2114f678-7c97-4657-ad46-b24223365106|rpc:172.23.0.7:9856|admin:172.23.0.7:9857|client:172.23.0.7:9858|dataStream:|priority:0], old=null
rm_1        | 2021-06-19 01:24:21 INFO  RMAuditLogger:232 - USER=hadoop	OPERATION=AM Allocated Container	TARGET=SchedulerApp	RESULT=SUCCESS	APPID=application_1624065740191_0001	CONTAINERID=container_1624065740191_0001_01_000004	RESOURCE=<memory:4096, vCores:1>	QUEUENAME=default
nm_1        | 2021-06-19 01:24:56 INFO  DefaultContainerExecutor:634 - Deleting absolute path : /tmp/hadoop-hadoop/nm-local-dir/usercache/hadoop/appcache/application_1624065740191_0002/container_1624065740191_0002_01_000003/launch_container.sh
datanode_2  | 2021-06-19 01:22:45,270 [grpc-default-executor-1] INFO segmented.SegmentedRaftLogWorker: 2114f678-7c97-4657-ad46-b24223365106@group-0840A34B627C-SegmentedRaftLogWorker: Starting segment from index:0
rm_1        | 2021-06-19 01:24:21 INFO  ParentQueue:1355 - assignedContainer queue=root usedCapacity=0.75 absoluteUsedCapacity=0.75 used=<memory:6144, vCores:2> cluster=<memory:8192, vCores:8>
nm_1        | 2021-06-19 01:24:56 INFO  DefaultContainerExecutor:634 - Deleting absolute path : /tmp/hadoop-hadoop/nm-local-dir/usercache/hadoop/appcache/application_1624065740191_0002/container_1624065740191_0002_01_000003/container_tokens
datanode_2  | 2021-06-19 01:22:45,298 [2114f678-7c97-4657-ad46-b24223365106@group-0840A34B627C-SegmentedRaftLogWorker] INFO segmented.SegmentedRaftLogWorker: 2114f678-7c97-4657-ad46-b24223365106@group-0840A34B627C-SegmentedRaftLogWorker: created new log segment /data/metadata/ratis/914a437d-be2e-45d7-bbdf-0840a34b627c/current/log_inprogress_0
rm_1        | 2021-06-19 01:24:21 INFO  CapacityScheduler:3048 - Allocation proposal accepted
nm_1        | 2021-06-19 01:24:56 INFO  DefaultContainerExecutor:634 - Deleting absolute path : /tmp/hadoop-hadoop/nm-local-dir/usercache/hadoop/appcache/application_1624065740191_0002/container_1624065740191_0002_01_000003/sysfs
rm_1        | 2021-06-19 01:24:21 INFO  RMContainerImpl:482 - container_1624065740191_0001_01_000004 Container Transitioned from ALLOCATED to ACQUIRED
datanode_2  | 2021-06-19 01:22:48,073 [2114f678-7c97-4657-ad46-b24223365106@group-1B73217683D2-FollowerState] INFO impl.FollowerState: 2114f678-7c97-4657-ad46-b24223365106@group-1B73217683D2-FollowerState: change to CANDIDATE, lastRpcElapsedTime:5122601488ns, electionTimeout:5104ms
nm_1        | 2021-06-19 01:24:56 WARN  DefaultContainerExecutor:637 - delete returned false for path: [/tmp/hadoop-hadoop/nm-local-dir/usercache/hadoop/appcache/application_1624065740191_0002/container_1624065740191_0002_01_000003/sysfs]
rm_1        | 2021-06-19 01:24:22 INFO  RMContainerImpl:482 - container_1624065740191_0001_01_000004 Container Transitioned from ACQUIRED to RUNNING
datanode_2  | 2021-06-19 01:22:48,073 [2114f678-7c97-4657-ad46-b24223365106@group-1B73217683D2-FollowerState] INFO impl.RoleInfo: 2114f678-7c97-4657-ad46-b24223365106: shutdown 2114f678-7c97-4657-ad46-b24223365106@group-1B73217683D2-FollowerState
nm_1        | 2021-06-19 01:24:57 INFO  Server:2051 - Auth successful for appattempt_1624065740191_0002_000001 (auth:SIMPLE) from 172.23.0.2:39898
rm_1        | 2021-06-19 01:24:22 INFO  AppSchedulingInfo:367 - checking for deactivate of application :application_1624065740191_0001
datanode_2  | 2021-06-19 01:22:48,073 [2114f678-7c97-4657-ad46-b24223365106@group-1B73217683D2-FollowerState] INFO server.RaftServer$Division: 2114f678-7c97-4657-ad46-b24223365106@group-1B73217683D2: changes role from  FOLLOWER to CANDIDATE at term 1 for changeToCandidate
nm_1        | 2021-06-19 01:24:57 INFO  ContainerManagerImpl:1087 - Start request for container_1624065740191_0002_01_000004 by user hadoop
rm_1        | 2021-06-19 01:24:25 INFO  RMContainerImpl:482 - container_1624065740191_0001_01_000004 Container Transitioned from RUNNING to COMPLETED
datanode_2  | 2021-06-19 01:22:48,073 [2114f678-7c97-4657-ad46-b24223365106@group-1B73217683D2-FollowerState] INFO server.RaftServerConfigKeys: raft.server.leaderelection.pre-vote = false (custom)
nm_1        | 2021-06-19 01:24:57 INFO  NMAuditLogger:94 - USER=hadoop	IP=172.23.0.2	OPERATION=Start Container Request	TARGET=ContainerManageImpl	RESULT=SUCCESS	APPID=application_1624065740191_0002	CONTAINERID=container_1624065740191_0002_01_000004
rm_1        | 2021-06-19 01:24:25 INFO  RMAuditLogger:232 - USER=hadoop	OPERATION=AM Released Container	TARGET=SchedulerApp	RESULT=SUCCESS	APPID=application_1624065740191_0001	CONTAINERID=container_1624065740191_0001_01_000004	RESOURCE=<memory:4096, vCores:1>	QUEUENAME=default
datanode_2  | 2021-06-19 01:22:48,073 [2114f678-7c97-4657-ad46-b24223365106@group-1B73217683D2-FollowerState] INFO impl.RoleInfo: 2114f678-7c97-4657-ad46-b24223365106: start 2114f678-7c97-4657-ad46-b24223365106@group-1B73217683D2-LeaderElection2
nm_1        | 2021-06-19 01:24:57 INFO  ApplicationImpl:463 - Adding container_1624065740191_0002_01_000004 to application application_1624065740191_0002
rm_1        | 2021-06-19 01:24:25 INFO  AbstractContainerAllocator:130 - assignedContainer application attempt=appattempt_1624065740191_0001_000001 container=null queue=default clusterResource=<memory:8192, vCores:8> type=OFF_SWITCH requestedPartition=
datanode_2  | 2021-06-19 01:22:48,083 [2114f678-7c97-4657-ad46-b24223365106@group-1B73217683D2-LeaderElection2] INFO impl.LeaderElection: 2114f678-7c97-4657-ad46-b24223365106@group-1B73217683D2-LeaderElection2 ELECTION round 0: submit vote requests at term 2 for -1: [afc5cdcd-6056-48aa-9a79-9fcf554f76a6|rpc:172.23.0.3:9856|admin:172.23.0.3:9857|client:172.23.0.3:9858|priority:0, d0e7215b-c356-4b45-92bb-9f946f9ac477|rpc:172.23.0.8:9856|admin:172.23.0.8:9857|client:172.23.0.8:9858|priority:0, 2114f678-7c97-4657-ad46-b24223365106|rpc:172.23.0.7:9856|admin:172.23.0.7:9857|client:172.23.0.7:9858|priority:1], old=null
nm_1        | 2021-06-19 01:24:57 INFO  ContainerImpl:2175 - Container container_1624065740191_0002_01_000004 transitioned from NEW to LOCALIZING
rm_1        | 2021-06-19 01:24:25 INFO  RMContainerImpl:482 - container_1624065740191_0001_01_000005 Container Transitioned from NEW to ALLOCATED
datanode_2  | 2021-06-19 01:22:48,179 [grpc-default-executor-1] INFO server.RaftServer$Division: 2114f678-7c97-4657-ad46-b24223365106@group-1B73217683D2: receive requestVote(ELECTION, d0e7215b-c356-4b45-92bb-9f946f9ac477, group-1B73217683D2, 2, (t:0, i:0))
nm_1        | 2021-06-19 01:24:57 INFO  AuxServices:350 - Got event CONTAINER_INIT for appId application_1624065740191_0002
rm_1        | 2021-06-19 01:24:25 INFO  FiCaSchedulerNode:170 - Assigned container container_1624065740191_0001_01_000005 of capacity <memory:4096, vCores:1> on host nm:39725, which has 2 containers, <memory:6144, vCores:2> used and <memory:2048, vCores:6> available after allocation
datanode_2  | 2021-06-19 01:22:48,180 [grpc-default-executor-1] INFO impl.VoteContext: 2114f678-7c97-4657-ad46-b24223365106@group-1B73217683D2-CANDIDATE: reject ELECTION from d0e7215b-c356-4b45-92bb-9f946f9ac477: already has voted for 2114f678-7c97-4657-ad46-b24223365106 at current term 2
nm_1        | 2021-06-19 01:24:57 INFO  AuxServices:350 - Got event APPLICATION_INIT for appId application_1624065740191_0002
rm_1        | 2021-06-19 01:24:25 INFO  RMAuditLogger:232 - USER=hadoop	OPERATION=AM Allocated Container	TARGET=SchedulerApp	RESULT=SUCCESS	APPID=application_1624065740191_0001	CONTAINERID=container_1624065740191_0001_01_000005	RESOURCE=<memory:4096, vCores:1>	QUEUENAME=default
datanode_2  | 2021-06-19 01:22:48,180 [grpc-default-executor-1] INFO server.RaftServer$Division: 2114f678-7c97-4657-ad46-b24223365106@group-1B73217683D2 replies to ELECTION vote request: d0e7215b-c356-4b45-92bb-9f946f9ac477<-2114f678-7c97-4657-ad46-b24223365106#0:FAIL-t2. Peer's state: 2114f678-7c97-4657-ad46-b24223365106@group-1B73217683D2:t2, leader=null, voted=2114f678-7c97-4657-ad46-b24223365106, raftlog=2114f678-7c97-4657-ad46-b24223365106@group-1B73217683D2-SegmentedRaftLog:OPENED:c-1,f-1,i0, conf=-1: [afc5cdcd-6056-48aa-9a79-9fcf554f76a6|rpc:172.23.0.3:9856|admin:172.23.0.3:9857|client:172.23.0.3:9858|priority:0, d0e7215b-c356-4b45-92bb-9f946f9ac477|rpc:172.23.0.8:9856|admin:172.23.0.8:9857|client:172.23.0.8:9858|priority:0, 2114f678-7c97-4657-ad46-b24223365106|rpc:172.23.0.7:9856|admin:172.23.0.7:9857|client:172.23.0.7:9858|priority:1], old=null
nm_1        | 2021-06-19 01:24:57 INFO  AuxServices:354 - Got APPLICATION_INIT for service mapreduce_shuffle
rm_1        | 2021-06-19 01:24:25 INFO  ParentQueue:1355 - assignedContainer queue=root usedCapacity=0.75 absoluteUsedCapacity=0.75 used=<memory:6144, vCores:2> cluster=<memory:8192, vCores:8>
datanode_2  | 2021-06-19 01:22:48,236 [2114f678-7c97-4657-ad46-b24223365106@group-1B73217683D2-LeaderElection2] INFO impl.LeaderElection: 2114f678-7c97-4657-ad46-b24223365106@group-1B73217683D2-LeaderElection2: ELECTION REJECTED received 2 response(s) and 0 exception(s):
nm_1        | 2021-06-19 01:24:57 INFO  ShuffleHandler:719 - Added token for job_1624065740191_0002
rm_1        | 2021-06-19 01:24:25 INFO  CapacityScheduler:3048 - Allocation proposal accepted
datanode_2  | 2021-06-19 01:22:48,237 [2114f678-7c97-4657-ad46-b24223365106@group-1B73217683D2-LeaderElection2] INFO impl.LeaderElection:   Response 0: 2114f678-7c97-4657-ad46-b24223365106<-afc5cdcd-6056-48aa-9a79-9fcf554f76a6#0:FAIL-t2
nm_1        | 2021-06-19 01:24:57 INFO  ContainerImpl:2175 - Container container_1624065740191_0002_01_000004 transitioned from LOCALIZING to SCHEDULED
rm_1        | 2021-06-19 01:24:25 INFO  RMContainerImpl:482 - container_1624065740191_0001_01_000005 Container Transitioned from ALLOCATED to ACQUIRED
datanode_2  | 2021-06-19 01:22:48,237 [2114f678-7c97-4657-ad46-b24223365106@group-1B73217683D2-LeaderElection2] INFO impl.LeaderElection:   Response 1: 2114f678-7c97-4657-ad46-b24223365106<-d0e7215b-c356-4b45-92bb-9f946f9ac477#0:FAIL-t2
nm_1        | 2021-06-19 01:24:57 INFO  ContainerScheduler:542 - Starting container [container_1624065740191_0002_01_000004]
rm_1        | 2021-06-19 01:24:26 INFO  RMContainerImpl:482 - container_1624065740191_0001_01_000005 Container Transitioned from ACQUIRED to RUNNING
datanode_2  | 2021-06-19 01:22:48,238 [2114f678-7c97-4657-ad46-b24223365106@group-1B73217683D2-LeaderElection2] INFO impl.LeaderElection: 2114f678-7c97-4657-ad46-b24223365106@group-1B73217683D2-LeaderElection2 ELECTION round 0: result REJECTED
nm_1        | 2021-06-19 01:24:57 INFO  ContainerImpl:2175 - Container container_1624065740191_0002_01_000004 transitioned from SCHEDULED to RUNNING
rm_1        | 2021-06-19 01:24:26 INFO  AppSchedulingInfo:367 - checking for deactivate of application :application_1624065740191_0001
datanode_2  | 2021-06-19 01:22:48,238 [2114f678-7c97-4657-ad46-b24223365106@group-1B73217683D2-LeaderElection2] INFO server.RaftServer$Division: 2114f678-7c97-4657-ad46-b24223365106@group-1B73217683D2: changes role from CANDIDATE to FOLLOWER at term 2 for REJECTED
nm_1        | 2021-06-19 01:24:57 INFO  ContainersMonitorImpl:1121 - Starting resource-monitoring for container_1624065740191_0002_01_000004
rm_1        | 2021-06-19 01:24:30 INFO  RMContainerImpl:482 - container_1624065740191_0001_01_000005 Container Transitioned from RUNNING to COMPLETED
datanode_2  | 2021-06-19 01:22:48,238 [2114f678-7c97-4657-ad46-b24223365106@group-1B73217683D2-LeaderElection2] INFO impl.RoleInfo: 2114f678-7c97-4657-ad46-b24223365106: shutdown 2114f678-7c97-4657-ad46-b24223365106@group-1B73217683D2-LeaderElection2
rm_1        | 2021-06-19 01:24:30 INFO  RMAuditLogger:232 - USER=hadoop	OPERATION=AM Released Container	TARGET=SchedulerApp	RESULT=SUCCESS	APPID=application_1624065740191_0001	CONTAINERID=container_1624065740191_0001_01_000005	RESOURCE=<memory:4096, vCores:1>	QUEUENAME=default
nm_1        | 2021-06-19 01:24:57 INFO  DefaultContainerExecutor:370 - launchContainer: [bash, /tmp/hadoop-hadoop/nm-local-dir/usercache/hadoop/appcache/application_1624065740191_0002/container_1624065740191_0002_01_000004/default_container_executor.sh]
datanode_2  | 2021-06-19 01:22:48,238 [2114f678-7c97-4657-ad46-b24223365106@group-1B73217683D2-LeaderElection2] INFO impl.RoleInfo: 2114f678-7c97-4657-ad46-b24223365106: start 2114f678-7c97-4657-ad46-b24223365106@group-1B73217683D2-FollowerState
rm_1        | 2021-06-19 01:24:30 INFO  RMAppAttemptImpl:1433 - Updating application attempt appattempt_1624065740191_0001_000001 with final state: FINISHING, and exit status: -1000
nm_1        | 2021-06-19 01:24:57 INFO  ContainersMonitorImpl:650 - container_1624065740191_0002_01_000004's ip = 172.23.0.2, and hostname = nm
datanode_2  | 2021-06-19 01:22:53,297 [grpc-default-executor-1] INFO server.RaftServer$Division: 2114f678-7c97-4657-ad46-b24223365106@group-1B73217683D2: receive requestVote(ELECTION, d0e7215b-c356-4b45-92bb-9f946f9ac477, group-1B73217683D2, 3, (t:0, i:0))
rm_1        | 2021-06-19 01:24:30 INFO  RMAppAttemptImpl:931 - appattempt_1624065740191_0001_000001 State change from RUNNING to FINAL_SAVING on event = UNREGISTERED
nm_1        | 2021-06-19 01:24:57 INFO  ContainersMonitorImpl:551 - Skipping monitoring container container_1624065740191_0002_01_000004 since CPU usage is not yet available.
datanode_2  | 2021-06-19 01:22:53,298 [grpc-default-executor-1] INFO impl.VoteContext: 2114f678-7c97-4657-ad46-b24223365106@group-1B73217683D2-FOLLOWER: reject ELECTION from d0e7215b-c356-4b45-92bb-9f946f9ac477: our priority 1 > candidate's priority 0
rm_1        | 2021-06-19 01:24:30 INFO  RMAppImpl:1288 - Updating application application_1624065740191_0001 with final state: FINISHING
nm_1        | 2021-06-19 01:24:58 INFO  NodeStatusUpdaterImpl:723 - Removed completed containers from NM context: [container_1624065740191_0002_01_000003]
datanode_2  | 2021-06-19 01:22:53,298 [grpc-default-executor-1] INFO server.RaftServer$Division: 2114f678-7c97-4657-ad46-b24223365106@group-1B73217683D2: changes role from  FOLLOWER to FOLLOWER at term 3 for candidate:d0e7215b-c356-4b45-92bb-9f946f9ac477
rm_1        | 2021-06-19 01:24:30 INFO  RMStateStore:262 - Updating info for app: application_1624065740191_0001
nm_1        | 2021-06-19 01:25:01 INFO  ContainerLaunch:596 - Container container_1624065740191_0002_01_000004 succeeded 
datanode_2  | 2021-06-19 01:22:53,298 [grpc-default-executor-1] INFO impl.RoleInfo: 2114f678-7c97-4657-ad46-b24223365106: shutdown 2114f678-7c97-4657-ad46-b24223365106@group-1B73217683D2-FollowerState
rm_1        | 2021-06-19 01:24:30 INFO  RMAppImpl:903 - application_1624065740191_0001 State change from RUNNING to FINAL_SAVING on event = ATTEMPT_UNREGISTERED
nm_1        | 2021-06-19 01:25:01 INFO  ContainerImpl:2175 - Container container_1624065740191_0002_01_000004 transitioned from RUNNING to EXITED_WITH_SUCCESS
datanode_2  | 2021-06-19 01:22:53,299 [2114f678-7c97-4657-ad46-b24223365106@group-1B73217683D2-FollowerState] INFO impl.FollowerState: 2114f678-7c97-4657-ad46-b24223365106@group-1B73217683D2-FollowerState was interrupted: {}
rm_1        | 2021-06-19 01:24:30 INFO  RMAppAttemptImpl:931 - appattempt_1624065740191_0001_000001 State change from FINAL_SAVING to FINISHING on event = ATTEMPT_UPDATE_SAVED
nm_1        | 2021-06-19 01:25:01 INFO  NMAuditLogger:94 - USER=hadoop	OPERATION=Container Finished - Succeeded	TARGET=ContainerImpl	RESULT=SUCCESS	APPID=application_1624065740191_0002	CONTAINERID=container_1624065740191_0002_01_000004
datanode_2  | java.lang.InterruptedException: sleep interrupted
rm_1        | 2021-06-19 01:24:30 INFO  RMAppImpl:903 - application_1624065740191_0001 State change from FINAL_SAVING to FINISHING on event = APP_UPDATE_SAVED
nm_1        | 2021-06-19 01:25:01 INFO  ContainerCleanup:87 - Cleaning up container container_1624065740191_0002_01_000004
datanode_2  | 	at java.base/java.lang.Thread.sleep(Native Method)
rm_1        | 2021-06-19 01:24:31 INFO  ApplicationMasterService:318 - application_1624065740191_0001 unregistered successfully. 
nm_1        | 2021-06-19 01:25:01 INFO  ContainerImpl:2175 - Container container_1624065740191_0002_01_000004 transitioned from EXITED_WITH_SUCCESS to DONE
datanode_2  | 	at java.base/java.lang.Thread.sleep(Thread.java:339)
rm_1        | 2021-06-19 01:24:35 INFO  ClientRMService:380 - Allocated new applicationId: 2
nm_1        | 2021-06-19 01:25:01 INFO  ApplicationImpl:512 - Removing container_1624065740191_0002_01_000004 from application application_1624065740191_0002
datanode_2  | 	at java.base/java.util.concurrent.TimeUnit.sleep(TimeUnit.java:446)
rm_1        | 2021-06-19 01:24:37 INFO  RMContainerImpl:482 - container_1624065740191_0001_01_000001 Container Transitioned from RUNNING to COMPLETED
nm_1        | 2021-06-19 01:25:01 INFO  ContainersMonitorImpl:1112 - Stopping resource-monitoring for container_1624065740191_0002_01_000004
datanode_2  | 	at org.apache.ratis.util.TimeDuration.sleep(TimeDuration.java:324)
rm_1        | 2021-06-19 01:24:37 INFO  RMAuditLogger:232 - USER=hadoop	OPERATION=AM Released Container	TARGET=SchedulerApp	RESULT=SUCCESS	APPID=application_1624065740191_0001	CONTAINERID=container_1624065740191_0001_01_000001	RESOURCE=<memory:2048, vCores:1>	QUEUENAME=default
nm_1        | 2021-06-19 01:25:01 INFO  AuxServices:350 - Got event CONTAINER_STOP for appId application_1624065740191_0002
datanode_2  | 	at org.apache.ratis.util.TimeDuration.sleep(TimeDuration.java:309)
rm_1        | 2021-06-19 01:24:37 INFO  ApplicationMasterService:497 - Unregistering app attempt : appattempt_1624065740191_0001_000001
nm_1        | 2021-06-19 01:25:01 INFO  DefaultContainerExecutor:634 - Deleting absolute path : /tmp/hadoop-hadoop/nm-local-dir/usercache/hadoop/appcache/application_1624065740191_0002/container_1624065740191_0002_01_000004/launch_container.sh
datanode_2  | 	at org.apache.ratis.server.impl.FollowerState.run(FollowerState.java:118)
rm_1        | 2021-06-19 01:24:37 INFO  AMRMTokenSecretManager:124 - Application finished, removing password for appattempt_1624065740191_0001_000001
nm_1        | 2021-06-19 01:25:01 INFO  DefaultContainerExecutor:634 - Deleting absolute path : /tmp/hadoop-hadoop/nm-local-dir/usercache/hadoop/appcache/application_1624065740191_0002/container_1624065740191_0002_01_000004/container_tokens
datanode_2  | 2021-06-19 01:22:53,302 [grpc-default-executor-1] INFO impl.RoleInfo: 2114f678-7c97-4657-ad46-b24223365106: start 2114f678-7c97-4657-ad46-b24223365106@group-1B73217683D2-FollowerState
rm_1        | 2021-06-19 01:24:37 INFO  RMAppAttemptImpl:931 - appattempt_1624065740191_0001_000001 State change from FINISHING to FINISHED on event = CONTAINER_FINISHED
nm_1        | 2021-06-19 01:25:01 INFO  DefaultContainerExecutor:634 - Deleting absolute path : /tmp/hadoop-hadoop/nm-local-dir/usercache/hadoop/appcache/application_1624065740191_0002/container_1624065740191_0002_01_000004/sysfs
datanode_2  | 2021-06-19 01:22:53,318 [grpc-default-executor-1] INFO server.RaftServer$Division: 2114f678-7c97-4657-ad46-b24223365106@group-1B73217683D2 replies to ELECTION vote request: d0e7215b-c356-4b45-92bb-9f946f9ac477<-2114f678-7c97-4657-ad46-b24223365106#0:FAIL-t3. Peer's state: 2114f678-7c97-4657-ad46-b24223365106@group-1B73217683D2:t3, leader=null, voted=null, raftlog=2114f678-7c97-4657-ad46-b24223365106@group-1B73217683D2-SegmentedRaftLog:OPENED:c-1,f-1,i0, conf=-1: [afc5cdcd-6056-48aa-9a79-9fcf554f76a6|rpc:172.23.0.3:9856|admin:172.23.0.3:9857|client:172.23.0.3:9858|priority:0, d0e7215b-c356-4b45-92bb-9f946f9ac477|rpc:172.23.0.8:9856|admin:172.23.0.8:9857|client:172.23.0.8:9858|priority:0, 2114f678-7c97-4657-ad46-b24223365106|rpc:172.23.0.7:9856|admin:172.23.0.7:9857|client:172.23.0.7:9858|priority:1], old=null
rm_1        | 2021-06-19 01:24:37 INFO  RMAppImpl:903 - application_1624065740191_0001 State change from FINISHING to FINISHED on event = ATTEMPT_FINISHED
nm_1        | 2021-06-19 01:25:01 WARN  DefaultContainerExecutor:637 - delete returned false for path: [/tmp/hadoop-hadoop/nm-local-dir/usercache/hadoop/appcache/application_1624065740191_0002/container_1624065740191_0002_01_000004/sysfs]
datanode_2  | 2021-06-19 01:22:58,505 [2114f678-7c97-4657-ad46-b24223365106@group-1B73217683D2-FollowerState] INFO impl.FollowerState: 2114f678-7c97-4657-ad46-b24223365106@group-1B73217683D2-FollowerState: change to CANDIDATE, lastRpcElapsedTime:5203223660ns, electionTimeout:5188ms
nm_1        | 2021-06-19 01:25:01 INFO  Server:2051 - Auth successful for appattempt_1624065740191_0002_000001 (auth:SIMPLE) from 172.23.0.2:39916
rm_1        | 2021-06-19 01:24:37 INFO  CapacityScheduler:1101 - Application Attempt appattempt_1624065740191_0001_000001 is done. finalState=FINISHED
nm_1        | 2021-06-19 01:25:01 INFO  ContainerManagerImpl:1087 - Start request for container_1624065740191_0002_01_000005 by user hadoop
datanode_2  | 2021-06-19 01:22:58,505 [2114f678-7c97-4657-ad46-b24223365106@group-1B73217683D2-FollowerState] INFO impl.RoleInfo: 2114f678-7c97-4657-ad46-b24223365106: shutdown 2114f678-7c97-4657-ad46-b24223365106@group-1B73217683D2-FollowerState
rm_1        | 2021-06-19 01:24:37 INFO  AppSchedulingInfo:159 - Application application_1624065740191_0001 requests cleared
nm_1        | 2021-06-19 01:25:01 INFO  ApplicationImpl:463 - Adding container_1624065740191_0002_01_000005 to application application_1624065740191_0002
datanode_2  | 2021-06-19 01:22:58,506 [2114f678-7c97-4657-ad46-b24223365106@group-1B73217683D2-FollowerState] INFO server.RaftServer$Division: 2114f678-7c97-4657-ad46-b24223365106@group-1B73217683D2: changes role from  FOLLOWER to CANDIDATE at term 3 for changeToCandidate
rm_1        | 2021-06-19 01:24:37 INFO  LeafQueue:995 - Application removed - appId: application_1624065740191_0001 user: hadoop queue: default #user-pending-applications: 0 #user-active-applications: 0 #queue-pending-applications: 0 #queue-active-applications: 0
nm_1        | 2021-06-19 01:25:01 INFO  ContainerImpl:2175 - Container container_1624065740191_0002_01_000005 transitioned from NEW to LOCALIZING
datanode_2  | 2021-06-19 01:22:58,506 [2114f678-7c97-4657-ad46-b24223365106@group-1B73217683D2-FollowerState] INFO server.RaftServerConfigKeys: raft.server.leaderelection.pre-vote = false (custom)
rm_1        | 2021-06-19 01:24:37 INFO  ParentQueue:523 - Application removed - appId: application_1624065740191_0001 user: hadoop leaf-queue of parent: root #applications: 0
