kdc_1       | Sep 01 01:59:19 kdc kadmind[14](Notice): Request: kadm5_init, admin/admin@EXAMPLE.COM, success, client=admin/admin@EXAMPLE.COM, service=kadmin/admin@EXAMPLE.COM, addr=127.0.0.1, vers=4, flavor=6
s3g_1       |      0K                                                       100% 15.7M=0s
kms_1       | 	at javax.xml.bind.ContextFinder.newInstance(ContextFinder.java:234)
om_1        | 2020-09-01 02:00:23,957 [main] INFO codec.OmKeyInfoCodec: OmKeyInfoCodec ignorePipeline = true
rm_1        | KVNO Timestamp         Principal
scm_1       |      0K                                                       100% 19.6M=0s
nm_1        |      0K                                                       100% 20.6M=0s
datanode_3  | 	at org.apache.hadoop.ozone.container.common.statemachine.DatanodeStateMachine.lambda$startDaemon$0(DatanodeStateMachine.java:405)
kdc_1       | Sep 01 01:59:19 kdc kadmind[14](Notice): Request: kadm5_get_policy, default, Policy does not exist, client=admin/admin@EXAMPLE.COM, service=kadmin/admin@EXAMPLE.COM, addr=127.0.0.1
s3g_1       | 
kms_1       | 	at javax.xml.bind.ContextFinder.find(ContextFinder.java:441)
om_1        | 2020-09-01 02:00:23,959 [main] INFO codec.RepeatedOmKeyInfoCodec: RepeatedOmKeyInfoCodec ignorePipeline = true
rm_1        | ---- ----------------- --------------------------------------------------------
scm_1       | 
nm_1        | 
datanode_3  | 	at java.base/java.lang.Thread.run(Thread.java:834)
kdc_1       | Sep 01 01:59:19 kdc kadmind[14](Notice): Request: kadm5_create_principal, hadoop/rm@EXAMPLE.COM, success, client=admin/admin@EXAMPLE.COM, service=kadmin/admin@EXAMPLE.COM, addr=127.0.0.1
s3g_1       | 2020-09-01 01:59:19 (15.7 MB/s) - '/etc/security/keytabs/s3g.keytab' saved [142/142]
kms_1       | 	at javax.xml.bind.JAXBContext.newInstance(JAXBContext.java:641)
om_1        | 2020-09-01 02:00:24,415 [main] INFO Configuration.deprecation: No unit for ozone.manager.delegation.remover.scan.interval(3600000) assuming MILLISECONDS
rm_1        |    2 09/01/20 01:59:19 rm/rm@EXAMPLE.COM
scm_1       | 2020-09-01 01:59:20 (19.6 MB/s) - '/etc/security/keytabs/scm.keytab' saved [142/142]
nm_1        | 2020-09-01 01:59:18 (20.6 MB/s) - '/etc/security/keytabs/nm.keytab' saved [138/138]
datanode_3  | 2020-09-01 02:00:19,235 [pool-20-thread-1] INFO server.RaftServerConfigKeys: raft.server.notification.no-leader.timeout = 300s (custom)
kdc_1       | Sep 01 01:59:19 kdc kadmind[14](info): closing down fd 18
s3g_1       | 
kms_1       | 	at javax.xml.bind.JAXBContext.newInstance(JAXBContext.java:584)
om_1        | 2020-09-01 02:00:24,431 [main] INFO security.OzoneSecretStore: Loaded 0 tokens
rm_1        |    2 09/01/20 01:59:19 rm/rm@EXAMPLE.COM
scm_1       | 
nm_1        | 
datanode_3  | 2020-09-01 02:00:19,236 [pool-20-thread-1] INFO server.RaftServerConfigKeys: raft.server.log.use.memory = false (default)
kdc_1       | Sep 01 01:59:19 kdc kadmind[14](Notice): Request: kadm5_init, admin/admin@EXAMPLE.COM, success, client=admin/admin@EXAMPLE.COM, service=kadmin/admin@EXAMPLE.COM, addr=127.0.0.1, vers=4, flavor=6
s3g_1       | Keytab name: FILE:/etc/security/keytabs/s3g.keytab
kms_1       | 	at com.sun.jersey.server.wadl.generators.WadlGeneratorJAXBGrammarGenerator.buildModelAndSchemas(WadlGeneratorJAXBGrammarGenerator.java:169)
om_1        | 2020-09-01 02:00:24,431 [main] INFO security.OzoneDelegationTokenSecretManager: Loading token state into token manager.
rm_1        | Download HTTP/rm@EXAMPLE.COM keytab file to /etc/security/keytabs/HTTP.keytab
scm_1       | Keytab name: FILE:/etc/security/keytabs/scm.keytab
nm_1        | Keytab name: FILE:/etc/security/keytabs/nm.keytab
datanode_3  | 2020-09-01 02:00:19,236 [pool-20-thread-1] INFO server.RaftServerConfigKeys: raft.server.log.purge.gap = 1000000 (custom)
kdc_1       | Sep 01 01:59:19 kdc kadmind[14](Notice): Request: kadm5_randkey_principal, hadoop/rm@EXAMPLE.COM, success, client=admin/admin@EXAMPLE.COM, service=kadmin/admin@EXAMPLE.COM, addr=127.0.0.1
s3g_1       | KVNO Timestamp         Principal
kms_1       | 	at com.sun.jersey.server.wadl.generators.AbstractWadlGeneratorGrammarGenerator.createExternalGrammar(AbstractWadlGeneratorGrammarGenerator.java:405)
om_1        | 2020-09-01 02:00:24,764 [main] INFO om.OzoneManager: Created Volume s3v With Owner om required for S3Gateway operations.
rm_1        | --2020-09-01 01:59:19--  http://kdc:8081/keytab/rm/HTTP
rm_1        | Resolving kdc (kdc)... 172.25.0.7
nm_1        | KVNO Timestamp         Principal
datanode_3  | 2020-09-01 02:00:19,237 [pool-20-thread-1] INFO metrics.RatisMetrics: Creating Metrics Registry : ratis.log_worker.67e858bf-a141-4d10-bb50-a62d40861904@group-27AD3EC74B8C
kdc_1       | Sep 01 01:59:19 kdc kadmind[14](Notice): Request: kadm5_get_principal, hadoop/rm@EXAMPLE.COM, success, client=admin/admin@EXAMPLE.COM, service=kadmin/admin@EXAMPLE.COM, addr=127.0.0.1
s3g_1       | ---- ----------------- --------------------------------------------------------
kms_1       | 	at com.sun.jersey.server.wadl.WadlBuilder.generate(WadlBuilder.java:149)
om_1        | 2020-09-01 02:00:25,017 [main] INFO ipc.CallQueueManager: Using callQueue: class java.util.concurrent.LinkedBlockingQueue, queueCapacity: 10000, scheduler: class org.apache.hadoop.ipc.DefaultRpcScheduler, ipcBackoff: false.
rm_1        | Connecting to kdc (kdc)|172.25.0.7|:8081... connected.
scm_1       | KVNO Timestamp         Principal
nm_1        | ---- ----------------- --------------------------------------------------------
datanode_3  | 2020-09-01 02:00:19,237 [pool-20-thread-1] INFO server.RaftServerConfigKeys: raft.server.log.appender.buffer.byte-limit = 33554432 (custom)
kdc_1       | Sep 01 01:59:19 kdc kadmind[14](info): closing down fd 18
s3g_1       |    2 09/01/20 01:59:19 s3g/s3g@EXAMPLE.COM
kms_1       | 	at com.sun.jersey.server.impl.wadl.WadlApplicationContextImpl.getApplication(WadlApplicationContextImpl.java:119)
om_1        | 2020-09-01 02:00:25,044 [Socket Reader #1 for port 9862] INFO ipc.Server: Starting Socket Reader #1 for port 9862
rm_1        | HTTP request sent, awaiting response... 200 OK
scm_1       | ---- ----------------- --------------------------------------------------------
nm_1        |    2 09/01/20 01:59:18 nm/nm@EXAMPLE.COM
datanode_3  | 2020-09-01 02:00:19,237 [pool-20-thread-1] INFO server.RaftServerConfigKeys: raft.server.log.segment.size.max = 1048576 (custom)
kdc_1       | Sep 01 01:59:19 kdc kadmind[14](Notice): Request: kadm5_init, admin/admin@EXAMPLE.COM, success, client=admin/admin@EXAMPLE.COM, service=kadmin/admin@EXAMPLE.COM, addr=127.0.0.1, vers=4, flavor=6
s3g_1       |    2 09/01/20 01:59:19 s3g/s3g@EXAMPLE.COM
kms_1       | 	at com.sun.jersey.server.impl.wadl.WadlApplicationContextImpl.getApplication(WadlApplicationContextImpl.java:138)
om_1        | 2020-09-01 02:00:25,333 [Listener at om/9862] INFO impl.MetricsConfig: Loaded properties from hadoop-metrics2.properties
rm_1        | Length: 142 [application/octet-stream]
scm_1       |    2 09/01/20 01:59:20 scm/scm@EXAMPLE.COM
nm_1        |    2 09/01/20 01:59:18 nm/nm@EXAMPLE.COM
datanode_3  | 2020-09-01 02:00:19,238 [pool-20-thread-1] INFO server.RaftServerConfigKeys: raft.server.log.segment.cache.num.max = 2 (custom)
kdc_1       | Sep 01 01:59:19 kdc kadmind[14](Notice): Request: kadm5_get_policy, default, Policy does not exist, client=admin/admin@EXAMPLE.COM, service=kadmin/admin@EXAMPLE.COM, addr=127.0.0.1
s3g_1       | Download HTTP/s3g@EXAMPLE.COM keytab file to /etc/security/keytabs/HTTP.keytab
kms_1       | 	at com.sun.jersey.server.impl.wadl.WadlMethodFactory$WadlOptionsMethodDispatcher.dispatch(WadlMethodFactory.java:110)
om_1        | 2020-09-01 02:00:25,366 [Listener at om/9862] INFO impl.MetricsSystemImpl: Scheduled Metric snapshot period at 10 second(s).
rm_1        | Saving to: '/etc/security/keytabs/HTTP.keytab'
scm_1       |    2 09/01/20 01:59:20 scm/scm@EXAMPLE.COM
nm_1        | Download HTTP/nm@EXAMPLE.COM keytab file to /etc/security/keytabs/HTTP.keytab
datanode_3  | 2020-09-01 02:00:19,240 [pool-20-thread-1] INFO segmented.SegmentedRaftLogWorker: new 67e858bf-a141-4d10-bb50-a62d40861904@group-27AD3EC74B8C-SegmentedRaftLogWorker for RaftStorage:Storage Directory /data/metadata/ratis/5b645312-5540-41e7-8caf-27ad3ec74b8c
kdc_1       | Sep 01 01:59:19 kdc kadmind[14](Notice): Request: kadm5_create_principal, om/om@EXAMPLE.COM, success, client=admin/admin@EXAMPLE.COM, service=kadmin/admin@EXAMPLE.COM, addr=127.0.0.1
s3g_1       | --2020-09-01 01:59:19--  http://kdc:8081/keytab/s3g/HTTP
kms_1       | 	at com.sun.jersey.server.impl.uri.rules.HttpMethodRule.accept(HttpMethodRule.java:302)
om_1        | 2020-09-01 02:00:25,366 [Listener at om/9862] INFO impl.MetricsSystemImpl: OzoneManager metrics system started
rm_1        | 
scm_1       | Download HTTP/scm@EXAMPLE.COM keytab file to /etc/security/keytabs/HTTP.keytab
nm_1        | --2020-09-01 01:59:18--  http://kdc:8081/keytab/nm/HTTP
datanode_3  | 2020-09-01 02:00:19,240 [pool-20-thread-1] INFO server.RaftServerConfigKeys: raft.server.log.queue.byte-limit = 2147483647 (custom)
kdc_1       | Sep 01 01:59:19 kdc kadmind[14](info): closing down fd 18
s3g_1       | Resolving kdc (kdc)... 172.25.0.7
kms_1       | 	at com.sun.jersey.server.impl.uri.rules.ResourceClassRule.accept(ResourceClassRule.java:108)
om_1        | 2020-09-01 02:00:25,393 [Listener at om/9862] INFO om.OzoneManager: OzoneManager RPC server is listening at om/172.25.0.11:9862
rm_1        |      0K                                                       100% 17.1M=0s
scm_1       | --2020-09-01 01:59:20--  http://kdc:8081/keytab/scm/HTTP
nm_1        | Resolving kdc (kdc)... 172.25.0.7
datanode_3  | 2020-09-01 02:00:19,240 [pool-20-thread-1] INFO server.RaftServerConfigKeys: raft.server.log.queue.element-limit = 1024 (custom)
kdc_1       | Sep 01 01:59:20 kdc kadmind[14](Notice): Request: kadm5_init, admin/admin@EXAMPLE.COM, success, client=admin/admin@EXAMPLE.COM, service=kadmin/admin@EXAMPLE.COM, addr=127.0.0.1, vers=4, flavor=6
s3g_1       | Connecting to kdc (kdc)|172.25.0.7|:8081... connected.
kms_1       | 	at com.sun.jersey.server.impl.uri.rules.RightHandPathRule.accept(RightHandPathRule.java:147)
om_1        | 2020-09-01 02:00:25,393 [Listener at om/9862] INFO om.OzoneManager: Reading keypair and certificate from file system.
rm_1        | 
scm_1       | Resolving kdc (kdc)... 172.25.0.7
nm_1        | Connecting to kdc (kdc)|172.25.0.7|:8081... connected.
datanode_3  | 2020-09-01 02:00:19,241 [pool-20-thread-1] INFO server.RaftServerConfigKeys: raft.server.log.segment.size.max = 1048576 (custom)
kdc_1       | Sep 01 01:59:20 kdc kadmind[14](Notice): Request: kadm5_randkey_principal, om/om@EXAMPLE.COM, success, client=admin/admin@EXAMPLE.COM, service=kadmin/admin@EXAMPLE.COM, addr=127.0.0.1
s3g_1       | HTTP request sent, awaiting response... 200 OK
kms_1       | 	at com.sun.jersey.server.impl.uri.rules.RootResourceClassesRule.accept(RootResourceClassesRule.java:84)
om_1        | 2020-09-01 02:00:25,403 [Listener at om/9862] INFO om.OzoneManager: Starting OM block token secret manager
rm_1        | 2020-09-01 01:59:19 (17.1 MB/s) - '/etc/security/keytabs/HTTP.keytab' saved [142/142]
scm_1       | Connecting to kdc (kdc)|172.25.0.7|:8081... connected.
nm_1        | HTTP request sent, awaiting response... 200 OK
datanode_3  | 2020-09-01 02:00:19,241 [pool-20-thread-1] INFO server.RaftServerConfigKeys: raft.server.log.preallocated.size = 16384 (custom)
kdc_1       | Sep 01 01:59:20 kdc kadmind[14](Notice): Request: kadm5_get_principal, om/om@EXAMPLE.COM, success, client=admin/admin@EXAMPLE.COM, service=kadmin/admin@EXAMPLE.COM, addr=127.0.0.1
s3g_1       | Length: 144 [application/octet-stream]
kms_1       | 	at com.sun.jersey.server.impl.application.WebApplicationImpl._handleRequest(WebApplicationImpl.java:1542)
om_1        | 2020-09-01 02:00:25,403 [Listener at om/9862] INFO security.OzoneBlockTokenSecretManager: Updating the current master key for generating tokens
rm_1        | 
scm_1       | HTTP request sent, awaiting response... 200 OK
nm_1        | Length: 142 [application/octet-stream]
datanode_3  | 2020-09-01 02:00:19,241 [pool-20-thread-1] INFO server.RaftServerConfigKeys: raft.server.log.write.buffer.size = 1048576 (custom)
kdc_1       | Sep 01 01:59:20 kdc kadmind[14](info): closing down fd 18
s3g_1       | Saving to: '/etc/security/keytabs/HTTP.keytab'
kms_1       | 	at com.sun.jersey.server.impl.application.WebApplicationImpl._handleRequest(WebApplicationImpl.java:1473)
om_1        | 2020-09-01 02:00:25,405 [Listener at om/9862] INFO om.OzoneManager: Starting OM delegation token secret manager
rm_1        | Keytab name: FILE:/etc/security/keytabs/HTTP.keytab
scm_1       | Length: 144 [application/octet-stream]
nm_1        | Saving to: '/etc/security/keytabs/HTTP.keytab'
datanode_3  | 2020-09-01 02:00:19,241 [pool-20-thread-1] INFO server.RaftServerConfigKeys: raft.server.log.force.sync.num = 128 (default)
kdc_1       | Sep 01 01:59:20 kdc kadmind[14](Notice): Request: kadm5_init, admin/admin@EXAMPLE.COM, success, client=admin/admin@EXAMPLE.COM, service=kadmin/admin@EXAMPLE.COM, addr=127.0.0.1, vers=4, flavor=6
s3g_1       | 
kms_1       | 	at com.sun.jersey.server.impl.application.WebApplicationImpl.handleRequest(WebApplicationImpl.java:1419)
om_1        | 2020-09-01 02:00:25,405 [Listener at om/9862] INFO security.OzoneDelegationTokenSecretManager: Updating the current master key for generating tokens
rm_1        | KVNO Timestamp         Principal
scm_1       | Saving to: '/etc/security/keytabs/HTTP.keytab'
nm_1        | 
datanode_3  | 2020-09-01 02:00:19,241 [pool-20-thread-1] INFO server.RaftServerConfigKeys: raft.server.log.statemachine.data.sync = true (default)
kdc_1       | Sep 01 01:59:20 kdc kadmind[14](Notice): Request: kadm5_get_policy, default, Policy does not exist, client=admin/admin@EXAMPLE.COM, service=kadmin/admin@EXAMPLE.COM, addr=127.0.0.1
s3g_1       |      0K                                                       100% 17.0M=0s
kms_1       | 	at com.sun.jersey.server.impl.application.WebApplicationImpl.handleRequest(WebApplicationImpl.java:1409)
om_1        | 2020-09-01 02:00:25,412 [Thread[Thread-11,5,main]] INFO security.OzoneDelegationTokenSecretManager: Starting expired delegation token remover thread, tokenRemoverScanInterval=60 min(s)
rm_1        | ---- ----------------- --------------------------------------------------------
scm_1       | 
nm_1        |      0K                                                       100% 19.3M=0s
datanode_3  | 2020-09-01 02:00:19,241 [pool-20-thread-1] INFO server.RaftServerConfigKeys: raft.server.log.statemachine.data.sync.timeout = 10s (default)
kdc_1       | Sep 01 01:59:20 kdc kadmind[14](Notice): Request: kadm5_create_principal, scm/scm@EXAMPLE.COM, success, client=admin/admin@EXAMPLE.COM, service=kadmin/admin@EXAMPLE.COM, addr=127.0.0.1
s3g_1       | 
kms_1       | 	at com.sun.jersey.spi.container.servlet.WebComponent.service(WebComponent.java:409)
om_1        | 2020-09-01 02:00:25,468 [Listener at om/9862] INFO http.BaseHttpServer: Starting Web-server for ozoneManager at: http://0.0.0.0:9874
rm_1        |    2 09/01/20 01:59:19 HTTP/rm@EXAMPLE.COM
scm_1       |      0K                                                       100% 19.6M=0s
nm_1        | 
datanode_3  | 2020-09-01 02:00:19,241 [pool-20-thread-1] INFO server.RaftServerConfigKeys: raft.server.log.statemachine.data.sync.timeout.retry = -1 (default)
kdc_1       | Sep 01 01:59:20 kdc kadmind[14](info): closing down fd 18
kdc_1       | Sep 01 01:59:20 kdc kadmind[14](Notice): Request: kadm5_init, admin/admin@EXAMPLE.COM, success, client=admin/admin@EXAMPLE.COM, service=kadmin/admin@EXAMPLE.COM, addr=127.0.0.1, vers=4, flavor=6
kms_1       | 	at com.sun.jersey.spi.container.servlet.ServletContainer.service(ServletContainer.java:558)
om_1        | 2020-09-01 02:00:25,468 [Listener at om/9862] INFO http.BaseHttpServer: Hadoop Security Enabled: true Ozone Security Enabled: true Ozone HTTP Security Enabled: false 
rm_1        |    2 09/01/20 01:59:19 HTTP/rm@EXAMPLE.COM
scm_1       | 
nm_1        | 2020-09-01 01:59:18 (19.3 MB/s) - '/etc/security/keytabs/HTTP.keytab' saved [142/142]
datanode_3  | 2020-09-01 02:00:19,243 [pool-20-thread-1] INFO server.RaftServerConfigKeys: raft.server.log.statemachine.data.caching.enabled = true (custom)
kdc_1       | Sep 01 01:59:20 kdc kadmind[14](Notice): Request: kadm5_randkey_principal, scm/scm@EXAMPLE.COM, success, client=admin/admin@EXAMPLE.COM, service=kadmin/admin@EXAMPLE.COM, addr=127.0.0.1
s3g_1       | 2020-09-01 01:59:19 (17.0 MB/s) - '/etc/security/keytabs/HTTP.keytab' saved [144/144]
kms_1       | 	at com.sun.jersey.spi.container.servlet.ServletContainer.service(ServletContainer.java:733)
om_1        | 2020-09-01 02:00:25,500 [Listener at om/9862] INFO util.log: Logging initialized @13482ms to org.eclipse.jetty.util.log.Slf4jLog
rm_1        | Download hadoop/rm@EXAMPLE.COM keytab file to /etc/security/keytabs/hadoop.keytab
scm_1       | 2020-09-01 01:59:20 (19.6 MB/s) - '/etc/security/keytabs/HTTP.keytab' saved [144/144]
nm_1        | 
datanode_3  | 2020-09-01 02:00:19,246 [pool-20-thread-1] INFO segmented.SegmentedRaftLogWorker: 67e858bf-a141-4d10-bb50-a62d40861904@group-27AD3EC74B8C-SegmentedRaftLogWorker: flushIndex: setUnconditionally 0 -> -1
kdc_1       | Sep 01 01:59:20 kdc kadmind[14](Notice): Request: kadm5_get_principal, scm/scm@EXAMPLE.COM, success, client=admin/admin@EXAMPLE.COM, service=kadmin/admin@EXAMPLE.COM, addr=127.0.0.1
s3g_1       | 
kms_1       | 	at javax.servlet.http.HttpServlet.service(HttpServlet.java:790)
om_1        | 2020-09-01 02:00:25,588 [Listener at om/9862] INFO server.AuthenticationFilter: Unable to initialize FileSignerSecretProvider, falling back to use random secrets.
rm_1        | --2020-09-01 01:59:19--  http://kdc:8081/keytab/rm/hadoop
scm_1       | 
nm_1        | Keytab name: FILE:/etc/security/keytabs/HTTP.keytab
datanode_3  | 2020-09-01 02:00:19,246 [pool-20-thread-1] INFO segmented.SegmentedRaftLogWorker: 67e858bf-a141-4d10-bb50-a62d40861904@group-27AD3EC74B8C-SegmentedRaftLogWorker: safeCacheEvictIndex: setUnconditionally 0 -> -1
kdc_1       | Sep 01 01:59:20 kdc kadmind[14](info): closing down fd 18
s3g_1       | Keytab name: FILE:/etc/security/keytabs/HTTP.keytab
kms_1       | 	at org.eclipse.jetty.servlet.ServletHolder.handle(ServletHolder.java:848)
om_1        | 2020-09-01 02:00:25,592 [Listener at om/9862] INFO http.HttpRequestLog: Http request log for http.requests.ozoneManager is not defined
rm_1        | Resolving kdc (kdc)... 172.25.0.7
nm_1        | KVNO Timestamp         Principal
kdc_1       | Sep 01 01:59:20 kdc kadmind[14](Notice): Request: kadm5_init, admin/admin@EXAMPLE.COM, success, client=admin/admin@EXAMPLE.COM, service=kadmin/admin@EXAMPLE.COM, addr=127.0.0.1, vers=4, flavor=6
s3g_1       | KVNO Timestamp         Principal
kms_1       | 	at org.eclipse.jetty.servlet.ServletHandler$CachedChain.doFilter(ServletHandler.java:1772)
om_1        | 2020-09-01 02:00:25,598 [Listener at om/9862] INFO http.HttpServer2: Added global filter 'safety' (class=org.apache.hadoop.hdds.server.http.HttpServer2$QuotingInputFilter)
rm_1        | Connecting to kdc (kdc)|172.25.0.7|:8081... connected.
rm_1        | HTTP request sent, awaiting response... 200 OK
datanode_3  | 2020-09-01 02:00:19,260 [pool-20-thread-1] INFO server.RaftServerConfigKeys: raft.server.snapshot.auto.trigger.enabled = true (custom)
nm_1        | ---- ----------------- --------------------------------------------------------
kdc_1       | Sep 01 01:59:20 kdc kadmind[14](Notice): Request: kadm5_get_policy, default, Policy does not exist, client=admin/admin@EXAMPLE.COM, service=kadmin/admin@EXAMPLE.COM, addr=127.0.0.1
s3g_1       | ---- ----------------- --------------------------------------------------------
kms_1       | 	at org.apache.hadoop.crypto.key.kms.server.KMSMDCFilter.doFilter(KMSMDCFilter.java:84)
rm_1        | Length: 146 [application/octet-stream]
scm_1       | Keytab name: FILE:/etc/security/keytabs/HTTP.keytab
om_1        | 2020-09-01 02:00:25,599 [Listener at om/9862] INFO http.HttpServer2: Added filter static_user_filter (class=org.apache.hadoop.http.lib.StaticUserWebFilter$StaticUserFilter) to context ozoneManager
datanode_3  | 2020-09-01 02:00:19,260 [pool-20-thread-1] INFO server.RaftServerConfigKeys: raft.server.snapshot.auto.trigger.threshold = 10000 (custom)
nm_1        |    2 09/01/20 01:59:18 HTTP/nm@EXAMPLE.COM
kms_1       | 	at org.eclipse.jetty.servlet.ServletHandler$CachedChain.doFilter(ServletHandler.java:1759)
rm_1        | Saving to: '/etc/security/keytabs/hadoop.keytab'
scm_1       | KVNO Timestamp         Principal
om_1        | 2020-09-01 02:00:25,599 [Listener at om/9862] INFO http.HttpServer2: Added filter static_user_filter (class=org.apache.hadoop.http.lib.StaticUserWebFilter$StaticUserFilter) to context static
datanode_3  | 2020-09-01 02:00:19,260 [pool-20-thread-1] INFO server.RaftServerConfigKeys: raft.server.snapshot.retention.file.num = 5 (custom)
s3g_1       |    2 09/01/20 01:59:19 HTTP/s3g@EXAMPLE.COM
nm_1        |    2 09/01/20 01:59:18 HTTP/nm@EXAMPLE.COM
kdc_1       | Sep 01 01:59:20 kdc kadmind[14](Notice): Request: kadm5_create_principal, dn/2eb182348aab@EXAMPLE.COM, success, client=admin/admin@EXAMPLE.COM, service=kadmin/admin@EXAMPLE.COM, addr=127.0.0.1
kms_1       | 	at org.apache.hadoop.security.authentication.server.AuthenticationFilter.doFilter(AuthenticationFilter.java:644)
rm_1        | 
scm_1       | ---- ----------------- --------------------------------------------------------
om_1        | 2020-09-01 02:00:25,599 [Listener at om/9862] INFO http.HttpServer2: Added filter static_user_filter (class=org.apache.hadoop.http.lib.StaticUserWebFilter$StaticUserFilter) to context logs
datanode_3  | 2020-09-01 02:00:19,260 [pool-20-thread-1] INFO server.RaftServerConfigKeys: raft.server.log.purge.upto.snapshot.index = false (default)
s3g_1       |    2 09/01/20 01:59:19 HTTP/s3g@EXAMPLE.COM
nm_1        | # Licensed to the Apache Software Foundation (ASF) under one or more
kdc_1       | Sep 01 01:59:20 kdc kadmind[14](info): closing down fd 18
kms_1       | 	at org.apache.hadoop.security.token.delegation.web.DelegationTokenAuthenticationFilter.doFilter(DelegationTokenAuthenticationFilter.java:304)
rm_1        |      0K                                                       100% 24.0M=0s
scm_1       |    2 09/01/20 01:59:20 HTTP/scm@EXAMPLE.COM
om_1        | 2020-09-01 02:00:25,647 [Listener at om/9862] INFO http.HttpServer2: Jetty bound to port 9874
datanode_3  | 2020-09-01 02:00:19,260 [pool-20-thread-1] INFO server.RaftServerConfigKeys: raft.server.retrycache.expirytime = 600000ms (custom)
s3g_1       | No '-XX:...' jvm parameters are set. Adding safer GC settings '-XX:ParallelGCThreads=8 -XX:+UseConcMarkSweepGC -XX:CMSInitiatingOccupancyFraction=70 -XX:+CMSParallelRemarkEnabled' to the HADOOP_OPTS
nm_1        | # contributor license agreements.  See the NOTICE file distributed with
kdc_1       | Sep 01 01:59:20 kdc kadmind[14](Notice): Request: kadm5_init, admin/admin@EXAMPLE.COM, success, client=admin/admin@EXAMPLE.COM, service=kadmin/admin@EXAMPLE.COM, addr=127.0.0.1, vers=4, flavor=6
kms_1       | 	at org.apache.hadoop.security.authentication.server.AuthenticationFilter.doFilter(AuthenticationFilter.java:592)
rm_1        | 
scm_1       |    2 09/01/20 01:59:20 HTTP/scm@EXAMPLE.COM
om_1        | 2020-09-01 02:00:25,648 [Listener at om/9862] INFO server.Server: jetty-9.4.26.v20200117; built: 2020-01-17T12:35:33.676Z; git: 7b38981d25d14afb4a12ff1f2596756144edf695; jvm 11.0.7+10-LTS
datanode_3  | 2020-09-01 02:00:19,260 [pool-20-thread-1] INFO metrics.RatisMetrics: Creating Metrics Registry : ratis.leader_election.67e858bf-a141-4d10-bb50-a62d40861904@group-27AD3EC74B8C
s3g_1       | OpenJDK 64-Bit Server VM warning: Option UseConcMarkSweepGC was deprecated in version 9.0 and will likely be removed in a future release.
nm_1        | # this work for additional information regarding copyright ownership.
kdc_1       | Sep 01 01:59:20 kdc kadmind[14](Notice): Request: kadm5_randkey_principal, dn/2eb182348aab@EXAMPLE.COM, success, client=admin/admin@EXAMPLE.COM, service=kadmin/admin@EXAMPLE.COM, addr=127.0.0.1
kms_1       | 	at org.apache.hadoop.crypto.key.kms.server.KMSAuthenticationFilter.doFilter(KMSAuthenticationFilter.java:142)
rm_1        | 2020-09-01 01:59:19 (24.0 MB/s) - '/etc/security/keytabs/hadoop.keytab' saved [146/146]
scm_1       | No '-XX:...' jvm parameters are set. Adding safer GC settings '-XX:ParallelGCThreads=8 -XX:+UseConcMarkSweepGC -XX:CMSInitiatingOccupancyFraction=70 -XX:+CMSParallelRemarkEnabled' to the HADOOP_OPTS
om_1        | 2020-09-01 02:00:25,674 [Listener at om/9862] INFO server.session: DefaultSessionIdManager workerName=node0
datanode_3  | 2020-09-01 02:00:19,261 [pool-20-thread-1] INFO metrics.RatisMetrics: Creating Metrics Registry : ratis.server.67e858bf-a141-4d10-bb50-a62d40861904@group-27AD3EC74B8C
s3g_1       | WARNING: An illegal reflective access operation has occurred
nm_1        | # The ASF licenses this file to You under the Apache License, Version 2.0
kdc_1       | Sep 01 01:59:20 kdc kadmind[14](Notice): Request: kadm5_get_principal, dn/2eb182348aab@EXAMPLE.COM, success, client=admin/admin@EXAMPLE.COM, service=kadmin/admin@EXAMPLE.COM, addr=127.0.0.1
kms_1       | 	at org.eclipse.jetty.servlet.ServletHandler$CachedChain.doFilter(ServletHandler.java:1751)
rm_1        | 
scm_1       | OpenJDK 64-Bit Server VM warning: Option UseConcMarkSweepGC was deprecated in version 9.0 and will likely be removed in a future release.
om_1        | 2020-09-01 02:00:25,675 [Listener at om/9862] INFO server.session: No SessionScavenger set, using defaults
datanode_3  | 2020-09-01 02:00:19,261 [pool-20-thread-1] INFO impl.RaftServerImpl: 67e858bf-a141-4d10-bb50-a62d40861904@group-27AD3EC74B8C: start as a follower, conf=-1: [51f4f393-4d67-4fac-839e-5c0e26dadab9:172.25.0.12:9858, bc7dfe3a-92ef-4cf9-a955-9081c952bf44:172.25.0.8:9858, 67e858bf-a141-4d10-bb50-a62d40861904:172.25.0.6:9858], old=null
s3g_1       | WARNING: Illegal reflective access by org.apache.hadoop.security.authentication.util.KerberosUtil (file:/opt/hadoop/share/ozone/lib/hadoop-auth-3.2.1.jar) to method sun.security.krb5.Config.getInstance()
nm_1        | # (the "License"); you may not use this file except in compliance with
kdc_1       | Sep 01 01:59:20 kdc kadmind[14](info): closing down fd 18
kms_1       | 	at org.apache.hadoop.http.HttpServer2$QuotingInputFilter.doFilter(HttpServer2.java:1609)
rm_1        | Keytab name: FILE:/etc/security/keytabs/hadoop.keytab
scm_1       | 2020-09-01 01:59:41,511 [main] INFO server.StorageContainerManagerStarter: STARTUP_MSG: 
om_1        | 2020-09-01 02:00:25,676 [Listener at om/9862] INFO server.session: node0 Scavenging every 600000ms
datanode_3  | 2020-09-01 02:00:19,262 [pool-20-thread-1] INFO impl.RaftServerImpl: 67e858bf-a141-4d10-bb50-a62d40861904@group-27AD3EC74B8C: changes role from      null to FOLLOWER at term 0 for startAsFollower
s3g_1       | WARNING: Please consider reporting this to the maintainers of org.apache.hadoop.security.authentication.util.KerberosUtil
nm_1        | # the License.  You may obtain a copy of the License at
kdc_1       | Sep 01 01:59:20 kdc kadmind[14](Notice): Request: kadm5_init, admin/admin@EXAMPLE.COM, success, client=admin/admin@EXAMPLE.COM, service=kadmin/admin@EXAMPLE.COM, addr=127.0.0.1, vers=4, flavor=6
kms_1       | 	at org.eclipse.jetty.servlet.ServletHandler$CachedChain.doFilter(ServletHandler.java:1759)
rm_1        | KVNO Timestamp         Principal
scm_1       | /************************************************************
om_1        | 2020-09-01 02:00:25,687 [Listener at om/9862] INFO handler.ContextHandler: Started o.e.j.s.ServletContextHandler@5400db7e{logs,/logs,file:///var/log/hadoop/,AVAILABLE}
datanode_3  | 2020-09-01 02:00:19,262 [pool-20-thread-1] INFO impl.RoleInfo: 67e858bf-a141-4d10-bb50-a62d40861904: start FollowerState
s3g_1       | WARNING: Use --illegal-access=warn to enable warnings of further illegal reflective access operations
nm_1        | #
kdc_1       | Sep 01 01:59:20 kdc kadmind[14](Notice): Request: kadm5_get_policy, default, Policy does not exist, client=admin/admin@EXAMPLE.COM, service=kadmin/admin@EXAMPLE.COM, addr=127.0.0.1
kms_1       | 	at org.apache.hadoop.http.NoCacheFilter.doFilter(NoCacheFilter.java:45)
rm_1        | ---- ----------------- --------------------------------------------------------
scm_1       | STARTUP_MSG: Starting StorageContainerManager
om_1        | 2020-09-01 02:00:25,687 [Listener at om/9862] INFO handler.ContextHandler: Started o.e.j.s.ServletContextHandler@40d04cf8{static,/static,jar:file:/opt/hadoop/share/ozone/lib/hadoop-ozone-ozone-manager-1.1.0-SNAPSHOT.jar!/webapps/static,AVAILABLE}
datanode_3  | 2020-09-01 02:00:19,263 [pool-20-thread-1] INFO util.JmxRegister: Successfully registered JMX Bean with object name Ratis:service=RaftServer,group=group-27AD3EC74B8C,id=67e858bf-a141-4d10-bb50-a62d40861904
s3g_1       | WARNING: All illegal access operations will be denied in a future release
nm_1        | #     http://www.apache.org/licenses/LICENSE-2.0
kdc_1       | Sep 01 01:59:20 kdc kadmind[14](Notice): Request: kadm5_create_principal, HTTP/om@EXAMPLE.COM, success, client=admin/admin@EXAMPLE.COM, service=kadmin/admin@EXAMPLE.COM, addr=127.0.0.1
kms_1       | 	at org.eclipse.jetty.servlet.ServletHandler$CachedChain.doFilter(ServletHandler.java:1759)
rm_1        |    2 09/01/20 01:59:19 hadoop/rm@EXAMPLE.COM
scm_1       | STARTUP_MSG:   host = scm/172.25.0.9
om_1        | 2020-09-01 02:00:25,793 [Listener at om/9862] INFO handler.ContextHandler: Started o.e.j.w.WebAppContext@374bf34b{ozoneManager,/,file:///tmp/jetty-0_0_0_0-9874-hadoop-ozone-ozone-manager-1_1_0-SNAPSHOT_jar-_-any-4431569101509363173.dir/webapp/,AVAILABLE}{jar:file:/opt/hadoop/share/ozone/lib/hadoop-ozone-ozone-manager-1.1.0-SNAPSHOT.jar!/webapps/ozoneManager}
datanode_3  | 2020-09-01 02:00:19,263 [pool-20-thread-1] INFO metrics.RatisMetrics: Creating Metrics Registry : ratis.state_machine.67e858bf-a141-4d10-bb50-a62d40861904@group-27AD3EC74B8C
s3g_1       | 2020-09-01 01:59:31,427 [main] INFO http.BaseHttpServer: Starting Web-server for s3gateway at: http://0.0.0.0:9878
nm_1        | #
kdc_1       | Sep 01 01:59:20 kdc kadmind[14](info): closing down fd 18
kms_1       | 	at org.eclipse.jetty.servlet.ServletHandler.doHandle(ServletHandler.java:582)
kms_1       | 	at org.eclipse.jetty.server.handler.ScopedHandler.handle(ScopedHandler.java:143)
scm_1       | STARTUP_MSG:   args = [--init]
om_1        | 2020-09-01 02:00:25,800 [Listener at om/9862] INFO server.AbstractConnector: Started ServerConnector@66f5770e{HTTP/1.1,[http/1.1]}{0.0.0.0:9874}
datanode_3  | 2020-09-01 02:00:23,050 [Command processor thread] INFO commandhandler.CreatePipelineCommandHandler: Created Pipeline RATIS THREE #id: "5b645312-5540-41e7-8caf-27ad3ec74b8c"
s3g_1       | 2020-09-01 01:59:31,793 [main] INFO http.BaseHttpServer: Hadoop Security Enabled: true Ozone Security Enabled: true Ozone HTTP Security Enabled: false 
nm_1        | # Unless required by applicable law or agreed to in writing, software
kdc_1       | Sep 01 01:59:20 kdc kadmind[14](Notice): Request: kadm5_init, admin/admin@EXAMPLE.COM, success, client=admin/admin@EXAMPLE.COM, service=kadmin/admin@EXAMPLE.COM, addr=127.0.0.1, vers=4, flavor=6
kms_1       | 	at org.eclipse.jetty.security.SecurityHandler.handle(SecurityHandler.java:548)
rm_1        |    2 09/01/20 01:59:19 hadoop/rm@EXAMPLE.COM
scm_1       | STARTUP_MSG:   version = 1.1.0-SNAPSHOT
om_1        | 2020-09-01 02:00:25,801 [Listener at om/9862] INFO server.Server: Started @13783ms
datanode_3  | uuid128 {
s3g_1       | 2020-09-01 01:59:32,197 [main] INFO util.log: Logging initialized @12723ms to org.eclipse.jetty.util.log.Slf4jLog
nm_1        | # distributed under the License is distributed on an "AS IS" BASIS,
kdc_1       | Sep 01 01:59:20 kdc kadmind[14](Notice): Request: kadm5_randkey_principal, HTTP/om@EXAMPLE.COM, success, client=admin/admin@EXAMPLE.COM, service=kadmin/admin@EXAMPLE.COM, addr=127.0.0.1
kms_1       | 	at org.eclipse.jetty.server.session.SessionHandler.doHandle(SessionHandler.java:226)
rm_1        | # Licensed to the Apache Software Foundation (ASF) under one or more
om_1        | 2020-09-01 02:00:25,804 [Listener at om/9862] INFO impl.MetricsSinkAdapter: Sink prometheus started
scm_1       | STARTUP_MSG:   classpath = /etc/hadoop:/opt/hadoop/share/hadoop/common/*:/opt/hadoop/share/ozone/lib/kerb-simplekdc-1.0.1.jar:/opt/hadoop/share/ozone/lib/okhttp-4.2.2.jar:/opt/hadoop/share/ozone/lib/hadoop-hdds-container-service-1.1.0-SNAPSHOT.jar:/opt/hadoop/share/ozone/lib/jackson-databind-2.10.3.jar:/opt/hadoop/share/ozone/lib/protobuf-java-2.5.0.jar:/opt/hadoop/share/ozone/lib/bcpkix-jdk15on-1.60.jar:/opt/hadoop/share/ozone/lib/log4j-api-2.13.3.jar:/opt/hadoop/share/ozone/lib/commons-validator-1.6.jar:/opt/hadoop/share/ozone/lib/netty-3.10.5.Final.jar:/opt/hadoop/share/ozone/lib/kotlin-stdlib-common-1.3.50.jar:/opt/hadoop/share/ozone/lib/kerb-core-1.0.1.jar:/opt/hadoop/share/ozone/lib/picocli-4.4.0.jar:/opt/hadoop/share/ozone/lib/jsr305-3.0.0.jar:/opt/hadoop/share/ozone/lib/ratis-proto-1.0.0.jar:/opt/hadoop/share/ozone/lib/j2objc-annotations-1.3.jar:/opt/hadoop/share/ozone/lib/leveldbjni-all-1.8.jar:/opt/hadoop/share/ozone/lib/jetty-io-9.4.26.v20200117.jar:/opt/hadoop/share/ozone/lib/jaeger-tracerresolver-1.2.0.jar:/opt/hadoop/share/ozone/lib/hadoop-auth-3.2.1.jar:/opt/hadoop/share/ozone/lib/ratis-client-1.0.0.jar:/opt/hadoop/share/ozone/lib/hadoop-hdds-interface-server-1.1.0-SNAPSHOT.jar:/opt/hadoop/share/ozone/lib/htrace-core4-4.1.0-incubating.jar:/opt/hadoop/share/ozone/lib/jetty-http-9.4.26.v20200117.jar:/opt/hadoop/share/ozone/lib/kerb-util-1.0.1.jar:/opt/hadoop/share/ozone/lib/ratis-netty-1.0.0.jar:/opt/hadoop/share/ozone/lib/jetty-xml-9.4.26.v20200117.jar:/opt/hadoop/share/ozone/lib/jaeger-thrift-1.2.0.jar:/opt/hadoop/share/ozone/lib/commons-logging-1.2.jar:/opt/hadoop/share/ozone/lib/kerby-xdr-1.0.1.jar:/opt/hadoop/share/ozone/lib/jetty-server-9.4.26.v20200117.jar:/opt/hadoop/share/ozone/lib/opentracing-tracerresolver-0.1.8.jar:/opt/hadoop/share/ozone/lib/commons-net-3.6.jar:/opt/hadoop/share/ozone/lib/jaeger-core-1.2.0.jar:/opt/hadoop/share/ozone/lib/error_prone_annotations-2.2.0.jar:/opt/hadoop/share/ozone/lib/slf4j-log4j12-1.7.25.jar:/opt/hadoop/share/ozone/lib/okio-2.2.2.jar:/opt/hadoop/share/ozone/lib/kerby-config-1.0.1.jar:/opt/hadoop/share/ozone/lib/jetty-util-ajax-9.4.26.v20200117.jar:/opt/hadoop/share/ozone/lib/metrics-core-3.2.4.jar:/opt/hadoop/share/ozone/lib/guava-28.2-jre.jar:/opt/hadoop/share/ozone/lib/kerby-pkix-1.0.1.jar:/opt/hadoop/share/ozone/lib/xz-1.0.jar:/opt/hadoop/share/ozone/lib/jetty-servlet-9.4.26.v20200117.jar:/opt/hadoop/share/ozone/lib/jsr311-api-1.1.1.jar:/opt/hadoop/share/ozone/lib/hadoop-hdds-client-1.1.0-SNAPSHOT.jar:/opt/hadoop/share/ozone/lib/commons-beanutils-1.9.4.jar:/opt/hadoop/share/ozone/lib/ratis-thirdparty-misc-0.5.0.jar:/opt/hadoop/share/ozone/lib/jetty-security-9.4.26.v20200117.jar:/opt/hadoop/share/ozone/lib/javax.servlet-api-3.1.0.jar:/opt/hadoop/share/ozone/lib/kerb-server-1.0.1.jar:/opt/hadoop/share/ozone/lib/ratis-metrics-1.0.0.jar:/opt/hadoop/share/ozone/lib/kerb-client-1.0.1.jar:/opt/hadoop/share/ozone/lib/disruptor-3.4.2.jar:/opt/hadoop/share/ozone/lib/libthrift-0.13.0.jar:/opt/hadoop/share/ozone/lib/log4j-core-2.13.3.jar:/opt/hadoop/share/ozone/lib/ratis-server-1.0.0.jar:/opt/hadoop/share/ozone/lib/annotations-13.0.jar:/opt/hadoop/share/ozone/lib/simpleclient_common-0.7.0.jar:/opt/hadoop/share/ozone/lib/dnsjava-2.1.7.jar:/opt/hadoop/share/ozone/lib/jackson-annotations-2.10.3.jar:/opt/hadoop/share/ozone/lib/commons-configuration2-2.1.1.jar:/opt/hadoop/share/ozone/lib/json-smart-2.3.jar:/opt/hadoop/share/ozone/lib/token-provider-1.0.1.jar:/opt/hadoop/share/ozone/lib/log4j-1.2.17.jar:/opt/hadoop/share/ozone/lib/commons-daemon-1.0.13.jar:/opt/hadoop/share/ozone/lib/listenablefuture-9999.0-empty-to-avoid-conflict-with-guava.jar:/opt/hadoop/share/ozone/lib/bcprov-jdk15on-1.60.jar:/opt/hadoop/share/ozone/lib/hadoop-hdds-config-1.1.0-SNAPSHOT.jar:/opt/hadoop/share/ozone/lib/hadoop-hdds-common-1.1.0-SNAPSHOT.jar:/opt/hadoop/share/ozone/lib/jetty-webapp-9.4.26.v20200117.jar:/opt/hadoop/share/ozone/lib/hadoop-hdfs-client-3.2.1.jar:/opt/hadoop/share/ozone/lib/commons-lang3-3.7.jar:/opt/hadoop/share/ozone/lib/commons-compress-1.4.1.jar:/opt/hadoop/share/ozone/lib/accessors-smart-1.2.jar:/opt/hadoop/share/ozone/lib/re2j-1.1.jar:/opt/hadoop/share/ozone/lib/hadoop-hdfs-3.2.1.jar:/opt/hadoop/share/ozone/lib/commons-math3-3.1.1.jar:/opt/hadoop/share/ozone/lib/simpleclient_dropwizard-0.7.0.jar:/opt/hadoop/share/ozone/lib/hadoop-common-3.2.1.jar:/opt/hadoop/share/ozone/lib/simpleclient-0.7.0.jar:/opt/hadoop/share/ozone/lib/httpclient-4.5.2.jar:/opt/hadoop/share/ozone/lib/rocksdbjni-6.8.1.jar:/opt/hadoop/share/ozone/lib/asm-5.0.4.jar:/opt/hadoop/share/ozone/lib/kerby-util-1.0.1.jar:/opt/hadoop/share/ozone/lib/failureaccess-1.0.1.jar:/opt/hadoop/share/ozone/lib/jsp-api-2.1.jar:/opt/hadoop/share/ozone/lib/jsch-0.1.54.jar:/opt/hadoop/share/ozone/lib/nimbus-jose-jwt-7.9.jar:/opt/hadoop/share/ozone/lib/kotlin-stdlib-1.3.50.jar:/opt/hadoop/share/ozone/lib/commons-codec-1.11.jar:/opt/hadoop/share/ozone/lib/commons-pool2-2.6.0.jar:/opt/hadoop/share/ozone/lib/jackson-datatype-jsr310-2.10.3.jar:/opt/hadoop/share/ozone/lib/gson-2.2.4.jar:/opt/hadoop/share/ozone/lib/opentracing-api-0.33.0.jar:/opt/hadoop/share/ozone/lib/jcip-annotations-1.0-1.jar:/opt/hadoop/share/ozone/lib/kerb-admin-1.0.1.jar:/opt/hadoop/share/ozone/lib/commons-io-2.5.jar:/opt/hadoop/share/ozone/lib/snakeyaml-1.16.jar:/opt/hadoop/share/ozone/lib/opentracing-noop-0.33.0.jar:/opt/hadoop/share/ozone/lib/jetty-util-9.4.26.v20200117.jar:/opt/hadoop/share/ozone/lib/jersey-core-1.19.jar:/opt/hadoop/share/ozone/lib/checker-qual-2.10.0.jar:/opt/hadoop/share/ozone/lib/opentracing-util-0.33.0.jar:/opt/hadoop/share/ozone/lib/commons-cli-1.2.jar:/opt/hadoop/share/ozone/lib/woodstox-core-5.0.3.jar:/opt/hadoop/share/ozone/lib/javax.annotation-api-1.2.jar:/opt/hadoop/share/ozone/lib/hadoop-hdds-interface-client-1.1.0-SNAPSHOT.jar:/opt/hadoop/share/ozone/lib/netty-all-4.1.48.Final.jar:/opt/hadoop/share/ozone/lib/kerby-asn1-1.0.1.jar:/opt/hadoop/share/ozone/lib/hadoop-hdds-hadoop-dependency-client-1.1.0-SNAPSHOT.jar:/opt/hadoop/share/ozone/lib/stax2-api-3.1.4.jar:/opt/hadoop/share/ozone/lib/commons-digester-1.8.1.jar:/opt/hadoop/share/ozone/lib/commons-collections-3.2.2.jar:/opt/hadoop/share/ozone/lib/ratis-common-1.0.0.jar:/opt/hadoop/share/ozone/lib/commons-text-1.4.jar:/opt/hadoop/share/ozone/lib/jackson-core-2.10.3.jar:/opt/hadoop/share/ozone/lib/jersey-servlet-1.19.jar:/opt/hadoop/share/ozone/lib/slf4j-api-1.7.25.jar:/opt/hadoop/share/ozone/lib/kerb-identity-1.0.1.jar:/opt/hadoop/share/ozone/lib/hadoop-hdds-server-framework-1.1.0-SNAPSHOT.jar:/opt/hadoop/share/ozone/lib/hadoop-hdds-common-1.1.0-SNAPSHOT-tests.jar:/opt/hadoop/share/ozone/lib/hadoop-hdds-hadoop-dependency-server-1.1.0-SNAPSHOT.jar:/opt/hadoop/share/ozone/lib/jaeger-client-1.2.0.jar:/opt/hadoop/share/ozone/lib/kerb-common-1.0.1.jar:/opt/hadoop/share/ozone/lib/hadoop-hdds-interface-admin-1.1.0-SNAPSHOT.jar:/opt/hadoop/share/ozone/lib/jersey-server-1.19.jar:/opt/hadoop/share/ozone/lib/ratis-grpc-1.0.0.jar:/opt/hadoop/share/ozone/lib/kerb-crypto-1.0.1.jar:/opt/hadoop/share/ozone/lib/hadoop-annotations-3.2.1.jar:/opt/hadoop/share/ozone/lib/httpcore-4.4.4.jar:/opt/hadoop/share/ozone/web:/opt/hadoop/share/ozone/lib/hadoop-hdds-server-scm-1.1.0-SNAPSHOT.jar
datanode_3  |   mostSigBits: 6585479893327299047
s3g_1       | 2020-09-01 01:59:33,266 [main] INFO server.AuthenticationFilter: Unable to initialize FileSignerSecretProvider, falling back to use random secrets.
s3g_1       | 2020-09-01 01:59:33,438 [main] INFO http.HttpRequestLog: Http request log for http.requests.s3gateway is not defined
s3g_1       | 2020-09-01 01:59:33,465 [main] INFO http.HttpServer2: Added global filter 'safety' (class=org.apache.hadoop.hdds.server.http.HttpServer2$QuotingInputFilter)
kms_1       | 	at org.eclipse.jetty.server.handler.ContextHandler.doHandle(ContextHandler.java:1180)
rm_1        | # contributor license agreements.  See the NOTICE file distributed with
om_1        | 2020-09-01 02:00:25,804 [Listener at om/9862] INFO impl.MetricsSystemImpl: Registered sink prometheus
scm_1       | STARTUP_MSG:   build = https://github.com/apache/hadoop-ozone.git/34ee8311b0d0a37878fe1fd2e5d8c1b91aa8cc8f ; compiled by 'runner' on 2020-09-01T01:03Z
datanode_3  |   leastSigBits: -8309379162439201908
nm_1        | # WITHOUT WARRANTIES OR CONDITIONS OF ANY KIND, either express or implied.
s3g_1       | 2020-09-01 01:59:33,494 [main] INFO http.HttpServer2: Added filter static_user_filter (class=org.apache.hadoop.http.lib.StaticUserWebFilter$StaticUserFilter) to context s3gateway
kdc_1       | Sep 01 01:59:20 kdc kadmind[14](Notice): Request: kadm5_get_principal, HTTP/om@EXAMPLE.COM, success, client=admin/admin@EXAMPLE.COM, service=kadmin/admin@EXAMPLE.COM, addr=127.0.0.1
kms_1       | 	at org.eclipse.jetty.servlet.ServletHandler.doScope(ServletHandler.java:512)
rm_1        | # this work for additional information regarding copyright ownership.
om_1        | 2020-09-01 02:00:25,808 [Listener at om/9862] INFO http.BaseHttpServer: HTTP server of ozoneManager listening at http://0.0.0.0:9874
scm_1       | STARTUP_MSG:   java = 11.0.7
datanode_3  | }
nm_1        | # See the License for the specific language governing permissions and
nm_1        | # limitations under the License.
kdc_1       | Sep 01 01:59:20 kdc kadmind[14](info): closing down fd 18
kms_1       | 	at org.eclipse.jetty.server.session.SessionHandler.doScope(SessionHandler.java:185)
rm_1        | # The ASF licenses this file to You under the Apache License, Version 2.0
om_1        | 2020-09-01 02:00:25,808 [IPC Server Responder] INFO ipc.Server: IPC Server Responder: starting
scm_1       | ************************************************************/
datanode_3  | .
nm_1        | 
s3g_1       | 2020-09-01 01:59:33,494 [main] INFO http.HttpServer2: Added filter static_user_filter (class=org.apache.hadoop.http.lib.StaticUserWebFilter$StaticUserFilter) to context static
kms_1       | 	at org.eclipse.jetty.server.handler.ContextHandler.doScope(ContextHandler.java:1112)
rm_1        | # (the "License"); you may not use this file except in compliance with
kdc_1       | Sep 01 01:59:20 kdc kadmind[14](Notice): Request: kadm5_init, admin/admin@EXAMPLE.COM, success, client=admin/admin@EXAMPLE.COM, service=kadmin/admin@EXAMPLE.COM, addr=127.0.0.1, vers=4, flavor=6
om_1        | 2020-09-01 02:00:25,810 [IPC Server listener on 9862] INFO ipc.Server: IPC Server listener on 9862: starting
scm_1       | 2020-09-01 01:59:41,847 [main] INFO server.StorageContainerManagerStarter: registered UNIX signal handlers for [TERM, HUP, INT]
datanode_3  | 2020-09-01 02:00:24,228 [Thread-23] INFO impl.FollowerState: 67e858bf-a141-4d10-bb50-a62d40861904@group-EEC20EBFD613-FollowerState: change to CANDIDATE, lastRpcTime:5177ms, electionTimeout:5158ms
nm_1        | [logging]
s3g_1       | 2020-09-01 01:59:33,497 [main] INFO http.HttpServer2: Added filter static_user_filter (class=org.apache.hadoop.http.lib.StaticUserWebFilter$StaticUserFilter) to context logs
kms_1       | 	at org.eclipse.jetty.server.handler.ScopedHandler.handle(ScopedHandler.java:141)
rm_1        | # the License.  You may obtain a copy of the License at
kdc_1       | Sep 01 01:59:20 kdc kadmind[14](Notice): Request: kadm5_get_policy, default, Policy does not exist, client=admin/admin@EXAMPLE.COM, service=kadmin/admin@EXAMPLE.COM, addr=127.0.0.1
om_1        | 2020-09-01 02:00:25,872 [org.apache.hadoop.util.JvmPauseMonitor$Monitor@25da1dc9] INFO util.JvmPauseMonitor: Starting JVM pause monitor
scm_1       | 2020-09-01 01:59:42,973 [main] WARN server.ServerUtils: ozone.scm.db.dirs is not configured. We recommend adding this setting. Falling back to ozone.metadata.dirs instead.
datanode_3  | 2020-09-01 02:00:24,230 [Thread-23] INFO impl.RoleInfo: 67e858bf-a141-4d10-bb50-a62d40861904: shutdown FollowerState
nm_1        |  default = FILE:/var/log/krb5libs.log
s3g_1       | 2020-09-01 01:59:34,102 [main] INFO s3.Gateway: STARTUP_MSG: 
kms_1       | 	at org.eclipse.jetty.server.handler.HandlerCollection.handle(HandlerCollection.java:119)
rm_1        | #
kdc_1       | Sep 01 01:59:20 kdc kadmind[14](Notice): Request: kadm5_create_principal, HTTP/scm@EXAMPLE.COM, success, client=admin/admin@EXAMPLE.COM, service=kadmin/admin@EXAMPLE.COM, addr=127.0.0.1
om_1        | 2020-09-01 02:00:41,184 [Socket Reader #1 for port 9862] INFO ipc.Server: Auth successful for testuser/om@EXAMPLE.COM (auth:KERBEROS)
scm_1       | 2020-09-01 01:59:43,864 [main] INFO server.StorageContainerManager: SCM initialization succeeded. Current cluster id for sd=/data/metadata/scm;cid=CID-79a6cea5-ae80-4169-ac5b-940ed2afa044;layoutVersion=0
datanode_3  | 2020-09-01 02:00:24,230 [Thread-23] INFO impl.RaftServerImpl: 67e858bf-a141-4d10-bb50-a62d40861904@group-EEC20EBFD613: changes role from  FOLLOWER to CANDIDATE at term 0 for changeToCandidate
nm_1        |  kdc = FILE:/var/log/krb5kdc.log
s3g_1       | /************************************************************
kms_1       | 	at org.eclipse.jetty.server.handler.HandlerWrapper.handle(HandlerWrapper.java:134)
kms_1       | 	at org.eclipse.jetty.server.Server.handle(Server.java:536)
kdc_1       | Sep 01 01:59:20 kdc kadmind[14](info): closing down fd 18
om_1        | 2020-09-01 02:00:45,982 [Socket Reader #1 for port 9862] INFO ipc.Server: Auth successful for testuser/om@EXAMPLE.COM (auth:KERBEROS)
scm_1       | 2020-09-01 01:59:43,923 [shutdown-hook-0] INFO server.StorageContainerManagerStarter: SHUTDOWN_MSG: 
datanode_3  | 2020-09-01 02:00:24,233 [Thread-23] INFO impl.RoleInfo: 67e858bf-a141-4d10-bb50-a62d40861904: start LeaderElection
nm_1        |  admin_server = FILE:/var/log/kadmind.log
s3g_1       | STARTUP_MSG: Starting Gateway
kms_1       | 	at org.eclipse.jetty.server.HttpChannel.handle(HttpChannel.java:333)
rm_1        | #     http://www.apache.org/licenses/LICENSE-2.0
kdc_1       | Sep 01 01:59:20 kdc kadmind[14](Notice): Request: kadm5_init, admin/admin@EXAMPLE.COM, success, client=admin/admin@EXAMPLE.COM, service=kadmin/admin@EXAMPLE.COM, addr=127.0.0.1, vers=4, flavor=6
om_1        | 2020-09-01 02:00:46,760 [IPC Server handler 3 on default port 9862] INFO volume.OMVolumeCreateRequest: created volume:volume1 for user:hadoop
scm_1       | /************************************************************
datanode_3  | 2020-09-01 02:00:24,245 [67e858bf-a141-4d10-bb50-a62d40861904@group-EEC20EBFD613-LeaderElection1] INFO impl.LeaderElection: 67e858bf-a141-4d10-bb50-a62d40861904@group-EEC20EBFD613-LeaderElection1: begin an election at term 1 for -1: [67e858bf-a141-4d10-bb50-a62d40861904:172.25.0.6:9858], old=null
nm_1        | 
s3g_1       | STARTUP_MSG:   host = s3g/172.25.0.10
kms_1       | 	at org.eclipse.jetty.server.HttpConnection.onFillable(HttpConnection.java:251)
rm_1        | #
kdc_1       | Sep 01 01:59:20 kdc kadmind[14](Notice): Request: kadm5_randkey_principal, HTTP/scm@EXAMPLE.COM, success, client=admin/admin@EXAMPLE.COM, service=kadmin/admin@EXAMPLE.COM, addr=127.0.0.1
om_1        | 2020-09-01 02:00:50,167 [Socket Reader #1 for port 9862] INFO ipc.Server: Auth successful for testuser/om@EXAMPLE.COM (auth:KERBEROS)
scm_1       | SHUTDOWN_MSG: Shutting down StorageContainerManager at scm/172.25.0.9
datanode_3  | 2020-09-01 02:00:24,246 [67e858bf-a141-4d10-bb50-a62d40861904@group-EEC20EBFD613-LeaderElection1] INFO impl.RoleInfo: 67e858bf-a141-4d10-bb50-a62d40861904: shutdown LeaderElection
nm_1        | [libdefaults]
s3g_1       | STARTUP_MSG:   args = []
kms_1       | 	at org.eclipse.jetty.io.AbstractConnection$ReadCallback.succeeded(AbstractConnection.java:283)
rm_1        | # Unless required by applicable law or agreed to in writing, software
kdc_1       | Sep 01 01:59:20 kdc kadmind[14](Notice): Request: kadm5_get_principal, HTTP/scm@EXAMPLE.COM, success, client=admin/admin@EXAMPLE.COM, service=kadmin/admin@EXAMPLE.COM, addr=127.0.0.1
om_1        | 2020-09-01 02:00:54,131 [Socket Reader #1 for port 9862] INFO ipc.Server: Auth successful for testuser/om@EXAMPLE.COM (auth:KERBEROS)
scm_1       | ************************************************************/
datanode_3  | 2020-09-01 02:00:24,247 [67e858bf-a141-4d10-bb50-a62d40861904@group-EEC20EBFD613-LeaderElection1] INFO impl.RaftServerImpl: 67e858bf-a141-4d10-bb50-a62d40861904@group-EEC20EBFD613: changes role from CANDIDATE to LEADER at term 1 for changeToLeader
nm_1        |  dns_canonicalize_hostname = false
s3g_1       | STARTUP_MSG:   version = 1.1.0-SNAPSHOT
kms_1       | 	at org.eclipse.jetty.io.FillInterest.fillable(FillInterest.java:108)
rm_1        | # distributed under the License is distributed on an "AS IS" BASIS,
kdc_1       | Sep 01 01:59:20 kdc kadmind[14](info): closing down fd 18
om_1        | 2020-09-01 02:00:57,838 [Socket Reader #1 for port 9862] INFO ipc.Server: Auth successful for testuser/om@EXAMPLE.COM (auth:KERBEROS)
scm_1       | No '-XX:...' jvm parameters are set. Adding safer GC settings '-XX:ParallelGCThreads=8 -XX:+UseConcMarkSweepGC -XX:CMSInitiatingOccupancyFraction=70 -XX:+CMSParallelRemarkEnabled' to the HADOOP_OPTS
datanode_3  | 2020-09-01 02:00:24,247 [67e858bf-a141-4d10-bb50-a62d40861904@group-EEC20EBFD613-LeaderElection1] INFO ratis.XceiverServerRatis: Leader change notification received for group: group-EEC20EBFD613 with new leaderId: 67e858bf-a141-4d10-bb50-a62d40861904
nm_1        |  dns_lookup_realm = false
