datanode3_1  | 2020-09-01 02:03:59,050 [main] INFO server.AbstractConnector: Started ServerConnector@4509b7{HTTP/1.1,[http/1.1]}{0.0.0.0:9882}
scm_1        | WARNING: Please consider reporting this to the maintainers of org.apache.hadoop.security.authentication.util.KerberosUtil
recon_1      | 2020-09-01 02:03:40,080 [Listener at 0.0.0.0/9891] INFO handler.ContextHandler: Started o.e.j.s.ServletContextHandler@13a268cd{logs,/logs,file:///var/log/hadoop/,AVAILABLE}
kdc_1        | Sep 01 02:02:59 kdc krb5kdc[8](info): AS_REQ (8 etypes {18 17 20 19 16 23 25 26}) 127.0.0.1: SERVER_NOT_FOUND: admin/admin@EXAMPLE.COM for kadmin/localhost@EXAMPLE.COM, Server not found in Kerberos database
om3_1        | 2020-09-01 02:04:08,344 [main] INFO ha.OMHANodeDetails: ServiceID for OzoneManager is id1
om1_1        | 2020-09-01 02:04:09,203 [main] WARN server.ServerUtils: ozone.om.db.dirs is not configured. We recommend adding this setting. Falling back to ozone.metadata.dirs instead.
datanode1_1  | uuid128 {
om2_1        | STARTUP_MSG:   host = om2/172.25.0.112
datanode2_1  | 2020-09-01 02:04:12,519 [pool-20-thread-1] INFO metrics.RatisMetrics: Creating Metrics Registry : ratis.log_worker.270aaaf7-e3ad-4c1b-b0d8-5ee4ef1211e6@group-1ED6566FC82A
datanode3_1  | 2020-09-01 02:03:59,062 [main] INFO server.Server: Started @55945ms
scm_1        | WARNING: Use --illegal-access=warn to enable warnings of further illegal reflective access operations
recon_1      | 2020-09-01 02:03:40,086 [Listener at 0.0.0.0/9891] INFO handler.ContextHandler: Started o.e.j.s.ServletContextHandler@14e3d439{static,/static,jar:file:/opt/hadoop/share/ozone/lib/hadoop-ozone-recon-1.1.0-SNAPSHOT.jar!/webapps/static,AVAILABLE}
kdc_1        | Sep 01 02:02:59 kdc krb5kdc[8](info): AS_REQ (8 etypes {18 17 20 19 16 23 25 26}) 127.0.0.1: ISSUE: authtime 1598925779, etypes {rep=18 tkt=18 ses=18}, admin/admin@EXAMPLE.COM for kadmin/admin@EXAMPLE.COM
om3_1        | 2020-09-01 02:04:08,569 [main] INFO ha.OMHANodeDetails: Found matching OM address with OMServiceId: id1, OMNodeId: om3, RPC Address: om3:9862 and Ratis port: 9872
om3_1        | 2020-09-01 02:04:08,569 [main] INFO ha.OMHANodeDetails: Setting configuration key ozone.om.http-address with value of key ozone.om.http-address.om3: om3
om3_1        | 2020-09-01 02:04:08,578 [main] INFO ha.OMHANodeDetails: Setting configuration key ozone.om.address with value of key ozone.om.address.om3: om3
om3_1        | 2020-09-01 02:04:08,624 [main] WARN server.ServerUtils: ozone.om.db.dirs is not configured. We recommend adding this setting. Falling back to ozone.metadata.dirs instead.
om3_1        | WARNING: An illegal reflective access operation has occurred
om3_1        | WARNING: Illegal reflective access by org.apache.hadoop.security.authentication.util.KerberosUtil (file:/opt/hadoop/share/ozone/lib/hadoop-auth-3.2.1.jar) to method sun.security.krb5.Config.getInstance()
om3_1        | WARNING: Please consider reporting this to the maintainers of org.apache.hadoop.security.authentication.util.KerberosUtil
om3_1        | WARNING: Use --illegal-access=warn to enable warnings of further illegal reflective access operations
om3_1        | WARNING: All illegal access operations will be denied in a future release
datanode2_1  | 2020-09-01 02:04:12,572 [pool-20-thread-1] INFO server.RaftServerConfigKeys: raft.server.log.appender.buffer.byte-limit = 33554432 (custom)
datanode1_1  |   mostSigBits: -2247718347616727611
om3_1        | 2020-09-01 02:04:09,921 [main] INFO security.UserGroupInformation: Login successful for user om/om3@EXAMPLE.COM using keytab file /etc/security/keytabs/om.keytab
om1_1        | 2020-09-01 02:04:14,921 [main] INFO client.OMCertificateClient: Loading certificate from location:/data/metadata/om/certs.
datanode3_1  | 2020-09-01 02:03:59,134 [main] INFO impl.MetricsSinkAdapter: Sink prometheus started
om2_1        | STARTUP_MSG:   args = []
scm_1        | WARNING: All illegal access operations will be denied in a future release
recon_1      | 2020-09-01 02:03:40,860 [Listener at 0.0.0.0/9891] INFO server.KerberosAuthenticationHandler: Using keytab /etc/security/keytabs/HTTP.keytab, for principal HTTP/recon@EXAMPLE.COM
kdc_1        | Sep 01 02:02:59 kdc krb5kdc[8](info): AS_REQ (8 etypes {18 17 20 19 16 23 25 26}) 127.0.0.1: SERVER_NOT_FOUND: admin/admin@EXAMPLE.COM for kadmin/localhost@EXAMPLE.COM, Server not found in Kerberos database
datanode2_1  | 2020-09-01 02:04:12,605 [pool-20-thread-1] INFO server.RaftServerConfigKeys: raft.server.log.segment.size.max = 1048576 (custom)
datanode1_1  |   leastSigBits: -8578607063790965435
om3_1        | 2020-09-01 02:04:09,938 [main] INFO om.OzoneManager: Ozone Manager login successful.
om1_1        | 2020-09-01 02:04:15,703 [main] INFO client.OMCertificateClient: Added certificate from file:/data/metadata/om/certs/3743591799312.crt.
datanode3_1  | 2020-09-01 02:03:59,134 [main] INFO impl.MetricsSystemImpl: Registered sink prometheus
om2_1        | STARTUP_MSG:   version = 1.1.0-SNAPSHOT
scm_1        | 2020-09-01 02:03:37,304 [main] INFO security.UserGroupInformation: Login successful for user scm/scm@EXAMPLE.COM using keytab file /etc/security/keytabs/scm.keytab
scm_1        | 2020-09-01 02:03:37,304 [main] INFO server.StorageContainerManager: SCM login successful.
kdc_1        | Sep 01 02:02:59 kdc krb5kdc[8](info): AS_REQ (8 etypes {18 17 20 19 16 23 25 26}) 127.0.0.1: ISSUE: authtime 1598925779, etypes {rep=18 tkt=18 ses=18}, admin/admin@EXAMPLE.COM for kadmin/admin@EXAMPLE.COM
kdc_1        | Sep 01 02:02:59 kdc krb5kdc[8](info): AS_REQ (8 etypes {18 17 20 19 16 23 25 26}) 127.0.0.1: SERVER_NOT_FOUND: admin/admin@EXAMPLE.COM for kadmin/localhost@EXAMPLE.COM, Server not found in Kerberos database
kdc_1        | Sep 01 02:02:59 kdc krb5kdc[8](info): AS_REQ (8 etypes {18 17 20 19 16 23 25 26}) 127.0.0.1: ISSUE: authtime 1598925779, etypes {rep=18 tkt=18 ses=18}, admin/admin@EXAMPLE.COM for kadmin/admin@EXAMPLE.COM
datanode2_1  | 2020-09-01 02:04:12,656 [pool-20-thread-1] INFO server.RaftServerConfigKeys: raft.server.log.segment.cache.num.max = 2 (custom)
datanode2_1  | 2020-09-01 02:04:12,667 [pool-20-thread-1] INFO segmented.SegmentedRaftLogWorker: new 270aaaf7-e3ad-4c1b-b0d8-5ee4ef1211e6@group-1ED6566FC82A-SegmentedRaftLogWorker for RaftStorage:Storage Directory /data/metadata/ratis/5e00163c-1b6a-49db-8d0d-1ed6566fc82a
datanode2_1  | 2020-09-01 02:04:12,672 [pool-20-thread-1] INFO server.RaftServerConfigKeys: raft.server.log.queue.byte-limit = 2147483647 (custom)
datanode2_1  | 2020-09-01 02:04:12,673 [pool-20-thread-1] INFO server.RaftServerConfigKeys: raft.server.log.queue.element-limit = 1024 (custom)
datanode2_1  | 2020-09-01 02:04:12,675 [pool-20-thread-1] INFO server.RaftServerConfigKeys: raft.server.log.segment.size.max = 1048576 (custom)
datanode2_1  | 2020-09-01 02:04:12,677 [pool-20-thread-1] INFO server.RaftServerConfigKeys: raft.server.log.preallocated.size = 16384 (custom)
datanode2_1  | 2020-09-01 02:04:12,677 [pool-20-thread-1] INFO server.RaftServerConfigKeys: raft.server.log.write.buffer.size = 1048576 (custom)
datanode2_1  | 2020-09-01 02:04:12,678 [pool-20-thread-1] INFO server.RaftServerConfigKeys: raft.server.log.force.sync.num = 128 (default)
datanode2_1  | 2020-09-01 02:04:12,682 [pool-20-thread-1] INFO server.RaftServerConfigKeys: raft.server.log.statemachine.data.sync = true (default)
datanode2_1  | 2020-09-01 02:04:12,682 [pool-20-thread-1] INFO server.RaftServerConfigKeys: raft.server.log.statemachine.data.sync.timeout = 10s (default)
datanode2_1  | 2020-09-01 02:04:12,685 [pool-20-thread-1] INFO server.RaftServerConfigKeys: raft.server.log.statemachine.data.sync.timeout.retry = -1 (default)
datanode2_1  | 2020-09-01 02:04:12,775 [pool-20-thread-1] INFO server.RaftServerConfigKeys: raft.server.log.statemachine.data.caching.enabled = true (custom)
datanode2_1  | 2020-09-01 02:04:12,815 [pool-20-thread-1] INFO segmented.SegmentedRaftLogWorker: 270aaaf7-e3ad-4c1b-b0d8-5ee4ef1211e6@group-1ED6566FC82A-SegmentedRaftLogWorker: flushIndex: setUnconditionally 0 -> -1
datanode2_1  | 2020-09-01 02:04:12,815 [pool-20-thread-1] INFO segmented.SegmentedRaftLogWorker: 270aaaf7-e3ad-4c1b-b0d8-5ee4ef1211e6@group-1ED6566FC82A-SegmentedRaftLogWorker: safeCacheEvictIndex: setUnconditionally 0 -> -1
datanode2_1  | 2020-09-01 02:04:12,837 [pool-20-thread-1] INFO server.RaftServerConfigKeys: raft.server.snapshot.auto.trigger.enabled = true (custom)
datanode2_1  | 2020-09-01 02:04:12,906 [pool-20-thread-1] INFO server.RaftServerConfigKeys: raft.server.snapshot.auto.trigger.threshold = 10000 (custom)
datanode2_1  | 2020-09-01 02:04:12,985 [pool-20-thread-1] INFO server.RaftServerConfigKeys: raft.server.snapshot.retention.file.num = 5 (custom)
datanode2_1  | 2020-09-01 02:04:12,986 [pool-20-thread-1] INFO server.RaftServerConfigKeys: raft.server.log.purge.upto.snapshot.index = false (default)
datanode2_1  | 2020-09-01 02:04:12,986 [pool-20-thread-1] INFO server.RaftServerConfigKeys: raft.server.retrycache.expirytime = 600000ms (custom)
datanode2_1  | 2020-09-01 02:04:13,195 [pool-20-thread-1] INFO metrics.RatisMetrics: Creating Metrics Registry : ratis.leader_election.270aaaf7-e3ad-4c1b-b0d8-5ee4ef1211e6@group-1ED6566FC82A
datanode2_1  | 2020-09-01 02:04:13,241 [pool-20-thread-1] INFO metrics.RatisMetrics: Creating Metrics Registry : ratis.server.270aaaf7-e3ad-4c1b-b0d8-5ee4ef1211e6@group-1ED6566FC82A
datanode2_1  | 2020-09-01 02:04:13,291 [pool-20-thread-1] INFO impl.RaftServerImpl: 270aaaf7-e3ad-4c1b-b0d8-5ee4ef1211e6@group-1ED6566FC82A: start as a follower, conf=-1: [f2a64f2d-57ef-45dd-aeb9-88feb7446e2f:172.25.0.102:9858, 410297aa-19ee-449c-805e-e92e1177ea17:172.25.0.104:9858, 270aaaf7-e3ad-4c1b-b0d8-5ee4ef1211e6:172.25.0.103:9858], old=null
datanode2_1  | 2020-09-01 02:04:13,297 [pool-20-thread-1] INFO impl.RaftServerImpl: 270aaaf7-e3ad-4c1b-b0d8-5ee4ef1211e6@group-1ED6566FC82A: changes role from      null to FOLLOWER at term 0 for startAsFollower
kdc_1        | Sep 01 02:02:59 kdc krb5kdc[8](info): AS_REQ (8 etypes {18 17 20 19 16 23 25 26}) 127.0.0.1: SERVER_NOT_FOUND: admin/admin@EXAMPLE.COM for kadmin/localhost@EXAMPLE.COM, Server not found in Kerberos database
kdc_1        | Sep 01 02:02:59 kdc krb5kdc[8](info): AS_REQ (8 etypes {18 17 20 19 16 23 25 26}) 127.0.0.1: ISSUE: authtime 1598925779, etypes {rep=18 tkt=18 ses=18}, admin/admin@EXAMPLE.COM for kadmin/admin@EXAMPLE.COM
kdc_1        | Sep 01 02:02:59 kdc krb5kdc[8](info): AS_REQ (8 etypes {18 17 20 19 16 23 25 26}) 127.0.0.1: SERVER_NOT_FOUND: admin/admin@EXAMPLE.COM for kadmin/localhost@EXAMPLE.COM, Server not found in Kerberos database
kdc_1        | Sep 01 02:02:59 kdc krb5kdc[8](info): AS_REQ (8 etypes {18 17 20 19 16 23 25 26}) 127.0.0.1: ISSUE: authtime 1598925779, etypes {rep=18 tkt=18 ses=18}, admin/admin@EXAMPLE.COM for kadmin/admin@EXAMPLE.COM
kdc_1        | Sep 01 02:03:00 kdc krb5kdc[8](info): AS_REQ (8 etypes {18 17 20 19 16 23 25 26}) 127.0.0.1: SERVER_NOT_FOUND: admin/admin@EXAMPLE.COM for kadmin/localhost@EXAMPLE.COM, Server not found in Kerberos database
kdc_1        | Sep 01 02:03:00 kdc krb5kdc[8](info): AS_REQ (8 etypes {18 17 20 19 16 23 25 26}) 127.0.0.1: ISSUE: authtime 1598925780, etypes {rep=18 tkt=18 ses=18}, admin/admin@EXAMPLE.COM for kadmin/admin@EXAMPLE.COM
kdc_1        | Sep 01 02:03:00 kdc krb5kdc[8](info): AS_REQ (8 etypes {18 17 20 19 16 23 25 26}) 127.0.0.1: SERVER_NOT_FOUND: admin/admin@EXAMPLE.COM for kadmin/localhost@EXAMPLE.COM, Server not found in Kerberos database
kdc_1        | Sep 01 02:03:00 kdc krb5kdc[8](info): AS_REQ (8 etypes {18 17 20 19 16 23 25 26}) 127.0.0.1: ISSUE: authtime 1598925780, etypes {rep=18 tkt=18 ses=18}, admin/admin@EXAMPLE.COM for kadmin/admin@EXAMPLE.COM
kdc_1        | Generiting keytab
kdc_1        | Authenticating as principal admin/admin with keytab /tmp/admin.keytab.
kdc_1        | WARNING: no policy specified for recon/recon@EXAMPLE.COM; defaulting to no policy
kdc_1        | Principal "recon/recon@EXAMPLE.COM" created.
kdc_1        | Authenticating as principal admin/admin with keytab /tmp/admin.keytab.
kdc_1        | Entry for principal recon/recon@EXAMPLE.COM with kvno 2, encryption type aes256-cts-hmac-sha1-96 added to keytab WRFILE:/data/recon.recon.keytab.
kdc_1        | Entry for principal recon/recon@EXAMPLE.COM with kvno 2, encryption type aes128-cts-hmac-sha1-96 added to keytab WRFILE:/data/recon.recon.keytab.
kdc_1        | Generiting keytab
kdc_1        | Authenticating as principal admin/admin with keytab /tmp/admin.keytab.
kdc_1        | WARNING: no policy specified for om/om3@EXAMPLE.COM; defaulting to no policy
kdc_1        | Principal "om/om3@EXAMPLE.COM" created.
kdc_1        | Authenticating as principal admin/admin with keytab /tmp/admin.keytab.
kdc_1        | Entry for principal om/om3@EXAMPLE.COM with kvno 2, encryption type aes256-cts-hmac-sha1-96 added to keytab WRFILE:/data/om.om3.keytab.
kdc_1        | Entry for principal om/om3@EXAMPLE.COM with kvno 2, encryption type aes128-cts-hmac-sha1-96 added to keytab WRFILE:/data/om.om3.keytab.
kdc_1        | Generiting keytab
kdc_1        | Authenticating as principal admin/admin with keytab /tmp/admin.keytab.
kdc_1        | WARNING: no policy specified for dn/ccae739c7014@EXAMPLE.COM; defaulting to no policy
kdc_1        | Principal "dn/ccae739c7014@EXAMPLE.COM" created.
kdc_1        | Authenticating as principal admin/admin with keytab /tmp/admin.keytab.
kdc_1        | Entry for principal dn/ccae739c7014@EXAMPLE.COM with kvno 2, encryption type aes256-cts-hmac-sha1-96 added to keytab WRFILE:/data/dn.ccae739c7014.keytab.
kdc_1        | Entry for principal dn/ccae739c7014@EXAMPLE.COM with kvno 2, encryption type aes128-cts-hmac-sha1-96 added to keytab WRFILE:/data/dn.ccae739c7014.keytab.
kdc_1        | Generiting keytab
kdc_1        | Authenticating as principal admin/admin with keytab /tmp/admin.keytab.
kdc_1        | WARNING: no policy specified for HTTP/recon@EXAMPLE.COM; defaulting to no policy
kdc_1        | Principal "HTTP/recon@EXAMPLE.COM" created.
kdc_1        | Authenticating as principal admin/admin with keytab /tmp/admin.keytab.
kdc_1        | Sep 01 02:03:00 kdc kadmind[13](Notice): Request: kadm5_init, admin/admin@EXAMPLE.COM, success, client=admin/admin@EXAMPLE.COM, service=kadmin/admin@EXAMPLE.COM, addr=127.0.0.1, vers=4, flavor=6
kdc_1        | Sep 01 02:03:00 kdc kadmind[13](Notice): Request: kadm5_get_policy, default, Policy does not exist, client=admin/admin@EXAMPLE.COM, service=kadmin/admin@EXAMPLE.COM, addr=127.0.0.1
kdc_1        | Sep 01 02:03:00 kdc kadmind[13](Notice): Request: kadm5_create_principal, recon/recon@EXAMPLE.COM, success, client=admin/admin@EXAMPLE.COM, service=kadmin/admin@EXAMPLE.COM, addr=127.0.0.1
om1_1        | 2020-09-01 02:04:15,766 [main] INFO client.OMCertificateClient: Added certificate from file:/data/metadata/om/certs/CA-1.crt.
om1_1        | 2020-09-01 02:04:16,070 [main] WARN server.ServerUtils: ozone.om.db.dirs is not configured. We recommend adding this setting. Falling back to ozone.metadata.dirs instead.
recon_1      | 2020-09-01 02:03:42,689 [Listener at 0.0.0.0/9891] INFO handler.ContextHandler: Started o.e.j.w.WebAppContext@3a9d6f5d{recon,/,file:///tmp/jetty-0_0_0_0-9888-hadoop-ozone-recon-1_1_0-SNAPSHOT_jar-_-any-9528602947072724825.dir/webapp/,AVAILABLE}{jar:file:/opt/hadoop/share/ozone/lib/hadoop-ozone-recon-1.1.0-SNAPSHOT.jar!/webapps/recon}
recon_1      | 2020-09-01 02:03:42,700 [Listener at 0.0.0.0/9891] INFO server.AbstractConnector: Started ServerConnector@4a4b288a{HTTP/1.1,[http/1.1]}{0.0.0.0:9888}
recon_1      | 2020-09-01 02:03:42,704 [Listener at 0.0.0.0/9891] INFO server.Server: Started @40545ms
recon_1      | 2020-09-01 02:03:42,709 [Listener at 0.0.0.0/9891] INFO impl.MetricsSinkAdapter: Sink prometheus started
recon_1      | 2020-09-01 02:03:42,710 [Listener at 0.0.0.0/9891] INFO impl.MetricsSystemImpl: Registered sink prometheus
recon_1      | 2020-09-01 02:03:42,715 [Listener at 0.0.0.0/9891] INFO http.BaseHttpServer: HTTP server of recon listening at http://0.0.0.0:9888
recon_1      | 2020-09-01 02:03:42,715 [Listener at 0.0.0.0/9891] INFO impl.OzoneManagerServiceProviderImpl: Starting Ozone Manager Service Provider.
recon_1      | 2020-09-01 02:03:42,723 [Listener at 0.0.0.0/9891] INFO impl.OzoneManagerServiceProviderImpl: Registered OmDeltaRequest task 
om1_1        | 2020-09-01 02:04:16,813 [main] INFO codec.OmKeyInfoCodec: OmKeyInfoCodec ignorePipeline = true
datanode2_1  | 2020-09-01 02:04:13,301 [pool-20-thread-1] INFO impl.RoleInfo: 270aaaf7-e3ad-4c1b-b0d8-5ee4ef1211e6: start FollowerState
om2_1        | STARTUP_MSG:   classpath = /etc/hadoop:/opt/hadoop/share/hadoop/common/*:/opt/hadoop/share/ozone/lib/hadoop-ozone-interface-client-1.1.0-SNAPSHOT.jar:/opt/hadoop/share/ozone/lib/kerb-simplekdc-1.0.1.jar:/opt/hadoop/share/ozone/lib/okhttp-4.2.2.jar:/opt/hadoop/share/ozone/lib/jackson-databind-2.10.3.jar:/opt/hadoop/share/ozone/lib/protobuf-java-2.5.0.jar:/opt/hadoop/share/ozone/lib/bcpkix-jdk15on-1.60.jar:/opt/hadoop/share/ozone/lib/log4j-api-2.13.3.jar:/opt/hadoop/share/ozone/lib/commons-validator-1.6.jar:/opt/hadoop/share/ozone/lib/netty-3.10.5.Final.jar:/opt/hadoop/share/ozone/lib/kotlin-stdlib-common-1.3.50.jar:/opt/hadoop/share/ozone/lib/kerb-core-1.0.1.jar:/opt/hadoop/share/ozone/lib/picocli-4.4.0.jar:/opt/hadoop/share/ozone/lib/jsr305-3.0.0.jar:/opt/hadoop/share/ozone/lib/hadoop-ozone-client-1.1.0-SNAPSHOT.jar:/opt/hadoop/share/ozone/lib/ratis-proto-1.0.0.jar:/opt/hadoop/share/ozone/lib/leveldbjni-all-1.8.jar:/opt/hadoop/share/ozone/lib/j2objc-annotations-1.3.jar:/opt/hadoop/share/ozone/lib/jetty-io-9.4.26.v20200117.jar:/opt/hadoop/share/ozone/lib/jaeger-tracerresolver-1.2.0.jar:/opt/hadoop/share/ozone/lib/hadoop-auth-3.2.1.jar:/opt/hadoop/share/ozone/lib/hadoop-hdds-interface-server-1.1.0-SNAPSHOT.jar:/opt/hadoop/share/ozone/lib/ratis-client-1.0.0.jar:/opt/hadoop/share/ozone/lib/htrace-core4-4.1.0-incubating.jar:/opt/hadoop/share/ozone/lib/jetty-http-9.4.26.v20200117.jar:/opt/hadoop/share/ozone/lib/kerb-util-1.0.1.jar:/opt/hadoop/share/ozone/lib/ratis-netty-1.0.0.jar:/opt/hadoop/share/ozone/lib/jetty-xml-9.4.26.v20200117.jar:/opt/hadoop/share/ozone/lib/jaeger-thrift-1.2.0.jar:/opt/hadoop/share/ozone/lib/commons-logging-1.2.jar:/opt/hadoop/share/ozone/lib/kerby-xdr-1.0.1.jar:/opt/hadoop/share/ozone/lib/jetty-server-9.4.26.v20200117.jar:/opt/hadoop/share/ozone/lib/opentracing-tracerresolver-0.1.8.jar:/opt/hadoop/share/ozone/lib/commons-net-3.6.jar:/opt/hadoop/share/ozone/lib/jaeger-core-1.2.0.jar:/opt/hadoop/share/ozone/lib/error_prone_annotations-2.2.0.jar:/opt/hadoop/share/ozone/lib/slf4j-log4j12-1.7.25.jar:/opt/hadoop/share/ozone/lib/okio-2.2.2.jar:/opt/hadoop/share/ozone/lib/kerby-config-1.0.1.jar:/opt/hadoop/share/ozone/lib/jetty-util-ajax-9.4.26.v20200117.jar:/opt/hadoop/share/ozone/lib/metrics-core-3.2.4.jar:/opt/hadoop/share/ozone/lib/guava-28.2-jre.jar:/opt/hadoop/share/ozone/lib/kerby-pkix-1.0.1.jar:/opt/hadoop/share/ozone/lib/xz-1.0.jar:/opt/hadoop/share/ozone/lib/jetty-servlet-9.4.26.v20200117.jar:/opt/hadoop/share/ozone/lib/jsr311-api-1.1.1.jar:/opt/hadoop/share/ozone/lib/hadoop-hdds-client-1.1.0-SNAPSHOT.jar:/opt/hadoop/share/ozone/lib/commons-beanutils-1.9.4.jar:/opt/hadoop/share/ozone/lib/ratis-thirdparty-misc-0.5.0.jar:/opt/hadoop/share/ozone/lib/jetty-security-9.4.26.v20200117.jar:/opt/hadoop/share/ozone/lib/javax.servlet-api-3.1.0.jar:/opt/hadoop/share/ozone/lib/kerb-server-1.0.1.jar:/opt/hadoop/share/ozone/lib/ratis-metrics-1.0.0.jar:/opt/hadoop/share/ozone/lib/kerb-client-1.0.1.jar:/opt/hadoop/share/ozone/lib/disruptor-3.4.2.jar:/opt/hadoop/share/ozone/lib/libthrift-0.13.0.jar:/opt/hadoop/share/ozone/lib/log4j-core-2.13.3.jar:/opt/hadoop/share/ozone/lib/ratis-server-1.0.0.jar:/opt/hadoop/share/ozone/lib/annotations-13.0.jar:/opt/hadoop/share/ozone/lib/simpleclient_common-0.7.0.jar:/opt/hadoop/share/ozone/lib/dnsjava-2.1.7.jar:/opt/hadoop/share/ozone/lib/jackson-annotations-2.10.3.jar:/opt/hadoop/share/ozone/lib/commons-configuration2-2.1.1.jar:/opt/hadoop/share/ozone/lib/json-smart-2.3.jar:/opt/hadoop/share/ozone/lib/token-provider-1.0.1.jar:/opt/hadoop/share/ozone/lib/log4j-1.2.17.jar:/opt/hadoop/share/ozone/lib/commons-daemon-1.0.13.jar:/opt/hadoop/share/ozone/lib/listenablefuture-9999.0-empty-to-avoid-conflict-with-guava.jar:/opt/hadoop/share/ozone/lib/bcprov-jdk15on-1.60.jar:/opt/hadoop/share/ozone/lib/hadoop-hdds-config-1.1.0-SNAPSHOT.jar:/opt/hadoop/share/ozone/lib/hadoop-hdds-common-1.1.0-SNAPSHOT.jar:/opt/hadoop/share/ozone/lib/hadoop-hdfs-client-3.2.1.jar:/opt/hadoop/share/ozone/lib/jetty-webapp-9.4.26.v20200117.jar:/opt/hadoop/share/ozone/lib/commons-lang3-3.7.jar:/opt/hadoop/share/ozone/lib/commons-compress-1.4.1.jar:/opt/hadoop/share/ozone/lib/accessors-smart-1.2.jar:/opt/hadoop/share/ozone/lib/re2j-1.1.jar:/opt/hadoop/share/ozone/lib/hadoop-hdfs-3.2.1.jar:/opt/hadoop/share/ozone/lib/commons-math3-3.1.1.jar:/opt/hadoop/share/ozone/lib/simpleclient_dropwizard-0.7.0.jar:/opt/hadoop/share/ozone/lib/simpleclient-0.7.0.jar:/opt/hadoop/share/ozone/lib/hadoop-common-3.2.1.jar:/opt/hadoop/share/ozone/lib/httpclient-4.5.2.jar:/opt/hadoop/share/ozone/lib/rocksdbjni-6.8.1.jar:/opt/hadoop/share/ozone/lib/asm-5.0.4.jar:/opt/hadoop/share/ozone/lib/kerby-util-1.0.1.jar:/opt/hadoop/share/ozone/lib/failureaccess-1.0.1.jar:/opt/hadoop/share/ozone/lib/jsp-api-2.1.jar:/opt/hadoop/share/ozone/lib/jsch-0.1.54.jar:/opt/hadoop/share/ozone/lib/nimbus-jose-jwt-7.9.jar:/opt/hadoop/share/ozone/lib/kotlin-stdlib-1.3.50.jar:/opt/hadoop/share/ozone/lib/commons-codec-1.11.jar:/opt/hadoop/share/ozone/lib/commons-pool2-2.6.0.jar:/opt/hadoop/share/ozone/lib/jackson-datatype-jsr310-2.10.3.jar:/opt/hadoop/share/ozone/lib/gson-2.2.4.jar:/opt/hadoop/share/ozone/lib/opentracing-api-0.33.0.jar:/opt/hadoop/share/ozone/lib/jcip-annotations-1.0-1.jar:/opt/hadoop/share/ozone/lib/kerb-admin-1.0.1.jar:/opt/hadoop/share/ozone/lib/commons-io-2.5.jar:/opt/hadoop/share/ozone/lib/snakeyaml-1.16.jar:/opt/hadoop/share/ozone/lib/opentracing-noop-0.33.0.jar:/opt/hadoop/share/ozone/lib/jetty-util-9.4.26.v20200117.jar:/opt/hadoop/share/ozone/lib/jersey-core-1.19.jar:/opt/hadoop/share/ozone/lib/checker-qual-2.10.0.jar:/opt/hadoop/share/ozone/lib/hadoop-ozone-common-1.1.0-SNAPSHOT.jar:/opt/hadoop/share/ozone/lib/opentracing-util-0.33.0.jar:/opt/hadoop/share/ozone/lib/commons-cli-1.2.jar:/opt/hadoop/share/ozone/lib/woodstox-core-5.0.3.jar:/opt/hadoop/share/ozone/lib/javax.annotation-api-1.2.jar:/opt/hadoop/share/ozone/lib/hadoop-hdds-interface-client-1.1.0-SNAPSHOT.jar:/opt/hadoop/share/ozone/lib/netty-all-4.1.48.Final.jar:/opt/hadoop/share/ozone/lib/kerby-asn1-1.0.1.jar:/opt/hadoop/share/ozone/lib/hadoop-hdds-hadoop-dependency-client-1.1.0-SNAPSHOT.jar:/opt/hadoop/share/ozone/lib/stax2-api-3.1.4.jar:/opt/hadoop/share/ozone/lib/commons-digester-1.8.1.jar:/opt/hadoop/share/ozone/lib/commons-collections-3.2.2.jar:/opt/hadoop/share/ozone/lib/ratis-common-1.0.0.jar:/opt/hadoop/share/ozone/lib/jackson-core-2.10.3.jar:/opt/hadoop/share/ozone/lib/commons-text-1.4.jar:/opt/hadoop/share/ozone/lib/jersey-servlet-1.19.jar:/opt/hadoop/share/ozone/lib/slf4j-api-1.7.25.jar:/opt/hadoop/share/ozone/lib/hadoop-hdds-server-framework-1.1.0-SNAPSHOT.jar:/opt/hadoop/share/ozone/lib/kerb-identity-1.0.1.jar:/opt/hadoop/share/ozone/lib/hadoop-hdds-hadoop-dependency-server-1.1.0-SNAPSHOT.jar:/opt/hadoop/share/ozone/lib/jaeger-client-1.2.0.jar:/opt/hadoop/share/ozone/lib/kerb-common-1.0.1.jar:/opt/hadoop/share/ozone/lib/hadoop-hdds-interface-admin-1.1.0-SNAPSHOT.jar:/opt/hadoop/share/ozone/lib/jersey-server-1.19.jar:/opt/hadoop/share/ozone/lib/ratis-grpc-1.0.0.jar:/opt/hadoop/share/ozone/lib/kerb-crypto-1.0.1.jar:/opt/hadoop/share/ozone/lib/hadoop-annotations-3.2.1.jar:/opt/hadoop/share/ozone/lib/httpcore-4.4.4.jar:/opt/hadoop/share/ozone/web:/opt/hadoop/share/ozone/lib/hadoop-ozone-ozone-manager-1.1.0-SNAPSHOT.jar
datanode1_1  | }
recon_1      | 2020-09-01 02:03:42,741 [Listener at 0.0.0.0/9891] INFO impl.OzoneManagerServiceProviderImpl: Registered OmSnapshotRequest task 
datanode3_1  | 2020-09-01 02:03:59,163 [main] INFO http.BaseHttpServer: HTTP server of hddsDatanode listening at http://0.0.0.0:9882
scm_1        | 2020-09-01 02:03:37,692 [main] WARN db.DBStoreBuilder: ozone.scm.db.dirs is not configured. We recommend adding this setting. Falling back to ozone.metadata.dirs instead.
om3_1        | 2020-09-01 02:04:09,938 [main] WARN server.ServerUtils: ozone.om.db.dirs is not configured. We recommend adding this setting. Falling back to ozone.metadata.dirs instead.
kdc_1        | Sep 01 02:03:00 kdc kadmind[13](info): closing down fd 18
om1_1        | 2020-09-01 02:04:16,868 [main] INFO codec.RepeatedOmKeyInfoCodec: RepeatedOmKeyInfoCodec ignorePipeline = true
datanode2_1  | 2020-09-01 02:04:13,362 [pool-20-thread-1] INFO util.JmxRegister: Successfully registered JMX Bean with object name Ratis:service=RaftServer,group=group-1ED6566FC82A,id=270aaaf7-e3ad-4c1b-b0d8-5ee4ef1211e6
om2_1        | STARTUP_MSG:   build = https://github.com/apache/hadoop-ozone.git/34ee8311b0d0a37878fe1fd2e5d8c1b91aa8cc8f ; compiled by 'runner' on 2020-09-01T01:04Z
datanode1_1  | .
recon_1      | 2020-09-01 02:03:42,742 [Listener at 0.0.0.0/9891] INFO recovery.ReconOmMetadataManagerImpl: Starting ReconOMMetadataManagerImpl
datanode3_1  | 2020-09-01 02:03:59,462 [org.apache.hadoop.util.JvmPauseMonitor$Monitor@4fdbbd13] INFO util.JvmPauseMonitor: Starting JVM pause monitor
scm_1        | 2020-09-01 02:03:40,251 [main] INFO ozone.OzoneSecurityUtil: Adding ip:172.25.0.116,host:scm
om3_1        | 2020-09-01 02:04:14,879 [main] INFO client.OMCertificateClient: Loading certificate from location:/data/metadata/om/certs.
kdc_1        | Sep 01 02:03:00 kdc kadmind[13](Notice): Request: kadm5_init, admin/admin@EXAMPLE.COM, success, client=admin/admin@EXAMPLE.COM, service=kadmin/admin@EXAMPLE.COM, addr=127.0.0.1, vers=4, flavor=6
om1_1        | 2020-09-01 02:04:17,611 [main] INFO Configuration.deprecation: No unit for ozone.manager.delegation.remover.scan.interval(3600000) assuming MILLISECONDS
datanode2_1  | 2020-09-01 02:04:13,365 [pool-20-thread-1] INFO metrics.RatisMetrics: Creating Metrics Registry : ratis.state_machine.270aaaf7-e3ad-4c1b-b0d8-5ee4ef1211e6@group-1ED6566FC82A
om2_1        | STARTUP_MSG:   java = 11.0.7
datanode1_1  | 2020-09-01 02:04:09,203 [Command processor thread] INFO impl.RaftServerProxy: f2a64f2d-57ef-45dd-aeb9-88feb7446e2f: addNew group-1ED6566FC82A:[f2a64f2d-57ef-45dd-aeb9-88feb7446e2f:172.25.0.102:9858, 410297aa-19ee-449c-805e-e92e1177ea17:172.25.0.104:9858, 270aaaf7-e3ad-4c1b-b0d8-5ee4ef1211e6:172.25.0.103:9858] returns group-1ED6566FC82A:java.util.concurrent.CompletableFuture@5892b935[Not completed]
recon_1      | 2020-09-01 02:03:42,742 [Listener at 0.0.0.0/9891] WARN recon.ReconUtils: ozone.recon.om.db.dir is not configured. We recommend adding this setting. Falling back to ozone.metadata.dirs instead.
datanode3_1  | 2020-09-01 02:04:00,026 [Datanode State Machine Task Thread - 0] INFO statemachine.SCMConnectionManager: Adding Recon Server : recon/172.25.0.115:9891
scm_1        | 2020-09-01 02:03:40,251 [main] INFO ozone.OzoneSecurityUtil: ip:127.0.0.1 not returned.
om3_1        | 2020-09-01 02:04:15,367 [main] INFO client.OMCertificateClient: Added certificate from file:/data/metadata/om/certs/3743315831390.crt.
om3_1        | 2020-09-01 02:04:15,423 [main] INFO client.OMCertificateClient: Added certificate from file:/data/metadata/om/certs/CA-1.crt.
om1_1        | 2020-09-01 02:04:17,627 [main] INFO security.OzoneSecretStore: Loaded 0 tokens
datanode2_1  | 2020-09-01 02:04:14,753 [grpc-default-executor-0] INFO impl.RaftServerImpl: 270aaaf7-e3ad-4c1b-b0d8-5ee4ef1211e6@group-1ED6566FC82A: changes role from  FOLLOWER to FOLLOWER at term 1 for recognizeCandidate:f2a64f2d-57ef-45dd-aeb9-88feb7446e2f
om2_1        | ************************************************************/
datanode1_1  | 2020-09-01 02:04:09,256 [pool-20-thread-1] INFO impl.RaftServerImpl: f2a64f2d-57ef-45dd-aeb9-88feb7446e2f: new RaftServerImpl for group-1ED6566FC82A:[f2a64f2d-57ef-45dd-aeb9-88feb7446e2f:172.25.0.102:9858, 410297aa-19ee-449c-805e-e92e1177ea17:172.25.0.104:9858, 270aaaf7-e3ad-4c1b-b0d8-5ee4ef1211e6:172.25.0.103:9858] with ContainerStateMachine:uninitialized
recon_1      | 2020-09-01 02:03:42,742 [Listener at 0.0.0.0/9891] INFO tasks.ReconTaskControllerImpl: Starting Recon Task Controller.
datanode3_1  | 2020-09-01 02:04:03,054 [Datanode State Machine Task Thread - 1] INFO ozoneimpl.OzoneContainer: Attempting to start container services.
scm_1        | 2020-09-01 02:03:40,447 [main] INFO ipc.CallQueueManager: Using callQueue: class java.util.concurrent.LinkedBlockingQueue, queueCapacity: 200, scheduler: class org.apache.hadoop.ipc.DefaultRpcScheduler, ipcBackoff: false.
om3_1        | 2020-09-01 02:04:15,666 [main] WARN server.ServerUtils: ozone.om.db.dirs is not configured. We recommend adding this setting. Falling back to ozone.metadata.dirs instead.
kdc_1        | Sep 01 02:03:00 kdc kadmind[13](Notice): Request: kadm5_randkey_principal, recon/recon@EXAMPLE.COM, success, client=admin/admin@EXAMPLE.COM, service=kadmin/admin@EXAMPLE.COM, addr=127.0.0.1
om1_1        | 2020-09-01 02:04:17,628 [main] INFO security.OzoneDelegationTokenSecretManager: Loading token state into token manager.
datanode2_1  | 2020-09-01 02:04:14,754 [grpc-default-executor-0] INFO impl.RoleInfo: 270aaaf7-e3ad-4c1b-b0d8-5ee4ef1211e6: shutdown FollowerState
om2_1        | 2020-09-01 02:04:03,966 [main] INFO om.OzoneManagerStarter: registered UNIX signal handlers for [TERM, HUP, INT]
datanode1_1  | 2020-09-01 02:04:09,257 [pool-20-thread-1] INFO server.RaftServerConfigKeys: raft.server.rpc.timeout.min = 5s (custom)
recon_1      | 2020-09-01 02:03:42,748 [Listener at 0.0.0.0/9891] INFO scm.ReconStorageContainerManagerFacade: Recon ScmDatanodeProtocol RPC server is listening at /0.0.0.0:9891
datanode3_1  | 2020-09-01 02:04:03,061 [Datanode State Machine Task Thread - 1] INFO ozoneimpl.OzoneContainer: Background container scanner has been disabled.
scm_1        | 2020-09-01 02:03:40,497 [Socket Reader #1 for port 9961] INFO ipc.Server: Starting Socket Reader #1 for port 9961
om3_1        | 2020-09-01 02:04:16,278 [main] INFO codec.OmKeyInfoCodec: OmKeyInfoCodec ignorePipeline = true
kdc_1        | Sep 01 02:03:00 kdc kadmind[13](Notice): Request: kadm5_get_principal, recon/recon@EXAMPLE.COM, success, client=admin/admin@EXAMPLE.COM, service=kadmin/admin@EXAMPLE.COM, addr=127.0.0.1
om1_1        | 2020-09-01 02:04:18,066 [main] INFO om.OzoneManager: Created Volume s3v With Owner root required for S3Gateway operations.
datanode2_1  | 2020-09-01 02:04:14,754 [Thread-24] INFO impl.FollowerState: 270aaaf7-e3ad-4c1b-b0d8-5ee4ef1211e6@group-1ED6566FC82A-FollowerState was interrupted: java.lang.InterruptedException: sleep interrupted
om2_1        | 2020-09-01 02:04:08,473 [main] INFO ha.OMHANodeDetails: ServiceID for OzoneManager is id1
datanode1_1  | 2020-09-01 02:04:09,257 [pool-20-thread-1] INFO server.RaftServerConfigKeys: raft.server.rpc.timeout.max = 5200ms (custom)
recon_1      | 2020-09-01 02:03:48,069 [Listener at 0.0.0.0/9891] INFO scm.ReconStorageContainerManagerFacade: Obtained 0 pipelines from SCM.
datanode3_1  | 2020-09-01 02:04:03,061 [Datanode State Machine Task Thread - 1] INFO ratis.XceiverServerRatis: Starting XceiverServerRatis 410297aa-19ee-449c-805e-e92e1177ea17 at port 9858
scm_1        | 2020-09-01 02:03:40,683 [Listener at 0.0.0.0/9961] INFO net.NodeSchemaLoader: Loading file from java.lang.CompoundEnumeration@3ae126d1
om3_1        | 2020-09-01 02:04:16,382 [main] INFO codec.RepeatedOmKeyInfoCodec: RepeatedOmKeyInfoCodec ignorePipeline = true
kdc_1        | Sep 01 02:03:00 kdc kadmind[13](info): closing down fd 18
om1_1        | 2020-09-01 02:04:18,097 [main] INFO metrics.MetricRegistries: Loaded MetricRegistries class org.apache.ratis.metrics.impl.MetricRegistriesImpl
datanode2_1  | 2020-09-01 02:04:14,754 [grpc-default-executor-0] INFO impl.RoleInfo: 270aaaf7-e3ad-4c1b-b0d8-5ee4ef1211e6: start FollowerState
om2_1        | 2020-09-01 02:04:08,797 [main] INFO ha.OMHANodeDetails: Found matching OM address with OMServiceId: id1, OMNodeId: om2, RPC Address: om2:9862 and Ratis port: 9872
datanode1_1  | 2020-09-01 02:04:09,257 [pool-20-thread-1] INFO server.RaftServerConfigKeys: raft.server.rpcslowness.timeout = 300s (custom)
recon_1      | 2020-09-01 02:03:48,097 [Listener at 0.0.0.0/9891] INFO scm.ReconPipelineManager: Recon has 0 pipelines in house.
datanode3_1  | 2020-09-01 02:04:03,252 [Datanode State Machine Task Thread - 1] INFO impl.RaftServerProxy: 410297aa-19ee-449c-805e-e92e1177ea17: start RPC server
scm_1        | 2020-09-01 02:03:40,684 [Listener at 0.0.0.0/9961] INFO net.NodeSchemaLoader: Loading network topology layer schema file
om3_1        | 2020-09-01 02:04:17,101 [main] INFO Configuration.deprecation: No unit for ozone.manager.delegation.remover.scan.interval(3600000) assuming MILLISECONDS
kdc_1        | Sep 01 02:03:00 kdc kadmind[13](Notice): Request: kadm5_init, admin/admin@EXAMPLE.COM, success, client=admin/admin@EXAMPLE.COM, service=kadmin/admin@EXAMPLE.COM, addr=127.0.0.1, vers=4, flavor=6
om1_1        | 2020-09-01 02:04:18,287 [main] WARN server.ServerUtils: Storage directory for Ratis is not configured. It is a good idea to map this to an SSD disk. Falling back to ozone.metadata.dirs
datanode2_1  | 2020-09-01 02:04:15,400 [grpc-default-executor-0] INFO ratis.XceiverServerRatis: Leader change notification received for group: group-1ED6566FC82A with new leaderId: f2a64f2d-57ef-45dd-aeb9-88feb7446e2f
om2_1        | 2020-09-01 02:04:08,804 [main] INFO ha.OMHANodeDetails: Setting configuration key ozone.om.http-address with value of key ozone.om.http-address.om2: om2
datanode1_1  | 2020-09-01 02:04:09,257 [pool-20-thread-1] INFO server.RaftServerConfigKeys: raft.server.sleep.deviation.threshold = 300 (default)
recon_1      | 2020-09-01 02:03:48,098 [Listener at 0.0.0.0/9891] INFO server.SCMDatanodeProtocolServer: RPC server for DataNodes is listening at /0.0.0.0:9891
datanode3_1  | 2020-09-01 02:04:04,025 [Datanode State Machine Task Thread - 1] INFO server.GrpcService: 410297aa-19ee-449c-805e-e92e1177ea17: GrpcService started, listening on 0.0.0.0/0.0.0.0:9858
scm_1        | 2020-09-01 02:03:40,785 [Listener at 0.0.0.0/9961] INFO node.SCMNodeManager: Entering startup safe mode.
om3_1        | 2020-09-01 02:04:17,142 [main] INFO security.OzoneSecretStore: Loaded 0 tokens
om3_1        | 2020-09-01 02:04:17,152 [main] INFO security.OzoneDelegationTokenSecretManager: Loading token state into token manager.
om1_1        | 2020-09-01 02:04:18,435 [main] INFO ratis.OzoneManagerRatisServer: Instantiating OM Ratis server with GroupID: id1 and Raft Peers: om1:9872, om2:9872, om3:9872
datanode2_1  | 2020-09-01 02:04:15,401 [grpc-default-executor-0] INFO impl.RaftServerImpl: 270aaaf7-e3ad-4c1b-b0d8-5ee4ef1211e6@group-1ED6566FC82A: change Leader from null to f2a64f2d-57ef-45dd-aeb9-88feb7446e2f at term 1 for appendEntries, leader elected after 2943ms
om2_1        | 2020-09-01 02:04:08,804 [main] INFO ha.OMHANodeDetails: Setting configuration key ozone.om.address with value of key ozone.om.address.om2: om2
datanode1_1  | 2020-09-01 02:04:09,257 [pool-20-thread-1] INFO server.RaftServerConfigKeys: raft.server.log.appender.install.snapshot.enabled = false (custom)
recon_1      | 2020-09-01 02:03:48,124 [IPC Server Responder] INFO ipc.Server: IPC Server Responder: starting
datanode3_1  | 2020-09-01 02:04:15,034 [grpc-default-executor-0] WARN server.GrpcServerProtocolService: 410297aa-19ee-449c-805e-e92e1177ea17: Failed requestVote f2a64f2d-57ef-45dd-aeb9-88feb7446e2f->410297aa-19ee-449c-805e-e92e1177ea17#0
om3_1        | 2020-09-01 02:04:17,674 [main] INFO om.OzoneManager: Created Volume s3v With Owner root required for S3Gateway operations.
kdc_1        | Sep 01 02:03:00 kdc kadmind[13](Notice): Request: kadm5_get_policy, default, Policy does not exist, client=admin/admin@EXAMPLE.COM, service=kadmin/admin@EXAMPLE.COM, addr=127.0.0.1
scm_1        | 2020-09-01 02:03:41,046 [Listener at 0.0.0.0/9961] INFO algorithms.ContainerPlacementPolicyFactory: Create container placement policy of type org.apache.hadoop.hdds.scm.container.placement.algorithms.SCMContainerPlacementRandom
om1_1        | 2020-09-01 02:04:18,460 [main] INFO ratis.OzoneManagerStateMachine: LastAppliedIndex is set from TransactionInfo from OM DB as (t:0, i:~)
datanode2_1  | 2020-09-01 02:04:15,533 [grpc-default-executor-0] INFO impl.RaftServerImpl: 270aaaf7-e3ad-4c1b-b0d8-5ee4ef1211e6@group-1ED6566FC82A: set configuration 0: [f2a64f2d-57ef-45dd-aeb9-88feb7446e2f:172.25.0.102:9858, 410297aa-19ee-449c-805e-e92e1177ea17:172.25.0.104:9858, 270aaaf7-e3ad-4c1b-b0d8-5ee4ef1211e6:172.25.0.103:9858], old=null at 0
om2_1        | 2020-09-01 02:04:08,851 [main] WARN server.ServerUtils: ozone.om.db.dirs is not configured. We recommend adding this setting. Falling back to ozone.metadata.dirs instead.
datanode1_1  | 2020-09-01 02:04:09,258 [pool-20-thread-1] INFO impl.RaftServerImpl: f2a64f2d-57ef-45dd-aeb9-88feb7446e2f@group-1ED6566FC82A: ConfigurationManager, init=-1: [f2a64f2d-57ef-45dd-aeb9-88feb7446e2f:172.25.0.102:9858, 410297aa-19ee-449c-805e-e92e1177ea17:172.25.0.104:9858, 270aaaf7-e3ad-4c1b-b0d8-5ee4ef1211e6:172.25.0.103:9858], old=null, confs=<EMPTY_MAP>
recon_1      | 2020-09-01 02:03:48,207 [IPC Server listener on 9891] INFO ipc.Server: IPC Server listener on 9891: starting
datanode3_1  | org.apache.ratis.protocol.GroupMismatchException: 410297aa-19ee-449c-805e-e92e1177ea17: group-1ED6566FC82A not found.
om3_1        | 2020-09-01 02:04:17,712 [main] INFO metrics.MetricRegistries: Loaded MetricRegistries class org.apache.ratis.metrics.impl.MetricRegistriesImpl
om3_1        | 2020-09-01 02:04:17,863 [main] WARN server.ServerUtils: Storage directory for Ratis is not configured. It is a good idea to map this to an SSD disk. Falling back to ozone.metadata.dirs
om3_1        | 2020-09-01 02:04:17,973 [main] INFO ratis.OzoneManagerRatisServer: Instantiating OM Ratis server with GroupID: id1 and Raft Peers: om3:9872, om1:9872, om2:9872
om3_1        | 2020-09-01 02:04:18,159 [main] INFO ratis.OzoneManagerStateMachine: LastAppliedIndex is set from TransactionInfo from OM DB as (t:0, i:~)
om3_1        | 2020-09-01 02:04:18,324 [main] INFO impl.RaftServerProxy: raft.rpc.type = GRPC (default)
om1_1        | 2020-09-01 02:04:18,647 [main] INFO impl.RaftServerProxy: raft.rpc.type = GRPC (default)
datanode1_1  | 2020-09-01 02:04:09,258 [pool-20-thread-1] INFO server.RaftServerConfigKeys: raft.server.storage.dir = [/data/metadata/ratis] (custom)
recon_1      | 2020-09-01 02:03:48,634 [Listener at 0.0.0.0/9891] INFO scm.ReconScmTask: Registered PipelineSyncTask task 
kdc_1        | Sep 01 02:03:01 kdc kadmind[13](Notice): Request: kadm5_create_principal, om/om3@EXAMPLE.COM, success, client=admin/admin@EXAMPLE.COM, service=kadmin/admin@EXAMPLE.COM, addr=127.0.0.1
om2_1        | WARNING: An illegal reflective access operation has occurred
om3_1        | 2020-09-01 02:04:18,649 [main] INFO grpc.GrpcFactory: PERFORMANCE WARNING: useCacheForAllThreads is true that may cause Netty to create a lot garbage objects and, as a result, trigger GC.
scm_1        | 2020-09-01 02:03:41,107 [Listener at 0.0.0.0/9961] INFO pipeline.SCMPipelineManager: No pipeline exists in current db
datanode2_1  | 2020-09-01 02:04:15,547 [grpc-default-executor-0] INFO segmented.SegmentedRaftLogWorker: 270aaaf7-e3ad-4c1b-b0d8-5ee4ef1211e6@group-1ED6566FC82A-SegmentedRaftLogWorker: Starting segment from index:0
datanode3_1  | 	at org.apache.ratis.server.impl.RaftServerProxy$ImplMap.get(RaftServerProxy.java:127)
om1_1        | 2020-09-01 02:04:19,007 [main] INFO grpc.GrpcFactory: PERFORMANCE WARNING: useCacheForAllThreads is true that may cause Netty to create a lot garbage objects and, as a result, trigger GC.
datanode1_1  | 2020-09-01 02:04:09,268 [pool-20-thread-1] INFO server.RaftServerConfigKeys: raft.server.log.corruption.policy = EXCEPTION (default)
recon_1      | 2020-09-01 02:03:48,634 [Listener at 0.0.0.0/9891] INFO scm.ReconScmTask: Starting PipelineSyncTask Thread.
kdc_1        | Sep 01 02:03:01 kdc kadmind[13](info): closing down fd 18
om2_1        | WARNING: Illegal reflective access by org.apache.hadoop.security.authentication.util.KerberosUtil (file:/opt/hadoop/share/ozone/lib/hadoop-auth-3.2.1.jar) to method sun.security.krb5.Config.getInstance()
om3_1        | 	It is recommended to disable useCacheForAllThreads by setting -Dorg.apache.ratis.thirdparty.io.netty.allocator.useCacheForAllThreads=false in command line.
scm_1        | 2020-09-01 02:03:41,166 [Listener at 0.0.0.0/9961] INFO algorithms.PipelineChoosePolicyFactory: Create pipeline choose policy of type org.apache.hadoop.hdds.scm.pipeline.choose.algorithms.RandomPipelineChoosePolicy
datanode2_1  | 2020-09-01 02:04:15,815 [270aaaf7-e3ad-4c1b-b0d8-5ee4ef1211e6@group-1ED6566FC82A-SegmentedRaftLogWorker] INFO segmented.SegmentedRaftLogWorker: 270aaaf7-e3ad-4c1b-b0d8-5ee4ef1211e6@group-1ED6566FC82A-SegmentedRaftLogWorker: created new log segment /data/metadata/ratis/5e00163c-1b6a-49db-8d0d-1ed6566fc82a/current/log_inprogress_0
datanode3_1  | 	at org.apache.ratis.server.impl.RaftServerProxy.getImplFuture(RaftServerProxy.java:274)
om1_1        | 	It is recommended to disable useCacheForAllThreads by setting -Dorg.apache.ratis.thirdparty.io.netty.allocator.useCacheForAllThreads=false in command line.
datanode1_1  | 2020-09-01 02:04:09,274 [pool-20-thread-1] INFO storage.RaftStorageDirectory: The storage directory /data/metadata/ratis/5e00163c-1b6a-49db-8d0d-1ed6566fc82a does not exist. Creating ...
recon_1      | 2020-09-01 02:03:48,757 [PipelineSyncTask] INFO scm.ReconPipelineManager: Recon has 0 pipelines in house.
kdc_1        | Sep 01 02:03:01 kdc kadmind[13](Notice): Request: kadm5_init, admin/admin@EXAMPLE.COM, success, client=admin/admin@EXAMPLE.COM, service=kadmin/admin@EXAMPLE.COM, addr=127.0.0.1, vers=4, flavor=6
om2_1        | WARNING: Please consider reporting this to the maintainers of org.apache.hadoop.security.authentication.util.KerberosUtil
om3_1        | 2020-09-01 02:04:18,673 [main] INFO grpc.GrpcConfigKeys: raft.grpc.server.port = 9872 (custom)
scm_1        | 2020-09-01 02:03:41,347 [Listener at 0.0.0.0/9961] INFO safemode.HealthyPipelineSafeModeRule: Total pipeline count is 0, healthy pipeline threshold count is 1
datanode2_1  | 2020-09-01 02:04:36,571 [Command processor thread] INFO impl.RaftServerProxy: 270aaaf7-e3ad-4c1b-b0d8-5ee4ef1211e6: addNew group-D55A81A463AB:[270aaaf7-e3ad-4c1b-b0d8-5ee4ef1211e6:172.25.0.103:9858] returns group-D55A81A463AB:java.util.concurrent.CompletableFuture@5c4dd915[Not completed]
datanode3_1  | 	at org.apache.ratis.server.impl.RaftServerProxy.getImpl(RaftServerProxy.java:283)
om1_1        | 2020-09-01 02:04:19,030 [main] INFO grpc.GrpcConfigKeys: raft.grpc.server.port = 9872 (custom)
datanode1_1  | 2020-09-01 02:04:09,329 [pool-20-thread-1] INFO storage.RaftStorageDirectory: Lock on /data/metadata/ratis/5e00163c-1b6a-49db-8d0d-1ed6566fc82a/in_use.lock acquired by nodename 6@ccae739c7014
recon_1      | 2020-09-01 02:03:48,757 [PipelineSyncTask] INFO scm.PipelineSyncTask: Pipeline sync Thread took 63 milliseconds.
kdc_1        | Sep 01 02:03:01 kdc kadmind[13](Notice): Request: kadm5_randkey_principal, om/om3@EXAMPLE.COM, success, client=admin/admin@EXAMPLE.COM, service=kadmin/admin@EXAMPLE.COM, addr=127.0.0.1
om2_1        | WARNING: Use --illegal-access=warn to enable warnings of further illegal reflective access operations
om3_1        | 2020-09-01 02:04:18,677 [main] INFO server.GrpcService: raft.grpc.message.size.max = 33554432 (custom)
scm_1        | 2020-09-01 02:03:41,350 [Listener at 0.0.0.0/9961] INFO safemode.OneReplicaPipelineSafeModeRule: Total pipeline count is 0, pipeline's with at least one datanode reported threshold count is 0
datanode2_1  | 2020-09-01 02:04:36,573 [pool-20-thread-1] INFO impl.RaftServerImpl: 270aaaf7-e3ad-4c1b-b0d8-5ee4ef1211e6: new RaftServerImpl for group-D55A81A463AB:[270aaaf7-e3ad-4c1b-b0d8-5ee4ef1211e6:172.25.0.103:9858] with ContainerStateMachine:uninitialized
datanode3_1  | 	at org.apache.ratis.server.impl.RaftServerProxy.getImpl(RaftServerProxy.java:278)
om1_1        | 2020-09-01 02:04:19,039 [main] INFO server.GrpcService: raft.grpc.message.size.max = 33554432 (custom)
datanode1_1  | 2020-09-01 02:04:09,336 [pool-20-thread-1] INFO storage.RaftStorage: Storage directory /data/metadata/ratis/5e00163c-1b6a-49db-8d0d-1ed6566fc82a has been successfully formatted.
recon_1      | 2020-09-01 02:03:48,786 [Listener at 0.0.0.0/9891] INFO scm.ReconScmTask: Registered ContainerHealthTask task 
kdc_1        | Sep 01 02:03:01 kdc kadmind[13](Notice): Request: kadm5_get_principal, om/om3@EXAMPLE.COM, success, client=admin/admin@EXAMPLE.COM, service=kadmin/admin@EXAMPLE.COM, addr=127.0.0.1
om2_1        | WARNING: All illegal access operations will be denied in a future release
om3_1        | 2020-09-01 02:04:18,688 [main] INFO server.RaftServerConfigKeys: raft.server.log.appender.buffer.byte-limit = 33554432 (custom)
scm_1        | 2020-09-01 02:03:42,457 [Listener at 0.0.0.0/9961] INFO ipc.CallQueueManager: Using callQueue: class java.util.concurrent.LinkedBlockingQueue, queueCapacity: 10000, scheduler: class org.apache.hadoop.ipc.DefaultRpcScheduler, ipcBackoff: false.
datanode2_1  | 2020-09-01 02:04:36,575 [pool-20-thread-1] INFO server.RaftServerConfigKeys: raft.server.rpc.timeout.min = 5s (custom)
datanode3_1  | 	at org.apache.ratis.server.impl.RaftServerProxy.requestVote(RaftServerProxy.java:455)
om1_1        | 2020-09-01 02:04:19,041 [main] INFO server.RaftServerConfigKeys: raft.server.log.appender.buffer.byte-limit = 33554432 (custom)
datanode1_1  | 2020-09-01 02:04:09,336 [pool-20-thread-1] INFO ratis.ContainerStateMachine: group-1ED6566FC82A: The snapshot info is null. Setting the last applied indexto:(t:0, i:~)
recon_1      | 2020-09-01 02:03:48,787 [Listener at 0.0.0.0/9891] INFO scm.ReconScmTask: Starting ContainerHealthTask Thread.
kdc_1        | Sep 01 02:03:01 kdc kadmind[13](info): closing down fd 18
om2_1        | 2020-09-01 02:04:10,090 [main] INFO security.UserGroupInformation: Login successful for user om/om2@EXAMPLE.COM using keytab file /etc/security/keytabs/om.keytab
om3_1        | 2020-09-01 02:04:18,691 [main] INFO server.GrpcService: raft.grpc.flow.control.window = 1MB (=1048576) (default)
scm_1        | 2020-09-01 02:03:42,458 [Socket Reader #1 for port 9861] INFO ipc.Server: Starting Socket Reader #1 for port 9861
datanode2_1  | 2020-09-01 02:04:36,576 [pool-20-thread-1] INFO server.RaftServerConfigKeys: raft.server.rpc.timeout.max = 5200ms (custom)
datanode3_1  | 	at org.apache.ratis.grpc.server.GrpcServerProtocolService.requestVote(GrpcServerProtocolService.java:170)
om1_1        | 2020-09-01 02:04:19,047 [main] INFO server.GrpcService: raft.grpc.flow.control.window = 1MB (=1048576) (default)
datanode1_1  | 2020-09-01 02:04:09,336 [Datanode State Machine Thread - 0] WARN statemachine.DatanodeStateMachine: Interrupt the execution.
recon_1      | 2020-09-01 02:03:49,183 [ContainerHealthTask] INFO fsck.ContainerHealthTask: Container Health task thread took 355 milliseconds to process 0 existing database records.
kdc_1        | Sep 01 02:03:01 kdc kadmind[13](Notice): Request: kadm5_init, admin/admin@EXAMPLE.COM, success, client=admin/admin@EXAMPLE.COM, service=kadmin/admin@EXAMPLE.COM, addr=127.0.0.1, vers=4, flavor=6
om2_1        | 2020-09-01 02:04:10,091 [main] INFO om.OzoneManager: Ozone Manager login successful.
om3_1        | 2020-09-01 02:04:18,693 [main] INFO server.RaftServerConfigKeys: raft.server.rpc.request.timeout = 3000ms (default)
scm_1        | 2020-09-01 02:03:42,547 [Listener at 0.0.0.0/9861] INFO ipc.CallQueueManager: Using callQueue: class java.util.concurrent.LinkedBlockingQueue, queueCapacity: 10000, scheduler: class org.apache.hadoop.ipc.DefaultRpcScheduler, ipcBackoff: false.
datanode2_1  | 2020-09-01 02:04:36,576 [pool-20-thread-1] INFO server.RaftServerConfigKeys: raft.server.rpcslowness.timeout = 300s (custom)
datanode3_1  | 	at org.apache.ratis.proto.grpc.RaftServerProtocolServiceGrpc$MethodHandlers.invoke(RaftServerProtocolServiceGrpc.java:325)
om1_1        | 2020-09-01 02:04:19,051 [main] INFO server.RaftServerConfigKeys: raft.server.rpc.request.timeout = 3000ms (default)
datanode1_1  | java.lang.InterruptedException: sleep interrupted
recon_1      | 2020-09-01 02:03:49,299 [ContainerHealthTask] INFO fsck.ContainerHealthTask: Container Health task thread took 116 milliseconds for processing 0 containers.
kdc_1        | Sep 01 02:03:01 kdc kadmind[13](Notice): Request: kadm5_get_policy, default, Policy does not exist, client=admin/admin@EXAMPLE.COM, service=kadmin/admin@EXAMPLE.COM, addr=127.0.0.1
om2_1        | 2020-09-01 02:04:10,106 [main] WARN server.ServerUtils: ozone.om.db.dirs is not configured. We recommend adding this setting. Falling back to ozone.metadata.dirs instead.
om3_1        | 2020-09-01 02:04:19,271 [main] INFO server.RaftServerConfigKeys: raft.server.storage.dir = [/data/metadata/ratis] (custom)
scm_1        | 2020-09-01 02:03:42,548 [Socket Reader #1 for port 9863] INFO ipc.Server: Starting Socket Reader #1 for port 9863
datanode2_1  | 2020-09-01 02:04:36,576 [pool-20-thread-1] INFO server.RaftServerConfigKeys: raft.server.sleep.deviation.threshold = 300 (default)
datanode3_1  | 	at org.apache.ratis.thirdparty.io.grpc.stub.ServerCalls$UnaryServerCallHandler$UnaryServerCallListener.onHalfClose(ServerCalls.java:172)
om1_1        | 2020-09-01 02:04:19,852 [main] INFO server.RaftServerConfigKeys: raft.server.storage.dir = [/data/metadata/ratis] (custom)
datanode1_1  | 	at java.base/java.lang.Thread.sleep(Native Method)
