recon_1     | 2022-03-22 01:47:55,840 [main] WARN recon.ReconUtils: ozone.recon.scm.db.dirs is not configured. We recommend adding this setting. Falling back to ozone.metadata.dirs instead.
scm3_1      | STARTUP_MSG:   build = https://github.com/apache/ozone/ca24bdb911cb5a20ce5a074c5cf6a07bf4f56ad0 ; compiled by 'runner' on 2022-03-22T01:35Z
datanode_3  | 	at org.apache.hadoop.ipc.ProtobufRpcEngine$Invoker.invoke(ProtobufRpcEngine.java:236)
om1_1       | 2022-03-22 01:48:53,786 [main] INFO reflections.Reflections: Reflections took 911 ms to scan 1 urls, producing 99 keys and 274 values [using 2 cores]
om2_1       | 2022-03-22 01:48:53,581 [main] INFO ha.OMHANodeDetails: Found matching OM address with OMServiceId: omservice, OMNodeId: om2, RPC Address: om2:9862 and Ratis port: 9872
scm1_1      | 2022-03-22 01:47:47,254 [pool-2-thread-1] INFO server.RaftServerConfigKeys: raft.server.log.appender.install.snapshot.enabled = false (custom)
om3_1       | 2022-03-22 01:48:59,711 [main] INFO ratis.OzoneManagerRatisServer: Instantiating OM Ratis server with groupID: omservice and peers: om3:9872, om1:9872, om2:9872
datanode_1  | 2022-03-22 01:48:08,549 [EndpointStateMachine task thread for scm1/172.18.0.2:9861 - 0 ] INFO server.GrpcService: d88f8fad-67f0-4468-b8f1-c353528e01da: GrpcService started, listening on 9858
s3g_1       | 2022-03-22 01:47:54,498 [main] INFO server.Server: Started @23639ms
s3g_1       | 2022-03-22 01:47:54,510 [main] INFO http.BaseHttpServer: HTTP server of s3gateway listening at http://0.0.0.0:9878
datanode_2  | 	at org.apache.hadoop.net.SocketInputStream.read(SocketInputStream.java:161)
scm3_1      | STARTUP_MSG:   java = 11.0.14.1
recon_1     | 2022-03-22 01:47:55,966 [main] INFO net.NodeSchemaLoader: Loading schema from [file:/etc/hadoop/network-topology-default.xml, jar:file:/opt/hadoop/share/ozone/lib/hdds-common-1.3.0-SNAPSHOT.jar!/network-topology-default.xml]
datanode_3  | 	at org.apache.hadoop.ipc.ProtobufRpcEngine$Invoker.invoke(ProtobufRpcEngine.java:123)
om1_1       | 2022-03-22 01:48:53,858 [main] WARN server.ServerUtils: ozone.om.db.dirs is not configured. We recommend adding this setting. Falling back to ozone.metadata.dirs instead.
om2_1       | 2022-03-22 01:48:53,581 [main] INFO ha.OMHANodeDetails: Setting configuration key ozone.om.address with value of key ozone.om.address.omservice.om2: om2
scm1_1      | 2022-03-22 01:47:47,300 [pool-2-thread-1] INFO server.RaftServer$Division: 23a7be00-a7d2-48dc-b2d1-39f3d9d3983e@group-D1CB70FC1326: ConfigurationManager, init=-1: [23a7be00-a7d2-48dc-b2d1-39f3d9d3983e|rpc:scm1:9894|priority:0], old=null, confs=<EMPTY_MAP>
om3_1       | 2022-03-22 01:48:59,774 [main] INFO ratis.OzoneManagerStateMachine: LastAppliedIndex is set from TransactionInfo from OM DB as (t:0, i:~)
datanode_1  | 2022-03-22 01:48:08,570 [EndpointStateMachine task thread for scm1/172.18.0.2:9861 - 0 ] INFO ratis.XceiverServerRatis: XceiverServerRatis d88f8fad-67f0-4468-b8f1-c353528e01da is started using port 9858 for RATIS
s3g_1       | 2022-03-22 01:53:57,959 [qtp1325056130-19] INFO ozone.OmUtils: ozone.om.internal.service.id is not defined, falling back to ozone.om.service.ids to find serviceID for OzoneManager if it is HA enabled cluster
scm2_1      | STARTUP_MSG: Starting StorageContainerManager
datanode_2  | 	at org.apache.hadoop.net.SocketInputStream.read(SocketInputStream.java:131)
scm3_1      | ************************************************************/
recon_1     | 2022-03-22 01:47:55,968 [main] INFO net.NodeSchemaLoader: Loading network topology layer schema file
datanode_3  | 	at com.sun.proxy.$Proxy39.submitRequest(Unknown Source)
om1_1       | 2022-03-22 01:48:57,881 [main] WARN server.ServerUtils: ozone.om.db.dirs is not configured. We recommend adding this setting. Falling back to ozone.metadata.dirs instead.
om2_1       | 2022-03-22 01:48:53,588 [main] WARN server.ServerUtils: ozone.om.db.dirs is not configured. We recommend adding this setting. Falling back to ozone.metadata.dirs instead.
scm1_1      | 2022-03-22 01:47:47,328 [pool-2-thread-1] INFO server.RaftServerConfigKeys: raft.server.storage.dir = [/data/metadata/scm-ha] (custom)
om3_1       | 2022-03-22 01:48:59,985 [main] INFO server.RaftServer: raft.rpc.type = GRPC (default)
datanode_1  | 2022-03-22 01:48:08,571 [EndpointStateMachine task thread for scm1/172.18.0.2:9861 - 0 ] INFO ratis.XceiverServerRatis: XceiverServerRatis d88f8fad-67f0-4468-b8f1-c353528e01da is started using port 9857 for RATIS_ADMIN
s3g_1       | 2022-03-22 01:53:57,960 [qtp1325056130-19] INFO ozone.OmUtils: Using OzoneManager ServiceID 'omservice'.
scm2_1      | STARTUP_MSG:   host = 21f637101c93/172.18.0.4
datanode_2  | 	at java.base/java.io.FilterInputStream.read(FilterInputStream.java:133)
scm3_1      | 2022-03-22 01:48:20,907 [main] INFO server.StorageContainerManagerStarter: registered UNIX signal handlers for [TERM, HUP, INT]
recon_1     | 2022-03-22 01:47:56,113 [main] WARN db.DBStoreBuilder: ozone.recon.scm.db.dirs is not configured. We recommend adding this setting. Falling back to ozone.metadata.dirs instead.
datanode_3  | 	at org.apache.hadoop.ozone.protocolPB.StorageContainerDatanodeProtocolClientSideTranslatorPB.submitRequest(StorageContainerDatanodeProtocolClientSideTranslatorPB.java:117)
om1_1       | 2022-03-22 01:48:58,337 [main] INFO codec.OmKeyInfoCodec: OmKeyInfoCodec ignorePipeline = true
om2_1       | 2022-03-22 01:48:53,650 [main] INFO upgrade.AbstractLayoutVersionManager: Initializing Layout version manager with metadata layout = INITIAL_VERSION (version = 0), software layout = INITIAL_VERSION (version = 0)
scm1_1      | 2022-03-22 01:47:47,388 [pool-2-thread-1] INFO server.RaftServerConfigKeys: raft.server.log.corruption.policy = EXCEPTION (default)
scm1_1      | 2022-03-22 01:47:47,388 [pool-2-thread-1] INFO server.RaftServerConfigKeys: raft.server.storage.free-space.min = 0MB (=0) (default)
datanode_1  | 2022-03-22 01:48:08,571 [org.apache.ratis.util.JvmPauseMonitor$$Lambda$311/0x00000008404c8440@62fe68e4] INFO util.JvmPauseMonitor: JvmPauseMonitor-d88f8fad-67f0-4468-b8f1-c353528e01da: Started
s3g_1       | 2022-03-22 01:53:58,363 [qtp1325056130-19] INFO retry.RetryInvocationHandler: com.google.protobuf.ServiceException: org.apache.hadoop.ipc.RemoteException(org.apache.hadoop.ozone.om.exceptions.OMNotLeaderException): OM:om2 is not the leader. Could not determine the leader node.
scm2_1      | STARTUP_MSG:   args = []
datanode_2  | 	at java.base/java.io.BufferedInputStream.fill(BufferedInputStream.java:252)
scm3_1      | 2022-03-22 01:48:21,002 [main] INFO ha.SCMHANodeDetails: ServiceID for StorageContainerManager is null
recon_1     | 2022-03-22 01:47:56,338 [main] INFO upgrade.AbstractLayoutVersionManager: Initializing Layout version manager with metadata layout = SCM_HA (version = 2), software layout = SCM_HA (version = 2)
datanode_3  | 	at org.apache.hadoop.ozone.protocolPB.StorageContainerDatanodeProtocolClientSideTranslatorPB.getVersion(StorageContainerDatanodeProtocolClientSideTranslatorPB.java:133)
om1_1       | 2022-03-22 01:48:58,339 [main] INFO codec.RepeatedOmKeyInfoCodec: RepeatedOmKeyInfoCodec ignorePipeline = true
om2_1       | 2022-03-22 01:48:54,600 [main] INFO reflections.Reflections: Reflections took 808 ms to scan 1 urls, producing 99 keys and 274 values [using 2 cores]
scm1_1      | 2022-03-22 01:47:47,390 [pool-2-thread-1] INFO storage.RaftStorageDirectory: The storage directory /data/metadata/scm-ha/06d42be4-c202-4713-948c-d1cb70fc1326 does not exist. Creating ...
om3_1       | 2022-03-22 01:49:00,433 [main] INFO grpc.GrpcConfigKeys: raft.grpc.admin.port = -1 (default)
datanode_1  | 2022-03-22 01:48:08,571 [EndpointStateMachine task thread for scm1/172.18.0.2:9861 - 0 ] INFO ratis.XceiverServerRatis: XceiverServerRatis d88f8fad-67f0-4468-b8f1-c353528e01da is started using port 9856 for RATIS_SERVER
s3g_1       | 	at org.apache.hadoop.ozone.om.ratis.utils.OzoneManagerRatisUtils.createNotLeaderException(OzoneManagerRatisUtils.java:360)
scm2_1      | STARTUP_MSG:   version = 1.3.0-SNAPSHOT
datanode_2  | 	at java.base/java.io.BufferedInputStream.read(BufferedInputStream.java:271)
datanode_2  | 	at java.base/java.io.FilterInputStream.read(FilterInputStream.java:83)
recon_1     | 2022-03-22 01:47:56,478 [main] INFO reflections.Reflections: Reflections took 132 ms to scan 3 urls, producing 105 keys and 220 values 
datanode_3  | 	at org.apache.hadoop.ozone.container.common.states.endpoint.VersionEndpointTask.call(VersionEndpointTask.java:71)
om1_1       | 2022-03-22 01:48:59,123 [main] INFO om.OzoneManager: Created Volume s3v With Owner hadoop required for S3Gateway operations.
om2_1       | 2022-03-22 01:48:54,671 [main] WARN server.ServerUtils: ozone.om.db.dirs is not configured. We recommend adding this setting. Falling back to ozone.metadata.dirs instead.
scm1_1      | 2022-03-22 01:47:47,589 [pool-2-thread-1] INFO storage.RaftStorageDirectory: Lock on /data/metadata/scm-ha/06d42be4-c202-4713-948c-d1cb70fc1326/in_use.lock acquired by nodename 12@5864928f7dc0
om3_1       | 2022-03-22 01:49:00,434 [main] INFO grpc.GrpcConfigKeys: raft.grpc.server.port = 9872 (custom)
datanode_1  | 2022-03-22 01:48:09,140 [Datanode State Machine Daemon Thread] ERROR datanode.RunningDatanodeState: Error in executing end point task.
s3g_1       | 	at org.apache.hadoop.ozone.om.ratis.utils.OzoneManagerRatisUtils.checkLeaderStatus(OzoneManagerRatisUtils.java:346)
datanode_2  | 	at java.base/java.io.FilterInputStream.read(FilterInputStream.java:83)
scm3_1      | 2022-03-22 01:48:21,006 [main] INFO ha.SCMHANodeDetails: ozone.scm.default.service.id is not defined, falling back to ozone.scm.service.ids to find serviceID for StorageContainerManager if it is HA enabled cluster
scm2_1      | STARTUP_MSG:   classpath = /etc/hadoop:/opt/hadoop/share/ozone/lib/jackson-annotations-2.12.1.jar:/opt/hadoop/share/ozone/lib/kerb-simplekdc-1.0.1.jar:/opt/hadoop/share/ozone/lib/slf4j-log4j12-1.7.30.jar:/opt/hadoop/share/ozone/lib/protobuf-java-2.5.0.jar:/opt/hadoop/share/ozone/lib/jaxb-core-2.3.0.1.jar:/opt/hadoop/share/ozone/lib/istack-commons-runtime-3.0.5.jar:/opt/hadoop/share/ozone/lib/commons-validator-1.6.jar:/opt/hadoop/share/ozone/lib/bcpkix-jdk15on-1.67.jar:/opt/hadoop/share/ozone/lib/hdds-interface-admin-1.3.0-SNAPSHOT.jar:/opt/hadoop/share/ozone/lib/jetty-security-9.4.43.v20210629.jar:/opt/hadoop/share/ozone/lib/kerb-core-1.0.1.jar:/opt/hadoop/share/ozone/lib/hadoop-shaded-protobuf_3_7-1.1.1.jar:/opt/hadoop/share/ozone/lib/ozone-annotation-processing-1.3.0-SNAPSHOT.jar:/opt/hadoop/share/ozone/lib/hdds-container-service-1.3.0-SNAPSHOT.jar:/opt/hadoop/share/ozone/lib/okhttp-4.9.0.jar:/opt/hadoop/share/ozone/lib/jsr305-3.0.0.jar:/opt/hadoop/share/ozone/lib/j2objc-annotations-1.3.jar:/opt/hadoop/share/ozone/lib/picocli-4.6.1.jar:/opt/hadoop/share/ozone/lib/javassist-3.21.0-GA.jar:/opt/hadoop/share/ozone/lib/jaxb-api-2.3.0.jar:/opt/hadoop/share/ozone/lib/htrace-core4-4.1.0-incubating.jar:/opt/hadoop/share/ozone/lib/kerb-util-1.0.1.jar:/opt/hadoop/share/ozone/lib/kotlin-stdlib-common-1.4.31.jar:/opt/hadoop/share/ozone/lib/checker-qual-3.8.0.jar:/opt/hadoop/share/ozone/lib/hadoop-shaded-guava-1.1.1.jar:/opt/hadoop/share/ozone/lib/log4j-core-2.17.1.jar:/opt/hadoop/share/ozone/lib/commons-logging-1.2.jar:/opt/hadoop/share/ozone/lib/accessors-smart-2.4.7.jar:/opt/hadoop/share/ozone/lib/kerby-xdr-1.0.1.jar:/opt/hadoop/share/ozone/lib/netty-buffer-4.1.63.Final.jar:/opt/hadoop/share/ozone/lib/txw2-2.3.0.1.jar:/opt/hadoop/share/ozone/lib/jackson-datatype-jsr310-2.12.1.jar:/opt/hadoop/share/ozone/lib/httpcore-4.4.13.jar:/opt/hadoop/share/ozone/lib/opentracing-tracerresolver-0.1.8.jar:/opt/hadoop/share/ozone/lib/commons-net-3.6.jar:/opt/hadoop/share/ozone/lib/libthrift-0.14.1.jar:/opt/hadoop/share/ozone/lib/snakeyaml-1.26.jar:/opt/hadoop/share/ozone/lib/stax-ex-1.7.8.jar:/opt/hadoop/share/ozone/lib/error_prone_annotations-2.2.0.jar:/opt/hadoop/share/ozone/lib/httpclient-4.5.13.jar:/opt/hadoop/share/ozone/lib/jetty-servlet-9.4.43.v20210629.jar:/opt/hadoop/share/ozone/lib/jaeger-client-1.6.0.jar:/opt/hadoop/share/ozone/lib/kerby-config-1.0.1.jar:/opt/hadoop/share/ozone/lib/commons-io-2.11.0.jar:/opt/hadoop/share/ozone/lib/metrics-core-3.2.4.jar:/opt/hadoop/share/ozone/lib/kerby-pkix-1.0.1.jar:/opt/hadoop/share/ozone/lib/json-smart-2.4.7.jar:/opt/hadoop/share/ozone/lib/hdds-interface-client-1.3.0-SNAPSHOT.jar:/opt/hadoop/share/ozone/lib/netty-codec-4.1.63.Final.jar:/opt/hadoop/share/ozone/lib/jsr311-api-1.1.1.jar:/opt/hadoop/share/ozone/lib/commons-beanutils-1.9.4.jar:/opt/hadoop/share/ozone/lib/jetty-webapp-9.4.43.v20210629.jar:/opt/hadoop/share/ozone/lib/rocksdbjni-6.25.3.jar:/opt/hadoop/share/ozone/lib/hdds-server-framework-1.3.0-SNAPSHOT.jar:/opt/hadoop/share/ozone/lib/javax.servlet-api-3.1.0.jar:/opt/hadoop/share/ozone/lib/kerb-server-1.0.1.jar:/opt/hadoop/share/ozone/lib/guava-30.1.1-jre.jar:/opt/hadoop/share/ozone/lib/hdds-common-1.3.0-SNAPSHOT.jar:/opt/hadoop/share/ozone/lib/kerb-client-1.0.1.jar:/opt/hadoop/share/ozone/lib/jackson-core-2.12.1.jar:/opt/hadoop/share/ozone/lib/netty-transport-4.1.63.Final.jar:/opt/hadoop/share/ozone/lib/ratis-grpc-2.2.0.jar:/opt/hadoop/share/ozone/lib/ratis-common-2.2.0.jar:/opt/hadoop/share/ozone/lib/netty-common-4.1.63.Final.jar:/opt/hadoop/share/ozone/lib/disruptor-3.4.2.jar:/opt/hadoop/share/ozone/lib/reflections-0.9.11.jar:/opt/hadoop/share/ozone/lib/jetty-io-9.4.43.v20210629.jar:/opt/hadoop/share/ozone/lib/hdds-interface-server-1.3.0-SNAPSHOT.jar:/opt/hadoop/share/ozone/lib/hadoop-hdfs-3.3.1.jar:/opt/hadoop/share/ozone/lib/annotations-13.0.jar:/opt/hadoop/share/ozone/lib/jetty-server-9.4.43.v20210629.jar:/opt/hadoop/share/ozone/lib/simpleclient_common-0.7.0.jar:/opt/hadoop/share/ozone/lib/jackson-databind-2.12.1.jar:/opt/hadoop/share/ozone/lib/jaeger-thrift-1.6.0.jar:/opt/hadoop/share/ozone/lib/hadoop-common-3.3.1.jar:/opt/hadoop/share/ozone/lib/dnsjava-2.1.7.jar:/opt/hadoop/share/ozone/lib/bcprov-jdk15on-1.67.jar:/opt/hadoop/share/ozone/lib/commons-configuration2-2.1.1.jar:/opt/hadoop/share/ozone/lib/ratis-proto-2.2.0.jar:/opt/hadoop/share/ozone/lib/ratis-client-2.2.0.jar:/opt/hadoop/share/ozone/lib/token-provider-1.0.1.jar:/opt/hadoop/share/ozone/lib/log4j-1.2.17.jar:/opt/hadoop/share/ozone/lib/commons-daemon-1.0.13.jar:/opt/hadoop/share/ozone/lib/listenablefuture-9999.0-empty-to-avoid-conflict-with-guava.jar:/opt/hadoop/share/ozone/lib/jaeger-tracerresolver-1.6.0.jar:/opt/hadoop/share/ozone/lib/jetty-xml-9.4.43.v20210629.jar:/opt/hadoop/share/ozone/lib/ratis-netty-2.2.0.jar:/opt/hadoop/share/ozone/lib/commons-lang3-3.7.jar:/opt/hadoop/share/ozone/lib/re2j-1.1.jar:/opt/hadoop/share/ozone/lib/commons-math3-3.1.1.jar:/opt/hadoop/share/ozone/lib/ratis-thirdparty-misc-0.7.0.jar:/opt/hadoop/share/ozone/lib/simpleclient_dropwizard-0.7.0.jar:/opt/hadoop/share/ozone/lib/simpleclient-0.7.0.jar:/opt/hadoop/share/ozone/lib/asm-5.0.4.jar:/opt/hadoop/share/ozone/lib/kerby-util-1.0.1.jar:/opt/hadoop/share/ozone/lib/failureaccess-1.0.1.jar:/opt/hadoop/share/ozone/lib/okio-2.8.0.jar:/opt/hadoop/share/ozone/lib/hdds-config-1.3.0-SNAPSHOT.jar:/opt/hadoop/share/ozone/lib/jsp-api-2.1.jar:/opt/hadoop/share/ozone/lib/jsch-0.1.54.jar:/opt/hadoop/share/ozone/lib/jetty-http-9.4.43.v20210629.jar:/opt/hadoop/share/ozone/lib/jakarta.activation-api-1.2.1.jar:/opt/hadoop/share/ozone/lib/slf4j-api-1.7.30.jar:/opt/hadoop/share/ozone/lib/hadoop-hdfs-client-3.3.1.jar:/opt/hadoop/share/ozone/lib/nimbus-jose-jwt-7.9.jar:/opt/hadoop/share/ozone/lib/commons-codec-1.11.jar:/opt/hadoop/share/ozone/lib/commons-pool2-2.6.0.jar:/opt/hadoop/share/ozone/lib/gson-2.2.4.jar:/opt/hadoop/share/ozone/lib/jetty-util-9.4.43.v20210629.jar:/opt/hadoop/share/ozone/lib/netty-handler-4.1.63.Final.jar:/opt/hadoop/share/ozone/lib/opentracing-api-0.33.0.jar:/opt/hadoop/share/ozone/lib/jetty-util-ajax-9.4.43.v20210629.jar:/opt/hadoop/share/ozone/lib/jcip-annotations-1.0-1.jar:/opt/hadoop/share/ozone/lib/kerb-admin-1.0.1.jar:/opt/hadoop/share/ozone/lib/netty-resolver-4.1.63.Final.jar:/opt/hadoop/share/ozone/lib/kotlin-stdlib-1.4.31.jar:/opt/hadoop/share/ozone/lib/opentracing-noop-0.33.0.jar:/opt/hadoop/share/ozone/lib/jersey-core-1.19.jar:/opt/hadoop/share/ozone/lib/commons-compress-1.21.jar:/opt/hadoop/share/ozone/lib/jaxb-runtime-2.3.0.1.jar:/opt/hadoop/share/ozone/lib/ratis-metrics-2.2.0.jar:/opt/hadoop/share/ozone/lib/ratis-server-api-2.2.0.jar:/opt/hadoop/share/ozone/lib/opentracing-util-0.33.0.jar:/opt/hadoop/share/ozone/lib/hdds-client-1.3.0-SNAPSHOT.jar:/opt/hadoop/share/ozone/lib/hdds-hadoop-dependency-client-1.3.0-SNAPSHOT.jar:/opt/hadoop/share/ozone/lib/snappy-java-1.1.8.2.jar:/opt/hadoop/share/ozone/lib/commons-cli-1.2.jar:/opt/hadoop/share/ozone/lib/log4j-api-2.17.1.jar:/opt/hadoop/share/ozone/lib/woodstox-core-5.0.3.jar:/opt/hadoop/share/ozone/lib/javax.annotation-api-1.2.jar:/opt/hadoop/share/ozone/lib/kerby-asn1-1.0.1.jar:/opt/hadoop/share/ozone/lib/hadoop-annotations-3.3.1.jar:/opt/hadoop/share/ozone/lib/stax2-api-3.1.4.jar:/opt/hadoop/share/ozone/lib/commons-digester-1.8.1.jar:/opt/hadoop/share/ozone/lib/commons-collections-3.2.2.jar:/opt/hadoop/share/ozone/lib/jaeger-core-1.6.0.jar:/opt/hadoop/share/ozone/lib/commons-text-1.4.jar:/opt/hadoop/share/ozone/lib/jersey-servlet-1.19.jar:/opt/hadoop/share/ozone/lib/ratis-server-2.2.0.jar:/opt/hadoop/share/ozone/lib/hadoop-auth-3.3.1.jar:/opt/hadoop/share/ozone/lib/kerb-identity-1.0.1.jar:/opt/hadoop/share/ozone/lib/FastInfoset-1.2.13.jar:/opt/hadoop/share/ozone/lib/kerb-common-1.0.1.jar:/opt/hadoop/share/ozone/lib/jersey-server-1.19.jar:/opt/hadoop/share/ozone/lib/hdds-hadoop-dependency-server-1.3.0-SNAPSHOT.jar:/opt/hadoop/share/ozone/lib/kerb-crypto-1.0.1.jar:/opt/hadoop/share/ozone/web:/opt/hadoop/share/ozone/lib/hdds-server-scm-1.3.0-SNAPSHOT.jar
recon_1     | 2022-03-22 01:47:56,512 [main] INFO ha.SequenceIdGenerator: Init the HA SequenceIdGenerator.
datanode_3  | 	at org.apache.hadoop.ozone.container.common.states.endpoint.VersionEndpointTask.call(VersionEndpointTask.java:42)
om1_1       | 2022-03-22 01:48:59,194 [main] WARN server.ServerUtils: Storage directory for Ratis is not configured. It is a good idea to map this to an SSD disk. Falling back to ozone.metadata.dirs
om2_1       | 2022-03-22 01:48:59,256 [main] WARN server.ServerUtils: ozone.om.db.dirs is not configured. We recommend adding this setting. Falling back to ozone.metadata.dirs instead.
scm1_1      | 2022-03-22 01:47:47,654 [pool-2-thread-1] INFO storage.RaftStorage: Storage directory /data/metadata/scm-ha/06d42be4-c202-4713-948c-d1cb70fc1326 has been successfully formatted.
om3_1       | 2022-03-22 01:49:00,448 [main] INFO grpc.GrpcConfigKeys: raft.grpc.client.port = -1 (default)
om3_1       | 2022-03-22 01:49:00,449 [main] INFO grpc.GrpcConfigKeys: raft.grpc.server.port = 9872 (custom)
s3g_1       | 	at org.apache.hadoop.ozone.protocolPB.OzoneManagerProtocolServerSideTranslatorPB.checkLeaderStatus(OzoneManagerProtocolServerSideTranslatorPB.java:294)
datanode_2  | 	at org.apache.hadoop.ipc.Client$Connection$PingInputStream.read(Client.java:563)
scm3_1      | 2022-03-22 01:48:21,089 [main] INFO ha.SCMHANodeDetails: Found matching SCM address with SCMServiceId: scmservice, SCMNodeId: scm3, RPC Address: scm3:9894 and Ratis port: 9894
scm2_1      | STARTUP_MSG:   build = https://github.com/apache/ozone/ca24bdb911cb5a20ce5a074c5cf6a07bf4f56ad0 ; compiled by 'runner' on 2022-03-22T01:35Z
recon_1     | 2022-03-22 01:47:56,528 [main] INFO node.SCMNodeManager: Entering startup safe mode.
datanode_3  | 	at java.base/java.util.concurrent.FutureTask.run(FutureTask.java:264)
om1_1       | 2022-03-22 01:48:59,194 [main] WARN utils.OzoneManagerRatisUtils: ozone.om.ratis.snapshot.dir is not configured. Falling back to ozone.metadata.dirs config
om2_1       | 2022-03-22 01:48:59,831 [main] INFO codec.OmKeyInfoCodec: OmKeyInfoCodec ignorePipeline = true
scm1_1      | 2022-03-22 01:47:47,684 [pool-2-thread-1] INFO server.RaftServerConfigKeys: raft.server.notification.no-leader.timeout = 60s (default)
om3_1       | 2022-03-22 01:49:00,449 [main] INFO grpc.GrpcConfigKeys: raft.grpc.server.port = 9872 (custom)
datanode_1  | java.util.concurrent.ExecutionException: java.util.concurrent.TimeoutException
s3g_1       | 	at org.apache.hadoop.ozone.protocolPB.OzoneManagerProtocolServerSideTranslatorPB.processRequest(OzoneManagerProtocolServerSideTranslatorPB.java:152)
datanode_2  | 	at java.base/java.io.DataInputStream.readInt(DataInputStream.java:392)
scm3_1      | 2022-03-22 01:48:21,090 [main] INFO ha.SCMHANodeDetails: Setting configuration key ozone.scm.address with value of key ozone.scm.address.scmservice.scm3: scm3
scm2_1      | STARTUP_MSG:   java = 11.0.14.1
recon_1     | 2022-03-22 01:47:56,536 [main] INFO scm.ReconNodeManager: Loaded 0 nodes from node DB.
datanode_3  | 	at java.base/java.util.concurrent.ThreadPoolExecutor.runWorker(ThreadPoolExecutor.java:1128)
om1_1       | 2022-03-22 01:48:59,233 [main] INFO snapshot.OzoneManagerSnapshotProvider: Initializing OM Snapshot Provider
om2_1       | 2022-03-22 01:48:59,832 [main] INFO codec.RepeatedOmKeyInfoCodec: RepeatedOmKeyInfoCodec ignorePipeline = true
scm1_1      | 2022-03-22 01:47:47,715 [pool-2-thread-1] INFO server.RaftServerConfigKeys: raft.server.log.use.memory = false (default)
om3_1       | 2022-03-22 01:49:00,468 [main] INFO server.GrpcService: raft.grpc.message.size.max = 33554432 (custom)
datanode_1  | 	at java.base/java.util.concurrent.FutureTask.report(FutureTask.java:122)
s3g_1       | 	at org.apache.hadoop.hdds.server.OzoneProtocolMessageDispatcher.processRequest(OzoneProtocolMessageDispatcher.java:87)
s3g_1       | 	at org.apache.hadoop.ozone.protocolPB.OzoneManagerProtocolServerSideTranslatorPB.submitRequest(OzoneManagerProtocolServerSideTranslatorPB.java:137)
scm3_1      | 2022-03-22 01:48:21,142 [main] WARN server.ServerUtils: ozone.scm.db.dirs is not configured. We recommend adding this setting. Falling back to ozone.metadata.dirs instead.
scm2_1      | ************************************************************/
recon_1     | 2022-03-22 01:47:56,538 [main] INFO algorithms.ContainerPlacementPolicyFactory: Create container placement policy of type org.apache.hadoop.hdds.scm.container.placement.algorithms.SCMContainerPlacementRandom
datanode_3  | 	at java.base/java.util.concurrent.ThreadPoolExecutor$Worker.run(ThreadPoolExecutor.java:628)
om1_1       | 2022-03-22 01:48:59,954 [main] INFO metrics.MetricRegistries: Loaded MetricRegistries class org.apache.ratis.metrics.impl.MetricRegistriesImpl
om2_1       | 2022-03-22 01:49:00,638 [main] INFO om.OzoneManager: Created Volume s3v With Owner hadoop required for S3Gateway operations.
scm1_1      | 2022-03-22 01:47:47,786 [pool-2-thread-1] INFO server.RaftServerConfigKeys: raft.server.log.purge.gap = 1000000 (custom)
scm1_1      | 2022-03-22 01:47:47,786 [pool-2-thread-1] INFO server.RaftServerConfigKeys: raft.server.log.appender.buffer.byte-limit = 33554432 (custom)
scm1_1      | 2022-03-22 01:47:48,054 [pool-2-thread-1] INFO metrics.MetricRegistries: Loaded MetricRegistries class org.apache.ratis.metrics.impl.MetricRegistriesImpl
scm1_1      | 2022-03-22 01:47:49,113 [pool-2-thread-1] INFO server.RaftServerConfigKeys: raft.server.log.segment.size.max = 4194304 (custom)
scm1_1      | 2022-03-22 01:47:49,203 [pool-2-thread-1] INFO server.RaftServerConfigKeys: raft.server.log.segment.cache.num.max = 2 (custom)
datanode_1  | 	at java.base/java.util.concurrent.FutureTask.get(FutureTask.java:191)
scm3_1      | 2022-03-22 01:48:21,183 [main] INFO upgrade.AbstractLayoutVersionManager: Initializing Layout version manager with metadata layout = SCM_HA (version = 2), software layout = SCM_HA (version = 2)
scm2_1      | 2022-03-22 01:48:10,010 [main] INFO server.StorageContainerManagerStarter: registered UNIX signal handlers for [TERM, HUP, INT]
recon_1     | 2022-03-22 01:47:56,559 [main] INFO ipc.CallQueueManager: Using callQueue: class java.util.concurrent.LinkedBlockingQueue, queueCapacity: 10000, scheduler: class org.apache.hadoop.ipc.DefaultRpcScheduler, ipcBackoff: false.
datanode_3  | 	at java.base/java.lang.Thread.run(Thread.java:829)
om1_1       | 2022-03-22 01:48:59,970 [main] WARN server.ServerUtils: Storage directory for Ratis is not configured. It is a good idea to map this to an SSD disk. Falling back to ozone.metadata.dirs
om2_1       | 2022-03-22 01:49:00,794 [main] WARN server.ServerUtils: Storage directory for Ratis is not configured. It is a good idea to map this to an SSD disk. Falling back to ozone.metadata.dirs
scm1_1      | 2022-03-22 01:47:49,206 [pool-2-thread-1] INFO server.RaftServerConfigKeys: raft.server.log.segment.cache.size.max = 200MB (=209715200) (default)
om3_1       | 2022-03-22 01:49:00,479 [main] INFO server.RaftServerConfigKeys: raft.server.log.appender.buffer.byte-limit = 33554432 (custom)
datanode_2  | 	at org.apache.hadoop.ipc.Client$IpcStreams.readResponse(Client.java:1892)
datanode_2  | 	at org.apache.hadoop.ipc.Client$Connection.receiveRpcResponse(Client.java:1202)
datanode_1  | 	at org.apache.hadoop.ozone.container.common.states.datanode.RunningDatanodeState.computeNextContainerState(RunningDatanodeState.java:193)
scm3_1      | 2022-03-22 01:48:21,958 [main] INFO reflections.Reflections: Reflections took 448 ms to scan 3 urls, producing 105 keys and 220 values 
scm2_1      | 2022-03-22 01:48:10,055 [main] INFO ha.SCMHANodeDetails: ServiceID for StorageContainerManager is null
recon_1     | 2022-03-22 01:47:56,593 [Socket Reader #1 for port 9891] INFO ipc.Server: Starting Socket Reader #1 for port 9891
datanode_3  | Caused by: java.net.SocketTimeoutException: 5000 millis timeout while waiting for channel to be ready for read. ch : java.nio.channels.SocketChannel[connected local=/172.18.0.11:37896 remote=recon/172.18.0.3:9891]
om1_1       | 2022-03-22 01:49:00,105 [main] INFO ratis.OzoneManagerRatisServer: Instantiating OM Ratis server with groupID: omservice and peers: om1:9872, om3:9872, om2:9872
om2_1       | 2022-03-22 01:49:00,801 [main] WARN utils.OzoneManagerRatisUtils: ozone.om.ratis.snapshot.dir is not configured. Falling back to ozone.metadata.dirs config
scm1_1      | 2022-03-22 01:47:49,279 [pool-2-thread-1] INFO segmented.SegmentedRaftLogWorker: new 23a7be00-a7d2-48dc-b2d1-39f3d9d3983e@group-D1CB70FC1326-SegmentedRaftLogWorker for RaftStorageImpl:Storage Directory /data/metadata/scm-ha/06d42be4-c202-4713-948c-d1cb70fc1326
om3_1       | 2022-03-22 01:49:00,482 [main] INFO server.GrpcService: raft.grpc.flow.control.window = 1MB (=1048576) (default)
om3_1       | 2022-03-22 01:49:00,485 [main] INFO server.RaftServerConfigKeys: raft.server.rpc.request.timeout = 3000ms (default)
datanode_2  | 	at org.apache.hadoop.ipc.Client$Connection.run(Client.java:1098)
s3g_1       | 	at org.apache.hadoop.ozone.protocol.proto.OzoneManagerProtocolProtos$OzoneManagerService$2.callBlockingMethod(OzoneManagerProtocolProtos.java)
datanode_1  | 	at org.apache.hadoop.ozone.container.common.states.datanode.RunningDatanodeState.await(RunningDatanodeState.java:233)
scm3_1      | 2022-03-22 01:48:23,174 [main] WARN utils.HAUtils: ozone.scm.db.dirs is not configured. We recommend adding this setting. Falling back to ozone.metadata.dirs instead.
scm3_1      | 2022-03-22 01:48:23,523 [main] WARN db.DBStoreBuilder: ozone.scm.db.dirs is not configured. We recommend adding this setting. Falling back to ozone.metadata.dirs instead.
recon_1     | 2022-03-22 01:47:56,621 [Listener at 0.0.0.0/9891] INFO pipeline.PipelineStateManagerImpl: No pipeline exists in current db
datanode_3  | 	at org.apache.hadoop.net.SocketIOWithTimeout.doIO(SocketIOWithTimeout.java:164)
om1_1       | 2022-03-22 01:49:00,177 [main] INFO ratis.OzoneManagerStateMachine: LastAppliedIndex is set from TransactionInfo from OM DB as (t:0, i:~)
om2_1       | 2022-03-22 01:49:00,837 [main] INFO snapshot.OzoneManagerSnapshotProvider: Initializing OM Snapshot Provider
om3_1       | 2022-03-22 01:49:01,453 [main] INFO impl.DataStreamServerImpl: raft.datastream.type = DISABLED (default)
scm1_1      | 2022-03-22 01:47:49,287 [pool-2-thread-1] INFO server.RaftServerConfigKeys: raft.server.log.queue.byte-limit = 64MB (=67108864) (default)
datanode_2  | 2022-03-22 01:48:02,719 [EndpointStateMachine task thread for scm1/172.18.0.2:9861 - 0 ] INFO ipc.Client: Retrying connect to server: scm1/172.18.0.2:9861. Already tried 7 time(s); retry policy is RetryUpToMaximumCountWithFixedSleep(maxRetries=15, sleepTime=1000 MILLISECONDS)
datanode_1  | 	at org.apache.hadoop.ozone.container.common.states.datanode.RunningDatanodeState.await(RunningDatanodeState.java:50)
s3g_1       | 	at org.apache.hadoop.ipc.ProtobufRpcEngine$Server.processCall(ProtobufRpcEngine.java:466)
scm3_1      | 2022-03-22 01:48:23,876 [main] INFO net.NodeSchemaLoader: Loading schema from [file:/etc/hadoop/network-topology-default.xml, jar:file:/opt/hadoop/share/ozone/lib/hdds-common-1.3.0-SNAPSHOT.jar!/network-topology-default.xml]
scm2_1      | 2022-03-22 01:48:10,056 [main] INFO ha.SCMHANodeDetails: ozone.scm.default.service.id is not defined, falling back to ozone.scm.service.ids to find serviceID for StorageContainerManager if it is HA enabled cluster
recon_1     | 2022-03-22 01:47:56,689 [Listener at 0.0.0.0/9891] INFO recon.ReconServer: Recon server initialized successfully!
datanode_3  | 	at org.apache.hadoop.net.SocketInputStream.read(SocketInputStream.java:161)
datanode_3  | 	at org.apache.hadoop.net.SocketInputStream.read(SocketInputStream.java:131)
om1_1       | 2022-03-22 01:49:00,559 [main] INFO server.RaftServer: raft.rpc.type = GRPC (default)
om3_1       | 2022-03-22 01:49:01,458 [main] INFO server.RaftServerConfigKeys: raft.server.rpc.slowness.timeout = 120s (custom)
scm1_1      | 2022-03-22 01:47:49,299 [pool-2-thread-1] INFO server.RaftServerConfigKeys: raft.server.log.queue.element-limit = 4096 (default)
datanode_2  | 2022-03-22 01:48:02,730 [EndpointStateMachine task thread for scm3/172.18.0.10:9861 - 0 ] INFO ipc.Client: Retrying connect to server: scm3/172.18.0.10:9861. Already tried 7 time(s); retry policy is RetryUpToMaximumCountWithFixedSleep(maxRetries=15, sleepTime=1000 MILLISECONDS)
datanode_1  | 	at org.apache.hadoop.ozone.container.common.statemachine.StateContext.execute(StateContext.java:658)
s3g_1       | 	at org.apache.hadoop.ipc.ProtobufRpcEngine2$Server$ProtoBufRpcInvoker.call(ProtobufRpcEngine2.java:574)
scm3_1      | 2022-03-22 01:48:23,879 [main] INFO net.NodeSchemaLoader: Loading network topology layer schema file
scm2_1      | 2022-03-22 01:48:10,123 [main] INFO ha.SCMHANodeDetails: Found matching SCM address with SCMServiceId: scmservice, SCMNodeId: scm2, RPC Address: scm2:9894 and Ratis port: 9894
recon_1     | 2022-03-22 01:47:56,689 [Listener at 0.0.0.0/9891] INFO recon.ReconServer: Starting Recon server
om2_1       | 2022-03-22 01:49:01,456 [main] INFO metrics.MetricRegistries: Loaded MetricRegistries class org.apache.ratis.metrics.impl.MetricRegistriesImpl
datanode_3  | 	at java.base/java.io.FilterInputStream.read(FilterInputStream.java:133)
om1_1       | 2022-03-22 01:49:01,089 [main] INFO grpc.GrpcConfigKeys: raft.grpc.admin.port = -1 (default)
om3_1       | 2022-03-22 01:49:01,462 [main] INFO server.RaftServerConfigKeys: raft.server.leaderelection.leader.step-down.wait-time = 10s (default)
scm1_1      | 2022-03-22 01:47:49,310 [pool-2-thread-1] INFO server.RaftServerConfigKeys: raft.server.log.segment.size.max = 4194304 (custom)
datanode_2  | 2022-03-22 01:48:02,731 [EndpointStateMachine task thread for scm2/172.18.0.4:9861 - 0 ] INFO ipc.Client: Retrying connect to server: scm2/172.18.0.4:9861. Already tried 7 time(s); retry policy is RetryUpToMaximumCountWithFixedSleep(maxRetries=15, sleepTime=1000 MILLISECONDS)
datanode_1  | 	at org.apache.hadoop.ozone.container.common.statemachine.DatanodeStateMachine.startStateMachineThread(DatanodeStateMachine.java:283)
s3g_1       | 	at org.apache.hadoop.ipc.ProtobufRpcEngine2$Server$ProtoBufRpcInvoker.call(ProtobufRpcEngine2.java:552)
scm3_1      | 2022-03-22 01:48:24,003 [main] INFO metrics.MetricRegistries: Loaded MetricRegistries class org.apache.ratis.metrics.impl.MetricRegistriesImpl
scm2_1      | 2022-03-22 01:48:10,124 [main] INFO ha.SCMHANodeDetails: Setting configuration key ozone.scm.address with value of key ozone.scm.address.scmservice.scm2: scm2
recon_1     | 2022-03-22 01:47:56,789 [Listener at 0.0.0.0/9891] INFO impl.MetricsConfig: Loaded properties from hadoop-metrics2.properties
om2_1       | 2022-03-22 01:49:01,515 [main] WARN server.ServerUtils: Storage directory for Ratis is not configured. It is a good idea to map this to an SSD disk. Falling back to ozone.metadata.dirs
datanode_3  | 	at java.base/java.io.BufferedInputStream.fill(BufferedInputStream.java:252)
om1_1       | 2022-03-22 01:49:01,090 [main] INFO grpc.GrpcConfigKeys: raft.grpc.server.port = 9872 (custom)
om1_1       | 2022-03-22 01:49:01,098 [main] INFO grpc.GrpcConfigKeys: raft.grpc.client.port = -1 (default)
scm1_1      | 2022-03-22 01:47:49,311 [pool-2-thread-1] INFO server.RaftServerConfigKeys: raft.server.log.preallocated.size = 4194304 (custom)
datanode_2  | 2022-03-22 01:48:03,731 [EndpointStateMachine task thread for scm3/172.18.0.10:9861 - 0 ] INFO ipc.Client: Retrying connect to server: scm3/172.18.0.10:9861. Already tried 8 time(s); retry policy is RetryUpToMaximumCountWithFixedSleep(maxRetries=15, sleepTime=1000 MILLISECONDS)
datanode_1  | 	at org.apache.hadoop.ozone.container.common.statemachine.DatanodeStateMachine.lambda$startDaemon$0(DatanodeStateMachine.java:471)
s3g_1       | 	at org.apache.hadoop.ipc.RPC$Server.call(RPC.java:1093)
scm3_1      | 2022-03-22 01:48:24,034 [main] INFO ha.SCMRatisServerImpl: starting Raft server for scm:b4f4072b-6c47-494e-88f7-2538812e7ad3
scm2_1      | 2022-03-22 01:48:10,178 [main] WARN server.ServerUtils: ozone.scm.db.dirs is not configured. We recommend adding this setting. Falling back to ozone.metadata.dirs instead.
recon_1     | 2022-03-22 01:47:56,801 [Listener at 0.0.0.0/9891] INFO impl.MetricsSystemImpl: Scheduled Metric snapshot period at 10 second(s).
om2_1       | 2022-03-22 01:49:01,676 [main] INFO ratis.OzoneManagerRatisServer: Instantiating OM Ratis server with groupID: omservice and peers: om2:9872, om1:9872, om3:9872
om1_1       | 2022-03-22 01:49:01,099 [main] INFO grpc.GrpcConfigKeys: raft.grpc.server.port = 9872 (custom)
om3_1       | 2022-03-22 01:49:01,508 [main] INFO server.RaftServerConfigKeys: raft.server.storage.dir = [/data/metadata/ratis] (custom)
datanode_3  | 	at java.base/java.io.BufferedInputStream.read(BufferedInputStream.java:271)
scm1_1      | 2022-03-22 01:47:49,327 [pool-2-thread-1] INFO server.RaftServerConfigKeys: raft.server.log.force.sync.num = 128 (default)
datanode_2  | 2022-03-22 01:48:03,732 [EndpointStateMachine task thread for scm2/172.18.0.4:9861 - 0 ] INFO ipc.Client: Retrying connect to server: scm2/172.18.0.4:9861. Already tried 8 time(s); retry policy is RetryUpToMaximumCountWithFixedSleep(maxRetries=15, sleepTime=1000 MILLISECONDS)
datanode_1  | 	at java.base/java.lang.Thread.run(Thread.java:829)
s3g_1       | 	at org.apache.hadoop.ipc.Server$RpcCall.run(Server.java:1035)
scm3_1      | 2022-03-22 01:48:24,150 [main] INFO server.RaftServer: raft.rpc.type = GRPC (default)
scm2_1      | 2022-03-22 01:48:10,205 [main] INFO upgrade.AbstractLayoutVersionManager: Initializing Layout version manager with metadata layout = SCM_HA (version = 2), software layout = SCM_HA (version = 2)
recon_1     | 2022-03-22 01:47:56,801 [Listener at 0.0.0.0/9891] INFO impl.MetricsSystemImpl: Recon metrics system started
om2_1       | 2022-03-22 01:49:01,724 [main] INFO ratis.OzoneManagerStateMachine: LastAppliedIndex is set from TransactionInfo from OM DB as (t:0, i:~)
om1_1       | 2022-03-22 01:49:01,099 [main] INFO grpc.GrpcConfigKeys: raft.grpc.server.port = 9872 (custom)
om3_1       | 2022-03-22 01:49:01,532 [main] INFO server.RaftServer: om3: addNew group-D66704EFC61C:[om1|rpc:om1:9872|priority:0, om3|rpc:om3:9872|priority:0, om2|rpc:om2:9872|priority:0] returns group-D66704EFC61C:java.util.concurrent.CompletableFuture@3d8d17a3[Not completed]
datanode_3  | 	at java.base/java.io.FilterInputStream.read(FilterInputStream.java:83)
scm1_1      | 2022-03-22 01:47:49,354 [pool-2-thread-1] INFO server.RaftServerConfigKeys: raft.server.log.statemachine.data.sync = true (default)
datanode_2  | 2022-03-22 01:48:04,731 [EndpointStateMachine task thread for scm3/172.18.0.10:9861 - 0 ] INFO ipc.Client: Retrying connect to server: scm3/172.18.0.10:9861. Already tried 9 time(s); retry policy is RetryUpToMaximumCountWithFixedSleep(maxRetries=15, sleepTime=1000 MILLISECONDS)
datanode_1  | Caused by: java.util.concurrent.TimeoutException
s3g_1       | 	at org.apache.hadoop.ipc.Server$RpcCall.run(Server.java:963)
scm3_1      | 2022-03-22 01:48:24,311 [main] INFO grpc.GrpcConfigKeys: raft.grpc.admin.port = -1 (default)
scm2_1      | 2022-03-22 01:48:10,511 [main] INFO reflections.Reflections: Reflections took 181 ms to scan 3 urls, producing 105 keys and 220 values 
recon_1     | 2022-03-22 01:47:57,086 [Listener at 0.0.0.0/9891] INFO http.HttpServer2: Jetty bound to port 9888
om2_1       | 2022-03-22 01:49:01,886 [main] INFO server.RaftServer: raft.rpc.type = GRPC (default)
om1_1       | 2022-03-22 01:49:01,107 [main] INFO server.GrpcService: raft.grpc.message.size.max = 33554432 (custom)
om3_1       | 2022-03-22 01:49:01,534 [main] INFO om.OzoneManager: OzoneManager Ratis server initialized at port 9872
datanode_3  | 	at java.base/java.io.FilterInputStream.read(FilterInputStream.java:83)
datanode_3  | 	at org.apache.hadoop.ipc.Client$Connection$PingInputStream.read(Client.java:563)
datanode_2  | 2022-03-22 01:48:04,732 [EndpointStateMachine task thread for scm2/172.18.0.4:9861 - 0 ] INFO ipc.Client: Retrying connect to server: scm2/172.18.0.4:9861. Already tried 9 time(s); retry policy is RetryUpToMaximumCountWithFixedSleep(maxRetries=15, sleepTime=1000 MILLISECONDS)
datanode_1  | 	at java.base/java.util.concurrent.FutureTask.get(FutureTask.java:204)
s3g_1       | 	at java.base/java.security.AccessController.doPrivileged(Native Method)
scm3_1      | 2022-03-22 01:48:24,314 [main] INFO grpc.GrpcConfigKeys: raft.grpc.server.port = 9894 (custom)
scm2_1      | 2022-03-22 01:48:11,391 [main] WARN utils.HAUtils: ozone.scm.db.dirs is not configured. We recommend adding this setting. Falling back to ozone.metadata.dirs instead.
recon_1     | 2022-03-22 01:47:57,087 [Listener at 0.0.0.0/9891] INFO server.Server: jetty-9.4.43.v20210629; built: 2021-06-30T11:07:22.254Z; git: 526006ecfa3af7f1a27ef3a288e2bef7ea9dd7e8; jvm 11.0.14.1+1-LTS
om2_1       | 2022-03-22 01:49:02,256 [main] INFO grpc.GrpcConfigKeys: raft.grpc.admin.port = -1 (default)
om1_1       | 2022-03-22 01:49:01,111 [main] INFO server.RaftServerConfigKeys: raft.server.log.appender.buffer.byte-limit = 33554432 (custom)
om3_1       | 2022-03-22 01:49:01,731 [pool-23-thread-1] INFO server.RaftServer$Division: om3: new RaftServerImpl for group-D66704EFC61C:[om1|rpc:om1:9872|priority:0, om3|rpc:om3:9872|priority:0, om2|rpc:om2:9872|priority:0] with OzoneManagerStateMachine:uninitialized
datanode_3  | 	at java.base/java.io.DataInputStream.readInt(DataInputStream.java:392)
scm1_1      | 2022-03-22 01:47:49,371 [pool-2-thread-1] INFO server.RaftServerConfigKeys: raft.server.log.statemachine.data.sync.timeout = 10s (default)
datanode_2  | 2022-03-22 01:48:05,732 [EndpointStateMachine task thread for scm3/172.18.0.10:9861 - 0 ] INFO ipc.Client: Retrying connect to server: scm3/172.18.0.10:9861. Already tried 10 time(s); retry policy is RetryUpToMaximumCountWithFixedSleep(maxRetries=15, sleepTime=1000 MILLISECONDS)
datanode_1  | 	at org.apache.hadoop.ozone.container.common.states.datanode.RunningDatanodeState.lambda$execute$0(RunningDatanodeState.java:151)
datanode_1  | 	at java.base/java.util.concurrent.FutureTask.run(FutureTask.java:264)
scm3_1      | 2022-03-22 01:48:24,315 [main] INFO grpc.GrpcConfigKeys: raft.grpc.client.port = -1 (default)
scm2_1      | 2022-03-22 01:48:11,669 [main] WARN db.DBStoreBuilder: ozone.scm.db.dirs is not configured. We recommend adding this setting. Falling back to ozone.metadata.dirs instead.
recon_1     | 2022-03-22 01:47:57,117 [Listener at 0.0.0.0/9891] INFO server.session: DefaultSessionIdManager workerName=node0
om2_1       | 2022-03-22 01:49:02,258 [main] INFO grpc.GrpcConfigKeys: raft.grpc.server.port = 9872 (custom)
om1_1       | 2022-03-22 01:49:01,112 [main] INFO server.GrpcService: raft.grpc.flow.control.window = 1MB (=1048576) (default)
om3_1       | 2022-03-22 01:49:01,765 [pool-23-thread-1] INFO server.RaftServerConfigKeys: raft.server.rpc.timeout.min = 5s (custom)
datanode_3  | 	at org.apache.hadoop.ipc.Client$IpcStreams.readResponse(Client.java:1892)
datanode_3  | 	at org.apache.hadoop.ipc.Client$Connection.receiveRpcResponse(Client.java:1202)
datanode_2  | 2022-03-22 01:48:05,733 [EndpointStateMachine task thread for scm2/172.18.0.4:9861 - 0 ] INFO ipc.Client: Retrying connect to server: scm2/172.18.0.4:9861. Already tried 10 time(s); retry policy is RetryUpToMaximumCountWithFixedSleep(maxRetries=15, sleepTime=1000 MILLISECONDS)
datanode_1  | 	at java.base/java.util.concurrent.Executors$RunnableAdapter.call(Executors.java:515)
s3g_1       | 	at java.base/javax.security.auth.Subject.doAs(Subject.java:423)
scm3_1      | 2022-03-22 01:48:24,316 [main] INFO grpc.GrpcConfigKeys: raft.grpc.server.port = 9894 (custom)
scm3_1      | 2022-03-22 01:48:24,316 [main] INFO grpc.GrpcConfigKeys: raft.grpc.server.port = 9894 (custom)
scm2_1      | 2022-03-22 01:48:11,879 [main] INFO net.NodeSchemaLoader: Loading schema from [file:/etc/hadoop/network-topology-default.xml, jar:file:/opt/hadoop/share/ozone/lib/hdds-common-1.3.0-SNAPSHOT.jar!/network-topology-default.xml]
om2_1       | 2022-03-22 01:49:02,268 [main] INFO grpc.GrpcConfigKeys: raft.grpc.client.port = -1 (default)
om1_1       | 2022-03-22 01:49:01,115 [main] INFO server.RaftServerConfigKeys: raft.server.rpc.request.timeout = 3000ms (default)
datanode_3  | 	at org.apache.hadoop.ipc.Client$Connection.run(Client.java:1098)
scm1_1      | 2022-03-22 01:47:49,373 [pool-2-thread-1] INFO server.RaftServerConfigKeys: raft.server.log.statemachine.data.sync.timeout.retry = -1 (default)
om3_1       | 2022-03-22 01:49:01,796 [pool-23-thread-1] INFO server.RaftServerConfigKeys: raft.server.rpc.timeout.max = 5200ms (custom)
datanode_2  | 2022-03-22 01:48:06,734 [EndpointStateMachine task thread for scm2/172.18.0.4:9861 - 0 ] INFO ipc.Client: Retrying connect to server: scm2/172.18.0.4:9861. Already tried 11 time(s); retry policy is RetryUpToMaximumCountWithFixedSleep(maxRetries=15, sleepTime=1000 MILLISECONDS)
datanode_1  | 	at java.base/java.util.concurrent.FutureTask.run(FutureTask.java:264)
s3g_1       | 	at org.apache.hadoop.security.UserGroupInformation.doAs(UserGroupInformation.java:1878)
recon_1     | 2022-03-22 01:47:57,117 [Listener at 0.0.0.0/9891] INFO server.session: No SessionScavenger set, using defaults
scm3_1      | 2022-03-22 01:48:24,322 [main] INFO server.GrpcService: raft.grpc.message.size.max = 32m (=33554432) (custom)
scm2_1      | 2022-03-22 01:48:11,881 [main] INFO net.NodeSchemaLoader: Loading network topology layer schema file
om2_1       | 2022-03-22 01:49:02,268 [main] INFO grpc.GrpcConfigKeys: raft.grpc.server.port = 9872 (custom)
om1_1       | 2022-03-22 01:49:01,933 [main] INFO impl.DataStreamServerImpl: raft.datastream.type = DISABLED (default)
datanode_3  | 2022-03-22 01:48:03,280 [EndpointStateMachine task thread for scm3/172.18.0.10:9861 - 0 ] INFO ipc.Client: Retrying connect to server: scm3/172.18.0.10:9861. Already tried 11 time(s); retry policy is RetryUpToMaximumCountWithFixedSleep(maxRetries=15, sleepTime=1000 MILLISECONDS)
scm1_1      | 2022-03-22 01:47:49,562 [pool-2-thread-1] INFO server.RaftServerConfigKeys: raft.server.log.write.buffer.size = 64KB (=65536) (default)
om3_1       | 2022-03-22 01:49:01,796 [pool-23-thread-1] INFO server.RaftServerConfigKeys: raft.server.rpc.sleep.time = 25ms (default)
datanode_2  | 2022-03-22 01:48:06,734 [EndpointStateMachine task thread for scm3/172.18.0.10:9861 - 0 ] INFO ipc.Client: Retrying connect to server: scm3/172.18.0.10:9861. Already tried 11 time(s); retry policy is RetryUpToMaximumCountWithFixedSleep(maxRetries=15, sleepTime=1000 MILLISECONDS)
datanode_1  | 	at java.base/java.util.concurrent.ThreadPoolExecutor.runWorker(ThreadPoolExecutor.java:1128)
s3g_1       | 	at org.apache.hadoop.ipc.Server$Handler.run(Server.java:2966)
recon_1     | 2022-03-22 01:47:57,119 [Listener at 0.0.0.0/9891] INFO server.session: node0 Scavenging every 660000ms
scm3_1      | 2022-03-22 01:48:24,324 [main] INFO server.RaftServerConfigKeys: raft.server.log.appender.buffer.byte-limit = 33554432 (custom)
scm2_1      | 2022-03-22 01:48:11,971 [main] INFO metrics.MetricRegistries: Loaded MetricRegistries class org.apache.ratis.metrics.impl.MetricRegistriesImpl
om2_1       | 2022-03-22 01:49:02,269 [main] INFO grpc.GrpcConfigKeys: raft.grpc.server.port = 9872 (custom)
om1_1       | 2022-03-22 01:49:01,937 [main] INFO server.RaftServerConfigKeys: raft.server.rpc.slowness.timeout = 120s (custom)
datanode_3  | 2022-03-22 01:48:03,285 [EndpointStateMachine task thread for scm1/172.18.0.2:9861 - 0 ] INFO ipc.Client: Retrying connect to server: scm1/172.18.0.2:9861. Already tried 11 time(s); retry policy is RetryUpToMaximumCountWithFixedSleep(maxRetries=15, sleepTime=1000 MILLISECONDS)
datanode_3  | 2022-03-22 01:48:03,292 [EndpointStateMachine task thread for scm2/172.18.0.4:9861 - 0 ] INFO ipc.Client: Retrying connect to server: scm2/172.18.0.4:9861. Already tried 11 time(s); retry policy is RetryUpToMaximumCountWithFixedSleep(maxRetries=15, sleepTime=1000 MILLISECONDS)
datanode_3  | 2022-03-22 01:48:04,282 [EndpointStateMachine task thread for scm3/172.18.0.10:9861 - 0 ] INFO ipc.Client: Retrying connect to server: scm3/172.18.0.10:9861. Already tried 12 time(s); retry policy is RetryUpToMaximumCountWithFixedSleep(maxRetries=15, sleepTime=1000 MILLISECONDS)
scm1_1      | 2022-03-22 01:47:49,580 [pool-2-thread-1] INFO server.RaftServerConfigKeys: raft.server.log.statemachine.data.caching.enabled = false (default)
datanode_1  | 	at java.base/java.util.concurrent.ThreadPoolExecutor$Worker.run(ThreadPoolExecutor.java:628)
s3g_1       | , while invoking $Proxy105.submitRequest over nodeId=om2,nodeAddress=om2:9862 after 1 failover attempts. Trying to failover immediately.
recon_1     | 2022-03-22 01:47:57,133 [Listener at 0.0.0.0/9891] INFO handler.ContextHandler: Started o.e.j.s.ServletContextHandler@1142d377{logs,/logs,file:///var/log/hadoop/,AVAILABLE}
scm3_1      | 2022-03-22 01:48:24,325 [main] INFO server.GrpcService: raft.grpc.flow.control.window = 1MB (=1048576) (default)
scm2_1      | 2022-03-22 01:48:12,001 [main] INFO ha.SCMRatisServerImpl: starting Raft server for scm:01d0fe69-8c28-440d-b29b-6d43dfa2db6d
om2_1       | 2022-03-22 01:49:02,269 [main] INFO server.GrpcService: raft.grpc.message.size.max = 33554432 (custom)
om1_1       | 2022-03-22 01:49:01,941 [main] INFO server.RaftServerConfigKeys: raft.server.leaderelection.leader.step-down.wait-time = 10s (default)
datanode_2  | 2022-03-22 01:48:07,735 [EndpointStateMachine task thread for scm2/172.18.0.4:9861 - 0 ] INFO ipc.Client: Retrying connect to server: scm2/172.18.0.4:9861. Already tried 12 time(s); retry policy is RetryUpToMaximumCountWithFixedSleep(maxRetries=15, sleepTime=1000 MILLISECONDS)
datanode_2  | 2022-03-22 01:48:07,735 [EndpointStateMachine task thread for scm3/172.18.0.10:9861 - 0 ] INFO ipc.Client: Retrying connect to server: scm3/172.18.0.10:9861. Already tried 12 time(s); retry policy is RetryUpToMaximumCountWithFixedSleep(maxRetries=15, sleepTime=1000 MILLISECONDS)
om3_1       | 2022-03-22 01:49:01,796 [pool-23-thread-1] INFO server.RaftServerConfigKeys: raft.server.rpc.slowness.timeout = 120s (custom)
scm1_1      | 2022-03-22 01:47:49,687 [pool-2-thread-1] INFO segmented.SegmentedRaftLogWorker: 23a7be00-a7d2-48dc-b2d1-39f3d9d3983e@group-D1CB70FC1326-SegmentedRaftLogWorker: flushIndex: setUnconditionally 0 -> -1
datanode_1  | 	... 1 more
s3g_1       | 2022-03-22 01:53:58,476 [qtp1325056130-19] INFO rpc.RpcClient: Creating Bucket: s3v/bucket-ozone-test-3171966877, with hadoop as owner and Versioning false and Storage Type set to DISK and Encryption set to false 
recon_1     | 2022-03-22 01:47:57,133 [Listener at 0.0.0.0/9891] INFO handler.ContextHandler: Started o.e.j.s.ServletContextHandler@79d7035{static,/static,jar:file:/opt/hadoop/share/ozone/lib/ozone-recon-1.3.0-SNAPSHOT.jar!/webapps/static,AVAILABLE}
scm3_1      | 2022-03-22 01:48:24,326 [main] INFO server.RaftServerConfigKeys: raft.server.rpc.request.timeout = 30000ms (custom)
scm2_1      | 2022-03-22 01:48:12,215 [main] INFO server.RaftServer: raft.rpc.type = GRPC (default)
om2_1       | 2022-03-22 01:49:02,271 [main] INFO server.RaftServerConfigKeys: raft.server.log.appender.buffer.byte-limit = 33554432 (custom)
om1_1       | 2022-03-22 01:49:01,991 [main] INFO server.RaftServerConfigKeys: raft.server.storage.dir = [/data/metadata/ratis] (custom)
datanode_3  | 2022-03-22 01:48:04,292 [EndpointStateMachine task thread for scm2/172.18.0.4:9861 - 0 ] INFO ipc.Client: Retrying connect to server: scm2/172.18.0.4:9861. Already tried 12 time(s); retry policy is RetryUpToMaximumCountWithFixedSleep(maxRetries=15, sleepTime=1000 MILLISECONDS)
datanode_2  | 2022-03-22 01:48:07,736 [EndpointStateMachine task thread for scm1/172.18.0.2:9861 - 0 ] WARN statemachine.EndpointStateMachine: Unable to communicate to SCM server at scm1:9861 for past 0 seconds.
om3_1       | 2022-03-22 01:49:01,798 [pool-23-thread-1] INFO server.RaftServerConfigKeys: raft.server.leaderelection.leader.step-down.wait-time = 10s (default)
