datanode_1  | 2021-10-25 12:24:38,240 [4a5fbc1e-fa65-4644-9e0b-b54075597161@group-B6544D881B52-FollowerState] INFO server.RaftServerConfigKeys: raft.server.leaderelection.pre-vote = false (custom)
datanode_3  | 2021-10-25 12:24:49,574 [pool-23-thread-1] INFO server.RaftServerConfigKeys: raft.server.log.purge.gap = 1000000 (custom)
datanode_3  | 2021-10-25 12:24:49,574 [pool-23-thread-1] INFO server.RaftServerConfigKeys: raft.server.log.appender.buffer.byte-limit = 33554432 (custom)
datanode_3  | 2021-10-25 12:24:49,574 [pool-23-thread-1] INFO server.RaftServerConfigKeys: raft.server.log.segment.size.max = 1048576 (custom)
scm_1       | 
recon_1     | 2021-10-25 12:24:20,225 [EventQueue-PipelineReportForReconPipelineReportHandler] INFO scm.ReconPipelineReportHandler: Pipeline RATIS/ONE PipelineID=44e00d39-64b4-4d12-b933-e3b9bd64ec8b reported by 0ba8f1ea-b911-4fb7-8325-1a9580c84cee{ip: 172.18.0.6, host: ozonesecure_datanode_2.ozonesecure_default, ports: [REPLICATION=9886, RATIS=9858, RATIS_ADMIN=9857, RATIS_SERVER=9856, STANDALONE=9859], networkLocation: /default-rack, certSerialId: 332194249700, persistedOpState: null, persistedOpStateExpiryEpochSec: 0}
recon_1     | 2021-10-25 12:24:20,226 [EventQueue-PipelineReportForReconPipelineReportHandler] INFO pipeline.PipelineManagerImpl: Pipeline Pipeline[ Id: 44e00d39-64b4-4d12-b933-e3b9bd64ec8b, Nodes: 0ba8f1ea-b911-4fb7-8325-1a9580c84cee{ip: 172.18.0.6, host: ozonesecure_datanode_2.ozonesecure_default, ports: [REPLICATION=9886, RATIS=9858, RATIS_ADMIN=9857, RATIS_SERVER=9856, STANDALONE=9859], networkLocation: /default-rack, certSerialId: null, persistedOpState: IN_SERVICE, persistedOpStateExpiryEpochSec: 0}, ReplicationConfig: RATIS/ONE, State:ALLOCATED, leaderId:0ba8f1ea-b911-4fb7-8325-1a9580c84cee, CreationTimestamp2021-10-25T12:24:17.127Z[UTC]] moved to OPEN state
recon_1     | 2021-10-25 12:24:20,237 [EventQueue-PipelineReportForReconPipelineReportHandler] INFO ha.SCMHAInvocationHandler: Invoking method public abstract void org.apache.hadoop.hdds.scm.pipeline.PipelineStateManager.updatePipelineState(org.apache.hadoop.hdds.protocol.proto.HddsProtos$PipelineID,org.apache.hadoop.hdds.protocol.proto.HddsProtos$PipelineState) throws java.io.IOException on target org.apache.hadoop.hdds.scm.ha.MockSCMHAManager$MockRatisServer@667655d9, cost 7901.061us
datanode_2  | 2021-10-25 12:24:38,259 [0ba8f1ea-b911-4fb7-8325-1a9580c84cee@group-B6544D881B52-LeaderElection3] INFO impl.LeaderElection: 0ba8f1ea-b911-4fb7-8325-1a9580c84cee@group-B6544D881B52-LeaderElection3 got exception when requesting votes: java.util.concurrent.ExecutionException: org.apache.ratis.thirdparty.io.grpc.StatusRuntimeException: INTERNAL: e9d82cab-05ce-4d78-8653-c1a5df6d1fad: group-B6544D881B52 not found.
datanode_2  | 2021-10-25 12:24:38,282 [0ba8f1ea-b911-4fb7-8325-1a9580c84cee@group-B6544D881B52-LeaderElection3] INFO impl.LeaderElection: 0ba8f1ea-b911-4fb7-8325-1a9580c84cee@group-B6544D881B52-LeaderElection3: ELECTION PASSED received 1 response(s) and 1 exception(s):
datanode_2  | 2021-10-25 12:24:38,282 [0ba8f1ea-b911-4fb7-8325-1a9580c84cee@group-B6544D881B52-LeaderElection3] INFO impl.LeaderElection:   Response 0: 0ba8f1ea-b911-4fb7-8325-1a9580c84cee<-4a5fbc1e-fa65-4644-9e0b-b54075597161#0:OK-t3
datanode_2  | 2021-10-25 12:24:38,282 [0ba8f1ea-b911-4fb7-8325-1a9580c84cee@group-B6544D881B52-LeaderElection3] INFO impl.LeaderElection:   Exception 1: java.util.concurrent.ExecutionException: org.apache.ratis.thirdparty.io.grpc.StatusRuntimeException: INTERNAL: e9d82cab-05ce-4d78-8653-c1a5df6d1fad: group-B6544D881B52 not found.
om_1        | 2021-10-25 12:24:26,442 [Listener at om/9862] INFO security.OzoneBlockTokenSecretManager: Updating the current master key for generating tokens
datanode_3  | 2021-10-25 12:24:49,576 [pool-23-thread-1] INFO server.RaftServerConfigKeys: raft.server.log.segment.cache.num.max = 2 (custom)
datanode_3  | 2021-10-25 12:24:49,576 [pool-23-thread-1] INFO server.RaftServerConfigKeys: raft.server.log.segment.cache.size.max = 200MB (=209715200) (default)
datanode_3  | 2021-10-25 12:24:49,577 [pool-23-thread-1] INFO segmented.SegmentedRaftLogWorker: new e9d82cab-05ce-4d78-8653-c1a5df6d1fad@group-B6544D881B52-SegmentedRaftLogWorker for RaftStorageImpl:Storage Directory /data/metadata/ratis/be0a9d77-787e-43f5-83fa-b6544d881b52
datanode_3  | 2021-10-25 12:24:49,577 [pool-23-thread-1] INFO server.RaftServerConfigKeys: raft.server.log.queue.byte-limit = 2147483647 (custom)
datanode_3  | 2021-10-25 12:24:49,577 [pool-23-thread-1] INFO server.RaftServerConfigKeys: raft.server.log.queue.element-limit = 1024 (custom)
datanode_3  | 2021-10-25 12:24:49,577 [pool-23-thread-1] INFO server.RaftServerConfigKeys: raft.server.log.segment.size.max = 1048576 (custom)
datanode_3  | 2021-10-25 12:24:49,578 [pool-23-thread-1] INFO server.RaftServerConfigKeys: raft.server.log.preallocated.size = 16384 (custom)
datanode_3  | 2021-10-25 12:24:49,578 [pool-23-thread-1] INFO server.RaftServerConfigKeys: raft.server.log.force.sync.num = 128 (default)
datanode_3  | 2021-10-25 12:24:49,578 [pool-23-thread-1] INFO server.RaftServerConfigKeys: raft.server.log.statemachine.data.sync = true (default)
datanode_3  | 2021-10-25 12:24:49,579 [pool-23-thread-1] INFO server.RaftServerConfigKeys: raft.server.log.statemachine.data.sync.timeout = 10s (default)
datanode_3  | 2021-10-25 12:24:49,582 [pool-23-thread-1] INFO server.RaftServerConfigKeys: raft.server.log.statemachine.data.sync.timeout.retry = -1 (default)
datanode_2  | 2021-10-25 12:24:38,282 [0ba8f1ea-b911-4fb7-8325-1a9580c84cee@group-B6544D881B52-LeaderElection3] INFO impl.LeaderElection: 0ba8f1ea-b911-4fb7-8325-1a9580c84cee@group-B6544D881B52-LeaderElection3 ELECTION round 0: result PASSED
scm_1       | 2021-10-25 12:23:49,452 [Listener at 0.0.0.0/9860] WARN events.EventQueue: No event handler registered for event TypedEvent{payloadType=SafeModeStatus, name='Safe mode status'}
scm_1       | 2021-10-25 12:23:49,452 [Listener at 0.0.0.0/9860] INFO ha.SCMContext: Update SafeModeStatus from SafeModeStatus{safeModeStatus=true, preCheckPassed=false} to SafeModeStatus{safeModeStatus=true, preCheckPassed=false}.
om_1        | 2021-10-25 12:24:26,441 [org.apache.ratis.util.JvmPauseMonitor$$Lambda$391/0x00000008405b7c40@5a36a405] INFO util.JvmPauseMonitor: JvmPauseMonitor-om1: Started
scm_1       | 2021-10-25 12:23:49,459 [Listener at 0.0.0.0/9860] INFO server.StorageContainerManager: StorageContainerLocationProtocol RPC server is listening at /0.0.0.0:9860
scm_1       | 2021-10-25 12:23:49,464 [Listener at 0.0.0.0/9860] INFO server.StorageContainerManager: Starting token manager
datanode_3  | 2021-10-25 12:24:49,585 [pool-23-thread-1] INFO server.RaftServerConfigKeys: raft.server.log.write.buffer.size = 1048576 (custom)
datanode_3  | 2021-10-25 12:24:49,585 [pool-23-thread-1] INFO server.RaftServerConfigKeys: raft.server.log.statemachine.data.caching.enabled = true (custom)
datanode_3  | 2021-10-25 12:24:49,585 [pool-23-thread-1] INFO segmented.SegmentedRaftLogWorker: e9d82cab-05ce-4d78-8653-c1a5df6d1fad@group-B6544D881B52-SegmentedRaftLogWorker: flushIndex: setUnconditionally 0 -> -1
datanode_3  | 2021-10-25 12:24:49,586 [pool-23-thread-1] INFO segmented.SegmentedRaftLogWorker: e9d82cab-05ce-4d78-8653-c1a5df6d1fad@group-B6544D881B52-SegmentedRaftLogWorker: safeCacheEvictIndex: setUnconditionally 0 -> -1
scm_1       | 2021-10-25 12:23:49,465 [Listener at 0.0.0.0/9860] INFO token.ContainerTokenSecretManager: Updating the current master key for generating tokens
scm_1       | 2021-10-25 12:23:49,627 [Listener at 0.0.0.0/9860] INFO impl.MetricsConfig: Loaded properties from hadoop-metrics2.properties
scm_1       | 2021-10-25 12:23:49,645 [Listener at 0.0.0.0/9860] INFO impl.MetricsSystemImpl: Scheduled Metric snapshot period at 10 second(s).
scm_1       | 2021-10-25 12:23:49,645 [Listener at 0.0.0.0/9860] INFO impl.MetricsSystemImpl: StorageContainerManager metrics system started
scm_1       | 2021-10-25 12:23:50,032 [Listener at 0.0.0.0/9860] INFO server.SCMClientProtocolServer: RPC server for Client  is listening at /0.0.0.0:9860
scm_1       | 2021-10-25 12:23:50,033 [IPC Server Responder] INFO ipc.Server: IPC Server Responder: starting
scm_1       | 2021-10-25 12:23:50,034 [IPC Server listener on 9860] INFO ipc.Server: IPC Server listener on 9860: starting
scm_1       | 2021-10-25 12:23:50,085 [Listener at 0.0.0.0/9860] INFO server.StorageContainerManager: ScmBlockLocationProtocol RPC server is listening at /0.0.0.0:9863
scm_1       | 2021-10-25 12:23:50,087 [Listener at 0.0.0.0/9860] INFO server.SCMBlockProtocolServer: RPC server for Block Protocol is listening at /0.0.0.0:9863
scm_1       | 2021-10-25 12:23:50,090 [IPC Server Responder] INFO ipc.Server: IPC Server Responder: starting
scm_1       | 2021-10-25 12:23:50,096 [IPC Server listener on 9863] INFO ipc.Server: IPC Server listener on 9863: starting
scm_1       | 2021-10-25 12:23:50,137 [Listener at 0.0.0.0/9860] INFO server.StorageContainerManager: ScmDatanodeProtocl RPC server is listening at /0.0.0.0:9861
scm_1       | 2021-10-25 12:23:50,172 [Listener at 0.0.0.0/9860] INFO server.SCMDatanodeProtocolServer: RPC server for DataNodes is listening at /0.0.0.0:9861
scm_1       | 2021-10-25 12:23:50,175 [IPC Server Responder] INFO ipc.Server: IPC Server Responder: starting
scm_1       | 2021-10-25 12:23:50,175 [IPC Server listener on 9861] INFO ipc.Server: IPC Server listener on 9861: starting
scm_1       | 2021-10-25 12:23:50,216 [Listener at 0.0.0.0/9860] INFO server.SCMSecurityProtocolServer: Starting RPC server for SCMSecurityProtocolServer. is listening at /0.0.0.0:9961
scm_1       | 2021-10-25 12:23:50,233 [IPC Server Responder] INFO ipc.Server: IPC Server Responder: starting
scm_1       | 2021-10-25 12:23:50,246 [Listener at 0.0.0.0/9860] INFO server.SCMUpdateServiceGrpcServer: SCMUpdateService starting
scm_1       | 2021-10-25 12:23:50,247 [IPC Server listener on 9961] INFO ipc.Server: IPC Server listener on 9961: starting
scm_1       | 2021-10-25 12:23:51,039 [Socket Reader #1 for port 9860] INFO ipc.Server: Auth successful for recon/recon@EXAMPLE.COM (auth:KERBEROS) from 172.18.0.10:39251
scm_1       | 2021-10-25 12:23:51,161 [Socket Reader #1 for port 9860] INFO authorize.ServiceAuthorizationManager: Authorization successful for recon/recon@EXAMPLE.COM (auth:KERBEROS) for protocol=interface org.apache.hadoop.hdds.scm.protocol.StorageContainerLocationProtocol
scm_1       | 2021-10-25 12:23:51,312 [Socket Reader #1 for port 9961] INFO ipc.Server: Auth successful for dn/dn@EXAMPLE.COM (auth:KERBEROS) from 172.18.0.6:41112
scm_1       | 2021-10-25 12:23:51,344 [Socket Reader #1 for port 9863] INFO ipc.Server: Auth successful for om/om@EXAMPLE.COM (auth:KERBEROS) from 172.18.0.4:40403
scm_1       | 2021-10-25 12:23:51,348 [Socket Reader #1 for port 9961] INFO ipc.Server: Auth successful for dn/dn@EXAMPLE.COM (auth:KERBEROS) from 172.18.0.5:53322
scm_1       | 2021-10-25 12:23:51,349 [Socket Reader #1 for port 9961] INFO ipc.Server: Auth successful for dn/dn@EXAMPLE.COM (auth:KERBEROS) from 172.18.0.9:53960
scm_1       | 2021-10-25 12:23:51,405 [Socket Reader #1 for port 9961] INFO authorize.ServiceAuthorizationManager: Authorization successful for dn/dn@EXAMPLE.COM (auth:KERBEROS) for protocol=interface org.apache.hadoop.hdds.protocol.SCMSecurityProtocol
scm_1       | 2021-10-25 12:23:51,422 [Socket Reader #1 for port 9961] INFO authorize.ServiceAuthorizationManager: Authorization successful for dn/dn@EXAMPLE.COM (auth:KERBEROS) for protocol=interface org.apache.hadoop.hdds.protocol.SCMSecurityProtocol
scm_1       | 2021-10-25 12:23:51,461 [Socket Reader #1 for port 9961] INFO authorize.ServiceAuthorizationManager: Authorization successful for dn/dn@EXAMPLE.COM (auth:KERBEROS) for protocol=interface org.apache.hadoop.hdds.protocol.SCMSecurityProtocol
scm_1       | 2021-10-25 12:23:51,461 [Socket Reader #1 for port 9863] INFO authorize.ServiceAuthorizationManager: Authorization successful for om/om@EXAMPLE.COM (auth:KERBEROS) for protocol=interface org.apache.hadoop.hdds.scm.protocol.ScmBlockLocationProtocol
recon_1     | 2021-10-25 12:24:20,244 [EventQueue-PipelineReportForReconPipelineReportHandler] INFO scm.ReconPipelineReportHandler: Unknown pipeline PipelineID=dbcee5ad-d99c-461a-980b-de88d956ea95. Trying to get from SCM.
recon_1     | 2021-10-25 12:24:20,259 [EventQueue-PipelineReportForReconPipelineReportHandler] INFO scm.ReconPipelineReportHandler: Adding new pipeline Pipeline[ Id: dbcee5ad-d99c-461a-980b-de88d956ea95, Nodes: 4a5fbc1e-fa65-4644-9e0b-b54075597161{ip: 172.18.0.9, host: ozonesecure_datanode_1.ozonesecure_default, ports: [REPLICATION=9886, RATIS=9858, RATIS_ADMIN=9857, RATIS_SERVER=9856, STANDALONE=9859], networkLocation: /default-rack, certSerialId: null, persistedOpState: IN_SERVICE, persistedOpStateExpiryEpochSec: 0}, ReplicationConfig: RATIS/ONE, State:OPEN, leaderId:4a5fbc1e-fa65-4644-9e0b-b54075597161, CreationTimestamp2021-10-25T12:24:17.322Z[UTC]] to Recon pipeline metadata.
recon_1     | 2021-10-25 12:24:20,261 [EventQueue-PipelineReportForReconPipelineReportHandler] INFO pipeline.PipelineStateManagerImpl: Created pipeline Pipeline[ Id: dbcee5ad-d99c-461a-980b-de88d956ea95, Nodes: 4a5fbc1e-fa65-4644-9e0b-b54075597161{ip: 172.18.0.9, host: ozonesecure_datanode_1.ozonesecure_default, ports: [REPLICATION=9886, RATIS=9858, RATIS_ADMIN=9857, RATIS_SERVER=9856, STANDALONE=9859], networkLocation: /default-rack, certSerialId: null, persistedOpState: IN_SERVICE, persistedOpStateExpiryEpochSec: 0}, ReplicationConfig: RATIS/ONE, State:OPEN, leaderId:4a5fbc1e-fa65-4644-9e0b-b54075597161, CreationTimestamp2021-10-25T12:24:17.322Z[UTC]].
recon_1     | 2021-10-25 12:24:20,270 [EventQueue-PipelineReportForReconPipelineReportHandler] INFO ha.SCMHAInvocationHandler: Invoking method public abstract void org.apache.hadoop.hdds.scm.pipeline.PipelineStateManager.addPipeline(org.apache.hadoop.hdds.protocol.proto.HddsProtos$Pipeline) throws java.io.IOException on target org.apache.hadoop.hdds.scm.ha.MockSCMHAManager$MockRatisServer@667655d9, cost 10195.449us
recon_1     | 2021-10-25 12:24:20,685 [EventQueue-PipelineReportForReconPipelineReportHandler] INFO scm.ReconPipelineReportHandler: Unknown pipeline PipelineID=be0a9d77-787e-43f5-83fa-b6544d881b52. Trying to get from SCM.
recon_1     | 2021-10-25 12:24:20,698 [EventQueue-PipelineReportForReconPipelineReportHandler] INFO scm.ReconPipelineReportHandler: Adding new pipeline Pipeline[ Id: be0a9d77-787e-43f5-83fa-b6544d881b52, Nodes: 4a5fbc1e-fa65-4644-9e0b-b54075597161{ip: 172.18.0.9, host: ozonesecure_datanode_1.ozonesecure_default, ports: [REPLICATION=9886, RATIS=9858, RATIS_ADMIN=9857, RATIS_SERVER=9856, STANDALONE=9859], networkLocation: /default-rack, certSerialId: null, persistedOpState: IN_SERVICE, persistedOpStateExpiryEpochSec: 0}0ba8f1ea-b911-4fb7-8325-1a9580c84cee{ip: 172.18.0.6, host: ozonesecure_datanode_2.ozonesecure_default, ports: [REPLICATION=9886, RATIS=9858, RATIS_ADMIN=9857, RATIS_SERVER=9856, STANDALONE=9859], networkLocation: /default-rack, certSerialId: null, persistedOpState: IN_SERVICE, persistedOpStateExpiryEpochSec: 0}e9d82cab-05ce-4d78-8653-c1a5df6d1fad{ip: 172.18.0.5, host: ozonesecure_datanode_3.ozonesecure_default, ports: [REPLICATION=9886, RATIS=9858, RATIS_ADMIN=9857, RATIS_SERVER=9856, STANDALONE=9859], networkLocation: /default-rack, certSerialId: null, persistedOpState: IN_SERVICE, persistedOpStateExpiryEpochSec: 0}, ReplicationConfig: RATIS/THREE, State:ALLOCATED, leaderId:, CreationTimestamp2021-10-25T12:24:18.253Z[UTC]] to Recon pipeline metadata.
recon_1     | 2021-10-25 12:24:20,707 [EventQueue-PipelineReportForReconPipelineReportHandler] INFO pipeline.PipelineStateManagerImpl: Created pipeline Pipeline[ Id: be0a9d77-787e-43f5-83fa-b6544d881b52, Nodes: 4a5fbc1e-fa65-4644-9e0b-b54075597161{ip: 172.18.0.9, host: ozonesecure_datanode_1.ozonesecure_default, ports: [REPLICATION=9886, RATIS=9858, RATIS_ADMIN=9857, RATIS_SERVER=9856, STANDALONE=9859], networkLocation: /default-rack, certSerialId: null, persistedOpState: IN_SERVICE, persistedOpStateExpiryEpochSec: 0}0ba8f1ea-b911-4fb7-8325-1a9580c84cee{ip: 172.18.0.6, host: ozonesecure_datanode_2.ozonesecure_default, ports: [REPLICATION=9886, RATIS=9858, RATIS_ADMIN=9857, RATIS_SERVER=9856, STANDALONE=9859], networkLocation: /default-rack, certSerialId: null, persistedOpState: IN_SERVICE, persistedOpStateExpiryEpochSec: 0}e9d82cab-05ce-4d78-8653-c1a5df6d1fad{ip: 172.18.0.5, host: ozonesecure_datanode_3.ozonesecure_default, ports: [REPLICATION=9886, RATIS=9858, RATIS_ADMIN=9857, RATIS_SERVER=9856, STANDALONE=9859], networkLocation: /default-rack, certSerialId: null, persistedOpState: IN_SERVICE, persistedOpStateExpiryEpochSec: 0}, ReplicationConfig: RATIS/THREE, State:ALLOCATED, leaderId:, CreationTimestamp2021-10-25T12:24:18.253Z[UTC]].
recon_1     | 2021-10-25 12:24:20,710 [EventQueue-PipelineReportForReconPipelineReportHandler] INFO ha.SCMHAInvocationHandler: Invoking method public abstract void org.apache.hadoop.hdds.scm.pipeline.PipelineStateManager.addPipeline(org.apache.hadoop.hdds.protocol.proto.HddsProtos$Pipeline) throws java.io.IOException on target org.apache.hadoop.hdds.scm.ha.MockSCMHAManager$MockRatisServer@667655d9, cost 11088.846us
recon_1     | 2021-10-25 12:24:20,711 [EventQueue-PipelineReportForReconPipelineReportHandler] INFO scm.ReconPipelineReportHandler: Pipeline RATIS/THREE PipelineID=be0a9d77-787e-43f5-83fa-b6544d881b52 reported by 0ba8f1ea-b911-4fb7-8325-1a9580c84cee{ip: 172.18.0.6, host: ozonesecure_datanode_2.ozonesecure_default, ports: [REPLICATION=9886, RATIS=9858, RATIS_ADMIN=9857, RATIS_SERVER=9856, STANDALONE=9859], networkLocation: /default-rack, certSerialId: 332194249700, persistedOpState: null, persistedOpStateExpiryEpochSec: 0}
recon_1     | 2021-10-25 12:24:20,982 [EventQueue-PipelineReportForReconPipelineReportHandler] INFO scm.ReconPipelineReportHandler: Pipeline RATIS/THREE PipelineID=be0a9d77-787e-43f5-83fa-b6544d881b52 reported by 4a5fbc1e-fa65-4644-9e0b-b54075597161{ip: 172.18.0.9, host: ozonesecure_datanode_1.ozonesecure_default, ports: [REPLICATION=9886, RATIS=9858, RATIS_ADMIN=9857, RATIS_SERVER=9856, STANDALONE=9859], networkLocation: /default-rack, certSerialId: 332821201866, persistedOpState: null, persistedOpStateExpiryEpochSec: 0}
recon_1     | 2021-10-25 12:24:25,755 [EventQueue-PipelineReportForReconPipelineReportHandler] INFO scm.ReconPipelineReportHandler: Pipeline RATIS/THREE PipelineID=be0a9d77-787e-43f5-83fa-b6544d881b52 reported by 0ba8f1ea-b911-4fb7-8325-1a9580c84cee{ip: 172.18.0.6, host: ozonesecure_datanode_2.ozonesecure_default, ports: [REPLICATION=9886, RATIS=9858, RATIS_ADMIN=9857, RATIS_SERVER=9856, STANDALONE=9859], networkLocation: /default-rack, certSerialId: 332194249700, persistedOpState: null, persistedOpStateExpiryEpochSec: 0}
recon_1     | 2021-10-25 12:24:26,054 [EventQueue-PipelineReportForReconPipelineReportHandler] INFO scm.ReconPipelineReportHandler: Pipeline RATIS/THREE PipelineID=be0a9d77-787e-43f5-83fa-b6544d881b52 reported by 4a5fbc1e-fa65-4644-9e0b-b54075597161{ip: 172.18.0.9, host: ozonesecure_datanode_1.ozonesecure_default, ports: [REPLICATION=9886, RATIS=9858, RATIS_ADMIN=9857, RATIS_SERVER=9856, STANDALONE=9859], networkLocation: /default-rack, certSerialId: 332821201866, persistedOpState: null, persistedOpStateExpiryEpochSec: 0}
recon_1     | 2021-10-25 12:24:29,844 [pool-18-thread-1] INFO retry.RetryInvocationHandler: com.google.protobuf.ServiceException: org.apache.hadoop.ipc.RemoteException(org.apache.hadoop.ozone.om.exceptions.OMNotLeaderException): OM:om1 is not the leader. Could not determine the leader node.
recon_1     | 	at org.apache.hadoop.ozone.protocolPB.OzoneManagerProtocolServerSideTranslatorPB.createNotLeaderException(OzoneManagerProtocolServerSideTranslatorPB.java:187)
recon_1     | 	at org.apache.hadoop.ozone.protocolPB.OzoneManagerProtocolServerSideTranslatorPB.createLeaderErrorException(OzoneManagerProtocolServerSideTranslatorPB.java:174)
recon_1     | 	at org.apache.hadoop.ozone.protocolPB.OzoneManagerProtocolServerSideTranslatorPB.submitReadRequestToOM(OzoneManagerProtocolServerSideTranslatorPB.java:167)
recon_1     | 	at org.apache.hadoop.ozone.protocolPB.OzoneManagerProtocolServerSideTranslatorPB.processRequest(OzoneManagerProtocolServerSideTranslatorPB.java:133)
recon_1     | 	at org.apache.hadoop.hdds.server.OzoneProtocolMessageDispatcher.processRequest(OzoneProtocolMessageDispatcher.java:87)
recon_1     | 	at org.apache.hadoop.ozone.protocolPB.OzoneManagerProtocolServerSideTranslatorPB.submitRequest(OzoneManagerProtocolServerSideTranslatorPB.java:123)
recon_1     | 	at org.apache.hadoop.ozone.protocol.proto.OzoneManagerProtocolProtos$OzoneManagerService$2.callBlockingMethod(OzoneManagerProtocolProtos.java)
recon_1     | 	at org.apache.hadoop.ipc.ProtobufRpcEngine$Server.processCall(ProtobufRpcEngine.java:466)
recon_1     | 	at org.apache.hadoop.ipc.ProtobufRpcEngine2$Server$ProtoBufRpcInvoker.call(ProtobufRpcEngine2.java:574)
recon_1     | 	at org.apache.hadoop.ipc.ProtobufRpcEngine2$Server$ProtoBufRpcInvoker.call(ProtobufRpcEngine2.java:552)
recon_1     | 	at org.apache.hadoop.ipc.RPC$Server.call(RPC.java:1093)
datanode_1  | 2021-10-25 12:24:38,242 [4a5fbc1e-fa65-4644-9e0b-b54075597161@group-B6544D881B52-FollowerState] INFO impl.RoleInfo: 4a5fbc1e-fa65-4644-9e0b-b54075597161: start 4a5fbc1e-fa65-4644-9e0b-b54075597161@group-B6544D881B52-LeaderElection4
om_1        | 2021-10-25 12:24:26,454 [Listener at om/9862] INFO om.OzoneManager: Starting OM delegation token secret manager
om_1        | 2021-10-25 12:24:26,455 [Listener at om/9862] INFO security.OzoneDelegationTokenSecretManager: Updating the current master key for generating tokens
datanode_2  | 2021-10-25 12:24:38,282 [0ba8f1ea-b911-4fb7-8325-1a9580c84cee@group-B6544D881B52-LeaderElection3] INFO impl.RoleInfo: 0ba8f1ea-b911-4fb7-8325-1a9580c84cee: shutdown 0ba8f1ea-b911-4fb7-8325-1a9580c84cee@group-B6544D881B52-LeaderElection3
datanode_2  | 2021-10-25 12:24:38,282 [0ba8f1ea-b911-4fb7-8325-1a9580c84cee@group-B6544D881B52-LeaderElection3] INFO server.RaftServer$Division: 0ba8f1ea-b911-4fb7-8325-1a9580c84cee@group-B6544D881B52: changes role from CANDIDATE to LEADER at term 3 for changeToLeader
datanode_2  | 2021-10-25 12:24:38,283 [0ba8f1ea-b911-4fb7-8325-1a9580c84cee@group-B6544D881B52-LeaderElection3] INFO ratis.XceiverServerRatis: Leader change notification received for group: group-B6544D881B52 with new leaderId: 0ba8f1ea-b911-4fb7-8325-1a9580c84cee
datanode_1  | 2021-10-25 12:24:38,248 [grpc-default-executor-0] INFO impl.VoteContext: 4a5fbc1e-fa65-4644-9e0b-b54075597161@group-B6544D881B52-CANDIDATE: accept ELECTION from 0ba8f1ea-b911-4fb7-8325-1a9580c84cee: our priority 0 <= candidate's priority 1
recon_1     | 	at org.apache.hadoop.ipc.Server$RpcCall.run(Server.java:1035)
om_1        | 2021-10-25 12:24:26,460 [Thread[Thread-15,5,main]] INFO security.OzoneDelegationTokenSecretManager: Starting expired delegation token remover thread, tokenRemoverScanInterval=60 min(s)
om_1        | 2021-10-25 12:24:26,472 [Listener at om/9862] INFO om.OzoneManager: Version File has different layout version (0) than OM DB (null). That is expected if this OM has never been finalized to a newer layout version.
om_1        | 2021-10-25 12:24:26,718 [Listener at om/9862] INFO http.BaseHttpServer: Starting Web-server for ozoneManager at: http://0.0.0.0:9874
om_1        | 2021-10-25 12:24:26,718 [Listener at om/9862] INFO http.BaseHttpServer: Hadoop Security Enabled: true Ozone Security Enabled: true Ozone HTTP Security Enabled: true 
om_1        | 2021-10-25 12:24:26,718 [Listener at om/9862] INFO http.BaseHttpServer: HttpAuthType: ozone.om.http.auth.type = kerberos
om_1        | 2021-10-25 12:24:26,839 [Listener at om/9862] INFO util.log: Logging initialized @22410ms to org.eclipse.jetty.util.log.Slf4jLog
om_1        | 2021-10-25 12:24:27,321 [Listener at om/9862] INFO http.HttpRequestLog: Http request log for http.requests.ozoneManager is not defined
om_1        | 2021-10-25 12:24:27,390 [Listener at om/9862] INFO http.HttpServer2: Added global filter 'safety' (class=org.apache.hadoop.hdds.server.http.HttpServer2$QuotingInputFilter)
om_1        | 2021-10-25 12:24:27,404 [Listener at om/9862] INFO http.HttpServer2: Added filter authentication (class=org.apache.hadoop.security.authentication.server.AuthenticationFilter) to context ozoneManager
om_1        | 2021-10-25 12:24:27,409 [Listener at om/9862] INFO http.HttpServer2: Added filter authentication (class=org.apache.hadoop.security.authentication.server.AuthenticationFilter) to context static
om_1        | 2021-10-25 12:24:27,409 [Listener at om/9862] INFO http.HttpServer2: Added filter authentication (class=org.apache.hadoop.security.authentication.server.AuthenticationFilter) to context logs
om_1        | 2021-10-25 12:24:27,419 [Listener at om/9862] INFO http.HttpServer2: Initialize spnego with host: 0.0.0.0 userKey: ozone.om.http.auth.kerberos.principal keytabKey: ozone.om.http.auth.kerberos.keytab
om_1        | 2021-10-25 12:24:27,664 [Listener at om/9862] INFO http.HttpServer2: Jetty bound to port 9874
om_1        | 2021-10-25 12:24:27,675 [Listener at om/9862] INFO server.Server: jetty-9.4.43.v20210629; built: 2021-06-30T11:07:22.254Z; git: 526006ecfa3af7f1a27ef3a288e2bef7ea9dd7e8; jvm 11.0.10+9-LTS
om_1        | 2021-10-25 12:24:27,860 [Listener at om/9862] INFO server.session: DefaultSessionIdManager workerName=node0
om_1        | 2021-10-25 12:24:27,863 [Listener at om/9862] INFO server.session: No SessionScavenger set, using defaults
om_1        | 2021-10-25 12:24:27,865 [Listener at om/9862] INFO server.session: node0 Scavenging every 660000ms
om_1        | 2021-10-25 12:24:27,999 [Listener at om/9862] INFO server.KerberosAuthenticationHandler: Using keytab /etc/security/keytabs/om.keytab, for principal HTTP/om@EXAMPLE.COM
om_1        | 2021-10-25 12:24:28,012 [Listener at om/9862] INFO handler.ContextHandler: Started o.e.j.s.ServletContextHandler@4b5dd040{logs,/logs,file:///var/log/hadoop/,AVAILABLE}
om_1        | 2021-10-25 12:24:28,022 [Listener at om/9862] INFO handler.ContextHandler: Started o.e.j.s.ServletContextHandler@74ed11d7{static,/static,jar:file:/opt/hadoop/share/ozone/lib/ozone-manager-1.2.0-SNAPSHOT.jar!/webapps/static,AVAILABLE}
om_1        | 2021-10-25 12:24:28,423 [Listener at om/9862] INFO server.KerberosAuthenticationHandler: Using keytab /etc/security/keytabs/om.keytab, for principal HTTP/om@EXAMPLE.COM
om_1        | 2021-10-25 12:24:28,446 [Listener at om/9862] INFO handler.ContextHandler: Started o.e.j.w.WebAppContext@23f4aaeb{ozoneManager,/,file:///tmp/jetty-0_0_0_0-9874-ozone-manager-1_2_0-SNAPSHOT_jar-_-any-6317467370873283744/webapp/,AVAILABLE}{jar:file:/opt/hadoop/share/ozone/lib/ozone-manager-1.2.0-SNAPSHOT.jar!/webapps/ozoneManager}
om_1        | 2021-10-25 12:24:28,529 [Listener at om/9862] INFO server.AbstractConnector: Started ServerConnector@405a296e{HTTP/1.1, (http/1.1)}{0.0.0.0:9874}
om_1        | 2021-10-25 12:24:28,529 [Listener at om/9862] INFO server.Server: Started @24101ms
om_1        | 2021-10-25 12:24:28,535 [Listener at om/9862] INFO impl.MetricsSinkAdapter: Sink prometheus started
om_1        | 2021-10-25 12:24:28,538 [Listener at om/9862] INFO impl.MetricsSystemImpl: Registered sink prometheus
om_1        | 2021-10-25 12:24:28,542 [Listener at om/9862] INFO http.BaseHttpServer: HTTP server of ozoneManager listening at http://0.0.0.0:9874
om_1        | 2021-10-25 12:24:28,546 [IPC Server Responder] INFO ipc.Server: IPC Server Responder: starting
om_1        | 2021-10-25 12:24:28,551 [IPC Server listener on 9862] INFO ipc.Server: IPC Server listener on 9862: starting
om_1        | 2021-10-25 12:24:28,885 [Socket Reader #1 for port 9862] INFO ipc.Server: Auth successful for recon/recon@EXAMPLE.COM (auth:KERBEROS) from 172.18.0.10:34049
datanode_2  | 2021-10-25 12:24:38,283 [0ba8f1ea-b911-4fb7-8325-1a9580c84cee@group-B6544D881B52-LeaderElection3] INFO server.RaftServer$Division: 0ba8f1ea-b911-4fb7-8325-1a9580c84cee@group-B6544D881B52: change Leader from null to 0ba8f1ea-b911-4fb7-8325-1a9580c84cee at term 3 for becomeLeader, leader elected after 17625ms
datanode_3  | 2021-10-25 12:24:49,591 [pool-23-thread-1] INFO server.RaftServerConfigKeys: raft.server.snapshot.auto.trigger.enabled = true (custom)
datanode_3  | 2021-10-25 12:24:49,591 [pool-23-thread-1] INFO server.RaftServerConfigKeys: raft.server.snapshot.auto.trigger.threshold = 10000 (custom)
datanode_1  | 2021-10-25 12:24:38,248 [grpc-default-executor-0] INFO server.RaftServer$Division: 4a5fbc1e-fa65-4644-9e0b-b54075597161@group-B6544D881B52: changes role from CANDIDATE to FOLLOWER at term 3 for candidate:0ba8f1ea-b911-4fb7-8325-1a9580c84cee
datanode_1  | 2021-10-25 12:24:38,248 [grpc-default-executor-0] INFO impl.RoleInfo: 4a5fbc1e-fa65-4644-9e0b-b54075597161: shutdown 4a5fbc1e-fa65-4644-9e0b-b54075597161@group-B6544D881B52-LeaderElection4
datanode_1  | 2021-10-25 12:24:38,249 [grpc-default-executor-0] INFO impl.RoleInfo: 4a5fbc1e-fa65-4644-9e0b-b54075597161: start 4a5fbc1e-fa65-4644-9e0b-b54075597161@group-B6544D881B52-FollowerState
datanode_2  | 2021-10-25 12:24:38,283 [0ba8f1ea-b911-4fb7-8325-1a9580c84cee@group-B6544D881B52-LeaderElection3] INFO server.RaftServerConfigKeys: raft.server.staging.catchup.gap = 1000 (default)
om_1        | 2021-10-25 12:24:28,913 [Listener at om/9862] INFO om.TrashPolicyOzone: The configured checkpoint interval is 0 minutes. Using an interval of 1 minutes that is used for deletion instead
datanode_3  | 2021-10-25 12:24:49,591 [pool-23-thread-1] INFO server.RaftServerConfigKeys: raft.server.snapshot.retention.file.num = 5 (custom)
datanode_3  | 2021-10-25 12:24:49,591 [pool-23-thread-1] INFO server.RaftServerConfigKeys: raft.server.log.purge.upto.snapshot.index = false (default)
datanode_3  | 2021-10-25 12:24:49,592 [pool-23-thread-1] INFO server.RaftServerConfigKeys: raft.server.retrycache.expirytime = 600000ms (custom)
datanode_3  | 2021-10-25 12:24:49,597 [pool-23-thread-1] INFO server.RaftServerConfigKeys: raft.server.retrycache.statistics.expirytime = 100?s (default)
datanode_3  | 2021-10-25 12:24:49,626 [pool-23-thread-1] INFO server.RaftServer$Division: e9d82cab-05ce-4d78-8653-c1a5df6d1fad@group-B6544D881B52: start as a follower, conf=-1: [4a5fbc1e-fa65-4644-9e0b-b54075597161|rpc:172.18.0.9:9856|admin:172.18.0.9:9857|client:172.18.0.9:9858|priority:0, e9d82cab-05ce-4d78-8653-c1a5df6d1fad|rpc:172.18.0.5:9856|admin:172.18.0.5:9857|client:172.18.0.5:9858|priority:0, 0ba8f1ea-b911-4fb7-8325-1a9580c84cee|rpc:172.18.0.6:9856|admin:172.18.0.6:9857|client:172.18.0.6:9858|priority:1], old=null
datanode_3  | 2021-10-25 12:24:49,626 [pool-23-thread-1] INFO server.RaftServer$Division: e9d82cab-05ce-4d78-8653-c1a5df6d1fad@group-B6544D881B52: changes role from      null to FOLLOWER at term 0 for startAsFollower
datanode_3  | 2021-10-25 12:24:49,626 [pool-23-thread-1] INFO impl.RoleInfo: e9d82cab-05ce-4d78-8653-c1a5df6d1fad: start e9d82cab-05ce-4d78-8653-c1a5df6d1fad@group-B6544D881B52-FollowerState
datanode_3  | 2021-10-25 12:24:49,633 [pool-23-thread-1] INFO util.JmxRegister: Successfully registered JMX Bean with object name Ratis:service=RaftServer,group=group-B6544D881B52,id=e9d82cab-05ce-4d78-8653-c1a5df6d1fad
datanode_3  | 2021-10-25 12:24:49,636 [Command processor thread] INFO ratis.XceiverServerRatis: Created group PipelineID=be0a9d77-787e-43f5-83fa-b6544d881b52
datanode_3  | 2021-10-25 12:24:50,223 [Command processor thread] WARN commandhandler.CreatePipelineCommandHandler: Add group failed for 4a5fbc1e-fa65-4644-9e0b-b54075597161{ip: 172.18.0.9, host: ozonesecure_datanode_1.ozonesecure_default, ports: [REPLICATION=9886, RATIS=9858, RATIS_ADMIN=9857, RATIS_SERVER=9856, STANDALONE=9859], networkLocation: /default-rack, certSerialId: null, persistedOpState: IN_SERVICE, persistedOpStateExpiryEpochSec: 0}
datanode_3  | java.io.IOException: org.apache.ratis.thirdparty.io.grpc.StatusRuntimeException: UNAVAILABLE: Network closed for unknown reason
datanode_3  | 	at org.apache.ratis.grpc.GrpcUtil.unwrapException(GrpcUtil.java:92)
datanode_2  | 2021-10-25 12:24:38,285 [0ba8f1ea-b911-4fb7-8325-1a9580c84cee@group-B6544D881B52-LeaderElection3] INFO server.RaftServerConfigKeys: raft.server.write.element-limit = 1024 (custom)
datanode_3  | 	at org.apache.ratis.grpc.client.GrpcClientProtocolClient.blockingCall(GrpcClientProtocolClient.java:218)
datanode_1  | 2021-10-25 12:24:38,267 [4a5fbc1e-fa65-4644-9e0b-b54075597161@group-B6544D881B52-LeaderElection4] INFO impl.LeaderElection: 4a5fbc1e-fa65-4644-9e0b-b54075597161@group-B6544D881B52-LeaderElection4: skip running since this is already CLOSING
datanode_1  | 2021-10-25 12:24:38,269 [grpc-default-executor-0] INFO server.RaftServer$Division: 4a5fbc1e-fa65-4644-9e0b-b54075597161@group-B6544D881B52 replies to ELECTION vote request: 0ba8f1ea-b911-4fb7-8325-1a9580c84cee<-4a5fbc1e-fa65-4644-9e0b-b54075597161#0:OK-t3. Peer's state: 4a5fbc1e-fa65-4644-9e0b-b54075597161@group-B6544D881B52:t3, leader=null, voted=0ba8f1ea-b911-4fb7-8325-1a9580c84cee, raftlog=4a5fbc1e-fa65-4644-9e0b-b54075597161@group-B6544D881B52-SegmentedRaftLog:OPENED:c-1, conf=-1: [4a5fbc1e-fa65-4644-9e0b-b54075597161|rpc:172.18.0.9:9856|admin:172.18.0.9:9857|client:172.18.0.9:9858|priority:0, e9d82cab-05ce-4d78-8653-c1a5df6d1fad|rpc:172.18.0.5:9856|admin:172.18.0.5:9857|client:172.18.0.5:9858|priority:0, 0ba8f1ea-b911-4fb7-8325-1a9580c84cee|rpc:172.18.0.6:9856|admin:172.18.0.6:9857|client:172.18.0.6:9858|priority:1], old=null
datanode_1  | 2021-10-25 12:24:38,530 [grpc-default-executor-0] INFO ratis.XceiverServerRatis: Leader change notification received for group: group-B6544D881B52 with new leaderId: 0ba8f1ea-b911-4fb7-8325-1a9580c84cee
datanode_1  | 2021-10-25 12:24:38,530 [grpc-default-executor-0] INFO server.RaftServer$Division: 4a5fbc1e-fa65-4644-9e0b-b54075597161@group-B6544D881B52: change Leader from null to 0ba8f1ea-b911-4fb7-8325-1a9580c84cee at term 3 for appendEntries, leader elected after 17620ms
datanode_1  | 2021-10-25 12:24:38,549 [grpc-default-executor-0] INFO server.RaftServer$Division: 4a5fbc1e-fa65-4644-9e0b-b54075597161@group-B6544D881B52: set configuration 0: [4a5fbc1e-fa65-4644-9e0b-b54075597161|rpc:172.18.0.9:9856|admin:172.18.0.9:9857|client:172.18.0.9:9858|dataStream:|priority:0, e9d82cab-05ce-4d78-8653-c1a5df6d1fad|rpc:172.18.0.5:9856|admin:172.18.0.5:9857|client:172.18.0.5:9858|dataStream:|priority:0, 0ba8f1ea-b911-4fb7-8325-1a9580c84cee|rpc:172.18.0.6:9856|admin:172.18.0.6:9857|client:172.18.0.6:9858|dataStream:|priority:1], old=null
datanode_2  | 2021-10-25 12:24:38,286 [0ba8f1ea-b911-4fb7-8325-1a9580c84cee@group-B6544D881B52-LeaderElection3] INFO server.RaftServerConfigKeys: raft.server.write.byte-limit = 1024 M (=1073741824) (custom)
om_1        | 2021-10-25 12:24:28,914 [Socket Reader #1 for port 9862] INFO authorize.ServiceAuthorizationManager: Authorization successful for recon/recon@EXAMPLE.COM (auth:KERBEROS) for protocol=interface org.apache.hadoop.ozone.om.protocol.OzoneManagerProtocol
om_1        | 2021-10-25 12:24:28,938 [Listener at om/9862] INFO om.TrashPolicyOzone: Ozone Manager trash configuration: Deletion interval = 1 minutes, Emptier interval = 1 minutes.
scm_1       | 2021-10-25 12:23:51,951 [Socket Reader #1 for port 9860] INFO ipc.Server: Auth successful for HTTP/scm@EXAMPLE.COM (auth:KERBEROS) from 172.18.0.7:43605
datanode_1  | 2021-10-25 12:24:38,555 [grpc-default-executor-0] INFO segmented.SegmentedRaftLogWorker: 4a5fbc1e-fa65-4644-9e0b-b54075597161@group-B6544D881B52-SegmentedRaftLogWorker: Starting segment from index:0
datanode_1  | 2021-10-25 12:24:38,557 [4a5fbc1e-fa65-4644-9e0b-b54075597161@group-B6544D881B52-SegmentedRaftLogWorker] INFO segmented.SegmentedRaftLogWorker: 4a5fbc1e-fa65-4644-9e0b-b54075597161@group-B6544D881B52-SegmentedRaftLogWorker: created new log segment /data/metadata/ratis/be0a9d77-787e-43f5-83fa-b6544d881b52/current/log_inprogress_0
datanode_1  | 2021-10-25 12:25:15,045 [ChunkWriter-1-0] INFO client.DNCertificateClient: Getting certificate with certSerialId:342358778386.
datanode_2  | 2021-10-25 12:24:38,286 [0ba8f1ea-b911-4fb7-8325-1a9580c84cee@group-B6544D881B52-LeaderElection3] INFO server.RaftServerConfigKeys: raft.server.watch.timeout = 180s (custom)
datanode_2  | 2021-10-25 12:24:38,288 [0ba8f1ea-b911-4fb7-8325-1a9580c84cee@group-B6544D881B52-LeaderElection3] INFO server.RaftServerConfigKeys: raft.server.watch.timeout.denomination = 1s (default)
om_1        | 2021-10-25 12:24:28,968 [org.apache.hadoop.util.JvmPauseMonitor$Monitor@3f31ccef] INFO util.JvmPauseMonitor: Starting JVM pause monitor
datanode_2  | 2021-10-25 12:24:38,288 [0ba8f1ea-b911-4fb7-8325-1a9580c84cee@group-B6544D881B52-LeaderElection3] INFO server.RaftServerConfigKeys: raft.server.watch.element-limit = 65536 (default)
datanode_2  | 2021-10-25 12:24:38,288 [0ba8f1ea-b911-4fb7-8325-1a9580c84cee@group-B6544D881B52-LeaderElection3] INFO server.RaftServerConfigKeys: raft.server.write.element-limit = 1024 (custom)
datanode_2  | 2021-10-25 12:24:38,288 [0ba8f1ea-b911-4fb7-8325-1a9580c84cee@group-B6544D881B52-LeaderElection3] INFO server.RaftServerConfigKeys: raft.server.write.follower.gap.ratio.max = -1.0 (default)
datanode_2  | 2021-10-25 12:24:38,310 [0ba8f1ea-b911-4fb7-8325-1a9580c84cee@group-B6544D881B52-LeaderElection3] INFO server.RaftServerConfigKeys: raft.server.log.appender.snapshot.chunk.size.max = 16MB (=16777216) (default)
om_1        | 2021-10-25 12:24:31,055 [om1@group-C5BA1605619E-FollowerState] INFO impl.FollowerState: om1@group-C5BA1605619E-FollowerState: change to CANDIDATE, lastRpcElapsedTime:5126535116ns, electionTimeout:5081ms
om_1        | 2021-10-25 12:24:31,056 [om1@group-C5BA1605619E-FollowerState] INFO impl.RoleInfo: om1: shutdown om1@group-C5BA1605619E-FollowerState
om_1        | 2021-10-25 12:24:31,057 [om1@group-C5BA1605619E-FollowerState] INFO server.RaftServer$Division: om1@group-C5BA1605619E: changes role from  FOLLOWER to CANDIDATE at term 0 for changeToCandidate
om_1        | 2021-10-25 12:24:31,061 [om1@group-C5BA1605619E-FollowerState] INFO server.RaftServerConfigKeys: raft.server.leaderelection.pre-vote = false (custom)
om_1        | 2021-10-25 12:24:31,061 [om1@group-C5BA1605619E-FollowerState] INFO impl.RoleInfo: om1: start om1@group-C5BA1605619E-LeaderElection1
om_1        | 2021-10-25 12:24:31,071 [om1@group-C5BA1605619E-LeaderElection1] INFO impl.LeaderElection: om1@group-C5BA1605619E-LeaderElection1 ELECTION round 0: submit vote requests at term 1 for -1: [om1|rpc:om:9872|priority:0], old=null
om_1        | 2021-10-25 12:24:31,085 [om1@group-C5BA1605619E-LeaderElection1] INFO impl.LeaderElection: om1@group-C5BA1605619E-LeaderElection1 ELECTION round 0: result PASSED (term=1)
om_1        | 2021-10-25 12:24:31,086 [om1@group-C5BA1605619E-LeaderElection1] INFO impl.RoleInfo: om1: shutdown om1@group-C5BA1605619E-LeaderElection1
recon_1     | 	at org.apache.hadoop.ipc.Server$RpcCall.run(Server.java:963)
recon_1     | 	at java.base/java.security.AccessController.doPrivileged(Native Method)
om_1        | 2021-10-25 12:24:31,087 [om1@group-C5BA1605619E-LeaderElection1] INFO server.RaftServer$Division: om1@group-C5BA1605619E: changes role from CANDIDATE to LEADER at term 1 for changeToLeader
datanode_3  | 	at org.apache.ratis.grpc.client.GrpcClientProtocolClient.groupAdd(GrpcClientProtocolClient.java:179)
datanode_3  | 	at org.apache.ratis.grpc.client.GrpcClientRpc.sendRequest(GrpcClientRpc.java:96)
recon_1     | 	at java.base/javax.security.auth.Subject.doAs(Subject.java:423)
scm_1       | 2021-10-25 12:23:52,043 [Socket Reader #1 for port 9860] INFO authorize.ServiceAuthorizationManager: Authorization successful for HTTP/scm@EXAMPLE.COM (auth:KERBEROS) for protocol=interface org.apache.hadoop.hdds.scm.protocol.StorageContainerLocationProtocol
scm_1       | 2021-10-25 12:23:52,250 [IPC Server handler 1 on default port 9961] INFO server.SCMSecurityProtocolServer: Processing CSR for dn 2f38be352c1f, UUID: 0ba8f1ea-b911-4fb7-8325-1a9580c84cee
datanode_3  | 	at org.apache.ratis.client.impl.BlockingImpl.sendRequest(BlockingImpl.java:130)
om_1        | 2021-10-25 12:24:31,091 [om1@group-C5BA1605619E-LeaderElection1] INFO server.RaftServer$Division: om1@group-C5BA1605619E: change Leader from null to om1 at term 1 for becomeLeader, leader elected after 5896ms
recon_1     | 	at org.apache.hadoop.security.UserGroupInformation.doAs(UserGroupInformation.java:1878)
datanode_2  | 2021-10-25 12:24:38,311 [0ba8f1ea-b911-4fb7-8325-1a9580c84cee@group-B6544D881B52-LeaderElection3] INFO server.RaftServerConfigKeys: raft.server.log.appender.buffer.byte-limit = 33554432 (custom)
datanode_2  | 2021-10-25 12:24:38,311 [0ba8f1ea-b911-4fb7-8325-1a9580c84cee@group-B6544D881B52-LeaderElection3] INFO server.RaftServerConfigKeys: raft.server.log.appender.buffer.element-limit = 1 (custom)
datanode_2  | 2021-10-25 12:24:38,323 [0ba8f1ea-b911-4fb7-8325-1a9580c84cee@group-B6544D881B52-LeaderElection3] INFO grpc.GrpcConfigKeys: raft.grpc.server.leader.outstanding.appends.max = 128 (default)
datanode_3  | 	at org.apache.ratis.client.impl.GroupManagementImpl.add(GroupManagementImpl.java:51)
om_1        | 2021-10-25 12:24:31,110 [om1@group-C5BA1605619E-LeaderElection1] INFO server.RaftServerConfigKeys: raft.server.staging.catchup.gap = 1000 (default)
recon_1     | 	at org.apache.hadoop.ipc.Server$Handler.run(Server.java:2966)
scm_1       | 2021-10-25 12:23:52,245 [IPC Server handler 0 on default port 9961] INFO server.SCMSecurityProtocolServer: Processing CSR for dn edcf6ef26dee, UUID: e9d82cab-05ce-4d78-8653-c1a5df6d1fad
scm_1       | 2021-10-25 12:23:53,039 [org.apache.hadoop.util.JvmPauseMonitor$Monitor@63f16350] INFO util.JvmPauseMonitor: Starting JVM pause monitor
datanode_3  | 	at org.apache.hadoop.ozone.container.common.statemachine.commandhandler.CreatePipelineCommandHandler.lambda$handle$1(CreatePipelineCommandHandler.java:99)
recon_1     | , while invoking $Proxy43.submitRequest over nodeId=null,nodeAddress=om:9862 after 4 failover attempts. Trying to failover after sleeping for 10000ms.
recon_1     | 2021-10-25 12:24:38,381 [Socket Reader #1 for port 9891] INFO ipc.Server: Auth successful for dn/dn@EXAMPLE.COM (auth:KERBEROS) from 172.18.0.6:44550
recon_1     | 2021-10-25 12:24:38,454 [Socket Reader #1 for port 9891] INFO authorize.ServiceAuthorizationManager: Authorization successful for dn/dn@EXAMPLE.COM (auth:KERBEROS) for protocol=interface org.apache.hadoop.ozone.protocol.ReconDatanodeProtocol
recon_1     | 2021-10-25 12:24:38,456 [EventQueue-PipelineReportForReconPipelineReportHandler] INFO scm.ReconPipelineReportHandler: Pipeline RATIS/THREE PipelineID=be0a9d77-787e-43f5-83fa-b6544d881b52 reported by 0ba8f1ea-b911-4fb7-8325-1a9580c84cee{ip: 172.18.0.6, host: ozonesecure_datanode_2.ozonesecure_default, ports: [REPLICATION=9886, RATIS=9858, RATIS_ADMIN=9857, RATIS_SERVER=9856, STANDALONE=9859], networkLocation: /default-rack, certSerialId: 332194249700, persistedOpState: null, persistedOpStateExpiryEpochSec: 0}
recon_1     | 2021-10-25 12:24:40,817 [pool-18-thread-1] INFO impl.OzoneManagerServiceProviderImpl: Got new checkpoint from OM : /data/metadata/om.snapshot.db_1635164647298
datanode_3  | 	at java.base/java.util.stream.ForEachOps$ForEachOp$OfRef.accept(ForEachOps.java:183)
datanode_3  | 	at java.base/java.util.stream.ReferencePipeline$2$1.accept(ReferencePipeline.java:177)
datanode_3  | 	at java.base/java.util.ArrayList$ArrayListSpliterator.forEachRemaining(ArrayList.java:1655)
recon_1     | 2021-10-25 12:24:40,821 [pool-18-thread-1] INFO codec.OmKeyInfoCodec: OmKeyInfoCodec ignorePipeline = true
recon_1     | 2021-10-25 12:24:40,827 [pool-18-thread-1] INFO codec.RepeatedOmKeyInfoCodec: RepeatedOmKeyInfoCodec ignorePipeline = true
recon_1     | 2021-10-25 12:24:40,914 [pool-18-thread-1] INFO recovery.ReconOmMetadataManagerImpl: Created OM DB handle from snapshot at /data/metadata/om.snapshot.db_1635164647298.
recon_1     | 2021-10-25 12:24:40,932 [pool-18-thread-1] INFO impl.OzoneManagerServiceProviderImpl: Calling reprocess on Recon tasks.
recon_1     | 2021-10-25 12:24:40,934 [pool-19-thread-1] INFO tasks.NSSummaryTask: Completed a reprocess run of NSSummaryTask
recon_1     | 2021-10-25 12:24:41,070 [pool-19-thread-1] INFO tasks.TableCountTask: Completed a 'reprocess' run of TableCountTask.
recon_1     | 2021-10-25 12:24:41,070 [pool-19-thread-1] INFO tasks.ContainerKeyMapperTask: Starting a 'reprocess' run of ContainerKeyMapperTask.
recon_1     | 2021-10-25 12:24:41,227 [pool-19-thread-1] INFO tasks.ContainerKeyMapperTask: Completed 'reprocess' of ContainerKeyMapperTask.
recon_1     | 2021-10-25 12:24:41,227 [pool-19-thread-1] INFO tasks.ContainerKeyMapperTask: It took me 0.156 seconds to process 0 keys.
recon_1     | 2021-10-25 12:24:41,245 [pool-19-thread-1] INFO tasks.FileSizeCountTask: Deleted 0 records from "FILE_COUNT_BY_SIZE"
om_1        | 2021-10-25 12:24:31,119 [om1@group-C5BA1605619E-LeaderElection1] INFO server.RaftServerConfigKeys: raft.server.write.element-limit = 4096 (default)
recon_1     | 2021-10-25 12:24:41,246 [pool-19-thread-1] INFO tasks.FileSizeCountTask: Completed a 'reprocess' run of FileSizeCountTask.
datanode_3  | 	at java.base/java.util.stream.AbstractPipeline.copyInto(AbstractPipeline.java:484)
datanode_3  | 	at java.base/java.util.stream.AbstractPipeline.wrapAndCopyInto(AbstractPipeline.java:474)
datanode_3  | 	at java.base/java.util.stream.ForEachOps$ForEachOp.evaluateSequential(ForEachOps.java:150)
datanode_3  | 	at java.base/java.util.stream.ForEachOps$ForEachOp$OfRef.evaluateSequential(ForEachOps.java:173)
datanode_3  | 	at java.base/java.util.stream.AbstractPipeline.evaluate(AbstractPipeline.java:234)
datanode_3  | 	at java.base/java.util.stream.ReferencePipeline.forEach(ReferencePipeline.java:497)
om_1        | 2021-10-25 12:24:31,120 [om1@group-C5BA1605619E-LeaderElection1] INFO server.RaftServerConfigKeys: raft.server.write.byte-limit = 64MB (=67108864) (default)
datanode_3  | 	at org.apache.hadoop.ozone.container.common.statemachine.commandhandler.CreatePipelineCommandHandler.handle(CreatePipelineCommandHandler.java:95)
datanode_3  | 	at org.apache.hadoop.ozone.container.common.statemachine.commandhandler.CommandDispatcher.handle(CommandDispatcher.java:99)
datanode_2  | 2021-10-25 12:24:38,324 [0ba8f1ea-b911-4fb7-8325-1a9580c84cee@group-B6544D881B52-LeaderElection3] INFO server.RaftServerConfigKeys: raft.server.rpc.request.timeout = 60s (custom)
om_1        | 2021-10-25 12:24:31,126 [om1@group-C5BA1605619E-LeaderElection1] INFO server.RaftServerConfigKeys: raft.server.watch.timeout = 10s (default)
scm_1       | 2021-10-25 12:23:53,143 [Listener at 0.0.0.0/9860] INFO http.BaseHttpServer: Starting Web-server for scm at: http://0.0.0.0:9876
scm_1       | 2021-10-25 12:23:53,143 [ReplicationMonitor] INFO container.ReplicationManager: Replication Monitor Thread took 0 milliseconds for processing 0 containers.
scm_1       | 2021-10-25 12:23:53,143 [Listener at 0.0.0.0/9860] INFO http.BaseHttpServer: Hadoop Security Enabled: true Ozone Security Enabled: true Ozone HTTP Security Enabled: true 
datanode_3  | 	at org.apache.hadoop.ozone.container.common.statemachine.DatanodeStateMachine.lambda$initCommandHandlerThread$2(DatanodeStateMachine.java:567)
datanode_3  | 	at java.base/java.lang.Thread.run(Thread.java:834)
datanode_2  | 2021-10-25 12:24:38,324 [0ba8f1ea-b911-4fb7-8325-1a9580c84cee@group-B6544D881B52-LeaderElection3] INFO server.RaftServerConfigKeys: raft.server.log.appender.install.snapshot.enabled = false (custom)
datanode_2  | 2021-10-25 12:24:38,330 [0ba8f1ea-b911-4fb7-8325-1a9580c84cee@group-B6544D881B52-LeaderElection3] INFO server.RaftServerConfigKeys: raft.server.log.appender.snapshot.chunk.size.max = 16MB (=16777216) (default)
datanode_2  | 2021-10-25 12:24:38,330 [0ba8f1ea-b911-4fb7-8325-1a9580c84cee@group-B6544D881B52-LeaderElection3] INFO server.RaftServerConfigKeys: raft.server.log.appender.buffer.byte-limit = 33554432 (custom)
scm_1       | 2021-10-25 12:23:53,145 [Listener at 0.0.0.0/9860] INFO http.BaseHttpServer: HttpAuthType: hdds.scm.http.auth.type = kerberos
scm_1       | 2021-10-25 12:23:53,168 [IPC Server handler 1 on default port 9961] INFO server.SCMSecurityProtocolServer: Processing CSR for dn e486c916dd73, UUID: 4a5fbc1e-fa65-4644-9e0b-b54075597161
scm_1       | 2021-10-25 12:23:53,661 [Listener at 0.0.0.0/9860] INFO util.log: Logging initialized @12281ms to org.eclipse.jetty.util.log.Slf4jLog
datanode_3  | Caused by: org.apache.ratis.thirdparty.io.grpc.StatusRuntimeException: UNAVAILABLE: Network closed for unknown reason
datanode_3  | 	at org.apache.ratis.thirdparty.io.grpc.stub.ClientCalls.toStatusRuntimeException(ClientCalls.java:262)
datanode_3  | 	at org.apache.ratis.thirdparty.io.grpc.stub.ClientCalls.getUnchecked(ClientCalls.java:243)
datanode_3  | 	at org.apache.ratis.thirdparty.io.grpc.stub.ClientCalls.blockingUnaryCall(ClientCalls.java:156)
datanode_3  | 	at org.apache.ratis.proto.grpc.AdminProtocolServiceGrpc$AdminProtocolServiceBlockingStub.groupManagement(AdminProtocolServiceGrpc.java:413)
datanode_2  | 2021-10-25 12:24:38,330 [0ba8f1ea-b911-4fb7-8325-1a9580c84cee@group-B6544D881B52-LeaderElection3] INFO server.RaftServerConfigKeys: raft.server.log.appender.buffer.element-limit = 1 (custom)
datanode_2  | 2021-10-25 12:24:38,331 [0ba8f1ea-b911-4fb7-8325-1a9580c84cee@group-B6544D881B52-LeaderElection3] INFO grpc.GrpcConfigKeys: raft.grpc.server.leader.outstanding.appends.max = 128 (default)
datanode_2  | 2021-10-25 12:24:38,331 [0ba8f1ea-b911-4fb7-8325-1a9580c84cee@group-B6544D881B52-LeaderElection3] INFO server.RaftServerConfigKeys: raft.server.rpc.request.timeout = 60s (custom)
