kdc_1       | Oct 25 12:34:47 kdc krb5kdc[8](info): TGS_REQ (6 etypes {aes256-cts-hmac-sha1-96(18), aes128-cts-hmac-sha1-96(17), aes256-cts-hmac-sha384-192(20), aes128-cts-hmac-sha256-128(19), DEPRECATED:des3-cbc-sha1(16), DEPRECATED:arcfour-hmac(23)}) 172.18.0.7: ISSUE: authtime 1635164706, etypes {rep=aes256-cts-hmac-sha1-96(18), tkt=aes256-cts-hmac-sha1-96(18), ses=aes256-cts-hmac-sha1-96(18)}, testuser/scm@EXAMPLE.COM for om/om@EXAMPLE.COM
kdc_1       | Oct 25 12:34:54 kdc krb5kdc[8](info): TGS_REQ (6 etypes {aes256-cts-hmac-sha1-96(18), aes128-cts-hmac-sha1-96(17), aes256-cts-hmac-sha384-192(20), aes128-cts-hmac-sha256-128(19), DEPRECATED:des3-cbc-sha1(16), DEPRECATED:arcfour-hmac(23)}) 172.18.0.7: ISSUE: authtime 1635164706, etypes {rep=aes256-cts-hmac-sha1-96(18), tkt=aes256-cts-hmac-sha1-96(18), ses=aes256-cts-hmac-sha1-96(18)}, testuser/scm@EXAMPLE.COM for om/om@EXAMPLE.COM
kdc_1       | Oct 25 12:35:03 kdc krb5kdc[8](info): TGS_REQ (6 etypes {aes256-cts-hmac-sha1-96(18), aes128-cts-hmac-sha1-96(17), aes256-cts-hmac-sha384-192(20), aes128-cts-hmac-sha256-128(19), DEPRECATED:des3-cbc-sha1(16), DEPRECATED:arcfour-hmac(23)}) 172.18.0.7: ISSUE: authtime 1635164706, etypes {rep=aes256-cts-hmac-sha1-96(18), tkt=aes256-cts-hmac-sha1-96(18), ses=aes256-cts-hmac-sha1-96(18)}, testuser/scm@EXAMPLE.COM for om/om@EXAMPLE.COM
kdc_1       | Oct 25 12:35:11 kdc krb5kdc[8](info): TGS_REQ (6 etypes {aes256-cts-hmac-sha1-96(18), aes128-cts-hmac-sha1-96(17), aes256-cts-hmac-sha384-192(20), aes128-cts-hmac-sha256-128(19), DEPRECATED:des3-cbc-sha1(16), DEPRECATED:arcfour-hmac(23)}) 172.18.0.7: ISSUE: authtime 1635164706, etypes {rep=aes256-cts-hmac-sha1-96(18), tkt=aes256-cts-hmac-sha1-96(18), ses=aes256-cts-hmac-sha1-96(18)}, testuser/scm@EXAMPLE.COM for om/om@EXAMPLE.COM
kdc_1       | Oct 25 12:35:12 kdc krb5kdc[8](info): AS_REQ (8 etypes {aes256-cts-hmac-sha1-96(18), aes128-cts-hmac-sha1-96(17), aes256-cts-hmac-sha384-192(20), aes128-cts-hmac-sha256-128(19), DEPRECATED:des3-cbc-sha1(16), DEPRECATED:arcfour-hmac(23), camellia128-cts-cmac(25), camellia256-cts-cmac(26)}) 172.18.0.7: ISSUE: authtime 1635165312, etypes {rep=aes256-cts-hmac-sha1-96(18), tkt=aes256-cts-hmac-sha1-96(18), ses=aes256-cts-hmac-sha1-96(18)}, testuser/scm@EXAMPLE.COM for krbtgt/EXAMPLE.COM@EXAMPLE.COM
kdc_1       | Oct 25 12:35:20 kdc krb5kdc[8](info): TGS_REQ (6 etypes {aes256-cts-hmac-sha1-96(18), aes128-cts-hmac-sha1-96(17), aes256-cts-hmac-sha384-192(20), aes128-cts-hmac-sha256-128(19), DEPRECATED:des3-cbc-sha1(16), DEPRECATED:arcfour-hmac(23)}) 172.18.0.7: ISSUE: authtime 1635165312, etypes {rep=aes256-cts-hmac-sha1-96(18), tkt=aes256-cts-hmac-sha1-96(18), ses=aes256-cts-hmac-sha1-96(18)}, testuser/scm@EXAMPLE.COM for om/om@EXAMPLE.COM
kdc_1       | Oct 25 12:35:27 kdc krb5kdc[8](info): TGS_REQ (6 etypes {aes256-cts-hmac-sha1-96(18), aes128-cts-hmac-sha1-96(17), aes256-cts-hmac-sha384-192(20), aes128-cts-hmac-sha256-128(19), DEPRECATED:des3-cbc-sha1(16), DEPRECATED:arcfour-hmac(23)}) 172.18.0.7: ISSUE: authtime 1635165312, etypes {rep=aes256-cts-hmac-sha1-96(18), tkt=aes256-cts-hmac-sha1-96(18), ses=aes256-cts-hmac-sha1-96(18)}, testuser/scm@EXAMPLE.COM for om/om@EXAMPLE.COM
kdc_1       | Oct 25 12:35:29 kdc krb5kdc[8](info): AS_REQ (8 etypes {aes256-cts-hmac-sha1-96(18), aes128-cts-hmac-sha1-96(17), aes256-cts-hmac-sha384-192(20), aes128-cts-hmac-sha256-128(19), DEPRECATED:des3-cbc-sha1(16), DEPRECATED:arcfour-hmac(23), camellia128-cts-cmac(25), camellia256-cts-cmac(26)}) 172.18.0.7: ISSUE: authtime 1635165329, etypes {rep=aes256-cts-hmac-sha1-96(18), tkt=aes256-cts-hmac-sha1-96(18), ses=aes256-cts-hmac-sha1-96(18)}, testuser/scm@EXAMPLE.COM for krbtgt/EXAMPLE.COM@EXAMPLE.COM
datanode_1  | 2021-10-25 12:24:16,060 [EndpointStateMachine task thread for scm/172.18.0.7:9861 - 0 ] INFO server.GrpcService: 4a5fbc1e-fa65-4644-9e0b-b54075597161: GrpcService started, listening on 9858
datanode_1  | 2021-10-25 12:24:16,082 [EndpointStateMachine task thread for scm/172.18.0.7:9861 - 0 ] INFO ratis.XceiverServerRatis: XceiverServerRatis 4a5fbc1e-fa65-4644-9e0b-b54075597161 is started using port 9858 for RATIS
datanode_1  | 2021-10-25 12:24:16,082 [EndpointStateMachine task thread for scm/172.18.0.7:9861 - 0 ] INFO ratis.XceiverServerRatis: XceiverServerRatis 4a5fbc1e-fa65-4644-9e0b-b54075597161 is started using port 9857 for RATIS_ADMIN
datanode_1  | 2021-10-25 12:24:16,082 [EndpointStateMachine task thread for scm/172.18.0.7:9861 - 0 ] INFO ratis.XceiverServerRatis: XceiverServerRatis 4a5fbc1e-fa65-4644-9e0b-b54075597161 is started using port 9856 for RATIS_SERVER
datanode_1  | 2021-10-25 12:24:16,107 [org.apache.ratis.util.JvmPauseMonitor$$Lambda$333/0x00000008405b1840@1b125634] INFO util.JvmPauseMonitor: JvmPauseMonitor-4a5fbc1e-fa65-4644-9e0b-b54075597161: Started
datanode_1  | 2021-10-25 12:24:19,669 [Command processor thread] INFO server.RaftServer: 4a5fbc1e-fa65-4644-9e0b-b54075597161: addNew group-DE88D956EA95:[4a5fbc1e-fa65-4644-9e0b-b54075597161|rpc:172.18.0.9:9856|admin:172.18.0.9:9857|client:172.18.0.9:9858|priority:1] returns group-DE88D956EA95:java.util.concurrent.CompletableFuture@3f2a8bda[Not completed]
datanode_1  | 2021-10-25 12:24:19,797 [pool-23-thread-1] INFO server.RaftServer$Division: 4a5fbc1e-fa65-4644-9e0b-b54075597161: new RaftServerImpl for group-DE88D956EA95:[4a5fbc1e-fa65-4644-9e0b-b54075597161|rpc:172.18.0.9:9856|admin:172.18.0.9:9857|client:172.18.0.9:9858|priority:1] with ContainerStateMachine:uninitialized
datanode_1  | 2021-10-25 12:24:19,802 [pool-23-thread-1] INFO server.RaftServerConfigKeys: raft.server.rpc.timeout.min = 5s (custom)
datanode_1  | 2021-10-25 12:24:19,812 [pool-23-thread-1] INFO server.RaftServerConfigKeys: raft.server.rpc.timeout.max = 5200ms (custom)
datanode_1  | 2021-10-25 12:24:19,812 [pool-23-thread-1] INFO server.RaftServerConfigKeys: raft.server.rpc.sleep.time = 25ms (default)
datanode_1  | 2021-10-25 12:24:19,813 [pool-23-thread-1] INFO server.RaftServerConfigKeys: raft.server.rpc.slowness.timeout = 300s (custom)
datanode_1  | 2021-10-25 12:24:19,814 [pool-23-thread-1] INFO server.RaftServerConfigKeys: raft.server.leaderelection.leader.step-down.wait-time = 10s (default)
datanode_1  | 2021-10-25 12:24:19,814 [pool-23-thread-1] INFO server.RaftServerConfigKeys: raft.server.sleep.deviation.threshold = 300ms (default)
datanode_1  | 2021-10-25 12:24:19,815 [pool-23-thread-1] INFO server.RaftServerConfigKeys: raft.server.log.appender.install.snapshot.enabled = false (custom)
datanode_1  | 2021-10-25 12:24:19,837 [pool-23-thread-1] INFO server.RaftServer$Division: 4a5fbc1e-fa65-4644-9e0b-b54075597161@group-DE88D956EA95: ConfigurationManager, init=-1: [4a5fbc1e-fa65-4644-9e0b-b54075597161|rpc:172.18.0.9:9856|admin:172.18.0.9:9857|client:172.18.0.9:9858|priority:1], old=null, confs=<EMPTY_MAP>
datanode_1  | 2021-10-25 12:24:19,842 [pool-23-thread-1] INFO server.RaftServerConfigKeys: raft.server.storage.dir = [/data/metadata/ratis] (custom)
datanode_1  | 2021-10-25 12:24:19,884 [pool-23-thread-1] INFO server.RaftServerConfigKeys: raft.server.log.corruption.policy = EXCEPTION (default)
datanode_1  | 2021-10-25 12:24:19,890 [pool-23-thread-1] INFO server.RaftServerConfigKeys: raft.server.storage.free-space.min = 0MB (=0) (default)
datanode_1  | 2021-10-25 12:24:19,895 [pool-23-thread-1] INFO storage.RaftStorageDirectory: The storage directory /data/metadata/ratis/dbcee5ad-d99c-461a-980b-de88d956ea95 does not exist. Creating ...
datanode_1  | 2021-10-25 12:24:19,929 [pool-23-thread-1] INFO storage.RaftStorageDirectory: Lock on /data/metadata/ratis/dbcee5ad-d99c-461a-980b-de88d956ea95/in_use.lock acquired by nodename 6@e486c916dd73
datanode_1  | 2021-10-25 12:24:19,963 [pool-23-thread-1] INFO storage.RaftStorage: Storage directory /data/metadata/ratis/dbcee5ad-d99c-461a-980b-de88d956ea95 has been successfully formatted.
datanode_1  | 2021-10-25 12:24:20,001 [pool-23-thread-1] INFO ratis.ContainerStateMachine: group-DE88D956EA95: The snapshot info is null. Setting the last applied indexto:(t:0, i:~)
datanode_1  | 2021-10-25 12:24:20,084 [pool-23-thread-1] INFO server.RaftServerConfigKeys: raft.server.notification.no-leader.timeout = 300s (custom)
datanode_1  | 2021-10-25 12:24:20,112 [pool-23-thread-1] INFO server.RaftServerConfigKeys: raft.server.log.use.memory = false (default)
datanode_1  | 2021-10-25 12:24:20,217 [pool-23-thread-1] INFO server.RaftServerConfigKeys: raft.server.log.purge.gap = 1000000 (custom)
datanode_1  | 2021-10-25 12:24:20,243 [pool-23-thread-1] INFO server.RaftServerConfigKeys: raft.server.log.appender.buffer.byte-limit = 33554432 (custom)
datanode_1  | 2021-10-25 12:24:20,318 [pool-23-thread-1] INFO server.RaftServerConfigKeys: raft.server.log.segment.size.max = 1048576 (custom)
datanode_1  | 2021-10-25 12:24:20,369 [pool-23-thread-1] INFO server.RaftServerConfigKeys: raft.server.log.segment.cache.num.max = 2 (custom)
datanode_1  | 2021-10-25 12:24:20,375 [pool-23-thread-1] INFO server.RaftServerConfigKeys: raft.server.log.segment.cache.size.max = 200MB (=209715200) (default)
datanode_1  | 2021-10-25 12:24:20,397 [pool-23-thread-1] INFO segmented.SegmentedRaftLogWorker: new 4a5fbc1e-fa65-4644-9e0b-b54075597161@group-DE88D956EA95-SegmentedRaftLogWorker for RaftStorageImpl:Storage Directory /data/metadata/ratis/dbcee5ad-d99c-461a-980b-de88d956ea95
datanode_1  | 2021-10-25 12:24:20,401 [pool-23-thread-1] INFO server.RaftServerConfigKeys: raft.server.log.queue.byte-limit = 2147483647 (custom)
datanode_1  | 2021-10-25 12:24:20,414 [pool-23-thread-1] INFO server.RaftServerConfigKeys: raft.server.log.queue.element-limit = 1024 (custom)
datanode_1  | 2021-10-25 12:24:20,418 [pool-23-thread-1] INFO server.RaftServerConfigKeys: raft.server.log.segment.size.max = 1048576 (custom)
datanode_1  | 2021-10-25 12:24:20,423 [pool-23-thread-1] INFO server.RaftServerConfigKeys: raft.server.log.preallocated.size = 16384 (custom)
datanode_1  | 2021-10-25 12:24:20,423 [pool-23-thread-1] INFO server.RaftServerConfigKeys: raft.server.log.force.sync.num = 128 (default)
datanode_1  | 2021-10-25 12:24:20,425 [pool-23-thread-1] INFO server.RaftServerConfigKeys: raft.server.log.statemachine.data.sync = true (default)
datanode_1  | 2021-10-25 12:24:20,442 [pool-23-thread-1] INFO server.RaftServerConfigKeys: raft.server.log.statemachine.data.sync.timeout = 10s (default)
datanode_1  | 2021-10-25 12:24:20,443 [pool-23-thread-1] INFO server.RaftServerConfigKeys: raft.server.log.statemachine.data.sync.timeout.retry = -1 (default)
datanode_1  | 2021-10-25 12:24:20,483 [pool-23-thread-1] INFO server.RaftServerConfigKeys: raft.server.log.write.buffer.size = 1048576 (custom)
datanode_1  | 2021-10-25 12:24:20,487 [pool-23-thread-1] INFO server.RaftServerConfigKeys: raft.server.log.statemachine.data.caching.enabled = true (custom)
datanode_1  | 2021-10-25 12:24:20,515 [pool-23-thread-1] INFO segmented.SegmentedRaftLogWorker: 4a5fbc1e-fa65-4644-9e0b-b54075597161@group-DE88D956EA95-SegmentedRaftLogWorker: flushIndex: setUnconditionally 0 -> -1
datanode_1  | 2021-10-25 12:24:20,517 [pool-23-thread-1] INFO segmented.SegmentedRaftLogWorker: 4a5fbc1e-fa65-4644-9e0b-b54075597161@group-DE88D956EA95-SegmentedRaftLogWorker: safeCacheEvictIndex: setUnconditionally 0 -> -1
datanode_3  | 2021-10-25 12:24:10,614 [main] INFO http.HttpServer2: Added filter authentication (class=org.apache.hadoop.security.authentication.server.AuthenticationFilter) to context static
datanode_3  | 2021-10-25 12:24:10,614 [main] INFO http.HttpServer2: Added filter authentication (class=org.apache.hadoop.security.authentication.server.AuthenticationFilter) to context logs
datanode_2  | 2021-10-25 12:24:20,494 [pool-23-thread-1] INFO server.RaftServer$Division: 0ba8f1ea-b911-4fb7-8325-1a9580c84cee@group-E3B9BD64EC8B: start as a follower, conf=-1: [0ba8f1ea-b911-4fb7-8325-1a9580c84cee|rpc:172.18.0.6:9856|admin:172.18.0.6:9857|client:172.18.0.6:9858|priority:1], old=null
datanode_2  | 2021-10-25 12:24:20,499 [pool-23-thread-1] INFO server.RaftServer$Division: 0ba8f1ea-b911-4fb7-8325-1a9580c84cee@group-E3B9BD64EC8B: changes role from      null to FOLLOWER at term 0 for startAsFollower
datanode_2  | 2021-10-25 12:24:20,500 [pool-23-thread-1] INFO impl.RoleInfo: 0ba8f1ea-b911-4fb7-8325-1a9580c84cee: start 0ba8f1ea-b911-4fb7-8325-1a9580c84cee@group-E3B9BD64EC8B-FollowerState
datanode_3  | 2021-10-25 12:24:10,747 [main] INFO http.HttpServer2: Initialize spnego with host: 0.0.0.0 userKey: hdds.datanode.http.auth.kerberos.principal keytabKey: hdds.datanode.http.auth.kerberos.keytab
kdc_1       | Oct 25 12:35:33 kdc krb5kdc[8](info): TGS_REQ (6 etypes {aes256-cts-hmac-sha1-96(18), aes128-cts-hmac-sha1-96(17), aes256-cts-hmac-sha384-192(20), aes128-cts-hmac-sha256-128(19), DEPRECATED:des3-cbc-sha1(16), DEPRECATED:arcfour-hmac(23)}) 172.18.0.7: ISSUE: authtime 1635165329, etypes {rep=aes256-cts-hmac-sha1-96(18), tkt=aes256-cts-hmac-sha1-96(18), ses=aes256-cts-hmac-sha1-96(18)}, testuser/scm@EXAMPLE.COM for om/om@EXAMPLE.COM
kdc_1       | Oct 25 12:35:41 kdc krb5kdc[8](info): TGS_REQ (6 etypes {aes256-cts-hmac-sha1-96(18), aes128-cts-hmac-sha1-96(17), aes256-cts-hmac-sha384-192(20), aes128-cts-hmac-sha256-128(19), DEPRECATED:des3-cbc-sha1(16), DEPRECATED:arcfour-hmac(23)}) 172.18.0.7: ISSUE: authtime 1635165329, etypes {rep=aes256-cts-hmac-sha1-96(18), tkt=aes256-cts-hmac-sha1-96(18), ses=aes256-cts-hmac-sha1-96(18)}, testuser/scm@EXAMPLE.COM for om/om@EXAMPLE.COM
datanode_3  | 2021-10-25 12:24:10,941 [main] INFO http.HttpServer2: Jetty bound to port 9882
datanode_2  | 2021-10-25 12:24:20,519 [pool-23-thread-1] INFO util.JmxRegister: Successfully registered JMX Bean with object name Ratis:service=RaftServer,group=group-E3B9BD64EC8B,id=0ba8f1ea-b911-4fb7-8325-1a9580c84cee
datanode_2  | 2021-10-25 12:24:20,601 [Command processor thread] INFO ratis.XceiverServerRatis: Created group PipelineID=44e00d39-64b4-4d12-b933-e3b9bd64ec8b
datanode_3  | 2021-10-25 12:24:10,950 [main] INFO server.Server: jetty-9.4.43.v20210629; built: 2021-06-30T11:07:22.254Z; git: 526006ecfa3af7f1a27ef3a288e2bef7ea9dd7e8; jvm 11.0.10+9-LTS
kdc_1       | Oct 25 12:35:48 kdc krb5kdc[8](info): TGS_REQ (6 etypes {aes256-cts-hmac-sha1-96(18), aes128-cts-hmac-sha1-96(17), aes256-cts-hmac-sha384-192(20), aes128-cts-hmac-sha256-128(19), DEPRECATED:des3-cbc-sha1(16), DEPRECATED:arcfour-hmac(23)}) 172.18.0.7: ISSUE: authtime 1635165329, etypes {rep=aes256-cts-hmac-sha1-96(18), tkt=aes256-cts-hmac-sha1-96(18), ses=aes256-cts-hmac-sha1-96(18)}, testuser/scm@EXAMPLE.COM for om/om@EXAMPLE.COM
datanode_2  | 2021-10-25 12:24:20,609 [Command processor thread] INFO commandhandler.CreatePipelineCommandHandler: Created Pipeline RATIS ONE PipelineID=44e00d39-64b4-4d12-b933-e3b9bd64ec8b.
datanode_3  | 2021-10-25 12:24:11,134 [main] INFO server.session: DefaultSessionIdManager workerName=node0
kdc_1       | Oct 25 12:37:29 kdc krb5kdc[8](info): AS_REQ (8 etypes {aes256-cts-hmac-sha1-96(18), aes128-cts-hmac-sha1-96(17), aes256-cts-hmac-sha384-192(20), aes128-cts-hmac-sha256-128(19), DEPRECATED:des3-cbc-sha1(16), DEPRECATED:arcfour-hmac(23), camellia128-cts-cmac(25), camellia256-cts-cmac(26)}) 172.18.0.7: ISSUE: authtime 1635165449, etypes {rep=aes256-cts-hmac-sha1-96(18), tkt=aes256-cts-hmac-sha1-96(18), ses=aes256-cts-hmac-sha1-96(18)}, testuser/scm@EXAMPLE.COM for krbtgt/EXAMPLE.COM@EXAMPLE.COM
datanode_2  | 2021-10-25 12:24:20,612 [Command processor thread] INFO server.RaftServer: 0ba8f1ea-b911-4fb7-8325-1a9580c84cee: addNew group-B6544D881B52:[4a5fbc1e-fa65-4644-9e0b-b54075597161|rpc:172.18.0.9:9856|admin:172.18.0.9:9857|client:172.18.0.9:9858|priority:0, e9d82cab-05ce-4d78-8653-c1a5df6d1fad|rpc:172.18.0.5:9856|admin:172.18.0.5:9857|client:172.18.0.5:9858|priority:0, 0ba8f1ea-b911-4fb7-8325-1a9580c84cee|rpc:172.18.0.6:9856|admin:172.18.0.6:9857|client:172.18.0.6:9858|priority:1] returns group-B6544D881B52:java.util.concurrent.CompletableFuture@10c7fb8[Not completed]
datanode_3  | 2021-10-25 12:24:11,146 [main] INFO server.session: No SessionScavenger set, using defaults
kdc_1       | Oct 25 12:37:36 kdc krb5kdc[8](info): TGS_REQ (6 etypes {aes256-cts-hmac-sha1-96(18), aes128-cts-hmac-sha1-96(17), aes256-cts-hmac-sha384-192(20), aes128-cts-hmac-sha256-128(19), DEPRECATED:des3-cbc-sha1(16), DEPRECATED:arcfour-hmac(23)}) 172.18.0.7: ISSUE: authtime 1635165449, etypes {rep=aes256-cts-hmac-sha1-96(18), tkt=aes256-cts-hmac-sha1-96(18), ses=aes256-cts-hmac-sha1-96(18)}, testuser/scm@EXAMPLE.COM for om/om@EXAMPLE.COM
kdc_1       | Oct 25 12:39:29 kdc krb5kdc[8](info): AS_REQ (8 etypes {aes256-cts-hmac-sha1-96(18), aes128-cts-hmac-sha1-96(17), aes256-cts-hmac-sha384-192(20), aes128-cts-hmac-sha256-128(19), DEPRECATED:des3-cbc-sha1(16), DEPRECATED:arcfour-hmac(23), camellia128-cts-cmac(25), camellia256-cts-cmac(26)}) 172.18.0.7: ISSUE: authtime 1635165569, etypes {rep=aes256-cts-hmac-sha1-96(18), tkt=aes256-cts-hmac-sha1-96(18), ses=aes256-cts-hmac-sha1-96(18)}, testuser/scm@EXAMPLE.COM for krbtgt/EXAMPLE.COM@EXAMPLE.COM
datanode_3  | 2021-10-25 12:24:11,151 [main] INFO server.session: node0 Scavenging every 660000ms
datanode_3  | 2021-10-25 12:24:11,294 [main] INFO server.KerberosAuthenticationHandler: Using keytab /etc/security/keytabs/dn.keytab, for principal HTTP/dn@EXAMPLE.COM
kdc_1       | Oct 25 12:39:35 kdc krb5kdc[8](info): TGS_REQ (6 etypes {aes256-cts-hmac-sha1-96(18), aes128-cts-hmac-sha1-96(17), aes256-cts-hmac-sha384-192(20), aes128-cts-hmac-sha256-128(19), DEPRECATED:des3-cbc-sha1(16), DEPRECATED:arcfour-hmac(23)}) 172.18.0.7: ISSUE: authtime 1635165569, etypes {rep=aes256-cts-hmac-sha1-96(18), tkt=aes256-cts-hmac-sha1-96(18), ses=aes256-cts-hmac-sha1-96(18)}, testuser/scm@EXAMPLE.COM for om/om@EXAMPLE.COM
kdc_1       | Oct 25 12:39:44 kdc krb5kdc[8](info): TGS_REQ (6 etypes {aes256-cts-hmac-sha1-96(18), aes128-cts-hmac-sha1-96(17), aes256-cts-hmac-sha384-192(20), aes128-cts-hmac-sha256-128(19), DEPRECATED:des3-cbc-sha1(16), DEPRECATED:arcfour-hmac(23)}) 172.18.0.7: ISSUE: authtime 1635165569, etypes {rep=aes256-cts-hmac-sha1-96(18), tkt=aes256-cts-hmac-sha1-96(18), ses=aes256-cts-hmac-sha1-96(18)}, testuser/scm@EXAMPLE.COM for om/om@EXAMPLE.COM
kdc_1       | Oct 25 12:39:46 kdc krb5kdc[8](info): AS_REQ (8 etypes {aes256-cts-hmac-sha1-96(18), aes128-cts-hmac-sha1-96(17), aes256-cts-hmac-sha384-192(20), aes128-cts-hmac-sha256-128(19), DEPRECATED:des3-cbc-sha1(16), DEPRECATED:arcfour-hmac(23), camellia128-cts-cmac(25), camellia256-cts-cmac(26)}) 172.18.0.7: ISSUE: authtime 1635165586, etypes {rep=aes256-cts-hmac-sha1-96(18), tkt=aes256-cts-hmac-sha1-96(18), ses=aes256-cts-hmac-sha1-96(18)}, testuser/scm@EXAMPLE.COM for krbtgt/EXAMPLE.COM@EXAMPLE.COM
kdc_1       | Oct 25 12:39:52 kdc krb5kdc[8](info): TGS_REQ (6 etypes {aes256-cts-hmac-sha1-96(18), aes128-cts-hmac-sha1-96(17), aes256-cts-hmac-sha384-192(20), aes128-cts-hmac-sha256-128(19), DEPRECATED:des3-cbc-sha1(16), DEPRECATED:arcfour-hmac(23)}) 172.18.0.7: ISSUE: authtime 1635165586, etypes {rep=aes256-cts-hmac-sha1-96(18), tkt=aes256-cts-hmac-sha1-96(18), ses=aes256-cts-hmac-sha1-96(18)}, testuser/scm@EXAMPLE.COM for om/om@EXAMPLE.COM
datanode_3  | 2021-10-25 12:24:11,311 [main] INFO handler.ContextHandler: Started o.e.j.s.ServletContextHandler@3fecdd00{logs,/logs,file:///var/log/hadoop/,AVAILABLE}
datanode_3  | 2021-10-25 12:24:11,318 [main] INFO handler.ContextHandler: Started o.e.j.s.ServletContextHandler@472dc215{static,/static,jar:file:/opt/hadoop/share/ozone/lib/hdds-container-service-1.2.0-SNAPSHOT.jar!/webapps/static,AVAILABLE}
datanode_3  | 2021-10-25 12:24:11,751 [main] INFO server.KerberosAuthenticationHandler: Using keytab /etc/security/keytabs/dn.keytab, for principal HTTP/dn@EXAMPLE.COM
datanode_3  | 2021-10-25 12:24:11,822 [main] INFO handler.ContextHandler: Started o.e.j.w.WebAppContext@3e8c9981{hddsDatanode,/,file:///tmp/jetty-0_0_0_0-9882-hdds-container-service-1_2_0-SNAPSHOT_jar-_-any-11082151991124967917/webapp/,AVAILABLE}{jar:file:/opt/hadoop/share/ozone/lib/hdds-container-service-1.2.0-SNAPSHOT.jar!/webapps/hddsDatanode}
datanode_3  | 2021-10-25 12:24:11,879 [main] INFO server.AbstractConnector: Started ServerConnector@2c9af700{HTTP/1.1, (http/1.1)}{0.0.0.0:9882}
datanode_3  | 2021-10-25 12:24:11,879 [main] INFO server.Server: Started @77286ms
datanode_3  | 2021-10-25 12:24:11,918 [main] INFO impl.MetricsSinkAdapter: Sink prometheus started
datanode_3  | 2021-10-25 12:24:11,918 [main] INFO impl.MetricsSystemImpl: Registered sink prometheus
kdc_1       | Oct 25 12:39:54 kdc krb5kdc[8](info): AS_REQ (8 etypes {aes256-cts-hmac-sha1-96(18), aes128-cts-hmac-sha1-96(17), aes256-cts-hmac-sha384-192(20), aes128-cts-hmac-sha256-128(19), DEPRECATED:des3-cbc-sha1(16), DEPRECATED:arcfour-hmac(23), camellia128-cts-cmac(25), camellia256-cts-cmac(26)}) 172.18.0.7: ISSUE: authtime 1635165594, etypes {rep=aes256-cts-hmac-sha1-96(18), tkt=aes256-cts-hmac-sha1-96(18), ses=aes256-cts-hmac-sha1-96(18)}, testuser/scm@EXAMPLE.COM for krbtgt/EXAMPLE.COM@EXAMPLE.COM
kdc_1       | Oct 25 12:40:01 kdc krb5kdc[8](info): TGS_REQ (6 etypes {aes256-cts-hmac-sha1-96(18), aes128-cts-hmac-sha1-96(17), aes256-cts-hmac-sha384-192(20), aes128-cts-hmac-sha256-128(19), DEPRECATED:des3-cbc-sha1(16), DEPRECATED:arcfour-hmac(23)}) 172.18.0.7: ISSUE: authtime 1635165594, etypes {rep=aes256-cts-hmac-sha1-96(18), tkt=aes256-cts-hmac-sha1-96(18), ses=aes256-cts-hmac-sha1-96(18)}, testuser/scm@EXAMPLE.COM for om/om@EXAMPLE.COM
kdc_1       | Oct 25 12:40:03 kdc krb5kdc[8](info): AS_REQ (8 etypes {aes256-cts-hmac-sha1-96(18), aes128-cts-hmac-sha1-96(17), aes256-cts-hmac-sha384-192(20), aes128-cts-hmac-sha256-128(19), DEPRECATED:des3-cbc-sha1(16), DEPRECATED:arcfour-hmac(23), camellia128-cts-cmac(25), camellia256-cts-cmac(26)}) 172.18.0.7: ISSUE: authtime 1635165603, etypes {rep=aes256-cts-hmac-sha1-96(18), tkt=aes256-cts-hmac-sha1-96(18), ses=aes256-cts-hmac-sha1-96(18)}, testuser/scm@EXAMPLE.COM for krbtgt/EXAMPLE.COM@EXAMPLE.COM
kdc_1       | Oct 25 12:40:10 kdc krb5kdc[8](info): TGS_REQ (6 etypes {aes256-cts-hmac-sha1-96(18), aes128-cts-hmac-sha1-96(17), aes256-cts-hmac-sha384-192(20), aes128-cts-hmac-sha256-128(19), DEPRECATED:des3-cbc-sha1(16), DEPRECATED:arcfour-hmac(23)}) 172.18.0.7: ISSUE: authtime 1635165603, etypes {rep=aes256-cts-hmac-sha1-96(18), tkt=aes256-cts-hmac-sha1-96(18), ses=aes256-cts-hmac-sha1-96(18)}, testuser/scm@EXAMPLE.COM for om/om@EXAMPLE.COM
datanode_2  | 2021-10-25 12:24:20,637 [pool-23-thread-1] INFO server.RaftServer$Division: 0ba8f1ea-b911-4fb7-8325-1a9580c84cee: new RaftServerImpl for group-B6544D881B52:[4a5fbc1e-fa65-4644-9e0b-b54075597161|rpc:172.18.0.9:9856|admin:172.18.0.9:9857|client:172.18.0.9:9858|priority:0, e9d82cab-05ce-4d78-8653-c1a5df6d1fad|rpc:172.18.0.5:9856|admin:172.18.0.5:9857|client:172.18.0.5:9858|priority:0, 0ba8f1ea-b911-4fb7-8325-1a9580c84cee|rpc:172.18.0.6:9856|admin:172.18.0.6:9857|client:172.18.0.6:9858|priority:1] with ContainerStateMachine:uninitialized
datanode_2  | 2021-10-25 12:24:20,638 [pool-23-thread-1] INFO server.RaftServerConfigKeys: raft.server.rpc.timeout.min = 5s (custom)
datanode_2  | 2021-10-25 12:24:20,638 [pool-23-thread-1] INFO server.RaftServerConfigKeys: raft.server.rpc.timeout.max = 5200ms (custom)
datanode_2  | 2021-10-25 12:24:20,638 [pool-23-thread-1] INFO server.RaftServerConfigKeys: raft.server.rpc.sleep.time = 25ms (default)
datanode_2  | 2021-10-25 12:24:20,638 [pool-23-thread-1] INFO server.RaftServerConfigKeys: raft.server.rpc.slowness.timeout = 300s (custom)
datanode_2  | 2021-10-25 12:24:20,642 [pool-23-thread-1] INFO server.RaftServerConfigKeys: raft.server.leaderelection.leader.step-down.wait-time = 10s (default)
datanode_2  | 2021-10-25 12:24:20,642 [pool-23-thread-1] INFO server.RaftServerConfigKeys: raft.server.sleep.deviation.threshold = 300ms (default)
datanode_2  | 2021-10-25 12:24:20,642 [pool-23-thread-1] INFO server.RaftServerConfigKeys: raft.server.log.appender.install.snapshot.enabled = false (custom)
datanode_2  | 2021-10-25 12:24:20,643 [pool-23-thread-1] INFO server.RaftServer$Division: 0ba8f1ea-b911-4fb7-8325-1a9580c84cee@group-B6544D881B52: ConfigurationManager, init=-1: [4a5fbc1e-fa65-4644-9e0b-b54075597161|rpc:172.18.0.9:9856|admin:172.18.0.9:9857|client:172.18.0.9:9858|priority:0, e9d82cab-05ce-4d78-8653-c1a5df6d1fad|rpc:172.18.0.5:9856|admin:172.18.0.5:9857|client:172.18.0.5:9858|priority:0, 0ba8f1ea-b911-4fb7-8325-1a9580c84cee|rpc:172.18.0.6:9856|admin:172.18.0.6:9857|client:172.18.0.6:9858|priority:1], old=null, confs=<EMPTY_MAP>
datanode_2  | 2021-10-25 12:24:20,643 [pool-23-thread-1] INFO server.RaftServerConfigKeys: raft.server.storage.dir = [/data/metadata/ratis] (custom)
datanode_2  | 2021-10-25 12:24:20,644 [pool-23-thread-1] INFO server.RaftServerConfigKeys: raft.server.log.corruption.policy = EXCEPTION (default)
datanode_2  | 2021-10-25 12:24:20,644 [pool-23-thread-1] INFO server.RaftServerConfigKeys: raft.server.storage.free-space.min = 0MB (=0) (default)
datanode_2  | 2021-10-25 12:24:20,644 [pool-23-thread-1] INFO storage.RaftStorageDirectory: The storage directory /data/metadata/ratis/be0a9d77-787e-43f5-83fa-b6544d881b52 does not exist. Creating ...
datanode_2  | 2021-10-25 12:24:20,652 [pool-23-thread-1] INFO storage.RaftStorageDirectory: Lock on /data/metadata/ratis/be0a9d77-787e-43f5-83fa-b6544d881b52/in_use.lock acquired by nodename 7@2f38be352c1f
datanode_2  | 2021-10-25 12:24:20,657 [pool-23-thread-1] INFO storage.RaftStorage: Storage directory /data/metadata/ratis/be0a9d77-787e-43f5-83fa-b6544d881b52 has been successfully formatted.
datanode_2  | 2021-10-25 12:24:20,657 [pool-23-thread-1] INFO ratis.ContainerStateMachine: group-B6544D881B52: The snapshot info is null. Setting the last applied indexto:(t:0, i:~)
datanode_2  | 2021-10-25 12:24:20,658 [pool-23-thread-1] INFO server.RaftServerConfigKeys: raft.server.notification.no-leader.timeout = 300s (custom)
datanode_2  | 2021-10-25 12:24:20,658 [pool-23-thread-1] INFO server.RaftServerConfigKeys: raft.server.log.use.memory = false (default)
datanode_2  | 2021-10-25 12:24:20,658 [pool-23-thread-1] INFO server.RaftServerConfigKeys: raft.server.log.purge.gap = 1000000 (custom)
datanode_2  | 2021-10-25 12:24:20,658 [pool-23-thread-1] INFO server.RaftServerConfigKeys: raft.server.log.appender.buffer.byte-limit = 33554432 (custom)
datanode_2  | 2021-10-25 12:24:20,659 [pool-23-thread-1] INFO server.RaftServerConfigKeys: raft.server.log.segment.size.max = 1048576 (custom)
datanode_2  | 2021-10-25 12:24:20,660 [pool-23-thread-1] INFO server.RaftServerConfigKeys: raft.server.log.segment.cache.num.max = 2 (custom)
datanode_2  | 2021-10-25 12:24:20,661 [pool-23-thread-1] INFO server.RaftServerConfigKeys: raft.server.log.segment.cache.size.max = 200MB (=209715200) (default)
datanode_2  | 2021-10-25 12:24:20,662 [pool-23-thread-1] INFO segmented.SegmentedRaftLogWorker: new 0ba8f1ea-b911-4fb7-8325-1a9580c84cee@group-B6544D881B52-SegmentedRaftLogWorker for RaftStorageImpl:Storage Directory /data/metadata/ratis/be0a9d77-787e-43f5-83fa-b6544d881b52
datanode_2  | 2021-10-25 12:24:20,663 [pool-23-thread-1] INFO server.RaftServerConfigKeys: raft.server.log.queue.byte-limit = 2147483647 (custom)
datanode_2  | 2021-10-25 12:24:20,670 [pool-23-thread-1] INFO server.RaftServerConfigKeys: raft.server.log.queue.element-limit = 1024 (custom)
datanode_2  | 2021-10-25 12:24:20,670 [pool-23-thread-1] INFO server.RaftServerConfigKeys: raft.server.log.segment.size.max = 1048576 (custom)
datanode_2  | 2021-10-25 12:24:20,670 [pool-23-thread-1] INFO server.RaftServerConfigKeys: raft.server.log.preallocated.size = 16384 (custom)
kdc_1       | Oct 25 12:40:12 kdc krb5kdc[8](info): AS_REQ (8 etypes {aes256-cts-hmac-sha1-96(18), aes128-cts-hmac-sha1-96(17), aes256-cts-hmac-sha384-192(20), aes128-cts-hmac-sha256-128(19), DEPRECATED:des3-cbc-sha1(16), DEPRECATED:arcfour-hmac(23), camellia128-cts-cmac(25), camellia256-cts-cmac(26)}) 172.18.0.7: ISSUE: authtime 1635165612, etypes {rep=aes256-cts-hmac-sha1-96(18), tkt=aes256-cts-hmac-sha1-96(18), ses=aes256-cts-hmac-sha1-96(18)}, testuser/scm@EXAMPLE.COM for krbtgt/EXAMPLE.COM@EXAMPLE.COM
datanode_3  | 2021-10-25 12:24:11,922 [main] INFO http.BaseHttpServer: HTTP server of hddsDatanode listening at http://0.0.0.0:9882
datanode_3  | 2021-10-25 12:24:11,966 [Datanode State Machine Daemon Thread] INFO statemachine.DatanodeStateMachine: Ozone container server started.
datanode_3  | 2021-10-25 12:24:12,127 [org.apache.hadoop.util.JvmPauseMonitor$Monitor@75cf07bd] INFO util.JvmPauseMonitor: Starting JVM pause monitor
kdc_1       | Oct 25 12:40:18 kdc krb5kdc[8](info): TGS_REQ (6 etypes {aes256-cts-hmac-sha1-96(18), aes128-cts-hmac-sha1-96(17), aes256-cts-hmac-sha384-192(20), aes128-cts-hmac-sha256-128(19), DEPRECATED:des3-cbc-sha1(16), DEPRECATED:arcfour-hmac(23)}) 172.18.0.7: ISSUE: authtime 1635165612, etypes {rep=aes256-cts-hmac-sha1-96(18), tkt=aes256-cts-hmac-sha1-96(18), ses=aes256-cts-hmac-sha1-96(18)}, testuser/scm@EXAMPLE.COM for om/om@EXAMPLE.COM
kdc_1       | Oct 25 12:40:25 kdc krb5kdc[8](info): TGS_REQ (6 etypes {aes256-cts-hmac-sha1-96(18), aes128-cts-hmac-sha1-96(17), aes256-cts-hmac-sha384-192(20), aes128-cts-hmac-sha256-128(19), DEPRECATED:des3-cbc-sha1(16), DEPRECATED:arcfour-hmac(23)}) 172.18.0.7: ISSUE: authtime 1635165612, etypes {rep=aes256-cts-hmac-sha1-96(18), tkt=aes256-cts-hmac-sha1-96(18), ses=aes256-cts-hmac-sha1-96(18)}, testuser/scm@EXAMPLE.COM for om/om@EXAMPLE.COM
kdc_1       | Oct 25 12:40:34 kdc krb5kdc[8](info): TGS_REQ (6 etypes {aes256-cts-hmac-sha1-96(18), aes128-cts-hmac-sha1-96(17), aes256-cts-hmac-sha384-192(20), aes128-cts-hmac-sha256-128(19), DEPRECATED:des3-cbc-sha1(16), DEPRECATED:arcfour-hmac(23)}) 172.18.0.7: ISSUE: authtime 1635165612, etypes {rep=aes256-cts-hmac-sha1-96(18), tkt=aes256-cts-hmac-sha1-96(18), ses=aes256-cts-hmac-sha1-96(18)}, testuser/scm@EXAMPLE.COM for om/om@EXAMPLE.COM
datanode_3  | 2021-10-25 12:24:12,579 [Datanode State Machine Task Thread - 0] INFO statemachine.SCMConnectionManager: Adding Recon Server : recon/172.18.0.10:9891
datanode_3  | 2021-10-25 12:24:15,609 [EndpointStateMachine task thread for scm/172.18.0.7:9861 - 0 ] INFO ozoneimpl.OzoneContainer: Attempting to start container services.
datanode_3  | 2021-10-25 12:24:15,620 [EndpointStateMachine task thread for scm/172.18.0.7:9861 - 0 ] INFO ozoneimpl.OzoneContainer: Background container scanner has been disabled.
datanode_3  | 2021-10-25 12:24:15,919 [EndpointStateMachine task thread for scm/172.18.0.7:9861 - 0 ] INFO ratis.XceiverServerRatis: Starting XceiverServerRatis e9d82cab-05ce-4d78-8653-c1a5df6d1fad
datanode_3  | 2021-10-25 12:24:16,032 [EndpointStateMachine task thread for scm/172.18.0.7:9861 - 0 ] INFO server.RaftServer: e9d82cab-05ce-4d78-8653-c1a5df6d1fad: start RPC server
datanode_3  | 2021-10-25 12:24:16,069 [EndpointStateMachine task thread for scm/172.18.0.7:9861 - 0 ] INFO server.GrpcService: e9d82cab-05ce-4d78-8653-c1a5df6d1fad: GrpcService started, listening on 9856
datanode_3  | 2021-10-25 12:24:16,070 [EndpointStateMachine task thread for scm/172.18.0.7:9861 - 0 ] INFO server.GrpcService: e9d82cab-05ce-4d78-8653-c1a5df6d1fad: GrpcService started, listening on 9857
datanode_3  | 2021-10-25 12:24:16,098 [EndpointStateMachine task thread for scm/172.18.0.7:9861 - 0 ] INFO server.GrpcService: e9d82cab-05ce-4d78-8653-c1a5df6d1fad: GrpcService started, listening on 9858
datanode_3  | 2021-10-25 12:24:16,102 [EndpointStateMachine task thread for scm/172.18.0.7:9861 - 0 ] INFO ratis.XceiverServerRatis: XceiverServerRatis e9d82cab-05ce-4d78-8653-c1a5df6d1fad is started using port 9858 for RATIS
datanode_3  | 2021-10-25 12:24:16,102 [EndpointStateMachine task thread for scm/172.18.0.7:9861 - 0 ] INFO ratis.XceiverServerRatis: XceiverServerRatis e9d82cab-05ce-4d78-8653-c1a5df6d1fad is started using port 9857 for RATIS_ADMIN
datanode_3  | 2021-10-25 12:24:16,102 [EndpointStateMachine task thread for scm/172.18.0.7:9861 - 0 ] INFO ratis.XceiverServerRatis: XceiverServerRatis e9d82cab-05ce-4d78-8653-c1a5df6d1fad is started using port 9856 for RATIS_SERVER
om_1        | No '-XX:...' jvm parameters are set. Adding safer GC settings '-XX:ParallelGCThreads=8 -XX:+UseConcMarkSweepGC -XX:CMSInitiatingOccupancyFraction=70 -XX:+CMSParallelRemarkEnabled' to the OZONE_OPTS
om_1        | OpenJDK 64-Bit Server VM warning: Option UseConcMarkSweepGC was deprecated in version 9.0 and will likely be removed in a future release.
om_1        | 2021-10-25 12:23:14,393 [main] INFO om.OzoneManagerStarter: STARTUP_MSG: 
om_1        | /************************************************************
om_1        | STARTUP_MSG: Starting OzoneManager
kdc_1       | Oct 25 12:40:43 kdc krb5kdc[8](info): TGS_REQ (6 etypes {aes256-cts-hmac-sha1-96(18), aes128-cts-hmac-sha1-96(17), aes256-cts-hmac-sha384-192(20), aes128-cts-hmac-sha256-128(19), DEPRECATED:des3-cbc-sha1(16), DEPRECATED:arcfour-hmac(23)}) 172.18.0.7: ISSUE: authtime 1635165612, etypes {rep=aes256-cts-hmac-sha1-96(18), tkt=aes256-cts-hmac-sha1-96(18), ses=aes256-cts-hmac-sha1-96(18)}, testuser/scm@EXAMPLE.COM for om/om@EXAMPLE.COM
kdc_1       | Oct 25 12:40:50 kdc krb5kdc[8](info): TGS_REQ (6 etypes {aes256-cts-hmac-sha1-96(18), aes128-cts-hmac-sha1-96(17), aes256-cts-hmac-sha384-192(20), aes128-cts-hmac-sha256-128(19), DEPRECATED:des3-cbc-sha1(16), DEPRECATED:arcfour-hmac(23)}) 172.18.0.7: ISSUE: authtime 1635165612, etypes {rep=aes256-cts-hmac-sha1-96(18), tkt=aes256-cts-hmac-sha1-96(18), ses=aes256-cts-hmac-sha1-96(18)}, testuser/scm@EXAMPLE.COM for om/om@EXAMPLE.COM
datanode_2  | 2021-10-25 12:24:20,671 [pool-23-thread-1] INFO server.RaftServerConfigKeys: raft.server.log.force.sync.num = 128 (default)
datanode_1  | 2021-10-25 12:24:20,526 [pool-23-thread-1] INFO server.RaftServerConfigKeys: raft.server.snapshot.auto.trigger.enabled = true (custom)
kdc_1       | Oct 25 12:40:58 kdc krb5kdc[8](info): TGS_REQ (6 etypes {aes256-cts-hmac-sha1-96(18), aes128-cts-hmac-sha1-96(17), aes256-cts-hmac-sha384-192(20), aes128-cts-hmac-sha256-128(19), DEPRECATED:des3-cbc-sha1(16), DEPRECATED:arcfour-hmac(23)}) 172.18.0.7: ISSUE: authtime 1635165612, etypes {rep=aes256-cts-hmac-sha1-96(18), tkt=aes256-cts-hmac-sha1-96(18), ses=aes256-cts-hmac-sha1-96(18)}, testuser/scm@EXAMPLE.COM for om/om@EXAMPLE.COM
kdc_1       | Oct 25 12:41:00 kdc krb5kdc[8](info): AS_REQ (8 etypes {aes256-cts-hmac-sha1-96(18), aes128-cts-hmac-sha1-96(17), aes256-cts-hmac-sha384-192(20), aes128-cts-hmac-sha256-128(19), DEPRECATED:des3-cbc-sha1(16), DEPRECATED:arcfour-hmac(23), camellia128-cts-cmac(25), camellia256-cts-cmac(26)}) 172.18.0.7: ISSUE: authtime 1635165660, etypes {rep=aes256-cts-hmac-sha1-96(18), tkt=aes256-cts-hmac-sha1-96(18), ses=aes256-cts-hmac-sha1-96(18)}, testuser/scm@EXAMPLE.COM for krbtgt/EXAMPLE.COM@EXAMPLE.COM
kdc_1       | Oct 25 12:41:08 kdc krb5kdc[8](info): TGS_REQ (6 etypes {aes256-cts-hmac-sha1-96(18), aes128-cts-hmac-sha1-96(17), aes256-cts-hmac-sha384-192(20), aes128-cts-hmac-sha256-128(19), DEPRECATED:des3-cbc-sha1(16), DEPRECATED:arcfour-hmac(23)}) 172.18.0.7: ISSUE: authtime 1635165660, etypes {rep=aes256-cts-hmac-sha1-96(18), tkt=aes256-cts-hmac-sha1-96(18), ses=aes256-cts-hmac-sha1-96(18)}, testuser/scm@EXAMPLE.COM for om/om@EXAMPLE.COM
kdc_1       | Oct 25 12:41:14 kdc krb5kdc[8](info): TGS_REQ (6 etypes {aes256-cts-hmac-sha1-96(18), aes128-cts-hmac-sha1-96(17), aes256-cts-hmac-sha384-192(20), aes128-cts-hmac-sha256-128(19), DEPRECATED:des3-cbc-sha1(16), DEPRECATED:arcfour-hmac(23)}) 172.18.0.7: ISSUE: authtime 1635165660, etypes {rep=aes256-cts-hmac-sha1-96(18), tkt=aes256-cts-hmac-sha1-96(18), ses=aes256-cts-hmac-sha1-96(18)}, testuser/scm@EXAMPLE.COM for om/om@EXAMPLE.COM
kdc_1       | Oct 25 12:41:22 kdc krb5kdc[8](info): TGS_REQ (6 etypes {aes256-cts-hmac-sha1-96(18), aes128-cts-hmac-sha1-96(17), aes256-cts-hmac-sha384-192(20), aes128-cts-hmac-sha256-128(19), DEPRECATED:des3-cbc-sha1(16), DEPRECATED:arcfour-hmac(23)}) 172.18.0.7: ISSUE: authtime 1635165660, etypes {rep=aes256-cts-hmac-sha1-96(18), tkt=aes256-cts-hmac-sha1-96(18), ses=aes256-cts-hmac-sha1-96(18)}, testuser/scm@EXAMPLE.COM for om/om@EXAMPLE.COM
kdc_1       | Oct 25 12:41:30 kdc krb5kdc[8](info): TGS_REQ (6 etypes {aes256-cts-hmac-sha1-96(18), aes128-cts-hmac-sha1-96(17), aes256-cts-hmac-sha384-192(20), aes128-cts-hmac-sha256-128(19), DEPRECATED:des3-cbc-sha1(16), DEPRECATED:arcfour-hmac(23)}) 172.18.0.7: ISSUE: authtime 1635165660, etypes {rep=aes256-cts-hmac-sha1-96(18), tkt=aes256-cts-hmac-sha1-96(18), ses=aes256-cts-hmac-sha1-96(18)}, testuser/scm@EXAMPLE.COM for om/om@EXAMPLE.COM
kdc_1       | Oct 25 12:41:31 kdc krb5kdc[8](info): AS_REQ (8 etypes {aes256-cts-hmac-sha1-96(18), aes128-cts-hmac-sha1-96(17), aes256-cts-hmac-sha384-192(20), aes128-cts-hmac-sha256-128(19), DEPRECATED:des3-cbc-sha1(16), DEPRECATED:arcfour-hmac(23), camellia128-cts-cmac(25), camellia256-cts-cmac(26)}) 172.18.0.7: ISSUE: authtime 1635165691, etypes {rep=aes256-cts-hmac-sha1-96(18), tkt=aes256-cts-hmac-sha1-96(18), ses=aes256-cts-hmac-sha1-96(18)}, testuser/scm@EXAMPLE.COM for krbtgt/EXAMPLE.COM@EXAMPLE.COM
kdc_1       | Oct 25 12:41:31 kdc krb5kdc[8](info): AS_REQ (8 etypes {aes256-cts-hmac-sha1-96(18), aes128-cts-hmac-sha1-96(17), aes256-cts-hmac-sha384-192(20), aes128-cts-hmac-sha256-128(19), DEPRECATED:des3-cbc-sha1(16), DEPRECATED:arcfour-hmac(23), camellia128-cts-cmac(25), camellia256-cts-cmac(26)}) 172.18.0.7: ISSUE: authtime 1635165691, etypes {rep=aes256-cts-hmac-sha1-96(18), tkt=aes256-cts-hmac-sha1-96(18), ses=aes256-cts-hmac-sha1-96(18)}, testuser2/scm@EXAMPLE.COM for krbtgt/EXAMPLE.COM@EXAMPLE.COM
kdc_1       | Oct 25 12:41:38 kdc krb5kdc[8](info): TGS_REQ (6 etypes {aes256-cts-hmac-sha1-96(18), aes128-cts-hmac-sha1-96(17), aes256-cts-hmac-sha384-192(20), aes128-cts-hmac-sha256-128(19), DEPRECATED:des3-cbc-sha1(16), DEPRECATED:arcfour-hmac(23)}) 172.18.0.7: ISSUE: authtime 1635165691, etypes {rep=aes256-cts-hmac-sha1-96(18), tkt=aes256-cts-hmac-sha1-96(18), ses=aes256-cts-hmac-sha1-96(18)}, testuser2/scm@EXAMPLE.COM for om/om@EXAMPLE.COM
kdc_1       | Oct 25 12:41:40 kdc krb5kdc[8](info): AS_REQ (8 etypes {aes256-cts-hmac-sha1-96(18), aes128-cts-hmac-sha1-96(17), aes256-cts-hmac-sha384-192(20), aes128-cts-hmac-sha256-128(19), DEPRECATED:des3-cbc-sha1(16), DEPRECATED:arcfour-hmac(23), camellia128-cts-cmac(25), camellia256-cts-cmac(26)}) 172.18.0.7: ISSUE: authtime 1635165700, etypes {rep=aes256-cts-hmac-sha1-96(18), tkt=aes256-cts-hmac-sha1-96(18), ses=aes256-cts-hmac-sha1-96(18)}, testuser/scm@EXAMPLE.COM for krbtgt/EXAMPLE.COM@EXAMPLE.COM
kdc_1       | Oct 25 12:41:40 kdc krb5kdc[8](info): AS_REQ (8 etypes {aes256-cts-hmac-sha1-96(18), aes128-cts-hmac-sha1-96(17), aes256-cts-hmac-sha384-192(20), aes128-cts-hmac-sha256-128(19), DEPRECATED:des3-cbc-sha1(16), DEPRECATED:arcfour-hmac(23), camellia128-cts-cmac(25), camellia256-cts-cmac(26)}) 172.18.0.7: ISSUE: authtime 1635165700, etypes {rep=aes256-cts-hmac-sha1-96(18), tkt=aes256-cts-hmac-sha1-96(18), ses=aes256-cts-hmac-sha1-96(18)}, testuser2/scm@EXAMPLE.COM for krbtgt/EXAMPLE.COM@EXAMPLE.COM
kdc_1       | Oct 25 12:41:47 kdc krb5kdc[8](info): TGS_REQ (6 etypes {aes256-cts-hmac-sha1-96(18), aes128-cts-hmac-sha1-96(17), aes256-cts-hmac-sha384-192(20), aes128-cts-hmac-sha256-128(19), DEPRECATED:des3-cbc-sha1(16), DEPRECATED:arcfour-hmac(23)}) 172.18.0.7: ISSUE: authtime 1635165700, etypes {rep=aes256-cts-hmac-sha1-96(18), tkt=aes256-cts-hmac-sha1-96(18), ses=aes256-cts-hmac-sha1-96(18)}, testuser2/scm@EXAMPLE.COM for om/om@EXAMPLE.COM
kdc_1       | Oct 25 12:41:48 kdc krb5kdc[8](info): AS_REQ (8 etypes {aes256-cts-hmac-sha1-96(18), aes128-cts-hmac-sha1-96(17), aes256-cts-hmac-sha384-192(20), aes128-cts-hmac-sha256-128(19), DEPRECATED:des3-cbc-sha1(16), DEPRECATED:arcfour-hmac(23), camellia128-cts-cmac(25), camellia256-cts-cmac(26)}) 172.18.0.7: ISSUE: authtime 1635165708, etypes {rep=aes256-cts-hmac-sha1-96(18), tkt=aes256-cts-hmac-sha1-96(18), ses=aes256-cts-hmac-sha1-96(18)}, testuser/scm@EXAMPLE.COM for krbtgt/EXAMPLE.COM@EXAMPLE.COM
kdc_1       | Oct 25 12:41:48 kdc krb5kdc[8](info): AS_REQ (8 etypes {aes256-cts-hmac-sha1-96(18), aes128-cts-hmac-sha1-96(17), aes256-cts-hmac-sha384-192(20), aes128-cts-hmac-sha256-128(19), DEPRECATED:des3-cbc-sha1(16), DEPRECATED:arcfour-hmac(23), camellia128-cts-cmac(25), camellia256-cts-cmac(26)}) 172.18.0.7: ISSUE: authtime 1635165708, etypes {rep=aes256-cts-hmac-sha1-96(18), tkt=aes256-cts-hmac-sha1-96(18), ses=aes256-cts-hmac-sha1-96(18)}, testuser2/scm@EXAMPLE.COM for krbtgt/EXAMPLE.COM@EXAMPLE.COM
kdc_1       | Oct 25 12:41:56 kdc krb5kdc[8](info): TGS_REQ (6 etypes {aes256-cts-hmac-sha1-96(18), aes128-cts-hmac-sha1-96(17), aes256-cts-hmac-sha384-192(20), aes128-cts-hmac-sha256-128(19), DEPRECATED:des3-cbc-sha1(16), DEPRECATED:arcfour-hmac(23)}) 172.18.0.7: ISSUE: authtime 1635165708, etypes {rep=aes256-cts-hmac-sha1-96(18), tkt=aes256-cts-hmac-sha1-96(18), ses=aes256-cts-hmac-sha1-96(18)}, testuser2/scm@EXAMPLE.COM for om/om@EXAMPLE.COM
datanode_3  | 2021-10-25 12:24:16,123 [org.apache.ratis.util.JvmPauseMonitor$$Lambda$333/0x00000008405b1840@438ac033] INFO util.JvmPauseMonitor: JvmPauseMonitor-e9d82cab-05ce-4d78-8653-c1a5df6d1fad: Started
datanode_3  | 2021-10-25 12:24:27,986 [grpc-default-executor-1] WARN server.GrpcServerProtocolService: e9d82cab-05ce-4d78-8653-c1a5df6d1fad: Failed requestVote 4a5fbc1e-fa65-4644-9e0b-b54075597161->e9d82cab-05ce-4d78-8653-c1a5df6d1fad#0
kms_1       | WARNING: /opt/hadoop/temp does not exist. Creating.
datanode_1  | 2021-10-25 12:24:20,537 [pool-23-thread-1] INFO server.RaftServerConfigKeys: raft.server.snapshot.auto.trigger.threshold = 10000 (custom)
datanode_1  | 2021-10-25 12:24:20,538 [pool-23-thread-1] INFO server.RaftServerConfigKeys: raft.server.snapshot.retention.file.num = 5 (custom)
kdc_1       | Oct 25 12:42:04 kdc krb5kdc[8](info): TGS_REQ (6 etypes {aes256-cts-hmac-sha1-96(18), aes128-cts-hmac-sha1-96(17), aes256-cts-hmac-sha384-192(20), aes128-cts-hmac-sha256-128(19), DEPRECATED:des3-cbc-sha1(16), DEPRECATED:arcfour-hmac(23)}) 172.18.0.7: ISSUE: authtime 1635165708, etypes {rep=aes256-cts-hmac-sha1-96(18), tkt=aes256-cts-hmac-sha1-96(18), ses=aes256-cts-hmac-sha1-96(18)}, testuser2/scm@EXAMPLE.COM for om/om@EXAMPLE.COM
datanode_3  | org.apache.ratis.protocol.exceptions.GroupMismatchException: e9d82cab-05ce-4d78-8653-c1a5df6d1fad: group-B6544D881B52 not found.
datanode_3  | 	at org.apache.ratis.server.impl.RaftServerProxy$ImplMap.get(RaftServerProxy.java:147)
datanode_3  | 	at org.apache.ratis.server.impl.RaftServerProxy.getImplFuture(RaftServerProxy.java:339)
datanode_3  | 	at org.apache.ratis.server.impl.RaftServerProxy.getImpl(RaftServerProxy.java:348)
datanode_3  | 	at org.apache.ratis.server.impl.RaftServerProxy.getImpl(RaftServerProxy.java:343)
om_1        | STARTUP_MSG:   host = om/172.18.0.4
om_1        | STARTUP_MSG:   args = [--init]
kdc_1       | Oct 25 12:42:06 kdc krb5kdc[8](info): AS_REQ (8 etypes {aes256-cts-hmac-sha1-96(18), aes128-cts-hmac-sha1-96(17), aes256-cts-hmac-sha384-192(20), aes128-cts-hmac-sha256-128(19), DEPRECATED:des3-cbc-sha1(16), DEPRECATED:arcfour-hmac(23), camellia128-cts-cmac(25), camellia256-cts-cmac(26)}) 172.18.0.7: ISSUE: authtime 1635165726, etypes {rep=aes256-cts-hmac-sha1-96(18), tkt=aes256-cts-hmac-sha1-96(18), ses=aes256-cts-hmac-sha1-96(18)}, testuser/scm@EXAMPLE.COM for krbtgt/EXAMPLE.COM@EXAMPLE.COM
kdc_1       | Oct 25 12:42:12 kdc krb5kdc[8](info): TGS_REQ (6 etypes {aes256-cts-hmac-sha1-96(18), aes128-cts-hmac-sha1-96(17), aes256-cts-hmac-sha384-192(20), aes128-cts-hmac-sha256-128(19), DEPRECATED:des3-cbc-sha1(16), DEPRECATED:arcfour-hmac(23)}) 172.18.0.7: ISSUE: authtime 1635165726, etypes {rep=aes256-cts-hmac-sha1-96(18), tkt=aes256-cts-hmac-sha1-96(18), ses=aes256-cts-hmac-sha1-96(18)}, testuser/scm@EXAMPLE.COM for om/om@EXAMPLE.COM
kdc_1       | Oct 25 12:42:19 kdc krb5kdc[8](info): TGS_REQ (6 etypes {aes256-cts-hmac-sha1-96(18), aes128-cts-hmac-sha1-96(17), aes256-cts-hmac-sha384-192(20), aes128-cts-hmac-sha256-128(19), DEPRECATED:des3-cbc-sha1(16), DEPRECATED:arcfour-hmac(23)}) 172.18.0.7: ISSUE: authtime 1635165726, etypes {rep=aes256-cts-hmac-sha1-96(18), tkt=aes256-cts-hmac-sha1-96(18), ses=aes256-cts-hmac-sha1-96(18)}, testuser/scm@EXAMPLE.COM for om/om@EXAMPLE.COM
kdc_1       | Oct 25 12:42:26 kdc krb5kdc[8](info): TGS_REQ (6 etypes {aes256-cts-hmac-sha1-96(18), aes128-cts-hmac-sha1-96(17), aes256-cts-hmac-sha384-192(20), aes128-cts-hmac-sha256-128(19), DEPRECATED:des3-cbc-sha1(16), DEPRECATED:arcfour-hmac(23)}) 172.18.0.7: ISSUE: authtime 1635165726, etypes {rep=aes256-cts-hmac-sha1-96(18), tkt=aes256-cts-hmac-sha1-96(18), ses=aes256-cts-hmac-sha1-96(18)}, testuser/scm@EXAMPLE.COM for om/om@EXAMPLE.COM
kdc_1       | Oct 25 12:42:34 kdc krb5kdc[8](info): TGS_REQ (6 etypes {aes256-cts-hmac-sha1-96(18), aes128-cts-hmac-sha1-96(17), aes256-cts-hmac-sha384-192(20), aes128-cts-hmac-sha256-128(19), DEPRECATED:des3-cbc-sha1(16), DEPRECATED:arcfour-hmac(23)}) 172.18.0.7: ISSUE: authtime 1635165726, etypes {rep=aes256-cts-hmac-sha1-96(18), tkt=aes256-cts-hmac-sha1-96(18), ses=aes256-cts-hmac-sha1-96(18)}, testuser/scm@EXAMPLE.COM for om/om@EXAMPLE.COM
recon_1     | No '-XX:...' jvm parameters are set. Adding safer GC settings '-XX:ParallelGCThreads=8 -XX:+UseConcMarkSweepGC -XX:CMSInitiatingOccupancyFraction=70 -XX:+CMSParallelRemarkEnabled' to the OZONE_OPTS
om_1        | STARTUP_MSG:   version = 1.2.0-SNAPSHOT
