datanode_2  | 2020-12-11 01:38:26,394 [pool-19-thread-1] INFO metrics.RatisMetrics: Creating Metrics Registry : ratis.server.2d476f9f-b470-43fb-adca-863a8792a1e5@group-3BB6E1BE6667
om1_1       | 2020-12-11 01:38:38,432 [pool-17-thread-1] INFO storage.RaftStorage: Storage directory /data/metadata/ratis/5cb24680-b9e7-3c90-a862-d66704efc61c has been successfully formatted.
datanode_3  | 	at org.apache.hadoop.net.SocketIOWithTimeout.doIO(SocketIOWithTimeout.java:164)
om2_1       | 2020-12-11 01:38:38,271 [pool-17-thread-1] INFO server.RaftServerConfigKeys: raft.server.rpc.slowness.timeout = 120s (custom)
om2_1       | 2020-12-11 01:38:38,272 [pool-17-thread-1] INFO server.RaftServerConfigKeys: raft.server.leaderelection.leader.step-down.wait-time = 10s (default)
recon_1     | 	at com.google.inject.internal.InjectorImpl.getInstance(InjectorImpl.java:1051)
om3_1       | 2020-12-11 01:38:37,908 [pool-17-thread-1] INFO storage.RaftStorageDirectory: Lock on /data/metadata/ratis/5cb24680-b9e7-3c90-a862-d66704efc61c/in_use.lock acquired by nodename 6@om3
datanode_2  | 2020-12-11 01:38:26,408 [pool-19-thread-1] INFO impl.RaftServerImpl: 2d476f9f-b470-43fb-adca-863a8792a1e5@group-3BB6E1BE6667: start as a follower, conf=-1: [b088de62-c389-48dc-a6aa-da0849eb85d2|rpc:172.19.0.2:9858, 2d476f9f-b470-43fb-adca-863a8792a1e5|rpc:172.19.0.4:9858, af562305-a0d8-4775-8ee7-f049d2a4676c|rpc:172.19.0.8:9858], old=null
om1_1       | 2020-12-11 01:38:38,476 [pool-17-thread-1] INFO server.RaftServerConfigKeys: raft.server.notification.no-leader.timeout = 120s (custom)
datanode_3  | 	at org.apache.hadoop.net.SocketInputStream.read(SocketInputStream.java:161)
datanode_3  | 	at org.apache.hadoop.net.SocketInputStream.read(SocketInputStream.java:131)
om2_1       | 2020-12-11 01:38:38,277 [pool-17-thread-1] INFO server.RaftServerConfigKeys: raft.server.sleep.deviation.threshold = 300 (default)
recon_1     | 	at org.apache.hadoop.ozone.recon.ReconServer.call(ReconServer.java:97)
om3_1       | 2020-12-11 01:38:38,046 [pool-17-thread-1] INFO storage.RaftStorage: Storage directory /data/metadata/ratis/5cb24680-b9e7-3c90-a862-d66704efc61c has been successfully formatted.
datanode_2  | 2020-12-11 01:38:26,412 [pool-19-thread-1] INFO impl.RaftServerImpl: 2d476f9f-b470-43fb-adca-863a8792a1e5@group-3BB6E1BE6667: changes role from      null to FOLLOWER at term 0 for startAsFollower
om1_1       | 2020-12-11 01:38:38,501 [pool-17-thread-1] INFO server.RaftServerConfigKeys: raft.server.log.use.memory = false (default)
datanode_3  | 	at java.base/java.io.FilterInputStream.read(FilterInputStream.java:133)
scm_1       | 2020-12-11 01:38:18,961 [IPC Server handler 6 on default port 9861] WARN ipc.Server: IPC Server handler 6 on default port 9861, call Call#1 Retry#0 org.apache.hadoop.ozone.protocol.StorageContainerDatanodeProtocol.submitRequest from 172.19.0.2:60118: output error
om2_1       | 2020-12-11 01:38:38,277 [pool-17-thread-1] INFO server.RaftServerConfigKeys: raft.server.log.appender.install.snapshot.enabled = false (custom)
recon_1     | 	at org.apache.hadoop.ozone.recon.ReconServer.call(ReconServer.java:53)
om3_1       | 2020-12-11 01:38:38,076 [pool-17-thread-1] INFO server.RaftServerConfigKeys: raft.server.notification.no-leader.timeout = 120s (custom)
datanode_2  | 2020-12-11 01:38:26,415 [pool-19-thread-1] INFO impl.RoleInfo: 2d476f9f-b470-43fb-adca-863a8792a1e5: start 2d476f9f-b470-43fb-adca-863a8792a1e5@group-3BB6E1BE6667-FollowerState
om1_1       | 2020-12-11 01:38:38,539 [pool-17-thread-1] INFO server.RaftServerConfigKeys: raft.server.log.purge.gap = 1000000 (custom)
datanode_3  | 	at java.base/java.io.BufferedInputStream.fill(BufferedInputStream.java:252)
scm_1       | 2020-12-11 01:38:18,962 [IPC Server handler 94 on default port 9861] WARN ipc.Server: IPC Server handler 94 on default port 9861, call Call#1 Retry#0 org.apache.hadoop.ozone.protocol.StorageContainerDatanodeProtocol.submitRequest from 172.19.0.4:34080: output error
om2_1       | 2020-12-11 01:38:38,339 [pool-17-thread-1] INFO impl.RaftServerImpl: om2@group-D66704EFC61C: ConfigurationManager, init=-1: [om1|rpc:om1:9872, om3|rpc:om3:9872, om2|rpc:om2:9872], old=null, confs=<EMPTY_MAP>
recon_1     | 	at picocli.CommandLine.executeUserObject(CommandLine.java:1933)
om3_1       | 2020-12-11 01:38:38,145 [pool-17-thread-1] INFO server.RaftServerConfigKeys: raft.server.log.use.memory = false (default)
datanode_2  | 2020-12-11 01:38:26,418 [pool-19-thread-1] INFO util.JmxRegister: Successfully registered JMX Bean with object name Ratis:service=RaftServer,group=group-3BB6E1BE6667,id=2d476f9f-b470-43fb-adca-863a8792a1e5
om1_1       | 2020-12-11 01:38:38,608 [pool-17-thread-1] INFO metrics.RatisMetrics: Creating Metrics Registry : ratis.log_worker.om1@group-D66704EFC61C
datanode_3  | 	at java.base/java.io.BufferedInputStream.read(BufferedInputStream.java:271)
scm_1       | 2020-12-11 01:38:18,962 [IPC Server handler 9 on default port 9861] WARN ipc.Server: IPC Server handler 9 on default port 9861, call Call#3 Retry#0 org.apache.hadoop.ozone.protocol.StorageContainerDatanodeProtocol.submitRequest from 172.19.0.4:34102: output error
om2_1       | 2020-12-11 01:38:38,352 [pool-17-thread-1] INFO server.RaftServerConfigKeys: raft.server.storage.dir = [/data/metadata/ratis] (custom)
recon_1     | 	at picocli.CommandLine.access$1100(CommandLine.java:145)
om3_1       | 2020-12-11 01:38:38,209 [pool-17-thread-1] INFO server.RaftServerConfigKeys: raft.server.log.purge.gap = 1000000 (custom)
datanode_2  | 2020-12-11 01:38:26,419 [pool-19-thread-1] INFO metrics.RatisMetrics: Creating Metrics Registry : ratis.state_machine.2d476f9f-b470-43fb-adca-863a8792a1e5@group-3BB6E1BE6667
om1_1       | 2020-12-11 01:38:38,675 [pool-17-thread-1] INFO server.RaftServerConfigKeys: raft.server.log.appender.buffer.byte-limit = 33554432 (custom)
datanode_3  | 	at java.base/java.io.FilterInputStream.read(FilterInputStream.java:83)
scm_1       | 2020-12-11 01:38:18,963 [IPC Server handler 5 on default port 9861] WARN ipc.Server: IPC Server handler 5 on default port 9861, call Call#0 Retry#0 org.apache.hadoop.ozone.protocol.StorageContainerDatanodeProtocol.submitRequest from 172.19.0.4:34070: output error
om2_1       | 2020-12-11 01:38:38,641 [pool-17-thread-1] INFO server.RaftServerConfigKeys: raft.server.log.corruption.policy = EXCEPTION (default)
recon_1     | 	at picocli.CommandLine$RunLast.executeUserObjectOfLastSubcommandWithSameParent(CommandLine.java:2332)
om3_1       | 2020-12-11 01:38:38,273 [pool-17-thread-1] INFO metrics.RatisMetrics: Creating Metrics Registry : ratis.log_worker.om3@group-D66704EFC61C
datanode_2  | 2020-12-11 01:38:26,605 [Command processor thread] INFO metrics.RatisMetrics: Creating Metrics Registry : ratis.client_message_metrics.client-417E5C3930E3->b088de62-c389-48dc-a6aa-da0849eb85d2
om1_1       | 2020-12-11 01:38:38,690 [pool-17-thread-1] INFO server.RaftServerConfigKeys: raft.server.log.segment.size.max = 4194304 (custom)
datanode_3  | 	at java.base/java.io.FilterInputStream.read(FilterInputStream.java:83)
scm_1       | 2020-12-11 01:38:18,963 [IPC Server handler 8 on default port 9861] WARN ipc.Server: IPC Server handler 8 on default port 9861, call Call#1 Retry#0 org.apache.hadoop.ozone.protocol.StorageContainerDatanodeProtocol.submitRequest from 172.19.0.8:37288: output error
om2_1       | 2020-12-11 01:38:38,647 [pool-17-thread-1] INFO storage.RaftStorageDirectory: The storage directory /data/metadata/ratis/5cb24680-b9e7-3c90-a862-d66704efc61c does not exist. Creating ...
recon_1     | 	at picocli.CommandLine$RunLast.handle(CommandLine.java:2326)
om3_1       | 2020-12-11 01:38:38,450 [pool-17-thread-1] INFO server.RaftServerConfigKeys: raft.server.log.appender.buffer.byte-limit = 33554432 (custom)
datanode_2  | 2020-12-11 01:38:26,885 [org.apache.ratis.server.JvmPauseMonitor@76506676-Monitor] WARN server.JvmPauseMonitor: Detected pause in JVM or host machine (eg GC): pause of approximately 10ms
om1_1       | 2020-12-11 01:38:38,901 [pool-17-thread-1] INFO server.RaftServerConfigKeys: raft.server.log.segment.cache.num.max = 2 (custom)
datanode_3  | 	at org.apache.hadoop.ipc.Client$Connection$PingInputStream.read(Client.java:567)
scm_1       | 2020-12-11 01:38:18,964 [IPC Server handler 11 on default port 9861] WARN ipc.Server: IPC Server handler 11 on default port 9861, call Call#0 Retry#0 org.apache.hadoop.ozone.protocol.StorageContainerDatanodeProtocol.submitRequest from 172.19.0.8:37278: output error
om2_1       | 2020-12-11 01:38:38,748 [pool-17-thread-1] INFO storage.RaftStorageDirectory: Lock on /data/metadata/ratis/5cb24680-b9e7-3c90-a862-d66704efc61c/in_use.lock acquired by nodename 6@om2
recon_1     | 	at picocli.CommandLine$RunLast.handle(CommandLine.java:2291)
om3_1       | 2020-12-11 01:38:38,475 [pool-17-thread-1] INFO server.RaftServerConfigKeys: raft.server.log.segment.size.max = 4194304 (custom)
datanode_2  | GC pool 'ParNew' had collection(s): count=1 time=43ms
om1_1       | 2020-12-11 01:38:38,960 [pool-17-thread-1] INFO segmented.SegmentedRaftLogWorker: new om1@group-D66704EFC61C-SegmentedRaftLogWorker for RaftStorage:Storage Directory /data/metadata/ratis/5cb24680-b9e7-3c90-a862-d66704efc61c
datanode_3  | 	at java.base/java.io.DataInputStream.readInt(DataInputStream.java:392)
scm_1       | 2020-12-11 01:38:18,964 [IPC Server handler 7 on default port 9861] WARN ipc.Server: IPC Server handler 7 on default port 9861, call Call#2 Retry#0 org.apache.hadoop.ozone.protocol.StorageContainerDatanodeProtocol.submitRequest from 172.19.0.8:37294: output error
om2_1       | 2020-12-11 01:38:38,829 [pool-17-thread-1] INFO storage.RaftStorage: Storage directory /data/metadata/ratis/5cb24680-b9e7-3c90-a862-d66704efc61c has been successfully formatted.
recon_1     | 	at picocli.CommandLine$AbstractParseResultHandler.handleParseResult(CommandLine.java:2152)
om3_1       | 2020-12-11 01:38:38,567 [pool-17-thread-1] INFO server.RaftServerConfigKeys: raft.server.log.segment.cache.num.max = 2 (custom)
datanode_2  | 2020-12-11 01:38:27,448 [org.apache.ratis.server.JvmPauseMonitor@76506676-Monitor] WARN server.JvmPauseMonitor: Detected pause in JVM or host machine (eg GC): pause of approximately 60ms
om1_1       | 2020-12-11 01:38:38,963 [pool-17-thread-1] INFO server.RaftServerConfigKeys: raft.server.log.queue.byte-limit = 64MB (=67108864) (default)
datanode_3  | 	at org.apache.hadoop.ipc.Client$IpcStreams.readResponse(Client.java:1850)
scm_1       | 2020-12-11 01:38:18,966 [IPC Server handler 4 on default port 9861] WARN ipc.Server: IPC Server handler 4 on default port 9861, call Call#2 Retry#0 org.apache.hadoop.ozone.protocol.StorageContainerDatanodeProtocol.submitRequest from 172.19.0.2:60124: output error
om2_1       | 2020-12-11 01:38:38,849 [pool-17-thread-1] INFO server.RaftServerConfigKeys: raft.server.notification.no-leader.timeout = 120s (custom)
recon_1     | 	at picocli.CommandLine.parseWithHandlers(CommandLine.java:2530)
om3_1       | 2020-12-11 01:38:38,590 [pool-17-thread-1] INFO segmented.SegmentedRaftLogWorker: new om3@group-D66704EFC61C-SegmentedRaftLogWorker for RaftStorage:Storage Directory /data/metadata/ratis/5cb24680-b9e7-3c90-a862-d66704efc61c
datanode_2  | GC pool 'ParNew' had collection(s): count=2 time=169ms
om1_1       | 2020-12-11 01:38:38,971 [pool-17-thread-1] INFO server.RaftServerConfigKeys: raft.server.log.queue.element-limit = 4096 (default)
datanode_3  | 	at org.apache.hadoop.ipc.Client$Connection.receiveRpcResponse(Client.java:1183)
scm_1       | 2020-12-11 01:38:18,966 [IPC Server handler 10 on default port 9861] WARN ipc.Server: IPC Server handler 10 on default port 9861, call Call#3 Retry#0 org.apache.hadoop.ozone.protocol.StorageContainerDatanodeProtocol.submitRequest from 172.19.0.8:37310: output error
scm_1       | 2020-12-11 01:38:19,001 [IPC Server handler 1 on default port 9861] WARN ipc.Server: IPC Server handler 1 on default port 9861, call Call#2 Retry#0 org.apache.hadoop.ozone.protocol.StorageContainerDatanodeProtocol.submitRequest from 172.19.0.4:34086: output error
recon_1     | 	at picocli.CommandLine.parseWithHandler(CommandLine.java:2465)
om3_1       | 2020-12-11 01:38:38,610 [pool-17-thread-1] INFO server.RaftServerConfigKeys: raft.server.log.queue.byte-limit = 64MB (=67108864) (default)
datanode_2  | 2020-12-11 01:38:27,957 [org.apache.ratis.server.JvmPauseMonitor@76506676-Monitor] WARN server.JvmPauseMonitor: Detected pause in JVM or host machine (eg GC): pause of approximately 1ms
om1_1       | 2020-12-11 01:38:38,990 [pool-17-thread-1] INFO server.RaftServerConfigKeys: raft.server.log.segment.size.max = 4194304 (custom)
datanode_3  | 	at org.apache.hadoop.ipc.Client$Connection.run(Client.java:1079)
scm_1       | 2020-12-11 01:38:19,004 [IPC Server handler 0 on default port 9861] WARN ipc.Server: IPC Server handler 0 on default port 9861, call Call#0 Retry#0 org.apache.hadoop.ozone.protocol.StorageContainerDatanodeProtocol.submitRequest from 172.19.0.2:60106: output error
om2_1       | 2020-12-11 01:38:38,858 [pool-17-thread-1] INFO server.RaftServerConfigKeys: raft.server.log.use.memory = false (default)
recon_1     | 	at org.apache.hadoop.hdds.cli.GenericCli.execute(GenericCli.java:96)
om3_1       | 2020-12-11 01:38:38,611 [pool-17-thread-1] INFO server.RaftServerConfigKeys: raft.server.log.queue.element-limit = 4096 (default)
datanode_2  | GC pool 'ParNew' had collection(s): count=2 time=169ms
om1_1       | 2020-12-11 01:38:38,990 [pool-17-thread-1] INFO server.RaftServerConfigKeys: raft.server.log.preallocated.size = 4194304 (custom)
datanode_3  | 2020-12-11 01:38:19,867 [EndpointStateMachine task thread for scm/172.19.0.7:9861 - 0 ] INFO ozoneimpl.OzoneContainer: Attempting to start container services.
scm_1       | 2020-12-11 01:38:19,019 [Listener at 0.0.0.0/9860] INFO server.session: DefaultSessionIdManager workerName=node0
om2_1       | 2020-12-11 01:38:38,907 [pool-17-thread-1] INFO server.RaftServerConfigKeys: raft.server.log.purge.gap = 1000000 (custom)
recon_1     | 	at org.apache.hadoop.hdds.cli.GenericCli.run(GenericCli.java:87)
om3_1       | 2020-12-11 01:38:38,632 [pool-17-thread-1] INFO server.RaftServerConfigKeys: raft.server.log.segment.size.max = 4194304 (custom)
datanode_2  | 2020-12-11 01:38:28,385 [grpc-default-executor-0] INFO metrics.RatisMetrics: Creating Metrics Registry : ratis.server_message_metrics.2d476f9f-b470-43fb-adca-863a8792a1e5
om1_1       | 2020-12-11 01:38:38,990 [pool-17-thread-1] INFO server.RaftServerConfigKeys: raft.server.log.write.buffer.size = 64KB (=65536) (default)
datanode_3  | 2020-12-11 01:38:19,869 [EndpointStateMachine task thread for scm/172.19.0.7:9861 - 0 ] INFO ozoneimpl.OzoneContainer: Background container scanner has been disabled.
scm_1       | 2020-12-11 01:38:19,026 [Listener at 0.0.0.0/9860] INFO server.session: No SessionScavenger set, using defaults
om2_1       | 2020-12-11 01:38:38,925 [pool-17-thread-1] INFO metrics.RatisMetrics: Creating Metrics Registry : ratis.log_worker.om2@group-D66704EFC61C
recon_1     | 	at org.apache.hadoop.ozone.recon.ReconServer.main(ReconServer.java:67)
om3_1       | 2020-12-11 01:38:38,639 [pool-17-thread-1] INFO server.RaftServerConfigKeys: raft.server.log.preallocated.size = 4194304 (custom)
datanode_2  | 2020-12-11 01:38:28,957 [Command processor thread] INFO metrics.RatisMetrics: Creating Metrics Registry : ratis.client_message_metrics.client-4E9CB49BACB8->af562305-a0d8-4775-8ee7-f049d2a4676c
om1_1       | 2020-12-11 01:38:38,992 [pool-17-thread-1] INFO server.RaftServerConfigKeys: raft.server.log.force.sync.num = 128 (default)
om1_1       | 2020-12-11 01:38:39,014 [pool-17-thread-1] INFO server.RaftServerConfigKeys: raft.server.log.statemachine.data.sync = true (default)
om1_1       | 2020-12-11 01:38:39,014 [pool-17-thread-1] INFO server.RaftServerConfigKeys: raft.server.log.statemachine.data.sync.timeout = 10s (default)
scm_1       | 2020-12-11 01:38:19,033 [Listener at 0.0.0.0/9860] INFO server.session: node0 Scavenging every 660000ms
om2_1       | 2020-12-11 01:38:38,987 [pool-17-thread-1] INFO server.RaftServerConfigKeys: raft.server.log.appender.buffer.byte-limit = 33554432 (custom)
recon_1     | Caused by: ERROR XJ041: Failed to create database '${ozone.recon.db.dir}/ozone_recon_derby.db', see the next exception for details.
om3_1       | 2020-12-11 01:38:38,640 [pool-17-thread-1] INFO server.RaftServerConfigKeys: raft.server.log.write.buffer.size = 64KB (=65536) (default)
om1_1       | 2020-12-11 01:38:39,014 [pool-17-thread-1] INFO server.RaftServerConfigKeys: raft.server.log.statemachine.data.sync.timeout.retry = -1 (default)
datanode_3  | 2020-12-11 01:38:19,874 [EndpointStateMachine task thread for scm/172.19.0.7:9861 - 0 ] INFO ratis.XceiverServerRatis: Starting XceiverServerRatis af562305-a0d8-4775-8ee7-f049d2a4676c at port 9858
datanode_2  | 2020-12-11 01:38:28,962 [org.apache.ratis.server.JvmPauseMonitor@76506676-Monitor] WARN server.JvmPauseMonitor: Detected pause in JVM or host machine (eg GC): pause of approximately 1ms
scm_1       | 2020-12-11 01:38:19,052 [IPC Server handler 2 on default port 9861] INFO ipc.Server: IPC Server handler 2 on default port 9861 caught an exception
om2_1       | 2020-12-11 01:38:38,989 [pool-17-thread-1] INFO server.RaftServerConfigKeys: raft.server.log.segment.size.max = 4194304 (custom)
recon_1     | 	at org.apache.derby.iapi.error.StandardException.newException(Unknown Source)
om3_1       | 2020-12-11 01:38:38,641 [pool-17-thread-1] INFO server.RaftServerConfigKeys: raft.server.log.force.sync.num = 128 (default)
om1_1       | 2020-12-11 01:38:39,096 [pool-17-thread-1] INFO server.RaftServerConfigKeys: raft.server.log.statemachine.data.caching.enabled = false (default)
datanode_3  | 2020-12-11 01:38:19,929 [EndpointStateMachine task thread for scm/172.19.0.7:9861 - 0 ] INFO impl.RaftServerProxy: af562305-a0d8-4775-8ee7-f049d2a4676c: start RPC server
datanode_2  | GC pool 'ParNew' had collection(s): count=2 time=169ms
scm_1       | java.nio.channels.AsynchronousCloseException
om2_1       | 2020-12-11 01:38:39,056 [pool-17-thread-1] INFO server.RaftServerConfigKeys: raft.server.log.segment.cache.num.max = 2 (custom)
recon_1     | 	at org.apache.derby.impl.jdbc.SQLExceptionFactory.wrapArgsForTransportAcrossDRDA(Unknown Source)
om3_1       | 2020-12-11 01:38:38,643 [pool-17-thread-1] INFO server.RaftServerConfigKeys: raft.server.log.statemachine.data.sync = true (default)
om1_1       | 2020-12-11 01:38:39,134 [pool-17-thread-1] INFO segmented.SegmentedRaftLogWorker: om1@group-D66704EFC61C-SegmentedRaftLogWorker: flushIndex: setUnconditionally 0 -> -1
datanode_3  | 2020-12-11 01:38:20,255 [EndpointStateMachine task thread for scm/172.19.0.7:9861 - 0 ] INFO server.GrpcService: af562305-a0d8-4775-8ee7-f049d2a4676c: GrpcService started, listening on 0.0.0.0/0.0.0.0:9858
datanode_2  | 2020-12-11 01:38:29,321 [Command processor thread] INFO commandhandler.CreatePipelineCommandHandler: Created Pipeline RATIS THREE PipelineID=3409d160-469c-447f-9650-3bb6e1be6667.
scm_1       | 	at java.base/sun.nio.ch.SocketChannelImpl.write(SocketChannelImpl.java:471)
om2_1       | 2020-12-11 01:38:39,079 [pool-17-thread-1] INFO segmented.SegmentedRaftLogWorker: new om2@group-D66704EFC61C-SegmentedRaftLogWorker for RaftStorage:Storage Directory /data/metadata/ratis/5cb24680-b9e7-3c90-a862-d66704efc61c
recon_1     | 	... 63 more
om3_1       | 2020-12-11 01:38:38,648 [pool-17-thread-1] INFO server.RaftServerConfigKeys: raft.server.log.statemachine.data.sync.timeout = 10s (default)
om1_1       | 2020-12-11 01:38:39,135 [pool-17-thread-1] INFO segmented.SegmentedRaftLogWorker: om1@group-D66704EFC61C-SegmentedRaftLogWorker: safeCacheEvictIndex: setUnconditionally 0 -> -1
datanode_3  | 2020-12-11 01:38:20,291 [org.apache.ratis.server.JvmPauseMonitor@79801c4f-Monitor] INFO server.RaftServerConfigKeys: raft.server.leaderelection.leader.step-down.wait-time = 10s (default)
datanode_2  | 2020-12-11 01:38:30,450 [grpc-default-executor-1] INFO impl.RaftServerImpl: 2d476f9f-b470-43fb-adca-863a8792a1e5@group-3BB6E1BE6667: changes role from  FOLLOWER to FOLLOWER at term 1 for recognizeCandidate:b088de62-c389-48dc-a6aa-da0849eb85d2
scm_1       | 	at org.apache.hadoop.ipc.Server.channelWrite(Server.java:3550)
om2_1       | 2020-12-11 01:38:39,104 [pool-17-thread-1] INFO server.RaftServerConfigKeys: raft.server.log.queue.byte-limit = 64MB (=67108864) (default)
recon_1     | Caused by: ERROR XBM0H: Directory /opt/hadoop/${ozone.recon.db.dir}/ozone_recon_derby.db cannot be created.
om3_1       | 2020-12-11 01:38:38,655 [pool-17-thread-1] INFO server.RaftServerConfigKeys: raft.server.log.statemachine.data.sync.timeout.retry = -1 (default)
om1_1       | 2020-12-11 01:38:39,143 [pool-17-thread-1] INFO server.RaftServerConfigKeys: raft.server.snapshot.auto.trigger.enabled = true (custom)
datanode_3  | 2020-12-11 01:38:20,339 [org.apache.ratis.server.JvmPauseMonitor@79801c4f-Monitor] INFO server.RaftServerConfigKeys: raft.server.rpc.slowness.timeout = 300s (custom)
datanode_2  | 2020-12-11 01:38:30,456 [grpc-default-executor-1] INFO impl.RoleInfo: 2d476f9f-b470-43fb-adca-863a8792a1e5: shutdown 2d476f9f-b470-43fb-adca-863a8792a1e5@group-3BB6E1BE6667-FollowerState
scm_1       | 	at org.apache.hadoop.ipc.Server.access$1700(Server.java:139)
om2_1       | 2020-12-11 01:38:39,107 [pool-17-thread-1] INFO server.RaftServerConfigKeys: raft.server.log.queue.element-limit = 4096 (default)
recon_1     | 	at org.apache.derby.iapi.error.StandardException.newException(Unknown Source)
om3_1       | 2020-12-11 01:38:38,726 [pool-17-thread-1] INFO server.RaftServerConfigKeys: raft.server.log.statemachine.data.caching.enabled = false (default)
om1_1       | 2020-12-11 01:38:39,153 [pool-17-thread-1] INFO server.RaftServerConfigKeys: raft.server.snapshot.auto.trigger.threshold = 400000 (default)
datanode_3  | 2020-12-11 01:38:20,388 [org.apache.ratis.server.JvmPauseMonitor@79801c4f-Monitor] INFO server.JvmPauseMonitor: Starting Ratis JVM pause monitor
datanode_2  | 2020-12-11 01:38:30,456 [grpc-default-executor-1] INFO impl.RoleInfo: 2d476f9f-b470-43fb-adca-863a8792a1e5: start 2d476f9f-b470-43fb-adca-863a8792a1e5@group-3BB6E1BE6667-FollowerState
scm_1       | 	at org.apache.hadoop.ipc.Server$Responder.processResponse(Server.java:1620)
om2_1       | 2020-12-11 01:38:39,115 [pool-17-thread-1] INFO server.RaftServerConfigKeys: raft.server.log.segment.size.max = 4194304 (custom)
recon_1     | 	at org.apache.derby.iapi.error.StandardException.newException(Unknown Source)
om3_1       | 2020-12-11 01:38:38,768 [pool-17-thread-1] INFO segmented.SegmentedRaftLogWorker: om3@group-D66704EFC61C-SegmentedRaftLogWorker: flushIndex: setUnconditionally 0 -> -1
om1_1       | 2020-12-11 01:38:39,154 [pool-17-thread-1] INFO server.RaftServerConfigKeys: raft.server.snapshot.retention.file.num = -1 (default)
datanode_3  | 2020-12-11 01:38:23,416 [org.apache.ratis.server.JvmPauseMonitor@79801c4f-Monitor] WARN server.JvmPauseMonitor: Detected pause in JVM or host machine (eg GC): pause of approximately 4ms
datanode_2  | 2020-12-11 01:38:30,456 [Thread-27] INFO impl.FollowerState: 2d476f9f-b470-43fb-adca-863a8792a1e5@group-3BB6E1BE6667-FollowerState was interrupted: {}
scm_1       | 	at org.apache.hadoop.ipc.Server$Responder.doRespond(Server.java:1690)
om2_1       | 2020-12-11 01:38:39,115 [pool-17-thread-1] INFO server.RaftServerConfigKeys: raft.server.log.preallocated.size = 4194304 (custom)
recon_1     | 	at org.apache.derby.impl.services.monitor.StorageFactoryService$10.run(Unknown Source)
om3_1       | 2020-12-11 01:38:38,776 [pool-17-thread-1] INFO segmented.SegmentedRaftLogWorker: om3@group-D66704EFC61C-SegmentedRaftLogWorker: safeCacheEvictIndex: setUnconditionally 0 -> -1
om1_1       | 2020-12-11 01:38:39,154 [pool-17-thread-1] INFO server.RaftServerConfigKeys: raft.server.log.purge.upto.snapshot.index = true (custom)
datanode_3  | No GCs detected
datanode_2  | java.lang.InterruptedException: sleep interrupted
scm_1       | 	at org.apache.hadoop.ipc.Server$Connection.sendResponse(Server.java:2785)
om2_1       | 2020-12-11 01:38:39,119 [pool-17-thread-1] INFO server.RaftServerConfigKeys: raft.server.log.write.buffer.size = 64KB (=65536) (default)
recon_1     | 	at java.base/java.security.AccessController.doPrivileged(Native Method)
om3_1       | 2020-12-11 01:38:38,829 [pool-17-thread-1] INFO server.RaftServerConfigKeys: raft.server.snapshot.auto.trigger.enabled = true (custom)
om1_1       | 2020-12-11 01:38:39,155 [pool-17-thread-1] INFO server.RaftServerConfigKeys: raft.server.retrycache.expirytime = 300s (custom)
datanode_3  | 2020-12-11 01:38:24,832 [Command processor thread] INFO impl.RaftServerProxy: af562305-a0d8-4775-8ee7-f049d2a4676c: addNew group-3B813D742FA9:[af562305-a0d8-4775-8ee7-f049d2a4676c|rpc:172.19.0.8:9858] returns group-3B813D742FA9:java.util.concurrent.CompletableFuture@4a14659f[Not completed]
datanode_2  | 	at java.base/java.lang.Thread.sleep(Native Method)
scm_1       | 	at org.apache.hadoop.ipc.Server$Connection.access$300(Server.java:1762)
om2_1       | 2020-12-11 01:38:39,124 [pool-17-thread-1] INFO server.RaftServerConfigKeys: raft.server.log.force.sync.num = 128 (default)
recon_1     | 	at org.apache.derby.impl.services.monitor.StorageFactoryService.createServiceRoot(Unknown Source)
om3_1       | 2020-12-11 01:38:38,848 [pool-17-thread-1] INFO server.RaftServerConfigKeys: raft.server.snapshot.auto.trigger.threshold = 400000 (default)
om1_1       | 2020-12-11 01:38:39,266 [pool-17-thread-1] INFO metrics.RatisMetrics: Creating Metrics Registry : ratis.leader_election.om1@group-D66704EFC61C
datanode_3  | 2020-12-11 01:38:24,985 [pool-19-thread-1] INFO impl.RaftServerImpl: af562305-a0d8-4775-8ee7-f049d2a4676c: new RaftServerImpl for group-3B813D742FA9:[af562305-a0d8-4775-8ee7-f049d2a4676c|rpc:172.19.0.8:9858] with ContainerStateMachine:uninitialized
datanode_2  | 	at org.apache.ratis.util.JavaUtils.sleep(JavaUtils.java:250)
scm_1       | 	at org.apache.hadoop.ipc.Server$RpcCall.doResponse(Server.java:1081)
om2_1       | 2020-12-11 01:38:39,125 [pool-17-thread-1] INFO server.RaftServerConfigKeys: raft.server.log.statemachine.data.sync = true (default)
recon_1     | 	at org.apache.derby.impl.services.monitor.BaseMonitor.bootService(Unknown Source)
om3_1       | 2020-12-11 01:38:38,850 [pool-17-thread-1] INFO server.RaftServerConfigKeys: raft.server.snapshot.retention.file.num = -1 (default)
om1_1       | 2020-12-11 01:38:39,295 [pool-17-thread-1] INFO metrics.RatisMetrics: Creating Metrics Registry : ratis.server.om1@group-D66704EFC61C
datanode_3  | 2020-12-11 01:38:25,015 [pool-19-thread-1] INFO server.RaftServerConfigKeys: raft.server.rpc.timeout.min = 5s (custom)
datanode_2  | 	at org.apache.ratis.server.impl.FollowerState.run(FollowerState.java:116)
scm_1       | 	at org.apache.hadoop.ipc.Server$Call.doResponse(Server.java:873)
om2_1       | 2020-12-11 01:38:39,136 [pool-17-thread-1] INFO server.RaftServerConfigKeys: raft.server.log.statemachine.data.sync.timeout = 10s (default)
recon_1     | 	at org.apache.derby.impl.services.monitor.BaseMonitor.createPersistentService(Unknown Source)
om3_1       | 2020-12-11 01:38:38,856 [pool-17-thread-1] INFO server.RaftServerConfigKeys: raft.server.log.purge.upto.snapshot.index = true (custom)
om1_1       | 2020-12-11 01:38:39,361 [main] INFO ipc.CallQueueManager: Using callQueue: class java.util.concurrent.LinkedBlockingQueue, queueCapacity: 10000, scheduler: class org.apache.hadoop.ipc.DefaultRpcScheduler, ipcBackoff: false.
datanode_3  | 2020-12-11 01:38:25,019 [pool-19-thread-1] INFO server.RaftServerConfigKeys: raft.server.rpc.timeout.max = 5200ms (custom)
datanode_2  | 2020-12-11 01:38:30,482 [org.apache.ratis.server.JvmPauseMonitor@76506676-Monitor] WARN server.JvmPauseMonitor: Detected pause in JVM or host machine (eg GC): pause of approximately 18ms
scm_1       | 	at org.apache.hadoop.ipc.Server$Call.sendResponse(Server.java:859)
om2_1       | 2020-12-11 01:38:39,137 [pool-17-thread-1] INFO server.RaftServerConfigKeys: raft.server.log.statemachine.data.sync.timeout.retry = -1 (default)
recon_1     | 	at org.apache.derby.impl.services.monitor.FileMonitor.createPersistentService(Unknown Source)
om3_1       | 2020-12-11 01:38:38,857 [pool-17-thread-1] INFO server.RaftServerConfigKeys: raft.server.retrycache.expirytime = 300s (custom)
om1_1       | 2020-12-11 01:38:39,419 [Socket Reader #1 for port 9862] INFO ipc.Server: Starting Socket Reader #1 for port 9862
datanode_3  | 2020-12-11 01:38:25,020 [pool-19-thread-1] INFO server.RaftServerConfigKeys: raft.server.rpc.slowness.timeout = 300s (custom)
datanode_2  | GC pool 'ParNew' had collection(s): count=2 time=169ms
scm_1       | 	at org.apache.hadoop.ipc.Server$RpcCall.run(Server.java:1016)
om2_1       | 2020-12-11 01:38:39,209 [pool-17-thread-1] INFO server.RaftServerConfigKeys: raft.server.log.statemachine.data.caching.enabled = false (default)
recon_1     | 	at org.apache.derby.iapi.services.monitor.Monitor.createPersistentService(Unknown Source)
om3_1       | 2020-12-11 01:38:39,003 [main] INFO ipc.CallQueueManager: Using callQueue: class java.util.concurrent.LinkedBlockingQueue, queueCapacity: 10000, scheduler: class org.apache.hadoop.ipc.DefaultRpcScheduler, ipcBackoff: false.
om1_1       | 2020-12-11 01:38:39,860 [Listener at om1/9862] INFO impl.MetricsConfig: Loaded properties from hadoop-metrics2.properties
datanode_3  | 2020-12-11 01:38:25,023 [pool-19-thread-1] INFO server.RaftServerConfigKeys: raft.server.leaderelection.leader.step-down.wait-time = 10s (default)
datanode_2  | 2020-12-11 01:38:30,482 [grpc-default-executor-1] INFO impl.RaftServerImpl:  FOLLOWER 2d476f9f-b470-43fb-adca-863a8792a1e5@group-3BB6E1BE6667:t1, leader=null, voted=null, raftlog=2d476f9f-b470-43fb-adca-863a8792a1e5@group-3BB6E1BE6667-SegmentedRaftLog:OPENED:c-1,f-1,i0, conf=-1: [b088de62-c389-48dc-a6aa-da0849eb85d2|rpc:172.19.0.2:9858, 2d476f9f-b470-43fb-adca-863a8792a1e5|rpc:172.19.0.4:9858, af562305-a0d8-4775-8ee7-f049d2a4676c|rpc:172.19.0.8:9858], old=null RUNNING priority:0 candidate:b088de62-c389-48dc-a6aa-da0849eb85d2|rpc:172.19.0.2:9858 candidatePriority:0 compare:0
scm_1       | 	at org.apache.hadoop.ipc.Server$RpcCall.run(Server.java:927)
om2_1       | 2020-12-11 01:38:39,230 [pool-17-thread-1] INFO segmented.SegmentedRaftLogWorker: om2@group-D66704EFC61C-SegmentedRaftLogWorker: flushIndex: setUnconditionally 0 -> -1
recon_1     | 	at org.apache.derby.impl.jdbc.EmbedConnection$5.run(Unknown Source)
om3_1       | 2020-12-11 01:38:39,048 [pool-17-thread-1] INFO metrics.RatisMetrics: Creating Metrics Registry : ratis.leader_election.om3@group-D66704EFC61C
om1_1       | 2020-12-11 01:38:40,061 [Listener at om1/9862] INFO impl.MetricsSystemImpl: Scheduled Metric snapshot period at 10 second(s).
datanode_3  | 2020-12-11 01:38:25,027 [pool-19-thread-1] INFO server.RaftServerConfigKeys: raft.server.sleep.deviation.threshold = 300 (default)
datanode_2  | 2020-12-11 01:38:31,023 [grpc-default-executor-1] INFO ratis.XceiverServerRatis: Leader change notification received for group: group-3BB6E1BE6667 with new leaderId: b088de62-c389-48dc-a6aa-da0849eb85d2
scm_1       | 	at java.base/java.security.AccessController.doPrivileged(Native Method)
om2_1       | 2020-12-11 01:38:39,238 [pool-17-thread-1] INFO segmented.SegmentedRaftLogWorker: om2@group-D66704EFC61C-SegmentedRaftLogWorker: safeCacheEvictIndex: setUnconditionally 0 -> -1
om2_1       | 2020-12-11 01:38:39,239 [main] INFO ipc.CallQueueManager: Using callQueue: class java.util.concurrent.LinkedBlockingQueue, queueCapacity: 10000, scheduler: class org.apache.hadoop.ipc.DefaultRpcScheduler, ipcBackoff: false.
datanode_3  | 2020-12-11 01:38:25,036 [pool-19-thread-1] INFO server.RaftServerConfigKeys: raft.server.log.appender.install.snapshot.enabled = false (custom)
datanode_3  | 2020-12-11 01:38:25,061 [pool-19-thread-1] INFO impl.RaftServerImpl: af562305-a0d8-4775-8ee7-f049d2a4676c@group-3B813D742FA9: ConfigurationManager, init=-1: [af562305-a0d8-4775-8ee7-f049d2a4676c|rpc:172.19.0.8:9858], old=null, confs=<EMPTY_MAP>
datanode_3  | 2020-12-11 01:38:25,062 [pool-19-thread-1] INFO server.RaftServerConfigKeys: raft.server.storage.dir = [/data/metadata/ratis] (custom)
datanode_3  | 2020-12-11 01:38:25,074 [pool-19-thread-1] INFO server.RaftServerConfigKeys: raft.server.log.corruption.policy = EXCEPTION (default)
datanode_3  | 2020-12-11 01:38:25,085 [pool-19-thread-1] INFO storage.RaftStorageDirectory: The storage directory /data/metadata/ratis/4390e5f4-5156-4e7d-94ec-3b813d742fa9 does not exist. Creating ...
datanode_3  | 2020-12-11 01:38:25,103 [pool-19-thread-1] INFO storage.RaftStorageDirectory: Lock on /data/metadata/ratis/4390e5f4-5156-4e7d-94ec-3b813d742fa9/in_use.lock acquired by nodename 6@33b8a755adc5
datanode_3  | 2020-12-11 01:38:25,112 [pool-19-thread-1] INFO storage.RaftStorage: Storage directory /data/metadata/ratis/4390e5f4-5156-4e7d-94ec-3b813d742fa9 has been successfully formatted.
datanode_3  | 2020-12-11 01:38:25,128 [pool-19-thread-1] INFO ratis.ContainerStateMachine: group-3B813D742FA9: The snapshot info is null. Setting the last applied indexto:(t:0, i:~)
datanode_3  | 2020-12-11 01:38:25,129 [pool-19-thread-1] INFO server.RaftServerConfigKeys: raft.server.notification.no-leader.timeout = 300s (custom)
datanode_3  | 2020-12-11 01:38:25,162 [pool-19-thread-1] INFO server.RaftServerConfigKeys: raft.server.log.use.memory = false (default)
datanode_3  | 2020-12-11 01:38:25,207 [pool-19-thread-1] INFO server.RaftServerConfigKeys: raft.server.log.purge.gap = 1000000 (custom)
datanode_3  | 2020-12-11 01:38:25,209 [pool-19-thread-1] INFO metrics.RatisMetrics: Creating Metrics Registry : ratis.log_worker.af562305-a0d8-4775-8ee7-f049d2a4676c@group-3B813D742FA9
datanode_3  | 2020-12-11 01:38:25,257 [pool-19-thread-1] INFO server.RaftServerConfigKeys: raft.server.log.appender.buffer.byte-limit = 33554432 (custom)
datanode_3  | 2020-12-11 01:38:25,269 [pool-19-thread-1] INFO server.RaftServerConfigKeys: raft.server.log.segment.size.max = 1048576 (custom)
recon_1     | 	at java.base/java.security.AccessController.doPrivileged(Native Method)
recon_1     | 	at org.apache.derby.impl.jdbc.EmbedConnection.createPersistentService(Unknown Source)
recon_1     | 	... 60 more
recon_1     | 2020-12-11 01:37:54,356 [main] INFO persistence.DefaultDataSourceProvider: JDBC Url for Recon : jdbc:derby:${ozone.recon.db.dir}/ozone_recon_derby.db 
recon_1     | 2020-12-11 01:37:54,458 [main] ERROR persistence.DerbyDataSourceProvider: Error creating Recon Derby DB.
recon_1     | java.sql.SQLException: Failed to create database '${ozone.recon.db.dir}/ozone_recon_derby.db', see the next exception for details.
recon_1     | 	at org.apache.derby.impl.jdbc.SQLExceptionFactory.getSQLException(Unknown Source)
recon_1     | 	at org.apache.derby.impl.jdbc.SQLExceptionFactory.getSQLException(Unknown Source)
recon_1     | 	at org.apache.derby.impl.jdbc.Util.seeNextException(Unknown Source)
om3_1       | 2020-12-11 01:38:39,068 [pool-17-thread-1] INFO metrics.RatisMetrics: Creating Metrics Registry : ratis.server.om3@group-D66704EFC61C
om3_1       | 2020-12-11 01:38:39,086 [Socket Reader #1 for port 9862] INFO ipc.Server: Starting Socket Reader #1 for port 9862
om3_1       | 2020-12-11 01:38:39,832 [Listener at om3/9862] INFO impl.MetricsConfig: Loaded properties from hadoop-metrics2.properties
om3_1       | 2020-12-11 01:38:40,027 [Listener at om3/9862] INFO impl.MetricsSystemImpl: Scheduled Metric snapshot period at 10 second(s).
om3_1       | 2020-12-11 01:38:40,027 [Listener at om3/9862] INFO impl.MetricsSystemImpl: OzoneManager metrics system started
om3_1       | 2020-12-11 01:38:40,154 [Listener at om3/9862] INFO om.OzoneManager: OzoneManager RPC server is listening at om3/172.19.0.6:9862
om3_1       | 2020-12-11 01:38:40,154 [Listener at om3/9862] INFO ratis.OzoneManagerRatisServer: Starting OzoneManagerRatisServer om3 at port 9872
om3_1       | 2020-12-11 01:38:40,160 [Listener at om3/9862] INFO impl.RaftServerImpl: om3@group-D66704EFC61C: start as a follower, conf=-1: [om1|rpc:om1:9872, om3|rpc:om3:9872, om2|rpc:om2:9872], old=null
om3_1       | 2020-12-11 01:38:40,161 [Listener at om3/9862] INFO impl.RaftServerImpl: om3@group-D66704EFC61C: changes role from      null to FOLLOWER at term 0 for startAsFollower
om3_1       | 2020-12-11 01:38:40,167 [Listener at om3/9862] INFO impl.RoleInfo: om3: start om3@group-D66704EFC61C-FollowerState
om3_1       | 2020-12-11 01:38:40,173 [Listener at om3/9862] INFO util.JmxRegister: Successfully registered JMX Bean with object name Ratis:service=RaftServer,group=group-D66704EFC61C,id=om3
om3_1       | 2020-12-11 01:38:40,182 [Listener at om3/9862] INFO metrics.RatisMetrics: Creating Metrics Registry : ratis.state_machine.om3@group-D66704EFC61C
om3_1       | 2020-12-11 01:38:40,202 [Listener at om3/9862] INFO impl.RaftServerProxy: om3: start RPC server
om3_1       | 2020-12-11 01:38:40,402 [Listener at om3/9862] INFO server.GrpcService: om3: GrpcService started, listening on 0.0.0.0/0.0.0.0:9872
om3_1       | 2020-12-11 01:38:40,407 [org.apache.ratis.server.JvmPauseMonitor@5fcd1f0a-Monitor] INFO server.RaftServerConfigKeys: raft.server.leaderelection.leader.step-down.wait-time = 10s (default)
om3_1       | 2020-12-11 01:38:40,407 [org.apache.ratis.server.JvmPauseMonitor@5fcd1f0a-Monitor] INFO server.RaftServerConfigKeys: raft.server.rpc.slowness.timeout = 120s (custom)
om3_1       | 2020-12-11 01:38:40,431 [org.apache.ratis.server.JvmPauseMonitor@5fcd1f0a-Monitor] INFO server.JvmPauseMonitor: Starting Ratis JVM pause monitor
om3_1       | 2020-12-11 01:38:40,529 [Listener at om3/9862] INFO http.BaseHttpServer: Starting Web-server for ozoneManager at: http://0.0.0.0:9874
om3_1       | 2020-12-11 01:38:40,530 [Listener at om3/9862] INFO http.BaseHttpServer: Hadoop Security Enabled: false Ozone Security Enabled: false Ozone HTTP Security Enabled: false 
om3_1       | 2020-12-11 01:38:40,625 [Listener at om3/9862] INFO util.log: Logging initialized @21085ms to org.eclipse.jetty.util.log.Slf4jLog
om3_1       | 2020-12-11 01:38:41,059 [org.apache.ratis.server.JvmPauseMonitor@5fcd1f0a-Monitor] WARN server.JvmPauseMonitor: Detected pause in JVM or host machine (eg GC): pause of approximately 2ms
om3_1       | GC pool 'ParNew' had collection(s): count=1 time=57ms
om1_1       | 2020-12-11 01:38:40,061 [Listener at om1/9862] INFO impl.MetricsSystemImpl: OzoneManager metrics system started
datanode_2  | 2020-12-11 01:38:31,062 [grpc-default-executor-1] INFO impl.RaftServerImpl: 2d476f9f-b470-43fb-adca-863a8792a1e5@group-3BB6E1BE6667: change Leader from null to b088de62-c389-48dc-a6aa-da0849eb85d2 at term 1 for appendEntries, leader elected after 4672ms
om2_1       | 2020-12-11 01:38:39,265 [pool-17-thread-1] INFO server.RaftServerConfigKeys: raft.server.snapshot.auto.trigger.enabled = true (custom)
scm_1       | 	at java.base/javax.security.auth.Subject.doAs(Subject.java:423)
recon_1     | 	at org.apache.derby.impl.jdbc.EmbedConnection.createDatabase(Unknown Source)
datanode_3  | 2020-12-11 01:38:25,358 [pool-19-thread-1] INFO server.RaftServerConfigKeys: raft.server.log.segment.cache.num.max = 2 (custom)
om3_1       | 2020-12-11 01:38:41,153 [Listener at om3/9862] INFO server.AuthenticationFilter: Unable to initialize FileSignerSecretProvider, falling back to use random secrets.
om1_1       | 2020-12-11 01:38:40,178 [Listener at om1/9862] INFO om.OzoneManager: OzoneManager RPC server is listening at om1/172.19.0.10:9862
om1_1       | 2020-12-11 01:38:40,178 [Listener at om1/9862] INFO ratis.OzoneManagerRatisServer: Starting OzoneManagerRatisServer om1 at port 9872
datanode_2  | 2020-12-11 01:38:31,157 [Thread-25] INFO impl.FollowerState: 2d476f9f-b470-43fb-adca-863a8792a1e5@group-D7513681924E-FollowerState: change to CANDIDATE, lastRpcTime:5098ms, electionTimeout:5053ms
om2_1       | 2020-12-11 01:38:39,277 [pool-17-thread-1] INFO server.RaftServerConfigKeys: raft.server.snapshot.auto.trigger.threshold = 400000 (default)
recon_1     | 	at org.apache.derby.impl.jdbc.EmbedConnection.<init>(Unknown Source)
datanode_3  | 2020-12-11 01:38:25,427 [pool-19-thread-1] INFO segmented.SegmentedRaftLogWorker: new af562305-a0d8-4775-8ee7-f049d2a4676c@group-3B813D742FA9-SegmentedRaftLogWorker for RaftStorage:Storage Directory /data/metadata/ratis/4390e5f4-5156-4e7d-94ec-3b813d742fa9
om3_1       | 2020-12-11 01:38:41,167 [Listener at om3/9862] INFO http.HttpRequestLog: Http request log for http.requests.ozoneManager is not defined
scm_1       | 	at org.apache.hadoop.security.UserGroupInformation.doAs(UserGroupInformation.java:1730)
datanode_2  | 2020-12-11 01:38:31,159 [Thread-25] INFO impl.RoleInfo: 2d476f9f-b470-43fb-adca-863a8792a1e5: shutdown 2d476f9f-b470-43fb-adca-863a8792a1e5@group-D7513681924E-FollowerState
om1_1       | 2020-12-11 01:38:40,187 [Listener at om1/9862] INFO impl.RaftServerImpl: om1@group-D66704EFC61C: start as a follower, conf=-1: [om1|rpc:om1:9872, om3|rpc:om3:9872, om2|rpc:om2:9872], old=null
om2_1       | 2020-12-11 01:38:39,284 [pool-17-thread-1] INFO server.RaftServerConfigKeys: raft.server.snapshot.retention.file.num = -1 (default)
recon_1     | 	at org.apache.derby.jdbc.InternalDriver$1.run(Unknown Source)
datanode_3  | 2020-12-11 01:38:25,427 [pool-19-thread-1] INFO server.RaftServerConfigKeys: raft.server.log.queue.byte-limit = 2147483647 (custom)
om3_1       | 2020-12-11 01:38:41,190 [Listener at om3/9862] INFO http.HttpServer2: Added global filter 'safety' (class=org.apache.hadoop.hdds.server.http.HttpServer2$QuotingInputFilter)
scm_1       | 	at org.apache.hadoop.ipc.Server$Handler.run(Server.java:2915)
datanode_2  | 2020-12-11 01:38:31,163 [Thread-25] INFO impl.RaftServerImpl: 2d476f9f-b470-43fb-adca-863a8792a1e5@group-D7513681924E: changes role from  FOLLOWER to CANDIDATE at term 0 for changeToCandidate
om1_1       | 2020-12-11 01:38:40,189 [Listener at om1/9862] INFO impl.RaftServerImpl: om1@group-D66704EFC61C: changes role from      null to FOLLOWER at term 0 for startAsFollower
om2_1       | 2020-12-11 01:38:39,289 [pool-17-thread-1] INFO server.RaftServerConfigKeys: raft.server.log.purge.upto.snapshot.index = true (custom)
recon_1     | 	at org.apache.derby.jdbc.InternalDriver$1.run(Unknown Source)
datanode_3  | 2020-12-11 01:38:25,429 [pool-19-thread-1] INFO server.RaftServerConfigKeys: raft.server.log.queue.element-limit = 1024 (custom)
om3_1       | 2020-12-11 01:38:41,226 [Thread-10] INFO impl.FollowerState: om3@group-D66704EFC61C-FollowerState: change to CANDIDATE, lastRpcTime:1059ms, electionTimeout:1026ms
scm_1       | 2020-12-11 01:38:19,066 [IPC Server handler 0 on default port 9861] INFO ipc.Server: IPC Server handler 0 on default port 9861 caught an exception
scm_1       | java.nio.channels.AsynchronousCloseException
om1_1       | 2020-12-11 01:38:40,190 [Listener at om1/9862] INFO impl.RoleInfo: om1: start om1@group-D66704EFC61C-FollowerState
om1_1       | 2020-12-11 01:38:40,211 [Listener at om1/9862] INFO util.JmxRegister: Successfully registered JMX Bean with object name Ratis:service=RaftServer,group=group-D66704EFC61C,id=om1
recon_1     | 	at java.base/java.security.AccessController.doPrivileged(Native Method)
datanode_3  | 2020-12-11 01:38:25,458 [pool-19-thread-1] INFO server.RaftServerConfigKeys: raft.server.log.segment.size.max = 1048576 (custom)
om3_1       | 2020-12-11 01:38:41,237 [Listener at om3/9862] INFO http.HttpServer2: Added filter static_user_filter (class=org.apache.hadoop.http.lib.StaticUserWebFilter$StaticUserFilter) to context ozoneManager
scm_1       | 	at java.base/sun.nio.ch.SocketChannelImpl.write(SocketChannelImpl.java:471)
datanode_2  | 2020-12-11 01:38:31,165 [Thread-25] INFO impl.RoleInfo: 2d476f9f-b470-43fb-adca-863a8792a1e5: start 2d476f9f-b470-43fb-adca-863a8792a1e5@group-D7513681924E-LeaderElection1
om1_1       | 2020-12-11 01:38:40,221 [Listener at om1/9862] INFO metrics.RatisMetrics: Creating Metrics Registry : ratis.state_machine.om1@group-D66704EFC61C
om2_1       | 2020-12-11 01:38:39,291 [pool-17-thread-1] INFO server.RaftServerConfigKeys: raft.server.retrycache.expirytime = 300s (custom)
recon_1     | 	at org.apache.derby.jdbc.InternalDriver.getNewEmbedConnection(Unknown Source)
datanode_3  | 2020-12-11 01:38:25,460 [pool-19-thread-1] INFO server.RaftServerConfigKeys: raft.server.log.preallocated.size = 16384 (custom)
om3_1       | 2020-12-11 01:38:41,238 [Listener at om3/9862] INFO http.HttpServer2: Added filter static_user_filter (class=org.apache.hadoop.http.lib.StaticUserWebFilter$StaticUserFilter) to context logs
scm_1       | 	at org.apache.hadoop.ipc.Server.channelWrite(Server.java:3550)
datanode_2  | 2020-12-11 01:38:31,209 [grpc-default-executor-1] INFO impl.RaftServerImpl: 2d476f9f-b470-43fb-adca-863a8792a1e5@group-3BB6E1BE6667: set configuration 0: [b088de62-c389-48dc-a6aa-da0849eb85d2|rpc:172.19.0.2:9858|dataStream:, 2d476f9f-b470-43fb-adca-863a8792a1e5|rpc:172.19.0.4:9858|dataStream:, af562305-a0d8-4775-8ee7-f049d2a4676c|rpc:172.19.0.8:9858|dataStream:], old=null at 0
om1_1       | 2020-12-11 01:38:40,235 [Listener at om1/9862] INFO impl.RaftServerProxy: om1: start RPC server
om2_1       | 2020-12-11 01:38:39,339 [Socket Reader #1 for port 9862] INFO ipc.Server: Starting Socket Reader #1 for port 9862
recon_1     | 	at org.apache.derby.jdbc.InternalDriver.connect(Unknown Source)
datanode_3  | 2020-12-11 01:38:25,468 [pool-19-thread-1] INFO server.RaftServerConfigKeys: raft.server.log.write.buffer.size = 1048576 (custom)
om3_1       | 2020-12-11 01:38:41,238 [Listener at om3/9862] INFO http.HttpServer2: Added filter static_user_filter (class=org.apache.hadoop.http.lib.StaticUserWebFilter$StaticUserFilter) to context static
scm_1       | 	at org.apache.hadoop.ipc.Server.access$1700(Server.java:139)
datanode_2  | 2020-12-11 01:38:31,259 [grpc-default-executor-1] INFO segmented.SegmentedRaftLogWorker: 2d476f9f-b470-43fb-adca-863a8792a1e5@group-3BB6E1BE6667-SegmentedRaftLogWorker: Starting segment from index:0
om1_1       | 2020-12-11 01:38:40,454 [Listener at om1/9862] INFO server.GrpcService: om1: GrpcService started, listening on 0.0.0.0/0.0.0.0:9872
om2_1       | 2020-12-11 01:38:39,443 [pool-17-thread-1] INFO metrics.RatisMetrics: Creating Metrics Registry : ratis.leader_election.om2@group-D66704EFC61C
recon_1     | 	at org.apache.derby.jdbc.InternalDriver.connect(Unknown Source)
datanode_3  | 2020-12-11 01:38:25,471 [pool-19-thread-1] INFO server.RaftServerConfigKeys: raft.server.log.force.sync.num = 128 (default)
om3_1       | 2020-12-11 01:38:41,227 [Thread-10] INFO impl.RoleInfo: om3: shutdown om3@group-D66704EFC61C-FollowerState
scm_1       | 	at org.apache.hadoop.ipc.Server$Responder.processResponse(Server.java:1620)
datanode_2  | 2020-12-11 01:38:31,264 [2d476f9f-b470-43fb-adca-863a8792a1e5@group-D7513681924E-LeaderElection1] INFO impl.LeaderElection: 2d476f9f-b470-43fb-adca-863a8792a1e5@group-D7513681924E-LeaderElection1: begin an election at term 1 for -1: [2d476f9f-b470-43fb-adca-863a8792a1e5|rpc:172.19.0.4:9858], old=null
om1_1       | 2020-12-11 01:38:40,466 [org.apache.ratis.server.JvmPauseMonitor@5fcd1f0a-Monitor] INFO server.RaftServerConfigKeys: raft.server.leaderelection.leader.step-down.wait-time = 10s (default)
om2_1       | 2020-12-11 01:38:39,446 [pool-17-thread-1] INFO metrics.RatisMetrics: Creating Metrics Registry : ratis.server.om2@group-D66704EFC61C
recon_1     | 	at org.apache.derby.jdbc.AutoloadedDriver.connect(Unknown Source)
datanode_3  | 2020-12-11 01:38:25,480 [pool-19-thread-1] INFO server.RaftServerConfigKeys: raft.server.log.statemachine.data.sync = true (default)
om3_1       | 2020-12-11 01:38:41,254 [Thread-10] INFO impl.RaftServerImpl: om3@group-D66704EFC61C: changes role from  FOLLOWER to CANDIDATE at term 0 for changeToCandidate
scm_1       | 	at org.apache.hadoop.ipc.Server$Responder.doRespond(Server.java:1690)
datanode_2  | 2020-12-11 01:38:31,270 [2d476f9f-b470-43fb-adca-863a8792a1e5@group-D7513681924E-LeaderElection1] INFO impl.RoleInfo: 2d476f9f-b470-43fb-adca-863a8792a1e5: shutdown 2d476f9f-b470-43fb-adca-863a8792a1e5@group-D7513681924E-LeaderElection1
om1_1       | 2020-12-11 01:38:40,466 [org.apache.ratis.server.JvmPauseMonitor@5fcd1f0a-Monitor] INFO server.RaftServerConfigKeys: raft.server.rpc.slowness.timeout = 120s (custom)
om2_1       | 2020-12-11 01:38:39,783 [Listener at om2/9862] INFO impl.MetricsConfig: Loaded properties from hadoop-metrics2.properties
recon_1     | 	at java.sql/java.sql.DriverManager.getConnection(DriverManager.java:677)
datanode_3  | 2020-12-11 01:38:25,489 [pool-19-thread-1] INFO server.RaftServerConfigKeys: raft.server.log.statemachine.data.sync.timeout = 10s (default)
om3_1       | 2020-12-11 01:38:41,258 [Thread-10] INFO impl.RoleInfo: om3: start om3@group-D66704EFC61C-LeaderElection1
scm_1       | 	at org.apache.hadoop.ipc.Server$Connection.sendResponse(Server.java:2785)
datanode_2  | 2020-12-11 01:38:31,270 [2d476f9f-b470-43fb-adca-863a8792a1e5@group-D7513681924E-LeaderElection1] INFO impl.RaftServerImpl: 2d476f9f-b470-43fb-adca-863a8792a1e5@group-D7513681924E: changes role from CANDIDATE to LEADER at term 1 for changeToLeader
om1_1       | 2020-12-11 01:38:40,548 [org.apache.ratis.server.JvmPauseMonitor@5fcd1f0a-Monitor] INFO server.JvmPauseMonitor: Starting Ratis JVM pause monitor
om2_1       | 2020-12-11 01:38:39,949 [Listener at om2/9862] INFO impl.MetricsSystemImpl: Scheduled Metric snapshot period at 10 second(s).
recon_1     | 	at java.sql/java.sql.DriverManager.getConnection(DriverManager.java:251)
datanode_3  | 2020-12-11 01:38:25,491 [pool-19-thread-1] INFO server.RaftServerConfigKeys: raft.server.log.statemachine.data.sync.timeout.retry = -1 (default)
