datanode_3  | 2020-12-11 02:12:43,087 [Thread-26] INFO impl.RaftServerImpl: 2f6741ce-2ef9-4ac8-be3d-59b69a2410f5@group-DEF25D81032B: changes role from  FOLLOWER to CANDIDATE at term 0 for changeToCandidate
scm_1       | 2020-12-11 02:12:37,790 [EventQueue-OpenPipelineForHealthyPipelineSafeModeRule] INFO safemode.SCMSafeModeManager: SCM in safe mode. Healthy pipelines reported count is 0, required healthy pipeline reported count is 1
datanode_1  | 2020-12-11 02:12:37,522 [pool-19-thread-1] INFO server.RaftServerConfigKeys: raft.server.sleep.deviation.threshold = 300 (default)
datanode_3  | 2020-12-11 02:12:43,091 [Thread-26] INFO impl.RoleInfo: 2f6741ce-2ef9-4ac8-be3d-59b69a2410f5: start 2f6741ce-2ef9-4ac8-be3d-59b69a2410f5@group-DEF25D81032B-LeaderElection1
scm_1       | 2020-12-11 02:12:38,234 [EventQueue-PipelineReportForOneReplicaPipelineSafeModeRule] INFO safemode.SCMSafeModeManager: AtleastOneDatanodeReportedRule rule is successfully validated
datanode_1  | 2020-12-11 02:12:37,522 [pool-19-thread-1] INFO server.RaftServerConfigKeys: raft.server.log.appender.install.snapshot.enabled = false (custom)
datanode_3  | 2020-12-11 02:12:43,100 [2f6741ce-2ef9-4ac8-be3d-59b69a2410f5@group-DEF25D81032B-LeaderElection1] INFO impl.LeaderElection: 2f6741ce-2ef9-4ac8-be3d-59b69a2410f5@group-DEF25D81032B-LeaderElection1: begin an election at term 1 for -1: [2f6741ce-2ef9-4ac8-be3d-59b69a2410f5|rpc:172.24.0.2:9858], old=null
scm_1       | 2020-12-11 02:12:38,234 [EventQueue-OpenPipelineForHealthyPipelineSafeModeRule] INFO safemode.SCMSafeModeManager: SCM in safe mode. Healthy pipelines reported count is 0, required healthy pipeline reported count is 1
datanode_3  | 2020-12-11 02:12:43,101 [2f6741ce-2ef9-4ac8-be3d-59b69a2410f5@group-DEF25D81032B-LeaderElection1] INFO impl.RoleInfo: 2f6741ce-2ef9-4ac8-be3d-59b69a2410f5: shutdown 2f6741ce-2ef9-4ac8-be3d-59b69a2410f5@group-DEF25D81032B-LeaderElection1
datanode_1  | 2020-12-11 02:12:37,522 [pool-19-thread-1] INFO impl.RaftServerImpl: 2ff79757-9856-4d15-a86a-b108aaec2bbf@group-48D1E44F8642: ConfigurationManager, init=-1: [1741e056-cc2e-4ad6-8df9-ce6f4fb531ef|rpc:172.24.0.3:9858, 2ff79757-9856-4d15-a86a-b108aaec2bbf|rpc:172.24.0.7:9858, 2f6741ce-2ef9-4ac8-be3d-59b69a2410f5|rpc:172.24.0.2:9858], old=null, confs=<EMPTY_MAP>
scm_1       | 2020-12-11 02:12:41,610 [EventQueue-PipelineReportForOneReplicaPipelineSafeModeRule] INFO safemode.SCMSafeModeManager: AtleastOneDatanodeReportedRule rule is successfully validated
datanode_3  | 2020-12-11 02:12:43,102 [2f6741ce-2ef9-4ac8-be3d-59b69a2410f5@group-DEF25D81032B-LeaderElection1] INFO impl.RaftServerImpl: 2f6741ce-2ef9-4ac8-be3d-59b69a2410f5@group-DEF25D81032B: changes role from CANDIDATE to LEADER at term 1 for changeToLeader
datanode_3  | 2020-12-11 02:12:43,102 [2f6741ce-2ef9-4ac8-be3d-59b69a2410f5@group-DEF25D81032B-LeaderElection1] INFO ratis.XceiverServerRatis: Leader change notification received for group: group-DEF25D81032B with new leaderId: 2f6741ce-2ef9-4ac8-be3d-59b69a2410f5
scm_1       | 2020-12-11 02:12:41,612 [EventQueue-OpenPipelineForHealthyPipelineSafeModeRule] INFO safemode.SCMSafeModeManager: SCM in safe mode. Healthy pipelines reported count is 0, required healthy pipeline reported count is 1
datanode_3  | 2020-12-11 02:12:43,103 [2f6741ce-2ef9-4ac8-be3d-59b69a2410f5@group-DEF25D81032B-LeaderElection1] INFO impl.RaftServerImpl: 2f6741ce-2ef9-4ac8-be3d-59b69a2410f5@group-DEF25D81032B: change Leader from null to 2f6741ce-2ef9-4ac8-be3d-59b69a2410f5 at term 1 for becomeLeader, leader elected after 5774ms
datanode_1  | 2020-12-11 02:12:37,526 [pool-19-thread-1] INFO server.RaftServerConfigKeys: raft.server.storage.dir = [/data/metadata/ratis] (custom)
scm_1       | 2020-12-11 02:12:41,974 [EventQueue-PipelineReportForOneReplicaPipelineSafeModeRule] INFO safemode.SCMSafeModeManager: AtleastOneDatanodeReportedRule rule is successfully validated
datanode_3  | 2020-12-11 02:12:43,105 [2f6741ce-2ef9-4ac8-be3d-59b69a2410f5@group-DEF25D81032B-LeaderElection1] INFO server.RaftServerConfigKeys: raft.server.staging.catchup.gap = 1000 (default)
datanode_1  | 2020-12-11 02:12:37,531 [pool-19-thread-1] INFO server.RaftServerConfigKeys: raft.server.log.corruption.policy = EXCEPTION (default)
scm_1       | 2020-12-11 02:12:41,975 [EventQueue-PipelineReportForPipelineReportHandler] INFO pipeline.PipelineStateManager: Pipeline Pipeline[ Id: a9046e49-2077-4020-9aaf-48d1e44f8642, Nodes: 2ff79757-9856-4d15-a86a-b108aaec2bbf{ip: 172.24.0.7, host: ozones3-haproxy_datanode_1.ozones3-haproxy_default, networkLocation: /default-rack, certSerialId: null, persistedOpState: IN_SERVICE, persistedOpStateExpiryEpochSec: 0}2f6741ce-2ef9-4ac8-be3d-59b69a2410f5{ip: 172.24.0.2, host: ozones3-haproxy_datanode_3.ozones3-haproxy_default, networkLocation: /default-rack, certSerialId: null, persistedOpState: IN_SERVICE, persistedOpStateExpiryEpochSec: 0}1741e056-cc2e-4ad6-8df9-ce6f4fb531ef{ip: 172.24.0.3, host: ozones3-haproxy_datanode_2.ozones3-haproxy_default, networkLocation: /default-rack, certSerialId: null, persistedOpState: IN_SERVICE, persistedOpStateExpiryEpochSec: 0}, Type:RATIS, Factor:THREE, State:ALLOCATED, leaderId:1741e056-cc2e-4ad6-8df9-ce6f4fb531ef, CreationTimestamp2020-12-11T02:12:34.025569Z] moved to OPEN state
datanode_3  | 2020-12-11 02:12:43,105 [2f6741ce-2ef9-4ac8-be3d-59b69a2410f5@group-DEF25D81032B-LeaderElection1] INFO server.RaftServerConfigKeys: raft.server.rpc.sleep.time = 25ms (default)
datanode_1  | 2020-12-11 02:12:37,540 [pool-19-thread-1] INFO storage.RaftStorageDirectory: The storage directory /data/metadata/ratis/a9046e49-2077-4020-9aaf-48d1e44f8642 does not exist. Creating ...
scm_1       | 2020-12-11 02:12:41,979 [EventQueue-OpenPipelineForHealthyPipelineSafeModeRule] INFO safemode.SCMSafeModeManager: SCM in safe mode. Healthy pipelines reported count is 1, required healthy pipeline reported count is 1
datanode_3  | 2020-12-11 02:12:43,106 [2f6741ce-2ef9-4ac8-be3d-59b69a2410f5@group-DEF25D81032B-LeaderElection1] INFO metrics.RatisMetrics: Creating Metrics Registry : ratis.log_appender.2f6741ce-2ef9-4ac8-be3d-59b69a2410f5@group-DEF25D81032B
datanode_1  | 2020-12-11 02:12:37,548 [pool-19-thread-1] INFO storage.RaftStorageDirectory: Lock on /data/metadata/ratis/a9046e49-2077-4020-9aaf-48d1e44f8642/in_use.lock acquired by nodename 6@b4aaf002a40f
scm_1       | 2020-12-11 02:12:41,979 [EventQueue-OpenPipelineForHealthyPipelineSafeModeRule] INFO safemode.SCMSafeModeManager: HealthyPipelineSafeModeRule rule is successfully validated
datanode_3  | 2020-12-11 02:12:43,108 [2f6741ce-2ef9-4ac8-be3d-59b69a2410f5@group-DEF25D81032B-LeaderElection1] INFO server.RaftServerConfigKeys: raft.server.write.element-limit = 1024 (custom)
datanode_1  | 2020-12-11 02:12:37,559 [pool-19-thread-1] INFO storage.RaftStorage: Storage directory /data/metadata/ratis/a9046e49-2077-4020-9aaf-48d1e44f8642 has been successfully formatted.
scm_1       | 2020-12-11 02:12:41,979 [EventQueue-OpenPipelineForHealthyPipelineSafeModeRule] INFO safemode.SCMSafeModeManager: ScmSafeModeManager, all rules are successfully validated
datanode_3  | 2020-12-11 02:12:43,111 [2f6741ce-2ef9-4ac8-be3d-59b69a2410f5@group-DEF25D81032B-LeaderElection1] INFO server.RaftServerConfigKeys: raft.server.write.byte-limit = 1073741824 (custom)
datanode_1  | 2020-12-11 02:12:37,564 [pool-19-thread-1] INFO ratis.ContainerStateMachine: group-48D1E44F8642: The snapshot info is null. Setting the last applied indexto:(t:0, i:~)
scm_1       | 2020-12-11 02:12:41,979 [EventQueue-OpenPipelineForHealthyPipelineSafeModeRule] INFO safemode.SCMSafeModeManager: SCM exiting safe mode.
datanode_3  | 2020-12-11 02:12:43,116 [2f6741ce-2ef9-4ac8-be3d-59b69a2410f5@group-DEF25D81032B-LeaderElection1] INFO server.RaftServerConfigKeys: raft.server.watch.timeout = 180s (custom)
datanode_1  | 2020-12-11 02:12:37,564 [pool-19-thread-1] INFO server.RaftServerConfigKeys: raft.server.notification.no-leader.timeout = 300s (custom)
datanode_3  | 2020-12-11 02:12:43,119 [2f6741ce-2ef9-4ac8-be3d-59b69a2410f5@group-DEF25D81032B-LeaderElection1] INFO server.RaftServerConfigKeys: raft.server.watch.timeout.denomination = 1s (default)
datanode_3  | 2020-12-11 02:12:43,120 [2f6741ce-2ef9-4ac8-be3d-59b69a2410f5@group-DEF25D81032B-LeaderElection1] INFO server.RaftServerConfigKeys: raft.server.watch.element-limit = 65536 (default)
datanode_3  | 2020-12-11 02:12:43,130 [2f6741ce-2ef9-4ac8-be3d-59b69a2410f5@group-DEF25D81032B-LeaderElection1] INFO impl.RoleInfo: 2f6741ce-2ef9-4ac8-be3d-59b69a2410f5: start 2f6741ce-2ef9-4ac8-be3d-59b69a2410f5@group-DEF25D81032B-LeaderState
datanode_3  | 2020-12-11 02:12:43,134 [2f6741ce-2ef9-4ac8-be3d-59b69a2410f5@group-DEF25D81032B-LeaderElection1] INFO segmented.SegmentedRaftLogWorker: 2f6741ce-2ef9-4ac8-be3d-59b69a2410f5@group-DEF25D81032B-SegmentedRaftLogWorker: Starting segment from index:0
datanode_1  | 2020-12-11 02:12:37,564 [pool-19-thread-1] INFO server.RaftServerConfigKeys: raft.server.log.use.memory = false (default)
datanode_3  | 2020-12-11 02:12:43,137 [2f6741ce-2ef9-4ac8-be3d-59b69a2410f5@group-DEF25D81032B-SegmentedRaftLogWorker] INFO segmented.SegmentedRaftLogWorker: 2f6741ce-2ef9-4ac8-be3d-59b69a2410f5@group-DEF25D81032B-SegmentedRaftLogWorker: created new log segment /data/metadata/ratis/1bdea00c-7ea2-4bc7-873a-def25d81032b/current/log_inprogress_0
datanode_1  | 2020-12-11 02:12:37,564 [pool-19-thread-1] INFO server.RaftServerConfigKeys: raft.server.log.purge.gap = 1000000 (custom)
datanode_3  | 2020-12-11 02:12:43,142 [2f6741ce-2ef9-4ac8-be3d-59b69a2410f5@group-DEF25D81032B-LeaderElection1] INFO impl.RaftServerImpl: 2f6741ce-2ef9-4ac8-be3d-59b69a2410f5@group-DEF25D81032B: set configuration 0: [2f6741ce-2ef9-4ac8-be3d-59b69a2410f5|rpc:172.24.0.2:9858|dataStream:], old=null at 0
datanode_1  | 2020-12-11 02:12:37,565 [pool-19-thread-1] INFO metrics.RatisMetrics: Creating Metrics Registry : ratis.log_worker.2ff79757-9856-4d15-a86a-b108aaec2bbf@group-48D1E44F8642
datanode_3  | 2020-12-11 02:12:50,227 [org.apache.ratis.server.JvmPauseMonitor@3eb0e828-Monitor] WARN server.JvmPauseMonitor: Detected pause in JVM or host machine (eg GC): pause of approximately 3ms
datanode_1  | 2020-12-11 02:12:37,565 [pool-19-thread-1] INFO server.RaftServerConfigKeys: raft.server.log.appender.buffer.byte-limit = 33554432 (custom)
datanode_3  | GC pool 'ParNew' had collection(s): count=2 time=191ms
datanode_1  | 2020-12-11 02:12:37,565 [pool-19-thread-1] INFO server.RaftServerConfigKeys: raft.server.log.segment.size.max = 1048576 (custom)
datanode_3  | 2020-12-11 02:12:50,739 [org.apache.ratis.server.JvmPauseMonitor@3eb0e828-Monitor] WARN server.JvmPauseMonitor: Detected pause in JVM or host machine (eg GC): pause of approximately 11ms
datanode_1  | 2020-12-11 02:12:37,566 [pool-19-thread-1] INFO server.RaftServerConfigKeys: raft.server.log.segment.cache.num.max = 2 (custom)
datanode_3  | GC pool 'ParNew' had collection(s): count=3 time=231ms
datanode_1  | 2020-12-11 02:12:37,567 [pool-19-thread-1] INFO segmented.SegmentedRaftLogWorker: new 2ff79757-9856-4d15-a86a-b108aaec2bbf@group-48D1E44F8642-SegmentedRaftLogWorker for RaftStorage:Storage Directory /data/metadata/ratis/a9046e49-2077-4020-9aaf-48d1e44f8642
datanode_3  | 2020-12-11 02:12:51,243 [org.apache.ratis.server.JvmPauseMonitor@3eb0e828-Monitor] WARN server.JvmPauseMonitor: Detected pause in JVM or host machine (eg GC): pause of approximately 3ms
datanode_1  | 2020-12-11 02:12:37,567 [pool-19-thread-1] INFO server.RaftServerConfigKeys: raft.server.log.queue.byte-limit = 2147483647 (custom)
datanode_3  | GC pool 'ParNew' had collection(s): count=3 time=231ms
datanode_1  | 2020-12-11 02:12:37,567 [pool-19-thread-1] INFO server.RaftServerConfigKeys: raft.server.log.queue.element-limit = 1024 (custom)
datanode_3  | 2020-12-11 02:13:07,757 [org.apache.ratis.server.JvmPauseMonitor@3eb0e828-Monitor] WARN server.JvmPauseMonitor: Detected pause in JVM or host machine (eg GC): pause of approximately 1ms
datanode_1  | 2020-12-11 02:12:37,568 [pool-19-thread-1] INFO server.RaftServerConfigKeys: raft.server.log.segment.size.max = 1048576 (custom)
datanode_3  | GC pool 'ParNew' had collection(s): count=3 time=231ms
datanode_1  | 2020-12-11 02:12:37,568 [pool-19-thread-1] INFO server.RaftServerConfigKeys: raft.server.log.preallocated.size = 16384 (custom)
datanode_3  | 2020-12-11 02:13:10,261 [org.apache.ratis.server.JvmPauseMonitor@3eb0e828-Monitor] WARN server.JvmPauseMonitor: Detected pause in JVM or host machine (eg GC): pause of approximately 1ms
datanode_1  | 2020-12-11 02:12:37,569 [pool-19-thread-1] INFO server.RaftServerConfigKeys: raft.server.log.write.buffer.size = 1048576 (custom)
datanode_3  | GC pool 'ParNew' had collection(s): count=3 time=231ms
datanode_1  | 2020-12-11 02:12:37,575 [pool-19-thread-1] INFO server.RaftServerConfigKeys: raft.server.log.force.sync.num = 128 (default)
datanode_1  | 2020-12-11 02:12:37,575 [pool-19-thread-1] INFO server.RaftServerConfigKeys: raft.server.log.statemachine.data.sync = true (default)
datanode_3  | 2020-12-11 02:13:21,312 [org.apache.ratis.server.JvmPauseMonitor@3eb0e828-Monitor] WARN server.JvmPauseMonitor: Detected pause in JVM or host machine (eg GC): pause of approximately 44ms
datanode_1  | 2020-12-11 02:12:37,575 [pool-19-thread-1] INFO server.RaftServerConfigKeys: raft.server.log.statemachine.data.sync.timeout = 10s (default)
datanode_3  | GC pool 'ParNew' had collection(s): count=4 time=297ms
datanode_1  | 2020-12-11 02:12:37,575 [pool-19-thread-1] INFO server.RaftServerConfigKeys: raft.server.log.statemachine.data.sync.timeout.retry = -1 (default)
datanode_3  | 2020-12-11 02:13:44,332 [org.apache.ratis.server.JvmPauseMonitor@3eb0e828-Monitor] WARN server.JvmPauseMonitor: Detected pause in JVM or host machine (eg GC): pause of approximately 3ms
datanode_1  | 2020-12-11 02:12:37,577 [pool-19-thread-1] INFO server.RaftServerConfigKeys: raft.server.log.statemachine.data.caching.enabled = true (custom)
datanode_3  | GC pool 'ParNew' had collection(s): count=4 time=297ms
datanode_1  | 2020-12-11 02:12:37,589 [pool-19-thread-1] INFO segmented.SegmentedRaftLogWorker: 2ff79757-9856-4d15-a86a-b108aaec2bbf@group-48D1E44F8642-SegmentedRaftLogWorker: flushIndex: setUnconditionally 0 -> -1
datanode_3  | 2020-12-11 02:13:45,343 [org.apache.ratis.server.JvmPauseMonitor@3eb0e828-Monitor] WARN server.JvmPauseMonitor: Detected pause in JVM or host machine (eg GC): pause of approximately 9ms
datanode_1  | 2020-12-11 02:12:37,596 [pool-19-thread-1] INFO segmented.SegmentedRaftLogWorker: 2ff79757-9856-4d15-a86a-b108aaec2bbf@group-48D1E44F8642-SegmentedRaftLogWorker: safeCacheEvictIndex: setUnconditionally 0 -> -1
datanode_3  | GC pool 'ParNew' had collection(s): count=4 time=297ms
datanode_1  | 2020-12-11 02:12:37,603 [pool-19-thread-1] INFO server.RaftServerConfigKeys: raft.server.snapshot.auto.trigger.enabled = true (custom)
datanode_1  | 2020-12-11 02:12:37,604 [pool-19-thread-1] INFO server.RaftServerConfigKeys: raft.server.snapshot.auto.trigger.threshold = 10000 (custom)
datanode_1  | 2020-12-11 02:12:37,605 [pool-19-thread-1] INFO server.RaftServerConfigKeys: raft.server.snapshot.retention.file.num = 5 (custom)
datanode_1  | 2020-12-11 02:12:37,605 [pool-19-thread-1] INFO server.RaftServerConfigKeys: raft.server.log.purge.upto.snapshot.index = false (default)
datanode_1  | 2020-12-11 02:12:37,605 [pool-19-thread-1] INFO server.RaftServerConfigKeys: raft.server.retrycache.expirytime = 600000ms (custom)
datanode_1  | 2020-12-11 02:12:37,607 [pool-19-thread-1] INFO metrics.RatisMetrics: Creating Metrics Registry : ratis.leader_election.2ff79757-9856-4d15-a86a-b108aaec2bbf@group-48D1E44F8642
datanode_1  | 2020-12-11 02:12:37,608 [pool-19-thread-1] INFO metrics.RatisMetrics: Creating Metrics Registry : ratis.server.2ff79757-9856-4d15-a86a-b108aaec2bbf@group-48D1E44F8642
datanode_1  | 2020-12-11 02:12:37,616 [pool-19-thread-1] INFO impl.RaftServerImpl: 2ff79757-9856-4d15-a86a-b108aaec2bbf@group-48D1E44F8642: start as a follower, conf=-1: [1741e056-cc2e-4ad6-8df9-ce6f4fb531ef|rpc:172.24.0.3:9858, 2ff79757-9856-4d15-a86a-b108aaec2bbf|rpc:172.24.0.7:9858, 2f6741ce-2ef9-4ac8-be3d-59b69a2410f5|rpc:172.24.0.2:9858], old=null
datanode_1  | 2020-12-11 02:12:37,621 [pool-19-thread-1] INFO impl.RaftServerImpl: 2ff79757-9856-4d15-a86a-b108aaec2bbf@group-48D1E44F8642: changes role from      null to FOLLOWER at term 0 for startAsFollower
datanode_1  | 2020-12-11 02:12:37,621 [pool-19-thread-1] INFO impl.RoleInfo: 2ff79757-9856-4d15-a86a-b108aaec2bbf: start 2ff79757-9856-4d15-a86a-b108aaec2bbf@group-48D1E44F8642-FollowerState
datanode_1  | 2020-12-11 02:12:37,643 [pool-19-thread-1] INFO util.JmxRegister: Successfully registered JMX Bean with object name Ratis:service=RaftServer,group=group-48D1E44F8642,id=2ff79757-9856-4d15-a86a-b108aaec2bbf
datanode_1  | 2020-12-11 02:12:37,643 [pool-19-thread-1] INFO metrics.RatisMetrics: Creating Metrics Registry : ratis.state_machine.2ff79757-9856-4d15-a86a-b108aaec2bbf@group-48D1E44F8642
datanode_1  | 2020-12-11 02:12:37,874 [org.apache.ratis.server.JvmPauseMonitor@34ecbdc0-Monitor] WARN server.JvmPauseMonitor: Detected pause in JVM or host machine (eg GC): pause of approximately 8ms
datanode_1  | GC pool 'ParNew' had collection(s): count=1 time=29ms
datanode_1  | 2020-12-11 02:12:37,917 [Command processor thread] INFO metrics.RatisMetrics: Creating Metrics Registry : ratis.client_message_metrics.client-CA5C770D7C1D->2f6741ce-2ef9-4ac8-be3d-59b69a2410f5
datanode_1  | 2020-12-11 02:12:38,383 [org.apache.ratis.server.JvmPauseMonitor@34ecbdc0-Monitor] WARN server.JvmPauseMonitor: Detected pause in JVM or host machine (eg GC): pause of approximately 5ms
datanode_1  | GC pool 'ParNew' had collection(s): count=1 time=29ms
datanode_1  | 2020-12-11 02:12:38,887 [org.apache.ratis.server.JvmPauseMonitor@34ecbdc0-Monitor] WARN server.JvmPauseMonitor: Detected pause in JVM or host machine (eg GC): pause of approximately 3ms
datanode_1  | GC pool 'ParNew' had collection(s): count=2 time=105ms
datanode_1  | 2020-12-11 02:12:39,080 [grpc-default-executor-0] INFO metrics.RatisMetrics: Creating Metrics Registry : ratis.server_message_metrics.2ff79757-9856-4d15-a86a-b108aaec2bbf
datanode_1  | 2020-12-11 02:12:39,391 [org.apache.ratis.server.JvmPauseMonitor@34ecbdc0-Monitor] WARN server.JvmPauseMonitor: Detected pause in JVM or host machine (eg GC): pause of approximately 3ms
datanode_1  | GC pool 'ParNew' had collection(s): count=2 time=105ms
datanode_1  | 2020-12-11 02:12:40,253 [Command processor thread] INFO metrics.RatisMetrics: Creating Metrics Registry : ratis.client_message_metrics.client-C5C54C24CAC2->1741e056-cc2e-4ad6-8df9-ce6f4fb531ef
datanode_1  | 2020-12-11 02:12:40,548 [Command processor thread] INFO commandhandler.CreatePipelineCommandHandler: Created Pipeline RATIS THREE PipelineID=a9046e49-2077-4020-9aaf-48d1e44f8642.
datanode_1  | 2020-12-11 02:12:41,928 [grpc-default-executor-0] INFO impl.RaftServerImpl: 2ff79757-9856-4d15-a86a-b108aaec2bbf@group-48D1E44F8642: changes role from  FOLLOWER to FOLLOWER at term 1 for recognizeCandidate:1741e056-cc2e-4ad6-8df9-ce6f4fb531ef
datanode_1  | 2020-12-11 02:12:41,929 [grpc-default-executor-0] INFO impl.RoleInfo: 2ff79757-9856-4d15-a86a-b108aaec2bbf: shutdown 2ff79757-9856-4d15-a86a-b108aaec2bbf@group-48D1E44F8642-FollowerState
datanode_1  | 2020-12-11 02:12:41,929 [grpc-default-executor-0] INFO impl.RoleInfo: 2ff79757-9856-4d15-a86a-b108aaec2bbf: start 2ff79757-9856-4d15-a86a-b108aaec2bbf@group-48D1E44F8642-FollowerState
datanode_1  | 2020-12-11 02:12:41,929 [Thread-27] INFO impl.FollowerState: 2ff79757-9856-4d15-a86a-b108aaec2bbf@group-48D1E44F8642-FollowerState was interrupted: {}
datanode_1  | java.lang.InterruptedException: sleep interrupted
datanode_1  | 	at java.base/java.lang.Thread.sleep(Native Method)
datanode_1  | 	at org.apache.ratis.util.JavaUtils.sleep(JavaUtils.java:250)
datanode_1  | 	at org.apache.ratis.server.impl.FollowerState.run(FollowerState.java:116)
datanode_1  | 2020-12-11 02:12:41,962 [grpc-default-executor-0] INFO impl.RaftServerImpl:  FOLLOWER 2ff79757-9856-4d15-a86a-b108aaec2bbf@group-48D1E44F8642:t1, leader=null, voted=null, raftlog=2ff79757-9856-4d15-a86a-b108aaec2bbf@group-48D1E44F8642-SegmentedRaftLog:OPENED:c-1,f-1,i0, conf=-1: [1741e056-cc2e-4ad6-8df9-ce6f4fb531ef|rpc:172.24.0.3:9858, 2ff79757-9856-4d15-a86a-b108aaec2bbf|rpc:172.24.0.7:9858, 2f6741ce-2ef9-4ac8-be3d-59b69a2410f5|rpc:172.24.0.2:9858], old=null RUNNING priority:0 candidate:1741e056-cc2e-4ad6-8df9-ce6f4fb531ef|rpc:172.24.0.3:9858 candidatePriority:0 compare:0
datanode_1  | 2020-12-11 02:12:42,079 [grpc-default-executor-0] INFO ratis.XceiverServerRatis: Leader change notification received for group: group-48D1E44F8642 with new leaderId: 1741e056-cc2e-4ad6-8df9-ce6f4fb531ef
datanode_1  | 2020-12-11 02:12:42,082 [grpc-default-executor-0] INFO impl.RaftServerImpl: 2ff79757-9856-4d15-a86a-b108aaec2bbf@group-48D1E44F8642: change Leader from null to 1741e056-cc2e-4ad6-8df9-ce6f4fb531ef at term 1 for appendEntries, leader elected after 4514ms
datanode_1  | 2020-12-11 02:12:42,177 [grpc-default-executor-0] INFO impl.RaftServerImpl: 2ff79757-9856-4d15-a86a-b108aaec2bbf@group-48D1E44F8642: set configuration 0: [1741e056-cc2e-4ad6-8df9-ce6f4fb531ef|rpc:172.24.0.3:9858|dataStream:, 2ff79757-9856-4d15-a86a-b108aaec2bbf|rpc:172.24.0.7:9858|dataStream:, 2f6741ce-2ef9-4ac8-be3d-59b69a2410f5|rpc:172.24.0.2:9858|dataStream:], old=null at 0
datanode_1  | 2020-12-11 02:12:42,237 [grpc-default-executor-0] INFO segmented.SegmentedRaftLogWorker: 2ff79757-9856-4d15-a86a-b108aaec2bbf@group-48D1E44F8642-SegmentedRaftLogWorker: Starting segment from index:0
datanode_1  | 2020-12-11 02:12:42,403 [org.apache.ratis.server.JvmPauseMonitor@34ecbdc0-Monitor] WARN server.JvmPauseMonitor: Detected pause in JVM or host machine (eg GC): pause of approximately 5ms
datanode_1  | GC pool 'ParNew' had collection(s): count=2 time=105ms
datanode_1  | 2020-12-11 02:12:42,422 [2ff79757-9856-4d15-a86a-b108aaec2bbf@group-48D1E44F8642-SegmentedRaftLogWorker] INFO segmented.SegmentedRaftLogWorker: 2ff79757-9856-4d15-a86a-b108aaec2bbf@group-48D1E44F8642-SegmentedRaftLogWorker: created new log segment /data/metadata/ratis/a9046e49-2077-4020-9aaf-48d1e44f8642/current/log_inprogress_0
datanode_1  | 2020-12-11 02:12:42,526 [Thread-25] INFO impl.FollowerState: 2ff79757-9856-4d15-a86a-b108aaec2bbf@group-43DC8C560255-FollowerState: change to CANDIDATE, lastRpcTime:5127ms, electionTimeout:5100ms
datanode_1  | 2020-12-11 02:12:42,527 [Thread-25] INFO impl.RoleInfo: 2ff79757-9856-4d15-a86a-b108aaec2bbf: shutdown 2ff79757-9856-4d15-a86a-b108aaec2bbf@group-43DC8C560255-FollowerState
datanode_1  | 2020-12-11 02:12:42,527 [Thread-25] INFO impl.RaftServerImpl: 2ff79757-9856-4d15-a86a-b108aaec2bbf@group-43DC8C560255: changes role from  FOLLOWER to CANDIDATE at term 0 for changeToCandidate
datanode_1  | 2020-12-11 02:12:42,531 [Thread-25] INFO impl.RoleInfo: 2ff79757-9856-4d15-a86a-b108aaec2bbf: start 2ff79757-9856-4d15-a86a-b108aaec2bbf@group-43DC8C560255-LeaderElection1
datanode_1  | 2020-12-11 02:12:42,536 [2ff79757-9856-4d15-a86a-b108aaec2bbf@group-43DC8C560255-LeaderElection1] INFO impl.LeaderElection: 2ff79757-9856-4d15-a86a-b108aaec2bbf@group-43DC8C560255-LeaderElection1: begin an election at term 1 for -1: [2ff79757-9856-4d15-a86a-b108aaec2bbf|rpc:172.24.0.7:9858], old=null
datanode_1  | 2020-12-11 02:12:42,538 [2ff79757-9856-4d15-a86a-b108aaec2bbf@group-43DC8C560255-LeaderElection1] INFO impl.RoleInfo: 2ff79757-9856-4d15-a86a-b108aaec2bbf: shutdown 2ff79757-9856-4d15-a86a-b108aaec2bbf@group-43DC8C560255-LeaderElection1
datanode_1  | 2020-12-11 02:12:42,540 [2ff79757-9856-4d15-a86a-b108aaec2bbf@group-43DC8C560255-LeaderElection1] INFO impl.RaftServerImpl: 2ff79757-9856-4d15-a86a-b108aaec2bbf@group-43DC8C560255: changes role from CANDIDATE to LEADER at term 1 for changeToLeader
datanode_1  | 2020-12-11 02:12:42,540 [2ff79757-9856-4d15-a86a-b108aaec2bbf@group-43DC8C560255-LeaderElection1] INFO ratis.XceiverServerRatis: Leader change notification received for group: group-43DC8C560255 with new leaderId: 2ff79757-9856-4d15-a86a-b108aaec2bbf
datanode_1  | 2020-12-11 02:12:42,541 [2ff79757-9856-4d15-a86a-b108aaec2bbf@group-43DC8C560255-LeaderElection1] INFO impl.RaftServerImpl: 2ff79757-9856-4d15-a86a-b108aaec2bbf@group-43DC8C560255: change Leader from null to 2ff79757-9856-4d15-a86a-b108aaec2bbf at term 1 for becomeLeader, leader elected after 5733ms
datanode_1  | 2020-12-11 02:12:42,548 [2ff79757-9856-4d15-a86a-b108aaec2bbf@group-43DC8C560255-LeaderElection1] INFO server.RaftServerConfigKeys: raft.server.staging.catchup.gap = 1000 (default)
datanode_1  | 2020-12-11 02:12:42,549 [2ff79757-9856-4d15-a86a-b108aaec2bbf@group-43DC8C560255-LeaderElection1] INFO server.RaftServerConfigKeys: raft.server.rpc.sleep.time = 25ms (default)
datanode_1  | 2020-12-11 02:12:42,553 [2ff79757-9856-4d15-a86a-b108aaec2bbf@group-43DC8C560255-LeaderElection1] INFO metrics.RatisMetrics: Creating Metrics Registry : ratis.log_appender.2ff79757-9856-4d15-a86a-b108aaec2bbf@group-43DC8C560255
datanode_1  | 2020-12-11 02:12:42,557 [2ff79757-9856-4d15-a86a-b108aaec2bbf@group-43DC8C560255-LeaderElection1] INFO server.RaftServerConfigKeys: raft.server.write.element-limit = 1024 (custom)
datanode_1  | 2020-12-11 02:12:42,562 [2ff79757-9856-4d15-a86a-b108aaec2bbf@group-43DC8C560255-LeaderElection1] INFO server.RaftServerConfigKeys: raft.server.write.byte-limit = 1073741824 (custom)
datanode_1  | 2020-12-11 02:12:42,572 [2ff79757-9856-4d15-a86a-b108aaec2bbf@group-43DC8C560255-LeaderElection1] INFO server.RaftServerConfigKeys: raft.server.watch.timeout = 180s (custom)
datanode_1  | 2020-12-11 02:12:42,573 [2ff79757-9856-4d15-a86a-b108aaec2bbf@group-43DC8C560255-LeaderElection1] INFO server.RaftServerConfigKeys: raft.server.watch.timeout.denomination = 1s (default)
datanode_1  | 2020-12-11 02:12:42,574 [2ff79757-9856-4d15-a86a-b108aaec2bbf@group-43DC8C560255-LeaderElection1] INFO server.RaftServerConfigKeys: raft.server.watch.element-limit = 65536 (default)
datanode_1  | 2020-12-11 02:12:42,588 [2ff79757-9856-4d15-a86a-b108aaec2bbf@group-43DC8C560255-LeaderElection1] INFO impl.RoleInfo: 2ff79757-9856-4d15-a86a-b108aaec2bbf: start 2ff79757-9856-4d15-a86a-b108aaec2bbf@group-43DC8C560255-LeaderState
datanode_1  | 2020-12-11 02:12:42,595 [2ff79757-9856-4d15-a86a-b108aaec2bbf@group-43DC8C560255-LeaderElection1] INFO segmented.SegmentedRaftLogWorker: 2ff79757-9856-4d15-a86a-b108aaec2bbf@group-43DC8C560255-SegmentedRaftLogWorker: Starting segment from index:0
datanode_1  | 2020-12-11 02:12:42,597 [2ff79757-9856-4d15-a86a-b108aaec2bbf@group-43DC8C560255-SegmentedRaftLogWorker] INFO segmented.SegmentedRaftLogWorker: 2ff79757-9856-4d15-a86a-b108aaec2bbf@group-43DC8C560255-SegmentedRaftLogWorker: created new log segment /data/metadata/ratis/737e58eb-6c94-4366-82a8-43dc8c560255/current/log_inprogress_0
datanode_1  | 2020-12-11 02:12:42,601 [2ff79757-9856-4d15-a86a-b108aaec2bbf@group-43DC8C560255-LeaderElection1] INFO impl.RaftServerImpl: 2ff79757-9856-4d15-a86a-b108aaec2bbf@group-43DC8C560255: set configuration 0: [2ff79757-9856-4d15-a86a-b108aaec2bbf|rpc:172.24.0.7:9858|dataStream:], old=null at 0
datanode_1  | 2020-12-11 02:12:49,910 [org.apache.ratis.server.JvmPauseMonitor@34ecbdc0-Monitor] WARN server.JvmPauseMonitor: Detected pause in JVM or host machine (eg GC): pause of approximately 1ms
datanode_1  | GC pool 'ParNew' had collection(s): count=2 time=105ms
datanode_1  | 2020-12-11 02:12:50,996 [org.apache.ratis.server.JvmPauseMonitor@34ecbdc0-Monitor] WARN server.JvmPauseMonitor: Detected pause in JVM or host machine (eg GC): pause of approximately 84ms
datanode_1  | GC pool 'ParNew' had collection(s): count=3 time=210ms
datanode_1  | 2020-12-11 02:12:58,002 [org.apache.ratis.server.JvmPauseMonitor@34ecbdc0-Monitor] WARN server.JvmPauseMonitor: Detected pause in JVM or host machine (eg GC): pause of approximately 1ms
datanode_1  | GC pool 'ParNew' had collection(s): count=3 time=210ms
datanode_1  | 2020-12-11 02:13:04,007 [org.apache.ratis.server.JvmPauseMonitor@34ecbdc0-Monitor] WARN server.JvmPauseMonitor: Detected pause in JVM or host machine (eg GC): pause of approximately 1ms
datanode_1  | GC pool 'ParNew' had collection(s): count=3 time=210ms
datanode_1  | 2020-12-11 02:13:07,512 [org.apache.ratis.server.JvmPauseMonitor@34ecbdc0-Monitor] WARN server.JvmPauseMonitor: Detected pause in JVM or host machine (eg GC): pause of approximately 1ms
datanode_1  | GC pool 'ParNew' had collection(s): count=3 time=210ms
datanode_1  | 2020-12-11 02:13:32,530 [org.apache.ratis.server.JvmPauseMonitor@34ecbdc0-Monitor] WARN server.JvmPauseMonitor: Detected pause in JVM or host machine (eg GC): pause of approximately 1ms
datanode_1  | GC pool 'ParNew' had collection(s): count=4 time=262ms
datanode_1  | 2020-12-11 02:13:44,539 [org.apache.ratis.server.JvmPauseMonitor@34ecbdc0-Monitor] WARN server.JvmPauseMonitor: Detected pause in JVM or host machine (eg GC): pause of approximately 2ms
datanode_1  | GC pool 'ParNew' had collection(s): count=4 time=262ms
datanode_1  | GC pool 'ConcurrentMarkSweep' had collection(s): count=1 time=17ms
