s3g2_1      | 2022-11-28 19:05:37,036 [main] INFO server.Server: Started @38745ms
datanode_1  | 2022-11-28 19:05:59,556 [pool-22-thread-1] INFO server.RaftServerConfigKeys: raft.server.log.segment.cache.num.max = 2 (custom)
om_1        | 2022-11-28 19:06:07,365 [om1@group-C5BA1605619E-FollowerState] INFO server.RaftServerConfigKeys: raft.server.rpc.first-election.timeout.min = 5s (fallback to raft.server.rpc.timeout.min)
s3g3_1      | 2022-11-28 19:05:12,354 [main] INFO server.session: node0 Scavenging every 600000ms
scm_1       | 2022-11-28 19:05:12,775 [main] INFO grpc.GrpcConfigKeys: raft.grpc.server.async.request.thread.pool.cached = true (default)
s3g2_1      | 2022-11-28 19:05:37,046 [main] INFO impl.MetricsSinkAdapter: Sink prometheus started
datanode_3  | 2022-11-28 19:05:53,651 [pool-22-thread-1] INFO server.RaftServerConfigKeys: raft.server.log.appender.buffer.byte-limit = 33554432 (custom)
datanode_1  | 2022-11-28 19:05:59,556 [pool-22-thread-1] INFO server.RaftServerConfigKeys: raft.server.log.segment.cache.size.max = 200MB (=209715200) (default)
s3g3_1      | 2022-11-28 19:05:12,499 [main] INFO handler.ContextHandler: Started o.e.j.s.ServletContextHandler@5a9f4771{logs,/logs,file:///var/log/hadoop/,AVAILABLE}
scm_1       | 2022-11-28 19:05:12,780 [main] INFO grpc.GrpcConfigKeys: raft.grpc.server.async.request.thread.pool.size = 32 (default)
s3g2_1      | 2022-11-28 19:05:37,046 [main] INFO impl.MetricsSystemImpl: Registered sink prometheus
datanode_3  | 2022-11-28 19:05:53,662 [pool-22-thread-1] INFO server.RaftServerConfigKeys: raft.server.log.statemachine.data.read.timeout = 1000ms (default)
datanode_1  | 2022-11-28 19:05:59,556 [pool-22-thread-1] INFO segmented.SegmentedRaftLogWorker: new d9e2dc95-455b-4268-bfb3-f62fe14f3f2d@group-1B0687052A47-SegmentedRaftLogWorker for RaftStorageImpl:Storage Directory /data/metadata/ratis/daae4862-a836-4636-976f-1b0687052a47
s3g3_1      | 2022-11-28 19:05:12,530 [main] INFO handler.ContextHandler: Started o.e.j.s.ServletContextHandler@6c0d7c83{static,/static,jar:file:/opt/hadoop/share/ozone/lib/ozone-s3gateway-1.3.0-SNAPSHOT.jar!/webapps/static,AVAILABLE}
scm_1       | 2022-11-28 19:05:16,756 [main] INFO impl.DataStreamServerImpl: raft.datastream.type = DISABLED (default)
s3g2_1      | 2022-11-28 19:05:37,048 [main] INFO http.BaseHttpServer: HTTP server of s3gateway listening at http://0.0.0.0:9878
datanode_3  | 2022-11-28 19:05:53,665 [pool-22-thread-1] INFO server.RaftServerConfigKeys: raft.server.log.purge.preservation.log.num = 0 (default)
datanode_1  | 2022-11-28 19:05:59,556 [pool-22-thread-1] INFO server.RaftServerConfigKeys: raft.server.log.queue.byte-limit = 4294967296 (custom)
om_1        | 2022-11-28 19:06:07,366 [om1@group-C5BA1605619E-FollowerState] INFO server.RaftServerConfigKeys: raft.server.rpc.first-election.timeout.max = 5200ms (fallback to raft.server.rpc.timeout.max)
s3g3_1      | WARNING: An illegal reflective access operation has occurred
scm_1       | 2022-11-28 19:05:16,771 [main] INFO server.RaftServerConfigKeys: raft.server.threadpool.proxy.cached = true (default)
datanode_3  | 2022-11-28 19:05:53,694 [pool-22-thread-1] INFO server.RaftServerConfigKeys: raft.server.log.segment.size.max = 1048576 (custom)
datanode_1  | 2022-11-28 19:05:59,566 [pool-22-thread-1] INFO server.RaftServerConfigKeys: raft.server.log.queue.element-limit = 1024 (custom)
om_1        | 2022-11-28 19:06:07,367 [om1-impl-thread1] INFO util.JmxRegister: Successfully registered JMX Bean with object name Ratis:service=RaftServer,group=group-C5BA1605619E,id=om1
s3g3_1      | WARNING: Illegal reflective access by org.jboss.weld.util.reflection.Formats (file:/opt/hadoop/share/ozone/lib/weld-servlet-2.4.7.Final.jar) to constructor com.sun.org.apache.bcel.internal.classfile.ClassParser(java.io.InputStream,java.lang.String)
s3g3_1      | WARNING: Please consider reporting this to the maintainers of org.jboss.weld.util.reflection.Formats
s3g3_1      | WARNING: Use --illegal-access=warn to enable warnings of further illegal reflective access operations
scm_1       | 2022-11-28 19:05:16,860 [main] INFO server.RaftServerConfigKeys: raft.server.threadpool.proxy.size = 0 (default)
datanode_1  | 2022-11-28 19:05:59,566 [pool-22-thread-1] INFO server.RaftServerConfigKeys: raft.server.log.segment.size.max = 1048576 (custom)
om_1        | 2022-11-28 19:06:07,369 [om1-impl-thread1] INFO server.RaftServerConfigKeys: raft.server.snapshot.auto.trigger.enabled = true (custom)
s3g3_1      | WARNING: All illegal access operations will be denied in a future release
scm_1       | 2022-11-28 19:05:16,865 [main] INFO server.RaftServerConfigKeys: raft.server.rpc.slowness.timeout = 120000ms (custom)
datanode_1  | 2022-11-28 19:05:59,566 [pool-22-thread-1] INFO server.RaftServerConfigKeys: raft.server.log.preallocated.size = 16384 (custom)
om_1        | 2022-11-28 19:06:07,369 [om1-impl-thread1] INFO server.RaftServerConfigKeys: raft.server.snapshot.auto.trigger.threshold = 400000 (default)
om_1        | 2022-11-28 19:06:07,370 [om1-impl-thread1] INFO server.RaftServerConfigKeys: raft.server.snapshot.retention.file.num = -1 (default)
scm_1       | 2022-11-28 19:05:16,868 [main] INFO server.RaftServerConfigKeys: raft.server.leaderelection.leader.step-down.wait-time = 10s (default)
s3g3_1      | Nov 28, 2022 7:05:37 PM org.glassfish.jersey.internal.Errors logErrors
om_1        | 2022-11-28 19:06:07,371 [om1-impl-thread1] INFO server.RaftServerConfigKeys: raft.server.log.purge.upto.snapshot.index = true (custom)
om_1        | 2022-11-28 19:06:07,376 [Listener at om/9862] INFO server.RaftServer: om1: start RPC server
scm_1       | 2022-11-28 19:05:17,013 [main] INFO server.RaftServerConfigKeys: raft.server.storage.dir = [/data/metadata/scm-ha] (custom)
s3g3_1      | WARNING: The following warnings have been detected: WARNING: A HTTP GET method, public javax.ws.rs.core.Response org.apache.hadoop.ozone.s3.endpoint.ObjectEndpoint.get(java.lang.String,java.lang.String,java.lang.String,int,java.lang.String,java.io.InputStream) throws java.io.IOException,org.apache.hadoop.ozone.s3.exception.OS3Exception, should not consume any entity.
om_1        | 2022-11-28 19:06:07,444 [Listener at om/9862] INFO server.GrpcService: om1: GrpcService started, listening on 9872
om_1        | 2022-11-28 19:06:07,451 [Listener at om/9862] INFO om.OzoneManager: Version File has different layout version (3) than OM DB (null). That is expected if this OM has never been finalized to a newer layout version.
scm_1       | 2022-11-28 19:05:17,222 [main] INFO server.RaftServer: 70ef1c44-7834-45f3-9ce9-602adaa1013e: addNew group-78D8937F717B:[70ef1c44-7834-45f3-9ce9-602adaa1013e|rpc:e62ad8179095:9894|priority:0|startupRole:FOLLOWER] returns group-78D8937F717B:java.util.concurrent.CompletableFuture@25ddbbbb[Not completed]
s3g3_1      | 
om_1        | 2022-11-28 19:06:07,452 [JvmPauseMonitor0] INFO util.JvmPauseMonitor: JvmPauseMonitor-om1: Started
om_1        | 2022-11-28 19:06:07,497 [Listener at om/9862] INFO http.BaseHttpServer: Starting Web-server for ozoneManager at: http://0.0.0.0:9874
datanode_3  | 2022-11-28 19:05:53,759 [pool-22-thread-1] INFO server.RaftServerConfigKeys: raft.server.log.segment.cache.num.max = 2 (custom)
datanode_3  | 2022-11-28 19:05:53,763 [pool-22-thread-1] INFO server.RaftServerConfigKeys: raft.server.log.segment.cache.size.max = 200MB (=209715200) (default)
datanode_3  | 2022-11-28 19:05:53,834 [pool-22-thread-1] INFO segmented.SegmentedRaftLogWorker: new 89dd40af-af9e-48fd-a2c5-f4816198a70c@group-34B3CCABE2EC-SegmentedRaftLogWorker for RaftStorageImpl:Storage Directory /data/metadata/ratis/1d94a975-59f3-4fcc-88dd-34b3ccabe2ec
datanode_3  | 2022-11-28 19:05:53,839 [pool-22-thread-1] INFO server.RaftServerConfigKeys: raft.server.log.queue.byte-limit = 4294967296 (custom)
datanode_3  | 2022-11-28 19:05:53,845 [pool-22-thread-1] INFO server.RaftServerConfigKeys: raft.server.log.queue.element-limit = 1024 (custom)
datanode_3  | 2022-11-28 19:05:53,848 [pool-22-thread-1] INFO server.RaftServerConfigKeys: raft.server.log.segment.size.max = 1048576 (custom)
datanode_3  | 2022-11-28 19:05:53,848 [pool-22-thread-1] INFO server.RaftServerConfigKeys: raft.server.log.preallocated.size = 16384 (custom)
s3g3_1      | 2022-11-28 19:05:37,893 [main] INFO handler.ContextHandler: Started o.e.j.w.WebAppContext@305552d6{s3gateway,/,file:///tmp/jetty-0_0_0_0-9878-ozone-s3gateway-1_3_0-SNAPSHOT_jar-_-any-2088639853251952627/webapp/,AVAILABLE}{jar:file:/opt/hadoop/share/ozone/lib/ozone-s3gateway-1.3.0-SNAPSHOT.jar!/webapps/s3gateway}
datanode_3  | 2022-11-28 19:05:53,853 [pool-22-thread-1] INFO server.RaftServerConfigKeys: raft.server.log.force.sync.num = 128 (default)
s3g3_1      | 2022-11-28 19:05:37,925 [main] INFO server.AbstractConnector: Started ServerConnector@54504ecd{HTTP/1.1, (http/1.1)}{0.0.0.0:9878}
om_1        | 2022-11-28 19:06:07,497 [Listener at om/9862] INFO http.BaseHttpServer: Hadoop Security Enabled: false Ozone Security Enabled: false Ozone HTTP Security Enabled: false 
scm_1       | 2022-11-28 19:05:17,499 [pool-2-thread-1] INFO server.RaftServer$Division: 70ef1c44-7834-45f3-9ce9-602adaa1013e: new RaftServerImpl for group-78D8937F717B:[70ef1c44-7834-45f3-9ce9-602adaa1013e|rpc:e62ad8179095:9894|priority:0|startupRole:FOLLOWER] with SCMStateMachine:uninitialized
s3g3_1      | 2022-11-28 19:05:37,925 [main] INFO server.Server: Started @39643ms
datanode_1  | 2022-11-28 19:05:59,566 [pool-22-thread-1] INFO server.RaftServerConfigKeys: raft.server.log.force.sync.num = 128 (default)
datanode_3  | 2022-11-28 19:05:53,860 [pool-22-thread-1] INFO server.RaftServerConfigKeys: raft.server.log.statemachine.data.sync = true (default)
scm_1       | 2022-11-28 19:05:17,588 [pool-2-thread-1] INFO server.RaftServerConfigKeys: raft.server.rpc.timeout.min = 5000ms (custom)
scm_1       | 2022-11-28 19:05:17,590 [pool-2-thread-1] INFO server.RaftServerConfigKeys: raft.server.rpc.timeout.max = 5200ms (custom)
datanode_1  | 2022-11-28 19:05:59,566 [pool-22-thread-1] INFO server.RaftServerConfigKeys: raft.server.log.statemachine.data.sync = true (default)
datanode_3  | 2022-11-28 19:05:53,864 [pool-22-thread-1] INFO server.RaftServerConfigKeys: raft.server.log.statemachine.data.sync.timeout = 10s (default)
scm_1       | 2022-11-28 19:05:17,596 [pool-2-thread-1] INFO server.RaftServerConfigKeys: raft.server.rpc.sleep.time = 25ms (default)
scm_1       | 2022-11-28 19:05:17,597 [pool-2-thread-1] INFO server.RaftServerConfigKeys: raft.server.rpc.slowness.timeout = 120000ms (custom)
datanode_1  | 2022-11-28 19:05:59,570 [pool-22-thread-1] INFO server.RaftServerConfigKeys: raft.server.log.statemachine.data.sync.timeout = 10s (default)
datanode_3  | 2022-11-28 19:05:53,866 [pool-22-thread-1] INFO server.RaftServerConfigKeys: raft.server.log.statemachine.data.sync.timeout.retry = -1 (default)
scm_1       | 2022-11-28 19:05:17,600 [pool-2-thread-1] INFO server.RaftServerConfigKeys: raft.server.leaderelection.leader.step-down.wait-time = 10s (default)
scm_1       | 2022-11-28 19:05:17,604 [pool-2-thread-1] INFO server.RaftServerConfigKeys: raft.server.sleep.deviation.threshold = 300ms (default)
datanode_1  | 2022-11-28 19:05:59,570 [pool-22-thread-1] INFO server.RaftServerConfigKeys: raft.server.log.statemachine.data.sync.timeout.retry = -1 (default)
datanode_3  | 2022-11-28 19:05:53,976 [pool-22-thread-1] INFO server.RaftServerConfigKeys: raft.server.log.write.buffer.size = 1048576 (custom)
scm_1       | 2022-11-28 19:05:17,696 [pool-2-thread-1] INFO server.RaftServer$Division: 70ef1c44-7834-45f3-9ce9-602adaa1013e@group-78D8937F717B: ConfigurationManager, init=-1: peers:[70ef1c44-7834-45f3-9ce9-602adaa1013e|rpc:e62ad8179095:9894|priority:0|startupRole:FOLLOWER]|listeners:[], old=null, confs=<EMPTY_MAP>
scm_1       | 2022-11-28 19:05:17,733 [pool-2-thread-1] INFO server.RaftServerConfigKeys: raft.server.storage.dir = [/data/metadata/scm-ha] (custom)
datanode_1  | 2022-11-28 19:05:59,577 [pool-22-thread-1] INFO server.RaftServerConfigKeys: raft.server.log.write.buffer.size = 1048576 (custom)
datanode_3  | 2022-11-28 19:05:53,982 [pool-22-thread-1] INFO server.RaftServerConfigKeys: raft.server.log.appender.buffer.byte-limit = 33554432 (custom)
scm_1       | 2022-11-28 19:05:17,802 [pool-2-thread-1] INFO server.RaftServerConfigKeys: raft.server.log.corruption.policy = EXCEPTION (default)
scm_1       | 2022-11-28 19:05:17,832 [pool-2-thread-1] INFO server.RaftServerConfigKeys: raft.server.storage.free-space.min = 0MB (=0) (default)
s3g3_1      | 2022-11-28 19:05:37,936 [main] INFO impl.MetricsSinkAdapter: Sink prometheus started
datanode_1  | 2022-11-28 19:05:59,581 [pool-22-thread-1] INFO server.RaftServerConfigKeys: raft.server.log.appender.buffer.byte-limit = 33554432 (custom)
datanode_3  | 2022-11-28 19:05:54,062 [pool-22-thread-1] INFO server.RaftServerConfigKeys: raft.server.log.unsafe-flush.enabled = false (default)
datanode_3  | 2022-11-28 19:05:54,063 [pool-22-thread-1] INFO server.RaftServerConfigKeys: raft.server.log.async-flush.enabled = false (default)
om_1        | 2022-11-28 19:06:07,523 [Listener at om/9862] INFO util.log: Logging initialized @16306ms to org.eclipse.jetty.util.log.Slf4jLog
s3g3_1      | 2022-11-28 19:05:37,936 [main] INFO impl.MetricsSystemImpl: Registered sink prometheus
s3g3_1      | 2022-11-28 19:05:37,938 [main] INFO http.BaseHttpServer: HTTP server of s3gateway listening at http://0.0.0.0:9878
om_1        | 2022-11-28 19:06:07,632 [Listener at om/9862] WARN server.AuthenticationFilter: Unable to initialize FileSignerSecretProvider, falling back to use random secrets. Reason: Could not read signature secret file: /opt/hadoop/hadoop-http-auth-signature-secret
datanode_3  | 2022-11-28 19:05:54,066 [pool-22-thread-1] INFO server.RaftServerConfigKeys: raft.server.log.statemachine.data.caching.enabled = true (custom)
datanode_3  | 2022-11-28 19:05:54,122 [pool-22-thread-1] INFO segmented.SegmentedRaftLogWorker: 89dd40af-af9e-48fd-a2c5-f4816198a70c@group-34B3CCABE2EC-SegmentedRaftLogWorker: flushIndex: setUnconditionally 0 -> -1
datanode_3  | 2022-11-28 19:05:54,122 [pool-22-thread-1] INFO segmented.SegmentedRaftLogWorker: 89dd40af-af9e-48fd-a2c5-f4816198a70c@group-34B3CCABE2EC-SegmentedRaftLogWorker: safeCacheEvictIndex: setUnconditionally 0 -> -1
om_1        | 2022-11-28 19:06:07,645 [Listener at om/9862] INFO http.HttpRequestLog: Http request log for http.requests.ozoneManager is not defined
om_1        | 2022-11-28 19:06:07,656 [Listener at om/9862] INFO http.HttpServer2: Added global filter 'safety' (class=org.apache.hadoop.hdds.server.http.HttpServer2$QuotingInputFilter)
datanode_3  | 2022-11-28 19:05:54,158 [pool-22-thread-1] INFO server.RaftServer$Division: 89dd40af-af9e-48fd-a2c5-f4816198a70c@group-34B3CCABE2EC: start as a follower, conf=-1: peers:[89dd40af-af9e-48fd-a2c5-f4816198a70c|rpc:172.19.0.5:9856|admin:172.19.0.5:9857|client:172.19.0.5:9858|priority:1|startupRole:FOLLOWER]|listeners:[], old=null
datanode_3  | 2022-11-28 19:05:54,159 [pool-22-thread-1] INFO server.RaftServer$Division: 89dd40af-af9e-48fd-a2c5-f4816198a70c@group-34B3CCABE2EC: changes role from      null to FOLLOWER at term 0 for startAsFollower
datanode_3  | 2022-11-28 19:05:54,171 [pool-22-thread-1] INFO impl.RoleInfo: 89dd40af-af9e-48fd-a2c5-f4816198a70c: start 89dd40af-af9e-48fd-a2c5-f4816198a70c@group-34B3CCABE2EC-FollowerState
om_1        | 2022-11-28 19:06:07,660 [Listener at om/9862] INFO http.HttpServer2: Added filter static_user_filter (class=org.apache.hadoop.http.lib.StaticUserWebFilter$StaticUserFilter) to context ozoneManager
om_1        | 2022-11-28 19:06:07,660 [Listener at om/9862] INFO http.HttpServer2: Added filter static_user_filter (class=org.apache.hadoop.http.lib.StaticUserWebFilter$StaticUserFilter) to context logs
datanode_3  | 2022-11-28 19:05:54,206 [89dd40af-af9e-48fd-a2c5-f4816198a70c@group-34B3CCABE2EC-FollowerState] INFO server.RaftServerConfigKeys: raft.server.rpc.first-election.timeout.min = 5s (fallback to raft.server.rpc.timeout.min)
datanode_3  | 2022-11-28 19:05:54,220 [pool-22-thread-1] INFO util.JmxRegister: Successfully registered JMX Bean with object name Ratis:service=RaftServer,group=group-34B3CCABE2EC,id=89dd40af-af9e-48fd-a2c5-f4816198a70c
datanode_3  | 2022-11-28 19:05:54,222 [89dd40af-af9e-48fd-a2c5-f4816198a70c@group-34B3CCABE2EC-FollowerState] INFO server.RaftServerConfigKeys: raft.server.rpc.first-election.timeout.max = 5200ms (fallback to raft.server.rpc.timeout.max)
om_1        | 2022-11-28 19:06:07,660 [Listener at om/9862] INFO http.HttpServer2: Added filter static_user_filter (class=org.apache.hadoop.http.lib.StaticUserWebFilter$StaticUserFilter) to context static
om_1        | 2022-11-28 19:06:07,702 [Listener at om/9862] INFO http.HttpServer2: Jetty bound to port 9874
datanode_3  | 2022-11-28 19:05:54,230 [pool-22-thread-1] INFO server.RaftServerConfigKeys: raft.server.snapshot.auto.trigger.enabled = true (custom)
datanode_3  | 2022-11-28 19:05:54,232 [pool-22-thread-1] INFO server.RaftServerConfigKeys: raft.server.snapshot.auto.trigger.threshold = 10000 (custom)
om_1        | 2022-11-28 19:06:07,703 [Listener at om/9862] INFO server.Server: jetty-9.4.49.v20220914; built: 2022-09-14T01:07:36.601Z; git: 4231a3b2e4cb8548a412a789936d640a97b1aa0a; jvm 11.0.14.1+1-LTS
datanode_1  | 2022-11-28 19:05:59,913 [JvmPauseMonitor0] WARN util.JvmPauseMonitor: JvmPauseMonitor-d9e2dc95-455b-4268-bfb3-f62fe14f3f2d: Detected pause in JVM or host machine (eg GC): pause of approximately 263922657ns.
datanode_3  | 2022-11-28 19:05:54,242 [pool-22-thread-1] INFO server.RaftServerConfigKeys: raft.server.snapshot.retention.file.num = 5 (custom)
om_1        | 2022-11-28 19:06:07,837 [Listener at om/9862] INFO server.session: DefaultSessionIdManager workerName=node0
scm_1       | 2022-11-28 19:05:18,297 [pool-2-thread-1] INFO server.RaftServerConfigKeys: raft.server.notification.no-leader.timeout = 60s (default)
datanode_1  | GC pool 'ParNew' had collection(s): count=1 time=324ms
datanode_3  | 2022-11-28 19:05:54,249 [pool-22-thread-1] INFO server.RaftServerConfigKeys: raft.server.log.purge.upto.snapshot.index = false (default)
datanode_3  | 2022-11-28 19:05:54,573 [Command processor thread] INFO ratis.XceiverServerRatis: Created group PipelineID=1d94a975-59f3-4fcc-88dd-34b3ccabe2ec
scm_1       | 2022-11-28 19:05:18,440 [pool-2-thread-1] INFO server.RaftServerConfigKeys: raft.server.retrycache.expirytime = 60000ms (default)
datanode_1  | 2022-11-28 19:05:59,959 [pool-22-thread-1] INFO server.RaftServerConfigKeys: raft.server.log.unsafe-flush.enabled = false (default)
datanode_3  | 2022-11-28 19:05:54,609 [Command processor thread] INFO commandhandler.CreatePipelineCommandHandler: Created Pipeline RATIS ONE PipelineID=1d94a975-59f3-4fcc-88dd-34b3ccabe2ec.
om_1        | 2022-11-28 19:06:07,839 [Listener at om/9862] INFO server.session: No SessionScavenger set, using defaults
scm_1       | 2022-11-28 19:05:18,445 [pool-2-thread-1] INFO server.RaftServerConfigKeys: raft.server.retrycache.statistics.expirytime = 100?s (default)
datanode_1  | 2022-11-28 19:05:59,960 [pool-22-thread-1] INFO server.RaftServerConfigKeys: raft.server.log.async-flush.enabled = false (default)
datanode_3  | 2022-11-28 19:05:54,609 [Command processor thread] INFO server.RaftServer: 89dd40af-af9e-48fd-a2c5-f4816198a70c: addNew group-71B21DEB8D30:[89dd40af-af9e-48fd-a2c5-f4816198a70c|rpc:172.19.0.5:9856|admin:172.19.0.5:9857|client:172.19.0.5:9858|priority:1|startupRole:FOLLOWER, 5fc890ad-7d31-4ea6-b817-f89f1c48b9df|rpc:172.19.0.7:9856|admin:172.19.0.7:9857|client:172.19.0.7:9858|priority:0|startupRole:FOLLOWER, d9e2dc95-455b-4268-bfb3-f62fe14f3f2d|rpc:172.19.0.4:9856|admin:172.19.0.4:9857|client:172.19.0.4:9858|priority:0|startupRole:FOLLOWER] returns group-71B21DEB8D30:java.util.concurrent.CompletableFuture@77ed64a2[Not completed]
om_1        | 2022-11-28 19:06:07,870 [Listener at om/9862] INFO server.session: node0 Scavenging every 600000ms
scm_1       | 2022-11-28 19:05:19,034 [pool-2-thread-1] INFO metrics.MetricRegistries: Loaded MetricRegistries class org.apache.ratis.metrics.impl.MetricRegistriesImpl
datanode_1  | 2022-11-28 19:05:59,963 [pool-22-thread-1] INFO server.RaftServerConfigKeys: raft.server.log.statemachine.data.caching.enabled = true (custom)
datanode_3  | 2022-11-28 19:05:54,620 [pool-22-thread-1] INFO server.RaftServer$Division: 89dd40af-af9e-48fd-a2c5-f4816198a70c: new RaftServerImpl for group-71B21DEB8D30:[89dd40af-af9e-48fd-a2c5-f4816198a70c|rpc:172.19.0.5:9856|admin:172.19.0.5:9857|client:172.19.0.5:9858|priority:1|startupRole:FOLLOWER, 5fc890ad-7d31-4ea6-b817-f89f1c48b9df|rpc:172.19.0.7:9856|admin:172.19.0.7:9857|client:172.19.0.7:9858|priority:0|startupRole:FOLLOWER, d9e2dc95-455b-4268-bfb3-f62fe14f3f2d|rpc:172.19.0.4:9856|admin:172.19.0.4:9857|client:172.19.0.4:9858|priority:0|startupRole:FOLLOWER] with ContainerStateMachine:uninitialized
datanode_3  | 2022-11-28 19:05:54,626 [pool-22-thread-1] INFO server.RaftServerConfigKeys: raft.server.rpc.timeout.min = 5s (custom)
scm_1       | 2022-11-28 19:05:21,287 [pool-2-thread-1] INFO server.RaftServerConfigKeys: raft.server.log.appender.install.snapshot.enabled = false (custom)
scm_1       | 2022-11-28 19:05:21,305 [pool-2-thread-1] INFO server.RaftServerConfigKeys: raft.server.threadpool.server.cached = true (default)
om_1        | 2022-11-28 19:06:07,924 [Listener at om/9862] INFO handler.ContextHandler: Started o.e.j.s.ServletContextHandler@7b5021d1{logs,/logs,file:///var/log/hadoop/,AVAILABLE}
datanode_3  | 2022-11-28 19:05:54,626 [pool-22-thread-1] INFO server.RaftServerConfigKeys: raft.server.rpc.timeout.max = 5200ms (custom)
datanode_1  | 2022-11-28 19:05:59,965 [pool-22-thread-1] INFO segmented.SegmentedRaftLogWorker: d9e2dc95-455b-4268-bfb3-f62fe14f3f2d@group-1B0687052A47-SegmentedRaftLogWorker: flushIndex: setUnconditionally 0 -> -1
scm_1       | 2022-11-28 19:05:21,313 [pool-2-thread-1] INFO server.RaftServerConfigKeys: raft.server.threadpool.server.size = 0 (default)
om_1        | 2022-11-28 19:06:07,928 [Listener at om/9862] INFO handler.ContextHandler: Started o.e.j.s.ServletContextHandler@7ac48f05{static,/static,jar:file:/opt/hadoop/share/ozone/lib/ozone-manager-1.3.0-SNAPSHOT.jar!/webapps/static,AVAILABLE}
datanode_3  | 2022-11-28 19:05:54,626 [pool-22-thread-1] INFO server.RaftServerConfigKeys: raft.server.rpc.sleep.time = 25ms (default)
datanode_1  | 2022-11-28 19:05:59,968 [pool-22-thread-1] INFO segmented.SegmentedRaftLogWorker: d9e2dc95-455b-4268-bfb3-f62fe14f3f2d@group-1B0687052A47-SegmentedRaftLogWorker: safeCacheEvictIndex: setUnconditionally 0 -> -1
scm_1       | 2022-11-28 19:05:21,317 [pool-2-thread-1] INFO server.RaftServerConfigKeys: raft.server.threadpool.client.cached = true (default)
om_1        | 2022-11-28 19:06:08,162 [Listener at om/9862] INFO handler.ContextHandler: Started o.e.j.w.WebAppContext@4899799b{ozoneManager,/,file:///tmp/jetty-0_0_0_0-9874-ozone-manager-1_3_0-SNAPSHOT_jar-_-any-1428648576315256056/webapp/,AVAILABLE}{jar:file:/opt/hadoop/share/ozone/lib/ozone-manager-1.3.0-SNAPSHOT.jar!/webapps/ozoneManager}
datanode_3  | 2022-11-28 19:05:54,627 [pool-22-thread-1] INFO server.RaftServerConfigKeys: raft.server.rpc.slowness.timeout = 300s (custom)
datanode_1  | 2022-11-28 19:06:00,005 [pool-22-thread-1] INFO server.RaftServer$Division: d9e2dc95-455b-4268-bfb3-f62fe14f3f2d@group-1B0687052A47: start as a follower, conf=-1: peers:[89dd40af-af9e-48fd-a2c5-f4816198a70c|rpc:172.19.0.5:9856|admin:172.19.0.5:9857|client:172.19.0.5:9858|dataStream:|priority:0|startupRole:FOLLOWER, 5fc890ad-7d31-4ea6-b817-f89f1c48b9df|rpc:172.19.0.7:9856|admin:172.19.0.7:9857|client:172.19.0.7:9858|dataStream:|priority:0|startupRole:FOLLOWER, d9e2dc95-455b-4268-bfb3-f62fe14f3f2d|rpc:172.19.0.4:9856|admin:172.19.0.4:9857|client:172.19.0.4:9858|dataStream:|priority:1|startupRole:FOLLOWER]|listeners:[], old=null
scm_1       | 2022-11-28 19:05:21,333 [pool-2-thread-1] INFO server.RaftServerConfigKeys: raft.server.threadpool.client.size = 0 (default)
om_1        | 2022-11-28 19:06:08,171 [Listener at om/9862] INFO server.AbstractConnector: Started ServerConnector@eaf8427{HTTP/1.1, (http/1.1)}{0.0.0.0:9874}
datanode_3  | 2022-11-28 19:05:54,627 [pool-22-thread-1] INFO server.RaftServerConfigKeys: raft.server.leaderelection.leader.step-down.wait-time = 10s (default)
datanode_1  | 2022-11-28 19:06:00,005 [pool-22-thread-1] INFO server.RaftServer$Division: d9e2dc95-455b-4268-bfb3-f62fe14f3f2d@group-1B0687052A47: changes role from      null to FOLLOWER at term 0 for startAsFollower
scm_1       | 2022-11-28 19:05:21,365 [70ef1c44-7834-45f3-9ce9-602adaa1013e-impl-thread1] INFO storage.RaftStorageDirectory: The storage directory /data/metadata/scm-ha/510e2915-55d0-4b39-9d98-78d8937f717b does not exist. Creating ...
om_1        | 2022-11-28 19:06:08,171 [Listener at om/9862] INFO server.Server: Started @16954ms
om_1        | 2022-11-28 19:06:08,176 [Listener at om/9862] INFO impl.MetricsSinkAdapter: Sink prometheus started
datanode_1  | 2022-11-28 19:06:00,005 [pool-22-thread-1] INFO impl.RoleInfo: d9e2dc95-455b-4268-bfb3-f62fe14f3f2d: start d9e2dc95-455b-4268-bfb3-f62fe14f3f2d@group-1B0687052A47-FollowerState
datanode_3  | 2022-11-28 19:05:54,627 [pool-22-thread-1] INFO server.RaftServerConfigKeys: raft.server.sleep.deviation.threshold = 300ms (default)
scm_1       | 2022-11-28 19:05:21,417 [70ef1c44-7834-45f3-9ce9-602adaa1013e-impl-thread1] INFO storage.RaftStorageDirectory: Lock on /data/metadata/scm-ha/510e2915-55d0-4b39-9d98-78d8937f717b/in_use.lock acquired by nodename 13@e62ad8179095
datanode_1  | 2022-11-28 19:06:00,013 [Command processor thread] INFO commandhandler.CreatePipelineCommandHandler: Created Pipeline RATIS THREE PipelineID=b75d52a5-a87c-47cc-9a2d-71b21deb8d30.
om_1        | 2022-11-28 19:06:08,176 [Listener at om/9862] INFO impl.MetricsSystemImpl: Registered sink prometheus
datanode_3  | 2022-11-28 19:05:54,628 [pool-22-thread-1] INFO server.RaftServer$Division: 89dd40af-af9e-48fd-a2c5-f4816198a70c@group-71B21DEB8D30: ConfigurationManager, init=-1: peers:[89dd40af-af9e-48fd-a2c5-f4816198a70c|rpc:172.19.0.5:9856|admin:172.19.0.5:9857|client:172.19.0.5:9858|priority:1|startupRole:FOLLOWER, 5fc890ad-7d31-4ea6-b817-f89f1c48b9df|rpc:172.19.0.7:9856|admin:172.19.0.7:9857|client:172.19.0.7:9858|priority:0|startupRole:FOLLOWER, d9e2dc95-455b-4268-bfb3-f62fe14f3f2d|rpc:172.19.0.4:9856|admin:172.19.0.4:9857|client:172.19.0.4:9858|priority:0|startupRole:FOLLOWER]|listeners:[], old=null, confs=<EMPTY_MAP>
datanode_1  | 2022-11-28 19:06:00,018 [pool-22-thread-1] INFO util.JmxRegister: Successfully registered JMX Bean with object name Ratis:service=RaftServer,group=group-1B0687052A47,id=d9e2dc95-455b-4268-bfb3-f62fe14f3f2d
om_1        | 2022-11-28 19:06:08,178 [Listener at om/9862] INFO http.BaseHttpServer: HTTP server of ozoneManager listening at http://0.0.0.0:9874
datanode_3  | 2022-11-28 19:05:54,628 [pool-22-thread-1] INFO server.RaftServerConfigKeys: raft.server.storage.dir = [/data/metadata/ratis] (custom)
datanode_1  | 2022-11-28 19:06:00,034 [pool-22-thread-1] INFO server.RaftServerConfigKeys: raft.server.snapshot.auto.trigger.enabled = true (custom)
om_1        | 2022-11-28 19:06:08,178 [IPC Server Responder] INFO ipc.Server: IPC Server Responder: starting
scm_1       | 2022-11-28 19:05:21,517 [70ef1c44-7834-45f3-9ce9-602adaa1013e-impl-thread1] INFO storage.RaftStorage: Storage directory /data/metadata/scm-ha/510e2915-55d0-4b39-9d98-78d8937f717b has been successfully formatted.
datanode_1  | 2022-11-28 19:06:00,034 [pool-22-thread-1] INFO server.RaftServerConfigKeys: raft.server.snapshot.auto.trigger.threshold = 10000 (custom)
om_1        | 2022-11-28 19:06:08,201 [IPC Server listener on 9862] INFO ipc.Server: IPC Server listener on 9862: starting
om_1        | 2022-11-28 19:06:08,227 [Listener at om/9862] INFO om.OzoneManager: Trash Interval set to 0. Files deleted won't move to trash
scm_1       | 2022-11-28 19:05:21,614 [70ef1c44-7834-45f3-9ce9-602adaa1013e-impl-thread1] INFO server.RaftServerConfigKeys: raft.server.log.use.memory = false (default)
datanode_1  | 2022-11-28 19:06:00,034 [pool-22-thread-1] INFO server.RaftServerConfigKeys: raft.server.snapshot.retention.file.num = 5 (custom)
om_1        | 2022-11-28 19:06:08,252 [org.apache.hadoop.util.JvmPauseMonitor$Monitor@11c7a0b4] INFO util.JvmPauseMonitor: Starting JVM pause monitor
datanode_3  | 2022-11-28 19:05:54,631 [pool-22-thread-1] INFO server.RaftServerConfigKeys: raft.server.log.corruption.policy = EXCEPTION (default)
scm_1       | 2022-11-28 19:05:21,736 [70ef1c44-7834-45f3-9ce9-602adaa1013e-impl-thread1] INFO server.RaftServerConfigKeys: raft.server.log.purge.gap = 1000000 (custom)
datanode_1  | 2022-11-28 19:06:00,034 [pool-22-thread-1] INFO server.RaftServerConfigKeys: raft.server.log.purge.upto.snapshot.index = false (default)
om_1        | 2022-11-28 19:06:12,457 [om1@group-C5BA1605619E-FollowerState] INFO impl.FollowerState: om1@group-C5BA1605619E-FollowerState: change to CANDIDATE, lastRpcElapsedTime:5100855293ns, electionTimeout:5090ms
datanode_3  | 2022-11-28 19:05:54,635 [pool-22-thread-1] INFO server.RaftServerConfigKeys: raft.server.storage.free-space.min = 0MB (=0) (default)
scm_1       | 2022-11-28 19:05:21,760 [70ef1c44-7834-45f3-9ce9-602adaa1013e-impl-thread1] INFO server.RaftServerConfigKeys: raft.server.log.appender.buffer.byte-limit = 33554432 (custom)
datanode_1  | 2022-11-28 19:06:00,041 [d9e2dc95-455b-4268-bfb3-f62fe14f3f2d@group-1B0687052A47-FollowerState] INFO server.RaftServerConfigKeys: raft.server.rpc.first-election.timeout.min = 5s (fallback to raft.server.rpc.timeout.min)
om_1        | 2022-11-28 19:06:12,458 [om1@group-C5BA1605619E-FollowerState] INFO impl.RoleInfo: om1: shutdown om1@group-C5BA1605619E-FollowerState
datanode_3  | 2022-11-28 19:05:54,636 [pool-22-thread-1] INFO server.RaftServerConfigKeys: raft.server.notification.no-leader.timeout = 300s (custom)
scm_1       | 2022-11-28 19:05:21,769 [70ef1c44-7834-45f3-9ce9-602adaa1013e-impl-thread1] INFO server.RaftServerConfigKeys: raft.server.log.statemachine.data.read.timeout = 1000ms (default)
datanode_1  | 2022-11-28 19:06:00,042 [d9e2dc95-455b-4268-bfb3-f62fe14f3f2d@group-1B0687052A47-FollowerState] INFO server.RaftServerConfigKeys: raft.server.rpc.first-election.timeout.max = 5200ms (fallback to raft.server.rpc.timeout.max)
om_1        | 2022-11-28 19:06:12,459 [om1@group-C5BA1605619E-FollowerState] INFO server.RaftServer$Division: om1@group-C5BA1605619E: changes role from  FOLLOWER to CANDIDATE at term 0 for changeToCandidate
datanode_3  | 2022-11-28 19:05:54,636 [pool-22-thread-1] INFO server.RaftServerConfigKeys: raft.server.retrycache.expirytime = 600000ms (custom)
scm_1       | 2022-11-28 19:05:21,787 [70ef1c44-7834-45f3-9ce9-602adaa1013e-impl-thread1] INFO server.RaftServerConfigKeys: raft.server.log.purge.preservation.log.num = 0 (default)
datanode_1  | 2022-11-28 19:06:00,450 [d9e2dc95-455b-4268-bfb3-f62fe14f3f2d@group-F0B9511347E5-FollowerState] INFO impl.FollowerState: d9e2dc95-455b-4268-bfb3-f62fe14f3f2d@group-F0B9511347E5-FollowerState: change to CANDIDATE, lastRpcElapsedTime:5088877956ns, electionTimeout:5076ms
om_1        | 2022-11-28 19:06:12,463 [om1@group-C5BA1605619E-FollowerState] INFO server.RaftServerConfigKeys: raft.server.leaderelection.pre-vote = false (custom)
datanode_3  | 2022-11-28 19:05:54,636 [pool-22-thread-1] INFO server.RaftServerConfigKeys: raft.server.retrycache.statistics.expirytime = 100?s (default)
scm_1       | 2022-11-28 19:05:21,810 [70ef1c44-7834-45f3-9ce9-602adaa1013e-impl-thread1] INFO server.RaftServerConfigKeys: raft.server.log.segment.size.max = 4194304 (custom)
datanode_1  | 2022-11-28 19:06:00,453 [d9e2dc95-455b-4268-bfb3-f62fe14f3f2d@group-F0B9511347E5-FollowerState] INFO impl.RoleInfo: d9e2dc95-455b-4268-bfb3-f62fe14f3f2d: shutdown d9e2dc95-455b-4268-bfb3-f62fe14f3f2d@group-F0B9511347E5-FollowerState
om_1        | 2022-11-28 19:06:12,463 [om1@group-C5BA1605619E-FollowerState] INFO impl.RoleInfo: om1: start om1@group-C5BA1605619E-LeaderElection1
datanode_3  | 2022-11-28 19:05:54,656 [pool-22-thread-1] INFO server.RaftServerConfigKeys: raft.server.log.appender.install.snapshot.enabled = false (custom)
scm_1       | 2022-11-28 19:05:21,979 [70ef1c44-7834-45f3-9ce9-602adaa1013e-impl-thread1] INFO server.RaftServerConfigKeys: raft.server.log.segment.cache.num.max = 2 (custom)
datanode_1  | 2022-11-28 19:06:00,466 [d9e2dc95-455b-4268-bfb3-f62fe14f3f2d@group-F0B9511347E5-FollowerState] INFO server.RaftServer$Division: d9e2dc95-455b-4268-bfb3-f62fe14f3f2d@group-F0B9511347E5: changes role from  FOLLOWER to CANDIDATE at term 0 for changeToCandidate
om_1        | 2022-11-28 19:06:12,479 [om1@group-C5BA1605619E-LeaderElection1] INFO impl.LeaderElection: om1@group-C5BA1605619E-LeaderElection1 ELECTION round 0: submit vote requests at term 1 for -1: peers:[om1|rpc:om:9872|priority:0|startupRole:FOLLOWER]|listeners:[], old=null
datanode_3  | 2022-11-28 19:05:54,662 [pool-22-thread-1] INFO server.RaftServerConfigKeys: raft.server.threadpool.server.cached = true (default)
scm_1       | 2022-11-28 19:05:21,985 [70ef1c44-7834-45f3-9ce9-602adaa1013e-impl-thread1] INFO server.RaftServerConfigKeys: raft.server.log.segment.cache.size.max = 200MB (=209715200) (default)
datanode_1  | 2022-11-28 19:06:00,488 [d9e2dc95-455b-4268-bfb3-f62fe14f3f2d@group-F0B9511347E5-FollowerState] INFO server.RaftServerConfigKeys: raft.server.leaderelection.pre-vote = false (custom)
om_1        | 2022-11-28 19:06:12,480 [om1@group-C5BA1605619E-LeaderElection1] INFO impl.LeaderElection: om1@group-C5BA1605619E-LeaderElection1 ELECTION round 0: result PASSED (term=1)
datanode_3  | 2022-11-28 19:05:54,664 [pool-22-thread-1] INFO server.RaftServerConfigKeys: raft.server.threadpool.server.size = 0 (default)
scm_1       | 2022-11-28 19:05:22,066 [70ef1c44-7834-45f3-9ce9-602adaa1013e-impl-thread1] INFO segmented.SegmentedRaftLogWorker: new 70ef1c44-7834-45f3-9ce9-602adaa1013e@group-78D8937F717B-SegmentedRaftLogWorker for RaftStorageImpl:Storage Directory /data/metadata/scm-ha/510e2915-55d0-4b39-9d98-78d8937f717b
datanode_1  | 2022-11-28 19:06:00,492 [d9e2dc95-455b-4268-bfb3-f62fe14f3f2d@group-F0B9511347E5-FollowerState] INFO impl.RoleInfo: d9e2dc95-455b-4268-bfb3-f62fe14f3f2d: start d9e2dc95-455b-4268-bfb3-f62fe14f3f2d@group-F0B9511347E5-LeaderElection1
om_1        | 2022-11-28 19:06:12,480 [om1@group-C5BA1605619E-LeaderElection1] INFO impl.RoleInfo: om1: shutdown om1@group-C5BA1605619E-LeaderElection1
datanode_3  | 2022-11-28 19:05:54,672 [pool-22-thread-1] INFO server.RaftServerConfigKeys: raft.server.threadpool.client.cached = true (default)
scm_1       | 2022-11-28 19:05:22,068 [70ef1c44-7834-45f3-9ce9-602adaa1013e-impl-thread1] INFO server.RaftServerConfigKeys: raft.server.log.queue.byte-limit = 64MB (=67108864) (default)
datanode_1  | 2022-11-28 19:06:00,522 [d9e2dc95-455b-4268-bfb3-f62fe14f3f2d@group-F0B9511347E5-LeaderElection1] INFO impl.LeaderElection: d9e2dc95-455b-4268-bfb3-f62fe14f3f2d@group-F0B9511347E5-LeaderElection1 ELECTION round 0: submit vote requests at term 1 for -1: peers:[d9e2dc95-455b-4268-bfb3-f62fe14f3f2d|rpc:172.19.0.4:9856|admin:172.19.0.4:9857|client:172.19.0.4:9858|priority:1|startupRole:FOLLOWER]|listeners:[], old=null
om_1        | 2022-11-28 19:06:12,492 [om1@group-C5BA1605619E-LeaderElection1] INFO server.RaftServer$Division: om1@group-C5BA1605619E: changes role from CANDIDATE to LEADER at term 1 for changeToLeader
datanode_3  | 2022-11-28 19:05:54,683 [pool-22-thread-1] INFO server.RaftServerConfigKeys: raft.server.threadpool.client.size = 0 (default)
datanode_3  | 2022-11-28 19:05:54,690 [pool-22-thread-1] INFO storage.RaftStorageDirectory: The storage directory /data/metadata/ratis/b75d52a5-a87c-47cc-9a2d-71b21deb8d30 does not exist. Creating ...
datanode_1  | 2022-11-28 19:06:00,528 [d9e2dc95-455b-4268-bfb3-f62fe14f3f2d@group-F0B9511347E5-LeaderElection1] INFO impl.LeaderElection: d9e2dc95-455b-4268-bfb3-f62fe14f3f2d@group-F0B9511347E5-LeaderElection1 ELECTION round 0: result PASSED (term=1)
om_1        | 2022-11-28 19:06:12,493 [om1@group-C5BA1605619E-LeaderElection1] INFO server.RaftServer$Division: om1@group-C5BA1605619E: change Leader from null to om1 at term 1 for becomeLeader, leader elected after 6231ms
datanode_3  | 2022-11-28 19:05:54,703 [pool-22-thread-1] INFO storage.RaftStorageDirectory: Lock on /data/metadata/ratis/b75d52a5-a87c-47cc-9a2d-71b21deb8d30/in_use.lock acquired by nodename 6@02ddba17f08e
datanode_3  | 2022-11-28 19:05:54,708 [pool-22-thread-1] INFO storage.RaftStorage: Storage directory /data/metadata/ratis/b75d52a5-a87c-47cc-9a2d-71b21deb8d30 has been successfully formatted.
datanode_1  | 2022-11-28 19:06:00,532 [d9e2dc95-455b-4268-bfb3-f62fe14f3f2d@group-F0B9511347E5-LeaderElection1] INFO impl.RoleInfo: d9e2dc95-455b-4268-bfb3-f62fe14f3f2d: shutdown d9e2dc95-455b-4268-bfb3-f62fe14f3f2d@group-F0B9511347E5-LeaderElection1
om_1        | 2022-11-28 19:06:12,503 [om1@group-C5BA1605619E-LeaderElection1] INFO server.RaftServerConfigKeys: raft.server.staging.catchup.gap = 1000 (default)
datanode_3  | 2022-11-28 19:05:54,724 [pool-22-thread-1] INFO ratis.ContainerStateMachine: group-71B21DEB8D30: The snapshot info is null. Setting the last applied indexto:(t:0, i:~)
scm_1       | 2022-11-28 19:05:22,069 [70ef1c44-7834-45f3-9ce9-602adaa1013e-impl-thread1] INFO server.RaftServerConfigKeys: raft.server.log.queue.element-limit = 4096 (default)
datanode_1  | 2022-11-28 19:06:00,535 [d9e2dc95-455b-4268-bfb3-f62fe14f3f2d@group-F0B9511347E5-LeaderElection1] INFO server.RaftServer$Division: d9e2dc95-455b-4268-bfb3-f62fe14f3f2d@group-F0B9511347E5: changes role from CANDIDATE to LEADER at term 1 for changeToLeader
datanode_1  | 2022-11-28 19:06:00,538 [d9e2dc95-455b-4268-bfb3-f62fe14f3f2d@group-F0B9511347E5-LeaderElection1] INFO ratis.XceiverServerRatis: Leader change notification received for group: group-F0B9511347E5 with new leaderId: d9e2dc95-455b-4268-bfb3-f62fe14f3f2d
om_1        | 2022-11-28 19:06:12,507 [om1@group-C5BA1605619E-LeaderElection1] INFO server.RaftServerConfigKeys: raft.server.write.element-limit = 4096 (default)
datanode_3  | 2022-11-28 19:05:54,724 [pool-22-thread-1] INFO server.RaftServerConfigKeys: raft.server.log.use.memory = false (default)
scm_1       | 2022-11-28 19:05:22,104 [70ef1c44-7834-45f3-9ce9-602adaa1013e-impl-thread1] INFO server.RaftServerConfigKeys: raft.server.log.segment.size.max = 4194304 (custom)
datanode_1  | 2022-11-28 19:06:00,586 [d9e2dc95-455b-4268-bfb3-f62fe14f3f2d@group-F0B9511347E5-LeaderElection1] INFO server.RaftServer$Division: d9e2dc95-455b-4268-bfb3-f62fe14f3f2d@group-F0B9511347E5: change Leader from null to d9e2dc95-455b-4268-bfb3-f62fe14f3f2d at term 1 for becomeLeader, leader elected after 5893ms
om_1        | 2022-11-28 19:06:12,508 [om1@group-C5BA1605619E-LeaderElection1] INFO server.RaftServerConfigKeys: raft.server.write.byte-limit = 64MB (=67108864) (default)
datanode_3  | 2022-11-28 19:05:54,724 [pool-22-thread-1] INFO server.RaftServerConfigKeys: raft.server.log.purge.gap = 1000000 (custom)
scm_1       | 2022-11-28 19:05:22,110 [70ef1c44-7834-45f3-9ce9-602adaa1013e-impl-thread1] INFO server.RaftServerConfigKeys: raft.server.log.preallocated.size = 4194304 (custom)
datanode_1  | 2022-11-28 19:06:00,637 [grpc-default-executor-1] INFO server.RaftServer$Division: d9e2dc95-455b-4268-bfb3-f62fe14f3f2d@group-71B21DEB8D30: receive requestVote(ELECTION, 5fc890ad-7d31-4ea6-b817-f89f1c48b9df, group-71B21DEB8D30, 1, (t:0, i:0))
om_1        | 2022-11-28 19:06:12,517 [om1@group-C5BA1605619E-LeaderElection1] INFO server.RaftServerConfigKeys: raft.server.watch.timeout = 10s (default)
datanode_3  | 2022-11-28 19:05:54,731 [pool-22-thread-1] INFO server.RaftServerConfigKeys: raft.server.log.appender.buffer.byte-limit = 33554432 (custom)
scm_1       | 2022-11-28 19:05:22,111 [70ef1c44-7834-45f3-9ce9-602adaa1013e-impl-thread1] INFO server.RaftServerConfigKeys: raft.server.log.force.sync.num = 128 (default)
datanode_1  | 2022-11-28 19:06:00,659 [grpc-default-executor-1] INFO impl.VoteContext: d9e2dc95-455b-4268-bfb3-f62fe14f3f2d@group-71B21DEB8D30-FOLLOWER: accept ELECTION from 5fc890ad-7d31-4ea6-b817-f89f1c48b9df: our priority 0 <= candidate's priority 0
om_1        | 2022-11-28 19:06:12,517 [om1@group-C5BA1605619E-LeaderElection1] INFO server.RaftServerConfigKeys: raft.server.watch.timeout.denomination = 1s (default)
om_1        | 2022-11-28 19:06:12,518 [om1@group-C5BA1605619E-LeaderElection1] INFO server.RaftServerConfigKeys: raft.server.watch.element-limit = 65536 (default)
scm_1       | 2022-11-28 19:05:22,117 [70ef1c44-7834-45f3-9ce9-602adaa1013e-impl-thread1] INFO server.RaftServerConfigKeys: raft.server.log.statemachine.data.sync = true (default)
datanode_3  | 2022-11-28 19:05:54,731 [pool-22-thread-1] INFO server.RaftServerConfigKeys: raft.server.log.statemachine.data.read.timeout = 1000ms (default)
om_1        | 2022-11-28 19:06:12,534 [om1@group-C5BA1605619E-LeaderElection1] INFO server.RaftServerConfigKeys: raft.server.write.element-limit = 4096 (default)
datanode_1  | 2022-11-28 19:06:00,668 [grpc-default-executor-1] INFO server.RaftServer$Division: d9e2dc95-455b-4268-bfb3-f62fe14f3f2d@group-71B21DEB8D30: changes role from  FOLLOWER to FOLLOWER at term 1 for candidate:5fc890ad-7d31-4ea6-b817-f89f1c48b9df
scm_1       | 2022-11-28 19:05:22,137 [70ef1c44-7834-45f3-9ce9-602adaa1013e-impl-thread1] INFO server.RaftServerConfigKeys: raft.server.log.statemachine.data.sync.timeout = 10s (default)
datanode_3  | 2022-11-28 19:05:54,734 [pool-22-thread-1] INFO server.RaftServerConfigKeys: raft.server.log.purge.preservation.log.num = 0 (default)
om_1        | 2022-11-28 19:06:12,536 [om1@group-C5BA1605619E-LeaderElection1] INFO server.RaftServerConfigKeys: raft.server.write.follower.gap.ratio.max = -1.0 (default)
datanode_1  | 2022-11-28 19:06:00,673 [grpc-default-executor-1] INFO impl.RoleInfo: d9e2dc95-455b-4268-bfb3-f62fe14f3f2d: shutdown d9e2dc95-455b-4268-bfb3-f62fe14f3f2d@group-71B21DEB8D30-FollowerState
scm_1       | 2022-11-28 19:05:22,140 [70ef1c44-7834-45f3-9ce9-602adaa1013e-impl-thread1] INFO server.RaftServerConfigKeys: raft.server.log.statemachine.data.sync.timeout.retry = -1 (default)
datanode_3  | 2022-11-28 19:05:54,734 [pool-22-thread-1] INFO server.RaftServerConfigKeys: raft.server.log.segment.size.max = 1048576 (custom)
om_1        | 2022-11-28 19:06:12,569 [om1@group-C5BA1605619E-LeaderElection1] INFO impl.RoleInfo: om1: start om1@group-C5BA1605619E-LeaderStateImpl
datanode_1  | 2022-11-28 19:06:00,676 [grpc-default-executor-1] INFO impl.RoleInfo: d9e2dc95-455b-4268-bfb3-f62fe14f3f2d: start d9e2dc95-455b-4268-bfb3-f62fe14f3f2d@group-71B21DEB8D30-FollowerState
scm_1       | 2022-11-28 19:05:22,274 [70ef1c44-7834-45f3-9ce9-602adaa1013e-impl-thread1] INFO server.RaftServerConfigKeys: raft.server.log.write.buffer.size = 64KB (=65536) (default)
datanode_3  | 2022-11-28 19:05:54,735 [pool-22-thread-1] INFO server.RaftServerConfigKeys: raft.server.log.segment.cache.num.max = 2 (custom)
om_1        | 2022-11-28 19:06:12,626 [om1@group-C5BA1605619E-LeaderElection1] INFO segmented.SegmentedRaftLogWorker: om1@group-C5BA1605619E-SegmentedRaftLogWorker: Starting segment from index:0
om_1        | 2022-11-28 19:06:12,746 [om1@group-C5BA1605619E-LeaderElection1] INFO server.RaftServer$Division: om1@group-C5BA1605619E: set configuration 0: peers:[om1|rpc:om:9872|admin:|client:|dataStream:|priority:0|startupRole:FOLLOWER]|listeners:[], old=null
scm_1       | 2022-11-28 19:05:22,292 [70ef1c44-7834-45f3-9ce9-602adaa1013e-impl-thread1] INFO server.RaftServerConfigKeys: raft.server.log.appender.buffer.byte-limit = 33554432 (custom)
datanode_3  | 2022-11-28 19:05:54,736 [pool-22-thread-1] INFO server.RaftServerConfigKeys: raft.server.log.segment.cache.size.max = 200MB (=209715200) (default)
om_1        | 2022-11-28 19:06:12,938 [om1@group-C5BA1605619E-SegmentedRaftLogWorker] INFO segmented.SegmentedRaftLogWorker: om1@group-C5BA1605619E-SegmentedRaftLogWorker: created new log segment /data/metadata/ratis/bf265839-605b-3f16-9796-c5ba1605619e/current/log_inprogress_0
datanode_1  | 2022-11-28 19:06:00,681 [d9e2dc95-455b-4268-bfb3-f62fe14f3f2d@group-71B21DEB8D30-FollowerState] INFO server.RaftServerConfigKeys: raft.server.rpc.first-election.timeout.min = 5s (fallback to raft.server.rpc.timeout.min)
scm_1       | 2022-11-28 19:05:22,369 [70ef1c44-7834-45f3-9ce9-602adaa1013e-impl-thread1] INFO server.RaftServerConfigKeys: raft.server.log.unsafe-flush.enabled = false (default)
datanode_3  | 2022-11-28 19:05:54,750 [pool-22-thread-1] INFO segmented.SegmentedRaftLogWorker: new 89dd40af-af9e-48fd-a2c5-f4816198a70c@group-71B21DEB8D30-SegmentedRaftLogWorker for RaftStorageImpl:Storage Directory /data/metadata/ratis/b75d52a5-a87c-47cc-9a2d-71b21deb8d30
om_1        | 2022-11-28 19:06:13,313 [om1@group-C5BA1605619E-StateMachineUpdater] INFO ratis.OzoneManagerStateMachine: Received Configuration change notification from Ratis. New Peer list:
datanode_1  | 2022-11-28 19:06:00,681 [d9e2dc95-455b-4268-bfb3-f62fe14f3f2d@group-71B21DEB8D30-FollowerState] INFO impl.FollowerState: d9e2dc95-455b-4268-bfb3-f62fe14f3f2d@group-71B21DEB8D30-FollowerState was interrupted
scm_1       | 2022-11-28 19:05:22,383 [70ef1c44-7834-45f3-9ce9-602adaa1013e-impl-thread1] INFO server.RaftServerConfigKeys: raft.server.log.async-flush.enabled = false (default)
datanode_3  | 2022-11-28 19:05:54,751 [pool-22-thread-1] INFO server.RaftServerConfigKeys: raft.server.log.queue.byte-limit = 4294967296 (custom)
datanode_3  | 2022-11-28 19:05:54,751 [pool-22-thread-1] INFO server.RaftServerConfigKeys: raft.server.log.queue.element-limit = 1024 (custom)
datanode_1  | 2022-11-28 19:06:00,746 [d9e2dc95-455b-4268-bfb3-f62fe14f3f2d@group-71B21DEB8D30-FollowerState] INFO server.RaftServerConfigKeys: raft.server.rpc.first-election.timeout.max = 5200ms (fallback to raft.server.rpc.timeout.max)
scm_1       | 2022-11-28 19:05:22,384 [70ef1c44-7834-45f3-9ce9-602adaa1013e-impl-thread1] INFO server.RaftServerConfigKeys: raft.server.log.statemachine.data.caching.enabled = false (default)
datanode_3  | 2022-11-28 19:05:54,751 [pool-22-thread-1] INFO server.RaftServerConfigKeys: raft.server.log.segment.size.max = 1048576 (custom)
om_1        | [id: "om1"
datanode_1  | 2022-11-28 19:06:00,749 [d9e2dc95-455b-4268-bfb3-f62fe14f3f2d@group-F0B9511347E5-LeaderElection1] INFO server.RaftServerConfigKeys: raft.server.staging.catchup.gap = 1000 (default)
scm_1       | 2022-11-28 19:05:22,482 [70ef1c44-7834-45f3-9ce9-602adaa1013e-impl-thread1] INFO segmented.SegmentedRaftLogWorker: 70ef1c44-7834-45f3-9ce9-602adaa1013e@group-78D8937F717B-SegmentedRaftLogWorker: flushIndex: setUnconditionally 0 -> -1
datanode_3  | 2022-11-28 19:05:54,772 [pool-22-thread-1] INFO server.RaftServerConfigKeys: raft.server.log.preallocated.size = 16384 (custom)
om_1        | address: "om:9872"
om_1        | startupRole: FOLLOWER
datanode_3  | 2022-11-28 19:05:54,777 [pool-22-thread-1] INFO server.RaftServerConfigKeys: raft.server.log.force.sync.num = 128 (default)
om_1        | ]
datanode_1  | 2022-11-28 19:06:00,772 [d9e2dc95-455b-4268-bfb3-f62fe14f3f2d@group-F0B9511347E5-LeaderElection1] INFO server.RaftServerConfigKeys: raft.server.write.element-limit = 1024 (custom)
scm_1       | 2022-11-28 19:05:22,522 [70ef1c44-7834-45f3-9ce9-602adaa1013e-impl-thread1] INFO segmented.SegmentedRaftLogWorker: 70ef1c44-7834-45f3-9ce9-602adaa1013e@group-78D8937F717B-SegmentedRaftLogWorker: safeCacheEvictIndex: setUnconditionally 0 -> -1
datanode_3  | 2022-11-28 19:05:54,778 [pool-22-thread-1] INFO server.RaftServerConfigKeys: raft.server.log.statemachine.data.sync = true (default)
om_1        | 2022-11-28 19:06:20,923 [OM StateMachine ApplyTransaction Thread - 0] INFO volume.OMVolumeCreateRequest: created volume:vol1 for user:hadoop
datanode_1  | 2022-11-28 19:06:00,774 [d9e2dc95-455b-4268-bfb3-f62fe14f3f2d@group-F0B9511347E5-LeaderElection1] INFO server.RaftServerConfigKeys: raft.server.write.byte-limit = 1024 M (=1073741824) (custom)
scm_1       | 2022-11-28 19:05:22,549 [70ef1c44-7834-45f3-9ce9-602adaa1013e-impl-thread1] INFO server.RaftServer$Division: 70ef1c44-7834-45f3-9ce9-602adaa1013e@group-78D8937F717B: start as a follower, conf=-1: peers:[70ef1c44-7834-45f3-9ce9-602adaa1013e|rpc:e62ad8179095:9894|priority:0|startupRole:FOLLOWER]|listeners:[], old=null
datanode_3  | 2022-11-28 19:05:54,778 [pool-22-thread-1] INFO server.RaftServerConfigKeys: raft.server.log.statemachine.data.sync.timeout = 10s (default)
om_1        | 2022-11-28 19:06:20,999 [OM StateMachine ApplyTransaction Thread - 0] INFO bucket.OMBucketCreateRequest: created bucket: bucket1 of layout LEGACY in volume: vol1
datanode_1  | 2022-11-28 19:06:00,785 [grpc-default-executor-1] INFO server.RaftServer$Division: d9e2dc95-455b-4268-bfb3-f62fe14f3f2d@group-71B21DEB8D30 replies to ELECTION vote request: 5fc890ad-7d31-4ea6-b817-f89f1c48b9df<-d9e2dc95-455b-4268-bfb3-f62fe14f3f2d#0:OK-t1. Peer's state: d9e2dc95-455b-4268-bfb3-f62fe14f3f2d@group-71B21DEB8D30:t1, leader=null, voted=5fc890ad-7d31-4ea6-b817-f89f1c48b9df, raftlog=Memoized:d9e2dc95-455b-4268-bfb3-f62fe14f3f2d@group-71B21DEB8D30-SegmentedRaftLog:OPENED:c-1, conf=-1: peers:[89dd40af-af9e-48fd-a2c5-f4816198a70c|rpc:172.19.0.5:9856|admin:172.19.0.5:9857|client:172.19.0.5:9858|priority:1|startupRole:FOLLOWER, 5fc890ad-7d31-4ea6-b817-f89f1c48b9df|rpc:172.19.0.7:9856|admin:172.19.0.7:9857|client:172.19.0.7:9858|priority:0|startupRole:FOLLOWER, d9e2dc95-455b-4268-bfb3-f62fe14f3f2d|rpc:172.19.0.4:9856|admin:172.19.0.4:9857|client:172.19.0.4:9858|priority:0|startupRole:FOLLOWER]|listeners:[], old=null
