rm_1        | 2021-09-14 13:15:06 INFO  RpcServerFactoryPBImpl:173 - Adding protocol org.apache.hadoop.yarn.api.ApplicationMasterProtocolPB to the server
scm_1       | 2021-09-14 13:15:32,932 [EventQueue-OpenPipelineForHealthyPipelineSafeModeRule] INFO safemode.SCMSafeModeManager: SCM in safe mode. Healthy pipelines reported count is 0, required healthy pipeline reported count is 1
datanode_2  | 	at org.apache.ratis.server.impl.FollowerState.run(FollowerState.java:118)
datanode_3  | 	at java.base/java.lang.Thread.sleep(Native Method)
datanode_3  | 	at java.base/java.lang.Thread.sleep(Thread.java:339)
nm_1        | 2021-09-14 13:17:55 INFO  DefaultContainerExecutor:634 - Deleting absolute path : /tmp/hadoop-hadoop/nm-local-dir/usercache/hadoop/appcache/application_1631625306035_0002/container_1631625306035_0002_01_000003/container_tokens
scm_1       | 2021-09-14 13:15:32,988 [EventQueue-OpenPipelineForHealthyPipelineSafeModeRule] INFO safemode.SCMSafeModeManager: SCM in safe mode. Healthy pipelines reported count is 0, required healthy pipeline reported count is 1
datanode_2  | 2021-09-14 13:15:52,557 [grpc-default-executor-1] INFO server.RaftServer$Division: 419587c3-b8c3-41f1-a670-762d3b5483b4@group-75E8CA1AFF1A replies to ELECTION vote request: f1673624-13fe-4312-9619-5f04f7d97c3c<-419587c3-b8c3-41f1-a670-762d3b5483b4#0:OK-t5. Peer's state: 419587c3-b8c3-41f1-a670-762d3b5483b4@group-75E8CA1AFF1A:t5, leader=null, voted=f1673624-13fe-4312-9619-5f04f7d97c3c, raftlog=419587c3-b8c3-41f1-a670-762d3b5483b4@group-75E8CA1AFF1A-SegmentedRaftLog:OPENED:c-1,f-1,i0, conf=-1: [f1673624-13fe-4312-9619-5f04f7d97c3c|rpc:172.22.0.9:9856|admin:172.22.0.9:9857|client:172.22.0.9:9858|priority:1, 419587c3-b8c3-41f1-a670-762d3b5483b4|rpc:172.22.0.8:9856|admin:172.22.0.8:9857|client:172.22.0.8:9858|priority:0, 3b502209-9745-4256-b742-bb19a50bb377|rpc:172.22.0.4:9856|admin:172.22.0.4:9857|client:172.22.0.4:9858|priority:0], old=null
rm_1        | 2021-09-14 13:15:06 INFO  Server:1310 - IPC Server Responder: starting
datanode_3  | 	at java.base/java.util.concurrent.TimeUnit.sleep(TimeUnit.java:446)
nm_1        | 2021-09-14 13:17:55 INFO  NMAuditLogger:94 - USER=hadoop	OPERATION=Container Finished - Succeeded	TARGET=ContainerImpl	RESULT=SUCCESS	APPID=application_1631625306035_0002	CONTAINERID=container_1631625306035_0002_01_000003
datanode_2  | 2021-09-14 13:15:52,663 [grpc-default-executor-1] INFO ratis.XceiverServerRatis: Leader change notification received for group: group-75E8CA1AFF1A with new leaderId: f1673624-13fe-4312-9619-5f04f7d97c3c
scm_1       | 2021-09-14 13:15:40,912 [EventQueue-PipelineReportForPipelineReportHandler] INFO pipeline.PipelineManagerImpl: Pipeline Pipeline[ Id: b4bd6c34-08b4-48cb-b753-c3f53cccf8f1, Nodes: f1673624-13fe-4312-9619-5f04f7d97c3c{ip: 172.22.0.9, host: hadoop31_datanode_1.hadoop31_default, ports: [REPLICATION=9886, RATIS=9858, RATIS_ADMIN=9857, RATIS_SERVER=9856, STANDALONE=9859], networkLocation: /default-rack, certSerialId: null, persistedOpState: IN_SERVICE, persistedOpStateExpiryEpochSec: 0}419587c3-b8c3-41f1-a670-762d3b5483b4{ip: 172.22.0.8, host: hadoop31_datanode_2.hadoop31_default, ports: [REPLICATION=9886, RATIS=9858, RATIS_ADMIN=9857, RATIS_SERVER=9856, STANDALONE=9859], networkLocation: /default-rack, certSerialId: null, persistedOpState: IN_SERVICE, persistedOpStateExpiryEpochSec: 0}3b502209-9745-4256-b742-bb19a50bb377{ip: 172.22.0.4, host: hadoop31_datanode_3.hadoop31_default, ports: [REPLICATION=9886, RATIS=9858, RATIS_ADMIN=9857, RATIS_SERVER=9856, STANDALONE=9859], networkLocation: /default-rack, certSerialId: null, persistedOpState: IN_SERVICE, persistedOpStateExpiryEpochSec: 0}, ReplicationConfig: RATIS/THREE, State:ALLOCATED, leaderId:419587c3-b8c3-41f1-a670-762d3b5483b4, CreationTimestamp2021-09-14T13:15:23.920Z[UTC]] moved to OPEN state
rm_1        | 2021-09-14 13:15:06 INFO  Server:1149 - IPC Server listener on 8030: starting
datanode_3  | 	at org.apache.ratis.util.TimeDuration.sleep(TimeDuration.java:324)
nm_1        | 2021-09-14 13:17:55 INFO  ContainerImpl:2126 - Container container_1631625306035_0002_01_000003 transitioned from EXITED_WITH_SUCCESS to DONE
datanode_2  | 2021-09-14 13:15:52,663 [grpc-default-executor-1] INFO server.RaftServer$Division: 419587c3-b8c3-41f1-a670-762d3b5483b4@group-75E8CA1AFF1A: change Leader from null to f1673624-13fe-4312-9619-5f04f7d97c3c at term 5 for appendEntries, leader elected after 25670ms
scm_1       | 2021-09-14 13:15:40,912 [EventQueue-OpenPipelineForHealthyPipelineSafeModeRule] INFO safemode.SCMSafeModeManager: SCM in safe mode. Healthy pipelines reported count is 0, required healthy pipeline reported count is 1
rm_1        | 2021-09-14 13:15:07 INFO  CallQueueManager:84 - Using callQueue: class java.util.concurrent.LinkedBlockingQueue queueCapacity: 5000 scheduler: class org.apache.hadoop.ipc.DefaultRpcScheduler
datanode_3  | 	at org.apache.ratis.util.TimeDuration.sleep(TimeDuration.java:309)
nm_1        | 2021-09-14 13:17:55 INFO  ApplicationImpl:512 - Removing container_1631625306035_0002_01_000003 from application application_1631625306035_0002
datanode_2  | 2021-09-14 13:15:52,677 [grpc-default-executor-1] INFO server.RaftServer$Division: 419587c3-b8c3-41f1-a670-762d3b5483b4@group-75E8CA1AFF1A: set configuration 0: [f1673624-13fe-4312-9619-5f04f7d97c3c|rpc:172.22.0.9:9856|admin:172.22.0.9:9857|client:172.22.0.9:9858|dataStream:|priority:1, 419587c3-b8c3-41f1-a670-762d3b5483b4|rpc:172.22.0.8:9856|admin:172.22.0.8:9857|client:172.22.0.8:9858|dataStream:|priority:0, 3b502209-9745-4256-b742-bb19a50bb377|rpc:172.22.0.4:9856|admin:172.22.0.4:9857|client:172.22.0.4:9858|dataStream:|priority:0], old=null
scm_1       | 2021-09-14 13:15:40,915 [EventQueue-OpenPipelineForHealthyPipelineSafeModeRule] INFO safemode.SCMSafeModeManager: SCM in safe mode. Healthy pipelines reported count is 1, required healthy pipeline reported count is 1
rm_1        | 2021-09-14 13:15:07 INFO  Server:1070 - Starting Socket Reader #1 for port 8032
datanode_3  | 	at org.apache.ratis.server.impl.FollowerState.run(FollowerState.java:118)
nm_1        | 2021-09-14 13:17:55 INFO  ContainersMonitorImpl:934 - Stopping resource-monitoring for container_1631625306035_0002_01_000003
datanode_2  | 2021-09-14 13:15:52,683 [grpc-default-executor-1] INFO segmented.SegmentedRaftLogWorker: 419587c3-b8c3-41f1-a670-762d3b5483b4@group-75E8CA1AFF1A-SegmentedRaftLogWorker: Starting segment from index:0
scm_1       | 2021-09-14 13:15:40,915 [EventQueue-OpenPipelineForHealthyPipelineSafeModeRule] INFO safemode.SCMSafeModeManager: HealthyPipelineSafeModeRule rule is successfully validated
rm_1        | 2021-09-14 13:15:08 INFO  RpcServerFactoryPBImpl:173 - Adding protocol org.apache.hadoop.yarn.api.ApplicationClientProtocolPB to the server
datanode_3  | 2021-09-14 13:15:37,436 [grpc-default-executor-1] INFO server.RaftServer$Division: 3b502209-9745-4256-b742-bb19a50bb377@group-75E8CA1AFF1A: receive requestVote(ELECTION, f1673624-13fe-4312-9619-5f04f7d97c3c, group-75E8CA1AFF1A, 2, (t:0, i:0))
nm_1        | 2021-09-14 13:17:55 INFO  AuxServices:350 - Got event CONTAINER_STOP for appId application_1631625306035_0002
nm_1        | 2021-09-14 13:17:57 INFO  Server:1845 - Auth successful for appattempt_1631625306035_0002_000001 (auth:SIMPLE)
scm_1       | 2021-09-14 13:15:40,915 [EventQueue-OpenPipelineForHealthyPipelineSafeModeRule] INFO safemode.SCMSafeModeManager: ScmSafeModeManager, all rules are successfully validated
rm_1        | 2021-09-14 13:15:08 INFO  Server:1310 - IPC Server Responder: starting
nm_1        | 2021-09-14 13:17:57 INFO  ContainerManagerImpl:1070 - Start request for container_1631625306035_0002_01_000004 by user hadoop
datanode_2  | 2021-09-14 13:15:52,685 [419587c3-b8c3-41f1-a670-762d3b5483b4@group-75E8CA1AFF1A-SegmentedRaftLogWorker] INFO segmented.SegmentedRaftLogWorker: 419587c3-b8c3-41f1-a670-762d3b5483b4@group-75E8CA1AFF1A-SegmentedRaftLogWorker: created new log segment /data/metadata/ratis/749a0fab-7233-445e-bf20-75e8ca1aff1a/current/log_inprogress_0
datanode_3  | 2021-09-14 13:15:37,436 [grpc-default-executor-0] INFO server.RaftServer$Division: 3b502209-9745-4256-b742-bb19a50bb377@group-75E8CA1AFF1A replies to ELECTION vote request: 419587c3-b8c3-41f1-a670-762d3b5483b4<-3b502209-9745-4256-b742-bb19a50bb377#0:OK-t2. Peer's state: 3b502209-9745-4256-b742-bb19a50bb377@group-75E8CA1AFF1A:t2, leader=null, voted=419587c3-b8c3-41f1-a670-762d3b5483b4, raftlog=3b502209-9745-4256-b742-bb19a50bb377@group-75E8CA1AFF1A-SegmentedRaftLog:OPENED:c-1,f-1,i0, conf=-1: [f1673624-13fe-4312-9619-5f04f7d97c3c|rpc:172.22.0.9:9856|admin:172.22.0.9:9857|client:172.22.0.9:9858|priority:1, 419587c3-b8c3-41f1-a670-762d3b5483b4|rpc:172.22.0.8:9856|admin:172.22.0.8:9857|client:172.22.0.8:9858|priority:0, 3b502209-9745-4256-b742-bb19a50bb377|rpc:172.22.0.4:9856|admin:172.22.0.4:9857|client:172.22.0.4:9858|priority:0], old=null
scm_1       | 2021-09-14 13:15:40,915 [EventQueue-OpenPipelineForHealthyPipelineSafeModeRule] INFO safemode.SCMSafeModeManager: SCM exiting safe mode.
rm_1        | 2021-09-14 13:15:08 INFO  Server:1149 - IPC Server listener on 8032: starting
nm_1        | 2021-09-14 13:17:57 INFO  ApplicationImpl:463 - Adding container_1631625306035_0002_01_000004 to application application_1631625306035_0002
datanode_2  | 2021-09-14 13:16:04,222 [Datanode State Machine Thread - 0] WARN statemachine.StateContext: No available thread in pool for past 30 seconds.
datanode_3  | 2021-09-14 13:15:37,437 [grpc-default-executor-1] INFO impl.VoteContext: 3b502209-9745-4256-b742-bb19a50bb377@group-75E8CA1AFF1A-FOLLOWER: reject ELECTION from f1673624-13fe-4312-9619-5f04f7d97c3c: already has voted for 419587c3-b8c3-41f1-a670-762d3b5483b4 at current term 2
scm_1       | 2021-09-14 13:15:40,915 [EventQueue-OpenPipelineForHealthyPipelineSafeModeRule] WARN events.EventQueue: No event handler registered for event TypedEvent{payloadType=SafeModeStatus, name='Safe mode status'}
rm_1        | 2021-09-14 13:15:08 INFO  ResourceManager:1279 - Transitioned to active state
nm_1        | 2021-09-14 13:17:57 INFO  ContainerImpl:2126 - Container container_1631625306035_0002_01_000004 transitioned from NEW to LOCALIZING
datanode_2  | 2021-09-14 13:16:14,524 [Datanode State Machine Thread - 0] WARN statemachine.StateContext: No available thread in pool for past 30 seconds.
datanode_3  | 2021-09-14 13:15:37,437 [grpc-default-executor-1] INFO server.RaftServer$Division: 3b502209-9745-4256-b742-bb19a50bb377@group-75E8CA1AFF1A replies to ELECTION vote request: f1673624-13fe-4312-9619-5f04f7d97c3c<-3b502209-9745-4256-b742-bb19a50bb377#0:FAIL-t2. Peer's state: 3b502209-9745-4256-b742-bb19a50bb377@group-75E8CA1AFF1A:t2, leader=null, voted=419587c3-b8c3-41f1-a670-762d3b5483b4, raftlog=3b502209-9745-4256-b742-bb19a50bb377@group-75E8CA1AFF1A-SegmentedRaftLog:OPENED:c-1,f-1,i0, conf=-1: [f1673624-13fe-4312-9619-5f04f7d97c3c|rpc:172.22.0.9:9856|admin:172.22.0.9:9857|client:172.22.0.9:9858|priority:1, 419587c3-b8c3-41f1-a670-762d3b5483b4|rpc:172.22.0.8:9856|admin:172.22.0.8:9857|client:172.22.0.8:9858|priority:0, 3b502209-9745-4256-b742-bb19a50bb377|rpc:172.22.0.4:9856|admin:172.22.0.4:9857|client:172.22.0.4:9858|priority:0], old=null
scm_1       | 2021-09-14 13:15:40,915 [EventQueue-OpenPipelineForHealthyPipelineSafeModeRule] INFO ha.SCMContext: Update SafeModeStatus from SafeModeStatus{safeModeStatus=true, preCheckPassed=true} to SafeModeStatus{safeModeStatus=false, preCheckPassed=true}.
rm_1        | 2021-09-14 13:15:18 INFO  RMNodeImpl:671 - nm:40839 Node Transitioned from NEW to RUNNING
nm_1        | 2021-09-14 13:17:57 INFO  AuxServices:350 - Got event CONTAINER_INIT for appId application_1631625306035_0002
datanode_3  | 2021-09-14 13:15:40,879 [grpc-default-executor-1] INFO server.RaftServer$Division: 3b502209-9745-4256-b742-bb19a50bb377@group-C3F53CCCF8F1: receive requestVote(ELECTION, 419587c3-b8c3-41f1-a670-762d3b5483b4, group-C3F53CCCF8F1, 2, (t:0, i:0))
datanode_3  | 2021-09-14 13:15:40,880 [grpc-default-executor-1] INFO impl.VoteContext: 3b502209-9745-4256-b742-bb19a50bb377@group-C3F53CCCF8F1-FOLLOWER: accept ELECTION from 419587c3-b8c3-41f1-a670-762d3b5483b4: our priority 0 <= candidate's priority 1
rm_1        | 2021-09-14 13:15:18 INFO  ResourceTrackerService:495 - NodeManager from node nm(cmPort: 40839 httpPort: 8042) registered with capability: <memory:8192, vCores:8>, assigned nodeId nm:40839
nm_1        | 2021-09-14 13:17:57 INFO  AuxServices:350 - Got event APPLICATION_INIT for appId application_1631625306035_0002
datanode_3  | 2021-09-14 13:15:40,880 [grpc-default-executor-1] INFO server.RaftServer$Division: 3b502209-9745-4256-b742-bb19a50bb377@group-C3F53CCCF8F1: changes role from  FOLLOWER to FOLLOWER at term 2 for candidate:419587c3-b8c3-41f1-a670-762d3b5483b4
scm_1       | 2021-09-14 13:15:40,915 [EventQueue-OpenPipelineForHealthyPipelineSafeModeRule] INFO pipeline.BackgroundPipelineCreator: Service BackgroundPipelineCreator transitions to RUNNING.
rm_1        | 2021-09-14 13:15:18 INFO  CapacityScheduler:1866 - Added node nm:40839 clusterResource: <memory:8192, vCores:8>
nm_1        | 2021-09-14 13:17:57 INFO  AuxServices:354 - Got APPLICATION_INIT for service mapreduce_shuffle
datanode_3  | 2021-09-14 13:15:40,880 [grpc-default-executor-1] INFO impl.RoleInfo: 3b502209-9745-4256-b742-bb19a50bb377: shutdown 3b502209-9745-4256-b742-bb19a50bb377@group-C3F53CCCF8F1-FollowerState
scm_1       | 2021-09-14 13:15:40,915 [EventQueue-OpenPipelineForHealthyPipelineSafeModeRule] INFO container.ReplicationManager: Service ReplicationManager transitions to RUNNING.
rm_1        | 2021-09-14 13:16:45 INFO  ClientRMService:341 - Allocated new applicationId: 1
nm_1        | 2021-09-14 13:17:57 INFO  ShuffleHandler:719 - Added token for job_1631625306035_0002
datanode_3  | 2021-09-14 13:15:40,880 [3b502209-9745-4256-b742-bb19a50bb377@group-C3F53CCCF8F1-FollowerState] INFO impl.FollowerState: 3b502209-9745-4256-b742-bb19a50bb377@group-C3F53CCCF8F1-FollowerState was interrupted: {}
scm_1       | 2021-09-14 13:15:52,591 [EventQueue-PipelineReportForPipelineReportHandler] INFO pipeline.PipelineManagerImpl: Pipeline Pipeline[ Id: 749a0fab-7233-445e-bf20-75e8ca1aff1a, Nodes: 3b502209-9745-4256-b742-bb19a50bb377{ip: 172.22.0.4, host: hadoop31_datanode_3.hadoop31_default, ports: [REPLICATION=9886, RATIS=9858, RATIS_ADMIN=9857, RATIS_SERVER=9856, STANDALONE=9859], networkLocation: /default-rack, certSerialId: null, persistedOpState: IN_SERVICE, persistedOpStateExpiryEpochSec: 0}419587c3-b8c3-41f1-a670-762d3b5483b4{ip: 172.22.0.8, host: hadoop31_datanode_2.hadoop31_default, ports: [REPLICATION=9886, RATIS=9858, RATIS_ADMIN=9857, RATIS_SERVER=9856, STANDALONE=9859], networkLocation: /default-rack, certSerialId: null, persistedOpState: IN_SERVICE, persistedOpStateExpiryEpochSec: 0}f1673624-13fe-4312-9619-5f04f7d97c3c{ip: 172.22.0.9, host: hadoop31_datanode_1.hadoop31_default, ports: [REPLICATION=9886, RATIS=9858, RATIS_ADMIN=9857, RATIS_SERVER=9856, STANDALONE=9859], networkLocation: /default-rack, certSerialId: null, persistedOpState: IN_SERVICE, persistedOpStateExpiryEpochSec: 0}, ReplicationConfig: RATIS/THREE, State:ALLOCATED, leaderId:f1673624-13fe-4312-9619-5f04f7d97c3c, CreationTimestamp2021-09-14T13:15:23.914Z[UTC]] moved to OPEN state
rm_1        | 2021-09-14 13:16:46 INFO  CapacityScheduler:2500 - Application 'application_1631625306035_0001' is submitted without priority hence considering default queue/cluster priority: 0
nm_1        | 2021-09-14 13:17:57 INFO  ContainerImpl:2126 - Container container_1631625306035_0002_01_000004 transitioned from LOCALIZING to SCHEDULED
datanode_3  | java.lang.InterruptedException: sleep interrupted
scm_1       | 2021-09-14 13:16:01,779 [IPC Server handler 2 on default port 9863] INFO ha.SequenceIdGenerator: Allocate a batch for containerId, change lastId from 0 to 1000.
rm_1        | 2021-09-14 13:16:46 INFO  CapacityScheduler:2521 - Priority '0' is acceptable in queue : default for application: application_1631625306035_0001
nm_1        | 2021-09-14 13:17:57 INFO  ContainerScheduler:511 - Starting container [container_1631625306035_0002_01_000004]
datanode_3  | 	at java.base/java.lang.Thread.sleep(Native Method)
scm_1       | 2021-09-14 13:16:01,804 [IPC Server handler 2 on default port 9863] WARN ha.SequenceIdGenerator: Failed to allocate a batch for localId, expected lastId is 0, actual lastId is 107544261427200000.
rm_1        | 2021-09-14 13:16:46 INFO  RMAppImpl:1259 - Storing application with id application_1631625306035_0001
nm_1        | 2021-09-14 13:17:57 INFO  NMAuditLogger:94 - USER=hadoop	IP=172.22.0.2	OPERATION=Start Container Request	TARGET=ContainerManageImpl	RESULT=SUCCESS	APPID=application_1631625306035_0002	CONTAINERID=container_1631625306035_0002_01_000004
datanode_3  | 	at java.base/java.lang.Thread.sleep(Thread.java:339)
scm_1       | 2021-09-14 13:16:01,805 [IPC Server handler 2 on default port 9863] INFO ha.SequenceIdGenerator: Allocate a batch for localId, change lastId from 107544261427200000 to 107544261427201000.
rm_1        | 2021-09-14 13:16:46 INFO  ClientRMService:650 - Application with id 1 submitted by user hadoop
nm_1        | 2021-09-14 13:17:57 INFO  Configuration:3318 - Removed undeclared tags:
datanode_3  | 	at java.base/java.util.concurrent.TimeUnit.sleep(TimeUnit.java:446)
scm_1       | 2021-09-14 13:17:39,106 [IPC Server handler 8 on default port 9863] INFO ha.SequenceIdGenerator: Allocate a batch for delTxnId, change lastId from 0 to 1000.
rm_1        | 2021-09-14 13:16:46 INFO  RMAuditLogger:310 - USER=hadoop	IP=172.22.0.3	OPERATION=Submit Application Request	TARGET=ClientRMService	RESULT=SUCCESS	APPID=application_1631625306035_0001	CALLERCONTEXT=CLI	QUEUENAME=default
nm_1        | 2021-09-14 13:17:57 INFO  ContainerImpl:2126 - Container container_1631625306035_0002_01_000004 transitioned from SCHEDULED to RUNNING
datanode_3  | 	at org.apache.ratis.util.TimeDuration.sleep(TimeDuration.java:324)
rm_1        | 2021-09-14 13:16:46 INFO  RMStateStore:222 - Storing info for app: application_1631625306035_0001
nm_1        | 2021-09-14 13:17:57 INFO  ContainersMonitorImpl:943 - Starting resource-monitoring for container_1631625306035_0002_01_000004
rm_1        | 2021-09-14 13:16:46 INFO  RMAppImpl:912 - application_1631625306035_0001 State change from NEW to NEW_SAVING on event = START
datanode_3  | 	at org.apache.ratis.util.TimeDuration.sleep(TimeDuration.java:309)
nm_1        | 2021-09-14 13:17:57 INFO  DefaultContainerExecutor:370 - launchContainer: [bash, /tmp/hadoop-hadoop/nm-local-dir/usercache/hadoop/appcache/application_1631625306035_0002/container_1631625306035_0002_01_000004/default_container_executor.sh]
rm_1        | 2021-09-14 13:16:46 INFO  RMAppImpl:912 - application_1631625306035_0001 State change from NEW_SAVING to SUBMITTED on event = APP_NEW_SAVED
datanode_3  | 	at org.apache.ratis.server.impl.FollowerState.run(FollowerState.java:118)
nm_1        | 2021-09-14 13:17:57 INFO  NodeStatusUpdaterImpl:696 - Removed completed containers from NM context: [container_1631625306035_0002_01_000003]
rm_1        | 2021-09-14 13:16:46 INFO  ParentQueue:494 - Application added - appId: application_1631625306035_0001 user: hadoop leaf-queue of parent: root #applications: 1
datanode_3  | 2021-09-14 13:15:40,883 [grpc-default-executor-1] INFO impl.RoleInfo: 3b502209-9745-4256-b742-bb19a50bb377: start 3b502209-9745-4256-b742-bb19a50bb377@group-C3F53CCCF8F1-FollowerState
datanode_3  | 2021-09-14 13:15:40,886 [grpc-default-executor-1] INFO server.RaftServer$Division: 3b502209-9745-4256-b742-bb19a50bb377@group-C3F53CCCF8F1 replies to ELECTION vote request: 419587c3-b8c3-41f1-a670-762d3b5483b4<-3b502209-9745-4256-b742-bb19a50bb377#0:OK-t2. Peer's state: 3b502209-9745-4256-b742-bb19a50bb377@group-C3F53CCCF8F1:t2, leader=null, voted=419587c3-b8c3-41f1-a670-762d3b5483b4, raftlog=3b502209-9745-4256-b742-bb19a50bb377@group-C3F53CCCF8F1-SegmentedRaftLog:OPENED:c-1,f-1,i0, conf=-1: [f1673624-13fe-4312-9619-5f04f7d97c3c|rpc:172.22.0.9:9856|admin:172.22.0.9:9857|client:172.22.0.9:9858|priority:0, 419587c3-b8c3-41f1-a670-762d3b5483b4|rpc:172.22.0.8:9856|admin:172.22.0.8:9857|client:172.22.0.8:9858|priority:1, 3b502209-9745-4256-b742-bb19a50bb377|rpc:172.22.0.4:9856|admin:172.22.0.4:9857|client:172.22.0.4:9858|priority:0], old=null
rm_1        | 2021-09-14 13:16:46 INFO  CapacityScheduler:954 - Accepted application application_1631625306035_0001 from user: hadoop, in queue: default
datanode_3  | 2021-09-14 13:15:40,898 [grpc-default-executor-1] INFO server.RaftServer$Division: 3b502209-9745-4256-b742-bb19a50bb377@group-C3F53CCCF8F1: receive requestVote(ELECTION, f1673624-13fe-4312-9619-5f04f7d97c3c, group-C3F53CCCF8F1, 2, (t:0, i:0))
nm_1        | 2021-09-14 13:18:00 INFO  ContainersMonitorImpl:567 - container_1631625306035_0002_01_000004's ip = 172.22.0.2, and hostname = nm
rm_1        | 2021-09-14 13:16:46 INFO  RMAppImpl:912 - application_1631625306035_0001 State change from SUBMITTED to ACCEPTED on event = APP_ACCEPTED
datanode_3  | 2021-09-14 13:15:40,899 [grpc-default-executor-1] INFO impl.VoteContext: 3b502209-9745-4256-b742-bb19a50bb377@group-C3F53CCCF8F1-FOLLOWER: reject ELECTION from f1673624-13fe-4312-9619-5f04f7d97c3c: already has voted for 419587c3-b8c3-41f1-a670-762d3b5483b4 at current term 2
nm_1        | 2021-09-14 13:18:01 INFO  ContainerLaunch:589 - Container container_1631625306035_0002_01_000004 succeeded 
rm_1        | 2021-09-14 13:16:46 INFO  ApplicationMasterService:479 - Registering app attempt : appattempt_1631625306035_0001_000001
datanode_3  | 2021-09-14 13:15:40,899 [grpc-default-executor-1] INFO server.RaftServer$Division: 3b502209-9745-4256-b742-bb19a50bb377@group-C3F53CCCF8F1 replies to ELECTION vote request: f1673624-13fe-4312-9619-5f04f7d97c3c<-3b502209-9745-4256-b742-bb19a50bb377#0:FAIL-t2. Peer's state: 3b502209-9745-4256-b742-bb19a50bb377@group-C3F53CCCF8F1:t2, leader=null, voted=419587c3-b8c3-41f1-a670-762d3b5483b4, raftlog=3b502209-9745-4256-b742-bb19a50bb377@group-C3F53CCCF8F1-SegmentedRaftLog:OPENED:c-1,f-1,i0, conf=-1: [f1673624-13fe-4312-9619-5f04f7d97c3c|rpc:172.22.0.9:9856|admin:172.22.0.9:9857|client:172.22.0.9:9858|priority:0, 419587c3-b8c3-41f1-a670-762d3b5483b4|rpc:172.22.0.8:9856|admin:172.22.0.8:9857|client:172.22.0.8:9858|priority:1, 3b502209-9745-4256-b742-bb19a50bb377|rpc:172.22.0.4:9856|admin:172.22.0.4:9857|client:172.22.0.4:9858|priority:0], old=null
nm_1        | 2021-09-14 13:18:01 INFO  ContainerImpl:2126 - Container container_1631625306035_0002_01_000004 transitioned from RUNNING to EXITED_WITH_SUCCESS
rm_1        | 2021-09-14 13:16:46 INFO  RMAppAttemptImpl:927 - appattempt_1631625306035_0001_000001 State change from NEW to SUBMITTED on event = START
datanode_3  | 2021-09-14 13:15:40,962 [grpc-default-executor-1] INFO ratis.XceiverServerRatis: Leader change notification received for group: group-C3F53CCCF8F1 with new leaderId: 419587c3-b8c3-41f1-a670-762d3b5483b4
nm_1        | 2021-09-14 13:18:01 INFO  ContainerLaunch:745 - Cleaning up container container_1631625306035_0002_01_000004
rm_1        | 2021-09-14 13:16:46 WARN  LeafQueue:846 - maximum-am-resource-percent is insufficient to start a single application in queue, it is likely set too low. skipping enforcement to allow at least one application to start
datanode_3  | 2021-09-14 13:15:40,963 [grpc-default-executor-1] INFO server.RaftServer$Division: 3b502209-9745-4256-b742-bb19a50bb377@group-C3F53CCCF8F1: change Leader from null to 419587c3-b8c3-41f1-a670-762d3b5483b4 at term 2 for appendEntries, leader elected after 10430ms
nm_1        | 2021-09-14 13:18:01 INFO  Configuration:3318 - Removed undeclared tags:
rm_1        | 2021-09-14 13:16:46 WARN  LeafQueue:882 - maximum-am-resource-percent is insufficient to start a single application in queue for user, it is likely set too low. skipping enforcement to allow at least one application to start
datanode_3  | 2021-09-14 13:15:40,991 [grpc-default-executor-1] INFO server.RaftServer$Division: 3b502209-9745-4256-b742-bb19a50bb377@group-C3F53CCCF8F1: set configuration 0: [f1673624-13fe-4312-9619-5f04f7d97c3c|rpc:172.22.0.9:9856|admin:172.22.0.9:9857|client:172.22.0.9:9858|dataStream:|priority:0, 419587c3-b8c3-41f1-a670-762d3b5483b4|rpc:172.22.0.8:9856|admin:172.22.0.8:9857|client:172.22.0.8:9858|dataStream:|priority:1, 3b502209-9745-4256-b742-bb19a50bb377|rpc:172.22.0.4:9856|admin:172.22.0.4:9857|client:172.22.0.4:9858|dataStream:|priority:0], old=null
nm_1        | 2021-09-14 13:18:01 INFO  DefaultContainerExecutor:634 - Deleting absolute path : /tmp/hadoop-hadoop/nm-local-dir/usercache/hadoop/appcache/application_1631625306035_0002/container_1631625306035_0002_01_000004/launch_container.sh
rm_1        | 2021-09-14 13:16:46 INFO  LeafQueue:911 - Application application_1631625306035_0001 from user: hadoop activated in queue: default
datanode_3  | 2021-09-14 13:15:40,992 [grpc-default-executor-1] INFO segmented.SegmentedRaftLogWorker: 3b502209-9745-4256-b742-bb19a50bb377@group-C3F53CCCF8F1-SegmentedRaftLogWorker: Starting segment from index:0
nm_1        | 2021-09-14 13:18:01 INFO  DefaultContainerExecutor:634 - Deleting absolute path : /tmp/hadoop-hadoop/nm-local-dir/usercache/hadoop/appcache/application_1631625306035_0002/container_1631625306035_0002_01_000004/container_tokens
rm_1        | 2021-09-14 13:16:46 INFO  LeafQueue:941 - Application added - appId: application_1631625306035_0001 user: hadoop, leaf-queue: default #user-pending-applications: 0 #user-active-applications: 1 #queue-pending-applications: 0 #queue-active-applications: 1
datanode_3  | 2021-09-14 13:15:41,001 [3b502209-9745-4256-b742-bb19a50bb377@group-C3F53CCCF8F1-SegmentedRaftLogWorker] INFO segmented.SegmentedRaftLogWorker: 3b502209-9745-4256-b742-bb19a50bb377@group-C3F53CCCF8F1-SegmentedRaftLogWorker: created new log segment /data/metadata/ratis/b4bd6c34-08b4-48cb-b753-c3f53cccf8f1/current/log_inprogress_0
nm_1        | 2021-09-14 13:18:01 INFO  NMAuditLogger:94 - USER=hadoop	OPERATION=Container Finished - Succeeded	TARGET=ContainerImpl	RESULT=SUCCESS	APPID=application_1631625306035_0002	CONTAINERID=container_1631625306035_0002_01_000004
rm_1        | 2021-09-14 13:16:46 INFO  CapacityScheduler:1000 - Added Application Attempt appattempt_1631625306035_0001_000001 to scheduler from user hadoop in queue default
datanode_3  | 2021-09-14 13:15:42,421 [grpc-default-executor-1] INFO server.RaftServer$Division: 3b502209-9745-4256-b742-bb19a50bb377@group-75E8CA1AFF1A: receive requestVote(ELECTION, 419587c3-b8c3-41f1-a670-762d3b5483b4, group-75E8CA1AFF1A, 3, (t:0, i:0))
nm_1        | 2021-09-14 13:18:01 INFO  ContainerImpl:2126 - Container container_1631625306035_0002_01_000004 transitioned from EXITED_WITH_SUCCESS to DONE
rm_1        | 2021-09-14 13:16:46 INFO  RMAppAttemptImpl:927 - appattempt_1631625306035_0001_000001 State change from SUBMITTED to SCHEDULED on event = ATTEMPT_ADDED
datanode_3  | 2021-09-14 13:15:42,422 [grpc-default-executor-1] INFO impl.VoteContext: 3b502209-9745-4256-b742-bb19a50bb377@group-75E8CA1AFF1A-FOLLOWER: accept ELECTION from 419587c3-b8c3-41f1-a670-762d3b5483b4: our priority 0 <= candidate's priority 0
nm_1        | 2021-09-14 13:18:01 INFO  ApplicationImpl:512 - Removing container_1631625306035_0002_01_000004 from application application_1631625306035_0002
rm_1        | 2021-09-14 13:16:47 INFO  AbstractContainerAllocator:129 - assignedContainer application attempt=appattempt_1631625306035_0001_000001 container=null queue=default clusterResource=<memory:8192, vCores:8> type=OFF_SWITCH requestedPartition=
datanode_3  | 2021-09-14 13:15:42,422 [grpc-default-executor-1] INFO server.RaftServer$Division: 3b502209-9745-4256-b742-bb19a50bb377@group-75E8CA1AFF1A: changes role from  FOLLOWER to FOLLOWER at term 3 for candidate:419587c3-b8c3-41f1-a670-762d3b5483b4
nm_1        | 2021-09-14 13:18:01 INFO  ContainersMonitorImpl:934 - Stopping resource-monitoring for container_1631625306035_0002_01_000004
rm_1        | 2021-09-14 13:16:47 INFO  RMContainerImpl:480 - container_1631625306035_0001_01_000001 Container Transitioned from NEW to ALLOCATED
datanode_3  | 2021-09-14 13:15:42,422 [grpc-default-executor-1] INFO impl.RoleInfo: 3b502209-9745-4256-b742-bb19a50bb377: shutdown 3b502209-9745-4256-b742-bb19a50bb377@group-75E8CA1AFF1A-FollowerState
nm_1        | 2021-09-14 13:18:01 INFO  AuxServices:350 - Got event CONTAINER_STOP for appId application_1631625306035_0002
rm_1        | 2021-09-14 13:16:47 INFO  FiCaSchedulerNode:169 - Assigned container container_1631625306035_0001_01_000001 of capacity <memory:2048, vCores:1> on host nm:40839, which has 1 containers, <memory:2048, vCores:1> used and <memory:6144, vCores:7> available after allocation
datanode_3  | 2021-09-14 13:15:42,422 [3b502209-9745-4256-b742-bb19a50bb377@group-75E8CA1AFF1A-FollowerState] INFO impl.FollowerState: 3b502209-9745-4256-b742-bb19a50bb377@group-75E8CA1AFF1A-FollowerState was interrupted: {}
nm_1        | 2021-09-14 13:18:02 INFO  Server:1845 - Auth successful for appattempt_1631625306035_0002_000001 (auth:SIMPLE)
rm_1        | 2021-09-14 13:16:47 INFO  RMAuditLogger:231 - USER=hadoop	OPERATION=AM Allocated Container	TARGET=SchedulerApp	RESULT=SUCCESS	APPID=application_1631625306035_0001	CONTAINERID=container_1631625306035_0001_01_000001	RESOURCE=<memory:2048, vCores:1>	QUEUENAME=default
datanode_3  | java.lang.InterruptedException: sleep interrupted
nm_1        | 2021-09-14 13:18:02 INFO  ContainerManagerImpl:1070 - Start request for container_1631625306035_0002_01_000005 by user hadoop
rm_1        | 2021-09-14 13:16:47 INFO  NMTokenSecretManagerInRM:200 - Sending NMToken for nodeId : nm:40839 for container : container_1631625306035_0001_01_000001
datanode_3  | 	at java.base/java.lang.Thread.sleep(Native Method)
nm_1        | 2021-09-14 13:18:02 INFO  ApplicationImpl:463 - Adding container_1631625306035_0002_01_000005 to application application_1631625306035_0002
rm_1        | 2021-09-14 13:16:47 INFO  RMContainerImpl:480 - container_1631625306035_0001_01_000001 Container Transitioned from ALLOCATED to ACQUIRED
datanode_3  | 	at java.base/java.lang.Thread.sleep(Thread.java:339)
nm_1        | 2021-09-14 13:18:02 INFO  ContainerImpl:2126 - Container container_1631625306035_0002_01_000005 transitioned from NEW to LOCALIZING
datanode_3  | 	at java.base/java.util.concurrent.TimeUnit.sleep(TimeUnit.java:446)
rm_1        | 2021-09-14 13:16:47 INFO  ParentQueue:1340 - assignedContainer queue=root usedCapacity=0.25 absoluteUsedCapacity=0.25 used=<memory:2048, vCores:1> cluster=<memory:8192, vCores:8>
nm_1        | 2021-09-14 13:18:02 INFO  AuxServices:350 - Got event CONTAINER_INIT for appId application_1631625306035_0002
datanode_3  | 	at org.apache.ratis.util.TimeDuration.sleep(TimeDuration.java:324)
rm_1        | 2021-09-14 13:16:47 INFO  CapacityScheduler:2894 - Allocation proposal accepted
nm_1        | 2021-09-14 13:18:02 INFO  AuxServices:350 - Got event APPLICATION_INIT for appId application_1631625306035_0002
nm_1        | 2021-09-14 13:18:02 INFO  AuxServices:354 - Got APPLICATION_INIT for service mapreduce_shuffle
rm_1        | 2021-09-14 13:16:47 INFO  NMTokenSecretManagerInRM:146 - Clear node set for appattempt_1631625306035_0001_000001
datanode_3  | 	at org.apache.ratis.util.TimeDuration.sleep(TimeDuration.java:309)
rm_1        | 2021-09-14 13:16:47 INFO  RMAppAttemptImpl:2221 - Storing attempt: AppId: application_1631625306035_0001 AttemptId: appattempt_1631625306035_0001_000001 MasterContainer: Container: [ContainerId: container_1631625306035_0001_01_000001, AllocationRequestId: -1, Version: 0, NodeId: nm:40839, NodeHttpAddress: nm:8042, Resource: <memory:2048, vCores:1>, Priority: 0, Token: Token { kind: ContainerToken, service: 172.22.0.2:40839 }, ExecutionType: GUARANTEED, ]
datanode_3  | 	at org.apache.ratis.server.impl.FollowerState.run(FollowerState.java:118)
nm_1        | 2021-09-14 13:18:02 INFO  ShuffleHandler:719 - Added token for job_1631625306035_0002
rm_1        | 2021-09-14 13:16:47 INFO  RMAppAttemptImpl:927 - appattempt_1631625306035_0001_000001 State change from SCHEDULED to ALLOCATED_SAVING on event = CONTAINER_ALLOCATED
datanode_3  | 2021-09-14 13:15:42,423 [grpc-default-executor-1] INFO impl.RoleInfo: 3b502209-9745-4256-b742-bb19a50bb377: start 3b502209-9745-4256-b742-bb19a50bb377@group-75E8CA1AFF1A-FollowerState
nm_1        | 2021-09-14 13:18:02 INFO  ContainerImpl:2126 - Container container_1631625306035_0002_01_000005 transitioned from LOCALIZING to SCHEDULED
rm_1        | 2021-09-14 13:16:47 INFO  RMAppAttemptImpl:927 - appattempt_1631625306035_0001_000001 State change from ALLOCATED_SAVING to ALLOCATED on event = ATTEMPT_NEW_SAVED
datanode_3  | 2021-09-14 13:15:42,426 [grpc-default-executor-1] INFO server.RaftServer$Division: 3b502209-9745-4256-b742-bb19a50bb377@group-75E8CA1AFF1A replies to ELECTION vote request: 419587c3-b8c3-41f1-a670-762d3b5483b4<-3b502209-9745-4256-b742-bb19a50bb377#0:OK-t3. Peer's state: 3b502209-9745-4256-b742-bb19a50bb377@group-75E8CA1AFF1A:t3, leader=null, voted=419587c3-b8c3-41f1-a670-762d3b5483b4, raftlog=3b502209-9745-4256-b742-bb19a50bb377@group-75E8CA1AFF1A-SegmentedRaftLog:OPENED:c-1,f-1,i0, conf=-1: [f1673624-13fe-4312-9619-5f04f7d97c3c|rpc:172.22.0.9:9856|admin:172.22.0.9:9857|client:172.22.0.9:9858|priority:1, 419587c3-b8c3-41f1-a670-762d3b5483b4|rpc:172.22.0.8:9856|admin:172.22.0.8:9857|client:172.22.0.8:9858|priority:0, 3b502209-9745-4256-b742-bb19a50bb377|rpc:172.22.0.4:9856|admin:172.22.0.4:9857|client:172.22.0.4:9858|priority:0], old=null
nm_1        | 2021-09-14 13:18:02 INFO  ContainerScheduler:511 - Starting container [container_1631625306035_0002_01_000005]
rm_1        | 2021-09-14 13:16:47 INFO  AMLauncher:307 - Launching masterappattempt_1631625306035_0001_000001
datanode_3  | 2021-09-14 13:15:47,441 [grpc-default-executor-1] INFO server.RaftServer$Division: 3b502209-9745-4256-b742-bb19a50bb377@group-75E8CA1AFF1A: receive requestVote(ELECTION, 419587c3-b8c3-41f1-a670-762d3b5483b4, group-75E8CA1AFF1A, 4, (t:0, i:0))
nm_1        | 2021-09-14 13:18:02 INFO  NMAuditLogger:94 - USER=hadoop	IP=172.22.0.2	OPERATION=Start Container Request	TARGET=ContainerManageImpl	RESULT=SUCCESS	APPID=application_1631625306035_0002	CONTAINERID=container_1631625306035_0002_01_000005
rm_1        | 2021-09-14 13:16:47 INFO  AMLauncher:109 - Setting up container Container: [ContainerId: container_1631625306035_0001_01_000001, AllocationRequestId: -1, Version: 0, NodeId: nm:40839, NodeHttpAddress: nm:8042, Resource: <memory:2048, vCores:1>, Priority: 0, Token: Token { kind: ContainerToken, service: 172.22.0.2:40839 }, ExecutionType: GUARANTEED, ] for AM appattempt_1631625306035_0001_000001
datanode_3  | 2021-09-14 13:15:47,443 [grpc-default-executor-1] INFO impl.VoteContext: 3b502209-9745-4256-b742-bb19a50bb377@group-75E8CA1AFF1A-FOLLOWER: accept ELECTION from 419587c3-b8c3-41f1-a670-762d3b5483b4: our priority 0 <= candidate's priority 0
nm_1        | 2021-09-14 13:18:02 INFO  Configuration:3318 - Removed undeclared tags:
rm_1        | 2021-09-14 13:16:47 INFO  AMRMTokenSecretManager:195 - Create AMRMToken for ApplicationAttempt: appattempt_1631625306035_0001_000001
datanode_3  | 2021-09-14 13:15:47,443 [grpc-default-executor-1] INFO server.RaftServer$Division: 3b502209-9745-4256-b742-bb19a50bb377@group-75E8CA1AFF1A: changes role from  FOLLOWER to FOLLOWER at term 4 for candidate:419587c3-b8c3-41f1-a670-762d3b5483b4
nm_1        | 2021-09-14 13:18:02 INFO  ContainerImpl:2126 - Container container_1631625306035_0002_01_000005 transitioned from SCHEDULED to RUNNING
rm_1        | 2021-09-14 13:16:47 INFO  AMRMTokenSecretManager:307 - Creating password for appattempt_1631625306035_0001_000001
datanode_3  | 2021-09-14 13:15:47,443 [grpc-default-executor-1] INFO impl.RoleInfo: 3b502209-9745-4256-b742-bb19a50bb377: shutdown 3b502209-9745-4256-b742-bb19a50bb377@group-75E8CA1AFF1A-FollowerState
nm_1        | 2021-09-14 13:18:02 INFO  ContainersMonitorImpl:943 - Starting resource-monitoring for container_1631625306035_0002_01_000005
rm_1        | 2021-09-14 13:16:47 INFO  AMLauncher:130 - Done launching container Container: [ContainerId: container_1631625306035_0001_01_000001, AllocationRequestId: -1, Version: 0, NodeId: nm:40839, NodeHttpAddress: nm:8042, Resource: <memory:2048, vCores:1>, Priority: 0, Token: Token { kind: ContainerToken, service: 172.22.0.2:40839 }, ExecutionType: GUARANTEED, ] for AM appattempt_1631625306035_0001_000001
nm_1        | 2021-09-14 13:18:02 INFO  DefaultContainerExecutor:370 - launchContainer: [bash, /tmp/hadoop-hadoop/nm-local-dir/usercache/hadoop/appcache/application_1631625306035_0002/container_1631625306035_0002_01_000005/default_container_executor.sh]
datanode_3  | 2021-09-14 13:15:47,443 [3b502209-9745-4256-b742-bb19a50bb377@group-75E8CA1AFF1A-FollowerState] INFO impl.FollowerState: 3b502209-9745-4256-b742-bb19a50bb377@group-75E8CA1AFF1A-FollowerState was interrupted: {}
rm_1        | 2021-09-14 13:16:47 INFO  RMAppAttemptImpl:927 - appattempt_1631625306035_0001_000001 State change from ALLOCATED to LAUNCHED on event = LAUNCHED
nm_1        | 2021-09-14 13:18:03 INFO  ContainersMonitorImpl:567 - container_1631625306035_0002_01_000005's ip = 172.22.0.2, and hostname = nm
datanode_3  | java.lang.InterruptedException: sleep interrupted
rm_1        | 2021-09-14 13:16:48 INFO  RMContainerImpl:480 - container_1631625306035_0001_01_000001 Container Transitioned from ACQUIRED to RUNNING
nm_1        | 2021-09-14 13:18:03 INFO  NodeStatusUpdaterImpl:696 - Removed completed containers from NM context: [container_1631625306035_0002_01_000004]
datanode_3  | 	at java.base/java.lang.Thread.sleep(Native Method)
rm_1        | 2021-09-14 13:16:55 INFO  Server:1845 - Auth successful for appattempt_1631625306035_0001_000001 (auth:SIMPLE)
nm_1        | 2021-09-14 13:18:06 INFO  ContainersMonitorImpl:468 - Skipping monitoring container container_1631625306035_0002_01_000005 since CPU usage is not yet available.
datanode_3  | 	at java.base/java.lang.Thread.sleep(Thread.java:339)
rm_1        | 2021-09-14 13:16:55 INFO  DefaultAMSProcessor:127 - AM registration appattempt_1631625306035_0001_000001
nm_1        | 2021-09-14 13:18:07 INFO  ContainerLaunch:589 - Container container_1631625306035_0002_01_000005 succeeded 
datanode_3  | 	at java.base/java.util.concurrent.TimeUnit.sleep(TimeUnit.java:446)
rm_1        | 2021-09-14 13:16:55 INFO  RMAppAttemptImpl:927 - appattempt_1631625306035_0001_000001 State change from LAUNCHED to RUNNING on event = REGISTERED
nm_1        | 2021-09-14 13:18:07 INFO  ContainerImpl:2126 - Container container_1631625306035_0002_01_000005 transitioned from RUNNING to EXITED_WITH_SUCCESS
datanode_3  | 	at org.apache.ratis.util.TimeDuration.sleep(TimeDuration.java:324)
rm_1        | 2021-09-14 13:16:55 INFO  RMAppImpl:912 - application_1631625306035_0001 State change from ACCEPTED to RUNNING on event = ATTEMPT_REGISTERED
nm_1        | 2021-09-14 13:18:07 INFO  ContainerLaunch:745 - Cleaning up container container_1631625306035_0002_01_000005
datanode_3  | 	at org.apache.ratis.util.TimeDuration.sleep(TimeDuration.java:309)
rm_1        | 2021-09-14 13:16:55 INFO  RMAuditLogger:294 - USER=hadoop	IP=172.22.0.2	OPERATION=Register App Master	TARGET=ApplicationMasterService	RESULT=SUCCESS	APPID=application_1631625306035_0001	APPATTEMPTID=appattempt_1631625306035_0001_000001
nm_1        | 2021-09-14 13:18:07 INFO  Configuration:3318 - Removed undeclared tags:
nm_1        | 2021-09-14 13:18:07 INFO  DefaultContainerExecutor:634 - Deleting absolute path : /tmp/hadoop-hadoop/nm-local-dir/usercache/hadoop/appcache/application_1631625306035_0002/container_1631625306035_0002_01_000005/launch_container.sh
rm_1        | 2021-09-14 13:16:58 INFO  AbstractContainerAllocator:129 - assignedContainer application attempt=appattempt_1631625306035_0001_000001 container=null queue=default clusterResource=<memory:8192, vCores:8> type=RACK_LOCAL requestedPartition=
nm_1        | 2021-09-14 13:18:07 INFO  DefaultContainerExecutor:634 - Deleting absolute path : /tmp/hadoop-hadoop/nm-local-dir/usercache/hadoop/appcache/application_1631625306035_0002/container_1631625306035_0002_01_000005/container_tokens
datanode_3  | 	at org.apache.ratis.server.impl.FollowerState.run(FollowerState.java:118)
rm_1        | 2021-09-14 13:16:58 INFO  RMContainerImpl:480 - container_1631625306035_0001_01_000002 Container Transitioned from NEW to ALLOCATED
nm_1        | 2021-09-14 13:18:07 INFO  NMAuditLogger:94 - USER=hadoop	OPERATION=Container Finished - Succeeded	TARGET=ContainerImpl	RESULT=SUCCESS	APPID=application_1631625306035_0002	CONTAINERID=container_1631625306035_0002_01_000005
datanode_3  | 2021-09-14 13:15:47,446 [grpc-default-executor-1] INFO impl.RoleInfo: 3b502209-9745-4256-b742-bb19a50bb377: start 3b502209-9745-4256-b742-bb19a50bb377@group-75E8CA1AFF1A-FollowerState
rm_1        | 2021-09-14 13:16:58 INFO  FiCaSchedulerNode:169 - Assigned container container_1631625306035_0001_01_000002 of capacity <memory:4096, vCores:1> on host nm:40839, which has 2 containers, <memory:6144, vCores:2> used and <memory:2048, vCores:6> available after allocation
datanode_3  | 2021-09-14 13:15:47,449 [grpc-default-executor-1] INFO server.RaftServer$Division: 3b502209-9745-4256-b742-bb19a50bb377@group-75E8CA1AFF1A replies to ELECTION vote request: 419587c3-b8c3-41f1-a670-762d3b5483b4<-3b502209-9745-4256-b742-bb19a50bb377#0:OK-t4. Peer's state: 3b502209-9745-4256-b742-bb19a50bb377@group-75E8CA1AFF1A:t4, leader=null, voted=419587c3-b8c3-41f1-a670-762d3b5483b4, raftlog=3b502209-9745-4256-b742-bb19a50bb377@group-75E8CA1AFF1A-SegmentedRaftLog:OPENED:c-1,f-1,i0, conf=-1: [f1673624-13fe-4312-9619-5f04f7d97c3c|rpc:172.22.0.9:9856|admin:172.22.0.9:9857|client:172.22.0.9:9858|priority:1, 419587c3-b8c3-41f1-a670-762d3b5483b4|rpc:172.22.0.8:9856|admin:172.22.0.8:9857|client:172.22.0.8:9858|priority:0, 3b502209-9745-4256-b742-bb19a50bb377|rpc:172.22.0.4:9856|admin:172.22.0.4:9857|client:172.22.0.4:9858|priority:0], old=null
nm_1        | 2021-09-14 13:18:07 INFO  ContainerImpl:2126 - Container container_1631625306035_0002_01_000005 transitioned from EXITED_WITH_SUCCESS to DONE
rm_1        | 2021-09-14 13:16:58 INFO  RMAuditLogger:231 - USER=hadoop	OPERATION=AM Allocated Container	TARGET=SchedulerApp	RESULT=SUCCESS	APPID=application_1631625306035_0001	CONTAINERID=container_1631625306035_0001_01_000002	RESOURCE=<memory:4096, vCores:1>	QUEUENAME=default
datanode_3  | 2021-09-14 13:15:52,546 [grpc-default-executor-1] INFO server.RaftServer$Division: 3b502209-9745-4256-b742-bb19a50bb377@group-75E8CA1AFF1A: receive requestVote(ELECTION, f1673624-13fe-4312-9619-5f04f7d97c3c, group-75E8CA1AFF1A, 5, (t:0, i:0))
nm_1        | 2021-09-14 13:18:07 INFO  ApplicationImpl:512 - Removing container_1631625306035_0002_01_000005 from application application_1631625306035_0002
rm_1        | 2021-09-14 13:16:58 INFO  ParentQueue:1340 - assignedContainer queue=root usedCapacity=0.75 absoluteUsedCapacity=0.75 used=<memory:6144, vCores:2> cluster=<memory:8192, vCores:8>
datanode_3  | 2021-09-14 13:15:52,547 [grpc-default-executor-1] INFO impl.VoteContext: 3b502209-9745-4256-b742-bb19a50bb377@group-75E8CA1AFF1A-FOLLOWER: accept ELECTION from f1673624-13fe-4312-9619-5f04f7d97c3c: our priority 0 <= candidate's priority 1
nm_1        | 2021-09-14 13:18:07 INFO  ContainersMonitorImpl:934 - Stopping resource-monitoring for container_1631625306035_0002_01_000005
nm_1        | 2021-09-14 13:18:07 INFO  AuxServices:350 - Got event CONTAINER_STOP for appId application_1631625306035_0002
nm_1        | 2021-09-14 13:18:09 INFO  NodeStatusUpdaterImpl:696 - Removed completed containers from NM context: [container_1631625306035_0002_01_000005]
datanode_3  | 2021-09-14 13:15:52,547 [grpc-default-executor-1] INFO server.RaftServer$Division: 3b502209-9745-4256-b742-bb19a50bb377@group-75E8CA1AFF1A: changes role from  FOLLOWER to FOLLOWER at term 5 for candidate:f1673624-13fe-4312-9619-5f04f7d97c3c
datanode_3  | 2021-09-14 13:15:52,547 [grpc-default-executor-1] INFO impl.RoleInfo: 3b502209-9745-4256-b742-bb19a50bb377: shutdown 3b502209-9745-4256-b742-bb19a50bb377@group-75E8CA1AFF1A-FollowerState
nm_1        | 2021-09-14 13:18:21 INFO  ContainerLaunch:589 - Container container_1631625306035_0002_01_000001 succeeded 
datanode_3  | 2021-09-14 13:15:52,548 [3b502209-9745-4256-b742-bb19a50bb377@group-75E8CA1AFF1A-FollowerState] INFO impl.FollowerState: 3b502209-9745-4256-b742-bb19a50bb377@group-75E8CA1AFF1A-FollowerState was interrupted: {}
rm_1        | 2021-09-14 13:16:58 INFO  CapacityScheduler:2894 - Allocation proposal accepted
nm_1        | 2021-09-14 13:18:21 INFO  ContainerImpl:2126 - Container container_1631625306035_0002_01_000001 transitioned from RUNNING to EXITED_WITH_SUCCESS
datanode_3  | java.lang.InterruptedException: sleep interrupted
rm_1        | 2021-09-14 13:16:58 INFO  NMTokenSecretManagerInRM:200 - Sending NMToken for nodeId : nm:40839 for container : container_1631625306035_0001_01_000002
nm_1        | 2021-09-14 13:18:21 INFO  ContainerLaunch:745 - Cleaning up container container_1631625306035_0002_01_000001
datanode_3  | 	at java.base/java.lang.Thread.sleep(Native Method)
rm_1        | 2021-09-14 13:16:58 INFO  RMContainerImpl:480 - container_1631625306035_0001_01_000002 Container Transitioned from ALLOCATED to ACQUIRED
nm_1        | 2021-09-14 13:18:21 INFO  Configuration:3318 - Removed undeclared tags:
datanode_3  | 	at java.base/java.lang.Thread.sleep(Thread.java:339)
rm_1        | 2021-09-14 13:16:59 INFO  RMContainerImpl:480 - container_1631625306035_0001_01_000002 Container Transitioned from ACQUIRED to RUNNING
nm_1        | 2021-09-14 13:18:21 INFO  DefaultContainerExecutor:634 - Deleting absolute path : /tmp/hadoop-hadoop/nm-local-dir/usercache/hadoop/appcache/application_1631625306035_0002/container_1631625306035_0002_01_000001/launch_container.sh
datanode_3  | 	at java.base/java.util.concurrent.TimeUnit.sleep(TimeUnit.java:446)
rm_1        | 2021-09-14 13:17:03 INFO  RMContainerImpl:480 - container_1631625306035_0001_01_000002 Container Transitioned from RUNNING to COMPLETED
nm_1        | 2021-09-14 13:18:21 INFO  DefaultContainerExecutor:634 - Deleting absolute path : /tmp/hadoop-hadoop/nm-local-dir/usercache/hadoop/appcache/application_1631625306035_0002/container_1631625306035_0002_01_000001/container_tokens
datanode_3  | 	at org.apache.ratis.util.TimeDuration.sleep(TimeDuration.java:324)
rm_1        | 2021-09-14 13:17:03 INFO  RMAuditLogger:231 - USER=hadoop	OPERATION=AM Released Container	TARGET=SchedulerApp	RESULT=SUCCESS	APPID=application_1631625306035_0001	CONTAINERID=container_1631625306035_0001_01_000002	RESOURCE=<memory:4096, vCores:1>	QUEUENAME=default
nm_1        | 2021-09-14 13:18:21 INFO  NMAuditLogger:94 - USER=hadoop	OPERATION=Container Finished - Succeeded	TARGET=ContainerImpl	RESULT=SUCCESS	APPID=application_1631625306035_0002	CONTAINERID=container_1631625306035_0002_01_000001
datanode_3  | 	at org.apache.ratis.util.TimeDuration.sleep(TimeDuration.java:309)
rm_1        | 2021-09-14 13:17:04 INFO  AbstractContainerAllocator:129 - assignedContainer application attempt=appattempt_1631625306035_0001_000001 container=null queue=default clusterResource=<memory:8192, vCores:8> type=RACK_LOCAL requestedPartition=
nm_1        | 2021-09-14 13:18:21 INFO  ContainerImpl:2126 - Container container_1631625306035_0002_01_000001 transitioned from EXITED_WITH_SUCCESS to DONE
datanode_3  | 	at org.apache.ratis.server.impl.FollowerState.run(FollowerState.java:118)
rm_1        | 2021-09-14 13:17:04 INFO  RMContainerImpl:480 - container_1631625306035_0001_01_000003 Container Transitioned from NEW to ALLOCATED
nm_1        | 2021-09-14 13:18:21 INFO  ApplicationImpl:512 - Removing container_1631625306035_0002_01_000001 from application application_1631625306035_0002
datanode_3  | 2021-09-14 13:15:52,548 [grpc-default-executor-1] INFO impl.RoleInfo: 3b502209-9745-4256-b742-bb19a50bb377: start 3b502209-9745-4256-b742-bb19a50bb377@group-75E8CA1AFF1A-FollowerState
rm_1        | 2021-09-14 13:17:04 INFO  FiCaSchedulerNode:169 - Assigned container container_1631625306035_0001_01_000003 of capacity <memory:4096, vCores:1> on host nm:40839, which has 2 containers, <memory:6144, vCores:2> used and <memory:2048, vCores:6> available after allocation
nm_1        | 2021-09-14 13:18:21 INFO  ContainersMonitorImpl:934 - Stopping resource-monitoring for container_1631625306035_0002_01_000001
datanode_3  | 2021-09-14 13:15:52,551 [grpc-default-executor-1] INFO server.RaftServer$Division: 3b502209-9745-4256-b742-bb19a50bb377@group-75E8CA1AFF1A replies to ELECTION vote request: f1673624-13fe-4312-9619-5f04f7d97c3c<-3b502209-9745-4256-b742-bb19a50bb377#0:OK-t5. Peer's state: 3b502209-9745-4256-b742-bb19a50bb377@group-75E8CA1AFF1A:t5, leader=null, voted=f1673624-13fe-4312-9619-5f04f7d97c3c, raftlog=3b502209-9745-4256-b742-bb19a50bb377@group-75E8CA1AFF1A-SegmentedRaftLog:OPENED:c-1,f-1,i0, conf=-1: [f1673624-13fe-4312-9619-5f04f7d97c3c|rpc:172.22.0.9:9856|admin:172.22.0.9:9857|client:172.22.0.9:9858|priority:1, 419587c3-b8c3-41f1-a670-762d3b5483b4|rpc:172.22.0.8:9856|admin:172.22.0.8:9857|client:172.22.0.8:9858|priority:0, 3b502209-9745-4256-b742-bb19a50bb377|rpc:172.22.0.4:9856|admin:172.22.0.4:9857|client:172.22.0.4:9858|priority:0], old=null
rm_1        | 2021-09-14 13:17:04 INFO  RMAuditLogger:231 - USER=hadoop	OPERATION=AM Allocated Container	TARGET=SchedulerApp	RESULT=SUCCESS	APPID=application_1631625306035_0001	CONTAINERID=container_1631625306035_0001_01_000003	RESOURCE=<memory:4096, vCores:1>	QUEUENAME=default
nm_1        | 2021-09-14 13:18:21 INFO  AuxServices:350 - Got event CONTAINER_STOP for appId application_1631625306035_0002
