rm_1        | 2021-09-14 13:12:40 INFO  RMAppManager$ApplicationSummary:186 - appId=application_1631624963249_0002,name=word count,user=hadoop,queue=default,state=FINISHED,trackingUrl=http://rm:8088/proxy/application_1631624963249_0002/,appMasterHost=nm,startTime=1631625120936,finishTime=1631625153818,finalStatus=SUCCEEDED,memorySeconds=156942,vcoreSeconds=56,preemptedAMContainers=0,preemptedNonAMContainers=0,preemptedResources=<memory:0\, vCores:0>,applicationType=MAPREDUCE
scm_1       | 2021-09-14 13:09:53,837 [RatisPipelineUtilsThread - 0] INFO pipeline.RatisPipelineProvider: Sending CreatePipelineCommand for pipeline:PipelineID=951d3eb0-8d20-4dbb-b3d4-3e9e55fce815 to datanode:3b1ff565-bfae-4136-b466-61ef327c5ebc
nm_1        | 2021-09-14 13:12:20 INFO  ContainerImpl:1135 - Container container_1631624963249_0002_01_000003 transitioned from KILLING to CONTAINER_CLEANEDUP_AFTER_KILL
rm_1        | 2021-09-14 13:12:40 INFO  ParentQueue:568 - completedContainer queue=root usedCapacity=0.0 absoluteUsedCapacity=0.0 used=<memory:0, vCores:0> cluster=<memory:8192, vCores:8>
scm_1       | 2021-09-14 13:09:53,837 [RatisPipelineUtilsThread - 0] INFO pipeline.RatisPipelineProvider: Sending CreatePipelineCommand for pipeline:PipelineID=951d3eb0-8d20-4dbb-b3d4-3e9e55fce815 to datanode:79e812c4-2260-4ee1-95b9-06b45166bcef
nm_1        | 2021-09-14 13:12:20 INFO  NMAuditLogger:89 - USER=hadoop	OPERATION=Container Finished - Killed	TARGET=ContainerImpl	RESULT=SUCCESS	APPID=application_1631624963249_0002	CONTAINERID=container_1631624963249_0002_01_000003
rm_1        | 2021-09-14 13:12:40 INFO  ParentQueue:585 - Re-sorting completed queue: root.default stats: default: capacity=1.0, absoluteCapacity=1.0, usedResources=<memory:0, vCores:0>, usedCapacity=0.0, absoluteUsedCapacity=0.0, numApps=1, numContainers=0
scm_1       | 2021-09-14 13:09:53,837 [RatisPipelineUtilsThread - 0] INFO pipeline.RatisPipelineProvider: Sending CreatePipelineCommand for pipeline:PipelineID=951d3eb0-8d20-4dbb-b3d4-3e9e55fce815 to datanode:f27d2ced-3514-4fde-83d9-b7287f60185d
nm_1        | 2021-09-14 13:12:20 INFO  ContainerImpl:1135 - Container container_1631624963249_0002_01_000003 transitioned from CONTAINER_CLEANEDUP_AFTER_KILL to DONE
rm_1        | 2021-09-14 13:12:40 INFO  CapacityScheduler:1419 - Application attempt appattempt_1631624963249_0002_000001 released container container_1631624963249_0002_01_000001 on node: host: nm:42717 #containers=0 available=<memory:8192, vCores:8> used=<memory:0, vCores:0> with event: FINISHED
scm_1       | 2021-09-14 13:09:53,838 [RatisPipelineUtilsThread - 0] INFO pipeline.PipelineStateManager: Created pipeline Pipeline[ Id: 951d3eb0-8d20-4dbb-b3d4-3e9e55fce815, Nodes: 3b1ff565-bfae-4136-b466-61ef327c5ebc{ip: 172.21.0.8, host: hadoop27_datanode_2.hadoop27_default, ports: [REPLICATION=9886, RATIS=9858, RATIS_ADMIN=9857, RATIS_SERVER=9856, STANDALONE=9859], networkLocation: /default-rack, certSerialId: null, persistedOpState: IN_SERVICE, persistedOpStateExpiryEpochSec: 0}79e812c4-2260-4ee1-95b9-06b45166bcef{ip: 172.21.0.6, host: hadoop27_datanode_1.hadoop27_default, ports: [REPLICATION=9886, RATIS=9858, RATIS_ADMIN=9857, RATIS_SERVER=9856, STANDALONE=9859], networkLocation: /default-rack, certSerialId: null, persistedOpState: IN_SERVICE, persistedOpStateExpiryEpochSec: 0}f27d2ced-3514-4fde-83d9-b7287f60185d{ip: 172.21.0.9, host: hadoop27_datanode_3.hadoop27_default, ports: [REPLICATION=9886, RATIS=9858, RATIS_ADMIN=9857, RATIS_SERVER=9856, STANDALONE=9859], networkLocation: /default-rack, certSerialId: null, persistedOpState: IN_SERVICE, persistedOpStateExpiryEpochSec: 0}, ReplicationConfig: RATIS/THREE, State:ALLOCATED, leaderId:, CreationTimestamp2021-09-14T13:09:53.837Z[UTC]].
nm_1        | 2021-09-14 13:12:20 INFO  ApplicationImpl:347 - Removing container_1631624963249_0002_01_000003 from application application_1631624963249_0002
rm_1        | 2021-09-14 13:12:40 INFO  CapacityScheduler:882 - Application Attempt appattempt_1631624963249_0002_000001 is done. finalState=FINISHED
scm_1       | 2021-09-14 13:09:53,841 [RatisPipelineUtilsThread - 0] INFO pipeline.RatisPipelineProvider: Sending CreatePipelineCommand for pipeline:PipelineID=e4b37f9a-e9b6-42e1-b23c-46ad46fd1e0c to datanode:f27d2ced-3514-4fde-83d9-b7287f60185d
nm_1        | 2021-09-14 13:12:20 INFO  ContainersMonitorImpl:196 - Neither virutal-memory nor physical-memory monitoring is needed. Not running the monitor-thread
rm_1        | 2021-09-14 13:12:40 INFO  AppSchedulingInfo:117 - Application application_1631624963249_0002 requests cleared
scm_1       | 2021-09-14 13:09:53,842 [RatisPipelineUtilsThread - 0] INFO pipeline.PipelineStateManager: Created pipeline Pipeline[ Id: e4b37f9a-e9b6-42e1-b23c-46ad46fd1e0c, Nodes: f27d2ced-3514-4fde-83d9-b7287f60185d{ip: 172.21.0.9, host: hadoop27_datanode_3.hadoop27_default, ports: [REPLICATION=9886, RATIS=9858, RATIS_ADMIN=9857, RATIS_SERVER=9856, STANDALONE=9859], networkLocation: /default-rack, certSerialId: null, persistedOpState: IN_SERVICE, persistedOpStateExpiryEpochSec: 0}, ReplicationConfig: RATIS/ONE, State:ALLOCATED, leaderId:, CreationTimestamp2021-09-14T13:09:53.841Z[UTC]].
nm_1        | 2021-09-14 13:12:20 INFO  AuxServices:196 - Got event CONTAINER_STOP for appId application_1631624963249_0002
rm_1        | 2021-09-14 13:12:40 INFO  LeafQueue:729 - Application removed - appId: application_1631624963249_0002 user: hadoop queue: default #user-pending-applications: 0 #user-active-applications: 0 #queue-pending-applications: 0 #queue-active-applications: 0
scm_1       | 2021-09-14 13:09:53,842 [RatisPipelineUtilsThread - 0] INFO pipeline.RatisPipelineProvider: Sending CreatePipelineCommand for pipeline:PipelineID=7a7790fb-cb77-4282-ae16-581526ed6aa1 to datanode:3b1ff565-bfae-4136-b466-61ef327c5ebc
nm_1        | 2021-09-14 13:12:21 INFO  Server:1316 - Auth successful for appattempt_1631624963249_0002_000001 (auth:SIMPLE)
rm_1        | 2021-09-14 13:12:40 INFO  ParentQueue:370 - Application removed - appId: application_1631624963249_0002 user: hadoop leaf-queue of parent: root #applications: 0
nm_1        | 2021-09-14 13:12:21 INFO  ContainerManagerImpl:810 - Start request for container_1631624963249_0002_01_000004 by user hadoop
scm_1       | 2021-09-14 13:09:53,843 [RatisPipelineUtilsThread - 0] INFO pipeline.RatisPipelineProvider: Sending CreatePipelineCommand for pipeline:PipelineID=7a7790fb-cb77-4282-ae16-581526ed6aa1 to datanode:f27d2ced-3514-4fde-83d9-b7287f60185d
rm_1        | 2021-09-14 13:12:40 INFO  AMLauncher:263 - Cleaning master appattempt_1631624963249_0002_000001
nm_1        | 2021-09-14 13:12:21 INFO  NMAuditLogger:89 - USER=hadoop	IP=172.21.0.7	OPERATION=Start Container Request	TARGET=ContainerManageImpl	RESULT=SUCCESS	APPID=application_1631624963249_0002	CONTAINERID=container_1631624963249_0002_01_000004
scm_1       | 2021-09-14 13:09:53,844 [RatisPipelineUtilsThread - 0] INFO pipeline.RatisPipelineProvider: Sending CreatePipelineCommand for pipeline:PipelineID=7a7790fb-cb77-4282-ae16-581526ed6aa1 to datanode:79e812c4-2260-4ee1-95b9-06b45166bcef
rm_1        | 2021-09-14 13:13:01 INFO  ClientRMService:289 - Allocated new applicationId: 3
nm_1        | 2021-09-14 13:12:21 INFO  ApplicationImpl:304 - Adding container_1631624963249_0002_01_000004 to application application_1631624963249_0002
scm_1       | 2021-09-14 13:09:53,844 [RatisPipelineUtilsThread - 0] INFO pipeline.PipelineStateManager: Created pipeline Pipeline[ Id: 7a7790fb-cb77-4282-ae16-581526ed6aa1, Nodes: 3b1ff565-bfae-4136-b466-61ef327c5ebc{ip: 172.21.0.8, host: hadoop27_datanode_2.hadoop27_default, ports: [REPLICATION=9886, RATIS=9858, RATIS_ADMIN=9857, RATIS_SERVER=9856, STANDALONE=9859], networkLocation: /default-rack, certSerialId: null, persistedOpState: IN_SERVICE, persistedOpStateExpiryEpochSec: 0}f27d2ced-3514-4fde-83d9-b7287f60185d{ip: 172.21.0.9, host: hadoop27_datanode_3.hadoop27_default, ports: [REPLICATION=9886, RATIS=9858, RATIS_ADMIN=9857, RATIS_SERVER=9856, STANDALONE=9859], networkLocation: /default-rack, certSerialId: null, persistedOpState: IN_SERVICE, persistedOpStateExpiryEpochSec: 0}79e812c4-2260-4ee1-95b9-06b45166bcef{ip: 172.21.0.6, host: hadoop27_datanode_1.hadoop27_default, ports: [REPLICATION=9886, RATIS=9858, RATIS_ADMIN=9857, RATIS_SERVER=9856, STANDALONE=9859], networkLocation: /default-rack, certSerialId: null, persistedOpState: IN_SERVICE, persistedOpStateExpiryEpochSec: 0}, ReplicationConfig: RATIS/THREE, State:ALLOCATED, leaderId:, CreationTimestamp2021-09-14T13:09:53.842Z[UTC]].
rm_1        | 2021-09-14 13:13:02 INFO  ClientRMService:583 - Application with id 3 submitted by user hadoop
nm_1        | 2021-09-14 13:12:21 INFO  ContainerImpl:1135 - Container container_1631624963249_0002_01_000004 transitioned from NEW to LOCALIZING
scm_1       | 2021-09-14 13:09:53,845 [RatisPipelineUtilsThread - 0] INFO pipeline.PipelineManagerImpl: Pipeline: PipelineID=7a7790fb-cb77-4282-ae16-581526ed6aa1 contains same datanodes as previous pipelines: PipelineID=951d3eb0-8d20-4dbb-b3d4-3e9e55fce815 nodeIds: 3b1ff565-bfae-4136-b466-61ef327c5ebc, f27d2ced-3514-4fde-83d9-b7287f60185d, 79e812c4-2260-4ee1-95b9-06b45166bcef
rm_1        | 2021-09-14 13:13:02 INFO  RMAuditLogger:148 - USER=hadoop	IP=172.21.0.2	OPERATION=Submit Application Request	TARGET=ClientRMService	RESULT=SUCCESS	APPID=application_1631624963249_0003
nm_1        | 2021-09-14 13:12:21 INFO  AuxServices:196 - Got event CONTAINER_INIT for appId application_1631624963249_0002
scm_1       | 2021-09-14 13:09:53,847 [RatisPipelineUtilsThread - 0] INFO pipeline.RatisPipelineProvider: Sending CreatePipelineCommand for pipeline:PipelineID=5ef6d761-ce77-49fc-9779-2a7e20d6a57e to datanode:79e812c4-2260-4ee1-95b9-06b45166bcef
rm_1        | 2021-09-14 13:13:02 INFO  RMAppImpl:974 - Storing application with id application_1631624963249_0003
nm_1        | 2021-09-14 13:12:21 INFO  AuxServices:196 - Got event APPLICATION_INIT for appId application_1631624963249_0002
scm_1       | 2021-09-14 13:09:53,847 [RatisPipelineUtilsThread - 0] INFO pipeline.PipelineStateManager: Created pipeline Pipeline[ Id: 5ef6d761-ce77-49fc-9779-2a7e20d6a57e, Nodes: 79e812c4-2260-4ee1-95b9-06b45166bcef{ip: 172.21.0.6, host: hadoop27_datanode_1.hadoop27_default, ports: [REPLICATION=9886, RATIS=9858, RATIS_ADMIN=9857, RATIS_SERVER=9856, STANDALONE=9859], networkLocation: /default-rack, certSerialId: null, persistedOpState: IN_SERVICE, persistedOpStateExpiryEpochSec: 0}, ReplicationConfig: RATIS/ONE, State:ALLOCATED, leaderId:, CreationTimestamp2021-09-14T13:09:53.847Z[UTC]].
rm_1        | 2021-09-14 13:13:02 INFO  RMAppImpl:715 - application_1631624963249_0003 State change from NEW to NEW_SAVING
nm_1        | 2021-09-14 13:12:21 INFO  AuxServices:200 - Got APPLICATION_INIT for service mapreduce_shuffle
scm_1       | 2021-09-14 13:09:57,016 [EventQueue-PipelineReportForPipelineReportHandler] INFO pipeline.PipelineManagerImpl: Pipeline Pipeline[ Id: e850e55f-094c-465e-8de8-97927fb47dbb, Nodes: 3b1ff565-bfae-4136-b466-61ef327c5ebc{ip: 172.21.0.8, host: hadoop27_datanode_2.hadoop27_default, ports: [REPLICATION=9886, RATIS=9858, RATIS_ADMIN=9857, RATIS_SERVER=9856, STANDALONE=9859], networkLocation: /default-rack, certSerialId: null, persistedOpState: IN_SERVICE, persistedOpStateExpiryEpochSec: 0}, ReplicationConfig: RATIS/ONE, State:ALLOCATED, leaderId:3b1ff565-bfae-4136-b466-61ef327c5ebc, CreationTimestamp2021-09-14T13:09:53.805Z[UTC]] moved to OPEN state
rm_1        | 2021-09-14 13:13:02 INFO  RMStateStore:194 - Storing info for app: application_1631624963249_0003
nm_1        | 2021-09-14 13:12:21 INFO  ShuffleHandler:671 - Added token for job_1631624963249_0002
scm_1       | 2021-09-14 13:09:57,070 [EventQueue-OpenPipelineForHealthyPipelineSafeModeRule] INFO safemode.SCMSafeModeManager: SCM in safe mode. Healthy pipelines reported count is 0, required healthy pipeline reported count is 1
rm_1        | 2021-09-14 13:13:02 INFO  RMAppImpl:715 - application_1631624963249_0003 State change from NEW_SAVING to SUBMITTED
rm_1        | 2021-09-14 13:13:02 INFO  ParentQueue:345 - Application added - appId: application_1631624963249_0003 user: hadoop leaf-queue of parent: root #applications: 1
rm_1        | 2021-09-14 13:13:02 INFO  CapacityScheduler:814 - Accepted application application_1631624963249_0003 from user: hadoop, in queue: default
scm_1       | 2021-09-14 13:09:57,847 [EventQueue-OpenPipelineForHealthyPipelineSafeModeRule] INFO safemode.SCMSafeModeManager: SCM in safe mode. Healthy pipelines reported count is 0, required healthy pipeline reported count is 1
rm_1        | 2021-09-14 13:13:02 INFO  RMAppImpl:715 - application_1631624963249_0003 State change from SUBMITTED to ACCEPTED
nm_1        | 2021-09-14 13:12:21 INFO  ContainerImpl:1135 - Container container_1631624963249_0002_01_000004 transitioned from LOCALIZING to LOCALIZED
scm_1       | 2021-09-14 13:10:00,608 [EventQueue-OpenPipelineForHealthyPipelineSafeModeRule] INFO safemode.SCMSafeModeManager: SCM in safe mode. Healthy pipelines reported count is 0, required healthy pipeline reported count is 1
rm_1        | 2021-09-14 13:13:02 INFO  ApplicationMasterService:678 - Registering app attempt : appattempt_1631624963249_0003_000001
nm_1        | 2021-09-14 13:12:21 INFO  ContainerImpl:1135 - Container container_1631624963249_0002_01_000004 transitioned from LOCALIZED to RUNNING
scm_1       | 2021-09-14 13:10:00,850 [EventQueue-PipelineReportForPipelineReportHandler] INFO pipeline.PipelineManagerImpl: Pipeline Pipeline[ Id: e4b37f9a-e9b6-42e1-b23c-46ad46fd1e0c, Nodes: f27d2ced-3514-4fde-83d9-b7287f60185d{ip: 172.21.0.9, host: hadoop27_datanode_3.hadoop27_default, ports: [REPLICATION=9886, RATIS=9858, RATIS_ADMIN=9857, RATIS_SERVER=9856, STANDALONE=9859], networkLocation: /default-rack, certSerialId: null, persistedOpState: IN_SERVICE, persistedOpStateExpiryEpochSec: 0}, ReplicationConfig: RATIS/ONE, State:ALLOCATED, leaderId:f27d2ced-3514-4fde-83d9-b7287f60185d, CreationTimestamp2021-09-14T13:09:53.841Z[UTC]] moved to OPEN state
rm_1        | 2021-09-14 13:13:02 INFO  RMAppAttemptImpl:813 - appattempt_1631624963249_0003_000001 State change from NEW to SUBMITTED
nm_1        | 2021-09-14 13:12:21 INFO  ContainersMonitorImpl:196 - Neither virutal-memory nor physical-memory monitoring is needed. Not running the monitor-thread
scm_1       | 2021-09-14 13:10:00,886 [EventQueue-OpenPipelineForHealthyPipelineSafeModeRule] INFO safemode.SCMSafeModeManager: SCM in safe mode. Healthy pipelines reported count is 0, required healthy pipeline reported count is 1
rm_1        | 2021-09-14 13:13:02 WARN  LeafQueue:632 - maximum-am-resource-percent is insufficient to start a single application in queue, it is likely set too low. skipping enforcement to allow at least one application to start
nm_1        | 2021-09-14 13:12:21 INFO  DefaultContainerExecutor:268 - launchContainer: [bash, /tmp/hadoop-hadoop/nm-local-dir/usercache/hadoop/appcache/application_1631624963249_0002/container_1631624963249_0002_01_000004/default_container_executor.sh]
scm_1       | 2021-09-14 13:10:00,890 [EventQueue-OpenPipelineForHealthyPipelineSafeModeRule] INFO safemode.SCMSafeModeManager: SCM in safe mode. Healthy pipelines reported count is 0, required healthy pipeline reported count is 1
rm_1        | 2021-09-14 13:13:02 WARN  LeafQueue:653 - maximum-am-resource-percent is insufficient to start a single application in queue for user, it is likely set too low. skipping enforcement to allow at least one application to start
nm_1        | 2021-09-14 13:12:22 INFO  NodeStatusUpdaterImpl:490 - Removed completed containers from NM context: [container_1631624963249_0002_01_000003]
scm_1       | 2021-09-14 13:10:00,992 [EventQueue-PipelineReportForPipelineReportHandler] INFO pipeline.PipelineManagerImpl: Pipeline Pipeline[ Id: 5ef6d761-ce77-49fc-9779-2a7e20d6a57e, Nodes: 79e812c4-2260-4ee1-95b9-06b45166bcef{ip: 172.21.0.6, host: hadoop27_datanode_1.hadoop27_default, ports: [REPLICATION=9886, RATIS=9858, RATIS_ADMIN=9857, RATIS_SERVER=9856, STANDALONE=9859], networkLocation: /default-rack, certSerialId: null, persistedOpState: IN_SERVICE, persistedOpStateExpiryEpochSec: 0}, ReplicationConfig: RATIS/ONE, State:ALLOCATED, leaderId:79e812c4-2260-4ee1-95b9-06b45166bcef, CreationTimestamp2021-09-14T13:09:53.847Z[UTC]] moved to OPEN state
rm_1        | 2021-09-14 13:13:02 INFO  LeafQueue:667 - Application application_1631624963249_0003 from user: hadoop activated in queue: default
nm_1        | 2021-09-14 13:12:25 INFO  Server:1316 - Auth successful for appattempt_1631624963249_0002_000001 (auth:SIMPLE)
scm_1       | 2021-09-14 13:10:01,003 [EventQueue-OpenPipelineForHealthyPipelineSafeModeRule] INFO safemode.SCMSafeModeManager: SCM in safe mode. Healthy pipelines reported count is 0, required healthy pipeline reported count is 1
rm_1        | 2021-09-14 13:13:02 INFO  LeafQueue:683 - Application added - appId: application_1631624963249_0003 user: org.apache.hadoop.yarn.server.resourcemanager.scheduler.capacity.LeafQueue$User@598bc173, leaf-queue: default #user-pending-applications: 0 #user-active-applications: 1 #queue-pending-applications: 0 #queue-active-applications: 1
nm_1        | 2021-09-14 13:12:25 INFO  ContainerManagerImpl:960 - Stopping container with container Id: container_1631624963249_0002_01_000004
scm_1       | 2021-09-14 13:10:02,902 [EventQueue-OpenPipelineForHealthyPipelineSafeModeRule] INFO safemode.SCMSafeModeManager: SCM in safe mode. Healthy pipelines reported count is 0, required healthy pipeline reported count is 1
rm_1        | 2021-09-14 13:13:02 INFO  CapacityScheduler:843 - Added Application Attempt appattempt_1631624963249_0003_000001 to scheduler from user hadoop in queue default
nm_1        | 2021-09-14 13:12:25 INFO  NMAuditLogger:89 - USER=hadoop	IP=172.21.0.7	OPERATION=Stop Container Request	TARGET=ContainerManageImpl	RESULT=SUCCESS	APPID=application_1631624963249_0002	CONTAINERID=container_1631624963249_0002_01_000004
scm_1       | 2021-09-14 13:10:02,920 [EventQueue-PipelineReportForPipelineReportHandler] INFO pipeline.PipelineManagerImpl: Pipeline Pipeline[ Id: 951d3eb0-8d20-4dbb-b3d4-3e9e55fce815, Nodes: 3b1ff565-bfae-4136-b466-61ef327c5ebc{ip: 172.21.0.8, host: hadoop27_datanode_2.hadoop27_default, ports: [REPLICATION=9886, RATIS=9858, RATIS_ADMIN=9857, RATIS_SERVER=9856, STANDALONE=9859], networkLocation: /default-rack, certSerialId: null, persistedOpState: IN_SERVICE, persistedOpStateExpiryEpochSec: 0}79e812c4-2260-4ee1-95b9-06b45166bcef{ip: 172.21.0.6, host: hadoop27_datanode_1.hadoop27_default, ports: [REPLICATION=9886, RATIS=9858, RATIS_ADMIN=9857, RATIS_SERVER=9856, STANDALONE=9859], networkLocation: /default-rack, certSerialId: null, persistedOpState: IN_SERVICE, persistedOpStateExpiryEpochSec: 0}f27d2ced-3514-4fde-83d9-b7287f60185d{ip: 172.21.0.9, host: hadoop27_datanode_3.hadoop27_default, ports: [REPLICATION=9886, RATIS=9858, RATIS_ADMIN=9857, RATIS_SERVER=9856, STANDALONE=9859], networkLocation: /default-rack, certSerialId: null, persistedOpState: IN_SERVICE, persistedOpStateExpiryEpochSec: 0}, ReplicationConfig: RATIS/THREE, State:ALLOCATED, leaderId:f27d2ced-3514-4fde-83d9-b7287f60185d, CreationTimestamp2021-09-14T13:09:53.837Z[UTC]] moved to OPEN state
rm_1        | 2021-09-14 13:13:02 INFO  RMAppAttemptImpl:813 - appattempt_1631624963249_0003_000001 State change from SUBMITTED to SCHEDULED
nm_1        | 2021-09-14 13:12:25 INFO  ContainerImpl:1135 - Container container_1631624963249_0002_01_000004 transitioned from RUNNING to KILLING
scm_1       | 2021-09-14 13:10:02,933 [EventQueue-OpenPipelineForHealthyPipelineSafeModeRule] INFO safemode.SCMSafeModeManager: SCM in safe mode. Healthy pipelines reported count is 1, required healthy pipeline reported count is 1
rm_1        | 2021-09-14 13:13:02 INFO  RMContainerImpl:410 - container_1631624963249_0003_01_000001 Container Transitioned from NEW to ALLOCATED
nm_1        | 2021-09-14 13:12:25 INFO  ContainerLaunch:370 - Cleaning up container container_1631624963249_0002_01_000004
scm_1       | 2021-09-14 13:10:02,933 [EventQueue-OpenPipelineForHealthyPipelineSafeModeRule] INFO safemode.SCMSafeModeManager: HealthyPipelineSafeModeRule rule is successfully validated
rm_1        | 2021-09-14 13:13:02 INFO  RMAuditLogger:106 - USER=hadoop	OPERATION=AM Allocated Container	TARGET=SchedulerApp	RESULT=SUCCESS	APPID=application_1631624963249_0003	CONTAINERID=container_1631624963249_0003_01_000001
nm_1        | 2021-09-14 13:12:25 WARN  DefaultContainerExecutor:224 - Exit code from container container_1631624963249_0002_01_000004 is : 143
rm_1        | 2021-09-14 13:13:02 INFO  SchedulerNode:153 - Assigned container container_1631624963249_0003_01_000001 of capacity <memory:2048, vCores:1> on host nm:42717, which has 1 containers, <memory:2048, vCores:1> used and <memory:6144, vCores:7> available after allocation
scm_1       | 2021-09-14 13:10:02,935 [EventQueue-OpenPipelineForHealthyPipelineSafeModeRule] INFO safemode.SCMSafeModeManager: ScmSafeModeManager, all rules are successfully validated
nm_1        | 2021-09-14 13:12:25 INFO  ContainerImpl:1135 - Container container_1631624963249_0002_01_000004 transitioned from KILLING to CONTAINER_CLEANEDUP_AFTER_KILL
rm_1        | 2021-09-14 13:13:02 INFO  LeafQueue:1554 - assignedContainer application attempt=appattempt_1631624963249_0003_000001 container=Container: [ContainerId: container_1631624963249_0003_01_000001, NodeId: nm:42717, NodeHttpAddress: nm:8042, Resource: <memory:2048, vCores:1>, Priority: 0, Token: null, ] queue=default: capacity=1.0, absoluteCapacity=1.0, usedResources=<memory:0, vCores:0>, usedCapacity=0.0, absoluteUsedCapacity=0.0, numApps=1, numContainers=0 clusterResource=<memory:8192, vCores:8> type=OFF_SWITCH
scm_1       | 2021-09-14 13:10:02,935 [EventQueue-OpenPipelineForHealthyPipelineSafeModeRule] INFO safemode.SCMSafeModeManager: SCM exiting safe mode.
nm_1        | 2021-09-14 13:12:25 INFO  NMAuditLogger:89 - USER=hadoop	OPERATION=Container Finished - Killed	TARGET=ContainerImpl	RESULT=SUCCESS	APPID=application_1631624963249_0002	CONTAINERID=container_1631624963249_0002_01_000004
rm_1        | 2021-09-14 13:13:02 INFO  ParentQueue:523 - Re-sorting assigned queue: root.default stats: default: capacity=1.0, absoluteCapacity=1.0, usedResources=<memory:2048, vCores:1>, usedCapacity=0.25, absoluteUsedCapacity=0.25, numApps=1, numContainers=1
scm_1       | 2021-09-14 13:10:02,935 [EventQueue-OpenPipelineForHealthyPipelineSafeModeRule] WARN events.EventQueue: No event handler registered for event TypedEvent{payloadType=SafeModeStatus, name='Safe mode status'}
nm_1        | 2021-09-14 13:12:25 INFO  ContainerImpl:1135 - Container container_1631624963249_0002_01_000004 transitioned from CONTAINER_CLEANEDUP_AFTER_KILL to DONE
rm_1        | 2021-09-14 13:13:02 INFO  ParentQueue:420 - assignedContainer queue=root usedCapacity=0.25 absoluteUsedCapacity=0.25 used=<memory:2048, vCores:1> cluster=<memory:8192, vCores:8>
scm_1       | 2021-09-14 13:10:02,935 [EventQueue-OpenPipelineForHealthyPipelineSafeModeRule] INFO ha.SCMContext: Update SafeModeStatus from SafeModeStatus{safeModeStatus=true, preCheckPassed=true} to SafeModeStatus{safeModeStatus=false, preCheckPassed=true}.
nm_1        | 2021-09-14 13:12:25 INFO  ApplicationImpl:347 - Removing container_1631624963249_0002_01_000004 from application application_1631624963249_0002
rm_1        | 2021-09-14 13:13:02 INFO  NMTokenSecretManagerInRM:200 - Sending NMToken for nodeId : nm:42717 for container : container_1631624963249_0003_01_000001
scm_1       | 2021-09-14 13:10:02,936 [EventQueue-OpenPipelineForHealthyPipelineSafeModeRule] INFO pipeline.BackgroundPipelineCreator: Service BackgroundPipelineCreator transitions to RUNNING.
nm_1        | 2021-09-14 13:12:25 INFO  ContainersMonitorImpl:196 - Neither virutal-memory nor physical-memory monitoring is needed. Not running the monitor-thread
rm_1        | 2021-09-14 13:13:02 INFO  RMContainerImpl:410 - container_1631624963249_0003_01_000001 Container Transitioned from ALLOCATED to ACQUIRED
scm_