recon_1     | 2021-10-21 12:58:46,991 [EventQueue-PipelineReportForReconPipelineReportHandler] INFO scm.ReconPipelineReportHandler: Pipeline RATIS/THREE PipelineID=9aa0f502-e846-4d56-b667-3d30fb2b4646 reported by 5d671dba-f071-4ad2-9846-0f335461d02d{ip: 172.18.0.8, host: ozonesecure_datanode_3.ozonesecure_default, ports: [REPLICATION=9886, RATIS=9858, RATIS_ADMIN=9857, RATIS_SERVER=9856, STANDALONE=9859], networkLocation: /default-rack, certSerialId: 335571043661, persistedOpState: null, persistedOpStateExpiryEpochSec: 0}
s3g_1       | 	at org.glassfish.jersey.server.internal.routing.RoutingStage._apply(RoutingStage.java:89)
kdc_1       | Oct 21 13:10:33 kdc krb5kdc[9](info): TGS_REQ (6 etypes {aes256-cts-hmac-sha1-96(18), aes128-cts-hmac-sha1-96(17), aes256-cts-hmac-sha384-192(20), aes128-cts-hmac-sha256-128(19), DEPRECATED:des3-cbc-sha1(16), DEPRECATED:arcfour-hmac(23)}) 172.18.0.4: ISSUE: authtime 1634821682, etypes {rep=aes256-cts-hmac-sha1-96(18), tkt=aes256-cts-hmac-sha1-96(18), ses=aes256-cts-hmac-sha1-96(18)}, testuser/scm@EXAMPLE.COM for om/om@EXAMPLE.COM
scm_1       | 2021-10-21 12:58:14,905 [Listener at 0.0.0.0/9860] INFO http.HttpServer2: Added filter authentication (class=org.apache.hadoop.security.authentication.server.AuthenticationFilter) to context static
om_1        | 2021-10-21 12:58:49,305 [Listener at om/9862] INFO server.RaftServer: om1: start RPC server
recon_1     | 2021-10-21 12:58:47,594 [EventQueue-PipelineReportForReconPipelineReportHandler] INFO scm.ReconPipelineReportHandler: Pipeline RATIS/THREE PipelineID=9aa0f502-e846-4d56-b667-3d30fb2b4646 reported by 8ac5155a-e676-4499-81c3-9993fab9547d{ip: 172.18.0.9, host: ozonesecure_datanode_1.ozonesecure_default, ports: [REPLICATION=9886, RATIS=9858, RATIS_ADMIN=9857, RATIS_SERVER=9856, STANDALONE=9859], networkLocation: /default-rack, certSerialId: 335822554325, persistedOpState: null, persistedOpStateExpiryEpochSec: 0}
s3g_1       | 	at org.glassfish.jersey.server.internal.routing.RoutingStage.apply(RoutingStage.java:69)
kdc_1       | Oct 21 13:10:38 kdc krb5kdc[9](info): TGS_REQ (6 etypes {aes256-cts-hmac-sha1-96(18), aes128-cts-hmac-sha1-96(17), aes256-cts-hmac-sha384-192(20), aes128-cts-hmac-sha256-128(19), DEPRECATED:des3-cbc-sha1(16), DEPRECATED:arcfour-hmac(23)}) 172.18.0.4: ISSUE: authtime 1634821682, etypes {rep=aes256-cts-hmac-sha1-96(18), tkt=aes256-cts-hmac-sha1-96(18), ses=aes256-cts-hmac-sha1-96(18)}, testuser/scm@EXAMPLE.COM for om/om@EXAMPLE.COM
scm_1       | 2021-10-21 12:58:14,918 [Listener at 0.0.0.0/9860] INFO http.HttpServer2: Added filter authentication (class=org.apache.hadoop.security.authentication.server.AuthenticationFilter) to context logs
om_1        | 2021-10-21 12:58:49,519 [Listener at om/9862] INFO server.GrpcService: om1: GrpcService started, listening on 9872
recon_1     | 2021-10-21 12:58:53,998 [EventQueue-PipelineReportForReconPipelineReportHandler] INFO scm.ReconPipelineReportHandler: Pipeline RATIS/THREE PipelineID=9aa0f502-e846-4d56-b667-3d30fb2b4646 reported by 351286e3-fb34-40f8-be65-4bd446febc02{ip: 172.18.0.7, host: ozonesecure_datanode_2.ozonesecure_default, ports: [REPLICATION=9886, RATIS=9858, RATIS_ADMIN=9857, RATIS_SERVER=9856, STANDALONE=9859], networkLocation: /default-rack, certSerialId: 336010563748, persistedOpState: null, persistedOpStateExpiryEpochSec: 0}
s3g_1       | 	at org.glassfish.jersey.server.internal.routing.RoutingStage.apply(RoutingStage.java:38)
kdc_1       | Oct 21 13:10:42 kdc krb5kdc[9](info): TGS_REQ (6 etypes {aes256-cts-hmac-sha1-96(18), aes128-cts-hmac-sha1-96(17), aes256-cts-hmac-sha384-192(20), aes128-cts-hmac-sha256-128(19), DEPRECATED:des3-cbc-sha1(16), DEPRECATED:arcfour-hmac(23)}) 172.18.0.4: ISSUE: authtime 1634821682, etypes {rep=aes256-cts-hmac-sha1-96(18), tkt=aes256-cts-hmac-sha1-96(18), ses=aes256-cts-hmac-sha1-96(18)}, testuser/scm@EXAMPLE.COM for om/om@EXAMPLE.COM
kdc_1       | Oct 21 13:10:47 kdc krb5kdc[9](info): TGS_REQ (6 etypes {aes256-cts-hmac-sha1-96(18), aes128-cts-hmac-sha1-96(17), aes256-cts-hmac-sha384-192(20), aes128-cts-hmac-sha256-128(19), DEPRECATED:des3-cbc-sha1(16), DEPRECATED:arcfour-hmac(23)}) 172.18.0.4: ISSUE: authtime 1634821682, etypes {rep=aes256-cts-hmac-sha1-96(18), tkt=aes256-cts-hmac-sha1-96(18), ses=aes256-cts-hmac-sha1-96(18)}, testuser/scm@EXAMPLE.COM for om/om@EXAMPLE.COM
scm_1       | 2021-10-21 12:58:14,939 [Listener at 0.0.0.0/9860] INFO http.HttpServer2: Initialize spnego with host: 0.0.0.0 userKey: hdds.scm.http.auth.kerberos.principal keytabKey: hdds.scm.http.auth.kerberos.keytab
recon_1     | 2021-10-21 12:58:54,002 [EventQueue-PipelineReportForReconPipelineReportHandler] INFO pipeline.PipelineManagerImpl: Pipeline Pipeline[ Id: 9aa0f502-e846-4d56-b667-3d30fb2b4646, Nodes: 5d671dba-f071-4ad2-9846-0f335461d02d{ip: 172.18.0.8, host: ozonesecure_datanode_3.ozonesecure_default, ports: [REPLICATION=9886, RATIS=9858, RATIS_ADMIN=9857, RATIS_SERVER=9856, STANDALONE=9859], networkLocation: /default-rack, certSerialId: null, persistedOpState: IN_SERVICE, persistedOpStateExpiryEpochSec: 0}8ac5155a-e676-4499-81c3-9993fab9547d{ip: 172.18.0.9, host: ozonesecure_datanode_1.ozonesecure_default, ports: [REPLICATION=9886, RATIS=9858, RATIS_ADMIN=9857, RATIS_SERVER=9856, STANDALONE=9859], networkLocation: /default-rack, certSerialId: null, persistedOpState: IN_SERVICE, persistedOpStateExpiryEpochSec: 0}351286e3-fb34-40f8-be65-4bd446febc02{ip: 172.18.0.7, host: ozonesecure_datanode_2.ozonesecure_default, ports: [REPLICATION=9886, RATIS=9858, RATIS_ADMIN=9857, RATIS_SERVER=9856, STANDALONE=9859], networkLocation: /default-rack, certSerialId: null, persistedOpState: IN_SERVICE, persistedOpStateExpiryEpochSec: 0}, ReplicationConfig: RATIS/THREE, State:ALLOCATED, leaderId:351286e3-fb34-40f8-be65-4bd446febc02, CreationTimestamp2021-10-21T12:58:38.090Z[UTC]] moved to OPEN state
s3g_1       | 	at org.glassfish.jersey.process.internal.Stages.process(Stages.java:173)
kdc_1       | Oct 21 13:10:51 kdc krb5kdc[9](info): TGS_REQ (6 etypes {aes256-cts-hmac-sha1-96(18), aes128-cts-hmac-sha1-96(17), aes256-cts-hmac-sha384-192(20), aes128-cts-hmac-sha256-128(19), DEPRECATED:des3-cbc-sha1(16), DEPRECATED:arcfour-hmac(23)}) 172.18.0.4: ISSUE: authtime 1634821682, etypes {rep=aes256-cts-hmac-sha1-96(18), tkt=aes256-cts-hmac-sha1-96(18), ses=aes256-cts-hmac-sha1-96(18)}, testuser/scm@EXAMPLE.COM for om/om@EXAMPLE.COM
scm_1       | 2021-10-21 12:58:15,444 [Listener at 0.0.0.0/9860] INFO http.HttpServer2: Jetty bound to port 9876
om_1        | 2021-10-21 12:58:49,537 [org.apache.ratis.util.JvmPauseMonitor$$Lambda$391/0x00000008405b7040@76aab1e3] INFO util.JvmPauseMonitor: JvmPauseMonitor-om1: Started
recon_1     | 2021-10-21 12:58:54,003 [EventQueue-PipelineReportForReconPipelineReportHandler] INFO ha.SCMHAInvocationHandler: Invoking method public abstract void org.apache.hadoop.hdds.scm.pipeline.PipelineStateManager.updatePipelineState(org.apache.hadoop.hdds.protocol.proto.HddsProtos$PipelineID,org.apache.hadoop.hdds.protocol.proto.HddsProtos$PipelineState) throws java.io.IOException on target org.apache.hadoop.hdds.scm.ha.MockSCMHAManager$MockRatisServer@412ab911, cost 806.301us
s3g_1       | 	at org.glassfish.jersey.server.ServerRuntime$1.run(ServerRuntime.java:247)
kdc_1       | Oct 21 13:10:56 kdc krb5kdc[9](info): TGS_REQ (6 etypes {aes256-cts-hmac-sha1-96(18), aes128-cts-hmac-sha1-96(17), aes256-cts-hmac-sha384-192(20), aes128-cts-hmac-sha256-128(19), DEPRECATED:des3-cbc-sha1(16), DEPRECATED:arcfour-hmac(23)}) 172.18.0.4: ISSUE: authtime 1634821682, etypes {rep=aes256-cts-hmac-sha1-96(18), tkt=aes256-cts-hmac-sha1-96(18), ses=aes256-cts-hmac-sha1-96(18)}, testuser/scm@EXAMPLE.COM for om/om@EXAMPLE.COM
scm_1       | 2021-10-21 12:58:15,456 [Listener at 0.0.0.0/9860] INFO server.Server: jetty-9.4.43.v20210629; built: 2021-06-30T11:07:22.254Z; git: 526006ecfa3af7f1a27ef3a288e2bef7ea9dd7e8; jvm 11.0.10+9-LTS
om_1        | 2021-10-21 12:58:49,539 [Listener at om/9862] INFO om.OzoneManager: Starting OM block token secret manager
recon_1     | 2021-10-21 12:58:58,660 [pool-18-thread-1] INFO impl.OzoneManagerServiceProviderImpl: Got new checkpoint from OM : /data/metadata/om.snapshot.db_1634821105961
s3g_1       | 	at org.glassfish.jersey.internal.Errors$1.call(Errors.java:248)
kdc_1       | Oct 21 13:11:00 kdc krb5kdc[9](info): TGS_REQ (6 etypes {aes256-cts-hmac-sha1-96(18), aes128-cts-hmac-sha1-96(17), aes256-cts-hmac-sha384-192(20), aes128-cts-hmac-sha256-128(19), DEPRECATED:des3-cbc-sha1(16), DEPRECATED:arcfour-hmac(23)}) 172.18.0.4: ISSUE: authtime 1634821682, etypes {rep=aes256-cts-hmac-sha1-96(18), tkt=aes256-cts-hmac-sha1-96(18), ses=aes256-cts-hmac-sha1-96(18)}, testuser/scm@EXAMPLE.COM for om/om@EXAMPLE.COM
scm_1       | 2021-10-21 12:58:15,751 [Listener at 0.0.0.0/9860] INFO server.session: DefaultSessionIdManager workerName=node0
om_1        | 2021-10-21 12:58:49,543 [Listener at om/9862] INFO security.OzoneBlockTokenSecretManager: Updating the current master key for generating tokens
recon_1     | 2021-10-21 12:58:58,672 [pool-18-thread-1] INFO codec.OmKeyInfoCodec: OmKeyInfoCodec ignorePipeline = true
s3g_1       | 	at org.glassfish.jersey.internal.Errors$1.call(Errors.java:244)
kdc_1       | Oct 21 13:11:05 kdc krb5kdc[9](info): TGS_REQ (6 etypes {aes256-cts-hmac-sha1-96(18), aes128-cts-hmac-sha1-96(17), aes256-cts-hmac-sha384-192(20), aes128-cts-hmac-sha256-128(19), DEPRECATED:des3-cbc-sha1(16), DEPRECATED:arcfour-hmac(23)}) 172.18.0.4: ISSUE: authtime 1634821682, etypes {rep=aes256-cts-hmac-sha1-96(18), tkt=aes256-cts-hmac-sha1-96(18), ses=aes256-cts-hmac-sha1-96(18)}, testuser/scm@EXAMPLE.COM for om/om@EXAMPLE.COM
scm_1       | 2021-10-21 12:58:15,754 [Listener at 0.0.0.0/9860] INFO server.session: No SessionScavenger set, using defaults
om_1        | 2021-10-21 12:58:49,545 [Listener at om/9862] INFO om.OzoneManager: Starting OM delegation token secret manager
recon_1     | 2021-10-21 12:58:58,678 [pool-18-thread-1] INFO codec.RepeatedOmKeyInfoCodec: RepeatedOmKeyInfoCodec ignorePipeline = true
s3g_1       | 	at org.glassfish.jersey.internal.Errors.process(Errors.java:292)
kdc_1       | Oct 21 13:11:09 kdc krb5kdc[9](info): TGS_REQ (6 etypes {aes256-cts-hmac-sha1-96(18), aes128-cts-hmac-sha1-96(17), aes256-cts-hmac-sha384-192(20), aes128-cts-hmac-sha256-128(19), DEPRECATED:des3-cbc-sha1(16), DEPRECATED:arcfour-hmac(23)}) 172.18.0.4: ISSUE: authtime 1634821682, etypes {rep=aes256-cts-hmac-sha1-96(18), tkt=aes256-cts-hmac-sha1-96(18), ses=aes256-cts-hmac-sha1-96(18)}, testuser/scm@EXAMPLE.COM for om/om@EXAMPLE.COM
scm_1       | 2021-10-21 12:58:15,759 [Listener at 0.0.0.0/9860] INFO server.session: node0 Scavenging every 600000ms
om_1        | 2021-10-21 12:58:49,545 [Listener at om/9862] INFO security.OzoneDelegationTokenSecretManager: Updating the current master key for generating tokens
recon_1     | 2021-10-21 12:58:58,915 [pool-18-thread-1] INFO recovery.ReconOmMetadataManagerImpl: Created OM DB handle from snapshot at /data/metadata/om.snapshot.db_1634821105961.
s3g_1       | 	at org.glassfish.jersey.internal.Errors.process(Errors.java:274)
kdc_1       | Oct 21 13:11:13 kdc krb5kdc[9](info): TGS_REQ (6 etypes {aes256-cts-hmac-sha1-96(18), aes128-cts-hmac-sha1-96(17), aes256-cts-hmac-sha384-192(20), aes128-cts-hmac-sha256-128(19), DEPRECATED:des3-cbc-sha1(16), DEPRECATED:arcfour-hmac(23)}) 172.18.0.4: ISSUE: authtime 1634821682, etypes {rep=aes256-cts-hmac-sha1-96(18), tkt=aes256-cts-hmac-sha1-96(18), ses=aes256-cts-hmac-sha1-96(18)}, testuser/scm@EXAMPLE.COM for om/om@EXAMPLE.COM
scm_1       | 2021-10-21 12:58:15,984 [Listener at 0.0.0.0/9860] INFO server.KerberosAuthenticationHandler: Using keytab /etc/security/keytabs/scm.keytab, for principal HTTP/scm@EXAMPLE.COM
scm_1       | 2021-10-21 12:58:16,004 [Listener at 0.0.0.0/9860] INFO handler.ContextHandler: Started o.e.j.s.ServletContextHandler@46c92d27{logs,/logs,file:///var/log/hadoop/,AVAILABLE}
om_1        | 2021-10-21 12:58:49,578 [Listener at om/9862] INFO om.OzoneManager: Version File has different layout version (0) than OM DB (null). That is expected if this OM has never been finalized to a newer layout version.
s3g_1       | 	at org.glassfish.jersey.internal.Errors.process(Errors.java:244)
kdc_1       | Oct 21 13:11:17 kdc krb5kdc[9](info): TGS_REQ (6 etypes {aes256-cts-hmac-sha1-96(18), aes128-cts-hmac-sha1-96(17), aes256-cts-hmac-sha384-192(20), aes128-cts-hmac-sha256-128(19), DEPRECATED:des3-cbc-sha1(16), DEPRECATED:arcfour-hmac(23)}) 172.18.0.4: ISSUE: authtime 1634821682, etypes {rep=aes256-cts-hmac-sha1-96(18), tkt=aes256-cts-hmac-sha1-96(18), ses=aes256-cts-hmac-sha1-96(18)}, testuser/scm@EXAMPLE.COM for om/om@EXAMPLE.COM
scm_1       | 2021-10-21 12:58:16,004 [Listener at 0.0.0.0/9860] INFO handler.ContextHandler: Started o.e.j.s.ServletContextHandler@66c88fce{static,/static,jar:file:/opt/hadoop/share/ozone/lib/hdds-server-scm-1.2.0-SNAPSHOT.jar!/webapps/static,AVAILABLE}
recon_1     | 2021-10-21 12:58:58,969 [pool-18-thread-1] INFO impl.OzoneManagerServiceProviderImpl: Calling reprocess on Recon tasks.
om_1        | 2021-10-21 12:58:49,627 [Thread[Thread-15,5,main]] INFO security.OzoneDelegationTokenSecretManager: Starting expired delegation token remover thread, tokenRemoverScanInterval=60 min(s)
s3g_1       | 	at org.glassfish.jersey.process.internal.RequestScope.runInScope(RequestScope.java:265)
kdc_1       | Oct 21 13:11:22 kdc krb5kdc[9](info): TGS_REQ (6 etypes {aes256-cts-hmac-sha1-96(18), aes128-cts-hmac-sha1-96(17), aes256-cts-hmac-sha384-192(20), aes128-cts-hmac-sha256-128(19), DEPRECATED:des3-cbc-sha1(16), DEPRECATED:arcfour-hmac(23)}) 172.18.0.4: ISSUE: authtime 1634821682, etypes {rep=aes256-cts-hmac-sha1-96(18), tkt=aes256-cts-hmac-sha1-96(18), ses=aes256-cts-hmac-sha1-96(18)}, testuser/scm@EXAMPLE.COM for om/om@EXAMPLE.COM
scm_1       | 2021-10-21 12:58:16,605 [Listener at 0.0.0.0/9860] INFO server.KerberosAuthenticationHandler: Using keytab /etc/security/keytabs/scm.keytab, for principal HTTP/scm@EXAMPLE.COM
recon_1     | 2021-10-21 12:58:58,977 [pool-19-thread-1] INFO tasks.NSSummaryTask: Completed a reprocess run of NSSummaryTask
om_1        | 2021-10-21 12:58:49,735 [Listener at om/9862] INFO http.BaseHttpServer: Starting Web-server for ozoneManager at: http://0.0.0.0:9874
s3g_1       | 	at org.glassfish.jersey.server.ServerRuntime.process(ServerRuntime.java:234)
kdc_1       | Oct 21 13:11:26 kdc krb5kdc[9](info): TGS_REQ (6 etypes {aes256-cts-hmac-sha1-96(18), aes128-cts-hmac-sha1-96(17), aes256-cts-hmac-sha384-192(20), aes128-cts-hmac-sha256-128(19), DEPRECATED:des3-cbc-sha1(16), DEPRECATED:arcfour-hmac(23)}) 172.18.0.4: ISSUE: authtime 1634821682, etypes {rep=aes256-cts-hmac-sha1-96(18), tkt=aes256-cts-hmac-sha1-96(18), ses=aes256-cts-hmac-sha1-96(18)}, testuser/scm@EXAMPLE.COM for om/om@EXAMPLE.COM
scm_1       | 2021-10-21 12:58:16,687 [Listener at 0.0.0.0/9860] INFO handler.ContextHandler: Started o.e.j.w.WebAppContext@6a77953c{scm,/,file:///tmp/jetty-0_0_0_0-9876-hdds-server-scm-1_2_0-SNAPSHOT_jar-_-any-10087014240283836811/webapp/,AVAILABLE}{jar:file:/opt/hadoop/share/ozone/lib/hdds-server-scm-1.2.0-SNAPSHOT.jar!/webapps/scm}
recon_1     | 2021-10-21 12:58:59,492 [pool-19-thread-1] INFO tasks.TableCountTask: Completed a 'reprocess' run of TableCountTask.
om_1        | 2021-10-21 12:58:49,735 [Listener at om/9862] INFO http.BaseHttpServer: Hadoop Security Enabled: true Ozone Security Enabled: true Ozone HTTP Security Enabled: true 
s3g_1       | 	at org.glassfish.jersey.server.ApplicationHandler.handle(ApplicationHandler.java:680)
kdc_1       | Oct 21 13:11:31 kdc krb5kdc[9](info): TGS_REQ (6 etypes {aes256-cts-hmac-sha1-96(18), aes128-cts-hmac-sha1-96(17), aes256-cts-hmac-sha384-192(20), aes128-cts-hmac-sha256-128(19), DEPRECATED:des3-cbc-sha1(16), DEPRECATED:arcfour-hmac(23)}) 172.18.0.4: ISSUE: authtime 1634821682, etypes {rep=aes256-cts-hmac-sha1-96(18), tkt=aes256-cts-hmac-sha1-96(18), ses=aes256-cts-hmac-sha1-96(18)}, testuser/scm@EXAMPLE.COM for om/om@EXAMPLE.COM
scm_1       | 2021-10-21 12:58:16,735 [Listener at 0.0.0.0/9860] INFO server.AbstractConnector: Started ServerConnector@16df0ebd{HTTP/1.1, (http/1.1)}{0.0.0.0:9876}
recon_1     | 2021-10-21 12:58:59,494 [pool-19-thread-1] INFO tasks.ContainerKeyMapperTask: Starting a 'reprocess' run of ContainerKeyMapperTask.
om_1        | 2021-10-21 12:58:49,736 [Listener at om/9862] INFO http.BaseHttpServer: HttpAuthType: ozone.om.http.auth.type = kerberos
s3g_1       | 	at org.glassfish.jersey.servlet.WebComponent.serviceImpl(WebComponent.java:394)
kdc_1       | Oct 21 13:11:35 kdc krb5kdc[9](info): TGS_REQ (6 etypes {aes256-cts-hmac-sha1-96(18), aes128-cts-hmac-sha1-96(17), aes256-cts-hmac-sha384-192(20), aes128-cts-hmac-sha256-128(19), DEPRECATED:des3-cbc-sha1(16), DEPRECATED:arcfour-hmac(23)}) 172.18.0.4: ISSUE: authtime 1634821682, etypes {rep=aes256-cts-hmac-sha1-96(18), tkt=aes256-cts-hmac-sha1-96(18), ses=aes256-cts-hmac-sha1-96(18)}, testuser/scm@EXAMPLE.COM for om/om@EXAMPLE.COM
scm_1       | 2021-10-21 12:58:16,735 [Listener at 0.0.0.0/9860] INFO server.Server: Started @14912ms
recon_1     | 2021-10-21 12:58:59,764 [pool-19-thread-1] INFO tasks.ContainerKeyMapperTask: Completed 'reprocess' of ContainerKeyMapperTask.
om_1        | 2021-10-21 12:58:49,761 [Listener at om/9862] INFO util.log: Logging initialized @29970ms to org.eclipse.jetty.util.log.Slf4jLog
kdc_1       | Oct 21 13:11:40 kdc krb5kdc[9](info): TGS_REQ (6 etypes {aes256-cts-hmac-sha1-96(18), aes128-cts-hmac-sha1-96(17), aes256-cts-hmac-sha384-192(20), aes128-cts-hmac-sha256-128(19), DEPRECATED:des3-cbc-sha1(16), DEPRECATED:arcfour-hmac(23)}) 172.18.0.4: ISSUE: authtime 1634821682, etypes {rep=aes256-cts-hmac-sha1-96(18), tkt=aes256-cts-hmac-sha1-96(18), ses=aes256-cts-hmac-sha1-96(18)}, testuser/scm@EXAMPLE.COM for om/om@EXAMPLE.COM
scm_1       | 2021-10-21 12:58:16,750 [Listener at 0.0.0.0/9860] INFO impl.MetricsSinkAdapter: Sink prometheus started
recon_1     | 2021-10-21 12:58:59,764 [pool-19-thread-1] INFO tasks.ContainerKeyMapperTask: It took me 0.269 seconds to process 0 keys.
s3g_1       | 	at org.glassfish.jersey.servlet.WebComponent.service(WebComponent.java:346)
om_1        | 2021-10-21 12:58:50,002 [Listener at om/9862] INFO http.HttpRequestLog: Http request log for http.requests.ozoneManager is not defined
kdc_1       | Oct 21 13:11:44 kdc krb5kdc[9](info): TGS_REQ (6 etypes {aes256-cts-hmac-sha1-96(18), aes128-cts-hmac-sha1-96(17), aes256-cts-hmac-sha384-192(20), aes128-cts-hmac-sha256-128(19), DEPRECATED:des3-cbc-sha1(16), DEPRECATED:arcfour-hmac(23)}) 172.18.0.4: ISSUE: authtime 1634821682, etypes {rep=aes256-cts-hmac-sha1-96(18), tkt=aes256-cts-hmac-sha1-96(18), ses=aes256-cts-hmac-sha1-96(18)}, testuser/scm@EXAMPLE.COM for om/om@EXAMPLE.COM
scm_1       | 2021-10-21 12:58:16,750 [Listener at 0.0.0.0/9860] INFO impl.MetricsSystemImpl: Registered sink prometheus
recon_1     | 2021-10-21 12:58:59,845 [pool-19-thread-1] INFO tasks.FileSizeCountTask: Deleted 0 records from "FILE_COUNT_BY_SIZE"
s3g_1       | 	at org.glassfish.jersey.servlet.ServletContainer.service(ServletContainer.java:366)
om_1        | 2021-10-21 12:58:50,010 [Listener at om/9862] INFO http.HttpServer2: Added global filter 'safety' (class=org.apache.hadoop.hdds.server.http.HttpServer2$QuotingInputFilter)
kdc_1       | Oct 21 13:11:49 kdc krb5kdc[9](info): TGS_REQ (6 etypes {aes256-cts-hmac-sha1-96(18), aes128-cts-hmac-sha1-96(17), aes256-cts-hmac-sha384-192(20), aes128-cts-hmac-sha256-128(19), DEPRECATED:des3-cbc-sha1(16), DEPRECATED:arcfour-hmac(23)}) 172.18.0.4: ISSUE: authtime 1634821682, etypes {rep=aes256-cts-hmac-sha1-96(18), tkt=aes256-cts-hmac-sha1-96(18), ses=aes256-cts-hmac-sha1-96(18)}, testuser/scm@EXAMPLE.COM for om/om@EXAMPLE.COM
scm_1       | 2021-10-21 12:58:16,755 [Listener at 0.0.0.0/9860] INFO http.BaseHttpServer: HTTP server of scm listening at http://0.0.0.0:9876
recon_1     | 2021-10-21 12:58:59,846 [pool-19-thread-1] INFO tasks.FileSizeCountTask: Completed a 'reprocess' run of FileSizeCountTask.
recon_1     | 2021-10-21 12:59:16,991 [Socket Reader #1 for port 9891] INFO ipc.Server: Auth successful for dn/dn@EXAMPLE.COM (auth:KERBEROS) from 172.18.0.8:39592
om_1        | 2021-10-21 12:58:50,025 [Listener at om/9862] INFO http.HttpServer2: Added filter authentication (class=org.apache.hadoop.security.authentication.server.AuthenticationFilter) to context ozoneManager
kdc_1       | Oct 21 13:11:53 kdc krb5kdc[9](info): TGS_REQ (6 etypes {aes256-cts-hmac-sha1-96(18), aes128-cts-hmac-sha1-96(17), aes256-cts-hmac-sha384-192(20), aes128-cts-hmac-sha256-128(19), DEPRECATED:des3-cbc-sha1(16), DEPRECATED:arcfour-hmac(23)}) 172.18.0.4: ISSUE: authtime 1634821682, etypes {rep=aes256-cts-hmac-sha1-96(18), tkt=aes256-cts-hmac-sha1-96(18), ses=aes256-cts-hmac-sha1-96(18)}, testuser/scm@EXAMPLE.COM for om/om@EXAMPLE.COM
recon_1     | 2021-10-21 12:59:17,004 [Socket Reader #1 for port 9891] INFO authorize.ServiceAuthorizationManager: Authorization successful for dn/dn@EXAMPLE.COM (auth:KERBEROS) for protocol=interface org.apache.hadoop.ozone.protocol.ReconDatanodeProtocol
s3g_1       | 	at org.glassfish.jersey.servlet.ServletContainer.service(ServletContainer.java:319)
scm_1       | 2021-10-21 12:58:17,824 [ReplicationMonitor] INFO container.ReplicationManager: Replication Monitor Thread took 0 milliseconds for processing 0 containers.
om_1        | 2021-10-21 12:58:50,026 [Listener at om/9862] INFO http.HttpServer2: Added filter authentication (class=org.apache.hadoop.security.authentication.server.AuthenticationFilter) to context static
kdc_1       | Oct 21 13:11:53 kdc krb5kdc[9](info): AS_REQ (8 etypes {aes256-cts-hmac-sha1-96(18), aes128-cts-hmac-sha1-96(17), aes256-cts-hmac-sha384-192(20), aes128-cts-hmac-sha256-128(19), DEPRECATED:des3-cbc-sha1(16), DEPRECATED:arcfour-hmac(23), camellia128-cts-cmac(25), camellia256-cts-cmac(26)}) 172.18.0.4: ISSUE: authtime 1634821913, etypes {rep=aes256-cts-hmac-sha1-96(18), tkt=aes256-cts-hmac-sha1-96(18), ses=aes256-cts-hmac-sha1-96(18)}, testuser/scm@EXAMPLE.COM for krbtgt/EXAMPLE.COM@EXAMPLE.COM
recon_1     | 2021-10-21 12:59:17,609 [Socket Reader #1 for port 9891] INFO ipc.Server: Auth successful for dn/dn@EXAMPLE.COM (auth:KERBEROS) from 172.18.0.9:53452
s3g_1       | 	at org.glassfish.jersey.servlet.ServletContainer.service(ServletContainer.java:205)
scm_1       | 2021-10-21 12:58:18,084 [Socket Reader #1 for port 9961] INFO ipc.Server: Auth successful for om/om@EXAMPLE.COM (auth:KERBEROS) from 172.18.0.10:35943
om_1        | 2021-10-21 12:58:50,026 [Listener at om/9862] INFO http.HttpServer2: Added filter authentication (class=org.apache.hadoop.security.authentication.server.AuthenticationFilter) to context logs
kdc_1       | Oct 21 13:11:57 kdc krb5kdc[9](info): TGS_REQ (6 etypes {aes256-cts-hmac-sha1-96(18), aes128-cts-hmac-sha1-96(17), aes256-cts-hmac-sha384-192(20), aes128-cts-hmac-sha256-128(19), DEPRECATED:des3-cbc-sha1(16), DEPRECATED:arcfour-hmac(23)}) 172.18.0.4: ISSUE: authtime 1634821913, etypes {rep=aes256-cts-hmac-sha1-96(18), tkt=aes256-cts-hmac-sha1-96(18), ses=aes256-cts-hmac-sha1-96(18)}, testuser/scm@EXAMPLE.COM for om/om@EXAMPLE.COM
recon_1     | 2021-10-21 12:59:17,619 [Socket Reader #1 for port 9891] INFO authorize.ServiceAuthorizationManager: Authorization successful for dn/dn@EXAMPLE.COM (auth:KERBEROS) for protocol=interface org.apache.hadoop.ozone.protocol.ReconDatanodeProtocol
s3g_1       | 	at org.eclipse.jetty.servlet.ServletHolder$NotAsync.service(ServletHolder.java:1459)
scm_1       | 2021-10-21 12:58:18,108 [Socket Reader #1 for port 9961] INFO authorize.ServiceAuthorizationManager: Authorization successful for om/om@EXAMPLE.COM (auth:KERBEROS) for protocol=interface org.apache.hadoop.hdds.protocol.SCMSecurityProtocol
om_1        | 2021-10-21 12:58:50,030 [Listener at om/9862] INFO http.HttpServer2: Initialize spnego with host: 0.0.0.0 userKey: ozone.om.http.auth.kerberos.principal keytabKey: ozone.om.http.auth.kerberos.keytab
kdc_1       | Oct 21 13:12:02 kdc krb5kdc[9](info): TGS_REQ (6 etypes {aes256-cts-hmac-sha1-96(18), aes128-cts-hmac-sha1-96(17), aes256-cts-hmac-sha384-192(20), aes128-cts-hmac-sha256-128(19), DEPRECATED:des3-cbc-sha1(16), DEPRECATED:arcfour-hmac(23)}) 172.18.0.4: ISSUE: authtime 1634821913, etypes {rep=aes256-cts-hmac-sha1-96(18), tkt=aes256-cts-hmac-sha1-96(18), ses=aes256-cts-hmac-sha1-96(18)}, testuser/scm@EXAMPLE.COM for om/om@EXAMPLE.COM
recon_1     | 2021-10-21 12:59:23,989 [Socket Reader #1 for port 9891] INFO ipc.Server: Auth successful for dn/dn@EXAMPLE.COM (auth:KERBEROS) from 172.18.0.7:32930
s3g_1       | 	at org.eclipse.jetty.servlet.ServletHolder.handle(ServletHolder.java:799)
scm_1       | 2021-10-21 12:58:18,113 [IPC Server handler 0 on default port 9961] INFO server.SCMSecurityProtocolServer: Processing CSR for om om, UUID: a053a3cc-0039-4533-9148-a3d471396d3f
kdc_1       | Oct 21 13:12:06 kdc krb5kdc[9](info): TGS_REQ (6 etypes {aes256-cts-hmac-sha1-96(18), aes128-cts-hmac-sha1-96(17), aes256-cts-hmac-sha384-192(20), aes128-cts-hmac-sha256-128(19), DEPRECATED:des3-cbc-sha1(16), DEPRECATED:arcfour-hmac(23)}) 172.18.0.4: ISSUE: authtime 1634821913, etypes {rep=aes256-cts-hmac-sha1-96(18), tkt=aes256-cts-hmac-sha1-96(18), ses=aes256-cts-hmac-sha1-96(18)}, testuser/scm@EXAMPLE.COM for om/om@EXAMPLE.COM
recon_1     | 2021-10-21 12:59:24,023 [Socket Reader #1 for port 9891] INFO authorize.ServiceAuthorizationManager: Authorization successful for dn/dn@EXAMPLE.COM (auth:KERBEROS) for protocol=interface org.apache.hadoop.ozone.protocol.ReconDatanodeProtocol
s3g_1       | 	at org.eclipse.jetty.servlet.ServletHandler$ChainEnd.doFilter(ServletHandler.java:1626)
scm_1       | 2021-10-21 12:58:22,827 [ReplicationMonitor] INFO container.ReplicationManager: Replication Monitor Thread took 1 milliseconds for processing 0 containers.
om_1        | 2021-10-21 12:58:50,129 [Listener at om/9862] INFO http.HttpServer2: Jetty bound to port 9874
kdc_1       | Oct 21 13:12:10 kdc krb5kdc[9](info): TGS_REQ (6 etypes {aes256-cts-hmac-sha1-96(18), aes128-cts-hmac-sha1-96(17), aes256-cts-hmac-sha384-192(20), aes128-cts-hmac-sha256-128(19), DEPRECATED:des3-cbc-sha1(16), DEPRECATED:arcfour-hmac(23)}) 172.18.0.4: ISSUE: authtime 1634821913, etypes {rep=aes256-cts-hmac-sha1-96(18), tkt=aes256-cts-hmac-sha1-96(18), ses=aes256-cts-hmac-sha1-96(18)}, testuser/scm@EXAMPLE.COM for om/om@EXAMPLE.COM
recon_1     | 2021-10-21 12:59:24,048 [EventQueue-IncrementalContainerReportForReconIncrementalContainerReportHandler] INFO scm.ReconContainerManager: New container #1 got from ozonesecure_datanode_2.ozonesecure_default.
s3g_1       | 	at org.apache.hadoop.ozone.s3.RootPageDisplayFilter.doFilter(RootPageDisplayFilter.java:53)
scm_1       | 2021-10-21 12:58:27,838 [ReplicationMonitor] INFO container.ReplicationManager: Replication Monitor Thread took 0 milliseconds for processing 0 containers.
om_1        | 2021-10-21 12:58:50,135 [Listener at om/9862] INFO server.Server: jetty-9.4.43.v20210629; built: 2021-06-30T11:07:22.254Z; git: 526006ecfa3af7f1a27ef3a288e2bef7ea9dd7e8; jvm 11.0.10+9-LTS
kdc_1       | Oct 21 13:12:15 kdc krb5kdc[9](info): TGS_REQ (6 etypes {aes256-cts-hmac-sha1-96(18), aes128-cts-hmac-sha1-96(17), aes256-cts-hmac-sha384-192(20), aes128-cts-hmac-sha256-128(19), DEPRECATED:des3-cbc-sha1(16), DEPRECATED:arcfour-hmac(23)}) 172.18.0.4: ISSUE: authtime 1634821913, etypes {rep=aes256-cts-hmac-sha1-96(18), tkt=aes256-cts-hmac-sha1-96(18), ses=aes256-cts-hmac-sha1-96(18)}, testuser/scm@EXAMPLE.COM for om/om@EXAMPLE.COM
recon_1     | 2021-10-21 12:59:24,217 [EventQueue-IncrementalContainerReportForReconIncrementalContainerReportHandler] INFO ha.SCMHAInvocationHandler: Invoking method public abstract void org.apache.hadoop.hdds.scm.container.ContainerStateManagerV2.addContainer(org.apache.hadoop.hdds.protocol.proto.HddsProtos$ContainerInfoProto) throws java.io.IOException on target org.apache.hadoop.hdds.scm.ha.MockSCMHAManager$MockRatisServer@412ab911, cost 26570.618us
s3g_1       | 	at org.eclipse.jetty.servlet.FilterHolder.doFilter(FilterHolder.java:193)
scm_1       | 2021-10-21 12:58:32,858 [ReplicationMonitor] INFO container.ReplicationManager: Replication Monitor Thread took 0 milliseconds for processing 0 containers.
om_1        | 2021-10-21 12:58:50,206 [Listener at om/9862] INFO server.session: DefaultSessionIdManager workerName=node0
kdc_1       | Oct 21 13:12:19 kdc krb5kdc[9](info): TGS_REQ (6 etypes {aes256-cts-hmac-sha1-96(18), aes128-cts-hmac-sha1-96(17), aes256-cts-hmac-sha384-192(20), aes128-cts-hmac-sha256-128(19), DEPRECATED:des3-cbc-sha1(16), DEPRECATED:arcfour-hmac(23)}) 172.18.0.4: ISSUE: authtime 1634821913, etypes {rep=aes256-cts-hmac-sha1-96(18), tkt=aes256-cts-hmac-sha1-96(18), ses=aes256-cts-hmac-sha1-96(18)}, testuser/scm@EXAMPLE.COM for om/om@EXAMPLE.COM
recon_1     | 2021-10-21 12:59:24,222 [EventQueue-IncrementalContainerReportForReconIncrementalContainerReportHandler] INFO scm.ReconContainerManager: Successfully added container #1 to Recon.
s3g_1       | 	at org.eclipse.jetty.servlet.ServletHandler$Chain.doFilter(ServletHandler.java:1601)
scm_1       | 2021-10-21 12:58:35,256 [Socket Reader #1 for port 9861] INFO ipc.Server: Auth successful for dn/dn@EXAMPLE.COM (auth:KERBEROS) from 172.18.0.7:57746
om_1        | 2021-10-21 12:58:50,206 [Listener at om/9862] INFO server.session: No SessionScavenger set, using defaults
kdc_1       | Oct 21 13:12:24 kdc krb5kdc[9](info): TGS_REQ (6 etypes {aes256-cts-hmac-sha1-96(18), aes128-cts-hmac-sha1-96(17), aes256-cts-hmac-sha384-192(20), aes128-cts-hmac-sha256-128(19), DEPRECATED:des3-cbc-sha1(16), DEPRECATED:arcfour-hmac(23)}) 172.18.0.4: ISSUE: authtime 1634821913, etypes {rep=aes256-cts-hmac-sha1-96(18), tkt=aes256-cts-hmac-sha1-96(18), ses=aes256-cts-hmac-sha1-96(18)}, testuser/scm@EXAMPLE.COM for om/om@EXAMPLE.COM
recon_1     | 2021-10-21 12:59:53,994 [Socket Reader #1 for port 9891] INFO ipc.Server: Auth successful for dn/dn@EXAMPLE.COM (auth:KERBEROS) from 172.18.0.7:32984
s3g_1       | 	at org.apache.hadoop.ozone.s3.EmptyContentTypeFilter.doFilter(EmptyContentTypeFilter.java:76)
scm_1       | 2021-10-21 12:58:35,294 [Socket Reader #1 for port 9861] INFO authorize.ServiceAuthorizationManager: Authorization successful for dn/dn@EXAMPLE.COM (auth:KERBEROS) for protocol=interface org.apache.hadoop.ozone.protocol.StorageContainerDatanodeProtocol
om_1        | 2021-10-21 12:58:50,208 [Listener at om/9862] INFO server.session: node0 Scavenging every 600000ms
kdc_1       | Oct 21 13:12:28 kdc krb5kdc[9](info): TGS_REQ (6 etypes {aes256-cts-hmac-sha1-96(18), aes128-cts-hmac-sha1-96(17), aes256-cts-hmac-sha384-192(20), aes128-cts-hmac-sha256-128(19), DEPRECATED:des3-cbc-sha1(16), DEPRECATED:arcfour-hmac(23)}) 172.18.0.4: ISSUE: authtime 1634821913, etypes {rep=aes256-cts-hmac-sha1-96(18), tkt=aes256-cts-hmac-sha1-96(18), ses=aes256-cts-hmac-sha1-96(18)}, testuser/scm@EXAMPLE.COM for om/om@EXAMPLE.COM
recon_1     | 2021-10-21 12:59:53,997 [Socket Reader #1 for port 9891] INFO authorize.ServiceAuthorizationManager: Authorization successful for dn/dn@EXAMPLE.COM (auth:KERBEROS) for protocol=interface org.apache.hadoop.ozone.protocol.ReconDatanodeProtocol
s3g_1       | 	at org.eclipse.jetty.servlet.FilterHolder.doFilter(FilterHolder.java:201)
scm_1       | 2021-10-21 12:58:35,639 [Socket Reader #1 for port 9861] INFO ipc.Server: Auth successful for dn/dn@EXAMPLE.COM (auth:KERBEROS) from 172.18.0.8:49202
om_1        | 2021-10-21 12:58:50,261 [Listener at om/9862] INFO server.KerberosAuthenticationHandler: Using keytab /etc/security/keytabs/om.keytab, for principal HTTP/om@EXAMPLE.COM
kdc_1       | Oct 21 13:12:29 kdc krb5kdc[9](info): AS_REQ (8 etypes {aes256-cts-hmac-sha1-96(18), aes128-cts-hmac-sha1-96(17), aes256-cts-hmac-sha384-192(20), aes128-cts-hmac-sha256-128(19), DEPRECATED:des3-cbc-sha1(16), DEPRECATED:arcfour-hmac(23), camellia128-cts-cmac(25), camellia256-cts-cmac(26)}) 172.18.0.4: ISSUE: authtime 1634821949, etypes {rep=aes256-cts-hmac-sha1-96(18), tkt=aes256-cts-hmac-sha1-96(18), ses=aes256-cts-hmac-sha1-96(18)}, testuser/scm@EXAMPLE.COM for krbtgt/EXAMPLE.COM@EXAMPLE.COM
recon_1     | 2021-10-21 12:59:54,463 [Socket Reader #1 for port 9891] INFO ipc.Server: Auth successful for dn/dn@EXAMPLE.COM (auth:KERBEROS) from 172.18.0.9:53530
s3g_1       | 	at org.eclipse.jetty.servlet.ServletHandler$Chain.doFilter(ServletHandler.java:1601)
scm_1       | 2021-10-21 12:58:35,673 [Socket Reader #1 for port 9861] INFO authorize.ServiceAuthorizationManager: Authorization successful for dn/dn@EXAMPLE.COM (auth:KERBEROS) for protocol=interface org.apache.hadoop.ozone.protocol.StorageContainerDatanodeProtocol
om_1        | 2021-10-21 12:58:50,266 [Listener at om/9862] INFO handler.ContextHandler: Started o.e.j.s.ServletContextHandler@1eaf95d2{logs,/logs,file:///var/log/hadoop/,AVAILABLE}
kdc_1       | Oct 21 13:12:33 kdc krb5kdc[9](info): TGS_REQ (6 etypes {aes256-cts-hmac-sha1-96(18), aes128-cts-hmac-sha1-96(17), aes256-cts-hmac-sha384-192(20), aes128-cts-hmac-sha256-128(19), DEPRECATED:des3-cbc-sha1(16), DEPRECATED:arcfour-hmac(23)}) 172.18.0.4: ISSUE: authtime 1634821949, etypes {rep=aes256-cts-hmac-sha1-96(18), tkt=aes256-cts-hmac-sha1-96(18), ses=aes256-cts-hmac-sha1-96(18)}, testuser/scm@EXAMPLE.COM for om/om@EXAMPLE.COM
recon_1     | 2021-10-21 12:59:54,468 [Socket Reader #1 for port 9891] INFO authorize.ServiceAuthorizationManager: Authorization successful for dn/dn@EXAMPLE.COM (auth:KERBEROS) for protocol=interface org.apache.hadoop.ozone.protocol.ReconDatanodeProtocol
s3g_1       | 	at org.apache.hadoop.hdds.server.http.HttpServer2$QuotingInputFilter.doFilter(HttpServer2.java:1678)
scm_1       | 2021-10-21 12:58:36,219 [Socket Reader #1 for port 9861] INFO ipc.Server: Auth successful for dn/dn@EXAMPLE.COM (auth:KERBEROS) from 172.18.0.9:45250
om_1        | 2021-10-21 12:58:50,269 [Listener at om/9862] INFO handler.ContextHandler: Started o.e.j.s.ServletContextHandler@69a61267{static,/static,jar:file:/opt/hadoop/share/ozone/lib/ozone-manager-1.2.0-SNAPSHOT.jar!/webapps/static,AVAILABLE}
kdc_1       | Oct 21 13:12:37 kdc krb5kdc[9](info): TGS_REQ (6 etypes {aes256-cts-hmac-sha1-96(18), aes128-cts-hmac-sha1-96(17), aes256-cts-hmac-sha384-192(20), aes128-cts-hmac-sha256-128(19), DEPRECATED:des3-cbc-sha1(16), DEPRECATED:arcfour-hmac(23)}) 172.18.0.4: ISSUE: authtime 1634821949, etypes {rep=aes256-cts-hmac-sha1-96(18), tkt=aes256-cts-hmac-sha1-96(18), ses=aes256-cts-hmac-sha1-96(18)}, testuser/scm@EXAMPLE.COM for om/om@EXAMPLE.COM
recon_1     | 2021-10-21 12:59:54,529 [Socket Reader #1 for port 9891] INFO ipc.Server: Auth successful for dn/dn@EXAMPLE.COM (auth:KERBEROS) from 172.18.0.8:39682
s3g_1       | 	at org.eclipse.jetty.servlet.FilterHolder.doFilter(FilterHolder.java:193)
scm_1       | 2021-10-21 12:58:36,250 [Socket Reader #1 for port 9861] INFO authorize.ServiceAuthorizationManager: Authorization successful for dn/dn@EXAMPLE.COM (auth:KERBEROS) for protocol=interface org.apache.hadoop.ozone.protocol.StorageContainerDatanodeProtocol
om_1        | 2021-10-21 12:58:50,544 [Listener at om/9862] INFO server.KerberosAuthenticationHandler: Using keytab /etc/security/keytabs/om.keytab, for principal HTTP/om@EXAMPLE.COM
kdc_1       | Oct 21 13:12:42 kdc krb5kdc[9](info): TGS_REQ (6 etypes {aes256-cts-hmac-sha1-96(18), aes128-cts-hmac-sha1-96(17), aes256-cts-hmac-sha384-192(20), aes128-cts-hmac-sha256-128(19), DEPRECATED:des3-cbc-sha1(16), DEPRECATED:arcfour-hmac(23)}) 172.18.0.4: ISSUE: authtime 1634821949, etypes {rep=aes256-cts-hmac-sha1-96(18), tkt=aes256-cts-hmac-sha1-96(18), ses=aes256-cts-hmac-sha1-96(18)}, testuser/scm@EXAMPLE.COM for om/om@EXAMPLE.COM
recon_1     | 2021-10-21 12:59:54,540 [Socket Reader #1 for port 9891] INFO authorize.ServiceAuthorizationManager: Authorization successful for dn/dn@EXAMPLE.COM (auth:KERBEROS) for protocol=interface org.apache.hadoop.ozone.protocol.ReconDatanodeProtocol
s3g_1       | 	at org.eclipse.jetty.servlet.ServletHandler$Chain.doFilter(ServletHandler.java:1601)
scm_1       | 2021-10-21 12:58:37,463 [IPC Server handler 22 on default port 9861] INFO net.NetworkTopologyImpl: Added a new node: /default-rack/351286e3-fb34-40f8-be65-4bd446febc02
om_1        | 2021-10-21 12:58:50,585 [Listener at om/9862] INFO handler.ContextHandler: Started o.e.j.w.WebAppContext@6bbd645{ozoneManager,/,file:///tmp/jetty-0_0_0_0-9874-ozone-manager-1_2_0-SNAPSHOT_jar-_-any-16471442958631524125/webapp/,AVAILABLE}{jar:file:/opt/hadoop/share/ozone/lib/ozone-manager-1.2.0-SNAPSHOT.jar!/webapps/ozoneManager}
kdc_1       | Oct 21 13:12:46 kdc krb5kdc[9](info): TGS_REQ (6 etypes {aes256-cts-hmac-sha1-96(18), aes128-cts-hmac-sha1-96(17), aes256-cts-hmac-sha384-192(20), aes128-cts-hmac-sha256-128(19), DEPRECATED:des3-cbc-sha1(16), DEPRECATED:arcfour-hmac(23)}) 172.18.0.4: ISSUE: authtime 1634821949, etypes {rep=aes256-cts-hmac-sha1-96(18), tkt=aes256-cts-hmac-sha1-96(18), ses=aes256-cts-hmac-sha1-96(18)}, testuser/scm@EXAMPLE.COM for om/om@EXAMPLE.COM
recon_1     | 2021-10-21 12:59:59,885 [pool-18-thread-1] INFO impl.OzoneManagerServiceProviderImpl: Syncing data from Ozone Manager.
s3g_1       | 	at org.apache.hadoop.hdds.server.http.NoCacheFilter.doFilter(NoCacheFilter.java:48)
scm_1       | 2021-10-21 12:58:37,511 [IPC Server handler 22 on default port 9861] INFO node.SCMNodeManager: Registered Data node : 351286e3-fb34-40f8-be65-4bd446febc02{ip: 172.18.0.7, host: ozonesecure_datanode_2.ozonesecure_default, ports: [REPLICATION=9886, RATIS=9858, RATIS_ADMIN=9857, RATIS_SERVER=9856, STANDALONE=9859], networkLocation: /default-rack, certSerialId: 336010563748, persistedOpState: null, persistedOpStateExpiryEpochSec: 0}
om_1        | 2021-10-21 12:58:50,605 [Listener at om/9862] INFO server.AbstractConnector: Started ServerConnector@453ca7f{HTTP/1.1, (http/1.1)}{0.0.0.0:9874}
kdc_1       | Oct 21 13:12:50 kdc krb5kdc[9](info): TGS_REQ (6 etypes {aes256-cts-hmac-sha1-96(18), aes128-cts-hmac-sha1-96(17), aes256-cts-hmac-sha384-192(20), aes128-cts-hmac-sha256-128(19), DEPRECATED:des3-cbc-sha1(16), DEPRECATED:arcfour-hmac(23)}) 172.18.0.4: ISSUE: authtime 1634821949, etypes {rep=aes256-cts-hmac-sha1-96(18), tkt=aes256-cts-hmac-sha1-96(18), ses=aes256-cts-hmac-sha1-96(18)}, testuser/scm@EXAMPLE.COM for om/om@EXAMPLE.COM
recon_1     | 2021-10-21 12:59:59,888 [pool-18-thread-1] INFO codec.RepeatedOmKeyInfoCodec: RepeatedOmKeyInfoCodec ignorePipeline = true
s3g_1       | 	at org.eclipse.jetty.servlet.FilterHolder.doFilter(FilterHolder.java:193)
scm_1       | 2021-10-21 12:58:37,655 [EventQueue-NodeRegistrationContainerReportForDataNodeSafeModeRule] INFO safemode.SCMSafeModeManager: SCM in safe mode. 1 DataNodes registered, 3 required.
om_1        | 2021-10-21 12:58:50,606 [Listener at om/9862] INFO server.Server: Started @30815ms
kdc_1       | Oct 21 13:12:55 kdc krb5kdc[9](info): TGS_REQ (6 etypes {aes256-cts-hmac-sha1-96(18), aes128-cts-hmac-sha1-96(17), aes256-cts-hmac-sha384-192(20), aes128-cts-hmac-sha256-128(19), DEPRECATED:des3-cbc-sha1(16), DEPRECATED:arcfour-hmac(23)}) 172.18.0.4: ISSUE: authtime 1634821949, etypes {rep=aes256-cts-hmac-sha1-96(18), tkt=aes256-cts-hmac-sha1-96(18), ses=aes256-cts-hmac-sha1-96(18)}, testuser/scm@EXAMPLE.COM for om/om@EXAMPLE.COM
recon_1     | 2021-10-21 12:59:59,888 [pool-18-thread-1] INFO codec.OmKeyInfoCodec: OmKeyInfoCodec ignorePipeline = true
s3g_1       | 	at org.eclipse.jetty.servlet.ServletHandler$Chain.doFilter(ServletHandler.java:1601)
kdc_1       | Oct 21 13:13:00 kdc krb5kdc[9](info): TGS_REQ (6 etypes {aes256-cts-hmac-sha1-96(18), aes128-cts-hmac-sha1-96(17), aes256-cts-hmac-sha384-192(20), aes128-cts-hmac-sha256-128(19), DEPRECATED:des3-cbc-sha1(16), DEPRECATED:arcfour-hmac(23)}) 172.18.0.4: ISSUE: authtime 1634821949, etypes {rep=aes256-cts-hmac-sha1-96(18), tkt=aes256-cts-hmac-sha1-96(18), ses=aes256-cts-hmac-sha1-96(18)}, testuser/scm@EXAMPLE.COM for om/om@EXAMPLE.COM
recon_1     | 2021-10-21 12:59:59,889 [pool-18-thread-1] INFO codec.OmKeyInfoCodec: OmKeyInfoCodec ignorePipeline = true
s3g_1       | 	at org.eclipse.jetty.servlet.ServletHandler.doHandle(ServletHandler.java:548)
scm_1       | 2021-10-21 12:58:37,650 [EventQueue-NewNodeForNewNodeHandler] INFO pipeline.BackgroundPipelineCreator: trigger a one-shot run on RatisPipelineUtilsThread.
om_1        | 2021-10-21 12:58:50,610 [Listener at om/9862] INFO impl.MetricsSinkAdapter: Sink prometheus started
kdc_1       | Oct 21 13:13:04 kdc krb5kdc[9](info): TGS_REQ (6 etypes {aes256-cts-hmac-sha1-96(18), aes128-cts-hmac-sha1-96(17), aes256-cts-hmac-sha384-192(20), aes128-cts-hmac-sha256-128(19), DEPRECATED:des3-cbc-sha1(16), DEPRECATED:arcfour-hmac(23)}) 172.18.0.4: ISSUE: authtime 1634821949, etypes {rep=aes256-cts-hmac-sha1-96(18), tkt=aes256-cts-hmac-sha1-96(18), ses=aes256-cts-hmac-sha1-96(18)}, testuser/scm@EXAMPLE.COM for om/om@EXAMPLE.COM
s3g_1       | 	at org.eclipse.jetty.server.handler.ScopedHandler.handle(ScopedHandler.java:143)
scm_1       | 2021-10-21 12:58:37,717 [EventQueue-PipelineReportForOneReplicaPipelineSafeModeRule] INFO safemode.SCMSafeModeManager: AtleastOneDatanodeReportedRule rule is successfully validated
recon_1     | 2021-10-21 12:59:59,889 [pool-18-thread-1] INFO codec.OmKeyInfoCodec: OmKeyInfoCodec ignorePipeline = true
om_1        | 2021-10-21 12:58:50,610 [Listener at om/9862] INFO impl.MetricsSystemImpl: Registered sink prometheus
kdc_1       | Oct 21 13:13:05 kdc krb5kdc[9](info): AS_REQ (8 etypes {aes256-cts-hmac-sha1-96(18), aes128-cts-hmac-sha1-96(17), aes256-cts-hmac-sha384-192(20), aes128-cts-hmac-sha256-128(19), DEPRECATED:des3-cbc-sha1(16), DEPRECATED:arcfour-hmac(23), camellia128-cts-cmac(25), camellia256-cts-cmac(26)}) 172.18.0.4: ISSUE: authtime 1634821985, etypes {rep=aes256-cts-hmac-sha1-96(18), tkt=aes256-cts-hmac-sha1-96(18), ses=aes256-cts-hmac-sha1-96(18)}, testuser/scm@EXAMPLE.COM for krbtgt/EXAMPLE.COM@EXAMPLE.COM
s3g_1       | 	at org.eclipse.jetty.security.SecurityHandler.handle(SecurityHandler.java:602)
scm_1       | 2021-10-21 12:58:37,758 [EventQueue-NodeRegistrationContainerReportForContainerSafeModeRule] INFO safemode.SCMSafeModeManager: ContainerSafeModeRule rule is successfully validated
recon_1     | 2021-10-21 12:59:59,889 [pool-18-thread-1] INFO codec.OmKeyInfoCodec: OmKeyInfoCodec ignorePipeline = true
om_1        | 2021-10-21 12:58:50,612 [Listener at om/9862] INFO http.BaseHttpServer: HTTP server of ozoneManager listening at http://0.0.0.0:9874
kdc_1       | Oct 21 13:13:09 kdc krb5kdc[9](info): TGS_REQ (6 etypes {aes256-cts-hmac-sha1-96(18), aes128-cts-hmac-sha1-96(17), aes256-cts-hmac-sha384-192(20), aes128-cts-hmac-sha256-128(19), DEPRECATED:des3-cbc-sha1(16), DEPRECATED:arcfour-hmac(23)}) 172.18.0.4: ISSUE: authtime 1634821985, etypes {rep=aes256-cts-hmac-sha1-96(18), tkt=aes256-cts-hmac-sha1-96(18), ses=aes256-cts-hmac-sha1-96(18)}, testuser/scm@EXAMPLE.COM for om/om@EXAMPLE.COM
s3g_1       | 	at org.eclipse.jetty.server.handler.HandlerWrapper.handle(HandlerWrapper.java:127)
scm_1       | 2021-10-21 12:58:37,759 [IPC Server handler 16 on default port 9861] INFO net.NetworkTopologyImpl: Added a new node: /default-rack/5d671dba-f071-4ad2-9846-0f335461d02d
recon_1     | 2021-10-21 12:59:59,889 [pool-18-thread-1] INFO codec.OmKeyInfoCodec: OmKeyInfoCodec ignorePipeline = true
om_1        | 2021-10-21 12:58:50,616 [IPC Server Responder] INFO ipc.Server: IPC Server Responder: starting
kdc_1       | Oct 21 13:13:16 kdc krb5kdc[9](info): TGS_REQ (6 etypes {aes256-cts-hmac-sha1-96(18), aes128-cts-hmac-sha1-96(17), aes256-cts-hmac-sha384-192(20), aes128-cts-hmac-sha256-128(19), DEPRECATED:des3-cbc-sha1(16), DEPRECATED:arcfour-hmac(23)}) 172.18.0.4: ISSUE: authtime 1634821985, etypes {rep=aes256-cts-hmac-sha1-96(18), tkt=aes256-cts-hmac-sha1-96(18), ses=aes256-cts-hmac-sha1-96(18)}, testuser/scm@EXAMPLE.COM for om/om@EXAMPLE.COM
s3g_1       | 	at org.eclipse.jetty.server.handler.ScopedHandler.nextHandle(ScopedHandler.java:235)
scm_1       | 2021-10-21 12:58:37,847 [IPC Server handler 16 on default port 9861] INFO node.SCMNodeManager: Registered Data node : 5d671dba-f071-4ad2-9846-0f335461d02d{ip: 172.18.0.8, host: ozonesecure_datanode_3.ozonesecure_default, ports: [REPLICATION=9886, RATIS=9858, RATIS_ADMIN=9857, RATIS_SERVER=9856, STANDALONE=9859], networkLocation: /default-rack, certSerialId: 335571043661, persistedOpState: null, persistedOpStateExpiryEpochSec: 0}
recon_1     | 2021-10-21 12:59:59,889 [pool-18-thread-1] INFO impl.OzoneManagerServiceProviderImpl: Obtaining delta updates from Ozone Manager
om_1        | 2021-10-21 12:58:50,642 [IPC Server listener on 9862] INFO ipc.Server: IPC Server listener on 9862: starting
kdc_1       | Oct 21 13:13:20 kdc krb5kdc[9](info): TGS_REQ (6 etypes {aes256-cts-hmac-sha1-96(18), aes128-cts-hmac-sha1-96(17), aes256-cts-hmac-sha384-192(20), aes128-cts-hmac-sha256-128(19), DEPRECATED:des3-cbc-sha1(16), DEPRECATED:arcfour-hmac(23)}) 172.18.0.4: ISSUE: authtime 1634821985, etypes {rep=aes256-cts-hmac-sha1-96(18), tkt=aes256-cts-hmac-sha1-96(18), ses=aes256-cts-hmac-sha1-96(18)}, testuser/scm@EXAMPLE.COM for om/om@EXAMPLE.COM
s3g_1       | 	at org.eclipse.jetty.server.session.SessionHandler.doHandle(SessionHandler.java:1624)
scm_1       | 2021-10-21 12:58:37,850 [EventQueue-NewNodeForNewNodeHandler] INFO pipeline.BackgroundPipelineCreator: trigger a one-shot run on RatisPipelineUtilsThread.
recon_1     | 2021-10-21 12:59:59,943 [pool-18-thread-1] INFO impl.OzoneManagerServiceProviderImpl: Number of updates received from OM : 280
om_1        | 2021-10-21 12:58:50,920 [Listener at om/9862] INFO om.TrashPolicyOzone: The configured checkpoint interval is 0 minutes. Using an interval of 1 minutes that is used for deletion instead
kdc_1       | Oct 21 13:13:25 kdc krb5kdc[9](info): TGS_REQ (6 etypes {aes256-cts-hmac-sha1-96(18), aes128-cts-hmac-sha1-96(17), aes256-cts-hmac-sha384-192(20), aes128-cts-hmac-sha256-128(19), DEPRECATED:des3-cbc-sha1(16), DEPRECATED:arcfour-hmac(23)}) 172.18.0.4: ISSUE: authtime 1634821985, etypes {rep=aes256-cts-hmac-sha1-96(18), tkt=aes256-cts-hmac-sha1-96(18), ses=aes256-cts-hmac-sha1-96(18)}, testuser/scm@EXAMPLE.COM for om/om@EXAMPLE.COM
s3g_1       | 	at org.eclipse.jetty.server.handler.ScopedHandler.nextHandle(ScopedHandler.java:233)
scm_1       | 2021-10-21 12:58:37,858 [ReplicationMonitor] INFO container.ReplicationManager: Replication Monitor Thread took 0 milliseconds for processing 0 containers.
recon_1     | 2021-10-21 13:00:00,313 [pool-19-thread-1] INFO tasks.NSSummaryTask: Completed a process run of NSSummaryTask
om_1        | 2021-10-21 12:58:50,926 [Listener at om/9862] INFO om.TrashPolicyOzone: Ozone Manager trash configuration: Deletion interval = 1 minutes, Emptier interval = 1 minutes.
kdc_1       | Oct 21 13:13:30 kdc krb5kdc[9](info): TGS_REQ (6 etypes {aes256-cts-hmac-sha1-96(18), aes128-cts-hmac-sha1-96(17), aes256-cts-hmac-sha384-192(20), aes128-cts-hmac-sha256-128(19), DEPRECATED:des3-cbc-sha1(16), DEPRECATED:arcfour-hmac(23)}) 172.18.0.4: ISSUE: authtime 1634821985, etypes {rep=aes256-cts-hmac-sha1-96(18), tkt=aes256-cts-hmac-sha1-96(18), ses=aes256-cts-hmac-sha1-96(18)}, testuser/scm@EXAMPLE.COM for om/om@EXAMPLE.COM
s3g_1       | 	at org.eclipse.jetty.server.handler.ContextHandler.doHandle(ContextHandler.java:1434)
scm_1       | 2021-10-21 12:58:37,869 [EventQueue-NodeRegistrationContainerReportForDataNodeSafeModeRule] INFO safemode.SCMSafeModeManager: SCM in safe mode. 2 DataNodes registered, 3 required.
om_1        | 2021-10-21 12:58:50,946 [org.apache.hadoop.util.JvmPauseMonitor$Monitor@33f2ac11] INFO util.JvmPauseMonitor: Starting JVM pause monitor
recon_1     | 2021-10-21 13:00:00,495 [pool-19-thread-1] INFO tasks.TableCountTask: Completed a 'process' run of TableCountTask.
kdc_1       | Oct 21 13:13:34 kdc krb5kdc[9](info): TGS_REQ (6 etypes {aes256-cts-hmac-sha1-96(18), aes128-cts-hmac-sha1-96(17), aes256-cts-hmac-sha384-192(20), aes128-cts-hmac-sha256-128(19), DEPRECATED:des3-cbc-sha1(16), DEPRECATED:arcfour-hmac(23)}) 172.18.0.4: ISSUE: authtime 1634821985, etypes {rep=aes256-cts-hmac-sha1-96(18), tkt=aes256-cts-hmac-sha1-96(18), ses=aes256-cts-hmac-sha1-96(18)}, testuser/scm@EXAMPLE.COM for om/om@EXAMPLE.COM
s3g_1       | 	at org.eclipse.jetty.server.handler.ScopedHandler.nextScope(ScopedHandler.java:188)
scm_1       | 2021-10-21 12:58:37,918 [RatisPipelineUtilsThread - 0] INFO pipeline.RatisPipelineProvider: Sending CreatePipelineCommand for pipeline:PipelineID=36b7b1d7-9bc6-4e3e-bd79-13058b0f24f3 to datanode:351286e3-fb34-40f8-be65-4bd446febc02
om_1        | 2021-10-21 12:58:54,370 [om1@group-C5BA1605619E-FollowerState] INFO impl.FollowerState: om1@group-C5BA1605619E-FollowerState: change to CANDIDATE, lastRpcElapsedTime:5123220674ns, electionTimeout:5109ms
recon_1     | 2021-10-21 13:00:00,531 [pool-19-thread-1] INFO tasks.ContainerKeyMapperTask: ContainerKeyMapperTask successfully processed 125 OM DB update event(s).
kdc_1       | Oct 21 13:13:38 kdc krb5kdc[9](info): TGS_REQ (6 etypes {aes256-cts-hmac-sha1-96(18), aes128-cts-hmac-sha1-96(17), aes256-cts-hmac-sha384-192(20), aes128-cts-hmac-sha256-128(19), DEPRECATED:des3-cbc-sha1(16), DEPRECATED:arcfour-hmac(23)}) 172.18.0.4: ISSUE: authtime 1634821985, etypes {rep=aes256-cts-hmac-sha1-96(18), tkt=aes256-cts-hmac-sha1-96(18), ses=aes256-cts-hmac-sha1-96(18)}, testuser/scm@EXAMPLE.COM for om/om@EXAMPLE.COM
s3g_1       | 	at org.eclipse.jetty.servlet.ServletHandler.doScope(ServletHandler.java:501)
