datanode_3  | 2020-07-16 13:30:18,402 [pool-20-thread-1] INFO metrics.RatisMetrics: Creating Metrics Registry : ratis.server.6a13c14a-9d77-4257-a26e-579fd8d7d432@group-3673E9F59C0F
kdc_1       | Entry for principal HTTP/nm@EXAMPLE.COM with kvno 2, encryption type aes256-cts-hmac-sha1-96 added to keytab WRFILE:/data/HTTP.nm.keytab.
om_1        | 2020-07-16 13:30:14,712 [main] INFO ha.OMHANodeDetails: Configuration either no ozone.om.address set. Falling back to the default OM address om/172.25.0.3:9862
kms_1       | 	at org.eclipse.jetty.server.handler.HandlerCollection.handle(HandlerCollection.java:119)
scm_1       | 2020-07-16 13:29:59,067 [Listener at 0.0.0.0/9860] INFO impl.MetricsSystemImpl: StorageContainerManager metrics system started
datanode_2  | 2020-07-16 13:30:18,509 [pool-20-thread-1] INFO ratis.ContainerStateMachine: group-5E8AA42A9EE2: The snapshot info is null. Setting the last applied indexto:(t:0, i:~)
rm_1        | 2020-07-16 13:29:25 INFO  RMContainerTokenSecretManager:81 - ContainerTokenKeyRollingInterval: 86400000ms and ContainerTokenKeyActivationDelay: 900000ms
rm_1        | 2020-07-16 13:29:25 INFO  AMRMTokenSecretManager:94 - AMRMTokenKeyRollingInterval: 86400000ms and AMRMTokenKeyActivationDelay: 900000 ms
datanode_3  | 2020-07-16 13:30:18,420 [pool-20-thread-1] INFO impl.RaftServerImpl: 6a13c14a-9d77-4257-a26e-579fd8d7d432@group-3673E9F59C0F: start as a follower, conf=-1: [6a13c14a-9d77-4257-a26e-579fd8d7d432:172.25.0.9:9858], old=null
kdc_1       | Entry for principal HTTP/nm@EXAMPLE.COM with kvno 2, encryption type aes128-cts-hmac-sha1-96 added to keytab WRFILE:/data/HTTP.nm.keytab.
om_1        | 2020-07-16 13:30:14,715 [main] INFO ha.OMHANodeDetails: OM Service ID is not set. Setting it to the default ID: omServiceIdDefault
kms_1       | 	at org.eclipse.jetty.server.handler.HandlerWrapper.handle(HandlerWrapper.java:134)
scm_1       | 2020-07-16 13:29:59,257 [Listener at 0.0.0.0/9860] INFO server.SCMClientProtocolServer: RPC server for Client  is listening at /0.0.0.0:9860
datanode_2  | 2020-07-16 13:30:18,511 [pool-20-thread-1] INFO server.RaftServerConfigKeys: raft.server.notification.no-leader.timeout = 60s (default)
nm_1        | 2020-07-16 13:29:31 INFO  ContainerManagerImpl:394 - Not a recoverable state store. Nothing to recover.
rm_1        | 2020-07-16 13:29:26 INFO  AsyncDispatcher:223 - Registering class org.apache.hadoop.yarn.server.resourcemanager.recovery.RMStateStoreEventType for class org.apache.hadoop.yarn.server.resourcemanager.recovery.RMStateStore$ForwardingEventHandler
datanode_3  | 2020-07-16 13:30:18,421 [pool-20-thread-1] INFO impl.RaftServerImpl: 6a13c14a-9d77-4257-a26e-579fd8d7d432@group-3673E9F59C0F: changes role from      null to FOLLOWER at term 0 for startAsFollower
kdc_1       | Generiting keytab
om_1        | 2020-07-16 13:30:14,744 [main] WARN server.ServerUtils: ozone.om.db.dirs is not configured. We recommend adding this setting. Falling back to ozone.metadata.dirs instead.
kms_1       | 	at org.eclipse.jetty.server.Server.handle(Server.java:536)
scm_1       | 2020-07-16 13:29:59,258 [IPC Server Responder] INFO ipc.Server: IPC Server Responder: starting
datanode_2  | 2020-07-16 13:30:18,515 [pool-20-thread-1] INFO server.RaftServerConfigKeys: raft.server.log.use.memory = false (default)
nm_1        | 2020-07-16 13:29:32 INFO  Configuration:2752 - resource-types.xml not found
rm_1        | 2020-07-16 13:29:26 INFO  AsyncDispatcher:223 - Registering class org.apache.hadoop.yarn.server.resourcemanager.NodesListManagerEventType for class org.apache.hadoop.yarn.server.resourcemanager.NodesListManager
datanode_3  | 2020-07-16 13:30:18,432 [pool-20-thread-1] INFO impl.RoleInfo: 6a13c14a-9d77-4257-a26e-579fd8d7d432: start FollowerState
kdc_1       | Authenticating as principal admin/admin with keytab /tmp/admin.keytab.
om_1        | WARNING: An illegal reflective access operation has occurred
kms_1       | 	at org.eclipse.jetty.server.HttpChannel.handle(HttpChannel.java:333)
scm_1       | 2020-07-16 13:29:59,283 [IPC Server listener on 9860] INFO ipc.Server: IPC Server listener on 9860: starting
datanode_2  | 2020-07-16 13:30:18,518 [pool-20-thread-1] INFO server.RaftServerConfigKeys: raft.server.log.purge.gap = 1000000 (custom)
nm_1        | 2020-07-16 13:29:32 INFO  ResourceUtils:419 - Unable to find 'resource-types.xml'.
rm_1        | 2020-07-16 13:29:26 INFO  ResourceManager:444 - Using Scheduler: org.apache.hadoop.yarn.server.resourcemanager.scheduler.capacity.CapacityScheduler
datanode_3  | 2020-07-16 13:30:18,469 [pool-20-thread-1] INFO util.JmxRegister: Successfully registered JMX Bean with object name Ratis:service=RaftServer,group=group-3673E9F59C0F,id=6a13c14a-9d77-4257-a26e-579fd8d7d432
kdc_1       | WARNING: no policy specified for dn/01dc55f26bd0@EXAMPLE.COM; defaulting to no policy
om_1        | WARNING: Illegal reflective access by org.apache.hadoop.security.authentication.util.KerberosUtil (file:/opt/hadoop/share/ozone/lib/hadoop-auth-3.2.1.jar) to method sun.security.krb5.Config.getInstance()
kms_1       | 	at org.eclipse.jetty.server.HttpConnection.onFillable(HttpConnection.java:251)
scm_1       | 2020-07-16 13:29:59,297 [Listener at 0.0.0.0/9860] INFO server.StorageContainerManager: ScmBlockLocationProtocol RPC server is listening at /0.0.0.0:9863
datanode_2  | 2020-07-16 13:30:18,518 [pool-20-thread-1] INFO server.RaftServerConfigKeys: raft.server.log.appender.buffer.byte-limit = 33554432 (custom)
nm_1        | 2020-07-16 13:29:32 INFO  Configuration:2752 - node-resources.xml not found
rm_1        | 2020-07-16 13:29:26 INFO  AsyncDispatcher:223 - Registering class org.apache.hadoop.yarn.server.resourcemanager.scheduler.event.SchedulerEventType for class org.apache.hadoop.yarn.event.EventDispatcher
datanode_3  | 2020-07-16 13:30:18,471 [pool-20-thread-1] INFO metrics.RatisMetrics: Creating Metrics Registry : ratis.state_machine.6a13c14a-9d77-4257-a26e-579fd8d7d432@group-3673E9F59C0F
kdc_1       | Principal "dn/01dc55f26bd0@EXAMPLE.COM" created.
om_1        | WARNING: Please consider reporting this to the maintainers of org.apache.hadoop.security.authentication.util.KerberosUtil
kms_1       | 	at org.eclipse.jetty.io.AbstractConnection$ReadCallback.succeeded(AbstractConnection.java:283)
scm_1       | 2020-07-16 13:29:59,300 [Listener at 0.0.0.0/9860] INFO server.SCMBlockProtocolServer: RPC server for Block Protocol is listening at /0.0.0.0:9863
datanode_2  | 2020-07-16 13:30:18,519 [pool-20-thread-1] INFO server.RaftServerConfigKeys: raft.server.log.segment.size.max = 1048576 (custom)
nm_1        | 2020-07-16 13:29:32 INFO  ResourceUtils:419 - Unable to find 'node-resources.xml'.
rm_1        | 2020-07-16 13:29:26 INFO  AsyncDispatcher:223 - Registering class org.apache.hadoop.yarn.server.resourcemanager.rmapp.RMAppEventType for class org.apache.hadoop.yarn.server.resourcemanager.ResourceManager$ApplicationEventDispatcher
datanode_3  | 2020-07-16 13:30:18,547 [Command processor thread] INFO commandhandler.CreatePipelineCommandHandler: Created Pipeline RATIS ONE #id: "b20bdc6e-4ae6-4e18-bf2a-3673e9f59c0f"
kdc_1       | Authenticating as principal admin/admin with keytab /tmp/admin.keytab.
om_1        | WARNING: Use --illegal-access=warn to enable warnings of further illegal reflective access operations
kms_1       | 	at org.eclipse.jetty.io.FillInterest.fillable(FillInterest.java:108)
scm_1       | 2020-07-16 13:29:59,300 [IPC Server Responder] INFO ipc.Server: IPC Server Responder: starting
datanode_2  | 2020-07-16 13:30:18,519 [pool-20-thread-1] INFO metrics.RatisMetrics: Creating Metrics Registry : ratis.log_worker.64312804-5721-4aba-b015-f8ecac0f214e@group-5E8AA42A9EE2
nm_1        | 2020-07-16 13:29:32 INFO  NodeStatusUpdaterImpl:199 - Nodemanager resources is set to: <memory:8192, vCores:8>
rm_1        | 2020-07-16 13:29:26 INFO  AsyncDispatcher:223 - Registering class org.apache.hadoop.yarn.server.resourcemanager.rmapp.attempt.RMAppAttemptEventType for class org.apache.hadoop.yarn.server.resourcemanager.ResourceManager$ApplicationAttemptEventDispatcher
datanode_3  | uuid128 {
kdc_1       | Entry for principal dn/01dc55f26bd0@EXAMPLE.COM with kvno 2, encryption type aes256-cts-hmac-sha1-96 added to keytab WRFILE:/data/dn.01dc55f26bd0.keytab.
om_1        | WARNING: All illegal access operations will be denied in a future release
kms_1       | 	at org.eclipse.jetty.io.SelectChannelEndPoint$2.run(SelectChannelEndPoint.java:93)
scm_1       | 2020-07-16 13:29:59,305 [IPC Server listener on 9863] INFO ipc.Server: IPC Server listener on 9863: starting
datanode_2  | 2020-07-16 13:30:18,519 [pool-20-thread-1] INFO server.RaftServerConfigKeys: raft.server.log.segment.cache.num.max = 2 (custom)
nm_1        | 2020-07-16 13:29:32 INFO  NodeStatusUpdaterImpl:247 - Initialized nodemanager with : physical-memory=8192 virtual-memory=17204 virtual-cores=8
rm_1        | 2020-07-16 13:29:26 INFO  AsyncDispatcher:223 - Registering class org.apache.hadoop.yarn.server.resourcemanager.rmnode.RMNodeEventType for class org.apache.hadoop.yarn.server.resourcemanager.ResourceManager$NodeEventDispatcher
rm_1        | 2020-07-16 13:29:27 INFO  MetricsConfig:118 - Loaded properties from hadoop-metrics2.properties
kdc_1       | Entry for principal dn/01dc55f26bd0@EXAMPLE.COM with kvno 2, encryption type aes128-cts-hmac-sha1-96 added to keytab WRFILE:/data/dn.01dc55f26bd0.keytab.
om_1        | 2020-07-16 13:30:15,279 [main] INFO security.UserGroupInformation: Login successful for user om/om@EXAMPLE.COM using keytab file /etc/security/keytabs/om.keytab
kms_1       | 	at org.eclipse.jetty.util.thread.strategy.ExecuteProduceConsume.executeProduceConsume(ExecuteProduceConsume.java:303)
scm_1       | 2020-07-16 13:29:59,431 [Listener at 0.0.0.0/9860] INFO server.StorageContainerManager: ScmDatanodeProtocl RPC server is listening at /0.0.0.0:9861
datanode_2  | 2020-07-16 13:30:18,519 [pool-20-thread-1] INFO segmented.SegmentedRaftLogWorker: new 64312804-5721-4aba-b015-f8ecac0f214e@group-5E8AA42A9EE2-SegmentedRaftLogWorker for RaftStorage:Storage Directory /data/metadata/ratis/ba38f0b0-f7b0-4912-bbb4-5e8aa42a9ee2
nm_1        | 2020-07-16 13:29:32 INFO  CallQueueManager:84 - Using callQueue: class java.util.concurrent.LinkedBlockingQueue, queueCapacity: 2000, scheduler: class org.apache.hadoop.ipc.DefaultRpcScheduler, ipcBackoff: false.
rm_1        | 2020-07-16 13:29:27 INFO  MetricsSystemImpl:374 - Scheduled Metric snapshot period at 10 second(s).
datanode_3  |   mostSigBits: -5617153743953441256
kdc_1       | Generiting keytab
om_1        | 2020-07-16 13:30:15,279 [main] INFO om.OzoneManager: Ozone Manager login successful.
kms_1       | 	at org.eclipse.jetty.util.thread.strategy.ExecuteProduceConsume.produceConsume(ExecuteProduceConsume.java:148)
scm_1       | 2020-07-16 13:29:59,431 [Listener at 0.0.0.0/9860] INFO server.SCMDatanodeProtocolServer: RPC server for DataNodes is listening at /0.0.0.0:9861
datanode_2  | 2020-07-16 13:30:18,520 [pool-20-thread-1] INFO server.RaftServerConfigKeys: raft.server.log.queue.byte-limit = 2147483647 (custom)
nm_1        | 2020-07-16 13:29:32 INFO  Server:1074 - Starting Socket Reader #1 for port 45627
rm_1        | 2020-07-16 13:29:27 INFO  MetricsSystemImpl:191 - ResourceManager metrics system started
datanode_3  |   leastSigBits: -4671861791969141745
kdc_1       | Authenticating as principal admin/admin with keytab /tmp/admin.keytab.
om_1        | 2020-07-16 13:30:15,280 [main] WARN server.ServerUtils: ozone.om.db.dirs is not configured. We recommend adding this setting. Falling back to ozone.metadata.dirs instead.
kms_1       | 	at org.eclipse.jetty.util.thread.strategy.ExecuteProduceConsume.run(ExecuteProduceConsume.java:136)
scm_1       | 2020-07-16 13:29:59,445 [IPC Server Responder] INFO ipc.Server: IPC Server Responder: starting
datanode_2  | 2020-07-16 13:30:18,541 [pool-20-thread-1] INFO server.RaftServerConfigKeys: raft.server.log.queue.element-limit = 1024 (custom)
nm_1        | 2020-07-16 13:29:34 INFO  RpcServerFactoryPBImpl:173 - Adding protocol org.apache.hadoop.yarn.api.ContainerManagementProtocolPB to the server
rm_1        | 2020-07-16 13:29:28 INFO  YarnAuthorizationProvider:58 - org.apache.hadoop.yarn.security.ConfiguredYarnAuthorizer is instantiated.
datanode_3  | }
kdc_1       | WARNING: no policy specified for HTTP/01dc55f26bd0@EXAMPLE.COM; defaulting to no policy
om_1        | 2020-07-16 13:30:18,173 [main] INFO client.OMCertificateClient: Loading certificate from location:/data/metadata/om/certs.
kms_1       | 	at org.eclipse.jetty.util.thread.QueuedThreadPool.runJob(QueuedThreadPool.java:671)
scm_1       | 2020-07-16 13:29:59,459 [IPC Server listener on 9861] INFO ipc.Server: IPC Server listener on 9861: starting
datanode_2  | 2020-07-16 13:30:18,542 [pool-20-thread-1] INFO server.RaftServerConfigKeys: raft.server.log.segment.size.max = 1048576 (custom)
nm_1        | 2020-07-16 13:29:34 INFO  Server:1314 - IPC Server Responder: starting
rm_1        | 2020-07-16 13:29:28 INFO  AsyncDispatcher:223 - Registering class org.apache.hadoop.yarn.server.resourcemanager.RMAppManagerEventType for class org.apache.hadoop.yarn.server.resourcemanager.RMAppManager
datanode_3  | .
kdc_1       | Principal "HTTP/01dc55f26bd0@EXAMPLE.COM" created.
om_1        | 2020-07-16 13:30:18,896 [main] INFO client.OMCertificateClient: Added certificate from file:/data/metadata/om/certs/CA-1.crt.
kms_1       | 	at org.eclipse.jetty.util.thread.QueuedThreadPool$2.run(QueuedThreadPool.java:589)
scm_1       | 2020-07-16 13:29:59,481 [Listener at 0.0.0.0/9860] INFO server.SCMSecurityProtocolServer: Starting RPC server for SCMSecurityProtocolServer. is listening at /0.0.0.0:9961
datanode_2  | 2020-07-16 13:30:18,551 [pool-20-thread-1] INFO server.RaftServerConfigKeys: raft.server.log.preallocated.size = 16384 (custom)
nm_1        | 2020-07-16 13:29:34 INFO  Server:1153 - IPC Server listener on 45627: starting
rm_1        | 2020-07-16 13:29:28 INFO  AsyncDispatcher:223 - Registering class org.apache.hadoop.yarn.server.resourcemanager.amlauncher.AMLauncherEventType for class org.apache.hadoop.yarn.server.resourcemanager.amlauncher.ApplicationMasterLauncher
datanode_3  | 2020-07-16 13:30:18,548 [Command processor thread] INFO impl.RaftServerProxy: 6a13c14a-9d77-4257-a26e-579fd8d7d432: addNew group-5E8AA42A9EE2:[d39fc7d0-de62-483c-b029-84296fb7dea4:172.25.0.7:9858, 64312804-5721-4aba-b015-f8ecac0f214e:172.25.0.8:9858, 6a13c14a-9d77-4257-a26e-579fd8d7d432:172.25.0.9:9858] returns group-5E8AA42A9EE2:java.util.concurrent.CompletableFuture@7ddac091[Not completed]
kdc_1       | Authenticating as principal admin/admin with keytab /tmp/admin.keytab.
om_1        | 2020-07-16 13:30:18,907 [main] INFO client.OMCertificateClient: Added certificate from file:/data/metadata/om/certs/3399501889429.crt.
om_1        | 2020-07-16 13:30:19,090 [main] WARN server.ServerUtils: ozone.om.db.dirs is not configured. We recommend adding this setting. Falling back to ozone.metadata.dirs instead.
scm_1       | 2020-07-16 13:29:59,487 [IPC Server Responder] INFO ipc.Server: IPC Server Responder: starting
datanode_2  | 2020-07-16 13:30:18,551 [pool-20-thread-1] INFO server.RaftServerConfigKeys: raft.server.log.write.buffer.size = 1048576 (custom)
nm_1        | 2020-07-16 13:29:34 INFO  NMContainerTokenSecretManager:265 - Updating node address : nm:45627
rm_1        | 2020-07-16 13:29:28 INFO  RMNMInfo:63 - Registered RMNMInfo MBean
datanode_3  | 2020-07-16 13:30:18,550 [pool-20-thread-1] INFO impl.RaftServerImpl: 6a13c14a-9d77-4257-a26e-579fd8d7d432: new RaftServerImpl for group-5E8AA42A9EE2:[d39fc7d0-de62-483c-b029-84296fb7dea4:172.25.0.7:9858, 64312804-5721-4aba-b015-f8ecac0f214e:172.25.0.8:9858, 6a13c14a-9d77-4257-a26e-579fd8d7d432:172.25.0.9:9858] with ContainerStateMachine:uninitialized
om_1        | 2020-07-16 13:30:20,222 [main] INFO Configuration.deprecation: No unit for ozone.manager.delegation.remover.scan.interval(3600000) assuming MILLISECONDS
kms_1       | 	at java.lang.Thread.run(Thread.java:748)
kdc_1       | Entry for principal HTTP/01dc55f26bd0@EXAMPLE.COM with kvno 2, encryption type aes256-cts-hmac-sha1-96 added to keytab WRFILE:/data/HTTP.01dc55f26bd0.keytab.
scm_1       | 2020-07-16 13:29:59,488 [IPC Server listener on 9961] INFO ipc.Server: IPC Server listener on 9961: starting
datanode_2  | 2020-07-16 13:30:18,555 [pool-20-thread-1] INFO server.RaftServerConfigKeys: raft.server.log.force.sync.num = 128 (default)
nm_1        | 2020-07-16 13:29:35 INFO  CallQueueManager:84 - Using callQueue: class java.util.concurrent.LinkedBlockingQueue, queueCapacity: 500, scheduler: class org.apache.hadoop.ipc.DefaultRpcScheduler, ipcBackoff: false.
rm_1        | 2020-07-16 13:29:28 INFO  RMAppLifetimeMonitor:66 - Application lifelime monitor interval set to 3000 ms.
datanode_3  | 2020-07-16 13:30:18,560 [pool-20-thread-1] INFO server.RaftServerConfigKeys: raft.server.rpc.timeout.min = 5s (custom)
om_1        | 2020-07-16 13:30:20,254 [main] INFO security.OzoneSecretStore: Loaded 0 tokens
kms_1       | 
kdc_1       | Entry for principal HTTP/01dc55f26bd0@EXAMPLE.COM with kvno 2, encryption type aes128-cts-hmac-sha1-96 added to keytab WRFILE:/data/HTTP.01dc55f26bd0.keytab.
scm_1       | 2020-07-16 13:29:59,488 [Listener at 0.0.0.0/9860] INFO http.HttpServer2: Jetty bound to port 9876
datanode_2  | 2020-07-16 13:30:18,555 [pool-20-thread-1] INFO server.RaftServerConfigKeys: raft.server.log.statemachine.data.sync = true (default)
nm_1        | 2020-07-16 13:29:35 INFO  RpcServerFactoryPBImpl:173 - Adding protocol org.apache.hadoop.yarn.server.nodemanager.api.LocalizationProtocolPB to the server
datanode_3  | 2020-07-16 13:30:18,561 [pool-20-thread-1] INFO server.RaftServerConfigKeys: raft.server.rpc.timeout.max = 5200ms (custom)
scm_1       | 2020-07-16 13:29:59,496 [Listener at 0.0.0.0/9860] INFO server.Server: jetty-9.4.26.v20200117; built: 2020-01-17T12:35:33.676Z; git: 7b38981d25d14afb4a12ff1f2596756144edf695; jvm 11.0.6+10-LTS
datanode_2  | 2020-07-16 13:30:18,555 [pool-20-thread-1] INFO server.RaftServerConfigKeys: raft.server.log.statemachine.data.sync.timeout = 10s (default)
kms_1       | Jul 16, 2020 1:31:32 PM com.sun.jersey.server.wadl.generators.AbstractWadlGeneratorGrammarGenerator attachTypes
om_1        | 2020-07-16 13:30:20,260 [main] INFO security.OzoneDelegationTokenSecretManager: Loading token state into token manager.
kdc_1       | Jul 16 13:29:18 kdc kadmind[13](Notice): Request: kadm5_init, admin/admin@EXAMPLE.COM, success, client=admin/admin@EXAMPLE.COM, service=kadmin/admin@EXAMPLE.COM, addr=127.0.0.1, vers=4, flavor=6
datanode_3  | 2020-07-16 13:30:18,564 [pool-20-thread-1] INFO server.RaftServerConfigKeys: raft.server.rpcslowness.timeout = 300s (custom)
scm_1       | 2020-07-16 13:29:59,797 [Listener at 0.0.0.0/9860] INFO server.session: DefaultSessionIdManager workerName=node0
nm_1        | 2020-07-16 13:29:35 INFO  Server:1074 - Starting Socket Reader #1 for port 8040
datanode_2  | 2020-07-16 13:30:18,556 [pool-20-thread-1] INFO server.RaftServerConfigKeys: raft.server.log.statemachine.data.sync.timeout.retry = -1 (default)
kms_1       | INFO: Couldn't find grammar element for class java.util.Map
rm_1        | 2020-07-16 13:29:28 INFO  MultiNodeSortingManager:59 - Initializing NodeSortingService=MultiNodeSortingManager
om_1        | 2020-07-16 13:30:20,727 [main] INFO ipc.CallQueueManager: Using callQueue: class java.util.concurrent.LinkedBlockingQueue, queueCapacity: 10000, scheduler: class org.apache.hadoop.ipc.DefaultRpcScheduler, ipcBackoff: false.
kdc_1       | Jul 16 13:29:18 kdc kadmind[13](Notice): Request: kadm5_get_policy, default, Policy does not exist, client=admin/admin@EXAMPLE.COM, service=kadmin/admin@EXAMPLE.COM, addr=127.0.0.1
datanode_3  | 2020-07-16 13:30:18,564 [pool-20-thread-1] INFO server.RaftServerConfigKeys: raft.server.sleep.deviation.threshold = 300 (default)
scm_1       | 2020-07-16 13:29:59,802 [Listener at 0.0.0.0/9860] INFO server.session: No SessionScavenger set, using defaults
nm_1        | 2020-07-16 13:29:35 INFO  Server:1314 - IPC Server Responder: starting
datanode_2  | 2020-07-16 13:30:18,557 [pool-20-thread-1] INFO server.RaftServerConfigKeys: raft.server.log.statemachine.data.caching.enabled = true (custom)
kms_1       | Jul 16, 2020 1:31:32 PM com.sun.jersey.server.wadl.generators.AbstractWadlGeneratorGrammarGenerator attachTypes
rm_1        | 2020-07-16 13:29:28 INFO  HostsFileReader:211 - Refreshing hosts (include/exclude) list
om_1        | 2020-07-16 13:30:20,788 [Socket Reader #1 for port 9862] INFO ipc.Server: Starting Socket Reader #1 for port 9862
kdc_1       | Jul 16 13:29:18 kdc kadmind[13](Notice): Request: kadm5_create_principal, dn/8f29cb4d90d9@EXAMPLE.COM, success, client=admin/admin@EXAMPLE.COM, service=kadmin/admin@EXAMPLE.COM, addr=127.0.0.1
datanode_3  | 2020-07-16 13:30:18,564 [pool-20-thread-1] INFO server.RaftServerConfigKeys: raft.server.log.appender.install.snapshot.enabled = false (custom)
scm_1       | 2020-07-16 13:29:59,844 [Listener at 0.0.0.0/9860] INFO server.session: node0 Scavenging every 660000ms
nm_1        | 2020-07-16 13:29:35 INFO  ResourceLocalizationService:392 - Localizer started on port 8040
datanode_2  | 2020-07-16 13:30:18,559 [pool-20-thread-1] INFO segmented.SegmentedRaftLogWorker: 64312804-5721-4aba-b015-f8ecac0f214e@group-5E8AA42A9EE2-SegmentedRaftLogWorker: flushIndex: setUnconditionally 0 -> -1
kms_1       | INFO: Couldn't find grammar element for class java.util.Map
rm_1        | 2020-07-16 13:29:28 INFO  Configuration:2755 - found resource capacity-scheduler.xml at file:/opt/hadoop/etc/hadoop/capacity-scheduler.xml
om_1        | 2020-07-16 13:30:21,051 [Listener at om/9862] INFO impl.MetricsConfig: Loaded properties from hadoop-metrics2.properties
kdc_1       | Jul 16 13:29:18 kdc kadmind[13](info): closing down fd 18
datanode_3  | 2020-07-16 13:30:18,565 [pool-20-thread-1] INFO impl.RaftServerImpl: 6a13c14a-9d77-4257-a26e-579fd8d7d432@group-5E8AA42A9EE2: ConfigurationManager, init=-1: [d39fc7d0-de62-483c-b029-84296fb7dea4:172.25.0.7:9858, 64312804-5721-4aba-b015-f8ecac0f214e:172.25.0.8:9858, 6a13c14a-9d77-4257-a26e-579fd8d7d432:172.25.0.9:9858], old=null, confs=<EMPTY_MAP>
scm_1       | 2020-07-16 13:29:59,904 [Listener at 0.0.0.0/9860] INFO handler.ContextHandler: Started o.e.j.s.ServletContextHandler@34e25492{logs,/logs,file:///var/log/hadoop/,AVAILABLE}
nm_1        | 2020-07-16 13:29:35 INFO  Server:1153 - IPC Server listener on 8040: starting
datanode_2  | 2020-07-16 13:30:18,560 [pool-20-thread-1] INFO segmented.SegmentedRaftLogWorker: 64312804-5721-4aba-b015-f8ecac0f214e@group-5E8AA42A9EE2-SegmentedRaftLogWorker: safeCacheEvictIndex: setUnconditionally 0 -> -1
kms_1       | Jul 16, 2020 1:31:32 PM com.sun.jersey.server.wadl.generators.AbstractWadlGeneratorGrammarGenerator attachTypes
rm_1        | 2020-07-16 13:29:28 INFO  AbstractYarnScheduler:1390 - Minimum allocation = <memory:1024, vCores:1>
om_1        | 2020-07-16 13:30:21,219 [Listener at om/9862] INFO impl.MetricsSystemImpl: Scheduled Metric snapshot period at 10 second(s).
kdc_1       | Jul 16 13:29:18 kdc kadmind[13](Notice): Request: kadm5_init, admin/admin@EXAMPLE.COM, success, client=admin/admin@EXAMPLE.COM, service=kadmin/admin@EXAMPLE.COM, addr=127.0.0.1, vers=4, flavor=6
datanode_3  | 2020-07-16 13:30:18,565 [pool-20-thread-1] INFO server.RaftServerConfigKeys: raft.server.storage.dir = [/data/metadata/ratis] (custom)
scm_1       | 2020-07-16 13:29:59,918 [Listener at 0.0.0.0/9860] INFO handler.ContextHandler: Started o.e.j.s.ServletContextHandler@fe08eaf{static,/static,jar:file:/opt/hadoop/share/ozone/lib/hadoop-hdds-server-scm-0.6.0-SNAPSHOT.jar!/webapps/static,AVAILABLE}
nm_1        | 2020-07-16 13:29:35 INFO  IndexCache:47 - IndexCache created with max memory = 10485760
datanode_2  | 2020-07-16 13:30:18,561 [pool-20-thread-1] INFO server.RaftServerConfigKeys: raft.server.snapshot.auto.trigger.enabled = true (custom)
kms_1       | INFO: Couldn't find grammar element for class javax.ws.rs.core.Response
rm_1        | 2020-07-16 13:29:28 INFO  AbstractYarnScheduler:1402 - Maximum allocation = <memory:8192, vCores:4>
om_1        | 2020-07-16 13:30:21,220 [Listener at om/9862] INFO impl.MetricsSystemImpl: OzoneManager metrics system started
kdc_1       | Jul 16 13:29:18 kdc kadmind[13](Notice): Request: kadm5_randkey_principal, dn/8f29cb4d90d9@EXAMPLE.COM, success, client=admin/admin@EXAMPLE.COM, service=kadmin/admin@EXAMPLE.COM, addr=127.0.0.1
datanode_3  | 2020-07-16 13:30:18,566 [pool-20-thread-1] INFO server.RaftServerConfigKeys: raft.server.log.corruption.policy = EXCEPTION (default)
scm_1       | 2020-07-16 13:30:00,071 [Socket Reader #1 for port 9863] INFO ipc.Server: Auth successful for om/om@EXAMPLE.COM (auth:KERBEROS)
nm_1        | 2020-07-16 13:29:35 INFO  ShuffleHandler:549 - mapreduce_shuffle listening on port 13562
datanode_2  | 2020-07-16 13:30:18,562 [pool-20-thread-1] INFO server.RaftServerConfigKeys: raft.server.snapshot.auto.trigger.threshold = 10000 (custom)
kms_1       | Jul 16, 2020 1:31:32 PM com.sun.jersey.server.wadl.generators.AbstractWadlGeneratorGrammarGenerator attachTypes
rm_1        | 2020-07-16 13:29:28 INFO  CapacitySchedulerConfiguration:894 - max alloc mb per queue for root is undefined
om_1        | 2020-07-16 13:30:21,404 [Listener at om/9862] INFO om.OzoneManager: OzoneManager RPC server is listening at om/172.25.0.3:9862
kdc_1       | Jul 16 13:29:18 kdc kadmind[13](Notice): Request: kadm5_get_principal, dn/8f29cb4d90d9@EXAMPLE.COM, success, client=admin/admin@EXAMPLE.COM, service=kadmin/admin@EXAMPLE.COM, addr=127.0.0.1
scm_1       | 2020-07-16 13:30:00,096 [Socket Reader #1 for port 9961] INFO ipc.Server: Auth successful for dn/01dc55f26bd0@EXAMPLE.COM (auth:KERBEROS)
datanode_3  | 2020-07-16 13:30:18,567 [pool-20-thread-1] INFO storage.RaftStorageDirectory: The storage directory /data/metadata/ratis/ba38f0b0-f7b0-4912-bbb4-5e8aa42a9ee2 does not exist. Creating ...
nm_1        | 2020-07-16 13:29:35 INFO  ContainerManagerImpl:666 - ContainerManager started at nm/172.25.0.4:45627
datanode_2  | 2020-07-16 13:30:18,562 [pool-20-thread-1] INFO server.RaftServerConfigKeys: raft.server.snapshot.retention.file.num = 5 (custom)
kms_1       | INFO: Couldn't find grammar element for class javax.ws.rs.core.Response
rm_1        | 2020-07-16 13:29:28 INFO  CapacitySchedulerConfiguration:898 - max alloc vcore per queue for root is undefined
om_1        | 2020-07-16 13:30:21,404 [Listener at om/9862] INFO om.OzoneManager: Reading keypair and certificate from file system.
kdc_1       | Jul 16 13:29:18 kdc kadmind[13](info): closing down fd 18
scm_1       | 2020-07-16 13:30:00,164 [Socket Reader #1 for port 9961] INFO ipc.Server: Auth successful for dn/a3ebd3e9479b@EXAMPLE.COM (auth:KERBEROS)
datanode_3  | 2020-07-16 13:30:18,575 [pool-20-thread-1] INFO storage.RaftStorageDirectory: Lock on /data/metadata/ratis/ba38f0b0-f7b0-4912-bbb4-5e8aa42a9ee2/in_use.lock acquired by nodename 8@8f29cb4d90d9
nm_1        | 2020-07-16 13:29:35 INFO  ContainerManagerImpl:667 - ContainerManager bound to 0.0.0.0/0.0.0.0:0
datanode_2  | 2020-07-16 13:30:18,562 [pool-20-thread-1] INFO server.RaftServerConfigKeys: raft.server.log.purge.upto.snapshot.index = false (default)
kms_1       | Jul 16, 2020 1:31:32 PM com.sun.jersey.server.wadl.generators.AbstractWadlGeneratorGrammarGenerator attachTypes
rm_1        | 2020-07-16 13:29:28 INFO  ParentQueue:151 - root, capacity=1.0, absoluteCapacity=1.0, maxCapacity=1.0, absoluteMaxCapacity=1.0, state=RUNNING, acls=ADMINISTER_QUEUE:*SUBMIT_APP:*, labels=*,
om_1        | 2020-07-16 13:30:21,436 [Listener at om/9862] INFO om.OzoneManager: Starting OM block token secret manager
kdc_1       | Jul 16 13:29:18 kdc kadmind[13](Notice): Request: kadm5_init, admin/admin@EXAMPLE.COM, success, client=admin/admin@EXAMPLE.COM, service=kadmin/admin@EXAMPLE.COM, addr=127.0.0.1, vers=4, flavor=6
scm_1       | 2020-07-16 13:30:00,171 [Socket Reader #1 for port 9961] INFO ipc.Server: Auth successful for dn/8f29cb4d90d9@EXAMPLE.COM (auth:KERBEROS)
datanode_3  | 2020-07-16 13:30:18,578 [pool-20-thread-1] INFO storage.RaftStorage: Storage directory /data/metadata/ratis/ba38f0b0-f7b0-4912-bbb4-5e8aa42a9ee2 has been successfully formatted.
nm_1        | 2020-07-16 13:29:35 INFO  WebServer:99 - Instantiating NMWebApp at 0.0.0.0:8042
datanode_2  | 2020-07-16 13:30:18,562 [pool-20-thread-1] INFO server.RaftServerConfigKeys: raft.server.retrycache.expirytime = 600000ms (custom)
kms_1       | INFO: Couldn't find grammar element for class java.util.Map
rm_1        | , reservationsContinueLooking=true, orderingPolicy=utilization, priority=0
om_1        | 2020-07-16 13:30:21,448 [Listener at om/9862] INFO security.OzoneBlockTokenSecretManager: Updating the current master key for generating tokens
kdc_1       | Jul 16 13:29:18 kdc kadmind[13](Notice): Request: kadm5_get_policy, default, Policy does not exist, client=admin/admin@EXAMPLE.COM, service=kadmin/admin@EXAMPLE.COM, addr=127.0.0.1
scm_1       | 2020-07-16 13:30:00,285 [Socket Reader #1 for port 9961] INFO ipc.Server: Auth successful for HTTP/scm@EXAMPLE.COM (auth:KERBEROS)
datanode_3  | 2020-07-16 13:30:18,579 [pool-20-thread-1] INFO ratis.ContainerStateMachine: group-5E8AA42A9EE2: The snapshot info is null. Setting the last applied indexto:(t:0, i:~)
nm_1        | 2020-07-16 13:29:35 INFO  log:192 - Logging initialized @16165ms
datanode_2  | 2020-07-16 13:30:18,562 [pool-20-thread-1] INFO metrics.RatisMetrics: Creating Metrics Registry : ratis.leader_election.64312804-5721-4aba-b015-f8ecac0f214e@group-5E8AA42A9EE2
kms_1       | Jul 16, 2020 1:31:32 PM com.sun.jersey.server.wadl.generators.AbstractWadlGeneratorGrammarGenerator attachTypes
rm_1        | 2020-07-16 13:29:29 INFO  ParentQueue:114 - Initialized parent-queue root name=root, fullname=root
om_1        | 2020-07-16 13:30:21,450 [Listener at om/9862] INFO om.OzoneManager: Starting OM delegation token secret manager
kdc_1       | Jul 16 13:29:18 kdc kadmind[13](Notice): Request: kadm5_create_principal, om/om@EXAMPLE.COM, success, client=admin/admin@EXAMPLE.COM, service=kadmin/admin@EXAMPLE.COM, addr=127.0.0.1
scm_1       | 2020-07-16 13:30:00,430 [Listener at 0.0.0.0/9860] INFO handler.ContextHandler: Started o.e.j.w.WebAppContext@22ff11ef{scm,/,file:///tmp/jetty-0_0_0_0-9876-hadoop-hdds-server-scm-0_6_0-SNAPSHOT_jar-_-any-1606729600071364003.dir/webapp/,AVAILABLE}{jar:file:/opt/hadoop/share/ozone/lib/hadoop-hdds-server-scm-0.6.0-SNAPSHOT.jar!/webapps/scm}
datanode_3  | 2020-07-16 13:30:18,585 [pool-20-thread-1] INFO server.RaftServerConfigKeys: raft.server.notification.no-leader.timeout = 60s (default)
nm_1        | 2020-07-16 13:29:36 INFO  AuthenticationFilter:240 - Unable to initialize FileSignerSecretProvider, falling back to use random secrets.
datanode_2  | 2020-07-16 13:30:18,563 [pool-20-thread-1] INFO metrics.RatisMetrics: Creating Metrics Registry : ratis.server.64312804-5721-4aba-b015-f8ecac0f214e@group-5E8AA42A9EE2
kms_1       | INFO: Couldn't find grammar element for class java.util.Map
rm_1        | 2020-07-16 13:29:29 INFO  CapacitySchedulerConfiguration:894 - max alloc mb per queue for root.default is undefined
om_1        | 2020-07-16 13:30:21,450 [Listener at om/9862] INFO security.OzoneDelegationTokenSecretManager: Updating the current master key for generating tokens
kdc_1       | Jul 16 13:29:18 kdc kadmind[13](info): closing down fd 18
kdc_1       | Jul 16 13:29:18 kdc kadmind[13](Notice): Request: kadm5_init, admin/admin@EXAMPLE.COM, success, client=admin/admin@EXAMPLE.COM, service=kadmin/admin@EXAMPLE.COM, addr=127.0.0.1, vers=4, flavor=6
datanode_3  | 2020-07-16 13:30:18,591 [pool-20-thread-1] INFO server.RaftServerConfigKeys: raft.server.log.use.memory = false (default)
nm_1        | 2020-07-16 13:29:36 INFO  HttpRequestLog:81 - Http request log for http.requests.nodemanager is not defined
datanode_2  | 2020-07-16 13:30:18,564 [pool-20-thread-1] INFO impl.RaftServerImpl: 64312804-5721-4aba-b015-f8ecac0f214e@group-5E8AA42A9EE2: start as a follower, conf=-1: [d39fc7d0-de62-483c-b029-84296fb7dea4:172.25.0.7:9858, 64312804-5721-4aba-b015-f8ecac0f214e:172.25.0.8:9858, 6a13c14a-9d77-4257-a26e-579fd8d7d432:172.25.0.9:9858], old=null
kms_1       | Jul 16, 2020 1:31:32 PM com.sun.jersey.server.wadl.generators.AbstractWadlGeneratorGrammarGenerator attachTypes
rm_1        | 2020-07-16 13:29:29 INFO  CapacitySchedulerConfiguration:898 - max alloc vcore per queue for root.default is undefined
om_1        | 2020-07-16 13:30:21,464 [Thread[Thread-10,5,main]] INFO security.OzoneDelegationTokenSecretManager: Starting expired delegation token remover thread, tokenRemoverScanInterval=60 min(s)
kdc_1       | Jul 16 13:29:18 kdc kadmind[13](Notice): Request: kadm5_randkey_principal, om/om@EXAMPLE.COM, success, client=admin/admin@EXAMPLE.COM, service=kadmin/admin@EXAMPLE.COM, addr=127.0.0.1
scm_1       | 2020-07-16 13:30:00,537 [Listener at 0.0.0.0/9860] INFO server.AbstractConnector: Started ServerConnector@48d5ca17{HTTP/1.1,[http/1.1]}{0.0.0.0:9876}
datanode_3  | 2020-07-16 13:30:18,593 [pool-20-thread-1] INFO server.RaftServerConfigKeys: raft.server.log.purge.gap = 1000000 (custom)
nm_1        | 2020-07-16 13:29:36 INFO  HttpServer2:975 - Added global filter 'safety' (class=org.apache.hadoop.http.HttpServer2$QuotingInputFilter)
datanode_2  | 2020-07-16 13:30:18,565 [pool-20-thread-1] INFO impl.RaftServerImpl: 64312804-5721-4aba-b015-f8ecac0f214e@group-5E8AA42A9EE2: changes role from      null to FOLLOWER at term 0 for startAsFollower
kms_1       | INFO: Couldn't find grammar element for class javax.ws.rs.core.Response
rm_1        | 2020-07-16 13:29:29 INFO  LeafQueue:285 - Initializing default
om_1        | 2020-07-16 13:30:21,503 [IPC Server listener on 9862] INFO ipc.Server: IPC Server listener on 9862: starting
kdc_1       | Jul 16 13:29:18 kdc kadmind[13](Notice): Request: kadm5_get_principal, om/om@EXAMPLE.COM, success, client=admin/admin@EXAMPLE.COM, service=kadmin/admin@EXAMPLE.COM, addr=127.0.0.1
scm_1       | 2020-07-16 13:30:00,537 [Listener at 0.0.0.0/9860] INFO server.Server: Started @16632ms
datanode_3  | 2020-07-16 13:30:18,593 [pool-20-thread-1] INFO server.RaftServerConfigKeys: raft.server.log.appender.buffer.byte-limit = 33554432 (custom)
nm_1        | 2020-07-16 13:29:36 INFO  HttpServer2:948 - Added filter static_user_filter (class=org.apache.hadoop.http.lib.StaticUserWebFilter$StaticUserFilter) to context node
datanode_2  | 2020-07-16 13:30:18,565 [pool-20-thread-1] INFO impl.RoleInfo: 64312804-5721-4aba-b015-f8ecac0f214e: start FollowerState
kms_1       | Jul 16, 2020 1:31:32 PM com.sun.jersey.server.wadl.generators.AbstractWadlGeneratorGrammarGenerator attachTypes
rm_1        | capacity = 1.0 [= (float) configuredCapacity / 100 ]
om_1        | 2020-07-16 13:30:21,502 [IPC Server Responder] INFO ipc.Server: IPC Server Responder: starting
kdc_1       | Jul 16 13:29:18 kdc kadmind[13](info): closing down fd 18
scm_1       | 2020-07-16 13:30:00,555 [Listener at 0.0.0.0/9860] INFO impl.MetricsSinkAdapter: Sink prometheus started
datanode_3  | 2020-07-16 13:30:18,594 [pool-20-thread-1] INFO server.RaftServerConfigKeys: raft.server.log.segment.size.max = 1048576 (custom)
nm_1        | 2020-07-16 13:29:36 INFO  HttpServer2:958 - Added filter static_user_filter (class=org.apache.hadoop.http.lib.StaticUserWebFilter$StaticUserFilter) to context static
datanode_2  | 2020-07-16 13:30:18,579 [pool-20-thread-1] INFO util.JmxRegister: Successfully registered JMX Bean with object name Ratis:service=RaftServer,group=group-5E8AA42A9EE2,id=64312804-5721-4aba-b015-f8ecac0f214e
kms_1       | INFO: Couldn't find grammar element for class java.util.Map
rm_1        | absoluteCapacity = 1.0 [= parentAbsoluteCapacity * capacity ]
om_1        | 2020-07-16 13:30:21,863 [Listener at om/9862] INFO http.BaseHttpServer: Starting Web-server for ozoneManager at: http://0.0.0.0:9874
kdc_1       | Jul 16 13:29:18 kdc kadmind[13](Notice): Request: kadm5_init, admin/admin@EXAMPLE.COM, success, client=admin/admin@EXAMPLE.COM, service=kadmin/admin@EXAMPLE.COM, addr=127.0.0.1, vers=4, flavor=6
scm_1       | 2020-07-16 13:30:00,555 [Listener at 0.0.0.0/9860] INFO impl.MetricsSystemImpl: Registered sink prometheus
datanode_3  | 2020-07-16 13:30:18,594 [pool-20-thread-1] INFO metrics.RatisMetrics: Creating Metrics Registry : ratis.log_worker.6a13c14a-9d77-4257-a26e-579fd8d7d432@group-5E8AA42A9EE2
nm_1        | 2020-07-16 13:29:36 INFO  HttpServer2:958 - Added filter static_user_filter (class=org.apache.hadoop.http.lib.StaticUserWebFilter$StaticUserFilter) to context logs
datanode_2  | 2020-07-16 13:30:18,579 [pool-20-thread-1] INFO metrics.RatisMetrics: Creating Metrics Registry : ratis.state_machine.64312804-5721-4aba-b015-f8ecac0f214e@group-5E8AA42A9EE2
kms_1       | Jul 16, 2020 1:31:32 PM com.sun.jersey.server.wadl.generators.AbstractWadlGeneratorGrammarGenerator attachTypes
rm_1        | maxCapacity = 1.0 [= configuredMaxCapacity ]
om_1        | 2020-07-16 13:30:21,863 [Listener at om/9862] INFO http.BaseHttpServer: Hadoop Security Enabled: true Ozone Security Enabled: true Ozone HTTP Security Enabled: false 
kdc_1       | Jul 16 13:29:18 kdc kadmind[13](Notice): Request: kadm5_get_policy, default, Policy does not exist, client=admin/admin@EXAMPLE.COM, service=kadmin/admin@EXAMPLE.COM, addr=127.0.0.1
scm_1       | 2020-07-16 13:30:00,560 [Listener at 0.0.0.0/9860] INFO http.BaseHttpServer: HTTP server of scm listening at http://0.0.0.0:9876
datanode_3  | 2020-07-16 13:30:18,595 [pool-20-thread-1] INFO server.RaftServerConfigKeys: raft.server.log.segment.cache.num.max = 2 (custom)
nm_1        | 2020-07-16 13:29:36 INFO  HttpServer2:948 - Added filter authentication (class=org.apache.hadoop.security.authentication.server.AuthenticationFilter) to context node
datanode_2  | 2020-07-16 13:30:21,366 [Command processor thread] INFO commandhandler.CreatePipelineCommandHandler: Created Pipeline RATIS THREE #id: "ba38f0b0-f7b0-4912-bbb4-5e8aa42a9ee2"
kms_1       | INFO: Couldn't find grammar element for class java.util.Map
rm_1        | absoluteMaxCapacity = 1.0 [= 1.0 maximumCapacity undefined, (parentAbsoluteMaxCapacity * maximumCapacity) / 100 otherwise ]
om_1        | 2020-07-16 13:30:21,931 [Listener at om/9862] INFO util.log: Logging initialized @13927ms to org.eclipse.jetty.util.log.Slf4jLog
kdc_1       | Jul 16 13:29:18 kdc kadmind[13](Notice): Request: kadm5_create_principal, HTTP/8f29cb4d90d9@EXAMPLE.COM, success, client=admin/admin@EXAMPLE.COM, service=kadmin/admin@EXAMPLE.COM, addr=127.0.0.1
kdc_1       | Jul 16 13:29:18 kdc kadmind[13](info): closing down fd 18
datanode_3  | 2020-07-16 13:30:18,601 [pool-20-thread-1] INFO segmented.SegmentedRaftLogWorker: new 6a13c14a-9d77-4257-a26e-579fd8d7d432@group-5E8AA42A9EE2-SegmentedRaftLogWorker for RaftStorage:Storage Directory /data/metadata/ratis/ba38f0b0-f7b0-4912-bbb4-5e8aa42a9ee2
nm_1        | 2020-07-16 13:29:36 INFO  HttpServer2:958 - Added filter authentication (class=org.apache.hadoop.security.authentication.server.AuthenticationFilter) to context static
datanode_2  | uuid128 {
kms_1       | Jul 16, 2020 1:31:32 PM com.sun.jersey.server.wadl.generators.AbstractWadlGeneratorGrammarGenerator attachTypes
rm_1        | effectiveMinResource=<memory:0, vCores:0>
kdc_1       | Jul 16 13:29:18 kdc kadmind[13](Notice): Request: kadm5_init, admin/admin@EXAMPLE.COM, success, client=admin/admin@EXAMPLE.COM, service=kadmin/admin@EXAMPLE.COM, addr=127.0.0.1, vers=4, flavor=6
scm_1       | 2020-07-16 13:30:00,624 [org.apache.hadoop.util.JvmPauseMonitor$Monitor@34f48d1] INFO util.JvmPauseMonitor: Starting JVM pause monitor
om_1        | 2020-07-16 13:30:22,019 [Listener at om/9862] INFO server.AuthenticationFilter: Unable to initialize FileSignerSecretProvider, falling back to use random secrets.
datanode_3  | 2020-07-16 13:30:18,601 [pool-20-thread-1] INFO server.RaftServerConfigKeys: raft.server.log.queue.byte-limit = 2147483647 (custom)
nm_1        | 2020-07-16 13:29:36 INFO  HttpServer2:958 - Added filter authentication (class=org.apache.hadoop.security.authentication.server.AuthenticationFilter) to context logs
datanode_2  |   mostSigBits: -5028004341098723054
kms_1       | INFO: Couldn't find grammar element for class javax.ws.rs.core.Response
rm_1        |  , effectiveMaxResource=<memory:0, vCores:0>
kdc_1       | Jul 16 13:29:18 kdc kadmind[13](Notice): Request: kadm5_randkey_principal, HTTP/8f29cb4d90d9@EXAMPLE.COM, success, client=admin/admin@EXAMPLE.COM, service=kadmin/admin@EXAMPLE.COM, addr=127.0.0.1
scm_1       | 2020-07-16 13:30:00,630 [IPC Server handler 0 on default port 9961] INFO server.SCMSecurityProtocolServer: Processing CSR for dn 01dc55f26bd0, UUID: 64312804-5721-4aba-b015-f8ecac0f214e
om_1        | 2020-07-16 13:30:22,023 [Listener at om/9862] INFO http.HttpRequestLog: Http request log for http.requests.ozoneManager is not defined
datanode_3  | 2020-07-16 13:30:18,602 [pool-20-thread-1] INFO server.RaftServerConfigKeys: raft.server.log.queue.element-limit = 1024 (custom)
nm_1        | 2020-07-16 13:29:36 INFO  HttpServer2:613 - adding path spec: /node/*
datanode_2  |   leastSigBits: -4921204543256355102
kms_1       | Jul 16, 2020 1:31:32 PM com.sun.jersey.server.wadl.generators.AbstractWadlGeneratorGrammarGenerator attachTypes
rm_1        | userLimit = 100 [= configuredUserLimit ]
kdc_1       | Jul 16 13:29:18 kdc kadmind[13](Notice): Request: kadm5_get_principal, HTTP/8f29cb4d90d9@EXAMPLE.COM, success, client=admin/admin@EXAMPLE.COM, service=kadmin/admin@EXAMPLE.COM, addr=127.0.0.1
scm_1       | 2020-07-16 13:30:00,630 [IPC Server handler 1 on default port 9961] INFO server.SCMSecurityProtocolServer: Processing CSR for dn 8f29cb4d90d9, UUID: 6a13c14a-9d77-4257-a26e-579fd8d7d432
om_1        | 2020-07-16 13:30:22,028 [Listener at om/9862] INFO http.HttpServer2: Added global filter 'safety' (class=org.apache.hadoop.hdds.server.http.HttpServer2$QuotingInputFilter)
datanode_3  | 2020-07-16 13:30:18,603 [pool-20-thread-1] INFO server.RaftServerConfigKeys: raft.server.log.segment.size.max = 1048576 (custom)
nm_1        | 2020-07-16 13:29:36 INFO  HttpServer2:613 - adding path spec: /ws/*
datanode_2  | }
kms_1       | INFO: Couldn't find grammar element for class javax.ws.rs.core.Response
rm_1        | userLimitFactor = 1.0 [= configuredUserLimitFactor ]
kdc_1       | Jul 16 13:29:18 kdc kadmind[13](info): closing down fd 18
scm_1       | 2020-07-16 13:30:01,115 [IPC Server handler 1 on default port 9961] INFO server.SCMSecurityProtocolServer: Processing CSR for dn a3ebd3e9479b, UUID: d39fc7d0-de62-483c-b029-84296fb7dea4
om_1        | 2020-07-16 13:30:22,030 [Listener at om/9862] INFO http.HttpServer2: Added filter static_user_filter (class=org.apache.hadoop.http.lib.StaticUserWebFilter$StaticUserFilter) to context ozoneManager
datanode_3  | 2020-07-16 13:30:18,604 [pool-20-thread-1] INFO server.RaftServerConfigKeys: raft.server.log.preallocated.size = 16384 (custom)
nm_1        | 2020-07-16 13:29:40 INFO  WebApps:395 - Registered webapp guice modules
datanode_2  | .
kms_1       | Jul 16, 2020 1:31:32 PM com.sun.jersey.server.wadl.generators.AbstractWadlGeneratorGrammarGenerator attachTypes
rm_1        | maxApplications = 10000 [= configuredMaximumSystemApplicationsPerQueue or (int)(configuredMaximumSystemApplications * absoluteCapacity)]
kdc_1       | Jul 16 13:29:18 kdc kadmind[13](Notice): Request: kadm5_init, admin/admin@EXAMPLE.COM, success, client=admin/admin@EXAMPLE.COM, service=kadmin/admin@EXAMPLE.COM, addr=127.0.0.1, vers=4, flavor=6
om_1        | 2020-07-16 13:30:22,030 [Listener at om/9862] INFO http.HttpServer2: Added filter static_user_filter (class=org.apache.hadoop.http.lib.StaticUserWebFilter$StaticUserFilter) to context static
scm_1       | 2020-07-16 13:30:02,379 [Socket Reader #1 for port 9860] INFO ipc.Server: Auth successful for HTTP/scm@EXAMPLE.COM (auth:KERBEROS)
datanode_3  | 2020-07-16 13:30:18,604 [pool-20-thread-1] INFO server.RaftServerConfigKeys: raft.server.log.write.buffer.size = 1048576 (custom)
nm_1        | 2020-07-16 13:29:40 INFO  HttpServer2:1191 - Jetty bound to port 8042
datanode_2  | 2020-07-16 13:30:23,277 [grpc-default-executor-0] INFO impl.RaftServerImpl: 64312804-5721-4aba-b015-f8ecac0f214e@group-5E8AA42A9EE2: changes role from  FOLLOWER to FOLLOWER at term 1 for recognizeCandidate:d39fc7d0-de62-483c-b029-84296fb7dea4
kms_1       | INFO: Couldn't find grammar element for class java.util.Map
rm_1        | maxApplicationsPerUser = 10000 [= (int)(maxApplications * (userLimit / 100.0f) * userLimitFactor) ]
kdc_1       | Jul 16 13:29:18 kdc kadmind[13](Notice): Request: kadm5_get_policy, default, Policy does not exist, client=admin/admin@EXAMPLE.COM, sJul 16 13:29:18 kdc krb5kdc[8](info): AS_REQ (8 etypes {18 17 20 19 16 23 25 26}) 127.0.0.1: SERVER_NOT_FOUND: admin/admin@EXAMPLE.COM for kadmin/localhost@EXAMPLE.COM, Server not found in Kerberos database
om_1        | 2020-07-16 13:30:22,030 [Listener at om/9862] INFO http.HttpServer2: Added filter static_user_filter (class=org.apache.hadoop.http.lib.StaticUserWebFilter$StaticUserFilter) to context logs
scm_1       | 2020-07-16 13:30:07,224 [Socket Reader #1 for port 9961] INFO ipc.Server: Auth successful for om/om@EXAMPLE.COM (auth:KERBEROS)
datanode_3  | 2020-07-16 13:30:18,607 [pool-20-thread-1] INFO server.RaftServerConfigKeys: raft.server.log.force.sync.num = 128 (default)
nm_1        | 2020-07-16 13:29:40 INFO  Server:351 - jetty-9.3.24.v20180605, build timestamp: 2018-06-05T17:11:56Z, git hash: 84205aa28f11a4f31f2a3b86d1bba2cc8ab69827
datanode_2  | 2020-07-16 13:30:23,280 [grpc-default-executor-0] INFO impl.RoleInfo: 64312804-5721-4aba-b015-f8ecac0f214e: shutdown FollowerState
kms_1       | Jul 16, 2020 1:31:32 PM com.sun.jersey.server.wadl.generators.AbstractWadlGeneratorGrammarGenerator attachTypes
rm_1        | usedCapacity = 0.0 [= usedResourcesMemory / (clusterResourceMemory * absoluteCapacity)]
kdc_1       | Jul 16 13:29:18 kdc krb5kdc[8](info): AS_REQ (8 etypes {18 17 20 19 16 23 25 26}) 127.0.0.1: ISSUE: authtime 1594906158, etypes {rep=18 tkt=18 ses=18}, admin/admin@EXAMPLE.COM for kadmin/admin@EXAMPLE.COM
om_1        | 2020-07-16 13:30:22,063 [Listener at om/9862] INFO http.HttpServer2: Jetty bound to port 9874
scm_1       | 2020-07-16 13:30:07,247 [IPC Server handler 1 on default port 9961] INFO server.SCMSecurityProtocolServer: Processing CSR for om om, UUID: f1851126-3c39-4c38-a745-fdc01f2efb81
datanode_3  | 2020-07-16 13:30:18,607 [pool-20-thread-1] INFO server.RaftServerConfigKeys: raft.server.log.statemachine.data.sync = true (default)
nm_1        | 2020-07-16 13:29:40 INFO  AuthenticationFilter:240 - Unable to initialize FileSignerSecretProvider, falling back to use random secrets.
datanode_2  | 2020-07-16 13:30:23,280 [Thread-25] INFO impl.FollowerState: 64312804-5721-4aba-b015-f8ecac0f214e@group-5E8AA42A9EE2-FollowerState was interrupted: java.lang.InterruptedException: sleep interrupted
kms_1       | INFO: Couldn't find grammar element for class java.util.Map
rm_1        | absoluteUsedCapacity = 0.0 [= usedResourcesMemory / clusterResourceMemory]
kdc_1       | Jul 16 13:29:18 kdc krb5kdc[8](info): AS_REQ (8 etypes {18 17 20 19 16 23 25 26}) 127.0.0.1: SERVER_NOT_FOUND: admin/admin@EXAMPLE.COM for kadmin/localhost@EXAMPLE.COM, Server not found in Kerberos database
om_1        | 2020-07-16 13:30:22,064 [Listener at om/9862] INFO server.Server: jetty-9.4.26.v20200117; built: 2020-01-17T12:35:33.676Z; git: 7b38981d25d14afb4a12ff1f2596756144edf695; jvm 11.0.6+10-LTS
scm_1       | 2020-07-16 13:30:11,914 [Socket Reader #1 for port 9861] INFO ipc.Server: Auth successful for dn/a3ebd3e9479b@EXAMPLE.COM (auth:KERBEROS)
datanode_3  | 2020-07-16 13:30:18,608 [pool-20-thread-1] INFO server.RaftServerConfigKeys: raft.server.log.statemachine.data.sync.timeout = 10s (default)
nm_1        | 2020-07-16 13:29:40 INFO  ContextHandler:781 - Started o.e.j.s.ServletContextHandler@793138bd{/logs,file:///opt/hadoop/logs/,AVAILABLE}
datanode_2  | 2020-07-16 13:30:23,281 [grpc-default-executor-0] INFO impl.RoleInfo: 64312804-5721-4aba-b015-f8ecac0f214e: start FollowerState
kms_1       | Jul 16, 2020 1:31:32 PM com.sun.jersey.server.wadl.generators.AbstractWadlGeneratorGrammarGenerator attachTypes
rm_1        | maxAMResourcePerQueuePercent = 0.1 [= configuredMaximumAMResourcePercent ]
kdc_1       | Jul 16 13:29:18 kdc krb5kdc[8](info): AS_REQ (8 etypes {18 17 20 19 16 23 25 26}) 127.0.0.1: ISSUE: authtime 1594906158, etypes {rep=18 tkt=18 ses=18}, admin/admin@EXAMPLE.COM for kadmin/admin@EXAMPLE.COM
om_1        | 2020-07-16 13:30:22,102 [Listener at om/9862] INFO server.session: DefaultSessionIdManager workerName=node0
scm_1       | 2020-07-16 13:30:12,242 [Socket Reader #1 for port 9861] INFO ipc.Server: Auth successful for dn/01dc55f26bd0@EXAMPLE.COM (auth:KERBEROS)
datanode_3  | 2020-07-16 13:30:18,608 [pool-20-thread-1] INFO server.RaftServerConfigKeys: raft.server.log.statemachine.data.sync.timeout.retry = -1 (default)
nm_1        | 2020-07-16 13:29:40 INFO  ContextHandler:781 - Started o.e.j.s.ServletContextHandler@43aaf813{/static,jar:file:/opt/hadoop/share/hadoop/yarn/hadoop-yarn-common-3.2.0.jar!/webapps/static,AVAILABLE}
datanode_2  | 2020-07-16 13:30:23,364 [Thread-23] INFO impl.FollowerState: 64312804-5721-4aba-b015-f8ecac0f214e@group-1D9D12B60F4F-FollowerState: change to CANDIDATE, lastRpcTime:5037ms, electionTimeout:5030ms
kms_1       | INFO: Couldn't find grammar element for class javax.ws.rs.core.Response
rm_1        | minimumAllocationFactor = 0.875 [= (float)(maximumAllocationMemory - minimumAllocationMemory) / maximumAllocationMemory ]
