datanode_4_1  | 2021-01-24 14:13:25,799 [pool-19-thread-1] INFO server.RaftServer$Division: 6b63ac85-4f29-4482-bb7d-f96a0a1f211d: new RaftServerImpl for group-D2DB511E16D5:[abdd3d48-a3fb-42e5-bd4c-cbb9b1dc955a|rpc:10.5.0.5:9858|dataStream:|priority:0, f4237e1d-923e-45d5-a5dd-2e8cbf004328|rpc:10.5.0.9:9858|dataStream:|priority:0, 6b63ac85-4f29-4482-bb7d-f96a0a1f211d|rpc:10.5.0.7:9858|dataStream:|priority:1] with ContainerStateMachine:uninitialized
datanode_6_1  | 	at java.base/java.util.concurrent.ThreadPoolExecutor$Worker.run(ThreadPoolExecutor.java:628)
datanode_6_1  | 	... 1 more
datanode_4_1  | 2021-01-24 14:13:25,812 [pool-19-thread-1] INFO server.RaftServerConfigKeys: raft.server.rpc.timeout.min = 5s (custom)
datanode_4_1  | 2021-01-24 14:13:25,812 [pool-19-thread-1] INFO server.RaftServerConfigKeys: raft.server.rpc.timeout.max = 5200ms (custom)
datanode_4_1  | 2021-01-24 14:13:25,812 [pool-19-thread-1] INFO server.RaftServerConfigKeys: raft.server.rpc.sleep.time = 25ms (default)
datanode_4_1  | 2021-01-24 14:13:25,813 [pool-19-thread-1] INFO server.RaftServerConfigKeys: raft.server.rpc.slowness.timeout = 300s (custom)
datanode_4_1  | 2021-01-24 14:13:25,813 [pool-19-thread-1] INFO server.RaftServerConfigKeys: raft.server.leaderelection.leader.step-down.wait-time = 10s (default)
datanode_4_1  | 2021-01-24 14:13:25,813 [pool-19-thread-1] INFO server.RaftServerConfigKeys: raft.server.sleep.deviation.threshold = 300ms (default)
datanode_4_1  | 2021-01-24 14:13:25,813 [pool-19-thread-1] INFO server.RaftServerConfigKeys: raft.server.log.appender.install.snapshot.enabled = false (custom)
scm_1         | 2021-01-24 14:13:14,255 [Listener at 0.0.0.0/9860] INFO http.HttpServer2: Jetty bound to port 9876
datanode_5_1  | 	at org.apache.ratis.thirdparty.io.grpc.ForwardingServerCallListener.onHalfClose(ForwardingServerCallListener.java:23)
datanode_5_1  | 	at org.apache.ratis.thirdparty.io.grpc.internal.ServerCallImpl$ServerStreamListenerImpl.halfClosed(ServerCallImpl.java:331)
om_1          | 2021-01-24 14:13:36,601 [main] WARN server.ServerUtils: Storage directory for Ratis is not configured. It is a good idea to map this to an SSD disk. Falling back to ozone.metadata.dirs
om_1          | 2021-01-24 14:13:36,614 [main] WARN ratis.OzoneManagerRatisServer: ozone.om.ratis.snapshot.dir is not configured. Falling back to ozone.metadata.dirs config
om_1          | 2021-01-24 14:13:36,740 [main] INFO metrics.MetricRegistries: Loaded MetricRegistries class org.apache.ratis.metrics.impl.MetricRegistriesImpl
datanode_6_1  | 2021-01-24 14:13:15,885 [EndpointStateMachine task thread for scm/10.5.0.71:9861 - 0 ] INFO server.RaftServer: f4237e1d-923e-45d5-a5dd-2e8cbf004328: start RPC server
datanode_6_1  | 2021-01-24 14:13:15,907 [EndpointStateMachine task thread for scm/10.5.0.71:9861 - 0 ] INFO server.GrpcService: f4237e1d-923e-45d5-a5dd-2e8cbf004328: GrpcService started, listening on 0.0.0.0/0.0.0.0:9858
scm_1         | 2021-01-24 14:13:14,267 [Listener at 0.0.0.0/9860] INFO server.Server: jetty-9.4.34.v20201102; built: 2020-11-02T14:15:39.302Z; git: e46af88704a893fc12cb0e3bf46e2c7b48a009e7; jvm 11.0.7+10-LTS
scm_1         | 2021-01-24 14:13:14,519 [Listener at 0.0.0.0/9860] INFO server.session: DefaultSessionIdManager workerName=node0
datanode_5_1  | 	at org.apache.ratis.thirdparty.io.grpc.internal.ServerImpl$JumpToApplicationThreadServerStreamListener$1HalfClosed.runInContext(ServerImpl.java:818)
datanode_3_1  | 2021-01-24 14:13:21,020 [pool-19-thread-1] INFO server.RaftServerConfigKeys: raft.server.rpc.timeout.max = 5200ms (custom)
datanode_3_1  | 2021-01-24 14:13:21,020 [pool-19-thread-1] INFO server.RaftServerConfigKeys: raft.server.rpc.sleep.time = 25ms (default)
datanode_3_1  | 2021-01-24 14:13:21,021 [pool-19-thread-1] INFO server.RaftServerConfigKeys: raft.server.rpc.slowness.timeout = 300s (custom)
datanode_3_1  | 2021-01-24 14:13:21,021 [pool-19-thread-1] INFO server.RaftServerConfigKeys: raft.server.leaderelection.leader.step-down.wait-time = 10s (default)
datanode_2_1  | 2021-01-24 14:13:30,641 [pool-19-thread-1] INFO server.RaftServerConfigKeys: raft.server.rpc.timeout.max = 5200ms (custom)
datanode_2_1  | 2021-01-24 14:13:30,642 [pool-19-thread-1] INFO server.RaftServerConfigKeys: raft.server.rpc.sleep.time = 25ms (default)
datanode_5_1  | 	at org.apache.ratis.thirdparty.io.grpc.internal.ContextRunnable.run(ContextRunnable.java:37)
datanode_1_1  | 2021-01-24 14:13:26,517 [pool-19-thread-1] INFO server.RaftServer$Division: 8b64e79a-4e0c-48eb-b8f3-af4abacd13b4@group-38B18AB63057: changes role from      null to FOLLOWER at term 0 for startAsFollower
datanode_1_1  | 2021-01-24 14:13:26,520 [pool-19-thread-1] INFO impl.RoleInfo: 8b64e79a-4e0c-48eb-b8f3-af4abacd13b4: start 8b64e79a-4e0c-48eb-b8f3-af4abacd13b4@group-38B18AB63057-FollowerState
datanode_1_1  | 2021-01-24 14:13:26,556 [pool-19-thread-1] INFO util.JmxRegister: Successfully registered JMX Bean with object name Ratis:service=RaftServer,group=group-38B18AB63057,id=8b64e79a-4e0c-48eb-b8f3-af4abacd13b4
datanode_1_1  | 2021-01-24 14:13:26,564 [pool-19-thread-1] INFO metrics.RatisMetrics: Creating Metrics Registry : ratis.state_machine.8b64e79a-4e0c-48eb-b8f3-af4abacd13b4@group-38B18AB63057
datanode_1_1  | 2021-01-24 14:13:27,602 [grpc-default-executor-0] INFO server.RaftServer$Division: 8b64e79a-4e0c-48eb-b8f3-af4abacd13b4@group-38B18AB63057: receive preVote(c7ea541f-dfa1-4d63-81a0-bbb99212b4d8, group-38B18AB63057, 0, (t:0, i:0))
datanode_3_1  | 2021-01-24 14:13:21,022 [pool-19-thread-1] INFO server.RaftServerConfigKeys: raft.server.sleep.deviation.threshold = 300ms (default)
datanode_2_1  | 2021-01-24 14:13:30,642 [pool-19-thread-1] INFO server.RaftServerConfigKeys: raft.server.rpc.slowness.timeout = 300s (custom)
scm_1         | 2021-01-24 14:13:14,520 [Listener at 0.0.0.0/9860] INFO server.session: No SessionScavenger set, using defaults
scm_1         | 2021-01-24 14:13:14,525 [Listener at 0.0.0.0/9860] INFO server.session: node0 Scavenging every 600000ms
scm_1         | 2021-01-24 14:13:14,571 [Listener at 0.0.0.0/9860] INFO handler.ContextHandler: Started o.e.j.s.ServletContextHandler@77ea806f{logs,/logs,file:///var/log/hadoop/,AVAILABLE}
datanode_5_1  | 	at org.apache.ratis.thirdparty.io.grpc.internal.SerializingExecutor.run(SerializingExecutor.java:123)
datanode_5_1  | 	at java.base/java.util.concurrent.ThreadPoolExecutor.runWorker(ThreadPoolExecutor.java:1128)
datanode_5_1  | 	at java.base/java.util.concurrent.ThreadPoolExecutor$Worker.run(ThreadPoolExecutor.java:628)
datanode_5_1  | 	at java.base/java.lang.Thread.run(Thread.java:834)
datanode_5_1  | 2021-01-24 14:13:29,007 [grpc-default-executor-0] INFO server.RaftServer: b7cd138d-eb10-44bf-af30-c77e05948ec3: addNew group-38B18AB63057:[b7cd138d-eb10-44bf-af30-c77e05948ec3|rpc:10.5.0.8:9858|dataStream:|priority:0, c7ea541f-dfa1-4d63-81a0-bbb99212b4d8|rpc:10.5.0.6:9858|dataStream:|priority:1, 8b64e79a-4e0c-48eb-b8f3-af4abacd13b4|rpc:10.5.0.4:9858|dataStream:|priority:0] returns group-38B18AB63057:java.util.concurrent.CompletableFuture@27f86428[Not completed]
datanode_3_1  | 2021-01-24 14:13:21,023 [pool-19-thread-1] INFO server.RaftServerConfigKeys: raft.server.log.appender.install.snapshot.enabled = false (custom)
om_1          | 2021-01-24 14:13:36,975 [main] WARN server.ServerUtils: Storage directory for Ratis is not configured. It is a good idea to map this to an SSD disk. Falling back to ozone.metadata.dirs
om_1          | 2021-01-24 14:13:37,188 [main] INFO ratis.OzoneManagerRatisServer: Instantiating OM Ratis server with GroupID: omServiceIdDefault and Raft Peers: om:9872
datanode_6_1  | 2021-01-24 14:13:15,957 [org.apache.ratis.util.JvmPauseMonitor$$Lambda$278/0x0000000840489440@829a72a] INFO util.JvmPauseMonitor: JvmPauseMonitor-f4237e1d-923e-45d5-a5dd-2e8cbf004328: Started
datanode_2_1  | 2021-01-24 14:13:30,643 [pool-19-thread-1] INFO server.RaftServerConfigKeys: raft.server.leaderelection.leader.step-down.wait-time = 10s (default)
datanode_2_1  | 2021-01-24 14:13:30,644 [pool-19-thread-1] INFO server.RaftServerConfigKeys: raft.server.sleep.deviation.threshold = 300ms (default)
datanode_2_1  | 2021-01-24 14:13:30,644 [pool-19-thread-1] INFO server.RaftServerConfigKeys: raft.server.log.appender.install.snapshot.enabled = false (custom)
datanode_4_1  | 2021-01-24 14:13:25,843 [pool-19-thread-1] INFO server.RaftServer$Division: 6b63ac85-4f29-4482-bb7d-f96a0a1f211d@group-D2DB511E16D5: ConfigurationManager, init=-1: [abdd3d48-a3fb-42e5-bd4c-cbb9b1dc955a|rpc:10.5.0.5:9858|dataStream:|priority:0, f4237e1d-923e-45d5-a5dd-2e8cbf004328|rpc:10.5.0.9:9858|dataStream:|priority:0, 6b63ac85-4f29-4482-bb7d-f96a0a1f211d|rpc:10.5.0.7:9858|dataStream:|priority:1], old=null, confs=<EMPTY_MAP>
datanode_4_1  | 2021-01-24 14:13:25,843 [pool-19-thread-1] INFO server.RaftServerConfigKeys: raft.server.storage.dir = [/data/metadata/ratis] (custom)
datanode_4_1  | 2021-01-24 14:13:25,863 [pool-19-thread-1] INFO server.RaftServerConfigKeys: raft.server.log.corruption.policy = EXCEPTION (default)
scm_1         | 2021-01-24 14:13:14,580 [Listener at 0.0.0.0/9860] INFO handler.ContextHandler: Started o.e.j.s.ServletContextHandler@60dcf9ec{static,/static,jar:file:/opt/hadoop/share/ozone/lib/hadoop-hdds-server-scm-1.1.0-SNAPSHOT.jar!/webapps/static,AVAILABLE}
scm_1         | 2021-01-24 14:13:16,699 [Listener at 0.0.0.0/9860] INFO handler.ContextHandler: Started o.e.j.w.WebAppContext@4768b95c{scm,/,file:///tmp/jetty-0_0_0_0-9876-hadoop-hdds-server-scm-1_1_0-SNAPSHOT_jar-_-any-13643869198281044151/webapp/,AVAILABLE}{jar:file:/opt/hadoop/share/ozone/lib/hadoop-hdds-server-scm-1.1.0-SNAPSHOT.jar!/webapps/scm}
datanode_2_1  | 2021-01-24 14:13:30,645 [pool-19-thread-1] INFO server.RaftServer$Division: abdd3d48-a3fb-42e5-bd4c-cbb9b1dc955a@group-15C995BB3AD1: ConfigurationManager, init=-1: [b7cd138d-eb10-44bf-af30-c77e05948ec3|rpc:10.5.0.8:9858|dataStream:|priority:0, abdd3d48-a3fb-42e5-bd4c-cbb9b1dc955a|rpc:10.5.0.5:9858|dataStream:|priority:1, c7ea541f-dfa1-4d63-81a0-bbb99212b4d8|rpc:10.5.0.6:9858|dataStream:|priority:0], old=null, confs=<EMPTY_MAP>
datanode_2_1  | 2021-01-24 14:13:30,647 [pool-19-thread-1] INFO server.RaftServerConfigKeys: raft.server.storage.dir = [/data/metadata/ratis] (custom)
datanode_2_1  | 2021-01-24 14:13:30,652 [pool-19-thread-1] INFO server.RaftServerConfigKeys: raft.server.log.corruption.policy = EXCEPTION (default)
datanode_2_1  | 2021-01-24 14:13:30,653 [pool-19-thread-1] INFO storage.RaftStorageDirectory: The storage directory /data/metadata/ratis/7221c645-8820-44dc-802f-15c995bb3ad1 does not exist. Creating ...
datanode_2_1  | 2021-01-24 14:13:30,659 [pool-19-thread-1] INFO storage.RaftStorageDirectory: Lock on /data/metadata/ratis/7221c645-8820-44dc-802f-15c995bb3ad1/in_use.lock acquired by nodename 6@e67cfa9cb235
datanode_2_1  | 2021-01-24 14:13:30,663 [pool-19-thread-1] INFO storage.RaftStorage: Storage directory /data/metadata/ratis/7221c645-8820-44dc-802f-15c995bb3ad1 has been successfully formatted.
datanode_2_1  | 2021-01-24 14:13:30,665 [pool-19-thread-1] INFO ratis.ContainerStateMachine: group-15C995BB3AD1: The snapshot info is null. Setting the last applied indexto:(t:0, i:~)
datanode_2_1  | 2021-01-24 14:13:30,666 [pool-19-thread-1] ERROR storage.RaftStorage: Failed reading configuration from file:/data/metadata/ratis/7221c645-8820-44dc-802f-15c995bb3ad1/current/raft-meta.conf
datanode_2_1  | java.io.FileNotFoundException: /data/metadata/ratis/7221c645-8820-44dc-802f-15c995bb3ad1/current/raft-meta.conf (No such file or directory)
datanode_2_1  | 	at java.base/java.io.FileInputStream.open0(Native Method)
datanode_2_1  | 	at java.base/java.io.FileInputStream.open(FileInputStream.java:219)
datanode_2_1  | 	at java.base/java.io.FileInputStream.<init>(FileInputStream.java:157)
scm_1         | 2021-01-24 14:13:16,986 [Listener at 0.0.0.0/9860] INFO server.AbstractConnector: Started ServerConnector@3c17bd0b{HTTP/1.1, (http/1.1)}{0.0.0.0:9876}
datanode_2_1  | 	at org.apache.ratis.server.storage.RaftStorageImpl.readRaftConfiguration(RaftStorageImpl.java:143)
datanode_3_1  | 2021-01-24 14:13:21,072 [pool-19-thread-1] INFO server.RaftServer$Division: c7ea541f-dfa1-4d63-81a0-bbb99212b4d8@group-38B18AB63057: ConfigurationManager, init=-1: [b7cd138d-eb10-44bf-af30-c77e05948ec3|rpc:10.5.0.8:9858|priority:0, c7ea541f-dfa1-4d63-81a0-bbb99212b4d8|rpc:10.5.0.6:9858|priority:1, 8b64e79a-4e0c-48eb-b8f3-af4abacd13b4|rpc:10.5.0.4:9858|priority:0], old=null, confs=<EMPTY_MAP>
datanode_1_1  | 2021-01-24 14:13:27,611 [grpc-default-executor-0] INFO server.RaftServer$Division: 8b64e79a-4e0c-48eb-b8f3-af4abacd13b4@group-38B18AB63057 role: FOLLOWER allow pre-vote from:c7ea541f-dfa1-4d63-81a0-bbb99212b4d8
datanode_1_1  | 2021-01-24 14:13:27,626 [grpc-default-executor-0] INFO server.RaftServer$Division: 8b64e79a-4e0c-48eb-b8f3-af4abacd13b4@group-38B18AB63057 replies to pre-vote request: c7ea541f-dfa1-4d63-81a0-bbb99212b4d8<-8b64e79a-4e0c-48eb-b8f3-af4abacd13b4#0:OK-t0. Peer's state: 8b64e79a-4e0c-48eb-b8f3-af4abacd13b4@group-38B18AB63057:t0, leader=null, voted=, raftlog=8b64e79a-4e0c-48eb-b8f3-af4abacd13b4@group-38B18AB63057-SegmentedRaftLog:OPENED:c-1,f-1,i0, conf=-1: [b7cd138d-eb10-44bf-af30-c77e05948ec3|rpc:10.5.0.8:9858|dataStream:|priority:0, c7ea541f-dfa1-4d63-81a0-bbb99212b4d8|rpc:10.5.0.6:9858|dataStream:|priority:1, 8b64e79a-4e0c-48eb-b8f3-af4abacd13b4|rpc:10.5.0.4:9858|dataStream:|priority:0], old=null
datanode_1_1  | 2021-01-24 14:13:27,744 [grpc-default-executor-0] INFO server.RaftServer$Division: 8b64e79a-4e0c-48eb-b8f3-af4abacd13b4@group-38B18AB63057: changes role from  FOLLOWER to FOLLOWER at term 1 for recognizeCandidate:c7ea541f-dfa1-4d63-81a0-bbb99212b4d8
datanode_1_1  | 2021-01-24 14:13:27,745 [grpc-default-executor-0] INFO impl.RoleInfo: 8b64e79a-4e0c-48eb-b8f3-af4abacd13b4: shutdown 8b64e79a-4e0c-48eb-b8f3-af4abacd13b4@group-38B18AB63057-FollowerState
datanode_1_1  | 2021-01-24 14:13:27,745 [grpc-default-executor-0] INFO impl.RoleInfo: 8b64e79a-4e0c-48eb-b8f3-af4abacd13b4: start 8b64e79a-4e0c-48eb-b8f3-af4abacd13b4@group-38B18AB63057-FollowerState
om_1          | 2021-01-24 14:13:37,250 [main] INFO ratis.OzoneManagerStateMachine: LastAppliedIndex is set from TransactionInfo from OM DB as (t:0, i:~)
scm_1         | 2021-01-24 14:13:16,986 [Listener at 0.0.0.0/9860] INFO server.Server: Started @25003ms
datanode_3_1  | 2021-01-24 14:13:21,072 [pool-19-thread-1] INFO server.RaftServerConfigKeys: raft.server.storage.dir = [/data/metadata/ratis] (custom)
datanode_5_1  | 2021-01-24 14:13:29,207 [pool-19-thread-1] INFO server.RaftServer$Division: b7cd138d-eb10-44bf-af30-c77e05948ec3: new RaftServerImpl for group-38B18AB63057:[b7cd138d-eb10-44bf-af30-c77e05948ec3|rpc:10.5.0.8:9858|dataStream:|priority:0, c7ea541f-dfa1-4d63-81a0-bbb99212b4d8|rpc:10.5.0.6:9858|dataStream:|priority:1, 8b64e79a-4e0c-48eb-b8f3-af4abacd13b4|rpc:10.5.0.4:9858|dataStream:|priority:0] with ContainerStateMachine:uninitialized
datanode_5_1  | 2021-01-24 14:13:29,223 [pool-19-thread-1] INFO server.RaftServerConfigKeys: raft.server.rpc.timeout.min = 5s (custom)
datanode_5_1  | 2021-01-24 14:13:29,227 [pool-19-thread-1] INFO server.RaftServerConfigKeys: raft.server.rpc.timeout.max = 5200ms (custom)
datanode_5_1  | 2021-01-24 14:13:29,227 [pool-19-thread-1] INFO server.RaftServerConfigKeys: raft.server.rpc.sleep.time = 25ms (default)
datanode_5_1  | 2021-01-24 14:13:29,228 [pool-19-thread-1] INFO server.RaftServerConfigKeys: raft.server.rpc.slowness.timeout = 300s (custom)
datanode_5_1  | 2021-01-24 14:13:29,229 [pool-19-thread-1] INFO server.RaftServerConfigKeys: raft.server.leaderelection.leader.step-down.wait-time = 10s (default)
datanode_5_1  | 2021-01-24 14:13:29,229 [pool-19-thread-1] INFO server.RaftServerConfigKeys: raft.server.sleep.deviation.threshold = 300ms (default)
datanode_5_1  | 2021-01-24 14:13:29,240 [pool-19-thread-1] INFO server.RaftServerConfigKeys: raft.server.log.appender.install.snapshot.enabled = false (custom)
datanode_5_1  | 2021-01-24 14:13:29,260 [pool-19-thread-1] INFO server.RaftServer$Division: b7cd138d-eb10-44bf-af30-c77e05948ec3@group-38B18AB63057: ConfigurationManager, init=-1: [b7cd138d-eb10-44bf-af30-c77e05948ec3|rpc:10.5.0.8:9858|dataStream:|priority:0, c7ea541f-dfa1-4d63-81a0-bbb99212b4d8|rpc:10.5.0.6:9858|dataStream:|priority:1, 8b64e79a-4e0c-48eb-b8f3-af4abacd13b4|rpc:10.5.0.4:9858|dataStream:|priority:0], old=null, confs=<EMPTY_MAP>
datanode_5_1  | 2021-01-24 14:13:29,260 [pool-19-thread-1] INFO server.RaftServerConfigKeys: raft.server.storage.dir = [/data/metadata/ratis] (custom)
datanode_5_1  | 2021-01-24 14:13:29,291 [pool-19-thread-1] INFO server.RaftServerConfigKeys: raft.server.log.corruption.policy = EXCEPTION (default)
scm_1         | 2021-01-24 14:13:17,027 [IPC Server handler 5 on default port 9861] INFO net.NetworkTopologyImpl: Added a new node: /rack2/b7cd138d-eb10-44bf-af30-c77e05948ec3
datanode_5_1  | 2021-01-24 14:13:29,296 [pool-19-thread-1] INFO storage.RaftStorageDirectory: The storage directory /data/metadata/ratis/5efd3571-e1ef-4c97-bcbc-38b18ab63057 does not exist. Creating ...
datanode_5_1  | 2021-01-24 14:13:29,325 [pool-19-thread-1] INFO storage.RaftStorageDirectory: Lock on /data/metadata/ratis/5efd3571-e1ef-4c97-bcbc-38b18ab63057/in_use.lock acquired by nodename 6@6ea2dbc08f38
datanode_5_1  | 2021-01-24 14:13:29,345 [pool-19-thread-1] INFO storage.RaftStorage: Storage directory /data/metadata/ratis/5efd3571-e1ef-4c97-bcbc-38b18ab63057 has been successfully formatted.
datanode_5_1  | 2021-01-24 14:13:29,403 [pool-19-thread-1] INFO ratis.ContainerStateMachine: group-38B18AB63057: The snapshot info is null. Setting the last applied indexto:(t:0, i:~)
datanode_5_1  | 2021-01-24 14:13:29,408 [pool-19-thread-1] ERROR storage.RaftStorage: Failed reading configuration from file:/data/metadata/ratis/5efd3571-e1ef-4c97-bcbc-38b18ab63057/current/raft-meta.conf
datanode_5_1  | java.io.FileNotFoundException: /data/metadata/ratis/5efd3571-e1ef-4c97-bcbc-38b18ab63057/current/raft-meta.conf (No such file or directory)
datanode_5_1  | 	at java.base/java.io.FileInputStream.open0(Native Method)
datanode_5_1  | 	at java.base/java.io.FileInputStream.open(FileInputStream.java:219)
om_1          | 2021-01-24 14:13:37,315 [main] INFO server.RaftServer: raft.rpc.type = GRPC (default)
om_1          | 2021-01-24 14:13:37,636 [main] INFO grpc.GrpcConfigKeys: raft.grpc.server.port = 9872 (custom)
om_1          | 2021-01-24 14:13:37,640 [main] INFO server.GrpcService: raft.grpc.message.size.max = 33554432 (custom)
om_1          | 2021-01-24 14:13:37,653 [main] INFO server.RaftServerConfigKeys: raft.server.log.appender.buffer.byte-limit = 33554432 (custom)
om_1          | 2021-01-24 14:13:37,659 [main] INFO server.GrpcService: raft.grpc.flow.control.window = 1MB (=1048576) (default)
scm_1         | 2021-01-24 14:13:17,095 [Listener at 0.0.0.0/9860] INFO impl.MetricsSinkAdapter: Sink prometheus started
datanode_4_1  | 2021-01-24 14:13:25,867 [pool-19-thread-1] INFO storage.RaftStorageDirectory: The storage directory /data/metadata/ratis/529ded7e-b6bd-4aef-a780-d2db511e16d5 does not exist. Creating ...
datanode_4_1  | 2021-01-24 14:13:25,900 [pool-19-thread-1] INFO storage.RaftStorageDirectory: Lock on /data/metadata/ratis/529ded7e-b6bd-4aef-a780-d2db511e16d5/in_use.lock acquired by nodename 6@b9b93c0c70df
datanode_4_1  | 2021-01-24 14:13:25,928 [pool-19-thread-1] INFO storage.RaftStorage: Storage directory /data/metadata/ratis/529ded7e-b6bd-4aef-a780-d2db511e16d5 has been successfully formatted.
datanode_6_1  | 2021-01-24 14:13:20,798 [Command processor thread] INFO server.RaftServer: f4237e1d-923e-45d5-a5dd-2e8cbf004328: addNew group-D2DB511E16D5:[abdd3d48-a3fb-42e5-bd4c-cbb9b1dc955a|rpc:10.5.0.5:9858|priority:0, f4237e1d-923e-45d5-a5dd-2e8cbf004328|rpc:10.5.0.9:9858|priority:0, 6b63ac85-4f29-4482-bb7d-f96a0a1f211d|rpc:10.5.0.7:9858|priority:1] returns group-D2DB511E16D5:java.util.concurrent.CompletableFuture@2e22f5fb[Not completed]
datanode_3_1  | 2021-01-24 14:13:21,100 [pool-19-thread-1] INFO server.RaftServerConfigKeys: raft.server.log.corruption.policy = EXCEPTION (default)
datanode_3_1  | 2021-01-24 14:13:21,104 [pool-19-thread-1] INFO storage.RaftStorageDirectory: The storage directory /data/metadata/ratis/5efd3571-e1ef-4c97-bcbc-38b18ab63057 does not exist. Creating ...
datanode_3_1  | 2021-01-24 14:13:21,156 [pool-19-thread-1] INFO storage.RaftStorageDirectory: Lock on /data/metadata/ratis/5efd3571-e1ef-4c97-bcbc-38b18ab63057/in_use.lock acquired by nodename 6@87d88632dfde
datanode_3_1  | 2021-01-24 14:13:21,192 [pool-19-thread-1] INFO storage.RaftStorage: Storage directory /data/metadata/ratis/5efd3571-e1ef-4c97-bcbc-38b18ab63057 has been successfully formatted.
datanode_3_1  | 2021-01-24 14:13:21,245 [pool-19-thread-1] INFO ratis.ContainerStateMachine: group-38B18AB63057: The snapshot info is null. Setting the last applied indexto:(t:0, i:~)
datanode_3_1  | 2021-01-24 14:13:21,250 [pool-19-thread-1] ERROR storage.RaftStorage: Failed reading configuration from file:/data/metadata/ratis/5efd3571-e1ef-4c97-bcbc-38b18ab63057/current/raft-meta.conf
datanode_3_1  | java.io.FileNotFoundException: /data/metadata/ratis/5efd3571-e1ef-4c97-bcbc-38b18ab63057/current/raft-meta.conf (No such file or directory)
datanode_3_1  | 	at java.base/java.io.FileInputStream.open0(Native Method)
datanode_3_1  | 	at java.base/java.io.FileInputStream.open(FileInputStream.java:219)
datanode_3_1  | 	at java.base/java.io.FileInputStream.<init>(FileInputStream.java:157)
scm_1         | 2021-01-24 14:13:17,095 [Listener at 0.0.0.0/9860] INFO impl.MetricsSystemImpl: Registered sink prometheus
datanode_3_1  | 	at org.apache.ratis.server.storage.RaftStorageImpl.readRaftConfiguration(RaftStorageImpl.java:143)
datanode_3_1  | 	at org.apache.ratis.server.impl.ServerState.<init>(ServerState.java:113)
datanode_3_1  | 	at org.apache.ratis.server.impl.RaftServerImpl.<init>(RaftServerImpl.java:192)
datanode_6_1  | 2021-01-24 14:13:20,942 [pool-19-thread-1] INFO server.RaftServer$Division: f4237e1d-923e-45d5-a5dd-2e8cbf004328: new RaftServerImpl for group-D2DB511E16D5:[abdd3d48-a3fb-42e5-bd4c-cbb9b1dc955a|rpc:10.5.0.5:9858|priority:0, f4237e1d-923e-45d5-a5dd-2e8cbf004328|rpc:10.5.0.9:9858|priority:0, 6b63ac85-4f29-4482-bb7d-f96a0a1f211d|rpc:10.5.0.7:9858|priority:1] with ContainerStateMachine:uninitialized
om_1          | 2021-01-24 14:13:37,660 [main] INFO server.RaftServerConfigKeys: raft.server.rpc.request.timeout = 3000ms (default)
om_1          | 2021-01-24 14:13:38,363 [main] INFO impl.DataStreamServerImpl: raft.datastream.type = DISABLED (default)
om_1          | 2021-01-24 14:13:38,365 [main] INFO server.RaftServerConfigKeys: raft.server.rpc.slowness.timeout = 120s (custom)
om_1          | 2021-01-24 14:13:38,368 [main] INFO server.RaftServerConfigKeys: raft.server.leaderelection.leader.step-down.wait-time = 10s (default)
scm_1         | 2021-01-24 14:13:17,115 [Listener at 0.0.0.0/9860] INFO http.BaseHttpServer: HTTP server of scm listening at http://0.0.0.0:9876
datanode_1_1  | 2021-01-24 14:13:27,745 [Thread-23] INFO impl.FollowerState: 8b64e79a-4e0c-48eb-b8f3-af4abacd13b4@group-38B18AB63057-FollowerState was interrupted: {}
datanode_1_1  | java.lang.InterruptedException: sleep interrupted
datanode_1_1  | 	at java.base/java.lang.Thread.sleep(Native Method)
datanode_1_1  | 	at java.base/java.lang.Thread.sleep(Thread.java:339)
datanode_1_1  | 	at java.base/java.util.concurrent.TimeUnit.sleep(TimeUnit.java:446)
scm_1         | 2021-01-24 14:13:17,040 [IPC Server handler 6 on default port 9861] INFO net.NetworkTopologyImpl: Added a new node: /rack2/6b63ac85-4f29-4482-bb7d-f96a0a1f211d
scm_1         | 2021-01-24 14:13:17,134 [IPC Server handler 6 on default port 9861] INFO node.SCMNodeManager: Registered Data node : 6b63ac85-4f29-4482-bb7d-f96a0a1f211d{ip: 10.5.0.7, host: ozone-topology_datanode_4_1.ozone-topology_net, networkLocation: /rack2, certSerialId: null, persistedOpState: IN_SERVICE, persistedOpStateExpiryEpochSec: 0}
scm_1         | 2021-01-24 14:13:17,203 [IPC Server handler 5 on default port 9861] INFO node.SCMNodeManager: Registered Data node : b7cd138d-eb10-44bf-af30-c77e05948ec3{ip: 10.5.0.8, host: ozone-topology_datanode_5_1.ozone-topology_net, networkLocation: /rack2, certSerialId: null, persistedOpState: IN_SERVICE, persistedOpStateExpiryEpochSec: 0}
datanode_1_1  | 	at org.apache.ratis.util.TimeDuration.sleep(TimeDuration.java:324)
datanode_1_1  | 	at org.apache.ratis.util.TimeDuration.sleep(TimeDuration.java:309)
om_1          | 2021-01-24 14:13:38,397 [main] INFO server.RaftServerConfigKeys: raft.server.storage.dir = [/data/metadata/ratis] (custom)
om_1          | 2021-01-24 14:13:38,421 [main] INFO server.RaftServer: om1: addNew group-C5BA1605619E:[om1|rpc:om:9872|priority:0] returns group-C5BA1605619E:java.util.concurrent.CompletableFuture@79349b61[Not completed]
datanode_5_1  | 	at java.base/java.io.FileInputStream.<init>(FileInputStream.java:157)
datanode_5_1  | 	at org.apache.ratis.server.storage.RaftStorageImpl.readRaftConfiguration(RaftStorageImpl.java:143)
datanode_5_1  | 	at org.apache.ratis.server.impl.ServerState.<init>(ServerState.java:113)
om_1          | 2021-01-24 14:13:38,421 [main] INFO om.OzoneManager: OzoneManager Ratis server initialized at port 9872
om_1          | 2021-01-24 14:13:38,637 [pool-17-thread-1] INFO server.RaftServer$Division: om1: new RaftServerImpl for group-C5BA1605619E:[om1|rpc:om:9872|priority:0] with OzoneManagerStateMachine:uninitialized
om_1          | 2021-01-24 14:13:38,658 [pool-17-thread-1] INFO server.RaftServerConfigKeys: raft.server.rpc.timeout.min = 1s (custom)
om_1          | 2021-01-24 14:13:38,663 [pool-17-thread-1] INFO server.RaftServerConfigKeys: raft.server.rpc.timeout.max = 1200ms (custom)
datanode_6_1  | 2021-01-24 14:13:20,948 [pool-19-thread-1] INFO server.RaftServerConfigKeys: raft.server.rpc.timeout.min = 5s (custom)
datanode_6_1  | 2021-01-24 14:13:20,960 [pool-19-thread-1] INFO server.RaftServerConfigKeys: raft.server.rpc.timeout.max = 5200ms (custom)
datanode_6_1  | 2021-01-24 14:13:20,960 [pool-19-thread-1] INFO server.RaftServerConfigKeys: raft.server.rpc.sleep.time = 25ms (default)
om_1          | 2021-01-24 14:13:38,665 [pool-17-thread-1] INFO server.RaftServerConfigKeys: raft.server.rpc.sleep.time = 25ms (default)
om_1          | 2021-01-24 14:13:38,665 [pool-17-thread-1] INFO server.RaftServerConfigKeys: raft.server.rpc.slowness.timeout = 120s (custom)
datanode_4_1  | 2021-01-24 14:13:25,997 [pool-19-thread-1] INFO ratis.ContainerStateMachine: group-D2DB511E16D5: The snapshot info is null. Setting the last applied indexto:(t:0, i:~)
datanode_4_1  | 2021-01-24 14:13:26,001 [pool-19-thread-1] ERROR storage.RaftStorage: Failed reading configuration from file:/data/metadata/ratis/529ded7e-b6bd-4aef-a780-d2db511e16d5/current/raft-meta.conf
datanode_1_1  | 	at org.apache.ratis.server.impl.FollowerState.run(FollowerState.java:117)
datanode_6_1  | 2021-01-24 14:13:20,960 [pool-19-thread-1] INFO server.RaftServerConfigKeys: raft.server.rpc.slowness.timeout = 300s (custom)
datanode_6_1  | 2021-01-24 14:13:20,963 [pool-19-thread-1] INFO server.RaftServerConfigKeys: raft.server.leaderelection.leader.step-down.wait-time = 10s (default)
datanode_6_1  | 2021-01-24 14:13:20,965 [pool-19-thread-1] INFO server.RaftServerConfigKeys: raft.server.sleep.deviation.threshold = 300ms (default)
datanode_2_1  | 	at org.apache.ratis.server.impl.ServerState.<init>(ServerState.java:113)
datanode_2_1  | 	at org.apache.ratis.server.impl.RaftServerImpl.<init>(RaftServerImpl.java:192)
datanode_2_1  | 	at org.apache.ratis.server.impl.RaftServerProxy.lambda$newRaftServerImpl$4(RaftServerProxy.java:266)
datanode_2_1  | 	at java.base/java.util.concurrent.CompletableFuture$AsyncSupply.run(CompletableFuture.java:1700)
datanode_6_1  | 2021-01-24 14:13:20,966 [pool-19-thread-1] INFO server.RaftServerConfigKeys: raft.server.log.appender.install.snapshot.enabled = false (custom)
scm_1         | 2021-01-24 14:13:17,353 [EventQueue-NodeRegistrationContainerReportForContainerSafeModeRule] INFO safemode.SCMSafeModeManager: ContainerSafeModeRule rule is successfully validated
scm_1         | 2021-01-24 14:13:17,450 [org.apache.hadoop.util.JvmPauseMonitor$Monitor@7b1c501d] INFO util.JvmPauseMonitor: Starting JVM pause monitor
scm_1         | 2021-01-24 14:13:17,598 [EventQueue-NodeRegistrationContainerReportForContainerSafeModeRule] INFO safemode.SCMSafeModeManager: ContainerSafeModeRule rule is successfully validated
datanode_3_1  | 	at org.apache.ratis.server.impl.RaftServerProxy.lambda$newRaftServerImpl$4(RaftServerProxy.java:266)
datanode_3_1  | 	at java.base/java.util.concurrent.CompletableFuture$AsyncSupply.run(CompletableFuture.java:1700)
datanode_3_1  | 	at java.base/java.util.concurrent.ThreadPoolExecutor.runWorker(ThreadPoolExecutor.java:1128)
datanode_6_1  | 2021-01-24 14:13:20,986 [pool-19-thread-1] INFO server.RaftServer$Division: f4237e1d-923e-45d5-a5dd-2e8cbf004328@group-D2DB511E16D5: ConfigurationManager, init=-1: [abdd3d48-a3fb-42e5-bd4c-cbb9b1dc955a|rpc:10.5.0.5:9858|priority:0, f4237e1d-923e-45d5-a5dd-2e8cbf004328|rpc:10.5.0.9:9858|priority:0, 6b63ac85-4f29-4482-bb7d-f96a0a1f211d|rpc:10.5.0.7:9858|priority:1], old=null, confs=<EMPTY_MAP>
datanode_4_1  | java.io.FileNotFoundException: /data/metadata/ratis/529ded7e-b6bd-4aef-a780-d2db511e16d5/current/raft-meta.conf (No such file or directory)
datanode_6_1  | 2021-01-24 14:13:21,001 [pool-19-thread-1] INFO server.RaftServerConfigKeys: raft.server.storage.dir = [/data/metadata/ratis] (custom)
datanode_6_1  | 2021-01-24 14:13:21,025 [pool-19-thread-1] INFO server.RaftServerConfigKeys: raft.server.log.corruption.policy = EXCEPTION (default)
datanode_1_1  | 2021-01-24 14:13:27,781 [grpc-default-executor-0] INFO server.RaftServer$Division:  FOLLOWER 8b64e79a-4e0c-48eb-b8f3-af4abacd13b4@group-38B18AB63057:t1, leader=null, voted=null, raftlog=8b64e79a-4e0c-48eb-b8f3-af4abacd13b4@group-38B18AB63057-SegmentedRaftLog:OPENED:c-1,f-1,i0, conf=-1: [b7cd138d-eb10-44bf-af30-c77e05948ec3|rpc:10.5.0.8:9858|dataStream:|priority:0, c7ea541f-dfa1-4d63-81a0-bbb99212b4d8|rpc:10.5.0.6:9858|dataStream:|priority:1, 8b64e79a-4e0c-48eb-b8f3-af4abacd13b4|rpc:10.5.0.4:9858|dataStream:|priority:0], old=null RUNNING priority:0 candidate:c7ea541f-dfa1-4d63-81a0-bbb99212b4d8|rpc:10.5.0.6:9858|dataStream:|priority:1 candidatePriority:1 compare:0
datanode_1_1  | 2021-01-24 14:13:28,679 [grpc-default-executor-0] INFO ratis.XceiverServerRatis: Leader change notification received for group: group-38B18AB63057 with new leaderId: c7ea541f-dfa1-4d63-81a0-bbb99212b4d8
datanode_1_1  | 2021-01-24 14:13:28,683 [grpc-default-executor-0] INFO server.RaftServer$Division: 8b64e79a-4e0c-48eb-b8f3-af4abacd13b4@group-38B18AB63057: change Leader from null to c7ea541f-dfa1-4d63-81a0-bbb99212b4d8 at term 1 for appendEntries, leader elected after 2875ms
datanode_1_1  | 2021-01-24 14:13:28,824 [grpc-default-executor-0] INFO server.RaftServer$Division: 8b64e79a-4e0c-48eb-b8f3-af4abacd13b4@group-38B18AB63057: set configuration 0: [b7cd138d-eb10-44bf-af30-c77e05948ec3|rpc:10.5.0.8:9858|dataStream:|priority:0, c7ea541f-dfa1-4d63-81a0-bbb99212b4d8|rpc:10.5.0.6:9858|dataStream:|priority:1, 8b64e79a-4e0c-48eb-b8f3-af4abacd13b4|rpc:10.5.0.4:9858|dataStream:|priority:0], old=null
datanode_1_1  | 2021-01-24 14:13:28,861 [grpc-default-executor-0] INFO segmented.SegmentedRaftLogWorker: 8b64e79a-4e0c-48eb-b8f3-af4abacd13b4@group-38B18AB63057-SegmentedRaftLogWorker: Starting segment from index:0
datanode_5_1  | 	at org.apache.ratis.server.impl.RaftServerImpl.<init>(RaftServerImpl.java:192)
datanode_5_1  | 	at org.apache.ratis.server.impl.RaftServerProxy.lambda$newRaftServerImpl$4(RaftServerProxy.java:266)
om_1          | 2021-01-24 14:13:38,667 [pool-17-thread-1] INFO server.RaftServerConfigKeys: raft.server.leaderelection.leader.step-down.wait-time = 10s (default)
datanode_1_1  | 2021-01-24 14:13:29,200 [8b64e79a-4e0c-48eb-b8f3-af4abacd13b4@group-38B18AB63057-SegmentedRaftLogWorker] INFO segmented.SegmentedRaftLogWorker: 8b64e79a-4e0c-48eb-b8f3-af4abacd13b4@group-38B18AB63057-SegmentedRaftLogWorker: created new log segment /data/metadata/ratis/5efd3571-e1ef-4c97-bcbc-38b18ab63057/current/log_inprogress_0
datanode_1_1  | 2021-01-24 14:13:31,212 [grpc-default-executor-0] INFO server.RaftServer: 8b64e79a-4e0c-48eb-b8f3-af4abacd13b4: addNew group-E2692D7D4CC3:[f4237e1d-923e-45d5-a5dd-2e8cbf004328|rpc:10.5.0.9:9858|dataStream:|priority:0, 8b64e79a-4e0c-48eb-b8f3-af4abacd13b4|rpc:10.5.0.4:9858|dataStream:|priority:1, 6b63ac85-4f29-4482-bb7d-f96a0a1f211d|rpc:10.5.0.7:9858|dataStream:|priority:0] returns group-E2692D7D4CC3:java.util.concurrent.CompletableFuture@5db51281[Not completed]
datanode_1_1  | 2021-01-24 14:13:31,223 [pool-19-thread-1] INFO server.RaftServer$Division: 8b64e79a-4e0c-48eb-b8f3-af4abacd13b4: new RaftServerImpl for group-E2692D7D4CC3:[f4237e1d-923e-45d5-a5dd-2e8cbf004328|rpc:10.5.0.9:9858|dataStream:|priority:0, 8b64e79a-4e0c-48eb-b8f3-af4abacd13b4|rpc:10.5.0.4:9858|dataStream:|priority:1, 6b63ac85-4f29-4482-bb7d-f96a0a1f211d|rpc:10.5.0.7:9858|dataStream:|priority:0] with ContainerStateMachine:uninitialized
scm_1         | 2021-01-24 14:13:17,353 [EventQueue-NodeRegistrationContainerReportForDataNodeSafeModeRule] INFO safemode.SCMSafeModeManager: SCM in safe mode. 1 DataNodes registered, 4 required.
scm_1         | 2021-01-24 14:13:17,598 [EventQueue-NodeRegistrationContainerReportForDataNodeSafeModeRule] INFO safemode.SCMSafeModeManager: SCM in safe mode. 2 DataNodes registered, 4 required.
scm_1         | 2021-01-24 14:13:17,670 [IPC Server handler 2 on default port 9861] INFO net.NetworkTopologyImpl: Added a new node: /rack1/abdd3d48-a3fb-42e5-bd4c-cbb9b1dc955a
scm_1         | 2021-01-24 14:13:17,670 [IPC Server handler 2 on default port 9861] INFO node.SCMNodeManager: Registered Data node : abdd3d48-a3fb-42e5-bd4c-cbb9b1dc955a{ip: 10.5.0.5, host: ozone-topology_datanode_2_1.ozone-topology_net, networkLocation: /rack1, certSerialId: null, persistedOpState: IN_SERVICE, persistedOpStateExpiryEpochSec: 0}
scm_1         | 2021-01-24 14:13:17,672 [EventQueue-NodeRegistrationContainerReportForContainerSafeModeRule] INFO safemode.SCMSafeModeManager: ContainerSafeModeRule rule is successfully validated
scm_1         | 2021-01-24 14:13:17,855 [EventQueue-PipelineReportForOneReplicaPipelineSafeModeRule] INFO safemode.SCMSafeModeManager: AtleastOneDatanodeReportedRule rule is successfully validated
scm_1         | 2021-01-24 14:13:17,855 [IPC Server handler 4 on default port 9861] INFO net.NetworkTopologyImpl: Added a new node: /rack1/8b64e79a-4e0c-48eb-b8f3-af4abacd13b4
scm_1         | 2021-01-24 14:13:17,856 [IPC Server handler 4 on default port 9861] INFO node.SCMNodeManager: Registered Data node : 8b64e79a-4e0c-48eb-b8f3-af4abacd13b4{ip: 10.5.0.4, host: ozone-topology_datanode_1_1.ozone-topology_net, networkLocation: /rack1, certSerialId: null, persistedOpState: IN_SERVICE, persistedOpStateExpiryEpochSec: 0}
scm_1         | 2021-01-24 14:13:17,859 [EventQueue-PipelineReportForOneReplicaPipelineSafeModeRule] INFO safemode.SCMSafeModeManager: AtleastOneDatanodeReportedRule rule is successfully validated
scm_1         | 2021-01-24 14:13:17,868 [EventQueue-PipelineReportForOneReplicaPipelineSafeModeRule] INFO safemode.SCMSafeModeManager: AtleastOneDatanodeReportedRule rule is successfully validated
scm_1         | 2021-01-24 14:13:17,869 [EventQueue-PipelineReportForOneReplicaPipelineSafeModeRule] INFO safemode.SCMSafeModeManager: AtleastOneDatanodeReportedRule rule is successfully validated
om_1          | 2021-01-24 14:13:38,667 [pool-17-thread-1] INFO server.RaftServerConfigKeys: raft.server.sleep.deviation.threshold = 300ms (default)
om_1          | 2021-01-24 14:13:38,668 [pool-17-thread-1] INFO server.RaftServerConfigKeys: raft.server.log.appender.install.snapshot.enabled = false (custom)
om_1          | 2021-01-24 14:13:38,691 [pool-17-thread-1] INFO server.RaftServer$Division: om1@group-C5BA1605619E: ConfigurationManager, init=-1: [om1|rpc:om:9872|priority:0], old=null, confs=<EMPTY_MAP>
om_1          | 2021-01-24 14:13:38,693 [pool-17-thread-1] INFO server.RaftServerConfigKeys: raft.server.storage.dir = [/data/metadata/ratis] (custom)
om_1          | 2021-01-24 14:13:38,859 [main] INFO ipc.CallQueueManager: Using callQueue: class java.util.concurrent.LinkedBlockingQueue, queueCapacity: 10000, scheduler: class org.apache.hadoop.ipc.DefaultRpcScheduler, ipcBackoff: false.
om_1          | 2021-01-24 14:13:38,876 [pool-17-thread-1] INFO server.RaftServerConfigKeys: raft.server.log.corruption.policy = EXCEPTION (default)
om_1          | 2021-01-24 14:13:38,881 [pool-17-thread-1] INFO storage.RaftStorageDirectory: The storage directory /data/metadata/ratis/bf265839-605b-3f16-9796-c5ba1605619e does not exist. Creating ...
om_1          | 2021-01-24 14:13:38,928 [Socket Reader #1 for port 9862] INFO ipc.Server: Starting Socket Reader #1 for port 9862
om_1          | 2021-01-24 14:13:38,932 [pool-17-thread-1] INFO storage.RaftStorageDirectory: Lock on /data/metadata/ratis/bf265839-605b-3f16-9796-c5ba1605619e/in_use.lock acquired by nodename 6@ddb2a8b3799a
datanode_3_1  | 	at java.base/java.util.concurrent.ThreadPoolExecutor$Worker.run(ThreadPoolExecutor.java:628)
datanode_3_1  | 	at java.base/java.lang.Thread.run(Thread.java:834)
datanode_3_1  | 2021-01-24 14:13:21,267 [pool-19-thread-1] INFO server.RaftServerConfigKeys: raft.server.notification.no-leader.timeout = 300s (custom)
datanode_2_1  | 	at java.base/java.util.concurrent.ThreadPoolExecutor.runWorker(ThreadPoolExecutor.java:1128)
datanode_1_1  | 2021-01-24 14:13:31,223 [pool-19-thread-1] INFO server.RaftServerConfigKeys: raft.server.rpc.timeout.min = 5s (custom)
datanode_1_1  | 2021-01-24 14:13:31,224 [pool-19-thread-1] INFO server.RaftServerConfigKeys: raft.server.rpc.timeout.max = 5200ms (custom)
datanode_1_1  | 2021-01-24 14:13:31,224 [pool-19-thread-1] INFO server.RaftServerConfigKeys: raft.server.rpc.sleep.time = 25ms (default)
datanode_1_1  | 2021-01-24 14:13:31,224 [pool-19-thread-1] INFO server.RaftServerConfigKeys: raft.server.rpc.slowness.timeout = 300s (custom)
datanode_3_1  | 2021-01-24 14:13:21,350 [pool-19-thread-1] INFO server.RaftServerConfigKeys: raft.server.log.use.memory = false (default)
datanode_3_1  | 2021-01-24 14:13:21,486 [pool-19-thread-1] INFO server.RaftServerConfigKeys: raft.server.log.purge.gap = 1000000 (custom)
datanode_3_1  | 2021-01-24 14:13:21,486 [pool-19-thread-1] INFO server.RaftServerConfigKeys: raft.server.log.appender.buffer.byte-limit = 33554432 (custom)
om_1          | 2021-01-24 14:13:39,069 [pool-17-thread-1] INFO storage.RaftStorage: Storage directory /data/metadata/ratis/bf265839-605b-3f16-9796-c5ba1605619e has been successfully formatted.
datanode_1_1  | 2021-01-24 14:13:31,224 [pool-19-thread-1] INFO server.RaftServerConfigKeys: raft.server.leaderelection.leader.step-down.wait-time = 10s (default)
datanode_3_1  | 2021-01-24 14:13:21,536 [pool-19-thread-1] INFO metrics.RatisMetrics: Creating Metrics Registry : ratis.log_worker.c7ea541f-dfa1-4d63-81a0-bbb99212b4d8@group-38B18AB63057
datanode_3_1  | 2021-01-24 14:13:21,593 [pool-19-thread-1] INFO server.RaftServerConfigKeys: raft.server.log.segment.size.max = 1048576 (custom)
datanode_3_1  | 2021-01-24 14:13:21,644 [pool-19-thread-1] INFO server.RaftServerConfigKeys: raft.server.log.segment.cache.num.max = 2 (custom)
om_1          | 2021-01-24 14:13:39,090 [pool-17-thread-1] ERROR storage.RaftStorage: Failed reading configuration from file:/data/metadata/ratis/bf265839-605b-3f16-9796-c5ba1605619e/current/raft-meta.conf
om_1          | java.io.FileNotFoundException: /data/metadata/ratis/bf265839-605b-3f16-9796-c5ba1605619e/current/raft-meta.conf (No such file or directory)
datanode_2_1  | 	at java.base/java.util.concurrent.ThreadPoolExecutor$Worker.run(ThreadPoolExecutor.java:628)
datanode_2_1  | 	at java.base/java.lang.Thread.run(Thread.java:834)
datanode_2_1  | 2021-01-24 14:13:30,669 [pool-19-thread-1] INFO server.RaftServerConfigKeys: raft.server.notification.no-leader.timeout = 300s (custom)
datanode_4_1  | 	at java.base/java.io.FileInputStream.open0(Native Method)
datanode_4_1  | 	at java.base/java.io.FileInputStream.open(FileInputStream.java:219)
om_1          | 	at java.base/java.io.FileInputStream.open0(Native Method)
datanode_1_1  | 2021-01-24 14:13:31,226 [pool-19-thread-1] INFO server.RaftServerConfigKeys: raft.server.sleep.deviation.threshold = 300ms (default)
datanode_1_1  | 2021-01-24 14:13:31,227 [pool-19-thread-1] INFO server.RaftServerConfigKeys: raft.server.log.appender.install.snapshot.enabled = false (custom)
datanode_1_1  | 2021-01-24 14:13:31,227 [pool-19-thread-1] INFO server.RaftServer$Division: 8b64e79a-4e0c-48eb-b8f3-af4abacd13b4@group-E2692D7D4CC3: ConfigurationManager, init=-1: [f4237e1d-923e-45d5-a5dd-2e8cbf004328|rpc:10.5.0.9:9858|dataStream:|priority:0, 8b64e79a-4e0c-48eb-b8f3-af4abacd13b4|rpc:10.5.0.4:9858|dataStream:|priority:1, 6b63ac85-4f29-4482-bb7d-f96a0a1f211d|rpc:10.5.0.7:9858|dataStream:|priority:0], old=null, confs=<EMPTY_MAP>
datanode_5_1  | 	at java.base/java.util.concurrent.CompletableFuture$AsyncSupply.run(CompletableFuture.java:1700)
om_1          | 	at java.base/java.io.FileInputStream.open(FileInputStream.java:219)
datanode_2_1  | 2021-01-24 14:13:30,669 [pool-19-thread-1] INFO server.RaftServerConfigKeys: raft.server.log.use.memory = false (default)
datanode_2_1  | 2021-01-24 14:13:30,669 [pool-19-thread-1] INFO server.RaftServerConfigKeys: raft.server.log.purge.gap = 1000000 (custom)
datanode_2_1  | 2021-01-24 14:13:30,672 [pool-19-thread-1] INFO server.RaftServerConfigKeys: raft.server.log.appender.buffer.byte-limit = 33554432 (custom)
datanode_3_1  | 2021-01-24 14:13:21,645 [pool-19-thread-1] INFO server.RaftServerConfigKeys: raft.server.log.segment.cache.size.max = 200MB (=209715200) (default)
scm_1         | 2021-01-24 14:13:17,872 [EventQueue-NodeRegistrationContainerReportForContainerSafeModeRule] INFO safemode.SCMSafeModeManager: ContainerSafeModeRule rule is successfully validated
datanode_6_1  | 2021-01-24 14:13:21,048 [pool-19-thread-1] INFO storage.RaftStorageDirectory: The storage directory /data/metadata/ratis/529ded7e-b6bd-4aef-a780-d2db511e16d5 does not exist. Creating ...
datanode_6_1  | 2021-01-24 14:13:21,086 [pool-19-thread-1] INFO storage.RaftStorageDirectory: Lock on /data/metadata/ratis/529ded7e-b6bd-4aef-a780-d2db511e16d5/in_use.lock acquired by nodename 6@514a7937bfe3
datanode_6_1  | 2021-01-24 14:13:21,119 [pool-19-thread-1] INFO storage.RaftStorage: Storage directory /data/metadata/ratis/529ded7e-b6bd-4aef-a780-d2db511e16d5 has been successfully formatted.
scm_1         | 2021-01-24 14:13:17,998 [EventQueue-NodeRegistrationContainerReportForDataNodeSafeModeRule] INFO safemode.SCMSafeModeManager: SCM in safe mode. 3 DataNodes registered, 4 required.
datanode_1_1  | 2021-01-24 14:13:31,231 [pool-19-thread-1] INFO server.RaftServerConfigKeys: raft.server.storage.dir = [/data/metadata/ratis] (custom)
scm_1         | 2021-01-24 14:13:17,999 [EventQueue-NodeRegistrationContainerReportForDataNodeSafeModeRule] INFO safemode.SCMSafeModeManager: SCM in safe mode. 4 DataNodes registered, 4 required.
datanode_3_1  | 2021-01-24 14:13:21,673 [pool-19-thread-1] INFO segmented.SegmentedRaftLogWorker: new c7ea541f-dfa1-4d63-81a0-bbb99212b4d8@group-38B18AB63057-SegmentedRaftLogWorker for RaftStorageImpl:Storage Directory /data/metadata/ratis/5efd3571-e1ef-4c97-bcbc-38b18ab63057
om_1          | 	at java.base/java.io.FileInputStream.<init>(FileInputStream.java:157)
om_1          | 	at org.apache.ratis.server.storage.RaftStorageImpl.readRaftConfiguration(RaftStorageImpl.java:143)
datanode_1_1  | 2021-01-24 14:13:31,234 [pool-19-thread-1] INFO server.RaftServerConfigKeys: raft.server.log.corruption.policy = EXCEPTION (default)
datanode_5_1  | 	at java.base/java.util.concurrent.ThreadPoolExecutor.runWorker(ThreadPoolExecutor.java:1128)
datanode_2_1  | 2021-01-24 14:13:30,673 [pool-19-thread-1] INFO metrics.RatisMetrics: Creating Metrics Registry : ratis.log_worker.abdd3d48-a3fb-42e5-bd4c-cbb9b1dc955a@group-15C995BB3AD1
datanode_3_1  | 2021-01-24 14:13:21,673 [pool-19-thread-1] INFO server.RaftServerConfigKeys: raft.server.log.queue.byte-limit = 2147483647 (custom)
om_1          | 	at org.apache.ratis.server.impl.ServerState.<init>(ServerState.java:113)
om_1          | 	at org.apache.ratis.server.impl.RaftServerImpl.<init>(RaftServerImpl.java:192)
om_1          | 	at org.apache.ratis.server.impl.RaftServerProxy.lambda$newRaftServerImpl$4(RaftServerProxy.java:266)
datanode_1_1  | 2021-01-24 14:13:31,243 [pool-19-thread-1] INFO storage.RaftStorageDirectory: The storage directory /data/metadata/ratis/ff85c4cb-3d6a-4a52-8d34-e2692d7d4cc3 does not exist. Creating ...
datanode_1_1  | 2021-01-24 14:13:31,246 [pool-19-thread-1] INFO storage.RaftStorageDirectory: Lock on /data/metadata/ratis/ff85c4cb-3d6a-4a52-8d34-e2692d7d4cc3/in_use.lock acquired by nodename 6@6f8b8579ad7f
datanode_1_1  | 2021-01-24 14:13:31,251 [pool-19-thread-1] INFO storage.RaftStorage: Storage directory /data/metadata/ratis/ff85c4cb-3d6a-4a52-8d34-e2692d7d4cc3 has been successfully formatted.
datanode_2_1  | 2021-01-24 14:13:30,673 [pool-19-thread-1] INFO server.RaftServerConfigKeys: raft.server.log.segment.size.max = 1048576 (custom)
datanode_3_1  | 2021-01-24 14:13:21,673 [pool-19-thread-1] INFO server.RaftServerConfigKeys: raft.server.log.queue.element-limit = 1024 (custom)
datanode_3_1  | 2021-01-24 14:13:21,674 [pool-19-thread-1] INFO server.RaftServerConfigKeys: raft.server.log.segment.size.max = 1048576 (custom)
datanode_3_1  | 2021-01-24 14:13:21,689 [pool-19-thread-1] INFO server.RaftServerConfigKeys: raft.server.log.preallocated.size = 16384 (custom)
datanode_3_1  | 2021-01-24 14:13:21,690 [pool-19-thread-1] INFO server.RaftServerConfigKeys: raft.server.log.force.sync.num = 128 (default)
datanode_3_1  | 2021-01-24 14:13:21,691 [pool-19-thread-1] INFO server.RaftServerConfigKeys: raft.server.log.statemachine.data.sync = true (default)
datanode_3_1  | 2021-01-24 14:13:21,691 [pool-19-thread-1] INFO server.RaftServerConfigKeys: raft.server.log.statemachine.data.sync.timeout = 10s (default)
datanode_1_1  | 2021-01-24 14:13:31,252 [pool-19-thread-1] INFO ratis.ContainerStateMachine: group-E2692D7D4CC3: The snapshot info is null. Setting the last applied indexto:(t:0, i:~)
datanode_2_1  | 2021-01-24 14:13:30,675 [pool-19-thread-1] INFO server.RaftServerConfigKeys: raft.server.log.segment.cache.num.max = 2 (custom)
datanode_6_1  | 2021-01-24 14:13:21,182 [pool-19-thread-1] INFO ratis.ContainerStateMachine: group-D2DB511E16D5: The snapshot info is null. Setting the last applied indexto:(t:0, i:~)
datanode_5_1  | 	at java.base/java.util.concurrent.ThreadPoolExecutor$Worker.run(ThreadPoolExecutor.java:628)
datanode_2_1  | 2021-01-24 14:13:30,675 [pool-19-thread-1] INFO server.RaftServerConfigKeys: raft.server.log.segment.cache.size.max = 200MB (=209715200) (default)
datanode_2_1  | 2021-01-24 14:13:30,675 [pool-19-thread-1] INFO segmented.SegmentedRaftLogWorker: new abdd3d48-a3fb-42e5-bd4c-cbb9b1dc955a@group-15C995BB3AD1-SegmentedRaftLogWorker for RaftStorageImpl:Storage Directory /data/metadata/ratis/7221c645-8820-44dc-802f-15c995bb3ad1
om_1          | 	at java.base/java.util.concurrent.CompletableFuture$AsyncSupply.run(CompletableFuture.java:1700)
om_1          | 	at java.base/java.util.concurrent.ThreadPoolExecutor.runWorker(ThreadPoolExecutor.java:1128)
om_1          | 	at java.base/java.util.concurrent.ThreadPoolExecutor$Worker.run(ThreadPoolExecutor.java:628)
om_1          | 	at java.base/java.lang.Thread.run(Thread.java:834)
om_1          | 2021-01-24 14:13:39,114 [pool-17-thread-1] INFO server.RaftServerConfigKeys: raft.server.notification.no-leader.timeout = 120s (custom)
om_1          | 2021-01-24 14:13:39,135 [pool-17-thread-1] INFO server.RaftServerConfigKeys: raft.server.log.use.memory = false (default)
om_1          | 2021-01-24 14:13:39,234 [pool-17-thread-1] INFO server.RaftServerConfigKeys: raft.server.log.purge.gap = 1000000 (custom)
datanode_1_1  | 2021-01-24 14:13:31,253 [pool-19-thread-1] ERROR storage.RaftStorage: Failed reading configuration from file:/data/metadata/ratis/ff85c4cb-3d6a-4a52-8d34-e2692d7d4cc3/current/raft-meta.conf
datanode_6_1  | 2021-01-24 14:13:21,183 [pool-19-thread-1] ERROR storage.RaftStorage: Failed reading configuration from file:/data/metadata/ratis/529ded7e-b6bd-4aef-a780-d2db511e16d5/current/raft-meta.conf
datanode_6_1  | java.io.FileNotFoundException: /data/metadata/ratis/529ded7e-b6bd-4aef-a780-d2db511e16d5/current/raft-meta.conf (No such file or directory)
datanode_6_1  | 	at java.base/java.io.FileInputStream.open0(Native Method)
datanode_2_1  | 2021-01-24 14:13:30,676 [pool-19-thread-1] INFO server.RaftServerConfigKeys: raft.server.log.queue.byte-limit = 2147483647 (custom)
datanode_2_1  | 2021-01-24 14:13:30,682 [pool-19-thread-1] INFO server.RaftServerConfigKeys: raft.server.log.queue.element-limit = 1024 (custom)
datanode_2_1  | 2021-01-24 14:13:30,682 [pool-19-thread-1] INFO server.RaftServerConfigKeys: raft.server.log.segment.size.max = 1048576 (custom)
datanode_2_1  | 2021-01-24 14:13:30,682 [pool-19-thread-1] INFO server.RaftServerConfigKeys: raft.server.log.preallocated.size = 16384 (custom)
datanode_2_1  | 2021-01-24 14:13:30,683 [pool-19-thread-1] INFO server.RaftServerConfigKeys: raft.server.log.force.sync.num = 128 (default)
scm_1         | 2021-01-24 14:13:17,999 [EventQueue-NodeRegistrationContainerReportForDataNodeSafeModeRule] INFO safemode.SCMSafeModeManager: DataNodeSafeModeRule rule is successfully validated
