datanode_1  | 2021-01-24 13:48:12,825 [grpc-default-executor-0] INFO server.RaftServer$Division: f336b28e-c359-404b-9f13-f11ee2b420d1@group-8B5F38039874 replies to pre-vote request: 4f3146b1-5ef2-441e-9cf8-086707503616<-f336b28e-c359-404b-9f13-f11ee2b420d1#0:FAIL-t0. Peer's state: f336b28e-c359-404b-9f13-f11ee2b420d1@group-8B5F38039874:t0, leader=null, voted=, raftlog=f336b28e-c359-404b-9f13-f11ee2b420d1@group-8B5F38039874-SegmentedRaftLog:OPENED:c-1,f-1,i0, conf=-1: [4f3146b1-5ef2-441e-9cf8-086707503616|rpc:172.21.0.6:9858|priority:0, f336b28e-c359-404b-9f13-f11ee2b420d1|rpc:172.21.0.5:9858|priority:1, e91979d1-6453-42ec-bbfd-4a8ee14e065e|rpc:172.21.0.8:9858|priority:0], old=null
scm_1       | 2021-01-24 13:48:12,324 [EventQueue-PipelineReportForOneReplicaPipelineSafeModeRule] INFO safemode.SCMSafeModeManager: AtleastOneDatanodeReportedRule rule is successfully validated
om_1        | 2021-01-24 13:48:22,307 [Listener at om/9862] INFO handler.ContextHandler: Started o.e.j.s.ServletContextHandler@7dee835{logs,/logs,file:///var/log/hadoop/,AVAILABLE}
datanode_3  | 	at java.base/java.io.FileInputStream.<init>(FileInputStream.java:157)
rm_1        | Jan 24, 2021 1:47:45 PM com.sun.jersey.guice.spi.container.GuiceComponentProviderFactory register
datanode_2  | 2021-01-24 13:48:11,312 [pool-19-thread-1] INFO server.RaftServerConfigKeys: raft.server.log.preallocated.size = 16384 (custom)
nm_1        | 2021-01-24 13:49:46 INFO  ShuffleHandler:671 - Added token for job_1611496057886_0001
datanode_1  | 2021-01-24 13:48:13,269 [Thread-21] INFO impl.FollowerState: f336b28e-c359-404b-9f13-f11ee2b420d1@group-E07B41D1A37E-FollowerState: change to CANDIDATE, lastRpcElapsedTime:5119634454ns, electionTimeout:5099ms
scm_1       | 2021-01-24 13:48:12,325 [EventQueue-OpenPipelineForHealthyPipelineSafeModeRule] INFO safemode.SCMSafeModeManager: SCM in safe mode. Healthy pipelines reported count is 0, required healthy pipeline reported count is 1
om_1        | 2021-01-24 13:48:22,308 [Listener at om/9862] INFO handler.ContextHandler: Started o.e.j.s.ServletContextHandler@21ea996f{static,/static,jar:file:/opt/hadoop/share/ozone/lib/hadoop-ozone-ozone-manager-1.1.0-SNAPSHOT.jar!/webapps/static,AVAILABLE}
datanode_3  | 	at org.apache.ratis.server.storage.RaftStorageImpl.readRaftConfiguration(RaftStorageImpl.java:143)
rm_1        | INFO: Registering org.apache.hadoop.yarn.server.resourcemanager.webapp.RMWebServices as a root resource class
datanode_2  | 2021-01-24 13:48:11,312 [pool-19-thread-1] INFO server.RaftServerConfigKeys: raft.server.log.force.sync.num = 128 (default)
nm_1        | 2021-01-24 13:49:46 INFO  ContainerImpl:1135 - Container container_1611496057886_0001_01_000003 transitioned from LOCALIZING to LOCALIZED
datanode_1  | 2021-01-24 13:48:13,273 [Thread-21] INFO impl.RoleInfo: f336b28e-c359-404b-9f13-f11ee2b420d1: shutdown f336b28e-c359-404b-9f13-f11ee2b420d1@group-E07B41D1A37E-FollowerState
scm_1       | 2021-01-24 13:48:13,334 [EventQueue-PipelineReportForOneReplicaPipelineSafeModeRule] INFO safemode.SCMSafeModeManager: AtleastOneDatanodeReportedRule rule is successfully validated
om_1        | 2021-01-24 13:48:22,385 [Thread-10] INFO impl.FollowerState: om1@group-C5BA1605619E-FollowerState: change to CANDIDATE, lastRpcElapsedTime:1087384967ns, electionTimeout:1056ms
datanode_3  | 	at org.apache.ratis.server.impl.ServerState.<init>(ServerState.java:113)
rm_1        | Jan 24, 2021 1:47:45 PM com.sun.jersey.guice.spi.container.GuiceComponentProviderFactory register
datanode_2  | 2021-01-24 13:48:11,313 [pool-19-thread-1] INFO server.RaftServerConfigKeys: raft.server.log.statemachine.data.sync = true (default)
nm_1        | 2021-01-24 13:49:46 INFO  ContainerImpl:1135 - Container container_1611496057886_0001_01_000003 transitioned from LOCALIZED to RUNNING
datanode_1  | 2021-01-24 13:48:13,279 [Thread-21] INFO server.RaftServer$Division: f336b28e-c359-404b-9f13-f11ee2b420d1@group-E07B41D1A37E: changes role from  FOLLOWER to CANDIDATE at term 0 for changeToCandidate
scm_1       | 2021-01-24 13:48:13,334 [EventQueue-OpenPipelineForHealthyPipelineSafeModeRule] INFO safemode.SCMSafeModeManager: SCM in safe mode. Healthy pipelines reported count is 0, required healthy pipeline reported count is 1
om_1        | 2021-01-24 13:48:22,386 [Thread-10] INFO impl.RoleInfo: om1: shutdown om1@group-C5BA1605619E-FollowerState
datanode_3  | 	at org.apache.ratis.server.impl.RaftServerImpl.<init>(RaftServerImpl.java:192)
rm_1        | INFO: Registering org.apache.hadoop.yarn.webapp.GenericExceptionHandler as a provider class
datanode_2  | 2021-01-24 13:48:11,313 [pool-19-thread-1] INFO server.RaftServerConfigKeys: raft.server.log.statemachine.data.sync.timeout = 10s (default)
nm_1        | 2021-01-24 13:49:46 INFO  ContainersMonitorImpl:196 - Neither virutal-memory nor physical-memory monitoring is needed. Not running the monitor-thread
datanode_1  | 2021-01-24 13:48:13,286 [Thread-21] INFO impl.RoleInfo: f336b28e-c359-404b-9f13-f11ee2b420d1: start f336b28e-c359-404b-9f13-f11ee2b420d1@group-E07B41D1A37E-LeaderElection1
scm_1       | 2021-01-24 13:48:13,524 [EventQueue-PipelineReportForOneReplicaPipelineSafeModeRule] INFO safemode.SCMSafeModeManager: AtleastOneDatanodeReportedRule rule is successfully validated
om_1        | 2021-01-24 13:48:22,387 [Thread-10] INFO server.RaftServer$Division: om1@group-C5BA1605619E: changes role from  FOLLOWER to CANDIDATE at term 0 for changeToCandidate
datanode_3  | 	at org.apache.ratis.server.impl.RaftServerProxy.lambda$newRaftServerImpl$4(RaftServerProxy.java:266)
rm_1        | Jan 24, 2021 1:47:45 PM com.sun.jersey.server.impl.application.WebApplicationImpl _initiate
datanode_2  | 2021-01-24 13:48:11,317 [pool-19-thread-1] INFO server.RaftServerConfigKeys: raft.server.log.statemachine.data.sync.timeout.retry = -1 (default)
nm_1        | 2021-01-24 13:49:46 INFO  DefaultContainerExecutor:268 - launchContainer: [bash, /tmp/hadoop-hadoop/nm-local-dir/usercache/hadoop/appcache/application_1611496057886_0001/container_1611496057886_0001_01_000003/default_container_executor.sh]
datanode_1  | 2021-01-24 13:48:13,302 [f336b28e-c359-404b-9f13-f11ee2b420d1@group-E07B41D1A37E-LeaderElection1] INFO impl.LeaderElection: f336b28e-c359-404b-9f13-f11ee2b420d1@group-E07B41D1A37E-LeaderElection1: begin a pre-vote at term 0 for -1: [f336b28e-c359-404b-9f13-f11ee2b420d1|rpc:172.21.0.5:9858|priority:1], old=null
scm_1       | 2021-01-24 13:48:13,532 [EventQueue-OpenPipelineForHealthyPipelineSafeModeRule] INFO safemode.SCMSafeModeManager: SCM in safe mode. Healthy pipelines reported count is 0, required healthy pipeline reported count is 1
om_1        | 2021-01-24 13:48:22,395 [Thread-10] INFO impl.RoleInfo: om1: start om1@group-C5BA1605619E-LeaderElection1
datanode_3  | 	at java.base/java.util.concurrent.CompletableFuture$AsyncSupply.run(CompletableFuture.java:1700)
rm_1        | INFO: Initiating Jersey application, version 'Jersey: 1.9 09/02/2011 11:17 AM'
rm_1        | Jan 24, 2021 1:47:45 PM com.sun.jersey.guice.spi.container.GuiceComponentProviderFactory getComponentProvider
nm_1        | 2021-01-24 13:49:47 INFO  NodeStatusUpdaterImpl:490 - Removed completed containers from NM context: [container_1611496057886_0001_01_000002]
datanode_1  | 2021-01-24 13:48:13,303 [f336b28e-c359-404b-9f13-f11ee2b420d1@group-E07B41D1A37E-LeaderElection1] INFO impl.LeaderElection: f336b28e-c359-404b-9f13-f11ee2b420d1@group-E07B41D1A37E-LeaderElection1 pre-vote result is PASSED.
scm_1       | 2021-01-24 13:48:13,965 [EventQueue-PipelineReportForOneReplicaPipelineSafeModeRule] INFO safemode.SCMSafeModeManager: AtleastOneDatanodeReportedRule rule is successfully validated
om_1        | 2021-01-24 13:48:22,408 [om1@group-C5BA1605619E-LeaderElection1] INFO impl.LeaderElection: om1@group-C5BA1605619E-LeaderElection1: begin a pre-vote at term 0 for -1: [om1|rpc:om:9872|priority:0], old=null
datanode_2  | 2021-01-24 13:48:11,319 [pool-19-thread-1] INFO server.RaftServerConfigKeys: raft.server.log.write.buffer.size = 1048576 (custom)
datanode_3  | 	at java.base/java.util.concurrent.ThreadPoolExecutor.runWorker(ThreadPoolExecutor.java:1128)
nm_1        | 2021-01-24 13:49:50 INFO  Server:1316 - Auth successful for appattempt_1611496057886_0001_000001 (auth:SIMPLE)
datanode_1  | 2021-01-24 13:48:13,314 [f336b28e-c359-404b-9f13-f11ee2b420d1@group-E07B41D1A37E-LeaderElection1] INFO impl.LeaderElection: f336b28e-c359-404b-9f13-f11ee2b420d1@group-E07B41D1A37E-LeaderElection1: begin an election at term 1 for -1: [f336b28e-c359-404b-9f13-f11ee2b420d1|rpc:172.21.0.5:9858|priority:1], old=null
scm_1       | 2021-01-24 13:48:13,968 [EventQueue-OpenPipelineForHealthyPipelineSafeModeRule] INFO safemode.SCMSafeModeManager: SCM in safe mode. Healthy pipelines reported count is 0, required healthy pipeline reported count is 1
om_1        | 2021-01-24 13:48:22,417 [om1@group-C5BA1605619E-LeaderElection1] INFO impl.LeaderElection: om1@group-C5BA1605619E-LeaderElection1 pre-vote result is PASSED.
rm_1        | INFO: Binding org.apache.hadoop.yarn.server.resourcemanager.webapp.JAXBContextResolver to GuiceManagedComponentProvider with the scope "Singleton"
datanode_2  | 2021-01-24 13:48:11,321 [pool-19-thread-1] INFO server.RaftServerConfigKeys: raft.server.log.statemachine.data.caching.enabled = true (custom)
datanode_3  | 	at java.base/java.util.concurrent.ThreadPoolExecutor$Worker.run(ThreadPoolExecutor.java:628)
nm_1        | 2021-01-24 13:49:50 INFO  ContainerManagerImpl:960 - Stopping container with container Id: container_1611496057886_0001_01_000003
datanode_1  | 2021-01-24 13:48:13,314 [f336b28e-c359-404b-9f13-f11ee2b420d1@group-E07B41D1A37E-LeaderElection1] INFO impl.RoleInfo: f336b28e-c359-404b-9f13-f11ee2b420d1: shutdown f336b28e-c359-404b-9f13-f11ee2b420d1@group-E07B41D1A37E-LeaderElection1
scm_1       | 2021-01-24 13:48:13,966 [EventQueue-PipelineReportForPipelineReportHandler] INFO pipeline.PipelineStateManager: Pipeline Pipeline[ Id: 49d145bf-74ad-409f-86af-8b5f38039874, Nodes: 4f3146b1-5ef2-441e-9cf8-086707503616{ip: 172.21.0.6, host: hadoop27_datanode_2.hadoop27_default, networkLocation: /default-rack, certSerialId: null, persistedOpState: IN_SERVICE, persistedOpStateExpiryEpochSec: 0}f336b28e-c359-404b-9f13-f11ee2b420d1{ip: 172.21.0.5, host: hadoop27_datanode_1.hadoop27_default, networkLocation: /default-rack, certSerialId: null, persistedOpState: IN_SERVICE, persistedOpStateExpiryEpochSec: 0}e91979d1-6453-42ec-bbfd-4a8ee14e065e{ip: 172.21.0.8, host: hadoop27_datanode_3.hadoop27_default, networkLocation: /default-rack, certSerialId: null, persistedOpState: IN_SERVICE, persistedOpStateExpiryEpochSec: 0}, Type:RATIS, Factor:THREE, State:ALLOCATED, leaderId:f336b28e-c359-404b-9f13-f11ee2b420d1, CreationTimestamp2021-01-24T13:48:04.351363Z] moved to OPEN state
om_1        | 2021-01-24 13:48:22,420 [om1@group-C5BA1605619E-LeaderElection1] INFO impl.LeaderElection: om1@group-C5BA1605619E-LeaderElection1: begin an election at term 1 for -1: [om1|rpc:om:9872|priority:0], old=null
rm_1        | Jan 24, 2021 1:47:48 PM com.sun.jersey.guice.spi.container.GuiceComponentProviderFactory getComponentProvider
datanode_2  | 2021-01-24 13:48:11,330 [pool-19-thread-1] INFO segmented.SegmentedRaftLogWorker: 4f3146b1-5ef2-441e-9cf8-086707503616@group-0E221E3F55ED-SegmentedRaftLogWorker: flushIndex: setUnconditionally 0 -> -1
datanode_3  | 	at java.base/java.lang.Thread.run(Thread.java:834)
nm_1        | 2021-01-24 13:49:50 INFO  NMAuditLogger:89 - USER=hadoop	IP=172.21.0.7	OPERATION=Stop Container Request	TARGET=ContainerManageImpl	RESULT=SUCCESS	APPID=application_1611496057886_0001	CONTAINERID=container_1611496057886_0001_01_000003
datanode_1  | 2021-01-24 13:48:13,315 [f336b28e-c359-404b-9f13-f11ee2b420d1@group-E07B41D1A37E-LeaderElection1] INFO server.RaftServer$Division: f336b28e-c359-404b-9f13-f11ee2b420d1@group-E07B41D1A37E: changes role from CANDIDATE to LEADER at term 1 for changeToLeader
scm_1       | 2021-01-24 13:48:13,971 [EventQueue-OpenPipelineForHealthyPipelineSafeModeRule] INFO safemode.SCMSafeModeManager: SCM in safe mode. Healthy pipelines reported count is 1, required healthy pipeline reported count is 1
om_1        | 2021-01-24 13:48:22,420 [om1@group-C5BA1605619E-LeaderElection1] INFO impl.RoleInfo: om1: shutdown om1@group-C5BA1605619E-LeaderElection1
rm_1        | INFO: Binding org.apache.hadoop.yarn.webapp.GenericExceptionHandler to GuiceManagedComponentProvider with the scope "Singleton"
datanode_2  | 2021-01-24 13:48:11,330 [pool-19-thread-1] INFO segmented.SegmentedRaftLogWorker: 4f3146b1-5ef2-441e-9cf8-086707503616@group-0E221E3F55ED-SegmentedRaftLogWorker: safeCacheEvictIndex: setUnconditionally 0 -> -1
datanode_3  | 2021-01-24 13:48:08,690 [pool-19-thread-1] INFO server.RaftServerConfigKeys: raft.server.notification.no-leader.timeout = 300s (custom)
nm_1        | 2021-01-24 13:49:50 INFO  ContainerImpl:1135 - Container container_1611496057886_0001_01_000003 transitioned from RUNNING to KILLING
datanode_1  | 2021-01-24 13:48:13,315 [f336b28e-c359-404b-9f13-f11ee2b420d1@group-E07B41D1A37E-LeaderElection1] INFO ratis.XceiverServerRatis: Leader change notification received for group: group-E07B41D1A37E with new leaderId: f336b28e-c359-404b-9f13-f11ee2b420d1
scm_1       | 2021-01-24 13:48:13,973 [EventQueue-OpenPipelineForHealthyPipelineSafeModeRule] INFO safemode.SCMSafeModeManager: HealthyPipelineSafeModeRule rule is successfully validated
om_1        | 2021-01-24 13:48:22,421 [om1@group-C5BA1605619E-LeaderElection1] INFO server.RaftServer$Division: om1@group-C5BA1605619E: changes role from CANDIDATE to LEADER at term 1 for changeToLeader
rm_1        | Jan 24, 2021 1:47:51 PM com.sun.jersey.guice.spi.container.GuiceComponentProviderFactory getComponentProvider
datanode_2  | 2021-01-24 13:48:11,331 [pool-19-thread-1] INFO server.RaftServerConfigKeys: raft.server.snapshot.auto.trigger.enabled = true (custom)
datanode_3  | 2021-01-24 13:48:08,694 [pool-19-thread-1] INFO server.RaftServerConfigKeys: raft.server.log.use.memory = false (default)
nm_1        | 2021-01-24 13:49:50 INFO  ContainerLaunch:370 - Cleaning up container container_1611496057886_0001_01_000003
datanode_1  | 2021-01-24 13:48:13,319 [f336b28e-c359-404b-9f13-f11ee2b420d1@group-E07B41D1A37E-LeaderElection1] INFO server.RaftServer$Division: f336b28e-c359-404b-9f13-f11ee2b420d1@group-E07B41D1A37E: change Leader from null to f336b28e-c359-404b-9f13-f11ee2b420d1 at term 1 for becomeLeader, leader elected after 5732ms
scm_1       | 2021-01-24 13:48:13,973 [EventQueue-OpenPipelineForHealthyPipelineSafeModeRule] INFO safemode.SCMSafeModeManager: ScmSafeModeManager, all rules are successfully validated
om_1        | 2021-01-24 13:48:22,422 [om1@group-C5BA1605619E-LeaderElection1] INFO server.RaftServer$Division: om1@group-C5BA1605619E: change Leader from null to om1 at term 1 for becomeLeader, leader elected after 1651ms
rm_1        | INFO: Binding org.apache.hadoop.yarn.server.resourcemanager.webapp.RMWebServices to GuiceManagedComponentProvider with the scope "Singleton"
datanode_2  | 2021-01-24 13:48:11,332 [pool-19-thread-1] INFO server.RaftServerConfigKeys: raft.server.snapshot.auto.trigger.threshold = 10000 (custom)
datanode_3  | 2021-01-24 13:48:08,694 [pool-19-thread-1] INFO server.RaftServerConfigKeys: raft.server.log.purge.gap = 1000000 (custom)
nm_1        | 2021-01-24 13:49:50 WARN  DefaultContainerExecutor:224 - Exit code from container container_1611496057886_0001_01_000003 is : 143
datanode_1  | 2021-01-24 13:48:13,343 [f336b28e-c359-404b-9f13-f11ee2b420d1@group-E07B41D1A37E-LeaderElection1] INFO server.RaftServerConfigKeys: raft.server.staging.catchup.gap = 1000 (default)
scm_1       | 2021-01-24 13:48:13,973 [EventQueue-OpenPipelineForHealthyPipelineSafeModeRule] INFO safemode.SCMSafeModeManager: SCM exiting safe mode.
om_1        | 2021-01-24 13:48:22,447 [om1@group-C5BA1605619E-LeaderElection1] INFO server.RaftServerConfigKeys: raft.server.staging.catchup.gap = 1000 (default)
rm_1        | 2021-01-24 13:47:51 INFO  log:67 - Started HttpServer2$SelectChannelConnectorWithSafeStartup@rm:8088
datanode_2  | 2021-01-24 13:48:11,332 [pool-19-thread-1] INFO server.RaftServerConfigKeys: raft.server.snapshot.retention.file.num = 5 (custom)
datanode_3  | 2021-01-24 13:48:08,696 [pool-19-thread-1] INFO server.RaftServerConfigKeys: raft.server.log.appender.buffer.byte-limit = 33554432 (custom)
nm_1        | 2021-01-24 13:49:50 INFO  ContainerImpl:1135 - Container container_1611496057886_0001_01_000003 transitioned from KILLING to CONTAINER_CLEANEDUP_AFTER_KILL
datanode_1  | 2021-01-24 13:48:13,356 [f336b28e-c359-404b-9f13-f11ee2b420d1@group-E07B41D1A37E-LeaderElection1] INFO metrics.RatisMetrics: Creating Metrics Registry : ratis.log_appender.f336b28e-c359-404b-9f13-f11ee2b420d1@group-E07B41D1A37E
scm_1       | 2021-01-24 13:48:16,677 [EventQueue-PipelineReportForPipelineReportHandler] INFO pipeline.PipelineStateManager: Pipeline Pipeline[ Id: c125b750-a8d7-4edd-ae1d-0e221e3f55ed, Nodes: e91979d1-6453-42ec-bbfd-4a8ee14e065e{ip: 172.21.0.8, host: hadoop27_datanode_3.hadoop27_default, networkLocation: /default-rack, certSerialId: null, persistedOpState: IN_SERVICE, persistedOpStateExpiryEpochSec: 0}f336b28e-c359-404b-9f13-f11ee2b420d1{ip: 172.21.0.5, host: hadoop27_datanode_1.hadoop27_default, networkLocation: /default-rack, certSerialId: null, persistedOpState: IN_SERVICE, persistedOpStateExpiryEpochSec: 0}4f3146b1-5ef2-441e-9cf8-086707503616{ip: 172.21.0.6, host: hadoop27_datanode_2.hadoop27_default, networkLocation: /default-rack, certSerialId: null, persistedOpState: IN_SERVICE, persistedOpStateExpiryEpochSec: 0}, Type:RATIS, Factor:THREE, State:ALLOCATED, leaderId:e91979d1-6453-42ec-bbfd-4a8ee14e065e, CreationTimestamp2021-01-24T13:48:04.363914Z] moved to OPEN state
om_1        | 2021-01-24 13:48:22,450 [om1@group-C5BA1605619E-LeaderElection1] INFO metrics.RatisMetrics: Creating Metrics Registry : ratis.log_appender.om1@group-C5BA1605619E
rm_1        | 2021-01-24 13:47:51 INFO  WebApps:307 - Web app cluster started at 8088
datanode_2  | 2021-01-24 13:48:11,332 [pool-19-thread-1] INFO server.RaftServerConfigKeys: raft.server.log.purge.upto.snapshot.index = false (default)
datanode_3  | 2021-01-24 13:48:08,697 [pool-19-thread-1] INFO metrics.RatisMetrics: Creating Metrics Registry : ratis.log_worker.e91979d1-6453-42ec-bbfd-4a8ee14e065e@group-8B5F38039874
nm_1        | 2021-01-24 13:49:50 INFO  NMAuditLogger:89 - USER=hadoop	OPERATION=Container Finished - Killed	TARGET=ContainerImpl	RESULT=SUCCESS	APPID=application_1611496057886_0001	CONTAINERID=container_1611496057886_0001_01_000003
datanode_1  | 2021-01-24 13:48:13,365 [f336b28e-c359-404b-9f13-f11ee2b420d1@group-E07B41D1A37E-LeaderElection1] INFO server.RaftServerConfigKeys: raft.server.write.element-limit = 1024 (custom)
om_1        | 2021-01-24 13:48:22,454 [om1@group-C5BA1605619E-LeaderElection1] INFO server.RaftServerConfigKeys: raft.server.write.element-limit = 4096 (default)
om_1        | 2021-01-24 13:48:22,465 [om1@group-C5BA1605619E-LeaderElection1] INFO server.RaftServerConfigKeys: raft.server.write.byte-limit = 64MB (=67108864) (default)
datanode_2  | 2021-01-24 13:48:11,332 [pool-19-thread-1] INFO server.RaftServerConfigKeys: raft.server.retrycache.expirytime = 600000ms (custom)
datanode_3  | 2021-01-24 13:48:08,697 [pool-19-thread-1] INFO server.RaftServerConfigKeys: raft.server.log.segment.size.max = 1048576 (custom)
nm_1        | 2021-01-24 13:49:50 INFO  ContainerImpl:1135 - Container container_1611496057886_0001_01_000003 transitioned from CONTAINER_CLEANEDUP_AFTER_KILL to DONE
datanode_1  | 2021-01-24 13:48:13,367 [f336b28e-c359-404b-9f13-f11ee2b420d1@group-E07B41D1A37E-LeaderElection1] INFO server.RaftServerConfigKeys: raft.server.write.byte-limit = 1073741824 (custom)
om_1        | 2021-01-24 13:48:22,488 [om1@group-C5BA1605619E-LeaderElection1] INFO server.RaftServerConfigKeys: raft.server.watch.timeout = 10s (default)
rm_1        | 2021-01-24 13:47:51 INFO  CallQueueManager:54 - Using callQueue class java.util.concurrent.LinkedBlockingQueue
datanode_2  | 2021-01-24 13:48:11,335 [pool-19-thread-1] INFO server.RaftServerConfigKeys: raft.server.retrycache.statistics.expirytime = 100?s (default)
datanode_3  | 2021-01-24 13:48:08,698 [pool-19-thread-1] INFO server.RaftServerConfigKeys: raft.server.log.segment.cache.num.max = 2 (custom)
nm_1        | 2021-01-24 13:49:50 INFO  ApplicationImpl:347 - Removing container_1611496057886_0001_01_000003 from application application_1611496057886_0001
datanode_1  | 2021-01-24 13:48:13,395 [f336b28e-c359-404b-9f13-f11ee2b420d1@group-E07B41D1A37E-LeaderElection1] INFO server.RaftServerConfigKeys: raft.server.watch.timeout = 180s (custom)
om_1        | 2021-01-24 13:48:22,489 [om1@group-C5BA1605619E-LeaderElection1] INFO server.RaftServerConfigKeys: raft.server.watch.timeout.denomination = 1s (default)
rm_1        | 2021-01-24 13:47:51 INFO  Server:606 - Starting Socket Reader #1 for port 8033
datanode_2  | 2021-01-24 13:48:11,336 [pool-19-thread-1] INFO metrics.RatisMetrics: Creating Metrics Registry : ratis.leader_election.4f3146b1-5ef2-441e-9cf8-086707503616@group-0E221E3F55ED
datanode_3  | 2021-01-24 13:48:08,701 [pool-19-thread-1] INFO server.RaftServerConfigKeys: raft.server.log.segment.cache.size.max = 200MB (=209715200) (default)
nm_1        | 2021-01-24 13:49:50 INFO  ContainersMonitorImpl:196 - Neither virutal-memory nor physical-memory monitoring is needed. Not running the monitor-thread
datanode_1  | 2021-01-24 13:48:13,399 [f336b28e-c359-404b-9f13-f11ee2b420d1@group-E07B41D1A37E-LeaderElection1] INFO server.RaftServerConfigKeys: raft.server.watch.timeout.denomination = 1s (default)
om_1        | 2021-01-24 13:48:22,490 [om1@group-C5BA1605619E-LeaderElection1] INFO server.RaftServerConfigKeys: raft.server.watch.element-limit = 65536 (default)
rm_1        | 2021-01-24 13:47:52 INFO  RpcServerFactoryPBImpl:174 - Adding protocol org.apache.hadoop.yarn.server.api.ResourceManagerAdministrationProtocolPB to the server
datanode_2  | 2021-01-24 13:48:11,346 [pool-19-thread-1] INFO metrics.RatisMetrics: Creating Metrics Registry : ratis.server.4f3146b1-5ef2-441e-9cf8-086707503616@group-0E221E3F55ED
datanode_3  | 2021-01-24 13:48:08,701 [pool-19-thread-1] INFO segmented.SegmentedRaftLogWorker: new e91979d1-6453-42ec-bbfd-4a8ee14e065e@group-8B5F38039874-SegmentedRaftLogWorker for RaftStorageImpl:Storage Directory /data/metadata/ratis/49d145bf-74ad-409f-86af-8b5f38039874
datanode_3  | 2021-01-24 13:48:08,701 [pool-19-thread-1] INFO server.RaftServerConfigKeys: raft.server.log.queue.byte-limit = 2147483647 (custom)
datanode_1  | 2021-01-24 13:48:13,400 [f336b28e-c359-404b-9f13-f11ee2b420d1@group-E07B41D1A37E-LeaderElection1] INFO server.RaftServerConfigKeys: raft.server.watch.element-limit = 65536 (default)
om_1        | 2021-01-24 13:48:22,514 [om1@group-C5BA1605619E-LeaderElection1] INFO impl.RoleInfo: om1: start om1@group-C5BA1605619E-LeaderStateImpl
rm_1        | 2021-01-24 13:47:52 INFO  Server:836 - IPC Server Responder: starting
datanode_2  | 2021-01-24 13:48:11,352 [pool-19-thread-1] INFO server.RaftServer$Division: 4f3146b1-5ef2-441e-9cf8-086707503616@group-0E221E3F55ED: start as a follower, conf=-1: [4f3146b1-5ef2-441e-9cf8-086707503616|rpc:172.21.0.6:9858|priority:0, e91979d1-6453-42ec-bbfd-4a8ee14e065e|rpc:172.21.0.8:9858|priority:1, f336b28e-c359-404b-9f13-f11ee2b420d1|rpc:172.21.0.5:9858|priority:0], old=null
datanode_3  | 2021-01-24 13:48:08,701 [pool-19-thread-1] INFO server.RaftServerConfigKeys: raft.server.log.queue.element-limit = 1024 (custom)
nm_1        | 2021-01-24 13:49:50 INFO  AuxServices:196 - Got event CONTAINER_STOP for appId application_1611496057886_0001
datanode_1  | 2021-01-24 13:48:13,436 [f336b28e-c359-404b-9f13-f11ee2b420d1@group-E07B41D1A37E-LeaderElection1] INFO impl.RoleInfo: f336b28e-c359-404b-9f13-f11ee2b420d1: start f336b28e-c359-404b-9f13-f11ee2b420d1@group-E07B41D1A37E-LeaderStateImpl
om_1        | 2021-01-24 13:48:22,624 [om1@group-C5BA1605619E-LeaderElection1] INFO segmented.SegmentedRaftLogWorker: om1@group-C5BA1605619E-SegmentedRaftLogWorker: Starting segment from index:0
rm_1        | 2021-01-24 13:47:52 INFO  Server:676 - IPC Server listener on 8033: starting
datanode_2  | 2021-01-24 13:48:11,353 [pool-19-thread-1] INFO server.RaftServer$Division: 4f3146b1-5ef2-441e-9cf8-086707503616@group-0E221E3F55ED: changes role from      null to FOLLOWER at term 0 for startAsFollower
datanode_3  | 2021-01-24 13:48:08,701 [pool-19-thread-1] INFO server.RaftServerConfigKeys: raft.server.log.segment.size.max = 1048576 (custom)
nm_1        | 2021-01-24 13:49:52 INFO  Server:1316 - Auth successful for appattempt_1611496057886_0001_000001 (auth:SIMPLE)
datanode_1  | 2021-01-24 13:48:13,472 [f336b28e-c359-404b-9f13-f11ee2b420d1@group-E07B41D1A37E-LeaderElection1] INFO segmented.SegmentedRaftLogWorker: f336b28e-c359-404b-9f13-f11ee2b420d1@group-E07B41D1A37E-SegmentedRaftLogWorker: Starting segment from index:0
om_1        | 2021-01-24 13:48:22,646 [Listener at om/9862] INFO handler.ContextHandler: Started o.e.j.w.WebAppContext@71a4f441{ozoneManager,/,file:///tmp/jetty-0_0_0_0-9874-hadoop-ozone-ozone-manager-1_1_0-SNAPSHOT_jar-_-any-1337884972141002438/webapp/,AVAILABLE}{jar:file:/opt/hadoop/share/ozone/lib/hadoop-ozone-ozone-manager-1.1.0-SNAPSHOT.jar!/webapps/ozoneManager}
rm_1        | 2021-01-24 13:48:00 INFO  RackResolver:109 - Resolved nm to /default-rack
datanode_2  | 2021-01-24 13:48:11,353 [pool-19-thread-1] INFO impl.RoleInfo: 4f3146b1-5ef2-441e-9cf8-086707503616: start 4f3146b1-5ef2-441e-9cf8-086707503616@group-0E221E3F55ED-FollowerState
datanode_3  | 2021-01-24 13:48:08,702 [pool-19-thread-1] INFO server.RaftServerConfigKeys: raft.server.log.preallocated.size = 16384 (custom)
nm_1        | 2021-01-24 13:49:52 INFO  ContainerManagerImpl:810 - Start request for container_1611496057886_0001_01_000004 by user hadoop
datanode_1  | 2021-01-24 13:48:13,642 [f336b28e-c359-404b-9f13-f11ee2b420d1@group-E07B41D1A37E-LeaderElection1] INFO server.RaftServer$Division: f336b28e-c359-404b-9f13-f11ee2b420d1@group-E07B41D1A37E: set configuration 0: [f336b28e-c359-404b-9f13-f11ee2b420d1|rpc:172.21.0.5:9858|dataStream:|priority:1], old=null
om_1        | 2021-01-24 13:48:22,731 [Listener at om/9862] INFO server.AbstractConnector: Started ServerConnector@740dcae3{HTTP/1.1, (http/1.1)}{0.0.0.0:9874}
rm_1        | 2021-01-24 13:48:00 INFO  RMNodeImpl:438 - nm:38045 Node Transitioned from NEW to RUNNING
datanode_2  | 2021-01-24 13:48:11,396 [pool-19-thread-1] INFO util.JmxRegister: Successfully registered JMX Bean with object name Ratis:service=RaftServer,group=group-0E221E3F55ED,id=4f3146b1-5ef2-441e-9cf8-086707503616
datanode_3  | 2021-01-24 13:48:08,702 [pool-19-thread-1] INFO server.RaftServerConfigKeys: raft.server.log.force.sync.num = 128 (default)
nm_1        | 2021-01-24 13:49:52 INFO  ApplicationImpl:304 - Adding container_1611496057886_0001_01_000004 to application application_1611496057886_0001
om_1        | 2021-01-24 13:48:22,731 [Listener at om/9862] INFO server.Server: Started @14393ms
rm_1        | 2021-01-24 13:48:00 INFO  ResourceTrackerService:345 - NodeManager from node nm(cmPort: 38045 httpPort: 8042) registered with capability: <memory:8192, vCores:8>, assigned nodeId nm:38045
datanode_1  | 2021-01-24 13:48:13,755 [f336b28e-c359-404b-9f13-f11ee2b420d1@group-E07B41D1A37E-SegmentedRaftLogWorker] INFO segmented.SegmentedRaftLogWorker: f336b28e-c359-404b-9f13-f11ee2b420d1@group-E07B41D1A37E-SegmentedRaftLogWorker: created new log segment /data/metadata/ratis/2fe68527-9dcd-4a54-9f35-e07b41d1a37e/current/log_inprogress_0
datanode_2  | 2021-01-24 13:48:11,397 [pool-19-thread-1] INFO metrics.RatisMetrics: Creating Metrics Registry : ratis.state_machine.4f3146b1-5ef2-441e-9cf8-086707503616@group-0E221E3F55ED
datanode_3  | 2021-01-24 13:48:08,702 [pool-19-thread-1] INFO server.RaftServerConfigKeys: raft.server.log.statemachine.data.sync = true (default)
nm_1        | 2021-01-24 13:49:52 INFO  ContainerImpl:1135 - Container container_1611496057886_0001_01_000004 transitioned from NEW to LOCALIZING
om_1        | 2021-01-24 13:48:22,733 [Listener at om/9862] INFO impl.MetricsSinkAdapter: Sink prometheus started
rm_1        | 2021-01-24 13:48:00 INFO  CapacityScheduler:1335 - Added node nm:38045 clusterResource: <memory:8192, vCores:8>
datanode_1  | 2021-01-24 13:48:13,790 [Thread-23] INFO impl.FollowerState: f336b28e-c359-404b-9f13-f11ee2b420d1@group-8B5F38039874-FollowerState: change to CANDIDATE, lastRpcElapsedTime:5185748380ns, electionTimeout:5178ms
datanode_2  | 2021-01-24 13:48:11,417 [Command processor thread] INFO metrics.RatisMetrics: Creating Metrics Registry : ratis.client_message_metrics.client-F26649FB32AC->e91979d1-6453-42ec-bbfd-4a8ee14e065e
datanode_3  | 2021-01-24 13:48:08,710 [pool-19-thread-1] INFO server.RaftServerConfigKeys: raft.server.log.statemachine.data.sync.timeout = 10s (default)
nm_1        | 2021-01-24 13:49:52 INFO  AuxServices:196 - Got event CONTAINER_INIT for appId application_1611496057886_0001
om_1        | 2021-01-24 13:48:22,734 [Listener at om/9862] INFO impl.MetricsSystemImpl: Registered sink prometheus
om_1        | 2021-01-24 13:48:22,740 [Listener at om/9862] INFO http.BaseHttpServer: HTTP server of ozoneManager listening at http://0.0.0.0:9874
om_1        | 2021-01-24 13:48:22,755 [IPC Server Responder] INFO ipc.Server: IPC Server Responder: starting
datanode_2  | 2021-01-24 13:48:11,690 [Command processor thread] INFO metrics.RatisMetrics: Creating Metrics Registry : ratis.client_message_metrics.client-5793875FFB4D->f336b28e-c359-404b-9f13-f11ee2b420d1
datanode_2  | 2021-01-24 13:48:11,799 [Command processor thread] INFO commandhandler.CreatePipelineCommandHandler: Created Pipeline RATIS THREE PipelineID=c125b750-a8d7-4edd-ae1d-0e221e3f55ed.
nm_1        | 2021-01-24 13:49:52 INFO  AuxServices:196 - Got event APPLICATION_INIT for appId application_1611496057886_0001
rm_1        | 2021-01-24 13:49:25 INFO  ClientRMService:289 - Allocated new applicationId: 1
rm_1        | 2021-01-24 13:49:26 INFO  ClientRMService:583 - Application with id 1 submitted by user hadoop
datanode_1  | 2021-01-24 13:48:13,792 [Thread-23] INFO impl.RoleInfo: f336b28e-c359-404b-9f13-f11ee2b420d1: shutdown f336b28e-c359-404b-9f13-f11ee2b420d1@group-8B5F38039874-FollowerState
datanode_2  | 2021-01-24 13:48:12,284 [Thread-21] INFO impl.FollowerState: 4f3146b1-5ef2-441e-9cf8-086707503616@group-2AFF525EBB57-FollowerState: change to CANDIDATE, lastRpcElapsedTime:5170921851ns, electionTimeout:5134ms
datanode_3  | 2021-01-24 13:48:08,712 [pool-19-thread-1] INFO server.RaftServerConfigKeys: raft.server.log.statemachine.data.sync.timeout.retry = -1 (default)
om_1        | 2021-01-24 13:48:22,775 [IPC Server listener on 9862] INFO ipc.Server: IPC Server listener on 9862: starting
nm_1        | 2021-01-24 13:49:52 INFO  AuxServices:200 - Got APPLICATION_INIT for service mapreduce_shuffle
datanode_1  | 2021-01-24 13:48:13,792 [Thread-23] INFO server.RaftServer$Division: f336b28e-c359-404b-9f13-f11ee2b420d1@group-8B5F38039874: changes role from  FOLLOWER to CANDIDATE at term 0 for changeToCandidate
datanode_2  | 2021-01-24 13:48:12,285 [Thread-21] INFO impl.RoleInfo: 4f3146b1-5ef2-441e-9cf8-086707503616: shutdown 4f3146b1-5ef2-441e-9cf8-086707503616@group-2AFF525EBB57-FollowerState
datanode_3  | 2021-01-24 13:48:08,716 [pool-19-thread-1] INFO server.RaftServerConfigKeys: raft.server.log.write.buffer.size = 1048576 (custom)
rm_1        | 2021-01-24 13:49:26 INFO  RMAppImpl:974 - Storing application with id application_1611496057886_0001
om_1        | 2021-01-24 13:48:22,987 [om1@group-C5BA1605619E-LeaderElection1] INFO server.RaftServer$Division: om1@group-C5BA1605619E: set configuration 0: [om1|rpc:om:9872|dataStream:|priority:0], old=null
om_1        | 2021-01-24 13:48:23,049 [Listener at om/9862] INFO om.OzoneManager: Trash Interval set to 0. Files deleted will not move to trash
datanode_1  | 2021-01-24 13:48:13,792 [Thread-23] INFO impl.RoleInfo: f336b28e-c359-404b-9f13-f11ee2b420d1: start f336b28e-c359-404b-9f13-f11ee2b420d1@group-8B5F38039874-LeaderElection2
datanode_2  | 2021-01-24 13:48:12,285 [Thread-21] INFO server.RaftServer$Division: 4f3146b1-5ef2-441e-9cf8-086707503616@group-2AFF525EBB57: changes role from  FOLLOWER to CANDIDATE at term 0 for changeToCandidate
datanode_3  | 2021-01-24 13:48:08,717 [pool-19-thread-1] INFO server.RaftServerConfigKeys: raft.server.log.statemachine.data.caching.enabled = true (custom)
om_1        | 2021-01-24 13:48:23,059 [om1@group-C5BA1605619E-SegmentedRaftLogWorker] INFO segmented.SegmentedRaftLogWorker: om1@group-C5BA1605619E-SegmentedRaftLogWorker: created new log segment /data/metadata/ratis/bf265839-605b-3f16-9796-c5ba1605619e/current/log_inprogress_0
nm_1        | 2021-01-24 13:49:52 INFO  ShuffleHandler:671 - Added token for job_1611496057886_0001
nm_1        | 2021-01-24 13:49:52 INFO  ContainerImpl:1135 - Container container_1611496057886_0001_01_000004 transitioned from LOCALIZING to LOCALIZED
datanode_1  | 2021-01-24 13:48:13,807 [f336b28e-c359-404b-9f13-f11ee2b420d1@group-8B5F38039874-LeaderElection2] INFO impl.LeaderElection: f336b28e-c359-404b-9f13-f11ee2b420d1@group-8B5F38039874-LeaderElection2: begin a pre-vote at term 0 for -1: [4f3146b1-5ef2-441e-9cf8-086707503616|rpc:172.21.0.6:9858|priority:0, f336b28e-c359-404b-9f13-f11ee2b420d1|rpc:172.21.0.5:9858|priority:1, e91979d1-6453-42ec-bbfd-4a8ee14e065e|rpc:172.21.0.8:9858|priority:0], old=null
datanode_2  | 2021-01-24 13:48:12,288 [Thread-21] INFO impl.RoleInfo: 4f3146b1-5ef2-441e-9cf8-086707503616: start 4f3146b1-5ef2-441e-9cf8-086707503616@group-2AFF525EBB57-LeaderElection1
datanode_3  | 2021-01-24 13:48:08,725 [pool-19-thread-1] INFO segmented.SegmentedRaftLogWorker: e91979d1-6453-42ec-bbfd-4a8ee14e065e@group-8B5F38039874-SegmentedRaftLogWorker: flushIndex: setUnconditionally 0 -> -1
om_1        | 2021-01-24 13:48:23,099 [org.apache.hadoop.util.JvmPauseMonitor$Monitor@38883a31] INFO util.JvmPauseMonitor: Starting JVM pause monitor
nm_1        | 2021-01-24 13:49:52 INFO  NMAuditLogger:89 - USER=hadoop	IP=172.21.0.7	OPERATION=Start Container Request	TARGET=ContainerManageImpl	RESULT=SUCCESS	APPID=application_1611496057886_0001	CONTAINERID=container_1611496057886_0001_01_000004
nm_1        | 2021-01-24 13:49:52 INFO  ContainerImpl:1135 - Container container_1611496057886_0001_01_000004 transitioned from LOCALIZED to RUNNING
datanode_1  | 2021-01-24 13:48:13,892 [f336b28e-c359-404b-9f13-f11ee2b420d1@group-8B5F38039874-LeaderElection2] INFO impl.LeaderElection: f336b28e-c359-404b-9f13-f11ee2b420d1@group-8B5F38039874-LeaderElection2: Pre-vote  PASSED received 1 response(s):[f336b28e-c359-404b-9f13-f11ee2b420d1<-4f3146b1-5ef2-441e-9cf8-086707503616#0:OK-t0]
datanode_2  | 2021-01-24 13:48:12,299 [4f3146b1-5ef2-441e-9cf8-086707503616@group-2AFF525EBB57-LeaderElection1] INFO impl.LeaderElection: 4f3146b1-5ef2-441e-9cf8-086707503616@group-2AFF525EBB57-LeaderElection1: begin a pre-vote at term 0 for -1: [4f3146b1-5ef2-441e-9cf8-086707503616|rpc:172.21.0.6:9858|priority:1], old=null
datanode_3  | 2021-01-24 13:48:08,731 [pool-19-thread-1] INFO segmented.SegmentedRaftLogWorker: e91979d1-6453-42ec-bbfd-4a8ee14e065e@group-8B5F38039874-SegmentedRaftLogWorker: safeCacheEvictIndex: setUnconditionally 0 -> -1
om_1        | 2021-01-24 13:48:27,629 [OM StateMachine ApplyTransaction Thread - 0] INFO volume.OMVolumeCreateRequest: created volume:volume1 for user:hadoop
nm_1        | 2021-01-24 13:49:52 INFO  ContainersMonitorImpl:196 - Neither virutal-memory nor physical-memory monitoring is needed. Not running the monitor-thread
rm_1        | 2021-01-24 13:49:26 INFO  RMAuditLogger:148 - USER=hadoop	IP=172.21.0.9	OPERATION=Submit Application Request	TARGET=ClientRMService	RESULT=SUCCESS	APPID=application_1611496057886_0001
datanode_1  | 2021-01-24 13:48:13,893 [f336b28e-c359-404b-9f13-f11ee2b420d1@group-8B5F38039874-LeaderElection2] INFO impl.LeaderElection: f336b28e-c359-404b-9f13-f11ee2b420d1@group-8B5F38039874-LeaderElection2 pre-vote result is PASSED.
datanode_1  | 2021-01-24 13:48:13,895 [f336b28e-c359-404b-9f13-f11ee2b420d1@group-8B5F38039874-LeaderElection2] INFO impl.LeaderElection: f336b28e-c359-404b-9f13-f11ee2b420d1@group-8B5F38039874-LeaderElection2: begin an election at term 1 for -1: [4f3146b1-5ef2-441e-9cf8-086707503616|rpc:172.21.0.6:9858|priority:0, f336b28e-c359-404b-9f13-f11ee2b420d1|rpc:172.21.0.5:9858|priority:1, e91979d1-6453-42ec-bbfd-4a8ee14e065e|rpc:172.21.0.8:9858|priority:0], old=null
datanode_3  | 2021-01-24 13:48:08,732 [pool-19-thread-1] INFO server.RaftServerConfigKeys: raft.server.snapshot.auto.trigger.enabled = true (custom)
om_1        | 2021-01-24 13:49:33,440 [OM StateMachine ApplyTransaction Thread - 0] INFO volume.OMVolumeCreateRequest: created volume:user for user:hadoop
nm_1        | 2021-01-24 13:49:52 INFO  DefaultContainerExecutor:268 - launchContainer: [bash, /tmp/hadoop-hadoop/nm-local-dir/usercache/hadoop/appcache/application_1611496057886_0001/container_1611496057886_0001_01_000004/default_container_executor.sh]
rm_1        | 2021-01-24 13:49:26 INFO  RMAppImpl:715 - application_1611496057886_0001 State change from NEW to NEW_SAVING
datanode_1  | 2021-01-24 13:48:13,950 [f336b28e-c359-404b-9f13-f11ee2b420d1@group-8B5F38039874-LeaderElection2] INFO impl.LeaderElection: f336b28e-c359-404b-9f13-f11ee2b420d1@group-8B5F38039874-LeaderElection2: Election  PASSED received 1 response(s):[f336b28e-c359-404b-9f13-f11ee2b420d1<-4f3146b1-5ef2-441e-9cf8-086707503616#0:OK-t1]
datanode_2  | 2021-01-24 13:48:12,300 [4f3146b1-5ef2-441e-9cf8-086707503616@group-2AFF525EBB57-LeaderElection1] INFO impl.LeaderElection: 4f3146b1-5ef2-441e-9cf8-086707503616@group-2AFF525EBB57-LeaderElection1 pre-vote result is PASSED.
nm_1        | 2021-01-24 13:49:52 INFO  NodeStatusUpdaterImpl:490 - Removed completed containers from NM context: [container_1611496057886_0001_01_000003]
rm_1        | 2021-01-24 13:49:26 INFO  RMStateStore:194 - Storing info for app: application_1611496057886_0001
datanode_1  | 2021-01-24 13:48:13,950 [f336b28e-c359-404b-9f13-f11ee2b420d1@group-8B5F38039874-LeaderElection2] INFO impl.RoleInfo: f336b28e-c359-404b-9f13-f11ee2b420d1: shutdown f336b28e-c359-404b-9f13-f11ee2b420d1@group-8B5F38039874-LeaderElection2
datanode_3  | 2021-01-24 13:48:08,738 [pool-19-thread-1] INFO server.RaftServerConfigKeys: raft.server.snapshot.auto.trigger.threshold = 10000 (custom)
datanode_2  | 2021-01-24 13:48:12,311 [4f3146b1-5ef2-441e-9cf8-086707503616@group-2AFF525EBB57-LeaderElection1] INFO impl.LeaderElection: 4f3146b1-5ef2-441e-9cf8-086707503616@group-2AFF525EBB57-LeaderElection1: begin an election at term 1 for -1: [4f3146b1-5ef2-441e-9cf8-086707503616|rpc:172.21.0.6:9858|priority:1], old=null
nm_1        | 2021-01-24 13:49:56 INFO  Server:1316 - Auth successful for appattempt_1611496057886_0001_000001 (auth:SIMPLE)
rm_1        | 2021-01-24 13:49:26 INFO  RMAppImpl:715 - application_1611496057886_0001 State change from NEW_SAVING to SUBMITTED
datanode_1  | 2021-01-24 13:48:13,951 [f336b28e-c359-404b-9f13-f11ee2b420d1@group-8B5F38039874-LeaderElection2] INFO server.RaftServer$Division: f336b28e-c359-404b-9f13-f11ee2b420d1@group-8B5F38039874: changes role from CANDIDATE to LEADER at term 1 for changeToLeader
datanode_3  | 2021-01-24 13:48:08,738 [pool-19-thread-1] INFO server.RaftServerConfigKeys: raft.server.snapshot.retention.file.num = 5 (custom)
datanode_2  | 2021-01-24 13:48:12,311 [4f3146b1-5ef2-441e-9cf8-086707503616@group-2AFF525EBB57-LeaderElection1] INFO impl.RoleInfo: 4f3146b1-5ef2-441e-9cf8-086707503616: shutdown 4f3146b1-5ef2-441e-9cf8-086707503616@group-2AFF525EBB57-LeaderElection1
nm_1        | 2021-01-24 13:49:56 INFO  ContainerManagerImpl:960 - Stopping container with container Id: container_1611496057886_0001_01_000004
rm_1        | 2021-01-24 13:49:26 INFO  ParentQueue:345 - Application added - appId: application_1611496057886_0001 user: hadoop leaf-queue of parent: root #applications: 1
datanode_1  | 2021-01-24 13:48:13,954 [f336b28e-c359-404b-9f13-f11ee2b420d1@group-8B5F38039874-LeaderElection2] INFO ratis.XceiverServerRatis: Leader change notification received for group: group-8B5F38039874 with new leaderId: f336b28e-c359-404b-9f13-f11ee2b420d1
datanode_3  | 2021-01-24 13:48:08,738 [pool-19-thread-1] INFO server.RaftServerConfigKeys: raft.server.log.purge.upto.snapshot.index = false (default)
datanode_2  | 2021-01-24 13:48:12,312 [4f3146b1-5ef2-441e-9cf8-086707503616@group-2AFF525EBB57-LeaderElection1] INFO server.RaftServer$Division: 4f3146b1-5ef2-441e-9cf8-086707503616@group-2AFF525EBB57: changes role from CANDIDATE to LEADER at term 1 for changeToLeader
nm_1        | 2021-01-24 13:49:56 INFO  NMAuditLogger:89 - USER=hadoop	IP=172.21.0.7	OPERATION=Stop Container Request	TARGET=ContainerManageImpl	RESULT=SUCCESS	APPID=application_1611496057886_0001	CONTAINERID=container_1611496057886_0001_01_000004
rm_1        | 2021-01-24 13:49:26 INFO  CapacityScheduler:814 - Accepted application application_1611496057886_0001 from user: hadoop, in queue: default
rm_1        | 2021-01-24 13:49:26 INFO  RMAppImpl:715 - application_1611496057886_0001 State change from SUBMITTED to ACCEPTED
datanode_3  | 2021-01-24 13:48:08,739 [pool-19-thread-1] INFO server.RaftServerConfigKeys: raft.server.retrycache.expirytime = 600000ms (custom)
datanode_2  | 2021-01-24 13:48:12,312 [4f3146b1-5ef2-441e-9cf8-086707503616@group-2AFF525EBB57-LeaderElection1] INFO ratis.XceiverServerRatis: Leader change notification received for group: group-2AFF525EBB57 with new leaderId: 4f3146b1-5ef2-441e-9cf8-086707503616
nm_1        | 2021-01-24 13:49:56 INFO  ContainerImpl:1135 - Container container_1611496057886_0001_01_000004 transitioned from RUNNING to KILLING
rm_1        | 2021-01-24 13:49:26 INFO  ApplicationMasterService:678 - Registering app attempt : appattempt_1611496057886_0001_000001
datanode_1  | 2021-01-24 13:48:13,954 [f336b28e-c359-404b-9f13-f11ee2b420d1@group-8B5F38039874-LeaderElection2] INFO server.RaftServer$Division: f336b28e-c359-404b-9f13-f11ee2b420d1@group-8B5F38039874: change Leader from null to f336b28e-c359-404b-9f13-f11ee2b420d1 at term 1 for becomeLeader, leader elected after 5504ms
datanode_3  | 2021-01-24 13:48:08,739 [pool-19-thread-1] INFO server.RaftServerConfigKeys: raft.server.retrycache.statistics.expirytime = 100?s (default)
datanode_2  | 2021-01-24 13:48:12,313 [4f3146b1-5ef2-441e-9cf8-086707503616@group-2AFF525EBB57-LeaderElection1] INFO server.RaftServer$Division: 4f3146b1-5ef2-441e-9cf8-086707503616@group-2AFF525EBB57: change Leader from null to 4f3146b1-5ef2-441e-9cf8-086707503616 at term 1 for becomeLeader, leader elected after 5650ms
nm_1        | 2021-01-24 13:49:56 INFO  ContainerLaunch:370 - Cleaning up container container_1611496057886_0001_01_000004
nm_1        | 2021-01-24 13:49:56 WARN  DefaultContainerExecutor:224 - Exit code from container container_1611496057886_0001_01_000004 is : 143
rm_1        | 2021-01-24 13:49:26 INFO  RMAppAttemptImpl:813 - appattempt_1611496057886_0001_000001 State change from NEW to SUBMITTED
datanode_3  | 2021-01-24 13:48:08,739 [pool-19-thread-1] INFO metrics.RatisMetrics: Creating Metrics Registry : ratis.leader_election.e91979d1-6453-42ec-bbfd-4a8ee14e065e@group-8B5F38039874
nm_1        | 2021-01-24 13:49:56 INFO  ContainerImpl:1135 - Container container_1611496057886_0001_01_000004 transitioned from KILLING to CONTAINER_CLEANEDUP_AFTER_KILL
rm_1        | 2021-01-24 13:49:26 WARN  LeafQueue:632 - maximum-am-resource-percent is insufficient to start a single application in queue, it is likely set too low. skipping enforcement to allow at least one application to start
datanode_1  | 2021-01-24 13:48:13,961 [f336b28e-c359-404b-9f13-f11ee2b420d1@group-8B5F38039874-LeaderElection2] INFO server.RaftServerConfigKeys: raft.server.staging.catchup.gap = 1000 (default)
datanode_2  | 2021-01-24 13:48:12,355 [4f3146b1-5ef2-441e-9cf8-086707503616@group-2AFF525EBB57-LeaderElection1] INFO server.RaftServerConfigKeys: raft.server.staging.catchup.gap = 1000 (default)
datanode_3  | 2021-01-24 13:48:08,750 [pool-19-thread-1] INFO metrics.RatisMetrics: Creating Metrics Registry : ratis.server.e91979d1-6453-42ec-bbfd-4a8ee14e065e@group-8B5F38039874
nm_1        | 2021-01-24 13:49:56 INFO  NMAuditLogger:89 - USER=hadoop	OPERATION=Container Finished - Killed	TARGET=ContainerImpl	RESULT=SUCCESS	APPID=application_1611496057886_0001	CONTAINERID=container_1611496057886_0001_01_000004
nm_1        | 2021-01-24 13:49:56 INFO  ContainerImpl:1135 - Container container_1611496057886_0001_01_000004 transitioned from CONTAINER_CLEANEDUP_AFTER_KILL to DONE
datanode_1  | 2021-01-24 13:48:13,962 [f336b28e-c359-404b-9f13-f11ee2b420d1@group-8B5F38039874-LeaderElection2] INFO metrics.RatisMetrics: Creating Metrics Registry : ratis.log_appender.f336b28e-c359-404b-9f13-f11ee2b420d1@group-8B5F38039874
datanode_2  | 2021-01-24 13:48:12,358 [4f3146b1-5ef2-441e-9cf8-086707503616@group-2AFF525EBB57-LeaderElection1] INFO metrics.RatisMetrics: Creating Metrics Registry : ratis.log_appender.4f3146b1-5ef2-441e-9cf8-086707503616@group-2AFF525EBB57
datanode_3  | 2021-01-24 13:48:08,752 [pool-19-thread-1] INFO server.RaftServer$Division: e91979d1-6453-42ec-bbfd-4a8ee14e065e@group-8B5F38039874: start as a follower, conf=-1: [4f3146b1-5ef2-441e-9cf8-086707503616|rpc:172.21.0.6:9858|priority:0, f336b28e-c359-404b-9f13-f11ee2b420d1|rpc:172.21.0.5:9858|priority:1, e91979d1-6453-42ec-bbfd-4a8ee14e065e|rpc:172.21.0.8:9858|priority:0], old=null
nm_1        | 2021-01-24 13:49:56 INFO  ApplicationImpl:347 - Removing container_1611496057886_0001_01_000004 from application application_1611496057886_0001
rm_1        | 2021-01-24 13:49:26 WARN  LeafQueue:653 - maximum-am-resource-percent is insufficient to start a single application in queue for user, it is likely set too low. skipping enforcement to allow at least one application to start
datanode_1  | 2021-01-24 13:48:13,963 [f336b28e-c359-404b-9f13-f11ee2b420d1@group-8B5F38039874-LeaderElection2] INFO server.RaftServerConfigKeys: raft.server.write.element-limit = 1024 (custom)
datanode_2  | 2021-01-24 13:48:12,361 [4f3146b1-5ef2-441e-9cf8-086707503616@group-2AFF525EBB57-LeaderElection1] INFO server.RaftServerConfigKeys: raft.server.write.element-limit = 1024 (custom)
datanode_3  | 2021-01-24 13:48:08,757 [pool-19-thread-1] INFO server.RaftServer$Division: e91979d1-6453-42ec-bbfd-4a8ee14e065e@group-8B5F38039874: changes role from      null to FOLLOWER at term 0 for startAsFollower
nm_1        | 2021-01-24 13:49:56 INFO  ContainersMonitorImpl:196 - Neither virutal-memory nor physical-memory monitoring is needed. Not running the monitor-thread
rm_1        | 2021-01-24 13:49:26 INFO  LeafQueue:667 - Application application_1611496057886_0001 from user: hadoop activated in queue: default
datanode_1  | 2021-01-24 13:48:13,963 [f336b28e-c359-404b-9f13-f11ee2b420d1@group-8B5F38039874-LeaderElection2] INFO server.RaftServerConfigKeys: raft.server.write.byte-limit = 1073741824 (custom)
datanode_2  | 2021-01-24 13:48:12,363 [4f3146b1-5ef2-441e-9cf8-086707503616@group-2AFF525EBB57-LeaderElection1] INFO server.RaftServerConfigKeys: raft.server.write.byte-limit = 1073741824 (custom)
rm_1        | 2021-01-24 13:49:26 INFO  LeafQueue:683 - Application added - appId: application_1611496057886_0001 user: org.apache.hadoop.yarn.server.resourcemanager.scheduler.capacity.LeafQueue$User@319e1b8e, leaf-queue: default #user-pending-applications: 0 #user-active-applications: 1 #queue-pending-applications: 0 #queue-active-applications: 1
datanode_3  | 2021-01-24 13:48:08,758 [pool-19-thread-1] INFO impl.RoleInfo: e91979d1-6453-42ec-bbfd-4a8ee14e065e: start e91979d1-6453-42ec-bbfd-4a8ee14e065e@group-8B5F38039874-FollowerState
datanode_2  | 2021-01-24 13:48:12,381 [4f3146b1-5ef2-441e-9cf8-086707503616@group-2AFF525EBB57-LeaderElection1] INFO server.RaftServerConfigKeys: raft.server.watch.timeout = 180s (custom)
datanode_1  | 2021-01-24 13:48:13,963 [f336b28e-c359-404b-9f13-f11ee2b420d1@group-8B5F38039874-LeaderElection2] INFO server.RaftServerConfigKeys: raft.server.watch.timeout = 180s (custom)
nm_1        | 2021-01-24 13:49:56 INFO  AuxServices:196 - Got event CONTAINER_STOP for appId application_1611496057886_0001
rm_1        | 2021-01-24 13:49:26 INFO  CapacityScheduler:843 - Added Application Attempt appattempt_1611496057886_0001_000001 to scheduler from user hadoop in queue default
datanode_3  | 2021-01-24 13:48:08,758 [pool-19-thread-1] INFO util.JmxRegister: Successfully registered JMX Bean with object name Ratis:service=RaftServer,group=group-8B5F38039874,id=e91979d1-6453-42ec-bbfd-4a8ee14e065e
datanode_2  | 2021-01-24 13:48:12,381 [4f3146b1-5ef2-441e-9cf8-086707503616@group-2AFF525EBB57-LeaderElection1] INFO server.RaftServerConfigKeys: raft.server.watch.timeout.denomination = 1s (default)
datanode_1  | 2021-01-24 13:48:13,969 [f336b28e-c359-404b-9f13-f11ee2b420d1@group-8B5F38039874-LeaderElection2] INFO server.RaftServerConfigKeys: raft.server.watch.timeout.denomination = 1s (default)
nm_1        | 2021-01-24 13:49:57 INFO  Server:1316 - Auth successful for appattempt_1611496057886_0001_000001 (auth:SIMPLE)
rm_1        | 2021-01-24 13:49:26 INFO  RMAppAttemptImpl:813 - appattempt_1611496057886_0001_000001 State change from SUBMITTED to SCHEDULED
datanode_3  | 2021-01-24 13:48:08,760 [pool-19-thread-1] INFO metrics.RatisMetrics: Creating Metrics Registry : ratis.state_machine.e91979d1-6453-42ec-bbfd-4a8ee14e065e@group-8B5F38039874
datanode_2  | 2021-01-24 13:48:12,382 [4f3146b1-5ef2-441e-9cf8-086707503616@group-2AFF525EBB57-LeaderElection1] INFO server.RaftServerConfigKeys: raft.server.watch.element-limit = 65536 (default)
