datanode_3_1  | 	at java.base/java.util.stream.AbstractPipeline.wrapAndCopyInto(AbstractPipeline.java:474)
scm_1         | 2020-06-30 09:51:10,249 [RatisPipelineUtilsThread] INFO pipeline.RatisPipelineProvider: Sending CreatePipelineCommand for pipeline:PipelineID=094edcfd-6f7f-4b2b-911a-7e5b089d1a35 to datanode:a21fe6a3-bf6c-4ec4-b9d8-3186b19a40d1
datanode_6_1  | 2020-06-30 09:51:47,108 [cec66679-542d-44b5-8392-0990b3c16d07@group-5CA8558EFFF1-LeaderElection1] INFO ratis.XceiverServerRatis: Leader change notification received for group: group-5CA8558EFFF1 with new leaderId: cec66679-542d-44b5-8392-0990b3c16d07
datanode_5_1  | 2020-06-30 09:51:19,338 [1396cce1-a33b-412d-b299-2f4652c4afcf@group-898CFE9CC647-LeaderElection1] INFO server.RaftServerConfigKeys: raft.server.watch.timeout.denomination = 1s (default)
datanode_3_1  | 	at java.base/java.util.stream.ForEachOps$ForEachOp.evaluateSequential(ForEachOps.java:150)
scm_1         | 2020-06-30 09:51:10,250 [RatisPipelineUtilsThread] INFO pipeline.RatisPipelineProvider: Sending CreatePipelineCommand for pipeline:PipelineID=094edcfd-6f7f-4b2b-911a-7e5b089d1a35 to datanode:0f9217cf-cc90-48f0-943c-e5813004552b
datanode_5_1  | 2020-06-30 09:51:19,339 [1396cce1-a33b-412d-b299-2f4652c4afcf@group-898CFE9CC647-LeaderElection1] INFO server.RaftServerConfigKeys: raft.server.watch.element-limit = 65536 (default)
datanode_6_1  | 2020-06-30 09:51:47,113 [cec66679-542d-44b5-8392-0990b3c16d07@group-5CA8558EFFF1-LeaderElection1] INFO impl.RaftServerImpl: cec66679-542d-44b5-8392-0990b3c16d07@group-5CA8558EFFF1: change Leader from null to cec66679-542d-44b5-8392-0990b3c16d07 at term 1 for becomeLeader, leader elected after 5058ms
datanode_3_1  | 	at java.base/java.util.stream.ForEachOps$ForEachOp$OfRef.evaluateSequential(ForEachOps.java:173)
scm_1         | 2020-06-30 09:51:10,250 [RatisPipelineUtilsThread] INFO pipeline.RatisPipelineProvider: Sending CreatePipelineCommand for pipeline:PipelineID=094edcfd-6f7f-4b2b-911a-7e5b089d1a35 to datanode:57905c22-9801-40f8-9c69-482ae0874598
datanode_5_1  | 2020-06-30 09:51:19,384 [1396cce1-a33b-412d-b299-2f4652c4afcf@group-898CFE9CC647-LeaderElection1] INFO impl.RoleInfo: 1396cce1-a33b-412d-b299-2f4652c4afcf: start LeaderState
datanode_6_1  | 2020-06-30 09:51:47,115 [cec66679-542d-44b5-8392-0990b3c16d07@group-5CA8558EFFF1-LeaderElection1] INFO server.RaftServerConfigKeys: raft.server.staging.catchup.gap = 1000 (default)
datanode_6_1  | 2020-06-30 09:51:47,120 [cec66679-542d-44b5-8392-0990b3c16d07@group-5CA8558EFFF1-LeaderElection1] INFO server.RaftServerConfigKeys: raft.server.rpc.sleep.time = 25ms (default)
scm_1         | 2020-06-30 09:51:10,250 [RatisPipelineUtilsThread] INFO pipeline.PipelineStateManager: Created pipeline Pipeline[ Id: 094edcfd-6f7f-4b2b-911a-7e5b089d1a35, Nodes: a21fe6a3-bf6c-4ec4-b9d8-3186b19a40d1{ip: 10.5.0.4, host: ozone-topology_datanode_1_1.ozone-topology_net, networkLocation: /rack1, certSerialId: null}0f9217cf-cc90-48f0-943c-e5813004552b{ip: 10.5.0.7, host: ozone-topology_datanode_4_1.ozone-topology_net, networkLocation: /rack2, certSerialId: null}57905c22-9801-40f8-9c69-482ae0874598{ip: 10.5.0.6, host: ozone-topology_datanode_3_1.ozone-topology_net, networkLocation: /rack1, certSerialId: null}, Type:RATIS, Factor:THREE, State:ALLOCATED, leaderId:, CreationTimestamp2020-06-30T09:51:10.249230Z]
datanode_6_1  | 2020-06-30 09:51:47,122 [cec66679-542d-44b5-8392-0990b3c16d07@group-5CA8558EFFF1-LeaderElection1] INFO metrics.RatisMetrics: Creating Metrics Registry : ratis.log_appender.cec66679-542d-44b5-8392-0990b3c16d07@group-5CA8558EFFF1
datanode_3_1  | 	at java.base/java.util.stream.AbstractPipeline.evaluate(AbstractPipeline.java:234)
datanode_5_1  | 2020-06-30 09:51:19,455 [1396cce1-a33b-412d-b299-2f4652c4afcf@group-898CFE9CC647-LeaderElection1] INFO segmented.SegmentedRaftLogWorker: 1396cce1-a33b-412d-b299-2f4652c4afcf@group-898CFE9CC647-SegmentedRaftLogWorker: Starting segment from index:0
scm_1         | 2020-06-30 09:51:10,256 [RatisPipelineUtilsThread] ERROR pipeline.SCMPipelineManager: Failed to create pipeline of type RATIS and factor THREE. Exception: Pipeline creation failed because nodes are engaged in other pipelines and every node can only be engaged in max 2 pipelines. Required 3. Found 0
datanode_6_1  | 2020-06-30 09:51:47,134 [cec66679-542d-44b5-8392-0990b3c16d07@group-5CA8558EFFF1-LeaderElection1] INFO server.RaftServerConfigKeys: raft.server.write.element-limit = 1024 (custom)
datanode_3_1  | 	at java.base/java.util.stream.ReferencePipeline.forEach(ReferencePipeline.java:497)
datanode_5_1  | 2020-06-30 09:51:19,584 [Thread-24] INFO impl.FollowerState: 1396cce1-a33b-412d-b299-2f4652c4afcf@group-B0A458B21D76-FollowerState: change to CANDIDATE, lastRpcTime:5059ms, electionTimeout:5018ms
scm_1         | 2020-06-30 09:51:14,291 [EventQueue-PipelineReportForPipelineReportHandler] INFO pipeline.PipelineStateManager: Pipeline Pipeline[ Id: 469a2a0c-94e0-40f5-91b7-2ec1aa333660, Nodes: 57905c22-9801-40f8-9c69-482ae0874598{ip: 10.5.0.6, host: ozone-topology_datanode_3_1.ozone-topology_net, networkLocation: /rack1, certSerialId: null}, Type:RATIS, Factor:ONE, State:ALLOCATED, leaderId:57905c22-9801-40f8-9c69-482ae0874598, CreationTimestamp2020-06-30T09:51:10.246894Z] moved to OPEN state
datanode_6_1  | 2020-06-30 09:51:47,134 [cec66679-542d-44b5-8392-0990b3c16d07@group-5CA8558EFFF1-LeaderElection1] INFO server.RaftServerConfigKeys: raft.server.write.byte-limit = 1073741824 (custom)
datanode_3_1  | 	at org.apache.hadoop.ozone.container.common.statemachine.commandhandler.CreatePipelineCommandHandler.handle(CreatePipelineCommandHandler.java:99)
datanode_5_1  | 2020-06-30 09:51:19,609 [Thread-24] INFO impl.RoleInfo: 1396cce1-a33b-412d-b299-2f4652c4afcf: shutdown FollowerState
scm_1         | 2020-06-30 09:51:14,322 [EventQueue-OpenPipelineForOneReplicaPipelineSafeModeRule] INFO safemode.SCMSafeModeManager: AtleastOneDatanodeReportedRule rule is successfully validated
datanode_6_1  | 2020-06-30 09:51:47,139 [cec66679-542d-44b5-8392-0990b3c16d07@group-5CA8558EFFF1-LeaderElection1] INFO server.RaftServerConfigKeys: raft.server.watch.timeout = 180s (custom)
datanode_3_1  | 	at org.apache.hadoop.ozone.container.common.statemachine.commandhandler.CommandDispatcher.handle(CommandDispatcher.java:99)
datanode_5_1  | 2020-06-30 09:51:19,609 [Thread-24] INFO impl.RaftServerImpl: 1396cce1-a33b-412d-b299-2f4652c4afcf@group-B0A458B21D76: changes role from  FOLLOWER to CANDIDATE at term 0 for changeToCandidate
scm_1         | 2020-06-30 09:51:14,344 [EventQueue-OpenPipelineForHealthyPipelineSafeModeRule] INFO safemode.SCMSafeModeManager: SCM in safe mode. Healthy pipelines reported count is 0, required healthy pipeline reported count is 1
datanode_6_1  | 2020-06-30 09:51:47,139 [cec66679-542d-44b5-8392-0990b3c16d07@group-5CA8558EFFF1-LeaderElection1] INFO server.RaftServerConfigKeys: raft.server.watch.timeout.denomination = 1s (default)
datanode_3_1  | 	at org.apache.hadoop.ozone.container.common.statemachine.DatanodeStateMachine.lambda$initCommandHandlerThread$1(DatanodeStateMachine.java:465)
datanode_5_1  | 2020-06-30 09:51:19,609 [Thread-24] INFO impl.RoleInfo: 1396cce1-a33b-412d-b299-2f4652c4afcf: start LeaderElection
scm_1         | 2020-06-30 09:51:14,440 [EventQueue-PipelineReportForPipelineReportHandler] INFO pipeline.PipelineStateManager: Pipeline Pipeline[ Id: 9e7e548e-501e-4dab-8d2b-898cfe9cc647, Nodes: 1396cce1-a33b-412d-b299-2f4652c4afcf{ip: 10.5.0.8, host: ozone-topology_datanode_5_1.ozone-topology_net, networkLocation: /rack2, certSerialId: null}, Type:RATIS, Factor:ONE, State:ALLOCATED, leaderId:1396cce1-a33b-412d-b299-2f4652c4afcf, CreationTimestamp2020-06-30T09:51:10.059343Z] moved to OPEN state
datanode_6_1  | 2020-06-30 09:51:47,151 [cec66679-542d-44b5-8392-0990b3c16d07@group-5CA8558EFFF1-LeaderElection1] INFO server.RaftServerConfigKeys: raft.server.watch.element-limit = 65536 (default)
datanode_3_1  | 	at java.base/java.lang.Thread.run(Thread.java:834)
datanode_5_1  | 2020-06-30 09:51:19,673 [1396cce1-a33b-412d-b299-2f4652c4afcf@group-898CFE9CC647-LeaderElection1] INFO impl.RaftServerImpl: 1396cce1-a33b-412d-b299-2f4652c4afcf@group-898CFE9CC647: set configuration 0: [1396cce1-a33b-412d-b299-2f4652c4afcf:10.5.0.8:9858], old=null at 0
scm_1         | 2020-06-30 09:51:14,448 [EventQueue-OpenPipelineForOneReplicaPipelineSafeModeRule] INFO safemode.SCMSafeModeManager: AtleastOneDatanodeReportedRule rule is successfully validated
datanode_6_1  | 2020-06-30 09:51:47,180 [cec66679-542d-44b5-8392-0990b3c16d07@group-5CA8558EFFF1-LeaderElection1] INFO impl.RoleInfo: cec66679-542d-44b5-8392-0990b3c16d07: start LeaderState
datanode_3_1  | Caused by: org.apache.ratis.thirdparty.io.grpc.StatusRuntimeException: DEADLINE_EXCEEDED: deadline exceeded after 2.915525016s. [buffered_nanos=1156079538, remote_addr=/10.5.0.4:9858]
datanode_5_1  | 2020-06-30 09:51:19,676 [1396cce1-a33b-412d-b299-2f4652c4afcf@group-B0A458B21D76-LeaderElection2] INFO impl.LeaderElection: 1396cce1-a33b-412d-b299-2f4652c4afcf@group-B0A458B21D76-LeaderElection2: begin an election at term 1 for -1: [7bb395a9-7342-491e-8e57-fab9e21f8f39:10.5.0.5:9858, cec66679-542d-44b5-8392-0990b3c16d07:10.5.0.9:9858, 1396cce1-a33b-412d-b299-2f4652c4afcf:10.5.0.8:9858], old=null
scm_1         | 2020-06-30 09:51:14,448 [EventQueue-OpenPipelineForHealthyPipelineSafeModeRule] INFO safemode.SCMSafeModeManager: SCM in safe mode. Healthy pipelines reported count is 0, required healthy pipeline reported count is 1
datanode_6_1  | 2020-06-30 09:51:47,186 [cec66679-542d-44b5-8392-0990b3c16d07@group-5CA8558EFFF1-LeaderElection1] INFO segmented.SegmentedRaftLogWorker: cec66679-542d-44b5-8392-0990b3c16d07@group-5CA8558EFFF1-SegmentedRaftLogWorker: Starting segment from index:0
datanode_3_1  | 	at org.apache.ratis.thirdparty.io.grpc.stub.ClientCalls.toStatusRuntimeException(ClientCalls.java:240)
datanode_5_1  | 2020-06-30 09:51:20,163 [1396cce1-a33b-412d-b299-2f4652c4afcf@group-B0A458B21D76-LeaderElection2] INFO impl.LeaderElection: 1396cce1-a33b-412d-b299-2f4652c4afcf@group-B0A458B21D76-LeaderElection2: Election PASSED; received 1 response(s) [1396cce1-a33b-412d-b299-2f4652c4afcf<-cec66679-542d-44b5-8392-0990b3c16d07#0:OK-t1] and 0 exception(s); 1396cce1-a33b-412d-b299-2f4652c4afcf@group-B0A458B21D76:t1, leader=null, voted=1396cce1-a33b-412d-b299-2f4652c4afcf, raftlog=1396cce1-a33b-412d-b299-2f4652c4afcf@group-B0A458B21D76-SegmentedRaftLog:OPENED:c-1,f-1,i0, conf=-1: [7bb395a9-7342-491e-8e57-fab9e21f8f39:10.5.0.5:9858, cec66679-542d-44b5-8392-0990b3c16d07:10.5.0.9:9858, 1396cce1-a33b-412d-b299-2f4652c4afcf:10.5.0.8:9858], old=null
scm_1         | 2020-06-30 09:51:21,784 [EventQueue-PipelineReportForPipelineReportHandler] INFO pipeline.PipelineStateManager: Pipeline Pipeline[ Id: 094edcfd-6f7f-4b2b-911a-7e5b089d1a35, Nodes: a21fe6a3-bf6c-4ec4-b9d8-3186b19a40d1{ip: 10.5.0.4, host: ozone-topology_datanode_1_1.ozone-topology_net, networkLocation: /rack1, certSerialId: null}0f9217cf-cc90-48f0-943c-e5813004552b{ip: 10.5.0.7, host: ozone-topology_datanode_4_1.ozone-topology_net, networkLocation: /rack2, certSerialId: null}57905c22-9801-40f8-9c69-482ae0874598{ip: 10.5.0.6, host: ozone-topology_datanode_3_1.ozone-topology_net, networkLocation: /rack1, certSerialId: null}, Type:RATIS, Factor:THREE, State:ALLOCATED, leaderId:57905c22-9801-40f8-9c69-482ae0874598, CreationTimestamp2020-06-30T09:51:10.249230Z] moved to OPEN state
datanode_6_1  | 2020-06-30 09:51:47,187 [cec66679-542d-44b5-8392-0990b3c16d07@group-5CA8558EFFF1-SegmentedRaftLogWorker] INFO segmented.SegmentedRaftLogWorker: cec66679-542d-44b5-8392-0990b3c16d07@group-5CA8558EFFF1-SegmentedRaftLogWorker: created new log segment /data/metadata/ratis/dde5ab7f-f49b-4a43-bda6-5ca8558efff1/current/log_inprogress_0
datanode_3_1  | 	at org.apache.ratis.thirdparty.io.grpc.stub.ClientCalls.getUnchecked(ClientCalls.java:221)
datanode_5_1  | 2020-06-30 09:51:20,182 [1396cce1-a33b-412d-b299-2f4652c4afcf@group-B0A458B21D76-LeaderElection2] INFO impl.RoleInfo: 1396cce1-a33b-412d-b299-2f4652c4afcf: shutdown LeaderElection
scm_1         | 2020-06-30 09:51:21,785 [EventQueue-OpenPipelineForHealthyPipelineSafeModeRule] INFO safemode.SCMSafeModeManager: SCM in safe mode. Healthy pipelines reported count is 1, required healthy pipeline reported count is 1
datanode_6_1  | 2020-06-30 09:51:47,205 [cec66679-542d-44b5-8392-0990b3c16d07@group-5CA8558EFFF1-LeaderElection1] INFO impl.RaftServerImpl: cec66679-542d-44b5-8392-0990b3c16d07@group-5CA8558EFFF1: set configuration 0: [cec66679-542d-44b5-8392-0990b3c16d07:10.5.0.9:9858], old=null at 0
datanode_3_1  | 	at org.apache.ratis.thirdparty.io.grpc.stub.ClientCalls.blockingUnaryCall(ClientCalls.java:140)
datanode_5_1  | 2020-06-30 09:51:20,182 [1396cce1-a33b-412d-b299-2f4652c4afcf@group-B0A458B21D76-LeaderElection2] INFO impl.RaftServerImpl: 1396cce1-a33b-412d-b299-2f4652c4afcf@group-B0A458B21D76: changes role from CANDIDATE to LEADER at term 1 for changeToLeader
scm_1         | 2020-06-30 09:51:21,785 [EventQueue-OpenPipelineForOneReplicaPipelineSafeModeRule] INFO safemode.SCMSafeModeManager: AtleastOneDatanodeReportedRule rule is successfully validated
datanode_5_1  | 2020-06-30 09:51:20,182 [1396cce1-a33b-412d-b299-2f4652c4afcf@group-B0A458B21D76-LeaderElection2] INFO ratis.XceiverServerRatis: Leader change notification received for group: group-B0A458B21D76 with new leaderId: 1396cce1-a33b-412d-b299-2f4652c4afcf
scm_1         | 2020-06-30 09:51:21,788 [EventQueue-OpenPipelineForHealthyPipelineSafeModeRule] INFO safemode.SCMSafeModeManager: HealthyPipelineSafeModeRule rule is successfully validated
datanode_3_1  | 	at org.apache.ratis.proto.grpc.AdminProtocolServiceGrpc$AdminProtocolServiceBlockingStub.groupManagement(AdminProtocolServiceGrpc.java:284)
datanode_5_1  | 2020-06-30 09:51:20,191 [1396cce1-a33b-412d-b299-2f4652c4afcf@group-B0A458B21D76-LeaderElection2] INFO impl.RaftServerImpl: 1396cce1-a33b-412d-b299-2f4652c4afcf@group-B0A458B21D76: change Leader from null to 1396cce1-a33b-412d-b299-2f4652c4afcf at term 1 for becomeLeader, leader elected after 5721ms
datanode_3_1  | 	at org.apache.ratis.grpc.client.GrpcClientProtocolClient.lambda$groupAdd$3(GrpcClientProtocolClient.java:158)
scm_1         | 2020-06-30 09:51:21,791 [EventQueue-OpenPipelineForHealthyPipelineSafeModeRule] INFO safemode.SCMSafeModeManager: ScmSafeModeManager, all rules are successfully validated
datanode_5_1  | 2020-06-30 09:51:20,195 [1396cce1-a33b-412d-b299-2f4652c4afcf@group-B0A458B21D76-LeaderElection2] INFO server.RaftServerConfigKeys: raft.server.staging.catchup.gap = 1000 (default)
scm_1         | 2020-06-30 09:51:21,796 [EventQueue-OpenPipelineForHealthyPipelineSafeModeRule] INFO safemode.SCMSafeModeManager: SCM exiting safe mode.
datanode_5_1  | 2020-06-30 09:51:20,195 [1396cce1-a33b-412d-b299-2f4652c4afcf@group-B0A458B21D76-LeaderElection2] INFO server.RaftServerConfigKeys: raft.server.rpc.sleep.time = 25ms (default)
datanode_3_1  | 	at org.apache.ratis.grpc.client.GrpcClientProtocolClient.blockingCall(GrpcClientProtocolClient.java:185)
scm_1         | 2020-06-30 09:51:22,173 [EventQueue-PipelineReportForPipelineReportHandler] INFO pipeline.PipelineStateManager: Pipeline Pipeline[ Id: c1f37313-6146-4839-82ee-b0a458b21d76, Nodes: cec66679-542d-44b5-8392-0990b3c16d07{ip: 10.5.0.9, host: ozone-topology_datanode_6_1.ozone-topology_net, networkLocation: /rack2, certSerialId: null}7bb395a9-7342-491e-8e57-fab9e21f8f39{ip: 10.5.0.5, host: ozone-topology_datanode_2_1.ozone-topology_net, networkLocation: /rack1, certSerialId: null}1396cce1-a33b-412d-b299-2f4652c4afcf{ip: 10.5.0.8, host: ozone-topology_datanode_5_1.ozone-topology_net, networkLocation: /rack2, certSerialId: null}, Type:RATIS, Factor:THREE, State:ALLOCATED, leaderId:1396cce1-a33b-412d-b299-2f4652c4afcf, CreationTimestamp2020-06-30T09:51:10.109870Z] moved to OPEN state
datanode_5_1  | 2020-06-30 09:51:20,195 [1396cce1-a33b-412d-b299-2f4652c4afcf@group-B0A458B21D76-LeaderElection2] INFO metrics.RatisMetrics: Creating Metrics Registry : ratis.log_appender.1396cce1-a33b-412d-b299-2f4652c4afcf@group-B0A458B21D76
datanode_3_1  | 	... 18 more
scm_1         | 2020-06-30 09:51:38,831 [IPC Server handler 53 on default port 9863] WARN node.SCMNodeManager: Cannot find node for address 10.5.0.71
datanode_5_1  | 2020-06-30 09:51:20,196 [1396cce1-a33b-412d-b299-2f4652c4afcf@group-B0A458B21D76-LeaderElection2] INFO server.RaftServerConfigKeys: raft.server.write.element-limit = 1024 (custom)
datanode_3_1  | 2020-06-30 09:51:19,456 [Thread-23] INFO impl.FollowerState: 57905c22-9801-40f8-9c69-482ae0874598@group-2EC1AA333660-FollowerState: change to CANDIDATE, lastRpcTime:5041ms, electionTimeout:5027ms
scm_1         | 2020-06-30 09:51:41,116 [IPC Server handler 6 on default port 9863] WARN node.SCMNodeManager: Cannot find node for address 10.5.0.71
datanode_5_1  | 2020-06-30 09:51:20,197 [1396cce1-a33b-412d-b299-2f4652c4afcf@group-B0A458B21D76-LeaderElection2] INFO server.RaftServerConfigKeys: raft.server.write.byte-limit = 1073741824 (custom)
datanode_3_1  | 2020-06-30 09:51:19,461 [Thread-23] INFO impl.RoleInfo: 57905c22-9801-40f8-9c69-482ae0874598: shutdown FollowerState
scm_1         | 2020-06-30 09:51:41,747 [EventQueue-PipelineReportForPipelineReportHandler] INFO pipeline.PipelineStateManager: Pipeline Pipeline[ Id: 0502f07b-9a1b-40fe-92b4-ed9d2fc1efa8, Nodes: 0f9217cf-cc90-48f0-943c-e5813004552b{ip: 10.5.0.7, host: ozone-topology_datanode_4_1.ozone-topology_net, networkLocation: /rack2, certSerialId: null}, Type:RATIS, Factor:ONE, State:ALLOCATED, leaderId:0f9217cf-cc90-48f0-943c-e5813004552b, CreationTimestamp2020-06-30T09:51:10.067661Z] moved to OPEN state
datanode_5_1  | 2020-06-30 09:51:20,198 [1396cce1-a33b-412d-b299-2f4652c4afcf@group-B0A458B21D76-LeaderElection2] INFO server.RaftServerConfigKeys: raft.server.watch.timeout = 180s (custom)
datanode_3_1  | 2020-06-30 09:51:19,461 [Thread-23] INFO impl.RaftServerImpl: 57905c22-9801-40f8-9c69-482ae0874598@group-2EC1AA333660: changes role from  FOLLOWER to CANDIDATE at term 0 for changeToCandidate
scm_1         | 2020-06-30 09:51:41,923 [EventQueue-PipelineReportForPipelineReportHandler] INFO pipeline.PipelineStateManager: Pipeline Pipeline[ Id: 628e3425-ee6a-42bc-884c-ff7f00c93f0b, Nodes: 7bb395a9-7342-491e-8e57-fab9e21f8f39{ip: 10.5.0.5, host: ozone-topology_datanode_2_1.ozone-topology_net, networkLocation: /rack1, certSerialId: null}, Type:RATIS, Factor:ONE, State:ALLOCATED, leaderId:7bb395a9-7342-491e-8e57-fab9e21f8f39, CreationTimestamp2020-06-30T09:51:09.534072Z] moved to OPEN state
datanode_5_1  | 2020-06-30 09:51:20,204 [1396cce1-a33b-412d-b299-2f4652c4afcf@group-B0A458B21D76-LeaderElection2] INFO server.RaftServerConfigKeys: raft.server.watch.timeout.denomination = 1s (default)
datanode_3_1  | 2020-06-30 09:51:19,463 [Thread-23] INFO impl.RoleInfo: 57905c22-9801-40f8-9c69-482ae0874598: start LeaderElection
scm_1         | 2020-06-30 09:51:42,053 [EventQueue-PipelineReportForPipelineReportHandler] INFO pipeline.PipelineStateManager: Pipeline Pipeline[ Id: dde5ab7f-f49b-4a43-bda6-5ca8558efff1, Nodes: cec66679-542d-44b5-8392-0990b3c16d07{ip: 10.5.0.9, host: ozone-topology_datanode_6_1.ozone-topology_net, networkLocation: /rack2, certSerialId: null}, Type:RATIS, Factor:ONE, State:ALLOCATED, leaderId:cec66679-542d-44b5-8392-0990b3c16d07, CreationTimestamp2020-06-30T09:51:10.058015Z] moved to OPEN state
datanode_5_1  | 2020-06-30 09:51:20,204 [1396cce1-a33b-412d-b299-2f4652c4afcf@group-B0A458B21D76-LeaderElection2] INFO server.RaftServerConfigKeys: raft.server.watch.element-limit = 65536 (default)
datanode_3_1  | 2020-06-30 09:51:19,538 [57905c22-9801-40f8-9c69-482ae0874598@group-2EC1AA333660-LeaderElection1] INFO impl.LeaderElection: 57905c22-9801-40f8-9c69-482ae0874598@group-2EC1AA333660-LeaderElection1: begin an election at term 1 for -1: [57905c22-9801-40f8-9c69-482ae0874598:10.5.0.6:9858], old=null
scm_1         | 2020-06-30 09:51:42,986 [EventQueue-PipelineReportForPipelineReportHandler] INFO pipeline.PipelineStateManager: Pipeline Pipeline[ Id: b59e49f7-b208-4bb3-bac0-849c23d94d72, Nodes: a21fe6a3-bf6c-4ec4-b9d8-3186b19a40d1{ip: 10.5.0.4, host: ozone-topology_datanode_1_1.ozone-topology_net, networkLocation: /rack1, certSerialId: null}, Type:RATIS, Factor:ONE, State:ALLOCATED, leaderId:a21fe6a3-bf6c-4ec4-b9d8-3186b19a40d1, CreationTimestamp2020-06-30T09:51:10.235529Z] moved to OPEN state
datanode_5_1  | 2020-06-30 09:51:20,210 [1396cce1-a33b-412d-b299-2f4652c4afcf@group-B0A458B21D76-LeaderElection2] INFO server.RaftServerConfigKeys: raft.server.log.appender.snapshot.chunk.size.max = 16MB (=16777216) (default)
datanode_3_1  | 2020-06-30 09:51:19,540 [57905c22-9801-40f8-9c69-482ae0874598@group-2EC1AA333660-LeaderElection1] INFO impl.RoleInfo: 57905c22-9801-40f8-9c69-482ae0874598: shutdown LeaderElection
scm_1         | 2020-06-30 09:51:43,707 [IPC Server handler 7 on default port 9863] WARN node.SCMNodeManager: Cannot find node for address 10.5.0.71
datanode_5_1  | 2020-06-30 09:51:20,217 [1396cce1-a33b-412d-b299-2f4652c4afcf@group-B0A458B21D76-LeaderElection2] INFO server.RaftServerConfigKeys: raft.server.log.appender.buffer.byte-limit = 33554432 (custom)
datanode_3_1  | 2020-06-30 09:51:19,544 [57905c22-9801-40f8-9c69-482ae0874598@group-2EC1AA333660-LeaderElection1] INFO impl.RaftServerImpl: 57905c22-9801-40f8-9c69-482ae0874598@group-2EC1AA333660: changes role from CANDIDATE to LEADER at term 1 for changeToLeader
scm_1         | 2020-06-30 09:51:46,311 [IPC Server handler 73 on default port 9863] WARN node.SCMNodeManager: Cannot find node for address 10.5.0.71
datanode_5_1  | 2020-06-30 09:51:20,217 [1396cce1-a33b-412d-b299-2f4652c4afcf@group-B0A458B21D76-LeaderElection2] INFO server.RaftServerConfigKeys: raft.server.log.appender.buffer.element-limit = 1 (custom)
datanode_3_1  | 2020-06-30 09:51:19,545 [57905c22-9801-40f8-9c69-482ae0874598@group-2EC1AA333660-LeaderElection1] INFO ratis.XceiverServerRatis: Leader change notification received for group: group-2EC1AA333660 with new leaderId: 57905c22-9801-40f8-9c69-482ae0874598
scm_1         | 2020-06-30 09:51:50,602 [IPC Server handler 7 on default port 9863] WARN node.SCMNodeManager: Cannot find node for address 10.5.0.71
datanode_5_1  | 2020-06-30 09:51:20,248 [1396cce1-a33b-412d-b299-2f4652c4afcf@group-B0A458B21D76-LeaderElection2] INFO grpc.GrpcConfigKeys: raft.grpc.server.leader.outstanding.appends.max = 128 (default)
datanode_3_1  | 2020-06-30 09:51:19,591 [57905c22-9801-40f8-9c69-482ae0874598@group-2EC1AA333660-LeaderElection1] INFO impl.RaftServerImpl: 57905c22-9801-40f8-9c69-482ae0874598@group-2EC1AA333660: change Leader from null to 57905c22-9801-40f8-9c69-482ae0874598 at term 1 for becomeLeader, leader elected after 6149ms
scm_1         | 2020-06-30 09:51:53,206 [IPC Server handler 72 on default port 9863] WARN node.SCMNodeManager: Cannot find node for address 10.5.0.71
datanode_5_1  | 2020-06-30 09:51:20,274 [1396cce1-a33b-412d-b299-2f4652c4afcf@group-B0A458B21D76-LeaderElection2] INFO server.RaftServerConfigKeys: raft.server.rpc.request.timeout = 60s (custom)
datanode_3_1  | 2020-06-30 09:51:19,598 [57905c22-9801-40f8-9c69-482ae0874598@group-2EC1AA333660-LeaderElection1] INFO server.RaftServerConfigKeys: raft.server.staging.catchup.gap = 1000 (default)
scm_1         | 2020-06-30 09:51:55,805 [IPC Server handler 0 on default port 9863] WARN node.SCMNodeManager: Cannot find node for address 10.5.0.71
datanode_5_1  | 2020-06-30 09:51:20,274 [1396cce1-a33b-412d-b299-2f4652c4afcf@group-B0A458B21D76-LeaderElection2] INFO server.RaftServerConfigKeys: raft.server.log.appender.install.snapshot.enabled = false (custom)
datanode_3_1  | 2020-06-30 09:51:19,612 [57905c22-9801-40f8-9c69-482ae0874598@group-2EC1AA333660-LeaderElection1] INFO server.RaftServerConfigKeys: raft.server.rpc.sleep.time = 25ms (default)
scm_1         | 2020-06-30 09:51:58,386 [IPC Server handler 53 on default port 9863] WARN node.SCMNodeManager: Cannot find node for address 10.5.0.71
datanode_5_1  | 2020-06-30 09:51:20,275 [1396cce1-a33b-412d-b299-2f4652c4afcf@group-B0A458B21D76-LeaderElection2] INFO metrics.RatisMetrics: Creating Metrics Registry : ratis_grpc.log_appender.1396cce1-a33b-412d-b299-2f4652c4afcf@group-B0A458B21D76
datanode_3_1  | 2020-06-30 09:51:19,614 [57905c22-9801-40f8-9c69-482ae0874598@group-2EC1AA333660-LeaderElection1] INFO metrics.RatisMetrics: Creating Metrics Registry : ratis.log_appender.57905c22-9801-40f8-9c69-482ae0874598@group-2EC1AA333660
scm_1         | 2020-06-30 09:52:00,960 [IPC Server handler 15 on default port 9863] WARN node.SCMNodeManager: Cannot find node for address 10.5.0.71
datanode_5_1  | 2020-06-30 09:51:20,333 [1396cce1-a33b-412d-b299-2f4652c4afcf@group-B0A458B21D76-LeaderElection2] INFO server.RaftServerConfigKeys: raft.server.log.appender.snapshot.chunk.size.max = 16MB (=16777216) (default)
datanode_3_1  | 2020-06-30 09:51:19,697 [57905c22-9801-40f8-9c69-482ae0874598@group-2EC1AA333660-LeaderElection1] INFO server.RaftServerConfigKeys: raft.server.write.element-limit = 1024 (custom)
scm_1         | 2020-06-30 09:52:03,567 [IPC Server handler 3 on default port 9863] WARN node.SCMNodeManager: Cannot find node for address 10.5.0.71
datanode_5_1  | 2020-06-30 09:51:20,336 [1396cce1-a33b-412d-b299-2f4652c4afcf@group-B0A458B21D76-LeaderElection2] INFO server.RaftServerConfigKeys: raft.server.log.appender.buffer.byte-limit = 33554432 (custom)
datanode_3_1  | 2020-06-30 09:51:19,705 [57905c22-9801-40f8-9c69-482ae0874598@group-2EC1AA333660-LeaderElection1] INFO server.RaftServerConfigKeys: raft.server.write.byte-limit = 1073741824 (custom)
scm_1         | 2020-06-30 09:52:06,153 [IPC Server handler 57 on default port 9863] WARN node.SCMNodeManager: Cannot find node for address 10.5.0.71
datanode_5_1  | 2020-06-30 09:51:20,336 [1396cce1-a33b-412d-b299-2f4652c4afcf@group-B0A458B21D76-LeaderElection2] INFO server.RaftServerConfigKeys: raft.server.log.appender.buffer.element-limit = 1 (custom)
datanode_3_1  | 2020-06-30 09:51:19,716 [57905c22-9801-40f8-9c69-482ae0874598@group-2EC1AA333660-LeaderElection1] INFO server.RaftServerConfigKeys: raft.server.watch.timeout = 180s (custom)
scm_1         | 2020-06-30 09:52:08,717 [IPC Server handler 9 on default port 9863] WARN node.SCMNodeManager: Cannot find node for address 10.5.0.71
datanode_5_1  | 2020-06-30 09:51:20,336 [1396cce1-a33b-412d-b299-2f4652c4afcf@group-B0A458B21D76-LeaderElection2] INFO grpc.GrpcConfigKeys: raft.grpc.server.leader.outstanding.appends.max = 128 (default)
datanode_3_1  | 2020-06-30 09:51:19,722 [Thread-25] INFO impl.FollowerState: 57905c22-9801-40f8-9c69-482ae0874598@group-7E5B089D1A35-FollowerState: change to CANDIDATE, lastRpcTime:5049ms, electionTimeout:5032ms
scm_1         | 2020-06-30 09:52:11,334 [IPC Server handler 53 on default port 9863] WARN node.SCMNodeManager: Cannot find node for address 10.5.0.71
datanode_5_1  | 2020-06-30 09:51:20,351 [1396cce1-a33b-412d-b299-2f4652c4afcf@group-B0A458B21D76-LeaderElection2] INFO server.RaftServerConfigKeys: raft.server.rpc.request.timeout = 60s (custom)
datanode_3_1  | 2020-06-30 09:51:19,741 [Thread-25] INFO impl.RoleInfo: 57905c22-9801-40f8-9c69-482ae0874598: shutdown FollowerState
datanode_5_1  | 2020-06-30 09:51:20,351 [1396cce1-a33b-412d-b299-2f4652c4afcf@group-B0A458B21D76-LeaderElection2] INFO server.RaftServerConfigKeys: raft.server.log.appender.install.snapshot.enabled = false (custom)
datanode_3_1  | 2020-06-30 09:51:19,744 [Thread-25] INFO impl.RaftServerImpl: 57905c22-9801-40f8-9c69-482ae0874598@group-7E5B089D1A35: changes role from  FOLLOWER to CANDIDATE at term 0 for changeToCandidate
scm_1         | 2020-06-30 09:52:13,898 [IPC Server handler 15 on default port 9863] WARN node.SCMNodeManager: Cannot find node for address 10.5.0.71
datanode_5_1  | 2020-06-30 09:51:20,355 [1396cce1-a33b-412d-b299-2f4652c4afcf@group-B0A458B21D76-LeaderElection2] INFO impl.RoleInfo: 1396cce1-a33b-412d-b299-2f4652c4afcf: start LeaderState
datanode_3_1  | 2020-06-30 09:51:19,745 [Thread-25] INFO impl.RoleInfo: 57905c22-9801-40f8-9c69-482ae0874598: start LeaderElection
scm_1         | 2020-06-30 09:52:16,486 [IPC Server handler 3 on default port 9863] WARN node.SCMNodeManager: Cannot find node for address 10.5.0.71
datanode_5_1  | 2020-06-30 09:51:20,384 [1396cce1-a33b-412d-b299-2f4652c4afcf@group-B0A458B21D76-LeaderElection2] INFO segmented.SegmentedRaftLogWorker: 1396cce1-a33b-412d-b299-2f4652c4afcf@group-B0A458B21D76-SegmentedRaftLogWorker: Starting segment from index:0
datanode_3_1  | 2020-06-30 09:51:19,746 [57905c22-9801-40f8-9c69-482ae0874598@group-2EC1AA333660-LeaderElection1] INFO server.RaftServerConfigKeys: raft.server.watch.timeout.denomination = 1s (default)
scm_1         | 2020-06-30 09:52:19,050 [IPC Server handler 8 on default port 9863] WARN node.SCMNodeManager: Cannot find node for address 10.5.0.71
datanode_3_1  | 2020-06-30 09:51:19,756 [57905c22-9801-40f8-9c69-482ae0874598@group-2EC1AA333660-LeaderElection1] INFO server.RaftServerConfigKeys: raft.server.watch.element-limit = 65536 (default)
datanode_5_1  | 2020-06-30 09:51:20,435 [1396cce1-a33b-412d-b299-2f4652c4afcf@group-B0A458B21D76-LeaderElection2] INFO impl.RaftServerImpl: 1396cce1-a33b-412d-b299-2f4652c4afcf@group-B0A458B21D76: set configuration 0: [7bb395a9-7342-491e-8e57-fab9e21f8f39:10.5.0.5:9858, cec66679-542d-44b5-8392-0990b3c16d07:10.5.0.9:9858, 1396cce1-a33b-412d-b299-2f4652c4afcf:10.5.0.8:9858], old=null at 0
scm_1         | 2020-06-30 09:52:21,645 [IPC Server handler 9 on default port 9863] WARN node.SCMNodeManager: Cannot find node for address 10.5.0.71
datanode_3_1  | 2020-06-30 09:51:19,817 [57905c22-9801-40f8-9c69-482ae0874598@group-7E5B089D1A35-LeaderElection2] INFO impl.LeaderElection: 57905c22-9801-40f8-9c69-482ae0874598@group-7E5B089D1A35-LeaderElection2: begin an election at term 1 for -1: [a21fe6a3-bf6c-4ec4-b9d8-3186b19a40d1:10.5.0.4:9858, 0f9217cf-cc90-48f0-943c-e5813004552b:10.5.0.7:9858, 57905c22-9801-40f8-9c69-482ae0874598:10.5.0.6:9858], old=null
datanode_5_1  | 2020-06-30 09:51:20,461 [1396cce1-a33b-412d-b299-2f4652c4afcf@group-898CFE9CC647-SegmentedRaftLogWorker] INFO segmented.SegmentedRaftLogWorker: 1396cce1-a33b-412d-b299-2f4652c4afcf@group-898CFE9CC647-SegmentedRaftLogWorker: created new log segment /data/metadata/ratis/9e7e548e-501e-4dab-8d2b-898cfe9cc647/current/log_inprogress_0
scm_1         | 2020-06-30 09:52:24,208 [IPC Server handler 72 on default port 9863] WARN node.SCMNodeManager: Cannot find node for address 10.5.0.71
datanode_3_1  | 2020-06-30 09:51:19,856 [57905c22-9801-40f8-9c69-482ae0874598@group-2EC1AA333660-LeaderElection1] INFO impl.RoleInfo: 57905c22-9801-40f8-9c69-482ae0874598: start LeaderState
datanode_5_1  | 2020-06-30 09:51:20,489 [1396cce1-a33b-412d-b299-2f4652c4afcf@group-B0A458B21D76-SegmentedRaftLogWorker] INFO segmented.SegmentedRaftLogWorker: 1396cce1-a33b-412d-b299-2f4652c4afcf@group-B0A458B21D76-SegmentedRaftLogWorker: created new log segment /data/metadata/ratis/c1f37313-6146-4839-82ee-b0a458b21d76/current/log_inprogress_0
datanode_3_1  | 2020-06-30 09:51:20,150 [57905c22-9801-40f8-9c69-482ae0874598@group-2EC1AA333660-LeaderElection1] INFO segmented.SegmentedRaftLogWorker: 57905c22-9801-40f8-9c69-482ae0874598@group-2EC1AA333660-SegmentedRaftLogWorker: Starting segment from index:0
datanode_5_1  | 2020-06-30 09:51:21,328 [Command processor thread] WARN commandhandler.CreatePipelineCommandHandler: Add group failed for 7bb395a9-7342-491e-8e57-fab9e21f8f39{ip: 10.5.0.5, host: ozone-topology_datanode_2_1.ozone-topology_net, networkLocation: /rack1, certSerialId: null}
scm_1         | 2020-06-30 09:52:26,791 [IPC Server handler 15 on default port 9863] WARN node.SCMNodeManager: Cannot find node for address 10.5.0.71
datanode_3_1  | 2020-06-30 09:51:20,277 [57905c22-9801-40f8-9c69-482ae0874598@group-2EC1AA333660-LeaderElection1] INFO impl.RaftServerImpl: 57905c22-9801-40f8-9c69-482ae0874598@group-2EC1AA333660: set configuration 0: [57905c22-9801-40f8-9c69-482ae0874598:10.5.0.6:9858], old=null at 0
datanode_5_1  | org.apache.ratis.protocol.TimeoutIOException: deadline exceeded after 2.999786998s. [buffered_nanos=703569619, remote_addr=/10.5.0.5:9858]
scm_1         | 2020-06-30 09:52:29,384 [IPC Server handler 3 on default port 9863] WARN node.SCMNodeManager: Cannot find node for address 10.5.0.71
datanode_3_1  | 2020-06-30 09:51:20,466 [57905c22-9801-40f8-9c69-482ae0874598@group-7E5B089D1A35-LeaderElection2] INFO impl.LeaderElection: 57905c22-9801-40f8-9c69-482ae0874598@group-7E5B089D1A35-LeaderElection2: Election PASSED; received 1 response(s) [57905c22-9801-40f8-9c69-482ae0874598<-a21fe6a3-bf6c-4ec4-b9d8-3186b19a40d1#0:OK-t1] and 0 exception(s); 57905c22-9801-40f8-9c69-482ae0874598@group-7E5B089D1A35:t1, leader=null, voted=57905c22-9801-40f8-9c69-482ae0874598, raftlog=57905c22-9801-40f8-9c69-482ae0874598@group-7E5B089D1A35-SegmentedRaftLog:OPENED:c-1,f-1,i0, conf=-1: [a21fe6a3-bf6c-4ec4-b9d8-3186b19a40d1:10.5.0.4:9858, 0f9217cf-cc90-48f0-943c-e5813004552b:10.5.0.7:9858, 57905c22-9801-40f8-9c69-482ae0874598:10.5.0.6:9858], old=null
datanode_5_1  | 	at org.apache.ratis.grpc.GrpcUtil.tryUnwrapException(GrpcUtil.java:93)
scm_1         | 2020-06-30 09:52:31,964 [IPC Server handler 12 on default port 9863] WARN node.SCMNodeManager: Cannot find node for address 10.5.0.71
datanode_3_1  | 2020-06-30 09:51:20,482 [57905c22-9801-40f8-9c69-482ae0874598@group-7E5B089D1A35-LeaderElection2] INFO impl.RoleInfo: 57905c22-9801-40f8-9c69-482ae0874598: shutdown LeaderElection
datanode_5_1  | 	at org.apache.ratis.grpc.GrpcUtil.unwrapException(GrpcUtil.java:86)
scm_1         | 2020-06-30 09:52:34,549 [IPC Server handler 9 on default port 9863] WARN node.SCMNodeManager: Cannot find node for address 10.5.0.71
datanode_3_1  | 2020-06-30 09:51:20,488 [57905c22-9801-40f8-9c69-482ae0874598@group-7E5B089D1A35-LeaderElection2] INFO impl.RaftServerImpl: 57905c22-9801-40f8-9c69-482ae0874598@group-7E5B089D1A35: changes role from CANDIDATE to LEADER at term 1 for changeToLeader
datanode_5_1  | 	at org.apache.ratis.grpc.client.GrpcClientProtocolClient.blockingCall(GrpcClientProtocolClient.java:187)
scm_1         | 2020-06-30 09:52:37,113 [IPC Server handler 5 on default port 9863] WARN node.SCMNodeManager: Cannot find node for address 10.5.0.71
datanode_3_1  | 2020-06-30 09:51:20,489 [57905c22-9801-40f8-9c69-482ae0874598@group-7E5B089D1A35-LeaderElection2] INFO ratis.XceiverServerRatis: Leader change notification received for group: group-7E5B089D1A35 with new leaderId: 57905c22-9801-40f8-9c69-482ae0874598
datanode_5_1  | 	at org.apache.ratis.grpc.client.GrpcClientProtocolClient.groupAdd(GrpcClientProtocolClient.java:156)
scm_1         | 2020-06-30 09:52:39,725 [IPC Server handler 15 on default port 9863] WARN node.SCMNodeManager: Cannot find node for address 10.5.0.71
datanode_3_1  | 2020-06-30 09:51:20,490 [57905c22-9801-40f8-9c69-482ae0874598@group-7E5B089D1A35-LeaderElection2] INFO impl.RaftServerImpl: 57905c22-9801-40f8-9c69-482ae0874598@group-7E5B089D1A35: change Leader from null to 57905c22-9801-40f8-9c69-482ae0874598 at term 1 for becomeLeader, leader elected after 5889ms
datanode_5_1  | 	at org.apache.ratis.grpc.client.GrpcClientRpc.sendRequest(GrpcClientRpc.java:95)
scm_1         | 2020-06-30 09:52:42,307 [IPC Server handler 53 on default port 9863] WARN node.SCMNodeManager: Cannot find node for address 10.5.0.71
datanode_3_1  | 2020-06-30 09:51:20,528 [57905c22-9801-40f8-9c69-482ae0874598@group-7E5B089D1A35-LeaderElection2] INFO server.RaftServerConfigKeys: raft.server.staging.catchup.gap = 1000 (default)
datanode_5_1  | 	at org.apache.ratis.client.impl.RaftClientImpl.sendRequest(RaftClientImpl.java:337)
scm_1         | 2020-06-30 09:52:44,896 [IPC Server handler 12 on default port 9863] WARN node.SCMNodeManager: Cannot find node for address 10.5.0.71
datanode_3_1  | 2020-06-30 09:51:20,529 [57905c22-9801-40f8-9c69-482ae0874598@group-7E5B089D1A35-LeaderElection2] INFO server.RaftServerConfigKeys: raft.server.rpc.sleep.time = 25ms (default)
datanode_5_1  | 	at org.apache.ratis.client.impl.RaftClientImpl.groupAdd(RaftClientImpl.java:249)
scm_1         | 2020-06-30 09:52:47,459 [IPC Server handler 9 on default port 9863] WARN node.SCMNodeManager: Cannot find node for address 10.5.0.71
scm_1         | 2020-06-30 09:52:50,042 [IPC Server handler 2 on default port 9863] WARN node.SCMNodeManager: Cannot find node for address 10.5.0.71
datanode_5_1  | 	at org.apache.hadoop.ozone.container.common.statemachine.commandhandler.CreatePipelineCommandHandler.lambda$handle$1(CreatePipelineCommandHandler.java:102)
datanode_3_1  | 2020-06-30 09:51:20,529 [57905c22-9801-40f8-9c69-482ae0874598@group-7E5B089D1A35-LeaderElection2] INFO metrics.RatisMetrics: Creating Metrics Registry : ratis.log_appender.57905c22-9801-40f8-9c69-482ae0874598@group-7E5B089D1A35
scm_1         | 2020-06-30 09:52:52,654 [IPC Server handler 15 on default port 9863] WARN node.SCMNodeManager: Cannot find node for address 10.5.0.71
datanode_5_1  | 	at java.base/java.util.stream.ForEachOps$ForEachOp$OfRef.accept(ForEachOps.java:183)
datanode_3_1  | 2020-06-30 09:51:20,529 [57905c22-9801-40f8-9c69-482ae0874598@group-7E5B089D1A35-LeaderElection2] INFO server.RaftServerConfigKeys: raft.server.write.element-limit = 1024 (custom)
scm_1         | 2020-06-30 09:52:55,213 [IPC Server handler 72 on default port 9863] WARN node.SCMNodeManager: Cannot find node for address 10.5.0.71
datanode_5_1  | 	at java.base/java.util.stream.ReferencePipeline$2$1.accept(ReferencePipeline.java:177)
datanode_3_1  | 2020-06-30 09:51:20,531 [57905c22-9801-40f8-9c69-482ae0874598@group-7E5B089D1A35-LeaderElection2] INFO server.RaftServerConfigKeys: raft.server.write.byte-limit = 1073741824 (custom)
scm_1         | 2020-06-30 09:52:57,832 [IPC Server handler 12 on default port 9863] WARN node.SCMNodeManager: Cannot find node for address 10.5.0.71
datanode_5_1  | 	at java.base/java.util.ArrayList$ArrayListSpliterator.forEachRemaining(ArrayList.java:1654)
datanode_3_1  | 2020-06-30 09:51:20,540 [57905c22-9801-40f8-9c69-482ae0874598@group-7E5B089D1A35-LeaderElection2] INFO server.RaftServerConfigKeys: raft.server.watch.timeout = 180s (custom)
scm_1         | 2020-06-30 09:53:00,424 [IPC Server handler 9 on default port 9863] WARN node.SCMNodeManager: Cannot find node for address 10.5.0.71
datanode_5_1  | 	at java.base/java.util.stream.AbstractPipeline.copyInto(AbstractPipeline.java:484)
datanode_5_1  | 	at java.base/java.util.stream.AbstractPipeline.wrapAndCopyInto(AbstractPipeline.java:474)
scm_1         | 2020-06-30 09:53:03,021 [IPC Server handler 5 on default port 9863] WARN node.SCMNodeManager: Cannot find node for address 10.5.0.71
datanode_5_1  | 	at java.base/java.util.stream.ForEachOps$ForEachOp.evaluateSequential(ForEachOps.java:150)
datanode_3_1  | 2020-06-30 09:51:20,545 [57905c22-9801-40f8-9c69-482ae0874598@group-7E5B089D1A35-LeaderElection2] INFO server.RaftServerConfigKeys: raft.server.watch.timeout.denomination = 1s (default)
scm_1         | 2020-06-30 09:53:05,335 [RatisPipelineUtilsThread] ERROR pipeline.SCMPipelineManager: Failed to create pipeline of type RATIS and factor ONE. Exception: Cannot create pipeline of factor 1 using 0 nodes. Used 6 nodes. Healthy nodes 6
datanode_5_1  | 	at java.base/java.util.stream.ForEachOps$ForEachOp$OfRef.evaluateSequential(ForEachOps.java:173)
datanode_3_1  | 2020-06-30 09:51:20,547 [57905c22-9801-40f8-9c69-482ae0874598@group-7E5B089D1A35-LeaderElection2] INFO server.RaftServerConfigKeys: raft.server.watch.element-limit = 65536 (default)
scm_1         | 2020-06-30 09:53:05,336 [RatisPipelineUtilsThread] ERROR pipeline.SCMPipelineManager: Failed to create pipeline of type RATIS and factor THREE. Exception: Pipeline creation failed because nodes are engaged in other pipelines and every node can only be engaged in max 2 pipelines. Required 3. Found 0
datanode_5_1  | 	at java.base/java.util.stream.AbstractPipeline.evaluate(AbstractPipeline.java:234)
datanode_3_1  | 2020-06-30 09:51:20,604 [57905c22-9801-40f8-9c69-482ae0874598@group-7E5B089D1A35-LeaderElection2] INFO server.RaftServerConfigKeys: raft.server.log.appender.snapshot.chunk.size.max = 16MB (=16777216) (default)
scm_1         | 2020-06-30 09:53:05,563 [IPC Server handler 6 on default port 9863] WARN node.SCMNodeManager: Cannot find node for address 10.5.0.71
datanode_5_1  | 	at java.base/java.util.stream.ReferencePipeline.forEach(ReferencePipeline.java:497)
datanode_3_1  | 2020-06-30 09:51:20,605 [57905c22-9801-40f8-9c69-482ae0874598@group-7E5B089D1A35-LeaderElection2] INFO server.RaftServerConfigKeys: raft.server.log.appender.buffer.byte-limit = 33554432 (custom)
scm_1         | 2020-06-30 09:53:08,133 [IPC Server handler 4 on default port 9863] WARN node.SCMNodeManager: Cannot find node for address 10.5.0.71
datanode_5_1  | 	at org.apache.hadoop.ozone.container.common.statemachine.commandhandler.CreatePipelineCommandHandler.handle(CreatePipelineCommandHandler.java:99)
datanode_5_1  | 	at org.apache.hadoop.ozone.container.common.statemachine.commandhandler.CommandDispatcher.handle(CommandDispatcher.java:99)
datanode_3_1  | 2020-06-30 09:51:20,628 [57905c22-9801-40f8-9c69-482ae0874598@group-7E5B089D1A35-LeaderElection2] INFO server.RaftServerConfigKeys: raft.server.log.appender.buffer.element-limit = 1 (custom)
datanode_5_1  | 	at org.apache.hadoop.ozone.container.common.statemachine.DatanodeStateMachine.lambda$initCommandHandlerThread$1(DatanodeStateMachine.java:465)
scm_1         | 2020-06-30 09:53:10,679 [IPC Server handler 12 on default port 9863] WARN node.SCMNodeManager: Cannot find node for address 10.5.0.71
datanode_3_1  | 2020-06-30 09:51:20,688 [57905c22-9801-40f8-9c69-482ae0874598@group-7E5B089D1A35-LeaderElection2] INFO grpc.GrpcConfigKeys: raft.grpc.server.leader.outstanding.appends.max = 128 (default)
datanode_5_1  | 	at java.base/java.lang.Thread.run(Thread.java:834)
scm_1         | 2020-06-30 09:53:13,266 [IPC Server handler 53 on default port 9863] WARN node.SCMNodeManager: Cannot find node for address 10.5.0.71
datanode_3_1  | 2020-06-30 09:51:20,688 [57905c22-9801-40f8-9c69-482ae0874598@group-7E5B089D1A35-LeaderElection2] INFO server.RaftServerConfigKeys: raft.server.rpc.request.timeout = 60s (custom)
datanode_5_1  | Caused by: org.apache.ratis.thirdparty.io.grpc.StatusRuntimeException: DEADLINE_EXCEEDED: deadline exceeded after 2.999786998s. [buffered_nanos=703569619, remote_addr=/10.5.0.5:9858]
scm_1         | 2020-06-30 09:53:15,818 [IPC Server handler 5 on default port 9863] WARN node.SCMNodeManager: Cannot find node for address 10.5.0.71
datanode_3_1  | 2020-06-30 09:51:20,688 [57905c22-9801-40f8-9c69-482ae0874598@group-7E5B089D1A35-LeaderElection2] INFO server.RaftServerConfigKeys: raft.server.log.appender.install.snapshot.enabled = false (custom)
datanode_5_1  | 	at org.apache.ratis.thirdparty.io.grpc.stub.ClientCalls.toStatusRuntimeException(ClientCalls.java:240)
scm_1         | 2020-06-30 09:53:18,383 [IPC Server handler 7 on default port 9863] WARN node.SCMNodeManager: Cannot find node for address 10.5.0.71
datanode_3_1  | 2020-06-30 09:51:20,689 [57905c22-9801-40f8-9c69-482ae0874598@group-7E5B089D1A35-LeaderElection2] INFO metrics.RatisMetrics: Creating Metrics Registry : ratis_grpc.log_appender.57905c22-9801-40f8-9c69-482ae0874598@group-7E5B089D1A35
datanode_5_1  | 	at org.apache.ratis.thirdparty.io.grpc.stub.ClientCalls.getUnchecked(ClientCalls.java:221)
scm_1         | 2020-06-30 09:53:20,933 [IPC Server handler 13 on default port 9863] WARN node.SCMNodeManager: Cannot find node for address 10.5.0.71
datanode_3_1  | 2020-06-30 09:51:20,800 [57905c22-9801-40f8-9c69-482ae0874598@group-7E5B089D1A35-LeaderElection2] INFO server.RaftServerConfigKeys: raft.server.log.appender.snapshot.chunk.size.max = 16MB (=16777216) (default)
datanode_5_1  | 	at org.apache.ratis.thirdparty.io.grpc.stub.ClientCalls.blockingUnaryCall(ClientCalls.java:140)
scm_1         | 2020-06-30 09:53:23,533 [IPC Server handler 15 on default port 9863] WARN node.SCMNodeManager: Cannot find node for address 10.5.0.71
datanode_3_1  | 2020-06-30 09:51:20,801 [57905c22-9801-40f8-9c69-482ae0874598@group-7E5B089D1A35-LeaderElection2] INFO server.RaftServerConfigKeys: raft.server.log.appender.buffer.byte-limit = 33554432 (custom)
datanode_5_1  | 	at org.apache.ratis.proto.grpc.AdminProtocolServiceGrpc$AdminProtocolServiceBlockingStub.groupManagement(AdminProtocolServiceGrpc.java:284)
scm_1         | 2020-06-30 09:53:26,100 [IPC Server handler 4 on default port 9863] WARN node.SCMNodeManager: Cannot find node for address 10.5.0.71
datanode_3_1  | 2020-06-30 09:51:20,801 [57905c22-9801-40f8-9c69-482ae0874598@group-7E5B089D1A35-LeaderElection2] INFO server.RaftServerConfigKeys: raft.server.log.appender.buffer.element-limit = 1 (custom)
datanode_5_1  | 	at org.apache.ratis.grpc.client.GrpcClientProtocolClient.lambda$groupAdd$3(GrpcClientProtocolClient.java:158)
scm_1         | 2020-06-30 09:53:28,695 [IPC Server handler 5 on default port 9863] WARN node.SCMNodeManager: Cannot find node for address 10.5.0.71
datanode_3_1  | 2020-06-30 09:51:20,801 [57905c22-9801-40f8-9c69-482ae0874598@group-7E5B089D1A35-LeaderElection2] INFO grpc.GrpcConfigKeys: raft.grpc.server.leader.outstanding.appends.max = 128 (default)
datanode_5_1  | 	at org.apache.ratis.grpc.client.GrpcClientProtocolClient.blockingCall(GrpcClientProtocolClient.java:185)
scm_1         | 2020-06-30 09:53:31,238 [IPC Server handler 53 on default port 9863] WARN node.SCMNodeManager: Cannot find node for address 10.5.0.71
datanode_3_1  | 2020-06-30 09:51:20,801 [57905c22-9801-40f8-9c69-482ae0874598@group-7E5B089D1A35-LeaderElection2] INFO server.RaftServerConfigKeys: raft.server.rpc.request.timeout = 60s (custom)
datanode_5_1  | 	... 18 more
scm_1         | 2020-06-30 09:53:33,824 [IPC Server handler 10 on default port 9863] WARN node.SCMNodeManager: Cannot find node for address 10.5.0.71
datanode_3_1  | 2020-06-30 09:51:20,802 [57905c22-9801-40f8-9c69-482ae0874598@group-7E5B089D1A35-LeaderElection2] INFO server.RaftServerConfigKeys: raft.server.log.appender.install.snapshot.enabled = false (custom)
datanode_5_1  | 2020-06-30 09:51:21,329 [Command processor thread] INFO commandhandler.CreatePipelineCommandHandler: Created Pipeline RATIS THREE #id: "c1f37313-6146-4839-82ee-b0a458b21d76"
scm_1         | 2020-06-30 09:53:36,390 [IPC Server handler 3 on default port 9863] WARN node.SCMNodeManager: Cannot find node for address 10.5.0.71
datanode_3_1  | 2020-06-30 09:51:20,817 [57905c22-9801-40f8-9c69-482ae0874598@group-7E5B089D1A35-LeaderElection2] INFO impl.RoleInfo: 57905c22-9801-40f8-9c69-482ae0874598: start LeaderState
datanode_5_1  | .
scm_1         | 2020-06-30 09:53:38,963 [IPC Server handler 14 on default port 9863] WARN node.SCMNodeManager: Cannot find node for address 10.5.0.71
datanode_3_1  | 2020-06-30 09:51:20,817 [57905c22-9801-40f8-9c69-482ae0874598@group-7E5B089D1A35-LeaderElection2] INFO segmented.SegmentedRaftLogWorker: 57905c22-9801-40f8-9c69-482ae0874598@group-7E5B089D1A35-SegmentedRaftLogWorker: Starting segment from index:0
datanode_5_1  | 2020-06-30 09:51:23,309 [grpc-default-executor-0] INFO impl.FollowerInfo: 1396cce1-a33b-412d-b299-2f4652c4afcf@group-B0A458B21D76->7bb395a9-7342-491e-8e57-fab9e21f8f39: nextIndex: updateUnconditionally 1 -> 0
scm_1         | 2020-06-30 09:53:41,586 [IPC Server handler 8 on default port 9863] WARN node.SCMNodeManager: Cannot find node for address 10.5.0.71
datanode_3_1  | 2020-06-30 09:51:20,892 [57905c22-9801-40f8-9c69-482ae0874598@group-7E5B089D1A35-LeaderElection2] INFO impl.RaftServerImpl: 57905c22-9801-40f8-9c69-482ae0874598@group-7E5B089D1A35: set configuration 0: [a21fe6a3-bf6c-4ec4-b9d8-3186b19a40d1:10.5.0.4:9858, 0f9217cf-cc90-48f0-943c-e5813004552b:10.5.0.7:9858, 57905c22-9801-40f8-9c69-482ae0874598:10.5.0.6:9858], old=null at 0
datanode_5_1  | 2020-06-30 09:52:23,310 [java.util.concurrent.ThreadPoolExecutor$Worker@2fa9aeaf[State = -1, empty queue]] WARN server.GrpcLogAppender: 1396cce1-a33b-412d-b299-2f4652c4afcf@group-B0A458B21D76->7bb395a9-7342-491e-8e57-fab9e21f8f39-GrpcLogAppender:  appendEntries Timeout, request=AppendEntriesRequest:cid=3,entriesCount=1,lastEntry=(t:1, i:0)
scm_1         | 2020-06-30 09:53:44,160 [IPC Server handler 33 on default port 9863] WARN node.SCMNodeManager: Cannot find node for address 10.5.0.71
datanode_3_1  | 2020-06-30 09:51:21,346 [Command processor thread] WARN commandhandler.CreatePipelineCommandHandler: Add group failed for 0f9217cf-cc90-48f0-943c-e5813004552b{ip: 10.5.0.7, host: ozone-topology_datanode_4_1.ozone-topology_net, networkLocation: /rack2, certSerialId: null}
datanode_5_1  | 2020-06-30 09:52:34,820 [java.util.concurrent.ThreadPoolExecutor$Worker@2fa9aeaf[State = -1, empty queue]] WARN server.GrpcLogAppender: 1396cce1-a33b-412d-b299-2f4652c4afcf@group-B0A458B21D76->7bb395a9-7342-491e-8e57-fab9e21f8f39-GrpcLogAppender:  appendEntries Timeout, request=AppendEntriesRequest:cid=8,entriesCount=1,lastEntry=(t:1, i:1)
scm_1         | 2020-06-30 09:53:46,715 [IPC Server handler 10 on default port 9863] WARN node.SCMNodeManager: Cannot find node for address 10.5.0.71
datanode_3_1  | org.apache.ratis.protocol.TimeoutIOException: deadline exceeded after 2.999797899s. [buffered_nanos=693438826, remote_addr=/10.5.0.7:9858]
datanode_5_1  | 2020-06-30 09:52:34,847 [java.util.concurrent.ThreadPoolExecutor$Worker@2fa9aeaf[State = -1, empty queue]] WARN server.GrpcLogAppender: 1396cce1-a33b-412d-b299-2f4652c4afcf@group-B0A458B21D76->7bb395a9-7342-491e-8e57-fab9e21f8f39-GrpcLogAppender:  appendEntries Timeout, request=AppendEntriesRequest:cid=9,entriesCount=1,lastEntry=(t:1, i:2)
scm_1         | 2020-06-30 09:53:49,303 [IPC Server handler 3 on default port 9863] WARN node.SCMNodeManager: Cannot find node for address 10.5.0.71
