rm_1        | 2020-06-30 09:39:59 INFO  AuthenticationFilter:240 - Unable to initialize FileSignerSecretProvider, falling back to use random secrets.
nm_1        | 2020-06-30 09:41:36 INFO  ContainersMonitorImpl:934 - Stopping resource-monitoring for container_1593510007540_0001_01_000004
scm_1       | 2020-06-30 09:40:13,513 [IPC Server handler 4 on default port 9861] INFO node.SCMNodeManager: Registered Data node : 035dd153-3058-4f7f-bb19-293698d654e1{ip: 172.20.0.7, host: hadoop31_datanode_3.hadoop31_default, networkLocation: /default-rack, certSerialId: null}
rm_1        | 2020-06-30 09:39:59 INFO  AbstractDelegationTokenSecretManager:347 - Updating the current master key for generating delegation tokens
nm_1        | 2020-06-30 09:41:36 INFO  AuxServices:350 - Got event CONTAINER_STOP for appId application_1593510007540_0001
scm_1       | 2020-06-30 09:40:13,514 [EventQueue-NodeRegistrationContainerReportForContainerSafeModeRule] INFO safemode.SCMSafeModeManager: ContainerSafeModeRule rule is successfully validated
rm_1        | 2020-06-30 09:40:00 INFO  AbstractDelegationTokenSecretManager:679 - Starting expired delegation token remover thread, tokenRemoverScanInterval=60 min(s)
nm_1        | 2020-06-30 09:41:37 INFO  Server:1845 - Auth successful for appattempt_1593510007540_0001_000001 (auth:SIMPLE)
scm_1       | 2020-06-30 09:40:13,514 [EventQueue-NodeRegistrationContainerReportForDataNodeSafeModeRule] INFO safemode.SCMSafeModeManager: SCM in safe mode. 3 DataNodes registered, 3 required.
rm_1        | 2020-06-30 09:40:00 INFO  AbstractDelegationTokenSecretManager:347 - Updating the current master key for generating delegation tokens
nm_1        | 2020-06-30 09:41:37 INFO  ContainerManagerImpl:1070 - Start request for container_1593510007540_0001_01_000005 by user hadoop
scm_1       | 2020-06-30 09:40:13,515 [RatisPipelineUtilsThread] INFO pipeline.RatisPipelineProvider: Sending CreatePipelineCommand for pipeline:PipelineID=a00ff267-ba36-4db6-8402-17f90e1536eb to datanode:035dd153-3058-4f7f-bb19-293698d654e1
rm_1        | 2020-06-30 09:40:00 INFO  ContextHandler:781 - Started o.e.j.s.ServletContextHandler@7d286fb6{/logs,file:///opt/hadoop/logs/,AVAILABLE}
nm_1        | 2020-06-30 09:41:37 INFO  NMAuditLogger:94 - USER=hadoop	IP=172.20.0.5	OPERATION=Start Container Request	TARGET=ContainerManageImpl	RESULT=SUCCESS	APPID=application_1593510007540_0001	CONTAINERID=container_1593510007540_0001_01_000005
scm_1       | 2020-06-30 09:40:13,515 [EventQueue-NodeRegistrationContainerReportForDataNodeSafeModeRule] INFO safemode.SCMSafeModeManager: DataNodeSafeModeRule rule is successfully validated
rm_1        | 2020-06-30 09:40:00 INFO  ContextHandler:781 - Started o.e.j.s.ServletContextHandler@44c73c26{/static,jar:file:/opt/hadoop/share/hadoop/yarn/hadoop-yarn-common-3.1.2.jar!/webapps/static,AVAILABLE}
nm_1        | 2020-06-30 09:41:37 INFO  ApplicationImpl:463 - Adding container_1593510007540_0001_01_000005 to application application_1593510007540_0001
scm_1       | 2020-06-30 09:40:13,515 [EventQueue-NodeRegistrationContainerReportForDataNodeSafeModeRule] INFO safemode.SCMSafeModeManager: All SCM safe mode pre check rules have passed
rm_1        | Jun 30, 2020 9:40:01 AM com.sun.jersey.guice.spi.container.GuiceComponentProviderFactory register
nm_1        | 2020-06-30 09:41:37 INFO  ContainerImpl:2126 - Container container_1593510007540_0001_01_000005 transitioned from NEW to LOCALIZING
scm_1       | 2020-06-30 09:40:13,516 [RatisPipelineUtilsThread] INFO pipeline.PipelineStateManager: Created pipeline Pipeline[ Id: a00ff267-ba36-4db6-8402-17f90e1536eb, Nodes: 035dd153-3058-4f7f-bb19-293698d654e1{ip: 172.20.0.7, host: hadoop31_datanode_3.hadoop31_default, networkLocation: /default-rack, certSerialId: null}, Type:RATIS, Factor:ONE, State:ALLOCATED, leaderId:, CreationTimestamp2020-06-30T09:40:13.515276Z]
rm_1        | INFO: Registering org.apache.hadoop.yarn.server.resourcemanager.webapp.JAXBContextResolver as a provider class
nm_1        | 2020-06-30 09:41:37 INFO  AuxServices:350 - Got event CONTAINER_INIT for appId application_1593510007540_0001
scm_1       | 2020-06-30 09:40:13,517 [RatisPipelineUtilsThread] ERROR pipeline.SCMPipelineManager: Failed to create pipeline of type RATIS and factor ONE. Exception: Cannot create pipeline of factor 1 using 0 nodes. Used 3 nodes. Healthy nodes 3
rm_1        | Jun 30, 2020 9:40:01 AM com.sun.jersey.guice.spi.container.GuiceComponentProviderFactory register
nm_1        | 2020-06-30 09:41:37 INFO  AuxServices:350 - Got event APPLICATION_INIT for appId application_1593510007540_0001
scm_1       | 2020-06-30 09:40:13,526 [RatisPipelineUtilsThread] INFO pipeline.RatisPipelineProvider: Sending CreatePipelineCommand for pipeline:PipelineID=5c9ce67b-0f12-4fdb-a595-76c8828c8ff4 to datanode:035dd153-3058-4f7f-bb19-293698d654e1
rm_1        | INFO: Registering org.apache.hadoop.yarn.server.resourcemanager.webapp.RMWebServices as a root resource class
nm_1        | 2020-06-30 09:41:37 INFO  AuxServices:354 - Got APPLICATION_INIT for service mapreduce_shuffle
scm_1       | 2020-06-30 09:40:13,527 [RatisPipelineUtilsThread] INFO pipeline.RatisPipelineProvider: Sending CreatePipelineCommand for pipeline:PipelineID=5c9ce67b-0f12-4fdb-a595-76c8828c8ff4 to datanode:51b43cef-9988-45f3-af93-820d82db045c
rm_1        | Jun 30, 2020 9:40:01 AM com.sun.jersey.guice.spi.container.GuiceComponentProviderFactory register
nm_1        | 2020-06-30 09:41:37 INFO  ShuffleHandler:719 - Added token for job_1593510007540_0001
scm_1       | 2020-06-30 09:40:13,527 [RatisPipelineUtilsThread] INFO pipeline.RatisPipelineProvider: Sending CreatePipelineCommand for pipeline:PipelineID=5c9ce67b-0f12-4fdb-a595-76c8828c8ff4 to datanode:bc0d4fd4-6665-4809-9ec8-664992ac7317
rm_1        | INFO: Registering org.apache.hadoop.yarn.webapp.GenericExceptionHandler as a provider class
nm_1        | 2020-06-30 09:41:37 INFO  ContainerImpl:2126 - Container container_1593510007540_0001_01_000005 transitioned from LOCALIZING to SCHEDULED
scm_1       | 2020-06-30 09:40:13,527 [RatisPipelineUtilsThread] INFO pipeline.PipelineStateManager: Created pipeline Pipeline[ Id: 5c9ce67b-0f12-4fdb-a595-76c8828c8ff4, Nodes: 035dd153-3058-4f7f-bb19-293698d654e1{ip: 172.20.0.7, host: hadoop31_datanode_3.hadoop31_default, networkLocation: /default-rack, certSerialId: null}51b43cef-9988-45f3-af93-820d82db045c{ip: 172.20.0.4, host: hadoop31_datanode_1.hadoop31_default, networkLocation: /default-rack, certSerialId: null}bc0d4fd4-6665-4809-9ec8-664992ac7317{ip: 172.20.0.2, host: hadoop31_datanode_2.hadoop31_default, networkLocation: /default-rack, certSerialId: null}, Type:RATIS, Factor:THREE, State:ALLOCATED, leaderId:, CreationTimestamp2020-06-30T09:40:13.526899Z]
rm_1        | Jun 30, 2020 9:40:01 AM com.sun.jersey.server.impl.application.WebApplicationImpl _initiate
nm_1        | 2020-06-30 09:41:37 INFO  ContainerScheduler:511 - Starting container [container_1593510007540_0001_01_000005]
scm_1       | 2020-06-30 09:40:13,527 [RatisPipelineUtilsThread] ERROR pipeline.SCMPipelineManager: Failed to create pipeline of type RATIS and factor THREE. Exception: Pipeline creation failed because nodes are engaged in other pipelines and every node can only be engaged in max 2 pipelines. Required 3. Found 0
rm_1        | INFO: Initiating Jersey application, version 'Jersey: 1.19 02/11/2015 03:25 AM'
rm_1        | Jun 30, 2020 9:40:02 AM com.sun.jersey.guice.spi.container.GuiceComponentProviderFactory getComponentProvider
scm_1       | 2020-06-30 09:40:15,490 [EventQueue-PipelineReportForPipelineReportHandler] INFO pipeline.PipelineStateManager: Pipeline Pipeline[ Id: 250d364a-ffd5-4960-94d9-d18af5d3a253, Nodes: bc0d4fd4-6665-4809-9ec8-664992ac7317{ip: 172.20.0.2, host: hadoop31_datanode_2.hadoop31_default, networkLocation: /default-rack, certSerialId: null}, Type:RATIS, Factor:ONE, State:ALLOCATED, leaderId:bc0d4fd4-6665-4809-9ec8-664992ac7317, CreationTimestamp2020-06-30T09:40:12.033951Z] moved to OPEN state
nm_1        | 2020-06-30 09:41:37 INFO  Configuration:3318 - Removed undeclared tags:
rm_1        | INFO: Binding org.apache.hadoop.yarn.server.resourcemanager.webapp.JAXBContextResolver to GuiceManagedComponentProvider with the scope "Singleton"
scm_1       | 2020-06-30 09:40:15,558 [EventQueue-OpenPipelineForHealthyPipelineSafeModeRule] INFO safemode.SCMSafeModeManager: SCM in safe mode. Healthy pipelines reported count is 0, required healthy pipeline reported count is 1
nm_1        | 2020-06-30 09:41:37 INFO  ContainerImpl:2126 - Container container_1593510007540_0001_01_000005 transitioned from SCHEDULED to RUNNING
rm_1        | Jun 30, 2020 9:40:04 AM com.sun.jersey.guice.spi.container.GuiceComponentProviderFactory getComponentProvider
scm_1       | 2020-06-30 09:40:15,579 [EventQueue-OpenPipelineForOneReplicaPipelineSafeModeRule] INFO safemode.SCMSafeModeManager: AtleastOneDatanodeReportedRule rule is successfully validated
nm_1        | 2020-06-30 09:41:37 INFO  ContainersMonitorImpl:943 - Starting resource-monitoring for container_1593510007540_0001_01_000005
rm_1        | INFO: Binding org.apache.hadoop.yarn.webapp.GenericExceptionHandler to GuiceManagedComponentProvider with the scope "Singleton"
scm_1       | 2020-06-30 09:40:15,888 [EventQueue-PipelineReportForPipelineReportHandler] INFO pipeline.PipelineStateManager: Pipeline Pipeline[ Id: 40312c91-31a8-4b97-bfa2-9754381fc6ad, Nodes: 51b43cef-9988-45f3-af93-820d82db045c{ip: 172.20.0.4, host: hadoop31_datanode_1.hadoop31_default, networkLocation: /default-rack, certSerialId: null}, Type:RATIS, Factor:ONE, State:ALLOCATED, leaderId:51b43cef-9988-45f3-af93-820d82db045c, CreationTimestamp2020-06-30T09:40:12.267995Z] moved to OPEN state
nm_1        | 2020-06-30 09:41:37 INFO  DefaultContainerExecutor:370 - launchContainer: [bash, /tmp/hadoop-hadoop/nm-local-dir/usercache/hadoop/appcache/application_1593510007540_0001/container_1593510007540_0001_01_000005/default_container_executor.sh]
rm_1        | Jun 30, 2020 9:40:06 AM com.sun.jersey.guice.spi.container.GuiceComponentProviderFactory getComponentProvider
scm_1       | 2020-06-30 09:40:15,888 [EventQueue-OpenPipelineForHealthyPipelineSafeModeRule] INFO safemode.SCMSafeModeManager: SCM in safe mode. Healthy pipelines reported count is 0, required healthy pipeline reported count is 1
nm_1        | 2020-06-30 09:41:38 INFO  NodeStatusUpdaterImpl:696 - Removed completed containers from NM context: [container_1593510007540_0001_01_000004]
rm_1        | INFO: Binding org.apache.hadoop.yarn.server.resourcemanager.webapp.RMWebServices to GuiceManagedComponentProvider with the scope "Singleton"
scm_1       | 2020-06-30 09:40:15,889 [EventQueue-OpenPipelineForOneReplicaPipelineSafeModeRule] INFO safemode.SCMSafeModeManager: AtleastOneDatanodeReportedRule rule is successfully validated
nm_1        | 2020-06-30 09:41:39 INFO  ContainersMonitorImpl:567 - container_1593510007540_0001_01_000005's ip = 172.20.0.5, and hostname = nm
rm_1        | 2020-06-30 09:40:06 INFO  ContextHandler:781 - Started o.e.j.w.WebAppContext@134c370e{/,file:///tmp/jetty-rm-8088-cluster-_-any-3600017009011910315.dir/webapp/,AVAILABLE}{/cluster}
scm_1       | 2020-06-30 09:40:17,458 [EventQueue-PipelineReportForPipelineReportHandler] INFO pipeline.PipelineStateManager: Pipeline Pipeline[ Id: a00ff267-ba36-4db6-8402-17f90e1536eb, Nodes: 035dd153-3058-4f7f-bb19-293698d654e1{ip: 172.20.0.7, host: hadoop31_datanode_3.hadoop31_default, networkLocation: /default-rack, certSerialId: null}, Type:RATIS, Factor:ONE, State:ALLOCATED, leaderId:035dd153-3058-4f7f-bb19-293698d654e1, CreationTimestamp2020-06-30T09:40:13.515276Z] moved to OPEN state
nm_1        | 2020-06-30 09:41:39 INFO  Configuration:3318 - Removed undeclared tags:
rm_1        | 2020-06-30 09:40:06 INFO  AbstractConnector:278 - Started ServerConnector@57915060{HTTP/1.1,[http/1.1]}{rm:8088}
scm_1       | 2020-06-30 09:40:17,458 [EventQueue-OpenPipelineForHealthyPipelineSafeModeRule] INFO safemode.SCMSafeModeManager: SCM in safe mode. Healthy pipelines reported count is 0, required healthy pipeline reported count is 1
nm_1        | 2020-06-30 09:41:40 INFO  Configuration:3318 - Removed undeclared tags:
rm_1        | 2020-06-30 09:40:06 INFO  Server:419 - Started @20866ms
scm_1       | 2020-06-30 09:40:17,459 [EventQueue-OpenPipelineForOneReplicaPipelineSafeModeRule] INFO safemode.SCMSafeModeManager: AtleastOneDatanodeReportedRule rule is successfully validated
nm_1        | 2020-06-30 09:41:41 INFO  ContainerLaunch:589 - Container container_1593510007540_0001_01_000005 succeeded 
rm_1        | 2020-06-30 09:40:06 INFO  WebApps:440 - Web app cluster started at 8088
scm_1       | 2020-06-30 09:40:20,937 [EventQueue-PipelineReportForPipelineReportHandler] INFO pipeline.PipelineStateManager: Pipeline Pipeline[ Id: 5c9ce67b-0f12-4fdb-a595-76c8828c8ff4, Nodes: 035dd153-3058-4f7f-bb19-293698d654e1{ip: 172.20.0.7, host: hadoop31_datanode_3.hadoop31_default, networkLocation: /default-rack, certSerialId: null}51b43cef-9988-45f3-af93-820d82db045c{ip: 172.20.0.4, host: hadoop31_datanode_1.hadoop31_default, networkLocation: /default-rack, certSerialId: null}bc0d4fd4-6665-4809-9ec8-664992ac7317{ip: 172.20.0.2, host: hadoop31_datanode_2.hadoop31_default, networkLocation: /default-rack, certSerialId: null}, Type:RATIS, Factor:THREE, State:ALLOCATED, leaderId:bc0d4fd4-6665-4809-9ec8-664992ac7317, CreationTimestamp2020-06-30T09:40:13.526899Z] moved to OPEN state
nm_1        | 2020-06-30 09:41:41 INFO  ContainerImpl:2126 - Container container_1593510007540_0001_01_000005 transitioned from RUNNING to EXITED_WITH_SUCCESS
rm_1        | 2020-06-30 09:40:07 INFO  CallQueueManager:84 - Using callQueue: class java.util.concurrent.LinkedBlockingQueue queueCapacity: 100 scheduler: class org.apache.hadoop.ipc.DefaultRpcScheduler
scm_1       | 2020-06-30 09:40:20,937 [EventQueue-OpenPipelineForOneReplicaPipelineSafeModeRule] INFO safemode.SCMSafeModeManager: AtleastOneDatanodeReportedRule rule is successfully validated
nm_1        | 2020-06-30 09:41:41 INFO  ContainerLaunch:745 - Cleaning up container container_1593510007540_0001_01_000005
rm_1        | 2020-06-30 09:40:07 INFO  Server:1070 - Starting Socket Reader #1 for port 8033
scm_1       | 2020-06-30 09:40:20,938 [EventQueue-OpenPipelineForHealthyPipelineSafeModeRule] INFO safemode.SCMSafeModeManager: SCM in safe mode. Healthy pipelines reported count is 1, required healthy pipeline reported count is 1
nm_1        | 2020-06-30 09:41:41 INFO  Configuration:3318 - Removed undeclared tags:
rm_1        | 2020-06-30 09:40:07 INFO  RpcServerFactoryPBImpl:173 - Adding protocol org.apache.hadoop.yarn.server.api.ResourceManagerAdministrationProtocolPB to the server
scm_1       | 2020-06-30 09:40:20,939 [EventQueue-OpenPipelineForHealthyPipelineSafeModeRule] INFO safemode.SCMSafeModeManager: HealthyPipelineSafeModeRule rule is successfully validated
nm_1        | 2020-06-30 09:41:41 INFO  DefaultContainerExecutor:634 - Deleting absolute path : /tmp/hadoop-hadoop/nm-local-dir/usercache/hadoop/appcache/application_1593510007540_0001/container_1593510007540_0001_01_000005/launch_container.sh
rm_1        | 2020-06-30 09:40:07 INFO  ResourceManager:1263 - Transitioning to active state
scm_1       | 2020-06-30 09:40:20,939 [EventQueue-OpenPipelineForHealthyPipelineSafeModeRule] INFO safemode.SCMSafeModeManager: ScmSafeModeManager, all rules are successfully validated
nm_1        | 2020-06-30 09:41:41 INFO  DefaultContainerExecutor:634 - Deleting absolute path : /tmp/hadoop-hadoop/nm-local-dir/usercache/hadoop/appcache/application_1593510007540_0001/container_1593510007540_0001_01_000005/container_tokens
rm_1        | 2020-06-30 09:40:07 INFO  Server:1310 - IPC Server Responder: starting
nm_1        | 2020-06-30 09:41:41 INFO  NMAuditLogger:94 - USER=hadoop	OPERATION=Container Finished - Succeeded	TARGET=ContainerImpl	RESULT=SUCCESS	APPID=application_1593510007540_0001	CONTAINERID=container_1593510007540_0001_01_000005
rm_1        | 2020-06-30 09:40:07 INFO  Server:1149 - IPC Server listener on 8033: starting
scm_1       | 2020-06-30 09:40:20,939 [EventQueue-OpenPipelineForHealthyPipelineSafeModeRule] INFO safemode.SCMSafeModeManager: SCM exiting safe mode.
scm_1       | 2020-06-30 09:42:09,345 [RatisPipelineUtilsThread] ERROR pipeline.SCMPipelineManager: Failed to create pipeline of type RATIS and factor ONE. Exception: Cannot create pipeline of factor 1 using 0 nodes. Used 3 nodes. Healthy nodes 3
nm_1        | 2020-06-30 09:41:41 INFO  ContainerImpl:2126 - Container container_1593510007540_0001_01_000005 transitioned from EXITED_WITH_SUCCESS to DONE
rm_1        | 2020-06-30 09:40:07 INFO  RMStateStore:549 - Updating AMRMToken
scm_1       | 2020-06-30 09:42:09,347 [RatisPipelineUtilsThread] ERROR pipeline.SCMPipelineManager: Failed to create pipeline of type RATIS and factor THREE. Exception: Pipeline creation failed because nodes are engaged in other pipelines and every node can only be engaged in max 2 pipelines. Required 3. Found 0
nm_1        | 2020-06-30 09:41:41 INFO  ApplicationImpl:512 - Removing container_1593510007540_0001_01_000005 from application application_1593510007540_0001
rm_1        | 2020-06-30 09:40:07 INFO  RMContainerTokenSecretManager:109 - Rolling master-key for container-tokens
scm_1       | 2020-06-30 09:42:21,823 [IPC Server handler 24 on default port 9863] INFO server.SCMBlockProtocolServer: SCM is informed by OM to delete 35 blocks
nm_1        | 2020-06-30 09:41:41 INFO  ContainersMonitorImpl:934 - Stopping resource-monitoring for container_1593510007540_0001_01_000005
rm_1        | 2020-06-30 09:40:07 INFO  NMTokenSecretManagerInRM:95 - Rolling master-key for nm-tokens
scm_1       | 2020-06-30 09:42:21,824 [IPC Server handler 24 on default port 9863] INFO block.BlockManagerImpl: Deleting blocks 
nm_1        | 2020-06-30 09:41:41 INFO  AuxServices:350 - Got event CONTAINER_STOP for appId application_1593510007540_0001
scm_1       | 2020-06-30 09:42:21,827 [IPC Server handler 24 on default port 9863] INFO block.BlockManagerImpl: Deleting blocks 
scm_1       | 2020-06-30 09:42:21,828 [IPC Server handler 24 on default port 9863] INFO block.BlockManagerImpl: Deleting blocks 
nm_1        | 2020-06-30 09:41:42 INFO  Server:1845 - Auth successful for appattempt_1593510007540_0001_000001 (auth:SIMPLE)
scm_1       | 2020-06-30 09:42:21,828 [IPC Server handler 24 on default port 9863] INFO block.BlockManagerImpl: Deleting blocks 
rm_1        | 2020-06-30 09:40:07 INFO  AbstractDelegationTokenSecretManager:347 - Updating the current master key for generating delegation tokens
nm_1        | 2020-06-30 09:41:42 INFO  ContainerManagerImpl:1409 - Stopping container with container Id: container_1593510007540_0001_01_000005
scm_1       | 2020-06-30 09:42:21,828 [IPC Server handler 24 on default port 9863] INFO block.BlockManagerImpl: Deleting blocks 
rm_1        | 2020-06-30 09:40:07 INFO  RMDelegationTokenSecretManager:92 - storing master key with keyID 1
nm_1        | 2020-06-30 09:41:42 INFO  NMAuditLogger:94 - USER=hadoop	IP=172.20.0.5	OPERATION=Stop Container Request	TARGET=ContainerManageImpl	RESULT=SUCCESS	APPID=application_1593510007540_0001	CONTAINERID=container_1593510007540_0001_01_000005
scm_1       | 2020-06-30 09:42:21,829 [IPC Server handler 24 on default port 9863] INFO block.BlockManagerImpl: Deleting blocks 
rm_1        | 2020-06-30 09:40:07 INFO  RMStateStore:500 - Storing RMDTMasterKey.
nm_1        | 2020-06-30 09:41:48 INFO  ContainerLaunch:589 - Container container_1593510007540_0001_01_000001 succeeded 
scm_1       | 2020-06-30 09:42:21,829 [IPC Server handler 24 on default port 9863] INFO block.BlockManagerImpl: Deleting blocks 
rm_1        | 2020-06-30 09:40:07 INFO  AbstractDelegationTokenSecretManager:679 - Starting expired delegation token remover thread, tokenRemoverScanInterval=60 min(s)
nm_1        | 2020-06-30 09:41:48 INFO  ContainerImpl:2126 - Container container_1593510007540_0001_01_000001 transitioned from RUNNING to EXITED_WITH_SUCCESS
scm_1       | 2020-06-30 09:42:21,829 [IPC Server handler 24 on default port 9863] INFO block.BlockManagerImpl: Deleting blocks conID: 1 locID: 104432275713163269 bcsId: 0
rm_1        | 2020-06-30 09:40:07 INFO  AbstractDelegationTokenSecretManager:347 - Updating the current master key for generating delegation tokens
nm_1        | 2020-06-30 09:41:48 INFO  ContainerLaunch:745 - Cleaning up container container_1593510007540_0001_01_000001
scm_1       | 2020-06-30 09:42:21,831 [IPC Server handler 24 on default port 9863] INFO block.BlockManagerImpl: Deleting blocks conID: 1 locID: 104432275725877254 bcsId: 0
rm_1        | 2020-06-30 09:40:07 INFO  AsyncDispatcher:223 - Registering class org.apache.hadoop.yarn.nodelabels.event.NodeLabelsStoreEventType for class org.apache.hadoop.yarn.nodelabels.CommonNodeLabelsManager$ForwardingEventHandler
nm_1        | 2020-06-30 09:41:48 INFO  Configuration:3318 - Removed undeclared tags:
scm_1       | 2020-06-30 09:42:21,831 [IPC Server handler 24 on default port 9863] INFO block.BlockManagerImpl: Deleting blocks conID: 1 locID: 104432275730726919 bcsId: 0
rm_1        | 2020-06-30 09:40:07 INFO  RMDelegationTokenSecretManager:92 - storing master key with keyID 2
nm_1        | 2020-06-30 09:41:48 INFO  DefaultContainerExecutor:634 - Deleting absolute path : /tmp/hadoop-hadoop/nm-local-dir/usercache/hadoop/appcache/application_1593510007540_0001/container_1593510007540_0001_01_000001/launch_container.sh
scm_1       | 2020-06-30 09:42:21,832 [IPC Server handler 24 on default port 9863] INFO block.BlockManagerImpl: Deleting blocks conID: 1 locID: 104432275736297480 bcsId: 0
rm_1        | 2020-06-30 09:40:07 INFO  RMStateStore:500 - Storing RMDTMasterKey.
nm_1        | 2020-06-30 09:41:48 INFO  DefaultContainerExecutor:634 - Deleting absolute path : /tmp/hadoop-hadoop/nm-local-dir/usercache/hadoop/appcache/application_1593510007540_0001/container_1593510007540_0001_01_000001/container_tokens
scm_1       | 2020-06-30 09:42:21,832 [IPC Server handler 24 on default port 9863] INFO block.BlockManagerImpl: Deleting blocks conID: 1 locID: 104432276428029961 bcsId: 0
nm_1        | 2020-06-30 09:41:48 INFO  NMAuditLogger:94 - USER=hadoop	OPERATION=Container Finished - Succeeded	TARGET=ContainerImpl	RESULT=SUCCESS	APPID=application_1593510007540_0001	CONTAINERID=container_1593510007540_0001_01_000001
rm_1        | 2020-06-30 09:40:07 INFO  CallQueueManager:84 - Using callQueue: class java.util.concurrent.LinkedBlockingQueue queueCapacity: 5000 scheduler: class org.apache.hadoop.ipc.DefaultRpcScheduler
scm_1       | 2020-06-30 09:42:21,832 [IPC Server handler 24 on default port 9863] INFO block.BlockManagerImpl: Deleting blocks conID: 1 locID: 104432276446773258 bcsId: 0
nm_1        | 2020-06-30 09:41:48 INFO  ContainerImpl:2126 - Container container_1593510007540_0001_01_000001 transitioned from EXITED_WITH_SUCCESS to DONE
rm_1        | 2020-06-30 09:40:07 INFO  RpcServerFactoryPBImpl:173 - Adding protocol org.apache.hadoop.yarn.server.api.ResourceTrackerPB to the server
scm_1       | 2020-06-30 09:42:21,832 [IPC Server handler 24 on default port 9863] INFO block.BlockManagerImpl: Deleting blocks 
nm_1        | 2020-06-30 09:41:48 INFO  ApplicationImpl:512 - Removing container_1593510007540_0001_01_000001 from application application_1593510007540_0001
rm_1        | 2020-06-30 09:40:07 INFO  Server:1070 - Starting Socket Reader #1 for port 8031
scm_1       | 2020-06-30 09:42:21,833 [IPC Server handler 24 on default port 9863] INFO block.BlockManagerImpl: Deleting blocks 
nm_1        | 2020-06-30 09:41:48 INFO  ContainersMonitorImpl:934 - Stopping resource-monitoring for container_1593510007540_0001_01_000001
rm_1        | 2020-06-30 09:40:07 INFO  Server:1310 - IPC Server Responder: starting
scm_1       | 2020-06-30 09:42:21,833 [IPC Server handler 24 on default port 9863] INFO block.BlockManagerImpl: Deleting blocks 
nm_1        | 2020-06-30 09:41:48 INFO  AuxServices:350 - Got event CONTAINER_STOP for appId application_1593510007540_0001
rm_1        | 2020-06-30 09:40:07 INFO  Server:1149 - IPC Server listener on 8031: starting
scm_1       | 2020-06-30 09:42:21,833 [IPC Server handler 24 on default port 9863] INFO block.BlockManagerImpl: Deleting blocks conID: 1 locID: 104432278371565587 bcsId: 0
nm_1        | 2020-06-30 09:41:48 INFO  Server:1845 - Auth successful for appattempt_1593510007540_0001_000001 (auth:SIMPLE)
rm_1        | 2020-06-30 09:40:07 INFO  CallQueueManager:84 - Using callQueue: class java.util.concurrent.LinkedBlockingQueue queueCapacity: 5000 scheduler: class org.apache.hadoop.ipc.DefaultRpcScheduler
scm_1       | 2020-06-30 09:42:21,834 [IPC Server handler 24 on default port 9863] INFO block.BlockManagerImpl: Deleting blocks conID: 1 locID: 104432278473867284 bcsId: 0
nm_1        | 2020-06-30 09:41:48 INFO  ContainerManagerImpl:1409 - Stopping container with container Id: container_1593510007540_0001_01_000001
rm_1        | 2020-06-30 09:40:07 INFO  JvmPauseMonitor:188 - Starting JVM pause monitor
scm_1       | 2020-06-30 09:42:21,834 [IPC Server handler 24 on default port 9863] INFO block.BlockManagerImpl: Deleting blocks conID: 1 locID: 104432278479699989 bcsId: 0
nm_1        | 2020-06-30 09:41:48 INFO  NMAuditLogger:94 - USER=hadoop	IP=172.20.0.9	OPERATION=Stop Container Request	TARGET=ContainerManageImpl	RESULT=SUCCESS	APPID=application_1593510007540_0001	CONTAINERID=container_1593510007540_0001_01_000001
rm_1        | 2020-06-30 09:40:07 INFO  Server:1070 - Starting Socket Reader #1 for port 8030
scm_1       | 2020-06-30 09:42:21,834 [IPC Server handler 24 on default port 9863] INFO block.BlockManagerImpl: Deleting blocks conID: 1 locID: 104432278647537686 bcsId: 0
nm_1        | 2020-06-30 09:41:49 INFO  NodeStatusUpdaterImpl:696 - Removed completed containers from NM context: [container_1593510007540_0001_01_000001]
rm_1        | 2020-06-30 09:40:07 INFO  RpcServerFactoryPBImpl:173 - Adding protocol org.apache.hadoop.yarn.api.ApplicationMasterProtocolPB to the server
scm_1       | 2020-06-30 09:42:21,835 [IPC Server handler 24 on default port 9863] INFO block.BlockManagerImpl: Deleting blocks conID: 1 locID: 104432279274192919 bcsId: 0
nm_1        | 2020-06-30 09:41:49 INFO  ApplicationImpl:655 - Application application_1593510007540_0001 transitioned from RUNNING to APPLICATION_RESOURCES_CLEANINGUP
rm_1        | 2020-06-30 09:40:08 INFO  Server:1310 - IPC Server Responder: starting
scm_1       | 2020-06-30 09:42:21,835 [IPC Server handler 24 on default port 9863] INFO block.BlockManagerImpl: Deleting blocks conID: 1 locID: 104432279290052632 bcsId: 0
nm_1        | 2020-06-30 09:41:49 INFO  AuxServices:350 - Got event APPLICATION_STOP for appId application_1593510007540_0001
rm_1        | 2020-06-30 09:40:08 INFO  Server:1149 - IPC Server listener on 8030: starting
scm_1       | 2020-06-30 09:42:21,835 [IPC Server handler 24 on default port 9863] INFO block.BlockManagerImpl: Deleting blocks 
nm_1        | 2020-06-30 09:41:49 INFO  ApplicationImpl:655 - Application application_1593510007540_0001 transitioned from APPLICATION_RESOURCES_CLEANINGUP to FINISHED
rm_1        | 2020-06-30 09:40:08 INFO  CallQueueManager:84 - Using callQueue: class java.util.concurrent.LinkedBlockingQueue queueCapacity: 5000 scheduler: class org.apache.hadoop.ipc.DefaultRpcScheduler
scm_1       | 2020-06-30 09:42:21,835 [IPC Server handler 24 on default port 9863] INFO block.BlockManagerImpl: Deleting blocks 
nm_1        | 2020-06-30 09:41:49 INFO  NonAggregatingLogHandler:173 - Scheduling Log Deletion for application: application_1593510007540_0001, with delay of 10800 seconds
rm_1        | 2020-06-30 09:40:08 INFO  Server:1070 - Starting Socket Reader #1 for port 8032
scm_1       | 2020-06-30 09:42:21,836 [IPC Server handler 24 on default port 9863] INFO block.BlockManagerImpl: Deleting blocks conID: 1 locID: 104432275575406594 bcsId: 0
nm_1        | 2020-06-30 09:41:54 INFO  Server:1845 - Auth successful for appattempt_1593510007540_0002_000001 (auth:SIMPLE)
rm_1        | 2020-06-30 09:40:08 INFO  RpcServerFactoryPBImpl:173 - Adding protocol org.apache.hadoop.yarn.api.ApplicationClientProtocolPB to the server
scm_1       | 2020-06-30 09:42:21,836 [IPC Server handler 24 on default port 9863] INFO block.BlockManagerImpl: Deleting blocks conID: 1 locID: 104432275670237187 bcsId: 0
nm_1        | 2020-06-30 09:41:54 INFO  ContainerManagerImpl:1070 - Start request for container_1593510007540_0002_01_000001 by user hadoop
rm_1        | 2020-06-30 09:40:08 INFO  Server:1310 - IPC Server Responder: starting
nm_1        | 2020-06-30 09:41:54 INFO  ContainerManagerImpl:1122 - Creating a new application reference for app application_1593510007540_0002
scm_1       | 2020-06-30 09:42:21,836 [IPC Server handler 24 on default port 9863] INFO block.BlockManagerImpl: Deleting blocks conID: 1 locID: 104432275675611140 bcsId: 0
rm_1        | 2020-06-30 09:40:08 INFO  Server:1149 - IPC Server listener on 8032: starting
nm_1        | 2020-06-30 09:41:54 INFO  NMAuditLogger:94 - USER=hadoop	IP=172.20.0.9	OPERATION=Start Container Request	TARGET=ContainerManageImpl	RESULT=SUCCESS	APPID=application_1593510007540_0002	CONTAINERID=container_1593510007540_0002_01_000001
scm_1       | 2020-06-30 09:42:21,837 [IPC Server handler 24 on default port 9863] INFO block.BlockManagerImpl: Deleting blocks 
scm_1       | 2020-06-30 09:42:21,837 [IPC Server handler 24 on default port 9863] INFO block.BlockManagerImpl: Deleting blocks 
rm_1        | 2020-06-30 09:40:08 INFO  ResourceManager:1279 - Transitioned to active state
nm_1        | 2020-06-30 09:41:54 INFO  ApplicationImpl:655 - Application application_1593510007540_0002 transitioned from NEW to INITING
scm_1       | 2020-06-30 09:42:21,837 [IPC Server handler 24 on default port 9863] INFO block.BlockManagerImpl: Deleting blocks 
rm_1        | 2020-06-30 09:40:08 INFO  RMNodeImpl:671 - nm:37635 Node Transitioned from NEW to RUNNING
nm_1        | 2020-06-30 09:41:54 INFO  ApplicationImpl:463 - Adding container_1593510007540_0002_01_000001 to application application_1593510007540_0002
scm_1       | 2020-06-30 09:42:21,838 [IPC Server handler 24 on default port 9863] INFO block.BlockManagerImpl: Deleting blocks 
rm_1        | 2020-06-30 09:40:08 INFO  ResourceTrackerService:495 - NodeManager from node nm(cmPort: 37635 httpPort: 8042) registered with capability: <memory:8192, vCores:8>, assigned nodeId nm:37635
scm_1       | 2020-06-30 09:42:21,838 [IPC Server handler 24 on default port 9863] INFO block.BlockManagerImpl: Deleting blocks 
nm_1        | 2020-06-30 09:41:54 INFO  ApplicationImpl:655 - Application application_1593510007540_0002 transitioned from INITING to RUNNING
rm_1        | 2020-06-30 09:40:08 INFO  CapacityScheduler:1866 - Added node nm:37635 clusterResource: <memory:8192, vCores:8>
scm_1       | 2020-06-30 09:42:21,838 [IPC Server handler 24 on default port 9863] INFO block.BlockManagerImpl: Deleting blocks 
nm_1        | 2020-06-30 09:41:54 INFO  ContainerImpl:2126 - Container container_1593510007540_0002_01_000001 transitioned from NEW to LOCALIZING
rm_1        | 2020-06-30 09:41:06 INFO  ClientRMService:341 - Allocated new applicationId: 1
scm_1       | 2020-06-30 09:42:21,838 [IPC Server handler 24 on default port 9863] INFO block.BlockManagerImpl: Deleting blocks conID: 1 locID: 104432277921595403 bcsId: 0
nm_1        | 2020-06-30 09:41:54 INFO  AuxServices:350 - Got event CONTAINER_INIT for appId application_1593510007540_0002
rm_1        | 2020-06-30 09:41:07 INFO  CapacityScheduler:2500 - Application 'application_1593510007540_0001' is submitted without priority hence considering default queue/cluster priority: 0
scm_1       | 2020-06-30 09:42:21,839 [IPC Server handler 24 on default port 9863] INFO block.BlockManagerImpl: Deleting blocks conID: 1 locID: 104432277937848332 bcsId: 0
nm_1        | 2020-06-30 09:41:54 INFO  ResourceLocalizationService:801 - Created localizer for container_1593510007540_0002_01_000001
rm_1        | 2020-06-30 09:41:07 INFO  CapacityScheduler:2521 - Priority '0' is acceptable in queue : default for application: application_1593510007540_0001
nm_1        | 2020-06-30 09:41:54 INFO  ResourceLocalizationService:1331 - Writing credentials to the nmPrivate file /tmp/hadoop-hadoop/nm-local-dir/nmPrivate/container_1593510007540_0002_01_000001.tokens
nm_1        | 2020-06-30 09:41:54 INFO  DefaultContainerExecutor:836 - Initializing user hadoop
nm_1        | 2020-06-30 09:41:54 INFO  DefaultContainerExecutor:166 - Copying from /tmp/hadoop-hadoop/nm-local-dir/nmPrivate/container_1593510007540_0002_01_000001.tokens to /tmp/hadoop-hadoop/nm-local-dir/usercache/hadoop/appcache/application_1593510007540_0002/container_1593510007540_0002_01_000001.tokens
rm_1        | 2020-06-30 09:41:07 INFO  ClientRMService:650 - Application with id 1 submitted by user hadoop
nm_1        | 2020-06-30 09:41:54 INFO  DefaultContainerExecutor:174 - Localizer CWD set to /tmp/hadoop-hadoop/nm-local-dir/usercache/hadoop/appcache/application_1593510007540_0002 = file:/tmp/hadoop-hadoop/nm-local-dir/usercache/hadoop/appcache/application_1593510007540_0002
rm_1        | 2020-06-30 09:41:07 INFO  RMAppImpl:1259 - Storing application with id application_1593510007540_0001
nm_1        | 2020-06-30 09:41:54 INFO  Configuration:3318 - Removed undeclared tags:
rm_1        | 2020-06-30 09:41:07 INFO  RMAuditLogger:310 - USER=hadoop	IP=172.20.0.9	OPERATION=Submit Application Request	TARGET=ClientRMService	RESULT=SUCCESS	APPID=application_1593510007540_0001	CALLERCONTEXT=CLI	QUEUENAME=default
nm_1        | 2020-06-30 09:41:54 INFO  ContainerLocalizer:139 - Disk Validator: yarn.nodemanager.disk-validator is loaded.
rm_1        | 2020-06-30 09:41:07 INFO  RMStateStore:222 - Storing info for app: application_1593510007540_0001
nm_1        | 2020-06-30 09:41:54 INFO  Configuration:3318 - Removed undeclared tags:
rm_1        | 2020-06-30 09:41:07 INFO  RMAppImpl:912 - application_1593510007540_0001 State change from NEW to NEW_SAVING on event = START
nm_1        | 2020-06-30 09:41:55 INFO  ContainerImpl:2126 - Container container_1593510007540_0002_01_000001 transitioned from LOCALIZING to SCHEDULED
rm_1        | 2020-06-30 09:41:07 INFO  RMAppImpl:912 - application_1593510007540_0001 State change from NEW_SAVING to SUBMITTED on event = APP_NEW_SAVED
nm_1        | 2020-06-30 09:41:55 INFO  ContainerScheduler:511 - Starting container [container_1593510007540_0002_01_000001]
rm_1        | 2020-06-30 09:41:07 INFO  ParentQueue:494 - Application added - appId: application_1593510007540_0001 user: hadoop leaf-queue of parent: root #applications: 1
nm_1        | 2020-06-30 09:41:55 INFO  Configuration:3318 - Removed undeclared tags:
rm_1        | 2020-06-30 09:41:07 INFO  CapacityScheduler:954 - Accepted application application_1593510007540_0001 from user: hadoop, in queue: default
nm_1        | 2020-06-30 09:41:55 INFO  ContainerImpl:2126 - Container container_1593510007540_0002_01_000001 transitioned from SCHEDULED to RUNNING
rm_1        | 2020-06-30 09:41:07 INFO  RMAppImpl:912 - application_1593510007540_0001 State change from SUBMITTED to ACCEPTED on event = APP_ACCEPTED
nm_1        | 2020-06-30 09:41:55 INFO  ContainersMonitorImpl:943 - Starting resource-monitoring for container_1593510007540_0002_01_000001
rm_1        | 2020-06-30 09:41:07 INFO  ApplicationMasterService:479 - Registering app attempt : appattempt_1593510007540_0001_000001
nm_1        | 2020-06-30 09:41:55 INFO  DefaultContainerExecutor:370 - launchContainer: [bash, /tmp/hadoop-hadoop/nm-local-dir/usercache/hadoop/appcache/application_1593510007540_0002/container_1593510007540_0002_01_000001/default_container_executor.sh]
rm_1        | 2020-06-30 09:41:07 INFO  RMAppAttemptImpl:927 - appattempt_1593510007540_0001_000001 State change from NEW to SUBMITTED on event = START
nm_1        | 2020-06-30 09:41:57 INFO  ContainersMonitorImpl:567 - container_1593510007540_0002_01_000001's ip = 172.20.0.5, and hostname = nm
rm_1        | 2020-06-30 09:41:07 WARN  LeafQueue:846 - maximum-am-resource-percent is insufficient to start a single application in queue, it is likely set too low. skipping enforcement to allow at least one application to start
nm_1        | 2020-06-30 09:42:00 INFO  ContainersMonitorImpl:468 - Skipping monitoring container container_1593510007540_0002_01_000001 since CPU usage is not yet available.
rm_1        | 2020-06-30 09:41:07 WARN  LeafQueue:882 - maximum-am-resource-percent is insufficient to start a single application in queue for user, it is likely set too low. skipping enforcement to allow at least one application to start
nm_1        | 2020-06-30 09:42:04 INFO  Server:1845 - Auth successful for appattempt_1593510007540_0002_000001 (auth:SIMPLE)
rm_1        | 2020-06-30 09:41:07 INFO  LeafQueue:911 - Application application_1593510007540_0001 from user: hadoop activated in queue: default
nm_1        | 2020-06-30 09:42:04 INFO  ContainerManagerImpl:1070 - Start request for container_1593510007540_0002_01_000002 by user hadoop
rm_1        | 2020-06-30 09:41:07 INFO  LeafQueue:941 - Application added - appId: application_1593510007540_0001 user: hadoop, leaf-queue: default #user-pending-applications: 0 #user-active-applications: 1 #queue-pending-applications: 0 #queue-active-applications: 1
nm_1        | 2020-06-30 09:42:04 INFO  ApplicationImpl:463 - Adding container_1593510007540_0002_01_000002 to application application_1593510007540_0002
rm_1        | 2020-06-30 09:41:07 INFO  CapacityScheduler:1000 - Added Application Attempt appattempt_1593510007540_0001_000001 to scheduler from user hadoop in queue default
nm_1        | 2020-06-30 09:42:04 INFO  ContainerImpl:2126 - Container container_1593510007540_0002_01_000002 transitioned from NEW to LOCALIZING
rm_1        | 2020-06-30 09:41:07 INFO  RMAppAttemptImpl:927 - appattempt_1593510007540_0001_000001 State change from SUBMITTED to SCHEDULED on event = ATTEMPT_ADDED
nm_1        | 2020-06-30 09:42:04 INFO  AuxServices:350 - Got event CONTAINER_INIT for appId application_1593510007540_0002
rm_1        | 2020-06-30 09:41:08 INFO  AbstractContainerAllocator:129 - assignedContainer application attempt=appattempt_1593510007540_0001_000001 container=null queue=default clusterResource=<memory:8192, vCores:8> type=OFF_SWITCH requestedPartition=
rm_1        | 2020-06-30 09:41:08 INFO  RMContainerImpl:480 - container_1593510007540_0001_01_000001 Container Transitioned from NEW to ALLOCATED
rm_1        | 2020-06-30 09:41:08 INFO  FiCaSchedulerNode:169 - Assigned container container_1593510007540_0001_01_000001 of capacity <memory:2048, vCores:1> on host nm:37635, which has 1 containers, <memory:2048, vCores:1> used and <memory:6144, vCores:7> available after allocation
rm_1        | 2020-06-30 09:41:08 INFO  RMAuditLogger:231 - USER=hadoop	OPERATION=AM Allocated Container	TARGET=SchedulerApp	RESULT=SUCCESS	APPID=application_1593510007540_0001	CONTAINERID=container_1593510007540_0001_01_000001	RESOURCE=<memory:2048, vCores:1>	QUEUENAME=default
rm_1        | 2020-06-30 09:41:08 INFO  NMTokenSecretManagerInRM:200 - Sending NMToken for nodeId : nm:37635 for container : container_1593510007540_0001_01_000001
rm_1        | 2020-06-30 09:41:08 INFO  RMContainerImpl:480 - container_1593510007540_0001_01_000001 Container Transitioned from ALLOCATED to ACQUIRED
nm_1        | 2020-06-30 09:42:04 INFO  AuxServices:350 - Got event APPLICATION_INIT for appId application_1593510007540_0002
rm_1        | 2020-06-30 09:41:08 INFO  ParentQueue:1340 - assignedContainer queue=root usedCapacity=0.25 absoluteUsedCapacity=0.25 used=<memory:2048, vCores:1> cluster=<memory:8192, vCores:8>
nm_1        | 2020-06-30 09:42:04 INFO  AuxServices:354 - Got APPLICATION_INIT for service mapreduce_shuffle
rm_1        | 2020-06-30 09:41:08 INFO  CapacityScheduler:2894 - Allocation proposal accepted
nm_1        | 2020-06-30 09:42:04 INFO  ShuffleHandler:719 - Added token for job_1593510007540_0002
rm_1        | 2020-06-30 09:41:08 INFO  NMTokenSecretManagerInRM:146 - Clear node set for appattempt_1593510007540_0001_000001
nm_1        | 2020-06-30 09:42:04 INFO  ContainerImpl:2126 - Container container_1593510007540_0002_01_000002 transitioned from LOCALIZING to SCHEDULED
rm_1        | 2020-06-30 09:41:08 INFO  RMAppAttemptImpl:2221 - Storing attempt: AppId: application_1593510007540_0001 AttemptId: appattempt_1593510007540_0001_000001 MasterContainer: Container: [ContainerId: container_1593510007540_0001_01_000001, AllocationRequestId: -1, Version: 0, NodeId: nm:37635, NodeHttpAddress: nm:8042, Resource: <memory:2048, vCores:1>, Priority: 0, Token: Token { kind: ContainerToken, service: 172.20.0.5:37635 }, ExecutionType: GUARANTEED, ]
nm_1        | 2020-06-30 09:42:04 INFO  ContainerScheduler:511 - Starting container [container_1593510007540_0002_01_000002]
rm_1        | 2020-06-30 09:41:08 INFO  RMAppAttemptImpl:927 - appattempt_1593510007540_0001_000001 State change from SCHEDULED to ALLOCATED_SAVING on event = CONTAINER_ALLOCATED
nm_1        | 2020-06-30 09:42:04 INFO  NMAuditLogger:94 - USER=hadoop	IP=172.20.0.5	OPERATION=Start Container Request	TARGET=ContainerManageImpl	RESULT=SUCCESS	APPID=application_1593510007540_0002	CONTAINERID=container_1593510007540_0002_01_000002
rm_1        | 2020-06-30 09:41:08 INFO  RMAppAttemptImpl:927 - appattempt_1593510007540_0001_000001 State change from ALLOCATED_SAVING to ALLOCATED on event = ATTEMPT_NEW_SAVED
nm_1        | 2020-06-30 09:42:04 INFO  Configuration:3318 - Removed undeclared tags:
rm_1        | 2020-06-30 09:41:08 INFO  AMLauncher:307 - Launching masterappattempt_1593510007540_0001_000001
nm_1        | 2020-06-30 09:42:04 INFO  ContainerImpl:2126 - Container container_1593510007540_0002_01_000002 transitioned from SCHEDULED to RUNNING
rm_1        | 2020-06-30 09:41:08 INFO  AMLauncher:109 - Setting up container Container: [ContainerId: container_1593510007540_0001_01_000001, AllocationRequestId: -1, Version: 0, NodeId: nm:37635, NodeHttpAddress: nm:8042, Resource: <memory:2048, vCores:1>, Priority: 0, Token: Token { kind: ContainerToken, service: 172.20.0.5:37635 }, ExecutionType: GUARANTEED, ] for AM appattempt_1593510007540_0001_000001
nm_1        | 2020-06-30 09:42:04 INFO  ContainersMonitorImpl:943 - Starting resource-monitoring for container_1593510007540_0002_01_000002
rm_1        | 2020-06-30 09:41:08 INFO  AMRMTokenSecretManager:195 - Create AMRMToken for ApplicationAttempt: appattempt_1593510007540_0001_000001
nm_1        | 2020-06-30 09:42:04 INFO  DefaultContainerExecutor:370 - launchContainer: [bash, /tmp/hadoop-hadoop/nm-local-dir/usercache/hadoop/appcache/application_1593510007540_0002/container_1593510007540_0002_01_000002/default_container_executor.sh]
rm_1        | 2020-06-30 09:41:08 INFO  AMRMTokenSecretManager:307 - Creating password for appattempt_1593510007540_0001_000001
nm_1        | 2020-06-30 09:42:06 INFO  ContainersMonitorImpl:567 - container_1593510007540_0002_01_000002's ip = 172.20.0.5, and hostname = nm
rm_1        | 2020-06-30 09:41:09 INFO  AMLauncher:130 - Done launching container Container: [ContainerId: container_1593510007540_0001_01_000001, AllocationRequestId: -1, Version: 0, NodeId: nm:37635, NodeHttpAddress: nm:8042, Resource: <memory:2048, vCores:1>, Priority: 0, Token: Token { kind: ContainerToken, service: 172.20.0.5:37635 }, ExecutionType: GUARANTEED, ] for AM appattempt_1593510007540_0001_000001
nm_1        | 2020-06-30 09:42:08 INFO  ContainerLaunch:589 - Container container_1593510007540_0002_01_000002 succeeded 
rm_1        | 2020-06-30 09:41:09 INFO  RMAppAttemptImpl:927 - appattempt_1593510007540_0001_000001 State change from ALLOCATED to LAUNCHED on event = LAUNCHED
rm_1        | 2020-06-30 09:41:09 INFO  RMContainerImpl:480 - container_1593510007540_0001_01_000001 Container Transitioned from ACQUIRED to RUNNING
rm_1        | 2020-06-30 09:41:17 INFO  Server:1845 - Auth successful for appattempt_1593510007540_0001_000001 (auth:SIMPLE)
rm_1        | 2020-06-30 09:41:17 INFO  DefaultAMSProcessor:127 - AM registration appattempt_1593510007540_0001_000001
rm_1        | 2020-06-30 09:41:17 INFO  RMAppAttemptImpl:927 - appattempt_1593510007540_0001_000001 State change from LAUNCHED to RUNNING on event = REGISTERED
rm_1        | 2020-06-30 09:41:17 INFO  RMAppImpl:912 - application_1593510007540_0001 State change from ACCEPTED to RUNNING on event = ATTEMPT_REGISTERED
rm_1        | 2020-06-30 09:41:17 INFO  RMAuditLogger:294 - USER=hadoop	IP=172.20.0.5	OPERATION=Register App Master	TARGET=ApplicationMasterService	RESULT=SUCCESS	APPID=application_1593510007540_0001	APPATTEMPTID=appattempt_1593510007540_0001_000001
rm_1        | 2020-06-30 09:41:19 INFO  AbstractContainerAllocator:129 - assignedContainer application attempt=appattempt_1593510007540_0001_000001 container=null queue=default clusterResource=<memory:8192, vCores:8> type=RACK_LOCAL requestedPartition=
rm_1        | 2020-06-30 09:41:19 INFO  RMContainerImpl:480 - container_1593510007540_0001_01_000002 Container Transitioned from NEW to ALLOCATED
rm_1        | 2020-06-30 09:41:19 INFO  FiCaSchedulerNode:169 - Assigned container container_1593510007540_0001_01_000002 of capacity <memory:4096, vCores:1> on host nm:37635, which has 2 containers, <memory:6144, vCores:2> used and <memory:2048, vCores:6> available after allocation
rm_1        | 2020-06-30 09:41:19 INFO  RMAuditLogger:231 - USER=hadoop	OPERATION=AM Allocated Container	TARGET=SchedulerApp	RESULT=SUCCESS	APPID=application_1593510007540_0001	CONTAINERID=container_1593510007540_0001_01_000002	RESOURCE=<memory:4096, vCores:1>	QUEUENAME=default
rm_1        | 2020-06-30 09:41:19 INFO  ParentQueue:1340 - assignedContainer queue=root usedCapacity=0.75 absoluteUsedCapacity=0.75 used=<memory:6144, vCores:2> cluster=<memory:8192, vCores:8>
rm_1        | 2020-06-30 09:41:19 INFO  CapacityScheduler:2894 - Allocation proposal accepted
rm_1        | 2020-06-30 09:41:20 INFO  NMTokenSecretManagerInRM:200 - Sending NMToken for nodeId : nm:37635 for container : container_1593510007540_0001_01_000002
rm_1        | 2020-06-30 09:41:20 INFO  RMContainerImpl:480 - container_1593510007540_0001_01_000002 Container Transitioned from ALLOCATED to ACQUIRED
rm_1        | 2020-06-30 09:41:21 INFO  RMContainerImpl:480 - container_1593510007540_0001_01_000002 Container Transitioned from ACQUIRED to RUNNING
rm_1        | 2020-06-30 09:41:24 INFO  RMContainerImpl:480 - container_1593510007540_0001_01_000002 Container Transitioned from RUNNING to COMPLETED
rm_1        | 2020-06-30 09:41:24 INFO  RMAuditLogger:231 - USER=hadoop	OPERATION=AM Released Container	TARGET=SchedulerApp	RESULT=SUCCESS	APPID=application_1593510007540_0001	CONTAINERID=container_1593510007540_0001_01_000002	RESOURCE=<memory:4096, vCores:1>	QUEUENAME=default
rm_1        | 2020-06-30 09:41:25 INFO  AbstractContainerAllocator:129 - assignedContainer application attempt=appattempt_1593510007540_0001_000001 container=null queue=default clusterResource=<memory:8192, vCores:8> type=RACK_LOCAL requestedPartition=
rm_1        | 2020-06-30 09:41:25 INFO  RMContainerImpl:480 - container_1593510007540_0001_01_000003 Container Transitioned from NEW to ALLOCATED
rm_1        | 2020-06-30 09:41:25 INFO  FiCaSchedulerNode:169 - Assigned container container_1593510007540_0001_01_000003 of capacity <memory:4096, vCores:1> on host nm:37635, which has 2 containers, <memory:6144, vCores:2> used and <memory:2048, vCores:6> available after allocation
rm_1        | 2020-06-30 09:41:25 INFO  RMAuditLogger:231 - USER=hadoop	OPERATION=AM Allocated Container	TARGET=SchedulerApp	RESULT=SUCCESS	APPID=application_1593510007540_0001	CONTAINERID=container_1593510007540_0001_01_000003	RESOURCE=<memory:4096, vCores:1>	QUEUENAME=default
rm_1        | 2020-06-30 09:41:25 INFO  ParentQueue:1340 - assignedContainer queue=root usedCapacity=0.75 absoluteUsedCapacity=0.75 used=<memory:6144, vCores:2> cluster=<memory:8192, vCores:8>
rm_1        | 2020-06-30 09:41:25 INFO  CapacityScheduler:2894 - Allocation proposal accepted
rm_1        | 2020-06-30 09:41:26 INFO  RMContainerImpl:480 - container_1593510007540_0001_01_000003 Container Transitioned from ALLOCATED to ACQUIRED
rm_1        | 2020-06-30 09:41:26 INFO  RMContainerImpl:480 - container_1593510007540_0001_01_000003 Container Transitioned from ACQUIRED to RUNNING
rm_1        | 2020-06-30 09:41:30 INFO  RMContainerImpl:480 - container_1593510007540_0001_01_000003 Container Transitioned from RUNNING to COMPLETED
rm_1        | 2020-06-30 09:41:30 INFO  RMAuditLogger:231 - USER=hadoop	OPERATION=AM Released Container	TARGET=SchedulerApp	RESULT=SUCCESS	APPID=application_1593510007540_0001	CONTAINERID=container_1593510007540_0001_01_000003	RESOURCE=<memory:4096, vCores:1>	QUEUENAME=default
rm_1        | 2020-06-30 09:41:31 INFO  AbstractContainerAllocator:129 - assignedContainer application attempt=appattempt_1593510007540_0001_000001 container=null queue=default clusterResource=<memory:8192, vCores:8> type=RACK_LOCAL requestedPartition=
rm_1        | 2020-06-30 09:41:31 INFO  RMContainerImpl:480 - container_1593510007540_0001_01_000004 Container Transitioned from NEW to ALLOCATED
nm_1        | 2020-06-30 09:42:08 INFO  ContainerImpl:2126 - Container container_1593510007540_0002_01_000002 transitioned from RUNNING to EXITED_WITH_SUCCESS
nm_1        | 2020-06-30 09:42:08 INFO  ContainerLaunch:745 - Cleaning up container container_1593510007540_0002_01_000002
nm_1        | 2020-06-30 09:42:08 INFO  Configuration:3318 - Removed undeclared tags:
nm_1        | 2020-06-30 09:42:08 INFO  DefaultContainerExecutor:634 - Deleting absolute path : /tmp/hadoop-hadoop/nm-local-dir/usercache/hadoop/appcache/application_1593510007540_0002/container_1593510007540_0002_01_000002/launch_container.sh
