scm_1    | 2020-11-29 13:41:08,734 [Listener at 0.0.0.0/9860] INFO server.SCMBlockProtocolServer: RPC server for Block Protocol is listening at /0.0.0.0:9863
recon_1  | 2020-11-29 13:41:21,775 [EventQueue-NewNodeForReconNewNodeHandler] INFO scm.ReconNodeManager: Adding new node 6a5f799c-43fb-4e22-82fb-2584bc069e81 to Node DB.
dn3_1    | 2020-11-29 13:41:10,182 [EndpointStateMachine task thread for recon/10.9.0.15:9891 - 0 ] WARN statemachine.EndpointStateMachine: Unable to communicate to Recon server at recon:9891 for past 0 seconds.
scm_1    | 2020-11-29 13:41:08,738 [IPC Server Responder] INFO ipc.Server: IPC Server Responder: starting
recon_1  | 2020-11-29 13:41:21,787 [EventQueue-PipelineReportForReconPipelineReportHandler] INFO scm.ReconPipelineReportHandler: Pipeline THREE PipelineID=d1546ce4-7194-48e9-92b2-8b4b4fcc7ed7 reported by 6a5f799c-43fb-4e22-82fb-2584bc069e81{ip: 10.9.0.11, host: upgrade_dn1_1.upgrade_net, networkLocation: /default-rack, certSerialId: null}
dn3_1    | java.net.SocketTimeoutException: Call From 984442c94035/10.9.0.13 to recon:9891 failed on socket timeout exception: java.net.SocketTimeoutException: 1000 millis timeout while waiting for channel to be ready for read. ch : java.nio.channels.SocketChannel[connected local=/10.9.0.13:53538 remote=recon/10.9.0.15:9891]; For more details see:  http://wiki.apache.org/hadoop/SocketTimeout
scm_1    | 2020-11-29 13:41:08,740 [IPC Server listener on 9863] INFO ipc.Server: IPC Server listener on 9863: starting
recon_1  | 2020-11-29 13:41:21,833 [EventQueue-ContainerReportForReconContainerReportHandler] INFO scm.ReconContainerManager: Successfully added container #1 to Recon.
dn3_1    | 	at java.base/jdk.internal.reflect.NativeConstructorAccessorImpl.newInstance0(Native Method)
scm_1    | 2020-11-29 13:41:08,799 [Listener at 0.0.0.0/9860] INFO server.StorageContainerManager: ScmDatanodeProtocl RPC server is listening at /0.0.0.0:9861
dn3_1    | 	at java.base/jdk.internal.reflect.NativeConstructorAccessorImpl.newInstance(NativeConstructorAccessorImpl.java:62)
scm_1    | 2020-11-29 13:41:08,810 [Listener at 0.0.0.0/9860] INFO server.SCMDatanodeProtocolServer: RPC server for DataNodes is listening at /0.0.0.0:9861
dn3_1    | 	at java.base/jdk.internal.reflect.DelegatingConstructorAccessorImpl.newInstance(DelegatingConstructorAccessorImpl.java:45)
scm_1    | 2020-11-29 13:41:08,835 [IPC Server Responder] INFO ipc.Server: IPC Server Responder: starting
scm_1    | 2020-11-29 13:41:08,837 [IPC Server listener on 9861] INFO ipc.Server: IPC Server listener on 9861: starting
scm_1    | 2020-11-29 13:41:09,042 [Listener at 0.0.0.0/9860] INFO http.HttpServer2: Jetty bound to port 9876
scm_1    | 2020-11-29 13:41:09,051 [Listener at 0.0.0.0/9860] INFO server.Server: jetty-9.4.34.v20201102; built: 2020-11-02T14:15:39.302Z; git: e46af88704a893fc12cb0e3bf46e2c7b48a009e7; jvm 11.0.7+10-LTS
scm_1    | 2020-11-29 13:41:09,219 [Listener at 0.0.0.0/9860] INFO server.session: DefaultSessionIdManager workerName=node0
scm_1    | 2020-11-29 13:41:09,219 [Listener at 0.0.0.0/9860] INFO server.session: No SessionScavenger set, using defaults
scm_1    | 2020-11-29 13:41:09,224 [Listener at 0.0.0.0/9860] INFO server.session: node0 Scavenging every 600000ms
scm_1    | 2020-11-29 13:41:09,334 [Listener at 0.0.0.0/9860] INFO handler.ContextHandler: Started o.e.j.s.ServletContextHandler@6b667cb3{logs,/logs,file:///var/log/hadoop/,AVAILABLE}
scm_1    | 2020-11-29 13:41:09,346 [Listener at 0.0.0.0/9860] INFO handler.ContextHandler: Started o.e.j.s.ServletContextHandler@6eaa21d8{static,/static,jar:file:/opt/hadoop/share/ozone/lib/hadoop-hdds-server-scm-1.1.0-SNAPSHOT.jar!/webapps/static,AVAILABLE}
scm_1    | 2020-11-29 13:41:09,495 [IPC Server handler 0 on default port 9861] WARN ipc.Server: IPC Server handler 0 on default port 9861, call Call#1 Retry#0 org.apache.hadoop.ozone.protocol.StorageContainerDatanodeProtocol.submitRequest from 10.9.0.13:32918: output error
scm_1    | 2020-11-29 13:41:09,520 [IPC Server handler 1 on default port 9861] WARN ipc.Server: IPC Server handler 1 on default port 9861, call Call#0 Retry#0 org.apache.hadoop.ozone.protocol.StorageContainerDatanodeProtocol.submitRequest from 10.9.0.12:36076: output error
scm_1    | 2020-11-29 13:41:09,565 [IPC Server handler 0 on default port 9861] INFO ipc.Server: IPC Server handler 0 on default port 9861 caught an exception
scm_1    | java.nio.channels.AsynchronousCloseException
scm_1    | 	at java.base/sun.nio.ch.SocketChannelImpl.write(SocketChannelImpl.java:471)
scm_1    | 	at org.apache.hadoop.ipc.Server.channelWrite(Server.java:3550)
scm_1    | 	at org.apache.hadoop.ipc.Server.access$1700(Server.java:139)
scm_1    | 	at org.apache.hadoop.ipc.Server$Responder.processResponse(Server.java:1620)
scm_1    | 	at org.apache.hadoop.ipc.Server$Responder.doRespond(Server.java:1690)
scm_1    | 	at org.apache.hadoop.ipc.Server$Connection.sendResponse(Server.java:2785)
scm_1    | 	at org.apache.hadoop.ipc.Server$Connection.access$300(Server.java:1762)
scm_1    | 	at org.apache.hadoop.ipc.Server$RpcCall.doResponse(Server.java:1081)
scm_1    | 	at org.apache.hadoop.ipc.Server$Call.doResponse(Server.java:873)
scm_1    | 	at org.apache.hadoop.ipc.Server$Call.sendResponse(Server.java:859)
scm_1    | 	at org.apache.hadoop.ipc.Server$RpcCall.run(Server.java:1016)
scm_1    | 	at org.apache.hadoop.ipc.Server$RpcCall.run(Server.java:927)
scm_1    | 	at java.base/java.security.AccessController.doPrivileged(Native Method)
scm_1    | 	at java.base/javax.security.auth.Subject.doAs(Subject.java:423)
scm_1    | 	at org.apache.hadoop.security.UserGroupInformation.doAs(UserGroupInformation.java:1730)
scm_1    | 	at org.apache.hadoop.ipc.Server$Handler.run(Server.java:2915)
scm_1    | 2020-11-29 13:41:09,565 [IPC Server handler 1 on default port 9861] INFO ipc.Server: IPC Server handler 1 on default port 9861 caught an exception
scm_1    | java.nio.channels.AsynchronousCloseException
scm_1    | 	at java.base/sun.nio.ch.SocketChannelImpl.write(SocketChannelImpl.java:471)
scm_1    | 	at org.apache.hadoop.ipc.Server.channelWrite(Server.java:3550)
scm_1    | 	at org.apache.hadoop.ipc.Server.access$1700(Server.java:139)
scm_1    | 	at org.apache.hadoop.ipc.Server$Responder.processResponse(Server.java:1620)
scm_1    | 	at org.apache.hadoop.ipc.Server$Responder.doRespond(Server.java:1690)
scm_1    | 	at org.apache.hadoop.ipc.Server$Connection.sendResponse(Server.java:2785)
scm_1    | 	at org.apache.hadoop.ipc.Server$Connection.access$300(Server.java:1762)
scm_1    | 	at org.apache.hadoop.ipc.Server$RpcCall.doResponse(Server.java:1081)
scm_1    | 	at org.apache.hadoop.ipc.Server$Call.doResponse(Server.java:873)
scm_1    | 	at org.apache.hadoop.ipc.Server$Call.sendResponse(Server.java:859)
scm_1    | 	at org.apache.hadoop.ipc.Server$RpcCall.run(Server.java:1016)
scm_1    | 	at org.apache.hadoop.ipc.Server$RpcCall.run(Server.java:927)
scm_1    | 	at java.base/java.security.AccessController.doPrivileged(Native Method)
scm_1    | 	at java.base/javax.security.auth.Subject.doAs(Subject.java:423)
scm_1    | 	at org.apache.hadoop.security.UserGroupInformation.doAs(UserGroupInformation.java:1730)
scm_1    | 	at org.apache.hadoop.ipc.Server$Handler.run(Server.java:2915)
dn3_1    | 	at java.base/java.lang.reflect.Constructor.newInstance(Constructor.java:490)
scm_1    | 2020-11-29 13:41:10,593 [Listener at 0.0.0.0/9860] INFO handler.ContextHandler: Started o.e.j.w.WebAppContext@1de9b505{scm,/,file:///tmp/jetty-0_0_0_0-9876-hadoop-hdds-server-scm-1_1_0-SNAPSHOT_jar-_-any-12080671256482673977/webapp/,AVAILABLE}{jar:file:/opt/hadoop/share/ozone/lib/hadoop-hdds-server-scm-1.1.0-SNAPSHOT.jar!/webapps/scm}
dn3_1    | 	at org.apache.hadoop.net.NetUtils.wrapWithMessage(NetUtils.java:833)
scm_1    | 2020-11-29 13:41:10,717 [Listener at 0.0.0.0/9860] INFO server.AbstractConnector: Started ServerConnector@1431267b{HTTP/1.1, (http/1.1)}{0.0.0.0:9876}
dn3_1    | 	at org.apache.hadoop.net.NetUtils.wrapException(NetUtils.java:777)
scm_1    | 2020-11-29 13:41:10,720 [Listener at 0.0.0.0/9860] INFO server.Server: Started @32979ms
dn3_1    | 	at org.apache.hadoop.ipc.Client.getRpcResponse(Client.java:1549)
scm_1    | 2020-11-29 13:41:10,730 [Listener at 0.0.0.0/9860] INFO impl.MetricsSinkAdapter: Sink prometheus started
dn3_1    | 	at org.apache.hadoop.ipc.Client.call(Client.java:1491)
scm_1    | 2020-11-29 13:41:10,730 [Listener at 0.0.0.0/9860] INFO impl.MetricsSystemImpl: Registered sink prometheus
dn3_1    | 	at org.apache.hadoop.ipc.Client.call(Client.java:1388)
scm_1    | 2020-11-29 13:41:10,748 [Listener at 0.0.0.0/9860] INFO http.BaseHttpServer: HTTP server of scm listening at http://0.0.0.0:9876
dn3_1    | 	at org.apache.hadoop.ipc.ProtobufRpcEngine$Invoker.invoke(ProtobufRpcEngine.java:233)
scm_1    | 2020-11-29 13:41:10,797 [org.apache.hadoop.util.JvmPauseMonitor$Monitor@5de6cf3a] INFO util.JvmPauseMonitor: Starting JVM pause monitor
dn3_1    | 	at org.apache.hadoop.ipc.ProtobufRpcEngine$Invoker.invoke(ProtobufRpcEngine.java:118)
scm_1    | 2020-11-29 13:41:10,934 [IPC Server handler 12 on default port 9861] INFO net.NetworkTopologyImpl: Added a new node: /default-rack/6a5f799c-43fb-4e22-82fb-2584bc069e81
dn3_1    | 	at com.sun.proxy.$Proxy38.submitRequest(Unknown Source)
scm_1    | 2020-11-29 13:41:10,968 [IPC Server handler 12 on default port 9861] INFO node.SCMNodeManager: Registered Data node : 6a5f799c-43fb-4e22-82fb-2584bc069e81{ip: 10.9.0.11, host: upgrade_dn1_1.upgrade_net, networkLocation: /default-rack, certSerialId: null}
dn3_1    | 	at org.apache.hadoop.ozone.protocolPB.StorageContainerDatanodeProtocolClientSideTranslatorPB.submitRequest(StorageContainerDatanodeProtocolClientSideTranslatorPB.java:117)
scm_1    | 2020-11-29 13:41:11,042 [EventQueue-NodeRegistrationContainerReportForDataNodeSafeModeRule] INFO safemode.SCMSafeModeManager: SCM in safe mode. 1 DataNodes registered, 3 required.
dn3_1    | 	at org.apache.hadoop.ozone.protocolPB.StorageContainerDatanodeProtocolClientSideTranslatorPB.getVersion(StorageContainerDatanodeProtocolClientSideTranslatorPB.java:133)
scm_1    | 2020-11-29 13:41:11,089 [IPC Server handler 99 on default port 9861] INFO net.NetworkTopologyImpl: Added a new node: /default-rack/f1a712a3-33ad-47e2-8606-0956b09fddc5
dn3_1    | 	at org.apache.hadoop.ozone.container.common.states.endpoint.VersionEndpointTask.call(VersionEndpointTask.java:70)
dn3_1    | 	at org.apache.hadoop.ozone.container.common.states.endpoint.VersionEndpointTask.call(VersionEndpointTask.java:41)
dn3_1    | 	at java.base/java.util.concurrent.FutureTask.run(FutureTask.java:264)
scm_1    | 2020-11-29 13:41:11,131 [IPC Server handler 99 on default port 9861] INFO node.SCMNodeManager: Registered Data node : f1a712a3-33ad-47e2-8606-0956b09fddc5{ip: 10.9.0.13, host: upgrade_dn3_1.upgrade_net, networkLocation: /default-rack, certSerialId: null}
dn3_1    | 	at java.base/java.util.concurrent.ThreadPoolExecutor.runWorker(ThreadPoolExecutor.java:1128)
scm_1    | 2020-11-29 13:41:11,132 [EventQueue-NodeRegistrationContainerReportForDataNodeSafeModeRule] INFO safemode.SCMSafeModeManager: SCM in safe mode. 2 DataNodes registered, 3 required.
dn3_1    | 	at java.base/java.util.concurrent.ThreadPoolExecutor$Worker.run(ThreadPoolExecutor.java:628)
scm_1    | 2020-11-29 13:41:11,118 [EventQueue-NodeRegistrationContainerReportForContainerSafeModeRule] INFO safemode.SCMSafeModeManager: ContainerSafeModeRule rule is successfully validated
scm_1    | 2020-11-29 13:41:11,132 [EventQueue-NodeRegistrationContainerReportForContainerSafeModeRule] INFO safemode.SCMSafeModeManager: ContainerSafeModeRule rule is successfully validated
dn3_1    | 	at java.base/java.lang.Thread.run(Thread.java:834)
scm_1    | 2020-11-29 13:41:11,133 [EventQueue-PipelineReportForOneReplicaPipelineSafeModeRule] INFO safemode.SCMSafeModeManager: AtleastOneDatanodeReportedRule rule is successfully validated
dn3_1    | Caused by: java.net.SocketTimeoutException: 1000 millis timeout while waiting for channel to be ready for read. ch : java.nio.channels.SocketChannel[connected local=/10.9.0.13:53538 remote=recon/10.9.0.15:9891]
scm_1    | 2020-11-29 13:41:11,133 [EventQueue-PipelineReportForOneReplicaPipelineSafeModeRule] INFO safemode.SCMSafeModeManager: AtleastOneDatanodeReportedRule rule is successfully validated
dn3_1    | 	at org.apache.hadoop.net.SocketIOWithTimeout.doIO(SocketIOWithTimeout.java:164)
dn3_1    | 	at org.apache.hadoop.net.SocketInputStream.read(SocketInputStream.java:161)
dn3_1    | 	at org.apache.hadoop.net.SocketInputStream.read(SocketInputStream.java:131)
dn3_1    | 	at java.base/java.io.FilterInputStream.read(FilterInputStream.java:133)
dn3_1    | 	at java.base/java.io.BufferedInputStream.fill(BufferedInputStream.java:252)
dn3_1    | 	at java.base/java.io.BufferedInputStream.read(BufferedInputStream.java:271)
dn3_1    | 	at java.base/java.io.FilterInputStream.read(FilterInputStream.java:83)
scm_1    | 2020-11-29 13:41:11,134 [EventQueue-PipelineReportForPipelineReportHandler] INFO pipeline.PipelineStateManager: Pipeline Pipeline[ Id: ffb17242-22ed-4e0e-a320-dad421d6e57a, Nodes: 6a5f799c-43fb-4e22-82fb-2584bc069e81{ip: 10.9.0.11, host: upgrade_dn1_1.upgrade_net, networkLocation: /default-rack, certSerialId: null}, Type:RATIS, Factor:ONE, State:ALLOCATED, leaderId:6a5f799c-43fb-4e22-82fb-2584bc069e81, CreationTimestamp2020-11-29T13:40:51.466238Z] moved to OPEN state
dn3_1    | 	at java.base/java.io.FilterInputStream.read(FilterInputStream.java:83)
scm_1    | 2020-11-29 13:41:11,163 [EventQueue-PipelineReportForPipelineReportHandler] INFO pipeline.PipelineStateManager: Pipeline Pipeline[ Id: 34fa71f4-3514-4c7e-bdfa-ff50fe00926c, Nodes: f1a712a3-33ad-47e2-8606-0956b09fddc5{ip: 10.9.0.13, host: upgrade_dn3_1.upgrade_net, networkLocation: /default-rack, certSerialId: null}, Type:RATIS, Factor:ONE, State:ALLOCATED, leaderId:f1a712a3-33ad-47e2-8606-0956b09fddc5, CreationTimestamp2020-11-29T13:40:51.200515Z] moved to OPEN state
dn3_1    | 	at org.apache.hadoop.ipc.Client$Connection$PingInputStream.read(Client.java:567)
scm_1    | 2020-11-29 13:41:11,164 [EventQueue-OpenPipelineForHealthyPipelineSafeModeRule] INFO safemode.SCMSafeModeManager: SCM in safe mode. Healthy pipelines reported count is 0, required healthy pipeline reported count is 1
dn3_1    | 	at java.base/java.io.DataInputStream.readInt(DataInputStream.java:392)
scm_1    | 2020-11-29 13:41:11,165 [EventQueue-OpenPipelineForHealthyPipelineSafeModeRule] INFO safemode.SCMSafeModeManager: SCM in safe mode. Healthy pipelines reported count is 0, required healthy pipeline reported count is 1
dn3_1    | 	at org.apache.hadoop.ipc.Client$IpcStreams.readResponse(Client.java:1850)
scm_1    | 2020-11-29 13:41:11,433 [IPC Server handler 1 on default port 9861] INFO net.NetworkTopologyImpl: Added a new node: /default-rack/332749f1-36ef-4cd4-a653-bf34b55b5857
dn3_1    | 	at org.apache.hadoop.ipc.Client$Connection.receiveRpcResponse(Client.java:1183)
scm_1    | 2020-11-29 13:41:11,433 [IPC Server handler 1 on default port 9861] INFO node.SCMNodeManager: Registered Data node : 332749f1-36ef-4cd4-a653-bf34b55b5857{ip: 10.9.0.12, host: upgrade_dn2_1.upgrade_net, networkLocation: /default-rack, certSerialId: null}
dn3_1    | 	at org.apache.hadoop.ipc.Client$Connection.run(Client.java:1079)
scm_1    | 2020-11-29 13:41:11,444 [EventQueue-PipelineReportForOneReplicaPipelineSafeModeRule] INFO safemode.SCMSafeModeManager: AtleastOneDatanodeReportedRule rule is successfully validated
dn3_1    | 2020-11-29 13:41:13,688 [org.apache.ratis.server.JvmPauseMonitor@5b5dcfd0-Monitor] WARN server.JvmPauseMonitor: Detected pause in JVM or host machine (eg GC): pause of approximately 2ms
scm_1    | 2020-11-29 13:41:11,444 [EventQueue-NodeRegistrationContainerReportForContainerSafeModeRule] INFO safemode.SCMSafeModeManager: ContainerSafeModeRule rule is successfully validated
dn3_1    | No GCs detected
scm_1    | 2020-11-29 13:41:11,444 [EventQueue-PipelineReportForPipelineReportHandler] INFO pipeline.PipelineStateManager: Pipeline Pipeline[ Id: b1eac15a-8627-465f-89ae-2284219d87fb, Nodes: 332749f1-36ef-4cd4-a653-bf34b55b5857{ip: 10.9.0.12, host: upgrade_dn2_1.upgrade_net, networkLocation: /default-rack, certSerialId: null}, Type:RATIS, Factor:ONE, State:ALLOCATED, leaderId:332749f1-36ef-4cd4-a653-bf34b55b5857, CreationTimestamp2020-11-29T13:40:51.299706Z] moved to OPEN state
dn3_1    | 2020-11-29 13:41:14,840 [Thread-20] INFO impl.FollowerState: f1a712a3-33ad-47e2-8606-0956b09fddc5@group-8B4B4FCC7ED7-FollowerState: change to CANDIDATE, lastRpcTime:5150ms, electionTimeout:5090ms
scm_1    | 2020-11-29 13:41:11,444 [EventQueue-NodeRegistrationContainerReportForDataNodeSafeModeRule] INFO safemode.SCMSafeModeManager: SCM in safe mode. 3 DataNodes registered, 3 required.
dn3_1    | 2020-11-29 13:41:14,841 [Thread-20] INFO impl.RoleInfo: f1a712a3-33ad-47e2-8606-0956b09fddc5: shutdown f1a712a3-33ad-47e2-8606-0956b09fddc5@group-8B4B4FCC7ED7-FollowerState
scm_1    | 2020-11-29 13:41:11,445 [EventQueue-NodeRegistrationContainerReportForDataNodeSafeModeRule] INFO safemode.SCMSafeModeManager: DataNodeSafeModeRule rule is successfully validated
dn3_1    | 2020-11-29 13:41:14,843 [Thread-20] INFO impl.RaftServerImpl: f1a712a3-33ad-47e2-8606-0956b09fddc5@group-8B4B4FCC7ED7: changes role from  FOLLOWER to CANDIDATE at term 1 for changeToCandidate
scm_1    | 2020-11-29 13:41:11,446 [EventQueue-NodeRegistrationContainerReportForDataNodeSafeModeRule] INFO safemode.SCMSafeModeManager: All SCM safe mode pre check rules have passed
dn3_1    | 2020-11-29 13:41:14,900 [Thread-20] INFO impl.RoleInfo: f1a712a3-33ad-47e2-8606-0956b09fddc5: start f1a712a3-33ad-47e2-8606-0956b09fddc5@group-8B4B4FCC7ED7-LeaderElection1
scm_1    | 2020-11-29 13:41:11,447 [EventQueue-OpenPipelineForHealthyPipelineSafeModeRule] INFO safemode.SCMSafeModeManager: SCM in safe mode. Healthy pipelines reported count is 0, required healthy pipeline reported count is 1
dn3_1    | 2020-11-29 13:41:14,914 [Thread-21] INFO impl.FollowerState: f1a712a3-33ad-47e2-8606-0956b09fddc5@group-FF50FE00926C-FollowerState: change to CANDIDATE, lastRpcTime:5170ms, electionTimeout:5151ms
scm_1    | 2020-11-29 13:41:15,624 [EventQueue-PipelineReportForOneReplicaPipelineSafeModeRule] INFO safemode.SCMSafeModeManager: AtleastOneDatanodeReportedRule rule is successfully validated
dn3_1    | 2020-11-29 13:41:14,915 [Thread-21] INFO impl.RoleInfo: f1a712a3-33ad-47e2-8606-0956b09fddc5: shutdown f1a712a3-33ad-47e2-8606-0956b09fddc5@group-FF50FE00926C-FollowerState
scm_1    | 2020-11-29 13:41:15,629 [EventQueue-OpenPipelineForHealthyPipelineSafeModeRule] INFO safemode.SCMSafeModeManager: SCM in safe mode. Healthy pipelines reported count is 0, required healthy pipeline reported count is 1
dn3_1    | 2020-11-29 13:41:14,916 [Thread-21] INFO impl.RaftServerImpl: f1a712a3-33ad-47e2-8606-0956b09fddc5@group-FF50FE00926C: changes role from  FOLLOWER to CANDIDATE at term 1 for changeToCandidate
scm_1    | 2020-11-29 13:41:15,698 [EventQueue-OpenPipelineForHealthyPipelineSafeModeRule] INFO safemode.SCMSafeModeManager: SCM in safe mode. Healthy pipelines reported count is 0, required healthy pipeline reported count is 1
dn3_1    | 2020-11-29 13:41:14,916 [Thread-21] INFO impl.RoleInfo: f1a712a3-33ad-47e2-8606-0956b09fddc5: start f1a712a3-33ad-47e2-8606-0956b09fddc5@group-FF50FE00926C-LeaderElection2
scm_1    | 2020-11-29 13:41:15,699 [EventQueue-PipelineReportForOneReplicaPipelineSafeModeRule] INFO safemode.SCMSafeModeManager: AtleastOneDatanodeReportedRule rule is successfully validated
dn3_1    | 2020-11-29 13:41:14,942 [f1a712a3-33ad-47e2-8606-0956b09fddc5@group-FF50FE00926C-LeaderElection2] INFO impl.LeaderElection: f1a712a3-33ad-47e2-8606-0956b09fddc5@group-FF50FE00926C-LeaderElection2: begin an election at term 2 for 0: [f1a712a3-33ad-47e2-8606-0956b09fddc5|rpc:10.9.0.13:9858|dataStream:], old=null
scm_1    | 2020-11-29 13:41:15,809 [EventQueue-PipelineReportForOneReplicaPipelineSafeModeRule] INFO safemode.SCMSafeModeManager: AtleastOneDatanodeReportedRule rule is successfully validated
dn3_1    | 2020-11-29 13:41:14,943 [f1a712a3-33ad-47e2-8606-0956b09fddc5@group-FF50FE00926C-LeaderElection2] INFO impl.RoleInfo: f1a712a3-33ad-47e2-8606-0956b09fddc5: shutdown f1a712a3-33ad-47e2-8606-0956b09fddc5@group-FF50FE00926C-LeaderElection2
scm_1    | 2020-11-29 13:41:15,810 [EventQueue-OpenPipelineForHealthyPipelineSafeModeRule] INFO safemode.SCMSafeModeManager: SCM in safe mode. Healthy pipelines reported count is 0, required healthy pipeline reported count is 1
dn3_1    | 2020-11-29 13:41:14,946 [f1a712a3-33ad-47e2-8606-0956b09fddc5@group-FF50FE00926C-LeaderElection2] INFO impl.RaftServerImpl: f1a712a3-33ad-47e2-8606-0956b09fddc5@group-FF50FE00926C: changes role from CANDIDATE to LEADER at term 2 for changeToLeader
scm_1    | 2020-11-29 13:41:21,730 [EventQueue-PipelineReportForOneReplicaPipelineSafeModeRule] INFO safemode.SCMSafeModeManager: AtleastOneDatanodeReportedRule rule is successfully validated
dn3_1    | 2020-11-29 13:41:14,946 [f1a712a3-33ad-47e2-8606-0956b09fddc5@group-FF50FE00926C-LeaderElection2] INFO ratis.XceiverServerRatis: Leader change notification received for group: group-FF50FE00926C with new leaderId: f1a712a3-33ad-47e2-8606-0956b09fddc5
scm_1    | 2020-11-29 13:41:21,735 [EventQueue-PipelineReportForPipelineReportHandler] INFO pipeline.PipelineStateManager: Pipeline Pipeline[ Id: d1546ce4-7194-48e9-92b2-8b4b4fcc7ed7, Nodes: 6a5f799c-43fb-4e22-82fb-2584bc069e81{ip: 10.9.0.11, host: upgrade_dn1_1.upgrade_net, networkLocation: /default-rack, certSerialId: null}f1a712a3-33ad-47e2-8606-0956b09fddc5{ip: 10.9.0.13, host: upgrade_dn3_1.upgrade_net, networkLocation: /default-rack, certSerialId: null}332749f1-36ef-4cd4-a653-bf34b55b5857{ip: 10.9.0.12, host: upgrade_dn2_1.upgrade_net, networkLocation: /default-rack, certSerialId: null}, Type:RATIS, Factor:THREE, State:ALLOCATED, leaderId:6a5f799c-43fb-4e22-82fb-2584bc069e81, CreationTimestamp2020-11-29T13:40:51.458588Z] moved to OPEN state
dn3_1    | 2020-11-29 13:41:14,948 [f1a712a3-33ad-47e2-8606-0956b09fddc5@group-FF50FE00926C-LeaderElection2] INFO impl.RaftServerImpl: f1a712a3-33ad-47e2-8606-0956b09fddc5@group-FF50FE00926C: change Leader from null to f1a712a3-33ad-47e2-8606-0956b09fddc5 at term 2 for becomeLeader, leader elected after 13833ms
scm_1    | 2020-11-29 13:41:21,735 [EventQueue-OpenPipelineForHealthyPipelineSafeModeRule] INFO safemode.SCMSafeModeManager: SCM in safe mode. Healthy pipelines reported count is 0, required healthy pipeline reported count is 1
dn3_1    | 2020-11-29 13:41:14,951 [f1a712a3-33ad-47e2-8606-0956b09fddc5@group-FF50FE00926C-LeaderElection2] INFO server.RaftServerConfigKeys: raft.server.staging.catchup.gap = 1000 (default)
scm_1    | 2020-11-29 13:41:21,736 [EventQueue-OpenPipelineForHealthyPipelineSafeModeRule] INFO safemode.SCMSafeModeManager: SCM in safe mode. Healthy pipelines reported count is 1, required healthy pipeline reported count is 1
dn3_1    | 2020-11-29 13:41:14,953 [f1a712a3-33ad-47e2-8606-0956b09fddc5@group-FF50FE00926C-LeaderElection2] INFO server.RaftServerConfigKeys: raft.server.rpc.sleep.time = 25ms (default)
scm_1    | 2020-11-29 13:41:21,736 [EventQueue-OpenPipelineForHealthyPipelineSafeModeRule] INFO safemode.SCMSafeModeManager: HealthyPipelineSafeModeRule rule is successfully validated
dn3_1    | 2020-11-29 13:41:14,954 [f1a712a3-33ad-47e2-8606-0956b09fddc5@group-8B4B4FCC7ED7-LeaderElection1] INFO impl.LeaderElection: f1a712a3-33ad-47e2-8606-0956b09fddc5@group-8B4B4FCC7ED7-LeaderElection1: begin an election at term 2 for 0: [6a5f799c-43fb-4e22-82fb-2584bc069e81|rpc:10.9.0.11:9858|dataStream:, f1a712a3-33ad-47e2-8606-0956b09fddc5|rpc:10.9.0.13:9858|dataStream:, 332749f1-36ef-4cd4-a653-bf34b55b5857|rpc:10.9.0.12:9858|dataStream:], old=null
scm_1    | 2020-11-29 13:41:21,739 [EventQueue-OpenPipelineForHealthyPipelineSafeModeRule] INFO safemode.SCMSafeModeManager: ScmSafeModeManager, all rules are successfully validated
dn3_1    | 2020-11-29 13:41:14,960 [f1a712a3-33ad-47e2-8606-0956b09fddc5@group-FF50FE00926C-LeaderElection2] INFO metrics.RatisMetrics: Creating Metrics Registry : ratis.log_appender.f1a712a3-33ad-47e2-8606-0956b09fddc5@group-FF50FE00926C
scm_1    | 2020-11-29 13:41:21,741 [EventQueue-OpenPipelineForHealthyPipelineSafeModeRule] INFO safemode.SCMSafeModeManager: SCM exiting safe mode.
dn3_1    | 2020-11-29 13:41:14,967 [f1a712a3-33ad-47e2-8606-0956b09fddc5@group-FF50FE00926C-LeaderElection2] INFO server.RaftServerConfigKeys: raft.server.write.element-limit = 1024 (custom)
dn3_1    | 2020-11-29 13:41:14,968 [f1a712a3-33ad-47e2-8606-0956b09fddc5@group-FF50FE00926C-LeaderElection2] INFO server.RaftServerConfigKeys: raft.server.write.byte-limit = 1073741824 (custom)
dn3_1    | 2020-11-29 13:41:15,078 [f1a712a3-33ad-47e2-8606-0956b09fddc5@group-FF50FE00926C-LeaderElection2] INFO server.RaftServerConfigKeys: raft.server.watch.timeout = 180s (custom)
dn3_1    | 2020-11-29 13:41:15,088 [f1a712a3-33ad-47e2-8606-0956b09fddc5@group-FF50FE00926C-LeaderElection2] INFO server.RaftServerConfigKeys: raft.server.watch.timeout.denomination = 1s (default)
dn3_1    | 2020-11-29 13:41:15,108 [f1a712a3-33ad-47e2-8606-0956b09fddc5@group-FF50FE00926C-LeaderElection2] INFO server.RaftServerConfigKeys: raft.server.watch.element-limit = 65536 (default)
dn3_1    | 2020-11-29 13:41:15,159 [f1a712a3-33ad-47e2-8606-0956b09fddc5@group-FF50FE00926C-LeaderElection2] INFO impl.RoleInfo: f1a712a3-33ad-47e2-8606-0956b09fddc5: start f1a712a3-33ad-47e2-8606-0956b09fddc5@group-FF50FE00926C-LeaderState
dn3_1    | 2020-11-29 13:41:15,263 [f1a712a3-33ad-47e2-8606-0956b09fddc5@group-FF50FE00926C-LeaderElection2] INFO segmented.SegmentedRaftLogWorker: f1a712a3-33ad-47e2-8606-0956b09fddc5@group-FF50FE00926C-SegmentedRaftLogWorker: Rolling segment log-0_0 to index:0
dn3_1    | 2020-11-29 13:41:15,277 [f1a712a3-33ad-47e2-8606-0956b09fddc5@group-FF50FE00926C-SegmentedRaftLogWorker] INFO segmented.SegmentedRaftLogWorker: f1a712a3-33ad-47e2-8606-0956b09fddc5@group-FF50FE00926C-SegmentedRaftLogWorker: Rolled log segment from /data/metadata/ratis/34fa71f4-3514-4c7e-bdfa-ff50fe00926c/current/log_inprogress_0 to /data/metadata/ratis/34fa71f4-3514-4c7e-bdfa-ff50fe00926c/current/log_0-0
dn3_1    | 2020-11-29 13:41:15,324 [f1a712a3-33ad-47e2-8606-0956b09fddc5@group-FF50FE00926C-LeaderElection2] INFO impl.RaftServerImpl: f1a712a3-33ad-47e2-8606-0956b09fddc5@group-FF50FE00926C: set configuration 1: [f1a712a3-33ad-47e2-8606-0956b09fddc5|rpc:10.9.0.13:9858|dataStream:], old=null at 1
dn3_1    | 2020-11-29 13:41:15,354 [f1a712a3-33ad-47e2-8606-0956b09fddc5@group-FF50FE00926C-SegmentedRaftLogWorker] INFO segmented.SegmentedRaftLogWorker: f1a712a3-33ad-47e2-8606-0956b09fddc5@group-FF50FE00926C-SegmentedRaftLogWorker: created new log segment /data/metadata/ratis/34fa71f4-3514-4c7e-bdfa-ff50fe00926c/current/log_inprogress_1
dn3_1    | 2020-11-29 13:41:16,194 [org.apache.ratis.server.JvmPauseMonitor@5b5dcfd0-Monitor] WARN server.JvmPauseMonitor: Detected pause in JVM or host machine (eg GC): pause of approximately 3ms
dn3_1    | GC pool 'ParNew' had collection(s): count=1 time=85ms
dn3_1    | 2020-11-29 13:41:16,348 [grpc-default-executor-1] INFO metrics.RatisMetrics: Creating Metrics Registry : ratis.server_message_metrics.f1a712a3-33ad-47e2-8606-0956b09fddc5
dn3_1    | 2020-11-29 13:41:16,556 [f1a712a3-33ad-47e2-8606-0956b09fddc5@group-8B4B4FCC7ED7-LeaderElection1] INFO impl.LeaderElection: f1a712a3-33ad-47e2-8606-0956b09fddc5@group-8B4B4FCC7ED7-LeaderElection1: Election REJECTED; received 2 response(s) [f1a712a3-33ad-47e2-8606-0956b09fddc5<-6a5f799c-43fb-4e22-82fb-2584bc069e81#0:FAIL-t2, f1a712a3-33ad-47e2-8606-0956b09fddc5<-332749f1-36ef-4cd4-a653-bf34b55b5857#0:FAIL-t2] and 0 exception(s); f1a712a3-33ad-47e2-8606-0956b09fddc5@group-8B4B4FCC7ED7:t2, leader=null, voted=f1a712a3-33ad-47e2-8606-0956b09fddc5, raftlog=f1a712a3-33ad-47e2-8606-0956b09fddc5@group-8B4B4FCC7ED7-SegmentedRaftLog:OPENED:c-1,f0,i0, conf=0: [6a5f799c-43fb-4e22-82fb-2584bc069e81|rpc:10.9.0.11:9858|dataStream:, f1a712a3-33ad-47e2-8606-0956b09fddc5|rpc:10.9.0.13:9858|dataStream:, 332749f1-36ef-4cd4-a653-bf34b55b5857|rpc:10.9.0.12:9858|dataStream:], old=null
dn3_1    | 2020-11-29 13:41:16,557 [f1a712a3-33ad-47e2-8606-0956b09fddc5@group-8B4B4FCC7ED7-LeaderElection1] INFO impl.RaftServerImpl: f1a712a3-33ad-47e2-8606-0956b09fddc5@group-8B4B4FCC7ED7: changes role from CANDIDATE to FOLLOWER at term 2 for DISCOVERED_A_NEW_TERM
dn3_1    | 2020-11-29 13:41:16,558 [f1a712a3-33ad-47e2-8606-0956b09fddc5@group-8B4B4FCC7ED7-LeaderElection1] INFO impl.RoleInfo: f1a712a3-33ad-47e2-8606-0956b09fddc5: shutdown f1a712a3-33ad-47e2-8606-0956b09fddc5@group-8B4B4FCC7ED7-LeaderElection1
dn3_1    | 2020-11-29 13:41:16,558 [f1a712a3-33ad-47e2-8606-0956b09fddc5@group-8B4B4FCC7ED7-LeaderElection1] INFO impl.RoleInfo: f1a712a3-33ad-47e2-8606-0956b09fddc5: start f1a712a3-33ad-47e2-8606-0956b09fddc5@group-8B4B4FCC7ED7-FollowerState
dn3_1    | 2020-11-29 13:41:21,686 [grpc-default-executor-1] INFO impl.RaftServerImpl: f1a712a3-33ad-47e2-8606-0956b09fddc5@group-8B4B4FCC7ED7: changes role from  FOLLOWER to FOLLOWER at term 3 for recognizeCandidate:6a5f799c-43fb-4e22-82fb-2584bc069e81
dn3_1    | 2020-11-29 13:41:21,687 [grpc-default-executor-1] INFO impl.RoleInfo: f1a712a3-33ad-47e2-8606-0956b09fddc5: shutdown f1a712a3-33ad-47e2-8606-0956b09fddc5@group-8B4B4FCC7ED7-FollowerState
dn3_1    | 2020-11-29 13:41:21,687 [Thread-34] INFO impl.FollowerState: f1a712a3-33ad-47e2-8606-0956b09fddc5@group-8B4B4FCC7ED7-FollowerState was interrupted: {}
dn3_1    | java.lang.InterruptedException: sleep interrupted
dn3_1    | 	at java.base/java.lang.Thread.sleep(Native Method)
dn3_1    | 	at org.apache.ratis.util.JavaUtils.sleep(JavaUtils.java:250)
dn3_1    | 	at org.apache.ratis.server.impl.FollowerState.run(FollowerState.java:116)
dn3_1    | 2020-11-29 13:41:21,688 [grpc-default-executor-1] INFO impl.RoleInfo: f1a712a3-33ad-47e2-8606-0956b09fddc5: start f1a712a3-33ad-47e2-8606-0956b09fddc5@group-8B4B4FCC7ED7-FollowerState
dn3_1    | 2020-11-29 13:41:21,692 [grpc-default-executor-1] INFO impl.RaftServerImpl:  FOLLOWER f1a712a3-33ad-47e2-8606-0956b09fddc5@group-8B4B4FCC7ED7:t3, leader=null, voted=null, raftlog=f1a712a3-33ad-47e2-8606-0956b09fddc5@group-8B4B4FCC7ED7-SegmentedRaftLog:OPENED:c-1,f0,i0, conf=0: [6a5f799c-43fb-4e22-82fb-2584bc069e81|rpc:10.9.0.11:9858|dataStream:, f1a712a3-33ad-47e2-8606-0956b09fddc5|rpc:10.9.0.13:9858|dataStream:, 332749f1-36ef-4cd4-a653-bf34b55b5857|rpc:10.9.0.12:9858|dataStream:], old=null RUNNING priority:0 candidate:6a5f799c-43fb-4e22-82fb-2584bc069e81|rpc:10.9.0.11:9858|dataStream: candidatePriority:0 compare:0
dn3_1    | 2020-11-29 13:41:21,931 [grpc-default-executor-1] INFO ratis.XceiverServerRatis: Leader change notification received for group: group-8B4B4FCC7ED7 with new leaderId: 6a5f799c-43fb-4e22-82fb-2584bc069e81
dn3_1    | 2020-11-29 13:41:21,931 [grpc-default-executor-1] INFO impl.RaftServerImpl: f1a712a3-33ad-47e2-8606-0956b09fddc5@group-8B4B4FCC7ED7: change Leader from null to 6a5f799c-43fb-4e22-82fb-2584bc069e81 at term 3 for appendEntries, leader elected after 18149ms
dn3_1    | 2020-11-29 13:41:22,016 [grpc-default-executor-1] INFO impl.RaftServerImpl: f1a712a3-33ad-47e2-8606-0956b09fddc5@group-8B4B4FCC7ED7: set configuration 1: [6a5f799c-43fb-4e22-82fb-2584bc069e81|rpc:10.9.0.11:9858|dataStream:, f1a712a3-33ad-47e2-8606-0956b09fddc5|rpc:10.9.0.13:9858|dataStream:, 332749f1-36ef-4cd4-a653-bf34b55b5857|rpc:10.9.0.12:9858|dataStream:], old=null at 1
dn3_1    | 2020-11-29 13:41:22,017 [grpc-default-executor-1] INFO segmented.SegmentedRaftLogWorker: f1a712a3-33ad-47e2-8606-0956b09fddc5@group-8B4B4FCC7ED7-SegmentedRaftLogWorker: Rolling segment log-0_0 to index:0
dn3_1    | 2020-11-29 13:41:22,035 [f1a712a3-33ad-47e2-8606-0956b09fddc5@group-8B4B4FCC7ED7-SegmentedRaftLogWorker] INFO segmented.SegmentedRaftLogWorker: f1a712a3-33ad-47e2-8606-0956b09fddc5@group-8B4B4FCC7ED7-SegmentedRaftLogWorker: Rolled log segment from /data/metadata/ratis/d1546ce4-7194-48e9-92b2-8b4b4fcc7ed7/current/log_inprogress_0 to /data/metadata/ratis/d1546ce4-7194-48e9-92b2-8b4b4fcc7ed7/current/log_0-0
dn3_1    | 2020-11-29 13:41:22,044 [f1a712a3-33ad-47e2-8606-0956b09fddc5@group-8B4B4FCC7ED7-SegmentedRaftLogWorker] INFO segmented.SegmentedRaftLogWorker: f1a712a3-33ad-47e2-8606-0956b09fddc5@group-8B4B4FCC7ED7-SegmentedRaftLogWorker: created new log segment /data/metadata/ratis/d1546ce4-7194-48e9-92b2-8b4b4fcc7ed7/current/log_inprogress_1
