om_1                | STARTUP_MSG:   classpath = /etc/hadoop:/opt/hadoop/share/hadoop/common/*:/opt/hadoop/share/ozone/lib/kerb-simplekdc-1.0.1.jar:/opt/hadoop/share/ozone/lib/okhttp-4.2.2.jar:/opt/hadoop/share/ozone/lib/jackson-databind-2.10.3.jar:/opt/hadoop/share/ozone/lib/protobuf-java-2.5.0.jar:/opt/hadoop/share/ozone/lib/bcpkix-jdk15on-1.60.jar:/opt/hadoop/share/ozone/lib/commons-validator-1.6.jar:/opt/hadoop/share/ozone/lib/netty-3.10.5.Final.jar:/opt/hadoop/share/ozone/lib/jaxb-impl-2.3.0.1.jar:/opt/hadoop/share/ozone/lib/kotlin-stdlib-common-1.3.50.jar:/opt/hadoop/share/ozone/lib/kerb-core-1.0.1.jar:/opt/hadoop/share/ozone/lib/jsr305-3.0.0.jar:/opt/hadoop/share/ozone/lib/hadoop-hdds-interface-admin-1.0.0.jar:/opt/hadoop/share/ozone/lib/ratis-proto-1.0.0.jar:/opt/hadoop/share/ozone/lib/leveldbjni-all-1.8.jar:/opt/hadoop/share/ozone/lib/j2objc-annotations-1.3.jar:/opt/hadoop/share/ozone/lib/jetty-io-9.4.26.v20200117.jar:/opt/hadoop/share/ozone/lib/jaeger-tracerresolver-1.2.0.jar:/opt/hadoop/share/ozone/lib/hadoop-auth-3.2.1.jar:/opt/hadoop/share/ozone/lib/ratis-client-1.0.0.jar:/opt/hadoop/share/ozone/lib/htrace-core4-4.1.0-incubating.jar:/opt/hadoop/share/ozone/lib/hadoop-hdds-hadoop-dependency-server-1.0.0.jar:/opt/hadoop/share/ozone/lib/hadoop-hdds-interface-server-1.0.0.jar:/opt/hadoop/share/ozone/lib/hadoop-hdds-server-framework-1.0.0.jar:/opt/hadoop/share/ozone/lib/jetty-http-9.4.26.v20200117.jar:/opt/hadoop/share/ozone/lib/kerb-util-1.0.1.jar:/opt/hadoop/share/ozone/lib/ratis-netty-1.0.0.jar:/opt/hadoop/share/ozone/lib/jetty-xml-9.4.26.v20200117.jar:/opt/hadoop/share/ozone/lib/jaeger-thrift-1.2.0.jar:/opt/hadoop/share/ozone/lib/commons-logging-1.2.jar:/opt/hadoop/share/ozone/lib/kerby-xdr-1.0.1.jar:/opt/hadoop/share/ozone/lib/jetty-server-9.4.26.v20200117.jar:/opt/hadoop/share/ozone/lib/opentracing-tracerresolver-0.1.8.jar:/opt/hadoop/share/ozone/lib/commons-net-3.6.jar:/opt/hadoop/share/ozone/lib/log4j-api-2.11.0.jar:/opt/hadoop/share/ozone/lib/jaeger-core-1.2.0.jar:/opt/hadoop/share/ozone/lib/error_prone_annotations-2.2.0.jar:/opt/hadoop/share/ozone/lib/slf4j-log4j12-1.7.25.jar:/opt/hadoop/share/ozone/lib/okio-2.2.2.jar:/opt/hadoop/share/ozone/lib/kerby-config-1.0.1.jar:/opt/hadoop/share/ozone/lib/hadoop-hdds-hadoop-dependency-client-1.0.0.jar:/opt/hadoop/share/ozone/lib/jetty-util-ajax-9.4.26.v20200117.jar:/opt/hadoop/share/ozone/lib/metrics-core-3.2.4.jar:/opt/hadoop/share/ozone/lib/guava-28.2-jre.jar:/opt/hadoop/share/ozone/lib/kerby-pkix-1.0.1.jar:/opt/hadoop/share/ozone/lib/xz-1.0.jar:/opt/hadoop/share/ozone/lib/jetty-servlet-9.4.26.v20200117.jar:/opt/hadoop/share/ozone/lib/hadoop-ozone-common-1.0.0.jar:/opt/hadoop/share/ozone/lib/jsr311-api-1.1.1.jar:/opt/hadoop/share/ozone/lib/commons-beanutils-1.9.4.jar:/opt/hadoop/share/ozone/lib/ratis-thirdparty-misc-0.5.0.jar:/opt/hadoop/share/ozone/lib/jetty-security-9.4.26.v20200117.jar:/opt/hadoop/share/ozone/lib/javax.servlet-api-3.1.0.jar:/opt/hadoop/share/ozone/lib/kerb-server-1.0.1.jar:/opt/hadoop/share/ozone/lib/ratis-metrics-1.0.0.jar:/opt/hadoop/share/ozone/lib/kerb-client-1.0.1.jar:/opt/hadoop/share/ozone/lib/disruptor-3.4.2.jar:/opt/hadoop/share/ozone/lib/hadoop-ozone-interface-client-1.0.0.jar:/opt/hadoop/share/ozone/lib/libthrift-0.13.0.jar:/opt/hadoop/share/ozone/lib/ratis-server-1.0.0.jar:/opt/hadoop/share/ozone/lib/annotations-13.0.jar:/opt/hadoop/share/ozone/lib/simpleclient_common-0.7.0.jar:/opt/hadoop/share/ozone/lib/dnsjava-2.1.7.jar:/opt/hadoop/share/ozone/lib/jackson-annotations-2.10.3.jar:/opt/hadoop/share/ozone/lib/commons-configuration2-2.1.1.jar:/opt/hadoop/share/ozone/lib/json-smart-2.3.jar:/opt/hadoop/share/ozone/lib/token-provider-1.0.1.jar:/opt/hadoop/share/ozone/lib/log4j-1.2.17.jar:/opt/hadoop/share/ozone/lib/commons-daemon-1.0.13.jar:/opt/hadoop/share/ozone/lib/listenablefuture-9999.0-empty-to-avoid-conflict-with-guava.jar:/opt/hadoop/share/ozone/lib/bcprov-jdk15on-1.60.jar:/opt/hadoop/share/ozone/lib/hadoop-hdds-interface-client-1.0.0.jar:/opt/hadoop/share/ozone/lib/hadoop-hdfs-client-3.2.1.jar:/opt/hadoop/share/ozone/lib/jetty-webapp-9.4.26.v20200117.jar:/opt/hadoop/share/ozone/lib/commons-lang3-3.7.jar:/opt/hadoop/share/ozone/lib/commons-compress-1.4.1.jar:/opt/hadoop/share/ozone/lib/hadoop-hdds-config-1.0.0.jar:/opt/hadoop/share/ozone/lib/accessors-smart-1.2.jar:/opt/hadoop/share/ozone/lib/re2j-1.1.jar:/opt/hadoop/share/ozone/lib/hadoop-hdfs-3.2.1.jar:/opt/hadoop/share/ozone/lib/commons-math3-3.1.1.jar:/opt/hadoop/share/ozone/lib/simpleclient_dropwizard-0.7.0.jar:/opt/hadoop/share/ozone/lib/simpleclient-0.7.0.jar:/opt/hadoop/share/ozone/lib/hadoop-common-3.2.1.jar:/opt/hadoop/share/ozone/lib/httpclient-4.5.2.jar:/opt/hadoop/share/ozone/lib/rocksdbjni-6.8.1.jar:/opt/hadoop/share/ozone/lib/asm-5.0.4.jar:/opt/hadoop/share/ozone/lib/kerby-util-1.0.1.jar:/opt/hadoop/share/ozone/lib/hadoop-hdds-common-1.0.0.jar:/opt/hadoop/share/ozone/lib/failureaccess-1.0.1.jar:/opt/hadoop/share/ozone/lib/jsp-api-2.1.jar:/opt/hadoop/share/ozone/lib/jsch-0.1.54.jar:/opt/hadoop/share/ozone/lib/hadoop-hdds-client-1.0.0.jar:/opt/hadoop/share/ozone/lib/log4j-core-2.11.0.jar:/opt/hadoop/share/ozone/lib/nimbus-jose-jwt-7.9.jar:/opt/hadoop/share/ozone/lib/kotlin-stdlib-1.3.50.jar:/opt/hadoop/share/ozone/lib/commons-codec-1.11.jar:/opt/hadoop/share/ozone/lib/commons-pool2-2.6.0.jar:/opt/hadoop/share/ozone/lib/jackson-datatype-jsr310-2.10.3.jar:/opt/hadoop/share/ozone/lib/gson-2.2.4.jar:/opt/hadoop/share/ozone/lib/opentracing-api-0.33.0.jar:/opt/hadoop/share/ozone/lib/jcip-annotations-1.0-1.jar:/opt/hadoop/share/ozone/lib/kerb-admin-1.0.1.jar:/opt/hadoop/share/ozone/lib/commons-io-2.5.jar:/opt/hadoop/share/ozone/lib/snakeyaml-1.16.jar:/opt/hadoop/share/ozone/lib/opentracing-noop-0.33.0.jar:/opt/hadoop/share/ozone/lib/jetty-util-9.4.26.v20200117.jar:/opt/hadoop/share/ozone/lib/jersey-core-1.19.jar:/opt/hadoop/share/ozone/lib/checker-qual-2.10.0.jar:/opt/hadoop/share/ozone/lib/opentracing-util-0.33.0.jar:/opt/hadoop/share/ozone/lib/picocli-3.9.6.jar:/opt/hadoop/share/ozone/lib/commons-cli-1.2.jar:/opt/hadoop/share/ozone/lib/woodstox-core-5.0.3.jar:/opt/hadoop/share/ozone/lib/javax.annotation-api-1.2.jar:/opt/hadoop/share/ozone/lib/netty-all-4.1.48.Final.jar:/opt/hadoop/share/ozone/lib/kerby-asn1-1.0.1.jar:/opt/hadoop/share/ozone/lib/stax2-api-3.1.4.jar:/opt/hadoop/share/ozone/lib/commons-digester-1.8.1.jar:/opt/hadoop/share/ozone/lib/hadoop-ozone-client-1.0.0.jar:/opt/hadoop/share/ozone/lib/commons-collections-3.2.2.jar:/opt/hadoop/share/ozone/lib/jettison-1.1.jar:/opt/hadoop/share/ozone/lib/ratis-common-1.0.0.jar:/opt/hadoop/share/ozone/lib/jackson-core-2.10.3.jar:/opt/hadoop/share/ozone/lib/commons-text-1.4.jar:/opt/hadoop/share/ozone/lib/jersey-servlet-1.19.jar:/opt/hadoop/share/ozone/lib/jersey-json-1.19.jar:/opt/hadoop/share/ozone/lib/slf4j-api-1.7.25.jar:/opt/hadoop/share/ozone/lib/kerb-identity-1.0.1.jar:/opt/hadoop/share/ozone/lib/jaeger-client-1.2.0.jar:/opt/hadoop/share/ozone/lib/kerb-common-1.0.1.jar:/opt/hadoop/share/ozone/lib/jersey-server-1.19.jar:/opt/hadoop/share/ozone/lib/ratis-grpc-1.0.0.jar:/opt/hadoop/share/ozone/lib/kerb-crypto-1.0.1.jar:/opt/hadoop/share/ozone/lib/hadoop-annotations-3.2.1.jar:/opt/hadoop/share/ozone/lib/httpcore-4.4.4.jar:/opt/hadoop/share/ozone/web:/opt/hadoop/share/ozone/lib/hadoop-ozone-ozone-manager-1.0.0.jar
recon_1             | 2021-08-18 11:48:56 INFO  SCMPipelineManager:161 - No pipeline exists in current db
datanode_2          | 2021-08-18 11:49:57 INFO  RaftServerImpl:107 - 055add7d-45a0-4d37-8590-f96e9842c0c5: new RaftServerImpl for group-5AFE15A03D6F:[055add7d-45a0-4d37-8590-f96e9842c0c5:172.29.0.9:9858] with ContainerStateMachine:uninitialized
datanode_3          | 2021-08-18 11:49:58 INFO  SegmentedRaftLogWorker:129 - cbcba6a5-0823-4388-9823-872056a88dd7@group-885F18457C3B-SegmentedRaftLogWorker: flushIndex: setUnconditionally 0 -> -1
scm_1               | 2021-08-18 11:48:54 INFO  ContainerPlacementPolicyFactory:60 - Create container placement policy of type org.apache.hadoop.hdds.scm.container.placement.algorithms.SCMContainerPlacementRandom
s3g_1               | 2021-08-18 11:48:53 INFO  AbstractConnector:330 - Started ServerConnector@b86de0d{HTTP/1.1,[http/1.1]}{0.0.0.0:9878}
datanode_1          | 2021-08-18 11:49:54 INFO  RaftStorage:84 - Storage directory /data/metadata/ratis/3fee2174-3eae-4d02-9a7f-fa7e29f5bbbf has been successfully formatted.
om_1                | STARTUP_MSG:   build = https://github.com/apache/hadoop-ozone.git/28d372ca903b4741131bace09e0339e9161257bb ; compiled by 'sammi' on 2020-08-25T13:05Z
recon_1             | 2021-08-18 11:48:56 INFO  ReconServer:109 - Recon server initialized successfully!
datanode_2          | 2021-08-18 11:49:57 INFO  RaftServerConfigKeys:44 - raft.server.rpc.timeout.min = 5s (custom)
datanode_3          | 2021-08-18 11:49:58 INFO  SegmentedRaftLogWorker:129 - cbcba6a5-0823-4388-9823-872056a88dd7@group-885F18457C3B-SegmentedRaftLogWorker: safeCacheEvictIndex: setUnconditionally 0 -> -1
datanode_3          | 2021-08-18 11:49:58 INFO  RaftServerConfigKeys:44 - raft.server.snapshot.auto.trigger.enabled = true (custom)
scm_1               | 2021-08-18 11:48:54 INFO  SCMPipelineManager:161 - No pipeline exists in current db
datanode_1          | 2021-08-18 11:49:54 INFO  ContainerStateMachine:225 - group-FA7E29F5BBBF: The snapshot info is null. Setting the last applied indexto:(t:0, i:~)
om_1                | STARTUP_MSG:   java = 11.0.3
recon_1             | 2021-08-18 11:48:56 INFO  ReconServer:134 - Starting Recon server
datanode_2          | 2021-08-18 11:49:57 INFO  RaftServerConfigKeys:44 - raft.server.rpc.timeout.max = 5200ms (custom)
s3g_1               | 2021-08-18 11:48:53 INFO  Server:399 - Started @26910ms
datanode_3          | 2021-08-18 11:49:58 INFO  RaftServerConfigKeys:44 - raft.server.snapshot.auto.trigger.threshold = 10000 (custom)
scm_1               | 2021-08-18 11:48:54 INFO  HealthyPipelineSafeModeRule:89 - Total pipeline count is 0, healthy pipeline threshold count is 1
datanode_1          | 2021-08-18 11:49:54 INFO  RaftServerConfigKeys:44 - raft.server.notification.no-leader.timeout = 300s (custom)
om_1                | ************************************************************/
recon_1             | 2021-08-18 11:48:56 INFO  MetricsConfig:118 - Loaded properties from hadoop-metrics2.properties
datanode_2          | 2021-08-18 11:49:57 INFO  RaftServerConfigKeys:44 - raft.server.rpcslowness.timeout = 300s (custom)
s3g_1               | 2021-08-18 11:48:53 INFO  BaseHttpServer:327 - HTTP server of s3gateway listening at http://0.0.0.0:9878
datanode_3          | 2021-08-18 11:49:58 INFO  RaftServerConfigKeys:44 - raft.server.snapshot.retention.file.num = 5 (custom)
scm_1               | 2021-08-18 11:48:54 INFO  OneReplicaPipelineSafeModeRule:79 - Total pipeline count is 0, pipeline's with at least one datanode reported threshold count is 0
datanode_1          | 2021-08-18 11:49:54 INFO  RaftServerConfigKeys:44 - raft.server.log.use.memory = false (default)
om_1                | 2021-08-18 11:49:01 INFO  OzoneManagerStarter:90 - registered UNIX signal handlers for [TERM, HUP, INT]
recon_1             | 2021-08-18 11:48:56 INFO  MetricsSystemImpl:374 - Scheduled Metric snapshot period at 10 second(s).
datanode_2          | 2021-08-18 11:49:57 INFO  RaftServerConfigKeys:44 - raft.server.sleep.deviation.threshold = 300 (default)
datanode_3          | 2021-08-18 11:49:58 INFO  RaftServerConfigKeys:44 - raft.server.log.purge.upto.snapshot.index = false (default)
scm_1               | 2021-08-18 11:48:55 WARN  NativeCodeLoader:60 - Unable to load native-hadoop library for your platform... using builtin-java classes where applicable
datanode_1          | 2021-08-18 11:49:54 INFO  RaftServerConfigKeys:44 - raft.server.log.purge.gap = 1000000 (custom)
om_1                | 2021-08-18 11:49:02 INFO  OMHANodeDetails:104 - ozone.om.internal.service.id is not defined, falling back to ozone.om.service.ids to find serviceID for OzoneManager if it is HA enabled cluster
recon_1             | 2021-08-18 11:48:56 INFO  MetricsSystemImpl:191 - Recon metrics system started
datanode_2          | 2021-08-18 11:49:57 INFO  RaftServerConfigKeys:44 - raft.server.log.appender.install.snapshot.enabled = false (custom)
datanode_3          | 2021-08-18 11:49:58 INFO  RaftServerConfigKeys:44 - raft.server.retrycache.expirytime = 600000ms (custom)
scm_1               | 2021-08-18 11:48:56 INFO  CallQueueManager:84 - Using callQueue: class java.util.concurrent.LinkedBlockingQueue, queueCapacity: 10000, scheduler: class org.apache.hadoop.ipc.DefaultRpcScheduler, ipcBackoff: false.
datanode_1          | 2021-08-18 11:49:54 INFO  RatisMetrics:36 - Creating Metrics Registry : ratis.log_worker.c4c7251c-e19c-4620-ba4f-f36dd4c77933@group-FA7E29F5BBBF
om_1                | 2021-08-18 11:49:02 INFO  OMHANodeDetails:213 - Configuration either no ozone.om.address set. Falling back to the default OM address om/172.29.0.10:9862
recon_1             | 2021-08-18 11:48:57 INFO  HttpServer2:1237 - Jetty bound to port 9888
datanode_2          | 2021-08-18 11:49:57 INFO  RaftServerImpl:103 - 055add7d-45a0-4d37-8590-f96e9842c0c5@group-5AFE15A03D6F: ConfigurationManager, init=-1: [055add7d-45a0-4d37-8590-f96e9842c0c5:172.29.0.9:9858], old=null, confs=<EMPTY_MAP>
datanode_3          | 2021-08-18 11:49:58 INFO  RatisMetrics:36 - Creating Metrics Registry : ratis.leader_election.cbcba6a5-0823-4388-9823-872056a88dd7@group-885F18457C3B
scm_1               | 2021-08-18 11:48:56 INFO  Server:1219 - Starting Socket Reader #1 for port 9861
datanode_1          | 2021-08-18 11:49:54 INFO  RaftServerConfigKeys:44 - raft.server.log.appender.buffer.byte-limit = 33554432 (custom)
om_1                | 2021-08-18 11:49:02 INFO  OMHANodeDetails:241 - OM Service ID is not set. Setting it to the default ID: omServiceIdDefault
recon_1             | 2021-08-18 11:48:57 INFO  Server:359 - jetty-9.4.26.v20200117; built: 2020-01-17T12:35:33.676Z; git: 7b38981d25d14afb4a12ff1f2596756144edf695; jvm 11.0.3+7-LTS
datanode_2          | 2021-08-18 11:49:57 INFO  RaftServerConfigKeys:44 - raft.server.storage.dir = [/data/metadata/ratis] (custom)
datanode_3          | 2021-08-18 11:49:58 INFO  RatisMetrics:36 - Creating Metrics Registry : ratis.server.cbcba6a5-0823-4388-9823-872056a88dd7@group-885F18457C3B
scm_1               | 2021-08-18 11:48:56 INFO  CallQueueManager:84 - Using callQueue: class java.util.concurrent.LinkedBlockingQueue, queueCapacity: 10000, scheduler: class org.apache.hadoop.ipc.DefaultRpcScheduler, ipcBackoff: false.
om_1                | 2021-08-18 11:49:02 WARN  ServerUtils:225 - ozone.om.db.dirs is not configured. We recommend adding this setting. Falling back to ozone.metadata.dirs instead.
datanode_1          | 2021-08-18 11:49:54 INFO  RaftServerConfigKeys:44 - raft.server.log.segment.size.max = 1048576 (custom)
recon_1             | 2021-08-18 11:48:57 INFO  session:333 - DefaultSessionIdManager workerName=node0
datanode_2          | 2021-08-18 11:49:57 INFO  RaftServerConfigKeys:44 - raft.server.log.corruption.policy = EXCEPTION (default)
datanode_3          | 2021-08-18 11:49:58 INFO  RaftServerImpl:196 - cbcba6a5-0823-4388-9823-872056a88dd7@group-885F18457C3B: start as a follower, conf=-1: [055add7d-45a0-4d37-8590-f96e9842c0c5:172.29.0.9:9858, c4c7251c-e19c-4620-ba4f-f36dd4c77933:172.29.0.8:9858, cbcba6a5-0823-4388-9823-872056a88dd7:172.29.0.5:9858], old=null
scm_1               | 2021-08-18 11:48:56 INFO  Server:1219 - Starting Socket Reader #1 for port 9863
om_1                | 2021-08-18 11:49:02 WARN  ServerUtils:225 - ozone.om.db.dirs is not configured. We recommend adding this setting. Falling back to ozone.metadata.dirs instead.
datanode_1          | 2021-08-18 11:49:54 INFO  RaftServerConfigKeys:44 - raft.server.log.segment.cache.num.max = 2 (custom)
recon_1             | 2021-08-18 11:48:57 INFO  session:338 - No SessionScavenger set, using defaults
datanode_2          | 2021-08-18 11:49:57 INFO  RaftStorageDirectory:261 - The storage directory /data/metadata/ratis/a3ba224c-1fc5-4a29-984a-5afe15a03d6f does not exist. Creating ...
datanode_3          | 2021-08-18 11:49:58 INFO  RaftServerImpl:185 - cbcba6a5-0823-4388-9823-872056a88dd7@group-885F18457C3B: changes role from      null to FOLLOWER at term 0 for startAsFollower
scm_1               | 2021-08-18 11:48:56 INFO  CallQueueManager:84 - Using callQueue: class java.util.concurrent.LinkedBlockingQueue, queueCapacity: 10000, scheduler: class org.apache.hadoop.ipc.DefaultRpcScheduler, ipcBackoff: false.
om_1                | 2021-08-18 11:49:02 WARN  NativeCodeLoader:60 - Unable to load native-hadoop library for your platform... using builtin-java classes where applicable
datanode_1          | 2021-08-18 11:49:54 INFO  SegmentedRaftLogWorker:180 - new c4c7251c-e19c-4620-ba4f-f36dd4c77933@group-FA7E29F5BBBF-SegmentedRaftLogWorker for RaftStorage:Storage Directory /data/metadata/ratis/3fee2174-3eae-4d02-9a7f-fa7e29f5bbbf
datanode_1          | 2021-08-18 11:49:54 INFO  RaftServerConfigKeys:44 - raft.server.log.queue.byte-limit = 2147483647 (custom)
datanode_2          | 2021-08-18 11:49:57 INFO  RaftStorageDirectory:343 - Lock on /data/metadata/ratis/a3ba224c-1fc5-4a29-984a-5afe15a03d6f/in_use.lock acquired by nodename 8@884bfa3256b8
datanode_3          | 2021-08-18 11:49:58 INFO  RoleInfo:143 - cbcba6a5-0823-4388-9823-872056a88dd7: start FollowerState
scm_1               | 2021-08-18 11:48:56 INFO  Server:1219 - Starting Socket Reader #1 for port 9860
om_1                | 2021-08-18 11:49:03 WARN  ServerUtils:225 - ozone.om.db.dirs is not configured. We recommend adding this setting. Falling back to ozone.metadata.dirs instead.
datanode_1          | 2021-08-18 11:49:54 INFO  RaftServerConfigKeys:44 - raft.server.log.queue.element-limit = 1024 (custom)
recon_1             | 2021-08-18 11:48:57 INFO  session:140 - node0 Scavenging every 600000ms
datanode_2          | 2021-08-18 11:49:57 INFO  RaftStorage:84 - Storage directory /data/metadata/ratis/a3ba224c-1fc5-4a29-984a-5afe15a03d6f has been successfully formatted.
om_1                | 2021-08-18 11:49:04 INFO  OzoneManager:3574 - Created Volume s3v With Owner hadoop required for S3Gateway operations.
datanode_1          | 2021-08-18 11:49:54 INFO  RaftServerConfigKeys:44 - raft.server.log.segment.size.max = 1048576 (custom)
recon_1             | 2021-08-18 11:48:57 INFO  ContextHandler:825 - Started o.e.j.s.ServletContextHandler@723877dd{logs,/logs,file:///var/log/hadoop/,AVAILABLE}
datanode_3          | 2021-08-18 11:49:58 INFO  JmxRegister:44 - Successfully registered JMX Bean with object name Ratis:service=RaftServer,group=group-885F18457C3B,id=cbcba6a5-0823-4388-9823-872056a88dd7
scm_1               | 2021-08-18 11:48:56 INFO  BaseHttpServer:207 - Starting Web-server for scm at: http://0.0.0.0:9876
datanode_2          | 2021-08-18 11:49:57 INFO  ContainerStateMachine:225 - group-5AFE15A03D6F: The snapshot info is null. Setting the last applied indexto:(t:0, i:~)
om_1                | 2021-08-18 11:49:04 INFO  CallQueueManager:84 - Using callQueue: class java.util.concurrent.LinkedBlockingQueue, queueCapacity: 10000, scheduler: class org.apache.hadoop.ipc.DefaultRpcScheduler, ipcBackoff: false.
datanode_1          | 2021-08-18 11:49:54 INFO  RaftServerConfigKeys:44 - raft.server.log.preallocated.size = 16384 (custom)
recon_1             | 2021-08-18 11:48:57 INFO  ContextHandler:825 - Started o.e.j.s.ServletContextHandler@6d229b1c{static,/static,jar:file:/opt/hadoop/share/ozone/lib/hadoop-ozone-recon-1.0.0.jar!/webapps/static,AVAILABLE}
datanode_3          | 2021-08-18 11:49:58 INFO  RatisMetrics:36 - Creating Metrics Registry : ratis.state_machine.cbcba6a5-0823-4388-9823-872056a88dd7@group-885F18457C3B
scm_1               | 2021-08-18 11:48:56 INFO  BaseHttpServer:106 - Hadoop Security Enabled: false Ozone Security Enabled: false Ozone HTTP Security Enabled: false 
datanode_2          | 2021-08-18 11:49:57 INFO  RaftServerConfigKeys:44 - raft.server.notification.no-leader.timeout = 300s (custom)
om_1                | 2021-08-18 11:49:04 INFO  Server:1219 - Starting Socket Reader #1 for port 9862
datanode_1          | 2021-08-18 11:49:54 INFO  RaftServerConfigKeys:44 - raft.server.log.write.buffer.size = 1048576 (custom)
recon_1             | 2021-08-18 11:49:00 INFO  ContextHandler:825 - Started o.e.j.w.WebAppContext@2358443e{recon,/,file:///tmp/jetty-0_0_0_0-9888-hadoop-ozone-recon-1_0_0_jar-_-any-13839620849083201514.dir/webapp/,AVAILABLE}{jar:file:/opt/hadoop/share/ozone/lib/hadoop-ozone-recon-1.0.0.jar!/webapps/recon}
datanode_3          | 2021-08-18 11:50:00 INFO  CreatePipelineCommandHandler:110 - Created Pipeline RATIS THREE #id: "cd0e54a9-28b8-452f-8f94-885f18457c3b"
scm_1               | 2021-08-18 11:48:56 INFO  log:169 - Logging initialized @14348ms to org.eclipse.jetty.util.log.Slf4jLog
datanode_2          | 2021-08-18 11:49:57 INFO  RaftServerConfigKeys:44 - raft.server.log.use.memory = false (default)
om_1                | 2021-08-18 11:49:04 INFO  MetricsConfig:118 - Loaded properties from hadoop-metrics2.properties
datanode_1          | 2021-08-18 11:49:54 INFO  RaftServerConfigKeys:44 - raft.server.log.force.sync.num = 128 (default)
recon_1             | 2021-08-18 11:49:00 INFO  AbstractConnector:330 - Started ServerConnector@62765aec{HTTP/1.1,[http/1.1]}{0.0.0.0:9888}
datanode_3          | uuid128 {
scm_1               | 2021-08-18 11:48:56 INFO  AuthenticationFilter:240 - Unable to initialize FileSignerSecretProvider, falling back to use random secrets.
datanode_2          | 2021-08-18 11:49:57 INFO  RaftServerConfigKeys:44 - raft.server.log.purge.gap = 1000000 (custom)
om_1                | 2021-08-18 11:49:05 INFO  MetricsSystemImpl:374 - Scheduled Metric snapshot period at 10 second(s).
datanode_1          | 2021-08-18 11:49:54 INFO  RaftServerConfigKeys:44 - raft.server.log.statemachine.data.sync = true (default)
recon_1             | 2021-08-18 11:49:00 INFO  Server:399 - Started @32232ms
datanode_3          |   mostSigBits: -3670903560751004369
scm_1               | 2021-08-18 11:48:56 INFO  HttpRequestLog:86 - Http request log for http.requests.scm is not defined
datanode_2          | 2021-08-18 11:49:57 INFO  RatisMetrics:36 - Creating Metrics Registry : ratis.log_worker.055add7d-45a0-4d37-8590-f96e9842c0c5@group-5AFE15A03D6F
om_1                | 2021-08-18 11:49:05 INFO  MetricsSystemImpl:191 - OzoneManager metrics system started
datanode_1          | 2021-08-18 11:49:54 INFO  RaftServerConfigKeys:44 - raft.server.log.statemachine.data.sync.timeout = 10s (default)
recon_1             | 2021-08-18 11:49:00 INFO  MetricsSinkAdapter:204 - Sink prometheus started
datanode_3          |   leastSigBits: -8100699887722202053
scm_1               | 2021-08-18 11:48:56 INFO  HttpServer2:1019 - Added global filter 'safety' (class=org.apache.hadoop.hdds.server.http.HttpServer2$QuotingInputFilter)
datanode_2          | 2021-08-18 11:49:57 INFO  RaftServerConfigKeys:44 - raft.server.log.appender.buffer.byte-limit = 33554432 (custom)
om_1                | 2021-08-18 11:49:05 INFO  OzoneManager:1114 - OzoneManager RPC server is listening at om/172.29.0.10:9862
datanode_1          | 2021-08-18 11:49:54 INFO  RaftServerConfigKeys:44 - raft.server.log.statemachine.data.sync.timeout.retry = -1 (default)
recon_1             | 2021-08-18 11:49:00 INFO  MetricsSystemImpl:301 - Registered sink prometheus
datanode_3          | }
scm_1               | 2021-08-18 11:48:56 INFO  HttpServer2:995 - Added filter static_user_filter (class=org.apache.hadoop.http.lib.StaticUserWebFilter$StaticUserFilter) to context scm
datanode_2          | 2021-08-18 11:49:57 INFO  RaftServerConfigKeys:44 - raft.server.log.segment.size.max = 1048576 (custom)
om_1                | 2021-08-18 11:49:05 INFO  BaseHttpServer:207 - Starting Web-server for ozoneManager at: http://0.0.0.0:9874
datanode_1          | 2021-08-18 11:49:54 INFO  RaftServerConfigKeys:44 - raft.server.log.statemachine.data.caching.enabled = true (custom)
recon_1             | 2021-08-18 11:49:00 INFO  BaseHttpServer:327 - HTTP server of recon listening at http://0.0.0.0:9888
datanode_3          | .
scm_1               | 2021-08-18 11:48:56 INFO  HttpServer2:1003 - Added filter static_user_filter (class=org.apache.hadoop.http.lib.StaticUserWebFilter$StaticUserFilter) to context static
datanode_2          | 2021-08-18 11:49:57 INFO  RaftServerConfigKeys:44 - raft.server.log.segment.cache.num.max = 2 (custom)
om_1                | 2021-08-18 11:49:05 INFO  BaseHttpServer:106 - Hadoop Security Enabled: false Ozone Security Enabled: false Ozone HTTP Security Enabled: false 
datanode_1          | 2021-08-18 11:49:54 INFO  SegmentedRaftLogWorker:129 - c4c7251c-e19c-4620-ba4f-f36dd4c77933@group-FA7E29F5BBBF-SegmentedRaftLogWorker: flushIndex: setUnconditionally 0 -> -1
recon_1             | 2021-08-18 11:49:00 INFO  OzoneManagerServiceProviderImpl:198 - Starting Ozone Manager Service Provider.
datanode_3          | 2021-08-18 11:50:03 INFO  RaftServerImpl:185 - cbcba6a5-0823-4388-9823-872056a88dd7@group-885F18457C3B: changes role from  FOLLOWER to FOLLOWER at term 1 for recognizeCandidate:055add7d-45a0-4d37-8590-f96e9842c0c5
scm_1               | 2021-08-18 11:48:56 INFO  HttpServer2:1003 - Added filter static_user_filter (class=org.apache.hadoop.http.lib.StaticUserWebFilter$StaticUserFilter) to context logs
datanode_2          | 2021-08-18 11:49:57 INFO  SegmentedRaftLogWorker:180 - new 055add7d-45a0-4d37-8590-f96e9842c0c5@group-5AFE15A03D6F-SegmentedRaftLogWorker for RaftStorage:Storage Directory /data/metadata/ratis/a3ba224c-1fc5-4a29-984a-5afe15a03d6f
om_1                | 2021-08-18 11:49:05 INFO  log:169 - Logging initialized @5832ms to org.eclipse.jetty.util.log.Slf4jLog
datanode_1          | 2021-08-18 11:49:54 INFO  SegmentedRaftLogWorker:129 - c4c7251c-e19c-4620-ba4f-f36dd4c77933@group-FA7E29F5BBBF-SegmentedRaftLogWorker: safeCacheEvictIndex: setUnconditionally 0 -> -1
recon_1             | 2021-08-18 11:49:00 INFO  OzoneManagerServiceProviderImpl:176 - Registered OmDeltaRequest task 
datanode_3          | 2021-08-18 11:50:03 INFO  RoleInfo:121 - cbcba6a5-0823-4388-9823-872056a88dd7: shutdown FollowerState
scm_1               | 2021-08-18 11:48:56 INFO  StorageContainerManager:784 - StorageContainerLocationProtocol RPC server is listening at /0.0.0.0:9860
datanode_2          | 2021-08-18 11:49:57 INFO  RaftServerConfigKeys:44 - raft.server.log.queue.byte-limit = 2147483647 (custom)
om_1                | 2021-08-18 11:49:05 INFO  AuthenticationFilter:240 - Unable to initialize FileSignerSecretProvider, falling back to use random secrets.
datanode_1          | 2021-08-18 11:49:54 INFO  RaftServerConfigKeys:44 - raft.server.snapshot.auto.trigger.enabled = true (custom)
recon_1             | 2021-08-18 11:49:00 INFO  OzoneManagerServiceProviderImpl:186 - Registered OmSnapshotRequest task 
datanode_3          | 2021-08-18 11:50:03 INFO  RoleInfo:143 - cbcba6a5-0823-4388-9823-872056a88dd7: start FollowerState
scm_1               | 2021-08-18 11:48:56 INFO  MetricsConfig:118 - Loaded properties from hadoop-metrics2.properties
datanode_1          | 2021-08-18 11:49:54 INFO  RaftServerConfigKeys:44 - raft.server.snapshot.auto.trigger.threshold = 10000 (custom)
recon_1             | 2021-08-18 11:49:00 INFO  ReconOmMetadataManagerImpl:65 - Starting ReconOMMetadataManagerImpl
datanode_3          | 2021-08-18 11:50:03 INFO  FollowerState:117 - cbcba6a5-0823-4388-9823-872056a88dd7@group-885F18457C3B-FollowerState was interrupted: java.lang.InterruptedException: sleep interrupted
scm_1               | 2021-08-18 11:48:57 INFO  MetricsSystemImpl:374 - Scheduled Metric snapshot period at 10 second(s).
om_1                | 2021-08-18 11:49:05 INFO  HttpRequestLog:86 - Http request log for http.requests.ozoneManager is not defined
datanode_2          | 2021-08-18 11:49:57 INFO  RaftServerConfigKeys:44 - raft.server.log.queue.element-limit = 1024 (custom)
datanode_3          | 2021-08-18 11:50:03 INFO  FollowerState:108 - cbcba6a5-0823-4388-9823-872056a88dd7@group-877C497778C1-FollowerState: change to CANDIDATE, lastRpcTime:5094ms, electionTimeout:5079ms
datanode_3          | 2021-08-18 11:50:03 INFO  RoleInfo:121 - cbcba6a5-0823-4388-9823-872056a88dd7: shutdown FollowerState
recon_1             | 2021-08-18 11:49:00 WARN  ReconUtils:85 - ozone.recon.om.db.dir is not configured. We recommend adding this setting. Falling back to ozone.metadata.dirs instead.
scm_1               | 2021-08-18 11:48:57 INFO  MetricsSystemImpl:191 - StorageContainerManager metrics system started
datanode_3          | 2021-08-18 11:50:03 INFO  RaftServerImpl:185 - cbcba6a5-0823-4388-9823-872056a88dd7@group-877C497778C1: changes role from  FOLLOWER to CANDIDATE at term 0 for changeToCandidate
datanode_1          | 2021-08-18 11:49:54 INFO  RaftServerConfigKeys:44 - raft.server.snapshot.retention.file.num = 5 (custom)
om_1                | 2021-08-18 11:49:05 INFO  HttpServer2:1019 - Added global filter 'safety' (class=org.apache.hadoop.hdds.server.http.HttpServer2$QuotingInputFilter)
recon_1             | 2021-08-18 11:49:00 INFO  ReconTaskControllerImpl:221 - Starting Recon Task Controller.
datanode_2          | 2021-08-18 11:49:57 INFO  RaftServerConfigKeys:44 - raft.server.log.segment.size.max = 1048576 (custom)
scm_1               | 2021-08-18 11:48:57 INFO  SCMClientProtocolServer:156 - RPC server for Client  is listening at /0.0.0.0:9860
datanode_3          | 2021-08-18 11:50:03 INFO  RoleInfo:143 - cbcba6a5-0823-4388-9823-872056a88dd7: start LeaderElection
datanode_1          | 2021-08-18 11:49:54 INFO  RaftServerConfigKeys:44 - raft.server.log.purge.upto.snapshot.index = false (default)
om_1                | 2021-08-18 11:49:05 INFO  HttpServer2:995 - Added filter static_user_filter (class=org.apache.hadoop.http.lib.StaticUserWebFilter$StaticUserFilter) to context ozoneManager
recon_1             | 2021-08-18 11:49:00 INFO  ReconStorageContainerManagerFacade:206 - Recon ScmDatanodeProtocol RPC server is listening at /0.0.0.0:9891
datanode_2          | 2021-08-18 11:49:57 INFO  RaftServerConfigKeys:44 - raft.server.log.preallocated.size = 16384 (custom)
scm_1               | 2021-08-18 11:48:57 INFO  Server:1460 - IPC Server Responder: starting
datanode_3          | 2021-08-18 11:50:03 INFO  XceiverServerRatis:822 - Leader change notification received for group: group-885F18457C3B with new leaderId: 055add7d-45a0-4d37-8590-f96e9842c0c5
datanode_1          | 2021-08-18 11:49:54 INFO  RaftServerConfigKeys:44 - raft.server.retrycache.expirytime = 600000ms (custom)
om_1                | 2021-08-18 11:49:05 INFO  HttpServer2:1003 - Added filter static_user_filter (class=org.apache.hadoop.http.lib.StaticUserWebFilter$StaticUserFilter) to context static
recon_1             | 2021-08-18 11:49:00 INFO  ReconStorageContainerManagerFacade:256 - Obtained 0 pipelines from SCM.
datanode_2          | 2021-08-18 11:49:57 INFO  RaftServerConfigKeys:44 - raft.server.log.write.buffer.size = 1048576 (custom)
scm_1               | 2021-08-18 11:48:57 INFO  Server:1298 - IPC Server listener on 9860: starting
datanode_3          | 2021-08-18 11:50:03 INFO  RaftServerImpl:255 - cbcba6a5-0823-4388-9823-872056a88dd7@group-885F18457C3B: change Leader from null to 055add7d-45a0-4d37-8590-f96e9842c0c5 at term 1 for appendEntries, leader elected after 5000ms
datanode_1          | 2021-08-18 11:49:54 INFO  RatisMetrics:36 - Creating Metrics Registry : ratis.leader_election.c4c7251c-e19c-4620-ba4f-f36dd4c77933@group-FA7E29F5BBBF
om_1                | 2021-08-18 11:49:05 INFO  HttpServer2:1003 - Added filter static_user_filter (class=org.apache.hadoop.http.lib.StaticUserWebFilter$StaticUserFilter) to context logs
recon_1             | 2021-08-18 11:49:00 INFO  ReconPipelineManager:83 - Recon has 0 pipelines in house.
datanode_2          | 2021-08-18 11:49:57 INFO  RaftServerConfigKeys:44 - raft.server.log.force.sync.num = 128 (default)
scm_1               | 2021-08-18 11:48:57 INFO  StorageContainerManager:796 - ScmBlockLocationProtocol RPC server is listening at /0.0.0.0:9863
datanode_3          | 2021-08-18 11:50:03 INFO  LeaderElection:209 - cbcba6a5-0823-4388-9823-872056a88dd7@group-877C497778C1-LeaderElection1: begin an election at term 1 for -1: [cbcba6a5-0823-4388-9823-872056a88dd7:172.29.0.5:9858], old=null
datanode_1          | 2021-08-18 11:49:54 INFO  RatisMetrics:36 - Creating Metrics Registry : ratis.server.c4c7251c-e19c-4620-ba4f-f36dd4c77933@group-FA7E29F5BBBF
om_1                | 2021-08-18 11:49:05 INFO  HttpServer2:1237 - Jetty bound to port 9874
recon_1             | 2021-08-18 11:49:00 INFO  SCMDatanodeProtocolServer:172 - RPC server for DataNodes is listening at /0.0.0.0:9891
datanode_2          | 2021-08-18 11:49:57 INFO  RaftServerConfigKeys:44 - raft.server.log.statemachine.data.sync = true (default)
scm_1               | 2021-08-18 11:48:57 INFO  SCMBlockProtocolServer:149 - RPC server for Block Protocol is listening at /0.0.0.0:9863
datanode_3          | 2021-08-18 11:50:03 INFO  RoleInfo:134 - cbcba6a5-0823-4388-9823-872056a88dd7: shutdown LeaderElection
datanode_1          | 2021-08-18 11:49:54 INFO  RaftServerImpl:196 - c4c7251c-e19c-4620-ba4f-f36dd4c77933@group-FA7E29F5BBBF: start as a follower, conf=-1: [c4c7251c-e19c-4620-ba4f-f36dd4c77933:172.29.0.8:9858], old=null
om_1                | 2021-08-18 11:49:05 INFO  Server:359 - jetty-9.4.26.v20200117; built: 2020-01-17T12:35:33.676Z; git: 7b38981d25d14afb4a12ff1f2596756144edf695; jvm 11.0.3+7-LTS
recon_1             | 2021-08-18 11:49:00 INFO  Server:1460 - IPC Server Responder: starting
datanode_2          | 2021-08-18 11:49:57 INFO  RaftServerConfigKeys:44 - raft.server.log.statemachine.data.sync.timeout = 10s (default)
scm_1               | 2021-08-18 11:48:57 INFO  Server:1460 - IPC Server Responder: starting
datanode_3          | 2021-08-18 11:50:03 INFO  RaftServerImpl:185 - cbcba6a5-0823-4388-9823-872056a88dd7@group-877C497778C1: changes role from CANDIDATE to LEADER at term 1 for changeToLeader
datanode_1          | 2021-08-18 11:49:54 INFO  RaftServerImpl:185 - c4c7251c-e19c-4620-ba4f-f36dd4c77933@group-FA7E29F5BBBF: changes role from      null to FOLLOWER at term 0 for startAsFollower
om_1                | 2021-08-18 11:49:05 INFO  session:333 - DefaultSessionIdManager workerName=node0
recon_1             | 2021-08-18 11:49:00 INFO  Server:1298 - IPC Server listener on 9891: starting
datanode_2          | 2021-08-18 11:49:57 INFO  RaftServerConfigKeys:44 - raft.server.log.statemachine.data.sync.timeout.retry = -1 (default)
scm_1               | 2021-08-18 11:48:57 INFO  Server:1298 - IPC Server listener on 9863: starting
datanode_3          | 2021-08-18 11:50:03 INFO  XceiverServerRatis:822 - Leader change notification received for group: group-877C497778C1 with new leaderId: cbcba6a5-0823-4388-9823-872056a88dd7
datanode_1          | 2021-08-18 11:49:54 INFO  RoleInfo:143 - c4c7251c-e19c-4620-ba4f-f36dd4c77933: start FollowerState
om_1                | 2021-08-18 11:49:05 INFO  session:338 - No SessionScavenger set, using defaults
recon_1             | 2021-08-18 11:49:00 INFO  ReconScmTask:46 - Registered ContainerHealthTask task 
datanode_2          | 2021-08-18 11:49:57 INFO  RaftServerConfigKeys:44 - raft.server.log.statemachine.data.caching.enabled = true (custom)
scm_1               | 2021-08-18 11:48:57 INFO  StorageContainerManager:802 - ScmDatanodeProtocl RPC server is listening at /0.0.0.0:9861
datanode_3          | 2021-08-18 11:50:03 INFO  RaftServerImpl:255 - cbcba6a5-0823-4388-9823-872056a88dd7@group-877C497778C1: change Leader from null to cbcba6a5-0823-4388-9823-872056a88dd7 at term 1 for becomeLeader, leader elected after 5442ms
datanode_1          | 2021-08-18 11:49:54 INFO  JmxRegister:44 - Successfully registered JMX Bean with object name Ratis:service=RaftServer,group=group-FA7E29F5BBBF,id=c4c7251c-e19c-4620-ba4f-f36dd4c77933
om_1                | 2021-08-18 11:49:05 INFO  session:140 - node0 Scavenging every 600000ms
recon_1             | 2021-08-18 11:49:00 INFO  ReconScmTask:56 - Starting ContainerHealthTask Thread.
datanode_2          | 2021-08-18 11:49:57 INFO  SegmentedRaftLogWorker:129 - 055add7d-45a0-4d37-8590-f96e9842c0c5@group-5AFE15A03D6F-SegmentedRaftLogWorker: flushIndex: setUnconditionally 0 -> -1
scm_1               | 2021-08-18 11:48:57 INFO  SCMDatanodeProtocolServer:172 - RPC server for DataNodes is listening at /0.0.0.0:9861
datanode_3          | 2021-08-18 11:50:03 INFO  RaftServerImpl:356 - cbcba6a5-0823-4388-9823-872056a88dd7@group-885F18457C3B: set configuration 0: [055add7d-45a0-4d37-8590-f96e9842c0c5:172.29.0.9:9858, c4c7251c-e19c-4620-ba4f-f36dd4c77933:172.29.0.8:9858, cbcba6a5-0823-4388-9823-872056a88dd7:172.29.0.5:9858], old=null at 0
datanode_1          | 2021-08-18 11:49:54 INFO  RatisMetrics:36 - Creating Metrics Registry : ratis.state_machine.c4c7251c-e19c-4620-ba4f-f36dd4c77933@group-FA7E29F5BBBF
om_1                | 2021-08-18 11:49:05 INFO  ContextHandler:825 - Started o.e.j.s.ServletContextHandler@2100d047{logs,/logs,file:///var/log/hadoop/,AVAILABLE}
recon_1             | 2021-08-18 11:49:00 INFO  ReconScmTask:46 - Registered PipelineSyncTask task 
datanode_2          | 2021-08-18 11:49:57 INFO  SegmentedRaftLogWorker:129 - 055add7d-45a0-4d37-8590-f96e9842c0c5@group-5AFE15A03D6F-SegmentedRaftLogWorker: safeCacheEvictIndex: setUnconditionally 0 -> -1
scm_1               | 2021-08-18 11:48:57 INFO  Server:1460 - IPC Server Responder: starting
datanode_3          | 2021-08-18 11:50:03 INFO  RaftServerConfigKeys:44 - raft.server.staging.catchup.gap = 1000 (default)
datanode_1          | 2021-08-18 11:49:54 INFO  CreatePipelineCommandHandler:110 - Created Pipeline RATIS ONE #id: "3fee2174-3eae-4d02-9a7f-fa7e29f5bbbf"
om_1                | 2021-08-18 11:49:05 INFO  ContextHandler:825 - Started o.e.j.s.ServletContextHandler@47be0f9b{static,/static,jar:file:/opt/hadoop/share/ozone/lib/hadoop-ozone-ozone-manager-1.0.0.jar!/webapps/static,AVAILABLE}
recon_1             | 2021-08-18 11:49:00 INFO  ReconScmTask:56 - Starting PipelineSyncTask Thread.
datanode_2          | 2021-08-18 11:49:57 INFO  RaftServerConfigKeys:44 - raft.server.snapshot.auto.trigger.enabled = true (custom)
datanode_2          | 2021-08-18 11:49:57 INFO  RaftServerConfigKeys:44 - raft.server.snapshot.auto.trigger.threshold = 10000 (custom)
datanode_3          | 2021-08-18 11:50:03 INFO  RaftServerConfigKeys:44 - raft.server.rpc.sleep.time = 25ms (default)
scm_1               | 2021-08-18 11:48:57 INFO  Server:1298 - IPC Server listener on 9861: starting
datanode_1          | uuid128 {
om_1                | 2021-08-18 11:49:06 INFO  ContextHandler:825 - Started o.e.j.w.WebAppContext@1d247525{ozoneManager,/,file:///tmp/jetty-0_0_0_0-9874-hadoop-ozone-ozone-manager-1_0_0_jar-_-any-4463224743276579813.dir/webapp/,AVAILABLE}{jar:file:/opt/hadoop/share/ozone/lib/hadoop-ozone-ozone-manager-1.0.0.jar!/webapps/ozoneManager}
recon_1             | 2021-08-18 11:49:01 INFO  ReconPipelineManager:83 - Recon has 0 pipelines in house.
datanode_3          | 2021-08-18 11:50:03 INFO  RatisMetrics:36 - Creating Metrics Registry : ratis.log_appender.cbcba6a5-0823-4388-9823-872056a88dd7@group-877C497778C1
datanode_2          | 2021-08-18 11:49:57 INFO  RaftServerConfigKeys:44 - raft.server.snapshot.retention.file.num = 5 (custom)
scm_1               | 2021-08-18 11:48:57 INFO  HttpServer2:1237 - Jetty bound to port 9876
datanode_1          |   mostSigBits: 4606656251998129410
om_1                | 2021-08-18 11:49:06 INFO  AbstractConnector:330 - Started ServerConnector@f4a3a8d{HTTP/1.1,[http/1.1]}{0.0.0.0:9874}
recon_1             | 2021-08-18 11:49:01 INFO  PipelineSyncTask:61 - Pipeline sync Thread took 24 milliseconds.
datanode_3          | 2021-08-18 11:50:03 INFO  SegmentedRaftLogWorker:397 - cbcba6a5-0823-4388-9823-872056a88dd7@group-885F18457C3B-SegmentedRaftLogWorker: Starting segment from index:0
datanode_2          | 2021-08-18 11:49:57 INFO  RaftServerConfigKeys:44 - raft.server.log.purge.upto.snapshot.index = false (default)
scm_1               | 2021-08-18 11:48:57 INFO  Server:359 - jetty-9.4.26.v20200117; built: 2020-01-17T12:35:33.676Z; git: 7b38981d25d14afb4a12ff1f2596756144edf695; jvm 11.0.3+7-LTS
scm_1               | 2021-08-18 11:48:57 INFO  session:333 - DefaultSessionIdManager workerName=node0
om_1                | 2021-08-18 11:49:06 INFO  Server:399 - Started @6715ms
recon_1             | 2021-08-18 11:49:01 INFO  ContainerHealthTask:77 - Container Health task thread took 98 milliseconds to process 0 existing database records.
datanode_3          | 2021-08-18 11:50:03 INFO  RaftServerConfigKeys:44 - raft.server.write.element-limit = 1024 (custom)
datanode_2          | 2021-08-18 11:49:57 INFO  RaftServerConfigKeys:44 - raft.server.retrycache.expirytime = 600000ms (custom)
scm_1               | 2021-08-18 11:48:57 INFO  session:338 - No SessionScavenger set, using defaults
datanode_1          |   leastSigBits: -7313851850049602625
om_1                | 2021-08-18 11:49:06 INFO  MetricsSinkAdapter:204 - Sink prometheus started
recon_1             | 2021-08-18 11:49:01 INFO  ContainerHealthTask:86 - Container Health task thread took 18 milliseconds for processing 0 containers.
datanode_3          | 2021-08-18 11:50:03 INFO  RaftServerConfigKeys:44 - raft.server.write.byte-limit = 1073741824 (custom)
datanode_2          | 2021-08-18 11:49:57 INFO  RatisMetrics:36 - Creating Metrics Registry : ratis.leader_election.055add7d-45a0-4d37-8590-f96e9842c0c5@group-5AFE15A03D6F
scm_1               | 2021-08-18 11:48:57 INFO  session:140 - node0 Scavenging every 660000ms
datanode_1          | }
om_1                | 2021-08-18 11:49:06 INFO  MetricsSystemImpl:301 - Registered sink prometheus
recon_1             | 2021-08-18 11:49:53 INFO  NetworkTopology:111 - Added a new node: /default-rack/c4c7251c-e19c-4620-ba4f-f36dd4c77933
datanode_3          | 2021-08-18 11:50:03 INFO  RaftServerConfigKeys:44 - raft.server.watch.timeout = 180s (custom)
datanode_2          | 2021-08-18 11:49:57 INFO  RatisMetrics:36 - Creating Metrics Registry : ratis.server.055add7d-45a0-4d37-8590-f96e9842c0c5@group-5AFE15A03D6F
scm_1               | 2021-08-18 11:48:57 INFO  ContextHandler:825 - Started o.e.j.s.ServletContextHandler@646811d6{logs,/logs,file:///var/log/hadoop/,AVAILABLE}
datanode_1          | .
om_1                | 2021-08-18 11:49:06 INFO  BaseHttpServer:327 - HTTP server of ozoneManager listening at http://0.0.0.0:9874
recon_1             | 2021-08-18 11:49:53 INFO  SCMNodeManager:273 - Registered Data node : c4c7251c-e19c-4620-ba4f-f36dd4c77933{ip: 172.29.0.8, host: xcompat_datanode_1.xcompat_default, networkLocation: /default-rack, certSerialId: null}
datanode_3          | 2021-08-18 11:50:03 INFO  RaftServerConfigKeys:44 - raft.server.watch.timeout.denomination = 1s (default)
datanode_2          | 2021-08-18 11:49:57 INFO  RaftServerImpl:196 - 055add7d-45a0-4d37-8590-f96e9842c0c5@group-5AFE15A03D6F: start as a follower, conf=-1: [055add7d-45a0-4d37-8590-f96e9842c0c5:172.29.0.9:9858], old=null
scm_1               | 2021-08-18 11:48:57 INFO  ContextHandler:825 - Started o.e.j.s.ServletContextHandler@4ba89729{static,/static,jar:file:/opt/hadoop/share/ozone/lib/hadoop-hdds-server-scm-1.0.0.jar!/webapps/static,AVAILABLE}
datanode_1          | 2021-08-18 11:49:59 INFO  RaftServerProxy:89 - c4c7251c-e19c-4620-ba4f-f36dd4c77933: addNew group-885F18457C3B:[055add7d-45a0-4d37-8590-f96e9842c0c5:172.29.0.9:9858, c4c7251c-e19c-4620-ba4f-f36dd4c77933:172.29.0.8:9858, cbcba6a5-0823-4388-9823-872056a88dd7:172.29.0.5:9858] returns group-885F18457C3B:java.util.concurrent.CompletableFuture@2170720b[Not completed]
om_1                | 2021-08-18 11:49:06 INFO  Server:1460 - IPC Server Responder: starting
recon_1             | 2021-08-18 11:49:53 INFO  ReconNodeManager:116 - Adding new node c4c7251c-e19c-4620-ba4f-f36dd4c77933 to Node DB.
datanode_3          | 2021-08-18 11:50:03 INFO  RaftServerConfigKeys:44 - raft.server.watch.element-limit = 65536 (default)
datanode_2          | 2021-08-18 11:49:57 INFO  RaftServerImpl:185 - 055add7d-45a0-4d37-8590-f96e9842c0c5@group-5AFE15A03D6F: changes role from      null to FOLLOWER at term 0 for startAsFollower
scm_1               | 2021-08-18 11:48:58 WARN  Server:1670 - IPC Server handler 1 on default port 9861, call Call#0 Retry#0 org.apache.hadoop.ozone.protocol.StorageContainerDatanodeProtocol.submitRequest from 172.29.0.5:46110: output error
datanode_1          | 2021-08-18 11:49:59 INFO  RaftServerImpl:107 - c4c7251c-e19c-4620-ba4f-f36dd4c77933: new RaftServerImpl for group-885F18457C3B:[055add7d-45a0-4d37-8590-f96e9842c0c5:172.29.0.9:9858, c4c7251c-e19c-4620-ba4f-f36dd4c77933:172.29.0.8:9858, cbcba6a5-0823-4388-9823-872056a88dd7:172.29.0.5:9858] with ContainerStateMachine:uninitialized
om_1                | 2021-08-18 11:49:06 INFO  Server:1298 - IPC Server listener on 9862: starting
recon_1             | 2021-08-18 11:49:54 INFO  ReconPipelineReportHandler:63 - Unknown pipeline PipelineID=3fee2174-3eae-4d02-9a7f-fa7e29f5bbbf. Trying to get from SCM.
datanode_3          | 2021-08-18 11:50:03 INFO  RoleInfo:143 - cbcba6a5-0823-4388-9823-872056a88dd7: start LeaderState
datanode_2          | 2021-08-18 11:49:57 INFO  RoleInfo:143 - 055add7d-45a0-4d37-8590-f96e9842c0c5: start FollowerState
scm_1               | 2021-08-18 11:48:58 WARN  Server:1670 - IPC Server handler 4 on default port 9861, call Call#0 Retry#0 org.apache.hadoop.ozone.protocol.StorageContainerDatanodeProtocol.submitRequest from 172.29.0.9:59252: output error
datanode_1          | 2021-08-18 11:49:59 INFO  RaftServerConfigKeys:44 - raft.server.rpc.timeout.min = 5s (custom)
datanode_1          | 2021-08-18 11:49:59 INFO  RaftServerConfigKeys:44 - raft.server.rpc.timeout.max = 5200ms (custom)
recon_1             | 2021-08-18 11:49:54 INFO  ReconPipelineReportHandler:66 - Adding new pipeline Pipeline[ Id: 3fee2174-3eae-4d02-9a7f-fa7e29f5bbbf, Nodes: c4c7251c-e19c-4620-ba4f-f36dd4c77933{ip: 172.29.0.8, host: xcompat_datanode_1.xcompat_default, networkLocation: /default-rack, certSerialId: null}, Type:RATIS, Factor:ONE, State:OPEN, leaderId:c4c7251c-e19c-4620-ba4f-f36dd4c77933, CreationTimestamp2021-08-18T11:49:51.991Z] to Recon pipeline metadata.
datanode_3          | 2021-08-18 11:50:03 INFO  SegmentedRaftLogWorker:397 - cbcba6a5-0823-4388-9823-872056a88dd7@group-877C497778C1-SegmentedRaftLogWorker: Starting segment from index:0
datanode_2          | 2021-08-18 11:49:57 INFO  JmxRegister:44 - Successfully registered JMX Bean with object name Ratis:service=RaftServer,group=group-5AFE15A03D6F,id=055add7d-45a0-4d37-8590-f96e9842c0c5
datanode_1          | 2021-08-18 11:49:59 INFO  RaftServerConfigKeys:44 - raft.server.rpcslowness.timeout = 300s (custom)
om_1                | 2021-08-18 11:49:06 INFO  JvmPauseMonitor:188 - Starting JVM pause monitor
scm_1               | 2021-08-18 11:48:58 INFO  Server:2928 - IPC Server handler 1 on default port 9861 caught an exception
recon_1             | 2021-08-18 11:49:54 INFO  PipelineStateManager:54 - Created pipeline Pipeline[ Id: 3fee2174-3eae-4d02-9a7f-fa7e29f5bbbf, Nodes: c4c7251c-e19c-4620-ba4f-f36dd4c77933{ip: 172.29.0.8, host: xcompat_datanode_1.xcompat_default, networkLocation: /default-rack, certSerialId: null}, Type:RATIS, Factor:ONE, State:OPEN, leaderId:c4c7251c-e19c-4620-ba4f-f36dd4c77933, CreationTimestamp2021-08-18T11:49:51.991Z]
datanode_3          | 2021-08-18 11:50:03 INFO  RaftServerImpl:356 - cbcba6a5-0823-4388-9823-872056a88dd7@group-877C497778C1: set configuration 0: [cbcba6a5-0823-4388-9823-872056a88dd7:172.29.0.5:9858], old=null at 0
datanode_2          | 2021-08-18 11:49:57 INFO  RatisMetrics:36 - Creating Metrics Registry : ratis.state_machine.055add7d-45a0-4d37-8590-f96e9842c0c5@group-5AFE15A03D6F
datanode_2          | 2021-08-18 11:49:57 INFO  CreatePipelineCommandHandler:110 - Created Pipeline RATIS ONE #id: "a3ba224c-1fc5-4a29-984a-5afe15a03d6f"
om_1                | 2021-08-18 11:50:00 INFO  OMDBCheckpointServlet:101 - Received request to obtain OM DB checkpoint snapshot
scm_1               | java.nio.channels.AsynchronousCloseException
recon_1             | 2021-08-18 11:49:56 INFO  NetworkTopology:111 - Added a new node: /default-rack/055add7d-45a0-4d37-8590-f96e9842c0c5
datanode_3          | 2021-08-18 11:50:03 INFO  SegmentedRaftLogWorker:596 - cbcba6a5-0823-4388-9823-872056a88dd7@group-877C497778C1-SegmentedRaftLogWorker: created new log segment /data/metadata/ratis/cf8f4b89-d540-4cb1-ace2-877c497778c1/current/log_inprogress_0
datanode_2          | uuid128 {
datanode_1          | 2021-08-18 11:49:59 INFO  RaftServerConfigKeys:44 - raft.server.sleep.deviation.threshold = 300 (default)
om_1                | 2021-08-18 11:50:00 INFO  RDBCheckpointManager:86 - Created checkpoint at /data/metadata/db.checkpoints/rdb_rdb_checkpoint_1629287400864 in 12 milliseconds
scm_1               | 	at java.base/sun.nio.ch.SocketChannelImpl.write(SocketChannelImpl.java:471)
recon_1             | 2021-08-18 11:49:56 INFO  SCMNodeManager:273 - Registered Data node : 055add7d-45a0-4d37-8590-f96e9842c0c5{ip: 172.29.0.9, host: xcompat_datanode_2.xcompat_default, networkLocation: /default-rack, certSerialId: null}
datanode_3          | 2021-08-18 11:50:03 INFO  SegmentedRaftLogWorker:596 - cbcba6a5-0823-4388-9823-872056a88dd7@group-885F18457C3B-SegmentedRaftLogWorker: created new log segment /data/metadata/ratis/cd0e54a9-28b8-452f-8f94-885f18457c3b/current/log_inprogress_0
datanode_2          |   mostSigBits: -6648964189513233879
datanode_1          | 2021-08-18 11:49:59 INFO  RaftServerConfigKeys:44 - raft.server.log.appender.install.snapshot.enabled = false (custom)
