nm_1        | 2021-08-18 10:13:55 INFO  ApplicationImpl:347 - Removing container_1629281436566_0002_01_000005 from application application_1629281436566_0002
scm_1       | 2021-08-18 10:10:59,724 [main] INFO ha.SCMHANodeDetails: ozone.scm.default.service.id is not defined, falling back to ozone.scm.service.ids to find serviceID for StorageContainerManager if it is HA enabled cluster
s3g_1       | 2021-08-18 10:10:54,784 [main] INFO http.BaseHttpServer: HTTP server of s3gateway listening at http://0.0.0.0:9878
rm_1        | 2021-08-18 10:10:38 INFO  HttpServer2:685 - Added filter RMAuthenticationFilter (class=org.apache.hadoop.yarn.server.security.http.RMAuthenticationFilter) to context cluster
nm_1        | 2021-08-18 10:13:55 INFO  ContainersMonitorImpl:196 - Neither virutal-memory nor physical-memory monitoring is needed. Not running the monitor-thread
scm_1       | 2021-08-18 10:11:00,047 [main] WARN server.ServerUtils: ozone.scm.db.dirs is not configured. We recommend adding this setting. Falling back to ozone.metadata.dirs instead.
rm_1        | 2021-08-18 10:10:38 INFO  HttpServer2:693 - Added filter RMAuthenticationFilter (class=org.apache.hadoop.yarn.server.security.http.RMAuthenticationFilter) to context static
nm_1        | 2021-08-18 10:13:55 INFO  AuxServices:196 - Got event CONTAINER_STOP for appId application_1629281436566_0002
scm_1       | 2021-08-18 10:11:00,158 [main] INFO upgrade.AbstractLayoutVersionManager: Initializing Layout version manager with metadata layout = SCM_HA (version = 2), software layout = SCM_HA (version = 2)
rm_1        | 2021-08-18 10:10:38 INFO  HttpServer2:693 - Added filter RMAuthenticationFilter (class=org.apache.hadoop.yarn.server.security.http.RMAuthenticationFilter) to context logs
nm_1        | 2021-08-18 10:14:02 INFO  ContainerLaunch:346 - Container container_1629281436566_0002_01_000001 succeeded 
scm_1       | 2021-08-18 10:11:00,906 [main] INFO reflections.Reflections: Reflections took 235 ms to scan 3 urls, producing 104 keys and 214 values 
rm_1        | 2021-08-18 10:10:38 INFO  HttpServer2:685 - Added filter static_user_filter (class=org.apache.hadoop.http.lib.StaticUserWebFilter$StaticUserFilter) to context cluster
nm_1        | 2021-08-18 10:14:02 INFO  ContainerImpl:1135 - Container container_1629281436566_0002_01_000001 transitioned from RUNNING to EXITED_WITH_SUCCESS
scm_1       | 2021-08-18 10:11:01,710 [main] WARN utils.HAUtils: ozone.scm.db.dirs is not configured. We recommend adding this setting. Falling back to ozone.metadata.dirs instead.
rm_1        | 2021-08-18 10:10:38 INFO  HttpServer2:693 - Added filter static_user_filter (class=org.apache.hadoop.http.lib.StaticUserWebFilter$StaticUserFilter) to context static
nm_1        | 2021-08-18 10:14:02 INFO  ContainerLaunch:370 - Cleaning up container container_1629281436566_0002_01_000001
scm_1       | 2021-08-18 10:11:01,849 [main] WARN db.DBStoreBuilder: ozone.scm.db.dirs is not configured. We recommend adding this setting. Falling back to ozone.metadata.dirs instead.
rm_1        | 2021-08-18 10:10:38 INFO  HttpServer2:693 - Added filter static_user_filter (class=org.apache.hadoop.http.lib.StaticUserWebFilter$StaticUserFilter) to context logs
nm_1        | 2021-08-18 10:14:02 INFO  NMAuditLogger:89 - USER=hadoop	OPERATION=Container Finished - Succeeded	TARGET=ContainerImpl	RESULT=SUCCESS	APPID=application_1629281436566_0002	CONTAINERID=container_1629281436566_0002_01_000001
nm_1        | 2021-08-18 10:14:02 INFO  ContainerImpl:1135 - Container container_1629281436566_0002_01_000001 transitioned from EXITED_WITH_SUCCESS to DONE
scm_1       | 2021-08-18 10:11:02,062 [main] INFO net.NodeSchemaLoader: Loading schema from [file:/etc/hadoop/network-topology-default.xml, jar:file:/opt/hadoop/share/ozone/lib/hdds-common-1.2.0-SNAPSHOT.jar!/network-topology-default.xml]
nm_1        | 2021-08-18 10:14:02 INFO  ApplicationImpl:347 - Removing container_1629281436566_0002_01_000001 from application application_1629281436566_0002
rm_1        | 2021-08-18 10:10:38 INFO  HttpServer2:408 - adding path spec: /cluster/*
scm_1       | 2021-08-18 10:11:02,063 [main] INFO net.NodeSchemaLoader: Loading network topology layer schema file
nm_1        | 2021-08-18 10:14:02 INFO  ContainersMonitorImpl:196 - Neither virutal-memory nor physical-memory monitoring is needed. Not running the monitor-thread
rm_1        | 2021-08-18 10:10:38 INFO  HttpServer2:408 - adding path spec: /ws/*
scm_1       | 2021-08-18 10:11:02,123 [main] INFO ha.SequenceIdGenerator: upgrade localId to 107544261427200000
nm_1        | 2021-08-18 10:14:02 INFO  AuxServices:196 - Got event CONTAINER_STOP for appId application_1629281436566_0002
rm_1        | 2021-08-18 10:10:40 INFO  WebApps:288 - Registered webapp guice modules
scm_1       | 2021-08-18 10:11:02,123 [main] INFO ha.SequenceIdGenerator: upgrade delTxnId to 0
nm_1        | 2021-08-18 10:14:02 INFO  Server:1316 - Auth successful for appattempt_1629281436566_0002_000001 (auth:SIMPLE)
rm_1        | 2021-08-18 10:10:40 INFO  HttpServer2:915 - Jetty bound to port 8088
scm_1       | 2021-08-18 10:11:02,125 [main] INFO ha.SequenceIdGenerator: upgrade containerId to 0
nm_1        | 2021-08-18 10:14:02 INFO  ContainerManagerImpl:960 - Stopping container with container Id: container_1629281436566_0002_01_000001
rm_1        | 2021-08-18 10:10:40 INFO  log:67 - jetty-6.1.26
scm_1       | 2021-08-18 10:11:02,127 [main] INFO ha.SequenceIdGenerator: Init the HA SequenceIdGenerator.
nm_1        | 2021-08-18 10:14:02 INFO  NMAuditLogger:89 - USER=hadoop	IP=172.21.0.4	OPERATION=Stop Container Request	TARGET=ContainerManageImpl	RESULT=SUCCESS	APPID=application_1629281436566_0002	CONTAINERID=container_1629281436566_0002_01_000001
rm_1        | 2021-08-18 10:10:41 INFO  log:67 - Extract jar:file:/opt/hadoop/share/hadoop/yarn/hadoop-yarn-common-2.7.3.jar!/webapps/cluster to /tmp/Jetty_rm_8088_cluster____oilmo9/webapp
scm_1       | 2021-08-18 10:11:02,155 [main] INFO node.SCMNodeManager: Entering startup safe mode.
nm_1        | 2021-08-18 10:14:03 INFO  NodeStatusUpdaterImpl:490 - Removed completed containers from NM context: [container_1629281436566_0002_01_000005, container_1629281436566_0002_01_000001]
rm_1        | 2021-08-18 10:10:42 INFO  AbstractDelegationTokenSecretManager:325 - Updating the current master key for generating delegation tokens
scm_1       | 2021-08-18 10:11:02,164 [main] INFO algorithms.ContainerPlacementPolicyFactory: Create container placement policy of type org.apache.hadoop.hdds.scm.container.placement.algorithms.SCMContainerPlacementRandom
nm_1        | 2021-08-18 10:14:03 INFO  ApplicationImpl:464 - Application application_1629281436566_0002 transitioned from RUNNING to APPLICATION_RESOURCES_CLEANINGUP
rm_1        | 2021-08-18 10:10:42 INFO  AbstractDelegationTokenSecretManager:638 - Starting expired delegation token remover thread, tokenRemoverScanInterval=60 min(s)
scm_1       | 2021-08-18 10:11:02,169 [main] INFO pipeline.PipelineStateManager: No pipeline exists in current db
nm_1        | 2021-08-18 10:14:03 INFO  AuxServices:196 - Got event APPLICATION_STOP for appId application_1629281436566_0002
rm_1        | 2021-08-18 10:10:42 INFO  AbstractDelegationTokenSecretManager:325 - Updating the current master key for generating delegation tokens
scm_1       | 2021-08-18 10:11:02,188 [main] INFO algorithms.LeaderChoosePolicyFactory: Create leader choose policy of type org.apache.hadoop.hdds.scm.pipeline.leader.choose.algorithms.MinLeaderCountChoosePolicy
nm_1        | 2021-08-18 10:14:03 INFO  ApplicationImpl:464 - Application application_1629281436566_0002 transitioned from APPLICATION_RESOURCES_CLEANINGUP to FINISHED
rm_1        | Aug 18, 2021 10:10:43 AM com.sun.jersey.guice.spi.container.GuiceComponentProviderFactory register
scm_1       | 2021-08-18 10:11:02,192 [main] INFO ha.SCMServiceManager: Registering service BackgroundPipelineCreator.
nm_1        | 2021-08-18 10:14:03 INFO  NonAggregatingLogHandler:167 - Scheduling Log Deletion for application: application_1629281436566_0002, with delay of 10800 seconds
rm_1        | INFO: Registering org.apache.hadoop.yarn.server.resourcemanager.webapp.JAXBContextResolver as a provider class
scm_1       | 2021-08-18 10:11:02,192 [main] INFO pipeline.BackgroundPipelineCreator: Starting RatisPipelineUtilsThread.
nm_1        | 2021-08-18 10:14:23 INFO  Server:1316 - Auth successful for appattempt_1629281436566_0003_000001 (auth:SIMPLE)
rm_1        | Aug 18, 2021 10:10:43 AM com.sun.jersey.guice.spi.container.GuiceComponentProviderFactory register
scm_1       | 2021-08-18 10:11:02,213 [main] INFO algorithms.PipelineChoosePolicyFactory: Create pipeline choose policy of type org.apache.hadoop.hdds.scm.pipeline.choose.algorithms.RandomPipelineChoosePolicy
nm_1        | 2021-08-18 10:14:23 INFO  ContainerManagerImpl:810 - Start request for container_1629281436566_0003_01_000001 by user hadoop
rm_1        | INFO: Registering org.apache.hadoop.yarn.server.resourcemanager.webapp.RMWebServices as a root resource class
scm_1       | 2021-08-18 10:11:02,223 [main] INFO ha.SCMServiceManager: Registering service SCMBlockDeletingService.
nm_1        | 2021-08-18 10:14:23 INFO  ContainerManagerImpl:850 - Creating a new application reference for app application_1629281436566_0003
rm_1        | Aug 18, 2021 10:10:43 AM com.sun.jersey.guice.spi.container.GuiceComponentProviderFactory register
scm_1       | 2021-08-18 10:11:02,235 [main] INFO ha.SCMServiceManager: Registering service ReplicationManager.
nm_1        | 2021-08-18 10:14:23 INFO  NMAuditLogger:89 - USER=hadoop	IP=172.21.0.4	OPERATION=Start Container Request	TARGET=ContainerManageImpl	RESULT=SUCCESS	APPID=application_1629281436566_0003	CONTAINERID=container_1629281436566_0003_01_000001
rm_1        | INFO: Registering org.apache.hadoop.yarn.webapp.GenericExceptionHandler as a provider class
scm_1       | 2021-08-18 10:11:02,237 [main] INFO container.ReplicationManager: Starting Replication Monitor Thread.
nm_1        | 2021-08-18 10:14:23 INFO  ApplicationImpl:464 - Application application_1629281436566_0003 transitioned from NEW to INITING
rm_1        | Aug 18, 2021 10:10:43 AM com.sun.jersey.server.impl.application.WebApplicationImpl _initiate
scm_1       | 2021-08-18 10:11:02,250 [ReplicationMonitor] INFO container.ReplicationManager: Replication Monitor Thread took 1 milliseconds for processing 0 containers.
nm_1        | 2021-08-18 10:14:23 INFO  ApplicationImpl:304 - Adding container_1629281436566_0003_01_000001 to application application_1629281436566_0003
rm_1        | INFO: Initiating Jersey application, version 'Jersey: 1.9 09/02/2011 11:17 AM'
scm_1       | 2021-08-18 10:11:02,252 [main] INFO safemode.ContainerSafeModeRule: containers with one replica threshold count 0
nm_1        | 2021-08-18 10:14:23 INFO  ApplicationImpl:464 - Application application_1629281436566_0003 transitioned from INITING to RUNNING
rm_1        | Aug 18, 2021 10:10:43 AM com.sun.jersey.guice.spi.container.GuiceComponentProviderFactory getComponentProvider
scm_1       | 2021-08-18 10:11:02,255 [main] INFO safemode.HealthyPipelineSafeModeRule: Total pipeline count is 0, healthy pipeline threshold count is 1
nm_1        | 2021-08-18 10:14:23 INFO  ContainerImpl:1135 - Container container_1629281436566_0003_01_000001 transitioned from NEW to LOCALIZING
rm_1        | INFO: Binding org.apache.hadoop.yarn.server.resourcemanager.webapp.JAXBContextResolver to GuiceManagedComponentProvider with the scope "Singleton"
scm_1       | 2021-08-18 10:11:02,257 [main] INFO safemode.OneReplicaPipelineSafeModeRule: Total pipeline count is 0, pipeline's with at least one datanode reported threshold count is 0
nm_1        | 2021-08-18 10:14:23 INFO  AuxServices:196 - Got event CONTAINER_INIT for appId application_1629281436566_0003
rm_1        | Aug 18, 2021 10:10:46 AM com.sun.jersey.guice.spi.container.GuiceComponentProviderFactory getComponentProvider
scm_1       | 2021-08-18 10:11:03,086 [main] INFO ipc.CallQueueManager: Using callQueue: class java.util.concurrent.LinkedBlockingQueue, queueCapacity: 10000, scheduler: class org.apache.hadoop.ipc.DefaultRpcScheduler, ipcBackoff: false.
nm_1        | 2021-08-18 10:14:23 INFO  LocalizedResource:203 - Resource ofs://om/user/hadoop/.staging/job_1629281436566_0003/job.splitmetainfo transitioned from INIT to DOWNLOADING
rm_1        | INFO: Binding org.apache.hadoop.yarn.webapp.GenericExceptionHandler to GuiceManagedComponentProvider with the scope "Singleton"
scm_1       | 2021-08-18 10:11:03,139 [Socket Reader #1 for port 9861] INFO ipc.Server: Starting Socket Reader #1 for port 9861
nm_1        | 2021-08-18 10:14:23 INFO  LocalizedResource:203 - Resource ofs://om/user/hadoop/.staging/job_1629281436566_0003/job.jar transitioned from INIT to DOWNLOADING
rm_1        | Aug 18, 2021 10:10:48 AM com.sun.jersey.guice.spi.container.GuiceComponentProviderFactory getComponentProvider
nm_1        | 2021-08-18 10:14:23 INFO  LocalizedResource:203 - Resource ofs://om/user/hadoop/.staging/job_1629281436566_0003/job.split transitioned from INIT to DOWNLOADING
scm_1       | 2021-08-18 10:11:03,186 [Listener at 0.0.0.0/9861] INFO ipc.CallQueueManager: Using callQueue: class java.util.concurrent.LinkedBlockingQueue, queueCapacity: 10000, scheduler: class org.apache.hadoop.ipc.DefaultRpcScheduler, ipcBackoff: false.
rm_1        | INFO: Binding org.apache.hadoop.yarn.server.resourcemanager.webapp.RMWebServices to GuiceManagedComponentProvider with the scope "Singleton"
nm_1        | 2021-08-18 10:14:23 INFO  LocalizedResource:203 - Resource ofs://om/user/hadoop/.staging/job_1629281436566_0003/job.xml transitioned from INIT to DOWNLOADING
scm_1       | 2021-08-18 10:11:03,191 [Socket Reader #1 for port 9863] INFO ipc.Server: Starting Socket Reader #1 for port 9863
rm_1        | 2021-08-18 10:10:49 INFO  log:67 - Started HttpServer2$SelectChannelConnectorWithSafeStartup@rm:8088
nm_1        | 2021-08-18 10:14:23 INFO  ResourceLocalizationService:711 - Created localizer for container_1629281436566_0003_01_000001
scm_1       | 2021-08-18 10:11:03,204 [Listener at 0.0.0.0/9863] INFO ipc.CallQueueManager: Using callQueue: class java.util.concurrent.LinkedBlockingQueue, queueCapacity: 10000, scheduler: class org.apache.hadoop.ipc.DefaultRpcScheduler, ipcBackoff: false.
rm_1        | 2021-08-18 10:10:49 INFO  WebApps:307 - Web app cluster started at 8088
nm_1        | 2021-08-18 10:14:23 INFO  ResourceLocalizationService:1191 - Writing credentials to the nmPrivate file /tmp/hadoop-hadoop/nm-local-dir/nmPrivate/container_1629281436566_0003_01_000001.tokens. Credentials list: 
scm_1       | 2021-08-18 10:11:03,204 [Socket Reader #1 for port 9860] INFO ipc.Server: Starting Socket Reader #1 for port 9860
rm_1        | 2021-08-18 10:10:49 INFO  CallQueueManager:54 - Using callQueue class java.util.concurrent.LinkedBlockingQueue
nm_1        | 2021-08-18 10:14:23 INFO  DefaultContainerExecutor:612 - Initializing user hadoop
scm_1       | 2021-08-18 10:11:03,244 [Listener at 0.0.0.0/9860] INFO algorithms.ContainerPlacementPolicyFactory: Create container placement policy of type org.apache.hadoop.hdds.scm.container.placement.algorithms.SCMContainerPlacementRandom
rm_1        | 2021-08-18 10:10:49 INFO  Server:606 - Starting Socket Reader #1 for port 8033
nm_1        | 2021-08-18 10:14:23 INFO  DefaultContainerExecutor:117 - Copying from /tmp/hadoop-hadoop/nm-local-dir/nmPrivate/container_1629281436566_0003_01_000001.tokens to /tmp/hadoop-hadoop/nm-local-dir/usercache/hadoop/appcache/application_1629281436566_0003/container_1629281436566_0003_01_000001.tokens
scm_1       | 2021-08-18 10:11:03,249 [Listener at 0.0.0.0/9860] INFO server.StorageContainerManager: 
rm_1        | 2021-08-18 10:10:49 INFO  RpcServerFactoryPBImpl:174 - Adding protocol org.apache.hadoop.yarn.server.api.ResourceManagerAdministrationProtocolPB to the server
nm_1        | 2021-08-18 10:14:23 INFO  DefaultContainerExecutor:124 - Localizer CWD set to /tmp/hadoop-hadoop/nm-local-dir/usercache/hadoop/appcache/application_1629281436566_0003 = file:/tmp/hadoop-hadoop/nm-local-dir/usercache/hadoop/appcache/application_1629281436566_0003
scm_1       | Container Balancer status:
rm_1        | 2021-08-18 10:10:49 INFO  Server:836 - IPC Server Responder: starting
nm_1        | 2021-08-18 10:14:23 INFO  LocalizedResource:203 - Resource ofs://om/user/hadoop/.staging/job_1629281436566_0003/job.splitmetainfo(->/tmp/hadoop-hadoop/nm-local-dir/usercache/hadoop/appcache/application_1629281436566_0003/filecache/10/job.splitmetainfo) transitioned from DOWNLOADING to LOCALIZED
scm_1       | Key                            Value
rm_1        | 2021-08-18 10:10:49 INFO  Server:676 - IPC Server listener on 8033: starting
nm_1        | 2021-08-18 10:14:23 INFO  LocalizedResource:203 - Resource ofs://om/user/hadoop/.staging/job_1629281436566_0003/job.jar(->/tmp/hadoop-hadoop/nm-local-dir/usercache/hadoop/appcache/application_1629281436566_0003/filecache/11/job.jar) transitioned from DOWNLOADING to LOCALIZED
scm_1       | Running                        false
rm_1        | 2021-08-18 10:11:00 INFO  RackResolver:109 - Resolved nm to /default-rack
nm_1        | 2021-08-18 10:14:23 INFO  LocalizedResource:203 - Resource ofs://om/user/hadoop/.staging/job_1629281436566_0003/job.split(->/tmp/hadoop-hadoop/nm-local-dir/usercache/hadoop/appcache/application_1629281436566_0003/filecache/12/job.split) transitioned from DOWNLOADING to LOCALIZED
scm_1       | Container Balancer Configuration values:
rm_1        | 2021-08-18 10:11:00 INFO  RMNodeImpl:438 - nm:41055 Node Transitioned from NEW to RUNNING
nm_1        | 2021-08-18 10:14:23 INFO  LocalizedResource:203 - Resource ofs://om/user/hadoop/.staging/job_1629281436566_0003/job.xml(->/tmp/hadoop-hadoop/nm-local-dir/usercache/hadoop/appcache/application_1629281436566_0003/filecache/13/job.xml) transitioned from DOWNLOADING to LOCALIZED
scm_1       | Key                                                Value
rm_1        | 2021-08-18 10:11:00 INFO  ResourceTrackerService:345 - NodeManager from node nm(cmPort: 41055 httpPort: 8042) registered with capability: <memory:8192, vCores:8>, assigned nodeId nm:41055
nm_1        | 2021-08-18 10:14:23 INFO  ContainerImpl:1135 - Container container_1629281436566_0003_01_000001 transitioned from LOCALIZING to LOCALIZED
scm_1       | Threshold                                          0.1
rm_1        | 2021-08-18 10:11:00 INFO  CapacityScheduler:1335 - Added node nm:41055 clusterResource: <memory:8192, vCores:8>
nm_1        | 2021-08-18 10:14:23 INFO  ContainerImpl:1135 - Container container_1629281436566_0003_01_000001 transitioned from LOCALIZED to RUNNING
scm_1       | Max Datanodes to Involve per Iteration(ratio)      0.5
rm_1        | 2021-08-18 10:12:27 INFO  ClientRMService:289 - Allocated new applicationId: 1
nm_1        | 2021-08-18 10:14:23 INFO  ContainersMonitorImpl:196 - Neither virutal-memory nor physical-memory monitoring is needed. Not running the monitor-thread
scm_1       | Max Size to Move per Iteration                     10737418240B
rm_1        | 2021-08-18 10:12:30 INFO  RMAppImpl:974 - Storing application with id application_1629281436566_0001
nm_1        | 2021-08-18 10:14:23 INFO  DefaultContainerExecutor:268 - launchContainer: [bash, /tmp/hadoop-hadoop/nm-local-dir/usercache/hadoop/appcache/application_1629281436566_0003/container_1629281436566_0003_01_000001/default_container_executor.sh]
scm_1       | 
rm_1        | 2021-08-18 10:12:30 INFO  ClientRMService:583 - Application with id 1 submitted by user hadoop
nm_1        | 2021-08-18 10:14:32 INFO  Server:1316 - Auth successful for appattempt_1629281436566_0003_000001 (auth:SIMPLE)
scm_1       | 2021-08-18 10:11:03,249 [Listener at 0.0.0.0/9860] WARN events.EventQueue: No event handler registered for event TypedEvent{payloadType=SafeModeStatus, name='Safe mode status'}
rm_1        | 2021-08-18 10:12:30 INFO  RMAuditLogger:148 - USER=hadoop	IP=172.21.0.4	OPERATION=Submit Application Request	TARGET=ClientRMService	RESULT=SUCCESS	APPID=application_1629281436566_0001
nm_1        | 2021-08-18 10:14:32 INFO  ContainerManagerImpl:810 - Start request for container_1629281436566_0003_01_000002 by user hadoop
scm_1       | 2021-08-18 10:11:03,249 [Listener at 0.0.0.0/9860] INFO ha.SCMContext: Update SafeModeStatus from SafeModeStatus{safeModeStatus=true, preCheckPassed=false} to SafeModeStatus{safeModeStatus=true, preCheckPassed=false}.
rm_1        | 2021-08-18 10:12:30 INFO  RMStateStore:194 - Storing info for app: application_1629281436566_0001
nm_1        | 2021-08-18 10:14:32 INFO  ApplicationImpl:304 - Adding container_1629281436566_0003_01_000002 to application application_1629281436566_0003
scm_1       | 2021-08-18 10:11:03,256 [Listener at 0.0.0.0/9860] INFO server.StorageContainerManager: StorageContainerLocationProtocol RPC server is listening at /0.0.0.0:9860
rm_1        | 2021-08-18 10:12:30 INFO  RMAppImpl:715 - application_1629281436566_0001 State change from NEW to NEW_SAVING
nm_1        | 2021-08-18 10:14:32 INFO  ContainerImpl:1135 - Container container_1629281436566_0003_01_000002 transitioned from NEW to LOCALIZING
scm_1       | 2021-08-18 10:11:03,360 [Listener at 0.0.0.0/9860] INFO impl.MetricsConfig: Loaded properties from hadoop-metrics2.properties
rm_1        | 2021-08-18 10:12:30 INFO  RMAppImpl:715 - application_1629281436566_0001 State change from NEW_SAVING to SUBMITTED
nm_1        | 2021-08-18 10:14:32 INFO  AuxServices:196 - Got event CONTAINER_INIT for appId application_1629281436566_0003
scm_1       | 2021-08-18 10:11:03,389 [Listener at 0.0.0.0/9860] INFO impl.MetricsSystemImpl: Scheduled Metric snapshot period at 10 second(s).
rm_1        | 2021-08-18 10:12:30 INFO  ParentQueue:345 - Application added - appId: application_1629281436566_0001 user: hadoop leaf-queue of parent: root #applications: 1
nm_1        | 2021-08-18 10:14:32 INFO  AuxServices:196 - Got event APPLICATION_INIT for appId application_1629281436566_0003
scm_1       | 2021-08-18 10:11:03,389 [Listener at 0.0.0.0/9860] INFO impl.MetricsSystemImpl: StorageContainerManager metrics system started
rm_1        | 2021-08-18 10:12:30 INFO  CapacityScheduler:814 - Accepted application application_1629281436566_0001 from user: hadoop, in queue: default
nm_1        | 2021-08-18 10:14:32 INFO  AuxServices:200 - Got APPLICATION_INIT for service mapreduce_shuffle
scm_1       | 2021-08-18 10:11:03,721 [Listener at 0.0.0.0/9860] INFO server.SCMClientProtocolServer: RPC server for Client  is listening at /0.0.0.0:9860
rm_1        | 2021-08-18 10:12:30 INFO  RMAppImpl:715 - application_1629281436566_0001 State change from SUBMITTED to ACCEPTED
nm_1        | 2021-08-18 10:14:32 INFO  ShuffleHandler:671 - Added token for job_1629281436566_0003
scm_1       | 2021-08-18 10:11:03,723 [IPC Server Responder] INFO ipc.Server: IPC Server Responder: starting
rm_1        | 2021-08-18 10:12:30 INFO  ApplicationMasterService:678 - Registering app attempt : appattempt_1629281436566_0001_000001
nm_1        | 2021-08-18 10:14:32 INFO  ContainerImpl:1135 - Container container_1629281436566_0003_01_000002 transitioned from LOCALIZING to LOCALIZED
scm_1       | 2021-08-18 10:11:03,724 [IPC Server listener on 9860] INFO ipc.Server: IPC Server listener on 9860: starting
rm_1        | 2021-08-18 10:12:30 INFO  RMAppAttemptImpl:813 - appattempt_1629281436566_0001_000001 State change from NEW to SUBMITTED
nm_1        | 2021-08-18 10:14:32 INFO  NMAuditLogger:89 - USER=hadoop	IP=172.21.0.6	OPERATION=Start Container Request	TARGET=ContainerManageImpl	RESULT=SUCCESS	APPID=application_1629281436566_0003	CONTAINERID=container_1629281436566_0003_01_000002
scm_1       | 2021-08-18 10:11:03,811 [Listener at 0.0.0.0/9860] INFO server.StorageContainerManager: ScmBlockLocationProtocol RPC server is listening at /0.0.0.0:9863
rm_1        | 2021-08-18 10:12:31 WARN  LeafQueue:632 - maximum-am-resource-percent is insufficient to start a single application in queue, it is likely set too low. skipping enforcement to allow at least one application to start
nm_1        | 2021-08-18 10:14:32 INFO  ContainerImpl:1135 - Container container_1629281436566_0003_01_000002 transitioned from LOCALIZED to RUNNING
scm_1       | 2021-08-18 10:11:03,812 [Listener at 0.0.0.0/9860] INFO server.SCMBlockProtocolServer: RPC server for Block Protocol is listening at /0.0.0.0:9863
rm_1        | 2021-08-18 10:12:31 WARN  LeafQueue:653 - maximum-am-resource-percent is insufficient to start a single application in queue for user, it is likely set too low. skipping enforcement to allow at least one application to start
nm_1        | 2021-08-18 10:14:32 INFO  ContainersMonitorImpl:196 - Neither virutal-memory nor physical-memory monitoring is needed. Not running the monitor-thread
scm_1       | 2021-08-18 10:11:03,812 [IPC Server Responder] INFO ipc.Server: IPC Server Responder: starting
rm_1        | 2021-08-18 10:12:31 INFO  LeafQueue:667 - Application application_1629281436566_0001 from user: hadoop activated in queue: default
scm_1       | 2021-08-18 10:11:03,812 [IPC Server listener on 9863] INFO ipc.Server: IPC Server listener on 9863: starting
nm_1        | 2021-08-18 10:14:32 INFO  DefaultContainerExecutor:268 - launchContainer: [bash, /tmp/hadoop-hadoop/nm-local-dir/usercache/hadoop/appcache/application_1629281436566_0003/container_1629281436566_0003_01_000002/default_container_executor.sh]
rm_1        | 2021-08-18 10:12:31 INFO  LeafQueue:683 - Application added - appId: application_1629281436566_0001 user: org.apache.hadoop.yarn.server.resourcemanager.scheduler.capacity.LeafQueue$User@319e1b8e, leaf-queue: default #user-pending-applications: 0 #user-active-applications: 1 #queue-pending-applications: 0 #queue-active-applications: 1
scm_1       | 2021-08-18 10:11:03,892 [Listener at 0.0.0.0/9860] INFO server.StorageContainerManager: ScmDatanodeProtocl RPC server is listening at /0.0.0.0:9861
nm_1        | 2021-08-18 10:14:37 INFO  Server:1316 - Auth successful for appattempt_1629281436566_0003_000001 (auth:SIMPLE)
rm_1        | 2021-08-18 10:12:31 INFO  CapacityScheduler:843 - Added Application Attempt appattempt_1629281436566_0001_000001 to scheduler from user hadoop in queue default
scm_1       | 2021-08-18 10:11:03,893 [Listener at 0.0.0.0/9860] INFO server.SCMDatanodeProtocolServer: RPC server for DataNodes is listening at /0.0.0.0:9861
nm_1        | 2021-08-18 10:14:37 INFO  ContainerManagerImpl:960 - Stopping container with container Id: container_1629281436566_0003_01_000002
rm_1        | 2021-08-18 10:12:31 INFO  RMAppAttemptImpl:813 - appattempt_1629281436566_0001_000001 State change from SUBMITTED to SCHEDULED
scm_1       | 2021-08-18 10:11:03,901 [IPC Server Responder] INFO ipc.Server: IPC Server Responder: starting
nm_1        | 2021-08-18 10:14:37 INFO  NMAuditLogger:89 - USER=hadoop	IP=172.21.0.6	OPERATION=Stop Container Request	TARGET=ContainerManageImpl	RESULT=SUCCESS	APPID=application_1629281436566_0003	CONTAINERID=container_1629281436566_0003_01_000002
rm_1        | 2021-08-18 10:12:31 INFO  RMContainerImpl:410 - container_1629281436566_0001_01_000001 Container Transitioned from NEW to ALLOCATED
scm_1       | 2021-08-18 10:11:03,901 [IPC Server listener on 9861] INFO ipc.Server: IPC Server listener on 9861: starting
nm_1        | 2021-08-18 10:14:37 INFO  ContainerImpl:1135 - Container container_1629281436566_0003_01_000002 transitioned from RUNNING to KILLING
rm_1        | 2021-08-18 10:12:31 INFO  RMAuditLogger:106 - USER=hadoop	OPERATION=AM Allocated Container	TARGET=SchedulerApp	RESULT=SUCCESS	APPID=application_1629281436566_0001	CONTAINERID=container_1629281436566_0001_01_000001
scm_1       | 2021-08-18 10:11:03,984 [org.apache.hadoop.util.JvmPauseMonitor$Monitor@33eb6758] INFO util.JvmPauseMonitor: Starting JVM pause monitor
nm_1        | 2021-08-18 10:14:37 INFO  ContainerLaunch:370 - Cleaning up container container_1629281436566_0003_01_000002
rm_1        | 2021-08-18 10:12:31 INFO  SchedulerNode:153 - Assigned container container_1629281436566_0001_01_000001 of capacity <memory:2048, vCores:1> on host nm:41055, which has 1 containers, <memory:2048, vCores:1> used and <memory:6144, vCores:7> available after allocation
scm_1       | 2021-08-18 10:11:03,990 [Listener at 0.0.0.0/9860] INFO http.BaseHttpServer: Starting Web-server for scm at: http://0.0.0.0:9876
nm_1        | 2021-08-18 10:14:37 WARN  DefaultContainerExecutor:224 - Exit code from container container_1629281436566_0003_01_000002 is : 143
rm_1        | 2021-08-18 10:12:31 INFO  LeafQueue:1554 - assignedContainer application attempt=appattempt_1629281436566_0001_000001 container=Container: [ContainerId: container_1629281436566_0001_01_000001, NodeId: nm:41055, NodeHttpAddress: nm:8042, Resource: <memory:2048, vCores:1>, Priority: 0, Token: null, ] queue=default: capacity=1.0, absoluteCapacity=1.0, usedResources=<memory:0, vCores:0>, usedCapacity=0.0, absoluteUsedCapacity=0.0, numApps=1, numContainers=0 clusterResource=<memory:8192, vCores:8> type=OFF_SWITCH
scm_1       | 2021-08-18 10:11:03,992 [Listener at 0.0.0.0/9860] INFO http.BaseHttpServer: Hadoop Security Enabled: false Ozone Security Enabled: false Ozone HTTP Security Enabled: false 
nm_1        | 2021-08-18 10:14:37 INFO  ContainerImpl:1135 - Container container_1629281436566_0003_01_000002 transitioned from KILLING to CONTAINER_CLEANEDUP_AFTER_KILL
rm_1        | 2021-08-18 10:12:31 INFO  ParentQueue:523 - Re-sorting assigned queue: root.default stats: default: capacity=1.0, absoluteCapacity=1.0, usedResources=<memory:2048, vCores:1>, usedCapacity=0.25, absoluteUsedCapacity=0.25, numApps=1, numContainers=1
scm_1       | 2021-08-18 10:11:04,023 [Listener at 0.0.0.0/9860] INFO util.log: Logging initialized @17026ms to org.eclipse.jetty.util.log.Slf4jLog
nm_1        | 2021-08-18 10:14:37 INFO  NMAuditLogger:89 - USER=hadoop	OPERATION=Container Finished - Killed	TARGET=ContainerImpl	RESULT=SUCCESS	APPID=application_1629281436566_0003	CONTAINERID=container_1629281436566_0003_01_000002
rm_1        | 2021-08-18 10:12:31 INFO  ParentQueue:420 - assignedContainer queue=root usedCapacity=0.25 absoluteUsedCapacity=0.25 used=<memory:2048, vCores:1> cluster=<memory:8192, vCores:8>
scm_1       | 2021-08-18 10:11:04,354 [Listener at 0.0.0.0/9860] INFO server.AuthenticationFilter: Unable to initialize FileSignerSecretProvider, falling back to use random secrets.
nm_1        | 2021-08-18 10:14:37 INFO  ContainerImpl:1135 - Container container_1629281436566_0003_01_000002 transitioned from CONTAINER_CLEANEDUP_AFTER_KILL to DONE
rm_1        | 2021-08-18 10:12:31 INFO  NMTokenSecretManagerInRM:200 - Sending NMToken for nodeId : nm:41055 for container : container_1629281436566_0001_01_000001
scm_1       | 2021-08-18 10:11:04,386 [Listener at 0.0.0.0/9860] INFO http.HttpRequestLog: Http request log for http.requests.scm is not defined
nm_1        | 2021-08-18 10:14:37 INFO  ApplicationImpl:347 - Removing container_1629281436566_0003_01_000002 from application application_1629281436566_0003
rm_1        | 2021-08-18 10:12:32 INFO  RMContainerImpl:410 - container_1629281436566_0001_01_000001 Container Transitioned from ALLOCATED to ACQUIRED
scm_1       | 2021-08-18 10:11:04,409 [Listener at 0.0.0.0/9860] INFO http.HttpServer2: Added global filter 'safety' (class=org.apache.hadoop.hdds.server.http.HttpServer2$QuotingInputFilter)
nm_1        | 2021-08-18 10:14:37 INFO  ContainersMonitorImpl:196 - Neither virutal-memory nor physical-memory monitoring is needed. Not running the monitor-thread
rm_1        | 2021-08-18 10:12:32 INFO  NMTokenSecretManagerInRM:146 - Clear node set for appattempt_1629281436566_0001_000001
scm_1       | 2021-08-18 10:11:04,420 [Listener at 0.0.0.0/9860] INFO http.HttpServer2: Added filter static_user_filter (class=org.apache.hadoop.http.lib.StaticUserWebFilter$StaticUserFilter) to context scm
nm_1        | 2021-08-18 10:14:37 INFO  AuxServices:196 - Got event CONTAINER_STOP for appId application_1629281436566_0003
rm_1        | 2021-08-18 10:12:32 INFO  RMAppAttemptImpl:1917 - Storing attempt: AppId: application_1629281436566_0001 AttemptId: appattempt_1629281436566_0001_000001 MasterContainer: Container: [ContainerId: container_1629281436566_0001_01_000001, NodeId: nm:41055, NodeHttpAddress: nm:8042, Resource: <memory:2048, vCores:1>, Priority: 0, Token: Token { kind: ContainerToken, service: 172.21.0.6:41055 }, ]
scm_1       | 2021-08-18 10:11:04,429 [Listener at 0.0.0.0/9860] INFO http.HttpServer2: Added filter static_user_filter (class=org.apache.hadoop.http.lib.StaticUserWebFilter$StaticUserFilter) to context static
nm_1        | 2021-08-18 10:14:38 INFO  Server:1316 - Auth successful for appattempt_1629281436566_0003_000001 (auth:SIMPLE)
rm_1        | 2021-08-18 10:12:32 INFO  RMAppAttemptImpl:813 - appattempt_1629281436566_0001_000001 State change from SCHEDULED to ALLOCATED_SAVING
scm_1       | 2021-08-18 10:11:04,430 [Listener at 0.0.0.0/9860] INFO http.HttpServer2: Added filter static_user_filter (class=org.apache.hadoop.http.lib.StaticUserWebFilter$StaticUserFilter) to context logs
nm_1        | 2021-08-18 10:14:38 INFO  ContainerManagerImpl:810 - Start request for container_1629281436566_0003_01_000003 by user hadoop
rm_1        | 2021-08-18 10:12:32 INFO  RMAppAttemptImpl:813 - appattempt_1629281436566_0001_000001 State change from ALLOCATED_SAVING to ALLOCATED
scm_1       | 2021-08-18 10:11:04,634 [Listener at 0.0.0.0/9860] INFO http.HttpServer2: Jetty bound to port 9876
nm_1        | 2021-08-18 10:14:38 INFO  NMAuditLogger:89 - USER=hadoop	IP=172.21.0.6	OPERATION=Start Container Request	TARGET=ContainerManageImpl	RESULT=SUCCESS	APPID=application_1629281436566_0003	CONTAINERID=container_1629281436566_0003_01_000003
rm_1        | 2021-08-18 10:12:32 INFO  AMLauncher:249 - Launching masterappattempt_1629281436566_0001_000001
scm_1       | 2021-08-18 10:11:04,722 [Listener at 0.0.0.0/9860] INFO server.Server: jetty-9.4.43.v20210629; built: 2021-06-30T11:07:22.254Z; git: 526006ecfa3af7f1a27ef3a288e2bef7ea9dd7e8; jvm 11.0.10+9-LTS
nm_1        | 2021-08-18 10:14:38 INFO  ApplicationImpl:304 - Adding container_1629281436566_0003_01_000003 to application application_1629281436566_0003
rm_1        | 2021-08-18 10:12:32 INFO  AMLauncher:105 - Setting up container Container: [ContainerId: container_1629281436566_0001_01_000001, NodeId: nm:41055, NodeHttpAddress: nm:8042, Resource: <memory:2048, vCores:1>, Priority: 0, Token: Token { kind: ContainerToken, service: 172.21.0.6:41055 }, ] for AM appattempt_1629281436566_0001_000001
scm_1       | 2021-08-18 10:11:04,956 [Listener at 0.0.0.0/9860] INFO server.session: DefaultSessionIdManager workerName=node0
nm_1        | 2021-08-18 10:14:38 INFO  ContainerImpl:1135 - Container container_1629281436566_0003_01_000003 transitioned from NEW to LOCALIZING
rm_1        | 2021-08-18 10:12:32 INFO  AMLauncher:187 - Command to launch container container_1629281436566_0001_01_000001 : $JAVA_HOME/bin/java -Djava.io.tmpdir=$PWD/tmp -Dlog4j.configuration=container-log4j.properties -Dyarn.app.container.log.dir=<LOG_DIR> -Dyarn.app.container.log.filesize=0 -Dhadoop.root.logger=INFO,CLA -Dhadoop.root.logfile=syslog  -Xmx1024m org.apache.hadoop.mapreduce.v2.app.MRAppMaster 1><LOG_DIR>/stdout 2><LOG_DIR>/stderr 
scm_1       | 2021-08-18 10:11:04,977 [Listener at 0.0.0.0/9860] INFO server.session: No SessionScavenger set, using defaults
nm_1        | 2021-08-18 10:14:38 INFO  AuxServices:196 - Got event CONTAINER_INIT for appId application_1629281436566_0003
rm_1        | 2021-08-18 10:12:32 INFO  AMRMTokenSecretManager:195 - Create AMRMToken for ApplicationAttempt: appattempt_1629281436566_0001_000001
scm_1       | 2021-08-18 10:11:04,979 [Listener at 0.0.0.0/9860] INFO server.session: node0 Scavenging every 660000ms
nm_1        | 2021-08-18 10:14:38 INFO  AuxServices:196 - Got event APPLICATION_INIT for appId application_1629281436566_0003
rm_1        | 2021-08-18 10:12:32 INFO  AMRMTokenSecretManager:307 - Creating password for appattempt_1629281436566_0001_000001
scm_1       | 2021-08-18 10:11:05,043 [Listener at 0.0.0.0/9860] INFO handler.ContextHandler: Started o.e.j.s.ServletContextHandler@1e3ff233{logs,/logs,file:///var/log/hadoop/,AVAILABLE}
nm_1        | 2021-08-18 10:14:38 INFO  AuxServices:200 - Got APPLICATION_INIT for service mapreduce_shuffle
rm_1        | 2021-08-18 10:12:32 INFO  AMLauncher:126 - Done launching container Container: [ContainerId: container_1629281436566_0001_01_000001, NodeId: nm:41055, NodeHttpAddress: nm:8042, Resource: <memory:2048, vCores:1>, Priority: 0, Token: Token { kind: ContainerToken, service: 172.21.0.6:41055 }, ] for AM appattempt_1629281436566_0001_000001
scm_1       | 2021-08-18 10:11:05,063 [Listener at 0.0.0.0/9860] INFO handler.ContextHandler: Started o.e.j.s.ServletContextHandler@14168e1{static,/static,jar:file:/opt/hadoop/share/ozone/lib/hdds-server-scm-1.2.0-SNAPSHOT.jar!/webapps/static,AVAILABLE}
nm_1        | 2021-08-18 10:14:38 INFO  ShuffleHandler:671 - Added token for job_1629281436566_0003
rm_1        | 2021-08-18 10:12:32 INFO  RMAppAttemptImpl:813 - appattempt_1629281436566_0001_000001 State change from ALLOCATED to LAUNCHED
scm_1       | 2021-08-18 10:11:05,388 [IPC Server handler 0 on default port 9861] INFO net.NetworkTopologyImpl: Added a new node: /default-rack/8bee0c6c-2550-460c-8485-4b9803812fa0
nm_1        | 2021-08-18 10:14:38 INFO  ContainerImpl:1135 - Container container_1629281436566_0003_01_000003 transitioned from LOCALIZING to LOCALIZED
rm_1        | 2021-08-18 10:12:32 INFO  RMContainerImpl:410 - container_1629281436566_0001_01_000001 Container Transitioned from ACQUIRED to RUNNING
scm_1       | 2021-08-18 10:11:05,390 [IPC Server handler 0 on default port 9861] INFO node.SCMNodeManager: Registered Data node : 8bee0c6c-2550-460c-8485-4b9803812fa0{ip: 172.21.0.8, host: hadoop27_datanode_2.hadoop27_default, ports: [REPLICATION=9886, RATIS=9858, RATIS_ADMIN=9857, RATIS_SERVER=9856, STANDALONE=9859], networkLocation: /default-rack, certSerialId: null, persistedOpState: null, persistedOpStateExpiryEpochSec: 0}
nm_1        | 2021-08-18 10:14:38 INFO  ContainerImpl:1135 - Container container_1629281436566_0003_01_000003 transitioned from LOCALIZED to RUNNING
rm_1        | 2021-08-18 10:12:40 INFO  Server:1316 - Auth successful for appattempt_1629281436566_0001_000001 (auth:SIMPLE)
scm_1       | 2021-08-18 10:11:05,397 [EventQueue-NodeRegistrationContainerReportForDataNodeSafeModeRule] INFO safemode.SCMSafeModeManager: SCM in safe mode. 1 DataNodes registered, 3 required.
nm_1        | 2021-08-18 10:14:38 INFO  ContainersMonitorImpl:196 - Neither virutal-memory nor physical-memory monitoring is needed. Not running the monitor-thread
rm_1        | 2021-08-18 10:12:40 INFO  ApplicationMasterService:274 - AM registration appattempt_1629281436566_0001_000001
scm_1       | 2021-08-18 10:11:05,408 [EventQueue-NewNodeForNewNodeHandler] INFO pipeline.BackgroundPipelineCreator: trigger a one-shot run on RatisPipelineUtilsThread.
nm_1        | 2021-08-18 10:14:38 INFO  DefaultContainerExecutor:268 - launchContainer: [bash, /tmp/hadoop-hadoop/nm-local-dir/usercache/hadoop/appcache/application_1629281436566_0003/container_1629281436566_0003_01_000003/default_container_executor.sh]
rm_1        | 2021-08-18 10:12:40 INFO  RMAuditLogger:127 - USER=hadoop	IP=172.21.0.6	OPERATION=Register App Master	TARGET=ApplicationMasterService	RESULT=SUCCESS	APPID=application_1629281436566_0001	APPATTEMPTID=appattempt_1629281436566_0001_000001
scm_1       | 2021-08-18 10:11:05,408 [EventQueue-NodeRegistrationContainerReportForContainerSafeModeRule] INFO safemode.SCMSafeModeManager: ContainerSafeModeRule rule is successfully validated
nm_1        | 2021-08-18 10:14:39 INFO  NodeStatusUpdaterImpl:490 - Removed completed containers from NM context: [container_1629281436566_0003_01_000002]
rm_1        | 2021-08-18 10:12:40 INFO  RMAppAttemptImpl:813 - appattempt_1629281436566_0001_000001 State change from LAUNCHED to RUNNING
nm_1        | 2021-08-18 10:14:42 INFO  Server:1316 - Auth successful for appattempt_1629281436566_0003_000001 (auth:SIMPLE)
rm_1        | 2021-08-18 10:12:40 INFO  RMAppImpl:715 - application_1629281436566_0001 State change from ACCEPTED to RUNNING
scm_1       | 2021-08-18 10:11:05,434 [EventQueue-PipelineReportForOneReplicaPipelineSafeModeRule] INFO safemode.SCMSafeModeManager: AtleastOneDatanodeReportedRule rule is successfully validated
nm_1        | 2021-08-18 10:14:42 INFO  ContainerManagerImpl:960 - Stopping container with container Id: container_1629281436566_0003_01_000003
rm_1        | 2021-08-18 10:12:42 INFO  RMContainerImpl:410 - container_1629281436566_0001_01_000002 Container Transitioned from NEW to ALLOCATED
scm_1       | 2021-08-18 10:11:05,451 [Listener at 0.0.0.0/9860] INFO handler.ContextHandler: Started o.e.j.w.WebAppContext@364fd4ae{scm,/,file:///tmp/jetty-0_0_0_0-9876-hdds-server-scm-1_2_0-SNAPSHOT_jar-_-any-17055725551151752036/webapp/,AVAILABLE}{jar:file:/opt/hadoop/share/ozone/lib/hdds-server-scm-1.2.0-SNAPSHOT.jar!/webapps/scm}
nm_1        | 2021-08-18 10:14:42 INFO  ContainerImpl:1135 - Container container_1629281436566_0003_01_000003 transitioned from RUNNING to KILLING
rm_1        | 2021-08-18 10:12:42 INFO  RMAuditLogger:106 - USER=hadoop	OPERATION=AM Allocated Container	TARGET=SchedulerApp	RESULT=SUCCESS	APPID=application_1629281436566_0001	CONTAINERID=container_1629281436566_0001_01_000002
scm_1       | 2021-08-18 10:11:05,479 [Listener at 0.0.0.0/9860] INFO server.AbstractConnector: Started ServerConnector@799f916e{HTTP/1.1, (http/1.1)}{0.0.0.0:9876}
nm_1        | 2021-08-18 10:14:42 INFO  ContainerLaunch:370 - Cleaning up container container_1629281436566_0003_01_000003
scm_1       | 2021-08-18 10:11:05,481 [Listener at 0.0.0.0/9860] INFO server.Server: Started @18485ms
rm_1        | 2021-08-18 10:12:42 INFO  SchedulerNode:153 - Assigned container container_1629281436566_0001_01_000002 of capacity <memory:4096, vCores:1> on host nm:41055, which has 2 containers, <memory:6144, vCores:2> used and <memory:2048, vCores:6> available after allocation
nm_1        | 2021-08-18 10:14:42 INFO  NMAuditLogger:89 - USER=hadoop	IP=172.21.0.6	OPERATION=Stop Container Request	TARGET=ContainerManageImpl	RESULT=SUCCESS	APPID=application_1629281436566_0003	CONTAINERID=container_1629281436566_0003_01_000003
scm_1       | 2021-08-18 10:11:05,489 [RatisPipelineUtilsThread - 0] INFO pipeline.RatisPipelineProvider: Sending CreatePipelineCommand for pipeline:PipelineID=69865aeb-5888-4826-adaa-db19a7717c42 to datanode:8bee0c6c-2550-460c-8485-4b9803812fa0
rm_1        | 2021-08-18 10:12:42 INFO  LeafQueue:1554 - assignedContainer application attempt=appattempt_1629281436566_0001_000001 container=Container: [ContainerId: container_1629281436566_0001_01_000002, NodeId: nm:41055, NodeHttpAddress: nm:8042, Resource: <memory:4096, vCores:1>, Priority: 20, Token: null, ] queue=default: capacity=1.0, absoluteCapacity=1.0, usedResources=<memory:2048, vCores:1>, usedCapacity=0.25, absoluteUsedCapacity=0.25, numApps=1, numContainers=1 clusterResource=<memory:8192, vCores:8> type=RACK_LOCAL
nm_1        | 2021-08-18 10:14:42 WARN  DefaultContainerExecutor:224 - Exit code from container container_1629281436566_0003_01_000003 is : 143
scm_1       | 2021-08-18 10:11:05,497 [Listener at 0.0.0.0/9860] INFO impl.MetricsSinkAdapter: Sink prometheus started
rm_1        | 2021-08-18 10:12:42 INFO  ParentQueue:523 - Re-sorting assigned queue: root.default stats: default: capacity=1.0, absoluteCapacity=1.0, usedResources=<memory:6144, vCores:2>, usedCapacity=0.75, absoluteUsedCapacity=0.75, numApps=1, numContainers=2
nm_1        | 2021-08-18 10:14:42 INFO  ContainerImpl:1135 - Container container_1629281436566_0003_01_000003 transitioned from KILLING to CONTAINER_CLEANEDUP_AFTER_KILL
scm_1       | 2021-08-18 10:11:05,570 [Listener at 0.0.0.0/9860] INFO impl.MetricsSystemImpl: Registered sink prometheus
rm_1        | 2021-08-18 10:12:42 INFO  ParentQueue:420 - assignedContainer queue=root usedCapacity=0.75 absoluteUsedCapacity=0.75 used=<memory:6144, vCores:2> cluster=<memory:8192, vCores:8>
nm_1        | 2021-08-18 10:14:42 INFO  NMAuditLogger:89 - USER=hadoop	OPERATION=Container Finished - Killed	TARGET=ContainerImpl	RESULT=SUCCESS	APPID=application_1629281436566_0003	CONTAINERID=container_1629281436566_0003_01_000003
scm_1       | 2021-08-18 10:11:05,580 [Listener at 0.0.0.0/9860] INFO http.BaseHttpServer: HTTP server of scm listening at http://0.0.0.0:9876
rm_1        | 2021-08-18 10:12:43 INFO  NMTokenSecretManagerInRM:200 - Sending NMToken for nodeId : nm:41055 for container : container_1629281436566_0001_01_000002
nm_1        | 2021-08-18 10:14:42 INFO  ContainerImpl:1135 - Container container_1629281436566_0003_01_000003 transitioned from CONTAINER_CLEANEDUP_AFTER_KILL to DONE
scm_1       | 2021-08-18 10:11:05,602 [RatisPipelineUtilsThread - 0] INFO pipeline.PipelineStateManager: Created pipeline Pipeline[ Id: 69865aeb-5888-4826-adaa-db19a7717c42, Nodes: 8bee0c6c-2550-460c-8485-4b9803812fa0{ip: 172.21.0.8, host: hadoop27_datanode_2.hadoop27_default, ports: [REPLICATION=9886, RATIS=9858, RATIS_ADMIN=9857, RATIS_SERVER=9856, STANDALONE=9859], networkLocation: /default-rack, certSerialId: null, persistedOpState: IN_SERVICE, persistedOpStateExpiryEpochSec: 0}, ReplicationConfig: RATIS/ONE, State:ALLOCATED, leaderId:, CreationTimestamp2021-08-18T10:11:05.467Z[UTC]].
rm_1        | 2021-08-18 10:12:43 INFO  RMContainerImpl:410 - container_1629281436566_0001_01_000002 Container Transitioned from ALLOCATED to ACQUIRED
nm_1        | 2021-08-18 10:14:42 INFO  ApplicationImpl:347 - Removing container_1629281436566_0003_01_000003 from application application_1629281436566_0003
scm_1       | 2021-08-18 10:11:05,663 [IPC Server handler 3 on default port 9861] INFO net.NetworkTopologyImpl: Added a new node: /default-rack/d200b784-336f-4c47-a516-1197e3459b58
rm_1        | 2021-08-18 10:12:44 INFO  RMContainerImpl:410 - container_1629281436566_0001_01_000002 Container Transitioned from ACQUIRED to RUNNING
nm_1        | 2021-08-18 10:14:42 INFO  ContainersMonitorImpl:196 - Neither virutal-memory nor physical-memory monitoring is needed. Not running the monitor-thread
scm_1       | 2021-08-18 10:11:05,682 [IPC Server handler 3 on default port 9861] INFO node.SCMNodeManager: Registered Data node : d200b784-336f-4c47-a516-1197e3459b58{ip: 172.21.0.7, host: hadoop27_datanode_3.hadoop27_default, ports: [REPLICATION=9886, RATIS=9858, RATIS_ADMIN=9857, RATIS_SERVER=9856, STANDALONE=9859], networkLocation: /default-rack, certSerialId: null, persistedOpState: null, persistedOpStateExpiryEpochSec: 0}
rm_1        | 2021-08-18 10:12:48 INFO  RMContainerImpl:410 - container_1629281436566_0001_01_000002 Container Transitioned from RUNNING to COMPLETED
nm_1        | 2021-08-18 10:14:42 INFO  AuxServices:196 - Got event CONTAINER_STOP for appId application_1629281436566_0003
scm_1       | 2021-08-18 10:11:05,682 [EventQueue-NewNodeForNewNodeHandler] INFO pipeline.BackgroundPipelineCreator: trigger a one-shot run on RatisPipelineUtilsThread.
rm_1        | 2021-08-18 10:12:48 INFO  FiCaSchedulerApp:113 - Completed container: container_1629281436566_0001_01_000002 in state: COMPLETED event:FINISHED
nm_1        | 2021-08-18 10:14:44 INFO  Server:1316 - Auth successful for appattempt_1629281436566_0003_000001 (auth:SIMPLE)
scm_1       | 2021-08-18 10:11:05,696 [RatisPipelineUtilsThread - 0] INFO pipeline.RatisPipelineProvider: Sending CreatePipelineCommand for pipeline:PipelineID=9cf812f9-3e42-4c66-9d09-9c3f467182f7 to datanode:d200b784-336f-4c47-a516-1197e3459b58
rm_1        | 2021-08-18 10:12:48 INFO  RMAuditLogger:106 - USER=hadoop	OPERATION=AM Released Container	TARGET=SchedulerApp	RESULT=SUCCESS	APPID=application_1629281436566_0001	CONTAINERID=container_1629281436566_0001_01_000002
nm_1        | 2021-08-18 10:14:44 INFO  ContainerManagerImpl:810 - Start request for container_1629281436566_0003_01_000004 by user hadoop
scm_1       | 2021-08-18 10:11:05,699 [RatisPipelineUtilsThread - 0] INFO pipeline.PipelineStateManager: Created pipeline Pipeline[ Id: 9cf812f9-3e42-4c66-9d09-9c3f467182f7, Nodes: d200b784-336f-4c47-a516-1197e3459b58{ip: 172.21.0.7, host: hadoop27_datanode_3.hadoop27_default, ports: [REPLICATION=9886, RATIS=9858, RATIS_ADMIN=9857, RATIS_SERVER=9856, STANDALONE=9859], networkLocation: /default-rack, certSerialId: null, persistedOpState: IN_SERVICE, persistedOpStateExpiryEpochSec: 0}, ReplicationConfig: RATIS/ONE, State:ALLOCATED, leaderId:, CreationTimestamp2021-08-18T10:11:05.696Z[UTC]].
rm_1        | 2021-08-18 10:12:48 INFO  SchedulerNode:216 - Released container container_1629281436566_0001_01_000002 of capacity <memory:4096, vCores:1> on host nm:41055, which currently has 1 containers, <memory:2048, vCores:1> used and <memory:6144, vCores:7> available, release resources=true
nm_1        | 2021-08-18 10:14:44 INFO  NMAuditLogger:89 - USER=hadoop	IP=172.21.0.6	OPERATION=Start Container Request	TARGET=ContainerManageImpl	RESULT=SUCCESS	APPID=application_1629281436566_0003	CONTAINERID=container_1629281436566_0003_01_000004
scm_1       | 2021-08-18 10:11:05,707 [EventQueue-NodeRegistrationContainerReportForDataNodeSafeModeRule] INFO safemode.SCMSafeModeManager: SCM in safe mode. 2 DataNodes registered, 3 required.
rm_1        | 2021-08-18 10:12:48 INFO  LeafQueue:1707 - default used=<memory:2048, vCores:1> numContainers=1 user=hadoop user-resources=<memory:2048, vCores:1>
nm_1        | 2021-08-18 10:14:44 INFO  ApplicationImpl:304 - Adding container_1629281436566_0003_01_000004 to application application_1629281436566_0003
scm_1       | 2021-08-18 10:11:06,463 [IPC Server handler 3 on default port 9861] INFO net.NetworkTopologyImpl: Added a new node: /default-rack/c3514fe4-c59a-41f3-8404-47823000a5fa
