datanode_2_1  | java.io.IOException: 0e99e1b0-220f-42bd-a39f-d4658f80d0e4: Group group-79E0035D853A not found.
datanode_2_1  | 	at org.apache.hadoop.ozone.container.common.transport.server.ratis.XceiverServerRatis.removeGroup(XceiverServerRatis.java:659)
scm_1         | 2020-04-17 18:50:33,851 [main] INFO node.SCMNodeManager: Entering startup safe mode.
datanode_5_1  | 2020-04-17 18:52:35,163 [978c057e-5c38-4e20-8a8b-f271c823af7e@group-79E0035D853A-LeaderElection2] INFO server.RaftServerConfigKeys: raft.server.log.appender.buffer.byte-limit = 33554432 (custom)
datanode_4_1  | 2020-04-17 18:50:46,699 [Command processor thread] INFO commandhandler.CreatePipelineCommandHandler: Created Pipeline RATIS THREE #id: "be26d0dd-802f-4608-9a1c-385ef22ed913"
datanode_6_1  | 2020-04-17 18:50:32,840 [main] INFO server.Server: jetty-9.4.26.v20200117; built: 2020-01-17T12:35:33.676Z; git: 7b38981d25d14afb4a12ff1f2596756144edf695; jvm 11.0.6+10-LTS
datanode_2_1  | 	at org.apache.hadoop.ozone.container.common.statemachine.commandhandler.ClosePipelineCommandHandler.handle(ClosePipelineCommandHandler.java:77)
om_1          | STARTUP_MSG: Starting OzoneManager
scm_1         | 2020-04-17 18:50:34,336 [main] INFO algorithms.ContainerPlacementPolicyFactory: Create container placement policy of type org.apache.hadoop.hdds.scm.container.placement.algorithms.SCMContainerPlacementRackAware
datanode_5_1  | 2020-04-17 18:52:35,163 [978c057e-5c38-4e20-8a8b-f271c823af7e@group-79E0035D853A-LeaderElection2] INFO server.RaftServerConfigKeys: raft.server.log.appender.buffer.element-limit = 1 (custom)
datanode_4_1  | .
datanode_6_1  | 2020-04-17 18:50:33,019 [main] INFO server.session: DefaultSessionIdManager workerName=node0
datanode_2_1  | 	at org.apache.hadoop.ozone.container.common.statemachine.commandhandler.CommandDispatcher.handle(CommandDispatcher.java:99)
om_1          | STARTUP_MSG:   host = f442795e723d/10.5.0.70
scm_1         | 2020-04-17 18:50:34,358 [main] WARN server.ServerUtils: ozone.scm.db.dirs is not configured. We recommend adding this setting. Falling back to ozone.metadata.dirs instead.
datanode_5_1  | 2020-04-17 18:52:35,163 [978c057e-5c38-4e20-8a8b-f271c823af7e@group-79E0035D853A-LeaderElection2] INFO grpc.GrpcConfigKeys: raft.grpc.server.leader.outstanding.appends.max = 128 (default)
datanode_4_1  | 2020-04-17 18:50:46,913 [grpc-default-executor-0] WARN impl.RaftServerProxy: a0acbcec-d753-414c-b077-647d02aaa7fb: Failed groupAdd* GroupManagementRequest:client-463792C5BCB5->a0acbcec-d753-414c-b077-647d02aaa7fb@group-385EF22ED913, cid=1, seq=0, RW, null, Add:group-385EF22ED913:[978c057e-5c38-4e20-8a8b-f271c823af7e:10.5.0.8:9858, a0acbcec-d753-414c-b077-647d02aaa7fb:10.5.0.7:9858, 0e99e1b0-220f-42bd-a39f-d4658f80d0e4:10.5.0.5:9858]
datanode_6_1  | 2020-04-17 18:50:33,026 [main] INFO server.session: No SessionScavenger set, using defaults
datanode_2_1  | 	at org.apache.hadoop.ozone.container.common.statemachine.DatanodeStateMachine.lambda$initCommandHandlerThread$1(DatanodeStateMachine.java:472)
om_1          | STARTUP_MSG:   args = []
scm_1         | 2020-04-17 18:50:34,422 [main] INFO pipeline.SCMPipelineManager: No pipeline exists in current db
datanode_5_1  | 2020-04-17 18:52:35,164 [978c057e-5c38-4e20-8a8b-f271c823af7e@group-79E0035D853A-LeaderElection2] INFO server.RaftServerConfigKeys: raft.server.rpc.request.timeout = 60s (custom)
datanode_4_1  | java.util.concurrent.CompletionException: org.apache.ratis.protocol.AlreadyExistsException: a0acbcec-d753-414c-b077-647d02aaa7fb: Failed to add group-385EF22ED913:[978c057e-5c38-4e20-8a8b-f271c823af7e:10.5.0.8:9858, a0acbcec-d753-414c-b077-647d02aaa7fb:10.5.0.7:9858, 0e99e1b0-220f-42bd-a39f-d4658f80d0e4:10.5.0.5:9858] since the group already exists in the map.
datanode_6_1  | 2020-04-17 18:50:33,037 [main] INFO server.session: node0 Scavenging every 600000ms
datanode_2_1  | 	at java.base/java.lang.Thread.run(Thread.java:834)
om_1          | STARTUP_MSG:   version = 3.2.0
scm_1         | 2020-04-17 18:50:34,429 [main] WARN server.ServerUtils: ozone.scm.db.dirs is not configured. We recommend adding this setting. Falling back to ozone.metadata.dirs instead.
datanode_5_1  | 2020-04-17 18:52:35,164 [978c057e-5c38-4e20-8a8b-f271c823af7e@group-79E0035D853A-LeaderElection2] INFO server.RaftServerConfigKeys: raft.server.log.appender.install.snapshot.enabled = false (custom)
datanode_6_1  | 2020-04-17 18:50:33,104 [main] INFO handler.ContextHandler: Started o.e.j.s.ServletContextHandler@6f76c2cc{logs,/logs,file:///var/log/hadoop/,AVAILABLE}
datanode_4_1  | 	at java.base/java.util.concurrent.CompletableFuture.encodeThrowable(CompletableFuture.java:331)
datanode_2_1  | Caused by: org.apache.ratis.protocol.GroupMismatchException: 0e99e1b0-220f-42bd-a39f-d4658f80d0e4: Group group-79E0035D853A not found.
scm_1         | 2020-04-17 18:50:34,552 [main] INFO safemode.HealthyPipelineSafeModeRule: Total pipeline count is 0, healthy pipeline threshold count is 1
om_1          | STARTUP_MSG:   classpath = /etc/hadoop:/opt/hadoop/share/hadoop/common/*:/opt/hadoop/share/ozone/lib/kerb-simplekdc-1.0.1.jar:/opt/hadoop/share/ozone/lib/jackson-databind-2.10.3.jar:/opt/hadoop/share/ozone/lib/protobuf-java-2.5.0.jar:/opt/hadoop/share/ozone/lib/bcpkix-jdk15on-1.60.jar:/opt/hadoop/share/ozone/lib/commons-validator-1.6.jar:/opt/hadoop/share/ozone/lib/hadoop-hdds-client-0.6.0-SNAPSHOT.jar:/opt/hadoop/share/ozone/lib/ratis-proto-0.6.0-7c5b30d-SNAPSHOT.jar:/opt/hadoop/share/ozone/lib/netty-3.10.5.Final.jar:/opt/hadoop/share/ozone/lib/jaxb-impl-2.3.0.1.jar:/opt/hadoop/share/ozone/lib/netty-all-4.1.47.Final.jar:/opt/hadoop/share/ozone/lib/kerb-core-1.0.1.jar:/opt/hadoop/share/ozone/lib/jsr305-3.0.0.jar:/opt/hadoop/share/ozone/lib/leveldbjni-all-1.8.jar:/opt/hadoop/share/ozone/lib/j2objc-annotations-1.3.jar:/opt/hadoop/share/ozone/lib/jetty-io-9.4.26.v20200117.jar:/opt/hadoop/share/ozone/lib/htrace-core4-4.1.0-incubating.jar:/opt/hadoop/share/ozone/lib/hadoop-annotations-3.2.0.jar:/opt/hadoop/share/ozone/lib/jetty-http-9.4.26.v20200117.jar:/opt/hadoop/share/ozone/lib/kerb-util-1.0.1.jar:/opt/hadoop/share/ozone/lib/jetty-xml-9.4.26.v20200117.jar:/opt/hadoop/share/ozone/lib/jackson-jaxrs-1.9.13.jar:/opt/hadoop/share/ozone/lib/ratis-thirdparty-misc-0.3.0.jar:/opt/hadoop/share/ozone/lib/kerby-xdr-1.0.1.jar:/opt/hadoop/share/ozone/lib/jackson-core-asl-1.9.13.jar:/opt/hadoop/share/ozone/lib/jetty-server-9.4.26.v20200117.jar:/opt/hadoop/share/ozone/lib/commons-net-3.6.jar:/opt/hadoop/share/ozone/lib/log4j-api-2.11.0.jar:/opt/hadoop/share/ozone/lib/hadoop-hdfs-3.2.0.jar:/opt/hadoop/share/ozone/lib/opentracing-api-0.31.0.jar:/opt/hadoop/share/ozone/lib/slf4j-log4j12-1.7.25.jar:/opt/hadoop/share/ozone/lib/hadoop-hdfs-client-3.2.0.jar:/opt/hadoop/share/ozone/lib/kerby-config-1.0.1.jar:/opt/hadoop/share/ozone/lib/hadoop-ozone-client-0.6.0-SNAPSHOT.jar:/opt/hadoop/share/ozone/lib/libthrift-0.12.0.jar:/opt/hadoop/share/ozone/lib/jetty-util-ajax-9.4.26.v20200117.jar:/opt/hadoop/share/ozone/lib/metrics-core-3.2.4.jar:/opt/hadoop/share/ozone/lib/guava-28.2-jre.jar:/opt/hadoop/share/ozone/lib/kerby-pkix-1.0.1.jar:/opt/hadoop/share/ozone/lib/xz-1.0.jar:/opt/hadoop/share/ozone/lib/jetty-servlet-9.4.26.v20200117.jar:/opt/hadoop/share/ozone/lib/jsr311-api-1.1.1.jar:/opt/hadoop/share/ozone/lib/commons-beanutils-1.9.4.jar:/opt/hadoop/share/ozone/lib/rocksdbjni-6.6.4.jar:/opt/hadoop/share/ozone/lib/jetty-security-9.4.26.v20200117.jar:/opt/hadoop/share/ozone/lib/javax.servlet-api-3.1.0.jar:/opt/hadoop/share/ozone/lib/kerb-server-1.0.1.jar:/opt/hadoop/share/ozone/lib/avro-1.7.7.jar:/opt/hadoop/share/ozone/lib/kerb-client-1.0.1.jar:/opt/hadoop/share/ozone/lib/jackson-xc-1.9.13.jar:/opt/hadoop/share/ozone/lib/disruptor-3.4.2.jar:/opt/hadoop/share/ozone/lib/hadoop-hdds-docs-0.6.0-SNAPSHOT.jar:/opt/hadoop/share/ozone/lib/simpleclient_common-0.7.0.jar:/opt/hadoop/share/ozone/lib/dnsjava-2.1.7.jar:/opt/hadoop/share/ozone/lib/jackson-annotations-2.10.3.jar:/opt/hadoop/share/ozone/lib/commons-configuration2-2.1.1.jar:/opt/hadoop/share/ozone/lib/json-smart-2.3.jar:/opt/hadoop/share/ozone/lib/token-provider-1.0.1.jar:/opt/hadoop/share/ozone/lib/log4j-1.2.17.jar:/opt/hadoop/share/ozone/lib/commons-daemon-1.0.13.jar:/opt/hadoop/share/ozone/lib/listenablefuture-9999.0-empty-to-avoid-conflict-with-guava.jar:/opt/hadoop/share/ozone/lib/bcprov-jdk15on-1.60.jar:/opt/hadoop/share/ozone/lib/ratis-grpc-0.6.0-7c5b30d-SNAPSHOT.jar:/opt/hadoop/share/ozone/lib/jetty-webapp-9.4.26.v20200117.jar:/opt/hadoop/share/ozone/lib/commons-lang3-3.7.jar:/opt/hadoop/share/ozone/lib/commons-compress-1.4.1.jar:/opt/hadoop/share/ozone/lib/jaeger-client-0.34.0.jar:/opt/hadoop/share/ozone/lib/accessors-smart-1.2.jar:/opt/hadoop/share/ozone/lib/re2j-1.1.jar:/opt/hadoop/share/ozone/lib/ratis-client-0.6.0-7c5b30d-SNAPSHOT.jar:/opt/hadoop/share/ozone/lib/commons-math3-3.1.1.jar:/opt/hadoop/share/ozone/lib/simpleclient_dropwizard-0.7.0.jar:/opt/hadoop/share/ozone/lib/opentracing-noop-0.31.0.jar:/opt/hadoop/share/ozone/lib/simpleclient-0.7.0.jar:/opt/hadoop/share/ozone/lib/httpclient-4.5.2.jar:/opt/hadoop/share/ozone/lib/jaeger-core-0.34.0.jar:/opt/hadoop/share/ozone/lib/asm-5.0.4.jar:/opt/hadoop/share/ozone/lib/kerby-util-1.0.1.jar:/opt/hadoop/share/ozone/lib/failureaccess-1.0.1.jar:/opt/hadoop/share/ozone/lib/jackson-mapper-asl-1.9.13.jar:/opt/hadoop/share/ozone/lib/jsp-api-2.1.jar:/opt/hadoop/share/ozone/lib/jsch-0.1.54.jar:/opt/hadoop/share/ozone/lib/opentracing-tracerresolver-0.1.5.jar:/opt/hadoop/share/ozone/lib/ratis-metrics-0.6.0-7c5b30d-SNAPSHOT.jar:/opt/hadoop/share/ozone/lib/ratis-common-0.6.0-7c5b30d-SNAPSHOT.jar:/opt/hadoop/share/ozone/lib/paranamer-2.3.jar:/opt/hadoop/share/ozone/lib/log4j-core-2.11.0.jar:/opt/hadoop/share/ozone/lib/nimbus-jose-jwt-7.9.jar:/opt/hadoop/share/ozone/lib/commons-codec-1.11.jar:/opt/hadoop/share/ozone/lib/commons-pool2-2.6.0.jar:/opt/hadoop/share/ozone/lib/jackson-datatype-jsr310-2.10.3.jar:/opt/hadoop/share/ozone/lib/gson-2.2.4.jar:/opt/hadoop/share/ozone/lib/jcip-annotations-1.0-1.jar:/opt/hadoop/share/ozone/lib/kerb-admin-1.0.1.jar:/opt/hadoop/share/ozone/lib/okio-1.13.0.jar:/opt/hadoop/share/ozone/lib/commons-io-2.5.jar:/opt/hadoop/share/ozone/lib/snakeyaml-1.16.jar:/opt/hadoop/share/ozone/lib/jetty-util-9.4.26.v20200117.jar:/opt/hadoop/share/ozone/lib/hadoop-hdds-hadoop-dependency-client-0.6.0-SNAPSHOT.jar:/opt/hadoop/share/ozone/lib/jersey-core-1.19.jar:/opt/hadoop/share/ozone/lib/checker-qual-2.10.0.jar:/opt/hadoop/share/ozone/lib/ratis-server-0.6.0-7c5b30d-SNAPSHOT.jar:/opt/hadoop/share/ozone/lib/hadoop-hdds-server-framework-0.6.0-SNAPSHOT.jar:/opt/hadoop/share/ozone/lib/error_prone_annotations-2.3.4.jar:/opt/hadoop/share/ozone/lib/picocli-3.9.6.jar:/opt/hadoop/share/ozone/lib/jaeger-thrift-0.34.0.jar:/opt/hadoop/share/ozone/lib/hadoop-hdds-common-0.6.0-SNAPSHOT.jar:/opt/hadoop/share/ozone/lib/commons-cli-1.2.jar:/opt/hadoop/share/ozone/lib/woodstox-core-5.0.3.jar:/opt/hadoop/share/ozone/lib/javax.annotation-api-1.2.jar:/opt/hadoop/share/ozone/lib/snappy-java-1.0.5.jar:/opt/hadoop/share/ozone/lib/hadoop-ozone-common-0.6.0-SNAPSHOT.jar:/opt/hadoop/share/ozone/lib/jaeger-tracerresolver-0.34.0.jar:/opt/hadoop/share/ozone/lib/kerby-asn1-1.0.1.jar:/opt/hadoop/share/ozone/lib/okhttp-3.9.0.jar:/opt/hadoop/share/ozone/lib/hadoop-hdds-config-0.6.0-SNAPSHOT.jar:/opt/hadoop/share/ozone/lib/stax2-api-3.1.4.jar:/opt/hadoop/share/ozone/lib/commons-digester-1.8.1.jar:/opt/hadoop/share/ozone/lib/commons-collections-3.2.2.jar:/opt/hadoop/share/ozone/lib/jettison-1.1.jar:/opt/hadoop/share/ozone/lib/jackson-core-2.10.3.jar:/opt/hadoop/share/ozone/lib/commons-text-1.4.jar:/opt/hadoop/share/ozone/lib/jersey-servlet-1.19.jar:/opt/hadoop/share/ozone/lib/jersey-json-1.19.jar:/opt/hadoop/share/ozone/lib/slf4j-api-1.7.25.jar:/opt/hadoop/share/ozone/lib/commons-logging-1.1.3.jar:/opt/hadoop/share/ozone/lib/kerb-identity-1.0.1.jar:/opt/hadoop/share/ozone/lib/opentracing-util-0.31.0.jar:/opt/hadoop/share/ozone/lib/hadoop-hdds-hadoop-dependency-server-0.6.0-SNAPSHOT.jar:/opt/hadoop/share/ozone/lib/hadoop-common-3.2.0.jar:/opt/hadoop/share/ozone/lib/hadoop-auth-3.2.0.jar:/opt/hadoop/share/ozone/lib/kerb-common-1.0.1.jar:/opt/hadoop/share/ozone/lib/jersey-server-1.19.jar:/opt/hadoop/share/ozone/lib/kerb-crypto-1.0.1.jar:/opt/hadoop/share/ozone/lib/httpcore-4.4.4.jar:/opt/hadoop/share/ozone/lib/ratis-netty-0.6.0-7c5b30d-SNAPSHOT.jar:/opt/hadoop/share/ozone/web:/opt/hadoop/share/ozone/lib/hadoop-ozone-ozone-manager-0.6.0-SNAPSHOT.jar
om_1          | STARTUP_MSG:   build = https://github.com/apache/hadoop.git -r e97acb3bd8f3befd27418996fa5d4b50bf2e17bf; compiled by 'sunilg' on 2019-01-15T17:34Z
datanode_6_1  | 2020-04-17 18:50:33,114 [main] INFO handler.ContextHandler: Started o.e.j.s.ServletContextHandler@441b8382{static,/static,jar:file:/opt/hadoop/share/ozone/lib/hadoop-hdds-container-service-0.6.0-SNAPSHOT.jar!/webapps/static,AVAILABLE}
datanode_4_1  | 	at java.base/java.util.concurrent.CompletableFuture.uniApplyNow(CompletableFuture.java:670)
datanode_2_1  | 	at org.apache.ratis.server.impl.RaftServerProxy.groupRemoveAsync(RaftServerProxy.java:404)
scm_1         | 2020-04-17 18:50:34,559 [main] INFO safemode.OneReplicaPipelineSafeModeRule: Total pipeline count is 0, pipeline's with at least one datanode reported threshold count is 0
datanode_5_1  | 2020-04-17 18:52:35,165 [978c057e-5c38-4e20-8a8b-f271c823af7e@group-79E0035D853A-LeaderElection2] INFO impl.RoleInfo: 978c057e-5c38-4e20-8a8b-f271c823af7e: start LeaderState
om_1          | STARTUP_MSG:   java = 11.0.6
datanode_6_1  | 2020-04-17 18:50:33,546 [main] INFO handler.ContextHandler: Started o.e.j.w.WebAppContext@7c011174{hddsDatanode,/,file:///tmp/jetty-0_0_0_0-9882-hadoop-hdds-container-service-0_6_0-SNAPSHOT_jar-_-any-2902145045453394679.dir/webapp/,AVAILABLE}{jar:file:/opt/hadoop/share/ozone/lib/hadoop-hdds-container-service-0.6.0-SNAPSHOT.jar!/webapps/hddsDatanode}
datanode_4_1  | 	at java.base/java.util.concurrent.CompletableFuture.uniApplyStage(CompletableFuture.java:658)
datanode_2_1  | 	at org.apache.ratis.server.impl.RaftServerProxy.groupManagementAsync(RaftServerProxy.java:367)
scm_1         | 2020-04-17 18:50:34,632 [RatisPipelineUtilsThread] ERROR pipeline.SCMPipelineManager: Failed to create pipeline of type RATIS and factor ONE. Exception: Cannot create pipeline of factor 1 using 0 nodes. Used 0 nodes. Healthy nodes 0
datanode_5_1  | 2020-04-17 18:52:35,169 [978c057e-5c38-4e20-8a8b-f271c823af7e@group-79E0035D853A-LeaderElection2] INFO segmented.SegmentedRaftLogWorker: 978c057e-5c38-4e20-8a8b-f271c823af7e@group-79E0035D853A-SegmentedRaftLogWorker: Starting segment from index:0
om_1          | ************************************************************/
datanode_6_1  | 2020-04-17 18:50:33,600 [main] INFO server.AbstractConnector: Started ServerConnector@1491344a{HTTP/1.1,[http/1.1]}{0.0.0.0:9882}
datanode_4_1  | 	at java.base/java.util.concurrent.CompletableFuture.thenApplyAsync(CompletableFuture.java:2104)
datanode_2_1  | 	at org.apache.ratis.server.impl.RaftServerProxy.groupManagement(RaftServerProxy.java:350)
scm_1         | 2020-04-17 18:50:35,436 [main] INFO ipc.CallQueueManager: Using callQueue: class java.util.concurrent.LinkedBlockingQueue, queueCapacity: 10000, scheduler: class org.apache.hadoop.ipc.DefaultRpcScheduler, ipcBackoff: false.
datanode_5_1  | 2020-04-17 18:52:35,171 [978c057e-5c38-4e20-8a8b-f271c823af7e@group-79E0035D853A-SegmentedRaftLogWorker] INFO segmented.SegmentedRaftLogWorker: 978c057e-5c38-4e20-8a8b-f271c823af7e@group-79E0035D853A-SegmentedRaftLogWorker: created new log segment /data/metadata/ratis/cad403d1-ea2f-4530-84e5-79e0035d853a/current/log_inprogress_0
om_1          | 2020-04-17 18:50:39,900 [main] INFO om.OzoneManagerStarter: registered UNIX signal handlers for [TERM, HUP, INT]
datanode_6_1  | 2020-04-17 18:50:33,602 [main] INFO server.Server: Started @22591ms
datanode_4_1  | 	at org.apache.ratis.server.impl.RaftServerProxy.groupAddAsync(RaftServerProxy.java:379)
datanode_2_1  | 	at org.apache.hadoop.ozone.container.common.transport.server.ratis.XceiverServerRatis.removeGroup(XceiverServerRatis.java:657)
scm_1         | 2020-04-17 18:50:35,460 [Socket Reader #1 for port 9861] INFO ipc.Server: Starting Socket Reader #1 for port 9861
datanode_5_1  | 2020-04-17 18:52:35,175 [978c057e-5c38-4e20-8a8b-f271c823af7e@group-79E0035D853A-LeaderElection2] INFO impl.RaftServerImpl: 978c057e-5c38-4e20-8a8b-f271c823af7e@group-79E0035D853A: set configuration 0: [978c057e-5c38-4e20-8a8b-f271c823af7e:10.5.0.8:9858, a0acbcec-d753-414c-b077-647d02aaa7fb:10.5.0.7:9858, 0e99e1b0-220f-42bd-a39f-d4658f80d0e4:10.5.0.5:9858], old=null at 0
om_1          | 2020-04-17 18:50:42,434 [main] INFO ha.OMHANodeDetails: ozone.om.internal.service.id is not defined, falling back to ozone.om.service.ids to find serviceID for OzoneManager if it is HA enabled cluster
datanode_6_1  | 2020-04-17 18:50:33,622 [main] INFO impl.MetricsSinkAdapter: Sink prometheus started
datanode_4_1  | 	at org.apache.ratis.server.impl.RaftServerProxy.groupManagementAsync(RaftServerProxy.java:363)
datanode_2_1  | 	... 4 more
scm_1         | 2020-04-17 18:50:35,526 [main] INFO ipc.CallQueueManager: Using callQueue: class java.util.concurrent.LinkedBlockingQueue, queueCapacity: 10000, scheduler: class org.apache.hadoop.ipc.DefaultRpcScheduler, ipcBackoff: false.
datanode_5_1  | 2020-04-17 18:52:37,620 [ChunkWriter-57-0] INFO keyvalue.KeyValueHandler: Operation: CreateContainer , Trace ID: dbf2e28874f8e582:fd88223a75928210:dbf2e28874f8e582:0 , Message: Container creation failed, due to disk out of space , Result: DISK_OUT_OF_SPACE , StorageContainerException Occurred.
om_1          | 2020-04-17 18:50:42,800 [main] INFO ha.OMHANodeDetails: Configuration either no ozone.om.address set. Falling back to the default OM address om/10.5.0.70:9862
datanode_6_1  | 2020-04-17 18:50:33,622 [main] INFO impl.MetricsSystemImpl: Registered sink prometheus
datanode_4_1  | 	at org.apache.ratis.grpc.server.GrpcAdminProtocolService.lambda$groupManagement$0(GrpcAdminProtocolService.java:42)
datanode_2_1  | 2020-04-17 18:54:08,664 [Command processor thread] INFO impl.RaftServerProxy: 0e99e1b0-220f-42bd-a39f-d4658f80d0e4: remove group-79E0035D853A:null
scm_1         | 2020-04-17 18:50:35,527 [Socket Reader #1 for port 9863] INFO ipc.Server: Starting Socket Reader #1 for port 9863
datanode_5_1  | org.apache.hadoop.hdds.scm.container.common.helpers.StorageContainerException: Container creation failed, due to disk out of space
om_1          | 2020-04-17 18:50:42,815 [main] INFO ha.OMHANodeDetails: OM Service ID is not set. Setting it to the default ID: omServiceIdDefault
datanode_6_1  | 2020-04-17 18:50:33,632 [main] INFO http.BaseHttpServer: HTTP server of hddsDatanode listening at http://0.0.0.0:9882
datanode_4_1  | 	at org.apache.ratis.grpc.GrpcUtil.asyncCall(GrpcUtil.java:160)
datanode_2_1  | 2020-04-17 18:54:08,664 [Command processor thread] ERROR commandhandler.ClosePipelineCommandHandler: Can't close pipeline #id: "cad403d1-ea2f-4530-84e5-79e0035d853a"
scm_1         | 2020-04-17 18:50:35,546 [main] INFO ipc.CallQueueManager: Using callQueue: class java.util.concurrent.LinkedBlockingQueue, queueCapacity: 10000, scheduler: class org.apache.hadoop.ipc.DefaultRpcScheduler, ipcBackoff: false.
datanode_5_1  | 	at org.apache.hadoop.ozone.container.keyvalue.KeyValueContainer.create(KeyValueContainer.java:165)
om_1          | 2020-04-17 18:50:42,847 [main] WARN server.ServerUtils: ozone.om.db.dirs is not configured. We recommend adding this setting. Falling back to ozone.metadata.dirs instead.
datanode_6_1  | 2020-04-17 18:50:33,768 [org.apache.hadoop.util.JvmPauseMonitor$Monitor@1964658e] INFO util.JvmPauseMonitor: Starting JVM pause monitor
datanode_4_1  | 	at org.apache.ratis.grpc.server.GrpcAdminProtocolService.groupManagement(GrpcAdminProtocolService.java:42)
datanode_2_1  | 
scm_1         | 2020-04-17 18:50:35,547 [Socket Reader #1 for port 9860] INFO ipc.Server: Starting Socket Reader #1 for port 9860
om_1          | 2020-04-17 18:50:43,627 [main] WARN server.ServerUtils: ozone.om.db.dirs is not configured. We recommend adding this setting. Falling back to ozone.metadata.dirs instead.
datanode_4_1  | 	at org.apache.ratis.proto.grpc.AdminProtocolServiceGrpc$MethodHandlers.invoke(AdminProtocolServiceGrpc.java:358)
datanode_2_1  | java.io.IOException: 0e99e1b0-220f-42bd-a39f-d4658f80d0e4: Group group-79E0035D853A not found.
scm_1         | 2020-04-17 18:50:35,571 [main] INFO http.BaseHttpServer: Starting Web-server for scm at: http://0.0.0.0:9876
datanode_5_1  | 	at org.apache.hadoop.ozone.container.keyvalue.KeyValueHandler.handleCreateContainer(KeyValueHandler.java:247)
datanode_6_1  | 2020-04-17 18:50:34,289 [Datanode State Machine Thread - 0] INFO datanode.InitDatanodeState: DatanodeDetails is persisted to /data/datanode.id
om_1          | 2020-04-17 18:50:47,518 [main] WARN server.ServerUtils: ozone.om.db.dirs is not configured. We recommend adding this setting. Falling back to ozone.metadata.dirs instead.
datanode_4_1  | 	at org.apache.ratis.thirdparty.io.grpc.stub.ServerCalls$UnaryServerCallHandler$UnaryServerCallListener.onHalfClose(ServerCalls.java:172)
datanode_2_1  | 	at org.apache.hadoop.ozone.container.common.transport.server.ratis.XceiverServerRatis.removeGroup(XceiverServerRatis.java:659)
scm_1         | 2020-04-17 18:50:35,590 [main] INFO util.log: Logging initialized @17646ms to org.eclipse.jetty.util.log.Slf4jLog
datanode_5_1  | 	at org.apache.hadoop.ozone.container.keyvalue.KeyValueHandler.dispatchRequest(KeyValueHandler.java:164)
datanode_6_1  | 2020-04-17 18:50:36,765 [Datanode State Machine Thread - 0] INFO ozoneimpl.OzoneContainer: Attempting to start container services.
om_1          | 2020-04-17 18:50:48,690 [main] INFO ipc.CallQueueManager: Using callQueue: class java.util.concurrent.LinkedBlockingQueue, queueCapacity: 10000, scheduler: class org.apache.hadoop.ipc.DefaultRpcScheduler, ipcBackoff: false.
datanode_4_1  | 	at org.apache.ratis.thirdparty.io.grpc.internal.ServerCallImpl$ServerStreamListenerImpl.halfClosed(ServerCallImpl.java:331)
datanode_2_1  | 	at org.apache.hadoop.ozone.container.common.statemachine.commandhandler.ClosePipelineCommandHandler.handle(ClosePipelineCommandHandler.java:77)
scm_1         | 2020-04-17 18:50:35,783 [main] INFO server.AuthenticationFilter: Unable to initialize FileSignerSecretProvider, falling back to use random secrets.
datanode_5_1  | 	at org.apache.hadoop.ozone.container.keyvalue.KeyValueHandler.handle(KeyValueHandler.java:152)
datanode_6_1  | 2020-04-17 18:50:36,766 [Datanode State Machine Thread - 0] INFO ozoneimpl.OzoneContainer: Background container scanner has been disabled.
om_1          | 2020-04-17 18:50:48,740 [Socket Reader #1 for port 9862] INFO ipc.Server: Starting Socket Reader #1 for port 9862
datanode_4_1  | 	at org.apache.ratis.thirdparty.io.grpc.internal.ServerImpl$JumpToApplicationThreadServerStreamListener$1HalfClosed.runInContext(ServerImpl.java:814)
datanode_2_1  | 	at org.apache.hadoop.ozone.container.common.statemachine.commandhandler.CommandDispatcher.handle(CommandDispatcher.java:99)
scm_1         | 2020-04-17 18:50:35,809 [main] INFO http.HttpRequestLog: Http request log for http.requests.scm is not defined
datanode_5_1  | 	at org.apache.hadoop.ozone.container.common.impl.HddsDispatcher.createContainer(HddsDispatcher.java:414)
datanode_6_1  | 2020-04-17 18:50:36,766 [Datanode State Machine Thread - 0] INFO ratis.XceiverServerRatis: Starting XceiverServerRatis 79669a1f-2445-496e-a337-3115205f3ae5 at port 9858
om_1          | 2020-04-17 18:50:49,217 [main] INFO impl.MetricsConfig: Loaded properties from hadoop-metrics2.properties
datanode_4_1  | 	at org.apache.ratis.thirdparty.io.grpc.internal.ContextRunnable.run(ContextRunnable.java:37)
datanode_2_1  | 	at org.apache.hadoop.ozone.container.common.statemachine.DatanodeStateMachine.lambda$initCommandHandlerThread$1(DatanodeStateMachine.java:472)
scm_1         | 2020-04-17 18:50:35,822 [main] INFO http.HttpServer2: Added global filter 'safety' (class=org.apache.hadoop.hdds.server.http.HttpServer2$QuotingInputFilter)
scm_1         | 2020-04-17 18:50:35,824 [main] INFO http.HttpServer2: Added filter static_user_filter (class=org.apache.hadoop.hdds.server.http.StaticUserWebFilter$StaticUserFilter) to context scm
datanode_6_1  | 2020-04-17 18:50:36,885 [Datanode State Machine Thread - 0] INFO impl.RaftServerProxy: 79669a1f-2445-496e-a337-3115205f3ae5: start RPC server
om_1          | 2020-04-17 18:50:49,388 [main] INFO impl.MetricsSystemImpl: Scheduled Metric snapshot period at 10 second(s).
datanode_4_1  | 	at org.apache.ratis.thirdparty.io.grpc.internal.SerializingExecutor.run(SerializingExecutor.java:123)
datanode_2_1  | 	at java.base/java.lang.Thread.run(Thread.java:834)
scm_1         | 2020-04-17 18:50:35,824 [main] INFO http.HttpServer2: Added filter static_user_filter (class=org.apache.hadoop.hdds.server.http.StaticUserWebFilter$StaticUserFilter) to context static
datanode_5_1  | 	at org.apache.hadoop.ozone.container.common.impl.HddsDispatcher.dispatchRequest(HddsDispatcher.java:250)
datanode_6_1  | 2020-04-17 18:50:37,167 [Datanode State Machine Thread - 0] INFO server.GrpcService: 79669a1f-2445-496e-a337-3115205f3ae5: GrpcService started, listening on 0.0.0.0/0.0.0.0:9858
om_1          | 2020-04-17 18:50:49,389 [main] INFO impl.MetricsSystemImpl: OzoneManager metrics system started
datanode_4_1  | 	at java.base/java.util.concurrent.ThreadPoolExecutor.runWorker(ThreadPoolExecutor.java:1128)
datanode_2_1  | Caused by: org.apache.ratis.protocol.GroupMismatchException: 0e99e1b0-220f-42bd-a39f-d4658f80d0e4: Group group-79E0035D853A not found.
scm_1         | 2020-04-17 18:50:35,824 [main] INFO http.HttpServer2: Added filter static_user_filter (class=org.apache.hadoop.hdds.server.http.StaticUserWebFilter$StaticUserFilter) to context logs
datanode_5_1  | 	at org.apache.hadoop.ozone.container.common.impl.HddsDispatcher.dispatch(HddsDispatcher.java:162)
datanode_6_1  | 2020-04-17 18:50:40,808 [Command processor thread] INFO impl.RaftServerProxy: 79669a1f-2445-496e-a337-3115205f3ae5: addNew group-E8C5921C502F:[79669a1f-2445-496e-a337-3115205f3ae5:10.5.0.9:9858] returns group-E8C5921C502F:java.util.concurrent.CompletableFuture@23415121[Not completed]
om_1          | 2020-04-17 18:50:49,514 [main] INFO om.OzoneManager: OzoneManager RPC server is listening at om/10.5.0.70:9862
datanode_4_1  | 	at java.base/java.util.concurrent.ThreadPoolExecutor$Worker.run(ThreadPoolExecutor.java:628)
datanode_2_1  | 	at org.apache.ratis.server.impl.RaftServerProxy.groupRemoveAsync(RaftServerProxy.java:404)
scm_1         | 2020-04-17 18:50:35,852 [main] WARN http.BaseHttpServer: /prof java profiling servlet is activated. Not safe for production!
datanode_5_1  | 	at org.apache.hadoop.ozone.container.common.transport.server.ratis.ContainerStateMachine.dispatchCommand(ContainerStateMachine.java:402)
datanode_6_1  | 2020-04-17 18:50:40,908 [pool-69-thread-1] INFO impl.RaftServerImpl: 79669a1f-2445-496e-a337-3115205f3ae5: new RaftServerImpl for group-E8C5921C502F:[79669a1f-2445-496e-a337-3115205f3ae5:10.5.0.9:9858] with ContainerStateMachine:uninitialized
om_1          | 2020-04-17 18:50:49,542 [IPC Server Responder] INFO ipc.Server: IPC Server Responder: starting
datanode_4_1  | 	at java.base/java.lang.Thread.run(Thread.java:834)
datanode_2_1  | 	at org.apache.ratis.server.impl.RaftServerProxy.groupManagementAsync(RaftServerProxy.java:367)
datanode_2_1  | 	at org.apache.ratis.server.impl.RaftServerProxy.groupManagement(RaftServerProxy.java:350)
datanode_5_1  | 	at org.apache.hadoop.ozone.container.common.transport.server.ratis.ContainerStateMachine.runCommand(ContainerStateMachine.java:412)
datanode_6_1  | 2020-04-17 18:50:40,910 [pool-69-thread-1] INFO server.RaftServerConfigKeys: raft.server.rpc.timeout.min = 5s (custom)
om_1          | 2020-04-17 18:50:49,543 [IPC Server listener on 9862] INFO ipc.Server: IPC Server listener on 9862: starting
datanode_4_1  | Caused by: org.apache.ratis.protocol.AlreadyExistsException: a0acbcec-d753-414c-b077-647d02aaa7fb: Failed to add group-385EF22ED913:[978c057e-5c38-4e20-8a8b-f271c823af7e:10.5.0.8:9858, a0acbcec-d753-414c-b077-647d02aaa7fb:10.5.0.7:9858, 0e99e1b0-220f-42bd-a39f-d4658f80d0e4:10.5.0.5:9858] since the group already exists in the map.
datanode_2_1  | 	at org.apache.hadoop.ozone.container.common.transport.server.ratis.XceiverServerRatis.removeGroup(XceiverServerRatis.java:657)
scm_1         | 2020-04-17 18:50:35,867 [main] INFO server.StorageContainerManager: StorageContainerLocationProtocol RPC server is listening at /0.0.0.0:9860
datanode_5_1  | 	at org.apache.hadoop.ozone.container.common.transport.server.ratis.ContainerStateMachine.lambda$handleWriteChunk$2(ContainerStateMachine.java:447)
datanode_6_1  | 2020-04-17 18:50:40,916 [pool-69-thread-1] INFO server.RaftServerConfigKeys: raft.server.rpc.timeout.max = 5200ms (custom)
datanode_6_1  | 2020-04-17 18:50:40,919 [pool-69-thread-1] INFO server.RaftServerConfigKeys: raft.server.rpcslowness.timeout = 300s (custom)
datanode_4_1  | 	at org.apache.ratis.server.impl.RaftServerProxy$ImplMap.addNew(RaftServerProxy.java:83)
datanode_2_1  | 	... 4 more
datanode_5_1  | 	at java.base/java.util.concurrent.CompletableFuture$AsyncSupply.run(CompletableFuture.java:1700)
datanode_6_1  | 2020-04-17 18:50:40,923 [pool-69-thread-1] INFO server.RaftServerConfigKeys: raft.server.sleep.deviation.threshold = 300 (default)
scm_1         | 2020-04-17 18:50:35,931 [main] INFO impl.MetricsConfig: Loaded properties from hadoop-metrics2.properties
om_1          | 2020-04-17 18:50:49,783 [main] INFO http.BaseHttpServer: Starting Web-server for ozoneManager at: http://0.0.0.0:9874
datanode_4_1  | 	at org.apache.ratis.server.impl.RaftServerProxy.groupAddAsync(RaftServerProxy.java:378)
datanode_2_1  | 2020-04-17 18:54:08,664 [Command processor thread] INFO impl.RaftServerProxy: 0e99e1b0-220f-42bd-a39f-d4658f80d0e4: remove group-79E0035D853A:null
datanode_5_1  | 	at java.base/java.util.concurrent.ThreadPoolExecutor.runWorker(ThreadPoolExecutor.java:1128)
datanode_6_1  | 2020-04-17 18:50:40,924 [pool-69-thread-1] INFO server.RaftServerConfigKeys: raft.server.log.appender.install.snapshot.enabled = false (custom)
scm_1         | 2020-04-17 18:50:35,962 [main] INFO impl.MetricsSystemImpl: Scheduled Metric snapshot period at 10 second(s).
om_1          | 2020-04-17 18:50:49,827 [main] INFO util.log: Logging initialized @11124ms to org.eclipse.jetty.util.log.Slf4jLog
datanode_4_1  | 	... 13 more
datanode_2_1  | 2020-04-17 18:54:08,665 [Command processor thread] ERROR commandhandler.ClosePipelineCommandHandler: Can't close pipeline #id: "cad403d1-ea2f-4530-84e5-79e0035d853a"
datanode_5_1  | 	at java.base/java.util.concurrent.ThreadPoolExecutor$Worker.run(ThreadPoolExecutor.java:628)
datanode_6_1  | 2020-04-17 18:50:40,938 [pool-69-thread-1] INFO impl.RaftServerImpl: 79669a1f-2445-496e-a337-3115205f3ae5@group-E8C5921C502F: ConfigurationManager, init=-1: [79669a1f-2445-496e-a337-3115205f3ae5:10.5.0.9:9858], old=null, confs=<EMPTY_MAP>
scm_1         | 2020-04-17 18:50:35,962 [main] INFO impl.MetricsSystemImpl: StorageContainerManager metrics system started
om_1          | 2020-04-17 18:50:50,104 [main] INFO server.AuthenticationFilter: Unable to initialize FileSignerSecretProvider, falling back to use random secrets.
datanode_4_1  | 2020-04-17 18:50:47,434 [Thread-24] INFO impl.FollowerState: a0acbcec-d753-414c-b077-647d02aaa7fb@group-51477CB1F421-FollowerState: change to CANDIDATE, lastRpcTime:5078ms, electionTimeout:5075ms
datanode_2_1  | 
datanode_5_1  | 	at java.base/java.lang.Thread.run(Thread.java:834)
datanode_6_1  | 2020-04-17 18:50:40,957 [pool-69-thread-1] INFO server.RaftServerConfigKeys: raft.server.storage.dir = [/data/metadata/ratis] (custom)
scm_1         | 2020-04-17 18:50:36,150 [main] INFO server.SCMClientProtocolServer: RPC server for Client  is listening at /0.0.0.0:9860
om_1          | 2020-04-17 18:50:50,123 [main] INFO http.HttpRequestLog: Http request log for http.requests.ozoneManager is not defined
datanode_4_1  | 2020-04-17 18:50:47,436 [Thread-24] INFO impl.RoleInfo: a0acbcec-d753-414c-b077-647d02aaa7fb: shutdown FollowerState
datanode_2_1  | java.io.IOException: 0e99e1b0-220f-42bd-a39f-d4658f80d0e4: Group group-79E0035D853A not found.
datanode_5_1  | Caused by: org.apache.hadoop.util.DiskChecker$DiskOutOfSpaceException: Out of space: The volume with the most available space (=965193728 B) is less than the container size (=1073741824 B).
datanode_6_1  | 2020-04-17 18:50:40,991 [pool-69-thread-1] INFO server.RaftServerConfigKeys: raft.server.log.corruption.policy = EXCEPTION (default)
scm_1         | 2020-04-17 18:50:36,150 [IPC Server Responder] INFO ipc.Server: IPC Server Responder: starting
om_1          | 2020-04-17 18:50:50,144 [main] INFO http.HttpServer2: Added global filter 'safety' (class=org.apache.hadoop.hdds.server.http.HttpServer2$QuotingInputFilter)
datanode_4_1  | 2020-04-17 18:50:47,436 [Thread-24] INFO impl.RaftServerImpl: a0acbcec-d753-414c-b077-647d02aaa7fb@group-51477CB1F421: changes role from  FOLLOWER to CANDIDATE at term 0 for changeToCandidate
datanode_2_1  | 	at org.apache.hadoop.ozone.container.common.transport.server.ratis.XceiverServerRatis.removeGroup(XceiverServerRatis.java:659)
datanode_5_1  | 	at org.apache.hadoop.ozone.container.common.volume.RoundRobinVolumeChoosingPolicy.chooseVolume(RoundRobinVolumeChoosingPolicy.java:77)
datanode_6_1  | 2020-04-17 18:50:40,993 [pool-69-thread-1] INFO storage.RaftStorageDirectory: The storage directory /data/metadata/ratis/475144cc-6599-45a9-b1c7-e8c5921c502f does not exist. Creating ...
scm_1         | 2020-04-17 18:50:36,155 [IPC Server listener on 9860] INFO ipc.Server: IPC Server listener on 9860: starting
om_1          | 2020-04-17 18:50:50,146 [main] INFO http.HttpServer2: Added filter static_user_filter (class=org.apache.hadoop.hdds.server.http.StaticUserWebFilter$StaticUserFilter) to context ozoneManager
datanode_4_1  | 2020-04-17 18:50:47,443 [Thread-24] INFO impl.RoleInfo: a0acbcec-d753-414c-b077-647d02aaa7fb: start LeaderElection
datanode_2_1  | 	at org.apache.hadoop.ozone.container.common.statemachine.commandhandler.ClosePipelineCommandHandler.handle(ClosePipelineCommandHandler.java:77)
datanode_5_1  | 	at org.apache.hadoop.ozone.container.keyvalue.KeyValueContainer.create(KeyValueContainer.java:124)
datanode_6_1  | 2020-04-17 18:50:41,010 [pool-69-thread-1] INFO storage.RaftStorageDirectory: Lock on /data/metadata/ratis/475144cc-6599-45a9-b1c7-e8c5921c502f/in_use.lock acquired by nodename 6@9608d796128b
scm_1         | 2020-04-17 18:50:36,247 [main] INFO server.StorageContainerManager: ScmBlockLocationProtocol RPC server is listening at /0.0.0.0:9863
om_1          | 2020-04-17 18:50:50,147 [main] INFO http.HttpServer2: Added filter static_user_filter (class=org.apache.hadoop.hdds.server.http.StaticUserWebFilter$StaticUserFilter) to context logs
datanode_4_1  | 2020-04-17 18:50:47,488 [a0acbcec-d753-414c-b077-647d02aaa7fb@group-51477CB1F421-LeaderElection1] INFO impl.LeaderElection: a0acbcec-d753-414c-b077-647d02aaa7fb@group-51477CB1F421-LeaderElection1: begin an election at term 1 for -1: [a0acbcec-d753-414c-b077-647d02aaa7fb:10.5.0.7:9858], old=null
datanode_2_1  | 	at org.apache.hadoop.ozone.container.common.statemachine.commandhandler.CommandDispatcher.handle(CommandDispatcher.java:99)
datanode_5_1  | 	... 13 more
datanode_6_1  | 2020-04-17 18:50:41,014 [pool-69-thread-1] INFO storage.RaftStorage: Storage directory /data/metadata/ratis/475144cc-6599-45a9-b1c7-e8c5921c502f has been successfully formatted.
scm_1         | 2020-04-17 18:50:36,252 [main] INFO server.SCMBlockProtocolServer: RPC server for Block Protocol is listening at /0.0.0.0:9863
om_1          | 2020-04-17 18:50:50,147 [main] INFO http.HttpServer2: Added filter static_user_filter (class=org.apache.hadoop.hdds.server.http.StaticUserWebFilter$StaticUserFilter) to context static
datanode_4_1  | 2020-04-17 18:50:47,490 [a0acbcec-d753-414c-b077-647d02aaa7fb@group-51477CB1F421-LeaderElection1] INFO impl.RoleInfo: a0acbcec-d753-414c-b077-647d02aaa7fb: shutdown LeaderElection
datanode_2_1  | 	at org.apache.hadoop.ozone.container.common.statemachine.DatanodeStateMachine.lambda$initCommandHandlerThread$1(DatanodeStateMachine.java:472)
datanode_5_1  | 2020-04-17 18:52:37,621 [ChunkWriter-57-0] INFO impl.HddsDispatcher: Operation: WriteChunk , Trace ID: dbf2e28874f8e582:fd88223a75928210:dbf2e28874f8e582:0 , Message: ContainerID 3 creation failed , Result: DISK_OUT_OF_SPACE , StorageContainerException Occurred.
datanode_6_1  | 2020-04-17 18:50:41,030 [pool-69-thread-1] INFO ratis.ContainerStateMachine: group-E8C5921C502F: The snapshot info is null. Setting the last applied indexto:(t:0, i:~)
scm_1         | 2020-04-17 18:50:36,266 [IPC Server Responder] INFO ipc.Server: IPC Server Responder: starting
datanode_4_1  | 2020-04-17 18:50:47,490 [a0acbcec-d753-414c-b077-647d02aaa7fb@group-51477CB1F421-LeaderElection1] INFO impl.RaftServerImpl: a0acbcec-d753-414c-b077-647d02aaa7fb@group-51477CB1F421: changes role from CANDIDATE to LEADER at term 1 for changeToLeader
om_1          | 2020-04-17 18:50:50,214 [main] WARN http.BaseHttpServer: /prof java profiling servlet is activated. Not safe for production!
datanode_2_1  | 	at java.base/java.lang.Thread.run(Thread.java:834)
datanode_5_1  | org.apache.hadoop.hdds.scm.container.common.helpers.StorageContainerException: ContainerID 3 creation failed
datanode_6_1  | 2020-04-17 18:50:41,054 [pool-69-thread-1] INFO server.RaftServerConfigKeys: raft.server.notification.no-leader.timeout = 60s (default)
scm_1         | 2020-04-17 18:50:36,272 [IPC Server listener on 9863] INFO ipc.Server: IPC Server listener on 9863: starting
datanode_4_1  | 2020-04-17 18:50:47,499 [a0acbcec-d753-414c-b077-647d02aaa7fb@group-51477CB1F421-LeaderElection1] INFO ratis.XceiverServerRatis: Leader change notification received for group: group-51477CB1F421 with new leaderId: a0acbcec-d753-414c-b077-647d02aaa7fb
om_1          | 2020-04-17 18:50:50,217 [main] INFO http.HttpServer2: Jetty bound to port 9874
datanode_2_1  | Caused by: org.apache.ratis.protocol.GroupMismatchException: 0e99e1b0-220f-42bd-a39f-d4658f80d0e4: Group group-79E0035D853A not found.
datanode_5_1  | 	at org.apache.hadoop.ozone.container.common.impl.HddsDispatcher.dispatchRequest(HddsDispatcher.java:254)
datanode_6_1  | 2020-04-17 18:50:41,067 [pool-69-thread-1] INFO server.RaftServerConfigKeys: raft.server.log.use.memory = false (default)
scm_1         | 2020-04-17 18:50:36,307 [main] INFO server.StorageContainerManager: ScmDatanodeProtocl RPC server is listening at /0.0.0.0:9861
datanode_4_1  | 2020-04-17 18:50:47,503 [a0acbcec-d753-414c-b077-647d02aaa7fb@group-51477CB1F421-LeaderElection1] INFO impl.RaftServerImpl: a0acbcec-d753-414c-b077-647d02aaa7fb@group-51477CB1F421: change Leader from null to a0acbcec-d753-414c-b077-647d02aaa7fb at term 1 for becomeLeader, leader elected after 5865ms
om_1          | 2020-04-17 18:50:50,218 [main] INFO server.Server: jetty-9.4.26.v20200117; built: 2020-01-17T12:35:33.676Z; git: 7b38981d25d14afb4a12ff1f2596756144edf695; jvm 11.0.6+10-LTS
datanode_2_1  | 	at org.apache.ratis.server.impl.RaftServerProxy.groupRemoveAsync(RaftServerProxy.java:404)
datanode_6_1  | 2020-04-17 18:50:41,075 [pool-69-thread-1] INFO server.RaftServerConfigKeys: raft.server.log.purge.gap = 1000000 (custom)
scm_1         | 2020-04-17 18:50:36,307 [main] INFO server.SCMDatanodeProtocolServer: RPC server for DataNodes is listening at /0.0.0.0:9861
datanode_4_1  | 2020-04-17 18:50:47,528 [a0acbcec-d753-414c-b077-647d02aaa7fb@group-51477CB1F421-LeaderElection1] INFO server.RaftServerConfigKeys: raft.server.staging.catchup.gap = 1000 (default)
om_1          | 2020-04-17 18:50:50,281 [main] INFO server.session: DefaultSessionIdManager workerName=node0
datanode_5_1  | 	at org.apache.hadoop.ozone.container.common.impl.HddsDispatcher.dispatch(HddsDispatcher.java:162)
datanode_4_1  | 2020-04-17 18:50:47,535 [a0acbcec-d753-414c-b077-647d02aaa7fb@group-51477CB1F421-LeaderElection1] INFO server.RaftServerConfigKeys: raft.server.rpc.sleep.time = 25ms (default)
datanode_6_1  | 2020-04-17 18:50:41,079 [pool-69-thread-1] INFO server.RaftServerConfigKeys: raft.server.log.appender.buffer.byte-limit = 33554432 (custom)
datanode_6_1  | 2020-04-17 18:50:41,088 [pool-69-thread-1] INFO server.RaftServerConfigKeys: raft.server.log.segment.size.max = 1048576 (custom)
om_1          | 2020-04-17 18:50:50,281 [main] INFO server.session: No SessionScavenger set, using defaults
datanode_2_1  | 	at org.apache.ratis.server.impl.RaftServerProxy.groupManagementAsync(RaftServerProxy.java:367)
datanode_4_1  | 2020-04-17 18:50:47,551 [a0acbcec-d753-414c-b077-647d02aaa7fb@group-51477CB1F421-LeaderElection1] INFO metrics.RatisMetrics: Creating Metrics Registry : ratis.log_appender.a0acbcec-d753-414c-b077-647d02aaa7fb@group-51477CB1F421
datanode_6_1  | 2020-04-17 18:50:41,098 [pool-69-thread-1] INFO metrics.RatisMetrics: Creating Metrics Registry : ratis.log_worker.79669a1f-2445-496e-a337-3115205f3ae5
scm_1         | 2020-04-17 18:50:36,309 [IPC Server Responder] INFO ipc.Server: IPC Server Responder: starting
datanode_5_1  | 	at org.apache.hadoop.ozone.container.common.transport.server.ratis.ContainerStateMachine.dispatchCommand(ContainerStateMachine.java:402)
om_1          | 2020-04-17 18:50:50,283 [main] INFO server.session: node0 Scavenging every 600000ms
datanode_2_1  | 	at org.apache.ratis.server.impl.RaftServerProxy.groupManagement(RaftServerProxy.java:350)
datanode_4_1  | 2020-04-17 18:50:47,557 [a0acbcec-d753-414c-b077-647d02aaa7fb@group-51477CB1F421-LeaderElection1] INFO server.RaftServerConfigKeys: raft.server.write.element-limit = 1024 (custom)
datanode_6_1  | 2020-04-17 18:50:41,144 [pool-69-thread-1] INFO server.RaftServerConfigKeys: raft.server.log.segment.cache.num.max = 2 (custom)
scm_1         | 2020-04-17 18:50:36,309 [IPC Server listener on 9861] INFO ipc.Server: IPC Server listener on 9861: starting
datanode_5_1  | 	at org.apache.hadoop.ozone.container.common.transport.server.ratis.ContainerStateMachine.runCommand(ContainerStateMachine.java:412)
datanode_5_1  | 	at org.apache.hadoop.ozone.container.common.transport.server.ratis.ContainerStateMachine.lambda$handleWriteChunk$2(ContainerStateMachine.java:447)
datanode_5_1  | 	at java.base/java.util.concurrent.CompletableFuture$AsyncSupply.run(CompletableFuture.java:1700)
datanode_2_1  | 	at org.apache.hadoop.ozone.container.common.transport.server.ratis.XceiverServerRatis.removeGroup(XceiverServerRatis.java:657)
datanode_6_1  | 2020-04-17 18:50:41,175 [pool-69-thread-1] INFO segmented.SegmentedRaftLogWorker: new 79669a1f-2445-496e-a337-3115205f3ae5@group-E8C5921C502F-SegmentedRaftLogWorker for RaftStorage:Storage Directory /data/metadata/ratis/475144cc-6599-45a9-b1c7-e8c5921c502f
datanode_5_1  | 	at java.base/java.util.concurrent.ThreadPoolExecutor.runWorker(ThreadPoolExecutor.java:1128)
datanode_4_1  | 2020-04-17 18:50:47,558 [a0acbcec-d753-414c-b077-647d02aaa7fb@group-51477CB1F421-LeaderElection1] INFO server.RaftServerConfigKeys: raft.server.write.byte-limit = 1073741824 (custom)
om_1          | 2020-04-17 18:50:50,311 [main] INFO handler.ContextHandler: Started o.e.j.s.ServletContextHandler@35e26d05{logs,/logs,file:///var/log/hadoop/,AVAILABLE}
scm_1         | 2020-04-17 18:50:36,406 [main] INFO http.HttpServer2: Jetty bound to port 9876
datanode_2_1  | 	... 4 more
datanode_6_1  | 2020-04-17 18:50:41,181 [pool-69-thread-1] INFO server.RaftServerConfigKeys: raft.server.log.queue.byte-limit = 2147483647 (custom)
datanode_5_1  | 	at java.base/java.util.concurrent.ThreadPoolExecutor$Worker.run(ThreadPoolExecutor.java:628)
datanode_4_1  | 2020-04-17 18:50:47,573 [a0acbcec-d753-414c-b077-647d02aaa7fb@group-51477CB1F421-LeaderElection1] INFO server.RaftServerConfigKeys: raft.server.watch.timeout = 180s (custom)
om_1          | 2020-04-17 18:50:50,321 [main] INFO handler.ContextHandler: Started o.e.j.s.ServletContextHandler@2538bc06{static,/static,jar:file:/opt/hadoop/share/ozone/lib/hadoop-ozone-ozone-manager-0.6.0-SNAPSHOT.jar!/webapps/static,AVAILABLE}
scm_1         | 2020-04-17 18:50:36,407 [main] INFO server.Server: jetty-9.4.26.v20200117; built: 2020-01-17T12:35:33.676Z; git: 7b38981d25d14afb4a12ff1f2596756144edf695; jvm 11.0.6+10-LTS
datanode_2_1  | 2020-04-17 18:54:08,666 [Command processor thread] INFO impl.RaftServerProxy: 0e99e1b0-220f-42bd-a39f-d4658f80d0e4: remove group-79E0035D853A:null
datanode_6_1  | 2020-04-17 18:50:41,181 [pool-69-thread-1] INFO server.RaftServerConfigKeys: raft.server.log.queue.element-limit = 1024 (custom)
datanode_5_1  | 	at java.base/java.lang.Thread.run(Thread.java:834)
datanode_4_1  | 2020-04-17 18:50:47,587 [a0acbcec-d753-414c-b077-647d02aaa7fb@group-51477CB1F421-LeaderElection1] INFO server.RaftServerConfigKeys: raft.server.watch.timeout.denomination = 1s (default)
om_1          | 2020-04-17 18:50:50,900 [main] INFO handler.ContextHandler: Started o.e.j.w.WebAppContext@12ad1b2a{ozoneManager,/,file:///tmp/jetty-0_0_0_0-9874-hadoop-ozone-ozone-manager-0_6_0-SNAPSHOT_jar-_-any-842565634405608182.dir/webapp/,AVAILABLE}{jar:file:/opt/hadoop/share/ozone/lib/hadoop-ozone-ozone-manager-0.6.0-SNAPSHOT.jar!/webapps/ozoneManager}
om_1          | 2020-04-17 18:50:50,959 [main] INFO server.AbstractConnector: Started ServerConnector@2121d1f9{HTTP/1.1,[http/1.1]}{0.0.0.0:9874}
datanode_2_1  | 2020-04-17 18:54:08,666 [Command processor thread] ERROR commandhandler.ClosePipelineCommandHandler: Can't close pipeline #id: "cad403d1-ea2f-4530-84e5-79e0035d853a"
datanode_6_1  | 2020-04-17 18:50:41,182 [pool-69-thread-1] INFO server.RaftServerConfigKeys: raft.server.log.segment.size.max = 1048576 (custom)
datanode_5_1  | 2020-04-17 18:52:37,623 [ChunkWriter-57-0] ERROR ratis.ContainerStateMachine: group-79E0035D853A: writeChunk writeStateMachineData failed: blockIdcontainerID: 3
datanode_4_1  | 2020-04-17 18:50:47,588 [a0acbcec-d753-414c-b077-647d02aaa7fb@group-51477CB1F421-LeaderElection1] INFO server.RaftServerConfigKeys: raft.server.watch.element-limit = 65536 (default)
om_1          | 2020-04-17 18:50:50,959 [main] INFO server.Server: Started @12257ms
scm_1         | 2020-04-17 18:50:36,485 [main] INFO server.session: DefaultSessionIdManager workerName=node0
datanode_2_1  | 
datanode_6_1  | 2020-04-17 18:50:41,182 [pool-69-thread-1] INFO server.RaftServerConfigKeys: raft.server.log.preallocated.size = 16384 (custom)
datanode_5_1  | localID: 104015433404579858
datanode_4_1  | 2020-04-17 18:50:47,618 [a0acbcec-d753-414c-b077-647d02aaa7fb@group-51477CB1F421-LeaderElection1] INFO impl.RoleInfo: a0acbcec-d753-414c-b077-647d02aaa7fb: start LeaderState
om_1          | 2020-04-17 18:50:50,971 [main] INFO impl.MetricsSinkAdapter: Sink prometheus started
scm_1         | 2020-04-17 18:50:36,486 [main] INFO server.session: No SessionScavenger set, using defaults
datanode_2_1  | java.io.IOException: 0e99e1b0-220f-42bd-a39f-d4658f80d0e4: Group group-79E0035D853A not found.
datanode_6_1  | 2020-04-17 18:50:41,182 [pool-69-thread-1] INFO server.RaftServerConfigKeys: raft.server.log.write.buffer.size = 1048576 (custom)
datanode_5_1  | blockCommitSequenceId: 0
datanode_4_1  | 2020-04-17 18:50:47,670 [a0acbcec-d753-414c-b077-647d02aaa7fb@group-51477CB1F421-LeaderElection1] INFO segmented.SegmentedRaftLogWorker: a0acbcec-d753-414c-b077-647d02aaa7fb@group-51477CB1F421-SegmentedRaftLogWorker: Starting segment from index:0
om_1          | 2020-04-17 18:50:50,971 [main] INFO impl.MetricsSystemImpl: Registered sink prometheus
om_1          | 2020-04-17 18:50:50,975 [main] INFO http.BaseHttpServer: HTTP server of ozoneManager listening at http://0.0.0.0:9874
datanode_2_1  | 	at org.apache.hadoop.ozone.container.common.transport.server.ratis.XceiverServerRatis.removeGroup(XceiverServerRatis.java:659)
datanode_6_1  | 2020-04-17 18:50:41,193 [pool-69-thread-1] INFO server.RaftServerConfigKeys: raft.server.log.force.sync.num = 128 (default)
datanode_5_1  |  logIndex 1 chunkName 104015433404579858_chunk_1 Error message: ContainerID 3 creation failed Container Result: DISK_OUT_OF_SPACE
datanode_4_1  | 2020-04-17 18:50:47,727 [a0acbcec-d753-414c-b077-647d02aaa7fb@group-51477CB1F421-LeaderElection1] INFO impl.RaftServerImpl: a0acbcec-d753-414c-b077-647d02aaa7fb@group-51477CB1F421: set configuration 0: [a0acbcec-d753-414c-b077-647d02aaa7fb:10.5.0.7:9858], old=null at 0
om_1          | 2020-04-17 18:50:54,922 [IPC Server handler 3 on 9862] INFO volume.OMVolumeCreateRequest: created volume:vol-0-05727 for user:hadoop
scm_1         | 2020-04-17 18:50:36,489 [main] INFO server.session: node0 Scavenging every 660000ms
datanode_2_1  | 	at org.apache.hadoop.ozone.container.common.statemachine.commandhandler.ClosePipelineCommandHandler.handle(ClosePipelineCommandHandler.java:77)
datanode_6_1  | 2020-04-17 18:50:41,202 [pool-69-thread-1] INFO server.RaftServerConfigKeys: raft.server.log.statemachine.data.sync = true (default)
datanode_5_1  | 2020-04-17 18:52:37,623 [978c057e-5c38-4e20-8a8b-f271c823af7e@group-79E0035D853A-SegmentedRaftLogWorker] ERROR ratis.XceiverServerRatis: pipeline Action CLOSE on pipeline PipelineID=cad403d1-ea2f-4530-84e5-79e0035d853a.Reason : ContainerID 3 creation failed
datanode_4_1  | 2020-04-17 18:50:47,739 [Thread-26] INFO impl.FollowerState: a0acbcec-d753-414c-b077-647d02aaa7fb@group-385EF22ED913-FollowerState: change to CANDIDATE, lastRpcTime:5018ms, electionTimeout:5001ms
om_1          | 2020-04-17 18:50:54,952 [IPC Server handler 1 on 9862] INFO volume.OMVolumeCreateRequest: created volume:vol-1-01079 for user:hadoop
scm_1         | 2020-04-17 18:50:36,546 [main] INFO handler.ContextHandler: Started o.e.j.s.ServletContextHandler@25b5c5e3{logs,/logs,file:///var/log/hadoop/,AVAILABLE}
