datanode_2_1  | 	at org.apache.hadoop.ozone.container.common.statemachine.commandhandler.CommandDispatcher.handle(CommandDispatcher.java:99)
datanode_6_1  | 2020-04-17 18:50:41,203 [pool-69-thread-1] INFO server.RaftServerConfigKeys: raft.server.log.statemachine.data.sync.timeout = 10s (default)
datanode_5_1  | 2020-04-17 18:52:37,635 [978c057e-5c38-4e20-8a8b-f271c823af7e@group-79E0035D853A-SegmentedRaftLogWorker] ERROR ratis.XceiverServerRatis: pipeline Action CLOSE on pipeline PipelineID=cad403d1-ea2f-4530-84e5-79e0035d853a.Reason : Log already failed at index 1 for task WriteLog:1: (t:1, i:1), STATEMACHINELOGENTRY, client-B8993CFB43DC, cid=57
datanode_4_1  | 2020-04-17 18:50:47,742 [Thread-26] INFO impl.RoleInfo: a0acbcec-d753-414c-b077-647d02aaa7fb: shutdown FollowerState
om_1          | 2020-04-17 18:50:54,961 [IPC Server handler 5 on 9862] INFO volume.OMVolumeCreateRequest: created volume:vol-2-01434 for user:hadoop
scm_1         | 2020-04-17 18:50:36,554 [main] INFO handler.ContextHandler: Started o.e.j.s.ServletContextHandler@2c708440{static,/static,jar:file:/opt/hadoop/share/ozone/lib/hadoop-hdds-server-scm-0.6.0-SNAPSHOT.jar!/webapps/static,AVAILABLE}
datanode_2_1  | 	at org.apache.hadoop.ozone.container.common.statemachine.DatanodeStateMachine.lambda$initCommandHandlerThread$1(DatanodeStateMachine.java:472)
datanode_6_1  | 2020-04-17 18:50:41,204 [pool-69-thread-1] INFO server.RaftServerConfigKeys: raft.server.log.statemachine.data.sync.timeout.retry = -1 (default)
datanode_5_1  | 	 State Machine: cmdType: WriteChunk traceID: "dbf2e28874f8e582:fd88223a75928210:dbf2e28874f8e582:0" containerID: 3 datanodeUuid: "a0acbcec-d753-414c-b077-647d02aaa7fb" pipelineID: "cad403d1-ea2f-4530-84e5-79e0035d853a" writeChunk { blockID { containerID: 3 localID: 104015433404579858 blockCommitSequenceId: 0 } chunkData { chunkName: "104015433404579858_chunk_1" offset: 0 len: 10240 checksumData { type: CRC32 bytesPerChecksum: 1048576 checksums: ">\344\315\231" } } }, container path=nonexistent
datanode_4_1  | 2020-04-17 18:50:47,742 [Thread-26] INFO impl.RaftServerImpl: a0acbcec-d753-414c-b077-647d02aaa7fb@group-385EF22ED913: changes role from  FOLLOWER to CANDIDATE at term 0 for changeToCandidate
om_1          | 2020-04-17 18:50:54,970 [IPC Server handler 7 on 9862] INFO volume.OMVolumeCreateRequest: created volume:vol-3-04732 for user:hadoop
scm_1         | 2020-04-17 18:50:36,633 [IPC Server handler 0 on 9861] WARN ipc.Server: IPC Server handler 0 on 9861, call Call#0 Retry#0 org.apache.hadoop.ozone.protocol.StorageContainerDatanodeProtocol.submitRequest from 10.5.0.7:50998: output error
datanode_2_1  | 	at java.base/java.lang.Thread.run(Thread.java:834)
datanode_6_1  | 2020-04-17 18:50:41,260 [pool-69-thread-1] INFO server.RaftServerConfigKeys: raft.server.log.statemachine.data.caching.enabled = true (custom)
datanode_5_1  | 2020-04-17 18:53:00,937 [Command processor thread] ERROR commandhandler.CloseContainerCommandHandler: Container #3 does not exist in datanode. Container close failed.
datanode_4_1  | 2020-04-17 18:50:47,742 [Thread-26] INFO impl.RoleInfo: a0acbcec-d753-414c-b077-647d02aaa7fb: start LeaderElection
om_1          | 2020-04-17 18:50:54,979 [IPC Server handler 9 on 9862] INFO volume.OMVolumeCreateRequest: created volume:vol-4-57183 for user:hadoop
scm_1         | 2020-04-17 18:50:36,634 [IPC Server handler 2 on 9861] WARN ipc.Server: IPC Server handler 2 on 9861, call Call#0 Retry#0 org.apache.hadoop.ozone.protocol.StorageContainerDatanodeProtocol.submitRequest from 10.5.0.8:37696: output error
datanode_2_1  | Caused by: org.apache.ratis.protocol.GroupMismatchException: 0e99e1b0-220f-42bd-a39f-d4658f80d0e4: Group group-79E0035D853A not found.
datanode_6_1  | 2020-04-17 18:50:41,286 [pool-69-thread-1] INFO segmented.SegmentedRaftLogWorker: 79669a1f-2445-496e-a337-3115205f3ae5@group-E8C5921C502F-SegmentedRaftLogWorker: flushIndex: setUnconditionally 0 -> -1
datanode_5_1  | 2020-04-17 18:53:37,633 [java.util.concurrent.ThreadPoolExecutor$Worker@7369ad42[State = -1, empty queue]] WARN server.GrpcLogAppender: 978c057e-5c38-4e20-8a8b-f271c823af7e@group-79E0035D853A->0e99e1b0-220f-42bd-a39f-d4658f80d0e4-GrpcLogAppender:  appendEntries Timeout, request=AppendEntriesRequest:cid=2,entriesCount=1,lastEntry=(t:1, i:1)
datanode_4_1  | 2020-04-17 18:50:47,759 [a0acbcec-d753-414c-b077-647d02aaa7fb@group-385EF22ED913-LeaderElection2] INFO impl.LeaderElection: a0acbcec-d753-414c-b077-647d02aaa7fb@group-385EF22ED913-LeaderElection2: begin an election at term 1 for -1: [978c057e-5c38-4e20-8a8b-f271c823af7e:10.5.0.8:9858, a0acbcec-d753-414c-b077-647d02aaa7fb:10.5.0.7:9858, 0e99e1b0-220f-42bd-a39f-d4658f80d0e4:10.5.0.5:9858], old=null
datanode_4_1  | 2020-04-17 18:50:47,963 [a0acbcec-d753-414c-b077-647d02aaa7fb@group-385EF22ED913-LeaderElection2] INFO impl.LeaderElection: a0acbcec-d753-414c-b077-647d02aaa7fb@group-385EF22ED913-LeaderElection2: Election PASSED; received 1 response(s) [a0acbcec-d753-414c-b077-647d02aaa7fb<-0e99e1b0-220f-42bd-a39f-d4658f80d0e4#0:OK-t1] and 0 exception(s); a0acbcec-d753-414c-b077-647d02aaa7fb@group-385EF22ED913:t1, leader=null, voted=a0acbcec-d753-414c-b077-647d02aaa7fb, raftlog=a0acbcec-d753-414c-b077-647d02aaa7fb@group-385EF22ED913-SegmentedRaftLog:OPENED:c-1,f-1,i0, conf=-1: [978c057e-5c38-4e20-8a8b-f271c823af7e:10.5.0.8:9858, a0acbcec-d753-414c-b077-647d02aaa7fb:10.5.0.7:9858, 0e99e1b0-220f-42bd-a39f-d4658f80d0e4:10.5.0.5:9858], old=null
scm_1         | 2020-04-17 18:50:36,683 [IPC Server handler 0 on 9861] INFO ipc.Server: IPC Server handler 0 on 9861 caught an exception
datanode_6_1  | 2020-04-17 18:50:41,341 [pool-69-thread-1] INFO server.RaftServerConfigKeys: raft.server.snapshot.auto.trigger.enabled = true (custom)
datanode_5_1  | 2020-04-17 18:53:37,636 [java.util.concurrent.ThreadPoolExecutor$Worker@7369ad42[State = -1, empty queue]] WARN server.GrpcLogAppender: 978c057e-5c38-4e20-8a8b-f271c823af7e@group-79E0035D853A->a0acbcec-d753-414c-b077-647d02aaa7fb-GrpcLogAppender:  appendEntries Timeout, request=AppendEntriesRequest:cid=2,entriesCount=1,lastEntry=(t:1, i:1)
datanode_5_1  | 2020-04-17 18:53:37,637 [java.util.concurrent.ThreadPoolExecutor$Worker@7369ad42[State = -1, empty queue]] WARN server.GrpcLogAppender: 978c057e-5c38-4e20-8a8b-f271c823af7e@group-79E0035D853A->a0acbcec-d753-414c-b077-647d02aaa7fb-GrpcLogAppender:  appendEntries Timeout, request=AppendEntriesRequest:cid=3,entriesCount=1,lastEntry=(t:1, i:2)
datanode_4_1  | 2020-04-17 18:50:47,967 [a0acbcec-d753-414c-b077-647d02aaa7fb@group-385EF22ED913-LeaderElection2] INFO impl.RoleInfo: a0acbcec-d753-414c-b077-647d02aaa7fb: shutdown LeaderElection
scm_1         | java.nio.channels.AsynchronousCloseException
datanode_6_1  | 2020-04-17 18:50:41,342 [pool-69-thread-1] INFO server.RaftServerConfigKeys: raft.server.snapshot.auto.trigger.threshold = 10000 (custom)
datanode_5_1  | 2020-04-17 18:53:37,654 [java.util.concurrent.ThreadPoolExecutor$Worker@7369ad42[State = -1, empty queue]] WARN server.GrpcLogAppender: 978c057e-5c38-4e20-8a8b-f271c823af7e@group-79E0035D853A->0e99e1b0-220f-42bd-a39f-d4658f80d0e4-GrpcLogAppender:  appendEntries Timeout, request=AppendEntriesRequest:cid=3,entriesCount=1,lastEntry=(t:1, i:2)
datanode_2_1  | 	at org.apache.ratis.server.impl.RaftServerProxy.groupRemoveAsync(RaftServerProxy.java:404)
datanode_4_1  | 2020-04-17 18:50:47,974 [a0acbcec-d753-414c-b077-647d02aaa7fb@group-385EF22ED913-LeaderElection2] INFO impl.RaftServerImpl: a0acbcec-d753-414c-b077-647d02aaa7fb@group-385EF22ED913: changes role from CANDIDATE to LEADER at term 1 for changeToLeader
scm_1         | 	at java.base/sun.nio.ch.SocketChannelImpl.write(SocketChannelImpl.java:471)
datanode_6_1  | 2020-04-17 18:50:41,342 [pool-69-thread-1] INFO server.RaftServerConfigKeys: raft.server.snapshot.retention.file.num = 5 (custom)
datanode_5_1  | 2020-04-17 18:53:58,341 [grpc-default-executor-0] INFO impl.RaftServerProxy: 978c057e-5c38-4e20-8a8b-f271c823af7e: addNew group-CFD51574C841:[978c057e-5c38-4e20-8a8b-f271c823af7e:10.5.0.8:9858, 79669a1f-2445-496e-a337-3115205f3ae5:10.5.0.9:9858, 0e99e1b0-220f-42bd-a39f-d4658f80d0e4:10.5.0.5:9858] returns group-CFD51574C841:java.util.concurrent.CompletableFuture@8d5294b[Not completed]
datanode_2_1  | 	at org.apache.ratis.server.impl.RaftServerProxy.groupManagementAsync(RaftServerProxy.java:367)
datanode_4_1  | 2020-04-17 18:50:47,974 [a0acbcec-d753-414c-b077-647d02aaa7fb@group-385EF22ED913-LeaderElection2] INFO ratis.XceiverServerRatis: Leader change notification received for group: group-385EF22ED913 with new leaderId: a0acbcec-d753-414c-b077-647d02aaa7fb
scm_1         | 	at org.apache.hadoop.ipc.Server.channelWrite(Server.java:3250)
datanode_6_1  | 2020-04-17 18:50:41,351 [pool-69-thread-1] INFO server.RaftServerConfigKeys: raft.server.retrycache.expirytime = 600000ms (custom)
datanode_5_1  | 2020-04-17 18:53:58,342 [pool-69-thread-1] INFO impl.RaftServerImpl: 978c057e-5c38-4e20-8a8b-f271c823af7e: new RaftServerImpl for group-CFD51574C841:[978c057e-5c38-4e20-8a8b-f271c823af7e:10.5.0.8:9858, 79669a1f-2445-496e-a337-3115205f3ae5:10.5.0.9:9858, 0e99e1b0-220f-42bd-a39f-d4658f80d0e4:10.5.0.5:9858] with ContainerStateMachine:uninitialized
datanode_2_1  | 	at org.apache.ratis.server.impl.RaftServerProxy.groupManagement(RaftServerProxy.java:350)
datanode_4_1  | 2020-04-17 18:50:47,974 [a0acbcec-d753-414c-b077-647d02aaa7fb@group-385EF22ED913-LeaderElection2] INFO impl.RaftServerImpl: a0acbcec-d753-414c-b077-647d02aaa7fb@group-385EF22ED913: change Leader from null to a0acbcec-d753-414c-b077-647d02aaa7fb at term 1 for becomeLeader, leader elected after 5342ms
datanode_4_1  | 2020-04-17 18:50:47,974 [a0acbcec-d753-414c-b077-647d02aaa7fb@group-385EF22ED913-LeaderElection2] INFO server.RaftServerConfigKeys: raft.server.staging.catchup.gap = 1000 (default)
datanode_4_1  | 2020-04-17 18:50:47,974 [a0acbcec-d753-414c-b077-647d02aaa7fb@group-385EF22ED913-LeaderElection2] INFO server.RaftServerConfigKeys: raft.server.rpc.sleep.time = 25ms (default)
datanode_4_1  | 2020-04-17 18:50:47,975 [a0acbcec-d753-414c-b077-647d02aaa7fb@group-385EF22ED913-LeaderElection2] INFO metrics.RatisMetrics: Creating Metrics Registry : ratis.log_appender.a0acbcec-d753-414c-b077-647d02aaa7fb@group-385EF22ED913
scm_1         | 	at org.apache.hadoop.ipc.Server.access$1700(Server.java:137)
datanode_5_1  | 2020-04-17 18:53:58,342 [pool-69-thread-1] INFO server.RaftServerConfigKeys: raft.server.rpc.timeout.min = 5s (custom)
datanode_4_1  | 2020-04-17 18:50:47,975 [a0acbcec-d753-414c-b077-647d02aaa7fb@group-385EF22ED913-LeaderElection2] INFO server.RaftServerConfigKeys: raft.server.write.element-limit = 1024 (custom)
datanode_4_1  | 2020-04-17 18:50:47,975 [a0acbcec-d753-414c-b077-647d02aaa7fb@group-385EF22ED913-LeaderElection2] INFO server.RaftServerConfigKeys: raft.server.write.byte-limit = 1073741824 (custom)
datanode_4_1  | 2020-04-17 18:50:47,985 [a0acbcec-d753-414c-b077-647d02aaa7fb@group-385EF22ED913-LeaderElection2] INFO server.RaftServerConfigKeys: raft.server.watch.timeout = 180s (custom)
datanode_4_1  | 2020-04-17 18:50:47,985 [a0acbcec-d753-414c-b077-647d02aaa7fb@group-385EF22ED913-LeaderElection2] INFO server.RaftServerConfigKeys: raft.server.watch.timeout.denomination = 1s (default)
scm_1         | 	at org.apache.hadoop.ipc.Server$Responder.processResponse(Server.java:1473)
datanode_6_1  | 2020-04-17 18:50:41,434 [pool-69-thread-1] INFO metrics.RatisMetrics: Creating Metrics Registry : ratis.leader_election.79669a1f-2445-496e-a337-3115205f3ae5@group-E8C5921C502F
datanode_2_1  | 	at org.apache.hadoop.ozone.container.common.transport.server.ratis.XceiverServerRatis.removeGroup(XceiverServerRatis.java:657)
datanode_5_1  | 2020-04-17 18:53:58,342 [pool-69-thread-1] INFO server.RaftServerConfigKeys: raft.server.rpc.timeout.max = 5200ms (custom)
datanode_5_1  | 2020-04-17 18:53:58,343 [pool-69-thread-1] INFO server.RaftServerConfigKeys: raft.server.rpcslowness.timeout = 300s (custom)
datanode_5_1  | 2020-04-17 18:53:58,343 [pool-69-thread-1] INFO server.RaftServerConfigKeys: raft.server.sleep.deviation.threshold = 300 (default)
datanode_6_1  | 2020-04-17 18:50:41,457 [pool-69-thread-1] INFO metrics.RatisMetrics: Creating Metrics Registry : ratis.server.79669a1f-2445-496e-a337-3115205f3ae5@group-E8C5921C502F
datanode_2_1  | 	... 4 more
scm_1         | 	at org.apache.hadoop.ipc.Server$Responder.doRespond(Server.java:1543)
datanode_5_1  | 2020-04-17 18:53:58,343 [pool-69-thread-1] INFO server.RaftServerConfigKeys: raft.server.log.appender.install.snapshot.enabled = false (custom)
datanode_4_1  | 2020-04-17 18:50:47,985 [a0acbcec-d753-414c-b077-647d02aaa7fb@group-385EF22ED913-LeaderElection2] INFO server.RaftServerConfigKeys: raft.server.watch.element-limit = 65536 (default)
datanode_2_1  | 2020-04-17 18:54:12,554 [ChunkWriter-2-0] INFO keyvalue.KeyValueHandler: Operation: CreateContainer , Trace ID: 25f4cbb29a905ffd:e4110cf328601a91:25f4cbb29a905ffd:0 , Message: Container creation failed, due to disk out of space , Result: DISK_OUT_OF_SPACE , StorageContainerException Occurred.
scm_1         | 	at org.apache.hadoop.ipc.Server$Connection.sendResponse(Server.java:2593)
datanode_6_1  | 2020-04-17 18:50:41,458 [pool-69-thread-1] INFO impl.RaftServerImpl: 79669a1f-2445-496e-a337-3115205f3ae5@group-E8C5921C502F: start as a follower, conf=-1: [79669a1f-2445-496e-a337-3115205f3ae5:10.5.0.9:9858], old=null
datanode_4_1  | 2020-04-17 18:50:47,992 [a0acbcec-d753-414c-b077-647d02aaa7fb@group-385EF22ED913-LeaderElection2] INFO server.RaftServerConfigKeys: raft.server.log.appender.snapshot.chunk.size.max = 16MB (=16777216) (default)
datanode_2_1  | org.apache.hadoop.hdds.scm.container.common.helpers.StorageContainerException: Container creation failed, due to disk out of space
datanode_5_1  | 2020-04-17 18:53:58,343 [pool-69-thread-1] INFO impl.RaftServerImpl: 978c057e-5c38-4e20-8a8b-f271c823af7e@group-CFD51574C841: ConfigurationManager, init=-1: [978c057e-5c38-4e20-8a8b-f271c823af7e:10.5.0.8:9858, 79669a1f-2445-496e-a337-3115205f3ae5:10.5.0.9:9858, 0e99e1b0-220f-42bd-a39f-d4658f80d0e4:10.5.0.5:9858], old=null, confs=<EMPTY_MAP>
scm_1         | 	at org.apache.hadoop.ipc.Server$Connection.access$300(Server.java:1615)
datanode_4_1  | 2020-04-17 18:50:47,992 [a0acbcec-d753-414c-b077-647d02aaa7fb@group-385EF22ED913-LeaderElection2] INFO server.RaftServerConfigKeys: raft.server.log.appender.buffer.byte-limit = 33554432 (custom)
datanode_2_1  | 	at org.apache.hadoop.ozone.container.keyvalue.KeyValueContainer.create(KeyValueContainer.java:165)
datanode_5_1  | 2020-04-17 18:53:58,343 [pool-69-thread-1] INFO server.RaftServerConfigKeys: raft.server.storage.dir = [/data/metadata/ratis] (custom)
datanode_6_1  | 2020-04-17 18:50:41,483 [pool-69-thread-1] INFO impl.RaftServerImpl: 79669a1f-2445-496e-a337-3115205f3ae5@group-E8C5921C502F: changes role from      null to FOLLOWER at term 0 for startAsFollower
scm_1         | 	at org.apache.hadoop.ipc.Server$RpcCall.doResponse(Server.java:940)
datanode_4_1  | 2020-04-17 18:50:47,993 [a0acbcec-d753-414c-b077-647d02aaa7fb@group-385EF22ED913-LeaderElection2] INFO server.RaftServerConfigKeys: raft.server.log.appender.buffer.element-limit = 1 (custom)
datanode_2_1  | 	at org.apache.hadoop.ozone.container.keyvalue.KeyValueHandler.handleCreateContainer(KeyValueHandler.java:247)
datanode_5_1  | 2020-04-17 18:53:58,343 [pool-69-thread-1] INFO server.RaftServerConfigKeys: raft.server.log.corruption.policy = EXCEPTION (default)
datanode_6_1  | 2020-04-17 18:50:41,485 [pool-69-thread-1] INFO impl.RoleInfo: 79669a1f-2445-496e-a337-3115205f3ae5: start FollowerState
scm_1         | 	at org.apache.hadoop.ipc.Server$Call.sendResponse(Server.java:774)
datanode_4_1  | 2020-04-17 18:50:48,006 [a0acbcec-d753-414c-b077-647d02aaa7fb@group-385EF22ED913-LeaderElection2] INFO grpc.GrpcConfigKeys: raft.grpc.server.leader.outstanding.appends.max = 128 (default)
datanode_2_1  | 	at org.apache.hadoop.ozone.container.keyvalue.KeyValueHandler.dispatchRequest(KeyValueHandler.java:164)
datanode_5_1  | 2020-04-17 18:53:58,343 [pool-69-thread-1] INFO storage.RaftStorageDirectory: The storage directory /data/metadata/ratis/825f4d0e-2629-43e6-a52f-cfd51574c841 does not exist. Creating ...
datanode_6_1  | 2020-04-17 18:50:41,503 [pool-69-thread-1] INFO util.JmxRegister: Successfully registered JMX Bean with object name Ratis:service=RaftServer,group=group-E8C5921C502F,id=79669a1f-2445-496e-a337-3115205f3ae5
scm_1         | 	at org.apache.hadoop.ipc.Server$RpcCall.run(Server.java:885)
datanode_4_1  | 2020-04-17 18:50:48,012 [a0acbcec-d753-414c-b077-647d02aaa7fb@group-385EF22ED913-LeaderElection2] INFO server.RaftServerConfigKeys: raft.server.rpc.request.timeout = 60s (custom)
datanode_2_1  | 	at org.apache.hadoop.ozone.container.keyvalue.KeyValueHandler.handle(KeyValueHandler.java:152)
datanode_5_1  | 2020-04-17 18:53:58,344 [pool-69-thread-1] INFO storage.RaftStorageDirectory: Lock on /data/metadata/ratis/825f4d0e-2629-43e6-a52f-cfd51574c841/in_use.lock acquired by nodename 6@650579c681b3
datanode_6_1  | 2020-04-17 18:50:41,505 [pool-69-thread-1] INFO metrics.RatisMetrics: Creating Metrics Registry : ratis.state_machine.79669a1f-2445-496e-a337-3115205f3ae5@group-E8C5921C502F
scm_1         | 	at org.apache.hadoop.ipc.Server$RpcCall.run(Server.java:822)
datanode_4_1  | 2020-04-17 18:50:48,012 [a0acbcec-d753-414c-b077-647d02aaa7fb@group-385EF22ED913-LeaderElection2] INFO server.RaftServerConfigKeys: raft.server.log.appender.install.snapshot.enabled = false (custom)
datanode_2_1  | 	at org.apache.hadoop.ozone.container.common.impl.HddsDispatcher.createContainer(HddsDispatcher.java:414)
datanode_5_1  | 2020-04-17 18:53:58,345 [pool-69-thread-1] INFO storage.RaftStorage: Storage directory /data/metadata/ratis/825f4d0e-2629-43e6-a52f-cfd51574c841 has been successfully formatted.
datanode_6_1  | 2020-04-17 18:50:41,539 [Command processor thread] INFO commandhandler.CreatePipelineCommandHandler: Created Pipeline RATIS ONE #id: "475144cc-6599-45a9-b1c7-e8c5921c502f"
scm_1         | 	at java.base/java.security.AccessController.doPrivileged(Native Method)
datanode_4_1  | 2020-04-17 18:50:48,024 [a0acbcec-d753-414c-b077-647d02aaa7fb@group-385EF22ED913-LeaderElection2] INFO server.RaftServerConfigKeys: raft.server.log.appender.snapshot.chunk.size.max = 16MB (=16777216) (default)
datanode_2_1  | 	at org.apache.hadoop.ozone.container.common.impl.HddsDispatcher.dispatchRequest(HddsDispatcher.java:250)
datanode_5_1  | 2020-04-17 18:53:58,346 [pool-69-thread-1] INFO ratis.ContainerStateMachine: group-CFD51574C841: The snapshot info is null. Setting the last applied indexto:(t:0, i:~)
datanode_6_1  | .
scm_1         | 	at java.base/javax.security.auth.Subject.doAs(Subject.java:423)
datanode_4_1  | 2020-04-17 18:50:48,040 [a0acbcec-d753-414c-b077-647d02aaa7fb@group-385EF22ED913-LeaderElection2] INFO server.RaftServerConfigKeys: raft.server.log.appender.buffer.byte-limit = 33554432 (custom)
datanode_2_1  | 	at org.apache.hadoop.ozone.container.common.impl.HddsDispatcher.dispatch(HddsDispatcher.java:162)
datanode_5_1  | 2020-04-17 18:53:58,346 [pool-69-thread-1] INFO server.RaftServerConfigKeys: raft.server.notification.no-leader.timeout = 60s (default)
datanode_6_1  | 2020-04-17 18:50:41,540 [Command processor thread] INFO impl.RaftServerProxy: 79669a1f-2445-496e-a337-3115205f3ae5: addNew group-F5BD6C5F0281:[b23d8fb0-3698-40b4-ac98-17b8605a770b:10.5.0.4:9858, 32863f73-3555-4b23-932a-0d28eb668aea:10.5.0.6:9858, 79669a1f-2445-496e-a337-3115205f3ae5:10.5.0.9:9858] returns group-F5BD6C5F0281:java.util.concurrent.CompletableFuture@293e181[Not completed]
scm_1         | 	at org.apache.hadoop.security.UserGroupInformation.doAs(UserGroupInformation.java:1730)
datanode_4_1  | 2020-04-17 18:50:48,040 [a0acbcec-d753-414c-b077-647d02aaa7fb@group-385EF22ED913-LeaderElection2] INFO server.RaftServerConfigKeys: raft.server.log.appender.buffer.element-limit = 1 (custom)
datanode_2_1  | 	at org.apache.hadoop.ozone.container.common.transport.server.ratis.ContainerStateMachine.dispatchCommand(ContainerStateMachine.java:402)
datanode_5_1  | 2020-04-17 18:53:58,346 [pool-69-thread-1] INFO server.RaftServerConfigKeys: raft.server.log.use.memory = false (default)
datanode_6_1  | 2020-04-17 18:50:41,579 [pool-69-thread-1] INFO impl.RaftServerImpl: 79669a1f-2445-496e-a337-3115205f3ae5: new RaftServerImpl for group-F5BD6C5F0281:[b23d8fb0-3698-40b4-ac98-17b8605a770b:10.5.0.4:9858, 32863f73-3555-4b23-932a-0d28eb668aea:10.5.0.6:9858, 79669a1f-2445-496e-a337-3115205f3ae5:10.5.0.9:9858] with ContainerStateMachine:uninitialized
scm_1         | 	at org.apache.hadoop.ipc.Server$Handler.run(Server.java:2682)
datanode_4_1  | 2020-04-17 18:50:48,040 [a0acbcec-d753-414c-b077-647d02aaa7fb@group-385EF22ED913-LeaderElection2] INFO grpc.GrpcConfigKeys: raft.grpc.server.leader.outstanding.appends.max = 128 (default)
datanode_2_1  | 	at org.apache.hadoop.ozone.container.common.transport.server.ratis.ContainerStateMachine.runCommand(ContainerStateMachine.java:412)
datanode_5_1  | 2020-04-17 18:53:58,346 [pool-69-thread-1] INFO server.RaftServerConfigKeys: raft.server.log.purge.gap = 1000000 (custom)
datanode_6_1  | 2020-04-17 18:50:41,580 [pool-69-thread-1] INFO server.RaftServerConfigKeys: raft.server.rpc.timeout.min = 5s (custom)
scm_1         | 2020-04-17 18:50:36,684 [IPC Server handler 2 on 9861] INFO ipc.Server: IPC Server handler 2 on 9861 caught an exception
datanode_4_1  | 2020-04-17 18:50:48,040 [a0acbcec-d753-414c-b077-647d02aaa7fb@group-385EF22ED913-LeaderElection2] INFO server.RaftServerConfigKeys: raft.server.rpc.request.timeout = 60s (custom)
datanode_4_1  | 2020-04-17 18:50:48,047 [a0acbcec-d753-414c-b077-647d02aaa7fb@group-385EF22ED913-LeaderElection2] INFO server.RaftServerConfigKeys: raft.server.log.appender.install.snapshot.enabled = false (custom)
datanode_2_1  | 	at org.apache.hadoop.ozone.container.common.transport.server.ratis.ContainerStateMachine.lambda$handleWriteChunk$2(ContainerStateMachine.java:447)
datanode_6_1  | 2020-04-17 18:50:41,580 [pool-69-thread-1] INFO server.RaftServerConfigKeys: raft.server.rpc.timeout.max = 5200ms (custom)
scm_1         | java.nio.channels.AsynchronousCloseException
datanode_4_1  | 2020-04-17 18:50:48,056 [a0acbcec-d753-414c-b077-647d02aaa7fb@group-385EF22ED913-LeaderElection2] INFO impl.RoleInfo: a0acbcec-d753-414c-b077-647d02aaa7fb: start LeaderState
datanode_5_1  | 2020-04-17 18:53:58,346 [pool-69-thread-1] INFO server.RaftServerConfigKeys: raft.server.log.appender.buffer.byte-limit = 33554432 (custom)
datanode_2_1  | 	at java.base/java.util.concurrent.CompletableFuture$AsyncSupply.run(CompletableFuture.java:1700)
scm_1         | 	at java.base/sun.nio.ch.SocketChannelImpl.write(SocketChannelImpl.java:471)
datanode_6_1  | 2020-04-17 18:50:41,580 [pool-69-thread-1] INFO server.RaftServerConfigKeys: raft.server.rpcslowness.timeout = 300s (custom)
datanode_2_1  | 	at java.base/java.util.concurrent.ThreadPoolExecutor.runWorker(ThreadPoolExecutor.java:1128)
scm_1         | 	at org.apache.hadoop.ipc.Server.channelWrite(Server.java:3250)
datanode_4_1  | 2020-04-17 18:50:48,056 [a0acbcec-d753-414c-b077-647d02aaa7fb@group-385EF22ED913-LeaderElection2] INFO segmented.SegmentedRaftLogWorker: a0acbcec-d753-414c-b077-647d02aaa7fb@group-385EF22ED913-SegmentedRaftLogWorker: Starting segment from index:0
datanode_6_1  | 2020-04-17 18:50:41,580 [pool-69-thread-1] INFO server.RaftServerConfigKeys: raft.server.sleep.deviation.threshold = 300 (default)
datanode_5_1  | 2020-04-17 18:53:58,346 [pool-69-thread-1] INFO server.RaftServerConfigKeys: raft.server.log.segment.size.max = 1048576 (custom)
datanode_5_1  | 2020-04-17 18:53:58,346 [pool-69-thread-1] INFO server.RaftServerConfigKeys: raft.server.log.segment.cache.num.max = 2 (custom)
scm_1         | 	at org.apache.hadoop.ipc.Server.access$1700(Server.java:137)
datanode_4_1  | 2020-04-17 18:50:48,083 [a0acbcec-d753-414c-b077-647d02aaa7fb@group-385EF22ED913-LeaderElection2] INFO impl.RaftServerImpl: a0acbcec-d753-414c-b077-647d02aaa7fb@group-385EF22ED913: set configuration 0: [978c057e-5c38-4e20-8a8b-f271c823af7e:10.5.0.8:9858, a0acbcec-d753-414c-b077-647d02aaa7fb:10.5.0.7:9858, 0e99e1b0-220f-42bd-a39f-d4658f80d0e4:10.5.0.5:9858], old=null at 0
datanode_6_1  | 2020-04-17 18:50:41,580 [pool-69-thread-1] INFO server.RaftServerConfigKeys: raft.server.log.appender.install.snapshot.enabled = false (custom)
datanode_5_1  | 2020-04-17 18:53:58,346 [pool-69-thread-1] INFO segmented.SegmentedRaftLogWorker: new 978c057e-5c38-4e20-8a8b-f271c823af7e@group-CFD51574C841-SegmentedRaftLogWorker for RaftStorage:Storage Directory /data/metadata/ratis/825f4d0e-2629-43e6-a52f-cfd51574c841
datanode_2_1  | 	at java.base/java.util.concurrent.ThreadPoolExecutor$Worker.run(ThreadPoolExecutor.java:628)
scm_1         | 	at org.apache.hadoop.ipc.Server$Responder.processResponse(Server.java:1473)
datanode_4_1  | 2020-04-17 18:50:48,351 [a0acbcec-d753-414c-b077-647d02aaa7fb@group-385EF22ED913-SegmentedRaftLogWorker] INFO segmented.SegmentedRaftLogWorker: a0acbcec-d753-414c-b077-647d02aaa7fb@group-385EF22ED913-SegmentedRaftLogWorker: created new log segment /data/metadata/ratis/be26d0dd-802f-4608-9a1c-385ef22ed913/current/log_inprogress_0
datanode_6_1  | 2020-04-17 18:50:41,581 [pool-69-thread-1] INFO impl.RaftServerImpl: 79669a1f-2445-496e-a337-3115205f3ae5@group-F5BD6C5F0281: ConfigurationManager, init=-1: [b23d8fb0-3698-40b4-ac98-17b8605a770b:10.5.0.4:9858, 32863f73-3555-4b23-932a-0d28eb668aea:10.5.0.6:9858, 79669a1f-2445-496e-a337-3115205f3ae5:10.5.0.9:9858], old=null, confs=<EMPTY_MAP>
datanode_5_1  | 2020-04-17 18:53:58,346 [pool-69-thread-1] INFO server.RaftServerConfigKeys: raft.server.log.queue.byte-limit = 2147483647 (custom)
datanode_5_1  | 2020-04-17 18:53:58,346 [pool-69-thread-1] INFO server.RaftServerConfigKeys: raft.server.log.queue.element-limit = 1024 (custom)
scm_1         | 	at org.apache.hadoop.ipc.Server$Responder.doRespond(Server.java:1543)
scm_1         | 	at org.apache.hadoop.ipc.Server$Connection.sendResponse(Server.java:2593)
scm_1         | 	at org.apache.hadoop.ipc.Server$Connection.access$300(Server.java:1615)
scm_1         | 	at org.apache.hadoop.ipc.Server$RpcCall.doResponse(Server.java:940)
scm_1         | 	at org.apache.hadoop.ipc.Server$Call.sendResponse(Server.java:774)
scm_1         | 	at org.apache.hadoop.ipc.Server$RpcCall.run(Server.java:885)
scm_1         | 	at org.apache.hadoop.ipc.Server$RpcCall.run(Server.java:822)
scm_1         | 	at java.base/java.security.AccessController.doPrivileged(Native Method)
scm_1         | 	at java.base/javax.security.auth.Subject.doAs(Subject.java:423)
scm_1         | 	at org.apache.hadoop.security.UserGroupInformation.doAs(UserGroupInformation.java:1730)
scm_1         | 	at org.apache.hadoop.ipc.Server$Handler.run(Server.java:2682)
scm_1         | 2020-04-17 18:50:37,464 [main] INFO handler.ContextHandler: Started o.e.j.w.WebAppContext@1981d861{scm,/,file:///tmp/jetty-0_0_0_0-9876-hadoop-hdds-server-scm-0_6_0-SNAPSHOT_jar-_-any-15548150163000367037.dir/webapp/,AVAILABLE}{jar:file:/opt/hadoop/share/ozone/lib/hadoop-hdds-server-scm-0.6.0-SNAPSHOT.jar!/webapps/scm}
scm_1         | 2020-04-17 18:50:37,504 [main] INFO server.AbstractConnector: Started ServerConnector@507d20bb{HTTP/1.1,[http/1.1]}{0.0.0.0:9876}
scm_1         | 2020-04-17 18:50:37,504 [main] INFO server.Server: Started @19561ms
datanode_6_1  | 2020-04-17 18:50:41,581 [pool-69-thread-1] INFO server.RaftServerConfigKeys: raft.server.storage.dir = [/data/metadata/ratis] (custom)
datanode_2_1  | 	at java.base/java.lang.Thread.run(Thread.java:834)
datanode_4_1  | 2020-04-17 18:50:48,356 [a0acbcec-d753-414c-b077-647d02aaa7fb@group-51477CB1F421-SegmentedRaftLogWorker] INFO segmented.SegmentedRaftLogWorker: a0acbcec-d753-414c-b077-647d02aaa7fb@group-51477CB1F421-SegmentedRaftLogWorker: created new log segment /data/metadata/ratis/f9d10128-1d59-4577-ad6c-51477cb1f421/current/log_inprogress_0
scm_1         | 2020-04-17 18:50:37,512 [main] INFO impl.MetricsSinkAdapter: Sink prometheus started
datanode_5_1  | 2020-04-17 18:53:58,346 [pool-69-thread-1] INFO server.RaftServerConfigKeys: raft.server.log.segment.size.max = 1048576 (custom)
datanode_6_1  | 2020-04-17 18:50:41,581 [pool-69-thread-1] INFO server.RaftServerConfigKeys: raft.server.log.corruption.policy = EXCEPTION (default)
datanode_2_1  | Caused by: org.apache.hadoop.util.DiskChecker$DiskOutOfSpaceException: Out of space: The volume with the most available space (=964890624 B) is less than the container size (=1073741824 B).
datanode_4_1  | 2020-04-17 18:50:58,562 [ChunkWriter-40-0] INFO keyvalue.KeyValueHandler: Operation: CreateContainer , Trace ID: e215c60bfe250702:7a34a8519fdccc42:e215c60bfe250702:0 , Message: Container creation failed, due to disk out of space , Result: DISK_OUT_OF_SPACE , StorageContainerException Occurred.
scm_1         | 2020-04-17 18:50:37,512 [main] INFO impl.MetricsSystemImpl: Registered sink prometheus
datanode_5_1  | 2020-04-17 18:53:58,346 [pool-69-thread-1] INFO server.RaftServerConfigKeys: raft.server.log.preallocated.size = 16384 (custom)
datanode_6_1  | 2020-04-17 18:50:41,581 [pool-69-thread-1] INFO storage.RaftStorageDirectory: The storage directory /data/metadata/ratis/315eee3a-6983-45b7-a699-f5bd6c5f0281 does not exist. Creating ...
datanode_2_1  | 	at org.apache.hadoop.ozone.container.common.volume.RoundRobinVolumeChoosingPolicy.chooseVolume(RoundRobinVolumeChoosingPolicy.java:77)
datanode_4_1  | org.apache.hadoop.hdds.scm.container.common.helpers.StorageContainerException: Container creation failed, due to disk out of space
scm_1         | 2020-04-17 18:50:37,517 [main] INFO http.BaseHttpServer: HTTP server of scm listening at http://0.0.0.0:9876
datanode_5_1  | 2020-04-17 18:53:58,346 [pool-69-thread-1] INFO server.RaftServerConfigKeys: raft.server.log.write.buffer.size = 1048576 (custom)
datanode_6_1  | 2020-04-17 18:50:41,583 [pool-69-thread-1] INFO storage.RaftStorageDirectory: Lock on /data/metadata/ratis/315eee3a-6983-45b7-a699-f5bd6c5f0281/in_use.lock acquired by nodename 6@9608d796128b
datanode_4_1  | 	at org.apache.hadoop.ozone.container.keyvalue.KeyValueContainer.create(KeyValueContainer.java:165)
datanode_5_1  | 2020-04-17 18:53:58,346 [pool-69-thread-1] INFO server.RaftServerConfigKeys: raft.server.log.force.sync.num = 128 (default)
datanode_6_1  | 2020-04-17 18:50:41,592 [pool-69-thread-1] INFO storage.RaftStorage: Storage directory /data/metadata/ratis/315eee3a-6983-45b7-a699-f5bd6c5f0281 has been successfully formatted.
datanode_2_1  | 	at org.apache.hadoop.ozone.container.keyvalue.KeyValueContainer.create(KeyValueContainer.java:124)
scm_1         | 2020-04-17 18:50:37,544 [org.apache.hadoop.util.JvmPauseMonitor$Monitor@1e253c9d] INFO util.JvmPauseMonitor: Starting JVM pause monitor
datanode_4_1  | 	at org.apache.hadoop.ozone.container.keyvalue.KeyValueHandler.handleCreateContainer(KeyValueHandler.java:247)
datanode_5_1  | 2020-04-17 18:53:58,346 [pool-69-thread-1] INFO server.RaftServerConfigKeys: raft.server.log.statemachine.data.sync = true (default)
datanode_6_1  | 2020-04-17 18:50:41,592 [pool-69-thread-1] INFO ratis.ContainerStateMachine: group-F5BD6C5F0281: The snapshot info is null. Setting the last applied indexto:(t:0, i:~)
datanode_2_1  | 	... 13 more
scm_1         | 2020-04-17 18:50:37,814 [IPC Server handler 7 on 9861] INFO net.NetworkTopology: Added a new node: /rack2/79669a1f-2445-496e-a337-3115205f3ae5
datanode_4_1  | 	at org.apache.hadoop.ozone.container.keyvalue.KeyValueHandler.dispatchRequest(KeyValueHandler.java:164)
datanode_5_1  | 2020-04-17 18:53:58,346 [pool-69-thread-1] INFO server.RaftServerConfigKeys: raft.server.log.statemachine.data.sync.timeout = 10s (default)
datanode_6_1  | 2020-04-17 18:50:41,593 [pool-69-thread-1] INFO server.RaftServerConfigKeys: raft.server.notification.no-leader.timeout = 60s (default)
datanode_2_1  | 2020-04-17 18:54:12,574 [ChunkWriter-2-0] INFO impl.HddsDispatcher: Operation: WriteChunk , Trace ID: 25f4cbb29a905ffd:e4110cf328601a91:25f4cbb29a905ffd:0 , Message: ContainerID 4 creation failed , Result: DISK_OUT_OF_SPACE , StorageContainerException Occurred.
scm_1         | 2020-04-17 18:50:37,815 [IPC Server handler 7 on 9861] INFO node.SCMNodeManager: Registered Data node : 79669a1f-2445-496e-a337-3115205f3ae5{ip: 10.5.0.9, host: ozone-topology_datanode_6_1.ozone-topology_net, networkLocation: /rack2, certSerialId: null}
datanode_4_1  | 	at org.apache.hadoop.ozone.container.keyvalue.KeyValueHandler.handle(KeyValueHandler.java:152)
datanode_5_1  | 2020-04-17 18:53:58,346 [pool-69-thread-1] INFO server.RaftServerConfigKeys: raft.server.log.statemachine.data.sync.timeout.retry = -1 (default)
datanode_6_1  | 2020-04-17 18:50:41,593 [pool-69-thread-1] INFO server.RaftServerConfigKeys: raft.server.log.use.memory = false (default)
datanode_2_1  | org.apache.hadoop.hdds.scm.container.common.helpers.StorageContainerException: ContainerID 4 creation failed
scm_1         | 2020-04-17 18:50:37,833 [EventQueue-NodeRegistrationContainerReportForContainerSafeModeRule] INFO safemode.SCMSafeModeManager: ContainerSafeModeRule rule is successfully validated
datanode_4_1  | 	at org.apache.hadoop.ozone.container.common.impl.HddsDispatcher.createContainer(HddsDispatcher.java:414)
datanode_5_1  | 2020-04-17 18:53:58,347 [pool-69-thread-1] INFO server.RaftServerConfigKeys: raft.server.log.statemachine.data.caching.enabled = true (custom)
datanode_6_1  | 2020-04-17 18:50:41,593 [pool-69-thread-1] INFO server.RaftServerConfigKeys: raft.server.log.purge.gap = 1000000 (custom)
datanode_2_1  | 	at org.apache.hadoop.ozone.container.common.impl.HddsDispatcher.dispatchRequest(HddsDispatcher.java:254)
scm_1         | 2020-04-17 18:50:37,834 [EventQueue-NodeRegistrationContainerReportForDataNodeSafeModeRule] INFO safemode.SCMSafeModeManager: SCM in safe mode. 1 DataNodes registered, 4 required.
datanode_4_1  | 	at org.apache.hadoop.ozone.container.common.impl.HddsDispatcher.dispatchRequest(HddsDispatcher.java:250)
datanode_5_1  | 2020-04-17 18:53:58,348 [pool-69-thread-1] INFO segmented.SegmentedRaftLogWorker: 978c057e-5c38-4e20-8a8b-f271c823af7e@group-CFD51574C841-SegmentedRaftLogWorker: flushIndex: setUnconditionally 0 -> -1
datanode_6_1  | 2020-04-17 18:50:41,593 [pool-69-thread-1] INFO server.RaftServerConfigKeys: raft.server.log.appender.buffer.byte-limit = 33554432 (custom)
datanode_2_1  | 	at org.apache.hadoop.ozone.container.common.impl.HddsDispatcher.dispatch(HddsDispatcher.java:162)
scm_1         | 2020-04-17 18:50:37,858 [RatisPipelineUtilsThread] INFO pipeline.RatisPipelineProvider: Sending CreatePipelineCommand for pipeline:PipelineID=475144cc-6599-45a9-b1c7-e8c5921c502f to datanode:79669a1f-2445-496e-a337-3115205f3ae5
datanode_4_1  | 	at org.apache.hadoop.ozone.container.common.impl.HddsDispatcher.dispatch(HddsDispatcher.java:162)
datanode_5_1  | 2020-04-17 18:53:58,348 [pool-69-thread-1] INFO server.RaftServerConfigKeys: raft.server.snapshot.auto.trigger.enabled = true (custom)
datanode_6_1  | 2020-04-17 18:50:41,593 [pool-69-thread-1] INFO server.RaftServerConfigKeys: raft.server.log.segment.size.max = 1048576 (custom)
datanode_2_1  | 	at org.apache.hadoop.ozone.container.common.transport.server.ratis.ContainerStateMachine.dispatchCommand(ContainerStateMachine.java:402)
scm_1         | 2020-04-17 18:50:37,877 [RatisPipelineUtilsThread] INFO pipeline.PipelineStateManager: Created pipeline Pipeline[ Id: 475144cc-6599-45a9-b1c7-e8c5921c502f, Nodes: 79669a1f-2445-496e-a337-3115205f3ae5{ip: 10.5.0.9, host: ozone-topology_datanode_6_1.ozone-topology_net, networkLocation: /rack2, certSerialId: null}, Type:RATIS, Factor:ONE, State:ALLOCATED, leaderId:null, CreationTimestamp2020-04-17T18:50:37.848114Z]
datanode_4_1  | 	at org.apache.hadoop.ozone.container.common.transport.server.ratis.ContainerStateMachine.dispatchCommand(ContainerStateMachine.java:402)
datanode_5_1  | 2020-04-17 18:53:58,348 [pool-69-thread-1] INFO server.RaftServerConfigKeys: raft.server.snapshot.auto.trigger.threshold = 10000 (custom)
datanode_6_1  | 2020-04-17 18:50:41,594 [pool-69-thread-1] INFO server.RaftServerConfigKeys: raft.server.log.segment.cache.num.max = 2 (custom)
datanode_2_1  | 	at org.apache.hadoop.ozone.container.common.transport.server.ratis.ContainerStateMachine.runCommand(ContainerStateMachine.java:412)
scm_1         | 2020-04-17 18:50:37,880 [RatisPipelineUtilsThread] ERROR pipeline.SCMPipelineManager: Failed to create pipeline of type RATIS and factor ONE. Exception: Cannot create pipeline of factor 1 using 0 nodes. Used 1 nodes. Healthy nodes 1
datanode_4_1  | 	at org.apache.hadoop.ozone.container.common.transport.server.ratis.ContainerStateMachine.runCommand(ContainerStateMachine.java:412)
datanode_5_1  | 2020-04-17 18:53:58,348 [pool-69-thread-1] INFO server.RaftServerConfigKeys: raft.server.snapshot.retention.file.num = 5 (custom)
datanode_6_1  | 2020-04-17 18:50:41,595 [pool-69-thread-1] INFO segmented.SegmentedRaftLogWorker: new 79669a1f-2445-496e-a337-3115205f3ae5@group-F5BD6C5F0281-SegmentedRaftLogWorker for RaftStorage:Storage Directory /data/metadata/ratis/315eee3a-6983-45b7-a699-f5bd6c5f0281
datanode_2_1  | 	at org.apache.hadoop.ozone.container.common.transport.server.ratis.ContainerStateMachine.lambda$handleWriteChunk$2(ContainerStateMachine.java:447)
scm_1         | 2020-04-17 18:50:38,032 [IPC Server handler 8 on 9861] INFO net.NetworkTopology: Added a new node: /rack1/32863f73-3555-4b23-932a-0d28eb668aea
datanode_4_1  | 	at org.apache.hadoop.ozone.container.common.transport.server.ratis.ContainerStateMachine.lambda$handleWriteChunk$2(ContainerStateMachine.java:447)
datanode_5_1  | 2020-04-17 18:53:58,348 [pool-69-thread-1] INFO server.RaftServerConfigKeys: raft.server.retrycache.expirytime = 600000ms (custom)
datanode_6_1  | 2020-04-17 18:50:41,595 [pool-69-thread-1] INFO server.RaftServerConfigKeys: raft.server.log.queue.byte-limit = 2147483647 (custom)
datanode_2_1  | 	at java.base/java.util.concurrent.CompletableFuture$AsyncSupply.run(CompletableFuture.java:1700)
scm_1         | 2020-04-17 18:50:38,033 [IPC Server handler 8 on 9861] INFO node.SCMNodeManager: Registered Data node : 32863f73-3555-4b23-932a-0d28eb668aea{ip: 10.5.0.6, host: ozone-topology_datanode_3_1.ozone-topology_net, networkLocation: /rack1, certSerialId: null}
datanode_4_1  | 	at java.base/java.util.concurrent.CompletableFuture$AsyncSupply.run(CompletableFuture.java:1700)
datanode_6_1  | 2020-04-17 18:50:41,595 [pool-69-thread-1] INFO server.RaftServerConfigKeys: raft.server.log.queue.element-limit = 1024 (custom)
datanode_2_1  | 	at java.base/java.util.concurrent.ThreadPoolExecutor.runWorker(ThreadPoolExecutor.java:1128)
datanode_2_1  | 	at java.base/java.util.concurrent.ThreadPoolExecutor$Worker.run(ThreadPoolExecutor.java:628)
datanode_5_1  | 2020-04-17 18:53:58,348 [pool-69-thread-1] INFO metrics.RatisMetrics: Creating Metrics Registry : ratis.leader_election.978c057e-5c38-4e20-8a8b-f271c823af7e@group-CFD51574C841
datanode_4_1  | 	at java.base/java.util.concurrent.ThreadPoolExecutor.runWorker(ThreadPoolExecutor.java:1128)
datanode_4_1  | 	at java.base/java.util.concurrent.ThreadPoolExecutor$Worker.run(ThreadPoolExecutor.java:628)
datanode_2_1  | 	at java.base/java.lang.Thread.run(Thread.java:834)
scm_1         | 2020-04-17 18:50:38,034 [EventQueue-NodeRegistrationContainerReportForContainerSafeModeRule] INFO safemode.SCMSafeModeManager: ContainerSafeModeRule rule is successfully validated
datanode_5_1  | 2020-04-17 18:53:58,348 [pool-69-thread-1] INFO metrics.RatisMetrics: Creating Metrics Registry : ratis.server.978c057e-5c38-4e20-8a8b-f271c823af7e@group-CFD51574C841
datanode_4_1  | 	at java.base/java.lang.Thread.run(Thread.java:834)
datanode_6_1  | 2020-04-17 18:50:41,595 [pool-69-thread-1] INFO server.RaftServerConfigKeys: raft.server.log.segment.size.max = 1048576 (custom)
datanode_2_1  | 2020-04-17 18:54:12,575 [ChunkWriter-2-0] ERROR ratis.ContainerStateMachine: group-CFD51574C841: writeChunk writeStateMachineData failed: blockIdcontainerID: 4
scm_1         | 2020-04-17 18:50:38,034 [EventQueue-NodeRegistrationContainerReportForDataNodeSafeModeRule] INFO safemode.SCMSafeModeManager: SCM in safe mode. 2 DataNodes registered, 4 required.
datanode_5_1  | 2020-04-17 18:53:58,349 [pool-69-thread-1] INFO impl.RaftServerImpl: 978c057e-5c38-4e20-8a8b-f271c823af7e@group-CFD51574C841: start as a follower, conf=-1: [978c057e-5c38-4e20-8a8b-f271c823af7e:10.5.0.8:9858, 79669a1f-2445-496e-a337-3115205f3ae5:10.5.0.9:9858, 0e99e1b0-220f-42bd-a39f-d4658f80d0e4:10.5.0.5:9858], old=null
datanode_2_1  | localID: 104015439626764310
datanode_4_1  | Caused by: org.apache.hadoop.util.DiskChecker$DiskOutOfSpaceException: Out of space: The volume with the most available space (=966049792 B) is less than the container size (=1073741824 B).
datanode_6_1  | 2020-04-17 18:50:41,595 [pool-69-thread-1] INFO server.RaftServerConfigKeys: raft.server.log.preallocated.size = 16384 (custom)
scm_1         | 2020-04-17 18:50:38,035 [RatisPipelineUtilsThread] INFO pipeline.RatisPipelineProvider: Sending CreatePipelineCommand for pipeline:PipelineID=78615a2e-50d8-4031-9b8b-cc09c422f088 to datanode:32863f73-3555-4b23-932a-0d28eb668aea
datanode_5_1  | 2020-04-17 18:53:58,349 [pool-69-thread-1] INFO impl.RaftServerImpl: 978c057e-5c38-4e20-8a8b-f271c823af7e@group-CFD51574C841: changes role from      null to FOLLOWER at term 0 for startAsFollower
datanode_2_1  | blockCommitSequenceId: 0
datanode_4_1  | 	at org.apache.hadoop.ozone.container.common.volume.RoundRobinVolumeChoosingPolicy.chooseVolume(RoundRobinVolumeChoosingPolicy.java:77)
datanode_6_1  | 2020-04-17 18:50:41,595 [pool-69-thread-1] INFO server.RaftServerConfigKeys: raft.server.log.write.buffer.size = 1048576 (custom)
scm_1         | 2020-04-17 18:50:38,037 [RatisPipelineUtilsThread] INFO pipeline.PipelineStateManager: Created pipeline Pipeline[ Id: 78615a2e-50d8-4031-9b8b-cc09c422f088, Nodes: 32863f73-3555-4b23-932a-0d28eb668aea{ip: 10.5.0.6, host: ozone-topology_datanode_3_1.ozone-topology_net, networkLocation: /rack1, certSerialId: null}, Type:RATIS, Factor:ONE, State:ALLOCATED, leaderId:null, CreationTimestamp2020-04-17T18:50:38.035960Z]
datanode_5_1  | 2020-04-17 18:53:58,349 [pool-69-thread-1] INFO impl.RoleInfo: 978c057e-5c38-4e20-8a8b-f271c823af7e: start FollowerState
datanode_5_1  | 2020-04-17 18:53:58,363 [pool-69-thread-1] INFO util.JmxRegister: Successfully registered JMX Bean with object name Ratis:service=RaftServer,group=group-CFD51574C841,id=978c057e-5c38-4e20-8a8b-f271c823af7e
datanode_5_1  | 2020-04-17 18:53:58,364 [pool-69-thread-1] INFO metrics.RatisMetrics: Creating Metrics Registry : ratis.state_machine.978c057e-5c38-4e20-8a8b-f271c823af7e@group-CFD51574C841
datanode_6_1  | 2020-04-17 18:50:41,596 [pool-69-thread-1] INFO server.RaftServerConfigKeys: raft.server.log.force.sync.num = 128 (default)
scm_1         | 2020-04-17 18:50:38,038 [RatisPipelineUtilsThread] ERROR pipeline.SCMPipelineManager: Failed to create pipeline of type RATIS and factor ONE. Exception: Cannot create pipeline of factor 1 using 0 nodes. Used 2 nodes. Healthy nodes 2
datanode_2_1  |  logIndex 1 chunkName 104015439626764310_chunk_1 Error message: ContainerID 4 creation failed Container Result: DISK_OUT_OF_SPACE
datanode_5_1  | 2020-04-17 18:54:03,489 [grpc-default-executor-0] INFO impl.RaftServerImpl: 978c057e-5c38-4e20-8a8b-f271c823af7e@group-CFD51574C841: changes role from  FOLLOWER to FOLLOWER at term 1 for recognizeCandidate:0e99e1b0-220f-42bd-a39f-d4658f80d0e4
datanode_4_1  | 	at org.apache.hadoop.ozone.container.keyvalue.KeyValueContainer.create(KeyValueContainer.java:124)
datanode_6_1  | 2020-04-17 18:50:41,596 [pool-69-thread-1] INFO server.RaftServerConfigKeys: raft.server.log.statemachine.data.sync = true (default)
scm_1         | 2020-04-17 18:50:38,328 [IPC Server handler 12 on 9861] INFO net.NetworkTopology: Added a new node: /rack2/a0acbcec-d753-414c-b077-647d02aaa7fb
datanode_2_1  | 2020-04-17 18:54:12,576 [0e99e1b0-220f-42bd-a39f-d4658f80d0e4@group-CFD51574C841-SegmentedRaftLogWorker] ERROR ratis.XceiverServerRatis: pipeline Action CLOSE on pipeline PipelineID=825f4d0e-2629-43e6-a52f-cfd51574c841.Reason : ContainerID 4 creation failed
datanode_5_1  | 2020-04-17 18:54:03,489 [grpc-default-executor-0] INFO impl.RoleInfo: 978c057e-5c38-4e20-8a8b-f271c823af7e: shutdown FollowerState
datanode_4_1  | 	... 13 more
datanode_6_1  | 2020-04-17 18:50:41,596 [pool-69-thread-1] INFO server.RaftServerConfigKeys: raft.server.log.statemachine.data.sync.timeout = 10s (default)
scm_1         | 2020-04-17 18:50:38,328 [IPC Server handler 12 on 9861] INFO node.SCMNodeManager: Registered Data node : a0acbcec-d753-414c-b077-647d02aaa7fb{ip: 10.5.0.7, host: ozone-topology_datanode_4_1.ozone-topology_net, networkLocation: /rack2, certSerialId: null}
datanode_2_1  | 2020-04-17 18:54:12,579 [0e99e1b0-220f-42bd-a39f-d4658f80d0e4@group-CFD51574C841-SegmentedRaftLogWorker] ERROR ratis.XceiverServerRatis: pipeline Action CLOSE on pipeline PipelineID=825f4d0e-2629-43e6-a52f-cfd51574c841.Reason : Log already failed at index 1 for task WriteLog:1: (t:1, i:1), STATEMACHINELOGENTRY, client-191241DA7A93, cid=70
datanode_5_1  | 2020-04-17 18:54:03,490 [Thread-95] INFO impl.FollowerState: 978c057e-5c38-4e20-8a8b-f271c823af7e@group-CFD51574C841-FollowerState was interrupted: java.lang.InterruptedException: sleep interrupted
datanode_4_1  | 2020-04-17 18:50:58,680 [ChunkWriter-40-0] INFO impl.HddsDispatcher: Operation: WriteChunk , Trace ID: e215c60bfe250702:7a34a8519fdccc42:e215c60bfe250702:0 , Message: ContainerID 2 creation failed , Result: DISK_OUT_OF_SPACE , StorageContainerException Occurred.
datanode_6_1  | 2020-04-17 18:50:41,599 [pool-69-thread-1] INFO server.RaftServerConfigKeys: raft.server.log.statemachine.data.sync.timeout.retry = -1 (default)
scm_1         | 2020-04-17 18:50:38,328 [EventQueue-NodeRegistrationContainerReportForDataNodeSafeModeRule] INFO safemode.SCMSafeModeManager: SCM in safe mode. 3 DataNodes registered, 4 required.
datanode_2_1  | 	 State Machine: cmdType: WriteChunk traceID: "25f4cbb29a905ffd:e4110cf328601a91:25f4cbb29a905ffd:0" containerID: 4 datanodeUuid: "978c057e-5c38-4e20-8a8b-f271c823af7e" pipelineID: "825f4d0e-2629-43e6-a52f-cfd51574c841" writeChunk { blockID { containerID: 4 localID: 104015439626764310 blockCommitSequenceId: 0 } chunkData { chunkName: "104015439626764310_chunk_1" offset: 0 len: 10240 checksumData { type: CRC32 bytesPerChecksum: 1048576 checksums: ">\344\315\231" } } }, container path=nonexistent
datanode_5_1  | 2020-04-17 18:54:03,490 [grpc-default-executor-0] INFO impl.RoleInfo: 978c057e-5c38-4e20-8a8b-f271c823af7e: start FollowerState
datanode_4_1  | org.apache.hadoop.hdds.scm.container.common.helpers.StorageContainerException: ContainerID 2 creation failed
datanode_6_1  | 2020-04-17 18:50:41,599 [pool-69-thread-1] INFO server.RaftServerConfigKeys: raft.server.log.statemachine.data.caching.enabled = true (custom)
scm_1         | 2020-04-17 18:50:38,329 [EventQueue-NodeRegistrationContainerReportForContainerSafeModeRule] INFO safemode.SCMSafeModeManager: ContainerSafeModeRule rule is successfully validated
datanode_2_1  | 2020-04-17 18:54:34,514 [Command processor thread] INFO impl.RaftServerProxy: 0e99e1b0-220f-42bd-a39f-d4658f80d0e4: remove group-79E0035D853A:null
datanode_5_1  | 2020-04-17 18:54:03,589 [grpc-default-executor-0] INFO ratis.XceiverServerRatis: Leader change notification received for group: group-CFD51574C841 with new leaderId: 0e99e1b0-220f-42bd-a39f-d4658f80d0e4
datanode_4_1  | 	at org.apache.hadoop.ozone.container.common.impl.HddsDispatcher.dispatchRequest(HddsDispatcher.java:254)
datanode_6_1  | 2020-04-17 18:50:41,600 [pool-69-thread-1] INFO segmented.SegmentedRaftLogWorker: 79669a1f-2445-496e-a337-3115205f3ae5@group-F5BD6C5F0281-SegmentedRaftLogWorker: flushIndex: setUnconditionally 0 -> -1
datanode_5_1  | 2020-04-17 18:54:03,589 [grpc-default-executor-0] INFO impl.RaftServerImpl: 978c057e-5c38-4e20-8a8b-f271c823af7e@group-CFD51574C841: change Leader from null to 0e99e1b0-220f-42bd-a39f-d4658f80d0e4 at term 1 for appendEntries, leader elected after 5243ms
datanode_4_1  | 	at org.apache.hadoop.ozone.container.common.impl.HddsDispatcher.dispatch(HddsDispatcher.java:162)
datanode_4_1  | 	at org.apache.hadoop.ozone.container.common.transport.server.ratis.ContainerStateMachine.dispatchCommand(ContainerStateMachine.java:402)
datanode_4_1  | 	at org.apache.hadoop.ozone.container.common.transport.server.ratis.ContainerStateMachine.runCommand(ContainerStateMachine.java:412)
datanode_4_1  | 	at org.apache.hadoop.ozone.container.common.transport.server.ratis.ContainerStateMachine.lambda$handleWriteChunk$2(ContainerStateMachine.java:447)
datanode_4_1  | 	at java.base/java.util.concurrent.CompletableFuture$AsyncSupply.run(CompletableFuture.java:1700)
datanode_6_1  | 2020-04-17 18:50:41,638 [pool-69-thread-1] INFO server.RaftServerConfigKeys: raft.server.snapshot.auto.trigger.enabled = true (custom)
datanode_5_1  | 2020-04-17 18:54:03,602 [grpc-default-executor-0] INFO impl.RaftServerImpl: 978c057e-5c38-4e20-8a8b-f271c823af7e@group-CFD51574C841: set configuration 0: [978c057e-5c38-4e20-8a8b-f271c823af7e:10.5.0.8:9858, 79669a1f-2445-496e-a337-3115205f3ae5:10.5.0.9:9858, 0e99e1b0-220f-42bd-a39f-d4658f80d0e4:10.5.0.5:9858], old=null at 0
scm_1         | 2020-04-17 18:50:38,330 [RatisPipelineUtilsThread] INFO pipeline.RatisPipelineProvider: Sending CreatePipelineCommand for pipeline:PipelineID=f9d10128-1d59-4577-ad6c-51477cb1f421 to datanode:a0acbcec-d753-414c-b077-647d02aaa7fb
datanode_4_1  | 	at java.base/java.util.concurrent.ThreadPoolExecutor.runWorker(ThreadPoolExecutor.java:1128)
datanode_2_1  | 2020-04-17 18:54:34,515 [Command processor thread] ERROR commandhandler.ClosePipelineCommandHandler: Can't close pipeline #id: "cad403d1-ea2f-4530-84e5-79e0035d853a"
