scm_1       | 2021-04-12 13:09:04,431 [main] INFO metrics.RatisMetrics: Unregistering Metrics Registry : ratis.log_appender.0bde90e8-6539-4c1f-98b3-c7a31a50d984@group-53D660ACBAA2
recon_1     | 2021-04-12 13:09:47,113 [pool-17-thread-1] INFO retry.RetryInvocationHandler: com.google.protobuf.ServiceException: org.apache.hadoop.ipc.RemoteException(org.apache.hadoop.ozone.om.exceptions.OMNotLeaderException): OM:om1 is not the leader. Could not determine the leader node.
om_1        | 2021-04-12 13:09:43,750 [pool-18-thread-1] INFO segmented.SegmentedRaftLogWorker: new om1@group-C5BA1605619E-SegmentedRaftLogWorker for RaftStorageImpl:Storage Directory /data/metadata/ratis/bf265839-605b-3f16-9796-c5ba1605619e
kdc_1       | Apr 12 13:08:28 kdc krb5kdc[9](info): AS_REQ (8 etypes {18 17 20 19 16 23 25 26}) 127.0.0.1: ISSUE: authtime 1618232908, etypes {rep=18 tkt=18 ses=18}, admin/admin@EXAMPLE.COM for kadmin/admin@EXAMPLE.COM
scm_1       | 2021-04-12 13:09:04,435 [main] INFO metrics.RatisMetrics: Unregistering Metrics Registry : ratis.server.0bde90e8-6539-4c1f-98b3-c7a31a50d984@group-53D660ACBAA2
recon_1     | 	at org.apache.hadoop.ozone.protocolPB.OzoneManagerProtocolServerSideTranslatorPB.createNotLeaderException(OzoneManagerProtocolServerSideTranslatorPB.java:202)
om_1        | 2021-04-12 13:09:43,782 [pool-18-thread-1] INFO server.RaftServerConfigKeys: raft.server.log.queue.byte-limit = 64MB (=67108864) (default)
kdc_1       | Apr 12 13:08:28 kdc krb5kdc[9](info): AS_REQ (8 etypes {18 17 20 19 16 23 25 26}) 127.0.0.1: SERVER_NOT_FOUND: admin/admin@EXAMPLE.COM for kadmin/localhost@EXAMPLE.COM, Server not found in Kerberos database
scm_1       | 2021-04-12 13:09:04,442 [0bde90e8-6539-4c1f-98b3-c7a31a50d984@group-53D660ACBAA2-StateMachineUpdater] INFO impl.StateMachineUpdater: 0bde90e8-6539-4c1f-98b3-c7a31a50d984@group-53D660ACBAA2-StateMachineUpdater: Took a snapshot at index 0
recon_1     | 	at org.apache.hadoop.ozone.protocolPB.OzoneManagerProtocolServerSideTranslatorPB.createLeaderErrorException(OzoneManagerProtocolServerSideTranslatorPB.java:215)
om_1        | 2021-04-12 13:09:43,793 [pool-18-thread-1] INFO server.RaftServerConfigKeys: raft.server.log.queue.element-limit = 4096 (default)
kdc_1       | Apr 12 13:08:28 kdc krb5kdc[9](info): AS_REQ (8 etypes {18 17 20 19 16 23 25 26}) 127.0.0.1: ISSUE: authtime 1618232908, etypes {rep=18 tkt=18 ses=18}, admin/admin@EXAMPLE.COM for kadmin/admin@EXAMPLE.COM
scm_1       | 2021-04-12 13:09:04,443 [0bde90e8-6539-4c1f-98b3-c7a31a50d984@group-53D660ACBAA2-StateMachineUpdater] INFO impl.StateMachineUpdater: 0bde90e8-6539-4c1f-98b3-c7a31a50d984@group-53D660ACBAA2-StateMachineUpdater: snapshotIndex: updateIncreasingly -1 -> 0
om_1        | 2021-04-12 13:09:43,795 [pool-18-thread-1] INFO server.RaftServerConfigKeys: raft.server.log.segment.size.max = 4194304 (custom)
recon_1     | 	at org.apache.hadoop.ozone.protocolPB.OzoneManagerProtocolServerSideTranslatorPB.submitReadRequestToOM(OzoneManagerProtocolServerSideTranslatorPB.java:192)
kdc_1       | Apr 12 13:08:28 kdc krb5kdc[9](info): AS_REQ (8 etypes {18 17 20 19 16 23 25 26}) 127.0.0.1: SERVER_NOT_FOUND: admin/admin@EXAMPLE.COM for kadmin/localhost@EXAMPLE.COM, Server not found in Kerberos database
scm_1       | 2021-04-12 13:09:04,456 [0bde90e8-6539-4c1f-98b3-c7a31a50d984@group-53D660ACBAA2-StateMachineUpdater] INFO metrics.RatisMetrics: Unregistering Metrics Registry : ratis.state_machine.0bde90e8-6539-4c1f-98b3-c7a31a50d984@group-53D660ACBAA2
om_1        | 2021-04-12 13:09:43,802 [pool-18-thread-1] INFO server.RaftServerConfigKeys: raft.server.log.preallocated.size = 4194304 (custom)
recon_1     | 	at org.apache.hadoop.ozone.protocolPB.OzoneManagerProtocolServerSideTranslatorPB.processRequest(OzoneManagerProtocolServerSideTranslatorPB.java:132)
kdc_1       | Apr 12 13:08:28 kdc krb5kdc[9](info): AS_REQ (8 etypes {18 17 20 19 16 23 25 26}) 127.0.0.1: ISSUE: authtime 1618232908, etypes {rep=18 tkt=18 ses=18}, admin/admin@EXAMPLE.COM for kadmin/admin@EXAMPLE.COM
scm_1       | 2021-04-12 13:09:04,455 [main] INFO impl.StateMachineUpdater: 0bde90e8-6539-4c1f-98b3-c7a31a50d984@group-53D660ACBAA2-StateMachineUpdater: set stopIndex = 0
om_1        | 2021-04-12 13:09:43,803 [pool-18-thread-1] INFO server.RaftServerConfigKeys: raft.server.log.force.sync.num = 128 (default)
recon_1     | 	at org.apache.hadoop.hdds.server.OzoneProtocolMessageDispatcher.processRequest(OzoneProtocolMessageDispatcher.java:87)
kdc_1       | Apr 12 13:08:29 kdc krb5kdc[9](info): AS_REQ (8 etypes {18 17 20 19 16 23 25 26}) 127.0.0.1: SERVER_NOT_FOUND: admin/admin@EXAMPLE.COM for kadmin/localhost@EXAMPLE.COM, Server not found in Kerberos database
scm_1       | 2021-04-12 13:09:04,464 [main] INFO server.RaftServer$Division: 0bde90e8-6539-4c1f-98b3-c7a31a50d984@group-53D660ACBAA2: closes. applyIndex: 0
om_1        | 2021-04-12 13:09:43,804 [pool-18-thread-1] INFO server.RaftServerConfigKeys: raft.server.log.statemachine.data.sync = true (default)
recon_1     | 	at org.apache.hadoop.ozone.protocolPB.OzoneManagerProtocolServerSideTranslatorPB.submitRequest(OzoneManagerProtocolServerSideTranslatorPB.java:122)
kdc_1       | Apr 12 13:08:29 kdc krb5kdc[9](info): AS_REQ (8 etypes {18 17 20 19 16 23 25 26}) 127.0.0.1: ISSUE: authtime 1618232909, etypes {rep=18 tkt=18 ses=18}, admin/admin@EXAMPLE.COM for kadmin/admin@EXAMPLE.COM
scm_1       | 2021-04-12 13:09:04,471 [0bde90e8-6539-4c1f-98b3-c7a31a50d984@group-53D660ACBAA2-SegmentedRaftLogWorker] INFO segmented.SegmentedRaftLogWorker: 0bde90e8-6539-4c1f-98b3-c7a31a50d984@group-53D660ACBAA2-SegmentedRaftLogWorker was interrupted, exiting. There are 0 tasks remaining in the queue.
om_1        | 2021-04-12 13:09:43,804 [pool-18-thread-1] INFO server.RaftServerConfigKeys: raft.server.log.statemachine.data.sync.timeout = 10s (default)
recon_1     | 	at org.apache.hadoop.ozone.protocol.proto.OzoneManagerProtocolProtos$OzoneManagerService$2.callBlockingMethod(OzoneManagerProtocolProtos.java)
kdc_1       | Generating keytab
scm_1       | 2021-04-12 13:09:04,472 [main] INFO segmented.SegmentedRaftLogWorker: 0bde90e8-6539-4c1f-98b3-c7a31a50d984@group-53D660ACBAA2-SegmentedRaftLogWorker close()
om_1        | 2021-04-12 13:09:43,806 [pool-18-thread-1] INFO server.RaftServerConfigKeys: raft.server.log.statemachine.data.sync.timeout.retry = -1 (default)
recon_1     | 	at org.apache.hadoop.ipc.ProtobufRpcEngine$Server$ProtoBufRpcInvoker.call(ProtobufRpcEngine.java:528)
kdc_1       | Authenticating as principal admin/admin with keytab /tmp/admin.keytab.
scm_1       | 2021-04-12 13:09:04,472 [main] INFO metrics.RatisMetrics: Unregistering Metrics Registry : ratis.log_worker.0bde90e8-6539-4c1f-98b3-c7a31a50d984@group-53D660ACBAA2
om_1        | 2021-04-12 13:09:43,840 [pool-18-thread-1] INFO server.RaftServerConfigKeys: raft.server.log.write.buffer.size = 64KB (=65536) (default)
recon_1     | 	at org.apache.hadoop.ipc.RPC$Server.call(RPC.java:1086)
kdc_1       | WARNING: no policy specified for recon/recon@EXAMPLE.COM; defaulting to no policy
scm_1       | 2021-04-12 13:09:04,472 [main] INFO metrics.RatisMetrics: Unregistering Metrics Registry : ratis.leader_election.0bde90e8-6539-4c1f-98b3-c7a31a50d984@group-53D660ACBAA2
om_1        | 2021-04-12 13:09:43,846 [pool-18-thread-1] INFO server.RaftServerConfigKeys: raft.server.log.statemachine.data.caching.enabled = false (default)
recon_1     | 	at org.apache.hadoop.ipc.Server$RpcCall.run(Server.java:1029)
kdc_1       | Principal "recon/recon@EXAMPLE.COM" created.
scm_1       | 2021-04-12 13:09:04,472 [main] INFO metrics.RatisMetrics: Unregistering Metrics Registry : ratis.server.0bde90e8-6539-4c1f-98b3-c7a31a50d984@group-53D660ACBAA2
om_1        | 2021-04-12 13:09:43,870 [pool-18-thread-1] INFO segmented.SegmentedRaftLogWorker: om1@group-C5BA1605619E-SegmentedRaftLogWorker: flushIndex: setUnconditionally 0 -> -1
recon_1     | 	at org.apache.hadoop.ipc.Server$RpcCall.run(Server.java:957)
kdc_1       | Authenticating as principal admin/admin with keytab /tmp/admin.keytab.
scm_1       | 2021-04-12 13:09:04,474 [main] INFO server.GrpcService: 0bde90e8-6539-4c1f-98b3-c7a31a50d984: shutdown server with port 9865 now
om_1        | 2021-04-12 13:09:43,870 [pool-18-thread-1] INFO segmented.SegmentedRaftLogWorker: om1@group-C5BA1605619E-SegmentedRaftLogWorker: safeCacheEvictIndex: setUnconditionally 0 -> -1
recon_1     | 	at java.base/java.security.AccessController.doPrivileged(Native Method)
kdc_1       | Entry for principal recon/recon@EXAMPLE.COM with kvno 2, encryption type aes256-cts-hmac-sha1-96 added to keytab WRFILE:/data/recon.recon.keytab.
scm_1       | 2021-04-12 13:09:04,486 [main] INFO server.GrpcService: 0bde90e8-6539-4c1f-98b3-c7a31a50d984: shutdown server with port 9865 successfully
om_1        | 2021-04-12 13:09:43,898 [pool-18-thread-1] INFO server.RaftServerConfigKeys: raft.server.snapshot.auto.trigger.enabled = true (custom)
recon_1     | 	at java.base/javax.security.auth.Subject.doAs(Subject.java:423)
kdc_1       | Entry for principal recon/recon@EXAMPLE.COM with kvno 2, encryption type aes128-cts-hmac-sha1-96 added to keytab WRFILE:/data/recon.recon.keytab.
scm_1       | 2021-04-12 13:09:04,487 [org.apache.ratis.util.JvmPauseMonitor$$Lambda$306/0x000000084025d440@1d25c1c] INFO util.JvmPauseMonitor: JvmPauseMonitor-0bde90e8-6539-4c1f-98b3-c7a31a50d984: Stopped
om_1        | 2021-04-12 13:09:43,898 [pool-18-thread-1] INFO server.RaftServerConfigKeys: raft.server.snapshot.auto.trigger.threshold = 400000 (default)
recon_1     | 	at org.apache.hadoop.security.UserGroupInformation.doAs(UserGroupInformation.java:1762)
kdc_1       | Generating keytab
scm_1       | 2021-04-12 13:09:04,501 [main] INFO ha.HASecurityUtils: Initializing secure StorageContainerManager.
om_1        | 2021-04-12 13:09:43,900 [pool-18-thread-1] INFO server.RaftServerConfigKeys: raft.server.snapshot.retention.file.num = -1 (default)
recon_1     | 	at org.apache.hadoop.ipc.Server$Handler.run(Server.java:2957)
scm_1       | 2021-04-12 13:09:05,603 [main] ERROR client.SCMCertificateClient: Default certificate serial id is not set. Can't locate the default certificate for this client.
kdc_1       | Authenticating as principal admin/admin with keytab /tmp/admin.keytab.
om_1        | 2021-04-12 13:09:43,901 [pool-18-thread-1] INFO server.RaftServerConfigKeys: raft.server.log.purge.upto.snapshot.index = true (custom)
recon_1     | , while invoking $Proxy41.submitRequest over nodeId=null,nodeAddress=om:9862 after 4 failover attempts. Trying to failover after sleeping for 10000ms.
scm_1       | 2021-04-12 13:09:05,606 [main] INFO client.SCMCertificateClient: Certificate client init case: 0
kdc_1       | WARNING: no policy specified for HTTP/recon@EXAMPLE.COM; defaulting to no policy
om_1        | 2021-04-12 13:09:43,907 [pool-18-thread-1] INFO server.RaftServerConfigKeys: raft.server.retrycache.expirytime = 300s (custom)
recon_1     | 2021-04-12 13:09:57,785 [pool-17-thread-1] INFO impl.OzoneManagerServiceProviderImpl: Got new checkpoint from OM : /data/metadata/om.snapshot.db_1618232965754
scm_1       | 2021-04-12 13:09:05,608 [main] INFO client.SCMCertificateClient: Creating keypair for client as keypair and certificate not found.
kdc_1       | Principal "HTTP/recon@EXAMPLE.COM" created.
om_1        | 2021-04-12 13:09:43,908 [pool-18-thread-1] INFO server.RaftServerConfigKeys: raft.server.retrycache.statistics.expirytime = 100?s (default)
recon_1     | 2021-04-12 13:09:57,788 [pool-17-thread-1] INFO codec.OmKeyInfoCodec: OmKeyInfoCodec ignorePipeline = true
scm_1       | 2021-04-12 13:09:06,424 [main] INFO ha.HASecurityUtils: Init response: GETCERT
kdc_1       | Authenticating as principal admin/admin with keytab /tmp/admin.keytab.
om_1        | 2021-04-12 13:09:43,971 [pool-18-thread-1] INFO metrics.RatisMetrics: Creating Metrics Registry : ratis.leader_election.om1@group-C5BA1605619E
om_1        | 2021-04-12 13:09:43,978 [pool-18-thread-1] INFO metrics.RatisMetrics: Creating Metrics Registry : ratis.server.om1@group-C5BA1605619E
scm_1       | 2021-04-12 13:09:06,809 [main] INFO ozone.OzoneSecurityUtil: Adding ip:172.18.0.9,host:scm
kdc_1       | Entry for principal HTTP/recon@EXAMPLE.COM with kvno 2, encryption type aes256-cts-hmac-sha1-96 added to keytab WRFILE:/data/HTTP.recon.keytab.
kdc_1       | Entry for principal HTTP/recon@EXAMPLE.COM with kvno 2, encryption type aes128-cts-hmac-sha1-96 added to keytab WRFILE:/data/HTTP.recon.keytab.
om_1        | 2021-04-12 13:09:43,999 [Listener at om/9862] INFO impl.MetricsConfig: Loaded properties from hadoop-metrics2.properties
recon_1     | 2021-04-12 13:09:57,789 [pool-17-thread-1] INFO codec.RepeatedOmKeyInfoCodec: RepeatedOmKeyInfoCodec ignorePipeline = true
recon_1     | 2021-04-12 13:09:57,830 [pool-17-thread-1] INFO recovery.ReconOmMetadataManagerImpl: Created OM DB handle from snapshot at /data/metadata/om.snapshot.db_1618232965754.
kdc_1       | Apr 12 13:08:29 kdc kadmind[26](Notice): Request: kadm5_init, admin/admin@EXAMPLE.COM, success, client=admin/admin@EXAMPLE.COM, service=kadmin/admin@EXAMPLE.COM, addr=127.0.0.1, vers=4, flavor=6
om_1        | 2021-04-12 13:09:44,030 [Listener at om/9862] INFO impl.MetricsSystemImpl: Scheduled Metric snapshot period at 10 second(s).
recon_1     | 2021-04-12 13:09:57,864 [pool-17-thread-1] INFO impl.OzoneManagerServiceProviderImpl: Calling reprocess on Recon tasks.
scm_1       | 2021-04-12 13:09:06,810 [main] INFO ozone.OzoneSecurityUtil: ip:127.0.0.1 not returned.
kdc_1       | Apr 12 13:08:29 kdc kadmind[26](Notice): Request: kadm5_get_policy, default, Policy does not exist, client=admin/admin@EXAMPLE.COM, service=kadmin/admin@EXAMPLE.COM, addr=127.0.0.1
om_1        | 2021-04-12 13:09:44,031 [Listener at om/9862] INFO impl.MetricsSystemImpl: OzoneManager metrics system started
recon_1     | 2021-04-12 13:09:58,066 [pool-18-thread-1] INFO tasks.TableCountTask: Completed a 'reprocess' run of TableCountTask.
scm_1       | 2021-04-12 13:09:06,914 [main] INFO ozone.OzoneSecurityUtil: Adding ip:172.18.0.9,host:scm
kdc_1       | Apr 12 13:08:29 kdc kadmind[26](Notice): Request: kadm5_create_principal, recon/recon@EXAMPLE.COM, success, client=admin/admin@EXAMPLE.COM, service=kadmin/admin@EXAMPLE.COM, addr=127.0.0.1
om_1        | 2021-04-12 13:09:44,106 [Listener at om/9862] INFO om.OzoneManager: OzoneManager RPC server is listening at om/172.18.0.10:9862
recon_1     | 2021-04-12 13:09:58,069 [pool-18-thread-1] INFO tasks.ContainerKeyMapperTask: Starting a 'reprocess' run of ContainerKeyMapperTask.
scm_1       | 2021-04-12 13:09:06,914 [main] INFO ozone.OzoneSecurityUtil: ip:127.0.0.1 not returned.
kdc_1       | Apr 12 13:08:29 kdc kadmind[26](info): closing down fd 18
om_1        | 2021-04-12 13:09:44,106 [Listener at om/9862] INFO ratis.OzoneManagerRatisServer: Starting OzoneManagerRatisServer om1 at port 9872
recon_1     | 2021-04-12 13:09:58,099 [pool-18-thread-1] INFO impl.ContainerDBServiceProviderImpl: Creating new Recon Container DB at /data/metadata/recon/recon-container-key.db_1618232998070
scm_1       | 2021-04-12 13:09:06,915 [main] ERROR client.SCMCertificateClient: Invalid domain scm
kdc_1       | Apr 12 13:08:29 kdc kadmind[26](Notice): Request: kadm5_init, admin/admin@EXAMPLE.COM, success, client=admin/admin@EXAMPLE.COM, service=kadmin/admin@EXAMPLE.COM, addr=127.0.0.1, vers=4, flavor=6
om_1        | 2021-04-12 13:09:44,108 [Listener at om/9862] INFO server.RaftServer$Division: om1@group-C5BA1605619E: start as a follower, conf=-1: [om1|rpc:om:9872|priority:0], old=null
recon_1     | 2021-04-12 13:09:58,100 [pool-18-thread-1] INFO impl.ContainerDBServiceProviderImpl: Cleaning up old Recon Container key DB at /data/metadata/recon/recon-container-key.db_1618232931036.
scm_1       | 2021-04-12 13:09:06,917 [main] INFO ha.HASecurityUtils: Creating csr for SCM->hostName:scm,scmId:0bde90e8-6539-4c1f-98b3-c7a31a50d984,clusterId:CID-579c85cf-c347-4677-8d9f-53d660acbaa2,subject:scm-sub@scm
kdc_1       | Apr 12 13:08:29 kdc kadmind[26](Notice): Request: kadm5_randkey_principal, recon/recon@EXAMPLE.COM, success, client=admin/admin@EXAMPLE.COM, service=kadmin/admin@EXAMPLE.COM, addr=127.0.0.1
om_1        | 2021-04-12 13:09:44,110 [Listener at om/9862] INFO server.RaftServer$Division: om1@group-C5BA1605619E: changes role from      null to FOLLOWER at term 0 for startAsFollower
recon_1     | 2021-04-12 13:09:58,108 [pool-18-thread-1] INFO tasks.ContainerKeyMapperTask: Completed 'reprocess' of ContainerKeyMapperTask.
scm_1       | 2021-04-12 13:09:06,986 [main] INFO ha.HASecurityUtils: Successfully stored SCM signed certificate.
kdc_1       | Apr 12 13:08:29 kdc kadmind[26](Notice): Request: kadm5_get_principal, recon/recon@EXAMPLE.COM, success, client=admin/admin@EXAMPLE.COM, service=kadmin/admin@EXAMPLE.COM, addr=127.0.0.1
om_1        | 2021-04-12 13:09:44,111 [Listener at om/9862] INFO impl.RoleInfo: om1: start om1@group-C5BA1605619E-FollowerState
recon_1     | 2021-04-12 13:09:58,108 [pool-18-thread-1] INFO tasks.ContainerKeyMapperTask: It took me 0.039 seconds to process 0 keys.
scm_1       | 2021-04-12 13:09:06,988 [main] INFO server.StorageContainerManager: SCM initialization succeeded. Current cluster id for sd=/data/metadata/scm; cid=CID-579c85cf-c347-4677-8d9f-53d660acbaa2; layoutVersion=0; scmId=0bde90e8-6539-4c1f-98b3-c7a31a50d984
kdc_1       | Apr 12 13:08:29 kdc kadmind[26](info): closing down fd 18
om_1        | 2021-04-12 13:09:44,113 [Listener at om/9862] INFO util.JmxRegister: Successfully registered JMX Bean with object name Ratis:service=RaftServer,group=group-C5BA1605619E,id=om1
recon_1     | 2021-04-12 13:09:58,133 [pool-18-thread-1] INFO tasks.FileSizeCountTask: Deleted 0 records from "FILE_COUNT_BY_SIZE"
scm_1       | 2021-04-12 13:09:07,008 [shutdown-hook-0] INFO server.StorageContainerManagerStarter: SHUTDOWN_MSG: 
kdc_1       | Apr 12 13:08:30 kdc kadmind[26](Notice): Request: kadm5_init, admin/admin@EXAMPLE.COM, success, client=admin/admin@EXAMPLE.COM, service=kadmin/admin@EXAMPLE.COM, addr=127.0.0.1, vers=4, flavor=6
om_1        | 2021-04-12 13:09:44,114 [Listener at om/9862] INFO metrics.RatisMetrics: Creating Metrics Registry : ratis.state_machine.om1@group-C5BA1605619E
recon_1     | 2021-04-12 13:09:58,134 [pool-18-thread-1] INFO tasks.FileSizeCountTask: Completed a 'reprocess' run of FileSizeCountTask.
scm_1       | /************************************************************
kdc_1       | Apr 12 13:08:30 kdc kadmind[26](Notice): Request: kadm5_get_policy, default, Policy does not exist, client=admin/admin@EXAMPLE.COM, service=kadmin/admin@EXAMPLE.COM, addr=127.0.0.1
om_1        | 2021-04-12 13:09:44,124 [Listener at om/9862] INFO server.RaftServer: om1: start RPC server
recon_1     | 2021-04-12 13:10:16,750 [Socket Reader #1 for port 9891] INFO ipc.Server: Auth successful for dn/5ec6164f5fa1@EXAMPLE.COM (auth:KERBEROS) from 172.18.0.5:45037
scm_1       | SHUTDOWN_MSG: Shutting down StorageContainerManager at scm/172.18.0.9
kdc_1       | Apr 12 13:08:30 kdc kadmind[26](Notice): Request: kadm5_create_principal, HTTP/recon@EXAMPLE.COM, success, client=admin/admin@EXAMPLE.COM, service=kadmin/admin@EXAMPLE.COM, addr=127.0.0.1
om_1        | 2021-04-12 13:09:44,202 [Listener at om/9862] INFO server.GrpcService: om1: GrpcService started, listening on 9872
recon_1     | 2021-04-12 13:10:16,763 [Socket Reader #1 for port 9891] INFO authorize.ServiceAuthorizationManager: Authorization successful for dn/5ec6164f5fa1@EXAMPLE.COM (auth:KERBEROS) for protocol=interface org.apache.hadoop.ozone.protocol.ReconDatanodeProtocol
scm_1       | ************************************************************/
kdc_1       | Apr 12 13:08:30 kdc kadmind[26](info): closing down fd 18
om_1        | 2021-04-12 13:09:44,206 [Listener at om/9862] INFO om.OzoneManager: Reading keypair and certificate from file system.
recon_1     | 2021-04-12 13:10:17,710 [Socket Reader #1 for port 9891] INFO ipc.Server: Auth successful for dn/e6c9daaaf031@EXAMPLE.COM (auth:KERBEROS) from 172.18.0.2:34147
scm_1       | No '-XX:...' jvm parameters are set. Adding safer GC settings '-XX:ParallelGCThreads=8 -XX:+UseConcMarkSweepGC -XX:CMSInitiatingOccupancyFraction=70 -XX:+CMSParallelRemarkEnabled' to the OZONE_OPTS
kdc_1       | Apr 12 13:08:30 kdc kadmind[26](Notice): Request: kadm5_init, admin/admin@EXAMPLE.COM, success, client=admin/admin@EXAMPLE.COM, service=kadmin/admin@EXAMPLE.COM, addr=127.0.0.1, vers=4, flavor=6
om_1        | 2021-04-12 13:09:44,207 [org.apache.ratis.util.JvmPauseMonitor$$Lambda$382/0x0000000840547040@507187c1] INFO util.JvmPauseMonitor: JvmPauseMonitor-om1: Started
recon_1     | 2021-04-12 13:10:17,712 [Socket Reader #1 for port 9891] INFO authorize.ServiceAuthorizationManager: Authorization successful for dn/e6c9daaaf031@EXAMPLE.COM (auth:KERBEROS) for protocol=interface org.apache.hadoop.ozone.protocol.ReconDatanodeProtocol
scm_1       | OpenJDK 64-Bit Server VM warning: Option UseConcMarkSweepGC was deprecated in version 9.0 and will likely be removed in a future release.
kdc_1       | Apr 12 13:08:30 kdc kadmind[26](Notice): Request: kadm5_randkey_principal, HTTP/recon@EXAMPLE.COM, success, client=admin/admin@EXAMPLE.COM, service=kadmin/admin@EXAMPLE.COM, addr=127.0.0.1
om_1        | 2021-04-12 13:09:44,208 [Listener at om/9862] INFO om.OzoneManager: Starting OM block token secret manager
recon_1     | 2021-04-12 13:10:46,769 [Socket Reader #1 for port 9891] INFO ipc.Server: Auth successful for dn/5ec6164f5fa1@EXAMPLE.COM (auth:KERBEROS) from 172.18.0.5:36625
scm_1       | 2021-04-12 13:09:08,288 [main] INFO server.StorageContainerManagerStarter: STARTUP_MSG: 
kdc_1       | Apr 12 13:08:30 kdc kadmind[26](Notice): Request: kadm5_get_principal, HTTP/recon@EXAMPLE.COM, success, client=admin/admin@EXAMPLE.COM, service=kadmin/admin@EXAMPLE.COM, addr=127.0.0.1
om_1        | 2021-04-12 13:09:44,208 [Listener at om/9862] INFO security.OzoneBlockTokenSecretManager: Updating the current master key for generating tokens
recon_1     | 2021-04-12 13:10:46,776 [Socket Reader #1 for port 9891] INFO authorize.ServiceAuthorizationManager: Authorization successful for dn/5ec6164f5fa1@EXAMPLE.COM (auth:KERBEROS) for protocol=interface org.apache.hadoop.ozone.protocol.ReconDatanodeProtocol
scm_1       | /************************************************************
kdc_1       | Apr 12 13:08:30 kdc kadmind[26](info): closing down fd 18
om_1        | 2021-04-12 13:09:44,213 [Listener at om/9862] INFO om.OzoneManager: Starting OM delegation token secret manager
recon_1     | 2021-04-12 13:10:47,702 [Socket Reader #1 for port 9891] INFO ipc.Server: Auth successful for dn/e6c9daaaf031@EXAMPLE.COM (auth:KERBEROS) from 172.18.0.2:35469
scm_1       | STARTUP_MSG: Starting StorageContainerManager
scm_1       | STARTUP_MSG:   host = scm/172.18.0.9
om_1        | 2021-04-12 13:09:44,213 [Listener at om/9862] INFO security.OzoneDelegationTokenSecretManager: Updating the current master key for generating tokens
recon_1     | 2021-04-12 13:10:47,707 [Socket Reader #1 for port 9891] INFO authorize.ServiceAuthorizationManager: Authorization successful for dn/e6c9daaaf031@EXAMPLE.COM (auth:KERBEROS) for protocol=interface org.apache.hadoop.ozone.protocol.ReconDatanodeProtocol
scm_1       | STARTUP_MSG:   args = []
kdc_1       | Apr 12 13:08:29 kdc krb5kdc[9](info): AS_REQ (8 etypes {18 17 20 19 16 23 25 26}) 127.0.0.1: SERVER_NOT_FOUND: admin/admin@EXAMPLE.COM for kadmin/localhost@EXAMPLE.COM, Server not found in Kerberos database
om_1        | 2021-04-12 13:09:44,221 [Thread[Thread-14,5,main]] INFO security.OzoneDelegationTokenSecretManager: Starting expired delegation token remover thread, tokenRemoverScanInterval=60 min(s)
recon_1     | 2021-04-12 13:10:58,158 [pool-17-thread-1] INFO impl.OzoneManagerServiceProviderImpl: Syncing data from Ozone Manager.
scm_1       | STARTUP_MSG:   version = 1.1.0-SNAPSHOT
kdc_1       | Apr 12 13:08:29 kdc krb5kdc[9](info): AS_REQ (8 etypes {18 17 20 19 16 23 25 26}) 127.0.0.1: ISSUE: authtime 1618232909, etypes {rep=18 tkt=18 ses=18}, admin/admin@EXAMPLE.COM for kadmin/admin@EXAMPLE.COM
kdc_1       | Apr 12 13:08:29 kdc krb5kdc[9](info): AS_REQ (8 etypes {18 17 20 19 16 23 25 26}) 127.0.0.1: SERVER_NOT_FOUND: admin/admin@EXAMPLE.COM for kadmin/localhost@EXAMPLE.COM, Server not found in Kerberos database
recon_1     | 2021-04-12 13:10:58,161 [pool-17-thread-1] INFO codec.RepeatedOmKeyInfoCodec: RepeatedOmKeyInfoCodec ignorePipeline = true
kdc_1       | Apr 12 13:08:29 kdc krb5kdc[9](info): AS_REQ (8 etypes {18 17 20 19 16 23 25 26}) 127.0.0.1: ISSUE: authtime 1618232909, etypes {rep=18 tkt=18 ses=18}, admin/admin@EXAMPLE.COM for kadmin/admin@EXAMPLE.COM
om_1        | 2021-04-12 13:09:44,287 [Listener at om/9862] INFO http.BaseHttpServer: Starting Web-server for ozoneManager at: http://0.0.0.0:9874
scm_1       | STARTUP_MSG:   classpath = /etc/hadoop:/opt/hadoop/share/ozone/lib/jackson-annotations-2.12.1.jar:/opt/hadoop/share/ozone/lib/kerb-simplekdc-1.0.1.jar:/opt/hadoop/share/ozone/lib/okhttp-4.2.2.jar:/opt/hadoop/share/ozone/lib/hadoop-hdds-container-service-1.1.0-SNAPSHOT.jar:/opt/hadoop/share/ozone/lib/slf4j-log4j12-1.7.30.jar:/opt/hadoop/share/ozone/lib/protobuf-java-2.5.0.jar:/opt/hadoop/share/ozone/lib/log4j-api-2.13.3.jar:/opt/hadoop/share/ozone/lib/commons-validator-1.6.jar:/opt/hadoop/share/ozone/lib/bcpkix-jdk15on-1.67.jar:/opt/hadoop/share/ozone/lib/jetty-security-9.4.35.v20201120.jar:/opt/hadoop/share/ozone/lib/ratis-server-2.0.0.jar:/opt/hadoop/share/ozone/lib/kerb-core-1.0.1.jar:/opt/hadoop/share/ozone/lib/picocli-4.4.0.jar:/opt/hadoop/share/ozone/lib/jsr305-3.0.0.jar:/opt/hadoop/share/ozone/lib/ratis-server-api-2.0.0.jar:/opt/hadoop/share/ozone/lib/j2objc-annotations-1.3.jar:/opt/hadoop/share/ozone/lib/leveldbjni-all-1.8.jar:/opt/hadoop/share/ozone/lib/jaeger-tracerresolver-1.2.0.jar:/opt/hadoop/share/ozone/lib/hadoop-hdds-interface-server-1.1.0-SNAPSHOT.jar:/opt/hadoop/share/ozone/lib/htrace-core4-4.1.0-incubating.jar:/opt/hadoop/share/ozone/lib/kerb-util-1.0.1.jar:/opt/hadoop/share/ozone/lib/kotlin-stdlib-common-1.4.31.jar:/opt/hadoop/share/ozone/lib/jaeger-thrift-1.2.0.jar:/opt/hadoop/share/ozone/lib/javax.activation-api-1.2.0.jar:/opt/hadoop/share/ozone/lib/commons-logging-1.2.jar:/opt/hadoop/share/ozone/lib/hadoop-auth-3.2.2.jar:/opt/hadoop/share/ozone/lib/kerby-xdr-1.0.1.jar:/opt/hadoop/share/ozone/lib/jackson-datatype-jsr310-2.12.1.jar:/opt/hadoop/share/ozone/lib/httpcore-4.4.13.jar:/opt/hadoop/share/ozone/lib/opentracing-tracerresolver-0.1.8.jar:/opt/hadoop/share/ozone/lib/commons-net-3.6.jar:/opt/hadoop/share/ozone/lib/hadoop-common-3.2.2.jar:/opt/hadoop/share/ozone/lib/ratis-netty-2.0.0.jar:/opt/hadoop/share/ozone/lib/snakeyaml-1.26.jar:/opt/hadoop/share/ozone/lib/jaeger-core-1.2.0.jar:/opt/hadoop/share/ozone/lib/error_prone_annotations-2.2.0.jar:/opt/hadoop/share/ozone/lib/httpclient-4.5.13.jar:/opt/hadoop/share/ozone/lib/ratis-client-2.0.0.jar:/opt/hadoop/share/ozone/lib/okio-2.2.2.jar:/opt/hadoop/share/ozone/lib/kerby-config-1.0.1.jar:/opt/hadoop/share/ozone/lib/metrics-core-3.2.4.jar:/opt/hadoop/share/ozone/lib/guava-28.2-jre.jar:/opt/hadoop/share/ozone/lib/kerby-pkix-1.0.1.jar:/opt/hadoop/share/ozone/lib/jetty-webapp-9.4.35.v20201120.jar:/opt/hadoop/share/ozone/lib/xz-1.0.jar:/opt/hadoop/share/ozone/lib/jsr311-api-1.1.1.jar:/opt/hadoop/share/ozone/lib/hadoop-hdds-client-1.1.0-SNAPSHOT.jar:/opt/hadoop/share/ozone/lib/commons-beanutils-1.9.4.jar:/opt/hadoop/share/ozone/lib/javax.servlet-api-3.1.0.jar:/opt/hadoop/share/ozone/lib/kerb-server-1.0.1.jar:/opt/hadoop/share/ozone/lib/jetty-server-9.4.35.v20201120.jar:/opt/hadoop/share/ozone/lib/jetty-util-9.4.35.v20201120.jar:/opt/hadoop/share/ozone/lib/kerb-client-1.0.1.jar:/opt/hadoop/share/ozone/lib/jackson-core-2.12.1.jar:/opt/hadoop/share/ozone/lib/disruptor-3.4.2.jar:/opt/hadoop/share/ozone/lib/libthrift-0.13.0.jar:/opt/hadoop/share/ozone/lib/log4j-core-2.13.3.jar:/opt/hadoop/share/ozone/lib/annotations-13.0.jar:/opt/hadoop/share/ozone/lib/simpleclient_common-0.7.0.jar:/opt/hadoop/share/ozone/lib/jackson-databind-2.12.1.jar:/opt/hadoop/share/ozone/lib/ratis-thirdparty-misc-0.6.0.jar:/opt/hadoop/share/ozone/lib/dnsjava-2.1.7.jar:/opt/hadoop/share/ozone/lib/bcprov-jdk15on-1.67.jar:/opt/hadoop/share/ozone/lib/commons-configuration2-2.1.1.jar:/opt/hadoop/share/ozone/lib/json-smart-2.3.jar:/opt/hadoop/share/ozone/lib/token-provider-1.0.1.jar:/opt/hadoop/share/ozone/lib/log4j-1.2.17.jar:/opt/hadoop/share/ozone/lib/commons-daemon-1.0.13.jar:/opt/hadoop/share/ozone/lib/listenablefuture-9999.0-empty-to-avoid-conflict-with-guava.jar:/opt/hadoop/share/ozone/lib/hadoop-hdds-config-1.1.0-SNAPSHOT.jar:/opt/hadoop/share/ozone/lib/hadoop-hdds-common-1.1.0-SNAPSHOT.jar:/opt/hadoop/share/ozone/lib/commons-lang3-3.7.jar:/opt/hadoop/share/ozone/lib/commons-compress-1.4.1.jar:/opt/hadoop/share/ozone/lib/jetty-util-ajax-9.4.35.v20201120.jar:/opt/hadoop/share/ozone/lib/accessors-smart-1.2.jar:/opt/hadoop/share/ozone/lib/re2j-1.1.jar:/opt/hadoop/share/ozone/lib/jetty-io-9.4.35.v20201120.jar:/opt/hadoop/share/ozone/lib/jetty-xml-9.4.35.v20201120.jar:/opt/hadoop/share/ozone/lib/commons-math3-3.1.1.jar:/opt/hadoop/share/ozone/lib/simpleclient_dropwizard-0.7.0.jar:/opt/hadoop/share/ozone/lib/simpleclient-0.7.0.jar:/opt/hadoop/share/ozone/lib/ratis-metrics-2.0.0.jar:/opt/hadoop/share/ozone/lib/rocksdbjni-6.8.1.jar:/opt/hadoop/share/ozone/lib/asm-5.0.4.jar:/opt/hadoop/share/ozone/lib/kerby-util-1.0.1.jar:/opt/hadoop/share/ozone/lib/failureaccess-1.0.1.jar:/opt/hadoop/share/ozone/lib/jsp-api-2.1.jar:/opt/hadoop/share/ozone/lib/jsch-0.1.54.jar:/opt/hadoop/share/ozone/lib/ratis-grpc-2.0.0.jar:/opt/hadoop/share/ozone/lib/slf4j-api-1.7.30.jar:/opt/hadoop/share/ozone/lib/nimbus-jose-jwt-7.9.jar:/opt/hadoop/share/ozone/lib/commons-codec-1.11.jar:/opt/hadoop/share/ozone/lib/commons-pool2-2.6.0.jar:/opt/hadoop/share/ozone/lib/gson-2.2.4.jar:/opt/hadoop/share/ozone/lib/hadoop-hdfs-3.2.2.jar:/opt/hadoop/share/ozone/lib/opentracing-api-0.33.0.jar:/opt/hadoop/share/ozone/lib/ratis-common-2.0.0.jar:/opt/hadoop/share/ozone/lib/jcip-annotations-1.0-1.jar:/opt/hadoop/share/ozone/lib/kerb-admin-1.0.1.jar:/opt/hadoop/share/ozone/lib/commons-io-2.5.jar:/opt/hadoop/share/ozone/lib/kotlin-stdlib-1.4.31.jar:/opt/hadoop/share/ozone/lib/opentracing-noop-0.33.0.jar:/opt/hadoop/share/ozone/lib/jersey-core-1.19.jar:/opt/hadoop/share/ozone/lib/checker-qual-2.10.0.jar:/opt/hadoop/share/ozone/lib/ratis-proto-2.0.0.jar:/opt/hadoop/share/ozone/lib/opentracing-util-0.33.0.jar:/opt/hadoop/share/ozone/lib/hadoop-annotations-3.2.2.jar:/opt/hadoop/share/ozone/lib/commons-cli-1.2.jar:/opt/hadoop/share/ozone/lib/woodstox-core-5.0.3.jar:/opt/hadoop/share/ozone/lib/javax.annotation-api-1.2.jar:/opt/hadoop/share/ozone/lib/jetty-servlet-9.4.35.v20201120.jar:/opt/hadoop/share/ozone/lib/hadoop-hdds-interface-client-1.1.0-SNAPSHOT.jar:/opt/hadoop/share/ozone/lib/kerby-asn1-1.0.1.jar:/opt/hadoop/share/ozone/lib/hadoop-hdds-hadoop-dependency-client-1.1.0-SNAPSHOT.jar:/opt/hadoop/share/ozone/lib/stax2-api-3.1.4.jar:/opt/hadoop/share/ozone/lib/commons-digester-1.8.1.jar:/opt/hadoop/share/ozone/lib/commons-collections-3.2.2.jar:/opt/hadoop/share/ozone/lib/commons-text-1.4.jar:/opt/hadoop/share/ozone/lib/jersey-servlet-1.19.jar:/opt/hadoop/share/ozone/lib/kerb-identity-1.0.1.jar:/opt/hadoop/share/ozone/lib/hadoop-hdds-server-framework-1.1.0-SNAPSHOT.jar:/opt/hadoop/share/ozone/lib/hadoop-hdfs-client-3.2.2.jar:/opt/hadoop/share/ozone/lib/hadoop-hdds-hadoop-dependency-server-1.1.0-SNAPSHOT.jar:/opt/hadoop/share/ozone/lib/jaeger-client-1.2.0.jar:/opt/hadoop/share/ozone/lib/kerb-common-1.0.1.jar:/opt/hadoop/share/ozone/lib/hadoop-hdds-interface-admin-1.1.0-SNAPSHOT.jar:/opt/hadoop/share/ozone/lib/jersey-server-1.19.jar:/opt/hadoop/share/ozone/lib/kerb-crypto-1.0.1.jar:/opt/hadoop/share/ozone/lib/jetty-http-9.4.35.v20201120.jar:/opt/hadoop/share/ozone/web:/opt/hadoop/share/ozone/lib/hadoop-hdds-server-scm-1.1.0-SNAPSHOT.jar
recon_1     | 2021-04-12 13:10:58,161 [pool-17-thread-1] INFO codec.OmKeyInfoCodec: OmKeyInfoCodec ignorePipeline = true
kdc_1       | Apr 12 13:08:30 kdc krb5kdc[9](info): AS_REQ (8 etypes {18 17 20 19 16 23 25 26}) 127.0.0.1: SERVER_NOT_FOUND: admin/admin@EXAMPLE.COM for kadmin/localhost@EXAMPLE.COM, Server not found in Kerberos database
om_1        | 2021-04-12 13:09:44,287 [Listener at om/9862] INFO http.BaseHttpServer: Hadoop Security Enabled: true Ozone Security Enabled: true Ozone HTTP Security Enabled: true 
scm_1       | STARTUP_MSG:   build = https://github.com/apache/ozone/8ea5be9c065e0efcadc62bd1f6d9e6072f12ddd8 ; compiled by 'runner' on 2021-04-12T12:52Z
recon_1     | 2021-04-12 13:10:58,161 [pool-17-thread-1] INFO codec.OmKeyInfoCodec: OmKeyInfoCodec ignorePipeline = true
kdc_1       | Apr 12 13:08:30 kdc krb5kdc[9](info): AS_REQ (8 etypes {18 17 20 19 16 23 25 26}) 127.0.0.1: ISSUE: authtime 1618232910, etypes {rep=18 tkt=18 ses=18}, admin/admin@EXAMPLE.COM for kadmin/admin@EXAMPLE.COM
om_1        | 2021-04-12 13:09:44,287 [Listener at om/9862] INFO http.BaseHttpServer: HttpAuthType: ozone.om.http.auth.type = kerberos
scm_1       | STARTUP_MSG:   java = 11.0.10
recon_1     | 2021-04-12 13:10:58,161 [pool-17-thread-1] INFO impl.OzoneManagerServiceProviderImpl: Obtaining delta updates from Ozone Manager
kdc_1       | Apr 12 13:08:30 kdc krb5kdc[9](info): AS_REQ (8 etypes {18 17 20 19 16 23 25 26}) 127.0.0.1: SERVER_NOT_FOUND: admin/admin@EXAMPLE.COM for kadmin/localhost@EXAMPLE.COM, Server not found in Kerberos database
om_1        | 2021-04-12 13:09:44,336 [Listener at om/9862] INFO util.log: Logging initialized @18180ms to org.eclipse.jetty.util.log.Slf4jLog
scm_1       | ************************************************************/
recon_1     | 2021-04-12 13:10:58,200 [pool-17-thread-1] INFO impl.OzoneManagerServiceProviderImpl: Number of updates received from OM : 0
kdc_1       | Apr 12 13:08:30 kdc krb5kdc[9](info): AS_REQ (8 etypes {18 17 20 19 16 23 25 26}) 127.0.0.1: ISSUE: authtime 1618232910, etypes {rep=18 tkt=18 ses=18}, admin/admin@EXAMPLE.COM for kadmin/admin@EXAMPLE.COM
om_1        | 2021-04-12 13:09:44,555 [Listener at om/9862] INFO http.HttpRequestLog: Http request log for http.requests.ozoneManager is not defined
scm_1       | 2021-04-12 13:09:08,296 [main] INFO server.StorageContainerManagerStarter: registered UNIX signal handlers for [TERM, HUP, INT]
recon_1     | 2021-04-12 13:11:16,745 [Socket Reader #1 for port 9891] INFO ipc.Server: Auth successful for dn/5ec6164f5fa1@EXAMPLE.COM (auth:KERBEROS) from 172.18.0.5:46847
kdc_1       | Generating keytab
om_1        | 2021-04-12 13:09:44,561 [Listener at om/9862] INFO http.HttpServer2: Added global filter 'safety' (class=org.apache.hadoop.hdds.server.http.HttpServer2$QuotingInputFilter)
scm_1       | 2021-04-12 13:09:08,438 [main] INFO ha.SCMHANodeDetails: ServiceID for StorageContainerManager is null
recon_1     | 2021-04-12 13:11:16,753 [Socket Reader #1 for port 9891] INFO authorize.ServiceAuthorizationManager: Authorization successful for dn/5ec6164f5fa1@EXAMPLE.COM (auth:KERBEROS) for protocol=interface org.apache.hadoop.ozone.protocol.ReconDatanodeProtocol
kdc_1       | Authenticating as principal admin/admin with keytab /tmp/admin.keytab.
om_1        | 2021-04-12 13:09:44,563 [Listener at om/9862] INFO http.HttpServer2: Added filter authentication (class=org.apache.hadoop.security.authentication.server.AuthenticationFilter) to context ozoneManager
scm_1       | 2021-04-12 13:09:08,438 [main] INFO ha.SCMHANodeDetails: ozone.scm.default.service.id is not defined, falling back to ozone.scm.service.ids to find serviceID for StorageContainerManager if it is HA enabled cluster
recon_1     | 2021-04-12 13:11:17,726 [Socket Reader #1 for port 9891] INFO ipc.Server: Auth successful for dn/e6c9daaaf031@EXAMPLE.COM (auth:KERBEROS) from 172.18.0.2:39179
kdc_1       | WARNING: no policy specified for scm/scm@EXAMPLE.COM; defaulting to no policy
om_1        | 2021-04-12 13:09:44,563 [Listener at om/9862] INFO http.HttpServer2: Added filter authentication (class=org.apache.hadoop.security.authentication.server.AuthenticationFilter) to context logs
scm_1       | 2021-04-12 13:09:08,559 [main] WARN server.ServerUtils: ozone.scm.db.dirs is not configured. We recommend adding this setting. Falling back to ozone.metadata.dirs instead.
recon_1     | 2021-04-12 13:11:17,732 [Socket Reader #1 for port 9891] INFO authorize.ServiceAuthorizationManager: Authorization successful for dn/e6c9daaaf031@EXAMPLE.COM (auth:KERBEROS) for protocol=interface org.apache.hadoop.ozone.protocol.ReconDatanodeProtocol
kdc_1       | Principal "scm/scm@EXAMPLE.COM" created.
om_1        | 2021-04-12 13:09:44,563 [Listener at om/9862] INFO http.HttpServer2: Added filter authentication (class=org.apache.hadoop.security.authentication.server.AuthenticationFilter) to context static
scm_1       | 2021-04-12 13:09:09,241 [main] INFO client.SCMCertificateClient: Loading certificate from location:/data/metadata/scm/sub-ca/certs.
recon_1     | 2021-04-12 13:11:46,790 [Socket Reader #1 for port 9891] INFO ipc.Server: Auth successful for dn/5ec6164f5fa1@EXAMPLE.COM (auth:KERBEROS) from 172.18.0.5:43011
kdc_1       | Authenticating as principal admin/admin with keytab /tmp/admin.keytab.
om_1        | 2021-04-12 13:09:44,575 [Listener at om/9862] INFO http.HttpServer2: Initialize spnego with host: 0.0.0.0 userKey: ozone.om.http.auth.kerberos.principal keytabKey: ozone.om.http.auth.kerberos.keytab
scm_1       | 2021-04-12 13:09:09,346 [main] INFO client.SCMCertificateClient: Added certificate from file:/data/metadata/scm/sub-ca/certs/785866401245.crt.
recon_1     | 2021-04-12 13:11:46,824 [Socket Reader #1 for port 9891] INFO authorize.ServiceAuthorizationManager: Authorization successful for dn/5ec6164f5fa1@EXAMPLE.COM (auth:KERBEROS) for protocol=interface org.apache.hadoop.ozone.protocol.ReconDatanodeProtocol
kdc_1       | Entry for principal scm/scm@EXAMPLE.COM with kvno 2, encryption type aes256-cts-hmac-sha1-96 added to keytab WRFILE:/data/scm.scm.keytab.
om_1        | 2021-04-12 13:09:44,645 [Listener at om/9862] INFO http.HttpServer2: Jetty bound to port 9874
scm_1       | 2021-04-12 13:09:09,349 [main] INFO client.SCMCertificateClient: Added certificate from file:/data/metadata/scm/sub-ca/certs/certificate.crt.
recon_1     | 2021-04-12 13:11:47,712 [Socket Reader #1 for port 9891] INFO ipc.Server: Auth successful for dn/e6c9daaaf031@EXAMPLE.COM (auth:KERBEROS) from 172.18.0.2:42267
kdc_1       | Entry for principal scm/scm@EXAMPLE.COM with kvno 2, encryption type aes128-cts-hmac-sha1-96 added to keytab WRFILE:/data/scm.scm.keytab.
om_1        | 2021-04-12 13:09:44,653 [Listener at om/9862] INFO server.Server: jetty-9.4.35.v20201120; built: 2020-11-20T21:17:03.964Z; git: bdc54f03a5e0a7e280fab27f55c3c75ee8da89fb; jvm 11.0.10+9-LTS
scm_1       | 2021-04-12 13:09:09,357 [main] INFO client.SCMCertificateClient: Added certificate from file:/data/metadata/scm/sub-ca/certs/CA-1.crt.
recon_1     | 2021-04-12 13:11:47,720 [Socket Reader #1 for port 9891] INFO authorize.ServiceAuthorizationManager: Authorization successful for dn/e6c9daaaf031@EXAMPLE.COM (auth:KERBEROS) for protocol=interface org.apache.hadoop.ozone.protocol.ReconDatanodeProtocol
kdc_1       | Generating keytab
om_1        | 2021-04-12 13:09:44,696 [Listener at om/9862] INFO server.session: DefaultSessionIdManager workerName=node0
scm_1       | 2021-04-12 13:09:09,530 [main] INFO security.UserGroupInformation: Login successful for user scm/scm@EXAMPLE.COM using keytab file /etc/security/keytabs/scm.keytab
recon_1     | 2021-04-12 13:11:58,210 [pool-17-thread-1] INFO impl.OzoneManagerServiceProviderImpl: Syncing data from Ozone Manager.
kdc_1       | Authenticating as principal admin/admin with keytab /tmp/admin.keytab.
om_1        | 2021-04-12 13:09:44,696 [Listener at om/9862] INFO server.session: No SessionScavenger set, using defaults
scm_1       | 2021-04-12 13:09:09,530 [main] INFO server.StorageContainerManager: SCM login successful.
kdc_1       | WARNING: no policy specified for HTTP/scm@EXAMPLE.COM; defaulting to no policy
om_1        | 2021-04-12 13:09:44,702 [Listener at om/9862] INFO server.session: node0 Scavenging every 600000ms
recon_1     | 2021-04-12 13:11:58,210 [pool-17-thread-1] INFO impl.OzoneManagerServiceProviderImpl: Obtaining delta updates from Ozone Manager
recon_1     | 2021-04-12 13:11:58,239 [pool-17-thread-1] INFO impl.OzoneManagerServiceProviderImpl: Number of updates received from OM : 0
kdc_1       | Principal "HTTP/scm@EXAMPLE.COM" created.
recon_1     | 2021-04-12 13:12:16,744 [Socket Reader #1 for port 9891] INFO ipc.Server: Auth successful for dn/5ec6164f5fa1@EXAMPLE.COM (auth:KERBEROS) from 172.18.0.5:44653
scm_1       | 2021-04-12 13:09:09,591 [main] WARN utils.HAUtils: ozone.scm.db.dirs is not configured. We recommend adding this setting. Falling back to ozone.metadata.dirs instead.
om_1        | 2021-04-12 13:09:44,740 [Listener at om/9862] INFO server.KerberosAuthenticationHandler: Using keytab /etc/security/keytabs/HTTP.keytab, for principal HTTP/om@EXAMPLE.COM
kdc_1       | Authenticating as principal admin/admin with keytab /tmp/admin.keytab.
recon_1     | 2021-04-12 13:12:16,752 [Socket Reader #1 for port 9891] INFO authorize.ServiceAuthorizationManager: Authorization successful for dn/5ec6164f5fa1@EXAMPLE.COM (auth:KERBEROS) for protocol=interface org.apache.hadoop.ozone.protocol.ReconDatanodeProtocol
scm_1       | 2021-04-12 13:09:09,793 [main] WARN db.DBStoreBuilder: ozone.scm.db.dirs is not configured. We recommend adding this setting. Falling back to ozone.metadata.dirs instead.
om_1        | 2021-04-12 13:09:44,745 [Listener at om/9862] INFO handler.ContextHandler: Started o.e.j.s.ServletContextHandler@6c2a7c73{logs,/logs,file:///var/log/hadoop/,AVAILABLE}
kdc_1       | Entry for principal HTTP/scm@EXAMPLE.COM with kvno 2, encryption type aes256-cts-hmac-sha1-96 added to keytab WRFILE:/data/HTTP.scm.keytab.
recon_1     | 2021-04-12 13:12:17,704 [Socket Reader #1 for port 9891] INFO ipc.Server: Auth successful for dn/e6c9daaaf031@EXAMPLE.COM (auth:KERBEROS) from 172.18.0.2:39717
scm_1       | 2021-04-12 13:09:09,983 [main] INFO net.NodeSchemaLoader: Loading schema from [file:/etc/hadoop/network-topology-default.xml, jar:file:/opt/hadoop/share/ozone/lib/hadoop-hdds-common-1.1.0-SNAPSHOT.jar!/network-topology-default.xml]
om_1        | 2021-04-12 13:09:44,749 [Listener at om/9862] INFO handler.ContextHandler: Started o.e.j.s.ServletContextHandler@5013c6bc{static,/static,jar:file:/opt/hadoop/share/ozone/lib/hadoop-ozone-ozone-manager-1.1.0-SNAPSHOT.jar!/webapps/static,AVAILABLE}
kdc_1       | Entry for principal HTTP/scm@EXAMPLE.COM with kvno 2, encryption type aes128-cts-hmac-sha1-96 added to keytab WRFILE:/data/HTTP.scm.keytab.
recon_1     | 2021-04-12 13:12:17,711 [Socket Reader #1 for port 9891] INFO authorize.ServiceAuthorizationManager: Authorization successful for dn/e6c9daaaf031@EXAMPLE.COM (auth:KERBEROS) for protocol=interface org.apache.hadoop.ozone.protocol.ReconDatanodeProtocol
scm_1       | 2021-04-12 13:09:09,983 [main] INFO net.NodeSchemaLoader: Loading network topology layer schema file
om_1        | 2021-04-12 13:09:44,962 [Listener at om/9862] INFO server.KerberosAuthenticationHandler: Using keytab /etc/security/keytabs/HTTP.keytab, for principal HTTP/om@EXAMPLE.COM
kdc_1       | Generating keytab
scm_1       | 2021-04-12 13:09:10,097 [main] INFO ha.SCMRatisServerImpl: starting Raft server for scm:0bde90e8-6539-4c1f-98b3-c7a31a50d984
scm_1       | 2021-04-12 13:09:10,235 [main] INFO server.RaftServer: raft.rpc.type = GRPC (default)
kdc_1       | Authenticating as principal admin/admin with keytab /tmp/admin.keytab.
scm_1       | 2021-04-12 13:09:10,309 [main] INFO grpc.GrpcConfigKeys: raft.grpc.admin.port = -1 (default)
om_1        | 2021-04-12 13:09:44,996 [Listener at om/9862] INFO handler.ContextHandler: Started o.e.j.w.WebAppContext@35920655{ozoneManager,/,file:///tmp/jetty-0_0_0_0-9874-hadoop-ozone-ozone-manager-1_1_0-SNAPSHOT_jar-_-any-8343702015022692762/webapp/,AVAILABLE}{jar:file:/opt/hadoop/share/ozone/lib/hadoop-ozone-ozone-manager-1.1.0-SNAPSHOT.jar!/webapps/ozoneManager}
kdc_1       | WARNING: no policy specified for testuser/scm@EXAMPLE.COM; defaulting to no policy
scm_1       | 2021-04-12 13:09:10,310 [main] INFO grpc.GrpcConfigKeys: raft.grpc.server.port = 9865 (custom)
om_1        | 2021-04-12 13:09:45,065 [Listener at om/9862] INFO server.AbstractConnector: Started ServerConnector@146b4c6c{HTTP/1.1, (http/1.1)}{0.0.0.0:9874}
kdc_1       | Principal "testuser/scm@EXAMPLE.COM" created.
scm_1       | 2021-04-12 13:09:10,310 [main] INFO grpc.GrpcConfigKeys: raft.grpc.client.port = -1 (default)
om_1        | 2021-04-12 13:09:45,068 [Listener at om/9862] INFO server.Server: Started @18911ms
kdc_1       | Authenticating as principal admin/admin with keytab /tmp/admin.keytab.
scm_1       | 2021-04-12 13:09:10,310 [main] INFO grpc.GrpcConfigKeys: raft.grpc.server.port = 9865 (custom)
om_1        | 2021-04-12 13:09:45,083 [Listener at om/9862] INFO impl.MetricsSinkAdapter: Sink prometheus started
kdc_1       | Entry for principal testuser/scm@EXAMPLE.COM with kvno 2, encryption type aes256-cts-hmac-sha1-96 added to keytab WRFILE:/data/testuser.scm.keytab.
scm_1       | 2021-04-12 13:09:10,311 [main] INFO grpc.GrpcConfigKeys: raft.grpc.server.port = 9865 (custom)
om_1        | 2021-04-12 13:09:45,083 [Listener at om/9862] INFO impl.MetricsSystemImpl: Registered sink prometheus
kdc_1       | Entry for principal testuser/scm@EXAMPLE.COM with kvno 2, encryption type aes128-cts-hmac-sha1-96 added to keytab WRFILE:/data/testuser.scm.keytab.
scm_1       | 2021-04-12 13:09:10,312 [main] INFO server.GrpcService: raft.grpc.message.size.max = 32m (=33554432) (custom)
om_1        | 2021-04-12 13:09:45,085 [Listener at om/9862] INFO http.BaseHttpServer: HTTP server of ozoneManager listening at http://0.0.0.0:9874
kdc_1       | Generating keytab
scm_1       | 2021-04-12 13:09:10,313 [main] INFO server.RaftServerConfigKeys: raft.server.log.appender.buffer.byte-limit = 33554432 (custom)
om_1        | 2021-04-12 13:09:45,091 [IPC Server Responder] INFO ipc.Server: IPC Server Responder: starting
kdc_1       | Authenticating as principal admin/admin with keytab /tmp/admin.keytab.
scm_1       | 2021-04-12 13:09:10,314 [main] INFO server.GrpcService: raft.grpc.flow.control.window = 1MB (=1048576) (default)
om_1        | 2021-04-12 13:09:45,092 [IPC Server listener on 9862] INFO ipc.Server: IPC Server listener on 9862: starting
kdc_1       | WARNING: no policy specified for testuser2/scm@EXAMPLE.COM; defaulting to no policy
scm_1       | 2021-04-12 13:09:10,315 [main] INFO server.RaftServerConfigKeys: raft.server.rpc.request.timeout = 3000ms (default)
om_1        | 2021-04-12 13:09:45,212 [Listener at om/9862] INFO om.TrashPolicyOzone: The configured checkpoint interval is 0 minutes. Using an interval of 1 minutes that is used for deletion instead
kdc_1       | Principal "testuser2/scm@EXAMPLE.COM" created.
scm_1       | 2021-04-12 13:09:10,895 [main] INFO impl.DataStreamServerImpl: raft.datastream.type = DISABLED (default)
om_1        | 2021-04-12 13:09:45,214 [Listener at om/9862] INFO om.TrashPolicyOzone: Ozone Manager trash configuration: Deletion interval = 1 minutes, Emptier interval = 1 minutes.
kdc_1       | Authenticating as principal admin/admin with keytab /tmp/admin.keytab.
scm_1       | 2021-04-12 13:09:10,897 [main] INFO server.RaftServerConfigKeys: raft.server.rpc.slowness.timeout = 120000ms (custom)
kdc_1       | Entry for principal testuser2/scm@EXAMPLE.COM with kvno 2, encryption type aes256-cts-hmac-sha1-96 added to keytab WRFILE:/data/testuser2.scm.keytab.
om_1        | 2021-04-12 13:09:45,227 [org.apache.hadoop.util.JvmPauseMonitor$Monitor@639d808a] INFO util.JvmPauseMonitor: Starting JVM pause monitor
scm_1       | 2021-04-12 13:09:10,897 [main] INFO server.RaftServerConfigKeys: raft.server.leaderelection.leader.step-down.wait-time = 10s (default)
kdc_1       | Entry for principal testuser2/scm@EXAMPLE.COM with kvno 2, encryption type aes128-cts-hmac-sha1-96 added to keytab WRFILE:/data/testuser2.scm.keytab.
om_1        | 2021-04-12 13:09:45,993 [Socket Reader #1 for port 9862] INFO ipc.Server: Auth successful for recon/recon@EXAMPLE.COM (auth:KERBEROS) from 172.18.0.8:44101
scm_1       | 2021-04-12 13:09:10,909 [main] INFO server.RaftServerConfigKeys: raft.server.storage.dir = [/data/metadata/scm-ha] (custom)
kdc_1       | Apr 12 13:08:30 kdc krb5kdc[9](info): AS_REQ (8 etypes {18 17 20 19 16 23 25 26}) 127.0.0.1: SERVER_NOT_FOUND: admin/admin@EXAMPLE.COM for kadmin/localhost@EXAMPLE.COM, Server not found in Kerberos database
om_1        | 2021-04-12 13:09:46,009 [Socket Reader #1 for port 9862] INFO authorize.ServiceAuthorizationManager: Authorization successful for recon/recon@EXAMPLE.COM (auth:KERBEROS) for protocol=interface org.apache.hadoop.ozone.om.protocol.OzoneManagerProtocol
scm_1       | 2021-04-12 13:09:10,912 [main] INFO server.RaftServer: 0bde90e8-6539-4c1f-98b3-c7a31a50d984: found a subdirectory /data/metadata/scm-ha/579c85cf-c347-4677-8d9f-53d660acbaa2
kdc_1       | Apr 12 13:08:30 kdc krb5kdc[9](info): AS_REQ (8 etypes {18 17 20 19 16 23 25 26}) 127.0.0.1: ISSUE: authtime 1618232910, etypes {rep=18 tkt=18 ses=18}, admin/admin@EXAMPLE.COM for kadmin/admin@EXAMPLE.COM
om_1        | 2021-04-12 13:09:47,094 [IPC Server handler 0 on default port 9862] INFO ipc.Server: IPC Server handler 0 on default port 9862, call Call#2 Retry#4 org.apache.hadoop.ozone.om.protocol.OzoneManagerProtocol.submitRequest from 172.18.0.8:44101
om_1        | org.apache.hadoop.ozone.om.exceptions.OMNotLeaderException: OM:om1 is not the leader. Could not determine the leader node.
