om_1        | 2020-05-27 03:56:41,235 [Listener at om/9862] INFO security.OzoneBlockTokenSecretManager: Updating the current master key for generating tokens
s3g_1       | 
scm_1       | 
recon_1     | 
kdc_1       | May 27 04:04:35 kdc krb5kdc[8](info): TGS_REQ (6 etypes {18 17 20 19 16 23}) 172.25.0.6: ISSUE: authtime 1590552227, etypes {rep=18 tkt=18 ses=18}, testuser/scm@EXAMPLE.COM for om/om@EXAMPLE.COM
om_1        | 2020-05-27 03:56:41,236 [Listener at om/9862] INFO om.OzoneManager: Starting OM delegation token secret manager
s3g_1       |      0K                                                       100% 18.1M=0s
scm_1       | 2020-05-27 03:55:53 (25.0 MB/s) - '/etc/security/keytabs/HTTP.keytab' saved [144/144]
recon_1     | 2020-05-27 03:55:54 (24.3 MB/s) - '/etc/security/keytabs/HTTP.keytab' saved [148/148]
kdc_1       | May 27 04:04:37 kdc krb5kdc[8](info): TGS_REQ (6 etypes {18 17 20 19 16 23}) 172.25.0.6: ISSUE: authtime 1590552227, etypes {rep=18 tkt=18 ses=18}, testuser/scm@EXAMPLE.COM for om/om@EXAMPLE.COM
om_1        | 2020-05-27 03:56:41,236 [Listener at om/9862] INFO security.OzoneDelegationTokenSecretManager: Updating the current master key for generating tokens
s3g_1       | 
scm_1       | 
recon_1     | 
kdc_1       | May 27 04:04:39 kdc krb5kdc[8](info): TGS_REQ (6 etypes {18 17 20 19 16 23}) 172.25.0.6: ISSUE: authtime 1590552227, etypes {rep=18 tkt=18 ses=18}, testuser/scm@EXAMPLE.COM for om/om@EXAMPLE.COM
om_1        | 2020-05-27 03:56:41,240 [Thread[Thread-8,5,main]] INFO security.OzoneDelegationTokenSecretManager: Starting expired delegation token remover thread, tokenRemoverScanInterval=60 min(s)
s3g_1       | 2020-05-27 03:55:54 (18.1 MB/s) - '/etc/security/keytabs/HTTP.keytab' saved [144/144]
scm_1       | Keytab name: FILE:/etc/security/keytabs/HTTP.keytab
recon_1     | Keytab name: FILE:/etc/security/keytabs/HTTP.keytab
kdc_1       | May 27 04:04:42 kdc krb5kdc[8](info): TGS_REQ (6 etypes {18 17 20 19 16 23}) 172.25.0.6: ISSUE: authtime 1590552227, etypes {rep=18 tkt=18 ses=18}, testuser/scm@EXAMPLE.COM for om/om@EXAMPLE.COM
om_1        | 2020-05-27 03:56:41,254 [IPC Server Responder] INFO ipc.Server: IPC Server Responder: starting
s3g_1       | 
scm_1       | KVNO Timestamp         Principal
recon_1     | KVNO Timestamp         Principal
kdc_1       | May 27 04:04:45 kdc krb5kdc[8](info): TGS_REQ (6 etypes {18 17 20 19 16 23}) 172.25.0.6: ISSUE: authtime 1590552227, etypes {rep=18 tkt=18 ses=18}, testuser/scm@EXAMPLE.COM for om/om@EXAMPLE.COM
om_1        | 2020-05-27 03:56:41,255 [IPC Server listener on 9862] INFO ipc.Server: IPC Server listener on 9862: starting
s3g_1       | Keytab name: FILE:/etc/security/keytabs/HTTP.keytab
scm_1       | ---- ----------------- --------------------------------------------------------
recon_1     | ---- ----------------- --------------------------------------------------------
kdc_1       | May 27 04:04:47 kdc krb5kdc[8](info): TGS_REQ (6 etypes {18 17 20 19 16 23}) 172.25.0.6: ISSUE: authtime 1590552227, etypes {rep=18 tkt=18 ses=18}, testuser/scm@EXAMPLE.COM for om/om@EXAMPLE.COM
om_1        | 2020-05-27 03:56:41,359 [Listener at om/9862] INFO http.BaseHttpServer: Starting Web-server for ozoneManager at: http://0.0.0.0:9874
s3g_1       | KVNO Timestamp         Principal
scm_1       |    2 05/27/20 03:55:53 HTTP/scm@EXAMPLE.COM
scm_1       |    2 05/27/20 03:55:53 HTTP/scm@EXAMPLE.COM
scm_1       | Download testuser/scm@EXAMPLE.COM keytab file to /etc/security/keytabs/testuser.keytab
recon_1     |    2 05/27/20 03:55:54 HTTP/recon@EXAMPLE.COM
s3g_1       | ---- ----------------- --------------------------------------------------------
kdc_1       | May 27 04:04:50 kdc krb5kdc[8](info): TGS_REQ (6 etypes {18 17 20 19 16 23}) 172.25.0.6: ISSUE: authtime 1590552227, etypes {rep=18 tkt=18 ses=18}, testuser/scm@EXAMPLE.COM for om/om@EXAMPLE.COM
scm_1       | --2020-05-27 03:55:53--  http://kdc:8081/keytab/scm/testuser
om_1        | 2020-05-27 03:56:41,359 [Listener at om/9862] INFO http.BaseHttpServer: Hadoop Security Enabled: true Ozone Security Enabled: true Ozone HTTP Security Enabled: true 
recon_1     |    2 05/27/20 03:55:54 HTTP/recon@EXAMPLE.COM
s3g_1       |    2 05/27/20 03:55:54 HTTP/s3g@EXAMPLE.COM
kdc_1       | May 27 04:04:53 kdc krb5kdc[8](info): TGS_REQ (6 etypes {18 17 20 19 16 23}) 172.25.0.6: ISSUE: authtime 1590552227, etypes {rep=18 tkt=18 ses=18}, testuser/scm@EXAMPLE.COM for om/om@EXAMPLE.COM
scm_1       | Resolving kdc (kdc)... 172.25.0.5
om_1        | 2020-05-27 03:56:41,359 [Listener at om/9862] INFO http.BaseHttpServer: HttpAuthType: ozone.om.http.auth.type = kerberos
recon_1     | No '-XX:...' jvm parameters are set. Adding safer GC settings '-XX:ParallelGCThreads=8 -XX:+UseConcMarkSweepGC -XX:CMSInitiatingOccupancyFraction=70 -XX:+CMSParallelRemarkEnabled' to the HADOOP_OPTS
s3g_1       |    2 05/27/20 03:55:54 HTTP/s3g@EXAMPLE.COM
kdc_1       | May 27 04:04:56 kdc krb5kdc[8](info): TGS_REQ (6 etypes {18 17 20 19 16 23}) 172.25.0.6: ISSUE: authtime 1590552227, etypes {rep=18 tkt=18 ses=18}, testuser/scm@EXAMPLE.COM for om/om@EXAMPLE.COM
scm_1       | Connecting to kdc (kdc)|172.25.0.5|:8081... connected.
om_1        | 2020-05-27 03:56:41,379 [Listener at om/9862] INFO util.log: Logging initialized @6964ms to org.eclipse.jetty.util.log.Slf4jLog
recon_1     | OpenJDK 64-Bit Server VM warning: Option UseConcMarkSweepGC was deprecated in version 9.0 and will likely be removed in a future release.
s3g_1       | Download testuser/s3g@EXAMPLE.COM keytab file to /etc/security/keytabs/testuser.keytab
kdc_1       | May 27 04:04:58 kdc krb5kdc[8](info): TGS_REQ (6 etypes {18 17 20 19 16 23}) 172.25.0.6: ISSUE: authtime 1590552227, etypes {rep=18 tkt=18 ses=18}, testuser/scm@EXAMPLE.COM for om/om@EXAMPLE.COM
scm_1       | HTTP request sent, awaiting response... 200 OK
scm_1       | Length: 152 [application/octet-stream]
recon_1     | WARNING: An illegal reflective access operation has occurred
s3g_1       | --2020-05-27 03:55:54--  http://kdc:8081/keytab/s3g/testuser
kdc_1       | May 27 04:05:00 kdc krb5kdc[8](info): TGS_REQ (6 etypes {18 17 20 19 16 23}) 172.25.0.6: ISSUE: authtime 1590552227, etypes {rep=18 tkt=18 ses=18}, testuser/scm@EXAMPLE.COM for om/om@EXAMPLE.COM
om_1        | 2020-05-27 03:56:41,481 [Listener at om/9862] INFO http.HttpRequestLog: Http request log for http.requests.ozoneManager is not defined
scm_1       | Saving to: '/etc/security/keytabs/testuser.keytab'
recon_1     | WARNING: Illegal reflective access by com.google.inject.internal.cglib.core.$ReflectUtils$2 (file:/opt/hadoop/share/ozone/lib/guice-4.0.jar) to method java.lang.ClassLoader.defineClass(java.lang.String,byte[],int,int,java.security.ProtectionDomain)
s3g_1       | Resolving kdc (kdc)... 172.25.0.5
kdc_1       | May 27 04:05:02 kdc krb5kdc[8](info): TGS_REQ (6 etypes {18 17 20 19 16 23}) 172.25.0.6: ISSUE: authtime 1590552227, etypes {rep=18 tkt=18 ses=18}, testuser/scm@EXAMPLE.COM for om/om@EXAMPLE.COM
om_1        | 2020-05-27 03:56:41,485 [Listener at om/9862] INFO http.HttpServer2: Added global filter 'safety' (class=org.apache.hadoop.hdds.server.http.HttpServer2$QuotingInputFilter)
scm_1       | 
recon_1     | WARNING: Please consider reporting this to the maintainers of com.google.inject.internal.cglib.core.$ReflectUtils$2
s3g_1       | Connecting to kdc (kdc)|172.25.0.5|:8081... connected.
kdc_1       | May 27 04:05:05 kdc krb5kdc[8](info): TGS_REQ (6 etypes {18 17 20 19 16 23}) 172.25.0.6: ISSUE: authtime 1590552227, etypes {rep=18 tkt=18 ses=18}, testuser/scm@EXAMPLE.COM for om/om@EXAMPLE.COM
om_1        | 2020-05-27 03:56:41,487 [Listener at om/9862] INFO http.HttpServer2: Added filter authentication (class=org.apache.hadoop.security.authentication.server.AuthenticationFilter) to context ozoneManager
scm_1       |      0K                                                       100% 26.4M=0s
recon_1     | WARNING: Use --illegal-access=warn to enable warnings of further illegal reflective access operations
s3g_1       | HTTP request sent, awaiting response... 200 OK
kdc_1       | May 27 04:05:09 kdc krb5kdc[8](info): TGS_REQ (6 etypes {18 17 20 19 16 23}) 172.25.0.6: ISSUE: authtime 1590552227, etypes {rep=18 tkt=18 ses=18}, testuser/scm@EXAMPLE.COM for om/om@EXAMPLE.COM
om_1        | 2020-05-27 03:56:41,487 [Listener at om/9862] INFO http.HttpServer2: Added filter authentication (class=org.apache.hadoop.security.authentication.server.AuthenticationFilter) to context logs
scm_1       | 
recon_1     | WARNING: All illegal access operations will be denied in a future release
s3g_1       | Length: 152 [application/octet-stream]
kdc_1       | May 27 04:05:11 kdc krb5kdc[8](info): TGS_REQ (6 etypes {18 17 20 19 16 23}) 172.25.0.6: ISSUE: authtime 1590552227, etypes {rep=18 tkt=18 ses=18}, testuser/scm@EXAMPLE.COM for om/om@EXAMPLE.COM
om_1        | 2020-05-27 03:56:41,487 [Listener at om/9862] INFO http.HttpServer2: Added filter authentication (class=org.apache.hadoop.security.authentication.server.AuthenticationFilter) to context static
scm_1       | 2020-05-27 03:55:53 (26.4 MB/s) - '/etc/security/keytabs/testuser.keytab' saved [152/152]
recon_1     | 2020-05-27 03:56:03,421 [main] INFO recon.ReconRestServletModule: rest([/api/v1/*]).packages(org.apache.hadoop.ozone.recon.api)
s3g_1       | Saving to: '/etc/security/keytabs/testuser.keytab'
kdc_1       | May 27 04:05:13 kdc krb5kdc[8](info): TGS_REQ (6 etypes {18 17 20 19 16 23}) 172.25.0.6: ISSUE: authtime 1590552227, etypes {rep=18 tkt=18 ses=18}, testuser/scm@EXAMPLE.COM for om/om@EXAMPLE.COM
om_1        | 2020-05-27 03:56:41,489 [Listener at om/9862] INFO http.HttpServer2: Initialize spnego with host: 0.0.0.0 userKey: ozone.om.http.auth.kerberos.principal keytabKey: ozone.om.http.auth.kerberos.keytab
om_1        | 2020-05-27 03:56:41,515 [Listener at om/9862] INFO http.HttpServer2: Jetty bound to port 9874
recon_1     | 2020-05-27 03:56:05,690 [main] INFO recon.ReconServer: Initializing Recon server...
s3g_1       | 
kdc_1       | May 27 04:05:17 kdc krb5kdc[8](info): TGS_REQ (6 etypes {18 17 20 19 16 23}) 172.25.0.6: ISSUE: authtime 1590552227, etypes {rep=18 tkt=18 ses=18}, testuser/scm@EXAMPLE.COM for om/om@EXAMPLE.COM
om_1        | 2020-05-27 03:56:41,516 [Listener at om/9862] INFO server.Server: jetty-9.4.26.v20200117; built: 2020-01-17T12:35:33.676Z; git: 7b38981d25d14afb4a12ff1f2596756144edf695; jvm 11.0.6+10-LTS
scm_1       | 
scm_1       | Keytab name: FILE:/etc/security/keytabs/testuser.keytab
recon_1     | 2020-05-27 03:56:07,363 [main] INFO recon.ReconServer: Ozone security is enabled. Attempting login for Recon service. Principal: recon/recon@EXAMPLE.COM, keytab: /etc/security/keytabs/recon.keytab
kdc_1       | May 27 04:05:19 kdc krb5kdc[8](info): TGS_REQ (6 etypes {18 17 20 19 16 23}) 172.25.0.6: ISSUE: authtime 1590552227, etypes {rep=18 tkt=18 ses=18}, testuser/scm@EXAMPLE.COM for om/om@EXAMPLE.COM
s3g_1       |      0K                                                       100% 19.3M=0s
recon_1     | 2020-05-27 03:56:09,135 [main] INFO security.UserGroupInformation: Login successful for user recon/recon@EXAMPLE.COM using keytab file /etc/security/keytabs/recon.keytab
scm_1       | KVNO Timestamp         Principal
om_1        | 2020-05-27 03:56:41,648 [Listener at om/9862] INFO server.session: DefaultSessionIdManager workerName=node0
kdc_1       | May 27 04:05:22 kdc krb5kdc[8](info): TGS_REQ (6 etypes {18 17 20 19 16 23}) 172.25.0.6: ISSUE: authtime 1590552227, etypes {rep=18 tkt=18 ses=18}, testuser/scm@EXAMPLE.COM for om/om@EXAMPLE.COM
s3g_1       | 
recon_1     | 2020-05-27 03:56:09,155 [main] INFO recon.ReconServer: Recon login successful.
scm_1       | ---- ----------------- --------------------------------------------------------
om_1        | 2020-05-27 03:56:41,650 [Listener at om/9862] INFO server.session: No SessionScavenger set, using defaults
kdc_1       | May 27 04:05:24 kdc krb5kdc[8](info): TGS_REQ (6 etypes {18 17 20 19 16 23}) 172.25.0.6: ISSUE: authtime 1590552227, etypes {rep=18 tkt=18 ses=18}, testuser/scm@EXAMPLE.COM for om/om@EXAMPLE.COM
s3g_1       | 2020-05-27 03:55:54 (19.3 MB/s) - '/etc/security/keytabs/testuser.keytab' saved [152/152]
recon_1     | 2020-05-27 03:56:09,932 [main] INFO persistence.DerbyDataSourceProvider: JDBC Url for Recon : jdbc:derby:/data/metadata/recon/ozone_recon_derby.db 
scm_1       |    2 05/27/20 03:55:53 testuser/scm@EXAMPLE.COM
om_1        | 2020-05-27 03:56:41,652 [Listener at om/9862] INFO server.session: node0 Scavenging every 600000ms
kdc_1       | May 27 04:05:26 kdc krb5kdc[8](info): TGS_REQ (6 etypes {18 17 20 19 16 23}) 172.25.0.6: ISSUE: authtime 1590552227, etypes {rep=18 tkt=18 ses=18}, testuser/scm@EXAMPLE.COM for om/om@EXAMPLE.COM
s3g_1       | 
recon_1     | 2020-05-27 03:56:17,400 [main] INFO codegen.SqlDbUtils: Created derby database at jdbc:derby:/data/metadata/recon/ozone_recon_derby.db.
scm_1       |    2 05/27/20 03:55:53 testuser/scm@EXAMPLE.COM
om_1        | 2020-05-27 03:56:41,752 [Listener at om/9862] INFO server.KerberosAuthenticationHandler: Using keytab /etc/security/keytabs/HTTP.keytab, for principal HTTP/om@EXAMPLE.COM
kdc_1       | May 27 04:05:29 kdc krb5kdc[8](info): TGS_REQ (6 etypes {18 17 20 19 16 23}) 172.25.0.6: ISSUE: authtime 1590552227, etypes {rep=18 tkt=18 ses=18}, testuser/scm@EXAMPLE.COM for om/om@EXAMPLE.COM
s3g_1       | Keytab name: FILE:/etc/security/keytabs/testuser.keytab
recon_1     | 2020-05-27 03:56:18,362 [main] INFO persistence.DerbyDataSourceProvider: JDBC Url for Recon : jdbc:derby:/data/metadata/recon/ozone_recon_derby.db 
scm_1       | Download testuser2/scm@EXAMPLE.COM keytab file to /etc/security/keytabs/testuser2.keytab
om_1        | 2020-05-27 03:56:41,755 [Listener at om/9862] INFO handler.ContextHandler: Started o.e.j.s.ServletContextHandler@28e0e464{logs,/logs,file:///var/log/hadoop/,AVAILABLE}
kdc_1       | May 27 04:05:31 kdc krb5kdc[8](info): TGS_REQ (6 etypes {18 17 20 19 16 23}) 172.25.0.6: ISSUE: authtime 1590552227, etypes {rep=18 tkt=18 ses=18}, testuser/scm@EXAMPLE.COM for om/om@EXAMPLE.COM
s3g_1       | KVNO Timestamp         Principal
recon_1     | 2020-05-27 03:56:18,411 [main] INFO codegen.SqlDbUtils: Created derby database at jdbc:derby:/data/metadata/recon/ozone_recon_derby.db.
scm_1       | --2020-05-27 03:55:53--  http://kdc:8081/keytab/scm/testuser2
om_1        | 2020-05-27 03:56:41,758 [Listener at om/9862] INFO handler.ContextHandler: Started o.e.j.s.ServletContextHandler@3b7c80c6{static,/static,jar:file:/opt/hadoop/share/ozone/lib/hadoop-ozone-ozone-manager-0.6.0-SNAPSHOT.jar!/webapps/static,AVAILABLE}
kdc_1       | May 27 04:05:33 kdc krb5kdc[8](info): TGS_REQ (6 etypes {18 17 20 19 16 23}) 172.25.0.6: ISSUE: authtime 1590552227, etypes {rep=18 tkt=18 ses=18}, testuser/scm@EXAMPLE.COM for om/om@EXAMPLE.COM
s3g_1       | ---- ----------------- --------------------------------------------------------
recon_1     | 2020-05-27 03:56:18,447 [main] INFO recon.ReconServer: Creating Recon Schema.
scm_1       | Resolving kdc (kdc)... 172.25.0.5
om_1        | 2020-05-27 03:56:42,733 [Listener at om/9862] INFO server.KerberosAuthenticationHandler: Using keytab /etc/security/keytabs/HTTP.keytab, for principal HTTP/om@EXAMPLE.COM
kdc_1       | May 27 04:05:36 kdc krb5kdc[8](info): TGS_REQ (6 etypes {18 17 20 19 16 23}) 172.25.0.6: ISSUE: authtime 1590552227, etypes {rep=18 tkt=18 ses=18}, testuser/scm@EXAMPLE.COM for om/om@EXAMPLE.COM
s3g_1       |    2 05/27/20 03:55:54 testuser/s3g@EXAMPLE.COM
recon_1     | ERROR StatusLogger No Log4j 2 configuration file found. Using default configuration (logging only errors to the console), or user programmatically provided configurations. Set system property 'log4j2.debug' to show Log4j 2 internal initialization logging. See https://logging.apache.org/log4j/2.x/manual/configuration.html for instructions on how to configure Log4j 2
scm_1       | Connecting to kdc (kdc)|172.25.0.5|:8081... connected.
om_1        | 2020-05-27 03:56:42,817 [Listener at om/9862] INFO handler.ContextHandler: Started o.e.j.w.WebAppContext@3b24087d{ozoneManager,/,file:///tmp/jetty-0_0_0_0-9874-hadoop-ozone-ozone-manager-0_6_0-SNAPSHOT_jar-_-any-15686382452686531954.dir/webapp/,AVAILABLE}{jar:file:/opt/hadoop/share/ozone/lib/hadoop-ozone-ozone-manager-0.6.0-SNAPSHOT.jar!/webapps/ozoneManager}
kdc_1       | May 27 04:05:38 kdc krb5kdc[8](info): TGS_REQ (6 etypes {18 17 20 19 16 23}) 172.25.0.6: ISSUE: authtime 1590552227, etypes {rep=18 tkt=18 ses=18}, testuser/scm@EXAMPLE.COM for om/om@EXAMPLE.COM
s3g_1       |    2 05/27/20 03:55:54 testuser/s3g@EXAMPLE.COM
recon_1     | 2020-05-27 03:56:21,014 [main] INFO http.BaseHttpServer: Starting Web-server for recon at: http://0.0.0.0:9888
scm_1       | HTTP request sent, awaiting response... 200 OK
om_1        | 2020-05-27 03:56:42,898 [Listener at om/9862] INFO server.AbstractConnector: Started ServerConnector@6f8e9d06{HTTP/1.1,[http/1.1]}{0.0.0.0:9874}
kdc_1       | May 27 04:05:42 kdc krb5kdc[8](info): TGS_REQ (6 etypes {18 17 20 19 16 23}) 172.25.0.6: ISSUE: authtime 1590552227, etypes {rep=18 tkt=18 ses=18}, testuser/scm@EXAMPLE.COM for om/om@EXAMPLE.COM
s3g_1       | No '-XX:...' jvm parameters are set. Adding safer GC settings '-XX:ParallelGCThreads=8 -XX:+UseConcMarkSweepGC -XX:CMSInitiatingOccupancyFraction=70 -XX:+CMSParallelRemarkEnabled' to the HADOOP_OPTS
recon_1     | 2020-05-27 03:56:21,015 [main] INFO http.BaseHttpServer: Hadoop Security Enabled: true Ozone Security Enabled: true Ozone HTTP Security Enabled: true 
scm_1       | Length: 154 [application/octet-stream]
om_1        | 2020-05-27 03:56:42,904 [Listener at om/9862] INFO server.Server: Started @8489ms
kdc_1       | May 27 04:05:46 kdc krb5kdc[8](info): TGS_REQ (6 etypes {18 17 20 19 16 23}) 172.25.0.6: ISSUE: authtime 1590552227, etypes {rep=18 tkt=18 ses=18}, testuser/scm@EXAMPLE.COM for om/om@EXAMPLE.COM
s3g_1       | OpenJDK 64-Bit Server VM warning: Option UseConcMarkSweepGC was deprecated in version 9.0 and will likely be removed in a future release.
recon_1     | 2020-05-27 03:56:21,016 [main] INFO http.BaseHttpServer: HttpAuthType: ozone.recon.http.auth.type = kerberos
scm_1       | Saving to: '/etc/security/keytabs/testuser2.keytab'
om_1        | 2020-05-27 03:56:42,955 [Listener at om/9862] INFO impl.MetricsSinkAdapter: Sink prometheus started
kdc_1       | May 27 04:05:48 kdc krb5kdc[8](info): TGS_REQ (6 etypes {18 17 20 19 16 23}) 172.25.0.6: ISSUE: authtime 1590552227, etypes {rep=18 tkt=18 ses=18}, testuser/scm@EXAMPLE.COM for om/om@EXAMPLE.COM
s3g_1       | WARNING: An illegal reflective access operation has occurred
recon_1     | 2020-05-27 03:56:21,051 [main] INFO util.log: Logging initialized @25762ms to org.eclipse.jetty.util.log.Slf4jLog
scm_1       | 
om_1        | 2020-05-27 03:56:42,955 [Listener at om/9862] INFO impl.MetricsSystemImpl: Registered sink prometheus
kdc_1       | May 27 04:05:51 kdc krb5kdc[8](info): TGS_REQ (6 etypes {18 17 20 19 16 23}) 172.25.0.6: ISSUE: authtime 1590552227, etypes {rep=18 tkt=18 ses=18}, testuser/scm@EXAMPLE.COM for om/om@EXAMPLE.COM
s3g_1       | WARNING: Illegal reflective access by org.apache.hadoop.security.authentication.util.KerberosUtil (file:/opt/hadoop/share/ozone/lib/hadoop-auth-3.2.1.jar) to method sun.security.krb5.Config.getInstance()
recon_1     | 2020-05-27 03:56:21,268 [main] WARN http.HttpRequestLog: Jetty request log can only be enabled using Log4j
scm_1       |      0K                                                       100% 7.85M=0s
om_1        | 2020-05-27 03:56:42,967 [Listener at om/9862] INFO http.BaseHttpServer: HTTP server of ozoneManager listening at http://0.0.0.0:9874
kdc_1       | May 27 04:05:54 kdc krb5kdc[8](info): TGS_REQ (6 etypes {18 17 20 19 16 23}) 172.25.0.6: ISSUE: authtime 1590552227, etypes {rep=18 tkt=18 ses=18}, testuser/scm@EXAMPLE.COM for om/om@EXAMPLE.COM
s3g_1       | WARNING: Please consider reporting this to the maintainers of org.apache.hadoop.security.authentication.util.KerberosUtil
recon_1     | 2020-05-27 03:56:21,282 [main] INFO http.HttpServer2: Added global filter 'safety' (class=org.apache.hadoop.hdds.server.http.HttpServer2$QuotingInputFilter)
om_1        | 2020-05-27 03:56:43,042 [org.apache.hadoop.util.JvmPauseMonitor$Monitor@4d705112] INFO util.JvmPauseMonitor: Starting JVM pause monitor
kdc_1       | May 27 04:05:58 kdc krb5kdc[8](info): TGS_REQ (6 etypes {18 17 20 19 16 23}) 172.25.0.6: ISSUE: authtime 1590552227, etypes {rep=18 tkt=18 ses=18}, testuser/scm@EXAMPLE.COM for om/om@EXAMPLE.COM
s3g_1       | WARNING: Use --illegal-access=warn to enable warnings of further illegal reflective access operations
recon_1     | 2020-05-27 03:56:21,286 [main] INFO http.HttpServer2: Added filter authentication (class=org.apache.hadoop.security.authentication.server.AuthenticationFilter) to context recon
scm_1       | 
om_1        | 2020-05-27 03:56:46,794 [qtp523174153-137] INFO om.OMDBCheckpointServlet: Received request to obtain OM DB checkpoint snapshot
kdc_1       | May 27 04:06:01 kdc krb5kdc[8](info): TGS_REQ (6 etypes {18 17 20 19 16 23}) 172.25.0.6: ISSUE: authtime 1590552227, etypes {rep=18 tkt=18 ses=18}, testuser/scm@EXAMPLE.COM for om/om@EXAMPLE.COM
s3g_1       | WARNING: All illegal access operations will be denied in a future release
recon_1     | 2020-05-27 03:56:21,295 [main] INFO http.HttpServer2: Added filter authentication (class=org.apache.hadoop.security.authentication.server.AuthenticationFilter) to context static
scm_1       | 2020-05-27 03:55:53 (7.85 MB/s) - '/etc/security/keytabs/testuser2.keytab' saved [154/154]
om_1        | 2020-05-27 03:56:46,801 [qtp523174153-137] INFO db.RDBCheckpointManager: Created checkpoint at /data/metadata/db.checkpoints/rdb_rdb_checkpoint_1590551806795 in 6 milliseconds
kdc_1       | May 27 04:06:06 kdc krb5kdc[8](info): TGS_REQ (6 etypes {18 17 20 19 16 23}) 172.25.0.6: ISSUE: authtime 1590552227, etypes {rep=18 tkt=18 ses=18}, testuser/scm@EXAMPLE.COM for om/om@EXAMPLE.COM
s3g_1       | 2020-05-27 03:56:03,426 [main] INFO http.BaseHttpServer: Starting Web-server for s3gateway at: http://0.0.0.0:9878
recon_1     | 2020-05-27 03:56:21,307 [main] INFO http.HttpServer2: Added filter authentication (class=org.apache.hadoop.security.authentication.server.AuthenticationFilter) to context logs
scm_1       | 
om_1        | 2020-05-27 03:56:46,853 [qtp523174153-137] INFO om.OMDBCheckpointServlet: Time taken to write the checkpoint to response output stream: 50 milliseconds
kdc_1       | May 27 04:06:08 kdc krb5kdc[8](info): TGS_REQ (6 etypes {18 17 20 19 16 23}) 172.25.0.6: ISSUE: authtime 1590552227, etypes {rep=18 tkt=18 ses=18}, testuser/scm@EXAMPLE.COM for om/om@EXAMPLE.COM
s3g_1       | 2020-05-27 03:56:03,441 [main] INFO http.BaseHttpServer: Hadoop Security Enabled: true Ozone Security Enabled: true Ozone HTTP Security Enabled: true 
recon_1     | 2020-05-27 03:56:21,309 [main] INFO http.HttpServer2: Initialize spnego with host: 0.0.0.0 userKey: ozone.recon.http.auth.kerberos.principal keytabKey: ozone.recon.http.auth.kerberos.keytab
scm_1       | Keytab name: FILE:/etc/security/keytabs/testuser2.keytab
om_1        | 2020-05-27 03:56:46,854 [qtp523174153-137] INFO db.RocksDBCheckpoint: Cleaning up RocksDB checkpoint at /data/metadata/db.checkpoints/rdb_rdb_checkpoint_1590551806795
kdc_1       | May 27 04:06:11 kdc krb5kdc[8](info): TGS_REQ (6 etypes {18 17 20 19 16 23}) 172.25.0.6: ISSUE: authtime 1590552227, etypes {rep=18 tkt=18 ses=18}, testuser/scm@EXAMPLE.COM for om/om@EXAMPLE.COM
s3g_1       | 2020-05-27 03:56:03,452 [main] INFO http.BaseHttpServer: HttpAuthType: ozone.s3g.http.auth.type = kerberos
recon_1     | 2020-05-27 03:56:21,490 [main] INFO tasks.ReconTaskControllerImpl: Registered task ContainerKeyMapperTask with controller.
scm_1       | KVNO Timestamp         Principal
om_1        | 2020-05-27 03:57:00,570 [Socket Reader #1 for port 9862] INFO ipc.Server: Auth successful for testuser/scm@EXAMPLE.COM (auth:KERBEROS)
kdc_1       | May 27 04:06:15 kdc krb5kdc[8](info): TGS_REQ (6 etypes {18 17 20 19 16 23}) 172.25.0.6: ISSUE: authtime 1590552227, etypes {rep=18 tkt=18 ses=18}, testuser/scm@EXAMPLE.COM for om/om@EXAMPLE.COM
s3g_1       | 2020-05-27 03:56:03,748 [main] INFO util.log: Logging initialized @8953ms to org.eclipse.jetty.util.log.Slf4jLog
recon_1     | 2020-05-27 03:56:21,990 [main] INFO tasks.ReconTaskControllerImpl: Registered task FileSizeCountTask with controller.
scm_1       | ---- ----------------- --------------------------------------------------------
om_1        | 2020-05-27 03:57:00,583 [Socket Reader #1 for port 9862] INFO authorize.ServiceAuthorizationManager: Authorization successful for testuser/scm@EXAMPLE.COM (auth:KERBEROS) for protocol=interface org.apache.hadoop.ozone.om.protocol.OzoneManagerProtocol
kdc_1       | May 27 04:06:48 kdc krb5kdc[8](info): AS_REQ (8 etypes {18 17 20 19 16 23 25 26}) 172.25.0.4: ISSUE: authtime 1590552408, etypes {rep=18 tkt=18 ses=18}, testuser/s3g@EXAMPLE.COM for krbtgt/EXAMPLE.COM@EXAMPLE.COM
s3g_1       | 2020-05-27 03:56:04,719 [main] INFO http.HttpRequestLog: Http request log for http.requests.s3gateway is not defined
recon_1     | 2020-05-27 03:56:22,312 [main] INFO Configuration.deprecation: No unit for recon.om.connection.request.timeout(5000) assuming MILLISECONDS
scm_1       |    2 05/27/20 03:55:53 testuser2/scm@EXAMPLE.COM
om_1        | 2020-05-27 03:57:01,590 [IPC Server handler 13 on default port 9862] INFO volume.OMVolumeCreateRequest: created volume:vol-0-01477 for user:testuser/scm@EXAMPLE.COM
kdc_1       | May 27 04:06:49 kdc krb5kdc[8](info): TGS_REQ (6 etypes {18 17 20 19 16 23}) 172.25.0.4: ISSUE: authtime 1590552408, etypes {rep=18 tkt=18 ses=18}, testuser/s3g@EXAMPLE.COM for om/om@EXAMPLE.COM
s3g_1       | 2020-05-27 03:56:04,746 [main] INFO http.HttpServer2: Added global filter 'safety' (class=org.apache.hadoop.hdds.server.http.HttpServer2$QuotingInputFilter)
recon_1     | 2020-05-27 03:56:22,645 [main] WARN recon.ReconUtils: ozone.recon.om.db.dir is not configured. We recommend adding this setting. Falling back to ozone.metadata.dirs instead.
scm_1       |    2 05/27/20 03:55:53 testuser2/scm@EXAMPLE.COM
om_1        | 2020-05-27 03:57:01,607 [IPC Server handler 12 on default port 9862] INFO volume.OMVolumeCreateRequest: created volume:vol-1-02316 for user:testuser/scm@EXAMPLE.COM
kdc_1       | May 27 04:06:53 kdc krb5kdc[8](info): TGS_REQ (6 etypes {18 17 20 19 16 23}) 172.25.0.4: ISSUE: authtime 1590552408, etypes {rep=18 tkt=18 ses=18}, testuser/s3g@EXAMPLE.COM for om/om@EXAMPLE.COM
s3g_1       | 2020-05-27 03:56:04,762 [main] INFO http.HttpServer2: Added filter authentication (class=org.apache.hadoop.security.authentication.server.AuthenticationFilter) to context s3gateway
recon_1     | 2020-05-27 03:56:22,824 [main] WARN recon.ReconUtils: ozone.recon.scm.db.dirs is not configured. We recommend adding this setting. Falling back to ozone.metadata.dirs instead.
scm_1       | No '-XX:...' jvm parameters are set. Adding safer GC settings '-XX:ParallelGCThreads=8 -XX:+UseConcMarkSweepGC -XX:CMSInitiatingOccupancyFraction=70 -XX:+CMSParallelRemarkEnabled' to the HADOOP_OPTS
om_1        | 2020-05-27 03:57:01,617 [IPC Server handler 9 on default port 9862] INFO volume.OMVolumeCreateRequest: created volume:vol-2-47447 for user:testuser/scm@EXAMPLE.COM
kdc_1       | May 27 04:06:54 kdc krb5kdc[8](info): AS_REQ (8 etypes {18 17 20 19 16 23 25 26}) 172.25.0.4: ISSUE: authtime 1590552414, etypes {rep=18 tkt=18 ses=18}, testuser/s3g@EXAMPLE.COM for krbtgt/EXAMPLE.COM@EXAMPLE.COM
s3g_1       | 2020-05-27 03:56:04,765 [main] INFO http.HttpServer2: Added filter authentication (class=org.apache.hadoop.security.authentication.server.AuthenticationFilter) to context static
recon_1     | 2020-05-27 03:56:22,840 [main] INFO net.NodeSchemaLoader: Loading file from java.lang.CompoundEnumeration@66020d69
scm_1       | OpenJDK 64-Bit Server VM warning: Option UseConcMarkSweepGC was deprecated in version 9.0 and will likely be removed in a future release.
om_1        | 2020-05-27 03:57:01,625 [IPC Server handler 0 on default port 9862] INFO volume.OMVolumeCreateRequest: created volume:vol-3-92070 for user:testuser/scm@EXAMPLE.COM
kdc_1       | May 27 04:06:56 kdc krb5kdc[8](info): TGS_REQ (6 etypes {18 17 20 19 16 23}) 172.25.0.4: ISSUE: authtime 1590552414, etypes {rep=18 tkt=18 ses=18}, testuser/s3g@EXAMPLE.COM for om/om@EXAMPLE.COM
s3g_1       | 2020-05-27 03:56:04,765 [main] INFO http.HttpServer2: Added filter authentication (class=org.apache.hadoop.security.authentication.server.AuthenticationFilter) to context logs
recon_1     | 2020-05-27 03:56:22,842 [main] INFO net.NodeSchemaLoader: Loading network topology layer schema file
scm_1       | 2020-05-27 03:56:03,726 [main] INFO server.StorageContainerManagerStarter: STARTUP_MSG: 
om_1        | 2020-05-27 03:57:01,633 [IPC Server handler 5 on default port 9862] INFO volume.OMVolumeCreateRequest: created volume:vol-4-78371 for user:testuser/scm@EXAMPLE.COM
kdc_1       | May 27 04:06:59 kdc krb5kdc[8](info): TGS_REQ (6 etypes {18 17 20 19 16 23}) 172.25.0.4: ISSUE: authtime 1590552414, etypes {rep=18 tkt=18 ses=18}, testuser/s3g@EXAMPLE.COM for om/om@EXAMPLE.COM
s3g_1       | 2020-05-27 03:56:04,776 [main] INFO http.HttpServer2: Initialize spnego with host: 0.0.0.0 userKey: ozone.s3g.http.auth.kerberos.principal keytabKey: ozone.s3g.http.auth.kerberos.keytab
recon_1     | 2020-05-27 03:56:22,979 [main] WARN db.DBStoreBuilder: ozone.recon.scm.db.dirs is not configured. We recommend adding this setting. Falling back to ozone.metadata.dirs instead.
scm_1       | /************************************************************
om_1        | 2020-05-27 03:57:48,108 [qtp523174153-133] INFO om.OMDBCheckpointServlet: Received request to obtain OM DB checkpoint snapshot
kdc_1       | May 27 04:07:05 kdc krb5kdc[8](info): AS_REQ (8 etypes {18 17 20 19 16 23 25 26}) 172.25.0.4: ISSUE: authtime 1590552425, etypes {rep=18 tkt=18 ses=18}, testuser/s3g@EXAMPLE.COM for krbtgt/EXAMPLE.COM@EXAMPLE.COM
kdc_1       | May 27 04:07:06 kdc krb5kdc[8](info): TGS_REQ (6 etypes {18 17 20 19 16 23}) 172.25.0.4: ISSUE: authtime 1590552425, etypes {rep=18 tkt=18 ses=18}, testuser/s3g@EXAMPLE.COM for om/om@EXAMPLE.COM
kdc_1       | May 27 04:07:10 kdc krb5kdc[8](info): TGS_REQ (6 etypes {18 17 20 19 16 23}) 172.25.0.4: ISSUE: authtime 1590552425, etypes {rep=18 tkt=18 ses=18}, testuser/s3g@EXAMPLE.COM for om/om@EXAMPLE.COM
s3g_1       | 2020-05-27 03:56:04,971 [main] INFO s3.Gateway: Starting Ozone S3 gateway
om_1        | 2020-05-27 03:57:48,127 [qtp523174153-133] INFO db.RDBCheckpointManager: Created checkpoint at /data/metadata/db.checkpoints/rdb_rdb_checkpoint_1590551868108 in 18 milliseconds
scm_1       | STARTUP_MSG: Starting StorageContainerManager
recon_1     | 2020-05-27 03:56:23,094 [main] INFO node.SCMNodeManager: Entering startup safe mode.
kdc_1       | May 27 04:07:13 kdc krb5kdc[8](info): AS_REQ (8 etypes {18 17 20 19 16 23 25 26}) 172.25.0.4: ISSUE: authtime 1590552433, etypes {rep=18 tkt=18 ses=18}, testuser/s3g@EXAMPLE.COM for krbtgt/EXAMPLE.COM@EXAMPLE.COM
s3g_1       | 2020-05-27 03:56:05,065 [main] INFO http.HttpServer2: Jetty bound to port 9878
om_1        | 2020-05-27 03:57:48,137 [qtp523174153-133] INFO om.OMDBCheckpointServlet: Time taken to write the checkpoint to response output stream: 10 milliseconds
scm_1       | STARTUP_MSG:   host = scm/172.25.0.6
recon_1     | 2020-05-27 03:56:23,121 [main] WARN recon.ReconUtils: ozone.recon.scm.db.dirs is not configured. We recommend adding this setting. Falling back to ozone.metadata.dirs instead.
kdc_1       | May 27 04:07:15 kdc krb5kdc[8](info): TGS_REQ (6 etypes {18 17 20 19 16 23}) 172.25.0.4: ISSUE: authtime 1590552433, etypes {rep=18 tkt=18 ses=18}, testuser/s3g@EXAMPLE.COM for om/om@EXAMPLE.COM
s3g_1       | 2020-05-27 03:56:05,069 [main] INFO server.Server: jetty-9.4.26.v20200117; built: 2020-01-17T12:35:33.676Z; git: 7b38981d25d14afb4a12ff1f2596756144edf695; jvm 11.0.6+10-LTS
om_1        | 2020-05-27 03:57:48,137 [qtp523174153-133] INFO db.RocksDBCheckpoint: Cleaning up RocksDB checkpoint at /data/metadata/db.checkpoints/rdb_rdb_checkpoint_1590551868108
scm_1       | STARTUP_MSG:   args = [--init]
recon_1     | 2020-05-27 03:56:23,168 [main] INFO scm.ReconNodeManager: Loaded 0 nodes from node DB.
kdc_1       | May 27 04:07:18 kdc krb5kdc[8](info): TGS_REQ (6 etypes {18 17 20 19 16 23}) 172.25.0.4: ISSUE: authtime 1590552433, etypes {rep=18 tkt=18 ses=18}, testuser/s3g@EXAMPLE.COM for om/om@EXAMPLE.COM
s3g_1       | 2020-05-27 03:56:05,533 [main] INFO server.session: DefaultSessionIdManager workerName=node0
om_1        | 2020-05-27 03:58:04,608 [Socket Reader #1 for port 9862] INFO ipc.Server: Auth successful for testuser/scm@EXAMPLE.COM (auth:KERBEROS)
scm_1       | STARTUP_MSG:   version = 3.2.1
recon_1     | 2020-05-27 03:56:23,219 [main] INFO ipc.CallQueueManager: Using callQueue: class java.util.concurrent.LinkedBlockingQueue, queueCapacity: 10000, scheduler: class org.apache.hadoop.ipc.DefaultRpcScheduler, ipcBackoff: false.
recon_1     | 2020-05-27 03:56:23,248 [Socket Reader #1 for port 9891] INFO ipc.Server: Starting Socket Reader #1 for port 9891
kdc_1       | May 27 04:07:21 kdc krb5kdc[8](info): AS_REQ (8 etypes {18 17 20 19 16 23 25 26}) 172.25.0.4: ISSUE: authtime 1590552441, etypes {rep=18 tkt=18 ses=18}, testuser/s3g@EXAMPLE.COM for krbtgt/EXAMPLE.COM@EXAMPLE.COM
om_1        | 2020-05-27 03:58:04,630 [Socket Reader #1 for port 9862] INFO authorize.ServiceAuthorizationManager: Authorization successful for testuser/scm@EXAMPLE.COM (auth:KERBEROS) for protocol=interface org.apache.hadoop.ozone.om.protocol.OzoneManagerProtocol
recon_1     | 2020-05-27 03:56:23,367 [Listener at 0.0.0.0/9891] INFO pipeline.SCMPipelineManager: No pipeline exists in current db
s3g_1       | 2020-05-27 03:56:05,543 [main] INFO server.session: No SessionScavenger set, using defaults
scm_1       | STARTUP_MSG:   classpath = /etc/hadoop:/opt/hadoop/share/hadoop/common/*:/opt/hadoop/share/ozone/lib/kerb-simplekdc-1.0.1.jar:/opt/hadoop/share/ozone/lib/okhttp-4.2.2.jar:/opt/hadoop/share/ozone/lib/ratis-common-0.6.0-cac3336-SNAPSHOT.jar:/opt/hadoop/share/ozone/lib/jackson-databind-2.10.3.jar:/opt/hadoop/share/ozone/lib/protobuf-java-2.5.0.jar:/opt/hadoop/share/ozone/lib/bcpkix-jdk15on-1.60.jar:/opt/hadoop/share/ozone/lib/commons-validator-1.6.jar:/opt/hadoop/share/ozone/lib/hadoop-hdds-client-0.6.0-SNAPSHOT.jar:/opt/hadoop/share/ozone/lib/netty-3.10.5.Final.jar:/opt/hadoop/share/ozone/lib/jaxb-impl-2.3.0.1.jar:/opt/hadoop/share/ozone/lib/kotlin-stdlib-common-1.3.50.jar:/opt/hadoop/share/ozone/lib/kerb-core-1.0.1.jar:/opt/hadoop/share/ozone/lib/jsr305-3.0.0.jar:/opt/hadoop/share/ozone/lib/j2objc-annotations-1.3.jar:/opt/hadoop/share/ozone/lib/leveldbjni-all-1.8.jar:/opt/hadoop/share/ozone/lib/ratis-server-0.6.0-cac3336-SNAPSHOT.jar:/opt/hadoop/share/ozone/lib/jetty-io-9.4.26.v20200117.jar:/opt/hadoop/share/ozone/lib/jaeger-tracerresolver-1.2.0.jar:/opt/hadoop/share/ozone/lib/hadoop-auth-3.2.1.jar:/opt/hadoop/share/ozone/lib/htrace-core4-4.1.0-incubating.jar:/opt/hadoop/share/ozone/lib/jetty-http-9.4.26.v20200117.jar:/opt/hadoop/share/ozone/lib/kerb-util-1.0.1.jar:/opt/hadoop/share/ozone/lib/jetty-xml-9.4.26.v20200117.jar:/opt/hadoop/share/ozone/lib/jaeger-thrift-1.2.0.jar:/opt/hadoop/share/ozone/lib/commons-logging-1.2.jar:/opt/hadoop/share/ozone/lib/kerby-xdr-1.0.1.jar:/opt/hadoop/share/ozone/lib/jetty-server-9.4.26.v20200117.jar:/opt/hadoop/share/ozone/lib/opentracing-tracerresolver-0.1.8.jar:/opt/hadoop/share/ozone/lib/commons-net-3.6.jar:/opt/hadoop/share/ozone/lib/log4j-api-2.11.0.jar:/opt/hadoop/share/ozone/lib/jaeger-core-1.2.0.jar:/opt/hadoop/share/ozone/lib/error_prone_annotations-2.2.0.jar:/opt/hadoop/share/ozone/lib/ratis-thirdparty-misc-0.4.0.jar:/opt/hadoop/share/ozone/lib/slf4j-log4j12-1.7.25.jar:/opt/hadoop/share/ozone/lib/okio-2.2.2.jar:/opt/hadoop/share/ozone/lib/kerby-config-1.0.1.jar:/opt/hadoop/share/ozone/lib/jetty-util-ajax-9.4.26.v20200117.jar:/opt/hadoop/share/ozone/lib/metrics-core-3.2.4.jar:/opt/hadoop/share/ozone/lib/guava-28.2-jre.jar:/opt/hadoop/share/ozone/lib/kerby-pkix-1.0.1.jar:/opt/hadoop/share/ozone/lib/xz-1.0.jar:/opt/hadoop/share/ozone/lib/jetty-servlet-9.4.26.v20200117.jar:/opt/hadoop/share/ozone/lib/jsr311-api-1.1.1.jar:/opt/hadoop/share/ozone/lib/commons-beanutils-1.9.4.jar:/opt/hadoop/share/ozone/lib/rocksdbjni-6.6.4.jar:/opt/hadoop/share/ozone/lib/hadoop-hdds-container-service-0.6.0-SNAPSHOT.jar:/opt/hadoop/share/ozone/lib/jetty-security-9.4.26.v20200117.jar:/opt/hadoop/share/ozone/lib/ratis-grpc-0.6.0-cac3336-SNAPSHOT.jar:/opt/hadoop/share/ozone/lib/javax.servlet-api-3.1.0.jar:/opt/hadoop/share/ozone/lib/kerb-server-1.0.1.jar:/opt/hadoop/share/ozone/lib/kerb-client-1.0.1.jar:/opt/hadoop/share/ozone/lib/disruptor-3.4.2.jar:/opt/hadoop/share/ozone/lib/libthrift-0.13.0.jar:/opt/hadoop/share/ozone/lib/hadoop-hdds-docs-0.6.0-SNAPSHOT.jar:/opt/hadoop/share/ozone/lib/annotations-13.0.jar:/opt/hadoop/share/ozone/lib/simpleclient_common-0.7.0.jar:/opt/hadoop/share/ozone/lib/dnsjava-2.1.7.jar:/opt/hadoop/share/ozone/lib/jackson-annotations-2.10.3.jar:/opt/hadoop/share/ozone/lib/commons-configuration2-2.1.1.jar:/opt/hadoop/share/ozone/lib/json-smart-2.3.jar:/opt/hadoop/share/ozone/lib/token-provider-1.0.1.jar:/opt/hadoop/share/ozone/lib/log4j-1.2.17.jar:/opt/hadoop/share/ozone/lib/commons-daemon-1.0.13.jar:/opt/hadoop/share/ozone/lib/listenablefuture-9999.0-empty-to-avoid-conflict-with-guava.jar:/opt/hadoop/share/ozone/lib/bcprov-jdk15on-1.60.jar:/opt/hadoop/share/ozone/lib/ratis-client-0.6.0-cac3336-SNAPSHOT.jar:/opt/hadoop/share/ozone/lib/jetty-webapp-9.4.26.v20200117.jar:/opt/hadoop/share/ozone/lib/hadoop-hdfs-client-3.2.1.jar:/opt/hadoop/share/ozone/lib/commons-lang3-3.7.jar:/opt/hadoop/share/ozone/lib/commons-compress-1.4.1.jar:/opt/hadoop/share/ozone/lib/accessors-smart-1.2.jar:/opt/hadoop/share/ozone/lib/re2j-1.1.jar:/opt/hadoop/share/ozone/lib/hadoop-hdfs-3.2.1.jar:/opt/hadoop/share/ozone/lib/commons-math3-3.1.1.jar:/opt/hadoop/share/ozone/lib/simpleclient_dropwizard-0.7.0.jar:/opt/hadoop/share/ozone/lib/hadoop-common-3.2.1.jar:/opt/hadoop/share/ozone/lib/simpleclient-0.7.0.jar:/opt/hadoop/share/ozone/lib/httpclient-4.5.2.jar:/opt/hadoop/share/ozone/lib/asm-5.0.4.jar:/opt/hadoop/share/ozone/lib/kerby-util-1.0.1.jar:/opt/hadoop/share/ozone/lib/ratis-proto-0.6.0-cac3336-SNAPSHOT.jar:/opt/hadoop/share/ozone/lib/failureaccess-1.0.1.jar:/opt/hadoop/share/ozone/lib/jsp-api-2.1.jar:/opt/hadoop/share/ozone/lib/jsch-0.1.54.jar:/opt/hadoop/share/ozone/lib/log4j-core-2.11.0.jar:/opt/hadoop/share/ozone/lib/nimbus-jose-jwt-7.9.jar:/opt/hadoop/share/ozone/lib/kotlin-stdlib-1.3.50.jar:/opt/hadoop/share/ozone/lib/commons-codec-1.11.jar:/opt/hadoop/share/ozone/lib/commons-pool2-2.6.0.jar:/opt/hadoop/share/ozone/lib/jackson-datatype-jsr310-2.10.3.jar:/opt/hadoop/share/ozone/lib/gson-2.2.4.jar:/opt/hadoop/share/ozone/lib/opentracing-api-0.33.0.jar:/opt/hadoop/share/ozone/lib/jcip-annotations-1.0-1.jar:/opt/hadoop/share/ozone/lib/kerb-admin-1.0.1.jar:/opt/hadoop/share/ozone/lib/commons-io-2.5.jar:/opt/hadoop/share/ozone/lib/snakeyaml-1.16.jar:/opt/hadoop/share/ozone/lib/opentracing-noop-0.33.0.jar:/opt/hadoop/share/ozone/lib/jetty-util-9.4.26.v20200117.jar:/opt/hadoop/share/ozone/lib/hadoop-hdds-hadoop-dependency-client-0.6.0-SNAPSHOT.jar:/opt/hadoop/share/ozone/lib/jersey-core-1.19.jar:/opt/hadoop/share/ozone/lib/checker-qual-2.10.0.jar:/opt/hadoop/share/ozone/lib/hadoop-hdds-server-framework-0.6.0-SNAPSHOT.jar:/opt/hadoop/share/ozone/lib/ratis-netty-0.6.0-cac3336-SNAPSHOT.jar:/opt/hadoop/share/ozone/lib/opentracing-util-0.33.0.jar:/opt/hadoop/share/ozone/lib/picocli-3.9.6.jar:/opt/hadoop/share/ozone/lib/hadoop-hdds-common-0.6.0-SNAPSHOT.jar:/opt/hadoop/share/ozone/lib/commons-cli-1.2.jar:/opt/hadoop/share/ozone/lib/woodstox-core-5.0.3.jar:/opt/hadoop/share/ozone/lib/javax.annotation-api-1.2.jar:/opt/hadoop/share/ozone/lib/netty-all-4.1.48.Final.jar:/opt/hadoop/share/ozone/lib/kerby-asn1-1.0.1.jar:/opt/hadoop/share/ozone/lib/hadoop-hdds-config-0.6.0-SNAPSHOT.jar:/opt/hadoop/share/ozone/lib/stax2-api-3.1.4.jar:/opt/hadoop/share/ozone/lib/commons-digester-1.8.1.jar:/opt/hadoop/share/ozone/lib/commons-collections-3.2.2.jar:/opt/hadoop/share/ozone/lib/jettison-1.1.jar:/opt/hadoop/share/ozone/lib/ratis-metrics-0.6.0-cac3336-SNAPSHOT.jar:/opt/hadoop/share/ozone/lib/commons-text-1.4.jar:/opt/hadoop/share/ozone/lib/jackson-core-2.10.3.jar:/opt/hadoop/share/ozone/lib/jersey-servlet-1.19.jar:/opt/hadoop/share/ozone/lib/jersey-json-1.19.jar:/opt/hadoop/share/ozone/lib/slf4j-api-1.7.25.jar:/opt/hadoop/share/ozone/lib/kerb-identity-1.0.1.jar:/opt/hadoop/share/ozone/lib/hadoop-hdds-hadoop-dependency-server-0.6.0-SNAPSHOT.jar:/opt/hadoop/share/ozone/lib/jaeger-client-1.2.0.jar:/opt/hadoop/share/ozone/lib/kerb-common-1.0.1.jar:/opt/hadoop/share/ozone/lib/jersey-server-1.19.jar:/opt/hadoop/share/ozone/lib/hadoop-hdds-common-0.6.0-SNAPSHOT-tests.jar:/opt/hadoop/share/ozone/lib/kerb-crypto-1.0.1.jar:/opt/hadoop/share/ozone/lib/hadoop-annotations-3.2.1.jar:/opt/hadoop/share/ozone/lib/httpcore-4.4.4.jar:/opt/hadoop/share/ozone/web:/opt/hadoop/share/ozone/lib/hadoop-hdds-server-scm-0.6.0-SNAPSHOT.jar
kdc_1       | May 27 04:07:22 kdc krb5kdc[8](info): TGS_REQ (6 etypes {18 17 20 19 16 23}) 172.25.0.4: ISSUE: authtime 1590552441, etypes {rep=18 tkt=18 ses=18}, testuser/s3g@EXAMPLE.COM for om/om@EXAMPLE.COM
om_1        | 2020-05-27 03:58:06,861 [Socket Reader #1 for port 9862] INFO ipc.Server: Auth successful for testuser/scm@EXAMPLE.COM (auth:KERBEROS)
recon_1     | 2020-05-27 03:56:23,434 [Listener at 0.0.0.0/9891] INFO recon.ReconServer: Recon server initialized successfully!
s3g_1       | 2020-05-27 03:56:05,577 [main] INFO server.session: node0 Scavenging every 660000ms
scm_1       | STARTUP_MSG:   build = https://gitbox.apache.org/repos/asf/hadoop.git -r b3cbbb467e22ea829b3808f4b7b01d07e0bf3842; compiled by 'rohithsharmaks' on 2019-09-10T15:56Z
kdc_1       | May 27 04:07:26 kdc krb5kdc[8](info): TGS_REQ (6 etypes {18 17 20 19 16 23}) 172.25.0.4: ISSUE: authtime 1590552441, etypes {rep=18 tkt=18 ses=18}, testuser/s3g@EXAMPLE.COM for om/om@EXAMPLE.COM
om_1        | 2020-05-27 03:58:06,880 [Socket Reader #1 for port 9862] INFO authorize.ServiceAuthorizationManager: Authorization successful for testuser/scm@EXAMPLE.COM (auth:KERBEROS) for protocol=interface org.apache.hadoop.ozone.om.protocol.OzoneManagerProtocol
recon_1     | 2020-05-27 03:56:23,434 [Listener at 0.0.0.0/9891] INFO recon.ReconServer: Starting Recon server
s3g_1       | 2020-05-27 03:56:05,830 [main] INFO server.KerberosAuthenticationHandler: Using keytab /etc/security/keytabs/HTTP.keytab, for principal HTTP/s3g@EXAMPLE.COM
scm_1       | STARTUP_MSG:   java = 11.0.6
kdc_1       | May 27 04:07:28 kdc krb5kdc[8](info): AS_REQ (8 etypes {18 17 20 19 16 23 25 26}) 172.25.0.4: ISSUE: authtime 1590552448, etypes {rep=18 tkt=18 ses=18}, testuser/s3g@EXAMPLE.COM for krbtgt/EXAMPLE.COM@EXAMPLE.COM
om_1        | 2020-05-27 03:58:07,173 [IPC Server handler 46 on default port 9862] INFO volume.OMVolumeCreateRequest: created volume:41387-rpcwoport for user:testuser/scm@EXAMPLE.COM
recon_1     | 2020-05-27 03:56:23,554 [Listener at 0.0.0.0/9891] INFO impl.MetricsConfig: Loaded properties from hadoop-metrics2.properties
s3g_1       | 2020-05-27 03:56:06,018 [main] INFO handler.ContextHandler: Started o.e.j.s.ServletContextHandler@32115b28{logs,/logs,file:///var/log/hadoop/,AVAILABLE}
scm_1       | ************************************************************/
kdc_1       | May 27 04:07:30 kdc krb5kdc[8](info): TGS_REQ (6 etypes {18 17 20 19 16 23}) 172.25.0.4: ISSUE: authtime 1590552448, etypes {rep=18 tkt=18 ses=18}, testuser/s3g@EXAMPLE.COM for om/om@EXAMPLE.COM
om_1        | 2020-05-27 03:58:09,081 [Socket Reader #1 for port 9862] INFO ipc.Server: Auth successful for testuser/scm@EXAMPLE.COM (auth:KERBEROS)
recon_1     | 2020-05-27 03:56:23,709 [Listener at 0.0.0.0/9891] INFO impl.MetricsSystemImpl: Scheduled Metric snapshot period at 10 second(s).
s3g_1       | 2020-05-27 03:56:06,020 [main] INFO handler.ContextHandler: Started o.e.j.s.ServletContextHandler@3214ee6{static,/static,jar:file:/opt/hadoop/share/ozone/lib/hadoop-ozone-s3gateway-0.6.0-SNAPSHOT.jar!/webapps/static,AVAILABLE}
scm_1       | 2020-05-27 03:56:03,843 [main] INFO server.StorageContainerManagerStarter: registered UNIX signal handlers for [TERM, HUP, INT]
kdc_1       | May 27 04:07:33 kdc krb5kdc[8](info): TGS_REQ (6 etypes {18 17 20 19 16 23}) 172.25.0.4: ISSUE: authtime 1590552448, etypes {rep=18 tkt=18 ses=18}, testuser/s3g@EXAMPLE.COM for om/om@EXAMPLE.COM
om_1        | 2020-05-27 03:58:09,094 [Socket Reader #1 for port 9862] INFO authorize.ServiceAuthorizationManager: Authorization successful for testuser/scm@EXAMPLE.COM (auth:KERBEROS) for protocol=interface org.apache.hadoop.ozone.om.protocol.OzoneManagerProtocol
recon_1     | 2020-05-27 03:56:23,709 [Listener at 0.0.0.0/9891] INFO impl.MetricsSystemImpl: Recon metrics system started
s3g_1       | ERROR StatusLogger No Log4j 2 configuration file found. Using default configuration (logging only errors to the console), or user programmatically provided configurations. Set system property 'log4j2.debug' to show Log4j 2 internal initialization logging. See https://logging.apache.org/log4j/2.x/manual/configuration.html for instructions on how to configure Log4j 2
scm_1       | 2020-05-27 03:56:04,669 [main] WARN server.ServerUtils: ozone.scm.db.dirs is not configured. We recommend adding this setting. Falling back to ozone.metadata.dirs instead.
kdc_1       | May 27 04:07:35 kdc krb5kdc[8](info): AS_REQ (8 etypes {18 17 20 19 16 23 25 26}) 172.25.0.4: ISSUE: authtime 1590552455, etypes {rep=18 tkt=18 ses=18}, testuser/s3g@EXAMPLE.COM for krbtgt/EXAMPLE.COM@EXAMPLE.COM
om_1        | 2020-05-27 03:58:11,433 [Socket Reader #1 for port 9862] INFO ipc.Server: Auth successful for testuser/scm@EXAMPLE.COM (auth:KERBEROS)
recon_1     | 2020-05-27 03:56:24,057 [Listener at 0.0.0.0/9891] INFO http.HttpServer2: Jetty bound to port 9888
s3g_1       | 2020-05-27 03:56:18,039 [main] INFO server.KerberosAuthenticationHandler: Using keytab /etc/security/keytabs/HTTP.keytab, for principal HTTP/s3g@EXAMPLE.COM
scm_1       | 2020-05-27 03:56:05,102 [main] INFO server.StorageContainerManager: SCM initialization succeeded. Current cluster id for sd=/data/metadata/scm;cid=CID-5634c3e4-6c89-4886-a379-563a2818975f
kdc_1       | May 27 04:07:36 kdc krb5kdc[8](info): TGS_REQ (6 etypes {18 17 20 19 16 23}) 172.25.0.4: ISSUE: authtime 1590552455, etypes {rep=18 tkt=18 ses=18}, testuser/s3g@EXAMPLE.COM for om/om@EXAMPLE.COM
om_1        | 2020-05-27 03:58:11,445 [Socket Reader #1 for port 9862] INFO authorize.ServiceAuthorizationManager: Authorization successful for testuser/scm@EXAMPLE.COM (auth:KERBEROS) for protocol=interface org.apache.hadoop.ozone.om.protocol.OzoneManagerProtocol
recon_1     | 2020-05-27 03:56:24,065 [Listener at 0.0.0.0/9891] INFO server.Server: jetty-9.4.26.v20200117; built: 2020-01-17T12:35:33.676Z; git: 7b38981d25d14afb4a12ff1f2596756144edf695; jvm 11.0.6+10-LTS
s3g_1       | May 27, 2020 3:56:20 AM org.glassfish.jersey.internal.Errors logErrors
scm_1       | 2020-05-27 03:56:05,222 [shutdown-hook-0] INFO server.StorageContainerManagerStarter: SHUTDOWN_MSG: 
om_1        | 2020-05-27 03:58:13,900 [Socket Reader #1 for port 9862] INFO ipc.Server: Auth successful for testuser/scm@EXAMPLE.COM (auth:KERBEROS)
recon_1     | 2020-05-27 03:56:24,138 [Listener at 0.0.0.0/9891] INFO server.session: DefaultSessionIdManager workerName=node0
kdc_1       | May 27 04:07:40 kdc krb5kdc[8](info): TGS_REQ (6 etypes {18 17 20 19 16 23}) 172.25.0.4: ISSUE: authtime 1590552455, etypes {rep=18 tkt=18 ses=18}, testuser/s3g@EXAMPLE.COM for om/om@EXAMPLE.COM
s3g_1       | WARNING: The following warnings have been detected: WARNING: A HTTP GET method, public javax.ws.rs.core.Response org.apache.hadoop.ozone.s3.endpoint.ObjectEndpoint.get(java.lang.String,java.lang.String,java.lang.String,int,java.lang.String,java.io.InputStream) throws java.io.IOException,org.apache.hadoop.ozone.s3.exception.OS3Exception, should not consume any entity.
scm_1       | /************************************************************
om_1        | 2020-05-27 03:58:13,911 [Socket Reader #1 for port 9862] INFO authorize.ServiceAuthorizationManager: Authorization successful for testuser/scm@EXAMPLE.COM (auth:KERBEROS) for protocol=interface org.apache.hadoop.ozone.om.protocol.OzoneManagerProtocol
recon_1     | 2020-05-27 03:56:24,138 [Listener at 0.0.0.0/9891] INFO server.session: No SessionScavenger set, using defaults
kdc_1       | May 27 04:08:23 kdc krb5kdc[8](info): AS_REQ (8 etypes {18 17 20 19 16 23 25 26}) 172.25.0.4: ISSUE: authtime 1590552503, etypes {rep=18 tkt=18 ses=18}, testuser/s3g@EXAMPLE.COM for krbtgt/EXAMPLE.COM@EXAMPLE.COM
s3g_1       | 
scm_1       | SHUTDOWN_MSG: Shutting down StorageContainerManager at scm/172.25.0.6
om_1        | 2020-05-27 03:58:16,289 [Socket Reader #1 for port 9862] INFO ipc.Server: Auth successful for testuser/scm@EXAMPLE.COM (auth:KERBEROS)
recon_1     | 2020-05-27 03:56:24,149 [Listener at 0.0.0.0/9891] INFO server.session: node0 Scavenging every 600000ms
kdc_1       | May 27 04:08:25 kdc krb5kdc[8](info): TGS_REQ (6 etypes {18 17 20 19 16 23}) 172.25.0.4: ISSUE: authtime 1590552503, etypes {rep=18 tkt=18 ses=18}, testuser/s3g@EXAMPLE.COM for om/om@EXAMPLE.COM
