nm_1        | 2020-05-27 03:21:01 INFO  AuxServices:350 - Got event APPLICATION_INIT for appId application_1590549584991_0001
datanode_1  | 2020-05-27 03:19:55,087 [pool-19-thread-1] INFO impl.RoleInfo: 31e32124-d94f-446d-9628-9d0f2a02c598: start FollowerState
rm_1        | 2020-05-27 03:20:42 INFO  RMStateStore:222 - Storing info for app: application_1590549584991_0001
scm_1       | 	at java.base/sun.nio.ch.SocketChannelImpl.write(SocketChannelImpl.java:471)
datanode_3  | 2020-05-27 03:19:54,563 [pool-19-thread-1] INFO storage.RaftStorageDirectory: Lock on /data/metadata/ratis/99442f39-3212-4dae-811f-8a287710df4d/in_use.lock acquired by nodename 6@8b06486f43b6
nm_1        | 2020-05-27 03:21:01 INFO  AuxServices:354 - Got APPLICATION_INIT for service mapreduce_shuffle
datanode_1  | 2020-05-27 03:19:55,100 [pool-19-thread-1] INFO util.JmxRegister: Successfully registered JMX Bean with object name Ratis:service=RaftServer,group=group-8A287710DF4D,id=31e32124-d94f-446d-9628-9d0f2a02c598
rm_1        | 2020-05-27 03:20:42 INFO  RMAppImpl:912 - application_1590549584991_0001 State change from NEW to NEW_SAVING on event = START
scm_1       | 	at org.apache.hadoop.ipc.Server.channelWrite(Server.java:3550)
datanode_3  | 2020-05-27 03:19:54,564 [pool-19-thread-1] INFO storage.RaftStorage: Storage directory /data/metadata/ratis/99442f39-3212-4dae-811f-8a287710df4d has been successfully formatted.
nm_1        | 2020-05-27 03:21:01 INFO  ShuffleHandler:719 - Added token for job_1590549584991_0001
datanode_1  | 2020-05-27 03:19:55,100 [pool-19-thread-1] INFO metrics.RatisMetrics: Creating Metrics Registry : ratis.state_machine.31e32124-d94f-446d-9628-9d0f2a02c598@group-8A287710DF4D
rm_1        | 2020-05-27 03:20:42 INFO  RMAppImpl:912 - application_1590549584991_0001 State change from NEW_SAVING to SUBMITTED on event = APP_NEW_SAVED
scm_1       | 	at org.apache.hadoop.ipc.Server.access$1700(Server.java:139)
datanode_3  | 2020-05-27 03:19:54,565 [pool-19-thread-1] INFO ratis.ContainerStateMachine: group-8A287710DF4D: The snapshot info is null. Setting the last applied indexto:(t:0, i:~)
nm_1        | 2020-05-27 03:21:01 INFO  ContainerImpl:2126 - Container container_1590549584991_0001_01_000003 transitioned from LOCALIZING to SCHEDULED
datanode_1  | 2020-05-27 03:19:58,359 [grpc-default-executor-0] INFO impl.RaftServerImpl: 31e32124-d94f-446d-9628-9d0f2a02c598@group-8A287710DF4D: changes role from  FOLLOWER to FOLLOWER at term 1 for recognizeCandidate:8107e411-814e-4f02-881a-a8531c6bf97d
rm_1        | 2020-05-27 03:20:42 INFO  ParentQueue:494 - Application added - appId: application_1590549584991_0001 user: hadoop leaf-queue of parent: root #applications: 1
scm_1       | 	at org.apache.hadoop.ipc.Server$Responder.processResponse(Server.java:1620)
datanode_3  | 2020-05-27 03:19:54,565 [pool-19-thread-1] INFO server.RaftServerConfigKeys: raft.server.notification.no-leader.timeout = 60s (default)
nm_1        | 2020-05-27 03:21:01 INFO  ContainerScheduler:511 - Starting container [container_1590549584991_0001_01_000003]
datanode_1  | 2020-05-27 03:19:58,363 [grpc-default-executor-0] INFO impl.RoleInfo: 31e32124-d94f-446d-9628-9d0f2a02c598: shutdown FollowerState
rm_1        | 2020-05-27 03:20:42 INFO  CapacityScheduler:954 - Accepted application application_1590549584991_0001 from user: hadoop, in queue: default
scm_1       | 	at org.apache.hadoop.ipc.Server$Responder.doRespond(Server.java:1690)
datanode_3  | 2020-05-27 03:19:54,565 [pool-19-thread-1] INFO server.RaftServerConfigKeys: raft.server.log.use.memory = false (default)
nm_1        | 2020-05-27 03:21:01 INFO  Configuration:3318 - Removed undeclared tags:
rm_1        | 2020-05-27 03:20:42 INFO  RMAppImpl:912 - application_1590549584991_0001 State change from SUBMITTED to ACCEPTED on event = APP_ACCEPTED
scm_1       | 	at org.apache.hadoop.ipc.Server$Connection.sendResponse(Server.java:2785)
datanode_1  | 2020-05-27 03:19:58,364 [Thread-22] INFO impl.FollowerState: 31e32124-d94f-446d-9628-9d0f2a02c598@group-8A287710DF4D-FollowerState was interrupted: java.lang.InterruptedException: sleep interrupted
datanode_3  | 2020-05-27 03:19:54,565 [pool-19-thread-1] INFO server.RaftServerConfigKeys: raft.server.log.purge.gap = 1000000 (custom)
nm_1        | 2020-05-27 03:21:01 INFO  ContainerImpl:2126 - Container container_1590549584991_0001_01_000003 transitioned from SCHEDULED to RUNNING
rm_1        | 2020-05-27 03:20:42 INFO  ApplicationMasterService:479 - Registering app attempt : appattempt_1590549584991_0001_000001
scm_1       | 	at org.apache.hadoop.ipc.Server$Connection.access$300(Server.java:1762)
datanode_1  | 2020-05-27 03:19:58,364 [grpc-default-executor-0] INFO impl.RoleInfo: 31e32124-d94f-446d-9628-9d0f2a02c598: start FollowerState
datanode_3  | 2020-05-27 03:19:54,565 [pool-19-thread-1] INFO server.RaftServerConfigKeys: raft.server.log.appender.buffer.byte-limit = 33554432 (custom)
nm_1        | 2020-05-27 03:21:01 INFO  ContainersMonitorImpl:943 - Starting resource-monitoring for container_1590549584991_0001_01_000003
rm_1        | 2020-05-27 03:20:42 INFO  RMAppAttemptImpl:927 - appattempt_1590549584991_0001_000001 State change from NEW to SUBMITTED on event = START
scm_1       | 	at org.apache.hadoop.ipc.Server$RpcCall.doResponse(Server.java:1081)
datanode_1  | 2020-05-27 03:19:58,552 [grpc-default-executor-0] INFO ratis.XceiverServerRatis: Leader change notification received for group: group-8A287710DF4D with new leaderId: 8107e411-814e-4f02-881a-a8531c6bf97d
datanode_3  | 2020-05-27 03:19:54,565 [pool-19-thread-1] INFO server.RaftServerConfigKeys: raft.server.log.segment.size.max = 1048576 (custom)
nm_1        | 2020-05-27 03:21:01 INFO  DefaultContainerExecutor:370 - launchContainer: [bash, /tmp/hadoop-hadoop/nm-local-dir/usercache/hadoop/appcache/application_1590549584991_0001/container_1590549584991_0001_01_000003/default_container_executor.sh]
rm_1        | 2020-05-27 03:20:42 WARN  LeafQueue:846 - maximum-am-resource-percent is insufficient to start a single application in queue, it is likely set too low. skipping enforcement to allow at least one application to start
scm_1       | 	at org.apache.hadoop.ipc.Server$Call.doResponse(Server.java:873)
datanode_1  | 2020-05-27 03:19:58,553 [grpc-default-executor-0] INFO impl.RaftServerImpl: 31e32124-d94f-446d-9628-9d0f2a02c598@group-8A287710DF4D: change Leader from null to 8107e411-814e-4f02-881a-a8531c6bf97d at term 1 for appendEntries, leader elected after 3602ms
datanode_3  | 2020-05-27 03:19:54,565 [pool-19-thread-1] INFO server.RaftServerConfigKeys: raft.server.log.segment.cache.num.max = 2 (custom)
nm_1        | 2020-05-27 03:21:01 INFO  NodeStatusUpdaterImpl:696 - Removed completed containers from NM context: [container_1590549584991_0001_01_000002]
rm_1        | 2020-05-27 03:20:42 WARN  LeafQueue:882 - maximum-am-resource-percent is insufficient to start a single application in queue for user, it is likely set too low. skipping enforcement to allow at least one application to start
scm_1       | 	at org.apache.hadoop.ipc.Server$Call.sendResponse(Server.java:859)
datanode_1  | 2020-05-27 03:19:58,620 [grpc-default-executor-0] INFO impl.RaftServerImpl: 31e32124-d94f-446d-9628-9d0f2a02c598@group-8A287710DF4D: set configuration 0: [31e32124-d94f-446d-9628-9d0f2a02c598:172.19.0.6:9858, 8107e411-814e-4f02-881a-a8531c6bf97d:172.19.0.8:9858, 08528c78-bb0a-42a3-b8f6-5d1d5059202a:172.19.0.2:9858], old=null at 0
datanode_3  | 2020-05-27 03:19:54,565 [pool-19-thread-1] INFO segmented.SegmentedRaftLogWorker: new 08528c78-bb0a-42a3-b8f6-5d1d5059202a@group-8A287710DF4D-SegmentedRaftLogWorker for RaftStorage:Storage Directory /data/metadata/ratis/99442f39-3212-4dae-811f-8a287710df4d
nm_1        | 2020-05-27 03:21:02 INFO  ContainersMonitorImpl:567 - container_1590549584991_0001_01_000003's ip = 172.19.0.9, and hostname = nm
rm_1        | 2020-05-27 03:20:42 INFO  LeafQueue:911 - Application application_1590549584991_0001 from user: hadoop activated in queue: default
scm_1       | 	at org.apache.hadoop.ipc.Server$RpcCall.run(Server.java:1016)
datanode_1  | 2020-05-27 03:19:58,633 [grpc-default-executor-0] INFO segmented.SegmentedRaftLogWorker: 31e32124-d94f-446d-9628-9d0f2a02c598@group-8A287710DF4D-SegmentedRaftLogWorker: Starting segment from index:0
datanode_3  | 2020-05-27 03:19:54,565 [pool-19-thread-1] INFO server.RaftServerConfigKeys: raft.server.log.queue.byte-limit = 2147483647 (custom)
nm_1        | 2020-05-27 03:21:05 INFO  ContainersMonitorImpl:468 - Skipping monitoring container container_1590549584991_0001_01_000003 since CPU usage is not yet available.
rm_1        | 2020-05-27 03:20:42 INFO  LeafQueue:941 - Application added - appId: application_1590549584991_0001 user: hadoop, leaf-queue: default #user-pending-applications: 0 #user-active-applications: 1 #queue-pending-applications: 0 #queue-active-applications: 1
scm_1       | 	at org.apache.hadoop.ipc.Server$RpcCall.run(Server.java:927)
datanode_1  | 2020-05-27 03:19:58,781 [31e32124-d94f-446d-9628-9d0f2a02c598@group-8A287710DF4D-SegmentedRaftLogWorker] INFO segmented.SegmentedRaftLogWorker: 31e32124-d94f-446d-9628-9d0f2a02c598@group-8A287710DF4D-SegmentedRaftLogWorker: created new log segment /data/metadata/ratis/99442f39-3212-4dae-811f-8a287710df4d/current/log_inprogress_0
datanode_3  | 2020-05-27 03:19:54,565 [pool-19-thread-1] INFO server.RaftServerConfigKeys: raft.server.log.queue.element-limit = 1024 (custom)
nm_1        | 2020-05-27 03:21:05 INFO  ContainerLaunch:589 - Container container_1590549584991_0001_01_000003 succeeded 
nm_1        | 2020-05-27 03:21:05 INFO  ContainerImpl:2126 - Container container_1590549584991_0001_01_000003 transitioned from RUNNING to EXITED_WITH_SUCCESS
rm_1        | 2020-05-27 03:20:42 INFO  CapacityScheduler:1000 - Added Application Attempt appattempt_1590549584991_0001_000001 to scheduler from user hadoop in queue default
scm_1       | 	at java.base/java.security.AccessController.doPrivileged(Native Method)
datanode_1  | 2020-05-27 03:20:00,076 [Thread-21] INFO impl.FollowerState: 31e32124-d94f-446d-9628-9d0f2a02c598@group-CEA1019E5A35-FollowerState: change to CANDIDATE, lastRpcTime:5093ms, electionTimeout:5085ms
nm_1        | 2020-05-27 03:21:05 INFO  ContainerLaunch:745 - Cleaning up container container_1590549584991_0001_01_000003
datanode_3  | 2020-05-27 03:19:54,565 [pool-19-thread-1] INFO server.RaftServerConfigKeys: raft.server.log.segment.size.max = 1048576 (custom)
rm_1        | 2020-05-27 03:20:42 INFO  RMAppAttemptImpl:927 - appattempt_1590549584991_0001_000001 State change from SUBMITTED to SCHEDULED on event = ATTEMPT_ADDED
scm_1       | 	at java.base/javax.security.auth.Subject.doAs(Subject.java:423)
datanode_1  | 2020-05-27 03:20:00,077 [Thread-21] INFO impl.RoleInfo: 31e32124-d94f-446d-9628-9d0f2a02c598: shutdown FollowerState
nm_1        | 2020-05-27 03:21:05 INFO  Configuration:3318 - Removed undeclared tags:
datanode_3  | 2020-05-27 03:19:54,566 [pool-19-thread-1] INFO server.RaftServerConfigKeys: raft.server.log.preallocated.size = 16384 (custom)
rm_1        | 2020-05-27 03:20:43 INFO  AbstractContainerAllocator:129 - assignedContainer application attempt=appattempt_1590549584991_0001_000001 container=null queue=default clusterResource=<memory:8192, vCores:8> type=OFF_SWITCH requestedPartition=
scm_1       | 	at org.apache.hadoop.security.UserGroupInformation.doAs(UserGroupInformation.java:1730)
datanode_1  | 2020-05-27 03:20:00,077 [Thread-21] INFO impl.RaftServerImpl: 31e32124-d94f-446d-9628-9d0f2a02c598@group-CEA1019E5A35: changes role from  FOLLOWER to CANDIDATE at term 0 for changeToCandidate
nm_1        | 2020-05-27 03:21:05 INFO  DefaultContainerExecutor:634 - Deleting absolute path : /tmp/hadoop-hadoop/nm-local-dir/usercache/hadoop/appcache/application_1590549584991_0001/container_1590549584991_0001_01_000003/launch_container.sh
datanode_3  | 2020-05-27 03:19:54,566 [pool-19-thread-1] INFO server.RaftServerConfigKeys: raft.server.log.write.buffer.size = 1048576 (custom)
rm_1        | 2020-05-27 03:20:43 INFO  RMContainerImpl:480 - container_1590549584991_0001_01_000001 Container Transitioned from NEW to ALLOCATED
scm_1       | 	at org.apache.hadoop.ipc.Server$Handler.run(Server.java:2915)
datanode_1  | 2020-05-27 03:20:00,079 [Thread-21] INFO impl.RoleInfo: 31e32124-d94f-446d-9628-9d0f2a02c598: start LeaderElection
nm_1        | 2020-05-27 03:21:05 INFO  DefaultContainerExecutor:634 - Deleting absolute path : /tmp/hadoop-hadoop/nm-local-dir/usercache/hadoop/appcache/application_1590549584991_0001/container_1590549584991_0001_01_000003/container_tokens
datanode_3  | 2020-05-27 03:19:54,566 [pool-19-thread-1] INFO server.RaftServerConfigKeys: raft.server.log.force.sync.num = 128 (default)
rm_1        | 2020-05-27 03:20:43 INFO  FiCaSchedulerNode:169 - Assigned container container_1590549584991_0001_01_000001 of capacity <memory:2048, vCores:1> on host nm:41997, which has 1 containers, <memory:2048, vCores:1> used and <memory:6144, vCores:7> available after allocation
scm_1       | 2020-05-27 03:19:49,459 [Listener at 0.0.0.0/9860] INFO handler.ContextHandler: Started o.e.j.w.WebAppContext@1907874b{scm,/,file:///tmp/jetty-0_0_0_0-9876-hadoop-hdds-server-scm-0_6_0-SNAPSHOT_jar-_-any-18181779964336379268.dir/webapp/,AVAILABLE}{jar:file:/opt/hadoop/share/ozone/lib/hadoop-hdds-server-scm-0.6.0-SNAPSHOT.jar!/webapps/scm}
datanode_1  | 2020-05-27 03:20:00,438 [31e32124-d94f-446d-9628-9d0f2a02c598@group-CEA1019E5A35-LeaderElection1] INFO impl.LeaderElection: 31e32124-d94f-446d-9628-9d0f2a02c598@group-CEA1019E5A35-LeaderElection1: begin an election at term 1 for -1: [31e32124-d94f-446d-9628-9d0f2a02c598:172.19.0.6:9858], old=null
nm_1        | 2020-05-27 03:21:05 INFO  NMAuditLogger:94 - USER=hadoop	OPERATION=Container Finished - Succeeded	TARGET=ContainerImpl	RESULT=SUCCESS	APPID=application_1590549584991_0001	CONTAINERID=container_1590549584991_0001_01_000003
datanode_3  | 2020-05-27 03:19:54,566 [pool-19-thread-1] INFO server.RaftServerConfigKeys: raft.server.log.statemachine.data.sync = true (default)
rm_1        | 2020-05-27 03:20:43 INFO  RMAuditLogger:231 - USER=hadoop	OPERATION=AM Allocated Container	TARGET=SchedulerApp	RESULT=SUCCESS	APPID=application_1590549584991_0001	CONTAINERID=container_1590549584991_0001_01_000001	RESOURCE=<memory:2048, vCores:1>	QUEUENAME=default
scm_1       | 2020-05-27 03:19:49,474 [Listener at 0.0.0.0/9860] INFO server.AbstractConnector: Started ServerConnector@3fa76c61{HTTP/1.1,[http/1.1]}{0.0.0.0:9876}
datanode_1  | 2020-05-27 03:20:00,439 [31e32124-d94f-446d-9628-9d0f2a02c598@group-CEA1019E5A35-LeaderElection1] INFO impl.RoleInfo: 31e32124-d94f-446d-9628-9d0f2a02c598: shutdown LeaderElection
nm_1        | 2020-05-27 03:21:05 INFO  ContainerImpl:2126 - Container container_1590549584991_0001_01_000003 transitioned from EXITED_WITH_SUCCESS to DONE
nm_1        | 2020-05-27 03:21:05 INFO  ApplicationImpl:512 - Removing container_1590549584991_0001_01_000003 from application application_1590549584991_0001
rm_1        | 2020-05-27 03:20:43 INFO  NMTokenSecretManagerInRM:200 - Sending NMToken for nodeId : nm:41997 for container : container_1590549584991_0001_01_000001
scm_1       | 2020-05-27 03:19:49,474 [Listener at 0.0.0.0/9860] INFO server.Server: Started @13075ms
datanode_1  | 2020-05-27 03:20:00,440 [31e32124-d94f-446d-9628-9d0f2a02c598@group-CEA1019E5A35-LeaderElection1] INFO impl.RaftServerImpl: 31e32124-d94f-446d-9628-9d0f2a02c598@group-CEA1019E5A35: changes role from CANDIDATE to LEADER at term 1 for changeToLeader
nm_1        | 2020-05-27 03:21:05 INFO  ContainersMonitorImpl:934 - Stopping resource-monitoring for container_1590549584991_0001_01_000003
datanode_3  | 2020-05-27 03:19:54,566 [pool-19-thread-1] INFO server.RaftServerConfigKeys: raft.server.log.statemachine.data.sync.timeout = 10s (default)
rm_1        | 2020-05-27 03:20:43 INFO  RMContainerImpl:480 - container_1590549584991_0001_01_000001 Container Transitioned from ALLOCATED to ACQUIRED
scm_1       | 2020-05-27 03:19:49,486 [Listener at 0.0.0.0/9860] INFO impl.MetricsSinkAdapter: Sink prometheus started
datanode_1  | 2020-05-27 03:20:00,442 [31e32124-d94f-446d-9628-9d0f2a02c598@group-CEA1019E5A35-LeaderElection1] INFO ratis.XceiverServerRatis: Leader change notification received for group: group-CEA1019E5A35 with new leaderId: 31e32124-d94f-446d-9628-9d0f2a02c598
datanode_3  | 2020-05-27 03:19:54,566 [pool-19-thread-1] INFO server.RaftServerConfigKeys: raft.server.log.statemachine.data.sync.timeout.retry = -1 (default)
scm_1       | 2020-05-27 03:19:49,486 [Listener at 0.0.0.0/9860] INFO impl.MetricsSystemImpl: Registered sink prometheus
rm_1        | 2020-05-27 03:20:43 INFO  NMTokenSecretManagerInRM:146 - Clear node set for appattempt_1590549584991_0001_000001
datanode_1  | 2020-05-27 03:20:00,443 [31e32124-d94f-446d-9628-9d0f2a02c598@group-CEA1019E5A35-LeaderElection1] INFO impl.RaftServerImpl: 31e32124-d94f-446d-9628-9d0f2a02c598@group-CEA1019E5A35: change Leader from null to 31e32124-d94f-446d-9628-9d0f2a02c598 at term 1 for becomeLeader, leader elected after 6030ms
nm_1        | 2020-05-27 03:21:05 INFO  AuxServices:350 - Got event CONTAINER_STOP for appId application_1590549584991_0001
datanode_3  | 2020-05-27 03:19:54,567 [pool-19-thread-1] INFO server.RaftServerConfigKeys: raft.server.log.statemachine.data.caching.enabled = true (custom)
scm_1       | 2020-05-27 03:19:49,490 [Listener at 0.0.0.0/9860] INFO http.BaseHttpServer: HTTP server of scm listening at http://0.0.0.0:9876
rm_1        | 2020-05-27 03:20:43 INFO  ParentQueue:1340 - assignedContainer queue=root usedCapacity=0.25 absoluteUsedCapacity=0.25 used=<memory:2048, vCores:1> cluster=<memory:8192, vCores:8>
datanode_1  | 2020-05-27 03:20:00,444 [31e32124-d94f-446d-9628-9d0f2a02c598@group-CEA1019E5A35-LeaderElection1] INFO server.RaftServerConfigKeys: raft.server.staging.catchup.gap = 1000 (default)
nm_1        | 2020-05-27 03:21:07 INFO  Server:1845 - Auth successful for appattempt_1590549584991_0001_000001 (auth:SIMPLE)
datanode_3  | 2020-05-27 03:19:54,567 [pool-19-thread-1] INFO segmented.SegmentedRaftLogWorker: 08528c78-bb0a-42a3-b8f6-5d1d5059202a@group-8A287710DF4D-SegmentedRaftLogWorker: flushIndex: setUnconditionally 0 -> -1
scm_1       | 2020-05-27 03:19:49,515 [org.apache.hadoop.util.JvmPauseMonitor$Monitor@6069dd38] INFO util.JvmPauseMonitor: Starting JVM pause monitor
rm_1        | 2020-05-27 03:20:43 INFO  CapacityScheduler:2894 - Allocation proposal accepted
datanode_1  | 2020-05-27 03:20:00,444 [31e32124-d94f-446d-9628-9d0f2a02c598@group-CEA1019E5A35-LeaderElection1] INFO server.RaftServerConfigKeys: raft.server.rpc.sleep.time = 25ms (default)
nm_1        | 2020-05-27 03:21:07 INFO  ContainerManagerImpl:1070 - Start request for container_1590549584991_0001_01_000004 by user hadoop
datanode_3  | 2020-05-27 03:19:54,594 [pool-19-thread-1] INFO server.RaftServerConfigKeys: raft.server.snapshot.auto.trigger.enabled = true (custom)
scm_1       | 2020-05-27 03:19:49,541 [IPC Server handler 4 on default port 9861] INFO net.NetworkTopology: Added a new node: /default-rack/8107e411-814e-4f02-881a-a8531c6bf97d
rm_1        | 2020-05-27 03:20:43 INFO  RMAppAttemptImpl:2221 - Storing attempt: AppId: application_1590549584991_0001 AttemptId: appattempt_1590549584991_0001_000001 MasterContainer: Container: [ContainerId: container_1590549584991_0001_01_000001, AllocationRequestId: -1, Version: 0, NodeId: nm:41997, NodeHttpAddress: nm:8042, Resource: <memory:2048, vCores:1>, Priority: 0, Token: Token { kind: ContainerToken, service: 172.19.0.9:41997 }, ExecutionType: GUARANTEED, ]
datanode_1  | 2020-05-27 03:20:00,452 [31e32124-d94f-446d-9628-9d0f2a02c598@group-CEA1019E5A35-LeaderElection1] INFO metrics.RatisMetrics: Creating Metrics Registry : ratis.log_appender.31e32124-d94f-446d-9628-9d0f2a02c598@group-CEA1019E5A35
nm_1        | 2020-05-27 03:21:07 INFO  NMAuditLogger:94 - USER=hadoop	IP=172.19.0.9	OPERATION=Start Container Request	TARGET=ContainerManageImpl	RESULT=SUCCESS	APPID=application_1590549584991_0001	CONTAINERID=container_1590549584991_0001_01_000004
datanode_3  | 2020-05-27 03:19:54,594 [pool-19-thread-1] INFO server.RaftServerConfigKeys: raft.server.snapshot.auto.trigger.threshold = 10000 (custom)
scm_1       | 2020-05-27 03:19:49,542 [IPC Server handler 4 on default port 9861] INFO node.SCMNodeManager: Registered Data node : 8107e411-814e-4f02-881a-a8531c6bf97d{ip: 172.19.0.8, host: hadoop31_datanode_2.hadoop31_default, networkLocation: /default-rack, certSerialId: null}
rm_1        | 2020-05-27 03:20:43 INFO  RMAppAttemptImpl:927 - appattempt_1590549584991_0001_000001 State change from SCHEDULED to ALLOCATED_SAVING on event = CONTAINER_ALLOCATED
datanode_1  | 2020-05-27 03:20:00,457 [31e32124-d94f-446d-9628-9d0f2a02c598@group-CEA1019E5A35-LeaderElection1] INFO server.RaftServerConfigKeys: raft.server.write.element-limit = 1024 (custom)
nm_1        | 2020-05-27 03:21:07 INFO  ApplicationImpl:463 - Adding container_1590549584991_0001_01_000004 to application application_1590549584991_0001
datanode_3  | 2020-05-27 03:19:54,594 [pool-19-thread-1] INFO server.RaftServerConfigKeys: raft.server.snapshot.retention.file.num = 5 (custom)
scm_1       | 2020-05-27 03:19:49,560 [EventQueue-NodeRegistrationContainerReportForDataNodeSafeModeRule] INFO safemode.SCMSafeModeManager: SCM in safe mode. 1 DataNodes registered, 3 required.
rm_1        | 2020-05-27 03:20:43 INFO  RMAppAttemptImpl:927 - appattempt_1590549584991_0001_000001 State change from ALLOCATED_SAVING to ALLOCATED on event = ATTEMPT_NEW_SAVED
datanode_1  | 2020-05-27 03:20:00,457 [31e32124-d94f-446d-9628-9d0f2a02c598@group-CEA1019E5A35-LeaderElection1] INFO server.RaftServerConfigKeys: raft.server.write.byte-limit = 1073741824 (custom)
nm_1        | 2020-05-27 03:21:07 INFO  ContainerImpl:2126 - Container container_1590549584991_0001_01_000004 transitioned from NEW to LOCALIZING
datanode_3  | 2020-05-27 03:19:54,594 [pool-19-thread-1] INFO server.RaftServerConfigKeys: raft.server.log.purge.upto.snapshot.index = false (default)
scm_1       | 2020-05-27 03:19:49,561 [EventQueue-NodeRegistrationContainerReportForContainerSafeModeRule] INFO safemode.SCMSafeModeManager: ContainerSafeModeRule rule is successfully validated
rm_1        | 2020-05-27 03:20:43 INFO  AMLauncher:307 - Launching masterappattempt_1590549584991_0001_000001
datanode_1  | 2020-05-27 03:20:00,463 [31e32124-d94f-446d-9628-9d0f2a02c598@group-CEA1019E5A35-LeaderElection1] INFO server.RaftServerConfigKeys: raft.server.watch.timeout = 180s (custom)
nm_1        | 2020-05-27 03:21:07 INFO  AuxServices:350 - Got event CONTAINER_INIT for appId application_1590549584991_0001
datanode_3  | 2020-05-27 03:19:54,594 [pool-19-thread-1] INFO server.RaftServerConfigKeys: raft.server.retrycache.expirytime = 600000ms (custom)
scm_1       | 2020-05-27 03:19:49,589 [RatisPipelineUtilsThread] INFO pipeline.RatisPipelineProvider: Sending CreatePipelineCommand for pipeline:PipelineID=b9550888-9f90-4a15-84a6-61b2e1b929eb to datanode:8107e411-814e-4f02-881a-a8531c6bf97d
rm_1        | 2020-05-27 03:20:43 INFO  AMLauncher:109 - Setting up container Container: [ContainerId: container_1590549584991_0001_01_000001, AllocationRequestId: -1, Version: 0, NodeId: nm:41997, NodeHttpAddress: nm:8042, Resource: <memory:2048, vCores:1>, Priority: 0, Token: Token { kind: ContainerToken, service: 172.19.0.9:41997 }, ExecutionType: GUARANTEED, ] for AM appattempt_1590549584991_0001_000001
datanode_1  | 2020-05-27 03:20:00,463 [31e32124-d94f-446d-9628-9d0f2a02c598@group-CEA1019E5A35-LeaderElection1] INFO server.RaftServerConfigKeys: raft.server.watch.timeout.denomination = 1s (default)
nm_1        | 2020-05-27 03:21:07 INFO  AuxServices:350 - Got event APPLICATION_INIT for appId application_1590549584991_0001
datanode_3  | 2020-05-27 03:19:54,594 [pool-19-thread-1] INFO metrics.RatisMetrics: Creating Metrics Registry : ratis.leader_election.08528c78-bb0a-42a3-b8f6-5d1d5059202a@group-8A287710DF4D
scm_1       | 2020-05-27 03:19:49,651 [RatisPipelineUtilsThread] INFO pipeline.PipelineStateManager: Created pipeline Pipeline[ Id: b9550888-9f90-4a15-84a6-61b2e1b929eb, Nodes: 8107e411-814e-4f02-881a-a8531c6bf97d{ip: 172.19.0.8, host: hadoop31_datanode_2.hadoop31_default, networkLocation: /default-rack, certSerialId: null}, Type:RATIS, Factor:ONE, State:ALLOCATED, leaderId:null, CreationTimestamp2020-05-27T03:19:49.587281Z]
rm_1        | 2020-05-27 03:20:43 INFO  AMRMTokenSecretManager:195 - Create AMRMToken for ApplicationAttempt: appattempt_1590549584991_0001_000001
datanode_1  | 2020-05-27 03:20:00,464 [31e32124-d94f-446d-9628-9d0f2a02c598@group-CEA1019E5A35-LeaderElection1] INFO server.RaftServerConfigKeys: raft.server.watch.element-limit = 65536 (default)
nm_1        | 2020-05-27 03:21:07 INFO  AuxServices:354 - Got APPLICATION_INIT for service mapreduce_shuffle
datanode_3  | 2020-05-27 03:19:54,595 [pool-19-thread-1] INFO metrics.RatisMetrics: Creating Metrics Registry : ratis.server.08528c78-bb0a-42a3-b8f6-5d1d5059202a@group-8A287710DF4D
scm_1       | 2020-05-27 03:19:49,693 [RatisPipelineUtilsThread] ERROR pipeline.SCMPipelineManager: Failed to create pipeline of type RATIS and factor ONE. Exception: Cannot create pipeline of factor 1 using 0 nodes. Used 1 nodes. Healthy nodes 1
rm_1        | 2020-05-27 03:20:43 INFO  AMRMTokenSecretManager:307 - Creating password for appattempt_1590549584991_0001_000001
datanode_1  | 2020-05-27 03:20:00,470 [31e32124-d94f-446d-9628-9d0f2a02c598@group-CEA1019E5A35-LeaderElection1] INFO impl.RoleInfo: 31e32124-d94f-446d-9628-9d0f2a02c598: start LeaderState
nm_1        | 2020-05-27 03:21:07 INFO  ShuffleHandler:719 - Added token for job_1590549584991_0001
datanode_3  | 2020-05-27 03:19:54,595 [pool-19-thread-1] INFO impl.RaftServerImpl: 08528c78-bb0a-42a3-b8f6-5d1d5059202a@group-8A287710DF4D: start as a follower, conf=-1: [31e32124-d94f-446d-9628-9d0f2a02c598:172.19.0.6:9858, 8107e411-814e-4f02-881a-a8531c6bf97d:172.19.0.8:9858, 08528c78-bb0a-42a3-b8f6-5d1d5059202a:172.19.0.2:9858], old=null
scm_1       | 2020-05-27 03:19:50,776 [IPC Server handler 1 on default port 9861] INFO net.NetworkTopology: Added a new node: /default-rack/08528c78-bb0a-42a3-b8f6-5d1d5059202a
rm_1        | 2020-05-27 03:20:44 INFO  AMLauncher:130 - Done launching container Container: [ContainerId: container_1590549584991_0001_01_000001, AllocationRequestId: -1, Version: 0, NodeId: nm:41997, NodeHttpAddress: nm:8042, Resource: <memory:2048, vCores:1>, Priority: 0, Token: Token { kind: ContainerToken, service: 172.19.0.9:41997 }, ExecutionType: GUARANTEED, ] for AM appattempt_1590549584991_0001_000001
datanode_1  | 2020-05-27 03:20:00,474 [31e32124-d94f-446d-9628-9d0f2a02c598@group-CEA1019E5A35-LeaderElection1] INFO segmented.SegmentedRaftLogWorker: 31e32124-d94f-446d-9628-9d0f2a02c598@group-CEA1019E5A35-SegmentedRaftLogWorker: Starting segment from index:0
nm_1        | 2020-05-27 03:21:07 INFO  ContainerImpl:2126 - Container container_1590549584991_0001_01_000004 transitioned from LOCALIZING to SCHEDULED
datanode_3  | 2020-05-27 03:19:54,596 [pool-19-thread-1] INFO impl.RaftServerImpl: 08528c78-bb0a-42a3-b8f6-5d1d5059202a@group-8A287710DF4D: changes role from      null to FOLLOWER at term 0 for startAsFollower
scm_1       | 2020-05-27 03:19:50,777 [IPC Server handler 1 on default port 9861] INFO node.SCMNodeManager: Registered Data node : 08528c78-bb0a-42a3-b8f6-5d1d5059202a{ip: 172.19.0.2, host: hadoop31_datanode_3.hadoop31_default, networkLocation: /default-rack, certSerialId: null}
rm_1        | 2020-05-27 03:20:44 INFO  RMAppAttemptImpl:927 - appattempt_1590549584991_0001_000001 State change from ALLOCATED to LAUNCHED on event = LAUNCHED
datanode_1  | 2020-05-27 03:20:00,476 [31e32124-d94f-446d-9628-9d0f2a02c598@group-CEA1019E5A35-LeaderElection1] INFO impl.RaftServerImpl: 31e32124-d94f-446d-9628-9d0f2a02c598@group-CEA1019E5A35: set configuration 0: [31e32124-d94f-446d-9628-9d0f2a02c598:172.19.0.6:9858], old=null at 0
nm_1        | 2020-05-27 03:21:07 INFO  ContainerScheduler:511 - Starting container [container_1590549584991_0001_01_000004]
datanode_3  | 2020-05-27 03:19:54,596 [pool-19-thread-1] INFO impl.RoleInfo: 08528c78-bb0a-42a3-b8f6-5d1d5059202a: start FollowerState
scm_1       | 2020-05-27 03:19:50,778 [EventQueue-NodeRegistrationContainerReportForDataNodeSafeModeRule] INFO safemode.SCMSafeModeManager: SCM in safe mode. 2 DataNodes registered, 3 required.
rm_1        | 2020-05-27 03:20:45 INFO  RMContainerImpl:480 - container_1590549584991_0001_01_000001 Container Transitioned from ACQUIRED to RUNNING
datanode_1  | 2020-05-27 03:20:00,483 [31e32124-d94f-446d-9628-9d0f2a02c598@group-CEA1019E5A35-SegmentedRaftLogWorker] INFO segmented.SegmentedRaftLogWorker: 31e32124-d94f-446d-9628-9d0f2a02c598@group-CEA1019E5A35-SegmentedRaftLogWorker: created new log segment /data/metadata/ratis/1376cf46-4117-4e71-9356-cea1019e5a35/current/log_inprogress_0
datanode_3  | 2020-05-27 03:19:54,598 [pool-19-thread-1] INFO util.JmxRegister: Successfully registered JMX Bean with object name Ratis:service=RaftServer,group=group-8A287710DF4D,id=08528c78-bb0a-42a3-b8f6-5d1d5059202a
rm_1        | 2020-05-27 03:20:52 INFO  Server:1845 - Auth successful for appattempt_1590549584991_0001_000001 (auth:SIMPLE)
scm_1       | 2020-05-27 03:19:50,777 [RatisPipelineUtilsThread] INFO pipeline.RatisPipelineProvider: Sending CreatePipelineCommand for pipeline:PipelineID=1302f738-1867-4f88-97cd-6b949552a7cb to datanode:08528c78-bb0a-42a3-b8f6-5d1d5059202a
nm_1        | 2020-05-27 03:21:07 INFO  Configuration:3318 - Removed undeclared tags:
datanode_3  | 2020-05-27 03:19:54,598 [pool-19-thread-1] INFO metrics.RatisMetrics: Creating Metrics Registry : ratis.state_machine.08528c78-bb0a-42a3-b8f6-5d1d5059202a@group-8A287710DF4D
rm_1        | 2020-05-27 03:20:52 INFO  DefaultAMSProcessor:127 - AM registration appattempt_1590549584991_0001_000001
scm_1       | 2020-05-27 03:19:50,778 [EventQueue-NodeRegistrationContainerReportForContainerSafeModeRule] INFO safemode.SCMSafeModeManager: ContainerSafeModeRule rule is successfully validated
nm_1        | 2020-05-27 03:21:07 INFO  ContainerImpl:2126 - Container container_1590549584991_0001_01_000004 transitioned from SCHEDULED to RUNNING
datanode_3  | 2020-05-27 03:19:56,037 [Command processor thread] INFO commandhandler.CreatePipelineCommandHandler: Created Pipeline RATIS THREE #id: "99442f39-3212-4dae-811f-8a287710df4d"
rm_1        | 2020-05-27 03:20:52 INFO  RMAppAttemptImpl:927 - appattempt_1590549584991_0001_000001 State change from LAUNCHED to RUNNING on event = REGISTERED
scm_1       | 2020-05-27 03:19:50,785 [RatisPipelineUtilsThread] INFO pipeline.PipelineStateManager: Created pipeline Pipeline[ Id: 1302f738-1867-4f88-97cd-6b949552a7cb, Nodes: 08528c78-bb0a-42a3-b8f6-5d1d5059202a{ip: 172.19.0.2, host: hadoop31_datanode_3.hadoop31_default, networkLocation: /default-rack, certSerialId: null}, Type:RATIS, Factor:ONE, State:ALLOCATED, leaderId:null, CreationTimestamp2020-05-27T03:19:50.777832Z]
nm_1        | 2020-05-27 03:21:07 INFO  ContainersMonitorImpl:943 - Starting resource-monitoring for container_1590549584991_0001_01_000004
datanode_3  | .
rm_1        | 2020-05-27 03:20:52 INFO  RMAppImpl:912 - application_1590549584991_0001 State change from ACCEPTED to RUNNING on event = ATTEMPT_REGISTERED
scm_1       | 2020-05-27 03:19:50,786 [RatisPipelineUtilsThread] ERROR pipeline.SCMPipelineManager: Failed to create pipeline of type RATIS and factor ONE. Exception: Cannot create pipeline of factor 1 using 0 nodes. Used 2 nodes. Healthy nodes 2
nm_1        | 2020-05-27 03:21:07 INFO  DefaultContainerExecutor:370 - launchContainer: [bash, /tmp/hadoop-hadoop/nm-local-dir/usercache/hadoop/appcache/application_1590549584991_0001/container_1590549584991_0001_01_000004/default_container_executor.sh]
datanode_3  | 2020-05-27 03:19:58,376 [grpc-default-executor-0] INFO impl.RaftServerImpl: 08528c78-bb0a-42a3-b8f6-5d1d5059202a@group-8A287710DF4D: changes role from  FOLLOWER to FOLLOWER at term 1 for recognizeCandidate:8107e411-814e-4f02-881a-a8531c6bf97d
datanode_3  | 2020-05-27 03:19:58,376 [grpc-default-executor-0] INFO impl.RoleInfo: 08528c78-bb0a-42a3-b8f6-5d1d5059202a: shutdown FollowerState
scm_1       | 2020-05-27 03:19:51,071 [IPC Server handler 4 on default port 9861] INFO net.NetworkTopology: Added a new node: /default-rack/31e32124-d94f-446d-9628-9d0f2a02c598
nm_1        | 2020-05-27 03:21:07 INFO  NodeStatusUpdaterImpl:696 - Removed completed containers from NM context: [container_1590549584991_0001_01_000003]
nm_1        | 2020-05-27 03:21:08 INFO  ContainersMonitorImpl:567 - container_1590549584991_0001_01_000004's ip = 172.19.0.9, and hostname = nm
rm_1        | 2020-05-27 03:20:52 INFO  RMAuditLogger:294 - USER=hadoop	IP=172.19.0.9	OPERATION=Register App Master	TARGET=ApplicationMasterService	RESULT=SUCCESS	APPID=application_1590549584991_0001	APPATTEMPTID=appattempt_1590549584991_0001_000001
nm_1        | 2020-05-27 03:21:10 INFO  ContainerLaunch:589 - Container container_1590549584991_0001_01_000004 succeeded 
datanode_3  | 2020-05-27 03:19:58,376 [Thread-23] INFO impl.FollowerState: 08528c78-bb0a-42a3-b8f6-5d1d5059202a@group-8A287710DF4D-FollowerState was interrupted: java.lang.InterruptedException: sleep interrupted
scm_1       | 2020-05-27 03:19:51,071 [IPC Server handler 4 on default port 9861] INFO node.SCMNodeManager: Registered Data node : 31e32124-d94f-446d-9628-9d0f2a02c598{ip: 172.19.0.6, host: hadoop31_datanode_1.hadoop31_default, networkLocation: /default-rack, certSerialId: null}
rm_1        | 2020-05-27 03:20:54 INFO  AbstractContainerAllocator:129 - assignedContainer application attempt=appattempt_1590549584991_0001_000001 container=null queue=default clusterResource=<memory:8192, vCores:8> type=RACK_LOCAL requestedPartition=
nm_1        | 2020-05-27 03:21:10 INFO  ContainerImpl:2126 - Container container_1590549584991_0001_01_000004 transitioned from RUNNING to EXITED_WITH_SUCCESS
datanode_3  | 2020-05-27 03:19:58,377 [grpc-default-executor-0] INFO impl.RoleInfo: 08528c78-bb0a-42a3-b8f6-5d1d5059202a: start FollowerState
scm_1       | 2020-05-27 03:19:51,071 [EventQueue-NodeRegistrationContainerReportForDataNodeSafeModeRule] INFO safemode.SCMSafeModeManager: SCM in safe mode. 3 DataNodes registered, 3 required.
rm_1        | 2020-05-27 03:20:54 INFO  RMContainerImpl:480 - container_1590549584991_0001_01_000002 Container Transitioned from NEW to ALLOCATED
nm_1        | 2020-05-27 03:21:10 INFO  ContainerLaunch:745 - Cleaning up container container_1590549584991_0001_01_000004
datanode_3  | 2020-05-27 03:19:58,534 [grpc-default-executor-0] INFO ratis.XceiverServerRatis: Leader change notification received for group: group-8A287710DF4D with new leaderId: 8107e411-814e-4f02-881a-a8531c6bf97d
scm_1       | 2020-05-27 03:19:51,072 [EventQueue-NodeRegistrationContainerReportForContainerSafeModeRule] INFO safemode.SCMSafeModeManager: ContainerSafeModeRule rule is successfully validated
rm_1        | 2020-05-27 03:20:54 INFO  FiCaSchedulerNode:169 - Assigned container container_1590549584991_0001_01_000002 of capacity <memory:4096, vCores:1> on host nm:41997, which has 2 containers, <memory:6144, vCores:2> used and <memory:2048, vCores:6> available after allocation
nm_1        | 2020-05-27 03:21:11 INFO  Configuration:3318 - Removed undeclared tags:
datanode_3  | 2020-05-27 03:19:58,535 [grpc-default-executor-0] INFO impl.RaftServerImpl: 08528c78-bb0a-42a3-b8f6-5d1d5059202a@group-8A287710DF4D: change Leader from null to 8107e411-814e-4f02-881a-a8531c6bf97d at term 1 for appendEntries, leader elected after 3969ms
scm_1       | 2020-05-27 03:19:51,072 [EventQueue-NodeRegistrationContainerReportForDataNodeSafeModeRule] INFO safemode.SCMSafeModeManager: DataNodeSafeModeRule rule is successfully validated
rm_1        | 2020-05-27 03:20:54 INFO  RMAuditLogger:231 - USER=hadoop	OPERATION=AM Allocated Container	TARGET=SchedulerApp	RESULT=SUCCESS	APPID=application_1590549584991_0001	CONTAINERID=container_1590549584991_0001_01_000002	RESOURCE=<memory:4096, vCores:1>	QUEUENAME=default
nm_1        | 2020-05-27 03:21:11 INFO  DefaultContainerExecutor:634 - Deleting absolute path : /tmp/hadoop-hadoop/nm-local-dir/usercache/hadoop/appcache/application_1590549584991_0001/container_1590549584991_0001_01_000004/launch_container.sh
datanode_3  | 2020-05-27 03:19:58,620 [grpc-default-executor-0] INFO impl.RaftServerImpl: 08528c78-bb0a-42a3-b8f6-5d1d5059202a@group-8A287710DF4D: set configuration 0: [31e32124-d94f-446d-9628-9d0f2a02c598:172.19.0.6:9858, 8107e411-814e-4f02-881a-a8531c6bf97d:172.19.0.8:9858, 08528c78-bb0a-42a3-b8f6-5d1d5059202a:172.19.0.2:9858], old=null at 0
scm_1       | 2020-05-27 03:19:51,072 [EventQueue-NodeRegistrationContainerReportForDataNodeSafeModeRule] INFO safemode.SCMSafeModeManager: All SCM safe mode pre check rules have passed
rm_1        | 2020-05-27 03:20:54 INFO  ParentQueue:1340 - assignedContainer queue=root usedCapacity=0.75 absoluteUsedCapacity=0.75 used=<memory:6144, vCores:2> cluster=<memory:8192, vCores:8>
nm_1        | 2020-05-27 03:21:11 INFO  DefaultContainerExecutor:634 - Deleting absolute path : /tmp/hadoop-hadoop/nm-local-dir/usercache/hadoop/appcache/application_1590549584991_0001/container_1590549584991_0001_01_000004/container_tokens
datanode_3  | 2020-05-27 03:19:58,641 [grpc-default-executor-0] INFO segmented.SegmentedRaftLogWorker: 08528c78-bb0a-42a3-b8f6-5d1d5059202a@group-8A287710DF4D-SegmentedRaftLogWorker: Starting segment from index:0
scm_1       | 2020-05-27 03:19:51,074 [RatisPipelineUtilsThread] INFO pipeline.RatisPipelineProvider: Sending CreatePipelineCommand for pipeline:PipelineID=1376cf46-4117-4e71-9356-cea1019e5a35 to datanode:31e32124-d94f-446d-9628-9d0f2a02c598
rm_1        | 2020-05-27 03:20:54 INFO  CapacityScheduler:2894 - Allocation proposal accepted
nm_1        | 2020-05-27 03:21:11 INFO  NMAuditLogger:94 - USER=hadoop	OPERATION=Container Finished - Succeeded	TARGET=ContainerImpl	RESULT=SUCCESS	APPID=application_1590549584991_0001	CONTAINERID=container_1590549584991_0001_01_000004
datanode_3  | 2020-05-27 03:19:58,811 [08528c78-bb0a-42a3-b8f6-5d1d5059202a@group-8A287710DF4D-SegmentedRaftLogWorker] INFO segmented.SegmentedRaftLogWorker: 08528c78-bb0a-42a3-b8f6-5d1d5059202a@group-8A287710DF4D-SegmentedRaftLogWorker: created new log segment /data/metadata/ratis/99442f39-3212-4dae-811f-8a287710df4d/current/log_inprogress_0
scm_1       | 2020-05-27 03:19:51,077 [RatisPipelineUtilsThread] INFO pipeline.PipelineStateManager: Created pipeline Pipeline[ Id: 1376cf46-4117-4e71-9356-cea1019e5a35, Nodes: 31e32124-d94f-446d-9628-9d0f2a02c598{ip: 172.19.0.6, host: hadoop31_datanode_1.hadoop31_default, networkLocation: /default-rack, certSerialId: null}, Type:RATIS, Factor:ONE, State:ALLOCATED, leaderId:null, CreationTimestamp2020-05-27T03:19:51.074102Z]
rm_1        | 2020-05-27 03:20:55 INFO  NMTokenSecretManagerInRM:200 - Sending NMToken for nodeId : nm:41997 for container : container_1590549584991_0001_01_000002
nm_1        | 2020-05-27 03:21:11 INFO  ContainerImpl:2126 - Container container_1590549584991_0001_01_000004 transitioned from EXITED_WITH_SUCCESS to DONE
datanode_3  | 2020-05-27 03:19:59,471 [Thread-21] INFO impl.FollowerState: 08528c78-bb0a-42a3-b8f6-5d1d5059202a@group-6B949552A7CB-FollowerState: change to CANDIDATE, lastRpcTime:5030ms, electionTimeout:5016ms
scm_1       | 2020-05-27 03:19:51,078 [RatisPipelineUtilsThread] ERROR pipeline.SCMPipelineManager: Failed to create pipeline of type RATIS and factor ONE. Exception: Cannot create pipeline of factor 1 using 0 nodes. Used 3 nodes. Healthy nodes 3
rm_1        | 2020-05-27 03:20:55 INFO  RMContainerImpl:480 - container_1590549584991_0001_01_000002 Container Transitioned from ALLOCATED to ACQUIRED
nm_1        | 2020-05-27 03:21:11 INFO  ApplicationImpl:512 - Removing container_1590549584991_0001_01_000004 from application application_1590549584991_0001
datanode_3  | 2020-05-27 03:19:59,472 [Thread-21] INFO impl.RoleInfo: 08528c78-bb0a-42a3-b8f6-5d1d5059202a: shutdown FollowerState
scm_1       | 2020-05-27 03:19:51,088 [RatisPipelineUtilsThread] INFO pipeline.RatisPipelineProvider: Sending CreatePipelineCommand for pipeline:PipelineID=99442f39-3212-4dae-811f-8a287710df4d to datanode:8107e411-814e-4f02-881a-a8531c6bf97d
rm_1        | 2020-05-27 03:20:56 INFO  RMContainerImpl:480 - container_1590549584991_0001_01_000002 Container Transitioned from ACQUIRED to RUNNING
nm_1        | 2020-05-27 03:21:11 INFO  ContainersMonitorImpl:934 - Stopping resource-monitoring for container_1590549584991_0001_01_000004
datanode_3  | 2020-05-27 03:19:59,472 [Thread-21] INFO impl.RaftServerImpl: 08528c78-bb0a-42a3-b8f6-5d1d5059202a@group-6B949552A7CB: changes role from  FOLLOWER to CANDIDATE at term 0 for changeToCandidate
scm_1       | 2020-05-27 03:19:51,107 [RatisPipelineUtilsThread] INFO pipeline.RatisPipelineProvider: Sending CreatePipelineCommand for pipeline:PipelineID=99442f39-3212-4dae-811f-8a287710df4d to datanode:31e32124-d94f-446d-9628-9d0f2a02c598
rm_1        | 2020-05-27 03:20:59 INFO  RMContainerImpl:480 - container_1590549584991_0001_01_000002 Container Transitioned from RUNNING to COMPLETED
nm_1        | 2020-05-27 03:21:11 INFO  AuxServices:350 - Got event CONTAINER_STOP for appId application_1590549584991_0001
datanode_3  | 2020-05-27 03:19:59,475 [Thread-21] INFO impl.RoleInfo: 08528c78-bb0a-42a3-b8f6-5d1d5059202a: start LeaderElection
scm_1       | 2020-05-27 03:19:51,108 [RatisPipelineUtilsThread] INFO pipeline.RatisPipelineProvider: Sending CreatePipelineCommand for pipeline:PipelineID=99442f39-3212-4dae-811f-8a287710df4d to datanode:08528c78-bb0a-42a3-b8f6-5d1d5059202a
rm_1        | 2020-05-27 03:20:59 INFO  RMAuditLogger:231 - USER=hadoop	OPERATION=AM Released Container	TARGET=SchedulerApp	RESULT=SUCCESS	APPID=application_1590549584991_0001	CONTAINERID=container_1590549584991_0001_01_000002	RESOURCE=<memory:4096, vCores:1>	QUEUENAME=default
nm_1        | 2020-05-27 03:21:11 INFO  Server:1845 - Auth successful for appattempt_1590549584991_0001_000001 (auth:SIMPLE)
datanode_3  | 2020-05-27 03:19:59,482 [08528c78-bb0a-42a3-b8f6-5d1d5059202a@group-6B949552A7CB-LeaderElection1] INFO impl.LeaderElection: 08528c78-bb0a-42a3-b8f6-5d1d5059202a@group-6B949552A7CB-LeaderElection1: begin an election at term 1 for -1: [08528c78-bb0a-42a3-b8f6-5d1d5059202a:172.19.0.2:9858], old=null
scm_1       | 2020-05-27 03:19:51,108 [RatisPipelineUtilsThread] INFO pipeline.PipelineStateManager: Created pipeline Pipeline[ Id: 99442f39-3212-4dae-811f-8a287710df4d, Nodes: 8107e411-814e-4f02-881a-a8531c6bf97d{ip: 172.19.0.8, host: hadoop31_datanode_2.hadoop31_default, networkLocation: /default-rack, certSerialId: null}31e32124-d94f-446d-9628-9d0f2a02c598{ip: 172.19.0.6, host: hadoop31_datanode_1.hadoop31_default, networkLocation: /default-rack, certSerialId: null}08528c78-bb0a-42a3-b8f6-5d1d5059202a{ip: 172.19.0.2, host: hadoop31_datanode_3.hadoop31_default, networkLocation: /default-rack, certSerialId: null}, Type:RATIS, Factor:THREE, State:ALLOCATED, leaderId:null, CreationTimestamp2020-05-27T03:19:51.088133Z]
rm_1        | 2020-05-27 03:21:00 INFO  AbstractContainerAllocator:129 - assignedContainer application attempt=appattempt_1590549584991_0001_000001 container=null queue=default clusterResource=<memory:8192, vCores:8> type=RACK_LOCAL requestedPartition=
nm_1        | 2020-05-27 03:21:11 INFO  ContainerManagerImpl:1070 - Start request for container_1590549584991_0001_01_000005 by user hadoop
datanode_3  | 2020-05-27 03:19:59,489 [08528c78-bb0a-42a3-b8f6-5d1d5059202a@group-6B949552A7CB-LeaderElection1] INFO impl.RoleInfo: 08528c78-bb0a-42a3-b8f6-5d1d5059202a: shutdown LeaderElection
scm_1       | 2020-05-27 03:19:51,109 [RatisPipelineUtilsThread] ERROR pipeline.SCMPipelineManager: Failed to create pipeline of type RATIS and factor THREE. Exception: Pipeline creation failed because nodes are engaged in other pipelines and every node can only be engaged in max 2 pipelines. Required 3. Found 0
rm_1        | 2020-05-27 03:21:00 INFO  RMContainerImpl:480 - container_1590549584991_0001_01_000003 Container Transitioned from NEW to ALLOCATED
nm_1        | 2020-05-27 03:21:11 INFO  NMAuditLogger:94 - USER=hadoop	IP=172.19.0.9	OPERATION=Start Container Request	TARGET=ContainerManageImpl	RESULT=SUCCESS	APPID=application_1590549584991_0001	CONTAINERID=container_1590549584991_0001_01_000005
datanode_3  | 2020-05-27 03:19:59,490 [08528c78-bb0a-42a3-b8f6-5d1d5059202a@group-6B949552A7CB-LeaderElection1] INFO impl.RaftServerImpl: 08528c78-bb0a-42a3-b8f6-5d1d5059202a@group-6B949552A7CB: changes role from CANDIDATE to LEADER at term 1 for changeToLeader
scm_1       | 2020-05-27 03:19:53,009 [EventQueue-PipelineReportForPipelineReportHandler] INFO pipeline.PipelineStateManager: Pipeline Pipeline[ Id: b9550888-9f90-4a15-84a6-61b2e1b929eb, Nodes: 8107e411-814e-4f02-881a-a8531c6bf97d{ip: 172.19.0.8, host: hadoop31_datanode_2.hadoop31_default, networkLocation: /default-rack, certSerialId: null}, Type:RATIS, Factor:ONE, State:ALLOCATED, leaderId:8107e411-814e-4f02-881a-a8531c6bf97d, CreationTimestamp2020-05-27T03:19:49.587281Z] moved to OPEN state
rm_1        | 2020-05-27 03:21:00 INFO  FiCaSchedulerNode:169 - Assigned container container_1590549584991_0001_01_000003 of capacity <memory:4096, vCores:1> on host nm:41997, which has 2 containers, <memory:6144, vCores:2> used and <memory:2048, vCores:6> available after allocation
nm_1        | 2020-05-27 03:21:11 INFO  ApplicationImpl:463 - Adding container_1590549584991_0001_01_000005 to application application_1590549584991_0001
datanode_3  | 2020-05-27 03:19:59,490 [08528c78-bb0a-42a3-b8f6-5d1d5059202a@group-6B949552A7CB-LeaderElection1] INFO ratis.XceiverServerRatis: Leader change notification received for group: group-6B949552A7CB with new leaderId: 08528c78-bb0a-42a3-b8f6-5d1d5059202a
scm_1       | 2020-05-27 03:19:53,033 [EventQueue-OpenPipelineForOneReplicaPipelineSafeModeRule] INFO safemode.SCMSafeModeManager: AtleastOneDatanodeReportedRule rule is successfully validated
rm_1        | 2020-05-27 03:21:00 INFO  RMAuditLogger:231 - USER=hadoop	OPERATION=AM Allocated Container	TARGET=SchedulerApp	RESULT=SUCCESS	APPID=application_1590549584991_0001	CONTAINERID=container_1590549584991_0001_01_000003	RESOURCE=<memory:4096, vCores:1>	QUEUENAME=default
nm_1        | 2020-05-27 03:21:11 INFO  ContainerImpl:2126 - Container container_1590549584991_0001_01_000005 transitioned from NEW to LOCALIZING
datanode_3  | 2020-05-27 03:19:59,491 [08528c78-bb0a-42a3-b8f6-5d1d5059202a@group-6B949552A7CB-LeaderElection1] INFO impl.RaftServerImpl: 08528c78-bb0a-42a3-b8f6-5d1d5059202a@group-6B949552A7CB: change Leader from null to 08528c78-bb0a-42a3-b8f6-5d1d5059202a at term 1 for becomeLeader, leader elected after 5546ms
rm_1        | 2020-05-27 03:21:00 INFO  ParentQueue:1340 - assignedContainer queue=root usedCapacity=0.75 absoluteUsedCapacity=0.75 used=<memory:6144, vCores:2> cluster=<memory:8192, vCores:8>
nm_1        | 2020-05-27 03:21:11 INFO  AuxServices:350 - Got event CONTAINER_INIT for appId application_1590549584991_0001
datanode_3  | 2020-05-27 03:19:59,492 [08528c78-bb0a-42a3-b8f6-5d1d5059202a@group-6B949552A7CB-LeaderElection1] INFO server.RaftServerConfigKeys: raft.server.staging.catchup.gap = 1000 (default)
scm_1       | 2020-05-27 03:19:53,036 [EventQueue-OpenPipelineForHealthyPipelineSafeModeRule] INFO safemode.SCMSafeModeManager: SCM in safe mode. Healthy pipelines reported count is 0, required healthy pipeline reported count is 1
rm_1        | 2020-05-27 03:21:00 INFO  CapacityScheduler:2894 - Allocation proposal accepted
nm_1        | 2020-05-27 03:21:11 INFO  AuxServices:350 - Got event APPLICATION_INIT for appId application_1590549584991_0001
scm_1       | 2020-05-27 03:19:54,438 [EventQueue-PipelineReportForPipelineReportHandler] INFO pipeline.PipelineStateManager: Pipeline Pipeline[ Id: 1302f738-1867-4f88-97cd-6b949552a7cb, Nodes: 08528c78-bb0a-42a3-b8f6-5d1d5059202a{ip: 172.19.0.2, host: hadoop31_datanode_3.hadoop31_default, networkLocation: /default-rack, certSerialId: null}, Type:RATIS, Factor:ONE, State:ALLOCATED, leaderId:08528c78-bb0a-42a3-b8f6-5d1d5059202a, CreationTimestamp2020-05-27T03:19:50.777832Z] moved to OPEN state
datanode_3  | 2020-05-27 03:19:59,492 [08528c78-bb0a-42a3-b8f6-5d1d5059202a@group-6B949552A7CB-LeaderElection1] INFO server.RaftServerConfigKeys: raft.server.rpc.sleep.time = 25ms (default)
rm_1        | 2020-05-27 03:21:01 INFO  RMContainerImpl:480 - container_1590549584991_0001_01_000003 Container Transitioned from ALLOCATED to ACQUIRED
nm_1        | 2020-05-27 03:21:11 INFO  AuxServices:354 - Got APPLICATION_INIT for service mapreduce_shuffle
scm_1       | 2020-05-27 03:19:54,438 [EventQueue-OpenPipelineForOneReplicaPipelineSafeModeRule] INFO safemode.SCMSafeModeManager: AtleastOneDatanodeReportedRule rule is successfully validated
datanode_3  | 2020-05-27 03:19:59,498 [08528c78-bb0a-42a3-b8f6-5d1d5059202a@group-6B949552A7CB-LeaderElection1] INFO metrics.RatisMetrics: Creating Metrics Registry : ratis.log_appender.08528c78-bb0a-42a3-b8f6-5d1d5059202a@group-6B949552A7CB
rm_1        | 2020-05-27 03:21:01 INFO  RMContainerImpl:480 - container_1590549584991_0001_01_000003 Container Transitioned from ACQUIRED to RUNNING
nm_1        | 2020-05-27 03:21:11 INFO  ShuffleHandler:719 - Added token for job_1590549584991_0001
scm_1       | 2020-05-27 03:19:54,438 [EventQueue-OpenPipelineForHealthyPipelineSafeModeRule] INFO safemode.SCMSafeModeManager: SCM in safe mode. Healthy pipelines reported count is 0, required healthy pipeline reported count is 1
datanode_3  | 2020-05-27 03:19:59,505 [08528c78-bb0a-42a3-b8f6-5d1d5059202a@group-6B949552A7CB-LeaderElection1] INFO server.RaftServerConfigKeys: raft.server.write.element-limit = 1024 (custom)
