om1_1       | 	at org.apache.hadoop.ipc.ProtobufRpcEngine$Server$ProtoBufRpcInvoker.call(ProtobufRpcEngine.java:528)
om3_1       | 2020-05-27 03:25:50,991 [pool-17-thread-1] INFO metrics.RatisMetrics: Creating Metrics Registry : ratis.log_worker.om3
scm_1       | 2020-05-27 03:25:38,080 [IPC Server handler 99 on default port 9861] INFO net.NetworkTopology: Added a new node: /default-rack/c53287a4-4e6a-4867-9260-48ac4943de48
om2_1       | 	at java.base/java.util.concurrent.CompletableFuture$AsyncSupply.run(CompletableFuture.java:1700)
s3g_1       | 	at org.apache.hadoop.ozone.protocolPB.OzoneManagerProtocolServerSideTranslatorPB.submitReadRequestToOM(OzoneManagerProtocolServerSideTranslatorPB.java:176)
om1_1       | 	at org.apache.hadoop.ipc.RPC$Server.call(RPC.java:1070)
om3_1       | 2020-05-27 03:25:51,153 [pool-17-thread-1] INFO server.RaftServerConfigKeys: raft.server.log.segment.cache.num.max = 2 (custom)
scm_1       | 2020-05-27 03:25:38,081 [IPC Server handler 99 on default port 9861] INFO node.SCMNodeManager: Registered Data node : c53287a4-4e6a-4867-9260-48ac4943de48{ip: 172.21.0.9, host: ozone-om-ha-s3_datanode_3.ozone-om-ha-s3_default, networkLocation: /default-rack, certSerialId: null}
om2_1       | 	at java.base/java.util.concurrent.ThreadPoolExecutor.runWorker(ThreadPoolExecutor.java:1128)
s3g_1       | 	at org.apache.hadoop.ozone.protocolPB.OzoneManagerProtocolServerSideTranslatorPB.processRequest(OzoneManagerProtocolServerSideTranslatorPB.java:113)
om1_1       | 	at org.apache.hadoop.ipc.Server$RpcCall.run(Server.java:999)
om3_1       | 2020-05-27 03:25:51,209 [pool-17-thread-1] INFO segmented.SegmentedRaftLogWorker: new om3@group-562213E44849-SegmentedRaftLogWorker for RaftStorage:Storage Directory /data/metadata/ratis/fafe1b60-c241-37cc-98f4-562213e44849
scm_1       | 2020-05-27 03:25:38,089 [EventQueue-NodeRegistrationContainerReportForDataNodeSafeModeRule] INFO safemode.SCMSafeModeManager: SCM in safe mode. 1 DataNodes registered, 3 required.
om2_1       | 	at java.base/java.util.concurrent.ThreadPoolExecutor$Worker.run(ThreadPoolExecutor.java:628)
s3g_1       | 	at org.apache.hadoop.hdds.server.OzoneProtocolMessageDispatcher.processRequest(OzoneProtocolMessageDispatcher.java:74)
om1_1       | 	at org.apache.hadoop.ipc.Server$RpcCall.run(Server.java:927)
om3_1       | 2020-05-27 03:25:51,212 [pool-17-thread-1] INFO server.RaftServerConfigKeys: raft.server.log.queue.byte-limit = 64MB (=67108864) (default)
scm_1       | 2020-05-27 03:25:38,100 [EventQueue-NodeRegistrationContainerReportForContainerSafeModeRule] INFO safemode.SCMSafeModeManager: ContainerSafeModeRule rule is successfully validated
om2_1       | 	at java.base/java.lang.Thread.run(Thread.java:834)
s3g_1       | 	at org.apache.hadoop.ozone.protocolPB.OzoneManagerProtocolServerSideTranslatorPB.submitRequest(OzoneManagerProtocolServerSideTranslatorPB.java:103)
om1_1       | 	at java.base/java.security.AccessController.doPrivileged(Native Method)
om3_1       | 2020-05-27 03:25:51,213 [pool-17-thread-1] INFO server.RaftServerConfigKeys: raft.server.log.queue.element-limit = 4096 (default)
scm_1       | 2020-05-27 03:25:38,117 [RatisPipelineUtilsThread] INFO pipeline.RatisPipelineProvider: Sending CreatePipelineCommand for pipeline:PipelineID=54c46f72-9635-4ef9-8937-580b574426d1 to datanode:c53287a4-4e6a-4867-9260-48ac4943de48
om2_1       | 2020-05-27 03:27:07,876 [OM StateMachine ApplyTransaction Thread - 0] ERROR multipart.S3MultipartUploadCompleteRequest: Unrecognized Result for S3MultipartUploadCommitRequest: keyArgs {
s3g_1       | 	at org.apache.hadoop.ozone.protocol.proto.OzoneManagerProtocolProtos$OzoneManagerService$2.callBlockingMethod(OzoneManagerProtocolProtos.java)
om1_1       | 	at java.base/javax.security.auth.Subject.doAs(Subject.java:423)
om3_1       | 2020-05-27 03:25:51,214 [pool-17-thread-1] INFO server.RaftServerConfigKeys: raft.server.log.segment.size.max = 16384 (custom)
scm_1       | 2020-05-27 03:25:38,128 [RatisPipelineUtilsThread] INFO pipeline.PipelineStateManager: Created pipeline Pipeline[ Id: 54c46f72-9635-4ef9-8937-580b574426d1, Nodes: c53287a4-4e6a-4867-9260-48ac4943de48{ip: 172.21.0.9, host: ozone-om-ha-s3_datanode_3.ozone-om-ha-s3_default, networkLocation: /default-rack, certSerialId: null}, Type:RATIS, Factor:ONE, State:ALLOCATED, leaderId:null, CreationTimestamp2020-05-27T03:25:38.115614Z]
om2_1       |   volumeName: "s3v"
s3g_1       | 	at org.apache.hadoop.ipc.ProtobufRpcEngine$Server$ProtoBufRpcInvoker.call(ProtobufRpcEngine.java:528)
om1_1       | 	at org.apache.hadoop.security.UserGroupInformation.doAs(UserGroupInformation.java:1730)
om3_1       | 2020-05-27 03:25:51,215 [pool-17-thread-1] INFO server.RaftServerConfigKeys: raft.server.log.preallocated.size = 16384 (custom)
scm_1       | 2020-05-27 03:25:38,130 [RatisPipelineUtilsThread] ERROR pipeline.SCMPipelineManager: Failed to create pipeline of type RATIS and factor ONE. Exception: Cannot create pipeline of factor 1 using 0 nodes. Used 1 nodes. Healthy nodes 1
om2_1       |   bucketName: "bucket-92906"
s3g_1       | 	at org.apache.hadoop.ipc.RPC$Server.call(RPC.java:1070)
om1_1       | 	at org.apache.hadoop.ipc.Server$Handler.run(Server.java:2915)
om3_1       | 2020-05-27 03:25:51,215 [pool-17-thread-1] INFO server.RaftServerConfigKeys: raft.server.log.write.buffer.size = 64KB (=65536) (default)
scm_1       | 2020-05-27 03:25:38,215 [IPC Server handler 1 on default port 9861] INFO net.NetworkTopology: Added a new node: /default-rack/14758183-9260-4d8a-8de6-7773ebd8f479
om2_1       |   keyName: "multipartKey3"
s3g_1       | 	at org.apache.hadoop.ipc.Server$RpcCall.run(Server.java:999)
om1_1       | 2020-05-27 03:26:29,040 [IPC Server handler 1 on default port 9862] INFO ipc.Server: IPC Server handler 1 on default port 9862, call Call#3 Retry#0 org.apache.hadoop.ozone.om.protocol.OzoneManagerProtocol.submitRequest from 172.21.0.5:44318
om3_1       | 2020-05-27 03:25:51,217 [pool-17-thread-1] INFO server.RaftServerConfigKeys: raft.server.log.force.sync.num = 128 (default)
scm_1       | 2020-05-27 03:25:38,216 [IPC Server handler 1 on default port 9861] INFO node.SCMNodeManager: Registered Data node : 14758183-9260-4d8a-8de6-7773ebd8f479{ip: 172.21.0.3, host: ozone-om-ha-s3_datanode_2.ozone-om-ha-s3_default, networkLocation: /default-rack, certSerialId: null}
om2_1       |   multipartUploadID: "4397c3b7-c55c-4454-be94-fe57df81fa0e-104238286595031052"
s3g_1       | 	at org.apache.hadoop.ipc.Server$RpcCall.run(Server.java:927)
om1_1       | org.apache.hadoop.ozone.om.exceptions.OMNotLeaderException: OM:om1 is not the leader. Suggested leader is OM:om2.
om3_1       | 2020-05-27 03:25:51,224 [pool-17-thread-1] INFO server.RaftServerConfigKeys: raft.server.log.statemachine.data.sync = true (default)
scm_1       | 2020-05-27 03:25:38,216 [EventQueue-NodeRegistrationContainerReportForDataNodeSafeModeRule] INFO safemode.SCMSafeModeManager: SCM in safe mode. 2 DataNodes registered, 3 required.
om2_1       |   acls {
s3g_1       | 	at java.base/java.security.AccessController.doPrivileged(Native Method)
om1_1       | 	at org.apache.hadoop.ozone.protocolPB.OzoneManagerProtocolServerSideTranslatorPB.createNotLeaderException(OzoneManagerProtocolServerSideTranslatorPB.java:188)
om3_1       | 2020-05-27 03:25:51,224 [pool-17-thread-1] INFO server.RaftServerConfigKeys: raft.server.log.statemachine.data.sync.timeout = 10s (default)
scm_1       | 2020-05-27 03:25:38,216 [EventQueue-NodeRegistrationContainerReportForContainerSafeModeRule] INFO safemode.SCMSafeModeManager: ContainerSafeModeRule rule is successfully validated
om2_1       |     type: USER
s3g_1       | 	at java.base/javax.security.auth.Subject.doAs(Subject.java:423)
om1_1       | 	at org.apache.hadoop.ozone.protocolPB.OzoneManagerProtocolServerSideTranslatorPB.submitReadRequestToOM(OzoneManagerProtocolServerSideTranslatorPB.java:176)
om3_1       | 2020-05-27 03:25:51,225 [pool-17-thread-1] INFO server.RaftServerConfigKeys: raft.server.log.statemachine.data.sync.timeout.retry = -1 (default)
scm_1       | 2020-05-27 03:25:38,218 [RatisPipelineUtilsThread] INFO pipeline.RatisPipelineProvider: Sending CreatePipelineCommand for pipeline:PipelineID=7bd8b164-c59d-4e71-9dc4-740b4f54fa57 to datanode:14758183-9260-4d8a-8de6-7773ebd8f479
om2_1       |     name: "dlfknslnfslf"
s3g_1       | 	at org.apache.hadoop.security.UserGroupInformation.doAs(UserGroupInformation.java:1730)
om1_1       | 	at org.apache.hadoop.ozone.protocolPB.OzoneManagerProtocolServerSideTranslatorPB.processRequest(OzoneManagerProtocolServerSideTranslatorPB.java:113)
om3_1       | 2020-05-27 03:25:51,298 [pool-17-thread-1] INFO server.RaftServerConfigKeys: raft.server.log.statemachine.data.caching.enabled = false (default)
scm_1       | 2020-05-27 03:25:38,220 [RatisPipelineUtilsThread] INFO pipeline.PipelineStateManager: Created pipeline Pipeline[ Id: 7bd8b164-c59d-4e71-9dc4-740b4f54fa57, Nodes: 14758183-9260-4d8a-8de6-7773ebd8f479{ip: 172.21.0.3, host: ozone-om-ha-s3_datanode_2.ozone-om-ha-s3_default, networkLocation: /default-rack, certSerialId: null}, Type:RATIS, Factor:ONE, State:ALLOCATED, leaderId:null, CreationTimestamp2020-05-27T03:25:38.218719Z]
om2_1       |     rights: "\200"
s3g_1       | 	at org.apache.hadoop.ipc.Server$Handler.run(Server.java:2915)
om1_1       | 	at org.apache.hadoop.hdds.server.OzoneProtocolMessageDispatcher.processRequest(OzoneProtocolMessageDispatcher.java:74)
om3_1       | 2020-05-27 03:25:51,415 [pool-17-thread-1] INFO segmented.SegmentedRaftLogWorker: om3@group-562213E44849-SegmentedRaftLogWorker: flushIndex: setUnconditionally 0 -> -1
scm_1       | 2020-05-27 03:25:38,221 [RatisPipelineUtilsThread] ERROR pipeline.SCMPipelineManager: Failed to create pipeline of type RATIS and factor ONE. Exception: Cannot create pipeline of factor 1 using 0 nodes. Used 2 nodes. Healthy nodes 2
om2_1       |     aclScope: ACCESS
s3g_1       | 
om1_1       | 	at org.apache.hadoop.ozone.protocolPB.OzoneManagerProtocolServerSideTranslatorPB.submitRequest(OzoneManagerProtocolServerSideTranslatorPB.java:103)
om3_1       | 2020-05-27 03:25:51,427 [pool-17-thread-1] INFO server.RaftServerConfigKeys: raft.server.snapshot.auto.trigger.enabled = true (custom)
scm_1       | 2020-05-27 03:25:38,333 [IPC Server handler 3 on default port 9861] INFO net.NetworkTopology: Added a new node: /default-rack/20e0ea89-99ed-43e9-be72-cf57374f6479
om2_1       |   }
s3g_1       | 2020-05-27 03:26:33,813 [qtp1804379080-17] INFO s3.AWSV4SignatureProcessor: Initializing request header parser
om1_1       | 	at org.apache.hadoop.ozone.protocol.proto.OzoneManagerProtocolProtos$OzoneManagerService$2.callBlockingMethod(OzoneManagerProtocolProtos.java)
om3_1       | 2020-05-27 03:25:51,432 [pool-17-thread-1] INFO server.RaftServerConfigKeys: raft.server.snapshot.auto.trigger.threshold = 400000 (default)
om2_1       |   modificationTime: 1590550027862
s3g_1       | 2020-05-27 03:26:33,824 [qtp1804379080-17] INFO ha.OMFailoverProxyProvider: RetryProxy: OM:om1 is not the leader. Suggested leader is OM:om2.
scm_1       | 2020-05-27 03:25:38,334 [IPC Server handler 3 on default port 9861] INFO node.SCMNodeManager: Registered Data node : 20e0ea89-99ed-43e9-be72-cf57374f6479{ip: 172.21.0.8, host: ozone-om-ha-s3_datanode_1.ozone-om-ha-s3_default, networkLocation: /default-rack, certSerialId: null}
om3_1       | 2020-05-27 03:25:51,436 [pool-17-thread-1] INFO server.RaftServerConfigKeys: raft.server.snapshot.retention.file.num = -1 (default)
om1_1       | 	at org.apache.hadoop.ipc.ProtobufRpcEngine$Server$ProtoBufRpcInvoker.call(ProtobufRpcEngine.java:528)
om2_1       | }
s3g_1       | 	at org.apache.hadoop.ozone.protocolPB.OzoneManagerProtocolServerSideTranslatorPB.createNotLeaderException(OzoneManagerProtocolServerSideTranslatorPB.java:188)
scm_1       | 2020-05-27 03:25:38,336 [EventQueue-NodeRegistrationContainerReportForContainerSafeModeRule] INFO safemode.SCMSafeModeManager: ContainerSafeModeRule rule is successfully validated
om3_1       | 2020-05-27 03:25:51,442 [pool-17-thread-1] INFO server.RaftServerConfigKeys: raft.server.log.purge.upto.snapshot.index = false (default)
om1_1       | 	at org.apache.hadoop.ipc.RPC$Server.call(RPC.java:1070)
om2_1       | partsList {
s3g_1       | 	at org.apache.hadoop.ozone.protocolPB.OzoneManagerProtocolServerSideTranslatorPB.submitReadRequestToOM(OzoneManagerProtocolServerSideTranslatorPB.java:176)
scm_1       | 2020-05-27 03:25:38,336 [EventQueue-NodeRegistrationContainerReportForDataNodeSafeModeRule] INFO safemode.SCMSafeModeManager: SCM in safe mode. 3 DataNodes registered, 3 required.
om3_1       | 2020-05-27 03:25:51,442 [pool-17-thread-1] INFO server.RaftServerConfigKeys: raft.server.retrycache.expirytime = 600000ms (custom)
om1_1       | 	at org.apache.hadoop.ipc.Server$RpcCall.run(Server.java:999)
om2_1       |   partNumber: 1
s3g_1       | 	at org.apache.hadoop.ozone.protocolPB.OzoneManagerProtocolServerSideTranslatorPB.processRequest(OzoneManagerProtocolServerSideTranslatorPB.java:113)
scm_1       | 2020-05-27 03:25:38,336 [EventQueue-NodeRegistrationContainerReportForDataNodeSafeModeRule] INFO safemode.SCMSafeModeManager: DataNodeSafeModeRule rule is successfully validated
om3_1       | 2020-05-27 03:25:51,530 [pool-17-thread-1] INFO metrics.RatisMetrics: Creating Metrics Registry : ratis.leader_election.om3@group-562213E44849
om1_1       | 	at org.apache.hadoop.ipc.Server$RpcCall.run(Server.java:927)
om2_1       |   partName: "etag1"
s3g_1       | 	at org.apache.hadoop.hdds.server.OzoneProtocolMessageDispatcher.processRequest(OzoneProtocolMessageDispatcher.java:74)
s3g_1       | 	at org.apache.hadoop.ozone.protocolPB.OzoneManagerProtocolServerSideTranslatorPB.submitRequest(OzoneManagerProtocolServerSideTranslatorPB.java:103)
om3_1       | 2020-05-27 03:25:51,537 [pool-17-thread-1] INFO metrics.RatisMetrics: Creating Metrics Registry : ratis.server.om3@group-562213E44849
om1_1       | 	at java.base/java.security.AccessController.doPrivileged(Native Method)
om2_1       | }
s3g_1       | 	at org.apache.hadoop.ozone.protocol.proto.OzoneManagerProtocolProtos$OzoneManagerService$2.callBlockingMethod(OzoneManagerProtocolProtos.java)
scm_1       | 2020-05-27 03:25:38,336 [EventQueue-NodeRegistrationContainerReportForDataNodeSafeModeRule] INFO safemode.SCMSafeModeManager: All SCM safe mode pre check rules have passed
om3_1       | 2020-05-27 03:25:51,836 [main] INFO ipc.CallQueueManager: Using callQueue: class java.util.concurrent.LinkedBlockingQueue, queueCapacity: 10000, scheduler: class org.apache.hadoop.ipc.DefaultRpcScheduler, ipcBackoff: false.
om1_1       | 	at java.base/javax.security.auth.Subject.doAs(Subject.java:423)
om2_1       | partsList {
s3g_1       | 	at org.apache.hadoop.ipc.ProtobufRpcEngine$Server$ProtoBufRpcInvoker.call(ProtobufRpcEngine.java:528)
scm_1       | 2020-05-27 03:25:38,337 [RatisPipelineUtilsThread] INFO pipeline.RatisPipelineProvider: Sending CreatePipelineCommand for pipeline:PipelineID=6c460ec6-e9c5-41ba-8a0b-2b3c445d0d16 to datanode:20e0ea89-99ed-43e9-be72-cf57374f6479
om3_1       | 2020-05-27 03:25:51,872 [Socket Reader #1 for port 9862] INFO ipc.Server: Starting Socket Reader #1 for port 9862
om1_1       | 	at org.apache.hadoop.security.UserGroupInformation.doAs(UserGroupInformation.java:1730)
om2_1       |   partNumber: 2
s3g_1       | 	at org.apache.hadoop.ipc.RPC$Server.call(RPC.java:1070)
scm_1       | 2020-05-27 03:25:38,339 [RatisPipelineUtilsThread] INFO pipeline.PipelineStateManager: Created pipeline Pipeline[ Id: 6c460ec6-e9c5-41ba-8a0b-2b3c445d0d16, Nodes: 20e0ea89-99ed-43e9-be72-cf57374f6479{ip: 172.21.0.8, host: ozone-om-ha-s3_datanode_1.ozone-om-ha-s3_default, networkLocation: /default-rack, certSerialId: null}, Type:RATIS, Factor:ONE, State:ALLOCATED, leaderId:null, CreationTimestamp2020-05-27T03:25:38.337697Z]
om3_1       | 2020-05-27 03:25:52,246 [Listener at om3/9862] INFO impl.MetricsConfig: Loaded properties from hadoop-metrics2.properties
om1_1       | 	at org.apache.hadoop.ipc.Server$Handler.run(Server.java:2915)
om2_1       |   partName: "etag2"
s3g_1       | 	at org.apache.hadoop.ipc.Server$RpcCall.run(Server.java:999)
om3_1       | 2020-05-27 03:25:52,399 [Listener at om3/9862] INFO impl.MetricsSystemImpl: Scheduled Metric snapshot period at 10 second(s).
scm_1       | 2020-05-27 03:25:38,341 [RatisPipelineUtilsThread] ERROR pipeline.SCMPipelineManager: Failed to create pipeline of type RATIS and factor ONE. Exception: Cannot create pipeline of factor 1 using 0 nodes. Used 3 nodes. Healthy nodes 3
om1_1       | 2020-05-27 03:26:32,676 [IPC Server handler 93 on default port 9862] INFO ipc.Server: IPC Server handler 93 on default port 9862, call Call#8 Retry#0 org.apache.hadoop.ozone.om.protocol.OzoneManagerProtocol.submitRequest from 172.21.0.5:44344
om2_1       | }
s3g_1       | 	at org.apache.hadoop.ipc.Server$RpcCall.run(Server.java:927)
om3_1       | 2020-05-27 03:25:52,403 [Listener at om3/9862] INFO impl.MetricsSystemImpl: OzoneManager metrics system started
scm_1       | 2020-05-27 03:25:38,364 [RatisPipelineUtilsThread] INFO pipeline.RatisPipelineProvider: Sending CreatePipelineCommand for pipeline:PipelineID=e8419c68-75e7-48fb-b568-d2c9671d6f6d to datanode:14758183-9260-4d8a-8de6-7773ebd8f479
om1_1       | org.apache.hadoop.ozone.om.exceptions.OMNotLeaderException: OM:om1 is not the leader. Suggested leader is OM:om2.
om2_1       | 
s3g_1       | 	at java.base/java.security.AccessController.doPrivileged(Native Method)
om3_1       | 2020-05-27 03:25:52,509 [Listener at om3/9862] INFO om.OzoneManager: OzoneManager RPC server is listening at om3/172.21.0.2:9862
scm_1       | 2020-05-27 03:25:38,364 [RatisPipelineUtilsThread] INFO pipeline.RatisPipelineProvider: Sending CreatePipelineCommand for pipeline:PipelineID=e8419c68-75e7-48fb-b568-d2c9671d6f6d to datanode:c53287a4-4e6a-4867-9260-48ac4943de48
om1_1       | 	at org.apache.hadoop.ozone.protocolPB.OzoneManagerProtocolServerSideTranslatorPB.createNotLeaderException(OzoneManagerProtocolServerSideTranslatorPB.java:188)
om2_1       | 2020-05-27 03:27:08,332 [OM StateMachine ApplyTransaction Thread - 0] ERROR multipart.S3MultipartUploadCompleteRequest: Complete MultipartUpload failed for key /s3v/bucket-92906/multipartKey3 , MPU Key has no parts in OM, parts given to upload are [partNumber: 2
s3g_1       | 	at java.base/javax.security.auth.Subject.doAs(Subject.java:423)
om3_1       | 2020-05-27 03:25:52,510 [Listener at om3/9862] INFO ratis.OzoneManagerRatisServer: Starting OzoneManagerRatisServer om3 at port 9872
scm_1       | 2020-05-27 03:25:38,364 [RatisPipelineUtilsThread] INFO pipeline.RatisPipelineProvider: Sending CreatePipelineCommand for pipeline:PipelineID=e8419c68-75e7-48fb-b568-d2c9671d6f6d to datanode:20e0ea89-99ed-43e9-be72-cf57374f6479
om1_1       | 	at org.apache.hadoop.ozone.protocolPB.OzoneManagerProtocolServerSideTranslatorPB.submitReadRequestToOM(OzoneManagerProtocolServerSideTranslatorPB.java:176)
om2_1       | partName: "etag1"
s3g_1       | 	at org.apache.hadoop.security.UserGroupInformation.doAs(UserGroupInformation.java:1730)
om3_1       | 2020-05-27 03:25:52,513 [Listener at om3/9862] INFO impl.RaftServerImpl: om3@group-562213E44849: start as a follower, conf=-1: [om1:om1:9872, om3:om3:9872, om2:om2:9872], old=null
scm_1       | 2020-05-27 03:25:38,365 [RatisPipelineUtilsThread] INFO pipeline.PipelineStateManager: Created pipeline Pipeline[ Id: e8419c68-75e7-48fb-b568-d2c9671d6f6d, Nodes: 14758183-9260-4d8a-8de6-7773ebd8f479{ip: 172.21.0.3, host: ozone-om-ha-s3_datanode_2.ozone-om-ha-s3_default, networkLocation: /default-rack, certSerialId: null}c53287a4-4e6a-4867-9260-48ac4943de48{ip: 172.21.0.9, host: ozone-om-ha-s3_datanode_3.ozone-om-ha-s3_default, networkLocation: /default-rack, certSerialId: null}20e0ea89-99ed-43e9-be72-cf57374f6479{ip: 172.21.0.8, host: ozone-om-ha-s3_datanode_1.ozone-om-ha-s3_default, networkLocation: /default-rack, certSerialId: null}, Type:RATIS, Factor:THREE, State:ALLOCATED, leaderId:null, CreationTimestamp2020-05-27T03:25:38.363984Z]
om1_1       | 	at org.apache.hadoop.ozone.protocolPB.OzoneManagerProtocolServerSideTranslatorPB.processRequest(OzoneManagerProtocolServerSideTranslatorPB.java:113)
om2_1       | , partNumber: 1
s3g_1       | 	at org.apache.hadoop.ipc.Server$Handler.run(Server.java:2915)
om3_1       | 2020-05-27 03:25:52,520 [Listener at om3/9862] INFO impl.RaftServerImpl: om3@group-562213E44849: changes role from      null to FOLLOWER at term 0 for startAsFollower
scm_1       | 2020-05-27 03:25:38,373 [RatisPipelineUtilsThread] ERROR pipeline.SCMPipelineManager: Failed to create pipeline of type RATIS and factor THREE. Exception: Pipeline creation failed because nodes are engaged in other pipelines and every node can only be engaged in max 2 pipelines. Required 3. Found 0
om1_1       | 	at org.apache.hadoop.hdds.server.OzoneProtocolMessageDispatcher.processRequest(OzoneProtocolMessageDispatcher.java:74)
om1_1       | 	at org.apache.hadoop.ozone.protocolPB.OzoneManagerProtocolServerSideTranslatorPB.submitRequest(OzoneManagerProtocolServerSideTranslatorPB.java:103)
om1_1       | 	at org.apache.hadoop.ozone.protocol.proto.OzoneManagerProtocolProtos$OzoneManagerService$2.callBlockingMethod(OzoneManagerProtocolProtos.java)
om1_1       | 	at org.apache.hadoop.ipc.ProtobufRpcEngine$Server$ProtoBufRpcInvoker.call(ProtobufRpcEngine.java:528)
om1_1       | 	at org.apache.hadoop.ipc.RPC$Server.call(RPC.java:1070)
om1_1       | 	at org.apache.hadoop.ipc.Server$RpcCall.run(Server.java:999)
om1_1       | 	at org.apache.hadoop.ipc.Server$RpcCall.run(Server.java:927)
om1_1       | 	at java.base/java.security.AccessController.doPrivileged(Native Method)
om1_1       | 	at java.base/javax.security.auth.Subject.doAs(Subject.java:423)
om1_1       | 	at org.apache.hadoop.security.UserGroupInformation.doAs(UserGroupInformation.java:1730)
om1_1       | 	at org.apache.hadoop.ipc.Server$Handler.run(Server.java:2915)
om1_1       | 2020-05-27 03:26:33,329 [IPC Server handler 2 on default port 9862] INFO ipc.Server: IPC Server handler 2 on default port 9862, call Call#13 Retry#0 org.apache.hadoop.ozone.om.protocol.OzoneManagerProtocol.submitRequest from 172.21.0.5:44356
om1_1       | org.apache.hadoop.ozone.om.exceptions.OMNotLeaderException: OM:om1 is not the leader. Suggested leader is OM:om2.
om1_1       | 	at org.apache.hadoop.ozone.protocolPB.OzoneManagerProtocolServerSideTranslatorPB.createNotLeaderException(OzoneManagerProtocolServerSideTranslatorPB.java:188)
om1_1       | 	at org.apache.hadoop.ozone.protocolPB.OzoneManagerProtocolServerSideTranslatorPB.submitReadRequestToOM(OzoneManagerProtocolServerSideTranslatorPB.java:176)
om1_1       | 	at org.apache.hadoop.ozone.protocolPB.OzoneManagerProtocolServerSideTranslatorPB.processRequest(OzoneManagerProtocolServerSideTranslatorPB.java:113)
om1_1       | 	at org.apache.hadoop.hdds.server.OzoneProtocolMessageDispatcher.processRequest(OzoneProtocolMessageDispatcher.java:74)
om1_1       | 	at org.apache.hadoop.ozone.protocolPB.OzoneManagerProtocolServerSideTranslatorPB.submitRequest(OzoneManagerProtocolServerSideTranslatorPB.java:103)
om1_1       | 	at org.apache.hadoop.ozone.protocol.proto.OzoneManagerProtocolProtos$OzoneManagerService$2.callBlockingMethod(OzoneManagerProtocolProtos.java)
om1_1       | 	at org.apache.hadoop.ipc.ProtobufRpcEngine$Server$ProtoBufRpcInvoker.call(ProtobufRpcEngine.java:528)
om1_1       | 	at org.apache.hadoop.ipc.RPC$Server.call(RPC.java:1070)
om1_1       | 	at org.apache.hadoop.ipc.Server$RpcCall.run(Server.java:999)
om1_1       | 	at org.apache.hadoop.ipc.Server$RpcCall.run(Server.java:927)
om1_1       | 	at java.base/java.security.AccessController.doPrivileged(Native Method)
om1_1       | 	at java.base/javax.security.auth.Subject.doAs(Subject.java:423)
s3g_1       | 
om3_1       | 2020-05-27 03:25:52,522 [Listener at om3/9862] INFO impl.RoleInfo: om3: start FollowerState
om2_1       | partName: "etag2"
scm_1       | 2020-05-27 03:25:42,151 [EventQueue-PipelineReportForPipelineReportHandler] INFO pipeline.PipelineStateManager: Pipeline Pipeline[ Id: 54c46f72-9635-4ef9-8937-580b574426d1, Nodes: c53287a4-4e6a-4867-9260-48ac4943de48{ip: 172.21.0.9, host: ozone-om-ha-s3_datanode_3.ozone-om-ha-s3_default, networkLocation: /default-rack, certSerialId: null}, Type:RATIS, Factor:ONE, State:ALLOCATED, leaderId:c53287a4-4e6a-4867-9260-48ac4943de48, CreationTimestamp2020-05-27T03:25:38.115614Z] moved to OPEN state
om1_1       | 	at org.apache.hadoop.security.UserGroupInformation.doAs(UserGroupInformation.java:1730)
s3g_1       | 2020-05-27 03:26:34,284 [qtp1804379080-21] INFO s3.AWSV4SignatureProcessor: Initializing request header parser
om3_1       | 2020-05-27 03:25:52,526 [Listener at om3/9862] INFO util.JmxRegister: Successfully registered JMX Bean with object name Ratis:service=RaftServer,group=group-562213E44849,id=om3
om2_1       | ]
scm_1       | 2020-05-27 03:25:42,189 [EventQueue-OpenPipelineForOneReplicaPipelineSafeModeRule] INFO safemode.SCMSafeModeManager: AtleastOneDatanodeReportedRule rule is successfully validated
om1_1       | 	at org.apache.hadoop.ipc.Server$Handler.run(Server.java:2915)
om3_1       | 2020-05-27 03:25:52,545 [Listener at om3/9862] INFO metrics.RatisMetrics: Creating Metrics Registry : ratis.state_machine.om3@group-562213E44849
s3g_1       | 2020-05-27 03:26:34,302 [qtp1804379080-21] INFO ha.OMFailoverProxyProvider: RetryProxy: OM:om1 is not the leader. Suggested leader is OM:om2.
om2_1       | 2020-05-27 03:27:08,336 [OM StateMachine ApplyTransaction Thread - 0] ERROR multipart.S3MultipartUploadCompleteRequest: MultipartUpload Complete request failed for Key: multipartKey3 in Volume/Bucket s3v/bucket-92906
scm_1       | 2020-05-27 03:25:42,193 [EventQueue-OpenPipelineForHealthyPipelineSafeModeRule] INFO safemode.SCMSafeModeManager: SCM in safe mode. Healthy pipelines reported count is 0, required healthy pipeline reported count is 1
om1_1       | 2020-05-27 03:26:33,820 [IPC Server handler 1 on default port 9862] INFO ipc.Server: IPC Server handler 1 on default port 9862, call Call#18 Retry#0 org.apache.hadoop.ozone.om.protocol.OzoneManagerProtocol.submitRequest from 172.21.0.5:44368
om3_1       | 2020-05-27 03:25:52,556 [Listener at om3/9862] INFO impl.RaftServerProxy: om3: start RPC server
s3g_1       | 	at org.apache.hadoop.ozone.protocolPB.OzoneManagerProtocolServerSideTranslatorPB.createNotLeaderException(OzoneManagerProtocolServerSideTranslatorPB.java:188)
s3g_1       | 	at org.apache.hadoop.ozone.protocolPB.OzoneManagerProtocolServerSideTranslatorPB.submitReadRequestToOM(OzoneManagerProtocolServerSideTranslatorPB.java:176)
s3g_1       | 	at org.apache.hadoop.ozone.protocolPB.OzoneManagerProtocolServerSideTranslatorPB.processRequest(OzoneManagerProtocolServerSideTranslatorPB.java:113)
s3g_1       | 	at org.apache.hadoop.hdds.server.OzoneProtocolMessageDispatcher.processRequest(OzoneProtocolMessageDispatcher.java:74)
s3g_1       | 	at org.apache.hadoop.ozone.protocolPB.OzoneManagerProtocolServerSideTranslatorPB.submitRequest(OzoneManagerProtocolServerSideTranslatorPB.java:103)
s3g_1       | 	at org.apache.hadoop.ozone.protocol.proto.OzoneManagerProtocolProtos$OzoneManagerService$2.callBlockingMethod(OzoneManagerProtocolProtos.java)
s3g_1       | 	at org.apache.hadoop.ipc.ProtobufRpcEngine$Server$ProtoBufRpcInvoker.call(ProtobufRpcEngine.java:528)
om2_1       | INVALID_PART org.apache.hadoop.ozone.om.exceptions.OMException: Complete Multipart Upload Failed: volume: s3vbucket: bucket-92906key: multipartKey3
scm_1       | 2020-05-27 03:25:42,330 [EventQueue-PipelineReportForPipelineReportHandler] INFO pipeline.PipelineStateManager: Pipeline Pipeline[ Id: 7bd8b164-c59d-4e71-9dc4-740b4f54fa57, Nodes: 14758183-9260-4d8a-8de6-7773ebd8f479{ip: 172.21.0.3, host: ozone-om-ha-s3_datanode_2.ozone-om-ha-s3_default, networkLocation: /default-rack, certSerialId: null}, Type:RATIS, Factor:ONE, State:ALLOCATED, leaderId:14758183-9260-4d8a-8de6-7773ebd8f479, CreationTimestamp2020-05-27T03:25:38.218719Z] moved to OPEN state
om1_1       | org.apache.hadoop.ozone.om.exceptions.OMNotLeaderException: OM:om1 is not the leader. Suggested leader is OM:om2.
om3_1       | 2020-05-27 03:25:52,753 [Listener at om3/9862] INFO server.GrpcService: om3: GrpcService started, listening on 0.0.0.0/0.0.0.0:9872
s3g_1       | 	at org.apache.hadoop.ipc.RPC$Server.call(RPC.java:1070)
om2_1       | 	at org.apache.hadoop.ozone.om.request.s3.multipart.S3MultipartUploadCompleteRequest.validateAndUpdateCache(S3MultipartUploadCompleteRequest.java:181)
scm_1       | 2020-05-27 03:25:42,331 [EventQueue-OpenPipelineForOneReplicaPipelineSafeModeRule] INFO safemode.SCMSafeModeManager: AtleastOneDatanodeReportedRule rule is successfully validated
om1_1       | 	at org.apache.hadoop.ozone.protocolPB.OzoneManagerProtocolServerSideTranslatorPB.createNotLeaderException(OzoneManagerProtocolServerSideTranslatorPB.java:188)
om1_1       | 	at org.apache.hadoop.ozone.protocolPB.OzoneManagerProtocolServerSideTranslatorPB.submitReadRequestToOM(OzoneManagerProtocolServerSideTranslatorPB.java:176)
om3_1       | 2020-05-27 03:25:52,789 [IPC Server Responder] INFO ipc.Server: IPC Server Responder: starting
om2_1       | 	at org.apache.hadoop.ozone.protocolPB.OzoneManagerRequestHandler.handleWriteRequest(OzoneManagerRequestHandler.java:226)
scm_1       | 2020-05-27 03:25:42,331 [EventQueue-OpenPipelineForHealthyPipelineSafeModeRule] INFO safemode.SCMSafeModeManager: SCM in safe mode. Healthy pipelines reported count is 0, required healthy pipeline reported count is 1
s3g_1       | 	at org.apache.hadoop.ipc.Server$RpcCall.run(Server.java:999)
om1_1       | 	at org.apache.hadoop.ozone.protocolPB.OzoneManagerProtocolServerSideTranslatorPB.processRequest(OzoneManagerProtocolServerSideTranslatorPB.java:113)
om3_1       | 2020-05-27 03:25:52,842 [IPC Server listener on 9862] INFO ipc.Server: IPC Server listener on 9862: starting
om2_1       | 	at org.apache.hadoop.ozone.om.ratis.OzoneManagerStateMachine.runCommand(OzoneManagerStateMachine.java:428)
scm_1       | 2020-05-27 03:25:42,452 [EventQueue-PipelineReportForPipelineReportHandler] INFO pipeline.PipelineStateManager: Pipeline Pipeline[ Id: 6c460ec6-e9c5-41ba-8a0b-2b3c445d0d16, Nodes: 20e0ea89-99ed-43e9-be72-cf57374f6479{ip: 172.21.0.8, host: ozone-om-ha-s3_datanode_1.ozone-om-ha-s3_default, networkLocation: /default-rack, certSerialId: null}, Type:RATIS, Factor:ONE, State:ALLOCATED, leaderId:20e0ea89-99ed-43e9-be72-cf57374f6479, CreationTimestamp2020-05-27T03:25:38.337697Z] moved to OPEN state
s3g_1       | 	at org.apache.hadoop.ipc.Server$RpcCall.run(Server.java:927)
om1_1       | 	at org.apache.hadoop.hdds.server.OzoneProtocolMessageDispatcher.processRequest(OzoneProtocolMessageDispatcher.java:74)
om3_1       | 2020-05-27 03:25:53,013 [Listener at om3/9862] INFO http.BaseHttpServer: Starting Web-server for ozoneManager at: http://0.0.0.0:9874
om2_1       | 	at org.apache.hadoop.ozone.om.ratis.OzoneManagerStateMachine.lambda$applyTransaction$1(OzoneManagerStateMachine.java:242)
scm_1       | 2020-05-27 03:25:42,453 [EventQueue-OpenPipelineForOneReplicaPipelineSafeModeRule] INFO safemode.SCMSafeModeManager: AtleastOneDatanodeReportedRule rule is successfully validated
s3g_1       | 	at java.base/java.security.AccessController.doPrivileged(Native Method)
om1_1       | 	at org.apache.hadoop.ozone.protocolPB.OzoneManagerProtocolServerSideTranslatorPB.submitRequest(OzoneManagerProtocolServerSideTranslatorPB.java:103)
om3_1       | 2020-05-27 03:25:53,015 [Listener at om3/9862] INFO http.BaseHttpServer: Hadoop Security Enabled: false Ozone Security Enabled: false Ozone HTTP Security Enabled: false 
om2_1       | 	at java.base/java.util.concurrent.CompletableFuture$AsyncSupply.run(CompletableFuture.java:1700)
scm_1       | 2020-05-27 03:25:42,453 [EventQueue-OpenPipelineForHealthyPipelineSafeModeRule] INFO safemode.SCMSafeModeManager: SCM in safe mode. Healthy pipelines reported count is 0, required healthy pipeline reported count is 1
s3g_1       | 	at java.base/javax.security.auth.Subject.doAs(Subject.java:423)
om1_1       | 	at org.apache.hadoop.ozone.protocol.proto.OzoneManagerProtocolProtos$OzoneManagerService$2.callBlockingMethod(OzoneManagerProtocolProtos.java)
om3_1       | 2020-05-27 03:25:53,137 [Listener at om3/9862] INFO util.log: Logging initialized @15026ms to org.eclipse.jetty.util.log.Slf4jLog
om2_1       | 	at java.base/java.util.concurrent.ThreadPoolExecutor.runWorker(ThreadPoolExecutor.java:1128)
scm_1       | 2020-05-27 03:25:48,272 [EventQueue-PipelineReportForPipelineReportHandler] INFO pipeline.PipelineStateManager: Pipeline Pipeline[ Id: e8419c68-75e7-48fb-b568-d2c9671d6f6d, Nodes: 14758183-9260-4d8a-8de6-7773ebd8f479{ip: 172.21.0.3, host: ozone-om-ha-s3_datanode_2.ozone-om-ha-s3_default, networkLocation: /default-rack, certSerialId: null}c53287a4-4e6a-4867-9260-48ac4943de48{ip: 172.21.0.9, host: ozone-om-ha-s3_datanode_3.ozone-om-ha-s3_default, networkLocation: /default-rack, certSerialId: null}20e0ea89-99ed-43e9-be72-cf57374f6479{ip: 172.21.0.8, host: ozone-om-ha-s3_datanode_1.ozone-om-ha-s3_default, networkLocation: /default-rack, certSerialId: null}, Type:RATIS, Factor:THREE, State:ALLOCATED, leaderId:c53287a4-4e6a-4867-9260-48ac4943de48, CreationTimestamp2020-05-27T03:25:38.363984Z] moved to OPEN state
s3g_1       | 	at org.apache.hadoop.security.UserGroupInformation.doAs(UserGroupInformation.java:1730)
om1_1       | 	at org.apache.hadoop.ipc.ProtobufRpcEngine$Server$ProtoBufRpcInvoker.call(ProtobufRpcEngine.java:528)
om3_1       | 2020-05-27 03:25:53,466 [Listener at om3/9862] INFO server.AuthenticationFilter: Unable to initialize FileSignerSecretProvider, falling back to use random secrets.
om2_1       | 	at java.base/java.util.concurrent.ThreadPoolExecutor$Worker.run(ThreadPoolExecutor.java:628)
scm_1       | 2020-05-27 03:25:48,272 [EventQueue-OpenPipelineForOneReplicaPipelineSafeModeRule] INFO safemode.SCMSafeModeManager: AtleastOneDatanodeReportedRule rule is successfully validated
s3g_1       | 	at org.apache.hadoop.ipc.Server$Handler.run(Server.java:2915)
om1_1       | 	at org.apache.hadoop.ipc.RPC$Server.call(RPC.java:1070)
om3_1       | 2020-05-27 03:25:53,485 [Listener at om3/9862] INFO http.HttpRequestLog: Http request log for http.requests.ozoneManager is not defined
om2_1       | 	at java.base/java.lang.Thread.run(Thread.java:834)
scm_1       | 2020-05-27 03:25:48,272 [EventQueue-OpenPipelineForHealthyPipelineSafeModeRule] INFO safemode.SCMSafeModeManager: SCM in safe mode. Healthy pipelines reported count is 1, required healthy pipeline reported count is 1
s3g_1       | 
om1_1       | 	at org.apache.hadoop.ipc.Server$RpcCall.run(Server.java:999)
om3_1       | 2020-05-27 03:25:53,491 [Listener at om3/9862] INFO http.HttpServer2: Added global filter 'safety' (class=org.apache.hadoop.hdds.server.http.HttpServer2$QuotingInputFilter)
om2_1       | 2020-05-27 03:27:08,345 [OM StateMachine ApplyTransaction Thread - 0] ERROR multipart.S3MultipartUploadCompleteRequest: Unrecognized Result for S3MultipartUploadCommitRequest: keyArgs {
scm_1       | 2020-05-27 03:25:48,279 [EventQueue-OpenPipelineForHealthyPipelineSafeModeRule] INFO safemode.SCMSafeModeManager: HealthyPipelineSafeModeRule rule is successfully validated
s3g_1       | 2020-05-27 03:26:38,059 [qtp1804379080-17] INFO s3.AWSV4SignatureProcessor: Initializing request header parser
om1_1       | 	at org.apache.hadoop.ipc.Server$RpcCall.run(Server.java:927)
om3_1       | 2020-05-27 03:25:53,516 [Listener at om3/9862] INFO http.HttpServer2: Added filter authentication (class=org.apache.hadoop.security.authentication.server.AuthenticationFilter) to context ozoneManager
om2_1       |   volumeName: "s3v"
scm_1       | 2020-05-27 03:25:48,279 [EventQueue-OpenPipelineForHealthyPipelineSafeModeRule] INFO safemode.SCMSafeModeManager: ScmSafeModeManager, all rules are successfully validated
s3g_1       | 2020-05-27 03:26:38,069 [qtp1804379080-17] INFO ha.OMFailoverProxyProvider: RetryProxy: OM:om1 is not the leader. Suggested leader is OM:om2.
om1_1       | 	at java.base/java.security.AccessController.doPrivileged(Native Method)
om3_1       | 2020-05-27 03:25:53,516 [Listener at om3/9862] INFO http.HttpServer2: Added filter authentication (class=org.apache.hadoop.security.authentication.server.AuthenticationFilter) to context static
om2_1       |   bucketName: "bucket-92906"
scm_1       | 2020-05-27 03:25:48,280 [EventQueue-OpenPipelineForHealthyPipelineSafeModeRule] INFO safemode.SCMSafeModeManager: SCM exiting safe mode.
s3g_1       | 	at org.apache.hadoop.ozone.protocolPB.OzoneManagerProtocolServerSideTranslatorPB.createNotLeaderException(OzoneManagerProtocolServerSideTranslatorPB.java:188)
om1_1       | 	at java.base/javax.security.auth.Subject.doAs(Subject.java:423)
om3_1       | 2020-05-27 03:25:53,516 [Listener at om3/9862] INFO http.HttpServer2: Added filter authentication (class=org.apache.hadoop.security.authentication.server.AuthenticationFilter) to context logs
om2_1       |   keyName: "multipartKey3"
scm_1       | 2020-05-27 03:27:34,596 [RatisPipelineUtilsThread] ERROR pipeline.SCMPipelineManager: Failed to create pipeline of type RATIS and factor ONE. Exception: Cannot create pipeline of factor 1 using 0 nodes. Used 3 nodes. Healthy nodes 3
s3g_1       | 	at org.apache.hadoop.ozone.protocolPB.OzoneManagerProtocolServerSideTranslatorPB.submitReadRequestToOM(OzoneManagerProtocolServerSideTranslatorPB.java:176)
om1_1       | 	at org.apache.hadoop.security.UserGroupInformation.doAs(UserGroupInformation.java:1730)
om3_1       | 2020-05-27 03:25:53,573 [Listener at om3/9862] WARN http.BaseHttpServer: /prof java profiling servlet is activated. Not safe for production!
om2_1       |   multipartUploadID: "4397c3b7-c55c-4454-be94-fe57df81fa0e-104238286595031052"
scm_1       | 2020-05-27 03:27:34,597 [RatisPipelineUtilsThread] ERROR pipeline.SCMPipelineManager: Failed to create pipeline of type RATIS and factor THREE. Exception: Pipeline creation failed because nodes are engaged in other pipelines and every node can only be engaged in max 2 pipelines. Required 3. Found 0
s3g_1       | 	at org.apache.hadoop.ozone.protocolPB.OzoneManagerProtocolServerSideTranslatorPB.processRequest(OzoneManagerProtocolServerSideTranslatorPB.java:113)
om1_1       | 	at org.apache.hadoop.ipc.Server$Handler.run(Server.java:2915)
om3_1       | 2020-05-27 03:25:53,597 [Listener at om3/9862] INFO http.HttpServer2: Jetty bound to port 9874
om2_1       |   acls {
scm_1       | 2020-05-27 03:27:55,826 [IPC Server handler 14 on default port 9863] INFO server.SCMBlockProtocolServer: SCM is informed by OM to delete 6 blocks
s3g_1       | 	at org.apache.hadoop.hdds.server.OzoneProtocolMessageDispatcher.processRequest(OzoneProtocolMessageDispatcher.java:74)
om1_1       | 2020-05-27 03:26:34,298 [IPC Server handler 2 on default port 9862] INFO ipc.Server: IPC Server handler 2 on default port 9862, call Call#23 Retry#0 org.apache.hadoop.ozone.om.protocol.OzoneManagerProtocol.submitRequest from 172.21.0.5:44374
om3_1       | 2020-05-27 03:25:53,598 [Listener at om3/9862] INFO server.Server: jetty-9.4.26.v20200117; built: 2020-01-17T12:35:33.676Z; git: 7b38981d25d14afb4a12ff1f2596756144edf695; jvm 11.0.6+10-LTS
om2_1       |     type: USER
scm_1       | 2020-05-27 03:27:55,827 [IPC Server handler 14 on default port 9863] INFO block.BlockManagerImpl: Deleting blocks conID: 1 locID: 104238289660018712 bcsId: 0
s3g_1       | 	at org.apache.hadoop.ozone.protocolPB.OzoneManagerProtocolServerSideTranslatorPB.submitRequest(OzoneManagerProtocolServerSideTranslatorPB.java:103)
om1_1       | org.apache.hadoop.ozone.om.exceptions.OMNotLeaderException: OM:om1 is not the leader. Suggested leader is OM:om2.
om3_1       | 2020-05-27 03:25:53,678 [Thread-10] INFO impl.FollowerState: om3@group-562213E44849-FollowerState: change to CANDIDATE, lastRpcTime:1156ms, electionTimeout:1130ms
om2_1       |     name: "dlfknslnfslf"
scm_1       | 2020-05-27 03:27:55,836 [IPC Server handler 14 on default port 9863] INFO block.BlockManagerImpl: Deleting blocks conID: 1 locID: 104238287780577295 bcsId: 0,conID: 1 locID: 104238287778283534 bcsId: 0,conID: 1 locID: 104238287768059917 bcsId: 0
s3g_1       | 	at org.apache.hadoop.ozone.protocol.proto.OzoneManagerProtocolProtos$OzoneManagerService$2.callBlockingMethod(OzoneManagerProtocolProtos.java)
om1_1       | 	at org.apache.hadoop.ozone.protocolPB.OzoneManagerProtocolServerSideTranslatorPB.createNotLeaderException(OzoneManagerProtocolServerSideTranslatorPB.java:188)
om3_1       | 2020-05-27 03:25:53,679 [Thread-10] INFO impl.RoleInfo: om3: shutdown FollowerState
om2_1       |     rights: "\200"
scm_1       | 2020-05-27 03:27:55,836 [IPC Server handler 14 on default port 9863] INFO block.BlockManagerImpl: Deleting blocks conID: 1 locID: 104238286041776130 bcsId: 0
s3g_1       | 	at org.apache.hadoop.ipc.ProtobufRpcEngine$Server$ProtoBufRpcInvoker.call(ProtobufRpcEngine.java:528)
om1_1       | 	at org.apache.hadoop.ozone.protocolPB.OzoneManagerProtocolServerSideTranslatorPB.submitReadRequestToOM(OzoneManagerProtocolServerSideTranslatorPB.java:176)
om3_1       | 2020-05-27 03:25:53,714 [Thread-10] INFO impl.RaftServerImpl: om3@group-562213E44849: changes role from  FOLLOWER to CANDIDATE at term 0 for changeToCandidate
om2_1       |     aclScope: ACCESS
scm_1       | 2020-05-27 03:27:55,837 [IPC Server handler 14 on default port 9863] INFO block.BlockManagerImpl: Deleting blocks conID: 1 locID: 104238286922448905 bcsId: 0
s3g_1       | 	at org.apache.hadoop.ipc.RPC$Server.call(RPC.java:1070)
om1_1       | 	at org.apache.hadoop.ozone.protocolPB.OzoneManagerProtocolServerSideTranslatorPB.processRequest(OzoneManagerProtocolServerSideTranslatorPB.java:113)
om3_1       | 2020-05-27 03:25:53,716 [Thread-10] INFO impl.RoleInfo: om3: start LeaderElection
om2_1       |   }
s3g_1       | 	at org.apache.hadoop.ipc.Server$RpcCall.run(Server.java:999)
om1_1       | 	at org.apache.hadoop.hdds.server.OzoneProtocolMessageDispatcher.processRequest(OzoneProtocolMessageDispatcher.java:74)
scm_1       | 2020-05-27 03:27:55,837 [IPC Server handler 14 on default port 9863] INFO block.BlockManagerImpl: Deleting blocks conID: 1 locID: 104238287357083659 bcsId: 0
om3_1       | 2020-05-27 03:25:53,740 [om3@group-562213E44849-LeaderElection1] INFO impl.LeaderElection: om3@group-562213E44849-LeaderElection1: begin an election at term 1 for -1: [om1:om1:9872, om3:om3:9872, om2:om2:9872], old=null
om2_1       |   modificationTime: 1590550028325
s3g_1       | 	at org.apache.hadoop.ipc.Server$RpcCall.run(Server.java:927)
om1_1       | 	at org.apache.hadoop.ozone.protocolPB.OzoneManagerProtocolServerSideTranslatorPB.submitRequest(OzoneManagerProtocolServerSideTranslatorPB.java:103)
scm_1       | 2020-05-27 03:27:55,838 [IPC Server handler 14 on default port 9863] INFO block.BlockManagerImpl: Deleting blocks conID: 1 locID: 104238287570141196 bcsId: 0
om3_1       | 2020-05-27 03:25:53,753 [Listener at om3/9862] INFO server.session: DefaultSessionIdManager workerName=node0
om2_1       | }
s3g_1       | 	at java.base/java.security.AccessController.doPrivileged(Native Method)
om1_1       | 	at org.apache.hadoop.ozone.protocol.proto.OzoneManagerProtocolProtos$OzoneManagerService$2.callBlockingMethod(OzoneManagerProtocolProtos.java)
scm_1       | 2020-05-27 03:28:41,381 [IPC Server handler 8 on default port 9863] INFO pipeline.PipelineStateManager: Created pipeline Pipeline[ Id: 942becec-7dad-4b07-b0c3-94eb5843eb05, Nodes: 14758183-9260-4d8a-8de6-7773ebd8f479{ip: 172.21.0.3, host: ozone-om-ha-s3_datanode_2.ozone-om-ha-s3_default, networkLocation: /default-rack, certSerialId: null}, Type:STAND_ALONE, Factor:ONE, State:OPEN, leaderId:null, CreationTimestamp2020-05-27T03:28:41.381012Z]
scm_1       | 2020-05-27 03:28:55,902 [IPC Server handler 15 on default port 9863] INFO server.SCMBlockProtocolServer: SCM is informed by OM to delete 4 blocks
om2_1       | partsList {
s3g_1       | 	at java.base/javax.security.auth.Subject.doAs(Subject.java:423)
scm_1       | 2020-05-27 03:28:55,903 [IPC Server handler 15 on default port 9863] INFO block.BlockManagerImpl: Deleting blocks conID: 1 locID: 104238290758205467 bcsId: 0
om3_1       | 2020-05-27 03:25:53,753 [Listener at om3/9862] INFO server.session: No SessionScavenger set, using defaults
om1_1       | 	at org.apache.hadoop.ipc.ProtobufRpcEngine$Server$ProtoBufRpcInvoker.call(ProtobufRpcEngine.java:528)
om2_1       |   partNumber: 2
s3g_1       | 	at org.apache.hadoop.security.UserGroupInformation.doAs(UserGroupInformation.java:1730)
scm_1       | 2020-05-27 03:28:55,904 [IPC Server handler 15 on default port 9863] INFO block.BlockManagerImpl: Deleting blocks conID: 1 locID: 104238290793332764 bcsId: 0
om3_1       | 2020-05-27 03:25:53,764 [Listener at om3/9862] INFO server.session: node0 Scavenging every 600000ms
om1_1       | 	at org.apache.hadoop.ipc.RPC$Server.call(RPC.java:1070)
om2_1       |   partName: "etag1"
s3g_1       | 	at org.apache.hadoop.ipc.Server$Handler.run(Server.java:2915)
scm_1       | 2020-05-27 03:28:55,904 [IPC Server handler 15 on default port 9863] INFO block.BlockManagerImpl: Deleting blocks conID: 1 locID: 104238289863245849 bcsId: 0
om3_1       | 2020-05-27 03:25:53,828 [Listener at om3/9862] INFO server.AuthenticationFilter: Unable to initialize FileSignerSecretProvider, falling back to use random secrets.
om1_1       | 	at org.apache.hadoop.ipc.Server$RpcCall.run(Server.java:999)
om2_1       | }
s3g_1       | 
scm_1       | 2020-05-27 03:28:55,904 [IPC Server handler 15 on default port 9863] INFO block.BlockManagerImpl: Deleting blocks conID: 1 locID: 104238290174148634 bcsId: 0
om1_1       | 	at org.apache.hadoop.ipc.Server$RpcCall.run(Server.java:927)
om3_1       | 2020-05-27 03:25:53,847 [Listener at om3/9862] INFO handler.ContextHandler: Started o.e.j.s.ServletContextHandler@1039bfc4{logs,/logs,file:///var/log/hadoop/,AVAILABLE}
s3g_1       | 2020-05-27 03:26:38,082 [qtp1804379080-17] INFO rpc.RpcClient: Creating Bucket: s3v/bucket-37238, with Versioning false and Storage Type set to DISK and Encryption set to false 
s3g_1       | 2020-05-27 03:26:38,097 [qtp1804379080-17] INFO endpoint.BucketEndpoint: Location is /bucket-37238
om2_1       | partsList {
om3_1       | 2020-05-27 03:25:53,852 [Listener at om3/9862] INFO handler.ContextHandler: Started o.e.j.s.ServletContextHandler@6436e181{static,/static,jar:file:/opt/hadoop/share/ozone/lib/hadoop-ozone-ozone-manager-0.6.0-SNAPSHOT.jar!/webapps/static,AVAILABLE}
s3g_1       | 2020-05-27 03:26:38,484 [qtp1804379080-21] INFO s3.AWSV4SignatureProcessor: Initializing request header parser
om1_1       | 	at java.base/java.security.AccessController.doPrivileged(Native Method)
om2_1       |   partNumber: 1
om3_1       | 2020-05-27 03:25:54,667 [om3@group-562213E44849-LeaderElection1] INFO impl.LeaderElection: om3@group-562213E44849-LeaderElection1 got exception when requesting votes: java.util.concurrent.ExecutionException: org.apache.ratis.thirdparty.io.grpc.StatusRuntimeException: UNAVAILABLE: io exception
s3g_1       | 2020-05-27 03:26:38,493 [qtp1804379080-21] INFO ha.OMFailoverProxyProvider: RetryProxy: OM:om1 is not the leader. Suggested leader is OM:om2.
om1_1       | 	at java.base/javax.security.auth.Subject.doAs(Subject.java:423)
om2_1       |   partName: "etag2"
om3_1       | 2020-05-27 03:25:54,672 [om3@group-562213E44849-LeaderElection1] INFO impl.LeaderElection: om3@group-562213E44849-LeaderElection1 got exception when requesting votes: java.util.concurrent.ExecutionException: org.apache.ratis.thirdparty.io.grpc.StatusRuntimeException: UNAVAILABLE: io exception
s3g_1       | 	at org.apache.hadoop.ozone.protocolPB.OzoneManagerProtocolServerSideTranslatorPB.createNotLeaderException(OzoneManagerProtocolServerSideTranslatorPB.java:188)
s3g_1       | 	at org.apache.hadoop.ozone.protocolPB.OzoneManagerProtocolServerSideTranslatorPB.submitReadRequestToOM(OzoneManagerProtocolServerSideTranslatorPB.java:176)
om2_1       | }
om3_1       | 2020-05-27 03:25:54,674 [om3@group-562213E44849-LeaderElection1] INFO impl.LeaderElection: om3@group-562213E44849-LeaderElection1: Election REJECTED; received 0 response(s) [] and 2 exception(s); om3@group-562213E44849:t1, leader=null, voted=om3, raftlog=om3@group-562213E44849-SegmentedRaftLog:OPENED:c-1,f-1,i0, conf=-1: [om1:om1:9872, om3:om3:9872, om2:om2:9872], old=null
s3g_1       | 	at org.apache.hadoop.ozone.protocolPB.OzoneManagerProtocolServerSideTranslatorPB.processRequest(OzoneManagerProtocolServerSideTranslatorPB.java:113)
om1_1       | 	at org.apache.hadoop.security.UserGroupInformation.doAs(UserGroupInformation.java:1730)
om2_1       | 
om3_1       | 2020-05-27 03:25:54,678 [om3@group-562213E44849-LeaderElection1] INFO impl.LeaderElection:   Exception 0: java.util.concurrent.ExecutionException: org.apache.ratis.thirdparty.io.grpc.StatusRuntimeException: UNAVAILABLE: io exception
s3g_1       | 	at org.apache.hadoop.hdds.server.OzoneProtocolMessageDispatcher.processRequest(OzoneProtocolMessageDispatcher.java:74)
om1_1       | 	at org.apache.hadoop.ipc.Server$Handler.run(Server.java:2915)
om2_1       | 2020-05-27 03:27:13,980 [OM StateMachine ApplyTransaction Thread - 0] ERROR multipart.S3MultipartUploadCompleteRequest: MultipartUpload Complete request failed for Key: multipartKey3 in Volume/Bucket s3v/bucket-92906
om3_1       | 2020-05-27 03:25:54,678 [om3@group-562213E44849-LeaderElection1] INFO impl.LeaderElection:   Exception 1: java.util.concurrent.ExecutionException: org.apache.ratis.thirdparty.io.grpc.StatusRuntimeException: UNAVAILABLE: io exception
s3g_1       | 	at org.apache.hadoop.ozone.protocolPB.OzoneManagerProtocolServerSideTranslatorPB.submitRequest(OzoneManagerProtocolServerSideTranslatorPB.java:103)
