scm_1       | 2020-09-29 12:58:43,542 [RatisPipelineUtilsThread] INFO pipeline.RatisPipelineProvider: Sending CreatePipelineCommand for pipeline:PipelineID=8f589364-61a7-46c7-8be4-f4fade71d588 to datanode:3b83e304-41f1-4635-bd1a-b52012e0a130
datanode_3  | 2020-09-29 12:58:47,410 [pool-19-thread-1] INFO server.RaftServerConfigKeys: raft.server.log.statemachine.data.caching.enabled = true (custom)
scm_1       | 2020-09-29 12:58:43,552 [RatisPipelineUtilsThread] INFO pipeline.PipelineStateManager: Created pipeline Pipeline[ Id: 8f589364-61a7-46c7-8be4-f4fade71d588, Nodes: 1806b9b1-a068-4783-a49b-56ddd2b54dfa{ip: 172.18.0.4, host: ozone-csi_datanode_2.ozone-csi_default, networkLocation: /default-rack, certSerialId: null}16c3ed66-09bd-4f19-9538-469a46f7380e{ip: 172.18.0.7, host: ozone-csi_datanode_1.ozone-csi_default, networkLocation: /default-rack, certSerialId: null}3b83e304-41f1-4635-bd1a-b52012e0a130{ip: 172.18.0.2, host: ozone-csi_datanode_3.ozone-csi_default, networkLocation: /default-rack, certSerialId: null}, Type:RATIS, Factor:THREE, State:ALLOCATED, leaderId:, CreationTimestamp2020-09-29T12:58:43.531045Z]
datanode_3  | 2020-09-29 12:58:47,411 [pool-19-thread-1] INFO segmented.SegmentedRaftLogWorker: 3b83e304-41f1-4635-bd1a-b52012e0a130@group-F4FADE71D588-SegmentedRaftLogWorker: flushIndex: setUnconditionally 0 -> -1
scm_1       | 2020-09-29 12:58:43,574 [RatisPipelineUtilsThread] INFO pipeline.RatisPipelineProvider: Sending CreatePipelineCommand for pipeline:PipelineID=4664cc81-dc96-4c9f-8141-f6418f433076 to datanode:1806b9b1-a068-4783-a49b-56ddd2b54dfa
datanode_3  | 2020-09-29 12:58:47,413 [pool-19-thread-1] INFO segmented.SegmentedRaftLogWorker: 3b83e304-41f1-4635-bd1a-b52012e0a130@group-F4FADE71D588-SegmentedRaftLogWorker: safeCacheEvictIndex: setUnconditionally 0 -> -1
scm_1       | 2020-09-29 12:58:43,580 [RatisPipelineUtilsThread] INFO pipeline.PipelineStateManager: Created pipeline Pipeline[ Id: 4664cc81-dc96-4c9f-8141-f6418f433076, Nodes: 1806b9b1-a068-4783-a49b-56ddd2b54dfa{ip: 172.18.0.4, host: ozone-csi_datanode_2.ozone-csi_default, networkLocation: /default-rack, certSerialId: null}, Type:RATIS, Factor:ONE, State:ALLOCATED, leaderId:, CreationTimestamp2020-09-29T12:58:43.574938Z]
datanode_3  | 2020-09-29 12:58:47,421 [pool-19-thread-1] INFO server.RaftServerConfigKeys: raft.server.snapshot.auto.trigger.enabled = true (custom)
datanode_3  | 2020-09-29 12:58:47,421 [pool-19-thread-1] INFO server.RaftServerConfigKeys: raft.server.snapshot.auto.trigger.threshold = 10000 (custom)
datanode_3  | 2020-09-29 12:58:47,422 [pool-19-thread-1] INFO server.RaftServerConfigKeys: raft.server.snapshot.retention.file.num = 5 (custom)
datanode_3  | 2020-09-29 12:58:47,425 [pool-19-thread-1] INFO server.RaftServerConfigKeys: raft.server.log.purge.upto.snapshot.index = false (default)
datanode_3  | 2020-09-29 12:58:47,426 [pool-19-thread-1] INFO server.RaftServerConfigKeys: raft.server.retrycache.expirytime = 600000ms (custom)
datanode_3  | 2020-09-29 12:58:47,426 [pool-19-thread-1] INFO metrics.RatisMetrics: Creating Metrics Registry : ratis.leader_election.3b83e304-41f1-4635-bd1a-b52012e0a130@group-F4FADE71D588
datanode_3  | 2020-09-29 12:58:47,430 [pool-19-thread-1] INFO metrics.RatisMetrics: Creating Metrics Registry : ratis.server.3b83e304-41f1-4635-bd1a-b52012e0a130@group-F4FADE71D588
datanode_3  | 2020-09-29 12:58:47,431 [pool-19-thread-1] INFO impl.RaftServerImpl: 3b83e304-41f1-4635-bd1a-b52012e0a130@group-F4FADE71D588: start as a follower, conf=-1: [3b83e304-41f1-4635-bd1a-b52012e0a130:172.18.0.2:9858:0, 1806b9b1-a068-4783-a49b-56ddd2b54dfa:172.18.0.4:9858:0, 16c3ed66-09bd-4f19-9538-469a46f7380e:172.18.0.7:9858:0], old=null
datanode_3  | 2020-09-29 12:58:47,447 [pool-19-thread-1] INFO impl.RaftServerImpl: 3b83e304-41f1-4635-bd1a-b52012e0a130@group-F4FADE71D588: changes role from      null to FOLLOWER at term 0 for startAsFollower
datanode_3  | 2020-09-29 12:58:47,447 [pool-19-thread-1] INFO impl.RoleInfo: 3b83e304-41f1-4635-bd1a-b52012e0a130: start FollowerState
datanode_3  | 2020-09-29 12:58:47,449 [pool-19-thread-1] INFO util.JmxRegister: Successfully registered JMX Bean with object name Ratis:service=RaftServer,group=group-F4FADE71D588,id=3b83e304-41f1-4635-bd1a-b52012e0a130
datanode_3  | 2020-09-29 12:58:47,450 [pool-19-thread-1] INFO metrics.RatisMetrics: Creating Metrics Registry : ratis.state_machine.3b83e304-41f1-4635-bd1a-b52012e0a130@group-F4FADE71D588
datanode_3  | 2020-09-29 12:58:47,687 [Command processor thread] INFO metrics.RatisMetrics: Creating Metrics Registry : ratis.client_message_metrics.client-DF807339A242->1806b9b1-a068-4783-a49b-56ddd2b54dfa
datanode_3  | 2020-09-29 12:58:49,525 [grpc-default-executor-0] INFO metrics.RatisMetrics: Creating Metrics Registry : ratis.server_message_metrics.3b83e304-41f1-4635-bd1a-b52012e0a130
datanode_3  | 2020-09-29 12:58:49,987 [Command processor thread] INFO metrics.RatisMetrics: Creating Metrics Registry : ratis.client_message_metrics.client-EBCAC56F72BD->16c3ed66-09bd-4f19-9538-469a46f7380e
datanode_3  | 2020-09-29 12:58:50,064 [Command processor thread] INFO commandhandler.CreatePipelineCommandHandler: Created Pipeline RATIS THREE #id: "8f589364-61a7-46c7-8be4-f4fade71d588"
datanode_3  | uuid128 {
datanode_3  |   mostSigBits: -8117576268990953785
datanode_3  |   leastSigBits: -8366292849436535416
datanode_3  | }
datanode_3  | .
datanode_3  | 2020-09-29 12:58:51,905 [grpc-default-executor-0] INFO impl.RaftServerImpl: 3b83e304-41f1-4635-bd1a-b52012e0a130@group-F4FADE71D588: changes role from  FOLLOWER to FOLLOWER at term 1 for recognizeCandidate:16c3ed66-09bd-4f19-9538-469a46f7380e
datanode_3  | 2020-09-29 12:58:51,909 [grpc-default-executor-0] INFO impl.RoleInfo: 3b83e304-41f1-4635-bd1a-b52012e0a130: shutdown FollowerState
datanode_3  | 2020-09-29 12:58:51,913 [Thread-25] INFO impl.FollowerState: 3b83e304-41f1-4635-bd1a-b52012e0a130@group-F4FADE71D588-FollowerState was interrupted: java.lang.InterruptedException: sleep interrupted
datanode_3  | 2020-09-29 12:58:51,914 [grpc-default-executor-0] INFO impl.RoleInfo: 3b83e304-41f1-4635-bd1a-b52012e0a130: start FollowerState
datanode_3  | 2020-09-29 12:58:51,915 [grpc-default-executor-0] INFO impl.RaftServerImpl:  FOLLOWER 3b83e304-41f1-4635-bd1a-b52012e0a130@group-F4FADE71D588:t1, leader=null, voted=null, raftlog=3b83e304-41f1-4635-bd1a-b52012e0a130@group-F4FADE71D588-SegmentedRaftLog:OPENED:c-1,f-1,i0, conf=-1: [3b83e304-41f1-4635-bd1a-b52012e0a130:172.18.0.2:9858:0, 1806b9b1-a068-4783-a49b-56ddd2b54dfa:172.18.0.4:9858:0, 16c3ed66-09bd-4f19-9538-469a46f7380e:172.18.0.7:9858:0], old=null RUNNING priority:0 candidate:16c3ed66-09bd-4f19-9538-469a46f7380e:172.18.0.7:9858:0 candidatePriority:0 compare:0
datanode_3  | 2020-09-29 12:58:52,307 [grpc-default-executor-0] INFO ratis.XceiverServerRatis: Leader change notification received for group: group-F4FADE71D588 with new leaderId: 16c3ed66-09bd-4f19-9538-469a46f7380e
datanode_3  | 2020-09-29 12:58:52,312 [grpc-default-executor-0] INFO impl.RaftServerImpl: 3b83e304-41f1-4635-bd1a-b52012e0a130@group-F4FADE71D588: change Leader from null to 16c3ed66-09bd-4f19-9538-469a46f7380e at term 1 for appendEntries, leader elected after 4926ms
scm_1       | 2020-09-29 12:58:43,581 [RatisPipelineUtilsThread] INFO pipeline.RatisPipelineProvider: Sending CreatePipelineCommand for pipeline:PipelineID=9a4d3014-a282-4179-b1a1-1023497b23a2 to datanode:16c3ed66-09bd-4f19-9538-469a46f7380e
scm_1       | 2020-09-29 12:58:43,597 [RatisPipelineUtilsThread] INFO pipeline.PipelineStateManager: Created pipeline Pipeline[ Id: 9a4d3014-a282-4179-b1a1-1023497b23a2, Nodes: 16c3ed66-09bd-4f19-9538-469a46f7380e{ip: 172.18.0.7, host: ozone-csi_datanode_1.ozone-csi_default, networkLocation: /default-rack, certSerialId: null}, Type:RATIS, Factor:ONE, State:ALLOCATED, leaderId:, CreationTimestamp2020-09-29T12:58:43.581240Z]
datanode_3  | 2020-09-29 12:58:52,365 [Thread-23] INFO impl.FollowerState: 3b83e304-41f1-4635-bd1a-b52012e0a130@group-150A035481F3-FollowerState: change to CANDIDATE, lastRpcTime:5218ms, electionTimeout:5175ms
scm_1       | 2020-09-29 12:58:47,221 [EventQueue-PipelineReportForPipelineReportHandler] INFO pipeline.PipelineStateManager: Pipeline Pipeline[ Id: a7bd7e41-dc1f-4e25-aae1-150a035481f3, Nodes: 3b83e304-41f1-4635-bd1a-b52012e0a130{ip: 172.18.0.2, host: ozone-csi_datanode_3.ozone-csi_default, networkLocation: /default-rack, certSerialId: null}, Type:RATIS, Factor:ONE, State:ALLOCATED, leaderId:3b83e304-41f1-4635-bd1a-b52012e0a130, CreationTimestamp2020-09-29T12:58:43.124651Z] moved to OPEN state
scm_1       | 2020-09-29 12:58:47,251 [EventQueue-OpenPipelineForHealthyPipelineSafeModeRule] INFO safemode.SCMSafeModeManager: HealthyPipelineSafeModeRule rule is successfully validated
scm_1       | 2020-09-29 12:58:47,262 [EventQueue-OpenPipelineForOneReplicaPipelineSafeModeRule] INFO safemode.SCMSafeModeManager: AtleastOneDatanodeReportedRule rule is successfully validated
scm_1       | 2020-09-29 12:58:47,262 [EventQueue-OpenPipelineForOneReplicaPipelineSafeModeRule] INFO safemode.SCMSafeModeManager: ScmSafeModeManager, all rules are successfully validated
datanode_3  | 2020-09-29 12:58:52,366 [Thread-23] INFO impl.RoleInfo: 3b83e304-41f1-4635-bd1a-b52012e0a130: shutdown FollowerState
scm_1       | 2020-09-29 12:58:47,262 [EventQueue-OpenPipelineForOneReplicaPipelineSafeModeRule] INFO safemode.SCMSafeModeManager: SCM exiting safe mode.
datanode_3  | 2020-09-29 12:58:52,366 [Thread-23] INFO impl.RaftServerImpl: 3b83e304-41f1-4635-bd1a-b52012e0a130@group-150A035481F3: changes role from  FOLLOWER to CANDIDATE at term 0 for changeToCandidate
datanode_3  | 2020-09-29 12:58:52,368 [Thread-23] INFO impl.RoleInfo: 3b83e304-41f1-4635-bd1a-b52012e0a130: start LeaderElection
scm_1       | 2020-09-29 12:58:49,948 [EventQueue-PipelineReportForPipelineReportHandler] INFO pipeline.PipelineStateManager: Pipeline Pipeline[ Id: 9a4d3014-a282-4179-b1a1-1023497b23a2, Nodes: 16c3ed66-09bd-4f19-9538-469a46f7380e{ip: 172.18.0.7, host: ozone-csi_datanode_1.ozone-csi_default, networkLocation: /default-rack, certSerialId: null}, Type:RATIS, Factor:ONE, State:ALLOCATED, leaderId:16c3ed66-09bd-4f19-9538-469a46f7380e, CreationTimestamp2020-09-29T12:58:43.581240Z] moved to OPEN state
scm_1       | 2020-09-29 12:58:49,966 [EventQueue-PipelineReportForPipelineReportHandler] INFO pipeline.PipelineStateManager: Pipeline Pipeline[ Id: 4664cc81-dc96-4c9f-8141-f6418f433076, Nodes: 1806b9b1-a068-4783-a49b-56ddd2b54dfa{ip: 172.18.0.4, host: ozone-csi_datanode_2.ozone-csi_default, networkLocation: /default-rack, certSerialId: null}, Type:RATIS, Factor:ONE, State:ALLOCATED, leaderId:1806b9b1-a068-4783-a49b-56ddd2b54dfa, CreationTimestamp2020-09-29T12:58:43.574938Z] moved to OPEN state
datanode_3  | 2020-09-29 12:58:52,415 [grpc-default-executor-0] INFO impl.RaftServerImpl: 3b83e304-41f1-4635-bd1a-b52012e0a130@group-F4FADE71D588: set configuration 0: [3b83e304-41f1-4635-bd1a-b52012e0a130:172.18.0.2:9858:0, 1806b9b1-a068-4783-a49b-56ddd2b54dfa:172.18.0.4:9858:0, 16c3ed66-09bd-4f19-9538-469a46f7380e:172.18.0.7:9858:0], old=null at 0
scm_1       | 2020-09-29 12:58:51,994 [EventQueue-PipelineReportForPipelineReportHandler] INFO pipeline.PipelineStateManager: Pipeline Pipeline[ Id: 8f589364-61a7-46c7-8be4-f4fade71d588, Nodes: 1806b9b1-a068-4783-a49b-56ddd2b54dfa{ip: 172.18.0.4, host: ozone-csi_datanode_2.ozone-csi_default, networkLocation: /default-rack, certSerialId: null}16c3ed66-09bd-4f19-9538-469a46f7380e{ip: 172.18.0.7, host: ozone-csi_datanode_1.ozone-csi_default, networkLocation: /default-rack, certSerialId: null}3b83e304-41f1-4635-bd1a-b52012e0a130{ip: 172.18.0.2, host: ozone-csi_datanode_3.ozone-csi_default, networkLocation: /default-rack, certSerialId: null}, Type:RATIS, Factor:THREE, State:ALLOCATED, leaderId:16c3ed66-09bd-4f19-9538-469a46f7380e, CreationTimestamp2020-09-29T12:58:43.531045Z] moved to OPEN state
datanode_3  | 2020-09-29 12:58:52,445 [3b83e304-41f1-4635-bd1a-b52012e0a130@group-150A035481F3-LeaderElection1] INFO impl.LeaderElection: 3b83e304-41f1-4635-bd1a-b52012e0a130@group-150A035481F3-LeaderElection1: begin an election at term 1 for -1: [3b83e304-41f1-4635-bd1a-b52012e0a130:172.18.0.2:9858:0], old=null
datanode_3  | 2020-09-29 12:58:52,447 [3b83e304-41f1-4635-bd1a-b52012e0a130@group-150A035481F3-LeaderElection1] INFO impl.RoleInfo: 3b83e304-41f1-4635-bd1a-b52012e0a130: shutdown LeaderElection
datanode_3  | 2020-09-29 12:58:52,448 [3b83e304-41f1-4635-bd1a-b52012e0a130@group-150A035481F3-LeaderElection1] INFO impl.RaftServerImpl: 3b83e304-41f1-4635-bd1a-b52012e0a130@group-150A035481F3: changes role from CANDIDATE to LEADER at term 1 for changeToLeader
datanode_3  | 2020-09-29 12:58:52,448 [3b83e304-41f1-4635-bd1a-b52012e0a130@group-150A035481F3-LeaderElection1] INFO ratis.XceiverServerRatis: Leader change notification received for group: group-150A035481F3 with new leaderId: 3b83e304-41f1-4635-bd1a-b52012e0a130
datanode_3  | 2020-09-29 12:58:52,450 [3b83e304-41f1-4635-bd1a-b52012e0a130@group-150A035481F3-LeaderElection1] INFO impl.RaftServerImpl: 3b83e304-41f1-4635-bd1a-b52012e0a130@group-150A035481F3: change Leader from null to 3b83e304-41f1-4635-bd1a-b52012e0a130 at term 1 for becomeLeader, leader elected after 6345ms
datanode_3  | 2020-09-29 12:58:52,477 [3b83e304-41f1-4635-bd1a-b52012e0a130@group-150A035481F3-LeaderElection1] INFO server.RaftServerConfigKeys: raft.server.staging.catchup.gap = 1000 (default)
datanode_3  | 2020-09-29 12:58:52,485 [3b83e304-41f1-4635-bd1a-b52012e0a130@group-150A035481F3-LeaderElection1] INFO server.RaftServerConfigKeys: raft.server.rpc.sleep.time = 25ms (default)
datanode_3  | 2020-09-29 12:58:52,499 [3b83e304-41f1-4635-bd1a-b52012e0a130@group-150A035481F3-LeaderElection1] INFO metrics.RatisMetrics: Creating Metrics Registry : ratis.log_appender.3b83e304-41f1-4635-bd1a-b52012e0a130@group-150A035481F3
datanode_3  | 2020-09-29 12:58:52,485 [grpc-default-executor-0] INFO segmented.SegmentedRaftLogWorker: 3b83e304-41f1-4635-bd1a-b52012e0a130@group-F4FADE71D588-SegmentedRaftLogWorker: Starting segment from index:0
datanode_3  | 2020-09-29 12:58:52,535 [3b83e304-41f1-4635-bd1a-b52012e0a130@group-150A035481F3-LeaderElection1] INFO server.RaftServerConfigKeys: raft.server.write.element-limit = 1024 (custom)
datanode_3  | 2020-09-29 12:58:52,554 [3b83e304-41f1-4635-bd1a-b52012e0a130@group-150A035481F3-LeaderElection1] INFO server.RaftServerConfigKeys: raft.server.write.byte-limit = 1073741824 (custom)
datanode_3  | 2020-09-29 12:58:52,581 [3b83e304-41f1-4635-bd1a-b52012e0a130@group-150A035481F3-LeaderElection1] INFO server.RaftServerConfigKeys: raft.server.watch.timeout = 180s (custom)
datanode_3  | 2020-09-29 12:58:52,593 [3b83e304-41f1-4635-bd1a-b52012e0a130@group-150A035481F3-LeaderElection1] INFO server.RaftServerConfigKeys: raft.server.watch.timeout.denomination = 1s (default)
datanode_3  | 2020-09-29 12:58:52,594 [3b83e304-41f1-4635-bd1a-b52012e0a130@group-150A035481F3-LeaderElection1] INFO server.RaftServerConfigKeys: raft.server.watch.element-limit = 65536 (default)
datanode_3  | 2020-09-29 12:58:52,615 [3b83e304-41f1-4635-bd1a-b52012e0a130@group-150A035481F3-LeaderElection1] INFO impl.RoleInfo: 3b83e304-41f1-4635-bd1a-b52012e0a130: start LeaderState
datanode_3  | 2020-09-29 12:58:52,639 [3b83e304-41f1-4635-bd1a-b52012e0a130@group-150A035481F3-LeaderElection1] INFO segmented.SegmentedRaftLogWorker: 3b83e304-41f1-4635-bd1a-b52012e0a130@group-150A035481F3-SegmentedRaftLogWorker: Starting segment from index:0
datanode_3  | 2020-09-29 12:58:52,660 [3b83e304-41f1-4635-bd1a-b52012e0a130@group-150A035481F3-LeaderElection1] INFO impl.RaftServerImpl: 3b83e304-41f1-4635-bd1a-b52012e0a130@group-150A035481F3: set configuration 0: [3b83e304-41f1-4635-bd1a-b52012e0a130:172.18.0.2:9858:0], old=null at 0
datanode_3  | 2020-09-29 12:58:52,772 [3b83e304-41f1-4635-bd1a-b52012e0a130@group-150A035481F3-SegmentedRaftLogWorker] INFO segmented.SegmentedRaftLogWorker: 3b83e304-41f1-4635-bd1a-b52012e0a130@group-150A035481F3-SegmentedRaftLogWorker: created new log segment /data/metadata/ratis/a7bd7e41-dc1f-4e25-aae1-150a035481f3/current/log_inprogress_0
datanode_3  | 2020-09-29 12:58:52,785 [3b83e304-41f1-4635-bd1a-b52012e0a130@group-F4FADE71D588-SegmentedRaftLogWorker] INFO segmented.SegmentedRaftLogWorker: 3b83e304-41f1-4635-bd1a-b52012e0a130@group-F4FADE71D588-SegmentedRaftLogWorker: created new log segment /data/metadata/ratis/8f589364-61a7-46c7-8be4-f4fade71d588/current/log_inprogress_0
