recon_1      | 2020-09-29 13:56:19,866 [Listener at 0.0.0.0/9891] INFO recovery.ReconOmMetadataManagerImpl: Starting ReconOMMetadataManagerImpl
kdc_1        | Sep 29 13:55:37 kdc krb5kdc[8](info): AS_REQ (8 etypes {18 17 20 19 16 23 25 26}) 127.0.0.1: ISSUE: authtime 1601387737, etypes {rep=18 tkt=18 ses=18}, admin/admin@EXAMPLE.COM for kadmin/admin@EXAMPLE.COM
om2_1        | STARTUP_MSG:   build = https://github.com/apache/hadoop-ozone.git/3ad1034d5266d2a7a69b30ee36dcc2065597b38f ; compiled by 'runner' on 2020-09-29T12:48Z
om3_1        | 2020-09-29 13:56:46,209 [main] INFO ha.OMHANodeDetails: ServiceID for OzoneManager is id1
datanode1_1  | 2020-09-29 13:56:51,210 [pool-20-thread-1] INFO segmented.SegmentedRaftLogWorker: 4ccfe33e-2c00-44ab-af61-235f11ffba06@group-A11577080FE2-SegmentedRaftLogWorker: flushIndex: setUnconditionally 0 -> -1
om1_1        | 2020-09-29 13:57:00,573 [pool-18-thread-1] INFO segmented.SegmentedRaftLogWorker: om1@group-562213E44849-SegmentedRaftLogWorker: safeCacheEvictIndex: setUnconditionally 0 -> -1
scm_1        | 2020-09-29 13:56:12,638 [main] INFO server.StorageContainerManager: SCM login successful.
datanode3_1  | 2020-09-29 13:56:53,930 [pool-20-thread-1] INFO server.RaftServerConfigKeys: raft.server.log.queue.byte-limit = 2147483647 (custom)
recon_1      | 2020-09-29 13:56:19,867 [Listener at 0.0.0.0/9891] WARN recon.ReconUtils: ozone.recon.om.db.dir is not configured. We recommend adding this setting. Falling back to ozone.metadata.dirs instead.
kdc_1        | Sep 29 13:55:38 kdc krb5kdc[8](info): AS_REQ (8 etypes {18 17 20 19 16 23 25 26}) 127.0.0.1: SERVER_NOT_FOUND: admin/admin@EXAMPLE.COM for kadmin/localhost@EXAMPLE.COM, Server not found in Kerberos database
om2_1        | STARTUP_MSG:   java = 11.0.7
om3_1        | 2020-09-29 13:56:46,607 [main] INFO ha.OMHANodeDetails: Found matching OM address with OMServiceId: id1, OMNodeId: om3, RPC Address: om3:9862 and Ratis port: 9872
datanode1_1  | 2020-09-29 13:56:51,217 [pool-20-thread-1] INFO segmented.SegmentedRaftLogWorker: 4ccfe33e-2c00-44ab-af61-235f11ffba06@group-A11577080FE2-SegmentedRaftLogWorker: safeCacheEvictIndex: setUnconditionally 0 -> -1
om1_1        | 2020-09-29 13:57:00,591 [pool-18-thread-1] INFO server.RaftServerConfigKeys: raft.server.snapshot.auto.trigger.enabled = true (custom)
scm_1        | 2020-09-29 13:56:13,525 [main] WARN db.DBStoreBuilder: ozone.scm.db.dirs is not configured. We recommend adding this setting. Falling back to ozone.metadata.dirs instead.
datanode3_1  | 2020-09-29 13:56:53,935 [pool-20-thread-1] INFO server.RaftServerConfigKeys: raft.server.log.queue.element-limit = 1024 (custom)
recon_1      | 2020-09-29 13:56:19,867 [Listener at 0.0.0.0/9891] INFO tasks.ReconTaskControllerImpl: Starting Recon Task Controller.
kdc_1        | Sep 29 13:55:37 kdc kadmind[13](Notice): Request: kadm5_init, admin/admin@EXAMPLE.COM, success, client=admin/admin@EXAMPLE.COM, service=kadmin/admin@EXAMPLE.COM, addr=127.0.0.1, vers=4, flavor=6
om2_1        | ************************************************************/
om3_1        | 2020-09-29 13:56:46,613 [main] INFO ha.OMHANodeDetails: Setting configuration key ozone.om.http-address with value of key ozone.om.http-address.om3: om3
datanode1_1  | 2020-09-29 13:56:51,239 [pool-20-thread-1] INFO server.RaftServerConfigKeys: raft.server.snapshot.auto.trigger.enabled = true (custom)
om1_1        | 2020-09-29 13:57:00,618 [pool-18-thread-1] INFO server.RaftServerConfigKeys: raft.server.snapshot.auto.trigger.threshold = 400000 (default)
scm_1        | 2020-09-29 13:56:16,747 [main] INFO ozone.OzoneSecurityUtil: Adding ip:172.25.0.116,host:scm
datanode3_1  | 2020-09-29 13:56:53,938 [pool-20-thread-1] INFO server.RaftServerConfigKeys: raft.server.log.segment.size.max = 1048576 (custom)
recon_1      | 2020-09-29 13:56:19,868 [Listener at 0.0.0.0/9891] INFO scm.ReconStorageContainerManagerFacade: Recon ScmDatanodeProtocol RPC server is listening at /0.0.0.0:9891
kdc_1        | Sep 29 13:55:37 kdc kadmind[13](Notice): Request: kadm5_randkey_principal, testuser/s3g@EXAMPLE.COM, success, client=admin/admin@EXAMPLE.COM, service=kadmin/admin@EXAMPLE.COM, addr=127.0.0.1
om2_1        | 2020-09-29 13:56:42,186 [main] INFO om.OzoneManagerStarter: registered UNIX signal handlers for [TERM, HUP, INT]
om3_1        | 2020-09-29 13:56:46,614 [main] INFO ha.OMHANodeDetails: Setting configuration key ozone.om.address with value of key ozone.om.address.om3: om3
datanode1_1  | 2020-09-29 13:56:51,258 [pool-20-thread-1] INFO server.RaftServerConfigKeys: raft.server.snapshot.auto.trigger.threshold = 10000 (custom)
om1_1        | 2020-09-29 13:57:00,619 [pool-18-thread-1] INFO server.RaftServerConfigKeys: raft.server.snapshot.retention.file.num = -1 (default)
scm_1        | 2020-09-29 13:56:16,747 [main] INFO ozone.OzoneSecurityUtil: ip:127.0.0.1 not returned.
datanode3_1  | 2020-09-29 13:56:53,958 [pool-20-thread-1] INFO server.RaftServerConfigKeys: raft.server.log.preallocated.size = 16384 (custom)
recon_1      | 2020-09-29 13:56:26,236 [Listener at 0.0.0.0/9891] INFO scm.ReconStorageContainerManagerFacade: Obtained 0 pipelines from SCM.
kdc_1        | Sep 29 13:55:37 kdc kadmind[13](Notice): Request: kadm5_get_principal, testuser/s3g@EXAMPLE.COM, success, client=admin/admin@EXAMPLE.COM, service=kadmin/admin@EXAMPLE.COM, addr=127.0.0.1
om2_1        | 2020-09-29 13:56:47,666 [main] INFO ha.OMHANodeDetails: ServiceID for OzoneManager is id1
om2_1        | 2020-09-29 13:56:48,028 [main] INFO ha.OMHANodeDetails: Found matching OM address with OMServiceId: id1, OMNodeId: om2, RPC Address: om2:9862 and Ratis port: 9872
om2_1        | 2020-09-29 13:56:48,028 [main] INFO ha.OMHANodeDetails: Setting configuration key ozone.om.http-address with value of key ozone.om.http-address.om2: om2
datanode1_1  | 2020-09-29 13:56:51,265 [pool-20-thread-1] INFO server.RaftServerConfigKeys: raft.server.snapshot.retention.file.num = 5 (custom)
recon_1      | 2020-09-29 13:56:26,236 [Listener at 0.0.0.0/9891] INFO scm.ReconPipelineManager: Recon has 0 pipelines in house.
scm_1        | 2020-09-29 13:56:16,935 [main] INFO ipc.CallQueueManager: Using callQueue: class java.util.concurrent.LinkedBlockingQueue, queueCapacity: 200, scheduler: class org.apache.hadoop.ipc.DefaultRpcScheduler, ipcBackoff: false.
om2_1        | 2020-09-29 13:56:48,029 [main] INFO ha.OMHANodeDetails: Setting configuration key ozone.om.address with value of key ozone.om.address.om2: om2
kdc_1        | Sep 29 13:55:37 kdc kadmind[13](info): closing down fd 18
datanode3_1  | 2020-09-29 13:56:53,980 [pool-20-thread-1] INFO server.RaftServerConfigKeys: raft.server.log.write.buffer.size = 1048576 (custom)
om3_1        | 2020-09-29 13:56:46,683 [main] WARN server.ServerUtils: ozone.om.db.dirs is not configured. We recommend adding this setting. Falling back to ozone.metadata.dirs instead.
om1_1        | 2020-09-29 13:57:00,622 [pool-18-thread-1] INFO server.RaftServerConfigKeys: raft.server.log.purge.upto.snapshot.index = true (custom)
datanode1_1  | 2020-09-29 13:56:51,266 [pool-20-thread-1] INFO server.RaftServerConfigKeys: raft.server.log.purge.upto.snapshot.index = false (default)
recon_1      | 2020-09-29 13:56:26,236 [Listener at 0.0.0.0/9891] INFO server.SCMDatanodeProtocolServer: RPC server for DataNodes is listening at /0.0.0.0:9891
scm_1        | 2020-09-29 13:56:17,001 [Socket Reader #1 for port 9961] INFO ipc.Server: Starting Socket Reader #1 for port 9961
om2_1        | 2020-09-29 13:56:48,078 [main] WARN server.ServerUtils: ozone.om.db.dirs is not configured. We recommend adding this setting. Falling back to ozone.metadata.dirs instead.
kdc_1        | Sep 29 13:55:37 kdc kadmind[13](Notice): Request: kadm5_init, admin/admin@EXAMPLE.COM, success, client=admin/admin@EXAMPLE.COM, service=kadmin/admin@EXAMPLE.COM, addr=127.0.0.1, vers=4, flavor=6
datanode3_1  | 2020-09-29 13:56:54,000 [pool-20-thread-1] INFO server.RaftServerConfigKeys: raft.server.log.force.sync.num = 128 (default)
om3_1        | WARNING: An illegal reflective access operation has occurred
om1_1        | 2020-09-29 13:57:00,623 [pool-18-thread-1] INFO server.RaftServerConfigKeys: raft.server.retrycache.expirytime = 600000ms (custom)
datanode1_1  | 2020-09-29 13:56:51,267 [pool-20-thread-1] INFO server.RaftServerConfigKeys: raft.server.retrycache.expirytime = 600000ms (custom)
recon_1      | 2020-09-29 13:56:26,259 [IPC Server Responder] INFO ipc.Server: IPC Server Responder: starting
scm_1        | 2020-09-29 13:56:17,224 [Listener at 0.0.0.0/9961] INFO net.NodeSchemaLoader: Loading file from java.lang.CompoundEnumeration@4288d98e
om2_1        | WARNING: An illegal reflective access operation has occurred
om2_1        | WARNING: Illegal reflective access by org.apache.hadoop.security.authentication.util.KerberosUtil (file:/opt/hadoop/share/ozone/lib/hadoop-auth-3.2.1.jar) to method sun.security.krb5.Config.getInstance()
datanode3_1  | 2020-09-29 13:56:54,001 [pool-20-thread-1] INFO server.RaftServerConfigKeys: raft.server.log.statemachine.data.sync = true (default)
kdc_1        | Sep 29 13:55:37 kdc kadmind[13](Notice): Request: kadm5_get_policy, default, Policy does not exist, client=admin/admin@EXAMPLE.COM, service=kadmin/admin@EXAMPLE.COM, addr=127.0.0.1
om1_1        | 2020-09-29 13:57:00,666 [main] INFO ipc.CallQueueManager: Using callQueue: class java.util.concurrent.LinkedBlockingQueue, queueCapacity: 10000, scheduler: class org.apache.hadoop.ipc.DefaultRpcScheduler, ipcBackoff: false.
datanode1_1  | 2020-09-29 13:56:51,399 [pool-20-thread-1] INFO metrics.RatisMetrics: Creating Metrics Registry : ratis.leader_election.4ccfe33e-2c00-44ab-af61-235f11ffba06@group-A11577080FE2
scm_1        | 2020-09-29 13:56:17,225 [Listener at 0.0.0.0/9961] INFO net.NodeSchemaLoader: Loading network topology layer schema file
om2_1        | WARNING: Please consider reporting this to the maintainers of org.apache.hadoop.security.authentication.util.KerberosUtil
om2_1        | WARNING: Use --illegal-access=warn to enable warnings of further illegal reflective access operations
datanode3_1  | 2020-09-29 13:56:54,013 [pool-20-thread-1] INFO server.RaftServerConfigKeys: raft.server.log.statemachine.data.sync.timeout = 10s (default)
kdc_1        | Sep 29 13:55:37 kdc kadmind[13](Notice): Request: kadm5_create_principal, HTTP/b9b7cbbbf0b4@EXAMPLE.COM, success, client=admin/admin@EXAMPLE.COM, service=kadmin/admin@EXAMPLE.COM, addr=127.0.0.1
recon_1      | 2020-09-29 13:56:26,337 [IPC Server listener on 9891] INFO ipc.Server: IPC Server listener on 9891: starting
om1_1        | 2020-09-29 13:57:00,722 [Socket Reader #1 for port 9862] INFO ipc.Server: Starting Socket Reader #1 for port 9862
datanode1_1  | 2020-09-29 13:56:51,434 [pool-20-thread-1] INFO metrics.RatisMetrics: Creating Metrics Registry : ratis.server.4ccfe33e-2c00-44ab-af61-235f11ffba06@group-A11577080FE2
om2_1        | WARNING: All illegal access operations will be denied in a future release
om3_1        | WARNING: Illegal reflective access by org.apache.hadoop.security.authentication.util.KerberosUtil (file:/opt/hadoop/share/ozone/lib/hadoop-auth-3.2.1.jar) to method sun.security.krb5.Config.getInstance()
scm_1        | 2020-09-29 13:56:17,594 [Listener at 0.0.0.0/9961] INFO node.SCMNodeManager: Entering startup safe mode.
datanode3_1  | 2020-09-29 13:56:54,017 [pool-20-thread-1] INFO server.RaftServerConfigKeys: raft.server.log.statemachine.data.sync.timeout.retry = -1 (default)
kdc_1        | Sep 29 13:55:37 kdc kadmind[13](info): closing down fd 18
recon_1      | 2020-09-29 13:56:27,120 [Listener at 0.0.0.0/9891] INFO scm.ReconScmTask: Registered ContainerHealthTask task 
om1_1        | 2020-09-29 13:57:00,795 [pool-18-thread-1] INFO metrics.RatisMetrics: Creating Metrics Registry : ratis.leader_election.om1@group-562213E44849
datanode1_1  | 2020-09-29 13:56:51,468 [pool-20-thread-1] INFO impl.RaftServerImpl: 4ccfe33e-2c00-44ab-af61-235f11ffba06@group-A11577080FE2: start as a follower, conf=-1: [192de36c-b3c5-435f-a1f1-3ab43fc3dc10:172.25.0.104:9858:0, 87d3600c-51f6-4b68-93c5-fe3199b3434e:172.25.0.103:9858:0, 4ccfe33e-2c00-44ab-af61-235f11ffba06:172.25.0.102:9858:0], old=null
om2_1        | 2020-09-29 13:56:49,188 [main] INFO security.UserGroupInformation: Login successful for user om/om2@EXAMPLE.COM using keytab file /etc/security/keytabs/om.keytab
om3_1        | WARNING: Please consider reporting this to the maintainers of org.apache.hadoop.security.authentication.util.KerberosUtil
scm_1        | 2020-09-29 13:56:17,855 [Listener at 0.0.0.0/9961] INFO algorithms.ContainerPlacementPolicyFactory: Create container placement policy of type org.apache.hadoop.hdds.scm.container.placement.algorithms.SCMContainerPlacementRandom
datanode3_1  | 2020-09-29 13:56:54,096 [pool-20-thread-1] INFO server.RaftServerConfigKeys: raft.server.log.statemachine.data.caching.enabled = true (custom)
kdc_1        | Sep 29 13:55:37 kdc kadmind[13](Notice): Request: kadm5_init, admin/admin@EXAMPLE.COM, success, client=admin/admin@EXAMPLE.COM, service=kadmin/admin@EXAMPLE.COM, addr=127.0.0.1, vers=4, flavor=6
recon_1      | 2020-09-29 13:56:27,121 [Listener at 0.0.0.0/9891] INFO scm.ReconScmTask: Starting ContainerHealthTask Thread.
om1_1        | 2020-09-29 13:57:00,841 [pool-18-thread-1] INFO metrics.RatisMetrics: Creating Metrics Registry : ratis.server.om1@group-562213E44849
datanode1_1  | 2020-09-29 13:56:51,486 [pool-20-thread-1] INFO impl.RaftServerImpl: 4ccfe33e-2c00-44ab-af61-235f11ffba06@group-A11577080FE2: changes role from      null to FOLLOWER at term 0 for startAsFollower
om2_1        | 2020-09-29 13:56:49,188 [main] INFO om.OzoneManager: Ozone Manager login successful.
om3_1        | WARNING: Use --illegal-access=warn to enable warnings of further illegal reflective access operations
scm_1        | 2020-09-29 13:56:17,920 [Listener at 0.0.0.0/9961] INFO pipeline.SCMPipelineManager: No pipeline exists in current db
datanode3_1  | 2020-09-29 13:56:54,145 [pool-20-thread-1] INFO segmented.SegmentedRaftLogWorker: 192de36c-b3c5-435f-a1f1-3ab43fc3dc10@group-A11577080FE2-SegmentedRaftLogWorker: flushIndex: setUnconditionally 0 -> -1
kdc_1        | Sep 29 13:55:37 kdc kadmind[13](Notice): Request: kadm5_randkey_principal, HTTP/b9b7cbbbf0b4@EXAMPLE.COM, success, client=admin/admin@EXAMPLE.COM, service=kadmin/admin@EXAMPLE.COM, addr=127.0.0.1
recon_1      | 2020-09-29 13:56:27,312 [Listener at 0.0.0.0/9891] INFO scm.ReconScmTask: Registered PipelineSyncTask task 
om1_1        | 2020-09-29 13:57:01,807 [Listener at om1/9862] INFO impl.MetricsConfig: Loaded properties from hadoop-metrics2.properties
datanode1_1  | 2020-09-29 13:56:51,497 [pool-20-thread-1] INFO impl.RoleInfo: 4ccfe33e-2c00-44ab-af61-235f11ffba06: start FollowerState
om2_1        | 2020-09-29 13:56:49,193 [main] WARN server.ServerUtils: ozone.om.db.dirs is not configured. We recommend adding this setting. Falling back to ozone.metadata.dirs instead.
om3_1        | WARNING: All illegal access operations will be denied in a future release
scm_1        | 2020-09-29 13:56:17,987 [Listener at 0.0.0.0/9961] INFO algorithms.PipelineChoosePolicyFactory: Create pipeline choose policy of type org.apache.hadoop.hdds.scm.pipeline.choose.algorithms.RandomPipelineChoosePolicy
datanode3_1  | 2020-09-29 13:56:54,149 [pool-20-thread-1] INFO segmented.SegmentedRaftLogWorker: 192de36c-b3c5-435f-a1f1-3ab43fc3dc10@group-A11577080FE2-SegmentedRaftLogWorker: safeCacheEvictIndex: setUnconditionally 0 -> -1
kdc_1        | Sep 29 13:55:37 kdc kadmind[13](Notice): Request: kadm5_get_principal, HTTP/b9b7cbbbf0b4@EXAMPLE.COM, success, client=admin/admin@EXAMPLE.COM, service=kadmin/admin@EXAMPLE.COM, addr=127.0.0.1
recon_1      | 2020-09-29 13:56:27,314 [Listener at 0.0.0.0/9891] INFO scm.ReconScmTask: Starting PipelineSyncTask Thread.
om1_1        | 2020-09-29 13:57:02,065 [Listener at om1/9862] INFO impl.MetricsSystemImpl: Scheduled Metric snapshot period at 10 second(s).
datanode1_1  | 2020-09-29 13:56:51,533 [pool-20-thread-1] INFO util.JmxRegister: Successfully registered JMX Bean with object name Ratis:service=RaftServer,group=group-A11577080FE2,id=4ccfe33e-2c00-44ab-af61-235f11ffba06
om2_1        | 2020-09-29 13:56:55,462 [main] INFO client.OMCertificateClient: Loading certificate from location:/data/metadata/om/certs.
om3_1        | 2020-09-29 13:56:48,185 [main] INFO security.UserGroupInformation: Login successful for user om/om3@EXAMPLE.COM using keytab file /etc/security/keytabs/om.keytab
scm_1        | 2020-09-29 13:56:18,108 [Listener at 0.0.0.0/9961] INFO safemode.HealthyPipelineSafeModeRule: Total pipeline count is 0, healthy pipeline threshold count is 1
datanode3_1  | 2020-09-29 13:56:54,184 [pool-20-thread-1] INFO server.RaftServerConfigKeys: raft.server.snapshot.auto.trigger.enabled = true (custom)
kdc_1        | Sep 29 13:55:37 kdc kadmind[13](info): closing down fd 18
recon_1      | 2020-09-29 13:56:27,449 [PipelineSyncTask] INFO scm.ReconPipelineManager: Recon has 0 pipelines in house.
om1_1        | 2020-09-29 13:57:02,066 [Listener at om1/9862] INFO impl.MetricsSystemImpl: OzoneManager metrics system started
datanode1_1  | 2020-09-29 13:56:51,535 [pool-20-thread-1] INFO metrics.RatisMetrics: Creating Metrics Registry : ratis.state_machine.4ccfe33e-2c00-44ab-af61-235f11ffba06@group-A11577080FE2
om2_1        | 2020-09-29 13:56:55,933 [main] INFO client.OMCertificateClient: Added certificate from file:/data/metadata/om/certs/4317575322958.crt.
om3_1        | 2020-09-29 13:56:48,189 [main] INFO om.OzoneManager: Ozone Manager login successful.
scm_1        | 2020-09-29 13:56:18,122 [Listener at 0.0.0.0/9961] INFO safemode.OneReplicaPipelineSafeModeRule: Total pipeline count is 0, pipeline's with at least one datanode reported threshold count is 0
datanode3_1  | 2020-09-29 13:56:54,198 [pool-20-thread-1] INFO server.RaftServerConfigKeys: raft.server.snapshot.auto.trigger.threshold = 10000 (custom)
kdc_1        | Principal "dn/a0f820541df5@EXAMPLE.COM" created.
recon_1      | 2020-09-29 13:56:27,454 [PipelineSyncTask] INFO scm.PipelineSyncTask: Pipeline sync Thread took 54 milliseconds.
om1_1        | 2020-09-29 13:57:02,467 [Listener at om1/9862] INFO om.OzoneManager: OzoneManager RPC server is listening at om1/172.25.0.111:9862
datanode1_1  | 2020-09-29 13:56:53,294 [grpc-default-executor-0] INFO impl.RaftServerImpl: 4ccfe33e-2c00-44ab-af61-235f11ffba06@group-A11577080FE2: changes role from  FOLLOWER to FOLLOWER at term 1 for recognizeCandidate:87d3600c-51f6-4b68-93c5-fe3199b3434e
om2_1        | 2020-09-29 13:56:55,955 [main] INFO client.OMCertificateClient: Added certificate from file:/data/metadata/om/certs/CA-1.crt.
om3_1        | 2020-09-29 13:56:48,191 [main] WARN server.ServerUtils: ozone.om.db.dirs is not configured. We recommend adding this setting. Falling back to ozone.metadata.dirs instead.
scm_1        | 2020-09-29 13:56:19,178 [Listener at 0.0.0.0/9961] INFO ipc.CallQueueManager: Using callQueue: class java.util.concurrent.LinkedBlockingQueue, queueCapacity: 10000, scheduler: class org.apache.hadoop.ipc.DefaultRpcScheduler, ipcBackoff: false.
datanode3_1  | 2020-09-29 13:56:54,204 [pool-20-thread-1] INFO server.RaftServerConfigKeys: raft.server.snapshot.retention.file.num = 5 (custom)
kdc_1        | Authenticating as principal admin/admin with keytab /tmp/admin.keytab.
recon_1      | 2020-09-29 13:56:27,787 [ContainerHealthTask] INFO fsck.ContainerHealthTask: Container Health task thread took 654 milliseconds to process 0 existing database records.
om1_1        | 2020-09-29 13:57:02,485 [Listener at om1/9862] INFO ratis.OzoneManagerRatisServer: Starting OzoneManagerRatisServer om1 at port 9872
om1_1        | 2020-09-29 13:57:02,494 [Listener at om1/9862] INFO impl.RaftServerImpl: om1@group-562213E44849: start as a follower, conf=-1: [om1:om1:9872:0, om3:om3:9872:0, om2:om2:9872:0], old=null
om2_1        | 2020-09-29 13:56:56,130 [main] WARN server.ServerUtils: ozone.om.db.dirs is not configured. We recommend adding this setting. Falling back to ozone.metadata.dirs instead.
om3_1        | 2020-09-29 13:56:53,150 [main] INFO client.OMCertificateClient: Loading certificate from location:/data/metadata/om/certs.
scm_1        | 2020-09-29 13:56:19,183 [Socket Reader #1 for port 9861] INFO ipc.Server: Starting Socket Reader #1 for port 9861
datanode3_1  | 2020-09-29 13:56:54,207 [pool-20-thread-1] INFO server.RaftServerConfigKeys: raft.server.log.purge.upto.snapshot.index = false (default)
kdc_1        | WARNING: no policy specified for dn/a0f820541df5@EXAMPLE.COM; defaulting to no policy
recon_1      | 2020-09-29 13:56:27,928 [ContainerHealthTask] INFO fsck.ContainerHealthTask: Container Health task thread took 140 milliseconds for processing 0 containers.
om1_1        | 2020-09-29 13:57:02,496 [Listener at om1/9862] INFO impl.RaftServerImpl: om1@group-562213E44849: changes role from      null to FOLLOWER at term 0 for startAsFollower
datanode1_1  | 2020-09-29 13:56:53,299 [grpc-default-executor-0] INFO impl.RoleInfo: 4ccfe33e-2c00-44ab-af61-235f11ffba06: shutdown FollowerState
om2_1        | 2020-09-29 13:56:56,752 [main] INFO codec.OmKeyInfoCodec: OmKeyInfoCodec ignorePipeline = true
om3_1        | 2020-09-29 13:56:53,774 [main] INFO client.OMCertificateClient: Added certificate from file:/data/metadata/om/certs/4316682598082.crt.
scm_1        | 2020-09-29 13:56:19,298 [Listener at 0.0.0.0/9861] INFO ipc.CallQueueManager: Using callQueue: class java.util.concurrent.LinkedBlockingQueue, queueCapacity: 10000, scheduler: class org.apache.hadoop.ipc.DefaultRpcScheduler, ipcBackoff: false.
datanode3_1  | 2020-09-29 13:56:54,225 [pool-20-thread-1] INFO server.RaftServerConfigKeys: raft.server.retrycache.expirytime = 600000ms (custom)
kdc_1        | Entry for principal dn/a0f820541df5@EXAMPLE.COM with kvno 2, encryption type aes256-cts-hmac-sha1-96 added to keytab WRFILE:/data/dn.a0f820541df5.keytab.
recon_1      | 2020-09-29 13:56:39,644 [Socket Reader #1 for port 9891] INFO ipc.Server: Auth successful for dn/2f5f782a50b4@EXAMPLE.COM (auth:KERBEROS)
om1_1        | 2020-09-29 13:57:02,498 [Listener at om1/9862] INFO impl.RoleInfo: om1: start FollowerState
datanode1_1  | 2020-09-29 13:56:53,300 [Thread-26] INFO impl.FollowerState: 4ccfe33e-2c00-44ab-af61-235f11ffba06@group-A11577080FE2-FollowerState was interrupted: java.lang.InterruptedException: sleep interrupted
om2_1        | 2020-09-29 13:56:56,772 [main] INFO codec.RepeatedOmKeyInfoCodec: RepeatedOmKeyInfoCodec ignorePipeline = true
om3_1        | 2020-09-29 13:56:53,819 [main] INFO client.OMCertificateClient: Added certificate from file:/data/metadata/om/certs/CA-1.crt.
scm_1        | 2020-09-29 13:56:19,316 [Socket Reader #1 for port 9863] INFO ipc.Server: Starting Socket Reader #1 for port 9863
datanode3_1  | 2020-09-29 13:56:54,461 [pool-20-thread-1] INFO metrics.RatisMetrics: Creating Metrics Registry : ratis.leader_election.192de36c-b3c5-435f-a1f1-3ab43fc3dc10@group-A11577080FE2
kdc_1        | Entry for principal dn/a0f820541df5@EXAMPLE.COM with kvno 2, encryption type aes128-cts-hmac-sha1-96 added to keytab WRFILE:/data/dn.a0f820541df5.keytab.
recon_1      | 2020-09-29 13:56:39,658 [Socket Reader #1 for port 9891] INFO ipc.Server: Auth successful for dn/a0f820541df5@EXAMPLE.COM (auth:KERBEROS)
om1_1        | 2020-09-29 13:57:02,606 [Listener at om1/9862] INFO util.JmxRegister: Successfully registered JMX Bean with object name Ratis:service=RaftServer,group=group-562213E44849,id=om1
datanode1_1  | 2020-09-29 13:56:53,300 [grpc-default-executor-0] INFO impl.RoleInfo: 4ccfe33e-2c00-44ab-af61-235f11ffba06: start FollowerState
om2_1        | 2020-09-29 13:56:57,457 [main] INFO Configuration.deprecation: No unit for ozone.manager.delegation.remover.scan.interval(3600000) assuming MILLISECONDS
om3_1        | 2020-09-29 13:56:54,027 [main] WARN server.ServerUtils: ozone.om.db.dirs is not configured. We recommend adding this setting. Falling back to ozone.metadata.dirs instead.
scm_1        | 2020-09-29 13:56:19,456 [Listener at 0.0.0.0/9863] INFO ipc.CallQueueManager: Using callQueue: class java.util.concurrent.LinkedBlockingQueue, queueCapacity: 10000, scheduler: class org.apache.hadoop.ipc.DefaultRpcScheduler, ipcBackoff: false.
datanode3_1  | 2020-09-29 13:56:54,494 [pool-20-thread-1] INFO metrics.RatisMetrics: Creating Metrics Registry : ratis.server.192de36c-b3c5-435f-a1f1-3ab43fc3dc10@group-A11577080FE2
kdc_1        | Generiting keytab
recon_1      | 2020-09-29 13:56:39,662 [Socket Reader #1 for port 9891] INFO ipc.Server: Auth successful for dn/b9b7cbbbf0b4@EXAMPLE.COM (auth:KERBEROS)
om1_1        | 2020-09-29 13:57:02,637 [Listener at om1/9862] INFO metrics.RatisMetrics: Creating Metrics Registry : ratis.state_machine.om1@group-562213E44849
datanode1_1  | 2020-09-29 13:56:53,302 [grpc-default-executor-0] INFO impl.RaftServerImpl:  FOLLOWER 4ccfe33e-2c00-44ab-af61-235f11ffba06@group-A11577080FE2:t1, leader=null, voted=null, raftlog=4ccfe33e-2c00-44ab-af61-235f11ffba06@group-A11577080FE2-SegmentedRaftLog:OPENED:c-1,f-1,i0, conf=-1: [192de36c-b3c5-435f-a1f1-3ab43fc3dc10:172.25.0.104:9858:0, 87d3600c-51f6-4b68-93c5-fe3199b3434e:172.25.0.103:9858:0, 4ccfe33e-2c00-44ab-af61-235f11ffba06:172.25.0.102:9858:0], old=null RUNNING priority:0 candidate:87d3600c-51f6-4b68-93c5-fe3199b3434e:172.25.0.103:9858:0 candidatePriority:0 compare:0
om2_1        | 2020-09-29 13:56:57,466 [main] INFO security.OzoneSecretStore: Loaded 0 tokens
om3_1        | 2020-09-29 13:56:54,826 [main] INFO codec.OmKeyInfoCodec: OmKeyInfoCodec ignorePipeline = true
scm_1        | 2020-09-29 13:56:19,460 [Socket Reader #1 for port 9860] INFO ipc.Server: Starting Socket Reader #1 for port 9860
datanode3_1  | 2020-09-29 13:56:54,571 [pool-20-thread-1] INFO impl.RaftServerImpl: 192de36c-b3c5-435f-a1f1-3ab43fc3dc10@group-A11577080FE2: start as a follower, conf=-1: [192de36c-b3c5-435f-a1f1-3ab43fc3dc10:172.25.0.104:9858:0, 87d3600c-51f6-4b68-93c5-fe3199b3434e:172.25.0.103:9858:0, 4ccfe33e-2c00-44ab-af61-235f11ffba06:172.25.0.102:9858:0], old=null
kdc_1        | Authenticating as principal admin/admin with keytab /tmp/admin.keytab.
kdc_1        | WARNING: no policy specified for om/om1@EXAMPLE.COM; defaulting to no policy
om1_1        | 2020-09-29 13:57:02,661 [Listener at om1/9862] INFO impl.RaftServerProxy: om1: start RPC server
datanode1_1  | 2020-09-29 13:56:53,809 [grpc-default-executor-0] INFO ratis.XceiverServerRatis: Leader change notification received for group: group-A11577080FE2 with new leaderId: 87d3600c-51f6-4b68-93c5-fe3199b3434e
om2_1        | 2020-09-29 13:56:57,466 [main] INFO security.OzoneDelegationTokenSecretManager: Loading token state into token manager.
om3_1        | 2020-09-29 13:56:54,835 [main] INFO codec.RepeatedOmKeyInfoCodec: RepeatedOmKeyInfoCodec ignorePipeline = true
scm_1        | 2020-09-29 13:56:19,530 [Listener at 0.0.0.0/9860] INFO http.BaseHttpServer: Starting Web-server for scm at: http://0.0.0.0:9876
kdc_1        | Principal "om/om1@EXAMPLE.COM" created.
recon_1      | 2020-09-29 13:56:39,698 [Socket Reader #1 for port 9891] INFO authorize.ServiceAuthorizationManager: Authorization successful for dn/b9b7cbbbf0b4@EXAMPLE.COM (auth:KERBEROS) for protocol=interface org.apache.hadoop.ozone.protocol.ReconDatanodeProtocol
datanode3_1  | 2020-09-29 13:56:54,585 [grpc-default-executor-0] WARN server.GrpcServerProtocolService: 192de36c-b3c5-435f-a1f1-3ab43fc3dc10: Failed requestVote 87d3600c-51f6-4b68-93c5-fe3199b3434e->192de36c-b3c5-435f-a1f1-3ab43fc3dc10#0: org.apache.ratis.protocol.ServerNotReadyException: 192de36c-b3c5-435f-a1f1-3ab43fc3dc10@group-A11577080FE2 is not in [RUNNING]: current state is STARTING
om1_1        | 2020-09-29 13:57:03,174 [Listener at om1/9862] INFO server.GrpcService: om1: GrpcService started, listening on 0.0.0.0/0.0.0.0:9872
datanode1_1  | 2020-09-29 13:56:53,810 [grpc-default-executor-0] INFO impl.RaftServerImpl: 4ccfe33e-2c00-44ab-af61-235f11ffba06@group-A11577080FE2: change Leader from null to 87d3600c-51f6-4b68-93c5-fe3199b3434e at term 1 for appendEntries, leader elected after 3078ms
om2_1        | 2020-09-29 13:56:57,907 [main] INFO om.OzoneManager: Created Volume s3v With Owner root required for S3Gateway operations.
om3_1        | 2020-09-29 13:56:55,585 [main] INFO Configuration.deprecation: No unit for ozone.manager.delegation.remover.scan.interval(3600000) assuming MILLISECONDS
scm_1        | 2020-09-29 13:56:19,530 [Listener at 0.0.0.0/9860] INFO http.BaseHttpServer: Hadoop Security Enabled: true Ozone Security Enabled: true Ozone HTTP Security Enabled: true 
kdc_1        | Authenticating as principal admin/admin with keytab /tmp/admin.keytab.
recon_1      | 2020-09-29 13:56:39,797 [Socket Reader #1 for port 9891] INFO authorize.ServiceAuthorizationManager: Authorization successful for dn/a0f820541df5@EXAMPLE.COM (auth:KERBEROS) for protocol=interface org.apache.hadoop.ozone.protocol.ReconDatanodeProtocol
datanode3_1  | 2020-09-29 13:56:54,637 [pool-20-thread-1] INFO impl.RaftServerImpl: 192de36c-b3c5-435f-a1f1-3ab43fc3dc10@group-A11577080FE2: changes role from      null to FOLLOWER at term 0 for startAsFollower
om1_1        | 2020-09-29 13:57:03,174 [Listener at om1/9862] INFO om.OzoneManager: Reading keypair and certificate from file system.
datanode1_1  | 2020-09-29 13:56:53,895 [grpc-default-executor-0] INFO impl.RaftServerImpl: 4ccfe33e-2c00-44ab-af61-235f11ffba06@group-A11577080FE2: set configuration 0: [192de36c-b3c5-435f-a1f1-3ab43fc3dc10:172.25.0.104:9858:0, 87d3600c-51f6-4b68-93c5-fe3199b3434e:172.25.0.103:9858:0, 4ccfe33e-2c00-44ab-af61-235f11ffba06:172.25.0.102:9858:0], old=null at 0
om2_1        | 2020-09-29 13:56:57,948 [main] INFO metrics.MetricRegistries: Loaded MetricRegistries class org.apache.ratis.metrics.impl.MetricRegistriesImpl
om3_1        | 2020-09-29 13:56:55,598 [main] INFO security.OzoneSecretStore: Loaded 0 tokens
scm_1        | 2020-09-29 13:56:19,532 [Listener at 0.0.0.0/9860] INFO http.BaseHttpServer: HttpAuthType: hdds.scm.http.auth.type = kerberos
kdc_1        | Entry for principal om/om1@EXAMPLE.COM with kvno 2, encryption type aes256-cts-hmac-sha1-96 added to keytab WRFILE:/data/om.om1.keytab.
kdc_1        | Entry for principal om/om1@EXAMPLE.COM with kvno 2, encryption type aes128-cts-hmac-sha1-96 added to keytab WRFILE:/data/om.om1.keytab.
datanode3_1  | 2020-09-29 13:56:54,639 [pool-20-thread-1] INFO impl.RoleInfo: 192de36c-b3c5-435f-a1f1-3ab43fc3dc10: start FollowerState
om1_1        | 2020-09-29 13:57:03,249 [Listener at om1/9862] INFO om.OzoneManager: Starting OM block token secret manager
datanode1_1  | 2020-09-29 13:56:53,937 [grpc-default-executor-0] INFO segmented.SegmentedRaftLogWorker: 4ccfe33e-2c00-44ab-af61-235f11ffba06@group-A11577080FE2-SegmentedRaftLogWorker: Starting segment from index:0
datanode1_1  | 2020-09-29 13:56:54,283 [4ccfe33e-2c00-44ab-af61-235f11ffba06@group-A11577080FE2-SegmentedRaftLogWorker] INFO segmented.SegmentedRaftLogWorker: 4ccfe33e-2c00-44ab-af61-235f11ffba06@group-A11577080FE2-SegmentedRaftLogWorker: created new log segment /data/metadata/ratis/6a3575b7-1680-476a-bedd-a11577080fe2/current/log_inprogress_0
om3_1        | 2020-09-29 13:56:55,600 [main] INFO security.OzoneDelegationTokenSecretManager: Loading token state into token manager.
scm_1        | 2020-09-29 13:56:19,611 [Listener at 0.0.0.0/9860] INFO util.log: Logging initialized @26871ms to org.eclipse.jetty.util.log.Slf4jLog
kdc_1        | Generiting keytab
recon_1      | 2020-09-29 13:56:39,798 [Socket Reader #1 for port 9891] INFO authorize.ServiceAuthorizationManager: Authorization successful for dn/2f5f782a50b4@EXAMPLE.COM (auth:KERBEROS) for protocol=interface org.apache.hadoop.ozone.protocol.ReconDatanodeProtocol
datanode3_1  | 2020-09-29 13:56:54,711 [pool-20-thread-1] INFO util.JmxRegister: Successfully registered JMX Bean with object name Ratis:service=RaftServer,group=group-A11577080FE2,id=192de36c-b3c5-435f-a1f1-3ab43fc3dc10
datanode1_1  | 2020-09-29 13:57:16,001 [Command processor thread] INFO impl.RaftServerProxy: 4ccfe33e-2c00-44ab-af61-235f11ffba06: addNew group-E583F3C6D766:[4ccfe33e-2c00-44ab-af61-235f11ffba06:172.25.0.102:9858:0] returns group-E583F3C6D766:java.util.concurrent.CompletableFuture@68808235[Not completed]
om2_1        | 2020-09-29 13:56:58,130 [main] WARN server.ServerUtils: Storage directory for Ratis is not configured. It is a good idea to map this to an SSD disk. Falling back to ozone.metadata.dirs
om1_1        | 2020-09-29 13:57:03,249 [Listener at om1/9862] INFO security.OzoneBlockTokenSecretManager: Updating the current master key for generating tokens
om3_1        | 2020-09-29 13:56:55,958 [main] INFO om.OzoneManager: Created Volume s3v With Owner root required for S3Gateway operations.
scm_1        | 2020-09-29 13:56:19,861 [Listener at 0.0.0.0/9860] INFO http.HttpRequestLog: Http request log for http.requests.scm is not defined
kdc_1        | Authenticating as principal admin/admin with keytab /tmp/admin.keytab.
kdc_1        | WARNING: no policy specified for om/om3@EXAMPLE.COM; defaulting to no policy
kdc_1        | Principal "om/om3@EXAMPLE.COM" created.
kdc_1        | Authenticating as principal admin/admin with keytab /tmp/admin.keytab.
kdc_1        | Entry for principal om/om3@EXAMPLE.COM with kvno 2, encryption type aes256-cts-hmac-sha1-96 added to keytab WRFILE:/data/om.om3.keytab.
kdc_1        | Entry for principal om/om3@EXAMPLE.COM with kvno 2, encryption type aes128-cts-hmac-sha1-96 added to keytab WRFILE:/data/om.om3.keytab.
datanode3_1  | 2020-09-29 13:56:54,712 [pool-20-thread-1] INFO metrics.RatisMetrics: Creating Metrics Registry : ratis.state_machine.192de36c-b3c5-435f-a1f1-3ab43fc3dc10@group-A11577080FE2
datanode3_1  | 2020-09-29 13:56:56,405 [grpc-default-executor-0] INFO ratis.XceiverServerRatis: Leader change notification received for group: group-A11577080FE2 with new leaderId: 87d3600c-51f6-4b68-93c5-fe3199b3434e
datanode3_1  | 2020-09-29 13:56:56,406 [grpc-default-executor-0] INFO impl.RaftServerImpl: 192de36c-b3c5-435f-a1f1-3ab43fc3dc10@group-A11577080FE2: change Leader from null to 87d3600c-51f6-4b68-93c5-fe3199b3434e at term 1 for appendEntries, leader elected after 2830ms
datanode3_1  | 2020-09-29 13:56:56,410 [grpc-default-executor-0] INFO impl.RaftServerImpl: 192de36c-b3c5-435f-a1f1-3ab43fc3dc10@group-A11577080FE2: Failed appendEntries as previous log entry ((t:1, i:0)) is not found
datanode3_1  | 2020-09-29 13:56:56,448 [grpc-default-executor-0] INFO impl.RaftServerImpl: 192de36c-b3c5-435f-a1f1-3ab43fc3dc10@group-A11577080FE2: inconsistency entries. Reply:87d3600c-51f6-4b68-93c5-fe3199b3434e<-192de36c-b3c5-435f-a1f1-3ab43fc3dc10#2:FAIL,INCONSISTENCY,nextIndex:0,term:0,followerCommit:-1
datanode3_1  | 2020-09-29 13:56:56,504 [grpc-default-executor-0] INFO impl.RaftServerImpl: 192de36c-b3c5-435f-a1f1-3ab43fc3dc10@group-A11577080FE2: set configuration 0: [192de36c-b3c5-435f-a1f1-3ab43fc3dc10:172.25.0.104:9858:0, 87d3600c-51f6-4b68-93c5-fe3199b3434e:172.25.0.103:9858:0, 4ccfe33e-2c00-44ab-af61-235f11ffba06:172.25.0.102:9858:0], old=null at 0
datanode3_1  | 2020-09-29 13:56:56,535 [grpc-default-executor-0] INFO segmented.SegmentedRaftLogWorker: 192de36c-b3c5-435f-a1f1-3ab43fc3dc10@group-A11577080FE2-SegmentedRaftLogWorker: Starting segment from index:0
datanode3_1  | 2020-09-29 13:56:56,770 [192de36c-b3c5-435f-a1f1-3ab43fc3dc10@group-A11577080FE2-SegmentedRaftLogWorker] INFO segmented.SegmentedRaftLogWorker: 192de36c-b3c5-435f-a1f1-3ab43fc3dc10@group-A11577080FE2-SegmentedRaftLogWorker: created new log segment /data/metadata/ratis/6a3575b7-1680-476a-bedd-a11577080fe2/current/log_inprogress_0
datanode3_1  | 2020-09-29 13:57:16,204 [pool-20-thread-1] INFO impl.RaftServerImpl: 192de36c-b3c5-435f-a1f1-3ab43fc3dc10: new RaftServerImpl for group-A264259122DB:[192de36c-b3c5-435f-a1f1-3ab43fc3dc10:172.25.0.104:9858:0] with ContainerStateMachine:uninitialized
datanode3_1  | 2020-09-29 13:57:16,209 [pool-20-thread-1] INFO server.RaftServerConfigKeys: raft.server.rpc.timeout.min = 5s (custom)
datanode3_1  | 2020-09-29 13:57:16,209 [pool-20-thread-1] INFO server.RaftServerConfigKeys: raft.server.rpc.timeout.max = 5200ms (custom)
datanode3_1  | 2020-09-29 13:57:16,210 [pool-20-thread-1] INFO server.RaftServerConfigKeys: raft.server.rpcslowness.timeout = 300s (custom)
datanode3_1  | 2020-09-29 13:57:16,210 [pool-20-thread-1] INFO server.RaftServerConfigKeys: raft.server.sleep.deviation.threshold = 300 (default)
datanode3_1  | 2020-09-29 13:57:16,210 [pool-20-thread-1] INFO server.RaftServerConfigKeys: raft.server.log.appender.install.snapshot.enabled = false (custom)
datanode3_1  | 2020-09-29 13:57:16,210 [pool-20-thread-1] INFO impl.RaftServerImpl: 192de36c-b3c5-435f-a1f1-3ab43fc3dc10@group-A264259122DB: ConfigurationManager, init=-1: [192de36c-b3c5-435f-a1f1-3ab43fc3dc10:172.25.0.104:9858:0], old=null, confs=<EMPTY_MAP>
datanode3_1  | 2020-09-29 13:57:16,211 [pool-20-thread-1] INFO server.RaftServerConfigKeys: raft.server.storage.dir = [/data/metadata/ratis] (custom)
datanode3_1  | 2020-09-29 13:57:16,211 [pool-20-thread-1] INFO server.RaftServerConfigKeys: raft.server.log.corruption.policy = EXCEPTION (default)
datanode3_1  | 2020-09-29 13:57:16,211 [pool-20-thread-1] INFO storage.RaftStorageDirectory: The storage directory /data/metadata/ratis/3e7230ba-d8a5-4097-b0e3-a264259122db does not exist. Creating ...
datanode3_1  | 2020-09-29 13:57:16,213 [pool-20-thread-1] INFO storage.RaftStorageDirectory: Lock on /data/metadata/ratis/3e7230ba-d8a5-4097-b0e3-a264259122db/in_use.lock acquired by nodename 6@a0f820541df5
datanode3_1  | 2020-09-29 13:57:16,219 [Command processor thread] INFO impl.RaftServerProxy: 192de36c-b3c5-435f-a1f1-3ab43fc3dc10: addNew group-A264259122DB:[192de36c-b3c5-435f-a1f1-3ab43fc3dc10:172.25.0.104:9858:0] returns group-A264259122DB:java.util.concurrent.CompletableFuture@76a88d10[Not completed]
datanode3_1  | 2020-09-29 13:57:16,219 [pool-20-thread-1] INFO storage.RaftStorage: Storage directory /data/metadata/ratis/3e7230ba-d8a5-4097-b0e3-a264259122db has been successfully formatted.
datanode3_1  | 2020-09-29 13:57:16,226 [pool-20-thread-1] INFO ratis.ContainerStateMachine: group-A264259122DB: The snapshot info is null. Setting the last applied indexto:(t:0, i:~)
datanode3_1  | 2020-09-29 13:57:16,227 [pool-20-thread-1] INFO server.RaftServerConfigKeys: raft.server.notification.no-leader.timeout = 300s (custom)
datanode3_1  | 2020-09-29 13:57:16,228 [pool-20-thread-1] INFO server.RaftServerConfigKeys: raft.server.log.use.memory = false (default)
recon_1      | 2020-09-29 13:56:39,868 [pool-14-thread-1] INFO impl.OzoneManagerServiceProviderImpl: Syncing data from Ozone Manager.
om1_1        | 2020-09-29 13:57:03,251 [Listener at om1/9862] INFO om.OzoneManager: Starting OM delegation token secret manager
scm_1        | 2020-09-29 13:56:19,874 [Listener at 0.0.0.0/9860] INFO http.HttpServer2: Added global filter 'safety' (class=org.apache.hadoop.hdds.server.http.HttpServer2$QuotingInputFilter)
kdc_1        | Generiting keytab
om3_1        | 2020-09-29 13:56:56,020 [main] INFO metrics.MetricRegistries: Loaded MetricRegistries class org.apache.ratis.metrics.impl.MetricRegistriesImpl
datanode1_1  | 2020-09-29 13:57:16,007 [pool-20-thread-1] INFO impl.RaftServerImpl: 4ccfe33e-2c00-44ab-af61-235f11ffba06: new RaftServerImpl for group-E583F3C6D766:[4ccfe33e-2c00-44ab-af61-235f11ffba06:172.25.0.102:9858:0] with ContainerStateMachine:uninitialized
om2_1        | 2020-09-29 13:56:58,208 [main] INFO ratis.OzoneManagerRatisServer: Instantiating OM Ratis server with GroupID: id1 and Raft Peers: om2:9872, om1:9872, om3:9872
datanode3_1  | 2020-09-29 13:57:16,228 [pool-20-thread-1] INFO server.RaftServerConfigKeys: raft.server.log.purge.gap = 1000000 (custom)
recon_1      | 2020-09-29 13:56:39,885 [pool-14-thread-1] INFO impl.OzoneManagerServiceProviderImpl: Obtaining full snapshot from Ozone Manager
om1_1        | 2020-09-29 13:57:03,251 [Listener at om1/9862] INFO security.OzoneDelegationTokenSecretManager: Updating the current master key for generating tokens
scm_1        | 2020-09-29 13:56:19,880 [Listener at 0.0.0.0/9860] INFO http.HttpServer2: Added filter authentication (class=org.apache.hadoop.security.authentication.server.AuthenticationFilter) to context scm
kdc_1        | Authenticating as principal admin/admin with keytab /tmp/admin.keytab.
om3_1        | 2020-09-29 13:56:56,179 [main] WARN server.ServerUtils: Storage directory for Ratis is not configured. It is a good idea to map this to an SSD disk. Falling back to ozone.metadata.dirs
datanode1_1  | 2020-09-29 13:57:16,008 [pool-20-thread-1] INFO server.RaftServerConfigKeys: raft.server.rpc.timeout.min = 5s (custom)
om2_1        | 2020-09-29 13:56:58,257 [main] INFO ratis.OzoneManagerStateMachine: LastAppliedIndex is set from TransactionInfo from OM DB as (t:0, i:~)
datanode3_1  | 2020-09-29 13:57:16,228 [pool-20-thread-1] INFO metrics.RatisMetrics: Creating Metrics Registry : ratis.log_worker.192de36c-b3c5-435f-a1f1-3ab43fc3dc10@group-A264259122DB
recon_1      | 2020-09-29 13:56:40,755 [pool-14-thread-1] INFO retry.RetryInvocationHandler: com.google.protobuf.ServiceException: java.net.ConnectException: Call From recon/172.25.0.115 to om2:9862 failed on connection exception: java.net.ConnectException: Connection refused; For more details see:  http://wiki.apache.org/hadoop/ConnectionRefused, while invoking $Proxy41.submitRequest over nodeId=om2,nodeAddress=om2:9862 after 1 failover attempts. Trying to failover immediately.
om1_1        | 2020-09-29 13:57:03,268 [Thread[Thread-13,5,main]] INFO security.OzoneDelegationTokenSecretManager: Starting expired delegation token remover thread, tokenRemoverScanInterval=60 min(s)
scm_1        | 2020-09-29 13:56:19,880 [Listener at 0.0.0.0/9860] INFO http.HttpServer2: Added filter authentication (class=org.apache.hadoop.security.authentication.server.AuthenticationFilter) to context static
kdc_1        | WARNING: no policy specified for dn/2f5f782a50b4@EXAMPLE.COM; defaulting to no policy
om3_1        | 2020-09-29 13:56:56,327 [main] INFO ratis.OzoneManagerRatisServer: Instantiating OM Ratis server with GroupID: id1 and Raft Peers: om3:9872, om1:9872, om2:9872
datanode1_1  | 2020-09-29 13:57:16,008 [pool-20-thread-1] INFO server.RaftServerConfigKeys: raft.server.rpc.timeout.max = 5200ms (custom)
om2_1        | 2020-09-29 13:56:58,427 [main] INFO impl.RaftServerProxy: raft.rpc.type = GRPC (default)
datanode3_1  | 2020-09-29 13:57:16,229 [pool-20-thread-1] INFO server.RaftServerConfigKeys: raft.server.log.appender.buffer.byte-limit = 33554432 (custom)
recon_1      | 2020-09-29 13:56:40,795 [pool-14-thread-1] INFO retry.RetryInvocationHandler: com.google.protobuf.ServiceException: java.net.ConnectException: Call From recon/172.25.0.115 to om3:9862 failed on connection exception: java.net.ConnectException: Connection refused; For more details see:  http://wiki.apache.org/hadoop/ConnectionRefused, while invoking $Proxy41.submitRequest over nodeId=om3,nodeAddress=om3:9862 after 2 failover attempts. Trying to failover after sleeping for 2000ms.
om1_1        | 2020-09-29 13:57:03,588 [Listener at om1/9862] INFO http.BaseHttpServer: Starting Web-server for ozoneManager at: http://0.0.0.0:9874
scm_1        | 2020-09-29 13:56:19,880 [Listener at 0.0.0.0/9860] INFO http.HttpServer2: Added filter authentication (class=org.apache.hadoop.security.authentication.server.AuthenticationFilter) to context logs
kdc_1        | Principal "dn/2f5f782a50b4@EXAMPLE.COM" created.
om3_1        | 2020-09-29 13:56:56,386 [main] INFO ratis.OzoneManagerStateMachine: LastAppliedIndex is set from TransactionInfo from OM DB as (t:0, i:~)
datanode1_1  | 2020-09-29 13:57:16,008 [pool-20-thread-1] INFO server.RaftServerConfigKeys: raft.server.rpcslowness.timeout = 300s (custom)
datanode1_1  | 2020-09-29 13:57:16,008 [pool-20-thread-1] INFO server.RaftServerConfigKeys: raft.server.sleep.deviation.threshold = 300 (default)
datanode3_1  | 2020-09-29 13:57:16,231 [pool-20-thread-1] INFO server.RaftServerConfigKeys: raft.server.log.segment.size.max = 1048576 (custom)
recon_1      | 2020-09-29 13:56:41,050 [Socket Reader #1 for port 9891] INFO ipc.Server: Auth successful for dn/b9b7cbbbf0b4@EXAMPLE.COM (auth:KERBEROS)
om1_1        | 2020-09-29 13:57:03,593 [Listener at om1/9862] INFO http.BaseHttpServer: Hadoop Security Enabled: true Ozone Security Enabled: true Ozone HTTP Security Enabled: true 
scm_1        | 2020-09-29 13:56:19,882 [Listener at 0.0.0.0/9860] INFO http.HttpServer2: Initialize spnego with host: 0.0.0.0 userKey: hdds.scm.http.auth.kerberos.principal keytabKey: hdds.scm.http.auth.kerberos.keytab
kdc_1        | Authenticating as principal admin/admin with keytab /tmp/admin.keytab.
om3_1        | 2020-09-29 13:56:56,671 [main] INFO impl.RaftServerProxy: raft.rpc.type = GRPC (default)
datanode1_1  | 2020-09-29 13:57:16,009 [pool-20-thread-1] INFO server.RaftServerConfigKeys: raft.server.log.appender.install.snapshot.enabled = false (custom)
om2_1        | 2020-09-29 13:56:58,716 [main] INFO grpc.GrpcFactory: PERFORMANCE WARNING: useCacheForAllThreads is true that may cause Netty to create a lot garbage objects and, as a result, trigger GC.
datanode3_1  | 2020-09-29 13:57:16,233 [pool-20-thread-1] INFO server.RaftServerConfigKeys: raft.server.log.segment.cache.num.max = 2 (custom)
recon_1      | 2020-09-29 13:56:41,203 [Socket Reader #1 for port 9891] INFO authorize.ServiceAuthorizationManager: Authorization successful for dn/b9b7cbbbf0b4@EXAMPLE.COM (auth:KERBEROS) for protocol=interface org.apache.hadoop.ozone.protocol.ReconDatanodeProtocol
om1_1        | 2020-09-29 13:57:03,593 [Listener at om1/9862] INFO http.BaseHttpServer: HttpAuthType: ozone.om.http.auth.type = kerberos
scm_1        | 2020-09-29 13:56:19,956 [Listener at 0.0.0.0/9860] INFO server.StorageContainerManager: StorageContainerLocationProtocol RPC server is listening at /0.0.0.0:9860
kdc_1        | Entry for principal dn/2f5f782a50b4@EXAMPLE.COM with kvno 2, encryption type aes256-cts-hmac-sha1-96 added to keytab WRFILE:/data/dn.2f5f782a50b4.keytab.
om3_1        | 2020-09-29 13:56:57,025 [main] INFO grpc.GrpcFactory: PERFORMANCE WARNING: useCacheForAllThreads is true that may cause Netty to create a lot garbage objects and, as a result, trigger GC.
datanode1_1  | 2020-09-29 13:57:16,009 [pool-20-thread-1] INFO impl.RaftServerImpl: 4ccfe33e-2c00-44ab-af61-235f11ffba06@group-E583F3C6D766: ConfigurationManager, init=-1: [4ccfe33e-2c00-44ab-af61-235f11ffba06:172.25.0.102:9858:0], old=null, confs=<EMPTY_MAP>
om2_1        | 	It is recommended to disable useCacheForAllThreads by setting -Dorg.apache.ratis.thirdparty.io.netty.allocator.useCacheForAllThreads=false in command line.
datanode3_1  | 2020-09-29 13:57:16,237 [pool-20-thread-1] INFO segmented.SegmentedRaftLogWorker: new 192de36c-b3c5-435f-a1f1-3ab43fc3dc10@group-A264259122DB-SegmentedRaftLogWorker for RaftStorage:Storage Directory /data/metadata/ratis/3e7230ba-d8a5-4097-b0e3-a264259122db
recon_1      | 2020-09-29 13:56:41,287 [Socket Reader #1 for port 9891] INFO ipc.Server: Auth successful for dn/a0f820541df5@EXAMPLE.COM (auth:KERBEROS)
om1_1        | 2020-09-29 13:57:03,774 [Thread-12] INFO impl.FollowerState: om1@group-562213E44849-FollowerState: change to CANDIDATE, lastRpcTime:1276ms, electionTimeout:1157ms
scm_1        | 2020-09-29 13:56:20,040 [Listener at 0.0.0.0/9860] INFO impl.MetricsConfig: Loaded properties from hadoop-metrics2.properties
kdc_1        | Entry for principal dn/2f5f782a50b4@EXAMPLE.COM with kvno 2, encryption type aes128-cts-hmac-sha1-96 added to keytab WRFILE:/data/dn.2f5f782a50b4.keytab.
om3_1        | 	It is recommended to disable useCacheForAllThreads by setting -Dorg.apache.ratis.thirdparty.io.netty.allocator.useCacheForAllThreads=false in command line.
datanode1_1  | 2020-09-29 13:57:16,009 [pool-20-thread-1] INFO server.RaftServerConfigKeys: raft.server.storage.dir = [/data/metadata/ratis] (custom)
om2_1        | 2020-09-29 13:56:58,733 [main] INFO grpc.GrpcConfigKeys: raft.grpc.server.port = 9872 (custom)
datanode3_1  | 2020-09-29 13:57:16,257 [pool-20-thread-1] INFO server.RaftServerConfigKeys: raft.server.log.queue.byte-limit = 2147483647 (custom)
recon_1      | 2020-09-29 13:56:41,348 [Socket Reader #1 for port 9891] INFO ipc.Server: Auth successful for dn/2f5f782a50b4@EXAMPLE.COM (auth:KERBEROS)
om1_1        | 2020-09-29 13:57:03,778 [Thread-12] INFO impl.RoleInfo: om1: shutdown FollowerState
scm_1        | 2020-09-29 13:56:20,098 [Listener at 0.0.0.0/9860] INFO impl.MetricsSystemImpl: Scheduled Metric snapshot period at 10 second(s).
kdc_1        | Generiting keytab
om3_1        | 2020-09-29 13:56:57,039 [main] INFO grpc.GrpcConfigKeys: raft.grpc.server.port = 9872 (custom)
datanode1_1  | 2020-09-29 13:57:16,009 [pool-20-thread-1] INFO server.RaftServerConfigKeys: raft.server.log.corruption.policy = EXCEPTION (default)
om2_1        | 2020-09-29 13:56:58,734 [main] INFO server.GrpcService: raft.grpc.message.size.max = 33554432 (custom)
datanode3_1  | 2020-09-29 13:57:16,257 [pool-20-thread-1] INFO server.RaftServerConfigKeys: raft.server.log.queue.element-limit = 1024 (custom)
recon_1      | 2020-09-29 13:56:41,408 [Socket Reader #1 for port 9891] INFO authorize.ServiceAuthorizationManager: Authorization successful for dn/2f5f782a50b4@EXAMPLE.COM (auth:KERBEROS) for protocol=interface org.apache.hadoop.ozone.protocol.ReconDatanodeProtocol
om1_1        | 2020-09-29 13:57:03,788 [Thread-12] INFO impl.RaftServerImpl: om1@group-562213E44849: changes role from  FOLLOWER to CANDIDATE at term 0 for changeToCandidate
scm_1        | 2020-09-29 13:56:20,098 [Listener at 0.0.0.0/9860] INFO impl.MetricsSystemImpl: StorageContainerManager metrics system started
kdc_1        | Authenticating as principal admin/admin with keytab /tmp/admin.keytab.
