datanode_6_1  | 2020-09-29 13:43:45,837 [pool-19-thread-1] INFO server.RaftServerConfigKeys: raft.server.log.segment.size.max = 1048576 (custom)
datanode_1_1  | 2020-09-29 13:46:16,095 [main] INFO impl.RaftServerProxy: 587b08df-58b6-4e45-b9a4-fa5989da217d: addNew group-8DE1C705C5F5:[] returns group-8DE1C705C5F5:java.util.concurrent.CompletableFuture@53d6e959[Not completed]
datanode_3_1  | .
scm_1         | 2020-09-29 13:43:39,600 [Listener at 0.0.0.0/9860] INFO handler.ContextHandler: Started o.e.j.s.ServletContextHandler@4e974b9e{static,/static,jar:file:/opt/hadoop/share/ozone/lib/hadoop-hdds-server-scm-1.1.0-SNAPSHOT.jar!/webapps/static,AVAILABLE}
datanode_2_1  | 2020-09-29 13:46:19,214 [pool-19-thread-1] INFO server.RaftServerConfigKeys: raft.server.snapshot.auto.trigger.enabled = true (custom)
datanode_6_1  | 2020-09-29 13:43:46,034 [pool-19-thread-1] INFO server.RaftServerConfigKeys: raft.server.log.segment.cache.num.max = 2 (custom)
datanode_1_1  | 2020-09-29 13:46:16,097 [main] WARN server.ServerUtils: Storage directory for Ratis is not configured. It is a good idea to map this to an SSD disk. Falling back to ozone.metadata.dirs
datanode_3_1  | 2020-09-29 13:43:52,439 [Thread-23] INFO impl.FollowerState: 07253c1b-0852-4278-acdf-4e573f18ee77@group-92ACF1055F58-FollowerState: change to CANDIDATE, lastRpcTime:5140ms, electionTimeout:5113ms
scm_1         | 2020-09-29 13:43:39,916 [IPC Server handler 4 on default port 9861] WARN ipc.Server: IPC Server handler 4 on default port 9861, call Call#0 Retry#0 org.apache.hadoop.ozone.protocol.StorageContainerDatanodeProtocol.submitRequest from 10.5.0.6:40074: output error
datanode_2_1  | 2020-09-29 13:46:19,238 [pool-19-thread-1] INFO server.RaftServerConfigKeys: raft.server.snapshot.auto.trigger.threshold = 10000 (custom)
datanode_6_1  | 2020-09-29 13:43:46,088 [pool-19-thread-1] INFO segmented.SegmentedRaftLogWorker: new 7a8eaf15-6f8c-41f2-87e6-eabeb8d93b1d@group-591B7FE4E415-SegmentedRaftLogWorker for RaftStorage:Storage Directory /data/metadata/ratis/4d8be778-c6f7-4c30-82c7-591b7fe4e415
datanode_1_1  | 2020-09-29 13:46:16,410 [pool-19-thread-1] INFO impl.RaftServerImpl: 587b08df-58b6-4e45-b9a4-fa5989da217d: new RaftServerImpl for group-FABF221B1EA5:[] with ContainerStateMachine:uninitialized
datanode_3_1  | 2020-09-29 13:43:52,440 [Thread-23] INFO impl.RoleInfo: 07253c1b-0852-4278-acdf-4e573f18ee77: shutdown FollowerState
scm_1         | 2020-09-29 13:43:39,959 [IPC Server handler 1 on default port 9861] WARN ipc.Server: IPC Server handler 1 on default port 9861, call Call#0 Retry#0 org.apache.hadoop.ozone.protocol.StorageContainerDatanodeProtocol.submitRequest from 10.5.0.4:41092: output error
scm_1         | 2020-09-29 13:43:39,959 [IPC Server handler 0 on default port 9861] WARN ipc.Server: IPC Server handler 0 on default port 9861, call Call#0 Retry#0 org.apache.hadoop.ozone.protocol.StorageContainerDatanodeProtocol.submitRequest from 10.5.0.7:36014: output error
datanode_6_1  | 2020-09-29 13:43:46,163 [pool-19-thread-1] INFO server.RaftServerConfigKeys: raft.server.log.queue.byte-limit = 2147483647 (custom)
datanode_1_1  | 2020-09-29 13:46:16,411 [pool-19-thread-1] INFO server.RaftServerConfigKeys: raft.server.rpc.timeout.min = 5s (custom)
scm_1         | 2020-09-29 13:43:39,958 [IPC Server handler 6 on default port 9861] WARN ipc.Server: IPC Server handler 6 on default port 9861, call Call#0 Retry#0 org.apache.hadoop.ozone.protocol.StorageContainerDatanodeProtocol.submitRequest from 10.5.0.5:57388: output error
datanode_2_1  | 2020-09-29 13:46:19,240 [pool-19-thread-1] INFO server.RaftServerConfigKeys: raft.server.snapshot.retention.file.num = 5 (custom)
datanode_3_1  | 2020-09-29 13:43:52,448 [Thread-23] INFO impl.RaftServerImpl: 07253c1b-0852-4278-acdf-4e573f18ee77@group-92ACF1055F58: changes role from  FOLLOWER to CANDIDATE at term 0 for changeToCandidate
datanode_6_1  | 2020-09-29 13:43:46,166 [pool-19-thread-1] INFO server.RaftServerConfigKeys: raft.server.log.queue.element-limit = 1024 (custom)
datanode_1_1  | 2020-09-29 13:46:16,429 [pool-19-thread-1] INFO server.RaftServerConfigKeys: raft.server.rpc.timeout.max = 5200ms (custom)
scm_1         | 2020-09-29 13:43:40,011 [IPC Server handler 4 on default port 9861] INFO ipc.Server: IPC Server handler 4 on default port 9861 caught an exception
datanode_2_1  | 2020-09-29 13:46:19,245 [pool-19-thread-1] INFO server.RaftServerConfigKeys: raft.server.log.purge.upto.snapshot.index = false (default)
datanode_3_1  | 2020-09-29 13:43:52,452 [Thread-23] INFO impl.RoleInfo: 07253c1b-0852-4278-acdf-4e573f18ee77: start LeaderElection
datanode_6_1  | 2020-09-29 13:43:46,194 [pool-19-thread-1] INFO server.RaftServerConfigKeys: raft.server.log.segment.size.max = 1048576 (custom)
datanode_1_1  | 2020-09-29 13:46:16,429 [pool-19-thread-1] INFO server.RaftServerConfigKeys: raft.server.rpcslowness.timeout = 300s (custom)
scm_1         | java.nio.channels.AsynchronousCloseException
datanode_2_1  | 2020-09-29 13:46:19,245 [pool-19-thread-1] INFO server.RaftServerConfigKeys: raft.server.retrycache.expirytime = 600000ms (custom)
datanode_3_1  | 2020-09-29 13:43:52,472 [07253c1b-0852-4278-acdf-4e573f18ee77@group-92ACF1055F58-LeaderElection1] INFO impl.LeaderElection: 07253c1b-0852-4278-acdf-4e573f18ee77@group-92ACF1055F58-LeaderElection1: begin an election at term 1 for -1: [07253c1b-0852-4278-acdf-4e573f18ee77:10.5.0.6:9858:0], old=null
datanode_6_1  | 2020-09-29 13:43:46,195 [pool-19-thread-1] INFO server.RaftServerConfigKeys: raft.server.log.preallocated.size = 16384 (custom)
datanode_1_1  | 2020-09-29 13:46:16,430 [pool-19-thread-1] INFO server.RaftServerConfigKeys: raft.server.sleep.deviation.threshold = 300 (default)
scm_1         | 	at java.base/sun.nio.ch.SocketChannelImpl.write(SocketChannelImpl.java:471)
datanode_2_1  | 2020-09-29 13:46:19,259 [main] INFO server.AuthenticationFilter: Unable to initialize FileSignerSecretProvider, falling back to use random secrets.
datanode_3_1  | 2020-09-29 13:43:52,473 [07253c1b-0852-4278-acdf-4e573f18ee77@group-92ACF1055F58-LeaderElection1] INFO impl.RoleInfo: 07253c1b-0852-4278-acdf-4e573f18ee77: shutdown LeaderElection
datanode_6_1  | 2020-09-29 13:43:46,201 [pool-19-thread-1] INFO server.RaftServerConfigKeys: raft.server.log.write.buffer.size = 1048576 (custom)
datanode_1_1  | 2020-09-29 13:46:16,430 [pool-19-thread-1] INFO server.RaftServerConfigKeys: raft.server.log.appender.install.snapshot.enabled = false (custom)
scm_1         | 	at org.apache.hadoop.ipc.Server.channelWrite(Server.java:3550)
datanode_2_1  | 2020-09-29 13:46:19,290 [main] INFO http.HttpRequestLog: Http request log for http.requests.hddsDatanode is not defined
datanode_3_1  | 2020-09-29 13:43:52,474 [07253c1b-0852-4278-acdf-4e573f18ee77@group-92ACF1055F58-LeaderElection1] INFO impl.RaftServerImpl: 07253c1b-0852-4278-acdf-4e573f18ee77@group-92ACF1055F58: changes role from CANDIDATE to LEADER at term 1 for changeToLeader
datanode_6_1  | 2020-09-29 13:43:46,249 [pool-19-thread-1] INFO server.RaftServerConfigKeys: raft.server.log.force.sync.num = 128 (default)
datanode_1_1  | 2020-09-29 13:46:16,499 [pool-19-thread-1] INFO impl.RaftServerImpl: 587b08df-58b6-4e45-b9a4-fa5989da217d@group-FABF221B1EA5: ConfigurationManager, init=-1: [], old=null, confs=<EMPTY_MAP>
scm_1         | 	at org.apache.hadoop.ipc.Server.access$1700(Server.java:139)
datanode_2_1  | 2020-09-29 13:46:19,338 [main] INFO http.HttpServer2: Added global filter 'safety' (class=org.apache.hadoop.hdds.server.http.HttpServer2$QuotingInputFilter)
datanode_3_1  | 2020-09-29 13:43:52,474 [07253c1b-0852-4278-acdf-4e573f18ee77@group-92ACF1055F58-LeaderElection1] INFO ratis.XceiverServerRatis: Leader change notification received for group: group-92ACF1055F58 with new leaderId: 07253c1b-0852-4278-acdf-4e573f18ee77
datanode_6_1  | 2020-09-29 13:43:46,253 [pool-19-thread-1] INFO server.RaftServerConfigKeys: raft.server.log.statemachine.data.sync = true (default)
datanode_1_1  | 2020-09-29 13:46:16,499 [pool-19-thread-1] INFO server.RaftServerConfigKeys: raft.server.storage.dir = [/data/metadata/ratis] (custom)
scm_1         | 	at org.apache.hadoop.ipc.Server$Responder.processResponse(Server.java:1620)
datanode_2_1  | 2020-09-29 13:46:19,346 [main] INFO http.HttpServer2: Added filter static_user_filter (class=org.apache.hadoop.http.lib.StaticUserWebFilter$StaticUserFilter) to context hddsDatanode
datanode_3_1  | 2020-09-29 13:43:52,483 [07253c1b-0852-4278-acdf-4e573f18ee77@group-92ACF1055F58-LeaderElection1] INFO impl.RaftServerImpl: 07253c1b-0852-4278-acdf-4e573f18ee77@group-92ACF1055F58: change Leader from null to 07253c1b-0852-4278-acdf-4e573f18ee77 at term 1 for becomeLeader, leader elected after 6542ms
datanode_6_1  | 2020-09-29 13:43:46,282 [pool-19-thread-1] INFO server.RaftServerConfigKeys: raft.server.log.statemachine.data.sync.timeout = 10s (default)
datanode_1_1  | 2020-09-29 13:46:16,527 [pool-19-thread-1] INFO server.RaftServerConfigKeys: raft.server.log.corruption.policy = EXCEPTION (default)
scm_1         | 	at org.apache.hadoop.ipc.Server$Responder.doRespond(Server.java:1690)
datanode_2_1  | 2020-09-29 13:46:19,350 [main] INFO http.HttpServer2: Added filter static_user_filter (class=org.apache.hadoop.http.lib.StaticUserWebFilter$StaticUserFilter) to context logs
datanode_3_1  | 2020-09-29 13:43:52,488 [07253c1b-0852-4278-acdf-4e573f18ee77@group-92ACF1055F58-LeaderElection1] INFO server.RaftServerConfigKeys: raft.server.staging.catchup.gap = 1000 (default)
datanode_6_1  | 2020-09-29 13:43:46,285 [pool-19-thread-1] INFO server.RaftServerConfigKeys: raft.server.log.statemachine.data.sync.timeout.retry = -1 (default)
datanode_1_1  | 2020-09-29 13:46:16,629 [pool-19-thread-1] INFO storage.RaftStorageDirectory: Lock on /data/metadata/ratis/3328339b-353d-491a-9c1f-fabf221b1ea5/in_use.lock acquired by nodename 10@8dd44863b2f9
scm_1         | 	at org.apache.hadoop.ipc.Server$Connection.sendResponse(Server.java:2785)
datanode_2_1  | 2020-09-29 13:46:19,350 [main] INFO http.HttpServer2: Added filter static_user_filter (class=org.apache.hadoop.http.lib.StaticUserWebFilter$StaticUserFilter) to context static
datanode_3_1  | 2020-09-29 13:43:52,497 [07253c1b-0852-4278-acdf-4e573f18ee77@group-92ACF1055F58-LeaderElection1] INFO server.RaftServerConfigKeys: raft.server.rpc.sleep.time = 25ms (default)
datanode_6_1  | 2020-09-29 13:43:46,487 [pool-19-thread-1] INFO server.RaftServerConfigKeys: raft.server.log.statemachine.data.caching.enabled = true (custom)
datanode_1_1  | 2020-09-29 13:46:17,041 [pool-19-thread-1] INFO ratis.ContainerStateMachine: group-FABF221B1EA5: The snapshot info is null. Setting the last applied indexto:(t:0, i:~)
scm_1         | 	at org.apache.hadoop.ipc.Server$Connection.access$300(Server.java:1762)
datanode_2_1  | 2020-09-29 13:46:19,379 [pool-19-thread-1] INFO metrics.RatisMetrics: Creating Metrics Registry : ratis.leader_election.a352fc36-19a4-4f16-92f5-df5ebb280c4a@group-4D3913025205
datanode_3_1  | 2020-09-29 13:43:52,526 [07253c1b-0852-4278-acdf-4e573f18ee77@group-92ACF1055F58-LeaderElection1] INFO metrics.RatisMetrics: Creating Metrics Registry : ratis.log_appender.07253c1b-0852-4278-acdf-4e573f18ee77@group-92ACF1055F58
datanode_6_1  | 2020-09-29 13:43:46,540 [pool-19-thread-1] INFO segmented.SegmentedRaftLogWorker: 7a8eaf15-6f8c-41f2-87e6-eabeb8d93b1d@group-591B7FE4E415-SegmentedRaftLogWorker: flushIndex: setUnconditionally 0 -> -1
scm_1         | 	at org.apache.hadoop.ipc.Server$RpcCall.doResponse(Server.java:1081)
datanode_1_1  | 2020-09-29 13:46:17,063 [pool-19-thread-1] INFO server.RaftServerConfigKeys: raft.server.notification.no-leader.timeout = 300s (custom)
datanode_2_1  | 2020-09-29 13:46:19,403 [pool-19-thread-1] INFO metrics.RatisMetrics: Creating Metrics Registry : ratis.server.a352fc36-19a4-4f16-92f5-df5ebb280c4a@group-4D3913025205
datanode_3_1  | 2020-09-29 13:43:52,543 [07253c1b-0852-4278-acdf-4e573f18ee77@group-92ACF1055F58-LeaderElection1] INFO server.RaftServerConfigKeys: raft.server.write.element-limit = 1024 (custom)
datanode_6_1  | 2020-09-29 13:43:46,540 [pool-19-thread-1] INFO segmented.SegmentedRaftLogWorker: 7a8eaf15-6f8c-41f2-87e6-eabeb8d93b1d@group-591B7FE4E415-SegmentedRaftLogWorker: safeCacheEvictIndex: setUnconditionally 0 -> -1
scm_1         | 	at org.apache.hadoop.ipc.Server$Call.doResponse(Server.java:873)
datanode_1_1  | 2020-09-29 13:46:17,089 [pool-19-thread-1] INFO server.RaftServerConfigKeys: raft.server.log.use.memory = false (default)
datanode_2_1  | 2020-09-29 13:46:19,487 [main] WARN http.BaseHttpServer: /prof java profiling servlet is activated. Not safe for production!
datanode_3_1  | 2020-09-29 13:43:52,551 [07253c1b-0852-4278-acdf-4e573f18ee77@group-92ACF1055F58-LeaderElection1] INFO server.RaftServerConfigKeys: raft.server.write.byte-limit = 1073741824 (custom)
datanode_6_1  | 2020-09-29 13:43:46,617 [pool-19-thread-1] INFO server.RaftServerConfigKeys: raft.server.snapshot.auto.trigger.enabled = true (custom)
scm_1         | 	at org.apache.hadoop.ipc.Server$Call.sendResponse(Server.java:859)
datanode_1_1  | 2020-09-29 13:46:17,124 [pool-19-thread-1] INFO server.RaftServerConfigKeys: raft.server.log.purge.gap = 1000000 (custom)
datanode_2_1  | 2020-09-29 13:46:19,516 [main] INFO http.HttpServer2: Jetty bound to port 9882
datanode_3_1  | 2020-09-29 13:43:52,581 [07253c1b-0852-4278-acdf-4e573f18ee77@group-92ACF1055F58-LeaderElection1] INFO server.RaftServerConfigKeys: raft.server.watch.timeout = 180s (custom)
datanode_6_1  | 2020-09-29 13:43:46,637 [pool-19-thread-1] INFO server.RaftServerConfigKeys: raft.server.snapshot.auto.trigger.threshold = 10000 (custom)
scm_1         | 	at org.apache.hadoop.ipc.Server$RpcCall.run(Server.java:1016)
datanode_1_1  | 2020-09-29 13:46:17,152 [pool-19-thread-1] INFO metrics.RatisMetrics: Creating Metrics Registry : ratis.log_worker.587b08df-58b6-4e45-b9a4-fa5989da217d@group-FABF221B1EA5
datanode_2_1  | 2020-09-29 13:46:19,526 [main] INFO server.Server: jetty-9.4.26.v20200117; built: 2020-01-17T12:35:33.676Z; git: 7b38981d25d14afb4a12ff1f2596756144edf695; jvm 11.0.7+10-LTS
datanode_3_1  | 2020-09-29 13:43:52,582 [07253c1b-0852-4278-acdf-4e573f18ee77@group-92ACF1055F58-LeaderElection1] INFO server.RaftServerConfigKeys: raft.server.watch.timeout.denomination = 1s (default)
datanode_6_1  | 2020-09-29 13:43:46,672 [pool-19-thread-1] INFO server.RaftServerConfigKeys: raft.server.snapshot.retention.file.num = 5 (custom)
scm_1         | 	at org.apache.hadoop.ipc.Server$RpcCall.run(Server.java:927)
datanode_1_1  | 2020-09-29 13:46:17,291 [pool-19-thread-1] INFO server.RaftServerConfigKeys: raft.server.log.appender.buffer.byte-limit = 33554432 (custom)
datanode_2_1  | 2020-09-29 13:46:19,595 [main] INFO server.session: DefaultSessionIdManager workerName=node0
datanode_3_1  | 2020-09-29 13:43:52,585 [07253c1b-0852-4278-acdf-4e573f18ee77@group-92ACF1055F58-LeaderElection1] INFO server.RaftServerConfigKeys: raft.server.watch.element-limit = 65536 (default)
datanode_6_1  | 2020-09-29 13:43:46,683 [pool-19-thread-1] INFO server.RaftServerConfigKeys: raft.server.log.purge.upto.snapshot.index = false (default)
scm_1         | 	at java.base/java.security.AccessController.doPrivileged(Native Method)
datanode_1_1  | 2020-09-29 13:46:17,293 [pool-19-thread-1] INFO server.RaftServerConfigKeys: raft.server.log.segment.size.max = 1048576 (custom)
datanode_2_1  | 2020-09-29 13:46:19,595 [main] INFO server.session: No SessionScavenger set, using defaults
datanode_3_1  | 2020-09-29 13:43:52,609 [07253c1b-0852-4278-acdf-4e573f18ee77@group-92ACF1055F58-LeaderElection1] INFO impl.RoleInfo: 07253c1b-0852-4278-acdf-4e573f18ee77: start LeaderState
datanode_6_1  | 2020-09-29 13:43:46,683 [pool-19-thread-1] INFO server.RaftServerConfigKeys: raft.server.retrycache.expirytime = 600000ms (custom)
scm_1         | 	at java.base/javax.security.auth.Subject.doAs(Subject.java:423)
datanode_1_1  | 2020-09-29 13:46:17,412 [pool-19-thread-1] INFO server.RaftServerConfigKeys: raft.server.log.segment.cache.num.max = 2 (custom)
datanode_2_1  | 2020-09-29 13:46:19,602 [main] INFO server.session: node0 Scavenging every 660000ms
datanode_3_1  | 2020-09-29 13:43:52,698 [07253c1b-0852-4278-acdf-4e573f18ee77@group-92ACF1055F58-LeaderElection1] INFO segmented.SegmentedRaftLogWorker: 07253c1b-0852-4278-acdf-4e573f18ee77@group-92ACF1055F58-SegmentedRaftLogWorker: Starting segment from index:0
datanode_6_1  | 2020-09-29 13:43:47,004 [pool-19-thread-1] INFO metrics.RatisMetrics: Creating Metrics Registry : ratis.leader_election.7a8eaf15-6f8c-41f2-87e6-eabeb8d93b1d@group-591B7FE4E415
scm_1         | 	at org.apache.hadoop.security.UserGroupInformation.doAs(UserGroupInformation.java:1730)
datanode_1_1  | 2020-09-29 13:46:17,452 [pool-19-thread-1] INFO segmented.SegmentedRaftLogWorker: new 587b08df-58b6-4e45-b9a4-fa5989da217d@group-FABF221B1EA5-SegmentedRaftLogWorker for RaftStorage:Storage Directory /data/metadata/ratis/3328339b-353d-491a-9c1f-fabf221b1ea5
datanode_2_1  | 2020-09-29 13:46:19,618 [main] INFO handler.ContextHandler: Started o.e.j.s.ServletContextHandler@2520aa05{logs,/logs,file:///var/log/hadoop/,AVAILABLE}
datanode_3_1  | 2020-09-29 13:43:52,761 [Thread-25] INFO impl.FollowerState: 07253c1b-0852-4278-acdf-4e573f18ee77@group-8DE1C705C5F5-FollowerState: change to CANDIDATE, lastRpcTime:5101ms, electionTimeout:5049ms
datanode_6_1  | 2020-09-29 13:43:47,058 [pool-19-thread-1] INFO metrics.RatisMetrics: Creating Metrics Registry : ratis.server.7a8eaf15-6f8c-41f2-87e6-eabeb8d93b1d@group-591B7FE4E415
scm_1         | 	at org.apache.hadoop.ipc.Server$Handler.run(Server.java:2915)
datanode_1_1  | 2020-09-29 13:46:17,456 [pool-19-thread-1] INFO server.RaftServerConfigKeys: raft.server.log.queue.byte-limit = 2147483647 (custom)
datanode_2_1  | 2020-09-29 13:46:19,619 [main] INFO handler.ContextHandler: Started o.e.j.s.ServletContextHandler@46a388cc{static,/static,jar:file:/opt/hadoop/share/ozone/lib/hadoop-hdds-container-service-1.1.0-SNAPSHOT.jar!/webapps/static,AVAILABLE}
datanode_3_1  | 2020-09-29 13:43:52,764 [Thread-25] INFO impl.RoleInfo: 07253c1b-0852-4278-acdf-4e573f18ee77: shutdown FollowerState
datanode_6_1  | 2020-09-29 13:43:47,136 [pool-19-thread-1] INFO impl.RaftServerImpl: 7a8eaf15-6f8c-41f2-87e6-eabeb8d93b1d@group-591B7FE4E415: start as a follower, conf=-1: [7a8eaf15-6f8c-41f2-87e6-eabeb8d93b1d:10.5.0.9:9858:0], old=null
scm_1         | 2020-09-29 13:43:40,037 [IPC Server handler 1 on default port 9861] INFO ipc.Server: IPC Server handler 1 on default port 9861 caught an exception
datanode_1_1  | 2020-09-29 13:46:17,457 [pool-19-thread-1] INFO server.RaftServerConfigKeys: raft.server.log.queue.element-limit = 1024 (custom)
datanode_2_1  | 2020-09-29 13:46:19,823 [main] INFO handler.ContextHandler: Started o.e.j.w.WebAppContext@2c1a8529{hddsDatanode,/,file:///tmp/jetty-0_0_0_0-9882-hadoop-hdds-container-service-1_1_0-SNAPSHOT_jar-_-any-281260934259324648.dir/webapp/,AVAILABLE}{jar:file:/opt/hadoop/share/ozone/lib/hadoop-hdds-container-service-1.1.0-SNAPSHOT.jar!/webapps/hddsDatanode}
datanode_3_1  | 2020-09-29 13:43:52,777 [Thread-25] INFO impl.RaftServerImpl: 07253c1b-0852-4278-acdf-4e573f18ee77@group-8DE1C705C5F5: changes role from  FOLLOWER to CANDIDATE at term 0 for changeToCandidate
scm_1         | java.nio.channels.AsynchronousCloseException
datanode_6_1  | 2020-09-29 13:43:47,148 [pool-19-thread-1] INFO impl.RaftServerImpl: 7a8eaf15-6f8c-41f2-87e6-eabeb8d93b1d@group-591B7FE4E415: changes role from      null to FOLLOWER at term 0 for startAsFollower
datanode_1_1  | 2020-09-29 13:46:17,471 [pool-19-thread-1] INFO server.RaftServerConfigKeys: raft.server.log.segment.size.max = 1048576 (custom)
datanode_2_1  | 2020-09-29 13:46:19,857 [main] INFO server.AbstractConnector: Started ServerConnector@3d132bb6{HTTP/1.1,[http/1.1]}{0.0.0.0:9882}
datanode_3_1  | 2020-09-29 13:43:52,778 [Thread-25] INFO impl.RoleInfo: 07253c1b-0852-4278-acdf-4e573f18ee77: start LeaderElection
scm_1         | 	at java.base/sun.nio.ch.SocketChannelImpl.write(SocketChannelImpl.java:471)
datanode_6_1  | 2020-09-29 13:43:47,150 [pool-19-thread-1] INFO impl.RoleInfo: 7a8eaf15-6f8c-41f2-87e6-eabeb8d93b1d: start FollowerState
datanode_1_1  | 2020-09-29 13:46:17,471 [pool-19-thread-1] INFO server.RaftServerConfigKeys: raft.server.log.preallocated.size = 16384 (custom)
datanode_2_1  | 2020-09-29 13:46:19,857 [main] INFO server.Server: Started @16096ms
datanode_3_1  | 2020-09-29 13:43:52,848 [07253c1b-0852-4278-acdf-4e573f18ee77@group-92ACF1055F58-LeaderElection1] INFO impl.RaftServerImpl: 07253c1b-0852-4278-acdf-4e573f18ee77@group-92ACF1055F58: set configuration 0: [07253c1b-0852-4278-acdf-4e573f18ee77:10.5.0.6:9858:0], old=null at 0
scm_1         | 	at org.apache.hadoop.ipc.Server.channelWrite(Server.java:3550)
datanode_6_1  | 2020-09-29 13:43:47,174 [pool-19-thread-1] INFO util.JmxRegister: Successfully registered JMX Bean with object name Ratis:service=RaftServer,group=group-591B7FE4E415,id=7a8eaf15-6f8c-41f2-87e6-eabeb8d93b1d
datanode_1_1  | 2020-09-29 13:46:17,471 [pool-19-thread-1] INFO server.RaftServerConfigKeys: raft.server.log.write.buffer.size = 1048576 (custom)
datanode_2_1  | 2020-09-29 13:46:19,860 [main] INFO impl.MetricsSinkAdapter: Sink prometheus started
datanode_3_1  | 2020-09-29 13:43:52,867 [07253c1b-0852-4278-acdf-4e573f18ee77@group-8DE1C705C5F5-LeaderElection2] INFO impl.LeaderElection: 07253c1b-0852-4278-acdf-4e573f18ee77@group-8DE1C705C5F5-LeaderElection2: begin an election at term 1 for -1: [7a8eaf15-6f8c-41f2-87e6-eabeb8d93b1d:10.5.0.9:9858:0, 587b08df-58b6-4e45-b9a4-fa5989da217d:10.5.0.4:9858:0, 07253c1b-0852-4278-acdf-4e573f18ee77:10.5.0.6:9858:0], old=null
scm_1         | 	at org.apache.hadoop.ipc.Server.access$1700(Server.java:139)
datanode_6_1  | 2020-09-29 13:43:47,180 [pool-19-thread-1] INFO metrics.RatisMetrics: Creating Metrics Registry : ratis.state_machine.7a8eaf15-6f8c-41f2-87e6-eabeb8d93b1d@group-591B7FE4E415
datanode_1_1  | 2020-09-29 13:46:17,472 [pool-19-thread-1] INFO server.RaftServerConfigKeys: raft.server.log.force.sync.num = 128 (default)
datanode_2_1  | 2020-09-29 13:46:19,860 [main] INFO impl.MetricsSystemImpl: Registered sink prometheus
datanode_3_1  | 2020-09-29 13:43:53,286 [07253c1b-0852-4278-acdf-4e573f18ee77@group-8DE1C705C5F5-LeaderElection2] INFO impl.LeaderElection: 07253c1b-0852-4278-acdf-4e573f18ee77@group-8DE1C705C5F5-LeaderElection2: Election REJECTED; received 2 response(s) [07253c1b-0852-4278-acdf-4e573f18ee77<-587b08df-58b6-4e45-b9a4-fa5989da217d#0:FAIL-t1, 07253c1b-0852-4278-acdf-4e573f18ee77<-7a8eaf15-6f8c-41f2-87e6-eabeb8d93b1d#0:FAIL-t1] and 0 exception(s); 07253c1b-0852-4278-acdf-4e573f18ee77@group-8DE1C705C5F5:t1, leader=null, voted=07253c1b-0852-4278-acdf-4e573f18ee77, raftlog=07253c1b-0852-4278-acdf-4e573f18ee77@group-8DE1C705C5F5-SegmentedRaftLog:OPENED:c-1,f-1,i0, conf=-1: [7a8eaf15-6f8c-41f2-87e6-eabeb8d93b1d:10.5.0.9:9858:0, 587b08df-58b6-4e45-b9a4-fa5989da217d:10.5.0.4:9858:0, 07253c1b-0852-4278-acdf-4e573f18ee77:10.5.0.6:9858:0], old=null
scm_1         | 	at org.apache.hadoop.ipc.Server$Responder.processResponse(Server.java:1620)
datanode_6_1  | 2020-09-29 13:43:47,324 [Command processor thread] INFO commandhandler.CreatePipelineCommandHandler: Created Pipeline RATIS ONE #id: "4d8be778-c6f7-4c30-82c7-591b7fe4e415"
datanode_1_1  | 2020-09-29 13:46:17,475 [pool-19-thread-1] INFO server.RaftServerConfigKeys: raft.server.log.statemachine.data.sync = true (default)
datanode_3_1  | 2020-09-29 13:43:53,287 [07253c1b-0852-4278-acdf-4e573f18ee77@group-8DE1C705C5F5-LeaderElection2] INFO impl.RaftServerImpl: 07253c1b-0852-4278-acdf-4e573f18ee77@group-8DE1C705C5F5: changes role from CANDIDATE to FOLLOWER at term 1 for DISCOVERED_A_NEW_TERM
scm_1         | 	at org.apache.hadoop.ipc.Server$Responder.doRespond(Server.java:1690)
datanode_2_1  | 2020-09-29 13:46:19,885 [main] INFO http.BaseHttpServer: HTTP server of hddsDatanode listening at http://0.0.0.0:9882
datanode_6_1  | uuid128 {
datanode_1_1  | 2020-09-29 13:46:17,478 [pool-19-thread-1] INFO server.RaftServerConfigKeys: raft.server.log.statemachine.data.sync.timeout = 10s (default)
datanode_3_1  | 2020-09-29 13:43:53,290 [07253c1b-0852-4278-acdf-4e573f18ee77@group-8DE1C705C5F5-LeaderElection2] INFO impl.RoleInfo: 07253c1b-0852-4278-acdf-4e573f18ee77: shutdown LeaderElection
scm_1         | 	at org.apache.hadoop.ipc.Server$Connection.sendResponse(Server.java:2785)
datanode_2_1  | 2020-09-29 13:46:19,940 [org.apache.hadoop.util.JvmPauseMonitor$Monitor@3b930664] INFO util.JvmPauseMonitor: Starting JVM pause monitor
datanode_6_1  |   mostSigBits: 5587814268603419696
datanode_1_1  | 2020-09-29 13:46:17,478 [pool-19-thread-1] INFO server.RaftServerConfigKeys: raft.server.log.statemachine.data.sync.timeout.retry = -1 (default)
datanode_3_1  | 2020-09-29 13:43:53,290 [07253c1b-0852-4278-acdf-4e573f18ee77@group-8DE1C705C5F5-LeaderElection2] INFO impl.RoleInfo: 07253c1b-0852-4278-acdf-4e573f18ee77: start FollowerState
scm_1         | 	at org.apache.hadoop.ipc.Server$Connection.access$300(Server.java:1762)
datanode_2_1  | 2020-09-29 13:46:22,247 [Datanode State Machine Task Thread - 1] INFO ozoneimpl.OzoneContainer: Attempting to start container services.
datanode_6_1  |   leastSigBits: -9023145353768803307
datanode_1_1  | 2020-09-29 13:46:17,497 [main] INFO http.BaseHttpServer: Starting Web-server for hddsDatanode at: http://0.0.0.0:9882
datanode_3_1  | 2020-09-29 13:43:53,305 [07253c1b-0852-4278-acdf-4e573f18ee77@group-92ACF1055F58-SegmentedRaftLogWorker] INFO segmented.SegmentedRaftLogWorker: 07253c1b-0852-4278-acdf-4e573f18ee77@group-92ACF1055F58-SegmentedRaftLogWorker: created new log segment /data/metadata/ratis/2d2ff587-913c-4af5-9fce-92acf1055f58/current/log_inprogress_0
scm_1         | 	at org.apache.hadoop.ipc.Server$RpcCall.doResponse(Server.java:1081)
datanode_2_1  | 2020-09-29 13:46:22,254 [Datanode State Machine Task Thread - 1] INFO ozoneimpl.OzoneContainer: Background container scanner has been disabled.
datanode_6_1  | }
datanode_1_1  | 2020-09-29 13:46:17,575 [pool-19-thread-1] INFO server.RaftServerConfigKeys: raft.server.log.statemachine.data.caching.enabled = true (custom)
datanode_3_1  | 2020-09-29 13:43:53,355 [grpc-default-executor-0] INFO ratis.XceiverServerRatis: Leader change notification received for group: group-8DE1C705C5F5 with new leaderId: 7a8eaf15-6f8c-41f2-87e6-eabeb8d93b1d
scm_1         | 	at org.apache.hadoop.ipc.Server$Call.doResponse(Server.java:873)
datanode_2_1  | 2020-09-29 13:46:22,256 [Datanode State Machine Task Thread - 1] INFO ratis.XceiverServerRatis: Starting XceiverServerRatis a352fc36-19a4-4f16-92f5-df5ebb280c4a at port 9858
datanode_6_1  | .
datanode_1_1  | 2020-09-29 13:46:17,619 [main] INFO http.BaseHttpServer: Hadoop Security Enabled: false Ozone Security Enabled: false Ozone HTTP Security Enabled: false 
datanode_3_1  | 2020-09-29 13:43:53,356 [grpc-default-executor-0] INFO impl.RaftServerImpl: 07253c1b-0852-4278-acdf-4e573f18ee77@group-8DE1C705C5F5: change Leader from null to 7a8eaf15-6f8c-41f2-87e6-eabeb8d93b1d at term 1 for appendEntries, leader elected after 5793ms
scm_1         | 	at org.apache.hadoop.ipc.Server$Call.sendResponse(Server.java:859)
datanode_2_1  | 2020-09-29 13:46:22,305 [Datanode State Machine Task Thread - 1] INFO impl.RaftServerImpl: a352fc36-19a4-4f16-92f5-df5ebb280c4a@group-4D3913025205: start as a follower, conf=0: [a352fc36-19a4-4f16-92f5-df5ebb280c4a:10.5.0.5:9858:0], old=null
datanode_6_1  | 2020-09-29 13:43:47,336 [Command processor thread] INFO impl.RaftServerProxy: 7a8eaf15-6f8c-41f2-87e6-eabeb8d93b1d: addNew group-8DE1C705C5F5:[7a8eaf15-6f8c-41f2-87e6-eabeb8d93b1d:10.5.0.9:9858:0, 587b08df-58b6-4e45-b9a4-fa5989da217d:10.5.0.4:9858:0, 07253c1b-0852-4278-acdf-4e573f18ee77:10.5.0.6:9858:0] returns group-8DE1C705C5F5:java.util.concurrent.CompletableFuture@7bf79ce8[Not completed]
datanode_1_1  | 2020-09-29 13:46:17,751 [pool-19-thread-1] INFO impl.RaftServerImpl: 587b08df-58b6-4e45-b9a4-fa5989da217d@group-FABF221B1EA5: set configuration 0: [587b08df-58b6-4e45-b9a4-fa5989da217d:10.5.0.4:9858:0], old=null at 0
datanode_3_1  | 2020-09-29 13:43:53,588 [grpc-default-executor-0] INFO impl.RaftServerImpl: 07253c1b-0852-4278-acdf-4e573f18ee77@group-8DE1C705C5F5: set configuration 0: [7a8eaf15-6f8c-41f2-87e6-eabeb8d93b1d:10.5.0.9:9858:0, 587b08df-58b6-4e45-b9a4-fa5989da217d:10.5.0.4:9858:0, 07253c1b-0852-4278-acdf-4e573f18ee77:10.5.0.6:9858:0], old=null at 0
scm_1         | 	at org.apache.hadoop.ipc.Server$RpcCall.run(Server.java:1016)
datanode_2_1  | 2020-09-29 13:46:22,307 [Datanode State Machine Task Thread - 1] INFO impl.RaftServerImpl: a352fc36-19a4-4f16-92f5-df5ebb280c4a@group-4D3913025205: changes role from      null to FOLLOWER at term 1 for startAsFollower
datanode_6_1  | 2020-09-29 13:43:47,373 [pool-19-thread-1] INFO impl.RaftServerImpl: 7a8eaf15-6f8c-41f2-87e6-eabeb8d93b1d: new RaftServerImpl for group-8DE1C705C5F5:[7a8eaf15-6f8c-41f2-87e6-eabeb8d93b1d:10.5.0.9:9858:0, 587b08df-58b6-4e45-b9a4-fa5989da217d:10.5.0.4:9858:0, 07253c1b-0852-4278-acdf-4e573f18ee77:10.5.0.6:9858:0] with ContainerStateMachine:uninitialized
datanode_1_1  | 2020-09-29 13:46:17,758 [pool-19-thread-1] INFO segmented.LogSegment: Successfully read 1 entries from segment file /data/metadata/ratis/3328339b-353d-491a-9c1f-fabf221b1ea5/current/log_inprogress_0
datanode_3_1  | 2020-09-29 13:43:53,608 [grpc-default-executor-0] INFO segmented.SegmentedRaftLogWorker: 07253c1b-0852-4278-acdf-4e573f18ee77@group-8DE1C705C5F5-SegmentedRaftLogWorker: Starting segment from index:0
scm_1         | 	at org.apache.hadoop.ipc.Server$RpcCall.run(Server.java:927)
scm_1         | 	at java.base/java.security.AccessController.doPrivileged(Native Method)
datanode_6_1  | 2020-09-29 13:43:47,373 [pool-19-thread-1] INFO server.RaftServerConfigKeys: raft.server.rpc.timeout.min = 5s (custom)
datanode_1_1  | 2020-09-29 13:46:17,779 [pool-19-thread-1] INFO segmented.SegmentedRaftLogWorker: 587b08df-58b6-4e45-b9a4-fa5989da217d@group-FABF221B1EA5-SegmentedRaftLogWorker: flushIndex: setUnconditionally 0 -> 0
scm_1         | 	at java.base/javax.security.auth.Subject.doAs(Subject.java:423)
datanode_2_1  | 2020-09-29 13:46:22,308 [Datanode State Machine Task Thread - 1] INFO impl.RoleInfo: a352fc36-19a4-4f16-92f5-df5ebb280c4a: start FollowerState
datanode_3_1  | 2020-09-29 13:43:53,616 [07253c1b-0852-4278-acdf-4e573f18ee77@group-8DE1C705C5F5-SegmentedRaftLogWorker] INFO segmented.SegmentedRaftLogWorker: 07253c1b-0852-4278-acdf-4e573f18ee77@group-8DE1C705C5F5-SegmentedRaftLogWorker: created new log segment /data/metadata/ratis/3ce2e4fc-65b5-45dd-a398-8de1c705c5f5/current/log_inprogress_0
datanode_6_1  | 2020-09-29 13:43:47,374 [pool-19-thread-1] INFO server.RaftServerConfigKeys: raft.server.rpc.timeout.max = 5200ms (custom)
datanode_1_1  | 2020-09-29 13:46:17,781 [pool-19-thread-1] INFO segmented.SegmentedRaftLogWorker: 587b08df-58b6-4e45-b9a4-fa5989da217d@group-FABF221B1EA5-SegmentedRaftLogWorker: safeCacheEvictIndex: setUnconditionally 0 -> -1
scm_1         | 	at org.apache.hadoop.security.UserGroupInformation.doAs(UserGroupInformation.java:1730)
datanode_2_1  | 2020-09-29 13:46:22,327 [Datanode State Machine Task Thread - 1] INFO util.JmxRegister: Successfully registered JMX Bean with object name Ratis:service=RaftServer,group=group-4D3913025205,id=a352fc36-19a4-4f16-92f5-df5ebb280c4a
datanode_3_1  | 2020-09-29 13:44:13,058 [grpc-default-executor-0] INFO keyvalue.KeyValueHandler: Operation: GetBlock , Trace ID:  , Message: Unable to find the block with bcsID 2 .Container 2 bcsId is 0. , Result: UNKNOWN_BCSID , StorageContainerException Occurred.
datanode_6_1  | 2020-09-29 13:43:47,374 [pool-19-thread-1] INFO server.RaftServerConfigKeys: raft.server.rpcslowness.timeout = 300s (custom)
datanode_1_1  | 2020-09-29 13:46:17,784 [main] INFO util.log: Logging initialized @15392ms to org.eclipse.jetty.util.log.Slf4jLog
scm_1         | 	at org.apache.hadoop.ipc.Server$Handler.run(Server.java:2915)
datanode_2_1  | 2020-09-29 13:46:22,329 [Datanode State Machine Task Thread - 1] INFO metrics.RatisMetrics: Creating Metrics Registry : ratis.state_machine.a352fc36-19a4-4f16-92f5-df5ebb280c4a@group-4D3913025205
datanode_3_1  | org.apache.hadoop.hdds.scm.container.common.helpers.StorageContainerException: Unable to find the block with bcsID 2 .Container 2 bcsId is 0.
datanode_6_1  | 2020-09-29 13:43:47,374 [pool-19-thread-1] INFO server.RaftServerConfigKeys: raft.server.sleep.deviation.threshold = 300 (default)
datanode_1_1  | 2020-09-29 13:46:18,120 [pool-19-thread-1] INFO server.RaftServerConfigKeys: raft.server.snapshot.auto.trigger.enabled = true (custom)
scm_1         | 2020-09-29 13:43:40,037 [IPC Server handler 0 on default port 9861] INFO ipc.Server: IPC Server handler 0 on default port 9861 caught an exception
datanode_2_1  | 2020-09-29 13:46:22,354 [Datanode State Machine Task Thread - 1] INFO impl.RaftServerProxy: a352fc36-19a4-4f16-92f5-df5ebb280c4a: start RPC server
datanode_3_1  | 	at org.apache.hadoop.ozone.container.keyvalue.impl.BlockManagerImpl.getBlock(BlockManagerImpl.java:195)
datanode_6_1  | 2020-09-29 13:43:47,374 [pool-19-thread-1] INFO server.RaftServerConfigKeys: raft.server.log.appender.install.snapshot.enabled = false (custom)
datanode_1_1  | 2020-09-29 13:46:18,125 [pool-19-thread-1] INFO server.RaftServerConfigKeys: raft.server.snapshot.auto.trigger.threshold = 10000 (custom)
scm_1         | java.nio.channels.AsynchronousCloseException
datanode_2_1  | 2020-09-29 13:46:22,521 [Datanode State Machine Task Thread - 1] INFO server.GrpcService: a352fc36-19a4-4f16-92f5-df5ebb280c4a: GrpcService started, listening on 0.0.0.0/0.0.0.0:9858
datanode_3_1  | 	at org.apache.hadoop.ozone.container.keyvalue.KeyValueHandler.handleGetBlock(KeyValueHandler.java:475)
datanode_6_1  | 2020-09-29 13:43:47,377 [pool-19-thread-1] INFO impl.RaftServerImpl: 7a8eaf15-6f8c-41f2-87e6-eabeb8d93b1d@group-8DE1C705C5F5: ConfigurationManager, init=-1: [7a8eaf15-6f8c-41f2-87e6-eabeb8d93b1d:10.5.0.9:9858:0, 587b08df-58b6-4e45-b9a4-fa5989da217d:10.5.0.4:9858:0, 07253c1b-0852-4278-acdf-4e573f18ee77:10.5.0.6:9858:0], old=null, confs=<EMPTY_MAP>
datanode_1_1  | 2020-09-29 13:46:18,132 [pool-19-thread-1] INFO server.RaftServerConfigKeys: raft.server.snapshot.retention.file.num = 5 (custom)
scm_1         | 	at java.base/sun.nio.ch.SocketChannelImpl.write(SocketChannelImpl.java:471)
datanode_2_1  | 2020-09-29 13:46:27,319 [Thread-19] INFO impl.FollowerState: a352fc36-19a4-4f16-92f5-df5ebb280c4a@group-4D3913025205-FollowerState: change to CANDIDATE, lastRpcTime:5011ms, electionTimeout:5002ms
datanode_3_1  | 	at org.apache.hadoop.ozone.container.keyvalue.KeyValueHandler.dispatchRequest(KeyValueHandler.java:181)
datanode_6_1  | 2020-09-29 13:43:47,377 [pool-19-thread-1] INFO server.RaftServerConfigKeys: raft.server.storage.dir = [/data/metadata/ratis] (custom)
datanode_6_1  | 2020-09-29 13:43:47,378 [pool-19-thread-1] INFO server.RaftServerConfigKeys: raft.server.log.corruption.policy = EXCEPTION (default)
scm_1         | 	at org.apache.hadoop.ipc.Server.channelWrite(Server.java:3550)
datanode_3_1  | 	at org.apache.hadoop.ozone.container.keyvalue.KeyValueHandler.handle(KeyValueHandler.java:155)
datanode_1_1  | 2020-09-29 13:46:18,132 [pool-19-thread-1] INFO server.RaftServerConfigKeys: raft.server.log.purge.upto.snapshot.index = false (default)
datanode_1_1  | 2020-09-29 13:46:18,133 [pool-19-thread-1] INFO server.RaftServerConfigKeys: raft.server.retrycache.expirytime = 600000ms (custom)
datanode_2_1  | 2020-09-29 13:46:27,320 [Thread-19] INFO impl.RoleInfo: a352fc36-19a4-4f16-92f5-df5ebb280c4a: shutdown FollowerState
datanode_3_1  | 	at org.apache.hadoop.ozone.container.common.impl.HddsDispatcher.dispatchRequest(HddsDispatcher.java:307)
datanode_1_1  | 2020-09-29 13:46:18,193 [pool-19-thread-1] INFO metrics.RatisMetrics: Creating Metrics Registry : ratis.leader_election.587b08df-58b6-4e45-b9a4-fa5989da217d@group-FABF221B1EA5
datanode_6_1  | 2020-09-29 13:43:47,378 [pool-19-thread-1] INFO storage.RaftStorageDirectory: The storage directory /data/metadata/ratis/3ce2e4fc-65b5-45dd-a398-8de1c705c5f5 does not exist. Creating ...
scm_1         | 	at org.apache.hadoop.ipc.Server.access$1700(Server.java:139)
datanode_2_1  | 2020-09-29 13:46:27,320 [Thread-19] INFO impl.RaftServerImpl: a352fc36-19a4-4f16-92f5-df5ebb280c4a@group-4D3913025205: changes role from  FOLLOWER to CANDIDATE at term 1 for changeToCandidate
datanode_3_1  | 	at org.apache.hadoop.ozone.container.common.impl.HddsDispatcher.lambda$dispatch$0(HddsDispatcher.java:169)
datanode_1_1  | 2020-09-29 13:46:18,201 [pool-19-thread-1] INFO metrics.RatisMetrics: Creating Metrics Registry : ratis.server.587b08df-58b6-4e45-b9a4-fa5989da217d@group-FABF221B1EA5
datanode_6_1  | 2020-09-29 13:43:47,384 [pool-19-thread-1] INFO storage.RaftStorageDirectory: Lock on /data/metadata/ratis/3ce2e4fc-65b5-45dd-a398-8de1c705c5f5/in_use.lock acquired by nodename 6@a7ed6f026776
scm_1         | 	at org.apache.hadoop.ipc.Server$Responder.processResponse(Server.java:1620)
datanode_2_1  | 2020-09-29 13:46:27,322 [Thread-19] INFO impl.RoleInfo: a352fc36-19a4-4f16-92f5-df5ebb280c4a: start LeaderElection
datanode_3_1  | 	at org.apache.hadoop.hdds.server.OzoneProtocolMessageDispatcher.processRequest(OzoneProtocolMessageDispatcher.java:73)
datanode_1_1  | 2020-09-29 13:46:18,222 [pool-19-thread-1] INFO impl.RaftServerImpl: 587b08df-58b6-4e45-b9a4-fa5989da217d: new RaftServerImpl for group-05A90F623F04:[] with ContainerStateMachine:uninitialized
datanode_6_1  | 2020-09-29 13:43:47,392 [pool-19-thread-1] INFO storage.RaftStorage: Storage directory /data/metadata/ratis/3ce2e4fc-65b5-45dd-a398-8de1c705c5f5 has been successfully formatted.
scm_1         | 	at org.apache.hadoop.ipc.Server$Responder.doRespond(Server.java:1690)
datanode_2_1  | 2020-09-29 13:46:27,435 [a352fc36-19a4-4f16-92f5-df5ebb280c4a@group-4D3913025205-LeaderElection1] INFO impl.LeaderElection: a352fc36-19a4-4f16-92f5-df5ebb280c4a@group-4D3913025205-LeaderElection1: begin an election at term 2 for 0: [a352fc36-19a4-4f16-92f5-df5ebb280c4a:10.5.0.5:9858:0], old=null
datanode_3_1  | 	at org.apache.hadoop.ozone.container.common.impl.HddsDispatcher.dispatch(HddsDispatcher.java:168)
datanode_1_1  | 2020-09-29 13:46:18,225 [pool-19-thread-1] INFO server.RaftServerConfigKeys: raft.server.rpc.timeout.min = 5s (custom)
datanode_6_1  | 2020-09-29 13:43:47,394 [pool-19-thread-1] INFO ratis.ContainerStateMachine: group-8DE1C705C5F5: The snapshot info is null. Setting the last applied indexto:(t:0, i:~)
scm_1         | 	at org.apache.hadoop.ipc.Server$Connection.sendResponse(Server.java:2785)
datanode_2_1  | 2020-09-29 13:46:27,437 [a352fc36-19a4-4f16-92f5-df5ebb280c4a@group-4D3913025205-LeaderElection1] INFO impl.RoleInfo: a352fc36-19a4-4f16-92f5-df5ebb280c4a: shutdown LeaderElection
datanode_3_1  | 	at org.apache.hadoop.ozone.container.common.transport.server.GrpcXceiverService$1.onNext(GrpcXceiverService.java:57)
datanode_1_1  | 2020-09-29 13:46:18,225 [pool-19-thread-1] INFO server.RaftServerConfigKeys: raft.server.rpc.timeout.max = 5200ms (custom)
datanode_6_1  | 2020-09-29 13:43:47,404 [pool-19-thread-1] INFO server.RaftServerConfigKeys: raft.server.notification.no-leader.timeout = 300s (custom)
scm_1         | 	at org.apache.hadoop.ipc.Server$Connection.access$300(Server.java:1762)
datanode_2_1  | 2020-09-29 13:46:27,437 [a352fc36-19a4-4f16-92f5-df5ebb280c4a@group-4D3913025205-LeaderElection1] INFO impl.RaftServerImpl: a352fc36-19a4-4f16-92f5-df5ebb280c4a@group-4D3913025205: changes role from CANDIDATE to LEADER at term 2 for changeToLeader
datanode_3_1  | 	at org.apache.hadoop.ozone.container.common.transport.server.GrpcXceiverService$1.onNext(GrpcXceiverService.java:50)
datanode_1_1  | 2020-09-29 13:46:18,225 [pool-19-thread-1] INFO server.RaftServerConfigKeys: raft.server.rpcslowness.timeout = 300s (custom)
datanode_6_1  | 2020-09-29 13:43:47,408 [pool-19-thread-1] INFO server.RaftServerConfigKeys: raft.server.log.use.memory = false (default)
scm_1         | 	at org.apache.hadoop.ipc.Server$RpcCall.doResponse(Server.java:1081)
datanode_2_1  | 2020-09-29 13:46:27,437 [a352fc36-19a4-4f16-92f5-df5ebb280c4a@group-4D3913025205-LeaderElection1] INFO ratis.XceiverServerRatis: Leader change notification received for group: group-4D3913025205 with new leaderId: a352fc36-19a4-4f16-92f5-df5ebb280c4a
datanode_3_1  | 	at org.apache.ratis.thirdparty.io.grpc.stub.ServerCalls$StreamingServerCallHandler$StreamingServerCallListener.onMessage(ServerCalls.java:251)
datanode_1_1  | 2020-09-29 13:46:18,226 [pool-19-thread-1] INFO server.RaftServerConfigKeys: raft.server.sleep.deviation.threshold = 300 (default)
datanode_6_1  | 2020-09-29 13:43:47,408 [pool-19-thread-1] INFO server.RaftServerConfigKeys: raft.server.log.purge.gap = 1000000 (custom)
scm_1         | 	at org.apache.hadoop.ipc.Server$Call.doResponse(Server.java:873)
datanode_2_1  | 2020-09-29 13:46:27,442 [a352fc36-19a4-4f16-92f5-df5ebb280c4a@group-4D3913025205-LeaderElection1] INFO impl.RaftServerImpl: a352fc36-19a4-4f16-92f5-df5ebb280c4a@group-4D3913025205: change Leader from null to a352fc36-19a4-4f16-92f5-df5ebb280c4a at term 2 for becomeLeader, leader elected after 9357ms
datanode_3_1  | 	at org.apache.ratis.thirdparty.io.grpc.ForwardingServerCallListener.onMessage(ForwardingServerCallListener.java:33)
datanode_1_1  | 2020-09-29 13:46:18,226 [pool-19-thread-1] INFO server.RaftServerConfigKeys: raft.server.log.appender.install.snapshot.enabled = false (custom)
datanode_6_1  | 2020-09-29 13:43:47,410 [pool-19-thread-1] INFO metrics.RatisMetrics: Creating Metrics Registry : ratis.log_worker.7a8eaf15-6f8c-41f2-87e6-eabeb8d93b1d@group-8DE1C705C5F5
scm_1         | 	at org.apache.hadoop.ipc.Server$Call.sendResponse(Server.java:859)
datanode_2_1  | 2020-09-29 13:46:27,450 [a352fc36-19a4-4f16-92f5-df5ebb280c4a@group-4D3913025205-LeaderElection1] INFO server.RaftServerConfigKeys: raft.server.staging.catchup.gap = 1000 (default)
datanode_3_1  | 	at org.apache.hadoop.hdds.tracing.GrpcServerInterceptor$1.onMessage(GrpcServerInterceptor.java:49)
datanode_3_1  | 	at org.apache.ratis.thirdparty.io.grpc.internal.ServerCallImpl$ServerStreamListenerImpl.messagesAvailableInternal(ServerCallImpl.java:309)
datanode_6_1  | 2020-09-29 13:43:47,410 [pool-19-thread-1] INFO server.RaftServerConfigKeys: raft.server.log.appender.buffer.byte-limit = 33554432 (custom)
scm_1         | 	at org.apache.hadoop.ipc.Server$RpcCall.run(Server.java:1016)
datanode_2_1  | 2020-09-29 13:46:27,451 [a352fc36-19a4-4f16-92f5-df5ebb280c4a@group-4D3913025205-LeaderElection1] INFO server.RaftServerConfigKeys: raft.server.rpc.sleep.time = 25ms (default)
datanode_3_1  | 	at org.apache.ratis.thirdparty.io.grpc.internal.ServerCallImpl$ServerStreamListenerImpl.messagesAvailable(ServerCallImpl.java:292)
datanode_1_1  | 2020-09-29 13:46:18,226 [pool-19-thread-1] INFO impl.RaftServerImpl: 587b08df-58b6-4e45-b9a4-fa5989da217d@group-05A90F623F04: ConfigurationManager, init=-1: [], old=null, confs=<EMPTY_MAP>
datanode_6_1  | 2020-09-29 13:43:47,411 [pool-19-thread-1] INFO server.RaftServerConfigKeys: raft.server.log.segment.size.max = 1048576 (custom)
scm_1         | 	at org.apache.hadoop.ipc.Server$RpcCall.run(Server.java:927)
datanode_2_1  | 2020-09-29 13:46:27,462 [a352fc36-19a4-4f16-92f5-df5ebb280c4a@group-4D3913025205-LeaderElection1] INFO metrics.RatisMetrics: Creating Metrics Registry : ratis.log_appender.a352fc36-19a4-4f16-92f5-df5ebb280c4a@group-4D3913025205
datanode_3_1  | 	at org.apache.ratis.thirdparty.io.grpc.internal.ServerImpl$JumpToApplicationThreadServerStreamListener$1MessagesAvailable.runInContext(ServerImpl.java:783)
datanode_1_1  | 2020-09-29 13:46:18,226 [pool-19-thread-1] INFO server.RaftServerConfigKeys: raft.server.storage.dir = [/data/metadata/ratis] (custom)
datanode_6_1  | 2020-09-29 13:43:47,411 [pool-19-thread-1] INFO server.RaftServerConfigKeys: raft.server.log.segment.cache.num.max = 2 (custom)
scm_1         | 	at java.base/java.security.AccessController.doPrivileged(Native Method)
datanode_2_1  | 2020-09-29 13:46:27,468 [a352fc36-19a4-4f16-92f5-df5ebb280c4a@group-4D3913025205-LeaderElection1] INFO server.RaftServerConfigKeys: raft.server.write.element-limit = 1024 (custom)
datanode_3_1  | 	at org.apache.ratis.thirdparty.io.grpc.internal.ContextRunnable.run(ContextRunnable.java:37)
datanode_1_1  | 2020-09-29 13:46:18,226 [pool-19-thread-1] INFO server.RaftServerConfigKeys: raft.server.log.corruption.policy = EXCEPTION (default)
datanode_6_1  | 2020-09-29 13:43:47,417 [pool-19-thread-1] INFO segmented.SegmentedRaftLogWorker: new 7a8eaf15-6f8c-41f2-87e6-eabeb8d93b1d@group-8DE1C705C5F5-SegmentedRaftLogWorker for RaftStorage:Storage Directory /data/metadata/ratis/3ce2e4fc-65b5-45dd-a398-8de1c705c5f5
scm_1         | 	at java.base/javax.security.auth.Subject.doAs(Subject.java:423)
datanode_2_1  | 2020-09-29 13:46:27,469 [a352fc36-19a4-4f16-92f5-df5ebb280c4a@group-4D3913025205-LeaderElection1] INFO server.RaftServerConfigKeys: raft.server.write.byte-limit = 1073741824 (custom)
datanode_3_1  | 	at org.apache.ratis.thirdparty.io.grpc.internal.SerializingExecutor.run(SerializingExecutor.java:123)
datanode_1_1  | 2020-09-29 13:46:18,233 [pool-19-thread-1] INFO storage.RaftStorageDirectory: Lock on /data/metadata/ratis/900f1ac4-c759-419b-8960-05a90f623f04/in_use.lock acquired by nodename 10@8dd44863b2f9
datanode_6_1  | 2020-09-29 13:43:47,418 [pool-19-thread-1] INFO server.RaftServerConfigKeys: raft.server.log.queue.byte-limit = 2147483647 (custom)
scm_1         | 	at org.apache.hadoop.security.UserGroupInformation.doAs(UserGroupInformation.java:1730)
datanode_2_1  | 2020-09-29 13:46:27,573 [a352fc36-19a4-4f16-92f5-df5ebb280c4a@group-4D3913025205-LeaderElection1] INFO server.RaftServerConfigKeys: raft.server.watch.timeout = 180s (custom)
datanode_3_1  | 	at java.base/java.util.concurrent.ThreadPoolExecutor.runWorker(ThreadPoolExecutor.java:1128)
datanode_1_1  | 2020-09-29 13:46:18,234 [pool-19-thread-1] INFO ratis.ContainerStateMachine: group-05A90F623F04: The snapshot info is null. Setting the last applied indexto:(t:0, i:~)
datanode_6_1  | 2020-09-29 13:43:47,418 [pool-19-thread-1] INFO server.RaftServerConfigKeys: raft.server.log.queue.element-limit = 1024 (custom)
scm_1         | 	at org.apache.hadoop.ipc.Server$Handler.run(Server.java:2915)
datanode_2_1  | 2020-09-29 13:46:27,586 [a352fc36-19a4-4f16-92f5-df5ebb280c4a@group-4D3913025205-LeaderElection1] INFO server.RaftServerConfigKeys: raft.server.watch.timeout.denomination = 1s (default)
datanode_3_1  | 	at java.base/java.util.concurrent.ThreadPoolExecutor$Worker.run(ThreadPoolExecutor.java:628)
datanode_1_1  | 2020-09-29 13:46:18,234 [pool-19-thread-1] INFO server.RaftServerConfigKeys: raft.server.notification.no-leader.timeout = 300s (custom)
datanode_6_1  | 2020-09-29 13:43:47,418 [pool-19-thread-1] INFO server.RaftServerConfigKeys: raft.server.log.segment.size.max = 1048576 (custom)
scm_1         | 2020-09-29 13:43:40,037 [IPC Server handler 6 on default port 9861] INFO ipc.Server: IPC Server handler 6 on default port 9861 caught an exception
datanode_2_1  | 2020-09-29 13:46:27,586 [a352fc36-19a4-4f16-92f5-df5ebb280c4a@group-4D3913025205-LeaderElection1] INFO server.RaftServerConfigKeys: raft.server.watch.element-limit = 65536 (default)
datanode_3_1  | 	at java.base/java.lang.Thread.run(Thread.java:834)
datanode_1_1  | 2020-09-29 13:46:18,234 [pool-19-thread-1] INFO server.RaftServerConfigKeys: raft.server.log.use.memory = false (default)
datanode_6_1  | 2020-09-29 13:43:47,418 [pool-19-thread-1] INFO server.RaftServerConfigKeys: raft.server.log.preallocated.size = 16384 (custom)
scm_1         | java.nio.channels.AsynchronousCloseException
datanode_2_1  | 2020-09-29 13:46:28,210 [a352fc36-19a4-4f16-92f5-df5ebb280c4a@group-4D3913025205-LeaderElection1] INFO impl.RoleInfo: a352fc36-19a4-4f16-92f5-df5ebb280c4a: start LeaderState
datanode_6_1  | 2020-09-29 13:43:47,418 [pool-19-thread-1] INFO server.RaftServerConfigKeys: raft.server.log.write.buffer.size = 1048576 (custom)
scm_1         | 	at java.base/sun.nio.ch.SocketChannelImpl.write(SocketChannelImpl.java:471)
datanode_1_1  | 2020-09-29 13:46:18,234 [pool-19-thread-1] INFO server.RaftServerConfigKeys: raft.server.log.purge.gap = 1000000 (custom)
datanode_3_1  | 2020-09-29 13:44:13,152 [grpc-default-executor-1] INFO keyvalue.KeyValueHandler: Operation: GetBlock , Trace ID:  , Message: Unable to find the block with bcsID 6 .Container 2 bcsId is 0. , Result: UNKNOWN_BCSID , StorageContainerException Occurred.
datanode_2_1  | 2020-09-29 13:46:28,282 [a352fc36-19a4-4f16-92f5-df5ebb280c4a@group-4D3913025205-LeaderElection1] INFO segmented.SegmentedRaftLogWorker: a352fc36-19a4-4f16-92f5-df5ebb280c4a@group-4D3913025205-SegmentedRaftLogWorker: Rolling segment log-0_0 to index:0
datanode_6_1  | 2020-09-29 13:43:47,418 [pool-19-thread-1] INFO server.RaftServerConfigKeys: raft.server.log.force.sync.num = 128 (default)
scm_1         | 	at org.apache.hadoop.ipc.Server.channelWrite(Server.java:3550)
datanode_1_1  | 2020-09-29 13:46:18,234 [pool-19-thread-1] INFO metrics.RatisMetrics: Creating Metrics Registry : ratis.log_worker.587b08df-58b6-4e45-b9a4-fa5989da217d@group-05A90F623F04
datanode_3_1  | org.apache.hadoop.hdds.scm.container.common.helpers.StorageContainerException: Unable to find the block with bcsID 6 .Container 2 bcsId is 0.
datanode_2_1  | 2020-09-29 13:46:28,293 [a352fc36-19a4-4f16-92f5-df5ebb280c4a@group-4D3913025205-SegmentedRaftLogWorker] INFO segmented.SegmentedRaftLogWorker: a352fc36-19a4-4f16-92f5-df5ebb280c4a@group-4D3913025205-SegmentedRaftLogWorker: Rolled log segment from /data/metadata/ratis/42407d11-6c36-4643-94b0-4d3913025205/current/log_inprogress_0 to /data/metadata/ratis/42407d11-6c36-4643-94b0-4d3913025205/current/log_0-0
