recon_1     | 2020-04-17 05:02:51,993 [pool-10-thread-1] INFO impl.ContainerDBServiceProviderImpl: Creating new Recon Container DB at /data/metadata/recon/recon-container-key.db_1587099771967
scm_1       | 2020-04-17 05:01:32,944 [IPC Server handler 0 on 9961] INFO server.SCMClientProtocolServer: Processing CSR for dn 9d7cd003305b, UUID: 5282f289-63a3-4a0e-aa99-40d68823ea37
kdc_1       | Apr 17 05:06:14 kdc krb5kdc[8](info): TGS_REQ (6 etypes {18 17 20 19 16 23}) 172.24.0.4: ISSUE: authtime 1587099941, etypes {rep=18 tkt=18 ses=18}, testuser/scm@EXAMPLE.COM for om/om@EXAMPLE.COM
kdc_1       | Apr 17 05:06:15 kdc krb5kdc[8](info): TGS_REQ (6 etypes {18 17 20 19 16 23}) 172.24.0.4: ISSUE: authtime 1587099941, etypes {rep=18 tkt=18 ses=18}, testuser/scm@EXAMPLE.COM for om/om@EXAMPLE.COM
recon_1     | 2020-04-17 05:02:51,993 [pool-10-thread-1] INFO impl.ContainerDBServiceProviderImpl: Cleaning up old Recon Container DB at /data/metadata/recon/recon-container-key.db_1587099711313.
scm_1       | 2020-04-17 05:01:33,086 [IPC Server handler 0 on 9961] INFO server.SCMClientProtocolServer: Processing CSR for dn 3eac6b989f79, UUID: 4b8efc58-effa-4555-a091-2a95e39c7e6d
s3g_1       | 	at org.jvnet.hk2.internal.ServiceLocatorImpl.getService(ServiceLocatorImpl.java:710)
kdc_1       | Apr 17 05:06:17 kdc krb5kdc[8](info): TGS_REQ (6 etypes {18 17 20 19 16 23}) 172.24.0.4: ISSUE: authtime 1587099941, etypes {rep=18 tkt=18 ses=18}, testuser/scm@EXAMPLE.COM for om/om@EXAMPLE.COM
om_1        | 2020-04-17 05:03:14,131 [Socket Reader #1 for port 9862] INFO ipc.Server: Auth successful for testuser/scm@EXAMPLE.COM (auth:KERBEROS)
recon_1     | 2020-04-17 05:02:52,130 [pool-10-thread-1] INFO tasks.ContainerKeyMapperTask: Completed 'reprocess' of ContainerKeyMapperTask.
scm_1       | 2020-04-17 05:01:33,367 [main] INFO handler.ContextHandler: Started o.e.j.w.WebAppContext@1bbddada{scm,/,file:///tmp/jetty-0_0_0_0-9876-hadoop-hdds-server-scm-0_6_0-SNAPSHOT_jar-_-any-11803435696865288019.dir/webapp/,AVAILABLE}{jar:file:/opt/hadoop/share/ozone/lib/hadoop-hdds-server-scm-0.6.0-SNAPSHOT.jar!/webapps/scm}
s3g_1       | 	at org.glassfish.jersey.inject.hk2.AbstractHk2InjectionManager.getInstance(AbstractHk2InjectionManager.java:184)
kdc_1       | Apr 17 05:06:19 kdc krb5kdc[8](info): TGS_REQ (6 etypes {18 17 20 19 16 23}) 172.24.0.4: ISSUE: authtime 1587099941, etypes {rep=18 tkt=18 ses=18}, testuser/scm@EXAMPLE.COM for om/om@EXAMPLE.COM
om_1        | 2020-04-17 05:03:14,141 [Socket Reader #1 for port 9862] INFO authorize.ServiceAuthorizationManager: Authorization successful for testuser/scm@EXAMPLE.COM (auth:KERBEROS) for protocol=interface org.apache.hadoop.ozone.om.protocol.OzoneManagerProtocol
recon_1     | 2020-04-17 05:02:52,135 [pool-10-thread-1] INFO tasks.ContainerKeyMapperTask: It took me 0.168 seconds to process 125 keys.
scm_1       | 2020-04-17 05:01:33,472 [main] INFO server.AbstractConnector: Started ServerConnector@3b1dc579{HTTP/1.1,[http/1.1]}{0.0.0.0:9876}
s3g_1       | 	at org.glassfish.jersey.inject.hk2.ImmediateHk2InjectionManager.getInstance(ImmediateHk2InjectionManager.java:54)
kdc_1       | Apr 17 05:06:21 kdc krb5kdc[8](info): TGS_REQ (6 etypes {18 17 20 19 16 23}) 172.24.0.4: ISSUE: authtime 1587099941, etypes {rep=18 tkt=18 ses=18}, testuser/scm@EXAMPLE.COM for om/om@EXAMPLE.COM
om_1        | 2020-04-17 05:03:15,900 [Socket Reader #1 for port 9862] INFO ipc.Server: Auth successful for testuser/scm@EXAMPLE.COM (auth:KERBEROS)
recon_1     | 2020-04-17 05:02:52,287 [pool-10-thread-1] INFO tasks.FileSizeCountTask: Completed a 'reprocess' run of FileSizeCountTask.
s3g_1       | 	at org.glassfish.jersey.internal.inject.Injections.getOrCreate(Injections.java:129)
kdc_1       | Apr 17 05:06:24 kdc krb5kdc[8](info): TGS_REQ (6 etypes {18 17 20 19 16 23}) 172.24.0.4: ISSUE: authtime 1587099941, etypes {rep=18 tkt=18 ses=18}, testuser/scm@EXAMPLE.COM for om/om@EXAMPLE.COM
om_1        | 2020-04-17 05:03:15,917 [Socket Reader #1 for port 9862] INFO authorize.ServiceAuthorizationManager: Authorization successful for testuser/scm@EXAMPLE.COM (auth:KERBEROS) for protocol=interface org.apache.hadoop.ozone.om.protocol.OzoneManagerProtocol
recon_1     | 2020-04-17 05:03:01,018 [Socket Reader #1 for port 9891] INFO ipc.Server: Auth successful for dn/d7b57c33d670@EXAMPLE.COM (auth:KERBEROS)
scm_1       | 2020-04-17 05:01:33,473 [main] INFO server.Server: Started @10625ms
s3g_1       | 	at org.glassfish.jersey.server.model.MethodHandler$ClassBasedMethodHandler.getInstance(MethodHandler.java:284)
kdc_1       | Apr 17 05:06:26 kdc krb5kdc[8](info): TGS_REQ (6 etypes {18 17 20 19 16 23}) 172.24.0.4: ISSUE: authtime 1587099941, etypes {rep=18 tkt=18 ses=18}, testuser/scm@EXAMPLE.COM for om/om@EXAMPLE.COM
om_1        | 2020-04-17 05:03:19,059 [Socket Reader #1 for port 9862] INFO ipc.Server: Auth successful for testuser/scm@EXAMPLE.COM (auth:KERBEROS)
recon_1     | 2020-04-17 05:03:01,027 [Socket Reader #1 for port 9891] INFO authorize.ServiceAuthorizationManager: Authorization successful for dn/d7b57c33d670@EXAMPLE.COM (auth:KERBEROS) for protocol=interface org.apache.hadoop.ozone.protocol.ReconDatanodeProtocol
scm_1       | 2020-04-17 05:01:33,508 [main] INFO impl.MetricsSinkAdapter: Sink prometheus started
s3g_1       | 	at org.glassfish.jersey.server.internal.routing.PushMethodHandlerRouter.apply(PushMethodHandlerRouter.java:75)
kdc_1       | Apr 17 05:06:27 kdc krb5kdc[8](info): TGS_REQ (6 etypes {18 17 20 19 16 23}) 172.24.0.4: ISSUE: authtime 1587099941, etypes {rep=18 tkt=18 ses=18}, testuser/scm@EXAMPLE.COM for om/om@EXAMPLE.COM
om_1        | 2020-04-17 05:03:19,066 [Socket Reader #1 for port 9862] INFO authorize.ServiceAuthorizationManager: Authorization successful for testuser/scm@EXAMPLE.COM (auth:KERBEROS) for protocol=interface org.apache.hadoop.ozone.om.protocol.OzoneManagerProtocol
recon_1     | 2020-04-17 05:03:01,253 [Socket Reader #1 for port 9891] INFO ipc.Server: Auth successful for dn/9d7cd003305b@EXAMPLE.COM (auth:KERBEROS)
scm_1       | 2020-04-17 05:01:33,508 [main] INFO impl.MetricsSystemImpl: Registered sink prometheus
s3g_1       | 	at org.glassfish.jersey.server.internal.routing.RoutingStage._apply(RoutingStage.java:110)
kdc_1       | Apr 17 05:06:29 kdc krb5kdc[8](info): TGS_REQ (6 etypes {18 17 20 19 16 23}) 172.24.0.4: ISSUE: authtime 1587099941, etypes {rep=18 tkt=18 ses=18}, testuser/scm@EXAMPLE.COM for om/om@EXAMPLE.COM
om_1        | 2020-04-17 05:03:20,891 [Socket Reader #1 for port 9862] INFO ipc.Server: Auth successful for testuser/scm@EXAMPLE.COM (auth:KERBEROS)
recon_1     | 2020-04-17 05:03:01,271 [Socket Reader #1 for port 9891] INFO authorize.ServiceAuthorizationManager: Authorization successful for dn/9d7cd003305b@EXAMPLE.COM (auth:KERBEROS) for protocol=interface org.apache.hadoop.ozone.protocol.ReconDatanodeProtocol
scm_1       | 2020-04-17 05:01:33,516 [main] INFO http.BaseHttpServer: HTTP server of scm listening at http://0.0.0.0:9876
s3g_1       | 	at org.glassfish.jersey.server.internal.routing.RoutingStage._apply(RoutingStage.java:113)
kdc_1       | Apr 17 05:06:31 kdc krb5kdc[8](info): TGS_REQ (6 etypes {18 17 20 19 16 23}) 172.24.0.4: ISSUE: authtime 1587099941, etypes {rep=18 tkt=18 ses=18}, testuser/scm@EXAMPLE.COM for om/om@EXAMPLE.COM
om_1        | 2020-04-17 05:03:20,901 [Socket Reader #1 for port 9862] INFO authorize.ServiceAuthorizationManager: Authorization successful for testuser/scm@EXAMPLE.COM (auth:KERBEROS) for protocol=interface org.apache.hadoop.ozone.om.protocol.OzoneManagerProtocol
recon_1     | 2020-04-17 05:03:01,528 [Socket Reader #1 for port 9891] INFO ipc.Server: Auth successful for dn/3eac6b989f79@EXAMPLE.COM (auth:KERBEROS)
scm_1       | 2020-04-17 05:01:33,587 [org.apache.hadoop.util.JvmPauseMonitor$Monitor@7da635c0] INFO util.JvmPauseMonitor: Starting JVM pause monitor
s3g_1       | 	at org.glassfish.jersey.server.internal.routing.RoutingStage._apply(RoutingStage.java:113)
kdc_1       | Apr 17 05:06:33 kdc krb5kdc[8](info): TGS_REQ (6 etypes {18 17 20 19 16 23}) 172.24.0.4: ISSUE: authtime 1587099941, etypes {rep=18 tkt=18 ses=18}, testuser/scm@EXAMPLE.COM for om/om@EXAMPLE.COM
om_1        | 2020-04-17 05:03:22,604 [Socket Reader #1 for port 9862] INFO ipc.Server: Auth successful for testuser/scm@EXAMPLE.COM (auth:KERBEROS)
recon_1     | 2020-04-17 05:03:01,549 [Socket Reader #1 for port 9891] INFO authorize.ServiceAuthorizationManager: Authorization successful for dn/3eac6b989f79@EXAMPLE.COM (auth:KERBEROS) for protocol=interface org.apache.hadoop.ozone.protocol.ReconDatanodeProtocol
scm_1       | 2020-04-17 05:01:33,855 [Socket Reader #1 for port 9860] INFO ipc.Server: Auth successful for HTTP/scm@EXAMPLE.COM (auth:KERBEROS)
s3g_1       | 	at org.glassfish.jersey.server.internal.routing.RoutingStage._apply(RoutingStage.java:113)
kdc_1       | Apr 17 05:06:35 kdc krb5kdc[8](info): TGS_REQ (6 etypes {18 17 20 19 16 23}) 172.24.0.4: ISSUE: authtime 1587099941, etypes {rep=18 tkt=18 ses=18}, testuser/scm@EXAMPLE.COM for om/om@EXAMPLE.COM
om_1        | 2020-04-17 05:03:22,624 [Socket Reader #1 for port 9862] INFO authorize.ServiceAuthorizationManager: Authorization successful for testuser/scm@EXAMPLE.COM (auth:KERBEROS) for protocol=interface org.apache.hadoop.ozone.om.protocol.OzoneManagerProtocol
scm_1       | 2020-04-17 05:01:33,884 [Socket Reader #1 for port 9860] INFO authorize.ServiceAuthorizationManager: Authorization successful for HTTP/scm@EXAMPLE.COM (auth:KERBEROS) for protocol=interface org.apache.hadoop.hdds.scm.protocol.StorageContainerLocationProtocol
s3g_1       | 	at org.glassfish.jersey.server.internal.routing.RoutingStage.apply(RoutingStage.java:93)
kdc_1       | Apr 17 05:06:37 kdc krb5kdc[8](info): TGS_REQ (6 etypes {18 17 20 19 16 23}) 172.24.0.4: ISSUE: authtime 1587099941, etypes {rep=18 tkt=18 ses=18}, testuser/scm@EXAMPLE.COM for om/om@EXAMPLE.COM
om_1        | 2020-04-17 05:03:24,386 [Socket Reader #1 for port 9862] INFO ipc.Server: Auth successful for testuser/scm@EXAMPLE.COM (auth:KERBEROS)
recon_1     | 2020-04-17 05:03:31,016 [Socket Reader #1 for port 9891] INFO ipc.Server: Auth successful for dn/d7b57c33d670@EXAMPLE.COM (auth:KERBEROS)
scm_1       | 2020-04-17 05:01:36,102 [Socket Reader #1 for port 9961] INFO ipc.Server: Auth successful for om/om@EXAMPLE.COM (auth:KERBEROS)
s3g_1       | 	at org.glassfish.jersey.server.internal.routing.RoutingStage.apply(RoutingStage.java:62)
kdc_1       | Apr 17 05:06:37 kdc krb5kdc[8](info): AS_REQ (8 etypes {18 17 20 19 16 23 25 26}) 172.24.0.4: ISSUE: authtime 1587099997, etypes {rep=18 tkt=18 ses=18}, testuser2/scm@EXAMPLE.COM for krbtgt/EXAMPLE.COM@EXAMPLE.COM
om_1        | 2020-04-17 05:03:24,397 [Socket Reader #1 for port 9862] INFO authorize.ServiceAuthorizationManager: Authorization successful for testuser/scm@EXAMPLE.COM (auth:KERBEROS) for protocol=interface org.apache.hadoop.ozone.om.protocol.OzoneManagerProtocol
scm_1       | 2020-04-17 05:01:36,117 [Socket Reader #1 for port 9961] INFO authorize.ServiceAuthorizationManager: Authorization successful for om/om@EXAMPLE.COM (auth:KERBEROS) for protocol=interface org.apache.hadoop.hdds.protocol.SCMSecurityProtocol
recon_1     | 2020-04-17 05:03:31,038 [Socket Reader #1 for port 9891] INFO authorize.ServiceAuthorizationManager: Authorization successful for dn/d7b57c33d670@EXAMPLE.COM (auth:KERBEROS) for protocol=interface org.apache.hadoop.ozone.protocol.ReconDatanodeProtocol
s3g_1       | 	at org.glassfish.jersey.process.internal.Stages.process(Stages.java:197)
kdc_1       | Apr 17 05:06:39 kdc krb5kdc[8](info): TGS_REQ (6 etypes {18 17 20 19 16 23}) 172.24.0.4: ISSUE: authtime 1587099997, etypes {rep=18 tkt=18 ses=18}, testuser2/scm@EXAMPLE.COM for om/om@EXAMPLE.COM
om_1        | 2020-04-17 05:03:26,103 [Socket Reader #1 for port 9862] INFO ipc.Server: Auth successful for testuser/scm@EXAMPLE.COM (auth:KERBEROS)
scm_1       | 2020-04-17 05:01:36,119 [IPC Server handler 1 on 9961] INFO server.SCMClientProtocolServer: Processing CSR for om om, UUID: a9622396-f520-4e9c-9239-d2b0ba148a7b
recon_1     | 2020-04-17 05:03:31,246 [Socket Reader #1 for port 9891] INFO ipc.Server: Auth successful for dn/9d7cd003305b@EXAMPLE.COM (auth:KERBEROS)
s3g_1       | 	at org.glassfish.jersey.server.ServerRuntime$1.run(ServerRuntime.java:269)
kdc_1       | Apr 17 05:06:40 kdc krb5kdc[8](info): TGS_REQ (6 etypes {18 17 20 19 16 23}) 172.24.0.4: ISSUE: authtime 1587099997, etypes {rep=18 tkt=18 ses=18}, testuser2/scm@EXAMPLE.COM for om/om@EXAMPLE.COM
om_1        | 2020-04-17 05:03:26,117 [Socket Reader #1 for port 9862] INFO authorize.ServiceAuthorizationManager: Authorization successful for testuser/scm@EXAMPLE.COM (auth:KERBEROS) for protocol=interface org.apache.hadoop.ozone.om.protocol.OzoneManagerProtocol
scm_1       | 2020-04-17 05:01:39,072 [Socket Reader #1 for port 9861] INFO ipc.Server: Auth successful for dn/d7b57c33d670@EXAMPLE.COM (auth:KERBEROS)
recon_1     | 2020-04-17 05:03:31,254 [Socket Reader #1 for port 9891] INFO authorize.ServiceAuthorizationManager: Authorization successful for dn/9d7cd003305b@EXAMPLE.COM (auth:KERBEROS) for protocol=interface org.apache.hadoop.ozone.protocol.ReconDatanodeProtocol
s3g_1       | 	at org.glassfish.jersey.internal.Errors$1.call(Errors.java:272)
kdc_1       | Apr 17 05:06:42 kdc krb5kdc[8](info): TGS_REQ (6 etypes {18 17 20 19 16 23}) 172.24.0.4: ISSUE: authtime 1587099997, etypes {rep=18 tkt=18 ses=18}, testuser2/scm@EXAMPLE.COM for om/om@EXAMPLE.COM
om_1        | 2020-04-17 05:03:27,798 [Socket Reader #1 for port 9862] INFO ipc.Server: Auth successful for testuser/scm@EXAMPLE.COM (auth:KERBEROS)
scm_1       | 2020-04-17 05:01:39,093 [Socket Reader #1 for port 9861] INFO authorize.ServiceAuthorizationManager: Authorization successful for dn/d7b57c33d670@EXAMPLE.COM (auth:KERBEROS) for protocol=interface org.apache.hadoop.ozone.protocol.StorageContainerDatanodeProtocol
recon_1     | 2020-04-17 05:03:31,533 [Socket Reader #1 for port 9891] INFO ipc.Server: Auth successful for dn/3eac6b989f79@EXAMPLE.COM (auth:KERBEROS)
s3g_1       | 	at org.glassfish.jersey.internal.Errors$1.call(Errors.java:268)
kdc_1       | Apr 17 05:06:42 kdc krb5kdc[8](info): AS_REQ (8 etypes {18 17 20 19 16 23 25 26}) 172.24.0.4: ISSUE: authtime 1587100002, etypes {rep=18 tkt=18 ses=18}, testuser/scm@EXAMPLE.COM for krbtgt/EXAMPLE.COM@EXAMPLE.COM
om_1        | 2020-04-17 05:03:27,806 [Socket Reader #1 for port 9862] INFO authorize.ServiceAuthorizationManager: Authorization successful for testuser/scm@EXAMPLE.COM (auth:KERBEROS) for protocol=interface org.apache.hadoop.ozone.om.protocol.OzoneManagerProtocol
scm_1       | 2020-04-17 05:01:39,582 [Socket Reader #1 for port 9861] INFO ipc.Server: Auth successful for dn/3eac6b989f79@EXAMPLE.COM (auth:KERBEROS)
recon_1     | 2020-04-17 05:03:31,543 [Socket Reader #1 for port 9891] INFO authorize.ServiceAuthorizationManager: Authorization successful for dn/3eac6b989f79@EXAMPLE.COM (auth:KERBEROS) for protocol=interface org.apache.hadoop.ozone.protocol.ReconDatanodeProtocol
s3g_1       | 	at org.glassfish.jersey.internal.Errors.process(Errors.java:316)
kdc_1       | Apr 17 05:06:44 kdc krb5kdc[8](info): TGS_REQ (6 etypes {18 17 20 19 16 23}) 172.24.0.4: ISSUE: authtime 1587100002, etypes {rep=18 tkt=18 ses=18}, testuser/scm@EXAMPLE.COM for om/om@EXAMPLE.COM
om_1        | 2020-04-17 05:03:29,463 [Socket Reader #1 for port 9862] INFO ipc.Server: Auth successful for testuser/scm@EXAMPLE.COM (auth:KERBEROS)
scm_1       | 2020-04-17 05:01:39,591 [Socket Reader #1 for port 9861] INFO authorize.ServiceAuthorizationManager: Authorization successful for dn/3eac6b989f79@EXAMPLE.COM (auth:KERBEROS) for protocol=interface org.apache.hadoop.ozone.protocol.StorageContainerDatanodeProtocol
recon_1     | 2020-04-17 05:03:52,317 [pool-9-thread-1] INFO impl.OzoneManagerServiceProviderImpl: Syncing data from Ozone Manager.
s3g_1       | 	at org.glassfish.jersey.internal.Errors.process(Errors.java:298)
kdc_1       | Apr 17 05:06:44 kdc krb5kdc[8](info): AS_REQ (8 etypes {18 17 20 19 16 23 25 26}) 172.24.0.4: ISSUE: authtime 1587100004, etypes {rep=18 tkt=18 ses=18}, testuser2/scm@EXAMPLE.COM for krbtgt/EXAMPLE.COM@EXAMPLE.COM
om_1        | 2020-04-17 05:03:29,490 [Socket Reader #1 for port 9862] INFO authorize.ServiceAuthorizationManager: Authorization successful for testuser/scm@EXAMPLE.COM (auth:KERBEROS) for protocol=interface org.apache.hadoop.ozone.om.protocol.OzoneManagerProtocol
scm_1       | 2020-04-17 05:01:39,907 [Socket Reader #1 for port 9861] INFO ipc.Server: Auth successful for dn/9d7cd003305b@EXAMPLE.COM (auth:KERBEROS)
recon_1     | 2020-04-17 05:03:52,318 [pool-9-thread-1] INFO impl.OzoneManagerServiceProviderImpl: Obtaining delta updates from Ozone Manager
s3g_1       | 	at org.glassfish.jersey.internal.Errors.process(Errors.java:268)
kdc_1       | Apr 17 05:06:46 kdc krb5kdc[8](info): TGS_REQ (6 etypes {18 17 20 19 16 23}) 172.24.0.4: ISSUE: authtime 1587100004, etypes {rep=18 tkt=18 ses=18}, testuser2/scm@EXAMPLE.COM for om/om@EXAMPLE.COM
om_1        | 2020-04-17 05:03:29,719 [IPC Server handler 52 on 9862] INFO volume.OMVolumeCreateRequest: created volume:21966-rpcwoport2 for user:testuser/scm@EXAMPLE.COM
scm_1       | 2020-04-17 05:01:39,932 [Socket Reader #1 for port 9861] INFO authorize.ServiceAuthorizationManager: Authorization successful for dn/9d7cd003305b@EXAMPLE.COM (auth:KERBEROS) for protocol=interface org.apache.hadoop.ozone.protocol.StorageContainerDatanodeProtocol
recon_1     | 2020-04-17 05:03:52,536 [pool-10-thread-1] INFO tasks.ContainerKeyMapperTask: ContainerKeyMapperTask successfully processed 4 OM DB update event(s).
s3g_1       | 	at org.glassfish.jersey.process.internal.RequestScope.runInScope(RequestScope.java:289)
kdc_1       | Apr 17 05:06:48 kdc krb5kdc[8](info): TGS_REQ (6 etypes {18 17 20 19 16 23}) 172.24.0.4: ISSUE: authtime 1587100004, etypes {rep=18 tkt=18 ses=18}, testuser2/scm@EXAMPLE.COM for om/om@EXAMPLE.COM
om_1        | 2020-04-17 05:03:31,167 [Socket Reader #1 for port 9862] INFO ipc.Server: Auth successful for testuser/scm@EXAMPLE.COM (auth:KERBEROS)
scm_1       | 2020-04-17 05:01:41,065 [IPC Server handler 3 on 9861] INFO net.NetworkTopology: Added a new node: /default-rack/f0061045-555d-4b31-8496-ce1bd905f9bf
recon_1     | 2020-04-17 05:03:52,675 [pool-10-thread-1] INFO tasks.FileSizeCountTask: Completed a 'process' run of FileSizeCountTask.
s3g_1       | 	at org.glassfish.jersey.server.ServerRuntime.process(ServerRuntime.java:256)
kdc_1       | Apr 17 05:06:49 kdc krb5kdc[8](info): TGS_REQ (6 etypes {18 17 20 19 16 23}) 172.24.0.4: ISSUE: authtime 1587100004, etypes {rep=18 tkt=18 ses=18}, testuser2/scm@EXAMPLE.COM for om/om@EXAMPLE.COM
om_1        | 2020-04-17 05:03:31,180 [Socket Reader #1 for port 9862] INFO authorize.ServiceAuthorizationManager: Authorization successful for testuser/scm@EXAMPLE.COM (auth:KERBEROS) for protocol=interface org.apache.hadoop.ozone.om.protocol.OzoneManagerProtocol
scm_1       | 2020-04-17 05:01:41,072 [IPC Server handler 3 on 9861] INFO node.SCMNodeManager: Registered Data node : f0061045-555d-4b31-8496-ce1bd905f9bf{ip: 172.24.0.3, host: ozonesecure_datanode_1.ozonesecure_default, networkLocation: /default-rack, certSerialId: 2599346767445}
recon_1     | 2020-04-17 05:04:01,018 [Socket Reader #1 for port 9891] INFO ipc.Server: Auth successful for dn/d7b57c33d670@EXAMPLE.COM (auth:KERBEROS)
s3g_1       | 	at org.glassfish.jersey.server.ApplicationHandler.handle(ApplicationHandler.java:703)
kdc_1       | Apr 17 05:06:51 kdc krb5kdc[8](info): TGS_REQ (6 etypes {18 17 20 19 16 23}) 172.24.0.4: ISSUE: authtime 1587100004, etypes {rep=18 tkt=18 ses=18}, testuser2/scm@EXAMPLE.COM for om/om@EXAMPLE.COM
scm_1       | 2020-04-17 05:01:41,089 [EventQueue-NodeRegistrationContainerReportForDataNodeSafeModeRule] INFO safemode.SCMSafeModeManager: SCM in safe mode. 1 DataNodes registered, 3 required.
recon_1     | 2020-04-17 05:04:01,024 [Socket Reader #1 for port 9891] INFO authorize.ServiceAuthorizationManager: Authorization successful for dn/d7b57c33d670@EXAMPLE.COM (auth:KERBEROS) for protocol=interface org.apache.hadoop.ozone.protocol.ReconDatanodeProtocol
s3g_1       | 	at org.glassfish.jersey.servlet.WebComponent.serviceImpl(WebComponent.java:416)
om_1        | 2020-04-17 05:03:33,126 [Socket Reader #1 for port 9862] INFO ipc.Server: Auth successful for testuser/scm@EXAMPLE.COM (auth:KERBEROS)
kdc_1       | Apr 17 05:06:54 kdc krb5kdc[8](info): TGS_REQ (6 etypes {18 17 20 19 16 23}) 172.24.0.4: ISSUE: authtime 1587100004, etypes {rep=18 tkt=18 ses=18}, testuser2/scm@EXAMPLE.COM for om/om@EXAMPLE.COM
scm_1       | 2020-04-17 05:01:41,097 [Socket Reader #1 for port 9863] INFO ipc.Server: Auth successful for om/om@EXAMPLE.COM (auth:KERBEROS)
recon_1     | 2020-04-17 05:04:01,245 [Socket Reader #1 for port 9891] INFO ipc.Server: Auth successful for dn/9d7cd003305b@EXAMPLE.COM (auth:KERBEROS)
s3g_1       | 	at org.glassfish.jersey.servlet.WebComponent.service(WebComponent.java:370)
om_1        | 2020-04-17 05:03:33,139 [Socket Reader #1 for port 9862] INFO authorize.ServiceAuthorizationManager: Authorization successful for testuser/scm@EXAMPLE.COM (auth:KERBEROS) for protocol=interface org.apache.hadoop.ozone.om.protocol.OzoneManagerProtocol
kdc_1       | Apr 17 05:06:54 kdc krb5kdc[8](info): AS_REQ (8 etypes {18 17 20 19 16 23 25 26}) 172.24.0.4: ISSUE: authtime 1587100014, etypes {rep=18 tkt=18 ses=18}, testuser/scm@EXAMPLE.COM for krbtgt/EXAMPLE.COM@EXAMPLE.COM
scm_1       | 2020-04-17 05:01:41,094 [EventQueue-NodeRegistrationContainerReportForContainerSafeModeRule] INFO safemode.SCMSafeModeManager: ContainerSafeModeRule rule is successfully validated
recon_1     | 2020-04-17 05:04:01,250 [Socket Reader #1 for port 9891] INFO authorize.ServiceAuthorizationManager: Authorization successful for dn/9d7cd003305b@EXAMPLE.COM (auth:KERBEROS) for protocol=interface org.apache.hadoop.ozone.protocol.ReconDatanodeProtocol
s3g_1       | 	at org.glassfish.jersey.servlet.ServletContainer.service(ServletContainer.java:389)
om_1        | 2020-04-17 05:03:34,788 [Socket Reader #1 for port 9862] INFO ipc.Server: Auth successful for testuser/scm@EXAMPLE.COM (auth:KERBEROS)
kdc_1       | Apr 17 05:06:56 kdc krb5kdc[8](info): TGS_REQ (6 etypes {18 17 20 19 16 23}) 172.24.0.4: ISSUE: authtime 1587100014, etypes {rep=18 tkt=18 ses=18}, testuser/scm@EXAMPLE.COM for om/om@EXAMPLE.COM
scm_1       | 2020-04-17 05:01:41,140 [Socket Reader #1 for port 9863] INFO authorize.ServiceAuthorizationManager: Authorization successful for om/om@EXAMPLE.COM (auth:KERBEROS) for protocol=interface org.apache.hadoop.hdds.scm.protocol.ScmBlockLocationProtocol
recon_1     | 2020-04-17 05:04:01,534 [Socket Reader #1 for port 9891] INFO ipc.Server: Auth successful for dn/3eac6b989f79@EXAMPLE.COM (auth:KERBEROS)
s3g_1       | 	at org.glassfish.jersey.servlet.ServletContainer.service(ServletContainer.java:342)
om_1        | 2020-04-17 05:03:34,799 [Socket Reader #1 for port 9862] INFO authorize.ServiceAuthorizationManager: Authorization successful for testuser/scm@EXAMPLE.COM (auth:KERBEROS) for protocol=interface org.apache.hadoop.ozone.om.protocol.OzoneManagerProtocol
kdc_1       | Apr 17 05:06:57 kdc krb5kdc[8](info): TGS_REQ (6 etypes {18 17 20 19 16 23}) 172.24.0.4: ISSUE: authtime 1587100014, etypes {rep=18 tkt=18 ses=18}, testuser/scm@EXAMPLE.COM for om/om@EXAMPLE.COM
scm_1       | 2020-04-17 05:01:41,146 [RatisPipelineUtilsThread] INFO pipeline.RatisPipelineProvider: Sending CreatePipelineCommand for pipeline:PipelineID=643185e9-c664-4a4e-b2cd-2af88de127ce to datanode:f0061045-555d-4b31-8496-ce1bd905f9bf
recon_1     | 2020-04-17 05:04:01,538 [Socket Reader #1 for port 9891] INFO authorize.ServiceAuthorizationManager: Authorization successful for dn/3eac6b989f79@EXAMPLE.COM (auth:KERBEROS) for protocol=interface org.apache.hadoop.ozone.protocol.ReconDatanodeProtocol
s3g_1       | 	at org.glassfish.jersey.servlet.ServletContainer.service(ServletContainer.java:229)
om_1        | 2020-04-17 05:03:36,552 [Socket Reader #1 for port 9862] INFO ipc.Server: Auth successful for testuser/scm@EXAMPLE.COM (auth:KERBEROS)
kdc_1       | Apr 17 05:06:58 kdc krb5kdc[8](info): AS_REQ (8 etypes {18 17 20 19 16 23 25 26}) 172.24.0.4: ISSUE: authtime 1587100018, etypes {rep=18 tkt=18 ses=18}, testuser2/scm@EXAMPLE.COM for krbtgt/EXAMPLE.COM@EXAMPLE.COM
recon_1     | 2020-04-17 05:04:31,032 [Socket Reader #1 for port 9891] INFO ipc.Server: Auth successful for dn/d7b57c33d670@EXAMPLE.COM (auth:KERBEROS)
s3g_1       | 	at org.eclipse.jetty.servlet.ServletHolder$NotAsyncServlet.service(ServletHolder.java:1395)
om_1        | 2020-04-17 05:03:36,561 [Socket Reader #1 for port 9862] INFO authorize.ServiceAuthorizationManager: Authorization successful for testuser/scm@EXAMPLE.COM (auth:KERBEROS) for protocol=interface org.apache.hadoop.ozone.om.protocol.OzoneManagerProtocol
scm_1       | 2020-04-17 05:01:41,177 [RatisPipelineUtilsThread] INFO pipeline.PipelineStateManager: Created pipeline Pipeline[ Id: 643185e9-c664-4a4e-b2cd-2af88de127ce, Nodes: f0061045-555d-4b31-8496-ce1bd905f9bf{ip: 172.24.0.3, host: ozonesecure_datanode_1.ozonesecure_default, networkLocation: /default-rack, certSerialId: null}, Type:RATIS, Factor:ONE, State:ALLOCATED, leaderId:null, CreationTimestamp2020-04-17T05:01:41.145397Z]
kdc_1       | Apr 17 05:06:59 kdc krb5kdc[8](info): TGS_REQ (6 etypes {18 17 20 19 16 23}) 172.24.0.4: ISSUE: authtime 1587100018, etypes {rep=18 tkt=18 ses=18}, testuser2/scm@EXAMPLE.COM for om/om@EXAMPLE.COM
recon_1     | 2020-04-17 05:04:31,036 [Socket Reader #1 for port 9891] INFO authorize.ServiceAuthorizationManager: Authorization successful for dn/d7b57c33d670@EXAMPLE.COM (auth:KERBEROS) for protocol=interface org.apache.hadoop.ozone.protocol.ReconDatanodeProtocol
s3g_1       | 	at org.eclipse.jetty.servlet.ServletHolder.handle(ServletHolder.java:755)
om_1        | 2020-04-17 05:03:38,200 [Socket Reader #1 for port 9862] INFO ipc.Server: Auth successful for testuser/scm@EXAMPLE.COM (auth:KERBEROS)
scm_1       | 2020-04-17 05:01:41,179 [RatisPipelineUtilsThread] ERROR pipeline.SCMPipelineManager: Failed to create pipeline of type RATIS and factor ONE. Exception: Cannot create pipeline of factor 1 using 0 nodes. Used 1 nodes. Healthy nodes 1
kdc_1       | Apr 17 05:07:01 kdc krb5kdc[8](info): TGS_REQ (6 etypes {18 17 20 19 16 23}) 172.24.0.4: ISSUE: authtime 1587100018, etypes {rep=18 tkt=18 ses=18}, testuser2/scm@EXAMPLE.COM for om/om@EXAMPLE.COM
s3g_1       | 	at org.eclipse.jetty.servlet.ServletHandler$CachedChain.doFilter(ServletHandler.java:1617)
om_1        | 2020-04-17 05:03:38,210 [Socket Reader #1 for port 9862] INFO authorize.ServiceAuthorizationManager: Authorization successful for testuser/scm@EXAMPLE.COM (auth:KERBEROS) for protocol=interface org.apache.hadoop.ozone.om.protocol.OzoneManagerProtocol
scm_1       | 2020-04-17 05:01:41,203 [Socket Reader #1 for port 9961] INFO ipc.Server: Auth successful for HTTP/scm@EXAMPLE.COM (auth:KERBEROS)
recon_1     | 2020-04-17 05:04:31,250 [Socket Reader #1 for port 9891] INFO ipc.Server: Auth successful for dn/9d7cd003305b@EXAMPLE.COM (auth:KERBEROS)
kdc_1       | Apr 17 05:07:02 kdc krb5kdc[8](info): AS_REQ (8 etypes {18 17 20 19 16 23 25 26}) 172.24.0.4: ISSUE: authtime 1587100022, etypes {rep=18 tkt=18 ses=18}, testuser/scm@EXAMPLE.COM for krbtgt/EXAMPLE.COM@EXAMPLE.COM
s3g_1       | 	at org.apache.hadoop.ozone.s3.RootPageDisplayFilter.doFilter(RootPageDisplayFilter.java:53)
om_1        | 2020-04-17 05:03:40,018 [Socket Reader #1 for port 9862] INFO ipc.Server: Auth successful for testuser/scm@EXAMPLE.COM (auth:KERBEROS)
scm_1       | 2020-04-17 05:01:41,216 [Socket Reader #1 for port 9961] INFO authorize.ServiceAuthorizationManager: Authorization successful for HTTP/scm@EXAMPLE.COM (auth:KERBEROS) for protocol=interface org.apache.hadoop.hdds.protocol.SCMSecurityProtocol
recon_1     | 2020-04-17 05:04:31,252 [Socket Reader #1 for port 9891] INFO authorize.ServiceAuthorizationManager: Authorization successful for dn/9d7cd003305b@EXAMPLE.COM (auth:KERBEROS) for protocol=interface org.apache.hadoop.ozone.protocol.ReconDatanodeProtocol
kdc_1       | Apr 17 05:07:27 kdc krb5kdc[8](info): AS_REQ (8 etypes {18 17 20 19 16 23 25 26}) 172.24.0.4: ISSUE: authtime 1587100047, etypes {rep=18 tkt=18 ses=18}, testuser/scm@EXAMPLE.COM for krbtgt/EXAMPLE.COM@EXAMPLE.COM
om_1        | 2020-04-17 05:03:40,035 [Socket Reader #1 for port 9862] INFO authorize.ServiceAuthorizationManager: Authorization successful for testuser/scm@EXAMPLE.COM (auth:KERBEROS) for protocol=interface org.apache.hadoop.ozone.om.protocol.OzoneManagerProtocol
scm_1       | 2020-04-17 05:01:41,381 [Socket Reader #1 for port 9860] INFO ipc.Server: Auth successful for HTTP/scm@EXAMPLE.COM (auth:KERBEROS)
recon_1     | 2020-04-17 05:04:31,539 [Socket Reader #1 for port 9891] INFO ipc.Server: Auth successful for dn/3eac6b989f79@EXAMPLE.COM (auth:KERBEROS)
s3g_1       | 	at org.eclipse.jetty.servlet.ServletHandler$CachedChain.doFilter(ServletHandler.java:1596)
kdc_1       | Apr 17 05:07:29 kdc krb5kdc[8](info): TGS_REQ (6 etypes {18 17 20 19 16 23}) 172.24.0.4: ISSUE: authtime 1587100047, etypes {rep=18 tkt=18 ses=18}, testuser/scm@EXAMPLE.COM for om/om@EXAMPLE.COM
om_1        | 2020-04-17 05:03:41,630 [Socket Reader #1 for port 9862] INFO ipc.Server: Auth successful for testuser/scm@EXAMPLE.COM (auth:KERBEROS)
scm_1       | 2020-04-17 05:01:41,391 [Socket Reader #1 for port 9860] INFO authorize.ServiceAuthorizationManager: Authorization successful for HTTP/scm@EXAMPLE.COM (auth:KERBEROS) for protocol=interface org.apache.hadoop.hdds.scm.protocol.StorageContainerLocationProtocol
recon_1     | 2020-04-17 05:04:31,547 [Socket Reader #1 for port 9891] INFO authorize.ServiceAuthorizationManager: Authorization successful for dn/3eac6b989f79@EXAMPLE.COM (auth:KERBEROS) for protocol=interface org.apache.hadoop.ozone.protocol.ReconDatanodeProtocol
s3g_1       | 	at org.apache.hadoop.hdds.server.http.HttpServer2$QuotingInputFilter.doFilter(HttpServer2.java:1615)
kdc_1       | Apr 17 05:07:44 kdc krb5kdc[8](info): TGS_REQ (6 etypes {18 17 20 19 16 23}) 172.24.0.4: ISSUE: authtime 1587100047, etypes {rep=18 tkt=18 ses=18}, testuser/scm@EXAMPLE.COM for om/om@EXAMPLE.COM
om_1        | 2020-04-17 05:03:41,639 [Socket Reader #1 for port 9862] INFO authorize.ServiceAuthorizationManager: Authorization successful for testuser/scm@EXAMPLE.COM (auth:KERBEROS) for protocol=interface org.apache.hadoop.ozone.om.protocol.OzoneManagerProtocol
scm_1       | 2020-04-17 05:01:41,528 [IPC Server handler 1 on 9861] INFO net.NetworkTopology: Added a new node: /default-rack/4b8efc58-effa-4555-a091-2a95e39c7e6d
recon_1     | 2020-04-17 05:04:52,714 [pool-9-thread-1] INFO impl.OzoneManagerServiceProviderImpl: Syncing data from Ozone Manager.
s3g_1       | 	at org.eclipse.jetty.servlet.ServletHandler$CachedChain.doFilter(ServletHandler.java:1604)
om_1        | 2020-04-17 05:03:43,479 [Socket Reader #1 for port 9862] INFO ipc.Server: Auth successful for testuser/scm@EXAMPLE.COM (auth:KERBEROS)
kdc_1       | Apr 17 05:07:46 kdc krb5kdc[8](info): TGS_REQ (6 etypes {18 17 20 19 16 23}) 172.24.0.4: ISSUE: authtime 1587100047, etypes {rep=18 tkt=18 ses=18}, testuser/scm@EXAMPLE.COM for om/om@EXAMPLE.COM
recon_1     | 2020-04-17 05:04:52,715 [pool-9-thread-1] INFO impl.OzoneManagerServiceProviderImpl: Obtaining delta updates from Ozone Manager
s3g_1       | 	at org.apache.hadoop.hdds.server.http.NoCacheFilter.doFilter(NoCacheFilter.java:48)
om_1        | 2020-04-17 05:03:43,489 [Socket Reader #1 for port 9862] INFO authorize.ServiceAuthorizationManager: Authorization successful for testuser/scm@EXAMPLE.COM (auth:KERBEROS) for protocol=interface org.apache.hadoop.ozone.om.protocol.OzoneManagerProtocol
kdc_1       | Apr 17 05:07:48 kdc krb5kdc[8](info): TGS_REQ (6 etypes {18 17 20 19 16 23}) 172.24.0.4: ISSUE: authtime 1587100047, etypes {rep=18 tkt=18 ses=18}, testuser/scm@EXAMPLE.COM for om/om@EXAMPLE.COM
recon_1     | 2020-04-17 05:04:52,753 [pool-10-thread-1] INFO tasks.ContainerKeyMapperTask: ContainerKeyMapperTask successfully processed 6 OM DB update event(s).
scm_1       | 2020-04-17 05:01:41,529 [IPC Server handler 1 on 9861] INFO node.SCMNodeManager: Registered Data node : 4b8efc58-effa-4555-a091-2a95e39c7e6d{ip: 172.24.0.10, host: ozonesecure_datanode_3.ozonesecure_default, networkLocation: /default-rack, certSerialId: 2599540567853}
s3g_1       | 	at org.eclipse.jetty.servlet.ServletHandler$CachedChain.doFilter(ServletHandler.java:1604)
om_1        | 2020-04-17 05:03:45,242 [Socket Reader #1 for port 9862] INFO ipc.Server: Auth successful for testuser/scm@EXAMPLE.COM (auth:KERBEROS)
kdc_1       | Apr 17 05:07:50 kdc krb5kdc[8](info): TGS_REQ (6 etypes {18 17 20 19 16 23}) 172.24.0.4: ISSUE: authtime 1587100047, etypes {rep=18 tkt=18 ses=18}, testuser/scm@EXAMPLE.COM for om/om@EXAMPLE.COM
recon_1     | 2020-04-17 05:04:52,835 [pool-10-thread-1] INFO tasks.FileSizeCountTask: Completed a 'process' run of FileSizeCountTask.
scm_1       | 2020-04-17 05:01:41,529 [EventQueue-NodeRegistrationContainerReportForDataNodeSafeModeRule] INFO safemode.SCMSafeModeManager: SCM in safe mode. 2 DataNodes registered, 3 required.
s3g_1       | 	at org.eclipse.jetty.servlet.ServletHandler.doHandle(ServletHandler.java:545)
om_1        | 2020-04-17 05:03:45,251 [Socket Reader #1 for port 9862] INFO authorize.ServiceAuthorizationManager: Authorization successful for testuser/scm@EXAMPLE.COM (auth:KERBEROS) for protocol=interface org.apache.hadoop.ozone.om.protocol.OzoneManagerProtocol
kdc_1       | Apr 17 05:07:52 kdc krb5kdc[8](info): TGS_REQ (6 etypes {18 17 20 19 16 23}) 172.24.0.4: ISSUE: authtime 1587100047, etypes {rep=18 tkt=18 ses=18}, testuser/scm@EXAMPLE.COM for om/om@EXAMPLE.COM
kdc_1       | Apr 17 05:07:54 kdc krb5kdc[8](info): TGS_REQ (6 etypes {18 17 20 19 16 23}) 172.24.0.4: ISSUE: authtime 1587100047, etypes {rep=18 tkt=18 ses=18}, testuser/scm@EXAMPLE.COM for om/om@EXAMPLE.COM
scm_1       | 2020-04-17 05:01:41,529 [EventQueue-NodeRegistrationContainerReportForContainerSafeModeRule] INFO safemode.SCMSafeModeManager: ContainerSafeModeRule rule is successfully validated
s3g_1       | 	at org.eclipse.jetty.server.handler.ScopedHandler.handle(ScopedHandler.java:143)
kdc_1       | Apr 17 05:07:56 kdc krb5kdc[8](info): TGS_REQ (6 etypes {18 17 20 19 16 23}) 172.24.0.4: ISSUE: authtime 1587100047, etypes {rep=18 tkt=18 ses=18}, testuser/scm@EXAMPLE.COM for om/om@EXAMPLE.COM
recon_1     | 2020-04-17 05:05:01,032 [Socket Reader #1 for port 9891] INFO ipc.Server: Auth successful for dn/d7b57c33d670@EXAMPLE.COM (auth:KERBEROS)
om_1        | 2020-04-17 05:03:47,032 [Socket Reader #1 for port 9862] INFO ipc.Server: Auth successful for testuser/scm@EXAMPLE.COM (auth:KERBEROS)
scm_1       | 2020-04-17 05:01:41,532 [RatisPipelineUtilsThread] INFO pipeline.RatisPipelineProvider: Sending CreatePipelineCommand for pipeline:PipelineID=49b7e887-b395-4dd2-a436-4541b604fb2c to datanode:4b8efc58-effa-4555-a091-2a95e39c7e6d
s3g_1       | 	at org.eclipse.jetty.security.SecurityHandler.handle(SecurityHandler.java:590)
recon_1     | 2020-04-17 05:05:01,036 [Socket Reader #1 for port 9891] INFO authorize.ServiceAuthorizationManager: Authorization successful for dn/d7b57c33d670@EXAMPLE.COM (auth:KERBEROS) for protocol=interface org.apache.hadoop.ozone.protocol.ReconDatanodeProtocol
om_1        | 2020-04-17 05:03:47,043 [Socket Reader #1 for port 9862] INFO authorize.ServiceAuthorizationManager: Authorization successful for testuser/scm@EXAMPLE.COM (auth:KERBEROS) for protocol=interface org.apache.hadoop.ozone.om.protocol.OzoneManagerProtocol
scm_1       | 2020-04-17 05:01:41,532 [RatisPipelineUtilsThread] INFO pipeline.PipelineStateManager: Created pipeline Pipeline[ Id: 49b7e887-b395-4dd2-a436-4541b604fb2c, Nodes: 4b8efc58-effa-4555-a091-2a95e39c7e6d{ip: 172.24.0.10, host: ozonesecure_datanode_3.ozonesecure_default, networkLocation: /default-rack, certSerialId: null}, Type:RATIS, Factor:ONE, State:ALLOCATED, leaderId:null, CreationTimestamp2020-04-17T05:01:41.532247Z]
kdc_1       | Apr 17 05:07:58 kdc krb5kdc[8](info): TGS_REQ (6 etypes {18 17 20 19 16 23}) 172.24.0.4: ISSUE: authtime 1587100047, etypes {rep=18 tkt=18 ses=18}, testuser/scm@EXAMPLE.COM for om/om@EXAMPLE.COM
om_1        | 2020-04-17 05:03:47,290 [IPC Server handler 77 on 9862] ERROR acl.OMBucketAddAclRequest: Add acl [user:superuser1:rwxy[ACCESS]] to path /21966-rpcwoport2/bb1 failed, because acl already exist
scm_1       | 2020-04-17 05:01:41,533 [RatisPipelineUtilsThread] ERROR pipeline.SCMPipelineManager: Failed to create pipeline of type RATIS and factor ONE. Exception: Cannot create pipeline of factor 1 using 0 nodes. Used 2 nodes. Healthy nodes 2
recon_1     | 2020-04-17 05:05:01,243 [Socket Reader #1 for port 9891] INFO ipc.Server: Auth successful for dn/9d7cd003305b@EXAMPLE.COM (auth:KERBEROS)
s3g_1       | 	at org.eclipse.jetty.server.handler.HandlerWrapper.handle(HandlerWrapper.java:127)
kdc_1       | Apr 17 05:08:00 kdc krb5kdc[8](info): TGS_REQ (6 etypes {18 17 20 19 16 23}) 172.24.0.4: ISSUE: authtime 1587100047, etypes {rep=18 tkt=18 ses=18}, testuser/scm@EXAMPLE.COM for om/om@EXAMPLE.COM
om_1        | 2020-04-17 05:03:48,693 [Socket Reader #1 for port 9862] INFO ipc.Server: Auth successful for testuser/scm@EXAMPLE.COM (auth:KERBEROS)
scm_1       | 2020-04-17 05:01:41,863 [IPC Server handler 2 on 9861] INFO net.NetworkTopology: Added a new node: /default-rack/5282f289-63a3-4a0e-aa99-40d68823ea37
recon_1     | 2020-04-17 05:05:01,259 [Socket Reader #1 for port 9891] INFO authorize.ServiceAuthorizationManager: Authorization successful for dn/9d7cd003305b@EXAMPLE.COM (auth:KERBEROS) for protocol=interface org.apache.hadoop.ozone.protocol.ReconDatanodeProtocol
s3g_1       | 	at org.eclipse.jetty.server.handler.ScopedHandler.nextHandle(ScopedHandler.java:235)
kdc_1       | Apr 17 05:08:02 kdc krb5kdc[8](info): TGS_REQ (6 etypes {18 17 20 19 16 23}) 172.24.0.4: ISSUE: authtime 1587100047, etypes {rep=18 tkt=18 ses=18}, testuser/scm@EXAMPLE.COM for om/om@EXAMPLE.COM
om_1        | 2020-04-17 05:03:48,710 [Socket Reader #1 for port 9862] INFO authorize.ServiceAuthorizationManager: Authorization successful for testuser/scm@EXAMPLE.COM (auth:KERBEROS) for protocol=interface org.apache.hadoop.ozone.om.protocol.OzoneManagerProtocol
scm_1       | 2020-04-17 05:01:41,863 [IPC Server handler 2 on 9861] INFO node.SCMNodeManager: Registered Data node : 5282f289-63a3-4a0e-aa99-40d68823ea37{ip: 172.24.0.7, host: ozonesecure_datanode_2.ozonesecure_default, networkLocation: /default-rack, certSerialId: 2599357934707}
recon_1     | 2020-04-17 05:05:01,534 [Socket Reader #1 for port 9891] INFO ipc.Server: Auth successful for dn/3eac6b989f79@EXAMPLE.COM (auth:KERBEROS)
s3g_1       | 	at org.eclipse.jetty.server.session.SessionHandler.doHandle(SessionHandler.java:1607)
kdc_1       | Apr 17 05:08:06 kdc krb5kdc[8](info): TGS_REQ (6 etypes {18 17 20 19 16 23}) 172.24.0.4: ISSUE: authtime 1587100047, etypes {rep=18 tkt=18 ses=18}, testuser/scm@EXAMPLE.COM for om/om@EXAMPLE.COM
om_1        | 2020-04-17 05:03:50,499 [Socket Reader #1 for port 9862] INFO ipc.Server: Auth successful for testuser/scm@EXAMPLE.COM (auth:KERBEROS)
scm_1       | 2020-04-17 05:01:41,863 [EventQueue-NodeRegistrationContainerReportForDataNodeSafeModeRule] INFO safemode.SCMSafeModeManager: SCM in safe mode. 3 DataNodes registered, 3 required.
recon_1     | 2020-04-17 05:05:01,539 [Socket Reader #1 for port 9891] INFO authorize.ServiceAuthorizationManager: Authorization successful for dn/3eac6b989f79@EXAMPLE.COM (auth:KERBEROS) for protocol=interface org.apache.hadoop.ozone.protocol.ReconDatanodeProtocol
s3g_1       | 	at org.eclipse.jetty.server.handler.ScopedHandler.nextHandle(ScopedHandler.java:233)
kdc_1       | Apr 17 05:08:08 kdc krb5kdc[8](info): TGS_REQ (6 etypes {18 17 20 19 16 23}) 172.24.0.4: ISSUE: authtime 1587100047, etypes {rep=18 tkt=18 ses=18}, testuser/scm@EXAMPLE.COM for om/om@EXAMPLE.COM
om_1        | 2020-04-17 05:03:50,511 [Socket Reader #1 for port 9862] INFO authorize.ServiceAuthorizationManager: Authorization successful for testuser/scm@EXAMPLE.COM (auth:KERBEROS) for protocol=interface org.apache.hadoop.ozone.om.protocol.OzoneManagerProtocol
scm_1       | 2020-04-17 05:01:41,863 [EventQueue-NodeRegistrationContainerReportForContainerSafeModeRule] INFO safemode.SCMSafeModeManager: ContainerSafeModeRule rule is successfully validated
recon_1     | 2020-04-17 05:05:31,028 [Socket Reader #1 for port 9891] INFO ipc.Server: Auth successful for dn/d7b57c33d670@EXAMPLE.COM (auth:KERBEROS)
s3g_1       | 	at org.eclipse.jetty.server.handler.ContextHandler.doHandle(ContextHandler.java:1297)
kdc_1       | Apr 17 05:08:10 kdc krb5kdc[8](info): TGS_REQ (6 etypes {18 17 20 19 16 23}) 172.24.0.4: ISSUE: authtime 1587100047, etypes {rep=18 tkt=18 ses=18}, testuser/scm@EXAMPLE.COM for om/om@EXAMPLE.COM
om_1        | 2020-04-17 05:03:52,369 [Socket Reader #1 for port 9862] INFO ipc.Server: Auth successful for recon/recon@EXAMPLE.COM (auth:KERBEROS)
scm_1       | 2020-04-17 05:01:41,867 [EventQueue-NodeRegistrationContainerReportForDataNodeSafeModeRule] INFO safemode.SCMSafeModeManager: DataNodeSafeModeRule rule is successfully validated
recon_1     | 2020-04-17 05:05:31,031 [Socket Reader #1 for port 9891] INFO authorize.ServiceAuthorizationManager: Authorization successful for dn/d7b57c33d670@EXAMPLE.COM (auth:KERBEROS) for protocol=interface org.apache.hadoop.ozone.protocol.ReconDatanodeProtocol
s3g_1       | 	at org.eclipse.jetty.server.handler.ScopedHandler.nextScope(ScopedHandler.java:188)
kdc_1       | Apr 17 05:08:13 kdc krb5kdc[8](info): TGS_REQ (6 etypes {18 17 20 19 16 23}) 172.24.0.4: ISSUE: authtime 1587100047, etypes {rep=18 tkt=18 ses=18}, testuser/scm@EXAMPLE.COM for om/om@EXAMPLE.COM
om_1        | 2020-04-17 05:03:52,386 [Socket Reader #1 for port 9862] INFO authorize.ServiceAuthorizationManager: Authorization successful for recon/recon@EXAMPLE.COM (auth:KERBEROS) for protocol=interface org.apache.hadoop.ozone.om.protocol.OzoneManagerProtocol
scm_1       | 2020-04-17 05:01:41,867 [EventQueue-NodeRegistrationContainerReportForDataNodeSafeModeRule] INFO safemode.SCMSafeModeManager: All SCM safe mode pre check rules have passed
recon_1     | 2020-04-17 05:05:31,247 [Socket Reader #1 for port 9891] INFO ipc.Server: Auth successful for dn/9d7cd003305b@EXAMPLE.COM (auth:KERBEROS)
s3g_1       | 	at org.eclipse.jetty.servlet.ServletHandler.doScope(ServletHandler.java:485)
kdc_1       | Apr 17 05:08:15 kdc krb5kdc[8](info): TGS_REQ (6 etypes {18 17 20 19 16 23}) 172.24.0.4: ISSUE: authtime 1587100047, etypes {rep=18 tkt=18 ses=18}, testuser/scm@EXAMPLE.COM for om/om@EXAMPLE.COM
om_1        | 2020-04-17 05:03:52,404 [Socket Reader #1 for port 9862] INFO ipc.Server: Auth successful for testuser/scm@EXAMPLE.COM (auth:KERBEROS)
scm_1       | 2020-04-17 05:01:41,867 [RatisPipelineUtilsThread] INFO pipeline.RatisPipelineProvider: Sending CreatePipelineCommand for pipeline:PipelineID=31036510-4e7f-43a7-a26f-a2c6cb7ff442 to datanode:5282f289-63a3-4a0e-aa99-40d68823ea37
recon_1     | 2020-04-17 05:05:31,262 [Socket Reader #1 for port 9891] INFO authorize.ServiceAuthorizationManager: Authorization successful for dn/9d7cd003305b@EXAMPLE.COM (auth:KERBEROS) for protocol=interface org.apache.hadoop.ozone.protocol.ReconDatanodeProtocol
s3g_1       | 	at org.eclipse.jetty.server.session.SessionHandler.doScope(SessionHandler.java:1577)
kdc_1       | Apr 17 05:08:17 kdc krb5kdc[8](info): TGS_REQ (6 etypes {18 17 20 19 16 23}) 172.24.0.4: ISSUE: authtime 1587100047, etypes {rep=18 tkt=18 ses=18}, testuser/scm@EXAMPLE.COM for om/om@EXAMPLE.COM
om_1        | 2020-04-17 05:03:52,436 [Socket Reader #1 for port 9862] INFO authorize.ServiceAuthorizationManager: Authorization successful for testuser/scm@EXAMPLE.COM (auth:KERBEROS) for protocol=interface org.apache.hadoop.ozone.om.protocol.OzoneManagerProtocol
scm_1       | 2020-04-17 05:01:41,868 [RatisPipelineUtilsThread] INFO pipeline.PipelineStateManager: Created pipeline Pipeline[ Id: 31036510-4e7f-43a7-a26f-a2c6cb7ff442, Nodes: 5282f289-63a3-4a0e-aa99-40d68823ea37{ip: 172.24.0.7, host: ozonesecure_datanode_2.ozonesecure_default, networkLocation: /default-rack, certSerialId: null}, Type:RATIS, Factor:ONE, State:ALLOCATED, leaderId:null, CreationTimestamp2020-04-17T05:01:41.867615Z]
recon_1     | 2020-04-17 05:05:31,541 [Socket Reader #1 for port 9891] INFO ipc.Server: Auth successful for dn/3eac6b989f79@EXAMPLE.COM (auth:KERBEROS)
s3g_1       | 	at org.eclipse.jetty.server.handler.ScopedHandler.nextScope(ScopedHandler.java:186)
kdc_1       | Apr 17 05:08:19 kdc krb5kdc[8](info): TGS_REQ (6 etypes {18 17 20 19 16 23}) 172.24.0.4: ISSUE: authtime 1587100047, etypes {rep=18 tkt=18 ses=18}, testuser/scm@EXAMPLE.COM for om/om@EXAMPLE.COM
om_1        | 2020-04-17 05:03:54,344 [Socket Reader #1 for port 9862] INFO ipc.Server: Auth successful for testuser/scm@EXAMPLE.COM (auth:KERBEROS)
scm_1       | 2020-04-17 05:01:41,868 [RatisPipelineUtilsThread] ERROR pipeline.SCMPipelineManager: Failed to create pipeline of type RATIS and factor ONE. Exception: Cannot create pipeline of factor 1 using 0 nodes. Used 3 nodes. Healthy nodes 3
recon_1     | 2020-04-17 05:05:31,549 [Socket Reader #1 for port 9891] INFO authorize.ServiceAuthorizationManager: Authorization successful for dn/3eac6b989f79@EXAMPLE.COM (auth:KERBEROS) for protocol=interface org.apache.hadoop.ozone.protocol.ReconDatanodeProtocol
s3g_1       | 	at org.eclipse.jetty.server.handler.ContextHandler.doScope(ContextHandler.java:1212)
kdc_1       | Apr 17 05:08:21 kdc krb5kdc[8](info): TGS_REQ (6 etypes {18 17 20 19 16 23}) 172.24.0.4: ISSUE: authtime 1587100047, etypes {rep=18 tkt=18 ses=18}, testuser/scm@EXAMPLE.COM for om/om@EXAMPLE.COM
om_1        | 2020-04-17 05:03:54,351 [Socket Reader #1 for port 9862] INFO authorize.ServiceAuthorizationManager: Authorization successful for testuser/scm@EXAMPLE.COM (auth:KERBEROS) for protocol=interface org.apache.hadoop.ozone.om.protocol.OzoneManagerProtocol
scm_1       | 2020-04-17 05:01:41,869 [RatisPipelineUtilsThread] ERROR pipeline.SCMPipelineManager: Failed to create pipeline of type RATIS and factor ONE. Exception: Cannot create pipeline of factor 1 using 0 nodes. Used 3 nodes. Healthy nodes 3
recon_1     | 2020-04-17 05:05:52,842 [pool-9-thread-1] INFO impl.OzoneManagerServiceProviderImpl: Syncing data from Ozone Manager.
s3g_1       | 	at org.eclipse.jetty.server.handler.ScopedHandler.handle(ScopedHandler.java:141)
kdc_1       | Apr 17 05:08:23 kdc krb5kdc[8](info): TGS_REQ (6 etypes {18 17 20 19 16 23}) 172.24.0.4: ISSUE: authtime 1587100047, etypes {rep=18 tkt=18 ses=18}, testuser/scm@EXAMPLE.COM for om/om@EXAMPLE.COM
om_1        | 2020-04-17 05:03:55,921 [Socket Reader #1 for port 9862] INFO ipc.Server: Auth successful for testuser/scm@EXAMPLE.COM (auth:KERBEROS)
recon_1     | 2020-04-17 05:05:52,843 [pool-9-thread-1] INFO impl.OzoneManagerServiceProviderImpl: Obtaining delta updates from Ozone Manager
kdc_1       | Apr 17 05:08:27 kdc krb5kdc[8](info): TGS_REQ (6 etypes {18 17 20 19 16 23}) 172.24.0.4: ISSUE: authtime 1587100047, etypes {rep=18 tkt=18 ses=18}, testuser/scm@EXAMPLE.COM for om/om@EXAMPLE.COM
om_1        | 2020-04-17 05:03:55,931 [Socket Reader #1 for port 9862] INFO authorize.ServiceAuthorizationManager: Authorization successful for testuser/scm@EXAMPLE.COM (auth:KERBEROS) for protocol=interface org.apache.hadoop.ozone.om.protocol.OzoneManagerProtocol
scm_1       | 2020-04-17 05:01:41,871 [RatisPipelineUtilsThread] INFO pipeline.RatisPipelineProvider: Sending CreatePipelineCommand for pipeline:PipelineID=26c92654-756e-4493-8f56-712225787ea1 to datanode:f0061045-555d-4b31-8496-ce1bd905f9bf
s3g_1       | 	at org.eclipse.jetty.server.handler.HandlerCollection.handle(HandlerCollection.java:146)
recon_1     | 2020-04-17 05:05:52,875 [pool-10-thread-1] INFO tasks.ContainerKeyMapperTask: ContainerKeyMapperTask successfully processed 4 OM DB update event(s).
kdc_1       | Apr 17 05:08:29 kdc krb5kdc[8](info): TGS_REQ (6 etypes {18 17 20 19 16 23}) 172.24.0.4: ISSUE: authtime 1587100047, etypes {rep=18 tkt=18 ses=18}, testuser/scm@EXAMPLE.COM for om/om@EXAMPLE.COM
om_1        | 2020-04-17 05:03:57,897 [Socket Reader #1 for port 9862] INFO ipc.Server: Auth successful for testuser/scm@EXAMPLE.COM (auth:KERBEROS)
scm_1       | 2020-04-17 05:01:41,871 [RatisPipelineUtilsThread] INFO pipeline.RatisPipelineProvider: Sending CreatePipelineCommand for pipeline:PipelineID=26c92654-756e-4493-8f56-712225787ea1 to datanode:5282f289-63a3-4a0e-aa99-40d68823ea37
s3g_1       | 	at org.eclipse.jetty.server.handler.HandlerWrapper.handle(HandlerWrapper.java:127)
recon_1     | 2020-04-17 05:05:52,934 [pool-10-thread-1] INFO tasks.FileSizeCountTask: Completed a 'process' run of FileSizeCountTask.
kdc_1       | Apr 17 05:08:32 kdc krb5kdc[8](info): TGS_REQ (6 etypes {18 17 20 19 16 23}) 172.24.0.4: ISSUE: authtime 1587100047, etypes {rep=18 tkt=18 ses=18}, testuser/scm@EXAMPLE.COM for om/om@EXAMPLE.COM
om_1        | 2020-04-17 05:03:57,909 [Socket Reader #1 for port 9862] INFO authorize.ServiceAuthorizationManager: Authorization successful for testuser/scm@EXAMPLE.COM (auth:KERBEROS) for protocol=interface org.apache.hadoop.ozone.om.protocol.OzoneManagerProtocol
scm_1       | 2020-04-17 05:01:41,872 [RatisPipelineUtilsThread] INFO pipeline.RatisPipelineProvider: Sending CreatePipelineCommand for pipeline:PipelineID=26c92654-756e-4493-8f56-712225787ea1 to datanode:4b8efc58-effa-4555-a091-2a95e39c7e6d
s3g_1       | 	at org.eclipse.jetty.server.Server.handle(Server.java:500)
recon_1     | 2020-04-17 05:06:01,020 [Socket Reader #1 for port 9891] INFO ipc.Server: Auth successful for dn/d7b57c33d670@EXAMPLE.COM (auth:KERBEROS)
