scm_1       | 2022-02-01 13:02:35,373 [fefdcbb9-4887-40c1-a95c-fd7633320304@group-13CF16ECF7F6-StateMachineUpdater] INFO pipeline.PipelineStateManagerImpl: Created pipeline Pipeline[ Id: e193170c-4b8d-4a4b-8279-0d91e23bc138, Nodes: 12c2359f-2a58-47dd-bef8-991652ad85d6{ip: 172.19.0.3, host: hadoop31_datanode_3.hadoop31_default, ports: [REPLICATION=9886, RATIS=9858, RATIS_ADMIN=9857, RATIS_SERVER=9856, STANDALONE=9859], networkLocation: /default-rack, certSerialId: null, persistedOpState: IN_SERVICE, persistedOpStateExpiryEpochSec: 0}, ReplicationConfig: RATIS/ONE, State:ALLOCATED, leaderId:, CreationTimestamp2022-02-01T13:02:35.364Z[UTC]].
rm_1        | 2022-02-01 13:04:56 INFO  AbstractContainerAllocator:129 - assignedContainer application attempt=appattempt_1643720533288_0002_000001 container=null queue=default clusterResource=<memory:8192, vCores:8> type=RACK_LOCAL requestedPartition=
nm_1        | 2022-02-01 13:05:13 INFO  ApplicationImpl:463 - Adding container_1643720533288_0002_01_000005 to application application_1643720533288_0002
rm_1        | 2022-02-01 13:04:56 INFO  RMContainerImpl:480 - container_1643720533288_0002_01_000002 Container Transitioned from NEW to ALLOCATED
scm_1       | 2022-02-01 13:02:35,375 [fefdcbb9-4887-40c1-a95c-fd7633320304@group-13CF16ECF7F6-StateMachineUpdater] INFO safemode.HealthyPipelineSafeModeRule: Refreshed total pipeline count is 0, healthy pipeline threshold count is 1
nm_1        | 2022-02-01 13:05:13 INFO  NMAuditLogger:94 - USER=hadoop	IP=172.19.0.5	OPERATION=Start Container Request	TARGET=ContainerManageImpl	RESULT=SUCCESS	APPID=application_1643720533288_0002	CONTAINERID=container_1643720533288_0002_01_000005
rm_1        | 2022-02-01 13:04:56 INFO  FiCaSchedulerNode:169 - Assigned container container_1643720533288_0002_01_000002 of capacity <memory:4096, vCores:1> on host nm:42951, which has 2 containers, <memory:6144, vCores:2> used and <memory:2048, vCores:6> available after allocation
scm_1       | 2022-02-01 13:02:35,376 [RatisPipelineUtilsThread - 0] INFO ha.SCMHAInvocationHandler: Invoking method public abstract void org.apache.hadoop.hdds.scm.pipeline.PipelineStateManager.addPipeline(org.apache.hadoop.hdds.protocol.proto.HddsProtos$Pipeline) throws java.io.IOException on target org.apache.hadoop.hdds.scm.ha.SCMRatisServerImpl@525348b2, cost 6355.922us
rm_1        | 2022-02-01 13:04:56 INFO  RMAuditLogger:231 - USER=hadoop	OPERATION=AM Allocated Container	TARGET=SchedulerApp	RESULT=SUCCESS	APPID=application_1643720533288_0002	CONTAINERID=container_1643720533288_0002_01_000002	RESOURCE=<memory:4096, vCores:1>	QUEUENAME=default
nm_1        | 2022-02-01 13:05:13 INFO  ContainerImpl:2126 - Container container_1643720533288_0002_01_000005 transitioned from NEW to LOCALIZING
scm_1       | 2022-02-01 13:02:35,786 [IPC Server handler 4 on default port 9861] INFO net.NetworkTopologyImpl: Added a new node: /default-rack/5c8e898a-b6fc-428b-9452-a0d31b502380
rm_1        | 2022-02-01 13:04:56 INFO  ParentQueue:1340 - assignedContainer queue=root usedCapacity=0.75 absoluteUsedCapacity=0.75 used=<memory:6144, vCores:2> cluster=<memory:8192, vCores:8>
nm_1        | 2022-02-01 13:05:13 INFO  AuxServices:350 - Got event CONTAINER_INIT for appId application_1643720533288_0002
scm_1       | 2022-02-01 13:02:35,786 [IPC Server handler 4 on default port 9861] INFO node.SCMNodeManager: Registered Data node : 5c8e898a-b6fc-428b-9452-a0d31b502380{ip: 172.19.0.9, host: hadoop31_datanode_1.hadoop31_default, ports: [REPLICATION=9886, RATIS=9858, RATIS_ADMIN=9857, RATIS_SERVER=9856, STANDALONE=9859], networkLocation: /default-rack, certSerialId: null, persistedOpState: null, persistedOpStateExpiryEpochSec: 0}
rm_1        | 2022-02-01 13:04:56 INFO  CapacityScheduler:2894 - Allocation proposal accepted
nm_1        | 2022-02-01 13:05:13 INFO  AuxServices:350 - Got event APPLICATION_INIT for appId application_1643720533288_0002
scm_1       | 2022-02-01 13:02:35,786 [EventQueue-NewNodeForNewNodeHandler] INFO pipeline.BackgroundPipelineCreator: trigger a one-shot run on RatisPipelineUtilsThread.
rm_1        | 2022-02-01 13:04:56 INFO  NMTokenSecretManagerInRM:200 - Sending NMToken for nodeId : nm:42951 for container : container_1643720533288_0002_01_000002
nm_1        | 2022-02-01 13:05:13 INFO  AuxServices:354 - Got APPLICATION_INIT for service mapreduce_shuffle
scm_1       | 2022-02-01 13:02:35,788 [RatisPipelineUtilsThread - 0] INFO pipeline.RatisPipelineProvider: Sending CreatePipelineCommand for pipeline:PipelineID=0979b672-8a65-4cdd-965a-e8d5bb0d1b41 to datanode:5c8e898a-b6fc-428b-9452-a0d31b502380
rm_1        | 2022-02-01 13:04:56 INFO  RMContainerImpl:480 - container_1643720533288_0002_01_000002 Container Transitioned from ALLOCATED to ACQUIRED
nm_1        | 2022-02-01 13:05:13 INFO  ShuffleHandler:719 - Added token for job_1643720533288_0002
scm_1       | 2022-02-01 13:02:35,791 [EventQueue-NodeRegistrationContainerReportForDataNodeSafeModeRule] INFO safemode.SCMSafeModeManager: SCM in safe mode. 3 DataNodes registered, 3 required.
rm_1        | 2022-02-01 13:04:57 INFO  RMContainerImpl:480 - container_1643720533288_0002_01_000002 Container Transitioned from ACQUIRED to RUNNING
nm_1        | 2022-02-01 13:05:13 INFO  ContainerImpl:2126 - Container container_1643720533288_0002_01_000005 transitioned from LOCALIZING to SCHEDULED
scm_1       | 2022-02-01 13:02:35,791 [EventQueue-NodeRegistrationContainerReportForDataNodeSafeModeRule] INFO safemode.SCMSafeModeManager: DataNodeSafeModeRule rule is successfully validated
rm_1        | 2022-02-01 13:05:01 INFO  RMContainerImpl:480 - container_1643720533288_0002_01_000002 Container Transitioned from RUNNING to COMPLETED
nm_1        | 2022-02-01 13:05:13 INFO  ContainerScheduler:511 - Starting container [container_1643720533288_0002_01_000005]
scm_1       | 2022-02-01 13:02:35,792 [EventQueue-NodeRegistrationContainerReportForDataNodeSafeModeRule] INFO safemode.SCMSafeModeManager: All SCM safe mode pre check rules have passed
rm_1        | 2022-02-01 13:05:01 INFO  RMAuditLogger:231 - USER=hadoop	OPERATION=AM Released Container	TARGET=SchedulerApp	RESULT=SUCCESS	APPID=application_1643720533288_0002	CONTAINERID=container_1643720533288_0002_01_000002	RESOURCE=<memory:4096, vCores:1>	QUEUENAME=default
nm_1        | 2022-02-01 13:05:13 INFO  ContainerImpl:2126 - Container container_1643720533288_0002_01_000005 transitioned from SCHEDULED to RUNNING
scm_1       | 2022-02-01 13:02:35,792 [EventQueue-NodeRegistrationContainerReportForDataNodeSafeModeRule] WARN events.EventQueue: No event handler registered for event TypedEvent{payloadType=SafeModeStatus, name='Safe mode status'}
rm_1        | 2022-02-01 13:05:02 INFO  AbstractContainerAllocator:129 - assignedContainer application attempt=appattempt_1643720533288_0002_000001 container=null queue=default clusterResource=<memory:8192, vCores:8> type=RACK_LOCAL requestedPartition=
nm_1        | 2022-02-01 13:05:13 INFO  ContainersMonitorImpl:943 - Starting resource-monitoring for container_1643720533288_0002_01_000005
scm_1       | 2022-02-01 13:02:35,794 [EventQueue-NodeRegistrationContainerReportForDataNodeSafeModeRule] INFO ha.SCMContext: Update SafeModeStatus from SafeModeStatus{safeModeStatus=true, preCheckPassed=false} to SafeModeStatus{safeModeStatus=true, preCheckPassed=true}.
rm_1        | 2022-02-01 13:05:02 INFO  RMContainerImpl:480 - container_1643720533288_0002_01_000003 Container Transitioned from NEW to ALLOCATED
nm_1        | 2022-02-01 13:05:13 INFO  DefaultContainerExecutor:370 - launchContainer: [bash, /tmp/hadoop-hadoop/nm-local-dir/usercache/hadoop/appcache/application_1643720533288_0002/container_1643720533288_0002_01_000005/default_container_executor.sh]
scm_1       | 2022-02-01 13:02:35,794 [EventQueue-NodeRegistrationContainerReportForDataNodeSafeModeRule] INFO pipeline.BackgroundPipelineCreator: trigger a one-shot run on RatisPipelineUtilsThread.
rm_1        | 2022-02-01 13:05:02 INFO  FiCaSchedulerNode:169 - Assigned container container_1643720533288_0002_01_000003 of capacity <memory:4096, vCores:1> on host nm:42951, which has 2 containers, <memory:6144, vCores:2> used and <memory:2048, vCores:6> available after allocation
nm_1        | 2022-02-01 13:05:13 INFO  ContainersMonitorImpl:567 - container_1643720533288_0002_01_000005's ip = 172.19.0.5, and hostname = nm
scm_1       | 2022-02-01 13:02:35,795 [fefdcbb9-4887-40c1-a95c-fd7633320304@group-13CF16ECF7F6-StateMachineUpdater] INFO pipeline.PipelineStateManagerImpl: Created pipeline Pipeline[ Id: 0979b672-8a65-4cdd-965a-e8d5bb0d1b41, Nodes: 5c8e898a-b6fc-428b-9452-a0d31b502380{ip: 172.19.0.9, host: hadoop31_datanode_1.hadoop31_default, ports: [REPLICATION=9886, RATIS=9858, RATIS_ADMIN=9857, RATIS_SERVER=9856, STANDALONE=9859], networkLocation: /default-rack, certSerialId: null, persistedOpState: IN_SERVICE, persistedOpStateExpiryEpochSec: 0}, ReplicationConfig: RATIS/ONE, State:ALLOCATED, leaderId:, CreationTimestamp2022-02-01T13:02:35.788Z[UTC]].
rm_1        | 2022-02-01 13:05:02 INFO  RMAuditLogger:231 - USER=hadoop	OPERATION=AM Allocated Container	TARGET=SchedulerApp	RESULT=SUCCESS	APPID=application_1643720533288_0002	CONTAINERID=container_1643720533288_0002_01_000003	RESOURCE=<memory:4096, vCores:1>	QUEUENAME=default
nm_1        | 2022-02-01 13:05:15 INFO  NodeStatusUpdaterImpl:696 - Removed completed containers from NM context: [container_1643720533288_0002_01_000004]
scm_1       | 2022-02-01 13:02:35,796 [fefdcbb9-4887-40c1-a95c-fd7633320304@group-13CF16ECF7F6-StateMachineUpdater] INFO safemode.HealthyPipelineSafeModeRule: Refreshed total pipeline count is 0, healthy pipeline threshold count is 1
rm_1        | 2022-02-01 13:05:02 INFO  ParentQueue:1340 - assignedContainer queue=root usedCapacity=0.75 absoluteUsedCapacity=0.75 used=<memory:6144, vCores:2> cluster=<memory:8192, vCores:8>
nm_1        | 2022-02-01 13:05:16 INFO  ContainersMonitorImpl:468 - Skipping monitoring container container_1643720533288_0002_01_000005 since CPU usage is not yet available.
scm_1       | 2022-02-01 13:02:35,796 [RatisPipelineUtilsThread - 0] INFO ha.SCMHAInvocationHandler: Invoking method public abstract void org.apache.hadoop.hdds.scm.pipeline.PipelineStateManager.addPipeline(org.apache.hadoop.hdds.protocol.proto.HddsProtos$Pipeline) throws java.io.IOException on target org.apache.hadoop.hdds.scm.ha.SCMRatisServerImpl@525348b2, cost 7810.726us
rm_1        | 2022-02-01 13:05:02 INFO  CapacityScheduler:2894 - Allocation proposal accepted
nm_1        | 2022-02-01 13:05:18 INFO  ContainerLaunch:589 - Container container_1643720533288_0002_01_000005 succeeded 
scm_1       | 2022-02-01 13:02:35,800 [RatisPipelineUtilsThread - 0] INFO pipeline.RatisPipelineProvider: Sending CreatePipelineCommand for pipeline:PipelineID=899f24ae-c3a5-4172-ab80-638528c8e3c3 to datanode:12c2359f-2a58-47dd-bef8-991652ad85d6
rm_1        | 2022-02-01 13:05:02 INFO  RMContainerImpl:480 - container_1643720533288_0002_01_000003 Container Transitioned from ALLOCATED to ACQUIRED
scm_1       | 2022-02-01 13:02:35,802 [RatisPipelineUtilsThread - 0] INFO pipeline.RatisPipelineProvider: Sending CreatePipelineCommand for pipeline:PipelineID=899f24ae-c3a5-4172-ab80-638528c8e3c3 to datanode:5c8e898a-b6fc-428b-9452-a0d31b502380
nm_1        | 2022-02-01 13:05:18 INFO  ContainerImpl:2126 - Container container_1643720533288_0002_01_000005 transitioned from RUNNING to EXITED_WITH_SUCCESS
rm_1        | 2022-02-01 13:05:03 INFO  RMContainerImpl:480 - container_1643720533288_0002_01_000003 Container Transitioned from ACQUIRED to RUNNING
scm_1       | 2022-02-01 13:02:35,802 [RatisPipelineUtilsThread - 0] INFO pipeline.RatisPipelineProvider: Sending CreatePipelineCommand for pipeline:PipelineID=899f24ae-c3a5-4172-ab80-638528c8e3c3 to datanode:911c4a93-e866-4f7c-90d7-824759fd3624
nm_1        | 2022-02-01 13:05:18 INFO  ContainerLaunch:745 - Cleaning up container container_1643720533288_0002_01_000005
rm_1        | 2022-02-01 13:05:07 INFO  RMContainerImpl:480 - container_1643720533288_0002_01_000003 Container Transitioned from RUNNING to COMPLETED
scm_1       | 2022-02-01 13:02:35,805 [fefdcbb9-4887-40c1-a95c-fd7633320304@group-13CF16ECF7F6-StateMachineUpdater] INFO pipeline.PipelineStateManagerImpl: Created pipeline Pipeline[ Id: 899f24ae-c3a5-4172-ab80-638528c8e3c3, Nodes: 12c2359f-2a58-47dd-bef8-991652ad85d6{ip: 172.19.0.3, host: hadoop31_datanode_3.hadoop31_default, ports: [REPLICATION=9886, RATIS=9858, RATIS_ADMIN=9857, RATIS_SERVER=9856, STANDALONE=9859], networkLocation: /default-rack, certSerialId: null, persistedOpState: IN_SERVICE, persistedOpStateExpiryEpochSec: 0}5c8e898a-b6fc-428b-9452-a0d31b502380{ip: 172.19.0.9, host: hadoop31_datanode_1.hadoop31_default, ports: [REPLICATION=9886, RATIS=9858, RATIS_ADMIN=9857, RATIS_SERVER=9856, STANDALONE=9859], networkLocation: /default-rack, certSerialId: null, persistedOpState: IN_SERVICE, persistedOpStateExpiryEpochSec: 0}911c4a93-e866-4f7c-90d7-824759fd3624{ip: 172.19.0.7, host: hadoop31_datanode_2.hadoop31_default, ports: [REPLICATION=9886, RATIS=9858, RATIS_ADMIN=9857, RATIS_SERVER=9856, STANDALONE=9859], networkLocation: /default-rack, certSerialId: null, persistedOpState: IN_SERVICE, persistedOpStateExpiryEpochSec: 0}, ReplicationConfig: RATIS/THREE, State:ALLOCATED, leaderId:, CreationTimestamp2022-02-01T13:02:35.800Z[UTC]].
nm_1        | 2022-02-01 13:05:18 INFO  DefaultContainerExecutor:634 - Deleting absolute path : /tmp/hadoop-hadoop/nm-local-dir/usercache/hadoop/appcache/application_1643720533288_0002/container_1643720533288_0002_01_000005/launch_container.sh
rm_1        | 2022-02-01 13:05:07 INFO  RMAuditLogger:231 - USER=hadoop	OPERATION=AM Released Container	TARGET=SchedulerApp	RESULT=SUCCESS	APPID=application_1643720533288_0002	CONTAINERID=container_1643720533288_0002_01_000003	RESOURCE=<memory:4096, vCores:1>	QUEUENAME=default
scm_1       | 2022-02-01 13:02:35,806 [fefdcbb9-4887-40c1-a95c-fd7633320304@group-13CF16ECF7F6-StateMachineUpdater] INFO safemode.HealthyPipelineSafeModeRule: Refreshed total pipeline count is 0, healthy pipeline threshold count is 1
nm_1        | 2022-02-01 13:05:18 INFO  DefaultContainerExecutor:634 - Deleting absolute path : /tmp/hadoop-hadoop/nm-local-dir/usercache/hadoop/appcache/application_1643720533288_0002/container_1643720533288_0002_01_000005/container_tokens
rm_1        | 2022-02-01 13:05:08 INFO  AbstractContainerAllocator:129 - assignedContainer application attempt=appattempt_1643720533288_0002_000001 container=null queue=default clusterResource=<memory:8192, vCores:8> type=RACK_LOCAL requestedPartition=
scm_1       | 2022-02-01 13:02:35,806 [RatisPipelineUtilsThread - 0] INFO ha.SCMHAInvocationHandler: Invoking method public abstract void org.apache.hadoop.hdds.scm.pipeline.PipelineStateManager.addPipeline(org.apache.hadoop.hdds.protocol.proto.HddsProtos$Pipeline) throws java.io.IOException on target org.apache.hadoop.hdds.scm.ha.SCMRatisServerImpl@525348b2, cost 4054.314us
nm_1        | 2022-02-01 13:05:18 INFO  NMAuditLogger:94 - USER=hadoop	OPERATION=Container Finished - Succeeded	TARGET=ContainerImpl	RESULT=SUCCESS	APPID=application_1643720533288_0002	CONTAINERID=container_1643720533288_0002_01_000005
rm_1        | 2022-02-01 13:05:08 INFO  RMContainerImpl:480 - container_1643720533288_0002_01_000004 Container Transitioned from NEW to ALLOCATED
scm_1       | 2022-02-01 13:02:35,809 [RatisPipelineUtilsThread - 0] INFO pipeline.RatisPipelineProvider: Sending CreatePipelineCommand for pipeline:PipelineID=2c7a26f8-4675-4126-9ab0-c25fd758f7fc to datanode:5c8e898a-b6fc-428b-9452-a0d31b502380
nm_1        | 2022-02-01 13:05:18 INFO  Server:1845 - Auth successful for appattempt_1643720533288_0002_000001 (auth:SIMPLE)
rm_1        | 2022-02-01 13:05:08 INFO  FiCaSchedulerNode:169 - Assigned container container_1643720533288_0002_01_000004 of capacity <memory:4096, vCores:1> on host nm:42951, which has 2 containers, <memory:6144, vCores:2> used and <memory:2048, vCores:6> available after allocation
scm_1       | 2022-02-01 13:02:35,810 [RatisPipelineUtilsThread - 0] INFO pipeline.RatisPipelineProvider: Sending CreatePipelineCommand for pipeline:PipelineID=2c7a26f8-4675-4126-9ab0-c25fd758f7fc to datanode:911c4a93-e866-4f7c-90d7-824759fd3624
nm_1        | 2022-02-01 13:05:18 INFO  ContainerImpl:2126 - Container container_1643720533288_0002_01_000005 transitioned from EXITED_WITH_SUCCESS to DONE
rm_1        | 2022-02-01 13:05:08 INFO  RMAuditLogger:231 - USER=hadoop	OPERATION=AM Allocated Container	TARGET=SchedulerApp	RESULT=SUCCESS	APPID=application_1643720533288_0002	CONTAINER