scm_1       | 2021-07-12 10:04:54,539 [IPC Server handler 3 on default port 9861] INFO node.SCMNodeManager: Registered Data node : 9d3c65cc-ad0e-44aa-90a7-31675e312d72{ip: 172.22.0.4, host: hadoop31_datanode_1.hadoop31_default, ports: [REPLICATION=9886, RATIS=9858, RATIS_ADMIN=9857, RATIS_SERVER=9856, STANDALONE=9859], networkLocation: /default-rack, certSerialId: null, persistedOpState: null, persistedOpStateExpiryEpochSec: 0}
om_1        | 2021-07-12 10:05:13,315 [om1@group-C5BA1605619E-FollowerState] INFO impl.RoleInfo: om1: start om1@group-C5BA1605619E-LeaderElection1
nm_1        | 2021-07-12 10:06:20 INFO  Configuration:3318 - Removed undeclared tags:
datanode_3  | 2021-07-12 10:04:57,957 [pool-22-thread-1] INFO storage.RaftStorageDirectory: Lock on /data/metadata/ratis/48416d38-cb8c-4224-b2c7-cceaa8df9a55/in_use.lock acquired by nodename 7@f1dd248850e8
rm_1        | INFO: Initiating Jersey application, version 'Jersey: 1.19 02/11/2015 03:25 AM'
scm_1       | 2021-07-12 10:04:54,539 [EventQueue-NewNodeForNewNodeHandler] INFO pipeline.BackgroundPipelineCreator: trigger a one-shot run on RatisPipelineUtilsThread.
om_1        | 2021-07-12 10:05:13,321 [om1@group-C5BA1605619E-LeaderElection1] INFO impl.LeaderElection: om1@group-C5BA1605619E-LeaderElection1 ELECTION round 0: submit vote requests at term 1 for -1: [om1|rpc:om:9872|priority:0], old=null
nm_1        | 2021-07-12 10:06:21 INFO  Configuration:3318 - Removed undeclared tags:
datanode_3  | 2021-07-12 10:04:57,981 [pool-22-thread-1] INFO storage.RaftStorage: Storage directory /data/metadata/ratis/48416d38-cb8c-4224-b2c7-cceaa8df9a55 has been successfully formatted.
rm_1        | Jul 12, 2021 10:04:32 AM com.sun.jersey.guice.spi.container.GuiceComponentProviderFactory getComponentProvider
scm_1       | 2021-07-12 10:04:54,539 [EventQueue-NodeRegistrationContainerReportForContainerSafeModeRule] INFO safemode.SCMSafeModeManager: ContainerSafeModeRule rule is successfully validated
om_1        | 2021-07-12 10:05:13,324 [om1@group-C5BA1605619E-LeaderElection1] INFO impl.LeaderElection: om1@group-C5BA1605619E-LeaderElection1 ELECTION round 0: result PASSED (term=1)
nm_1        | 2021-07-12 10:06:21 INFO  ContainerImpl:2126 - Container container_1626084279456_0001_01_000001 transitioned from LOCALIZING to SCHEDULED
datanode_3  | 2021-07-12 10:04:57,996 [pool-22-thread-1] INFO ratis.ContainerStateMachine: group-CCEAA8DF9A55: The snapshot info is null. Setting the last applied indexto:(t:0, i:~)
rm_1        | INFO: Binding org.apache.hadoop.yarn.server.resourcemanager.webapp.JAXBContextResolver to GuiceManagedComponentProvider with the scope "Singleton"
scm_1       | 2021-07-12 10:04:54,547 [EventQueue-NodeRegistrationContainerReportForDataNodeSafeModeRule] INFO safemode.SCMSafeModeManager: SCM in safe mode. 2 DataNodes registered, 3 required.
om_1        | 2021-07-12 10:05:13,325 [om1@group-C5BA1605619E-LeaderElection1] INFO impl.RoleInfo: om1: shutdown om1@group-C5BA1605619E-LeaderElection1
nm_1        | 2021-07-12 10:06:21 INFO  ContainerScheduler:511 - Starting container [container_1626084279456_0001_01_000001]
datanode_3  | 2021-07-12 10:04:58,059 [pool-22-thread-1] INFO server.RaftServerConfigKeys: raft.server.notification.no-leader.timeout = 300s (custom)
rm_1        | Jul 12, 2021 10:04:35 AM com.sun.jersey.guice.spi.container.GuiceComponentProviderFactory getComponentProvider
scm_1       | 2021-07-12 10:04:54,555 [EventQueue-PipelineReportForOneReplicaPipelineSafeModeRule] INFO safemode.SCMSafeModeManager: AtleastOneDatanodeReportedRule rule is successfully validated
om_1        | 2021-07-12 10:05:13,326 [om1@group-C5BA1605619E-LeaderElection1] INFO server.RaftServer$Division: om1@group-C5BA1605619E: changes role from CANDIDATE to LEADER at term 1 for changeToLeader
nm_1        | 2021-07-12 10:06:21 INFO  Configuration:3318 - Removed undeclared tags:
datanode_3  | 2021-07-12 10:04:58,066 [pool-22-thread-1] INFO server.RaftServerConfigKeys: raft.server.log.use.memory = false (default)
rm_1        | INFO: Binding org.apache.hadoop.yarn.webapp.GenericExceptionHandler to GuiceManagedComponentProvider with the scope "Singleton"
scm_1       | 2021-07-12 10:04:54,598 [RatisPipelineUtilsThread - 0] INFO pipeline.PipelineStateManager: Created pipeline Pipeline[ Id: cfa92df3-b380-48ca-8651-84734cb70a50, Nodes: 7134d3bc-6eb1-4916-ac53-cee45b3f59e3{ip: 172.22.0.6, host: hadoop31_datanode_2.hadoop31_default, ports: [REPLICATION=9886, RATIS=9858, RATIS_ADMIN=9857, RATIS_SERVER=9856, STANDALONE=9859], networkLocation: /default-rack, certSerialId: null, persistedOpState: IN_SERVICE, persistedOpStateExpiryEpochSec: 0}, ReplicationConfig: RATIS/ONE, State:ALLOCATED, leaderId:, CreationTimestamp2021-07-12T10:04:54.521Z[UTC]].
om_1        | 2021-07-12 10:05:13,326 [om1@group-C5BA1605619E-LeaderElection1] INFO server.RaftServer$Division: om1@group-C5BA1605619E: change Leader from null to om1 at term 1 for becomeLeader, leader elected after 5697ms
nm_1        | 2021-07-12 10:06:21 INFO  ContainerImpl:2126 - Container container_1626084279456_0001_01_000001 transitioned from SCHEDULED to RUNNING
datanode_3  | 2021-07-12 10:04:58,122 [pool-22-thread-1] INFO server.RaftServerConfigKeys: raft.server.log.purge.gap = 1000000 (custom)
rm_1        | Jul 12, 2021 10:04:37 AM com.sun.jersey.guice.spi.container.GuiceComponentProviderFactory getComponentProvider
scm_1       | 2021-07-12 10:04:54,630 [RatisPipelineUtilsThread - 0] INFO pipeline.RatisPipelineProvider: Sending CreatePipelineCommand for pipeline:PipelineID=8a29ecae-ff72-4299-bbe4-ca09cec4b5b9 to datanode:9d3c65cc-ad0e-44aa-90a7-31675e312d72
om_1        | 2021-07-12 10:05:13,331 [om1@group-C5BA1605619E-LeaderElection1] INFO server.RaftServerConfigKeys: raft.server.staging.catchup.gap = 1000 (default)
nm_1        | 2021-07-12 10:06:21 INFO  ContainersMonitorImpl:943 - Starting resource-monitoring for container_1626084279456_0001_01_000001
datanode_3  | 2021-07-12 10:04:58,125 [pool-22-thread-1] INFO server.RaftServerConfigKeys: raft.server.log.appender.buffer.byte-limit = 33554432 (custom)
rm_1        | INFO: Binding org.apache.hadoop.yarn.server.resourcemanager.webapp.RMWebServices to GuiceManagedComponentProvider with the scope "Singleton"
scm_1       | 2021-07-12 10:04:54,633 [RatisPipelineUtilsThread - 0] INFO pipeline.PipelineStateManager: Created pipeline Pipeline[ Id: 8a29ecae-ff72-4299-bbe4-ca09cec4b5b9, Nodes: 9d3c65cc-ad0e-44aa-90a7-31675e312d72{ip: 172.22.0.4, host: hadoop31_datanode_1.hadoop31_default, ports: [REPLICATION=9886, RATIS=9858, RATIS_ADMIN=9857, RATIS_SERVER=9856, STANDALONE=9859], networkLocation: /default-rack, certSerialId: null, persistedOpState: IN_SERVICE, persistedOpStateExpiryEpochSec: 0}, ReplicationConfig: RATIS/ONE, State:ALLOCATED, leaderId:, CreationTimestamp2021-07-12T10:04:54.630Z[UTC]].
om_1        | 2021-07-12 10:05:13,334 [om1@group-C5BA1605619E-LeaderElection1] INFO metrics.RatisMetrics: Creating Metrics Registry : ratis.log_appender.om1@group-C5BA1605619E
nm_1        | 2021-07-12 10:06:21 INFO  DefaultContainerExecutor:370 - launchContainer: [bash, /tmp/hadoop-hadoop/nm-local-dir/usercache/hadoop/appcache/application_1626084279456_0001/container_1626084279456_0001_01_000001/default_container_executor.sh]
datanode_3  | 2021-07-12 10:04:58,141 [pool-22-thread-1] INFO metrics.RatisMetrics: Creating Metrics Registry : ratis.log_worker.d7b974ac-6046-468d-84cd-670a6a15e228@group-CCEAA8DF9A55
rm_1        | 2021-07-12 10:04:38 INFO  ContextHandler:781 - Started o.e.j.w.WebAppContext@99407c2{/,file:///tmp/jetty-rm-8088-cluster-_-any-7205232494927377166.dir/webapp/,AVAILABLE}{/cluster}
scm_1       | 2021-07-12 10:04:54,679 [IPC Server handler 5 on default port 9861] INFO net.NetworkTopologyImpl: Added a new node: /default-rack/d7b974ac-6046-468d-84cd-670a6a15e228
om_1        | 2021-07-12 10:05:13,339 [om1@group-C5BA1605619E-LeaderElection1] INFO server.RaftServerConfigKeys: raft.server.write.element-limit = 4096 (default)
nm_1        | 2021-07-12 10:06:22 INFO  Configuration:3318 - Removed undeclared tags:
datanode_3  | 2021-07-12 10:04:58,189 [pool-22-thread-1] INFO server.RaftServerConfigKeys: raft.server.log.segment.size.max = 1048576 (custom)
rm_1        | 2021-07-12 10:04:38 INFO  AbstractConnector:278 - Started ServerConnector@100c567f{HTTP/1.1,[http/1.1]}{rm:8088}
scm_1       | 2021-07-12 10:04:54,680 [IPC Server handler 5 on default port 9861] INFO node.SCMNodeManager: Registered Data node : d7b974ac-6046-468d-84cd-670a6a15e228{ip: 172.22.0.8, host: hadoop31_datanode_3.hadoop31_default, ports: [REPLICATION=9886, RATIS=9858, RATIS_ADMIN=9857, RATIS_SERVER=9856, STANDALONE=9859], networkLocation: /default-rack, certSerialId: null, persistedOpState: null, persistedOpStateExpiryEpochSec: 0}
om_1        | 2021-07-12 10:05:13,340 [om1@group-C5BA1605619E-LeaderElection1] INFO server.RaftServerConfigKeys: raft.server.write.byte-limit = 64MB (=67108864) (default)
nm_1        | 2021-07-12 10:06:23 INFO  ContainersMonitorImpl:567 - container_1626084279456_0001_01_000001's ip = 172.22.0.5, and hostname = nm
nm_1        | 2021-07-12 10:06:26 INFO  ContainersMonitorImpl:468 - Skipping monitoring container container_1626084279456_0001_01_000001 since CPU usage is not yet available.
rm_1        | 2021-07-12 10:04:38 INFO  Server:419 - Started @19068ms
scm_1       | 2021-07-12 10:04:54,680 [EventQueue-NewNodeForNewNodeHandler] INFO pipeline.BackgroundPipelineCreator: trigger a one-shot run on RatisPipelineUtilsThread.
om_1        | 2021-07-12 10:05:13,345 [om1@group-C5BA1605619E-LeaderElection1] INFO server.RaftServerConfigKeys: raft.server.watch.timeout = 10s (default)
nm_1        | 2021-07-12 10:06:30 INFO  Server:1845 - Auth successful for appattempt_1626084279456_0001_000001 (auth:SIMPLE)
datanode_3  | 2021-07-12 10:04:58,208 [pool-22-thread-1] INFO server.RaftServerConfigKeys: raft.server.log.segment.cache.num.max = 2 (custom)
rm_1        | 2021-07-12 10:04:38 INFO  WebApps:440 - Web app cluster started at 8088
scm_1       | 2021-07-12 10:04:54,682 [RatisPipelineUtilsThread - 0] INFO pipeline.RatisPipelineProvider: Sending CreatePipelineCommand for pipeline:PipelineID=48416d38-cb8c-4224-b2c7-cceaa8df9a55 to datanode:d7b974ac-6046-468d-84cd-670a6a15e228
om_1        | 2021-07-12 10:05:13,347 [om1@group-C5BA1605619E-LeaderElection1] INFO server.RaftServerConfigKeys: raft.server.watch.timeout.denomination = 1s (default)
nm_1        | 2021-07-12 10:06:30 INFO  ContainerManagerImpl:1070 - Start request for container_1626084279456_0001_01_000002 by user hadoop
datanode_3  | 2021-07-12 10:04:58,209 [pool-22-thread-1] INFO server.RaftServerConfigKeys: raft.server.log.segment.cache.size.max = 200MB (=209715200) (default)
rm_1        | 2021-07-12 10:04:38 INFO  CallQueueManager:84 - Using callQueue: class java.util.concurrent.LinkedBlockingQueue queueCapacity: 100 scheduler: class org.apache.hadoop.ipc.DefaultRpcScheduler
scm_1       | 2021-07-12 10:04:54,683 [RatisPipelineUtilsThread - 0] INFO pipeline.PipelineStateManager: Created pipeline Pipeline[ Id: 48416d38-cb8c-4224-b2c7-cceaa8df9a55, Nodes: d7b974ac-6046-468d-84cd-670a6a15e228{ip: 172.22.0.8, host: hadoop31_datanode_3.hadoop31_default, ports: [REPLICATION=9886, RATIS=9858, RATIS_ADMIN=9857, RATIS_SERVER=9856, STANDALONE=9859], networkLocation: /default-rack, certSerialId: null, persistedOpState: IN_SERVICE, persistedOpStateExpiryEpochSec: 0}, ReplicationConfig: RATIS/ONE, State:ALLOCATED, leaderId:, CreationTimestamp2021-07-12T10:04:54.682Z[UTC]].
nm_1        | 2021-07-12 10:06:30 INFO  NMAuditLogger:94 - USER=hadoop	IP=172.22.0.5	OPERATION=Start Container Request	TARGET=ContainerManageImpl	RESULT=SUCCESS	APPID=application_1626084279456_0001	CONTAINERID=container_1626084279456_0001_01_000002
rm_1        | 2021-07-12 10:04:38 INFO  Server:1070 - Starting Socket Reader #1 for port 8033
scm_1       | 2021-07-12 10:04:54,685 [EventQueue-NodeRegistrationContainerReportForDataNodeSafeModeRule] INFO safemode.SCMSafeModeManager: SCM in safe mode. 3 DataNodes registered, 3 required.
om_1        | 2021-07-12 10:05:13,348 [om1@group-C5BA1605619E-LeaderElection1] INFO server.RaftServerConfigKeys: raft.server.watch.element-limit = 65536 (default)
datanode_3  | 2021-07-12 10:04:58,223 [pool-22-thread-1] INFO segmented.SegmentedRaftLogWorker: new d7b974ac-6046-468d-84cd-670a6a15e228@group-CCEAA8DF9A55-SegmentedRaftLogWorker for RaftStorageImpl:Storage Directory /data/metadata/ratis/48416d38-cb8c-4224-b2c7-cceaa8df9a55
nm_1        | 2021-07-12 10:06:30 INFO  ApplicationImpl:463 - Adding container_1626084279456_0001_01_000002 to application application_1626084279456_0001
rm_1        | 2021-07-12 10:04:39 INFO  RpcServerFactoryPBImpl:173 - Adding protocol org.apache.hadoop.yarn.server.api.ResourceManagerAdministrationProtocolPB to the server
scm_1       | 2021-07-12 10:04:54,685 [EventQueue-NodeRegistrationContainerReportForDataNodeSafeModeRule] INFO safemode.SCMSafeModeManager: DataNodeSafeModeRule rule is successfully validated
scm_1       | 2021-07-12 10:04:54,686 [EventQueue-NodeRegistrationContainerReportForDataNodeSafeModeRule] INFO safemode.SCMSafeModeManager: All SCM safe mode pre check rules have passed
datanode_3  | 2021-07-12 10:04:58,237 [pool-22-thread-1] INFO server.RaftServerConfigKeys: raft.server.log.queue.byte-limit = 2147483647 (custom)
nm_1        | 2021-07-12 10:06:30 INFO  ContainerImpl:2126 - Container container_1626084279456_0001_01_000002 transitioned from NEW to LOCALIZING
rm_1        | 2021-07-12 10:04:39 INFO  Server:1149 - IPC Server listener on 8033: starting
scm_1       | 2021-07-12 10:04:54,686 [EventQueue-NodeRegistrationContainerReportForDataNodeSafeModeRule] WARN events.EventQueue: No event handler registered for event TypedEvent{payloadType=SafeModeStatus, name='Safe mode status'}
om_1        | 2021-07-12 10:05:13,361 [om1@group-C5BA1605619E-LeaderElection1] INFO impl.RoleInfo: om1: start om1@group-C5BA1605619E-LeaderStateImpl
datanode_3  | 2021-07-12 10:04:58,238 [pool-22-thread-1] INFO server.RaftServerConfigKeys: raft.server.log.queue.element-limit = 1024 (custom)
nm_1        | 2021-07-12 10:06:30 INFO  AuxServices:350 - Got event CONTAINER_INIT for appId application_1626084279456_0001
rm_1        | 2021-07-12 10:04:39 INFO  ResourceManager:1263 - Transitioning to active state
scm_1       | 2021-07-12 10:04:54,691 [EventQueue-NodeRegistrationContainerReportForDataNodeSafeModeRule] INFO ha.SCMContext: Update SafeModeStatus from SafeModeStatus{safeModeStatus=true, preCheckPassed=false} to SafeModeStatus{safeModeStatus=true, preCheckPassed=true}.
om_1        | 2021-07-12 10:05:13,387 [om1@group-C5BA1605619E-LeaderElection1] INFO segmented.SegmentedRaftLogWorker: om1@group-C5BA1605619E-SegmentedRaftLogWorker: Starting segment from index:0
datanode_3  | 2021-07-12 10:04:58,240 [pool-22-thread-1] INFO server.RaftServerConfigKeys: raft.server.log.segment.size.max = 1048576 (custom)
nm_1        | 2021-07-12 10:06:30 INFO  AuxServices:350 - Got event APPLICATION_INIT for appId application_1626084279456_0001
rm_1        | 2021-07-12 10:04:39 INFO  Server:1310 - IPC Server Responder: starting
scm_1       | 2021-07-12 10:04:54,692 [EventQueue-NodeRegistrationContainerReportForDataNodeSafeModeRule] INFO pipeline.BackgroundPipelineCreator: trigger a one-shot run on RatisPipelineUtilsThread.
om_1        | 2021-07-12 10:05:13,455 [om1@group-C5BA1605619E-LeaderElection1] INFO server.RaftServer$Division: om1@group-C5BA1605619E: set configuration 0: [om1|rpc:om:9872|admin:|client:|dataStream:|priority:0], old=null
datanode_3  | 2021-07-12 10:04:58,241 [pool-22-thread-1] INFO server.RaftServerConfigKeys: raft.server.log.preallocated.size = 16384 (custom)
nm_1        | 2021-07-12 10:06:30 INFO  AuxServices:354 - Got APPLICATION_INIT for service mapreduce_shuffle
rm_1        | 2021-07-12 10:04:39 INFO  RMStateStore:549 - Updating AMRMToken
scm_1       | 2021-07-12 10:04:54,722 [RatisPipelineUtilsThread - 0] INFO pipeline.RatisPipelineProvider: Sending CreatePipelineCommand for pipeline:PipelineID=a2f2f5d2-f524-4cdc-9391-490bc3bf2c21 to datanode:d7b974ac-6046-468d-84cd-670a6a15e228
om_1        | 2021-07-12 10:05:13,641 [om1@group-C5BA1605619E-SegmentedRaftLogWorker] INFO segmented.SegmentedRaftLogWorker: om1@group-C5BA1605619E-SegmentedRaftLogWorker: created new log segment /data/metadata/ratis/bf265839-605b-3f16-9796-c5ba1605619e/current/log_inprogress_0
datanode_3  | 2021-07-12 10:04:58,249 [pool-22-thread-1] INFO server.RaftServerConfigKeys: raft.server.log.force.sync.num = 128 (default)
nm_1        | 2021-07-12 10:06:30 INFO  ShuffleHandler:719 - Added token for job_1626084279456_0001
rm_1        | 2021-07-12 10:04:39 INFO  RMContainerTokenSecretManager:109 - Rolling master-key for container-tokens
scm_1       | 2021-07-12 10:04:54,726 [RatisPipelineUtilsThread - 0] INFO pipeline.RatisPipelineProvider: Sending CreatePipelineCommand for pipeline:PipelineID=a2f2f5d2-f524-4cdc-9391-490bc3bf2c21 to datanode:9d3c65cc-ad0e-44aa-90a7-31675e312d72
om_1        | 2021-07-12 10:05:20,227 [OM StateMachine ApplyTransaction Thread - 0] INFO volume.OMVolumeCreateRequest: created volume:volume1 for user:hadoop
datanode_3  | 2021-07-12 10:04:58,250 [pool-22-thread-1] INFO server.RaftServerConfigKeys: raft.server.log.statemachine.data.sync = true (default)
nm_1        | 2021-07-12 10:06:30 INFO  ContainerImpl:2126 - Container container_1626084279456_0001_01_000002 transitioned from LOCALIZING to SCHEDULED
rm_1        | 2021-07-12 10:04:39 INFO  NMTokenSecretManagerInRM:95 - Rolling master-key for nm-tokens
scm_1       | 2021-07-12 10:04:54,728 [RatisPipelineUtilsThread - 0] INFO pipeline.RatisPipelineProvider: Sending CreatePipelineCommand for pipeline:PipelineID=a2f2f5d2-f524-4cdc-9391-490bc3bf2c21 to datanode:7134d3bc-6eb1-4916-ac53-cee45b3f59e3
scm_1       | 2021-07-12 10:04:54,731 [RatisPipelineUtilsThread - 0] INFO pipeline.PipelineStateManager: Created pipeline Pipeline[ Id: a2f2f5d2-f524-4cdc-9391-490bc3bf2c21, Nodes: d7b974ac-6046-468d-84cd-670a6a15e228{ip: 172.22.0.8, host: hadoop31_datanode_3.hadoop31_default, ports: [REPLICATION=9886, RATIS=9858, RATIS_ADMIN=9857, RATIS_SERVER=9856, STANDALONE=9859], networkLocation: /default-rack, certSerialId: null, persistedOpState: IN_SERVICE, persistedOpStateExpiryEpochSec: 0}9d3c65cc-ad0e-44aa-90a7-31675e312d72{ip: 172.22.0.4, host: hadoop31_datanode_1.hadoop31_default, ports: [REPLICATION=9886, RATIS=9858, RATIS_ADMIN=9857, RATIS_SERVER=9856, STANDALONE=9859], networkLocation: /default-rack, certSerialId: null, persistedOpState: IN_SERVICE, persistedOpStateExpiryEpochSec: 0}7134d3bc-6eb1-4916-ac53-cee45b3f59e3{ip: 172.22.0.6, host: hadoop31_datanode_2.hadoop31_default, ports: [REPLICATION=9886, RATIS=9858, RATIS_ADMIN=9857, RATIS_SERVER=9856, STANDALONE=9859], networkLocation: /default-rack, certSerialId: null, persistedOpState: IN_SERVICE, persistedOpStateExpiryEpochSec: 0}, ReplicationConfig: RATIS/THREE, State:ALLOCATED, leaderId:, CreationTimestamp2021-07-12T10:04:54.722Z[UTC]].
scm_1       | 2021-07-12 10:04:54,735 [RatisPipelineUtilsThread - 0] INFO pipeline.RatisPipelineProvider: Sending CreatePipelineCommand for pipeline:PipelineID=707943b6-5762-47ed-bf0d-edc8392dfc96 to datanode:7134d3bc-6eb1-4916-ac53-cee45b3f59e3
scm_1       | 2021-07-12 10:04:54,735 [RatisPipelineUtilsThread - 0] INFO pipeline.RatisPipelineProvider: Sending CreatePipelineCommand for pipeline:PipelineID=707943b6-5762-47ed-bf0d-edc8392dfc96 to datanode:9d3c65cc-ad0e-44aa-90a7-31675e312d72
scm_1       | 2021-07-12 10:04:54,736 [RatisPipelineUtilsThread - 0] INFO pipeline.RatisPipelineProvider: Sending CreatePipelineCommand for pipeline:PipelineID=707943b6-5762-47ed-bf0d-edc8392dfc96 to datanode:d7b974ac-6046-468d-84cd-670a6a15e228
scm_1       | 2021-07-12 10:04:54,738 [RatisPipelineUtilsThread - 0] INFO pipeline.PipelineStateManager: Created pipeline Pipeline[ Id: 707943b6-5762-47ed-bf0d-edc8392dfc96, Nodes: 7134d3bc-6eb1-4916-ac53-cee45b3f59e3{ip: 172.22.0.6, host: hadoop31_datanode_2.hadoop31_default, ports: [REPLICATION=9886, RATIS=9858, RATIS_ADMIN=9857, RATIS_SERVER=9856, STANDALONE=9859], networkLocation: /default-rack, certSerialId: null, persistedOpState: IN_SERVICE, persistedOpStateExpiryEpochSec: 0}9d3c65cc-ad0e-44aa-90a7-31675e312d72{ip: 172.22.0.4, host: hadoop31_datanode_1.hadoop31_default, ports: [REPLICATION=9886, RATIS=9858, RATIS_ADMIN=9857, RATIS_SERVER=9856, STANDALONE=9859], networkLocation: /default-rack, certSerialId: null, persistedOpState: IN_SERVICE, persistedOpStateExpiryEpochSec: 0}d7b974ac-6046-468d-84cd-670a6a15e228{ip: 172.22.0.8, host: hadoop31_datanode_3.hadoop31_default, ports: [REPLICATION=9886, RATIS=9858, RATIS_ADMIN=9857, RATIS_SERVER=9856, STANDALONE=9859], networkLocation: /default-rack, certSerialId: null, persistedOpState: IN_SERVICE, persistedOpStateExpiryEpochSec: 0}, ReplicationConfig: RATIS/THREE, State:ALLOCATED, leaderId:, CreationTimestamp2021-07-12T10:04:54.735Z[UTC]].
scm_1       | 2021-07-12 10:04:54,738 [RatisPipelineUtilsThread - 0] INFO pipeline.PipelineManagerV2Impl: Pipeline: PipelineID=707943b6-5762-47ed-bf0d-edc8392dfc96 contains same datanodes as previous pipelines: PipelineID=a2f2f5d2-f524-4cdc-9391-490bc3bf2c21 nodeIds: 7134d3bc-6eb1-4916-ac53-cee45b3f59e3, 9d3c65cc-ad0e-44aa-90a7-31675e312d72, d7b974ac-6046-468d-84cd-670a6a15e228
scm_1       | 2021-07-12 10:04:57,691 [EventQueue-PipelineReportForPipelineReportHandler] INFO pipeline.PipelineManagerV2Impl: Pipeline Pipeline[ Id: 8a29ecae-ff72-4299-bbe4-ca09cec4b5b9, Nodes: 9d3c65cc-ad0e-44aa-90a7-31675e312d72{ip: 172.22.0.4, host: hadoop31_datanode_1.hadoop31_default, ports: [REPLICATION=9886, RATIS=9858, RATIS_ADMIN=9857, RATIS_SERVER=9856, STANDALONE=9859], networkLocation: /default-rack, certSerialId: null, persistedOpState: IN_SERVICE, persistedOpStateExpiryEpochSec: 0}, ReplicationConfig: RATIS/ONE, State:ALLOCATED, leaderId:9d3c65cc-ad0e-44aa-90a7-31675e312d72, CreationTimestamp2021-07-12T10:04:54.630Z[UTC]] moved to OPEN state
scm_1       | 2021-07-12 10:04:57,705 [EventQueue-OpenPipelineForHealthyPipelineSafeModeRule] INFO safemode.SCMSafeModeManager: SCM in safe mode. Healthy pipelines reported count is 0, required healthy pipeline reported count is 1
scm_1       | 2021-07-12 10:04:57,961 [EventQueue-PipelineReportForPipelineReportHandler] INFO pipeline.PipelineManagerV2Impl: Pipeline Pipeline[ Id: cfa92df3-b380-48ca-8651-84734cb70a50, Nodes: 7134d3bc-6eb1-4916-ac53-cee45b3f59e3{ip: 172.22.0.6, host: hadoop31_datanode_2.hadoop31_default, ports: [REPLICATION=9886, RATIS=9858, RATIS_ADMIN=9857, RATIS_SERVER=9856, STANDALONE=9859], networkLocation: /default-rack, certSerialId: null, persistedOpState: IN_SERVICE, persistedOpStateExpiryEpochSec: 0}, ReplicationConfig: RATIS/ONE, State:ALLOCATED, leaderId:7134d3bc-6eb1-4916-ac53-cee45b3f59e3, CreationTimestamp2021-07-12T10:04:54.521Z[UTC]] moved to OPEN state
om_1        | 2021-07-12 10:06:23,854 [OM StateMachine ApplyTransaction Thread - 0] INFO volume.OMVolumeCreateRequest: created volume:user for user:hadoop
datanode_3  | 2021-07-12 10:04:58,251 [pool-22-thread-1] INFO server.RaftServerConfigKeys: raft.server.log.statemachine.data.sync.timeout = 10s (default)
datanode_3  | 2021-07-12 10:04:58,251 [pool-22-thread-1] INFO server.RaftServerConfigKeys: raft.server.log.statemachine.data.sync.timeout.retry = -1 (default)
rm_1        | 2021-07-12 10:04:39 INFO  AbstractDelegationTokenSecretManager:347 - Updating the current master key for generating delegation tokens
scm_1       | 2021-07-12 10:04:57,970 [EventQueue-OpenPipelineForHealthyPipelineSafeModeRule] INFO safemode.SCMSafeModeManager: SCM in safe mode. Healthy pipelines reported count is 0, required healthy pipeline reported count is 1
datanode_3  | 2021-07-12 10:04:58,281 [pool-22-thread-1] INFO server.RaftServerConfigKeys: raft.server.log.write.buffer.size = 1048576 (custom)
nm_1        | 2021-07-12 10:06:30 INFO  ContainerScheduler:511 - Starting container [container_1626084279456_0001_01_000002]
rm_1        | 2021-07-12 10:04:39 INFO  RMDelegationTokenSecretManager:92 - storing master key with keyID 1
scm_1       | 2021-07-12 10:04:58,065 [EventQueue-PipelineReportForPipelineReportHandler] INFO pipeline.PipelineManagerV2Impl: Pipeline Pipeline[ Id: 48416d38-cb8c-4224-b2c7-cceaa8df9a55, Nodes: d7b974ac-6046-468d-84cd-670a6a15e228{ip: 172.22.0.8, host: hadoop31_datanode_3.hadoop31_default, ports: [REPLICATION=9886, RATIS=9858, RATIS_ADMIN=9857, RATIS_SERVER=9856, STANDALONE=9859], networkLocation: /default-rack, certSerialId: null, persistedOpState: IN_SERVICE, persistedOpStateExpiryEpochSec: 0}, ReplicationConfig: RATIS/ONE, State:ALLOCATED, leaderId:d7b974ac-6046-468d-84cd-670a6a15e228, CreationTimestamp2021-07-12T10:04:54.682Z[UTC]] moved to OPEN state
datanode_3  | 2021-07-12 10:04:58,305 [pool-22-thread-1] INFO server.RaftServerConfigKeys: raft.server.log.statemachine.data.caching.enabled = true (custom)
nm_1        | 2021-07-12 10:06:30 INFO  Configuration:3318 - Removed undeclared tags:
rm_1        | 2021-07-12 10:04:39 INFO  RMStateStore:500 - Storing RMDTMasterKey.
scm_1       | 2021-07-12 10:04:58,075 [EventQueue-OpenPipelineForHealthyPipelineSafeModeRule] INFO safemode.SCMSafeModeManager: SCM in safe mode. Healthy pipelines reported count is 0, required healthy pipeline reported count is 1
datanode_3  | 2021-07-12 10:04:58,322 [pool-22-thread-1] INFO segmented.SegmentedRaftLogWorker: d7b974ac-6046-468d-84cd-670a6a15e228@group-CCEAA8DF9A55-SegmentedRaftLogWorker: flushIndex: setUnconditionally 0 -> -1
nm_1        | 2021-07-12 10:06:30 INFO  ContainerImpl:2126 - Container container_1626084279456_0001_01_000002 transitioned from SCHEDULED to RUNNING
rm_1        | 2021-07-12 10:04:39 INFO  AbstractDelegationTokenSecretManager:679 - Starting expired delegation token remover thread, tokenRemoverScanInterval=60 min(s)
scm_1       | 2021-07-12 10:04:58,340 [EventQueue-OpenPipelineForHealthyPipelineSafeModeRule] INFO safemode.SCMSafeModeManager: SCM in safe mode. Healthy pipelines reported count is 0, required healthy pipeline reported count is 1
datanode_3  | 2021-07-12 10:04:58,334 [pool-22-thread-1] INFO segmented.SegmentedRaftLogWorker: d7b974ac-6046-468d-84cd-670a6a15e228@group-CCEAA8DF9A55-SegmentedRaftLogWorker: safeCacheEvictIndex: setUnconditionally 0 -> -1
nm_1        | 2021-07-12 10:06:30 INFO  ContainersMonitorImpl:943 - Starting resource-monitoring for container_1626084279456_0001_01_000002
rm_1        | 2021-07-12 10:04:39 INFO  AsyncDispatcher:223 - Registering class org.apache.hadoop.yarn.nodelabels.event.NodeLabelsStoreEventType for class org.apache.hadoop.yarn.nodelabels.CommonNodeLabelsManager$ForwardingEventHandler
scm_1       | 2021-07-12 10:04:58,696 [EventQueue-OpenPipelineForHealthyPipelineSafeModeRule] INFO safemode.SCMSafeModeManager: SCM in safe mode. Healthy pipelines reported count is 0, required healthy pipeline reported count is 1
datanode_3  | 2021-07-12 10:04:58,356 [pool-22-thread-1] INFO server.RaftServerConfigKeys: raft.server.snapshot.auto.trigger.enabled = true (custom)
nm_1        | 2021-07-12 10:06:30 INFO  DefaultContainerExecutor:370 - launchContainer: [bash, /tmp/hadoop-hadoop/nm-local-dir/usercache/hadoop/appcache/application_1626084279456_0001/container_1626084279456_0001_01_000002/default_container_executor.sh]
rm_1        | 2021-07-12 10:04:39 INFO  AbstractDelegationTokenSecretManager:347 - Updating the current master key for generating delegation tokens
scm_1       | 2021-07-12 10:04:58,724 [EventQueue-OpenPipelineForHealthyPipelineSafeModeRule] INFO safemode.SCMSafeModeManager: SCM in safe mode. Healthy pipelines reported count is 0, required healthy pipeline reported count is 1
datanode_3  | 2021-07-12 10:04:58,375 [pool-22-thread-1] INFO server.RaftServerConfigKeys: raft.server.snapshot.auto.trigger.threshold = 10000 (custom)
nm_1        | 2021-07-12 10:06:32 INFO  ContainersMonitorImpl:567 - container_1626084279456_0001_01_000002's ip = 172.22.0.5, and hostname = nm
rm_1        | 2021-07-12 10:04:39 INFO  RMDelegationTokenSecretManager:92 - storing master key with keyID 2
scm_1       | 2021-07-12 10:05:00,867 [EventQueue-OpenPipelineForHealthyPipelineSafeModeRule] INFO safemode.SCMSafeModeManager: SCM in safe mode. Healthy pipelines reported count is 0, required healthy pipeline reported count is 1
datanode_3  | 2021-07-12 10:04:58,375 [pool-22-thread-1] INFO server.RaftServerConfigKeys: raft.server.snapshot.retention.file.num = 5 (custom)
nm_1        | 2021-07-12 10:06:34 INFO  ContainerLaunch:589 - Container container_1626084279456_0001_01_000002 succeeded 
rm_1        | 2021-07-12 10:04:39 INFO  RMStateStore:500 - Storing RMDTMasterKey.
scm_1       | 2021-07-12 10:05:00,871 [EventQueue-OpenPipelineForHealthyPipelineSafeModeRule] INFO safemode.SCMSafeModeManager: SCM in safe mode. Healthy pipelines reported count is 0, required healthy pipeline reported count is 1
datanode_3  | 2021-07-12 10:04:58,376 [pool-22-thread-1] INFO server.RaftServerConfigKeys: raft.server.log.purge.upto.snapshot.index = false (default)
nm_1        | 2021-07-12 10:06:34 INFO  ContainerImpl:2126 - Container container_1626084279456_0001_01_000002 transitioned from RUNNING to EXITED_WITH_SUCCESS
rm_1        | 2021-07-12 10:04:39 INFO  CallQueueManager:84 - Using callQueue: class java.util.concurrent.LinkedBlockingQueue queueCapacity: 5000 scheduler: class org.apache.hadoop.ipc.DefaultRpcScheduler
scm_1       | 2021-07-12 10:05:00,951 [EventQueue-OpenPipelineForHealthyPipelineSafeModeRule] INFO safemode.SCMSafeModeManager: SCM in safe mode. Healthy pipelines reported count is 0, required healthy pipeline reported count is 1
datanode_3  | 2021-07-12 10:04:58,377 [pool-22-thread-1] INFO server.RaftServerConfigKeys: raft.server.retrycache.expirytime = 600000ms (custom)
nm_1        | 2021-07-12 10:06:34 INFO  ContainerLaunch:745 - Cleaning up container container_1626084279456_0001_01_000002
rm_1        | 2021-07-12 10:04:39 INFO  Server:1070 - Starting Socket Reader #1 for port 8031
scm_1       | 2021-07-12 10:05:03,332 [EventQueue-OpenPipelineForHealthyPipelineSafeModeRule] INFO safemode.SCMSafeModeManager: SCM in safe mode. Healthy pipelines reported count is 0, required healthy pipeline reported count is 1
datanode_3  | 2021-07-12 10:04:58,377 [pool-22-thread-1] INFO server.RaftServerConfigKeys: raft.server.retrycache.statistics.expirytime = 100?s (default)
nm_1        | 2021-07-12 10:06:34 INFO  Configuration:3318 - Removed undeclared tags:
rm_1        | 2021-07-12 10:04:39 INFO  RpcServerFactoryPBImpl:173 - Adding protocol org.apache.hadoop.yarn.server.api.ResourceTrackerPB to the server
scm_1       | 2021-07-12 10:05:03,769 [EventQueue-OpenPipelineForHealthyPipelineSafeModeRule] INFO safemode.SCMSafeModeManager: SCM in safe mode. Healthy pipelines reported count is 0, required healthy pipeline reported count is 1
nm_1        | 2021-07-12 10:06:34 INFO  DefaultContainerExecutor:634 - Deleting absolute path : /tmp/hadoop-hadoop/nm-local-dir/usercache/hadoop/appcache/application_1626084279456_0001/container_1626084279456_0001_01_000002/launch_container.sh
datanode_3  | 2021-07-12 10:04:58,500 [pool-22-thread-1] INFO metrics.RatisMetrics: Creating Metrics Registry : ratis.leader_election.d7b974ac-6046-468d-84cd-670a6a15e228@group-CCEAA8DF9A55
rm_1        | 2021-07-12 10:04:39 INFO  Server:1310 - IPC Server Responder: starting
scm_1       | 2021-07-12 10:05:03,929 [EventQueue-OpenPipelineForHealthyPipelineSafeModeRule] INFO safemode.SCMSafeModeManager: SCM in safe mode. Healthy pipelines reported count is 0, required healthy pipeline reported count is 1
nm_1        | 2021-07-12 10:06:34 INFO  DefaultContainerExecutor:634 - Deleting absolute path : /tmp/hadoop-hadoop/nm-local-dir/usercache/hadoop/appcache/application_1626084279456_0001/container_1626084279456_0001_01_000002/container_tokens
nm_1        | 2021-07-12 10:06:34 INFO  NMAuditLogger:94 - USER=hadoop	OPERATION=Container Finished - Succeeded	TARGET=ContainerImpl	RESULT=SUCCESS	APPID=application_1626084279456_0001	CONTAINERID=container_1626084279456_0001_01_000002
rm_1        | 2021-07-12 10:04:39 INFO  Server:1149 - IPC Server listener on 8031: starting
nm_1        | 2021-07-12 10:06:34 INFO  ContainerImpl:2126 - Container container_1626084279456_0001_01_000002 transitioned from EXITED_WITH_SUCCESS to DONE
datanode_3  | 2021-07-12 10:04:58,541 [pool-22-thread-1] INFO metrics.RatisMetrics: Creating Metrics Registry : ratis.server.d7b974ac-6046-468d-84cd-670a6a15e228@group-CCEAA8DF9A55
scm_1       | 2021-07-12 10:05:08,861 [EventQueue-PipelineReportForPipelineReportHandler] INFO pipeline.PipelineManagerV2Impl: Pipeline Pipeline[ Id: a2f2f5d2-f524-4cdc-9391-490bc3bf2c21, Nodes: d7b974ac-6046-468d-84cd-670a6a15e228{ip: 172.22.0.8, host: hadoop31_datanode_3.hadoop31_default, ports: [REPLICATION=9886, RATIS=9858, RATIS_ADMIN=9857, RATIS_SERVER=9856, STANDALONE=9859], networkLocation: /default-rack, certSerialId: null, persistedOpState: IN_SERVICE, persistedOpStateExpiryEpochSec: 0}9d3c65cc-ad0e-44aa-90a7-31675e312d72{ip: 172.22.0.4, host: hadoop31_datanode_1.hadoop31_default, ports: [REPLICATION=9886, RATIS=9858, RATIS_ADMIN=9857, RATIS_SERVER=9856, STANDALONE=9859], networkLocation: /default-rack, certSerialId: null, persistedOpState: IN_SERVICE, persistedOpStateExpiryEpochSec: 0}7134d3bc-6eb1-4916-ac53-cee45b3f59e3{ip: 172.22.0.6, host: hadoop31_datanode_2.hadoop31_default, ports: [REPLICATION=9886, RATIS=9858, RATIS_ADMIN=9857, RATIS_SERVER=9856, STANDALONE=9859], networkLocation: /default-rack, certSerialId: null, persistedOpState: IN_SERVICE, persistedOpStateExpiryEpochSec: 0}, ReplicationConfig: RATIS/THREE, State:ALLOCATED, leaderId:d7b974ac-6046-468d-84cd-670a6a15e228, CreationTimestamp2021-07-12T10:04:54.722Z[UTC]] moved to OPEN state
rm_1        | 2021-07-12 10:04:40 INFO  JvmPauseMonitor:188 - Starting JVM pause monitor
nm_1        | 2021-07-12 10:06:34 INFO  ApplicationImpl:512 - Removing container_1626084279456_0001_01_000002 from application application_1626084279456_0001
datanode_3  | 2021-07-12 10:04:58,583 [pool-22-thread-1] INFO server.RaftServer$Division: d7b974ac-6046-468d-84cd-670a6a15e228@group-CCEAA8DF9A55: start as a follower, conf=-1: [d7b974ac-6046-468d-84cd-670a6a15e228|rpc:172.22.0.8:9856|admin:172.22.0.8:9857|client:172.22.0.8:9858|priority:1], old=null
datanode_3  | 2021-07-12 10:04:58,584 [pool-22-thread-1] INFO server.RaftServer$Division: d7b974ac-6046-468d-84cd-670a6a15e228@group-CCEAA8DF9A55: changes role from      null to FOLLOWER at term 0 for startAsFollower
rm_1        | 2021-07-12 10:04:40 INFO  CallQueueManager:84 - Using callQueue: class java.util.concurrent.LinkedBlockingQueue queueCapacity: 5000 scheduler: class org.apache.hadoop.ipc.DefaultRpcScheduler
nm_1        | 2021-07-12 10:06:34 INFO  ContainersMonitorImpl:934 - Stopping resource-monitoring for container_1626084279456_0001_01_000002
datanode_3  | 2021-07-12 10:04:58,587 [pool-22-thread-1] INFO impl.RoleInfo: d7b974ac-6046-468d-84cd-670a6a15e228: start d7b974ac-6046-468d-84cd-670a6a15e228@group-CCEAA8DF9A55-FollowerState
scm_1       | 2021-07-12 10:05:08,876 [EventQueue-OpenPipelineForHealthyPipelineSafeModeRule] INFO safemode.SCMSafeModeManager: SCM in safe mode. Healthy pipelines reported count is 0, required healthy pipeline reported count is 1
rm_1        | 2021-07-12 10:04:40 INFO  Server:1070 - Starting Socket Reader #1 for port 8030
nm_1        | 2021-07-12 10:06:34 INFO  AuxServices:350 - Got event CONTAINER_STOP for appId application_1626084279456_0001
datanode_3  | 2021-07-12 10:04:58,606 [pool-22-thread-1] INFO util.JmxRegister: Successfully registered JMX Bean with object name Ratis:service=RaftServer,group=group-CCEAA8DF9A55,id=d7b974ac-6046-468d-84cd-670a6a15e228
scm_1       | 2021-07-12 10:05:08,893 [EventQueue-OpenPipelineForHealthyPipelineSafeModeRule] INFO safemode.SCMSafeModeManager: SCM in safe mode. Healthy pipelines reported count is 1, required healthy pipeline reported count is 1
rm_1        | 2021-07-12 10:04:40 INFO  RpcServerFactoryPBImpl:173 - Adding protocol org.apache.hadoop.yarn.api.ApplicationMasterProtocolPB to the server
nm_1        | 2021-07-12 10:06:36 INFO  Server:1845 - Auth successful for appattempt_1626084279456_0001_000001 (auth:SIMPLE)
datanode_3  | 2021-07-12 10:04:58,607 [pool-22-thread-1] INFO metrics.RatisMetrics: Creating Metrics Registry : ratis.state_machine.d7b974ac-6046-468d-84cd-670a6a15e228@group-CCEAA8DF9A55
scm_1       | 2021-07-12 10:05:08,894 [EventQueue-OpenPipelineForHealthyPipelineSafeModeRule] INFO safemode.SCMSafeModeManager: HealthyPipelineSafeModeRule rule is successfully validated
rm_1        | 2021-07-12 10:04:40 INFO  Server:1310 - IPC Server Responder: starting
nm_1        | 2021-07-12 10:06:36 INFO  ContainerManagerImpl:1070 - Start request for container_1626084279456_0001_01_000003 by user hadoop
datanode_3  | 2021-07-12 10:04:58,667 [Command processor thread] INFO ratis.XceiverServerRatis: Created group PipelineID=48416d38-cb8c-4224-b2c7-cceaa8df9a55
scm_1       | 2021-07-12 10:05:08,894 [EventQueue-OpenPipelineForHealthyPipelineSafeModeRule] INFO safemode.SCMSafeModeManager: ScmSafeModeManager, all rules are successfully validated
rm_1        | 2021-07-12 10:04:40 INFO  Server:1149 - IPC Server listener on 8030: starting
nm_1        | 2021-07-12 10:06:36 INFO  NMAuditLogger:94 - USER=hadoop	IP=172.22.0.5	OPERATION=Start Container Request	TARGET=ContainerManageImpl	RESULT=SUCCESS	APPID=application_1626084279456_0001	CONTAINERID=container_1626084279456_0001_01_000003
datanode_3  | 2021-07-12 10:04:58,670 [Command processor thread] INFO commandhandler.CreatePipelineCommandHandler: Created Pipeline RATIS ONE PipelineID=48416d38-cb8c-4224-b2c7-cceaa8df9a55.
scm_1       | 2021-07-12 10:05:08,894 [EventQueue-OpenPipelineForHealthyPipelineSafeModeRule] INFO safemode.SCMSafeModeManager: SCM exiting safe mode.
rm_1        | 2021-07-12 10:04:41 INFO  CallQueueManager:84 - Using callQueue: class java.util.concurrent.LinkedBlockingQueue queueCapacity: 5000 scheduler: class org.apache.hadoop.ipc.DefaultRpcScheduler
nm_1        | 2021-07-12 10:06:36 INFO  ApplicationImpl:463 - Adding container_1626084279456_0001_01_000003 to application application_1626084279456_0001
datanode_3  | 2021-07-12 10:04:58,670 [Command processor thread] INFO server.RaftServer: d7b974ac-6046-468d-84cd-670a6a15e228: addNew group-490BC3BF2C21:[9d3c65cc-ad0e-44aa-90a7-31675e312d72|rpc:172.22.0.4:9856|admin:172.22.0.4:9857|client:172.22.0.4:9858|priority:0, d7b974ac-6046-468d-84cd-670a6a15e228|rpc:172.22.0.8:9856|admin:172.22.0.8:9857|client:172.22.0.8:9858|priority:1, 7134d3bc-6eb1-4916-ac53-cee45b3f59e3|rpc:172.22.0.6:9856|admin:172.22.0.6:9857|client:172.22.0.6:9858|priority:0] returns group-490BC3BF2C21:java.util.concurrent.CompletableFuture@5909809b[Not completed]
scm_1       | 2021-07-12 10:05:08,894 [EventQueue-OpenPipelineForHealthyPipelineSafeModeRule] WARN events.EventQueue: No event handler registered for event TypedEvent{payloadType=SafeModeStatus, name='Safe mode status'}
rm_1        | 2021-07-12 10:04:41 INFO  Server:1070 - Starting Socket Reader #1 for port 8032
nm_1        | 2021-07-12 10:06:36 INFO  ContainerImpl:2126 - Container container_1626084279456_0001_01_000003 transitioned from NEW to LOCALIZING
datanode_3  | 2021-07-12 10:04:58,696 [pool-22-thread-1] INFO server.RaftServer$Division: d7b974ac-6046-468d-84cd-670a6a15e228: new RaftServerImpl for group-490BC3BF2C21:[9d3c65cc-ad0e-44aa-90a7-31675e312d72|rpc:172.22.0.4:9856|admin:172.22.0.4:9857|client:172.22.0.4:9858|priority:0, d7b974ac-6046-468d-84cd-670a6a15e228|rpc:172.22.0.8:9856|admin:172.22.0.8:9857|client:172.22.0.8:9858|priority:1, 7134d3bc-6eb1-4916-ac53-cee45b3f59e3|rpc:172.22.0.6:9856|admin:172.22.0.6:9857|client:172.22.0.6:9858|priority:0] with ContainerStateMachine:uninitialized
scm_1       | 2021-07-12 10:05:08,894 [EventQueue-OpenPipelineForHealthyPipelineSafeModeRule] INFO ha.SCMContext: Update SafeModeStatus from SafeModeStatus{safeModeStatus=true, preCheckPassed=true} to SafeModeStatus{safeModeStatus=false, preCheckPassed=true}.
rm_1        | 2021-07-12 10:04:41 INFO  RpcServerFactoryPBImpl:173 - Adding protocol org.apache.hadoop.yarn.api.ApplicationClientProtocolPB to the server
nm_1        | 2021-07-12 10:06:36 INFO  AuxServices:350 - Got event CONTAINER_INIT for appId application_1626084279456_0001
datanode_3  | 2021-07-12 10:04:58,700 [pool-22-thread-1] INFO server.RaftServerConfigKeys: raft.server.rpc.timeout.min = 5s (custom)
scm_1       | 2021-07-12 10:05:08,894 [EventQueue-OpenPipelineForHealthyPipelineSafeModeRule] INFO pipeline.BackgroundPipelineCreator: Service BackgroundPipelineCreator transitions to RUNNING.
rm_1        | 2021-07-12 10:04:41 INFO  Server:1310 - IPC Server Responder: starting
nm_1        | 2021-07-12 10:06:36 INFO  AuxServices:350 - Got event APPLICATION_INIT for appId application_1626084279456_0001
scm_1       | 2021-07-12 10:05:08,894 [EventQueue-OpenPipelineForHealthyPipelineSafeModeRule] INFO container.ReplicationManager: Service ReplicationManager transitions to RUNNING.
rm_1        | 2021-07-12 10:04:41 INFO  Server:1149 - IPC Server listener on 8032: starting
nm_1        | 2021-07-12 10:06:36 INFO  AuxServices:354 - Got APPLICATION_INIT for service mapreduce_shuffle
datanode_3  | 2021-07-12 10:04:58,700 [pool-22-thread-1] INFO server.RaftServerConfigKeys: raft.server.rpc.timeout.max = 5200ms (custom)
scm_1       | 2021-07-12 10:05:11,084 [EventQueue-PipelineReportForPipelineReportHandler] INFO pipeline.PipelineManagerV2Impl: Pipeline Pipeline[ Id: 707943b6-5762-47ed-bf0d-edc8392dfc96, Nodes: 7134d3bc-6eb1-4916-ac53-cee45b3f59e3{ip: 172.22.0.6, host: hadoop31_datanode_2.hadoop31_default, ports: [REPLICATION=9886, RATIS=9858, RATIS_ADMIN=9857, RATIS_SERVER=9856, STANDALONE=9859], networkLocation: /default-rack, certSerialId: null, persistedOpState: IN_SERVICE, persistedOpStateExpiryEpochSec: 0}9d3c65cc-ad0e-44aa-90a7-31675e312d72{ip: 172.22.0.4, host: hadoop31_datanode_1.hadoop31_default, ports: [REPLICATION=9886, RATIS=9858, RATIS_ADMIN=9857, RATIS_SERVER=9856, STANDALONE=9859], networkLocation: /default-rack, certSerialId: null, persistedOpState: IN_SERVICE, persistedOpStateExpiryEpochSec: 0}d7b974ac-6046-468d-84cd-670a6a15e228{ip: 172.22.0.8, host: hadoop31_datanode_3.hadoop31_default, ports: [REPLICATION=9886, RATIS=9858, RATIS_ADMIN=9857, RATIS_SERVER=9856, STANDALONE=9859], networkLocation: /default-rack, certSerialId: null, persistedOpState: IN_SERVICE, persistedOpStateExpiryEpochSec: 0}, ReplicationConfig: RATIS/THREE, State:ALLOCATED, leaderId:7134d3bc-6eb1-4916-ac53-cee45b3f59e3, CreationTimestamp2021-07-12T10:04:54.735Z[UTC]] moved to OPEN state
rm_1        | 2021-07-12 10:04:41 INFO  ResourceManager:1279 - Transitioned to active state
nm_1        | 2021-07-12 10:06:36 INFO  ShuffleHandler:719 - Added token for job_1626084279456_0001
datanode_3  | 2021-07-12 10:04:58,701 [pool-22-thread-1] INFO server.RaftServerConfigKeys: raft.server.rpc.sleep.time = 25ms (default)
scm_1       | 2021-07-12 10:05:30,613 [IPC Server handler 45 on default port 9863] INFO ha.SequenceIdGenerator: Allocate a batch for containerId, change lastId from 0 to 1000.
rm_1        | 2021-07-12 10:04:49 INFO  RMNodeImpl:671 - nm:35637 Node Transitioned from NEW to RUNNING
datanode_3  | 2021-07-12 10:04:58,701 [pool-22-thread-1] INFO server.RaftServerConfigKeys: raft.server.rpc.slowness.timeout = 300s (custom)
nm_1        | 2021-07-12 10:06:36 INFO  ContainerImpl:2126 - Container container_1626084279456_0001_01_000003 transitioned from LOCALIZING to SCHEDULED
scm_1       | 2021-07-12 10:05:30,631 [IPC Server handler 45 on default port 9863] WARN ha.SequenceIdGenerator: Failed to allocate a batch for localId, expected lastId is 0, actual lastId is 107544261427200000.
rm_1        | 2021-07-12 10:04:49 INFO  ResourceTrackerService:495 - NodeManager from node nm(cmPort: 35637 httpPort: 8042) registered with capability: <memory:8192, vCores:8>, assigned nodeId nm:35637
datanode_3  | 2021-07-12 10:04:58,701 [pool-22-thread-1] INFO server.RaftServerConfigKeys: raft.server.leaderelection.leader.step-down.wait-time = 10s (default)
nm_1        | 2021-07-12 10:06:36 INFO  ContainerScheduler:511 - Starting container [container_1626084279456_0001_01_000003]
scm_1       | 2021-07-12 10:05:30,631 [IPC Server handler 45 on default port 9863] INFO ha.SequenceIdGenerator: Allocate a batch for localId, change lastId from 107544261427200000 to 107544261427201000.
rm_1        | 2021-07-12 10:04:49 INFO  CapacityScheduler:1866 - Added node nm:35637 clusterResource: <memory:8192, vCores:8>
datanode_3  | 2021-07-12 10:04:58,702 [pool-22-thread-1] INFO server.RaftServerConfigKeys: raft.server.sleep.deviation.threshold = 300ms (default)
nm_1        | 2021-07-12 10:06:36 INFO  Configuration:3318 - Removed undeclared tags:
scm_1       | 2021-07-12 10:07:08,281 [IPC Server handler 47 on default port 9863] INFO ha.SequenceIdGenerator: Allocate a batch for delTxnId, change lastId from 0 to 1000.
rm_1        | 2021-07-12 10:06:14 INFO  ClientRMService:341 - Allocated new applicationId: 1
datanode_3  | 2021-07-12 10:04:58,702 [pool-22-thread-1] INFO server.RaftServerConfigKeys: raft.server.log.appender.install.snapshot.enabled = false (custom)
nm_1        | 2021-07-12 10:06:36 INFO  ContainerImpl:2126 - Container container_1626084279456_0001_01_000003 transitioned from SCHEDULED to RUNNING
rm_1        | 2021-07-12 10:06:18 INFO  CapacityScheduler:2500 - Application 'application_1626084279456_0001' is submitted without priority hence considering default queue/cluster priority: 0
datanode_3  | 2021-07-12 10:04:58,703 [pool-22-thread-1] INFO server.RaftServer$Division: d7b974ac-6046-468d-84cd-670a6a15e228@group-490BC3BF2C21: ConfigurationManager, init=-1: [9d3c65cc-ad0e-44aa-90a7-31675e312d72|rpc:172.22.0.4:9856|admin:172.22.0.4:9857|client:172.22.0.4:9858|priority:0, d7b974ac-6046-468d-84cd-670a6a15e228|rpc:172.22.0.8:9856|admin:172.22.0.8:9857|client:172.22.0.8:9858|priority:1, 7134d3bc-6eb1-4916-ac53-cee45b3f59e3|rpc:172.22.0.6:9856|admin:172.22.0.6:9857|client:172.22.0.6:9858|priority:0], old=null, confs=<EMPTY_MAP>
nm_1        | 2021-07-12 10:06:36 INFO  ContainersMonitorImpl:943 - Starting resource-monitoring for container_1626084279456_0001_01_000003
rm_1        | 2021-07-12 10:06:18 INFO  CapacityScheduler:2521 - Priority '0' is acceptable in queue : default for application: application_1626084279456_0001
datanode_3  | 2021-07-12 10:04:58,704 [pool-22-thread-1] INFO server.RaftServerConfigKeys: raft.server.storage.dir = [/data/metadata/ratis] (custom)
nm_1        | 2021-07-12 10:06:36 INFO  DefaultContainerExecutor:370 - launchContainer: [bash, /tmp/hadoop-hadoop/nm-local-dir/usercache/hadoop/appcache/application_1626084279456_0001/container_1626084279456_0001_01_000003/default_container_executor.sh]
rm_1        | 2021-07-12 10:06:18 INFO  RMAppImpl:1259 - Storing application with id application_1626084279456_0001
datanode_3  | 2021-07-12 10:04:58,705 [pool-22-thread-1] INFO server.RaftServerConfigKeys: raft.server.log.corruption.policy = EXCEPTION (default)
nm_1        | 2021-07-12 10:06:36 INFO  NodeStatusUpdaterImpl:696 - Removed completed containers from NM context: [container_1626084279456_0001_01_000002]
rm_1        | 2021-07-12 10:06:18 INFO  ClientRMService:650 - Application with id 1 submitted by user hadoop
datanode_3  | 2021-07-12 10:04:58,706 [pool-22-thread-1] INFO storage.RaftStorageDirectory: The storage directory /data/metadata/ratis/a2f2f5d2-f524-4cdc-9391-490bc3bf2c21 does not exist. Creating ...
nm_1        | 2021-07-12 10:06:38 INFO  ContainersMonitorImpl:567 - container_1626084279456_0001_01_000003's ip = 172.22.0.5, and hostname = nm
rm_1        | 2021-07-12 10:06:18 INFO  RMAuditLogger:310 - USER=hadoop	IP=172.22.0.3	OPERATION=Submit Application Request	TARGET=ClientRMService	RESULT=SUCCESS	APPID=application_1626084279456_0001	CALLERCONTEXT=CLI	QUEUENAME=default
datanode_3  | 2021-07-12 10:04:58,711 [pool-22-thread-1] INFO storage.RaftStorageDirectory: Lock on /data/metadata/ratis/a2f2f5d2-f524-4cdc-9391-490bc3bf2c21/in_use.lock acquired by nodename 7@f1dd248850e8
nm_1        | 2021-07-12 10:06:40 INFO  ContainerLaunch:589 - Container container_1626084279456_0001_01_000003 succeeded 
rm_1        | 2021-07-12 10:06:18 INFO  RMStateStore:222 - Storing info for app: application_1626084279456_0001
datanode_3  | 2021-07-12 10:04:58,715 [pool-22-thread-1] INFO storage.RaftStorage: Storage directory /data/metadata/ratis/a2f2f5d2-f524-4cdc-9391-490bc3bf2c21 has been successfully formatted.
nm_1        | 2021-07-12 10:06:40 INFO  ContainerImpl:2126 - Container container_1626084279456_0001_01_000003 transitioned from RUNNING to EXITED_WITH_SUCCESS
rm_1        | 2021-07-12 10:06:18 INFO  RMAppImpl:912 - application_1626084279456_0001 State change from NEW to NEW_SAVING on event = START
datanode_3  | 2021-07-12 10:04:58,716 [pool-22-thread-1] INFO ratis.ContainerStateMachine: group-490BC3BF2C21: The snapshot info is null. Setting the last applied indexto:(t:0, i:~)
nm_1        | 2021-07-12 10:06:40 INFO  ContainerLaunch:745 - Cleaning up container container_1626084279456_0001_01_000003
rm_1        | 2021-07-12 10:06:18 INFO  RMAppImpl:912 - application_1626084279456_0001 State change from NEW_SAVING to SUBMITTED on event = APP_NEW_SAVED
datanode_3  | 2021-07-12 10:04:58,717 [pool-22-thread-1] INFO server.RaftServerConfigKeys: raft.server.notification.no-leader.timeout = 300s (custom)
nm_1        | 2021-07-12 10:06:40 INFO  Configuration:3318 - Removed undeclared tags:
rm_1        | 2021-07-12 10:06:18 INFO  ParentQueue:494 - Application added - appId: application_1626084279456_0001 user: hadoop leaf-queue of parent: root #applications: 1
