rm_1        | 2020-10-24 13:26:56 INFO  AsyncDispatcher:223 - Registering class org.apache.hadoop.yarn.server.resourcemanager.nodelabels.NodeAttributesStoreEventType for class org.apache.hadoop.yarn.server.resourcemanager.nodelabels.NodeAttributesManagerImpl$ForwardingEventHandler
om_1        | 2020-10-24 13:29:21,330 [Socket Reader #1 for port 9862] INFO ipc.Server: Auth successful for hadoop/rm@EXAMPLE.COM (auth:TOKEN)
nm_1        | 2020-10-24 13:28:54 INFO  ContainersMonitorImpl:1013 - Starting resource-monitoring for container_1603546015769_0001_01_000002
scm_1       | 2020-10-24 13:30:22,547 [IPC Server handler 97 on default port 9863] INFO block.BlockManagerImpl: Deleting blocks conID: 1 locID: 105090000916774934 bcsId: 0
kdc_1       | Authenticating as principal admin/admin with keytab /tmp/admin.keytab.
kms_1       | 	at org.eclipse.jetty.servlet.ServletHandler$CachedChain.doFilter(ServletHandler.java:1759)
rm_1        | 2020-10-24 13:26:56 INFO  MultiNodeSortingManager:66 - Starting NodeSortingService=MultiNodeSortingManager
om_1        | 2020-10-24 13:29:21,390 [Socket Reader #1 for port 9862] INFO ipc.Server: Auth successful for hadoop/rm@EXAMPLE.COM (auth:TOKEN)
nm_1        | 2020-10-24 13:28:54 INFO  DefaultContainerExecutor:370 - launchContainer: [bash, /tmp/hadoop-hadoop/nm-local-dir/usercache/hadoop/appcache/application_1603546015769_0001/container_1603546015769_0001_01_000002/default_container_executor.sh]
scm_1       | 2020-10-24 13:30:22,548 [IPC Server handler 97 on default port 9863] INFO block.BlockManagerImpl: Deleting blocks conID: 1 locID: 105090000922607639 bcsId: 0
kdc_1       | WARNING: no policy specified for rm/rm@EXAMPLE.COM; defaulting to no policy
kms_1       | 	at org.eclipse.jetty.servlet.ServletHandler.doHandle(ServletHandler.java:582)
rm_1        | 2020-10-24 13:26:56 INFO  CallQueueManager:84 - Using callQueue: class java.util.concurrent.LinkedBlockingQueue, queueCapacity: 5000, scheduler: class org.apache.hadoop.ipc.DefaultRpcScheduler, ipcBackoff: false.
om_1        | 2020-10-24 13:29:21,427 [Socket Reader #1 for port 9862] INFO ipc.Server: Auth successful for hadoop/rm@EXAMPLE.COM (auth:TOKEN)
nm_1        | 2020-10-24 13:28:54 INFO  Server:1849 - Auth successful for appattempt_1603546015769_0001_000001 (auth:SIMPLE)
scm_1       | 2020-10-24 13:30:22,548 [IPC Server handler 97 on default port 9863] INFO block.BlockManagerImpl: Deleting blocks conID: 1 locID: 105090000930537496 bcsId: 0
kdc_1       | Principal "rm/rm@EXAMPLE.COM" created.
kms_1       | 	at org.eclipse.jetty.server.handler.ScopedHandler.handle(ScopedHandler.java:143)
rm_1        | 2020-10-24 13:26:56 INFO  Server:1074 - Starting Socket Reader #1 for port 8031
om_1        | 2020-10-24 13:29:30,852 [Socket Reader #1 for port 9862] INFO ipc.Server: Auth successful for hadoop/rm@EXAMPLE.COM (auth:TOKEN)
nm_1        | 2020-10-24 13:28:54 INFO  ContainerManagerImpl:1070 - Start request for container_1603546015769_0001_01_000003 by user hadoop
scm_1       | 2020-10-24 13:30:28,103 [Socket Reader #1 for port 9861] INFO ipc.Server: Auth successful for dn/8801668aa044@EXAMPLE.COM (auth:KERBEROS)
kdc_1       | Authenticating as principal admin/admin with keytab /tmp/admin.keytab.
kms_1       | 	at org.eclipse.jetty.security.SecurityHandler.handle(SecurityHandler.java:548)
rm_1        | 2020-10-24 13:26:56 INFO  RpcServerFactoryPBImpl:173 - Adding protocol org.apache.hadoop.yarn.server.api.ResourceTrackerPB to the server
om_1        | 2020-10-24 13:29:33,048 [Socket Reader #1 for port 9862] INFO ipc.Server: Auth successful for hadoop/rm@EXAMPLE.COM (auth:TOKEN)
nm_1        | 2020-10-24 13:28:54 INFO  NMAuditLogger:94 - USER=hadoop	IP=172.25.0.4	OPERATION=Start Container Request	TARGET=ContainerManageImpl	RESULT=SUCCESS	APPID=application_1603546015769_0001	CONTAINERID=container_1603546015769_0001_01_000003
scm_1       | 2020-10-24 13:30:28,488 [Socket Reader #1 for port 9861] INFO ipc.Server: Auth successful for dn/a603d1d32e5e@EXAMPLE.COM (auth:KERBEROS)
kdc_1       | Entry for principal rm/rm@EXAMPLE.COM with kvno 2, encryption type aes256-cts-hmac-sha1-96 added to keytab WRFILE:/data/rm.rm.keytab.
kms_1       | 	at org.eclipse.jetty.server.session.SessionHandler.doHandle(SessionHandler.java:226)
rm_1        | 2020-10-24 13:26:56 INFO  Server:1314 - IPC Server Responder: starting
om_1        | 2020-10-24 13:29:34,670 [Socket Reader #1 for port 9862] INFO ipc.Server: Auth successful for hadoop/rm@EXAMPLE.COM (auth:TOKEN)
nm_1        | 2020-10-24 13:28:54 INFO  ApplicationImpl:463 - Adding container_1603546015769_0001_01_000003 to application application_1603546015769_0001
scm_1       | 2020-10-24 13:30:28,709 [Socket Reader #1 for port 9861] INFO ipc.Server: Auth successful for dn/df2cceafe715@EXAMPLE.COM (auth:KERBEROS)
kdc_1       | Entry for principal rm/rm@EXAMPLE.COM with kvno 2, encryption type aes128-cts-hmac-sha1-96 added to keytab WRFILE:/data/rm.rm.keytab.
kms_1       | 	at org.eclipse.jetty.server.handler.ContextHandler.doHandle(ContextHandler.java:1180)
rm_1        | 2020-10-24 13:26:57 INFO  Server:1153 - IPC Server listener on 8031: starting
om_1        | 2020-10-24 13:29:38,630 [Socket Reader #1 for port 9862] INFO ipc.Server: Auth successful for hadoop/rm@EXAMPLE.COM (auth:TOKEN)
nm_1        | 2020-10-24 13:28:54 INFO  ContainerImpl:2112 - Container container_1603546015769_0001_01_000003 transitioned from NEW to LOCALIZING
kdc_1       | Generiting keytab
kms_1       | 	at org.eclipse.jetty.servlet.ServletHandler.doScope(ServletHandler.java:512)
rm_1        | 2020-10-24 13:26:57 INFO  JvmPauseMonitor:188 - Starting JVM pause monitor
om_1        | 2020-10-24 13:29:40,283 [Socket Reader #1 for port 9862] INFO ipc.Server: Auth successful for hadoop/rm@EXAMPLE.COM (auth:TOKEN)
nm_1        | 2020-10-24 13:28:54 INFO  AuxServices:350 - Got event CONTAINER_INIT for appId application_1603546015769_0001
kdc_1       | Authenticating as principal admin/admin with keytab /tmp/admin.keytab.
kms_1       | 	at org.eclipse.jetty.server.session.SessionHandler.doScope(SessionHandler.java:185)
rm_1        | 2020-10-24 13:26:57 INFO  CallQueueManager:84 - Using callQueue: class java.util.concurrent.LinkedBlockingQueue, queueCapacity: 5000, scheduler: class org.apache.hadoop.ipc.DefaultRpcScheduler, ipcBackoff: false.
om_1        | 2020-10-24 13:29:40,449 [Socket Reader #1 for port 9862] INFO ipc.Server: Auth successful for hadoop/rm@EXAMPLE.COM (auth:TOKEN)
nm_1        | 2020-10-24 13:28:54 INFO  AuxServices:350 - Got event APPLICATION_INIT for appId application_1603546015769_0001
kdc_1       | WARNING: no policy specified for HTTP/jhs@EXAMPLE.COM; defaulting to no policy
kms_1       | 	at org.eclipse.jetty.server.handler.ContextHandler.doScope(ContextHandler.java:1112)
rm_1        | 2020-10-24 13:26:57 INFO  RpcServerFactoryPBImpl:173 - Adding protocol org.apache.hadoop.yarn.api.ApplicationMasterProtocolPB to the server
om_1        | 2020-10-24 13:29:50,938 [Socket Reader #1 for port 9862] INFO ipc.Server: Auth successful for hadoop/rm@EXAMPLE.COM (auth:TOKEN)
nm_1        | 2020-10-24 13:28:54 INFO  AuxServices:354 - Got APPLICATION_INIT for service mapreduce_shuffle
kdc_1       | Principal "HTTP/jhs@EXAMPLE.COM" created.
kms_1       | 	at org.eclipse.jetty.server.handler.ScopedHandler.handle(ScopedHandler.java:141)
rm_1        | 2020-10-24 13:26:57 INFO  Server:1074 - Starting Socket Reader #1 for port 8030
om_1        | 2020-10-24 13:29:51,129 [Socket Reader #1 for port 9862] INFO ipc.Server: Auth successful for hadoop/rm@EXAMPLE.COM (auth:TOKEN)
nm_1        | 2020-10-24 13:28:54 INFO  ShuffleHandler:719 - Added token for job_1603546015769_0001
kdc_1       | Authenticating as principal admin/admin with keytab /tmp/admin.keytab.
kms_1       | 	at org.eclipse.jetty.server.handler.HandlerCollection.handle(HandlerCollection.java:119)
rm_1        | 2020-10-24 13:26:57 INFO  Server:1314 - IPC Server Responder: starting
om_1        | 2020-10-24 13:29:51,765 [Socket Reader #1 for port 9862] INFO ipc.Server: Auth successful for hadoop/rm@EXAMPLE.COM (auth:KERBEROS)
nm_1        | 2020-10-24 13:28:54 INFO  ContainerImpl:2112 - Container container_1603546015769_0001_01_000003 transitioned from LOCALIZING to SCHEDULED
kdc_1       | Entry for principal HTTP/jhs@EXAMPLE.COM with kvno 2, encryption type aes256-cts-hmac-sha1-96 added to keytab WRFILE:/data/HTTP.jhs.keytab.
kms_1       | 	at org.eclipse.jetty.server.handler.HandlerWrapper.handle(HandlerWrapper.java:134)
rm_1        | 2020-10-24 13:26:57 INFO  Server:1153 - IPC Server listener on 8030: starting
om_1        | 2020-10-24 13:29:55,264 [Socket Reader #1 for port 9862] INFO ipc.Server: Auth successful for hadoop/rm@EXAMPLE.COM (auth:KERBEROS)
nm_1        | 2020-10-24 13:28:54 INFO  ContainerScheduler:541 - Starting container [container_1603546015769_0001_01_000003]
kdc_1       | Entry for principal HTTP/jhs@EXAMPLE.COM with kvno 2, encryption type aes128-cts-hmac-sha1-96 added to keytab WRFILE:/data/HTTP.jhs.keytab.
kms_1       | 	at org.eclipse.jetty.server.Server.handle(Server.java:536)
rm_1        | 2020-10-24 13:26:57 INFO  CallQueueManager:84 - Using callQueue: class java.util.concurrent.LinkedBlockingQueue, queueCapacity: 5000, scheduler: class org.apache.hadoop.ipc.DefaultRpcScheduler, ipcBackoff: false.
om_1        | 2020-10-24 13:30:02,073 [Socket Reader #1 for port 9862] INFO ipc.Server: Auth successful for hadoop/rm@EXAMPLE.COM (auth:KERBEROS)
nm_1        | 2020-10-24 13:28:55 INFO  ContainerImpl:2112 - Container container_1603546015769_0001_01_000003 transitioned from SCHEDULED to RUNNING
kdc_1       | Generiting keytab
kms_1       | 	at org.eclipse.jetty.server.HttpChannel.handle(HttpChannel.java:333)
rm_1        | 2020-10-24 13:26:57 INFO  RpcServerFactoryPBImpl:173 - Adding protocol org.apache.hadoop.yarn.api.ApplicationClientProtocolPB to the server
om_1        | 2020-10-24 13:30:04,311 [Socket Reader #1 for port 9862] INFO ipc.Server: Auth successful for hadoop/rm@EXAMPLE.COM (auth:KERBEROS)
nm_1        | 2020-10-24 13:28:55 INFO  ContainersMonitorImpl:1013 - Starting resource-monitoring for container_1603546015769_0001_01_000003
kdc_1       | Authenticating as principal admin/admin with keytab /tmp/admin.keytab.
kms_1       | 	at org.eclipse.jetty.server.HttpConnection.onFillable(HttpConnection.java:251)
rm_1        | 2020-10-24 13:26:57 INFO  Server:1074 - Starting Socket Reader #1 for port 8032
om_1        | 2020-10-24 13:30:05,265 [Socket Reader #1 for port 9862] INFO ipc.Server: Auth successful for hadoop/rm@EXAMPLE.COM (auth:KERBEROS)
nm_1        | 2020-10-24 13:28:55 INFO  DefaultContainerExecutor:370 - launchContainer: [bash, /tmp/hadoop-hadoop/nm-local-dir/usercache/hadoop/appcache/application_1603546015769_0001/container_1603546015769_0001_01_000003/default_container_executor.sh]
kdc_1       | WARNING: no policy specified for dn/a603d1d32e5e@EXAMPLE.COM; defaulting to no policy
kms_1       | 	at org.eclipse.jetty.io.AbstractConnection$ReadCallback.succeeded(AbstractConnection.java:283)
rm_1        | 2020-10-24 13:26:57 INFO  Server:1314 - IPC Server Responder: starting
om_1        | 2020-10-24 13:30:05,305 [Socket Reader #1 for port 9862] INFO ipc.Server: Auth successful for hadoop/rm@EXAMPLE.COM (auth:KERBEROS)
kdc_1       | Principal "dn/a603d1d32e5e@EXAMPLE.COM" created.
kms_1       | 	at org.eclipse.jetty.io.FillInterest.fillable(FillInterest.java:108)
nm_1        | 2020-10-24 13:28:55 INFO  ContainersMonitorImpl:615 - container_1603546015769_0001_01_000002's ip = 172.25.0.4, and hostname = nm
rm_1        | 2020-10-24 13:26:57 INFO  Server:1153 - IPC Server listener on 8032: starting
om_1        | 2020-10-24 13:30:06,995 [Socket Reader #1 for port 9862] INFO ipc.Server: Auth successful for nm/nm@EXAMPLE.COM (auth:KERBEROS)
kdc_1       | Authenticating as principal admin/admin with keytab /tmp/admin.keytab.
kms_1       | 	at org.eclipse.jetty.io.SelectChannelEndPoint$2.run(SelectChannelEndPoint.java:93)
nm_1        | 2020-10-24 13:28:55 INFO  ContainersMonitorImpl:615 - container_1603546015769_0001_01_000003's ip = 172.25.0.4, and hostname = nm
rm_1        | 2020-10-24 13:26:57 INFO  ResourceManager:1308 - Transitioned to active state
om_1        | 2020-10-24 13:30:07,020 [Socket Reader #1 for port 9862] INFO ipc.Server: Auth successful for hadoop/rm@EXAMPLE.COM (auth:TOKEN)
kdc_1       | Entry for principal dn/a603d1d32e5e@EXAMPLE.COM with kvno 2, encryption type aes256-cts-hmac-sha1-96 added to keytab WRFILE:/data/dn.a603d1d32e5e.keytab.
kms_1       | 	at org.eclipse.jetty.util.thread.strategy.ExecuteProduceConsume.executeProduceConsume(ExecuteProduceConsume.java:303)
nm_1        | 2020-10-24 13:28:55 INFO  Server:1849 - Auth successful for appattempt_1603546015769_0001_000001 (auth:SIMPLE)
rm_1        | 2020-10-24 13:26:57 INFO  Server:1849 - Auth successful for nm/nm@EXAMPLE.COM (auth:KERBEROS)
om_1        | 2020-10-24 13:30:07,091 [Socket Reader #1 for port 9862] INFO ipc.Server: Auth successful for hadoop/rm@EXAMPLE.COM (auth:TOKEN)
kdc_1       | Entry for principal dn/a603d1d32e5e@EXAMPLE.COM with kvno 2, encryption type aes128-cts-hmac-sha1-96 added to keytab WRFILE:/data/dn.a603d1d32e5e.keytab.
kms_1       | 	at org.eclipse.jetty.util.thread.strategy.ExecuteProduceConsume.produceConsume(ExecuteProduceConsume.java:148)
nm_1        | 2020-10-24 13:28:55 INFO  ContainerManagerImpl:1070 - Start request for container_1603546015769_0001_01_000004 by user hadoop
rm_1        | 2020-10-24 13:26:57 INFO  RMNodeImpl:674 - nm:41371 Node Transitioned from NEW to RUNNING
om_1        | 2020-10-24 13:30:08,882 [Socket Reader #1 for port 9862] INFO ipc.Server: Auth successful for hadoop/rm@EXAMPLE.COM (auth:TOKEN)
kdc_1       | Generiting keytab
kms_1       | 	at org.eclipse.jetty.util.thread.strategy.ExecuteProduceConsume.run(ExecuteProduceConsume.java:136)
nm_1        | 2020-10-24 13:28:55 INFO  NMAuditLogger:94 - USER=hadoop	IP=172.25.0.4	OPERATION=Start Container Request	TARGET=ContainerManageImpl	RESULT=SUCCESS	APPID=application_1603546015769_0001	CONTAINERID=container_1603546015769_0001_01_000004
rm_1        | 2020-10-24 13:26:58 INFO  ResourceTrackerService:497 - NodeManager from node nm(cmPort: 41371 httpPort: 8042) registered with capability: <memory:8192, vCores:8>, assigned nodeId nm:41371
om_1        | 2020-10-24 13:30:09,223 [Socket Reader #1 for port 9862] INFO ipc.Server: Auth successful for hadoop/rm@EXAMPLE.COM (auth:TOKEN)
kdc_1       | Authenticating as principal admin/admin with keytab /tmp/admin.keytab.
kms_1       | 	at org.eclipse.jetty.util.thread.QueuedThreadPool.runJob(QueuedThreadPool.java:671)
nm_1        | 2020-10-24 13:28:55 INFO  ApplicationImpl:463 - Adding container_1603546015769_0001_01_000004 to application application_1603546015769_0001
rm_1        | 2020-10-24 13:26:58 INFO  CapacityScheduler:2004 - Added node nm:41371 clusterResource: <memory:8192, vCores:8>
om_1        | 2020-10-24 13:30:09,261 [Socket Reader #1 for port 9862] INFO ipc.Server: Auth successful for hadoop/rm@EXAMPLE.COM (auth:TOKEN)
kdc_1       | Oct 24 13:26:27 kdc krb5kdc[8](info): AS_REQ (8 etypes {18 17 20 19 16 23 25 26}) 127.0.0.1: SERVER_NOT_FOUND: admin/admin@EXAMPLE.COM for kadmin/localhost@EXAMPLE.COM, Server not found in Kerberos database
kms_1       | 	at org.eclipse.jetty.util.thread.QueuedThreadPool$2.run(QueuedThreadPool.java:589)
nm_1        | 2020-10-24 13:28:55 INFO  ContainerImpl:2112 - Container container_1603546015769_0001_01_000004 transitioned from NEW to LOCALIZING
rm_1        | 2020-10-24 13:28:40 INFO  Server:1849 - Auth successful for hadoop/rm@EXAMPLE.COM (auth:KERBEROS)
om_1        | 2020-10-24 13:30:09,299 [Socket Reader #1 for port 9862] INFO ipc.Server: Auth successful for hadoop/rm@EXAMPLE.COM (auth:TOKEN)
kdc_1       | Oct 24 13:26:27 kdc krb5kdc[8](info): AS_REQ (8 etypes {18 17 20 19 16 23 25 26}) 127.0.0.1: ISSUE: authtime 1603545987, etypes {rep=18 tkt=18 ses=18}, admin/admin@EXAMPLE.COM for kadmin/admin@EXAMPLE.COM
kms_1       | 	at java.lang.Thread.run(Thread.java:748)
nm_1        | 2020-10-24 13:28:55 INFO  AuxServices:350 - Got event CONTAINER_INIT for appId application_1603546015769_0001
rm_1        | 2020-10-24 13:28:40 INFO  ClientRMService:355 - Allocated new applicationId: 1
om_1        | 2020-10-24 13:30:09,329 [Socket Reader #1 for port 9862] INFO ipc.Server: Auth successful for hadoop/rm@EXAMPLE.COM (auth:TOKEN)
kdc_1       | Oct 24 13:26:27 kdc krb5kdc[8](info): AS_REQ (8 etypes {18 17 20 19 16 23 25 26}) 127.0.0.1: SERVER_NOT_FOUND: admin/admin@EXAMPLE.COM for kadmin/localhost@EXAMPLE.COM, Server not found in Kerberos database
kms_1       | 
nm_1        | 2020-10-24 13:28:55 INFO  AuxServices:350 - Got event APPLICATION_INIT for appId application_1603546015769_0001
rm_1        | 2020-10-24 13:28:41 INFO  CapacityScheduler:2641 - Application 'application_1603546015769_0001' is submitted without priority hence considering default queue/cluster priority: 0
om_1        | 2020-10-24 13:30:09,365 [Socket Reader #1 for port 9862] INFO ipc.Server: Auth successful for hadoop/rm@EXAMPLE.COM (auth:TOKEN)
kdc_1       | Oct 24 13:26:27 kdc krb5kdc[8](info): AS_REQ (8 etypes {18 17 20 19 16 23 25 26}) 127.0.0.1: ISSUE: authtime 1603545987, etypes {rep=18 tkt=18 ses=18}, admin/admin@EXAMPLE.COM for kadmin/admin@EXAMPLE.COM
kms_1       | Oct 24, 2020 1:29:14 PM com.sun.jersey.server.wadl.generators.AbstractWadlGeneratorGrammarGenerator attachTypes
nm_1        | 2020-10-24 13:28:55 INFO  AuxServices:354 - Got APPLICATION_INIT for service mapreduce_shuffle
rm_1        | 2020-10-24 13:28:41 INFO  CapacityScheduler:2662 - Priority '0' is acceptable in queue : default for application: application_1603546015769_0001
om_1        | 2020-10-24 13:30:09,397 [Socket Reader #1 for port 9862] INFO ipc.Server: Auth successful for hadoop/rm@EXAMPLE.COM (auth:TOKEN)
kdc_1       | Oct 24 13:26:27 kdc krb5kdc[8](info): AS_REQ (8 etypes {18 17 20 19 16 23 25 26}) 127.0.0.1: SERVER_NOT_FOUND: admin/admin@EXAMPLE.COM for kadmin/localhost@EXAMPLE.COM, Server not found in Kerberos database
kms_1       | INFO: Couldn't find grammar element for class java.util.Map
nm_1        | 2020-10-24 13:28:55 INFO  ShuffleHandler:719 - Added token for job_1603546015769_0001
rm_1        | 2020-10-24 13:28:41 INFO  ClientRMService:662 - Application with id 1 submitted by user hadoop
om_1        | 2020-10-24 13:30:18,904 [Socket Reader #1 for port 9862] INFO ipc.Server: Auth successful for hadoop/rm@EXAMPLE.COM (auth:TOKEN)
kdc_1       | Oct 24 13:26:27 kdc krb5kdc[8](info): AS_REQ (8 etypes {18 17 20 19 16 23 25 26}) 127.0.0.1: ISSUE: authtime 1603545987, etypes {rep=18 tkt=18 ses=18}, admin/admin@EXAMPLE.COM for kadmin/admin@EXAMPLE.COM
kms_1       | Oct 24, 2020 1:29:14 PM com.sun.jersey.server.wadl.generators.AbstractWadlGeneratorGrammarGenerator attachTypes
nm_1        | 2020-10-24 13:28:55 INFO  ContainerImpl:2112 - Container container_1603546015769_0001_01_000004 transitioned from LOCALIZING to SCHEDULED
rm_1        | 2020-10-24 13:28:41 INFO  RMAuditLogger:270 - USER=hadoop	IP=172.25.0.8	OPERATION=Submit Application Request	TARGET=ClientRMService	RESULT=SUCCESS	APPID=application_1603546015769_0001	CALLERCONTEXT=CLI
om_1        | 2020-10-24 13:30:20,711 [Socket Reader #1 for port 9862] INFO ipc.Server: Auth successful for hadoop/rm@EXAMPLE.COM (auth:TOKEN)
kdc_1       | Oct 24 13:26:28 kdc krb5kdc[8](info): AS_REQ (8 etypes {18 17 20 19 16 23 25 26}) 127.0.0.1: SERVER_NOT_FOUND: admin/admin@EXAMPLE.COM for kadmin/localhost@EXAMPLE.COM, Server not found in Kerberos database
nm_1        | 2020-10-24 13:28:55 INFO  ContainerScheduler:541 - Starting container [container_1603546015769_0001_01_000004]
rm_1        | 2020-10-24 13:28:42 INFO  DelegationTokenRenewer:635 - Renewed delegation-token= [Kind: kms-dt, Service: kms://http@kms:9600/kms, Ident: (kms-dt owner=hadoop, renewer=rm, realUser=, issueDate=1603546120050, maxDate=1604150920050, sequenceNumber=1, masterKeyId=2);exp=1603632521995; apps=[application_1603546015769_0001]]
kms_1       | INFO: Couldn't find grammar element for class javax.ws.rs.core.Response
om_1        | 2020-10-24 13:30:22,289 [Socket Reader #1 for port 9862] INFO ipc.Server: Auth successful for hadoop/rm@EXAMPLE.COM (auth:TOKEN)
kdc_1       | Oct 24 13:26:28 kdc krb5kdc[8](info): AS_REQ (8 etypes {18 17 20 19 16 23 25 26}) 127.0.0.1: ISSUE: authtime 1603545988, etypes {rep=18 tkt=18 ses=18}, admin/admin@EXAMPLE.COM for kadmin/admin@EXAMPLE.COM
nm_1        | 2020-10-24 13:28:56 INFO  ContainerImpl:2112 - Container container_1603546015769_0001_01_000004 transitioned from SCHEDULED to RUNNING
rm_1        | 2020-10-24 13:28:42 WARN  Token:475 - No TokenRenewer defined for token kind OzoneToken
kms_1       | Oct 24, 2020 1:29:14 PM com.sun.jersey.server.wadl.generators.AbstractWadlGeneratorGrammarGenerator attachTypes
om_1        | 2020-10-24 13:30:26,959 [Socket Reader #1 for port 9862] INFO ipc.Server: Auth successful for hadoop/rm@EXAMPLE.COM (auth:TOKEN)
kdc_1       | Oct 24 13:26:28 kdc krb5kdc[8](info): AS_REQ (8 etypes {18 17 20 19 16 23 25 26}) 127.0.0.1: SERVER_NOT_FOUND: admin/admin@EXAMPLE.COM for kadmin/localhost@EXAMPLE.COM, Server not found in Kerberos database
nm_1        | 2020-10-24 13:28:56 INFO  ContainersMonitorImpl:1013 - Starting resource-monitoring for container_1603546015769_0001_01_000004
rm_1        | 2020-10-24 13:28:42 INFO  TimelineClientImpl:129 - Timeline service address: jhs:8188
kms_1       | INFO: Couldn't find grammar element for class javax.ws.rs.core.Response
kdc_1       | Oct 24 13:26:28 kdc krb5kdc[8](info): AS_REQ (8 etypes {18 17 20 19 16 23 25 26}) 127.0.0.1: ISSUE: authtime 1603545988, etypes {rep=18 tkt=18 ses=18}, admin/admin@EXAMPLE.COM for kadmin/admin@EXAMPLE.COM
nm_1        | 2020-10-24 13:28:56 INFO  DefaultContainerExecutor:370 - launchContainer: [bash, /tmp/hadoop-hadoop/nm-local-dir/usercache/hadoop/appcache/application_1603546015769_0001/container_1603546015769_0001_01_000004/default_container_executor.sh]
om_1        | 2020-10-24 13:30:28,566 [Socket Reader #1 for port 9862] INFO ipc.Server: Auth successful for hadoop/rm@EXAMPLE.COM (auth:TOKEN)
kms_1       | Oct 24, 2020 1:29:14 PM com.sun.jersey.server.wadl.generators.AbstractWadlGeneratorGrammarGenerator attachTypes
rm_1        | 2020-10-24 13:28:42 INFO  DelegationTokenRenewer:635 - Renewed delegation-token= [Kind: TIMELINE_DELEGATION_TOKEN, Service: 172.25.0.6:8188, Ident: (TIMELINE_DELEGATION_TOKEN owner=hadoop, renewer=rm, realUser=, issueDate=1603546121734, maxDate=1604150921734, sequenceNumber=1, masterKeyId=2);exp=1603632522258; apps=[application_1603546015769_0001]]
kdc_1       | Oct 24 13:26:28 kdc krb5kdc[8](info): AS_REQ (8 etypes {18 17 20 19 16 23 25 26}) 127.0.0.1: SERVER_NOT_FOUND: admin/admin@EXAMPLE.COM for kadmin/localhost@EXAMPLE.COM, Server not found in Kerberos database
nm_1        | 2020-10-24 13:28:58 INFO  ContainersMonitorImpl:516 - Skipping monitoring container container_1603546015769_0001_01_000002 since CPU usage is not yet available.
om_1        | 2020-10-24 13:30:30,570 [Socket Reader #1 for port 9862] INFO ipc.Server: Auth successful for hadoop/rm@EXAMPLE.COM (auth:KERBEROS)
kms_1       | INFO: Couldn't find grammar element for class java.util.Map
rm_1        | 2020-10-24 13:28:42 INFO  DelegationTokenRenewer:613 - Renew Kind: TIMELINE_DELEGATION_TOKEN, Service: 172.25.0.6:8188, Ident: (TIMELINE_DELEGATION_TOKEN owner=hadoop, renewer=rm, realUser=, issueDate=1603546121734, maxDate=1604150921734, sequenceNumber=1, masterKeyId=2);exp=1603632522258; apps=[application_1603546015769_0001] in 86399982 ms, appId = [application_1603546015769_0001]
kdc_1       | Oct 24 13:26:28 kdc krb5kdc[8](info): AS_REQ (8 etypes {18 17 20 19 16 23 25 26}) 127.0.0.1: ISSUE: authtime 1603545988, etypes {rep=18 tkt=18 ses=18}, admin/admin@EXAMPLE.COM for kadmin/admin@EXAMPLE.COM
nm_1        | 2020-10-24 13:28:58 INFO  ContainersMonitorImpl:615 - container_1603546015769_0001_01_000004's ip = 172.25.0.4, and hostname = nm
om_1        | 2020-10-24 13:30:32,691 [Socket Reader #1 for port 9862] INFO ipc.Server: Auth successful for hadoop/rm@EXAMPLE.COM (auth:KERBEROS)
kms_1       | Oct 24, 2020 1:29:14 PM com.sun.jersey.server.wadl.generators.AbstractWadlGeneratorGrammarGenerator attachTypes
rm_1        | 2020-10-24 13:28:42 INFO  DelegationTokenRenewer:613 - Renew Kind: kms-dt, Service: kms://http@kms:9600/kms, Ident: (kms-dt owner=hadoop, renewer=rm, realUser=, issueDate=1603546120050, maxDate=1604150920050, sequenceNumber=1, masterKeyId=2);exp=1603632521995; apps=[application_1603546015769_0001] in 86399719 ms, appId = [application_1603546015769_0001]
kdc_1       | Oct 24 13:26:28 kdc krb5kdc[8](info): AS_REQ (8 etypes {18 17 20 19 16 23 25 26}) 127.0.0.1: SERVER_NOT_FOUND: admin/admin@EXAMPLE.COM for kadmin/localhost@EXAMPLE.COM, Server not found in Kerberos database
nm_1        | 2020-10-24 13:28:58 INFO  ContainersMonitorImpl:516 - Skipping monitoring container container_1603546015769_0001_01_000003 since CPU usage is not yet available.
om_1        | 2020-10-24 13:30:33,314 [Socket Reader #1 for port 9862] INFO ipc.Server: Auth successful for hadoop/rm@EXAMPLE.COM (auth:KERBEROS)
kms_1       | INFO: Couldn't find grammar element for class java.util.Map
rm_1        | 2020-10-24 13:28:42 INFO  DelegationTokenRenewer:683 - RM proxy-user privilege is not enabled. Skip requesting hdfs tokens.
kdc_1       | Oct 24 13:26:28 kdc krb5kdc[8](info): AS_REQ (8 etypes {18 17 20 19 16 23 25 26}) 127.0.0.1: ISSUE: authtime 1603545988, etypes {rep=18 tkt=18 ses=18}, admin/admin@EXAMPLE.COM for kadmin/admin@EXAMPLE.COM
nm_1        | 2020-10-24 13:29:01 INFO  ContainerLaunch:595 - Container container_1603546015769_0001_01_000002 succeeded 
om_1        | 2020-10-24 13:30:36,925 [Socket Reader #1 for port 9862] INFO ipc.Server: Auth successful for hadoop/rm@EXAMPLE.COM (auth:TOKEN)
kms_1       | Oct 24, 2020 1:29:14 PM com.sun.jersey.server.wadl.generators.AbstractWadlGeneratorGrammarGenerator attachTypes
rm_1        | 2020-10-24 13:28:42 INFO  RMAppImpl:1291 - Storing application with id application_1603546015769_0001
kdc_1       | Oct 24 13:26:28 kdc krb5kdc[8](info): AS_REQ (8 etypes {18 17 20 19 16 23 25 26}) 127.0.0.1: SERVER_NOT_FOUND: admin/admin@EXAMPLE.COM for kadmin/localhost@EXAMPLE.COM, Server not found in Kerberos database
nm_1        | 2020-10-24 13:29:01 INFO  ContainerImpl:2112 - Container container_1603546015769_0001_01_000002 transitioned from RUNNING to EXITED_WITH_SUCCESS
om_1        | 2020-10-24 13:30:37,085 [Socket Reader #1 for port 9862] INFO ipc.Server: Auth successful for hadoop/rm@EXAMPLE.COM (auth:TOKEN)
kms_1       | INFO: Couldn't find grammar element for class java.util.Map
rm_1        | 2020-10-24 13:28:42 INFO  RMAppImpl:928 - application_1603546015769_0001 State change from NEW to NEW_SAVING on event = START
kdc_1       | Oct 24 13:26:28 kdc krb5kdc[8](info): AS_REQ (8 etypes {18 17 20 19 16 23 25 26}) 127.0.0.1: ISSUE: authtime 1603545988, etypes {rep=18 tkt=18 ses=18}, admin/admin@EXAMPLE.COM for kadmin/admin@EXAMPLE.COM
nm_1        | 2020-10-24 13:29:01 INFO  ContainerCleanup:87 - Cleaning up container container_1603546015769_0001_01_000002
kms_1       | Oct 24, 2020 1:29:14 PM com.sun.jersey.server.wadl.generators.AbstractWadlGeneratorGrammarGenerator attachTypes
kdc_1       | Oct 24 13:26:28 kdc krb5kdc[8](info): AS_REQ (8 etypes {18 17 20 19 16 23 25 26}) 127.0.0.1: SERVER_NOT_FOUND: admin/admin@EXAMPLE.COM for kadmin/localhost@EXAMPLE.COM, Server not found in Kerberos database
nm_1        | 2020-10-24 13:29:01 INFO  NMAuditLogger:94 - USER=hadoop	OPERATION=Container Finished - Succeeded	TARGET=ContainerImpl	RESULT=SUCCESS	APPID=application_1603546015769_0001	CONTAINERID=container_1603546015769_0001_01_000002
rm_1        | 2020-10-24 13:28:42 INFO  RMStateStore:223 - Storing info for app: application_1603546015769_0001
kms_1       | INFO: Couldn't find grammar element for class javax.ws.rs.core.Response
kdc_1       | Oct 24 13:26:27 kdc kadmind[13](Notice): Request: kadm5_init, admin/admin@EXAMPLE.COM, success, client=admin/admin@EXAMPLE.COM, service=kadmin/admin@EXAMPLE.COM, addr=127.0.0.1, vers=4, flavor=6
nm_1        | 2020-10-24 13:29:01 INFO  ContainerImpl:2112 - Container container_1603546015769_0001_01_000002 transitioned from EXITED_WITH_SUCCESS to DONE
rm_1        | 2020-10-24 13:28:42 INFO  RMAppImpl:928 - application_1603546015769_0001 State change from NEW_SAVING to SUBMITTED on event = APP_NEW_SAVED
kms_1       | Oct 24, 2020 1:29:14 PM com.sun.jersey.server.wadl.generators.AbstractWadlGeneratorGrammarGenerator attachTypes
kdc_1       | Oct 24 13:26:27 kdc kadmind[13](Notice): Request: kadm5_get_policy, default, Policy does not exist, client=admin/admin@EXAMPLE.COM, service=kadmin/admin@EXAMPLE.COM, addr=127.0.0.1
nm_1        | 2020-10-24 13:29:01 INFO  ApplicationImpl:512 - Removing container_1603546015769_0001_01_000002 from application application_1603546015769_0001
rm_1        | 2020-10-24 13:28:42 INFO  ParentQueue:494 - Application added - appId: application_1603546015769_0001 user: hadoop leaf-queue of parent: root #applications: 1
kms_1       | INFO: Couldn't find grammar element for class java.util.Map
kdc_1       | Oct 24 13:26:27 kdc kadmind[13](Notice): Request: kadm5_create_principal, jhs/jhs@EXAMPLE.COM, success, client=admin/admin@EXAMPLE.COM, service=kadmin/admin@EXAMPLE.COM, addr=127.0.0.1
nm_1        | 2020-10-24 13:29:01 INFO  ContainersMonitorImpl:1004 - Stopping resource-monitoring for container_1603546015769_0001_01_000002
rm_1        | 2020-10-24 13:28:42 INFO  CapacityScheduler:1006 - Accepted application application_1603546015769_0001 from user: hadoop, in queue: default
kms_1       | Oct 24, 2020 1:29:14 PM com.sun.jersey.server.wadl.generators.AbstractWadlGeneratorGrammarGenerator attachTypes
kdc_1       | Oct 24 13:26:27 kdc kadmind[13](info): closing down fd 18
nm_1        | 2020-10-24 13:29:01 INFO  AppLogAggregatorImpl:539 - Considering container container_1603546015769_0001_01_000002 for log-aggregation
rm_1        | 2020-10-24 13:28:42 INFO  RMAppImpl:928 - application_1603546015769_0001 State change from SUBMITTED to ACCEPTED on event = APP_ACCEPTED
kms_1       | INFO: Couldn't find grammar element for class javax.ws.rs.core.Response
kdc_1       | Oct 24 13:26:27 kdc kadmind[13](Notice): Request: kadm5_init, admin/admin@EXAMPLE.COM, success, client=admin/admin@EXAMPLE.COM, service=kadmin/admin@EXAMPLE.COM, addr=127.0.0.1, vers=4, flavor=6
nm_1        | 2020-10-24 13:29:01 INFO  AuxServices:350 - Got event CONTAINER_STOP for appId application_1603546015769_0001
nm_1        | 2020-10-24 13:29:01 INFO  DefaultContainerExecutor:634 - Deleting absolute path : /tmp/hadoop-hadoop/nm-local-dir/usercache/hadoop/appcache/application_1603546015769_0001/container_1603546015769_0001_01_000002/launch_container.sh
nm_1        | 2020-10-24 13:29:01 INFO  DefaultContainerExecutor:634 - Deleting absolute path : /tmp/hadoop-hadoop/nm-local-dir/usercache/hadoop/appcache/application_1603546015769_0001/container_1603546015769_0001_01_000002/container_tokens
nm_1        | 2020-10-24 13:29:01 INFO  ContainersMonitorImpl:516 - Skipping monitoring container container_1603546015769_0001_01_000004 since CPU usage is not yet available.
nm_1        | 2020-10-24 13:29:02 INFO  Server:1849 - Auth successful for appattempt_1603546015769_0001_000001 (auth:SIMPLE)
nm_1        | 2020-10-24 13:29:03 INFO  ContainerManagerImpl:1070 - Start request for container_1603546015769_0001_01_000005 by user hadoop
nm_1        | 2020-10-24 13:29:03 INFO  NMAuditLogger:94 - USER=hadoop	IP=172.25.0.4	OPERATION=Start Container Request	TARGET=ContainerManageImpl	RESULT=SUCCESS	APPID=application_1603546015769_0001	CONTAINERID=container_1603546015769_0001_01_000005
nm_1        | 2020-10-24 13:29:03 INFO  ApplicationImpl:463 - Adding container_1603546015769_0001_01_000005 to application application_1603546015769_0001
nm_1        | 2020-10-24 13:29:03 INFO  ContainerImpl:2112 - Container container_1603546015769_0001_01_000005 transitioned from NEW to LOCALIZING
nm_1        | 2020-10-24 13:29:03 INFO  AuxServices:350 - Got event CONTAINER_INIT for appId application_1603546015769_0001
kms_1       | Oct 24, 2020 1:29:14 PM com.sun.jersey.server.wadl.generators.AbstractWadlGeneratorGrammarGenerator attachTypes
rm_1        | 2020-10-24 13:28:42 INFO  ApplicationMasterService:471 - Registering app attempt : appattempt_1603546015769_0001_000001
kdc_1       | Oct 24 13:26:27 kdc kadmind[13](Notice): Request: kadm5_randkey_principal, jhs/jhs@EXAMPLE.COM, success, client=admin/admin@EXAMPLE.COM, service=kadmin/admin@EXAMPLE.COM, addr=127.0.0.1
nm_1        | 2020-10-24 13:29:03 INFO  AuxServices:350 - Got event APPLICATION_INIT for appId application_1603546015769_0001
kms_1       | INFO: Couldn't find grammar element for class javax.ws.rs.core.Response
rm_1        | 2020-10-24 13:28:42 INFO  RMAppAttemptImpl:925 - appattempt_1603546015769_0001_000001 State change from NEW to SUBMITTED on event = START
kdc_1       | Oct 24 13:26:27 kdc kadmind[13](Notice): Request: kadm5_get_principal, jhs/jhs@EXAMPLE.COM, success, client=admin/admin@EXAMPLE.COM, service=kadmin/admin@EXAMPLE.COM, addr=127.0.0.1
nm_1        | 2020-10-24 13:29:03 INFO  AuxServices:354 - Got APPLICATION_INIT for service mapreduce_shuffle
kms_1       | Oct 24, 2020 1:29:14 PM com.sun.jersey.server.wadl.generators.AbstractWadlGeneratorGrammarGenerator attachTypes
rm_1        | 2020-10-24 13:28:42 WARN  LeafQueue:842 - maximum-am-resource-percent is insufficient to start a single application in queue, it is likely set too low. skipping enforcement to allow at least one application to start
kdc_1       | Oct 24 13:26:27 kdc kadmind[13](info): closing down fd 18
nm_1        | 2020-10-24 13:29:03 INFO  ShuffleHandler:719 - Added token for job_1603546015769_0001
kms_1       | INFO: Couldn't find grammar element for class java.util.Map
rm_1        | 2020-10-24 13:28:42 WARN  LeafQueue:878 - maximum-am-resource-percent is insufficient to start a single application in queue for user, it is likely set too low. skipping enforcement to allow at least one application to start
kdc_1       | Oct 24 13:26:28 kdc kadmind[13](Notice): Request: kadm5_init, admin/admin@EXAMPLE.COM, success, client=admin/admin@EXAMPLE.COM, service=kadmin/admin@EXAMPLE.COM, addr=127.0.0.1, vers=4, flavor=6
nm_1        | 2020-10-24 13:29:03 INFO  ContainerImpl:2112 - Container container_1603546015769_0001_01_000005 transitioned from LOCALIZING to SCHEDULED
kms_1       | Oct 24, 2020 1:29:14 PM com.sun.jersey.server.wadl.generators.AbstractWadlGeneratorGrammarGenerator attachTypes
rm_1        | 2020-10-24 13:28:42 INFO  LeafQueue:907 - Application application_1603546015769_0001 from user: hadoop activated in queue: default
kdc_1       | Oct 24 13:26:28 kdc kadmind[13](Notice): Request: kadm5_get_policy, default, Policy does not exist, client=admin/admin@EXAMPLE.COM, service=kadmin/admin@EXAMPLE.COM, addr=127.0.0.1
nm_1        | 2020-10-24 13:29:03 INFO  ContainerScheduler:541 - Starting container [container_1603546015769_0001_01_000005]
kms_1       | INFO: Couldn't find grammar element for class java.util.Map
rm_1        | 2020-10-24 13:28:42 INFO  LeafQueue:937 - Application added - appId: application_1603546015769_0001 user: hadoop, leaf-queue: default #user-pending-applications: 0 #user-active-applications: 1 #queue-pending-applications: 0 #queue-active-applications: 1
kdc_1       | Oct 24 13:26:28 kdc kadmind[13](Notice): Request: kadm5_create_principal, rm/rm@EXAMPLE.COM, success, client=admin/admin@EXAMPLE.COM, service=kadmin/admin@EXAMPLE.COM, addr=127.0.0.1
nm_1        | 2020-10-24 13:29:03 INFO  ContainerImpl:2112 - Container container_1603546015769_0001_01_000005 transitioned from SCHEDULED to RUNNING
kms_1       | Oct 24, 2020 1:29:14 PM com.sun.jersey.server.wadl.generators.AbstractWadlGeneratorGrammarGenerator attachTypes
rm_1        | 2020-10-24 13:28:42 INFO  CapacityScheduler:1052 - Added Application Attempt appattempt_1603546015769_0001_000001 to scheduler from user hadoop in queue default
kdc_1       | Oct 24 13:26:28 kdc kadmind[13](info): closing down fd 18
nm_1        | 2020-10-24 13:29:03 INFO  ContainersMonitorImpl:1013 - Starting resource-monitoring for container_1603546015769_0001_01_000005
kms_1       | INFO: Couldn't find grammar element for class java.util.Map
rm_1        | 2020-10-24 13:28:42 INFO  RMAppAttemptImpl:925 - appattempt_1603546015769_0001_000001 State change from SUBMITTED to SCHEDULED on event = ATTEMPT_ADDED
kdc_1       | Oct 24 13:26:28 kdc kadmind[13](Notice): Request: kadm5_init, admin/admin@EXAMPLE.COM, success, client=admin/admin@EXAMPLE.COM, service=kadmin/admin@EXAMPLE.COM, addr=127.0.0.1, vers=4, flavor=6
nm_1        | 2020-10-24 13:29:03 INFO  DefaultContainerExecutor:370 - launchContainer: [bash, /tmp/hadoop-hadoop/nm-local-dir/usercache/hadoop/appcache/application_1603546015769_0001/container_1603546015769_0001_01_000005/default_container_executor.sh]
kms_1       | Oct 24, 2020 1:29:14 PM com.sun.jersey.server.wadl.generators.AbstractWadlGeneratorGrammarGenerator attachTypes
rm_1        | 2020-10-24 13:28:42 INFO  AbstractContainerAllocator:129 - assignedContainer application attempt=appattempt_1603546015769_0001_000001 container=null queue=default clusterResource=<memory:8192, vCores:8> type=OFF_SWITCH requestedPartition=
kdc_1       | Oct 24 13:26:28 kdc kadmind[13](Notice): Request: kadm5_randkey_principal, rm/rm@EXAMPLE.COM, success, client=admin/admin@EXAMPLE.COM, service=kadmin/admin@EXAMPLE.COM, addr=127.0.0.1
nm_1        | 2020-10-24 13:29:03 INFO  ContainerLaunch:595 - Container container_1603546015769_0001_01_000003 succeeded 
kms_1       | INFO: Couldn't find grammar element for class javax.ws.rs.core.Response
rm_1        | 2020-10-24 13:28:42 INFO  RMContainerImpl:480 - container_1603546015769_0001_01_000001 Container Transitioned from NEW to ALLOCATED
kdc_1       | Oct 24 13:26:28 kdc kadmind[13](Notice): Request: kadm5_get_principal, rm/rm@EXAMPLE.COM, success, client=admin/admin@EXAMPLE.COM, service=kadmin/admin@EXAMPLE.COM, addr=127.0.0.1
nm_1        | 2020-10-24 13:29:03 INFO  ContainerImpl:2112 - Container container_1603546015769_0001_01_000003 transitioned from RUNNING to EXITED_WITH_SUCCESS
kms_1       | Oct 24, 2020 1:29:17 PM com.sun.jersey.server.wadl.generators.WadlGeneratorJAXBGrammarGenerator buildModelAndSchemas
rm_1        | 2020-10-24 13:28:42 INFO  FiCaSchedulerNode:169 - Assigned container container_1603546015769_0001_01_000001 of capacity <memory:2048, vCores:1> on host nm:41371, which has 1 containers, <memory:2048, vCores:1> used and <memory:6144, vCores:7> available after allocation
kdc_1       | Oct 24 13:26:28 kdc kadmind[13](info): closing down fd 18
nm_1        | 2020-10-24 13:29:03 INFO  ContainerCleanup:87 - Cleaning up container container_1603546015769_0001_01_000003
kms_1       | SEVERE: Failed to generate the schema for the JAX-B elements
rm_1        | 2020-10-24 13:28:42 INFO  RMAuditLogger:200 - USER=hadoop	OPERATION=AM Allocated Container	TARGET=SchedulerApp	RESULT=SUCCESS	APPID=application_1603546015769_0001	CONTAINERID=container_1603546015769_0001_01_000001	RESOURCE=<memory:2048, vCores:1>
kdc_1       | Oct 24 13:26:28 kdc kadmind[13](Notice): Request: kadm5_init, admin/admin@EXAMPLE.COM, success, client=admin/admin@EXAMPLE.COM, service=kadmin/admin@EXAMPLE.COM, addr=127.0.0.1, vers=4, flavor=6
nm_1        | 2020-10-24 13:29:03 INFO  NMAuditLogger:94 - USER=hadoop	OPERATION=Container Finished - Succeeded	TARGET=ContainerImpl	RESULT=SUCCESS	APPID=application_1603546015769_0001	CONTAINERID=container_1603546015769_0001_01_000003
kms_1       | com.sun.xml.bind.v2.runtime.IllegalAnnotationsException: 2 counts of IllegalAnnotationExceptions
rm_1        | 2020-10-24 13:28:42 INFO  NMTokenSecretManagerInRM:200 - Sending NMToken for nodeId : nm:41371 for container : container_1603546015769_0001_01_000001
kdc_1       | Oct 24 13:26:28 kdc kadmind[13](Notice): Request: kadm5_get_policy, default, Policy does not exist, client=admin/admin@EXAMPLE.COM, service=kadmin/admin@EXAMPLE.COM, addr=127.0.0.1
nm_1        | 2020-10-24 13:29:03 INFO  ContainerImpl:2112 - Container container_1603546015769_0001_01_000003 transitioned from EXITED_WITH_SUCCESS to DONE
kms_1       | java.util.Map is an interface, and JAXB can't handle interfaces.
rm_1        | 2020-10-24 13:28:42 INFO  RMContainerImpl:480 - container_1603546015769_0001_01_000001 Container Transitioned from ALLOCATED to ACQUIRED
kdc_1       | Oct 24 13:26:28 kdc kadmind[13](Notice): Request: kadm5_create_principal, HTTP/jhs@EXAMPLE.COM, success, client=admin/admin@EXAMPLE.COM, service=kadmin/admin@EXAMPLE.COM, addr=127.0.0.1
nm_1        | 2020-10-24 13:29:03 INFO  ApplicationImpl:512 - Removing container_1603546015769_0001_01_000003 from application application_1603546015769_0001
kms_1       | 	this problem is related to the following location:
rm_1        | 2020-10-24 13:28:42 INFO  ParentQueue:1336 - assignedContainer queue=root usedCapacity=0.25 absoluteUsedCapacity=0.25 used=<memory:2048, vCores:1> cluster=<memory:8192, vCores:8>
kdc_1       | Oct 24 13:26:28 kdc kadmind[13](info): closing down fd 18
nm_1        | 2020-10-24 13:29:03 INFO  ContainersMonitorImpl:1004 - Stopping resource-monitoring for container_1603546015769_0001_01_000003
nm_1        | 2020-10-24 13:29:03 INFO  AppLogAggregatorImpl:539 - Considering container container_1603546015769_0001_01_000003 for log-aggregation
kms_1       | 		at java.util.Map
kdc_1       | Oct 24 13:26:28 kdc kadmind[13](Notice): Request: kadm5_init, admin/admin@EXAMPLE.COM, success, client=admin/admin@EXAMPLE.COM, service=kadmin/admin@EXAMPLE.COM, addr=127.0.0.1, vers=4, flavor=6
rm_1        | 2020-10-24 13:28:42 INFO  CapacityScheduler:3005 - Allocation proposal accepted
nm_1        | 2020-10-24 13:29:03 INFO  AuxServices:350 - Got event CONTAINER_STOP for appId application_1603546015769_0001
kms_1       | java.util.Map does not have a no-arg default constructor.
kdc_1       | Oct 24 13:26:28 kdc kadmind[13](Notice): Request: kadm5_randkey_principal, HTTP/jhs@EXAMPLE.COM, success, client=admin/admin@EXAMPLE.COM, service=kadmin/admin@EXAMPLE.COM, addr=127.0.0.1
rm_1        | 2020-10-24 13:28:42 INFO  NMTokenSecretManagerInRM:146 - Clear node set for appattempt_1603546015769_0001_000001
nm_1        | 2020-10-24 13:29:03 INFO  NodeStatusUpdaterImpl:707 - Removed completed containers from NM context: [container_1603546015769_0001_01_000002]
kms_1       | 	this problem is related to the following location:
kdc_1       | Oct 24 13:26:28 kdc kadmind[13](Notice): Request: kadm5_get_principal, HTTP/jhs@EXAMPLE.COM, success, client=admin/admin@EXAMPLE.COM, service=kadmin/admin@EXAMPLE.COM, addr=127.0.0.1
rm_1        | 2020-10-24 13:28:42 INFO  RMAppAttemptImpl:2215 - Storing attempt: AppId: application_1603546015769_0001 AttemptId: appattempt_1603546015769_0001_000001 MasterContainer: Container: [ContainerId: container_1603546015769_0001_01_000001, AllocationRequestId: -1, Version: 0, NodeId: nm:41371, NodeHttpAddress: nm:8042, Resource: <memory:2048, vCores:1>, Priority: 0, Token: Token { kind: ContainerToken, service: 172.25.0.4:41371 }, ExecutionType: GUARANTEED, ]
nm_1        | 2020-10-24 13:29:03 INFO  DefaultContainerExecutor:634 - Deleting absolute path : /tmp/hadoop-hadoop/nm-local-dir/usercache/hadoop/appcache/application_1603546015769_0001/container_1603546015769_0001_01_000003/launch_container.sh
kms_1       | 		at java.util.Map
kdc_1       | Oct 24 13:26:28 kdc kadmind[13](info): closing down fd 18
rm_1        | 2020-10-24 13:28:42 INFO  RMAppAttemptImpl:925 - appattempt_1603546015769_0001_000001 State change from SCHEDULED to ALLOCATED_SAVING on event = CONTAINER_ALLOCATED
nm_1        | 2020-10-24 13:29:03 INFO  DefaultContainerExecutor:634 - Deleting absolute path : /tmp/hadoop-hadoop/nm-local-dir/usercache/hadoop/appcache/application_1603546015769_0001/container_1603546015769_0001_01_000003/container_tokens
kms_1       | 
kdc_1       | Oct 24 13:26:28 kdc kadmind[13](Notice): Request: kadm5_init, admin/admin@EXAMPLE.COM, success, client=admin/admin@EXAMPLE.COM, service=kadmin/admin@EXAMPLE.COM, addr=127.0.0.1, vers=4, flavor=6
rm_1        | 2020-10-24 13:28:42 INFO  RMAppAttemptImpl:925 - appattempt_1603546015769_0001_000001 State change from ALLOCATED_SAVING to ALLOCATED on event = ATTEMPT_NEW_SAVED
nm_1        | 2020-10-24 13:29:04 INFO  ContainerLaunch:595 - Container container_1603546015769_0001_01_000004 succeeded 
kms_1       | 	at com.sun.xml.bind.v2.runtime.IllegalAnnotationsException$Builder.check(IllegalAnnotationsException.java:106)
kdc_1       | Oct 24 13:26:28 kdc kadmind[13](Notice): Request: kadm5_get_policy, default, Policy does not exist, client=admin/admin@EXAMPLE.COM, service=kadmin/admin@EXAMPLE.COM, addr=127.0.0.1
rm_1        | 2020-10-24 13:28:42 INFO  AMLauncher:307 - Launching masterappattempt_1603546015769_0001_000001
nm_1        | 2020-10-24 13:29:04 INFO  ContainerImpl:2112 - Container container_1603546015769_0001_01_000004 transitioned from RUNNING to EXITED_WITH_SUCCESS
kms_1       | 	at com.sun.xml.bind.v2.runtime.JAXBContextImpl.getTypeInfoSet(JAXBContextImpl.java:489)
kdc_1       | Oct 24 13:26:28 kdc kadmind[13](Notice): Request: kadm5_create_principal, dn/a603d1d32e5e@EXAMPLE.COM, success, client=admin/admin@EXAMPLE.COM, service=kadmin/admin@EXAMPLE.COM, addr=127.0.0.1
rm_1        | 2020-10-24 13:28:42 INFO  AMLauncher:109 - Setting up container Container: [ContainerId: container_1603546015769_0001_01_000001, AllocationRequestId: -1, Version: 0, NodeId: nm:41371, NodeHttpAddress: nm:8042, Resource: <memory:2048, vCores:1>, Priority: 0, Token: Token { kind: ContainerToken, service: 172.25.0.4:41371 }, ExecutionType: GUARANTEED, ] for AM appattempt_1603546015769_0001_000001
nm_1        | 2020-10-24 13:29:04 INFO  NMAuditLogger:94 - USER=hadoop	OPERATION=Container Finished - Succeeded	TARGET=ContainerImpl	RESULT=SUCCESS	APPID=application_1603546015769_0001	CONTAINERID=container_1603546015769_0001_01_000004
kms_1       | 	at com.sun.xml.bind.v2.runtime.JAXBContextImpl.<init>(JAXBContextImpl.java:319)
kdc_1       | Oct 24 13:26:28 kdc kadmind[13](info): closing down fd 18
rm_1        | 2020-10-24 13:28:42 INFO  AMRMTokenSecretManager:195 - Create AMRMToken for ApplicationAttempt: appattempt_1603546015769_0001_000001
nm_1        | 2020-10-24 13:29:04 INFO  ContainerCleanup:87 - Cleaning up container container_1603546015769_0001_01_000004
kms_1       | 	at com.sun.xml.bind.v2.runtime.JAXBContextImpl$JAXBContextBuilder.build(JAXBContextImpl.java:1170)
kdc_1       | Oct 24 13:26:28 kdc kadmind[13](Notice): Request: kadm5_init, admin/admin@EXAMPLE.COM, success, client=admin/admin@EXAMPLE.COM, service=kadmin/admin@EXAMPLE.COM, addr=127.0.0.1, vers=4, flavor=6
rm_1        | 2020-10-24 13:28:42 INFO  AMRMTokenSecretManager:307 - Creating password for appattempt_1603546015769_0001_000001
nm_1        | 2020-10-24 13:29:04 INFO  ContainerImpl:2112 - Container container_1603546015769_0001_01_000004 transitioned from EXITED_WITH_SUCCESS to DONE
kms_1       | 	at com.sun.xml.bind.v2.ContextFactory.createContext(ContextFactory.java:145)
kdc_1       | Oct 24 13:26:28 kdc kadmind[13](Notice): Request: kadm5_randkey_principal, dn/a603d1d32e5e@EXAMPLE.COM, success, client=admin/admin@EXAMPLE.COM, service=kadmin/admin@EXAMPLE.COM, addr=127.0.0.1
rm_1        | 2020-10-24 13:28:43 INFO  AMLauncher:130 - Done launching container Container: [ContainerId: container_1603546015769_0001_01_000001, AllocationRequestId: -1, Version: 0, NodeId: nm:41371, NodeHttpAddress: nm:8042, Resource: <memory:2048, vCores:1>, Priority: 0, Token: Token { kind: ContainerToken, service: 172.25.0.4:41371 }, ExecutionType: GUARANTEED, ] for AM appattempt_1603546015769_0001_000001
nm_1        | 2020-10-24 13:29:04 INFO  ApplicationImpl:512 - Removing container_1603546015769_0001_01_000004 from application application_1603546015769_0001
kms_1       | 	at sun.reflect.NativeMethodAccessorImpl.invoke0(Native Method)
kdc_1       | Oct 24 13:26:28 kdc kadmind[13](Notice): Request: kadm5_get_principal, dn/a603d1d32e5e@EXAMPLE.COM, success, client=admin/admin@EXAMPLE.COM, service=kadmin/admin@EXAMPLE.COM, addr=127.0.0.1
rm_1        | 2020-10-24 13:28:43 INFO  RMAppAttemptImpl:925 - appattempt_1603546015769_0001_000001 State change from ALLOCATED to LAUNCHED on event = LAUNCHED
nm_1        | 2020-10-24 13:29:04 INFO  ContainersMonitorImpl:1004 - Stopping resource-monitoring for container_1603546015769_0001_01_000004
kms_1       | 	at sun.reflect.NativeMethodAccessorImpl.invoke(NativeMethodAccessorImpl.java:62)
kdc_1       | Oct 24 13:26:28 kdc kadmind[13](info): closing down fd 18
rm_1        | 2020-10-24 13:28:43 INFO  RMAppImpl:1066 - update the launch time for applicationId: application_1603546015769_0001, attemptId: appattempt_1603546015769_0001_000001launchTime: 1603546123145
nm_1        | 2020-10-24 13:29:04 INFO  AppLogAggregatorImpl:539 - Considering container container_1603546015769_0001_01_000004 for log-aggregation
kms_1       | 	at sun.reflect.DelegatingMethodAccessorImpl.invoke(DelegatingMethodAccessorImpl.java:43)
kdc_1       | WARNING: no policy specified for HTTP/rm@EXAMPLE.COM; defaulting to no policy
rm_1        | 2020-10-24 13:28:43 INFO  RMContainerImpl:480 - container_1603546015769_0001_01_000001 Container Transitioned from ACQUIRED to RUNNING
nm_1        | 2020-10-24 13:29:04 INFO  AuxServices:350 - Got event CONTAINER_STOP for appId application_1603546015769_0001
kms_1       | 	at java.lang.reflect.Method.invoke(Method.java:498)
kdc_1       | Principal "HTTP/rm@EXAMPLE.COM" created.
rm_1        | 2020-10-24 13:28:50 INFO  Server:1849 - Auth successful for appattempt_1603546015769_0001_000001 (auth:SIMPLE)
