scm_1       | 2020-09-11 13:50:10,771 [EventQueue-PipelineReportForPipelineReportHandler] INFO pipeline.PipelineStateManager: Pipeline Pipeline[ Id: 6c0f2b82-3910-4c7e-a606-d4f24cafbff1, Nodes: a3adab67-6b58-456c-9715-49208f2a8484{ip: 172.25.0.12, host: ozonesecure-mr_datanode_2.ozone, networkLocation: /default-rack, certSerialId: null}, Type:RATIS, Factor:ONE, State:ALLOCATED, leaderId:a3adab67-6b58-456c-9715-49208f2a8484, CreationTimestamp2020-09-11T13:50:07.033663Z] moved to OPEN state
scm_1       | 2020-09-11 13:50:10,794 [EventQueue-OpenPipelineForOneReplicaPipelineSafeModeRule] INFO safemode.SCMSafeModeManager: AtleastOneDatanodeReportedRule rule is successfully validated
datanode_2  | 2020-09-11 13:50:16,772 [a3adab67-6b58-456c-9715-49208f2a8484@group-8950E1EE4201-LeaderElection2] INFO impl.LeaderElection: a3adab67-6b58-456c-9715-49208f2a8484@group-8950E1EE4201-LeaderElection2: begin an election at term 1 for -1: [ff7850c7-e9e6-49d7-9a44-8ae3b26988e1:172.25.0.11:9858:0, a3adab67-6b58-456c-9715-49208f2a8484:172.25.0.12:9858:0, a61dbadd-145b-4ccd-ba28-cd7ec4c15b53:172.25.0.10:9858:0], old=null
kms_1       | Sep 11, 2020 1:51:56 PM com.sun.jersey.server.wadl.generators.AbstractWadlGeneratorGrammarGenerator attachTypes
rm_1        | 2020-09-11 13:49:29 INFO  AsyncDispatcher:223 - Registering class org.apache.hadoop.yarn.server.resourcemanager.metrics.AbstractSystemMetricsPublisher$SystemMetricsEventType for class org.apache.hadoop.yarn.server.resourcemanager.metrics.TimelineServiceV1Publisher$TimelineV1EventHandler
om_1        | 2020-09-11 13:50:40,470 [IPC Server handler 31 on default port 9862] INFO volume.OMVolumeCreateRequest: created volume:volume1 for user:hadoop
om_1        | 2020-09-11 13:50:43,660 [Socket Reader #1 for port 9862] INFO ipc.Server: Auth successful for testuser/om@EXAMPLE.COM (auth:KERBEROS)
scm_1       | 2020-09-11 13:50:10,811 [EventQueue-OpenPipelineForHealthyPipelineSafeModeRule] INFO safemode.SCMSafeModeManager: SCM in safe mode. Healthy pipelines reported count is 0, required healthy pipeline reported count is 1
kdc_1       | Sep 11 13:49:10 kdc krb5kdc[8](info): AS_REQ (8 etypes {18 17 20 19 16 23 25 26}) 127.0.0.1: ISSUE: authtime 1599832150, etypes {rep=18 tkt=18 ses=18}, admin/admin@EXAMPLE.COM for kadmin/admin@EXAMPLE.COM
datanode_2  | 2020-09-11 13:50:17,021 [a3adab67-6b58-456c-9715-49208f2a8484@group-8950E1EE4201-LeaderElection2] INFO impl.LeaderElection: a3adab67-6b58-456c-9715-49208f2a8484@group-8950E1EE4201-LeaderElection2: Election REJECTED; received 2 response(s) [a3adab67-6b58-456c-9715-49208f2a8484<-ff7850c7-e9e6-49d7-9a44-8ae3b26988e1#0:FAIL-t1, a3adab67-6b58-456c-9715-49208f2a8484<-a61dbadd-145b-4ccd-ba28-cd7ec4c15b53#0:FAIL-t1] and 0 exception(s); a3adab67-6b58-456c-9715-49208f2a8484@group-8950E1EE4201:t1, leader=null, voted=a3adab67-6b58-456c-9715-49208f2a8484, raftlog=a3adab67-6b58-456c-9715-49208f2a8484@group-8950E1EE4201-SegmentedRaftLog:OPENED:c-1,f-1,i0, conf=-1: [ff7850c7-e9e6-49d7-9a44-8ae3b26988e1:172.25.0.11:9858:0, a3adab67-6b58-456c-9715-49208f2a8484:172.25.0.12:9858:0, a61dbadd-145b-4ccd-ba28-cd7ec4c15b53:172.25.0.10:9858:0], old=null
kms_1       | INFO: Couldn't find grammar element for class java.util.Map
rm_1        | 2020-09-11 13:49:29 INFO  AsyncDispatcher:223 - Registering class org.apache.hadoop.yarn.server.resourcemanager.metrics.AbstractSystemMetricsPublisher$SystemMetricsEventType for class org.apache.hadoop.yarn.server.resourcemanager.metrics.TimelineServiceV1Publisher$TimelineV1EventHandler
om_1        | 2020-09-11 13:50:47,785 [Socket Reader #1 for port 9862] INFO ipc.Server: Auth successful for testuser/om@EXAMPLE.COM (auth:KERBEROS)
nm_1        | 2020-09-11 13:52:12 INFO  Server:1849 - Auth successful for appattempt_1599832184025_0001_000001 (auth:SIMPLE)
kdc_1       | Sep 11 13:49:09 kdc kadmind[13](Notice): Request: kadm5_init, admin/admin@EXAMPLE.COM, success, client=admin/admin@EXAMPLE.COM, service=kadmin/admin@EXAMPLE.COM, addr=127.0.0.1, vers=4, flavor=6
scm_1       | 2020-09-11 13:50:11,098 [EventQueue-PipelineReportForPipelineReportHandler] INFO pipeline.PipelineStateManager: Pipeline Pipeline[ Id: 89ab3373-1ebe-4409-9e59-f23e1418f090, Nodes: ff7850c7-e9e6-49d7-9a44-8ae3b26988e1{ip: 172.25.0.11, host: ozonesecure-mr_datanode_3.ozone, networkLocation: /default-rack, certSerialId: null}, Type:RATIS, Factor:ONE, State:ALLOCATED, leaderId:ff7850c7-e9e6-49d7-9a44-8ae3b26988e1, CreationTimestamp2020-09-11T13:50:06.887545Z] moved to OPEN state
datanode_2  | 2020-09-11 13:50:17,022 [a3adab67-6b58-456c-9715-49208f2a8484@group-8950E1EE4201-LeaderElection2] INFO impl.RaftServerImpl: a3adab67-6b58-456c-9715-49208f2a8484@group-8950E1EE4201: changes role from CANDIDATE to FOLLOWER at term 1 for DISCOVERED_A_NEW_TERM
datanode_2  | 2020-09-11 13:50:17,032 [a3adab67-6b58-456c-9715-49208f2a8484@group-8950E1EE4201-LeaderElection2] INFO impl.RoleInfo: a3adab67-6b58-456c-9715-49208f2a8484: shutdown LeaderElection
datanode_2  | 2020-09-11 13:50:17,041 [a3adab67-6b58-456c-9715-49208f2a8484@group-8950E1EE4201-LeaderElection2] INFO impl.RoleInfo: a3adab67-6b58-456c-9715-49208f2a8484: start FollowerState
kms_1       | Sep 11, 2020 1:51:56 PM com.sun.jersey.server.wadl.generators.AbstractWadlGeneratorGrammarGenerator attachTypes
kms_1       | INFO: Couldn't find grammar element for class javax.ws.rs.core.Response
kdc_1       | Sep 11 13:49:09 kdc kadmind[13](Notice): Request: kadm5_get_policy, default, Policy does not exist, client=admin/admin@EXAMPLE.COM, service=kadmin/admin@EXAMPLE.COM, addr=127.0.0.1
scm_1       | 2020-09-11 13:50:11,103 [EventQueue-OpenPipelineForOneReplicaPipelineSafeModeRule] INFO safemode.SCMSafeModeManager: AtleastOneDatanodeReportedRule rule is successfully validated
rm_1        | 2020-09-11 13:49:30 INFO  AsyncDispatcher:223 - Registering class org.apache.hadoop.yarn.server.resourcemanager.metrics.AbstractSystemMetricsPublisher$SystemMetricsEventType for class org.apache.hadoop.yarn.server.resourcemanager.metrics.TimelineServiceV1Publisher$TimelineV1EventHandler
datanode_2  | 2020-09-11 13:50:17,115 [a3adab67-6b58-456c-9715-49208f2a8484@group-D4F24CAFBFF1-SegmentedRaftLogWorker] INFO segmented.SegmentedRaftLogWorker: a3adab67-6b58-456c-9715-49208f2a8484@group-D4F24CAFBFF1-SegmentedRaftLogWorker: created new log segment /data/metadata/ratis/6c0f2b82-3910-4c7e-a606-d4f24cafbff1/current/log_inprogress_0
om_1        | 2020-09-11 13:50:51,909 [Socket Reader #1 for port 9862] INFO ipc.Server: Auth successful for testuser/om@EXAMPLE.COM (auth:KERBEROS)
kms_1       | Sep 11, 2020 1:51:56 PM com.sun.jersey.server.wadl.generators.AbstractWadlGeneratorGrammarGenerator attachTypes
nm_1        | 2020-09-11 13:52:12 INFO  ContainerManagerImpl:1070 - Start request for container_1599832184025_0001_01_000003 by user hadoop
kdc_1       | Sep 11 13:49:09 kdc kadmind[13](Notice): Request: kadm5_create_principal, dn/7a39d6495861@EXAMPLE.COM, success, client=admin/admin@EXAMPLE.COM, service=kadmin/admin@EXAMPLE.COM, addr=127.0.0.1
scm_1       | 2020-09-11 13:50:11,104 [EventQueue-OpenPipelineForHealthyPipelineSafeModeRule] INFO safemode.SCMSafeModeManager: SCM in safe mode. Healthy pipelines reported count is 0, required healthy pipeline reported count is 1
rm_1        | 2020-09-11 13:49:30 INFO  AsyncDispatcher:223 - Registering class org.apache.hadoop.yarn.server.resourcemanager.metrics.AbstractSystemMetricsPublisher$SystemMetricsEventType for class org.apache.hadoop.yarn.server.resourcemanager.metrics.TimelineServiceV1Publisher$TimelineV1EventHandler
datanode_2  | 2020-09-11 13:50:17,254 [grpc-default-executor-2] INFO ratis.XceiverServerRatis: Leader change notification received for group: group-8950E1EE4201 with new leaderId: ff7850c7-e9e6-49d7-9a44-8ae3b26988e1
om_1        | 2020-09-11 13:50:56,157 [Socket Reader #1 for port 9862] INFO ipc.Server: Auth successful for testuser/om@EXAMPLE.COM (auth:KERBEROS)
kms_1       | INFO: Couldn't find grammar element for class javax.ws.rs.core.Response
nm_1        | 2020-09-11 13:52:12 INFO  ApplicationImpl:463 - Adding container_1599832184025_0001_01_000003 to application application_1599832184025_0001
kdc_1       | Sep 11 13:49:09 kdc kadmind[13](info): closing down fd 18
scm_1       | 2020-09-11 13:50:11,475 [EventQueue-PipelineReportForPipelineReportHandler] INFO pipeline.PipelineStateManager: Pipeline Pipeline[ Id: 4f6eaf2b-aa62-4f46-9ae7-cde70333dc97, Nodes: a61dbadd-145b-4ccd-ba28-cd7ec4c15b53{ip: 172.25.0.10, host: ozonesecure-mr_datanode_1.ozone, networkLocation: /default-rack, certSerialId: null}, Type:RATIS, Factor:ONE, State:ALLOCATED, leaderId:a61dbadd-145b-4ccd-ba28-cd7ec4c15b53, CreationTimestamp2020-09-11T13:50:07.159697Z] moved to OPEN state
rm_1        | 2020-09-11 13:49:30 INFO  AsyncDispatcher:223 - Registering class org.apache.hadoop.yarn.server.resourcemanager.metrics.AbstractSystemMetricsPublisher$SystemMetricsEventType for class org.apache.hadoop.yarn.server.resourcemanager.metrics.TimelineServiceV1Publisher$TimelineV1EventHandler
datanode_2  | 2020-09-11 13:50:17,254 [grpc-default-executor-2] INFO impl.RaftServerImpl: a3adab67-6b58-456c-9715-49208f2a8484@group-8950E1EE4201: change Leader from null to ff7850c7-e9e6-49d7-9a44-8ae3b26988e1 at term 1 for appendEntries, leader elected after 5763ms
om_1        | 2020-09-11 13:51:05,301 [Socket Reader #1 for port 9862] INFO ipc.Server: Auth successful for testuser/om@EXAMPLE.COM (auth:KERBEROS)
kms_1       | Sep 11, 2020 1:51:56 PM com.sun.jersey.server.wadl.generators.AbstractWadlGeneratorGrammarGenerator attachTypes
nm_1        | 2020-09-11 13:52:12 INFO  ContainerImpl:2112 - Container container_1599832184025_0001_01_000003 transitioned from NEW to LOCALIZING
kdc_1       | Sep 11 13:49:09 kdc kadmind[13](Notice): Request: kadm5_init, admin/admin@EXAMPLE.COM, success, client=admin/admin@EXAMPLE.COM, service=kadmin/admin@EXAMPLE.COM, addr=127.0.0.1, vers=4, flavor=6
kdc_1       | Sep 11 13:49:09 kdc kadmind[13](Notice): Request: kadm5_randkey_principal, dn/7a39d6495861@EXAMPLE.COM, success, client=admin/admin@EXAMPLE.COM, service=kadmin/admin@EXAMPLE.COM, addr=127.0.0.1
rm_1        | 2020-09-11 13:49:30 INFO  AsyncDispatcher:223 - Registering class org.apache.hadoop.yarn.server.resourcemanager.metrics.AbstractSystemMetricsPublisher$SystemMetricsEventType for class org.apache.hadoop.yarn.server.resourcemanager.metrics.TimelineServiceV1Publisher$TimelineV1EventHandler
datanode_2  | 2020-09-11 13:50:17,281 [grpc-default-executor-2] INFO impl.RaftServerImpl: a3adab67-6b58-456c-9715-49208f2a8484@group-8950E1EE4201: set configuration 0: [ff7850c7-e9e6-49d7-9a44-8ae3b26988e1:172.25.0.11:9858:0, a3adab67-6b58-456c-9715-49208f2a8484:172.25.0.12:9858:0, a61dbadd-145b-4ccd-ba28-cd7ec4c15b53:172.25.0.10:9858:0], old=null at 0
om_1        | 2020-09-11 13:51:11,669 [Socket Reader #1 for port 9862] INFO ipc.Server: Auth successful for testuser/om@EXAMPLE.COM (auth:KERBEROS)
kms_1       | INFO: Couldn't find grammar element for class java.util.Map
nm_1        | 2020-09-11 13:52:12 INFO  AuxServices:350 - Got event CONTAINER_INIT for appId application_1599832184025_0001
kdc_1       | Sep 11 13:49:09 kdc kadmind[13](Notice): Request: kadm5_get_principal, dn/7a39d6495861@EXAMPLE.COM, success, client=admin/admin@EXAMPLE.COM, service=kadmin/admin@EXAMPLE.COM, addr=127.0.0.1
scm_1       | 2020-09-11 13:50:11,475 [EventQueue-OpenPipelineForOneReplicaPipelineSafeModeRule] INFO safemode.SCMSafeModeManager: AtleastOneDatanodeReportedRule rule is successfully validated
rm_1        | 2020-09-11 13:49:30 INFO  log:192 - Logging initialized @19118ms
datanode_2  | 2020-09-11 13:50:17,281 [grpc-default-executor-2] INFO segmented.SegmentedRaftLogWorker: a3adab67-6b58-456c-9715-49208f2a8484@group-8950E1EE4201-SegmentedRaftLogWorker: Starting segment from index:0
om_1        | 2020-09-11 13:51:20,375 [Socket Reader #1 for port 9862] INFO ipc.Server: Auth successful for testuser/om@EXAMPLE.COM (auth:KERBEROS)
kms_1       | Sep 11, 2020 1:51:56 PM com.sun.jersey.server.wadl.generators.AbstractWadlGeneratorGrammarGenerator attachTypes
nm_1        | 2020-09-11 13:52:12 INFO  AuxServices:350 - Got event APPLICATION_INIT for appId application_1599832184025_0001
kdc_1       | Sep 11 13:49:09 kdc kadmind[13](info): closing down fd 18
scm_1       | 2020-09-11 13:50:11,475 [EventQueue-OpenPipelineForHealthyPipelineSafeModeRule] INFO safemode.SCMSafeModeManager: SCM in safe mode. Healthy pipelines reported count is 0, required healthy pipeline reported count is 1
rm_1        | 2020-09-11 13:49:31 INFO  AuthenticationFilter:240 - Unable to initialize FileSignerSecretProvider, falling back to use random secrets.
datanode_2  | 2020-09-11 13:50:17,287 [a3adab67-6b58-456c-9715-49208f2a8484@group-8950E1EE4201-SegmentedRaftLogWorker] INFO segmented.SegmentedRaftLogWorker: a3adab67-6b58-456c-9715-49208f2a8484@group-8950E1EE4201-SegmentedRaftLogWorker: created new log segment /data/metadata/ratis/f3eb0ac7-3b6c-4ef4-aa84-8950e1ee4201/current/log_inprogress_0
om_1        | 2020-09-11 13:51:24,336 [Socket Reader #1 for port 9862] INFO ipc.Server: Auth successful for testuser/om@EXAMPLE.COM (auth:KERBEROS)
kms_1       | INFO: Couldn't find grammar element for class java.util.Map
nm_1        | 2020-09-11 13:52:12 INFO  AuxServices:354 - Got APPLICATION_INIT for service mapreduce_shuffle
kdc_1       | Sep 11 13:49:09 kdc kadmind[13](Notice): Request: kadm5_init, admin/admin@EXAMPLE.COM, success, client=admin/admin@EXAMPLE.COM, service=kadmin/admin@EXAMPLE.COM, addr=127.0.0.1, vers=4, flavor=6
scm_1       | 2020-09-11 13:50:15,589 [Socket Reader #1 for port 9961] INFO ipc.Server: Auth successful for HTTP/scm@EXAMPLE.COM (auth:KERBEROS)
rm_1        | 2020-09-11 13:49:31 INFO  HttpRequestLog:81 - Http request log for http.requests.resourcemanager is not defined
datanode_2  | 2020-09-11 13:50:59,888 [ChunkWriter-9-0] INFO client.DNCertificateClient: Getting certificate with certSerialId:3863807018211.
om_1        | 2020-09-11 13:51:38,107 [Socket Reader #1 for port 9862] INFO ipc.Server: Auth successful for hadoop/rm@EXAMPLE.COM (auth:KERBEROS)
kms_1       | Sep 11, 2020 1:51:56 PM com.sun.jersey.server.wadl.generators.AbstractWadlGeneratorGrammarGenerator attachTypes
nm_1        | 2020-09-11 13:52:12 INFO  ShuffleHandler:719 - Added token for job_1599832184025_0001
kdc_1       | Sep 11 13:49:09 kdc kadmind[13](Notice): Request: kadm5_get_policy, default, Policy does not exist, client=admin/admin@EXAMPLE.COM, service=kadmin/admin@EXAMPLE.COM, addr=127.0.0.1
scm_1       | 2020-09-11 13:50:15,902 [Socket Reader #1 for port 9860] INFO ipc.Server: Auth successful for HTTP/scm@EXAMPLE.COM (auth:KERBEROS)
rm_1        | 2020-09-11 13:49:31 INFO  HttpServer2:975 - Added global filter 'safety' (class=org.apache.hadoop.http.HttpServer2$QuotingInputFilter)
datanode_2  | 2020-09-11 13:51:00,469 [Datanode State Machine Thread - 0] WARN statemachine.DatanodeStateMachine: Interrupt the execution.
om_1        | 2020-09-11 13:51:42,621 [Socket Reader #1 for port 9862] INFO ipc.Server: Auth successful for hadoop/rm@EXAMPLE.COM (auth:KERBEROS)
kms_1       | INFO: Couldn't find grammar element for class javax.ws.rs.core.Response
nm_1        | 2020-09-11 13:52:12 INFO  ContainerImpl:2112 - Container container_1599832184025_0001_01_000003 transitioned from LOCALIZING to SCHEDULED
kdc_1       | Sep 11 13:49:09 kdc kadmind[13](Notice): Request: kadm5_create_principal, HTTP/rm@EXAMPLE.COM, success, client=admin/admin@EXAMPLE.COM, service=kadmin/admin@EXAMPLE.COM, addr=127.0.0.1
scm_1       | 2020-09-11 13:50:17,022 [EventQueue-PipelineReportForPipelineReportHandler] INFO pipeline.PipelineStateManager: Pipeline Pipeline[ Id: f3eb0ac7-3b6c-4ef4-aa84-8950e1ee4201, Nodes: ff7850c7-e9e6-49d7-9a44-8ae3b26988e1{ip: 172.25.0.11, host: ozonesecure-mr_datanode_3.ozone, networkLocation: /default-rack, certSerialId: null}a61dbadd-145b-4ccd-ba28-cd7ec4c15b53{ip: 172.25.0.10, host: ozonesecure-mr_datanode_1.ozone, networkLocation: /default-rack, certSerialId: null}a3adab67-6b58-456c-9715-49208f2a8484{ip: 172.25.0.12, host: ozonesecure-mr_datanode_2.ozone, networkLocation: /default-rack, certSerialId: null}, Type:RATIS, Factor:THREE, State:ALLOCATED, leaderId:ff7850c7-e9e6-49d7-9a44-8ae3b26988e1, CreationTimestamp2020-09-11T13:50:07.180419Z] moved to OPEN state
rm_1        | 2020-09-11 13:49:31 INFO  HttpServer2:948 - Added filter static_user_filter (class=org.apache.hadoop.http.lib.StaticUserWebFilter$StaticUserFilter) to context cluster
datanode_2  | java.lang.InterruptedException: sleep interrupted
om_1        | 2020-09-11 13:51:50,440 [Socket Reader #1 for port 9862] INFO ipc.Server: Auth successful for hadoop/rm@EXAMPLE.COM (auth:KERBEROS)
kms_1       | Sep 11, 2020 1:51:56 PM com.sun.jersey.server.wadl.generators.AbstractWadlGeneratorGrammarGenerator attachTypes
nm_1        | 2020-09-11 13:52:12 INFO  ContainerScheduler:541 - Starting container [container_1599832184025_0001_01_000003]
kdc_1       | Sep 11 13:49:09 kdc kadmind[13](info): closing down fd 18
scm_1       | 2020-09-11 13:50:17,023 [EventQueue-OpenPipelineForOneReplicaPipelineSafeModeRule] INFO safemode.SCMSafeModeManager: AtleastOneDatanodeReportedRule rule is successfully validated
rm_1        | 2020-09-11 13:49:31 INFO  HttpServer2:958 - Added filter static_user_filter (class=org.apache.hadoop.http.lib.StaticUserWebFilter$StaticUserFilter) to context static
datanode_2  | 	at java.base/java.lang.Thread.sleep(Native Method)
om_1        | 2020-09-11 13:51:53,065 [Socket Reader #1 for port 9862] INFO ipc.Server: Auth successful for hadoop/rm@EXAMPLE.COM (auth:KERBEROS)
kms_1       | INFO: Couldn't find grammar element for class java.util.Map
nm_1        | 2020-09-11 13:52:12 INFO  NMAuditLogger:94 - USER=hadoop	IP=172.25.0.6	OPERATION=Start Container Request	TARGET=ContainerManageImpl	RESULT=SUCCESS	APPID=application_1599832184025_0001	CONTAINERID=container_1599832184025_0001_01_000003
kdc_1       | Sep 11 13:49:09 kdc kadmind[13](Notice): Request: kadm5_init, admin/admin@EXAMPLE.COM, success, client=admin/admin@EXAMPLE.COM, service=kadmin/admin@EXAMPLE.COM, addr=127.0.0.1, vers=4, flavor=6
scm_1       | 2020-09-11 13:50:17,023 [EventQueue-OpenPipelineForHealthyPipelineSafeModeRule] INFO safemode.SCMSafeModeManager: SCM in safe mode. Healthy pipelines reported count is 1, required healthy pipeline reported count is 1
rm_1        | 2020-09-11 13:49:31 INFO  HttpServer2:958 - Added filter static_user_filter (class=org.apache.hadoop.http.lib.StaticUserWebFilter$StaticUserFilter) to context logs
datanode_2  | 	at org.apache.hadoop.ozone.container.common.statemachine.DatanodeStateMachine.start(DatanodeStateMachine.java:243)
om_1        | 2020-09-11 13:51:54,654 [Socket Reader #1 for port 9862] INFO ipc.Server: Auth successful for hadoop/rm@EXAMPLE.COM (auth:KERBEROS)
kms_1       | Sep 11, 2020 1:51:56 PM com.sun.jersey.server.wadl.generators.AbstractWadlGeneratorGrammarGenerator attachTypes
nm_1        | 2020-09-11 13:52:12 INFO  ContainerImpl:2112 - Container container_1599832184025_0001_01_000003 transitioned from SCHEDULED to RUNNING
kdc_1       | Sep 11 13:49:09 kdc kadmind[13](Notice): Request: kadm5_randkey_principal, HTTP/rm@EXAMPLE.COM, success, client=admin/admin@EXAMPLE.COM, service=kadmin/admin@EXAMPLE.COM, addr=127.0.0.1
scm_1       | 2020-09-11 13:50:17,024 [EventQueue-OpenPipelineForHealthyPipelineSafeModeRule] INFO safemode.SCMSafeModeManager: HealthyPipelineSafeModeRule rule is successfully validated
rm_1        | 2020-09-11 13:49:31 INFO  HttpServer2:613 - adding path spec: /cluster/*
datanode_2  | 	at org.apache.hadoop.ozone.container.common.statemachine.DatanodeStateMachine.lambda$startDaemon$0(DatanodeStateMachine.java:405)
om_1        | 2020-09-11 13:51:54,710 [Socket Reader #1 for port 9862] INFO ipc.Server: Auth successful for hadoop/rm@EXAMPLE.COM (auth:KERBEROS)
kms_1       | INFO: Couldn't find grammar element for class java.util.Map
nm_1        | 2020-09-11 13:52:12 INFO  ContainersMonitorImpl:1013 - Starting resource-monitoring for container_1599832184025_0001_01_000003
kdc_1       | Sep 11 13:49:09 kdc kadmind[13](Notice): Request: kadm5_get_principal, HTTP/rm@EXAMPLE.COM, success, client=admin/admin@EXAMPLE.COM, service=kadmin/admin@EXAMPLE.COM, addr=127.0.0.1
scm_1       | 2020-09-11 13:50:17,024 [EventQueue-OpenPipelineForHealthyPipelineSafeModeRule] INFO safemode.SCMSafeModeManager: ScmSafeModeManager, all rules are successfully validated
rm_1        | 2020-09-11 13:49:31 INFO  HttpServer2:613 - adding path spec: /ws/*
datanode_2  | 	at java.base/java.lang.Thread.run(Thread.java:834)
om_1        | 2020-09-11 13:51:58,708 [Socket Reader #1 for port 9862] INFO ipc.Server: Auth successful for nm/nm@EXAMPLE.COM (auth:KERBEROS)
kms_1       | Sep 11, 2020 1:51:56 PM com.sun.jersey.server.wadl.generators.AbstractWadlGeneratorGrammarGenerator attachTypes
nm_1        | 2020-09-11 13:52:12 INFO  DefaultContainerExecutor:370 - launchContainer: [bash, /tmp/hadoop-hadoop/nm-local-dir/usercache/hadoop/appcache/application_1599832184025_0001/container_1599832184025_0001_01_000003/default_container_executor.sh]
kdc_1       | Sep 11 13:49:10 kdc kadmind[13](info): closing down fd 18
kdc_1       | Sep 11 13:49:10 kdc kadmind[13](Notice): Request: kadm5_init, admin/admin@EXAMPLE.COM, success, client=admin/admin@EXAMPLE.COM, service=kadmin/admin@EXAMPLE.COM, addr=127.0.0.1, vers=4, flavor=6
rm_1        | 2020-09-11 13:49:31 INFO  HttpServer2:613 - adding path spec: /app/*
om_1        | 2020-09-11 13:51:58,951 [IPC Server handler 26 on default port 9862] INFO volume.OMVolumeCreateRequest: created volume:tmp for user:nm/nm@EXAMPLE.COM
om_1        | 2020-09-11 13:51:59,078 [Socket Reader #1 for port 9862] INFO ipc.Server: Auth successful for hadoop/rm@EXAMPLE.COM (auth:TOKEN)
om_1        | 2020-09-11 13:51:59,333 [Socket Reader #1 for port 9862] INFO ipc.Server: Auth successful for hadoop/rm@EXAMPLE.COM (auth:TOKEN)
kdc_1       | Sep 11 13:49:10 kdc kadmind[13](Notice): Request: kadm5_get_policy, default, Policy does not exist, client=admin/admin@EXAMPLE.COM, service=kadmin/admin@EXAMPLE.COM, addr=127.0.0.1
scm_1       | 2020-09-11 13:50:17,024 [EventQueue-OpenPipelineForHealthyPipelineSafeModeRule] INFO safemode.SCMSafeModeManager: SCM exiting safe mode.
nm_1        | 2020-09-11 13:52:13 INFO  Server:1849 - Auth successful for appattempt_1599832184025_0001_000001 (auth:SIMPLE)
rm_1        | 2020-09-11 13:49:35 INFO  WebApps:395 - Registered webapp guice modules
om_1        | 2020-09-11 13:52:03,211 [Socket Reader #1 for port 9862] INFO ipc.Server: Auth successful for hadoop/rm@EXAMPLE.COM (auth:TOKEN)
kms_1       | INFO: Couldn't find grammar element for class javax.ws.rs.core.Response
kms_1       | Sep 11, 2020 1:51:56 PM com.sun.jersey.server.wadl.generators.AbstractWadlGeneratorGrammarGenerator attachTypes
scm_1       | 2020-09-11 13:50:23,258 [Socket Reader #1 for port 9961] INFO ipc.Server: Auth successful for HTTP/scm@EXAMPLE.COM (auth:KERBEROS)
nm_1        | 2020-09-11 13:52:13 INFO  ContainerManagerImpl:1070 - Start request for container_1599832184025_0001_01_000004 by user hadoop
rm_1        | 2020-09-11 13:49:35 INFO  HttpServer2:1191 - Jetty bound to port 8088
om_1        | 2020-09-11 13:52:03,677 [Socket Reader #1 for port 9862] INFO ipc.Server: Auth successful for hadoop/rm@EXAMPLE.COM (auth:TOKEN)
kms_1       | INFO: Couldn't find grammar element for class javax.ws.rs.core.Response
kdc_1       | Sep 11 13:49:10 kdc kadmind[13](Notice): Request: kadm5_create_principal, HTTP/33ddc27b02e5@EXAMPLE.COM, success, client=admin/admin@EXAMPLE.COM, service=kadmin/admin@EXAMPLE.COM, addr=127.0.0.1
scm_1       | 2020-09-11 13:50:23,422 [Socket Reader #1 for port 9860] INFO ipc.Server: Auth successful for HTTP/scm@EXAMPLE.COM (auth:KERBEROS)
nm_1        | 2020-09-11 13:52:13 INFO  ApplicationImpl:463 - Adding container_1599832184025_0001_01_000004 to application application_1599832184025_0001
rm_1        | 2020-09-11 13:49:35 INFO  Server:351 - jetty-9.3.24.v20180605, build timestamp: 2018-06-05T17:11:56Z, git hash: 84205aa28f11a4f31f2a3b86d1bba2cc8ab69827
om_1        | 2020-09-11 13:52:03,723 [Socket Reader #1 for port 9862] INFO ipc.Server: Auth successful for hadoop/rm@EXAMPLE.COM (auth:TOKEN)
kms_1       | Sep 11, 2020 1:51:56 PM com.sun.jersey.server.wadl.generators.AbstractWadlGeneratorGrammarGenerator attachTypes
kdc_1       | Sep 11 13:49:10 kdc kadmind[13](info): closing down fd 18
scm_1       | 2020-09-11 13:50:46,343 [Socket Reader #1 for port 9861] INFO ipc.Server: Auth successful for dn/8b9ed9881f2a@EXAMPLE.COM (auth:KERBEROS)
nm_1        | 2020-09-11 13:52:13 INFO  NMAuditLogger:94 - USER=hadoop	IP=172.25.0.6	OPERATION=Start Container Request	TARGET=ContainerManageImpl	RESULT=SUCCESS	APPID=application_1599832184025_0001	CONTAINERID=container_1599832184025_0001_01_000004
rm_1        | 2020-09-11 13:49:36 INFO  ContextHandler:781 - Started o.e.j.s.ServletContextHandler@3234f74e{/logs,file:///opt/hadoop/logs/,AVAILABLE}
om_1        | 2020-09-11 13:52:03,775 [Socket Reader #1 for port 9862] INFO ipc.Server: Auth successful for hadoop/rm@EXAMPLE.COM (auth:TOKEN)
kms_1       | INFO: Couldn't find grammar element for class java.util.Map
kdc_1       | Sep 11 13:49:10 kdc kadmind[13](Notice): Request: kadm5_init, admin/admin@EXAMPLE.COM, success, client=admin/admin@EXAMPLE.COM, service=kadmin/admin@EXAMPLE.COM, addr=127.0.0.1, vers=4, flavor=6
scm_1       | 2020-09-11 13:50:46,648 [Socket Reader #1 for port 9861] INFO ipc.Server: Auth successful for dn/33ddc27b02e5@EXAMPLE.COM (auth:KERBEROS)
nm_1        | 2020-09-11 13:52:13 INFO  ContainerImpl:2112 - Container container_1599832184025_0001_01_000004 transitioned from NEW to LOCALIZING
rm_1        | 2020-09-11 13:49:36 INFO  ContextHandler:781 - Started o.e.j.s.ServletContextHandler@557a1e2d{/static,jar:file:/opt/hadoop/share/hadoop/yarn/hadoop-yarn-common-3.2.0.jar!/webapps/static,AVAILABLE}
om_1        | 2020-09-11 13:52:03,819 [Socket Reader #1 for port 9862] INFO ipc.Server: Auth successful for hadoop/rm@EXAMPLE.COM (auth:TOKEN)
kms_1       | Sep 11, 2020 1:51:56 PM com.sun.jersey.server.wadl.generators.AbstractWadlGeneratorGrammarGenerator attachTypes
kdc_1       | Sep 11 13:49:10 kdc kadmind[13](Notice): Request: kadm5_randkey_principal, HTTP/33ddc27b02e5@EXAMPLE.COM, success, client=admin/admin@EXAMPLE.COM, service=kadmin/admin@EXAMPLE.COM, addr=127.0.0.1
scm_1       | 2020-09-11 13:50:47,068 [Socket Reader #1 for port 9861] INFO ipc.Server: Auth successful for dn/7a39d6495861@EXAMPLE.COM (auth:KERBEROS)
nm_1        | 2020-09-11 13:52:13 INFO  AuxServices:350 - Got event CONTAINER_INIT for appId application_1599832184025_0001
rm_1        | Sep 11, 2020 1:49:37 PM com.sun.jersey.guice.spi.container.GuiceComponentProviderFactory register
om_1        | 2020-09-11 13:52:03,867 [Socket Reader #1 for port 9862] INFO ipc.Server: Auth successful for hadoop/rm@EXAMPLE.COM (auth:TOKEN)
kms_1       | INFO: Couldn't find grammar element for class java.util.Map
kdc_1       | Sep 11 13:49:10 kdc kadmind[13](Notice): Request: kadm5_get_principal, HTTP/33ddc27b02e5@EXAMPLE.COM, success, client=admin/admin@EXAMPLE.COM, service=kadmin/admin@EXAMPLE.COM, addr=127.0.0.1
scm_1       | 2020-09-11 13:50:56,818 [Socket Reader #1 for port 9863] INFO ipc.Server: Auth successful for om/om@EXAMPLE.COM (auth:KERBEROS)
nm_1        | 2020-09-11 13:52:13 INFO  AuxServices:350 - Got event APPLICATION_INIT for appId application_1599832184025_0001
rm_1        | INFO: Registering org.apache.hadoop.yarn.server.resourcemanager.webapp.JAXBContextResolver as a provider class
om_1        | 2020-09-11 13:52:03,904 [IPC Server handler 32 on default port 9862] INFO volume.OMVolumeCreateRequest: created volume:user for user:hadoop
om_1        | 2020-09-11 13:52:03,975 [Socket Reader #1 for port 9862] INFO ipc.Server: Auth successful for hadoop/rm@EXAMPLE.COM (auth:TOKEN)
om_1        | 2020-09-11 13:52:04,061 [Socket Reader #1 for port 9862] INFO ipc.Server: Auth successful for hadoop/rm@EXAMPLE.COM (auth:TOKEN)
kdc_1       | Sep 11 13:49:10 kdc kadmind[13](info): closing down fd 18
nm_1        | 2020-09-11 13:52:13 INFO  AuxServices:354 - Got APPLICATION_INIT for service mapreduce_shuffle
rm_1        | Sep 11, 2020 1:49:37 PM com.sun.jersey.guice.spi.container.GuiceComponentProviderFactory register
kms_1       | Sep 11, 2020 1:51:56 PM com.sun.jersey.server.wadl.generators.AbstractWadlGeneratorGrammarGenerator attachTypes
kms_1       | INFO: Couldn't find grammar element for class javax.ws.rs.core.Response
scm_1       | 2020-09-11 13:50:59,671 [Socket Reader #1 for port 9961] INFO ipc.Server: Auth successful for dn/7a39d6495861@EXAMPLE.COM (auth:KERBEROS)
kdc_1       | Sep 11 13:49:10 kdc kadmind[13](Notice): Request: kadm5_init, admin/admin@EXAMPLE.COM, success, client=admin/admin@EXAMPLE.COM, service=kadmin/admin@EXAMPLE.COM, addr=127.0.0.1, vers=4, flavor=6
nm_1        | 2020-09-11 13:52:13 INFO  ShuffleHandler:719 - Added token for job_1599832184025_0001
rm_1        | INFO: Registering org.apache.hadoop.yarn.server.resourcemanager.webapp.RMWebServices as a root resource class
kms_1       | Sep 11, 2020 1:52:36 PM com.sun.jersey.server.wadl.generators.WadlGeneratorJAXBGrammarGenerator buildModelAndSchemas
om_1        | 2020-09-11 13:52:16,179 [Socket Reader #1 for port 9862] INFO ipc.Server: Auth successful for hadoop/rm@EXAMPLE.COM (auth:TOKEN)
scm_1       | 2020-09-11 13:50:59,944 [Socket Reader #1 for port 9961] INFO ipc.Server: Auth successful for dn/8b9ed9881f2a@EXAMPLE.COM (auth:KERBEROS)
kdc_1       | Sep 11 13:49:10 kdc kadmind[13](Notice): Request: kadm5_get_policy, default, Policy does not exist, client=admin/admin@EXAMPLE.COM, service=kadmin/admin@EXAMPLE.COM, addr=127.0.0.1
nm_1        | 2020-09-11 13:52:13 INFO  ContainerImpl:2112 - Container container_1599832184025_0001_01_000004 transitioned from LOCALIZING to SCHEDULED
rm_1        | Sep 11, 2020 1:49:37 PM com.sun.jersey.guice.spi.container.GuiceComponentProviderFactory register
kms_1       | SEVERE: Failed to generate the schema for the JAX-B elements
scm_1       | 2020-09-11 13:51:00,022 [Socket Reader #1 for port 9961] INFO ipc.Server: Auth successful for dn/33ddc27b02e5@EXAMPLE.COM (auth:KERBEROS)
om_1        | 2020-09-11 13:52:18,332 [Socket Reader #1 for port 9862] INFO ipc.Server: Auth successful for hadoop/rm@EXAMPLE.COM (auth:TOKEN)
kdc_1       | Sep 11 13:49:10 kdc kadmind[13](Notice): Request: kadm5_create_principal, HTTP/jhs@EXAMPLE.COM, success, client=admin/admin@EXAMPLE.COM, service=kadmin/admin@EXAMPLE.COM, addr=127.0.0.1
nm_1        | 2020-09-11 13:52:13 INFO  ContainerScheduler:541 - Starting container [container_1599832184025_0001_01_000004]
rm_1        | INFO: Registering org.apache.hadoop.yarn.webapp.GenericExceptionHandler as a provider class
kms_1       | com.sun.xml.bind.v2.runtime.IllegalAnnotationsException: 2 counts of IllegalAnnotationExceptions
scm_1       | 2020-09-11 13:51:00,275 [Socket Reader #1 for port 9861] INFO ipc.Server: Auth successful for dn/7a39d6495861@EXAMPLE.COM (auth:KERBEROS)
om_1        | 2020-09-11 13:52:19,805 [Socket Reader #1 for port 9862] INFO ipc.Server: Auth successful for hadoop/rm@EXAMPLE.COM (auth:TOKEN)
kdc_1       | Sep 11 13:49:10 kdc kadmind[13](info): closing down fd 18
nm_1        | 2020-09-11 13:52:13 INFO  ContainerImpl:2112 - Container container_1599832184025_0001_01_000004 transitioned from SCHEDULED to RUNNING
rm_1        | Sep 11, 2020 1:49:37 PM com.sun.jersey.server.impl.application.WebApplicationImpl _initiate
kms_1       | java.util.Map is an interface, and JAXB can't handle interfaces.
scm_1       | 2020-09-11 13:51:00,500 [Socket Reader #1 for port 9861] INFO ipc.Server: Auth successful for dn/8b9ed9881f2a@EXAMPLE.COM (auth:KERBEROS)
om_1        | 2020-09-11 13:52:25,534 [Socket Reader #1 for port 9862] INFO ipc.Server: Auth successful for hadoop/rm@EXAMPLE.COM (auth:TOKEN)
kdc_1       | Sep 11 13:49:10 kdc kadmind[13](Notice): Request: kadm5_init, admin/admin@EXAMPLE.COM, success, client=admin/admin@EXAMPLE.COM, service=kadmin/admin@EXAMPLE.COM, addr=127.0.0.1, vers=4, flavor=6
nm_1        | 2020-09-11 13:52:13 INFO  ContainersMonitorImpl:1013 - Starting resource-monitoring for container_1599832184025_0001_01_000004
kms_1       | 	this problem is related to the following location:
scm_1       | 2020-09-11 13:51:00,768 [Socket Reader #1 for port 9861] INFO ipc.Server: Auth successful for dn/33ddc27b02e5@EXAMPLE.COM (auth:KERBEROS)
om_1        | 2020-09-11 13:52:30,228 [Socket Reader #1 for port 9862] INFO ipc.Server: Auth successful for hadoop/rm@EXAMPLE.COM (auth:TOKEN)
kdc_1       | Sep 11 13:49:10 kdc kadmind[13](Notice): Request: kadm5_randkey_principal, HTTP/jhs@EXAMPLE.COM, success, client=admin/admin@EXAMPLE.COM, service=kadmin/admin@EXAMPLE.COM, addr=127.0.0.1
nm_1        | 2020-09-11 13:52:13 INFO  DefaultContainerExecutor:370 - launchContainer: [bash, /tmp/hadoop-hadoop/nm-local-dir/usercache/hadoop/appcache/application_1599832184025_0001/container_1599832184025_0001_01_000004/default_container_executor.sh]
rm_1        | INFO: Initiating Jersey application, version 'Jersey: 1.19 02/11/2015 03:25 AM'
scm_1       | 2020-09-11 13:51:30,301 [Socket Reader #1 for port 9861] INFO ipc.Server: Auth successful for dn/7a39d6495861@EXAMPLE.COM (auth:KERBEROS)
om_1        | 2020-09-11 13:52:30,534 [Socket Reader #1 for port 9862] INFO ipc.Server: Auth successful for hadoop/rm@EXAMPLE.COM (auth:TOKEN)
kdc_1       | Sep 11 13:49:10 kdc kadmind[13](Notice): Request: kadm5_get_principal, HTTP/jhs@EXAMPLE.COM, success, client=admin/admin@EXAMPLE.COM, service=kadmin/admin@EXAMPLE.COM, addr=127.0.0.1
nm_1        | 2020-09-11 13:52:14 INFO  ContainersMonitorImpl:615 - container_1599832184025_0001_01_000004's ip = 172.25.0.6, and hostname = nm
kms_1       | 		at java.util.Map
rm_1        | Sep 11, 2020 1:49:38 PM com.sun.jersey.guice.spi.container.GuiceComponentProviderFactory getComponentProvider
scm_1       | 2020-09-11 13:51:30,489 [Socket Reader #1 for port 9861] INFO ipc.Server: Auth successful for dn/8b9ed9881f2a@EXAMPLE.COM (auth:KERBEROS)
scm_1       | 2020-09-11 13:51:30,756 [Socket Reader #1 for port 9861] INFO ipc.Server: Auth successful for dn/33ddc27b02e5@EXAMPLE.COM (auth:KERBEROS)
kdc_1       | Sep 11 13:49:10 kdc kadmind[13](info): closing down fd 18
nm_1        | 2020-09-11 13:52:14 INFO  ContainersMonitorImpl:615 - container_1599832184025_0001_01_000002's ip = 172.25.0.6, and hostname = nm
kms_1       | java.util.Map does not have a no-arg default constructor.
rm_1        | INFO: Binding org.apache.hadoop.yarn.server.resourcemanager.webapp.JAXBContextResolver to GuiceManagedComponentProvider with the scope "Singleton"
scm_1       | 2020-09-11 13:51:38,526 [Socket Reader #1 for port 9863] INFO ipc.Server: Auth successful for om/om@EXAMPLE.COM (auth:KERBEROS)
scm_1       | 2020-09-11 13:51:40,124 [Socket Reader #1 for port 9860] INFO ipc.Server: Auth successful for om/om@EXAMPLE.COM (auth:KERBEROS)
kdc_1       | Sep 11 13:49:10 kdc kadmind[13](Notice): Request: kadm5_init, admin/admin@EXAMPLE.COM, success, client=admin/admin@EXAMPLE.COM, service=kadmin/admin@EXAMPLE.COM, addr=127.0.0.1, vers=4, flavor=6
nm_1        | 2020-09-11 13:52:14 INFO  ContainersMonitorImpl:615 - container_1599832184025_0001_01_000003's ip = 172.25.0.6, and hostname = nm
kms_1       | 	this problem is related to the following location:
scm_1       | 2020-09-11 13:51:50,848 [Socket Reader #1 for port 9863] INFO ipc.Server: Auth successful for om/om@EXAMPLE.COM (auth:KERBEROS)
om_1        | 2020-09-11 13:52:32,629 [Socket Reader #1 for port 9862] INFO ipc.Server: Auth successful for hadoop/rm@EXAMPLE.COM (auth:KERBEROS)
rm_1        | Sep 11, 2020 1:49:41 PM com.sun.jersey.guice.spi.container.GuiceComponentProviderFactory getComponentProvider
kdc_1       | Sep 11 13:49:10 kdc kadmind[13](Notice): Request: kadm5_get_policy, default, Policy does not exist, client=admin/admin@EXAMPLE.COM, service=kadmin/admin@EXAMPLE.COM, addr=127.0.0.1
nm_1        | 2020-09-11 13:52:17 INFO  ContainersMonitorImpl:516 - Skipping monitoring container container_1599832184025_0001_01_000004 since CPU usage is not yet available.
kms_1       | 		at java.util.Map
scm_1       | 2020-09-11 13:51:53,911 [Socket Reader #1 for port 9860] INFO ipc.Server: Auth successful for om/om@EXAMPLE.COM (auth:KERBEROS)
om_1        | 2020-09-11 13:52:35,172 [Socket Reader #1 for port 9862] INFO ipc.Server: Auth successful for hadoop/rm@EXAMPLE.COM (auth:KERBEROS)
rm_1        | INFO: Binding org.apache.hadoop.yarn.webapp.GenericExceptionHandler to GuiceManagedComponentProvider with the scope "Singleton"
kdc_1       | Sep 11 13:49:10 kdc kadmind[13](Notice): Request: kadm5_create_principal, HTTP/7a39d6495861@EXAMPLE.COM, success, client=admin/admin@EXAMPLE.COM, service=kadmin/admin@EXAMPLE.COM, addr=127.0.0.1
nm_1        | 2020-09-11 13:52:17 INFO  ContainersMonitorImpl:516 - Skipping monitoring container container_1599832184025_0001_01_000002 since CPU usage is not yet available.
kms_1       | 
kms_1       | 	at com.sun.xml.bind.v2.runtime.IllegalAnnotationsException$Builder.check(IllegalAnnotationsException.java:106)
om_1        | 2020-09-11 13:52:35,995 [Socket Reader #1 for port 9862] INFO ipc.Server: Auth successful for hadoop/rm@EXAMPLE.COM (auth:KERBEROS)
rm_1        | Sep 11, 2020 1:49:43 PM com.sun.jersey.guice.spi.container.GuiceComponentProviderFactory getComponentProvider
kdc_1       | Sep 11 13:49:10 kdc kadmind[13](info): closing down fd 18
nm_1        | 2020-09-11 13:52:17 INFO  ContainersMonitorImpl:516 - Skipping monitoring container container_1599832184025_0001_01_000003 since CPU usage is not yet available.
kms_1       | 	at com.sun.xml.bind.v2.runtime.JAXBContextImpl.getTypeInfoSet(JAXBContextImpl.java:489)
scm_1       | 2020-09-11 13:52:00,277 [Socket Reader #1 for port 9861] INFO ipc.Server: Auth successful for dn/7a39d6495861@EXAMPLE.COM (auth:KERBEROS)
om_1        | 2020-09-11 13:52:39,004 [Socket Reader #1 for port 9862] INFO ipc.Server: Auth successful for hadoop/rm@EXAMPLE.COM (auth:TOKEN)
rm_1        | INFO: Binding org.apache.hadoop.yarn.server.resourcemanager.webapp.RMWebServices to GuiceManagedComponentProvider with the scope "Singleton"
kdc_1       | Sep 11 13:49:10 kdc kadmind[13](Notice): Request: kadm5_init, admin/admin@EXAMPLE.COM, success, client=admin/admin@EXAMPLE.COM, service=kadmin/admin@EXAMPLE.COM, addr=127.0.0.1, vers=4, flavor=6
nm_1        | 2020-09-11 13:52:20 INFO  ContainerLaunch:595 - Container container_1599832184025_0001_01_000002 succeeded 
kms_1       | 	at com.sun.xml.bind.v2.runtime.JAXBContextImpl.<init>(JAXBContextImpl.java:319)
scm_1       | 2020-09-11 13:52:00,496 [Socket Reader #1 for port 9861] INFO ipc.Server: Auth successful for dn/8b9ed9881f2a@EXAMPLE.COM (auth:KERBEROS)
om_1        | 2020-09-11 13:52:39,122 [Socket Reader #1 for port 9862] INFO ipc.Server: Auth successful for hadoop/rm@EXAMPLE.COM (auth:KERBEROS)
rm_1        | 2020-09-11 13:49:43 INFO  ContextHandler:781 - Started o.e.j.w.WebAppContext@64524dd{/,file:///tmp/jetty-rm-8088-cluster-_-any-2165222838257957144.dir/webapp/,AVAILABLE}{/cluster}
kdc_1       | Sep 11 13:49:10 kdc kadmind[13](Notice): Request: kadm5_randkey_principal, HTTP/7a39d6495861@EXAMPLE.COM, success, client=admin/admin@EXAMPLE.COM, service=kadmin/admin@EXAMPLE.COM, addr=127.0.0.1
nm_1        | 2020-09-11 13:52:20 INFO  ContainerImpl:2112 - Container container_1599832184025_0001_01_000002 transitioned from RUNNING to EXITED_WITH_SUCCESS
kms_1       | 	at com.sun.xml.bind.v2.runtime.JAXBContextImpl$JAXBContextBuilder.build(JAXBContextImpl.java:1170)
kms_1       | 	at com.sun.xml.bind.v2.ContextFactory.createContext(ContextFactory.java:145)
kms_1       | 	at sun.reflect.NativeMethodAccessorImpl.invoke0(Native Method)
kms_1       | 	at sun.reflect.NativeMethodAccessorImpl.invoke(NativeMethodAccessorImpl.java:62)
kdc_1       | Sep 11 13:49:10 kdc kadmind[13](Notice): Request: kadm5_get_principal, HTTP/7a39d6495861@EXAMPLE.COM, success, client=admin/admin@EXAMPLE.COM, service=kadmin/admin@EXAMPLE.COM, addr=127.0.0.1
nm_1        | 2020-09-11 13:52:20 INFO  ContainerCleanup:87 - Cleaning up container container_1599832184025_0001_01_000002
scm_1       | 2020-09-11 13:52:00,772 [Socket Reader #1 for port 9861] INFO ipc.Server: Auth successful for dn/33ddc27b02e5@EXAMPLE.COM (auth:KERBEROS)
scm_1       | 2020-09-11 13:52:07,940 [Socket Reader #1 for port 9863] INFO ipc.Server: Auth successful for om/om@EXAMPLE.COM (auth:KERBEROS)
om_1        | 2020-09-11 13:52:39,189 [Socket Reader #1 for port 9862] INFO ipc.Server: Auth successful for hadoop/rm@EXAMPLE.COM (auth:KERBEROS)
rm_1        | 2020-09-11 13:49:43 INFO  AbstractConnector:278 - Started ServerConnector@3531f3ca{HTTP/1.1,[http/1.1]}{rm:8088}
kdc_1       | Sep 11 13:49:10 kdc kadmind[13](info): closing down fd 18
nm_1        | 2020-09-11 13:52:20 INFO  NMAuditLogger:94 - USER=hadoop	OPERATION=Container Finished - Succeeded	TARGET=ContainerImpl	RESULT=SUCCESS	APPID=application_1599832184025_0001	CONTAINERID=container_1599832184025_0001_01_000002
scm_1       | 2020-09-11 13:52:26,052 [Socket Reader #1 for port 9863] INFO ipc.Server: Auth successful for om/om@EXAMPLE.COM (auth:KERBEROS)
kms_1       | 	at sun.reflect.DelegatingMethodAccessorImpl.invoke(DelegatingMethodAccessorImpl.java:43)
om_1        | 2020-09-11 13:52:40,407 [Socket Reader #1 for port 9862] INFO ipc.Server: Auth successful for hadoop/rm@EXAMPLE.COM (auth:TOKEN)
rm_1        | 2020-09-11 13:49:43 INFO  Server:419 - Started @32117ms
kdc_1       | Sep 11 13:49:10 kdc kadmind[13](Notice): Request: kadm5_init, admin/admin@EXAMPLE.COM, success, client=admin/admin@EXAMPLE.COM, service=kadmin/admin@EXAMPLE.COM, addr=127.0.0.1, vers=4, flavor=6
nm_1        | 2020-09-11 13:52:20 INFO  ContainerImpl:2112 - Container container_1599832184025_0001_01_000002 transitioned from EXITED_WITH_SUCCESS to DONE
scm_1       | 2020-09-11 13:52:30,275 [Socket Reader #1 for port 9861] INFO ipc.Server: Auth successful for dn/7a39d6495861@EXAMPLE.COM (auth:KERBEROS)
kms_1       | 	at java.lang.reflect.Method.invoke(Method.java:498)
om_1        | 2020-09-11 13:52:41,096 [Socket Reader #1 for port 9862] INFO ipc.Server: Auth successful for nm/nm@EXAMPLE.COM (auth:KERBEROS)
rm_1        | 2020-09-11 13:49:43 INFO  WebApps:440 - Web app cluster started at 8088
nm_1        | 2020-09-11 13:52:20 INFO  ApplicationImpl:512 - Removing container_1599832184025_0001_01_000002 from application application_1599832184025_0001
nm_1        | 2020-09-11 13:52:20 INFO  ContainersMonitorImpl:1004 - Stopping resource-monitoring for container_1599832184025_0001_01_000002
scm_1       | 2020-09-11 13:52:30,516 [Socket Reader #1 for port 9861] INFO ipc.Server: Auth successful for dn/8b9ed9881f2a@EXAMPLE.COM (auth:KERBEROS)
kms_1       | 	at javax.xml.bind.ContextFinder.newInstance(ContextFinder.java:247)
om_1        | 2020-09-11 13:52:41,179 [Socket Reader #1 for port 9862] INFO ipc.Server: Auth successful for hadoop/rm@EXAMPLE.COM (auth:TOKEN)
rm_1        | 2020-09-11 13:49:43 INFO  CallQueueManager:84 - Using callQueue: class java.util.concurrent.LinkedBlockingQueue, queueCapacity: 100, scheduler: class org.apache.hadoop.ipc.DefaultRpcScheduler, ipcBackoff: false.
nm_1        | 2020-09-11 13:52:20 INFO  AppLogAggregatorImpl:539 - Considering container container_1599832184025_0001_01_000002 for log-aggregation
kdc_1       | Sep 11 13:49:10 kdc kadmind[13](Notice): Request: kadm5_get_policy, default, Policy does not exist, client=admin/admin@EXAMPLE.COM, service=kadmin/admin@EXAMPLE.COM, addr=127.0.0.1
scm_1       | 2020-09-11 13:52:30,757 [Socket Reader #1 for port 9861] INFO ipc.Server: Auth successful for dn/33ddc27b02e5@EXAMPLE.COM (auth:KERBEROS)
kms_1       | 	at javax.xml.bind.ContextFinder.newInstance(ContextFinder.java:234)
om_1        | 2020-09-11 13:52:41,338 [Socket Reader #1 for port 9862] INFO ipc.Server: Auth successful for hadoop/rm@EXAMPLE.COM (auth:TOKEN)
rm_1        | 2020-09-11 13:49:43 INFO  Server:1074 - Starting Socket Reader #1 for port 8033
nm_1        | 2020-09-11 13:52:20 INFO  AuxServices:350 - Got event CONTAINER_STOP for appId application_1599832184025_0001
kdc_1       | Sep 11 13:49:10 kdc kadmind[13](Notice): Request: kadm5_create_principal, hadoop/rm@EXAMPLE.COM, success, client=admin/admin@EXAMPLE.COM, service=kadmin/admin@EXAMPLE.COM, addr=127.0.0.1
scm_1       | 2020-09-11 13:53:00,262 [Socket Reader #1 for port 9861] INFO ipc.Server: Auth successful for dn/7a39d6495861@EXAMPLE.COM (auth:KERBEROS)
kms_1       | 	at javax.xml.bind.ContextFinder.find(ContextFinder.java:441)
om_1        | 2020-09-11 13:52:43,610 [Socket Reader #1 for port 9862] INFO ipc.Server: Auth successful for hadoop/rm@EXAMPLE.COM (auth:TOKEN)
rm_1        | 2020-09-11 13:49:43 INFO  RpcServerFactoryPBImpl:173 - Adding protocol org.apache.hadoop.yarn.server.api.ResourceManagerAdministrationProtocolPB to the server
nm_1        | 2020-09-11 13:52:21 INFO  DefaultContainerExecutor:634 - Deleting absolute path : /tmp/hadoop-hadoop/nm-local-dir/usercache/hadoop/appcache/application_1599832184025_0001/container_1599832184025_0001_01_000002/launch_container.sh
kdc_1       | Sep 11 13:49:10 kdc kadmind[13](info): closing down fd 18
scm_1       | 2020-09-11 13:53:00,490 [Socket Reader #1 for port 9861] INFO ipc.Server: Auth successful for dn/8b9ed9881f2a@EXAMPLE.COM (auth:KERBEROS)
kms_1       | 	at javax.xml.bind.JAXBContext.newInstance(JAXBContext.java:641)
om_1        | 2020-09-11 13:52:44,041 [Socket Reader #1 for port 9862] INFO ipc.Server: Auth successful for hadoop/rm@EXAMPLE.COM (auth:TOKEN)
rm_1        | 2020-09-11 13:49:43 INFO  Server:1314 - IPC Server Responder: starting
nm_1        | 2020-09-11 13:52:21 INFO  DefaultContainerExecutor:634 - Deleting absolute path : /tmp/hadoop-hadoop/nm-local-dir/usercache/hadoop/appcache/application_1599832184025_0001/container_1599832184025_0001_01_000002/container_tokens
kdc_1       | Sep 11 13:49:10 kdc kadmind[13](Notice): Request: kadm5_init, admin/admin@EXAMPLE.COM, success, client=admin/admin@EXAMPLE.COM, service=kadmin/admin@EXAMPLE.COM, addr=127.0.0.1, vers=4, flavor=6
scm_1       | 2020-09-11 13:53:00,767 [Socket Reader #1 for port 9861] INFO ipc.Server: Auth successful for dn/33ddc27b02e5@EXAMPLE.COM (auth:KERBEROS)
kms_1       | 	at javax.xml.bind.JAXBContext.newInstance(JAXBContext.java:584)
om_1        | 2020-09-11 13:52:44,091 [Socket Reader #1 for port 9862] INFO ipc.Server: Auth successful for hadoop/rm@EXAMPLE.COM (auth:TOKEN)
rm_1        | 2020-09-11 13:49:44 INFO  ResourceManager:1292 - Transitioning to active state
nm_1        | 2020-09-11 13:52:22 INFO  ContainerLaunch:595 - Container container_1599832184025_0001_01_000003 succeeded 
kdc_1       | Sep 11 13:49:10 kdc kadmind[13](Notice): Request: kadm5_randkey_principal, hadoop/rm@EXAMPLE.COM, success, client=admin/admin@EXAMPLE.COM, service=kadmin/admin@EXAMPLE.COM, addr=127.0.0.1
scm_1       | 2020-09-11 13:53:05,360 [Socket Reader #1 for port 9863] INFO ipc.Server: Auth successful for om/om@EXAMPLE.COM (auth:KERBEROS)
om_1        | 2020-09-11 13:52:44,135 [Socket Reader #1 for port 9862] INFO ipc.Server: Auth successful for hadoop/rm@EXAMPLE.COM (auth:TOKEN)
kms_1       | 	at com.sun.jersey.server.wadl.generators.WadlGeneratorJAXBGrammarGenerator.buildModelAndSchemas(WadlGeneratorJAXBGrammarGenerator.java:169)
rm_1        | 2020-09-11 13:49:44 INFO  Server:1153 - IPC Server listener on 8033: starting
nm_1        | 2020-09-11 13:52:22 INFO  ContainerImpl:2112 - Container container_1599832184025_0001_01_000003 transitioned from RUNNING to EXITED_WITH_SUCCESS
kdc_1       | Sep 11 13:49:10 kdc kadmind[13](Notice): Request: kadm5_get_principal, hadoop/rm@EXAMPLE.COM, success, client=admin/admin@EXAMPLE.COM, service=kadmin/admin@EXAMPLE.COM, addr=127.0.0.1
scm_1       | 2020-09-11 13:53:16,037 [IPC Server handler 9 on default port 9863] INFO server.SCMBlockProtocolServer: SCM is informed by OM to delete 31 blocks
om_1        | 2020-09-11 13:52:44,176 [Socket Reader #1 for port 9862] INFO ipc.Server: Auth successful for hadoop/rm@EXAMPLE.COM (auth:TOKEN)
kms_1       | 	at com.sun.jersey.server.wadl.generators.AbstractWadlGeneratorGrammarGenerator.createExternalGrammar(AbstractWadlGeneratorGrammarGenerator.java:405)
rm_1        | 2020-09-11 13:49:44 INFO  RMStateStore:550 - Updating AMRMToken
nm_1        | 2020-09-11 13:52:22 INFO  NMAuditLogger:94 - USER=hadoop	OPERATION=Container Finished - Succeeded	TARGET=ContainerImpl	RESULT=SUCCESS	APPID=application_1599832184025_0001	CONTAINERID=container_1599832184025_0001_01_000003
kdc_1       | Sep 11 13:49:10 kdc kadmind[13](info): closing down fd 18
scm_1       | 2020-09-11 13:53:16,038 [IPC Server handler 9 on default port 9863] INFO block.BlockManagerImpl: Deleting blocks 
om_1        | 2020-09-11 13:52:44,253 [Socket Reader #1 for port 9862] INFO ipc.Server: Auth successful for hadoop/rm@EXAMPLE.COM (auth:TOKEN)
kms_1       | 	at com.sun.jersey.server.wadl.WadlBuilder.generate(WadlBuilder.java:149)
rm_1        | 2020-09-11 13:49:44 INFO  RMContainerTokenSecretManager:109 - Rolling master-key for container-tokens
nm_1        | 2020-09-11 13:52:22 INFO  ContainerCleanup:87 - Cleaning up container container_1599832184025_0001_01_000003
kdc_1       | Sep 11 13:49:10 kdc kadmind[13](Notice): Request: kadm5_init, admin/admin@EXAMPLE.COM, success, client=admin/admin@EXAMPLE.COM, service=kadmin/admin@EXAMPLE.COM, addr=127.0.0.1, vers=4, flavor=6
scm_1       | 2020-09-11 13:53:16,075 [IPC Server handler 9 on default port 9863] INFO block.BlockManagerImpl: Deleting blocks 
om_1        | 2020-09-11 13:52:44,333 [Socket Reader #1 for port 9862] INFO ipc.Server: Auth successful for hadoop/rm@EXAMPLE.COM (auth:TOKEN)
