datanode_3  | 	at java.base/java.util.concurrent.CompletableFuture.uniApplyNow(CompletableFuture.java:670)
datanode_2  | 	at java.base/java.util.concurrent.ThreadPoolExecutor.runWorker(ThreadPoolExecutor.java:1128)
nm_1        | 2020-04-16 00:30:19 INFO  Client:948 - Retrying connect to server: rm/172.23.0.6:8031. Already tried 1 time(s); retry policy is RetryUpToMaximumCountWithFixedSleep(maxRetries=10, sleepTime=1000 MILLISECONDS)
rm_1        | 2020-04-16 00:30:11 INFO  AsyncDispatcher:223 - Registering class org.apache.hadoop.yarn.server.resourcemanager.metrics.AbstractSystemMetricsPublisher$SystemMetricsEventType for class org.apache.hadoop.yarn.server.resourcemanager.metrics.TimelineServiceV1Publisher$TimelineV1EventHandler
scm_1       | 2020-04-16 00:30:36,733 [EventQueue-PipelineReportForPipelineReportHandler] INFO pipeline.PipelineStateManager: Pipeline Pipeline[ Id: 5614d2f7-eff2-4b5e-a221-573fed513605, Nodes: 55563aab-f21f-497f-9c11-d8690cd7002f{ip: 172.23.0.11, host: ozonesecure-mr_datanode_3.ozone, networkLocation: /default-rack, certSerialId: null}, Type:RATIS, Factor:ONE, State:ALLOCATED, leaderId:55563aab-f21f-497f-9c11-d8690cd7002f, CreationTimestamp2020-04-16T00:30:32.906171Z] moved to OPEN state
datanode_1  | 2020-04-16 00:30:36,542 [pool-70-thread-1] INFO server.RaftServerConfigKeys: raft.server.snapshot.auto.trigger.threshold = 10000 (custom)
kdc_1       | Apr 16 00:29:56 kdc kadmind[13](Notice): Request: kadm5_randkey_principal, om/om@EXAMPLE.COM, success, client=admin/admin@EXAMPLE.COM, service=kadmin/admin@EXAMPLE.COM, addr=127.0.0.1
om_1        | 2020-04-16 00:31:22,020 [Socket Reader #1 for port 9862] INFO ipc.Server: Auth successful for nm/nm@EXAMPLE.COM (auth:KERBEROS)
kms_1       | 	at javax.xml.bind.JAXBContext.newInstance(JAXBContext.java:584)
datanode_3  | 	at java.base/java.util.concurrent.CompletableFuture.uniApplyStage(CompletableFuture.java:658)
datanode_2  | 	at java.base/java.util.concurrent.ThreadPoolExecutor$Worker.run(ThreadPoolExecutor.java:628)
nm_1        | 2020-04-16 00:30:20 INFO  Client:948 - Retrying connect to server: rm/172.23.0.6:8031. Already tried 2 time(s); retry policy is RetryUpToMaximumCountWithFixedSleep(maxRetries=10, sleepTime=1000 MILLISECONDS)
rm_1        | 2020-04-16 00:30:11 INFO  AsyncDispatcher:223 - Registering class org.apache.hadoop.yarn.server.resourcemanager.metrics.AbstractSystemMetricsPublisher$SystemMetricsEventType for class org.apache.hadoop.yarn.server.resourcemanager.metrics.TimelineServiceV1Publisher$TimelineV1EventHandler
scm_1       | 2020-04-16 00:30:36,733 [EventQueue-OpenPipelineForOneReplicaPipelineSafeModeRule] INFO safemode.SCMSafeModeManager: AtleastOneDatanodeReportedRule rule is successfully validated
datanode_1  | 2020-04-16 00:30:36,542 [pool-70-thread-1] INFO server.RaftServerConfigKeys: raft.server.snapshot.retention.file.num = 5 (custom)
kdc_1       | Apr 16 00:29:56 kdc kadmind[13](Notice): Request: kadm5_get_principal, om/om@EXAMPLE.COM, success, client=admin/admin@EXAMPLE.COM, service=kadmin/admin@EXAMPLE.COM, addr=127.0.0.1
om_1        | 2020-04-16 00:31:22,260 [Socket Reader #1 for port 9862] INFO ipc.Server: Auth successful for hadoop/rm@EXAMPLE.COM (auth:TOKEN)
kms_1       | 	at com.sun.jersey.server.wadl.generators.WadlGeneratorJAXBGrammarGenerator.buildModelAndSchemas(WadlGeneratorJAXBGrammarGenerator.java:169)
datanode_3  | 	at java.base/java.util.concurrent.CompletableFuture.thenApplyAsync(CompletableFuture.java:2104)
datanode_2  | 	at java.base/java.lang.Thread.run(Thread.java:834)
nm_1        | 2020-04-16 00:30:21 INFO  Client:948 - Retrying connect to server: rm/172.23.0.6:8031. Already tried 3 time(s); retry policy is RetryUpToMaximumCountWithFixedSleep(maxRetries=10, sleepTime=1000 MILLISECONDS)
rm_1        | 2020-04-16 00:30:11 INFO  AsyncDispatcher:223 - Registering class org.apache.hadoop.yarn.server.resourcemanager.metrics.AbstractSystemMetricsPublisher$SystemMetricsEventType for class org.apache.hadoop.yarn.server.resourcemanager.metrics.TimelineServiceV1Publisher$TimelineV1EventHandler
scm_1       | 2020-04-16 00:30:36,736 [EventQueue-OpenPipelineForHealthyPipelineSafeModeRule] INFO safemode.SCMSafeModeManager: SCM in safe mode. Healthy pipelines reported count is 0, required healthy pipeline reported count is 1
datanode_1  | 2020-04-16 00:30:36,555 [pool-70-thread-1] INFO server.RaftServerConfigKeys: raft.server.retrycache.expirytime = 600000ms (custom)
kdc_1       | Apr 16 00:29:56 kdc kadmind[13](info): closing down fd 18
om_1        | 2020-04-16 00:31:22,428 [Socket Reader #1 for port 9862] INFO ipc.Server: Auth successful for hadoop/rm@EXAMPLE.COM (auth:TOKEN)
kms_1       | 	at com.sun.jersey.server.wadl.generators.AbstractWadlGeneratorGrammarGenerator.createExternalGrammar(AbstractWadlGeneratorGrammarGenerator.java:405)
datanode_3  | 	at org.apache.ratis.server.impl.RaftServerProxy.groupAddAsync(RaftServerProxy.java:379)
datanode_2  | Caused by: org.apache.ratis.protocol.AlreadyExistsException: 1c09aaab-c24d-44c7-8489-cd77e693e1ea: Failed to add group-382D76C5587B:[55563aab-f21f-497f-9c11-d8690cd7002f:172.23.0.11:9858, f97cdcd3-70ea-487f-9f13-77036f15b596:172.23.0.10:9858, 1c09aaab-c24d-44c7-8489-cd77e693e1ea:172.23.0.12:9858] since the group already exists in the map.
nm_1        | 2020-04-16 00:30:21 INFO  NMContainerTokenSecretManager:143 - Rolling master-key for container-tokens, got key with id -66535554
rm_1        | 2020-04-16 00:30:11 INFO  AsyncDispatcher:223 - Registering class org.apache.hadoop.yarn.server.resourcemanager.metrics.AbstractSystemMetricsPublisher$SystemMetricsEventType for class org.apache.hadoop.yarn.server.resourcemanager.metrics.TimelineServiceV1Publisher$TimelineV1EventHandler
datanode_1  | 2020-04-16 00:30:36,556 [pool-70-thread-1] INFO metrics.RatisMetrics: Creating Metrics Registry : ratis.leader_election.f97cdcd3-70ea-487f-9f13-77036f15b596@group-382D76C5587B
kdc_1       | WARNING: no policy specified for HTTP/om@EXAMPLE.COM; defaulting to no policy
scm_1       | 2020-04-16 00:30:37,032 [EventQueue-PipelineReportForPipelineReportHandler] INFO pipeline.PipelineStateManager: Pipeline Pipeline[ Id: ffee4314-4310-4cfb-8f46-300e99295bd8, Nodes: 1c09aaab-c24d-44c7-8489-cd77e693e1ea{ip: 172.23.0.12, host: ozonesecure-mr_datanode_2.ozone, networkLocation: /default-rack, certSerialId: null}, Type:RATIS, Factor:ONE, State:ALLOCATED, leaderId:1c09aaab-c24d-44c7-8489-cd77e693e1ea, CreationTimestamp2020-04-16T00:30:33.359630Z] moved to OPEN state
om_1        | 2020-04-16 00:31:25,466 [Socket Reader #1 for port 9862] INFO ipc.Server: Auth successful for hadoop/rm@EXAMPLE.COM (auth:TOKEN)
kms_1       | 	at com.sun.jersey.server.wadl.WadlBuilder.generate(WadlBuilder.java:149)
datanode_3  | 	at org.apache.ratis.server.impl.RaftServerProxy.groupManagementAsync(RaftServerProxy.java:363)
datanode_3  | 	at org.apache.ratis.grpc.server.GrpcAdminProtocolService.lambda$groupManagement$0(GrpcAdminProtocolService.java:42)
nm_1        | 2020-04-16 00:30:21 INFO  NMTokenSecretManagerInNM:143 - Rolling master-key for container-tokens, got key with id -584670644
nm_1        | 2020-04-16 00:30:21 INFO  NodeStatusUpdaterImpl:477 - Registered with ResourceManager as nm:39017 with total resource of <memory:8192, vCores:8>
nm_1        | 2020-04-16 00:31:21 INFO  Server:1849 - Auth successful for appattempt_1586997020112_0001_000001 (auth:SIMPLE)
rm_1        | 2020-04-16 00:30:11 INFO  AsyncDispatcher:223 - Registering class org.apache.hadoop.yarn.server.resourcemanager.metrics.AbstractSystemMetricsPublisher$SystemMetricsEventType for class org.apache.hadoop.yarn.server.resourcemanager.metrics.TimelineServiceV1Publisher$TimelineV1EventHandler
rm_1        | 2020-04-16 00:30:11 INFO  AsyncDispatcher:223 - Registering class org.apache.hadoop.yarn.server.resourcemanager.metrics.AbstractSystemMetricsPublisher$SystemMetricsEventType for class org.apache.hadoop.yarn.server.resourcemanager.metrics.TimelineServiceV1Publisher$TimelineV1EventHandler
om_1        | 2020-04-16 00:31:35,083 [Socket Reader #1 for port 9862] INFO ipc.Server: Auth successful for hadoop/rm@EXAMPLE.COM (auth:TOKEN)
kdc_1       | Principal "HTTP/om@EXAMPLE.COM" created.
nm_1        | 2020-04-16 00:31:21 INFO  ContainerManagerImpl:1070 - Start request for container_1586997020112_0001_01_000001 by user hadoop
datanode_1  | 2020-04-16 00:30:36,559 [pool-70-thread-1] INFO metrics.RatisMetrics: Creating Metrics Registry : ratis.server.f97cdcd3-70ea-487f-9f13-77036f15b596@group-382D76C5587B
datanode_3  | 	at org.apache.ratis.grpc.GrpcUtil.asyncCall(GrpcUtil.java:160)
datanode_2  | 	at org.apache.ratis.server.impl.RaftServerProxy$ImplMap.addNew(RaftServerProxy.java:83)
rm_1        | 2020-04-16 00:30:11 INFO  AsyncDispatcher:223 - Registering class org.apache.hadoop.yarn.server.resourcemanager.metrics.AbstractSystemMetricsPublisher$SystemMetricsEventType for class org.apache.hadoop.yarn.server.resourcemanager.metrics.TimelineServiceV1Publisher$TimelineV1EventHandler
scm_1       | 2020-04-16 00:30:37,032 [EventQueue-OpenPipelineForOneReplicaPipelineSafeModeRule] INFO safemode.SCMSafeModeManager: AtleastOneDatanodeReportedRule rule is successfully validated
kms_1       | 	at com.sun.jersey.server.impl.wadl.WadlApplicationContextImpl.getApplication(WadlApplicationContextImpl.java:119)
om_1        | 2020-04-16 00:31:37,207 [Socket Reader #1 for port 9862] INFO ipc.Server: Auth successful for hadoop/rm@EXAMPLE.COM (auth:TOKEN)
kdc_1       | Authenticating as principal admin/admin with keytab /tmp/admin.keytab.
nm_1        | 2020-04-16 00:31:21 INFO  ContainerManagerImpl:1122 - Creating a new application reference for app application_1586997020112_0001
datanode_1  | 2020-04-16 00:30:36,559 [pool-70-thread-1] INFO impl.RaftServerImpl: f97cdcd3-70ea-487f-9f13-77036f15b596@group-382D76C5587B: start as a follower, conf=-1: [55563aab-f21f-497f-9c11-d8690cd7002f:172.23.0.11:9858, f97cdcd3-70ea-487f-9f13-77036f15b596:172.23.0.10:9858, 1c09aaab-c24d-44c7-8489-cd77e693e1ea:172.23.0.12:9858], old=null
datanode_3  | 	at org.apache.ratis.grpc.server.GrpcAdminProtocolService.groupManagement(GrpcAdminProtocolService.java:42)
datanode_2  | 	at org.apache.ratis.server.impl.RaftServerProxy.groupAddAsync(RaftServerProxy.java:378)
rm_1        | 2020-04-16 00:30:11 INFO  AsyncDispatcher:223 - Registering class org.apache.hadoop.yarn.server.resourcemanager.metrics.AbstractSystemMetricsPublisher$SystemMetricsEventType for class org.apache.hadoop.yarn.server.resourcemanager.metrics.TimelineServiceV1Publisher$TimelineV1EventHandler
scm_1       | 2020-04-16 00:30:37,034 [EventQueue-OpenPipelineForHealthyPipelineSafeModeRule] INFO safemode.SCMSafeModeManager: SCM in safe mode. Healthy pipelines reported count is 0, required healthy pipeline reported count is 1
kms_1       | 	at com.sun.jersey.server.impl.wadl.WadlApplicationContextImpl.getApplication(WadlApplicationContextImpl.java:138)
om_1        | 2020-04-16 00:31:38,760 [Socket Reader #1 for port 9862] INFO ipc.Server: Auth successful for hadoop/rm@EXAMPLE.COM (auth:TOKEN)
kdc_1       | Entry for principal HTTP/om@EXAMPLE.COM with kvno 2, encryption type aes256-cts-hmac-sha1-96 added to keytab WRFILE:/data/HTTP.om.keytab.
nm_1        | 2020-04-16 00:31:21 INFO  ApplicationImpl:655 - Application application_1586997020112_0001 transitioned from NEW to INITING
datanode_1  | 2020-04-16 00:30:36,559 [pool-70-thread-1] INFO impl.RaftServerImpl: f97cdcd3-70ea-487f-9f13-77036f15b596@group-382D76C5587B: changes role from      null to FOLLOWER at term 0 for startAsFollower
datanode_1  | 2020-04-16 00:30:36,559 [pool-70-thread-1] INFO impl.RoleInfo: f97cdcd3-70ea-487f-9f13-77036f15b596: start FollowerState
datanode_1  | 2020-04-16 00:30:36,580 [pool-70-thread-1] INFO util.JmxRegister: Successfully registered JMX Bean with object name Ratis:service=RaftServer,group=group-382D76C5587B,id=f97cdcd3-70ea-487f-9f13-77036f15b596
datanode_1  | 2020-04-16 00:30:36,581 [pool-70-thread-1] INFO metrics.RatisMetrics: Creating Metrics Registry : ratis.state_machine.f97cdcd3-70ea-487f-9f13-77036f15b596@group-382D76C5587B
rm_1        | 2020-04-16 00:30:12 INFO  log:192 - Logging initialized @13993ms
kms_1       | 	at com.sun.jersey.server.impl.wadl.WadlMethodFactory$WadlOptionsMethodDispatcher.dispatch(WadlMethodFactory.java:110)
om_1        | 2020-04-16 00:31:42,662 [Socket Reader #1 for port 9862] INFO ipc.Server: Auth successful for hadoop/rm@EXAMPLE.COM (auth:TOKEN)
kdc_1       | Entry for principal HTTP/om@EXAMPLE.COM with kvno 2, encryption type aes128-cts-hmac-sha1-96 added to keytab WRFILE:/data/HTTP.om.keytab.
datanode_1  | 2020-04-16 00:30:38,192 [grpc-default-executor-0] WARN impl.RaftServerProxy: f97cdcd3-70ea-487f-9f13-77036f15b596: Failed groupAdd* GroupManagementRequest:client-2FDD1504C163->f97cdcd3-70ea-487f-9f13-77036f15b596@group-382D76C5587B, cid=0, seq=0, RW, null, Add:group-382D76C5587B:[55563aab-f21f-497f-9c11-d8690cd7002f:172.23.0.11:9858, f97cdcd3-70ea-487f-9f13-77036f15b596:172.23.0.10:9858, 1c09aaab-c24d-44c7-8489-cd77e693e1ea:172.23.0.12:9858]
datanode_3  | 	at org.apache.ratis.proto.grpc.AdminProtocolServiceGrpc$MethodHandlers.invoke(AdminProtocolServiceGrpc.java:358)
datanode_2  | 	... 13 more
scm_1       | 2020-04-16 00:30:40,010 [Socket Reader #1 for port 9961] INFO ipc.Server: Auth successful for HTTP/scm@EXAMPLE.COM (auth:KERBEROS)
nm_1        | 2020-04-16 00:31:21 INFO  NMAuditLogger:94 - USER=hadoop	IP=172.23.0.6	OPERATION=Start Container Request	TARGET=ContainerManageImpl	RESULT=SUCCESS	APPID=application_1586997020112_0001	CONTAINERID=container_1586997020112_0001_01_000001
rm_1        | 2020-04-16 00:30:12 INFO  AuthenticationFilter:240 - Unable to initialize FileSignerSecretProvider, falling back to use random secrets.
kms_1       | 	at com.sun.jersey.server.impl.uri.rules.HttpMethodRule.accept(HttpMethodRule.java:302)
om_1        | 2020-04-16 00:31:46,869 [Socket Reader #1 for port 9862] INFO ipc.Server: Auth successful for hadoop/rm@EXAMPLE.COM (auth:TOKEN)
kdc_1       | Generiting keytab
datanode_1  | java.util.concurrent.CompletionException: org.apache.ratis.protocol.AlreadyExistsException: f97cdcd3-70ea-487f-9f13-77036f15b596: Failed to add group-382D76C5587B:[55563aab-f21f-497f-9c11-d8690cd7002f:172.23.0.11:9858, f97cdcd3-70ea-487f-9f13-77036f15b596:172.23.0.10:9858, 1c09aaab-c24d-44c7-8489-cd77e693e1ea:172.23.0.12:9858] since the group already exists in the map.
datanode_3  | 	at org.apache.ratis.thirdparty.io.grpc.stub.ServerCalls$UnaryServerCallHandler$UnaryServerCallListener.onHalfClose(ServerCalls.java:172)
datanode_2  | 2020-04-16 00:30:41,719 [grpc-default-executor-1] INFO impl.RaftServerImpl: 1c09aaab-c24d-44c7-8489-cd77e693e1ea@group-382D76C5587B: changes role from  FOLLOWER to FOLLOWER at term 1 for recognizeCandidate:f97cdcd3-70ea-487f-9f13-77036f15b596
scm_1       | 2020-04-16 00:30:40,115 [Socket Reader #1 for port 9860] INFO ipc.Server: Auth successful for HTTP/scm@EXAMPLE.COM (auth:KERBEROS)
nm_1        | 2020-04-16 00:31:21 INFO  ApplicationImpl:463 - Adding container_1586997020112_0001_01_000001 to application application_1586997020112_0001
rm_1        | 2020-04-16 00:30:13 INFO  HttpRequestLog:81 - Http request log for http.requests.resourcemanager is not defined
kms_1       | 	at com.sun.jersey.server.impl.uri.rules.ResourceClassRule.accept(ResourceClassRule.java:108)
om_1        | 2020-04-16 00:31:52,146 [Socket Reader #1 for port 9862] INFO ipc.Server: Auth successful for hadoop/rm@EXAMPLE.COM (auth:KERBEROS)
kdc_1       | Authenticating as principal admin/admin with keytab /tmp/admin.keytab.
datanode_1  | 	at java.base/java.util.concurrent.CompletableFuture.encodeThrowable(CompletableFuture.java:331)
datanode_3  | 	at org.apache.ratis.thirdparty.io.grpc.internal.ServerCallImpl$ServerStreamListenerImpl.halfClosed(ServerCallImpl.java:331)
datanode_2  | 2020-04-16 00:30:41,719 [grpc-default-executor-1] INFO impl.RoleInfo: 1c09aaab-c24d-44c7-8489-cd77e693e1ea: shutdown FollowerState
scm_1       | 2020-04-16 00:30:41,778 [EventQueue-PipelineReportForPipelineReportHandler] INFO pipeline.PipelineStateManager: Pipeline Pipeline[ Id: 2ed1bd31-a641-4c34-9999-382d76c5587b, Nodes: f97cdcd3-70ea-487f-9f13-77036f15b596{ip: 172.23.0.10, host: ozonesecure-mr_datanode_1.ozone, networkLocation: /default-rack, certSerialId: null}55563aab-f21f-497f-9c11-d8690cd7002f{ip: 172.23.0.11, host: ozonesecure-mr_datanode_3.ozone, networkLocation: /default-rack, certSerialId: null}1c09aaab-c24d-44c7-8489-cd77e693e1ea{ip: 172.23.0.12, host: ozonesecure-mr_datanode_2.ozone, networkLocation: /default-rack, certSerialId: null}, Type:RATIS, Factor:THREE, State:ALLOCATED, leaderId:f97cdcd3-70ea-487f-9f13-77036f15b596, CreationTimestamp2020-04-16T00:30:33.376037Z] moved to OPEN state
nm_1        | 2020-04-16 00:31:22 WARN  LogAggregationFileController:284 - Remote Root Log Dir [/tmp/logs] does not exist. Attempting to create it.
rm_1        | 2020-04-16 00:30:13 INFO  HttpServer2:975 - Added global filter 'safety' (class=org.apache.hadoop.http.HttpServer2$QuotingInputFilter)
kms_1       | 	at com.sun.jersey.server.impl.uri.rules.RightHandPathRule.accept(RightHandPathRule.java:147)
om_1        | 2020-04-16 00:31:53,982 [Socket Reader #1 for port 9862] INFO ipc.Server: Auth successful for hadoop/rm@EXAMPLE.COM (auth:KERBEROS)
kdc_1       | WARNING: no policy specified for testuser/om@EXAMPLE.COM; defaulting to no policy
datanode_1  | 	at java.base/java.util.concurrent.CompletableFuture.uniApplyNow(CompletableFuture.java:670)
datanode_3  | 	at org.apache.ratis.thirdparty.io.grpc.internal.ServerImpl$JumpToApplicationThreadServerStreamListener$1HalfClosed.runInContext(ServerImpl.java:814)
datanode_2  | 2020-04-16 00:30:41,719 [Thread-26] INFO impl.FollowerState: 1c09aaab-c24d-44c7-8489-cd77e693e1ea@group-382D76C5587B-FollowerState was interrupted: java.lang.InterruptedException: sleep interrupted
scm_1       | 2020-04-16 00:30:41,779 [EventQueue-OpenPipelineForOneReplicaPipelineSafeModeRule] INFO safemode.SCMSafeModeManager: AtleastOneDatanodeReportedRule rule is successfully validated
nm_1        | 2020-04-16 00:31:22 WARN  LogAggregationFileController:298 - No primary group found. The remote root log directory will be created with the HDFS superuser being its group owner. JobHistoryServer may be unable to read the directory.
rm_1        | 2020-04-16 00:30:13 INFO  HttpServer2:948 - Added filter static_user_filter (class=org.apache.hadoop.http.lib.StaticUserWebFilter$StaticUserFilter) to context cluster
kms_1       | 	at com.sun.jersey.server.impl.uri.rules.RootResourceClassesRule.accept(RootResourceClassesRule.java:84)
om_1        | 2020-04-16 00:31:57,524 [Socket Reader #1 for port 9862] INFO ipc.Server: Auth successful for rm/rm@EXAMPLE.COM (auth:KERBEROS)
kdc_1       | Principal "testuser/om@EXAMPLE.COM" created.
datanode_1  | 	at java.base/java.util.concurrent.CompletableFuture.uniApplyStage(CompletableFuture.java:658)
datanode_3  | 	at org.apache.ratis.thirdparty.io.grpc.internal.ContextRunnable.run(ContextRunnable.java:37)
datanode_2  | 2020-04-16 00:30:41,719 [grpc-default-executor-1] INFO impl.RoleInfo: 1c09aaab-c24d-44c7-8489-cd77e693e1ea: start FollowerState
scm_1       | 2020-04-16 00:30:41,779 [EventQueue-OpenPipelineForHealthyPipelineSafeModeRule] INFO safemode.SCMSafeModeManager: SCM in safe mode. Healthy pipelines reported count is 1, required healthy pipeline reported count is 1
nm_1        | 2020-04-16 00:31:22 INFO  ApplicationImpl:655 - Application application_1586997020112_0001 transitioned from INITING to RUNNING
rm_1        | 2020-04-16 00:30:13 INFO  HttpServer2:958 - Added filter static_user_filter (class=org.apache.hadoop.http.lib.StaticUserWebFilter$StaticUserFilter) to context static
kms_1       | 	at com.sun.jersey.server.impl.application.WebApplicationImpl._handleRequest(WebApplicationImpl.java:1542)
om_1        | 2020-04-16 00:31:57,668 [Socket Reader #1 for port 9862] INFO ipc.Server: Auth successful for hadoop/rm@EXAMPLE.COM (auth:TOKEN)
kdc_1       | Authenticating as principal admin/admin with keytab /tmp/admin.keytab.
datanode_1  | 	at java.base/java.util.concurrent.CompletableFuture.thenApplyAsync(CompletableFuture.java:2104)
datanode_3  | 	at org.apache.ratis.thirdparty.io.grpc.internal.SerializingExecutor.run(SerializingExecutor.java:123)
datanode_2  | 2020-04-16 00:30:41,816 [grpc-default-executor-1] INFO ratis.XceiverServerRatis: Leader change notification received for group: group-382D76C5587B with new leaderId: f97cdcd3-70ea-487f-9f13-77036f15b596
scm_1       | 2020-04-16 00:30:41,780 [EventQueue-OpenPipelineForHealthyPipelineSafeModeRule] INFO safemode.SCMSafeModeManager: HealthyPipelineSafeModeRule rule is successfully validated
nm_1        | 2020-04-16 00:31:22 INFO  ContainerImpl:2112 - Container container_1586997020112_0001_01_000001 transitioned from NEW to LOCALIZING
rm_1        | 2020-04-16 00:30:13 INFO  HttpServer2:958 - Added filter static_user_filter (class=org.apache.hadoop.http.lib.StaticUserWebFilter$StaticUserFilter) to context logs
kms_1       | 	at com.sun.jersey.server.impl.application.WebApplicationImpl._handleRequest(WebApplicationImpl.java:1473)
om_1        | 2020-04-16 00:31:57,739 [Socket Reader #1 for port 9862] INFO ipc.Server: Auth successful for nm/nm@EXAMPLE.COM (auth:KERBEROS)
kdc_1       | Entry for principal testuser/om@EXAMPLE.COM with kvno 2, encryption type aes256-cts-hmac-sha1-96 added to keytab WRFILE:/data/testuser.om.keytab.
datanode_1  | 	at org.apache.ratis.server.impl.RaftServerProxy.groupAddAsync(RaftServerProxy.java:379)
datanode_3  | 	at java.base/java.util.concurrent.ThreadPoolExecutor.runWorker(ThreadPoolExecutor.java:1128)
datanode_2  | 2020-04-16 00:30:41,817 [grpc-default-executor-1] INFO impl.RaftServerImpl: 1c09aaab-c24d-44c7-8489-cd77e693e1ea@group-382D76C5587B: change Leader from null to f97cdcd3-70ea-487f-9f13-77036f15b596 at term 1 for appendEntries, leader elected after 4651ms
scm_1       | 2020-04-16 00:30:41,780 [EventQueue-OpenPipelineForHealthyPipelineSafeModeRule] INFO safemode.SCMSafeModeManager: ScmSafeModeManager, all rules are successfully validated
nm_1        | 2020-04-16 00:31:22 INFO  AuxServices:350 - Got event CONTAINER_INIT for appId application_1586997020112_0001
rm_1        | 2020-04-16 00:30:13 INFO  HttpServer2:613 - adding path spec: /cluster/*
kms_1       | 	at com.sun.jersey.server.impl.application.WebApplicationImpl.handleRequest(WebApplicationImpl.java:1419)
om_1        | 2020-04-16 00:31:57,849 [Socket Reader #1 for port 9862] INFO ipc.Server: Auth successful for hadoop/rm@EXAMPLE.COM (auth:TOKEN)
kdc_1       | Entry for principal testuser/om@EXAMPLE.COM with kvno 2, encryption type aes128-cts-hmac-sha1-96 added to keytab WRFILE:/data/testuser.om.keytab.
datanode_1  | 	at org.apache.ratis.server.impl.RaftServerProxy.groupManagementAsync(RaftServerProxy.java:363)
datanode_3  | 	at java.base/java.util.concurrent.ThreadPoolExecutor$Worker.run(ThreadPoolExecutor.java:628)
datanode_2  | 2020-04-16 00:30:41,849 [grpc-default-executor-1] INFO impl.RaftServerImpl: 1c09aaab-c24d-44c7-8489-cd77e693e1ea@group-382D76C5587B: set configuration 0: [55563aab-f21f-497f-9c11-d8690cd7002f:172.23.0.11:9858, f97cdcd3-70ea-487f-9f13-77036f15b596:172.23.0.10:9858, 1c09aaab-c24d-44c7-8489-cd77e693e1ea:172.23.0.12:9858], old=null at 0
scm_1       | 2020-04-16 00:30:41,780 [EventQueue-OpenPipelineForHealthyPipelineSafeModeRule] INFO safemode.SCMSafeModeManager: SCM exiting safe mode.
nm_1        | 2020-04-16 00:31:22 INFO  ResourceLocalizationService:798 - Created localizer for container_1586997020112_0001_01_000001
rm_1        | 2020-04-16 00:30:13 INFO  HttpServer2:613 - adding path spec: /ws/*
kms_1       | 	at com.sun.jersey.server.impl.application.WebApplicationImpl.handleRequest(WebApplicationImpl.java:1409)
om_1        | 2020-04-16 00:31:58,105 [Socket Reader #1 for port 9862] INFO ipc.Server: Auth successful for hadoop/rm@EXAMPLE.COM (auth:TOKEN)
kdc_1       | Generiting keytab
datanode_1  | 	at org.apache.ratis.grpc.server.GrpcAdminProtocolService.lambda$groupManagement$0(GrpcAdminProtocolService.java:42)
datanode_3  | 	at java.base/java.lang.Thread.run(Thread.java:834)
datanode_2  | 2020-04-16 00:30:41,859 [grpc-default-executor-1] INFO segmented.SegmentedRaftLogWorker: 1c09aaab-c24d-44c7-8489-cd77e693e1ea@group-382D76C5587B-SegmentedRaftLogWorker: Starting segment from index:0
scm_1       | 2020-04-16 00:30:44,561 [Socket Reader #1 for port 9961] INFO ipc.Server: Auth successful for HTTP/scm@EXAMPLE.COM (auth:KERBEROS)
nm_1        | 2020-04-16 00:31:22 INFO  ResourceLocalizationService:1328 - Writing credentials to the nmPrivate file /tmp/hadoop-hadoop/nm-local-dir/nmPrivate/container_1586997020112_0001_01_000001.tokens
rm_1        | 2020-04-16 00:30:13 INFO  HttpServer2:613 - adding path spec: /app/*
kms_1       | 	at com.sun.jersey.spi.container.servlet.WebComponent.service(WebComponent.java:409)
om_1        | 2020-04-16 00:32:00,368 [Socket Reader #1 for port 9862] INFO ipc.Server: Auth successful for hadoop/rm@EXAMPLE.COM (auth:TOKEN)
kdc_1       | Authenticating as principal admin/admin with keytab /tmp/admin.keytab.
datanode_1  | 	at org.apache.ratis.grpc.GrpcUtil.asyncCall(GrpcUtil.java:160)
datanode_3  | Caused by: org.apache.ratis.protocol.AlreadyExistsException: 55563aab-f21f-497f-9c11-d8690cd7002f: Failed to add group-382D76C5587B:[55563aab-f21f-497f-9c11-d8690cd7002f:172.23.0.11:9858, f97cdcd3-70ea-487f-9f13-77036f15b596:172.23.0.10:9858, 1c09aaab-c24d-44c7-8489-cd77e693e1ea:172.23.0.12:9858] since the group already exists in the map.
datanode_2  | 2020-04-16 00:30:41,991 [1c09aaab-c24d-44c7-8489-cd77e693e1ea@group-382D76C5587B-SegmentedRaftLogWorker] INFO segmented.SegmentedRaftLogWorker: 1c09aaab-c24d-44c7-8489-cd77e693e1ea@group-382D76C5587B-SegmentedRaftLogWorker: created new log segment /data/metadata/ratis/2ed1bd31-a641-4c34-9999-382d76c5587b/current/log_inprogress_0
scm_1       | 2020-04-16 00:30:44,671 [Socket Reader #1 for port 9860] INFO ipc.Server: Auth successful for HTTP/scm@EXAMPLE.COM (auth:KERBEROS)
nm_1        | 2020-04-16 00:31:22 INFO  DefaultContainerExecutor:836 - Initializing user hadoop
rm_1        | 2020-04-16 00:30:16 INFO  WebApps:395 - Registered webapp guice modules
kms_1       | 	at com.sun.jersey.spi.container.servlet.ServletContainer.service(ServletContainer.java:558)
om_1        | 2020-04-16 00:32:08,451 [Socket Reader #1 for port 9862] INFO ipc.Server: Auth successful for hadoop/rm@EXAMPLE.COM (auth:TOKEN)
kdc_1       | WARNING: no policy specified for scm/scm@EXAMPLE.COM; defaulting to no policy
datanode_1  | 	at org.apache.ratis.grpc.server.GrpcAdminProtocolService.groupManagement(GrpcAdminProtocolService.java:42)
datanode_3  | 	at org.apache.ratis.server.impl.RaftServerProxy$ImplMap.addNew(RaftServerProxy.java:83)
datanode_2  | 2020-04-16 00:30:42,257 [Thread-24] INFO impl.FollowerState: 1c09aaab-c24d-44c7-8489-cd77e693e1ea@group-300E99295BD8-FollowerState: change to CANDIDATE, lastRpcTime:5193ms, electionTimeout:5182ms
scm_1       | 2020-04-16 00:30:51,752 [Socket Reader #1 for port 9860] INFO ipc.Server: Auth successful for om/om@EXAMPLE.COM (auth:KERBEROS)
nm_1        | 2020-04-16 00:31:22 INFO  DefaultContainerExecutor:166 - Copying from /tmp/hadoop-hadoop/nm-local-dir/nmPrivate/container_1586997020112_0001_01_000001.tokens to /tmp/hadoop-hadoop/nm-local-dir/usercache/hadoop/appcache/application_1586997020112_0001/container_1586997020112_0001_01_000001.tokens
rm_1        | 2020-04-16 00:30:16 INFO  HttpServer2:1191 - Jetty bound to port 8088
kms_1       | 	at com.sun.jersey.spi.container.servlet.ServletContainer.service(ServletContainer.java:733)
om_1        | 2020-04-16 00:32:14,305 [Socket Reader #1 for port 9862] INFO ipc.Server: Auth successful for hadoop/rm@EXAMPLE.COM (auth:TOKEN)
kdc_1       | Principal "scm/scm@EXAMPLE.COM" created.
datanode_1  | 	at org.apache.ratis.proto.grpc.AdminProtocolServiceGrpc$MethodHandlers.invoke(AdminProtocolServiceGrpc.java:358)
datanode_3  | 	at org.apache.ratis.server.impl.RaftServerProxy.groupAddAsync(RaftServerProxy.java:378)
datanode_2  | 2020-04-16 00:30:42,258 [Thread-24] INFO impl.RoleInfo: 1c09aaab-c24d-44c7-8489-cd77e693e1ea: shutdown FollowerState
scm_1       | 2020-04-16 00:30:59,916 [Socket Reader #1 for port 9863] INFO ipc.Server: Auth successful for om/om@EXAMPLE.COM (auth:KERBEROS)
nm_1        | 2020-04-16 00:31:22 INFO  DefaultContainerExecutor:174 - Localizer CWD set to /tmp/hadoop-hadoop/nm-local-dir/usercache/hadoop/appcache/application_1586997020112_0001 = file:/tmp/hadoop-hadoop/nm-local-dir/usercache/hadoop/appcache/application_1586997020112_0001
rm_1        | 2020-04-16 00:30:16 INFO  Server:351 - jetty-9.3.24.v20180605, build timestamp: 2018-06-05T17:11:56Z, git hash: 84205aa28f11a4f31f2a3b86d1bba2cc8ab69827
kms_1       | 	at javax.servlet.http.HttpServlet.service(HttpServlet.java:790)
kdc_1       | Authenticating as principal admin/admin with keytab /tmp/admin.keytab.
datanode_1  | 	at org.apache.ratis.thirdparty.io.grpc.stub.ServerCalls$UnaryServerCallHandler$UnaryServerCallListener.onHalfClose(ServerCalls.java:172)
datanode_3  | 	... 13 more
datanode_2  | 2020-04-16 00:30:42,258 [Thread-24] INFO impl.RaftServerImpl: 1c09aaab-c24d-44c7-8489-cd77e693e1ea@group-300E99295BD8: changes role from  FOLLOWER to CANDIDATE at term 0 for changeToCandidate
scm_1       | 2020-04-16 00:31:01,279 [Socket Reader #1 for port 9961] INFO ipc.Server: Auth successful for dn/ef64cb1ce23e@EXAMPLE.COM (auth:KERBEROS)
nm_1        | 2020-04-16 00:31:22 INFO  Server:1849 - Auth successful for testing (auth:SIMPLE)
rm_1        | 2020-04-16 00:30:16 INFO  ContextHandler:781 - Started o.e.j.s.ServletContextHandler@3234f74e{/logs,file:///opt/hadoop/logs/,AVAILABLE}
kms_1       | 	at org.eclipse.jetty.servlet.ServletHolder.handle(ServletHolder.java:848)
kdc_1       | Entry for principal scm/scm@EXAMPLE.COM with kvno 2, encryption type aes256-cts-hmac-sha1-96 added to keytab WRFILE:/data/scm.scm.keytab.
datanode_1  | 	at org.apache.ratis.thirdparty.io.grpc.internal.ServerCallImpl$ServerStreamListenerImpl.halfClosed(ServerCallImpl.java:331)
datanode_3  | 2020-04-16 00:30:38,518 [grpc-default-executor-0] WARN impl.RaftServerProxy: 55563aab-f21f-497f-9c11-d8690cd7002f: Failed groupAdd* GroupManagementRequest:client-D7D7A34A7EE0->55563aab-f21f-497f-9c11-d8690cd7002f@group-382D76C5587B, cid=1, seq=0, RW, null, Add:group-382D76C5587B:[55563aab-f21f-497f-9c11-d8690cd7002f:172.23.0.11:9858, f97cdcd3-70ea-487f-9f13-77036f15b596:172.23.0.10:9858, 1c09aaab-c24d-44c7-8489-cd77e693e1ea:172.23.0.12:9858]
datanode_2  | 2020-04-16 00:30:42,260 [Thread-24] INFO impl.RoleInfo: 1c09aaab-c24d-44c7-8489-cd77e693e1ea: start LeaderElection
scm_1       | 2020-04-16 00:31:01,437 [Socket Reader #1 for port 9961] INFO ipc.Server: Auth successful for dn/3931621c62cf@EXAMPLE.COM (auth:KERBEROS)
nm_1        | 2020-04-16 00:31:22 WARN  MetricsSystemImpl:151 - NodeManager metrics system already initialized!
rm_1        | 2020-04-16 00:30:16 INFO  ContextHandler:781 - Started o.e.j.s.ServletContextHandler@557a1e2d{/static,jar:file:/opt/hadoop/share/hadoop/yarn/hadoop-yarn-common-3.2.0.jar!/webapps/static,AVAILABLE}
kms_1       | 	at org.eclipse.jetty.servlet.ServletHandler$CachedChain.doFilter(ServletHandler.java:1772)
kdc_1       | Entry for principal scm/scm@EXAMPLE.COM with kvno 2, encryption type aes128-cts-hmac-sha1-96 added to keytab WRFILE:/data/scm.scm.keytab.
datanode_1  | 	at org.apache.ratis.thirdparty.io.grpc.internal.ServerImpl$JumpToApplicationThreadServerStreamListener$1HalfClosed.runInContext(ServerImpl.java:814)
datanode_3  | java.util.concurrent.CompletionException: org.apache.ratis.protocol.AlreadyExistsException: 55563aab-f21f-497f-9c11-d8690cd7002f: Failed to add group-382D76C5587B:[55563aab-f21f-497f-9c11-d8690cd7002f:172.23.0.11:9858, f97cdcd3-70ea-487f-9f13-77036f15b596:172.23.0.10:9858, 1c09aaab-c24d-44c7-8489-cd77e693e1ea:172.23.0.12:9858] since the group already exists in the map.
datanode_2  | 2020-04-16 00:30:42,275 [1c09aaab-c24d-44c7-8489-cd77e693e1ea@group-300E99295BD8-LeaderElection1] INFO impl.LeaderElection: 1c09aaab-c24d-44c7-8489-cd77e693e1ea@group-300E99295BD8-LeaderElection1: begin an election at term 1 for -1: [1c09aaab-c24d-44c7-8489-cd77e693e1ea:172.23.0.12:9858], old=null
scm_1       | 2020-04-16 00:31:01,509 [Socket Reader #1 for port 9961] INFO ipc.Server: Auth successful for dn/85353efc0bb8@EXAMPLE.COM (auth:KERBEROS)
nm_1        | 2020-04-16 00:31:23 INFO  ContainerImpl:2112 - Container container_1586997020112_0001_01_000001 transitioned from LOCALIZING to SCHEDULED
rm_1        | Apr 16, 2020 12:30:17 AM com.sun.jersey.guice.spi.container.GuiceComponentProviderFactory register
kms_1       | 	at org.apache.hadoop.crypto.key.kms.server.KMSMDCFilter.doFilter(KMSMDCFilter.java:84)
kdc_1       | Generiting keytab
datanode_1  | 	at org.apache.ratis.thirdparty.io.grpc.internal.ContextRunnable.run(ContextRunnable.java:37)
datanode_3  | 	at java.base/java.util.concurrent.CompletableFuture.encodeThrowable(CompletableFuture.java:331)
datanode_2  | 2020-04-16 00:30:42,276 [1c09aaab-c24d-44c7-8489-cd77e693e1ea@group-300E99295BD8-LeaderElection1] INFO impl.RoleInfo: 1c09aaab-c24d-44c7-8489-cd77e693e1ea: shutdown LeaderElection
scm_1       | 2020-04-16 00:31:01,663 [Socket Reader #1 for port 9861] INFO ipc.Server: Auth successful for dn/ef64cb1ce23e@EXAMPLE.COM (auth:KERBEROS)
nm_1        | 2020-04-16 00:31:23 INFO  ContainerScheduler:541 - Starting container [container_1586997020112_0001_01_000001]
rm_1        | INFO: Registering org.apache.hadoop.yarn.server.resourcemanager.webapp.JAXBContextResolver as a provider class
kms_1       | 	at org.eclipse.jetty.servlet.ServletHandler$CachedChain.doFilter(ServletHandler.java:1759)
kdc_1       | Authenticating as principal admin/admin with keytab /tmp/admin.keytab.
datanode_1  | 	at org.apache.ratis.thirdparty.io.grpc.internal.SerializingExecutor.run(SerializingExecutor.java:123)
datanode_3  | 	at java.base/java.util.concurrent.CompletableFuture.uniApplyNow(CompletableFuture.java:670)
datanode_2  | 2020-04-16 00:30:42,276 [1c09aaab-c24d-44c7-8489-cd77e693e1ea@group-300E99295BD8-LeaderElection1] INFO impl.RaftServerImpl: 1c09aaab-c24d-44c7-8489-cd77e693e1ea@group-300E99295BD8: changes role from CANDIDATE to LEADER at term 1 for changeToLeader
scm_1       | 2020-04-16 00:31:01,800 [Socket Reader #1 for port 9861] INFO ipc.Server: Auth successful for dn/3931621c62cf@EXAMPLE.COM (auth:KERBEROS)
nm_1        | 2020-04-16 00:31:23 INFO  ContainerImpl:2112 - Container container_1586997020112_0001_01_000001 transitioned from SCHEDULED to RUNNING
rm_1        | Apr 16, 2020 12:30:17 AM com.sun.jersey.guice.spi.container.GuiceComponentProviderFactory register
rm_1        | INFO: Registering org.apache.hadoop.yarn.server.resourcemanager.webapp.RMWebServices as a root resource class
kdc_1       | WARNING: no policy specified for HTTP/scm@EXAMPLE.COM; defaulting to no policy
datanode_1  | 	at java.base/java.util.concurrent.ThreadPoolExecutor.runWorker(ThreadPoolExecutor.java:1128)
datanode_3  | 	at java.base/java.util.concurrent.CompletableFuture.uniApplyStage(CompletableFuture.java:658)
datanode_2  | 2020-04-16 00:30:42,277 [1c09aaab-c24d-44c7-8489-cd77e693e1ea@group-300E99295BD8-LeaderElection1] INFO ratis.XceiverServerRatis: Leader change notification received for group: group-300E99295BD8 with new leaderId: 1c09aaab-c24d-44c7-8489-cd77e693e1ea
scm_1       | 2020-04-16 00:31:01,897 [Socket Reader #1 for port 9861] INFO ipc.Server: Auth successful for dn/85353efc0bb8@EXAMPLE.COM (auth:KERBEROS)
nm_1        | 2020-04-16 00:31:23 INFO  ContainersMonitorImpl:1013 - Starting resource-monitoring for container_1586997020112_0001_01_000001
rm_1        | Apr 16, 2020 12:30:17 AM com.sun.jersey.guice.spi.container.GuiceComponentProviderFactory register
kms_1       | 	at org.apache.hadoop.security.authentication.server.AuthenticationFilter.doFilter(AuthenticationFilter.java:644)
kdc_1       | Principal "HTTP/scm@EXAMPLE.COM" created.
datanode_1  | 	at java.base/java.util.concurrent.ThreadPoolExecutor$Worker.run(ThreadPoolExecutor.java:628)
datanode_3  | 	at java.base/java.util.concurrent.CompletableFuture.thenApplyAsync(CompletableFuture.java:2104)
datanode_2  | 2020-04-16 00:30:42,277 [1c09aaab-c24d-44c7-8489-cd77e693e1ea@group-300E99295BD8-LeaderElection1] INFO impl.RaftServerImpl: 1c09aaab-c24d-44c7-8489-cd77e693e1ea@group-300E99295BD8: change Leader from null to 1c09aaab-c24d-44c7-8489-cd77e693e1ea at term 1 for becomeLeader, leader elected after 5740ms
scm_1       | 2020-04-16 00:31:15,199 [Socket Reader #1 for port 9863] INFO ipc.Server: Auth successful for om/om@EXAMPLE.COM (auth:KERBEROS)
nm_1        | 2020-04-16 00:31:23 INFO  DefaultContainerExecutor:370 - launchContainer: [bash, /tmp/hadoop-hadoop/nm-local-dir/usercache/hadoop/appcache/application_1586997020112_0001/container_1586997020112_0001_01_000001/default_container_executor.sh]
rm_1        | INFO: Registering org.apache.hadoop.yarn.webapp.GenericExceptionHandler as a provider class
kms_1       | 	at org.apache.hadoop.security.token.delegation.web.DelegationTokenAuthenticationFilter.doFilter(DelegationTokenAuthenticationFilter.java:304)
kdc_1       | Authenticating as principal admin/admin with keytab /tmp/admin.keytab.
datanode_1  | 	at java.base/java.lang.Thread.run(Thread.java:834)
datanode_3  | 	at org.apache.ratis.server.impl.RaftServerProxy.groupAddAsync(RaftServerProxy.java:379)
datanode_2  | 2020-04-16 00:30:42,279 [1c09aaab-c24d-44c7-8489-cd77e693e1ea@group-300E99295BD8-LeaderElection1] INFO server.RaftServerConfigKeys: raft.server.staging.catchup.gap = 1000 (default)
scm_1       | 2020-04-16 00:31:28,626 [Socket Reader #1 for port 9863] INFO ipc.Server: Auth successful for om/om@EXAMPLE.COM (auth:KERBEROS)
nm_1        | 2020-04-16 00:31:24 INFO  ContainersMonitorImpl:615 - container_1586997020112_0001_01_000001's ip = 172.23.0.3, and hostname = nm
rm_1        | Apr 16, 2020 12:30:17 AM com.sun.jersey.server.impl.application.WebApplicationImpl _initiate
kms_1       | 	at org.apache.hadoop.security.authentication.server.AuthenticationFilter.doFilter(AuthenticationFilter.java:592)
kdc_1       | Entry for principal HTTP/scm@EXAMPLE.COM with kvno 2, encryption type aes256-cts-hmac-sha1-96 added to keytab WRFILE:/data/HTTP.scm.keytab.
datanode_1  | Caused by: org.apache.ratis.protocol.AlreadyExistsException: f97cdcd3-70ea-487f-9f13-77036f15b596: Failed to add group-382D76C5587B:[55563aab-f21f-497f-9c11-d8690cd7002f:172.23.0.11:9858, f97cdcd3-70ea-487f-9f13-77036f15b596:172.23.0.10:9858, 1c09aaab-c24d-44c7-8489-cd77e693e1ea:172.23.0.12:9858] since the group already exists in the map.
datanode_3  | 	at org.apache.ratis.server.impl.RaftServerProxy.groupManagementAsync(RaftServerProxy.java:363)
datanode_2  | 2020-04-16 00:30:42,279 [1c09aaab-c24d-44c7-8489-cd77e693e1ea@group-300E99295BD8-LeaderElection1] INFO server.RaftServerConfigKeys: raft.server.rpc.sleep.time = 25ms (default)
scm_1       | 2020-04-16 00:31:31,662 [Socket Reader #1 for port 9861] INFO ipc.Server: Auth successful for dn/ef64cb1ce23e@EXAMPLE.COM (auth:KERBEROS)
nm_1        | 2020-04-16 00:31:27 INFO  ContainersMonitorImpl:516 - Skipping monitoring container container_1586997020112_0001_01_000001 since CPU usage is not yet available.
rm_1        | INFO: Initiating Jersey application, version 'Jersey: 1.19 02/11/2015 03:25 AM'
kms_1       | 	at org.apache.hadoop.crypto.key.kms.server.KMSAuthenticationFilter.doFilter(KMSAuthenticationFilter.java:142)
kdc_1       | Entry for principal HTTP/scm@EXAMPLE.COM with kvno 2, encryption type aes128-cts-hmac-sha1-96 added to keytab WRFILE:/data/HTTP.scm.keytab.
datanode_1  | 	at org.apache.ratis.server.impl.RaftServerProxy$ImplMap.addNew(RaftServerProxy.java:83)
datanode_3  | 	at org.apache.ratis.grpc.server.GrpcAdminProtocolService.lambda$groupManagement$0(GrpcAdminProtocolService.java:42)
datanode_2  | 2020-04-16 00:30:42,283 [1c09aaab-c24d-44c7-8489-cd77e693e1ea@group-300E99295BD8-LeaderElection1] INFO metrics.RatisMetrics: Creating Metrics Registry : ratis.log_appender.1c09aaab-c24d-44c7-8489-cd77e693e1ea@group-300E99295BD8
scm_1       | 2020-04-16 00:31:31,724 [Socket Reader #1 for port 9861] INFO ipc.Server: Auth successful for dn/3931621c62cf@EXAMPLE.COM (auth:KERBEROS)
nm_1        | 2020-04-16 00:31:31 INFO  Server:1849 - Auth successful for appattempt_1586997020112_0001_000001 (auth:SIMPLE)
rm_1        | Apr 16, 2020 12:30:18 AM com.sun.jersey.guice.spi.container.GuiceComponentProviderFactory getComponentProvider
kms_1       | 	at org.eclipse.jetty.servlet.ServletHandler$CachedChain.doFilter(ServletHandler.java:1751)
kdc_1       | Apr 16 00:29:56 kdc krb5kdc[8](info): AS_REQ (8 etypes {18 17 20 19 16 23 25 26}) 127.0.0.1: ISSUE: authtime 1586996996, etypes {rep=18 tkt=18 ses=18}, admin/admin@EXAMPLE.COM for kadmin/admin@EXAMPLE.COM
datanode_1  | 	at org.apache.ratis.server.impl.RaftServerProxy.groupAddAsync(RaftServerProxy.java:378)
datanode_3  | 	at org.apache.ratis.grpc.GrpcUtil.asyncCall(GrpcUtil.java:160)
scm_1       | 2020-04-16 00:31:31,900 [Socket Reader #1 for port 9861] INFO ipc.Server: Auth successful for dn/85353efc0bb8@EXAMPLE.COM (auth:KERBEROS)
datanode_2  | 2020-04-16 00:30:42,284 [1c09aaab-c24d-44c7-8489-cd77e693e1ea@group-300E99295BD8-LeaderElection1] INFO server.RaftServerConfigKeys: raft.server.write.element-limit = 1024 (custom)
nm_1        | 2020-04-16 00:31:31 INFO  ContainerManagerImpl:1070 - Start request for container_1586997020112_0001_01_000002 by user hadoop
rm_1        | INFO: Binding org.apache.hadoop.yarn.server.resourcemanager.webapp.JAXBContextResolver to GuiceManagedComponentProvider with the scope "Singleton"
kms_1       | 	at org.apache.hadoop.http.HttpServer2$QuotingInputFilter.doFilter(HttpServer2.java:1609)
kdc_1       | Apr 16 00:29:56 kdc krb5kdc[8](info): AS_REQ (8 etypes {18 17 20 19 16 23 25 26}) 127.0.0.1: SERVER_NOT_FOUND: admin/admin@EXAMPLE.COM for kadmin/localhost@EXAMPLE.COM, Server not found in Kerberos database
datanode_1  | 	... 13 more
datanode_3  | 	at org.apache.ratis.grpc.server.GrpcAdminProtocolService.groupManagement(GrpcAdminProtocolService.java:42)
scm_1       | 2020-04-16 00:31:43,083 [Socket Reader #1 for port 9863] INFO ipc.Server: Auth successful for om/om@EXAMPLE.COM (auth:KERBEROS)
datanode_2  | 2020-04-16 00:30:42,285 [1c09aaab-c24d-44c7-8489-cd77e693e1ea@group-300E99295BD8-LeaderElection1] INFO server.RaftServerConfigKeys: raft.server.write.byte-limit = 1073741824 (custom)
nm_1        | 2020-04-16 00:31:31 INFO  NMAuditLogger:94 - USER=hadoop	IP=172.23.0.3	OPERATION=Start Container Request	TARGET=ContainerManageImpl	RESULT=SUCCESS	APPID=application_1586997020112_0001	CONTAINERID=container_1586997020112_0001_01_000002
kms_1       | 	at org.eclipse.jetty.servlet.ServletHandler$CachedChain.doFilter(ServletHandler.java:1759)
kdc_1       | Apr 16 00:29:56 kdc krb5kdc[8](info): AS_REQ (8 etypes {18 17 20 19 16 23 25 26}) 127.0.0.1: ISSUE: authtime 1586996996, etypes {rep=18 tkt=18 ses=18}, admin/admin@EXAMPLE.COM for kadmin/admin@EXAMPLE.COM
rm_1        | Apr 16, 2020 12:30:19 AM com.sun.jersey.guice.spi.container.GuiceComponentProviderFactory getComponentProvider
datanode_1  | 2020-04-16 00:30:38,387 [grpc-default-executor-0] WARN impl.RaftServerProxy: f97cdcd3-70ea-487f-9f13-77036f15b596: Failed groupAdd* GroupManagementRequest:client-E65A00D32718->f97cdcd3-70ea-487f-9f13-77036f15b596@group-382D76C5587B, cid=0, seq=0, RW, null, Add:group-382D76C5587B:[55563aab-f21f-497f-9c11-d8690cd7002f:172.23.0.11:9858, f97cdcd3-70ea-487f-9f13-77036f15b596:172.23.0.10:9858, 1c09aaab-c24d-44c7-8489-cd77e693e1ea:172.23.0.12:9858]
datanode_3  | 	at org.apache.ratis.proto.grpc.AdminProtocolServiceGrpc$MethodHandlers.invoke(AdminProtocolServiceGrpc.java:358)
scm_1       | 2020-04-16 00:32:01,658 [Socket Reader #1 for port 9861] INFO ipc.Server: Auth successful for dn/ef64cb1ce23e@EXAMPLE.COM (auth:KERBEROS)
datanode_2  | 2020-04-16 00:30:42,289 [1c09aaab-c24d-44c7-8489-cd77e693e1ea@group-300E99295BD8-LeaderElection1] INFO server.RaftServerConfigKeys: raft.server.watch.timeout = 180s (custom)
nm_1        | 2020-04-16 00:31:31 INFO  ApplicationImpl:463 - Adding container_1586997020112_0001_01_000002 to application application_1586997020112_0001
kms_1       | 	at org.apache.hadoop.http.NoCacheFilter.doFilter(NoCacheFilter.java:45)
kdc_1       | Apr 16 00:29:56 kdc krb5kdc[8](info): AS_REQ (8 etypes {18 17 20 19 16 23 25 26}) 127.0.0.1: SERVER_NOT_FOUND: admin/admin@EXAMPLE.COM for kadmin/localhost@EXAMPLE.COM, Server not found in Kerberos database
rm_1        | INFO: Binding org.apache.hadoop.yarn.webapp.GenericExceptionHandler to GuiceManagedComponentProvider with the scope "Singleton"
datanode_1  | java.util.concurrent.CompletionException: org.apache.ratis.protocol.AlreadyExistsException: f97cdcd3-70ea-487f-9f13-77036f15b596: Failed to add group-382D76C5587B:[55563aab-f21f-497f-9c11-d8690cd7002f:172.23.0.11:9858, f97cdcd3-70ea-487f-9f13-77036f15b596:172.23.0.10:9858, 1c09aaab-c24d-44c7-8489-cd77e693e1ea:172.23.0.12:9858] since the group already exists in the map.
scm_1       | 2020-04-16 00:32:01,724 [Socket Reader #1 for port 9861] INFO ipc.Server: Auth successful for dn/3931621c62cf@EXAMPLE.COM (auth:KERBEROS)
scm_1       | 2020-04-16 00:32:01,881 [Socket Reader #1 for port 9861] INFO ipc.Server: Auth successful for dn/85353efc0bb8@EXAMPLE.COM (auth:KERBEROS)
nm_1        | 2020-04-16 00:31:31 INFO  ContainerImpl:2112 - Container container_1586997020112_0001_01_000002 transitioned from NEW to LOCALIZING
kms_1       | 	at org.eclipse.jetty.servlet.ServletHandler$CachedChain.doFilter(ServletHandler.java:1759)
kdc_1       | Apr 16 00:29:56 kdc krb5kdc[8](info): AS_REQ (8 etypes {18 17 20 19 16 23 25 26}) 127.0.0.1: ISSUE: authtime 1586996996, etypes {rep=18 tkt=18 ses=18}, admin/admin@EXAMPLE.COM for kadmin/admin@EXAMPLE.COM
rm_1        | Apr 16, 2020 12:30:19 AM com.sun.jersey.guice.spi.container.GuiceComponentProviderFactory getComponentProvider
datanode_3  | 	at org.apache.ratis.thirdparty.io.grpc.stub.ServerCalls$UnaryServerCallHandler$UnaryServerCallListener.onHalfClose(ServerCalls.java:172)
datanode_1  | 	at java.base/java.util.concurrent.CompletableFuture.encodeThrowable(CompletableFuture.java:331)
scm_1       | 2020-04-16 00:32:14,648 [Socket Reader #1 for port 9863] INFO ipc.Server: Auth successful for om/om@EXAMPLE.COM (auth:KERBEROS)
datanode_2  | 2020-04-16 00:30:42,289 [1c09aaab-c24d-44c7-8489-cd77e693e1ea@group-300E99295BD8-LeaderElection1] INFO server.RaftServerConfigKeys: raft.server.watch.timeout.denomination = 1s (default)
kms_1       | 	at org.eclipse.jetty.servlet.ServletHandler.doHandle(ServletHandler.java:582)
kdc_1       | Apr 16 00:29:56 kdc krb5kdc[8](info): AS_REQ (8 etypes {18 17 20 19 16 23 25 26}) 127.0.0.1: SERVER_NOT_FOUND: admin/admin@EXAMPLE.COM for kadmin/localhost@EXAMPLE.COM, Server not found in Kerberos database
rm_1        | INFO: Binding org.apache.hadoop.yarn.server.resourcemanager.webapp.RMWebServices to GuiceManagedComponentProvider with the scope "Singleton"
datanode_3  | 	at org.apache.ratis.thirdparty.io.grpc.internal.ServerCallImpl$ServerStreamListenerImpl.halfClosed(ServerCallImpl.java:331)
datanode_1  | 	at java.base/java.util.concurrent.CompletableFuture.uniApplyNow(CompletableFuture.java:670)
datanode_2  | 2020-04-16 00:30:42,298 [1c09aaab-c24d-44c7-8489-cd77e693e1ea@group-300E99295BD8-LeaderElection1] INFO server.RaftServerConfigKeys: raft.server.watch.element-limit = 65536 (default)
nm_1        | 2020-04-16 00:31:31 INFO  AuxServices:350 - Got event CONTAINER_INIT for appId application_1586997020112_0001
kms_1       | 	at org.eclipse.jetty.server.handler.ScopedHandler.handle(ScopedHandler.java:143)
kdc_1       | Apr 16 00:29:56 kdc krb5kdc[8](info): AS_REQ (8 etypes {18 17 20 19 16 23 25 26}) 127.0.0.1: ISSUE: authtime 1586996996, etypes {rep=18 tkt=18 ses=18}, admin/admin@EXAMPLE.COM for kadmin/admin@EXAMPLE.COM
rm_1        | 2020-04-16 00:30:19 INFO  ContextHandler:781 - Started o.e.j.w.WebAppContext@64524dd{/,file:///tmp/jetty-rm-8088-cluster-_-any-6493807891912408785.dir/webapp/,AVAILABLE}{/cluster}
datanode_3  | 	at org.apache.ratis.thirdparty.io.grpc.internal.ServerImpl$JumpToApplicationThreadServerStreamListener$1HalfClosed.runInContext(ServerImpl.java:814)
datanode_1  | 	at java.base/java.util.concurrent.CompletableFuture.uniApplyStage(CompletableFuture.java:658)
datanode_2  | 2020-04-16 00:30:42,311 [1c09aaab-c24d-44c7-8489-cd77e693e1ea@group-300E99295BD8-LeaderElection1] INFO impl.RoleInfo: 1c09aaab-c24d-44c7-8489-cd77e693e1ea: start LeaderState
nm_1        | 2020-04-16 00:31:31 INFO  AuxServices:350 - Got event APPLICATION_INIT for appId application_1586997020112_0001
kms_1       | 	at org.eclipse.jetty.security.SecurityHandler.handle(SecurityHandler.java:548)
kdc_1       | Apr 16 00:29:56 kdc krb5kdc[8](info): AS_REQ (8 etypes {18 17 20 19 16 23 25 26}) 127.0.0.1: SERVER_NOT_FOUND: admin/admin@EXAMPLE.COM for kadmin/localhost@EXAMPLE.COM, Server not found in Kerberos database
rm_1        | 2020-04-16 00:30:19 INFO  AbstractConnector:278 - Started ServerConnector@3531f3ca{HTTP/1.1,[http/1.1]}{rm:8088}
datanode_3  | 	at org.apache.ratis.thirdparty.io.grpc.internal.ContextRunnable.run(ContextRunnable.java:37)
datanode_1  | 	at java.base/java.util.concurrent.CompletableFuture.thenApplyAsync(CompletableFuture.java:2104)
datanode_2  | 2020-04-16 00:30:42,314 [1c09aaab-c24d-44c7-8489-cd77e693e1ea@group-300E99295BD8-LeaderElection1] INFO segmented.SegmentedRaftLogWorker: 1c09aaab-c24d-44c7-8489-cd77e693e1ea@group-300E99295BD8-SegmentedRaftLogWorker: Starting segment from index:0
nm_1        | 2020-04-16 00:31:31 INFO  AuxServices:354 - Got APPLICATION_INIT for service mapreduce_shuffle
