datanode_1  | 2020-05-06 14:32:14,614 [pool-20-thread-1] INFO server.RaftServerConfigKeys: raft.server.log.segment.cache.num.max = 2 (custom)
datanode_1  | 2020-05-06 14:32:14,614 [pool-20-thread-1] INFO segmented.SegmentedRaftLogWorker: new b4cdae77-484d-4735-a8e4-732c83e32e25@group-32AD35C68643-SegmentedRaftLogWorker for RaftStorage:Storage Directory /data/metadata/ratis/113f14aa-f604-4e7c-b2c8-32ad35c68643
datanode_1  | 2020-05-06 14:32:14,614 [pool-20-thread-1] INFO server.RaftServerConfigKeys: raft.server.log.queue.byte-limit = 2147483647 (custom)
datanode_1  | 2020-05-06 14:32:14,614 [pool-20-thread-1] INFO server.RaftServerConfigKeys: raft.server.log.queue.element-limit = 1024 (custom)
om_1        | KDC ISSUER_SERVER => kdc:8081
kdc_1       | May 06 14:31:29 kdc kadmind[13](Notice): Request: kadm5_create_principal, dn/d65a95cfdbfa@EXAMPLE.COM, success, client=admin/admin@EXAMPLE.COM, service=kadmin/admin@EXAMPLE.COM, addr=127.0.0.1
kdc_1       | May 06 14:31:29 kdc kadmind[13](info): closing down fd 18
datanode_1  | 2020-05-06 14:32:14,648 [pool-20-thread-1] INFO server.RaftServerConfigKeys: raft.server.log.segment.size.max = 1048576 (custom)
datanode_1  | 2020-05-06 14:32:14,655 [pool-20-thread-1] INFO server.RaftServerConfigKeys: raft.server.log.preallocated.size = 16384 (custom)
datanode_1  | 2020-05-06 14:32:14,655 [pool-20-thread-1] INFO server.RaftServerConfigKeys: raft.server.log.write.buffer.size = 1048576 (custom)
datanode_1  | 2020-05-06 14:32:14,655 [pool-20-thread-1] INFO server.RaftServerConfigKeys: raft.server.log.force.sync.num = 128 (default)
datanode_1  | 2020-05-06 14:32:14,655 [pool-20-thread-1] INFO server.RaftServerConfigKeys: raft.server.log.statemachine.data.sync = true (default)
kdc_1       | May 06 14:31:29 kdc kadmind[13](Notice): Request: kadm5_init, admin/admin@EXAMPLE.COM, success, client=admin/admin@EXAMPLE.COM, service=kadmin/admin@EXAMPLE.COM, addr=127.0.0.1, vers=4, flavor=6
kdc_1       | May 06 14:31:29 kdc kadmind[13](Notice): Request: kadm5_randkey_principal, dn/d65a95cfdbfa@EXAMPLE.COM, success, client=admin/admin@EXAMPLE.COM, service=kadmin/admin@EXAMPLE.COM, addr=127.0.0.1
kdc_1       | May 06 14:31:29 kdc kadmind[13](Notice): Request: kadm5_get_principal, dn/d65a95cfdbfa@EXAMPLE.COM, success, client=admin/admin@EXAMPLE.COM, service=kadmin/admin@EXAMPLE.COM, addr=127.0.0.1
datanode_1  | 2020-05-06 14:32:14,655 [pool-20-thread-1] INFO server.RaftServerConfigKeys: raft.server.log.statemachine.data.sync.timeout = 10s (default)
kdc_1       | May 06 14:31:29 kdc kadmind[13](info): closing down fd 18
datanode_1  | 2020-05-06 14:32:14,656 [pool-20-thread-1] INFO server.RaftServerConfigKeys: raft.server.log.statemachine.data.sync.timeout.retry = -1 (default)
datanode_1  | 2020-05-06 14:32:14,663 [pool-20-thread-1] INFO server.RaftServerConfigKeys: raft.server.log.statemachine.data.caching.enabled = true (custom)
kdc_1       | May 06 14:31:29 kdc kadmind[13](Notice): Request: kadm5_init, admin/admin@EXAMPLE.COM, success, client=admin/admin@EXAMPLE.COM, service=kadmin/admin@EXAMPLE.COM, addr=127.0.0.1, vers=4, flavor=6
kdc_1       | May 06 14:31:29 kdc kadmind[13](Notice): Request: kadm5_get_policy, default, Policy does not exist, client=admin/admin@EXAMPLE.COM, service=kadmin/admin@EXAMPLE.COM, addr=127.0.0.1
datanode_1  | 2020-05-06 14:32:14,668 [pool-20-thread-1] INFO segmented.SegmentedRaftLogWorker: b4cdae77-484d-4735-a8e4-732c83e32e25@group-32AD35C68643-SegmentedRaftLogWorker: flushIndex: setUnconditionally 0 -> -1
kdc_1       | May 06 14:31:29 kdc kadmind[13](Notice): Request: kadm5_create_principal, HTTP/recon@EXAMPLE.COM, success, client=admin/admin@EXAMPLE.COM, service=kadmin/admin@EXAMPLE.COM, addr=127.0.0.1
datanode_1  | 2020-05-06 14:32:14,668 [pool-20-thread-1] INFO server.RaftServerConfigKeys: raft.server.snapshot.auto.trigger.enabled = true (custom)
recon_1     | Sleeping for 5 seconds
kdc_1       | May 06 14:31:29 kdc kadmind[13](info): closing down fd 18
s3g_1       | Sleeping for 5 seconds
datanode_3  | 2020-05-06 14:32:04,805 [main] INFO server.RaftServerConfigKeys: raft.server.storage.dir = [/data/metadata/ratis] (custom)
datanode_3  | 2020-05-06 14:32:05,125 [main] INFO http.BaseHttpServer: Starting Web-server for hddsDatanode at: http://0.0.0.0:9882
datanode_1  | 2020-05-06 14:32:14,669 [pool-20-thread-1] INFO server.RaftServerConfigKeys: raft.server.snapshot.auto.trigger.threshold = 10000 (custom)
om_1        | Sleeping for 5 seconds
datanode_2  | 2020-05-06 14:32:15,020 [pool-20-thread-1] INFO server.RaftServerConfigKeys: raft.server.log.preallocated.size = 16384 (custom)
recon_1     | Setting up kerberos!!
s3g_1       | Setting up kerberos!!
datanode_3  | 2020-05-06 14:32:05,222 [main] INFO util.log: Logging initialized @32559ms to org.eclipse.jetty.util.log.Slf4jLog
kdc_1       | May 06 14:31:29 kdc kadmind[13](Notice): Request: kadm5_init, admin/admin@EXAMPLE.COM, success, client=admin/admin@EXAMPLE.COM, service=kadmin/admin@EXAMPLE.COM, addr=127.0.0.1, vers=4, flavor=6
datanode_1  | 2020-05-06 14:32:14,669 [pool-20-thread-1] INFO server.RaftServerConfigKeys: raft.server.snapshot.retention.file.num = 5 (custom)
scm_1       | Sleeping for 5 seconds
om_1        | Got 200, KDC service ready!!
datanode_2  | 2020-05-06 14:32:15,020 [pool-20-thread-1] INFO server.RaftServerConfigKeys: raft.server.log.write.buffer.size = 1048576 (custom)
recon_1     | KDC ISSUER_SERVER => kdc:8081
s3g_1       | KDC ISSUER_SERVER => kdc:8081
datanode_3  | 2020-05-06 14:32:05,593 [main] INFO server.AuthenticationFilter: Unable to initialize FileSignerSecretProvider, falling back to use random secrets.
kdc_1       | May 06 14:31:29 kdc kadmind[13](Notice): Request: kadm5_randkey_principal, HTTP/recon@EXAMPLE.COM, success, client=admin/admin@EXAMPLE.COM, service=kadmin/admin@EXAMPLE.COM, addr=127.0.0.1
datanode_1  | 2020-05-06 14:32:14,671 [pool-20-thread-1] INFO server.RaftServerConfigKeys: raft.server.log.purge.upto.snapshot.index = false (default)
scm_1       | Setting up kerberos!!
om_1        | Download om/om@EXAMPLE.COM keytab file to /etc/security/keytabs/om.keytab
datanode_2  | 2020-05-06 14:32:15,021 [pool-20-thread-1] INFO server.RaftServerConfigKeys: raft.server.log.force.sync.num = 128 (default)
recon_1     | Sleeping for 5 seconds
s3g_1       | Sleeping for 5 seconds
datanode_3  | 2020-05-06 14:32:05,635 [main] INFO http.HttpRequestLog: Http request log for http.requests.hddsDatanode is not defined
kdc_1       | May 06 14:31:29 kdc kadmind[13](Notice): Request: kadm5_get_principal, HTTP/recon@EXAMPLE.COM, success, client=admin/admin@EXAMPLE.COM, service=kadmin/admin@EXAMPLE.COM, addr=127.0.0.1
datanode_1  | 2020-05-06 14:32:14,674 [pool-20-thread-1] INFO server.RaftServerConfigKeys: raft.server.retrycache.expirytime = 600000ms (custom)
scm_1       | KDC ISSUER_SERVER => kdc:8081
om_1        | --2020-05-06 14:31:31--  http://kdc:8081/keytab/om/om
datanode_2  | 2020-05-06 14:32:15,021 [pool-20-thread-1] INFO server.RaftServerConfigKeys: raft.server.log.statemachine.data.sync = true (default)
recon_1     | Got 200, KDC service ready!!
s3g_1       | Got 200, KDC service ready!!
datanode_3  | 2020-05-06 14:32:05,654 [main] INFO http.HttpServer2: Added global filter 'safety' (class=org.apache.hadoop.hdds.server.http.HttpServer2$QuotingInputFilter)
datanode_3  | 2020-05-06 14:32:05,667 [main] INFO http.HttpServer2: Added filter static_user_filter (class=org.apache.hadoop.hdds.server.http.StaticUserWebFilter$StaticUserFilter) to context hddsDatanode
datanode_1  | 2020-05-06 14:32:14,674 [pool-20-thread-1] INFO metrics.RatisMetrics: Creating Metrics Registry : ratis.leader_election.b4cdae77-484d-4735-a8e4-732c83e32e25@group-32AD35C68643
scm_1       | Sleeping for 5 seconds
om_1        | Resolving kdc (kdc)... 172.24.0.5
datanode_2  | 2020-05-06 14:32:15,022 [pool-20-thread-1] INFO server.RaftServerConfigKeys: raft.server.log.statemachine.data.sync.timeout = 10s (default)
recon_1     | Download recon/recon@EXAMPLE.COM keytab file to /etc/security/keytabs/recon.keytab
s3g_1       | Download s3g/s3g@EXAMPLE.COM keytab file to /etc/security/keytabs/s3g.keytab
datanode_3  | 2020-05-06 14:32:05,667 [main] INFO http.HttpServer2: Added filter static_user_filter (class=org.apache.hadoop.hdds.server.http.StaticUserWebFilter$StaticUserFilter) to context static
kdc_1       | May 06 14:31:29 kdc kadmind[13](info): closing down fd 18
datanode_1  | 2020-05-06 14:32:14,675 [pool-20-thread-1] INFO metrics.RatisMetrics: Creating Metrics Registry : ratis.server.b4cdae77-484d-4735-a8e4-732c83e32e25@group-32AD35C68643
scm_1       | Got 200, KDC service ready!!
om_1        | Connecting to kdc (kdc)|172.24.0.5|:8081... connected.
datanode_2  | 2020-05-06 14:32:15,028 [pool-20-thread-1] INFO server.RaftServerConfigKeys: raft.server.log.statemachine.data.sync.timeout.retry = -1 (default)
recon_1     | --2020-05-06 14:31:29--  http://kdc:8081/keytab/recon/recon
s3g_1       | --2020-05-06 14:31:32--  http://kdc:8081/keytab/s3g/s3g
datanode_3  | 2020-05-06 14:32:05,668 [main] INFO http.HttpServer2: Added filter static_user_filter (class=org.apache.hadoop.hdds.server.http.StaticUserWebFilter$StaticUserFilter) to context logs
kdc_1       | May 06 14:31:30 kdc kadmind[13](Notice): Request: kadm5_init, admin/admin@EXAMPLE.COM, success, client=admin/admin@EXAMPLE.COM, service=kadmin/admin@EXAMPLE.COM, addr=127.0.0.1, vers=4, flavor=6
datanode_1  | 2020-05-06 14:32:14,691 [pool-20-thread-1] INFO impl.RaftServerImpl: b4cdae77-484d-4735-a8e4-732c83e32e25@group-32AD35C68643: start as a follower, conf=-1: [a39dd170-5143-4376-a5b2-71126e2fadb2:172.24.0.8:9858, 6e049c5b-d185-4ced-aeac-1cad594d1d76:172.24.0.2:9858, b4cdae77-484d-4735-a8e4-732c83e32e25:172.24.0.4:9858], old=null
scm_1       | Download scm/scm@EXAMPLE.COM keytab file to /etc/security/keytabs/scm.keytab
om_1        | HTTP request sent, awaiting response... 200 OK
datanode_2  | 2020-05-06 14:32:15,029 [pool-20-thread-1] INFO server.RaftServerConfigKeys: raft.server.log.statemachine.data.caching.enabled = true (custom)
recon_1     | Resolving kdc (kdc)... 172.24.0.5
s3g_1       | Resolving kdc (kdc)... 172.24.0.5
datanode_3  | 2020-05-06 14:32:05,849 [main] INFO http.HttpServer2: Jetty bound to port 9882
kdc_1       | May 06 14:31:30 kdc kadmind[13](Notice): Request: kadm5_get_policy, default, Policy does not exist, client=admin/admin@EXAMPLE.COM, service=kadmin/admin@EXAMPLE.COM, addr=127.0.0.1
datanode_1  | 2020-05-06 14:32:14,694 [pool-20-thread-1] INFO impl.RaftServerImpl: b4cdae77-484d-4735-a8e4-732c83e32e25@group-32AD35C68643: changes role from      null to FOLLOWER at term 0 for startAsFollower
scm_1       | --2020-05-06 14:31:30--  http://kdc:8081/keytab/scm/scm
om_1        | Length: 138 [application/octet-stream]
datanode_2  | 2020-05-06 14:32:15,029 [pool-20-thread-1] INFO segmented.SegmentedRaftLogWorker: a39dd170-5143-4376-a5b2-71126e2fadb2@group-32AD35C68643-SegmentedRaftLogWorker: flushIndex: setUnconditionally 0 -> -1
recon_1     | Connecting to kdc (kdc)|172.24.0.5|:8081... connected.
s3g_1       | Connecting to kdc (kdc)|172.24.0.5|:8081... connected.
datanode_3  | 2020-05-06 14:32:05,850 [main] INFO server.Server: jetty-9.4.26.v20200117; built: 2020-01-17T12:35:33.676Z; git: 7b38981d25d14afb4a12ff1f2596756144edf695; jvm 11.0.6+10-LTS
kdc_1       | May 06 14:31:30 kdc kadmind[13](Notice): Request: kadm5_create_principal, HTTP/d65a95cfdbfa@EXAMPLE.COM, success, client=admin/admin@EXAMPLE.COM, service=kadmin/admin@EXAMPLE.COM, addr=127.0.0.1
datanode_1  | 2020-05-06 14:32:14,698 [pool-20-thread-1] INFO impl.RoleInfo: b4cdae77-484d-4735-a8e4-732c83e32e25: start FollowerState
scm_1       | Resolving kdc (kdc)... 172.24.0.5
om_1        | Saving to: '/etc/security/keytabs/om.keytab'
datanode_2  | 2020-05-06 14:32:15,031 [pool-20-thread-1] INFO server.RaftServerConfigKeys: raft.server.snapshot.auto.trigger.enabled = true (custom)
recon_1     | HTTP request sent, awaiting response... 200 OK
s3g_1       | HTTP request sent, awaiting response... 200 OK
datanode_3  | 2020-05-06 14:32:06,017 [main] INFO server.session: DefaultSessionIdManager workerName=node0
kdc_1       | May 06 14:31:30 kdc kadmind[13](info): closing down fd 18
datanode_1  | 2020-05-06 14:32:14,698 [pool-20-thread-1] INFO util.JmxRegister: Successfully registered JMX Bean with object name Ratis:service=RaftServer,group=group-32AD35C68643,id=b4cdae77-484d-4735-a8e4-732c83e32e25
scm_1       | Connecting to kdc (kdc)|172.24.0.5|:8081... connected.
om_1        | 
datanode_2  | 2020-05-06 14:32:15,033 [pool-20-thread-1] INFO server.RaftServerConfigKeys: raft.server.snapshot.auto.trigger.threshold = 10000 (custom)
recon_1     | Length: 150 [application/octet-stream]
s3g_1       | Length: 142 [application/octet-stream]
datanode_3  | 2020-05-06 14:32:06,020 [main] INFO server.session: No SessionScavenger set, using defaults
kdc_1       | May 06 14:31:30 kdc kadmind[13](Notice): Request: kadm5_init, admin/admin@EXAMPLE.COM, success, client=admin/admin@EXAMPLE.COM, service=kadmin/admin@EXAMPLE.COM, addr=127.0.0.1, vers=4, flavor=6
datanode_1  | 2020-05-06 14:32:14,704 [pool-20-thread-1] INFO metrics.RatisMetrics: Creating Metrics Registry : ratis.state_machine.b4cdae77-484d-4735-a8e4-732c83e32e25@group-32AD35C68643
scm_1       | HTTP request sent, awaiting response... 200 OK
om_1        |      0K                                                       100% 5.77M=0s
datanode_2  | 2020-05-06 14:32:15,040 [pool-20-thread-1] INFO server.RaftServerConfigKeys: raft.server.snapshot.retention.file.num = 5 (custom)
recon_1     | Saving to: '/etc/security/keytabs/recon.keytab'
s3g_1       | Saving to: '/etc/security/keytabs/s3g.keytab'
datanode_3  | 2020-05-06 14:32:06,022 [main] INFO server.session: node0 Scavenging every 600000ms
kdc_1       | May 06 14:31:30 kdc kadmind[13](Notice): Request: kadm5_randkey_principal, HTTP/d65a95cfdbfa@EXAMPLE.COM, success, client=admin/admin@EXAMPLE.COM, service=kadmin/admin@EXAMPLE.COM, addr=127.0.0.1
datanode_1  | 2020-05-06 14:32:17,803 [Command processor thread] INFO commandhandler.CreatePipelineCommandHandler: Created Pipeline RATIS THREE #id: "113f14aa-f604-4e7c-b2c8-32ad35c68643"
scm_1       | Length: 142 [application/octet-stream]
om_1        | 
datanode_2  | 2020-05-06 14:32:15,040 [pool-20-thread-1] INFO server.RaftServerConfigKeys: raft.server.log.purge.upto.snapshot.index = false (default)
recon_1     | 
s3g_1       | 
datanode_3  | 2020-05-06 14:32:06,098 [main] INFO handler.ContextHandler: Started o.e.j.s.ServletContextHandler@77724cbe{logs,/logs,file:///var/log/hadoop/,AVAILABLE}
kdc_1       | May 06 14:31:30 kdc kadmind[13](Notice): Request: kadm5_get_principal, HTTP/d65a95cfdbfa@EXAMPLE.COM, success, client=admin/admin@EXAMPLE.COM, service=kadmin/admin@EXAMPLE.COM, addr=127.0.0.1
datanode_1  | .
scm_1       | Saving to: '/etc/security/keytabs/scm.keytab'
om_1        | 2020-05-06 14:31:31 (5.77 MB/s) - '/etc/security/keytabs/om.keytab' saved [138/138]
datanode_2  | 2020-05-06 14:32:15,041 [pool-20-thread-1] INFO server.RaftServerConfigKeys: raft.server.retrycache.expirytime = 600000ms (custom)
recon_1     |      0K                                                       100% 28.6M=0s
s3g_1       |      0K                                                       100% 17.6M=0s
datanode_3  | 2020-05-06 14:32:06,100 [main] INFO handler.ContextHandler: Started o.e.j.s.ServletContextHandler@16f0ec18{static,/static,jar:file:/opt/hadoop/share/ozone/lib/hadoop-hdds-container-service-0.6.0-SNAPSHOT.jar!/webapps/static,AVAILABLE}
kdc_1       | May 06 14:31:30 kdc kadmind[13](info): closing down fd 18
datanode_1  | 2020-05-06 14:32:19,581 [Thread-22] INFO impl.FollowerState: b4cdae77-484d-4735-a8e4-732c83e32e25@group-4595A50D14BF-FollowerState: change to CANDIDATE, lastRpcTime:5173ms, electionTimeout:5076ms
scm_1       | 
om_1        | 
datanode_2  | 2020-05-06 14:32:15,041 [pool-20-thread-1] INFO metrics.RatisMetrics: Creating Metrics Registry : ratis.leader_election.a39dd170-5143-4376-a5b2-71126e2fadb2@group-32AD35C68643
recon_1     | 
s3g_1       | 
datanode_3  | 2020-05-06 14:32:06,546 [main] INFO handler.ContextHandler: Started o.e.j.w.WebAppContext@28ee0a3c{hddsDatanode,/,file:///tmp/jetty-0_0_0_0-9882-hadoop-hdds-container-service-0_6_0-SNAPSHOT_jar-_-any-7060119373979525890.dir/webapp/,AVAILABLE}{jar:file:/opt/hadoop/share/ozone/lib/hadoop-hdds-container-service-0.6.0-SNAPSHOT.jar!/webapps/hddsDatanode}
kdc_1       | May 06 14:31:29 kdc krb5kdc[8](info): AS_REQ (8 etypes {18 17 20 19 16 23 25 26}) 127.0.0.1: SERVER_NOT_FOUND: admin/admin@EXAMPLE.COM for kadmin/localhost@EXAMPLE.COM, Server not found in Kerberos database
datanode_1  | 2020-05-06 14:32:19,583 [Thread-22] INFO impl.RoleInfo: b4cdae77-484d-4735-a8e4-732c83e32e25: shutdown FollowerState
scm_1       |      0K                                                       100% 23.3M=0s
om_1        | --2020-05-06 14:31:31--  http://kdc:8081/keytab/om/HTTP
datanode_2  | 2020-05-06 14:32:15,041 [pool-20-thread-1] INFO metrics.RatisMetrics: Creating Metrics Registry : ratis.server.a39dd170-5143-4376-a5b2-71126e2fadb2@group-32AD35C68643
recon_1     | 2020-05-06 14:31:29 (28.6 MB/s) - '/etc/security/keytabs/recon.keytab' saved [150/150]
s3g_1       | 2020-05-06 14:31:32 (17.6 MB/s) - '/etc/security/keytabs/s3g.keytab' saved [142/142]
datanode_3  | 2020-05-06 14:32:06,591 [main] INFO server.AbstractConnector: Started ServerConnector@4d4436d0{HTTP/1.1,[http/1.1]}{0.0.0.0:9882}
kdc_1       | May 06 14:31:29 kdc krb5kdc[8](info): AS_REQ (8 etypes {18 17 20 19 16 23 25 26}) 127.0.0.1: ISSUE: authtime 1588775489, etypes {rep=18 tkt=18 ses=18}, admin/admin@EXAMPLE.COM for kadmin/admin@EXAMPLE.COM
datanode_1  | 2020-05-06 14:32:19,584 [Thread-22] INFO impl.RaftServerImpl: b4cdae77-484d-4735-a8e4-732c83e32e25@group-4595A50D14BF: changes role from  FOLLOWER to CANDIDATE at term 0 for changeToCandidate
scm_1       | 
om_1        | Keytab name: FILE:/etc/security/keytabs/om.keytab
datanode_2  | 2020-05-06 14:32:15,042 [pool-20-thread-1] INFO impl.RaftServerImpl: a39dd170-5143-4376-a5b2-71126e2fadb2@group-32AD35C68643: start as a follower, conf=-1: [a39dd170-5143-4376-a5b2-71126e2fadb2:172.24.0.8:9858, 6e049c5b-d185-4ced-aeac-1cad594d1d76:172.24.0.2:9858, b4cdae77-484d-4735-a8e4-732c83e32e25:172.24.0.4:9858], old=null
recon_1     | 
s3g_1       | 
datanode_3  | 2020-05-06 14:32:06,598 [main] INFO server.Server: Started @33927ms
kdc_1       | May 06 14:31:29 kdc krb5kdc[8](info): AS_REQ (8 etypes {18 17 20 19 16 23 25 26}) 127.0.0.1: SERVER_NOT_FOUND: admin/admin@EXAMPLE.COM for kadmin/localhost@EXAMPLE.COM, Server not found in Kerberos database
datanode_1  | 2020-05-06 14:32:19,586 [Thread-22] INFO impl.RoleInfo: b4cdae77-484d-4735-a8e4-732c83e32e25: start LeaderElection
scm_1       | 2020-05-06 14:31:31 (23.3 MB/s) - '/etc/security/keytabs/scm.keytab' saved [142/142]
om_1        | KVNO Timestamp         Principal
datanode_2  | 2020-05-06 14:32:15,043 [pool-20-thread-1] INFO impl.RaftServerImpl: a39dd170-5143-4376-a5b2-71126e2fadb2@group-32AD35C68643: changes role from      null to FOLLOWER at term 0 for startAsFollower
recon_1     | Keytab name: FILE:/etc/security/keytabs/recon.keytab
s3g_1       | Keytab name: FILE:/etc/security/keytabs/s3g.keytab
datanode_3  | 2020-05-06 14:32:06,611 [main] INFO impl.MetricsSinkAdapter: Sink prometheus started
kdc_1       | May 06 14:31:29 kdc krb5kdc[8](info): AS_REQ (8 etypes {18 17 20 19 16 23 25 26}) 127.0.0.1: ISSUE: authtime 1588775489, etypes {rep=18 tkt=18 ses=18}, admin/admin@EXAMPLE.COM for kadmin/admin@EXAMPLE.COM
datanode_1  | 2020-05-06 14:32:19,605 [b4cdae77-484d-4735-a8e4-732c83e32e25@group-4595A50D14BF-LeaderElection1] INFO impl.LeaderElection: b4cdae77-484d-4735-a8e4-732c83e32e25@group-4595A50D14BF-LeaderElection1: begin an election at term 1 for -1: [b4cdae77-484d-4735-a8e4-732c83e32e25:172.24.0.4:9858], old=null
scm_1       | 
om_1        | ---- ----------------- --------------------------------------------------------
om_1        |    2 05/06/20 14:31:31 om/om@EXAMPLE.COM
recon_1     | KVNO Timestamp         Principal
s3g_1       | KVNO Timestamp         Principal
datanode_3  | 2020-05-06 14:32:06,611 [main] INFO impl.MetricsSystemImpl: Registered sink prometheus
kdc_1       | May 06 14:31:29 kdc krb5kdc[8](info): AS_REQ (8 etypes {18 17 20 19 16 23 25 26}) 127.0.0.1: SERVER_NOT_FOUND: admin/admin@EXAMPLE.COM for kadmin/localhost@EXAMPLE.COM, Server not found in Kerberos database
datanode_1  | 2020-05-06 14:32:19,606 [b4cdae77-484d-4735-a8e4-732c83e32e25@group-4595A50D14BF-LeaderElection1] INFO impl.RoleInfo: b4cdae77-484d-4735-a8e4-732c83e32e25: shutdown LeaderElection
om_1        |    2 05/06/20 14:31:31 om/om@EXAMPLE.COM
datanode_2  | 2020-05-06 14:32:15,044 [pool-20-thread-1] INFO impl.RoleInfo: a39dd170-5143-4376-a5b2-71126e2fadb2: start FollowerState
scm_1       | Keytab name: FILE:/etc/security/keytabs/scm.keytab
recon_1     | ---- ----------------- --------------------------------------------------------
s3g_1       | ---- ----------------- --------------------------------------------------------
datanode_3  | 2020-05-06 14:32:06,627 [main] INFO http.BaseHttpServer: HTTP server of hddsDatanode listening at http://0.0.0.0:9882
kdc_1       | May 06 14:31:29 kdc krb5kdc[8](info): AS_REQ (8 etypes {18 17 20 19 16 23 25 26}) 127.0.0.1: ISSUE: authtime 1588775489, etypes {rep=18 tkt=18 ses=18}, admin/admin@EXAMPLE.COM for kadmin/admin@EXAMPLE.COM
datanode_1  | 2020-05-06 14:32:19,606 [b4cdae77-484d-4735-a8e4-732c83e32e25@group-4595A50D14BF-LeaderElection1] INFO impl.RaftServerImpl: b4cdae77-484d-4735-a8e4-732c83e32e25@group-4595A50D14BF: changes role from CANDIDATE to LEADER at term 1 for changeToLeader
om_1        | Download HTTP/om@EXAMPLE.COM keytab file to /etc/security/keytabs/HTTP.keytab
datanode_2  | 2020-05-06 14:32:15,075 [pool-20-thread-1] INFO util.JmxRegister: Successfully registered JMX Bean with object name Ratis:service=RaftServer,group=group-32AD35C68643,id=a39dd170-5143-4376-a5b2-71126e2fadb2
scm_1       | KVNO Timestamp         Principal
recon_1     |    2 05/06/20 14:31:29 recon/recon@EXAMPLE.COM
s3g_1       |    2 05/06/20 14:31:32 s3g/s3g@EXAMPLE.COM
datanode_3  | 2020-05-06 14:32:06,727 [org.apache.hadoop.util.JvmPauseMonitor$Monitor@ad8cfa7] INFO util.JvmPauseMonitor: Starting JVM pause monitor
kdc_1       | May 06 14:31:29 kdc krb5kdc[8](info): AS_REQ (8 etypes {18 17 20 19 16 23 25 26}) 127.0.0.1: SERVER_NOT_FOUND: admin/admin@EXAMPLE.COM for kadmin/localhost@EXAMPLE.COM, Server not found in Kerberos database
datanode_1  | 2020-05-06 14:32:19,607 [b4cdae77-484d-4735-a8e4-732c83e32e25@group-4595A50D14BF-LeaderElection1] INFO ratis.XceiverServerRatis: Leader change notification received for group: group-4595A50D14BF with new leaderId: b4cdae77-484d-4735-a8e4-732c83e32e25
om_1        | Resolving kdc (kdc)... 172.24.0.5
datanode_2  | 2020-05-06 14:32:15,075 [pool-20-thread-1] INFO metrics.RatisMetrics: Creating Metrics Registry : ratis.state_machine.a39dd170-5143-4376-a5b2-71126e2fadb2@group-32AD35C68643
scm_1       | ---- ----------------- --------------------------------------------------------
recon_1     |    2 05/06/20 14:31:29 recon/recon@EXAMPLE.COM
s3g_1       |    2 05/06/20 14:31:32 s3g/s3g@EXAMPLE.COM
datanode_3  | 2020-05-06 14:32:06,882 [Datanode State Machine Thread - 0] INFO statemachine.SCMConnectionManager: Adding Recon Server : recon/172.24.0.3:9891
kdc_1       | May 06 14:31:29 kdc krb5kdc[8](info): AS_REQ (8 etypes {18 17 20 19 16 23 25 26}) 127.0.0.1: ISSUE: authtime 1588775489, etypes {rep=18 tkt=18 ses=18}, admin/admin@EXAMPLE.COM for kadmin/admin@EXAMPLE.COM
datanode_1  | 2020-05-06 14:32:19,610 [b4cdae77-484d-4735-a8e4-732c83e32e25@group-4595A50D14BF-LeaderElection1] INFO impl.RaftServerImpl: b4cdae77-484d-4735-a8e4-732c83e32e25@group-4595A50D14BF: change Leader from null to b4cdae77-484d-4735-a8e4-732c83e32e25 at term 1 for becomeLeader, leader elected after 5985ms
om_1        | Connecting to kdc (kdc)|172.24.0.5|:8081... connected.
datanode_2  | 2020-05-06 14:32:17,783 [Command processor thread] INFO commandhandler.CreatePipelineCommandHandler: Created Pipeline RATIS THREE #id: "113f14aa-f604-4e7c-b2c8-32ad35c68643"
scm_1       |    2 05/06/20 14:31:31 scm/scm@EXAMPLE.COM
recon_1     | Download HTTP/recon@EXAMPLE.COM keytab file to /etc/security/keytabs/HTTP.keytab
s3g_1       | Download HTTP/s3g@EXAMPLE.COM keytab file to /etc/security/keytabs/HTTP.keytab
datanode_3  | 2020-05-06 14:32:09,049 [Datanode State Machine Thread - 0] INFO ozoneimpl.OzoneContainer: Attempting to start container services.
kdc_1       | May 06 14:31:29 kdc krb5kdc[8](info): AS_REQ (8 etypes {18 17 20 19 16 23 25 26}) 127.0.0.1: SERVER_NOT_FOUND: admin/admin@EXAMPLE.COM for kadmin/localhost@EXAMPLE.COM, Server not found in Kerberos database
datanode_1  | 2020-05-06 14:32:19,614 [b4cdae77-484d-4735-a8e4-732c83e32e25@group-4595A50D14BF-LeaderElection1] INFO server.RaftServerConfigKeys: raft.server.staging.catchup.gap = 1000 (default)
om_1        | HTTP request sent, awaiting response... 200 OK
datanode_2  | .
scm_1       |    2 05/06/20 14:31:31 scm/scm@EXAMPLE.COM
recon_1     | --2020-05-06 14:31:29--  http://kdc:8081/keytab/recon/HTTP
s3g_1       | --2020-05-06 14:31:32--  http://kdc:8081/keytab/s3g/HTTP
s3g_1       | Resolving kdc (kdc)... 172.24.0.5
datanode_3  | 2020-05-06 14:32:09,050 [Datanode State Machine Thread - 0] INFO ozoneimpl.OzoneContainer: Background container scanner has been disabled.
datanode_1  | 2020-05-06 14:32:19,614 [b4cdae77-484d-4735-a8e4-732c83e32e25@group-4595A50D14BF-LeaderElection1] INFO server.RaftServerConfigKeys: raft.server.rpc.sleep.time = 25ms (default)
om_1        | Length: 142 [application/octet-stream]
datanode_2  | 2020-05-06 14:32:19,943 [Thread-22] INFO impl.FollowerState: a39dd170-5143-4376-a5b2-71126e2fadb2@group-CE5A234AFCA2-FollowerState: change to CANDIDATE, lastRpcTime:5101ms, electionTimeout:5073ms
scm_1       | Download HTTP/scm@EXAMPLE.COM keytab file to /etc/security/keytabs/HTTP.keytab
recon_1     | Resolving kdc (kdc)... 172.24.0.5
kdc_1       | May 06 14:31:29 kdc krb5kdc[8](info): AS_REQ (8 etypes {18 17 20 19 16 23 25 26}) 127.0.0.1: ISSUE: authtime 1588775489, etypes {rep=18 tkt=18 ses=18}, admin/admin@EXAMPLE.COM for kadmin/admin@EXAMPLE.COM
s3g_1       | Connecting to kdc (kdc)|172.24.0.5|:8081... connected.
datanode_3  | 2020-05-06 14:32:09,051 [Datanode State Machine Thread - 0] INFO ratis.XceiverServerRatis: Starting XceiverServerRatis 6e049c5b-d185-4ced-aeac-1cad594d1d76 at port 9858
datanode_1  | 2020-05-06 14:32:19,625 [b4cdae77-484d-4735-a8e4-732c83e32e25@group-4595A50D14BF-LeaderElection1] INFO metrics.RatisMetrics: Creating Metrics Registry : ratis.log_appender.b4cdae77-484d-4735-a8e4-732c83e32e25@group-4595A50D14BF
om_1        | Saving to: '/etc/security/keytabs/HTTP.keytab'
datanode_2  | 2020-05-06 14:32:19,944 [Thread-22] INFO impl.RoleInfo: a39dd170-5143-4376-a5b2-71126e2fadb2: shutdown FollowerState
scm_1       | --2020-05-06 14:31:31--  http://kdc:8081/keytab/scm/HTTP
recon_1     | Connecting to kdc (kdc)|172.24.0.5|:8081... connected.
kdc_1       | May 06 14:31:29 kdc krb5kdc[8](info): AS_REQ (8 etypes {18 17 20 19 16 23 25 26}) 127.0.0.1: SERVER_NOT_FOUND: admin/admin@EXAMPLE.COM for kadmin/localhost@EXAMPLE.COM, Server not found in Kerberos database
s3g_1       | HTTP request sent, awaiting response... 200 OK
datanode_3  | 2020-05-06 14:32:09,084 [Datanode State Machine Thread - 0] INFO impl.RaftServerProxy: 6e049c5b-d185-4ced-aeac-1cad594d1d76: start RPC server
datanode_1  | 2020-05-06 14:32:19,632 [b4cdae77-484d-4735-a8e4-732c83e32e25@group-4595A50D14BF-LeaderElection1] INFO server.RaftServerConfigKeys: raft.server.write.element-limit = 1024 (custom)
om_1        | 
datanode_2  | 2020-05-06 14:32:19,944 [Thread-22] INFO impl.RaftServerImpl: a39dd170-5143-4376-a5b2-71126e2fadb2@group-CE5A234AFCA2: changes role from  FOLLOWER to CANDIDATE at term 0 for changeToCandidate
scm_1       | Resolving kdc (kdc)... 172.24.0.5
recon_1     | HTTP request sent, awaiting response... 200 OK
kdc_1       | May 06 14:31:29 kdc krb5kdc[8](info): AS_REQ (8 etypes {18 17 20 19 16 23 25 26}) 127.0.0.1: ISSUE: authtime 1588775489, etypes {rep=18 tkt=18 ses=18}, admin/admin@EXAMPLE.COM for kadmin/admin@EXAMPLE.COM
s3g_1       | Length: 144 [application/octet-stream]
datanode_3  | 2020-05-06 14:32:09,319 [Datanode State Machine Thread - 0] INFO server.GrpcService: 6e049c5b-d185-4ced-aeac-1cad594d1d76: GrpcService started, listening on 0.0.0.0/0.0.0.0:9858
datanode_1  | 2020-05-06 14:32:19,632 [b4cdae77-484d-4735-a8e4-732c83e32e25@group-4595A50D14BF-LeaderElection1] INFO server.RaftServerConfigKeys: raft.server.write.byte-limit = 1073741824 (custom)
om_1        |      0K                                                       100% 28.2M=0s
datanode_2  | 2020-05-06 14:32:19,956 [Thread-22] INFO impl.RoleInfo: a39dd170-5143-4376-a5b2-71126e2fadb2: start LeaderElection
scm_1       | Connecting to kdc (kdc)|172.24.0.5|:8081... connected.
recon_1     | Length: 148 [application/octet-stream]
kdc_1       | May 06 14:31:30 kdc krb5kdc[8](info): AS_REQ (8 etypes {18 17 20 19 16 23 25 26}) 127.0.0.1: SERVER_NOT_FOUND: admin/admin@EXAMPLE.COM for kadmin/localhost@EXAMPLE.COM, Server not found in Kerberos database
s3g_1       | Saving to: '/etc/security/keytabs/HTTP.keytab'
datanode_3  | 2020-05-06 14:32:13,791 [Command processor thread] INFO impl.RaftServerProxy: 6e049c5b-d185-4ced-aeac-1cad594d1d76: addNew group-81BE0EE84581:[6e049c5b-d185-4ced-aeac-1cad594d1d76:172.24.0.2:9858] returns group-81BE0EE84581:java.util.concurrent.CompletableFuture@3784a7f4[Not completed]
datanode_1  | 2020-05-06 14:32:19,672 [b4cdae77-484d-4735-a8e4-732c83e32e25@group-4595A50D14BF-LeaderElection1] INFO server.RaftServerConfigKeys: raft.server.watch.timeout = 180s (custom)
om_1        | 
datanode_2  | 2020-05-06 14:32:19,968 [a39dd170-5143-4376-a5b2-71126e2fadb2@group-CE5A234AFCA2-LeaderElection1] INFO impl.LeaderElection: a39dd170-5143-4376-a5b2-71126e2fadb2@group-CE5A234AFCA2-LeaderElection1: begin an election at term 1 for -1: [a39dd170-5143-4376-a5b2-71126e2fadb2:172.24.0.8:9858], old=null
datanode_2  | 2020-05-06 14:32:19,969 [a39dd170-5143-4376-a5b2-71126e2fadb2@group-CE5A234AFCA2-LeaderElection1] INFO impl.RoleInfo: a39dd170-5143-4376-a5b2-71126e2fadb2: shutdown LeaderElection
datanode_2  | 2020-05-06 14:32:19,969 [a39dd170-5143-4376-a5b2-71126e2fadb2@group-CE5A234AFCA2-LeaderElection1] INFO impl.RaftServerImpl: a39dd170-5143-4376-a5b2-71126e2fadb2@group-CE5A234AFCA2: changes role from CANDIDATE to LEADER at term 1 for changeToLeader
datanode_2  | 2020-05-06 14:32:19,969 [a39dd170-5143-4376-a5b2-71126e2fadb2@group-CE5A234AFCA2-LeaderElection1] INFO ratis.XceiverServerRatis: Leader change notification received for group: group-CE5A234AFCA2 with new leaderId: a39dd170-5143-4376-a5b2-71126e2fadb2
s3g_1       | 
s3g_1       |      0K                                                       100% 18.8M=0s
s3g_1       | 
s3g_1       | 2020-05-06 14:31:32 (18.8 MB/s) - '/etc/security/keytabs/HTTP.keytab' saved [144/144]
kdc_1       | May 06 14:31:30 kdc krb5kdc[8](info): AS_REQ (8 etypes {18 17 20 19 16 23 25 26}) 127.0.0.1: ISSUE: authtime 1588775490, etypes {rep=18 tkt=18 ses=18}, admin/admin@EXAMPLE.COM for kadmin/admin@EXAMPLE.COM
datanode_2  | 2020-05-06 14:32:19,977 [a39dd170-5143-4376-a5b2-71126e2fadb2@group-CE5A234AFCA2-LeaderElection1] INFO impl.RaftServerImpl: a39dd170-5143-4376-a5b2-71126e2fadb2@group-CE5A234AFCA2: change Leader from null to a39dd170-5143-4376-a5b2-71126e2fadb2 at term 1 for becomeLeader, leader elected after 6190ms
datanode_3  | 2020-05-06 14:32:13,979 [pool-20-thread-1] INFO impl.RaftServerImpl: 6e049c5b-d185-4ced-aeac-1cad594d1d76: new RaftServerImpl for group-81BE0EE84581:[6e049c5b-d185-4ced-aeac-1cad594d1d76:172.24.0.2:9858] with ContainerStateMachine:uninitialized
datanode_3  | 2020-05-06 14:32:13,988 [pool-20-thread-1] INFO server.RaftServerConfigKeys: raft.server.rpc.timeout.min = 5s (custom)
om_1        | 2020-05-06 14:31:31 (28.2 MB/s) - '/etc/security/keytabs/HTTP.keytab' saved [142/142]
recon_1     | Saving to: '/etc/security/keytabs/HTTP.keytab'
s3g_1       | 
kdc_1       | Generiting keytab
kdc_1       | Authenticating as principal admin/admin with keytab /tmp/admin.keytab.
scm_1       | HTTP request sent, awaiting response... 200 OK
datanode_2  | 2020-05-06 14:32:19,984 [a39dd170-5143-4376-a5b2-71126e2fadb2@group-CE5A234AFCA2-LeaderElection1] INFO server.RaftServerConfigKeys: raft.server.staging.catchup.gap = 1000 (default)
datanode_3  | 2020-05-06 14:32:13,997 [pool-20-thread-1] INFO server.RaftServerConfigKeys: raft.server.rpc.timeout.max = 5200ms (custom)
datanode_1  | 2020-05-06 14:32:19,684 [b4cdae77-484d-4735-a8e4-732c83e32e25@group-4595A50D14BF-LeaderElection1] INFO server.RaftServerConfigKeys: raft.server.watch.timeout.denomination = 1s (default)
om_1        | 
recon_1     | 
s3g_1       | Keytab name: FILE:/etc/security/keytabs/HTTP.keytab
kdc_1       | WARNING: no policy specified for scm/scm@EXAMPLE.COM; defaulting to no policy
datanode_1  | 2020-05-06 14:32:19,685 [b4cdae77-484d-4735-a8e4-732c83e32e25@group-4595A50D14BF-LeaderElection1] INFO server.RaftServerConfigKeys: raft.server.watch.element-limit = 65536 (default)
datanode_1  | 2020-05-06 14:32:19,711 [b4cdae77-484d-4735-a8e4-732c83e32e25@group-4595A50D14BF-LeaderElection1] INFO impl.RoleInfo: b4cdae77-484d-4735-a8e4-732c83e32e25: start LeaderState
recon_1     |      0K                                                       100% 21.4M=0s
s3g_1       | KVNO Timestamp         Principal
datanode_3  | 2020-05-06 14:32:14,000 [pool-20-thread-1] INFO server.RaftServerConfigKeys: raft.server.rpcslowness.timeout = 300s (custom)
om_1        | Keytab name: FILE:/etc/security/keytabs/HTTP.keytab
scm_1       | Length: 144 [application/octet-stream]
kdc_1       | Principal "scm/scm@EXAMPLE.COM" created.
datanode_1  | 2020-05-06 14:32:19,779 [b4cdae77-484d-4735-a8e4-732c83e32e25@group-4595A50D14BF-LeaderElection1] INFO segmented.SegmentedRaftLogWorker: b4cdae77-484d-4735-a8e4-732c83e32e25@group-4595A50D14BF-SegmentedRaftLogWorker: Starting segment from index:0
datanode_2  | 2020-05-06 14:32:19,984 [a39dd170-5143-4376-a5b2-71126e2fadb2@group-CE5A234AFCA2-LeaderElection1] INFO server.RaftServerConfigKeys: raft.server.rpc.sleep.time = 25ms (default)
recon_1     | 
s3g_1       | ---- ----------------- --------------------------------------------------------
datanode_3  | 2020-05-06 14:32:14,011 [pool-20-thread-1] INFO server.RaftServerConfigKeys: raft.server.sleep.deviation.threshold = 300 (default)
om_1        | KVNO Timestamp         Principal
scm_1       | Saving to: '/etc/security/keytabs/HTTP.keytab'
kdc_1       | Authenticating as principal admin/admin with keytab /tmp/admin.keytab.
datanode_1  | 2020-05-06 14:32:19,815 [b4cdae77-484d-4735-a8e4-732c83e32e25@group-4595A50D14BF-LeaderElection1] INFO impl.RaftServerImpl: b4cdae77-484d-4735-a8e4-732c83e32e25@group-4595A50D14BF: set configuration 0: [b4cdae77-484d-4735-a8e4-732c83e32e25:172.24.0.4:9858], old=null at 0
recon_1     | 2020-05-06 14:31:29 (21.4 MB/s) - '/etc/security/keytabs/HTTP.keytab' saved [148/148]
datanode_2  | 2020-05-06 14:32:19,986 [a39dd170-5143-4376-a5b2-71126e2fadb2@group-CE5A234AFCA2-LeaderElection1] INFO metrics.RatisMetrics: Creating Metrics Registry : ratis.log_appender.a39dd170-5143-4376-a5b2-71126e2fadb2@group-CE5A234AFCA2
s3g_1       |    2 05/06/20 14:31:32 HTTP/s3g@EXAMPLE.COM
datanode_3  | 2020-05-06 14:32:14,012 [pool-20-thread-1] INFO server.RaftServerConfigKeys: raft.server.log.appender.install.snapshot.enabled = false (custom)
om_1        | ---- ----------------- --------------------------------------------------------
scm_1       | 
kdc_1       | Entry for principal scm/scm@EXAMPLE.COM with kvno 2, encryption type aes256-cts-hmac-sha1-96 added to keytab WRFILE:/data/scm.scm.keytab.
datanode_1  | 2020-05-06 14:32:19,895 [Thread-24] INFO impl.FollowerState: b4cdae77-484d-4735-a8e4-732c83e32e25@group-32AD35C68643-FollowerState: change to CANDIDATE, lastRpcTime:5197ms, electionTimeout:5190ms
recon_1     | 
datanode_2  | 2020-05-06 14:32:20,004 [a39dd170-5143-4376-a5b2-71126e2fadb2@group-CE5A234AFCA2-LeaderElection1] INFO server.RaftServerConfigKeys: raft.server.write.element-limit = 1024 (custom)
s3g_1       |    2 05/06/20 14:31:32 HTTP/s3g@EXAMPLE.COM
datanode_3  | 2020-05-06 14:32:14,048 [pool-20-thread-1] INFO impl.RaftServerImpl: 6e049c5b-d185-4ced-aeac-1cad594d1d76@group-81BE0EE84581: ConfigurationManager, init=-1: [6e049c5b-d185-4ced-aeac-1cad594d1d76:172.24.0.2:9858], old=null, confs=<EMPTY_MAP>
om_1        |    2 05/06/20 14:31:31 HTTP/om@EXAMPLE.COM
scm_1       |      0K                                                       100% 25.4M=0s
kdc_1       | Entry for principal scm/scm@EXAMPLE.COM with kvno 2, encryption type aes128-cts-hmac-sha1-96 added to keytab WRFILE:/data/scm.scm.keytab.
datanode_1  | 2020-05-06 14:32:19,908 [Thread-24] INFO impl.RoleInfo: b4cdae77-484d-4735-a8e4-732c83e32e25: shutdown FollowerState
recon_1     | Keytab name: FILE:/etc/security/keytabs/HTTP.keytab
recon_1     | KVNO Timestamp         Principal
s3g_1       | Download testuser/s3g@EXAMPLE.COM keytab file to /etc/security/keytabs/testuser.keytab
datanode_3  | 2020-05-06 14:32:14,048 [pool-20-thread-1] INFO server.RaftServerConfigKeys: raft.server.storage.dir = [/data/metadata/ratis] (custom)
om_1        |    2 05/06/20 14:31:31 HTTP/om@EXAMPLE.COM
scm_1       | 
kdc_1       | Generiting keytab
datanode_1  | 2020-05-06 14:32:19,909 [Thread-24] INFO impl.RaftServerImpl: b4cdae77-484d-4735-a8e4-732c83e32e25@group-32AD35C68643: changes role from  FOLLOWER to CANDIDATE at term 0 for changeToCandidate
recon_1     | ---- ----------------- --------------------------------------------------------
datanode_2  | 2020-05-06 14:32:20,012 [a39dd170-5143-4376-a5b2-71126e2fadb2@group-CE5A234AFCA2-LeaderElection1] INFO server.RaftServerConfigKeys: raft.server.write.byte-limit = 1073741824 (custom)
s3g_1       | --2020-05-06 14:31:32--  http://kdc:8081/keytab/s3g/testuser
datanode_3  | 2020-05-06 14:32:14,068 [pool-20-thread-1] INFO server.RaftServerConfigKeys: raft.server.log.corruption.policy = EXCEPTION (default)
om_1        | No '-XX:...' jvm parameters are used. Adding safer GC settings to the HADOOP_OPTS
scm_1       | 2020-05-06 14:31:31 (25.4 MB/s) - '/etc/security/keytabs/HTTP.keytab' saved [144/144]
kdc_1       | Authenticating as principal admin/admin with keytab /tmp/admin.keytab.
datanode_1  | 2020-05-06 14:32:19,909 [Thread-24] INFO impl.RoleInfo: b4cdae77-484d-4735-a8e4-732c83e32e25: start LeaderElection
recon_1     |    2 05/06/20 14:31:29 HTTP/recon@EXAMPLE.COM
datanode_2  | 2020-05-06 14:32:20,045 [a39dd170-5143-4376-a5b2-71126e2fadb2@group-CE5A234AFCA2-LeaderElection1] INFO server.RaftServerConfigKeys: raft.server.watch.timeout = 180s (custom)
s3g_1       | Resolving kdc (kdc)... 172.24.0.5
datanode_3  | 2020-05-06 14:32:14,082 [pool-20-thread-1] INFO storage.RaftStorageDirectory: The storage directory /data/metadata/ratis/4cb25287-8db7-474a-b056-81be0ee84581 does not exist. Creating ...
om_1        | OpenJDK 64-Bit Server VM warning: Option UseConcMarkSweepGC was deprecated in version 9.0 and will likely be removed in a future release.
scm_1       | 
kdc_1       | WARNING: no policy specified for om/om@EXAMPLE.COM; defaulting to no policy
datanode_1  | 2020-05-06 14:32:19,956 [b4cdae77-484d-4735-a8e4-732c83e32e25@group-32AD35C68643-LeaderElection2] INFO impl.LeaderElection: b4cdae77-484d-4735-a8e4-732c83e32e25@group-32AD35C68643-LeaderElection2: begin an election at term 1 for -1: [a39dd170-5143-4376-a5b2-71126e2fadb2:172.24.0.8:9858, 6e049c5b-d185-4ced-aeac-1cad594d1d76:172.24.0.2:9858, b4cdae77-484d-4735-a8e4-732c83e32e25:172.24.0.4:9858], old=null
recon_1     |    2 05/06/20 14:31:29 HTTP/recon@EXAMPLE.COM
datanode_2  | 2020-05-06 14:32:20,045 [a39dd170-5143-4376-a5b2-71126e2fadb2@group-CE5A234AFCA2-LeaderElection1] INFO server.RaftServerConfigKeys: raft.server.watch.timeout.denomination = 1s (default)
s3g_1       | Connecting to kdc (kdc)|172.24.0.5|:8081... connected.
datanode_3  | 2020-05-06 14:32:14,116 [pool-20-thread-1] INFO storage.RaftStorageDirectory: Lock on /data/metadata/ratis/4cb25287-8db7-474a-b056-81be0ee84581/in_use.lock acquired by nodename 6@65fab3cf3c7d
datanode_3  | 2020-05-06 14:32:14,124 [pool-20-thread-1] INFO storage.RaftStorage: Storage directory /data/metadata/ratis/4cb25287-8db7-474a-b056-81be0ee84581 has been successfully formatted.
scm_1       | Keytab name: FILE:/etc/security/keytabs/HTTP.keytab
kdc_1       | Principal "om/om@EXAMPLE.COM" created.
datanode_1  | 2020-05-06 14:32:20,187 [b4cdae77-484d-4735-a8e4-732c83e32e25@group-32AD35C68643-LeaderElection2] INFO impl.LeaderElection: b4cdae77-484d-4735-a8e4-732c83e32e25@group-32AD35C68643-LeaderElection2: Election PASSED; received 1 response(s) [b4cdae77-484d-4735-a8e4-732c83e32e25<-a39dd170-5143-4376-a5b2-71126e2fadb2#0:OK-t1] and 0 exception(s); b4cdae77-484d-4735-a8e4-732c83e32e25@group-32AD35C68643:t1, leader=null, voted=b4cdae77-484d-4735-a8e4-732c83e32e25, raftlog=b4cdae77-484d-4735-a8e4-732c83e32e25@group-32AD35C68643-SegmentedRaftLog:OPENED:c-1,f-1,i0, conf=-1: [a39dd170-5143-4376-a5b2-71126e2fadb2:172.24.0.8:9858, 6e049c5b-d185-4ced-aeac-1cad594d1d76:172.24.0.2:9858, b4cdae77-484d-4735-a8e4-732c83e32e25:172.24.0.4:9858], old=null
recon_1     | No '-XX:...' jvm parameters are used. Adding safer GC settings to the HADOOP_OPTS
datanode_2  | 2020-05-06 14:32:20,056 [a39dd170-5143-4376-a5b2-71126e2fadb2@group-CE5A234AFCA2-LeaderElection1] INFO server.RaftServerConfigKeys: raft.server.watch.element-limit = 65536 (default)
s3g_1       | HTTP request sent, awaiting response... 200 OK
datanode_3  | 2020-05-06 14:32:14,180 [pool-20-thread-1] INFO ratis.ContainerStateMachine: group-81BE0EE84581: The snapshot info is null. Setting the last applied indexto:(t:0, i:~)
om_1        | 2020-05-06 14:31:39,258 [main] INFO om.OzoneManagerStarter: STARTUP_MSG: 
scm_1       | KVNO Timestamp         Principal
kdc_1       | Authenticating as principal admin/admin with keytab /tmp/admin.keytab.
datanode_1  | 2020-05-06 14:32:20,195 [b4cdae77-484d-4735-a8e4-732c83e32e25@group-32AD35C68643-LeaderElection2] INFO impl.RoleInfo: b4cdae77-484d-4735-a8e4-732c83e32e25: shutdown LeaderElection
recon_1     | OpenJDK 64-Bit Server VM warning: Option UseConcMarkSweepGC was deprecated in version 9.0 and will likely be removed in a future release.
datanode_2  | 2020-05-06 14:32:20,106 [grpc-default-executor-1] INFO impl.RaftServerImpl: a39dd170-5143-4376-a5b2-71126e2fadb2@group-32AD35C68643: changes role from  FOLLOWER to FOLLOWER at term 1 for recognizeCandidate:b4cdae77-484d-4735-a8e4-732c83e32e25
s3g_1       | Length: 152 [application/octet-stream]
datanode_3  | 2020-05-06 14:32:14,181 [pool-20-thread-1] INFO server.RaftServerConfigKeys: raft.server.notification.no-leader.timeout = 60s (default)
om_1        | /************************************************************
scm_1       | ---- ----------------- --------------------------------------------------------
kdc_1       | Entry for principal om/om@EXAMPLE.COM with kvno 2, encryption type aes256-cts-hmac-sha1-96 added to keytab WRFILE:/data/om.om.keytab.
datanode_1  | 2020-05-06 14:32:20,201 [b4cdae77-484d-4735-a8e4-732c83e32e25@group-32AD35C68643-LeaderElection2] INFO impl.RaftServerImpl: b4cdae77-484d-4735-a8e4-732c83e32e25@group-32AD35C68643: changes role from CANDIDATE to LEADER at term 1 for changeToLeader
recon_1     | WARNING: An illegal reflective access operation has occurred
datanode_2  | 2020-05-06 14:32:20,108 [grpc-default-executor-1] INFO impl.RoleInfo: a39dd170-5143-4376-a5b2-71126e2fadb2: shutdown FollowerState
s3g_1       | Saving to: '/etc/security/keytabs/testuser.keytab'
datanode_3  | 2020-05-06 14:32:14,186 [pool-20-thread-1] INFO server.RaftServerConfigKeys: raft.server.log.use.memory = false (default)
om_1        | STARTUP_MSG: Starting OzoneManager
scm_1       |    2 05/06/20 14:31:31 HTTP/scm@EXAMPLE.COM
kdc_1       | Entry for principal om/om@EXAMPLE.COM with kvno 2, encryption type aes128-cts-hmac-sha1-96 added to keytab WRFILE:/data/om.om.keytab.
datanode_1  | 2020-05-06 14:32:20,201 [b4cdae77-484d-4735-a8e4-732c83e32e25@group-32AD35C68643-LeaderElection2] INFO ratis.XceiverServerRatis: Leader change notification received for group: group-32AD35C68643 with new leaderId: b4cdae77-484d-4735-a8e4-732c83e32e25
recon_1     | WARNING: Illegal reflective access by com.google.inject.internal.cglib.core.$ReflectUtils$2 (file:/opt/hadoop/share/ozone/lib/guice-4.0.jar) to method java.lang.ClassLoader.defineClass(java.lang.String,byte[],int,int,java.security.ProtectionDomain)
datanode_2  | 2020-05-06 14:32:20,108 [Thread-24] INFO impl.FollowerState: a39dd170-5143-4376-a5b2-71126e2fadb2@group-32AD35C68643-FollowerState was interrupted: java.lang.InterruptedException: sleep interrupted
s3g_1       | 
datanode_3  | 2020-05-06 14:32:14,218 [pool-20-thread-1] INFO server.RaftServerConfigKeys: raft.server.log.purge.gap = 1000000 (custom)
om_1        | STARTUP_MSG:   host = om/172.24.0.7
scm_1       |    2 05/06/20 14:31:31 HTTP/scm@EXAMPLE.COM
kdc_1       | Generiting keytab
datanode_1  | 2020-05-06 14:32:20,210 [b4cdae77-484d-4735-a8e4-732c83e32e25@group-32AD35C68643-LeaderElection2] INFO impl.RaftServerImpl: b4cdae77-484d-4735-a8e4-732c83e32e25@group-32AD35C68643: change Leader from null to b4cdae77-484d-4735-a8e4-732c83e32e25 at term 1 for becomeLeader, leader elected after 5587ms
datanode_1  | 2020-05-06 14:32:20,210 [b4cdae77-484d-4735-a8e4-732c83e32e25@group-32AD35C68643-LeaderElection2] INFO server.RaftServerConfigKeys: raft.server.staging.catchup.gap = 1000 (default)
datanode_2  | 2020-05-06 14:32:20,109 [grpc-default-executor-1] INFO impl.RoleInfo: a39dd170-5143-4376-a5b2-71126e2fadb2: start FollowerState
s3g_1       |      0K                                                       100% 16.9M=0s
om_1        | STARTUP_MSG:   args = [--init]
datanode_3  | 2020-05-06 14:32:14,227 [pool-20-thread-1] INFO server.RaftServerConfigKeys: raft.server.log.appender.buffer.byte-limit = 33554432 (custom)
scm_1       | Download testuser/scm@EXAMPLE.COM keytab file to /etc/security/keytabs/testuser.keytab
kdc_1       | Authenticating as principal admin/admin with keytab /tmp/admin.keytab.
recon_1     | WARNING: Please consider reporting this to the maintainers of com.google.inject.internal.cglib.core.$ReflectUtils$2
datanode_1  | 2020-05-06 14:32:20,215 [b4cdae77-484d-4735-a8e4-732c83e32e25@group-32AD35C68643-LeaderElection2] INFO server.RaftServerConfigKeys: raft.server.rpc.sleep.time = 25ms (default)
datanode_2  | 2020-05-06 14:32:20,124 [a39dd170-5143-4376-a5b2-71126e2fadb2@group-CE5A234AFCA2-LeaderElection1] INFO impl.RoleInfo: a39dd170-5143-4376-a5b2-71126e2fadb2: start LeaderState
s3g_1       | 
om_1        | STARTUP_MSG:   version = 3.2.0
datanode_3  | 2020-05-06 14:32:14,245 [pool-20-thread-1] INFO server.RaftServerConfigKeys: raft.server.log.segment.size.max = 1048576 (custom)
datanode_3  | 2020-05-06 14:32:14,285 [pool-20-thread-1] INFO metrics.RatisMetrics: Creating Metrics Registry : ratis.log_worker.6e049c5b-d185-4ced-aeac-1cad594d1d76
scm_1       | --2020-05-06 14:31:31--  http://kdc:8081/keytab/scm/testuser
kdc_1       | WARNING: no policy specified for HTTP/scm@EXAMPLE.COM; defaulting to no policy
recon_1     | WARNING: Use --illegal-access=warn to enable warnings of further illegal reflective access operations
datanode_1  | 2020-05-06 14:32:20,216 [b4cdae77-484d-4735-a8e4-732c83e32e25@group-32AD35C68643-LeaderElection2] INFO metrics.RatisMetrics: Creating Metrics Registry : ratis.log_appender.b4cdae77-484d-4735-a8e4-732c83e32e25@group-32AD35C68643
datanode_2  | 2020-05-06 14:32:20,189 [a39dd170-5143-4376-a5b2-71126e2fadb2@group-CE5A234AFCA2-LeaderElection1] INFO segmented.SegmentedRaftLogWorker: a39dd170-5143-4376-a5b2-71126e2fadb2@group-CE5A234AFCA2-SegmentedRaftLogWorker: Starting segment from index:0
s3g_1       | 2020-05-06 14:31:32 (16.9 MB/s) - '/etc/security/keytabs/testuser.keytab' saved [152/152]
datanode_3  | 2020-05-06 14:32:14,472 [pool-20-thread-1] INFO server.RaftServerConfigKeys: raft.server.log.segment.cache.num.max = 2 (custom)
