datanode_4_1  | 	at org.apache.ratis.grpc.client.GrpcClientProtocolClient.groupAdd(GrpcClientProtocolClient.java:156)
datanode_3_1  | 2020-07-03 18:13:01,519 [pool-19-thread-1] INFO raftlog.RaftLog: 68aea681-c6f6-440e-806d-17c20c1f4640@group-B967A1782F1C-SegmentedRaftLog: commitIndex: updateToMax old=-1, new=230, updated? true
datanode_5_1  | 2020-07-03 18:10:57,078 [main] INFO grpc.GrpcConfigKeys: raft.grpc.server.port = 9858 (custom)
datanode_6_1  | 	at org.apache.hadoop.ozone.container.common.states.endpoint.VersionEndpointTask.call(VersionEndpointTask.java:70)
scm_1         | SHUTDOWN_MSG: Shutting down StorageContainerManager at 8184f4d117db/10.5.0.71
om_1          | 2020-07-03 18:11:23,624 [Listener at om/9862] INFO http.BaseHttpServer: Starting Web-server for ozoneManager at: http://0.0.0.0:9874
datanode_4_1  | 	at org.apache.ratis.grpc.client.GrpcClientRpc.sendRequest(GrpcClientRpc.java:95)
datanode_3_1  | 2020-07-03 18:13:01,520 [pool-19-thread-1] INFO server.RaftServerConfigKeys: raft.server.snapshot.auto.trigger.enabled = true (custom)
datanode_5_1  | 2020-07-03 18:10:57,096 [main] INFO server.GrpcService: raft.grpc.message.size.max = 32MB (=33554432) (custom)
datanode_6_1  | 	at org.apache.hadoop.ozone.container.common.states.endpoint.VersionEndpointTask.call(VersionEndpointTask.java:41)
scm_1         | ************************************************************/
om_1          | 2020-07-03 18:11:23,624 [Listener at om/9862] INFO http.BaseHttpServer: Hadoop Security Enabled: false Ozone Security Enabled: false Ozone HTTP Security Enabled: false 
datanode_4_1  | 	at org.apache.ratis.client.impl.RaftClientImpl.sendRequest(RaftClientImpl.java:337)
datanode_3_1  | 2020-07-03 18:13:01,520 [pool-19-thread-1] INFO server.RaftServerConfigKeys: raft.server.snapshot.auto.trigger.threshold = 10000 (custom)
datanode_5_1  | 2020-07-03 18:10:57,105 [main] INFO server.RaftServerConfigKeys: raft.server.log.appender.buffer.byte-limit = 33554432 (custom)
datanode_6_1  | 	at java.base/java.util.concurrent.FutureTask.run(FutureTask.java:264)
scm_1         | Enabled profiling in kernel
om_1          | 2020-07-03 18:11:23,664 [Listener at om/9862] INFO util.log: Logging initialized @12743ms to org.eclipse.jetty.util.log.Slf4jLog
datanode_4_1  | 	at org.apache.ratis.client.impl.RaftClientImpl.groupAdd(RaftClientImpl.java:249)
datanode_3_1  | 2020-07-03 18:13:01,520 [pool-19-thread-1] INFO server.RaftServerConfigKeys: raft.server.snapshot.retention.file.num = 5 (custom)
datanode_5_1  | 2020-07-03 18:10:57,116 [main] INFO server.GrpcService: raft.grpc.flow.control.window = 5MB (=5242880) (custom)
datanode_6_1  | 	at java.base/java.util.concurrent.Executors$RunnableAdapter.call(Executors.java:515)
scm_1         | No '-XX:...' jvm parameters are set. Adding safer GC settings '-XX:ParallelGCThreads=8 -XX:+UseConcMarkSweepGC -XX:CMSInitiatingOccupancyFraction=70 -XX:+CMSParallelRemarkEnabled' to the HADOOP_OPTS
om_1          | 2020-07-03 18:11:23,830 [Listener at om/9862] INFO server.AuthenticationFilter: Unable to initialize FileSignerSecretProvider, falling back to use random secrets.
datanode_4_1  | 	at org.apache.hadoop.ozone.container.common.statemachine.commandhandler.CreatePipelineCommandHandler.lambda$handle$1(CreatePipelineCommandHandler.java:102)
datanode_3_1  | 2020-07-03 18:13:01,520 [pool-19-thread-1] INFO server.RaftServerConfigKeys: raft.server.log.purge.upto.snapshot.index = false (default)
datanode_5_1  | 2020-07-03 18:10:57,121 [main] INFO server.RaftServerConfigKeys: raft.server.rpc.request.timeout = 60s (custom)
datanode_6_1  | 	at java.base/java.util.concurrent.FutureTask.run(FutureTask.java:264)
scm_1         | OpenJDK 64-Bit Server VM warning: Option UseConcMarkSweepGC was deprecated in version 9.0 and will likely be removed in a future release.
om_1          | 2020-07-03 18:11:23,838 [Listener at om/9862] INFO http.HttpRequestLog: Http request log for http.requests.ozoneManager is not defined
datanode_4_1  | 	at java.base/java.util.stream.ForEachOps$ForEachOp$OfRef.accept(ForEachOps.java:183)
datanode_3_1  | 2020-07-03 18:13:01,521 [pool-19-thread-1] INFO server.RaftServerConfigKeys: raft.server.retrycache.expirytime = 600000ms (custom)
datanode_5_1  | 2020-07-03 18:10:58,006 [main] INFO server.RaftServerConfigKeys: raft.server.storage.dir = [/data/metadata/ratis] (custom)
datanode_6_1  | 	at java.base/java.util.concurrent.ThreadPoolExecutor.runWorker(ThreadPoolExecutor.java:1128)
scm_1         | 2020-07-03 18:10:59,707 [main] INFO server.StorageContainerManagerStarter: STARTUP_MSG: 
om_1          | 2020-07-03 18:11:23,845 [Listener at om/9862] INFO http.HttpServer2: Added global filter 'safety' (class=org.apache.hadoop.hdds.server.http.HttpServer2$QuotingInputFilter)
om_1          | 2020-07-03 18:11:23,846 [Listener at om/9862] INFO http.HttpServer2: Added filter static_user_filter (class=org.apache.hadoop.http.lib.StaticUserWebFilter$StaticUserFilter) to context ozoneManager
datanode_3_1  | 2020-07-03 18:13:01,521 [pool-19-thread-1] INFO metrics.RatisMetrics: Creating Metrics Registry : ratis.leader_election.68aea681-c6f6-440e-806d-17c20c1f4640@group-B967A1782F1C
datanode_5_1  | 2020-07-03 18:10:59,179 [main] INFO http.BaseHttpServer: Starting Web-server for hddsDatanode at: http://0.0.0.0:9882
datanode_6_1  | 	at java.base/java.util.concurrent.ThreadPoolExecutor$Worker.run(ThreadPoolExecutor.java:628)
scm_1         | /************************************************************
om_1          | 2020-07-03 18:11:23,847 [Listener at om/9862] INFO http.HttpServer2: Added filter static_user_filter (class=org.apache.hadoop.http.lib.StaticUserWebFilter$StaticUserFilter) to context logs
datanode_4_1  | 	at java.base/java.util.stream.ReferencePipeline$2$1.accept(ReferencePipeline.java:177)
datanode_3_1  | 2020-07-03 18:13:01,522 [pool-19-thread-1] INFO metrics.RatisMetrics: Creating Metrics Registry : ratis.server.68aea681-c6f6-440e-806d-17c20c1f4640@group-B967A1782F1C
datanode_5_1  | 2020-07-03 18:10:59,261 [main] INFO http.BaseHttpServer: Hadoop Security Enabled: false Ozone Security Enabled: false Ozone HTTP Security Enabled: false 
datanode_6_1  | 	at java.base/java.lang.Thread.run(Thread.java:834)
scm_1         | STARTUP_MSG: Starting StorageContainerManager
om_1          | 2020-07-03 18:11:23,847 [Listener at om/9862] INFO http.HttpServer2: Added filter static_user_filter (class=org.apache.hadoop.http.lib.StaticUserWebFilter$StaticUserFilter) to context static
datanode_4_1  | 	at java.base/java.util.ArrayList$ArrayListSpliterator.forEachRemaining(ArrayList.java:1654)
datanode_3_1  | 2020-07-03 18:13:01,531 [main] INFO server.session: DefaultSessionIdManager workerName=node0
datanode_5_1  | 2020-07-03 18:10:59,391 [main] INFO util.log: Logging initialized @20723ms to org.eclipse.jetty.util.log.Slf4jLog
datanode_6_1  | Caused by: java.net.SocketTimeoutException: 1000 millis timeout while waiting for channel to be ready for read. ch : java.nio.channels.SocketChannel[connected local=/10.5.0.9:53334 remote=scm/10.5.0.71:9861]
scm_1         | STARTUP_MSG:   host = 8184f4d117db/10.5.0.71
om_1          | 2020-07-03 18:11:23,920 [Listener at om/9862] WARN http.BaseHttpServer: /prof java profiling servlet is activated. Not safe for production!
datanode_4_1  | 	at java.base/java.util.stream.AbstractPipeline.copyInto(AbstractPipeline.java:484)
datanode_3_1  | 2020-07-03 18:13:01,533 [main] INFO server.session: No SessionScavenger set, using defaults
datanode_5_1  | 2020-07-03 18:10:59,928 [main] INFO server.AuthenticationFilter: Unable to initialize FileSignerSecretProvider, falling back to use random secrets.
datanode_6_1  | 	at org.apache.hadoop.net.SocketIOWithTimeout.doIO(SocketIOWithTimeout.java:164)
scm_1         | STARTUP_MSG:   args = []
om_1          | 2020-07-03 18:11:23,941 [Listener at om/9862] INFO http.HttpServer2: Jetty bound to port 9874
datanode_4_1  | 	at java.base/java.util.stream.AbstractPipeline.wrapAndCopyInto(AbstractPipeline.java:474)
datanode_3_1  | 2020-07-03 18:13:01,534 [main] INFO server.session: node0 Scavenging every 660000ms
datanode_5_1  | 2020-07-03 18:10:59,936 [main] INFO http.HttpRequestLog: Http request log for http.requests.hddsDatanode is not defined
datanode_6_1  | 	at org.apache.hadoop.net.SocketInputStream.read(SocketInputStream.java:161)
scm_1         | STARTUP_MSG:   version = 0.6.0-SNAPSHOT
datanode_4_1  | 	at java.base/java.util.stream.ForEachOps$ForEachOp.evaluateSequential(ForEachOps.java:150)
datanode_3_1  | 2020-07-03 18:13:01,551 [main] INFO handler.ContextHandler: Started o.e.j.s.ServletContextHandler@3bab95ca{logs,/logs,file:///var/log/hadoop/,AVAILABLE}
datanode_5_1  | 2020-07-03 18:10:59,969 [main] INFO http.HttpServer2: Added global filter 'safety' (class=org.apache.hadoop.hdds.server.http.HttpServer2$QuotingInputFilter)
datanode_6_1  | 	at org.apache.hadoop.net.SocketInputStream.read(SocketInputStream.java:131)
om_1          | 2020-07-03 18:11:23,942 [Listener at om/9862] INFO server.Server: jetty-9.4.26.v20200117; built: 2020-01-17T12:35:33.676Z; git: 7b38981d25d14afb4a12ff1f2596756144edf695; jvm 11.0.6+10-LTS
scm_1         | STARTUP_MSG:   classpath = /etc/hadoop:/opt/hadoop/share/hadoop/common/*:/opt/hadoop/share/ozone/lib/ratis-proto-0.6.0-6ab75ae-SNAPSHOT.jar:/opt/hadoop/share/ozone/lib/kerb-simplekdc-1.0.1.jar:/opt/hadoop/share/ozone/lib/okhttp-4.2.2.jar:/opt/hadoop/share/ozone/lib/jackson-databind-2.10.3.jar:/opt/hadoop/share/ozone/lib/protobuf-java-2.5.0.jar:/opt/hadoop/share/ozone/lib/bcpkix-jdk15on-1.60.jar:/opt/hadoop/share/ozone/lib/commons-validator-1.6.jar:/opt/hadoop/share/ozone/lib/hadoop-hdds-client-0.6.0-SNAPSHOT.jar:/opt/hadoop/share/ozone/lib/netty-3.10.5.Final.jar:/opt/hadoop/share/ozone/lib/jaxb-impl-2.3.0.1.jar:/opt/hadoop/share/ozone/lib/kotlin-stdlib-common-1.3.50.jar:/opt/hadoop/share/ozone/lib/kerb-core-1.0.1.jar:/opt/hadoop/share/ozone/lib/jsr305-3.0.0.jar:/opt/hadoop/share/ozone/lib/j2objc-annotations-1.3.jar:/opt/hadoop/share/ozone/lib/leveldbjni-all-1.8.jar:/opt/hadoop/share/ozone/lib/jetty-io-9.4.26.v20200117.jar:/opt/hadoop/share/ozone/lib/jaeger-tracerresolver-1.2.0.jar:/opt/hadoop/share/ozone/lib/hadoop-auth-3.2.1.jar:/opt/hadoop/share/ozone/lib/htrace-core4-4.1.0-incubating.jar:/opt/hadoop/share/ozone/lib/jetty-http-9.4.26.v20200117.jar:/opt/hadoop/share/ozone/lib/kerb-util-1.0.1.jar:/opt/hadoop/share/ozone/lib/jetty-xml-9.4.26.v20200117.jar:/opt/hadoop/share/ozone/lib/jaeger-thrift-1.2.0.jar:/opt/hadoop/share/ozone/lib/commons-logging-1.2.jar:/opt/hadoop/share/ozone/lib/kerby-xdr-1.0.1.jar:/opt/hadoop/share/ozone/lib/jetty-server-9.4.26.v20200117.jar:/opt/hadoop/share/ozone/lib/opentracing-tracerresolver-0.1.8.jar:/opt/hadoop/share/ozone/lib/commons-net-3.6.jar:/opt/hadoop/share/ozone/lib/log4j-api-2.11.0.jar:/opt/hadoop/share/ozone/lib/jaeger-core-1.2.0.jar:/opt/hadoop/share/ozone/lib/error_prone_annotations-2.2.0.jar:/opt/hadoop/share/ozone/lib/ratis-thirdparty-misc-0.4.0.jar:/opt/hadoop/share/ozone/lib/slf4j-log4j12-1.7.25.jar:/opt/hadoop/share/ozone/lib/okio-2.2.2.jar:/opt/hadoop/share/ozone/lib/kerby-config-1.0.1.jar:/opt/hadoop/share/ozone/lib/jetty-util-ajax-9.4.26.v20200117.jar:/opt/hadoop/share/ozone/lib/metrics-core-3.2.4.jar:/opt/hadoop/share/ozone/lib/guava-28.2-jre.jar:/opt/hadoop/share/ozone/lib/kerby-pkix-1.0.1.jar:/opt/hadoop/share/ozone/lib/xz-1.0.jar:/opt/hadoop/share/ozone/lib/jetty-servlet-9.4.26.v20200117.jar:/opt/hadoop/share/ozone/lib/jsr311-api-1.1.1.jar:/opt/hadoop/share/ozone/lib/commons-beanutils-1.9.4.jar:/opt/hadoop/share/ozone/lib/hadoop-hdds-container-service-0.6.0-SNAPSHOT.jar:/opt/hadoop/share/ozone/lib/jetty-security-9.4.26.v20200117.jar:/opt/hadoop/share/ozone/lib/javax.servlet-api-3.1.0.jar:/opt/hadoop/share/ozone/lib/kerb-server-1.0.1.jar:/opt/hadoop/share/ozone/lib/kerb-client-1.0.1.jar:/opt/hadoop/share/ozone/lib/ratis-client-0.6.0-6ab75ae-SNAPSHOT.jar:/opt/hadoop/share/ozone/lib/disruptor-3.4.2.jar:/opt/hadoop/share/ozone/lib/libthrift-0.13.0.jar:/opt/hadoop/share/ozone/lib/hadoop-hdds-docs-0.6.0-SNAPSHOT.jar:/opt/hadoop/share/ozone/lib/annotations-13.0.jar:/opt/hadoop/share/ozone/lib/simpleclient_common-0.7.0.jar:/opt/hadoop/share/ozone/lib/dnsjava-2.1.7.jar:/opt/hadoop/share/ozone/lib/hadoop-hdds-interface-admin-0.6.0-SNAPSHOT.jar:/opt/hadoop/share/ozone/lib/jackson-annotations-2.10.3.jar:/opt/hadoop/share/ozone/lib/commons-configuration2-2.1.1.jar:/opt/hadoop/share/ozone/lib/ratis-netty-0.6.0-6ab75ae-SNAPSHOT.jar:/opt/hadoop/share/ozone/lib/json-smart-2.3.jar:/opt/hadoop/share/ozone/lib/token-provider-1.0.1.jar:/opt/hadoop/share/ozone/lib/log4j-1.2.17.jar:/opt/hadoop/share/ozone/lib/commons-daemon-1.0.13.jar:/opt/hadoop/share/ozone/lib/listenablefuture-9999.0-empty-to-avoid-conflict-with-guava.jar:/opt/hadoop/share/ozone/lib/bcprov-jdk15on-1.60.jar:/opt/hadoop/share/ozone/lib/jetty-webapp-9.4.26.v20200117.jar:/opt/hadoop/share/ozone/lib/hadoop-hdfs-client-3.2.1.jar:/opt/hadoop/share/ozone/lib/commons-lang3-3.7.jar:/opt/hadoop/share/ozone/lib/commons-compress-1.4.1.jar:/opt/hadoop/share/ozone/lib/accessors-smart-1.2.jar:/opt/hadoop/share/ozone/lib/re2j-1.1.jar:/opt/hadoop/share/ozone/lib/hadoop-hdfs-3.2.1.jar:/opt/hadoop/share/ozone/lib/commons-math3-3.1.1.jar:/opt/hadoop/share/ozone/lib/simpleclient_dropwizard-0.7.0.jar:/opt/hadoop/share/ozone/lib/hadoop-common-3.2.1.jar:/opt/hadoop/share/ozone/lib/simpleclient-0.7.0.jar:/opt/hadoop/share/ozone/lib/httpclient-4.5.2.jar:/opt/hadoop/share/ozone/lib/rocksdbjni-6.8.1.jar:/opt/hadoop/share/ozone/lib/asm-5.0.4.jar:/opt/hadoop/share/ozone/lib/kerby-util-1.0.1.jar:/opt/hadoop/share/ozone/lib/failureaccess-1.0.1.jar:/opt/hadoop/share/ozone/lib/ratis-grpc-0.6.0-6ab75ae-SNAPSHOT.jar:/opt/hadoop/share/ozone/lib/jsp-api-2.1.jar:/opt/hadoop/share/ozone/lib/jsch-0.1.54.jar:/opt/hadoop/share/ozone/lib/log4j-core-2.11.0.jar:/opt/hadoop/share/ozone/lib/nimbus-jose-jwt-7.9.jar:/opt/hadoop/share/ozone/lib/kotlin-stdlib-1.3.50.jar:/opt/hadoop/share/ozone/lib/commons-codec-1.11.jar:/opt/hadoop/share/ozone/lib/commons-pool2-2.6.0.jar:/opt/hadoop/share/ozone/lib/jackson-datatype-jsr310-2.10.3.jar:/opt/hadoop/share/ozone/lib/gson-2.2.4.jar:/opt/hadoop/share/ozone/lib/opentracing-api-0.33.0.jar:/opt/hadoop/share/ozone/lib/jcip-annotations-1.0-1.jar:/opt/hadoop/share/ozone/lib/kerb-admin-1.0.1.jar:/opt/hadoop/share/ozone/lib/commons-io-2.5.jar:/opt/hadoop/share/ozone/lib/snakeyaml-1.16.jar:/opt/hadoop/share/ozone/lib/opentracing-noop-0.33.0.jar:/opt/hadoop/share/ozone/lib/jetty-util-9.4.26.v20200117.jar:/opt/hadoop/share/ozone/lib/hadoop-hdds-hadoop-dependency-client-0.6.0-SNAPSHOT.jar:/opt/hadoop/share/ozone/lib/jersey-core-1.19.jar:/opt/hadoop/share/ozone/lib/checker-qual-2.10.0.jar:/opt/hadoop/share/ozone/lib/hadoop-hdds-server-framework-0.6.0-SNAPSHOT.jar:/opt/hadoop/share/ozone/lib/ratis-metrics-0.6.0-6ab75ae-SNAPSHOT.jar:/opt/hadoop/share/ozone/lib/ratis-server-0.6.0-6ab75ae-SNAPSHOT.jar:/opt/hadoop/share/ozone/lib/opentracing-util-0.33.0.jar:/opt/hadoop/share/ozone/lib/picocli-3.9.6.jar:/opt/hadoop/share/ozone/lib/hadoop-hdds-interface-server-0.6.0-SNAPSHOT.jar:/opt/hadoop/share/ozone/lib/hadoop-hdds-common-0.6.0-SNAPSHOT.jar:/opt/hadoop/share/ozone/lib/commons-cli-1.2.jar:/opt/hadoop/share/ozone/lib/woodstox-core-5.0.3.jar:/opt/hadoop/share/ozone/lib/javax.annotation-api-1.2.jar:/opt/hadoop/share/ozone/lib/netty-all-4.1.48.Final.jar:/opt/hadoop/share/ozone/lib/kerby-asn1-1.0.1.jar:/opt/hadoop/share/ozone/lib/hadoop-hdds-config-0.6.0-SNAPSHOT.jar:/opt/hadoop/share/ozone/lib/stax2-api-3.1.4.jar:/opt/hadoop/share/ozone/lib/commons-digester-1.8.1.jar:/opt/hadoop/share/ozone/lib/commons-collections-3.2.2.jar:/opt/hadoop/share/ozone/lib/jettison-1.1.jar:/opt/hadoop/share/ozone/lib/commons-text-1.4.jar:/opt/hadoop/share/ozone/lib/jackson-core-2.10.3.jar:/opt/hadoop/share/ozone/lib/jersey-servlet-1.19.jar:/opt/hadoop/share/ozone/lib/jersey-json-1.19.jar:/opt/hadoop/share/ozone/lib/slf4j-api-1.7.25.jar:/opt/hadoop/share/ozone/lib/kerb-identity-1.0.1.jar:/opt/hadoop/share/ozone/lib/hadoop-hdds-hadoop-dependency-server-0.6.0-SNAPSHOT.jar:/opt/hadoop/share/ozone/lib/jaeger-client-1.2.0.jar:/opt/hadoop/share/ozone/lib/kerb-common-1.0.1.jar:/opt/hadoop/share/ozone/lib/hadoop-hdds-interface-client-0.6.0-SNAPSHOT.jar:/opt/hadoop/share/ozone/lib/jersey-server-1.19.jar:/opt/hadoop/share/ozone/lib/ratis-common-0.6.0-6ab75ae-SNAPSHOT.jar:/opt/hadoop/share/ozone/lib/hadoop-hdds-common-0.6.0-SNAPSHOT-tests.jar:/opt/hadoop/share/ozone/lib/kerb-crypto-1.0.1.jar:/opt/hadoop/share/ozone/lib/hadoop-annotations-3.2.1.jar:/opt/hadoop/share/ozone/lib/httpcore-4.4.4.jar:/opt/hadoop/share/ozone/web:/opt/hadoop/share/ozone/lib/hadoop-hdds-server-scm-0.6.0-SNAPSHOT.jar
scm_1         | STARTUP_MSG:   build = https://github.com/apache/hadoop-ozone.git/2c4e65693bfcf600643f7ae285d7abf9e54a2e02 ; compiled by 'runner' on 2020-07-03T17:49Z
datanode_3_1  | 2020-07-03 18:13:01,556 [main] INFO handler.ContextHandler: Started o.e.j.s.ServletContextHandler@7198ab9a{static,/static,jar:file:/opt/hadoop/share/ozone/lib/hadoop-hdds-container-service-0.6.0-SNAPSHOT.jar!/webapps/static,AVAILABLE}
datanode_5_1  | 2020-07-03 18:10:59,981 [main] INFO http.HttpServer2: Added filter static_user_filter (class=org.apache.hadoop.http.lib.StaticUserWebFilter$StaticUserFilter) to context hddsDatanode
datanode_6_1  | 	at java.base/java.io.FilterInputStream.read(FilterInputStream.java:133)
om_1          | 2020-07-03 18:11:23,992 [Listener at om/9862] INFO server.session: DefaultSessionIdManager workerName=node0
scm_1         | STARTUP_MSG:   java = 11.0.6
datanode_4_1  | 	at java.base/java.util.stream.ForEachOps$ForEachOp$OfRef.evaluateSequential(ForEachOps.java:173)
datanode_3_1  | 2020-07-03 18:13:01,761 [main] INFO handler.ContextHandler: Started o.e.j.w.WebAppContext@12670e55{hddsDatanode,/,file:///tmp/jetty-0_0_0_0-9882-hadoop-hdds-container-service-0_6_0-SNAPSHOT_jar-_-any-17743826500981593304.dir/webapp/,AVAILABLE}{jar:file:/opt/hadoop/share/ozone/lib/hadoop-hdds-container-service-0.6.0-SNAPSHOT.jar!/webapps/hddsDatanode}
datanode_5_1  | 2020-07-03 18:10:59,984 [main] INFO http.HttpServer2: Added filter static_user_filter (class=org.apache.hadoop.http.lib.StaticUserWebFilter$StaticUserFilter) to context static
datanode_6_1  | 	at java.base/java.io.BufferedInputStream.fill(BufferedInputStream.java:252)
om_1          | 2020-07-03 18:11:23,992 [Listener at om/9862] INFO server.session: No SessionScavenger set, using defaults
scm_1         | ************************************************************/
datanode_4_1  | 	at java.base/java.util.stream.AbstractPipeline.evaluate(AbstractPipeline.java:234)
datanode_3_1  | 2020-07-03 18:13:01,788 [main] INFO server.AbstractConnector: Started ServerConnector@1c92a549{HTTP/1.1,[http/1.1]}{0.0.0.0:9882}
datanode_5_1  | 2020-07-03 18:10:59,988 [main] INFO http.HttpServer2: Added filter static_user_filter (class=org.apache.hadoop.http.lib.StaticUserWebFilter$StaticUserFilter) to context logs
datanode_6_1  | 	at java.base/java.io.BufferedInputStream.read(BufferedInputStream.java:271)
om_1          | 2020-07-03 18:11:23,995 [Listener at om/9862] INFO server.session: node0 Scavenging every 600000ms
scm_1         | 2020-07-03 18:10:59,856 [main] INFO server.StorageContainerManagerStarter: registered UNIX signal handlers for [TERM, HUP, INT]
datanode_4_1  | 	at java.base/java.util.stream.ReferencePipeline.forEach(ReferencePipeline.java:497)
datanode_3_1  | 2020-07-03 18:13:01,788 [main] INFO server.Server: Started @12464ms
datanode_5_1  | 2020-07-03 18:11:00,157 [main] WARN http.BaseHttpServer: /prof java profiling servlet is activated. Not safe for production!
datanode_6_1  | 	at java.base/java.io.FilterInputStream.read(FilterInputStream.java:83)
om_1          | 2020-07-03 18:11:24,015 [Listener at om/9862] INFO handler.ContextHandler: Started o.e.j.s.ServletContextHandler@6eded11a{logs,/logs,file:///var/log/hadoop/,AVAILABLE}
scm_1         | 2020-07-03 18:11:00,982 [main] WARN server.ServerUtils: ozone.scm.db.dirs is not configured. We recommend adding this setting. Falling back to ozone.metadata.dirs instead.
datanode_4_1  | 	at org.apache.hadoop.ozone.container.common.statemachine.commandhandler.CreatePipelineCommandHandler.handle(CreatePipelineCommandHandler.java:99)
datanode_3_1  | 2020-07-03 18:13:01,793 [main] INFO impl.MetricsSinkAdapter: Sink prometheus started
datanode_5_1  | 2020-07-03 18:11:00,175 [main] INFO http.HttpServer2: Jetty bound to port 9882
datanode_6_1  | 	at java.base/java.io.FilterInputStream.read(FilterInputStream.java:83)
om_1          | 2020-07-03 18:11:24,016 [Listener at om/9862] INFO handler.ContextHandler: Started o.e.j.s.ServletContextHandler@74eab077{static,/static,jar:file:/opt/hadoop/share/ozone/lib/hadoop-ozone-ozone-manager-0.6.0-SNAPSHOT.jar!/webapps/static,AVAILABLE}
scm_1         | 2020-07-03 18:11:02,480 [main] WARN db.DBStoreBuilder: ozone.scm.db.dirs is not configured. We recommend adding this setting. Falling back to ozone.metadata.dirs instead.
datanode_4_1  | 	at org.apache.hadoop.ozone.container.common.statemachine.commandhandler.CommandDispatcher.handle(CommandDispatcher.java:99)
datanode_3_1  | 2020-07-03 18:13:01,793 [main] INFO impl.MetricsSystemImpl: Registered sink prometheus
datanode_5_1  | 2020-07-03 18:11:00,185 [main] INFO server.Server: jetty-9.4.26.v20200117; built: 2020-01-17T12:35:33.676Z; git: 7b38981d25d14afb4a12ff1f2596756144edf695; jvm 11.0.6+10-LTS
datanode_6_1  | 	at org.apache.hadoop.ipc.Client$Connection$PingInputStream.read(Client.java:567)
om_1          | 2020-07-03 18:11:24,195 [Listener at om/9862] INFO handler.ContextHandler: Started o.e.j.w.WebAppContext@af04f09{ozoneManager,/,file:///tmp/jetty-0_0_0_0-9874-hadoop-ozone-ozone-manager-0_6_0-SNAPSHOT_jar-_-any-8506393672124699425.dir/webapp/,AVAILABLE}{jar:file:/opt/hadoop/share/ozone/lib/hadoop-ozone-ozone-manager-0.6.0-SNAPSHOT.jar!/webapps/ozoneManager}
scm_1         | 2020-07-03 18:11:03,283 [main] INFO net.NodeSchemaLoader: Loading file from java.lang.CompoundEnumeration@466cf502
datanode_4_1  | 	at org.apache.hadoop.ozone.container.common.statemachine.DatanodeStateMachine.lambda$initCommandHandlerThread$1(DatanodeStateMachine.java:465)
datanode_3_1  | 2020-07-03 18:13:01,801 [main] INFO http.BaseHttpServer: HTTP server of hddsDatanode listening at http://0.0.0.0:9882
datanode_5_1  | 2020-07-03 18:11:00,318 [main] INFO server.session: DefaultSessionIdManager workerName=node0
datanode_6_1  | 	at java.base/java.io.DataInputStream.readInt(DataInputStream.java:392)
om_1          | 2020-07-03 18:11:24,204 [Listener at om/9862] INFO server.AbstractConnector: Started ServerConnector@1c0cf193{HTTP/1.1,[http/1.1]}{0.0.0.0:9874}
scm_1         | 2020-07-03 18:11:03,293 [main] INFO net.NodeSchemaLoader: Loading network topology layer schema file
datanode_4_1  | 	at java.base/java.lang.Thread.run(Thread.java:834)
datanode_3_1  | 2020-07-03 18:13:01,859 [org.apache.hadoop.util.JvmPauseMonitor$Monitor@6b55be0d] INFO util.JvmPauseMonitor: Starting JVM pause monitor
datanode_5_1  | 2020-07-03 18:11:00,318 [main] INFO server.session: No SessionScavenger set, using defaults
datanode_6_1  | 	at org.apache.hadoop.ipc.Client$IpcStreams.readResponse(Client.java:1850)
scm_1         | 2020-07-03 18:11:04,202 [main] INFO node.SCMNodeManager: Entering startup safe mode.
datanode_4_1  | Caused by: org.apache.ratis.thirdparty.io.grpc.StatusRuntimeException: DEADLINE_EXCEEDED: deadline exceeded after 2.924669653s. [buffered_nanos=2657775238, remote_addr=/10.5.0.5:9858]
datanode_3_1  | 2020-07-03 18:13:03,984 [Datanode State Machine Thread - 0] INFO ozoneimpl.OzoneContainer: Attempting to start container services.
datanode_5_1  | 2020-07-03 18:11:00,350 [main] INFO server.session: node0 Scavenging every 600000ms
datanode_6_1  | 	at org.apache.hadoop.ipc.Client$Connection.receiveRpcResponse(Client.java:1183)
om_1          | 2020-07-03 18:11:24,208 [Listener at om/9862] INFO server.Server: Started @13287ms
scm_1         | 2020-07-03 18:11:04,754 [main] INFO algorithms.ContainerPlacementPolicyFactory: Create container placement policy of type org.apache.hadoop.hdds.scm.container.placement.algorithms.SCMContainerPlacementRackAware
datanode_4_1  | 	at org.apache.ratis.thirdparty.io.grpc.stub.ClientCalls.toStatusRuntimeException(ClientCalls.java:240)
datanode_3_1  | 2020-07-03 18:13:03,985 [Datanode State Machine Thread - 0] INFO ozoneimpl.OzoneContainer: Background container scanner has been disabled.
datanode_5_1  | 2020-07-03 18:11:00,413 [main] INFO handler.ContextHandler: Started o.e.j.s.ServletContextHandler@655621fd{logs,/logs,file:///var/log/hadoop/,AVAILABLE}
datanode_6_1  | 	at org.apache.hadoop.ipc.Client$Connection.run(Client.java:1079)
om_1          | 2020-07-03 18:11:24,211 [Listener at om/9862] INFO impl.MetricsSinkAdapter: Sink prometheus started
scm_1         | 2020-07-03 18:11:04,793 [main] INFO pipeline.SCMPipelineManager: No pipeline exists in current db
datanode_4_1  | 	at org.apache.ratis.thirdparty.io.grpc.stub.ClientCalls.getUnchecked(ClientCalls.java:221)
datanode_3_1  | 2020-07-03 18:13:03,985 [Datanode State Machine Thread - 0] INFO ratis.XceiverServerRatis: Starting XceiverServerRatis 68aea681-c6f6-440e-806d-17c20c1f4640 at port 9858
datanode_5_1  | 2020-07-03 18:11:00,418 [main] INFO handler.ContextHandler: Started o.e.j.s.ServletContextHandler@7cd1ec54{static,/static,jar:file:/opt/hadoop/share/ozone/lib/hadoop-hdds-container-service-0.6.0-SNAPSHOT.jar!/webapps/static,AVAILABLE}
datanode_6_1  | 2020-07-03 18:11:07,322 [Datanode State Machine Thread - 1] INFO ozoneimpl.OzoneContainer: Attempting to start container services.
om_1          | 2020-07-03 18:11:24,211 [Listener at om/9862] INFO impl.MetricsSystemImpl: Registered sink prometheus
scm_1         | 2020-07-03 18:11:04,883 [main] INFO safemode.HealthyPipelineSafeModeRule: Total pipeline count is 0, healthy pipeline threshold count is 1
datanode_4_1  | 	at org.apache.ratis.thirdparty.io.grpc.stub.ClientCalls.blockingUnaryCall(ClientCalls.java:140)
datanode_3_1  | 2020-07-03 18:13:04,003 [Datanode State Machine Thread - 0] INFO impl.RaftServerImpl: 68aea681-c6f6-440e-806d-17c20c1f4640@group-39435750E7B2: start as a follower, conf=0: [68aea681-c6f6-440e-806d-17c20c1f4640:10.5.0.6:9858], old=null
datanode_5_1  | 2020-07-03 18:11:00,777 [main] INFO handler.ContextHandler: Started o.e.j.w.WebAppContext@9e50283{hddsDatanode,/,file:///tmp/jetty-0_0_0_0-9882-hadoop-hdds-container-service-0_6_0-SNAPSHOT_jar-_-any-18162443088480660524.dir/webapp/,AVAILABLE}{jar:file:/opt/hadoop/share/ozone/lib/hadoop-hdds-container-service-0.6.0-SNAPSHOT.jar!/webapps/hddsDatanode}
datanode_6_1  | 2020-07-03 18:11:07,325 [Datanode State Machine Thread - 1] INFO ozoneimpl.OzoneContainer: Background container scanner has been disabled.
om_1          | 2020-07-03 18:11:24,216 [Listener at om/9862] INFO http.BaseHttpServer: HTTP server of ozoneManager listening at http://0.0.0.0:9874
scm_1         | 2020-07-03 18:11:04,884 [main] INFO safemode.OneReplicaPipelineSafeModeRule: Total pipeline count is 0, pipeline's with at least one datanode reported threshold count is 0
datanode_4_1  | 	at org.apache.ratis.proto.grpc.AdminProtocolServiceGrpc$AdminProtocolServiceBlockingStub.groupManagement(AdminProtocolServiceGrpc.java:284)
datanode_3_1  | 2020-07-03 18:13:04,003 [Datanode State Machine Thread - 0] INFO impl.RaftServerImpl: 68aea681-c6f6-440e-806d-17c20c1f4640@group-39435750E7B2: changes role from      null to FOLLOWER at term 1 for startAsFollower
datanode_5_1  | 2020-07-03 18:11:00,811 [main] INFO server.AbstractConnector: Started ServerConnector@395281c2{HTTP/1.1,[http/1.1]}{0.0.0.0:9882}
datanode_6_1  | 2020-07-03 18:11:07,327 [Datanode State Machine Thread - 1] INFO ratis.XceiverServerRatis: Starting XceiverServerRatis f04c0745-cb71-444d-bb3e-d7cd8247b8c0 at port 9858
om_1          | 2020-07-03 18:11:24,232 [org.apache.hadoop.util.JvmPauseMonitor$Monitor@349aeec4] INFO util.JvmPauseMonitor: Starting JVM pause monitor
scm_1         | 2020-07-03 18:11:04,929 [RatisPipelineUtilsThread] ERROR pipeline.SCMPipelineManager: Failed to create pipeline of type RATIS and factor ONE. Exception: Cannot create pipeline of factor 1 using 0 nodes. Used 0 nodes. Healthy nodes 0
datanode_4_1  | 	at org.apache.ratis.grpc.client.GrpcClientProtocolClient.lambda$groupAdd$3(GrpcClientProtocolClient.java:158)
datanode_3_1  | 2020-07-03 18:13:04,004 [Datanode State Machine Thread - 0] INFO impl.RoleInfo: 68aea681-c6f6-440e-806d-17c20c1f4640: start FollowerState
datanode_5_1  | 2020-07-03 18:11:00,813 [main] INFO server.Server: Started @22144ms
datanode_6_1  | 2020-07-03 18:11:07,419 [Datanode State Machine Thread - 1] INFO impl.RaftServerProxy: f04c0745-cb71-444d-bb3e-d7cd8247b8c0: start RPC server
om_1          | 2020-07-03 18:11:27,637 [IPC Server handler 37 on default port 9862] INFO volume.OMVolumeCreateRequest: created volume:vol-0-17215 for user:hadoop
scm_1         | 2020-07-03 18:11:05,541 [main] INFO ipc.CallQueueManager: Using callQueue: class java.util.concurrent.LinkedBlockingQueue, queueCapacity: 10000, scheduler: class org.apache.hadoop.ipc.DefaultRpcScheduler, ipcBackoff: false.
datanode_4_1  | 	at org.apache.ratis.grpc.client.GrpcClientProtocolClient.blockingCall(GrpcClientProtocolClient.java:185)
datanode_3_1  | 2020-07-03 18:13:04,008 [ForkJoinPool.commonPool-worker-3] INFO impl.RaftServerImpl: 68aea681-c6f6-440e-806d-17c20c1f4640@group-B967A1782F1C: start as a follower, conf=0: [e11eb95f-5c3c-4f51-bf26-90aabe2ff31e:10.5.0.8:9858, a8f2f83d-b960-4a9e-b75f-31759e69d035:10.5.0.4:9858, 68aea681-c6f6-440e-806d-17c20c1f4640:10.5.0.6:9858], old=null
datanode_5_1  | 2020-07-03 18:11:00,836 [main] INFO impl.MetricsSinkAdapter: Sink prometheus started
datanode_6_1  | 2020-07-03 18:11:07,792 [Datanode State Machine Thread - 1] INFO server.GrpcService: f04c0745-cb71-444d-bb3e-d7cd8247b8c0: GrpcService started, listening on 0.0.0.0/0.0.0.0:9858
om_1          | 2020-07-03 18:11:27,665 [IPC Server handler 0 on default port 9862] INFO volume.OMVolumeCreateRequest: created volume:vol-1-44372 for user:hadoop
scm_1         | 2020-07-03 18:11:05,581 [Socket Reader #1 for port 9861] INFO ipc.Server: Starting Socket Reader #1 for port 9861
datanode_4_1  | 	... 18 more
datanode_3_1  | 2020-07-03 18:13:04,009 [Datanode State Machine Thread - 0] INFO util.JmxRegister: Successfully registered JMX Bean with object name Ratis:service=RaftServer,group=group-39435750E7B2,id=68aea681-c6f6-440e-806d-17c20c1f4640
datanode_5_1  | 2020-07-03 18:11:00,837 [main] INFO impl.MetricsSystemImpl: Registered sink prometheus
datanode_6_1  | 2020-07-03 18:11:11,633 [Command processor thread] INFO impl.RaftServerProxy: f04c0745-cb71-444d-bb3e-d7cd8247b8c0: addNew group-F3078630C299:[f04c0745-cb71-444d-bb3e-d7cd8247b8c0:10.5.0.9:9858] returns group-F3078630C299:java.util.concurrent.CompletableFuture@11fba05f[Not completed]
om_1          | 2020-07-03 18:11:27,674 [IPC Server handler 2 on default port 9862] INFO volume.OMVolumeCreateRequest: created volume:vol-2-00927 for user:hadoop
scm_1         | 2020-07-03 18:11:05,647 [Listener at 0.0.0.0/9861] INFO ipc.CallQueueManager: Using callQueue: class java.util.concurrent.LinkedBlockingQueue, queueCapacity: 10000, scheduler: class org.apache.hadoop.ipc.DefaultRpcScheduler, ipcBackoff: false.
datanode_4_1  | 2020-07-03 18:11:16,216 [Thread-22] INFO impl.FollowerState: 1b5ef3a3-e895-4cc9-97dc-d8c09512f92f@group-55CC7F4E7E85-FollowerState: change to CANDIDATE, lastRpcTime:5037ms, electionTimeout:5026ms
datanode_3_1  | 2020-07-03 18:13:04,015 [Datanode State Machine Thread - 0] INFO metrics.RatisMetrics: Creating Metrics Registry : ratis.state_machine.68aea681-c6f6-440e-806d-17c20c1f4640@group-39435750E7B2
datanode_5_1  | 2020-07-03 18:11:00,850 [main] INFO http.BaseHttpServer: HTTP server of hddsDatanode listening at http://0.0.0.0:9882
om_1          | 2020-07-03 18:11:27,690 [IPC Server handler 35 on default port 9862] INFO volume.OMVolumeCreateRequest: created volume:vol-3-29497 for user:hadoop
scm_1         | 2020-07-03 18:11:05,660 [Socket Reader #1 for port 9863] INFO ipc.Server: Starting Socket Reader #1 for port 9863
datanode_4_1  | 2020-07-03 18:11:16,227 [Thread-22] INFO impl.RoleInfo: 1b5ef3a3-e895-4cc9-97dc-d8c09512f92f: shutdown FollowerState
datanode_3_1  | 2020-07-03 18:13:04,017 [ForkJoinPool.commonPool-worker-3] INFO impl.RaftServerImpl: 68aea681-c6f6-440e-806d-17c20c1f4640@group-B967A1782F1C: changes role from      null to FOLLOWER at term 1 for startAsFollower
datanode_5_1  | 2020-07-03 18:11:00,941 [org.apache.hadoop.util.JvmPauseMonitor$Monitor@1bfd7e56] INFO util.JvmPauseMonitor: Starting JVM pause monitor
datanode_6_1  | 2020-07-03 18:11:11,899 [pool-19-thread-1] INFO impl.RaftServerImpl: f04c0745-cb71-444d-bb3e-d7cd8247b8c0: new RaftServerImpl for group-F3078630C299:[f04c0745-cb71-444d-bb3e-d7cd8247b8c0:10.5.0.9:9858] with ContainerStateMachine:uninitialized
om_1          | 2020-07-03 18:11:27,697 [IPC Server handler 33 on default port 9862] INFO volume.OMVolumeCreateRequest: created volume:vol-4-19727 for user:hadoop
scm_1         | 2020-07-03 18:11:05,681 [Listener at 0.0.0.0/9863] INFO ipc.CallQueueManager: Using callQueue: class java.util.concurrent.LinkedBlockingQueue, queueCapacity: 10000, scheduler: class org.apache.hadoop.ipc.DefaultRpcScheduler, ipcBackoff: false.
datanode_4_1  | 2020-07-03 18:11:16,229 [Thread-22] INFO impl.RaftServerImpl: 1b5ef3a3-e895-4cc9-97dc-d8c09512f92f@group-55CC7F4E7E85: changes role from  FOLLOWER to CANDIDATE at term 0 for changeToCandidate
datanode_3_1  | 2020-07-03 18:13:04,017 [ForkJoinPool.commonPool-worker-3] INFO impl.RoleInfo: 68aea681-c6f6-440e-806d-17c20c1f4640: start FollowerState
datanode_5_1  | 2020-07-03 18:11:01,656 [Datanode State Machine Thread - 0] INFO datanode.InitDatanodeState: DatanodeDetails is persisted to /data/datanode.id
datanode_6_1  | 2020-07-03 18:11:11,910 [pool-19-thread-1] INFO server.RaftServerConfigKeys: raft.server.rpc.timeout.min = 5s (custom)
om_1          | 2020-07-03 18:12:31,758 [IPC Server handler 27 on default port 9862] INFO volume.OMVolumeCreateRequest: created volume:topvol1 for user:hadoop
scm_1         | 2020-07-03 18:11:05,683 [Socket Reader #1 for port 9860] INFO ipc.Server: Starting Socket Reader #1 for port 9860
datanode_4_1  | 2020-07-03 18:11:16,230 [Thread-22] INFO impl.RoleInfo: 1b5ef3a3-e895-4cc9-97dc-d8c09512f92f: start LeaderElection
datanode_3_1  | 2020-07-03 18:13:04,020 [ForkJoinPool.commonPool-worker-3] INFO util.JmxRegister: Successfully registered JMX Bean with object name Ratis:service=RaftServer,group=group-B967A1782F1C,id=68aea681-c6f6-440e-806d-17c20c1f4640
datanode_5_1  | 2020-07-03 18:11:04,061 [Datanode State Machine Thread - 0] INFO ipc.Client: Retrying connect to server: scm/10.5.0.71:9861. Already tried 0 time(s); retry policy is RetryUpToMaximumCountWithFixedSleep(maxRetries=2147483647, sleepTime=1000 MILLISECONDS)
datanode_6_1  | 2020-07-03 18:11:11,919 [pool-19-thread-1] INFO server.RaftServerConfigKeys: raft.server.rpc.timeout.max = 5200ms (custom)
scm_1         | 2020-07-03 18:11:05,747 [Listener at 0.0.0.0/9860] INFO http.BaseHttpServer: Starting Web-server for scm at: http://0.0.0.0:9876
scm_1         | 2020-07-03 18:11:05,747 [Listener at 0.0.0.0/9860] INFO http.BaseHttpServer: Hadoop Security Enabled: false Ozone Security Enabled: false Ozone HTTP Security Enabled: false 
datanode_3_1  | 2020-07-03 18:13:04,022 [ForkJoinPool.commonPool-worker-3] INFO metrics.RatisMetrics: Creating Metrics Registry : ratis.state_machine.68aea681-c6f6-440e-806d-17c20c1f4640@group-B967A1782F1C
datanode_5_1  | 2020-07-03 18:11:05,062 [Datanode State Machine Thread - 0] INFO ipc.Client: Retrying connect to server: scm/10.5.0.71:9861. Already tried 1 time(s); retry policy is RetryUpToMaximumCountWithFixedSleep(maxRetries=2147483647, sleepTime=1000 MILLISECONDS)
datanode_6_1  | 2020-07-03 18:11:11,919 [pool-19-thread-1] INFO server.RaftServerConfigKeys: raft.server.rpcslowness.timeout = 300s (custom)
scm_1         | 2020-07-03 18:11:05,793 [Listener at 0.0.0.0/9860] INFO util.log: Logging initialized @20032ms to org.eclipse.jetty.util.log.Slf4jLog
datanode_4_1  | 2020-07-03 18:11:16,281 [1b5ef3a3-e895-4cc9-97dc-d8c09512f92f@group-55CC7F4E7E85-LeaderElection1] INFO impl.LeaderElection: 1b5ef3a3-e895-4cc9-97dc-d8c09512f92f@group-55CC7F4E7E85-LeaderElection1: begin an election at term 1 for -1: [1b5ef3a3-e895-4cc9-97dc-d8c09512f92f:10.5.0.7:9858], old=null
datanode_3_1  | 2020-07-03 18:13:04,027 [Datanode State Machine Thread - 0] INFO impl.RaftServerProxy: 68aea681-c6f6-440e-806d-17c20c1f4640: start RPC server
datanode_5_1  | 2020-07-03 18:11:06,064 [Datanode State Machine Thread - 0] INFO ipc.Client: Retrying connect to server: scm/10.5.0.71:9861. Already tried 2 time(s); retry policy is RetryUpToMaximumCountWithFixedSleep(maxRetries=2147483647, sleepTime=1000 MILLISECONDS)
datanode_6_1  | 2020-07-03 18:11:11,925 [pool-19-thread-1] INFO server.RaftServerConfigKeys: raft.server.sleep.deviation.threshold = 300 (default)
scm_1         | 2020-07-03 18:11:05,977 [Listener at 0.0.0.0/9860] INFO server.AuthenticationFilter: Unable to initialize FileSignerSecretProvider, falling back to use random secrets.
datanode_4_1  | 2020-07-03 18:11:16,282 [1b5ef3a3-e895-4cc9-97dc-d8c09512f92f@group-55CC7F4E7E85-LeaderElection1] INFO impl.RoleInfo: 1b5ef3a3-e895-4cc9-97dc-d8c09512f92f: shutdown LeaderElection
datanode_3_1  | 2020-07-03 18:13:04,196 [Datanode State Machine Thread - 0] INFO server.GrpcService: 68aea681-c6f6-440e-806d-17c20c1f4640: GrpcService started, listening on 0.0.0.0/0.0.0.0:9858
datanode_5_1  | 2020-07-03 18:11:07,452 [Datanode State Machine Thread - 0] INFO ozoneimpl.OzoneContainer: Attempting to start container services.
datanode_6_1  | 2020-07-03 18:11:11,930 [pool-19-thread-1] INFO server.RaftServerConfigKeys: raft.server.log.appender.install.snapshot.enabled = false (custom)
scm_1         | 2020-07-03 18:11:05,995 [Listener at 0.0.0.0/9860] INFO http.HttpRequestLog: Http request log for http.requests.scm is not defined
datanode_4_1  | 2020-07-03 18:11:16,284 [1b5ef3a3-e895-4cc9-97dc-d8c09512f92f@group-55CC7F4E7E85-LeaderElection1] INFO impl.RaftServerImpl: 1b5ef3a3-e895-4cc9-97dc-d8c09512f92f@group-55CC7F4E7E85: changes role from CANDIDATE to LEADER at term 1 for changeToLeader
datanode_3_1  | 2020-07-03 18:13:05,914 [grpc-default-executor-0] INFO ratis.XceiverServerRatis: Leader change notification received for group: group-B967A1782F1C with new leaderId: e11eb95f-5c3c-4f51-bf26-90aabe2ff31e
datanode_5_1  | 2020-07-03 18:11:07,454 [Datanode State Machine Thread - 0] INFO ozoneimpl.OzoneContainer: Background container scanner has been disabled.
datanode_6_1  | 2020-07-03 18:11:11,963 [pool-19-thread-1] INFO impl.RaftServerImpl: f04c0745-cb71-444d-bb3e-d7cd8247b8c0@group-F3078630C299: ConfigurationManager, init=-1: [f04c0745-cb71-444d-bb3e-d7cd8247b8c0:10.5.0.9:9858], old=null, confs=<EMPTY_MAP>
scm_1         | 2020-07-03 18:11:06,002 [Listener at 0.0.0.0/9860] INFO http.HttpServer2: Added global filter 'safety' (class=org.apache.hadoop.hdds.server.http.HttpServer2$QuotingInputFilter)
datanode_4_1  | 2020-07-03 18:11:16,285 [1b5ef3a3-e895-4cc9-97dc-d8c09512f92f@group-55CC7F4E7E85-LeaderElection1] INFO ratis.XceiverServerRatis: Leader change notification received for group: group-55CC7F4E7E85 with new leaderId: 1b5ef3a3-e895-4cc9-97dc-d8c09512f92f
datanode_3_1  | 2020-07-03 18:13:05,940 [grpc-default-executor-0] INFO impl.RaftServerImpl: 68aea681-c6f6-440e-806d-17c20c1f4640@group-B967A1782F1C: change Leader from null to e11eb95f-5c3c-4f51-bf26-90aabe2ff31e at term 1 for appendEntries, leader elected after 4584ms
datanode_6_1  | 2020-07-03 18:11:11,963 [pool-19-thread-1] INFO server.RaftServerConfigKeys: raft.server.storage.dir = [/data/metadata/ratis] (custom)
datanode_5_1  | 2020-07-03 18:11:07,459 [Datanode State Machine Thread - 0] INFO ratis.XceiverServerRatis: Starting XceiverServerRatis e11eb95f-5c3c-4f51-bf26-90aabe2ff31e at port 9858
scm_1         | 2020-07-03 18:11:06,003 [Listener at 0.0.0.0/9860] INFO http.HttpServer2: Added filter static_user_filter (class=org.apache.hadoop.http.lib.StaticUserWebFilter$StaticUserFilter) to context scm
datanode_4_1  | 2020-07-03 18:11:16,307 [1b5ef3a3-e895-4cc9-97dc-d8c09512f92f@group-55CC7F4E7E85-LeaderElection1] INFO impl.RaftServerImpl: 1b5ef3a3-e895-4cc9-97dc-d8c09512f92f@group-55CC7F4E7E85: change Leader from null to 1b5ef3a3-e895-4cc9-97dc-d8c09512f92f at term 1 for becomeLeader, leader elected after 5381ms
datanode_3_1  | 2020-07-03 18:13:06,055 [grpc-default-executor-0] INFO impl.RaftServerImpl: 68aea681-c6f6-440e-806d-17c20c1f4640@group-B967A1782F1C: Failed appendEntries: the first entry (index 232) is already committed (commit index: 232)
datanode_6_1  | 2020-07-03 18:11:11,976 [pool-19-thread-1] INFO server.RaftServerConfigKeys: raft.server.log.corruption.policy = EXCEPTION (default)
datanode_5_1  | 2020-07-03 18:11:07,541 [Datanode State Machine Thread - 0] INFO impl.RaftServerProxy: e11eb95f-5c3c-4f51-bf26-90aabe2ff31e: start RPC server
scm_1         | 2020-07-03 18:11:06,004 [Listener at 0.0.0.0/9860] INFO http.HttpServer2: Added filter static_user_filter (class=org.apache.hadoop.http.lib.StaticUserWebFilter$StaticUserFilter) to context static
datanode_4_1  | 2020-07-03 18:11:16,327 [1b5ef3a3-e895-4cc9-97dc-d8c09512f92f@group-55CC7F4E7E85-LeaderElection1] INFO server.RaftServerConfigKeys: raft.server.staging.catchup.gap = 1000 (default)
datanode_6_1  | 2020-07-03 18:11:11,981 [pool-19-thread-1] INFO storage.RaftStorageDirectory: The storage directory /data/metadata/ratis/b226324f-0568-4703-8e9f-f3078630c299 does not exist. Creating ...
datanode_3_1  | 2020-07-03 18:13:06,056 [grpc-default-executor-0] INFO impl.RaftServerImpl: 68aea681-c6f6-440e-806d-17c20c1f4640@group-B967A1782F1C: inconsistency entries. Reply:e11eb95f-5c3c-4f51-bf26-90aabe2ff31e<-68aea681-c6f6-440e-806d-17c20c1f4640#277:FAIL,INCONSISTENCY,nextIndex:233,term:1,followerCommit:232
datanode_5_1  | 2020-07-03 18:11:07,919 [Datanode State Machine Thread - 0] INFO server.GrpcService: e11eb95f-5c3c-4f51-bf26-90aabe2ff31e: GrpcService started, listening on 0.0.0.0/0.0.0.0:9858
scm_1         | 2020-07-03 18:11:06,004 [Listener at 0.0.0.0/9860] INFO http.HttpServer2: Added filter static_user_filter (class=org.apache.hadoop.http.lib.StaticUserWebFilter$StaticUserFilter) to context logs
datanode_4_1  | 2020-07-03 18:11:16,331 [1b5ef3a3-e895-4cc9-97dc-d8c09512f92f@group-55CC7F4E7E85-LeaderElection1] INFO server.RaftServerConfigKeys: raft.server.rpc.sleep.time = 25ms (default)
datanode_6_1  | 2020-07-03 18:11:12,003 [pool-19-thread-1] INFO storage.RaftStorageDirectory: Lock on /data/metadata/ratis/b226324f-0568-4703-8e9f-f3078630c299/in_use.lock acquired by nodename 6@db489a7db958
datanode_3_1  | 2020-07-03 18:13:09,094 [Thread-20] INFO impl.FollowerState: 68aea681-c6f6-440e-806d-17c20c1f4640@group-39435750E7B2-FollowerState: change to CANDIDATE, lastRpcTime:5089ms, electionTimeout:5077ms
datanode_5_1  | 2020-07-03 18:11:12,089 [Command processor thread] INFO impl.RaftServerProxy: e11eb95f-5c3c-4f51-bf26-90aabe2ff31e: addNew group-E7F1F066FBC8:[e11eb95f-5c3c-4f51-bf26-90aabe2ff31e:10.5.0.8:9858] returns group-E7F1F066FBC8:java.util.concurrent.CompletableFuture@3eeefd94[Not completed]
scm_1         | 2020-07-03 18:11:06,062 [Listener at 0.0.0.0/9860] WARN http.BaseHttpServer: /prof java profiling servlet is activated. Not safe for production!
datanode_4_1  | 2020-07-03 18:11:16,344 [1b5ef3a3-e895-4cc9-97dc-d8c09512f92f@group-55CC7F4E7E85-LeaderElection1] INFO metrics.RatisMetrics: Creating Metrics Registry : ratis.log_appender.1b5ef3a3-e895-4cc9-97dc-d8c09512f92f@group-55CC7F4E7E85
datanode_6_1  | 2020-07-03 18:11:12,022 [pool-19-thread-1] INFO storage.RaftStorage: Storage directory /data/metadata/ratis/b226324f-0568-4703-8e9f-f3078630c299 has been successfully formatted.
datanode_3_1  | 2020-07-03 18:13:09,094 [Thread-20] INFO impl.RoleInfo: 68aea681-c6f6-440e-806d-17c20c1f4640: shutdown FollowerState
datanode_5_1  | 2020-07-03 18:11:12,229 [pool-19-thread-1] INFO impl.RaftServerImpl: e11eb95f-5c3c-4f51-bf26-90aabe2ff31e: new RaftServerImpl for group-E7F1F066FBC8:[e11eb95f-5c3c-4f51-bf26-90aabe2ff31e:10.5.0.8:9858] with ContainerStateMachine:uninitialized
scm_1         | 2020-07-03 18:11:06,137 [Listener at 0.0.0.0/9860] INFO server.StorageContainerManager: StorageContainerLocationProtocol RPC server is listening at /0.0.0.0:9860
datanode_4_1  | 2020-07-03 18:11:16,369 [1b5ef3a3-e895-4cc9-97dc-d8c09512f92f@group-55CC7F4E7E85-LeaderElection1] INFO server.RaftServerConfigKeys: raft.server.write.element-limit = 1024 (custom)
datanode_6_1  | 2020-07-03 18:11:12,126 [pool-19-thread-1] INFO ratis.ContainerStateMachine: group-F3078630C299: The snapshot info is null. Setting the last applied indexto:(t:0, i:~)
datanode_3_1  | 2020-07-03 18:13:09,094 [Thread-20] INFO impl.RaftServerImpl: 68aea681-c6f6-440e-806d-17c20c1f4640@group-39435750E7B2: changes role from  FOLLOWER to CANDIDATE at term 1 for changeToCandidate
datanode_5_1  | 2020-07-03 18:11:12,246 [pool-19-thread-1] INFO server.RaftServerConfigKeys: raft.server.rpc.timeout.min = 5s (custom)
scm_1         | 2020-07-03 18:11:06,189 [Listener at 0.0.0.0/9860] INFO impl.MetricsConfig: Loaded properties from hadoop-metrics2.properties
datanode_6_1  | 2020-07-03 18:11:12,141 [pool-19-thread-1] INFO server.RaftServerConfigKeys: raft.server.notification.no-leader.timeout = 60s (default)
datanode_3_1  | 2020-07-03 18:13:09,097 [Thread-20] INFO impl.RoleInfo: 68aea681-c6f6-440e-806d-17c20c1f4640: start LeaderElection
datanode_5_1  | 2020-07-03 18:11:12,261 [pool-19-thread-1] INFO server.RaftServerConfigKeys: raft.server.rpc.timeout.max = 5200ms (custom)
datanode_4_1  | 2020-07-03 18:11:16,373 [1b5ef3a3-e895-4cc9-97dc-d8c09512f92f@group-55CC7F4E7E85-LeaderElection1] INFO server.RaftServerConfigKeys: raft.server.write.byte-limit = 1073741824 (custom)
scm_1         | 2020-07-03 18:11:06,211 [Listener at 0.0.0.0/9860] INFO impl.MetricsSystemImpl: Scheduled Metric snapshot period at 10 second(s).
datanode_6_1  | 2020-07-03 18:11:12,181 [pool-19-thread-1] INFO server.RaftServerConfigKeys: raft.server.log.use.memory = false (default)
datanode_3_1  | 2020-07-03 18:13:09,112 [68aea681-c6f6-440e-806d-17c20c1f4640@group-39435750E7B2-LeaderElection1] INFO impl.LeaderElection: 68aea681-c6f6-440e-806d-17c20c1f4640@group-39435750E7B2-LeaderElection1: begin an election at term 2 for 0: [68aea681-c6f6-440e-806d-17c20c1f4640:10.5.0.6:9858], old=null
datanode_5_1  | 2020-07-03 18:11:12,262 [pool-19-thread-1] INFO server.RaftServerConfigKeys: raft.server.rpcslowness.timeout = 300s (custom)
datanode_4_1  | 2020-07-03 18:11:16,403 [1b5ef3a3-e895-4cc9-97dc-d8c09512f92f@group-55CC7F4E7E85-LeaderElection1] INFO server.RaftServerConfigKeys: raft.server.watch.timeout = 180s (custom)
scm_1         | 2020-07-03 18:11:06,211 [Listener at 0.0.0.0/9860] INFO impl.MetricsSystemImpl: StorageContainerManager metrics system started
datanode_6_1  | 2020-07-03 18:11:12,236 [pool-19-thread-1] INFO server.RaftServerConfigKeys: raft.server.log.purge.gap = 1000000 (custom)
datanode_3_1  | 2020-07-03 18:13:09,113 [68aea681-c6f6-440e-806d-17c20c1f4640@group-39435750E7B2-LeaderElection1] INFO impl.RoleInfo: 68aea681-c6f6-440e-806d-17c20c1f4640: shutdown LeaderElection
datanode_5_1  | 2020-07-03 18:11:12,269 [pool-19-thread-1] INFO server.RaftServerConfigKeys: raft.server.sleep.deviation.threshold = 300 (default)
datanode_4_1  | 2020-07-03 18:11:16,443 [Command processor thread] INFO commandhandler.CreatePipelineCommandHandler: Created Pipeline RATIS THREE #id: "7e1dd126-a795-46ee-bb85-e915172db073"
scm_1         | 2020-07-03 18:11:06,339 [Listener at 0.0.0.0/9860] INFO server.SCMClientProtocolServer: RPC server for Client  is listening at /0.0.0.0:9860
datanode_6_1  | 2020-07-03 18:11:12,236 [pool-19-thread-1] INFO server.RaftServerConfigKeys: raft.server.log.appender.buffer.byte-limit = 33554432 (custom)
datanode_3_1  | 2020-07-03 18:13:09,113 [68aea681-c6f6-440e-806d-17c20c1f4640@group-39435750E7B2-LeaderElection1] INFO impl.RaftServerImpl: 68aea681-c6f6-440e-806d-17c20c1f4640@group-39435750E7B2: changes role from CANDIDATE to LEADER at term 2 for changeToLeader
datanode_5_1  | 2020-07-03 18:11:12,289 [pool-19-thread-1] INFO server.RaftServerConfigKeys: raft.server.log.appender.install.snapshot.enabled = false (custom)
datanode_4_1  | uuid128 {
scm_1         | 2020-07-03 18:11:06,340 [IPC Server Responder] INFO ipc.Server: IPC Server Responder: starting
datanode_3_1  | 2020-07-03 18:13:09,114 [68aea681-c6f6-440e-806d-17c20c1f4640@group-39435750E7B2-LeaderElection1] INFO ratis.XceiverServerRatis: Leader change notification received for group: group-39435750E7B2 with new leaderId: 68aea681-c6f6-440e-806d-17c20c1f4640
datanode_5_1  | 2020-07-03 18:11:12,315 [pool-19-thread-1] INFO impl.RaftServerImpl: e11eb95f-5c3c-4f51-bf26-90aabe2ff31e@group-E7F1F066FBC8: ConfigurationManager, init=-1: [e11eb95f-5c3c-4f51-bf26-90aabe2ff31e:10.5.0.8:9858], old=null, confs=<EMPTY_MAP>
datanode_4_1  |   mostSigBits: 9087649587054069486
datanode_6_1  | 2020-07-03 18:11:12,247 [pool-19-thread-1] INFO server.RaftServerConfigKeys: raft.server.log.segment.size.max = 1048576 (custom)
scm_1         | 2020-07-03 18:11:06,345 [IPC Server listener on 9860] INFO ipc.Server: IPC Server listener on 9860: starting
datanode_3_1  | 2020-07-03 18:13:09,115 [68aea681-c6f6-440e-806d-17c20c1f4640@group-39435750E7B2-LeaderElection1] INFO impl.RaftServerImpl: 68aea681-c6f6-440e-806d-17c20c1f4640@group-39435750E7B2: change Leader from null to 68aea681-c6f6-440e-806d-17c20c1f4640 at term 2 for becomeLeader, leader elected after 9276ms
