nm_1        | 2020-07-03 18:35:12 INFO  ContainerLaunch:595 - Container container_1593801199459_0001_01_000004 succeeded 
s3g_1       | 2020-07-03 18:33:02,873 [main] INFO handler.ContextHandler: Started o.e.j.s.ServletContextHandler@4233e892{static,/static,jar:file:/opt/hadoop/share/ozone/lib/hadoop-ozone-s3gateway-0.6.0-SNAPSHOT.jar!/webapps/static,AVAILABLE}
rm_1        | 2020-07-03 18:33:00 INFO  Configuration:2752 - dynamic-resources.xml not found
scm_1       | STARTUP_MSG:   build = https://github.com/apache/hadoop-ozone.git/2c4e65693bfcf600643f7ae285d7abf9e54a2e02 ; compiled by 'runner' on 2020-07-03T17:49Z
nm_1        | 2020-07-03 18:35:12 INFO  ContainerImpl:2112 - Container container_1593801199459_0001_01_000004 transitioned from RUNNING to EXITED_WITH_SUCCESS
s3g_1       | ERROR StatusLogger No Log4j 2 configuration file found. Using default configuration (logging only errors to the console), or user programmatically provided configurations. Set system property 'log4j2.debug' to show Log4j 2 internal initialization logging. See https://logging.apache.org/log4j/2.x/manual/configuration.html for instructions on how to configure Log4j 2
rm_1        | 2020-07-03 18:33:00 INFO  AMSProcessingChain:62 - Initializing AMS Processing chain. Root Processor=[org.apache.hadoop.yarn.server.resourcemanager.DefaultAMSProcessor].
scm_1       | STARTUP_MSG:   java = 11.0.6
nm_1        | 2020-07-03 18:35:12 INFO  NMAuditLogger:94 - USER=hadoop	OPERATION=Container Finished - Succeeded	TARGET=ContainerImpl	RESULT=SUCCESS	APPID=application_1593801199459_0001	CONTAINERID=container_1593801199459_0001_01_000004
nm_1        | 2020-07-03 18:35:12 INFO  ContainerCleanup:87 - Cleaning up container container_1593801199459_0001_01_000004
rm_1        | 2020-07-03 18:33:00 INFO  ApplicationMasterService:129 - disabled placement handler will be used, all scheduling requests will be rejected.
scm_1       | ************************************************************/
nm_1        | 2020-07-03 18:35:12 INFO  ContainerImpl:2112 - Container container_1593801199459_0001_01_000004 transitioned from EXITED_WITH_SUCCESS to DONE
s3g_1       | Jul 03, 2020 6:33:23 PM org.glassfish.jersey.internal.Errors logErrors
rm_1        | 2020-07-03 18:33:00 INFO  AMSProcessingChain:75 - Adding [org.apache.hadoop.yarn.server.resourcemanager.scheduler.constraint.processor.DisabledPlacementProcessor] tp top of AMS Processing chain. 
rm_1        | 2020-07-03 18:33:01 INFO  TimelineClientImpl:129 - Timeline service address: jhs:8188
nm_1        | 2020-07-03 18:35:12 INFO  ApplicationImpl:512 - Removing container_1593801199459_0001_01_000004 from application application_1593801199459_0001
rm_1        | 2020-07-03 18:33:04 INFO  AsyncDispatcher:223 - Registering class org.apache.hadoop.yarn.server.resourcemanager.metrics.AbstractSystemMetricsPublisher$SystemMetricsEventType for class org.apache.hadoop.yarn.server.resourcemanager.metrics.TimelineServiceV1Publisher$TimelineV1EventHandler
rm_1        | 2020-07-03 18:33:04 INFO  AsyncDispatcher:223 - Registering class org.apache.hadoop.yarn.server.resourcemanager.metrics.AbstractSystemMetricsPublisher$SystemMetricsEventType for class org.apache.hadoop.yarn.server.resourcemanager.metrics.TimelineServiceV1Publisher$TimelineV1EventHandler
s3g_1       | WARNING: The following warnings have been detected: WARNING: A HTTP GET method, public javax.ws.rs.core.Response org.apache.hadoop.ozone.s3.endpoint.ObjectEndpoint.get(java.lang.String,java.lang.String,java.lang.String,int,java.lang.String,java.io.InputStream) throws java.io.IOException,org.apache.hadoop.ozone.s3.exception.OS3Exception, should not consume any entity.
nm_1        | 2020-07-03 18:35:12 INFO  ContainersMonitorImpl:1004 - Stopping resource-monitoring for container_1593801199459_0001_01_000004
rm_1        | 2020-07-03 18:33:04 INFO  AsyncDispatcher:223 - Registering class org.apache.hadoop.yarn.server.resourcemanager.metrics.AbstractSystemMetricsPublisher$SystemMetricsEventType for class org.apache.hadoop.yarn.server.resourcemanager.metrics.TimelineServiceV1Publisher$TimelineV1EventHandler
rm_1        | 2020-07-03 18:33:04 INFO  AsyncDispatcher:223 - Registering class org.apache.hadoop.yarn.server.resourcemanager.metrics.AbstractSystemMetricsPublisher$SystemMetricsEventType for class org.apache.hadoop.yarn.server.resourcemanager.metrics.TimelineServiceV1Publisher$TimelineV1EventHandler
s3g_1       | 
rm_1        | 2020-07-03 18:33:04 INFO  AsyncDispatcher:223 - Registering class org.apache.hadoop.yarn.server.resourcemanager.metrics.AbstractSystemMetricsPublisher$SystemMetricsEventType for class org.apache.hadoop.yarn.server.resourcemanager.metrics.TimelineServiceV1Publisher$TimelineV1EventHandler
scm_1       | 2020-07-03 18:33:24,473 [main] INFO server.StorageContainerManagerStarter: registered UNIX signal handlers for [TERM, HUP, INT]
nm_1        | 2020-07-03 18:35:12 INFO  AppLogAggregatorImpl:539 - Considering container container_1593801199459_0001_01_000004 for log-aggregation
s3g_1       | 2020-07-03 18:33:23,302 [main] INFO handler.ContextHandler: Started o.e.j.w.WebAppContext@42d9e8d2{s3gateway,/,file:///tmp/jetty-0_0_0_0-9878-hadoop-ozone-s3gateway-0_6_0-SNAPSHOT_jar-_-any-9943441632584087673.dir/webapp/,AVAILABLE}{jar:file:/opt/hadoop/share/ozone/lib/hadoop-ozone-s3gateway-0.6.0-SNAPSHOT.jar!/webapps/s3gateway}
rm_1        | 2020-07-03 18:33:04 INFO  AsyncDispatcher:223 - Registering class org.apache.hadoop.yarn.server.resourcemanager.metrics.AbstractSystemMetricsPublisher$SystemMetricsEventType for class org.apache.hadoop.yarn.server.resourcemanager.metrics.TimelineServiceV1Publisher$TimelineV1EventHandler
scm_1       | 2020-07-03 18:33:24,652 [main] WARN server.ServerUtils: ozone.scm.db.dirs is not configured. We recommend adding this setting. Falling back to ozone.metadata.dirs instead.
nm_1        | 2020-07-03 18:35:12 INFO  AuxServices:350 - Got event CONTAINER_STOP for appId application_1593801199459_0001
s3g_1       | 2020-07-03 18:33:23,314 [main] INFO server.AbstractConnector: Started ServerConnector@aeab9a1{HTTP/1.1,[http/1.1]}{0.0.0.0:9878}
rm_1        | 2020-07-03 18:33:04 INFO  AsyncDispatcher:223 - Registering class org.apache.hadoop.yarn.server.resourcemanager.metrics.AbstractSystemMetricsPublisher$SystemMetricsEventType for class org.apache.hadoop.yarn.server.resourcemanager.metrics.TimelineServiceV1Publisher$TimelineV1EventHandler
scm_1       | WARNING: An illegal reflective access operation has occurred
nm_1        | 2020-07-03 18:35:12 INFO  NodeStatusUpdaterImpl:707 - Removed completed containers from NM context: [container_1593801199459_0001_01_000002]
s3g_1       | 2020-07-03 18:33:23,314 [main] INFO server.Server: Started @30348ms
rm_1        | 2020-07-03 18:33:04 INFO  AsyncDispatcher:223 - Registering class org.apache.hadoop.yarn.server.resourcemanager.metrics.AbstractSystemMetricsPublisher$SystemMetricsEventType for class org.apache.hadoop.yarn.server.resourcemanager.metrics.TimelineServiceV1Publisher$TimelineV1EventHandler
scm_1       | WARNING: Illegal reflective access by org.apache.hadoop.security.authentication.util.KerberosUtil (file:/opt/hadoop/share/ozone/lib/hadoop-auth-3.2.1.jar) to method sun.security.krb5.Config.getInstance()
s3g_1       | 2020-07-03 18:33:23,319 [main] INFO http.BaseHttpServer: HTTP server of s3gateway listening at http://0.0.0.0:9878
rm_1        | 2020-07-03 18:33:04 INFO  AsyncDispatcher:223 - Registering class org.apache.hadoop.yarn.server.resourcemanager.metrics.AbstractSystemMetricsPublisher$SystemMetricsEventType for class org.apache.hadoop.yarn.server.resourcemanager.metrics.TimelineServiceV1Publisher$TimelineV1EventHandler
rm_1        | 2020-07-03 18:33:04 INFO  AsyncDispatcher:223 - Registering class org.apache.hadoop.yarn.server.resourcemanager.metrics.AbstractSystemMetricsPublisher$SystemMetricsEventType for class org.apache.hadoop.yarn.server.resourcemanager.metrics.TimelineServiceV1Publisher$TimelineV1EventHandler
scm_1       | WARNING: Please consider reporting this to the maintainers of org.apache.hadoop.security.authentication.util.KerberosUtil
rm_1        | 2020-07-03 18:33:04 INFO  log:192 - Logging initialized @11722ms
rm_1        | 2020-07-03 18:33:05 INFO  AuthenticationFilter:240 - Unable to initialize FileSignerSecretProvider, falling back to use random secrets.
scm_1       | WARNING: Use --illegal-access=warn to enable warnings of further illegal reflective access operations
rm_1        | 2020-07-03 18:33:05 INFO  HttpRequestLog:81 - Http request log for http.requests.resourcemanager is not defined
nm_1        | 2020-07-03 18:35:12 INFO  DefaultContainerExecutor:634 - Deleting absolute path : /tmp/hadoop-hadoop/nm-local-dir/usercache/hadoop/appcache/application_1593801199459_0001/container_1593801199459_0001_01_000004/launch_container.sh
scm_1       | WARNING: All illegal access operations will be denied in a future release
rm_1        | 2020-07-03 18:33:05 INFO  HttpServer2:975 - Added global filter 'safety' (class=org.apache.hadoop.http.HttpServer2$QuotingInputFilter)
nm_1        | 2020-07-03 18:35:12 INFO  DefaultContainerExecutor:634 - Deleting absolute path : /tmp/hadoop-hadoop/nm-local-dir/usercache/hadoop/appcache/application_1593801199459_0001/container_1593801199459_0001_01_000004/container_tokens
scm_1       | 2020-07-03 18:33:25,022 [main] INFO security.UserGroupInformation: Login successful for user scm/scm@EXAMPLE.COM using keytab file /etc/security/keytabs/scm.keytab
rm_1        | 2020-07-03 18:33:05 INFO  HttpServer2:948 - Added filter static_user_filter (class=org.apache.hadoop.http.lib.StaticUserWebFilter$StaticUserFilter) to context cluster
nm_1        | 2020-07-03 18:35:13 INFO  ContainersMonitorImpl:615 - container_1593801199459_0001_01_000005's ip = 172.25.0.8, and hostname = nm
scm_1       | 2020-07-03 18:33:25,022 [main] INFO server.StorageContainerManager: SCM login successful.
rm_1        | 2020-07-03 18:33:05 INFO  HttpServer2:958 - Added filter static_user_filter (class=org.apache.hadoop.http.lib.StaticUserWebFilter$StaticUserFilter) to context static
nm_1        | 2020-07-03 18:35:13 INFO  NodeStatusUpdaterImpl:707 - Removed completed containers from NM context: [container_1593801199459_0001_01_000003]
scm_1       | 2020-07-03 18:33:25,162 [main] WARN db.DBStoreBuilder: ozone.scm.db.dirs is not configured. We recommend adding this setting. Falling back to ozone.metadata.dirs instead.
rm_1        | 2020-07-03 18:33:05 INFO  HttpServer2:958 - Added filter static_user_filter (class=org.apache.hadoop.http.lib.StaticUserWebFilter$StaticUserFilter) to context logs
nm_1        | 2020-07-03 18:35:14 INFO  NodeStatusUpdaterImpl:707 - Removed completed containers from NM context: [container_1593801199459_0001_01_000004]
scm_1       | 2020-07-03 18:33:26,397 [main] INFO ipc.CallQueueManager: Using callQueue: class java.util.concurrent.LinkedBlockingQueue, queueCapacity: 200, scheduler: class org.apache.hadoop.ipc.DefaultRpcScheduler, ipcBackoff: false.
rm_1        | 2020-07-03 18:33:05 INFO  HttpServer2:613 - adding path spec: /cluster/*
nm_1        | 2020-07-03 18:35:16 INFO  ContainersMonitorImpl:516 - Skipping monitoring container container_1593801199459_0001_01_000005 since CPU usage is not yet available.
scm_1       | 2020-07-03 18:33:26,422 [Socket Reader #1 for port 9961] INFO ipc.Server: Starting Socket Reader #1 for port 9961
rm_1        | 2020-07-03 18:33:05 INFO  HttpServer2:613 - adding path spec: /ws/*
nm_1        | 2020-07-03 18:35:16 INFO  ContainerLaunch:595 - Container container_1593801199459_0001_01_000005 succeeded 
scm_1       | 2020-07-03 18:33:26,492 [Listener at 0.0.0.0/9961] INFO net.NodeSchemaLoader: Loading file from java.lang.CompoundEnumeration@8bd86c8
rm_1        | 2020-07-03 18:33:05 INFO  HttpServer2:613 - adding path spec: /app/*
nm_1        | 2020-07-03 18:35:16 INFO  ContainerImpl:2112 - Container container_1593801199459_0001_01_000005 transitioned from RUNNING to EXITED_WITH_SUCCESS
scm_1       | 2020-07-03 18:33:26,493 [Listener at 0.0.0.0/9961] INFO net.NodeSchemaLoader: Loading network topology layer schema file
rm_1        | 2020-07-03 18:33:09 INFO  WebApps:395 - Registered webapp guice modules
nm_1        | 2020-07-03 18:35:16 INFO  NMAuditLogger:94 - USER=hadoop	OPERATION=Container Finished - Succeeded	TARGET=ContainerImpl	RESULT=SUCCESS	APPID=application_1593801199459_0001	CONTAINERID=container_1593801199459_0001_01_000005
scm_1       | 2020-07-03 18:33:26,575 [Listener at 0.0.0.0/9961] INFO node.SCMNodeManager: Entering startup safe mode.
rm_1        | 2020-07-03 18:33:09 INFO  HttpServer2:1191 - Jetty bound to port 8088
nm_1        | 2020-07-03 18:35:16 INFO  ContainerCleanup:87 - Cleaning up container container_1593801199459_0001_01_000005
scm_1       | 2020-07-03 18:33:26,712 [Listener at 0.0.0.0/9961] INFO algorithms.ContainerPlacementPolicyFactory: Create container placement policy of type org.apache.hadoop.hdds.scm.container.placement.algorithms.SCMContainerPlacementRandom
rm_1        | 2020-07-03 18:33:09 INFO  Server:351 - jetty-9.3.24.v20180605, build timestamp: 2018-06-05T17:11:56Z, git hash: 84205aa28f11a4f31f2a3b86d1bba2cc8ab69827
nm_1        | 2020-07-03 18:35:16 INFO  ContainerImpl:2112 - Container container_1593801199459_0001_01_000005 transitioned from EXITED_WITH_SUCCESS to DONE
scm_1       | 2020-07-03 18:33:26,745 [Listener at 0.0.0.0/9961] INFO pipeline.SCMPipelineManager: No pipeline exists in current db
rm_1        | 2020-07-03 18:33:09 INFO  ContextHandler:781 - Started o.e.j.s.ServletContextHandler@3234f74e{/logs,file:///opt/hadoop/logs/,AVAILABLE}
nm_1        | 2020-07-03 18:35:16 INFO  ApplicationImpl:512 - Removing container_1593801199459_0001_01_000005 from application application_1593801199459_0001
scm_1       | 2020-07-03 18:33:26,822 [Listener at 0.0.0.0/9961] INFO safemode.HealthyPipelineSafeModeRule: Total pipeline count is 0, healthy pipeline threshold count is 1
rm_1        | 2020-07-03 18:33:09 INFO  ContextHandler:781 - Started o.e.j.s.ServletContextHandler@557a1e2d{/static,jar:file:/opt/hadoop/share/hadoop/yarn/hadoop-yarn-common-3.2.0.jar!/webapps/static,AVAILABLE}
nm_1        | 2020-07-03 18:35:16 INFO  ContainersMonitorImpl:1004 - Stopping resource-monitoring for container_1593801199459_0001_01_000005
scm_1       | 2020-07-03 18:33:26,825 [Listener at 0.0.0.0/9961] INFO safemode.OneReplicaPipelineSafeModeRule: Total pipeline count is 0, pipeline's with at least one datanode reported threshold count is 0
rm_1        | Jul 03, 2020 6:33:11 PM com.sun.jersey.guice.spi.container.GuiceComponentProviderFactory register
nm_1        | 2020-07-03 18:35:16 INFO  AppLogAggregatorImpl:539 - Considering container container_1593801199459_0001_01_000005 for log-aggregation
scm_1       | 2020-07-03 18:33:26,872 [RatisPipelineUtilsThread] ERROR pipeline.SCMPipelineManager: Failed to create pipeline of type RATIS and factor ONE. Exception: Cannot create pipeline of factor 1 using 0 nodes. Used 0 nodes. Healthy nodes 0
rm_1        | INFO: Registering org.apache.hadoop.yarn.server.resourcemanager.webapp.JAXBContextResolver as a provider class
nm_1        | 2020-07-03 18:35:16 INFO  AuxServices:350 - Got event CONTAINER_STOP for appId application_1593801199459_0001
scm_1       | 2020-07-03 18:33:27,340 [Listener at 0.0.0.0/9961] INFO ipc.CallQueueManager: Using callQueue: class java.util.concurrent.LinkedBlockingQueue, queueCapacity: 10000, scheduler: class org.apache.hadoop.ipc.DefaultRpcScheduler, ipcBackoff: false.
nm_1        | 2020-07-03 18:35:16 INFO  DefaultContainerExecutor:634 - Deleting absolute path : /tmp/hadoop-hadoop/nm-local-dir/usercache/hadoop/appcache/application_1593801199459_0001/container_1593801199459_0001_01_000005/launch_container.sh
rm_1        | Jul 03, 2020 6:33:11 PM com.sun.jersey.guice.spi.container.GuiceComponentProviderFactory register
scm_1       | 2020-07-03 18:33:27,341 [Socket Reader #1 for port 9861] INFO ipc.Server: Starting Socket Reader #1 for port 9861
nm_1        | 2020-07-03 18:35:16 INFO  DefaultContainerExecutor:634 - Deleting absolute path : /tmp/hadoop-hadoop/nm-local-dir/usercache/hadoop/appcache/application_1593801199459_0001/container_1593801199459_0001_01_000005/container_tokens
rm_1        | INFO: Registering org.apache.hadoop.yarn.server.resourcemanager.webapp.RMWebServices as a root resource class
scm_1       | 2020-07-03 18:33:27,366 [Listener at 0.0.0.0/9861] INFO ipc.CallQueueManager: Using callQueue: class java.util.concurrent.LinkedBlockingQueue, queueCapacity: 10000, scheduler: class org.apache.hadoop.ipc.DefaultRpcScheduler, ipcBackoff: false.
nm_1        | 2020-07-03 18:35:16 INFO  Server:1849 - Auth successful for appattempt_1593801199459_0001_000001 (auth:SIMPLE)
rm_1        | Jul 03, 2020 6:33:11 PM com.sun.jersey.guice.spi.container.GuiceComponentProviderFactory register
scm_1       | 2020-07-03 18:33:27,368 [Socket Reader #1 for port 9863] INFO ipc.Server: Starting Socket Reader #1 for port 9863
nm_1        | 2020-07-03 18:35:16 INFO  ContainerManagerImpl:1409 - Stopping container with container Id: container_1593801199459_0001_01_000005
rm_1        | INFO: Registering org.apache.hadoop.yarn.webapp.GenericExceptionHandler as a provider class
scm_1       | 2020-07-03 18:33:27,398 [Listener at 0.0.0.0/9863] INFO ipc.CallQueueManager: Using callQueue: class java.util.concurrent.LinkedBlockingQueue, queueCapacity: 10000, scheduler: class org.apache.hadoop.ipc.DefaultRpcScheduler, ipcBackoff: false.
nm_1        | 2020-07-03 18:35:16 INFO  NMAuditLogger:94 - USER=hadoop	IP=172.25.0.8	OPERATION=Stop Container Request	TARGET=ContainerManageImpl	RESULT=SUCCESS	APPID=application_1593801199459_0001	CONTAINERID=container_1593801199459_0001_01_000005
rm_1        | Jul 03, 2020 6:33:11 PM com.sun.jersey.server.impl.application.WebApplicationImpl _initiate
scm_1       | 2020-07-03 18:33:27,404 [Socket Reader #1 for port 9860] INFO ipc.Server: Starting Socket Reader #1 for port 9860
nm_1        | 2020-07-03 18:35:23 INFO  ContainerLaunch:595 - Container container_1593801199459_0001_01_000001 succeeded 
rm_1        | INFO: Initiating Jersey application, version 'Jersey: 1.19 02/11/2015 03:25 AM'
scm_1       | 2020-07-03 18:33:27,425 [Listener at 0.0.0.0/9860] INFO http.BaseHttpServer: Starting Web-server for scm at: http://0.0.0.0:9876
nm_1        | 2020-07-03 18:35:23 INFO  ContainerImpl:2112 - Container container_1593801199459_0001_01_000001 transitioned from RUNNING to EXITED_WITH_SUCCESS
rm_1        | Jul 03, 2020 6:33:11 PM com.sun.jersey.guice.spi.container.GuiceComponentProviderFactory getComponentProvider
scm_1       | 2020-07-03 18:33:27,425 [Listener at 0.0.0.0/9860] INFO http.BaseHttpServer: Hadoop Security Enabled: true Ozone Security Enabled: true Ozone HTTP Security Enabled: false 
nm_1        | 2020-07-03 18:35:23 INFO  ContainerCleanup:87 - Cleaning up container container_1593801199459_0001_01_000001
nm_1        | 2020-07-03 18:35:23 INFO  NMAuditLogger:94 - USER=hadoop	OPERATION=Container Finished - Succeeded	TARGET=ContainerImpl	RESULT=SUCCESS	APPID=application_1593801199459_0001	CONTAINERID=container_1593801199459_0001_01_000001
rm_1        | INFO: Binding org.apache.hadoop.yarn.server.resourcemanager.webapp.JAXBContextResolver to GuiceManagedComponentProvider with the scope "Singleton"
nm_1        | 2020-07-03 18:35:23 INFO  ContainerImpl:2112 - Container container_1593801199459_0001_01_000001 transitioned from EXITED_WITH_SUCCESS to DONE
scm_1       | 2020-07-03 18:33:27,447 [Listener at 0.0.0.0/9860] INFO util.log: Logging initialized @6917ms to org.eclipse.jetty.util.log.Slf4jLog
rm_1        | Jul 03, 2020 6:33:15 PM com.sun.jersey.guice.spi.container.GuiceComponentProviderFactory getComponentProvider
nm_1        | 2020-07-03 18:35:23 INFO  ApplicationImpl:512 - Removing container_1593801199459_0001_01_000001 from application application_1593801199459_0001
scm_1       | 2020-07-03 18:33:27,525 [Listener at 0.0.0.0/9860] INFO server.AuthenticationFilter: Unable to initialize FileSignerSecretProvider, falling back to use random secrets.
scm_1       | 2020-07-03 18:33:27,543 [Listener at 0.0.0.0/9860] INFO http.HttpRequestLog: Http request log for http.requests.scm is not defined
nm_1        | 2020-07-03 18:35:23 INFO  ContainersMonitorImpl:1004 - Stopping resource-monitoring for container_1593801199459_0001_01_000001
scm_1       | 2020-07-03 18:33:27,548 [Listener at 0.0.0.0/9860] INFO http.HttpServer2: Added global filter 'safety' (class=org.apache.hadoop.hdds.server.http.HttpServer2$QuotingInputFilter)
rm_1        | INFO: Binding org.apache.hadoop.yarn.webapp.GenericExceptionHandler to GuiceManagedComponentProvider with the scope "Singleton"
nm_1        | 2020-07-03 18:35:23 INFO  AppLogAggregatorImpl:539 - Considering container container_1593801199459_0001_01_000001 for log-aggregation
scm_1       | 2020-07-03 18:33:27,550 [Listener at 0.0.0.0/9860] INFO http.HttpServer2: Added filter static_user_filter (class=org.apache.hadoop.http.lib.StaticUserWebFilter$StaticUserFilter) to context scm
rm_1        | Jul 03, 2020 6:33:17 PM com.sun.jersey.guice.spi.container.GuiceComponentProviderFactory getComponentProvider
nm_1        | 2020-07-03 18:35:23 INFO  AuxServices:350 - Got event CONTAINER_STOP for appId application_1593801199459_0001
scm_1       | 2020-07-03 18:33:27,550 [Listener at 0.0.0.0/9860] INFO http.HttpServer2: Added filter static_user_filter (class=org.apache.hadoop.http.lib.StaticUserWebFilter$StaticUserFilter) to context logs
rm_1        | INFO: Binding org.apache.hadoop.yarn.server.resourcemanager.webapp.RMWebServices to GuiceManagedComponentProvider with the scope "Singleton"
nm_1        | 2020-07-03 18:35:23 INFO  DefaultContainerExecutor:634 - Deleting absolute path : /tmp/hadoop-hadoop/nm-local-dir/usercache/hadoop/appcache/application_1593801199459_0001/container_1593801199459_0001_01_000001/launch_container.sh
scm_1       | 2020-07-03 18:33:27,551 [Listener at 0.0.0.0/9860] INFO http.HttpServer2: Added filter static_user_filter (class=org.apache.hadoop.http.lib.StaticUserWebFilter$StaticUserFilter) to context static
rm_1        | 2020-07-03 18:33:18 INFO  ContextHandler:781 - Started o.e.j.w.WebAppContext@64524dd{/,file:///tmp/jetty-rm-8088-cluster-_-any-4395578496453896476.dir/webapp/,AVAILABLE}{/cluster}
nm_1        | 2020-07-03 18:35:23 INFO  DefaultContainerExecutor:634 - Deleting absolute path : /tmp/hadoop-hadoop/nm-local-dir/usercache/hadoop/appcache/application_1593801199459_0001/container_1593801199459_0001_01_000001/container_tokens
scm_1       | 2020-07-03 18:33:27,602 [Listener at 0.0.0.0/9860] INFO server.StorageContainerManager: StorageContainerLocationProtocol RPC server is listening at /0.0.0.0:9860
rm_1        | 2020-07-03 18:33:18 INFO  AbstractConnector:278 - Started ServerConnector@4a319936{HTTP/1.1,[http/1.1]}{rm:8088}
nm_1        | 2020-07-03 18:35:23 INFO  Server:1849 - Auth successful for appattempt_1593801199459_0001_000001 (auth:SIMPLE)
scm_1       | 2020-07-03 18:33:27,689 [Listener at 0.0.0.0/9860] INFO impl.MetricsConfig: Loaded properties from hadoop-metrics2.properties
rm_1        | 2020-07-03 18:33:18 INFO  Server:419 - Started @25102ms
nm_1        | 2020-07-03 18:35:23 INFO  ContainerManagerImpl:1409 - Stopping container with container Id: container_1593801199459_0001_01_000001
scm_1       | 2020-07-03 18:33:27,729 [Listener at 0.0.0.0/9860] INFO impl.MetricsSystemImpl: Scheduled Metric snapshot period at 10 second(s).
rm_1        | 2020-07-03 18:33:18 INFO  WebApps:440 - Web app cluster started at 8088
nm_1        | 2020-07-03 18:35:23 INFO  NMAuditLogger:94 - USER=hadoop	IP=172.25.0.5	OPERATION=Stop Container Request	TARGET=ContainerManageImpl	RESULT=SUCCESS	APPID=application_1593801199459_0001	CONTAINERID=container_1593801199459_0001_01_000001
scm_1       | 2020-07-03 18:33:27,729 [Listener at 0.0.0.0/9860] INFO impl.MetricsSystemImpl: StorageContainerManager metrics system started
rm_1        | 2020-07-03 18:33:18 INFO  CallQueueManager:84 - Using callQueue: class java.util.concurrent.LinkedBlockingQueue, queueCapacity: 100, scheduler: class org.apache.hadoop.ipc.DefaultRpcScheduler, ipcBackoff: false.
nm_1        | 2020-07-03 18:35:24 INFO  NodeStatusUpdaterImpl:707 - Removed completed containers from NM context: [container_1593801199459_0001_01_000001]
scm_1       | 2020-07-03 18:33:27,897 [Listener at 0.0.0.0/9860] INFO server.SCMClientProtocolServer: RPC server for Client  is listening at /0.0.0.0:9860
rm_1        | 2020-07-03 18:33:19 INFO  Server:1074 - Starting Socket Reader #1 for port 8033
nm_1        | 2020-07-03 18:35:24 INFO  ApplicationImpl:655 - Application application_1593801199459_0001 transitioned from RUNNING to APPLICATION_RESOURCES_CLEANINGUP
scm_1       | 2020-07-03 18:33:27,900 [IPC Server Responder] INFO ipc.Server: IPC Server Responder: starting
rm_1        | 2020-07-03 18:33:19 INFO  RpcServerFactoryPBImpl:173 - Adding protocol org.apache.hadoop.yarn.server.api.ResourceManagerAdministrationProtocolPB to the server
nm_1        | 2020-07-03 18:35:24 INFO  AuxServices:350 - Got event APPLICATION_STOP for appId application_1593801199459_0001
scm_1       | 2020-07-03 18:33:27,946 [IPC Server listener on 9860] INFO ipc.Server: IPC Server listener on 9860: starting
rm_1        | 2020-07-03 18:33:19 INFO  Server:1314 - IPC Server Responder: starting
nm_1        | 2020-07-03 18:35:24 INFO  ApplicationImpl:655 - Application application_1593801199459_0001 transitioned from APPLICATION_RESOURCES_CLEANINGUP to FINISHED
scm_1       | 2020-07-03 18:33:27,948 [Listener at 0.0.0.0/9860] INFO server.StorageContainerManager: ScmBlockLocationProtocol RPC server is listening at /0.0.0.0:9863
rm_1        | 2020-07-03 18:33:19 INFO  Server:1153 - IPC Server listener on 8033: starting
nm_1        | 2020-07-03 18:35:24 INFO  AppLogAggregatorImpl:547 - Application just finished : application_1593801199459_0001
scm_1       | 2020-07-03 18:33:27,949 [Listener at 0.0.0.0/9860] INFO server.SCMBlockProtocolServer: RPC server for Block Protocol is listening at /0.0.0.0:9863
rm_1        | 2020-07-03 18:33:19 INFO  ResourceManager:1292 - Transitioning to active state
nm_1        | 2020-07-03 18:35:24 INFO  Server:1849 - Auth successful for appattempt_1593801199459_0002_000001 (auth:SIMPLE)
scm_1       | 2020-07-03 18:33:27,950 [IPC Server Responder] INFO ipc.Server: IPC Server Responder: starting
rm_1        | 2020-07-03 18:33:19 INFO  RMStateStore:550 - Updating AMRMToken
nm_1        | 2020-07-03 18:35:24 INFO  deprecation:1394 - io.bytes.per.checksum is deprecated. Instead, use dfs.bytes-per-checksum
scm_1       | 2020-07-03 18:33:27,979 [Listener at 0.0.0.0/9860] INFO server.StorageContainerManager: ScmDatanodeProtocl RPC server is listening at /0.0.0.0:9861
rm_1        | 2020-07-03 18:33:19 INFO  RMContainerTokenSecretManager:109 - Rolling master-key for container-tokens
nm_1        | 2020-07-03 18:35:24 INFO  ContainerManagerImpl:1070 - Start request for container_1593801199459_0002_01_000001 by user hadoop
scm_1       | 2020-07-03 18:33:28,004 [IPC Server listener on 9863] INFO ipc.Server: IPC Server listener on 9863: starting
rm_1        | 2020-07-03 18:33:19 INFO  NMTokenSecretManagerInRM:95 - Rolling master-key for nm-tokens
nm_1        | 2020-07-03 18:35:24 INFO  ContainerManagerImpl:1122 - Creating a new application reference for app application_1593801199459_0002
scm_1       | 2020-07-03 18:33:28,005 [Listener at 0.0.0.0/9860] INFO server.SCMDatanodeProtocolServer: RPC server for DataNodes is listening at /0.0.0.0:9861
rm_1        | 2020-07-03 18:33:19 INFO  AbstractDelegationTokenSecretManager:343 - Updating the current master key for generating delegation tokens
nm_1        | 2020-07-03 18:35:24 INFO  NMAuditLogger:94 - USER=hadoop	IP=172.25.0.5	OPERATION=Start Container Request	TARGET=ContainerManageImpl	RESULT=SUCCESS	APPID=application_1593801199459_0002	CONTAINERID=container_1593801199459_0002_01_000001
scm_1       | 2020-07-03 18:33:28,006 [IPC Server Responder] INFO ipc.Server: IPC Server Responder: starting
rm_1        | 2020-07-03 18:33:19 INFO  RMDelegationTokenSecretManager:92 - storing master key with keyID 1
nm_1        | 2020-07-03 18:35:24 INFO  ApplicationImpl:655 - Application application_1593801199459_0002 transitioned from NEW to INITING
scm_1       | 2020-07-03 18:33:28,007 [IPC Server listener on 9861] INFO ipc.Server: IPC Server listener on 9861: starting
rm_1        | 2020-07-03 18:33:19 INFO  RMStateStore:501 - Storing RMDTMasterKey.
nm_1        | 2020-07-03 18:35:24 INFO  ApplicationImpl:463 - Adding container_1593801199459_0002_01_000001 to application application_1593801199459_0002
scm_1       | 2020-07-03 18:33:28,050 [Listener at 0.0.0.0/9860] INFO server.SCMSecurityProtocolServer: Starting RPC server for SCMSecurityProtocolServer. is listening at /0.0.0.0:9961
rm_1        | 2020-07-03 18:33:19 INFO  AbstractDelegationTokenSecretManager:675 - Starting expired delegation token remover thread, tokenRemoverScanInterval=60 min(s)
scm_1       | 2020-07-03 18:33:28,057 [IPC Server Responder] INFO ipc.Server: IPC Server Responder: starting
nm_1        | 2020-07-03 18:35:24 WARN  LogAggregationFileController:268 - Remote Root Log Dir [/tmp/logs] already exist, but with incorrect permissions. Expected: [rwxrwxrwt], Found: [rwxrwxrwx]. The cluster may have problems with multiple users.
rm_1        | 2020-07-03 18:33:19 INFO  AbstractDelegationTokenSecretManager:343 - Updating the current master key for generating delegation tokens
scm_1       | 2020-07-03 18:33:28,061 [IPC Server listener on 9961] INFO ipc.Server: IPC Server listener on 9961: starting
nm_1        | 2020-07-03 18:35:24 INFO  ApplicationImpl:655 - Application application_1593801199459_0002 transitioned from INITING to RUNNING
rm_1        | 2020-07-03 18:33:19 INFO  AsyncDispatcher:223 - Registering class org.apache.hadoop.yarn.nodelabels.event.NodeLabelsStoreEventType for class org.apache.hadoop.yarn.nodelabels.CommonNodeLabelsManager$ForwardingEventHandler
scm_1       | 2020-07-03 18:33:28,063 [Listener at 0.0.0.0/9860] INFO http.HttpServer2: Jetty bound to port 9876
nm_1        | 2020-07-03 18:35:24 INFO  ContainerImpl:2112 - Container container_1593801199459_0002_01_000001 transitioned from NEW to LOCALIZING
rm_1        | 2020-07-03 18:33:19 INFO  RMDelegationTokenSecretManager:92 - storing master key with keyID 2
scm_1       | 2020-07-03 18:33:28,069 [Listener at 0.0.0.0/9860] INFO server.Server: jetty-9.4.26.v20200117; built: 2020-01-17T12:35:33.676Z; git: 7b38981d25d14afb4a12ff1f2596756144edf695; jvm 11.0.6+10-LTS
nm_1        | 2020-07-03 18:35:24 INFO  AuxServices:350 - Got event CONTAINER_INIT for appId application_1593801199459_0002
rm_1        | 2020-07-03 18:33:19 INFO  RMStateStore:501 - Storing RMDTMasterKey.
scm_1       | 2020-07-03 18:33:28,170 [Listener at 0.0.0.0/9860] INFO server.session: DefaultSessionIdManager workerName=node0
nm_1        | 2020-07-03 18:35:24 INFO  ResourceLocalizationService:798 - Created localizer for container_1593801199459_0002_01_000001
rm_1        | 2020-07-03 18:33:20 INFO  AbstractFSNodeStore:67 - Created store directory :file:/tmp/hadoop-yarn-rm/node-attribute
scm_1       | 2020-07-03 18:33:28,179 [Listener at 0.0.0.0/9860] INFO server.session: No SessionScavenger set, using defaults
nm_1        | 2020-07-03 18:35:24 INFO  ResourceLocalizationService:1328 - Writing credentials to the nmPrivate file /tmp/hadoop-hadoop/nm-local-dir/nmPrivate/container_1593801199459_0002_01_000001.tokens
rm_1        | 2020-07-03 18:33:20 INFO  AbstractFSNodeStore:181 - Finished write mirror at:file:/tmp/hadoop-yarn-rm/node-attribute/nodeattribute.mirror
scm_1       | 2020-07-03 18:33:28,183 [Listener at 0.0.0.0/9860] INFO server.session: node0 Scavenging every 660000ms
nm_1        | 2020-07-03 18:35:24 INFO  DefaultContainerExecutor:836 - Initializing user hadoop
rm_1        | 2020-07-03 18:33:20 INFO  AbstractFSNodeStore:182 - Finished create editlog file at:file:/tmp/hadoop-yarn-rm/node-attribute/nodeattribute.editlog
scm_1       | 2020-07-03 18:33:28,262 [Listener at 0.0.0.0/9860] INFO handler.ContextHandler: Started o.e.j.s.ServletContextHandler@4768b95c{logs,/logs,file:///var/log/hadoop/,AVAILABLE}
nm_1        | 2020-07-03 18:35:24 INFO  DefaultContainerExecutor:166 - Copying from /tmp/hadoop-hadoop/nm-local-dir/nmPrivate/container_1593801199459_0002_01_000001.tokens to /tmp/hadoop-hadoop/nm-local-dir/usercache/hadoop/appcache/application_1593801199459_0002/container_1593801199459_0002_01_000001.tokens
rm_1        | 2020-07-03 18:33:20 INFO  AsyncDispatcher:223 - Registering class org.apache.hadoop.yarn.server.resourcemanager.nodelabels.NodeAttributesStoreEventType for class org.apache.hadoop.yarn.server.resourcemanager.nodelabels.NodeAttributesManagerImpl$ForwardingEventHandler
scm_1       | 2020-07-03 18:33:28,265 [Listener at 0.0.0.0/9860] INFO handler.ContextHandler: Started o.e.j.s.ServletContextHandler@1da53f4f{static,/static,jar:file:/opt/hadoop/share/ozone/lib/hadoop-hdds-server-scm-0.6.0-SNAPSHOT.jar!/webapps/static,AVAILABLE}
nm_1        | 2020-07-03 18:35:24 INFO  DefaultContainerExecutor:174 - Localizer CWD set to /tmp/hadoop-hadoop/nm-local-dir/usercache/hadoop/appcache/application_1593801199459_0002 = file:/tmp/hadoop-hadoop/nm-local-dir/usercache/hadoop/appcache/application_1593801199459_0002
rm_1        | 2020-07-03 18:33:20 INFO  MultiNodeSortingManager:66 - Starting NodeSortingService=MultiNodeSortingManager
scm_1       | 2020-07-03 18:33:28,687 [Socket Reader #1 for port 9863] INFO ipc.Server: Auth successful for om/om@EXAMPLE.COM (auth:KERBEROS)
nm_1        | 2020-07-03 18:35:24 INFO  Server:1849 - Auth successful for testing (auth:SIMPLE)
rm_1        | 2020-07-03 18:33:21 INFO  CallQueueManager:84 - Using callQueue: class java.util.concurrent.LinkedBlockingQueue, queueCapacity: 5000, scheduler: class org.apache.hadoop.ipc.DefaultRpcScheduler, ipcBackoff: false.
scm_1       | 2020-07-03 18:33:28,734 [Socket Reader #1 for port 9961] INFO ipc.Server: Auth successful for dn/5e9439f74d09@EXAMPLE.COM (auth:KERBEROS)
nm_1        | 2020-07-03 18:35:24 INFO  AppLogAggregatorImpl:613 - Uploading logs for container container_1593801199459_0001_01_000001. Current good log dirs are /opt/hadoop/logs/userlogs
rm_1        | 2020-07-03 18:33:21 INFO  Server:1074 - Starting Socket Reader #1 for port 8031
scm_1       | 2020-07-03 18:33:28,739 [Socket Reader #1 for port 9961] INFO ipc.Server: Auth successful for dn/1cfd90d999bc@EXAMPLE.COM (auth:KERBEROS)
nm_1        | 2020-07-03 18:35:24 INFO  AppLogAggregatorImpl:613 - Uploading logs for container container_1593801199459_0001_01_000002. Current good log dirs are /opt/hadoop/logs/userlogs
rm_1        | 2020-07-03 18:33:21 INFO  RpcServerFactoryPBImpl:173 - Adding protocol org.apache.hadoop.yarn.server.api.ResourceTrackerPB to the server
scm_1       | 2020-07-03 18:33:28,758 [Socket Reader #1 for port 9961] INFO ipc.Server: Auth successful for dn/21db131fe767@EXAMPLE.COM (auth:KERBEROS)
nm_1        | 2020-07-03 18:35:24 INFO  AppLogAggregatorImpl:613 - Uploading logs for container container_1593801199459_0001_01_000003. Current good log dirs are /opt/hadoop/logs/userlogs
rm_1        | 2020-07-03 18:33:21 INFO  Server:1314 - IPC Server Responder: starting
scm_1       | 2020-07-03 18:33:28,809 [Socket Reader #1 for port 9961] INFO ipc.Server: Auth successful for HTTP/scm@EXAMPLE.COM (auth:KERBEROS)
nm_1        | 2020-07-03 18:35:24 INFO  AppLogAggregatorImpl:613 - Uploading logs for container container_1593801199459_0001_01_000004. Current good log dirs are /opt/hadoop/logs/userlogs
rm_1        | 2020-07-03 18:33:21 INFO  Server:1153 - IPC Server listener on 8031: starting
scm_1       | 2020-07-03 18:33:28,890 [Listener at 0.0.0.0/9860] INFO handler.ContextHandler: Started o.e.j.w.WebAppContext@35d4035f{scm,/,file:///tmp/jetty-0_0_0_0-9876-hadoop-hdds-server-scm-0_6_0-SNAPSHOT_jar-_-any-7963159542021816031.dir/webapp/,AVAILABLE}{jar:file:/opt/hadoop/share/ozone/lib/hadoop-hdds-server-scm-0.6.0-SNAPSHOT.jar!/webapps/scm}
nm_1        | 2020-07-03 18:35:24 INFO  AppLogAggregatorImpl:613 - Uploading logs for container container_1593801199459_0001_01_000005. Current good log dirs are /opt/hadoop/logs/userlogs
rm_1        | 2020-07-03 18:33:21 INFO  CallQueueManager:84 - Using callQueue: class java.util.concurrent.LinkedBlockingQueue, queueCapacity: 5000, scheduler: class org.apache.hadoop.ipc.DefaultRpcScheduler, ipcBackoff: false.
scm_1       | 2020-07-03 18:33:28,913 [Listener at 0.0.0.0/9860] INFO server.AbstractConnector: Started ServerConnector@39dda56f{HTTP/1.1,[http/1.1]}{0.0.0.0:9876}
nm_1        | 2020-07-03 18:35:25 INFO  ContainerImpl:2112 - Container container_1593801199459_0002_01_000001 transitioned from LOCALIZING to SCHEDULED
rm_1        | 2020-07-03 18:33:21 INFO  JvmPauseMonitor:188 - Starting JVM pause monitor
nm_1        | 2020-07-03 18:35:25 INFO  ContainerScheduler:541 - Starting container [container_1593801199459_0002_01_000001]
scm_1       | 2020-07-03 18:33:28,914 [Listener at 0.0.0.0/9860] INFO server.Server: Started @8384ms
rm_1        | 2020-07-03 18:33:21 INFO  Server:1074 - Starting Socket Reader #1 for port 8030
nm_1        | 2020-07-03 18:35:25 INFO  ContainerImpl:2112 - Container container_1593801199459_0002_01_000001 transitioned from SCHEDULED to RUNNING
scm_1       | 2020-07-03 18:33:28,928 [Listener at 0.0.0.0/9860] INFO impl.MetricsSinkAdapter: Sink prometheus started
rm_1        | 2020-07-03 18:33:21 INFO  RpcServerFactoryPBImpl:173 - Adding protocol org.apache.hadoop.yarn.api.ApplicationMasterProtocolPB to the server
nm_1        | 2020-07-03 18:35:25 INFO  ContainersMonitorImpl:1013 - Starting resource-monitoring for container_1593801199459_0002_01_000001
scm_1       | 2020-07-03 18:33:28,928 [Listener at 0.0.0.0/9860] INFO impl.MetricsSystemImpl: Registered sink prometheus
scm_1       | 2020-07-03 18:33:28,933 [Listener at 0.0.0.0/9860] INFO http.BaseHttpServer: HTTP server of scm listening at http://0.0.0.0:9876
rm_1        | 2020-07-03 18:33:21 INFO  Server:1314 - IPC Server Responder: starting
rm_1        | 2020-07-03 18:33:21 INFO  Server:1153 - IPC Server listener on 8030: starting
scm_1       | 2020-07-03 18:33:29,010 [org.apache.hadoop.util.JvmPauseMonitor$Monitor@65ff4b8c] INFO util.JvmPauseMonitor: Starting JVM pause monitor
rm_1        | 2020-07-03 18:33:21 INFO  CallQueueManager:84 - Using callQueue: class java.util.concurrent.LinkedBlockingQueue, queueCapacity: 5000, scheduler: class org.apache.hadoop.ipc.DefaultRpcScheduler, ipcBackoff: false.
nm_1        | 2020-07-03 18:35:25 INFO  DefaultContainerExecutor:370 - launchContainer: [bash, /tmp/hadoop-hadoop/nm-local-dir/usercache/hadoop/appcache/application_1593801199459_0002/container_1593801199459_0002_01_000001/default_container_executor.sh]
scm_1       | 2020-07-03 18:33:29,118 [IPC Server handler 0 on default port 9961] INFO server.SCMSecurityProtocolServer: Processing CSR for dn 1cfd90d999bc, UUID: f719302c-f430-4ac0-96f2-2130f2dc5397
rm_1        | 2020-07-03 18:33:21 INFO  Server:1074 - Starting Socket Reader #1 for port 8032
nm_1        | 2020-07-03 18:35:25 INFO  ContainersMonitorImpl:615 - container_1593801199459_0002_01_000001's ip = 172.25.0.8, and hostname = nm
scm_1       | 2020-07-03 18:33:29,118 [IPC Server handler 1 on default port 9961] INFO server.SCMSecurityProtocolServer: Processing CSR for dn 5e9439f74d09, UUID: a03552d1-c9b7-44e6-a19e-adbb32402b3d
rm_1        | 2020-07-03 18:33:21 INFO  RpcServerFactoryPBImpl:173 - Adding protocol org.apache.hadoop.yarn.api.ApplicationClientProtocolPB to the server
nm_1        | 2020-07-03 18:35:26 INFO  ContainerManagerImpl:1642 - couldn't find application application_1593801199459_0001 while processing FINISH_APPS event. The ResourceManager allocated resources for this application to the NodeManager but no active containers were found to process.
scm_1       | 2020-07-03 18:33:29,278 [IPC Server handler 1 on default port 9961] INFO server.SCMSecurityProtocolServer: Processing CSR for dn 21db131fe767, UUID: 4d7c7c1a-3c38-4a1b-805f-fa3010041911
rm_1        | 2020-07-03 18:33:21 INFO  Server:1314 - IPC Server Responder: starting
nm_1        | 2020-07-03 18:35:28 INFO  ContainersMonitorImpl:516 - Skipping monitoring container container_1593801199459_0002_01_000001 since CPU usage is not yet available.
rm_1        | 2020-07-03 18:33:21 INFO  Server:1849 - Auth successful for nm/nm@EXAMPLE.COM (auth:KERBEROS)
scm_1       | 2020-07-03 18:33:30,221 [Socket Reader #1 for port 9860] INFO ipc.Server: Auth successful for HTTP/scm@EXAMPLE.COM (auth:KERBEROS)
nm_1        | 2020-07-03 18:35:34 INFO  Server:1849 - Auth successful for appattempt_1593801199459_0002_000001 (auth:SIMPLE)
rm_1        | 2020-07-03 18:33:21 INFO  Server:1153 - IPC Server listener on 8032: starting
scm_1       | 2020-07-03 18:33:34,533 [Socket Reader #1 for port 9961] INFO ipc.Server: Auth successful for om/om@EXAMPLE.COM (auth:KERBEROS)
nm_1        | 2020-07-03 18:35:34 INFO  ContainerManagerImpl:1070 - Start request for container_1593801199459_0002_01_000002 by user hadoop
rm_1        | 2020-07-03 18:33:22 INFO  ResourceManager:1308 - Transitioned to active state
scm_1       | 2020-07-03 18:33:34,560 [IPC Server handler 0 on default port 9961] INFO server.SCMSecurityProtocolServer: Processing CSR for om om, UUID: 5d524a14-fc96-44db-a5aa-96dd3e8197d3
nm_1        | 2020-07-03 18:35:34 INFO  NMAuditLogger:94 - USER=hadoop	IP=172.25.0.8	OPERATION=Start Container Request	TARGET=ContainerManageImpl	RESULT=SUCCESS	APPID=application_1593801199459_0002	CONTAINERID=container_1593801199459_0002_01_000002
rm_1        | 2020-07-03 18:33:22 INFO  RMNodeImpl:674 - nm:34147 Node Transitioned from NEW to RUNNING
scm_1       | 2020-07-03 18:33:38,577 [Socket Reader #1 for port 9861] INFO ipc.Server: Auth successful for dn/21db131fe767@EXAMPLE.COM (auth:KERBEROS)
nm_1        | 2020-07-03 18:35:34 INFO  ApplicationImpl:463 - Adding container_1593801199459_0002_01_000002 to application application_1593801199459_0002
rm_1        | 2020-07-03 18:33:22 INFO  ResourceTrackerService:497 - NodeManager from node nm(cmPort: 34147 httpPort: 8042) registered with capability: <memory:8192, vCores:8>, assigned nodeId nm:34147
scm_1       | 2020-07-03 18:33:38,843 [Socket Reader #1 for port 9861] INFO ipc.Server: Auth successful for dn/1cfd90d999bc@EXAMPLE.COM (auth:KERBEROS)
nm_1        | 2020-07-03 18:35:34 INFO  ContainerImpl:2112 - Container container_1593801199459_0002_01_000002 transitioned from NEW to LOCALIZING
rm_1        | 2020-07-03 18:33:22 INFO  CapacityScheduler:2004 - Added node nm:34147 clusterResource: <memory:8192, vCores:8>
nm_1        | 2020-07-03 18:35:34 INFO  AuxServices:350 - Got event CONTAINER_INIT for appId application_1593801199459_0002
scm_1       | 2020-07-03 18:33:39,330 [Socket Reader #1 for port 9861] INFO ipc.Server: Auth successful for dn/5e9439f74d09@EXAMPLE.COM (auth:KERBEROS)
nm_1        | 2020-07-03 18:35:34 INFO  AuxServices:350 - Got event APPLICATION_INIT for appId application_1593801199459_0002
rm_1        | 2020-07-03 18:34:43 INFO  Server:1849 - Auth successful for hadoop/rm@EXAMPLE.COM (auth:KERBEROS)
scm_1       | 2020-07-03 18:33:40,740 [IPC Server handler 2 on default port 9861] INFO net.NetworkTopology: Added a new node: /default-rack/4d7c7c1a-3c38-4a1b-805f-fa3010041911
nm_1        | 2020-07-03 18:35:34 INFO  AuxServices:354 - Got APPLICATION_INIT for service mapreduce_shuffle
rm_1        | 2020-07-03 18:34:43 INFO  ClientRMService:355 - Allocated new applicationId: 1
scm_1       | 2020-07-03 18:33:40,741 [IPC Server handler 2 on default port 9861] INFO node.SCMNodeManager: Registered Data node : 4d7c7c1a-3c38-4a1b-805f-fa3010041911{ip: 172.25.0.9, host: ozonesecure-mr_datanode_2.ozone, networkLocation: /default-rack, certSerialId: 2799909050430}
nm_1        | 2020-07-03 18:35:34 INFO  ShuffleHandler:719 - Added token for job_1593801199459_0002
rm_1        | 2020-07-03 18:34:51 INFO  CapacityScheduler:2641 - Application 'application_1593801199459_0001' is submitted without priority hence considering default queue/cluster priority: 0
scm_1       | 2020-07-03 18:33:40,792 [RatisPipelineUtilsThread] INFO pipeline.RatisPipelineProvider: Sending CreatePipelineCommand for pipeline:PipelineID=0ccaef4b-d9e9-43ad-9b88-9fc92e3e332b to datanode:4d7c7c1a-3c38-4a1b-805f-fa3010041911
nm_1        | 2020-07-03 18:35:34 INFO  ContainerImpl:2112 - Container container_1593801199459_0002_01_000002 transitioned from LOCALIZING to SCHEDULED
rm_1        | 2020-07-03 18:34:51 INFO  CapacityScheduler:2662 - Priority '0' is acceptable in queue : default for application: application_1593801199459_0001
scm_1       | 2020-07-03 18:33:40,839 [EventQueue-NodeRegistrationContainerReportForContainerSafeModeRule] INFO safemode.SCMSafeModeManager: ContainerSafeModeRule rule is successfully validated
nm_1        | 2020-07-03 18:35:34 INFO  ContainerScheduler:541 - Starting container [container_1593801199459_0002_01_000002]
rm_1        | 2020-07-03 18:34:51 INFO  ClientRMService:662 - Application with id 1 submitted by user hadoop
scm_1       | 2020-07-03 18:33:40,842 [IPC Server handler 3 on default port 9861] INFO net.NetworkTopology: Added a new node: /default-rack/f719302c-f430-4ac0-96f2-2130f2dc5397
nm_1        | 2020-07-03 18:35:34 INFO  ContainerImpl:2112 - Container container_1593801199459_0002_01_000002 transitioned from SCHEDULED to RUNNING
rm_1        | 2020-07-03 18:34:51 INFO  RMAuditLogger:270 - USER=hadoop	IP=172.25.0.5	OPERATION=Submit Application Request	TARGET=ClientRMService	RESULT=SUCCESS	APPID=application_1593801199459_0001	CALLERCONTEXT=CLI
scm_1       | 2020-07-03 18:33:40,843 [EventQueue-NodeRegistrationContainerReportForDataNodeSafeModeRule] INFO safemode.SCMSafeModeManager: SCM in safe mode. 1 DataNodes registered, 3 required.
nm_1        | 2020-07-03 18:35:34 INFO  ContainersMonitorImpl:1013 - Starting resource-monitoring for container_1593801199459_0002_01_000002
rm_1        | 2020-07-03 18:34:51 WARN  Token:475 - No TokenRenewer defined for token kind OzoneToken
nm_1        | 2020-07-03 18:35:34 INFO  DefaultContainerExecutor:370 - launchContainer: [bash, /tmp/hadoop-hadoop/nm-local-dir/usercache/hadoop/appcache/application_1593801199459_0002/container_1593801199459_0002_01_000002/default_container_executor.sh]
scm_1       | 2020-07-03 18:33:40,863 [IPC Server handler 3 on default port 9861] INFO node.SCMNodeManager: Registered Data node : f719302c-f430-4ac0-96f2-2130f2dc5397{ip: 172.25.0.7, host: ozonesecure-mr_datanode_1.ozone, networkLocation: /default-rack, certSerialId: 2799760234632}
rm_1        | 2020-07-03 18:34:51 INFO  DelegationTokenRenewer:635 - Renewed delegation-token= [Kind: kms-dt, Service: kms://http@kms:9600/kms, Ident: (kms-dt owner=hadoop, renewer=rm, realUser=, issueDate=1593801283344, maxDate=1594406083344, sequenceNumber=1, masterKeyId=2);exp=1593887691386; apps=[application_1593801199459_0001]]
nm_1        | 2020-07-03 18:35:34 INFO  ContainersMonitorImpl:615 - container_1593801199459_0002_01_000002's ip = 172.25.0.8, and hostname = nm
scm_1       | 2020-07-03 18:33:40,871 [EventQueue-NodeRegistrationContainerReportForContainerSafeModeRule] INFO safemode.SCMSafeModeManager: ContainerSafeModeRule rule is successfully validated
rm_1        | 2020-07-03 18:34:51 INFO  TimelineClientImpl:129 - Timeline service address: jhs:8188
nm_1        | 2020-07-03 18:35:37 INFO  ContainerLaunch:595 - Container container_1593801199459_0002_01_000002 succeeded 
scm_1       | 2020-07-03 18:33:40,871 [EventQueue-NodeRegistrationContainerReportForDataNodeSafeModeRule] INFO safemode.SCMSafeModeManager: SCM in safe mode. 2 DataNodes registered, 3 required.
nm_1        | 2020-07-03 18:35:37 INFO  ContainerImpl:2112 - Container container_1593801199459_0002_01_000002 transitioned from RUNNING to EXITED_WITH_SUCCESS
scm_1       | 2020-07-03 18:33:40,888 [RatisPipelineUtilsThread] INFO pipeline.PipelineStateManager: Created pipeline Pipeline[ Id: 0ccaef4b-d9e9-43ad-9b88-9fc92e3e332b, Nodes: 4d7c7c1a-3c38-4a1b-805f-fa3010041911{ip: 172.25.0.9, host: ozonesecure-mr_datanode_2.ozone, networkLocation: /default-rack, certSerialId: null}, Type:RATIS, Factor:ONE, State:ALLOCATED, leaderId:, CreationTimestamp2020-07-03T18:33:40.745312Z]
rm_1        | 2020-07-03 18:34:51 INFO  DelegationTokenRenewer:635 - Renewed delegation-token= [Kind: TIMELINE_DELEGATION_TOKEN, Service: 172.25.0.2:8188, Ident: (TIMELINE_DELEGATION_TOKEN owner=hadoop, renewer=rm, realUser=, issueDate=1593801290967, maxDate=1594406090967, sequenceNumber=1, masterKeyId=2);exp=1593887691600; apps=[application_1593801199459_0001]]
nm_1        | 2020-07-03 18:35:37 INFO  ContainerCleanup:87 - Cleaning up container container_1593801199459_0002_01_000002
scm_1       | 2020-07-03 18:33:40,984 [RatisPipelineUtilsThread] INFO pipeline.RatisPipelineProvider: Sending CreatePipelineCommand for pipeline:PipelineID=c454f076-557f-49fe-8673-2b05334b800e to datanode:f719302c-f430-4ac0-96f2-2130f2dc5397
rm_1        | 2020-07-03 18:34:51 INFO  DelegationTokenRenewer:613 - Renew Kind: kms-dt, Service: kms://http@kms:9600/kms, Ident: (kms-dt owner=hadoop, renewer=rm, realUser=, issueDate=1593801283344, maxDate=1594406083344, sequenceNumber=1, masterKeyId=2);exp=1593887691386; apps=[application_1593801199459_0001] in 86399744 ms, appId = [application_1593801199459_0001]
nm_1        | 2020-07-03 18:35:37 INFO  NMAuditLogger:94 - USER=hadoop	OPERATION=Container Finished - Succeeded	TARGET=ContainerImpl	RESULT=SUCCESS	APPID=application_1593801199459_0002	CONTAINERID=container_1593801199459_0002_01_000002
