om2_1       | 2021-01-06 14:09:25,922 [pool-17-thread-1] INFO server.RaftServerConfigKeys: raft.server.sleep.deviation.threshold = 300ms (default)
om3_1       | 2021-01-06 14:09:26,187 [main] INFO server.RaftServerConfigKeys: raft.server.rpc.slowness.timeout = 120s (custom)
recon_1     | 	at picocli.CommandLine.executeUserObject(CommandLine.java:1933)
om1_1       | 	at java.base/java.util.concurrent.ThreadPoolExecutor.runWorker(ThreadPoolExecutor.java:1128)
scm_1       | 2021-01-06 14:09:09,312 [Listener at 0.0.0.0/9860] INFO server.session: node0 Scavenging every 660000ms
om2_1       | 2021-01-06 14:09:25,923 [main] INFO ipc.CallQueueManager: Using callQueue: class java.util.concurrent.LinkedBlockingQueue, queueCapacity: 10000, scheduler: class org.apache.hadoop.ipc.DefaultRpcScheduler, ipcBackoff: false.
om3_1       | 2021-01-06 14:09:26,191 [main] INFO server.RaftServerConfigKeys: raft.server.leaderelection.leader.step-down.wait-time = 10s (default)
recon_1     | 	at picocli.CommandLine.access$1100(CommandLine.java:145)
om1_1       | 	at java.base/java.util.concurrent.ThreadPoolExecutor$Worker.run(ThreadPoolExecutor.java:628)
scm_1       | 2021-01-06 14:09:09,529 [Listener at 0.0.0.0/9860] INFO handler.ContextHandler: Started o.e.j.s.ServletContextHandler@4393593c{logs,/logs,file:///var/log/hadoop/,AVAILABLE}
om2_1       | 2021-01-06 14:09:25,923 [pool-17-thread-1] INFO server.RaftServerConfigKeys: raft.server.log.appender.install.snapshot.enabled = false (custom)
om3_1       | 2021-01-06 14:09:26,225 [main] INFO server.RaftServerConfigKeys: raft.server.storage.dir = [/data/metadata/ratis] (custom)
recon_1     | 	at picocli.CommandLine$RunLast.executeUserObjectOfLastSubcommandWithSameParent(CommandLine.java:2332)
om1_1       | 	at java.base/java.lang.Thread.run(Thread.java:834)
scm_1       | 2021-01-06 14:09:09,544 [Listener at 0.0.0.0/9860] INFO handler.ContextHandler: Started o.e.j.s.ServletContextHandler@2c43eb8{static,/static,jar:file:/opt/hadoop/share/ozone/lib/hadoop-hdds-server-scm-1.1.0-SNAPSHOT.jar!/webapps/static,AVAILABLE}
om2_1       | 2021-01-06 14:09:25,957 [pool-17-thread-1] INFO server.RaftServer$Division: om2@group-D66704EFC61C: ConfigurationManager, init=-1: [om1|rpc:om1:9872, om3|rpc:om3:9872, om2|rpc:om2:9872], old=null, confs=<EMPTY_MAP>
om3_1       | 2021-01-06 14:09:26,253 [main] INFO server.RaftServer: om3: addNew group-D66704EFC61C:[om1|rpc:om1:9872, om3|rpc:om3:9872, om2|rpc:om2:9872] returns group-D66704EFC61C:java.util.concurrent.CompletableFuture@68699afc[Not completed]
recon_1     | 	at picocli.CommandLine$RunLast.handle(CommandLine.java:2326)
om1_1       | 2021-01-06 14:09:26,973 [pool-17-thread-1] INFO server.RaftServerConfigKeys: raft.server.notification.no-leader.timeout = 120s (custom)
scm_1       | 2021-01-06 14:09:10,594 [Listener at 0.0.0.0/9860] INFO handler.ContextHandler: Started o.e.j.w.WebAppContext@2bc378f7{scm,/,file:///tmp/jetty-0_0_0_0-9876-hadoop-hdds-server-scm-1_1_0-SNAPSHOT_jar-_-any-2491922901555646473/webapp/,AVAILABLE}{jar:file:/opt/hadoop/share/ozone/lib/hadoop-hdds-server-scm-1.1.0-SNAPSHOT.jar!/webapps/scm}
om2_1       | 2021-01-06 14:09:25,958 [pool-17-thread-1] INFO server.RaftServerConfigKeys: raft.server.storage.dir = [/data/metadata/ratis] (custom)
om3_1       | 2021-01-06 14:09:26,254 [main] INFO om.OzoneManager: OzoneManager Ratis server initialized at port 9872
recon_1     | 	at picocli.CommandLine$RunLast.handle(CommandLine.java:2291)
om1_1       | 2021-01-06 14:09:27,002 [pool-17-thread-1] INFO server.RaftServerConfigKeys: raft.server.log.use.memory = false (default)
scm_1       | 2021-01-06 14:09:10,671 [Listener at 0.0.0.0/9860] INFO server.AbstractConnector: Started ServerConnector@f4cfd90{HTTP/1.1, (http/1.1)}{0.0.0.0:9876}
om2_1       | 2021-01-06 14:09:25,976 [pool-17-thread-1] INFO server.RaftServerConfigKeys: raft.server.log.corruption.policy = EXCEPTION (default)
om3_1       | 2021-01-06 14:09:26,327 [pool-17-thread-1] INFO server.RaftServer$Division: om3: new RaftServerImpl for group-D66704EFC61C:[om1|rpc:om1:9872, om3|rpc:om3:9872, om2|rpc:om2:9872] with OzoneManagerStateMachine:uninitialized
recon_1     | 	at picocli.CommandLine$AbstractParseResultHandler.handleParseResult(CommandLine.java:2152)
recon_1     | 	at picocli.CommandLine.parseWithHandlers(CommandLine.java:2530)
scm_1       | 2021-01-06 14:09:10,681 [Listener at 0.0.0.0/9860] INFO server.Server: Started @25158ms
om2_1       | 2021-01-06 14:09:25,979 [pool-17-thread-1] INFO storage.RaftStorageDirectory: The storage directory /data/metadata/ratis/5cb24680-b9e7-3c90-a862-d66704efc61c does not exist. Creating ...
om3_1       | 2021-01-06 14:09:26,332 [pool-17-thread-1] INFO server.RaftServerConfigKeys: raft.server.rpc.timeout.min = 1s (custom)
recon_1     | 	at picocli.CommandLine.parseWithHandler(CommandLine.java:2465)
om1_1       | 2021-01-06 14:09:27,108 [pool-17-thread-1] INFO server.RaftServerConfigKeys: raft.server.log.purge.gap = 1000000 (custom)
scm_1       | 2021-01-06 14:09:10,684 [Listener at 0.0.0.0/9860] INFO impl.MetricsSinkAdapter: Sink prometheus started
om2_1       | 2021-01-06 14:09:25,984 [Socket Reader #1 for port 9862] INFO ipc.Server: Starting Socket Reader #1 for port 9862
om3_1       | 2021-01-06 14:09:26,335 [pool-17-thread-1] INFO server.RaftServerConfigKeys: raft.server.rpc.timeout.max = 1200ms (custom)
recon_1     | 	at org.apache.hadoop.hdds.cli.GenericCli.execute(GenericCli.java:96)
om1_1       | 2021-01-06 14:09:27,135 [pool-17-thread-1] INFO metrics.RatisMetrics: Creating Metrics Registry : ratis.log_worker.om1@group-D66704EFC61C
scm_1       | 2021-01-06 14:09:10,689 [Listener at 0.0.0.0/9860] INFO impl.MetricsSystemImpl: Registered sink prometheus
om2_1       | 2021-01-06 14:09:26,018 [pool-17-thread-1] INFO storage.RaftStorageDirectory: Lock on /data/metadata/ratis/5cb24680-b9e7-3c90-a862-d66704efc61c/in_use.lock acquired by nodename 6@om2
om3_1       | 2021-01-06 14:09:26,336 [pool-17-thread-1] INFO server.RaftServerConfigKeys: raft.server.rpc.sleep.time = 25ms (default)
recon_1     | 	at org.apache.hadoop.hdds.cli.GenericCli.run(GenericCli.java:87)
om1_1       | 2021-01-06 14:09:27,268 [pool-17-thread-1] INFO server.RaftServerConfigKeys: raft.server.log.appender.buffer.byte-limit = 33554432 (custom)
scm_1       | 2021-01-06 14:09:10,730 [Listener at 0.0.0.0/9860] INFO http.BaseHttpServer: HTTP server of scm listening at http://0.0.0.0:9876
om2_1       | 2021-01-06 14:09:26,076 [pool-17-thread-1] INFO storage.RaftStorage: Storage directory /data/metadata/ratis/5cb24680-b9e7-3c90-a862-d66704efc61c has been successfully formatted.
om3_1       | 2021-01-06 14:09:26,338 [main] INFO ipc.CallQueueManager: Using callQueue: class java.util.concurrent.LinkedBlockingQueue, queueCapacity: 10000, scheduler: class org.apache.hadoop.ipc.DefaultRpcScheduler, ipcBackoff: false.
recon_1     | 	at org.apache.hadoop.ozone.recon.ReconServer.main(ReconServer.java:67)
om1_1       | 2021-01-06 14:09:27,301 [pool-17-thread-1] INFO server.RaftServerConfigKeys: raft.server.log.segment.size.max = 4194304 (custom)
scm_1       | 2021-01-06 14:09:10,856 [org.apache.hadoop.util.JvmPauseMonitor$Monitor@648d0e6d] INFO util.JvmPauseMonitor: Starting JVM pause monitor
om2_1       | 2021-01-06 14:09:26,097 [pool-17-thread-1] ERROR storage.RaftStorage: Failed reading configuration from file:/data/metadata/ratis/5cb24680-b9e7-3c90-a862-d66704efc61c/current/raft-meta.conf
om3_1       | 2021-01-06 14:09:26,339 [pool-17-thread-1] INFO server.RaftServerConfigKeys: raft.server.rpc.slowness.timeout = 120s (custom)
recon_1     | Caused by: ERROR XJ041: Failed to create database '${ozone.recon.db.dir}/ozone_recon_derby.db', see the next exception for details.
om1_1       | 2021-01-06 14:09:27,443 [pool-17-thread-1] INFO server.RaftServerConfigKeys: raft.server.log.segment.cache.num.max = 2 (custom)
scm_1       | 2021-01-06 14:09:10,899 [IPC Server handler 2 on default port 9861] INFO net.NetworkTopologyImpl: Added a new node: /default-rack/942974ef-48dd-4378-bcae-864bee340583
om2_1       | java.io.FileNotFoundException: /data/metadata/ratis/5cb24680-b9e7-3c90-a862-d66704efc61c/current/raft-meta.conf (No such file or directory)
om3_1       | 2021-01-06 14:09:26,340 [pool-17-thread-1] INFO server.RaftServerConfigKeys: raft.server.leaderelection.leader.step-down.wait-time = 10s (default)
recon_1     | 	at org.apache.derby.iapi.error.StandardException.newException(Unknown Source)
om1_1       | 2021-01-06 14:09:27,443 [pool-17-thread-1] INFO server.RaftServerConfigKeys: raft.server.log.segment.cache.size.max = 200MB (=209715200) (default)
scm_1       | 2021-01-06 14:09:10,921 [IPC Server handler 2 on default port 9861] INFO node.SCMNodeManager: Registered Data node : 942974ef-48dd-4378-bcae-864bee340583{ip: 172.19.0.9, host: ozone-ha_datanode_3.ozone-ha_default, networkLocation: /default-rack, certSerialId: null, persistedOpState: IN_SERVICE, persistedOpStateExpiryEpochSec: 0}
om2_1       | 	at java.base/java.io.FileInputStream.open0(Native Method)
om3_1       | 2021-01-06 14:09:26,340 [pool-17-thread-1] INFO server.RaftServerConfigKeys: raft.server.sleep.deviation.threshold = 300ms (default)
recon_1     | 	at org.apache.derby.impl.jdbc.SQLExceptionFactory.wrapArgsForTransportAcrossDRDA(Unknown Source)
om1_1       | 2021-01-06 14:09:27,459 [pool-17-thread-1] INFO segmented.SegmentedRaftLogWorker: new om1@group-D66704EFC61C-SegmentedRaftLogWorker for RaftStorage:Storage Directory /data/metadata/ratis/5cb24680-b9e7-3c90-a862-d66704efc61c
scm_1       | 2021-01-06 14:09:11,023 [EventQueue-NodeRegistrationContainerReportForContainerSafeModeRule] INFO safemode.SCMSafeModeManager: ContainerSafeModeRule rule is successfully validated
om2_1       | 	at java.base/java.io.FileInputStream.open(FileInputStream.java:219)
om3_1       | 2021-01-06 14:09:26,351 [pool-17-thread-1] INFO server.RaftServerConfigKeys: raft.server.log.appender.install.snapshot.enabled = false (custom)
recon_1     | 	... 63 more
om1_1       | 2021-01-06 14:09:27,477 [pool-17-thread-1] INFO server.RaftServerConfigKeys: raft.server.log.queue.byte-limit = 64MB (=67108864) (default)
scm_1       | 2021-01-06 14:09:11,037 [EventQueue-NodeRegistrationContainerReportForDataNodeSafeModeRule] INFO safemode.SCMSafeModeManager: SCM in safe mode. 1 DataNodes registered, 3 required.
om2_1       | 	at java.base/java.io.FileInputStream.<init>(FileInputStream.java:157)
om3_1       | 2021-01-06 14:09:26,362 [pool-17-thread-1] INFO server.RaftServer$Division: om3@group-D66704EFC61C: ConfigurationManager, init=-1: [om1|rpc:om1:9872, om3|rpc:om3:9872, om2|rpc:om2:9872], old=null, confs=<EMPTY_MAP>
recon_1     | Caused by: ERROR XBM0H: Directory /opt/hadoop/${ozone.recon.db.dir}/ozone_recon_derby.db cannot be created.
om1_1       | 2021-01-06 14:09:27,478 [pool-17-thread-1] INFO server.RaftServerConfigKeys: raft.server.log.queue.element-limit = 4096 (default)
scm_1       | 2021-01-06 14:09:11,087 [EventQueue-PipelineReportForOneReplicaPipelineSafeModeRule] INFO safemode.SCMSafeModeManager: AtleastOneDatanodeReportedRule rule is successfully validated
om2_1       | 	at org.apache.ratis.server.storage.RaftStorage.readRaftConfiguration(RaftStorage.java:148)
om3_1       | 2021-01-06 14:09:26,379 [pool-17-thread-1] INFO server.RaftServerConfigKeys: raft.server.storage.dir = [/data/metadata/ratis] (custom)
recon_1     | 	at org.apache.derby.iapi.error.StandardException.newException(Unknown Source)
om1_1       | 2021-01-06 14:09:27,487 [pool-17-thread-1] INFO server.RaftServerConfigKeys: raft.server.log.segment.size.max = 4194304 (custom)
scm_1       | 2021-01-06 14:09:11,202 [RatisPipelineUtilsThread] INFO pipeline.RatisPipelineProvider: Sending CreatePipelineCommand for pipeline:PipelineID=bfdc7566-2742-4943-86bd-e085eb4cbd9c to datanode:942974ef-48dd-4378-bcae-864bee340583
om2_1       | 	at org.apache.ratis.server.impl.ServerState.initStatemachine(ServerState.java:167)
om3_1       | 2021-01-06 14:09:26,388 [Socket Reader #1 for port 9862] INFO ipc.Server: Starting Socket Reader #1 for port 9862
recon_1     | 	at org.apache.derby.iapi.error.StandardException.newException(Unknown Source)
om1_1       | 2021-01-06 14:09:27,489 [pool-17-thread-1] INFO server.RaftServerConfigKeys: raft.server.log.preallocated.size = 4194304 (custom)
scm_1       | 2021-01-06 14:09:11,278 [RatisPipelineUtilsThread] INFO pipeline.PipelineStateManager: Created pipeline Pipeline[ Id: bfdc7566-2742-4943-86bd-e085eb4cbd9c, Nodes: 942974ef-48dd-4378-bcae-864bee340583{ip: 172.19.0.9, host: ozone-ha_datanode_3.ozone-ha_default, networkLocation: /default-rack, certSerialId: null, persistedOpState: IN_SERVICE, persistedOpStateExpiryEpochSec: 0}, Type:RATIS, Factor:ONE, State:ALLOCATED, leaderId:, CreationTimestamp2021-01-06T14:09:11.089495Z]
om2_1       | 	at org.apache.ratis.server.impl.ServerState.<init>(ServerState.java:112)
om3_1       | 2021-01-06 14:09:26,393 [pool-17-thread-1] INFO server.RaftServerConfigKeys: raft.server.log.corruption.policy = EXCEPTION (default)
recon_1     | 	at org.apache.derby.impl.services.monitor.StorageFactoryService$10.run(Unknown Source)
om1_1       | 2021-01-06 14:09:27,489 [pool-17-thread-1] INFO server.RaftServerConfigKeys: raft.server.log.force.sync.num = 128 (default)
scm_1       | 2021-01-06 14:09:11,678 [IPC Server handler 1 on default port 9861] INFO net.NetworkTopologyImpl: Added a new node: /default-rack/0c0e6aa0-cd46-4b92-a267-ecb7e9454458
om2_1       | 	at org.apache.ratis.server.impl.RaftServerImpl.<init>(RaftServerImpl.java:186)
om3_1       | 2021-01-06 14:09:26,410 [pool-17-thread-1] INFO storage.RaftStorageDirectory: The storage directory /data/metadata/ratis/5cb24680-b9e7-3c90-a862-d66704efc61c does not exist. Creating ...
recon_1     | 	at java.base/java.security.AccessController.doPrivileged(Native Method)
recon_1     | 	at org.apache.derby.impl.services.monitor.StorageFactoryService.createServiceRoot(Unknown Source)
scm_1       | 2021-01-06 14:09:11,682 [IPC Server handler 1 on default port 9861] INFO node.SCMNodeManager: Registered Data node : 0c0e6aa0-cd46-4b92-a267-ecb7e9454458{ip: 172.19.0.10, host: ozone-ha_datanode_2.ozone-ha_default, networkLocation: /default-rack, certSerialId: null, persistedOpState: IN_SERVICE, persistedOpStateExpiryEpochSec: 0}
om2_1       | 	at org.apache.ratis.server.impl.RaftServerProxy.lambda$newRaftServerImpl$4(RaftServerProxy.java:264)
om3_1       | 2021-01-06 14:09:26,479 [pool-17-thread-1] INFO storage.RaftStorageDirectory: Lock on /data/metadata/ratis/5cb24680-b9e7-3c90-a862-d66704efc61c/in_use.lock acquired by nodename 6@om3
recon_1     | 	at org.apache.derby.impl.services.monitor.BaseMonitor.bootService(Unknown Source)
om1_1       | 2021-01-06 14:09:27,490 [pool-17-thread-1] INFO server.RaftServerConfigKeys: raft.server.log.statemachine.data.sync = true (default)
scm_1       | 2021-01-06 14:09:11,687 [IPC Server handler 0 on default port 9861] INFO net.NetworkTopologyImpl: Added a new node: /default-rack/6f448ba0-984b-4415-9268-f06ef848507b
om2_1       | 	at java.base/java.util.concurrent.CompletableFuture$AsyncSupply.run(CompletableFuture.java:1700)
om3_1       | 2021-01-06 14:09:26,536 [pool-17-thread-1] INFO storage.RaftStorage: Storage directory /data/metadata/ratis/5cb24680-b9e7-3c90-a862-d66704efc61c has been successfully formatted.
recon_1     | 	at org.apache.derby.impl.services.monitor.BaseMonitor.createPersistentService(Unknown Source)
om1_1       | 2021-01-06 14:09:27,511 [pool-17-thread-1] INFO server.RaftServerConfigKeys: raft.server.log.statemachine.data.sync.timeout = 10s (default)
scm_1       | 2021-01-06 14:09:11,687 [IPC Server handler 0 on default port 9861] INFO node.SCMNodeManager: Registered Data node : 6f448ba0-984b-4415-9268-f06ef848507b{ip: 172.19.0.6, host: ozone-ha_datanode_1.ozone-ha_default, networkLocation: /default-rack, certSerialId: null, persistedOpState: IN_SERVICE, persistedOpStateExpiryEpochSec: 0}
om2_1       | 	at java.base/java.util.concurrent.ThreadPoolExecutor.runWorker(ThreadPoolExecutor.java:1128)
om3_1       | 2021-01-06 14:09:26,554 [pool-17-thread-1] ERROR storage.RaftStorage: Failed reading configuration from file:/data/metadata/ratis/5cb24680-b9e7-3c90-a862-d66704efc61c/current/raft-meta.conf
recon_1     | 	at org.apache.derby.impl.services.monitor.FileMonitor.createPersistentService(Unknown Source)
om1_1       | 2021-01-06 14:09:27,511 [pool-17-thread-1] INFO server.RaftServerConfigKeys: raft.server.log.statemachine.data.sync.timeout.retry = -1 (default)
scm_1       | 2021-01-06 14:09:11,688 [RatisPipelineUtilsThread] INFO pipeline.RatisPipelineProvider: Sending CreatePipelineCommand for pipeline:PipelineID=66565f37-1958-439f-8bc7-0a44996a720e to datanode:0c0e6aa0-cd46-4b92-a267-ecb7e9454458
om2_1       | 	at java.base/java.util.concurrent.ThreadPoolExecutor$Worker.run(ThreadPoolExecutor.java:628)
om3_1       | java.io.FileNotFoundException: /data/metadata/ratis/5cb24680-b9e7-3c90-a862-d66704efc61c/current/raft-meta.conf (No such file or directory)
recon_1     | 	at org.apache.derby.iapi.services.monitor.Monitor.createPersistentService(Unknown Source)
om1_1       | 2021-01-06 14:09:27,553 [pool-17-thread-1] INFO server.RaftServerConfigKeys: raft.server.log.write.buffer.size = 64KB (=65536) (default)
om1_1       | 2021-01-06 14:09:27,561 [Listener at om1/9862] INFO impl.MetricsConfig: Loaded properties from hadoop-metrics2.properties
om2_1       | 	at java.base/java.lang.Thread.run(Thread.java:834)
om2_1       | 2021-01-06 14:09:26,131 [pool-17-thread-1] INFO server.RaftServerConfigKeys: raft.server.notification.no-leader.timeout = 120s (custom)
scm_1       | 2021-01-06 14:09:11,695 [RatisPipelineUtilsThread] INFO pipeline.PipelineStateManager: Created pipeline Pipeline[ Id: 66565f37-1958-439f-8bc7-0a44996a720e, Nodes: 0c0e6aa0-cd46-4b92-a267-ecb7e9454458{ip: 172.19.0.10, host: ozone-ha_datanode_2.ozone-ha_default, networkLocation: /default-rack, certSerialId: null, persistedOpState: IN_SERVICE, persistedOpStateExpiryEpochSec: 0}, Type:RATIS, Factor:ONE, State:ALLOCATED, leaderId:, CreationTimestamp2021-01-06T14:09:11.688803Z]
om3_1       | 	at java.base/java.io.FileInputStream.open0(Native Method)
recon_1     | 	at org.apache.derby.impl.jdbc.EmbedConnection$5.run(Unknown Source)
om2_1       | 2021-01-06 14:09:26,144 [pool-17-thread-1] INFO server.RaftServerConfigKeys: raft.server.log.use.memory = false (default)
scm_1       | 2021-01-06 14:09:11,696 [RatisPipelineUtilsThread] INFO pipeline.RatisPipelineProvider: Sending CreatePipelineCommand for pipeline:PipelineID=fd8d06dd-761f-41b5-a396-877886502790 to datanode:6f448ba0-984b-4415-9268-f06ef848507b
om1_1       | 2021-01-06 14:09:27,574 [pool-17-thread-1] INFO server.RaftServerConfigKeys: raft.server.log.statemachine.data.caching.enabled = false (default)
om3_1       | 	at java.base/java.io.FileInputStream.open(FileInputStream.java:219)
recon_1     | 	at java.base/java.security.AccessController.doPrivileged(Native Method)
om2_1       | 2021-01-06 14:09:26,195 [pool-17-thread-1] INFO server.RaftServerConfigKeys: raft.server.log.purge.gap = 1000000 (custom)
scm_1       | 2021-01-06 14:09:11,695 [EventQueue-NodeRegistrationContainerReportForDataNodeSafeModeRule] INFO safemode.SCMSafeModeManager: SCM in safe mode. 2 DataNodes registered, 3 required.
om1_1       | 2021-01-06 14:09:27,598 [pool-17-thread-1] INFO segmented.SegmentedRaftLogWorker: om1@group-D66704EFC61C-SegmentedRaftLogWorker: flushIndex: setUnconditionally 0 -> -1
om3_1       | 	at java.base/java.io.FileInputStream.<init>(FileInputStream.java:157)
recon_1     | 	at org.apache.derby.impl.jdbc.EmbedConnection.createPersistentService(Unknown Source)
om2_1       | 2021-01-06 14:09:26,228 [pool-17-thread-1] INFO metrics.RatisMetrics: Creating Metrics Registry : ratis.log_worker.om2@group-D66704EFC61C
scm_1       | 2021-01-06 14:09:11,696 [EventQueue-NodeRegistrationContainerReportForDataNodeSafeModeRule] INFO safemode.SCMSafeModeManager: SCM in safe mode. 3 DataNodes registered, 3 required.
om1_1       | 2021-01-06 14:09:27,598 [pool-17-thread-1] INFO segmented.SegmentedRaftLogWorker: om1@group-D66704EFC61C-SegmentedRaftLogWorker: safeCacheEvictIndex: setUnconditionally 0 -> -1
om3_1       | 	at org.apache.ratis.server.storage.RaftStorage.readRaftConfiguration(RaftStorage.java:148)
recon_1     | 	... 60 more
om2_1       | 2021-01-06 14:09:26,298 [pool-17-thread-1] INFO server.RaftServerConfigKeys: raft.server.log.appender.buffer.byte-limit = 33554432 (custom)
om2_1       | 2021-01-06 14:09:26,304 [pool-17-thread-1] INFO server.RaftServerConfigKeys: raft.server.log.segment.size.max = 4194304 (custom)
om2_1       | 2021-01-06 14:09:26,385 [pool-17-thread-1] INFO server.RaftServerConfigKeys: raft.server.log.segment.cache.num.max = 2 (custom)
om2_1       | 2021-01-06 14:09:26,385 [pool-17-thread-1] INFO server.RaftServerConfigKeys: raft.server.log.segment.cache.size.max = 200MB (=209715200) (default)
om2_1       | 2021-01-06 14:09:26,418 [pool-17-thread-1] INFO segmented.SegmentedRaftLogWorker: new om2@group-D66704EFC61C-SegmentedRaftLogWorker for RaftStorage:Storage Directory /data/metadata/ratis/5cb24680-b9e7-3c90-a862-d66704efc61c
om1_1       | 2021-01-06 14:09:27,672 [pool-17-thread-1] INFO server.RaftServerConfigKeys: raft.server.snapshot.auto.trigger.enabled = true (custom)
om3_1       | 	at org.apache.ratis.server.impl.ServerState.initStatemachine(ServerState.java:167)
om2_1       | 2021-01-06 14:09:26,418 [pool-17-thread-1] INFO server.RaftServerConfigKeys: raft.server.log.queue.byte-limit = 64MB (=67108864) (default)
recon_1     | 2021-01-06 14:08:54,048 [main] INFO persistence.DefaultDataSourceProvider: JDBC Url for Recon : jdbc:derby:${ozone.recon.db.dir}/ozone_recon_derby.db 
scm_1       | 2021-01-06 14:09:11,693 [EventQueue-NodeRegistrationContainerReportForContainerSafeModeRule] INFO safemode.SCMSafeModeManager: ContainerSafeModeRule rule is successfully validated
om1_1       | 2021-01-06 14:09:27,699 [pool-17-thread-1] INFO server.RaftServerConfigKeys: raft.server.snapshot.auto.trigger.threshold = 400000 (default)
om3_1       | 	at org.apache.ratis.server.impl.ServerState.<init>(ServerState.java:112)
om2_1       | 2021-01-06 14:09:26,427 [pool-17-thread-1] INFO server.RaftServerConfigKeys: raft.server.log.queue.element-limit = 4096 (default)
recon_1     | 2021-01-06 14:08:54,120 [main] ERROR persistence.DerbyDataSourceProvider: Error creating Recon Derby DB.
scm_1       | 2021-01-06 14:09:11,697 [EventQueue-NodeRegistrationContainerReportForDataNodeSafeModeRule] INFO safemode.SCMSafeModeManager: DataNodeSafeModeRule rule is successfully validated
om1_1       | 2021-01-06 14:09:27,715 [pool-17-thread-1] INFO server.RaftServerConfigKeys: raft.server.snapshot.retention.file.num = -1 (default)
om3_1       | 	at org.apache.ratis.server.impl.RaftServerImpl.<init>(RaftServerImpl.java:186)
om2_1       | 2021-01-06 14:09:26,429 [pool-17-thread-1] INFO server.RaftServerConfigKeys: raft.server.log.segment.size.max = 4194304 (custom)
recon_1     | java.sql.SQLException: Failed to create database '${ozone.recon.db.dir}/ozone_recon_derby.db', see the next exception for details.
scm_1       | 2021-01-06 14:09:11,697 [EventQueue-NodeRegistrationContainerReportForDataNodeSafeModeRule] INFO safemode.SCMSafeModeManager: All SCM safe mode pre check rules have passed
om1_1       | 2021-01-06 14:09:27,716 [pool-17-thread-1] INFO server.RaftServerConfigKeys: raft.server.log.purge.upto.snapshot.index = true (custom)
om3_1       | 	at org.apache.ratis.server.impl.RaftServerProxy.lambda$newRaftServerImpl$4(RaftServerProxy.java:264)
om2_1       | 2021-01-06 14:09:26,440 [pool-17-thread-1] INFO server.RaftServerConfigKeys: raft.server.log.preallocated.size = 4194304 (custom)
recon_1     | 	at org.apache.derby.impl.jdbc.SQLExceptionFactory.getSQLException(Unknown Source)
scm_1       | 2021-01-06 14:09:11,796 [EventQueue-PipelineReportForOneReplicaPipelineSafeModeRule] INFO safemode.SCMSafeModeManager: AtleastOneDatanodeReportedRule rule is successfully validated
om1_1       | 2021-01-06 14:09:27,717 [pool-17-thread-1] INFO server.RaftServerConfigKeys: raft.server.retrycache.expirytime = 300s (custom)
om3_1       | 	at java.base/java.util.concurrent.CompletableFuture$AsyncSupply.run(CompletableFuture.java:1700)
om2_1       | 2021-01-06 14:09:26,443 [pool-17-thread-1] INFO server.RaftServerConfigKeys: raft.server.log.force.sync.num = 128 (default)
om3_1       | 	at java.base/java.util.concurrent.ThreadPoolExecutor.runWorker(ThreadPoolExecutor.java:1128)
scm_1       | 2021-01-06 14:09:11,796 [EventQueue-NodeRegistrationContainerReportForContainerSafeModeRule] INFO safemode.SCMSafeModeManager: ContainerSafeModeRule rule is successfully validated
om1_1       | 2021-01-06 14:09:27,730 [pool-17-thread-1] INFO server.RaftServerConfigKeys: raft.server.retrycache.statistics.expirytime = 100?s (default)
recon_1     | 	at org.apache.derby.impl.jdbc.SQLExceptionFactory.getSQLException(Unknown Source)
om2_1       | 2021-01-06 14:09:26,444 [pool-17-thread-1] INFO server.RaftServerConfigKeys: raft.server.log.statemachine.data.sync = true (default)
om3_1       | 	at java.base/java.util.concurrent.ThreadPoolExecutor$Worker.run(ThreadPoolExecutor.java:628)
scm_1       | 2021-01-06 14:09:11,796 [EventQueue-PipelineReportForOneReplicaPipelineSafeModeRule] INFO safemode.SCMSafeModeManager: AtleastOneDatanodeReportedRule rule is successfully validated
om1_1       | 2021-01-06 14:09:27,817 [Listener at om1/9862] INFO impl.MetricsSystemImpl: Scheduled Metric snapshot period at 10 second(s).
recon_1     | 	at org.apache.derby.impl.jdbc.Util.seeNextException(Unknown Source)
om2_1       | 2021-01-06 14:09:26,448 [pool-17-thread-1] INFO server.RaftServerConfigKeys: raft.server.log.statemachine.data.sync.timeout = 10s (default)
om3_1       | 	at java.base/java.lang.Thread.run(Thread.java:834)
scm_1       | 2021-01-06 14:09:11,797 [RatisPipelineUtilsThread] INFO pipeline.PipelineStateManager: Created pipeline Pipeline[ Id: fd8d06dd-761f-41b5-a396-877886502790, Nodes: 6f448ba0-984b-4415-9268-f06ef848507b{ip: 172.19.0.6, host: ozone-ha_datanode_1.ozone-ha_default, networkLocation: /default-rack, certSerialId: null, persistedOpState: IN_SERVICE, persistedOpStateExpiryEpochSec: 0}, Type:RATIS, Factor:ONE, State:ALLOCATED, leaderId:, CreationTimestamp2021-01-06T14:09:11.696527Z]
om2_1       | 2021-01-06 14:09:26,449 [pool-17-thread-1] INFO server.RaftServerConfigKeys: raft.server.log.statemachine.data.sync.timeout.retry = -1 (default)
om1_1       | 2021-01-06 14:09:27,818 [Listener at om1/9862] INFO impl.MetricsSystemImpl: OzoneManager metrics system started
recon_1     | 	at org.apache.derby.impl.jdbc.EmbedConnection.createDatabase(Unknown Source)
om1_1       | 2021-01-06 14:09:27,845 [pool-17-thread-1] INFO metrics.RatisMetrics: Creating Metrics Registry : ratis.leader_election.om1@group-D66704EFC61C
om3_1       | 2021-01-06 14:09:26,560 [pool-17-thread-1] INFO server.RaftServerConfigKeys: raft.server.notification.no-leader.timeout = 120s (custom)
scm_1       | 2021-01-06 14:09:14,370 [EventQueue-PipelineReportForOneReplicaPipelineSafeModeRule] INFO safemode.SCMSafeModeManager: AtleastOneDatanodeReportedRule rule is successfully validated
om2_1       | 2021-01-06 14:09:26,498 [pool-17-thread-1] INFO server.RaftServerConfigKeys: raft.server.log.write.buffer.size = 64KB (=65536) (default)
recon_1     | 	at org.apache.derby.impl.jdbc.EmbedConnection.<init>(Unknown Source)
om1_1       | 2021-01-06 14:09:27,887 [pool-17-thread-1] INFO metrics.RatisMetrics: Creating Metrics Registry : ratis.server.om1@group-D66704EFC61C
om3_1       | 2021-01-06 14:09:26,571 [pool-17-thread-1] INFO server.RaftServerConfigKeys: raft.server.log.use.memory = false (default)
scm_1       | 2021-01-06 14:09:14,371 [EventQueue-PipelineReportForPipelineReportHandler] INFO pipeline.PipelineStateManager: Pipeline Pipeline[ Id: bfdc7566-2742-4943-86bd-e085eb4cbd9c, Nodes: 942974ef-48dd-4378-bcae-864bee340583{ip: 172.19.0.9, host: ozone-ha_datanode_3.ozone-ha_default, networkLocation: /default-rack, certSerialId: null, persistedOpState: IN_SERVICE, persistedOpStateExpiryEpochSec: 0}, Type:RATIS, Factor:ONE, State:ALLOCATED, leaderId:942974ef-48dd-4378-bcae-864bee340583, CreationTimestamp2021-01-06T14:09:11.089495Z] moved to OPEN state
om2_1       | 2021-01-06 14:09:26,499 [pool-17-thread-1] INFO server.RaftServerConfigKeys: raft.server.log.statemachine.data.caching.enabled = false (default)
om2_1       | 2021-01-06 14:09:26,505 [pool-17-thread-1] INFO segmented.SegmentedRaftLogWorker: om2@group-D66704EFC61C-SegmentedRaftLogWorker: flushIndex: setUnconditionally 0 -> -1
om1_1       | 2021-01-06 14:09:27,937 [Listener at om1/9862] INFO om.OzoneManager: OzoneManager RPC server is listening at om1/172.19.0.8:9862
om3_1       | 2021-01-06 14:09:26,674 [pool-17-thread-1] INFO server.RaftServerConfigKeys: raft.server.log.purge.gap = 1000000 (custom)
scm_1       | 2021-01-06 14:09:14,424 [EventQueue-OpenPipelineForHealthyPipelineSafeModeRule] INFO safemode.SCMSafeModeManager: SCM in safe mode. Healthy pipelines reported count is 0, required healthy pipeline reported count is 1
om2_1       | 2021-01-06 14:09:26,528 [pool-17-thread-1] INFO segmented.SegmentedRaftLogWorker: om2@group-D66704EFC61C-SegmentedRaftLogWorker: safeCacheEvictIndex: setUnconditionally 0 -> -1
recon_1     | 	at org.apache.derby.jdbc.InternalDriver$1.run(Unknown Source)
om1_1       | 2021-01-06 14:09:27,946 [Listener at om1/9862] INFO ratis.OzoneManagerRatisServer: Starting OzoneManagerRatisServer om1 at port 9872
om3_1       | 2021-01-06 14:09:26,710 [pool-17-thread-1] INFO metrics.RatisMetrics: Creating Metrics Registry : ratis.log_worker.om3@group-D66704EFC61C
scm_1       | 2021-01-06 14:09:15,116 [EventQueue-PipelineReportForPipelineReportHandler] INFO pipeline.PipelineStateManager: Pipeline Pipeline[ Id: 66565f37-1958-439f-8bc7-0a44996a720e, Nodes: 0c0e6aa0-cd46-4b92-a267-ecb7e9454458{ip: 172.19.0.10, host: ozone-ha_datanode_2.ozone-ha_default, networkLocation: /default-rack, certSerialId: null, persistedOpState: IN_SERVICE, persistedOpStateExpiryEpochSec: 0}, Type:RATIS, Factor:ONE, State:ALLOCATED, leaderId:0c0e6aa0-cd46-4b92-a267-ecb7e9454458, CreationTimestamp2021-01-06T14:09:11.688803Z] moved to OPEN state
om2_1       | 2021-01-06 14:09:26,560 [pool-17-thread-1] INFO server.RaftServerConfigKeys: raft.server.snapshot.auto.trigger.enabled = true (custom)
recon_1     | 	at org.apache.derby.jdbc.InternalDriver$1.run(Unknown Source)
om1_1       | 2021-01-06 14:09:27,949 [Listener at om1/9862] INFO server.RaftServer$Division: om1@group-D66704EFC61C: start as a follower, conf=-1: [om1|rpc:om1:9872, om3|rpc:om3:9872, om2|rpc:om2:9872], old=null
om3_1       | 2021-01-06 14:09:26,841 [pool-17-thread-1] INFO server.RaftServerConfigKeys: raft.server.log.appender.buffer.byte-limit = 33554432 (custom)
scm_1       | 2021-01-06 14:09:15,116 [EventQueue-PipelineReportForOneReplicaPipelineSafeModeRule] INFO safemode.SCMSafeModeManager: AtleastOneDatanodeReportedRule rule is successfully validated
om2_1       | 2021-01-06 14:09:26,563 [pool-17-thread-1] INFO server.RaftServerConfigKeys: raft.server.snapshot.auto.trigger.threshold = 400000 (default)
recon_1     | 	at java.base/java.security.AccessController.doPrivileged(Native Method)
om1_1       | 2021-01-06 14:09:27,952 [Listener at om1/9862] INFO server.RaftServer$Division: om1@group-D66704EFC61C: changes role from      null to FOLLOWER at term 0 for startAsFollower
om3_1       | 2021-01-06 14:09:26,863 [pool-17-thread-1] INFO server.RaftServerConfigKeys: raft.server.log.segment.size.max = 4194304 (custom)
scm_1       | 2021-01-06 14:09:15,141 [EventQueue-OpenPipelineForHealthyPipelineSafeModeRule] INFO safemode.SCMSafeModeManager: SCM in safe mode. Healthy pipelines reported count is 0, required healthy pipeline reported count is 1
scm_1       | 2021-01-06 14:09:15,216 [EventQueue-PipelineReportForOneReplicaPipelineSafeModeRule] INFO safemode.SCMSafeModeManager: AtleastOneDatanodeReportedRule rule is successfully validated
scm_1       | 2021-01-06 14:09:15,222 [EventQueue-PipelineReportForPipelineReportHandler] INFO pipeline.PipelineStateManager: Pipeline Pipeline[ Id: fd8d06dd-761f-41b5-a396-877886502790, Nodes: 6f448ba0-984b-4415-9268-f06ef848507b{ip: 172.19.0.6, host: ozone-ha_datanode_1.ozone-ha_default, networkLocation: /default-rack, certSerialId: null, persistedOpState: IN_SERVICE, persistedOpStateExpiryEpochSec: 0}, Type:RATIS, Factor:ONE, State:ALLOCATED, leaderId:6f448ba0-984b-4415-9268-f06ef848507b, CreationTimestamp2021-01-06T14:09:11.696527Z] moved to OPEN state
scm_1       | 2021-01-06 14:09:15,233 [EventQueue-OpenPipelineForHealthyPipelineSafeModeRule] INFO safemode.SCMSafeModeManager: SCM in safe mode. Healthy pipelines reported count is 0, required healthy pipeline reported count is 1
scm_1       | 2021-01-06 14:09:20,685 [EventQueue-PipelineReportForOneReplicaPipelineSafeModeRule] INFO safemode.SCMSafeModeManager: AtleastOneDatanodeReportedRule rule is successfully validated
scm_1       | 2021-01-06 14:09:20,685 [EventQueue-OpenPipelineForHealthyPipelineSafeModeRule] INFO safemode.SCMSafeModeManager: SCM in safe mode. Healthy pipelines reported count is 0, required healthy pipeline reported count is 1
scm_1       | 2021-01-06 14:09:21,051 [EventQueue-OpenPipelineForHealthyPipelineSafeModeRule] INFO safemode.SCMSafeModeManager: SCM in safe mode. Healthy pipelines reported count is 0, required healthy pipeline reported count is 1
scm_1       | 2021-01-06 14:09:21,063 [EventQueue-PipelineReportForOneReplicaPipelineSafeModeRule] INFO safemode.SCMSafeModeManager: AtleastOneDatanodeReportedRule rule is successfully validated
om3_1       | 2021-01-06 14:09:26,935 [pool-17-thread-1] INFO server.RaftServerConfigKeys: raft.server.log.segment.cache.num.max = 2 (custom)
recon_1     | 	at org.apache.derby.jdbc.InternalDriver.getNewEmbedConnection(Unknown Source)
om1_1       | 2021-01-06 14:09:27,956 [Listener at om1/9862] INFO impl.RoleInfo: om1: start om1@group-D66704EFC61C-FollowerState
om2_1       | 2021-01-06 14:09:26,569 [pool-17-thread-1] INFO server.RaftServerConfigKeys: raft.server.snapshot.retention.file.num = -1 (default)
scm_1       | 2021-01-06 14:09:21,261 [EventQueue-PipelineReportForOneReplicaPipelineSafeModeRule] INFO safemode.SCMSafeModeManager: AtleastOneDatanodeReportedRule rule is successfully validated
om3_1       | 2021-01-06 14:09:26,935 [pool-17-thread-1] INFO server.RaftServerConfigKeys: raft.server.log.segment.cache.size.max = 200MB (=209715200) (default)
recon_1     | 	at org.apache.derby.jdbc.InternalDriver.connect(Unknown Source)
recon_1     | 	at org.apache.derby.jdbc.InternalDriver.connect(Unknown Source)
om1_1       | 2021-01-06 14:09:27,970 [Listener at om1/9862] INFO util.JmxRegister: Successfully registered JMX Bean with object name Ratis:service=RaftServer,group=group-D66704EFC61C,id=om1
scm_1       | 2021-01-06 14:09:21,262 [EventQueue-OpenPipelineForHealthyPipelineSafeModeRule] INFO safemode.SCMSafeModeManager: SCM in safe mode. Healthy pipelines reported count is 0, required healthy pipeline reported count is 1
om3_1       | 2021-01-06 14:09:26,950 [pool-17-thread-1] INFO segmented.SegmentedRaftLogWorker: new om3@group-D66704EFC61C-SegmentedRaftLogWorker for RaftStorage:Storage Directory /data/metadata/ratis/5cb24680-b9e7-3c90-a862-d66704efc61c
recon_1     | 	at org.apache.derby.jdbc.AutoloadedDriver.connect(Unknown Source)
om2_1       | 2021-01-06 14:09:26,569 [pool-17-thread-1] INFO server.RaftServerConfigKeys: raft.server.log.purge.upto.snapshot.index = true (custom)
om1_1       | 2021-01-06 14:09:27,972 [Listener at om1/9862] INFO metrics.RatisMetrics: Creating Metrics Registry : ratis.state_machine.om1@group-D66704EFC61C
scm_1       | 2021-01-06 14:09:50,684 [EventQueue-PipelineReportForOneReplicaPipelineSafeModeRule] INFO safemode.SCMSafeModeManager: AtleastOneDatanodeReportedRule rule is successfully validated
om3_1       | 2021-01-06 14:09:27,007 [pool-17-thread-1] INFO server.RaftServerConfigKeys: raft.server.log.queue.byte-limit = 64MB (=67108864) (default)
recon_1     | 	at java.sql/java.sql.DriverManager.getConnection(DriverManager.java:677)
om2_1       | 2021-01-06 14:09:26,572 [pool-17-thread-1] INFO server.RaftServerConfigKeys: raft.server.retrycache.expirytime = 300s (custom)
om1_1       | 2021-01-06 14:09:27,984 [Listener at om1/9862] INFO server.RaftServer: om1: start RPC server
scm_1       | 2021-01-06 14:09:50,684 [EventQueue-OpenPipelineForHealthyPipelineSafeModeRule] INFO safemode.SCMSafeModeManager: SCM in safe mode. Healthy pipelines reported count is 0, required healthy pipeline reported count is 1
om3_1       | 2021-01-06 14:09:27,020 [pool-17-thread-1] INFO server.RaftServerConfigKeys: raft.server.log.queue.element-limit = 4096 (default)
recon_1     | 	at java.sql/java.sql.DriverManager.getConnection(DriverManager.java:251)
om2_1       | 2021-01-06 14:09:26,595 [pool-17-thread-1] INFO server.RaftServerConfigKeys: raft.server.retrycache.statistics.expirytime = 100?s (default)
om1_1       | 2021-01-06 14:09:28,094 [Listener at om1/9862] INFO server.GrpcService: om1: GrpcService started, listening on 0.0.0.0/0.0.0.0:9872
scm_1       | 2021-01-06 14:09:51,034 [EventQueue-PipelineReportForOneReplicaPipelineSafeModeRule] INFO safemode.SCMSafeModeManager: AtleastOneDatanodeReportedRule rule is successfully validated
om3_1       | 2021-01-06 14:09:27,040 [pool-17-thread-1] INFO server.RaftServerConfigKeys: raft.server.log.segment.size.max = 4194304 (custom)
recon_1     | 	at org.hadoop.ozone.recon.codegen.SqlDbUtils.createNewDerbyDatabase(SqlDbUtils.java:64)
om2_1       | 2021-01-06 14:09:26,604 [Listener at om2/9862] INFO impl.MetricsConfig: Loaded properties from hadoop-metrics2.properties
om1_1       | 2021-01-06 14:09:28,098 [org.apache.ratis.util.JvmPauseMonitor$$Lambda$348/0x00000008404ac440@2ba1209b] INFO util.JvmPauseMonitor: JvmPauseMonitor-om1: Started
scm_1       | 2021-01-06 14:09:51,036 [EventQueue-OpenPipelineForHealthyPipelineSafeModeRule] INFO safemode.SCMSafeModeManager: SCM in safe mode. Healthy pipelines reported count is 0, required healthy pipeline reported count is 1
om3_1       | 2021-01-06 14:09:27,041 [pool-17-thread-1] INFO server.RaftServerConfigKeys: raft.server.log.preallocated.size = 4194304 (custom)
recon_1     | 	at org.apache.hadoop.ozone.recon.persistence.DerbyDataSourceProvider.get(DerbyDataSourceProvider.java:51)
om2_1       | 2021-01-06 14:09:26,718 [pool-17-thread-1] INFO metrics.RatisMetrics: Creating Metrics Registry : ratis.leader_election.om2@group-D66704EFC61C
om1_1       | 2021-01-06 14:09:28,231 [Listener at om1/9862] INFO http.BaseHttpServer: Starting Web-server for ozoneManager at: http://0.0.0.0:9874
scm_1       | 2021-01-06 14:09:51,242 [EventQueue-OpenPipelineForHealthyPipelineSafeModeRule] INFO safemode.SCMSafeModeManager: SCM in safe mode. Healthy pipelines reported count is 0, required healthy pipeline reported count is 1
om3_1       | 2021-01-06 14:09:27,047 [pool-17-thread-1] INFO server.RaftServerConfigKeys: raft.server.log.force.sync.num = 128 (default)
recon_1     | 	at org.apache.hadoop.ozone.recon.persistence.DefaultDataSourceProvider.get(DefaultDataSourceProvider.java:53)
om2_1       | 2021-01-06 14:09:26,721 [pool-17-thread-1] INFO metrics.RatisMetrics: Creating Metrics Registry : ratis.server.om2@group-D66704EFC61C
om1_1       | 2021-01-06 14:09:28,233 [Listener at om1/9862] INFO http.BaseHttpServer: Hadoop Security Enabled: false Ozone Security Enabled: false Ozone HTTP Security Enabled: false 
scm_1       | 2021-01-06 14:09:51,242 [EventQueue-PipelineReportForOneReplicaPipelineSafeModeRule] INFO safemode.SCMSafeModeManager: AtleastOneDatanodeReportedRule rule is successfully validated
om3_1       | 2021-01-06 14:09:27,075 [pool-17-thread-1] INFO server.RaftServerConfigKeys: raft.server.log.statemachine.data.sync = true (default)
recon_1     | 	at org.apache.hadoop.ozone.recon.persistence.DefaultDataSourceProvider.get(DefaultDataSourceProvider.java:33)
om2_1       | 2021-01-06 14:09:26,900 [Listener at om2/9862] INFO impl.MetricsSystemImpl: Scheduled Metric snapshot period at 10 second(s).
om1_1       | 2021-01-06 14:09:28,328 [Listener at om1/9862] INFO util.log: Logging initialized @16820ms to org.eclipse.jetty.util.log.Slf4jLog
scm_1       | 2021-01-06 14:10:20,689 [EventQueue-OpenPipelineForHealthyPipelineSafeModeRule] INFO safemode.SCMSafeModeManager: SCM in safe mode. Healthy pipelines reported count is 0, required healthy pipeline reported count is 1
om3_1       | 2021-01-06 14:09:27,085 [pool-17-thread-1] INFO server.RaftServerConfigKeys: raft.server.log.statemachine.data.sync.timeout = 10s (default)
recon_1     | 	at com.google.inject.internal.ProviderInternalFactory.provision(ProviderInternalFactory.java:81)
om2_1       | 2021-01-06 14:09:26,901 [Listener at om2/9862] INFO impl.MetricsSystemImpl: OzoneManager metrics system started
om1_1       | 2021-01-06 14:09:28,692 [Listener at om1/9862] INFO server.AuthenticationFilter: Unable to initialize FileSignerSecretProvider, falling back to use random secrets.
scm_1       | 2021-01-06 14:10:20,689 [EventQueue-PipelineReportForOneReplicaPipelineSafeModeRule] INFO safemode.SCMSafeModeManager: AtleastOneDatanodeReportedRule rule is successfully validated
om3_1       | 2021-01-06 14:09:27,095 [pool-17-thread-1] INFO server.RaftServerConfigKeys: raft.server.log.statemachine.data.sync.timeout.retry = -1 (default)
recon_1     | 	at com.google.inject.internal.BoundProviderFactory.provision(BoundProviderFactory.java:72)
om2_1       | 2021-01-06 14:09:27,123 [Listener at om2/9862] INFO om.OzoneManager: OzoneManager RPC server is listening at om2/172.19.0.5:9862
om1_1       | 2021-01-06 14:09:28,709 [Listener at om1/9862] INFO http.HttpRequestLog: Http request log for http.requests.ozoneManager is not defined
scm_1       | 2021-01-06 14:10:21,031 [EventQueue-PipelineReportForOneReplicaPipelineSafeModeRule] INFO safemode.SCMSafeModeManager: AtleastOneDatanodeReportedRule rule is successfully validated
om3_1       | 2021-01-06 14:09:27,185 [pool-17-thread-1] INFO server.RaftServerConfigKeys: raft.server.log.write.buffer.size = 64KB (=65536) (default)
recon_1     | 	at com.google.inject.internal.ProviderInternalFactory.circularGet(ProviderInternalFactory.java:61)
om2_1       | 2021-01-06 14:09:27,138 [Listener at om2/9862] INFO ratis.OzoneManagerRatisServer: Starting OzoneManagerRatisServer om2 at port 9872
om1_1       | 2021-01-06 14:09:28,732 [Listener at om1/9862] INFO http.HttpServer2: Added global filter 'safety' (class=org.apache.hadoop.hdds.server.http.HttpServer2$QuotingInputFilter)
scm_1       | 2021-01-06 14:10:21,031 [EventQueue-OpenPipelineForHealthyPipelineSafeModeRule] INFO safemode.SCMSafeModeManager: SCM in safe mode. Healthy pipelines reported count is 0, required healthy pipeline reported count is 1
om3_1       | 2021-01-06 14:09:27,221 [pool-17-thread-1] INFO server.RaftServerConfigKeys: raft.server.log.statemachine.data.caching.enabled = false (default)
recon_1     | 	at com.google.inject.internal.BoundProviderFactory.get(BoundProviderFactory.java:62)
scm_1       | 2021-01-06 14:10:21,241 [EventQueue-PipelineReportForOneReplicaPipelineSafeModeRule] INFO safemode.SCMSafeModeManager: AtleastOneDatanodeReportedRule rule is successfully validated
om2_1       | 2021-01-06 14:09:27,166 [Listener at om2/9862] INFO server.RaftServer$Division: om2@group-D66704EFC61C: start as a follower, conf=-1: [om1|rpc:om1:9872, om3|rpc:om3:9872, om2|rpc:om2:9872], old=null
om1_1       | 2021-01-06 14:09:28,747 [Listener at om1/9862] INFO http.HttpServer2: Added filter static_user_filter (class=org.apache.hadoop.http.lib.StaticUserWebFilter$StaticUserFilter) to context ozoneManager
recon_1     | 	at com.google.inject.internal.ProviderToInternalFactoryAdapter$1.call(ProviderToInternalFactoryAdapter.java:46)
om3_1       | 2021-01-06 14:09:27,248 [pool-17-thread-1] INFO segmented.SegmentedRaftLogWorker: om3@group-D66704EFC61C-SegmentedRaftLogWorker: flushIndex: setUnconditionally 0 -> -1
scm_1       | 2021-01-06 14:10:21,241 [EventQueue-OpenPipelineForHealthyPipelineSafeModeRule] INFO safemode.SCMSafeModeManager: SCM in safe mode. Healthy pipelines reported count is 0, required healthy pipeline reported count is 1
om2_1       | 2021-01-06 14:09:27,167 [Listener at om2/9862] INFO server.RaftServer$Division: om2@group-D66704EFC61C: changes role from      null to FOLLOWER at term 0 for startAsFollower
om1_1       | 2021-01-06 14:09:28,747 [Listener at om1/9862] INFO http.HttpServer2: Added filter static_user_filter (class=org.apache.hadoop.http.lib.StaticUserWebFilter$StaticUserFilter) to context logs
recon_1     | 	at com.google.inject.internal.InjectorImpl.callInContext(InjectorImpl.java:1103)
om3_1       | 2021-01-06 14:09:27,269 [pool-17-thread-1] INFO segmented.SegmentedRaftLogWorker: om3@group-D66704EFC61C-SegmentedRaftLogWorker: safeCacheEvictIndex: setUnconditionally 0 -> -1
scm_1       | 2021-01-06 14:10:50,684 [EventQueue-PipelineReportForOneReplicaPipelineSafeModeRule] INFO safemode.SCMSafeModeManager: AtleastOneDatanodeReportedRule rule is successfully validated
om2_1       | 2021-01-06 14:09:27,176 [Listener at om2/9862] INFO impl.RoleInfo: om2: start om2@group-D66704EFC61C-FollowerState
om1_1       | 2021-01-06 14:09:28,747 [Listener at om1/9862] INFO http.HttpServer2: Added filter static_user_filter (class=org.apache.hadoop.http.lib.StaticUserWebFilter$StaticUserFilter) to context static
recon_1     | 	at com.google.inject.internal.ProviderToInternalFactoryAdapter.get(ProviderToInternalFactoryAdapter.java:40)
om3_1       | 2021-01-06 14:09:27,281 [Listener at om3/9862] INFO impl.MetricsConfig: Loaded properties from hadoop-metrics2.properties
scm_1       | 2021-01-06 14:10:50,684 [EventQueue-OpenPipelineForHealthyPipelineSafeModeRule] INFO safemode.SCMSafeModeManager: SCM in safe mode. Healthy pipelines reported count is 0, required healthy pipeline reported count is 1
om2_1       | 2021-01-06 14:09:27,187 [Listener at om2/9862] INFO util.JmxRegister: Successfully registered JMX Bean with object name Ratis:service=RaftServer,group=group-D66704EFC61C,id=om2
om1_1       | 2021-01-06 14:09:29,144 [Thread-10] INFO impl.FollowerState: om1@group-D66704EFC61C-FollowerState: change to CANDIDATE, lastRpcElapsedTime:1188374810ns, electionTimeout:1148ms
recon_1     | 	at com.google.inject.internal.SingletonScope$1.get(SingletonScope.java:145)
om3_1       | 2021-01-06 14:09:27,288 [pool-17-thread-1] INFO server.RaftServerConfigKeys: raft.server.snapshot.auto.trigger.enabled = true (custom)
scm_1       | 2021-01-06 14:10:51,030 [EventQueue-PipelineReportForOneReplicaPipelineSafeModeRule] INFO safemode.SCMSafeModeManager: AtleastOneDatanodeReportedRule rule is successfully validated
om2_1       | 2021-01-06 14:09:27,193 [Listener at om2/9862] INFO metrics.RatisMetrics: Creating Metrics Registry : ratis.state_machine.om2@group-D66704EFC61C
om1_1       | 2021-01-06 14:09:29,165 [Listener at om1/9862] INFO http.HttpServer2: Jetty bound to port 9874
recon_1     | 	at com.google.inject.internal.InternalFactoryToProviderAdapter.get(InternalFactoryToProviderAdapter.java:41)
om3_1       | 2021-01-06 14:09:27,289 [pool-17-thread-1] INFO server.RaftServerConfigKeys: raft.server.snapshot.auto.trigger.threshold = 400000 (default)
scm_1       | 2021-01-06 14:10:51,030 [EventQueue-OpenPipelineForHealthyPipelineSafeModeRule] INFO safemode.SCMSafeModeManager: SCM in safe mode. Healthy pipelines reported count is 0, required healthy pipeline reported count is 1
om2_1       | 2021-01-06 14:09:27,219 [Listener at om2/9862] INFO server.RaftServer: om2: start RPC server
om1_1       | 2021-01-06 14:09:29,175 [Listener at om1/9862] INFO server.Server: jetty-9.4.34.v20201102; built: 2020-11-02T14:15:39.302Z; git: e46af88704a893fc12cb0e3bf46e2c7b48a009e7; jvm 11.0.7+10-LTS
recon_1     | 	at com.google.inject.internal.SingleParameterInjector.inject(SingleParameterInjector.java:38)
om3_1       | 2021-01-06 14:09:27,289 [pool-17-thread-1] INFO server.RaftServerConfigKeys: raft.server.snapshot.retention.file.num = -1 (default)
scm_1       | 2021-01-06 14:10:51,239 [EventQueue-OpenPipelineForHealthyPipelineSafeModeRule] INFO safemode.SCMSafeModeManager: SCM in safe mode. Healthy pipelines reported count is 0, required healthy pipeline reported count is 1
om2_1       | 2021-01-06 14:09:27,530 [Listener at om2/9862] INFO server.GrpcService: om2: GrpcService started, listening on 0.0.0.0/0.0.0.0:9872
om1_1       | 2021-01-06 14:09:29,153 [Thread-10] INFO impl.RoleInfo: om1: shutdown om1@group-D66704EFC61C-FollowerState
recon_1     | 	at com.google.inject.internal.SingleParameterInjector.getAll(SingleParameterInjector.java:62)
om3_1       | 2021-01-06 14:09:27,291 [pool-17-thread-1] INFO server.RaftServerConfigKeys: raft.server.log.purge.upto.snapshot.index = true (custom)
scm_1       | 2021-01-06 14:10:51,239 [EventQueue-PipelineReportForOneReplicaPipelineSafeModeRule] INFO safemode.SCMSafeModeManager: AtleastOneDatanodeReportedRule rule is successfully validated
om2_1       | 2021-01-06 14:09:27,537 [org.apache.ratis.util.JvmPauseMonitor$$Lambda$348/0x00000008404ac440@2ba1209b] INFO util.JvmPauseMonitor: JvmPauseMonitor-om2: Started
om1_1       | 2021-01-06 14:09:29,184 [Thread-10] INFO server.RaftServer$Division: om1@group-D66704EFC61C: changes role from  FOLLOWER to CANDIDATE at term 0 for changeToCandidate
recon_1     | 	at com.google.inject.internal.ConstructorInjector.provision(ConstructorInjector.java:104)
om3_1       | 2021-01-06 14:09:27,292 [pool-17-thread-1] INFO server.RaftServerConfigKeys: raft.server.retrycache.expirytime = 300s (custom)
