dn3_1  | 2022-03-12 01:09:48,270 [main] INFO server.AuthenticationFilter: Unable to initialize FileSignerSecretProvider, falling back to use random secrets.
dn3_1  | 2022-03-12 01:09:48,289 [pool-30-thread-1] INFO server.RaftServerConfigKeys: raft.server.log.statemachine.data.sync = true (default)
scm_1  | 2022-03-12 01:09:48,239 [main] INFO grpc.GrpcConfigKeys: raft.grpc.server.port = 9894 (custom)
dn1_1  | 2022-03-12 01:09:50,690 [main] INFO http.BaseHttpServer: HTTP server of hddsDatanode listening at http://0.0.0.0:9882
om1_1  | 	at org.apache.hadoop.hdds.scm.ha.RatisUtil.checkRatisException(RatisUtil.java:246)
om2_1  | 	at org.apache.hadoop.hdds.protocol.proto.ScmBlockLocationProtocolProtos$ScmBlockLocationProtocolService$2.callBlockingMethod(ScmBlockLocationProtocolProtos.java:13937)
om3_1  | 	at org.apache.hadoop.hdds.protocol.proto.ScmBlockLocationProtocolProtos$ScmBlockLocationProtocolService$2.callBlockingMethod(ScmBlockLocationProtocolProtos.java:13937)
dn3_1  | 2022-03-12 01:09:48,296 [pool-30-thread-1] INFO server.RaftServerConfigKeys: raft.server.log.statemachine.data.sync.timeout = 10s (default)
dn2_1  | 2022-03-12 01:09:50,293 [pool-30-thread-1] INFO server.RaftServerConfigKeys: raft.server.rpc.sleep.time = 25ms (default)
scm_1  | 2022-03-12 01:09:48,239 [main] INFO grpc.GrpcConfigKeys: raft.grpc.server.port = 9894 (custom)
dn1_1  | 2022-03-12 01:09:50,691 [pool-30-thread-1] INFO server.RaftServerConfigKeys: raft.server.log.purge.gap = 1000000 (custom)
om1_1  | 	at org.apache.hadoop.hdds.scm.protocol.ScmBlockLocationProtocolServerSideTranslatorPB.send(ScmBlockLocationProtocolServerSideTranslatorPB.java:108)
om2_1  | 	at org.apache.hadoop.ipc.ProtobufRpcEngine$Server.processCall(ProtobufRpcEngine.java:466)
om3_1  | 	at org.apache.hadoop.ipc.ProtobufRpcEngine$Server.processCall(ProtobufRpcEngine.java:466)
om3_1  | 	at org.apache.hadoop.ipc.ProtobufRpcEngine2$Server$ProtoBufRpcInvoker.call(ProtobufRpcEngine2.java:574)
dn3_1  | 2022-03-12 01:09:48,297 [pool-30-thread-1] INFO server.RaftServerConfigKeys: raft.server.log.statemachine.data.sync.timeout.retry = -1 (default)
dn2_1  | 2022-03-12 01:09:50,296 [pool-30-thread-1] INFO server.RaftServerConfigKeys: raft.server.rpc.slowness.timeout = 300s (custom)
scm_1  | 2022-03-12 01:09:48,240 [main] INFO server.GrpcService: raft.grpc.message.size.max = 32m (=33554432) (custom)
dn1_1  | 2022-03-12 01:09:50,692 [pool-30-thread-1] INFO server.RaftServerConfigKeys: raft.server.log.appender.buffer.byte-limit = 33554432 (custom)
om1_1  | 	at org.apache.hadoop.hdds.protocol.proto.ScmBlockLocationProtocolProtos$ScmBlockLocationProtocolService$2.callBlockingMethod(ScmBlockLocationProtocolProtos.java:13937)
om2_1  | 	at org.apache.hadoop.ipc.ProtobufRpcEngine2$Server$ProtoBufRpcInvoker.call(ProtobufRpcEngine2.java:574)
om3_1  | 	at org.apache.hadoop.ipc.ProtobufRpcEngine2$Server$ProtoBufRpcInvoker.call(ProtobufRpcEngine2.java:552)
dn3_1  | 2022-03-12 01:09:48,318 [main] INFO http.HttpRequestLog: Http request log for http.requests.hddsDatanode is not defined
dn2_1  | 2022-03-12 01:09:50,297 [pool-30-thread-1] INFO server.RaftServerConfigKeys: raft.server.leaderelection.leader.step-down.wait-time = 10s (default)
scm_1  | 2022-03-12 01:09:48,241 [main] INFO server.RaftServerConfigKeys: raft.server.log.appender.buffer.byte-limit = 33554432 (custom)
dn1_1  | 2022-03-12 01:09:50,692 [pool-30-thread-1] INFO server.RaftServerConfigKeys: raft.server.log.segment.size.max = 1048576 (custom)
om1_1  | 	at org.apache.hadoop.ipc.ProtobufRpcEngine$Server.processCall(ProtobufRpcEngine.java:466)
om2_1  | 	at org.apache.hadoop.ipc.ProtobufRpcEngine2$Server$ProtoBufRpcInvoker.call(ProtobufRpcEngine2.java:552)
om3_1  | 	at org.apache.hadoop.ipc.RPC$Server.call(RPC.java:1093)
dn3_1  | 2022-03-12 01:09:48,337 [main] INFO http.HttpServer2: Added global filter 'safety' (class=org.apache.hadoop.hdds.server.http.HttpServer2$QuotingInputFilter)
dn2_1  | 2022-03-12 01:09:50,297 [pool-30-thread-1] INFO server.RaftServerConfigKeys: raft.server.sleep.deviation.threshold = 300ms (default)
dn2_1  | 2022-03-12 01:09:50,306 [pool-30-thread-1] INFO server.RaftServerConfigKeys: raft.server.log.appender.install.snapshot.enabled = false (custom)
dn1_1  | 2022-03-12 01:09:50,692 [pool-30-thread-1] INFO server.RaftServerConfigKeys: raft.server.log.segment.cache.num.max = 2 (custom)
om1_1  | 	at org.apache.hadoop.ipc.ProtobufRpcEngine2$Server$ProtoBufRpcInvoker.call(ProtobufRpcEngine2.java:574)
om2_1  | 	at org.apache.hadoop.ipc.RPC$Server.call(RPC.java:1093)
om3_1  | 	at org.apache.hadoop.ipc.Server$RpcCall.run(Server.java:1035)
dn3_1  | 2022-03-12 01:09:48,359 [main] INFO http.HttpServer2: Added filter static_user_filter (class=org.apache.hadoop.http.lib.StaticUserWebFilter$StaticUserFilter) to context hddsDatanode
scm_1  | 2022-03-12 01:09:48,260 [main] INFO server.GrpcService: raft.grpc.flow.control.window = 1MB (=1048576) (default)
dn2_1  | 2022-03-12 01:09:50,307 [pool-30-thread-1] INFO server.RaftServer$Division: e9b1c890-758c-4f60-a4c2-d8466b88eb6a@group-0759E9FBE7E0: ConfigurationManager, init=-1: [], old=null, confs=<EMPTY_MAP>
dn1_1  | 2022-03-12 01:09:50,693 [pool-30-thread-1] INFO server.RaftServerConfigKeys: raft.server.log.segment.cache.size.max = 200MB (=209715200) (default)
om1_1  | 	at org.apache.hadoop.ipc.ProtobufRpcEngine2$Server$ProtoBufRpcInvoker.call(ProtobufRpcEngine2.java:552)
om2_1  | 	at org.apache.hadoop.ipc.Server$RpcCall.run(Server.java:1035)
om3_1  | 	at org.apache.hadoop.ipc.Server$RpcCall.run(Server.java:963)
dn3_1  | 2022-03-12 01:09:48,359 [main] INFO http.HttpServer2: Added filter static_user_filter (class=org.apache.hadoop.http.lib.StaticUserWebFilter$StaticUserFilter) to context logs
scm_1  | 2022-03-12 01:09:48,269 [main] INFO server.RaftServerConfigKeys: raft.server.rpc.request.timeout = 30000ms (custom)
dn2_1  | 2022-03-12 01:09:50,312 [pool-30-thread-1] INFO server.RaftServerConfigKeys: raft.server.storage.dir = [/data/metadata/ratis] (custom)
dn1_1  | 2022-03-12 01:09:50,693 [pool-30-thread-1] INFO segmented.SegmentedRaftLogWorker: new 3cebde26-3386-4786-95c4-6a18f197146f@group-0759E9FBE7E0-SegmentedRaftLogWorker for RaftStorageImpl:Storage Directory /data/metadata/ratis/4aadf85d-81f0-4272-8310-0759e9fbe7e0
om1_1  | 	at org.apache.hadoop.ipc.RPC$Server.call(RPC.java:1093)
om2_1  | 	at org.apache.hadoop.ipc.Server$RpcCall.run(Server.java:963)
om3_1  | 	at java.base/java.security.AccessController.doPrivileged(Native Method)
dn3_1  | 2022-03-12 01:09:48,360 [main] INFO http.HttpServer2: Added filter static_user_filter (class=org.apache.hadoop.http.lib.StaticUserWebFilter$StaticUserFilter) to context static
scm_1  | 2022-03-12 01:09:50,265 [main] INFO impl.DataStreamServerImpl: raft.datastream.type = DISABLED (default)
dn2_1  | 2022-03-12 01:09:50,318 [pool-30-thread-1] INFO server.RaftServerConfigKeys: raft.server.log.corruption.policy = EXCEPTION (default)
dn1_1  | 2022-03-12 01:09:50,693 [pool-30-thread-1] INFO server.RaftServerConfigKeys: raft.server.log.queue.byte-limit = 4294967296 (custom)
om1_1  | 	at org.apache.hadoop.ipc.Server$RpcCall.run(Server.java:1035)
om2_1  | 	at java.base/java.security.AccessController.doPrivileged(Native Method)
om3_1  | 	at java.base/javax.security.auth.Subject.doAs(Subject.java:423)
dn3_1  | 2022-03-12 01:09:48,367 [pool-30-thread-1] INFO server.RaftServerConfigKeys: raft.server.log.write.buffer.size = 1048576 (custom)
scm_1  | 2022-03-12 01:09:50,282 [main] INFO server.RaftServerConfigKeys: raft.server.rpc.slowness.timeout = 120000ms (custom)
dn2_1  | 2022-03-12 01:09:50,324 [pool-30-thread-1] INFO server.RaftServerConfigKeys: raft.server.storage.free-space.min = 0MB (=0) (default)
dn1_1  | 2022-03-12 01:09:50,693 [pool-30-thread-1] INFO server.RaftServerConfigKeys: raft.server.log.queue.element-limit = 1024 (custom)
om1_1  | 	at org.apache.hadoop.ipc.Server$RpcCall.run(Server.java:963)
om2_1  | 	at java.base/javax.security.auth.Subject.doAs(Subject.java:423)
om3_1  | 	at org.apache.hadoop.security.UserGroupInformation.doAs(UserGroupInformation.java:1878)
dn3_1  | 2022-03-12 01:09:48,371 [pool-30-thread-1] INFO server.RaftServerConfigKeys: raft.server.log.statemachine.data.caching.enabled = true (custom)
scm_1  | 2022-03-12 01:09:50,289 [main] INFO server.RaftServerConfigKeys: raft.server.leaderelection.leader.step-down.wait-time = 10s (default)
dn2_1  | 2022-03-12 01:09:50,318 [org.apache.hadoop.util.JvmPauseMonitor$Monitor@45a0287b] INFO util.JvmPauseMonitor: Starting JVM pause monitor
dn1_1  | 2022-03-12 01:09:50,694 [pool-30-thread-1] INFO server.RaftServerConfigKeys: raft.server.log.segment.size.max = 1048576 (custom)
om1_1  | 	at java.base/java.security.AccessController.doPrivileged(Native Method)
om2_1  | 	at org.apache.hadoop.security.UserGroupInformation.doAs(UserGroupInformation.java:1878)
om3_1  | 	at org.apache.hadoop.ipc.Server$Handler.run(Server.java:2966)
dn3_1  | 2022-03-12 01:09:48,650 [pool-30-thread-1] INFO server.RaftServer$Division: 0427aa14-60a6-4ad9-9084-5492e727bb3d@group-5FD02B82763E: set configuration 0: [0427aa14-60a6-4ad9-9084-5492e727bb3d|rpc:10.9.0.13:9856|admin:10.9.0.13:9857|client:10.9.0.13:9858|dataStream:|priority:1], old=null
scm_1  | 2022-03-12 01:09:50,485 [main] INFO server.RaftServerConfigKeys: raft.server.storage.dir = [/data/metadata/scm-ha] (custom)
dn2_1  | 2022-03-12 01:09:50,327 [pool-30-thread-1] INFO storage.RaftStorageDirectory: Lock on /data/metadata/ratis/4aadf85d-81f0-4272-8310-0759e9fbe7e0/in_use.lock acquired by nodename 7@b4b1149385bf
dn1_1  | 2022-03-12 01:09:50,694 [pool-30-thread-1] INFO server.RaftServerConfigKeys: raft.server.log.preallocated.size = 16384 (custom)
om1_1  | 	at java.base/javax.security.auth.Subject.doAs(Subject.java:423)
om2_1  | 	at org.apache.hadoop.ipc.Server$Handler.run(Server.java:2966)
om3_1  | , while invoking $Proxy32.send over nodeId=scmNodeId,nodeAddress=scm/10.9.0.17:9863 after 6 failover attempts. Trying to failover after sleeping for 2000ms.
dn3_1  | 2022-03-12 01:09:48,697 [main] INFO http.HttpServer2: Jetty bound to port 9882
scm_1  | 2022-03-12 01:09:50,493 [main] INFO server.RaftServer: cb1478b1-3087-4d0f-abdf-3bc6ed121f54: found a subdirectory /data/metadata/scm-ha/5f6802d0-693a-4078-b24e-46f1154a3114
dn2_1  | 2022-03-12 01:09:50,328 [pool-30-thread-1] INFO storage.RaftStorage: Read RaftStorageMetadata{term=4, votedFor=3cebde26-3386-4786-95c4-6a18f197146f} from /data/metadata/ratis/4aadf85d-81f0-4272-8310-0759e9fbe7e0/current/raft-meta
dn1_1  | 2022-03-12 01:09:50,694 [pool-30-thread-1] INFO server.RaftServerConfigKeys: raft.server.log.force.sync.num = 128 (default)
om1_1  | 	at org.apache.hadoop.security.UserGroupInformation.doAs(UserGroupInformation.java:1878)
om2_1  | , while invoking $Proxy32.send over nodeId=scmNodeId,nodeAddress=scm/10.9.0.17:9863 after 7 failover attempts. Trying to failover after sleeping for 2000ms.
om3_1  | 2022-03-12 01:09:56,678 [main] INFO retry.RetryInvocationHandler: com.google.protobuf.ServiceException: org.apache.hadoop.ipc.RemoteException(org.apache.hadoop.hdds.ratis.ServerNotLeaderException): Server:cb1478b1-3087-4d0f-abdf-3bc6ed121f54 is not the leader. Could not determine the leader node.
dn3_1  | 2022-03-12 01:09:48,700 [main] INFO server.Server: jetty-9.4.43.v20210629; built: 2021-06-30T11:07:22.254Z; git: 526006ecfa3af7f1a27ef3a288e2bef7ea9dd7e8; jvm 11.0.14.1+1-LTS
scm_1  | 2022-03-12 01:09:50,522 [main] INFO server.RaftServer: cb1478b1-3087-4d0f-abdf-3bc6ed121f54: addNew group-46F1154A3114:[] returns group-46F1154A3114:java.util.concurrent.CompletableFuture@76ddd61a[Not completed]
dn2_1  | 2022-03-12 01:09:50,329 [pool-30-thread-1] INFO ratis.ContainerStateMachine: group-0759E9FBE7E0: Setting the last applied index to (t:4, i:2)
dn1_1  | 2022-03-12 01:09:50,694 [pool-30-thread-1] INFO server.RaftServerConfigKeys: raft.server.log.statemachine.data.sync = true (default)
om1_1  | 	at org.apache.hadoop.ipc.Server$Handler.run(Server.java:2966)
om2_1  | 2022-03-12 01:09:56,410 [main] INFO retry.RetryInvocationHandler: com.google.protobuf.ServiceException: org.apache.hadoop.ipc.RemoteException(org.apache.hadoop.hdds.ratis.ServerNotLeaderException): Server:cb1478b1-3087-4d0f-abdf-3bc6ed121f54 is not the leader. Could not determine the leader node.
om3_1  | 	at org.apache.hadoop.hdds.ratis.ServerNotLeaderException.convertToNotLeaderException(ServerNotLeaderException.java:109)
dn3_1  | 2022-03-12 01:09:48,834 [pool-30-thread-1] INFO segmented.LogSegment: Successfully read 250 entries from segment file /data/metadata/ratis/acc5d730-e4dd-43cd-a957-5fd02b82763e/current/log_0-249
scm_1  | 2022-03-12 01:09:50,707 [pool-14-thread-1] INFO ha.SCMStateMachine: Updated lastAppliedTermIndex 3#40 with transactionInfo term andIndex
dn2_1  | 2022-03-12 01:09:50,335 [pool-30-thread-1] INFO server.RaftServer$Division: e9b1c890-758c-4f60-a4c2-d8466b88eb6a@group-0759E9FBE7E0: set configuration 1: [3cebde26-3386-4786-95c4-6a18f197146f|rpc:10.9.0.11:9856|admin:10.9.0.11:9857|client:10.9.0.11:9858|dataStream:|priority:1, 0427aa14-60a6-4ad9-9084-5492e727bb3d|rpc:10.9.0.13:9856|admin:10.9.0.13:9857|client:10.9.0.13:9858|dataStream:|priority:0, e9b1c890-758c-4f60-a4c2-d8466b88eb6a|rpc:10.9.0.12:9856|admin:10.9.0.12:9857|client:10.9.0.12:9858|dataStream:|priority:0], old=null
dn1_1  | 2022-03-12 01:09:50,694 [pool-30-thread-1] INFO server.RaftServerConfigKeys: raft.server.log.statemachine.data.sync.timeout = 10s (default)
om1_1  | , while invoking $Proxy32.send over nodeId=scmNodeId,nodeAddress=scm/10.9.0.17:9863 after 6 failover attempts. Trying to failover after sleeping for 2000ms.
om2_1  | 	at org.apache.hadoop.hdds.ratis.ServerNotLeaderException.convertToNotLeaderException(ServerNotLeaderException.java:109)
om3_1  | 	at org.apache.hadoop.hdds.scm.ha.RatisUtil.checkRatisException(RatisUtil.java:246)
dn3_1  | 2022-03-12 01:09:48,877 [pool-30-thread-1] INFO server.RaftServer$Division: 0427aa14-60a6-4ad9-9084-5492e727bb3d@group-5FD02B82763E: set configuration 250: [0427aa14-60a6-4ad9-9084-5492e727bb3d|rpc:10.9.0.13:9856|admin:10.9.0.13:9857|client:10.9.0.13:9858|dataStream:|priority:1], old=null
scm_1  | 2022-03-12 01:09:50,709 [pool-14-thread-1] INFO server.RaftServer$Division: cb1478b1-3087-4d0f-abdf-3bc6ed121f54: new RaftServerImpl for group-46F1154A3114:[] with SCMStateMachine:uninitialized
scm_1  | 2022-03-12 01:09:50,716 [pool-14-thread-1] INFO server.RaftServerConfigKeys: raft.server.rpc.timeout.min = 5000ms (custom)
scm_1  | 2022-03-12 01:09:50,728 [pool-14-thread-1] INFO server.RaftServerConfigKeys: raft.server.rpc.timeout.max = 5200ms (custom)
scm_1  | 2022-03-12 01:09:50,734 [pool-14-thread-1] INFO server.RaftServerConfigKeys: raft.server.rpc.sleep.time = 25ms (default)
om1_1  | 2022-03-12 01:09:56,435 [main] INFO retry.RetryInvocationHandler: com.google.protobuf.ServiceException: org.apache.hadoop.ipc.RemoteException(org.apache.hadoop.hdds.ratis.ServerNotLeaderException): Server:cb1478b1-3087-4d0f-abdf-3bc6ed121f54 is not the leader. Could not determine the leader node.
om1_1  | 	at org.apache.hadoop.hdds.ratis.ServerNotLeaderException.convertToNotLeaderException(ServerNotLeaderException.java:109)
om1_1  | 	at org.apache.hadoop.hdds.scm.ha.RatisUtil.checkRatisException(RatisUtil.java:246)
om1_1  | 	at org.apache.hadoop.hdds.scm.protocol.ScmBlockLocationProtocolServerSideTranslatorPB.send(ScmBlockLocationProtocolServerSideTranslatorPB.java:108)
om1_1  | 	at org.apache.hadoop.hdds.protocol.proto.ScmBlockLocationProtocolProtos$ScmBlockLocationProtocolService$2.callBlockingMethod(ScmBlockLocationProtocolProtos.java:13937)
om1_1  | 	at org.apache.hadoop.ipc.ProtobufRpcEngine$Server.processCall(ProtobufRpcEngine.java:466)
om1_1  | 	at org.apache.hadoop.ipc.ProtobufRpcEngine2$Server$ProtoBufRpcInvoker.call(ProtobufRpcEngine2.java:574)
om1_1  | 	at org.apache.hadoop.ipc.ProtobufRpcEngine2$Server$ProtoBufRpcInvoker.call(ProtobufRpcEngine2.java:552)
om1_1  | 	at org.apache.hadoop.ipc.RPC$Server.call(RPC.java:1093)
om1_1  | 	at org.apache.hadoop.ipc.Server$RpcCall.run(Server.java:1035)
om1_1  | 	at org.apache.hadoop.ipc.Server$RpcCall.run(Server.java:963)
om1_1  | 	at java.base/java.security.AccessController.doPrivileged(Native Method)
om1_1  | 	at java.base/javax.security.auth.Subject.doAs(Subject.java:423)
om1_1  | 	at org.apache.hadoop.security.UserGroupInformation.doAs(UserGroupInformation.java:1878)
om1_1  | 	at org.apache.hadoop.ipc.Server$Handler.run(Server.java:2966)
om1_1  | , while invoking $Proxy32.send over nodeId=scmNodeId,nodeAddress=scm/10.9.0.17:9863 after 7 failover attempts. Trying to failover after sleeping for 2000ms.
om1_1  | 2022-03-12 01:09:58,444 [main] INFO retry.RetryInvocationHandler: com.google.protobuf.ServiceException: org.apache.hadoop.ipc.RemoteException(org.apache.hadoop.hdds.ratis.ServerNotLeaderException): Server:cb1478b1-3087-4d0f-abdf-3bc6ed121f54 is not the leader. Could not determine the leader node.
om1_1  | 	at org.apache.hadoop.hdds.ratis.ServerNotLeaderException.convertToNotLeaderException(ServerNotLeaderException.java:109)
om1_1  | 	at org.apache.hadoop.hdds.scm.ha.RatisUtil.checkRatisException(RatisUtil.java:246)
om1_1  | 	at org.apache.hadoop.hdds.scm.protocol.ScmBlockLocationProtocolServerSideTranslatorPB.send(ScmBlockLocationProtocolServerSideTranslatorPB.java:108)
om1_1  | 	at org.apache.hadoop.hdds.protocol.proto.ScmBlockLocationProtocolProtos$ScmBlockLocationProtocolService$2.callBlockingMethod(ScmBlockLocationProtocolProtos.java:13937)
om1_1  | 	at org.apache.hadoop.ipc.ProtobufRpcEngine$Server.processCall(ProtobufRpcEngine.java:466)
om1_1  | 	at org.apache.hadoop.ipc.ProtobufRpcEngine2$Server$ProtoBufRpcInvoker.call(ProtobufRpcEngine2.java:574)
om1_1  | 	at org.apache.hadoop.ipc.ProtobufRpcEngine2$Server$ProtoBufRpcInvoker.call(ProtobufRpcEngine2.java:552)
om1_1  | 	at org.apache.hadoop.ipc.RPC$Server.call(RPC.java:1093)
om1_1  | 	at org.apache.hadoop.ipc.Server$RpcCall.run(Server.java:1035)
om1_1  | 	at org.apache.hadoop.ipc.Server$RpcCall.run(Server.java:963)
om1_1  | 	at java.base/java.security.AccessController.doPrivileged(Native Method)
om1_1  | 	at java.base/javax.security.auth.Subject.doAs(Subject.java:423)
om1_1  | 	at org.apache.hadoop.security.UserGroupInformation.doAs(UserGroupInformation.java:1878)
om1_1  | 	at org.apache.hadoop.ipc.Server$Handler.run(Server.java:2966)
om1_1  | , while invoking $Proxy32.send over nodeId=scmNodeId,nodeAddress=scm/10.9.0.17:9863 after 8 failover attempts. Trying to failover after sleeping for 2000ms.
om1_1  | 2022-03-12 01:10:02,741 [main] WARN server.ServerUtils: ozone.om.db.dirs is not configured. We recommend adding this setting. Falling back to ozone.metadata.dirs instead.
om1_1  | 2022-03-12 01:10:03,466 [main] INFO codec.OmKeyInfoCodec: OmKeyInfoCodec ignorePipeline = true
om1_1  | 2022-03-12 01:10:03,475 [main] INFO codec.RepeatedOmKeyInfoCodec: RepeatedOmKeyInfoCodec ignorePipeline = true
om1_1  | 2022-03-12 01:10:03,867 [main] WARN om.OzoneManager: Prepare marker file index 711 does not match DB prepare index 708. Writing DB index to prepare file and maintaining prepared state.
om1_1  | 2022-03-12 01:10:03,872 [main] INFO om.OzoneManagerPrepareState: Prepare marker file written with log index 708 to file /data/metadata/current/prepareMarker
om1_1  | 2022-03-12 01:10:03,978 [main] WARN server.ServerUtils: Storage directory for Ratis is not configured. It is a good idea to map this to an SSD disk. Falling back to ozone.metadata.dirs
om1_1  | 2022-03-12 01:10:03,985 [main] WARN utils.OzoneManagerRatisUtils: ozone.om.ratis.snapshot.dir is not configured. Falling back to ozone.metadata.dirs config
om1_1  | 2022-03-12 01:10:04,014 [main] INFO snapshot.OzoneManagerSnapshotProvider: Initializing OM Snapshot Provider
om1_1  | 2022-03-12 01:10:04,973 [main] INFO metrics.MetricRegistries: Loaded MetricRegistries class org.apache.ratis.metrics.impl.MetricRegistriesImpl
om1_1  | 2022-03-12 01:10:05,235 [main] WARN server.ServerUtils: Storage directory for Ratis is not configured. It is a good idea to map this to an SSD disk. Falling back to ozone.metadata.dirs
om1_1  | 2022-03-12 01:10:05,485 [main] INFO ratis.OzoneManagerRatisServer: Instantiating OM Ratis server with groupID: omservice and peers: om1:9872, om3:9872, om2:9872
om1_1  | 2022-03-12 01:10:05,568 [main] INFO ratis.OzoneManagerStateMachine: LastAppliedIndex is set from TransactionInfo from OM DB as (t:3, i:711)
om1_1  | 2022-03-12 01:10:05,779 [main] INFO server.RaftServer: raft.rpc.type = GRPC (default)
om1_1  | 2022-03-12 01:10:06,244 [main] INFO grpc.GrpcConfigKeys: raft.grpc.admin.port = -1 (default)
om1_1  | 2022-03-12 01:10:06,263 [main] INFO grpc.GrpcConfigKeys: raft.grpc.server.port = 9872 (custom)
om1_1  | 2022-03-12 01:10:06,269 [main] INFO grpc.GrpcConfigKeys: raft.grpc.client.port = -1 (default)
om1_1  | 2022-03-12 01:10:06,273 [main] INFO grpc.GrpcConfigKeys: raft.grpc.server.port = 9872 (custom)
om1_1  | 2022-03-12 01:10:06,276 [main] INFO grpc.GrpcConfigKeys: raft.grpc.server.port = 9872 (custom)
om1_1  | 2022-03-12 01:10:06,280 [main] INFO server.GrpcService: raft.grpc.message.size.max = 33554432 (custom)
om1_1  | 2022-03-12 01:10:06,301 [main] INFO server.RaftServerConfigKeys: raft.server.log.appender.buffer.byte-limit = 33554432 (custom)
om1_1  | 2022-03-12 01:10:06,309 [main] INFO server.GrpcService: raft.grpc.flow.control.window = 1MB (=1048576) (default)
om1_1  | 2022-03-12 01:10:06,323 [main] INFO server.RaftServerConfigKeys: raft.server.rpc.request.timeout = 3000ms (default)
om1_1  | 2022-03-12 01:10:07,973 [main] INFO impl.DataStreamServerImpl: raft.datastream.type = DISABLED (default)
om1_1  | 2022-03-12 01:10:07,982 [main] INFO server.RaftServerConfigKeys: raft.server.rpc.slowness.timeout = 120s (custom)
om1_1  | 2022-03-12 01:10:07,987 [main] INFO server.RaftServerConfigKeys: raft.server.leaderelection.leader.step-down.wait-time = 10s (default)
om1_1  | 2022-03-12 01:10:08,062 [main] INFO server.RaftServerConfigKeys: raft.server.storage.dir = [/data/metadata/ratis] (custom)
om1_1  | 2022-03-12 01:10:08,076 [main] INFO server.RaftServer: om1: found a subdirectory /data/metadata/ratis/5cb24680-b9e7-3c90-a862-d66704efc61c
om1_1  | 2022-03-12 01:10:08,124 [main] INFO server.RaftServer: om1: addNew group-D66704EFC61C:[om1|rpc:om1:9872|priority:0, om3|rpc:om3:9872|priority:0, om2|rpc:om2:9872|priority:0] returns group-D66704EFC61C:java.util.concurrent.CompletableFuture@1e8fb66f[Not completed]
om1_1  | 2022-03-12 01:10:08,125 [main] INFO om.OzoneManager: OzoneManager Ratis server initialized at port 9872
om1_1  | 2022-03-12 01:10:08,235 [pool-23-thread-1] INFO server.RaftServer$Division: om1: new RaftServerImpl for group-D66704EFC61C:[om1|rpc:om1:9872|priority:0, om3|rpc:om3:9872|priority:0, om2|rpc:om2:9872|priority:0] with OzoneManagerStateMachine:uninitialized
om1_1  | 2022-03-12 01:10:08,252 [pool-23-thread-1] INFO server.RaftServerConfigKeys: raft.server.rpc.timeout.min = 5s (custom)
om1_1  | 2022-03-12 01:10:08,261 [pool-23-thread-1] INFO server.RaftServerConfigKeys: raft.server.rpc.timeout.max = 5200ms (custom)
om1_1  | 2022-03-12 01:10:08,266 [pool-23-thread-1] INFO server.RaftServerConfigKeys: raft.server.rpc.sleep.time = 25ms (default)
om1_1  | 2022-03-12 01:10:08,267 [pool-23-thread-1] INFO server.RaftServerConfigKeys: raft.server.rpc.slowness.timeout = 120s (custom)
om1_1  | 2022-03-12 01:10:08,271 [pool-23-thread-1] INFO server.RaftServerConfigKeys: raft.server.leaderelection.leader.step-down.wait-time = 10s (default)
om1_1  | 2022-03-12 01:10:08,275 [pool-23-thread-1] INFO server.RaftServerConfigKeys: raft.server.sleep.deviation.threshold = 300ms (default)
om1_1  | 2022-03-12 01:10:08,275 [pool-23-thread-1] INFO server.RaftServerConfigKeys: raft.server.log.appender.install.snapshot.enabled = false (custom)
om1_1  | 2022-03-12 01:10:08,303 [pool-23-thread-1] INFO server.RaftServer$Division: om1@group-D66704EFC61C: ConfigurationManager, init=-1: [om1|rpc:om1:9872|priority:0, om3|rpc:om3:9872|priority:0, om2|rpc:om2:9872|priority:0], old=null, confs=<EMPTY_MAP>
om1_1  | 2022-03-12 01:10:08,307 [pool-23-thread-1] INFO server.RaftServerConfigKeys: raft.server.storage.dir = [/data/metadata/ratis] (custom)
dn2_1  | 2022-03-12 01:09:50,340 [pool-30-thread-1] INFO server.RaftServerConfigKeys: raft.server.notification.no-leader.timeout = 300s (custom)
dn2_1  | 2022-03-12 01:09:50,348 [pool-30-thread-1] INFO server.RaftServerConfigKeys: raft.server.log.use.memory = false (default)
dn2_1  | 2022-03-12 01:09:50,353 [pool-30-thread-1] INFO server.RaftServerConfigKeys: raft.server.log.purge.gap = 1000000 (custom)
dn2_1  | 2022-03-12 01:09:50,356 [pool-30-thread-1] INFO server.RaftServerConfigKeys: raft.server.log.appender.buffer.byte-limit = 33554432 (custom)
dn2_1  | 2022-03-12 01:09:50,357 [pool-30-thread-1] INFO server.RaftServerConfigKeys: raft.server.log.segment.size.max = 1048576 (custom)
dn2_1  | 2022-03-12 01:09:50,358 [pool-30-thread-1] INFO server.RaftServerConfigKeys: raft.server.log.segment.cache.num.max = 2 (custom)
dn1_1  | 2022-03-12 01:09:50,695 [pool-30-thread-1] INFO server.RaftServerConfigKeys: raft.server.log.statemachine.data.sync.timeout.retry = -1 (default)
dn1_1  | 2022-03-12 01:09:50,695 [pool-30-thread-1] INFO server.RaftServerConfigKeys: raft.server.log.write.buffer.size = 1048576 (custom)
dn1_1  | 2022-03-12 01:09:50,697 [pool-30-thread-1] INFO server.RaftServerConfigKeys: raft.server.log.statemachine.data.caching.enabled = true (custom)
dn1_1  | 2022-03-12 01:09:50,698 [pool-30-thread-1] INFO server.RaftServer$Division: 3cebde26-3386-4786-95c4-6a18f197146f@group-0759E9FBE7E0: set configuration 0: [3cebde26-3386-4786-95c4-6a18f197146f|rpc:10.9.0.11:9856|admin:10.9.0.11:9857|client:10.9.0.11:9858|dataStream:|priority:1, 0427aa14-60a6-4ad9-9084-5492e727bb3d|rpc:10.9.0.13:9856|admin:10.9.0.13:9857|client:10.9.0.13:9858|dataStream:|priority:0, e9b1c890-758c-4f60-a4c2-d8466b88eb6a|rpc:10.9.0.12:9856|admin:10.9.0.12:9857|client:10.9.0.12:9858|dataStream:|priority:0], old=null
dn1_1  | 2022-03-12 01:09:50,699 [pool-30-thread-1] INFO segmented.LogSegment: Successfully read 1 entries from segment file /data/metadata/ratis/4aadf85d-81f0-4272-8310-0759e9fbe7e0/current/log_0-0
dn1_1  | 2022-03-12 01:09:50,712 [Datanode State Machine Daemon Thread] INFO statemachine.DatanodeStateMachine: Ozone container server started.
dn1_1  | 2022-03-12 01:09:50,759 [pool-30-thread-1] INFO server.RaftServer$Division: 3cebde26-3386-4786-95c4-6a18f197146f@group-0759E9FBE7E0: set configuration 1: [3cebde26-3386-4786-95c4-6a18f197146f|rpc:10.9.0.11:9856|admin:10.9.0.11:9857|client:10.9.0.11:9858|dataStream:|priority:1, 0427aa14-60a6-4ad9-9084-5492e727bb3d|rpc:10.9.0.13:9856|admin:10.9.0.13:9857|client:10.9.0.13:9858|dataStream:|priority:0, e9b1c890-758c-4f60-a4c2-d8466b88eb6a|rpc:10.9.0.12:9856|admin:10.9.0.12:9857|client:10.9.0.12:9858|dataStream:|priority:0], old=null
dn1_1  | 2022-03-12 01:09:50,761 [pool-30-thread-1] INFO segmented.LogSegment: Successfully read 2 entries from segment file /data/metadata/ratis/4aadf85d-81f0-4272-8310-0759e9fbe7e0/current/log_inprogress_1
dn1_1  | 2022-03-12 01:09:50,761 [pool-30-thread-1] INFO segmented.SegmentedRaftLogWorker: 3cebde26-3386-4786-95c4-6a18f197146f@group-0759E9FBE7E0-SegmentedRaftLogWorker: flushIndex: setUnconditionally 0 -> 2
dn1_1  | 2022-03-12 01:09:50,763 [pool-30-thread-1] INFO segmented.SegmentedRaftLogWorker: 3cebde26-3386-4786-95c4-6a18f197146f@group-0759E9FBE7E0-SegmentedRaftLogWorker: safeCacheEvictIndex: setUnconditionally 0 -> 0
dn1_1  | 2022-03-12 01:09:50,775 [pool-30-thread-1] INFO raftlog.RaftLog: 3cebde26-3386-4786-95c4-6a18f197146f@group-0759E9FBE7E0-SegmentedRaftLog: commitIndex: updateToMax old=2, new=1, updated? false
dn1_1  | 2022-03-12 01:09:50,776 [pool-30-thread-1] INFO server.RaftServerConfigKeys: raft.server.snapshot.auto.trigger.enabled = true (custom)
dn1_1  | 2022-03-12 01:09:50,778 [pool-30-thread-1] INFO server.RaftServerConfigKeys: raft.server.snapshot.auto.trigger.threshold = 10000 (custom)
dn1_1  | 2022-03-12 01:09:50,778 [pool-30-thread-1] INFO server.RaftServerConfigKeys: raft.server.snapshot.retention.file.num = 5 (custom)
dn1_1  | 2022-03-12 01:09:50,778 [pool-30-thread-1] INFO server.RaftServerConfigKeys: raft.server.log.purge.upto.snapshot.index = false (default)
dn1_1  | 2022-03-12 01:09:50,780 [pool-30-thread-1] INFO server.RaftServerConfigKeys: raft.server.retrycache.expirytime = 600000ms (custom)
dn1_1  | 2022-03-12 01:09:50,780 [pool-30-thread-1] INFO server.RaftServerConfigKeys: raft.server.retrycache.statistics.expirytime = 100?s (default)
dn1_1  | 2022-03-12 01:09:50,810 [org.apache.hadoop.util.JvmPauseMonitor$Monitor@28276763] INFO util.JvmPauseMonitor: Starting JVM pause monitor
dn1_1  | 2022-03-12 01:09:53,968 [EndpointStateMachine task thread for scm/10.9.0.17:9861 - 0 ] INFO ipc.Client: Retrying connect to server: scm/10.9.0.17:9861. Already tried 0 time(s); retry policy is RetryUpToMaximumCountWithFixedSleep(maxRetries=15, sleepTime=1000 MILLISECONDS)
dn1_1  | 2022-03-12 01:09:58,794 [EndpointStateMachine task thread for scm/10.9.0.17:9861 - 0 ] INFO ozoneimpl.OzoneContainer: Attempting to start container services.
dn1_1  | 2022-03-12 01:09:58,800 [EndpointStateMachine task thread for scm/10.9.0.17:9861 - 0 ] INFO ozoneimpl.OzoneContainer: Background container scanner has been disabled.
dn1_1  | 2022-03-12 01:09:59,033 [EndpointStateMachine task thread for scm/10.9.0.17:9861 - 0 ] INFO ratis.XceiverServerRatis: Starting XceiverServerRatis 3cebde26-3386-4786-95c4-6a18f197146f
dn1_1  | 2022-03-12 01:09:59,042 [EndpointStateMachine task thread for scm/10.9.0.17:9861 - 0 ] INFO server.RaftServer$Division: 3cebde26-3386-4786-95c4-6a18f197146f@group-0759E9FBE7E0: start as a follower, conf=1: [3cebde26-3386-4786-95c4-6a18f197146f|rpc:10.9.0.11:9856|admin:10.9.0.11:9857|client:10.9.0.11:9858|dataStream:|priority:1, 0427aa14-60a6-4ad9-9084-5492e727bb3d|rpc:10.9.0.13:9856|admin:10.9.0.13:9857|client:10.9.0.13:9858|dataStream:|priority:0, e9b1c890-758c-4f60-a4c2-d8466b88eb6a|rpc:10.9.0.12:9856|admin:10.9.0.12:9857|client:10.9.0.12:9858|dataStream:|priority:0], old=null
dn1_1  | 2022-03-12 01:09:59,042 [ForkJoinPool.commonPool-worker-3] INFO server.RaftServer$Division: 3cebde26-3386-4786-95c4-6a18f197146f@group-CCE55F6510C9: start as a follower, conf=257: [3cebde26-3386-4786-95c4-6a18f197146f|rpc:10.9.0.11:9856|admin:10.9.0.11:9857|client:10.9.0.11:9858|dataStream:|priority:1], old=null
dn1_1  | 2022-03-12 01:09:59,051 [EndpointStateMachine task thread for scm/10.9.0.17:9861 - 0 ] INFO server.RaftServer$Division: 3cebde26-3386-4786-95c4-6a18f197146f@group-0759E9FBE7E0: changes role from      null to FOLLOWER at term 4 for startAsFollower
dn1_1  | 2022-03-12 01:09:59,051 [ForkJoinPool.commonPool-worker-3] INFO server.RaftServer$Division: 3cebde26-3386-4786-95c4-6a18f197146f@group-CCE55F6510C9: changes role from      null to FOLLOWER at term 2 for startAsFollower
dn1_1  | 2022-03-12 01:09:59,061 [EndpointStateMachine task thread for scm/10.9.0.17:9861 - 0 ] INFO impl.RoleInfo: 3cebde26-3386-4786-95c4-6a18f197146f: start 3cebde26-3386-4786-95c4-6a18f197146f@group-0759E9FBE7E0-FollowerState
dn1_1  | 2022-03-12 01:09:59,063 [ForkJoinPool.commonPool-worker-3] INFO impl.RoleInfo: 3cebde26-3386-4786-95c4-6a18f197146f: start 3cebde26-3386-4786-95c4-6a18f197146f@group-CCE55F6510C9-FollowerState
dn1_1  | 2022-03-12 01:09:59,095 [ForkJoinPool.commonPool-worker-3] INFO util.JmxRegister: Successfully registered JMX Bean with object name Ratis:service=RaftServer,group=group-CCE55F6510C9,id=3cebde26-3386-4786-95c4-6a18f197146f
dn1_1  | 2022-03-12 01:09:59,096 [EndpointStateMachine task thread for scm/10.9.0.17:9861 - 0 ] INFO util.JmxRegister: Successfully registered JMX Bean with object name Ratis:service=RaftServer,group=group-0759E9FBE7E0,id=3cebde26-3386-4786-95c4-6a18f197146f
dn1_1  | 2022-03-12 01:09:59,108 [EndpointStateMachine task thread for scm/10.9.0.17:9861 - 0 ] INFO server.RaftServer$Division: 3cebde26-3386-4786-95c4-6a18f197146f@group-ADBFA4C37BC3: start as a follower, conf=0: [3cebde26-3386-4786-95c4-6a18f197146f|rpc:10.9.0.11:9856|admin:10.9.0.11:9857|client:10.9.0.11:9858|dataStream:|priority:0, 0427aa14-60a6-4ad9-9084-5492e727bb3d|rpc:10.9.0.13:9856|admin:10.9.0.13:9857|client:10.9.0.13:9858|dataStream:|priority:1, e9b1c890-758c-4f60-a4c2-d8466b88eb6a|rpc:10.9.0.12:9856|admin:10.9.0.12:9857|client:10.9.0.12:9858|dataStream:|priority:0], old=null
dn1_1  | 2022-03-12 01:09:59,108 [EndpointStateMachine task thread for scm/10.9.0.17:9861 - 0 ] INFO server.RaftServer$Division: 3cebde26-3386-4786-95c4-6a18f197146f@group-ADBFA4C37BC3: changes role from      null to FOLLOWER at term 9 for startAsFollower
dn1_1  | 2022-03-12 01:09:59,109 [EndpointStateMachine task thread for scm/10.9.0.17:9861 - 0 ] INFO impl.RoleInfo: 3cebde26-3386-4786-95c4-6a18f197146f: start 3cebde26-3386-4786-95c4-6a18f197146f@group-ADBFA4C37BC3-FollowerState
dn1_1  | 2022-03-12 01:09:59,109 [EndpointStateMachine task thread for scm/10.9.0.17:9861 - 0 ] INFO util.JmxRegister: Successfully registered JMX Bean with object name Ratis:service=RaftServer,group=group-ADBFA4C37BC3,id=3cebde26-3386-4786-95c4-6a18f197146f
dn1_1  | 2022-03-12 01:09:59,157 [EndpointStateMachine task thread for scm/10.9.0.17:9861 - 0 ] INFO server.RaftServer: 3cebde26-3386-4786-95c4-6a18f197146f: start RPC server
dn1_1  | 2022-03-12 01:09:59,177 [EndpointStateMachine task thread for scm/10.9.0.17:9861 - 0 ] INFO server.GrpcService: 3cebde26-3386-4786-95c4-6a18f197146f: GrpcService started, listening on 9856
dn1_1  | 2022-03-12 01:09:59,178 [EndpointStateMachine task thread for scm/10.9.0.17:9861 - 0 ] INFO server.GrpcService: 3cebde26-3386-4786-95c4-6a18f197146f: GrpcService started, listening on 9857
dn1_1  | 2022-03-12 01:09:59,189 [EndpointStateMachine task thread for scm/10.9.0.17:9861 - 0 ] INFO server.GrpcService: 3cebde26-3386-4786-95c4-6a18f197146f: GrpcService started, listening on 9858
dn1_1  | 2022-03-12 01:09:59,213 [org.apache.ratis.util.JvmPauseMonitor$$Lambda$456/0x0000000840550c40@3d97e861] INFO util.JvmPauseMonitor: JvmPauseMonitor-3cebde26-3386-4786-95c4-6a18f197146f: Started
dn1_1  | 2022-03-12 01:09:59,224 [EndpointStateMachine task thread for scm/10.9.0.17:9861 - 0 ] INFO ratis.XceiverServerRatis: XceiverServerRatis 3cebde26-3386-4786-95c4-6a18f197146f is started using port 9858 for RATIS
dn1_1  | 2022-03-12 01:09:59,226 [EndpointStateMachine task thread for scm/10.9.0.17:9861 - 0 ] INFO ratis.XceiverServerRatis: XceiverServerRatis 3cebde26-3386-4786-95c4-6a18f197146f is started using port 9857 for RATIS_ADMIN
dn1_1  | 2022-03-12 01:09:59,226 [EndpointStateMachine task thread for scm/10.9.0.17:9861 - 0 ] INFO ratis.XceiverServerRatis: XceiverServerRatis 3cebde26-3386-4786-95c4-6a18f197146f is started using port 9856 for RATIS_SERVER
dn1_1  | 2022-03-12 01:10:04,173 [3cebde26-3386-4786-95c4-6a18f197146f@group-CCE55F6510C9-FollowerState] INFO impl.FollowerState: 3cebde26-3386-4786-95c4-6a18f197146f@group-CCE55F6510C9-FollowerState: change to CANDIDATE, lastRpcElapsedTime:5110121117ns, electionTimeout:5107ms
dn1_1  | 2022-03-12 01:10:04,186 [3cebde26-3386-4786-95c4-6a18f197146f@group-CCE55F6510C9-FollowerState] INFO impl.RoleInfo: 3cebde26-3386-4786-95c4-6a18f197146f: shutdown 3cebde26-3386-4786-95c4-6a18f197146f@group-CCE55F6510C9-FollowerState
dn1_1  | 2022-03-12 01:10:04,186 [3cebde26-3386-4786-95c4-6a18f197146f@group-CCE55F6510C9-FollowerState] INFO server.RaftServer$Division: 3cebde26-3386-4786-95c4-6a18f197146f@group-CCE55F6510C9: changes role from  FOLLOWER to CANDIDATE at term 2 for changeToCandidate
dn1_1  | 2022-03-12 01:10:04,193 [3cebde26-3386-4786-95c4-6a18f197146f@group-CCE55F6510C9-FollowerState] INFO server.RaftServerConfigKeys: raft.server.leaderelection.pre-vote = false (custom)
dn1_1  | 2022-03-12 01:10:04,194 [3cebde26-3386-4786-95c4-6a18f197146f@group-CCE55F6510C9-FollowerState] INFO impl.RoleInfo: 3cebde26-3386-4786-95c4-6a18f197146f: start 3cebde26-3386-4786-95c4-6a18f197146f@group-CCE55F6510C9-LeaderElection1
om3_1  | 	at org.apache.hadoop.hdds.scm.protocol.ScmBlockLocationProtocolServerSideTranslatorPB.send(ScmBlockLocationProtocolServerSideTranslatorPB.java:108)
scm_1  | 2022-03-12 01:09:50,734 [pool-14-thread-1] INFO server.RaftServerConfigKeys: raft.server.rpc.slowness.timeout = 120000ms (custom)
dn2_1  | 2022-03-12 01:09:50,370 [pool-30-thread-1] INFO server.RaftServerConfigKeys: raft.server.log.segment.cache.size.max = 200MB (=209715200) (default)
om1_1  | 2022-03-12 01:10:08,314 [pool-23-thread-1] INFO server.RaftServerConfigKeys: raft.server.log.corruption.policy = EXCEPTION (default)
om2_1  | 	at org.apache.hadoop.hdds.scm.ha.RatisUtil.checkRatisException(RatisUtil.java:246)
dn3_1  | 2022-03-12 01:09:48,878 [pool-30-thread-1] INFO segmented.LogSegment: Successfully read 2 entries from segment file /data/metadata/ratis/acc5d730-e4dd-43cd-a957-5fd02b82763e/current/log_inprogress_250
dn1_1  | 2022-03-12 01:10:04,196 [3cebde26-3386-4786-95c4-6a18f197146f@group-ADBFA4C37BC3-FollowerState] INFO impl.FollowerState: 3cebde26-3386-4786-95c4-6a18f197146f@group-ADBFA4C37BC3-FollowerState: change to CANDIDATE, lastRpcElapsedTime:5087412214ns, electionTimeout:5086ms
om3_1  | 	at org.apache.hadoop.hdds.protocol.proto.ScmBlockLocationProtocolProtos$ScmBlockLocationProtocolService$2.callBlockingMethod(ScmBlockLocationProtocolProtos.java:13937)
scm_1  | 2022-03-12 01:09:50,735 [pool-14-thread-1] INFO server.RaftServerConfigKeys: raft.server.leaderelection.leader.step-down.wait-time = 10s (default)
dn2_1  | 2022-03-12 01:09:50,372 [pool-30-thread-1] INFO segmented.SegmentedRaftLogWorker: new e9b1c890-758c-4f60-a4c2-d8466b88eb6a@group-0759E9FBE7E0-SegmentedRaftLogWorker for RaftStorageImpl:Storage Directory /data/metadata/ratis/4aadf85d-81f0-4272-8310-0759e9fbe7e0
om1_1  | 2022-03-12 01:10:08,318 [pool-23-thread-1] INFO server.RaftServerConfigKeys: raft.server.storage.free-space.min = 0MB (=0) (default)
om2_1  | 	at org.apache.hadoop.hdds.scm.protocol.ScmBlockLocationProtocolServerSideTranslatorPB.send(ScmBlockLocationProtocolServerSideTranslatorPB.java:108)
dn3_1  | 2022-03-12 01:09:48,890 [pool-30-thread-1] INFO segmented.SegmentedRaftLogWorker: 0427aa14-60a6-4ad9-9084-5492e727bb3d@group-5FD02B82763E-SegmentedRaftLogWorker: flushIndex: setUnconditionally 0 -> 251
dn1_1  | 2022-03-12 01:10:04,210 [3cebde26-3386-4786-95c4-6a18f197146f@group-ADBFA4C37BC3-FollowerState] INFO impl.RoleInfo: 3cebde26-3386-4786-95c4-6a18f197146f: shutdown 3cebde26-3386-4786-95c4-6a18f197146f@group-ADBFA4C37BC3-FollowerState
om3_1  | 	at org.apache.hadoop.ipc.ProtobufRpcEngine$Server.processCall(ProtobufRpcEngine.java:466)
scm_1  | 2022-03-12 01:09:50,736 [pool-14-thread-1] INFO server.RaftServerConfigKeys: raft.server.sleep.deviation.threshold = 300ms (default)
dn2_1  | 2022-03-12 01:09:50,372 [pool-30-thread-1] INFO server.RaftServerConfigKeys: raft.server.log.queue.byte-limit = 4294967296 (custom)
om1_1  | 2022-03-12 01:10:08,349 [main] INFO ipc.CallQueueManager: Using callQueue: class java.util.concurrent.LinkedBlockingQueue, queueCapacity: 10000, scheduler: class org.apache.hadoop.ipc.DefaultRpcScheduler, ipcBackoff: false.
om2_1  | 	at org.apache.hadoop.hdds.protocol.proto.ScmBlockLocationProtocolProtos$ScmBlockLocationProtocolService$2.callBlockingMethod(ScmBlockLocationProtocolProtos.java:13937)
dn3_1  | 2022-03-12 01:09:48,893 [pool-30-thread-1] INFO segmented.SegmentedRaftLogWorker: 0427aa14-60a6-4ad9-9084-5492e727bb3d@group-5FD02B82763E-SegmentedRaftLogWorker: safeCacheEvictIndex: setUnconditionally 0 -> 249
dn1_1  | 2022-03-12 01:10:04,210 [3cebde26-3386-4786-95c4-6a18f197146f@group-ADBFA4C37BC3-FollowerState] INFO server.RaftServer$Division: 3cebde26-3386-4786-95c4-6a18f197146f@group-ADBFA4C37BC3: changes role from  FOLLOWER to CANDIDATE at term 9 for changeToCandidate
om3_1  | 	at org.apache.hadoop.ipc.ProtobufRpcEngine2$Server$ProtoBufRpcInvoker.call(ProtobufRpcEngine2.java:574)
scm_1  | 2022-03-12 01:09:50,736 [pool-14-thread-1] INFO server.RaftServerConfigKeys: raft.server.log.appender.install.snapshot.enabled = false (custom)
dn2_1  | 2022-03-12 01:09:50,373 [pool-30-thread-1] INFO server.RaftServerConfigKeys: raft.server.log.queue.element-limit = 1024 (custom)
om1_1  | 2022-03-12 01:10:08,413 [Socket Reader #1 for port 9862] INFO ipc.Server: Starting Socket Reader #1 for port 9862
om2_1  | 	at org.apache.hadoop.ipc.ProtobufRpcEngine$Server.processCall(ProtobufRpcEngine.java:466)
dn3_1  | 2022-03-12 01:09:48,937 [main] INFO server.session: DefaultSessionIdManager workerName=node0
dn1_1  | 2022-03-12 01:10:04,211 [3cebde26-3386-4786-95c4-6a18f197146f@group-ADBFA4C37BC3-FollowerState] INFO server.RaftServerConfigKeys: raft.server.leaderelection.pre-vote = false (custom)
dn1_1  | 2022-03-12 01:10:04,213 [3cebde26-3386-4786-95c4-6a18f197146f@group-ADBFA4C37BC3-FollowerState] INFO impl.RoleInfo: 3cebde26-3386-4786-95c4-6a18f197146f: start 3cebde26-3386-4786-95c4-6a18f197146f@group-ADBFA4C37BC3-LeaderElection2
scm_1  | 2022-03-12 01:09:50,766 [pool-14-thread-1] INFO server.RaftServer$Division: cb1478b1-3087-4d0f-abdf-3bc6ed121f54@group-46F1154A3114: ConfigurationManager, init=-1: [], old=null, confs=<EMPTY_MAP>
dn2_1  | 2022-03-12 01:09:50,373 [pool-30-thread-1] INFO server.RaftServerConfigKeys: raft.server.log.segment.size.max = 1048576 (custom)
om1_1  | 2022-03-12 01:10:08,414 [pool-23-thread-1] INFO storage.RaftStorageDirectory: Lock on /data/metadata/ratis/5cb24680-b9e7-3c90-a862-d66704efc61c/in_use.lock acquired by nodename 7@89761c928311
om1_1  | 2022-03-12 01:10:08,472 [pool-23-thread-1] INFO storage.RaftStorage: Read RaftStorageMetadata{term=3, votedFor=om1} from /data/metadata/ratis/5cb24680-b9e7-3c90-a862-d66704efc61c/current/raft-meta
dn3_1  | 2022-03-12 01:09:48,937 [main] INFO server.session: No SessionScavenger set, using defaults
dn1_1  | 2022-03-12 01:10:04,247 [3cebde26-3386-4786-95c4-6a18f197146f@group-0759E9FBE7E0-FollowerState] INFO impl.FollowerState: 3cebde26-3386-4786-95c4-6a18f197146f@group-0759E9FBE7E0-FollowerState: change to CANDIDATE, lastRpcElapsedTime:5185602056ns, electionTimeout:5178ms
om3_1  | 	at org.apache.hadoop.ipc.ProtobufRpcEngine2$Server$ProtoBufRpcInvoker.call(ProtobufRpcEngine2.java:552)
scm_1  | 2022-03-12 01:09:50,766 [pool-14-thread-1] INFO server.RaftServerConfigKeys: raft.server.storage.dir = [/data/metadata/scm-ha] (custom)
dn2_1  | 2022-03-12 01:09:50,373 [pool-30-thread-1] INFO server.RaftServerConfigKeys: raft.server.log.preallocated.size = 16384 (custom)
om1_1  | 2022-03-12 01:10:08,692 [Listener at om1/9862] INFO om.OzoneManagerPrepareState: Deleted prepare marker file: /data/metadata/current/prepareMarker
om2_1  | 	at org.apache.hadoop.ipc.ProtobufRpcEngine2$Server$ProtoBufRpcInvoker.call(ProtobufRpcEngine2.java:574)
dn3_1  | 2022-03-12 01:09:48,950 [main] INFO server.session: node0 Scavenging every 600000ms
om3_1  | 	at org.apache.hadoop.ipc.RPC$Server.call(RPC.java:1093)
scm_1  | 2022-03-12 01:09:50,782 [pool-14-thread-1] INFO server.RaftServerConfigKeys: raft.server.log.corruption.policy = EXCEPTION (default)
dn2_1  | 2022-03-12 01:09:50,373 [pool-30-thread-1] INFO server.RaftServerConfigKeys: raft.server.log.force.sync.num = 128 (default)
om1_1  | 2022-03-12 01:10:08,715 [pool-23-thread-1] INFO server.RaftServer$Division: om1@group-D66704EFC61C: set configuration 710: [om1|rpc:om1:9872|admin:|client:|dataStream:|priority:0, om3|rpc:om3:9872|admin:|client:|dataStream:|priority:0, om2|rpc:om2:9872|admin:|client:|dataStream:|priority:0], old=null
dn1_1  | 2022-03-12 01:10:04,247 [3cebde26-3386-4786-95c4-6a18f197146f@group-0759E9FBE7E0-FollowerState] INFO impl.RoleInfo: 3cebde26-3386-4786-95c4-6a18f197146f: shutdown 3cebde26-3386-4786-95c4-6a18f197146f@group-0759E9FBE7E0-FollowerState
dn3_1  | 2022-03-12 01:09:48,999 [main] INFO handler.ContextHandler: Started o.e.j.s.ServletContextHandler@6dca31eb{logs,/logs,file:///var/log/hadoop/,AVAILABLE}
om3_1  | 	at org.apache.hadoop.ipc.Server$RpcCall.run(Server.java:1035)
om3_1  | 	at org.apache.hadoop.ipc.Server$RpcCall.run(Server.java:963)
scm_1  | 2022-03-12 01:09:50,787 [pool-14-thread-1] INFO server.RaftServerConfigKeys: raft.server.storage.free-space.min = 0MB (=0) (default)
dn2_1  | 2022-03-12 01:09:50,373 [pool-30-thread-1] INFO server.RaftServerConfigKeys: raft.server.log.statemachine.data.sync = true (default)
om1_1  | 2022-03-12 01:10:08,720 [pool-23-thread-1] INFO server.RaftServerConfigKeys: raft.server.notification.no-leader.timeout = 120s (custom)
dn1_1  | 2022-03-12 01:10:04,247 [3cebde26-3386-4786-95c4-6a18f197146f@group-0759E9FBE7E0-FollowerState] INFO server.RaftServer$Division: 3cebde26-3386-4786-95c4-6a18f197146f@group-0759E9FBE7E0: changes role from  FOLLOWER to CANDIDATE at term 4 for changeToCandidate
om3_1  | 	at java.base/java.security.AccessController.doPrivileged(Native Method)
om2_1  | 	at org.apache.hadoop.ipc.ProtobufRpcEngine2$Server$ProtoBufRpcInvoker.call(ProtobufRpcEngine2.java:552)
dn3_1  | 2022-03-12 01:09:49,016 [main] INFO handler.ContextHandler: Started o.e.j.s.ServletContextHandler@aa61e4e{static,/static,jar:file:/opt/hadoop/share/ozone/lib/hdds-container-service-1.3.0-SNAPSHOT.jar!/webapps/static,AVAILABLE}
scm_1  | 2022-03-12 01:09:50,848 [pool-14-thread-1] INFO storage.RaftStorageDirectory: Lock on /data/metadata/scm-ha/5f6802d0-693a-4078-b24e-46f1154a3114/in_use.lock acquired by nodename 7@60c0c0f5e4b2
dn2_1  | 2022-03-12 01:09:50,376 [pool-30-thread-1] INFO server.RaftServerConfigKeys: raft.server.log.statemachine.data.sync.timeout = 10s (default)
om1_1  | 2022-03-12 01:10:08,736 [pool-23-thread-1] INFO server.RaftServerConfigKeys: raft.server.log.use.memory = false (default)
dn1_1  | 2022-03-12 01:10:04,248 [3cebde26-3386-4786-95c4-6a18f197146f@group-0759E9FBE7E0-FollowerState] INFO server.RaftServerConfigKeys: raft.server.leaderelection.pre-vote = false (custom)
om3_1  | 	at java.base/javax.security.auth.Subject.doAs(Subject.java:423)
om3_1  | 	at org.apache.hadoop.security.UserGroupInformation.doAs(UserGroupInformation.java:1878)
dn3_1  | 2022-03-12 01:09:49,420 [pool-30-thread-1] INFO raftlog.RaftLog: 0427aa14-60a6-4ad9-9084-5492e727bb3d@group-5FD02B82763E-SegmentedRaftLog: commitIndex: updateToMax old=251, new=250, updated? false
scm_1  | 2022-03-12 01:09:50,877 [pool-14-thread-1] INFO storage.RaftStorage: Read RaftStorageMetadata{term=3, votedFor=cb1478b1-3087-4d0f-abdf-3bc6ed121f54} from /data/metadata/scm-ha/5f6802d0-693a-4078-b24e-46f1154a3114/current/raft-meta
dn2_1  | 2022-03-12 01:09:50,376 [pool-30-thread-1] INFO server.RaftServerConfigKeys: raft.server.log.statemachine.data.sync.timeout.retry = -1 (default)
om1_1  | 2022-03-12 01:10:08,779 [pool-23-thread-1] INFO server.RaftServerConfigKeys: raft.server.log.purge.gap = 1000000 (custom)
dn1_1  | 2022-03-12 01:10:04,248 [3cebde26-3386-4786-95c4-6a18f197146f@group-0759E9FBE7E0-FollowerState] INFO impl.RoleInfo: 3cebde26-3386-4786-95c4-6a18f197146f: start 3cebde26-3386-4786-95c4-6a18f197146f@group-0759E9FBE7E0-LeaderElection3
om3_1  | 	at org.apache.hadoop.ipc.Server$Handler.run(Server.java:2966)
om2_1  | 	at org.apache.hadoop.ipc.RPC$Server.call(RPC.java:1093)
dn3_1  | 2022-03-12 01:09:49,428 [pool-30-thread-1] INFO server.RaftServerConfigKeys: raft.server.snapshot.auto.trigger.enabled = true (custom)
scm_1  | 2022-03-12 01:09:51,033 [pool-14-thread-1] INFO server.RaftServer$Division: cb1478b1-3087-4d0f-abdf-3bc6ed121f54@group-46F1154A3114: set configuration 39: [cb1478b1-3087-4d0f-abdf-3bc6ed121f54|rpc:adbcd22fd520:9894|admin:|client:|dataStream:|priority:0], old=null
dn2_1  | 2022-03-12 01:09:50,377 [pool-30-thread-1] INFO server.RaftServerConfigKeys: raft.server.log.write.buffer.size = 1048576 (custom)
om1_1  | 2022-03-12 01:10:08,780 [pool-23-thread-1] INFO server.RaftServerConfigKeys: raft.server.log.appender.buffer.byte-limit = 33554432 (custom)
dn1_1  | 2022-03-12 01:10:04,454 [3cebde26-3386-4786-95c4-6a18f197146f@group-0759E9FBE7E0-LeaderElection3] INFO impl.LeaderElection: 3cebde26-3386-4786-95c4-6a18f197146f@group-0759E9FBE7E0-LeaderElection3 ELECTION round 0: submit vote requests at term 5 for 1: [3cebde26-3386-4786-95c4-6a18f197146f|rpc:10.9.0.11:9856|admin:10.9.0.11:9857|client:10.9.0.11:9858|dataStream:|priority:1, 0427aa14-60a6-4ad9-9084-5492e727bb3d|rpc:10.9.0.13:9856|admin:10.9.0.13:9857|client:10.9.0.13:9858|dataStream:|priority:0, e9b1c890-758c-4f60-a4c2-d8466b88eb6a|rpc:10.9.0.12:9856|admin:10.9.0.12:9857|client:10.9.0.12:9858|dataStream:|priority:0], old=null
om3_1  | , while invoking $Proxy32.send over nodeId=scmNodeId,nodeAddress=scm/10.9.0.17:9863 after 7 failover attempts. Trying to failover after sleeping for 2000ms.
om2_1  | 	at org.apache.hadoop.ipc.Server$RpcCall.run(Server.java:1035)
dn3_1  | 2022-03-12 01:09:49,441 [pool-30-thread-1] INFO server.RaftServerConfigKeys: raft.server.snapshot.auto.trigger.threshold = 10000 (custom)
scm_1  | 2022-03-12 01:09:51,037 [pool-14-thread-1] INFO server.RaftServerConfigKeys: raft.server.notification.no-leader.timeout = 60s (default)
dn2_1  | 2022-03-12 01:09:50,411 [pool-30-thread-1] INFO server.RaftServerConfigKeys: raft.server.log.statemachine.data.caching.enabled = true (custom)
om1_1  | 2022-03-12 01:10:08,856 [pool-23-thread-1] INFO server.RaftServerConfigKeys: raft.server.log.segment.size.max = 4194304 (custom)
