datanode_1_1  | Caused by: java.net.SocketTimeoutException: 1000 millis timeout while waiting for channel to be ready for read. ch : java.nio.channels.SocketChannel[connected local=/10.5.0.4:36546 remote=scm/10.5.0.71:9861]
scm_1         | 2020-07-11 13:00:26,761 [main] WARN server.ServerUtils: ozone.scm.db.dirs is not configured. We recommend adding this setting. Falling back to ozone.metadata.dirs instead.
datanode_3_1  | 2020-07-11 13:00:44,060 [3a24eea4-be0f-479e-b9a5-49c648d4b7fb@group-1E47685A59F3-LeaderElection1] INFO server.RaftServerConfigKeys: raft.server.watch.element-limit = 65536 (default)
datanode_4_1  | uuid128 {
datanode_6_1  | 2020-07-11 13:00:21,376 [main] INFO http.HttpServer2: Added global filter 'safety' (class=org.apache.hadoop.hdds.server.http.HttpServer2$QuotingInputFilter)
datanode_5_1  | 2020-07-11 13:00:20,946 [main] INFO http.HttpServer2: Added filter static_user_filter (class=org.apache.hadoop.http.lib.StaticUserWebFilter$StaticUserFilter) to context static
om_1          | SHUTDOWN_MSG: Shutting down OzoneManager at 2926616db2d8/10.5.0.70
datanode_1_1  | 	at org.apache.hadoop.net.SocketIOWithTimeout.doIO(SocketIOWithTimeout.java:164)
scm_1         | 2020-07-11 13:00:27,132 [main] WARN db.DBStoreBuilder: ozone.scm.db.dirs is not configured. We recommend adding this setting. Falling back to ozone.metadata.dirs instead.
datanode_3_1  | 2020-07-11 13:00:44,070 [3a24eea4-be0f-479e-b9a5-49c648d4b7fb@group-935C756C8BF7-LeaderElection2] INFO impl.LeaderElection: 3a24eea4-be0f-479e-b9a5-49c648d4b7fb@group-935C756C8BF7-LeaderElection2: begin an election at term 1 for -1: [625dea95-7dac-4161-bb51-3704ae488e41:10.5.0.5:9858, 778068fc-db62-4104-91e2-4af6f16647b1:10.5.0.7:9858, 3a24eea4-be0f-479e-b9a5-49c648d4b7fb:10.5.0.6:9858], old=null
datanode_4_1  |   mostSigBits: 2016864570470515204
datanode_6_1  | 2020-07-11 13:00:21,396 [main] INFO http.HttpServer2: Added filter static_user_filter (class=org.apache.hadoop.http.lib.StaticUserWebFilter$StaticUserFilter) to context hddsDatanode
datanode_5_1  | 2020-07-11 13:00:21,250 [main] WARN http.BaseHttpServer: /prof java profiling servlet is activated. Not safe for production!
om_1          | ************************************************************/
datanode_1_1  | 	at org.apache.hadoop.net.SocketInputStream.read(SocketInputStream.java:161)
scm_1         | 2020-07-11 13:00:27,305 [main] INFO net.NodeSchemaLoader: Loading file from java.lang.CompoundEnumeration@46cc127b
datanode_3_1  | 2020-07-11 13:00:44,596 [3a24eea4-be0f-479e-b9a5-49c648d4b7fb@group-1E47685A59F3-LeaderElection1] INFO impl.RoleInfo: 3a24eea4-be0f-479e-b9a5-49c648d4b7fb: start LeaderState
datanode_4_1  |   leastSigBits: -8479798126628367408
datanode_6_1  | 2020-07-11 13:00:21,405 [main] INFO http.HttpServer2: Added filter static_user_filter (class=org.apache.hadoop.http.lib.StaticUserWebFilter$StaticUserFilter) to context logs
datanode_5_1  | 2020-07-11 13:00:21,342 [main] INFO http.HttpServer2: Jetty bound to port 9882
om_1          | Enabled profiling in kernel
datanode_1_1  | 	at org.apache.hadoop.net.SocketInputStream.read(SocketInputStream.java:131)
scm_1         | 2020-07-11 13:00:27,306 [main] INFO net.NodeSchemaLoader: Loading network topology layer schema file
datanode_3_1  | 2020-07-11 13:00:44,604 [Command processor thread] INFO commandhandler.CreatePipelineCommandHandler: Created Pipeline RATIS THREE #id: "c0d3e745-7f7a-4b01-abb7-935c756c8bf7"
datanode_4_1  | }
datanode_6_1  | 2020-07-11 13:00:21,406 [main] INFO http.HttpServer2: Added filter static_user_filter (class=org.apache.hadoop.http.lib.StaticUserWebFilter$StaticUserFilter) to context static
datanode_5_1  | 2020-07-11 13:00:21,347 [main] INFO server.Server: jetty-9.4.26.v20200117; built: 2020-01-17T12:35:33.676Z; git: 7b38981d25d14afb4a12ff1f2596756144edf695; jvm 11.0.6+10-LTS
om_1          | No '-XX:...' jvm parameters are set. Adding safer GC settings '-XX:ParallelGCThreads=8 -XX:+UseConcMarkSweepGC -XX:CMSInitiatingOccupancyFraction=70 -XX:+CMSParallelRemarkEnabled' to the HADOOP_OPTS
datanode_1_1  | 	at java.base/java.io.FilterInputStream.read(FilterInputStream.java:133)
scm_1         | 2020-07-11 13:00:27,463 [main] INFO node.SCMNodeManager: Entering startup safe mode.
datanode_3_1  | uuid128 {
datanode_4_1  | .
datanode_6_1  | 2020-07-11 13:00:21,709 [main] WARN http.BaseHttpServer: /prof java profiling servlet is activated. Not safe for production!
datanode_5_1  | 2020-07-11 13:00:21,611 [main] INFO server.session: DefaultSessionIdManager workerName=node0
om_1          | OpenJDK 64-Bit Server VM warning: Option UseConcMarkSweepGC was deprecated in version 9.0 and will likely be removed in a future release.
datanode_1_1  | 	at java.base/java.io.BufferedInputStream.fill(BufferedInputStream.java:252)
scm_1         | 2020-07-11 13:00:27,617 [main] INFO algorithms.ContainerPlacementPolicyFactory: Create container placement policy of type org.apache.hadoop.hdds.scm.container.placement.algorithms.SCMContainerPlacementRackAware
datanode_3_1  |   mostSigBits: -4552040512663958783
datanode_4_1  | 2020-07-11 13:00:38,795 [Command processor thread] INFO impl.RaftServerProxy: 778068fc-db62-4104-91e2-4af6f16647b1: addNew group-935C756C8BF7:[625dea95-7dac-4161-bb51-3704ae488e41:10.5.0.5:9858, 778068fc-db62-4104-91e2-4af6f16647b1:10.5.0.7:9858, 3a24eea4-be0f-479e-b9a5-49c648d4b7fb:10.5.0.6:9858] returns group-935C756C8BF7:java.util.concurrent.CompletableFuture@72a6021d[Not completed]
datanode_6_1  | 2020-07-11 13:00:21,741 [main] INFO http.HttpServer2: Jetty bound to port 9882
datanode_5_1  | 2020-07-11 13:00:21,611 [main] INFO server.session: No SessionScavenger set, using defaults
om_1          | 2020-07-11 13:00:38,990 [main] INFO om.OzoneManagerStarter: STARTUP_MSG: 
datanode_1_1  | 	at java.base/java.io.BufferedInputStream.read(BufferedInputStream.java:271)
scm_1         | 2020-07-11 13:00:27,672 [main] INFO pipeline.SCMPipelineManager: No pipeline exists in current db
datanode_3_1  |   leastSigBits: -6073223547169502217
datanode_4_1  | 2020-07-11 13:00:38,813 [pool-19-thread-1] INFO impl.RaftServerImpl: 778068fc-db62-4104-91e2-4af6f16647b1: new RaftServerImpl for group-935C756C8BF7:[625dea95-7dac-4161-bb51-3704ae488e41:10.5.0.5:9858, 778068fc-db62-4104-91e2-4af6f16647b1:10.5.0.7:9858, 3a24eea4-be0f-479e-b9a5-49c648d4b7fb:10.5.0.6:9858] with ContainerStateMachine:uninitialized
datanode_6_1  | 2020-07-11 13:00:21,771 [main] INFO server.Server: jetty-9.4.26.v20200117; built: 2020-01-17T12:35:33.676Z; git: 7b38981d25d14afb4a12ff1f2596756144edf695; jvm 11.0.6+10-LTS
datanode_5_1  | 2020-07-11 13:00:21,612 [main] INFO server.session: node0 Scavenging every 600000ms
om_1          | /************************************************************
datanode_1_1  | 	at java.base/java.io.FilterInputStream.read(FilterInputStream.java:83)
scm_1         | 2020-07-11 13:00:27,772 [main] INFO safemode.HealthyPipelineSafeModeRule: Total pipeline count is 0, healthy pipeline threshold count is 1
datanode_3_1  | }
datanode_4_1  | 2020-07-11 13:00:38,813 [pool-19-thread-1] INFO server.RaftServerConfigKeys: raft.server.rpc.timeout.min = 5s (custom)
datanode_6_1  | 2020-07-11 13:00:22,093 [main] INFO server.session: DefaultSessionIdManager workerName=node0
datanode_5_1  | 2020-07-11 13:00:21,688 [main] INFO handler.ContextHandler: Started o.e.j.s.ServletContextHandler@77e9dca8{logs,/logs,file:///var/log/hadoop/,AVAILABLE}
om_1          | STARTUP_MSG: Starting OzoneManager
datanode_1_1  | 	at java.base/java.io.FilterInputStream.read(FilterInputStream.java:83)
scm_1         | 2020-07-11 13:00:27,775 [main] INFO safemode.OneReplicaPipelineSafeModeRule: Total pipeline count is 0, pipeline's with at least one datanode reported threshold count is 0
datanode_3_1  | .
datanode_4_1  | 2020-07-11 13:00:38,814 [pool-19-thread-1] INFO server.RaftServerConfigKeys: raft.server.rpc.timeout.max = 5200ms (custom)
datanode_6_1  | 2020-07-11 13:00:22,116 [main] INFO server.session: No SessionScavenger set, using defaults
datanode_5_1  | 2020-07-11 13:00:21,710 [main] INFO handler.ContextHandler: Started o.e.j.s.ServletContextHandler@77ab5214{static,/static,jar:file:/opt/hadoop/share/ozone/lib/hadoop-hdds-container-service-0.6.0-SNAPSHOT.jar!/webapps/static,AVAILABLE}
om_1          | STARTUP_MSG:   host = 2926616db2d8/10.5.0.70
datanode_1_1  | 	at org.apache.hadoop.ipc.Client$Connection$PingInputStream.read(Client.java:567)
scm_1         | 2020-07-11 13:00:27,839 [RatisPipelineUtilsThread] ERROR pipeline.SCMPipelineManager: Failed to create pipeline of type RATIS and factor ONE. Exception: Cannot create pipeline of factor 1 using 0 nodes. Used 0 nodes. Healthy nodes 0
datanode_3_1  | 2020-07-11 13:00:44,881 [3a24eea4-be0f-479e-b9a5-49c648d4b7fb@group-1E47685A59F3-LeaderElection1] INFO segmented.SegmentedRaftLogWorker: 3a24eea4-be0f-479e-b9a5-49c648d4b7fb@group-1E47685A59F3-SegmentedRaftLogWorker: Starting segment from index:0
datanode_4_1  | 2020-07-11 13:00:38,815 [pool-19-thread-1] INFO server.RaftServerConfigKeys: raft.server.rpcslowness.timeout = 300s (custom)
datanode_6_1  | 2020-07-11 13:00:22,118 [main] INFO server.session: node0 Scavenging every 600000ms
datanode_5_1  | 2020-07-11 13:00:22,388 [main] INFO handler.ContextHandler: Started o.e.j.w.WebAppContext@5368e981{hddsDatanode,/,file:///tmp/jetty-0_0_0_0-9882-hadoop-hdds-container-service-0_6_0-SNAPSHOT_jar-_-any-4623757190385041829.dir/webapp/,AVAILABLE}{jar:file:/opt/hadoop/share/ozone/lib/hadoop-hdds-container-service-0.6.0-SNAPSHOT.jar!/webapps/hddsDatanode}
om_1          | STARTUP_MSG:   args = []
datanode_1_1  | 	at java.base/java.io.DataInputStream.readInt(DataInputStream.java:392)
scm_1         | 2020-07-11 13:00:28,582 [main] INFO ipc.CallQueueManager: Using callQueue: class java.util.concurrent.LinkedBlockingQueue, queueCapacity: 10000, scheduler: class org.apache.hadoop.ipc.DefaultRpcScheduler, ipcBackoff: false.
datanode_3_1  | 2020-07-11 13:00:45,130 [3a24eea4-be0f-479e-b9a5-49c648d4b7fb@group-1E47685A59F3-LeaderElection1] INFO impl.RaftServerImpl: 3a24eea4-be0f-479e-b9a5-49c648d4b7fb@group-1E47685A59F3: set configuration 0: [3a24eea4-be0f-479e-b9a5-49c648d4b7fb:10.5.0.6:9858], old=null at 0
datanode_4_1  | 2020-07-11 13:00:38,816 [pool-19-thread-1] INFO server.RaftServerConfigKeys: raft.server.sleep.deviation.threshold = 300 (default)
datanode_6_1  | 2020-07-11 13:00:22,261 [main] INFO handler.ContextHandler: Started o.e.j.s.ServletContextHandler@77e9dca8{logs,/logs,file:///var/log/hadoop/,AVAILABLE}
datanode_5_1  | 2020-07-11 13:00:22,462 [main] INFO server.AbstractConnector: Started ServerConnector@41d20f06{HTTP/1.1,[http/1.1]}{0.0.0.0:9882}
om_1          | STARTUP_MSG:   version = 0.6.0-SNAPSHOT
datanode_1_1  | 	at org.apache.hadoop.ipc.Client$IpcStreams.readResponse(Client.java:1850)
scm_1         | 2020-07-11 13:00:28,613 [Socket Reader #1 for port 9861] INFO ipc.Server: Starting Socket Reader #1 for port 9861
datanode_3_1  | 2020-07-11 13:00:45,487 [3a24eea4-be0f-479e-b9a5-49c648d4b7fb@group-1E47685A59F3-SegmentedRaftLogWorker] INFO segmented.SegmentedRaftLogWorker: 3a24eea4-be0f-479e-b9a5-49c648d4b7fb@group-1E47685A59F3-SegmentedRaftLogWorker: created new log segment /data/metadata/ratis/be63d3e2-2f7a-45fd-9815-1e47685a59f3/current/log_inprogress_0
datanode_4_1  | 2020-07-11 13:00:38,834 [pool-19-thread-1] INFO server.RaftServerConfigKeys: raft.server.log.appender.install.snapshot.enabled = false (custom)
datanode_6_1  | 2020-07-11 13:00:22,274 [main] INFO handler.ContextHandler: Started o.e.j.s.ServletContextHandler@77ab5214{static,/static,jar:file:/opt/hadoop/share/ozone/lib/hadoop-hdds-container-service-0.6.0-SNAPSHOT.jar!/webapps/static,AVAILABLE}
datanode_5_1  | 2020-07-11 13:00:22,463 [main] INFO server.Server: Started @29515ms
datanode_1_1  | 	at org.apache.hadoop.ipc.Client$Connection.receiveRpcResponse(Client.java:1183)
om_1          | STARTUP_MSG:   classpath = /etc/hadoop:/opt/hadoop/share/hadoop/common/*:/opt/hadoop/share/ozone/lib/ratis-proto-0.6.0-6ab75ae-SNAPSHOT.jar:/opt/hadoop/share/ozone/lib/kerb-simplekdc-1.0.1.jar:/opt/hadoop/share/ozone/lib/okhttp-4.2.2.jar:/opt/hadoop/share/ozone/lib/jackson-databind-2.10.3.jar:/opt/hadoop/share/ozone/lib/protobuf-java-2.5.0.jar:/opt/hadoop/share/ozone/lib/bcpkix-jdk15on-1.60.jar:/opt/hadoop/share/ozone/lib/commons-validator-1.6.jar:/opt/hadoop/share/ozone/lib/hadoop-hdds-client-0.6.0-SNAPSHOT.jar:/opt/hadoop/share/ozone/lib/netty-3.10.5.Final.jar:/opt/hadoop/share/ozone/lib/jaxb-impl-2.3.0.1.jar:/opt/hadoop/share/ozone/lib/kotlin-stdlib-common-1.3.50.jar:/opt/hadoop/share/ozone/lib/kerb-core-1.0.1.jar:/opt/hadoop/share/ozone/lib/jsr305-3.0.0.jar:/opt/hadoop/share/ozone/lib/leveldbjni-all-1.8.jar:/opt/hadoop/share/ozone/lib/j2objc-annotations-1.3.jar:/opt/hadoop/share/ozone/lib/jetty-io-9.4.26.v20200117.jar:/opt/hadoop/share/ozone/lib/jaeger-tracerresolver-1.2.0.jar:/opt/hadoop/share/ozone/lib/hadoop-auth-3.2.1.jar:/opt/hadoop/share/ozone/lib/htrace-core4-4.1.0-incubating.jar:/opt/hadoop/share/ozone/lib/jetty-http-9.4.26.v20200117.jar:/opt/hadoop/share/ozone/lib/kerb-util-1.0.1.jar:/opt/hadoop/share/ozone/lib/jetty-xml-9.4.26.v20200117.jar:/opt/hadoop/share/ozone/lib/jaeger-thrift-1.2.0.jar:/opt/hadoop/share/ozone/lib/commons-logging-1.2.jar:/opt/hadoop/share/ozone/lib/kerby-xdr-1.0.1.jar:/opt/hadoop/share/ozone/lib/jetty-server-9.4.26.v20200117.jar:/opt/hadoop/share/ozone/lib/opentracing-tracerresolver-0.1.8.jar:/opt/hadoop/share/ozone/lib/commons-net-3.6.jar:/opt/hadoop/share/ozone/lib/log4j-api-2.11.0.jar:/opt/hadoop/share/ozone/lib/jaeger-core-1.2.0.jar:/opt/hadoop/share/ozone/lib/error_prone_annotations-2.2.0.jar:/opt/hadoop/share/ozone/lib/ratis-thirdparty-misc-0.4.0.jar:/opt/hadoop/share/ozone/lib/slf4j-log4j12-1.7.25.jar:/opt/hadoop/share/ozone/lib/okio-2.2.2.jar:/opt/hadoop/share/ozone/lib/kerby-config-1.0.1.jar:/opt/hadoop/share/ozone/lib/hadoop-ozone-client-0.6.0-SNAPSHOT.jar:/opt/hadoop/share/ozone/lib/jetty-util-ajax-9.4.26.v20200117.jar:/opt/hadoop/share/ozone/lib/metrics-core-3.2.4.jar:/opt/hadoop/share/ozone/lib/guava-28.2-jre.jar:/opt/hadoop/share/ozone/lib/kerby-pkix-1.0.1.jar:/opt/hadoop/share/ozone/lib/xz-1.0.jar:/opt/hadoop/share/ozone/lib/jetty-servlet-9.4.26.v20200117.jar:/opt/hadoop/share/ozone/lib/jsr311-api-1.1.1.jar:/opt/hadoop/share/ozone/lib/commons-beanutils-1.9.4.jar:/opt/hadoop/share/ozone/lib/jetty-security-9.4.26.v20200117.jar:/opt/hadoop/share/ozone/lib/javax.servlet-api-3.1.0.jar:/opt/hadoop/share/ozone/lib/kerb-server-1.0.1.jar:/opt/hadoop/share/ozone/lib/kerb-client-1.0.1.jar:/opt/hadoop/share/ozone/lib/disruptor-3.4.2.jar:/opt/hadoop/share/ozone/lib/ratis-client-0.6.0-6ab75ae-SNAPSHOT.jar:/opt/hadoop/share/ozone/lib/libthrift-0.13.0.jar:/opt/hadoop/share/ozone/lib/hadoop-hdds-docs-0.6.0-SNAPSHOT.jar:/opt/hadoop/share/ozone/lib/annotations-13.0.jar:/opt/hadoop/share/ozone/lib/simpleclient_common-0.7.0.jar:/opt/hadoop/share/ozone/lib/dnsjava-2.1.7.jar:/opt/hadoop/share/ozone/lib/hadoop-hdds-interface-admin-0.6.0-SNAPSHOT.jar:/opt/hadoop/share/ozone/lib/jackson-annotations-2.10.3.jar:/opt/hadoop/share/ozone/lib/commons-configuration2-2.1.1.jar:/opt/hadoop/share/ozone/lib/ratis-netty-0.6.0-6ab75ae-SNAPSHOT.jar:/opt/hadoop/share/ozone/lib/json-smart-2.3.jar:/opt/hadoop/share/ozone/lib/token-provider-1.0.1.jar:/opt/hadoop/share/ozone/lib/log4j-1.2.17.jar:/opt/hadoop/share/ozone/lib/commons-daemon-1.0.13.jar:/opt/hadoop/share/ozone/lib/listenablefuture-9999.0-empty-to-avoid-conflict-with-guava.jar:/opt/hadoop/share/ozone/lib/bcprov-jdk15on-1.60.jar:/opt/hadoop/share/ozone/lib/hadoop-hdfs-client-3.2.1.jar:/opt/hadoop/share/ozone/lib/jetty-webapp-9.4.26.v20200117.jar:/opt/hadoop/share/ozone/lib/commons-lang3-3.7.jar:/opt/hadoop/share/ozone/lib/commons-compress-1.4.1.jar:/opt/hadoop/share/ozone/lib/accessors-smart-1.2.jar:/opt/hadoop/share/ozone/lib/re2j-1.1.jar:/opt/hadoop/share/ozone/lib/hadoop-hdfs-3.2.1.jar:/opt/hadoop/share/ozone/lib/commons-math3-3.1.1.jar:/opt/hadoop/share/ozone/lib/simpleclient_dropwizard-0.7.0.jar:/opt/hadoop/share/ozone/lib/simpleclient-0.7.0.jar:/opt/hadoop/share/ozone/lib/hadoop-common-3.2.1.jar:/opt/hadoop/share/ozone/lib/httpclient-4.5.2.jar:/opt/hadoop/share/ozone/lib/rocksdbjni-6.8.1.jar:/opt/hadoop/share/ozone/lib/asm-5.0.4.jar:/opt/hadoop/share/ozone/lib/kerby-util-1.0.1.jar:/opt/hadoop/share/ozone/lib/failureaccess-1.0.1.jar:/opt/hadoop/share/ozone/lib/ratis-grpc-0.6.0-6ab75ae-SNAPSHOT.jar:/opt/hadoop/share/ozone/lib/jsp-api-2.1.jar:/opt/hadoop/share/ozone/lib/jsch-0.1.54.jar:/opt/hadoop/share/ozone/lib/log4j-core-2.11.0.jar:/opt/hadoop/share/ozone/lib/nimbus-jose-jwt-7.9.jar:/opt/hadoop/share/ozone/lib/kotlin-stdlib-1.3.50.jar:/opt/hadoop/share/ozone/lib/commons-codec-1.11.jar:/opt/hadoop/share/ozone/lib/commons-pool2-2.6.0.jar:/opt/hadoop/share/ozone/lib/jackson-datatype-jsr310-2.10.3.jar:/opt/hadoop/share/ozone/lib/gson-2.2.4.jar:/opt/hadoop/share/ozone/lib/opentracing-api-0.33.0.jar:/opt/hadoop/share/ozone/lib/jcip-annotations-1.0-1.jar:/opt/hadoop/share/ozone/lib/kerb-admin-1.0.1.jar:/opt/hadoop/share/ozone/lib/commons-io-2.5.jar:/opt/hadoop/share/ozone/lib/snakeyaml-1.16.jar:/opt/hadoop/share/ozone/lib/opentracing-noop-0.33.0.jar:/opt/hadoop/share/ozone/lib/jetty-util-9.4.26.v20200117.jar:/opt/hadoop/share/ozone/lib/hadoop-hdds-hadoop-dependency-client-0.6.0-SNAPSHOT.jar:/opt/hadoop/share/ozone/lib/jersey-core-1.19.jar:/opt/hadoop/share/ozone/lib/checker-qual-2.10.0.jar:/opt/hadoop/share/ozone/lib/hadoop-hdds-server-framework-0.6.0-SNAPSHOT.jar:/opt/hadoop/share/ozone/lib/ratis-metrics-0.6.0-6ab75ae-SNAPSHOT.jar:/opt/hadoop/share/ozone/lib/ratis-server-0.6.0-6ab75ae-SNAPSHOT.jar:/opt/hadoop/share/ozone/lib/opentracing-util-0.33.0.jar:/opt/hadoop/share/ozone/lib/picocli-3.9.6.jar:/opt/hadoop/share/ozone/lib/hadoop-hdds-interface-server-0.6.0-SNAPSHOT.jar:/opt/hadoop/share/ozone/lib/hadoop-hdds-common-0.6.0-SNAPSHOT.jar:/opt/hadoop/share/ozone/lib/hadoop-ozone-interface-client-0.6.0-SNAPSHOT.jar:/opt/hadoop/share/ozone/lib/commons-cli-1.2.jar:/opt/hadoop/share/ozone/lib/woodstox-core-5.0.3.jar:/opt/hadoop/share/ozone/lib/javax.annotation-api-1.2.jar:/opt/hadoop/share/ozone/lib/hadoop-ozone-common-0.6.0-SNAPSHOT.jar:/opt/hadoop/share/ozone/lib/netty-all-4.1.48.Final.jar:/opt/hadoop/share/ozone/lib/kerby-asn1-1.0.1.jar:/opt/hadoop/share/ozone/lib/hadoop-hdds-config-0.6.0-SNAPSHOT.jar:/opt/hadoop/share/ozone/lib/stax2-api-3.1.4.jar:/opt/hadoop/share/ozone/lib/commons-digester-1.8.1.jar:/opt/hadoop/share/ozone/lib/commons-collections-3.2.2.jar:/opt/hadoop/share/ozone/lib/jettison-1.1.jar:/opt/hadoop/share/ozone/lib/jackson-core-2.10.3.jar:/opt/hadoop/share/ozone/lib/commons-text-1.4.jar:/opt/hadoop/share/ozone/lib/jersey-servlet-1.19.jar:/opt/hadoop/share/ozone/lib/jersey-json-1.19.jar:/opt/hadoop/share/ozone/lib/slf4j-api-1.7.25.jar:/opt/hadoop/share/ozone/lib/kerb-identity-1.0.1.jar:/opt/hadoop/share/ozone/lib/hadoop-hdds-hadoop-dependency-server-0.6.0-SNAPSHOT.jar:/opt/hadoop/share/ozone/lib/jaeger-client-1.2.0.jar:/opt/hadoop/share/ozone/lib/kerb-common-1.0.1.jar:/opt/hadoop/share/ozone/lib/hadoop-hdds-interface-client-0.6.0-SNAPSHOT.jar:/opt/hadoop/share/ozone/lib/jersey-server-1.19.jar:/opt/hadoop/share/ozone/lib/ratis-common-0.6.0-6ab75ae-SNAPSHOT.jar:/opt/hadoop/share/ozone/lib/kerb-crypto-1.0.1.jar:/opt/hadoop/share/ozone/lib/hadoop-annotations-3.2.1.jar:/opt/hadoop/share/ozone/lib/httpcore-4.4.4.jar:/opt/hadoop/share/ozone/web:/opt/hadoop/share/ozone/lib/hadoop-ozone-ozone-manager-0.6.0-SNAPSHOT.jar
scm_1         | 2020-07-11 13:00:28,696 [Listener at 0.0.0.0/9861] INFO ipc.CallQueueManager: Using callQueue: class java.util.concurrent.LinkedBlockingQueue, queueCapacity: 10000, scheduler: class org.apache.hadoop.ipc.DefaultRpcScheduler, ipcBackoff: false.
datanode_3_1  | 2020-07-11 13:00:45,792 [3a24eea4-be0f-479e-b9a5-49c648d4b7fb@group-935C756C8BF7-LeaderElection2] INFO impl.LeaderElection: 3a24eea4-be0f-479e-b9a5-49c648d4b7fb@group-935C756C8BF7-LeaderElection2: Election REJECTED; received 2 response(s) [3a24eea4-be0f-479e-b9a5-49c648d4b7fb<-625dea95-7dac-4161-bb51-3704ae488e41#0:FAIL-t1, 3a24eea4-be0f-479e-b9a5-49c648d4b7fb<-778068fc-db62-4104-91e2-4af6f16647b1#0:FAIL-t1] and 0 exception(s); 3a24eea4-be0f-479e-b9a5-49c648d4b7fb@group-935C756C8BF7:t1, leader=null, voted=3a24eea4-be0f-479e-b9a5-49c648d4b7fb, raftlog=3a24eea4-be0f-479e-b9a5-49c648d4b7fb@group-935C756C8BF7-SegmentedRaftLog:OPENED:c-1,f-1,i0, conf=-1: [625dea95-7dac-4161-bb51-3704ae488e41:10.5.0.5:9858, 778068fc-db62-4104-91e2-4af6f16647b1:10.5.0.7:9858, 3a24eea4-be0f-479e-b9a5-49c648d4b7fb:10.5.0.6:9858], old=null
datanode_4_1  | 2020-07-11 13:00:38,838 [pool-19-thread-1] INFO impl.RaftServerImpl: 778068fc-db62-4104-91e2-4af6f16647b1@group-935C756C8BF7: ConfigurationManager, init=-1: [625dea95-7dac-4161-bb51-3704ae488e41:10.5.0.5:9858, 778068fc-db62-4104-91e2-4af6f16647b1:10.5.0.7:9858, 3a24eea4-be0f-479e-b9a5-49c648d4b7fb:10.5.0.6:9858], old=null, confs=<EMPTY_MAP>
datanode_6_1  | 2020-07-11 13:00:22,793 [main] INFO handler.ContextHandler: Started o.e.j.w.WebAppContext@5368e981{hddsDatanode,/,file:///tmp/jetty-0_0_0_0-9882-hadoop-hdds-container-service-0_6_0-SNAPSHOT_jar-_-any-8870314635845540772.dir/webapp/,AVAILABLE}{jar:file:/opt/hadoop/share/ozone/lib/hadoop-hdds-container-service-0.6.0-SNAPSHOT.jar!/webapps/hddsDatanode}
datanode_5_1  | 2020-07-11 13:00:22,478 [main] INFO impl.MetricsSinkAdapter: Sink prometheus started
datanode_1_1  | 	at org.apache.hadoop.ipc.Client$Connection.run(Client.java:1079)
om_1          | STARTUP_MSG:   build = https://github.com/apache/hadoop-ozone.git/2af6198686d81daa3ad0513f723118637d2945cf ; compiled by 'runner' on 2020-07-11T12:36Z
scm_1         | 2020-07-11 13:00:28,698 [Socket Reader #1 for port 9863] INFO ipc.Server: Starting Socket Reader #1 for port 9863
datanode_3_1  | 2020-07-11 13:00:45,793 [3a24eea4-be0f-479e-b9a5-49c648d4b7fb@group-935C756C8BF7-LeaderElection2] INFO impl.RaftServerImpl: 3a24eea4-be0f-479e-b9a5-49c648d4b7fb@group-935C756C8BF7: changes role from CANDIDATE to FOLLOWER at term 1 for DISCOVERED_A_NEW_TERM
datanode_4_1  | 2020-07-11 13:00:38,839 [pool-19-thread-1] INFO server.RaftServerConfigKeys: raft.server.storage.dir = [/data/metadata/ratis] (custom)
datanode_6_1  | 2020-07-11 13:00:22,847 [main] INFO server.AbstractConnector: Started ServerConnector@41d20f06{HTTP/1.1,[http/1.1]}{0.0.0.0:9882}
datanode_5_1  | 2020-07-11 13:00:22,478 [main] INFO impl.MetricsSystemImpl: Registered sink prometheus
datanode_1_1  | 2020-07-11 13:00:31,754 [Datanode State Machine Thread - 1] INFO ozoneimpl.OzoneContainer: Attempting to start container services.
om_1          | STARTUP_MSG:   java = 11.0.6
scm_1         | 2020-07-11 13:00:28,738 [Listener at 0.0.0.0/9863] INFO ipc.CallQueueManager: Using callQueue: class java.util.concurrent.LinkedBlockingQueue, queueCapacity: 10000, scheduler: class org.apache.hadoop.ipc.DefaultRpcScheduler, ipcBackoff: false.
datanode_3_1  | 2020-07-11 13:00:45,798 [3a24eea4-be0f-479e-b9a5-49c648d4b7fb@group-935C756C8BF7-LeaderElection2] INFO impl.RoleInfo: 3a24eea4-be0f-479e-b9a5-49c648d4b7fb: shutdown LeaderElection
datanode_4_1  | 2020-07-11 13:00:38,841 [pool-19-thread-1] INFO server.RaftServerConfigKeys: raft.server.log.corruption.policy = EXCEPTION (default)
datanode_6_1  | 2020-07-11 13:00:22,856 [main] INFO server.Server: Started @28574ms
datanode_5_1  | 2020-07-11 13:00:22,486 [main] INFO http.BaseHttpServer: HTTP server of hddsDatanode listening at http://0.0.0.0:9882
datanode_1_1  | 2020-07-11 13:00:31,756 [Datanode State Machine Thread - 1] INFO ozoneimpl.OzoneContainer: Background container scanner has been disabled.
om_1          | ************************************************************/
scm_1         | 2020-07-11 13:00:28,739 [Socket Reader #1 for port 9860] INFO ipc.Server: Starting Socket Reader #1 for port 9860
datanode_3_1  | 2020-07-11 13:00:45,798 [3a24eea4-be0f-479e-b9a5-49c648d4b7fb@group-935C756C8BF7-LeaderElection2] INFO impl.RoleInfo: 3a24eea4-be0f-479e-b9a5-49c648d4b7fb: start FollowerState
datanode_6_1  | 2020-07-11 13:00:22,870 [main] INFO impl.MetricsSinkAdapter: Sink prometheus started
datanode_5_1  | 2020-07-11 13:00:22,585 [org.apache.hadoop.util.JvmPauseMonitor$Monitor@2e3a7339] INFO util.JvmPauseMonitor: Starting JVM pause monitor
datanode_1_1  | 2020-07-11 13:00:31,768 [Datanode State Machine Thread - 1] INFO ratis.XceiverServerRatis: Starting XceiverServerRatis 0e925a4a-a3be-400e-ae7d-aecf7064f65c at port 9858
om_1          | 2020-07-11 13:00:39,059 [main] INFO om.OzoneManagerStarter: registered UNIX signal handlers for [TERM, HUP, INT]
scm_1         | 2020-07-11 13:00:28,768 [Listener at 0.0.0.0/9860] INFO http.BaseHttpServer: Starting Web-server for scm at: http://0.0.0.0:9876
datanode_4_1  | 2020-07-11 13:00:38,843 [pool-19-thread-1] INFO storage.RaftStorageDirectory: The storage directory /data/metadata/ratis/c0d3e745-7f7a-4b01-abb7-935c756c8bf7 does not exist. Creating ...
datanode_6_1  | 2020-07-11 13:00:22,870 [main] INFO impl.MetricsSystemImpl: Registered sink prometheus
datanode_5_1  | 2020-07-11 13:00:24,111 [Datanode State Machine Thread - 0] INFO datanode.InitDatanodeState: DatanodeDetails is persisted to /data/datanode.id
datanode_1_1  | 2020-07-11 13:00:31,890 [Datanode State Machine Thread - 1] INFO impl.RaftServerProxy: 0e925a4a-a3be-400e-ae7d-aecf7064f65c: start RPC server
datanode_3_1  | 2020-07-11 13:00:45,899 [grpc-default-executor-1] INFO ratis.XceiverServerRatis: Leader change notification received for group: group-935C756C8BF7 with new leaderId: 778068fc-db62-4104-91e2-4af6f16647b1
om_1          | 2020-07-11 13:00:44,745 [main] INFO ha.OMHANodeDetails: ozone.om.internal.service.id is not defined, falling back to ozone.om.service.ids to find serviceID for OzoneManager if it is HA enabled cluster
scm_1         | 2020-07-11 13:00:28,768 [Listener at 0.0.0.0/9860] INFO http.BaseHttpServer: Hadoop Security Enabled: false Ozone Security Enabled: false Ozone HTTP Security Enabled: false 
datanode_4_1  | 2020-07-11 13:00:38,862 [pool-19-thread-1] INFO storage.RaftStorageDirectory: Lock on /data/metadata/ratis/c0d3e745-7f7a-4b01-abb7-935c756c8bf7/in_use.lock acquired by nodename 6@71bcb4fe6b2b
datanode_6_1  | 2020-07-11 13:00:22,897 [main] INFO http.BaseHttpServer: HTTP server of hddsDatanode listening at http://0.0.0.0:9882
datanode_5_1  | 2020-07-11 13:00:26,259 [Datanode State Machine Thread - 0] INFO ipc.Client: Retrying connect to server: scm/10.5.0.71:9861. Already tried 0 time(s); retry policy is RetryUpToMaximumCountWithFixedSleep(maxRetries=2147483647, sleepTime=1000 MILLISECONDS)
datanode_1_1  | 2020-07-11 13:00:32,575 [Datanode State Machine Thread - 1] INFO server.GrpcService: 0e925a4a-a3be-400e-ae7d-aecf7064f65c: GrpcService started, listening on 0.0.0.0/0.0.0.0:9858
datanode_3_1  | 2020-07-11 13:00:45,902 [grpc-default-executor-1] INFO impl.RaftServerImpl: 3a24eea4-be0f-479e-b9a5-49c648d4b7fb@group-935C756C8BF7: change Leader from null to 778068fc-db62-4104-91e2-4af6f16647b1 at term 1 for appendEntries, leader elected after 7065ms
om_1          | 2020-07-11 13:00:45,346 [main] INFO ha.OMHANodeDetails: Configuration either no ozone.om.address set. Falling back to the default OM address om/10.5.0.70:9862
scm_1         | 2020-07-11 13:00:28,796 [Listener at 0.0.0.0/9860] INFO util.log: Logging initialized @12705ms to org.eclipse.jetty.util.log.Slf4jLog
datanode_4_1  | 2020-07-11 13:00:38,868 [pool-19-thread-1] INFO storage.RaftStorage: Storage directory /data/metadata/ratis/c0d3e745-7f7a-4b01-abb7-935c756c8bf7 has been successfully formatted.
datanode_6_1  | 2020-07-11 13:00:23,106 [org.apache.hadoop.util.JvmPauseMonitor$Monitor@12d16ab9] INFO util.JvmPauseMonitor: Starting JVM pause monitor
datanode_5_1  | 2020-07-11 13:00:27,259 [Datanode State Machine Thread - 0] INFO ipc.Client: Retrying connect to server: scm/10.5.0.71:9861. Already tried 1 time(s); retry policy is RetryUpToMaximumCountWithFixedSleep(maxRetries=2147483647, sleepTime=1000 MILLISECONDS)
datanode_1_1  | 2020-07-11 13:00:44,841 [grpc-default-executor-1] WARN server.GrpcServerProtocolService: 0e925a4a-a3be-400e-ae7d-aecf7064f65c: Failed requestVote 6e333534-afe2-4f15-8be5-338f0f6f06b9->0e925a4a-a3be-400e-ae7d-aecf7064f65c#0
datanode_3_1  | 2020-07-11 13:00:46,067 [grpc-default-executor-1] INFO impl.RaftServerImpl: 3a24eea4-be0f-479e-b9a5-49c648d4b7fb@group-935C756C8BF7: set configuration 0: [625dea95-7dac-4161-bb51-3704ae488e41:10.5.0.5:9858, 778068fc-db62-4104-91e2-4af6f16647b1:10.5.0.7:9858, 3a24eea4-be0f-479e-b9a5-49c648d4b7fb:10.5.0.6:9858], old=null at 0
om_1          | 2020-07-11 13:00:45,354 [main] INFO ha.OMHANodeDetails: OM Service ID is not set. Setting it to the default ID: omServiceIdDefault
scm_1         | 2020-07-11 13:00:28,907 [Listener at 0.0.0.0/9860] INFO server.AuthenticationFilter: Unable to initialize FileSignerSecretProvider, falling back to use random secrets.
datanode_4_1  | 2020-07-11 13:00:38,868 [pool-19-thread-1] INFO ratis.ContainerStateMachine: group-935C756C8BF7: The snapshot info is null. Setting the last applied indexto:(t:0, i:~)
datanode_6_1  | 2020-07-11 13:00:24,415 [Datanode State Machine Thread - 0] INFO datanode.InitDatanodeState: DatanodeDetails is persisted to /data/datanode.id
datanode_5_1  | 2020-07-11 13:00:28,261 [Datanode State Machine Thread - 0] INFO ipc.Client: Retrying connect to server: scm/10.5.0.71:9861. Already tried 2 time(s); retry policy is RetryUpToMaximumCountWithFixedSleep(maxRetries=2147483647, sleepTime=1000 MILLISECONDS)
datanode_1_1  | org.apache.ratis.protocol.GroupMismatchException: 0e925a4a-a3be-400e-ae7d-aecf7064f65c: group-3EE7DF2A6792 not found.
datanode_3_1  | 2020-07-11 13:00:46,093 [grpc-default-executor-1] INFO segmented.SegmentedRaftLogWorker: 3a24eea4-be0f-479e-b9a5-49c648d4b7fb@group-935C756C8BF7-SegmentedRaftLogWorker: Starting segment from index:0
om_1          | 2020-07-11 13:00:45,725 [main] WARN server.ServerUtils: ozone.om.db.dirs is not configured. We recommend adding this setting. Falling back to ozone.metadata.dirs instead.
scm_1         | 2020-07-11 13:00:28,924 [Listener at 0.0.0.0/9860] INFO http.HttpRequestLog: Http request log for http.requests.scm is not defined
datanode_4_1  | 2020-07-11 13:00:38,871 [pool-19-thread-1] INFO server.RaftServerConfigKeys: raft.server.notification.no-leader.timeout = 60s (default)
om_1          | 2020-07-11 13:00:45,839 [main] WARN server.ServerUtils: ozone.om.db.dirs is not configured. We recommend adding this setting. Falling back to ozone.metadata.dirs instead.
datanode_1_1  | 	at org.apache.ratis.server.impl.RaftServerProxy$ImplMap.get(RaftServerProxy.java:127)
datanode_5_1  | 2020-07-11 13:00:29,262 [Datanode State Machine Thread - 0] INFO ipc.Client: Retrying connect to server: scm/10.5.0.71:9861. Already tried 3 time(s); retry policy is RetryUpToMaximumCountWithFixedSleep(maxRetries=2147483647, sleepTime=1000 MILLISECONDS)
datanode_6_1  | 2020-07-11 13:00:26,635 [Datanode State Machine Thread - 0] INFO ipc.Client: Retrying connect to server: scm/10.5.0.71:9861. Already tried 0 time(s); retry policy is RetryUpToMaximumCountWithFixedSleep(maxRetries=2147483647, sleepTime=1000 MILLISECONDS)
datanode_6_1  | 2020-07-11 13:00:27,636 [Datanode State Machine Thread - 0] INFO ipc.Client: Retrying connect to server: scm/10.5.0.71:9861. Already tried 1 time(s); retry policy is RetryUpToMaximumCountWithFixedSleep(maxRetries=2147483647, sleepTime=1000 MILLISECONDS)
scm_1         | 2020-07-11 13:00:28,931 [Listener at 0.0.0.0/9860] INFO http.HttpServer2: Added global filter 'safety' (class=org.apache.hadoop.hdds.server.http.HttpServer2$QuotingInputFilter)
om_1          | 2020-07-11 13:00:49,204 [main] WARN server.ServerUtils: ozone.om.db.dirs is not configured. We recommend adding this setting. Falling back to ozone.metadata.dirs instead.
datanode_1_1  | 	at org.apache.ratis.server.impl.RaftServerProxy.getImplFuture(RaftServerProxy.java:274)
datanode_4_1  | 2020-07-11 13:00:38,872 [pool-19-thread-1] INFO server.RaftServerConfigKeys: raft.server.log.use.memory = false (default)
datanode_6_1  | 2020-07-11 13:00:28,638 [Datanode State Machine Thread - 0] INFO ipc.Client: Retrying connect to server: scm/10.5.0.71:9861. Already tried 2 time(s); retry policy is RetryUpToMaximumCountWithFixedSleep(maxRetries=2147483647, sleepTime=1000 MILLISECONDS)
datanode_3_1  | 2020-07-11 13:00:46,095 [3a24eea4-be0f-479e-b9a5-49c648d4b7fb@group-935C756C8BF7-SegmentedRaftLogWorker] INFO segmented.SegmentedRaftLogWorker: 3a24eea4-be0f-479e-b9a5-49c648d4b7fb@group-935C756C8BF7-SegmentedRaftLogWorker: created new log segment /data/metadata/ratis/c0d3e745-7f7a-4b01-abb7-935c756c8bf7/current/log_inprogress_0
datanode_5_1  | 2020-07-11 13:00:30,289 [Datanode State Machine Thread - 0] WARN statemachine.EndpointStateMachine: Unable to communicate to SCM server at scm:9861 for past 0 seconds.
scm_1         | 2020-07-11 13:00:28,934 [Listener at 0.0.0.0/9860] INFO http.HttpServer2: Added filter static_user_filter (class=org.apache.hadoop.http.lib.StaticUserWebFilter$StaticUserFilter) to context scm
om_1          | 2020-07-11 13:00:50,181 [main] INFO ipc.CallQueueManager: Using callQueue: class java.util.concurrent.LinkedBlockingQueue, queueCapacity: 10000, scheduler: class org.apache.hadoop.ipc.DefaultRpcScheduler, ipcBackoff: false.
datanode_1_1  | 	at org.apache.ratis.server.impl.RaftServerProxy.getImpl(RaftServerProxy.java:283)
datanode_4_1  | 2020-07-11 13:00:38,876 [pool-19-thread-1] INFO server.RaftServerConfigKeys: raft.server.log.purge.gap = 1000000 (custom)
datanode_6_1  | 2020-07-11 13:00:29,678 [Datanode State Machine Thread - 0] WARN statemachine.EndpointStateMachine: Unable to communicate to SCM server at scm:9861 for past 0 seconds.
datanode_5_1  | java.net.SocketTimeoutException: Call From ae22b1cc5a40/10.5.0.8 to scm:9861 failed on socket timeout exception: java.net.SocketTimeoutException: 1000 millis timeout while waiting for channel to be ready for read. ch : java.nio.channels.SocketChannel[connected local=/10.5.0.8:41192 remote=scm/10.5.0.71:9861]; For more details see:  http://wiki.apache.org/hadoop/SocketTimeout
scm_1         | 2020-07-11 13:00:28,934 [Listener at 0.0.0.0/9860] INFO http.HttpServer2: Added filter static_user_filter (class=org.apache.hadoop.http.lib.StaticUserWebFilter$StaticUserFilter) to context static
om_1          | 2020-07-11 13:00:50,210 [Socket Reader #1 for port 9862] INFO ipc.Server: Starting Socket Reader #1 for port 9862
datanode_1_1  | 	at org.apache.ratis.server.impl.RaftServerProxy.getImpl(RaftServerProxy.java:278)
datanode_4_1  | 2020-07-11 13:00:38,877 [pool-19-thread-1] INFO server.RaftServerConfigKeys: raft.server.log.appender.buffer.byte-limit = 33554432 (custom)
datanode_5_1  | 	at java.base/jdk.internal.reflect.NativeConstructorAccessorImpl.newInstance0(Native Method)
datanode_6_1  | java.net.SocketTimeoutException: Call From d1b8ef127e89/10.5.0.9 to scm:9861 failed on socket timeout exception: java.net.SocketTimeoutException: 1000 millis timeout while waiting for channel to be ready for read. ch : java.nio.channels.SocketChannel[connected local=/10.5.0.9:43400 remote=scm/10.5.0.71:9861]; For more details see:  http://wiki.apache.org/hadoop/SocketTimeout
scm_1         | 2020-07-11 13:00:28,934 [Listener at 0.0.0.0/9860] INFO http.HttpServer2: Added filter static_user_filter (class=org.apache.hadoop.http.lib.StaticUserWebFilter$StaticUserFilter) to context logs
om_1          | 2020-07-11 13:00:50,545 [Listener at om/9862] INFO impl.MetricsConfig: Loaded properties from hadoop-metrics2.properties
datanode_1_1  | 	at org.apache.ratis.server.impl.RaftServerProxy.requestVote(RaftServerProxy.java:455)
datanode_4_1  | 2020-07-11 13:00:38,877 [pool-19-thread-1] INFO server.RaftServerConfigKeys: raft.server.log.segment.size.max = 1048576 (custom)
datanode_5_1  | 	at java.base/jdk.internal.reflect.NativeConstructorAccessorImpl.newInstance(NativeConstructorAccessorImpl.java:62)
datanode_6_1  | 	at java.base/jdk.internal.reflect.NativeConstructorAccessorImpl.newInstance0(Native Method)
scm_1         | 2020-07-11 13:00:28,984 [Listener at 0.0.0.0/9860] WARN http.BaseHttpServer: /prof java profiling servlet is activated. Not safe for production!
om_1          | 2020-07-11 13:00:50,721 [Listener at om/9862] INFO impl.MetricsSystemImpl: Scheduled Metric snapshot period at 10 second(s).
datanode_1_1  | 	at org.apache.ratis.grpc.server.GrpcServerProtocolService.requestVote(GrpcServerProtocolService.java:170)
datanode_4_1  | 2020-07-11 13:00:38,877 [pool-19-thread-1] INFO metrics.RatisMetrics: Creating Metrics Registry : ratis.log_worker.778068fc-db62-4104-91e2-4af6f16647b1@group-935C756C8BF7
datanode_5_1  | 	at java.base/jdk.internal.reflect.DelegatingConstructorAccessorImpl.newInstance(DelegatingConstructorAccessorImpl.java:45)
datanode_6_1  | 	at java.base/jdk.internal.reflect.NativeConstructorAccessorImpl.newInstance(NativeConstructorAccessorImpl.java:62)
scm_1         | 2020-07-11 13:00:29,034 [Listener at 0.0.0.0/9860] INFO server.StorageContainerManager: StorageContainerLocationProtocol RPC server is listening at /0.0.0.0:9860
om_1          | 2020-07-11 13:00:50,723 [Listener at om/9862] INFO impl.MetricsSystemImpl: OzoneManager metrics system started
datanode_1_1  | 	at org.apache.ratis.proto.grpc.RaftServerProtocolServiceGrpc$MethodHandlers.invoke(RaftServerProtocolServiceGrpc.java:325)
datanode_4_1  | 2020-07-11 13:00:38,883 [pool-19-thread-1] INFO server.RaftServerConfigKeys: raft.server.log.segment.cache.num.max = 2 (custom)
datanode_5_1  | 	at java.base/java.lang.reflect.Constructor.newInstance(Constructor.java:490)
datanode_6_1  | 	at java.base/jdk.internal.reflect.DelegatingConstructorAccessorImpl.newInstance(DelegatingConstructorAccessorImpl.java:45)
scm_1         | 2020-07-11 13:00:29,192 [Listener at 0.0.0.0/9860] INFO impl.MetricsConfig: Loaded properties from hadoop-metrics2.properties
om_1          | 2020-07-11 13:00:50,842 [Listener at om/9862] INFO om.OzoneManager: OzoneManager RPC server is listening at om/10.5.0.70:9862
datanode_1_1  | 	at org.apache.ratis.thirdparty.io.grpc.stub.ServerCalls$UnaryServerCallHandler$UnaryServerCallListener.onHalfClose(ServerCalls.java:172)
datanode_4_1  | 2020-07-11 13:00:38,883 [pool-19-thread-1] INFO segmented.SegmentedRaftLogWorker: new 778068fc-db62-4104-91e2-4af6f16647b1@group-935C756C8BF7-SegmentedRaftLogWorker for RaftStorage:Storage Directory /data/metadata/ratis/c0d3e745-7f7a-4b01-abb7-935c756c8bf7
datanode_5_1  | 	at org.apache.hadoop.net.NetUtils.wrapWithMessage(NetUtils.java:833)
scm_1         | 2020-07-11 13:00:29,298 [Listener at 0.0.0.0/9860] INFO impl.MetricsSystemImpl: Scheduled Metric snapshot period at 10 second(s).
om_1          | 2020-07-11 13:00:50,874 [IPC Server Responder] INFO ipc.Server: IPC Server Responder: starting
datanode_1_1  | 	at org.apache.ratis.thirdparty.io.grpc.internal.ServerCallImpl$ServerStreamListenerImpl.halfClosed(ServerCallImpl.java:331)
datanode_1_1  | 	at org.apache.ratis.thirdparty.io.grpc.internal.ServerImpl$JumpToApplicationThreadServerStreamListener$1HalfClosed.runInContext(ServerImpl.java:817)
datanode_6_1  | 	at java.base/java.lang.reflect.Constructor.newInstance(Constructor.java:490)
datanode_5_1  | 	at org.apache.hadoop.net.NetUtils.wrapException(NetUtils.java:777)
scm_1         | 2020-07-11 13:00:29,298 [Listener at 0.0.0.0/9860] INFO impl.MetricsSystemImpl: StorageContainerManager metrics system started
datanode_1_1  | 	at org.apache.ratis.thirdparty.io.grpc.internal.ContextRunnable.run(ContextRunnable.java:37)
datanode_4_1  | 2020-07-11 13:00:38,898 [pool-19-thread-1] INFO server.RaftServerConfigKeys: raft.server.log.queue.byte-limit = 2147483647 (custom)
om_1          | 2020-07-11 13:00:50,882 [IPC Server listener on 9862] INFO ipc.Server: IPC Server listener on 9862: starting
datanode_6_1  | 	at org.apache.hadoop.net.NetUtils.wrapWithMessage(NetUtils.java:833)
datanode_5_1  | 	at org.apache.hadoop.ipc.Client.getRpcResponse(Client.java:1549)
scm_1         | 2020-07-11 13:00:29,676 [Listener at 0.0.0.0/9860] INFO server.SCMClientProtocolServer: RPC server for Client  is listening at /0.0.0.0:9860
datanode_1_1  | 	at org.apache.ratis.thirdparty.io.grpc.internal.SerializingExecutor.run(SerializingExecutor.java:123)
datanode_4_1  | 2020-07-11 13:00:38,902 [pool-19-thread-1] INFO server.RaftServerConfigKeys: raft.server.log.queue.element-limit = 1024 (custom)
om_1          | 2020-07-11 13:00:51,254 [Listener at om/9862] INFO http.BaseHttpServer: Starting Web-server for ozoneManager at: http://0.0.0.0:9874
datanode_5_1  | 	at org.apache.hadoop.ipc.Client.call(Client.java:1491)
scm_1         | 2020-07-11 13:00:29,716 [IPC Server Responder] INFO ipc.Server: IPC Server Responder: starting
datanode_1_1  | 	at java.base/java.util.concurrent.ThreadPoolExecutor.runWorker(ThreadPoolExecutor.java:1128)
datanode_4_1  | 2020-07-11 13:00:38,902 [pool-19-thread-1] INFO server.RaftServerConfigKeys: raft.server.log.segment.size.max = 1048576 (custom)
om_1          | 2020-07-11 13:00:51,254 [Listener at om/9862] INFO http.BaseHttpServer: Hadoop Security Enabled: false Ozone Security Enabled: false Ozone HTTP Security Enabled: false 
datanode_6_1  | 	at org.apache.hadoop.net.NetUtils.wrapException(NetUtils.java:777)
datanode_5_1  | 	at org.apache.hadoop.ipc.Client.call(Client.java:1388)
scm_1         | 2020-07-11 13:00:29,720 [IPC Server listener on 9860] INFO ipc.Server: IPC Server listener on 9860: starting
datanode_1_1  | 	at java.base/java.util.concurrent.ThreadPoolExecutor$Worker.run(ThreadPoolExecutor.java:628)
datanode_4_1  | 2020-07-11 13:00:38,903 [pool-19-thread-1] INFO server.RaftServerConfigKeys: raft.server.log.preallocated.size = 16384 (custom)
om_1          | 2020-07-11 13:00:51,321 [Listener at om/9862] INFO util.log: Logging initialized @20684ms to org.eclipse.jetty.util.log.Slf4jLog
datanode_6_1  | 	at org.apache.hadoop.ipc.Client.getRpcResponse(Client.java:1549)
datanode_5_1  | 	at org.apache.hadoop.ipc.ProtobufRpcEngine$Invoker.invoke(ProtobufRpcEngine.java:233)
scm_1         | 2020-07-11 13:00:29,824 [Listener at 0.0.0.0/9860] INFO server.StorageContainerManager: ScmBlockLocationProtocol RPC server is listening at /0.0.0.0:9863
datanode_1_1  | 	at java.base/java.lang.Thread.run(Thread.java:834)
datanode_1_1  | 2020-07-11 13:00:45,275 [grpc-default-executor-0] INFO impl.RaftServerProxy: 0e925a4a-a3be-400e-ae7d-aecf7064f65c: addNew group-3EE7DF2A6792:[e67d091a-1583-4527-8ecf-5d5225cc2732:10.5.0.8:9858, 0e925a4a-a3be-400e-ae7d-aecf7064f65c:10.5.0.4:9858, 6e333534-afe2-4f15-8be5-338f0f6f06b9:10.5.0.9:9858] returns group-3EE7DF2A6792:java.util.concurrent.CompletableFuture@5e1a2646[Not completed]
om_1          | 2020-07-11 13:00:51,604 [Listener at om/9862] INFO server.AuthenticationFilter: Unable to initialize FileSignerSecretProvider, falling back to use random secrets.
datanode_6_1  | 	at org.apache.hadoop.ipc.Client.call(Client.java:1491)
datanode_5_1  | 	at org.apache.hadoop.ipc.ProtobufRpcEngine$Invoker.invoke(ProtobufRpcEngine.java:118)
scm_1         | 2020-07-11 13:00:29,825 [Listener at 0.0.0.0/9860] INFO server.SCMBlockProtocolServer: RPC server for Block Protocol is listening at /0.0.0.0:9863
datanode_1_1  | 2020-07-11 13:00:45,582 [pool-19-thread-1] INFO impl.RaftServerImpl: 0e925a4a-a3be-400e-ae7d-aecf7064f65c: new RaftServerImpl for group-3EE7DF2A6792:[e67d091a-1583-4527-8ecf-5d5225cc2732:10.5.0.8:9858, 0e925a4a-a3be-400e-ae7d-aecf7064f65c:10.5.0.4:9858, 6e333534-afe2-4f15-8be5-338f0f6f06b9:10.5.0.9:9858] with ContainerStateMachine:uninitialized
datanode_4_1  | 2020-07-11 13:00:38,903 [pool-19-thread-1] INFO server.RaftServerConfigKeys: raft.server.log.write.buffer.size = 1048576 (custom)
om_1          | 2020-07-11 13:00:51,617 [Listener at om/9862] INFO http.HttpRequestLog: Http request log for http.requests.ozoneManager is not defined
datanode_6_1  | 	at org.apache.hadoop.ipc.Client.call(Client.java:1388)
datanode_5_1  | 	at com.sun.proxy.$Proxy38.submitRequest(Unknown Source)
scm_1         | 2020-07-11 13:00:29,826 [IPC Server Responder] INFO ipc.Server: IPC Server Responder: starting
datanode_1_1  | 2020-07-11 13:00:45,590 [pool-19-thread-1] INFO server.RaftServerConfigKeys: raft.server.rpc.timeout.min = 5s (custom)
datanode_1_1  | 2020-07-11 13:00:45,599 [pool-19-thread-1] INFO server.RaftServerConfigKeys: raft.server.rpc.timeout.max = 5200ms (custom)
om_1          | 2020-07-11 13:00:51,633 [Listener at om/9862] INFO http.HttpServer2: Added global filter 'safety' (class=org.apache.hadoop.hdds.server.http.HttpServer2$QuotingInputFilter)
scm_1         | 2020-07-11 13:00:29,839 [IPC Server listener on 9863] INFO ipc.Server: IPC Server listener on 9863: starting
datanode_5_1  | 	at org.apache.hadoop.ozone.protocolPB.StorageContainerDatanodeProtocolClientSideTranslatorPB.submitRequest(StorageContainerDatanodeProtocolClientSideTranslatorPB.java:116)
datanode_4_1  | 2020-07-11 13:00:38,904 [pool-19-thread-1] INFO server.RaftServerConfigKeys: raft.server.log.force.sync.num = 128 (default)
om_1          | 2020-07-11 13:00:51,638 [Listener at om/9862] INFO http.HttpServer2: Added filter static_user_filter (class=org.apache.hadoop.http.lib.StaticUserWebFilter$StaticUserFilter) to context ozoneManager
datanode_6_1  | 	at org.apache.hadoop.ipc.ProtobufRpcEngine$Invoker.invoke(ProtobufRpcEngine.java:233)
datanode_1_1  | 2020-07-11 13:00:45,602 [pool-19-thread-1] INFO server.RaftServerConfigKeys: raft.server.rpcslowness.timeout = 300s (custom)
scm_1         | 2020-07-11 13:00:30,123 [Listener at 0.0.0.0/9860] INFO server.StorageContainerManager: ScmDatanodeProtocl RPC server is listening at /0.0.0.0:9861
datanode_5_1  | 	at org.apache.hadoop.ozone.protocolPB.StorageContainerDatanodeProtocolClientSideTranslatorPB.getVersion(StorageContainerDatanodeProtocolClientSideTranslatorPB.java:132)
datanode_4_1  | 2020-07-11 13:00:38,904 [pool-19-thread-1] INFO server.RaftServerConfigKeys: raft.server.log.statemachine.data.sync = true (default)
om_1          | 2020-07-11 13:00:51,639 [Listener at om/9862] INFO http.HttpServer2: Added filter static_user_filter (class=org.apache.hadoop.http.lib.StaticUserWebFilter$StaticUserFilter) to context logs
datanode_6_1  | 	at org.apache.hadoop.ipc.ProtobufRpcEngine$Invoker.invoke(ProtobufRpcEngine.java:118)
datanode_1_1  | 2020-07-11 13:00:45,605 [pool-19-thread-1] INFO server.RaftServerConfigKeys: raft.server.sleep.deviation.threshold = 300 (default)
scm_1         | 2020-07-11 13:00:30,135 [Listener at 0.0.0.0/9860] INFO server.SCMDatanodeProtocolServer: RPC server for DataNodes is listening at /0.0.0.0:9861
datanode_5_1  | 	at org.apache.hadoop.ozone.container.common.states.endpoint.VersionEndpointTask.call(VersionEndpointTask.java:70)
datanode_4_1  | 2020-07-11 13:00:38,904 [pool-19-thread-1] INFO server.RaftServerConfigKeys: raft.server.log.statemachine.data.sync.timeout = 10s (default)
om_1          | 2020-07-11 13:00:51,639 [Listener at om/9862] INFO http.HttpServer2: Added filter static_user_filter (class=org.apache.hadoop.http.lib.StaticUserWebFilter$StaticUserFilter) to context static
datanode_6_1  | 	at com.sun.proxy.$Proxy38.submitRequest(Unknown Source)
datanode_1_1  | 2020-07-11 13:00:45,606 [pool-19-thread-1] INFO server.RaftServerConfigKeys: raft.server.log.appender.install.snapshot.enabled = false (custom)
scm_1         | 2020-07-11 13:00:30,137 [IPC Server Responder] INFO ipc.Server: IPC Server Responder: starting
datanode_5_1  | 	at org.apache.hadoop.ozone.container.common.states.endpoint.VersionEndpointTask.call(VersionEndpointTask.java:41)
datanode_4_1  | 2020-07-11 13:00:38,904 [pool-19-thread-1] INFO server.RaftServerConfigKeys: raft.server.log.statemachine.data.sync.timeout.retry = -1 (default)
datanode_4_1  | 2020-07-11 13:00:38,906 [pool-19-thread-1] INFO server.RaftServerConfigKeys: raft.server.log.statemachine.data.caching.enabled = true (custom)
datanode_4_1  | 2020-07-11 13:00:38,922 [pool-19-thread-1] INFO segmented.SegmentedRaftLogWorker: 778068fc-db62-4104-91e2-4af6f16647b1@group-935C756C8BF7-SegmentedRaftLogWorker: flushIndex: setUnconditionally 0 -> -1
datanode_1_1  | 2020-07-11 13:00:45,629 [pool-19-thread-1] INFO impl.RaftServerImpl: 0e925a4a-a3be-400e-ae7d-aecf7064f65c@group-3EE7DF2A6792: ConfigurationManager, init=-1: [e67d091a-1583-4527-8ecf-5d5225cc2732:10.5.0.8:9858, 0e925a4a-a3be-400e-ae7d-aecf7064f65c:10.5.0.4:9858, 6e333534-afe2-4f15-8be5-338f0f6f06b9:10.5.0.9:9858], old=null, confs=<EMPTY_MAP>
datanode_1_1  | 2020-07-11 13:00:45,648 [pool-19-thread-1] INFO server.RaftServerConfigKeys: raft.server.storage.dir = [/data/metadata/ratis] (custom)
datanode_5_1  | 	at java.base/java.util.concurrent.FutureTask.run(FutureTask.java:264)
datanode_5_1  | 	at java.base/java.util.concurrent.Executors$RunnableAdapter.call(Executors.java:515)
datanode_4_1  | 2020-07-11 13:00:38,922 [pool-19-thread-1] INFO segmented.SegmentedRaftLogWorker: 778068fc-db62-4104-91e2-4af6f16647b1@group-935C756C8BF7-SegmentedRaftLogWorker: safeCacheEvictIndex: setUnconditionally 0 -> -1
datanode_4_1  | 2020-07-11 13:00:38,927 [pool-19-thread-1] INFO server.RaftServerConfigKeys: raft.server.snapshot.auto.trigger.enabled = true (custom)
datanode_4_1  | 2020-07-11 13:00:38,927 [pool-19-thread-1] INFO server.RaftServerConfigKeys: raft.server.snapshot.auto.trigger.threshold = 10000 (custom)
datanode_4_1  | 2020-07-11 13:00:38,927 [pool-19-thread-1] INFO server.RaftServerConfigKeys: raft.server.snapshot.retention.file.num = 5 (custom)
datanode_5_1  | 	at java.base/java.util.concurrent.FutureTask.run(FutureTask.java:264)
datanode_5_1  | 	at java.base/java.util.concurrent.ThreadPoolExecutor.runWorker(ThreadPoolExecutor.java:1128)
om_1          | 2020-07-11 13:00:51,696 [Listener at om/9862] WARN http.BaseHttpServer: /prof java profiling servlet is activated. Not safe for production!
