om1_1  | 2022-11-27 12:31:47,506 [om1-server-thread1] INFO server.RaftServer$Division: om1@group-D66704EFC61C: Failed appendEntries as snapshot (415) installation is in progress
om1_1  | 2022-11-27 12:31:47,506 [om1-server-thread1] INFO server.RaftServer$Division: om1@group-D66704EFC61C: inconsistency entries. Reply:om2<-om1#3392:FAIL-t1,INCONSISTENCY,nextIndex=414,followerCommit=412,matchIndex=-1
dn3_1  | 2022-11-27 12:30:50,690 [pool-22-thread-1] INFO server.RaftServerConfigKeys: raft.server.threadpool.server.cached = true (default)
om3_1  | 	at org.apache.hadoop.hdds.ratis.ServerNotLeaderException.convertToNotLeaderException(ServerNotLeaderException.java:109)
om2_1  | 2022-11-27 12:30:37,290 [main] INFO retry.RetryInvocationHandler: com.google.protobuf.ServiceException: org.apache.hadoop.ipc.RemoteException(org.apache.hadoop.hdds.ratis.ServerNotLeaderException): Server:254a0b1e-21e5-46fe-9490-9cbc63482508 is not the leader. Could not determine the leader node.
om2_1  | 	at org.apache.hadoop.hdds.ratis.ServerNotLeaderException.convertToNotLeaderException(ServerNotLeaderException.java:109)
om1_1  | 2022-11-27 12:31:47,510 [grpc-default-executor-0] INFO impl.SnapshotInstallationHandler: om1@group-D66704EFC61C: receive installSnapshot: om2->om1#0-t1,notify:(t:1, i:415)
dn3_1  | 2022-11-27 12:30:50,691 [pool-22-thread-1] INFO server.RaftServerConfigKeys: raft.server.threadpool.server.size = 0 (default)
om3_1  | 	at org.apache.hadoop.hdds.scm.ha.RatisUtil.checkRatisException(RatisUtil.java:246)
om2_1  | 	at org.apache.hadoop.hdds.scm.ha.RatisUtil.checkRatisException(RatisUtil.java:246)
om1_1  | 2022-11-27 12:31:47,511 [grpc-default-executor-0] INFO impl.SnapshotInstallationHandler: om1@group-D66704EFC61C: reply installSnapshot: om2<-om1#0:FAIL-t1,IN_PROGRESS
om1_1  | 2022-11-27 12:31:47,514 [grpc-default-executor-0] INFO server.GrpcServerProtocolService: om1: Completed INSTALL_SNAPSHOT, lastRequest: om2->om1#0-t1,notify:(t:1, i:415)
dn3_1  | 2022-11-27 12:30:50,692 [pool-22-thread-1] INFO server.RaftServerConfigKeys: raft.server.threadpool.client.cached = true (default)
om3_1  | 	at org.apache.hadoop.hdds.scm.protocol.ScmBlockLocationProtocolServerSideTranslatorPB.send(ScmBlockLocationProtocolServerSideTranslatorPB.java:109)
om2_1  | 	at org.apache.hadoop.hdds.scm.protocol.ScmBlockLocationProtocolServerSideTranslatorPB.send(ScmBlockLocationProtocolServerSideTranslatorPB.java:109)
om2_1  | 	at org.apache.hadoop.hdds.protocol.proto.ScmBlockLocationProtocolProtos$ScmBlockLocationProtocolService$2.callBlockingMethod(ScmBlockLocationProtocolProtos.java:14202)
om1_1  | 2022-11-27 12:31:47,517 [om1-server-thread1] INFO server.RaftServer$Division: om1@group-D66704EFC61C: Failed appendEntries as snapshot (415) installation is in progress
dn3_1  | 2022-11-27 12:30:50,692 [pool-22-thread-1] INFO server.RaftServerConfigKeys: raft.server.threadpool.client.size = 0 (default)
om3_1  | 	at org.apache.hadoop.hdds.protocol.proto.ScmBlockLocationProtocolProtos$ScmBlockLocationProtocolService$2.callBlockingMethod(ScmBlockLocationProtocolProtos.java:14202)
scm_1  | STARTUP_MSG:   build = https://github.com/apache/ozone/7f3f28c54e68fc52b40e8a413d1e67c746e79856 ; compiled by 'runner' on 2022-11-27T12:13Z
dn2_1  | 2022-11-27 12:30:55,963 [grpc-default-executor-1] INFO impl.VoteContext: 6866ef7b-049d-4cb1-b25a-9cff228dfaac@group-92E1A934646B-FOLLOWER: reject ELECTION from ce1cc1e7-c57c-4270-a94b-bc89afe1be79: our priority 1 > candidate's priority 0
om2_1  | 	at org.apache.hadoop.ipc.ProtobufRpcEngine$Server.processCall(ProtobufRpcEngine.java:465)
om2_1  | 	at org.apache.hadoop.ipc.ProtobufRpcEngine2$Server$ProtoBufRpcInvoker.call(ProtobufRpcEngine2.java:578)
dn3_1  | 2022-11-27 12:30:50,692 [pool-22-thread-1] INFO storage.RaftStorageDirectory: The storage directory /data/metadata/ratis/0df471f8-cd14-411d-9d14-92e1a934646b does not exist. Creating ...
om3_1  | 	at org.apache.hadoop.ipc.ProtobufRpcEngine$Server.processCall(ProtobufRpcEngine.java:465)
scm_1  | STARTUP_MSG:   java = 11.0.14.1
dn2_1  | 2022-11-27 12:30:55,964 [grpc-default-executor-1] INFO server.RaftServer$Division: 6866ef7b-049d-4cb1-b25a-9cff228dfaac@group-92E1A934646B: changes role from  FOLLOWER to FOLLOWER at term 1 for candidate:ce1cc1e7-c57c-4270-a94b-bc89afe1be79
om2_1  | 	at org.apache.hadoop.ipc.ProtobufRpcEngine2$Server$ProtoBufRpcInvoker.call(ProtobufRpcEngine2.java:556)
om2_1  | 	at org.apache.hadoop.ipc.RPC$Server.call(RPC.java:1093)
dn3_1  | 2022-11-27 12:30:50,707 [pool-22-thread-1] INFO storage.RaftStorageDirectory: Lock on /data/metadata/ratis/0df471f8-cd14-411d-9d14-92e1a934646b/in_use.lock acquired by nodename 6@6d7154a607ec
dn3_1  | 2022-11-27 12:30:50,710 [pool-22-thread-1] INFO storage.RaftStorage: Storage directory /data/metadata/ratis/0df471f8-cd14-411d-9d14-92e1a934646b has been successfully formatted.
scm_1  | ************************************************************/
dn2_1  | 2022-11-27 12:30:55,964 [grpc-default-executor-1] INFO impl.RoleInfo: 6866ef7b-049d-4cb1-b25a-9cff228dfaac: shutdown 6866ef7b-049d-4cb1-b25a-9cff228dfaac@group-92E1A934646B-FollowerState
om2_1  | 	at org.apache.hadoop.ipc.Server$RpcCall.run(Server.java:1043)
om1_1  | 2022-11-27 12:31:47,517 [om1-server-thread1] INFO server.RaftServer$Division: om1@group-D66704EFC61C: inconsistency entries. Reply:om2<-om1#3393:FAIL-t1,INCONSISTENCY,nextIndex=414,followerCommit=412,matchIndex=-1
dn3_1  | 2022-11-27 12:30:50,713 [pool-22-thread-1] INFO ratis.ContainerStateMachine: group-92E1A934646B: The snapshot info is null. Setting the last applied indexto:(t:0, i:~)
om3_1  | 	at org.apache.hadoop.ipc.ProtobufRpcEngine2$Server$ProtoBufRpcInvoker.call(ProtobufRpcEngine2.java:578)
scm_1  | 2022-11-27 12:30:15,318 [main] INFO server.StorageContainerManagerStarter: registered UNIX signal handlers for [TERM, HUP, INT]
dn2_1  | 2022-11-27 12:30:55,964 [grpc-default-executor-1] INFO impl.RoleInfo: 6866ef7b-049d-4cb1-b25a-9cff228dfaac: start 6866ef7b-049d-4cb1-b25a-9cff228dfaac@group-92E1A934646B-FollowerState
om2_1  | 	at org.apache.hadoop.ipc.Server$RpcCall.run(Server.java:971)
om1_1  | 2022-11-27 12:31:47,524 [grpc-default-executor-0] INFO impl.SnapshotInstallationHandler: om1@group-D66704EFC61C: receive installSnapshot: om2->om1#0-t1,notify:(t:1, i:415)
dn3_1  | 2022-11-27 12:30:50,714 [pool-22-thread-1] INFO server.RaftServerConfigKeys: raft.server.log.use.memory = false (default)
om3_1  | 	at org.apache.hadoop.ipc.ProtobufRpcEngine2$Server$ProtoBufRpcInvoker.call(ProtobufRpcEngine2.java:556)
scm_1  | 2022-11-27 12:30:15,885 [main] WARN server.ServerUtils: ozone.scm.db.dirs is not configured. We recommend adding this setting. Falling back to ozone.metadata.dirs instead.
dn2_1  | 2022-11-27 12:30:55,964 [6866ef7b-049d-4cb1-b25a-9cff228dfaac@group-92E1A934646B-FollowerState] INFO impl.FollowerState: 6866ef7b-049d-4cb1-b25a-9cff228dfaac@group-92E1A934646B-FollowerState was interrupted
om2_1  | 	at java.base/java.security.AccessController.doPrivileged(Native Method)
om1_1  | 2022-11-27 12:31:47,524 [grpc-default-executor-0] INFO impl.SnapshotInstallationHandler: om1@group-D66704EFC61C: reply installSnapshot: om2<-om1#0:FAIL-t1,IN_PROGRESS
dn3_1  | 2022-11-27 12:30:50,717 [pool-22-thread-1] INFO server.RaftServerConfigKeys: raft.server.log.purge.gap = 1000000 (custom)
om3_1  | 	at org.apache.hadoop.ipc.RPC$Server.call(RPC.java:1093)
dn2_1  | 2022-11-27 12:30:55,965 [6866ef7b-049d-4cb1-b25a-9cff228dfaac@group-92E1A934646B-FollowerState] INFO server.RaftServerConfigKeys: raft.server.rpc.first-election.timeout.min = 5s (fallback to raft.server.rpc.timeout.min)
om2_1  | 	at java.base/javax.security.auth.Subject.doAs(Subject.java:423)
om1_1  | 2022-11-27 12:31:47,530 [grpc-default-executor-0] INFO server.GrpcServerProtocolService: om1: Completed INSTALL_SNAPSHOT, lastRequest: om2->om1#0-t1,notify:(t:1, i:415)
dn3_1  | 2022-11-27 12:30:50,717 [pool-22-thread-1] INFO server.RaftServerConfigKeys: raft.server.log.appender.buffer.byte-limit = 33554432 (custom)
om3_1  | 	at org.apache.hadoop.ipc.Server$RpcCall.run(Server.java:1043)
dn2_1  | 2022-11-27 12:30:55,966 [6866ef7b-049d-4cb1-b25a-9cff228dfaac@group-92E1A934646B-FollowerState] INFO server.RaftServerConfigKeys: raft.server.rpc.first-election.timeout.max = 5200ms (fallback to raft.server.rpc.timeout.max)
om2_1  | 	at org.apache.hadoop.security.UserGroupInformation.doAs(UserGroupInformation.java:1878)
om1_1  | 2022-11-27 12:31:47,532 [om1-server-thread1] INFO server.RaftServer$Division: om1@group-D66704EFC61C: Failed appendEntries as snapshot (415) installation is in progress
dn3_1  | 2022-11-27 12:30:50,717 [pool-22-thread-1] INFO server.RaftServerConfigKeys: raft.server.log.statemachine.data.read.timeout = 1000ms (default)
om3_1  | 	at org.apache.hadoop.ipc.Server$RpcCall.run(Server.java:971)
dn2_1  | 2022-11-27 12:30:55,974 [grpc-default-executor-1] INFO server.RaftServer$Division: 6866ef7b-049d-4cb1-b25a-9cff228dfaac@group-92E1A934646B replies to ELECTION vote request: ce1cc1e7-c57c-4270-a94b-bc89afe1be79<-6866ef7b-049d-4cb1-b25a-9cff228dfaac#0:FAIL-t1. Peer's state: 6866ef7b-049d-4cb1-b25a-9cff228dfaac@group-92E1A934646B:t1, leader=null, voted=null, raftlog=Memoized:6866ef7b-049d-4cb1-b25a-9cff228dfaac@group-92E1A934646B-SegmentedRaftLog:OPENED:c-1, conf=-1: peers:[ce1cc1e7-c57c-4270-a94b-bc89afe1be79|rpc:10.9.0.13:9856|admin:10.9.0.13:9857|client:10.9.0.13:9858|dataStream:|priority:0|startupRole:FOLLOWER, df791463-f6fd-4ea8-8a12-ffd66d649f8d|rpc:10.9.0.11:9856|admin:10.9.0.11:9857|client:10.9.0.11:9858|dataStream:|priority:0|startupRole:FOLLOWER, 6866ef7b-049d-4cb1-b25a-9cff228dfaac|rpc:10.9.0.12:9856|admin:10.9.0.12:9857|client:10.9.0.12:9858|dataStream:|priority:1|startupRole:FOLLOWER]|listeners:[], old=null
om2_1  | 	at org.apache.hadoop.ipc.Server$Handler.run(Server.java:2976)
om2_1  | , while invoking $Proxy31.send over nodeId=scmNodeId,nodeAddress=scm/10.9.0.17:9863 after 8 failover attempts. Trying to failover after sleeping for 2000ms.
dn3_1  | 2022-11-27 12:30:50,718 [pool-22-thread-1] INFO server.RaftServerConfigKeys: raft.server.log.purge.preservation.log.num = 0 (default)
om3_1  | 	at java.base/java.security.AccessController.doPrivileged(Native Method)
scm_1  | 2022-11-27 12:30:16,327 [main] INFO ha.SCMHANodeDetails: ServiceID for StorageContainerManager is null
dn2_1  | 2022-11-27 12:31:01,123 [grpc-default-executor-1] INFO server.RaftServer$Division: 6866ef7b-049d-4cb1-b25a-9cff228dfaac@group-92E1A934646B: receive requestVote(ELECTION, ce1cc1e7-c57c-4270-a94b-bc89afe1be79, group-92E1A934646B, 2, (t:0, i:0))
om2_1  | 2022-11-27 12:30:39,305 [main] INFO retry.RetryInvocationHandler: com.google.protobuf.ServiceException: org.apache.hadoop.ipc.RemoteException(org.apache.hadoop.hdds.ratis.ServerNotLeaderException): Server:254a0b1e-21e5-46fe-9490-9cbc63482508 is not the leader. Could not determine the leader node.
om2_1  | 	at org.apache.hadoop.hdds.ratis.ServerNotLeaderException.convertToNotLeaderException(ServerNotLeaderException.java:109)
dn3_1  | 2022-11-27 12:30:50,718 [pool-22-thread-1] INFO server.RaftServerConfigKeys: raft.server.log.segment.size.max = 1048576 (custom)
dn3_1  | 2022-11-27 12:30:50,721 [pool-22-thread-1] INFO server.RaftServerConfigKeys: raft.server.log.segment.cache.num.max = 2 (custom)
scm_1  | 2022-11-27 12:30:16,439 [main] INFO ha.SCMHANodeDetails: ozone.scm.default.service.id is not defined, falling back to ozone.scm.service.ids to find serviceID for StorageContainerManager if it is HA enabled cluster
dn2_1  | 2022-11-27 12:31:01,123 [grpc-default-executor-1] INFO impl.VoteContext: 6866ef7b-049d-4cb1-b25a-9cff228dfaac@group-92E1A934646B-FOLLOWER: reject ELECTION from ce1cc1e7-c57c-4270-a94b-bc89afe1be79: our priority 1 > candidate's priority 0
om2_1  | 	at org.apache.hadoop.hdds.scm.ha.RatisUtil.checkRatisException(RatisUtil.java:246)
om1_1  | 2022-11-27 12:31:47,533 [om1-server-thread1] INFO server.RaftServer$Division: om1@group-D66704EFC61C: inconsistency entries. Reply:om2<-om1#3394:FAIL-t1,INCONSISTENCY,nextIndex=414,followerCommit=412,matchIndex=-1
dn3_1  | 2022-11-27 12:30:50,721 [pool-22-thread-1] INFO server.RaftServerConfigKeys: raft.server.log.segment.cache.size.max = 200MB (=209715200) (default)
om3_1  | 	at java.base/javax.security.auth.Subject.doAs(Subject.java:423)
scm_1  | 2022-11-27 12:30:18,439 [main] INFO server.RaftServer: raft.rpc.type = GRPC (default)
dn2_1  | 2022-11-27 12:31:01,124 [grpc-default-executor-1] INFO server.RaftServer$Division: 6866ef7b-049d-4cb1-b25a-9cff228dfaac@group-92E1A934646B: changes role from  FOLLOWER to FOLLOWER at term 2 for candidate:ce1cc1e7-c57c-4270-a94b-bc89afe1be79
om2_1  | 	at org.apache.hadoop.hdds.scm.protocol.ScmBlockLocationProtocolServerSideTranslatorPB.send(ScmBlockLocationProtocolServerSideTranslatorPB.java:109)
om1_1  | 2022-11-27 12:31:47,539 [grpc-default-executor-0] INFO impl.SnapshotInstallationHandler: om1@group-D66704EFC61C: receive installSnapshot: om2->om1#0-t1,notify:(t:1, i:415)
dn3_1  | 2022-11-27 12:30:50,721 [pool-22-thread-1] INFO segmented.SegmentedRaftLogWorker: new ce1cc1e7-c57c-4270-a94b-bc89afe1be79@group-92E1A934646B-SegmentedRaftLogWorker for RaftStorageImpl:Storage Directory /data/metadata/ratis/0df471f8-cd14-411d-9d14-92e1a934646b
om3_1  | 	at org.apache.hadoop.security.UserGroupInformation.doAs(UserGroupInformation.java:1878)
scm_1  | 2022-11-27 12:30:19,318 [main] INFO grpc.GrpcConfigKeys: raft.grpc.admin.host = null (fallback to raft.grpc.server.host)
dn2_1  | 2022-11-27 12:31:01,124 [grpc-default-executor-1] INFO impl.RoleInfo: 6866ef7b-049d-4cb1-b25a-9cff228dfaac: shutdown 6866ef7b-049d-4cb1-b25a-9cff228dfaac@group-92E1A934646B-FollowerState
om2_1  | 	at org.apache.hadoop.hdds.protocol.proto.ScmBlockLocationProtocolProtos$ScmBlockLocationProtocolService$2.callBlockingMethod(ScmBlockLocationProtocolProtos.java:14202)
om1_1  | 2022-11-27 12:31:47,539 [grpc-default-executor-0] INFO impl.SnapshotInstallationHandler: om1@group-D66704EFC61C: reply installSnapshot: om2<-om1#0:FAIL-t1,IN_PROGRESS
dn3_1  | 2022-11-27 12:30:50,721 [pool-22-thread-1] INFO server.RaftServerConfigKeys: raft.server.log.queue.byte-limit = 4294967296 (custom)
dn3_1  | 2022-11-27 12:30:50,721 [pool-22-thread-1] INFO server.RaftServerConfigKeys: raft.server.log.queue.element-limit = 1024 (custom)
scm_1  | 2022-11-27 12:30:19,331 [main] INFO grpc.GrpcConfigKeys: raft.grpc.admin.port = 9894 (fallback to raft.grpc.server.port)
dn2_1  | 2022-11-27 12:31:01,124 [grpc-default-executor-1] INFO impl.RoleInfo: 6866ef7b-049d-4cb1-b25a-9cff228dfaac: start 6866ef7b-049d-4cb1-b25a-9cff228dfaac@group-92E1A934646B-FollowerState
om2_1  | 	at org.apache.hadoop.ipc.ProtobufRpcEngine$Server.processCall(ProtobufRpcEngine.java:465)
om1_1  | 2022-11-27 12:31:47,540 [grpc-default-executor-0] INFO server.GrpcServerProtocolService: om1: Completed INSTALL_SNAPSHOT, lastRequest: om2->om1#0-t1,notify:(t:1, i:415)
dn3_1  | 2022-11-27 12:30:50,722 [pool-22-thread-1] INFO server.RaftServerConfigKeys: raft.server.log.segment.size.max = 1048576 (custom)
dn3_1  | 2022-11-27 12:30:50,722 [pool-22-thread-1] INFO server.RaftServerConfigKeys: raft.server.log.preallocated.size = 16384 (custom)
dn2_1  | 2022-11-27 12:31:01,124 [6866ef7b-049d-4cb1-b25a-9cff228dfaac@group-92E1A934646B-FollowerState] INFO impl.FollowerState: 6866ef7b-049d-4cb1-b25a-9cff228dfaac@group-92E1A934646B-FollowerState was interrupted
om2_1  | 	at org.apache.hadoop.ipc.ProtobufRpcEngine2$Server$ProtoBufRpcInvoker.call(ProtobufRpcEngine2.java:578)
om1_1  | 2022-11-27 12:31:47,544 [om1-server-thread1] INFO server.RaftServer$Division: om1@group-D66704EFC61C: Failed appendEntries as snapshot (415) installation is in progress
om1_1  | 2022-11-27 12:31:47,544 [om1-server-thread1] INFO server.RaftServer$Division: om1@group-D66704EFC61C: inconsistency entries. Reply:om2<-om1#3395:FAIL-t1,INCONSISTENCY,nextIndex=414,followerCommit=412,matchIndex=-1
om1_1  | 2022-11-27 12:31:47,555 [grpc-default-executor-0] INFO impl.SnapshotInstallationHandler: om1@group-D66704EFC61C: receive installSnapshot: om2->om1#0-t1,notify:(t:1, i:415)
dn2_1  | 2022-11-27 12:31:01,131 [grpc-default-executor-1] INFO server.RaftServer$Division: 6866ef7b-049d-4cb1-b25a-9cff228dfaac@group-92E1A934646B replies to ELECTION vote request: ce1cc1e7-c57c-4270-a94b-bc89afe1be79<-6866ef7b-049d-4cb1-b25a-9cff228dfaac#0:FAIL-t2. Peer's state: 6866ef7b-049d-4cb1-b25a-9cff228dfaac@group-92E1A934646B:t2, leader=null, voted=null, raftlog=Memoized:6866ef7b-049d-4cb1-b25a-9cff228dfaac@group-92E1A934646B-SegmentedRaftLog:OPENED:c-1, conf=-1: peers:[ce1cc1e7-c57c-4270-a94b-bc89afe1be79|rpc:10.9.0.13:9856|admin:10.9.0.13:9857|client:10.9.0.13:9858|dataStream:|priority:0|startupRole:FOLLOWER, df791463-f6fd-4ea8-8a12-ffd66d649f8d|rpc:10.9.0.11:9856|admin:10.9.0.11:9857|client:10.9.0.11:9858|dataStream:|priority:0|startupRole:FOLLOWER, 6866ef7b-049d-4cb1-b25a-9cff228dfaac|rpc:10.9.0.12:9856|admin:10.9.0.12:9857|client:10.9.0.12:9858|dataStream:|priority:1|startupRole:FOLLOWER]|listeners:[], old=null
om2_1  | 	at org.apache.hadoop.ipc.ProtobufRpcEngine2$Server$ProtoBufRpcInvoker.call(ProtobufRpcEngine2.java:556)
om1_1  | 2022-11-27 12:31:47,556 [grpc-default-executor-0] INFO impl.SnapshotInstallationHandler: om1@group-D66704EFC61C: reply installSnapshot: om2<-om1#0:FAIL-t1,IN_PROGRESS
om3_1  | 	at org.apache.hadoop.ipc.Server$Handler.run(Server.java:2976)
om3_1  | , while invoking $Proxy31.send over nodeId=scmNodeId,nodeAddress=scm/10.9.0.17:9863 after 8 failover attempts. Trying to failover after sleeping for 2000ms.
om3_1  | 2022-11-27 12:30:40,982 [main] INFO retry.RetryInvocationHandler: com.google.protobuf.ServiceException: org.apache.hadoop.ipc.RemoteException(org.apache.hadoop.hdds.ratis.ServerNotLeaderException): Server:254a0b1e-21e5-46fe-9490-9cbc63482508 is not the leader. Could not determine the leader node.
om3_1  | 	at org.apache.hadoop.hdds.ratis.ServerNotLeaderException.convertToNotLeaderException(ServerNotLeaderException.java:109)
om2_1  | 	at org.apache.hadoop.ipc.RPC$Server.call(RPC.java:1093)
om1_1  | 2022-11-27 12:31:47,557 [grpc-default-executor-0] INFO server.GrpcServerProtocolService: om1: Completed INSTALL_SNAPSHOT, lastRequest: om2->om1#0-t1,notify:(t:1, i:415)
om3_1  | 	at org.apache.hadoop.hdds.scm.ha.RatisUtil.checkRatisException(RatisUtil.java:246)
scm_1  | 2022-11-27 12:30:19,371 [main] INFO grpc.GrpcConfigKeys: raft.grpc.client.host = null (fallback to raft.grpc.server.host)
dn2_1  | 2022-11-27 12:31:01,162 [6866ef7b-049d-4cb1-b25a-9cff228dfaac@group-92E1A934646B-FollowerState] INFO server.RaftServerConfigKeys: raft.server.rpc.first-election.timeout.min = 5s (fallback to raft.server.rpc.timeout.min)
dn2_1  | 2022-11-27 12:31:01,163 [6866ef7b-049d-4cb1-b25a-9cff228dfaac@group-92E1A934646B-FollowerState] INFO server.RaftServerConfigKeys: raft.server.rpc.first-election.timeout.max = 5200ms (fallback to raft.server.rpc.timeout.max)
om2_1  | 	at org.apache.hadoop.ipc.Server$RpcCall.run(Server.java:1043)
om1_1  | 2022-11-27 12:31:47,562 [om1-server-thread1] INFO server.RaftServer$Division: om1@group-D66704EFC61C: Failed appendEntries as snapshot (415) installation is in progress
om3_1  | 	at org.apache.hadoop.hdds.scm.protocol.ScmBlockLocationProtocolServerSideTranslatorPB.send(ScmBlockLocationProtocolServerSideTranslatorPB.java:109)
scm_1  | 2022-11-27 12:30:19,382 [main] INFO grpc.GrpcConfigKeys: raft.grpc.client.port = 9894 (fallback to raft.grpc.server.port)
dn2_1  | 2022-11-27 12:31:06,329 [6866ef7b-049d-4cb1-b25a-9cff228dfaac@group-92E1A934646B-FollowerState] INFO impl.FollowerState: 6866ef7b-049d-4cb1-b25a-9cff228dfaac@group-92E1A934646B-FollowerState: change to CANDIDATE, lastRpcElapsedTime:5204961656ns, electionTimeout:5165ms
dn2_1  | 2022-11-27 12:31:06,329 [6866ef7b-049d-4cb1-b25a-9cff228dfaac@group-92E1A934646B-FollowerState] INFO impl.RoleInfo: 6866ef7b-049d-4cb1-b25a-9cff228dfaac: shutdown 6866ef7b-049d-4cb1-b25a-9cff228dfaac@group-92E1A934646B-FollowerState
om2_1  | 	at org.apache.hadoop.ipc.Server$RpcCall.run(Server.java:971)
om2_1  | 	at java.base/java.security.AccessController.doPrivileged(Native Method)
scm_1  | 2022-11-27 12:30:19,386 [main] INFO grpc.GrpcConfigKeys: raft.grpc.server.host = null (default)
dn2_1  | 2022-11-27 12:31:06,330 [6866ef7b-049d-4cb1-b25a-9cff228dfaac@group-92E1A934646B-FollowerState] INFO server.RaftServer$Division: 6866ef7b-049d-4cb1-b25a-9cff228dfaac@group-92E1A934646B: changes role from  FOLLOWER to CANDIDATE at term 2 for changeToCandidate
dn2_1  | 2022-11-27 12:31:06,330 [6866ef7b-049d-4cb1-b25a-9cff228dfaac@group-92E1A934646B-FollowerState] INFO server.RaftServerConfigKeys: raft.server.leaderelection.pre-vote = false (custom)
dn3_1  | 2022-11-27 12:30:50,723 [pool-22-thread-1] INFO server.RaftServerConfigKeys: raft.server.log.force.sync.num = 128 (default)
om1_1  | 2022-11-27 12:31:47,565 [om1-server-thread1] INFO server.RaftServer$Division: om1@group-D66704EFC61C: inconsistency entries. Reply:om2<-om1#3396:FAIL-t1,INCONSISTENCY,nextIndex=414,followerCommit=412,matchIndex=-1
scm_1  | 2022-11-27 12:30:19,386 [main] INFO grpc.GrpcConfigKeys: raft.grpc.server.port = 9894 (custom)
scm_1  | 2022-11-27 12:30:19,402 [main] INFO server.GrpcService: raft.grpc.message.size.max = 32m (=33554432) (custom)
dn2_1  | 2022-11-27 12:31:06,330 [6866ef7b-049d-4cb1-b25a-9cff228dfaac@group-92E1A934646B-FollowerState] INFO impl.RoleInfo: 6866ef7b-049d-4cb1-b25a-9cff228dfaac: start 6866ef7b-049d-4cb1-b25a-9cff228dfaac@group-92E1A934646B-LeaderElection2
dn2_1  | 2022-11-27 12:31:06,333 [6866ef7b-049d-4cb1-b25a-9cff228dfaac@group-92E1A934646B-LeaderElection2] INFO impl.LeaderElection: 6866ef7b-049d-4cb1-b25a-9cff228dfaac@group-92E1A934646B-LeaderElection2 ELECTION round 0: submit vote requests at term 3 for -1: peers:[ce1cc1e7-c57c-4270-a94b-bc89afe1be79|rpc:10.9.0.13:9856|admin:10.9.0.13:9857|client:10.9.0.13:9858|dataStream:|priority:0|startupRole:FOLLOWER, df791463-f6fd-4ea8-8a12-ffd66d649f8d|rpc:10.9.0.11:9856|admin:10.9.0.11:9857|client:10.9.0.11:9858|dataStream:|priority:0|startupRole:FOLLOWER, 6866ef7b-049d-4cb1-b25a-9cff228dfaac|rpc:10.9.0.12:9856|admin:10.9.0.12:9857|client:10.9.0.12:9858|dataStream:|priority:1|startupRole:FOLLOWER]|listeners:[], old=null
om1_1  | 2022-11-27 12:31:47,572 [grpc-default-executor-0] INFO impl.SnapshotInstallationHandler: om1@group-D66704EFC61C: receive installSnapshot: om2->om1#0-t1,notify:(t:1, i:415)
om3_1  | 	at org.apache.hadoop.hdds.protocol.proto.ScmBlockLocationProtocolProtos$ScmBlockLocationProtocolService$2.callBlockingMethod(ScmBlockLocationProtocolProtos.java:14202)
scm_1  | 2022-11-27 12:30:19,482 [main] INFO server.RaftServerConfigKeys: raft.server.log.appender.buffer.byte-limit = 33554432 (custom)
scm_1  | 2022-11-27 12:30:19,492 [main] INFO server.GrpcService: raft.grpc.flow.control.window = 1MB (=1048576) (default)
om1_1  | 2022-11-27 12:31:47,572 [grpc-default-executor-0] INFO impl.SnapshotInstallationHandler: om1@group-D66704EFC61C: reply installSnapshot: om2<-om1#0:FAIL-t1,IN_PROGRESS
om3_1  | 	at org.apache.hadoop.ipc.ProtobufRpcEngine$Server.processCall(ProtobufRpcEngine.java:465)
scm_1  | 2022-11-27 12:30:19,510 [main] INFO server.RaftServerConfigKeys: raft.server.rpc.request.timeout = 30000ms (custom)
scm_1  | 2022-11-27 12:30:19,818 [main] INFO grpc.GrpcConfigKeys: raft.grpc.server.heartbeat.channel = true (default)
om1_1  | 2022-11-27 12:31:47,573 [grpc-default-executor-0] INFO server.GrpcServerProtocolService: om1: Completed INSTALL_SNAPSHOT, lastRequest: om2->om1#0-t1,notify:(t:1, i:415)
om3_1  | 	at org.apache.hadoop.ipc.ProtobufRpcEngine2$Server$ProtoBufRpcInvoker.call(ProtobufRpcEngine2.java:578)
scm_1  | 2022-11-27 12:30:19,901 [main] INFO grpc.GrpcConfigKeys: raft.grpc.server.async.request.thread.pool.cached = true (default)
scm_1  | 2022-11-27 12:30:19,938 [main] INFO grpc.GrpcConfigKeys: raft.grpc.server.async.request.thread.pool.size = 32 (default)
dn3_1  | 2022-11-27 12:30:50,752 [pool-22-thread-1] INFO server.RaftServerConfigKeys: raft.server.log.statemachine.data.sync = true (default)
dn3_1  | 2022-11-27 12:30:50,754 [pool-22-thread-1] INFO server.RaftServerConfigKeys: raft.server.log.statemachine.data.sync.timeout = 10s (default)
om1_1  | 2022-11-27 12:31:47,578 [om1-server-thread1] INFO server.RaftServer$Division: om1@group-D66704EFC61C: Failed appendEntries as snapshot (415) installation is in progress
scm_1  | 2022-11-27 12:30:22,215 [main] INFO impl.DataStreamServerImpl: raft.datastream.type = DISABLED (default)
om2_1  | 	at java.base/javax.security.auth.Subject.doAs(Subject.java:423)
dn3_1  | 2022-11-27 12:30:50,756 [pool-22-thread-1] INFO server.RaftServerConfigKeys: raft.server.log.statemachine.data.sync.timeout.retry = -1 (default)
dn3_1  | 2022-11-27 12:30:50,757 [pool-22-thread-1] INFO server.RaftServerConfigKeys: raft.server.log.write.buffer.size = 1048576 (custom)
om1_1  | 2022-11-27 12:31:47,579 [om1-server-thread1] INFO server.RaftServer$Division: om1@group-D66704EFC61C: inconsistency entries. Reply:om2<-om1#3397:FAIL-t1,INCONSISTENCY,nextIndex=414,followerCommit=412,matchIndex=-1
scm_1  | 2022-11-27 12:30:22,255 [main] INFO server.RaftServerConfigKeys: raft.server.threadpool.proxy.cached = true (default)
scm_1  | 2022-11-27 12:30:22,256 [main] INFO server.RaftServerConfigKeys: raft.server.threadpool.proxy.size = 0 (default)
scm_1  | 2022-11-27 12:30:22,256 [main] INFO server.RaftServerConfigKeys: raft.server.rpc.slowness.timeout = 120000ms (custom)
om3_1  | 	at org.apache.hadoop.ipc.ProtobufRpcEngine2$Server$ProtoBufRpcInvoker.call(ProtobufRpcEngine2.java:556)
om1_1  | 2022-11-27 12:31:47,585 [grpc-default-executor-0] INFO impl.SnapshotInstallationHandler: om1@group-D66704EFC61C: receive installSnapshot: om2->om1#0-t1,notify:(t:1, i:415)
dn2_1  | 2022-11-27 12:31:06,338 [6866ef7b-049d-4cb1-b25a-9cff228dfaac@group-92E1A934646B-LeaderElection2-1] INFO server.GrpcServerProtocolClient: Build channel for ce1cc1e7-c57c-4270-a94b-bc89afe1be79
dn2_1  | 2022-11-27 12:31:06,345 [6866ef7b-049d-4cb1-b25a-9cff228dfaac@group-92E1A934646B-LeaderElection2] INFO server.RaftServerConfigKeys: raft.server.rpc.first-election.timeout.min = 5s (fallback to raft.server.rpc.timeout.min)
scm_1  | 2022-11-27 12:30:22,256 [main] INFO server.RaftServerConfigKeys: raft.server.leaderelection.leader.step-down.wait-time = 10s (default)
scm_1  | 2022-11-27 12:30:22,331 [main] INFO server.RaftServerConfigKeys: raft.server.storage.dir = [/data/metadata/scm-ha] (custom)
om1_1  | 2022-11-27 12:31:47,588 [grpc-default-executor-0] INFO impl.SnapshotInstallationHandler: om1@group-D66704EFC61C: reply installSnapshot: om2<-om1#0:FAIL-t1,IN_PROGRESS
dn2_1  | 2022-11-27 12:31:06,347 [6866ef7b-049d-4cb1-b25a-9cff228dfaac@group-92E1A934646B-LeaderElection2] INFO server.RaftServerConfigKeys: raft.server.rpc.first-election.timeout.max = 5200ms (fallback to raft.server.rpc.timeout.max)
dn2_1  | 2022-11-27 12:31:06,368 [6866ef7b-049d-4cb1-b25a-9cff228dfaac@group-92E1A934646B-LeaderElection2-2] INFO server.GrpcServerProtocolClient: Build channel for df791463-f6fd-4ea8-8a12-ffd66d649f8d
om2_1  | 	at org.apache.hadoop.security.UserGroupInformation.doAs(UserGroupInformation.java:1878)
scm_1  | 2022-11-27 12:30:22,474 [main] INFO server.RaftServer: 254a0b1e-21e5-46fe-9490-9cbc63482508: addNew group-ACB2F6D33F51:[254a0b1e-21e5-46fe-9490-9cbc63482508|rpc:e9433b4ee00c:9894|priority:0|startupRole:FOLLOWER] returns group-ACB2F6D33F51:java.util.concurrent.CompletableFuture@6e16b8b5[Not completed]
om3_1  | 	at org.apache.hadoop.ipc.RPC$Server.call(RPC.java:1093)
om1_1  | 2022-11-27 12:31:47,591 [grpc-default-executor-0] INFO server.GrpcServerProtocolService: om1: Completed INSTALL_SNAPSHOT, lastRequest: om2->om1#0-t1,notify:(t:1, i:415)
om1_1  | 2022-11-27 12:31:47,593 [om1-server-thread1] INFO server.RaftServer$Division: om1@group-D66704EFC61C: Failed appendEntries as snapshot (415) installation is in progress
om2_1  | 	at org.apache.hadoop.ipc.Server$Handler.run(Server.java:2976)
om3_1  | 	at org.apache.hadoop.ipc.Server$RpcCall.run(Server.java:1043)
om3_1  | 	at org.apache.hadoop.ipc.Server$RpcCall.run(Server.java:971)
om3_1  | 	at java.base/java.security.AccessController.doPrivileged(Native Method)
om3_1  | 	at java.base/javax.security.auth.Subject.doAs(Subject.java:423)
om3_1  | 	at org.apache.hadoop.security.UserGroupInformation.doAs(UserGroupInformation.java:1878)
om1_1  | 2022-11-27 12:31:47,594 [om1-server-thread1] INFO server.RaftServer$Division: om1@group-D66704EFC61C: inconsistency entries. Reply:om2<-om1#3398:FAIL-t1,INCONSISTENCY,nextIndex=414,followerCommit=412,matchIndex=-1
dn2_1  | 2022-11-27 12:31:06,372 [grpc-default-executor-1] INFO server.RaftServer$Division: 6866ef7b-049d-4cb1-b25a-9cff228dfaac@group-92E1A934646B: receive requestVote(ELECTION, ce1cc1e7-c57c-4270-a94b-bc89afe1be79, group-92E1A934646B, 3, (t:0, i:0))
dn3_1  | 2022-11-27 12:30:50,767 [pool-22-thread-1] INFO server.RaftServerConfigKeys: raft.server.log.unsafe-flush.enabled = false (default)
om2_1  | , while invoking $Proxy31.send over nodeId=scmNodeId,nodeAddress=scm/10.9.0.17:9863 after 9 failover attempts. Trying to failover after sleeping for 2000ms.
om1_1  | 2022-11-27 12:31:47,598 [grpc-default-executor-0] INFO impl.SnapshotInstallationHandler: om1@group-D66704EFC61C: receive installSnapshot: om2->om1#0-t1,notify:(t:1, i:415)
dn2_1  | 2022-11-27 12:31:06,372 [grpc-default-executor-1] INFO impl.VoteContext: 6866ef7b-049d-4cb1-b25a-9cff228dfaac@group-92E1A934646B-CANDIDATE: reject ELECTION from ce1cc1e7-c57c-4270-a94b-bc89afe1be79: already has voted for 6866ef7b-049d-4cb1-b25a-9cff228dfaac at current term 3
dn2_1  | 2022-11-27 12:31:06,372 [grpc-default-executor-1] INFO server.RaftServer$Division: 6866ef7b-049d-4cb1-b25a-9cff228dfaac@group-92E1A934646B replies to ELECTION vote request: ce1cc1e7-c57c-4270-a94b-bc89afe1be79<-6866ef7b-049d-4cb1-b25a-9cff228dfaac#0:FAIL-t3. Peer's state: 6866ef7b-049d-4cb1-b25a-9cff228dfaac@group-92E1A934646B:t3, leader=null, voted=6866ef7b-049d-4cb1-b25a-9cff228dfaac, raftlog=Memoized:6866ef7b-049d-4cb1-b25a-9cff228dfaac@group-92E1A934646B-SegmentedRaftLog:OPENED:c-1, conf=-1: peers:[ce1cc1e7-c57c-4270-a94b-bc89afe1be79|rpc:10.9.0.13:9856|admin:10.9.0.13:9857|client:10.9.0.13:9858|dataStream:|priority:0|startupRole:FOLLOWER, df791463-f6fd-4ea8-8a12-ffd66d649f8d|rpc:10.9.0.11:9856|admin:10.9.0.11:9857|client:10.9.0.11:9858|dataStream:|priority:0|startupRole:FOLLOWER, 6866ef7b-049d-4cb1-b25a-9cff228dfaac|rpc:10.9.0.12:9856|admin:10.9.0.12:9857|client:10.9.0.12:9858|dataStream:|priority:1|startupRole:FOLLOWER]|listeners:[], old=null
om2_1  | OM initialization succeeded.Current cluster id for sd=/data/metadata/om;cid=CID-7ea7c981-1120-4447-901d-acb2f6d33f51;layoutVersion=3
om1_1  | 2022-11-27 12:31:47,599 [grpc-default-executor-0] INFO impl.SnapshotInstallationHandler: om1@group-D66704EFC61C: reply installSnapshot: om2<-om1#0:FAIL-t1,IN_PROGRESS
scm_1  | 2022-11-27 12:30:22,636 [pool-2-thread-1] INFO server.RaftServer$Division: 254a0b1e-21e5-46fe-9490-9cbc63482508: new RaftServerImpl for group-ACB2F6D33F51:[254a0b1e-21e5-46fe-9490-9cbc63482508|rpc:e9433b4ee00c:9894|priority:0|startupRole:FOLLOWER] with SCMStateMachine:uninitialized
scm_1  | 2022-11-27 12:30:22,663 [pool-2-thread-1] INFO server.RaftServerConfigKeys: raft.server.rpc.timeout.min = 5000ms (custom)
om2_1  | 2022-11-27 12:30:41,421 [shutdown-hook-0] INFO om.OzoneManagerStarter: SHUTDOWN_MSG: 
om3_1  | 	at org.apache.hadoop.ipc.Server$Handler.run(Server.java:2976)
om3_1  | , while invoking $Proxy31.send over nodeId=scmNodeId,nodeAddress=scm/10.9.0.17:9863 after 9 failover attempts. Trying to failover after sleeping for 2000ms.
om1_1  | 2022-11-27 12:31:47,603 [grpc-default-executor-0] INFO server.GrpcServerProtocolService: om1: Completed INSTALL_SNAPSHOT, lastRequest: om2->om1#0-t1,notify:(t:1, i:415)
om2_1  | /************************************************************
om3_1  | OM initialization succeeded.Current cluster id for sd=/data/metadata/om;cid=CID-7ea7c981-1120-4447-901d-acb2f6d33f51;layoutVersion=3
om3_1  | 2022-11-27 12:30:43,054 [shutdown-hook-0] INFO om.OzoneManagerStarter: SHUTDOWN_MSG: 
om1_1  | 2022-11-27 12:31:47,609 [om1-server-thread1] INFO server.RaftServer$Division: om1@group-D66704EFC61C: Failed appendEntries as snapshot (415) installation is in progress
om2_1  | SHUTDOWN_MSG: Shutting down OzoneManager at 3b2275fd65e6/10.9.0.15
dn3_1  | 2022-11-27 12:30:50,768 [pool-22-thread-1] INFO server.RaftServerConfigKeys: raft.server.log.async-flush.enabled = false (default)
om1_1  | 2022-11-27 12:31:47,609 [om1-server-thread1] INFO server.RaftServer$Division: om1@group-D66704EFC61C: inconsistency entries. Reply:om2<-om1#3399:FAIL-t1,INCONSISTENCY,nextIndex=414,followerCommit=412,matchIndex=-1
om2_1  | ************************************************************/
scm_1  | 2022-11-27 12:30:22,679 [pool-2-thread-1] INFO server.RaftServerConfigKeys: raft.server.rpc.timeout.max = 5200ms (custom)
om1_1  | 2022-11-27 12:31:47,618 [grpc-default-executor-0] INFO impl.SnapshotInstallationHandler: om1@group-D66704EFC61C: receive installSnapshot: om2->om1#0-t1,notify:(t:1, i:415)
om3_1  | /************************************************************
om3_1  | SHUTDOWN_MSG: Shutting down OzoneManager at 414f49e9b605/10.9.0.16
om3_1  | ************************************************************/
om2_1  | No '-XX:...' jvm parameters are set. Adding safer GC settings '-XX:ParallelGCThreads=8 -XX:+UseConcMarkSweepGC -XX:CMSInitiatingOccupancyFraction=70 -XX:+CMSParallelRemarkEnabled' to the OZONE_OPTS
om1_1  | 2022-11-27 12:31:47,621 [grpc-default-executor-0] INFO impl.SnapshotInstallationHandler: om1@group-D66704EFC61C: reply installSnapshot: om2<-om1#0:FAIL-t1,IN_PROGRESS
om3_1  | No '-XX:...' jvm parameters are set. Adding safer GC settings '-XX:ParallelGCThreads=8 -XX:+UseConcMarkSweepGC -XX:CMSInitiatingOccupancyFraction=70 -XX:+CMSParallelRemarkEnabled' to the OZONE_OPTS
om3_1  | OpenJDK 64-Bit Server VM warning: Option UseConcMarkSweepGC was deprecated in version 9.0 and will likely be removed in a future release.
om3_1  | 2022-11-27 12:30:48,734 [main] INFO om.OzoneManagerStarter: STARTUP_MSG: 
om2_1  | OpenJDK 64-Bit Server VM warning: Option UseConcMarkSweepGC was deprecated in version 9.0 and will likely be removed in a future release.
om1_1  | 2022-11-27 12:31:47,622 [grpc-default-executor-0] INFO server.GrpcServerProtocolService: om1: Completed INSTALL_SNAPSHOT, lastRequest: om2->om1#0-t1,notify:(t:1, i:415)
om3_1  | /************************************************************
dn3_1  | 2022-11-27 12:30:50,768 [pool-22-thread-1] INFO server.RaftServerConfigKeys: raft.server.log.statemachine.data.caching.enabled = true (custom)
dn3_1  | 2022-11-27 12:30:50,769 [pool-22-thread-1] INFO segmented.SegmentedRaftLogWorker: ce1cc1e7-c57c-4270-a94b-bc89afe1be79@group-92E1A934646B-SegmentedRaftLogWorker: flushIndex: setUnconditionally 0 -> -1
om2_1  | 2022-11-27 12:30:43,505 [main] INFO om.OzoneManagerStarter: STARTUP_MSG: 
om1_1  | 2022-11-27 12:31:47,633 [om1-server-thread1] INFO server.RaftServer$Division: om1@group-D66704EFC61C: Failed appendEntries as snapshot (415) installation is in progress
om3_1  | STARTUP_MSG: Starting OzoneManager
om3_1  | STARTUP_MSG:   host = 414f49e9b605/10.9.0.16
dn3_1  | 2022-11-27 12:30:50,769 [pool-22-thread-1] INFO segmented.SegmentedRaftLogWorker: ce1cc1e7-c57c-4270-a94b-bc89afe1be79@group-92E1A934646B-SegmentedRaftLogWorker: safeCacheEvictIndex: setUnconditionally 0 -> -1
dn3_1  | 2022-11-27 12:30:50,770 [pool-22-thread-1] INFO server.RaftServer$Division: ce1cc1e7-c57c-4270-a94b-bc89afe1be79@group-92E1A934646B: start as a follower, conf=-1: peers:[ce1cc1e7-c57c-4270-a94b-bc89afe1be79|rpc:10.9.0.13:9856|admin:10.9.0.13:9857|client:10.9.0.13:9858|priority:0|startupRole:FOLLOWER, df791463-f6fd-4ea8-8a12-ffd66d649f8d|rpc:10.9.0.11:9856|admin:10.9.0.11:9857|client:10.9.0.11:9858|priority:0|startupRole:FOLLOWER, 6866ef7b-049d-4cb1-b25a-9cff228dfaac|rpc:10.9.0.12:9856|admin:10.9.0.12:9857|client:10.9.0.12:9858|priority:1|startupRole:FOLLOWER]|listeners:[], old=null
dn3_1  | 2022-11-27 12:30:50,776 [pool-22-thread-1] INFO server.RaftServer$Division: ce1cc1e7-c57c-4270-a94b-bc89afe1be79@group-92E1A934646B: changes role from      null to FOLLOWER at term 0 for startAsFollower
om2_1  | /************************************************************
scm_1  | 2022-11-27 12:30:22,682 [pool-2-thread-1] INFO server.RaftServerConfigKeys: raft.server.rpc.sleep.time = 25ms (default)
scm_1  | 2022-11-27 12:30:22,682 [pool-2-thread-1] INFO server.RaftServerConfigKeys: raft.server.rpc.slowness.timeout = 120000ms (custom)
scm_1  | 2022-11-27 12:30:22,682 [pool-2-thread-1] INFO server.RaftServerConfigKeys: raft.server.leaderelection.leader.step-down.wait-time = 10s (default)
om1_1  | 2022-11-27 12:31:47,633 [om1-server-thread1] INFO server.RaftServer$Division: om1@group-D66704EFC61C: inconsistency entries. Reply:om2<-om1#3400:FAIL-t1,INCONSISTENCY,nextIndex=414,followerCommit=412,matchIndex=-1
om2_1  | STARTUP_MSG: Starting OzoneManager
scm_1  | 2022-11-27 12:30:22,686 [pool-2-thread-1] INFO server.RaftServerConfigKeys: raft.server.sleep.deviation.threshold = 300ms (default)
om3_1  | STARTUP_MSG:   args = [--]
om3_1  | STARTUP_MSG:   version = 1.3.0-SNAPSHOT
om1_1  | 2022-11-27 12:31:47,639 [grpc-default-executor-0] INFO impl.SnapshotInstallationHandler: om1@group-D66704EFC61C: receive installSnapshot: om2->om1#0-t1,notify:(t:1, i:415)
dn3_1  | 2022-11-27 12:30:50,778 [pool-22-thread-1] INFO impl.RoleInfo: ce1cc1e7-c57c-4270-a94b-bc89afe1be79: start ce1cc1e7-c57c-4270-a94b-bc89afe1be79@group-92E1A934646B-FollowerState
om2_1  | STARTUP_MSG:   host = 3b2275fd65e6/10.9.0.15
om1_1  | 2022-11-27 12:31:47,639 [grpc-default-executor-0] INFO impl.SnapshotInstallationHandler: om1@group-D66704EFC61C: reply installSnapshot: om2<-om1#0:FAIL-t1,IN_PROGRESS
scm_1  | 2022-11-27 12:30:22,713 [pool-2-thread-1] INFO server.RaftServer$Division: 254a0b1e-21e5-46fe-9490-9cbc63482508@group-ACB2F6D33F51: ConfigurationManager, init=-1: peers:[254a0b1e-21e5-46fe-9490-9cbc63482508|rpc:e9433b4ee00c:9894|priority:0|startupRole:FOLLOWER]|listeners:[], old=null, confs=<EMPTY_MAP>
scm_1  | 2022-11-27 12:30:22,745 [pool-2-thread-1] INFO server.RaftServerConfigKeys: raft.server.storage.dir = [/data/metadata/scm-ha] (custom)
om2_1  | STARTUP_MSG:   args = [--]
dn2_1  | 2022-11-27 12:31:06,479 [6866ef7b-049d-4cb1-b25a-9cff228dfaac@group-92E1A934646B-LeaderElection2] INFO impl.LeaderElection: 6866ef7b-049d-4cb1-b25a-9cff228dfaac@group-92E1A934646B-LeaderElection2: ELECTION REJECTED received 2 response(s) and 0 exception(s):
dn2_1  | 2022-11-27 12:31:06,480 [6866ef7b-049d-4cb1-b25a-9cff228dfaac@group-92E1A934646B-LeaderElection2] INFO impl.LeaderElection:   Response 0: 6866ef7b-049d-4cb1-b25a-9cff228dfaac<-ce1cc1e7-c57c-4270-a94b-bc89afe1be79#0:FAIL-t3
om1_1  | 2022-11-27 12:31:47,641 [grpc-default-executor-0] INFO server.GrpcServerProtocolService: om1: Completed INSTALL_SNAPSHOT, lastRequest: om2->om1#0-t1,notify:(t:1, i:415)
om2_1  | STARTUP_MSG:   version = 1.3.0-SNAPSHOT
dn2_1  | 2022-11-27 12:31:06,480 [6866ef7b-049d-4cb1-b25a-9cff228dfaac@group-92E1A934646B-LeaderElection2] INFO impl.LeaderElection:   Response 1: 6866ef7b-049d-4cb1-b25a-9cff228dfaac<-df791463-f6fd-4ea8-8a12-ffd66d649f8d#0:FAIL-t3
dn2_1  | 2022-11-27 12:31:06,480 [6866ef7b-049d-4cb1-b25a-9cff228dfaac@group-92E1A934646B-LeaderElection2] INFO impl.LeaderElection: 6866ef7b-049d-4cb1-b25a-9cff228dfaac@group-92E1A934646B-LeaderElection2 ELECTION round 0: result REJECTED
om1_1  | 2022-11-27 12:31:47,643 [om1-server-thread1] INFO server.RaftServer$Division: om1@group-D66704EFC61C: Failed appendEntries as snapshot (415) installation is in progress
dn3_1  | 2022-11-27 12:30:50,784 [pool-22-thread-1] INFO util.JmxRegister: Successfully registered JMX Bean with object name Ratis:service=RaftServer,group=group-92E1A934646B,id=ce1cc1e7-c57c-4270-a94b-bc89afe1be79
dn3_1  | 2022-11-27 12:30:50,784 [pool-22-thread-1] INFO server.RaftServerConfigKeys: raft.server.snapshot.auto.trigger.enabled = true (custom)
