scm_1    | 2021-06-02 04:04:35,293 [main] INFO container.ReplicationManager: Starting Replication Monitor Thread.
dn2_1    | 2021-06-02 04:04:32,420 [pool-25-thread-1] INFO server.RaftServerConfigKeys: raft.server.log.statemachine.data.sync.timeout.retry = -1 (default)
dn3_1    | 2021-06-02 04:04:33,879 [main] INFO http.HttpServer2: Added filter static_user_filter (class=org.apache.hadoop.http.lib.StaticUserWebFilter$StaticUserFilter) to context static
dn1_1    | 2021-06-02 04:04:46,228 [grpc-default-executor-1] INFO server.RaftServer$Division: e542080b-5f3f-451e-8277-5339cf311b2c@group-251559D2F9BC: receive requestVote(ELECTION, 4bf2edb7-02c2-4b89-960e-b50601b071d5, group-251559D2F9BC, 4, (t:3, i:0))
s3g_1    | WARNING: Illegal reflective access by org.jboss.classfilewriter.ClassFile$1 (file:/opt/hadoop/share/ozone/lib/weld-servlet-2.4.7.Final.jar) to method java.lang.ClassLoader.defineClass(java.lang.String,byte[],int,int)
recon_1  | 2021-06-02 04:04:27,621 [main] INFO http.BaseHttpServer: Starting Web-server for recon at: http://0.0.0.0:9888
scm_1    | 2021-06-02 04:04:35,367 [ReplicationMonitor] INFO container.ReplicationManager: Replication Monitor Thread took 53 milliseconds for processing 1 containers.
dn2_1    | 2021-06-02 04:04:32,422 [pool-25-thread-1] INFO server.RaftServerConfigKeys: raft.server.log.write.buffer.size = 1048576 (custom)
dn3_1    | 2021-06-02 04:04:33,879 [main] INFO http.HttpServer2: Added filter static_user_filter (class=org.apache.hadoop.http.lib.StaticUserWebFilter$StaticUserFilter) to context logs
dn1_1    | 2021-06-02 04:04:46,228 [grpc-default-executor-1] INFO impl.VoteContext: e542080b-5f3f-451e-8277-5339cf311b2c@group-251559D2F9BC-CANDIDATE: reject ELECTION from 4bf2edb7-02c2-4b89-960e-b50601b071d5: already has voted for e542080b-5f3f-451e-8277-5339cf311b2c at current term 4
s3g_1    | WARNING: Please consider reporting this to the maintainers of org.jboss.classfilewriter.ClassFile$1
recon_1  | 2021-06-02 04:04:27,724 [main] INFO http.BaseHttpServer: Hadoop Security Enabled: false Ozone Security Enabled: false Ozone HTTP Security Enabled: false 
scm_1    | 2021-06-02 04:04:35,383 [main] INFO safemode.HealthyPipelineSafeModeRule: Total pipeline count is 2, healthy pipeline threshold count is 1
dn2_1    | 2021-06-02 04:04:32,434 [pool-25-thread-1] INFO server.RaftServerConfigKeys: raft.server.log.statemachine.data.caching.enabled = true (custom)
dn3_1    | 2021-06-02 04:04:34,220 [main] INFO http.HttpServer2: Jetty bound to port 9882
dn1_1    | 2021-06-02 04:04:46,241 [grpc-default-executor-1] INFO server.RaftServer$Division: e542080b-5f3f-451e-8277-5339cf311b2c@group-251559D2F9BC replies to ELECTION vote request: 4bf2edb7-02c2-4b89-960e-b50601b071d5<-e542080b-5f3f-451e-8277-5339cf311b2c#0:FAIL-t4. Peer's state: e542080b-5f3f-451e-8277-5339cf311b2c@group-251559D2F9BC:t4, leader=null, voted=e542080b-5f3f-451e-8277-5339cf311b2c, raftlog=e542080b-5f3f-451e-8277-5339cf311b2c@group-251559D2F9BC-SegmentedRaftLog:OPENED:c-1,f0,i0, conf=0: [e542080b-5f3f-451e-8277-5339cf311b2c|rpc:10.9.0.11:9856|admin:10.9.0.11:9857|client:10.9.0.11:9858|dataStream:|priority:0, 84c6f59a-9ba0-4fe2-8d9b-d4a6fd9628c7|rpc:10.9.0.13:9856|admin:10.9.0.13:9857|client:10.9.0.13:9858|dataStream:|priority:0, 4bf2edb7-02c2-4b89-960e-b50601b071d5|rpc:10.9.0.12:9856|admin:10.9.0.12:9857|client:10.9.0.12:9858|dataStream:|priority:1], old=null
s3g_1    | WARNING: Use --illegal-access=warn to enable warnings of further illegal reflective access operations
recon_1  | 2021-06-02 04:04:27,786 [main] INFO util.log: Logging initialized @22068ms to org.eclipse.jetty.util.log.Slf4jLog
scm_1    | 2021-06-02 04:04:35,385 [main] INFO safemode.OneReplicaPipelineSafeModeRule: Total pipeline count is 2, pipeline's with at least one datanode reported threshold count is 2
dn2_1    | 2021-06-02 04:04:32,478 [pool-25-thread-1] INFO server.RaftServer$Division: 4bf2edb7-02c2-4b89-960e-b50601b071d5@group-77E09DF76807: set configuration 0: [e542080b-5f3f-451e-8277-5339cf311b2c|rpc:10.9.0.11:9856|admin:10.9.0.11:9857|client:10.9.0.11:9858|dataStream:|priority:0, 84c6f59a-9ba0-4fe2-8d9b-d4a6fd9628c7|rpc:10.9.0.13:9856|admin:10.9.0.13:9857|client:10.9.0.13:9858|dataStream:|priority:1, 4bf2edb7-02c2-4b89-960e-b50601b071d5|rpc:10.9.0.12:9856|admin:10.9.0.12:9857|client:10.9.0.12:9858|dataStream:|priority:0], old=null
dn3_1    | 2021-06-02 04:04:34,231 [main] INFO server.Server: jetty-9.4.35.v20201120; built: 2020-11-20T21:17:03.964Z; git: bdc54f03a5e0a7e280fab27f55c3c75ee8da89fb; jvm 11.0.10+9-LTS
dn1_1    | 2021-06-02 04:04:46,248 [grpc-default-executor-0] INFO server.RaftServer$Division: e542080b-5f3f-451e-8277-5339cf311b2c@group-77E09DF76807 replies to ELECTION vote request: 4bf2edb7-02c2-4b89-960e-b50601b071d5<-e542080b-5f3f-451e-8277-5339cf311b2c#0:FAIL-t2. Peer's state: e542080b-5f3f-451e-8277-5339cf311b2c@group-77E09DF76807:t2, leader=null, voted=e542080b-5f3f-451e-8277-5339cf311b2c, raftlog=e542080b-5f3f-451e-8277-5339cf311b2c@group-77E09DF76807-SegmentedRaftLog:OPENED:c2,f4,i4, conf=0: [e542080b-5f3f-451e-8277-5339cf311b2c|rpc:10.9.0.11:9856|admin:10.9.0.11:9857|client:10.9.0.11:9858|dataStream:|priority:0, 84c6f59a-9ba0-4fe2-8d9b-d4a6fd9628c7|rpc:10.9.0.13:9856|admin:10.9.0.13:9857|client:10.9.0.13:9858|dataStream:|priority:1, 4bf2edb7-02c2-4b89-960e-b50601b071d5|rpc:10.9.0.12:9856|admin:10.9.0.12:9857|client:10.9.0.12:9858|dataStream:|priority:0], old=null
s3g_1    | WARNING: All illegal access operations will be denied in a future release
recon_1  | 2021-06-02 04:04:28,357 [main] INFO server.AuthenticationFilter: Unable to initialize FileSignerSecretProvider, falling back to use random secrets.
scm_1    | 2021-06-02 04:04:37,400 [main] INFO ipc.CallQueueManager: Using callQueue: class java.util.concurrent.LinkedBlockingQueue, queueCapacity: 10000, scheduler: class org.apache.hadoop.ipc.DefaultRpcScheduler, ipcBackoff: false.
dn2_1    | 2021-06-02 04:04:32,488 [pool-25-thread-1] INFO segmented.LogSegment: Successfully read 5 entries from segment file /data/metadata/ratis/5a228b76-76c4-417f-b66b-77e09df76807/current/log_inprogress_0
dn3_1    | 2021-06-02 04:04:34,312 [pool-25-thread-1] INFO server.RaftServerConfigKeys: raft.server.snapshot.auto.trigger.enabled = true (custom)
dn1_1    | 2021-06-02 04:04:46,290 [grpc-default-executor-0] INFO server.RaftServer$Division: e542080b-5f3f-451e-8277-5339cf311b2c@group-77E09DF76807: receive requestVote(ELECTION, 84c6f59a-9ba0-4fe2-8d9b-d4a6fd9628c7, group-77E09DF76807, 2, (t:1, i:4))
s3g_1    | Jun 02, 2021 4:04:33 AM org.glassfish.jersey.internal.Errors logErrors
recon_1  | 2021-06-02 04:04:28,404 [main] WARN http.HttpRequestLog: Jetty request log can only be enabled using Log4j
scm_1    | 2021-06-02 04:04:37,466 [Socket Reader #1 for port 9861] INFO ipc.Server: Starting Socket Reader #1 for port 9861
dn2_1    | 2021-06-02 04:04:32,517 [pool-25-thread-1] INFO segmented.SegmentedRaftLogWorker: 4bf2edb7-02c2-4b89-960e-b50601b071d5@group-77E09DF76807-SegmentedRaftLogWorker: flushIndex: setUnconditionally 0 -> 4
dn3_1    | 2021-06-02 04:04:34,321 [pool-25-thread-1] INFO server.RaftServerConfigKeys: raft.server.snapshot.auto.trigger.threshold = 10000 (custom)
dn1_1    | 2021-06-02 04:04:46,291 [grpc-default-executor-0] INFO impl.VoteContext: e542080b-5f3f-451e-8277-5339cf311b2c@group-77E09DF76807-CANDIDATE: reject ELECTION from 84c6f59a-9ba0-4fe2-8d9b-d4a6fd9628c7: already has voted for e542080b-5f3f-451e-8277-5339cf311b2c at current term 2
s3g_1    | WARNING: The following warnings have been detected: WARNING: A HTTP GET method, public javax.ws.rs.core.Response org.apache.hadoop.ozone.s3.endpoint.ObjectEndpoint.get(java.lang.String,java.lang.String,java.lang.String,int,java.lang.String,java.io.InputStream) throws java.io.IOException,org.apache.hadoop.ozone.s3.exception.OS3Exception, should not consume any entity.
recon_1  | 2021-06-02 04:04:28,422 [main] INFO http.HttpServer2: Added global filter 'safety' (class=org.apache.hadoop.hdds.server.http.HttpServer2$QuotingInputFilter)
scm_1    | 2021-06-02 04:04:37,584 [Listener at 0.0.0.0/9861] INFO ipc.CallQueueManager: Using callQueue: class java.util.concurrent.LinkedBlockingQueue, queueCapacity: 10000, scheduler: class org.apache.hadoop.ipc.DefaultRpcScheduler, ipcBackoff: false.
dn2_1    | 2021-06-02 04:04:32,528 [pool-25-thread-1] INFO segmented.SegmentedRaftLogWorker: 4bf2edb7-02c2-4b89-960e-b50601b071d5@group-77E09DF76807-SegmentedRaftLogWorker: safeCacheEvictIndex: setUnconditionally 0 -> -1
dn3_1    | 2021-06-02 04:04:34,329 [pool-25-thread-1] INFO server.RaftServerConfigKeys: raft.server.snapshot.retention.file.num = 5 (custom)
dn1_1    | 2021-06-02 04:04:46,294 [grpc-default-executor-0] INFO server.RaftServer$Division: e542080b-5f3f-451e-8277-5339cf311b2c@group-77E09DF76807 replies to ELECTION vote request: 84c6f59a-9ba0-4fe2-8d9b-d4a6fd9628c7<-e542080b-5f3f-451e-8277-5339cf311b2c#0:FAIL-t2. Peer's state: e542080b-5f3f-451e-8277-5339cf311b2c@group-77E09DF76807:t2, leader=null, voted=e542080b-5f3f-451e-8277-5339cf311b2c, raftlog=e542080b-5f3f-451e-8277-5339cf311b2c@group-77E09DF76807-SegmentedRaftLog:OPENED:c2,f4,i4, conf=0: [e542080b-5f3f-451e-8277-5339cf311b2c|rpc:10.9.0.11:9856|admin:10.9.0.11:9857|client:10.9.0.11:9858|dataStream:|priority:0, 84c6f59a-9ba0-4fe2-8d9b-d4a6fd9628c7|rpc:10.9.0.13:9856|admin:10.9.0.13:9857|client:10.9.0.13:9858|dataStream:|priority:1, 4bf2edb7-02c2-4b89-960e-b50601b071d5|rpc:10.9.0.12:9856|admin:10.9.0.12:9857|client:10.9.0.12:9858|dataStream:|priority:0], old=null
s3g_1    | 
recon_1  | 2021-06-02 04:04:28,426 [main] INFO http.HttpServer2: Added filter static_user_filter (class=org.apache.hadoop.http.lib.StaticUserWebFilter$StaticUserFilter) to context recon
scm_1    | 2021-06-02 04:04:37,607 [Socket Reader #1 for port 9863] INFO ipc.Server: Starting Socket Reader #1 for port 9863
dn2_1    | 2021-06-02 04:04:32,552 [pool-25-thread-1] INFO raftlog.RaftLog: 4bf2edb7-02c2-4b89-960e-b50601b071d5@group-77E09DF76807-SegmentedRaftLog: commitIndex: updateToMax old=-1, new=2, updated? true
dn3_1    | 2021-06-02 04:04:34,335 [pool-25-thread-1] INFO server.RaftServerConfigKeys: raft.server.log.purge.upto.snapshot.index = false (default)
dn1_1    | 2021-06-02 04:04:46,290 [e542080b-5f3f-451e-8277-5339cf311b2c@group-77E09DF76807-LeaderElection2] INFO impl.LeaderElection: e542080b-5f3f-451e-8277-5339cf311b2c@group-77E09DF76807-LeaderElection2: ELECTION REJECTED received 1 response(s) and 0 exception(s):
recon_1  | 2021-06-02 04:04:28,439 [main] INFO http.HttpServer2: Added filter static_user_filter (class=org.apache.hadoop.http.lib.StaticUserWebFilter$StaticUserFilter) to context static
dn3_1    | 2021-06-02 04:04:34,341 [pool-25-thread-1] INFO server.RaftServerConfigKeys: raft.server.retrycache.expirytime = 600000ms (custom)
dn2_1    | 2021-06-02 04:04:32,568 [pool-25-thread-1] INFO server.RaftServerConfigKeys: raft.server.snapshot.auto.trigger.enabled = true (custom)
dn1_1    | 2021-06-02 04:04:46,321 [e542080b-5f3f-451e-8277-5339cf311b2c@group-251559D2F9BC-LeaderElection1] INFO impl.LeaderElection: e542080b-5f3f-451e-8277-5339cf311b2c@group-251559D2F9BC-LeaderElection1: ELECTION REJECTED received 2 response(s) and 0 exception(s):
s3g_1    | 2021-06-02 04:04:33,598 [main] INFO handler.ContextHandler: Started o.e.j.w.WebAppContext@17c4dc5b{s3gateway,/,file:///tmp/jetty-0_0_0_0-9878-ozone-s3gateway-1_2_0-SNAPSHOT_jar-_-any-4688711907773177448/webapp/,AVAILABLE}{jar:file:/opt/hadoop/share/ozone/lib/ozone-s3gateway-1.2.0-SNAPSHOT.jar!/webapps/s3gateway}
scm_1    | 2021-06-02 04:04:37,645 [Listener at 0.0.0.0/9863] INFO ipc.CallQueueManager: Using callQueue: class java.util.concurrent.LinkedBlockingQueue, queueCapacity: 10000, scheduler: class org.apache.hadoop.ipc.DefaultRpcScheduler, ipcBackoff: false.
recon_1  | 2021-06-02 04:04:28,439 [main] INFO http.HttpServer2: Added filter static_user_filter (class=org.apache.hadoop.http.lib.StaticUserWebFilter$StaticUserFilter) to context logs
dn3_1    | 2021-06-02 04:04:34,341 [pool-25-thread-1] INFO server.RaftServerConfigKeys: raft.server.retrycache.statistics.expirytime = 100?s (default)
dn2_1    | 2021-06-02 04:04:32,580 [pool-25-thread-1] INFO server.RaftServerConfigKeys: raft.server.snapshot.auto.trigger.threshold = 10000 (custom)
dn1_1    | 2021-06-02 04:04:46,324 [e542080b-5f3f-451e-8277-5339cf311b2c@group-251559D2F9BC-LeaderElection1] INFO impl.LeaderElection:   Response 0: e542080b-5f3f-451e-8277-5339cf311b2c<-84c6f59a-9ba0-4fe2-8d9b-d4a6fd9628c7#0:FAIL-t4
s3g_1    | 2021-06-02 04:04:33,640 [main] INFO server.AbstractConnector: Started ServerConnector@1787bc24{HTTP/1.1, (http/1.1)}{0.0.0.0:9878}
scm_1    | 2021-06-02 04:04:37,654 [Socket Reader #1 for port 9860] INFO ipc.Server: Starting Socket Reader #1 for port 9860
recon_1  | 2021-06-02 04:04:29,212 [main] INFO tasks.ReconTaskControllerImpl: Registered task ContainerKeyMapperTask with controller.
dn3_1    | 2021-06-02 04:04:34,456 [pool-25-thread-1] INFO metrics.RatisMetrics: Creating Metrics Registry : ratis.leader_election.84c6f59a-9ba0-4fe2-8d9b-d4a6fd9628c7@group-251559D2F9BC
dn2_1    | 2021-06-02 04:04:32,580 [pool-25-thread-1] INFO server.RaftServerConfigKeys: raft.server.snapshot.retention.file.num = 5 (custom)
dn1_1    | 2021-06-02 04:04:46,324 [e542080b-5f3f-451e-8277-5339cf311b2c@group-251559D2F9BC-LeaderElection1] INFO impl.LeaderElection:   Response 1: e542080b-5f3f-451e-8277-5339cf311b2c<-4bf2edb7-02c2-4b89-960e-b50601b071d5#0:FAIL-t4
s3g_1    | 2021-06-02 04:04:33,644 [main] INFO server.Server: Started @26985ms
scm_1    | 2021-06-02 04:04:37,693 [Listener at 0.0.0.0/9860] INFO server.StorageContainerManager: 
recon_1  | 2021-06-02 04:04:29,550 [main] INFO tasks.ReconTaskControllerImpl: Registered task FileSizeCountTask with controller.
dn3_1    | 2021-06-02 04:04:34,472 [pool-25-thread-1] INFO metrics.RatisMetrics: Creating Metrics Registry : ratis.server.84c6f59a-9ba0-4fe2-8d9b-d4a6fd9628c7@group-251559D2F9BC
dn2_1    | 2021-06-02 04:04:32,581 [pool-25-thread-1] INFO server.RaftServerConfigKeys: raft.server.log.purge.upto.snapshot.index = false (default)
dn1_1    | 2021-06-02 04:04:46,321 [e542080b-5f3f-451e-8277-5339cf311b2c@group-77E09DF76807-LeaderElection2] INFO impl.LeaderElection:   Response 0: e542080b-5f3f-451e-8277-5339cf311b2c<-84c6f59a-9ba0-4fe2-8d9b-d4a6fd9628c7#0:FAIL-t2
s3g_1    | 2021-06-02 04:04:33,646 [main] INFO http.BaseHttpServer: HTTP server of s3gateway listening at http://0.0.0.0:9878
scm_1    | Container Balancer status:
recon_1  | 2021-06-02 04:04:29,606 [main] INFO tasks.ReconTaskControllerImpl: Registered task TableCountTask with controller.
dn3_1    | 2021-06-02 04:04:34,547 [main] INFO server.session: DefaultSessionIdManager workerName=node0
dn2_1    | 2021-06-02 04:04:32,581 [pool-25-thread-1] INFO server.RaftServerConfigKeys: raft.server.retrycache.expirytime = 600000ms (custom)
dn1_1    | 2021-06-02 04:04:46,325 [e542080b-5f3f-451e-8277-5339cf311b2c@group-251559D2F9BC-LeaderElection1] INFO impl.LeaderElection: e542080b-5f3f-451e-8277-5339cf311b2c@group-251559D2F9BC-LeaderElection1 ELECTION round 0: result REJECTED
dn1_1    | 2021-06-02 04:04:46,326 [e542080b-5f3f-451e-8277-5339cf311b2c@group-251559D2F9BC-LeaderElection1] INFO server.RaftServer$Division: e542080b-5f3f-451e-8277-5339cf311b2c@group-251559D2F9BC: changes role from CANDIDATE to FOLLOWER at term 4 for REJECTED
scm_1    | Key                            Value
recon_1  | 2021-06-02 04:04:29,777 [main] INFO ozone.OmUtils: ozone.om.internal.service.id is not defined, falling back to ozone.om.service.ids to find serviceID for OzoneManager if it is HA enabled cluster
dn3_1    | 2021-06-02 04:04:34,547 [main] INFO server.session: No SessionScavenger set, using defaults
dn2_1    | 2021-06-02 04:04:32,584 [pool-25-thread-1] INFO server.RaftServerConfigKeys: raft.server.retrycache.statistics.expirytime = 100?s (default)
scm_1    | Running                        true
dn1_1    | 2021-06-02 04:04:46,327 [e542080b-5f3f-451e-8277-5339cf311b2c@group-251559D2F9BC-LeaderElection1] INFO impl.RoleInfo: e542080b-5f3f-451e-8277-5339cf311b2c: shutdown e542080b-5f3f-451e-8277-5339cf311b2c@group-251559D2F9BC-LeaderElection1
recon_1  | 2021-06-02 04:04:29,777 [main] INFO ozone.OmUtils: No OzoneManager ServiceID configured.
dn3_1    | 2021-06-02 04:04:34,558 [main] INFO server.session: node0 Scavenging every 660000ms
dn2_1    | 2021-06-02 04:04:32,584 [pool-25-thread-1] INFO metrics.RatisMetrics: Creating Metrics Registry : ratis.leader_election.4bf2edb7-02c2-4b89-960e-b50601b071d5@group-77E09DF76807
dn2_1    | 2021-06-02 04:04:32,584 [pool-25-thread-1] INFO metrics.RatisMetrics: Creating Metrics Registry : ratis.server.4bf2edb7-02c2-4b89-960e-b50601b071d5@group-77E09DF76807
dn1_1    | 2021-06-02 04:04:46,325 [e542080b-5f3f-451e-8277-5339cf311b2c@group-77E09DF76807-LeaderElection2] INFO impl.LeaderElection: e542080b-5f3f-451e-8277-5339cf311b2c@group-77E09DF76807-LeaderElection2 ELECTION round 0: result REJECTED
recon_1  | 2021-06-02 04:04:30,443 [main] INFO Configuration.deprecation: No unit for ozone.recon.om.connection.request.timeout(5000) assuming MILLISECONDS
dn2_1    | 2021-06-02 04:04:32,750 [main] INFO handler.ContextHandler: Started o.e.j.w.WebAppContext@144ab983{hddsDatanode,/,file:///tmp/jetty-0_0_0_0-9882-hdds-container-service-1_2_0-SNAPSHOT_jar-_-any-4834055708537691252/webapp/,AVAILABLE}{jar:file:/opt/hadoop/share/ozone/lib/hdds-container-service-1.2.0-SNAPSHOT.jar!/webapps/hddsDatanode}
scm_1    | Container Balancer Configuration values:
dn3_1    | 2021-06-02 04:04:34,559 [pool-25-thread-1] INFO server.RaftServer$Division: 84c6f59a-9ba0-4fe2-8d9b-d4a6fd9628c7: new RaftServerImpl for group-B9B0741BDE58:[] with ContainerStateMachine:uninitialized
dn1_1    | 2021-06-02 04:04:46,327 [e542080b-5f3f-451e-8277-5339cf311b2c@group-77E09DF76807-LeaderElection2] INFO server.RaftServer$Division: e542080b-5f3f-451e-8277-5339cf311b2c@group-77E09DF76807: changes role from CANDIDATE to FOLLOWER at term 2 for REJECTED
recon_1  | 2021-06-02 04:04:31,350 [main] WARN recon.ReconUtils: ozone.recon.om.db.dir is not configured. We recommend adding this setting. Falling back to ozone.metadata.dirs instead.
dn2_1    | 2021-06-02 04:04:32,894 [main] INFO server.AbstractConnector: Started ServerConnector@20ab76ee{HTTP/1.1, (http/1.1)}{0.0.0.0:9882}
scm_1    | Key                            Value
dn3_1    | 2021-06-02 04:04:34,559 [pool-25-thread-1] INFO server.RaftServerConfigKeys: raft.server.rpc.timeout.min = 5s (custom)
dn1_1    | 2021-06-02 04:04:46,327 [e542080b-5f3f-451e-8277-5339cf311b2c@group-77E09DF76807-LeaderElection2] INFO impl.RoleInfo: e542080b-5f3f-451e-8277-5339cf311b2c: shutdown e542080b-5f3f-451e-8277-5339cf311b2c@group-77E09DF76807-LeaderElection2
recon_1  | 2021-06-02 04:04:32,030 [main] WARN recon.ReconUtils: ozone.recon.scm.db.dirs is not configured. We recommend adding this setting. Falling back to ozone.metadata.dirs instead.
dn2_1    | 2021-06-02 04:04:32,905 [main] INFO server.Server: Started @26943ms
scm_1    | Threshold                      0.1
dn3_1    | 2021-06-02 04:04:34,559 [pool-25-thread-1] INFO server.RaftServerConfigKeys: raft.server.rpc.timeout.max = 5200ms (custom)
dn1_1    | 2021-06-02 04:04:46,328 [e542080b-5f3f-451e-8277-5339cf311b2c@group-77E09DF76807-LeaderElection2] INFO impl.RoleInfo: e542080b-5f3f-451e-8277-5339cf311b2c: start e542080b-5f3f-451e-8277-5339cf311b2c@group-77E09DF76807-FollowerState
recon_1  | 2021-06-02 04:04:32,090 [main] INFO net.NodeSchemaLoader: Loading schema from [file:/etc/hadoop/network-topology-default.xml, jar:file:/opt/hadoop/share/ozone/lib/hdds-common-1.2.0-SNAPSHOT.jar!/network-topology-default.xml]
dn2_1    | 2021-06-02 04:04:32,936 [main] INFO impl.MetricsSinkAdapter: Sink prometheus started
scm_1    | Max Datanodes to Balance       5
dn3_1    | 2021-06-02 04:04:34,559 [pool-25-thread-1] INFO server.RaftServerConfigKeys: raft.server.rpc.sleep.time = 25ms (default)
dn1_1    | 2021-06-02 04:04:46,328 [e542080b-5f3f-451e-8277-5339cf311b2c@group-251559D2F9BC-LeaderElection1] INFO impl.RoleInfo: e542080b-5f3f-451e-8277-5339cf311b2c: start e542080b-5f3f-451e-8277-5339cf311b2c@group-251559D2F9BC-FollowerState
recon_1  | 2021-06-02 04:04:32,094 [main] INFO net.NodeSchemaLoader: Loading network topology layer schema file
dn2_1    | 2021-06-02 04:04:32,937 [main] INFO impl.MetricsSystemImpl: Registered sink prometheus
scm_1    | Max Size to Move               10737418240B
dn3_1    | 2021-06-02 04:04:34,560 [pool-25-thread-1] INFO server.RaftServerConfigKeys: raft.server.rpc.slowness.timeout = 300s (custom)
dn1_1    | 2021-06-02 04:04:46,341 [grpc-default-executor-3] INFO server.RaftServer$Division: e542080b-5f3f-451e-8277-5339cf311b2c@group-251559D2F9BC: receive requestVote(ELECTION, 84c6f59a-9ba0-4fe2-8d9b-d4a6fd9628c7, group-251559D2F9BC, 4, (t:3, i:0))
recon_1  | 2021-06-02 04:04:32,450 [main] WARN db.DBStoreBuilder: ozone.recon.scm.db.dirs is not configured. We recommend adding this setting. Falling back to ozone.metadata.dirs instead.
dn2_1    | 2021-06-02 04:04:32,941 [main] INFO http.BaseHttpServer: HTTP server of hddsDatanode listening at http://0.0.0.0:9882
scm_1    | 
dn3_1    | 2021-06-02 04:04:34,560 [pool-25-thread-1] INFO server.RaftServerConfigKeys: raft.server.leaderelection.leader.step-down.wait-time = 10s (default)
dn1_1    | 2021-06-02 04:04:46,341 [grpc-default-executor-3] INFO impl.VoteContext: e542080b-5f3f-451e-8277-5339cf311b2c@group-251559D2F9BC-FOLLOWER: reject ELECTION from 84c6f59a-9ba0-4fe2-8d9b-d4a6fd9628c7: already has voted for e542080b-5f3f-451e-8277-5339cf311b2c at current term 4
recon_1  | 2021-06-02 04:04:32,811 [main] INFO ha.SequenceIdGenerator: Init the HA SequenceIdGenerator.
dn2_1    | 2021-06-02 04:04:33,085 [org.apache.hadoop.util.JvmPauseMonitor$Monitor@73159122] INFO util.JvmPauseMonitor: Starting JVM pause monitor
scm_1    | 2021-06-02 04:04:37,693 [Listener at 0.0.0.0/9860] WARN events.EventQueue: No event handler registered for event TypedEvent{payloadType=SafeModeStatus, name='Safe mode status'}
dn3_1    | 2021-06-02 04:04:34,560 [pool-25-thread-1] INFO server.RaftServerConfigKeys: raft.server.sleep.deviation.threshold = 300ms (default)
dn1_1    | 2021-06-02 04:04:46,343 [grpc-default-executor-3] INFO server.RaftServer$Division: e542080b-5f3f-451e-8277-5339cf311b2c@group-251559D2F9BC replies to ELECTION vote request: 84c6f59a-9ba0-4fe2-8d9b-d4a6fd9628c7<-e542080b-5f3f-451e-8277-5339cf311b2c#0:FAIL-t4. Peer's state: e542080b-5f3f-451e-8277-5339cf311b2c@group-251559D2F9BC:t4, leader=null, voted=e542080b-5f3f-451e-8277-5339cf311b2c, raftlog=e542080b-5f3f-451e-8277-5339cf311b2c@group-251559D2F9BC-SegmentedRaftLog:OPENED:c-1,f0,i0, conf=0: [e542080b-5f3f-451e-8277-5339cf311b2c|rpc:10.9.0.11:9856|admin:10.9.0.11:9857|client:10.9.0.11:9858|dataStream:|priority:0, 84c6f59a-9ba0-4fe2-8d9b-d4a6fd9628c7|rpc:10.9.0.13:9856|admin:10.9.0.13:9857|client:10.9.0.13:9858|dataStream:|priority:0, 4bf2edb7-02c2-4b89-960e-b50601b071d5|rpc:10.9.0.12:9856|admin:10.9.0.12:9857|client:10.9.0.12:9858|dataStream:|priority:1], old=null
recon_1  | 2021-06-02 04:04:32,921 [main] INFO node.SCMNodeManager: Entering startup safe mode.
dn2_1    | 2021-06-02 04:04:33,566 [Datanode State Machine Task Thread - 0] INFO statemachine.SCMConnectionManager: Adding Recon Server : recon/10.9.0.15:9891
scm_1    | 2021-06-02 04:04:37,694 [Listener at 0.0.0.0/9860] INFO ha.SCMContext: Update SafeModeStatus from SafeModeStatus{safeModeStatus=true, preCheckPassed=false} to SafeModeStatus{safeModeStatus=true, preCheckPassed=false}.
dn3_1    | 2021-06-02 04:04:34,560 [pool-25-thread-1] INFO server.RaftServerConfigKeys: raft.server.log.appender.install.snapshot.enabled = false (custom)
dn1_1    | 2021-06-02 04:04:51,309 [grpc-default-executor-3] INFO server.RaftServer$Division: e542080b-5f3f-451e-8277-5339cf311b2c@group-251559D2F9BC: receive requestVote(ELECTION, 84c6f59a-9ba0-4fe2-8d9b-d4a6fd9628c7, group-251559D2F9BC, 5, (t:3, i:0))
recon_1  | 2021-06-02 04:04:33,086 [main] INFO net.NetworkTopologyImpl: Added a new node: /default-rack/4bf2edb7-02c2-4b89-960e-b50601b071d5
dn2_1    | 2021-06-02 04:04:36,328 [EndpointStateMachine task thread for scm/10.9.0.17:9861 - 0 ] INFO ipc.Client: Retrying connect to server: scm/10.9.0.17:9861. Already tried 0 time(s); retry policy is RetryUpToMaximumCountWithFixedSleep(maxRetries=15, sleepTime=1000 MILLISECONDS)
scm_1    | 2021-06-02 04:04:37,707 [Listener at 0.0.0.0/9860] INFO server.StorageContainerManager: StorageContainerLocationProtocol RPC server is listening at /0.0.0.0:9860
dn3_1    | 2021-06-02 04:04:34,560 [pool-25-thread-1] INFO server.RaftServer$Division: 84c6f59a-9ba0-4fe2-8d9b-d4a6fd9628c7@group-B9B0741BDE58: ConfigurationManager, init=-1: [], old=null, confs=<EMPTY_MAP>
dn1_1    | 2021-06-02 04:04:51,311 [grpc-default-executor-3] INFO impl.VoteContext: e542080b-5f3f-451e-8277-5339cf311b2c@group-251559D2F9BC-FOLLOWER: accept ELECTION from 84c6f59a-9ba0-4fe2-8d9b-d4a6fd9628c7: our priority 0 <= candidate's priority 0
recon_1  | 2021-06-02 04:04:33,093 [main] INFO node.SCMNodeManager: Registered Data node : 4bf2edb7-02c2-4b89-960e-b50601b071d5{ip: 10.9.0.12, host: restart_dn2_1.restart_net, ports: [REPLICATION=9886, RATIS=9858, RATIS_ADMIN=9857, RATIS_SERVER=9856, STANDALONE=9859], networkLocation: /default-rack, certSerialId: null, persistedOpState: null, persistedOpStateExpiryEpochSec: 0}
dn2_1    | 2021-06-02 04:04:37,329 [EndpointStateMachine task thread for scm/10.9.0.17:9861 - 0 ] INFO ipc.Client: Retrying connect to server: scm/10.9.0.17:9861. Already tried 1 time(s); retry policy is RetryUpToMaximumCountWithFixedSleep(maxRetries=15, sleepTime=1000 MILLISECONDS)
scm_1    | 2021-06-02 04:04:37,865 [Listener at 0.0.0.0/9860] INFO impl.MetricsConfig: Loaded properties from hadoop-metrics2.properties
dn3_1    | 2021-06-02 04:04:34,560 [pool-25-thread-1] INFO server.RaftServerConfigKeys: raft.server.storage.dir = [/data/metadata/ratis] (custom)
dn1_1    | 2021-06-02 04:04:51,311 [grpc-default-executor-3] INFO server.RaftServer$Division: e542080b-5f3f-451e-8277-5339cf311b2c@group-251559D2F9BC: changes role from  FOLLOWER to FOLLOWER at term 5 for candidate:84c6f59a-9ba0-4fe2-8d9b-d4a6fd9628c7
recon_1  | 2021-06-02 04:04:33,103 [main] INFO net.NetworkTopologyImpl: Added a new node: /default-rack/84c6f59a-9ba0-4fe2-8d9b-d4a6fd9628c7
dn2_1    | 2021-06-02 04:04:38,330 [EndpointStateMachine task thread for scm/10.9.0.17:9861 - 0 ] INFO ipc.Client: Retrying connect to server: scm/10.9.0.17:9861. Already tried 2 time(s); retry policy is RetryUpToMaximumCountWithFixedSleep(maxRetries=15, sleepTime=1000 MILLISECONDS)
scm_1    | 2021-06-02 04:04:37,885 [Listener at 0.0.0.0/9860] INFO impl.MetricsSystemImpl: Scheduled Metric snapshot period at 10 second(s).
dn3_1    | 2021-06-02 04:04:34,560 [pool-25-thread-1] INFO server.RaftServerConfigKeys: raft.server.log.corruption.policy = EXCEPTION (default)
dn1_1    | 2021-06-02 04:04:51,311 [grpc-default-executor-3] INFO impl.RoleInfo: e542080b-5f3f-451e-8277-5339cf311b2c: shutdown e542080b-5f3f-451e-8277-5339cf311b2c@group-251559D2F9BC-FollowerState
recon_1  | 2021-06-02 04:04:33,114 [main] INFO node.SCMNodeManager: Registered Data node : 84c6f59a-9ba0-4fe2-8d9b-d4a6fd9628c7{ip: 10.9.0.13, host: restart_dn3_1.restart_net, ports: [REPLICATION=9886, RATIS=9858, RATIS_ADMIN=9857, RATIS_SERVER=9856, STANDALONE=9859], networkLocation: /default-rack, certSerialId: null, persistedOpState: null, persistedOpStateExpiryEpochSec: 0}
dn2_1    | 2021-06-02 04:04:39,266 [EndpointStateMachine task thread for scm/10.9.0.17:9861 - 0 ] INFO ozoneimpl.OzoneContainer: Attempting to start container services.
scm_1    | 2021-06-02 04:04:37,885 [Listener at 0.0.0.0/9860] INFO impl.MetricsSystemImpl: StorageContainerManager metrics system started
dn3_1    | 2021-06-02 04:04:34,653 [pool-25-thread-1] INFO storage.RaftStorageDirectory: Lock on /data/metadata/ratis/441eaf0b-a4fb-42cb-996c-b9b0741bde58/in_use.lock acquired by nodename 10@557f20e3c58e
dn1_1    | 2021-06-02 04:04:51,311 [grpc-default-executor-3] INFO impl.RoleInfo: e542080b-5f3f-451e-8277-5339cf311b2c: start e542080b-5f3f-451e-8277-5339cf311b2c@group-251559D2F9BC-FollowerState
recon_1  | 2021-06-02 04:04:33,116 [main] INFO net.NetworkTopologyImpl: Added a new node: /default-rack/e542080b-5f3f-451e-8277-5339cf311b2c
dn2_1    | 2021-06-02 04:04:39,278 [EndpointStateMachine task thread for scm/10.9.0.17:9861 - 0 ] INFO ozoneimpl.OzoneContainer: Background container scanner has been disabled.
scm_1    | 2021-06-02 04:04:38,507 [Listener at 0.0.0.0/9860] INFO server.SCMClientProtocolServer: RPC server for Client  is listening at /0.0.0.0:9860
dn3_1    | 2021-06-02 04:04:34,653 [pool-25-thread-1] INFO storage.RaftStorage: Read RaftStorageMetadata{term=1, votedFor=84c6f59a-9ba0-4fe2-8d9b-d4a6fd9628c7} from /data/metadata/ratis/441eaf0b-a4fb-42cb-996c-b9b0741bde58/current/raft-meta
dn1_1    | 2021-06-02 04:04:51,312 [e542080b-5f3f-451e-8277-5339cf311b2c@group-251559D2F9BC-FollowerState] INFO impl.FollowerState: e542080b-5f3f-451e-8277-5339cf311b2c@group-251559D2F9BC-FollowerState was interrupted: {}
recon_1  | 2021-06-02 04:04:33,116 [main] INFO node.SCMNodeManager: Registered Data node : e542080b-5f3f-451e-8277-5339cf311b2c{ip: 10.9.0.11, host: restart_dn1_1.restart_net, ports: [REPLICATION=9886, RATIS=9858, RATIS_ADMIN=9857, RATIS_SERVER=9856, STANDALONE=9859], networkLocation: /default-rack, certSerialId: null, persistedOpState: null, persistedOpStateExpiryEpochSec: 0}
dn2_1    | 2021-06-02 04:04:39,388 [EndpointStateMachine task thread for scm/10.9.0.17:9861 - 0 ] INFO ratis.XceiverServerRatis: Starting XceiverServerRatis 4bf2edb7-02c2-4b89-960e-b50601b071d5
scm_1    | 2021-06-02 04:04:38,526 [IPC Server Responder] INFO ipc.Server: IPC Server Responder: starting
dn3_1    | 2021-06-02 04:04:34,653 [pool-25-thread-1] INFO ratis.ContainerStateMachine: group-B9B0741BDE58: The snapshot info is null. Setting the last applied indexto:(t:0, i:~)
dn1_1    | java.lang.InterruptedException: sleep interrupted
recon_1  | 2021-06-02 04:04:33,116 [main] INFO scm.ReconNodeManager: Loaded 3 nodes from node DB.
dn2_1    | 2021-06-02 04:04:39,400 [EndpointStateMachine task thread for scm/10.9.0.17:9861 - 0 ] INFO server.RaftServer$Division: 4bf2edb7-02c2-4b89-960e-b50601b071d5@group-C6B52DAB8AA2: start as a follower, conf=0: [4bf2edb7-02c2-4b89-960e-b50601b071d5|rpc:10.9.0.12:9856|admin:10.9.0.12:9857|client:10.9.0.12:9858|dataStream:|priority:1], old=null
dn2_1    | 2021-06-02 04:04:39,408 [EndpointStateMachine task thread for scm/10.9.0.17:9861 - 0 ] INFO server.RaftServer$Division: 4bf2edb7-02c2-4b89-960e-b50601b071d5@group-C6B52DAB8AA2: changes role from      null to FOLLOWER at term 1 for startAsFollower
dn3_1    | 2021-06-02 04:04:34,654 [pool-25-thread-1] INFO server.RaftServer$Division: 84c6f59a-9ba0-4fe2-8d9b-d4a6fd9628c7@group-B9B0741BDE58: set configuration 0: [84c6f59a-9ba0-4fe2-8d9b-d4a6fd9628c7|rpc:10.9.0.13:9856|admin:10.9.0.13:9857|client:10.9.0.13:9858|dataStream:|priority:1], old=null
dn1_1    | 	at java.base/java.lang.Thread.sleep(Native Method)
recon_1  | 2021-06-02 04:04:33,123 [main] INFO algorithms.ContainerPlacementPolicyFactory: Create container placement policy of type org.apache.hadoop.hdds.scm.container.placement.algorithms.SCMContainerPlacementRandom
dn2_1    | 2021-06-02 04:04:39,409 [EndpointStateMachine task thread for scm/10.9.0.17:9861 - 0 ] INFO impl.RoleInfo: 4bf2edb7-02c2-4b89-960e-b50601b071d5: start 4bf2edb7-02c2-4b89-960e-b50601b071d5@group-C6B52DAB8AA2-FollowerState
scm_1    | 2021-06-02 04:04:38,532 [IPC Server listener on 9860] INFO ipc.Server: IPC Server listener on 9860: starting
dn3_1    | 2021-06-02 04:04:34,654 [pool-25-thread-1] INFO server.RaftServerConfigKeys: raft.server.notification.no-leader.timeout = 300s (custom)
dn1_1    | 	at java.base/java.lang.Thread.sleep(Thread.java:339)
recon_1  | 2021-06-02 04:04:33,262 [main] INFO ipc.CallQueueManager: Using callQueue: class java.util.concurrent.LinkedBlockingQueue, queueCapacity: 10000, scheduler: class org.apache.hadoop.ipc.DefaultRpcScheduler, ipcBackoff: false.
dn2_1    | 2021-06-02 04:04:39,421 [EndpointStateMachine task thread for scm/10.9.0.17:9861 - 0 ] INFO util.JmxRegister: Successfully registered JMX Bean with object name Ratis:service=RaftServer,group=group-C6B52DAB8AA2,id=4bf2edb7-02c2-4b89-960e-b50601b071d5
scm_1    | 2021-06-02 04:04:38,594 [Listener at 0.0.0.0/9860] INFO server.StorageContainerManager: ScmBlockLocationProtocol RPC server is listening at /0.0.0.0:9863
scm_1    | 2021-06-02 04:04:38,642 [Listener at 0.0.0.0/9860] INFO server.SCMBlockProtocolServer: RPC server for Block Protocol is listening at /0.0.0.0:9863
dn3_1    | 2021-06-02 04:04:34,655 [pool-25-thread-1] INFO server.RaftServerConfigKeys: raft.server.log.use.memory = false (default)
recon_1  | 2021-06-02 04:04:33,357 [Socket Reader #1 for port 9891] INFO ipc.Server: Starting Socket Reader #1 for port 9891
dn2_1    | 2021-06-02 04:04:39,425 [EndpointStateMachine task thread for scm/10.9.0.17:9861 - 0 ] INFO metrics.RatisMetrics: Creating Metrics Registry : ratis.state_machine.4bf2edb7-02c2-4b89-960e-b50601b071d5@group-C6B52DAB8AA2
scm_1    | 2021-06-02 04:04:38,653 [IPC Server Responder] INFO ipc.Server: IPC Server Responder: starting
dn1_1    | 	at java.base/java.util.concurrent.TimeUnit.sleep(TimeUnit.java:446)
dn3_1    | 2021-06-02 04:04:34,660 [pool-25-thread-1] INFO server.RaftServerConfigKeys: raft.server.log.purge.gap = 1000000 (custom)
recon_1  | 2021-06-02 04:04:33,787 [Listener at 0.0.0.0/9891] INFO recon.ReconServer: Recon server initialized successfully!
dn2_1    | 2021-06-02 04:04:39,426 [ForkJoinPool.commonPool-worker-3] INFO server.RaftServer$Division: 4bf2edb7-02c2-4b89-960e-b50601b071d5@group-77E09DF76807: start as a follower, conf=0: [e542080b-5f3f-451e-8277-5339cf311b2c|rpc:10.9.0.11:9856|admin:10.9.0.11:9857|client:10.9.0.11:9858|dataStream:|priority:0, 84c6f59a-9ba0-4fe2-8d9b-d4a6fd9628c7|rpc:10.9.0.13:9856|admin:10.9.0.13:9857|client:10.9.0.13:9858|dataStream:|priority:1, 4bf2edb7-02c2-4b89-960e-b50601b071d5|rpc:10.9.0.12:9856|admin:10.9.0.12:9857|client:10.9.0.12:9858|dataStream:|priority:0], old=null
scm_1    | 2021-06-02 04:04:38,653 [IPC Server listener on 9863] INFO ipc.Server: IPC Server listener on 9863: starting
dn1_1    | 	at org.apache.ratis.util.TimeDuration.sleep(TimeDuration.java:324)
dn3_1    | 2021-06-02 04:04:34,660 [pool-25-thread-1] INFO server.RaftServerConfigKeys: raft.server.log.appender.buffer.byte-limit = 33554432 (custom)
recon_1  | 2021-06-02 04:04:33,787 [Listener at 0.0.0.0/9891] INFO recon.ReconServer: Starting Recon server
dn2_1    | 2021-06-02 04:04:39,449 [ForkJoinPool.commonPool-worker-3] INFO server.RaftServer$Division: 4bf2edb7-02c2-4b89-960e-b50601b071d5@group-77E09DF76807: changes role from      null to FOLLOWER at term 1 for startAsFollower
scm_1    | 2021-06-02 04:04:38,700 [Listener at 0.0.0.0/9860] INFO server.StorageContainerManager: ScmDatanodeProtocl RPC server is listening at /0.0.0.0:9861
dn1_1    | 	at org.apache.ratis.util.TimeDuration.sleep(TimeDuration.java:309)
dn1_1    | 	at org.apache.ratis.server.impl.FollowerState.run(FollowerState.java:118)
recon_1  | 2021-06-02 04:04:34,074 [Listener at 0.0.0.0/9891] INFO impl.MetricsConfig: Loaded properties from hadoop-metrics2.properties
dn2_1    | 2021-06-02 04:04:39,449 [ForkJoinPool.commonPool-worker-3] INFO impl.RoleInfo: 4bf2edb7-02c2-4b89-960e-b50601b071d5: start 4bf2edb7-02c2-4b89-960e-b50601b071d5@group-77E09DF76807-FollowerState
dn1_1    | 2021-06-02 04:04:51,322 [grpc-default-executor-3] INFO server.RaftServer$Division: e542080b-5f3f-451e-8277-5339cf311b2c@group-251559D2F9BC replies to ELECTION vote request: 84c6f59a-9ba0-4fe2-8d9b-d4a6fd9628c7<-e542080b-5f3f-451e-8277-5339cf311b2c#0:OK-t5. Peer's state: e542080b-5f3f-451e-8277-5339cf311b2c@group-251559D2F9BC:t5, leader=null, voted=84c6f59a-9ba0-4fe2-8d9b-d4a6fd9628c7, raftlog=e542080b-5f3f-451e-8277-5339cf311b2c@group-251559D2F9BC-SegmentedRaftLog:OPENED:c-1,f0,i0, conf=0: [e542080b-5f3f-451e-8277-5339cf311b2c|rpc:10.9.0.11:9856|admin:10.9.0.11:9857|client:10.9.0.11:9858|dataStream:|priority:0, 84c6f59a-9ba0-4fe2-8d9b-d4a6fd9628c7|rpc:10.9.0.13:9856|admin:10.9.0.13:9857|client:10.9.0.13:9858|dataStream:|priority:0, 4bf2edb7-02c2-4b89-960e-b50601b071d5|rpc:10.9.0.12:9856|admin:10.9.0.12:9857|client:10.9.0.12:9858|dataStream:|priority:1], old=null
dn3_1    | 2021-06-02 04:04:34,660 [pool-25-thread-1] INFO metrics.RatisMetrics: Creating Metrics Registry : ratis.log_worker.84c6f59a-9ba0-4fe2-8d9b-d4a6fd9628c7@group-B9B0741BDE58
scm_1    | 2021-06-02 04:04:38,835 [Listener at 0.0.0.0/9860] INFO server.SCMDatanodeProtocolServer: RPC server for DataNodes is listening at /0.0.0.0:9861
recon_1  | 2021-06-02 04:04:34,149 [Listener at 0.0.0.0/9891] INFO impl.MetricsSystemImpl: Scheduled Metric snapshot period at 10 second(s).
dn2_1    | 2021-06-02 04:04:39,451 [EndpointStateMachine task thread for scm/10.9.0.17:9861 - 0 ] INFO server.RaftServer$Division: 4bf2edb7-02c2-4b89-960e-b50601b071d5@group-251559D2F9BC: start as a follower, conf=0: [e542080b-5f3f-451e-8277-5339cf311b2c|rpc:10.9.0.11:9856|admin:10.9.0.11:9857|client:10.9.0.11:9858|dataStream:|priority:0, 84c6f59a-9ba0-4fe2-8d9b-d4a6fd9628c7|rpc:10.9.0.13:9856|admin:10.9.0.13:9857|client:10.9.0.13:9858|dataStream:|priority:0, 4bf2edb7-02c2-4b89-960e-b50601b071d5|rpc:10.9.0.12:9856|admin:10.9.0.12:9857|client:10.9.0.12:9858|dataStream:|priority:1], old=null
dn1_1    | 2021-06-02 04:04:51,402 [grpc-default-executor-3] INFO server.RaftServer$Division: e542080b-5f3f-451e-8277-5339cf311b2c@group-77E09DF76807: receive requestVote(ELECTION, 84c6f59a-9ba0-4fe2-8d9b-d4a6fd9628c7, group-77E09DF76807, 3, (t:1, i:4))
dn3_1    | 2021-06-02 04:04:34,660 [pool-25-thread-1] INFO server.RaftServerConfigKeys: raft.server.log.segment.size.max = 1048576 (custom)
scm_1    | 2021-06-02 04:04:38,838 [IPC Server Responder] INFO ipc.Server: IPC Server Responder: starting
recon_1  | 2021-06-02 04:04:34,152 [Listener at 0.0.0.0/9891] INFO impl.MetricsSystemImpl: Recon metrics system started
dn2_1    | 2021-06-02 04:04:39,461 [EndpointStateMachine task thread for scm/10.9.0.17:9861 - 0 ] INFO server.RaftServer$Division: 4bf2edb7-02c2-4b89-960e-b50601b071d5@group-251559D2F9BC: changes role from      null to FOLLOWER at term 3 for startAsFollower
dn1_1    | 2021-06-02 04:04:51,402 [grpc-default-executor-3] INFO impl.VoteContext: e542080b-5f3f-451e-8277-5339cf311b2c@group-77E09DF76807-FOLLOWER: accept ELECTION from 84c6f59a-9ba0-4fe2-8d9b-d4a6fd9628c7: our priority 0 <= candidate's priority 1
dn3_1    | 2021-06-02 04:04:34,661 [pool-25-thread-1] INFO server.RaftServerConfigKeys: raft.server.log.segment.cache.num.max = 2 (custom)
scm_1    | 2021-06-02 04:04:38,838 [IPC Server listener on 9861] INFO ipc.Server: IPC Server listener on 9861: starting
recon_1  | 2021-06-02 04:04:34,901 [Listener at 0.0.0.0/9891] INFO http.HttpServer2: Jetty bound to port 9888
dn2_1    | 2021-06-02 04:04:39,461 [EndpointStateMachine task thread for scm/10.9.0.17:9861 - 0 ] INFO impl.RoleInfo: 4bf2edb7-02c2-4b89-960e-b50601b071d5: start 4bf2edb7-02c2-4b89-960e-b50601b071d5@group-251559D2F9BC-FollowerState
dn1_1    | 2021-06-02 04:04:51,402 [grpc-default-executor-3] INFO server.RaftServer$Division: e542080b-5f3f-451e-8277-5339cf311b2c@group-77E09DF76807: changes role from  FOLLOWER to FOLLOWER at term 3 for candidate:84c6f59a-9ba0-4fe2-8d9b-d4a6fd9628c7
dn3_1    | 2021-06-02 04:04:34,661 [pool-25-thread-1] INFO server.RaftServerConfigKeys: raft.server.log.segment.cache.size.max = 200MB (=209715200) (default)
scm_1    | 2021-06-02 04:04:38,933 [org.apache.hadoop.util.JvmPauseMonitor$Monitor@2da66a44] INFO util.JvmPauseMonitor: Starting JVM pause monitor
recon_1  | 2021-06-02 04:04:34,902 [Listener at 0.0.0.0/9891] INFO server.Server: jetty-9.4.35.v20201120; built: 2020-11-20T21:17:03.964Z; git: bdc54f03a5e0a7e280fab27f55c3c75ee8da89fb; jvm 11.0.10+9-LTS
dn2_1    | 2021-06-02 04:04:39,451 [ForkJoinPool.commonPool-worker-3] INFO util.JmxRegister: Successfully registered JMX Bean with object name Ratis:service=RaftServer,group=group-77E09DF76807,id=4bf2edb7-02c2-4b89-960e-b50601b071d5
dn1_1    | 2021-06-02 04:04:51,402 [grpc-default-executor-3] INFO impl.RoleInfo: e542080b-5f3f-451e-8277-5339cf311b2c: shutdown e542080b-5f3f-451e-8277-5339cf311b2c@group-77E09DF76807-FollowerState
dn3_1    | 2021-06-02 04:04:34,661 [pool-25-thread-1] INFO segmented.SegmentedRaftLogWorker: new 84c6f59a-9ba0-4fe2-8d9b-d4a6fd9628c7@group-B9B0741BDE58-SegmentedRaftLogWorker for RaftStorageImpl:Storage Directory /data/metadata/ratis/441eaf0b-a4fb-42cb-996c-b9b0741bde58
scm_1    | 2021-06-02 04:04:38,952 [Listener at 0.0.0.0/9860] INFO http.BaseHttpServer: Starting Web-server for scm at: http://0.0.0.0:9876
recon_1  | 2021-06-02 04:04:35,030 [Listener at 0.0.0.0/9891] INFO server.session: DefaultSessionIdManager workerName=node0
dn2_1    | 2021-06-02 04:04:39,478 [ForkJoinPool.commonPool-worker-3] INFO metrics.RatisMetrics: Creating Metrics Registry : ratis.state_machine.4bf2edb7-02c2-4b89-960e-b50601b071d5@group-77E09DF76807
dn1_1    | 2021-06-02 04:04:51,402 [grpc-default-executor-3] INFO impl.RoleInfo: e542080b-5f3f-451e-8277-5339cf311b2c: start e542080b-5f3f-451e-8277-5339cf311b2c@group-77E09DF76807-FollowerState
dn3_1    | 2021-06-02 04:04:34,661 [pool-25-thread-1] INFO server.RaftServerConfigKeys: raft.server.log.queue.byte-limit = 2147483647 (custom)
scm_1    | 2021-06-02 04:04:38,953 [Listener at 0.0.0.0/9860] INFO http.BaseHttpServer: Hadoop Security Enabled: false Ozone Security Enabled: false Ozone HTTP Security Enabled: false 
recon_1  | 2021-06-02 04:04:35,031 [Listener at 0.0.0.0/9891] INFO server.session: No SessionScavenger set, using defaults
dn2_1    | 2021-06-02 04:04:39,475 [EndpointStateMachine task thread for scm/10.9.0.17:9861 - 0 ] INFO util.JmxRegister: Successfully registered JMX Bean with object name Ratis:service=RaftServer,group=group-251559D2F9BC,id=4bf2edb7-02c2-4b89-960e-b50601b071d5
dn1_1    | 2021-06-02 04:04:51,402 [e542080b-5f3f-451e-8277-5339cf311b2c@group-77E09DF76807-FollowerState] INFO impl.FollowerState: e542080b-5f3f-451e-8277-5339cf311b2c@group-77E09DF76807-FollowerState was interrupted: {}
dn3_1    | 2021-06-02 04:04:34,661 [pool-25-thread-1] INFO server.RaftServerConfigKeys: raft.server.log.queue.element-limit = 1024 (custom)
scm_1    | 2021-06-02 04:04:39,036 [Listener at 0.0.0.0/9860] INFO util.log: Logging initialized @30051ms to org.eclipse.jetty.util.log.Slf4jLog
recon_1  | 2021-06-02 04:04:35,037 [Listener at 0.0.0.0/9891] INFO server.session: node0 Scavenging every 660000ms
dn2_1    | 2021-06-02 04:04:39,478 [EndpointStateMachine task thread for scm/10.9.0.17:9861 - 0 ] INFO metrics.RatisMetrics: Creating Metrics Registry : ratis.state_machine.4bf2edb7-02c2-4b89-960e-b50601b071d5@group-251559D2F9BC
dn1_1    | java.lang.InterruptedException: sleep interrupted
dn3_1    | 2021-06-02 04:04:34,662 [pool-25-thread-1] INFO server.RaftServerConfigKeys: raft.server.log.segment.size.max = 1048576 (custom)
scm_1    | 2021-06-02 04:04:39,231 [Listener at 0.0.0.0/9860] INFO server.AuthenticationFilter: Unable to initialize FileSignerSecretProvider, falling back to use random secrets.
recon_1  | 2021-06-02 04:04:35,060 [Listener at 0.0.0.0/9891] INFO handler.ContextHandler: Started o.e.j.s.ServletContextHandler@6963b88c{logs,/logs,file:///var/log/hadoop/,AVAILABLE}
dn2_1    | 2021-06-02 04:04:39,489 [EndpointStateMachine task thread for scm/10.9.0.17:9861 - 0 ] INFO server.RaftServer: 4bf2edb7-02c2-4b89-960e-b50601b071d5: start RPC server
dn1_1    | 	at java.base/java.lang.Thread.sleep(Native Method)
dn3_1    | 2021-06-02 04:04:34,662 [pool-25-thread-1] INFO server.RaftServerConfigKeys: raft.server.log.preallocated.size = 16384 (custom)
scm_1    | 2021-06-02 04:04:39,276 [Listener at 0.0.0.0/9860] INFO http.HttpRequestLog: Http request log for http.requests.scm is not defined
recon_1  | 2021-06-02 04:04:35,062 [Listener at 0.0.0.0/9891] INFO handler.ContextHandler: Started o.e.j.s.ServletContextHandler@41d16cc3{static,/static,jar:file:/opt/hadoop/share/ozone/lib/ozone-recon-1.2.0-SNAPSHOT.jar!/webapps/static,AVAILABLE}
dn2_1    | 2021-06-02 04:04:39,493 [EndpointStateMachine task thread for scm/10.9.0.17:9861 - 0 ] INFO server.GrpcService: 4bf2edb7-02c2-4b89-960e-b50601b071d5: GrpcService started, listening on 9856
dn1_1    | 	at java.base/java.lang.Thread.sleep(Thread.java:339)
dn3_1    | 2021-06-02 04:04:34,662 [pool-25-thread-1] INFO server.RaftServerConfigKeys: raft.server.log.force.sync.num = 128 (default)
scm_1    | 2021-06-02 04:04:39,293 [Listener at 0.0.0.0/9860] INFO http.HttpServer2: Added global filter 'safety' (class=org.apache.hadoop.hdds.server.http.HttpServer2$QuotingInputFilter)
recon_1  | 2021-06-02 04:04:38,930 [Listener at 0.0.0.0/9891] INFO handler.ContextHandler: Started o.e.j.w.WebAppContext@3d5f08d4{recon,/,file:///tmp/jetty-0_0_0_0-9888-ozone-recon-1_2_0-SNAPSHOT_jar-_-any-374988241006206952/webapp/,AVAILABLE}{jar:file:/opt/hadoop/share/ozone/lib/ozone-recon-1.2.0-SNAPSHOT.jar!/webapps/recon}
dn2_1    | 2021-06-02 04:04:39,494 [EndpointStateMachine task thread for scm/10.9.0.17:9861 - 0 ] INFO server.GrpcService: 4bf2edb7-02c2-4b89-960e-b50601b071d5: GrpcService started, listening on 9857
dn1_1    | 	at java.base/java.util.concurrent.TimeUnit.sleep(TimeUnit.java:446)
dn3_1    | 2021-06-02 04:04:34,662 [pool-25-thread-1] INFO server.RaftServerConfigKeys: raft.server.log.statemachine.data.sync = true (default)
scm_1    | 2021-06-02 04:04:39,295 [Listener at 0.0.0.0/9860] INFO http.HttpServer2: Added filter static_user_filter (class=org.apache.hadoop.http.lib.StaticUserWebFilter$StaticUserFilter) to context scm
recon_1  | 2021-06-02 04:04:38,940 [Listener at 0.0.0.0/9891] INFO server.AbstractConnector: Started ServerConnector@3e3cd6fe{HTTP/1.1, (http/1.1)}{0.0.0.0:9888}
dn1_1    | 	at org.apache.ratis.util.TimeDuration.sleep(TimeDuration.java:324)
dn2_1    | 2021-06-02 04:04:39,495 [EndpointStateMachine task thread for scm/10.9.0.17:9861 - 0 ] INFO server.GrpcService: 4bf2edb7-02c2-4b89-960e-b50601b071d5: GrpcService started, listening on 9858
dn3_1    | 2021-06-02 04:04:34,669 [pool-25-thread-1] INFO server.RaftServerConfigKeys: raft.server.log.statemachine.data.sync.timeout = 10s (default)
scm_1    | 2021-06-02 04:04:39,308 [Listener at 0.0.0.0/9860] INFO http.HttpServer2: Added filter static_user_filter (class=org.apache.hadoop.http.lib.StaticUserWebFilter$StaticUserFilter) to context logs
recon_1  | 2021-06-02 04:04:38,940 [Listener at 0.0.0.0/9891] INFO server.Server: Started @33222ms
dn1_1    | 	at org.apache.ratis.util.TimeDuration.sleep(TimeDuration.java:309)
dn2_1    | 2021-06-02 04:04:39,508 [EndpointStateMachine task thread for scm/10.9.0.17:9861 - 0 ] INFO ratis.XceiverServerRatis: XceiverServerRatis 4bf2edb7-02c2-4b89-960e-b50601b071d5 is started using port 9858 for RATIS
dn3_1    | 2021-06-02 04:04:34,670 [pool-25-thread-1] INFO server.RaftServerConfigKeys: raft.server.log.statemachine.data.sync.timeout.retry = -1 (default)
scm_1    | 2021-06-02 04:04:39,309 [Listener at 0.0.0.0/9860] INFO http.HttpServer2: Added filter static_user_filter (class=org.apache.hadoop.http.lib.StaticUserWebFilter$StaticUserFilter) to context static
recon_1  | 2021-06-02 04:04:38,944 [Listener at 0.0.0.0/9891] INFO impl.MetricsSinkAdapter: Sink prometheus started
dn1_1    | 	at org.apache.ratis.server.impl.FollowerState.run(FollowerState.java:118)
dn2_1    | 2021-06-02 04:04:39,508 [EndpointStateMachine task thread for scm/10.9.0.17:9861 - 0 ] INFO ratis.XceiverServerRatis: XceiverServerRatis 4bf2edb7-02c2-4b89-960e-b50601b071d5 is started using port 9857 for RATIS_ADMIN
dn3_1    | 2021-06-02 04:04:34,670 [pool-25-thread-1] INFO server.RaftServerConfigKeys: raft.server.log.write.buffer.size = 1048576 (custom)
scm_1    | 2021-06-02 04:04:39,569 [Listener at 0.0.0.0/9860] INFO http.HttpServer2: Jetty bound to port 9876
recon_1  | 2021-06-02 04:04:38,944 [Listener at 0.0.0.0/9891] INFO impl.MetricsSystemImpl: Registered sink prometheus
dn1_1    | 2021-06-02 04:04:51,419 [grpc-default-executor-3] INFO server.RaftServer$Division: e542080b-5f3f-451e-8277-5339cf311b2c@group-77E09DF76807 replies to ELECTION vote request: 84c6f59a-9ba0-4fe2-8d9b-d4a6fd9628c7<-e542080b-5f3f-451e-8277-5339cf311b2c#0:OK-t3. Peer's state: e542080b-5f3f-451e-8277-5339cf311b2c@group-77E09DF76807:t3, leader=null, voted=84c6f59a-9ba0-4fe2-8d9b-d4a6fd9628c7, raftlog=e542080b-5f3f-451e-8277-5339cf311b2c@group-77E09DF76807-SegmentedRaftLog:OPENED:c2,f4,i4, conf=0: [e542080b-5f3f-451e-8277-5339cf311b2c|rpc:10.9.0.11:9856|admin:10.9.0.11:9857|client:10.9.0.11:9858|dataStream:|priority:0, 84c6f59a-9ba0-4fe2-8d9b-d4a6fd9628c7|rpc:10.9.0.13:9856|admin:10.9.0.13:9857|client:10.9.0.13:9858|dataStream:|priority:1, 4bf2edb7-02c2-4b89-960e-b50601b071d5|rpc:10.9.0.12:9856|admin:10.9.0.12:9857|client:10.9.0.12:9858|dataStream:|priority:0], old=null
dn2_1    | 2021-06-02 04:04:39,521 [EndpointStateMachine task thread for scm/10.9.0.17:9861 - 0 ] INFO ratis.XceiverServerRatis: XceiverServerRatis 4bf2edb7-02c2-4b89-960e-b50601b071d5 is started using port 9856 for RATIS_SERVER
dn3_1    | 2021-06-02 04:04:34,672 [pool-25-thread-1] INFO server.RaftServerConfigKeys: raft.server.log.statemachine.data.caching.enabled = true (custom)
scm_1    | 2021-06-02 04:04:39,574 [Listener at 0.0.0.0/9860] INFO server.Server: jetty-9.4.35.v20201120; built: 2020-11-20T21:17:03.964Z; git: bdc54f03a5e0a7e280fab27f55c3c75ee8da89fb; jvm 11.0.10+9-LTS
recon_1  | 2021-06-02 04:04:38,946 [Listener at 0.0.0.0/9891] INFO http.BaseHttpServer: HTTP server of recon listening at http://0.0.0.0:9888
