scm1_1      | 2021-06-28 09:41:59,650 [main] INFO server.RaftServer$Division: 5311e397-d83d-4157-9c57-f6a393f78ce6@group-6BC7DE5660A1: start as a follower, conf=-1: [5311e397-d83d-4157-9c57-f6a393f78ce6|rpc:scm1:9894|priority:0], old=null
om3_1       | 2021-06-28 09:43:14,792 [Listener at om3/9862] INFO http.HttpServer2: Added filter static_user_filter (class=org.apache.hadoop.http.lib.StaticUserWebFilter$StaticUserFilter) to context logs
scm2_1      | 2021-06-28 09:42:24,259 [main] INFO grpc.GrpcConfigKeys: raft.grpc.client.port = -1 (default)
datanode_2  | 2021-06-28 09:42:55,736 [pool-22-thread-1] INFO server.RaftServerConfigKeys: raft.server.log.statemachine.data.sync = true (default)
s3g_1       | 	at org.apache.hadoop.ipc.Server$RpcCall.run(Server.java:957)
recon_1     | 2021-06-28 09:42:12,031 [Listener at 0.0.0.0/9891] INFO server.AbstractConnector: Started ServerConnector@36068727{HTTP/1.1, (http/1.1)}{0.0.0.0:9888}
datanode_3  | 	at org.apache.hadoop.ozone.protocolPB.StorageContainerDatanodeProtocolClientSideTranslatorPB.getVersion(StorageContainerDatanodeProtocolClientSideTranslatorPB.java:133)
om2_1       | 2021-06-28 09:43:12,759 [pool-21-thread-1] INFO server.RaftServerConfigKeys: raft.server.log.appender.install.snapshot.enabled = false (custom)
om1_1       | 2021-06-28 09:43:16,069 [Listener at om1/9862] INFO server.AbstractConnector: Started ServerConnector@353e6389{HTTP/1.1, (http/1.1)}{0.0.0.0:9874}
scm3_1      | 2021-06-28 09:42:36,544 [main] INFO server.RaftServer: f31a6b31-a6a4-4655-9c26-0e8be2043392: addNew group-6BC7DE5660A1:[] returns group-6BC7DE5660A1:java.util.concurrent.CompletableFuture@28cb9120[Not completed]
scm1_1      | 2021-06-28 09:41:59,668 [main] INFO server.RaftServer$Division: 5311e397-d83d-4157-9c57-f6a393f78ce6@group-6BC7DE5660A1: changes role from      null to FOLLOWER at term 0 for startAsFollower
om3_1       | 2021-06-28 09:43:14,793 [Listener at om3/9862] INFO http.HttpServer2: Added filter static_user_filter (class=org.apache.hadoop.http.lib.StaticUserWebFilter$StaticUserFilter) to context static
scm2_1      | 2021-06-28 09:42:24,259 [main] INFO grpc.GrpcConfigKeys: raft.grpc.server.port = 9894 (custom)
datanode_2  | 2021-06-28 09:42:55,741 [pool-22-thread-1] INFO server.RaftServerConfigKeys: raft.server.log.statemachine.data.sync.timeout = 10s (default)
s3g_1       | 	at java.base/java.security.AccessController.doPrivileged(Native Method)
recon_1     | 2021-06-28 09:42:12,031 [Listener at 0.0.0.0/9891] INFO server.Server: Started @33616ms
recon_1     | 2021-06-28 09:42:12,038 [Listener at 0.0.0.0/9891] INFO impl.MetricsSinkAdapter: Sink prometheus started
om2_1       | 2021-06-28 09:43:12,803 [pool-21-thread-1] INFO server.RaftServer$Division: om2@group-D66704EFC61C: ConfigurationManager, init=-1: [om1|rpc:om1:9872|priority:0, om3|rpc:om3:9872|priority:0, om2|rpc:om2:9872|priority:0], old=null, confs=<EMPTY_MAP>
om1_1       | 2021-06-28 09:43:16,070 [Listener at om1/9862] INFO server.Server: Started @23524ms
scm3_1      | 2021-06-28 09:42:36,570 [pool-13-thread-1] INFO server.RaftServer$Division: f31a6b31-a6a4-4655-9c26-0e8be2043392: new RaftServerImpl for group-6BC7DE5660A1:[] with SCMStateMachine:uninitialized
scm3_1      | 2021-06-28 09:42:36,576 [pool-13-thread-1] INFO server.RaftServerConfigKeys: raft.server.rpc.timeout.min = 5000ms (custom)
om3_1       | 2021-06-28 09:43:14,938 [Listener at om3/9862] INFO http.HttpServer2: Jetty bound to port 9874
scm2_1      | 2021-06-28 09:42:24,259 [main] INFO grpc.GrpcConfigKeys: raft.grpc.server.port = 9894 (custom)
datanode_2  | 2021-06-28 09:42:55,743 [pool-22-thread-1] INFO server.RaftServerConfigKeys: raft.server.log.statemachine.data.sync.timeout.retry = -1 (default)
recon_1     | 2021-06-28 09:42:12,038 [Listener at 0.0.0.0/9891] INFO impl.MetricsSystemImpl: Registered sink prometheus
datanode_3  | 	at org.apache.hadoop.ozone.container.common.states.endpoint.VersionEndpointTask.call(VersionEndpointTask.java:71)
datanode_3  | 	at org.apache.hadoop.ozone.container.common.states.endpoint.VersionEndpointTask.call(VersionEndpointTask.java:42)
om2_1       | 2021-06-28 09:43:12,804 [pool-21-thread-1] INFO server.RaftServerConfigKeys: raft.server.storage.dir = [/data/metadata/ratis] (custom)
om1_1       | 2021-06-28 09:43:16,105 [Listener at om1/9862] INFO impl.MetricsSinkAdapter: Sink prometheus started
scm3_1      | 2021-06-28 09:42:36,577 [pool-13-thread-1] INFO server.RaftServerConfigKeys: raft.server.rpc.timeout.max = 5200ms (custom)
scm1_1      | 2021-06-28 09:41:59,738 [main] INFO impl.RoleInfo: 5311e397-d83d-4157-9c57-f6a393f78ce6: start 5311e397-d83d-4157-9c57-f6a393f78ce6@group-6BC7DE5660A1-FollowerState
om3_1       | 2021-06-28 09:43:14,945 [Listener at om3/9862] INFO server.Server: jetty-9.4.35.v20201120; built: 2020-11-20T21:17:03.964Z; git: bdc54f03a5e0a7e280fab27f55c3c75ee8da89fb; jvm 11.0.10+9-LTS
scm2_1      | 2021-06-28 09:42:24,260 [main] INFO server.GrpcService: raft.grpc.message.size.max = 32m (=33554432) (custom)
datanode_2  | 2021-06-28 09:42:55,802 [pool-22-thread-1] INFO server.RaftServerConfigKeys: raft.server.log.write.buffer.size = 1048576 (custom)
recon_1     | 2021-06-28 09:42:12,041 [Listener at 0.0.0.0/9891] INFO http.BaseHttpServer: HTTP server of recon listening at http://0.0.0.0:9888
datanode_3  | 	at java.base/java.util.concurrent.FutureTask.run(FutureTask.java:264)
s3g_1       | 	at java.base/javax.security.auth.Subject.doAs(Subject.java:423)
om2_1       | 2021-06-28 09:43:12,838 [pool-21-thread-1] INFO server.RaftServerConfigKeys: raft.server.log.corruption.policy = EXCEPTION (default)
om1_1       | 2021-06-28 09:43:16,106 [Listener at om1/9862] INFO impl.MetricsSystemImpl: Registered sink prometheus
scm3_1      | 2021-06-28 09:42:36,577 [pool-13-thread-1] INFO server.RaftServerConfigKeys: raft.server.rpc.sleep.time = 25ms (default)
scm1_1      | 2021-06-28 09:42:00,922 [main] INFO util.JmxRegister: Successfully registered JMX Bean with object name Ratis:service=RaftServer,group=group-6BC7DE5660A1,id=5311e397-d83d-4157-9c57-f6a393f78ce6
om3_1       | 2021-06-28 09:43:15,103 [Listener at om3/9862] INFO server.session: DefaultSessionIdManager workerName=node0
scm2_1      | 2021-06-28 09:42:24,269 [main] INFO server.RaftServerConfigKeys: raft.server.log.appender.buffer.byte-limit = 33554432 (custom)
datanode_2  | 2021-06-28 09:42:55,810 [pool-22-thread-1] INFO server.RaftServerConfigKeys: raft.server.log.statemachine.data.caching.enabled = true (custom)
recon_1     | 2021-06-28 09:42:12,041 [Listener at 0.0.0.0/9891] INFO impl.OzoneManagerServiceProviderImpl: Starting Ozone Manager Service Provider.
recon_1     | 2021-06-28 09:42:12,054 [Listener at 0.0.0.0/9891] INFO impl.OzoneManagerServiceProviderImpl: Registered OmDeltaRequest task 
s3g_1       | 	at org.apache.hadoop.security.UserGroupInformation.doAs(UserGroupInformation.java:1762)
om2_1       | 2021-06-28 09:43:12,844 [pool-21-thread-1] INFO storage.RaftStorageDirectory: The storage directory /data/metadata/ratis/5cb24680-b9e7-3c90-a862-d66704efc61c does not exist. Creating ...
om1_1       | 2021-06-28 09:43:16,109 [Listener at om1/9862] INFO http.BaseHttpServer: HTTP server of ozoneManager listening at http://0.0.0.0:9874
scm3_1      | 2021-06-28 09:42:36,577 [pool-13-thread-1] INFO server.RaftServerConfigKeys: raft.server.rpc.slowness.timeout = 120000ms (custom)
scm1_1      | 2021-06-28 09:42:00,963 [main] INFO metrics.RatisMetrics: Creating Metrics Registry : ratis.state_machine.5311e397-d83d-4157-9c57-f6a393f78ce6@group-6BC7DE5660A1
om3_1       | 2021-06-28 09:43:15,104 [Listener at om3/9862] INFO server.session: No SessionScavenger set, using defaults
scm2_1      | 2021-06-28 09:42:24,277 [main] INFO server.GrpcService: raft.grpc.flow.control.window = 1MB (=1048576) (default)
scm2_1      | 2021-06-28 09:42:24,278 [main] INFO server.RaftServerConfigKeys: raft.server.rpc.request.timeout = 30000ms (custom)
recon_1     | 2021-06-28 09:42:12,069 [Listener at 0.0.0.0/9891] INFO impl.OzoneManagerServiceProviderImpl: Registered OmSnapshotRequest task 
datanode_3  | 	at java.base/java.util.concurrent.ThreadPoolExecutor.runWorker(ThreadPoolExecutor.java:1128)
s3g_1       | 	at org.apache.hadoop.ipc.Server$Handler.run(Server.java:2957)
om2_1       | 2021-06-28 09:43:12,934 [pool-21-thread-1] INFO storage.RaftStorageDirectory: Lock on /data/metadata/ratis/5cb24680-b9e7-3c90-a862-d66704efc61c/in_use.lock acquired by nodename 7@om2
om1_1       | 2021-06-28 09:43:16,114 [IPC Server Responder] INFO ipc.Server: IPC Server Responder: starting
scm3_1      | 2021-06-28 09:42:36,584 [pool-13-thread-1] INFO server.RaftServerConfigKeys: raft.server.leaderelection.leader.step-down.wait-time = 10s (default)
scm1_1      | 2021-06-28 09:42:00,963 [main] WARN impl.MetricRegistriesImpl: First MetricRegistry has been created without registering reporters. You may need to call MetricRegistries.global().addReporterRegistration(...) before.
om3_1       | 2021-06-28 09:43:15,121 [Listener at om3/9862] INFO server.session: node0 Scavenging every 660000ms
datanode_2  | 2021-06-28 09:42:55,866 [pool-22-thread-1] INFO segmented.SegmentedRaftLogWorker: 3bf69a0a-4f38-4c55-94fa-c131fd19e697@group-8C44961C88BB-SegmentedRaftLogWorker: flushIndex: setUnconditionally 0 -> -1
scm2_1      | 2021-06-28 09:42:24,782 [main] INFO impl.DataStreamServerImpl: raft.datastream.type = DISABLED (default)
recon_1     | 2021-06-28 09:42:12,069 [Listener at 0.0.0.0/9891] INFO recovery.ReconOmMetadataManagerImpl: Starting ReconOMMetadataManagerImpl
datanode_3  | 	at java.base/java.util.concurrent.ThreadPoolExecutor$Worker.run(ThreadPoolExecutor.java:628)
s3g_1       | , while invoking $Proxy108.submitRequest over nodeId=om2,nodeAddress=om2:9862 after 1 failover attempts. Trying to failover immediately.
om2_1       | 2021-06-28 09:43:13,027 [pool-21-thread-1] INFO storage.RaftStorage: Storage directory /data/metadata/ratis/5cb24680-b9e7-3c90-a862-d66704efc61c has been successfully formatted.
om1_1       | 2021-06-28 09:43:16,143 [IPC Server listener on 9862] INFO ipc.Server: IPC Server listener on 9862: starting
scm1_1      | 2021-06-28 09:42:01,004 [main] INFO server.RaftServer: 5311e397-d83d-4157-9c57-f6a393f78ce6: start RPC server
scm3_1      | 2021-06-28 09:42:36,584 [pool-13-thread-1] INFO server.RaftServerConfigKeys: raft.server.sleep.deviation.threshold = 300ms (default)
om3_1       | 2021-06-28 09:43:15,138 [Listener at om3/9862] INFO handler.ContextHandler: Started o.e.j.s.ServletContextHandler@395f52ed{logs,/logs,file:///var/log/hadoop/,AVAILABLE}
datanode_2  | 2021-06-28 09:42:55,870 [pool-22-thread-1] INFO segmented.SegmentedRaftLogWorker: 3bf69a0a-4f38-4c55-94fa-c131fd19e697@group-8C44961C88BB-SegmentedRaftLogWorker: safeCacheEvictIndex: setUnconditionally 0 -> -1
scm2_1      | 2021-06-28 09:42:24,785 [main] INFO server.RaftServerConfigKeys: raft.server.rpc.slowness.timeout = 120000ms (custom)
recon_1     | 2021-06-28 09:42:12,069 [Listener at 0.0.0.0/9891] WARN recon.ReconUtils: ozone.recon.om.db.dir is not configured. We recommend adding this setting. Falling back to ozone.metadata.dirs instead.
datanode_3  | 	at java.base/java.lang.Thread.run(Thread.java:834)
s3g_1       | 2021-06-28 09:47:53,261 [qtp2122049087-20] INFO retry.RetryInvocationHandler: com.google.protobuf.ServiceException: org.apache.hadoop.ipc.RemoteException(org.apache.hadoop.ozone.om.exceptions.OMNotLeaderException): OM:om2 is not the leader. Could not determine the leader node.
om2_1       | 2021-06-28 09:43:13,032 [pool-21-thread-1] INFO server.RaftServerConfigKeys: raft.server.notification.no-leader.timeout = 120s (custom)
om1_1       | 2021-06-28 09:43:16,506 [Listener at om1/9862] INFO om.OzoneManager: Trash Interval set to 0. Files deleted will not move to trash
scm1_1      | 2021-06-28 09:42:01,669 [main] INFO server.GrpcService: 5311e397-d83d-4157-9c57-f6a393f78ce6: GrpcService started, listening on 9894
scm3_1      | 2021-06-28 09:42:36,585 [pool-13-thread-1] INFO server.RaftServerConfigKeys: raft.server.log.appender.install.snapshot.enabled = false (custom)
om3_1       | 2021-06-28 09:43:15,141 [Listener at om3/9862] INFO handler.ContextHandler: Started o.e.j.s.ServletContextHandler@2bebd114{static,/static,jar:file:/opt/hadoop/share/ozone/lib/ozone-manager-1.2.0-SNAPSHOT.jar!/webapps/static,AVAILABLE}
datanode_2  | 2021-06-28 09:42:55,910 [pool-22-thread-1] INFO server.RaftServerConfigKeys: raft.server.snapshot.auto.trigger.enabled = true (custom)
scm2_1      | 2021-06-28 09:42:24,788 [main] INFO server.RaftServerConfigKeys: raft.server.leaderelection.leader.step-down.wait-time = 10s (default)
recon_1     | 2021-06-28 09:42:12,078 [Listener at 0.0.0.0/9891] INFO tasks.ReconTaskControllerImpl: Starting Recon Task Controller.
datanode_3  | Caused by: java.net.ConnectException: Connection refused
s3g_1       | 	at org.apache.hadoop.ozone.protocolPB.OzoneManagerProtocolServerSideTranslatorPB.createNotLeaderException(OzoneManagerProtocolServerSideTranslatorPB.java:211)
om2_1       | 2021-06-28 09:43:13,065 [pool-21-thread-1] INFO server.RaftServerConfigKeys: raft.server.log.use.memory = false (default)
om2_1       | 2021-06-28 09:43:13,132 [pool-21-thread-1] INFO server.RaftServerConfigKeys: raft.server.log.purge.gap = 1000000 (custom)
scm1_1      | 2021-06-28 09:42:01,715 [org.apache.ratis.util.JvmPauseMonitor$$Lambda$296/0x0000000840244c40@1ac85b0c] INFO util.JvmPauseMonitor: JvmPauseMonitor-5311e397-d83d-4157-9c57-f6a393f78ce6: Started
scm3_1      | 2021-06-28 09:42:36,591 [pool-13-thread-1] INFO server.RaftServer$Division: f31a6b31-a6a4-4655-9c26-0e8be2043392@group-6BC7DE5660A1: ConfigurationManager, init=-1: [], old=null, confs=<EMPTY_MAP>
om3_1       | 2021-06-28 09:43:15,614 [Listener at om3/9862] INFO handler.ContextHandler: Started o.e.j.w.WebAppContext@29d070c7{ozoneManager,/,file:///tmp/jetty-0_0_0_0-9874-ozone-manager-1_2_0-SNAPSHOT_jar-_-any-302928097532711092/webapp/,AVAILABLE}{jar:file:/opt/hadoop/share/ozone/lib/ozone-manager-1.2.0-SNAPSHOT.jar!/webapps/ozoneManager}
datanode_2  | 2021-06-28 09:42:55,912 [pool-22-thread-1] INFO server.RaftServerConfigKeys: raft.server.snapshot.auto.trigger.threshold = 10000 (custom)
scm2_1      | 2021-06-28 09:42:24,820 [main] INFO server.RaftServerConfigKeys: raft.server.storage.dir = [/data/metadata/scm-ha] (custom)
recon_1     | 2021-06-28 09:42:12,085 [Listener at 0.0.0.0/9891] INFO scm.ReconStorageContainerManagerFacade: Recon ScmDatanodeProtocol RPC server is listening at /0.0.0.0:9891
datanode_3  | 	at java.base/sun.nio.ch.SocketChannelImpl.checkConnect(Native Method)
s3g_1       | 	at org.apache.hadoop.ozone.protocolPB.OzoneManagerProtocolServerSideTranslatorPB.createLeaderErrorException(OzoneManagerProtocolServerSideTranslatorPB.java:199)
om2_1       | 2021-06-28 09:43:13,134 [pool-21-thread-1] INFO server.RaftServerConfigKeys: raft.server.log.appender.buffer.byte-limit = 33554432 (custom)
om1_1       | 2021-06-28 09:43:16,546 [org.apache.hadoop.util.JvmPauseMonitor$Monitor@5fd43e58] INFO util.JvmPauseMonitor: Starting JVM pause monitor
scm1_1      | 2021-06-28 09:42:04,923 [5311e397-d83d-4157-9c57-f6a393f78ce6@group-6BC7DE5660A1-FollowerState] INFO impl.FollowerState: 5311e397-d83d-4157-9c57-f6a393f78ce6@group-6BC7DE5660A1-FollowerState: change to CANDIDATE, lastRpcElapsedTime:5184686259ns, electionTimeout:5144ms
scm3_1      | 2021-06-28 09:42:36,591 [pool-13-thread-1] INFO server.RaftServerConfigKeys: raft.server.storage.dir = [/data/metadata/scm-ha] (custom)
om3_1       | 2021-06-28 09:43:15,655 [Listener at om3/9862] INFO server.AbstractConnector: Started ServerConnector@2aa14ae6{HTTP/1.1, (http/1.1)}{0.0.0.0:9874}
datanode_2  | 2021-06-28 09:42:55,918 [pool-22-thread-1] INFO server.RaftServerConfigKeys: raft.server.snapshot.retention.file.num = 5 (custom)
scm2_1      | 2021-06-28 09:42:24,863 [main] INFO server.RaftServer: a8a7ccd1-df1a-4719-bf57-7f15eace25d3: addNew group-6BC7DE5660A1:[] returns group-6BC7DE5660A1:java.util.concurrent.CompletableFuture@28cb9120[Not completed]
recon_1     | 2021-06-28 09:42:14,248 [Listener at 0.0.0.0/9891] INFO retry.RetryInvocationHandler: com.google.protobuf.ServiceException: java.net.ConnectException: Call From 99acac3e104f/172.20.0.12 to scm2:9860 failed on connection exception: java.net.ConnectException: Connection refused; For more details see:  http://wiki.apache.org/hadoop/ConnectionRefused, while invoking $Proxy41.submitRequest over nodeId=scm2,nodeAddress=scm2/172.20.0.9:9860 after 1 failover attempts. Trying to failover after sleeping for 2000ms.
datanode_3  | 	at java.base/sun.nio.ch.SocketChannelImpl.finishConnect(SocketChannelImpl.java:779)
s3g_1       | 	at org.apache.hadoop.ozone.protocolPB.OzoneManagerProtocolServerSideTranslatorPB.submitReadRequestToOM(OzoneManagerProtocolServerSideTranslatorPB.java:192)
om2_1       | 2021-06-28 09:43:13,167 [pool-21-thread-1] INFO metrics.RatisMetrics: Creating Metrics Registry : ratis.log_worker.om2@group-D66704EFC61C
om1_1       | 2021-06-28 09:43:18,728 [om1@group-D66704EFC61C-FollowerState] INFO impl.FollowerState: om1@group-D66704EFC61C-FollowerState: change to CANDIDATE, lastRpcElapsedTime:5083114547ns, electionTimeout:5073ms
scm1_1      | 2021-06-28 09:42:04,982 [5311e397-d83d-4157-9c57-f6a393f78ce6@group-6BC7DE5660A1-FollowerState] INFO impl.RoleInfo: 5311e397-d83d-4157-9c57-f6a393f78ce6: shutdown 5311e397-d83d-4157-9c57-f6a393f78ce6@group-6BC7DE5660A1-FollowerState
scm3_1      | 2021-06-28 09:42:36,596 [pool-13-thread-1] INFO server.RaftServerConfigKeys: raft.server.log.corruption.policy = EXCEPTION (default)
om3_1       | 2021-06-28 09:43:15,656 [Listener at om3/9862] INFO server.Server: Started @23560ms
datanode_2  | 2021-06-28 09:42:55,921 [pool-22-thread-1] INFO server.RaftServerConfigKeys: raft.server.log.purge.upto.snapshot.index = false (default)
scm2_1      | 2021-06-28 09:42:24,931 [pool-13-thread-1] INFO server.RaftServer$Division: a8a7ccd1-df1a-4719-bf57-7f15eace25d3: new RaftServerImpl for group-6BC7DE5660A1:[] with SCMStateMachine:uninitialized
recon_1     | 2021-06-28 09:42:16,254 [Listener at 0.0.0.0/9891] INFO retry.RetryInvocationHandler: com.google.protobuf.ServiceException: java.net.ConnectException: Call From 99acac3e104f/172.20.0.12 to scm3:9860 failed on connection exception: java.net.ConnectException: Connection refused; For more details see:  http://wiki.apache.org/hadoop/ConnectionRefused, while invoking $Proxy41.submitRequest over nodeId=scm3,nodeAddress=scm3/172.20.0.5:9860 after 2 failover attempts. Trying to failover after sleeping for 2000ms.
datanode_3  | 	at org.apache.hadoop.net.SocketIOWithTimeout.connect(SocketIOWithTimeout.java:206)
s3g_1       | 	at org.apache.hadoop.ozone.protocolPB.OzoneManagerProtocolServerSideTranslatorPB.processRequest(OzoneManagerProtocolServerSideTranslatorPB.java:132)
om2_1       | 2021-06-28 09:43:13,217 [Listener at om2/9862] INFO om.OzoneManager: Configured ozone.om.metadata.layout=SIMPLE and disabled optimized OM FS operations
om1_1       | 2021-06-28 09:43:18,729 [om1@group-D66704EFC61C-FollowerState] INFO impl.RoleInfo: om1: shutdown om1@group-D66704EFC61C-FollowerState
scm1_1      | 2021-06-28 09:42:05,034 [5311e397-d83d-4157-9c57-f6a393f78ce6@group-6BC7DE5660A1-FollowerState] INFO server.RaftServer$Division: 5311e397-d83d-4157-9c57-f6a393f78ce6@group-6BC7DE5660A1: changes role from  FOLLOWER to CANDIDATE at term 0 for changeToCandidate
scm3_1      | 2021-06-28 09:42:36,597 [pool-13-thread-1] INFO storage.RaftStorageDirectory: The storage directory /data/metadata/scm-ha/403cd1d5-5dd5-4933-9ad9-6bc7de5660a1 does not exist. Creating ...
datanode_2  | 2021-06-28 09:42:55,937 [pool-22-thread-1] INFO server.RaftServerConfigKeys: raft.server.retrycache.expirytime = 600000ms (custom)
s3g_1       | 	at org.apache.hadoop.hdds.server.OzoneProtocolMessageDispatcher.processRequest(OzoneProtocolMessageDispatcher.java:87)
om2_1       | 2021-06-28 09:43:13,223 [pool-21-thread-1] INFO server.RaftServerConfigKeys: raft.server.log.segment.size.max = 4194304 (custom)
om2_1       | 2021-06-28 09:43:13,288 [pool-21-thread-1] INFO server.RaftServerConfigKeys: raft.server.log.segment.cache.num.max = 2 (custom)
om1_1       | 2021-06-28 09:43:18,730 [om1@group-D66704EFC61C-FollowerState] INFO server.RaftServer$Division: om1@group-D66704EFC61C: changes role from  FOLLOWER to CANDIDATE at term 0 for changeToCandidate
scm3_1      | 2021-06-28 09:42:36,641 [pool-13-thread-1] INFO storage.RaftStorageDirectory: Lock on /data/metadata/scm-ha/403cd1d5-5dd5-4933-9ad9-6bc7de5660a1/in_use.lock acquired by nodename 7@c05cf85f69f9
recon_1     | 2021-06-28 09:42:18,297 [Listener at 0.0.0.0/9891] INFO retry.RetryInvocationHandler: com.google.protobuf.ServiceException: org.apache.hadoop.ipc.RemoteException(org.apache.hadoop.hdds.ratis.ServerNotLeaderException): Server:5311e397-d83d-4157-9c57-f6a393f78ce6 is not the leader. Could not determine the leader node.
datanode_3  | 	at org.apache.hadoop.net.NetUtils.connect(NetUtils.java:534)
scm2_1      | 2021-06-28 09:42:24,934 [pool-13-thread-1] INFO server.RaftServerConfigKeys: raft.server.rpc.timeout.min = 5000ms (custom)
om3_1       | 2021-06-28 09:43:15,674 [Listener at om3/9862] INFO impl.MetricsSinkAdapter: Sink prometheus started
datanode_2  | 2021-06-28 09:42:55,942 [pool-22-thread-1] INFO server.RaftServerConfigKeys: raft.server.retrycache.statistics.expirytime = 100?s (default)
s3g_1       | 	at org.apache.hadoop.ozone.protocolPB.OzoneManagerProtocolServerSideTranslatorPB.submitRequest(OzoneManagerProtocolServerSideTranslatorPB.java:122)
om2_1       | 2021-06-28 09:43:13,288 [pool-21-thread-1] INFO server.RaftServerConfigKeys: raft.server.log.segment.cache.size.max = 200MB (=209715200) (default)
scm1_1      | 2021-06-28 09:42:05,050 [5311e397-d83d-4157-9c57-f6a393f78ce6@group-6BC7DE5660A1-FollowerState] INFO server.RaftServerConfigKeys: raft.server.leaderelection.pre-vote = false (custom)
om1_1       | 2021-06-28 09:43:18,733 [om1@group-D66704EFC61C-FollowerState] INFO server.RaftServerConfigKeys: raft.server.leaderelection.pre-vote = false (custom)
scm3_1      | 2021-06-28 09:42:36,680 [pool-13-thread-1] INFO storage.RaftStorage: Storage directory /data/metadata/scm-ha/403cd1d5-5dd5-4933-9ad9-6bc7de5660a1 has been successfully formatted.
recon_1     | 	at org.apache.hadoop.hdds.ratis.ServerNotLeaderException.convertToNotLeaderException(ServerNotLeaderException.java:109)
datanode_3  | 	at org.apache.hadoop.ipc.Client$Connection.setupConnection(Client.java:699)
scm2_1      | 2021-06-28 09:42:24,954 [pool-13-thread-1] INFO server.RaftServerConfigKeys: raft.server.rpc.timeout.max = 5200ms (custom)
om3_1       | 2021-06-28 09:43:15,674 [Listener at om3/9862] INFO impl.MetricsSystemImpl: Registered sink prometheus
datanode_2  | 2021-06-28 09:42:56,188 [pool-22-thread-1] INFO metrics.RatisMetrics: Creating Metrics Registry : ratis.leader_election.3bf69a0a-4f38-4c55-94fa-c131fd19e697@group-8C44961C88BB
s3g_1       | 	at org.apache.hadoop.ozone.protocol.proto.OzoneManagerProtocolProtos$OzoneManagerService$2.callBlockingMethod(OzoneManagerProtocolProtos.java)
om2_1       | 2021-06-28 09:43:13,314 [pool-21-thread-1] INFO segmented.SegmentedRaftLogWorker: new om2@group-D66704EFC61C-SegmentedRaftLogWorker for RaftStorageImpl:Storage Directory /data/metadata/ratis/5cb24680-b9e7-3c90-a862-d66704efc61c
scm1_1      | 2021-06-28 09:42:05,050 [5311e397-d83d-4157-9c57-f6a393f78ce6@group-6BC7DE5660A1-FollowerState] INFO impl.RoleInfo: 5311e397-d83d-4157-9c57-f6a393f78ce6: start 5311e397-d83d-4157-9c57-f6a393f78ce6@group-6BC7DE5660A1-LeaderElection1
om1_1       | 2021-06-28 09:43:18,734 [om1@group-D66704EFC61C-FollowerState] INFO impl.RoleInfo: om1: start om1@group-D66704EFC61C-LeaderElection1
scm3_1      | 2021-06-28 09:42:36,684 [pool-13-thread-1] INFO server.RaftServerConfigKeys: raft.server.notification.no-leader.timeout = 60s (default)
recon_1     | 	at org.apache.hadoop.hdds.scm.ha.RatisUtil.checkRatisException(RatisUtil.java:196)
datanode_3  | 	at org.apache.hadoop.ipc.Client$Connection.setupIOstreams(Client.java:812)
scm2_1      | 2021-06-28 09:42:24,955 [pool-13-thread-1] INFO server.RaftServerConfigKeys: raft.server.rpc.sleep.time = 25ms (default)
om3_1       | 2021-06-28 09:43:15,676 [Listener at om3/9862] INFO http.BaseHttpServer: HTTP server of ozoneManager listening at http://0.0.0.0:9874
datanode_2  | 2021-06-28 09:42:56,223 [pool-22-thread-1] INFO metrics.RatisMetrics: Creating Metrics Registry : ratis.server.3bf69a0a-4f38-4c55-94fa-c131fd19e697@group-8C44961C88BB
s3g_1       | 	at org.apache.hadoop.ipc.ProtobufRpcEngine$Server$ProtoBufRpcInvoker.call(ProtobufRpcEngine.java:528)
om2_1       | 2021-06-28 09:43:13,326 [pool-21-thread-1] INFO server.RaftServerConfigKeys: raft.server.log.queue.byte-limit = 64MB (=67108864) (default)
scm1_1      | 2021-06-28 09:42:05,122 [5311e397-d83d-4157-9c57-f6a393f78ce6@group-6BC7DE5660A1-LeaderElection1] INFO impl.LeaderElection: 5311e397-d83d-4157-9c57-f6a393f78ce6@group-6BC7DE5660A1-LeaderElection1 ELECTION round 0: submit vote requests at term 1 for -1: [5311e397-d83d-4157-9c57-f6a393f78ce6|rpc:scm1:9894|priority:0], old=null
om1_1       | 2021-06-28 09:43:18,739 [om1@group-D66704EFC61C-LeaderElection1] INFO impl.LeaderElection: om1@group-D66704EFC61C-LeaderElection1 ELECTION round 0: submit vote requests at term 1 for -1: [om1|rpc:om1:9872|priority:0, om3|rpc:om3:9872|priority:0, om2|rpc:om2:9872|priority:0], old=null
scm3_1      | 2021-06-28 09:42:36,690 [pool-13-thread-1] INFO server.RaftServerConfigKeys: raft.server.log.use.memory = false (default)
recon_1     | 	at org.apache.hadoop.hdds.scm.protocol.StorageContainerLocationProtocolServerSideTranslatorPB.submitRequest(StorageContainerLocationProtocolServerSideTranslatorPB.java:157)
datanode_3  | 	at org.apache.hadoop.ipc.Client$Connection.access$3800(Client.java:413)
scm2_1      | 2021-06-28 09:42:24,956 [pool-13-thread-1] INFO server.RaftServerConfigKeys: raft.server.rpc.slowness.timeout = 120000ms (custom)
om3_1       | 2021-06-28 09:43:15,682 [IPC Server Responder] INFO ipc.Server: IPC Server Responder: starting
datanode_2  | 2021-06-28 09:42:56,271 [pool-22-thread-1] INFO server.RaftServer$Division: 3bf69a0a-4f38-4c55-94fa-c131fd19e697@group-8C44961C88BB: start as a follower, conf=-1: [3bf69a0a-4f38-4c55-94fa-c131fd19e697|rpc:172.20.0.2:9856|admin:172.20.0.2:9857|client:172.20.0.2:9858|priority:1], old=null
s3g_1       | 	at org.apache.hadoop.ipc.RPC$Server.call(RPC.java:1086)
om2_1       | 2021-06-28 09:43:13,335 [pool-21-thread-1] INFO server.RaftServerConfigKeys: raft.server.log.queue.element-limit = 4096 (default)
scm1_1      | 2021-06-28 09:42:05,123 [5311e397-d83d-4157-9c57-f6a393f78ce6@group-6BC7DE5660A1-LeaderElection1] INFO impl.LeaderElection: 5311e397-d83d-4157-9c57-f6a393f78ce6@group-6BC7DE5660A1-LeaderElection1 ELECTION round 0: result PASSED (term=1)
om1_1       | 2021-06-28 09:43:20,117 [grpc-default-executor-1] INFO metrics.RatisMetrics: Creating Metrics Registry : ratis.server_message_metrics.om1
scm3_1      | 2021-06-28 09:42:36,706 [pool-13-thread-1] INFO server.RaftServerConfigKeys: raft.server.log.purge.gap = 1000000 (custom)
recon_1     | 	at org.apache.hadoop.hdds.protocol.proto.StorageContainerLocationProtocolProtos$StorageContainerLocationProtocolService$2.callBlockingMethod(StorageContainerLocationProtocolProtos.java:52594)
datanode_3  | 	at org.apache.hadoop.ipc.Client.getConnection(Client.java:1636)
scm2_1      | 2021-06-28 09:42:24,957 [pool-13-thread-1] INFO server.RaftServerConfigKeys: raft.server.leaderelection.leader.step-down.wait-time = 10s (default)
om3_1       | 2021-06-28 09:43:16,103 [Listener at om3/9862] INFO om.OzoneManager: Trash Interval set to 0. Files deleted will not move to trash
datanode_2  | 2021-06-28 09:42:56,277 [pool-22-thread-1] INFO server.RaftServer$Division: 3bf69a0a-4f38-4c55-94fa-c131fd19e697@group-8C44961C88BB: changes role from      null to FOLLOWER at term 0 for startAsFollower
s3g_1       | 	at org.apache.hadoop.ipc.Server$RpcCall.run(Server.java:1029)
om2_1       | 2021-06-28 09:43:13,347 [pool-21-thread-1] INFO server.RaftServerConfigKeys: raft.server.log.segment.size.max = 4194304 (custom)
scm1_1      | 2021-06-28 09:42:05,123 [5311e397-d83d-4157-9c57-f6a393f78ce6@group-6BC7DE5660A1-LeaderElection1] INFO impl.RoleInfo: 5311e397-d83d-4157-9c57-f6a393f78ce6: shutdown 5311e397-d83d-4157-9c57-f6a393f78ce6@group-6BC7DE5660A1-LeaderElection1
om1_1       | 2021-06-28 09:43:20,146 [grpc-default-executor-1] INFO server.RaftServer$Division: om1@group-D66704EFC61C: receive requestVote(ELECTION, om3, group-D66704EFC61C, 1, (t:0, i:~))
scm3_1      | 2021-06-28 09:42:36,706 [pool-13-thread-1] INFO server.RaftServerConfigKeys: raft.server.log.appender.buffer.byte-limit = 33554432 (custom)
recon_1     | 	at org.apache.hadoop.ipc.ProtobufRpcEngine$Server$ProtoBufRpcInvoker.call(ProtobufRpcEngine.java:528)
datanode_3  | 	at org.apache.hadoop.ipc.Client.call(Client.java:1452)
scm2_1      | 2021-06-28 09:42:24,960 [pool-13-thread-1] INFO server.RaftServerConfigKeys: raft.server.sleep.deviation.threshold = 300ms (default)
om3_1       | 2021-06-28 09:43:16,105 [IPC Server listener on 9862] INFO ipc.Server: IPC Server listener on 9862: starting
datanode_2  | 2021-06-28 09:42:56,278 [pool-22-thread-1] INFO impl.RoleInfo: 3bf69a0a-4f38-4c55-94fa-c131fd19e697: start 3bf69a0a-4f38-4c55-94fa-c131fd19e697@group-8C44961C88BB-FollowerState
s3g_1       | 	at org.apache.hadoop.ipc.Server$RpcCall.run(Server.java:957)
om2_1       | 2021-06-28 09:43:13,348 [pool-21-thread-1] INFO server.RaftServerConfigKeys: raft.server.log.preallocated.size = 4194304 (custom)
scm1_1      | 2021-06-28 09:42:05,124 [5311e397-d83d-4157-9c57-f6a393f78ce6@group-6BC7DE5660A1-LeaderElection1] INFO server.RaftServer$Division: 5311e397-d83d-4157-9c57-f6a393f78ce6@group-6BC7DE5660A1: changes role from CANDIDATE to LEADER at term 1 for changeToLeader
om1_1       | 2021-06-28 09:43:20,147 [grpc-default-executor-1] INFO impl.VoteContext: om1@group-D66704EFC61C-CANDIDATE: reject ELECTION from om3: already has voted for om1 at current term 1
scm3_1      | 2021-06-28 09:42:36,720 [pool-13-thread-1] INFO metrics.MetricRegistries: Loaded MetricRegistries class org.apache.ratis.metrics.impl.MetricRegistriesImpl
recon_1     | 	at org.apache.hadoop.ipc.RPC$Server.call(RPC.java:1086)
datanode_3  | 	... 12 more
datanode_3  | 2021-06-28 09:42:23,782 [EndpointStateMachine task thread for scm2/172.20.0.9:9861 - 0 ] WARN statemachine.EndpointStateMachine: Unable to communicate to SCM server at scm2:9861 for past 0 seconds.
datanode_3  | java.net.ConnectException: Call From f50cd7b40c26/172.20.0.6 to scm2:9861 failed on connection exception: java.net.ConnectException: Connection refused; For more details see:  http://wiki.apache.org/hadoop/ConnectionRefused
datanode_2  | 2021-06-28 09:42:56,326 [pool-22-thread-1] INFO util.JmxRegister: Successfully registered JMX Bean with object name Ratis:service=RaftServer,group=group-8C44961C88BB,id=3bf69a0a-4f38-4c55-94fa-c131fd19e697
s3g_1       | 	at java.base/java.security.AccessController.doPrivileged(Native Method)
om2_1       | 2021-06-28 09:43:13,349 [pool-21-thread-1] INFO server.RaftServerConfigKeys: raft.server.log.force.sync.num = 128 (default)
scm1_1      | 2021-06-28 09:42:05,124 [5311e397-d83d-4157-9c57-f6a393f78ce6@group-6BC7DE5660A1-LeaderElection1] INFO server.RaftServer$Division: 5311e397-d83d-4157-9c57-f6a393f78ce6@group-6BC7DE5660A1: change Leader from null to 5311e397-d83d-4157-9c57-f6a393f78ce6 at term 1 for becomeLeader, leader elected after 7102ms
om1_1       | 2021-06-28 09:43:20,169 [grpc-default-executor-1] INFO server.RaftServer$Division: om1@group-D66704EFC61C replies to ELECTION vote request: om3<-om1#0:FAIL-t1. Peer's state: om1@group-D66704EFC61C:t1, leader=null, voted=om1, raftlog=om1@group-D66704EFC61C-SegmentedRaftLog:OPENED:c-1,f-1,i0, conf=-1: [om1|rpc:om1:9872|priority:0, om3|rpc:om3:9872|priority:0, om2|rpc:om2:9872|priority:0], old=null
om1_1       | 2021-06-28 09:43:20,314 [om1@group-D66704EFC61C-LeaderElection1] INFO impl.LeaderElection: om1@group-D66704EFC61C-LeaderElection1: ELECTION REJECTED received 2 response(s) and 0 exception(s):
datanode_3  | 	at java.base/jdk.internal.reflect.NativeConstructorAccessorImpl.newInstance0(Native Method)
scm2_1      | 2021-06-28 09:42:24,961 [pool-13-thread-1] INFO server.RaftServerConfigKeys: raft.server.log.appender.install.snapshot.enabled = false (custom)
om3_1       | 2021-06-28 09:43:16,139 [org.apache.hadoop.util.JvmPauseMonitor$Monitor@7f4a1cac] INFO util.JvmPauseMonitor: Starting JVM pause monitor
recon_1     | 	at org.apache.hadoop.ipc.Server$RpcCall.run(Server.java:1029)
datanode_2  | 2021-06-28 09:42:56,328 [pool-22-thread-1] INFO metrics.RatisMetrics: Creating Metrics Registry : ratis.state_machine.3bf69a0a-4f38-4c55-94fa-c131fd19e697@group-8C44961C88BB
s3g_1       | 	at java.base/javax.security.auth.Subject.doAs(Subject.java:423)
om2_1       | 2021-06-28 09:43:13,351 [pool-21-thread-1] INFO server.RaftServerConfigKeys: raft.server.log.statemachine.data.sync = true (default)
om1_1       | 2021-06-28 09:43:20,314 [om1@group-D66704EFC61C-LeaderElection1] INFO impl.LeaderElection:   Response 0: om1<-om3#0:FAIL-t1
scm3_1      | 2021-06-28 09:42:36,728 [pool-13-thread-1] INFO metrics.RatisMetrics: Creating Metrics Registry : ratis.log_worker.f31a6b31-a6a4-4655-9c26-0e8be2043392@group-6BC7DE5660A1
scm1_1      | 2021-06-28 09:42:05,199 [5311e397-d83d-4157-9c57-f6a393f78ce6@group-6BC7DE5660A1-LeaderElection1] INFO server.RaftServerConfigKeys: raft.server.staging.catchup.gap = 1000 (default)
datanode_3  | 	at java.base/jdk.internal.reflect.NativeConstructorAccessorImpl.newInstance(NativeConstructorAccessorImpl.java:62)
scm2_1      | 2021-06-28 09:42:24,980 [pool-13-thread-1] INFO server.RaftServer$Division: a8a7ccd1-df1a-4719-bf57-7f15eace25d3@group-6BC7DE5660A1: ConfigurationManager, init=-1: [], old=null, confs=<EMPTY_MAP>
om3_1       | 2021-06-28 09:43:19,097 [om3@group-D66704EFC61C-FollowerState] INFO impl.FollowerState: om3@group-D66704EFC61C-FollowerState: change to CANDIDATE, lastRpcElapsedTime:5201368232ns, electionTimeout:5172ms
recon_1     | 	at org.apache.hadoop.ipc.Server$RpcCall.run(Server.java:957)
datanode_2  | 2021-06-28 09:42:56,406 [Command processor thread] INFO ratis.XceiverServerRatis: Created group PipelineID=baff9c0d-8a20-4d64-8bbd-8c44961c88bb
s3g_1       | 	at org.apache.hadoop.security.UserGroupInformation.doAs(UserGroupInformation.java:1762)
om2_1       | 2021-06-28 09:43:13,356 [pool-21-thread-1] INFO server.RaftServerConfigKeys: raft.server.log.statemachine.data.sync.timeout = 10s (default)
om1_1       | 2021-06-28 09:43:20,314 [om1@group-D66704EFC61C-LeaderElection1] INFO impl.LeaderElection:   Response 1: om1<-om2#0:FAIL-t1
scm3_1      | 2021-06-28 09:42:36,729 [pool-13-thread-1] WARN impl.MetricRegistriesImpl: First MetricRegistry has been created without registering reporters. You may need to call MetricRegistries.global().addReporterRegistration(...) before.
scm1_1      | 2021-06-28 09:42:05,257 [5311e397-d83d-4157-9c57-f6a393f78ce6@group-6BC7DE5660A1-LeaderElection1] INFO metrics.RatisMetrics: Creating Metrics Registry : ratis.log_appender.5311e397-d83d-4157-9c57-f6a393f78ce6@group-6BC7DE5660A1
datanode_3  | 	at java.base/jdk.internal.reflect.DelegatingConstructorAccessorImpl.newInstance(DelegatingConstructorAccessorImpl.java:45)
scm2_1      | 2021-06-28 09:42:24,980 [pool-13-thread-1] INFO server.RaftServerConfigKeys: raft.server.storage.dir = [/data/metadata/scm-ha] (custom)
om3_1       | 2021-06-28 09:43:19,098 [om3@group-D66704EFC61C-FollowerState] INFO impl.RoleInfo: om3: shutdown om3@group-D66704EFC61C-FollowerState
recon_1     | 	at java.base/java.security.AccessController.doPrivileged(Native Method)
datanode_2  | 2021-06-28 09:42:56,407 [Command processor thread] INFO commandhandler.CreatePipelineCommandHandler: Created Pipeline RATIS ONE PipelineID=baff9c0d-8a20-4d64-8bbd-8c44961c88bb.
s3g_1       | 	at org.apache.hadoop.ipc.Server$Handler.run(Server.java:2957)
om2_1       | 2021-06-28 09:43:13,356 [pool-21-thread-1] INFO server.RaftServerConfigKeys: raft.server.log.statemachine.data.sync.timeout.retry = -1 (default)
om1_1       | 2021-06-28 09:43:20,314 [om1@group-D66704EFC61C-LeaderElection1] INFO impl.LeaderElection: om1@group-D66704EFC61C-LeaderElection1 ELECTION round 0: result REJECTED
scm3_1      | 2021-06-28 09:42:36,731 [pool-13-thread-1] INFO server.RaftServerConfigKeys: raft.server.log.segment.size.max = 16384 (custom)
scm1_1      | 2021-06-28 09:42:05,275 [5311e397-d83d-4157-9c57-f6a393f78ce6@group-6BC7DE5660A1-LeaderElection1] WARN impl.MetricRegistriesImpl: First MetricRegistry has been created without registering reporters. You may need to call MetricRegistries.global().addReporterRegistration(...) before.
scm1_1      | 2021-06-28 09:42:05,279 [5311e397-d83d-4157-9c57-f6a393f78ce6@group-6BC7DE5660A1-LeaderElection1] INFO server.RaftServerConfigKeys: raft.server.write.element-limit = 4096 (default)
scm2_1      | 2021-06-28 09:42:25,004 [pool-13-thread-1] INFO server.RaftServerConfigKeys: raft.server.log.corruption.policy = EXCEPTION (default)
om3_1       | 2021-06-28 09:43:19,101 [om3@group-D66704EFC61C-FollowerState] INFO server.RaftServer$Division: om3@group-D66704EFC61C: changes role from  FOLLOWER to CANDIDATE at term 0 for changeToCandidate
recon_1     | 	at java.base/javax.security.auth.Subject.doAs(Subject.java:423)
datanode_2  | 2021-06-28 09:42:56,408 [Command processor thread] INFO server.RaftServer: 3bf69a0a-4f38-4c55-94fa-c131fd19e697: addNew group-C44171C5B12D:[9306d338-f8ba-4cf1-9bb4-85695fb2525e|rpc:172.20.0.6:9856|admin:172.20.0.6:9857|client:172.20.0.6:9858|priority:0, 3bf69a0a-4f38-4c55-94fa-c131fd19e697|rpc:172.20.0.2:9856|admin:172.20.0.2:9857|client:172.20.0.2:9858|priority:1, b1adcfab-7569-43ed-b1c3-959038cec42a|rpc:172.20.0.4:9856|admin:172.20.0.4:9857|client:172.20.0.4:9858|priority:0] returns group-C44171C5B12D:java.util.concurrent.CompletableFuture@4e8065c7[Not completed]
s3g_1       | , while invoking $Proxy108.submitRequest over nodeId=om2,nodeAddress=om2:9862 after 1 failover attempts. Trying to failover immediately.
om2_1       | 2021-06-28 09:43:13,412 [pool-21-thread-1] INFO server.RaftServerConfigKeys: raft.server.log.write.buffer.size = 64KB (=65536) (default)
om1_1       | 2021-06-28 09:43:20,315 [om1@group-D66704EFC61C-LeaderElection1] INFO server.RaftServer$Division: om1@group-D66704EFC61C: changes role from CANDIDATE to FOLLOWER at term 1 for REJECTED
scm3_1      | 2021-06-28 09:42:36,746 [pool-13-thread-1] INFO server.RaftServerConfigKeys: raft.server.log.segment.cache.num.max = 2 (custom)
scm1_1      | 2021-06-28 09:42:05,280 [5311e397-d83d-4157-9c57-f6a393f78ce6@group-6BC7DE5660A1-LeaderElection1] INFO server.RaftServerConfigKeys: raft.server.write.byte-limit = 64MB (=67108864) (default)
datanode_3  | 	at java.base/java.lang.reflect.Constructor.newInstance(Constructor.java:490)
scm2_1      | 2021-06-28 09:42:25,008 [pool-13-thread-1] INFO storage.RaftStorageDirectory: The storage directory /data/metadata/scm-ha/403cd1d5-5dd5-4933-9ad9-6bc7de5660a1 does not exist. Creating ...
om3_1       | 2021-06-28 09:43:19,109 [om3@group-D66704EFC61C-FollowerState] INFO server.RaftServerConfigKeys: raft.server.leaderelection.pre-vote = false (custom)
recon_1     | 	at org.apache.hadoop.security.UserGroupInformation.doAs(UserGroupInformation.java:1762)
s3g_1       | 2021-06-28 09:47:53,809 [qtp2122049087-20] INFO retry.RetryInvocationHandler: com.google.protobuf.ServiceException: org.apache.hadoop.ipc.RemoteException(org.apache.hadoop.ozone.om.exceptions.OMNotLeaderException): OM:om2 is not the leader. Could not determine the leader node.
om2_1       | 2021-06-28 09:43:13,414 [pool-21-thread-1] INFO server.RaftServerConfigKeys: raft.server.log.statemachine.data.caching.enabled = false (default)
datanode_2  | 2021-06-28 09:42:56,445 [pool-22-thread-1] INFO server.RaftServer$Division: 3bf69a0a-4f38-4c55-94fa-c131fd19e697: new RaftServerImpl for group-C44171C5B12D:[9306d338-f8ba-4cf1-9bb4-85695fb2525e|rpc:172.20.0.6:9856|admin:172.20.0.6:9857|client:172.20.0.6:9858|priority:0, 3bf69a0a-4f38-4c55-94fa-c131fd19e697|rpc:172.20.0.2:9856|admin:172.20.0.2:9857|client:172.20.0.2:9858|priority:1, b1adcfab-7569-43ed-b1c3-959038cec42a|rpc:172.20.0.4:9856|admin:172.20.0.4:9857|client:172.20.0.4:9858|priority:0] with ContainerStateMachine:uninitialized
om1_1       | 2021-06-28 09:43:20,315 [om1@group-D66704EFC61C-LeaderElection1] INFO impl.RoleInfo: om1: shutdown om1@group-D66704EFC61C-LeaderElection1
scm3_1      | 2021-06-28 09:42:36,747 [pool-13-thread-1] INFO server.RaftServerConfigKeys: raft.server.log.segment.cache.size.max = 200MB (=209715200) (default)
scm1_1      | 2021-06-28 09:42:05,357 [5311e397-d83d-4157-9c57-f6a393f78ce6@group-6BC7DE5660A1-LeaderElection1] INFO server.RaftServerConfigKeys: raft.server.watch.timeout = 10s (default)
datanode_3  | 	at org.apache.hadoop.net.NetUtils.wrapWithMessage(NetUtils.java:836)
scm2_1      | 2021-06-28 09:42:25,079 [pool-13-thread-1] INFO storage.RaftStorageDirectory: Lock on /data/metadata/scm-ha/403cd1d5-5dd5-4933-9ad9-6bc7de5660a1/in_use.lock acquired by nodename 7@568d5fb8304e
om3_1       | 2021-06-28 09:43:19,109 [om3@group-D66704EFC61C-FollowerState] INFO impl.RoleInfo: om3: start om3@group-D66704EFC61C-LeaderElection1
recon_1     | 	at org.apache.hadoop.ipc.Server$Handler.run(Server.java:2957)
s3g_1       | 	at org.apache.hadoop.ozone.protocolPB.OzoneManagerProtocolServerSideTranslatorPB.createNotLeaderException(OzoneManagerProtocolServerSideTranslatorPB.java:211)
om2_1       | 2021-06-28 09:43:13,454 [pool-21-thread-1] INFO segmented.SegmentedRaftLogWorker: om2@group-D66704EFC61C-SegmentedRaftLogWorker: flushIndex: setUnconditionally 0 -> -1
datanode_2  | 2021-06-28 09:42:56,458 [pool-22-thread-1] INFO server.RaftServerConfigKeys: raft.server.rpc.timeout.min = 5s (custom)
om1_1       | 2021-06-28 09:43:20,316 [om1@group-D66704EFC61C-LeaderElection1] INFO impl.RoleInfo: om1: start om1@group-D66704EFC61C-FollowerState
scm3_1      | 2021-06-28 09:42:36,756 [pool-13-thread-1] INFO segmented.SegmentedRaftLogWorker: new f31a6b31-a6a4-4655-9c26-0e8be2043392@group-6BC7DE5660A1-SegmentedRaftLogWorker for RaftStorageImpl:Storage Directory /data/metadata/scm-ha/403cd1d5-5dd5-4933-9ad9-6bc7de5660a1
scm1_1      | 2021-06-28 09:42:05,415 [5311e397-d83d-4157-9c57-f6a393f78ce6@group-6BC7DE5660A1-LeaderElection1] INFO server.RaftServerConfigKeys: raft.server.watch.timeout.denomination = 1s (default)
datanode_3  | 	at org.apache.hadoop.net.NetUtils.wrapException(NetUtils.java:760)
scm2_1      | 2021-06-28 09:42:25,119 [pool-13-thread-1] INFO storage.RaftStorage: Storage directory /data/metadata/scm-ha/403cd1d5-5dd5-4933-9ad9-6bc7de5660a1 has been successfully formatted.
om3_1       | 2021-06-28 09:43:19,139 [om3@group-D66704EFC61C-LeaderElection1] INFO impl.LeaderElection: om3@group-D66704EFC61C-LeaderElection1 ELECTION round 0: submit vote requests at term 1 for -1: [om1|rpc:om1:9872|priority:0, om3|rpc:om3:9872|priority:0, om2|rpc:om2:9872|priority:0], old=null
recon_1     | , while invoking $Proxy41.submitRequest over nodeId=scm1,nodeAddress=scm1/172.20.0.7:9860 after 3 failover attempts. Trying to failover after sleeping for 2000ms.
recon_1     | 2021-06-28 09:42:20,298 [Listener at 0.0.0.0/9891] INFO retry.RetryInvocationHandler: com.google.protobuf.ServiceException: java.net.ConnectException: Call From 99acac3e104f/172.20.0.12 to scm2:9860 failed on connection exception: java.net.ConnectException: Connection refused; For more details see:  http://wiki.apache.org/hadoop/ConnectionRefused, while invoking $Proxy41.submitRequest over nodeId=scm2,nodeAddress=scm2/172.20.0.9:9860 after 4 failover attempts. Trying to failover after sleeping for 2000ms.
om2_1       | 2021-06-28 09:43:13,454 [pool-21-thread-1] INFO segmented.SegmentedRaftLogWorker: om2@group-D66704EFC61C-SegmentedRaftLogWorker: safeCacheEvictIndex: setUnconditionally 0 -> -1
om2_1       | 2021-06-28 09:43:13,474 [pool-21-thread-1] INFO server.RaftServerConfigKeys: raft.server.snapshot.auto.trigger.enabled = true (custom)
om1_1       | 2021-06-28 09:43:20,317 [grpc-default-executor-1] INFO server.RaftServer$Division: om1@group-D66704EFC61C: receive requestVote(ELECTION, om2, group-D66704EFC61C, 1, (t:0, i:~))
scm3_1      | 2021-06-28 09:42:36,759 [pool-13-thread-1] INFO server.RaftServerConfigKeys: raft.server.log.queue.byte-limit = 64MB (=67108864) (default)
scm1_1      | 2021-06-28 09:42:05,449 [5311e397-d83d-4157-9c57-f6a393f78ce6@group-6BC7DE5660A1-LeaderElection1] INFO server.RaftServerConfigKeys: raft.server.watch.element-limit = 65536 (default)
datanode_3  | 	at org.apache.hadoop.ipc.Client.getRpcResponse(Client.java:1566)
scm2_1      | 2021-06-28 09:42:25,131 [pool-13-thread-1] INFO server.RaftServerConfigKeys: raft.server.notification.no-leader.timeout = 60s (default)
om3_1       | 2021-06-28 09:43:20,078 [grpc-default-executor-1] INFO metrics.RatisMetrics: Creating Metrics Registry : ratis.server_message_metrics.om3
recon_1     | 2021-06-28 09:42:22,300 [Listener at 0.0.0.0/9891] INFO retry.RetryInvocationHandler: com.google.protobuf.ServiceException: java.net.ConnectException: Call From 99acac3e104f/172.20.0.12 to scm3:9860 failed on connection exception: java.net.ConnectException: Connection refused; For more details see:  http://wiki.apache.org/hadoop/ConnectionRefused, while invoking $Proxy41.submitRequest over nodeId=scm3,nodeAddress=scm3/172.20.0.5:9860 after 5 failover attempts. Trying to failover after sleeping for 2000ms.
s3g_1       | 	at org.apache.hadoop.ozone.protocolPB.OzoneManagerProtocolServerSideTranslatorPB.createLeaderErrorException(OzoneManagerProtocolServerSideTranslatorPB.java:199)
om2_1       | 2021-06-28 09:43:13,475 [pool-21-thread-1] INFO server.RaftServerConfigKeys: raft.server.snapshot.auto.trigger.threshold = 400000 (default)
datanode_2  | 2021-06-28 09:42:56,462 [pool-22-thread-1] INFO server.RaftServerConfigKeys: raft.server.rpc.timeout.max = 5200ms (custom)
om1_1       | 2021-06-28 09:43:20,318 [grpc-default-executor-1] INFO impl.VoteContext: om1@group-D66704EFC61C-FOLLOWER: reject ELECTION from om2: already has voted for om1 at current term 1
scm3_1      | 2021-06-28 09:42:36,759 [pool-13-thread-1] INFO server.RaftServerConfigKeys: raft.server.log.queue.element-limit = 4096 (default)
scm1_1      | 2021-06-28 09:42:05,537 [5311e397-d83d-4157-9c57-f6a393f78ce6@group-6BC7DE5660A1-LeaderElection1] INFO impl.RoleInfo: 5311e397-d83d-4157-9c57-f6a393f78ce6: start 5311e397-d83d-4157-9c57-f6a393f78ce6@group-6BC7DE5660A1-LeaderStateImpl
datanode_3  | 	at org.apache.hadoop.ipc.Client.call(Client.java:1508)
scm2_1      | 2021-06-28 09:42:25,136 [pool-13-thread-1] INFO server.RaftServerConfigKeys: raft.server.log.use.memory = false (default)
om3_1       | 2021-06-28 09:43:20,135 [grpc-default-executor-1] INFO server.RaftServer$Division: om3@group-D66704EFC61C: receive requestVote(ELECTION, om1, group-D66704EFC61C, 1, (t:0, i:~))
recon_1     | 2021-06-28 09:42:24,628 [Listener at 0.0.0.0/9891] INFO scm.ReconStorageContainerManagerFacade: Obtained 4 pipelines from SCM.
s3g_1       | 	at org.apache.hadoop.ozone.protocolPB.OzoneManagerProtocolServerSideTranslatorPB.submitReadRequestToOM(OzoneManagerProtocolServerSideTranslatorPB.java:192)
om2_1       | 2021-06-28 09:43:13,478 [pool-21-thread-1] INFO server.RaftServerConfigKeys: raft.server.snapshot.retention.file.num = -1 (default)
datanode_2  | 2021-06-28 09:42:56,462 [pool-22-thread-1] INFO server.RaftServerConfigKeys: raft.server.rpc.sleep.time = 25ms (default)
om1_1       | 2021-06-28 09:43:20,318 [grpc-default-executor-1] INFO server.RaftServer$Division: om1@group-D66704EFC61C replies to ELECTION vote request: om2<-om1#0:FAIL-t1. Peer's state: om1@group-D66704EFC61C:t1, leader=null, voted=om1, raftlog=om1@group-D66704EFC61C-SegmentedRaftLog:OPENED:c-1,f-1,i0, conf=-1: [om1|rpc:om1:9872|priority:0, om3|rpc:om3:9872|priority:0, om2|rpc:om2:9872|priority:0], old=null
scm3_1      | 2021-06-28 09:42:36,762 [pool-13-thread-1] INFO server.RaftServerConfigKeys: raft.server.log.segment.size.max = 16384 (custom)
scm3_1      | 2021-06-28 09:42:36,763 [pool-13-thread-1] INFO server.RaftServerConfigKeys: raft.server.log.preallocated.size = 16384 (custom)
datanode_3  | 	at org.apache.hadoop.ipc.Client.call(Client.java:1405)
scm2_1      | 2021-06-28 09:42:25,171 [pool-13-thread-1] INFO server.RaftServerConfigKeys: raft.server.log.purge.gap = 1000000 (custom)
om3_1       | 2021-06-28 09:43:20,138 [grpc-default-executor-1] INFO impl.VoteContext: om3@group-D66704EFC61C-CANDIDATE: reject ELECTION from om1: already has voted for om3 at current term 1
recon_1     | 2021-06-28 09:42:24,630 [Listener at 0.0.0.0/9891] INFO scm.ReconPipelineManager: Recon has 0 pipelines in house.
s3g_1       | 	at org.apache.hadoop.ozone.protocolPB.OzoneManagerProtocolServerSideTranslatorPB.processRequest(OzoneManagerProtocolServerSideTranslatorPB.java:132)
om2_1       | 2021-06-28 09:43:13,497 [pool-21-thread-1] INFO server.RaftServerConfigKeys: raft.server.log.purge.upto.snapshot.index = true (custom)
datanode_2  | 2021-06-28 09:42:56,462 [pool-22-thread-1] INFO server.RaftServerConfigKeys: raft.server.rpc.slowness.timeout = 300s (custom)
scm3_1      | 2021-06-28 09:42:36,765 [pool-13-thread-1] INFO server.RaftServerConfigKeys: raft.server.log.force.sync.num = 128 (default)
scm1_1      | 2021-06-28 09:42:06,111 [5311e397-d83d-4157-9c57-f6a393f78ce6@group-6BC7DE5660A1-LeaderElection1] INFO segmented.SegmentedRaftLogWorker: 5311e397-d83d-4157-9c57-f6a393f78ce6@group-6BC7DE5660A1-SegmentedRaftLogWorker: Starting segment from index:0
