datanode_3_1  | 2020-07-15 12:59:49,534 [main] INFO metrics.MetricRegistries: Loaded MetricRegistries class org.apache.ratis.metrics.impl.MetricRegistriesImpl
scm_1         | 2020-07-15 12:58:26,930 [IPC Server handler 94 on default port 9863] WARN node.SCMNodeManager: Cannot find node for address 10.5.0.71
datanode_2_1  | 2020-07-15 12:59:56,832 [pool-19-thread-1] INFO server.RaftServerConfigKeys: raft.server.storage.dir = [/data/metadata/ratis] (custom)
datanode_6_1  | 2020-07-15 12:59:35,469 [grpc-default-executor-2] WARN server.GrpcLogAppender: bd89c345-79a3-4423-baa4-f3d8f0a64fb1@group-384902D90640->f99004a5-cd4e-4a7d-9fb0-5512437add77-AppendLogResponseHandler: Failed appendEntries: org.apache.ratis.thirdparty.io.grpc.StatusRuntimeException: UNAVAILABLE: Network closed for unknown reason
datanode_1_1  | 2020-07-15 13:00:09,404 [d626e324-77af-471d-a0a9-0309f76ac834@group-384902D90640-LeaderElection2] INFO metrics.RatisMetrics: Creating Metrics Registry : ratis_grpc.log_appender.d626e324-77af-471d-a0a9-0309f76ac834@group-384902D90640
datanode_3_1  | 2020-07-15 12:59:49,965 [main] INFO impl.MetricsConfig: Loaded properties from hadoop-metrics2.properties
scm_1         | 2020-07-15 12:58:26,994 [IPC Server handler 99 on default port 9863] WARN node.SCMNodeManager: Cannot find node for address 10.5.0.71
datanode_2_1  | 2020-07-15 12:59:56,838 [pool-19-thread-1] INFO server.RaftServerConfigKeys: raft.server.log.corruption.policy = EXCEPTION (default)
datanode_6_1  | 2020-07-15 12:59:35,470 [grpc-default-executor-2] INFO impl.FollowerInfo: bd89c345-79a3-4423-baa4-f3d8f0a64fb1@group-384902D90640->f99004a5-cd4e-4a7d-9fb0-5512437add77: nextIndex: updateUnconditionally 246 -> 245
datanode_1_1  | 2020-07-15 13:00:09,411 [d626e324-77af-471d-a0a9-0309f76ac834@group-384902D90640-LeaderElection2] INFO server.RaftServerConfigKeys: raft.server.log.appender.snapshot.chunk.size.max = 16MB (=16777216) (default)
datanode_3_1  | 2020-07-15 12:59:50,351 [main] INFO impl.MetricsSystemImpl: Scheduled Metric snapshot period at 10 second(s).
scm_1         | 2020-07-15 12:58:29,552 [IPC Server handler 36 on default port 9863] WARN node.SCMNodeManager: Cannot find node for address 10.5.0.71
datanode_2_1  | 2020-07-15 12:59:56,850 [pool-19-thread-1] INFO storage.RaftStorageDirectory: Lock on /data/metadata/ratis/7dd78c79-7090-4bc7-8b46-edc6ff7b4907/in_use.lock acquired by nodename 6@2193425fbe85
datanode_2_1  | 2020-07-15 12:59:56,854 [pool-19-thread-1] INFO ratis.ContainerStateMachine: group-EDC6FF7B4907: The snapshot info is null. Setting the last applied indexto:(t:0, i:~)
datanode_1_1  | 2020-07-15 13:00:09,411 [d626e324-77af-471d-a0a9-0309f76ac834@group-384902D90640-LeaderElection2] INFO server.RaftServerConfigKeys: raft.server.log.appender.buffer.byte-limit = 33554432 (custom)
datanode_3_1  | 2020-07-15 12:59:50,351 [main] INFO impl.MetricsSystemImpl: HddsDatanode metrics system started
datanode_2_1  | 2020-07-15 12:59:56,858 [pool-19-thread-1] INFO server.RaftServerConfigKeys: raft.server.notification.no-leader.timeout = 60s (default)
datanode_6_1  | 2020-07-15 12:59:52,054 [grpc-default-executor-0] WARN server.GrpcLogAppender: bd89c345-79a3-4423-baa4-f3d8f0a64fb1@group-384902D90640->f99004a5-cd4e-4a7d-9fb0-5512437add77-AppendLogResponseHandler: Failed appendEntries: org.apache.ratis.thirdparty.io.grpc.StatusRuntimeException: UNAVAILABLE: io exception
scm_1         | 2020-07-15 12:58:29,627 [IPC Server handler 43 on default port 9863] WARN node.SCMNodeManager: Cannot find node for address 10.5.0.71
datanode_1_1  | 2020-07-15 13:00:09,411 [d626e324-77af-471d-a0a9-0309f76ac834@group-384902D90640-LeaderElection2] INFO server.RaftServerConfigKeys: raft.server.log.appender.buffer.element-limit = 1 (custom)
datanode_3_1  | 2020-07-15 12:59:50,735 [main] INFO ozone.HddsDatanodeService: HddsDatanodeService host:cc5436b7e90e ip:10.5.0.6
datanode_2_1  | 2020-07-15 12:59:56,858 [pool-19-thread-1] INFO server.RaftServerConfigKeys: raft.server.log.use.memory = false (default)
datanode_6_1  | 2020-07-15 12:59:52,055 [grpc-default-executor-0] INFO impl.FollowerInfo: bd89c345-79a3-4423-baa4-f3d8f0a64fb1@group-384902D90640->f99004a5-cd4e-4a7d-9fb0-5512437add77: nextIndex: updateUnconditionally 246 -> 245
scm_1         | 2020-07-15 12:58:32,182 [IPC Server handler 86 on default port 9863] WARN node.SCMNodeManager: Cannot find node for address 10.5.0.71
datanode_1_1  | 2020-07-15 13:00:09,411 [d626e324-77af-471d-a0a9-0309f76ac834@group-384902D90640-LeaderElection2] INFO grpc.GrpcConfigKeys: raft.grpc.server.leader.outstanding.appends.max = 128 (default)
datanode_3_1  | 2020-07-15 12:59:51,120 [main] INFO fs.SaveSpaceUsageToFile: Cached usage info found in /data/hdds/scmUsed: 8192 at 2020-07-15T12:59:35.020Z
datanode_2_1  | 2020-07-15 12:59:56,858 [pool-19-thread-1] INFO server.RaftServerConfigKeys: raft.server.log.purge.gap = 1000000 (custom)
datanode_6_1  | 2020-07-15 12:59:52,056 [grpc-default-executor-1] WARN server.GrpcLogAppender: bd89c345-79a3-4423-baa4-f3d8f0a64fb1@group-384902D90640->d626e324-77af-471d-a0a9-0309f76ac834-AppendLogResponseHandler: Failed appendEntries: org.apache.ratis.thirdparty.io.grpc.StatusRuntimeException: UNAVAILABLE: io exception
scm_1         | 2020-07-15 12:58:32,253 [IPC Server handler 81 on default port 9863] WARN node.SCMNodeManager: Cannot find node for address 10.5.0.71
datanode_1_1  | 2020-07-15 13:00:09,411 [d626e324-77af-471d-a0a9-0309f76ac834@group-384902D90640-LeaderElection2] INFO server.RaftServerConfigKeys: raft.server.rpc.request.timeout = 60s (custom)
datanode_3_1  | 2020-07-15 12:59:51,155 [main] INFO volume.HddsVolume: Creating Volume: /data/hdds/hdds of storage type : DISK and capacity : 89311358976
datanode_2_1  | 2020-07-15 12:59:56,858 [pool-19-thread-1] INFO server.RaftServerConfigKeys: raft.server.log.appender.buffer.byte-limit = 33554432 (custom)
scm_1         | 2020-07-15 12:58:32,352 [IPC Server handler 78 on default port 9863] WARN node.SCMNodeManager: Cannot find node for address 10.5.0.71
datanode_1_1  | 2020-07-15 13:00:09,413 [d626e324-77af-471d-a0a9-0309f76ac834@group-384902D90640-LeaderElection2] INFO server.RaftServerConfigKeys: raft.server.log.appender.install.snapshot.enabled = false (custom)
datanode_6_1  | 2020-07-15 12:59:52,057 [grpc-default-executor-1] INFO impl.FollowerInfo: bd89c345-79a3-4423-baa4-f3d8f0a64fb1@group-384902D90640->d626e324-77af-471d-a0a9-0309f76ac834: nextIndex: updateUnconditionally 246 -> 245
datanode_3_1  | 2020-07-15 12:59:51,192 [main] INFO volume.MutableVolumeSet: Added Volume : /data/hdds/hdds to VolumeSet
datanode_2_1  | 2020-07-15 12:59:56,859 [pool-19-thread-1] INFO server.RaftServerConfigKeys: raft.server.log.segment.size.max = 1048576 (custom)
scm_1         | 2020-07-15 12:58:32,433 [IPC Server handler 87 on default port 9863] WARN node.SCMNodeManager: Cannot find node for address 10.5.0.71
datanode_1_1  | 2020-07-15 13:00:09,415 [d626e324-77af-471d-a0a9-0309f76ac834@group-384902D90640-LeaderElection2] INFO impl.RoleInfo: d626e324-77af-471d-a0a9-0309f76ac834: start LeaderState
datanode_6_1  | 2020-07-15 12:59:54,200 [grpc-default-executor-0] WARN server.GrpcLogAppender: bd89c345-79a3-4423-baa4-f3d8f0a64fb1@group-384902D90640->f99004a5-cd4e-4a7d-9fb0-5512437add77-AppendLogResponseHandler: Failed appendEntries: org.apache.ratis.thirdparty.io.grpc.StatusRuntimeException: UNAVAILABLE: io exception
datanode_3_1  | 2020-07-15 12:59:51,227 [main] INFO volume.ThrottledAsyncChecker: Scheduling a check for /data/hdds/hdds
datanode_2_1  | 2020-07-15 12:59:56,861 [pool-19-thread-1] INFO metrics.RatisMetrics: Creating Metrics Registry : ratis.log_worker.f99004a5-cd4e-4a7d-9fb0-5512437add77@group-EDC6FF7B4907
scm_1         | 2020-07-15 12:58:32,494 [IPC Server handler 38 on default port 9863] WARN node.SCMNodeManager: Cannot find node for address 10.5.0.71
datanode_1_1  | 2020-07-15 13:00:09,416 [d626e324-77af-471d-a0a9-0309f76ac834@group-384902D90640-LeaderElection2] INFO segmented.SegmentedRaftLogWorker: d626e324-77af-471d-a0a9-0309f76ac834@group-384902D90640-SegmentedRaftLogWorker: Rolling segment log-0_245 to index:245
datanode_6_1  | 2020-07-15 12:59:54,200 [grpc-default-executor-0] INFO impl.FollowerInfo: bd89c345-79a3-4423-baa4-f3d8f0a64fb1@group-384902D90640->f99004a5-cd4e-4a7d-9fb0-5512437add77: nextIndex: updateUnconditionally 246 -> 245
datanode_3_1  | 2020-07-15 12:59:51,637 [main] INFO volume.HddsVolumeChecker: Scheduled health check for volume /data/hdds/hdds
datanode_2_1  | 2020-07-15 12:59:56,861 [pool-19-thread-1] INFO server.RaftServerConfigKeys: raft.server.log.segment.cache.num.max = 2 (custom)
scm_1         | 2020-07-15 12:58:32,549 [IPC Server handler 43 on default port 9863] WARN node.SCMNodeManager: Cannot find node for address 10.5.0.71
datanode_1_1  | 2020-07-15 13:00:09,417 [d626e324-77af-471d-a0a9-0309f76ac834@group-384902D90640-SegmentedRaftLogWorker] INFO segmented.SegmentedRaftLogWorker: d626e324-77af-471d-a0a9-0309f76ac834@group-384902D90640-SegmentedRaftLogWorker: Rolled log segment from /data/metadata/ratis/53113771-ecae-497a-95c0-384902d90640/current/log_inprogress_0 to /data/metadata/ratis/53113771-ecae-497a-95c0-384902d90640/current/log_0-245
datanode_6_1  | 2020-07-15 12:59:54,222 [grpc-default-executor-1] WARN server.GrpcLogAppender: bd89c345-79a3-4423-baa4-f3d8f0a64fb1@group-384902D90640->d626e324-77af-471d-a0a9-0309f76ac834-AppendLogResponseHandler: Failed appendEntries: org.apache.ratis.thirdparty.io.grpc.StatusRuntimeException: UNAVAILABLE: io exception
datanode_3_1  | 2020-07-15 12:59:55,081 [main] WARN server.ServerUtils: Storage directory for Ratis is not configured. It is a good idea to map this to an SSD disk. Falling back to ozone.metadata.dirs
datanode_2_1  | 2020-07-15 12:59:56,861 [pool-19-thread-1] INFO segmented.SegmentedRaftLogWorker: new f99004a5-cd4e-4a7d-9fb0-5512437add77@group-EDC6FF7B4907-SegmentedRaftLogWorker for RaftStorage:Storage Directory /data/metadata/ratis/7dd78c79-7090-4bc7-8b46-edc6ff7b4907
scm_1         | 2020-07-15 12:58:32,602 [IPC Server handler 46 on default port 9863] WARN node.SCMNodeManager: Cannot find node for address 10.5.0.71
datanode_1_1  | 2020-07-15 13:00:09,419 [d626e324-77af-471d-a0a9-0309f76ac834@group-384902D90640-SegmentedRaftLogWorker] INFO segmented.SegmentedRaftLogWorker: d626e324-77af-471d-a0a9-0309f76ac834@group-384902D90640-SegmentedRaftLogWorker: created new log segment /data/metadata/ratis/53113771-ecae-497a-95c0-384902d90640/current/log_inprogress_246
datanode_6_1  | 2020-07-15 12:59:54,223 [grpc-default-executor-1] INFO impl.FollowerInfo: bd89c345-79a3-4423-baa4-f3d8f0a64fb1@group-384902D90640->d626e324-77af-471d-a0a9-0309f76ac834: nextIndex: updateUnconditionally 246 -> 245
datanode_3_1  | 2020-07-15 12:59:55,411 [main] INFO impl.RaftServerProxy: raft.rpc.type = GRPC (default)
datanode_2_1  | 2020-07-15 12:59:56,861 [pool-19-thread-1] INFO server.RaftServerConfigKeys: raft.server.log.queue.byte-limit = 2147483647 (custom)
datanode_6_1  | 2020-07-15 12:59:56,702 [grpc-default-executor-1] WARN server.GrpcLogAppender: bd89c345-79a3-4423-baa4-f3d8f0a64fb1@group-384902D90640->f99004a5-cd4e-4a7d-9fb0-5512437add77-AppendLogResponseHandler: Failed appendEntries: org.apache.ratis.thirdparty.io.grpc.StatusRuntimeException: UNAVAILABLE: io exception
datanode_3_1  | 2020-07-15 12:59:55,679 [main] INFO grpc.GrpcConfigKeys: raft.grpc.server.port = 9858 (custom)
datanode_1_1  | 2020-07-15 13:00:09,439 [d626e324-77af-471d-a0a9-0309f76ac834@group-384902D90640-LeaderElection2] INFO impl.RaftServerImpl: d626e324-77af-471d-a0a9-0309f76ac834@group-384902D90640: set configuration 246: [d626e324-77af-471d-a0a9-0309f76ac834:10.5.0.4:9858, f99004a5-cd4e-4a7d-9fb0-5512437add77:10.5.0.5:9858, bd89c345-79a3-4423-baa4-f3d8f0a64fb1:10.5.0.9:9858], old=null at 246
scm_1         | 2020-07-15 12:58:35,168 [IPC Server handler 86 on default port 9863] WARN node.SCMNodeManager: Cannot find node for address 10.5.0.71
datanode_6_1  | 2020-07-15 12:59:56,703 [grpc-default-executor-1] INFO impl.FollowerInfo: bd89c345-79a3-4423-baa4-f3d8f0a64fb1@group-384902D90640->f99004a5-cd4e-4a7d-9fb0-5512437add77: nextIndex: updateUnconditionally 246 -> 245
datanode_2_1  | 2020-07-15 12:59:56,861 [pool-19-thread-1] INFO server.RaftServerConfigKeys: raft.server.log.queue.element-limit = 1024 (custom)
datanode_3_1  | 2020-07-15 12:59:55,680 [main] INFO server.GrpcService: raft.grpc.message.size.max = 32MB (=33554432) (custom)
datanode_1_1  | 2020-07-15 13:00:39,377 [grpc-default-executor-0] WARN server.GrpcLogAppender: d626e324-77af-471d-a0a9-0309f76ac834@group-384902D90640->bd89c345-79a3-4423-baa4-f3d8f0a64fb1-AppendLogResponseHandler: Failed appendEntries: org.apache.ratis.thirdparty.io.grpc.StatusRuntimeException: UNAVAILABLE: io exception
scm_1         | 2020-07-15 12:58:35,259 [IPC Server handler 78 on default port 9863] WARN node.SCMNodeManager: Cannot find node for address 10.5.0.71
datanode_6_1  | 2020-07-15 12:59:56,730 [grpc-default-executor-0] WARN server.GrpcLogAppender: bd89c345-79a3-4423-baa4-f3d8f0a64fb1@group-384902D90640->d626e324-77af-471d-a0a9-0309f76ac834-AppendLogResponseHandler: Failed appendEntries: org.apache.ratis.thirdparty.io.grpc.StatusRuntimeException: UNAVAILABLE: io exception
datanode_2_1  | 2020-07-15 12:59:56,862 [pool-19-thread-1] INFO server.RaftServerConfigKeys: raft.server.log.segment.size.max = 1048576 (custom)
datanode_3_1  | 2020-07-15 12:59:55,687 [main] INFO server.RaftServerConfigKeys: raft.server.log.appender.buffer.byte-limit = 33554432 (custom)
scm_1         | 2020-07-15 12:58:35,318 [IPC Server handler 79 on default port 9863] WARN node.SCMNodeManager: Cannot find node for address 10.5.0.71
datanode_6_1  | 2020-07-15 12:59:56,731 [grpc-default-executor-0] INFO impl.FollowerInfo: bd89c345-79a3-4423-baa4-f3d8f0a64fb1@group-384902D90640->d626e324-77af-471d-a0a9-0309f76ac834: nextIndex: updateUnconditionally 246 -> 245
datanode_2_1  | 2020-07-15 12:59:56,862 [pool-19-thread-1] INFO server.RaftServerConfigKeys: raft.server.log.preallocated.size = 16384 (custom)
datanode_3_1  | 2020-07-15 12:59:55,692 [main] INFO server.GrpcService: raft.grpc.flow.control.window = 5MB (=5242880) (custom)
scm_1         | 2020-07-15 12:58:35,426 [IPC Server handler 87 on default port 9863] WARN node.SCMNodeManager: Cannot find node for address 10.5.0.71
datanode_6_1  | 2020-07-15 12:59:59,205 [grpc-default-executor-1] WARN server.GrpcLogAppender: bd89c345-79a3-4423-baa4-f3d8f0a64fb1@group-384902D90640->f99004a5-cd4e-4a7d-9fb0-5512437add77-AppendLogResponseHandler: Failed appendEntries: org.apache.ratis.thirdparty.io.grpc.StatusRuntimeException: UNAVAILABLE: io exception
datanode_2_1  | 2020-07-15 12:59:56,862 [pool-19-thread-1] INFO server.RaftServerConfigKeys: raft.server.log.write.buffer.size = 1048576 (custom)
datanode_3_1  | 2020-07-15 12:59:55,693 [main] INFO server.RaftServerConfigKeys: raft.server.rpc.request.timeout = 60s (custom)
scm_1         | 2020-07-15 12:58:35,464 [IPC Server handler 38 on default port 9863] WARN node.SCMNodeManager: Cannot find node for address 10.5.0.71
datanode_6_1  | 2020-07-15 12:59:59,206 [grpc-default-executor-1] INFO impl.FollowerInfo: bd89c345-79a3-4423-baa4-f3d8f0a64fb1@group-384902D90640->f99004a5-cd4e-4a7d-9fb0-5512437add77: nextIndex: updateUnconditionally 246 -> 245
datanode_2_1  | 2020-07-15 12:59:56,862 [pool-19-thread-1] INFO server.RaftServerConfigKeys: raft.server.log.force.sync.num = 128 (default)
datanode_3_1  | 2020-07-15 12:59:56,461 [main] INFO server.RaftServerConfigKeys: raft.server.storage.dir = [/data/metadata/ratis] (custom)
scm_1         | 2020-07-15 12:58:35,539 [IPC Server handler 43 on default port 9863] WARN node.SCMNodeManager: Cannot find node for address 10.5.0.71
datanode_6_1  | 2020-07-15 13:00:02,744 [SIGTERM handler] ERROR ozone.HddsDatanodeService: RECEIVED SIGNAL 15: SIGTERM
datanode_2_1  | 2020-07-15 12:59:56,864 [pool-19-thread-1] INFO server.RaftServerConfigKeys: raft.server.log.statemachine.data.sync = true (default)
datanode_3_1  | 2020-07-15 12:59:56,469 [main] INFO impl.RaftServerProxy: 115a147e-9bb7-4a9b-b691-660b94ae3f8f: found a subdirectory /data/metadata/ratis/8705cc3b-b09b-4fb5-bc5b-5c88b47e54a7
scm_1         | 2020-07-15 12:58:35,621 [IPC Server handler 31 on default port 9863] WARN node.SCMNodeManager: Cannot find node for address 10.5.0.71
datanode_6_1  | 2020-07-15 13:00:02,775 [shutdown-hook-0] INFO ozone.HddsDatanodeService: SHUTDOWN_MSG: 
datanode_2_1  | 2020-07-15 12:59:56,867 [pool-19-thread-1] INFO server.RaftServerConfigKeys: raft.server.log.statemachine.data.sync.timeout = 10s (default)
datanode_3_1  | 2020-07-15 12:59:56,498 [main] INFO impl.RaftServerProxy: 115a147e-9bb7-4a9b-b691-660b94ae3f8f: addNew group-5C88B47E54A7:[] returns group-5C88B47E54A7:java.util.concurrent.CompletableFuture@5edc3e29[Not completed]
scm_1         | 2020-07-15 12:58:35,687 [IPC Server handler 24 on default port 9863] WARN node.SCMNodeManager: Cannot find node for address 10.5.0.71
datanode_6_1  | /************************************************************
datanode_2_1  | 2020-07-15 12:59:56,867 [pool-19-thread-1] INFO server.RaftServerConfigKeys: raft.server.log.statemachine.data.sync.timeout.retry = -1 (default)
datanode_3_1  | 2020-07-15 12:59:56,498 [main] INFO impl.RaftServerProxy: 115a147e-9bb7-4a9b-b691-660b94ae3f8f: found a subdirectory /data/metadata/ratis/7da0421b-bbb6-4f6c-aa61-1f4005fca1ae
scm_1         | 2020-07-15 12:58:35,750 [IPC Server handler 88 on default port 9863] WARN node.SCMNodeManager: Cannot find node for address 10.5.0.71
datanode_6_1  | SHUTDOWN_MSG: Shutting down HddsDatanodeService at 69f637ba521a/10.5.0.9
datanode_2_1  | 2020-07-15 12:59:56,877 [pool-19-thread-1] INFO server.RaftServerConfigKeys: raft.server.log.statemachine.data.caching.enabled = true (custom)
datanode_3_1  | 2020-07-15 12:59:56,498 [main] INFO impl.RaftServerProxy: 115a147e-9bb7-4a9b-b691-660b94ae3f8f: addNew group-1F4005FCA1AE:[] returns group-1F4005FCA1AE:java.util.concurrent.CompletableFuture@18709cb2[Not completed]
scm_1         | 2020-07-15 12:58:35,810 [IPC Server handler 92 on default port 9863] WARN node.SCMNodeManager: Cannot find node for address 10.5.0.71
datanode_6_1  | ************************************************************/
datanode_2_1  | 2020-07-15 12:59:56,887 [pool-19-thread-1] INFO impl.RaftServerImpl: f99004a5-cd4e-4a7d-9fb0-5512437add77@group-EDC6FF7B4907: set configuration 0: [f99004a5-cd4e-4a7d-9fb0-5512437add77:10.5.0.5:9858], old=null at 0
datanode_3_1  | 2020-07-15 12:59:56,707 [pool-19-thread-1] INFO impl.RaftServerImpl: 115a147e-9bb7-4a9b-b691-660b94ae3f8f: new RaftServerImpl for group-5C88B47E54A7:[] with ContainerStateMachine:uninitialized
scm_1         | 2020-07-15 12:58:35,865 [IPC Server handler 97 on default port 9863] WARN node.SCMNodeManager: Cannot find node for address 10.5.0.71
datanode_2_1  | 2020-07-15 12:59:56,907 [pool-19-thread-1] INFO segmented.LogSegment: Successfully read 1 entries from segment file /data/metadata/ratis/7dd78c79-7090-4bc7-8b46-edc6ff7b4907/current/log_inprogress_0
datanode_2_1  | 2020-07-15 12:59:56,911 [pool-19-thread-1] INFO segmented.SegmentedRaftLogWorker: f99004a5-cd4e-4a7d-9fb0-5512437add77@group-EDC6FF7B4907-SegmentedRaftLogWorker: flushIndex: setUnconditionally 0 -> 0
scm_1         | 2020-07-15 12:58:35,936 [IPC Server handler 90 on default port 9863] WARN node.SCMNodeManager: Cannot find node for address 10.5.0.71
datanode_2_1  | 2020-07-15 12:59:56,911 [pool-19-thread-1] INFO segmented.SegmentedRaftLogWorker: f99004a5-cd4e-4a7d-9fb0-5512437add77@group-EDC6FF7B4907-SegmentedRaftLogWorker: safeCacheEvictIndex: setUnconditionally 0 -> -1
datanode_3_1  | 2020-07-15 12:59:56,724 [pool-19-thread-1] INFO server.RaftServerConfigKeys: raft.server.rpc.timeout.min = 5s (custom)
scm_1         | 2020-07-15 12:58:36,009 [IPC Server handler 85 on default port 9863] WARN node.SCMNodeManager: Cannot find node for address 10.5.0.71
datanode_2_1  | 2020-07-15 12:59:56,912 [pool-19-thread-1] INFO server.RaftServerConfigKeys: raft.server.snapshot.auto.trigger.enabled = true (custom)
datanode_3_1  | 2020-07-15 12:59:56,737 [pool-19-thread-1] INFO server.RaftServerConfigKeys: raft.server.rpc.timeout.max = 5200ms (custom)
scm_1         | 2020-07-15 12:58:36,071 [IPC Server handler 86 on default port 9863] WARN node.SCMNodeManager: Cannot find node for address 10.5.0.71
datanode_2_1  | 2020-07-15 12:59:56,912 [pool-19-thread-1] INFO server.RaftServerConfigKeys: raft.server.snapshot.auto.trigger.threshold = 10000 (custom)
datanode_3_1  | 2020-07-15 12:59:56,737 [pool-19-thread-1] INFO server.RaftServerConfigKeys: raft.server.rpcslowness.timeout = 300s (custom)
scm_1         | 2020-07-15 12:58:38,620 [IPC Server handler 30 on default port 9863] WARN node.SCMNodeManager: Cannot find node for address 10.5.0.71
datanode_2_1  | 2020-07-15 12:59:56,921 [pool-19-thread-1] INFO server.RaftServerConfigKeys: raft.server.snapshot.retention.file.num = 5 (custom)
datanode_3_1  | 2020-07-15 12:59:56,738 [pool-19-thread-1] INFO server.RaftServerConfigKeys: raft.server.sleep.deviation.threshold = 300 (default)
scm_1         | 2020-07-15 12:58:38,695 [IPC Server handler 25 on default port 9863] WARN node.SCMNodeManager: Cannot find node for address 10.5.0.71
datanode_2_1  | 2020-07-15 12:59:56,922 [pool-19-thread-1] INFO server.RaftServerConfigKeys: raft.server.log.purge.upto.snapshot.index = false (default)
datanode_3_1  | 2020-07-15 12:59:56,744 [pool-19-thread-1] INFO server.RaftServerConfigKeys: raft.server.log.appender.install.snapshot.enabled = false (custom)
datanode_2_1  | 2020-07-15 12:59:56,922 [pool-19-thread-1] INFO server.RaftServerConfigKeys: raft.server.retrycache.expirytime = 600000ms (custom)
datanode_3_1  | 2020-07-15 12:59:56,797 [pool-19-thread-1] INFO impl.RaftServerImpl: 115a147e-9bb7-4a9b-b691-660b94ae3f8f@group-5C88B47E54A7: ConfigurationManager, init=-1: [], old=null, confs=<EMPTY_MAP>
scm_1         | 2020-07-15 12:58:38,763 [IPC Server handler 95 on default port 9863] WARN node.SCMNodeManager: Cannot find node for address 10.5.0.71
datanode_2_1  | 2020-07-15 12:59:56,923 [pool-19-thread-1] INFO metrics.RatisMetrics: Creating Metrics Registry : ratis.leader_election.f99004a5-cd4e-4a7d-9fb0-5512437add77@group-EDC6FF7B4907
scm_1         | 2020-07-15 12:58:38,814 [IPC Server handler 96 on default port 9863] WARN node.SCMNodeManager: Cannot find node for address 10.5.0.71
datanode_3_1  | 2020-07-15 12:59:56,806 [pool-19-thread-1] INFO server.RaftServerConfigKeys: raft.server.storage.dir = [/data/metadata/ratis] (custom)
datanode_2_1  | 2020-07-15 12:59:56,923 [pool-19-thread-1] INFO metrics.RatisMetrics: Creating Metrics Registry : ratis.server.f99004a5-cd4e-4a7d-9fb0-5512437add77@group-EDC6FF7B4907
scm_1         | 2020-07-15 12:58:39,286 [IPC Server handler 83 on default port 9863] WARN node.SCMNodeManager: Cannot find node for address 10.5.0.71
datanode_3_1  | 2020-07-15 12:59:56,837 [pool-19-thread-1] INFO server.RaftServerConfigKeys: raft.server.log.corruption.policy = EXCEPTION (default)
datanode_2_1  | 2020-07-15 12:59:57,193 [main] INFO handler.ContextHandler: Started o.e.j.w.WebAppContext@44de8e00{hddsDatanode,/,file:///tmp/jetty-0_0_0_0-9882-hadoop-hdds-container-service-0_6_0-SNAPSHOT_jar-_-any-897501723474581641.dir/webapp/,AVAILABLE}{jar:file:/opt/hadoop/share/ozone/lib/hadoop-hdds-container-service-0.6.0-SNAPSHOT.jar!/webapps/hddsDatanode}
scm_1         | 2020-07-15 12:58:39,353 [IPC Server handler 87 on default port 9863] WARN node.SCMNodeManager: Cannot find node for address 10.5.0.71
datanode_3_1  | 2020-07-15 12:59:56,923 [pool-19-thread-1] INFO storage.RaftStorageDirectory: Lock on /data/metadata/ratis/8705cc3b-b09b-4fb5-bc5b-5c88b47e54a7/in_use.lock acquired by nodename 6@cc5436b7e90e
datanode_2_1  | 2020-07-15 12:59:57,223 [main] INFO server.AbstractConnector: Started ServerConnector@74764622{HTTP/1.1,[http/1.1]}{0.0.0.0:9882}
scm_1         | 2020-07-15 12:58:39,408 [IPC Server handler 36 on default port 9863] WARN node.SCMNodeManager: Cannot find node for address 10.5.0.71
datanode_2_1  | 2020-07-15 12:59:57,223 [main] INFO server.Server: Started @12903ms
scm_1         | 2020-07-15 12:58:39,478 [IPC Server handler 43 on default port 9863] WARN node.SCMNodeManager: Cannot find node for address 10.5.0.71
datanode_3_1  | 2020-07-15 12:59:57,263 [pool-19-thread-1] INFO ratis.ContainerStateMachine: group-5C88B47E54A7: The snapshot info is null. Setting the last applied indexto:(t:0, i:~)
datanode_2_1  | 2020-07-15 12:59:57,227 [main] INFO impl.MetricsSinkAdapter: Sink prometheus started
scm_1         | 2020-07-15 12:58:39,531 [IPC Server handler 42 on default port 9863] WARN node.SCMNodeManager: Cannot find node for address 10.5.0.71
datanode_3_1  | 2020-07-15 12:59:57,263 [pool-19-thread-1] INFO server.RaftServerConfigKeys: raft.server.notification.no-leader.timeout = 60s (default)
datanode_2_1  | 2020-07-15 12:59:57,227 [main] INFO impl.MetricsSystemImpl: Registered sink prometheus
scm_1         | 2020-07-15 12:58:39,579 [IPC Server handler 31 on default port 9863] WARN node.SCMNodeManager: Cannot find node for address 10.5.0.71
datanode_3_1  | 2020-07-15 12:59:57,276 [pool-19-thread-1] INFO server.RaftServerConfigKeys: raft.server.log.use.memory = false (default)
datanode_2_1  | 2020-07-15 12:59:57,231 [main] INFO http.BaseHttpServer: HTTP server of hddsDatanode listening at http://0.0.0.0:9882
scm_1         | 2020-07-15 12:58:39,627 [IPC Server handler 25 on default port 9863] WARN node.SCMNodeManager: Cannot find node for address 10.5.0.71
datanode_3_1  | 2020-07-15 12:59:57,289 [pool-19-thread-1] INFO server.RaftServerConfigKeys: raft.server.log.purge.gap = 1000000 (custom)
scm_1         | 2020-07-15 12:58:39,669 [IPC Server handler 44 on default port 9863] WARN node.SCMNodeManager: Cannot find node for address 10.5.0.71
datanode_3_1  | 2020-07-15 12:59:57,290 [pool-19-thread-1] INFO server.RaftServerConfigKeys: raft.server.log.appender.buffer.byte-limit = 33554432 (custom)
datanode_2_1  | 2020-07-15 12:59:57,317 [org.apache.hadoop.util.JvmPauseMonitor$Monitor@6a1de743] INFO util.JvmPauseMonitor: Starting JVM pause monitor
scm_1         | 2020-07-15 12:58:39,721 [IPC Server handler 45 on default port 9863] WARN node.SCMNodeManager: Cannot find node for address 10.5.0.71
datanode_3_1  | 2020-07-15 12:59:57,294 [pool-19-thread-1] INFO server.RaftServerConfigKeys: raft.server.log.segment.size.max = 1048576 (custom)
datanode_2_1  | 2020-07-15 12:59:59,522 [Datanode State Machine Thread - 0] INFO ozoneimpl.OzoneContainer: Attempting to start container services.
scm_1         | 2020-07-15 12:58:39,793 [IPC Server handler 93 on default port 9863] WARN node.SCMNodeManager: Cannot find node for address 10.5.0.71
datanode_3_1  | 2020-07-15 12:59:57,300 [pool-19-thread-1] INFO metrics.RatisMetrics: Creating Metrics Registry : ratis.log_worker.115a147e-9bb7-4a9b-b691-660b94ae3f8f@group-5C88B47E54A7
datanode_2_1  | 2020-07-15 12:59:59,524 [Datanode State Machine Thread - 0] INFO ozoneimpl.OzoneContainer: Background container scanner has been disabled.
scm_1         | 2020-07-15 12:58:39,850 [IPC Server handler 97 on default port 9863] WARN node.SCMNodeManager: Cannot find node for address 10.5.0.71
datanode_3_1  | 2020-07-15 12:59:57,314 [pool-19-thread-1] INFO server.RaftServerConfigKeys: raft.server.log.segment.cache.num.max = 2 (custom)
datanode_2_1  | 2020-07-15 12:59:59,524 [Datanode State Machine Thread - 0] INFO ratis.XceiverServerRatis: Starting XceiverServerRatis f99004a5-cd4e-4a7d-9fb0-5512437add77 at port 9858
scm_1         | 2020-07-15 12:58:39,920 [IPC Server handler 99 on default port 9863] WARN node.SCMNodeManager: Cannot find node for address 10.5.0.71
datanode_3_1  | 2020-07-15 12:59:57,338 [pool-19-thread-1] INFO segmented.SegmentedRaftLogWorker: new 115a147e-9bb7-4a9b-b691-660b94ae3f8f@group-5C88B47E54A7-SegmentedRaftLogWorker for RaftStorage:Storage Directory /data/metadata/ratis/8705cc3b-b09b-4fb5-bc5b-5c88b47e54a7
datanode_2_1  | 2020-07-15 12:59:59,557 [Datanode State Machine Thread - 0] INFO impl.RaftServerImpl: f99004a5-cd4e-4a7d-9fb0-5512437add77@group-EDC6FF7B4907: start as a follower, conf=0: [f99004a5-cd4e-4a7d-9fb0-5512437add77:10.5.0.5:9858], old=null
scm_1         | 2020-07-15 12:58:39,973 [IPC Server handler 85 on default port 9863] WARN node.SCMNodeManager: Cannot find node for address 10.5.0.71
datanode_3_1  | 2020-07-15 12:59:57,339 [pool-19-thread-1] INFO server.RaftServerConfigKeys: raft.server.log.queue.byte-limit = 2147483647 (custom)
datanode_2_1  | 2020-07-15 12:59:59,558 [Datanode State Machine Thread - 0] INFO impl.RaftServerImpl: f99004a5-cd4e-4a7d-9fb0-5512437add77@group-EDC6FF7B4907: changes role from      null to FOLLOWER at term 1 for startAsFollower
scm_1         | 2020-07-15 12:58:40,034 [IPC Server handler 86 on default port 9863] WARN node.SCMNodeManager: Cannot find node for address 10.5.0.71
datanode_3_1  | 2020-07-15 12:59:57,339 [pool-19-thread-1] INFO server.RaftServerConfigKeys: raft.server.log.queue.element-limit = 1024 (custom)
datanode_2_1  | 2020-07-15 12:59:59,559 [Datanode State Machine Thread - 0] INFO impl.RoleInfo: f99004a5-cd4e-4a7d-9fb0-5512437add77: start FollowerState
scm_1         | 2020-07-15 12:58:40,097 [IPC Server handler 84 on default port 9863] WARN node.SCMNodeManager: Cannot find node for address 10.5.0.71
datanode_3_1  | 2020-07-15 12:59:57,340 [pool-19-thread-1] INFO server.RaftServerConfigKeys: raft.server.log.segment.size.max = 1048576 (custom)
datanode_2_1  | 2020-07-15 12:59:59,559 [ForkJoinPool.commonPool-worker-3] INFO impl.RaftServerImpl: f99004a5-cd4e-4a7d-9fb0-5512437add77@group-384902D90640: start as a follower, conf=0: [d626e324-77af-471d-a0a9-0309f76ac834:10.5.0.4:9858, f99004a5-cd4e-4a7d-9fb0-5512437add77:10.5.0.5:9858, bd89c345-79a3-4423-baa4-f3d8f0a64fb1:10.5.0.9:9858], old=null
scm_1         | 2020-07-15 12:58:42,644 [IPC Server handler 44 on default port 9863] WARN node.SCMNodeManager: Cannot find node for address 10.5.0.71
datanode_3_1  | 2020-07-15 12:59:57,343 [pool-19-thread-1] INFO server.RaftServerConfigKeys: raft.server.log.preallocated.size = 16384 (custom)
datanode_2_1  | 2020-07-15 12:59:59,559 [ForkJoinPool.commonPool-worker-3] INFO impl.RaftServerImpl: f99004a5-cd4e-4a7d-9fb0-5512437add77@group-384902D90640: changes role from      null to FOLLOWER at term 1 for startAsFollower
scm_1         | 2020-07-15 12:58:42,708 [IPC Server handler 35 on default port 9863] WARN node.SCMNodeManager: Cannot find node for address 10.5.0.71
datanode_3_1  | 2020-07-15 12:59:57,348 [pool-19-thread-1] INFO server.RaftServerConfigKeys: raft.server.log.write.buffer.size = 1048576 (custom)
datanode_2_1  | 2020-07-15 12:59:59,559 [ForkJoinPool.commonPool-worker-3] INFO impl.RoleInfo: f99004a5-cd4e-4a7d-9fb0-5512437add77: start FollowerState
scm_1         | 2020-07-15 12:58:42,769 [IPC Server handler 96 on default port 9863] WARN node.SCMNodeManager: Cannot find node for address 10.5.0.71
datanode_3_1  | 2020-07-15 12:59:57,348 [pool-19-thread-1] INFO server.RaftServerConfigKeys: raft.server.log.force.sync.num = 128 (default)
datanode_2_1  | 2020-07-15 12:59:59,579 [Datanode State Machine Thread - 0] INFO util.JmxRegister: Successfully registered JMX Bean with object name Ratis:service=RaftServer,group=group-EDC6FF7B4907,id=f99004a5-cd4e-4a7d-9fb0-5512437add77
scm_1         | 2020-07-15 12:58:45,316 [IPC Server handler 87 on default port 9863] WARN node.SCMNodeManager: Cannot find node for address 10.5.0.71
datanode_3_1  | 2020-07-15 12:59:57,349 [pool-19-thread-1] INFO server.RaftServerConfigKeys: raft.server.log.statemachine.data.sync = true (default)
datanode_2_1  | 2020-07-15 12:59:59,581 [Datanode State Machine Thread - 0] INFO metrics.RatisMetrics: Creating Metrics Registry : ratis.state_machine.f99004a5-cd4e-4a7d-9fb0-5512437add77@group-EDC6FF7B4907
scm_1         | 2020-07-15 12:58:45,374 [IPC Server handler 36 on default port 9863] WARN node.SCMNodeManager: Cannot find node for address 10.5.0.71
datanode_3_1  | 2020-07-15 12:59:57,349 [pool-19-thread-1] INFO server.RaftServerConfigKeys: raft.server.log.statemachine.data.sync.timeout = 10s (default)
datanode_2_1  | 2020-07-15 12:59:59,585 [ForkJoinPool.commonPool-worker-3] INFO util.JmxRegister: Successfully registered JMX Bean with object name Ratis:service=RaftServer,group=group-384902D90640,id=f99004a5-cd4e-4a7d-9fb0-5512437add77
scm_1         | 2020-07-15 12:58:45,467 [IPC Server handler 43 on default port 9863] WARN node.SCMNodeManager: Cannot find node for address 10.5.0.71
datanode_2_1  | 2020-07-15 12:59:59,592 [ForkJoinPool.commonPool-worker-3] INFO metrics.RatisMetrics: Creating Metrics Registry : ratis.state_machine.f99004a5-cd4e-4a7d-9fb0-5512437add77@group-384902D90640
datanode_3_1  | 2020-07-15 12:59:57,353 [pool-19-thread-1] INFO server.RaftServerConfigKeys: raft.server.log.statemachine.data.sync.timeout.retry = -1 (default)
scm_1         | 2020-07-15 12:58:45,531 [IPC Server handler 46 on default port 9863] WARN node.SCMNodeManager: Cannot find node for address 10.5.0.71
datanode_2_1  | 2020-07-15 12:59:59,593 [Datanode State Machine Thread - 0] INFO impl.RaftServerProxy: f99004a5-cd4e-4a7d-9fb0-5512437add77: start RPC server
datanode_3_1  | 2020-07-15 12:59:57,382 [pool-19-thread-1] INFO server.RaftServerConfigKeys: raft.server.log.statemachine.data.caching.enabled = true (custom)
scm_1         | 2020-07-15 12:58:45,580 [IPC Server handler 24 on default port 9863] WARN node.SCMNodeManager: Cannot find node for address 10.5.0.71
datanode_2_1  | 2020-07-15 12:59:59,748 [Datanode State Machine Thread - 0] INFO server.GrpcService: f99004a5-cd4e-4a7d-9fb0-5512437add77: GrpcService started, listening on 0.0.0.0/0.0.0.0:9858
datanode_3_1  | 2020-07-15 12:59:57,456 [main] INFO http.BaseHttpServer: Starting Web-server for hddsDatanode at: http://0.0.0.0:9882
scm_1         | 2020-07-15 12:58:45,634 [IPC Server handler 29 on default port 9863] WARN node.SCMNodeManager: Cannot find node for address 10.5.0.71
datanode_2_1  | 2020-07-15 13:00:01,794 [grpc-default-executor-0] INFO ratis.XceiverServerRatis: Leader change notification received for group: group-384902D90640 with new leaderId: bd89c345-79a3-4423-baa4-f3d8f0a64fb1
datanode_3_1  | 2020-07-15 12:59:57,483 [pool-19-thread-1] INFO impl.RaftServerImpl: 115a147e-9bb7-4a9b-b691-660b94ae3f8f@group-5C88B47E54A7: set configuration 0: [115a147e-9bb7-4a9b-b691-660b94ae3f8f:10.5.0.6:9858, bbaab8a3-9b84-4aba-ae3b-f0f6f8072b2f:10.5.0.8:9858, 97f06795-331b-4679-9d22-0091374602c7:10.5.0.7:9858], old=null at 0
scm_1         | 2020-07-15 12:58:45,710 [IPC Server handler 21 on default port 9863] WARN node.SCMNodeManager: Cannot find node for address 10.5.0.71
datanode_2_1  | 2020-07-15 13:00:01,794 [grpc-default-executor-0] INFO impl.RaftServerImpl: f99004a5-cd4e-4a7d-9fb0-5512437add77@group-384902D90640: change Leader from null to bd89c345-79a3-4423-baa4-f3d8f0a64fb1 at term 1 for appendEntries, leader elected after 6376ms
datanode_3_1  | 2020-07-15 12:59:57,516 [main] INFO http.BaseHttpServer: Hadoop Security Enabled: false Ozone Security Enabled: false Ozone HTTP Security Enabled: false 
scm_1         | 2020-07-15 12:58:48,256 [IPC Server handler 78 on default port 9863] WARN node.SCMNodeManager: Cannot find node for address 10.5.0.71
datanode_3_1  | 2020-07-15 12:59:57,552 [pool-19-thread-1] INFO segmented.LogSegment: Successfully read 239 entries from segment file /data/metadata/ratis/8705cc3b-b09b-4fb5-bc5b-5c88b47e54a7/current/log_inprogress_0
datanode_2_1  | 2020-07-15 13:00:03,246 [grpc-default-executor-1] WARN server.GrpcServerProtocolService: f99004a5-cd4e-4a7d-9fb0-5512437add77: installSnapshot onError, lastRequest: bd89c345-79a3-4423-baa4-f3d8f0a64fb1->f99004a5-cd4e-4a7d-9fb0-5512437add77#292-t1, previous=(t:1, i:244), leaderCommit=245, initializing? false, entries: size=1, first=(t:1, i:245), METADATAENTRY(c:243): org.apache.ratis.thirdparty.io.grpc.StatusRuntimeException: CANCELLED: cancelled before receiving half close
scm_1         | 2020-07-15 12:58:48,301 [IPC Server handler 87 on default port 9863] WARN node.SCMNodeManager: Cannot find node for address 10.5.0.71
datanode_3_1  | 2020-07-15 12:59:57,564 [pool-19-thread-1] INFO segmented.SegmentedRaftLogWorker: 115a147e-9bb7-4a9b-b691-660b94ae3f8f@group-5C88B47E54A7-SegmentedRaftLogWorker: flushIndex: setUnconditionally 0 -> 238
datanode_2_1  | 2020-07-15 13:00:04,719 [Thread-20] INFO impl.FollowerState: f99004a5-cd4e-4a7d-9fb0-5512437add77@group-EDC6FF7B4907-FollowerState: change to CANDIDATE, lastRpcTime:5160ms, electionTimeout:5159ms
scm_1         | 2020-07-15 12:58:48,361 [IPC Server handler 36 on default port 9863] WARN node.SCMNodeManager: Cannot find node for address 10.5.0.71
datanode_3_1  | 2020-07-15 12:59:57,565 [pool-19-thread-1] INFO segmented.SegmentedRaftLogWorker: 115a147e-9bb7-4a9b-b691-660b94ae3f8f@group-5C88B47E54A7-SegmentedRaftLogWorker: safeCacheEvictIndex: setUnconditionally 0 -> -1
datanode_2_1  | 2020-07-15 13:00:04,719 [Thread-20] INFO impl.RoleInfo: f99004a5-cd4e-4a7d-9fb0-5512437add77: shutdown FollowerState
scm_1         | 2020-07-15 12:58:48,418 [IPC Server handler 40 on default port 9863] WARN node.SCMNodeManager: Cannot find node for address 10.5.0.71
datanode_3_1  | 2020-07-15 12:59:57,590 [main] INFO util.log: Logging initialized @11981ms to org.eclipse.jetty.util.log.Slf4jLog
datanode_2_1  | 2020-07-15 13:00:04,719 [Thread-20] INFO impl.RaftServerImpl: f99004a5-cd4e-4a7d-9fb0-5512437add77@group-EDC6FF7B4907: changes role from  FOLLOWER to CANDIDATE at term 1 for changeToCandidate
scm_1         | 2020-07-15 12:58:50,967 [IPC Server handler 85 on default port 9863] WARN node.SCMNodeManager: Cannot find node for address 10.5.0.71
datanode_3_1  | 2020-07-15 12:59:57,701 [pool-19-thread-1] INFO raftlog.RaftLog: 115a147e-9bb7-4a9b-b691-660b94ae3f8f@group-5C88B47E54A7-SegmentedRaftLog: commitIndex: updateToMax old=-1, new=237, updated? true
datanode_2_1  | 2020-07-15 13:00:04,724 [Thread-20] INFO impl.RoleInfo: f99004a5-cd4e-4a7d-9fb0-5512437add77: start LeaderElection
datanode_2_1  | 2020-07-15 13:00:04,769 [f99004a5-cd4e-4a7d-9fb0-5512437add77@group-EDC6FF7B4907-LeaderElection1] INFO impl.LeaderElection: f99004a5-cd4e-4a7d-9fb0-5512437add77@group-EDC6FF7B4907-LeaderElection1: begin an election at term 2 for 0: [f99004a5-cd4e-4a7d-9fb0-5512437add77:10.5.0.5:9858], old=null
datanode_2_1  | 2020-07-15 13:00:04,771 [f99004a5-cd4e-4a7d-9fb0-5512437add77@group-EDC6FF7B4907-LeaderElection1] INFO impl.RoleInfo: f99004a5-cd4e-4a7d-9fb0-5512437add77: shutdown LeaderElection
datanode_3_1  | 2020-07-15 12:59:57,704 [pool-19-thread-1] INFO server.RaftServerConfigKeys: raft.server.snapshot.auto.trigger.enabled = true (custom)
scm_1         | 2020-07-15 12:58:51,021 [IPC Server handler 82 on default port 9863] WARN node.SCMNodeManager: Cannot find node for address 10.5.0.71
datanode_2_1  | 2020-07-15 13:00:04,772 [f99004a5-cd4e-4a7d-9fb0-5512437add77@group-EDC6FF7B4907-LeaderElection1] INFO impl.RaftServerImpl: f99004a5-cd4e-4a7d-9fb0-5512437add77@group-EDC6FF7B4907: changes role from CANDIDATE to LEADER at term 2 for changeToLeader
datanode_3_1  | 2020-07-15 12:59:57,704 [pool-19-thread-1] INFO server.RaftServerConfigKeys: raft.server.snapshot.auto.trigger.threshold = 10000 (custom)
scm_1         | 2020-07-15 12:58:51,087 [IPC Server handler 84 on default port 9863] WARN node.SCMNodeManager: Cannot find node for address 10.5.0.71
datanode_2_1  | 2020-07-15 13:00:04,772 [f99004a5-cd4e-4a7d-9fb0-5512437add77@group-EDC6FF7B4907-LeaderElection1] INFO ratis.XceiverServerRatis: Leader change notification received for group: group-EDC6FF7B4907 with new leaderId: f99004a5-cd4e-4a7d-9fb0-5512437add77
datanode_3_1  | 2020-07-15 12:59:57,704 [pool-19-thread-1] INFO server.RaftServerConfigKeys: raft.server.snapshot.retention.file.num = 5 (custom)
scm_1         | 2020-07-15 12:58:51,157 [IPC Server handler 78 on default port 9863] WARN node.SCMNodeManager: Cannot find node for address 10.5.0.71
datanode_2_1  | 2020-07-15 13:00:04,772 [f99004a5-cd4e-4a7d-9fb0-5512437add77@group-EDC6FF7B4907-LeaderElection1] INFO impl.RaftServerImpl: f99004a5-cd4e-4a7d-9fb0-5512437add77@group-EDC6FF7B4907: change Leader from null to f99004a5-cd4e-4a7d-9fb0-5512437add77 at term 2 for becomeLeader, leader elected after 7914ms
datanode_3_1  | 2020-07-15 12:59:57,705 [pool-19-thread-1] INFO server.RaftServerConfigKeys: raft.server.log.purge.upto.snapshot.index = false (default)
scm_1         | 2020-07-15 12:58:53,707 [IPC Server handler 35 on default port 9863] WARN node.SCMNodeManager: Cannot find node for address 10.5.0.71
datanode_2_1  | 2020-07-15 13:00:04,787 [f99004a5-cd4e-4a7d-9fb0-5512437add77@group-EDC6FF7B4907-LeaderElection1] INFO server.RaftServerConfigKeys: raft.server.staging.catchup.gap = 1000 (default)
datanode_3_1  | 2020-07-15 12:59:57,705 [pool-19-thread-1] INFO server.RaftServerConfigKeys: raft.server.retrycache.expirytime = 600000ms (custom)
scm_1         | 2020-07-15 12:58:53,767 [IPC Server handler 95 on default port 9863] WARN node.SCMNodeManager: Cannot find node for address 10.5.0.71
datanode_2_1  | 2020-07-15 13:00:04,788 [f99004a5-cd4e-4a7d-9fb0-5512437add77@group-EDC6FF7B4907-LeaderElection1] INFO server.RaftServerConfigKeys: raft.server.rpc.sleep.time = 25ms (default)
datanode_3_1  | 2020-07-15 12:59:57,713 [main] INFO server.AuthenticationFilter: Unable to initialize FileSignerSecretProvider, falling back to use random secrets.
scm_1         | 2020-07-15 12:58:56,316 [IPC Server handler 36 on default port 9863] WARN node.SCMNodeManager: Cannot find node for address 10.5.0.71
datanode_2_1  | 2020-07-15 13:00:04,789 [f99004a5-cd4e-4a7d-9fb0-5512437add77@group-EDC6FF7B4907-LeaderElection1] INFO metrics.RatisMetrics: Creating Metrics Registry : ratis.log_appender.f99004a5-cd4e-4a7d-9fb0-5512437add77@group-EDC6FF7B4907
datanode_3_1  | 2020-07-15 12:59:57,716 [main] INFO http.HttpRequestLog: Http request log for http.requests.hddsDatanode is not defined
scm_1         | 2020-07-15 12:58:56,384 [IPC Server handler 43 on default port 9863] WARN node.SCMNodeManager: Cannot find node for address 10.5.0.71
datanode_2_1  | 2020-07-15 13:00:04,805 [f99004a5-cd4e-4a7d-9fb0-5512437add77@group-EDC6FF7B4907-LeaderElection1] INFO server.RaftServerConfigKeys: raft.server.write.element-limit = 1024 (custom)
datanode_3_1  | 2020-07-15 12:59:57,722 [main] INFO http.HttpServer2: Added global filter 'safety' (class=org.apache.hadoop.hdds.server.http.HttpServer2$QuotingInputFilter)
scm_1         | 2020-07-15 12:58:58,931 [IPC Server handler 85 on default port 9863] WARN node.SCMNodeManager: Cannot find node for address 10.5.0.71
datanode_2_1  | 2020-07-15 13:00:04,809 [f99004a5-cd4e-4a7d-9fb0-5512437add77@group-EDC6FF7B4907-LeaderElection1] INFO server.RaftServerConfigKeys: raft.server.write.byte-limit = 1073741824 (custom)
datanode_3_1  | 2020-07-15 12:59:57,726 [pool-19-thread-1] INFO metrics.RatisMetrics: Creating Metrics Registry : ratis.leader_election.115a147e-9bb7-4a9b-b691-660b94ae3f8f@group-5C88B47E54A7
scm_1         | 2020-07-15 12:58:58,990 [IPC Server handler 82 on default port 9863] WARN node.SCMNodeManager: Cannot find node for address 10.5.0.71
datanode_2_1  | 2020-07-15 13:00:04,823 [f99004a5-cd4e-4a7d-9fb0-5512437add77@group-EDC6FF7B4907-LeaderElection1] INFO server.RaftServerConfigKeys: raft.server.watch.timeout = 180s (custom)
datanode_3_1  | 2020-07-15 12:59:57,727 [main] INFO http.HttpServer2: Added filter static_user_filter (class=org.apache.hadoop.http.lib.StaticUserWebFilter$StaticUserFilter) to context hddsDatanode
scm_1         | 2020-07-15 12:58:59,047 [IPC Server handler 81 on default port 9863] WARN node.SCMNodeManager: Cannot find node for address 10.5.0.71
datanode_2_1  | 2020-07-15 13:00:04,824 [f99004a5-cd4e-4a7d-9fb0-5512437add77@group-EDC6FF7B4907-LeaderElection1] INFO server.RaftServerConfigKeys: raft.server.watch.timeout.denomination = 1s (default)
datanode_3_1  | 2020-07-15 12:59:57,728 [main] INFO http.HttpServer2: Added filter static_user_filter (class=org.apache.hadoop.http.lib.StaticUserWebFilter$StaticUserFilter) to context static
scm_1         | 2020-07-15 12:58:59,088 [IPC Server handler 78 on default port 9863] WARN node.SCMNodeManager: Cannot find node for address 10.5.0.71
datanode_2_1  | 2020-07-15 13:00:04,824 [f99004a5-cd4e-4a7d-9fb0-5512437add77@group-EDC6FF7B4907-LeaderElection1] INFO server.RaftServerConfigKeys: raft.server.watch.element-limit = 65536 (default)
datanode_3_1  | 2020-07-15 12:59:57,728 [main] INFO http.HttpServer2: Added filter static_user_filter (class=org.apache.hadoop.http.lib.StaticUserWebFilter$StaticUserFilter) to context logs
scm_1         | 2020-07-15 12:58:59,154 [IPC Server handler 79 on default port 9863] WARN node.SCMNodeManager: Cannot find node for address 10.5.0.71
datanode_2_1  | 2020-07-15 13:00:04,842 [f99004a5-cd4e-4a7d-9fb0-5512437add77@group-EDC6FF7B4907-LeaderElection1] INFO impl.RoleInfo: f99004a5-cd4e-4a7d-9fb0-5512437add77: start LeaderState
datanode_3_1  | 2020-07-15 12:59:57,736 [pool-19-thread-1] INFO metrics.RatisMetrics: Creating Metrics Registry : ratis.server.115a147e-9bb7-4a9b-b691-660b94ae3f8f@group-5C88B47E54A7
scm_1         | 2020-07-15 12:58:59,203 [IPC Server handler 87 on default port 9863] WARN node.SCMNodeManager: Cannot find node for address 10.5.0.71
datanode_2_1  | 2020-07-15 13:00:04,870 [f99004a5-cd4e-4a7d-9fb0-5512437add77@group-EDC6FF7B4907-LeaderElection1] INFO segmented.SegmentedRaftLogWorker: f99004a5-cd4e-4a7d-9fb0-5512437add77@group-EDC6FF7B4907-SegmentedRaftLogWorker: Rolling segment log-0_0 to index:0
datanode_3_1  | 2020-07-15 12:59:57,742 [pool-19-thread-1] INFO impl.RaftServerImpl: 115a147e-9bb7-4a9b-b691-660b94ae3f8f: new RaftServerImpl for group-1F4005FCA1AE:[] with ContainerStateMachine:uninitialized
scm_1         | 2020-07-15 12:58:59,259 [IPC Server handler 36 on default port 9863] WARN node.SCMNodeManager: Cannot find node for address 10.5.0.71
datanode_2_1  | 2020-07-15 13:00:04,882 [f99004a5-cd4e-4a7d-9fb0-5512437add77@group-EDC6FF7B4907-SegmentedRaftLogWorker] INFO segmented.SegmentedRaftLogWorker: f99004a5-cd4e-4a7d-9fb0-5512437add77@group-EDC6FF7B4907-SegmentedRaftLogWorker: Rolled log segment from /data/metadata/ratis/7dd78c79-7090-4bc7-8b46-edc6ff7b4907/current/log_inprogress_0 to /data/metadata/ratis/7dd78c79-7090-4bc7-8b46-edc6ff7b4907/current/log_0-0
datanode_3_1  | 2020-07-15 12:59:57,747 [pool-19-thread-1] INFO server.RaftServerConfigKeys: raft.server.rpc.timeout.min = 5s (custom)
scm_1         | 2020-07-15 12:59:01,797 [IPC Server handler 92 on default port 9863] WARN node.SCMNodeManager: Cannot find node for address 10.5.0.71
datanode_2_1  | 2020-07-15 13:00:04,887 [f99004a5-cd4e-4a7d-9fb0-5512437add77@group-EDC6FF7B4907-SegmentedRaftLogWorker] INFO segmented.SegmentedRaftLogWorker: f99004a5-cd4e-4a7d-9fb0-5512437add77@group-EDC6FF7B4907-SegmentedRaftLogWorker: created new log segment /data/metadata/ratis/7dd78c79-7090-4bc7-8b46-edc6ff7b4907/current/log_inprogress_1
datanode_3_1  | 2020-07-15 12:59:57,747 [pool-19-thread-1] INFO server.RaftServerConfigKeys: raft.server.rpc.timeout.max = 5200ms (custom)
scm_1         | 2020-07-15 12:59:01,869 [IPC Server handler 99 on default port 9863] WARN node.SCMNodeManager: Cannot find node for address 10.5.0.71
datanode_2_1  | 2020-07-15 13:00:04,903 [f99004a5-cd4e-4a7d-9fb0-5512437add77@group-EDC6FF7B4907-LeaderElection1] INFO impl.RaftServerImpl: f99004a5-cd4e-4a7d-9fb0-5512437add77@group-EDC6FF7B4907: set configuration 1: [f99004a5-cd4e-4a7d-9fb0-5512437add77:10.5.0.5:9858], old=null at 1
datanode_3_1  | 2020-07-15 12:59:57,748 [pool-19-thread-1] INFO server.RaftServerConfigKeys: raft.server.rpcslowness.timeout = 300s (custom)
scm_1         | 2020-07-15 12:59:04,412 [IPC Server handler 42 on default port 9863] WARN node.SCMNodeManager: Cannot find node for address 10.5.0.71
datanode_2_1  | 2020-07-15 13:00:09,364 [grpc-default-executor-1] INFO impl.RaftServerImpl: f99004a5-cd4e-4a7d-9fb0-5512437add77@group-384902D90640: change Leader from bd89c345-79a3-4423-baa4-f3d8f0a64fb1 to null at term 2 for updateCurrentTerm
datanode_3_1  | 2020-07-15 12:59:57,749 [pool-19-thread-1] INFO server.RaftServerConfigKeys: raft.server.sleep.deviation.threshold = 300 (default)
scm_1         | 2020-07-15 12:59:06,974 [IPC Server handler 82 on default port 9863] WARN node.SCMNodeManager: Cannot find node for address 10.5.0.71
datanode_2_1  | 2020-07-15 13:00:09,365 [grpc-default-executor-1] INFO impl.RaftServerImpl: f99004a5-cd4e-4a7d-9fb0-5512437add77@group-384902D90640: changes role from  FOLLOWER to FOLLOWER at term 2 for recognizeCandidate:d626e324-77af-471d-a0a9-0309f76ac834
datanode_3_1  | 2020-07-15 12:59:57,749 [pool-19-thread-1] INFO server.RaftServerConfigKeys: raft.server.log.appender.install.snapshot.enabled = false (custom)
scm_1         | 2020-07-15 12:59:07,033 [IPC Server handler 84 on default port 9863] WARN node.SCMNodeManager: Cannot find node for address 10.5.0.71
datanode_2_1  | 2020-07-15 13:00:09,365 [grpc-default-executor-1] INFO impl.RoleInfo: f99004a5-cd4e-4a7d-9fb0-5512437add77: shutdown FollowerState
datanode_3_1  | 2020-07-15 12:59:57,749 [pool-19-thread-1] INFO impl.RaftServerImpl: 115a147e-9bb7-4a9b-b691-660b94ae3f8f@group-1F4005FCA1AE: ConfigurationManager, init=-1: [], old=null, confs=<EMPTY_MAP>
scm_1         | 2020-07-15 12:59:07,101 [IPC Server handler 79 on default port 9863] WARN node.SCMNodeManager: Cannot find node for address 10.5.0.71
datanode_2_1  | 2020-07-15 13:00:09,365 [grpc-default-executor-1] INFO impl.RoleInfo: f99004a5-cd4e-4a7d-9fb0-5512437add77: start FollowerState
datanode_3_1  | 2020-07-15 12:59:57,749 [pool-19-thread-1] INFO server.RaftServerConfigKeys: raft.server.storage.dir = [/data/metadata/ratis] (custom)
