datanode_1_1  | 2020-07-15 12:59:55,972 [pool-19-thread-1] INFO metrics.RatisMetrics: Creating Metrics Registry : ratis.log_worker.d626e324-77af-471d-a0a9-0309f76ac834@group-6692A33C951E
datanode_3_1  | 2020-07-15 12:57:58,939 [pool-19-thread-1] INFO storage.RaftStorageDirectory: The storage directory /data/metadata/ratis/8705cc3b-b09b-4fb5-bc5b-5c88b47e54a7 does not exist. Creating ...
scm_1         | 2020-07-15 12:57:54,774 [EventQueue-NodeRegistrationContainerReportForContainerSafeModeRule] INFO safemode.SCMSafeModeManager: ContainerSafeModeRule rule is successfully validated
datanode_6_1  | 2020-07-15 12:57:59,469 [pool-19-thread-1] INFO server.RaftServerConfigKeys: raft.server.sleep.deviation.threshold = 300 (default)
datanode_5_1  | 2020-07-15 12:57:59,152 [pool-19-thread-1] INFO server.RaftServerConfigKeys: raft.server.log.segment.cache.num.max = 2 (custom)
datanode_4_1  | 2020-07-15 12:58:04,251 [97f06795-331b-4679-9d22-0091374602c7@group-2054B9A381D2-LeaderElection1] INFO impl.RaftServerImpl: 97f06795-331b-4679-9d22-0091374602c7@group-2054B9A381D2: change Leader from null to 97f06795-331b-4679-9d22-0091374602c7 at term 1 for becomeLeader, leader elected after 6124ms
datanode_2_1  | Enabled profiling in kernel
datanode_1_1  | 2020-07-15 12:59:55,973 [pool-19-thread-1] INFO server.RaftServerConfigKeys: raft.server.log.segment.cache.num.max = 2 (custom)
datanode_3_1  | 2020-07-15 12:57:58,945 [pool-19-thread-1] INFO storage.RaftStorageDirectory: Lock on /data/metadata/ratis/8705cc3b-b09b-4fb5-bc5b-5c88b47e54a7/in_use.lock acquired by nodename 6@cc5436b7e90e
scm_1         | 2020-07-15 12:57:54,774 [EventQueue-NodeRegistrationContainerReportForContainerSafeModeRule] INFO safemode.SCMSafeModeManager: ContainerSafeModeRule rule is successfully validated
datanode_6_1  | 2020-07-15 12:57:59,469 [pool-19-thread-1] INFO server.RaftServerConfigKeys: raft.server.log.appender.install.snapshot.enabled = false (custom)
datanode_5_1  | 2020-07-15 12:57:59,152 [pool-19-thread-1] INFO segmented.SegmentedRaftLogWorker: new bbaab8a3-9b84-4aba-ae3b-f0f6f8072b2f@group-5C88B47E54A7-SegmentedRaftLogWorker for RaftStorage:Storage Directory /data/metadata/ratis/8705cc3b-b09b-4fb5-bc5b-5c88b47e54a7
datanode_4_1  | 2020-07-15 12:58:04,255 [97f06795-331b-4679-9d22-0091374602c7@group-2054B9A381D2-LeaderElection1] INFO server.RaftServerConfigKeys: raft.server.staging.catchup.gap = 1000 (default)
datanode_2_1  | No '-XX:...' jvm parameters are set. Adding safer GC settings '-XX:ParallelGCThreads=8 -XX:+UseConcMarkSweepGC -XX:CMSInitiatingOccupancyFraction=70 -XX:+CMSParallelRemarkEnabled' to the HADOOP_OPTS
datanode_1_1  | 2020-07-15 12:59:55,973 [pool-19-thread-1] INFO segmented.SegmentedRaftLogWorker: new d626e324-77af-471d-a0a9-0309f76ac834@group-6692A33C951E-SegmentedRaftLogWorker for RaftStorage:Storage Directory /data/metadata/ratis/85e084e4-082f-47ad-ae64-6692a33c951e
datanode_3_1  | 2020-07-15 12:57:58,948 [pool-19-thread-1] INFO storage.RaftStorage: Storage directory /data/metadata/ratis/8705cc3b-b09b-4fb5-bc5b-5c88b47e54a7 has been successfully formatted.
scm_1         | 2020-07-15 12:57:54,774 [EventQueue-NodeRegistrationContainerReportForDataNodeSafeModeRule] INFO safemode.SCMSafeModeManager: SCM in safe mode. 2 DataNodes registered, 4 required.
datanode_6_1  | 2020-07-15 12:57:59,475 [pool-19-thread-1] INFO impl.RaftServerImpl: bd89c345-79a3-4423-baa4-f3d8f0a64fb1@group-384902D90640: ConfigurationManager, init=-1: [d626e324-77af-471d-a0a9-0309f76ac834:10.5.0.4:9858, f99004a5-cd4e-4a7d-9fb0-5512437add77:10.5.0.5:9858, bd89c345-79a3-4423-baa4-f3d8f0a64fb1:10.5.0.9:9858], old=null, confs=<EMPTY_MAP>
datanode_5_1  | 2020-07-15 12:57:59,160 [pool-19-thread-1] INFO server.RaftServerConfigKeys: raft.server.log.queue.byte-limit = 2147483647 (custom)
datanode_4_1  | 2020-07-15 12:58:04,257 [97f06795-331b-4679-9d22-0091374602c7@group-2054B9A381D2-LeaderElection1] INFO server.RaftServerConfigKeys: raft.server.rpc.sleep.time = 25ms (default)
datanode_1_1  | 2020-07-15 12:59:55,973 [pool-19-thread-1] INFO server.RaftServerConfigKeys: raft.server.log.queue.byte-limit = 2147483647 (custom)
datanode_2_1  | OpenJDK 64-Bit Server VM warning: Option UseConcMarkSweepGC was deprecated in version 9.0 and will likely be removed in a future release.
datanode_3_1  | 2020-07-15 12:57:58,950 [pool-19-thread-1] INFO ratis.ContainerStateMachine: group-5C88B47E54A7: The snapshot info is null. Setting the last applied indexto:(t:0, i:~)
scm_1         | 2020-07-15 12:57:54,774 [EventQueue-NodeRegistrationContainerReportForDataNodeSafeModeRule] INFO safemode.SCMSafeModeManager: SCM in safe mode. 3 DataNodes registered, 4 required.
datanode_6_1  | 2020-07-15 12:57:59,479 [pool-19-thread-1] INFO server.RaftServerConfigKeys: raft.server.storage.dir = [/data/metadata/ratis] (custom)
datanode_5_1  | 2020-07-15 12:57:59,160 [pool-19-thread-1] INFO server.RaftServerConfigKeys: raft.server.log.queue.element-limit = 1024 (custom)
datanode_4_1  | 2020-07-15 12:58:04,258 [97f06795-331b-4679-9d22-0091374602c7@group-2054B9A381D2-LeaderElection1] INFO metrics.RatisMetrics: Creating Metrics Registry : ratis.log_appender.97f06795-331b-4679-9d22-0091374602c7@group-2054B9A381D2
datanode_1_1  | 2020-07-15 12:59:55,973 [pool-19-thread-1] INFO server.RaftServerConfigKeys: raft.server.log.queue.element-limit = 1024 (custom)
datanode_2_1  | 2020-07-15 12:59:46,780 [main] INFO ozone.HddsDatanodeService: STARTUP_MSG: 
datanode_3_1  | 2020-07-15 12:57:58,963 [pool-19-thread-1] INFO server.RaftServerConfigKeys: raft.server.notification.no-leader.timeout = 60s (default)
scm_1         | 2020-07-15 12:57:54,807 [IPC Server handler 5 on default port 9861] INFO net.NetworkTopology: Added a new node: /rack2/97f06795-331b-4679-9d22-0091374602c7
datanode_6_1  | 2020-07-15 12:57:59,479 [pool-19-thread-1] INFO server.RaftServerConfigKeys: raft.server.log.corruption.policy = EXCEPTION (default)
datanode_5_1  | 2020-07-15 12:57:59,160 [pool-19-thread-1] INFO server.RaftServerConfigKeys: raft.server.log.segment.size.max = 1048576 (custom)
datanode_4_1  | 2020-07-15 12:58:04,268 [97f06795-331b-4679-9d22-0091374602c7@group-2054B9A381D2-LeaderElection1] INFO server.RaftServerConfigKeys: raft.server.write.element-limit = 1024 (custom)
datanode_1_1  | 2020-07-15 12:59:55,973 [pool-19-thread-1] INFO server.RaftServerConfigKeys: raft.server.log.segment.size.max = 1048576 (custom)
datanode_2_1  | /************************************************************
datanode_3_1  | 2020-07-15 12:57:58,967 [pool-19-thread-1] INFO server.RaftServerConfigKeys: raft.server.log.use.memory = false (default)
scm_1         | 2020-07-15 12:57:54,807 [IPC Server handler 5 on default port 9861] INFO node.SCMNodeManager: Registered Data node : 97f06795-331b-4679-9d22-0091374602c7{ip: 10.5.0.7, host: ozone-topology_datanode_4_1.ozone-topology_net, networkLocation: /rack2, certSerialId: null}
datanode_6_1  | 2020-07-15 12:57:59,483 [pool-19-thread-1] INFO storage.RaftStorageDirectory: The storage directory /data/metadata/ratis/53113771-ecae-497a-95c0-384902d90640 does not exist. Creating ...
datanode_5_1  | 2020-07-15 12:57:59,164 [pool-19-thread-1] INFO server.RaftServerConfigKeys: raft.server.log.preallocated.size = 16384 (custom)
datanode_4_1  | 2020-07-15 12:58:04,269 [97f06795-331b-4679-9d22-0091374602c7@group-2054B9A381D2-LeaderElection1] INFO server.RaftServerConfigKeys: raft.server.write.byte-limit = 1073741824 (custom)
datanode_1_1  | 2020-07-15 12:59:55,974 [pool-19-thread-1] INFO server.RaftServerConfigKeys: raft.server.log.preallocated.size = 16384 (custom)
datanode_2_1  | STARTUP_MSG: Starting HddsDatanodeService
datanode_3_1  | 2020-07-15 12:57:58,967 [pool-19-thread-1] INFO server.RaftServerConfigKeys: raft.server.log.purge.gap = 1000000 (custom)
scm_1         | 2020-07-15 12:57:54,810 [EventQueue-NodeRegistrationContainerReportForContainerSafeModeRule] INFO safemode.SCMSafeModeManager: ContainerSafeModeRule rule is successfully validated
datanode_6_1  | 2020-07-15 12:57:59,487 [pool-19-thread-1] INFO storage.RaftStorageDirectory: Lock on /data/metadata/ratis/53113771-ecae-497a-95c0-384902d90640/in_use.lock acquired by nodename 7@69f637ba521a
datanode_5_1  | 2020-07-15 12:57:59,164 [pool-19-thread-1] INFO server.RaftServerConfigKeys: raft.server.log.write.buffer.size = 1048576 (custom)
datanode_5_1  | 2020-07-15 12:57:59,164 [pool-19-thread-1] INFO server.RaftServerConfigKeys: raft.server.log.force.sync.num = 128 (default)
datanode_1_1  | 2020-07-15 12:59:55,976 [pool-19-thread-1] INFO server.RaftServerConfigKeys: raft.server.log.write.buffer.size = 1048576 (custom)
datanode_4_1  | 2020-07-15 12:58:04,284 [97f06795-331b-4679-9d22-0091374602c7@group-2054B9A381D2-LeaderElection1] INFO server.RaftServerConfigKeys: raft.server.watch.timeout = 180s (custom)
datanode_3_1  | 2020-07-15 12:57:58,967 [pool-19-thread-1] INFO server.RaftServerConfigKeys: raft.server.log.appender.buffer.byte-limit = 33554432 (custom)
datanode_6_1  | 2020-07-15 12:57:59,495 [pool-19-thread-1] INFO storage.RaftStorage: Storage directory /data/metadata/ratis/53113771-ecae-497a-95c0-384902d90640 has been successfully formatted.
datanode_5_1  | 2020-07-15 12:57:59,165 [pool-19-thread-1] INFO server.RaftServerConfigKeys: raft.server.log.statemachine.data.sync = true (default)
datanode_1_1  | 2020-07-15 12:59:55,977 [pool-19-thread-1] INFO server.RaftServerConfigKeys: raft.server.log.force.sync.num = 128 (default)
datanode_2_1  | STARTUP_MSG:   host = 2193425fbe85/10.5.0.5
datanode_4_1  | 2020-07-15 12:58:04,284 [97f06795-331b-4679-9d22-0091374602c7@group-2054B9A381D2-LeaderElection1] INFO server.RaftServerConfigKeys: raft.server.watch.timeout.denomination = 1s (default)
scm_1         | 2020-07-15 12:57:54,810 [EventQueue-NodeRegistrationContainerReportForDataNodeSafeModeRule] INFO safemode.SCMSafeModeManager: SCM in safe mode. 4 DataNodes registered, 4 required.
datanode_3_1  | 2020-07-15 12:57:58,967 [pool-19-thread-1] INFO server.RaftServerConfigKeys: raft.server.log.segment.size.max = 1048576 (custom)
datanode_6_1  | 2020-07-15 12:57:59,507 [pool-19-thread-1] INFO ratis.ContainerStateMachine: group-384902D90640: The snapshot info is null. Setting the last applied indexto:(t:0, i:~)
datanode_5_1  | 2020-07-15 12:57:59,165 [pool-19-thread-1] INFO server.RaftServerConfigKeys: raft.server.log.statemachine.data.sync.timeout = 10s (default)
datanode_1_1  | 2020-07-15 12:59:55,977 [pool-19-thread-1] INFO server.RaftServerConfigKeys: raft.server.log.statemachine.data.sync = true (default)
datanode_2_1  | STARTUP_MSG:   args = []
datanode_4_1  | 2020-07-15 12:58:04,285 [97f06795-331b-4679-9d22-0091374602c7@group-2054B9A381D2-LeaderElection1] INFO server.RaftServerConfigKeys: raft.server.watch.element-limit = 65536 (default)
scm_1         | 2020-07-15 12:57:54,815 [EventQueue-NodeRegistrationContainerReportForDataNodeSafeModeRule] INFO safemode.SCMSafeModeManager: DataNodeSafeModeRule rule is successfully validated
datanode_3_1  | 2020-07-15 12:57:58,968 [pool-19-thread-1] INFO metrics.RatisMetrics: Creating Metrics Registry : ratis.log_worker.115a147e-9bb7-4a9b-b691-660b94ae3f8f@group-5C88B47E54A7
datanode_6_1  | 2020-07-15 12:57:59,507 [pool-19-thread-1] INFO server.RaftServerConfigKeys: raft.server.notification.no-leader.timeout = 60s (default)
datanode_5_1  | 2020-07-15 12:57:59,167 [pool-19-thread-1] INFO server.RaftServerConfigKeys: raft.server.log.statemachine.data.sync.timeout.retry = -1 (default)
datanode_1_1  | 2020-07-15 12:59:55,978 [pool-19-thread-1] INFO server.RaftServerConfigKeys: raft.server.log.statemachine.data.sync.timeout = 10s (default)
datanode_2_1  | STARTUP_MSG:   version = 0.6.0-SNAPSHOT
datanode_4_1  | 2020-07-15 12:58:04,324 [97f06795-331b-4679-9d22-0091374602c7@group-2054B9A381D2-LeaderElection1] INFO impl.RoleInfo: 97f06795-331b-4679-9d22-0091374602c7: start LeaderState
scm_1         | 2020-07-15 12:57:54,815 [EventQueue-NodeRegistrationContainerReportForDataNodeSafeModeRule] INFO safemode.SCMSafeModeManager: All SCM safe mode pre check rules have passed
datanode_3_1  | 2020-07-15 12:57:58,994 [pool-19-thread-1] INFO server.RaftServerConfigKeys: raft.server.log.segment.cache.num.max = 2 (custom)
datanode_6_1  | 2020-07-15 12:57:59,507 [pool-19-thread-1] INFO server.RaftServerConfigKeys: raft.server.log.use.memory = false (default)
datanode_5_1  | 2020-07-15 12:57:59,169 [pool-19-thread-1] INFO server.RaftServerConfigKeys: raft.server.log.statemachine.data.caching.enabled = true (custom)
datanode_1_1  | 2020-07-15 12:59:55,978 [pool-19-thread-1] INFO server.RaftServerConfigKeys: raft.server.log.statemachine.data.sync.timeout.retry = -1 (default)
datanode_2_1  | STARTUP_MSG:   classpath = /etc/hadoop:/opt/hadoop/share/hadoop/common/*:/opt/hadoop/share/ozone/lib/ratis-proto-0.6.0-6ab75ae-SNAPSHOT.jar:/opt/hadoop/share/ozone/lib/kerb-simplekdc-1.0.1.jar:/opt/hadoop/share/ozone/lib/okhttp-4.2.2.jar:/opt/hadoop/share/ozone/lib/jackson-databind-2.10.3.jar:/opt/hadoop/share/ozone/lib/protobuf-java-2.5.0.jar:/opt/hadoop/share/ozone/lib/bcpkix-jdk15on-1.60.jar:/opt/hadoop/share/ozone/lib/netty-3.10.5.Final.jar:/opt/hadoop/share/ozone/lib/commons-validator-1.6.jar:/opt/hadoop/share/ozone/lib/hadoop-hdds-client-0.6.0-SNAPSHOT.jar:/opt/hadoop/share/ozone/lib/jaxb-impl-2.3.0.1.jar:/opt/hadoop/share/ozone/lib/kotlin-stdlib-common-1.3.50.jar:/opt/hadoop/share/ozone/lib/kerb-core-1.0.1.jar:/opt/hadoop/share/ozone/lib/jsr305-3.0.0.jar:/opt/hadoop/share/ozone/lib/j2objc-annotations-1.3.jar:/opt/hadoop/share/ozone/lib/leveldbjni-all-1.8.jar:/opt/hadoop/share/ozone/lib/jetty-io-9.4.26.v20200117.jar:/opt/hadoop/share/ozone/lib/hadoop-auth-3.2.1.jar:/opt/hadoop/share/ozone/lib/jaeger-tracerresolver-1.2.0.jar:/opt/hadoop/share/ozone/lib/htrace-core4-4.1.0-incubating.jar:/opt/hadoop/share/ozone/lib/jaxb-api-2.3.0.jar:/opt/hadoop/share/ozone/lib/kerb-util-1.0.1.jar:/opt/hadoop/share/ozone/lib/jetty-http-9.4.26.v20200117.jar:/opt/hadoop/share/ozone/lib/jetty-xml-9.4.26.v20200117.jar:/opt/hadoop/share/ozone/lib/jaeger-thrift-1.2.0.jar:/opt/hadoop/share/ozone/lib/commons-logging-1.2.jar:/opt/hadoop/share/ozone/lib/kerby-xdr-1.0.1.jar:/opt/hadoop/share/ozone/lib/jetty-server-9.4.26.v20200117.jar:/opt/hadoop/share/ozone/lib/opentracing-tracerresolver-0.1.8.jar:/opt/hadoop/share/ozone/lib/commons-net-3.6.jar:/opt/hadoop/share/ozone/lib/log4j-api-2.11.0.jar:/opt/hadoop/share/ozone/lib/jaeger-core-1.2.0.jar:/opt/hadoop/share/ozone/lib/error_prone_annotations-2.2.0.jar:/opt/hadoop/share/ozone/lib/ratis-thirdparty-misc-0.4.0.jar:/opt/hadoop/share/ozone/lib/slf4j-log4j12-1.7.25.jar:/opt/hadoop/share/ozone/lib/kerby-config-1.0.1.jar:/opt/hadoop/share/ozone/lib/okio-2.2.2.jar:/opt/hadoop/share/ozone/lib/jetty-util-ajax-9.4.26.v20200117.jar:/opt/hadoop/share/ozone/lib/metrics-core-3.2.4.jar:/opt/hadoop/share/ozone/lib/kerby-pkix-1.0.1.jar:/opt/hadoop/share/ozone/lib/guava-28.2-jre.jar:/opt/hadoop/share/ozone/lib/jetty-servlet-9.4.26.v20200117.jar:/opt/hadoop/share/ozone/lib/xz-1.0.jar:/opt/hadoop/share/ozone/lib/activation-1.1.1.jar:/opt/hadoop/share/ozone/lib/jsr311-api-1.1.1.jar:/opt/hadoop/share/ozone/lib/commons-beanutils-1.9.4.jar:/opt/hadoop/share/ozone/lib/jetty-security-9.4.26.v20200117.jar:/opt/hadoop/share/ozone/lib/hadoop-hdds-container-service-0.6.0-SNAPSHOT.jar:/opt/hadoop/share/ozone/lib/kerb-server-1.0.1.jar:/opt/hadoop/share/ozone/lib/javax.servlet-api-3.1.0.jar:/opt/hadoop/share/ozone/lib/kerb-client-1.0.1.jar:/opt/hadoop/share/ozone/lib/ratis-client-0.6.0-6ab75ae-SNAPSHOT.jar:/opt/hadoop/share/ozone/lib/disruptor-3.4.2.jar:/opt/hadoop/share/ozone/lib/libthrift-0.13.0.jar:/opt/hadoop/share/ozone/lib/annotations-13.0.jar:/opt/hadoop/share/ozone/lib/simpleclient_common-0.7.0.jar:/opt/hadoop/share/ozone/lib/dnsjava-2.1.7.jar:/opt/hadoop/share/ozone/lib/hadoop-hdds-interface-admin-0.6.0-SNAPSHOT.jar:/opt/hadoop/share/ozone/lib/jackson-annotations-2.10.3.jar:/opt/hadoop/share/ozone/lib/commons-configuration2-2.1.1.jar:/opt/hadoop/share/ozone/lib/json-smart-2.3.jar:/opt/hadoop/share/ozone/lib/token-provider-1.0.1.jar:/opt/hadoop/share/ozone/lib/ratis-netty-0.6.0-6ab75ae-SNAPSHOT.jar:/opt/hadoop/share/ozone/lib/log4j-1.2.17.jar:/opt/hadoop/share/ozone/lib/commons-daemon-1.0.13.jar:/opt/hadoop/share/ozone/lib/listenablefuture-9999.0-empty-to-avoid-conflict-with-guava.jar:/opt/hadoop/share/ozone/lib/bcprov-jdk15on-1.60.jar:/opt/hadoop/share/ozone/lib/jetty-webapp-9.4.26.v20200117.jar:/opt/hadoop/share/ozone/lib/hadoop-hdfs-client-3.2.1.jar:/opt/hadoop/share/ozone/lib/commons-lang3-3.7.jar:/opt/hadoop/share/ozone/lib/commons-compress-1.4.1.jar:/opt/hadoop/share/ozone/lib/accessors-smart-1.2.jar:/opt/hadoop/share/ozone/lib/re2j-1.1.jar:/opt/hadoop/share/ozone/lib/hadoop-hdfs-3.2.1.jar:/opt/hadoop/share/ozone/lib/commons-math3-3.1.1.jar:/opt/hadoop/share/ozone/lib/simpleclient_dropwizard-0.7.0.jar:/opt/hadoop/share/ozone/lib/hadoop-common-3.2.1.jar:/opt/hadoop/share/ozone/lib/simpleclient-0.7.0.jar:/opt/hadoop/share/ozone/lib/httpclient-4.5.2.jar:/opt/hadoop/share/ozone/lib/rocksdbjni-6.8.1.jar:/opt/hadoop/share/ozone/lib/asm-5.0.4.jar:/opt/hadoop/share/ozone/lib/kerby-util-1.0.1.jar:/opt/hadoop/share/ozone/lib/failureaccess-1.0.1.jar:/opt/hadoop/share/ozone/lib/jsp-api-2.1.jar:/opt/hadoop/share/ozone/lib/ratis-grpc-0.6.0-6ab75ae-SNAPSHOT.jar:/opt/hadoop/share/ozone/lib/jsch-0.1.54.jar:/opt/hadoop/share/ozone/lib/log4j-core-2.11.0.jar:/opt/hadoop/share/ozone/lib/nimbus-jose-jwt-7.9.jar:/opt/hadoop/share/ozone/lib/commons-codec-1.11.jar:/opt/hadoop/share/ozone/lib/kotlin-stdlib-1.3.50.jar:/opt/hadoop/share/ozone/lib/commons-pool2-2.6.0.jar:/opt/hadoop/share/ozone/lib/jackson-datatype-jsr310-2.10.3.jar:/opt/hadoop/share/ozone/lib/gson-2.2.4.jar:/opt/hadoop/share/ozone/lib/opentracing-api-0.33.0.jar:/opt/hadoop/share/ozone/lib/jcip-annotations-1.0-1.jar:/opt/hadoop/share/ozone/lib/kerb-admin-1.0.1.jar:/opt/hadoop/share/ozone/lib/commons-io-2.5.jar:/opt/hadoop/share/ozone/lib/snakeyaml-1.16.jar:/opt/hadoop/share/ozone/lib/jetty-util-9.4.26.v20200117.jar:/opt/hadoop/share/ozone/lib/opentracing-noop-0.33.0.jar:/opt/hadoop/share/ozone/lib/jersey-core-1.19.jar:/opt/hadoop/share/ozone/lib/hadoop-hdds-hadoop-dependency-client-0.6.0-SNAPSHOT.jar:/opt/hadoop/share/ozone/lib/checker-qual-2.10.0.jar:/opt/hadoop/share/ozone/lib/hadoop-hdds-server-framework-0.6.0-SNAPSHOT.jar:/opt/hadoop/share/ozone/lib/ratis-metrics-0.6.0-6ab75ae-SNAPSHOT.jar:/opt/hadoop/share/ozone/lib/ratis-server-0.6.0-6ab75ae-SNAPSHOT.jar:/opt/hadoop/share/ozone/lib/opentracing-util-0.33.0.jar:/opt/hadoop/share/ozone/lib/picocli-3.9.6.jar:/opt/hadoop/share/ozone/lib/hadoop-hdds-interface-server-0.6.0-SNAPSHOT.jar:/opt/hadoop/share/ozone/lib/hadoop-hdds-common-0.6.0-SNAPSHOT.jar:/opt/hadoop/share/ozone/lib/commons-cli-1.2.jar:/opt/hadoop/share/ozone/lib/woodstox-core-5.0.3.jar:/opt/hadoop/share/ozone/lib/javax.annotation-api-1.2.jar:/opt/hadoop/share/ozone/lib/kerby-asn1-1.0.1.jar:/opt/hadoop/share/ozone/lib/netty-all-4.1.48.Final.jar:/opt/hadoop/share/ozone/lib/hadoop-hdds-config-0.6.0-SNAPSHOT.jar:/opt/hadoop/share/ozone/lib/stax2-api-3.1.4.jar:/opt/hadoop/share/ozone/lib/commons-collections-3.2.2.jar:/opt/hadoop/share/ozone/lib/commons-digester-1.8.1.jar:/opt/hadoop/share/ozone/lib/jettison-1.1.jar:/opt/hadoop/share/ozone/lib/commons-text-1.4.jar:/opt/hadoop/share/ozone/lib/jackson-core-2.10.3.jar:/opt/hadoop/share/ozone/lib/jersey-servlet-1.19.jar:/opt/hadoop/share/ozone/lib/jersey-json-1.19.jar:/opt/hadoop/share/ozone/lib/slf4j-api-1.7.25.jar:/opt/hadoop/share/ozone/lib/kerb-identity-1.0.1.jar:/opt/hadoop/share/ozone/lib/hadoop-hdds-hadoop-dependency-server-0.6.0-SNAPSHOT.jar:/opt/hadoop/share/ozone/lib/kerb-common-1.0.1.jar:/opt/hadoop/share/ozone/lib/jaeger-client-1.2.0.jar:/opt/hadoop/share/ozone/lib/jaxb-core-2.3.0.1.jar:/opt/hadoop/share/ozone/lib/jersey-server-1.19.jar:/opt/hadoop/share/ozone/lib/hadoop-hdds-interface-client-0.6.0-SNAPSHOT.jar:/opt/hadoop/share/ozone/lib/ratis-common-0.6.0-6ab75ae-SNAPSHOT.jar:/opt/hadoop/share/ozone/lib/hadoop-hdds-common-0.6.0-SNAPSHOT-tests.jar:/opt/hadoop/share/ozone/lib/kerb-crypto-1.0.1.jar:/opt/hadoop/share/ozone/lib/hadoop-annotations-3.2.1.jar:/opt/hadoop/share/ozone/lib/httpcore-4.4.4.jar:/opt/hadoop/share/ozone/web:/opt/hadoop/share/ozone/lib/hadoop-ozone-datanode-0.6.0-SNAPSHOT.jar
datanode_4_1  | 2020-07-15 12:58:04,536 [Thread-24] INFO impl.FollowerState: 97f06795-331b-4679-9d22-0091374602c7@group-5C88B47E54A7-FollowerState: change to CANDIDATE, lastRpcTime:5207ms, electionTimeout:5106ms
scm_1         | 2020-07-15 12:57:54,831 [RatisPipelineUtilsThread] INFO pipeline.PipelineStateManager: Created pipeline Pipeline[ Id: 7da0421b-bbb6-4f6c-aa61-1f4005fca1ae, Nodes: 115a147e-9bb7-4a9b-b691-660b94ae3f8f{ip: 10.5.0.6, host: ozone-topology_datanode_3_1.ozone-topology_net, networkLocation: /rack1, certSerialId: null}, Type:RATIS, Factor:ONE, State:ALLOCATED, leaderId:, CreationTimestamp2020-07-15T12:57:54.519507Z]
datanode_3_1  | 2020-07-15 12:57:58,994 [pool-19-thread-1] INFO segmented.SegmentedRaftLogWorker: new 115a147e-9bb7-4a9b-b691-660b94ae3f8f@group-5C88B47E54A7-SegmentedRaftLogWorker for RaftStorage:Storage Directory /data/metadata/ratis/8705cc3b-b09b-4fb5-bc5b-5c88b47e54a7
datanode_6_1  | 2020-07-15 12:57:59,535 [pool-19-thread-1] INFO server.RaftServerConfigKeys: raft.server.log.purge.gap = 1000000 (custom)
datanode_5_1  | 2020-07-15 12:57:59,176 [pool-19-thread-1] INFO segmented.SegmentedRaftLogWorker: bbaab8a3-9b84-4aba-ae3b-f0f6f8072b2f@group-5C88B47E54A7-SegmentedRaftLogWorker: flushIndex: setUnconditionally 0 -> -1
datanode_1_1  | 2020-07-15 12:59:55,988 [pool-19-thread-1] INFO server.RaftServerConfigKeys: raft.server.log.statemachine.data.caching.enabled = true (custom)
datanode_4_1  | 2020-07-15 12:58:04,543 [Thread-24] INFO impl.RoleInfo: 97f06795-331b-4679-9d22-0091374602c7: shutdown FollowerState
datanode_2_1  | STARTUP_MSG:   build = https://github.com/apache/hadoop-ozone.git/926048403d115ddcb59ff130e5c46e518874b8aa ; compiled by 'runner' on 2020-07-15T12:35Z
scm_1         | 2020-07-15 12:57:54,844 [RatisPipelineUtilsThread] INFO pipeline.RatisPipelineProvider: Sending CreatePipelineCommand for pipeline:PipelineID=bee454be-c51b-49f1-a174-21c635efab09 to datanode:bbaab8a3-9b84-4aba-ae3b-f0f6f8072b2f
datanode_3_1  | 2020-07-15 12:57:58,994 [pool-19-thread-1] INFO server.RaftServerConfigKeys: raft.server.log.queue.byte-limit = 2147483647 (custom)
datanode_6_1  | 2020-07-15 12:57:59,536 [pool-19-thread-1] INFO server.RaftServerConfigKeys: raft.server.log.appender.buffer.byte-limit = 33554432 (custom)
datanode_5_1  | 2020-07-15 12:57:59,181 [pool-19-thread-1] INFO segmented.SegmentedRaftLogWorker: bbaab8a3-9b84-4aba-ae3b-f0f6f8072b2f@group-5C88B47E54A7-SegmentedRaftLogWorker: safeCacheEvictIndex: setUnconditionally 0 -> -1
datanode_1_1  | 2020-07-15 12:59:55,993 [pool-19-thread-1] INFO impl.RaftServerImpl: d626e324-77af-471d-a0a9-0309f76ac834@group-6692A33C951E: set configuration 0: [d626e324-77af-471d-a0a9-0309f76ac834:10.5.0.4:9858], old=null at 0
datanode_4_1  | 2020-07-15 12:58:04,588 [Thread-24] INFO impl.RaftServerImpl: 97f06795-331b-4679-9d22-0091374602c7@group-5C88B47E54A7: changes role from  FOLLOWER to CANDIDATE at term 0 for changeToCandidate
datanode_2_1  | STARTUP_MSG:   java = 11.0.6
scm_1         | 2020-07-15 12:57:54,844 [RatisPipelineUtilsThread] INFO pipeline.PipelineStateManager: Created pipeline Pipeline[ Id: bee454be-c51b-49f1-a174-21c635efab09, Nodes: bbaab8a3-9b84-4aba-ae3b-f0f6f8072b2f{ip: 10.5.0.8, host: ozone-topology_datanode_5_1.ozone-topology_net, networkLocation: /rack2, certSerialId: null}, Type:RATIS, Factor:ONE, State:ALLOCATED, leaderId:, CreationTimestamp2020-07-15T12:57:54.844353Z]
datanode_3_1  | 2020-07-15 12:57:58,994 [pool-19-thread-1] INFO server.RaftServerConfigKeys: raft.server.log.queue.element-limit = 1024 (custom)
datanode_6_1  | 2020-07-15 12:57:59,537 [pool-19-thread-1] INFO server.RaftServerConfigKeys: raft.server.log.segment.size.max = 1048576 (custom)
datanode_5_1  | 2020-07-15 12:57:59,184 [pool-19-thread-1] INFO server.RaftServerConfigKeys: raft.server.snapshot.auto.trigger.enabled = true (custom)
datanode_1_1  | 2020-07-15 12:59:56,001 [pool-19-thread-1] INFO segmented.LogSegment: Successfully read 1 entries from segment file /data/metadata/ratis/85e084e4-082f-47ad-ae64-6692a33c951e/current/log_inprogress_0
datanode_4_1  | 2020-07-15 12:58:04,588 [Thread-24] INFO impl.RoleInfo: 97f06795-331b-4679-9d22-0091374602c7: start LeaderElection
datanode_2_1  | ************************************************************/
scm_1         | 2020-07-15 12:57:54,845 [RatisPipelineUtilsThread] INFO pipeline.RatisPipelineProvider: Sending CreatePipelineCommand for pipeline:PipelineID=947f5617-7612-43a1-b9a8-2054b9a381d2 to datanode:97f06795-331b-4679-9d22-0091374602c7
datanode_3_1  | 2020-07-15 12:57:58,994 [pool-19-thread-1] INFO server.RaftServerConfigKeys: raft.server.log.segment.size.max = 1048576 (custom)
datanode_6_1  | 2020-07-15 12:57:59,537 [pool-19-thread-1] INFO metrics.RatisMetrics: Creating Metrics Registry : ratis.log_worker.bd89c345-79a3-4423-baa4-f3d8f0a64fb1@group-384902D90640
datanode_5_1  | 2020-07-15 12:57:59,187 [pool-19-thread-1] INFO server.RaftServerConfigKeys: raft.server.snapshot.auto.trigger.threshold = 10000 (custom)
datanode_1_1  | 2020-07-15 12:59:56,011 [pool-19-thread-1] INFO segmented.SegmentedRaftLogWorker: d626e324-77af-471d-a0a9-0309f76ac834@group-6692A33C951E-SegmentedRaftLogWorker: flushIndex: setUnconditionally 0 -> 0
datanode_4_1  | 2020-07-15 12:58:04,543 [97f06795-331b-4679-9d22-0091374602c7@group-2054B9A381D2-LeaderElection1] INFO segmented.SegmentedRaftLogWorker: 97f06795-331b-4679-9d22-0091374602c7@group-2054B9A381D2-SegmentedRaftLogWorker: Starting segment from index:0
datanode_2_1  | 2020-07-15 12:59:46,813 [main] INFO ozone.HddsDatanodeService: registered UNIX signal handlers for [TERM, HUP, INT]
scm_1         | 2020-07-15 12:57:54,851 [RatisPipelineUtilsThread] INFO pipeline.PipelineStateManager: Created pipeline Pipeline[ Id: 947f5617-7612-43a1-b9a8-2054b9a381d2, Nodes: 97f06795-331b-4679-9d22-0091374602c7{ip: 10.5.0.7, host: ozone-topology_datanode_4_1.ozone-topology_net, networkLocation: /rack2, certSerialId: null}, Type:RATIS, Factor:ONE, State:ALLOCATED, leaderId:, CreationTimestamp2020-07-15T12:57:54.845349Z]
datanode_3_1  | 2020-07-15 12:57:58,995 [pool-19-thread-1] INFO server.RaftServerConfigKeys: raft.server.log.preallocated.size = 16384 (custom)
datanode_6_1  | 2020-07-15 12:57:59,538 [pool-19-thread-1] INFO server.RaftServerConfigKeys: raft.server.log.segment.cache.num.max = 2 (custom)
datanode_5_1  | 2020-07-15 12:57:59,188 [pool-19-thread-1] INFO server.RaftServerConfigKeys: raft.server.snapshot.retention.file.num = 5 (custom)
datanode_1_1  | 2020-07-15 12:59:56,012 [pool-19-thread-1] INFO segmented.SegmentedRaftLogWorker: d626e324-77af-471d-a0a9-0309f76ac834@group-6692A33C951E-SegmentedRaftLogWorker: safeCacheEvictIndex: setUnconditionally 0 -> -1
datanode_4_1  | 2020-07-15 12:58:04,642 [grpc-default-executor-0] INFO impl.RaftServerImpl: 97f06795-331b-4679-9d22-0091374602c7@group-5C88B47E54A7: changes role from CANDIDATE to FOLLOWER at term 1 for recognizeCandidate:115a147e-9bb7-4a9b-b691-660b94ae3f8f
datanode_2_1  | 2020-07-15 12:59:47,441 [main] INFO metrics.MetricRegistries: Loaded MetricRegistries class org.apache.ratis.metrics.impl.MetricRegistriesImpl
scm_1         | 2020-07-15 12:57:54,852 [RatisPipelineUtilsThread] INFO pipeline.RatisPipelineProvider: Sending CreatePipelineCommand for pipeline:PipelineID=c229eae3-b622-4d4f-81a9-3af65290ea20 to datanode:bd89c345-79a3-4423-baa4-f3d8f0a64fb1
datanode_3_1  | 2020-07-15 12:57:59,003 [pool-19-thread-1] INFO server.RaftServerConfigKeys: raft.server.log.write.buffer.size = 1048576 (custom)
datanode_6_1  | 2020-07-15 12:57:59,547 [pool-19-thread-1] INFO segmented.SegmentedRaftLogWorker: new bd89c345-79a3-4423-baa4-f3d8f0a64fb1@group-384902D90640-SegmentedRaftLogWorker for RaftStorage:Storage Directory /data/metadata/ratis/53113771-ecae-497a-95c0-384902d90640
datanode_5_1  | 2020-07-15 12:57:59,191 [pool-19-thread-1] INFO server.RaftServerConfigKeys: raft.server.log.purge.upto.snapshot.index = false (default)
datanode_1_1  | 2020-07-15 12:59:56,012 [pool-19-thread-1] INFO server.RaftServerConfigKeys: raft.server.snapshot.auto.trigger.enabled = true (custom)
datanode_4_1  | 2020-07-15 12:58:04,642 [grpc-default-executor-0] INFO impl.RoleInfo: 97f06795-331b-4679-9d22-0091374602c7: shutdown LeaderElection
datanode_2_1  | 2020-07-15 12:59:47,949 [main] INFO impl.MetricsConfig: Loaded properties from hadoop-metrics2.properties
scm_1         | 2020-07-15 12:57:54,861 [RatisPipelineUtilsThread] INFO pipeline.PipelineStateManager: Created pipeline Pipeline[ Id: c229eae3-b622-4d4f-81a9-3af65290ea20, Nodes: bd89c345-79a3-4423-baa4-f3d8f0a64fb1{ip: 10.5.0.9, host: ozone-topology_datanode_6_1.ozone-topology_net, networkLocation: /rack2, certSerialId: null}, Type:RATIS, Factor:ONE, State:ALLOCATED, leaderId:, CreationTimestamp2020-07-15T12:57:54.852104Z]
datanode_3_1  | 2020-07-15 12:57:59,003 [pool-19-thread-1] INFO server.RaftServerConfigKeys: raft.server.log.force.sync.num = 128 (default)
datanode_6_1  | 2020-07-15 12:57:59,551 [pool-19-thread-1] INFO server.RaftServerConfigKeys: raft.server.log.queue.byte-limit = 2147483647 (custom)
datanode_5_1  | 2020-07-15 12:57:59,195 [pool-19-thread-1] INFO server.RaftServerConfigKeys: raft.server.retrycache.expirytime = 600000ms (custom)
datanode_1_1  | 2020-07-15 12:59:56,013 [pool-19-thread-1] INFO server.RaftServerConfigKeys: raft.server.snapshot.auto.trigger.threshold = 10000 (custom)
datanode_4_1  | 2020-07-15 12:58:04,642 [grpc-default-executor-0] INFO impl.RoleInfo: 97f06795-331b-4679-9d22-0091374602c7: start FollowerState
datanode_2_1  | 2020-07-15 12:59:48,431 [main] INFO impl.MetricsSystemImpl: Scheduled Metric snapshot period at 10 second(s).
scm_1         | 2020-07-15 12:57:54,861 [RatisPipelineUtilsThread] ERROR pipeline.SCMPipelineManager: Failed to create pipeline of type RATIS and factor ONE. Exception: Cannot create pipeline of factor 1 using 0 nodes. Used 4 nodes. Healthy nodes 4
datanode_3_1  | 2020-07-15 12:57:59,003 [pool-19-thread-1] INFO server.RaftServerConfigKeys: raft.server.log.statemachine.data.sync = true (default)
datanode_6_1  | 2020-07-15 12:57:59,559 [pool-19-thread-1] INFO server.RaftServerConfigKeys: raft.server.log.queue.element-limit = 1024 (custom)
datanode_5_1  | 2020-07-15 12:57:59,195 [pool-19-thread-1] INFO metrics.RatisMetrics: Creating Metrics Registry : ratis.leader_election.bbaab8a3-9b84-4aba-ae3b-f0f6f8072b2f@group-5C88B47E54A7
datanode_1_1  | 2020-07-15 12:59:56,013 [pool-19-thread-1] INFO server.RaftServerConfigKeys: raft.server.snapshot.retention.file.num = 5 (custom)
datanode_4_1  | 2020-07-15 12:58:04,714 [97f06795-331b-4679-9d22-0091374602c7@group-5C88B47E54A7-LeaderElection2] INFO impl.LeaderElection: 97f06795-331b-4679-9d22-0091374602c7@group-5C88B47E54A7-LeaderElection2: begin an election at term 2 for -1: [115a147e-9bb7-4a9b-b691-660b94ae3f8f:10.5.0.6:9858, bbaab8a3-9b84-4aba-ae3b-f0f6f8072b2f:10.5.0.8:9858, 97f06795-331b-4679-9d22-0091374602c7:10.5.0.7:9858], old=null
datanode_2_1  | 2020-07-15 12:59:48,431 [main] INFO impl.MetricsSystemImpl: HddsDatanode metrics system started
scm_1         | 2020-07-15 12:57:54,901 [RatisPipelineUtilsThread] INFO pipeline.RatisPipelineProvider: Sending CreatePipelineCommand for pipeline:PipelineID=8705cc3b-b09b-4fb5-bc5b-5c88b47e54a7 to datanode:bbaab8a3-9b84-4aba-ae3b-f0f6f8072b2f
datanode_3_1  | 2020-07-15 12:57:59,004 [pool-19-thread-1] INFO server.RaftServerConfigKeys: raft.server.log.statemachine.data.sync.timeout = 10s (default)
datanode_6_1  | 2020-07-15 12:57:59,562 [pool-19-thread-1] INFO server.RaftServerConfigKeys: raft.server.log.segment.size.max = 1048576 (custom)
datanode_5_1  | 2020-07-15 12:57:59,196 [pool-19-thread-1] INFO metrics.RatisMetrics: Creating Metrics Registry : ratis.server.bbaab8a3-9b84-4aba-ae3b-f0f6f8072b2f@group-5C88B47E54A7
datanode_1_1  | 2020-07-15 12:59:56,013 [pool-19-thread-1] INFO server.RaftServerConfigKeys: raft.server.log.purge.upto.snapshot.index = false (default)
datanode_4_1  | 2020-07-15 12:58:04,767 [97f06795-331b-4679-9d22-0091374602c7@group-5C88B47E54A7-LeaderElection2] INFO impl.LeaderElection: 97f06795-331b-4679-9d22-0091374602c7@group-5C88B47E54A7-LeaderElection2: Election REJECTED; received 0 response(s) [] and 0 exception(s); 97f06795-331b-4679-9d22-0091374602c7@group-5C88B47E54A7:t2, leader=null, voted=97f06795-331b-4679-9d22-0091374602c7, raftlog=97f06795-331b-4679-9d22-0091374602c7@group-5C88B47E54A7-SegmentedRaftLog:OPENED:c-1,f-1,i0, conf=-1: [115a147e-9bb7-4a9b-b691-660b94ae3f8f:10.5.0.6:9858, bbaab8a3-9b84-4aba-ae3b-f0f6f8072b2f:10.5.0.8:9858, 97f06795-331b-4679-9d22-0091374602c7:10.5.0.7:9858], old=null
datanode_2_1  | 2020-07-15 12:59:48,842 [main] INFO ozone.HddsDatanodeService: HddsDatanodeService host:2193425fbe85 ip:10.5.0.5
scm_1         | 2020-07-15 12:57:54,906 [RatisPipelineUtilsThread] INFO pipeline.RatisPipelineProvider: Sending CreatePipelineCommand for pipeline:PipelineID=8705cc3b-b09b-4fb5-bc5b-5c88b47e54a7 to datanode:115a147e-9bb7-4a9b-b691-660b94ae3f8f
datanode_3_1  | 2020-07-15 12:57:59,005 [pool-19-thread-1] INFO server.RaftServerConfigKeys: raft.server.log.statemachine.data.sync.timeout.retry = -1 (default)
datanode_6_1  | 2020-07-15 12:57:59,563 [pool-19-thread-1] INFO server.RaftServerConfigKeys: raft.server.log.preallocated.size = 16384 (custom)
datanode_5_1  | 2020-07-15 12:57:59,200 [pool-19-thread-1] INFO impl.RaftServerImpl: bbaab8a3-9b84-4aba-ae3b-f0f6f8072b2f@group-5C88B47E54A7: start as a follower, conf=-1: [115a147e-9bb7-4a9b-b691-660b94ae3f8f:10.5.0.6:9858, bbaab8a3-9b84-4aba-ae3b-f0f6f8072b2f:10.5.0.8:9858, 97f06795-331b-4679-9d22-0091374602c7:10.5.0.7:9858], old=null
datanode_1_1  | 2020-07-15 12:59:56,013 [pool-19-thread-1] INFO server.RaftServerConfigKeys: raft.server.retrycache.expirytime = 600000ms (custom)
datanode_4_1  | 2020-07-15 12:58:04,794 [97f06795-331b-4679-9d22-0091374602c7@group-2054B9A381D2-LeaderElection1] INFO impl.RaftServerImpl: 97f06795-331b-4679-9d22-0091374602c7@group-2054B9A381D2: set configuration 0: [97f06795-331b-4679-9d22-0091374602c7:10.5.0.7:9858], old=null at 0
datanode_2_1  | 2020-07-15 12:59:49,224 [main] INFO fs.SaveSpaceUsageToFile: Cached usage info found in /data/hdds/scmUsed: 8192 at 2020-07-15T12:59:35.011Z
scm_1         | 2020-07-15 12:57:54,906 [RatisPipelineUtilsThread] INFO pipeline.RatisPipelineProvider: Sending CreatePipelineCommand for pipeline:PipelineID=8705cc3b-b09b-4fb5-bc5b-5c88b47e54a7 to datanode:97f06795-331b-4679-9d22-0091374602c7
datanode_3_1  | 2020-07-15 12:57:59,054 [pool-19-thread-1] INFO server.RaftServerConfigKeys: raft.server.log.statemachine.data.caching.enabled = true (custom)
datanode_6_1  | 2020-07-15 12:57:59,571 [pool-19-thread-1] INFO server.RaftServerConfigKeys: raft.server.log.write.buffer.size = 1048576 (custom)
datanode_5_1  | 2020-07-15 12:57:59,204 [pool-19-thread-1] INFO impl.RaftServerImpl: bbaab8a3-9b84-4aba-ae3b-f0f6f8072b2f@group-5C88B47E54A7: changes role from      null to FOLLOWER at term 0 for startAsFollower
datanode_1_1  | 2020-07-15 12:59:56,013 [pool-19-thread-1] INFO metrics.RatisMetrics: Creating Metrics Registry : ratis.leader_election.d626e324-77af-471d-a0a9-0309f76ac834@group-6692A33C951E
datanode_4_1  | 2020-07-15 12:58:05,460 [97f06795-331b-4679-9d22-0091374602c7@group-2054B9A381D2-SegmentedRaftLogWorker] INFO segmented.SegmentedRaftLogWorker: 97f06795-331b-4679-9d22-0091374602c7@group-2054B9A381D2-SegmentedRaftLogWorker: created new log segment /data/metadata/ratis/947f5617-7612-43a1-b9a8-2054b9a381d2/current/log_inprogress_0
datanode_2_1  | 2020-07-15 12:59:49,264 [main] INFO volume.HddsVolume: Creating Volume: /data/hdds/hdds of storage type : DISK and capacity : 89311358976
scm_1         | 2020-07-15 12:57:54,907 [RatisPipelineUtilsThread] INFO pipeline.PipelineStateManager: Created pipeline Pipeline[ Id: 8705cc3b-b09b-4fb5-bc5b-5c88b47e54a7, Nodes: bbaab8a3-9b84-4aba-ae3b-f0f6f8072b2f{ip: 10.5.0.8, host: ozone-topology_datanode_5_1.ozone-topology_net, networkLocation: /rack2, certSerialId: null}115a147e-9bb7-4a9b-b691-660b94ae3f8f{ip: 10.5.0.6, host: ozone-topology_datanode_3_1.ozone-topology_net, networkLocation: /rack1, certSerialId: null}97f06795-331b-4679-9d22-0091374602c7{ip: 10.5.0.7, host: ozone-topology_datanode_4_1.ozone-topology_net, networkLocation: /rack2, certSerialId: null}, Type:RATIS, Factor:THREE, State:ALLOCATED, leaderId:, CreationTimestamp2020-07-15T12:57:54.901354Z]
datanode_3_1  | 2020-07-15 12:57:59,054 [pool-19-thread-1] INFO segmented.SegmentedRaftLogWorker: 115a147e-9bb7-4a9b-b691-660b94ae3f8f@group-5C88B47E54A7-SegmentedRaftLogWorker: flushIndex: setUnconditionally 0 -> -1
datanode_6_1  | 2020-07-15 12:57:59,576 [pool-19-thread-1] INFO server.RaftServerConfigKeys: raft.server.log.force.sync.num = 128 (default)
datanode_5_1  | 2020-07-15 12:57:59,204 [pool-19-thread-1] INFO impl.RoleInfo: bbaab8a3-9b84-4aba-ae3b-f0f6f8072b2f: start FollowerState
datanode_1_1  | 2020-07-15 12:59:56,014 [pool-19-thread-1] INFO metrics.RatisMetrics: Creating Metrics Registry : ratis.server.d626e324-77af-471d-a0a9-0309f76ac834@group-6692A33C951E
datanode_4_1  | 2020-07-15 12:58:09,712 [Thread-30] INFO impl.FollowerState: 97f06795-331b-4679-9d22-0091374602c7@group-5C88B47E54A7-FollowerState: change to CANDIDATE, lastRpcTime:5069ms, electionTimeout:5059ms
datanode_2_1  | 2020-07-15 12:59:49,274 [main] INFO volume.MutableVolumeSet: Added Volume : /data/hdds/hdds to VolumeSet
scm_1         | 2020-07-15 12:57:54,907 [RatisPipelineUtilsThread] ERROR pipeline.SCMPipelineManager: Failed to create pipeline of type RATIS and factor THREE. Exception: Pipeline creation failed because nodes are engaged in other pipelines and every node can only be engaged in max 2 pipelines. Required 3. Found 1
datanode_3_1  | 2020-07-15 12:57:59,055 [pool-19-thread-1] INFO segmented.SegmentedRaftLogWorker: 115a147e-9bb7-4a9b-b691-660b94ae3f8f@group-5C88B47E54A7-SegmentedRaftLogWorker: safeCacheEvictIndex: setUnconditionally 0 -> -1
datanode_6_1  | 2020-07-15 12:57:59,579 [pool-19-thread-1] INFO server.RaftServerConfigKeys: raft.server.log.statemachine.data.sync = true (default)
datanode_5_1  | 2020-07-15 12:57:59,206 [pool-19-thread-1] INFO util.JmxRegister: Successfully registered JMX Bean with object name Ratis:service=RaftServer,group=group-5C88B47E54A7,id=bbaab8a3-9b84-4aba-ae3b-f0f6f8072b2f
datanode_1_1  | 2020-07-15 12:59:56,212 [main] INFO server.session: DefaultSessionIdManager workerName=node0
datanode_4_1  | 2020-07-15 12:58:09,712 [Thread-30] INFO impl.RoleInfo: 97f06795-331b-4679-9d22-0091374602c7: shutdown FollowerState
datanode_2_1  | 2020-07-15 12:59:49,312 [main] INFO volume.ThrottledAsyncChecker: Scheduling a check for /data/hdds/hdds
scm_1         | 2020-07-15 12:57:54,919 [IPC Server handler 3 on default port 9861] INFO net.NetworkTopology: Added a new node: /rack1/d626e324-77af-471d-a0a9-0309f76ac834
datanode_3_1  | 2020-07-15 12:57:59,055 [pool-19-thread-1] INFO server.RaftServerConfigKeys: raft.server.snapshot.auto.trigger.enabled = true (custom)
datanode_6_1  | 2020-07-15 12:57:59,581 [pool-19-thread-1] INFO server.RaftServerConfigKeys: raft.server.log.statemachine.data.sync.timeout = 10s (default)
datanode_5_1  | 2020-07-15 12:57:59,206 [pool-19-thread-1] INFO metrics.RatisMetrics: Creating Metrics Registry : ratis.state_machine.bbaab8a3-9b84-4aba-ae3b-f0f6f8072b2f@group-5C88B47E54A7
datanode_1_1  | 2020-07-15 12:59:56,212 [main] INFO server.session: No SessionScavenger set, using defaults
datanode_2_1  | 2020-07-15 12:59:49,445 [main] INFO volume.HddsVolumeChecker: Scheduled health check for volume /data/hdds/hdds
datanode_4_1  | 2020-07-15 12:58:09,712 [Thread-30] INFO impl.RaftServerImpl: 97f06795-331b-4679-9d22-0091374602c7@group-5C88B47E54A7: changes role from  FOLLOWER to CANDIDATE at term 2 for changeToCandidate
scm_1         | 2020-07-15 12:57:54,974 [IPC Server handler 3 on default port 9861] INFO node.SCMNodeManager: Registered Data node : d626e324-77af-471d-a0a9-0309f76ac834{ip: 10.5.0.4, host: ozone-topology_datanode_1_1.ozone-topology_net, networkLocation: /rack1, certSerialId: null}
datanode_3_1  | 2020-07-15 12:57:59,055 [pool-19-thread-1] INFO server.RaftServerConfigKeys: raft.server.snapshot.auto.trigger.threshold = 10000 (custom)
datanode_6_1  | 2020-07-15 12:57:59,586 [pool-19-thread-1] INFO server.RaftServerConfigKeys: raft.server.log.statemachine.data.sync.timeout.retry = -1 (default)
datanode_5_1  | 2020-07-15 12:58:02,723 [Command processor thread] INFO commandhandler.CreatePipelineCommandHandler: Created Pipeline RATIS THREE #id: "8705cc3b-b09b-4fb5-bc5b-5c88b47e54a7"
datanode_1_1  | 2020-07-15 12:59:56,216 [main] INFO server.session: node0 Scavenging every 660000ms
datanode_2_1  | 2020-07-15 12:59:53,569 [main] WARN server.ServerUtils: Storage directory for Ratis is not configured. It is a good idea to map this to an SSD disk. Falling back to ozone.metadata.dirs
datanode_4_1  | 2020-07-15 12:58:09,712 [Thread-30] INFO impl.RoleInfo: 97f06795-331b-4679-9d22-0091374602c7: start LeaderElection
scm_1         | 2020-07-15 12:57:54,975 [RatisPipelineUtilsThread] INFO pipeline.RatisPipelineProvider: Sending CreatePipelineCommand for pipeline:PipelineID=85e084e4-082f-47ad-ae64-6692a33c951e to datanode:d626e324-77af-471d-a0a9-0309f76ac834
datanode_3_1  | 2020-07-15 12:57:59,056 [pool-19-thread-1] INFO server.RaftServerConfigKeys: raft.server.snapshot.retention.file.num = 5 (custom)
datanode_6_1  | 2020-07-15 12:57:59,587 [pool-19-thread-1] INFO server.RaftServerConfigKeys: raft.server.log.statemachine.data.caching.enabled = true (custom)
datanode_5_1  | uuid128 {
datanode_1_1  | 2020-07-15 12:59:56,262 [main] INFO handler.ContextHandler: Started o.e.j.s.ServletContextHandler@7dd3981e{logs,/logs,file:///var/log/hadoop/,AVAILABLE}
datanode_2_1  | 2020-07-15 12:59:53,714 [main] INFO impl.RaftServerProxy: raft.rpc.type = GRPC (default)
datanode_4_1  | 2020-07-15 12:58:09,715 [97f06795-331b-4679-9d22-0091374602c7@group-5C88B47E54A7-LeaderElection3] INFO impl.LeaderElection: 97f06795-331b-4679-9d22-0091374602c7@group-5C88B47E54A7-LeaderElection3: begin an election at term 3 for -1: [115a147e-9bb7-4a9b-b691-660b94ae3f8f:10.5.0.6:9858, bbaab8a3-9b84-4aba-ae3b-f0f6f8072b2f:10.5.0.8:9858, 97f06795-331b-4679-9d22-0091374602c7:10.5.0.7:9858], old=null
scm_1         | 2020-07-15 12:57:54,975 [EventQueue-NodeRegistrationContainerReportForContainerSafeModeRule] INFO safemode.SCMSafeModeManager: ContainerSafeModeRule rule is successfully validated
datanode_3_1  | 2020-07-15 12:57:59,056 [pool-19-thread-1] INFO server.RaftServerConfigKeys: raft.server.log.purge.upto.snapshot.index = false (default)
datanode_6_1  | 2020-07-15 12:57:59,596 [pool-19-thread-1] INFO segmented.SegmentedRaftLogWorker: bd89c345-79a3-4423-baa4-f3d8f0a64fb1@group-384902D90640-SegmentedRaftLogWorker: flushIndex: setUnconditionally 0 -> -1
datanode_5_1  |   mostSigBits: -8717336946967621707
datanode_1_1  | 2020-07-15 12:59:56,299 [main] INFO handler.ContextHandler: Started o.e.j.s.ServletContextHandler@6ace919c{static,/static,jar:file:/opt/hadoop/share/ozone/lib/hadoop-hdds-container-service-0.6.0-SNAPSHOT.jar!/webapps/static,AVAILABLE}
datanode_2_1  | 2020-07-15 12:59:53,953 [main] INFO grpc.GrpcConfigKeys: raft.grpc.server.port = 9858 (custom)
datanode_4_1  | 2020-07-15 12:58:09,738 [97f06795-331b-4679-9d22-0091374602c7@group-5C88B47E54A7-LeaderElection3] INFO impl.LeaderElection: 97f06795-331b-4679-9d22-0091374602c7@group-5C88B47E54A7-LeaderElection3: Election PASSED; received 1 response(s) [97f06795-331b-4679-9d22-0091374602c7<-115a147e-9bb7-4a9b-b691-660b94ae3f8f#0:OK-t3] and 0 exception(s); 97f06795-331b-4679-9d22-0091374602c7@group-5C88B47E54A7:t3, leader=null, voted=97f06795-331b-4679-9d22-0091374602c7, raftlog=97f06795-331b-4679-9d22-0091374602c7@group-5C88B47E54A7-SegmentedRaftLog:OPENED:c-1,f-1,i0, conf=-1: [115a147e-9bb7-4a9b-b691-660b94ae3f8f:10.5.0.6:9858, bbaab8a3-9b84-4aba-ae3b-f0f6f8072b2f:10.5.0.8:9858, 97f06795-331b-4679-9d22-0091374602c7:10.5.0.7:9858], old=null
scm_1         | 2020-07-15 12:57:54,975 [EventQueue-NodeRegistrationContainerReportForDataNodeSafeModeRule] INFO safemode.SCMSafeModeManager: DataNodeSafeModeRule rule is successfully validated
datanode_3_1  | 2020-07-15 12:57:59,056 [pool-19-thread-1] INFO server.RaftServerConfigKeys: raft.server.retrycache.expirytime = 600000ms (custom)
datanode_6_1  | 2020-07-15 12:57:59,605 [pool-19-thread-1] INFO segmented.SegmentedRaftLogWorker: bd89c345-79a3-4423-baa4-f3d8f0a64fb1@group-384902D90640-SegmentedRaftLogWorker: safeCacheEvictIndex: setUnconditionally 0 -> -1
datanode_5_1  |   leastSigBits: -4874200429484944217
datanode_1_1  | 2020-07-15 12:59:56,768 [main] INFO handler.ContextHandler: Started o.e.j.w.WebAppContext@286a4c52{hddsDatanode,/,file:///tmp/jetty-0_0_0_0-9882-hadoop-hdds-container-service-0_6_0-SNAPSHOT_jar-_-any-14376029222902692824.dir/webapp/,AVAILABLE}{jar:file:/opt/hadoop/share/ozone/lib/hadoop-hdds-container-service-0.6.0-SNAPSHOT.jar!/webapps/hddsDatanode}
datanode_2_1  | 2020-07-15 12:59:53,954 [main] INFO server.GrpcService: raft.grpc.message.size.max = 32MB (=33554432) (custom)
datanode_4_1  | 2020-07-15 12:58:09,740 [97f06795-331b-4679-9d22-0091374602c7@group-5C88B47E54A7-LeaderElection3] INFO impl.RoleInfo: 97f06795-331b-4679-9d22-0091374602c7: shutdown LeaderElection
scm_1         | 2020-07-15 12:57:54,975 [RatisPipelineUtilsThread] INFO pipeline.PipelineStateManager: Created pipeline Pipeline[ Id: 85e084e4-082f-47ad-ae64-6692a33c951e, Nodes: d626e324-77af-471d-a0a9-0309f76ac834{ip: 10.5.0.4, host: ozone-topology_datanode_1_1.ozone-topology_net, networkLocation: /rack1, certSerialId: null}, Type:RATIS, Factor:ONE, State:ALLOCATED, leaderId:, CreationTimestamp2020-07-15T12:57:54.975269Z]
datanode_3_1  | 2020-07-15 12:57:59,056 [pool-19-thread-1] INFO metrics.RatisMetrics: Creating Metrics Registry : ratis.leader_election.115a147e-9bb7-4a9b-b691-660b94ae3f8f@group-5C88B47E54A7
datanode_6_1  | 2020-07-15 12:57:59,628 [pool-19-thread-1] INFO server.RaftServerConfigKeys: raft.server.snapshot.auto.trigger.enabled = true (custom)
datanode_5_1  | }
datanode_1_1  | 2020-07-15 12:59:56,804 [main] INFO server.AbstractConnector: Started ServerConnector@5d2e6f62{HTTP/1.1,[http/1.1]}{0.0.0.0:9882}
datanode_2_1  | 2020-07-15 12:59:53,955 [main] INFO server.RaftServerConfigKeys: raft.server.log.appender.buffer.byte-limit = 33554432 (custom)
datanode_4_1  | 2020-07-15 12:58:09,740 [97f06795-331b-4679-9d22-0091374602c7@group-5C88B47E54A7-LeaderElection3] INFO impl.RaftServerImpl: 97f06795-331b-4679-9d22-0091374602c7@group-5C88B47E54A7: changes role from CANDIDATE to LEADER at term 3 for changeToLeader
scm_1         | 2020-07-15 12:57:54,981 [RatisPipelineUtilsThread] ERROR pipeline.SCMPipelineManager: Failed to create pipeline of type RATIS and factor ONE. Exception: Cannot create pipeline of factor 1 using 0 nodes. Used 5 nodes. Healthy nodes 5
datanode_3_1  | 2020-07-15 12:57:59,056 [pool-19-thread-1] INFO metrics.RatisMetrics: Creating Metrics Registry : ratis.server.115a147e-9bb7-4a9b-b691-660b94ae3f8f@group-5C88B47E54A7
datanode_6_1  | 2020-07-15 12:57:59,628 [pool-19-thread-1] INFO server.RaftServerConfigKeys: raft.server.snapshot.auto.trigger.threshold = 10000 (custom)
datanode_5_1  | .
datanode_1_1  | 2020-07-15 12:59:56,805 [main] INFO server.Server: Started @12445ms
datanode_2_1  | 2020-07-15 12:59:53,957 [main] INFO server.GrpcService: raft.grpc.flow.control.window = 5MB (=5242880) (custom)
datanode_4_1  | 2020-07-15 12:58:09,743 [97f06795-331b-4679-9d22-0091374602c7@group-5C88B47E54A7-LeaderElection3] INFO ratis.XceiverServerRatis: Leader change notification received for group: group-5C88B47E54A7 with new leaderId: 97f06795-331b-4679-9d22-0091374602c7
scm_1         | 2020-07-15 12:57:54,981 [RatisPipelineUtilsThread] ERROR pipeline.SCMPipelineManager: Failed to create pipeline of type RATIS and factor THREE. Exception: Pipeline creation failed because nodes are engaged in other pipelines and every node can only be engaged in max 2 pipelines. Required 3. Found 2
datanode_3_1  | 2020-07-15 12:57:59,063 [pool-19-thread-1] INFO impl.RaftServerImpl: 115a147e-9bb7-4a9b-b691-660b94ae3f8f@group-5C88B47E54A7: start as a follower, conf=-1: [115a147e-9bb7-4a9b-b691-660b94ae3f8f:10.5.0.6:9858, bbaab8a3-9b84-4aba-ae3b-f0f6f8072b2f:10.5.0.8:9858, 97f06795-331b-4679-9d22-0091374602c7:10.5.0.7:9858], old=null
datanode_6_1  | 2020-07-15 12:57:59,629 [pool-19-thread-1] INFO server.RaftServerConfigKeys: raft.server.snapshot.retention.file.num = 5 (custom)
datanode_5_1  | 2020-07-15 12:58:04,169 [Thread-23] INFO impl.FollowerState: bbaab8a3-9b84-4aba-ae3b-f0f6f8072b2f@group-21C635EFAB09-FollowerState: change to CANDIDATE, lastRpcTime:5214ms, electionTimeout:5191ms
datanode_1_1  | 2020-07-15 12:59:56,823 [main] INFO impl.MetricsSinkAdapter: Sink prometheus started
datanode_2_1  | 2020-07-15 12:59:53,963 [main] INFO server.RaftServerConfigKeys: raft.server.rpc.request.timeout = 60s (custom)
datanode_4_1  | 2020-07-15 12:58:09,743 [97f06795-331b-4679-9d22-0091374602c7@group-5C88B47E54A7-LeaderElection3] INFO impl.RaftServerImpl: 97f06795-331b-4679-9d22-0091374602c7@group-5C88B47E54A7: change Leader from null to 97f06795-331b-4679-9d22-0091374602c7 at term 3 for becomeLeader, leader elected after 10455ms
scm_1         | 2020-07-15 12:57:55,139 [IPC Server handler 80 on default port 9861] INFO net.NetworkTopology: Added a new node: /rack1/f99004a5-cd4e-4a7d-9fb0-5512437add77
