dn1_1    | 2022-10-23 13:31:39,282 [dc822890-b7df-47f1-928c-8d85cf2b755a-impl-thread2] INFO server.RaftServerConfigKeys: raft.server.log.statemachine.data.sync.timeout.retry = -1 (default)
dn3_1    | 2022-10-23 13:31:38,958 [9490fed2-fdc6-4f7a-ae64-eb7063dd0881-impl-thread3] INFO server.RaftServerConfigKeys: raft.server.log.use.memory = false (default)
scm_1    | 2022-10-23 13:31:31,734 [Listener at 0.0.0.0/9861] INFO ipc.CallQueueManager: Using callQueue: class java.util.concurrent.LinkedBlockingQueue, queueCapacity: 10000, scheduler: class org.apache.hadoop.ipc.DefaultRpcScheduler, ipcBackoff: false.
om_1     | 2022-10-23 13:31:44,048 [Listener at om/9862] INFO impl.MetricsSystemImpl: Scheduled Metric snapshot period at 10 second(s).
recon_1  | 	at org.apache.hadoop.hdds.protocol.proto.StorageContainerLocationProtocolProtos$StorageContainerLocationProtocolService$2.callBlockingMethod(StorageContainerLocationProtocolProtos.java:62732)
recon_1  | 	at org.apache.hadoop.ipc.ProtobufRpcEngine$Server.processCall(ProtobufRpcEngine.java:465)
dn1_1    | 2022-10-23 13:31:39,282 [dc822890-b7df-47f1-928c-8d85cf2b755a-impl-thread3] INFO server.RaftServerConfigKeys: raft.server.log.statemachine.data.sync.timeout = 10s (default)
dn3_1    | 2022-10-23 13:31:38,965 [9490fed2-fdc6-4f7a-ae64-eb7063dd0881-impl-thread1] INFO server.RaftServerConfigKeys: raft.server.log.use.memory = false (default)
scm_1    | 2022-10-23 13:31:31,745 [Socket Reader #1 for port 9863] INFO ipc.Server: Starting Socket Reader #1 for port 9863
om_1     | 2022-10-23 13:31:44,048 [Listener at om/9862] INFO impl.MetricsSystemImpl: OzoneManager metrics system started
recon_1  | 	at org.apache.hadoop.ipc.ProtobufRpcEngine2$Server$ProtoBufRpcInvoker.call(ProtobufRpcEngine2.java:578)
dn2_1    | 2022-10-23 13:31:39,985 [ca8c9d2f-d2fd-4034-b0fa-c78752283c40-impl-thread3] INFO raftlog.RaftLog: ca8c9d2f-d2fd-4034-b0fa-c78752283c40@group-0D3EF40410D0-SegmentedRaftLog: commitIndex: updateToMax old=3, new=2, updated? false
dn1_1    | 2022-10-23 13:31:39,282 [dc822890-b7df-47f1-928c-8d85cf2b755a-impl-thread3] INFO server.RaftServerConfigKeys: raft.server.log.statemachine.data.sync.timeout.retry = -1 (default)
dn3_1    | 2022-10-23 13:31:38,969 [9490fed2-fdc6-4f7a-ae64-eb7063dd0881-impl-thread2] INFO server.RaftServerConfigKeys: raft.server.log.use.memory = false (default)
scm_1    | 2022-10-23 13:31:31,805 [Listener at 0.0.0.0/9863] INFO audit.AuditLogger: Refresh DebugCmdSet for SCMAudit to [].
om_1     | 2022-10-23 13:31:44,172 [Listener at om/9862] INFO om.OzoneManager: OzoneManager RPC server is listening at om/10.9.0.14:9862
recon_1  | 	at org.apache.hadoop.ipc.ProtobufRpcEngine2$Server$ProtoBufRpcInvoker.call(ProtobufRpcEngine2.java:556)
dn2_1    | 2022-10-23 13:31:39,992 [ca8c9d2f-d2fd-4034-b0fa-c78752283c40-impl-thread3] INFO server.RaftServer$Division: ca8c9d2f-d2fd-4034-b0fa-c78752283c40@group-0D3EF40410D0: start as a follower, conf=0: peers:[9490fed2-fdc6-4f7a-ae64-eb7063dd0881|rpc:10.9.0.13:9856|admin:10.9.0.13:9857|client:10.9.0.13:9858|dataStream:|priority:0|startupRole:FOLLOWER, ca8c9d2f-d2fd-4034-b0fa-c78752283c40|rpc:10.9.0.12:9856|admin:10.9.0.12:9857|client:10.9.0.12:9858|dataStream:|priority:0|startupRole:FOLLOWER, dc822890-b7df-47f1-928c-8d85cf2b755a|rpc:10.9.0.11:9856|admin:10.9.0.11:9857|client:10.9.0.11:9858|dataStream:|priority:1|startupRole:FOLLOWER]|listeners:[], old=null
dn1_1    | 2022-10-23 13:31:39,334 [dc822890-b7df-47f1-928c-8d85cf2b755a-impl-thread1] INFO server.RaftServerConfigKeys: raft.server.log.write.buffer.size = 1048576 (custom)
dn3_1    | 2022-10-23 13:31:39,004 [9490fed2-fdc6-4f7a-ae64-eb7063dd0881-impl-thread2] INFO server.RaftServerConfigKeys: raft.server.log.purge.gap = 1000000 (custom)
recon_1  | 	at org.apache.hadoop.ipc.RPC$Server.call(RPC.java:1093)
dn2_1    | 2022-10-23 13:31:39,993 [ca8c9d2f-d2fd-4034-b0fa-c78752283c40-impl-thread3] INFO server.RaftServer$Division: ca8c9d2f-d2fd-4034-b0fa-c78752283c40@group-0D3EF40410D0: changes role from      null to FOLLOWER at term 1 for startAsFollower
dn2_1    | 2022-10-23 13:31:39,994 [ca8c9d2f-d2fd-4034-b0fa-c78752283c40-impl-thread1] INFO impl.RoleInfo: ca8c9d2f-d2fd-4034-b0fa-c78752283c40: start ca8c9d2f-d2fd-4034-b0fa-c78752283c40@group-F9DD3E808A2E-FollowerState
scm_1    | 2022-10-23 13:31:31,833 [Listener at 0.0.0.0/9863] INFO ipc.CallQueueManager: Using callQueue: class java.util.concurrent.LinkedBlockingQueue, queueCapacity: 10000, scheduler: class org.apache.hadoop.ipc.DefaultRpcScheduler, ipcBackoff: false.
om_1     | 2022-10-23 13:31:44,173 [Listener at om/9862] INFO ratis.OzoneManagerRatisServer: Starting OzoneManagerRatisServer om1 at port 9872
dn3_1    | 2022-10-23 13:31:39,005 [9490fed2-fdc6-4f7a-ae64-eb7063dd0881-impl-thread2] INFO server.RaftServerConfigKeys: raft.server.log.appender.buffer.byte-limit = 33554432 (custom)
recon_1  | 	at org.apache.hadoop.ipc.Server$RpcCall.run(Server.java:1043)
dn2_1    | 2022-10-23 13:31:40,002 [ca8c9d2f-d2fd-4034-b0fa-c78752283c40-impl-thread2] INFO impl.RoleInfo: ca8c9d2f-d2fd-4034-b0fa-c78752283c40: start ca8c9d2f-d2fd-4034-b0fa-c78752283c40@group-61FFFEA0622B-FollowerState
dn1_1    | 2022-10-23 13:31:39,344 [dc822890-b7df-47f1-928c-8d85cf2b755a-impl-thread2] INFO server.RaftServerConfigKeys: raft.server.log.write.buffer.size = 1048576 (custom)
scm_1    | 2022-10-23 13:31:31,837 [Socket Reader #1 for port 9860] INFO ipc.Server: Starting Socket Reader #1 for port 9860
om_1     | 2022-10-23 13:31:44,214 [om1-impl-thread1] INFO storage.RaftStorageDirectory: Lock on /data/metadata/ratis/bf265839-605b-3f16-9796-c5ba1605619e/in_use.lock acquired by nodename 7@ad44770ba032
dn3_1    | 2022-10-23 13:31:39,010 [9490fed2-fdc6-4f7a-ae64-eb7063dd0881-impl-thread3] INFO server.RaftServerConfigKeys: raft.server.log.purge.gap = 1000000 (custom)
recon_1  | 	at org.apache.hadoop.ipc.Server$RpcCall.run(Server.java:971)
dn2_1    | 2022-10-23 13:31:40,002 [ca8c9d2f-d2fd-4034-b0fa-c78752283c40-impl-thread3] INFO impl.RoleInfo: ca8c9d2f-d2fd-4034-b0fa-c78752283c40: start ca8c9d2f-d2fd-4034-b0fa-c78752283c40@group-0D3EF40410D0-FollowerState
dn1_1    | 2022-10-23 13:31:39,361 [dc822890-b7df-47f1-928c-8d85cf2b755a-impl-thread2] INFO server.RaftServerConfigKeys: raft.server.log.unsafe-flush.enabled = false (default)
scm_1    | 2022-10-23 13:31:31,929 [Listener at 0.0.0.0/9860] INFO ha.SCMServiceManager: Registering service ContainerBalancer.
om_1     | 2022-10-23 13:31:44,220 [om1-impl-thread1] INFO storage.RaftStorage: Read RaftStorageMetadata{term=1, votedFor=om1} from /data/metadata/ratis/bf265839-605b-3f16-9796-c5ba1605619e/current/raft-meta
dn3_1    | 2022-10-23 13:31:39,010 [9490fed2-fdc6-4f7a-ae64-eb7063dd0881-impl-thread3] INFO server.RaftServerConfigKeys: raft.server.log.appender.buffer.byte-limit = 33554432 (custom)
recon_1  | 	at java.base/java.security.AccessController.doPrivileged(Native Method)
dn2_1    | 2022-10-23 13:31:40,034 [ca8c9d2f-d2fd-4034-b0fa-c78752283c40@group-F9DD3E808A2E-FollowerState] INFO server.RaftServerConfigKeys: raft.server.rpc.first-election.timeout.min = 5s (fallback to raft.server.rpc.timeout.min)
dn1_1    | 2022-10-23 13:31:39,342 [dc822890-b7df-47f1-928c-8d85cf2b755a-impl-thread3] INFO server.RaftServerConfigKeys: raft.server.log.write.buffer.size = 1048576 (custom)
scm_1    | 2022-10-23 13:31:31,930 [Listener at 0.0.0.0/9860] INFO server.StorageContainerManager: 
om_1     | 2022-10-23 13:31:44,278 [om1-impl-thread1] INFO server.RaftServer$Division: om1@group-C5BA1605619E: set configuration 0: peers:[om1|rpc:om:9872|admin:|client:|dataStream:|priority:0|startupRole:FOLLOWER]|listeners:[], old=null
dn3_1    | 2022-10-23 13:31:39,013 [9490fed2-fdc6-4f7a-ae64-eb7063dd0881-impl-thread3] INFO server.RaftServerConfigKeys: raft.server.log.statemachine.data.read.timeout = 1000ms (default)
recon_1  | 	at java.base/javax.security.auth.Subject.doAs(Subject.java:423)
dn2_1    | 2022-10-23 13:31:40,035 [ca8c9d2f-d2fd-4034-b0fa-c78752283c40@group-F9DD3E808A2E-FollowerState] INFO server.RaftServerConfigKeys: raft.server.rpc.first-election.timeout.max = 5200ms (fallback to raft.server.rpc.timeout.max)
dn1_1    | 2022-10-23 13:31:39,367 [dc822890-b7df-47f1-928c-8d85cf2b755a-impl-thread3] INFO server.RaftServerConfigKeys: raft.server.log.unsafe-flush.enabled = false (default)
scm_1    | Container Balancer status:
om_1     | 2022-10-23 13:31:44,281 [om1-impl-thread1] INFO server.RaftServerConfigKeys: raft.server.log.use.memory = false (default)
dn3_1    | 2022-10-23 13:31:39,014 [9490fed2-fdc6-4f7a-ae64-eb7063dd0881-impl-thread3] INFO server.RaftServerConfigKeys: raft.server.log.purge.preservation.log.num = 0 (default)
recon_1  | 	at org.apache.hadoop.security.UserGroupInformation.doAs(UserGroupInformation.java:1878)
dn2_1    | 2022-10-23 13:31:40,053 [ca8c9d2f-d2fd-4034-b0fa-c78752283c40@group-61FFFEA0622B-FollowerState] INFO server.RaftServerConfigKeys: raft.server.rpc.first-election.timeout.min = 5s (fallback to raft.server.rpc.timeout.min)
dn1_1    | 2022-10-23 13:31:39,373 [dc822890-b7df-47f1-928c-8d85cf2b755a-impl-thread3] INFO server.RaftServerConfigKeys: raft.server.log.async-flush.enabled = false (default)
scm_1    | Key                            Value
om_1     | 2022-10-23 13:31:44,308 [om1-impl-thread1] INFO server.RaftServerConfigKeys: raft.server.log.purge.gap = 1000000 (custom)
dn3_1    | 2022-10-23 13:31:39,019 [9490fed2-fdc6-4f7a-ae64-eb7063dd0881-impl-thread1] INFO server.RaftServerConfigKeys: raft.server.log.purge.gap = 1000000 (custom)
dn3_1    | 2022-10-23 13:31:39,025 [9490fed2-fdc6-4f7a-ae64-eb7063dd0881-impl-thread1] INFO server.RaftServerConfigKeys: raft.server.log.appender.buffer.byte-limit = 33554432 (custom)
dn3_1    | 2022-10-23 13:31:39,035 [9490fed2-fdc6-4f7a-ae64-eb7063dd0881-impl-thread1] INFO server.RaftServerConfigKeys: raft.server.log.statemachine.data.read.timeout = 1000ms (default)
dn3_1    | 2022-10-23 13:31:39,041 [9490fed2-fdc6-4f7a-ae64-eb7063dd0881-impl-thread1] INFO server.RaftServerConfigKeys: raft.server.log.purge.preservation.log.num = 0 (default)
dn3_1    | 2022-10-23 13:31:39,049 [9490fed2-fdc6-4f7a-ae64-eb7063dd0881-impl-thread2] INFO server.RaftServerConfigKeys: raft.server.log.statemachine.data.read.timeout = 1000ms (default)
dn3_1    | 2022-10-23 13:31:39,050 [9490fed2-fdc6-4f7a-ae64-eb7063dd0881-impl-thread2] INFO server.RaftServerConfigKeys: raft.server.log.purge.preservation.log.num = 0 (default)
dn3_1    | 2022-10-23 13:31:39,056 [9490fed2-fdc6-4f7a-ae64-eb7063dd0881-impl-thread2] INFO server.RaftServerConfigKeys: raft.server.log.segment.size.max = 1048576 (custom)
dn3_1    | 2022-10-23 13:31:39,064 [9490fed2-fdc6-4f7a-ae64-eb7063dd0881-impl-thread3] INFO server.RaftServerConfigKeys: raft.server.log.segment.size.max = 1048576 (custom)
dn3_1    | 2022-10-23 13:31:39,072 [9490fed2-fdc6-4f7a-ae64-eb7063dd0881-impl-thread1] INFO server.RaftServerConfigKeys: raft.server.log.segment.size.max = 1048576 (custom)
dn3_1    | 2022-10-23 13:31:39,082 [9490fed2-fdc6-4f7a-ae64-eb7063dd0881-impl-thread1] INFO server.RaftServerConfigKeys: raft.server.log.segment.cache.num.max = 2 (custom)
dn3_1    | 2022-10-23 13:31:39,091 [9490fed2-fdc6-4f7a-ae64-eb7063dd0881-impl-thread1] INFO server.RaftServerConfigKeys: raft.server.log.segment.cache.size.max = 200MB (=209715200) (default)
dn3_1    | 2022-10-23 13:31:39,090 [9490fed2-fdc6-4f7a-ae64-eb7063dd0881-impl-thread3] INFO server.RaftServerConfigKeys: raft.server.log.segment.cache.num.max = 2 (custom)
dn3_1    | 2022-10-23 13:31:39,102 [9490fed2-fdc6-4f7a-ae64-eb7063dd0881-impl-thread3] INFO server.RaftServerConfigKeys: raft.server.log.segment.cache.size.max = 200MB (=209715200) (default)
dn3_1    | 2022-10-23 13:31:39,110 [9490fed2-fdc6-4f7a-ae64-eb7063dd0881-impl-thread2] INFO server.RaftServerConfigKeys: raft.server.log.segment.cache.num.max = 2 (custom)
dn3_1    | 2022-10-23 13:31:39,110 [9490fed2-fdc6-4f7a-ae64-eb7063dd0881-impl-thread2] INFO server.RaftServerConfigKeys: raft.server.log.segment.cache.size.max = 200MB (=209715200) (default)
dn3_1    | 2022-10-23 13:31:39,128 [9490fed2-fdc6-4f7a-ae64-eb7063dd0881-impl-thread3] INFO segmented.SegmentedRaftLogWorker: new 9490fed2-fdc6-4f7a-ae64-eb7063dd0881@group-0D3EF40410D0-SegmentedRaftLogWorker for RaftStorageImpl:Storage Directory /data/metadata/ratis/adae2b46-605b-496f-a048-0d3ef40410d0
dn3_1    | 2022-10-23 13:31:39,129 [9490fed2-fdc6-4f7a-ae64-eb7063dd0881-impl-thread3] INFO server.RaftServerConfigKeys: raft.server.log.queue.byte-limit = 4294967296 (custom)
dn3_1    | 2022-10-23 13:31:39,133 [9490fed2-fdc6-4f7a-ae64-eb7063dd0881-impl-thread3] INFO server.RaftServerConfigKeys: raft.server.log.queue.element-limit = 1024 (custom)
dn3_1    | 2022-10-23 13:31:39,134 [9490fed2-fdc6-4f7a-ae64-eb7063dd0881-impl-thread3] INFO server.RaftServerConfigKeys: raft.server.log.segment.size.max = 1048576 (custom)
dn3_1    | 2022-10-23 13:31:39,134 [9490fed2-fdc6-4f7a-ae64-eb7063dd0881-impl-thread3] INFO server.RaftServerConfigKeys: raft.server.log.preallocated.size = 16384 (custom)
dn3_1    | 2022-10-23 13:31:39,135 [9490fed2-fdc6-4f7a-ae64-eb7063dd0881-impl-thread3] INFO server.RaftServerConfigKeys: raft.server.log.force.sync.num = 128 (default)
dn3_1    | 2022-10-23 13:31:39,142 [9490fed2-fdc6-4f7a-ae64-eb7063dd0881-impl-thread3] INFO server.RaftServerConfigKeys: raft.server.log.statemachine.data.sync = true (default)
dn3_1    | 2022-10-23 13:31:39,133 [9490fed2-fdc6-4f7a-ae64-eb7063dd0881-impl-thread2] INFO segmented.SegmentedRaftLogWorker: new 9490fed2-fdc6-4f7a-ae64-eb7063dd0881@group-F9DD3E808A2E-SegmentedRaftLogWorker for RaftStorageImpl:Storage Directory /data/metadata/ratis/60744fab-470c-4f31-9f3d-f9dd3e808a2e
dn3_1    | 2022-10-23 13:31:39,147 [9490fed2-fdc6-4f7a-ae64-eb7063dd0881-impl-thread2] INFO server.RaftServerConfigKeys: raft.server.log.queue.byte-limit = 4294967296 (custom)
dn3_1    | 2022-10-23 13:31:39,153 [9490fed2-fdc6-4f7a-ae64-eb7063dd0881-impl-thread2] INFO server.RaftServerConfigKeys: raft.server.log.queue.element-limit = 1024 (custom)
dn2_1    | 2022-10-23 13:31:40,056 [ca8c9d2f-d2fd-4034-b0fa-c78752283c40@group-61FFFEA0622B-FollowerState] INFO server.RaftServerConfigKeys: raft.server.rpc.first-election.timeout.max = 5200ms (fallback to raft.server.rpc.timeout.max)
om_1     | 2022-10-23 13:31:44,309 [om1-impl-thread1] INFO server.RaftServerConfigKeys: raft.server.log.appender.buffer.byte-limit = 33554432 (custom)
om_1     | 2022-10-23 13:31:44,311 [om1-impl-thread1] INFO server.RaftServerConfigKeys: raft.server.log.statemachine.data.read.timeout = 1000ms (default)
om_1     | 2022-10-23 13:31:44,314 [om1-impl-thread1] INFO server.RaftServerConfigKeys: raft.server.log.purge.preservation.log.num = 0 (default)
om_1     | 2022-10-23 13:31:44,318 [om1-impl-thread1] INFO server.RaftServerConfigKeys: raft.server.log.segment.size.max = 4194304 (custom)
om_1     | 2022-10-23 13:31:44,333 [om1-impl-thread1] INFO server.RaftServerConfigKeys: raft.server.log.segment.cache.num.max = 2 (custom)
om_1     | 2022-10-23 13:31:44,342 [om1-impl-thread1] INFO server.RaftServerConfigKeys: raft.server.log.segment.cache.size.max = 200MB (=209715200) (default)
om_1     | 2022-10-23 13:31:44,348 [om1-impl-thread1] INFO segmented.SegmentedRaftLogWorker: new om1@group-C5BA1605619E-SegmentedRaftLogWorker for RaftStorageImpl:Storage Directory /data/metadata/ratis/bf265839-605b-3f16-9796-c5ba1605619e
om_1     | 2022-10-23 13:31:44,351 [om1-impl-thread1] INFO server.RaftServerConfigKeys: raft.server.log.queue.byte-limit = 64MB (=67108864) (default)
recon_1  | 	at org.apache.hadoop.ipc.Server$Handler.run(Server.java:2976)
dn1_1    | 2022-10-23 13:31:39,373 [dc822890-b7df-47f1-928c-8d85cf2b755a-impl-thread3] INFO server.RaftServerConfigKeys: raft.server.log.statemachine.data.caching.enabled = true (custom)
recon_1  | , while invoking $Proxy43.submitRequest over nodeId=scmNodeId,nodeAddress=scm/10.9.0.17:9860 after 1 failover attempts. Trying to failover after sleeping for 2000ms.
dn3_1    | 2022-10-23 13:31:39,153 [9490fed2-fdc6-4f7a-ae64-eb7063dd0881-impl-thread2] INFO server.RaftServerConfigKeys: raft.server.log.segment.size.max = 1048576 (custom)
scm_1    | Running                        true
om_1     | 2022-10-23 13:31:44,356 [om1-impl-thread1] INFO server.RaftServerConfigKeys: raft.server.log.queue.element-limit = 4096 (default)
dn2_1    | 2022-10-23 13:31:40,064 [ca8c9d2f-d2fd-4034-b0fa-c78752283c40-impl-thread2] INFO util.JmxRegister: Successfully registered JMX Bean with object name Ratis:service=RaftServer,group=group-61FFFEA0622B,id=ca8c9d2f-d2fd-4034-b0fa-c78752283c40
dn2_1    | 2022-10-23 13:31:40,074 [ca8c9d2f-d2fd-4034-b0fa-c78752283c40-impl-thread2] INFO server.RaftServerConfigKeys: raft.server.snapshot.auto.trigger.enabled = true (custom)
recon_1  | 2022-10-23 13:31:40,100 [Listener at 0.0.0.0/9891] INFO scm.ReconStorageContainerManagerFacade: Obtained 5 pipelines from SCM.
dn3_1    | 2022-10-23 13:31:39,155 [9490fed2-fdc6-4f7a-ae64-eb7063dd0881-impl-thread2] INFO server.RaftServerConfigKeys: raft.server.log.preallocated.size = 16384 (custom)
scm_1    | Container Balancer Configuration values:
om_1     | 2022-10-23 13:31:44,358 [om1-impl-thread1] INFO server.RaftServerConfigKeys: raft.server.log.segment.size.max = 4194304 (custom)
dn1_1    | 2022-10-23 13:31:39,382 [dc822890-b7df-47f1-928c-8d85cf2b755a-impl-thread2] INFO server.RaftServerConfigKeys: raft.server.log.async-flush.enabled = false (default)
dn1_1    | 2022-10-23 13:31:39,391 [dc822890-b7df-47f1-928c-8d85cf2b755a-impl-thread2] INFO server.RaftServerConfigKeys: raft.server.log.statemachine.data.caching.enabled = true (custom)
recon_1  | 2022-10-23 13:31:40,112 [Listener at 0.0.0.0/9891] INFO scm.ReconPipelineManager: Recon has 5 pipelines in house.
dn3_1    | 2022-10-23 13:31:39,160 [9490fed2-fdc6-4f7a-ae64-eb7063dd0881-impl-thread2] INFO server.RaftServerConfigKeys: raft.server.log.force.sync.num = 128 (default)
scm_1    | Key                                                Value
om_1     | 2022-10-23 13:31:44,358 [om1-impl-thread1] INFO server.RaftServerConfigKeys: raft.server.log.preallocated.size = 4194304 (custom)
dn1_1    | 2022-10-23 13:31:39,391 [dc822890-b7df-47f1-928c-8d85cf2b755a-impl-thread1] INFO server.RaftServerConfigKeys: raft.server.log.unsafe-flush.enabled = false (default)
dn2_1    | 2022-10-23 13:31:40,074 [ca8c9d2f-d2fd-4034-b0fa-c78752283c40-impl-thread2] INFO server.RaftServerConfigKeys: raft.server.snapshot.auto.trigger.threshold = 10000 (custom)
recon_1  | 2022-10-23 13:31:40,298 [Listener at 0.0.0.0/9891] INFO scm.ReconStorageContainerManagerFacade: SCM DB initialized
dn3_1    | 2022-10-23 13:31:39,161 [9490fed2-fdc6-4f7a-ae64-eb7063dd0881-impl-thread2] INFO server.RaftServerConfigKeys: raft.server.log.statemachine.data.sync = true (default)
scm_1    | Threshold                                          10
om_1     | 2022-10-23 13:31:44,359 [om1-impl-thread1] INFO server.RaftServerConfigKeys: raft.server.log.force.sync.num = 128 (default)
dn1_1    | 2022-10-23 13:31:39,398 [dc822890-b7df-47f1-928c-8d85cf2b755a-impl-thread1] INFO server.RaftServerConfigKeys: raft.server.log.async-flush.enabled = false (default)
dn2_1    | 2022-10-23 13:31:40,064 [ca8c9d2f-d2fd-4034-b0fa-c78752283c40-impl-thread3] INFO util.JmxRegister: Successfully registered JMX Bean with object name Ratis:service=RaftServer,group=group-0D3EF40410D0,id=ca8c9d2f-d2fd-4034-b0fa-c78752283c40
dn2_1    | 2022-10-23 13:31:40,065 [ca8c9d2f-d2fd-4034-b0fa-c78752283c40-impl-thread1] INFO util.JmxRegister: Successfully registered JMX Bean with object name Ratis:service=RaftServer,group=group-F9DD3E808A2E,id=ca8c9d2f-d2fd-4034-b0fa-c78752283c40
dn3_1    | 2022-10-23 13:31:39,161 [9490fed2-fdc6-4f7a-ae64-eb7063dd0881-impl-thread2] INFO server.RaftServerConfigKeys: raft.server.log.statemachine.data.sync.timeout = 10s (default)
recon_1  | 2022-10-23 13:31:40,307 [Listener at 0.0.0.0/9891] INFO server.SCMDatanodeProtocolServer: ScmDatanodeProtocol RPC server for DataNodes is listening at /0.0.0.0:9891
om_1     | 2022-10-23 13:31:44,360 [om1-impl-thread1] INFO server.RaftServerConfigKeys: raft.server.log.statemachine.data.sync = true (default)
dn1_1    | 2022-10-23 13:31:39,399 [dc822890-b7df-47f1-928c-8d85cf2b755a-impl-thread1] INFO server.RaftServerConfigKeys: raft.server.log.statemachine.data.caching.enabled = true (custom)
dn3_1    | 2022-10-23 13:31:39,165 [9490fed2-fdc6-4f7a-ae64-eb7063dd0881-impl-thread2] INFO server.RaftServerConfigKeys: raft.server.log.statemachine.data.sync.timeout.retry = -1 (default)
dn2_1    | 2022-10-23 13:31:40,079 [ca8c9d2f-d2fd-4034-b0fa-c78752283c40-impl-thread1] INFO server.RaftServerConfigKeys: raft.server.snapshot.auto.trigger.enabled = true (custom)
recon_1  | 2022-10-23 13:31:40,317 [IPC Server Responder] INFO ipc.Server: IPC Server Responder: starting
om_1     | 2022-10-23 13:31:44,361 [om1-impl-thread1] INFO server.RaftServerConfigKeys: raft.server.log.statemachine.data.sync.timeout = 10s (default)
dn1_1    | 2022-10-23 13:31:39,510 [dc822890-b7df-47f1-928c-8d85cf2b755a-impl-thread3] INFO server.RaftServer$Division: dc822890-b7df-47f1-928c-8d85cf2b755a@group-0D3EF40410D0: set configuration 0: peers:[9490fed2-fdc6-4f7a-ae64-eb7063dd0881|rpc:10.9.0.13:9856|admin:10.9.0.13:9857|client:10.9.0.13:9858|dataStream:|priority:0|startupRole:FOLLOWER, ca8c9d2f-d2fd-4034-b0fa-c78752283c40|rpc:10.9.0.12:9856|admin:10.9.0.12:9857|client:10.9.0.12:9858|dataStream:|priority:0|startupRole:FOLLOWER, dc822890-b7df-47f1-928c-8d85cf2b755a|rpc:10.9.0.11:9856|admin:10.9.0.11:9857|client:10.9.0.11:9858|dataStream:|priority:1|startupRole:FOLLOWER]|listeners:[], old=null
scm_1    | Max Datanodes to Involve per Iteration(percent)    20
dn3_1    | 2022-10-23 13:31:39,179 [9490fed2-fdc6-4f7a-ae64-eb7063dd0881-impl-thread1] INFO segmented.SegmentedRaftLogWorker: new 9490fed2-fdc6-4f7a-ae64-eb7063dd0881@group-E5B3C5E5518B-SegmentedRaftLogWorker for RaftStorageImpl:Storage Directory /data/metadata/ratis/a518f3f7-1402-4c98-9d50-e5b3c5e5518b
dn2_1    | 2022-10-23 13:31:40,080 [ca8c9d2f-d2fd-4034-b0fa-c78752283c40-impl-thread1] INFO server.RaftServerConfigKeys: raft.server.snapshot.auto.trigger.threshold = 10000 (custom)
recon_1  | 2022-10-23 13:31:40,318 [IPC Server listener on 9891] INFO ipc.Server: IPC Server listener on 9891: starting
om_1     | 2022-10-23 13:31:44,366 [om1-impl-thread1] INFO server.RaftServerConfigKeys: raft.server.log.statemachine.data.sync.timeout.retry = -1 (default)
dn1_1    | 2022-10-23 13:31:39,520 [dc822890-b7df-47f1-928c-8d85cf2b755a-impl-thread2] INFO server.RaftServer$Division: dc822890-b7df-47f1-928c-8d85cf2b755a@group-F9DD3E808A2E: set configuration 0: peers:[9490fed2-fdc6-4f7a-ae64-eb7063dd0881|rpc:10.9.0.13:9856|admin:10.9.0.13:9857|client:10.9.0.13:9858|dataStream:|priority:1|startupRole:FOLLOWER, ca8c9d2f-d2fd-4034-b0fa-c78752283c40|rpc:10.9.0.12:9856|admin:10.9.0.12:9857|client:10.9.0.12:9858|dataStream:|priority:0|startupRole:FOLLOWER, dc822890-b7df-47f1-928c-8d85cf2b755a|rpc:10.9.0.11:9856|admin:10.9.0.11:9857|client:10.9.0.11:9858|dataStream:|priority:0|startupRole:FOLLOWER]|listeners:[], old=null
scm_1    | Max Size to Move per Iteration                     500GB
dn3_1    | 2022-10-23 13:31:39,179 [9490fed2-fdc6-4f7a-ae64-eb7063dd0881-impl-thread1] INFO server.RaftServerConfigKeys: raft.server.log.queue.byte-limit = 4294967296 (custom)
dn2_1    | 2022-10-23 13:31:40,080 [ca8c9d2f-d2fd-4034-b0fa-c78752283c40-impl-thread1] INFO server.RaftServerConfigKeys: raft.server.snapshot.retention.file.num = 5 (custom)
recon_1  | 2022-10-23 13:31:40,567 [Listener at 0.0.0.0/9891] INFO scm.ReconScmTask: Starting PipelineSyncTask Thread.
om_1     | 2022-10-23 13:31:44,392 [om1-impl-thread1] INFO server.RaftServerConfigKeys: raft.server.log.write.buffer.size = 64KB (=65536) (default)
dn1_1    | 2022-10-23 13:31:39,539 [dc822890-b7df-47f1-928c-8d85cf2b755a-impl-thread1] INFO server.RaftServer$Division: dc822890-b7df-47f1-928c-8d85cf2b755a@group-6FA970AABF7C: set configuration 0: peers:[dc822890-b7df-47f1-928c-8d85cf2b755a|rpc:10.9.0.11:9856|admin:10.9.0.11:9857|client:10.9.0.11:9858|dataStream:|priority:1|startupRole:FOLLOWER]|listeners:[], old=null
scm_1    | Max Size Entering Target per Iteration             26GB
dn3_1    | 2022-10-23 13:31:39,180 [9490fed2-fdc6-4f7a-ae64-eb7063dd0881-impl-thread1] INFO server.RaftServerConfigKeys: raft.server.log.queue.element-limit = 1024 (custom)
dn2_1    | 2022-10-23 13:31:40,082 [ca8c9d2f-d2fd-4034-b0fa-c78752283c40-impl-thread3] INFO server.RaftServerConfigKeys: raft.server.snapshot.auto.trigger.enabled = true (custom)
recon_1  | 2022-10-23 13:31:40,585 [Listener at 0.0.0.0/9891] INFO scm.ReconScmTask: Starting ContainerHealthTask Thread.
om_1     | 2022-10-23 13:31:44,393 [om1-impl-thread1] INFO server.RaftServerConfigKeys: raft.server.log.unsafe-flush.enabled = false (default)
dn1_1    | 2022-10-23 13:31:39,560 [dc822890-b7df-47f1-928c-8d85cf2b755a-impl-thread3] INFO segmented.LogSegment: Successfully read 4 entries from segment file /data/metadata/ratis/adae2b46-605b-496f-a048-0d3ef40410d0/current/log_inprogress_0
scm_1    | Max Size Leaving Source per Iteration              26GB
dn3_1    | 2022-10-23 13:31:39,184 [9490fed2-fdc6-4f7a-ae64-eb7063dd0881-impl-thread1] INFO server.RaftServerConfigKeys: raft.server.log.segment.size.max = 1048576 (custom)
dn2_1    | 2022-10-23 13:31:40,083 [ca8c9d2f-d2fd-4034-b0fa-c78752283c40-impl-thread3] INFO server.RaftServerConfigKeys: raft.server.snapshot.auto.trigger.threshold = 10000 (custom)
recon_1  | 2022-10-23 13:31:40,614 [PipelineSyncTask] INFO scm.ReconPipelineManager: Recon has 5 pipelines in house.
om_1     | 2022-10-23 13:31:44,394 [om1-impl-thread1] INFO server.RaftServerConfigKeys: raft.server.log.async-flush.enabled = false (default)
dn1_1    | 2022-10-23 13:31:39,561 [dc822890-b7df-47f1-928c-8d85cf2b755a-impl-thread1] INFO segmented.LogSegment: Successfully read 1 entries from segment file /data/metadata/ratis/5ab65e98-d276-48bc-9601-6fa970aabf7c/current/log_inprogress_0
scm_1    | 
scm_1    | 2022-10-23 13:31:31,933 [Listener at 0.0.0.0/9860] WARN events.EventQueue: No event handler registered for event TypedEvent{payloadType=SafeModeStatus, name='Safe mode status'}
dn2_1    | 2022-10-23 13:31:40,083 [ca8c9d2f-d2fd-4034-b0fa-c78752283c40-impl-thread3] INFO server.RaftServerConfigKeys: raft.server.snapshot.retention.file.num = 5 (custom)
recon_1  | 2022-10-23 13:31:40,647 [PipelineSyncTask] INFO scm.PipelineSyncTask: Pipeline sync Thread took 62 milliseconds.
om_1     | 2022-10-23 13:31:44,395 [om1-impl-thread1] INFO server.RaftServerConfigKeys: raft.server.log.statemachine.data.caching.enabled = false (default)
scm_1    | 2022-10-23 13:31:31,934 [Listener at 0.0.0.0/9860] INFO ha.SCMContext: Update SafeModeStatus from SafeModeStatus{safeModeStatus=true, preCheckPassed=false} to SafeModeStatus{safeModeStatus=true, preCheckPassed=false}.
dn3_1    | 2022-10-23 13:31:39,179 [9490fed2-fdc6-4f7a-ae64-eb7063dd0881-impl-thread3] INFO server.RaftServerConfigKeys: raft.server.log.statemachine.data.sync.timeout = 10s (default)
dn1_1    | 2022-10-23 13:31:39,617 [dc822890-b7df-47f1-928c-8d85cf2b755a-impl-thread3] INFO segmented.SegmentedRaftLogWorker: dc822890-b7df-47f1-928c-8d85cf2b755a@group-0D3EF40410D0-SegmentedRaftLogWorker: flushIndex: setUnconditionally 0 -> 3
dn2_1    | 2022-10-23 13:31:40,087 [ca8c9d2f-d2fd-4034-b0fa-c78752283c40-impl-thread3] INFO server.RaftServerConfigKeys: raft.server.log.purge.upto.snapshot.index = false (default)
recon_1  | 2022-10-23 13:31:41,040 [IPC Server handler 4 on default port 9891] WARN ipc.Server: IPC Server handler 4 on default port 9891, call Call#0 Retry#0 org.apache.hadoop.ozone.protocol.ReconDatanodeProtocol.submitRequest from 10.9.0.12:36120: output error
om_1     | 2022-10-23 13:31:44,455 [om1-impl-thread1] INFO server.RaftServer$Division: om1@group-C5BA1605619E: set configuration 0: peers:[om1|rpc:om:9872|admin:|client:|dataStream:|priority:0|startupRole:FOLLOWER]|listeners:[], old=null
scm_1    | 2022-10-23 13:31:31,959 [Listener at 0.0.0.0/9860] INFO server.StorageContainerManager: StorageContainerLocationProtocol RPC server is listening at /0.0.0.0:9860
dn3_1    | 2022-10-23 13:31:39,191 [9490fed2-fdc6-4f7a-ae64-eb7063dd0881-impl-thread3] INFO server.RaftServerConfigKeys: raft.server.log.statemachine.data.sync.timeout.retry = -1 (default)
dn1_1    | 2022-10-23 13:31:39,626 [dc822890-b7df-47f1-928c-8d85cf2b755a-impl-thread3] INFO segmented.SegmentedRaftLogWorker: dc822890-b7df-47f1-928c-8d85cf2b755a@group-0D3EF40410D0-SegmentedRaftLogWorker: safeCacheEvictIndex: setUnconditionally 0 -> -1
dn2_1    | 2022-10-23 13:31:40,103 [ca8c9d2f-d2fd-4034-b0fa-c78752283c40-impl-thread1] INFO server.RaftServerConfigKeys: raft.server.log.purge.upto.snapshot.index = false (default)
recon_1  | 2022-10-23 13:31:41,051 [IPC Server handler 7 on default port 9891] WARN ipc.Server: IPC Server handler 7 on default port 9891, call Call#2 Retry#0 org.apache.hadoop.ozone.protocol.ReconDatanodeProtocol.submitRequest from 10.9.0.13:35584: output error
om_1     | 2022-10-23 13:31:44,464 [om1-impl-thread1] INFO segmented.LogSegment: Successfully read 15 entries from segment file /data/metadata/ratis/bf265839-605b-3f16-9796-c5ba1605619e/current/log_inprogress_0
om_1     | 2022-10-23 13:31:44,469 [om1-impl-thread1] INFO segmented.SegmentedRaftLogWorker: om1@group-C5BA1605619E-SegmentedRaftLogWorker: flushIndex: setUnconditionally 0 -> 14
dn3_1    | 2022-10-23 13:31:39,191 [9490fed2-fdc6-4f7a-ae64-eb7063dd0881-impl-thread1] INFO server.RaftServerConfigKeys: raft.server.log.preallocated.size = 16384 (custom)
dn1_1    | 2022-10-23 13:31:39,655 [dc822890-b7df-47f1-928c-8d85cf2b755a-impl-thread1] INFO segmented.SegmentedRaftLogWorker: dc822890-b7df-47f1-928c-8d85cf2b755a@group-6FA970AABF7C-SegmentedRaftLogWorker: flushIndex: setUnconditionally 0 -> 0
dn2_1    | 2022-10-23 13:31:40,106 [ca8c9d2f-d2fd-4034-b0fa-c78752283c40-impl-thread2] INFO server.RaftServerConfigKeys: raft.server.snapshot.retention.file.num = 5 (custom)
recon_1  | 2022-10-23 13:31:41,055 [IPC Server handler 7 on default port 9891] INFO ipc.Server: IPC Server handler 7 on default port 9891 caught an exception
om_1     | 2022-10-23 13:31:44,469 [om1-impl-thread1] INFO segmented.SegmentedRaftLogWorker: om1@group-C5BA1605619E-SegmentedRaftLogWorker: safeCacheEvictIndex: setUnconditionally 0 -> -1
scm_1    | 2022-10-23 13:31:31,974 [Listener at 0.0.0.0/9860] INFO ha.SCMRatisServerImpl: starting ratis server 0.0.0.0:9894
dn1_1    | 2022-10-23 13:31:39,662 [dc822890-b7df-47f1-928c-8d85cf2b755a-impl-thread1] INFO segmented.SegmentedRaftLogWorker: dc822890-b7df-47f1-928c-8d85cf2b755a@group-6FA970AABF7C-SegmentedRaftLogWorker: safeCacheEvictIndex: setUnconditionally 0 -> -1
dn2_1    | 2022-10-23 13:31:40,106 [ca8c9d2f-d2fd-4034-b0fa-c78752283c40-impl-thread2] INFO server.RaftServerConfigKeys: raft.server.log.purge.upto.snapshot.index = false (default)
recon_1  | java.nio.channels.ClosedChannelException
om_1     | 2022-10-23 13:31:44,563 [om1-impl-thread1] INFO raftlog.RaftLog: om1@group-C5BA1605619E-SegmentedRaftLog: commitIndex: updateToMax old=14, new=13, updated? false
scm_1    | 2022-10-23 13:31:31,984 [babed224-a172-440c-9903-aaa7aa90fdf0-impl-thread1] INFO storage.RaftStorageDirectory: Lock on /data/metadata/scm-ha/0888183a-74f8-4a72-af05-2ca936fe0734/in_use.lock acquired by nodename 7@448f4be605f1
dn3_1    | 2022-10-23 13:31:39,192 [9490fed2-fdc6-4f7a-ae64-eb7063dd0881-impl-thread1] INFO server.RaftServerConfigKeys: raft.server.log.force.sync.num = 128 (default)
dn1_1    | 2022-10-23 13:31:39,760 [dc822890-b7df-47f1-928c-8d85cf2b755a-impl-thread2] INFO segmented.LogSegment: Successfully read 201 entries from segment file /data/metadata/ratis/60744fab-470c-4f31-9f3d-f9dd3e808a2e/current/log_inprogress_0
dn2_1    | 2022-10-23 13:31:40,107 [ca8c9d2f-d2fd-4034-b0fa-c78752283c40@group-0D3EF40410D0-FollowerState] INFO server.RaftServerConfigKeys: raft.server.rpc.first-election.timeout.min = 5s (fallback to raft.server.rpc.timeout.min)
recon_1  | 	at java.base/sun.nio.ch.SocketChannelImpl.ensureOpenAndConnected(SocketChannelImpl.java:180)
om_1     | 2022-10-23 13:31:44,571 [om1-impl-thread1] INFO server.RaftServer$Division: om1@group-C5BA1605619E: start as a follower, conf=0: peers:[om1|rpc:om:9872|admin:|client:|dataStream:|priority:0|startupRole:FOLLOWER]|listeners:[], old=null
scm_1    | 2022-10-23 13:31:32,001 [babed224-a172-440c-9903-aaa7aa90fdf0-impl-thread1] INFO storage.RaftStorage: Read RaftStorageMetadata{term=2, votedFor=babed224-a172-440c-9903-aaa7aa90fdf0} from /data/metadata/scm-ha/0888183a-74f8-4a72-af05-2ca936fe0734/current/raft-meta
dn3_1    | 2022-10-23 13:31:39,192 [9490fed2-fdc6-4f7a-ae64-eb7063dd0881-impl-thread1] INFO server.RaftServerConfigKeys: raft.server.log.statemachine.data.sync = true (default)
dn1_1    | 2022-10-23 13:31:39,791 [dc822890-b7df-47f1-928c-8d85cf2b755a-impl-thread2] INFO segmented.SegmentedRaftLogWorker: dc822890-b7df-47f1-928c-8d85cf2b755a@group-F9DD3E808A2E-SegmentedRaftLogWorker: flushIndex: setUnconditionally 0 -> 200
dn2_1    | 2022-10-23 13:31:40,110 [ca8c9d2f-d2fd-4034-b0fa-c78752283c40@group-0D3EF40410D0-FollowerState] INFO server.RaftServerConfigKeys: raft.server.rpc.first-election.timeout.max = 5200ms (fallback to raft.server.rpc.timeout.max)
recon_1  | 	at java.base/sun.nio.ch.SocketChannelImpl.write(SocketChannelImpl.java:452)
om_1     | 2022-10-23 13:31:44,571 [om1-impl-thread1] INFO server.RaftServer$Division: om1@group-C5BA1605619E: changes role from      null to FOLLOWER at term 1 for startAsFollower
scm_1    | 2022-10-23 13:31:32,115 [babed224-a172-440c-9903-aaa7aa90fdf0-impl-thread1] INFO server.RaftServer$Division: babed224-a172-440c-9903-aaa7aa90fdf0@group-2CA936FE0734: set configuration 1: peers:[babed224-a172-440c-9903-aaa7aa90fdf0|rpc:b129a40e482f:9894|admin:|client:|dataStream:|priority:0|startupRole:FOLLOWER]|listeners:[], old=null
dn3_1    | 2022-10-23 13:31:39,192 [9490fed2-fdc6-4f7a-ae64-eb7063dd0881-impl-thread1] INFO server.RaftServerConfigKeys: raft.server.log.statemachine.data.sync.timeout = 10s (default)
dn1_1    | 2022-10-23 13:31:39,792 [dc822890-b7df-47f1-928c-8d85cf2b755a-impl-thread2] INFO segmented.SegmentedRaftLogWorker: dc822890-b7df-47f1-928c-8d85cf2b755a@group-F9DD3E808A2E-SegmentedRaftLogWorker: safeCacheEvictIndex: setUnconditionally 0 -> -1
dn2_1    | 2022-10-23 13:31:40,117 [EndpointStateMachine task thread for scm/10.9.0.17:9861 - 0 ] INFO server.RaftServer: ca8c9d2f-d2fd-4034-b0fa-c78752283c40: start RPC server
recon_1  | 	at org.apache.hadoop.ipc.Server.channelWrite(Server.java:3619)
om_1     | 2022-10-23 13:31:44,573 [om1-impl-thread1] INFO impl.RoleInfo: om1: start om1@group-C5BA1605619E-FollowerState
scm_1    | 2022-10-23 13:31:32,119 [babed224-a172-440c-9903-aaa7aa90fdf0-impl-thread1] INFO server.RaftServerConfigKeys: raft.server.log.use.memory = false (default)
scm_1    | 2022-10-23 13:31:32,182 [babed224-a172-440c-9903-aaa7aa90fdf0-impl-thread1] INFO server.RaftServerConfigKeys: raft.server.log.purge.gap = 1000000 (custom)
dn1_1    | 2022-10-23 13:31:40,014 [dc822890-b7df-47f1-928c-8d85cf2b755a-impl-thread3] INFO raftlog.RaftLog: dc822890-b7df-47f1-928c-8d85cf2b755a@group-0D3EF40410D0-SegmentedRaftLog: commitIndex: updateToMax old=3, new=2, updated? false
dn2_1    | 2022-10-23 13:31:40,133 [EndpointStateMachine task thread for scm/10.9.0.17:9861 - 0 ] INFO server.GrpcService: ca8c9d2f-d2fd-4034-b0fa-c78752283c40: GrpcService started, listening on 9858
recon_1  | 	at org.apache.hadoop.ipc.Server.access$1700(Server.java:144)
om_1     | 2022-10-23 13:31:44,584 [om1-impl-thread1] INFO util.JmxRegister: Successfully registered JMX Bean with object name Ratis:service=RaftServer,group=group-C5BA1605619E,id=om1
scm_1    | 2022-10-23 13:31:32,187 [babed224-a172-440c-9903-aaa7aa90fdf0-impl-thread1] INFO server.RaftServerConfigKeys: raft.server.log.appender.buffer.byte-limit = 33554432 (custom)
dn3_1    | 2022-10-23 13:31:39,192 [9490fed2-fdc6-4f7a-ae64-eb7063dd0881-impl-thread1] INFO server.RaftServerConfigKeys: raft.server.log.statemachine.data.sync.timeout.retry = -1 (default)
dn1_1    | 2022-10-23 13:31:40,045 [dc822890-b7df-47f1-928c-8d85cf2b755a-impl-thread1] INFO server.RaftServer$Division: dc822890-b7df-47f1-928c-8d85cf2b755a@group-6FA970AABF7C: start as a follower, conf=0: peers:[dc822890-b7df-47f1-928c-8d85cf2b755a|rpc:10.9.0.11:9856|admin:10.9.0.11:9857|client:10.9.0.11:9858|dataStream:|priority:1|startupRole:FOLLOWER]|listeners:[], old=null
dn2_1    | 2022-10-23 13:31:40,198 [EndpointStateMachine task thread for scm/10.9.0.17:9861 - 0 ] INFO server.GrpcService: ca8c9d2f-d2fd-4034-b0fa-c78752283c40: GrpcService started, listening on 9856
recon_1  | 	at org.apache.hadoop.ipc.Server$Responder.processResponse(Server.java:1672)
om_1     | 2022-10-23 13:31:44,587 [om1-impl-thread1] INFO server.RaftServerConfigKeys: raft.server.snapshot.auto.trigger.enabled = true (custom)
scm_1    | 2022-10-23 13:31:32,197 [babed224-a172-440c-9903-aaa7aa90fdf0-impl-thread1] INFO server.RaftServerConfigKeys: raft.server.log.statemachine.data.read.timeout = 1000ms (default)
dn3_1    | 2022-10-23 13:31:39,245 [9490fed2-fdc6-4f7a-ae64-eb7063dd0881-impl-thread3] INFO server.RaftServerConfigKeys: raft.server.log.write.buffer.size = 1048576 (custom)
dn1_1    | 2022-10-23 13:31:40,046 [dc822890-b7df-47f1-928c-8d85cf2b755a-impl-thread1] INFO server.RaftServer$Division: dc822890-b7df-47f1-928c-8d85cf2b755a@group-6FA970AABF7C: changes role from      null to FOLLOWER at term 1 for startAsFollower
dn2_1    | 2022-10-23 13:31:40,263 [EndpointStateMachine task thread for scm/10.9.0.17:9861 - 0 ] INFO server.GrpcService: ca8c9d2f-d2fd-4034-b0fa-c78752283c40: GrpcService started, listening on 9857
recon_1  | 	at org.apache.hadoop.ipc.Server$Responder.doRespond(Server.java:1742)
om_1     | 2022-10-23 13:31:44,591 [om1-impl-thread1] INFO server.RaftServerConfigKeys: raft.server.snapshot.auto.trigger.threshold = 400000 (default)
dn1_1    | 2022-10-23 13:31:40,027 [dc822890-b7df-47f1-928c-8d85cf2b755a-impl-thread2] INFO raftlog.RaftLog: dc822890-b7df-47f1-928c-8d85cf2b755a@group-F9DD3E808A2E-SegmentedRaftLog: commitIndex: updateToMax old=200, new=199, updated? false
dn2_1    | 2022-10-23 13:31:40,284 [JvmPauseMonitor0] INFO util.JvmPauseMonitor: JvmPauseMonitor-ca8c9d2f-d2fd-4034-b0fa-c78752283c40: Started
recon_1  | 	at org.apache.hadoop.ipc.Server$Connection.sendResponse(Server.java:2847)
dn3_1    | 2022-10-23 13:31:39,246 [9490fed2-fdc6-4f7a-ae64-eb7063dd0881-impl-thread3] INFO server.RaftServerConfigKeys: raft.server.log.unsafe-flush.enabled = false (default)
scm_1    | 2022-10-23 13:31:32,214 [babed224-a172-440c-9903-aaa7aa90fdf0-impl-thread1] INFO server.RaftServerConfigKeys: raft.server.log.purge.preservation.log.num = 0 (default)
om_1     | 2022-10-23 13:31:44,594 [om1-impl-thread1] INFO server.RaftServerConfigKeys: raft.server.snapshot.retention.file.num = -1 (default)
dn1_1    | 2022-10-23 13:31:40,047 [dc822890-b7df-47f1-928c-8d85cf2b755a-impl-thread2] INFO server.RaftServer$Division: dc822890-b7df-47f1-928c-8d85cf2b755a@group-F9DD3E808A2E: start as a follower, conf=0: peers:[9490fed2-fdc6-4f7a-ae64-eb7063dd0881|rpc:10.9.0.13:9856|admin:10.9.0.13:9857|client:10.9.0.13:9858|dataStream:|priority:1|startupRole:FOLLOWER, ca8c9d2f-d2fd-4034-b0fa-c78752283c40|rpc:10.9.0.12:9856|admin:10.9.0.12:9857|client:10.9.0.12:9858|dataStream:|priority:0|startupRole:FOLLOWER, dc822890-b7df-47f1-928c-8d85cf2b755a|rpc:10.9.0.11:9856|admin:10.9.0.11:9857|client:10.9.0.11:9858|dataStream:|priority:0|startupRole:FOLLOWER]|listeners:[], old=null
dn2_1    | 2022-10-23 13:31:40,357 [EndpointStateMachine task thread for scm/10.9.0.17:9861 - 0 ] INFO ratis.XceiverServerRatis: XceiverServerRatis ca8c9d2f-d2fd-4034-b0fa-c78752283c40 is started using port 9858 for RATIS
recon_1  | 	at org.apache.hadoop.ipc.Server$Connection.access$300(Server.java:1814)
dn3_1    | 2022-10-23 13:31:39,264 [9490fed2-fdc6-4f7a-ae64-eb7063dd0881-impl-thread3] INFO server.RaftServerConfigKeys: raft.server.log.async-flush.enabled = false (default)
scm_1    | 2022-10-23 13:31:32,228 [babed224-a172-440c-9903-aaa7aa90fdf0-impl-thread1] INFO server.RaftServerConfigKeys: raft.server.log.segment.size.max = 4194304 (custom)
om_1     | 2022-10-23 13:31:44,595 [om1-impl-thread1] INFO server.RaftServerConfigKeys: raft.server.log.purge.upto.snapshot.index = true (custom)
dn1_1    | 2022-10-23 13:31:40,048 [dc822890-b7df-47f1-928c-8d85cf2b755a-impl-thread2] INFO server.RaftServer$Division: dc822890-b7df-47f1-928c-8d85cf2b755a@group-F9DD3E808A2E: changes role from      null to FOLLOWER at term 2 for startAsFollower
dn2_1    | 2022-10-23 13:31:40,358 [EndpointStateMachine task thread for scm/10.9.0.17:9861 - 0 ] INFO ratis.XceiverServerRatis: XceiverServerRatis ca8c9d2f-d2fd-4034-b0fa-c78752283c40 is started using port 9857 for RATIS_ADMIN
recon_1  | 	at org.apache.hadoop.ipc.Server$RpcCall.doResponse(Server.java:1125)
dn3_1    | 2022-10-23 13:31:39,245 [9490fed2-fdc6-4f7a-ae64-eb7063dd0881-impl-thread1] INFO server.RaftServerConfigKeys: raft.server.log.write.buffer.size = 1048576 (custom)
scm_1    | 2022-10-23 13:31:32,245 [babed224-a172-440c-9903-aaa7aa90fdf0-impl-thread1] INFO server.RaftServerConfigKeys: raft.server.log.segment.cache.num.max = 2 (custom)
om_1     | 2022-10-23 13:31:44,595 [om1@group-C5BA1605619E-FollowerState] INFO server.RaftServerConfigKeys: raft.server.rpc.first-election.timeout.min = 5s (fallback to raft.server.rpc.timeout.min)
om_1     | 2022-10-23 13:31:44,599 [om1@group-C5BA1605619E-FollowerState] INFO server.RaftServerConfigKeys: raft.server.rpc.first-election.timeout.max = 5200ms (fallback to raft.server.rpc.timeout.max)
om_1     | 2022-10-23 13:31:44,602 [Listener at om/9862] INFO server.RaftServer: om1: start RPC server
recon_1  | 	at org.apache.hadoop.ipc.Server$Call.doResponse(Server.java:917)
recon_1  | 	at org.apache.hadoop.ipc.Server$Call.sendResponse(Server.java:903)
recon_1  | 	at org.apache.hadoop.ipc.Server$RpcCall.run(Server.java:1060)
recon_1  | 	at org.apache.hadoop.ipc.Server$RpcCall.run(Server.java:971)
recon_1  | 	at java.base/java.security.AccessController.doPrivileged(Native Method)
recon_1  | 	at java.base/javax.security.auth.Subject.doAs(Subject.java:423)
recon_1  | 	at org.apache.hadoop.security.UserGroupInformation.doAs(UserGroupInformation.java:1878)
recon_1  | 	at org.apache.hadoop.ipc.Server$Handler.run(Server.java:2976)
recon_1  | 2022-10-23 13:31:41,053 [IPC Server handler 4 on default port 9891] INFO ipc.Server: IPC Server handler 4 on default port 9891 caught an exception
recon_1  | java.nio.channels.ClosedChannelException
recon_1  | 	at java.base/sun.nio.ch.SocketChannelImpl.ensureOpenAndConnected(SocketChannelImpl.java:180)
recon_1  | 	at java.base/sun.nio.ch.SocketChannelImpl.write(SocketChannelImpl.java:452)
om_1     | 2022-10-23 13:31:44,690 [Listener at om/9862] INFO server.GrpcService: om1: GrpcService started, listening on 9872
om_1     | 2022-10-23 13:31:44,693 [Listener at om/9862] INFO om.OzoneManager: Version File has different layout version (3) than OM DB (null). That is expected if this OM has never been finalized to a newer layout version.
om_1     | 2022-10-23 13:31:44,704 [JvmPauseMonitor0] INFO util.JvmPauseMonitor: JvmPauseMonitor-om1: Started
om_1     | 2022-10-23 13:31:44,798 [Listener at om/9862] INFO http.BaseHttpServer: Starting Web-server for ozoneManager at: http://0.0.0.0:9874
om_1     | 2022-10-23 13:31:44,807 [Listener at om/9862] INFO http.BaseHttpServer: Hadoop Security Enabled: false Ozone Security Enabled: false Ozone HTTP Security Enabled: false 
dn1_1    | 2022-10-23 13:31:40,048 [dc822890-b7df-47f1-928c-8d85cf2b755a-impl-thread1] INFO impl.RoleInfo: dc822890-b7df-47f1-928c-8d85cf2b755a: start dc822890-b7df-47f1-928c-8d85cf2b755a@group-6FA970AABF7C-FollowerState
dn1_1    | 2022-10-23 13:31:40,048 [dc822890-b7df-47f1-928c-8d85cf2b755a-impl-thread2] INFO impl.RoleInfo: dc822890-b7df-47f1-928c-8d85cf2b755a: start dc822890-b7df-47f1-928c-8d85cf2b755a@group-F9DD3E808A2E-FollowerState
dn1_1    | 2022-10-23 13:31:40,050 [dc822890-b7df-47f1-928c-8d85cf2b755a-impl-thread3] INFO server.RaftServer$Division: dc822890-b7df-47f1-928c-8d85cf2b755a@group-0D3EF40410D0: start as a follower, conf=0: peers:[9490fed2-fdc6-4f7a-ae64-eb7063dd0881|rpc:10.9.0.13:9856|admin:10.9.0.13:9857|client:10.9.0.13:9858|dataStream:|priority:0|startupRole:FOLLOWER, ca8c9d2f-d2fd-4034-b0fa-c78752283c40|rpc:10.9.0.12:9856|admin:10.9.0.12:9857|client:10.9.0.12:9858|dataStream:|priority:0|startupRole:FOLLOWER, dc822890-b7df-47f1-928c-8d85cf2b755a|rpc:10.9.0.11:9856|admin:10.9.0.11:9857|client:10.9.0.11:9858|dataStream:|priority:1|startupRole:FOLLOWER]|listeners:[], old=null
om_1     | 2022-10-23 13:31:44,865 [Listener at om/9862] INFO util.log: Logging initialized @54386ms to org.eclipse.jetty.util.log.Slf4jLog
scm_1    | 2022-10-23 13:31:32,254 [babed224-a172-440c-9903-aaa7aa90fdf0-impl-thread1] INFO server.RaftServerConfigKeys: raft.server.log.segment.cache.size.max = 200MB (=209715200) (default)
dn2_1    | 2022-10-23 13:31:40,358 [EndpointStateMachine task thread for scm/10.9.0.17:9861 - 0 ] INFO ratis.XceiverServerRatis: XceiverServerRatis ca8c9d2f-d2fd-4034-b0fa-c78752283c40 is started using port 9856 for RATIS_SERVER
dn1_1    | 2022-10-23 13:31:40,056 [dc822890-b7df-47f1-928c-8d85cf2b755a-impl-thread3] INFO server.RaftServer$Division: dc822890-b7df-47f1-928c-8d85cf2b755a@group-0D3EF40410D0: changes role from      null to FOLLOWER at term 1 for startAsFollower
dn3_1    | 2022-10-23 13:31:39,274 [9490fed2-fdc6-4f7a-ae64-eb7063dd0881-impl-thread1] INFO server.RaftServerConfigKeys: raft.server.log.unsafe-flush.enabled = false (default)
om_1     | 2022-10-23 13:31:45,101 [Listener at om/9862] WARN server.AuthenticationFilter: Unable to initialize FileSignerSecretProvider, falling back to use random secrets. Reason: Could not read signature secret file: /opt/hadoop/hadoop-http-auth-signature-secret
recon_1  | 	at org.apache.hadoop.ipc.Server.channelWrite(Server.java:3619)
scm_1    | 2022-10-23 13:31:32,276 [babed224-a172-440c-9903-aaa7aa90fdf0-impl-thread1] INFO segmented.SegmentedRaftLogWorker: new babed224-a172-440c-9903-aaa7aa90fdf0@group-2CA936FE0734-SegmentedRaftLogWorker for RaftStorageImpl:Storage Directory /data/metadata/scm-ha/0888183a-74f8-4a72-af05-2ca936fe0734
dn2_1    | 2022-10-23 13:31:45,124 [ca8c9d2f-d2fd-4034-b0fa-c78752283c40@group-61FFFEA0622B-FollowerState] INFO impl.FollowerState: ca8c9d2f-d2fd-4034-b0fa-c78752283c40@group-61FFFEA0622B-FollowerState: change to CANDIDATE, lastRpcElapsedTime:5121330953ns, electionTimeout:5047ms
dn1_1    | 2022-10-23 13:31:40,078 [dc822890-b7df-47f1-928c-8d85cf2b755a-impl-thread3] INFO impl.RoleInfo: dc822890-b7df-47f1-928c-8d85cf2b755a: start dc822890-b7df-47f1-928c-8d85cf2b755a@group-0D3EF40410D0-FollowerState
dn3_1    | 2022-10-23 13:31:39,280 [9490fed2-fdc6-4f7a-ae64-eb7063dd0881-impl-thread1] INFO server.RaftServerConfigKeys: raft.server.log.async-flush.enabled = false (default)
om_1     | 2022-10-23 13:31:45,114 [Listener at om/9862] INFO http.HttpRequestLog: Http request log for http.requests.ozoneManager is not defined
recon_1  | 	at org.apache.hadoop.ipc.Server.access$1700(Server.java:144)
scm_1    | 2022-10-23 13:31:32,277 [babed224-a172-440c-9903-aaa7aa90fdf0-impl-thread1] INFO server.RaftServerConfigKeys: raft.server.log.queue.byte-limit = 64MB (=67108864) (default)
dn2_1    | 2022-10-23 13:31:45,125 [ca8c9d2f-d2fd-4034-b0fa-c78752283c40@group-61FFFEA0622B-FollowerState] INFO impl.RoleInfo: ca8c9d2f-d2fd-4034-b0fa-c78752283c40: shutdown ca8c9d2f-d2fd-4034-b0fa-c78752283c40@group-61FFFEA0622B-FollowerState
dn1_1    | 2022-10-23 13:31:40,084 [dc822890-b7df-47f1-928c-8d85cf2b755a@group-F9DD3E808A2E-FollowerState] INFO server.RaftServerConfigKeys: raft.server.rpc.first-election.timeout.min = 5s (fallback to raft.server.rpc.timeout.min)
recon_1  | 	at org.apache.hadoop.ipc.Server$Responder.processResponse(Server.java:1672)
scm_1    | 2022-10-23 13:31:32,278 [babed224-a172-440c-9903-aaa7aa90fdf0-impl-thread1] INFO server.RaftServerConfigKeys: raft.server.log.queue.element-limit = 4096 (default)
dn2_1    | 2022-10-23 13:31:45,125 [ca8c9d2f-d2fd-4034-b0fa-c78752283c40@group-61FFFEA0622B-FollowerState] INFO server.RaftServer$Division: ca8c9d2f-d2fd-4034-b0fa-c78752283c40@group-61FFFEA0622B: changes role from  FOLLOWER to CANDIDATE at term 1 for changeToCandidate
dn3_1    | 2022-10-23 13:31:39,283 [9490fed2-fdc6-4f7a-ae64-eb7063dd0881-impl-thread1] INFO server.RaftServerConfigKeys: raft.server.log.statemachine.data.caching.enabled = true (custom)
om_1     | 2022-10-23 13:31:45,132 [Listener at om/9862] INFO http.HttpServer2: Added global filter 'safety' (class=org.apache.hadoop.hdds.server.http.HttpServer2$QuotingInputFilter)
dn1_1    | 2022-10-23 13:31:40,106 [dc822890-b7df-47f1-928c-8d85cf2b755a@group-6FA970AABF7C-FollowerState] INFO server.RaftServerConfigKeys: raft.server.rpc.first-election.timeout.min = 5s (fallback to raft.server.rpc.timeout.min)
dn1_1    | 2022-10-23 13:31:40,117 [dc822890-b7df-47f1-928c-8d85cf2b755a@group-6FA970AABF7C-FollowerState] INFO server.RaftServerConfigKeys: raft.server.rpc.first-election.timeout.max = 5200ms (fallback to raft.server.rpc.timeout.max)
scm_1    | 2022-10-23 13:31:32,279 [babed224-a172-440c-9903-aaa7aa90fdf0-impl-thread1] INFO server.RaftServerConfigKeys: raft.server.log.segment.size.max = 4194304 (custom)
dn2_1    | 2022-10-23 13:31:45,128 [ca8c9d2f-d2fd-4034-b0fa-c78752283c40@group-61FFFEA0622B-FollowerState] INFO server.RaftServerConfigKeys: raft.server.leaderelection.pre-vote = false (custom)
dn3_1    | 2022-10-23 13:31:39,263 [9490fed2-fdc6-4f7a-ae64-eb7063dd0881-impl-thread2] INFO server.RaftServerConfigKeys: raft.server.log.write.buffer.size = 1048576 (custom)
