datanode_3  | 2021-06-20 01:03:44,484 [pool-23-thread-1] INFO metrics.RatisMetrics: Creating Metrics Registry : ratis.log_worker.b5bd830b-909d-4f92-825b-0fceb6858994@group-A06FDAD98013
kdc_1       | Jun 20 01:10:29 kdc krb5kdc[7](info): TGS_REQ (6 etypes {aes256-cts-hmac-sha1-96(18), aes128-cts-hmac-sha1-96(17), aes256-cts-hmac-sha384-192(20), aes128-cts-hmac-sha256-128(19), DEPRECATED:des3-cbc-sha1(16), DEPRECATED:arcfour-hmac(23)}) 172.18.0.8: ISSUE: authtime 1624151365, etypes {rep=aes256-cts-hmac-sha1-96(18), tkt=aes256-cts-hmac-sha1-96(18), ses=aes256-cts-hmac-sha1-96(18)}, testuser/scm@EXAMPLE.COM for om/om@EXAMPLE.COM
s3g_1       | 	at org.apache.hadoop.io.retry.RetryInvocationHandler$Call.invoke(RetryInvocationHandler.java:157)
om_1        | 2021-06-20 01:03:45,922 [main] INFO server.GrpcService: raft.grpc.flow.control.window = 1MB (=1048576) (default)
scm_1       | 2021-06-20 01:03:13,729 [main] INFO ipc.CallQueueManager: Using callQueue: class java.util.concurrent.LinkedBlockingQueue, queueCapacity: 200, scheduler: class org.apache.hadoop.ipc.DefaultRpcScheduler, ipcBackoff: false.
datanode_2  | Caused by: javax.servlet.ServletException: javax.servlet.ServletException: Keytab does not exist: /etc/security/keytabs/datanode.keytab
recon_1     | 2021-06-20 01:03:12,708 [Listener at 0.0.0.0/9891] INFO tasks.ReconTaskControllerImpl: Starting Recon Task Controller.
datanode_1  | 2021-06-20 01:03:43,255 [pool-23-thread-1] INFO server.RaftServerConfigKeys: raft.server.log.force.sync.num = 128 (default)
datanode_3  | 2021-06-20 01:03:44,537 [pool-23-thread-1] INFO server.RaftServerConfigKeys: raft.server.log.segment.size.max = 1048576 (custom)
kdc_1       | Jun 20 01:10:32 kdc krb5kdc[7](info): TGS_REQ (6 etypes {aes256-cts-hmac-sha1-96(18), aes128-cts-hmac-sha1-96(17), aes256-cts-hmac-sha384-192(20), aes128-cts-hmac-sha256-128(19), DEPRECATED:des3-cbc-sha1(16), DEPRECATED:arcfour-hmac(23)}) 172.18.0.8: ISSUE: authtime 1624151365, etypes {rep=aes256-cts-hmac-sha1-96(18), tkt=aes256-cts-hmac-sha1-96(18), ses=aes256-cts-hmac-sha1-96(18)}, testuser/scm@EXAMPLE.COM for om/om@EXAMPLE.COM
s3g_1       | 	at org.apache.hadoop.io.retry.RetryInvocationHandler$Call.invokeOnce(RetryInvocationHandler.java:95)
om_1        | 2021-06-20 01:03:45,929 [main] INFO server.RaftServerConfigKeys: raft.server.rpc.request.timeout = 3000ms (default)
scm_1       | 2021-06-20 01:03:13,751 [Socket Reader #1 for port 9961] INFO ipc.Server: Starting Socket Reader #1 for port 9961
datanode_2  | 	at org.apache.hadoop.security.authentication.server.KerberosAuthenticationHandler.init(KerberosAuthenticationHandler.java:188)
recon_1     | 2021-06-20 01:03:12,721 [Listener at 0.0.0.0/9891] INFO scm.ReconStorageContainerManagerFacade: Recon ScmDatanodeProtocol RPC server is listening at /0.0.0.0:9891
datanode_1  | 2021-06-20 01:03:43,256 [pool-23-thread-1] INFO server.RaftServerConfigKeys: raft.server.log.statemachine.data.sync = true (default)
datanode_3  | 2021-06-20 01:03:44,583 [pool-23-thread-1] INFO server.RaftServerConfigKeys: raft.server.log.segment.cache.num.max = 2 (custom)
kdc_1       | Jun 20 01:10:37 kdc krb5kdc[7](info): TGS_REQ (6 etypes {aes256-cts-hmac-sha1-96(18), aes128-cts-hmac-sha1-96(17), aes256-cts-hmac-sha384-192(20), aes128-cts-hmac-sha256-128(19), DEPRECATED:des3-cbc-sha1(16), DEPRECATED:arcfour-hmac(23)}) 172.18.0.8: ISSUE: authtime 1624151365, etypes {rep=aes256-cts-hmac-sha1-96(18), tkt=aes256-cts-hmac-sha1-96(18), ses=aes256-cts-hmac-sha1-96(18)}, testuser/scm@EXAMPLE.COM for om/om@EXAMPLE.COM
s3g_1       | 	at org.apache.hadoop.io.retry.RetryInvocationHandler.invoke(RetryInvocationHandler.java:359)
om_1        | 2021-06-20 01:03:49,417 [main] INFO impl.DataStreamServerImpl: raft.datastream.type = DISABLED (default)
scm_1       | 2021-06-20 01:03:14,547 [Listener at 0.0.0.0/9961] INFO ipc.CallQueueManager: Using callQueue: class java.util.concurrent.LinkedBlockingQueue, queueCapacity: 10000, scheduler: class org.apache.hadoop.ipc.DefaultRpcScheduler, ipcBackoff: false.
datanode_2  | 	at org.apache.hadoop.security.authentication.server.AuthenticationFilter.initializeAuthHandler(AuthenticationFilter.java:194)
recon_1     | 2021-06-20 01:03:17,915 [Listener at 0.0.0.0/9891] INFO scm.ReconStorageContainerManagerFacade: Obtained 0 pipelines from SCM.
datanode_1  | 2021-06-20 01:03:43,256 [pool-23-thread-1] INFO server.RaftServerConfigKeys: raft.server.log.statemachine.data.sync.timeout = 10s (default)
datanode_3  | 2021-06-20 01:03:44,585 [pool-23-thread-1] INFO server.RaftServerConfigKeys: raft.server.log.segment.cache.size.max = 200MB (=209715200) (default)
kdc_1       | Jun 20 01:10:43 kdc krb5kdc[7](info): TGS_REQ (6 etypes {aes256-cts-hmac-sha1-96(18), aes128-cts-hmac-sha1-96(17), aes256-cts-hmac-sha384-192(20), aes128-cts-hmac-sha256-128(19), DEPRECATED:des3-cbc-sha1(16), DEPRECATED:arcfour-hmac(23)}) 172.18.0.8: ISSUE: authtime 1624151365, etypes {rep=aes256-cts-hmac-sha1-96(18), tkt=aes256-cts-hmac-sha1-96(18), ses=aes256-cts-hmac-sha1-96(18)}, testuser/scm@EXAMPLE.COM for om/om@EXAMPLE.COM
s3g_1       | 	at com.sun.proxy.$Proxy110.submitRequest(Unknown Source)
om_1        | 2021-06-20 01:03:49,423 [main] INFO server.RaftServerConfigKeys: raft.server.rpc.slowness.timeout = 120s (custom)
scm_1       | 2021-06-20 01:03:14,548 [Socket Reader #1 for port 9861] INFO ipc.Server: Starting Socket Reader #1 for port 9861
datanode_2  | 	at org.apache.hadoop.security.authentication.server.AuthenticationFilter.init(AuthenticationFilter.java:180)
recon_1     | 2021-06-20 01:03:17,918 [Listener at 0.0.0.0/9891] INFO scm.ReconPipelineManager: Recon has 0 pipelines in house.
datanode_1  | 2021-06-20 01:03:43,256 [pool-23-thread-1] INFO server.RaftServerConfigKeys: raft.server.log.statemachine.data.sync.timeout.retry = -1 (default)
kdc_1       | Jun 20 01:10:49 kdc krb5kdc[7](info): TGS_REQ (6 etypes {aes256-cts-hmac-sha1-96(18), aes128-cts-hmac-sha1-96(17), aes256-cts-hmac-sha384-192(20), aes128-cts-hmac-sha256-128(19), DEPRECATED:des3-cbc-sha1(16), DEPRECATED:arcfour-hmac(23)}) 172.18.0.8: ISSUE: authtime 1624151365, etypes {rep=aes256-cts-hmac-sha1-96(18), tkt=aes256-cts-hmac-sha1-96(18), ses=aes256-cts-hmac-sha1-96(18)}, testuser/scm@EXAMPLE.COM for om/om@EXAMPLE.COM
s3g_1       | 	at org.apache.hadoop.ozone.om.protocolPB.Hadoop3OmTransport.submitRequest(Hadoop3OmTransport.java:80)
datanode_3  | 2021-06-20 01:03:44,612 [pool-23-thread-1] INFO segmented.SegmentedRaftLogWorker: new b5bd830b-909d-4f92-825b-0fceb6858994@group-A06FDAD98013-SegmentedRaftLogWorker for RaftStorageImpl:Storage Directory /data/metadata/ratis/2963a57d-82a5-440f-b69a-a06fdad98013
om_1        | 2021-06-20 01:03:49,427 [main] INFO server.RaftServerConfigKeys: raft.server.leaderelection.leader.step-down.wait-time = 10s (default)
scm_1       | 2021-06-20 01:03:14,578 [Listener at 0.0.0.0/9861] INFO ipc.CallQueueManager: Using callQueue: class java.util.concurrent.LinkedBlockingQueue, queueCapacity: 10000, scheduler: class org.apache.hadoop.ipc.DefaultRpcScheduler, ipcBackoff: false.
datanode_2  | 	at org.eclipse.jetty.servlet.FilterHolder.initialize(FilterHolder.java:140)
recon_1     | 2021-06-20 01:03:17,918 [Listener at 0.0.0.0/9891] INFO server.SCMDatanodeProtocolServer: RPC server for DataNodes is listening at /0.0.0.0:9891
datanode_1  | 2021-06-20 01:03:43,257 [pool-23-thread-1] INFO server.RaftServerConfigKeys: raft.server.log.write.buffer.size = 1048576 (custom)
kdc_1       | Jun 20 01:10:56 kdc krb5kdc[7](info): TGS_REQ (6 etypes {aes256-cts-hmac-sha1-96(18), aes128-cts-hmac-sha1-96(17), aes256-cts-hmac-sha384-192(20), aes128-cts-hmac-sha256-128(19), DEPRECATED:des3-cbc-sha1(16), DEPRECATED:arcfour-hmac(23)}) 172.18.0.8: ISSUE: authtime 1624151365, etypes {rep=aes256-cts-hmac-sha1-96(18), tkt=aes256-cts-hmac-sha1-96(18), ses=aes256-cts-hmac-sha1-96(18)}, testuser/scm@EXAMPLE.COM for om/om@EXAMPLE.COM
s3g_1       | 	at org.apache.hadoop.ozone.om.protocolPB.OzoneManagerProtocolClientSideTranslatorPB.submitRequest(OzoneManagerProtocolClientSideTranslatorPB.java:222)
datanode_3  | 2021-06-20 01:03:44,612 [pool-23-thread-1] INFO server.RaftServerConfigKeys: raft.server.log.queue.byte-limit = 2147483647 (custom)
om_1        | 2021-06-20 01:03:49,484 [main] INFO server.RaftServerConfigKeys: raft.server.storage.dir = [/data/metadata/ratis] (custom)
scm_1       | 2021-06-20 01:03:14,579 [Socket Reader #1 for port 9863] INFO ipc.Server: Starting Socket Reader #1 for port 9863
datanode_2  | 	at org.eclipse.jetty.servlet.ServletHandler.lambda$initialize$0(ServletHandler.java:731)
recon_1     | 2021-06-20 01:03:17,956 [IPC Server Responder] INFO ipc.Server: IPC Server Responder: starting
datanode_1  | 2021-06-20 01:03:43,264 [pool-23-thread-1] INFO server.RaftServerConfigKeys: raft.server.log.statemachine.data.caching.enabled = true (custom)
kdc_1       | Jun 20 01:11:02 kdc krb5kdc[7](info): TGS_REQ (6 etypes {aes256-cts-hmac-sha1-96(18), aes128-cts-hmac-sha1-96(17), aes256-cts-hmac-sha384-192(20), aes128-cts-hmac-sha256-128(19), DEPRECATED:des3-cbc-sha1(16), DEPRECATED:arcfour-hmac(23)}) 172.18.0.8: ISSUE: authtime 1624151365, etypes {rep=aes256-cts-hmac-sha1-96(18), tkt=aes256-cts-hmac-sha1-96(18), ses=aes256-cts-hmac-sha1-96(18)}, testuser/scm@EXAMPLE.COM for om/om@EXAMPLE.COM
s3g_1       | 	at org.apache.hadoop.ozone.om.protocolPB.OzoneManagerProtocolClientSideTranslatorPB.getServiceInfo(OzoneManagerProtocolClientSideTranslatorPB.java:1099)
datanode_3  | 2021-06-20 01:03:44,616 [pool-23-thread-1] INFO server.RaftServerConfigKeys: raft.server.log.queue.element-limit = 1024 (custom)
om_1        | 2021-06-20 01:03:49,521 [main] INFO server.RaftServer: om1: addNew group-C5BA1605619E:[om1|rpc:om:9872|priority:0] returns group-C5BA1605619E:java.util.concurrent.CompletableFuture@4e53c6ef[Not completed]
scm_1       | 2021-06-20 01:03:14,610 [Listener at 0.0.0.0/9863] INFO ipc.CallQueueManager: Using callQueue: class java.util.concurrent.LinkedBlockingQueue, queueCapacity: 10000, scheduler: class org.apache.hadoop.ipc.DefaultRpcScheduler, ipcBackoff: false.
datanode_2  | 	at java.base/java.util.Spliterators$ArraySpliterator.forEachRemaining(Spliterators.java:948)
recon_1     | 2021-06-20 01:03:17,959 [IPC Server listener on 9891] INFO ipc.Server: IPC Server listener on 9891: starting
datanode_1  | 2021-06-20 01:03:43,264 [pool-23-thread-1] INFO segmented.SegmentedRaftLogWorker: c805fa90-9d2c-4a90-99ba-d35b808befc8@group-1E6C76872111-SegmentedRaftLogWorker: flushIndex: setUnconditionally 0 -> -1
kdc_1       | Jun 20 01:11:06 kdc krb5kdc[7](info): TGS_REQ (6 etypes {aes256-cts-hmac-sha1-96(18), aes128-cts-hmac-sha1-96(17), aes256-cts-hmac-sha384-192(20), aes128-cts-hmac-sha256-128(19), DEPRECATED:des3-cbc-sha1(16), DEPRECATED:arcfour-hmac(23)}) 172.18.0.8: ISSUE: authtime 1624151365, etypes {rep=aes256-cts-hmac-sha1-96(18), tkt=aes256-cts-hmac-sha1-96(18), ses=aes256-cts-hmac-sha1-96(18)}, testuser/scm@EXAMPLE.COM for om/om@EXAMPLE.COM
s3g_1       | 	at org.apache.hadoop.ozone.client.rpc.RpcClient.<init>(RpcClient.java:192)
datanode_3  | 2021-06-20 01:03:44,617 [pool-23-thread-1] INFO server.RaftServerConfigKeys: raft.server.log.segment.size.max = 1048576 (custom)
om_1        | 2021-06-20 01:03:49,521 [main] INFO om.OzoneManager: OzoneManager Ratis server initialized at port 9872
scm_1       | 2021-06-20 01:03:14,611 [Socket Reader #1 for port 9860] INFO ipc.Server: Starting Socket Reader #1 for port 9860
datanode_2  | 	at java.base/java.util.stream.Streams$ConcatSpliterator.forEachRemaining(Streams.java:734)
recon_1     | 2021-06-20 01:03:18,382 [Listener at 0.0.0.0/9891] INFO scm.ReconScmTask: Registered ContainerHealthTask task 
datanode_1  | 2021-06-20 01:03:43,264 [pool-23-thread-1] INFO segmented.SegmentedRaftLogWorker: c805fa90-9d2c-4a90-99ba-d35b808befc8@group-1E6C76872111-SegmentedRaftLogWorker: safeCacheEvictIndex: setUnconditionally 0 -> -1
kdc_1       | Jun 20 01:11:10 kdc krb5kdc[7](info): TGS_REQ (6 etypes {aes256-cts-hmac-sha1-96(18), aes128-cts-hmac-sha1-96(17), aes256-cts-hmac-sha384-192(20), aes128-cts-hmac-sha256-128(19), DEPRECATED:des3-cbc-sha1(16), DEPRECATED:arcfour-hmac(23)}) 172.18.0.8: ISSUE: authtime 1624151365, etypes {rep=aes256-cts-hmac-sha1-96(18), tkt=aes256-cts-hmac-sha1-96(18), ses=aes256-cts-hmac-sha1-96(18)}, testuser/scm@EXAMPLE.COM for om/om@EXAMPLE.COM
s3g_1       | 	at org.apache.hadoop.ozone.client.OzoneClientFactory.getClientProtocol(OzoneClientFactory.java:246)
datanode_3  | 2021-06-20 01:03:44,622 [pool-23-thread-1] INFO server.RaftServerConfigKeys: raft.server.log.preallocated.size = 16384 (custom)
om_1        | 2021-06-20 01:03:49,693 [pool-22-thread-1] INFO server.RaftServer$Division: om1: new RaftServerImpl for group-C5BA1605619E:[om1|rpc:om:9872|priority:0] with OzoneManagerStateMachine:uninitialized
scm_1       | 2021-06-20 01:03:14,634 [Listener at 0.0.0.0/9860] INFO server.StorageContainerManager: 
datanode_2  | 	at java.base/java.util.stream.ReferencePipeline$Head.forEach(ReferencePipeline.java:658)
recon_1     | 2021-06-20 01:03:18,382 [Listener at 0.0.0.0/9891] INFO scm.ReconScmTask: Starting ContainerHealthTask Thread.
datanode_1  | 2021-06-20 01:03:43,288 [pool-23-thread-1] INFO server.RaftServerConfigKeys: raft.server.snapshot.auto.trigger.enabled = true (custom)
kdc_1       | Jun 20 01:11:17 kdc krb5kdc[7](info): TGS_REQ (6 etypes {aes256-cts-hmac-sha1-96(18), aes128-cts-hmac-sha1-96(17), aes256-cts-hmac-sha384-192(20), aes128-cts-hmac-sha256-128(19), DEPRECATED:des3-cbc-sha1(16), DEPRECATED:arcfour-hmac(23)}) 172.18.0.8: ISSUE: authtime 1624151365, etypes {rep=aes256-cts-hmac-sha1-96(18), tkt=aes256-cts-hmac-sha1-96(18), ses=aes256-cts-hmac-sha1-96(18)}, testuser/scm@EXAMPLE.COM for om/om@EXAMPLE.COM
s3g_1       | 	at org.apache.hadoop.ozone.client.OzoneClientFactory.getClientProtocol(OzoneClientFactory.java:229)
s3g_1       | 	at org.apache.hadoop.ozone.client.OzoneClientFactory.getRpcClient(OzoneClientFactory.java:149)
om_1        | 2021-06-20 01:03:49,714 [pool-22-thread-1] INFO server.RaftServerConfigKeys: raft.server.rpc.timeout.min = 5s (custom)
scm_1       | Container Balancer status:
datanode_2  | 	at org.eclipse.jetty.servlet.ServletHandler.initialize(ServletHandler.java:755)
recon_1     | 2021-06-20 01:03:18,450 [Listener at 0.0.0.0/9891] INFO scm.ReconScmTask: Registered PipelineSyncTask task 
datanode_1  | 2021-06-20 01:03:43,288 [pool-23-thread-1] INFO server.RaftServerConfigKeys: raft.server.snapshot.auto.trigger.threshold = 10000 (custom)
s3g_1       | 	at org.apache.hadoop.ozone.s3.OzoneClientProducer.createOzoneClient(OzoneClientProducer.java:155)
datanode_3  | 2021-06-20 01:03:44,624 [pool-23-thread-1] INFO server.RaftServerConfigKeys: raft.server.log.force.sync.num = 128 (default)
kdc_1       | Jun 20 01:11:23 kdc krb5kdc[7](info): TGS_REQ (6 etypes {aes256-cts-hmac-sha1-96(18), aes128-cts-hmac-sha1-96(17), aes256-cts-hmac-sha384-192(20), aes128-cts-hmac-sha256-128(19), DEPRECATED:des3-cbc-sha1(16), DEPRECATED:arcfour-hmac(23)}) 172.18.0.8: ISSUE: authtime 1624151365, etypes {rep=aes256-cts-hmac-sha1-96(18), tkt=aes256-cts-hmac-sha1-96(18), ses=aes256-cts-hmac-sha1-96(18)}, testuser/scm@EXAMPLE.COM for om/om@EXAMPLE.COM
om_1        | 2021-06-20 01:03:49,717 [pool-22-thread-1] INFO server.RaftServerConfigKeys: raft.server.rpc.timeout.max = 5200ms (custom)
scm_1       | Key                            Value
datanode_2  | 	at org.eclipse.jetty.servlet.ServletContextHandler.startContext(ServletContextHandler.java:379)
recon_1     | 2021-06-20 01:03:18,450 [Listener at 0.0.0.0/9891] INFO scm.ReconScmTask: Starting PipelineSyncTask Thread.
datanode_1  | 2021-06-20 01:03:43,288 [pool-23-thread-1] INFO server.RaftServerConfigKeys: raft.server.snapshot.retention.file.num = 5 (custom)
s3g_1       | 	at org.apache.hadoop.ozone.s3.OzoneClientProducer.lambda$getClient$0(OzoneClientProducer.java:133)
datanode_3  | 2021-06-20 01:03:44,626 [pool-23-thread-1] INFO server.RaftServerConfigKeys: raft.server.log.statemachine.data.sync = true (default)
kdc_1       | Jun 20 01:11:27 kdc krb5kdc[7](info): TGS_REQ (6 etypes {aes256-cts-hmac-sha1-96(18), aes128-cts-hmac-sha1-96(17), aes256-cts-hmac-sha384-192(20), aes128-cts-hmac-sha256-128(19), DEPRECATED:des3-cbc-sha1(16), DEPRECATED:arcfour-hmac(23)}) 172.18.0.8: ISSUE: authtime 1624151365, etypes {rep=aes256-cts-hmac-sha1-96(18), tkt=aes256-cts-hmac-sha1-96(18), ses=aes256-cts-hmac-sha1-96(18)}, testuser/scm@EXAMPLE.COM for om/om@EXAMPLE.COM
om_1        | 2021-06-20 01:03:49,739 [pool-22-thread-1] INFO server.RaftServerConfigKeys: raft.server.rpc.sleep.time = 25ms (default)
scm_1       | Running                        true
datanode_2  | 	at org.eclipse.jetty.server.handler.ContextHandler.doStart(ContextHandler.java:911)
recon_1     | 2021-06-20 01:03:18,504 [PipelineSyncTask] INFO scm.ReconPipelineManager: Recon has 0 pipelines in house.
datanode_1  | 2021-06-20 01:03:43,288 [pool-23-thread-1] INFO server.RaftServerConfigKeys: raft.server.log.purge.upto.snapshot.index = false (default)
s3g_1       | 	at java.base/java.security.AccessController.doPrivileged(Native Method)
datanode_3  | 2021-06-20 01:03:44,629 [pool-23-thread-1] INFO server.RaftServerConfigKeys: raft.server.log.statemachine.data.sync.timeout = 10s (default)
kdc_1       | Jun 20 01:11:31 kdc krb5kdc[7](info): TGS_REQ (6 etypes {aes256-cts-hmac-sha1-96(18), aes128-cts-hmac-sha1-96(17), aes256-cts-hmac-sha384-192(20), aes128-cts-hmac-sha256-128(19), DEPRECATED:des3-cbc-sha1(16), DEPRECATED:arcfour-hmac(23)}) 172.18.0.8: ISSUE: authtime 1624151365, etypes {rep=aes256-cts-hmac-sha1-96(18), tkt=aes256-cts-hmac-sha1-96(18), ses=aes256-cts-hmac-sha1-96(18)}, testuser/scm@EXAMPLE.COM for om/om@EXAMPLE.COM
om_1        | 2021-06-20 01:03:49,745 [pool-22-thread-1] INFO server.RaftServerConfigKeys: raft.server.rpc.slowness.timeout = 120s (custom)
scm_1       | Container Balancer Configuration values:
datanode_2  | 	at org.eclipse.jetty.servlet.ServletContextHandler.doStart(ServletContextHandler.java:288)
recon_1     | 2021-06-20 01:03:18,527 [PipelineSyncTask] INFO scm.PipelineSyncTask: Pipeline sync Thread took 65 milliseconds.
datanode_1  | 2021-06-20 01:03:43,288 [pool-23-thread-1] INFO server.RaftServerConfigKeys: raft.server.retrycache.expirytime = 600000ms (custom)
datanode_1  | 2021-06-20 01:03:43,289 [pool-23-thread-1] INFO server.RaftServerConfigKeys: raft.server.retrycache.statistics.expirytime = 100?s (default)
datanode_3  | 2021-06-20 01:03:44,630 [pool-23-thread-1] INFO server.RaftServerConfigKeys: raft.server.log.statemachine.data.sync.timeout.retry = -1 (default)
datanode_3  | 2021-06-20 01:03:44,678 [pool-23-thread-1] INFO server.RaftServerConfigKeys: raft.server.log.write.buffer.size = 1048576 (custom)
om_1        | 2021-06-20 01:03:49,746 [pool-22-thread-1] INFO server.RaftServerConfigKeys: raft.server.leaderelection.leader.step-down.wait-time = 10s (default)
scm_1       | Key                            Value
datanode_2  | 	at org.eclipse.jetty.util.component.AbstractLifeCycle.start(AbstractLifeCycle.java:73)
datanode_1  | 2021-06-20 01:03:43,289 [pool-23-thread-1] INFO metrics.RatisMetrics: Creating Metrics Registry : ratis.leader_election.c805fa90-9d2c-4a90-99ba-d35b808befc8@group-1E6C76872111
s3g_1       | 	at java.base/javax.security.auth.Subject.doAs(Subject.java:423)
recon_1     | 2021-06-20 01:03:18,756 [ContainerHealthTask] INFO fsck.ContainerHealthTask: Container Health task thread took 319 milliseconds to process 0 existing database records.
recon_1     | 2021-06-20 01:03:18,871 [ContainerHealthTask] INFO fsck.ContainerHealthTask: Container Health task thread took 115 milliseconds for processing 0 containers.
recon_1     | 2021-06-20 01:03:32,709 [pool-17-thread-1] INFO impl.OzoneManagerServiceProviderImpl: Syncing data from Ozone Manager.
datanode_2  | 	at org.eclipse.jetty.util.component.ContainerLifeCycle.start(ContainerLifeCycle.java:169)
s3g_1       | 	at org.apache.hadoop.security.UserGroupInformation.doAs(UserGroupInformation.java:1762)
datanode_3  | 2021-06-20 01:03:44,694 [pool-23-thread-1] INFO server.RaftServerConfigKeys: raft.server.log.statemachine.data.caching.enabled = true (custom)
kdc_1       | Jun 20 01:11:36 kdc krb5kdc[7](info): TGS_REQ (6 etypes {aes256-cts-hmac-sha1-96(18), aes128-cts-hmac-sha1-96(17), aes256-cts-hmac-sha384-192(20), aes128-cts-hmac-sha256-128(19), DEPRECATED:des3-cbc-sha1(16), DEPRECATED:arcfour-hmac(23)}) 172.18.0.8: ISSUE: authtime 1624151365, etypes {rep=aes256-cts-hmac-sha1-96(18), tkt=aes256-cts-hmac-sha1-96(18), ses=aes256-cts-hmac-sha1-96(18)}, testuser/scm@EXAMPLE.COM for om/om@EXAMPLE.COM
om_1        | 2021-06-20 01:03:49,746 [pool-22-thread-1] INFO server.RaftServerConfigKeys: raft.server.sleep.deviation.threshold = 300ms (default)
datanode_1  | 2021-06-20 01:03:43,289 [pool-23-thread-1] INFO metrics.RatisMetrics: Creating Metrics Registry : ratis.server.c805fa90-9d2c-4a90-99ba-d35b808befc8@group-1E6C76872111
datanode_1  | 2021-06-20 01:03:43,294 [pool-23-thread-1] INFO server.RaftServer$Division: c805fa90-9d2c-4a90-99ba-d35b808befc8@group-1E6C76872111: start as a follower, conf=-1: [c805fa90-9d2c-4a90-99ba-d35b808befc8|rpc:172.18.0.5:9856|admin:172.18.0.5:9857|client:172.18.0.5:9858|priority:0, 8b8280d9-b604-4ebc-a46d-397184c9f4bf|rpc:172.18.0.9:9856|admin:172.18.0.9:9857|client:172.18.0.9:9858|priority:1, b5bd830b-909d-4f92-825b-0fceb6858994|rpc:172.18.0.7:9856|admin:172.18.0.7:9857|client:172.18.0.7:9858|priority:0], old=null
recon_1     | 2021-06-20 01:03:32,709 [pool-17-thread-1] INFO impl.OzoneManagerServiceProviderImpl: Obtaining full snapshot from Ozone Manager
datanode_2  | 	at org.eclipse.jetty.util.component.ContainerLifeCycle.doStart(ContainerLifeCycle.java:117)
s3g_1       | 	at org.apache.hadoop.ozone.s3.OzoneClientProducer.getClient(OzoneClientProducer.java:132)
datanode_3  | 2021-06-20 01:03:44,721 [pool-23-thread-1] INFO segmented.SegmentedRaftLogWorker: b5bd830b-909d-4f92-825b-0fceb6858994@group-A06FDAD98013-SegmentedRaftLogWorker: flushIndex: setUnconditionally 0 -> -1
kdc_1       | Jun 20 01:11:41 kdc krb5kdc[7](info): TGS_REQ (6 etypes {aes256-cts-hmac-sha1-96(18), aes128-cts-hmac-sha1-96(17), aes256-cts-hmac-sha384-192(20), aes128-cts-hmac-sha256-128(19), DEPRECATED:des3-cbc-sha1(16), DEPRECATED:arcfour-hmac(23)}) 172.18.0.8: ISSUE: authtime 1624151365, etypes {rep=aes256-cts-hmac-sha1-96(18), tkt=aes256-cts-hmac-sha1-96(18), ses=aes256-cts-hmac-sha1-96(18)}, testuser/scm@EXAMPLE.COM for om/om@EXAMPLE.COM
om_1        | 2021-06-20 01:03:49,752 [pool-22-thread-1] INFO server.RaftServerConfigKeys: raft.server.log.appender.install.snapshot.enabled = false (custom)
datanode_1  | 2021-06-20 01:03:43,296 [pool-23-thread-1] INFO server.RaftServer$Division: c805fa90-9d2c-4a90-99ba-d35b808befc8@group-1E6C76872111: changes role from      null to FOLLOWER at term 0 for startAsFollower
scm_1       | Threshold                      0.1
recon_1     | 2021-06-20 01:03:34,900 [pool-17-thread-1] INFO retry.RetryInvocationHandler: com.google.protobuf.ServiceException: java.net.ConnectException: Call From recon/172.18.0.6 to om:9862 failed on connection exception: java.net.ConnectException: Connection refused; For more details see:  http://wiki.apache.org/hadoop/ConnectionRefused, while invoking $Proxy41.submitRequest over nodeId=null,nodeAddress=om:9862 after 1 failover attempts. Trying to failover after sleeping for 4000ms.
datanode_2  | 	at org.eclipse.jetty.server.handler.AbstractHandler.doStart(AbstractHandler.java:97)
s3g_1       | 	at org.apache.hadoop.ozone.s3.OzoneClientProducer.createClient(OzoneClientProducer.java:82)
datanode_3  | 2021-06-20 01:03:44,745 [pool-23-thread-1] INFO segmented.SegmentedRaftLogWorker: b5bd830b-909d-4f92-825b-0fceb6858994@group-A06FDAD98013-SegmentedRaftLogWorker: safeCacheEvictIndex: setUnconditionally 0 -> -1
kdc_1       | Jun 20 01:11:45 kdc krb5kdc[7](info): TGS_REQ (6 etypes {aes256-cts-hmac-sha1-96(18), aes128-cts-hmac-sha1-96(17), aes256-cts-hmac-sha384-192(20), aes128-cts-hmac-sha256-128(19), DEPRECATED:des3-cbc-sha1(16), DEPRECATED:arcfour-hmac(23)}) 172.18.0.8: ISSUE: authtime 1624151365, etypes {rep=aes256-cts-hmac-sha1-96(18), tkt=aes256-cts-hmac-sha1-96(18), ses=aes256-cts-hmac-sha1-96(18)}, testuser/scm@EXAMPLE.COM for om/om@EXAMPLE.COM
om_1        | 2021-06-20 01:03:49,773 [pool-22-thread-1] INFO server.RaftServer$Division: om1@group-C5BA1605619E: ConfigurationManager, init=-1: [om1|rpc:om:9872|priority:0], old=null, confs=<EMPTY_MAP>
datanode_1  | 2021-06-20 01:03:43,296 [pool-23-thread-1] INFO impl.RoleInfo: c805fa90-9d2c-4a90-99ba-d35b808befc8: start c805fa90-9d2c-4a90-99ba-d35b808befc8@group-1E6C76872111-FollowerState
scm_1       | Max Datanodes to Balance       5
recon_1     | 2021-06-20 01:03:37,410 [Socket Reader #1 for port 9891] INFO ipc.Server: Auth successful for dn/dn@EXAMPLE.COM (auth:KERBEROS) from 172.18.0.5:51126
datanode_2  | 	at org.eclipse.jetty.util.component.AbstractLifeCycle.start(AbstractLifeCycle.java:73)
s3g_1       | 	at java.base/jdk.internal.reflect.NativeMethodAccessorImpl.invoke0(Native Method)
datanode_3  | 2021-06-20 01:03:44,752 [pool-23-thread-1] INFO server.RaftServerConfigKeys: raft.server.snapshot.auto.trigger.enabled = true (custom)
kdc_1       | Jun 20 01:11:49 kdc krb5kdc[7](info): TGS_REQ (6 etypes {aes256-cts-hmac-sha1-96(18), aes128-cts-hmac-sha1-96(17), aes256-cts-hmac-sha384-192(20), aes128-cts-hmac-sha256-128(19), DEPRECATED:des3-cbc-sha1(16), DEPRECATED:arcfour-hmac(23)}) 172.18.0.8: ISSUE: authtime 1624151365, etypes {rep=aes256-cts-hmac-sha1-96(18), tkt=aes256-cts-hmac-sha1-96(18), ses=aes256-cts-hmac-sha1-96(18)}, testuser/scm@EXAMPLE.COM for om/om@EXAMPLE.COM
om_1        | 2021-06-20 01:03:49,778 [pool-22-thread-1] INFO server.RaftServerConfigKeys: raft.server.storage.dir = [/data/metadata/ratis] (custom)
datanode_1  | 2021-06-20 01:03:43,306 [pool-23-thread-1] INFO util.JmxRegister: Successfully registered JMX Bean with object name Ratis:service=RaftServer,group=group-1E6C76872111,id=c805fa90-9d2c-4a90-99ba-d35b808befc8
scm_1       | Max Size to Move               10737418240B
recon_1     | 2021-06-20 01:03:37,429 [Socket Reader #1 for port 9891] INFO authorize.ServiceAuthorizationManager: Authorization successful for dn/dn@EXAMPLE.COM (auth:KERBEROS) for protocol=interface org.apache.hadoop.ozone.protocol.ReconDatanodeProtocol
datanode_2  | 	at org.eclipse.jetty.util.component.ContainerLifeCycle.start(ContainerLifeCycle.java:169)
s3g_1       | 	at java.base/jdk.internal.reflect.NativeMethodAccessorImpl.invoke(NativeMethodAccessorImpl.java:62)
datanode_3  | 2021-06-20 01:03:44,768 [pool-23-thread-1] INFO server.RaftServerConfigKeys: raft.server.snapshot.auto.trigger.threshold = 10000 (custom)
kdc_1       | Jun 20 01:11:53 kdc krb5kdc[7](info): TGS_REQ (6 etypes {aes256-cts-hmac-sha1-96(18), aes128-cts-hmac-sha1-96(17), aes256-cts-hmac-sha384-192(20), aes128-cts-hmac-sha256-128(19), DEPRECATED:des3-cbc-sha1(16), DEPRECATED:arcfour-hmac(23)}) 172.18.0.8: ISSUE: authtime 1624151365, etypes {rep=aes256-cts-hmac-sha1-96(18), tkt=aes256-cts-hmac-sha1-96(18), ses=aes256-cts-hmac-sha1-96(18)}, testuser/scm@EXAMPLE.COM for om/om@EXAMPLE.COM
om_1        | 2021-06-20 01:03:49,787 [main] INFO ipc.CallQueueManager: Using callQueue: class java.util.concurrent.LinkedBlockingQueue, queueCapacity: 10000, scheduler: class org.apache.hadoop.ipc.DefaultRpcScheduler, ipcBackoff: false.
datanode_1  | 2021-06-20 01:03:43,306 [pool-23-thread-1] INFO metrics.RatisMetrics: Creating Metrics Registry : ratis.state_machine.c805fa90-9d2c-4a90-99ba-d35b808befc8@group-1E6C76872111
datanode_1  | 2021-06-20 01:03:43,311 [Command processor thread] INFO ratis.XceiverServerRatis: Created group PipelineID=d4b93c80-ab5d-4a0d-ac36-1e6c76872111
recon_1     | 2021-06-20 01:03:38,411 [Socket Reader #1 for port 9891] INFO ipc.Server: Auth successful for dn/dn@EXAMPLE.COM (auth:KERBEROS) from 172.18.0.9:34120
recon_1     | 2021-06-20 01:03:38,429 [Socket Reader #1 for port 9891] INFO authorize.ServiceAuthorizationManager: Authorization successful for dn/dn@EXAMPLE.COM (auth:KERBEROS) for protocol=interface org.apache.hadoop.ozone.protocol.ReconDatanodeProtocol
recon_1     | 2021-06-20 01:03:38,857 [Socket Reader #1 for port 9891] INFO ipc.Server: Auth successful for dn/dn@EXAMPLE.COM (auth:KERBEROS) from 172.18.0.7:44008
datanode_3  | 2021-06-20 01:03:44,773 [pool-23-thread-1] INFO server.RaftServerConfigKeys: raft.server.snapshot.retention.file.num = 5 (custom)
kdc_1       | Jun 20 01:11:57 kdc krb5kdc[7](info): TGS_REQ (6 etypes {aes256-cts-hmac-sha1-96(18), aes128-cts-hmac-sha1-96(17), aes256-cts-hmac-sha384-192(20), aes128-cts-hmac-sha256-128(19), DEPRECATED:des3-cbc-sha1(16), DEPRECATED:arcfour-hmac(23)}) 172.18.0.8: ISSUE: authtime 1624151365, etypes {rep=aes256-cts-hmac-sha1-96(18), tkt=aes256-cts-hmac-sha1-96(18), ses=aes256-cts-hmac-sha1-96(18)}, testuser/scm@EXAMPLE.COM for om/om@EXAMPLE.COM
datanode_1  | 2021-06-20 01:03:43,508 [Command processor thread] INFO metrics.RatisMetrics: Creating Metrics Registry : ratis.client_message_metrics.client-90274FA3083E->b5bd830b-909d-4f92-825b-0fceb6858994
scm_1       | 
om_1        | 2021-06-20 01:03:49,816 [pool-22-thread-1] INFO server.RaftServerConfigKeys: raft.server.log.corruption.policy = EXCEPTION (default)
datanode_2  | 	at org.eclipse.jetty.util.component.ContainerLifeCycle.doStart(ContainerLifeCycle.java:117)
s3g_1       | 	at java.base/jdk.internal.reflect.DelegatingMethodAccessorImpl.invoke(DelegatingMethodAccessorImpl.java:43)
recon_1     | 2021-06-20 01:03:38,900 [Socket Reader #1 for port 9891] INFO authorize.ServiceAuthorizationManager: Authorization successful for dn/dn@EXAMPLE.COM (auth:KERBEROS) for protocol=interface org.apache.hadoop.ozone.protocol.ReconDatanodeProtocol
datanode_3  | 2021-06-20 01:03:44,783 [pool-23-thread-1] INFO server.RaftServerConfigKeys: raft.server.log.purge.upto.snapshot.index = false (default)
datanode_3  | 2021-06-20 01:03:44,786 [pool-23-thread-1] INFO server.RaftServerConfigKeys: raft.server.retrycache.expirytime = 600000ms (custom)
datanode_3  | 2021-06-20 01:03:44,787 [pool-23-thread-1] INFO server.RaftServerConfigKeys: raft.server.retrycache.statistics.expirytime = 100?s (default)
scm_1       | 2021-06-20 01:03:14,634 [Listener at 0.0.0.0/9860] WARN events.EventQueue: No event handler registered for event TypedEvent{payloadType=SafeModeStatus, name='Safe mode status'}
om_1        | 2021-06-20 01:03:49,828 [pool-22-thread-1] INFO storage.RaftStorageDirectory: The storage directory /data/metadata/ratis/bf265839-605b-3f16-9796-c5ba1605619e does not exist. Creating ...
datanode_2  | 	at org.eclipse.jetty.server.handler.AbstractHandler.doStart(AbstractHandler.java:97)
datanode_2  | 	at org.eclipse.jetty.util.component.AbstractLifeCycle.start(AbstractLifeCycle.java:73)
datanode_2  | 	at org.eclipse.jetty.util.component.ContainerLifeCycle.start(ContainerLifeCycle.java:169)
datanode_2  | 	at org.eclipse.jetty.server.Server.start(Server.java:423)
datanode_2  | 	at org.eclipse.jetty.util.component.ContainerLifeCycle.doStart(ContainerLifeCycle.java:110)
datanode_1  | 2021-06-20 01:03:46,552 [Command processor thread] WARN commandhandler.CreatePipelineCommandHandler: Add group failed for b5bd830b-909d-4f92-825b-0fceb6858994{ip: 172.18.0.7, host: ozonesecure_datanode_3.ozonesecure_default, ports: [REPLICATION=9886, RATIS=9858, RATIS_ADMIN=9857, RATIS_SERVER=9856, STANDALONE=9859], networkLocation: /default-rack, certSerialId: null, persistedOpState: IN_SERVICE, persistedOpStateExpiryEpochSec: 0}
scm_1       | 2021-06-20 01:03:14,634 [Listener at 0.0.0.0/9860] INFO ha.SCMContext: Update SafeModeStatus from SafeModeStatus{safeModeStatus=true, preCheckPassed=false} to SafeModeStatus{safeModeStatus=true, preCheckPassed=false}.
om_1        | 2021-06-20 01:03:49,883 [Socket Reader #1 for port 9862] INFO ipc.Server: Starting Socket Reader #1 for port 9862
s3g_1       | 	at java.base/java.lang.reflect.Method.invoke(Method.java:566)
datanode_2  | 	at org.eclipse.jetty.server.handler.AbstractHandler.doStart(AbstractHandler.java:97)
kdc_1       | Jun 20 01:12:01 kdc krb5kdc[7](info): TGS_REQ (6 etypes {aes256-cts-hmac-sha1-96(18), aes128-cts-hmac-sha1-96(17), aes256-cts-hmac-sha384-192(20), aes128-cts-hmac-sha256-128(19), DEPRECATED:des3-cbc-sha1(16), DEPRECATED:arcfour-hmac(23)}) 172.18.0.8: ISSUE: authtime 1624151365, etypes {rep=aes256-cts-hmac-sha1-96(18), tkt=aes256-cts-hmac-sha1-96(18), ses=aes256-cts-hmac-sha1-96(18)}, testuser/scm@EXAMPLE.COM for om/om@EXAMPLE.COM
recon_1     | 2021-06-20 01:03:38,904 [pool-17-thread-1] INFO retry.RetryInvocationHandler: com.google.protobuf.ServiceException: java.net.ConnectException: Call From recon/172.18.0.6 to om:9862 failed on connection exception: java.net.ConnectException: Connection refused; For more details see:  http://wiki.apache.org/hadoop/ConnectionRefused, while invoking $Proxy41.submitRequest over nodeId=null,nodeAddress=om:9862 after 2 failover attempts. Trying to failover after sleeping for 6000ms.
datanode_3  | 2021-06-20 01:03:44,910 [pool-23-thread-1] INFO metrics.RatisMetrics: Creating Metrics Registry : ratis.leader_election.b5bd830b-909d-4f92-825b-0fceb6858994@group-A06FDAD98013
datanode_1  | java.io.IOException: org.apache.ratis.thirdparty.io.grpc.StatusRuntimeException: UNAVAILABLE: Network closed for unknown reason
scm_1       | 2021-06-20 01:03:14,637 [Listener at 0.0.0.0/9860] INFO server.StorageContainerManager: StorageContainerLocationProtocol RPC server is listening at /0.0.0.0:9860
om_1        | 2021-06-20 01:03:49,944 [pool-22-thread-1] INFO storage.RaftStorageDirectory: Lock on /data/metadata/ratis/bf265839-605b-3f16-9796-c5ba1605619e/in_use.lock acquired by nodename 7@om
s3g_1       | 	at org.jboss.weld.injection.StaticMethodInjectionPoint.invoke(StaticMethodInjectionPoint.java:88)
datanode_2  | 	at org.eclipse.jetty.server.Server.doStart(Server.java:387)
kdc_1       | Jun 20 01:12:05 kdc krb5kdc[7](info): TGS_REQ (6 etypes {aes256-cts-hmac-sha1-96(18), aes128-cts-hmac-sha1-96(17), aes256-cts-hmac-sha384-192(20), aes128-cts-hmac-sha256-128(19), DEPRECATED:des3-cbc-sha1(16), DEPRECATED:arcfour-hmac(23)}) 172.18.0.8: ISSUE: authtime 1624151365, etypes {rep=aes256-cts-hmac-sha1-96(18), tkt=aes256-cts-hmac-sha1-96(18), ses=aes256-cts-hmac-sha1-96(18)}, testuser/scm@EXAMPLE.COM for om/om@EXAMPLE.COM
recon_1     | 2021-06-20 01:03:39,461 [IPC Server handler 99 on default port 9891] INFO net.NetworkTopologyImpl: Added a new node: /default-rack/c805fa90-9d2c-4a90-99ba-d35b808befc8
datanode_3  | 2021-06-20 01:03:44,923 [pool-23-thread-1] INFO metrics.RatisMetrics: Creating Metrics Registry : ratis.server.b5bd830b-909d-4f92-825b-0fceb6858994@group-A06FDAD98013
datanode_1  | 	at org.apache.ratis.grpc.GrpcUtil.unwrapException(GrpcUtil.java:92)
scm_1       | 2021-06-20 01:03:14,643 [Listener at 0.0.0.0/9860] INFO server.StorageContainerManager: Starting token manager
om_1        | 2021-06-20 01:03:50,064 [pool-22-thread-1] INFO storage.RaftStorage: Storage directory /data/metadata/ratis/bf265839-605b-3f16-9796-c5ba1605619e has been successfully formatted.
s3g_1       | 	at org.jboss.weld.injection.StaticMethodInjectionPoint.invoke(StaticMethodInjectionPoint.java:78)
datanode_2  | 	at org.eclipse.jetty.util.component.AbstractLifeCycle.start(AbstractLifeCycle.java:73)
kdc_1       | Jun 20 01:12:09 kdc krb5kdc[7](info): TGS_REQ (6 etypes {aes256-cts-hmac-sha1-96(18), aes128-cts-hmac-sha1-96(17), aes256-cts-hmac-sha384-192(20), aes128-cts-hmac-sha256-128(19), DEPRECATED:des3-cbc-sha1(16), DEPRECATED:arcfour-hmac(23)}) 172.18.0.8: ISSUE: authtime 1624151365, etypes {rep=aes256-cts-hmac-sha1-96(18), tkt=aes256-cts-hmac-sha1-96(18), ses=aes256-cts-hmac-sha1-96(18)}, testuser/scm@EXAMPLE.COM for om/om@EXAMPLE.COM
recon_1     | 2021-06-20 01:03:39,477 [IPC Server handler 99 on default port 9891] INFO node.SCMNodeManager: Registered Data node : c805fa90-9d2c-4a90-99ba-d35b808befc8{ip: 172.18.0.5, host: ozonesecure_datanode_1.ozonesecure_default, ports: [REPLICATION=9886, RATIS=9858, RATIS_ADMIN=9857, RATIS_SERVER=9856, STANDALONE=9859], networkLocation: /default-rack, certSerialId: 236258613077, persistedOpState: null, persistedOpStateExpiryEpochSec: 0}
datanode_3  | 2021-06-20 01:03:44,964 [pool-23-thread-1] INFO server.RaftServer$Division: b5bd830b-909d-4f92-825b-0fceb6858994@group-A06FDAD98013: start as a follower, conf=-1: [b5bd830b-909d-4f92-825b-0fceb6858994|rpc:172.18.0.7:9856|admin:172.18.0.7:9857|client:172.18.0.7:9858|priority:1], old=null
datanode_1  | 	at org.apache.ratis.grpc.client.GrpcClientProtocolClient.blockingCall(GrpcClientProtocolClient.java:217)
scm_1       | 2021-06-20 01:03:14,643 [Listener at 0.0.0.0/9860] INFO token.ContainerTokenSecretManager: Updating the current master key for generating tokens
om_1        | 2021-06-20 01:03:50,072 [pool-22-thread-1] INFO server.RaftServerConfigKeys: raft.server.notification.no-leader.timeout = 120s (custom)
s3g_1       | 	at org.jboss.weld.injection.producer.ProducerMethodProducer.produce(ProducerMethodProducer.java:100)
datanode_2  | 	at org.apache.hadoop.hdds.server.http.HttpServer2.start(HttpServer2.java:1187)
kdc_1       | Jun 20 01:12:14 kdc krb5kdc[7](info): TGS_REQ (6 etypes {aes256-cts-hmac-sha1-96(18), aes128-cts-hmac-sha1-96(17), aes256-cts-hmac-sha384-192(20), aes128-cts-hmac-sha256-128(19), DEPRECATED:des3-cbc-sha1(16), DEPRECATED:arcfour-hmac(23)}) 172.18.0.8: ISSUE: authtime 1624151365, etypes {rep=aes256-cts-hmac-sha1-96(18), tkt=aes256-cts-hmac-sha1-96(18), ses=aes256-cts-hmac-sha1-96(18)}, testuser/scm@EXAMPLE.COM for om/om@EXAMPLE.COM
recon_1     | 2021-06-20 01:03:39,675 [EventQueue-NewNodeForReconNewNodeHandler] INFO scm.ReconNodeManager: Adding new node c805fa90-9d2c-4a90-99ba-d35b808befc8 to Node DB.
datanode_3  | 2021-06-20 01:03:44,965 [pool-23-thread-1] INFO server.RaftServer$Division: b5bd830b-909d-4f92-825b-0fceb6858994@group-A06FDAD98013: changes role from      null to FOLLOWER at term 0 for startAsFollower
datanode_1  | 	at org.apache.ratis.grpc.client.GrpcClientProtocolClient.groupAdd(GrpcClientProtocolClient.java:178)
scm_1       | 2021-06-20 01:03:14,833 [Listener at 0.0.0.0/9860] INFO impl.MetricsConfig: Loaded properties from hadoop-metrics2.properties
om_1        | 2021-06-20 01:03:50,107 [pool-22-thread-1] INFO server.RaftServerConfigKeys: raft.server.log.use.memory = false (default)
s3g_1       | 	at org.jboss.weld.injection.producer.AbstractMemberProducer.produce(AbstractMemberProducer.java:161)
datanode_2  | 	... 16 more
kdc_1       | Jun 20 01:12:18 kdc krb5kdc[7](info): TGS_REQ (6 etypes {aes256-cts-hmac-sha1-96(18), aes128-cts-hmac-sha1-96(17), aes256-cts-hmac-sha384-192(20), aes128-cts-hmac-sha256-128(19), DEPRECATED:des3-cbc-sha1(16), DEPRECATED:arcfour-hmac(23)}) 172.18.0.8: ISSUE: authtime 1624151365, etypes {rep=aes256-cts-hmac-sha1-96(18), tkt=aes256-cts-hmac-sha1-96(18), ses=aes256-cts-hmac-sha1-96(18)}, testuser/scm@EXAMPLE.COM for om/om@EXAMPLE.COM
recon_1     | 2021-06-20 01:03:40,433 [IPC Server handler 99 on default port 9891] INFO net.NetworkTopologyImpl: Added a new node: /default-rack/8b8280d9-b604-4ebc-a46d-397184c9f4bf
datanode_3  | 2021-06-20 01:03:44,966 [pool-23-thread-1] INFO impl.RoleInfo: b5bd830b-909d-4f92-825b-0fceb6858994: start b5bd830b-909d-4f92-825b-0fceb6858994@group-A06FDAD98013-FollowerState
datanode_1  | 	at org.apache.ratis.grpc.client.GrpcClientRpc.sendRequest(GrpcClientRpc.java:96)
scm_1       | 2021-06-20 01:03:14,846 [Listener at 0.0.0.0/9860] INFO impl.MetricsSystemImpl: Scheduled Metric snapshot period at 10 second(s).
om_1        | 2021-06-20 01:03:50,162 [pool-22-thread-1] INFO server.RaftServerConfigKeys: raft.server.log.purge.gap = 1000000 (custom)
s3g_1       | 	at org.jboss.weld.bean.AbstractProducerBean.create(AbstractProducerBean.java:180)
datanode_2  | Caused by: javax.servlet.ServletException: Keytab does not exist: /etc/security/keytabs/datanode.keytab
kdc_1       | Jun 20 01:12:21 kdc krb5kdc[7](info): TGS_REQ (6 etypes {aes256-cts-hmac-sha1-96(18), aes128-cts-hmac-sha1-96(17), aes256-cts-hmac-sha384-192(20), aes128-cts-hmac-sha256-128(19), DEPRECATED:des3-cbc-sha1(16), DEPRECATED:arcfour-hmac(23)}) 172.18.0.8: ISSUE: authtime 1624151365, etypes {rep=aes256-cts-hmac-sha1-96(18), tkt=aes256-cts-hmac-sha1-96(18), ses=aes256-cts-hmac-sha1-96(18)}, testuser/scm@EXAMPLE.COM for om/om@EXAMPLE.COM
recon_1     | 2021-06-20 01:03:40,434 [IPC Server handler 99 on default port 9891] INFO node.SCMNodeManager: Registered Data node : 8b8280d9-b604-4ebc-a46d-397184c9f4bf{ip: 172.18.0.9, host: ozonesecure_datanode_2.ozonesecure_default, ports: [REPLICATION=9886, RATIS=9858, RATIS_ADMIN=9857, RATIS_SERVER=9856, STANDALONE=9859], networkLocation: /default-rack, certSerialId: 236612548398, persistedOpState: null, persistedOpStateExpiryEpochSec: 0}
datanode_3  | 2021-06-20 01:03:45,006 [pool-23-thread-1] INFO util.JmxRegister: Successfully registered JMX Bean with object name Ratis:service=RaftServer,group=group-A06FDAD98013,id=b5bd830b-909d-4f92-825b-0fceb6858994
datanode_3  | 2021-06-20 01:03:45,007 [pool-23-thread-1] INFO metrics.RatisMetrics: Creating Metrics Registry : ratis.state_machine.b5bd830b-909d-4f92-825b-0fceb6858994@group-A06FDAD98013
scm_1       | 2021-06-20 01:03:14,846 [Listener at 0.0.0.0/9860] INFO impl.MetricsSystemImpl: StorageContainerManager metrics system started
om_1        | 2021-06-20 01:03:50,174 [pool-22-thread-1] INFO server.RaftServerConfigKeys: raft.server.log.appender.buffer.byte-limit = 33554432 (custom)
s3g_1       | 	at org.jboss.weld.context.unbound.DependentContextImpl.get(DependentContextImpl.java:70)
datanode_2  | 	at org.apache.hadoop.security.authentication.server.KerberosAuthenticationHandler.init(KerberosAuthenticationHandler.java:145)
kdc_1       | Jun 20 01:12:25 kdc krb5kdc[7](info): TGS_REQ (6 etypes {aes256-cts-hmac-sha1-96(18), aes128-cts-hmac-sha1-96(17), aes256-cts-hmac-sha384-192(20), aes128-cts-hmac-sha256-128(19), DEPRECATED:des3-cbc-sha1(16), DEPRECATED:arcfour-hmac(23)}) 172.18.0.8: ISSUE: authtime 1624151365, etypes {rep=aes256-cts-hmac-sha1-96(18), tkt=aes256-cts-hmac-sha1-96(18), ses=aes256-cts-hmac-sha1-96(18)}, testuser/scm@EXAMPLE.COM for om/om@EXAMPLE.COM
recon_1     | 2021-06-20 01:03:40,435 [EventQueue-NewNodeForReconNewNodeHandler] INFO scm.ReconNodeManager: Adding new node 8b8280d9-b604-4ebc-a46d-397184c9f4bf to Node DB.
datanode_3  | 2021-06-20 01:03:45,079 [Command processor thread] INFO ratis.XceiverServerRatis: Created group PipelineID=2963a57d-82a5-440f-b69a-a06fdad98013
datanode_1  | 	at org.apache.ratis.client.impl.BlockingImpl.sendRequest(BlockingImpl.java:130)
scm_1       | 2021-06-20 01:03:15,086 [Listener at 0.0.0.0/9860] INFO server.SCMClientProtocolServer: RPC server for Client  is listening at /0.0.0.0:9860
om_1        | 2021-06-20 01:03:50,183 [pool-22-thread-1] INFO metrics.RatisMetrics: Creating Metrics Registry : ratis.log_worker.om1@group-C5BA1605619E
s3g_1       | 	at org.jboss.weld.bean.ContextualInstanceStrategy$DefaultContextualInstanceStrategy.get(ContextualInstanceStrategy.java:100)
datanode_2  | 	... 43 more
kdc_1       | Jun 20 01:12:29 kdc krb5kdc[7](info): TGS_REQ (6 etypes {aes256-cts-hmac-sha1-96(18), aes128-cts-hmac-sha1-96(17), aes256-cts-hmac-sha384-192(20), aes128-cts-hmac-sha256-128(19), DEPRECATED:des3-cbc-sha1(16), DEPRECATED:arcfour-hmac(23)}) 172.18.0.8: ISSUE: authtime 1624151365, etypes {rep=aes256-cts-hmac-sha1-96(18), tkt=aes256-cts-hmac-sha1-96(18), ses=aes256-cts-hmac-sha1-96(18)}, testuser/scm@EXAMPLE.COM for om/om@EXAMPLE.COM
recon_1     | 2021-06-20 01:03:40,710 [IPC Server handler 2 on default port 9891] INFO net.NetworkTopologyImpl: Added a new node: /default-rack/b5bd830b-909d-4f92-825b-0fceb6858994
datanode_3  | 2021-06-20 01:03:45,082 [Command processor thread] INFO commandhandler.CreatePipelineCommandHandler: Created Pipeline RATIS ONE PipelineID=2963a57d-82a5-440f-b69a-a06fdad98013.
datanode_1  | 	at org.apache.ratis.client.impl.GroupManagementImpl.add(GroupManagementImpl.java:51)
scm_1       | 2021-06-20 01:03:15,089 [IPC Server Responder] INFO ipc.Server: IPC Server Responder: starting
om_1        | 2021-06-20 01:03:50,253 [pool-22-thread-1] INFO server.RaftServerConfigKeys: raft.server.log.segment.size.max = 4194304 (custom)
s3g_1       | 	at org.jboss.weld.bean.ContextualInstance.get(ContextualInstance.java:50)
s3g_1       | 	at org.jboss.weld.manager.BeanManagerImpl.getReference(BeanManagerImpl.java:785)
kdc_1       | Jun 20 01:12:33 kdc krb5kdc[7](info): TGS_REQ (6 etypes {aes256-cts-hmac-sha1-96(18), aes128-cts-hmac-sha1-96(17), aes256-cts-hmac-sha384-192(20), aes128-cts-hmac-sha256-128(19), DEPRECATED:des3-cbc-sha1(16), DEPRECATED:arcfour-hmac(23)}) 172.18.0.8: ISSUE: authtime 1624151365, etypes {rep=aes256-cts-hmac-sha1-96(18), tkt=aes256-cts-hmac-sha1-96(18), ses=aes256-cts-hmac-sha1-96(18)}, testuser/scm@EXAMPLE.COM for om/om@EXAMPLE.COM
recon_1     | 2021-06-20 01:03:40,711 [IPC Server handler 2 on default port 9891] INFO node.SCMNodeManager: Registered Data node : b5bd830b-909d-4f92-825b-0fceb6858994{ip: 172.18.0.7, host: ozonesecure_datanode_3.ozonesecure_default, ports: [REPLICATION=9886, RATIS=9858, RATIS_ADMIN=9857, RATIS_SERVER=9856, STANDALONE=9859], networkLocation: /default-rack, certSerialId: 236079073470, persistedOpState: null, persistedOpStateExpiryEpochSec: 0}
datanode_3  | 2021-06-20 01:03:45,088 [Command processor thread] INFO server.RaftServer: b5bd830b-909d-4f92-825b-0fceb6858994: addNew group-1E6C76872111:[c805fa90-9d2c-4a90-99ba-d35b808befc8|rpc:172.18.0.5:9856|admin:172.18.0.5:9857|client:172.18.0.5:9858|priority:0, 8b8280d9-b604-4ebc-a46d-397184c9f4bf|rpc:172.18.0.9:9856|admin:172.18.0.9:9857|client:172.18.0.9:9858|priority:1, b5bd830b-909d-4f92-825b-0fceb6858994|rpc:172.18.0.7:9856|admin:172.18.0.7:9857|client:172.18.0.7:9858|priority:0] returns group-1E6C76872111:java.util.concurrent.CompletableFuture@1b9b8b68[Not completed]
scm_1       | 2021-06-20 01:03:15,145 [IPC Server listener on 9860] INFO ipc.Server: IPC Server listener on 9860: starting
datanode_1  | 	at org.apache.hadoop.ozone.container.common.statemachine.commandhandler.CreatePipelineCommandHandler.lambda$handle$1(CreatePipelineCommandHandler.java:99)
om_1        | 2021-06-20 01:03:50,312 [pool-22-thread-1] INFO server.RaftServerConfigKeys: raft.server.log.segment.cache.num.max = 2 (custom)
s3g_1       | 	at org.jboss.weld.manager.BeanManagerImpl.getInjectableReference(BeanManagerImpl.java:885)
datanode_2  | 2021-06-20 01:03:36,228 [org.apache.hadoop.util.JvmPauseMonitor$Monitor@dc44baf] INFO util.JvmPauseMonitor: Starting JVM pause monitor
recon_1     | 2021-06-20 01:03:40,715 [EventQueue-NewNodeForReconNewNodeHandler] INFO scm.ReconNodeManager: Adding new node b5bd830b-909d-4f92-825b-0fceb6858994 to Node DB.
kdc_1       | Jun 20 01:12:36 kdc krb5kdc[7](info): TGS_REQ (6 etypes {aes256-cts-hmac-sha1-96(18), aes128-cts-hmac-sha1-96(17), aes256-cts-hmac-sha384-192(20), aes128-cts-hmac-sha256-128(19), DEPRECATED:des3-cbc-sha1(16), DEPRECATED:arcfour-hmac(23)}) 172.18.0.8: ISSUE: authtime 1624151365, etypes {rep=aes256-cts-hmac-sha1-96(18), tkt=aes256-cts-hmac-sha1-96(18), ses=aes256-cts-hmac-sha1-96(18)}, testuser/scm@EXAMPLE.COM for om/om@EXAMPLE.COM
datanode_3  | 2021-06-20 01:03:45,117 [pool-23-thread-1] INFO server.RaftServer$Division: b5bd830b-909d-4f92-825b-0fceb6858994: new RaftServerImpl for group-1E6C76872111:[c805fa90-9d2c-4a90-99ba-d35b808befc8|rpc:172.18.0.5:9856|admin:172.18.0.5:9857|client:172.18.0.5:9858|priority:0, 8b8280d9-b604-4ebc-a46d-397184c9f4bf|rpc:172.18.0.9:9856|admin:172.18.0.9:9857|client:172.18.0.9:9858|priority:1, b5bd830b-909d-4f92-825b-0fceb6858994|rpc:172.18.0.7:9856|admin:172.18.0.7:9857|client:172.18.0.7:9858|priority:0] with ContainerStateMachine:uninitialized
scm_1       | 2021-06-20 01:03:15,164 [Listener at 0.0.0.0/9860] INFO server.StorageContainerManager: ScmBlockLocationProtocol RPC server is listening at /0.0.0.0:9863
datanode_1  | 	at java.base/java.util.stream.ForEachOps$ForEachOp$OfRef.accept(ForEachOps.java:183)
om_1        | 2021-06-20 01:03:50,315 [pool-22-thread-1] INFO server.RaftServerConfigKeys: raft.server.log.segment.cache.size.max = 200MB (=209715200) (default)
s3g_1       | 	at org.jboss.weld.injection.FieldInjectionPoint.inject(FieldInjectionPoint.java:92)
datanode_2  | 2021-06-20 01:03:36,333 [Datanode State Machine Task Thread - 0] INFO statemachine.SCMConnectionManager: Adding Recon Server : recon/172.18.0.6:9891
recon_1     | 2021-06-20 01:03:42,596 [EventQueue-PipelineReportForReconPipelineReportHandler] INFO scm.ReconPipelineReportHandler: Unknown pipeline PipelineID=03845148-c62e-460f-b261-2e4d044757e4. Trying to get from SCM.
kdc_1       | Jun 20 01:12:40 kdc krb5kdc[7](info): TGS_REQ (6 etypes {aes256-cts-hmac-sha1-96(18), aes128-cts-hmac-sha1-96(17), aes256-cts-hmac-sha384-192(20), aes128-cts-hmac-sha256-128(19), DEPRECATED:des3-cbc-sha1(16), DEPRECATED:arcfour-hmac(23)}) 172.18.0.8: ISSUE: authtime 1624151365, etypes {rep=aes256-cts-hmac-sha1-96(18), tkt=aes256-cts-hmac-sha1-96(18), ses=aes256-cts-hmac-sha1-96(18)}, testuser/scm@EXAMPLE.COM for om/om@EXAMPLE.COM
datanode_3  | 2021-06-20 01:03:45,118 [pool-23-thread-1] INFO server.RaftServerConfigKeys: raft.server.rpc.timeout.min = 5s (custom)
scm_1       | 2021-06-20 01:03:15,170 [Listener at 0.0.0.0/9860] INFO server.SCMBlockProtocolServer: RPC server for Block Protocol is listening at /0.0.0.0:9863
datanode_1  | 	at java.base/java.util.stream.ReferencePipeline$2$1.accept(ReferencePipeline.java:177)
om_1        | 2021-06-20 01:03:50,346 [pool-22-thread-1] INFO segmented.SegmentedRaftLogWorker: new om1@group-C5BA1605619E-SegmentedRaftLogWorker for RaftStorageImpl:Storage Directory /data/metadata/ratis/bf265839-605b-3f16-9796-c5ba1605619e
