scm_1       | 2021-06-20 01:03:24,340 [Socket Reader #1 for port 9961] INFO ipc.Server: Auth successful for om/om@EXAMPLE.COM (auth:KERBEROS) from 172.18.0.4:40611
recon_1     | 2021-06-20 01:04:06,233 [pool-18-thread-1] INFO tasks.ContainerKeyMapperTask: It took me 0.303 seconds to process 0 keys.
datanode_2  | 2021-06-20 01:03:44,724 [pool-23-thread-1] INFO metrics.RatisMetrics: Creating Metrics Registry : ratis.state_machine.8b8280d9-b604-4ebc-a46d-397184c9f4bf@group-56197AC7B774
s3g_1       | 	at org.apache.hadoop.hdds.server.http.NoCacheFilter.doFilter(NoCacheFilter.java:48)
datanode_3  | 	at org.apache.ratis.client.impl.GroupManagementImpl.add(GroupManagementImpl.java:51)
om_1        | 2021-06-20 01:03:52,232 [Listener at om/9862] INFO server.session: node0 Scavenging every 600000ms
kdc_1       | Jun 20 01:16:48 kdc krb5kdc[7](info): TGS_REQ (6 etypes {aes256-cts-hmac-sha1-96(18), aes128-cts-hmac-sha1-96(17), aes256-cts-hmac-sha384-192(20), aes128-cts-hmac-sha256-128(19), DEPRECATED:des3-cbc-sha1(16), DEPRECATED:arcfour-hmac(23)}) 172.18.0.8: ISSUE: authtime 1624151789, etypes {rep=aes256-cts-hmac-sha1-96(18), tkt=aes256-cts-hmac-sha1-96(18), ses=aes256-cts-hmac-sha1-96(18)}, testuser/scm@EXAMPLE.COM for om/om@EXAMPLE.COM
datanode_1  | 2021-06-20 01:03:48,178 [c805fa90-9d2c-4a90-99ba-d35b808befc8@group-2E4D044757E4-LeaderElection1] INFO ratis.XceiverServerRatis: Leader change notification received for group: group-2E4D044757E4 with new leaderId: c805fa90-9d2c-4a90-99ba-d35b808befc8
scm_1       | 2021-06-20 01:03:24,370 [Socket Reader #1 for port 9961] INFO authorize.ServiceAuthorizationManager: Authorization successful for om/om@EXAMPLE.COM (auth:KERBEROS) for protocol=interface org.apache.hadoop.hdds.protocol.SCMSecurityProtocol
recon_1     | 2021-06-20 01:04:06,268 [pool-18-thread-1] INFO tasks.FileSizeCountTask: Deleted 0 records from "FILE_COUNT_BY_SIZE"
datanode_2  | 2021-06-20 01:03:44,778 [Command processor thread] INFO ratis.XceiverServerRatis: Created group PipelineID=0197919f-cc75-4bda-acb0-56197ac7b774
s3g_1       | 	at org.eclipse.jetty.servlet.FilterHolder.doFilter(FilterHolder.java:193)
om_1        | 2021-06-20 01:03:52,335 [Listener at om/9862] INFO server.KerberosAuthenticationHandler: Using keytab /etc/security/keytabs/om.keytab, for principal HTTP/om@EXAMPLE.COM
datanode_3  | 	at org.apache.hadoop.ozone.container.common.statemachine.commandhandler.CreatePipelineCommandHandler.lambda$handle$1(CreatePipelineCommandHandler.java:99)
kdc_1       | Jun 20 01:16:52 kdc krb5kdc[7](info): TGS_REQ (6 etypes {aes256-cts-hmac-sha1-96(18), aes128-cts-hmac-sha1-96(17), aes256-cts-hmac-sha384-192(20), aes128-cts-hmac-sha256-128(19), DEPRECATED:des3-cbc-sha1(16), DEPRECATED:arcfour-hmac(23)}) 172.18.0.8: ISSUE: authtime 1624151789, etypes {rep=aes256-cts-hmac-sha1-96(18), tkt=aes256-cts-hmac-sha1-96(18), ses=aes256-cts-hmac-sha1-96(18)}, testuser/scm@EXAMPLE.COM for om/om@EXAMPLE.COM
datanode_1  | 2021-06-20 01:03:48,181 [c805fa90-9d2c-4a90-99ba-d35b808befc8@group-2E4D044757E4-LeaderElection1] INFO server.RaftServer$Division: c805fa90-9d2c-4a90-99ba-d35b808befc8@group-2E4D044757E4: change Leader from null to c805fa90-9d2c-4a90-99ba-d35b808befc8 at term 1 for becomeLeader, leader elected after 5711ms
scm_1       | 2021-06-20 01:03:24,387 [IPC Server handler 1 on default port 9961] INFO server.SCMSecurityProtocolServer: Processing CSR for om om, UUID: 363dac61-0ed8-447a-b613-f2721c982f89
recon_1     | 2021-06-20 01:04:06,269 [pool-18-thread-1] INFO tasks.FileSizeCountTask: Completed a 'reprocess' run of FileSizeCountTask.
datanode_2  | 2021-06-20 01:03:44,791 [Command processor thread] INFO commandhandler.CreatePipelineCommandHandler: Created Pipeline RATIS ONE PipelineID=0197919f-cc75-4bda-acb0-56197ac7b774.
s3g_1       | 	at org.eclipse.jetty.servlet.ServletHandler$Chain.doFilter(ServletHandler.java:1601)
om_1        | 2021-06-20 01:03:52,339 [Listener at om/9862] INFO handler.ContextHandler: Started o.e.j.s.ServletContextHandler@14b3976{logs,/logs,file:///var/log/hadoop/,AVAILABLE}
datanode_3  | 	at java.base/java.util.stream.ForEachOps$ForEachOp$OfRef.accept(ForEachOps.java:183)
kdc_1       | Jun 20 01:16:56 kdc krb5kdc[7](info): TGS_REQ (6 etypes {aes256-cts-hmac-sha1-96(18), aes128-cts-hmac-sha1-96(17), aes256-cts-hmac-sha384-192(20), aes128-cts-hmac-sha256-128(19), DEPRECATED:des3-cbc-sha1(16), DEPRECATED:arcfour-hmac(23)}) 172.18.0.8: ISSUE: authtime 1624151789, etypes {rep=aes256-cts-hmac-sha1-96(18), tkt=aes256-cts-hmac-sha1-96(18), ses=aes256-cts-hmac-sha1-96(18)}, testuser/scm@EXAMPLE.COM for om/om@EXAMPLE.COM
datanode_1  | 2021-06-20 01:03:48,187 [c805fa90-9d2c-4a90-99ba-d35b808befc8@group-2E4D044757E4-LeaderElection1] INFO server.RaftServerConfigKeys: raft.server.staging.catchup.gap = 1000 (default)
scm_1       | 2021-06-20 01:03:28,624 [ReplicationMonitor] INFO container.ReplicationManager: Replication Monitor Thread took 0 milliseconds for processing 0 containers.
recon_1     | 2021-06-20 01:04:18,267 [Socket Reader #1 for port 9891] INFO ipc.Server: Auth successful for dn/dn@EXAMPLE.COM (auth:KERBEROS) from 172.18.0.5:51246
recon_1     | 2021-06-20 01:04:18,284 [Socket Reader #1 for port 9891] INFO authorize.ServiceAuthorizationManager: Authorization successful for dn/dn@EXAMPLE.COM (auth:KERBEROS) for protocol=interface org.apache.hadoop.ozone.protocol.ReconDatanodeProtocol
s3g_1       | 	at org.eclipse.jetty.servlet.ServletHandler.doHandle(ServletHandler.java:548)
om_1        | 2021-06-20 01:03:52,343 [Listener at om/9862] INFO handler.ContextHandler: Started o.e.j.s.ServletContextHandler@fbb585e{static,/static,jar:file:/opt/hadoop/share/ozone/lib/ozone-manager-1.2.0-SNAPSHOT.jar!/webapps/static,AVAILABLE}
datanode_3  | 	at java.base/java.util.stream.ReferencePipeline$2$1.accept(ReferencePipeline.java:177)
kdc_1       | Jun 20 01:17:00 kdc krb5kdc[7](info): TGS_REQ (6 etypes {aes256-cts-hmac-sha1-96(18), aes128-cts-hmac-sha1-96(17), aes256-cts-hmac-sha384-192(20), aes128-cts-hmac-sha256-128(19), DEPRECATED:des3-cbc-sha1(16), DEPRECATED:arcfour-hmac(23)}) 172.18.0.8: ISSUE: authtime 1624151789, etypes {rep=aes256-cts-hmac-sha1-96(18), tkt=aes256-cts-hmac-sha1-96(18), ses=aes256-cts-hmac-sha1-96(18)}, testuser/scm@EXAMPLE.COM for om/om@EXAMPLE.COM
datanode_1  | 2021-06-20 01:03:48,198 [c805fa90-9d2c-4a90-99ba-d35b808befc8@group-2E4D044757E4-LeaderElection1] INFO metrics.RatisMetrics: Creating Metrics Registry : ratis.log_appender.c805fa90-9d2c-4a90-99ba-d35b808befc8@group-2E4D044757E4
recon_1     | 2021-06-20 01:04:20,170 [Socket Reader #1 for port 9891] INFO ipc.Server: Auth successful for dn/dn@EXAMPLE.COM (auth:KERBEROS) from 172.18.0.7:44114
datanode_2  | 2021-06-20 01:03:44,792 [Command processor thread] INFO server.RaftServer: 8b8280d9-b604-4ebc-a46d-397184c9f4bf: addNew group-1E6C76872111:[c805fa90-9d2c-4a90-99ba-d35b808befc8|rpc:172.18.0.5:9856|admin:172.18.0.5:9857|client:172.18.0.5:9858|priority:0, 8b8280d9-b604-4ebc-a46d-397184c9f4bf|rpc:172.18.0.9:9856|admin:172.18.0.9:9857|client:172.18.0.9:9858|priority:1, b5bd830b-909d-4f92-825b-0fceb6858994|rpc:172.18.0.7:9856|admin:172.18.0.7:9857|client:172.18.0.7:9858|priority:0] returns group-1E6C76872111:java.util.concurrent.CompletableFuture@116046fc[Not completed]
scm_1       | 2021-06-20 01:03:33,641 [ReplicationMonitor] INFO container.ReplicationManager: Replication Monitor Thread took 0 milliseconds for processing 0 containers.
s3g_1       | 	at org.eclipse.jetty.server.handler.ScopedHandler.handle(ScopedHandler.java:143)
om_1        | 2021-06-20 01:03:52,523 [Listener at om/9862] INFO server.KerberosAuthenticationHandler: Using keytab /etc/security/keytabs/om.keytab, for principal HTTP/om@EXAMPLE.COM
datanode_3  | 	at java.base/java.util.ArrayList$ArrayListSpliterator.forEachRemaining(ArrayList.java:1655)
kdc_1       | Jun 20 01:17:01 kdc krb5kdc[7](info): AS_REQ (8 etypes {aes256-cts-hmac-sha1-96(18), aes128-cts-hmac-sha1-96(17), aes256-cts-hmac-sha384-192(20), aes128-cts-hmac-sha256-128(19), DEPRECATED:des3-cbc-sha1(16), DEPRECATED:arcfour-hmac(23), camellia128-cts-cmac(25), camellia256-cts-cmac(26)}) 172.18.0.8: ISSUE: authtime 1624151821, etypes {rep=aes256-cts-hmac-sha1-96(18), tkt=aes256-cts-hmac-sha1-96(18), ses=aes256-cts-hmac-sha1-96(18)}, testuser/scm@EXAMPLE.COM for krbtgt/EXAMPLE.COM@EXAMPLE.COM
datanode_1  | 2021-06-20 01:03:48,203 [c805fa90-9d2c-4a90-99ba-d35b808befc8@group-2E4D044757E4-LeaderElection1] INFO server.RaftServerConfigKeys: raft.server.write.element-limit = 1024 (custom)
recon_1     | 2021-06-20 01:04:20,178 [Socket Reader #1 for port 9891] INFO authorize.ServiceAuthorizationManager: Authorization successful for dn/dn@EXAMPLE.COM (auth:KERBEROS) for protocol=interface org.apache.hadoop.ozone.protocol.ReconDatanodeProtocol
datanode_2  | 2021-06-20 01:03:44,818 [pool-23-thread-1] INFO server.RaftServer$Division: 8b8280d9-b604-4ebc-a46d-397184c9f4bf: new RaftServerImpl for group-1E6C76872111:[c805fa90-9d2c-4a90-99ba-d35b808befc8|rpc:172.18.0.5:9856|admin:172.18.0.5:9857|client:172.18.0.5:9858|priority:0, 8b8280d9-b604-4ebc-a46d-397184c9f4bf|rpc:172.18.0.9:9856|admin:172.18.0.9:9857|client:172.18.0.9:9858|priority:1, b5bd830b-909d-4f92-825b-0fceb6858994|rpc:172.18.0.7:9856|admin:172.18.0.7:9857|client:172.18.0.7:9858|priority:0] with ContainerStateMachine:uninitialized
scm_1       | 2021-06-20 01:03:37,348 [Socket Reader #1 for port 9861] INFO ipc.Server: Auth successful for dn/dn@EXAMPLE.COM (auth:KERBEROS) from 172.18.0.5:55862
s3g_1       | 	at org.eclipse.jetty.security.SecurityHandler.handle(SecurityHandler.java:602)
om_1        | 2021-06-20 01:03:52,540 [Listener at om/9862] INFO handler.ContextHandler: Started o.e.j.w.WebAppContext@373e3dac{ozoneManager,/,file:///tmp/jetty-0_0_0_0-9874-ozone-manager-1_2_0-SNAPSHOT_jar-_-any-3677367772180052462/webapp/,AVAILABLE}{jar:file:/opt/hadoop/share/ozone/lib/ozone-manager-1.2.0-SNAPSHOT.jar!/webapps/ozoneManager}
datanode_3  | 	at java.base/java.util.stream.AbstractPipeline.copyInto(AbstractPipeline.java:484)
kdc_1       | Jun 20 01:17:04 kdc krb5kdc[7](info): TGS_REQ (6 etypes {aes256-cts-hmac-sha1-96(18), aes128-cts-hmac-sha1-96(17), aes256-cts-hmac-sha384-192(20), aes128-cts-hmac-sha256-128(19), DEPRECATED:des3-cbc-sha1(16), DEPRECATED:arcfour-hmac(23)}) 172.18.0.8: ISSUE: authtime 1624151821, etypes {rep=aes256-cts-hmac-sha1-96(18), tkt=aes256-cts-hmac-sha1-96(18), ses=aes256-cts-hmac-sha1-96(18)}, testuser/scm@EXAMPLE.COM for om/om@EXAMPLE.COM
datanode_1  | 2021-06-20 01:03:48,203 [c805fa90-9d2c-4a90-99ba-d35b808befc8@group-2E4D044757E4-LeaderElection1] INFO server.RaftServerConfigKeys: raft.server.write.byte-limit = 1073741824 (custom)
recon_1     | 2021-06-20 01:04:27,392 [Socket Reader #1 for port 9891] INFO ipc.Server: Auth successful for dn/dn@EXAMPLE.COM (auth:KERBEROS) from 172.18.0.9:34254
datanode_2  | 2021-06-20 01:03:44,818 [pool-23-thread-1] INFO server.RaftServerConfigKeys: raft.server.rpc.timeout.min = 5s (custom)
scm_1       | 2021-06-20 01:03:37,370 [Socket Reader #1 for port 9861] INFO authorize.ServiceAuthorizationManager: Authorization successful for dn/dn@EXAMPLE.COM (auth:KERBEROS) for protocol=interface org.apache.hadoop.ozone.protocol.StorageContainerDatanodeProtocol
s3g_1       | 	at org.eclipse.jetty.server.handler.HandlerWrapper.handle(HandlerWrapper.java:127)
s3g_1       | 	at org.eclipse.jetty.server.handler.ScopedHandler.nextHandle(ScopedHandler.java:235)
s3g_1       | 	at org.eclipse.jetty.server.session.SessionHandler.doHandle(SessionHandler.java:1624)
s3g_1       | 	at org.eclipse.jetty.server.handler.ScopedHandler.nextHandle(ScopedHandler.java:233)
om_1        | 2021-06-20 01:03:52,556 [Listener at om/9862] INFO server.AbstractConnector: Started ServerConnector@a6f34f5{HTTP/1.1, (http/1.1)}{0.0.0.0:9874}
recon_1     | 2021-06-20 01:04:27,427 [Socket Reader #1 for port 9891] INFO authorize.ServiceAuthorizationManager: Authorization successful for dn/dn@EXAMPLE.COM (auth:KERBEROS) for protocol=interface org.apache.hadoop.ozone.protocol.ReconDatanodeProtocol
datanode_2  | 2021-06-20 01:03:44,819 [pool-23-thread-1] INFO server.RaftServerConfigKeys: raft.server.rpc.timeout.max = 5200ms (custom)
scm_1       | 2021-06-20 01:03:38,400 [Socket Reader #1 for port 9861] INFO ipc.Server: Auth successful for dn/dn@EXAMPLE.COM (auth:KERBEROS) from 172.18.0.9:60560
kdc_1       | Jun 20 01:17:08 kdc krb5kdc[7](info): TGS_REQ (6 etypes {aes256-cts-hmac-sha1-96(18), aes128-cts-hmac-sha1-96(17), aes256-cts-hmac-sha384-192(20), aes128-cts-hmac-sha256-128(19), DEPRECATED:des3-cbc-sha1(16), DEPRECATED:arcfour-hmac(23)}) 172.18.0.8: ISSUE: authtime 1624151821, etypes {rep=aes256-cts-hmac-sha1-96(18), tkt=aes256-cts-hmac-sha1-96(18), ses=aes256-cts-hmac-sha1-96(18)}, testuser/scm@EXAMPLE.COM for om/om@EXAMPLE.COM
s3g_1       | 	at org.eclipse.jetty.server.handler.ContextHandler.doHandle(ContextHandler.java:1435)
datanode_3  | 	at java.base/java.util.stream.AbstractPipeline.wrapAndCopyInto(AbstractPipeline.java:474)
datanode_1  | 2021-06-20 01:03:48,219 [c805fa90-9d2c-4a90-99ba-d35b808befc8@group-2E4D044757E4-LeaderElection1] INFO server.RaftServerConfigKeys: raft.server.watch.timeout = 180s (custom)
om_1        | 2021-06-20 01:03:52,563 [Listener at om/9862] INFO server.Server: Started @26828ms
recon_1     | 2021-06-20 01:04:27,459 [EventQueue-IncrementalContainerReportForReconIncrementalContainerReportHandler] INFO scm.ReconContainerManager: New container #1 got from ozonesecure_datanode_2.ozonesecure_default.
datanode_2  | 2021-06-20 01:03:44,819 [pool-23-thread-1] INFO server.RaftServerConfigKeys: raft.server.rpc.sleep.time = 25ms (default)
scm_1       | 2021-06-20 01:03:38,418 [Socket Reader #1 for port 9861] INFO authorize.ServiceAuthorizationManager: Authorization successful for dn/dn@EXAMPLE.COM (auth:KERBEROS) for protocol=interface org.apache.hadoop.ozone.protocol.StorageContainerDatanodeProtocol
kdc_1       | Jun 20 01:17:12 kdc krb5kdc[7](info): TGS_REQ (6 etypes {aes256-cts-hmac-sha1-96(18), aes128-cts-hmac-sha1-96(17), aes256-cts-hmac-sha384-192(20), aes128-cts-hmac-sha256-128(19), DEPRECATED:des3-cbc-sha1(16), DEPRECATED:arcfour-hmac(23)}) 172.18.0.8: ISSUE: authtime 1624151821, etypes {rep=aes256-cts-hmac-sha1-96(18), tkt=aes256-cts-hmac-sha1-96(18), ses=aes256-cts-hmac-sha1-96(18)}, testuser/scm@EXAMPLE.COM for om/om@EXAMPLE.COM
s3g_1       | 	at org.eclipse.jetty.server.handler.ScopedHandler.nextScope(ScopedHandler.java:188)
datanode_3  | 	at java.base/java.util.stream.ForEachOps$ForEachOp.evaluateSequential(ForEachOps.java:150)
datanode_1  | 2021-06-20 01:03:48,219 [c805fa90-9d2c-4a90-99ba-d35b808befc8@group-2E4D044757E4-LeaderElection1] INFO server.RaftServerConfigKeys: raft.server.watch.timeout.denomination = 1s (default)
om_1        | 2021-06-20 01:03:52,569 [Listener at om/9862] INFO impl.MetricsSinkAdapter: Sink prometheus started
recon_1     | 2021-06-20 01:04:27,613 [EventQueue-IncrementalContainerReportForReconIncrementalContainerReportHandler] INFO ha.SCMHAInvocationHandler: Invoking method public abstract void org.apache.hadoop.hdds.scm.container.ContainerStateManagerV2.addContainer(org.apache.hadoop.hdds.protocol.proto.HddsProtos$ContainerInfoProto) throws java.io.IOException on target org.apache.hadoop.hdds.scm.ha.MockSCMHAManager$MockRatisServer@2003cd33, cost 36098.636us
datanode_2  | 2021-06-20 01:03:44,821 [pool-23-thread-1] INFO server.RaftServerConfigKeys: raft.server.rpc.slowness.timeout = 300s (custom)
scm_1       | 2021-06-20 01:03:38,644 [ReplicationMonitor] INFO container.ReplicationManager: Replication Monitor Thread took 1 milliseconds for processing 0 containers.
kdc_1       | Jun 20 01:17:16 kdc krb5kdc[7](info): TGS_REQ (6 etypes {aes256-cts-hmac-sha1-96(18), aes128-cts-hmac-sha1-96(17), aes256-cts-hmac-sha384-192(20), aes128-cts-hmac-sha256-128(19), DEPRECATED:des3-cbc-sha1(16), DEPRECATED:arcfour-hmac(23)}) 172.18.0.8: ISSUE: authtime 1624151821, etypes {rep=aes256-cts-hmac-sha1-96(18), tkt=aes256-cts-hmac-sha1-96(18), ses=aes256-cts-hmac-sha1-96(18)}, testuser/scm@EXAMPLE.COM for om/om@EXAMPLE.COM
s3g_1       | 	at org.eclipse.jetty.servlet.ServletHandler.doScope(ServletHandler.java:501)
s3g_1       | 	at org.eclipse.jetty.server.session.SessionHandler.doScope(SessionHandler.java:1594)
datanode_1  | 2021-06-20 01:03:48,220 [c805fa90-9d2c-4a90-99ba-d35b808befc8@group-2E4D044757E4-LeaderElection1] INFO server.RaftServerConfigKeys: raft.server.watch.element-limit = 65536 (default)
om_1        | 2021-06-20 01:03:52,569 [Listener at om/9862] INFO impl.MetricsSystemImpl: Registered sink prometheus
recon_1     | 2021-06-20 01:04:27,617 [EventQueue-IncrementalContainerReportForReconIncrementalContainerReportHandler] INFO scm.ReconContainerManager: Successfully added container #1 to Recon.
datanode_2  | 2021-06-20 01:03:44,822 [pool-23-thread-1] INFO server.RaftServerConfigKeys: raft.server.leaderelection.leader.step-down.wait-time = 10s (default)
scm_1       | 2021-06-20 01:03:38,855 [Socket Reader #1 for port 9861] INFO ipc.Server: Auth successful for dn/dn@EXAMPLE.COM (auth:KERBEROS) from 172.18.0.7:35306
kdc_1       | Jun 20 01:17:20 kdc krb5kdc[7](info): TGS_REQ (6 etypes {aes256-cts-hmac-sha1-96(18), aes128-cts-hmac-sha1-96(17), aes256-cts-hmac-sha384-192(20), aes128-cts-hmac-sha256-128(19), DEPRECATED:des3-cbc-sha1(16), DEPRECATED:arcfour-hmac(23)}) 172.18.0.8: ISSUE: authtime 1624151821, etypes {rep=aes256-cts-hmac-sha1-96(18), tkt=aes256-cts-hmac-sha1-96(18), ses=aes256-cts-hmac-sha1-96(18)}, testuser/scm@EXAMPLE.COM for om/om@EXAMPLE.COM
s3g_1       | 	at org.eclipse.jetty.server.handler.ScopedHandler.nextScope(ScopedHandler.java:186)
s3g_1       | 	at org.eclipse.jetty.server.handler.ContextHandler.doScope(ContextHandler.java:1350)
datanode_1  | 2021-06-20 01:03:48,237 [c805fa90-9d2c-4a90-99ba-d35b808befc8@group-2E4D044757E4-LeaderElection1] INFO impl.RoleInfo: c805fa90-9d2c-4a90-99ba-d35b808befc8: start c805fa90-9d2c-4a90-99ba-d35b808befc8@group-2E4D044757E4-LeaderStateImpl
om_1        | 2021-06-20 01:03:52,571 [Listener at om/9862] INFO http.BaseHttpServer: HTTP server of ozoneManager listening at http://0.0.0.0:9874
recon_1     | 2021-06-20 01:04:57,378 [Socket Reader #1 for port 9891] INFO ipc.Server: Auth successful for dn/dn@EXAMPLE.COM (auth:KERBEROS) from 172.18.0.9:34318
datanode_2  | 2021-06-20 01:03:44,822 [pool-23-thread-1] INFO server.RaftServerConfigKeys: raft.server.sleep.deviation.threshold = 300ms (default)
scm_1       | 2021-06-20 01:03:38,910 [Socket Reader #1 for port 9861] INFO authorize.ServiceAuthorizationManager: Authorization successful for dn/dn@EXAMPLE.COM (auth:KERBEROS) for protocol=interface org.apache.hadoop.ozone.protocol.StorageContainerDatanodeProtocol
s3g_1       | 	at org.eclipse.jetty.server.handler.ScopedHandler.handle(ScopedHandler.java:141)
datanode_3  | 	at java.base/java.util.stream.ForEachOps$ForEachOp$OfRef.evaluateSequential(ForEachOps.java:173)
kdc_1       | Jun 20 01:17:24 kdc krb5kdc[7](info): TGS_REQ (6 etypes {aes256-cts-hmac-sha1-96(18), aes128-cts-hmac-sha1-96(17), aes256-cts-hmac-sha384-192(20), aes128-cts-hmac-sha256-128(19), DEPRECATED:des3-cbc-sha1(16), DEPRECATED:arcfour-hmac(23)}) 172.18.0.8: ISSUE: authtime 1624151821, etypes {rep=aes256-cts-hmac-sha1-96(18), tkt=aes256-cts-hmac-sha1-96(18), ses=aes256-cts-hmac-sha1-96(18)}, testuser/scm@EXAMPLE.COM for om/om@EXAMPLE.COM
datanode_1  | 2021-06-20 01:03:48,291 [c805fa90-9d2c-4a90-99ba-d35b808befc8@group-2E4D044757E4-LeaderElection1] INFO segmented.SegmentedRaftLogWorker: c805fa90-9d2c-4a90-99ba-d35b808befc8@group-2E4D044757E4-SegmentedRaftLogWorker: Starting segment from index:0
om_1        | 2021-06-20 01:03:52,572 [IPC Server Responder] INFO ipc.Server: IPC Server Responder: starting
recon_1     | 2021-06-20 01:04:57,407 [Socket Reader #1 for port 9891] INFO authorize.ServiceAuthorizationManager: Authorization successful for dn/dn@EXAMPLE.COM (auth:KERBEROS) for protocol=interface org.apache.hadoop.ozone.protocol.ReconDatanodeProtocol
datanode_2  | 2021-06-20 01:03:44,823 [pool-23-thread-1] INFO server.RaftServerConfigKeys: raft.server.log.appender.install.snapshot.enabled = false (custom)
scm_1       | 2021-06-20 01:03:39,668 [IPC Server handler 5 on default port 9861] INFO net.NetworkTopologyImpl: Added a new node: /default-rack/c805fa90-9d2c-4a90-99ba-d35b808befc8
s3g_1       | 	at org.eclipse.jetty.server.handler.HandlerCollection.handle(HandlerCollection.java:146)
datanode_3  | 	at java.base/java.util.stream.AbstractPipeline.evaluate(AbstractPipeline.java:234)
kdc_1       | Jun 20 01:17:28 kdc krb5kdc[7](info): TGS_REQ (6 etypes {aes256-cts-hmac-sha1-96(18), aes128-cts-hmac-sha1-96(17), aes256-cts-hmac-sha384-192(20), aes128-cts-hmac-sha256-128(19), DEPRECATED:des3-cbc-sha1(16), DEPRECATED:arcfour-hmac(23)}) 172.18.0.8: ISSUE: authtime 1624151821, etypes {rep=aes256-cts-hmac-sha1-96(18), tkt=aes256-cts-hmac-sha1-96(18), ses=aes256-cts-hmac-sha1-96(18)}, testuser/scm@EXAMPLE.COM for om/om@EXAMPLE.COM
datanode_1  | 2021-06-20 01:03:48,417 [c805fa90-9d2c-4a90-99ba-d35b808befc8@group-1E6C76872111-FollowerState] INFO impl.FollowerState: c805fa90-9d2c-4a90-99ba-d35b808befc8@group-1E6C76872111-FollowerState: change to CANDIDATE, lastRpcElapsedTime:5121540304ns, electionTimeout:5092ms
om_1        | 2021-06-20 01:03:52,578 [IPC Server listener on 9862] INFO ipc.Server: IPC Server listener on 9862: starting
recon_1     | 2021-06-20 01:04:57,934 [Socket Reader #1 for port 9891] INFO ipc.Server: Auth successful for dn/dn@EXAMPLE.COM (auth:KERBEROS) from 172.18.0.7:44204
datanode_2  | 2021-06-20 01:03:44,823 [pool-23-thread-1] INFO server.RaftServer$Division: 8b8280d9-b604-4ebc-a46d-397184c9f4bf@group-1E6C76872111: ConfigurationManager, init=-1: [c805fa90-9d2c-4a90-99ba-d35b808befc8|rpc:172.18.0.5:9856|admin:172.18.0.5:9857|client:172.18.0.5:9858|priority:0, 8b8280d9-b604-4ebc-a46d-397184c9f4bf|rpc:172.18.0.9:9856|admin:172.18.0.9:9857|client:172.18.0.9:9858|priority:1, b5bd830b-909d-4f92-825b-0fceb6858994|rpc:172.18.0.7:9856|admin:172.18.0.7:9857|client:172.18.0.7:9858|priority:0], old=null, confs=<EMPTY_MAP>
scm_1       | 2021-06-20 01:03:39,717 [IPC Server handler 5 on default port 9861] INFO node.SCMNodeManager: Registered Data node : c805fa90-9d2c-4a90-99ba-d35b808befc8{ip: 172.18.0.5, host: ozonesecure_datanode_1.ozonesecure_default, ports: [REPLICATION=9886, RATIS=9858, RATIS_ADMIN=9857, RATIS_SERVER=9856, STANDALONE=9859], networkLocation: /default-rack, certSerialId: 236258613077, persistedOpState: null, persistedOpStateExpiryEpochSec: 0}
s3g_1       | 	at org.eclipse.jetty.server.handler.HandlerWrapper.handle(HandlerWrapper.java:127)
datanode_3  | 	at java.base/java.util.stream.ReferencePipeline.forEach(ReferencePipeline.java:497)
datanode_3  | 	at org.apache.hadoop.ozone.container.common.statemachine.commandhandler.CreatePipelineCommandHandler.handle(CreatePipelineCommandHandler.java:95)
datanode_1  | 2021-06-20 01:03:48,421 [c805fa90-9d2c-4a90-99ba-d35b808befc8@group-1E6C76872111-FollowerState] INFO impl.RoleInfo: c805fa90-9d2c-4a90-99ba-d35b808befc8: shutdown c805fa90-9d2c-4a90-99ba-d35b808befc8@group-1E6C76872111-FollowerState
om_1        | 2021-06-20 01:03:52,826 [Listener at om/9862] INFO om.TrashPolicyOzone: The configured checkpoint interval is 0 minutes. Using an interval of 1 minutes that is used for deletion instead
recon_1     | 2021-06-20 01:04:57,947 [Socket Reader #1 for port 9891] INFO authorize.ServiceAuthorizationManager: Authorization successful for dn/dn@EXAMPLE.COM (auth:KERBEROS) for protocol=interface org.apache.hadoop.ozone.protocol.ReconDatanodeProtocol
datanode_2  | 2021-06-20 01:03:44,823 [pool-23-thread-1] INFO server.RaftServerConfigKeys: raft.server.storage.dir = [/data/metadata/ratis] (custom)
scm_1       | 2021-06-20 01:03:39,763 [EventQueue-NewNodeForNewNodeHandler] INFO pipeline.BackgroundPipelineCreator: trigger a one-shot run on RatisPipelineUtilsThread.
s3g_1       | 	at org.eclipse.jetty.server.Server.handle(Server.java:516)
datanode_3  | 	at org.apache.hadoop.ozone.container.common.statemachine.commandhandler.CommandDispatcher.handle(CommandDispatcher.java:99)
kdc_1       | Jun 20 01:17:32 kdc krb5kdc[7](info): TGS_REQ (6 etypes {aes256-cts-hmac-sha1-96(18), aes128-cts-hmac-sha1-96(17), aes256-cts-hmac-sha384-192(20), aes128-cts-hmac-sha256-128(19), DEPRECATED:des3-cbc-sha1(16), DEPRECATED:arcfour-hmac(23)}) 172.18.0.8: ISSUE: authtime 1624151821, etypes {rep=aes256-cts-hmac-sha1-96(18), tkt=aes256-cts-hmac-sha1-96(18), ses=aes256-cts-hmac-sha1-96(18)}, testuser/scm@EXAMPLE.COM for om/om@EXAMPLE.COM
datanode_1  | 2021-06-20 01:03:48,421 [c805fa90-9d2c-4a90-99ba-d35b808befc8@group-1E6C76872111-FollowerState] INFO server.RaftServer$Division: c805fa90-9d2c-4a90-99ba-d35b808befc8@group-1E6C76872111: changes role from  FOLLOWER to CANDIDATE at term 0 for changeToCandidate
om_1        | 2021-06-20 01:03:52,827 [Listener at om/9862] INFO om.TrashPolicyOzone: Ozone Manager trash configuration: Deletion interval = 1 minutes, Emptier interval = 1 minutes.
recon_1     | 2021-06-20 01:04:57,960 [Socket Reader #1 for port 9891] INFO ipc.Server: Auth successful for dn/dn@EXAMPLE.COM (auth:KERBEROS) from 172.18.0.5:51354
datanode_2  | 2021-06-20 01:03:44,824 [pool-23-thread-1] INFO server.RaftServerConfigKeys: raft.server.log.corruption.policy = EXCEPTION (default)
scm_1       | 2021-06-20 01:03:39,819 [EventQueue-NodeRegistrationContainerReportForDataNodeSafeModeRule] INFO safemode.SCMSafeModeManager: SCM in safe mode. 1 DataNodes registered, 3 required.
s3g_1       | 	at org.eclipse.jetty.server.HttpChannel.lambda$handle$1(HttpChannel.java:388)
datanode_3  | 	at org.apache.hadoop.ozone.container.common.statemachine.DatanodeStateMachine.lambda$initCommandHandlerThread$2(DatanodeStateMachine.java:525)
kdc_1       | Jun 20 01:17:33 kdc krb5kdc[7](info): AS_REQ (8 etypes {aes256-cts-hmac-sha1-96(18), aes128-cts-hmac-sha1-96(17), aes256-cts-hmac-sha384-192(20), aes128-cts-hmac-sha256-128(19), DEPRECATED:des3-cbc-sha1(16), DEPRECATED:arcfour-hmac(23), camellia128-cts-cmac(25), camellia256-cts-cmac(26)}) 172.18.0.8: ISSUE: authtime 1624151853, etypes {rep=aes256-cts-hmac-sha1-96(18), tkt=aes256-cts-hmac-sha1-96(18), ses=aes256-cts-hmac-sha1-96(18)}, testuser/scm@EXAMPLE.COM for krbtgt/EXAMPLE.COM@EXAMPLE.COM
datanode_1  | 2021-06-20 01:03:48,422 [c805fa90-9d2c-4a90-99ba-d35b808befc8@group-1E6C76872111-FollowerState] INFO server.RaftServerConfigKeys: raft.server.leaderelection.pre-vote = false (custom)
om_1        | 2021-06-20 01:03:52,835 [org.apache.hadoop.util.JvmPauseMonitor$Monitor@1911427a] INFO util.JvmPauseMonitor: Starting JVM pause monitor
recon_1     | 2021-06-20 01:04:57,965 [Socket Reader #1 for port 9891] INFO authorize.ServiceAuthorizationManager: Authorization successful for dn/dn@EXAMPLE.COM (auth:KERBEROS) for protocol=interface org.apache.hadoop.ozone.protocol.ReconDatanodeProtocol
datanode_2  | 2021-06-20 01:03:44,824 [pool-23-thread-1] INFO storage.RaftStorageDirectory: The storage directory /data/metadata/ratis/d4b93c80-ab5d-4a0d-ac36-1e6c76872111 does not exist. Creating ...
scm_1       | 2021-06-20 01:03:39,841 [RatisPipelineUtilsThread - 0] INFO pipeline.RatisPipelineProvider: Sending CreatePipelineCommand for pipeline:PipelineID=03845148-c62e-460f-b261-2e4d044757e4 to datanode:c805fa90-9d2c-4a90-99ba-d35b808befc8
s3g_1       | 	at org.eclipse.jetty.server.HttpChannel.dispatch(HttpChannel.java:633)
datanode_3  | 	at java.base/java.lang.Thread.run(Thread.java:834)
datanode_3  | Caused by: org.apache.ratis.thirdparty.io.grpc.StatusRuntimeException: UNAVAILABLE: Network closed for unknown reason
datanode_1  | 2021-06-20 01:03:48,422 [c805fa90-9d2c-4a90-99ba-d35b808befc8@group-1E6C76872111-FollowerState] INFO impl.RoleInfo: c805fa90-9d2c-4a90-99ba-d35b808befc8: start c805fa90-9d2c-4a90-99ba-d35b808befc8@group-1E6C76872111-LeaderElection2
om_1        | 2021-06-20 01:03:53,020 [Socket Reader #1 for port 9862] INFO ipc.Server: Auth successful for recon/recon@EXAMPLE.COM (auth:KERBEROS) from 172.18.0.6:34247
recon_1     | 2021-06-20 01:05:06,284 [pool-17-thread-1] INFO impl.OzoneManagerServiceProviderImpl: Syncing data from Ozone Manager.
datanode_2  | 2021-06-20 01:03:44,828 [pool-23-thread-1] INFO storage.RaftStorageDirectory: Lock on /data/metadata/ratis/d4b93c80-ab5d-4a0d-ac36-1e6c76872111/in_use.lock acquired by nodename 7@34ddf6977d0e
scm_1       | 2021-06-20 01:03:39,900 [EventQueue-NodeRegistrationContainerReportForContainerSafeModeRule] INFO safemode.SCMSafeModeManager: ContainerSafeModeRule rule is successfully validated
datanode_3  | 	at org.apache.ratis.thirdparty.io.grpc.stub.ClientCalls.toStatusRuntimeException(ClientCalls.java:262)
kdc_1       | Jun 20 01:17:36 kdc krb5kdc[7](info): TGS_REQ (6 etypes {aes256-cts-hmac-sha1-96(18), aes128-cts-hmac-sha1-96(17), aes256-cts-hmac-sha384-192(20), aes128-cts-hmac-sha256-128(19), DEPRECATED:des3-cbc-sha1(16), DEPRECATED:arcfour-hmac(23)}) 172.18.0.8: ISSUE: authtime 1624151853, etypes {rep=aes256-cts-hmac-sha1-96(18), tkt=aes256-cts-hmac-sha1-96(18), ses=aes256-cts-hmac-sha1-96(18)}, testuser/scm@EXAMPLE.COM for om/om@EXAMPLE.COM
s3g_1       | 	at org.eclipse.jetty.server.HttpChannel.handle(HttpChannel.java:380)
datanode_1  | 2021-06-20 01:03:48,434 [c805fa90-9d2c-4a90-99ba-d35b808befc8@group-2E4D044757E4-LeaderElection1] INFO server.RaftServer$Division: c805fa90-9d2c-4a90-99ba-d35b808befc8@group-2E4D044757E4: set configuration 0: [c805fa90-9d2c-4a90-99ba-d35b808befc8|rpc:172.18.0.5:9856|admin:172.18.0.5:9857|client:172.18.0.5:9858|dataStream:|priority:1], old=null
om_1        | 2021-06-20 01:03:53,024 [Socket Reader #1 for port 9862] INFO authorize.ServiceAuthorizationManager: Authorization successful for recon/recon@EXAMPLE.COM (auth:KERBEROS) for protocol=interface org.apache.hadoop.ozone.om.protocol.OzoneManagerProtocol
recon_1     | 2021-06-20 01:05:06,287 [pool-17-thread-1] INFO codec.RepeatedOmKeyInfoCodec: RepeatedOmKeyInfoCodec ignorePipeline = true
scm_1       | 2021-06-20 01:03:39,929 [EventQueue-PipelineReportForOneReplicaPipelineSafeModeRule] INFO safemode.SCMSafeModeManager: AtleastOneDatanodeReportedRule rule is successfully validated
datanode_2  | 2021-06-20 01:03:44,832 [pool-23-thread-1] INFO storage.RaftStorage: Storage directory /data/metadata/ratis/d4b93c80-ab5d-4a0d-ac36-1e6c76872111 has been successfully formatted.
datanode_3  | 	at org.apache.ratis.thirdparty.io.grpc.stub.ClientCalls.getUnchecked(ClientCalls.java:243)
kdc_1       | Jun 20 01:17:42 kdc krb5kdc[7](info): TGS_REQ (6 etypes {aes256-cts-hmac-sha1-96(18), aes128-cts-hmac-sha1-96(17), aes256-cts-hmac-sha384-192(20), aes128-cts-hmac-sha256-128(19), DEPRECATED:des3-cbc-sha1(16), DEPRECATED:arcfour-hmac(23)}) 172.18.0.8: ISSUE: authtime 1624151853, etypes {rep=aes256-cts-hmac-sha1-96(18), tkt=aes256-cts-hmac-sha1-96(18), ses=aes256-cts-hmac-sha1-96(18)}, testuser/scm@EXAMPLE.COM for om/om@EXAMPLE.COM
s3g_1       | 	at org.eclipse.jetty.server.HttpConnection.onFillable(HttpConnection.java:273)
datanode_1  | 2021-06-20 01:03:48,435 [c805fa90-9d2c-4a90-99ba-d35b808befc8@group-1E6C76872111-LeaderElection2] INFO impl.LeaderElection: c805fa90-9d2c-4a90-99ba-d35b808befc8@group-1E6C76872111-LeaderElection2 ELECTION round 0: submit vote requests at term 1 for -1: [c805fa90-9d2c-4a90-99ba-d35b808befc8|rpc:172.18.0.5:9856|admin:172.18.0.5:9857|client:172.18.0.5:9858|priority:0, 8b8280d9-b604-4ebc-a46d-397184c9f4bf|rpc:172.18.0.9:9856|admin:172.18.0.9:9857|client:172.18.0.9:9858|priority:1, b5bd830b-909d-4f92-825b-0fceb6858994|rpc:172.18.0.7:9856|admin:172.18.0.7:9857|client:172.18.0.7:9858|priority:0], old=null
om_1        | 2021-06-20 01:03:56,493 [om1@group-C5BA1605619E-FollowerState] INFO impl.FollowerState: om1@group-C5BA1605619E-FollowerState: change to CANDIDATE, lastRpcElapsedTime:5181575711ns, electionTimeout:5170ms
recon_1     | 2021-06-20 01:05:06,287 [pool-17-thread-1] INFO codec.OmKeyInfoCodec: OmKeyInfoCodec ignorePipeline = true
scm_1       | 2021-06-20 01:03:40,043 [RatisPipelineUtilsThread - 0] INFO pipeline.PipelineStateManager: Created pipeline Pipeline[ Id: 03845148-c62e-460f-b261-2e4d044757e4, Nodes: c805fa90-9d2c-4a90-99ba-d35b808befc8{ip: 172.18.0.5, host: ozonesecure_datanode_1.ozonesecure_default, ports: [REPLICATION=9886, RATIS=9858, RATIS_ADMIN=9857, RATIS_SERVER=9856, STANDALONE=9859], networkLocation: /default-rack, certSerialId: null, persistedOpState: IN_SERVICE, persistedOpStateExpiryEpochSec: 0}, ReplicationConfig: RATIS/ONE, State:ALLOCATED, leaderId:, CreationTimestamp2021-06-20T01:03:39.812Z].
datanode_2  | 2021-06-20 01:03:44,847 [pool-23-thread-1] INFO ratis.ContainerStateMachine: group-1E6C76872111: The snapshot info is null. Setting the last applied indexto:(t:0, i:~)
datanode_3  | 	at org.apache.ratis.thirdparty.io.grpc.stub.ClientCalls.blockingUnaryCall(ClientCalls.java:156)
kdc_1       | Jun 20 01:17:47 kdc krb5kdc[7](info): TGS_REQ (6 etypes {aes256-cts-hmac-sha1-96(18), aes128-cts-hmac-sha1-96(17), aes256-cts-hmac-sha384-192(20), aes128-cts-hmac-sha256-128(19), DEPRECATED:des3-cbc-sha1(16), DEPRECATED:arcfour-hmac(23)}) 172.18.0.8: ISSUE: authtime 1624151853, etypes {rep=aes256-cts-hmac-sha1-96(18), tkt=aes256-cts-hmac-sha1-96(18), ses=aes256-cts-hmac-sha1-96(18)}, testuser/scm@EXAMPLE.COM for om/om@EXAMPLE.COM
s3g_1       | 	at org.eclipse.jetty.io.AbstractConnection$ReadCallback.succeeded(AbstractConnection.java:311)
datanode_1  | 2021-06-20 01:03:48,699 [c805fa90-9d2c-4a90-99ba-d35b808befc8@group-2E4D044757E4-SegmentedRaftLogWorker] INFO segmented.SegmentedRaftLogWorker: c805fa90-9d2c-4a90-99ba-d35b808befc8@group-2E4D044757E4-SegmentedRaftLogWorker: created new log segment /data/metadata/ratis/03845148-c62e-460f-b261-2e4d044757e4/current/log_inprogress_0
om_1        | 2021-06-20 01:03:56,494 [om1@group-C5BA1605619E-FollowerState] INFO impl.RoleInfo: om1: shutdown om1@group-C5BA1605619E-FollowerState
recon_1     | 2021-06-20 01:05:06,288 [pool-17-thread-1] INFO codec.OmKeyInfoCodec: OmKeyInfoCodec ignorePipeline = true
scm_1       | 2021-06-20 01:03:40,204 [Socket Reader #1 for port 9860] INFO ipc.Server: Auth successful for HTTP/scm@EXAMPLE.COM (auth:KERBEROS) from 172.18.0.8:43301
datanode_2  | 2021-06-20 01:03:44,850 [pool-23-thread-1] INFO server.RaftServerConfigKeys: raft.server.notification.no-leader.timeout = 300s (custom)
datanode_3  | 	at org.apache.ratis.proto.grpc.AdminProtocolServiceGrpc$AdminProtocolServiceBlockingStub.groupManagement(AdminProtocolServiceGrpc.java:413)
kdc_1       | Jun 20 01:17:50 kdc krb5kdc[7](info): TGS_REQ (6 etypes {aes256-cts-hmac-sha1-96(18), aes128-cts-hmac-sha1-96(17), aes256-cts-hmac-sha384-192(20), aes128-cts-hmac-sha256-128(19), DEPRECATED:des3-cbc-sha1(16), DEPRECATED:arcfour-hmac(23)}) 172.18.0.8: ISSUE: authtime 1624151853, etypes {rep=aes256-cts-hmac-sha1-96(18), tkt=aes256-cts-hmac-sha1-96(18), ses=aes256-cts-hmac-sha1-96(18)}, testuser/scm@EXAMPLE.COM for om/om@EXAMPLE.COM
s3g_1       | 	at org.eclipse.jetty.io.FillInterest.fillable(FillInterest.java:105)
datanode_1  | 2021-06-20 01:03:49,817 [c805fa90-9d2c-4a90-99ba-d35b808befc8@group-1E6C76872111-LeaderElection2] INFO impl.LeaderElection: c805fa90-9d2c-4a90-99ba-d35b808befc8@group-1E6C76872111-LeaderElection2: ELECTION REJECTED received 2 response(s) and 0 exception(s):
om_1        | 2021-06-20 01:03:56,495 [om1@group-C5BA1605619E-FollowerState] INFO server.RaftServer$Division: om1@group-C5BA1605619E: changes role from  FOLLOWER to CANDIDATE at term 0 for changeToCandidate
recon_1     | 2021-06-20 01:05:06,288 [pool-17-thread-1] INFO codec.OmKeyInfoCodec: OmKeyInfoCodec ignorePipeline = true
scm_1       | 2021-06-20 01:03:40,324 [Socket Reader #1 for port 9860] INFO authorize.ServiceAuthorizationManager: Authorization successful for HTTP/scm@EXAMPLE.COM (auth:KERBEROS) for protocol=interface org.apache.hadoop.hdds.scm.protocol.StorageContainerLocationProtocol
datanode_2  | 2021-06-20 01:03:44,851 [pool-23-thread-1] INFO server.RaftServerConfigKeys: raft.server.log.use.memory = false (default)
datanode_3  | 	at org.apache.ratis.grpc.client.GrpcClientProtocolClient.lambda$groupAdd$5(GrpcClientProtocolClient.java:180)
kdc_1       | Jun 20 01:17:54 kdc krb5kdc[7](info): TGS_REQ (6 etypes {aes256-cts-hmac-sha1-96(18), aes128-cts-hmac-sha1-96(17), aes256-cts-hmac-sha384-192(20), aes128-cts-hmac-sha256-128(19), DEPRECATED:des3-cbc-sha1(16), DEPRECATED:arcfour-hmac(23)}) 172.18.0.8: ISSUE: authtime 1624151853, etypes {rep=aes256-cts-hmac-sha1-96(18), tkt=aes256-cts-hmac-sha1-96(18), ses=aes256-cts-hmac-sha1-96(18)}, testuser/scm@EXAMPLE.COM for om/om@EXAMPLE.COM
s3g_1       | 	at org.eclipse.jetty.io.ChannelEndPoint$1.run(ChannelEndPoint.java:104)
datanode_1  | 2021-06-20 01:03:49,818 [c805fa90-9d2c-4a90-99ba-d35b808befc8@group-1E6C76872111-LeaderElection2] INFO impl.LeaderElection:   Response 0: c805fa90-9d2c-4a90-99ba-d35b808befc8<-8b8280d9-b604-4ebc-a46d-397184c9f4bf#0:FAIL-t1
om_1        | 2021-06-20 01:03:56,498 [om1@group-C5BA1605619E-FollowerState] INFO server.RaftServerConfigKeys: raft.server.leaderelection.pre-vote = false (custom)
recon_1     | 2021-06-20 01:05:06,288 [pool-17-thread-1] INFO codec.OmKeyInfoCodec: OmKeyInfoCodec ignorePipeline = true
scm_1       | 2021-06-20 01:03:40,434 [IPC Server handler 2 on default port 9861] INFO net.NetworkTopologyImpl: Added a new node: /default-rack/8b8280d9-b604-4ebc-a46d-397184c9f4bf
datanode_2  | 2021-06-20 01:03:44,851 [pool-23-thread-1] INFO server.RaftServerConfigKeys: raft.server.log.purge.gap = 1000000 (custom)
datanode_3  | 	at org.apache.ratis.grpc.client.GrpcClientProtocolClient.blockingCall(GrpcClientProtocolClient.java:215)
kdc_1       | Jun 20 01:17:58 kdc krb5kdc[7](info): TGS_REQ (6 etypes {aes256-cts-hmac-sha1-96(18), aes128-cts-hmac-sha1-96(17), aes256-cts-hmac-sha384-192(20), aes128-cts-hmac-sha256-128(19), DEPRECATED:des3-cbc-sha1(16), DEPRECATED:arcfour-hmac(23)}) 172.18.0.8: ISSUE: authtime 1624151853, etypes {rep=aes256-cts-hmac-sha1-96(18), tkt=aes256-cts-hmac-sha1-96(18), ses=aes256-cts-hmac-sha1-96(18)}, testuser/scm@EXAMPLE.COM for om/om@EXAMPLE.COM
s3g_1       | 	at org.eclipse.jetty.util.thread.strategy.EatWhatYouKill.runTask(EatWhatYouKill.java:336)
datanode_1  | 2021-06-20 01:03:49,819 [c805fa90-9d2c-4a90-99ba-d35b808befc8@group-1E6C76872111-LeaderElection2] INFO impl.LeaderElection:   Response 1: c805fa90-9d2c-4a90-99ba-d35b808befc8<-b5bd830b-909d-4f92-825b-0fceb6858994#0:OK-t1
om_1        | 2021-06-20 01:03:56,498 [om1@group-C5BA1605619E-FollowerState] INFO impl.RoleInfo: om1: start om1@group-C5BA1605619E-LeaderElection1
recon_1     | 2021-06-20 01:05:06,288 [pool-17-thread-1] INFO codec.OmKeyInfoCodec: OmKeyInfoCodec ignorePipeline = true
scm_1       | 2021-06-20 01:03:40,436 [IPC Server handler 2 on default port 9861] INFO node.SCMNodeManager: Registered Data node : 8b8280d9-b604-4ebc-a46d-397184c9f4bf{ip: 172.18.0.9, host: ozonesecure_datanode_2.ozonesecure_default, ports: [REPLICATION=9886, RATIS=9858, RATIS_ADMIN=9857, RATIS_SERVER=9856, STANDALONE=9859], networkLocation: /default-rack, certSerialId: 236612548398, persistedOpState: null, persistedOpStateExpiryEpochSec: 0}
datanode_2  | 2021-06-20 01:03:44,852 [pool-23-thread-1] INFO server.RaftServerConfigKeys: raft.server.log.appender.buffer.byte-limit = 33554432 (custom)
datanode_3  | 	... 18 more
kdc_1       | Jun 20 01:18:03 kdc krb5kdc[7](info): TGS_REQ (6 etypes {aes256-cts-hmac-sha1-96(18), aes128-cts-hmac-sha1-96(17), aes256-cts-hmac-sha384-192(20), aes128-cts-hmac-sha256-128(19), DEPRECATED:des3-cbc-sha1(16), DEPRECATED:arcfour-hmac(23)}) 172.18.0.8: ISSUE: authtime 1624151853, etypes {rep=aes256-cts-hmac-sha1-96(18), tkt=aes256-cts-hmac-sha1-96(18), ses=aes256-cts-hmac-sha1-96(18)}, testuser/scm@EXAMPLE.COM for om/om@EXAMPLE.COM
s3g_1       | 	at org.eclipse.jetty.util.thread.strategy.EatWhatYouKill.doProduce(EatWhatYouKill.java:313)
datanode_1  | 2021-06-20 01:03:49,819 [c805fa90-9d2c-4a90-99ba-d35b808befc8@group-1E6C76872111-LeaderElection2] INFO impl.LeaderElection: c805fa90-9d2c-4a90-99ba-d35b808befc8@group-1E6C76872111-LeaderElection2 ELECTION round 0: result REJECTED
om_1        | 2021-06-20 01:03:56,505 [om1@group-C5BA1605619E-LeaderElection1] INFO impl.LeaderElection: om1@group-C5BA1605619E-LeaderElection1 ELECTION round 0: submit vote requests at term 1 for -1: [om1|rpc:om:9872|priority:0], old=null
recon_1     | 2021-06-20 01:05:06,288 [pool-17-thread-1] INFO impl.OzoneManagerServiceProviderImpl: Obtaining delta updates from Ozone Manager
recon_1     | 2021-06-20 01:05:06,326 [pool-17-thread-1] INFO impl.OzoneManagerServiceProviderImpl: Number of updates received from OM : 155
datanode_2  | 2021-06-20 01:03:44,852 [pool-23-thread-1] INFO metrics.RatisMetrics: Creating Metrics Registry : ratis.log_worker.8b8280d9-b604-4ebc-a46d-397184c9f4bf@group-1E6C76872111
datanode_3  | 2021-06-20 01:03:47,344 [Command processor thread] INFO metrics.RatisMetrics: Creating Metrics Registry : ratis.client_message_metrics.client-72A0CDD6FC19->c805fa90-9d2c-4a90-99ba-d35b808befc8
kdc_1       | Jun 20 01:18:06 kdc krb5kdc[7](info): TGS_REQ (6 etypes {aes256-cts-hmac-sha1-96(18), aes128-cts-hmac-sha1-96(17), aes256-cts-hmac-sha384-192(20), aes128-cts-hmac-sha256-128(19), DEPRECATED:des3-cbc-sha1(16), DEPRECATED:arcfour-hmac(23)}) 172.18.0.8: ISSUE: authtime 1624151853, etypes {rep=aes256-cts-hmac-sha1-96(18), tkt=aes256-cts-hmac-sha1-96(18), ses=aes256-cts-hmac-sha1-96(18)}, testuser/scm@EXAMPLE.COM for om/om@EXAMPLE.COM
s3g_1       | 	at org.eclipse.jetty.util.thread.strategy.EatWhatYouKill.tryProduce(EatWhatYouKill.java:171)
datanode_1  | 2021-06-20 01:03:49,820 [c805fa90-9d2c-4a90-99ba-d35b808befc8@group-1E6C76872111-LeaderElection2] INFO server.RaftServer$Division: c805fa90-9d2c-4a90-99ba-d35b808befc8@group-1E6C76872111: changes role from CANDIDATE to FOLLOWER at term 1 for REJECTED
om_1        | 2021-06-20 01:03:56,506 [om1@group-C5BA1605619E-LeaderElection1] INFO impl.LeaderElection: om1@group-C5BA1605619E-LeaderElection1 ELECTION round 0: result PASSED (term=1)
recon_1     | 2021-06-20 01:05:06,597 [pool-18-thread-1] INFO tasks.TableCountTask: Completed a 'process' run of TableCountTask.
scm_1       | 2021-06-20 01:03:40,437 [EventQueue-NodeRegistrationContainerReportForDataNodeSafeModeRule] INFO safemode.SCMSafeModeManager: SCM in safe mode. 2 DataNodes registered, 3 required.
datanode_2  | 2021-06-20 01:03:44,858 [pool-23-thread-1] INFO server.RaftServerConfigKeys: raft.server.log.segment.size.max = 1048576 (custom)
datanode_3  | 2021-06-20 01:03:47,830 [Command processor thread] WARN commandhandler.CreatePipelineCommandHandler: Add group failed for c805fa90-9d2c-4a90-99ba-d35b808befc8{ip: 172.18.0.5, host: ozonesecure_datanode_1.ozonesecure_default, ports: [REPLICATION=9886, RATIS=9858, RATIS_ADMIN=9857, RATIS_SERVER=9856, STANDALONE=9859], networkLocation: /default-rack, certSerialId: null, persistedOpState: IN_SERVICE, persistedOpStateExpiryEpochSec: 0}
kdc_1       | Jun 20 01:18:07 kdc krb5kdc[7](info): AS_REQ (8 etypes {aes256-cts-hmac-sha1-96(18), aes128-cts-hmac-sha1-96(17), aes256-cts-hmac-sha384-192(20), aes128-cts-hmac-sha256-128(19), DEPRECATED:des3-cbc-sha1(16), DEPRECATED:arcfour-hmac(23), camellia128-cts-cmac(25), camellia256-cts-cmac(26)}) 172.18.0.8: ISSUE: authtime 1624151887, etypes {rep=aes256-cts-hmac-sha1-96(18), tkt=aes256-cts-hmac-sha1-96(18), ses=aes256-cts-hmac-sha1-96(18)}, testuser/scm@EXAMPLE.COM for krbtgt/EXAMPLE.COM@EXAMPLE.COM
s3g_1       | 	at org.eclipse.jetty.util.thread.strategy.EatWhatYouKill.run(EatWhatYouKill.java:129)
datanode_1  | 2021-06-20 01:03:49,821 [c805fa90-9d2c-4a90-99ba-d35b808befc8@group-1E6C76872111-LeaderElection2] INFO impl.RoleInfo: c805fa90-9d2c-4a90-99ba-d35b808befc8: shutdown c805fa90-9d2c-4a90-99ba-d35b808befc8@group-1E6C76872111-LeaderElection2
om_1        | 2021-06-20 01:03:56,507 [om1@group-C5BA1605619E-LeaderElection1] INFO impl.RoleInfo: om1: shutdown om1@group-C5BA1605619E-LeaderElection1
recon_1     | 2021-06-20 01:05:06,623 [pool-18-thread-1] INFO tasks.ContainerKeyMapperTask: ContainerKeyMapperTask successfully processed 62 OM DB update event(s).
scm_1       | 2021-06-20 01:03:40,436 [EventQueue-NewNodeForNewNodeHandler] INFO pipeline.BackgroundPipelineCreator: trigger a one-shot run on RatisPipelineUtilsThread.
datanode_2  | 2021-06-20 01:03:44,862 [pool-23-thread-1] INFO server.RaftServerConfigKeys: raft.server.log.segment.cache.num.max = 2 (custom)
datanode_3  | java.io.IOException: org.apache.ratis.thirdparty.io.grpc.StatusRuntimeException: UNAVAILABLE: Network closed for unknown reason
kdc_1       | Jun 20 01:18:11 kdc krb5kdc[7](info): TGS_REQ (6 etypes {aes256-cts-hmac-sha1-96(18), aes128-cts-hmac-sha1-96(17), aes256-cts-hmac-sha384-192(20), aes128-cts-hmac-sha256-128(19), DEPRECATED:des3-cbc-sha1(16), DEPRECATED:arcfour-hmac(23)}) 172.18.0.8: ISSUE: authtime 1624151887, etypes {rep=aes256-cts-hmac-sha1-96(18), tkt=aes256-cts-hmac-sha1-96(18), ses=aes256-cts-hmac-sha1-96(18)}, testuser/scm@EXAMPLE.COM for om/om@EXAMPLE.COM
s3g_1       | 	at org.eclipse.jetty.util.thread.ReservedThreadExecutor$ReservedThread.run(ReservedThreadExecutor.java:375)
datanode_1  | 2021-06-20 01:03:49,821 [c805fa90-9d2c-4a90-99ba-d35b808befc8@group-1E6C76872111-LeaderElection2] INFO impl.RoleInfo: c805fa90-9d2c-4a90-99ba-d35b808befc8: start c805fa90-9d2c-4a90-99ba-d35b808befc8@group-1E6C76872111-FollowerState
om_1        | 2021-06-20 01:03:56,507 [om1@group-C5BA1605619E-LeaderElection1] INFO server.RaftServer$Division: om1@group-C5BA1605619E: changes role from CANDIDATE to LEADER at term 1 for changeToLeader
recon_1     | 2021-06-20 01:05:06,850 [pool-18-thread-1] INFO tasks.FileSizeCountTask: Completed a 'process' run of FileSizeCountTask.
scm_1       | 2021-06-20 01:03:40,443 [RatisPipelineUtilsThread - 0] INFO pipeline.RatisPipelineProvider: Sending CreatePipelineCommand for pipeline:PipelineID=0197919f-cc75-4bda-acb0-56197ac7b774 to datanode:8b8280d9-b604-4ebc-a46d-397184c9f4bf
scm_1       | 2021-06-20 01:03:40,444 [RatisPipelineUtilsThread - 0] INFO pipeline.PipelineStateManager: Created pipeline Pipeline[ Id: 0197919f-cc75-4bda-acb0-56197ac7b774, Nodes: 8b8280d9-b604-4ebc-a46d-397184c9f4bf{ip: 172.18.0.9, host: ozonesecure_datanode_2.ozonesecure_default, ports: [REPLICATION=9886, RATIS=9858, RATIS_ADMIN=9857, RATIS_SERVER=9856, STANDALONE=9859], networkLocation: /default-rack, certSerialId: null, persistedOpState: IN_SERVICE, persistedOpStateExpiryEpochSec: 0}, ReplicationConfig: RATIS/ONE, State:ALLOCATED, leaderId:, CreationTimestamp2021-06-20T01:03:40.443Z].
datanode_2  | 2021-06-20 01:03:44,862 [pool-23-thread-1] INFO server.RaftServerConfigKeys: raft.server.log.segment.cache.size.max = 200MB (=209715200) (default)
kdc_1       | Jun 20 01:18:14 kdc krb5kdc[7](info): TGS_REQ (6 etypes {aes256-cts-hmac-sha1-96(18), aes128-cts-hmac-sha1-96(17), aes256-cts-hmac-sha384-192(20), aes128-cts-hmac-sha256-128(19), DEPRECATED:des3-cbc-sha1(16), DEPRECATED:arcfour-hmac(23)}) 172.18.0.8: ISSUE: authtime 1624151887, etypes {rep=aes256-cts-hmac-sha1-96(18), tkt=aes256-cts-hmac-sha1-96(18), ses=aes256-cts-hmac-sha1-96(18)}, testuser/scm@EXAMPLE.COM for om/om@EXAMPLE.COM
s3g_1       | 	at org.eclipse.jetty.util.thread.QueuedThreadPool.runJob(QueuedThreadPool.java:773)
datanode_1  | 2021-06-20 01:03:54,978 [c805fa90-9d2c-4a90-99ba-d35b808befc8@group-1E6C76872111-FollowerState] INFO impl.FollowerState: c805fa90-9d2c-4a90-99ba-d35b808befc8@group-1E6C76872111-FollowerState: change to CANDIDATE, lastRpcElapsedTime:5157698769ns, electionTimeout:5135ms
om_1        | 2021-06-20 01:03:56,507 [om1@group-C5BA1605619E-LeaderElection1] INFO server.RaftServer$Division: om1@group-C5BA1605619E: change Leader from null to om1 at term 1 for becomeLeader, leader elected after 6435ms
recon_1     | 2021-06-20 01:05:27,485 [Socket Reader #1 for port 9891] INFO ipc.Server: Auth successful for dn/dn@EXAMPLE.COM (auth:KERBEROS) from 172.18.0.9:34372
scm_1       | 2021-06-20 01:03:40,556 [Socket Reader #1 for port 9863] INFO ipc.Server: Auth successful for om/om@EXAMPLE.COM (auth:KERBEROS) from 172.18.0.4:35867
datanode_3  | 	at org.apache.ratis.grpc.GrpcUtil.unwrapException(GrpcUtil.java:92)
datanode_2  | 2021-06-20 01:03:44,862 [pool-23-thread-1] INFO segmented.SegmentedRaftLogWorker: new 8b8280d9-b604-4ebc-a46d-397184c9f4bf@group-1E6C76872111-SegmentedRaftLogWorker for RaftStorageImpl:Storage Directory /data/metadata/ratis/d4b93c80-ab5d-4a0d-ac36-1e6c76872111
datanode_2  | 2021-06-20 01:03:44,863 [pool-23-thread-1] INFO server.RaftServerConfigKeys: raft.server.log.queue.byte-limit = 2147483647 (custom)
s3g_1       | 	at org.eclipse.jetty.util.thread.QueuedThreadPool$Runner.run(QueuedThreadPool.java:905)
datanode_1  | 2021-06-20 01:03:54,979 [c805fa90-9d2c-4a90-99ba-d35b808befc8@group-1E6C76872111-FollowerState] INFO impl.RoleInfo: c805fa90-9d2c-4a90-99ba-d35b808befc8: shutdown c805fa90-9d2c-4a90-99ba-d35b808befc8@group-1E6C76872111-FollowerState
om_1        | 2021-06-20 01:03:56,520 [om1@group-C5BA1605619E-LeaderElection1] INFO server.RaftServerConfigKeys: raft.server.staging.catchup.gap = 1000 (default)
om_1        | 2021-06-20 01:03:56,523 [om1@group-C5BA1605619E-LeaderElection1] INFO metrics.RatisMetrics: Creating Metrics Registry : ratis.log_appender.om1@group-C5BA1605619E
om_1        | 2021-06-20 01:03:56,529 [om1@group-C5BA1605619E-LeaderElection1] INFO server.RaftServerConfigKeys: raft.server.write.element-limit = 4096 (default)
om_1        | 2021-06-20 01:03:56,529 [om1@group-C5BA1605619E-LeaderElection1] INFO server.RaftServerConfigKeys: raft.server.write.byte-limit = 64MB (=67108864) (default)
datanode_2  | 2021-06-20 01:03:44,863 [pool-23-thread-1] INFO server.RaftServerConfigKeys: raft.server.log.queue.element-limit = 1024 (custom)
