om1_1        | 2020-11-11 13:07:20,754 [pool-18-thread-1] INFO server.RaftServerConfigKeys: raft.server.snapshot.auto.trigger.enabled = true (custom)
kdc_1        | tabase
scm_1        | STARTUP_MSG:   java = 11.0.7
om2_1        | 2020-11-11 13:07:23,252 [grpc-default-executor-1] INFO metrics.RatisMetrics: Creating Metrics Registry : ratis.server_message_metrics.om2
s3g_1        | STARTUP_MSG:   java = 11.0.7
recon_1      | 2020-11-11 13:07:13,426 [EventQueue-PipelineReportForReconPipelineReportHandler] INFO scm.ReconPipelineReportHandler: Pipeline THREE PipelineID=916635b9-ced7-4eca-b08c-137399fec8d7 reported by f5af867e-084b-4f58-b06d-8c99e003ee18{ip: 172.25.0.103, host: ozonesecure-om-ha_datanode2_1.ozonesecure-om-ha_ozone_net, networkLocation: /default-rack, certSerialId: 2896566178935}
om3_1        | 2020-11-11 13:07:16,820 [Socket Reader #1 for port 9862] INFO ipc.Server: Starting Socket Reader #1 for port 9862
om1_1        | 2020-11-11 13:07:20,766 [pool-18-thread-1] INFO server.RaftServerConfigKeys: raft.server.snapshot.auto.trigger.threshold = 400000 (default)
kdc_1        | Nov 11 13:06:07 kdc krb5kdc[8](info): AS_REQ (8 etypes {18 17 20 19 16 23 25 26}) 127.0.0.1: ISSUE: authtime 1605099967, etypes {rep=18 tkt=18 ses=18}, admin/admin@EXAMPLE.COM for kadmin/admin@EXAMPLE.COM
scm_1        | ************************************************************/
om2_1        | 2020-11-11 13:07:23,252 [grpc-default-executor-0] INFO metrics.RatisMetrics: Creating Metrics Registry : ratis.server_message_metrics.om2
s3g_1        | ************************************************************/
recon_1      | 2020-11-11 13:07:13,428 [EventQueue-PipelineReportForReconPipelineReportHandler] INFO pipeline.PipelineStateManager: Pipeline Pipeline[ Id: 916635b9-ced7-4eca-b08c-137399fec8d7, Nodes: d5655840-1ad9-4f96-8661-4e016462530d{ip: 172.25.0.102, host: ozonesecure-om-ha_datanode1_1.ozonesecure-om-ha_ozone_net, networkLocation: /default-rack, certSerialId: null}f64acea6-07d0-4c4c-895d-21290795b61b{ip: 172.25.0.104, host: ozonesecure-om-ha_datanode3_1.ozonesecure-om-ha_ozone_net, networkLocation: /default-rack, certSerialId: null}f5af867e-084b-4f58-b06d-8c99e003ee18{ip: 172.25.0.103, host: ozonesecure-om-ha_datanode2_1.ozonesecure-om-ha_ozone_net, networkLocation: /default-rack, certSerialId: null}, Type:RATIS, Factor:THREE, State:ALLOCATED, leaderId:f64acea6-07d0-4c4c-895d-21290795b61b, CreationTimestamp2020-11-11T13:07:03.080Z] moved to OPEN state
om3_1        | 2020-11-11 13:07:16,870 [pool-18-thread-1] INFO metrics.RatisMetrics: Creating Metrics Registry : ratis.leader_election.om3@group-562213E44849
om1_1        | 2020-11-11 13:07:20,767 [pool-18-thread-1] INFO server.RaftServerConfigKeys: raft.server.snapshot.retention.file.num = -1 (default)
kdc_1        | Nov 11 13:06:07 kdc krb5kdc[8](info): AS_REQ (8 etypes {18 17 20 19 16 23 25 26}) 127.0.0.1: SERVER_NOT_FOUND: admin/admin@EXAMPLE.COM for kadmin/localhost@EXAMPLE.COM, Server not found in Kerberos database
scm_1        | 2020-11-11 13:06:22,282 [main] INFO server.StorageContainerManagerStarter: registered UNIX signal handlers for [TERM, HUP, INT]
om2_1        | Nov 11, 2020 1:07:23 PM org.apache.ratis.thirdparty.io.grpc.netty.NettyServerHandler onStreamError
s3g_1        | 2020-11-11 13:06:20,556 [main] INFO s3.Gateway: registered UNIX signal handlers for [TERM, HUP, INT]
recon_1      | 2020-11-11 13:07:33,710 [Socket Reader #1 for port 9891] INFO ipc.Server: Auth successful for dn/517d19f0b5e0@EXAMPLE.COM (auth:KERBEROS)
om3_1        | 2020-11-11 13:07:16,885 [pool-18-thread-1] INFO metrics.RatisMetrics: Creating Metrics Registry : ratis.server.om3@group-562213E44849
om1_1        | 2020-11-11 13:07:20,768 [pool-18-thread-1] INFO server.RaftServerConfigKeys: raft.server.log.purge.upto.snapshot.index = true (custom)
kdc_1        | Nov 11 13:06:07 kdc krb5kdc[8](info): AS_REQ (8 etypes {18 17 20 19 16 23 25 26}) 127.0.0.1: ISSUE: authtime 1605099967, etypes {rep=18 tkt=18 ses=18}, admin/admin@EXAMPLE.COM for kadmin/admin@EXAMPLE.COM
scm_1        | 2020-11-11 13:06:24,018 [main] WARN server.ServerUtils: ozone.scm.db.dirs is not configured. We recommend adding this setting. Falling back to ozone.metadata.dirs instead.
om2_1        | WARNING: Stream Error
s3g_1        | 2020-11-11 13:06:20,965 [main] INFO s3.Gateway: Starting Ozone S3 gateway
recon_1      | 2020-11-11 13:07:33,823 [Socket Reader #1 for port 9891] INFO authorize.ServiceAuthorizationManager: Authorization successful for dn/517d19f0b5e0@EXAMPLE.COM (auth:KERBEROS) for protocol=interface org.apache.hadoop.ozone.protocol.ReconDatanodeProtocol
om3_1        | 2020-11-11 13:07:17,825 [Listener at om3/9862] INFO impl.MetricsConfig: Loaded properties from hadoop-metrics2.properties
om1_1        | 2020-11-11 13:07:20,771 [pool-18-thread-1] INFO server.RaftServerConfigKeys: raft.server.retrycache.expirytime = 600000ms (custom)
kdc_1        | Generating keytab
scm_1        | 2020-11-11 13:06:24,797 [main] INFO server.StorageContainerManager: SCM initialization succeeded. Current cluster id for sd=/data/metadata/scm;cid=CID-f17a7582-11ce-46ba-9d41-32aef64b5fb0;layoutVersion=0
om2_1        | org.apache.ratis.thirdparty.io.netty.handler.codec.http2.Http2Exception$StreamException: Received DATA frame for an unknown stream 3
s3g_1        | 2020-11-11 13:06:21,043 [main] INFO http.HttpServer2: Jetty bound to port 9878
recon_1      | 2020-11-11 13:07:33,831 [EventQueue-PipelineReportForReconPipelineReportHandler] INFO scm.ReconPipelineReportHandler: Unknown pipeline PipelineID=029a8d63-7c4e-419d-a954-d8c54a183fe3. Trying to get from SCM.
om3_1        | 2020-11-11 13:07:17,969 [Listener at om3/9862] INFO impl.MetricsSystemImpl: Scheduled Metric snapshot period at 10 second(s).
om1_1        | 2020-11-11 13:07:20,797 [main] INFO ipc.CallQueueManager: Using callQueue: class java.util.concurrent.LinkedBlockingQueue, queueCapacity: 10000, scheduler: class org.apache.hadoop.ipc.DefaultRpcScheduler, ipcBackoff: false.
kdc_1        | Authenticating as principal admin/admin with keytab /tmp/admin.keytab.
scm_1        | 2020-11-11 13:06:24,932 [shutdown-hook-0] INFO server.StorageContainerManagerStarter: SHUTDOWN_MSG: 
om2_1        | 	at org.apache.ratis.thirdparty.io.netty.handler.codec.http2.Http2Exception.streamError(Http2Exception.java:147)
s3g_1        | 2020-11-11 13:06:21,056 [main] INFO server.Server: jetty-9.4.34.v20201102; built: 2020-11-02T14:15:39.302Z; git: e46af88704a893fc12cb0e3bf46e2c7b48a009e7; jvm 11.0.7+10-LTS
recon_1      | 2020-11-11 13:07:33,912 [EventQueue-PipelineReportForReconPipelineReportHandler] INFO scm.ReconPipelineReportHandler: Adding new pipeline Pipeline[ Id: 029a8d63-7c4e-419d-a954-d8c54a183fe3, Nodes: f5af867e-084b-4f58-b06d-8c99e003ee18{ip: 172.25.0.103, host: ozonesecure-om-ha_datanode2_1.ozonesecure-om-ha_ozone_net, networkLocation: /default-rack, certSerialId: null}, Type:RATIS, Factor:ONE, State:OPEN, leaderId:f5af867e-084b-4f58-b06d-8c99e003ee18, CreationTimestamp2020-11-11T13:07:02.640Z] to Recon pipeline metadata.
om3_1        | 2020-11-11 13:07:17,969 [Listener at om3/9862] INFO impl.MetricsSystemImpl: OzoneManager metrics system started
om1_1        | 2020-11-11 13:07:20,898 [pool-18-thread-1] INFO metrics.RatisMetrics: Creating Metrics Registry : ratis.leader_election.om1@group-562213E44849
kdc_1        | WARNING: no policy specified for om/om1@EXAMPLE.COM; defaulting to no policy
scm_1        | /************************************************************
om2_1        | 	at org.apache.ratis.thirdparty.io.netty.handler.codec.http2.DefaultHttp2ConnectionDecoder$FrameReadListener.shouldIgnoreHeadersOrDataFrame(DefaultHttp2ConnectionDecoder.java:596)
s3g_1        | 2020-11-11 13:06:21,441 [main] INFO server.session: DefaultSessionIdManager workerName=node0
recon_1      | 2020-11-11 13:07:33,913 [EventQueue-PipelineReportForReconPipelineReportHandler] INFO pipeline.PipelineStateManager: Created pipeline Pipeline[ Id: 029a8d63-7c4e-419d-a954-d8c54a183fe3, Nodes: f5af867e-084b-4f58-b06d-8c99e003ee18{ip: 172.25.0.103, host: ozonesecure-om-ha_datanode2_1.ozonesecure-om-ha_ozone_net, networkLocation: /default-rack, certSerialId: null}, Type:RATIS, Factor:ONE, State:OPEN, leaderId:f5af867e-084b-4f58-b06d-8c99e003ee18, CreationTimestamp2020-11-11T13:07:02.640Z]
om3_1        | 2020-11-11 13:07:18,112 [Listener at om3/9862] INFO om.OzoneManager: OzoneManager RPC server is listening at om3/172.25.0.113:9862
om1_1        | 2020-11-11 13:07:20,916 [pool-18-thread-1] INFO metrics.RatisMetrics: Creating Metrics Registry : ratis.server.om1@group-562213E44849
kdc_1        | Principal "om/om1@EXAMPLE.COM" created.
scm_1        | SHUTDOWN_MSG: Shutting down StorageContainerManager at scm/172.25.0.116
om2_1        | 	at org.apache.ratis.thirdparty.io.netty.handler.codec.http2.DefaultHttp2ConnectionDecoder$FrameReadListener.onDataRead(DefaultHttp2ConnectionDecoder.java:239)
s3g_1        | 2020-11-11 13:06:21,467 [main] INFO server.session: No SessionScavenger set, using defaults
recon_1      | 2020-11-11 13:07:35,549 [Socket Reader #1 for port 9891] INFO ipc.Server: Auth successful for dn/c9ae562c13d8@EXAMPLE.COM (auth:KERBEROS)
om3_1        | 2020-11-11 13:07:18,115 [Listener at om3/9862] INFO ratis.OzoneManagerRatisServer: Starting OzoneManagerRatisServer om3 at port 9872
om1_1        | 2020-11-11 13:07:20,937 [Socket Reader #1 for port 9862] INFO ipc.Server: Starting Socket Reader #1 for port 9862
kdc_1        | Authenticating as principal admin/admin with keytab /tmp/admin.keytab.
scm_1        | ************************************************************/
om2_1        | 	at org.apache.ratis.thirdparty.io.netty.handler.codec.http2.Http2InboundFrameLogger$1.onDataRead(Http2InboundFrameLogger.java:48)
s3g_1        | 2020-11-11 13:06:21,473 [main] INFO server.session: node0 Scavenging every 660000ms
om3_1        | 2020-11-11 13:07:18,123 [Listener at om3/9862] INFO impl.RaftServerImpl: om3@group-562213E44849: start as a follower, conf=-1: [om1:om1:9872:0, om3:om3:9872:0, om2:om2:9872:0], old=null
recon_1      | 2020-11-11 13:07:35,566 [Socket Reader #1 for port 9891] INFO authorize.ServiceAuthorizationManager: Authorization successful for dn/c9ae562c13d8@EXAMPLE.COM (auth:KERBEROS) for protocol=interface org.apache.hadoop.ozone.protocol.ReconDatanodeProtocol
recon_1      | 2020-11-11 13:07:35,594 [EventQueue-IncrementalContainerReportForReconIncrementalContainerReportHandler] INFO scm.ReconContainerManager: New container #1 got from ozonesecure-om-ha_datanode1_1.ozonesecure-om-ha_ozone_net.
kdc_1        | Entry for principal om/om1@EXAMPLE.COM with kvno 2, encryption type aes256-cts-hmac-sha1-96 added to keytab WRFILE:/data/om.om1.keytab.
scm_1        | No '-XX:...' jvm parameters are set. Adding safer GC settings '-XX:ParallelGCThreads=8 -XX:+UseConcMarkSweepGC -XX:CMSInitiatingOccupancyFraction=70 -XX:+CMSParallelRemarkEnabled' to the HADOOP_OPTS
om2_1        | 	at org.apache.ratis.thirdparty.io.netty.handler.codec.http2.DefaultHttp2FrameReader.readDataFrame(DefaultHttp2FrameReader.java:422)
s3g_1        | 2020-11-11 13:06:21,832 [main] INFO server.KerberosAuthenticationHandler: Using keytab /etc/security/keytabs/HTTP.keytab, for principal HTTP/s3g@EXAMPLE.COM
om3_1        | 2020-11-11 13:07:18,126 [Listener at om3/9862] INFO impl.RaftServerImpl: om3@group-562213E44849: changes role from      null to FOLLOWER at term 0 for startAsFollower
recon_1      | 2020-11-11 13:07:35,634 [EventQueue-IncrementalContainerReportForReconIncrementalContainerReportHandler] WARN scm.ReconContainerManager: Pipeline PipelineID=81a813cb-0b13-4835-b4ea-5c9a028b1ef8 not found. Cannot add container #1
om1_1        | 2020-11-11 13:07:21,896 [Listener at om1/9862] INFO impl.MetricsConfig: Loaded properties from hadoop-metrics2.properties
kdc_1        | Entry for principal om/om1@EXAMPLE.COM with kvno 2, encryption type aes128-cts-hmac-sha1-96 added to keytab WRFILE:/data/om.om1.keytab.
scm_1        | OpenJDK 64-Bit Server VM warning: Option UseConcMarkSweepGC was deprecated in version 9.0 and will likely be removed in a future release.
om2_1        | 	at org.apache.ratis.thirdparty.io.netty.handler.codec.http2.DefaultHttp2FrameReader.processPayloadState(DefaultHttp2FrameReader.java:251)
s3g_1        | 2020-11-11 13:06:22,227 [main] INFO handler.ContextHandler: Started o.e.j.s.ServletContextHandler@13f17eb4{logs,/logs,file:///var/log/hadoop/,AVAILABLE}
om3_1        | 2020-11-11 13:07:18,130 [Listener at om3/9862] INFO impl.RoleInfo: om3: start FollowerState
recon_1      | 2020-11-11 13:07:35,634 [EventQueue-IncrementalContainerReportForReconIncrementalContainerReportHandler] WARN scm.ReconIncrementalContainerReportHandler: Container 1 not found!
om1_1        | 2020-11-11 13:07:22,119 [Listener at om1/9862] INFO impl.MetricsSystemImpl: Scheduled Metric snapshot period at 10 second(s).
kdc_1        | Generating keytab
scm_1        | 2020-11-11 13:06:37,071 [main] INFO server.StorageContainerManagerStarter: STARTUP_MSG: 
scm_1        | /************************************************************
s3g_1        | 2020-11-11 13:06:22,236 [main] INFO handler.ContextHandler: Started o.e.j.s.ServletContextHandler@1522d8a0{static,/static,jar:file:/opt/hadoop/share/ozone/lib/hadoop-ozone-s3gateway-1.1.0-SNAPSHOT.jar!/webapps/static,AVAILABLE}
om3_1        | 2020-11-11 13:07:18,143 [Listener at om3/9862] INFO util.JmxRegister: Successfully registered JMX Bean with object name Ratis:service=RaftServer,group=group-562213E44849,id=om3
recon_1      | 2020-11-11 13:07:41,608 [Socket Reader #1 for port 9891] INFO ipc.Server: Auth successful for dn/b124d3ccded7@EXAMPLE.COM (auth:KERBEROS)
om1_1        | 2020-11-11 13:07:22,122 [Listener at om1/9862] INFO impl.MetricsSystemImpl: OzoneManager metrics system started
kdc_1        | Authenticating as principal admin/admin with keytab /tmp/admin.keytab.
om2_1        | 	at org.apache.ratis.thirdparty.io.netty.handler.codec.http2.DefaultHttp2FrameReader.readFrame(DefaultHttp2FrameReader.java:160)
scm_1        | STARTUP_MSG: Starting StorageContainerManager
s3g_1        | 2020-11-11 13:06:34,742 [main] INFO server.KerberosAuthenticationHandler: Using keytab /etc/security/keytabs/HTTP.keytab, for principal HTTP/s3g@EXAMPLE.COM
om3_1        | 2020-11-11 13:07:18,144 [Listener at om3/9862] INFO metrics.RatisMetrics: Creating Metrics Registry : ratis.state_machine.om3@group-562213E44849
recon_1      | 2020-11-11 13:07:41,616 [Socket Reader #1 for port 9891] INFO authorize.ServiceAuthorizationManager: Authorization successful for dn/b124d3ccded7@EXAMPLE.COM (auth:KERBEROS) for protocol=interface org.apache.hadoop.ozone.protocol.ReconDatanodeProtocol
om1_1        | 2020-11-11 13:07:22,289 [Listener at om1/9862] INFO om.OzoneManager: OzoneManager RPC server is listening at om1/172.25.0.111:9862
kdc_1        | WARNING: no policy specified for HTTP/om1@EXAMPLE.COM; defaulting to no policy
om2_1        | 	at org.apache.ratis.thirdparty.io.netty.handler.codec.http2.Http2InboundFrameLogger.readFrame(Http2InboundFrameLogger.java:41)
scm_1        | STARTUP_MSG:   host = scm/172.25.0.116
s3g_1        | Nov 11, 2020 1:06:36 PM org.glassfish.jersey.internal.Errors logErrors
recon_1      | 2020-11-11 13:07:42,959 [EventQueue-IncrementalContainerReportForReconIncrementalContainerReportHandler] INFO scm.ReconContainerManager: New container #2 got from ozonesecure-om-ha_datanode1_1.ozonesecure-om-ha_ozone_net.
om3_1        | 2020-11-11 13:07:18,167 [Listener at om3/9862] INFO impl.RaftServerProxy: om3: start RPC server
om1_1        | 2020-11-11 13:07:22,289 [Listener at om1/9862] INFO ratis.OzoneManagerRatisServer: Starting OzoneManagerRatisServer om1 at port 9872
kdc_1        | Principal "HTTP/om1@EXAMPLE.COM" created.
om2_1        | 	at org.apache.ratis.thirdparty.io.netty.handler.codec.http2.DefaultHttp2ConnectionDecoder.decodeFrame(DefaultHttp2ConnectionDecoder.java:174)
scm_1        | STARTUP_MSG:   args = []
s3g_1        | WARNING: The following warnings have been detected: WARNING: A HTTP GET method, public javax.ws.rs.core.Response org.apache.hadoop.ozone.s3.endpoint.ObjectEndpoint.get(java.lang.String,java.lang.String,java.lang.String,int,java.lang.String,java.io.InputStream) throws java.io.IOException,org.apache.hadoop.ozone.s3.exception.OS3Exception, should not consume any entity.
recon_1      | 2020-11-11 13:07:43,000 [EventQueue-IncrementalContainerReportForReconIncrementalContainerReportHandler] INFO scm.ReconContainerManager: Successfully added container #2 to Recon.
om3_1        | 2020-11-11 13:07:18,340 [Listener at om3/9862] INFO server.GrpcService: om3: GrpcService started, listening on 0.0.0.0/0.0.0.0:9872
om1_1        | 2020-11-11 13:07:22,318 [Listener at om1/9862] INFO impl.RaftServerImpl: om1@group-562213E44849: start as a follower, conf=-1: [om1:om1:9872:0, om3:om3:9872:0, om2:om2:9872:0], old=null
kdc_1        | Authenticating as principal admin/admin with keytab /tmp/admin.keytab.
om2_1        | 	at org.apache.ratis.thirdparty.io.netty.handler.codec.http2.Http2ConnectionHandler$FrameDecoder.decode(Http2ConnectionHandler.java:378)
scm_1        | STARTUP_MSG:   version = 1.1.0-SNAPSHOT
s3g_1        | 
s3g_1        | 2020-11-11 13:06:37,033 [main] INFO handler.ContextHandler: Started o.e.j.w.WebAppContext@2bfc2f8b{s3gateway,/,file:///tmp/jetty-0_0_0_0-9878-hadoop-ozone-s3gateway-1_1_0-SNAPSHOT_jar-_-any-1338856297854192407/webapp/,AVAILABLE}{jar:file:/opt/hadoop/share/ozone/lib/hadoop-ozone-s3gateway-1.1.0-SNAPSHOT.jar!/webapps/s3gateway}
om3_1        | 2020-11-11 13:07:18,341 [Listener at om3/9862] INFO om.OzoneManager: Reading keypair and certificate from file system.
om1_1        | 2020-11-11 13:07:22,319 [Listener at om1/9862] INFO impl.RaftServerImpl: om1@group-562213E44849: changes role from      null to FOLLOWER at term 0 for startAsFollower
kdc_1        | Entry for principal HTTP/om1@EXAMPLE.COM with kvno 2, encryption type aes256-cts-hmac-sha1-96 added to keytab WRFILE:/data/HTTP.om1.keytab.
om2_1        | 	at org.apache.ratis.thirdparty.io.netty.handler.codec.http2.Http2ConnectionHandler.decode(Http2ConnectionHandler.java:438)
s3g_1        | 2020-11-11 13:06:37,058 [main] INFO server.AbstractConnector: Started ServerConnector@1f2f9244{HTTP/1.1, (http/1.1)}{0.0.0.0:9878}
recon_1      | 2020-11-11 13:08:12,192 [pool-14-thread-1] INFO impl.OzoneManagerServiceProviderImpl: Syncing data from Ozone Manager.
scm_1        | STARTUP_MSG:   classpath = /etc/hadoop:/opt/hadoop/share/hadoop/common/*:/opt/hadoop/share/ozone/lib/kerb-simplekdc-1.0.1.jar:/opt/hadoop/share/ozone/lib/okhttp-4.2.2.jar:/opt/hadoop/share/ozone/lib/hadoop-hdds-container-service-1.1.0-SNAPSHOT.jar:/opt/hadoop/share/ozone/lib/jackson-databind-2.10.3.jar:/opt/hadoop/share/ozone/lib/protobuf-java-2.5.0.jar:/opt/hadoop/share/ozone/lib/ratis-netty-1.1.0-11689cd-SNAPSHOT.jar:/opt/hadoop/share/ozone/lib/bcpkix-jdk15on-1.60.jar:/opt/hadoop/share/ozone/lib/log4j-api-2.13.3.jar:/opt/hadoop/share/ozone/lib/jetty-util-ajax-9.4.34.v20201102.jar:/opt/hadoop/share/ozone/lib/commons-validator-1.6.jar:/opt/hadoop/share/ozone/lib/netty-3.10.5.Final.jar:/opt/hadoop/share/ozone/lib/kotlin-stdlib-common-1.3.50.jar:/opt/hadoop/share/ozone/lib/kerb-core-1.0.1.jar:/opt/hadoop/share/ozone/lib/picocli-4.4.0.jar:/opt/hadoop/share/ozone/lib/ratis-grpc-1.1.0-11689cd-SNAPSHOT.jar:/opt/hadoop/share/ozone/lib/jsr305-3.0.0.jar:/opt/hadoop/share/ozone/lib/j2objc-annotations-1.3.jar:/opt/hadoop/share/ozone/lib/leveldbjni-all-1.8.jar:/opt/hadoop/share/ozone/lib/jetty-http-9.4.34.v20201102.jar:/opt/hadoop/share/ozone/lib/jaeger-tracerresolver-1.2.0.jar:/opt/hadoop/share/ozone/lib/hadoop-auth-3.2.1.jar:/opt/hadoop/share/ozone/lib/hadoop-hdds-interface-server-1.1.0-SNAPSHOT.jar:/opt/hadoop/share/ozone/lib/htrace-core4-4.1.0-incubating.jar:/opt/hadoop/share/ozone/lib/kerb-util-1.0.1.jar:/opt/hadoop/share/ozone/lib/jetty-server-9.4.34.v20201102.jar:/opt/hadoop/share/ozone/lib/jaeger-thrift-1.2.0.jar:/opt/hadoop/share/ozone/lib/commons-logging-1.2.jar:/opt/hadoop/share/ozone/lib/jetty-xml-9.4.34.v20201102.jar:/opt/hadoop/share/ozone/lib/kerby-xdr-1.0.1.jar:/opt/hadoop/share/ozone/lib/jetty-io-9.4.34.v20201102.jar:/opt/hadoop/share/ozone/lib/opentracing-tracerresolver-0.1.8.jar:/opt/hadoop/share/ozone/lib/commons-net-3.6.jar:/opt/hadoop/share/ozone/lib/jaeger-core-1.2.0.jar:/opt/hadoop/share/ozone/lib/error_prone_annotations-2.2.0.jar:/opt/hadoop/share/ozone/lib/jetty-webapp-9.4.34.v20201102.jar:/opt/hadoop/share/ozone/lib/ratis-thirdparty-misc-0.6.0-SNAPSHOT.jar:/opt/hadoop/share/ozone/lib/slf4j-log4j12-1.7.25.jar:/opt/hadoop/share/ozone/lib/okio-2.2.2.jar:/opt/hadoop/share/ozone/lib/kerby-config-1.0.1.jar:/opt/hadoop/share/ozone/lib/metrics-core-3.2.4.jar:/opt/hadoop/share/ozone/lib/guava-28.2-jre.jar:/opt/hadoop/share/ozone/lib/kerby-pkix-1.0.1.jar:/opt/hadoop/share/ozone/lib/xz-1.0.jar:/opt/hadoop/share/ozone/lib/ratis-proto-1.1.0-11689cd-SNAPSHOT.jar:/opt/hadoop/share/ozone/lib/jsr311-api-1.1.1.jar:/opt/hadoop/share/ozone/lib/hadoop-hdds-client-1.1.0-SNAPSHOT.jar:/opt/hadoop/share/ozone/lib/jetty-servlet-9.4.34.v20201102.jar:/opt/hadoop/share/ozone/lib/commons-beanutils-1.9.4.jar:/opt/hadoop/share/ozone/lib/javax.servlet-api-3.1.0.jar:/opt/hadoop/share/ozone/lib/kerb-server-1.0.1.jar:/opt/hadoop/share/ozone/lib/kerb-client-1.0.1.jar:/opt/hadoop/share/ozone/lib/disruptor-3.4.2.jar:/opt/hadoop/share/ozone/lib/libthrift-0.13.0.jar:/opt/hadoop/share/ozone/lib/log4j-core-2.13.3.jar:/opt/hadoop/share/ozone/lib/annotations-13.0.jar:/opt/hadoop/share/ozone/lib/simpleclient_common-0.7.0.jar:/opt/hadoop/share/ozone/lib/dnsjava-2.1.7.jar:/opt/hadoop/share/ozone/lib/jackson-annotations-2.10.3.jar:/opt/hadoop/share/ozone/lib/ratis-server-1.1.0-11689cd-SNAPSHOT.jar:/opt/hadoop/share/ozone/lib/commons-configuration2-2.1.1.jar:/opt/hadoop/share/ozone/lib/json-smart-2.3.jar:/opt/hadoop/share/ozone/lib/token-provider-1.0.1.jar:/opt/hadoop/share/ozone/lib/log4j-1.2.17.jar:/opt/hadoop/share/ozone/lib/commons-daemon-1.0.13.jar:/opt/hadoop/share/ozone/lib/listenablefuture-9999.0-empty-to-avoid-conflict-with-guava.jar:/opt/hadoop/share/ozone/lib/jetty-security-9.4.34.v20201102.jar:/opt/hadoop/share/ozone/lib/bcprov-jdk15on-1.60.jar:/opt/hadoop/share/ozone/lib/hadoop-hdds-config-1.1.0-SNAPSHOT.jar:/opt/hadoop/share/ozone/lib/hadoop-hdds-common-1.1.0-SNAPSHOT.jar:/opt/hadoop/share/ozone/lib/hadoop-hdfs-client-3.2.1.jar:/opt/hadoop/share/ozone/lib/commons-lang3-3.7.jar:/opt/hadoop/share/ozone/lib/commons-compress-1.4.1.jar:/opt/hadoop/share/ozone/lib/accessors-smart-1.2.jar:/opt/hadoop/share/ozone/lib/re2j-1.1.jar:/opt/hadoop/share/ozone/lib/hadoop-hdfs-3.2.1.jar:/opt/hadoop/share/ozone/lib/commons-math3-3.1.1.jar:/opt/hadoop/share/ozone/lib/simpleclient_dropwizard-0.7.0.jar:/opt/hadoop/share/ozone/lib/hadoop-common-3.2.1.jar:/opt/hadoop/share/ozone/lib/simpleclient-0.7.0.jar:/opt/hadoop/share/ozone/lib/httpclient-4.5.2.jar:/opt/hadoop/share/ozone/lib/rocksdbjni-6.8.1.jar:/opt/hadoop/share/ozone/lib/asm-5.0.4.jar:/opt/hadoop/share/ozone/lib/kerby-util-1.0.1.jar:/opt/hadoop/share/ozone/lib/failureaccess-1.0.1.jar:/opt/hadoop/share/ozone/lib/ratis-metrics-1.1.0-11689cd-SNAPSHOT.jar:/opt/hadoop/share/ozone/lib/jsp-api-2.1.jar:/opt/hadoop/share/ozone/lib/jsch-0.1.54.jar:/opt/hadoop/share/ozone/lib/nimbus-jose-jwt-7.9.jar:/opt/hadoop/share/ozone/lib/kotlin-stdlib-1.3.50.jar:/opt/hadoop/share/ozone/lib/commons-codec-1.11.jar:/opt/hadoop/share/ozone/lib/ratis-common-1.1.0-11689cd-SNAPSHOT.jar:/opt/hadoop/share/ozone/lib/commons-pool2-2.6.0.jar:/opt/hadoop/share/ozone/lib/jackson-datatype-jsr310-2.10.3.jar:/opt/hadoop/share/ozone/lib/gson-2.2.4.jar:/opt/hadoop/share/ozone/lib/opentracing-api-0.33.0.jar:/opt/hadoop/share/ozone/lib/jcip-annotations-1.0-1.jar:/opt/hadoop/share/ozone/lib/kerb-admin-1.0.1.jar:/opt/hadoop/share/ozone/lib/commons-io-2.5.jar:/opt/hadoop/share/ozone/lib/snakeyaml-1.16.jar:/opt/hadoop/share/ozone/lib/opentracing-noop-0.33.0.jar:/opt/hadoop/share/ozone/lib/jersey-core-1.19.jar:/opt/hadoop/share/ozone/lib/checker-qual-2.10.0.jar:/opt/hadoop/share/ozone/lib/opentracing-util-0.33.0.jar:/opt/hadoop/share/ozone/lib/commons-cli-1.2.jar:/opt/hadoop/share/ozone/lib/woodstox-core-5.0.3.jar:/opt/hadoop/share/ozone/lib/javax.annotation-api-1.2.jar:/opt/hadoop/share/ozone/lib/hadoop-hdds-interface-client-1.1.0-SNAPSHOT.jar:/opt/hadoop/share/ozone/lib/netty-all-4.1.48.Final.jar:/opt/hadoop/share/ozone/lib/kerby-asn1-1.0.1.jar:/opt/hadoop/share/ozone/lib/hadoop-hdds-hadoop-dependency-client-1.1.0-SNAPSHOT.jar:/opt/hadoop/share/ozone/lib/stax2-api-3.1.4.jar:/opt/hadoop/share/ozone/lib/commons-digester-1.8.1.jar:/opt/hadoop/share/ozone/lib/commons-collections-3.2.2.jar:/opt/hadoop/share/ozone/lib/commons-text-1.4.jar:/opt/hadoop/share/ozone/lib/jackson-core-2.10.3.jar:/opt/hadoop/share/ozone/lib/jersey-servlet-1.19.jar:/opt/hadoop/share/ozone/lib/jetty-util-9.4.34.v20201102.jar:/opt/hadoop/share/ozone/lib/slf4j-api-1.7.25.jar:/opt/hadoop/share/ozone/lib/kerb-identity-1.0.1.jar:/opt/hadoop/share/ozone/lib/hadoop-hdds-server-framework-1.1.0-SNAPSHOT.jar:/opt/hadoop/share/ozone/lib/hadoop-hdds-common-1.1.0-SNAPSHOT-tests.jar:/opt/hadoop/share/ozone/lib/hadoop-hdds-hadoop-dependency-server-1.1.0-SNAPSHOT.jar:/opt/hadoop/share/ozone/lib/jaeger-client-1.2.0.jar:/opt/hadoop/share/ozone/lib/kerb-common-1.0.1.jar:/opt/hadoop/share/ozone/lib/hadoop-hdds-interface-admin-1.1.0-SNAPSHOT.jar:/opt/hadoop/share/ozone/lib/jersey-server-1.19.jar:/opt/hadoop/share/ozone/lib/kerb-crypto-1.0.1.jar:/opt/hadoop/share/ozone/lib/ratis-client-1.1.0-11689cd-SNAPSHOT.jar:/opt/hadoop/share/ozone/lib/hadoop-annotations-3.2.1.jar:/opt/hadoop/share/ozone/lib/httpcore-4.4.4.jar:/opt/hadoop/share/ozone/web:/opt/hadoop/share/ozone/lib/hadoop-hdds-server-scm-1.1.0-SNAPSHOT.jar
om3_1        | 2020-11-11 13:07:18,376 [Listener at om3/9862] INFO om.OzoneManager: Starting OM block token secret manager
om1_1        | 2020-11-11 13:07:22,328 [Listener at om1/9862] INFO impl.RoleInfo: om1: start FollowerState
kdc_1        | Entry for principal HTTP/om1@EXAMPLE.COM with kvno 2, encryption type aes128-cts-hmac-sha1-96 added to keytab WRFILE:/data/HTTP.om1.keytab.
om2_1        | 	at org.apache.ratis.thirdparty.io.netty.handler.codec.ByteToMessageDecoder.decodeRemovalReentryProtection(ByteToMessageDecoder.java:501)
s3g_1        | 2020-11-11 13:06:37,058 [main] INFO server.Server: Started @30566ms
recon_1      | 2020-11-11 13:08:12,192 [pool-14-thread-1] INFO impl.OzoneManagerServiceProviderImpl: Obtaining full snapshot from Ozone Manager
scm_1        | STARTUP_MSG:   build = https://github.com/apache/ozone.git/90190f50f42470ea25c68ee3db42e7294e8b44eb ; compiled by 'runner' on 2020-11-11T12:20Z
om3_1        | 2020-11-11 13:07:18,383 [Listener at om3/9862] INFO security.OzoneBlockTokenSecretManager: Updating the current master key for generating tokens
om1_1        | 2020-11-11 13:07:22,337 [Listener at om1/9862] INFO util.JmxRegister: Successfully registered JMX Bean with object name Ratis:service=RaftServer,group=group-562213E44849,id=om1
kdc_1        | Nov 11 13:06:08 kdc kadmind[24](Notice): Request: kadm5_init, admin/admin@EXAMPLE.COM, success, client=admin/admin@EXAMPLE.COM, service=kadmin/admin@EXAMPLE.COM, addr=127.0.0.1, vers=4, flavor=6
om2_1        | 	at org.apache.ratis.thirdparty.io.netty.handler.codec.ByteToMessageDecoder.callDecode(ByteToMessageDecoder.java:440)
s3g_1        | 2020-11-11 13:06:37,063 [main] INFO http.BaseHttpServer: HTTP server of s3gateway listening at http://0.0.0.0:9878
recon_1      | 2020-11-11 13:08:12,962 [Socket Reader #1 for port 9891] INFO ipc.Server: Auth successful for dn/c9ae562c13d8@EXAMPLE.COM (auth:KERBEROS)
scm_1        | STARTUP_MSG:   java = 11.0.7
om3_1        | 2020-11-11 13:07:18,384 [Listener at om3/9862] INFO om.OzoneManager: Starting OM delegation token secret manager
om1_1        | 2020-11-11 13:07:22,339 [Listener at om1/9862] INFO metrics.RatisMetrics: Creating Metrics Registry : ratis.state_machine.om1@group-562213E44849
kdc_1        | Nov 11 13:06:08 kdc kadmind[24](Notice): Request: kadm5_get_policy, default, Policy does not exist, client=admin/admin@EXAMPLE.COM, service=kadmin/admin@EXAMPLE.COM, addr=127.0.0.1
om2_1        | 	at org.apache.ratis.thirdparty.io.netty.handler.codec.ByteToMessageDecoder.channelRead(ByteToMessageDecoder.java:276)
recon_1      | 2020-11-11 13:08:12,975 [Socket Reader #1 for port 9891] INFO authorize.ServiceAuthorizationManager: Authorization successful for dn/c9ae562c13d8@EXAMPLE.COM (auth:KERBEROS) for protocol=interface org.apache.hadoop.ozone.protocol.ReconDatanodeProtocol
recon_1      | 2020-11-11 13:08:12,986 [EventQueue-ContainerReportForReconContainerReportHandler] INFO scm.ReconContainerManager: New container #1 got from ozonesecure-om-ha_datanode1_1.ozonesecure-om-ha_ozone_net.
om3_1        | 2020-11-11 13:07:18,386 [Listener at om3/9862] INFO security.OzoneDelegationTokenSecretManager: Updating the current master key for generating tokens
om1_1        | 2020-11-11 13:07:22,360 [Listener at om1/9862] INFO impl.RaftServerProxy: om1: start RPC server
kdc_1        | Nov 11 13:06:08 kdc kadmind[24](Notice): Request: kadm5_create_principal, om/om1@EXAMPLE.COM, success, client=admin/admin@EXAMPLE.COM, service=kadmin/admin@EXAMPLE.COM, addr=127.0.0.1
om2_1        | 	at org.apache.ratis.thirdparty.io.netty.channel.AbstractChannelHandlerContext.invokeChannelRead(AbstractChannelHandlerContext.java:379)
recon_1      | 2020-11-11 13:08:13,051 [EventQueue-ContainerReportForReconContainerReportHandler] WARN scm.ReconContainerManager: Pipeline PipelineID=81a813cb-0b13-4835-b4ea-5c9a028b1ef8 not found. Cannot add container #1
scm_1        | ************************************************************/
om3_1        | 2020-11-11 13:07:18,398 [Thread[Thread-13,5,main]] INFO security.OzoneDelegationTokenSecretManager: Starting expired delegation token remover thread, tokenRemoverScanInterval=60 min(s)
om1_1        | 2020-11-11 13:07:22,652 [Listener at om1/9862] INFO server.GrpcService: om1: GrpcService started, listening on 0.0.0.0/0.0.0.0:9872
kdc_1        | Nov 11 13:06:08 kdc kadmind[24](info): closing down fd 18
om2_1        | 	at org.apache.ratis.thirdparty.io.netty.channel.AbstractChannelHandlerContext.invokeChannelRead(AbstractChannelHandlerContext.java:365)
recon_1      | 2020-11-11 13:08:13,064 [EventQueue-ContainerReportForReconContainerReportHandler] ERROR container.ContainerReportHandler: Received container report for an unknown container 1 from datanode d5655840-1ad9-4f96-8661-4e016462530d{ip: 172.25.0.102, host: ozonesecure-om-ha_datanode1_1.ozonesecure-om-ha_ozone_net, networkLocation: /default-rack, certSerialId: null}.
scm_1        | 2020-11-11 13:06:37,116 [main] INFO server.StorageContainerManagerStarter: registered UNIX signal handlers for [TERM, HUP, INT]
om3_1        | 2020-11-11 13:07:18,550 [Listener at om3/9862] INFO http.BaseHttpServer: Starting Web-server for ozoneManager at: http://0.0.0.0:9874
om1_1        | 2020-11-11 13:07:22,653 [Listener at om1/9862] INFO om.OzoneManager: Reading keypair and certificate from file system.
kdc_1        | Nov 11 13:06:08 kdc kadmind[24](Notice): Request: kadm5_init, admin/admin@EXAMPLE.COM, success, client=admin/admin@EXAMPLE.COM, service=kadmin/admin@EXAMPLE.COM, addr=127.0.0.1, vers=4, flavor=6
kdc_1        | Nov 11 13:06:08 kdc kadmind[24](Notice): Request: kadm5_randkey_principal, om/om1@EXAMPLE.COM, success, client=admin/admin@EXAMPLE.COM, service=kadmin/admin@EXAMPLE.COM, addr=127.0.0.1
recon_1      | org.apache.hadoop.hdds.scm.container.ContainerNotFoundException: Container with id #1 not found.
scm_1        | 2020-11-11 13:06:37,579 [main] WARN server.ServerUtils: ozone.scm.db.dirs is not configured. We recommend adding this setting. Falling back to ozone.metadata.dirs instead.
om3_1        | 2020-11-11 13:07:18,555 [Listener at om3/9862] INFO http.BaseHttpServer: Hadoop Security Enabled: true Ozone Security Enabled: true Ozone HTTP Security Enabled: true 
om1_1        | 2020-11-11 13:07:22,680 [Listener at om1/9862] INFO om.OzoneManager: Starting OM block token secret manager
kdc_1        | Nov 11 13:06:08 kdc kadminNov 11 13:06:08 kdc krb5kdc[8](info): AS_REQ (8 etypes {18 17 20 19 16 23 25 26}) 127.0.0.1: SERVER_NOT_FOUND: admin/admin@EXAMPLE.COM for kadmin/localhost@EXAMPLE.COM, Server not found in Kerberos database
kdc_1        | Nov 11 13:06:08 kdc krb5kdc[8](info): AS_REQ (8 etypes {18 17 20 19 16 23 25 26}) 127.0.0.1: ISSUE: authtime 1605099968, etypes {rep=18 tkt=18 ses=18}, admin/admin@EXAMPLE.COM for kadmin/admin@EXAMPLE.COM
recon_1      | 	at org.apache.hadoop.hdds.scm.container.states.ContainerStateMap.checkIfContainerExist(ContainerStateMap.java:542)
scm_1        | WARNING: An illegal reflective access operation has occurred
om3_1        | 2020-11-11 13:07:18,555 [Listener at om3/9862] INFO http.BaseHttpServer: HttpAuthType: ozone.om.http.auth.type = kerberos
kdc_1        | Nov 11 13:06:08 kdc krb5kdc[8](info): AS_REQ (8 etypes {18 17 20 19 16 23 25 26}) 127.0.0.1: SERVER_NOT_FOUND: admin/admin@EXAMPLE.COM for kadmin/localhost@EXAMPLE.COM, Server not found in Kerberos database
om2_1        | 	at org.apache.ratis.thirdparty.io.netty.channel.AbstractChannelHandlerContext.fireChannelRead(AbstractChannelHandlerContext.java:357)
om1_1        | 2020-11-11 13:07:22,681 [Listener at om1/9862] INFO security.OzoneBlockTokenSecretManager: Updating the current master key for generating tokens
recon_1      | 	at org.apache.hadoop.hdds.scm.container.states.ContainerStateMap.getContainerInfo(ContainerStateMap.java:188)
scm_1        | WARNING: Illegal reflective access by org.apache.hadoop.security.authentication.util.KerberosUtil (file:/opt/hadoop/share/ozone/lib/hadoop-auth-3.2.1.jar) to method sun.security.krb5.Config.getInstance()
om3_1        | 2020-11-11 13:07:18,668 [Listener at om3/9862] INFO util.log: Logging initialized @25888ms to org.eclipse.jetty.util.log.Slf4jLog
kdc_1        | Nov 11 13:06:08 kdc krb5kdc[8](info): AS_REQ (8 etypes {18 17 20 19 16 23 25 26}) 127.0.0.1: ISSUE: authtime 1605099968, etypes {rep=18 tkt=18 ses=18}, admin/admin@EXAMPLE.COM for kadmin/admin@EXAMPLE.COM
om2_1        | 	at org.apache.ratis.thirdparty.io.netty.channel.DefaultChannelPipeline$HeadContext.channelRead(DefaultChannelPipeline.java:1410)
om1_1        | 2020-11-11 13:07:22,691 [Listener at om1/9862] INFO om.OzoneManager: Starting OM delegation token secret manager
recon_1      | 	at org.apache.hadoop.hdds.scm.container.ContainerStateManager.getContainer(ContainerStateManager.java:499)
scm_1        | WARNING: Please consider reporting this to the maintainers of org.apache.hadoop.security.authentication.util.KerberosUtil
om3_1        | 2020-11-11 13:07:19,167 [Thread-12] INFO impl.FollowerState: om3@group-562213E44849-FollowerState: change to CANDIDATE, lastRpcTime:1037ms, electionTimeout:1012ms
kdc_1        | Nov 11 13:06:08 kdc krb5kdc[8](info): AS_REQ (8 etypes {18 17 20 19 16 23 25 26}) 127.0.0.1: SERVER_NOT_FOUND: admin/admin@EXAMPLE.COM for kadmin/localhost@EXAMPLE.COM, Server not found in Kerberos database
om2_1        | 	at org.apache.ratis.thirdparty.io.netty.channel.AbstractChannelHandlerContext.invokeChannelRead(AbstractChannelHandlerContext.java:379)
om1_1        | 2020-11-11 13:07:22,691 [Listener at om1/9862] INFO security.OzoneDelegationTokenSecretManager: Updating the current master key for generating tokens
recon_1      | 	at org.apache.hadoop.hdds.scm.container.SCMContainerManager.getContainer(SCMContainerManager.java:212)
scm_1        | WARNING: Use --illegal-access=warn to enable warnings of further illegal reflective access operations
om3_1        | 2020-11-11 13:07:19,168 [Thread-12] INFO impl.RoleInfo: om3: shutdown FollowerState
kdc_1        | Nov 11 13:06:08 kdc krb5kdc[8](info): AS_REQ (8 etypes {18 17 20 19 16 23 25 26}) 127.0.0.1: ISSUE: authtime 1605099968, etypes {rep=18 tkt=18 ses=18}, admin/admin@EXAMPLE.COM for kadmin/admin@EXAMPLE.COM
om2_1        | 	at org.apache.ratis.thirdparty.io.netty.channel.AbstractChannelHandlerContext.invokeChannelRead(AbstractChannelHandlerContext.java:365)
om1_1        | 2020-11-11 13:07:22,716 [Thread[Thread-13,5,main]] INFO security.OzoneDelegationTokenSecretManager: Starting expired delegation token remover thread, tokenRemoverScanInterval=60 min(s)
recon_1      | 	at org.apache.hadoop.hdds.scm.container.AbstractContainerReportHandler.processContainerReplica(AbstractContainerReportHandler.java:86)
scm_1        | WARNING: All illegal access operations will be denied in a future release
om3_1        | 2020-11-11 13:07:19,172 [Thread-12] INFO impl.RaftServerImpl: om3@group-562213E44849: changes role from  FOLLOWER to CANDIDATE at term 0 for changeToCandidate
kdc_1        | Nov 11 13:06:08 kdc krb5kdc[8](info): AS_REQ (8 etypes {18 17 20 19 16 23 25 26}) 127.0.0.1: SERVER_NOT_FOUND: admin/admin@EXAMPLE.COM for kadmin/localhost@EXAMPLE.COM, Server not found in Kerberos database
om2_1        | 	at org.apache.ratis.thirdparty.io.netty.channel.DefaultChannelPipeline.fireChannelRead(DefaultChannelPipeline.java:919)
om1_1        | 2020-11-11 13:07:22,865 [Listener at om1/9862] INFO http.BaseHttpServer: Starting Web-server for ozoneManager at: http://0.0.0.0:9874
recon_1      | 	at org.apache.hadoop.hdds.scm.container.ContainerReportHandler.processContainerReplicas(ContainerReportHandler.java:160)
scm_1        | 2020-11-11 13:06:38,539 [main] INFO security.UserGroupInformation: Login successful for user scm/scm@EXAMPLE.COM using keytab file /etc/security/keytabs/scm.keytab
om3_1        | 2020-11-11 13:07:19,173 [Thread-12] INFO impl.RoleInfo: om3: start LeaderElection
kdc_1        | Nov 11 13:06:08 kdc krb5kdc[8](info): AS_REQ (8 etypes {18 17 20 19 16 23 25 26}) 127.0.0.1: ISSUE: authtime 1605099968, etypes {rep=18 tkt=18 ses=18}, admin/admin@EXAMPLE.COM for kadmin/admin@EXAMPLE.COM
om2_1        | 	at org.apache.ratis.thirdparty.io.netty.channel.nio.AbstractNioByteChannel$NioByteUnsafe.read(AbstractNioByteChannel.java:163)
om1_1        | 2020-11-11 13:07:22,866 [Listener at om1/9862] INFO http.BaseHttpServer: Hadoop Security Enabled: true Ozone Security Enabled: true Ozone HTTP Security Enabled: true 
recon_1      | 	at org.apache.hadoop.hdds.scm.container.ContainerReportHandler.onMessage(ContainerReportHandler.java:128)
scm_1        | 2020-11-11 13:06:38,540 [main] INFO server.StorageContainerManager: SCM login successful.
om3_1        | 2020-11-11 13:07:19,253 [om3@group-562213E44849-LeaderElection1] INFO impl.LeaderElection: om3@group-562213E44849-LeaderElection1: begin an election at term 1 for -1: [om1:om1:9872:0, om3:om3:9872:0, om2:om2:9872:0], old=null
kdc_1        | Nov 11 13:06:08 kdc krb5kdc[8](info): AS_REQ (8 etypes {18 17 20 19 16 23 25 26}) 172.25.0.116: ISSUE: authtime 1605099968, etypes {rep=18 tkt=18 ses=18}, HTTP/scm@EXAMPLE.COM for krbtgt/EXAMPLE.COM@EXAMPLE.COM
om2_1        | 	at org.apache.ratis.thirdparty.io.netty.channel.nio.NioEventLoop.processSelectedKey(NioEventLoop.java:714)
om1_1        | 2020-11-11 13:07:22,866 [Listener at om1/9862] INFO http.BaseHttpServer: HttpAuthType: ozone.om.http.auth.type = kerberos
recon_1      | 	at org.apache.hadoop.ozone.recon.scm.ReconContainerReportHandler.onMessage(ReconContainerReportHandler.java:71)
scm_1        | 2020-11-11 13:06:39,019 [main] WARN db.DBStoreBuilder: ozone.scm.db.dirs is not configured. We recommend adding this setting. Falling back to ozone.metadata.dirs instead.
om3_1        | 2020-11-11 13:07:19,556 [Listener at om3/9862] INFO http.HttpRequestLog: Http request log for http.requests.ozoneManager is not defined
kdc_1        | d[24](Notice): Request: kadm5_get_principal, om/om1@EXAMPLE.COM, success, client=admin/admin@EXAMPLE.COM, service=kadmin/admin@EXAMPLE.COM, addr=127.0.0.1
om2_1        | 	at org.apache.ratis.thirdparty.io.netty.channel.nio.NioEventLoop.processSelectedKeysOptimized(NioEventLoop.java:650)
om1_1        | 2020-11-11 13:07:23,049 [Listener at om1/9862] INFO util.log: Logging initialized @25761ms to org.eclipse.jetty.util.log.Slf4jLog
recon_1      | 	at org.apache.hadoop.ozone.recon.scm.ReconContainerReportHandler.onMessage(ReconContainerReportHandler.java:38)
scm_1        | 2020-11-11 13:06:41,213 [main] INFO ozone.OzoneSecurityUtil: Adding ip:172.25.0.116,host:scm
om3_1        | 2020-11-11 13:07:19,670 [Listener at om3/9862] INFO http.HttpServer2: Added global filter 'safety' (class=org.apache.hadoop.hdds.server.http.HttpServer2$QuotingInputFilter)
kdc_1        | Nov 11 13:06:08 kdc kadmind[24](info): closing down fd 18
om2_1        | 	at org.apache.ratis.thirdparty.io.netty.channel.nio.NioEventLoop.processSelectedKeys(NioEventLoop.java:576)
om1_1        | 2020-11-11 13:07:23,544 [Thread-12] INFO impl.FollowerState: om1@group-562213E44849-FollowerState: change to CANDIDATE, lastRpcTime:1224ms, electionTimeout:1190ms
recon_1      | 	at org.apache.hadoop.hdds.server.events.SingleThreadExecutor.lambda$onMessage$1(SingleThreadExecutor.java:81)
scm_1        | 2020-11-11 13:06:41,213 [main] INFO ozone.OzoneSecurityUtil: ip:127.0.0.1 not returned.
om3_1        | 2020-11-11 13:07:19,686 [Listener at om3/9862] INFO http.HttpServer2: Added filter authentication (class=org.apache.hadoop.security.authentication.server.AuthenticationFilter) to context ozoneManager
kdc_1        | Nov 11 13:06:08 kdc kadmind[24](Notice): Request: kadm5_init, admin/admin@EXAMPLE.COM, success, client=admin/admin@EXAMPLE.COM, service=kadmin/admin@EXAMPLE.COM, addr=127.0.0.1, vers=4, flavor=6
om2_1        | 	at org.apache.ratis.thirdparty.io.netty.channel.nio.NioEventLoop.run(NioEventLoop.java:493)
om1_1        | 2020-11-11 13:07:23,545 [Thread-12] INFO impl.RoleInfo: om1: shutdown FollowerState
recon_1      | 	at java.base/java.util.concurrent.ThreadPoolExecutor.runWorker(ThreadPoolExecutor.java:1128)
scm_1        | 2020-11-11 13:06:41,459 [main] INFO ipc.CallQueueManager: Using callQueue: class java.util.concurrent.LinkedBlockingQueue, queueCapacity: 200, scheduler: class org.apache.hadoop.ipc.DefaultRpcScheduler, ipcBackoff: false.
om3_1        | 2020-11-11 13:07:19,687 [Listener at om3/9862] INFO http.HttpServer2: Added filter authentication (class=org.apache.hadoop.security.authentication.server.AuthenticationFilter) to context logs
kdc_1        | Nov 11 13:06:08 kdc kadmind[24](Notice): Request: kadm5_get_policy, default, Policy does not exist, client=admin/admin@EXAMPLE.COM, service=kadmin/admin@EXAMPLE.COM, addr=127.0.0.1
om2_1        | 	at org.apache.ratis.thirdparty.io.netty.util.concurrent.SingleThreadEventExecutor$4.run(SingleThreadEventExecutor.java:989)
om1_1        | 2020-11-11 13:07:23,547 [Thread-12] INFO impl.RaftServerImpl: om1@group-562213E44849: changes role from  FOLLOWER to CANDIDATE at term 0 for changeToCandidate
recon_1      | 	at java.base/java.util.concurrent.ThreadPoolExecutor$Worker.run(ThreadPoolExecutor.java:628)
scm_1        | 2020-11-11 13:06:41,486 [Socket Reader #1 for port 9961] INFO ipc.Server: Starting Socket Reader #1 for port 9961
om3_1        | 2020-11-11 13:07:19,688 [Listener at om3/9862] INFO http.HttpServer2: Added filter authentication (class=org.apache.hadoop.security.authentication.server.AuthenticationFilter) to context static
kdc_1        | Nov 11 13:06:08 kdc kadmind[24](Notice): Request: kadm5_create_principal, HTTP/om1@EXAMPLE.COM, success, client=admin/admin@EXAMPLE.COM, service=kadmin/admin@EXAMPLE.COM, addr=127.0.0.1
om2_1        | 	at org.apache.ratis.thirdparty.io.netty.util.internal.ThreadExecutorMap$2.run(ThreadExecutorMap.java:74)
om1_1        | 2020-11-11 13:07:23,573 [Thread-12] INFO impl.RoleInfo: om1: start LeaderElection
recon_1      | 	at java.base/java.lang.Thread.run(Thread.java:834)
scm_1        | 2020-11-11 13:06:41,665 [Listener at 0.0.0.0/9961] INFO net.NodeSchemaLoader: Loading file from java.lang.CompoundEnumeration@12bbfc54
om3_1        | 2020-11-11 13:07:19,740 [Listener at om3/9862] INFO http.HttpServer2: Initialize spnego with host: 0.0.0.0 userKey: ozone.om.http.auth.kerberos.principal keytabKey: ozone.om.http.auth.kerberos.keytab
kdc_1        | Nov 11 13:06:08 kdc kadmind[24](info): closing down fd 18
om2_1        | 	at org.apache.ratis.thirdparty.io.netty.util.concurrent.FastThreadLocalRunnable.run(FastThreadLocalRunnable.java:30)
om1_1        | 2020-11-11 13:07:23,641 [om1@group-562213E44849-LeaderElection1] INFO impl.LeaderElection: om1@group-562213E44849-LeaderElection1: begin an election at term 1 for -1: [om1:om1:9872:0, om3:om3:9872:0, om2:om2:9872:0], old=null
recon_1      | 2020-11-11 13:08:13,132 [EventQueue-ContainerReportForReconContainerReportHandler] WARN container.ContainerReportHandler: Cannot update pending delete transaction for container #1. Reason: container missing.
scm_1        | 2020-11-11 13:06:41,670 [Listener at 0.0.0.0/9961] INFO net.NodeSchemaLoader: Loading network topology layer schema file
om3_1        | 2020-11-11 13:07:20,271 [Listener at om3/9862] INFO http.HttpServer2: Jetty bound to port 9874
om3_1        | 2020-11-11 13:07:20,279 [Listener at om3/9862] INFO server.Server: jetty-9.4.34.v20201102; built: 2020-11-02T14:15:39.302Z; git: e46af88704a893fc12cb0e3bf46e2c7b48a009e7; jvm 11.0.7+10-LTS
om2_1        | 	at java.base/java.lang.Thread.run(Thread.java:834)
om1_1        | 2020-11-11 13:07:24,001 [Listener at om1/9862] INFO http.HttpRequestLog: Http request log for http.requests.ozoneManager is not defined
recon_1      | 2020-11-11 13:08:13,171 [pool-14-thread-1] INFO impl.OzoneManagerServiceProviderImpl: Got new checkpoint from OM : /data/metadata/om.snapshot.db_1605100092192
om3_1        | 2020-11-11 13:07:20,547 [Listener at om3/9862] INFO server.session: DefaultSessionIdManager workerName=node0
kdc_1        | Nov 11 13:06:08 kdc kadmind[24](Notice): Request: kadm5_init, admin/admin@EXAMPLE.COM, success, client=admin/admin@EXAMPLE.COM, service=kadmin/admin@EXAMPLE.COM, addr=127.0.0.1, vers=4, flavor=6
scm_1        | 2020-11-11 13:06:41,867 [Listener at 0.0.0.0/9961] INFO node.SCMNodeManager: Entering startup safe mode.
om2_1        | 
om1_1        | 2020-11-11 13:07:24,069 [Listener at om1/9862] INFO http.HttpServer2: Added global filter 'safety' (class=org.apache.hadoop.hdds.server.http.HttpServer2$QuotingInputFilter)
recon_1      | 2020-11-11 13:08:13,179 [pool-14-thread-1] INFO codec.OmKeyInfoCodec: OmKeyInfoCodec ignorePipeline = true
om3_1        | 2020-11-11 13:07:20,548 [Listener at om3/9862] INFO server.session: No SessionScavenger set, using defaults
kdc_1        | Nov 11 13:06:08 kdc kadmind[24](Notice): Request: kadm5_randkey_principal, HTTP/om1@EXAMPLE.COM, success, client=admin/admin@EXAMPLE.COM, service=kadmin/admin@EXAMPLE.COM, addr=127.0.0.1
scm_1        | 2020-11-11 13:06:42,034 [Listener at 0.0.0.0/9961] INFO algorithms.ContainerPlacementPolicyFactory: Create container placement policy of type org.apache.hadoop.hdds.scm.container.placement.algorithms.SCMContainerPlacementRandom
om2_1        | 2020-11-11 13:07:23,378 [om2@group-562213E44849-LeaderElection1] INFO impl.LeaderElection: om2@group-562213E44849-LeaderElection1: Election DISCOVERED_A_NEW_TERM; received 1 response(s) [om2<-om3#0:FAIL-t4] and 0 exception(s); om2@group-562213E44849:t2, leader=null, voted=om2, raftlog=om2@group-562213E44849-SegmentedRaftLog:OPENED:c-1,f-1,i0, conf=-1: [om1:om1:9872:0, om3:om3:9872:0, om2:om2:9872:0], old=null
om1_1        | 2020-11-11 13:07:24,096 [Listener at om1/9862] INFO http.HttpServer2: Added filter authentication (class=org.apache.hadoop.security.authentication.server.AuthenticationFilter) to context ozoneManager
recon_1      | 2020-11-11 13:08:13,181 [pool-14-thread-1] INFO codec.RepeatedOmKeyInfoCodec: RepeatedOmKeyInfoCodec ignorePipeline = true
om3_1        | 2020-11-11 13:07:20,573 [Listener at om3/9862] INFO server.session: node0 Scavenging every 660000ms
kdc_1        | Nov 11 13:06:08 kdc kadmind[24](Notice): Request: kadm5_get_principal, HTTP/om1@EXAMPLE.COM, success, client=admin/admin@EXAMPLE.COM, service=kadmin/admin@EXAMPLE.COM, addr=127.0.0.1
scm_1        | 2020-11-11 13:06:42,104 [Listener at 0.0.0.0/9961] INFO algorithms.LeaderChoosePolicyFactory: Create leader choose policy of type org.apache.hadoop.hdds.scm.pipeline.leader.choose.algorithms.DefaultLeaderChoosePolicy
om2_1        | 2020-11-11 13:07:23,379 [om2@group-562213E44849-LeaderElection1] INFO impl.RaftServerImpl: om2@group-562213E44849: changes role from CANDIDATE to FOLLOWER at term 4 for DISCOVERED_A_NEW_TERM
om1_1        | 2020-11-11 13:07:24,118 [Listener at om1/9862] INFO http.HttpServer2: Added filter authentication (class=org.apache.hadoop.security.authentication.server.AuthenticationFilter) to context logs
recon_1      | 2020-11-11 13:08:13,283 [pool-14-thread-1] INFO recovery.ReconOmMetadataManagerImpl: Created OM DB handle from snapshot at /data/metadata/om.snapshot.db_1605100092192.
om3_1        | 2020-11-11 13:07:20,720 [Listener at om3/9862] INFO server.KerberosAuthenticationHandler: Using keytab /etc/security/keytabs/HTTP.keytab, for principal HTTP/om3@EXAMPLE.COM
kdc_1        | Nov 11 13:06:08 kdc kadmind[24](info): closing down fd 18
scm_1        | 2020-11-11 13:06:42,105 [Listener at 0.0.0.0/9961] INFO pipeline.SCMPipelineManager: No pipeline exists in current db
om2_1        | 2020-11-11 13:07:23,379 [om2@group-562213E44849-LeaderElection1] INFO impl.RoleInfo: om2: shutdown LeaderElection
om1_1        | 2020-11-11 13:07:24,118 [Listener at om1/9862] INFO http.HttpServer2: Added filter authentication (class=org.apache.hadoop.security.authentication.server.AuthenticationFilter) to context static
recon_1      | 2020-11-11 13:08:13,314 [pool-14-thread-1] INFO impl.OzoneManagerServiceProviderImpl: Calling reprocess on Recon tasks.
