datanode_4_1  | 2021-10-06 10:57:25,654 [e83458eb-4ffd-4bff-851d-bd7036d1707b@group-CD1A4842A3E3-FollowerState] INFO impl.FollowerState: e83458eb-4ffd-4bff-851d-bd7036d1707b@group-CD1A4842A3E3-FollowerState was interrupted: {}
datanode_4_1  | java.lang.InterruptedException: sleep interrupted
datanode_5_1  | 2021-10-06 10:57:18,174 [pool-22-thread-1] INFO server.RaftServerConfigKeys: raft.server.rpc.sleep.time = 25ms (default)
om_1          | 2021-10-06 10:57:38,451 [Listener at om/9862] INFO util.log: Logging initialized @23720ms to org.eclipse.jetty.util.log.Slf4jLog
datanode_2_1  | 	at org.apache.ratis.util.TimeDuration.sleep(TimeDuration.java:324)
datanode_6_1  | 2021-10-06 10:57:27,864 [pool-22-thread-1] INFO ratis.ContainerStateMachine: group-CD1A4842A3E3: The snapshot info is null. Setting the last applied indexto:(t:0, i:~)
datanode_3_1  | java.lang.InterruptedException: sleep interrupted
datanode_1_1  | 2021-10-06 10:57:52,285 [cf94f710-4cc5-4283-86d1-32937aa467ee@group-E502FFB5DF71-LeaderElection5] INFO server.RaftServer$Division: cf94f710-4cc5-4283-86d1-32937aa467ee@group-E502FFB5DF71: changes role from CANDIDATE to FOLLOWER at term 5 for REJECTED
datanode_1_1  | 2021-10-06 10:57:52,285 [cf94f710-4cc5-4283-86d1-32937aa467ee@group-E502FFB5DF71-LeaderElection5] INFO impl.RoleInfo: cf94f710-4cc5-4283-86d1-32937aa467ee: shutdown cf94f710-4cc5-4283-86d1-32937aa467ee@group-E502FFB5DF71-LeaderElection5
datanode_1_1  | 2021-10-06 10:57:52,285 [cf94f710-4cc5-4283-86d1-32937aa467ee@group-E502FFB5DF71-LeaderElection5] INFO impl.RoleInfo: cf94f710-4cc5-4283-86d1-32937aa467ee: start cf94f710-4cc5-4283-86d1-32937aa467ee@group-E502FFB5DF71-FollowerState
datanode_1_1  | 2021-10-06 10:57:57,039 [Datanode State Machine Thread - 0] WARN statemachine.StateContext: No available thread in pool for past 30 seconds.
datanode_1_1  | 2021-10-06 10:57:57,316 [cf94f710-4cc5-4283-86d1-32937aa467ee@group-E502FFB5DF71-FollowerState] INFO impl.FollowerState: cf94f710-4cc5-4283-86d1-32937aa467ee@group-E502FFB5DF71-FollowerState: change to CANDIDATE, lastRpcElapsedTime:5030911564ns, electionTimeout:5027ms
datanode_1_1  | 2021-10-06 10:57:57,317 [cf94f710-4cc5-4283-86d1-32937aa467ee@group-E502FFB5DF71-FollowerState] INFO impl.RoleInfo: cf94f710-4cc5-4283-86d1-32937aa467ee: shutdown cf94f710-4cc5-4283-86d1-32937aa467ee@group-E502FFB5DF71-FollowerState
datanode_1_1  | 2021-10-06 10:57:57,317 [cf94f710-4cc5-4283-86d1-32937aa467ee@group-E502FFB5DF71-FollowerState] INFO server.RaftServer$Division: cf94f710-4cc5-4283-86d1-32937aa467ee@group-E502FFB5DF71: changes role from  FOLLOWER to CANDIDATE at term 5 for changeToCandidate
datanode_1_1  | 2021-10-06 10:57:57,317 [cf94f710-4cc5-4283-86d1-32937aa467ee@group-E502FFB5DF71-FollowerState] INFO server.RaftServerConfigKeys: raft.server.leaderelection.pre-vote = false (custom)
datanode_5_1  | 2021-10-06 10:57:18,174 [pool-22-thread-1] INFO server.RaftServerConfigKeys: raft.server.rpc.slowness.timeout = 300s (custom)
datanode_5_1  | 2021-10-06 10:57:18,175 [pool-22-thread-1] INFO server.RaftServerConfigKeys: raft.server.leaderelection.leader.step-down.wait-time = 10s (default)
datanode_3_1  | 	at java.base/java.lang.Thread.sleep(Native Method)
om_1          | 2021-10-06 10:57:38,736 [Listener at om/9862] INFO server.AuthenticationFilter: Unable to initialize FileSignerSecretProvider, falling back to use random secrets.
om_1          | 2021-10-06 10:57:38,757 [Listener at om/9862] INFO http.HttpRequestLog: Http request log for http.requests.ozoneManager is not defined
om_1          | 2021-10-06 10:57:38,763 [Listener at om/9862] INFO http.HttpServer2: Added global filter 'safety' (class=org.apache.hadoop.hdds.server.http.HttpServer2$QuotingInputFilter)
scm_1         | 2021-10-06 10:57:09,858 [main] INFO net.NodeSchemaLoader: Loading schema from [file:/etc/hadoop/network-topology-default.xml, jar:file:/opt/hadoop/share/ozone/lib/hdds-common-1.2.0-SNAPSHOT.jar!/network-topology-default.xml]
scm_1         | 2021-10-06 10:57:09,860 [main] INFO net.NodeSchemaLoader: Loading network topology layer schema file
scm_1         | 2021-10-06 10:57:09,927 [main] INFO metrics.MetricRegistries: Loaded MetricRegistries class org.apache.ratis.metrics.impl.MetricRegistriesImpl
scm_1         | 2021-10-06 10:57:09,951 [main] INFO ha.SequenceIdGenerator: upgrade localId to 107544261427200000
scm_1         | 2021-10-06 10:57:09,951 [main] INFO ha.SequenceIdGenerator: upgrade delTxnId to 0
datanode_3_1  | 	at java.base/java.lang.Thread.sleep(Thread.java:339)
datanode_6_1  | 2021-10-06 10:57:27,894 [pool-22-thread-1] INFO server.RaftServerConfigKeys: raft.server.notification.no-leader.timeout = 300s (custom)
datanode_6_1  | 2021-10-06 10:57:27,903 [pool-22-thread-1] INFO server.RaftServerConfigKeys: raft.server.log.use.memory = false (default)
datanode_6_1  | 2021-10-06 10:57:28,001 [pool-22-thread-1] INFO server.RaftServerConfigKeys: raft.server.log.purge.gap = 1000000 (custom)
scm_1         | 2021-10-06 10:57:09,955 [main] INFO ha.SequenceIdGenerator: upgrade containerId to 0
datanode_4_1  | 	at java.base/java.lang.Thread.sleep(Native Method)
datanode_4_1  | 	at java.base/java.lang.Thread.sleep(Thread.java:339)
datanode_4_1  | 	at java.base/java.util.concurrent.TimeUnit.sleep(TimeUnit.java:446)
datanode_4_1  | 	at org.apache.ratis.util.TimeDuration.sleep(TimeDuration.java:324)
datanode_4_1  | 	at org.apache.ratis.util.TimeDuration.sleep(TimeDuration.java:309)
datanode_5_1  | 2021-10-06 10:57:18,175 [pool-22-thread-1] INFO server.RaftServerConfigKeys: raft.server.sleep.deviation.threshold = 300ms (default)
datanode_5_1  | 2021-10-06 10:57:18,175 [pool-22-thread-1] INFO server.RaftServerConfigKeys: raft.server.log.appender.install.snapshot.enabled = false (custom)
datanode_2_1  | 	at org.apache.ratis.util.TimeDuration.sleep(TimeDuration.java:309)
datanode_2_1  | 	at org.apache.ratis.server.impl.FollowerState.run(FollowerState.java:118)
datanode_2_1  | 2021-10-06 10:57:24,466 [grpc-default-executor-0] INFO impl.RoleInfo: f13d9d4f-33f3-4598-979f-ba002caacfa7: start f13d9d4f-33f3-4598-979f-ba002caacfa7@group-0185718486C1-FollowerState
scm_1         | 2021-10-06 10:57:09,957 [main] INFO ha.SequenceIdGenerator: Init the HA SequenceIdGenerator.
scm_1         | 2021-10-06 10:57:10,015 [main] INFO node.SCMNodeManager: Entering startup safe mode.
datanode_3_1  | 	at java.base/java.util.concurrent.TimeUnit.sleep(TimeUnit.java:446)
datanode_3_1  | 	at org.apache.ratis.util.TimeDuration.sleep(TimeDuration.java:324)
datanode_3_1  | 	at org.apache.ratis.util.TimeDuration.sleep(TimeDuration.java:309)
datanode_3_1  | 	at org.apache.ratis.server.impl.FollowerState.run(FollowerState.java:118)
datanode_4_1  | 	at org.apache.ratis.server.impl.FollowerState.run(FollowerState.java:118)
om_1          | 2021-10-06 10:57:38,768 [Listener at om/9862] INFO http.HttpServer2: Added filter static_user_filter (class=org.apache.hadoop.http.lib.StaticUserWebFilter$StaticUserFilter) to context ozoneManager
om_1          | 2021-10-06 10:57:38,768 [Listener at om/9862] INFO http.HttpServer2: Added filter static_user_filter (class=org.apache.hadoop.http.lib.StaticUserWebFilter$StaticUserFilter) to context static
datanode_5_1  | 2021-10-06 10:57:18,199 [pool-22-thread-1] INFO server.RaftServer$Division: aecce24f-2fdb-445c-a772-5866ed94540e@group-0185718486C1: ConfigurationManager, init=-1: [1896e343-152f-4ae4-b50f-a51fa3294b37|rpc:10.5.0.6:9856|admin:10.5.0.6:9857|client:10.5.0.6:9858|priority:0, aecce24f-2fdb-445c-a772-5866ed94540e|rpc:10.5.0.8:9856|admin:10.5.0.8:9857|client:10.5.0.8:9858|priority:1, f13d9d4f-33f3-4598-979f-ba002caacfa7|rpc:10.5.0.5:9856|admin:10.5.0.5:9857|client:10.5.0.5:9858|priority:0], old=null, confs=<EMPTY_MAP>
datanode_5_1  | 2021-10-06 10:57:18,199 [pool-22-thread-1] INFO server.RaftServerConfigKeys: raft.server.storage.dir = [/data/metadata/ratis] (custom)
datanode_5_1  | 2021-10-06 10:57:18,235 [pool-22-thread-1] INFO server.RaftServerConfigKeys: raft.server.log.corruption.policy = EXCEPTION (default)
scm_1         | 2021-10-06 10:57:10,063 [main] INFO algorithms.ContainerPlacementPolicyFactory: Create container placement policy of type org.apache.hadoop.hdds.scm.container.placement.algorithms.SCMContainerPlacementRackAware
datanode_4_1  | 2021-10-06 10:57:25,655 [grpc-default-executor-0] INFO impl.RoleInfo: e83458eb-4ffd-4bff-851d-bd7036d1707b: start e83458eb-4ffd-4bff-851d-bd7036d1707b@group-CD1A4842A3E3-FollowerState
datanode_5_1  | 2021-10-06 10:57:18,236 [pool-22-thread-1] INFO server.RaftServerConfigKeys: raft.server.storage.free-space.min = 0MB (=0) (default)
datanode_5_1  | 2021-10-06 10:57:18,237 [pool-22-thread-1] INFO storage.RaftStorageDirectory: The storage directory /data/metadata/ratis/57dc1496-20e0-4431-8884-0185718486c1 does not exist. Creating ...
datanode_1_1  | 2021-10-06 10:57:57,317 [cf94f710-4cc5-4283-86d1-32937aa467ee@group-E502FFB5DF71-FollowerState] INFO impl.RoleInfo: cf94f710-4cc5-4283-86d1-32937aa467ee: start cf94f710-4cc5-4283-86d1-32937aa467ee@group-E502FFB5DF71-LeaderElection6
datanode_1_1  | 2021-10-06 10:57:57,333 [cf94f710-4cc5-4283-86d1-32937aa467ee@group-E502FFB5DF71-LeaderElection6] INFO impl.LeaderElection: cf94f710-4cc5-4283-86d1-32937aa467ee@group-E502FFB5DF71-LeaderElection6 ELECTION round 0: submit vote requests at term 6 for -1: [b8eb3caa-00d6-4bd0-a325-7658a707d0c2|rpc:10.5.0.9:9856|admin:10.5.0.9:9857|client:10.5.0.9:9858|dataStream:|priority:1, cf94f710-4cc5-4283-86d1-32937aa467ee|rpc:10.5.0.4:9856|admin:10.5.0.4:9857|client:10.5.0.4:9858|dataStream:|priority:0, aecce24f-2fdb-445c-a772-5866ed94540e|rpc:10.5.0.8:9856|admin:10.5.0.8:9857|client:10.5.0.8:9858|dataStream:|priority:0], old=null
datanode_6_1  | 2021-10-06 10:57:28,003 [pool-22-thread-1] INFO server.RaftServerConfigKeys: raft.server.log.appender.buffer.byte-limit = 33554432 (custom)
datanode_6_1  | 2021-10-06 10:57:28,023 [pool-22-thread-1] INFO server.RaftServerConfigKeys: raft.server.log.segment.size.max = 1048576 (custom)
datanode_6_1  | 2021-10-06 10:57:28,070 [pool-22-thread-1] INFO server.RaftServerConfigKeys: raft.server.log.segment.cache.num.max = 2 (custom)
datanode_6_1  | 2021-10-06 10:57:28,096 [pool-22-thread-1] INFO server.RaftServerConfigKeys: raft.server.log.segment.cache.size.max = 200MB (=209715200) (default)
scm_1         | 2021-10-06 10:57:10,081 [main] INFO pipeline.PipelineStateManagerImpl: No pipeline exists in current db
scm_1         | 2021-10-06 10:57:10,127 [main] INFO algorithms.LeaderChoosePolicyFactory: Create leader choose policy of type org.apache.hadoop.hdds.scm.pipeline.leader.choose.algorithms.MinLeaderCountChoosePolicy
datanode_2_1  | 2021-10-06 10:57:24,491 [grpc-default-executor-0] INFO server.RaftServer$Division: f13d9d4f-33f3-4598-979f-ba002caacfa7@group-0185718486C1 replies to ELECTION vote request: aecce24f-2fdb-445c-a772-5866ed94540e<-f13d9d4f-33f3-4598-979f-ba002caacfa7#0:OK-t1. Peer's state: f13d9d4f-33f3-4598-979f-ba002caacfa7@group-0185718486C1:t1, leader=null, voted=aecce24f-2fdb-445c-a772-5866ed94540e, raftlog=f13d9d4f-33f3-4598-979f-ba002caacfa7@group-0185718486C1-SegmentedRaftLog:OPENED:c-1,f-1,i0, conf=-1: [1896e343-152f-4ae4-b50f-a51fa3294b37|rpc:10.5.0.6:9856|admin:10.5.0.6:9857|client:10.5.0.6:9858|dataStream:|priority:0, aecce24f-2fdb-445c-a772-5866ed94540e|rpc:10.5.0.8:9856|admin:10.5.0.8:9857|client:10.5.0.8:9858|dataStream:|priority:1, f13d9d4f-33f3-4598-979f-ba002caacfa7|rpc:10.5.0.5:9856|admin:10.5.0.5:9857|client:10.5.0.5:9858|dataStream:|priority:0], old=null
datanode_2_1  | 2021-10-06 10:57:24,524 [f13d9d4f-33f3-4598-979f-ba002caacfa7@group-19027A0F605D-FollowerState] INFO impl.FollowerState: f13d9d4f-33f3-4598-979f-ba002caacfa7@group-19027A0F605D-FollowerState: change to CANDIDATE, lastRpcElapsedTime:5025341226ns, electionTimeout:5008ms
datanode_1_1  | 2021-10-06 10:57:57,366 [cf94f710-4cc5-4283-86d1-32937aa467ee@group-E502FFB5DF71-LeaderElection6] INFO impl.LeaderElection: cf94f710-4cc5-4283-86d1-32937aa467ee@group-E502FFB5DF71-LeaderElection6: ELECTION REJECTED received 1 response(s) and 0 exception(s):
datanode_1_1  | 2021-10-06 10:57:57,367 [cf94f710-4cc5-4283-86d1-32937aa467ee@group-E502FFB5DF71-LeaderElection6] INFO impl.LeaderElection:   Response 0: cf94f710-4cc5-4283-86d1-32937aa467ee<-b8eb3caa-00d6-4bd0-a325-7658a707d0c2#0:FAIL-t6
datanode_1_1  | 2021-10-06 10:57:57,367 [cf94f710-4cc5-4283-86d1-32937aa467ee@group-E502FFB5DF71-LeaderElection6] INFO impl.LeaderElection: cf94f710-4cc5-4283-86d1-32937aa467ee@group-E502FFB5DF71-LeaderElection6 ELECTION round 0: result REJECTED
datanode_4_1  | 2021-10-06 10:57:25,663 [grpc-default-executor-0] INFO server.RaftServer$Division: e83458eb-4ffd-4bff-851d-bd7036d1707b@group-CD1A4842A3E3 replies to ELECTION vote request: cf94f710-4cc5-4283-86d1-32937aa467ee<-e83458eb-4ffd-4bff-851d-bd7036d1707b#0:OK-t1. Peer's state: e83458eb-4ffd-4bff-851d-bd7036d1707b@group-CD1A4842A3E3:t1, leader=null, voted=cf94f710-4cc5-4283-86d1-32937aa467ee, raftlog=e83458eb-4ffd-4bff-851d-bd7036d1707b@group-CD1A4842A3E3-SegmentedRaftLog:OPENED:c-1,f-1,i0, conf=-1: [e83458eb-4ffd-4bff-851d-bd7036d1707b|rpc:10.5.0.7:9856|admin:10.5.0.7:9857|client:10.5.0.7:9858|dataStream:|priority:0, b8eb3caa-00d6-4bd0-a325-7658a707d0c2|rpc:10.5.0.9:9856|admin:10.5.0.9:9857|client:10.5.0.9:9858|dataStream:|priority:0, cf94f710-4cc5-4283-86d1-32937aa467ee|rpc:10.5.0.4:9856|admin:10.5.0.4:9857|client:10.5.0.4:9858|dataStream:|priority:1], old=null
datanode_4_1  | 2021-10-06 10:57:26,461 [grpc-default-executor-0] INFO ratis.XceiverServerRatis: Leader change notification received for group: group-CD1A4842A3E3 with new leaderId: cf94f710-4cc5-4283-86d1-32937aa467ee
datanode_4_1  | 2021-10-06 10:57:26,461 [grpc-default-executor-0] INFO server.RaftServer$Division: e83458eb-4ffd-4bff-851d-bd7036d1707b@group-CD1A4842A3E3: change Leader from null to cf94f710-4cc5-4283-86d1-32937aa467ee at term 1 for appendEntries, leader elected after 2221ms
datanode_5_1  | 2021-10-06 10:57:18,275 [pool-22-thread-1] INFO storage.RaftStorageDirectory: Lock on /data/metadata/ratis/57dc1496-20e0-4431-8884-0185718486c1/in_use.lock acquired by nodename 7@d15c541c2345
datanode_2_1  | 2021-10-06 10:57:24,526 [f13d9d4f-33f3-4598-979f-ba002caacfa7@group-19027A0F605D-FollowerState] INFO impl.RoleInfo: f13d9d4f-33f3-4598-979f-ba002caacfa7: shutdown f13d9d4f-33f3-4598-979f-ba002caacfa7@group-19027A0F605D-FollowerState
om_1          | 2021-10-06 10:57:38,769 [Listener at om/9862] INFO http.HttpServer2: Added filter static_user_filter (class=org.apache.hadoop.http.lib.StaticUserWebFilter$StaticUserFilter) to context logs
om_1          | 2021-10-06 10:57:38,846 [Listener at om/9862] WARN http.BaseHttpServer: /prof java profiling servlet is activated. Not safe for production!
om_1          | 2021-10-06 10:57:38,859 [Listener at om/9862] INFO http.HttpServer2: Jetty bound to port 9874
om_1          | 2021-10-06 10:57:38,861 [Listener at om/9862] INFO server.Server: jetty-9.4.43.v20210629; built: 2021-06-30T11:07:22.254Z; git: 526006ecfa3af7f1a27ef3a288e2bef7ea9dd7e8; jvm 11.0.10+9-LTS
om_1          | 2021-10-06 10:57:38,954 [Listener at om/9862] INFO server.session: DefaultSessionIdManager workerName=node0
om_1          | 2021-10-06 10:57:38,954 [Listener at om/9862] INFO server.session: No SessionScavenger set, using defaults
datanode_1_1  | 2021-10-06 10:57:57,367 [cf94f710-4cc5-4283-86d1-32937aa467ee@group-E502FFB5DF71-LeaderElection6] INFO server.RaftServer$Division: cf94f710-4cc5-4283-86d1-32937aa467ee@group-E502FFB5DF71: changes role from CANDIDATE to FOLLOWER at term 6 for REJECTED
datanode_1_1  | 2021-10-06 10:57:57,367 [cf94f710-4cc5-4283-86d1-32937aa467ee@group-E502FFB5DF71-LeaderElection6] INFO impl.RoleInfo: cf94f710-4cc5-4283-86d1-32937aa467ee: shutdown cf94f710-4cc5-4283-86d1-32937aa467ee@group-E502FFB5DF71-LeaderElection6
datanode_1_1  | 2021-10-06 10:57:57,367 [cf94f710-4cc5-4283-86d1-32937aa467ee@group-E502FFB5DF71-LeaderElection6] INFO impl.RoleInfo: cf94f710-4cc5-4283-86d1-32937aa467ee: start cf94f710-4cc5-4283-86d1-32937aa467ee@group-E502FFB5DF71-FollowerState
datanode_2_1  | 2021-10-06 10:57:24,527 [f13d9d4f-33f3-4598-979f-ba002caacfa7@group-19027A0F605D-FollowerState] INFO server.RaftServer$Division: f13d9d4f-33f3-4598-979f-ba002caacfa7@group-19027A0F605D: changes role from  FOLLOWER to CANDIDATE at term 0 for changeToCandidate
datanode_2_1  | 2021-10-06 10:57:24,538 [f13d9d4f-33f3-4598-979f-ba002caacfa7@group-19027A0F605D-FollowerState] INFO server.RaftServerConfigKeys: raft.server.leaderelection.pre-vote = false (custom)
datanode_3_1  | 2021-10-06 10:57:35,342 [grpc-default-executor-0] INFO impl.RoleInfo: 1896e343-152f-4ae4-b50f-a51fa3294b37: start 1896e343-152f-4ae4-b50f-a51fa3294b37@group-19027A0F605D-FollowerState
datanode_3_1  | 2021-10-06 10:57:35,345 [grpc-default-executor-0] INFO server.RaftServer$Division: 1896e343-152f-4ae4-b50f-a51fa3294b37@group-19027A0F605D replies to ELECTION vote request: f13d9d4f-33f3-4598-979f-ba002caacfa7<-1896e343-152f-4ae4-b50f-a51fa3294b37#0:OK-t3. Peer's state: 1896e343-152f-4ae4-b50f-a51fa3294b37@group-19027A0F605D:t3, leader=null, voted=f13d9d4f-33f3-4598-979f-ba002caacfa7, raftlog=1896e343-152f-4ae4-b50f-a51fa3294b37@group-19027A0F605D-SegmentedRaftLog:OPENED:c-1,f-1,i0, conf=-1: [e83458eb-4ffd-4bff-851d-bd7036d1707b|rpc:10.5.0.7:9856|admin:10.5.0.7:9857|client:10.5.0.7:9858|dataStream:|priority:1, 1896e343-152f-4ae4-b50f-a51fa3294b37|rpc:10.5.0.6:9856|admin:10.5.0.6:9857|client:10.5.0.6:9858|dataStream:|priority:0, f13d9d4f-33f3-4598-979f-ba002caacfa7|rpc:10.5.0.5:9856|admin:10.5.0.5:9857|client:10.5.0.5:9858|dataStream:|priority:0], old=null
datanode_3_1  | 2021-10-06 10:57:40,530 [grpc-default-executor-0] INFO server.RaftServer$Division: 1896e343-152f-4ae4-b50f-a51fa3294b37@group-19027A0F605D: receive requestVote(ELECTION, f13d9d4f-33f3-4598-979f-ba002caacfa7, group-19027A0F605D, 4, (t:0, i:0))
datanode_3_1  | 2021-10-06 10:57:40,533 [grpc-default-executor-0] INFO impl.VoteContext: 1896e343-152f-4ae4-b50f-a51fa3294b37@group-19027A0F605D-FOLLOWER: accept ELECTION from f13d9d4f-33f3-4598-979f-ba002caacfa7: our priority 0 <= candidate's priority 0
datanode_4_1  | 2021-10-06 10:57:26,720 [grpc-default-executor-0] INFO server.RaftServer$Division: e83458eb-4ffd-4bff-851d-bd7036d1707b@group-CD1A4842A3E3: set configuration 0: [e83458eb-4ffd-4bff-851d-bd7036d1707b|rpc:10.5.0.7:9856|admin:10.5.0.7:9857|client:10.5.0.7:9858|dataStream:|priority:0, b8eb3caa-00d6-4bd0-a325-7658a707d0c2|rpc:10.5.0.9:9856|admin:10.5.0.9:9857|client:10.5.0.9:9858|dataStream:|priority:0, cf94f710-4cc5-4283-86d1-32937aa467ee|rpc:10.5.0.4:9856|admin:10.5.0.4:9857|client:10.5.0.4:9858|dataStream:|priority:1], old=null
datanode_4_1  | 2021-10-06 10:57:26,765 [grpc-default-executor-0] INFO segmented.SegmentedRaftLogWorker: e83458eb-4ffd-4bff-851d-bd7036d1707b@group-CD1A4842A3E3-SegmentedRaftLogWorker: Starting segment from index:0
datanode_4_1  | 2021-10-06 10:57:27,500 [e83458eb-4ffd-4bff-851d-bd7036d1707b@group-CD1A4842A3E3-SegmentedRaftLogWorker] INFO segmented.SegmentedRaftLogWorker: e83458eb-4ffd-4bff-851d-bd7036d1707b@group-CD1A4842A3E3-SegmentedRaftLogWorker: created new log segment /data/metadata/ratis/251183dd-d81d-4b75-8fed-cd1a4842a3e3/current/log_inprogress_0
datanode_5_1  | 2021-10-06 10:57:18,307 [pool-22-thread-1] INFO storage.RaftStorage: Storage directory /data/metadata/ratis/57dc1496-20e0-4431-8884-0185718486c1 has been successfully formatted.
datanode_2_1  | 2021-10-06 10:57:24,549 [f13d9d4f-33f3-4598-979f-ba002caacfa7@group-19027A0F605D-FollowerState] INFO impl.RoleInfo: f13d9d4f-33f3-4598-979f-ba002caacfa7: start f13d9d4f-33f3-4598-979f-ba002caacfa7@group-19027A0F605D-LeaderElection1
datanode_2_1  | 2021-10-06 10:57:24,587 [f13d9d4f-33f3-4598-979f-ba002caacfa7@group-19027A0F605D-LeaderElection1] INFO impl.LeaderElection: f13d9d4f-33f3-4598-979f-ba002caacfa7@group-19027A0F605D-LeaderElection1 ELECTION round 0: submit vote requests at term 1 for -1: [e83458eb-4ffd-4bff-851d-bd7036d1707b|rpc:10.5.0.7:9856|admin:10.5.0.7:9857|client:10.5.0.7:9858|priority:1, 1896e343-152f-4ae4-b50f-a51fa3294b37|rpc:10.5.0.6:9856|admin:10.5.0.6:9857|client:10.5.0.6:9858|priority:0, f13d9d4f-33f3-4598-979f-ba002caacfa7|rpc:10.5.0.5:9856|admin:10.5.0.5:9857|client:10.5.0.5:9858|priority:0], old=null
datanode_6_1  | 2021-10-06 10:57:28,133 [pool-22-thread-1] INFO segmented.SegmentedRaftLogWorker: new b8eb3caa-00d6-4bd0-a325-7658a707d0c2@group-CD1A4842A3E3-SegmentedRaftLogWorker for RaftStorageImpl:Storage Directory /data/metadata/ratis/251183dd-d81d-4b75-8fed-cd1a4842a3e3
datanode_3_1  | 2021-10-06 10:57:40,533 [grpc-default-executor-0] INFO server.RaftServer$Division: 1896e343-152f-4ae4-b50f-a51fa3294b37@group-19027A0F605D: changes role from  FOLLOWER to FOLLOWER at term 4 for candidate:f13d9d4f-33f3-4598-979f-ba002caacfa7
datanode_3_1  | 2021-10-06 10:57:40,533 [grpc-default-executor-0] INFO impl.RoleInfo: 1896e343-152f-4ae4-b50f-a51fa3294b37: shutdown 1896e343-152f-4ae4-b50f-a51fa3294b37@group-19027A0F605D-FollowerState
scm_1         | 2021-10-06 10:57:10,136 [main] INFO ha.SCMServiceManager: Registering service BackgroundPipelineCreator.
om_1          | 2021-10-06 10:57:38,956 [Listener at om/9862] INFO server.session: node0 Scavenging every 600000ms
om_1          | 2021-10-06 10:57:38,990 [Listener at om/9862] INFO handler.ContextHandler: Started o.e.j.s.ServletContextHandler@744d0cfb{logs,/logs,file:///var/log/hadoop/,AVAILABLE}
om_1          | 2021-10-06 10:57:39,001 [Listener at om/9862] INFO handler.ContextHandler: Started o.e.j.s.ServletContextHandler@570cef1e{static,/static,jar:file:/opt/hadoop/share/ozone/lib/ozone-manager-1.2.0-SNAPSHOT.jar!/webapps/static,AVAILABLE}
om_1          | 2021-10-06 10:57:39,268 [Listener at om/9862] INFO handler.ContextHandler: Started o.e.j.w.WebAppContext@3725471{ozoneManager,/,file:///tmp/jetty-0_0_0_0-9874-ozone-manager-1_2_0-SNAPSHOT_jar-_-any-17693238226458030105/webapp/,AVAILABLE}{jar:file:/opt/hadoop/share/ozone/lib/ozone-manager-1.2.0-SNAPSHOT.jar!/webapps/ozoneManager}
om_1          | 2021-10-06 10:57:39,321 [Listener at om/9862] INFO server.AbstractConnector: Started ServerConnector@47fe4c3e{HTTP/1.1, (http/1.1)}{0.0.0.0:9874}
datanode_6_1  | 2021-10-06 10:57:28,141 [pool-22-thread-1] INFO server.RaftServerConfigKeys: raft.server.log.queue.byte-limit = 2147483647 (custom)
datanode_3_1  | 2021-10-06 10:57:40,534 [grpc-default-executor-0] INFO impl.RoleInfo: 1896e343-152f-4ae4-b50f-a51fa3294b37: start 1896e343-152f-4ae4-b50f-a51fa3294b37@group-19027A0F605D-FollowerState
datanode_3_1  | 2021-10-06 10:57:40,534 [1896e343-152f-4ae4-b50f-a51fa3294b37@group-19027A0F605D-FollowerState] INFO impl.FollowerState: 1896e343-152f-4ae4-b50f-a51fa3294b37@group-19027A0F605D-FollowerState was interrupted: {}
scm_1         | 2021-10-06 10:57:10,136 [main] INFO pipeline.BackgroundPipelineCreator: Starting RatisPipelineUtilsThread.
om_1          | 2021-10-06 10:57:39,322 [Listener at om/9862] INFO server.Server: Started @24591ms
datanode_4_1  | 2021-10-06 10:57:30,108 [e83458eb-4ffd-4bff-851d-bd7036d1707b@group-19027A0F605D-FollowerState] INFO impl.FollowerState: e83458eb-4ffd-4bff-851d-bd7036d1707b@group-19027A0F605D-FollowerState: change to CANDIDATE, lastRpcElapsedTime:5202616811ns, electionTimeout:5199ms
datanode_4_1  | 2021-10-06 10:57:30,108 [e83458eb-4ffd-4bff-851d-bd7036d1707b@group-19027A0F605D-FollowerState] INFO impl.RoleInfo: e83458eb-4ffd-4bff-851d-bd7036d1707b: shutdown e83458eb-4ffd-4bff-851d-bd7036d1707b@group-19027A0F605D-FollowerState
scm_1         | 2021-10-06 10:57:10,183 [main] INFO algorithms.PipelineChoosePolicyFactory: Create pipeline choose policy of type org.apache.hadoop.hdds.scm.pipeline.choose.algorithms.RandomPipelineChoosePolicy
scm_1         | 2021-10-06 10:57:10,228 [main] INFO ha.SCMServiceManager: Registering service SCMBlockDeletingService.
datanode_4_1  | 2021-10-06 10:57:30,109 [e83458eb-4ffd-4bff-851d-bd7036d1707b@group-19027A0F605D-FollowerState] INFO server.RaftServer$Division: e83458eb-4ffd-4bff-851d-bd7036d1707b@group-19027A0F605D: changes role from  FOLLOWER to CANDIDATE at term 1 for changeToCandidate
scm_1         | 2021-10-06 10:57:10,263 [main] INFO ha.SCMServiceManager: Registering service ReplicationManager.
datanode_2_1  | 2021-10-06 10:57:25,000 [f13d9d4f-33f3-4598-979f-ba002caacfa7@group-19027A0F605D-LeaderElection1] INFO impl.LeaderElection: f13d9d4f-33f3-4598-979f-ba002caacfa7@group-19027A0F605D-LeaderElection1: ELECTION REJECTED received 1 response(s) and 0 exception(s):
datanode_4_1  | 2021-10-06 10:57:30,111 [e83458eb-4ffd-4bff-851d-bd7036d1707b@group-19027A0F605D-FollowerState] INFO server.RaftServerConfigKeys: raft.server.leaderelection.pre-vote = false (custom)
datanode_4_1  | 2021-10-06 10:57:30,111 [e83458eb-4ffd-4bff-851d-bd7036d1707b@group-19027A0F605D-FollowerState] INFO impl.RoleInfo: e83458eb-4ffd-4bff-851d-bd7036d1707b: start e83458eb-4ffd-4bff-851d-bd7036d1707b@group-19027A0F605D-LeaderElection1
datanode_4_1  | 2021-10-06 10:57:30,123 [e83458eb-4ffd-4bff-851d-bd7036d1707b@group-19027A0F605D-LeaderElection1] INFO impl.LeaderElection: e83458eb-4ffd-4bff-851d-bd7036d1707b@group-19027A0F605D-LeaderElection1 ELECTION round 0: submit vote requests at term 2 for -1: [e83458eb-4ffd-4bff-851d-bd7036d1707b|rpc:10.5.0.7:9856|admin:10.5.0.7:9857|client:10.5.0.7:9858|dataStream:|priority:1, 1896e343-152f-4ae4-b50f-a51fa3294b37|rpc:10.5.0.6:9856|admin:10.5.0.6:9857|client:10.5.0.6:9858|dataStream:|priority:0, f13d9d4f-33f3-4598-979f-ba002caacfa7|rpc:10.5.0.5:9856|admin:10.5.0.5:9857|client:10.5.0.5:9858|dataStream:|priority:0], old=null
datanode_6_1  | 2021-10-06 10:57:28,141 [pool-22-thread-1] INFO server.RaftServerConfigKeys: raft.server.log.queue.element-limit = 1024 (custom)
datanode_6_1  | 2021-10-06 10:57:28,148 [pool-22-thread-1] INFO server.RaftServerConfigKeys: raft.server.log.segment.size.max = 1048576 (custom)
scm_1         | 2021-10-06 10:57:10,267 [main] INFO container.ReplicationManager: Starting Replication Monitor Thread.
datanode_3_1  | java.lang.InterruptedException: sleep interrupted
datanode_3_1  | 	at java.base/java.lang.Thread.sleep(Native Method)
datanode_3_1  | 	at java.base/java.lang.Thread.sleep(Thread.java:339)
datanode_3_1  | 	at java.base/java.util.concurrent.TimeUnit.sleep(TimeUnit.java:446)
datanode_3_1  | 	at org.apache.ratis.util.TimeDuration.sleep(TimeDuration.java:324)
datanode_3_1  | 	at org.apache.ratis.util.TimeDuration.sleep(TimeDuration.java:309)
datanode_3_1  | 	at org.apache.ratis.server.impl.FollowerState.run(FollowerState.java:118)
datanode_3_1  | 2021-10-06 10:57:40,546 [grpc-default-executor-0] INFO server.RaftServer$Division: 1896e343-152f-4ae4-b50f-a51fa3294b37@group-19027A0F605D replies to ELECTION vote request: f13d9d4f-33f3-4598-979f-ba002caacfa7<-1896e343-152f-4ae4-b50f-a51fa3294b37#0:OK-t4. Peer's state: 1896e343-152f-4ae4-b50f-a51fa3294b37@group-19027A0F605D:t4, leader=null, voted=f13d9d4f-33f3-4598-979f-ba002caacfa7, raftlog=1896e343-152f-4ae4-b50f-a51fa3294b37@group-19027A0F605D-SegmentedRaftLog:OPENED:c-1,f-1,i0, conf=-1: [e83458eb-4ffd-4bff-851d-bd7036d1707b|rpc:10.5.0.7:9856|admin:10.5.0.7:9857|client:10.5.0.7:9858|dataStream:|priority:1, 1896e343-152f-4ae4-b50f-a51fa3294b37|rpc:10.5.0.6:9856|admin:10.5.0.6:9857|client:10.5.0.6:9858|dataStream:|priority:0, f13d9d4f-33f3-4598-979f-ba002caacfa7|rpc:10.5.0.5:9856|admin:10.5.0.5:9857|client:10.5.0.5:9858|dataStream:|priority:0], old=null
datanode_3_1  | 2021-10-06 10:57:45,599 [grpc-default-executor-0] INFO server.RaftServer$Division: 1896e343-152f-4ae4-b50f-a51fa3294b37@group-19027A0F605D: receive requestVote(ELECTION, e83458eb-4ffd-4bff-851d-bd7036d1707b, group-19027A0F605D, 5, (t:0, i:0))
scm_1         | 2021-10-06 10:57:10,281 [ReplicationMonitor] INFO container.ReplicationManager: Replication Monitor Thread took 1 milliseconds for processing 0 containers.
datanode_3_1  | 2021-10-06 10:57:45,600 [grpc-default-executor-0] INFO impl.VoteContext: 1896e343-152f-4ae4-b50f-a51fa3294b37@group-19027A0F605D-FOLLOWER: accept ELECTION from e83458eb-4ffd-4bff-851d-bd7036d1707b: our priority 0 <= candidate's priority 1
datanode_3_1  | 2021-10-06 10:57:45,600 [grpc-default-executor-0] INFO server.RaftServer$Division: 1896e343-152f-4ae4-b50f-a51fa3294b37@group-19027A0F605D: changes role from  FOLLOWER to FOLLOWER at term 5 for candidate:e83458eb-4ffd-4bff-851d-bd7036d1707b
datanode_3_1  | 2021-10-06 10:57:45,600 [grpc-default-executor-0] INFO impl.RoleInfo: 1896e343-152f-4ae4-b50f-a51fa3294b37: shutdown 1896e343-152f-4ae4-b50f-a51fa3294b37@group-19027A0F605D-FollowerState
datanode_3_1  | 2021-10-06 10:57:45,601 [grpc-default-executor-0] INFO impl.RoleInfo: 1896e343-152f-4ae4-b50f-a51fa3294b37: start 1896e343-152f-4ae4-b50f-a51fa3294b37@group-19027A0F605D-FollowerState
datanode_3_1  | 2021-10-06 10:57:45,601 [1896e343-152f-4ae4-b50f-a51fa3294b37@group-19027A0F605D-FollowerState] INFO impl.FollowerState: 1896e343-152f-4ae4-b50f-a51fa3294b37@group-19027A0F605D-FollowerState was interrupted: {}
datanode_1_1  | 2021-10-06 10:57:57,390 [grpc-default-executor-0] INFO server.RaftServer$Division: cf94f710-4cc5-4283-86d1-32937aa467ee@group-E502FFB5DF71: receive requestVote(ELECTION, b8eb3caa-00d6-4bd0-a325-7658a707d0c2, group-E502FFB5DF71, 6, (t:0, i:0))
scm_1         | 2021-10-06 10:57:10,287 [main] INFO safemode.ContainerSafeModeRule: containers with one replica threshold count 0
datanode_5_1  | 2021-10-06 10:57:18,352 [pool-22-thread-1] INFO ratis.ContainerStateMachine: group-0185718486C1: The snapshot info is null. Setting the last applied indexto:(t:0, i:~)
datanode_5_1  | 2021-10-06 10:57:18,353 [Datanode State Machine Thread - 0] WARN statemachine.StateContext: No available thread in pool for past 30 seconds.
datanode_6_1  | 2021-10-06 10:57:28,149 [pool-22-thread-1] INFO server.RaftServerConfigKeys: raft.server.log.preallocated.size = 16384 (custom)
datanode_4_1  | 2021-10-06 10:57:30,211 [grpc-default-executor-0] INFO server.RaftServer$Division: e83458eb-4ffd-4bff-851d-bd7036d1707b@group-19027A0F605D: receive requestVote(ELECTION, f13d9d4f-33f3-4598-979f-ba002caacfa7, group-19027A0F605D, 2, (t:0, i:0))
datanode_2_1  | 2021-10-06 10:57:25,004 [f13d9d4f-33f3-4598-979f-ba002caacfa7@group-19027A0F605D-LeaderElection1] INFO impl.LeaderElection:   Response 0: f13d9d4f-33f3-4598-979f-ba002caacfa7<-e83458eb-4ffd-4bff-851d-bd7036d1707b#0:FAIL-t1
datanode_2_1  | 2021-10-06 10:57:25,004 [f13d9d4f-33f3-4598-979f-ba002caacfa7@group-19027A0F605D-LeaderElection1] INFO impl.LeaderElection: f13d9d4f-33f3-4598-979f-ba002caacfa7@group-19027A0F605D-LeaderElection1 ELECTION round 0: result REJECTED
datanode_3_1  | java.lang.InterruptedException: sleep interrupted
scm_1         | 2021-10-06 10:57:10,293 [main] INFO safemode.HealthyPipelineSafeModeRule: Total pipeline count is 0, healthy pipeline threshold count is 1
om_1          | 2021-10-06 10:57:39,330 [Listener at om/9862] INFO impl.MetricsSinkAdapter: Sink prometheus started
datanode_1_1  | 2021-10-06 10:57:57,390 [grpc-default-executor-0] INFO impl.VoteContext: cf94f710-4cc5-4283-86d1-32937aa467ee@group-E502FFB5DF71-FOLLOWER: reject ELECTION from b8eb3caa-00d6-4bd0-a325-7658a707d0c2: already has voted for cf94f710-4cc5-4283-86d1-32937aa467ee at current term 6
datanode_6_1  | 2021-10-06 10:57:28,149 [pool-22-thread-1] INFO server.RaftServerConfigKeys: raft.server.log.force.sync.num = 128 (default)
datanode_6_1  | 2021-10-06 10:57:28,152 [pool-22-thread-1] INFO server.RaftServerConfigKeys: raft.server.log.statemachine.data.sync = true (default)
datanode_4_1  | 2021-10-06 10:57:30,211 [grpc-default-executor-0] INFO impl.VoteContext: e83458eb-4ffd-4bff-851d-bd7036d1707b@group-19027A0F605D-CANDIDATE: reject ELECTION from f13d9d4f-33f3-4598-979f-ba002caacfa7: already has voted for e83458eb-4ffd-4bff-851d-bd7036d1707b at current term 2
datanode_2_1  | 2021-10-06 10:57:25,005 [f13d9d4f-33f3-4598-979f-ba002caacfa7@group-19027A0F605D-LeaderElection1] INFO server.RaftServer$Division: f13d9d4f-33f3-4598-979f-ba002caacfa7@group-19027A0F605D: changes role from CANDIDATE to FOLLOWER at term 1 for REJECTED
datanode_2_1  | 2021-10-06 10:57:25,007 [f13d9d4f-33f3-4598-979f-ba002caacfa7@group-19027A0F605D-LeaderElection1] INFO impl.RoleInfo: f13d9d4f-33f3-4598-979f-ba002caacfa7: shutdown f13d9d4f-33f3-4598-979f-ba002caacfa7@group-19027A0F605D-LeaderElection1
datanode_5_1  | 2021-10-06 10:57:18,389 [pool-22-thread-1] INFO server.RaftServerConfigKeys: raft.server.notification.no-leader.timeout = 300s (custom)
datanode_3_1  | 	at java.base/java.lang.Thread.sleep(Native Method)
datanode_3_1  | 	at java.base/java.lang.Thread.sleep(Thread.java:339)
datanode_3_1  | 	at java.base/java.util.concurrent.TimeUnit.sleep(TimeUnit.java:446)
om_1          | 2021-10-06 10:57:39,330 [Listener at om/9862] INFO impl.MetricsSystemImpl: Registered sink prometheus
datanode_1_1  | 2021-10-06 10:57:57,391 [grpc-default-executor-0] INFO server.RaftServer$Division: cf94f710-4cc5-4283-86d1-32937aa467ee@group-E502FFB5DF71 replies to ELECTION vote request: b8eb3caa-00d6-4bd0-a325-7658a707d0c2<-cf94f710-4cc5-4283-86d1-32937aa467ee#0:FAIL-t6. Peer's state: cf94f710-4cc5-4283-86d1-32937aa467ee@group-E502FFB5DF71:t6, leader=null, voted=cf94f710-4cc5-4283-86d1-32937aa467ee, raftlog=cf94f710-4cc5-4283-86d1-32937aa467ee@group-E502FFB5DF71-SegmentedRaftLog:OPENED:c-1,f-1,i0, conf=-1: [b8eb3caa-00d6-4bd0-a325-7658a707d0c2|rpc:10.5.0.9:9856|admin:10.5.0.9:9857|client:10.5.0.9:9858|dataStream:|priority:1, cf94f710-4cc5-4283-86d1-32937aa467ee|rpc:10.5.0.4:9856|admin:10.5.0.4:9857|client:10.5.0.4:9858|dataStream:|priority:0, aecce24f-2fdb-445c-a772-5866ed94540e|rpc:10.5.0.8:9856|admin:10.5.0.8:9857|client:10.5.0.8:9858|dataStream:|priority:0], old=null
om_1          | 2021-10-06 10:57:39,332 [Listener at om/9862] INFO http.BaseHttpServer: HTTP server of ozoneManager listening at http://0.0.0.0:9874
om_1          | 2021-10-06 10:57:39,333 [IPC Server Responder] INFO ipc.Server: IPC Server Responder: starting
om_1          | 2021-10-06 10:57:39,336 [IPC Server listener on 9862] INFO ipc.Server: IPC Server listener on 9862: starting
datanode_5_1  | 2021-10-06 10:57:18,391 [pool-22-thread-1] INFO server.RaftServerConfigKeys: raft.server.log.use.memory = false (default)
datanode_4_1  | 2021-10-06 10:57:30,212 [grpc-default-executor-0] INFO server.RaftServer$Division: e83458eb-4ffd-4bff-851d-bd7036d1707b@group-19027A0F605D replies to ELECTION vote request: f13d9d4f-33f3-4598-979f-ba002caacfa7<-e83458eb-4ffd-4bff-851d-bd7036d1707b#0:FAIL-t2. Peer's state: e83458eb-4ffd-4bff-851d-bd7036d1707b@group-19027A0F605D:t2, leader=null, voted=e83458eb-4ffd-4bff-851d-bd7036d1707b, raftlog=e83458eb-4ffd-4bff-851d-bd7036d1707b@group-19027A0F605D-SegmentedRaftLog:OPENED:c-1,f-1,i0, conf=-1: [e83458eb-4ffd-4bff-851d-bd7036d1707b|rpc:10.5.0.7:9856|admin:10.5.0.7:9857|client:10.5.0.7:9858|dataStream:|priority:1, 1896e343-152f-4ae4-b50f-a51fa3294b37|rpc:10.5.0.6:9856|admin:10.5.0.6:9857|client:10.5.0.6:9858|dataStream:|priority:0, f13d9d4f-33f3-4598-979f-ba002caacfa7|rpc:10.5.0.5:9856|admin:10.5.0.5:9857|client:10.5.0.5:9858|dataStream:|priority:0], old=null
datanode_4_1  | 2021-10-06 10:57:30,633 [e83458eb-4ffd-4bff-851d-bd7036d1707b@group-19027A0F605D-LeaderElection1] INFO impl.LeaderElection: e83458eb-4ffd-4bff-851d-bd7036d1707b@group-19027A0F605D-LeaderElection1: ELECTION REJECTED received 2 response(s) and 0 exception(s):
datanode_4_1  | 2021-10-06 10:57:30,635 [e83458eb-4ffd-4bff-851d-bd7036d1707b@group-19027A0F605D-LeaderElection1] INFO impl.LeaderElection:   Response 0: e83458eb-4ffd-4bff-851d-bd7036d1707b<-1896e343-152f-4ae4-b50f-a51fa3294b37#0:FAIL-t2
datanode_4_1  | 2021-10-06 10:57:30,639 [e83458eb-4ffd-4bff-851d-bd7036d1707b@group-19027A0F605D-LeaderElection1] INFO impl.LeaderElection:   Response 1: e83458eb-4ffd-4bff-851d-bd7036d1707b<-f13d9d4f-33f3-4598-979f-ba002caacfa7#0:FAIL-t2
datanode_1_1  | 2021-10-06 10:58:02,427 [grpc-default-executor-0] INFO server.RaftServer$Division: cf94f710-4cc5-4283-86d1-32937aa467ee@group-E502FFB5DF71: receive requestVote(ELECTION, b8eb3caa-00d6-4bd0-a325-7658a707d0c2, group-E502FFB5DF71, 7, (t:0, i:0))
datanode_5_1  | 2021-10-06 10:57:18,443 [pool-22-thread-1] INFO server.RaftServerConfigKeys: raft.server.log.purge.gap = 1000000 (custom)
datanode_5_1  | 2021-10-06 10:57:18,444 [pool-22-thread-1] INFO server.RaftServerConfigKeys: raft.server.log.appender.buffer.byte-limit = 33554432 (custom)
datanode_4_1  | 2021-10-06 10:57:30,640 [e83458eb-4ffd-4bff-851d-bd7036d1707b@group-19027A0F605D-LeaderElection1] INFO impl.LeaderElection: e83458eb-4ffd-4bff-851d-bd7036d1707b@group-19027A0F605D-LeaderElection1 ELECTION round 0: result REJECTED
datanode_2_1  | 2021-10-06 10:57:25,008 [f13d9d4f-33f3-4598-979f-ba002caacfa7@group-19027A0F605D-LeaderElection1] INFO impl.RoleInfo: f13d9d4f-33f3-4598-979f-ba002caacfa7: start f13d9d4f-33f3-4598-979f-ba002caacfa7@group-19027A0F605D-FollowerState
scm_1         | 2021-10-06 10:57:10,296 [main] INFO safemode.OneReplicaPipelineSafeModeRule: Total pipeline count is 0, pipeline's with at least one datanode reported threshold count is 0
scm_1         | 2021-10-06 10:57:11,145 [main] INFO ipc.CallQueueManager: Using callQueue: class java.util.concurrent.LinkedBlockingQueue, queueCapacity: 10000, scheduler: class org.apache.hadoop.ipc.DefaultRpcScheduler, ipcBackoff: false.
scm_1         | 2021-10-06 10:57:11,241 [Socket Reader #1 for port 9861] INFO ipc.Server: Starting Socket Reader #1 for port 9861
datanode_1_1  | 2021-10-06 10:58:02,427 [grpc-default-executor-0] INFO impl.VoteContext: cf94f710-4cc5-4283-86d1-32937aa467ee@group-E502FFB5DF71-FOLLOWER: accept ELECTION from b8eb3caa-00d6-4bd0-a325-7658a707d0c2: our priority 0 <= candidate's priority 1
datanode_6_1  | 2021-10-06 10:57:28,152 [pool-22-thread-1] INFO server.RaftServerConfigKeys: raft.server.log.statemachine.data.sync.timeout = 10s (default)
datanode_5_1  | 2021-10-06 10:57:18,535 [pool-22-thread-1] INFO server.RaftServerConfigKeys: raft.server.log.segment.size.max = 1048576 (custom)
datanode_5_1  | 2021-10-06 10:57:18,602 [pool-22-thread-1] INFO server.RaftServerConfigKeys: raft.server.log.segment.cache.num.max = 2 (custom)
datanode_4_1  | 2021-10-06 10:57:30,641 [e83458eb-4ffd-4bff-851d-bd7036d1707b@group-19027A0F605D-LeaderElection1] INFO server.RaftServer$Division: e83458eb-4ffd-4bff-851d-bd7036d1707b@group-19027A0F605D: changes role from CANDIDATE to FOLLOWER at term 2 for REJECTED
datanode_4_1  | 2021-10-06 10:57:30,641 [e83458eb-4ffd-4bff-851d-bd7036d1707b@group-19027A0F605D-LeaderElection1] INFO impl.RoleInfo: e83458eb-4ffd-4bff-851d-bd7036d1707b: shutdown e83458eb-4ffd-4bff-851d-bd7036d1707b@group-19027A0F605D-LeaderElection1
datanode_4_1  | 2021-10-06 10:57:30,642 [e83458eb-4ffd-4bff-851d-bd7036d1707b@group-19027A0F605D-LeaderElection1] INFO impl.RoleInfo: e83458eb-4ffd-4bff-851d-bd7036d1707b: start e83458eb-4ffd-4bff-851d-bd7036d1707b@group-19027A0F605D-FollowerState
om_1          | 2021-10-06 10:57:39,484 [Listener at om/9862] INFO om.OzoneManager: Trash Interval set to 0. Files deleted will not move to trash
om_1          | 2021-10-06 10:57:39,537 [org.apache.hadoop.util.JvmPauseMonitor$Monitor@3520d2db] INFO util.JvmPauseMonitor: Starting JVM pause monitor
datanode_6_1  | 2021-10-06 10:57:28,156 [pool-22-thread-1] INFO server.RaftServerConfigKeys: raft.server.log.statemachine.data.sync.timeout.retry = -1 (default)
datanode_6_1  | 2021-10-06 10:57:28,203 [pool-22-thread-1] INFO server.RaftServerConfigKeys: raft.server.log.write.buffer.size = 1048576 (custom)
datanode_2_1  | 2021-10-06 10:57:25,346 [grpc-default-executor-0] INFO ratis.XceiverServerRatis: Leader change notification received for group: group-0185718486C1 with new leaderId: aecce24f-2fdb-445c-a772-5866ed94540e
datanode_2_1  | 2021-10-06 10:57:25,348 [grpc-default-executor-0] INFO server.RaftServer$Division: f13d9d4f-33f3-4598-979f-ba002caacfa7@group-0185718486C1: change Leader from null to aecce24f-2fdb-445c-a772-5866ed94540e at term 1 for appendEntries, leader elected after 3205ms
datanode_2_1  | 2021-10-06 10:57:25,728 [grpc-default-executor-0] INFO server.RaftServer$Division: f13d9d4f-33f3-4598-979f-ba002caacfa7@group-0185718486C1: set configuration 0: [1896e343-152f-4ae4-b50f-a51fa3294b37|rpc:10.5.0.6:9856|admin:10.5.0.6:9857|client:10.5.0.6:9858|dataStream:|priority:0, aecce24f-2fdb-445c-a772-5866ed94540e|rpc:10.5.0.8:9856|admin:10.5.0.8:9857|client:10.5.0.8:9858|dataStream:|priority:1, f13d9d4f-33f3-4598-979f-ba002caacfa7|rpc:10.5.0.5:9856|admin:10.5.0.5:9857|client:10.5.0.5:9858|dataStream:|priority:0], old=null
datanode_3_1  | 	at org.apache.ratis.util.TimeDuration.sleep(TimeDuration.java:324)
datanode_3_1  | 	at org.apache.ratis.util.TimeDuration.sleep(TimeDuration.java:309)
datanode_3_1  | 	at org.apache.ratis.server.impl.FollowerState.run(FollowerState.java:118)
datanode_3_1  | 2021-10-06 10:57:45,603 [grpc-default-executor-0] INFO server.RaftServer$Division: 1896e343-152f-4ae4-b50f-a51fa3294b37@group-19027A0F605D replies to ELECTION vote request: e83458eb-4ffd-4bff-851d-bd7036d1707b<-1896e343-152f-4ae4-b50f-a51fa3294b37#0:OK-t5. Peer's state: 1896e343-152f-4ae4-b50f-a51fa3294b37@group-19027A0F605D:t5, leader=null, voted=e83458eb-4ffd-4bff-851d-bd7036d1707b, raftlog=1896e343-152f-4ae4-b50f-a51fa3294b37@group-19027A0F605D-SegmentedRaftLog:OPENED:c-1,f-1,i0, conf=-1: [e83458eb-4ffd-4bff-851d-bd7036d1707b|rpc:10.5.0.7:9856|admin:10.5.0.7:9857|client:10.5.0.7:9858|dataStream:|priority:1, 1896e343-152f-4ae4-b50f-a51fa3294b37|rpc:10.5.0.6:9856|admin:10.5.0.6:9857|client:10.5.0.6:9858|dataStream:|priority:0, f13d9d4f-33f3-4598-979f-ba002caacfa7|rpc:10.5.0.5:9856|admin:10.5.0.5:9857|client:10.5.0.5:9858|dataStream:|priority:0], old=null
datanode_1_1  | 2021-10-06 10:58:02,427 [grpc-default-executor-0] INFO server.RaftServer$Division: cf94f710-4cc5-4283-86d1-32937aa467ee@group-E502FFB5DF71: changes role from  FOLLOWER to FOLLOWER at term 7 for candidate:b8eb3caa-00d6-4bd0-a325-7658a707d0c2
datanode_1_1  | 2021-10-06 10:58:02,427 [grpc-default-executor-0] INFO impl.RoleInfo: cf94f710-4cc5-4283-86d1-32937aa467ee: shutdown cf94f710-4cc5-4283-86d1-32937aa467ee@group-E502FFB5DF71-FollowerState
datanode_1_1  | 2021-10-06 10:58:02,428 [grpc-default-executor-0] INFO impl.RoleInfo: cf94f710-4cc5-4283-86d1-32937aa467ee: start cf94f710-4cc5-4283-86d1-32937aa467ee@group-E502FFB5DF71-FollowerState
datanode_2_1  | 2021-10-06 10:57:25,755 [grpc-default-executor-0] INFO segmented.SegmentedRaftLogWorker: f13d9d4f-33f3-4598-979f-ba002caacfa7@group-0185718486C1-SegmentedRaftLogWorker: Starting segment from index:0
datanode_6_1  | 2021-10-06 10:57:28,210 [pool-22-thread-1] INFO server.RaftServerConfigKeys: raft.server.log.statemachine.data.caching.enabled = true (custom)
datanode_6_1  | 2021-10-06 10:57:28,263 [pool-22-thread-1] INFO segmented.SegmentedRaftLogWorker: b8eb3caa-00d6-4bd0-a325-7658a707d0c2@group-CD1A4842A3E3-SegmentedRaftLogWorker: flushIndex: setUnconditionally 0 -> -1
datanode_6_1  | 2021-10-06 10:57:28,263 [pool-22-thread-1] INFO segmented.SegmentedRaftLogWorker: b8eb3caa-00d6-4bd0-a325-7658a707d0c2@group-CD1A4842A3E3-SegmentedRaftLogWorker: safeCacheEvictIndex: setUnconditionally 0 -> -1
datanode_1_1  | 2021-10-06 10:58:02,428 [cf94f710-4cc5-4283-86d1-32937aa467ee@group-E502FFB5DF71-FollowerState] INFO impl.FollowerState: cf94f710-4cc5-4283-86d1-32937aa467ee@group-E502FFB5DF71-FollowerState was interrupted: {}
datanode_1_1  | java.lang.InterruptedException: sleep interrupted
datanode_1_1  | 	at java.base/java.lang.Thread.sleep(Native Method)
om_1          | 2021-10-06 10:57:43,100 [om1@group-C5BA1605619E-FollowerState] INFO impl.FollowerState: om1@group-C5BA1605619E-FollowerState: change to CANDIDATE, lastRpcElapsedTime:5068014050ns, electionTimeout:5057ms
om_1          | 2021-10-06 10:57:43,101 [om1@group-C5BA1605619E-FollowerState] INFO impl.RoleInfo: om1: shutdown om1@group-C5BA1605619E-FollowerState
datanode_2_1  | 2021-10-06 10:57:26,130 [f13d9d4f-33f3-4598-979f-ba002caacfa7@group-0185718486C1-SegmentedRaftLogWorker] INFO segmented.SegmentedRaftLogWorker: f13d9d4f-33f3-4598-979f-ba002caacfa7@group-0185718486C1-SegmentedRaftLogWorker: created new log segment /data/metadata/ratis/57dc1496-20e0-4431-8884-0185718486c1/current/log_inprogress_0
datanode_5_1  | 2021-10-06 10:57:18,619 [pool-22-thread-1] INFO server.RaftServerConfigKeys: raft.server.log.segment.cache.size.max = 200MB (=209715200) (default)
datanode_5_1  | 2021-10-06 10:57:18,647 [pool-22-thread-1] INFO segmented.SegmentedRaftLogWorker: new aecce24f-2fdb-445c-a772-5866ed94540e@group-0185718486C1-SegmentedRaftLogWorker for RaftStorageImpl:Storage Directory /data/metadata/ratis/57dc1496-20e0-4431-8884-0185718486c1
datanode_5_1  | 2021-10-06 10:57:18,647 [pool-22-thread-1] INFO server.RaftServerConfigKeys: raft.server.log.queue.byte-limit = 2147483647 (custom)
datanode_1_1  | 	at java.base/java.lang.Thread.sleep(Thread.java:339)
datanode_1_1  | 	at java.base/java.util.concurrent.TimeUnit.sleep(TimeUnit.java:446)
datanode_1_1  | 	at org.apache.ratis.util.TimeDuration.sleep(TimeDuration.java:324)
om_1          | 2021-10-06 10:57:43,102 [om1@group-C5BA1605619E-FollowerState] INFO server.RaftServer$Division: om1@group-C5BA1605619E: changes role from  FOLLOWER to CANDIDATE at term 0 for changeToCandidate
om_1          | 2021-10-06 10:57:43,104 [om1@group-C5BA1605619E-FollowerState] INFO server.RaftServerConfigKeys: raft.server.leaderelection.pre-vote = false (custom)
datanode_2_1  | 2021-10-06 10:57:26,167 [Command processor thread] INFO commandhandler.CreatePipelineCommandHandler: Created Pipeline RATIS THREE PipelineID=de656c1f-a526-4703-9b12-19027a0f605d.
datanode_2_1  | 2021-10-06 10:57:26,170 [Command processor thread] INFO server.RaftServer: f13d9d4f-33f3-4598-979f-ba002caacfa7: addNew group-8B87AE5F7F40:[f13d9d4f-33f3-4598-979f-ba002caacfa7|rpc:10.5.0.5:9856|admin:10.5.0.5:9857|client:10.5.0.5:9858|priority:1] returns group-8B87AE5F7F40:java.util.concurrent.CompletableFuture@1263553e[Not completed]
datanode_2_1  | 2021-10-06 10:57:26,174 [pool-22-thread-1] INFO server.RaftServer$Division: f13d9d4f-33f3-4598-979f-ba002caacfa7: new RaftServerImpl for group-8B87AE5F7F40:[f13d9d4f-33f3-4598-979f-ba002caacfa7|rpc:10.5.0.5:9856|admin:10.5.0.5:9857|client:10.5.0.5:9858|priority:1] with ContainerStateMachine:uninitialized
scm_1         | 2021-10-06 10:57:11,377 [Listener at 0.0.0.0/9861] INFO ipc.CallQueueManager: Using callQueue: class java.util.concurrent.LinkedBlockingQueue, queueCapacity: 10000, scheduler: class org.apache.hadoop.ipc.DefaultRpcScheduler, ipcBackoff: false.
scm_1         | 2021-10-06 10:57:11,386 [Socket Reader #1 for port 9863] INFO ipc.Server: Starting Socket Reader #1 for port 9863
scm_1         | 2021-10-06 10:57:11,415 [Listener at 0.0.0.0/9863] INFO ipc.CallQueueManager: Using callQueue: class java.util.concurrent.LinkedBlockingQueue, queueCapacity: 10000, scheduler: class org.apache.hadoop.ipc.DefaultRpcScheduler, ipcBackoff: false.
scm_1         | 2021-10-06 10:57:11,422 [Socket Reader #1 for port 9860] INFO ipc.Server: Starting Socket Reader #1 for port 9860
scm_1         | 2021-10-06 10:57:11,509 [Listener at 0.0.0.0/9860] INFO algorithms.ContainerPlacementPolicyFactory: Create container placement policy of type org.apache.hadoop.hdds.scm.container.placement.algorithms.SCMContainerPlacementRackAware
datanode_6_1  | 2021-10-06 10:57:28,304 [pool-22-thread-1] INFO server.RaftServerConfigKeys: raft.server.snapshot.auto.trigger.enabled = true (custom)
datanode_4_1  | 2021-10-06 10:57:35,355 [grpc-default-executor-0] INFO server.RaftServer$Division: e83458eb-4ffd-4bff-851d-bd7036d1707b@group-19027A0F605D: receive requestVote(ELECTION, f13d9d4f-33f3-4598-979f-ba002caacfa7, group-19027A0F605D, 3, (t:0, i:0))
datanode_1_1  | 	at org.apache.ratis.util.TimeDuration.sleep(TimeDuration.java:309)
datanode_1_1  | 	at org.apache.ratis.server.impl.FollowerState.run(FollowerState.java:118)
datanode_1_1  | 2021-10-06 10:58:02,432 [grpc-default-executor-0] INFO server.RaftServer$Division: cf94f710-4cc5-4283-86d1-32937aa467ee@group-E502FFB5DF71 replies to ELECTION vote request: b8eb3caa-00d6-4bd0-a325-7658a707d0c2<-cf94f710-4cc5-4283-86d1-32937aa467ee#0:OK-t7. Peer's state: cf94f710-4cc5-4283-86d1-32937aa467ee@group-E502FFB5DF71:t7, leader=null, voted=b8eb3caa-00d6-4bd0-a325-7658a707d0c2, raftlog=cf94f710-4cc5-4283-86d1-32937aa467ee@group-E502FFB5DF71-SegmentedRaftLog:OPENED:c-1,f-1,i0, conf=-1: [b8eb3caa-00d6-4bd0-a325-7658a707d0c2|rpc:10.5.0.9:9856|admin:10.5.0.9:9857|client:10.5.0.9:9858|dataStream:|priority:1, cf94f710-4cc5-4283-86d1-32937aa467ee|rpc:10.5.0.4:9856|admin:10.5.0.4:9857|client:10.5.0.4:9858|dataStream:|priority:0, aecce24f-2fdb-445c-a772-5866ed94540e|rpc:10.5.0.8:9856|admin:10.5.0.8:9857|client:10.5.0.8:9858|dataStream:|priority:0], old=null
datanode_3_1  | 2021-10-06 10:57:45,987 [grpc-default-executor-0] INFO ratis.XceiverServerRatis: Leader change notification received for group: group-19027A0F605D with new leaderId: e83458eb-4ffd-4bff-851d-bd7036d1707b
scm_1         | 2021-10-06 10:57:11,548 [Listener at 0.0.0.0/9860] INFO server.StorageContainerManager: 
scm_1         | Container Balancer status:
datanode_4_1  | 2021-10-06 10:57:35,357 [grpc-default-executor-0] INFO impl.VoteContext: e83458eb-4ffd-4bff-851d-bd7036d1707b@group-19027A0F605D-FOLLOWER: reject ELECTION from f13d9d4f-33f3-4598-979f-ba002caacfa7: our priority 1 > candidate's priority 0
om_1          | 2021-10-06 10:57:43,104 [om1@group-C5BA1605619E-FollowerState] INFO impl.RoleInfo: om1: start om1@group-C5BA1605619E-LeaderElection1
om_1          | 2021-10-06 10:57:43,115 [om1@group-C5BA1605619E-LeaderElection1] INFO impl.LeaderElection: om1@group-C5BA1605619E-LeaderElection1 ELECTION round 0: submit vote requests at term 1 for -1: [om1|rpc:om:9872|priority:0], old=null
