scm_1       | 2020-04-01 14:26:06,469 [Socket Reader #1 for port 9861] INFO ipc.Server: Auth successful for dn/51d181ca0a8b@EXAMPLE.COM (auth:KERBEROS)
om_1        | 2020-04-01 14:26:35,354 [Socket Reader #1 for port 9862] INFO ipc.Server: Auth successful for hadoop/rm@EXAMPLE.COM (auth:KERBEROS)
kms_1       | 	at com.sun.jersey.server.impl.uri.rules.ResourceClassRule.accept(ResourceClassRule.java:108)
nm_1        | 2020-04-01 14:25:58 INFO  Server:1849 - Auth successful for appattempt_1585751087773_0001_000001 (auth:SIMPLE)
rm_1        | 2020-04-01 14:24:34 INFO  AsyncDispatcher:223 - Registering class org.apache.hadoop.yarn.server.resourcemanager.metrics.AbstractSystemMetricsPublisher$SystemMetricsEventType for class org.apache.hadoop.yarn.server.resourcemanager.metrics.TimelineServiceV1Publisher$TimelineV1EventHandler
scm_1       | 2020-04-01 14:26:08,630 [Socket Reader #1 for port 9863] INFO ipc.Server: Auth successful for om/om@EXAMPLE.COM (auth:KERBEROS)
om_1        | 2020-04-01 14:26:38,476 [Socket Reader #1 for port 9862] INFO ipc.Server: Auth successful for hadoop/rm@EXAMPLE.COM (auth:TOKEN)
nm_1        | 2020-04-01 14:25:58 INFO  ContainerManagerImpl:1070 - Start request for container_1585751087773_0001_01_000001 by user hadoop
rm_1        | 2020-04-01 14:24:34 INFO  AsyncDispatcher:223 - Registering class org.apache.hadoop.yarn.server.resourcemanager.metrics.AbstractSystemMetricsPublisher$SystemMetricsEventType for class org.apache.hadoop.yarn.server.resourcemanager.metrics.TimelineServiceV1Publisher$TimelineV1EventHandler
scm_1       | 2020-04-01 14:26:28,102 [Socket Reader #1 for port 9863] INFO ipc.Server: Auth successful for om/om@EXAMPLE.COM (auth:KERBEROS)
kms_1       | 	at com.sun.jersey.server.impl.uri.rules.RightHandPathRule.accept(RightHandPathRule.java:147)
om_1        | 2020-04-01 14:26:40,812 [Socket Reader #1 for port 9862] INFO ipc.Server: Auth successful for rm/rm@EXAMPLE.COM (auth:KERBEROS)
nm_1        | 2020-04-01 14:25:58 INFO  ContainerManagerImpl:1122 - Creating a new application reference for app application_1585751087773_0001
rm_1        | 2020-04-01 14:24:35 INFO  log:192 - Logging initialized @18267ms
scm_1       | 2020-04-01 14:26:35,922 [Socket Reader #1 for port 9861] INFO ipc.Server: Auth successful for dn/04eff68faf9f@EXAMPLE.COM (auth:KERBEROS)
kms_1       | 	at com.sun.jersey.server.impl.uri.rules.RootResourceClassesRule.accept(RootResourceClassesRule.java:84)
om_1        | 2020-04-01 14:26:41,499 [Socket Reader #1 for port 9862] INFO ipc.Server: Auth successful for nm/nm@EXAMPLE.COM (auth:KERBEROS)
nm_1        | 2020-04-01 14:25:58 INFO  ApplicationImpl:655 - Application application_1585751087773_0001 transitioned from NEW to INITING
rm_1        | 2020-04-01 14:24:36 INFO  AuthenticationFilter:240 - Unable to initialize FileSignerSecretProvider, falling back to use random secrets.
scm_1       | 2020-04-01 14:26:36,445 [Socket Reader #1 for port 9861] INFO ipc.Server: Auth successful for dn/93b6e3a75c2b@EXAMPLE.COM (auth:KERBEROS)
kms_1       | 	at com.sun.jersey.server.impl.application.WebApplicationImpl._handleRequest(WebApplicationImpl.java:1542)
om_1        | 2020-04-01 14:26:41,539 [Socket Reader #1 for port 9862] INFO ipc.Server: Auth successful for hadoop/rm@EXAMPLE.COM (auth:TOKEN)
nm_1        | 2020-04-01 14:25:58 INFO  NMAuditLogger:94 - USER=hadoop	IP=172.24.0.4	OPERATION=Start Container Request	TARGET=ContainerManageImpl	RESULT=SUCCESS	APPID=application_1585751087773_0001	CONTAINERID=container_1585751087773_0001_01_000001
rm_1        | 2020-04-01 14:24:36 INFO  HttpRequestLog:81 - Http request log for http.requests.resourcemanager is not defined
scm_1       | 2020-04-01 14:26:36,477 [Socket Reader #1 for port 9861] INFO ipc.Server: Auth successful for dn/51d181ca0a8b@EXAMPLE.COM (auth:KERBEROS)
kms_1       | 	at com.sun.jersey.server.impl.application.WebApplicationImpl._handleRequest(WebApplicationImpl.java:1473)
om_1        | 2020-04-01 14:26:41,646 [Socket Reader #1 for port 9862] INFO ipc.Server: Auth successful for hadoop/rm@EXAMPLE.COM (auth:TOKEN)
nm_1        | 2020-04-01 14:25:58 INFO  ApplicationImpl:463 - Adding container_1585751087773_0001_01_000001 to application application_1585751087773_0001
rm_1        | 2020-04-01 14:24:36 INFO  HttpServer2:975 - Added global filter 'safety' (class=org.apache.hadoop.http.HttpServer2$QuotingInputFilter)
scm_1       | 2020-04-01 14:27:01,080 [Socket Reader #1 for port 9863] INFO ipc.Server: Auth successful for om/om@EXAMPLE.COM (auth:KERBEROS)
kms_1       | 	at com.sun.jersey.server.impl.application.WebApplicationImpl.handleRequest(WebApplicationImpl.java:1419)
om_1        | 2020-04-01 14:26:43,912 [Socket Reader #1 for port 9862] INFO ipc.Server: Auth successful for hadoop/rm@EXAMPLE.COM (auth:TOKEN)
nm_1        | 2020-04-01 14:25:59 WARN  LogAggregationFileController:284 - Remote Root Log Dir [/tmp/logs] does not exist. Attempting to create it.
rm_1        | 2020-04-01 14:24:36 INFO  HttpServer2:948 - Added filter static_user_filter (class=org.apache.hadoop.http.lib.StaticUserWebFilter$StaticUserFilter) to context cluster
scm_1       | 2020-04-01 14:27:05,914 [Socket Reader #1 for port 9861] INFO ipc.Server: Auth successful for dn/04eff68faf9f@EXAMPLE.COM (auth:KERBEROS)
kms_1       | 	at com.sun.jersey.server.impl.application.WebApplicationImpl.handleRequest(WebApplicationImpl.java:1409)
om_1        | 2020-04-01 14:26:53,885 [Socket Reader #1 for port 9862] INFO ipc.Server: Auth successful for hadoop/rm@EXAMPLE.COM (auth:TOKEN)
rm_1        | 2020-04-01 14:24:36 INFO  HttpServer2:958 - Added filter static_user_filter (class=org.apache.hadoop.http.lib.StaticUserWebFilter$StaticUserFilter) to context static
nm_1        | 2020-04-01 14:25:59 WARN  LogAggregationFileController:298 - No primary group found. The remote root log directory will be created with the HDFS superuser being its group owner. JobHistoryServer may be unable to read the directory.
scm_1       | 2020-04-01 14:27:06,450 [Socket Reader #1 for port 9861] INFO ipc.Server: Auth successful for dn/93b6e3a75c2b@EXAMPLE.COM (auth:KERBEROS)
kms_1       | 	at com.sun.jersey.spi.container.servlet.WebComponent.service(WebComponent.java:409)
om_1        | 2020-04-01 14:27:00,402 [Socket Reader #1 for port 9862] INFO ipc.Server: Auth successful for hadoop/rm@EXAMPLE.COM (auth:TOKEN)
rm_1        | 2020-04-01 14:24:36 INFO  HttpServer2:958 - Added filter static_user_filter (class=org.apache.hadoop.http.lib.StaticUserWebFilter$StaticUserFilter) to context logs
nm_1        | 2020-04-01 14:25:59 INFO  ApplicationImpl:655 - Application application_1585751087773_0001 transitioned from INITING to RUNNING
scm_1       | 2020-04-01 14:27:06,476 [Socket Reader #1 for port 9861] INFO ipc.Server: Auth successful for dn/51d181ca0a8b@EXAMPLE.COM (auth:KERBEROS)
kms_1       | 	at com.sun.jersey.spi.container.servlet.ServletContainer.service(ServletContainer.java:558)
om_1        | 2020-04-01 14:27:02,573 [Socket Reader #1 for port 9862] INFO ipc.Server: Auth successful for hadoop/rm@EXAMPLE.COM (auth:TOKEN)
rm_1        | 2020-04-01 14:24:36 INFO  HttpServer2:613 - adding path spec: /cluster/*
nm_1        | 2020-04-01 14:25:59 INFO  ContainerImpl:2112 - Container container_1585751087773_0001_01_000001 transitioned from NEW to LOCALIZING
kms_1       | 	at com.sun.jersey.spi.container.servlet.ServletContainer.service(ServletContainer.java:733)
rm_1        | 2020-04-01 14:24:36 INFO  HttpServer2:613 - adding path spec: /ws/*
rm_1        | 2020-04-01 14:24:36 INFO  HttpServer2:613 - adding path spec: /app/*
kms_1       | 	at javax.servlet.http.HttpServlet.service(HttpServlet.java:790)
rm_1        | 2020-04-01 14:24:40 INFO  WebApps:395 - Registered webapp guice modules
nm_1        | 2020-04-01 14:25:59 INFO  AuxServices:350 - Got event CONTAINER_INIT for appId application_1585751087773_0001
kms_1       | 	at org.eclipse.jetty.servlet.ServletHolder.handle(ServletHolder.java:848)
rm_1        | 2020-04-01 14:24:41 INFO  HttpServer2:1191 - Jetty bound to port 8088
nm_1        | 2020-04-01 14:25:59 INFO  ResourceLocalizationService:798 - Created localizer for container_1585751087773_0001_01_000001
kms_1       | 	at org.eclipse.jetty.servlet.ServletHandler$CachedChain.doFilter(ServletHandler.java:1772)
rm_1        | 2020-04-01 14:24:41 INFO  Server:351 - jetty-9.3.24.v20180605, build timestamp: 2018-06-05T17:11:56Z, git hash: 84205aa28f11a4f31f2a3b86d1bba2cc8ab69827
nm_1        | 2020-04-01 14:25:59 INFO  ResourceLocalizationService:1328 - Writing credentials to the nmPrivate file /tmp/hadoop-hadoop/nm-local-dir/nmPrivate/container_1585751087773_0001_01_000001.tokens
kms_1       | 	at org.apache.hadoop.crypto.key.kms.server.KMSMDCFilter.doFilter(KMSMDCFilter.java:84)
rm_1        | 2020-04-01 14:24:41 INFO  ContextHandler:781 - Started o.e.j.s.ServletContextHandler@3234f74e{/logs,file:///opt/hadoop/logs/,AVAILABLE}
nm_1        | 2020-04-01 14:25:59 INFO  DefaultContainerExecutor:836 - Initializing user hadoop
kms_1       | 	at org.eclipse.jetty.servlet.ServletHandler$CachedChain.doFilter(ServletHandler.java:1759)
rm_1        | 2020-04-01 14:24:41 INFO  ContextHandler:781 - Started o.e.j.s.ServletContextHandler@557a1e2d{/static,jar:file:/opt/hadoop/share/hadoop/yarn/hadoop-yarn-common-3.2.0.jar!/webapps/static,AVAILABLE}
nm_1        | 2020-04-01 14:25:59 INFO  DefaultContainerExecutor:166 - Copying from /tmp/hadoop-hadoop/nm-local-dir/nmPrivate/container_1585751087773_0001_01_000001.tokens to /tmp/hadoop-hadoop/nm-local-dir/usercache/hadoop/appcache/application_1585751087773_0001/container_1585751087773_0001_01_000001.tokens
kms_1       | 	at org.apache.hadoop.security.authentication.server.AuthenticationFilter.doFilter(AuthenticationFilter.java:644)
rm_1        | Apr 01, 2020 2:24:43 PM com.sun.jersey.guice.spi.container.GuiceComponentProviderFactory register
nm_1        | 2020-04-01 14:25:59 INFO  DefaultContainerExecutor:174 - Localizer CWD set to /tmp/hadoop-hadoop/nm-local-dir/usercache/hadoop/appcache/application_1585751087773_0001 = file:/tmp/hadoop-hadoop/nm-local-dir/usercache/hadoop/appcache/application_1585751087773_0001
kms_1       | 	at org.apache.hadoop.security.token.delegation.web.DelegationTokenAuthenticationFilter.doFilter(DelegationTokenAuthenticationFilter.java:304)
rm_1        | INFO: Registering org.apache.hadoop.yarn.server.resourcemanager.webapp.JAXBContextResolver as a provider class
nm_1        | 2020-04-01 14:25:59 INFO  Server:1849 - Auth successful for testing (auth:SIMPLE)
kms_1       | 	at org.apache.hadoop.security.authentication.server.AuthenticationFilter.doFilter(AuthenticationFilter.java:592)
rm_1        | Apr 01, 2020 2:24:43 PM com.sun.jersey.guice.spi.container.GuiceComponentProviderFactory register
nm_1        | 2020-04-01 14:25:59 WARN  MetricsSystemImpl:151 - NodeManager metrics system already initialized!
kms_1       | 	at org.apache.hadoop.crypto.key.kms.server.KMSAuthenticationFilter.doFilter(KMSAuthenticationFilter.java:142)
rm_1        | INFO: Registering org.apache.hadoop.yarn.server.resourcemanager.webapp.RMWebServices as a root resource class
nm_1        | 2020-04-01 14:26:01 INFO  ContainerImpl:2112 - Container container_1585751087773_0001_01_000001 transitioned from LOCALIZING to SCHEDULED
kms_1       | 	at org.eclipse.jetty.servlet.ServletHandler$CachedChain.doFilter(ServletHandler.java:1751)
nm_1        | 2020-04-01 14:26:01 INFO  ContainerScheduler:541 - Starting container [container_1585751087773_0001_01_000001]
rm_1        | Apr 01, 2020 2:24:43 PM com.sun.jersey.guice.spi.container.GuiceComponentProviderFactory register
kms_1       | 	at org.apache.hadoop.http.HttpServer2$QuotingInputFilter.doFilter(HttpServer2.java:1609)
nm_1        | 2020-04-01 14:26:01 INFO  ContainerImpl:2112 - Container container_1585751087773_0001_01_000001 transitioned from SCHEDULED to RUNNING
rm_1        | INFO: Registering org.apache.hadoop.yarn.webapp.GenericExceptionHandler as a provider class
kms_1       | 	at org.eclipse.jetty.servlet.ServletHandler$CachedChain.doFilter(ServletHandler.java:1759)
nm_1        | 2020-04-01 14:26:01 INFO  ContainersMonitorImpl:1013 - Starting resource-monitoring for container_1585751087773_0001_01_000001
rm_1        | Apr 01, 2020 2:24:43 PM com.sun.jersey.server.impl.application.WebApplicationImpl _initiate
kms_1       | 	at org.apache.hadoop.http.NoCacheFilter.doFilter(NoCacheFilter.java:45)
nm_1        | 2020-04-01 14:26:01 INFO  DefaultContainerExecutor:370 - launchContainer: [bash, /tmp/hadoop-hadoop/nm-local-dir/usercache/hadoop/appcache/application_1585751087773_0001/container_1585751087773_0001_01_000001/default_container_executor.sh]
rm_1        | INFO: Initiating Jersey application, version 'Jersey: 1.19 02/11/2015 03:25 AM'
kms_1       | 	at org.eclipse.jetty.servlet.ServletHandler$CachedChain.doFilter(ServletHandler.java:1759)
nm_1        | 2020-04-01 14:26:01 INFO  ContainersMonitorImpl:615 - container_1585751087773_0001_01_000001's ip = 172.24.0.10, and hostname = nm
rm_1        | Apr 01, 2020 2:24:43 PM com.sun.jersey.guice.spi.container.GuiceComponentProviderFactory getComponentProvider
rm_1        | INFO: Binding org.apache.hadoop.yarn.server.resourcemanager.webapp.JAXBContextResolver to GuiceManagedComponentProvider with the scope "Singleton"
kms_1       | 	at org.eclipse.jetty.servlet.ServletHandler.doHandle(ServletHandler.java:582)
nm_1        | 2020-04-01 14:26:05 INFO  ContainersMonitorImpl:516 - Skipping monitoring container container_1585751087773_0001_01_000001 since CPU usage is not yet available.
kms_1       | 	at org.eclipse.jetty.server.handler.ScopedHandler.handle(ScopedHandler.java:143)
rm_1        | Apr 01, 2020 2:24:46 PM com.sun.jersey.guice.spi.container.GuiceComponentProviderFactory getComponentProvider
nm_1        | 2020-04-01 14:26:11 INFO  Server:1849 - Auth successful for appattempt_1585751087773_0001_000001 (auth:SIMPLE)
kms_1       | 	at org.eclipse.jetty.security.SecurityHandler.handle(SecurityHandler.java:548)
rm_1        | INFO: Binding org.apache.hadoop.yarn.webapp.GenericExceptionHandler to GuiceManagedComponentProvider with the scope "Singleton"
nm_1        | 2020-04-01 14:26:11 INFO  ContainerManagerImpl:1070 - Start request for container_1585751087773_0001_01_000002 by user hadoop
kms_1       | 	at org.eclipse.jetty.server.session.SessionHandler.doHandle(SessionHandler.java:226)
rm_1        | Apr 01, 2020 2:24:47 PM com.sun.jersey.guice.spi.container.GuiceComponentProviderFactory getComponentProvider
nm_1        | 2020-04-01 14:26:11 INFO  NMAuditLogger:94 - USER=hadoop	IP=172.24.0.10	OPERATION=Start Container Request	TARGET=ContainerManageImpl	RESULT=SUCCESS	APPID=application_1585751087773_0001	CONTAINERID=container_1585751087773_0001_01_000002
kms_1       | 	at org.eclipse.jetty.server.handler.ContextHandler.doHandle(ContextHandler.java:1180)
rm_1        | INFO: Binding org.apache.hadoop.yarn.server.resourcemanager.webapp.RMWebServices to GuiceManagedComponentProvider with the scope "Singleton"
nm_1        | 2020-04-01 14:26:11 INFO  ApplicationImpl:463 - Adding container_1585751087773_0001_01_000002 to application application_1585751087773_0001
kms_1       | 	at org.eclipse.jetty.servlet.ServletHandler.doScope(ServletHandler.java:512)
rm_1        | 2020-04-01 14:24:47 INFO  ContextHandler:781 - Started o.e.j.w.WebAppContext@64524dd{/,file:///tmp/jetty-rm-8088-cluster-_-any-2381678731702650266.dir/webapp/,AVAILABLE}{/cluster}
nm_1        | 2020-04-01 14:26:11 INFO  ContainerImpl:2112 - Container container_1585751087773_0001_01_000002 transitioned from NEW to LOCALIZING
kms_1       | 	at org.eclipse.jetty.server.session.SessionHandler.doScope(SessionHandler.java:185)
rm_1        | 2020-04-01 14:24:47 INFO  AbstractConnector:278 - Started ServerConnector@3531f3ca{HTTP/1.1,[http/1.1]}{rm:8088}
nm_1        | 2020-04-01 14:26:11 INFO  AuxServices:350 - Got event CONTAINER_INIT for appId application_1585751087773_0001
kms_1       | 	at org.eclipse.jetty.server.handler.ContextHandler.doScope(ContextHandler.java:1112)
rm_1        | 2020-04-01 14:24:47 INFO  Server:419 - Started @30454ms
nm_1        | 2020-04-01 14:26:11 INFO  AuxServices:350 - Got event APPLICATION_INIT for appId application_1585751087773_0001
kms_1       | 	at org.eclipse.jetty.server.handler.ScopedHandler.handle(ScopedHandler.java:141)
rm_1        | 2020-04-01 14:24:47 INFO  WebApps:440 - Web app cluster started at 8088
nm_1        | 2020-04-01 14:26:11 INFO  AuxServices:354 - Got APPLICATION_INIT for service mapreduce_shuffle
kms_1       | 	at org.eclipse.jetty.server.handler.HandlerCollection.handle(HandlerCollection.java:119)
rm_1        | 2020-04-01 14:24:47 INFO  CallQueueManager:84 - Using callQueue: class java.util.concurrent.LinkedBlockingQueue, queueCapacity: 100, scheduler: class org.apache.hadoop.ipc.DefaultRpcScheduler, ipcBackoff: false.
nm_1        | 2020-04-01 14:26:11 INFO  ShuffleHandler:719 - Added token for job_1585751087773_0001
kms_1       | 	at org.eclipse.jetty.server.handler.HandlerWrapper.handle(HandlerWrapper.java:134)
rm_1        | 2020-04-01 14:24:47 INFO  Server:1074 - Starting Socket Reader #1 for port 8033
nm_1        | 2020-04-01 14:26:11 INFO  ContainerImpl:2112 - Container container_1585751087773_0001_01_000002 transitioned from LOCALIZING to SCHEDULED
kms_1       | 	at org.eclipse.jetty.server.Server.handle(Server.java:536)
rm_1        | 2020-04-01 14:24:47 INFO  RpcServerFactoryPBImpl:173 - Adding protocol org.apache.hadoop.yarn.server.api.ResourceManagerAdministrationProtocolPB to the server
nm_1        | 2020-04-01 14:26:11 INFO  ContainerScheduler:541 - Starting container [container_1585751087773_0001_01_000002]
kms_1       | 	at org.eclipse.jetty.server.HttpChannel.handle(HttpChannel.java:333)
rm_1        | 2020-04-01 14:24:47 INFO  Server:1314 - IPC Server Responder: starting
nm_1        | 2020-04-01 14:26:12 INFO  ContainerImpl:2112 - Container container_1585751087773_0001_01_000002 transitioned from SCHEDULED to RUNNING
kms_1       | 	at org.eclipse.jetty.server.HttpConnection.onFillable(HttpConnection.java:251)
rm_1        | 2020-04-01 14:24:47 INFO  Server:1153 - IPC Server listener on 8033: starting
nm_1        | 2020-04-01 14:26:12 INFO  ContainersMonitorImpl:1013 - Starting resource-monitoring for container_1585751087773_0001_01_000002
kms_1       | 	at org.eclipse.jetty.io.AbstractConnection$ReadCallback.succeeded(AbstractConnection.java:283)
rm_1        | 2020-04-01 14:24:47 INFO  ResourceManager:1292 - Transitioning to active state
nm_1        | 2020-04-01 14:26:12 INFO  DefaultContainerExecutor:370 - launchContainer: [bash, /tmp/hadoop-hadoop/nm-local-dir/usercache/hadoop/appcache/application_1585751087773_0001/container_1585751087773_0001_01_000002/default_container_executor.sh]
kms_1       | 	at org.eclipse.jetty.io.FillInterest.fillable(FillInterest.java:108)
rm_1        | 2020-04-01 14:24:47 INFO  RMStateStore:550 - Updating AMRMToken
nm_1        | 2020-04-01 14:26:12 INFO  Server:1849 - Auth successful for appattempt_1585751087773_0001_000001 (auth:SIMPLE)
kms_1       | 	at org.eclipse.jetty.io.SelectChannelEndPoint$2.run(SelectChannelEndPoint.java:93)
rm_1        | 2020-04-01 14:24:47 INFO  RMContainerTokenSecretManager:109 - Rolling master-key for container-tokens
nm_1        | 2020-04-01 14:26:12 INFO  ContainerManagerImpl:1070 - Start request for container_1585751087773_0001_01_000003 by user hadoop
kms_1       | 	at org.eclipse.jetty.util.thread.strategy.ExecuteProduceConsume.executeProduceConsume(ExecuteProduceConsume.java:303)
rm_1        | 2020-04-01 14:24:47 INFO  NMTokenSecretManagerInRM:95 - Rolling master-key for nm-tokens
nm_1        | 2020-04-01 14:26:12 INFO  NMAuditLogger:94 - USER=hadoop	IP=172.24.0.10	OPERATION=Start Container Request	TARGET=ContainerManageImpl	RESULT=SUCCESS	APPID=application_1585751087773_0001	CONTAINERID=container_1585751087773_0001_01_000003
kms_1       | 	at org.eclipse.jetty.util.thread.strategy.ExecuteProduceConsume.produceConsume(ExecuteProduceConsume.java:148)
rm_1        | 2020-04-01 14:24:47 INFO  AbstractDelegationTokenSecretManager:343 - Updating the current master key for generating delegation tokens
nm_1        | 2020-04-01 14:26:12 INFO  ApplicationImpl:463 - Adding container_1585751087773_0001_01_000003 to application application_1585751087773_0001
kms_1       | 	at org.eclipse.jetty.util.thread.strategy.ExecuteProduceConsume.run(ExecuteProduceConsume.java:136)
rm_1        | 2020-04-01 14:24:47 INFO  RMDelegationTokenSecretManager:92 - storing master key with keyID 1
nm_1        | 2020-04-01 14:26:12 INFO  ContainerImpl:2112 - Container container_1585751087773_0001_01_000003 transitioned from NEW to LOCALIZING
kms_1       | 	at org.eclipse.jetty.util.thread.QueuedThreadPool.runJob(QueuedThreadPool.java:671)
rm_1        | 2020-04-01 14:24:47 INFO  RMStateStore:501 - Storing RMDTMasterKey.
nm_1        | 2020-04-01 14:26:12 INFO  AuxServices:350 - Got event CONTAINER_INIT for appId application_1585751087773_0001
kms_1       | 	at org.eclipse.jetty.util.thread.QueuedThreadPool$2.run(QueuedThreadPool.java:589)
rm_1        | 2020-04-01 14:24:47 INFO  AbstractDelegationTokenSecretManager:675 - Starting expired delegation token remover thread, tokenRemoverScanInterval=60 min(s)
nm_1        | 2020-04-01 14:26:12 INFO  AuxServices:350 - Got event APPLICATION_INIT for appId application_1585751087773_0001
kms_1       | 	at java.lang.Thread.run(Thread.java:748)
rm_1        | 2020-04-01 14:24:47 INFO  AbstractDelegationTokenSecretManager:343 - Updating the current master key for generating delegation tokens
nm_1        | 2020-04-01 14:26:12 INFO  AuxServices:354 - Got APPLICATION_INIT for service mapreduce_shuffle
kms_1       | 
rm_1        | 2020-04-01 14:24:47 INFO  RMDelegationTokenSecretManager:92 - storing master key with keyID 2
nm_1        | 2020-04-01 14:26:12 INFO  ShuffleHandler:719 - Added token for job_1585751087773_0001
kms_1       | Apr 01, 2020 2:25:56 PM com.sun.jersey.server.wadl.generators.AbstractWadlGeneratorGrammarGenerator attachTypes
rm_1        | 2020-04-01 14:24:47 INFO  AsyncDispatcher:223 - Registering class org.apache.hadoop.yarn.nodelabels.event.NodeLabelsStoreEventType for class org.apache.hadoop.yarn.nodelabels.CommonNodeLabelsManager$ForwardingEventHandler
nm_1        | 2020-04-01 14:26:12 INFO  ContainerImpl:2112 - Container container_1585751087773_0001_01_000003 transitioned from LOCALIZING to SCHEDULED
kms_1       | INFO: Couldn't find grammar element for class java.util.Map
rm_1        | 2020-04-01 14:24:47 INFO  RMStateStore:501 - Storing RMDTMasterKey.
nm_1        | 2020-04-01 14:26:12 INFO  ContainerScheduler:541 - Starting container [container_1585751087773_0001_01_000003]
kms_1       | Apr 01, 2020 2:25:56 PM com.sun.jersey.server.wadl.generators.AbstractWadlGeneratorGrammarGenerator attachTypes
rm_1        | 2020-04-01 14:24:48 INFO  AbstractFSNodeStore:67 - Created store directory :file:/tmp/hadoop-yarn-rm/node-attribute
nm_1        | 2020-04-01 14:26:13 INFO  ContainerImpl:2112 - Container container_1585751087773_0001_01_000003 transitioned from SCHEDULED to RUNNING
kms_1       | INFO: Couldn't find grammar element for class javax.ws.rs.core.Response
rm_1        | 2020-04-01 14:24:48 INFO  AbstractFSNodeStore:181 - Finished write mirror at:file:/tmp/hadoop-yarn-rm/node-attribute/nodeattribute.mirror
nm_1        | 2020-04-01 14:26:13 INFO  ContainersMonitorImpl:1013 - Starting resource-monitoring for container_1585751087773_0001_01_000003
kms_1       | Apr 01, 2020 2:25:56 PM com.sun.jersey.server.wadl.generators.AbstractWadlGeneratorGrammarGenerator attachTypes
rm_1        | 2020-04-01 14:24:48 INFO  AbstractFSNodeStore:182 - Finished create editlog file at:file:/tmp/hadoop-yarn-rm/node-attribute/nodeattribute.editlog
nm_1        | 2020-04-01 14:26:13 INFO  DefaultContainerExecutor:370 - launchContainer: [bash, /tmp/hadoop-hadoop/nm-local-dir/usercache/hadoop/appcache/application_1585751087773_0001/container_1585751087773_0001_01_000003/default_container_executor.sh]
kms_1       | INFO: Couldn't find grammar element for class javax.ws.rs.core.Response
rm_1        | 2020-04-01 14:24:48 INFO  AsyncDispatcher:223 - Registering class org.apache.hadoop.yarn.server.resourcemanager.nodelabels.NodeAttributesStoreEventType for class org.apache.hadoop.yarn.server.resourcemanager.nodelabels.NodeAttributesManagerImpl$ForwardingEventHandler
nm_1        | 2020-04-01 14:26:13 INFO  Server:1849 - Auth successful for appattempt_1585751087773_0001_000001 (auth:SIMPLE)
kms_1       | Apr 01, 2020 2:25:56 PM com.sun.jersey.server.wadl.generators.AbstractWadlGeneratorGrammarGenerator attachTypes
rm_1        | 2020-04-01 14:24:48 INFO  MultiNodeSortingManager:66 - Starting NodeSortingService=MultiNodeSortingManager
nm_1        | 2020-04-01 14:26:13 INFO  ContainerManagerImpl:1070 - Start request for container_1585751087773_0001_01_000004 by user hadoop
kms_1       | INFO: Couldn't find grammar element for class java.util.Map
rm_1        | 2020-04-01 14:24:48 INFO  CallQueueManager:84 - Using callQueue: class java.util.concurrent.LinkedBlockingQueue, queueCapacity: 5000, scheduler: class org.apache.hadoop.ipc.DefaultRpcScheduler, ipcBackoff: false.
nm_1        | 2020-04-01 14:26:13 INFO  NMAuditLogger:94 - USER=hadoop	IP=172.24.0.10	OPERATION=Start Container Request	TARGET=ContainerManageImpl	RESULT=SUCCESS	APPID=application_1585751087773_0001	CONTAINERID=container_1585751087773_0001_01_000004
kms_1       | Apr 01, 2020 2:25:56 PM com.sun.jersey.server.wadl.generators.AbstractWadlGeneratorGrammarGenerator attachTypes
rm_1        | 2020-04-01 14:24:48 INFO  Server:1074 - Starting Socket Reader #1 for port 8031
nm_1        | 2020-04-01 14:26:13 INFO  ApplicationImpl:463 - Adding container_1585751087773_0001_01_000004 to application application_1585751087773_0001
kms_1       | INFO: Couldn't find grammar element for class java.util.Map
rm_1        | 2020-04-01 14:24:48 INFO  RpcServerFactoryPBImpl:173 - Adding protocol org.apache.hadoop.yarn.server.api.ResourceTrackerPB to the server
nm_1        | 2020-04-01 14:26:13 INFO  ContainerImpl:2112 - Container container_1585751087773_0001_01_000004 transitioned from NEW to LOCALIZING
kms_1       | Apr 01, 2020 2:25:56 PM com.sun.jersey.server.wadl.generators.AbstractWadlGeneratorGrammarGenerator attachTypes
rm_1        | 2020-04-01 14:24:48 INFO  Server:1314 - IPC Server Responder: starting
nm_1        | 2020-04-01 14:26:13 INFO  AuxServices:350 - Got event CONTAINER_INIT for appId application_1585751087773_0001
kms_1       | INFO: Couldn't find grammar element for class java.util.Map
rm_1        | 2020-04-01 14:24:48 INFO  Server:1153 - IPC Server listener on 8031: starting
nm_1        | 2020-04-01 14:26:13 INFO  AuxServices:350 - Got event APPLICATION_INIT for appId application_1585751087773_0001
kms_1       | Apr 01, 2020 2:25:56 PM com.sun.jersey.server.wadl.generators.AbstractWadlGeneratorGrammarGenerator attachTypes
rm_1        | 2020-04-01 14:24:48 INFO  JvmPauseMonitor:188 - Starting JVM pause monitor
nm_1        | 2020-04-01 14:26:13 INFO  AuxServices:354 - Got APPLICATION_INIT for service mapreduce_shuffle
kms_1       | INFO: Couldn't find grammar element for class javax.ws.rs.core.Response
rm_1        | 2020-04-01 14:24:48 INFO  CallQueueManager:84 - Using callQueue: class java.util.concurrent.LinkedBlockingQueue, queueCapacity: 5000, scheduler: class org.apache.hadoop.ipc.DefaultRpcScheduler, ipcBackoff: false.
nm_1        | 2020-04-01 14:26:13 INFO  ShuffleHandler:719 - Added token for job_1585751087773_0001
kms_1       | Apr 01, 2020 2:25:56 PM com.sun.jersey.server.wadl.generators.AbstractWadlGeneratorGrammarGenerator attachTypes
rm_1        | 2020-04-01 14:24:48 INFO  Server:1074 - Starting Socket Reader #1 for port 8030
nm_1        | 2020-04-01 14:26:13 INFO  ContainerImpl:2112 - Container container_1585751087773_0001_01_000004 transitioned from LOCALIZING to SCHEDULED
kms_1       | INFO: Couldn't find grammar element for class java.util.Map
rm_1        | 2020-04-01 14:24:48 INFO  RpcServerFactoryPBImpl:173 - Adding protocol org.apache.hadoop.yarn.api.ApplicationMasterProtocolPB to the server
nm_1        | 2020-04-01 14:26:13 INFO  ContainerScheduler:541 - Starting container [container_1585751087773_0001_01_000004]
kms_1       | Apr 01, 2020 2:25:56 PM com.sun.jersey.server.wadl.generators.AbstractWadlGeneratorGrammarGenerator attachTypes
rm_1        | 2020-04-01 14:24:48 INFO  Server:1314 - IPC Server Responder: starting
nm_1        | 2020-04-01 14:26:13 INFO  ContainerImpl:2112 - Container container_1585751087773_0001_01_000004 transitioned from SCHEDULED to RUNNING
kms_1       | INFO: Couldn't find grammar element for class javax.ws.rs.core.Response
rm_1        | 2020-04-01 14:24:48 INFO  Server:1153 - IPC Server listener on 8030: starting
nm_1        | 2020-04-01 14:26:13 INFO  ContainersMonitorImpl:1013 - Starting resource-monitoring for container_1585751087773_0001_01_000004
kms_1       | Apr 01, 2020 2:25:56 PM com.sun.jersey.server.wadl.generators.AbstractWadlGeneratorGrammarGenerator attachTypes
rm_1        | 2020-04-01 14:24:49 INFO  CallQueueManager:84 - Using callQueue: class java.util.concurrent.LinkedBlockingQueue, queueCapacity: 5000, scheduler: class org.apache.hadoop.ipc.DefaultRpcScheduler, ipcBackoff: false.
nm_1        | 2020-04-01 14:26:13 INFO  DefaultContainerExecutor:370 - launchContainer: [bash, /tmp/hadoop-hadoop/nm-local-dir/usercache/hadoop/appcache/application_1585751087773_0001/container_1585751087773_0001_01_000004/default_container_executor.sh]
kms_1       | INFO: Couldn't find grammar element for class javax.ws.rs.core.Response
rm_1        | 2020-04-01 14:24:49 INFO  Server:1074 - Starting Socket Reader #1 for port 8032
nm_1        | 2020-04-01 14:26:14 INFO  ContainersMonitorImpl:615 - container_1585751087773_0001_01_000004's ip = 172.24.0.10, and hostname = nm
kms_1       | Apr 01, 2020 2:25:56 PM com.sun.jersey.server.wadl.generators.AbstractWadlGeneratorGrammarGenerator attachTypes
rm_1        | 2020-04-01 14:24:49 INFO  RpcServerFactoryPBImpl:173 - Adding protocol org.apache.hadoop.yarn.api.ApplicationClientProtocolPB to the server
nm_1        | 2020-04-01 14:26:14 INFO  ContainersMonitorImpl:615 - container_1585751087773_0001_01_000003's ip = 172.24.0.10, and hostname = nm
kms_1       | INFO: Couldn't find grammar element for class java.util.Map
rm_1        | 2020-04-01 14:24:49 INFO  Server:1314 - IPC Server Responder: starting
nm_1        | 2020-04-01 14:26:14 INFO  ContainersMonitorImpl:615 - container_1585751087773_0001_01_000002's ip = 172.24.0.10, and hostname = nm
kms_1       | Apr 01, 2020 2:25:56 PM com.sun.jersey.server.wadl.generators.AbstractWadlGeneratorGrammarGenerator attachTypes
rm_1        | 2020-04-01 14:24:49 INFO  Server:1153 - IPC Server listener on 8032: starting
nm_1        | 2020-04-01 14:26:17 INFO  ContainersMonitorImpl:516 - Skipping monitoring container container_1585751087773_0001_01_000004 since CPU usage is not yet available.
kms_1       | INFO: Couldn't find grammar element for class java.util.Map
rm_1        | 2020-04-01 14:24:49 INFO  ResourceManager:1308 - Transitioned to active state
nm_1        | 2020-04-01 14:26:17 INFO  ContainersMonitorImpl:516 - Skipping monitoring container container_1585751087773_0001_01_000003 since CPU usage is not yet available.
kms_1       | Apr 01, 2020 2:25:56 PM com.sun.jersey.server.wadl.generators.AbstractWadlGeneratorGrammarGenerator attachTypes
rm_1        | 2020-04-01 14:24:49 INFO  Server:1849 - Auth successful for nm/nm@EXAMPLE.COM (auth:KERBEROS)
nm_1        | 2020-04-01 14:26:17 INFO  ContainersMonitorImpl:516 - Skipping monitoring container container_1585751087773_0001_01_000002 since CPU usage is not yet available.
kms_1       | INFO: Couldn't find grammar element for class java.util.Map
rm_1        | 2020-04-01 14:24:50 INFO  RMNodeImpl:674 - nm:46489 Node Transitioned from NEW to RUNNING
nm_1        | 2020-04-01 14:26:22 INFO  ContainerLaunch:595 - Container container_1585751087773_0001_01_000002 succeeded 
kms_1       | Apr 01, 2020 2:25:56 PM com.sun.jersey.server.wadl.generators.AbstractWadlGeneratorGrammarGenerator attachTypes
rm_1        | 2020-04-01 14:24:50 INFO  ResourceTrackerService:497 - NodeManager from node nm(cmPort: 46489 httpPort: 8042) registered with capability: <memory:8192, vCores:8>, assigned nodeId nm:46489
nm_1        | 2020-04-01 14:26:22 INFO  ContainerImpl:2112 - Container container_1585751087773_0001_01_000002 transitioned from RUNNING to EXITED_WITH_SUCCESS
rm_1        | 2020-04-01 14:24:50 INFO  CapacityScheduler:2004 - Added node nm:46489 clusterResource: <memory:8192, vCores:8>
kms_1       | INFO: Couldn't find grammar element for class javax.ws.rs.core.Response
nm_1        | 2020-04-01 14:26:22 INFO  ContainerCleanup:87 - Cleaning up container container_1585751087773_0001_01_000002
rm_1        | 2020-04-01 14:25:53 INFO  Server:1849 - Auth successful for hadoop/rm@EXAMPLE.COM (auth:KERBEROS)
kms_1       | Apr 01, 2020 2:26:36 PM com.sun.jersey.server.wadl.generators.WadlGeneratorJAXBGrammarGenerator buildModelAndSchemas
nm_1        | 2020-04-01 14:26:22 INFO  NMAuditLogger:94 - USER=hadoop	OPERATION=Container Finished - Succeeded	TARGET=ContainerImpl	RESULT=SUCCESS	APPID=application_1585751087773_0001	CONTAINERID=container_1585751087773_0001_01_000002
rm_1        | 2020-04-01 14:25:53 INFO  ClientRMService:355 - Allocated new applicationId: 1
kms_1       | SEVERE: Failed to generate the schema for the JAX-B elements
nm_1        | 2020-04-01 14:26:22 INFO  ContainerImpl:2112 - Container container_1585751087773_0001_01_000002 transitioned from EXITED_WITH_SUCCESS to DONE
rm_1        | 2020-04-01 14:25:55 INFO  CapacityScheduler:2641 - Application 'application_1585751087773_0001' is submitted without priority hence considering default queue/cluster priority: 0
kms_1       | com.sun.xml.bind.v2.runtime.IllegalAnnotationsException: 2 counts of IllegalAnnotationExceptions
nm_1        | 2020-04-01 14:26:22 INFO  ApplicationImpl:512 - Removing container_1585751087773_0001_01_000002 from application application_1585751087773_0001
rm_1        | 2020-04-01 14:25:55 INFO  CapacityScheduler:2662 - Priority '0' is acceptable in queue : default for application: application_1585751087773_0001
kms_1       | java.util.Map is an interface, and JAXB can't handle interfaces.
nm_1        | 2020-04-01 14:26:22 INFO  ContainersMonitorImpl:1004 - Stopping resource-monitoring for container_1585751087773_0001_01_000002
rm_1        | 2020-04-01 14:25:55 INFO  ClientRMService:662 - Application with id 1 submitted by user hadoop
kms_1       | 	this problem is related to the following location:
nm_1        | 2020-04-01 14:26:23 INFO  AppLogAggregatorImpl:539 - Considering container container_1585751087773_0001_01_000002 for log-aggregation
rm_1        | 2020-04-01 14:25:55 INFO  RMAuditLogger:270 - USER=hadoop	IP=172.24.0.4	OPERATION=Submit Application Request	TARGET=ClientRMService	RESULT=SUCCESS	APPID=application_1585751087773_0001	CALLERCONTEXT=CLI
kms_1       | 		at java.util.Map
nm_1        | 2020-04-01 14:26:23 INFO  AuxServices:350 - Got event CONTAINER_STOP for appId application_1585751087773_0001
rm_1        | 2020-04-01 14:25:56 INFO  DelegationTokenRenewer:635 - Renewed delegation-token= [Kind: OzoneToken, Service: 172.24.0.9:9862, Ident: (OzoneToken owner=hadoop/rm@EXAMPLE.COM, renewer=rm, realUser=, issueDate=1585751153503, maxDate=1586355953503, sequenceNumber=1, masterKeyId=1, strToSign=null, signature=null, awsAccessKeyId=null);exp=1585837556800; apps=[application_1585751087773_0001]]
kms_1       | java.util.Map does not have a no-arg default constructor.
nm_1        | 2020-04-01 14:26:23 INFO  DefaultContainerExecutor:634 - Deleting absolute path : /tmp/hadoop-hadoop/nm-local-dir/usercache/hadoop/appcache/application_1585751087773_0001/container_1585751087773_0001_01_000002/launch_container.sh
kms_1       | 	this problem is related to the following location:
nm_1        | 2020-04-01 14:26:23 INFO  DefaultContainerExecutor:634 - Deleting absolute path : /tmp/hadoop-hadoop/nm-local-dir/usercache/hadoop/appcache/application_1585751087773_0001/container_1585751087773_0001_01_000002/container_tokens
rm_1        | 2020-04-01 14:25:57 INFO  DelegationTokenRenewer:635 - Renewed delegation-token= [Kind: kms-dt, Service: kms://http@kms:9600/kms, Ident: (kms-dt owner=hadoop, renewer=rm, realUser=, issueDate=1585751153791, maxDate=1586355953791, sequenceNumber=1, masterKeyId=2);exp=1585837556946; apps=[application_1585751087773_0001]]
kms_1       | 		at java.util.Map
nm_1        | 2020-04-01 14:26:24 INFO  ContainerLaunch:595 - Container container_1585751087773_0001_01_000003 succeeded 
rm_1        | 2020-04-01 14:25:57 INFO  TimelineClientImpl:129 - Timeline service address: jhs:8188
kms_1       | 
nm_1        | 2020-04-01 14:26:24 INFO  ContainerImpl:2112 - Container container_1585751087773_0001_01_000003 transitioned from RUNNING to EXITED_WITH_SUCCESS
rm_1        | 2020-04-01 14:25:57 INFO  DelegationTokenRenewer:635 - Renewed delegation-token= [Kind: TIMELINE_DELEGATION_TOKEN, Service: 172.24.0.7:8188, Ident: (TIMELINE_DELEGATION_TOKEN owner=hadoop, renewer=rm, realUser=, issueDate=1585751155811, maxDate=1586355955811, sequenceNumber=1, masterKeyId=2);exp=1585837557220; apps=[application_1585751087773_0001]]
kms_1       | 	at com.sun.xml.bind.v2.runtime.IllegalAnnotationsException$Builder.check(IllegalAnnotationsException.java:106)
nm_1        | 2020-04-01 14:26:24 INFO  NMAuditLogger:94 - USER=hadoop	OPERATION=Container Finished - Succeeded	TARGET=ContainerImpl	RESULT=SUCCESS	APPID=application_1585751087773_0001	CONTAINERID=container_1585751087773_0001_01_000003
rm_1        | 2020-04-01 14:25:57 INFO  DelegationTokenRenewer:613 - Renew Kind: kms-dt, Service: kms://http@kms:9600/kms, Ident: (kms-dt owner=hadoop, renewer=rm, realUser=, issueDate=1585751153791, maxDate=1586355953791, sequenceNumber=1, masterKeyId=2);exp=1585837556946; apps=[application_1585751087773_0001] in 86399690 ms, appId = [application_1585751087773_0001]
kms_1       | 	at com.sun.xml.bind.v2.runtime.JAXBContextImpl.getTypeInfoSet(JAXBContextImpl.java:489)
nm_1        | 2020-04-01 14:26:24 INFO  ContainerCleanup:87 - Cleaning up container container_1585751087773_0001_01_000003
rm_1        | 2020-04-01 14:25:57 INFO  DelegationTokenRenewer:613 - Renew Kind: TIMELINE_DELEGATION_TOKEN, Service: 172.24.0.7:8188, Ident: (TIMELINE_DELEGATION_TOKEN owner=hadoop, renewer=rm, realUser=, issueDate=1585751155811, maxDate=1586355955811, sequenceNumber=1, masterKeyId=2);exp=1585837557220; apps=[application_1585751087773_0001] in 86399964 ms, appId = [application_1585751087773_0001]
kms_1       | 	at com.sun.xml.bind.v2.runtime.JAXBContextImpl.<init>(JAXBContextImpl.java:319)
nm_1        | 2020-04-01 14:26:24 INFO  ContainerImpl:2112 - Container container_1585751087773_0001_01_000003 transitioned from EXITED_WITH_SUCCESS to DONE
rm_1        | 2020-04-01 14:25:57 INFO  DelegationTokenRenewer:613 - Renew Kind: OzoneToken, Service: 172.24.0.9:9862, Ident: (OzoneToken owner=hadoop/rm@EXAMPLE.COM, renewer=rm, realUser=, issueDate=1585751153503, maxDate=1586355953503, sequenceNumber=1, masterKeyId=1, strToSign=null, signature=null, awsAccessKeyId=null);exp=1585837556800; apps=[application_1585751087773_0001] in 86399544 ms, appId = [application_1585751087773_0001]
kms_1       | 	at com.sun.xml.bind.v2.runtime.JAXBContextImpl$JAXBContextBuilder.build(JAXBContextImpl.java:1170)
nm_1        | 2020-04-01 14:26:24 INFO  ApplicationImpl:512 - Removing container_1585751087773_0001_01_000003 from application application_1585751087773_0001
rm_1        | 2020-04-01 14:25:57 INFO  DelegationTokenRenewer:683 - RM proxy-user privilege is not enabled. Skip requesting hdfs tokens.
kms_1       | 	at com.sun.xml.bind.v2.ContextFactory.createContext(ContextFactory.java:145)
nm_1        | 2020-04-01 14:26:24 INFO  ContainersMonitorImpl:1004 - Stopping resource-monitoring for container_1585751087773_0001_01_000003
rm_1        | 2020-04-01 14:25:57 INFO  RMAppImpl:1291 - Storing application with id application_1585751087773_0001
kms_1       | 	at sun.reflect.NativeMethodAccessorImpl.invoke0(Native Method)
kms_1       | 	at sun.reflect.NativeMethodAccessorImpl.invoke(NativeMethodAccessorImpl.java:62)
rm_1        | 2020-04-01 14:25:57 INFO  RMAppImpl:928 - application_1585751087773_0001 State change from NEW to NEW_SAVING on event = START
kms_1       | 	at sun.reflect.DelegatingMethodAccessorImpl.invoke(DelegatingMethodAccessorImpl.java:43)
nm_1        | 2020-04-01 14:26:24 INFO  AppLogAggregatorImpl:539 - Considering container container_1585751087773_0001_01_000003 for log-aggregation
rm_1        | 2020-04-01 14:25:57 INFO  RMStateStore:223 - Storing info for app: application_1585751087773_0001
kms_1       | 	at java.lang.reflect.Method.invoke(Method.java:498)
nm_1        | 2020-04-01 14:26:24 INFO  AuxServices:350 - Got event CONTAINER_STOP for appId application_1585751087773_0001
rm_1        | 2020-04-01 14:25:57 INFO  RMAppImpl:928 - application_1585751087773_0001 State change from NEW_SAVING to SUBMITTED on event = APP_NEW_SAVED
kms_1       | 	at javax.xml.bind.ContextFinder.newInstance(ContextFinder.java:247)
nm_1        | 2020-04-01 14:26:24 INFO  DefaultContainerExecutor:634 - Deleting absolute path : /tmp/hadoop-hadoop/nm-local-dir/usercache/hadoop/appcache/application_1585751087773_0001/container_1585751087773_0001_01_000003/launch_container.sh
rm_1        | 2020-04-01 14:25:57 INFO  ParentQueue:494 - Application added - appId: application_1585751087773_0001 user: hadoop leaf-queue of parent: root #applications: 1
kms_1       | 	at javax.xml.bind.ContextFinder.newInstance(ContextFinder.java:234)
nm_1        | 2020-04-01 14:26:24 INFO  DefaultContainerExecutor:634 - Deleting absolute path : /tmp/hadoop-hadoop/nm-local-dir/usercache/hadoop/appcache/application_1585751087773_0001/container_1585751087773_0001_01_000003/container_tokens
nm_1        | 2020-04-01 14:26:24 INFO  ContainerLaunch:595 - Container container_1585751087773_0001_01_000004 succeeded 
kms_1       | 	at javax.xml.bind.ContextFinder.find(ContextFinder.java:441)
nm_1        | 2020-04-01 14:26:24 INFO  ContainerImpl:2112 - Container container_1585751087773_0001_01_000004 transitioned from RUNNING to EXITED_WITH_SUCCESS
rm_1        | 2020-04-01 14:25:57 INFO  CapacityScheduler:1006 - Accepted application application_1585751087773_0001 from user: hadoop, in queue: default
kms_1       | 	at javax.xml.bind.JAXBContext.newInstance(JAXBContext.java:641)
nm_1        | 2020-04-01 14:26:24 INFO  ContainerCleanup:87 - Cleaning up container container_1585751087773_0001_01_000004
rm_1        | 2020-04-01 14:25:57 INFO  RMAppImpl:928 - application_1585751087773_0001 State change from SUBMITTED to ACCEPTED on event = APP_ACCEPTED
kms_1       | 	at javax.xml.bind.JAXBContext.newInstance(JAXBContext.java:584)
nm_1        | 2020-04-01 14:26:24 INFO  NMAuditLogger:94 - USER=hadoop	OPERATION=Container Finished - Succeeded	TARGET=ContainerImpl	RESULT=SUCCESS	APPID=application_1585751087773_0001	CONTAINERID=container_1585751087773_0001_01_000004
rm_1        | 2020-04-01 14:25:57 INFO  ApplicationMasterService:471 - Registering app attempt : appattempt_1585751087773_0001_000001
kms_1       | 	at com.sun.jersey.server.wadl.generators.WadlGeneratorJAXBGrammarGenerator.buildModelAndSchemas(WadlGeneratorJAXBGrammarGenerator.java:169)
nm_1        | 2020-04-01 14:26:24 INFO  ContainerImpl:2112 - Container container_1585751087773_0001_01_000004 transitioned from EXITED_WITH_SUCCESS to DONE
rm_1        | 2020-04-01 14:25:57 INFO  RMAppAttemptImpl:925 - appattempt_1585751087773_0001_000001 State change from NEW to SUBMITTED on event = START
kms_1       | 	at com.sun.jersey.server.wadl.generators.AbstractWadlGeneratorGrammarGenerator.createExternalGrammar(AbstractWadlGeneratorGrammarGenerator.java:405)
nm_1        | 2020-04-01 14:26:24 INFO  ApplicationImpl:512 - Removing container_1585751087773_0001_01_000004 from application application_1585751087773_0001
rm_1        | 2020-04-01 14:25:57 WARN  LeafQueue:842 - maximum-am-resource-percent is insufficient to start a single application in queue, it is likely set too low. skipping enforcement to allow at least one application to start
kms_1       | 	at com.sun.jersey.server.wadl.WadlBuilder.generate(WadlBuilder.java:149)
nm_1        | 2020-04-01 14:26:24 INFO  ContainersMonitorImpl:1004 - Stopping resource-monitoring for container_1585751087773_0001_01_000004
rm_1        | 2020-04-01 14:25:57 WARN  LeafQueue:878 - maximum-am-resource-percent is insufficient to start a single application in queue for user, it is likely set too low. skipping enforcement to allow at least one application to start
kms_1       | 	at com.sun.jersey.server.impl.wadl.WadlApplicationContextImpl.getApplication(WadlApplicationContextImpl.java:119)
nm_1        | 2020-04-01 14:26:24 INFO  AppLogAggregatorImpl:539 - Considering container container_1585751087773_0001_01_000004 for log-aggregation
rm_1        | 2020-04-01 14:25:57 INFO  LeafQueue:907 - Application application_1585751087773_0001 from user: hadoop activated in queue: default
kms_1       | 	at com.sun.jersey.server.impl.wadl.WadlApplicationContextImpl.getApplication(WadlApplicationContextImpl.java:138)
nm_1        | 2020-04-01 14:26:24 INFO  AuxServices:350 - Got event CONTAINER_STOP for appId application_1585751087773_0001
rm_1        | 2020-04-01 14:25:57 INFO  LeafQueue:937 - Application added - appId: application_1585751087773_0001 user: hadoop, leaf-queue: default #user-pending-applications: 0 #user-active-applications: 1 #queue-pending-applications: 0 #queue-active-applications: 1
kms_1       | 	at com.sun.jersey.server.impl.wadl.WadlMethodFactory$WadlOptionsMethodDispatcher.dispatch(WadlMethodFactory.java:110)
nm_1        | 2020-04-01 14:26:24 INFO  DefaultContainerExecutor:634 - Deleting absolute path : /tmp/hadoop-hadoop/nm-local-dir/usercache/hadoop/appcache/application_1585751087773_0001/container_1585751087773_0001_01_000004/launch_container.sh
rm_1        | 2020-04-01 14:25:57 INFO  CapacityScheduler:1052 - Added Application Attempt appattempt_1585751087773_0001_000001 to scheduler from user hadoop in queue default
kms_1       | 	at com.sun.jersey.server.impl.uri.rules.HttpMethodRule.accept(HttpMethodRule.java:302)
nm_1        | 2020-04-01 14:26:24 INFO  DefaultContainerExecutor:634 - Deleting absolute path : /tmp/hadoop-hadoop/nm-local-dir/usercache/hadoop/appcache/application_1585751087773_0001/container_1585751087773_0001_01_000004/container_tokens
rm_1        | 2020-04-01 14:25:57 INFO  RMAppAttemptImpl:925 - appattempt_1585751087773_0001_000001 State change from SUBMITTED to SCHEDULED on event = ATTEMPT_ADDED
kms_1       | 	at com.sun.jersey.server.impl.uri.rules.ResourceClassRule.accept(ResourceClassRule.java:108)
nm_1        | 2020-04-01 14:26:24 INFO  Server:1849 - Auth successful for appattempt_1585751087773_0001_000001 (auth:SIMPLE)
rm_1        | 2020-04-01 14:25:57 INFO  AbstractContainerAllocator:129 - assignedContainer application attempt=appattempt_1585751087773_0001_000001 container=null queue=default clusterResource=<memory:8192, vCores:8> type=OFF_SWITCH requestedPartition=
kms_1       | 	at com.sun.jersey.server.impl.uri.rules.RightHandPathRule.accept(RightHandPathRule.java:147)
nm_1        | 2020-04-01 14:26:24 INFO  ContainerManagerImpl:1070 - Start request for container_1585751087773_0001_01_000005 by user hadoop
rm_1        | 2020-04-01 14:25:57 INFO  RMContainerImpl:480 - container_1585751087773_0001_01_000001 Container Transitioned from NEW to ALLOCATED
kms_1       | 	at com.sun.jersey.server.impl.uri.rules.RootResourceClassesRule.accept(RootResourceClassesRule.java:84)
nm_1        | 2020-04-01 14:26:24 INFO  ApplicationImpl:463 - Adding container_1585751087773_0001_01_000005 to application application_1585751087773_0001
kms_1       | 	at com.sun.jersey.server.impl.application.WebApplicationImpl._handleRequest(WebApplicationImpl.java:1542)
rm_1        | 2020-04-01 14:25:57 INFO  FiCaSchedulerNode:169 - Assigned container container_1585751087773_0001_01_000001 of capacity <memory:2048, vCores:1> on host nm:46489, which has 1 containers, <memory:2048, vCores:1> used and <memory:6144, vCores:7> available after allocation
kms_1       | 	at com.sun.jersey.server.impl.application.WebApplicationImpl._handleRequest(WebApplicationImpl.java:1473)
nm_1        | 2020-04-01 14:26:24 INFO  NMAuditLogger:94 - USER=hadoop	IP=172.24.0.10	OPERATION=Start Container Request	TARGET=ContainerManageImpl	RESULT=SUCCESS	APPID=application_1585751087773_0001	CONTAINERID=container_1585751087773_0001_01_000005
rm_1        | 2020-04-01 14:25:57 INFO  RMAuditLogger:200 - USER=hadoop	OPERATION=AM Allocated Container	TARGET=SchedulerApp	RESULT=SUCCESS	APPID=application_1585751087773_0001	CONTAINERID=container_1585751087773_0001_01_000001	RESOURCE=<memory:2048, vCores:1>
kms_1       | 	at com.sun.jersey.server.impl.application.WebApplicationImpl.handleRequest(WebApplicationImpl.java:1419)
nm_1        | 2020-04-01 14:26:24 INFO  ContainerImpl:2112 - Container container_1585751087773_0001_01_000005 transitioned from NEW to LOCALIZING
rm_1        | 2020-04-01 14:25:57 INFO  NMTokenSecretManagerInRM:200 - Sending NMToken for nodeId : nm:46489 for container : container_1585751087773_0001_01_000001
kms_1       | 	at com.sun.jersey.server.impl.application.WebApplicationImpl.handleRequest(WebApplicationImpl.java:1409)
nm_1        | 2020-04-01 14:26:24 INFO  AuxServices:350 - Got event CONTAINER_INIT for appId application_1585751087773_0001
rm_1        | 2020-04-01 14:25:57 INFO  RMContainerImpl:480 - container_1585751087773_0001_01_000001 Container Transitioned from ALLOCATED to ACQUIRED
