rm_1        | 2020-10-31 01:13:12 INFO  Configuration:2755 - found resource yarn-site.xml at file:/opt/hadoop/etc/hadoop/yarn-site.xml
scm_1       | ************************************************************/
nm_1        | 2020-10-31 01:16:32 INFO  ContainerImpl:2126 - Container container_1604106808393_0003_01_000003 transitioned from LOCALIZING to SCHEDULED
s3g_1       | 2020-10-31 01:13:12,075 [main] INFO server.session: node0 Scavenging every 660000ms
rm_1        | 2020-10-31 01:13:13 INFO  AsyncDispatcher:223 - Registering class org.apache.hadoop.yarn.server.resourcemanager.RMFatalEventType for class org.apache.hadoop.yarn.server.resourcemanager.ResourceManager$RMFatalEventDispatcher
scm_1       | 2020-10-31 01:13:29,305 [main] INFO server.StorageContainerManagerStarter: registered UNIX signal handlers for [TERM, HUP, INT]
nm_1        | 2020-10-31 01:16:32 INFO  ContainerScheduler:511 - Starting container [container_1604106808393_0003_01_000003]
s3g_1       | 2020-10-31 01:13:12,174 [main] INFO handler.ContextHandler: Started o.e.j.s.ServletContextHandler@3576ddc2{logs,/logs,file:///var/log/hadoop/,AVAILABLE}
rm_1        | 2020-10-31 01:13:13 INFO  NMTokenSecretManagerInRM:75 - NMTokenKeyRollingInterval: 86400000ms and NMTokenKeyActivationDelay: 900000ms
scm_1       | 2020-10-31 01:13:29,420 [main] WARN server.ServerUtils: ozone.scm.db.dirs is not configured. We recommend adding this setting. Falling back to ozone.metadata.dirs instead.
nm_1        | 2020-10-31 01:16:32 INFO  Configuration:3318 - Removed undeclared tags:
s3g_1       | 2020-10-31 01:13:12,183 [main] INFO handler.ContextHandler: Started o.e.j.s.ServletContextHandler@2ca26d77{static,/static,jar:file:/opt/hadoop/share/ozone/lib/hadoop-ozone-s3gateway-1.1.0-SNAPSHOT.jar!/webapps/static,AVAILABLE}
rm_1        | 2020-10-31 01:13:13 INFO  RMContainerTokenSecretManager:81 - ContainerTokenKeyRollingInterval: 86400000ms and ContainerTokenKeyActivationDelay: 900000ms
scm_1       | 2020-10-31 01:13:29,624 [main] WARN db.DBStoreBuilder: ozone.scm.db.dirs is not configured. We recommend adding this setting. Falling back to ozone.metadata.dirs instead.
nm_1        | 2020-10-31 01:16:32 INFO  ContainerImpl:2126 - Container container_1604106808393_0003_01_000003 transitioned from SCHEDULED to RUNNING
s3g_1       | WARNING: An illegal reflective access operation has occurred
rm_1        | 2020-10-31 01:13:13 INFO  AMRMTokenSecretManager:94 - AMRMTokenKeyRollingInterval: 86400000ms and AMRMTokenKeyActivationDelay: 900000 ms
scm_1       | 2020-10-31 01:13:29,801 [main] INFO net.NodeSchemaLoader: Loading file from java.lang.CompoundEnumeration@5f9edf14
nm_1        | 2020-10-31 01:16:32 INFO  ContainersMonitorImpl:943 - Starting resource-monitoring for container_1604106808393_0003_01_000003
s3g_1       | WARNING: Illegal reflective access by org.jboss.weld.util.reflection.Formats (file:/opt/hadoop/share/ozone/lib/weld-servlet-2.4.7.Final.jar) to constructor com.sun.org.apache.bcel.internal.classfile.ClassParser(java.io.InputStream,java.lang.String)
rm_1        | 2020-10-31 01:13:14 INFO  AsyncDispatcher:223 - Registering class org.apache.hadoop.yarn.server.resourcemanager.recovery.RMStateStoreEventType for class org.apache.hadoop.yarn.server.resourcemanager.recovery.RMStateStore$ForwardingEventHandler
scm_1       | 2020-10-31 01:13:29,803 [main] INFO net.NodeSchemaLoader: Loading network topology layer schema file
nm_1        | 2020-10-31 01:16:32 INFO  DefaultContainerExecutor:370 - launchContainer: [bash, /tmp/hadoop-hadoop/nm-local-dir/usercache/hadoop/appcache/application_1604106808393_0003/container_1604106808393_0003_01_000003/default_container_executor.sh]
s3g_1       | WARNING: Please consider reporting this to the maintainers of org.jboss.weld.util.reflection.Formats
rm_1        | 2020-10-31 01:13:14 INFO  AsyncDispatcher:223 - Registering class org.apache.hadoop.yarn.server.resourcemanager.NodesListManagerEventType for class org.apache.hadoop.yarn.server.resourcemanager.NodesListManager
scm_1       | 2020-10-31 01:13:29,994 [main] INFO node.SCMNodeManager: Entering startup safe mode.
nm_1        | 2020-10-31 01:16:32 INFO  NodeStatusUpdaterImpl:696 - Removed completed containers from NM context: [container_1604106808393_0003_01_000002]
s3g_1       | WARNING: Use --illegal-access=warn to enable warnings of further illegal reflective access operations
rm_1        | 2020-10-31 01:13:14 INFO  ResourceManager:440 - Using Scheduler: org.apache.hadoop.yarn.server.resourcemanager.scheduler.capacity.CapacityScheduler
scm_1       | 2020-10-31 01:13:30,077 [main] INFO algorithms.ContainerPlacementPolicyFactory: Create container placement policy of type org.apache.hadoop.hdds.scm.container.placement.algorithms.SCMContainerPlacementRandom
nm_1        | 2020-10-31 01:16:32 INFO  ContainersMonitorImpl:567 - container_1604106808393_0003_01_000003's ip = 172.21.0.6, and hostname = nm
s3g_1       | WARNING: All illegal access operations will be denied in a future release
rm_1        | 2020-10-31 01:13:14 INFO  AsyncDispatcher:223 - Registering class org.apache.hadoop.yarn.server.resourcemanager.scheduler.event.SchedulerEventType for class org.apache.hadoop.yarn.event.EventDispatcher
scm_1       | 2020-10-31 01:13:30,094 [main] INFO algorithms.LeaderChoosePolicyFactory: Create leader choose policy of type org.apache.hadoop.hdds.scm.pipeline.leader.choose.algorithms.DefaultLeaderChoosePolicy
nm_1        | 2020-10-31 01:16:35 INFO  ContainersMonitorImpl:468 - Skipping monitoring container container_1604106808393_0003_01_000003 since CPU usage is not yet available.
s3g_1       | Oct 31, 2020 1:13:28 AM org.glassfish.jersey.internal.Errors logErrors
rm_1        | 2020-10-31 01:13:14 INFO  AsyncDispatcher:223 - Registering class org.apache.hadoop.yarn.server.resourcemanager.rmapp.RMAppEventType for class org.apache.hadoop.yarn.server.resourcemanager.ResourceManager$ApplicationEventDispatcher
scm_1       | 2020-10-31 01:13:30,094 [main] INFO pipeline.SCMPipelineManager: No pipeline exists in current db
nm_1        | 2020-10-31 01:16:36 INFO  ContainerLaunch:589 - Container container_1604106808393_0003_01_000003 succeeded 
s3g_1       | WARNING: The following warnings have been detected: WARNING: A HTTP GET method, public javax.ws.rs.core.Response org.apache.hadoop.ozone.s3.endpoint.ObjectEndpoint.get(java.lang.String,java.lang.String,java.lang.String,int,java.lang.String,java.io.InputStream) throws java.io.IOException,org.apache.hadoop.ozone.s3.exception.OS3Exception, should not consume any entity.
rm_1        | 2020-10-31 01:13:14 INFO  AsyncDispatcher:223 - Registering class org.apache.hadoop.yarn.server.resourcemanager.rmapp.attempt.RMAppAttemptEventType for class org.apache.hadoop.yarn.server.resourcemanager.ResourceManager$ApplicationAttemptEventDispatcher
scm_1       | 2020-10-31 01:13:30,107 [main] INFO algorithms.PipelineChoosePolicyFactory: Create pipeline choose policy of type org.apache.hadoop.hdds.scm.pipeline.choose.algorithms.RandomPipelineChoosePolicy
nm_1        | 2020-10-31 01:16:36 INFO  ContainerImpl:2126 - Container container_1604106808393_0003_01_000003 transitioned from RUNNING to EXITED_WITH_SUCCESS
rm_1        | 2020-10-31 01:13:14 INFO  AsyncDispatcher:223 - Registering class org.apache.hadoop.yarn.server.resourcemanager.rmnode.RMNodeEventType for class org.apache.hadoop.yarn.server.resourcemanager.ResourceManager$NodeEventDispatcher
nm_1        | 2020-10-31 01:16:36 INFO  ContainerLaunch:745 - Cleaning up container container_1604106808393_0003_01_000003
s3g_1       | 
scm_1       | 2020-10-31 01:13:30,138 [main] INFO safemode.HealthyPipelineSafeModeRule: Total pipeline count is 0, healthy pipeline threshold count is 1
rm_1        | 2020-10-31 01:13:15 INFO  FluentPropertyBeanIntrospector:147 - Error when creating PropertyDescriptor for public final void org.apache.commons.configuration2.AbstractConfiguration.setProperty(java.lang.String,java.lang.Object)! Ignoring this property.
nm_1        | 2020-10-31 01:16:36 INFO  Configuration:3318 - Removed undeclared tags:
s3g_1       | 2020-10-31 01:13:28,918 [main] INFO handler.ContextHandler: Started o.e.j.w.WebAppContext@7f977fba{s3gateway,/,file:///tmp/jetty-0_0_0_0-9878-hadoop-ozone-s3gateway-1_1_0-SNAPSHOT_jar-_-any-739822131575588674.dir/webapp/,AVAILABLE}{jar:file:/opt/hadoop/share/ozone/lib/hadoop-ozone-s3gateway-1.1.0-SNAPSHOT.jar!/webapps/s3gateway}
scm_1       | 2020-10-31 01:13:30,140 [main] INFO safemode.OneReplicaPipelineSafeModeRule: Total pipeline count is 0, pipeline's with at least one datanode reported threshold count is 0
rm_1        | 2020-10-31 01:13:15 INFO  MetricsConfig:121 - loaded properties from hadoop-metrics2.properties
nm_1        | 2020-10-31 01:16:36 INFO  DefaultContainerExecutor:634 - Deleting absolute path : /tmp/hadoop-hadoop/nm-local-dir/usercache/hadoop/appcache/application_1604106808393_0003/container_1604106808393_0003_01_000003/launch_container.sh
s3g_1       | 2020-10-31 01:13:28,942 [main] INFO server.AbstractConnector: Started ServerConnector@50313382{HTTP/1.1,[http/1.1]}{0.0.0.0:9878}
scm_1       | 2020-10-31 01:13:30,875 [main] INFO ipc.CallQueueManager: Using callQueue: class java.util.concurrent.LinkedBlockingQueue, queueCapacity: 10000, scheduler: class org.apache.hadoop.ipc.DefaultRpcScheduler, ipcBackoff: false.
rm_1        | 2020-10-31 01:13:15 INFO  MetricsSystemImpl:374 - Scheduled Metric snapshot period at 10 second(s).
nm_1        | 2020-10-31 01:16:36 INFO  DefaultContainerExecutor:634 - Deleting absolute path : /tmp/hadoop-hadoop/nm-local-dir/usercache/hadoop/appcache/application_1604106808393_0003/container_1604106808393_0003_01_000003/container_tokens
s3g_1       | 2020-10-31 01:13:28,944 [main] INFO server.Server: Started @24218ms
scm_1       | 2020-10-31 01:13:30,900 [Socket Reader #1 for port 9861] INFO ipc.Server: Starting Socket Reader #1 for port 9861
rm_1        | 2020-10-31 01:13:15 INFO  MetricsSystemImpl:191 - ResourceManager metrics system started
nm_1        | 2020-10-31 01:16:36 INFO  NMAuditLogger:94 - USER=hadoop	OPERATION=Container Finished - Succeeded	TARGET=ContainerImpl	RESULT=SUCCESS	APPID=application_1604106808393_0003	CONTAINERID=container_1604106808393_0003_01_000003
s3g_1       | 2020-10-31 01:13:28,949 [main] INFO http.BaseHttpServer: HTTP server of s3gateway listening at http://0.0.0.0:9878
scm_1       | 2020-10-31 01:13:30,922 [Listener at 0.0.0.0/9861] INFO ipc.CallQueueManager: Using callQueue: class java.util.concurrent.LinkedBlockingQueue, queueCapacity: 10000, scheduler: class org.apache.hadoop.ipc.DefaultRpcScheduler, ipcBackoff: false.
rm_1        | 2020-10-31 01:13:15 INFO  YarnAuthorizationProvider:58 - org.apache.hadoop.yarn.security.ConfiguredYarnAuthorizer is instantiated.
nm_1        | 2020-10-31 01:16:36 INFO  ContainerImpl:2126 - Container container_1604106808393_0003_01_000003 transitioned from EXITED_WITH_SUCCESS to DONE
scm_1       | 2020-10-31 01:13:30,926 [Socket Reader #1 for port 9863] INFO ipc.Server: Starting Socket Reader #1 for port 9863
rm_1        | 2020-10-31 01:13:15 INFO  AsyncDispatcher:223 - Registering class org.apache.hadoop.yarn.server.resourcemanager.RMAppManagerEventType for class org.apache.hadoop.yarn.server.resourcemanager.RMAppManager
nm_1        | 2020-10-31 01:16:36 INFO  ApplicationImpl:512 - Removing container_1604106808393_0003_01_000003 from application application_1604106808393_0003
scm_1       | 2020-10-31 01:13:30,945 [Listener at 0.0.0.0/9863] INFO ipc.CallQueueManager: Using callQueue: class java.util.concurrent.LinkedBlockingQueue, queueCapacity: 10000, scheduler: class org.apache.hadoop.ipc.DefaultRpcScheduler, ipcBackoff: false.
rm_1        | 2020-10-31 01:13:15 INFO  AsyncDispatcher:223 - Registering class org.apache.hadoop.yarn.server.resourcemanager.amlauncher.AMLauncherEventType for class org.apache.hadoop.yarn.server.resourcemanager.amlauncher.ApplicationMasterLauncher
nm_1        | 2020-10-31 01:16:36 INFO  ContainersMonitorImpl:934 - Stopping resource-monitoring for container_1604106808393_0003_01_000003
scm_1       | 2020-10-31 01:13:30,950 [Socket Reader #1 for port 9860] INFO ipc.Server: Starting Socket Reader #1 for port 9860
rm_1        | 2020-10-31 01:13:15 INFO  RMNMInfo:63 - Registered RMNMInfo MBean
nm_1        | 2020-10-31 01:16:36 INFO  AuxServices:350 - Got event CONTAINER_STOP for appId application_1604106808393_0003
scm_1       | 2020-10-31 01:13:30,968 [Listener at 0.0.0.0/9860] INFO http.BaseHttpServer: Starting Web-server for scm at: http://0.0.0.0:9876
rm_1        | 2020-10-31 01:13:15 INFO  RMAppLifetimeMonitor:66 - Application lifelime monitor interval set to 3000 ms.
nm_1        | 2020-10-31 01:16:38 INFO  Server:1845 - Auth successful for appattempt_1604106808393_0003_000001 (auth:SIMPLE)
scm_1       | 2020-10-31 01:13:30,968 [Listener at 0.0.0.0/9860] INFO http.BaseHttpServer: Hadoop Security Enabled: false Ozone Security Enabled: false Ozone HTTP Security Enabled: false 
rm_1        | 2020-10-31 01:13:15 INFO  HostsFileReader:211 - Refreshing hosts (include/exclude) list
nm_1        | 2020-10-31 01:16:38 INFO  ContainerManagerImpl:1070 - Start request for container_1604106808393_0003_01_000004 by user hadoop
scm_1       | 2020-10-31 01:13:30,987 [Listener at 0.0.0.0/9860] INFO util.log: Logging initialized @9748ms to org.eclipse.jetty.util.log.Slf4jLog
rm_1        | 2020-10-31 01:13:15 INFO  Configuration:2755 - found resource capacity-scheduler.xml at file:/opt/hadoop/etc/hadoop/capacity-scheduler.xml
nm_1        | 2020-10-31 01:16:38 INFO  NMAuditLogger:94 - USER=hadoop	IP=172.21.0.6	OPERATION=Start Container Request	TARGET=ContainerManageImpl	RESULT=SUCCESS	APPID=application_1604106808393_0003	CONTAINERID=container_1604106808393_0003_01_000004
scm_1       | 2020-10-31 01:13:31,078 [Listener at 0.0.0.0/9860] INFO server.AuthenticationFilter: Unable to initialize FileSignerSecretProvider, falling back to use random secrets.
rm_1        | 2020-10-31 01:13:15 INFO  AbstractYarnScheduler:1371 - Minimum allocation = <memory:1024, vCores:1>
nm_1        | 2020-10-31 01:16:38 INFO  ApplicationImpl:463 - Adding container_1604106808393_0003_01_000004 to application application_1604106808393_0003
scm_1       | 2020-10-31 01:13:31,097 [Listener at 0.0.0.0/9860] INFO http.HttpRequestLog: Http request log for http.requests.scm is not defined
rm_1        | 2020-10-31 01:13:16 INFO  AbstractYarnScheduler:1383 - Maximum allocation = <memory:8192, vCores:4>
nm_1        | 2020-10-31 01:16:38 INFO  ContainerImpl:2126 - Container container_1604106808393_0003_01_000004 transitioned from NEW to LOCALIZING
scm_1       | 2020-10-31 01:13:31,101 [Listener at 0.0.0.0/9860] INFO http.HttpServer2: Added global filter 'safety' (class=org.apache.hadoop.hdds.server.http.HttpServer2$QuotingInputFilter)
rm_1        | 2020-10-31 01:13:16 INFO  CapacitySchedulerConfiguration:912 - max alloc mb per queue for root is undefined
nm_1        | 2020-10-31 01:16:38 INFO  AuxServices:350 - Got event CONTAINER_INIT for appId application_1604106808393_0003
scm_1       | 2020-10-31 01:13:31,109 [Listener at 0.0.0.0/9860] INFO http.HttpServer2: Added filter static_user_filter (class=org.apache.hadoop.http.lib.StaticUserWebFilter$StaticUserFilter) to context scm
rm_1        | 2020-10-31 01:13:16 INFO  CapacitySchedulerConfiguration:916 - max alloc vcore per queue for root is undefined
nm_1        | 2020-10-31 01:16:38 INFO  AuxServices:350 - Got event APPLICATION_INIT for appId application_1604106808393_0003
scm_1       | 2020-10-31 01:13:31,109 [Listener at 0.0.0.0/9860] INFO http.HttpServer2: Added filter static_user_filter (class=org.apache.hadoop.http.lib.StaticUserWebFilter$StaticUserFilter) to context logs
rm_1        | 2020-10-31 01:13:16 INFO  ParentQueue:151 - root, capacity=1.0, absoluteCapacity=1.0, maxCapacity=1.0, absoluteMaxCapacity=1.0, state=RUNNING, acls=ADMINISTER_QUEUE:*SUBMIT_APP:*, labels=*,
nm_1        | 2020-10-31 01:16:38 INFO  AuxServices:354 - Got APPLICATION_INIT for service mapreduce_shuffle
scm_1       | 2020-10-31 01:13:31,109 [Listener at 0.0.0.0/9860] INFO http.HttpServer2: Added filter static_user_filter (class=org.apache.hadoop.http.lib.StaticUserWebFilter$StaticUserFilter) to context static
rm_1        | , reservationsContinueLooking=true, orderingPolicy=utilization, priority=0
nm_1        | 2020-10-31 01:16:38 INFO  ShuffleHandler:719 - Added token for job_1604106808393_0003
scm_1       | 2020-10-31 01:13:31,144 [Listener at 0.0.0.0/9860] INFO server.StorageContainerManager: StorageContainerLocationProtocol RPC server is listening at /0.0.0.0:9860
rm_1        | 2020-10-31 01:13:16 INFO  ParentQueue:114 - Initialized parent-queue root name=root, fullname=root
nm_1        | 2020-10-31 01:16:38 INFO  ContainerImpl:2126 - Container container_1604106808393_0003_01_000004 transitioned from LOCALIZING to SCHEDULED
scm_1       | 2020-10-31 01:13:31,211 [Listener at 0.0.0.0/9860] INFO impl.MetricsConfig: Loaded properties from hadoop-metrics2.properties
rm_1        | 2020-10-31 01:13:16 INFO  CapacitySchedulerConfiguration:912 - max alloc mb per queue for root.default is undefined
nm_1        | 2020-10-31 01:16:38 INFO  ContainerScheduler:511 - Starting container [container_1604106808393_0003_01_000004]
scm_1       | 2020-10-31 01:13:31,294 [Listener at 0.0.0.0/9860] INFO impl.MetricsSystemImpl: Scheduled Metric snapshot period at 10 second(s).
rm_1        | 2020-10-31 01:13:16 INFO  CapacitySchedulerConfiguration:916 - max alloc vcore per queue for root.default is undefined
nm_1        | 2020-10-31 01:16:38 INFO  Configuration:3318 - Removed undeclared tags:
scm_1       | 2020-10-31 01:13:31,294 [Listener at 0.0.0.0/9860] INFO impl.MetricsSystemImpl: StorageContainerManager metrics system started
nm_1        | 2020-10-31 01:16:38 INFO  ContainerImpl:2126 - Container container_1604106808393_0003_01_000004 transitioned from SCHEDULED to RUNNING
rm_1        | 2020-10-31 01:13:16 INFO  LeafQueue:289 - Initializing default
scm_1       | 2020-10-31 01:13:31,526 [Listener at 0.0.0.0/9860] INFO server.SCMClientProtocolServer: RPC server for Client  is listening at /0.0.0.0:9860
nm_1        | 2020-10-31 01:16:38 INFO  ContainersMonitorImpl:943 - Starting resource-monitoring for container_1604106808393_0003_01_000004
rm_1        | capacity = 1.0 [= (float) configuredCapacity / 100 ]
scm_1       | 2020-10-31 01:13:31,527 [IPC Server Responder] INFO ipc.Server: IPC Server Responder: starting
nm_1        | 2020-10-31 01:16:38 INFO  DefaultContainerExecutor:370 - launchContainer: [bash, /tmp/hadoop-hadoop/nm-local-dir/usercache/hadoop/appcache/application_1604106808393_0003/container_1604106808393_0003_01_000004/default_container_executor.sh]
rm_1        | absoluteCapacity = 1.0 [= parentAbsoluteCapacity * capacity ]
scm_1       | 2020-10-31 01:13:31,528 [IPC Server listener on 9860] INFO ipc.Server: IPC Server listener on 9860: starting
nm_1        | 2020-10-31 01:16:38 INFO  NodeStatusUpdaterImpl:696 - Removed completed containers from NM context: [container_1604106808393_0003_01_000003]
rm_1        | maxCapacity = 1.0 [= configuredMaxCapacity ]
scm_1       | 2020-10-31 01:13:31,597 [Listener at 0.0.0.0/9860] INFO server.StorageContainerManager: ScmBlockLocationProtocol RPC server is listening at /0.0.0.0:9863
nm_1        | 2020-10-31 01:16:38 INFO  ContainersMonitorImpl:567 - container_1604106808393_0003_01_000004's ip = 172.21.0.6, and hostname = nm
rm_1        | absoluteMaxCapacity = 1.0 [= 1.0 maximumCapacity undefined, (parentAbsoluteMaxCapacity * maximumCapacity) / 100 otherwise ]
scm_1       | 2020-10-31 01:13:31,598 [Listener at 0.0.0.0/9860] INFO server.SCMBlockProtocolServer: RPC server for Block Protocol is listening at /0.0.0.0:9863
nm_1        | 2020-10-31 01:16:41 INFO  ContainersMonitorImpl:468 - Skipping monitoring container container_1604106808393_0003_01_000004 since CPU usage is not yet available.
rm_1        | effectiveMinResource=<memory:0, vCores:0>
scm_1       | 2020-10-31 01:13:31,598 [IPC Server Responder] INFO ipc.Server: IPC Server Responder: starting
nm_1        | 2020-10-31 01:16:41 INFO  ContainerLaunch:589 - Container container_1604106808393_0003_01_000004 succeeded 
rm_1        |  , effectiveMaxResource=<memory:0, vCores:0>
scm_1       | 2020-10-31 01:13:31,599 [IPC Server listener on 9863] INFO ipc.Server: IPC Server listener on 9863: starting
nm_1        | 2020-10-31 01:16:41 INFO  ContainerImpl:2126 - Container container_1604106808393_0003_01_000004 transitioned from RUNNING to EXITED_WITH_SUCCESS
rm_1        | userLimit = 100 [= configuredUserLimit ]
scm_1       | 2020-10-31 01:13:31,695 [Listener at 0.0.0.0/9860] INFO server.StorageContainerManager: ScmDatanodeProtocl RPC server is listening at /0.0.0.0:9861
nm_1        | 2020-10-31 01:16:41 INFO  ContainerLaunch:745 - Cleaning up container container_1604106808393_0003_01_000004
rm_1        | userLimitFactor = 1.0 [= configuredUserLimitFactor ]
scm_1       | 2020-10-31 01:13:31,706 [Listener at 0.0.0.0/9860] INFO server.SCMDatanodeProtocolServer: RPC server for DataNodes is listening at /0.0.0.0:9861
nm_1        | 2020-10-31 01:16:41 INFO  Configuration:3318 - Removed undeclared tags:
rm_1        | maxApplications = 10000 [= configuredMaximumSystemApplicationsPerQueue or (int)(configuredMaximumSystemApplications * absoluteCapacity)]
nm_1        | 2020-10-31 01:16:42 INFO  DefaultContainerExecutor:634 - Deleting absolute path : /tmp/hadoop-hadoop/nm-local-dir/usercache/hadoop/appcache/application_1604106808393_0003/container_1604106808393_0003_01_000004/launch_container.sh
scm_1       | 2020-10-31 01:13:31,707 [IPC Server Responder] INFO ipc.Server: IPC Server Responder: starting
rm_1        | maxApplicationsPerUser = 10000 [= (int)(maxApplications * (userLimit / 100.0f) * userLimitFactor) ]
nm_1        | 2020-10-31 01:16:42 INFO  DefaultContainerExecutor:634 - Deleting absolute path : /tmp/hadoop-hadoop/nm-local-dir/usercache/hadoop/appcache/application_1604106808393_0003/container_1604106808393_0003_01_000004/container_tokens
scm_1       | 2020-10-31 01:13:31,708 [IPC Server listener on 9861] INFO ipc.Server: IPC Server listener on 9861: starting
rm_1        | usedCapacity = 0.0 [= usedResourcesMemory / (clusterResourceMemory * absoluteCapacity)]
scm_1       | 2020-10-31 01:13:31,754 [Listener at 0.0.0.0/9860] INFO http.HttpServer2: Jetty bound to port 9876
nm_1        | 2020-10-31 01:16:42 INFO  NMAuditLogger:94 - USER=hadoop	OPERATION=Container Finished - Succeeded	TARGET=ContainerImpl	RESULT=SUCCESS	APPID=application_1604106808393_0003	CONTAINERID=container_1604106808393_0003_01_000004
rm_1        | absoluteUsedCapacity = 0.0 [= usedResourcesMemory / clusterResourceMemory]
scm_1       | 2020-10-31 01:13:31,766 [Listener at 0.0.0.0/9860] INFO server.Server: jetty-9.4.26.v20200117; built: 2020-01-17T12:35:33.676Z; git: 7b38981d25d14afb4a12ff1f2596756144edf695; jvm 11.0.7+10-LTS
nm_1        | 2020-10-31 01:16:42 INFO  ContainerImpl:2126 - Container container_1604106808393_0003_01_000004 transitioned from EXITED_WITH_SUCCESS to DONE
rm_1        | maxAMResourcePerQueuePercent = 0.1 [= configuredMaximumAMResourcePercent ]
scm_1       | 2020-10-31 01:13:31,864 [Listener at 0.0.0.0/9860] INFO server.session: DefaultSessionIdManager workerName=node0
nm_1        | 2020-10-31 01:16:42 INFO  ApplicationImpl:512 - Removing container_1604106808393_0003_01_000004 from application application_1604106808393_0003
rm_1        | minimumAllocationFactor = 0.875 [= (float)(maximumAllocationMemory - minimumAllocationMemory) / maximumAllocationMemory ]
scm_1       | 2020-10-31 01:13:31,865 [Listener at 0.0.0.0/9860] INFO server.session: No SessionScavenger set, using defaults
nm_1        | 2020-10-31 01:16:42 INFO  ContainersMonitorImpl:934 - Stopping resource-monitoring for container_1604106808393_0003_01_000004
rm_1        | maximumAllocation = <memory:8192, vCores:4> [= configuredMaxAllocation ]
scm_1       | 2020-10-31 01:13:31,866 [Listener at 0.0.0.0/9860] INFO server.session: node0 Scavenging every 600000ms
nm_1        | 2020-10-31 01:16:42 INFO  AuxServices:350 - Got event CONTAINER_STOP for appId application_1604106808393_0003
rm_1        | numContainers = 0 [= currentNumContainers ]
scm_1       | 2020-10-31 01:13:31,916 [Listener at 0.0.0.0/9860] INFO handler.ContextHandler: Started o.e.j.s.ServletContextHandler@453d496b{logs,/logs,file:///var/log/hadoop/,AVAILABLE}
nm_1        | 2020-10-31 01:16:42 INFO  Server:1845 - Auth successful for appattempt_1604106808393_0003_000001 (auth:SIMPLE)
rm_1        | state = RUNNING [= configuredState ]
scm_1       | 2020-10-31 01:13:31,933 [Listener at 0.0.0.0/9860] INFO handler.ContextHandler: Started o.e.j.s.ServletContextHandler@2a1debfa{static,/static,jar:file:/opt/hadoop/share/ozone/lib/hadoop-hdds-server-scm-1.1.0-SNAPSHOT.jar!/webapps/static,AVAILABLE}
nm_1        | 2020-10-31 01:16:42 INFO  ContainerManagerImpl:1070 - Start request for container_1604106808393_0003_01_000005 by user hadoop
rm_1        | acls = ADMINISTER_QUEUE:*SUBMIT_APP:* [= configuredAcls ]
scm_1       | 2020-10-31 01:13:32,563 [Listener at 0.0.0.0/9860] INFO handler.ContextHandler: Started o.e.j.w.WebAppContext@437486cd{scm,/,file:///tmp/jetty-0_0_0_0-9876-hadoop-hdds-server-scm-1_1_0-SNAPSHOT_jar-_-any-11292565380558729070.dir/webapp/,AVAILABLE}{jar:file:/opt/hadoop/share/ozone/lib/hadoop-hdds-server-scm-1.1.0-SNAPSHOT.jar!/webapps/scm}
nm_1        | 2020-10-31 01:16:42 INFO  NMAuditLogger:94 - USER=hadoop	IP=172.21.0.6	OPERATION=Start Container Request	TARGET=ContainerManageImpl	RESULT=SUCCESS	APPID=application_1604106808393_0003	CONTAINERID=container_1604106808393_0003_01_000005
rm_1        | nodeLocalityDelay = 40
scm_1       | 2020-10-31 01:13:32,591 [Listener at 0.0.0.0/9860] INFO server.AbstractConnector: Started ServerConnector@6d9fb2d1{HTTP/1.1,[http/1.1]}{0.0.0.0:9876}
nm_1        | 2020-10-31 01:16:42 INFO  ApplicationImpl:463 - Adding container_1604106808393_0003_01_000005 to application application_1604106808393_0003
rm_1        | rackLocalityAdditionalDelay = -1
scm_1       | 2020-10-31 01:13:32,591 [Listener at 0.0.0.0/9860] INFO server.Server: Started @11353ms
nm_1        | 2020-10-31 01:16:42 INFO  ContainerImpl:2126 - Container container_1604106808393_0003_01_000005 transitioned from NEW to LOCALIZING
rm_1        | labels=*,
scm_1       | 2020-10-31 01:13:32,621 [Listener at 0.0.0.0/9860] INFO impl.MetricsSinkAdapter: Sink prometheus started
nm_1        | 2020-10-31 01:16:42 INFO  AuxServices:350 - Got event CONTAINER_INIT for appId application_1604106808393_0003
rm_1        | reservationsContinueLooking = true
scm_1       | 2020-10-31 01:13:32,621 [Listener at 0.0.0.0/9860] INFO impl.MetricsSystemImpl: Registered sink prometheus
nm_1        | 2020-10-31 01:16:42 INFO  AuxServices:350 - Got event APPLICATION_INIT for appId application_1604106808393_0003
rm_1        | preemptionDisabled = true
scm_1       | 2020-10-31 01:13:32,747 [Listener at 0.0.0.0/9860] INFO http.BaseHttpServer: HTTP server of scm listening at http://0.0.0.0:9876
nm_1        | 2020-10-31 01:16:42 INFO  AuxServices:354 - Got APPLICATION_INIT for service mapreduce_shuffle
rm_1        | defaultAppPriorityPerQueue = 0
scm_1       | 2020-10-31 01:13:32,822 [org.apache.hadoop.util.JvmPauseMonitor$Monitor@10b1a751] INFO util.JvmPauseMonitor: Starting JVM pause monitor
nm_1        | 2020-10-31 01:16:42 INFO  ShuffleHandler:719 - Added token for job_1604106808393_0003
rm_1        | priority = 0
scm_1       | 2020-10-31 01:13:33,133 [IPC Server handler 93 on default port 9861] INFO net.NetworkTopologyImpl: Added a new node: /default-rack/695f461c-a326-4abe-8aec-9f46f8943157
nm_1        | 2020-10-31 01:16:42 INFO  ContainerImpl:2126 - Container container_1604106808393_0003_01_000005 transitioned from LOCALIZING to SCHEDULED
rm_1        | maxLifetime = -1 seconds
scm_1       | 2020-10-31 01:13:33,139 [IPC Server handler 92 on default port 9861] INFO net.NetworkTopologyImpl: Added a new node: /default-rack/7c69bbc9-7e30-4bd2-a666-a928b6f7a0b8
nm_1        | 2020-10-31 01:16:42 INFO  ContainerScheduler:511 - Starting container [container_1604106808393_0003_01_000005]
rm_1        | defaultLifetime = -1 seconds
nm_1        | 2020-10-31 01:16:42 INFO  Configuration:3318 - Removed undeclared tags:
scm_1       | 2020-10-31 01:13:33,143 [IPC Server handler 92 on default port 9861] INFO node.SCMNodeManager: Registered Data node : 7c69bbc9-7e30-4bd2-a666-a928b6f7a0b8{ip: 172.21.0.2, host: hadoop31_datanode_3.hadoop31_default, networkLocation: /default-rack, certSerialId: null}
nm_1        | 2020-10-31 01:16:42 INFO  DefaultContainerExecutor:370 - launchContainer: [bash, /tmp/hadoop-hadoop/nm-local-dir/usercache/hadoop/appcache/application_1604106808393_0003/container_1604106808393_0003_01_000005/default_container_executor.sh]
rm_1        | 2020-10-31 01:13:16 INFO  CapacitySchedulerQueueManager:298 - Initialized queue: default: capacity=1.0, absoluteCapacity=1.0, usedResources=<memory:0, vCores:0>, usedCapacity=0.0, absoluteUsedCapacity=0.0, numApps=0, numContainers=0, effectiveMinResource=<memory:0, vCores:0> , effectiveMaxResource=<memory:0, vCores:0>
scm_1       | 2020-10-31 01:13:33,172 [IPC Server handler 93 on default port 9861] INFO node.SCMNodeManager: Registered Data node : 695f461c-a326-4abe-8aec-9f46f8943157{ip: 172.21.0.4, host: hadoop31_datanode_2.hadoop31_default, networkLocation: /default-rack, certSerialId: null}
nm_1        | 2020-10-31 01:16:42 INFO  ContainerImpl:2126 - Container container_1604106808393_0003_01_000005 transitioned from SCHEDULED to RUNNING
rm_1        | 2020-10-31 01:13:16 INFO  CapacitySchedulerQueueManager:298 - Initialized queue: root: numChildQueue= 1, capacity=1.0, absoluteCapacity=1.0, usedResources=<memory:0, vCores:0>usedCapacity=0.0, numApps=0, numContainers=0
scm_1       | 2020-10-31 01:13:33,173 [EventQueue-NodeRegistrationContainerReportForDataNodeSafeModeRule] INFO safemode.SCMSafeModeManager: SCM in safe mode. 1 DataNodes registered, 3 required.
nm_1        | 2020-10-31 01:16:42 INFO  ContainersMonitorImpl:943 - Starting resource-monitoring for container_1604106808393_0003_01_000005
rm_1        | 2020-10-31 01:13:16 INFO  CapacitySchedulerQueueManager:163 - Initialized root queue root: numChildQueue= 1, capacity=1.0, absoluteCapacity=1.0, usedResources=<memory:0, vCores:0>usedCapacity=0.0, numApps=0, numContainers=0
scm_1       | 2020-10-31 01:13:33,174 [EventQueue-NodeRegistrationContainerReportForDataNodeSafeModeRule] INFO safemode.SCMSafeModeManager: SCM in safe mode. 2 DataNodes registered, 3 required.
nm_1        | 2020-10-31 01:16:44 INFO  NodeStatusUpdaterImpl:696 - Removed completed containers from NM context: [container_1604106808393_0003_01_000004]
rm_1        | 2020-10-31 01:13:16 INFO  UserGroupMappingPlacementRule:232 - Initialized queue mappings, override: false
scm_1       | 2020-10-31 01:13:33,174 [EventQueue-NodeRegistrationContainerReportForContainerSafeModeRule] INFO safemode.SCMSafeModeManager: ContainerSafeModeRule rule is successfully validated
nm_1        | 2020-10-31 01:16:44 INFO  ContainersMonitorImpl:567 - container_1604106808393_0003_01_000005's ip = 172.21.0.6, and hostname = nm
rm_1        | 2020-10-31 01:13:16 INFO  CapacityScheduler:392 - Initialized CapacityScheduler with calculator=class org.apache.hadoop.yarn.util.resource.DefaultResourceCalculator, minimumAllocation=<<memory:1024, vCores:1>>, maximumAllocation=<<memory:8192, vCores:4>>, asynchronousScheduling=false, asyncScheduleInterval=5ms
scm_1       | 2020-10-31 01:13:33,191 [EventQueue-NodeRegistrationContainerReportForContainerSafeModeRule] INFO safemode.SCMSafeModeManager: ContainerSafeModeRule rule is successfully validated
nm_1        | 2020-10-31 01:16:46 INFO  ContainerLaunch:589 - Container container_1604106808393_0003_01_000005 succeeded 
rm_1        | 2020-10-31 01:13:16 INFO  Configuration:2752 - dynamic-resources.xml not found
scm_1       | 2020-10-31 01:13:33,213 [RatisPipelineUtilsThread] INFO pipeline.RatisPipelineProvider: Sending CreatePipelineCommand for pipeline:PipelineID=7dd37716-459b-4c60-9170-063d8ddedcad to datanode:695f461c-a326-4abe-8aec-9f46f8943157
nm_1        | 2020-10-31 01:16:46 INFO  ContainerImpl:2126 - Container container_1604106808393_0003_01_000005 transitioned from RUNNING to EXITED_WITH_SUCCESS
rm_1        | 2020-10-31 01:13:16 INFO  AMSProcessingChain:62 - Initializing AMS Processing chain. Root Processor=[org.apache.hadoop.yarn.server.resourcemanager.DefaultAMSProcessor].
scm_1       | 2020-10-31 01:13:33,231 [RatisPipelineUtilsThread] INFO pipeline.PipelineStateManager: Created pipeline Pipeline[ Id: 7dd37716-459b-4c60-9170-063d8ddedcad, Nodes: 695f461c-a326-4abe-8aec-9f46f8943157{ip: 172.21.0.4, host: hadoop31_datanode_2.hadoop31_default, networkLocation: /default-rack, certSerialId: null}, Type:RATIS, Factor:ONE, State:ALLOCATED, leaderId:, CreationTimestamp2020-10-31T01:13:33.205455Z]
nm_1        | 2020-10-31 01:16:46 INFO  ContainerLaunch:745 - Cleaning up container container_1604106808393_0003_01_000005
rm_1        | 2020-10-31 01:13:16 INFO  ApplicationMasterService:130 - disabled placement handler will be used, all scheduling requests will be rejected.
scm_1       | 2020-10-31 01:13:33,236 [RatisPipelineUtilsThread] INFO pipeline.RatisPipelineProvider: Sending CreatePipelineCommand for pipeline:PipelineID=02d714c7-0320-4bee-9301-55cb1f5c16f9 to datanode:7c69bbc9-7e30-4bd2-a666-a928b6f7a0b8
nm_1        | 2020-10-31 01:16:46 INFO  Configuration:3318 - Removed undeclared tags:
rm_1        | 2020-10-31 01:13:16 INFO  AMSProcessingChain:75 - Adding [org.apache.hadoop.yarn.server.resourcemanager.scheduler.constraint.processor.DisabledPlacementProcessor] tp top of AMS Processing chain. 
scm_1       | 2020-10-31 01:13:33,237 [RatisPipelineUtilsThread] INFO pipeline.PipelineStateManager: Created pipeline Pipeline[ Id: 02d714c7-0320-4bee-9301-55cb1f5c16f9, Nodes: 7c69bbc9-7e30-4bd2-a666-a928b6f7a0b8{ip: 172.21.0.2, host: hadoop31_datanode_3.hadoop31_default, networkLocation: /default-rack, certSerialId: null}, Type:RATIS, Factor:ONE, State:ALLOCATED, leaderId:, CreationTimestamp2020-10-31T01:13:33.236882Z]
nm_1        | 2020-10-31 01:16:46 INFO  DefaultContainerExecutor:634 - Deleting absolute path : /tmp/hadoop-hadoop/nm-local-dir/usercache/hadoop/appcache/application_1604106808393_0003/container_1604106808393_0003_01_000005/launch_container.sh
rm_1        | 2020-10-31 01:13:16 INFO  ResourceManager:565 - TimelineServicePublisher is not configured
scm_1       | 2020-10-31 01:13:33,592 [IPC Server handler 91 on default port 9861] INFO net.NetworkTopologyImpl: Added a new node: /default-rack/6bed027d-143b-49c1-af25-b7f27626fce9
nm_1        | 2020-10-31 01:16:46 INFO  DefaultContainerExecutor:634 - Deleting absolute path : /tmp/hadoop-hadoop/nm-local-dir/usercache/hadoop/appcache/application_1604106808393_0003/container_1604106808393_0003_01_000005/container_tokens
rm_1        | 2020-10-31 01:13:16 INFO  log:192 - Logging initialized @8993ms
scm_1       | 2020-10-31 01:13:33,593 [IPC Server handler 91 on default port 9861] INFO node.SCMNodeManager: Registered Data node : 6bed027d-143b-49c1-af25-b7f27626fce9{ip: 172.21.0.5, host: hadoop31_datanode_1.hadoop31_default, networkLocation: /default-rack, certSerialId: null}
nm_1        | 2020-10-31 01:16:46 INFO  NMAuditLogger:94 - USER=hadoop	OPERATION=Container Finished - Succeeded	TARGET=ContainerImpl	RESULT=SUCCESS	APPID=application_1604106808393_0003	CONTAINERID=container_1604106808393_0003_01_000005
rm_1        | 2020-10-31 01:13:17 INFO  AuthenticationFilter:240 - Unable to initialize FileSignerSecretProvider, falling back to use random secrets.
scm_1       | 2020-10-31 01:13:33,594 [EventQueue-NodeRegistrationContainerReportForDataNodeSafeModeRule] INFO safemode.SCMSafeModeManager: SCM in safe mode. 3 DataNodes registered, 3 required.
nm_1        | 2020-10-31 01:16:46 INFO  ContainerImpl:2126 - Container container_1604106808393_0003_01_000005 transitioned from EXITED_WITH_SUCCESS to DONE
rm_1        | 2020-10-31 01:13:17 INFO  HttpRequestLog:81 - Http request log for http.requests.resourcemanager is not defined
scm_1       | 2020-10-31 01:13:33,593 [RatisPipelineUtilsThread] INFO pipeline.RatisPipelineProvider: Sending CreatePipelineCommand for pipeline:PipelineID=65cbbc5f-647f-4801-93ec-9101a8a6956e to datanode:6bed027d-143b-49c1-af25-b7f27626fce9
nm_1        | 2020-10-31 01:16:46 INFO  ApplicationImpl:512 - Removing container_1604106808393_0003_01_000005 from application application_1604106808393_0003
rm_1        | 2020-10-31 01:13:17 INFO  HttpServer2:970 - Added global filter 'safety' (class=org.apache.hadoop.http.HttpServer2$QuotingInputFilter)
scm_1       | 2020-10-31 01:13:33,596 [RatisPipelineUtilsThread] INFO pipeline.PipelineStateManager: Created pipeline Pipeline[ Id: 65cbbc5f-647f-4801-93ec-9101a8a6956e, Nodes: 6bed027d-143b-49c1-af25-b7f27626fce9{ip: 172.21.0.5, host: hadoop31_datanode_1.hadoop31_default, networkLocation: /default-rack, certSerialId: null}, Type:RATIS, Factor:ONE, State:ALLOCATED, leaderId:, CreationTimestamp2020-10-31T01:13:33.593907Z]
nm_1        | 2020-10-31 01:16:46 INFO  ContainersMonitorImpl:934 - Stopping resource-monitoring for container_1604106808393_0003_01_000005
rm_1        | 2020-10-31 01:13:17 INFO  HttpServer2:943 - Added filter RMAuthenticationFilter (class=org.apache.hadoop.yarn.server.security.http.RMAuthenticationFilter) to context cluster
scm_1       | 2020-10-31 01:13:33,595 [EventQueue-NodeRegistrationContainerReportForContainerSafeModeRule] INFO safemode.SCMSafeModeManager: ContainerSafeModeRule rule is successfully validated
nm_1        | 2020-10-31 01:16:46 INFO  AuxServices:350 - Got event CONTAINER_STOP for appId application_1604106808393_0003
rm_1        | 2020-10-31 01:13:17 INFO  HttpServer2:953 - Added filter RMAuthenticationFilter (class=org.apache.hadoop.yarn.server.security.http.RMAuthenticationFilter) to context static
scm_1       | 2020-10-31 01:13:33,597 [EventQueue-NodeRegistrationContainerReportForDataNodeSafeModeRule] INFO safemode.SCMSafeModeManager: DataNodeSafeModeRule rule is successfully validated
nm_1        | 2020-10-31 01:16:46 INFO  Server:1845 - Auth successful for appattempt_1604106808393_0003_000001 (auth:SIMPLE)
rm_1        | 2020-10-31 01:13:17 INFO  HttpServer2:953 - Added filter RMAuthenticationFilter (class=org.apache.hadoop.yarn.server.security.http.RMAuthenticationFilter) to context logs
scm_1       | 2020-10-31 01:13:33,598 [EventQueue-NodeRegistrationContainerReportForDataNodeSafeModeRule] INFO safemode.SCMSafeModeManager: All SCM safe mode pre check rules have passed
nm_1        | 2020-10-31 01:16:46 INFO  ContainerManagerImpl:1409 - Stopping container with container Id: container_1604106808393_0003_01_000005
rm_1        | 2020-10-31 01:13:17 INFO  HttpServer2:943 - Added filter static_user_filter (class=org.apache.hadoop.http.lib.StaticUserWebFilter$StaticUserFilter) to context cluster
scm_1       | 2020-10-31 01:13:33,604 [RatisPipelineUtilsThread] INFO pipeline.RatisPipelineProvider: Sending CreatePipelineCommand for pipeline:PipelineID=cd1cefc9-1e10-4653-b60b-6b8990936575 to datanode:695f461c-a326-4abe-8aec-9f46f8943157
nm_1        | 2020-10-31 01:16:46 INFO  NMAuditLogger:94 - USER=hadoop	IP=172.21.0.6	OPERATION=Stop Container Request	TARGET=ContainerManageImpl	RESULT=SUCCESS	APPID=application_1604106808393_0003	CONTAINERID=container_1604106808393_0003_01_000005
rm_1        | 2020-10-31 01:13:17 INFO  HttpServer2:953 - Added filter static_user_filter (class=org.apache.hadoop.http.lib.StaticUserWebFilter$StaticUserFilter) to context static
scm_1       | 2020-10-31 01:13:33,608 [RatisPipelineUtilsThread] INFO pipeline.RatisPipelineProvider: Sending CreatePipelineCommand for pipeline:PipelineID=cd1cefc9-1e10-4653-b60b-6b8990936575 to datanode:6bed027d-143b-49c1-af25-b7f27626fce9
nm_1        | 2020-10-31 01:16:53 INFO  ContainerLaunch:589 - Container container_1604106808393_0003_01_000001 succeeded 
rm_1        | 2020-10-31 01:13:17 INFO  HttpServer2:953 - Added filter static_user_filter (class=org.apache.hadoop.http.lib.StaticUserWebFilter$StaticUserFilter) to context logs
scm_1       | 2020-10-31 01:13:33,608 [RatisPipelineUtilsThread] INFO pipeline.RatisPipelineProvider: Sending CreatePipelineCommand for pipeline:PipelineID=cd1cefc9-1e10-4653-b60b-6b8990936575 to datanode:7c69bbc9-7e30-4bd2-a666-a928b6f7a0b8
nm_1        | 2020-10-31 01:16:53 INFO  ContainerImpl:2126 - Container container_1604106808393_0003_01_000001 transitioned from RUNNING to EXITED_WITH_SUCCESS
rm_1        | 2020-10-31 01:13:17 INFO  HttpServer2:608 - adding path spec: /cluster/*
nm_1        | 2020-10-31 01:16:53 INFO  ContainerLaunch:745 - Cleaning up container container_1604106808393_0003_01_000001
scm_1       | 2020-10-31 01:13:33,608 [RatisPipelineUtilsThread] INFO pipeline.PipelineStateManager: Created pipeline Pipeline[ Id: cd1cefc9-1e10-4653-b60b-6b8990936575, Nodes: 695f461c-a326-4abe-8aec-9f46f8943157{ip: 172.21.0.4, host: hadoop31_datanode_2.hadoop31_default, networkLocation: /default-rack, certSerialId: null}6bed027d-143b-49c1-af25-b7f27626fce9{ip: 172.21.0.5, host: hadoop31_datanode_1.hadoop31_default, networkLocation: /default-rack, certSerialId: null}7c69bbc9-7e30-4bd2-a666-a928b6f7a0b8{ip: 172.21.0.2, host: hadoop31_datanode_3.hadoop31_default, networkLocation: /default-rack, certSerialId: null}, Type:RATIS, Factor:THREE, State:ALLOCATED, leaderId:, CreationTimestamp2020-10-31T01:13:33.604033Z]
rm_1        | 2020-10-31 01:13:17 INFO  HttpServer2:608 - adding path spec: /ws/*
nm_1        | 2020-10-31 01:16:53 INFO  Configuration:3318 - Removed undeclared tags:
scm_1       | 2020-10-31 01:13:36,731 [EventQueue-PipelineReportForPipelineReportHandler] INFO pipeline.PipelineStateManager: Pipeline Pipeline[ Id: 7dd37716-459b-4c60-9170-063d8ddedcad, Nodes: 695f461c-a326-4abe-8aec-9f46f8943157{ip: 172.21.0.4, host: hadoop31_datanode_2.hadoop31_default, networkLocation: /default-rack, certSerialId: null}, Type:RATIS, Factor:ONE, State:ALLOCATED, leaderId:695f461c-a326-4abe-8aec-9f46f8943157, CreationTimestamp2020-10-31T01:13:33.205455Z] moved to OPEN state
rm_1        | 2020-10-31 01:13:17 INFO  HttpServer2:608 - adding path spec: /app/*
nm_1        | 2020-10-31 01:16:53 INFO  DefaultContainerExecutor:634 - Deleting absolute path : /tmp/hadoop-hadoop/nm-local-dir/usercache/hadoop/appcache/application_1604106808393_0003/container_1604106808393_0003_01_000001/launch_container.sh
scm_1       | 2020-10-31 01:13:36,753 [EventQueue-OpenPipelineForHealthyPipelineSafeModeRule] INFO safemode.SCMSafeModeManager: SCM in safe mode. Healthy pipelines reported count is 0, required healthy pipeline reported count is 1
rm_1        | 2020-10-31 01:13:20 INFO  WebApps:395 - Registered webapp guice modules
nm_1        | 2020-10-31 01:16:53 INFO  DefaultContainerExecutor:634 - Deleting absolute path : /tmp/hadoop-hadoop/nm-local-dir/usercache/hadoop/appcache/application_1604106808393_0003/container_1604106808393_0003_01_000001/container_tokens
scm_1       | 2020-10-31 01:13:36,834 [EventQueue-PipelineReportForPipelineReportHandler] INFO pipeline.PipelineStateManager: Pipeline Pipeline[ Id: 02d714c7-0320-4bee-9301-55cb1f5c16f9, Nodes: 7c69bbc9-7e30-4bd2-a666-a928b6f7a0b8{ip: 172.21.0.2, host: hadoop31_datanode_3.hadoop31_default, networkLocation: /default-rack, certSerialId: null}, Type:RATIS, Factor:ONE, State:ALLOCATED, leaderId:7c69bbc9-7e30-4bd2-a666-a928b6f7a0b8, CreationTimestamp2020-10-31T01:13:33.236882Z] moved to OPEN state
rm_1        | 2020-10-31 01:13:20 INFO  HttpServer2:1186 - Jetty bound to port 8088
nm_1        | 2020-10-31 01:16:53 INFO  NMAuditLogger:94 - USER=hadoop	OPERATION=Container Finished - Succeeded	TARGET=ContainerImpl	RESULT=SUCCESS	APPID=application_1604106808393_0003	CONTAINERID=container_1604106808393_0003_01_000001
scm_1       | 2020-10-31 01:13:36,841 [EventQueue-OpenPipelineForHealthyPipelineSafeModeRule] INFO safemode.SCMSafeModeManager: SCM in safe mode. Healthy pipelines reported count is 0, required healthy pipeline reported count is 1
rm_1        | 2020-10-31 01:13:20 INFO  Server:351 - jetty-9.3.24.v20180605, build timestamp: 2018-06-05T17:11:56Z, git hash: 84205aa28f11a4f31f2a3b86d1bba2cc8ab69827
nm_1        | 2020-10-31 01:16:53 INFO  ContainerImpl:2126 - Container container_1604106808393_0003_01_000001 transitioned from EXITED_WITH_SUCCESS to DONE
scm_1       | 2020-10-31 01:13:36,841 [EventQueue-OpenPipelineForOneReplicaPipelineSafeModeRule] INFO safemode.SCMSafeModeManager: AtleastOneDatanodeReportedRule rule is successfully validated
rm_1        | 2020-10-31 01:13:20 INFO  AuthenticationFilter:240 - Unable to initialize FileSignerSecretProvider, falling back to use random secrets.
nm_1        | 2020-10-31 01:16:53 INFO  ApplicationImpl:512 - Removing container_1604106808393_0003_01_000001 from application application_1604106808393_0003
scm_1       | 2020-10-31 01:13:36,841 [EventQueue-OpenPipelineForOneReplicaPipelineSafeModeRule] INFO safemode.SCMSafeModeManager: AtleastOneDatanodeReportedRule rule is successfully validated
rm_1        | 2020-10-31 01:13:20 INFO  AbstractDelegationTokenSecretManager:347 - Updating the current master key for generating delegation tokens
nm_1        | 2020-10-31 01:16:53 INFO  ContainersMonitorImpl:934 - Stopping resource-monitoring for container_1604106808393_0003_01_000001
scm_1       | 2020-10-31 01:13:37,388 [EventQueue-PipelineReportForPipelineReportHandler] INFO pipeline.PipelineStateManager: Pipeline Pipeline[ Id: 65cbbc5f-647f-4801-93ec-9101a8a6956e, Nodes: 6bed027d-143b-49c1-af25-b7f27626fce9{ip: 172.21.0.5, host: hadoop31_datanode_1.hadoop31_default, networkLocation: /default-rack, certSerialId: null}, Type:RATIS, Factor:ONE, State:ALLOCATED, leaderId:6bed027d-143b-49c1-af25-b7f27626fce9, CreationTimestamp2020-10-31T01:13:33.593907Z] moved to OPEN state
nm_1        | 2020-10-31 01:16:53 INFO  AuxServices:350 - Got event CONTAINER_STOP for appId application_1604106808393_0003
rm_1        | 2020-10-31 01:13:20 INFO  AbstractDelegationTokenSecretManager:679 - Starting expired delegation token remover thread, tokenRemoverScanInterval=60 min(s)
scm_1       | 2020-10-31 01:13:37,390 [EventQueue-OpenPipelineForHealthyPipelineSafeModeRule] INFO safemode.SCMSafeModeManager: SCM in safe mode. Healthy pipelines reported count is 0, required healthy pipeline reported count is 1
nm_1        | 2020-10-31 01:16:53 INFO  Server:1845 - Auth successful for appattempt_1604106808393_0003_000001 (auth:SIMPLE)
rm_1        | 2020-10-31 01:13:20 INFO  AbstractDelegationTokenSecretManager:347 - Updating the current master key for generating delegation tokens
scm_1       | 2020-10-31 01:13:37,390 [EventQueue-OpenPipelineForOneReplicaPipelineSafeModeRule] INFO safemode.SCMSafeModeManager: AtleastOneDatanodeReportedRule rule is successfully validated
nm_1        | 2020-10-31 01:16:53 INFO  ContainerManagerImpl:1409 - Stopping container with container Id: container_1604106808393_0003_01_000001
rm_1        | 2020-10-31 01:13:20 INFO  ContextHandler:781 - Started o.e.j.s.ServletContextHandler@7d286fb6{/logs,file:///opt/hadoop/logs/,AVAILABLE}
scm_1       | 2020-10-31 01:13:42,370 [EventQueue-PipelineReportForPipelineReportHandler] INFO pipeline.PipelineStateManager: Pipeline Pipeline[ Id: cd1cefc9-1e10-4653-b60b-6b8990936575, Nodes: 695f461c-a326-4abe-8aec-9f46f8943157{ip: 172.21.0.4, host: hadoop31_datanode_2.hadoop31_default, networkLocation: /default-rack, certSerialId: null}6bed027d-143b-49c1-af25-b7f27626fce9{ip: 172.21.0.5, host: hadoop31_datanode_1.hadoop31_default, networkLocation: /default-rack, certSerialId: null}7c69bbc9-7e30-4bd2-a666-a928b6f7a0b8{ip: 172.21.0.2, host: hadoop31_datanode_3.hadoop31_default, networkLocation: /default-rack, certSerialId: null}, Type:RATIS, Factor:THREE, State:ALLOCATED, leaderId:695f461c-a326-4abe-8aec-9f46f8943157, CreationTimestamp2020-10-31T01:13:33.604033Z] moved to OPEN state
nm_1        | 2020-10-31 01:16:53 INFO  NMAuditLogger:94 - USER=hadoop	IP=172.21.0.7	OPERATION=Stop Container Request	TARGET=ContainerManageImpl	RESULT=SUCCESS	APPID=application_1604106808393_0003	CONTAINERID=container_1604106808393_0003_01_000001
rm_1        | 2020-10-31 01:13:20 INFO  ContextHandler:781 - Started o.e.j.s.ServletContextHandler@44c73c26{/static,jar:file:/opt/hadoop/share/hadoop/yarn/hadoop-yarn-common-3.1.2.jar!/webapps/static,AVAILABLE}
scm_1       | 2020-10-31 01:13:42,371 [EventQueue-OpenPipelineForHealthyPipelineSafeModeRule] INFO safemode.SCMSafeModeManager: SCM in safe mode. Healthy pipelines reported count is 1, required healthy pipeline reported count is 1
nm_1        | 2020-10-31 01:16:54 INFO  NodeStatusUpdaterImpl:696 - Removed completed containers from NM context: [container_1604106808393_0003_01_000001]
rm_1        | Oct 31, 2020 1:13:22 AM com.sun.jersey.guice.spi.container.GuiceComponentProviderFactory register
scm_1       | 2020-10-31 01:13:42,371 [EventQueue-OpenPipelineForOneReplicaPipelineSafeModeRule] INFO safemode.SCMSafeModeManager: AtleastOneDatanodeReportedRule rule is successfully validated
nm_1        | 2020-10-31 01:16:54 INFO  ApplicationImpl:655 - Application application_1604106808393_0003 transitioned from RUNNING to APPLICATION_RESOURCES_CLEANINGUP
rm_1        | INFO: Registering org.apache.hadoop.yarn.server.resourcemanager.webapp.JAXBContextResolver as a provider class
scm_1       | 2020-10-31 01:13:42,373 [EventQueue-OpenPipelineForHealthyPipelineSafeModeRule] INFO safemode.SCMSafeModeManager: HealthyPipelineSafeModeRule rule is successfully validated
rm_1        | Oct 31, 2020 1:13:22 AM com.sun.jersey.guice.spi.container.GuiceComponentProviderFactory register
nm_1        | 2020-10-31 01:16:54 INFO  AuxServices:350 - Got event APPLICATION_STOP for appId application_1604106808393_0003
