nm_1        | 2021-01-27 08:17:33 INFO  ContainerManagerImpl:960 - Stopping container with container Id: container_1611735344827_0001_01_000003
om_1        | 2021-01-27 08:16:22,730 [om1@group-C5BA1605619E-LeaderElection1] INFO server.RaftServerConfigKeys: raft.server.staging.catchup.gap = 1000 (default)
rm_1        | 2021-01-27 08:17:12 INFO  RMStateStore:194 - Storing info for app: application_1611735344827_0001
nm_1        | 2021-01-27 08:17:33 INFO  NMAuditLogger:89 - USER=hadoop	IP=172.21.0.5	OPERATION=Stop Container Request	TARGET=ContainerManageImpl	RESULT=SUCCESS	APPID=application_1611735344827_0001	CONTAINERID=container_1611735344827_0001_01_000003
om_1        | 2021-01-27 08:16:22,735 [om1@group-C5BA1605619E-LeaderElection1] INFO metrics.RatisMetrics: Creating Metrics Registry : ratis.log_appender.om1@group-C5BA1605619E
rm_1        | 2021-01-27 08:17:12 INFO  RMAppImpl:715 - application_1611735344827_0001 State change from NEW_SAVING to SUBMITTED
nm_1        | 2021-01-27 08:17:33 INFO  ContainerImpl:1135 - Container container_1611735344827_0001_01_000003 transitioned from RUNNING to KILLING
om_1        | 2021-01-27 08:16:22,739 [om1@group-C5BA1605619E-LeaderElection1] INFO server.RaftServerConfigKeys: raft.server.write.element-limit = 4096 (default)
rm_1        | 2021-01-27 08:17:12 INFO  ParentQueue:345 - Application added - appId: application_1611735344827_0001 user: hadoop leaf-queue of parent: root #applications: 1
nm_1        | 2021-01-27 08:17:33 INFO  ContainerLaunch:370 - Cleaning up container container_1611735344827_0001_01_000003
om_1        | 2021-01-27 08:16:22,740 [om1@group-C5BA1605619E-LeaderElection1] INFO server.RaftServerConfigKeys: raft.server.write.byte-limit = 64MB (=67108864) (default)
rm_1        | 2021-01-27 08:17:12 INFO  CapacityScheduler:814 - Accepted application application_1611735344827_0001 from user: hadoop, in queue: default
nm_1        | 2021-01-27 08:17:33 WARN  DefaultContainerExecutor:224 - Exit code from container container_1611735344827_0001_01_000003 is : 143
om_1        | 2021-01-27 08:16:22,746 [om1@group-C5BA1605619E-LeaderElection1] INFO server.RaftServerConfigKeys: raft.server.watch.timeout = 10s (default)
rm_1        | 2021-01-27 08:17:12 INFO  RMAppImpl:715 - application_1611735344827_0001 State change from SUBMITTED to ACCEPTED
nm_1        | 2021-01-27 08:17:33 INFO  ContainerImpl:1135 - Container container_1611735344827_0001_01_000003 transitioned from KILLING to CONTAINER_CLEANEDUP_AFTER_KILL
rm_1        | 2021-01-27 08:17:12 INFO  ApplicationMasterService:678 - Registering app attempt : appattempt_1611735344827_0001_000001
nm_1        | 2021-01-27 08:17:33 INFO  NMAuditLogger:89 - USER=hadoop	OPERATION=Container Finished - Killed	TARGET=ContainerImpl	RESULT=SUCCESS	APPID=application_1611735344827_0001	CONTAINERID=container_1611735344827_0001_01_000003
om_1        | 2021-01-27 08:16:22,746 [om1@group-C5BA1605619E-LeaderElection1] INFO server.RaftServerConfigKeys: raft.server.watch.timeout.denomination = 1s (default)
rm_1        | 2021-01-27 08:17:12 INFO  RMAppAttemptImpl:813 - appattempt_1611735344827_0001_000001 State change from NEW to SUBMITTED
nm_1        | 2021-01-27 08:17:33 INFO  ContainerImpl:1135 - Container container_1611735344827_0001_01_000003 transitioned from CONTAINER_CLEANEDUP_AFTER_KILL to DONE
om_1        | 2021-01-27 08:16:22,746 [om1@group-C5BA1605619E-LeaderElection1] INFO server.RaftServerConfigKeys: raft.server.watch.element-limit = 65536 (default)
rm_1        | 2021-01-27 08:17:12 WARN  LeafQueue:632 - maximum-am-resource-percent is insufficient to start a single application in queue, it is likely set too low. skipping enforcement to allow at least one application to start
nm_1        | 2021-01-27 08:17:33 INFO  ApplicationImpl:347 - Removing container_1611735344827_0001_01_000003 from application application_1611735344827_0001
om_1        | 2021-01-27 08:16:22,761 [om1@group-C5BA1605619E-LeaderElection1] INFO impl.RoleInfo: om1: start om1@group-C5BA1605619E-LeaderStateImpl
rm_1        | 2021-01-27 08:17:12 WARN  LeafQueue:653 - maximum-am-resource-percent is insufficient to start a single application in queue for user, it is likely set too low. skipping enforcement to allow at least one application to start
nm_1        | 2021-01-27 08:17:33 INFO  ContainersMonitorImpl:196 - Neither virutal-memory nor physical-memory monitoring is needed. Not running the monitor-thread
om_1        | 2021-01-27 08:16:22,832 [om1@group-C5BA1605619E-LeaderElection1] INFO segmented.SegmentedRaftLogWorker: om1@group-C5BA1605619E-SegmentedRaftLogWorker: Starting segment from index:0
rm_1        | 2021-01-27 08:17:12 INFO  LeafQueue:667 - Application application_1611735344827_0001 from user: hadoop activated in queue: default
nm_1        | 2021-01-27 08:17:33 INFO  AuxServices:196 - Got event CONTAINER_STOP for appId application_1611735344827_0001
om_1        | 2021-01-27 08:16:22,870 [om1@group-C5BA1605619E-LeaderElection1] INFO server.RaftServer$Division: om1@group-C5BA1605619E: set configuration 0: [om1|rpc:om:9872|admin:|client:|dataStream:|priority:0], old=null
rm_1        | 2021-01-27 08:17:12 INFO  LeafQueue:683 - Application added - appId: application_1611735344827_0001 user: org.apache.hadoop.yarn.server.resourcemanager.scheduler.capacity.LeafQueue$User@319e1b8e, leaf-queue: default #user-pending-applications: 0 #user-active-applications: 1 #queue-pending-applications: 0 #queue-active-applications: 1
nm_1        | 2021-01-27 08:17:34 INFO  Server:1316 - Auth successful for appattempt_1611735344827_0001_000001 (auth:SIMPLE)
om_1        | 2021-01-27 08:16:23,000 [om1@group-C5BA1605619E-SegmentedRaftLogWorker] INFO segmented.SegmentedRaftLogWorker: om1@group-C5BA1605619E-SegmentedRaftLogWorker: created new log segment /data/metadata/ratis/bf265839-605b-3f16-9796-c5ba1605619e/current/log_inprogress_0
rm_1        | 2021-01-27 08:17:12 INFO  CapacityScheduler:843 - Added Application Attempt appattempt_1611735344827_0001_000001 to scheduler from user hadoop in queue default
nm_1        | 2021-01-27 08:17:34 INFO  ContainerManagerImpl:810 - Start request for container_1611735344827_0001_01_000004 by user hadoop
om_1        | 2021-01-27 08:16:27,417 [OM StateMachine ApplyTransaction Thread - 0] INFO volume.OMVolumeCreateRequest: created volume:volume1 for user:hadoop
rm_1        | 2021-01-27 08:17:12 INFO  RMAppAttemptImpl:813 - appattempt_1611735344827_0001_000001 State change from SUBMITTED to SCHEDULED
nm_1        | 2021-01-27 08:17:34 INFO  NMAuditLogger:89 - USER=hadoop	IP=172.21.0.5	OPERATION=Start Container Request	TARGET=ContainerManageImpl	RESULT=SUCCESS	APPID=application_1611735344827_0001	CONTAINERID=container_1611735344827_0001_01_000004
om_1        | 2021-01-27 08:17:18,968 [OM StateMachine ApplyTransaction Thread - 0] INFO volume.OMVolumeCreateRequest: created volume:user for user:hadoop
rm_1        | 2021-01-27 08:17:13 INFO  RMContainerImpl:410 - container_1611735344827_0001_01_000001 Container Transitioned from NEW to ALLOCATED
nm_1        | 2021-01-27 08:17:34 INFO  ApplicationImpl:304 - Adding container_1611735344827_0001_01_000004 to application application_1611735344827_0001
rm_1        | 2021-01-27 08:17:13 INFO  RMAuditLogger:106 - USER=hadoop	OPERATION=AM Allocated Container	TARGET=SchedulerApp	RESULT=SUCCESS	APPID=application_1611735344827_0001	CONTAINERID=container_1611735344827_0001_01_000001
nm_1        | 2021-01-27 08:17:34 INFO  ContainerImpl:1135 - Container container_1611735344827_0001_01_000004 transitioned from NEW to LOCALIZING
rm_1        | 2021-01-27 08:17:13 INFO  SchedulerNode:153 - Assigned container container_1611735344827_0001_01_000001 of capacity <memory:2048, vCores:1> on host nm:38197, which has 1 containers, <memory:2048, vCores:1> used and <memory:6144, vCores:7> available after allocation
rm_1        | 2021-01-27 08:17:13 INFO  LeafQueue:1554 - assignedContainer application attempt=appattempt_1611735344827_0001_000001 container=Container: [ContainerId: container_1611735344827_0001_01_000001, NodeId: nm:38197, NodeHttpAddress: nm:8042, Resource: <memory:2048, vCores:1>, Priority: 0, Token: null, ] queue=default: capacity=1.0, absoluteCapacity=1.0, usedResources=<memory:0, vCores:0>, usedCapacity=0.0, absoluteUsedCapacity=0.0, numApps=1, numContainers=0 clusterResource=<memory:8192, vCores:8> type=OFF_SWITCH
nm_1        | 2021-01-27 08:17:34 INFO  AuxServices:196 - Got event CONTAINER_INIT for appId application_1611735344827_0001
rm_1        | 2021-01-27 08:17:13 INFO  ParentQueue:523 - Re-sorting assigned queue: root.default stats: default: capacity=1.0, absoluteCapacity=1.0, usedResources=<memory:2048, vCores:1>, usedCapacity=0.25, absoluteUsedCapacity=0.25, numApps=1, numContainers=1
nm_1        | 2021-01-27 08:17:34 INFO  AuxServices:196 - Got event APPLICATION_INIT for appId application_1611735344827_0001
rm_1        | 2021-01-27 08:17:13 INFO  ParentQueue:420 - assignedContainer queue=root usedCapacity=0.25 absoluteUsedCapacity=0.25 used=<memory:2048, vCores:1> cluster=<memory:8192, vCores:8>
nm_1        | 2021-01-27 08:17:34 INFO  AuxServices:200 - Got APPLICATION_INIT for service mapreduce_shuffle
rm_1        | 2021-01-27 08:17:13 INFO  NMTokenSecretManagerInRM:200 - Sending NMToken for nodeId : nm:38197 for container : container_1611735344827_0001_01_000001
nm_1        | 2021-01-27 08:17:34 INFO  ShuffleHandler:671 - Added token for job_1611735344827_0001
rm_1        | 2021-01-27 08:17:13 INFO  RMContainerImpl:410 - container_1611735344827_0001_01_000001 Container Transitioned from ALLOCATED to ACQUIRED
nm_1        | 2021-01-27 08:17:34 INFO  ContainerImpl:1135 - Container container_1611735344827_0001_01_000004 transitioned from LOCALIZING to LOCALIZED
rm_1        | 2021-01-27 08:17:13 INFO  NMTokenSecretManagerInRM:146 - Clear node set for appattempt_1611735344827_0001_000001
nm_1        | 2021-01-27 08:17:34 INFO  ContainerImpl:1135 - Container container_1611735344827_0001_01_000004 transitioned from LOCALIZED to RUNNING
rm_1        | 2021-01-27 08:17:13 INFO  RMAppAttemptImpl:1917 - Storing attempt: AppId: application_1611735344827_0001 AttemptId: appattempt_1611735344827_0001_000001 MasterContainer: Container: [ContainerId: container_1611735344827_0001_01_000001, NodeId: nm:38197, NodeHttpAddress: nm:8042, Resource: <memory:2048, vCores:1>, Priority: 0, Token: Token { kind: ContainerToken, service: 172.21.0.5:38197 }, ]
nm_1        | 2021-01-27 08:17:34 INFO  ContainersMonitorImpl:196 - Neither virutal-memory nor physical-memory monitoring is needed. Not running the monitor-thread
rm_1        | 2021-01-27 08:17:13 INFO  RMAppAttemptImpl:813 - appattempt_1611735344827_0001_000001 State change from SCHEDULED to ALLOCATED_SAVING
nm_1        | 2021-01-27 08:17:34 INFO  DefaultContainerExecutor:268 - launchContainer: [bash, /tmp/hadoop-hadoop/nm-local-dir/usercache/hadoop/appcache/application_1611735344827_0001/container_1611735344827_0001_01_000004/default_container_executor.sh]
rm_1        | 2021-01-27 08:17:13 INFO  RMAppAttemptImpl:813 - appattempt_1611735344827_0001_000001 State change from ALLOCATED_SAVING to ALLOCATED
nm_1        | 2021-01-27 08:17:35 INFO  NodeStatusUpdaterImpl:490 - Removed completed containers from NM context: [container_1611735344827_0001_01_000003]
rm_1        | 2021-01-27 08:17:13 INFO  AMLauncher:249 - Launching masterappattempt_1611735344827_0001_000001
nm_1        | 2021-01-27 08:17:38 INFO  Server:1316 - Auth successful for appattempt_1611735344827_0001_000001 (auth:SIMPLE)
rm_1        | 2021-01-27 08:17:13 INFO  AMLauncher:105 - Setting up container Container: [ContainerId: container_1611735344827_0001_01_000001, NodeId: nm:38197, NodeHttpAddress: nm:8042, Resource: <memory:2048, vCores:1>, Priority: 0, Token: Token { kind: ContainerToken, service: 172.21.0.5:38197 }, ] for AM appattempt_1611735344827_0001_000001
nm_1        | 2021-01-27 08:17:38 INFO  ContainerManagerImpl:960 - Stopping container with container Id: container_1611735344827_0001_01_000004
rm_1        | 2021-01-27 08:17:13 INFO  AMLauncher:187 - Command to launch container container_1611735344827_0001_01_000001 : $JAVA_HOME/bin/java -Djava.io.tmpdir=$PWD/tmp -Dlog4j.configuration=container-log4j.properties -Dyarn.app.container.log.dir=<LOG_DIR> -Dyarn.app.container.log.filesize=0 -Dhadoop.root.logger=INFO,CLA -Dhadoop.root.logfile=syslog  -Xmx1024m org.apache.hadoop.mapreduce.v2.app.MRAppMaster 1><LOG_DIR>/stdout 2><LOG_DIR>/stderr 
rm_1        | 2021-01-27 08:17:13 INFO  AMRMTokenSecretManager:195 - Create AMRMToken for ApplicationAttempt: appattempt_1611735344827_0001_000001
nm_1        | 2021-01-27 08:17:38 INFO  NMAuditLogger:89 - USER=hadoop	IP=172.21.0.5	OPERATION=Stop Container Request	TARGET=ContainerManageImpl	RESULT=SUCCESS	APPID=application_1611735344827_0001	CONTAINERID=container_1611735344827_0001_01_000004
rm_1        | 2021-01-27 08:17:13 INFO  AMRMTokenSecretManager:307 - Creating password for appattempt_1611735344827_0001_000001
nm_1        | 2021-01-27 08:17:38 INFO  ContainerImpl:1135 - Container container_1611735344827_0001_01_000004 transitioned from RUNNING to KILLING
rm_1        | 2021-01-27 08:17:14 INFO  AMLauncher:126 - Done launching container Container: [ContainerId: container_1611735344827_0001_01_000001, NodeId: nm:38197, NodeHttpAddress: nm:8042, Resource: <memory:2048, vCores:1>, Priority: 0, Token: Token { kind: ContainerToken, service: 172.21.0.5:38197 }, ] for AM appattempt_1611735344827_0001_000001
nm_1        | 2021-01-27 08:17:38 INFO  ContainerLaunch:370 - Cleaning up container container_1611735344827_0001_01_000004
rm_1        | 2021-01-27 08:17:14 INFO  RMAppAttemptImpl:813 - appattempt_1611735344827_0001_000001 State change from ALLOCATED to LAUNCHED
rm_1        | 2021-01-27 08:17:14 INFO  RMContainerImpl:410 - container_1611735344827_0001_01_000001 Container Transitioned from ACQUIRED to RUNNING
rm_1        | 2021-01-27 08:17:21 INFO  Server:1316 - Auth successful for appattempt_1611735344827_0001_000001 (auth:SIMPLE)
rm_1        | 2021-01-27 08:17:21 INFO  ApplicationMasterService:274 - AM registration appattempt_1611735344827_0001_000001
rm_1        | 2021-01-27 08:17:21 INFO  RMAppAttemptImpl:813 - appattempt_1611735344827_0001_000001 State change from LAUNCHED to RUNNING
rm_1        | 2021-01-27 08:17:21 INFO  RMAppImpl:715 - application_1611735344827_0001 State change from ACCEPTED to RUNNING
rm_1        | 2021-01-27 08:17:21 INFO  RMAuditLogger:127 - USER=hadoop	IP=172.21.0.5	OPERATION=Register App Master	TARGET=ApplicationMasterService	RESULT=SUCCESS	APPID=application_1611735344827_0001	APPATTEMPTID=appattempt_1611735344827_0001_000001
rm_1        | 2021-01-27 08:17:24 INFO  RMContainerImpl:410 - container_1611735344827_0001_01_000002 Container Transitioned from NEW to ALLOCATED
rm_1        | 2021-01-27 08:17:24 INFO  RMAuditLogger:106 - USER=hadoop	OPERATION=AM Allocated Container	TARGET=SchedulerApp	RESULT=SUCCESS	APPID=application_1611735344827_0001	CONTAINERID=container_1611735344827_0001_01_000002
nm_1        | 2021-01-27 08:17:38 WARN  DefaultContainerExecutor:224 - Exit code from container container_1611735344827_0001_01_000004 is : 143
nm_1        | 2021-01-27 08:17:38 INFO  ContainerImpl:1135 - Container container_1611735344827_0001_01_000004 transitioned from KILLING to CONTAINER_CLEANEDUP_AFTER_KILL
rm_1        | 2021-01-27 08:17:24 INFO  SchedulerNode:153 - Assigned container container_1611735344827_0001_01_000002 of capacity <memory:4096, vCores:1> on host nm:38197, which has 2 containers, <memory:6144, vCores:2> used and <memory:2048, vCores:6> available after allocation
nm_1        | 2021-01-27 08:17:38 INFO  NMAuditLogger:89 - USER=hadoop	OPERATION=Container Finished - Killed	TARGET=ContainerImpl	RESULT=SUCCESS	APPID=application_1611735344827_0001	CONTAINERID=container_1611735344827_0001_01_000004
rm_1        | 2021-01-27 08:17:24 INFO  LeafQueue:1554 - assignedContainer application attempt=appattempt_1611735344827_0001_000001 container=Container: [ContainerId: container_1611735344827_0001_01_000002, NodeId: nm:38197, NodeHttpAddress: nm:8042, Resource: <memory:4096, vCores:1>, Priority: 20, Token: null, ] queue=default: capacity=1.0, absoluteCapacity=1.0, usedResources=<memory:2048, vCores:1>, usedCapacity=0.25, absoluteUsedCapacity=0.25, numApps=1, numContainers=1 clusterResource=<memory:8192, vCores:8> type=RACK_LOCAL
nm_1        | 2021-01-27 08:17:38 INFO  ContainerImpl:1135 - Container container_1611735344827_0001_01_000004 transitioned from CONTAINER_CLEANEDUP_AFTER_KILL to DONE
rm_1        | 2021-01-27 08:17:24 INFO  ParentQueue:523 - Re-sorting assigned queue: root.default stats: default: capacity=1.0, absoluteCapacity=1.0, usedResources=<memory:6144, vCores:2>, usedCapacity=0.75, absoluteUsedCapacity=0.75, numApps=1, numContainers=2
nm_1        | 2021-01-27 08:17:38 INFO  ApplicationImpl:347 - Removing container_1611735344827_0001_01_000004 from application application_1611735344827_0001
rm_1        | 2021-01-27 08:17:24 INFO  ParentQueue:420 - assignedContainer queue=root usedCapacity=0.75 absoluteUsedCapacity=0.75 used=<memory:6144, vCores:2> cluster=<memory:8192, vCores:8>
nm_1        | 2021-01-27 08:17:38 INFO  ContainersMonitorImpl:196 - Neither virutal-memory nor physical-memory monitoring is needed. Not running the monitor-thread
rm_1        | 2021-01-27 08:17:24 INFO  NMTokenSecretManagerInRM:200 - Sending NMToken for nodeId : nm:38197 for container : container_1611735344827_0001_01_000002
nm_1        | 2021-01-27 08:17:38 INFO  AuxServices:196 - Got event CONTAINER_STOP for appId application_1611735344827_0001
rm_1        | 2021-01-27 08:17:24 INFO  RMContainerImpl:410 - container_1611735344827_0001_01_000002 Container Transitioned from ALLOCATED to ACQUIRED
nm_1        | 2021-01-27 08:17:38 INFO  Server:1316 - Auth successful for appattempt_1611735344827_0001_000001 (auth:SIMPLE)
nm_1        | 2021-01-27 08:17:38 INFO  ContainerManagerImpl:810 - Start request for container_1611735344827_0001_01_000005 by user hadoop
nm_1        | 2021-01-27 08:17:38 INFO  NMAuditLogger:89 - USER=hadoop	IP=172.21.0.5	OPERATION=Start Container Request	TARGET=ContainerManageImpl	RESULT=SUCCESS	APPID=application_1611735344827_0001	CONTAINERID=container_1611735344827_0001_01_000005
nm_1        | 2021-01-27 08:17:38 INFO  ApplicationImpl:304 - Adding container_1611735344827_0001_01_000005 to application application_1611735344827_0001
nm_1        | 2021-01-27 08:17:38 INFO  ContainerImpl:1135 - Container container_1611735344827_0001_01_000005 transitioned from NEW to LOCALIZING
rm_1        | 2021-01-27 08:17:25 INFO  RMContainerImpl:410 - container_1611735344827_0001_01_000002 Container Transitioned from ACQUIRED to RUNNING
nm_1        | 2021-01-27 08:17:38 INFO  AuxServices:196 - Got event CONTAINER_INIT for appId application_1611735344827_0001
rm_1        | 2021-01-27 08:17:28 INFO  RMContainerImpl:410 - container_1611735344827_0001_01_000002 Container Transitioned from RUNNING to COMPLETED
nm_1        | 2021-01-27 08:17:38 INFO  AuxServices:196 - Got event APPLICATION_INIT for appId application_1611735344827_0001
rm_1        | 2021-01-27 08:17:28 INFO  FiCaSchedulerApp:113 - Completed container: container_1611735344827_0001_01_000002 in state: COMPLETED event:FINISHED
nm_1        | 2021-01-27 08:17:38 INFO  AuxServices:200 - Got APPLICATION_INIT for service mapreduce_shuffle
rm_1        | 2021-01-27 08:17:28 INFO  RMAuditLogger:106 - USER=hadoop	OPERATION=AM Released Container	TARGET=SchedulerApp	RESULT=SUCCESS	APPID=application_1611735344827_0001	CONTAINERID=container_1611735344827_0001_01_000002
nm_1        | 2021-01-27 08:17:38 INFO  ShuffleHandler:671 - Added token for job_1611735344827_0001
rm_1        | 2021-01-27 08:17:28 INFO  SchedulerNode:216 - Released container container_1611735344827_0001_01_000002 of capacity <memory:4096, vCores:1> on host nm:38197, which currently has 1 containers, <memory:2048, vCores:1> used and <memory:6144, vCores:7> available, release resources=true
nm_1        | 2021-01-27 08:17:38 INFO  ContainerImpl:1135 - Container container_1611735344827_0001_01_000005 transitioned from LOCALIZING to LOCALIZED
rm_1        | 2021-01-27 08:17:28 INFO  LeafQueue:1707 - default used=<memory:2048, vCores:1> numContainers=1 user=hadoop user-resources=<memory:2048, vCores:1>
nm_1        | 2021-01-27 08:17:38 INFO  ContainerImpl:1135 - Container container_1611735344827_0001_01_000005 transitioned from LOCALIZED to RUNNING
rm_1        | 2021-01-27 08:17:28 INFO  LeafQueue:1658 - completedContainer container=Container: [ContainerId: container_1611735344827_0001_01_000002, NodeId: nm:38197, NodeHttpAddress: nm:8042, Resource: <memory:4096, vCores:1>, Priority: 20, Token: Token { kind: ContainerToken, service: 172.21.0.5:38197 }, ] queue=default: capacity=1.0, absoluteCapacity=1.0, usedResources=<memory:2048, vCores:1>, usedCapacity=0.25, absoluteUsedCapacity=0.25, numApps=1, numContainers=1 cluster=<memory:8192, vCores:8>
nm_1        | 2021-01-27 08:17:38 INFO  ContainersMonitorImpl:196 - Neither virutal-memory nor physical-memory monitoring is needed. Not running the monitor-thread
nm_1        | 2021-01-27 08:17:38 INFO  DefaultContainerExecutor:268 - launchContainer: [bash, /tmp/hadoop-hadoop/nm-local-dir/usercache/hadoop/appcache/application_1611735344827_0001/container_1611735344827_0001_01_000005/default_container_executor.sh]
rm_1        | 2021-01-27 08:17:28 INFO  ParentQueue:568 - completedContainer queue=root usedCapacity=0.25 absoluteUsedCapacity=0.25 used=<memory:2048, vCores:1> cluster=<memory:8192, vCores:8>
nm_1        | 2021-01-27 08:17:40 INFO  NodeStatusUpdaterImpl:490 - Removed completed containers from NM context: [container_1611735344827_0001_01_000004]
rm_1        | 2021-01-27 08:17:28 INFO  ParentQueue:585 - Re-sorting completed queue: root.default stats: default: capacity=1.0, absoluteCapacity=1.0, usedResources=<memory:2048, vCores:1>, usedCapacity=0.25, absoluteUsedCapacity=0.25, numApps=1, numContainers=1
nm_1        | 2021-01-27 08:17:41 INFO  ShuffleHandler:1047 - Setting connection close header...
rm_1        | 2021-01-27 08:17:28 INFO  CapacityScheduler:1419 - Application attempt appattempt_1611735344827_0001_000001 released container container_1611735344827_0001_01_000002 on node: host: nm:38197 #containers=1 available=<memory:6144, vCores:7> used=<memory:2048, vCores:1> with event: FINISHED
nm_1        | 2021-01-27 08:17:41 INFO  ShuffleHandler:1047 - Setting connection close header...
rm_1        | 2021-01-27 08:17:29 INFO  RMContainerImpl:410 - container_1611735344827_0001_01_000003 Container Transitioned from NEW to ALLOCATED
nm_1        | 2021-01-27 08:17:42 INFO  Server:1316 - Auth successful for appattempt_1611735344827_0001_000001 (auth:SIMPLE)
rm_1        | 2021-01-27 08:17:29 INFO  RMAuditLogger:106 - USER=hadoop	OPERATION=AM Allocated Container	TARGET=SchedulerApp	RESULT=SUCCESS	APPID=application_1611735344827_0001	CONTAINERID=container_1611735344827_0001_01_000003
nm_1        | 2021-01-27 08:17:42 INFO  ContainerManagerImpl:960 - Stopping container with container Id: container_1611735344827_0001_01_000005
rm_1        | 2021-01-27 08:17:29 INFO  SchedulerNode:153 - Assigned container container_1611735344827_0001_01_000003 of capacity <memory:4096, vCores:1> on host nm:38197, which has 2 containers, <memory:6144, vCores:2> used and <memory:2048, vCores:6> available after allocation
nm_1        | 2021-01-27 08:17:42 INFO  NMAuditLogger:89 - USER=hadoop	IP=172.21.0.5	OPERATION=Stop Container Request	TARGET=ContainerManageImpl	RESULT=SUCCESS	APPID=application_1611735344827_0001	CONTAINERID=container_1611735344827_0001_01_000005
rm_1        | 2021-01-27 08:17:29 INFO  LeafQueue:1554 - assignedContainer application attempt=appattempt_1611735344827_0001_000001 container=Container: [ContainerId: container_1611735344827_0001_01_000003, NodeId: nm:38197, NodeHttpAddress: nm:8042, Resource: <memory:4096, vCores:1>, Priority: 20, Token: null, ] queue=default: capacity=1.0, absoluteCapacity=1.0, usedResources=<memory:2048, vCores:1>, usedCapacity=0.25, absoluteUsedCapacity=0.25, numApps=1, numContainers=1 clusterResource=<memory:8192, vCores:8> type=RACK_LOCAL
nm_1        | 2021-01-27 08:17:42 INFO  ContainerImpl:1135 - Container container_1611735344827_0001_01_000005 transitioned from RUNNING to KILLING
rm_1        | 2021-01-27 08:17:29 INFO  ParentQueue:523 - Re-sorting assigned queue: root.default stats: default: capacity=1.0, absoluteCapacity=1.0, usedResources=<memory:6144, vCores:2>, usedCapacity=0.75, absoluteUsedCapacity=0.75, numApps=1, numContainers=2
nm_1        | 2021-01-27 08:17:42 INFO  ContainerLaunch:370 - Cleaning up container container_1611735344827_0001_01_000005
nm_1        | 2021-01-27 08:17:42 WARN  DefaultContainerExecutor:224 - Exit code from container container_1611735344827_0001_01_000005 is : 143
rm_1        | 2021-01-27 08:17:29 INFO  ParentQueue:420 - assignedContainer queue=root usedCapacity=0.75 absoluteUsedCapacity=0.75 used=<memory:6144, vCores:2> cluster=<memory:8192, vCores:8>
nm_1        | 2021-01-27 08:17:42 INFO  ContainerImpl:1135 - Container container_1611735344827_0001_01_000005 transitioned from KILLING to CONTAINER_CLEANEDUP_AFTER_KILL
rm_1        | 2021-01-27 08:17:29 INFO  RMContainerImpl:410 - container_1611735344827_0001_01_000003 Container Transitioned from ALLOCATED to ACQUIRED
nm_1        | 2021-01-27 08:17:42 INFO  NMAuditLogger:89 - USER=hadoop	OPERATION=Container Finished - Killed	TARGET=ContainerImpl	RESULT=SUCCESS	APPID=application_1611735344827_0001	CONTAINERID=container_1611735344827_0001_01_000005
rm_1        | 2021-01-27 08:17:30 INFO  RMContainerImpl:410 - container_1611735344827_0001_01_000003 Container Transitioned from ACQUIRED to RUNNING
nm_1        | 2021-01-27 08:17:42 INFO  ContainerImpl:1135 - Container container_1611735344827_0001_01_000005 transitioned from CONTAINER_CLEANEDUP_AFTER_KILL to DONE
rm_1        | 2021-01-27 08:17:33 INFO  RMContainerImpl:410 - container_1611735344827_0001_01_000003 Container Transitioned from RUNNING to COMPLETED
nm_1        | 2021-01-27 08:17:42 INFO  ApplicationImpl:347 - Removing container_1611735344827_0001_01_000005 from application application_1611735344827_0001
rm_1        | 2021-01-27 08:17:33 INFO  FiCaSchedulerApp:113 - Completed container: container_1611735344827_0001_01_000003 in state: COMPLETED event:FINISHED
rm_1        | 2021-01-27 08:17:33 INFO  RMAuditLogger:106 - USER=hadoop	OPERATION=AM Released Container	TARGET=SchedulerApp	RESULT=SUCCESS	APPID=application_1611735344827_0001	CONTAINERID=container_1611735344827_0001_01_000003
rm_1        | 2021-01-27 08:17:33 INFO  SchedulerNode:216 - Released container container_1611735344827_0001_01_000003 of capacity <memory:4096, vCores:1> on host nm:38197, which currently has 1 containers, <memory:2048, vCores:1> used and <memory:6144, vCores:7> available, release resources=true
nm_1        | 2021-01-27 08:17:42 INFO  ContainersMonitorImpl:196 - Neither virutal-memory nor physical-memory monitoring is needed. Not running the monitor-thread
rm_1        | 2021-01-27 08:17:33 INFO  LeafQueue:1707 - default used=<memory:2048, vCores:1> numContainers=1 user=hadoop user-resources=<memory:2048, vCores:1>
nm_1        | 2021-01-27 08:17:42 INFO  AuxServices:196 - Got event CONTAINER_STOP for appId application_1611735344827_0001
rm_1        | 2021-01-27 08:17:33 INFO  LeafQueue:1658 - completedContainer container=Container: [ContainerId: container_1611735344827_0001_01_000003, NodeId: nm:38197, NodeHttpAddress: nm:8042, Resource: <memory:4096, vCores:1>, Priority: 20, Token: Token { kind: ContainerToken, service: 172.21.0.5:38197 }, ] queue=default: capacity=1.0, absoluteCapacity=1.0, usedResources=<memory:2048, vCores:1>, usedCapacity=0.25, absoluteUsedCapacity=0.25, numApps=1, numContainers=1 cluster=<memory:8192, vCores:8>
nm_1        | 2021-01-27 08:17:50 INFO  ContainerLaunch:346 - Container container_1611735344827_0001_01_000001 succeeded 
rm_1        | 2021-01-27 08:17:33 INFO  ParentQueue:568 - completedContainer queue=root usedCapacity=0.25 absoluteUsedCapacity=0.25 used=<memory:2048, vCores:1> cluster=<memory:8192, vCores:8>
rm_1        | 2021-01-27 08:17:33 INFO  ParentQueue:585 - Re-sorting completed queue: root.default stats: default: capacity=1.0, absoluteCapacity=1.0, usedResources=<memory:2048, vCores:1>, usedCapacity=0.25, absoluteUsedCapacity=0.25, numApps=1, numContainers=1
rm_1        | 2021-01-27 08:17:33 INFO  CapacityScheduler:1419 - Application attempt appattempt_1611735344827_0001_000001 released container container_1611735344827_0001_01_000003 on node: host: nm:38197 #containers=1 available=<memory:6144, vCores:7> used=<memory:2048, vCores:1> with event: FINISHED
rm_1        | 2021-01-27 08:17:34 INFO  RMContainerImpl:410 - container_1611735344827_0001_01_000004 Container Transitioned from NEW to ALLOCATED
rm_1        | 2021-01-27 08:17:34 INFO  RMAuditLogger:106 - USER=hadoop	OPERATION=AM Allocated Container	TARGET=SchedulerApp	RESULT=SUCCESS	APPID=application_1611735344827_0001	CONTAINERID=container_1611735344827_0001_01_000004
rm_1        | 2021-01-27 08:17:34 INFO  SchedulerNode:153 - Assigned container container_1611735344827_0001_01_000004 of capacity <memory:4096, vCores:1> on host nm:38197, which has 2 containers, <memory:6144, vCores:2> used and <memory:2048, vCores:6> available after allocation
rm_1        | 2021-01-27 08:17:34 INFO  LeafQueue:1554 - assignedContainer application attempt=appattempt_1611735344827_0001_000001 container=Container: [ContainerId: container_1611735344827_0001_01_000004, NodeId: nm:38197, NodeHttpAddress: nm:8042, Resource: <memory:4096, vCores:1>, Priority: 20, Token: null, ] queue=default: capacity=1.0, absoluteCapacity=1.0, usedResources=<memory:2048, vCores:1>, usedCapacity=0.25, absoluteUsedCapacity=0.25, numApps=1, numContainers=1 clusterResource=<memory:8192, vCores:8> type=RACK_LOCAL
rm_1        | 2021-01-27 08:17:34 INFO  ParentQueue:523 - Re-sorting assigned queue: root.default stats: default: capacity=1.0, absoluteCapacity=1.0, usedResources=<memory:6144, vCores:2>, usedCapacity=0.75, absoluteUsedCapacity=0.75, numApps=1, numContainers=2
rm_1        | 2021-01-27 08:17:34 INFO  ParentQueue:420 - assignedContainer queue=root usedCapacity=0.75 absoluteUsedCapacity=0.75 used=<memory:6144, vCores:2> cluster=<memory:8192, vCores:8>
rm_1        | 2021-01-27 08:17:34 INFO  RMContainerImpl:410 - container_1611735344827_0001_01_000004 Container Transitioned from ALLOCATED to ACQUIRED
rm_1        | 2021-01-27 08:17:35 INFO  RMContainerImpl:410 - container_1611735344827_0001_01_000004 Container Transitioned from ACQUIRED to RUNNING
rm_1        | 2021-01-27 08:17:35 INFO  AppSchedulingInfo:181 - checking for deactivate of application :application_1611735344827_0001
rm_1        | 2021-01-27 08:17:38 INFO  RMContainerImpl:410 - container_1611735344827_0001_01_000004 Container Transitioned from RUNNING to COMPLETED
rm_1        | 2021-01-27 08:17:38 INFO  FiCaSchedulerApp:113 - Completed container: container_1611735344827_0001_01_000004 in state: COMPLETED event:FINISHED
rm_1        | 2021-01-27 08:17:38 INFO  RMAuditLogger:106 - USER=hadoop	OPERATION=AM Released Container	TARGET=SchedulerApp	RESULT=SUCCESS	APPID=application_1611735344827_0001	CONTAINERID=container_1611735344827_0001_01_000004
rm_1        | 2021-01-27 08:17:38 INFO  SchedulerNode:216 - Released container container_1611735344827_0001_01_000004 of capacity <memory:4096, vCores:1> on host nm:38197, which currently has 1 containers, <memory:2048, vCores:1> used and <memory:6144, vCores:7> available, release resources=true
rm_1        | 2021-01-27 08:17:38 INFO  LeafQueue:1707 - default used=<memory:2048, vCores:1> numContainers=1 user=hadoop user-resources=<memory:2048, vCores:1>
rm_1        | 2021-01-27 08:17:38 INFO  LeafQueue:1658 - completedContainer container=Container: [ContainerId: container_1611735344827_0001_01_000004, NodeId: nm:38197, NodeHttpAddress: nm:8042, Resource: <memory:4096, vCores:1>, Priority: 20, Token: Token { kind: ContainerToken, service: 172.21.0.5:38197 }, ] queue=default: capacity=1.0, absoluteCapacity=1.0, usedResources=<memory:2048, vCores:1>, usedCapacity=0.25, absoluteUsedCapacity=0.25, numApps=1, numContainers=1 cluster=<memory:8192, vCores:8>
rm_1        | 2021-01-27 08:17:38 INFO  ParentQueue:568 - completedContainer queue=root usedCapacity=0.25 absoluteUsedCapacity=0.25 used=<memory:2048, vCores:1> cluster=<memory:8192, vCores:8>
rm_1        | 2021-01-27 08:17:38 INFO  ParentQueue:585 - Re-sorting completed queue: root.default stats: default: capacity=1.0, absoluteCapacity=1.0, usedResources=<memory:2048, vCores:1>, usedCapacity=0.25, absoluteUsedCapacity=0.25, numApps=1, numContainers=1
rm_1        | 2021-01-27 08:17:38 INFO  CapacityScheduler:1419 - Application attempt appattempt_1611735344827_0001_000001 released container container_1611735344827_0001_01_000004 on node: host: nm:38197 #containers=1 available=<memory:6144, vCores:7> used=<memory:2048, vCores:1> with event: FINISHED
rm_1        | 2021-01-27 08:17:38 INFO  RMContainerImpl:410 - container_1611735344827_0001_01_000005 Container Transitioned from NEW to ALLOCATED
rm_1        | 2021-01-27 08:17:38 INFO  RMAuditLogger:106 - USER=hadoop	OPERATION=AM Allocated Container	TARGET=SchedulerApp	RESULT=SUCCESS	APPID=application_1611735344827_0001	CONTAINERID=container_1611735344827_0001_01_000005
rm_1        | 2021-01-27 08:17:38 INFO  SchedulerNode:153 - Assigned container container_1611735344827_0001_01_000005 of capacity <memory:4096, vCores:1> on host nm:38197, which has 2 containers, <memory:6144, vCores:2> used and <memory:2048, vCores:6> available after allocation
rm_1        | 2021-01-27 08:17:38 INFO  LeafQueue:1554 - assignedContainer application attempt=appattempt_1611735344827_0001_000001 container=Container: [ContainerId: container_1611735344827_0001_01_000005, NodeId: nm:38197, NodeHttpAddress: nm:8042, Resource: <memory:4096, vCores:1>, Priority: 10, Token: null, ] queue=default: capacity=1.0, absoluteCapacity=1.0, usedResources=<memory:2048, vCores:1>, usedCapacity=0.25, absoluteUsedCapacity=0.25, numApps=1, numContainers=1 clusterResource=<memory:8192, vCores:8> type=OFF_SWITCH
rm_1        | 2021-01-27 08:17:38 INFO  ParentQueue:523 - Re-sorting assigned queue: root.default stats: default: capacity=1.0, absoluteCapacity=1.0, usedResources=<memory:6144, vCores:2>, usedCapacity=0.75, absoluteUsedCapacity=0.75, numApps=1, numContainers=2
rm_1        | 2021-01-27 08:17:38 INFO  ParentQueue:420 - assignedContainer queue=root usedCapacity=0.75 absoluteUsedCapacity=0.75 used=<memory:6144, vCores:2> cluster=<memory:8192, vCores:8>
rm_1        | 2021-01-27 08:17:38 INFO  RMContainerImpl:410 - container_1611735344827_0001_01_000005 Container Transitioned from ALLOCATED to ACQUIRED
rm_1        | 2021-01-27 08:17:39 INFO  RMContainerImpl:410 - container_1611735344827_0001_01_000005 Container Transitioned from ACQUIRED to RUNNING
rm_1        | 2021-01-27 08:17:39 INFO  AppSchedulingInfo:181 - checking for deactivate of application :application_1611735344827_0001
rm_1        | 2021-01-27 08:17:42 INFO  RMContainerImpl:410 - container_1611735344827_0001_01_000005 Container Transitioned from RUNNING to COMPLETED
rm_1        | 2021-01-27 08:17:42 INFO  FiCaSchedulerApp:113 - Completed container: container_1611735344827_0001_01_000005 in state: COMPLETED event:FINISHED
rm_1        | 2021-01-27 08:17:42 INFO  RMAuditLogger:106 - USER=hadoop	OPERATION=AM Released Container	TARGET=SchedulerApp	RESULT=SUCCESS	APPID=application_1611735344827_0001	CONTAINERID=container_1611735344827_0001_01_000005
rm_1        | 2021-01-27 08:17:42 INFO  SchedulerNode:216 - Released container container_1611735344827_0001_01_000005 of capacity <memory:4096, vCores:1> on host nm:38197, which currently has 1 containers, <memory:2048, vCores:1> used and <memory:6144, vCores:7> available, release resources=true
rm_1        | 2021-01-27 08:17:42 INFO  LeafQueue:1707 - default used=<memory:2048, vCores:1> numContainers=1 user=hadoop user-resources=<memory:2048, vCores:1>
rm_1        | 2021-01-27 08:17:42 INFO  LeafQueue:1658 - completedContainer container=Container: [ContainerId: container_1611735344827_0001_01_000005, NodeId: nm:38197, NodeHttpAddress: nm:8042, Resource: <memory:4096, vCores:1>, Priority: 10, Token: Token { kind: ContainerToken, service: 172.21.0.5:38197 }, ] queue=default: capacity=1.0, absoluteCapacity=1.0, usedResources=<memory:2048, vCores:1>, usedCapacity=0.25, absoluteUsedCapacity=0.25, numApps=1, numContainers=1 cluster=<memory:8192, vCores:8>
rm_1        | 2021-01-27 08:17:42 INFO  ParentQueue:568 - completedContainer queue=root usedCapacity=0.25 absoluteUsedCapacity=0.25 used=<memory:2048, vCores:1> cluster=<memory:8192, vCores:8>
nm_1        | 2021-01-27 08:17:50 INFO  ContainerImpl:1135 - Container container_1611735344827_0001_01_000001 transitioned from RUNNING to EXITED_WITH_SUCCESS
rm_1        | 2021-01-27 08:17:42 INFO  ParentQueue:585 - Re-sorting completed queue: root.default stats: default: capacity=1.0, absoluteCapacity=1.0, usedResources=<memory:2048, vCores:1>, usedCapacity=0.25, absoluteUsedCapacity=0.25, numApps=1, numContainers=1
nm_1        | 2021-01-27 08:17:50 INFO  ContainerLaunch:370 - Cleaning up container container_1611735344827_0001_01_000001
rm_1        | 2021-01-27 08:17:42 INFO  CapacityScheduler:1419 - Application attempt appattempt_1611735344827_0001_000001 released container container_1611735344827_0001_01_000005 on node: host: nm:38197 #containers=1 available=<memory:6144, vCores:7> used=<memory:2048, vCores:1> with event: FINISHED
nm_1        | 2021-01-27 08:17:50 INFO  NMAuditLogger:89 - USER=hadoop	OPERATION=Container Finished - Succeeded	TARGET=ContainerImpl	RESULT=SUCCESS	APPID=application_1611735344827_0001	CONTAINERID=container_1611735344827_0001_01_000001
rm_1        | 2021-01-27 08:17:43 INFO  RMAppAttemptImpl:1206 - Updating application attempt appattempt_1611735344827_0001_000001 with final state: FINISHING, and exit status: -1000
nm_1        | 2021-01-27 08:17:50 INFO  ContainerImpl:1135 - Container container_1611735344827_0001_01_000001 transitioned from EXITED_WITH_SUCCESS to DONE
rm_1        | 2021-01-27 08:17:43 INFO  RMAppAttemptImpl:813 - appattempt_1611735344827_0001_000001 State change from RUNNING to FINAL_SAVING
nm_1        | 2021-01-27 08:17:50 INFO  ApplicationImpl:347 - Removing container_1611735344827_0001_01_000001 from application application_1611735344827_0001
rm_1        | 2021-01-27 08:17:43 INFO  RMAppImpl:993 - Updating application application_1611735344827_0001 with final state: FINISHING
nm_1        | 2021-01-27 08:17:50 INFO  ContainersMonitorImpl:196 - Neither virutal-memory nor physical-memory monitoring is needed. Not running the monitor-thread
rm_1        | 2021-01-27 08:17:43 INFO  RMAppImpl:715 - application_1611735344827_0001 State change from RUNNING to FINAL_SAVING
nm_1        | 2021-01-27 08:17:50 INFO  AuxServices:196 - Got event CONTAINER_STOP for appId application_1611735344827_0001
rm_1        | 2021-01-27 08:17:43 INFO  RMStateStore:223 - Updating info for app: application_1611735344827_0001
nm_1        | 2021-01-27 08:17:50 INFO  Server:1316 - Auth successful for appattempt_1611735344827_0001_000001 (auth:SIMPLE)
rm_1        | 2021-01-27 08:17:43 INFO  RMAppAttemptImpl:813 - appattempt_1611735344827_0001_000001 State change from FINAL_SAVING to FINISHING
nm_1        | 2021-01-27 08:17:50 INFO  ContainerManagerImpl:960 - Stopping container with container Id: container_1611735344827_0001_01_000001
rm_1        | 2021-01-27 08:17:43 INFO  RMAppImpl:715 - application_1611735344827_0001 State change from FINAL_SAVING to FINISHING
nm_1        | 2021-01-27 08:17:50 INFO  NMAuditLogger:89 - USER=hadoop	IP=172.21.0.8	OPERATION=Stop Container Request	TARGET=ContainerManageImpl	RESULT=SUCCESS	APPID=application_1611735344827_0001	CONTAINERID=container_1611735344827_0001_01_000001
nm_1        | 2021-01-27 08:17:51 INFO  NodeStatusUpdaterImpl:490 - Removed completed containers from NM context: [container_1611735344827_0001_01_000001]
nm_1        | 2021-01-27 08:17:51 INFO  ApplicationImpl:464 - Application application_1611735344827_0001 transitioned from RUNNING to APPLICATION_RESOURCES_CLEANINGUP
nm_1        | 2021-01-27 08:17:51 INFO  AuxServices:196 - Got event APPLICATION_STOP for appId application_1611735344827_0001
nm_1        | 2021-01-27 08:17:51 INFO  ApplicationImpl:464 - Application application_1611735344827_0001 transitioned from APPLICATION_RESOURCES_CLEANINGUP to FINISHED
nm_1        | 2021-01-27 08:17:51 INFO  NonAggregatingLogHandler:167 - Scheduling Log Deletion for application: application_1611735344827_0001, with delay of 10800 seconds
nm_1        | 2021-01-27 08:17:53 INFO  Server:1316 - Auth successful for appattempt_1611735344827_0002_000001 (auth:SIMPLE)
nm_1        | 2021-01-27 08:17:53 INFO  ContainerManagerImpl:810 - Start request for container_1611735344827_0002_01_000001 by user hadoop
nm_1        | 2021-01-27 08:17:53 INFO  ContainerManagerImpl:850 - Creating a new application reference for app application_1611735344827_0002
nm_1        | 2021-01-27 08:17:53 INFO  NMAuditLogger:89 - USER=hadoop	IP=172.21.0.8	OPERATION=Start Container Request	TARGET=ContainerManageImpl	RESULT=SUCCESS	APPID=application_1611735344827_0002	CONTAINERID=container_1611735344827_0002_01_000001
nm_1        | 2021-01-27 08:17:53 INFO  ApplicationImpl:464 - Application application_1611735344827_0002 transitioned from NEW to INITING
nm_1        | 2021-01-27 08:17:53 INFO  ApplicationImpl:304 - Adding container_1611735344827_0002_01_000001 to application application_1611735344827_0002
nm_1        | 2021-01-27 08:17:53 INFO  ApplicationImpl:464 - Application application_1611735344827_0002 transitioned from INITING to RUNNING
nm_1        | 2021-01-27 08:17:53 INFO  ContainerImpl:1135 - Container container_1611735344827_0002_01_000001 transitioned from NEW to LOCALIZING
nm_1        | 2021-01-27 08:17:53 INFO  AuxServices:196 - Got event CONTAINER_INIT for appId application_1611735344827_0002
nm_1        | 2021-01-27 08:17:53 INFO  LocalizedResource:203 - Resource o3fs://bucket1.volume1.om/user/hadoop/.staging/job_1611735344827_0002/job.splitmetainfo transitioned from INIT to DOWNLOADING
nm_1        | 2021-01-27 08:17:53 INFO  LocalizedResource:203 - Resource o3fs://bucket1.volume1.om/user/hadoop/.staging/job_1611735344827_0002/job.jar transitioned from INIT to DOWNLOADING
nm_1        | 2021-01-27 08:17:53 INFO  LocalizedResource:203 - Resource o3fs://bucket1.volume1.om/user/hadoop/.staging/job_1611735344827_0002/job.split transitioned from INIT to DOWNLOADING
nm_1        | 2021-01-27 08:17:53 INFO  LocalizedResource:203 - Resource o3fs://bucket1.volume1.om/user/hadoop/.staging/job_1611735344827_0002/job.xml transitioned from INIT to DOWNLOADING
nm_1        | 2021-01-27 08:17:53 INFO  ResourceLocalizationService:711 - Created localizer for container_1611735344827_0002_01_000001
nm_1        | 2021-01-27 08:17:53 INFO  ResourceLocalizationService:1191 - Writing credentials to the nmPrivate file /tmp/hadoop-hadoop/nm-local-dir/nmPrivate/container_1611735344827_0002_01_000001.tokens. Credentials list: 
nm_1        | 2021-01-27 08:17:53 INFO  DefaultContainerExecutor:612 - Initializing user hadoop
nm_1        | 2021-01-27 08:17:53 INFO  DefaultContainerExecutor:117 - Copying from /tmp/hadoop-hadoop/nm-local-dir/nmPrivate/container_1611735344827_0002_01_000001.tokens to /tmp/hadoop-hadoop/nm-local-dir/usercache/hadoop/appcache/application_1611735344827_0002/container_1611735344827_0002_01_000001.tokens
nm_1        | 2021-01-27 08:17:53 INFO  DefaultContainerExecutor:124 - Localizer CWD set to /tmp/hadoop-hadoop/nm-local-dir/usercache/hadoop/appcache/application_1611735344827_0002 = file:/tmp/hadoop-hadoop/nm-local-dir/usercache/hadoop/appcache/application_1611735344827_0002
nm_1        | Jan 27, 2021 8:17:53 AM org.apache.ratis.thirdparty.io.grpc.internal.ManagedChannelOrphanWrapper$ManagedChannelReference cleanQueue
nm_1        | SEVERE: *~*~*~ Channel ManagedChannelImpl{logId=13, target=172.21.0.2:9859} was not shutdown properly!!! ~*~*~*
nm_1        |     Make sure to call shutdown()/shutdownNow() and wait until awaitTermination() returns true.
nm_1        | java.lang.RuntimeException: ManagedChannel allocation site
nm_1        | 	at org.apache.ratis.thirdparty.io.grpc.internal.ManagedChannelOrphanWrapper$ManagedChannelReference.<init>(ManagedChannelOrphanWrapper.java:93)
nm_1        | 	at org.apache.ratis.thirdparty.io.grpc.internal.ManagedChannelOrphanWrapper.<init>(ManagedChannelOrphanWrapper.java:53)
nm_1        | 	at org.apache.ratis.thirdparty.io.grpc.internal.ManagedChannelOrphanWrapper.<init>(ManagedChannelOrphanWrapper.java:44)
nm_1        | 	at org.apache.ratis.thirdparty.io.grpc.internal.AbstractManagedChannelImplBuilder.build(AbstractManagedChannelImplBuilder.java:518)
nm_1        | 	at org.apache.hadoop.hdds.scm.XceiverClientGrpc.connectToDatanode(XceiverClientGrpc.java:193)
nm_1        | 	at org.apache.hadoop.hdds.scm.XceiverClientGrpc.reconnect(XceiverClientGrpc.java:543)
nm_1        | 	at org.apache.hadoop.hdds.scm.XceiverClientGrpc.checkOpen(XceiverClientGrpc.java:534)
nm_1        | 	at org.apache.hadoop.hdds.scm.XceiverClientGrpc.sendCommandAsync(XceiverClientGrpc.java:462)
rm_1        | 2021-01-27 08:17:44 INFO  ApplicationMasterService:354 - application_1611735344827_0001 unregistered successfully. 
nm_1        | 	at org.apache.hadoop.hdds.scm.XceiverClientGrpc.sendCommandWithRetry(XceiverClientGrpc.java:371)
rm_1        | 2021-01-27 08:17:47 INFO  ClientRMService:289 - Allocated new applicationId: 2
nm_1        | 	at org.apache.hadoop.hdds.scm.XceiverClientGrpc.lambda$sendCommandWithTraceIDAndRetry$0(XceiverClientGrpc.java:311)
rm_1        | 2021-01-27 08:17:50 INFO  RMContainerImpl:410 - container_1611735344827_0001_01_000001 Container Transitioned from RUNNING to COMPLETED
nm_1        | 	at org.apache.hadoop.hdds.tracing.TracingUtil.executeInSpan(TracingUtil.java:174)
rm_1        | 2021-01-27 08:17:50 INFO  FiCaSchedulerApp:113 - Completed container: container_1611735344827_0001_01_000001 in state: COMPLETED event:FINISHED
nm_1        | 	at org.apache.hadoop.hdds.tracing.TracingUtil.executeInNewSpan(TracingUtil.java:148)
rm_1        | 2021-01-27 08:17:50 INFO  ApplicationMasterService:684 - Unregistering app attempt : appattempt_1611735344827_0001_000001
rm_1        | 2021-01-27 08:17:50 INFO  RMAuditLogger:106 - USER=hadoop	OPERATION=AM Released Container	TARGET=SchedulerApp	RESULT=SUCCESS	APPID=application_1611735344827_0001	CONTAINERID=container_1611735344827_0001_01_000001
rm_1        | 2021-01-27 08:17:50 INFO  SchedulerNode:216 - Released container container_1611735344827_0001_01_000001 of capacity <memory:2048, vCores:1> on host nm:38197, which currently has 0 containers, <memory:0, vCores:0> used and <memory:8192, vCores:8> available, release resources=true
rm_1        | 2021-01-27 08:17:50 INFO  LeafQueue:1707 - default used=<memory:0, vCores:0> numContainers=0 user=hadoop user-resources=<memory:0, vCores:0>
rm_1        | 2021-01-27 08:17:50 INFO  LeafQueue:1658 - completedContainer container=Container: [ContainerId: container_1611735344827_0001_01_000001, NodeId: nm:38197, NodeHttpAddress: nm:8042, Resource: <memory:2048, vCores:1>, Priority: 0, Token: Token { kind: ContainerToken, service: 172.21.0.5:38197 }, ] queue=default: capacity=1.0, absoluteCapacity=1.0, usedResources=<memory:0, vCores:0>, usedCapacity=0.0, absoluteUsedCapacity=0.0, numApps=1, numContainers=0 cluster=<memory:8192, vCores:8>
rm_1        | 2021-01-27 08:17:50 INFO  ParentQueue:568 - completedContainer queue=root usedCapacity=0.0 absoluteUsedCapacity=0.0 used=<memory:0, vCores:0> cluster=<memory:8192, vCores:8>
rm_1        | 2021-01-27 08:17:50 INFO  ParentQueue:585 - Re-sorting completed queue: root.default stats: default: capacity=1.0, absoluteCapacity=1.0, usedResources=<memory:0, vCores:0>, usedCapacity=0.0, absoluteUsedCapacity=0.0, numApps=1, numContainers=0
rm_1        | 2021-01-27 08:17:50 INFO  AMRMTokenSecretManager:124 - Application finished, removing password for appattempt_1611735344827_0001_000001
rm_1        | 2021-01-27 08:17:50 INFO  CapacityScheduler:1419 - Application attempt appattempt_1611735344827_0001_000001 released container container_1611735344827_0001_01_000001 on node: host: nm:38197 #containers=0 available=<memory:8192, vCores:8> used=<memory:0, vCores:0> with event: FINISHED
rm_1        | 2021-01-27 08:17:50 INFO  RMAppAttemptImpl:813 - appattempt_1611735344827_0001_000001 State change from FINISHING to FINISHED
rm_1        | 2021-01-27 08:17:50 INFO  RMAppImpl:715 - application_1611735344827_0001 State change from FINISHING to FINISHED
rm_1        | 2021-01-27 08:17:50 INFO  CapacityScheduler:882 - Application Attempt appattempt_1611735344827_0001_000001 is done. finalState=FINISHED
rm_1        | 2021-01-27 08:17:50 INFO  AppSchedulingInfo:117 - Application application_1611735344827_0001 requests cleared
rm_1        | 2021-01-27 08:17:50 INFO  LeafQueue:729 - Application removed - appId: application_1611735344827_0001 user: hadoop queue: default #user-pending-applications: 0 #user-active-applications: 0 #queue-pending-applications: 0 #queue-active-applications: 0
rm_1        | 2021-01-27 08:17:50 INFO  ParentQueue:370 - Application removed - appId: application_1611735344827_0001 user: hadoop leaf-queue of parent: root #applications: 0
rm_1        | 2021-01-27 08:17:50 INFO  AMLauncher:263 - Cleaning master appattempt_1611735344827_0001_000001
rm_1        | 2021-01-27 08:17:50 INFO  RMAuditLogger:148 - USER=hadoop	OPERATION=Application Finished - Succeeded	TARGET=RMAppManager	RESULT=SUCCESS	APPID=application_1611735344827_0001
