datanode1_1  | 2021-01-27 08:54:08,865 [pool-20-thread-1] INFO server.RaftServerConfigKeys: raft.server.leaderelection.leader.step-down.wait-time = 10s (default)
datanode3_1  | 2021-01-27 08:54:08,998 [pool-20-thread-1] INFO server.RaftServerConfigKeys: raft.server.log.appender.install.snapshot.enabled = false (custom)
om2_1        | Sleeping for 5 seconds
om2_1        | Setting up kerberos!!
kdc_1        | Jan 27 08:52:45 kdc kadmind[24](Notice): Request: kadm5_randkey_principal, HTTP/om2@EXAMPLE.COM, success, client=admin/admin@EXAMPLE.COM, service=kadmin/admin@EXAMPLE.COM, addr=127.0.0.1
kms_1        | 
kms_1        | [logging]
kms_1        |  default = FILE:/var/log/krb5libs.log
datanode3_1  | 2021-01-27 08:54:08,998 [pool-20-thread-1] INFO server.RaftServer$Division: 01a48d57-5629-40bc-9b2f-d69ef5d18c06@group-E621482EBE8D: ConfigurationManager, init=-1: [0bfab1d7-5e9e-40aa-b4a6-4fd54fef83c7|rpc:172.25.0.103:9858|admin:|client:|dataStream:|priority:1, 01a48d57-5629-40bc-9b2f-d69ef5d18c06|rpc:172.25.0.104:9858|admin:|client:|dataStream:|priority:0, e2074b7a-c680-4e89-b810-1d6a1d2faa74|rpc:172.25.0.102:9858|admin:|client:|dataStream:|priority:0], old=null, confs=<EMPTY_MAP>
om2_1        | KDC ISSUER_SERVER => kdc:8081
kdc_1        | Jan 27 08:52:45 kdc kadmind[24](Notice): Request: kadm5_get_principal, HTTP/om2@EXAMPLE.COM, success, client=admin/admin@EXAMPLE.COM, service=kadmin/admin@EXAMPLE.COM, addr=127.0.0.1
kdc_1        | Jan 27 08:52:45 kdc kadmind[24](info): closing down fd 18
datanode2_1  | 2021-01-27 08:54:29,105 [pool-20-thread-1] INFO util.JmxRegister: Successfully registered JMX Bean with object name Ratis:service=RaftServer,group=group-3248BC301E65,id=0bfab1d7-5e9e-40aa-b4a6-4fd54fef83c7
kms_1        |  kdc = FILE:/var/log/krb5kdc.log
om2_1        | Sleeping for 5 seconds
kdc_1        | Generating keytab
datanode3_1  | 2021-01-27 08:54:08,999 [pool-20-thread-1] INFO server.RaftServerConfigKeys: raft.server.storage.dir = [/data/metadata/ratis] (custom)
datanode3_1  | 2021-01-27 08:54:08,999 [pool-20-thread-1] INFO server.RaftServerConfigKeys: raft.server.log.corruption.policy = EXCEPTION (default)
datanode2_1  | 2021-01-27 08:54:29,123 [pool-20-thread-1] INFO metrics.RatisMetrics: Creating Metrics Registry : ratis.state_machine.0bfab1d7-5e9e-40aa-b4a6-4fd54fef83c7@group-3248BC301E65
om2_1        | Got 200, KDC service ready!!
kdc_1        | Authenticating as principal admin/admin with keytab /tmp/admin.keytab.
kms_1        |  admin_server = FILE:/var/log/kadmind.log
kms_1        | 
datanode2_1  | 2021-01-27 08:54:29,144 [Command processor thread] INFO commandhandler.CreatePipelineCommandHandler: Created Pipeline RATIS ONE PipelineID=cbc2d9c3-6e7c-4e2d-97f6-3248bc301e65.
om2_1        | Download om/om2@EXAMPLE.COM keytab file to /etc/security/keytabs/om.keytab
kdc_1        | WARNING: no policy specified for dn/3d5c3aaae39f@EXAMPLE.COM; defaulting to no policy
datanode3_1  | 2021-01-27 08:54:08,999 [pool-20-thread-1] INFO storage.RaftStorageDirectory: The storage directory /data/metadata/ratis/36ce2787-8d79-4f83-9872-e621482ebe8d does not exist. Creating ...
datanode3_1  | 2021-01-27 08:54:09,004 [pool-20-thread-1] INFO storage.RaftStorageDirectory: Lock on /data/metadata/ratis/36ce2787-8d79-4f83-9872-e621482ebe8d/in_use.lock acquired by nodename 6@216945ce4c1b
datanode2_1  | 2021-01-27 08:54:34,151 [Thread-51] INFO impl.FollowerState: 0bfab1d7-5e9e-40aa-b4a6-4fd54fef83c7@group-3248BC301E65-FollowerState: change to CANDIDATE, lastRpcElapsedTime:5066600650ns, electionTimeout:5026ms
datanode2_1  | 2021-01-27 08:54:34,152 [Thread-51] INFO impl.RoleInfo: 0bfab1d7-5e9e-40aa-b4a6-4fd54fef83c7: shutdown 0bfab1d7-5e9e-40aa-b4a6-4fd54fef83c7@group-3248BC301E65-FollowerState
kdc_1        | Principal "dn/3d5c3aaae39f@EXAMPLE.COM" created.
kms_1        | [libdefaults]
kms_1        |  dns_canonicalize_hostname = false
om2_1        | --2021-01-27 08:52:45--  http://kdc:8081/keytab/om2/om
om2_1        | Resolving kdc (kdc)... 172.25.0.100
om2_1        | Connecting to kdc (kdc)|172.25.0.100|:8081... connected.
om2_1        | HTTP request sent, awaiting response... 200 OK
om2_1        | Length: 140 [application/octet-stream]
om2_1        | Saving to: '/etc/security/keytabs/om.keytab'
om2_1        | 
om2_1        |      0K                                                       100% 24.7M=0s
om2_1        | 
om2_1        | 2021-01-27 08:52:45 (24.7 MB/s) - '/etc/security/keytabs/om.keytab' saved [140/140]
om2_1        | 
om2_1        | Keytab name: FILE:/etc/security/keytabs/om.keytab
om2_1        | KVNO Timestamp         Principal
om2_1        | ---- ----------------- --------------------------------------------------------
om2_1        |    2 01/27/21 08:52:45 om/om2@EXAMPLE.COM
om2_1        |    2 01/27/21 08:52:45 om/om2@EXAMPLE.COM
datanode1_1  | 2021-01-27 08:54:08,865 [pool-20-thread-1] INFO server.RaftServerConfigKeys: raft.server.sleep.deviation.threshold = 300ms (default)
datanode1_1  | 2021-01-27 08:54:08,866 [pool-20-thread-1] INFO server.RaftServerConfigKeys: raft.server.log.appender.install.snapshot.enabled = false (custom)
datanode1_1  | 2021-01-27 08:54:08,866 [pool-20-thread-1] INFO server.RaftServer$Division: e2074b7a-c680-4e89-b810-1d6a1d2faa74@group-E621482EBE8D: ConfigurationManager, init=-1: [0bfab1d7-5e9e-40aa-b4a6-4fd54fef83c7|rpc:172.25.0.103:9858|priority:1, 01a48d57-5629-40bc-9b2f-d69ef5d18c06|rpc:172.25.0.104:9858|priority:0, e2074b7a-c680-4e89-b810-1d6a1d2faa74|rpc:172.25.0.102:9858|priority:0], old=null, confs=<EMPTY_MAP>
datanode1_1  | 2021-01-27 08:54:08,866 [pool-20-thread-1] INFO server.RaftServerConfigKeys: raft.server.storage.dir = [/data/metadata/ratis] (custom)
datanode1_1  | 2021-01-27 08:54:08,866 [pool-20-thread-1] INFO server.RaftServerConfigKeys: raft.server.log.corruption.policy = EXCEPTION (default)
datanode1_1  | 2021-01-27 08:54:08,866 [pool-20-thread-1] INFO storage.RaftStorageDirectory: The storage directory /data/metadata/ratis/36ce2787-8d79-4f83-9872-e621482ebe8d does not exist. Creating ...
datanode1_1  | 2021-01-27 08:54:08,868 [pool-20-thread-1] INFO storage.RaftStorageDirectory: Lock on /data/metadata/ratis/36ce2787-8d79-4f83-9872-e621482ebe8d/in_use.lock acquired by nodename 7@3d5c3aaae39f
datanode1_1  | 2021-01-27 08:54:08,871 [pool-20-thread-1] INFO storage.RaftStorage: Storage directory /data/metadata/ratis/36ce2787-8d79-4f83-9872-e621482ebe8d has been successfully formatted.
datanode1_1  | 2021-01-27 08:54:08,875 [pool-20-thread-1] INFO ratis.ContainerStateMachine: group-E621482EBE8D: The snapshot info is null. Setting the last applied indexto:(t:0, i:~)
datanode1_1  | 2021-01-27 08:54:08,877 [pool-20-thread-1] ERROR storage.RaftStorage: Failed reading configuration from file:/data/metadata/ratis/36ce2787-8d79-4f83-9872-e621482ebe8d/current/raft-meta.conf
datanode1_1  | java.io.FileNotFoundException: /data/metadata/ratis/36ce2787-8d79-4f83-9872-e621482ebe8d/current/raft-meta.conf (No such file or directory)
datanode1_1  | 	at java.base/java.io.FileInputStream.open0(Native Method)
datanode1_1  | 	at java.base/java.io.FileInputStream.open(FileInputStream.java:219)
datanode1_1  | 	at java.base/java.io.FileInputStream.<init>(FileInputStream.java:157)
datanode1_1  | 	at org.apache.ratis.server.storage.RaftStorageImpl.readRaftConfiguration(RaftStorageImpl.java:143)
datanode1_1  | 	at org.apache.ratis.server.impl.ServerState.<init>(ServerState.java:122)
datanode1_1  | 	at org.apache.ratis.server.impl.RaftServerImpl.<init>(RaftServerImpl.java:193)
datanode1_1  | 	at org.apache.ratis.server.impl.RaftServerProxy.lambda$newRaftServerImpl$4(RaftServerProxy.java:266)
datanode1_1  | 	at java.base/java.util.concurrent.CompletableFuture$AsyncSupply.run(CompletableFuture.java:1700)
datanode1_1  | 	at java.base/java.util.concurrent.ThreadPoolExecutor.runWorker(ThreadPoolExecutor.java:1128)
datanode1_1  | 	at java.base/java.util.concurrent.ThreadPoolExecutor$Worker.run(ThreadPoolExecutor.java:628)
datanode1_1  | 	at java.base/java.lang.Thread.run(Thread.java:834)
datanode1_1  | 2021-01-27 08:54:08,882 [pool-20-thread-1] INFO server.RaftServerConfigKeys: raft.server.notification.no-leader.timeout = 300s (custom)
datanode1_1  | 2021-01-27 08:54:08,882 [pool-20-thread-1] INFO server.RaftServerConfigKeys: raft.server.log.use.memory = false (default)
datanode1_1  | 2021-01-27 08:54:08,882 [pool-20-thread-1] INFO server.RaftServerConfigKeys: raft.server.log.purge.gap = 1000000 (custom)
datanode1_1  | 2021-01-27 08:54:08,882 [pool-20-thread-1] INFO server.RaftServerConfigKeys: raft.server.log.appender.buffer.byte-limit = 33554432 (custom)
datanode1_1  | 2021-01-27 08:54:08,882 [pool-20-thread-1] INFO metrics.RatisMetrics: Creating Metrics Registry : ratis.log_worker.e2074b7a-c680-4e89-b810-1d6a1d2faa74@group-E621482EBE8D
datanode1_1  | 2021-01-27 08:54:08,889 [pool-20-thread-1] INFO server.RaftServerConfigKeys: raft.server.log.segment.size.max = 1048576 (custom)
datanode1_1  | 2021-01-27 08:54:08,892 [pool-20-thread-1] INFO server.RaftServerConfigKeys: raft.server.log.segment.cache.num.max = 2 (custom)
datanode1_1  | 2021-01-27 08:54:08,893 [pool-20-thread-1] INFO server.RaftServerConfigKeys: raft.server.log.segment.cache.size.max = 200MB (=209715200) (default)
datanode1_1  | 2021-01-27 08:54:08,910 [pool-20-thread-1] INFO segmented.SegmentedRaftLogWorker: new e2074b7a-c680-4e89-b810-1d6a1d2faa74@group-E621482EBE8D-SegmentedRaftLogWorker for RaftStorageImpl:Storage Directory /data/metadata/ratis/36ce2787-8d79-4f83-9872-e621482ebe8d
datanode1_1  | 2021-01-27 08:54:08,910 [pool-20-thread-1] INFO server.RaftServerConfigKeys: raft.server.log.queue.byte-limit = 2147483647 (custom)
datanode1_1  | 2021-01-27 08:54:08,910 [pool-20-thread-1] INFO server.RaftServerConfigKeys: raft.server.log.queue.element-limit = 1024 (custom)
datanode1_1  | 2021-01-27 08:54:08,910 [pool-20-thread-1] INFO server.RaftServerConfigKeys: raft.server.log.segment.size.max = 1048576 (custom)
datanode1_1  | 2021-01-27 08:54:08,910 [pool-20-thread-1] INFO server.RaftServerConfigKeys: raft.server.log.preallocated.size = 16384 (custom)
datanode1_1  | 2021-01-27 08:54:08,911 [pool-20-thread-1] INFO server.RaftServerConfigKeys: raft.server.log.force.sync.num = 128 (default)
datanode1_1  | 2021-01-27 08:54:08,911 [pool-20-thread-1] INFO server.RaftServerConfigKeys: raft.server.log.statemachine.data.sync = true (default)
datanode1_1  | 2021-01-27 08:54:08,911 [pool-20-thread-1] INFO server.RaftServerConfigKeys: raft.server.log.statemachine.data.sync.timeout = 10s (default)
datanode1_1  | 2021-01-27 08:54:08,911 [pool-20-thread-1] INFO server.RaftServerConfigKeys: raft.server.log.statemachine.data.sync.timeout.retry = -1 (default)
datanode1_1  | 2021-01-27 08:54:08,912 [pool-20-thread-1] INFO server.RaftServerConfigKeys: raft.server.log.write.buffer.size = 1048576 (custom)
datanode1_1  | 2021-01-27 08:54:08,914 [pool-20-thread-1] INFO server.RaftServerConfigKeys: raft.server.log.statemachine.data.caching.enabled = true (custom)
datanode1_1  | 2021-01-27 08:54:08,921 [pool-20-thread-1] INFO segmented.SegmentedRaftLogWorker: e2074b7a-c680-4e89-b810-1d6a1d2faa74@group-E621482EBE8D-SegmentedRaftLogWorker: flushIndex: setUnconditionally 0 -> -1
datanode1_1  | 2021-01-27 08:54:08,921 [pool-20-thread-1] INFO segmented.SegmentedRaftLogWorker: e2074b7a-c680-4e89-b810-1d6a1d2faa74@group-E621482EBE8D-SegmentedRaftLogWorker: safeCacheEvictIndex: setUnconditionally 0 -> -1
datanode1_1  | 2021-01-27 08:54:08,932 [pool-20-thread-1] INFO server.RaftServerConfigKeys: raft.server.snapshot.auto.trigger.enabled = true (custom)
datanode1_1  | 2021-01-27 08:54:08,932 [pool-20-thread-1] INFO server.RaftServerConfigKeys: raft.server.snapshot.auto.trigger.threshold = 10000 (custom)
datanode3_1  | 2021-01-27 08:54:09,015 [pool-20-thread-1] INFO storage.RaftStorage: Storage directory /data/metadata/ratis/36ce2787-8d79-4f83-9872-e621482ebe8d has been successfully formatted.
datanode3_1  | 2021-01-27 08:54:09,017 [pool-20-thread-1] INFO ratis.ContainerStateMachine: group-E621482EBE8D: The snapshot info is null. Setting the last applied indexto:(t:0, i:~)
datanode2_1  | 2021-01-27 08:54:34,152 [Thread-51] INFO server.RaftServer$Division: 0bfab1d7-5e9e-40aa-b4a6-4fd54fef83c7@group-3248BC301E65: changes role from  FOLLOWER to CANDIDATE at term 0 for changeToCandidate
datanode2_1  | 2021-01-27 08:54:34,152 [Thread-51] INFO impl.RoleInfo: 0bfab1d7-5e9e-40aa-b4a6-4fd54fef83c7: start 0bfab1d7-5e9e-40aa-b4a6-4fd54fef83c7@group-3248BC301E65-LeaderElection2
datanode2_1  | 2021-01-27 08:54:34,157 [0bfab1d7-5e9e-40aa-b4a6-4fd54fef83c7@group-3248BC301E65-LeaderElection2] INFO impl.LeaderElection: 0bfab1d7-5e9e-40aa-b4a6-4fd54fef83c7@group-3248BC301E65-LeaderElection2 PRE_VOTE round 0: submit vote requests at term 0 for -1: [0bfab1d7-5e9e-40aa-b4a6-4fd54fef83c7|rpc:172.25.0.103:9858|priority:1], old=null
datanode2_1  | 2021-01-27 08:54:34,158 [0bfab1d7-5e9e-40aa-b4a6-4fd54fef83c7@group-3248BC301E65-LeaderElection2] INFO impl.LeaderElection: 0bfab1d7-5e9e-40aa-b4a6-4fd54fef83c7@group-3248BC301E65-LeaderElection2 PRE_VOTE round 0: result PASSED (term=0)
datanode2_1  | 2021-01-27 08:54:34,160 [0bfab1d7-5e9e-40aa-b4a6-4fd54fef83c7@group-3248BC301E65-LeaderElection2] INFO impl.LeaderElection: 0bfab1d7-5e9e-40aa-b4a6-4fd54fef83c7@group-3248BC301E65-LeaderElection2 ELECTION round 0: submit vote requests at term 1 for -1: [0bfab1d7-5e9e-40aa-b4a6-4fd54fef83c7|rpc:172.25.0.103:9858|priority:1], old=null
datanode2_1  | 2021-01-27 08:54:34,160 [0bfab1d7-5e9e-40aa-b4a6-4fd54fef83c7@group-3248BC301E65-LeaderElection2] INFO impl.LeaderElection: 0bfab1d7-5e9e-40aa-b4a6-4fd54fef83c7@group-3248BC301E65-LeaderElection2 ELECTION round 0: result PASSED (term=1)
datanode2_1  | 2021-01-27 08:54:34,160 [0bfab1d7-5e9e-40aa-b4a6-4fd54fef83c7@group-3248BC301E65-LeaderElection2] INFO impl.RoleInfo: 0bfab1d7-5e9e-40aa-b4a6-4fd54fef83c7: shutdown 0bfab1d7-5e9e-40aa-b4a6-4fd54fef83c7@group-3248BC301E65-LeaderElection2
datanode2_1  | 2021-01-27 08:54:34,161 [0bfab1d7-5e9e-40aa-b4a6-4fd54fef83c7@group-3248BC301E65-LeaderElection2] INFO server.RaftServer$Division: 0bfab1d7-5e9e-40aa-b4a6-4fd54fef83c7@group-3248BC301E65: changes role from CANDIDATE to LEADER at term 1 for changeToLeader
datanode2_1  | 2021-01-27 08:54:34,161 [0bfab1d7-5e9e-40aa-b4a6-4fd54fef83c7@group-3248BC301E65-LeaderElection2] INFO ratis.XceiverServerRatis: Leader change notification received for group: group-3248BC301E65 with new leaderId: 0bfab1d7-5e9e-40aa-b4a6-4fd54fef83c7
datanode2_1  | 2021-01-27 08:54:34,164 [0bfab1d7-5e9e-40aa-b4a6-4fd54fef83c7@group-3248BC301E65-LeaderElection2] INFO server.RaftServer$Division: 0bfab1d7-5e9e-40aa-b4a6-4fd54fef83c7@group-3248BC301E65: change Leader from null to 0bfab1d7-5e9e-40aa-b4a6-4fd54fef83c7 at term 1 for becomeLeader, leader elected after 5103ms
datanode2_1  | 2021-01-27 08:54:34,164 [0bfab1d7-5e9e-40aa-b4a6-4fd54fef83c7@group-3248BC301E65-LeaderElection2] INFO server.RaftServerConfigKeys: raft.server.staging.catchup.gap = 1000 (default)
datanode2_1  | 2021-01-27 08:54:34,164 [0bfab1d7-5e9e-40aa-b4a6-4fd54fef83c7@group-3248BC301E65-LeaderElection2] INFO metrics.RatisMetrics: Creating Metrics Registry : ratis.log_appender.0bfab1d7-5e9e-40aa-b4a6-4fd54fef83c7@group-3248BC301E65
kdc_1        | Authenticating as principal admin/admin with keytab /tmp/admin.keytab.
kms_1        |  dns_lookup_realm = false
kms_1        |  ticket_lifetime = 24h
om1_1        | Sleeping for 5 seconds
om1_1        | Setting up kerberos!!
om2_1        | Download HTTP/om2@EXAMPLE.COM keytab file to /etc/security/keytabs/HTTP.keytab
datanode1_1  | 2021-01-27 08:54:08,932 [pool-20-thread-1] INFO server.RaftServerConfigKeys: raft.server.snapshot.retention.file.num = 5 (custom)
datanode2_1  | 2021-01-27 08:54:34,164 [0bfab1d7-5e9e-40aa-b4a6-4fd54fef83c7@group-3248BC301E65-LeaderElection2] INFO server.RaftServerConfigKeys: raft.server.write.element-limit = 1024 (custom)
kdc_1        | Entry for principal dn/3d5c3aaae39f@EXAMPLE.COM with kvno 2, encryption type aes256-cts-hmac-sha1-96 added to keytab WRFILE:/data/dn.3d5c3aaae39f.keytab.
kms_1        |  renew_lifetime = 7d
datanode3_1  | 2021-01-27 08:54:09,023 [pool-20-thread-1] ERROR storage.RaftStorage: Failed reading configuration from file:/data/metadata/ratis/36ce2787-8d79-4f83-9872-e621482ebe8d/current/raft-meta.conf
datanode3_1  | java.io.FileNotFoundException: /data/metadata/ratis/36ce2787-8d79-4f83-9872-e621482ebe8d/current/raft-meta.conf (No such file or directory)
datanode3_1  | 	at java.base/java.io.FileInputStream.open0(Native Method)
datanode3_1  | 	at java.base/java.io.FileInputStream.open(FileInputStream.java:219)
datanode3_1  | 	at java.base/java.io.FileInputStream.<init>(FileInputStream.java:157)
datanode3_1  | 	at org.apache.ratis.server.storage.RaftStorageImpl.readRaftConfiguration(RaftStorageImpl.java:143)
datanode3_1  | 	at org.apache.ratis.server.impl.ServerState.<init>(ServerState.java:122)
datanode3_1  | 	at org.apache.ratis.server.impl.RaftServerImpl.<init>(RaftServerImpl.java:193)
datanode3_1  | 	at org.apache.ratis.server.impl.RaftServerProxy.lambda$newRaftServerImpl$4(RaftServerProxy.java:266)
datanode3_1  | 	at java.base/java.util.concurrent.CompletableFuture$AsyncSupply.run(CompletableFuture.java:1700)
datanode3_1  | 	at java.base/java.util.concurrent.ThreadPoolExecutor.runWorker(ThreadPoolExecutor.java:1128)
datanode3_1  | 	at java.base/java.util.concurrent.ThreadPoolExecutor$Worker.run(ThreadPoolExecutor.java:628)
datanode3_1  | 	at java.base/java.lang.Thread.run(Thread.java:834)
datanode3_1  | 2021-01-27 08:54:09,029 [pool-20-thread-1] INFO server.RaftServerConfigKeys: raft.server.notification.no-leader.timeout = 300s (custom)
om2_1        | --2021-01-27 08:52:45--  http://kdc:8081/keytab/om2/HTTP
datanode2_1  | 2021-01-27 08:54:34,164 [0bfab1d7-5e9e-40aa-b4a6-4fd54fef83c7@group-3248BC301E65-LeaderElection2] INFO server.RaftServerConfigKeys: raft.server.write.byte-limit = 1073741824 (custom)
om1_1        | KDC ISSUER_SERVER => kdc:8081
kms_1        |  forwardable = true
recon_1      | Sleeping for 5 seconds
kdc_1        | Entry for principal dn/3d5c3aaae39f@EXAMPLE.COM with kvno 2, encryption type aes128-cts-hmac-sha1-96 added to keytab WRFILE:/data/dn.3d5c3aaae39f.keytab.
datanode3_1  | 2021-01-27 08:54:09,029 [pool-20-thread-1] INFO server.RaftServerConfigKeys: raft.server.log.use.memory = false (default)
datanode1_1  | 2021-01-27 08:54:08,932 [pool-20-thread-1] INFO server.RaftServerConfigKeys: raft.server.log.purge.upto.snapshot.index = false (default)
s3g_1        | Sleeping for 5 seconds
om2_1        | Resolving kdc (kdc)... 172.25.0.100
scm_1        | Sleeping for 5 seconds
datanode2_1  | 2021-01-27 08:54:34,168 [0bfab1d7-5e9e-40aa-b4a6-4fd54fef83c7@group-3248BC301E65-LeaderElection2] INFO server.RaftServerConfigKeys: raft.server.watch.timeout = 180s (custom)
om1_1        | Sleeping for 5 seconds
om3_1        | Sleeping for 5 seconds
kms_1        |  rdns = false
recon_1      | Setting up kerberos!!
kdc_1        | Generating keytab
datanode3_1  | 2021-01-27 08:54:09,029 [pool-20-thread-1] INFO server.RaftServerConfigKeys: raft.server.log.purge.gap = 1000000 (custom)
datanode1_1  | 2021-01-27 08:54:08,933 [pool-20-thread-1] INFO server.RaftServerConfigKeys: raft.server.retrycache.expirytime = 600000ms (custom)
s3g_1        | Setting up kerberos!!
om2_1        | Connecting to kdc (kdc)|172.25.0.100|:8081... connected.
scm_1        | Setting up kerberos!!
datanode2_1  | 2021-01-27 08:54:34,168 [0bfab1d7-5e9e-40aa-b4a6-4fd54fef83c7@group-3248BC301E65-LeaderElection2] INFO server.RaftServerConfigKeys: raft.server.watch.timeout.denomination = 1s (default)
om1_1        | Got 200, KDC service ready!!
om3_1        | Setting up kerberos!!
kms_1        |  default_realm = EXAMPLE.COM
recon_1      | KDC ISSUER_SERVER => kdc:8081
kdc_1        | Authenticating as principal admin/admin with keytab /tmp/admin.keytab.
datanode3_1  | 2021-01-27 08:54:09,029 [pool-20-thread-1] INFO server.RaftServerConfigKeys: raft.server.log.appender.buffer.byte-limit = 33554432 (custom)
datanode1_1  | 2021-01-27 08:54:08,933 [pool-20-thread-1] INFO server.RaftServerConfigKeys: raft.server.retrycache.statistics.expirytime = 100?s (default)
s3g_1        | KDC ISSUER_SERVER => kdc:8081
om2_1        | HTTP request sent, awaiting response... 200 OK
scm_1        | KDC ISSUER_SERVER => kdc:8081
datanode2_1  | 2021-01-27 08:54:34,169 [0bfab1d7-5e9e-40aa-b4a6-4fd54fef83c7@group-3248BC301E65-LeaderElection2] INFO server.RaftServerConfigKeys: raft.server.watch.element-limit = 65536 (default)
om1_1        | Download om/om1@EXAMPLE.COM keytab file to /etc/security/keytabs/om.keytab
om3_1        | KDC ISSUER_SERVER => kdc:8081
kms_1        | 
recon_1      | Sleeping for 5 seconds
kdc_1        | WARNING: no policy specified for s3g/s3g@EXAMPLE.COM; defaulting to no policy
datanode3_1  | 2021-01-27 08:54:09,030 [pool-20-thread-1] INFO metrics.RatisMetrics: Creating Metrics Registry : ratis.log_worker.01a48d57-5629-40bc-9b2f-d69ef5d18c06@group-E621482EBE8D
datanode1_1  | 2021-01-27 08:54:08,933 [pool-20-thread-1] INFO metrics.RatisMetrics: Creating Metrics Registry : ratis.leader_election.e2074b7a-c680-4e89-b810-1d6a1d2faa74@group-E621482EBE8D
s3g_1        | Sleeping for 5 seconds
om2_1        | Length: 144 [application/octet-stream]
scm_1        | Sleeping for 5 seconds
datanode2_1  | 2021-01-27 08:54:34,169 [0bfab1d7-5e9e-40aa-b4a6-4fd54fef83c7@group-3248BC301E65-LeaderElection2] INFO impl.RoleInfo: 0bfab1d7-5e9e-40aa-b4a6-4fd54fef83c7: start 0bfab1d7-5e9e-40aa-b4a6-4fd54fef83c7@group-3248BC301E65-LeaderStateImpl
om1_1        | --2021-01-27 08:52:46--  http://kdc:8081/keytab/om1/om
om3_1        | Sleeping for 5 seconds
kms_1        | [realms]
recon_1      | Got 200, KDC service ready!!
kdc_1        | Principal "s3g/s3g@EXAMPLE.COM" created.
datanode3_1  | 2021-01-27 08:54:09,030 [pool-20-thread-1] INFO server.RaftServerConfigKeys: raft.server.log.segment.size.max = 1048576 (custom)
datanode1_1  | 2021-01-27 08:54:08,933 [pool-20-thread-1] INFO metrics.RatisMetrics: Creating Metrics Registry : ratis.server.e2074b7a-c680-4e89-b810-1d6a1d2faa74@group-E621482EBE8D
s3g_1        | Got 200, KDC service ready!!
om2_1        | Saving to: '/etc/security/keytabs/HTTP.keytab'
scm_1        | Got 200, KDC service ready!!
datanode2_1  | 2021-01-27 08:54:34,170 [0bfab1d7-5e9e-40aa-b4a6-4fd54fef83c7@group-3248BC301E65-LeaderElection2] INFO segmented.SegmentedRaftLogWorker: 0bfab1d7-5e9e-40aa-b4a6-4fd54fef83c7@group-3248BC301E65-SegmentedRaftLogWorker: Starting segment from index:0
om1_1        | Resolving kdc (kdc)... 172.25.0.100
om3_1        | Got 200, KDC service ready!!
kms_1        |  EXAMPLE.COM = {
recon_1      | Download recon/recon@EXAMPLE.COM keytab file to /etc/security/keytabs/recon.keytab
kdc_1        | Authenticating as principal admin/admin with keytab /tmp/admin.keytab.
datanode3_1  | 2021-01-27 08:54:09,033 [pool-20-thread-1] INFO server.RaftServerConfigKeys: raft.server.log.segment.cache.num.max = 2 (custom)
s3g_1        | Download s3g/s3g@EXAMPLE.COM keytab file to /etc/security/keytabs/s3g.keytab
om2_1        | 
datanode1_1  | 2021-01-27 08:54:08,934 [pool-20-thread-1] INFO server.RaftServer$Division: e2074b7a-c680-4e89-b810-1d6a1d2faa74@group-E621482EBE8D: start as a follower, conf=-1: [0bfab1d7-5e9e-40aa-b4a6-4fd54fef83c7|rpc:172.25.0.103:9858|priority:1, 01a48d57-5629-40bc-9b2f-d69ef5d18c06|rpc:172.25.0.104:9858|priority:0, e2074b7a-c680-4e89-b810-1d6a1d2faa74|rpc:172.25.0.102:9858|priority:0], old=null
scm_1        | Download scm/scm@EXAMPLE.COM keytab file to /etc/security/keytabs/scm.keytab
datanode2_1  | 2021-01-27 08:54:34,177 [0bfab1d7-5e9e-40aa-b4a6-4fd54fef83c7@group-3248BC301E65-SegmentedRaftLogWorker] INFO segmented.SegmentedRaftLogWorker: 0bfab1d7-5e9e-40aa-b4a6-4fd54fef83c7@group-3248BC301E65-SegmentedRaftLogWorker: created new log segment /data/metadata/ratis/cbc2d9c3-6e7c-4e2d-97f6-3248bc301e65/current/log_inprogress_0
om1_1        | Connecting to kdc (kdc)|172.25.0.100|:8081... connected.
om3_1        | Download om/om3@EXAMPLE.COM keytab file to /etc/security/keytabs/om.keytab
kms_1        |   kdc = kdc
recon_1      | --2021-01-27 08:52:45--  http://kdc:8081/keytab/recon/recon
kdc_1        | Entry for principal s3g/s3g@EXAMPLE.COM with kvno 2, encryption type aes256-cts-hmac-sha1-96 added to keytab WRFILE:/data/s3g.s3g.keytab.
datanode3_1  | 2021-01-27 08:54:09,033 [pool-20-thread-1] INFO server.RaftServerConfigKeys: raft.server.log.segment.cache.size.max = 200MB (=209715200) (default)
s3g_1        | --2021-01-27 08:52:46--  http://kdc:8081/keytab/s3g/s3g
om2_1        |      0K                                                       100% 23.7M=0s
datanode1_1  | 2021-01-27 08:54:08,934 [pool-20-thread-1] INFO server.RaftServer$Division: e2074b7a-c680-4e89-b810-1d6a1d2faa74@group-E621482EBE8D: changes role from      null to FOLLOWER at term 0 for startAsFollower
scm_1        | --2021-01-27 08:52:47--  http://kdc:8081/keytab/scm/scm
datanode2_1  | 2021-01-27 08:54:34,189 [0bfab1d7-5e9e-40aa-b4a6-4fd54fef83c7@group-3248BC301E65-LeaderElection2] INFO server.RaftServer$Division: 0bfab1d7-5e9e-40aa-b4a6-4fd54fef83c7@group-3248BC301E65: set configuration 0: [0bfab1d7-5e9e-40aa-b4a6-4fd54fef83c7|rpc:172.25.0.103:9858|admin:|client:|dataStream:|priority:1], old=null
om1_1        | HTTP request sent, awaiting response... 200 OK
om3_1        | --2021-01-27 08:52:45--  http://kdc:8081/keytab/om3/om
kms_1        |   admin_server = kdc
recon_1      | Resolving kdc (kdc)... 172.25.0.100
kdc_1        | Entry for principal s3g/s3g@EXAMPLE.COM with kvno 2, encryption type aes128-cts-hmac-sha1-96 added to keytab WRFILE:/data/s3g.s3g.keytab.
datanode3_1  | 2021-01-27 08:54:09,107 [pool-20-thread-1] INFO segmented.SegmentedRaftLogWorker: new 01a48d57-5629-40bc-9b2f-d69ef5d18c06@group-E621482EBE8D-SegmentedRaftLogWorker for RaftStorageImpl:Storage Directory /data/metadata/ratis/36ce2787-8d79-4f83-9872-e621482ebe8d
s3g_1        | Resolving kdc (kdc)... 172.25.0.100
om2_1        | 
datanode1_1  | 2021-01-27 08:54:08,935 [pool-20-thread-1] INFO impl.RoleInfo: e2074b7a-c680-4e89-b810-1d6a1d2faa74: start e2074b7a-c680-4e89-b810-1d6a1d2faa74@group-E621482EBE8D-FollowerState
scm_1        | Resolving kdc (kdc)... 172.25.0.100
datanode2_1  | 2021-01-27 08:54:42,635 [ChunkWriter-2-0] INFO client.DNCertificateClient: Getting certificate with certSerialId:2664054438857.
om1_1        | Length: 140 [application/octet-stream]
om3_1        | Resolving kdc (kdc)... 172.25.0.100
kms_1        |  }
recon_1      | Connecting to kdc (kdc)|172.25.0.100|:8081... connected.
kdc_1        | Generating keytab
datanode3_1  | 2021-01-27 08:54:09,108 [pool-20-thread-1] INFO server.RaftServerConfigKeys: raft.server.log.queue.byte-limit = 2147483647 (custom)
s3g_1        | Connecting to kdc (kdc)|172.25.0.100|:8081... connected.
om2_1        | 2021-01-27 08:52:45 (23.7 MB/s) - '/etc/security/keytabs/HTTP.keytab' saved [144/144]
datanode1_1  | 2021-01-27 08:54:08,935 [pool-20-thread-1] INFO util.JmxRegister: Successfully registered JMX Bean with object name Ratis:service=RaftServer,group=group-E621482EBE8D,id=e2074b7a-c680-4e89-b810-1d6a1d2faa74
scm_1        | Connecting to kdc (kdc)|172.25.0.100|:8081... connected.
om1_1        | Saving to: '/etc/security/keytabs/om.keytab'
om1_1        | 
om1_1        |      0K                                                       100% 23.4M=0s
om1_1        | 
om1_1        | 2021-01-27 08:52:46 (23.4 MB/s) - '/etc/security/keytabs/om.keytab' saved [140/140]
datanode3_1  | 2021-01-27 08:54:09,108 [pool-20-thread-1] INFO server.RaftServerConfigKeys: raft.server.log.queue.element-limit = 1024 (custom)
s3g_1        | HTTP request sent, awaiting response... 200 OK
om2_1        | 
datanode1_1  | 2021-01-27 08:54:08,935 [pool-20-thread-1] INFO metrics.RatisMetrics: Creating Metrics Registry : ratis.state_machine.e2074b7a-c680-4e89-b810-1d6a1d2faa74@group-E621482EBE8D
scm_1        | HTTP request sent, awaiting response... 200 OK
kdc_1        | Authenticating as principal admin/admin with keytab /tmp/admin.keytab.
om3_1        | Connecting to kdc (kdc)|172.25.0.100|:8081... connected.
om1_1        | 
recon_1      | HTTP request sent, awaiting response... 200 OK
kms_1        | 
datanode3_1  | 2021-01-27 08:54:09,109 [pool-20-thread-1] INFO server.RaftServerConfigKeys: raft.server.log.segment.size.max = 1048576 (custom)
s3g_1        | Length: 142 [application/octet-stream]
om2_1        | Keytab name: FILE:/etc/security/keytabs/HTTP.keytab
datanode1_1  | 2021-01-27 08:54:08,961 [Command processor thread] INFO metrics.RatisMetrics: Creating Metrics Registry : ratis.client_message_metrics.client-E06F9C3F205B->01a48d57-5629-40bc-9b2f-d69ef5d18c06
scm_1        | Length: 142 [application/octet-stream]
kdc_1        | WARNING: no policy specified for HTTP/3d5c3aaae39f@EXAMPLE.COM; defaulting to no policy
om3_1        | HTTP request sent, awaiting response... 200 OK
om1_1        | Keytab name: FILE:/etc/security/keytabs/om.keytab
recon_1      | Length: 150 [application/octet-stream]
kms_1        | [domain_realm]
datanode3_1  | 2021-01-27 08:54:09,109 [pool-20-thread-1] INFO server.RaftServerConfigKeys: raft.server.log.preallocated.size = 16384 (custom)
s3g_1        | Saving to: '/etc/security/keytabs/s3g.keytab'
om2_1        | KVNO Timestamp         Principal
datanode1_1  | 2021-01-27 08:54:09,196 [Command processor thread] INFO metrics.RatisMetrics: Creating Metrics Registry : ratis.client_message_metrics.client-E55401D9DA2B->0bfab1d7-5e9e-40aa-b4a6-4fd54fef83c7
scm_1        | Saving to: '/etc/security/keytabs/scm.keytab'
kdc_1        | Principal "HTTP/3d5c3aaae39f@EXAMPLE.COM" created.
om3_1        | Length: 140 [application/octet-stream]
om1_1        | KVNO Timestamp         Principal
recon_1      | Saving to: '/etc/security/keytabs/recon.keytab'
kms_1        |  .example.com = EXAMPLE.COM
datanode3_1  | 2021-01-27 08:54:09,109 [pool-20-thread-1] INFO server.RaftServerConfigKeys: raft.server.log.force.sync.num = 128 (default)
s3g_1        | 
om2_1        | ---- ----------------- --------------------------------------------------------
datanode1_1  | 2021-01-27 08:54:09,318 [Command processor thread] INFO commandhandler.CreatePipelineCommandHandler: Created Pipeline RATIS THREE PipelineID=36ce2787-8d79-4f83-9872-e621482ebe8d.
scm_1        | 
kdc_1        | Authenticating as principal admin/admin with keytab /tmp/admin.keytab.
om3_1        | Saving to: '/etc/security/keytabs/om.keytab'
om1_1        | ---- ----------------- --------------------------------------------------------
recon_1      | 
kms_1        | WARNING: /opt/hadoop/temp does not exist. Creating.
datanode3_1  | 2021-01-27 08:54:09,109 [pool-20-thread-1] INFO server.RaftServerConfigKeys: raft.server.log.statemachine.data.sync = true (default)
s3g_1        |      0K                                                       100% 6.24M=0s
om2_1        |    2 01/27/21 08:52:45 HTTP/om2@EXAMPLE.COM
datanode1_1  | 2021-01-27 08:54:11,408 [grpc-default-executor-0] INFO metrics.RatisMetrics: Creating Metrics Registry : ratis.server_message_metrics.e2074b7a-c680-4e89-b810-1d6a1d2faa74
scm_1        |      0K                                                       100% 23.3M=0s
kdc_1        | Entry for principal HTTP/3d5c3aaae39f@EXAMPLE.COM with kvno 2, encryption type aes256-cts-hmac-sha1-96 added to keytab WRFILE:/data/HTTP.3d5c3aaae39f.keytab.
om3_1        | 
om1_1        |    2 01/27/21 08:52:46 om/om1@EXAMPLE.COM
recon_1      |      0K                                                       100% 23.4M=0s
datanode3_1  | 2021-01-27 08:54:09,109 [pool-20-thread-1] INFO server.RaftServerConfigKeys: raft.server.log.statemachine.data.sync.timeout = 10s (default)
s3g_1        | 
om2_1        |    2 01/27/21 08:52:45 HTTP/om2@EXAMPLE.COM
datanode1_1  | 2021-01-27 08:54:11,433 [grpc-default-executor-0] INFO server.RaftServer$Division: e2074b7a-c680-4e89-b810-1d6a1d2faa74@group-D3396AC1051E: receive requestVote(PRE_VOTE, 01a48d57-5629-40bc-9b2f-d69ef5d18c06, group-D3396AC1051E, 0, (t:0, i:0))
scm_1        | 
kdc_1        | Entry for principal HTTP/3d5c3aaae39f@EXAMPLE.COM with kvno 2, encryption type aes128-cts-hmac-sha1-96 added to keytab WRFILE:/data/HTTP.3d5c3aaae39f.keytab.
om3_1        |      0K                                                       100% 21.2M=0s
om1_1        |    2 01/27/21 08:52:46 om/om1@EXAMPLE.COM
recon_1      | 
datanode3_1  | 2021-01-27 08:54:09,109 [pool-20-thread-1] INFO server.RaftServerConfigKeys: raft.server.log.statemachine.data.sync.timeout.retry = -1 (default)
s3g_1        | 2021-01-27 08:52:46 (6.24 MB/s) - '/etc/security/keytabs/s3g.keytab' saved [142/142]
om2_1        | No '-XX:...' jvm parameters are set. Adding safer GC settings '-XX:ParallelGCThreads=8 -XX:+UseConcMarkSweepGC -XX:CMSInitiatingOccupancyFraction=70 -XX:+CMSParallelRemarkEnabled' to the OZONE_OPTS
datanode1_1  | 2021-01-27 08:54:11,434 [grpc-default-executor-0] INFO impl.VoteContext: e2074b7a-c680-4e89-b810-1d6a1d2faa74@group-D3396AC1051E-FOLLOWER: accept PRE_VOTE from 01a48d57-5629-40bc-9b2f-d69ef5d18c06: our priority 0 <= candidate's priority 1
scm_1        | 2021-01-27 08:52:48 (23.3 MB/s) - '/etc/security/keytabs/scm.keytab' saved [142/142]
kdc_1        | Generating keytab
om3_1        | 
om1_1        | Download HTTP/om1@EXAMPLE.COM keytab file to /etc/security/keytabs/HTTP.keytab
recon_1      | 2021-01-27 08:52:45 (23.4 MB/s) - '/etc/security/keytabs/recon.keytab' saved [150/150]
datanode3_1  | 2021-01-27 08:54:09,111 [pool-20-thread-1] INFO server.RaftServerConfigKeys: raft.server.log.write.buffer.size = 1048576 (custom)
s3g_1        | 
om2_1        | OpenJDK 64-Bit Server VM warning: Option UseConcMarkSweepGC was deprecated in version 9.0 and will likely be removed in a future release.
datanode1_1  | 2021-01-27 08:54:11,466 [grpc-default-executor-0] INFO server.RaftServer$Division: e2074b7a-c680-4e89-b810-1d6a1d2faa74@group-D3396AC1051E replies to PRE_VOTE vote request: 01a48d57-5629-40bc-9b2f-d69ef5d18c06<-e2074b7a-c680-4e89-b810-1d6a1d2faa74#0:OK-t0. Peer's state: e2074b7a-c680-4e89-b810-1d6a1d2faa74@group-D3396AC1051E:t0, leader=null, voted=, raftlog=e2074b7a-c680-4e89-b810-1d6a1d2faa74@group-D3396AC1051E-SegmentedRaftLog:OPENED:c-1,f-1,i0, conf=-1: [0bfab1d7-5e9e-40aa-b4a6-4fd54fef83c7|rpc:172.25.0.103:9858|priority:0, 01a48d57-5629-40bc-9b2f-d69ef5d18c06|rpc:172.25.0.104:9858|priority:1, e2074b7a-c680-4e89-b810-1d6a1d2faa74|rpc:172.25.0.102:9858|priority:0], old=null
scm_1        | 
kdc_1        | Authenticating as principal admin/admin with keytab /tmp/admin.keytab.
om3_1        | 2021-01-27 08:52:45 (21.2 MB/s) - '/etc/security/keytabs/om.keytab' saved [140/140]
om1_1        | --2021-01-27 08:52:46--  http://kdc:8081/keytab/om1/HTTP
recon_1      | 
datanode3_1  | 2021-01-27 08:54:09,118 [pool-20-thread-1] INFO server.RaftServerConfigKeys: raft.server.log.statemachine.data.caching.enabled = true (custom)
s3g_1        | Keytab name: FILE:/etc/security/keytabs/s3g.keytab
om2_1        | 2021-01-27 08:52:56,272 [main] INFO om.OzoneManagerStarter: STARTUP_MSG: 
datanode1_1  | 2021-01-27 08:54:11,517 [grpc-default-executor-1] INFO server.RaftServer$Division: e2074b7a-c680-4e89-b810-1d6a1d2faa74@group-D3396AC1051E: receive requestVote(ELECTION, 01a48d57-5629-40bc-9b2f-d69ef5d18c06, group-D3396AC1051E, 1, (t:0, i:0))
scm_1        | Keytab name: FILE:/etc/security/keytabs/scm.keytab
kdc_1        | WARNING: no policy specified for HTTP/s3g@EXAMPLE.COM; defaulting to no policy
om3_1        | 
om1_1        | Resolving kdc (kdc)... 172.25.0.100
recon_1      | Keytab name: FILE:/etc/security/keytabs/recon.keytab
datanode3_1  | 2021-01-27 08:54:09,123 [pool-20-thread-1] INFO segmented.SegmentedRaftLogWorker: 01a48d57-5629-40bc-9b2f-d69ef5d18c06@group-E621482EBE8D-SegmentedRaftLogWorker: flushIndex: setUnconditionally 0 -> -1
s3g_1        | KVNO Timestamp         Principal
om2_1        | /************************************************************
datanode1_1  | 2021-01-27 08:54:11,518 [grpc-default-executor-1] INFO impl.VoteContext: e2074b7a-c680-4e89-b810-1d6a1d2faa74@group-D3396AC1051E-FOLLOWER: accept ELECTION from 01a48d57-5629-40bc-9b2f-d69ef5d18c06: our priority 0 <= candidate's priority 1
scm_1        | KVNO Timestamp         Principal
kdc_1        | Principal "HTTP/s3g@EXAMPLE.COM" created.
om3_1        | Keytab name: FILE:/etc/security/keytabs/om.keytab
om1_1        | Connecting to kdc (kdc)|172.25.0.100|:8081... connected.
recon_1      | KVNO Timestamp         Principal
datanode3_1  | 2021-01-27 08:54:09,123 [pool-20-thread-1] INFO segmented.SegmentedRaftLogWorker: 01a48d57-5629-40bc-9b2f-d69ef5d18c06@group-E621482EBE8D-SegmentedRaftLogWorker: safeCacheEvictIndex: setUnconditionally 0 -> -1
s3g_1        | ---- ----------------- --------------------------------------------------------
om2_1        | STARTUP_MSG: Starting OzoneManager
datanode1_1  | 2021-01-27 08:54:11,522 [grpc-default-executor-1] INFO server.RaftServer$Division: e2074b7a-c680-4e89-b810-1d6a1d2faa74@group-D3396AC1051E: changes role from  FOLLOWER to FOLLOWER at term 1 for candidate:01a48d57-5629-40bc-9b2f-d69ef5d18c06
scm_1        | ---- ----------------- --------------------------------------------------------
kdc_1        | Authenticating as principal admin/admin with keytab /tmp/admin.keytab.
om3_1        | KVNO Timestamp         Principal
om1_1        | HTTP request sent, awaiting response... 200 OK
recon_1      | ---- ----------------- --------------------------------------------------------
datanode3_1  | 2021-01-27 08:54:09,123 [pool-20-thread-1] INFO server.RaftServerConfigKeys: raft.server.snapshot.auto.trigger.enabled = true (custom)
s3g_1        |    2 01/27/21 08:52:46 s3g/s3g@EXAMPLE.COM
om2_1        | STARTUP_MSG:   host = om2/172.25.0.112
datanode1_1  | 2021-01-27 08:54:11,523 [grpc-default-executor-1] INFO impl.RoleInfo: e2074b7a-c680-4e89-b810-1d6a1d2faa74: shutdown e2074b7a-c680-4e89-b810-1d6a1d2faa74@group-D3396AC1051E-FollowerState
scm_1        |    2 01/27/21 08:52:48 scm/scm@EXAMPLE.COM
kdc_1        | Entry for principal HTTP/s3g@EXAMPLE.COM with kvno 2, encryption type aes256-cts-hmac-sha1-96 added to keytab WRFILE:/data/HTTP.s3g.keytab.
om3_1        | ---- ----------------- --------------------------------------------------------
om1_1        | Length: 144 [application/octet-stream]
recon_1      |    2 01/27/21 08:52:45 recon/recon@EXAMPLE.COM
datanode3_1  | 2021-01-27 08:54:09,124 [pool-20-thread-1] INFO server.RaftServerConfigKeys: raft.server.snapshot.auto.trigger.threshold = 10000 (custom)
s3g_1        |    2 01/27/21 08:52:46 s3g/s3g@EXAMPLE.COM
om2_1        | STARTUP_MSG:   args = [--init]
datanode1_1  | 2021-01-27 08:54:11,525 [Thread-33] INFO impl.FollowerState: e2074b7a-c680-4e89-b810-1d6a1d2faa74@group-D3396AC1051E-FollowerState was interrupted: {}
scm_1        |    2 01/27/21 08:52:48 scm/scm@EXAMPLE.COM
kdc_1        | Entry for principal HTTP/s3g@EXAMPLE.COM with kvno 2, encryption type aes128-cts-hmac-sha1-96 added to keytab WRFILE:/data/HTTP.s3g.keytab.
om3_1        |    2 01/27/21 08:52:45 om/om3@EXAMPLE.COM
om1_1        | Saving to: '/etc/security/keytabs/HTTP.keytab'
recon_1      |    2 01/27/21 08:52:45 recon/recon@EXAMPLE.COM
datanode3_1  | 2021-01-27 08:54:09,124 [pool-20-thread-1] INFO server.RaftServerConfigKeys: raft.server.snapshot.retention.file.num = 5 (custom)
s3g_1        | Download HTTP/s3g@EXAMPLE.COM keytab file to /etc/security/keytabs/HTTP.keytab
om2_1        | STARTUP_MSG:   version = 1.1.0-SNAPSHOT
datanode1_1  | java.lang.InterruptedException: sleep interrupted
datanode1_1  | 	at java.base/java.lang.Thread.sleep(Native Method)
datanode1_1  | 	at java.base/java.lang.Thread.sleep(Thread.java:339)
kdc_1        | Generating keytab
om1_1        | 
recon_1      | Download HTTP/recon@EXAMPLE.COM keytab file to /etc/security/keytabs/HTTP.keytab
datanode3_1  | 2021-01-27 08:54:09,124 [pool-20-thread-1] INFO server.RaftServerConfigKeys: raft.server.log.purge.upto.snapshot.index = false (default)
s3g_1        | --2021-01-27 08:52:46--  http://kdc:8081/keytab/s3g/HTTP
datanode1_1  | 	at java.base/java.util.concurrent.TimeUnit.sleep(TimeUnit.java:446)
scm_1        | Download HTTP/scm@EXAMPLE.COM keytab file to /etc/security/keytabs/HTTP.keytab
om3_1        |    2 01/27/21 08:52:45 om/om3@EXAMPLE.COM
om2_1        | STARTUP_MSG:   classpath = /etc/hadoop:/opt/hadoop/share/ozone/lib/hadoop-ozone-interface-client-1.1.0-SNAPSHOT.jar:/opt/hadoop/share/ozone/lib/ratis-metrics-1.1.0-eb66796d-SNAPSHOT.jar:/opt/hadoop/share/ozone/lib/kerb-simplekdc-1.0.1.jar:/opt/hadoop/share/ozone/lib/okhttp-4.2.2.jar:/opt/hadoop/share/ozone/lib/jackson-databind-2.10.3.jar:/opt/hadoop/share/ozone/lib/protobuf-java-2.5.0.jar:/opt/hadoop/share/ozone/lib/ratis-server-api-1.1.0-eb66796d-SNAPSHOT.jar:/opt/hadoop/share/ozone/lib/slf4j-log4j12-1.7.30.jar:/opt/hadoop/share/ozone/lib/jetty-util-ajax-9.4.34.v20201102.jar:/opt/hadoop/share/ozone/lib/log4j-api-2.13.3.jar:/opt/hadoop/share/ozone/lib/commons-validator-1.6.jar:/opt/hadoop/share/ozone/lib/bcpkix-jdk15on-1.67.jar:/opt/hadoop/share/ozone/lib/kotlin-stdlib-common-1.3.50.jar:/opt/hadoop/share/ozone/lib/kerb-core-1.0.1.jar:/opt/hadoop/share/ozone/lib/picocli-4.4.0.jar:/opt/hadoop/share/ozone/lib/jsr305-3.0.0.jar:/opt/hadoop/share/ozone/lib/hadoop-ozone-client-1.1.0-SNAPSHOT.jar:/opt/hadoop/share/ozone/lib/j2objc-annotations-1.3.jar:/opt/hadoop/share/ozone/lib/jetty-http-9.4.34.v20201102.jar:/opt/hadoop/share/ozone/lib/ratis-proto-1.1.0-eb66796d-SNAPSHOT.jar:/opt/hadoop/share/ozone/lib/leveldbjni-all-1.8.jar:/opt/hadoop/share/ozone/lib/jaeger-tracerresolver-1.2.0.jar:/opt/hadoop/share/ozone/lib/hadoop-hdds-interface-server-1.1.0-SNAPSHOT.jar:/opt/hadoop/share/ozone/lib/htrace-core4-4.1.0-incubating.jar:/opt/hadoop/share/ozone/lib/kerb-util-1.0.1.jar:/opt/hadoop/share/ozone/lib/jetty-server-9.4.34.v20201102.jar:/opt/hadoop/share/ozone/lib/javax.activation-api-1.2.0.jar:/opt/hadoop/share/ozone/lib/jaeger-thrift-1.2.0.jar:/opt/hadoop/share/ozone/lib/commons-logging-1.2.jar:/opt/hadoop/share/ozone/lib/jetty-xml-9.4.34.v20201102.jar:/opt/hadoop/share/ozone/lib/ratis-client-1.1.0-eb66796d-SNAPSHOT.jar:/opt/hadoop/share/ozone/lib/hadoop-auth-3.2.2.jar:/opt/hadoop/share/ozone/lib/kerby-xdr-1.0.1.jar:/opt/hadoop/share/ozone/lib/jetty-io-9.4.34.v20201102.jar:/opt/hadoop/share/ozone/lib/httpcore-4.4.13.jar:/opt/hadoop/share/ozone/lib/opentracing-tracerresolver-0.1.8.jar:/opt/hadoop/share/ozone/lib/commons-net-3.6.jar:/opt/hadoop/share/ozone/lib/hadoop-common-3.2.2.jar:/opt/hadoop/share/ozone/lib/ratis-common-1.1.0-eb66796d-SNAPSHOT.jar:/opt/hadoop/share/ozone/lib/ratis-grpc-1.1.0-eb66796d-SNAPSHOT.jar:/opt/hadoop/share/ozone/lib/snakeyaml-1.26.jar:/opt/hadoop/share/ozone/lib/jaeger-core-1.2.0.jar:/opt/hadoop/share/ozone/lib/error_prone_annotations-2.2.0.jar:/opt/hadoop/share/ozone/lib/jetty-webapp-9.4.34.v20201102.jar:/opt/hadoop/share/ozone/lib/ratis-thirdparty-misc-0.6.0-SNAPSHOT.jar:/opt/hadoop/share/ozone/lib/httpclient-4.5.13.jar:/opt/hadoop/share/ozone/lib/ratis-server-1.1.0-eb66796d-SNAPSHOT.jar:/opt/hadoop/share/ozone/lib/kerby-config-1.0.1.jar:/opt/hadoop/share/ozone/lib/okio-2.2.2.jar:/opt/hadoop/share/ozone/lib/metrics-core-3.2.4.jar:/opt/hadoop/share/ozone/lib/guava-28.2-jre.jar:/opt/hadoop/share/ozone/lib/kerby-pkix-1.0.1.jar:/opt/hadoop/share/ozone/lib/xz-1.0.jar:/opt/hadoop/share/ozone/lib/jsr311-api-1.1.1.jar:/opt/hadoop/share/ozone/lib/hadoop-hdds-client-1.1.0-SNAPSHOT.jar:/opt/hadoop/share/ozone/lib/jetty-servlet-9.4.34.v20201102.jar:/opt/hadoop/share/ozone/lib/commons-beanutils-1.9.4.jar:/opt/hadoop/share/ozone/lib/javax.servlet-api-3.1.0.jar:/opt/hadoop/share/ozone/lib/kerb-server-1.0.1.jar:/opt/hadoop/share/ozone/lib/kerb-client-1.0.1.jar:/opt/hadoop/share/ozone/lib/disruptor-3.4.2.jar:/opt/hadoop/share/ozone/lib/libthrift-0.13.0.jar:/opt/hadoop/share/ozone/lib/log4j-core-2.13.3.jar:/opt/hadoop/share/ozone/lib/annotations-13.0.jar:/opt/hadoop/share/ozone/lib/simpleclient_common-0.7.0.jar:/opt/hadoop/share/ozone/lib/dnsjava-2.1.7.jar:/opt/hadoop/share/ozone/lib/bcprov-jdk15on-1.67.jar:/opt/hadoop/share/ozone/lib/jackson-annotations-2.10.3.jar:/opt/hadoop/share/ozone/lib/hadoop-ozone-interface-storage-1.1.0-SNAPSHOT.jar:/opt/hadoop/share/ozone/lib/commons-configuration2-2.1.1.jar:/opt/hadoop/share/ozone/lib/json-smart-2.3.jar:/opt/hadoop/share/ozone/lib/token-provider-1.0.1.jar:/opt/hadoop/share/ozone/lib/log4j-1.2.17.jar:/opt/hadoop/share/ozone/lib/commons-daemon-1.0.13.jar:/opt/hadoop/share/ozone/lib/listenablefuture-9999.0-empty-to-avoid-conflict-with-guava.jar:/opt/hadoop/share/ozone/lib/jetty-security-9.4.34.v20201102.jar:/opt/hadoop/share/ozone/lib/hadoop-hdds-config-1.1.0-SNAPSHOT.jar:/opt/hadoop/share/ozone/lib/hadoop-hdds-common-1.1.0-SNAPSHOT.jar:/opt/hadoop/share/ozone/lib/commons-lang3-3.7.jar:/opt/hadoop/share/ozone/lib/commons-compress-1.4.1.jar:/opt/hadoop/share/ozone/lib/accessors-smart-1.2.jar:/opt/hadoop/share/ozone/lib/re2j-1.1.jar:/opt/hadoop/share/ozone/lib/commons-math3-3.1.1.jar:/opt/hadoop/share/ozone/lib/simpleclient_dropwizard-0.7.0.jar:/opt/hadoop/share/ozone/lib/simpleclient-0.7.0.jar:/opt/hadoop/share/ozone/lib/rocksdbjni-6.8.1.jar:/opt/hadoop/share/ozone/lib/asm-5.0.4.jar:/opt/hadoop/share/ozone/lib/kerby-util-1.0.1.jar:/opt/hadoop/share/ozone/lib/failureaccess-1.0.1.jar:/opt/hadoop/share/ozone/lib/jsp-api-2.1.jar:/opt/hadoop/share/ozone/lib/jsch-0.1.54.jar:/opt/hadoop/share/ozone/lib/slf4j-api-1.7.30.jar:/opt/hadoop/share/ozone/lib/nimbus-jose-jwt-7.9.jar:/opt/hadoop/share/ozone/lib/commons-codec-1.11.jar:/opt/hadoop/share/ozone/lib/kotlin-stdlib-1.3.50.jar:/opt/hadoop/share/ozone/lib/jackson-datatype-jsr310-2.10.3.jar:/opt/hadoop/share/ozone/lib/commons-pool2-2.6.0.jar:/opt/hadoop/share/ozone/lib/gson-2.2.4.jar:/opt/hadoop/share/ozone/lib/hadoop-hdfs-3.2.2.jar:/opt/hadoop/share/ozone/lib/opentracing-api-0.33.0.jar:/opt/hadoop/share/ozone/lib/jcip-annotations-1.0-1.jar:/opt/hadoop/share/ozone/lib/kerb-admin-1.0.1.jar:/opt/hadoop/share/ozone/lib/commons-io-2.5.jar:/opt/hadoop/share/ozone/lib/opentracing-noop-0.33.0.jar:/opt/hadoop/share/ozone/lib/jersey-core-1.19.jar:/opt/hadoop/share/ozone/lib/checker-qual-2.10.0.jar:/opt/hadoop/share/ozone/lib/hadoop-ozone-common-1.1.0-SNAPSHOT.jar:/opt/hadoop/share/ozone/lib/opentracing-util-0.33.0.jar:/opt/hadoop/share/ozone/lib/hadoop-annotations-3.2.2.jar:/opt/hadoop/share/ozone/lib/commons-cli-1.2.jar:/opt/hadoop/share/ozone/lib/woodstox-core-5.0.3.jar:/opt/hadoop/share/ozone/lib/javax.annotation-api-1.2.jar:/opt/hadoop/share/ozone/lib/hadoop-hdds-interface-client-1.1.0-SNAPSHOT.jar:/opt/hadoop/share/ozone/lib/kerby-asn1-1.0.1.jar:/opt/hadoop/share/ozone/lib/hadoop-hdds-hadoop-dependency-client-1.1.0-SNAPSHOT.jar:/opt/hadoop/share/ozone/lib/stax2-api-3.1.4.jar:/opt/hadoop/share/ozone/lib/commons-collections-3.2.2.jar:/opt/hadoop/share/ozone/lib/commons-digester-1.8.1.jar:/opt/hadoop/share/ozone/lib/jackson-core-2.10.3.jar:/opt/hadoop/share/ozone/lib/commons-text-1.4.jar:/opt/hadoop/share/ozone/lib/jetty-util-9.4.34.v20201102.jar:/opt/hadoop/share/ozone/lib/jersey-servlet-1.19.jar:/opt/hadoop/share/ozone/lib/hadoop-hdds-server-framework-1.1.0-SNAPSHOT.jar:/opt/hadoop/share/ozone/lib/kerb-identity-1.0.1.jar:/opt/hadoop/share/ozone/lib/hadoop-hdfs-client-3.2.2.jar:/opt/hadoop/share/ozone/lib/hadoop-hdds-hadoop-dependency-server-1.1.0-SNAPSHOT.jar:/opt/hadoop/share/ozone/lib/kerb-common-1.0.1.jar:/opt/hadoop/share/ozone/lib/jaeger-client-1.2.0.jar:/opt/hadoop/share/ozone/lib/hadoop-hdds-interface-admin-1.1.0-SNAPSHOT.jar:/opt/hadoop/share/ozone/lib/jersey-server-1.19.jar:/opt/hadoop/share/ozone/lib/ratis-netty-1.1.0-eb66796d-SNAPSHOT.jar:/opt/hadoop/share/ozone/lib/kerb-crypto-1.0.1.jar:/opt/hadoop/share/ozone/web:/opt/hadoop/share/ozone/lib/hadoop-ozone-ozone-manager-1.1.0-SNAPSHOT.jar
kdc_1        | Authenticating as principal admin/admin with keytab /tmp/admin.keytab.
om1_1        |      0K                                                       100% 20.8M=0s
recon_1      | --2021-01-27 08:52:45--  http://kdc:8081/keytab/recon/HTTP
datanode3_1  | 2021-01-27 08:54:09,126 [pool-20-thread-1] INFO server.RaftServerConfigKeys: raft.server.retrycache.expirytime = 600000ms (custom)
s3g_1        | Resolving kdc (kdc)... 172.25.0.100
datanode1_1  | 	at org.apache.ratis.util.TimeDuration.sleep(TimeDuration.java:324)
scm_1        | --2021-01-27 08:52:48--  http://kdc:8081/keytab/scm/HTTP
om3_1        | Download HTTP/om3@EXAMPLE.COM keytab file to /etc/security/keytabs/HTTP.keytab
om2_1        | STARTUP_MSG:   build = https://github.com/apache/ozone/42171e669d6c7f302fa379fc0289c4341f1cbf75 ; compiled by 'runner' on 2021-01-27T07:58Z
kdc_1        | WARNING: no policy specified for om/om1@EXAMPLE.COM; defaulting to no policy
om1_1        | 
recon_1      | Resolving kdc (kdc)... 172.25.0.100
recon_1      | Connecting to kdc (kdc)|172.25.0.100|:8081... connected.
recon_1      | HTTP request sent, awaiting response... 200 OK
datanode1_1  | 	at org.apache.ratis.util.TimeDuration.sleep(TimeDuration.java:309)
scm_1        | Resolving kdc (kdc)... 172.25.0.100
om3_1        | --2021-01-27 08:52:45--  http://kdc:8081/keytab/om3/HTTP
om2_1        | STARTUP_MSG:   java = 11.0.7
kdc_1        | Principal "om/om1@EXAMPLE.COM" created.
om1_1        | 2021-01-27 08:52:47 (20.8 MB/s) - '/etc/security/keytabs/HTTP.keytab' saved [144/144]
s3g_1        | Connecting to kdc (kdc)|172.25.0.100|:8081... connected.
recon_1      | Length: 148 [application/octet-stream]
recon_1      | Saving to: '/etc/security/keytabs/HTTP.keytab'
recon_1      | 
datanode3_1  | 2021-01-27 08:54:09,127 [pool-20-thread-1] INFO server.RaftServerConfigKeys: raft.server.retrycache.statistics.expirytime = 100?s (default)
scm_1        | Connecting to kdc (kdc)|172.25.0.100|:8081... connected.
