om3_1        | 2021-01-27 08:54:00,920 [main] WARN server.ServerUtils: ozone.om.db.dirs is not configured. We recommend adding this setting. Falling back to ozone.metadata.dirs instead.
datanode3_1  | 	at java.base/java.io.FileInputStream.open(FileInputStream.java:219)
kdc_1        | Jan 27 08:52:47 kdc krb5kdc[8](info): AS_REQ (8 etypes {18 17 20 19 16 23 25 26}) 127.0.0.1: ISSUE: authtime 1611737567, etypes {rep=18 tkt=18 ses=18}, admin/admin@EXAMPLE.COM for kadmin/admin@EXAMPLE.COM
scm_1        | 2021-01-27 08:53:30,004 [Listener at 0.0.0.0/9961] INFO safemode.OneReplicaPipelineSafeModeRule: Total pipeline count is 0, pipeline's with at least one datanode reported threshold count is 0
om2_1        | 2021-01-27 08:54:13,683 [main] INFO om.OzoneManager: OzoneManager Ratis server initialized at port 9872
om1_1        | 2021-01-27 08:54:09,379 [main] WARN ratis.OzoneManagerRatisServer: ozone.om.ratis.snapshot.dir is not configured. Falling back to ozone.metadata.dirs config
recon_1      | 2021-01-27 08:53:30,959 [Listener at 0.0.0.0/9891] INFO ipc.Client: Retrying connect to server: scm/172.25.0.116:9860. Already tried 1 time(s); retry policy is RetryUpToMaximumCountWithFixedSleep(maxRetries=10, sleepTime=1000 MILLISECONDS)
om3_1        | 2021-01-27 08:54:05,943 [main] INFO client.OMCertificateClient: Loading certificate from location:/data/metadata/om/certs.
datanode3_1  | 	at java.base/java.io.FileInputStream.<init>(FileInputStream.java:157)
kdc_1        | Jan 27 08:52:47 kdc krb5kdc[8](info): AS_REQ (8 etypes {18 17 20 19 16 23 25 26}) 127.0.0.1: SERVER_NOT_FOUND: admin/admin@EXAMPLE.COM for kadmin/localhost@EXAMPLE.COM, Server not found in Kerberos database
scm_1        | 2021-01-27 08:53:30,773 [Listener at 0.0.0.0/9961] INFO ipc.CallQueueManager: Using callQueue: class java.util.concurrent.LinkedBlockingQueue, queueCapacity: 10000, scheduler: class org.apache.hadoop.ipc.DefaultRpcScheduler, ipcBackoff: false.
om2_1        | 2021-01-27 08:54:13,843 [pool-18-thread-1] INFO server.RaftServer$Division: om2: new RaftServerImpl for group-562213E44849:[om1|rpc:om1:9872|priority:0, om3|rpc:om3:9872|priority:0, om2|rpc:om2:9872|priority:0] with OzoneManagerStateMachine:uninitialized
om1_1        | 2021-01-27 08:54:09,385 [main] INFO snapshot.OzoneManagerSnapshotProvider: Initializing OM Snapshot Provider
recon_1      | 2021-01-27 08:53:36,279 [Listener at 0.0.0.0/9891] INFO scm.ReconStorageContainerManagerFacade: Obtained 0 pipelines from SCM.
om3_1        | 2021-01-27 08:54:06,544 [main] INFO client.OMCertificateClient: Added certificate from file:/data/metadata/om/certs/2664054438857.crt.
datanode3_1  | 	at org.apache.ratis.server.storage.RaftStorageImpl.readRaftConfiguration(RaftStorageImpl.java:143)
kdc_1        | Jan 27 08:52:47 kdc krb5kdc[8](info): AS_REQ (8 etypes {18 17 20 19 16 23 25 26}) 127.0.0.1: ISSUE: authtime 1611737567, etypes {rep=18 tkt=18 ses=18}, admin/admin@EXAMPLE.COM for kadmin/admin@EXAMPLE.COM
scm_1        | 2021-01-27 08:53:30,779 [Socket Reader #1 for port 9861] INFO ipc.Server: Starting Socket Reader #1 for port 9861
om2_1        | 2021-01-27 08:54:13,850 [main] INFO ipc.CallQueueManager: Using callQueue: class java.util.concurrent.LinkedBlockingQueue, queueCapacity: 10000, scheduler: class org.apache.hadoop.ipc.DefaultRpcScheduler, ipcBackoff: false.
om1_1        | 2021-01-27 08:54:09,999 [main] INFO metrics.MetricRegistries: Loaded MetricRegistries class org.apache.ratis.metrics.impl.MetricRegistriesImpl
recon_1      | 2021-01-27 08:53:36,280 [Listener at 0.0.0.0/9891] INFO scm.ReconPipelineManager: Recon has 0 pipelines in house.
om3_1        | 2021-01-27 08:54:06,567 [main] INFO client.OMCertificateClient: Added certificate from file:/data/metadata/om/certs/CA-1.crt.
datanode3_1  | 	at org.apache.ratis.server.impl.ServerState.<init>(ServerState.java:122)
kdc_1        | Jan 27 08:52:47 kdc krb5kdc[8](info): AS_REQ (8 etypes {18 17 20 19 16 23 25 26}) 127.0.0.1: SERVER_NOT_FOUND: admin/admin@EXAMPLE.COM for kadmin/localhost@EXAMPLE.COM, Server not found in Kerberos database
scm_1        | 2021-01-27 08:53:30,815 [Listener at 0.0.0.0/9861] INFO ipc.CallQueueManager: Using callQueue: class java.util.concurrent.LinkedBlockingQueue, queueCapacity: 10000, scheduler: class org.apache.hadoop.ipc.DefaultRpcScheduler, ipcBackoff: false.
om2_1        | 2021-01-27 08:54:13,890 [pool-18-thread-1] INFO server.RaftServerConfigKeys: raft.server.rpc.timeout.min = 5s (custom)
om1_1        | 2021-01-27 08:54:10,087 [main] WARN server.ServerUtils: Storage directory for Ratis is not configured. It is a good idea to map this to an SSD disk. Falling back to ozone.metadata.dirs
recon_1      | 2021-01-27 08:53:36,281 [Listener at 0.0.0.0/9891] INFO server.SCMDatanodeProtocolServer: RPC server for DataNodes is listening at /0.0.0.0:9891
om3_1        | 2021-01-27 08:54:06,785 [main] WARN server.ServerUtils: ozone.om.db.dirs is not configured. We recommend adding this setting. Falling back to ozone.metadata.dirs instead.
datanode3_1  | 	at org.apache.ratis.server.impl.RaftServerImpl.<init>(RaftServerImpl.java:193)
kdc_1        | Jan 27 08:52:47 kdc krb5kdc[8](info): AS_REQ (8 etypes {18 17 20 19 16 23 25 26}) 127.0.0.1: ISSUE: authtime 1611737567, etypes {rep=18 tkt=18 ses=18}, admin/admin@EXAMPLE.COM for kadmin/admin@EXAMPLE.COM
scm_1        | 2021-01-27 08:53:30,816 [Socket Reader #1 for port 9863] INFO ipc.Server: Starting Socket Reader #1 for port 9863
om2_1        | 2021-01-27 08:54:13,893 [pool-18-thread-1] INFO server.RaftServerConfigKeys: raft.server.rpc.timeout.max = 5200ms (custom)
om1_1        | 2021-01-27 08:54:10,221 [main] INFO ratis.OzoneManagerRatisServer: Instantiating OM Ratis server with GroupID: id1 and Raft Peers: om1:9872, om2:9872, om3:9872
recon_1      | 2021-01-27 08:53:36,311 [IPC Server Responder] INFO ipc.Server: IPC Server Responder: starting
om3_1        | 2021-01-27 08:54:07,970 [main] INFO codec.OmKeyInfoCodec: OmKeyInfoCodec ignorePipeline = true
datanode3_1  | 	at org.apache.ratis.server.impl.RaftServerProxy.lambda$newRaftServerImpl$4(RaftServerProxy.java:266)
kdc_1        | Jan 27 08:52:47 kdc krb5kdc[8](info): AS_REQ (8 etypes {18 17 20 19 16 23 25 26}) 127.0.0.1: SERVER_NOT_FOUND: admin/admin@EXAMPLE.COM for kadmin/localhost@EXAMPLE.COM, Server not found in Kerberos database
scm_1        | 2021-01-27 08:53:30,833 [Listener at 0.0.0.0/9863] INFO ipc.CallQueueManager: Using callQueue: class java.util.concurrent.LinkedBlockingQueue, queueCapacity: 10000, scheduler: class org.apache.hadoop.ipc.DefaultRpcScheduler, ipcBackoff: false.
om2_1        | 2021-01-27 08:54:13,893 [pool-18-thread-1] INFO server.RaftServerConfigKeys: raft.server.rpc.sleep.time = 25ms (default)
om1_1        | 2021-01-27 08:54:10,258 [main] INFO ratis.OzoneManagerStateMachine: LastAppliedIndex is set from TransactionInfo from OM DB as (t:0, i:~)
om1_1        | 2021-01-27 08:54:10,350 [main] INFO server.RaftServer: raft.rpc.type = GRPC (default)
om1_1        | 2021-01-27 08:54:10,502 [main] INFO grpc.GrpcConfigKeys: raft.grpc.admin.port = -1 (default)
om1_1        | 2021-01-27 08:54:10,502 [main] INFO grpc.GrpcConfigKeys: raft.grpc.server.port = 9872 (custom)
kdc_1        | Jan 27 08:52:47 kdc krb5kdc[8](info): AS_REQ (8 etypes {18 17 20 19 16 23 25 26}) 127.0.0.1: ISSUE: authtime 1611737567, etypes {rep=18 tkt=18 ses=18}, admin/admin@EXAMPLE.COM for kadmin/admin@EXAMPLE.COM
datanode3_1  | 	at java.base/java.util.concurrent.CompletableFuture$AsyncSupply.run(CompletableFuture.java:1700)
recon_1      | 2021-01-27 08:53:36,354 [IPC Server listener on 9891] INFO ipc.Server: IPC Server listener on 9891: starting
om1_1        | 2021-01-27 08:54:10,510 [main] INFO grpc.GrpcConfigKeys: raft.grpc.client.port = -1 (default)
om3_1        | 2021-01-27 08:54:07,980 [main] INFO codec.RepeatedOmKeyInfoCodec: RepeatedOmKeyInfoCodec ignorePipeline = true
scm_1        | 2021-01-27 08:53:30,834 [Socket Reader #1 for port 9860] INFO ipc.Server: Starting Socket Reader #1 for port 9860
om2_1        | 2021-01-27 08:54:13,894 [pool-18-thread-1] INFO server.RaftServerConfigKeys: raft.server.rpc.slowness.timeout = 120s (custom)
kdc_1        | Jan 27 08:52:47 kdc krb5kdc[8](info): AS_REQ (8 etypes {18 17 20 19 16 23 25 26}) 127.0.0.1: SERVER_NOT_FOUND: admin/admin@EXAMPLE.COM for kadmin/localhost@EXAMPLE.COM, Server not found in Kerberos database
datanode3_1  | 	at java.base/java.util.concurrent.ThreadPoolExecutor.runWorker(ThreadPoolExecutor.java:1128)
recon_1      | 2021-01-27 08:53:36,952 [Listener at 0.0.0.0/9891] INFO scm.ReconScmTask: Registered ContainerHealthTask task 
om1_1        | 2021-01-27 08:54:10,510 [main] INFO grpc.GrpcConfigKeys: raft.grpc.server.port = 9872 (custom)
om3_1        | 2021-01-27 08:54:08,574 [main] INFO Configuration.deprecation: No unit for ozone.manager.delegation.remover.scan.interval(3600000) assuming MILLISECONDS
scm_1        | 2021-01-27 08:53:30,854 [Listener at 0.0.0.0/9860] INFO http.BaseHttpServer: Starting Web-server for scm at: http://0.0.0.0:9876
om2_1        | 2021-01-27 08:54:13,894 [pool-18-thread-1] INFO server.RaftServerConfigKeys: raft.server.leaderelection.leader.step-down.wait-time = 10s (default)
kdc_1        | Jan 27 08:52:47 kdc krb5kdc[8](info): AS_REQ (8 etypes {18 17 20 19 16 23 25 26}) 127.0.0.1: ISSUE: authtime 1611737567, etypes {rep=18 tkt=18 ses=18}, admin/admin@EXAMPLE.COM for kadmin/admin@EXAMPLE.COM
datanode3_1  | 	at java.base/java.util.concurrent.ThreadPoolExecutor$Worker.run(ThreadPoolExecutor.java:628)
recon_1      | 2021-01-27 08:53:36,965 [Listener at 0.0.0.0/9891] INFO scm.ReconScmTask: Starting ContainerHealthTask Thread.
om1_1        | 2021-01-27 08:54:10,510 [main] INFO grpc.GrpcConfigKeys: raft.grpc.server.port = 9872 (custom)
om3_1        | 2021-01-27 08:54:08,600 [main] INFO security.OzoneSecretStore: Loaded 0 tokens
scm_1        | 2021-01-27 08:53:30,854 [Listener at 0.0.0.0/9860] INFO http.BaseHttpServer: Hadoop Security Enabled: true Ozone Security Enabled: true Ozone HTTP Security Enabled: true 
om2_1        | 2021-01-27 08:54:13,896 [pool-18-thread-1] INFO server.RaftServerConfigKeys: raft.server.sleep.deviation.threshold = 300ms (default)
kdc_1        | Jan 27 08:52:47 kdc krb5kdc[8](info): AS_REQ (8 etypes {18 17 20 19 16 23 25 26}) 127.0.0.1: SERVER_NOT_FOUND: admin/admin@EXAMPLE.COM for kadmin/localhost@EXAMPLE.COM, Server not found in Kerberos database
datanode3_1  | 	at java.base/java.lang.Thread.run(Thread.java:834)
recon_1      | 2021-01-27 08:53:37,036 [Listener at 0.0.0.0/9891] INFO scm.ReconScmTask: Registered PipelineSyncTask task 
om1_1        | 2021-01-27 08:54:10,511 [main] INFO server.GrpcService: raft.grpc.message.size.max = 33554432 (custom)
om3_1        | 2021-01-27 08:54:08,602 [main] INFO security.OzoneDelegationTokenSecretManager: Loading token state into token manager.
scm_1        | 2021-01-27 08:53:30,855 [Listener at 0.0.0.0/9860] INFO http.BaseHttpServer: HttpAuthType: hdds.scm.http.auth.type = kerberos
om2_1        | 2021-01-27 08:54:13,901 [pool-18-thread-1] INFO server.RaftServerConfigKeys: raft.server.log.appender.install.snapshot.enabled = false (custom)
kdc_1        | Jan 27 08:52:47 kdc krb5kdc[8](info): AS_REQ (8 etypes {18 17 20 19 16 23 25 26}) 127.0.0.1: ISSUE: authtime 1611737567, etypes {rep=18 tkt=18 ses=18}, admin/admin@EXAMPLE.COM for kadmin/admin@EXAMPLE.COM
datanode3_1  | 2021-01-27 08:54:28,124 [pool-20-thread-1] INFO server.RaftServerConfigKeys: raft.server.notification.no-leader.timeout = 300s (custom)
recon_1      | 2021-01-27 08:53:37,037 [Listener at 0.0.0.0/9891] INFO scm.ReconScmTask: Starting PipelineSyncTask Thread.
om1_1        | 2021-01-27 08:54:10,512 [main] INFO server.RaftServerConfigKeys: raft.server.log.appender.buffer.byte-limit = 33554432 (custom)
om3_1        | 2021-01-27 08:54:09,185 [main] INFO om.OzoneManager: Created Volume s3v With Owner root required for S3Gateway operations.
scm_1        | 2021-01-27 08:53:30,886 [Listener at 0.0.0.0/9860] INFO util.log: Logging initialized @17748ms to org.eclipse.jetty.util.log.Slf4jLog
om2_1        | 2021-01-27 08:54:13,912 [Socket Reader #1 for port 9862] INFO ipc.Server: Starting Socket Reader #1 for port 9862
kdc_1        | 4](Notice): Request: kadm5_create_principal, testuser/s3g@EXAMPLE.COM, success, client=admin/admin@EXAMPLE.COM, service=kadmin/admin@EXAMPLE.COM, addr=127.0.0.1
datanode3_1  | 2021-01-27 08:54:28,124 [pool-20-thread-1] INFO server.RaftServerConfigKeys: raft.server.log.use.memory = false (default)
recon_1      | 2021-01-27 08:53:37,176 [PipelineSyncTask] INFO scm.ReconPipelineManager: Recon has 0 pipelines in house.
om1_1        | 2021-01-27 08:54:10,512 [main] INFO server.GrpcService: raft.grpc.flow.control.window = 1MB (=1048576) (default)
om3_1        | 2021-01-27 08:54:09,246 [main] WARN server.ServerUtils: Storage directory for Ratis is not configured. It is a good idea to map this to an SSD disk. Falling back to ozone.metadata.dirs
scm_1        | 2021-01-27 08:53:31,019 [Listener at 0.0.0.0/9860] INFO http.HttpRequestLog: Http request log for http.requests.scm is not defined
om2_1        | 2021-01-27 08:54:13,915 [pool-18-thread-1] INFO server.RaftServer$Division: om2@group-562213E44849: ConfigurationManager, init=-1: [om1|rpc:om1:9872|priority:0, om3|rpc:om3:9872|priority:0, om2|rpc:om2:9872|priority:0], old=null, confs=<EMPTY_MAP>
kdc_1        | Jan 27 08:52:47 kdc kadmind[24](info): closing down fd 18
datanode3_1  | 2021-01-27 08:54:28,125 [pool-20-thread-1] INFO server.RaftServerConfigKeys: raft.server.log.purge.gap = 1000000 (custom)
recon_1      | 2021-01-27 08:53:37,177 [PipelineSyncTask] INFO scm.PipelineSyncTask: Pipeline sync Thread took 66 milliseconds.
om1_1        | 2021-01-27 08:54:10,513 [main] INFO server.RaftServerConfigKeys: raft.server.rpc.request.timeout = 3000ms (default)
om3_1        | 2021-01-27 08:54:09,258 [main] WARN ratis.OzoneManagerRatisServer: ozone.om.ratis.snapshot.dir is not configured. Falling back to ozone.metadata.dirs config
scm_1        | 2021-01-27 08:53:31,025 [Listener at 0.0.0.0/9860] INFO http.HttpServer2: Added global filter 'safety' (class=org.apache.hadoop.hdds.server.http.HttpServer2$QuotingInputFilter)
om2_1        | 2021-01-27 08:54:13,929 [pool-18-thread-1] INFO server.RaftServerConfigKeys: raft.server.storage.dir = [/data/metadata/ratis] (custom)
kdc_1        | Jan 27 08:52:47 kdc kadmind[24](Notice): Request: kadm5_init, admin/admin@EXAMPLE.COM, success, client=admin/admin@EXAMPLE.COM, service=kadmin/admin@EXAMPLE.COM, addr=127.0.0.1, vers=4, flavor=6
datanode3_1  | 2021-01-27 08:54:28,125 [pool-20-thread-1] INFO server.RaftServerConfigKeys: raft.server.log.appender.buffer.byte-limit = 33554432 (custom)
recon_1      | 2021-01-27 08:53:37,480 [ContainerHealthTask] INFO fsck.ContainerHealthTask: Container Health task thread took 464 milliseconds to process 0 existing database records.
om1_1        | 2021-01-27 08:54:11,023 [main] INFO impl.DataStreamServerImpl: raft.datastream.type = DISABLED (default)
om3_1        | 2021-01-27 08:54:09,268 [main] INFO snapshot.OzoneManagerSnapshotProvider: Initializing OM Snapshot Provider
scm_1        | 2021-01-27 08:53:31,026 [Listener at 0.0.0.0/9860] INFO http.HttpServer2: Added filter authentication (class=org.apache.hadoop.security.authentication.server.AuthenticationFilter) to context scm
om2_1        | 2021-01-27 08:54:13,947 [pool-18-thread-1] INFO server.RaftServerConfigKeys: raft.server.log.corruption.policy = EXCEPTION (default)
kdc_1        | Jan 27 08:52:47 kdc kadmind[24](Notice): Request: kadm5_randkey_principal, testuser/s3g@EXAMPLE.COM, success, client=admin/admin@EXAMPLE.COM, service=kadmin/admin@EXAMPLE.COM, addr=127.0.0.1
datanode3_1  | 2021-01-27 08:54:28,125 [pool-20-thread-1] INFO metrics.RatisMetrics: Creating Metrics Registry : ratis.log_worker.01a48d57-5629-40bc-9b2f-d69ef5d18c06@group-5FF977D6DC44
recon_1      | 2021-01-27 08:53:37,567 [ContainerHealthTask] INFO fsck.ContainerHealthTask: Container Health task thread took 83 milliseconds for processing 0 containers.
om1_1        | 2021-01-27 08:54:11,031 [main] INFO server.RaftServerConfigKeys: raft.server.rpc.slowness.timeout = 120s (custom)
om3_1        | 2021-01-27 08:54:09,749 [main] INFO metrics.MetricRegistries: Loaded MetricRegistries class org.apache.ratis.metrics.impl.MetricRegistriesImpl
scm_1        | 2021-01-27 08:53:31,026 [Listener at 0.0.0.0/9860] INFO http.HttpServer2: Added filter authentication (class=org.apache.hadoop.security.authentication.server.AuthenticationFilter) to context logs
om2_1        | 2021-01-27 08:54:13,948 [pool-18-thread-1] INFO storage.RaftStorageDirectory: The storage directory /data/metadata/ratis/fafe1b60-c241-37cc-98f4-562213e44849 does not exist. Creating ...
kdc_1        | Jan 27 08:52:47 kdc kadmind[24](Notice): Request: kadm5_get_principal, testuser/s3g@EXAMPLE.COM, success, client=admin/admin@EXAMPLE.COM, service=kadmin/admin@EXAMPLE.COM, addr=127.0.0.1
datanode3_1  | 2021-01-27 08:54:28,125 [pool-20-thread-1] INFO server.RaftServerConfigKeys: raft.server.log.segment.size.max = 1048576 (custom)
recon_1      | 2021-01-27 08:53:48,838 [pool-16-thread-1] INFO impl.OzoneManagerServiceProviderImpl: Syncing data from Ozone Manager.
om1_1        | 2021-01-27 08:54:11,036 [main] INFO server.RaftServerConfigKeys: raft.server.leaderelection.leader.step-down.wait-time = 10s (default)
om3_1        | 2021-01-27 08:54:09,822 [main] WARN server.ServerUtils: Storage directory for Ratis is not configured. It is a good idea to map this to an SSD disk. Falling back to ozone.metadata.dirs
scm_1        | 2021-01-27 08:53:31,026 [Listener at 0.0.0.0/9860] INFO http.HttpServer2: Added filter authentication (class=org.apache.hadoop.security.authentication.server.AuthenticationFilter) to context static
om2_1        | 2021-01-27 08:54:14,035 [pool-18-thread-1] INFO storage.RaftStorageDirectory: Lock on /data/metadata/ratis/fafe1b60-c241-37cc-98f4-562213e44849/in_use.lock acquired by nodename 6@om2
kdc_1        | Jan 27 08:52:47 kdc kadmind[24](info): closing down fd 18
datanode3_1  | 2021-01-27 08:54:28,125 [pool-20-thread-1] INFO server.RaftServerConfigKeys: raft.server.log.segment.cache.num.max = 2 (custom)
recon_1      | 2021-01-27 08:53:48,840 [pool-16-thread-1] INFO impl.OzoneManagerServiceProviderImpl: Obtaining full snapshot from Ozone Manager
om1_1        | 2021-01-27 08:54:11,069 [main] INFO server.RaftServerConfigKeys: raft.server.storage.dir = [/data/metadata/ratis] (custom)
om3_1        | 2021-01-27 08:54:09,885 [main] INFO ratis.OzoneManagerRatisServer: Instantiating OM Ratis server with GroupID: id1 and Raft Peers: om3:9872, om1:9872, om2:9872
scm_1        | 2021-01-27 08:53:31,029 [Listener at 0.0.0.0/9860] INFO http.HttpServer2: Initialize spnego with host: 0.0.0.0 userKey: hdds.scm.http.auth.kerberos.principal keytabKey: hdds.scm.http.auth.kerberos.keytab
om2_1        | 2021-01-27 08:54:14,139 [pool-18-thread-1] INFO storage.RaftStorage: Storage directory /data/metadata/ratis/fafe1b60-c241-37cc-98f4-562213e44849 has been successfully formatted.
kdc_1        | Jan 27 08:52:47 kdc kadmind[24](Notice): Request: kadm5_init, admin/admin@EXAMPLE.COM, success, client=admin/admin@EXAMPLE.COM, service=kadmin/admin@EXAMPLE.COM, addr=127.0.0.1, vers=4, flavor=6
datanode3_1  | 2021-01-27 08:54:28,125 [pool-20-thread-1] INFO server.RaftServerConfigKeys: raft.server.log.segment.cache.size.max = 200MB (=209715200) (default)
recon_1      | 2021-01-27 08:53:49,333 [pool-16-thread-1] INFO retry.RetryInvocationHandler: com.google.protobuf.ServiceException: java.net.ConnectException: Call From recon/172.25.0.115 to om2:9862 failed on connection exception: java.net.ConnectException: Connection refused; For more details see:  http://wiki.apache.org/hadoop/ConnectionRefused, while invoking $Proxy41.submitRequest over nodeId=om2,nodeAddress=om2:9862 after 1 failover attempts. Trying to failover immediately.
om1_1        | 2021-01-27 08:54:11,115 [main] INFO server.RaftServer: om1: addNew group-562213E44849:[om1|rpc:om1:9872|priority:0, om3|rpc:om3:9872|priority:0, om2|rpc:om2:9872|priority:0] returns group-562213E44849:java.util.concurrent.CompletableFuture@1e4a4ed5[Not completed]
om3_1        | 2021-01-27 08:54:09,914 [main] INFO ratis.OzoneManagerStateMachine: LastAppliedIndex is set from TransactionInfo from OM DB as (t:0, i:~)
scm_1        | 2021-01-27 08:53:31,063 [Listener at 0.0.0.0/9860] INFO server.StorageContainerManager: StorageContainerLocationProtocol RPC server is listening at /0.0.0.0:9860
om2_1        | 2021-01-27 08:54:14,151 [pool-18-thread-1] ERROR storage.RaftStorage: Failed reading configuration from file:/data/metadata/ratis/fafe1b60-c241-37cc-98f4-562213e44849/current/raft-meta.conf
kdc_1        | Jan 27 08:52:47 kdc kadmind[24](Notice): Request: kadm5_get_policy, default, Policy does not exist, client=admin/admin@EXAMPLE.COM, service=kadmin/admin@EXAMPLE.COM, addr=127.0.0.1
datanode3_1  | 2021-01-27 08:54:28,125 [pool-20-thread-1] INFO segmented.SegmentedRaftLogWorker: new 01a48d57-5629-40bc-9b2f-d69ef5d18c06@group-5FF977D6DC44-SegmentedRaftLogWorker for RaftStorageImpl:Storage Directory /data/metadata/ratis/16b335c3-5055-4e51-8289-5ff977d6dc44
recon_1      | 2021-01-27 08:53:49,344 [pool-16-thread-1] INFO retry.RetryInvocationHandler: com.google.protobuf.ServiceException: java.net.ConnectException: Call From recon/172.25.0.115 to om3:9862 failed on connection exception: java.net.ConnectException: Connection refused; For more details see:  http://wiki.apache.org/hadoop/ConnectionRefused, while invoking $Proxy41.submitRequest over nodeId=om3,nodeAddress=om3:9862 after 2 failover attempts. Trying to failover after sleeping for 2000ms.
om1_1        | 2021-01-27 08:54:11,115 [main] INFO om.OzoneManager: OzoneManager Ratis server initialized at port 9872
om3_1        | 2021-01-27 08:54:09,973 [main] INFO server.RaftServer: raft.rpc.type = GRPC (default)
scm_1        | 2021-01-27 08:53:31,204 [Listener at 0.0.0.0/9860] INFO impl.MetricsConfig: Loaded properties from hadoop-metrics2.properties
om2_1        | java.io.FileNotFoundException: /data/metadata/ratis/fafe1b60-c241-37cc-98f4-562213e44849/current/raft-meta.conf (No such file or directory)
kdc_1        | Jan 27 08:52:47 kdc kadmind[24](Notice): Request: kadm5_create_principal, HTTP/om1@EXAMPLE.COM, success, client=admin/admin@EXAMPLE.COM, service=kadmin/admin@EXAMPLE.COM, addr=127.0.0.1
datanode3_1  | 2021-01-27 08:54:28,125 [pool-20-thread-1] INFO server.RaftServerConfigKeys: raft.server.log.queue.byte-limit = 2147483647 (custom)
recon_1      | 2021-01-27 08:53:51,359 [pool-16-thread-1] INFO retry.RetryInvocationHandler: com.google.protobuf.ServiceException: java.net.ConnectException: Call From recon/172.25.0.115 to om1:9862 failed on connection exception: java.net.ConnectException: Connection refused; For more details see:  http://wiki.apache.org/hadoop/ConnectionRefused, while invoking $Proxy41.submitRequest over nodeId=om1,nodeAddress=om1:9862 after 3 failover attempts. Trying to failover immediately.
om1_1        | 2021-01-27 08:54:11,218 [pool-18-thread-1] INFO server.RaftServer$Division: om1: new RaftServerImpl for group-562213E44849:[om1|rpc:om1:9872|priority:0, om3|rpc:om3:9872|priority:0, om2|rpc:om2:9872|priority:0] with OzoneManagerStateMachine:uninitialized
om3_1        | 2021-01-27 08:54:10,146 [main] INFO grpc.GrpcConfigKeys: raft.grpc.admin.port = -1 (default)
scm_1        | 2021-01-27 08:53:31,240 [Listener at 0.0.0.0/9860] INFO impl.MetricsSystemImpl: Scheduled Metric snapshot period at 10 second(s).
om2_1        | 	at java.base/java.io.FileInputStream.open0(Native Method)
kdc_1        | Jan 27 08:52:47 kdc kadmind[24](info): closing down fd 18
datanode3_1  | 2021-01-27 08:54:28,125 [pool-20-thread-1] INFO server.RaftServerConfigKeys: raft.server.log.queue.element-limit = 1024 (custom)
recon_1      | 2021-01-27 08:53:51,360 [pool-16-thread-1] INFO retry.RetryInvocationHandler: com.google.protobuf.ServiceException: java.net.ConnectException: Call From recon/172.25.0.115 to om2:9862 failed on connection exception: java.net.ConnectException: Connection refused; For more details see:  http://wiki.apache.org/hadoop/ConnectionRefused, while invoking $Proxy41.submitRequest over nodeId=om2,nodeAddress=om2:9862 after 4 failover attempts. Trying to failover immediately.
om1_1        | 2021-01-27 08:54:11,236 [pool-18-thread-1] INFO server.RaftServerConfigKeys: raft.server.rpc.timeout.min = 5s (custom)
om3_1        | 2021-01-27 08:54:10,151 [main] INFO grpc.GrpcConfigKeys: raft.grpc.server.port = 9872 (custom)
scm_1        | 2021-01-27 08:53:31,240 [Listener at 0.0.0.0/9860] INFO impl.MetricsSystemImpl: StorageContainerManager metrics system started
om2_1        | 	at java.base/java.io.FileInputStream.open(FileInputStream.java:219)
kdc_1        | Jan 27 08:52:47 kdc kadmind[24](Notice): Request: kadm5_init, admin/admin@EXAMPLE.COM, success, client=admin/admin@EXAMPLE.COM, service=kadmin/admin@EXAMPLE.COM, addr=127.0.0.1, vers=4, flavor=6
datanode3_1  | 2021-01-27 08:54:28,125 [pool-20-thread-1] INFO server.RaftServerConfigKeys: raft.server.log.segment.size.max = 1048576 (custom)
recon_1      | 2021-01-27 08:53:51,362 [pool-16-thread-1] INFO retry.RetryInvocationHandler: com.google.protobuf.ServiceException: java.net.ConnectException: Call From recon/172.25.0.115 to om3:9862 failed on connection exception: java.net.ConnectException: Connection refused; For more details see:  http://wiki.apache.org/hadoop/ConnectionRefused, while invoking $Proxy41.submitRequest over nodeId=om3,nodeAddress=om3:9862 after 5 failover attempts. Trying to failover after sleeping for 2000ms.
om1_1        | 2021-01-27 08:54:11,236 [pool-18-thread-1] INFO server.RaftServerConfigKeys: raft.server.rpc.timeout.max = 5200ms (custom)
om3_1        | 2021-01-27 08:54:10,151 [main] INFO grpc.GrpcConfigKeys: raft.grpc.client.port = -1 (default)
scm_1        | 2021-01-27 08:53:31,412 [Listener at 0.0.0.0/9860] INFO server.SCMClientProtocolServer: RPC server for Client  is listening at /0.0.0.0:9860
om2_1        | 	at java.base/java.io.FileInputStream.<init>(FileInputStream.java:157)
kdc_1        | Jan 27 08:52:47 kdc kadmind[24](Notice): Request: kadm5_randkey_principal, HTTP/om1@EXAMPLE.COM, success, client=admin/admin@EXAMPLE.COM, service=kadmin/admin@EXAMPLE.COM, addr=127.0.0.1
datanode3_1  | 2021-01-27 08:54:28,125 [pool-20-thread-1] INFO server.RaftServerConfigKeys: raft.server.log.preallocated.size = 16384 (custom)
recon_1      | 2021-01-27 08:53:53,225 [Socket Reader #1 for port 9891] INFO ipc.Server: Auth successful for dn/216945ce4c1b@EXAMPLE.COM (auth:KERBEROS) from 172.25.0.104:37875
recon_1      | 2021-01-27 08:53:53,246 [Socket Reader #1 for port 9891] INFO authorize.ServiceAuthorizationManager: Authorization successful for dn/216945ce4c1b@EXAMPLE.COM (auth:KERBEROS) for protocol=interface org.apache.hadoop.ozone.protocol.ReconDatanodeProtocol
om3_1        | 2021-01-27 08:54:10,155 [main] INFO grpc.GrpcConfigKeys: raft.grpc.server.port = 9872 (custom)
scm_1        | 2021-01-27 08:53:31,414 [IPC Server Responder] INFO ipc.Server: IPC Server Responder: starting
om2_1        | 	at org.apache.ratis.server.storage.RaftStorageImpl.readRaftConfiguration(RaftStorageImpl.java:143)
kdc_1        | Jan 27 08:52:47 kdc kadmind[24](Notice): Request: kadm5_get_principal, HTTP/om1@EXAMPLE.COM, success, client=admin/admin@EXAMPLE.COM, service=kadmin/admin@EXAMPLE.COM, addr=127.0.0.1
recon_1      | 2021-01-27 08:53:53,364 [pool-16-thread-1] INFO retry.RetryInvocationHandler: com.google.protobuf.ServiceException: java.net.ConnectException: Call From recon/172.25.0.115 to om1:9862 failed on connection exception: java.net.ConnectException: Connection refused; For more details see:  http://wiki.apache.org/hadoop/ConnectionRefused, while invoking $Proxy41.submitRequest over nodeId=om1,nodeAddress=om1:9862 after 6 failover attempts. Trying to failover immediately.
om1_1        | 2021-01-27 08:54:11,237 [pool-18-thread-1] INFO server.RaftServerConfigKeys: raft.server.rpc.sleep.time = 25ms (default)
datanode3_1  | 2021-01-27 08:54:28,125 [pool-20-thread-1] INFO server.RaftServerConfigKeys: raft.server.log.force.sync.num = 128 (default)
om3_1        | 2021-01-27 08:54:10,155 [main] INFO grpc.GrpcConfigKeys: raft.grpc.server.port = 9872 (custom)
scm_1        | 2021-01-27 08:53:31,425 [IPC Server listener on 9860] INFO ipc.Server: IPC Server listener on 9860: starting
om2_1        | 	at org.apache.ratis.server.impl.ServerState.<init>(ServerState.java:122)
kdc_1        | Jan 27 08:52:47 kdc kadmind[24](info): closing down fd 18
recon_1      | 2021-01-27 08:53:53,365 [pool-16-thread-1] INFO retry.RetryInvocationHandler: com.google.protobuf.ServiceException: java.net.ConnectException: Call From recon/172.25.0.115 to om2:9862 failed on connection exception: java.net.ConnectException: Connection refused; For more details see:  http://wiki.apache.org/hadoop/ConnectionRefused, while invoking $Proxy41.submitRequest over nodeId=om2,nodeAddress=om2:9862 after 7 failover attempts. Trying to failover immediately.
om1_1        | 2021-01-27 08:54:11,238 [pool-18-thread-1] INFO server.RaftServerConfigKeys: raft.server.rpc.slowness.timeout = 120s (custom)
datanode3_1  | 2021-01-27 08:54:28,125 [pool-20-thread-1] INFO server.RaftServerConfigKeys: raft.server.log.statemachine.data.sync = true (default)
om3_1        | 2021-01-27 08:54:10,156 [main] INFO server.GrpcService: raft.grpc.message.size.max = 33554432 (custom)
scm_1        | 2021-01-27 08:53:31,461 [Listener at 0.0.0.0/9860] INFO server.StorageContainerManager: ScmBlockLocationProtocol RPC server is listening at /0.0.0.0:9863
om2_1        | 	at org.apache.ratis.server.impl.RaftServerImpl.<init>(RaftServerImpl.java:193)
kdc_1        | Jan 27 08:52:47 kdc kadmind[24](Notice): Request: kadm5_init, admin/admin@EXAMPLE.COM, success, client=admin/admin@EXAMPLE.COM, service=kadmin/admin@EXAMPLE.COM, addr=127.0.0.1, vers=4, flavor=6
recon_1      | 2021-01-27 08:53:53,371 [pool-16-thread-1] INFO retry.RetryInvocationHandler: com.google.protobuf.ServiceException: java.net.ConnectException: Call From recon/172.25.0.115 to om3:9862 failed on connection exception: java.net.ConnectException: Connection refused; For more details see:  http://wiki.apache.org/hadoop/ConnectionRefused, while invoking $Proxy41.submitRequest over nodeId=om3,nodeAddress=om3:9862 after 8 failover attempts. Trying to failover after sleeping for 2000ms.
om1_1        | 2021-01-27 08:54:11,238 [pool-18-thread-1] INFO server.RaftServerConfigKeys: raft.server.leaderelection.leader.step-down.wait-time = 10s (default)
datanode3_1  | 2021-01-27 08:54:28,125 [pool-20-thread-1] INFO server.RaftServerConfigKeys: raft.server.log.statemachine.data.sync.timeout = 10s (default)
om3_1        | 2021-01-27 08:54:10,160 [main] INFO server.RaftServerConfigKeys: raft.server.log.appender.buffer.byte-limit = 33554432 (custom)
scm_1        | 2021-01-27 08:53:31,483 [Listener at 0.0.0.0/9860] INFO server.SCMBlockProtocolServer: RPC server for Block Protocol is listening at /0.0.0.0:9863
om2_1        | 	at org.apache.ratis.server.impl.RaftServerProxy.lambda$newRaftServerImpl$4(RaftServerProxy.java:266)
kdc_1        | Jan 27 08:52:47 kdc kadmind[24](Notice): Request: kadm5_get_policy, default, Policy does not exist, client=admin/admin@EXAMPLE.COM, service=kadmin/admin@EXAMPLE.COM, addr=127.0.0.1
recon_1      | 2021-01-27 08:53:54,667 [Socket Reader #1 for port 9891] INFO ipc.Server: Auth successful for dn/c88ffc93a2b6@EXAMPLE.COM (auth:KERBEROS) from 172.25.0.103:40699
om1_1        | 2021-01-27 08:54:11,241 [pool-18-thread-1] INFO server.RaftServerConfigKeys: raft.server.sleep.deviation.threshold = 300ms (default)
datanode3_1  | 2021-01-27 08:54:28,125 [pool-20-thread-1] INFO server.RaftServerConfigKeys: raft.server.log.statemachine.data.sync.timeout.retry = -1 (default)
om3_1        | 2021-01-27 08:54:10,160 [main] INFO server.GrpcService: raft.grpc.flow.control.window = 1MB (=1048576) (default)
scm_1        | 2021-01-27 08:53:31,499 [IPC Server Responder] INFO ipc.Server: IPC Server Responder: starting
om2_1        | 	at java.base/java.util.concurrent.CompletableFuture$AsyncSupply.run(CompletableFuture.java:1700)
kdc_1        | Jan 27 08:52:47 kdc kadmind[24](Notice): Request: kadm5_create_principal, dn/216945ce4c1b@EXAMPLE.COM, success, client=admin/admin@EXAMPLE.COM, service=kadmin/admin@EXAMPLE.COM, addr=127.0.0.1
recon_1      | 2021-01-27 08:53:54,729 [Socket Reader #1 for port 9891] INFO authorize.ServiceAuthorizationManager: Authorization successful for dn/c88ffc93a2b6@EXAMPLE.COM (auth:KERBEROS) for protocol=interface org.apache.hadoop.ozone.protocol.ReconDatanodeProtocol
datanode3_1  | 2021-01-27 08:54:28,126 [pool-20-thread-1] INFO server.RaftServerConfigKeys: raft.server.log.write.buffer.size = 1048576 (custom)
om1_1        | 2021-01-27 08:54:11,247 [pool-18-thread-1] INFO server.RaftServerConfigKeys: raft.server.log.appender.install.snapshot.enabled = false (custom)
om3_1        | 2021-01-27 08:54:10,161 [main] INFO server.RaftServerConfigKeys: raft.server.rpc.request.timeout = 3000ms (default)
scm_1        | 2021-01-27 08:53:31,502 [IPC Server listener on 9863] INFO ipc.Server: IPC Server listener on 9863: starting
om2_1        | 	at java.base/java.util.concurrent.ThreadPoolExecutor.runWorker(ThreadPoolExecutor.java:1128)
kdc_1        | Jan 27 08:52:47 kdc kadmind[24](info): closing down fd 18
recon_1      | 2021-01-27 08:53:55,395 [pool-16-thread-1] INFO retry.RetryInvocationHandler: com.google.protobuf.ServiceException: java.net.ConnectException: Call From recon/172.25.0.115 to om1:9862 failed on connection exception: java.net.ConnectException: Connection refused; For more details see:  http://wiki.apache.org/hadoop/ConnectionRefused, while invoking $Proxy41.submitRequest over nodeId=om1,nodeAddress=om1:9862 after 9 failover attempts. Trying to failover immediately.
datanode3_1  | 2021-01-27 08:54:28,127 [pool-20-thread-1] INFO server.RaftServerConfigKeys: raft.server.log.statemachine.data.caching.enabled = true (custom)
om1_1        | 2021-01-27 08:54:11,260 [pool-18-thread-1] INFO server.RaftServer$Division: om1@group-562213E44849: ConfigurationManager, init=-1: [om1|rpc:om1:9872|priority:0, om3|rpc:om3:9872|priority:0, om2|rpc:om2:9872|priority:0], old=null, confs=<EMPTY_MAP>
om3_1        | 2021-01-27 08:54:10,727 [main] INFO impl.DataStreamServerImpl: raft.datastream.type = DISABLED (default)
scm_1        | 2021-01-27 08:53:31,510 [Listener at 0.0.0.0/9860] INFO server.StorageContainerManager: ScmDatanodeProtocl RPC server is listening at /0.0.0.0:9861
om2_1        | 	at java.base/java.util.concurrent.ThreadPoolExecutor$Worker.run(ThreadPoolExecutor.java:628)
kdc_1        | Jan 27 08:52:47 kdc kadmind[24](Notice): Request: kadm5_init, admin/admin@EXAMPLE.COM, success, client=admin/admin@EXAMPLE.COM, service=kadmin/admin@EXAMPLE.COM, addr=127.0.0.1, vers=4, flavor=6
recon_1      | 2021-01-27 08:53:55,396 [pool-16-thread-1] INFO retry.RetryInvocationHandler: com.google.protobuf.ServiceException: java.net.ConnectException: Call From recon/172.25.0.115 to om2:9862 failed on connection exception: java.net.ConnectException: Connection refused; For more details see:  http://wiki.apache.org/hadoop/ConnectionRefused, while invoking $Proxy41.submitRequest over nodeId=om2,nodeAddress=om2:9862 after 10 failover attempts. Trying to failover immediately.
datanode3_1  | 2021-01-27 08:54:28,134 [pool-20-thread-1] INFO segmented.SegmentedRaftLogWorker: 01a48d57-5629-40bc-9b2f-d69ef5d18c06@group-5FF977D6DC44-SegmentedRaftLogWorker: flushIndex: setUnconditionally 0 -> -1
om1_1        | 2021-01-27 08:54:11,280 [pool-18-thread-1] INFO server.RaftServerConfigKeys: raft.server.storage.dir = [/data/metadata/ratis] (custom)
om3_1        | 2021-01-27 08:54:10,729 [main] INFO server.RaftServerConfigKeys: raft.server.rpc.slowness.timeout = 120s (custom)
scm_1        | 2021-01-27 08:53:31,510 [Listener at 0.0.0.0/9860] INFO server.SCMDatanodeProtocolServer: RPC server for DataNodes is listening at /0.0.0.0:9861
om2_1        | 	at java.base/java.lang.Thread.run(Thread.java:834)
kdc_1        | Jan 27 08:52:47 kdc kadmind[24](Notice): Request: kadm5_randkey_principal, dn/216945ce4c1b@EXAMPLE.COM, success, client=admin/admin@EXAMPLE.COM, service=kadmin/admin@EXAMPLE.COM, addr=127.0.0.1
recon_1      | 2021-01-27 08:53:55,397 [pool-16-thread-1] INFO retry.RetryInvocationHandler: com.google.protobuf.ServiceException: java.net.ConnectException: Call From recon/172.25.0.115 to om3:9862 failed on connection exception: java.net.ConnectException: Connection refused; For more details see:  http://wiki.apache.org/hadoop/ConnectionRefused, while invoking $Proxy41.submitRequest over nodeId=om3,nodeAddress=om3:9862 after 11 failover attempts. Trying to failover after sleeping for 2000ms.
datanode3_1  | 2021-01-27 08:54:28,134 [pool-20-thread-1] INFO segmented.SegmentedRaftLogWorker: 01a48d57-5629-40bc-9b2f-d69ef5d18c06@group-5FF977D6DC44-SegmentedRaftLogWorker: safeCacheEvictIndex: setUnconditionally 0 -> -1
om1_1        | 2021-01-27 08:54:11,300 [main] INFO ipc.CallQueueManager: Using callQueue: class java.util.concurrent.LinkedBlockingQueue, queueCapacity: 10000, scheduler: class org.apache.hadoop.ipc.DefaultRpcScheduler, ipcBackoff: false.
om3_1        | 2021-01-27 08:54:10,731 [main] INFO server.RaftServerConfigKeys: raft.server.leaderelection.leader.step-down.wait-time = 10s (default)
scm_1        | 2021-01-27 08:53:31,511 [IPC Server Responder] INFO ipc.Server: IPC Server Responder: starting
om2_1        | 2021-01-27 08:54:14,167 [pool-18-thread-1] INFO server.RaftServerConfigKeys: raft.server.notification.no-leader.timeout = 120s (custom)
kdc_1        | Jan 27 08:52:47 kdc kadmind[24](Notice): Request: kadm5_get_principal, dn/216945ce4c1b@EXAMPLE.COM, success, client=admin/admin@EXAMPLE.COM, service=kadmin/admin@EXAMPLE.COM, addr=127.0.0.1
recon_1      | 2021-01-27 08:53:55,590 [IPC Server handler 19 on default port 9891] INFO net.NetworkTopologyImpl: Added a new node: /default-rack/01a48d57-5629-40bc-9b2f-d69ef5d18c06
datanode3_1  | 2021-01-27 08:54:28,175 [pool-20-thread-1] INFO server.RaftServerConfigKeys: raft.server.snapshot.auto.trigger.enabled = true (custom)
datanode3_1  | 2021-01-27 08:54:28,175 [pool-20-thread-1] INFO server.RaftServerConfigKeys: raft.server.snapshot.auto.trigger.threshold = 10000 (custom)
om3_1        | 2021-01-27 08:54:10,771 [main] INFO server.RaftServerConfigKeys: raft.server.storage.dir = [/data/metadata/ratis] (custom)
scm_1        | 2021-01-27 08:53:31,512 [IPC Server listener on 9861] INFO ipc.Server: IPC Server listener on 9861: starting
om2_1        | 2021-01-27 08:54:14,175 [pool-18-thread-1] INFO server.RaftServerConfigKeys: raft.server.log.use.memory = false (default)
kdc_1        | Jan 27 08:52:47 kdc kadmind[24](info): closing down fd 18
om1_1        | 2021-01-27 08:54:11,310 [pool-18-thread-1] INFO server.RaftServerConfigKeys: raft.server.log.corruption.policy = EXCEPTION (default)
datanode3_1  | 2021-01-27 08:54:28,175 [pool-20-thread-1] INFO server.RaftServerConfigKeys: raft.server.snapshot.retention.file.num = 5 (custom)
recon_1      | 2021-01-27 08:53:55,686 [IPC Server handler 19 on default port 9891] INFO node.SCMNodeManager: Registered Data node : 01a48d57-5629-40bc-9b2f-d69ef5d18c06{ip: 172.25.0.104, host: ozonesecure-om-ha_datanode3_1.ozonesecure-om-ha_ozone_net, networkLocation: /default-rack, certSerialId: 2654056584492, persistedOpState: IN_SERVICE, persistedOpStateExpiryEpochSec: 0}
om3_1        | 2021-01-27 08:54:10,790 [main] INFO server.RaftServer: om3: addNew group-562213E44849:[om1|rpc:om1:9872|priority:0, om3|rpc:om3:9872|priority:0, om2|rpc:om2:9872|priority:0] returns group-562213E44849:java.util.concurrent.CompletableFuture@1e4a4ed5[Not completed]
scm_1        | 2021-01-27 08:53:31,538 [Listener at 0.0.0.0/9860] INFO server.SCMSecurityProtocolServer: Starting RPC server for SCMSecurityProtocolServer. is listening at /0.0.0.0:9961
om2_1        | 2021-01-27 08:54:14,232 [pool-18-thread-1] INFO server.RaftServerConfigKeys: raft.server.log.purge.gap = 1000000 (custom)
kdc_1        | WARNING: no policy specified for dn/c88ffc93a2b6@EXAMPLE.COM; defaulting to no policy
om1_1        | 2021-01-27 08:54:11,318 [pool-18-thread-1] INFO storage.RaftStorageDirectory: The storage directory /data/metadata/ratis/fafe1b60-c241-37cc-98f4-562213e44849 does not exist. Creating ...
datanode3_1  | 2021-01-27 08:54:28,175 [pool-20-thread-1] INFO server.RaftServerConfigKeys: raft.server.log.purge.upto.snapshot.index = false (default)
recon_1      | 2021-01-27 08:53:55,907 [EventQueue-NewNodeForReconNewNodeHandler] INFO scm.ReconNodeManager: Adding new node 01a48d57-5629-40bc-9b2f-d69ef5d18c06 to Node DB.
om3_1        | 2021-01-27 08:54:10,791 [main] INFO om.OzoneManager: OzoneManager Ratis server initialized at port 9872
scm_1        | 2021-01-27 08:53:31,547 [IPC Server Responder] INFO ipc.Server: IPC Server Responder: starting
scm_1        | 2021-01-27 08:53:31,549 [IPC Server listener on 9961] INFO ipc.Server: IPC Server listener on 9961: starting
scm_1        | 2021-01-27 08:53:31,550 [Listener at 0.0.0.0/9860] INFO http.HttpServer2: Jetty bound to port 9876
scm_1        | 2021-01-27 08:53:31,555 [Listener at 0.0.0.0/9860] INFO server.Server: jetty-9.4.34.v20201102; built: 2020-11-02T14:15:39.302Z; git: e46af88704a893fc12cb0e3bf46e2c7b48a009e7; jvm 11.0.7+10-LTS
datanode3_1  | 2021-01-27 08:54:28,176 [pool-20-thread-1] INFO server.RaftServerConfigKeys: raft.server.retrycache.expirytime = 600000ms (custom)
datanode3_1  | 2021-01-27 08:54:28,176 [pool-20-thread-1] INFO server.RaftServerConfigKeys: raft.server.retrycache.statistics.expirytime = 100?s (default)
recon_1      | 2021-01-27 08:53:56,223 [Socket Reader #1 for port 9891] INFO ipc.Server: Auth successful for dn/3d5c3aaae39f@EXAMPLE.COM (auth:KERBEROS) from 172.25.0.102:41261
scm_1        | 2021-01-27 08:53:31,939 [Listener at 0.0.0.0/9860] INFO server.session: DefaultSessionIdManager workerName=node0
om3_1        | 2021-01-27 08:54:10,840 [pool-18-thread-1] INFO server.RaftServer$Division: om3: new RaftServerImpl for group-562213E44849:[om1|rpc:om1:9872|priority:0, om3|rpc:om3:9872|priority:0, om2|rpc:om2:9872|priority:0] with OzoneManagerStateMachine:uninitialized
kdc_1        | Principal "dn/c88ffc93a2b6@EXAMPLE.COM" created.
datanode3_1  | 2021-01-27 08:54:28,176 [pool-20-thread-1] INFO metrics.RatisMetrics: Creating Metrics Registry : ratis.leader_election.01a48d57-5629-40bc-9b2f-d69ef5d18c06@group-5FF977D6DC44
recon_1      | 2021-01-27 08:53:56,235 [Socket Reader #1 for port 9891] INFO authorize.ServiceAuthorizationManager: Authorization successful for dn/3d5c3aaae39f@EXAMPLE.COM (auth:KERBEROS) for protocol=interface org.apache.hadoop.ozone.protocol.ReconDatanodeProtocol
om1_1        | 2021-01-27 08:54:11,361 [Socket Reader #1 for port 9862] INFO ipc.Server: Starting Socket Reader #1 for port 9862
om2_1        | 2021-01-27 08:54:14,233 [pool-18-thread-1] INFO server.RaftServerConfigKeys: raft.server.log.appender.buffer.byte-limit = 33554432 (custom)
scm_1        | 2021-01-27 08:53:31,939 [Listener at 0.0.0.0/9860] INFO server.session: No SessionScavenger set, using defaults
om3_1        | 2021-01-27 08:54:10,879 [pool-18-thread-1] INFO server.RaftServerConfigKeys: raft.server.rpc.timeout.min = 5s (custom)
kdc_1        | Authenticating as principal admin/admin with keytab /tmp/admin.keytab.
datanode3_1  | 2021-01-27 08:54:28,177 [pool-20-thread-1] INFO metrics.RatisMetrics: Creating Metrics Registry : ratis.server.01a48d57-5629-40bc-9b2f-d69ef5d18c06@group-5FF977D6DC44
recon_1      | 2021-01-27 08:53:56,368 [IPC Server handler 3 on default port 9891] INFO net.NetworkTopologyImpl: Added a new node: /default-rack/0bfab1d7-5e9e-40aa-b4a6-4fd54fef83c7
om1_1        | 2021-01-27 08:54:11,443 [pool-18-thread-1] INFO storage.RaftStorageDirectory: Lock on /data/metadata/ratis/fafe1b60-c241-37cc-98f4-562213e44849/in_use.lock acquired by nodename 7@om1
om2_1        | 2021-01-27 08:54:14,275 [pool-18-thread-1] INFO metrics.RatisMetrics: Creating Metrics Registry : ratis.log_worker.om2@group-562213E44849
scm_1        | 2021-01-27 08:53:31,957 [Listener at 0.0.0.0/9860] INFO server.session: node0 Scavenging every 600000ms
om3_1        | 2021-01-27 08:54:10,880 [pool-18-thread-1] INFO server.RaftServerConfigKeys: raft.server.rpc.timeout.max = 5200ms (custom)
kdc_1        | Entry for principal dn/c88ffc93a2b6@EXAMPLE.COM with kvno 2, encryption type aes256-cts-hmac-sha1-96 added to keytab WRFILE:/data/dn.c88ffc93a2b6.keytab.
datanode3_1  | 2021-01-27 08:54:28,178 [pool-20-thread-1] INFO server.RaftServer$Division: 01a48d57-5629-40bc-9b2f-d69ef5d18c06@group-5FF977D6DC44: start as a follower, conf=-1: [01a48d57-5629-40bc-9b2f-d69ef5d18c06|rpc:172.25.0.104:9858|priority:1], old=null
recon_1      | 2021-01-27 08:53:56,369 [IPC Server handler 3 on default port 9891] INFO node.SCMNodeManager: Registered Data node : 0bfab1d7-5e9e-40aa-b4a6-4fd54fef83c7{ip: 172.25.0.103, host: ozonesecure-om-ha_datanode2_1.ozonesecure-om-ha_ozone_net, networkLocation: /default-rack, certSerialId: 2653799840879, persistedOpState: IN_SERVICE, persistedOpStateExpiryEpochSec: 0}
om1_1        | 2021-01-27 08:54:11,683 [pool-18-thread-1] INFO storage.RaftStorage: Storage directory /data/metadata/ratis/fafe1b60-c241-37cc-98f4-562213e44849 has been successfully formatted.
om2_1        | 2021-01-27 08:54:14,344 [pool-18-thread-1] INFO server.RaftServerConfigKeys: raft.server.log.segment.size.max = 4194304 (custom)
scm_1        | 2021-01-27 08:53:32,350 [Listener at 0.0.0.0/9860] INFO server.KerberosAuthenticationHandler: Using keytab /etc/security/keytabs/HTTP.keytab, for principal HTTP/scm@EXAMPLE.COM
om3_1        | 2021-01-27 08:54:10,880 [pool-18-thread-1] INFO server.RaftServerConfigKeys: raft.server.rpc.sleep.time = 25ms (default)
kdc_1        | Entry for principal dn/c88ffc93a2b6@EXAMPLE.COM with kvno 2, encryption type aes128-cts-hmac-sha1-96 added to keytab WRFILE:/data/dn.c88ffc93a2b6.keytab.
datanode3_1  | 2021-01-27 08:54:28,178 [pool-20-thread-1] INFO server.RaftServer$Division: 01a48d57-5629-40bc-9b2f-d69ef5d18c06@group-5FF977D6DC44: changes role from      null to FOLLOWER at term 0 for startAsFollower
recon_1      | 2021-01-27 08:53:56,369 [EventQueue-NewNodeForReconNewNodeHandler] INFO scm.ReconNodeManager: Adding new node 0bfab1d7-5e9e-40aa-b4a6-4fd54fef83c7 to Node DB.
om1_1        | 2021-01-27 08:54:11,729 [pool-18-thread-1] ERROR storage.RaftStorage: Failed reading configuration from file:/data/metadata/ratis/fafe1b60-c241-37cc-98f4-562213e44849/current/raft-meta.conf
om2_1        | 2021-01-27 08:54:14,457 [pool-18-thread-1] INFO server.RaftServerConfigKeys: raft.server.log.segment.cache.num.max = 2 (custom)
scm_1        | 2021-01-27 08:53:32,396 [Listener at 0.0.0.0/9860] INFO handler.ContextHandler: Started o.e.j.s.ServletContextHandler@7cecab19{logs,/logs,file:///var/log/hadoop/,AVAILABLE}
om3_1        | 2021-01-27 08:54:10,881 [pool-18-thread-1] INFO server.RaftServerConfigKeys: raft.server.rpc.slowness.timeout = 120s (custom)
kdc_1        | Generating keytab
datanode3_1  | 2021-01-27 08:54:28,179 [pool-20-thread-1] INFO impl.RoleInfo: 01a48d57-5629-40bc-9b2f-d69ef5d18c06: start 01a48d57-5629-40bc-9b2f-d69ef5d18c06@group-5FF977D6DC44-FollowerState
recon_1      | 2021-01-27 08:53:57,399 [pool-16-thread-1] INFO retry.RetryInvocationHandler: com.google.protobuf.ServiceException: java.net.ConnectException: Call From recon/172.25.0.115 to om1:9862 failed on connection exception: java.net.ConnectException: Connection refused; For more details see:  http://wiki.apache.org/hadoop/ConnectionRefused, while invoking $Proxy41.submitRequest over nodeId=om1,nodeAddress=om1:9862 after 12 failover attempts. Trying to failover immediately.
om1_1        | java.io.FileNotFoundException: /data/metadata/ratis/fafe1b60-c241-37cc-98f4-562213e44849/current/raft-meta.conf (No such file or directory)
om2_1        | 2021-01-27 08:54:14,458 [pool-18-thread-1] INFO server.RaftServerConfigKeys: raft.server.log.segment.cache.size.max = 200MB (=209715200) (default)
scm_1        | 2021-01-27 08:53:32,412 [Listener at 0.0.0.0/9860] INFO handler.ContextHandler: Started o.e.j.s.ServletContextHandler@78743dd8{static,/static,jar:file:/opt/hadoop/share/ozone/lib/hadoop-hdds-server-scm-1.1.0-SNAPSHOT.jar!/webapps/static,AVAILABLE}
om3_1        | 2021-01-27 08:54:10,883 [pool-18-thread-1] INFO server.RaftServerConfigKeys: raft.server.leaderelection.leader.step-down.wait-time = 10s (default)
kdc_1        | Authenticating as principal admin/admin with keytab /tmp/admin.keytab.
datanode3_1  | 2021-01-27 08:54:28,214 [pool-20-thread-1] INFO util.JmxRegister: Successfully registered JMX Bean with object name Ratis:service=RaftServer,group=group-5FF977D6DC44,id=01a48d57-5629-40bc-9b2f-d69ef5d18c06
recon_1      | 2021-01-27 08:53:57,403 [pool-16-thread-1] INFO retry.RetryInvocationHandler: com.google.protobuf.ServiceException: java.net.ConnectException: Call From recon/172.25.0.115 to om2:9862 failed on connection exception: java.net.ConnectException: Connection refused; For more details see:  http://wiki.apache.org/hadoop/ConnectionRefused, while invoking $Proxy41.submitRequest over nodeId=om2,nodeAddress=om2:9862 after 13 failover attempts. Trying to failover immediately.
om1_1        | 	at java.base/java.io.FileInputStream.open0(Native Method)
om2_1        | 2021-01-27 08:54:14,475 [pool-18-thread-1] INFO segmented.SegmentedRaftLogWorker: new om2@group-562213E44849-SegmentedRaftLogWorker for RaftStorageImpl:Storage Directory /data/metadata/ratis/fafe1b60-c241-37cc-98f4-562213e44849
