datanode_1  | 2021-01-27 08:16:16,268 [66150804-3bef-4efc-bdeb-3674a0de1db2@group-62C344FFD16B-LeaderElection2] INFO metrics.RatisMetrics: Creating Metrics Registry : ratis_grpc.log_appender.66150804-3bef-4efc-bdeb-3674a0de1db2@group-62C344FFD16B
scm_1       | 2021-01-27 08:16:06,962 [RatisPipelineUtilsThread] INFO pipeline.RatisPipelineProvider: Sending CreatePipelineCommand for pipeline:PipelineID=de4c3054-39be-489a-8755-62c344ffd16b to datanode:2b9fb502-63a5-487f-abc0-009a40dac8bf
om_1        | 2021-01-27 08:16:17,553 [pool-17-thread-1] INFO segmented.SegmentedRaftLogWorker: om1@group-C5BA1605619E-SegmentedRaftLogWorker: flushIndex: setUnconditionally 0 -> -1
nm_1        | 2021-01-27 08:17:14 INFO  LocalizedResource:203 - Resource o3fs://bucket1.volume1.om/user/hadoop/.staging/job_1611735344827_0001/job.split transitioned from INIT to DOWNLOADING
rm_1        | 2021-01-27 08:15:45 INFO  CallQueueManager:54 - Using callQueue class java.util.concurrent.LinkedBlockingQueue
datanode_1  | 2021-01-27 08:16:16,271 [66150804-3bef-4efc-bdeb-3674a0de1db2@group-62C344FFD16B-LeaderElection2] INFO server.RaftServerConfigKeys: raft.server.log.appender.snapshot.chunk.size.max = 16MB (=16777216) (default)
scm_1       | 2021-01-27 08:16:06,963 [RatisPipelineUtilsThread] INFO pipeline.RatisPipelineProvider: Sending CreatePipelineCommand for pipeline:PipelineID=de4c3054-39be-489a-8755-62c344ffd16b to datanode:b2189dd3-066c-471e-897a-a5c1d5801a2b
om_1        | 2021-01-27 08:16:17,553 [pool-17-thread-1] INFO segmented.SegmentedRaftLogWorker: om1@group-C5BA1605619E-SegmentedRaftLogWorker: safeCacheEvictIndex: setUnconditionally 0 -> -1
nm_1        | 2021-01-27 08:17:14 INFO  LocalizedResource:203 - Resource o3fs://bucket1.volume1.om/user/hadoop/.staging/job_1611735344827_0001/job.xml transitioned from INIT to DOWNLOADING
rm_1        | 2021-01-27 08:15:45 INFO  Server:606 - Starting Socket Reader #1 for port 8032
datanode_1  | 2021-01-27 08:16:16,274 [66150804-3bef-4efc-bdeb-3674a0de1db2@group-62C344FFD16B-LeaderElection2] INFO server.RaftServerConfigKeys: raft.server.log.appender.buffer.byte-limit = 33554432 (custom)
scm_1       | 2021-01-27 08:16:06,968 [RatisPipelineUtilsThread] INFO pipeline.PipelineStateManager: Created pipeline Pipeline[ Id: de4c3054-39be-489a-8755-62c344ffd16b, Nodes: 66150804-3bef-4efc-bdeb-3674a0de1db2{ip: 172.21.0.2, host: hadoop27_datanode_1.hadoop27_default, networkLocation: /default-rack, certSerialId: null, persistedOpState: IN_SERVICE, persistedOpStateExpiryEpochSec: 0}2b9fb502-63a5-487f-abc0-009a40dac8bf{ip: 172.21.0.6, host: hadoop27_datanode_3.hadoop27_default, networkLocation: /default-rack, certSerialId: null, persistedOpState: IN_SERVICE, persistedOpStateExpiryEpochSec: 0}b2189dd3-066c-471e-897a-a5c1d5801a2b{ip: 172.21.0.7, host: hadoop27_datanode_2.hadoop27_default, networkLocation: /default-rack, certSerialId: null, persistedOpState: IN_SERVICE, persistedOpStateExpiryEpochSec: 0}, Type:RATIS, Factor:THREE, State:ALLOCATED, leaderId:, CreationTimestamp2021-01-27T08:16:06.960264Z]
om_1        | 2021-01-27 08:16:17,564 [pool-17-thread-1] INFO server.RaftServerConfigKeys: raft.server.snapshot.auto.trigger.enabled = true (custom)
nm_1        | 2021-01-27 08:17:14 INFO  ResourceLocalizationService:711 - Created localizer for container_1611735344827_0001_01_000001
rm_1        | 2021-01-27 08:15:45 INFO  RpcServerFactoryPBImpl:174 - Adding protocol org.apache.hadoop.yarn.api.ApplicationClientProtocolPB to the server
datanode_1  | 2021-01-27 08:16:16,275 [66150804-3bef-4efc-bdeb-3674a0de1db2@group-62C344FFD16B-LeaderElection2] INFO server.RaftServerConfigKeys: raft.server.log.appender.buffer.element-limit = 1 (custom)
scm_1       | 2021-01-27 08:16:06,971 [RatisPipelineUtilsThread] INFO pipeline.RatisPipelineProvider: Sending CreatePipelineCommand for pipeline:PipelineID=c347e18a-6202-4a47-bed8-df6aa90cabe5 to datanode:b2189dd3-066c-471e-897a-a5c1d5801a2b
om_1        | 2021-01-27 08:16:17,565 [pool-17-thread-1] INFO server.RaftServerConfigKeys: raft.server.snapshot.auto.trigger.threshold = 400000 (default)
nm_1        | 2021-01-27 08:17:14 INFO  ResourceLocalizationService:1191 - Writing credentials to the nmPrivate file /tmp/hadoop-hadoop/nm-local-dir/nmPrivate/container_1611735344827_0001_01_000001.tokens. Credentials list: 
rm_1        | 2021-01-27 08:15:45 INFO  Server:836 - IPC Server Responder: starting
scm_1       | 2021-01-27 08:16:06,972 [RatisPipelineUtilsThread] INFO pipeline.RatisPipelineProvider: Sending CreatePipelineCommand for pipeline:PipelineID=c347e18a-6202-4a47-bed8-df6aa90cabe5 to datanode:66150804-3bef-4efc-bdeb-3674a0de1db2
datanode_1  | 2021-01-27 08:16:16,276 [66150804-3bef-4efc-bdeb-3674a0de1db2@group-62C344FFD16B-LeaderElection2] INFO grpc.GrpcConfigKeys: raft.grpc.server.leader.outstanding.appends.max = 128 (default)
om_1        | 2021-01-27 08:16:17,565 [pool-17-thread-1] INFO server.RaftServerConfigKeys: raft.server.snapshot.retention.file.num = -1 (default)
nm_1        | 2021-01-27 08:17:14 INFO  DefaultContainerExecutor:612 - Initializing user hadoop
rm_1        | 2021-01-27 08:15:46 INFO  ResourceManager:1023 - Transitioned to active state
scm_1       | 2021-01-27 08:16:06,973 [RatisPipelineUtilsThread] INFO pipeline.RatisPipelineProvider: Sending CreatePipelineCommand for pipeline:PipelineID=c347e18a-6202-4a47-bed8-df6aa90cabe5 to datanode:2b9fb502-63a5-487f-abc0-009a40dac8bf
datanode_1  | 2021-01-27 08:16:16,276 [66150804-3bef-4efc-bdeb-3674a0de1db2@group-62C344FFD16B-LeaderElection2] INFO server.RaftServerConfigKeys: raft.server.rpc.request.timeout = 60s (custom)
om_1        | 2021-01-27 08:16:17,566 [pool-17-thread-1] INFO server.RaftServerConfigKeys: raft.server.log.purge.upto.snapshot.index = true (custom)
nm_1        | 2021-01-27 08:17:14 INFO  DefaultContainerExecutor:117 - Copying from /tmp/hadoop-hadoop/nm-local-dir/nmPrivate/container_1611735344827_0001_01_000001.tokens to /tmp/hadoop-hadoop/nm-local-dir/usercache/hadoop/appcache/application_1611735344827_0001/container_1611735344827_0001_01_000001.tokens
rm_1        | 2021-01-27 08:15:46 INFO  Server:676 - IPC Server listener on 8032: starting
scm_1       | 2021-01-27 08:16:06,973 [RatisPipelineUtilsThread] INFO pipeline.PipelineStateManager: Created pipeline Pipeline[ Id: c347e18a-6202-4a47-bed8-df6aa90cabe5, Nodes: b2189dd3-066c-471e-897a-a5c1d5801a2b{ip: 172.21.0.7, host: hadoop27_datanode_2.hadoop27_default, networkLocation: /default-rack, certSerialId: null, persistedOpState: IN_SERVICE, persistedOpStateExpiryEpochSec: 0}66150804-3bef-4efc-bdeb-3674a0de1db2{ip: 172.21.0.2, host: hadoop27_datanode_1.hadoop27_default, networkLocation: /default-rack, certSerialId: null, persistedOpState: IN_SERVICE, persistedOpStateExpiryEpochSec: 0}2b9fb502-63a5-487f-abc0-009a40dac8bf{ip: 172.21.0.6, host: hadoop27_datanode_3.hadoop27_default, networkLocation: /default-rack, certSerialId: null, persistedOpState: IN_SERVICE, persistedOpStateExpiryEpochSec: 0}, Type:RATIS, Factor:THREE, State:ALLOCATED, leaderId:, CreationTimestamp2021-01-27T08:16:06.971862Z]
datanode_1  | 2021-01-27 08:16:16,276 [66150804-3bef-4efc-bdeb-3674a0de1db2@group-62C344FFD16B-LeaderElection2] INFO server.RaftServerConfigKeys: raft.server.log.appender.install.snapshot.enabled = false (custom)
nm_1        | 2021-01-27 08:17:14 INFO  DefaultContainerExecutor:124 - Localizer CWD set to /tmp/hadoop-hadoop/nm-local-dir/usercache/hadoop/appcache/application_1611735344827_0001 = file:/tmp/hadoop-hadoop/nm-local-dir/usercache/hadoop/appcache/application_1611735344827_0001
rm_1        | 2021-01-27 08:15:46 INFO  log:67 - Logging to org.slf4j.impl.Log4jLoggerAdapter(org.mortbay.log) via org.mortbay.log.Slf4jLog
scm_1       | 2021-01-27 08:16:06,974 [RatisPipelineUtilsThread] INFO pipeline.SCMPipelineManager: Pipeline: PipelineID=c347e18a-6202-4a47-bed8-df6aa90cabe5 contains same datanodes as previous pipelines: PipelineID=de4c3054-39be-489a-8755-62c344ffd16b nodeIds: b2189dd3-066c-471e-897a-a5c1d5801a2b, 66150804-3bef-4efc-bdeb-3674a0de1db2, 2b9fb502-63a5-487f-abc0-009a40dac8bf
om_1        | 2021-01-27 08:16:17,567 [pool-17-thread-1] INFO server.RaftServerConfigKeys: raft.server.retrycache.expirytime = 300s (custom)
datanode_1  | 2021-01-27 08:16:16,288 [66150804-3bef-4efc-bdeb-3674a0de1db2@group-62C344FFD16B-LeaderElection2] INFO impl.RoleInfo: 66150804-3bef-4efc-bdeb-3674a0de1db2: start 66150804-3bef-4efc-bdeb-3674a0de1db2@group-62C344FFD16B-LeaderStateImpl
nm_1        | 2021-01-27 08:17:15 WARN  MetricsSystemImpl:152 - NodeManager metrics system already initialized!
rm_1        | 2021-01-27 08:15:46 INFO  AuthenticationFilter:283 - Unable to initialize FileSignerSecretProvider, falling back to use random secrets.
scm_1       | 2021-01-27 08:16:09,757 [EventQueue-PipelineReportForOneReplicaPipelineSafeModeRule] INFO safemode.SCMSafeModeManager: AtleastOneDatanodeReportedRule rule is successfully validated
om_1        | 2021-01-27 08:16:17,567 [pool-17-thread-1] INFO server.RaftServerConfigKeys: raft.server.retrycache.statistics.expirytime = 100?s (default)
datanode_1  | 2021-01-27 08:16:16,295 [66150804-3bef-4efc-bdeb-3674a0de1db2@group-62C344FFD16B-LeaderElection2] INFO segmented.SegmentedRaftLogWorker: 66150804-3bef-4efc-bdeb-3674a0de1db2@group-62C344FFD16B-SegmentedRaftLogWorker: Starting segment from index:0
nm_1        | 2021-01-27 08:17:16 INFO  LocalizedResource:203 - Resource o3fs://bucket1.volume1.om/user/hadoop/.staging/job_1611735344827_0001/job.splitmetainfo(->/tmp/hadoop-hadoop/nm-local-dir/usercache/hadoop/appcache/application_1611735344827_0001/filecache/10/job.splitmetainfo) transitioned from DOWNLOADING to LOCALIZED
rm_1        | 2021-01-27 08:15:46 INFO  HttpRequestLog:80 - Http request log for http.requests.resourcemanager is not defined
scm_1       | 2021-01-27 08:16:09,759 [EventQueue-PipelineReportForPipelineReportHandler] INFO pipeline.PipelineStateManager: Pipeline Pipeline[ Id: 1c0b8bd3-79aa-42f3-8802-bec0b70f16ea, Nodes: 2b9fb502-63a5-487f-abc0-009a40dac8bf{ip: 172.21.0.6, host: hadoop27_datanode_3.hadoop27_default, networkLocation: /default-rack, certSerialId: null, persistedOpState: IN_SERVICE, persistedOpStateExpiryEpochSec: 0}, Type:RATIS, Factor:ONE, State:ALLOCATED, leaderId:2b9fb502-63a5-487f-abc0-009a40dac8bf, CreationTimestamp2021-01-27T08:16:06.604328Z] moved to OPEN state
om_1        | 2021-01-27 08:16:17,588 [Listener at om/9862] INFO impl.MetricsConfig: Loaded properties from hadoop-metrics2.properties
datanode_1  | 2021-01-27 08:16:16,314 [66150804-3bef-4efc-bdeb-3674a0de1db2@group-62C344FFD16B-LeaderElection2] INFO server.RaftServer$Division: 66150804-3bef-4efc-bdeb-3674a0de1db2@group-62C344FFD16B: set configuration 0: [66150804-3bef-4efc-bdeb-3674a0de1db2|rpc:172.21.0.2:9858|admin:|client:|dataStream:|priority:1, b2189dd3-066c-471e-897a-a5c1d5801a2b|rpc:172.21.0.7:9858|admin:|client:|dataStream:|priority:0, 2b9fb502-63a5-487f-abc0-009a40dac8bf|rpc:172.21.0.6:9858|admin:|client:|dataStream:|priority:0], old=null
nm_1        | 2021-01-27 08:17:16 INFO  LocalizedResource:203 - Resource o3fs://bucket1.volume1.om/user/hadoop/.staging/job_1611735344827_0001/job.jar(->/tmp/hadoop-hadoop/nm-local-dir/usercache/hadoop/appcache/application_1611735344827_0001/filecache/11/job.jar) transitioned from DOWNLOADING to LOCALIZED
rm_1        | 2021-01-27 08:15:46 INFO  HttpServer2:710 - Added global filter 'safety' (class=org.apache.hadoop.http.HttpServer2$QuotingInputFilter)
scm_1       | 2021-01-27 08:16:09,774 [EventQueue-OpenPipelineForHealthyPipelineSafeModeRule] INFO safemode.SCMSafeModeManager: SCM in safe mode. Healthy pipelines reported count is 0, required healthy pipeline reported count is 1
om_1        | 2021-01-27 08:16:17,596 [pool-17-thread-1] INFO metrics.RatisMetrics: Creating Metrics Registry : ratis.leader_election.om1@group-C5BA1605619E
datanode_1  | 2021-01-27 08:16:16,368 [66150804-3bef-4efc-bdeb-3674a0de1db2@group-62C344FFD16B-SegmentedRaftLogWorker] INFO segmented.SegmentedRaftLogWorker: 66150804-3bef-4efc-bdeb-3674a0de1db2@group-62C344FFD16B-SegmentedRaftLogWorker: created new log segment /data/metadata/ratis/de4c3054-39be-489a-8755-62c344ffd16b/current/log_inprogress_0
nm_1        | 2021-01-27 08:17:16 INFO  LocalizedResource:203 - Resource o3fs://bucket1.volume1.om/user/hadoop/.staging/job_1611735344827_0001/job.split(->/tmp/hadoop-hadoop/nm-local-dir/usercache/hadoop/appcache/application_1611735344827_0001/filecache/12/job.split) transitioned from DOWNLOADING to LOCALIZED
rm_1        | 2021-01-27 08:15:46 INFO  HttpServer2:685 - Added filter RMAuthenticationFilter (class=org.apache.hadoop.yarn.server.security.http.RMAuthenticationFilter) to context cluster
scm_1       | 2021-01-27 08:16:10,125 [EventQueue-PipelineReportForOneReplicaPipelineSafeModeRule] INFO safemode.SCMSafeModeManager: AtleastOneDatanodeReportedRule rule is successfully validated
om_1        | 2021-01-27 08:16:17,608 [pool-17-thread-1] INFO metrics.RatisMetrics: Creating Metrics Registry : ratis.server.om1@group-C5BA1605619E
datanode_1  | 2021-01-27 08:16:16,409 [66150804-3bef-4efc-bdeb-3674a0de1db2@group-45219D53912A-SegmentedRaftLogWorker] INFO segmented.SegmentedRaftLogWorker: 66150804-3bef-4efc-bdeb-3674a0de1db2@group-45219D53912A-SegmentedRaftLogWorker: created new log segment /data/metadata/ratis/90285d3c-ea2e-41cb-bb2b-45219d53912a/current/log_inprogress_0
nm_1        | 2021-01-27 08:17:16 INFO  LocalizedResource:203 - Resource o3fs://bucket1.volume1.om/user/hadoop/.staging/job_1611735344827_0001/job.xml(->/tmp/hadoop-hadoop/nm-local-dir/usercache/hadoop/appcache/application_1611735344827_0001/filecache/13/job.xml) transitioned from DOWNLOADING to LOCALIZED
rm_1        | 2021-01-27 08:15:46 INFO  HttpServer2:693 - Added filter RMAuthenticationFilter (class=org.apache.hadoop.yarn.server.security.http.RMAuthenticationFilter) to context static
scm_1       | 2021-01-27 08:16:10,126 [EventQueue-PipelineReportForPipelineReportHandler] INFO pipeline.PipelineStateManager: Pipeline Pipeline[ Id: 0bdb4287-6017-454a-9a31-afb03888292d, Nodes: b2189dd3-066c-471e-897a-a5c1d5801a2b{ip: 172.21.0.7, host: hadoop27_datanode_2.hadoop27_default, networkLocation: /default-rack, certSerialId: null, persistedOpState: IN_SERVICE, persistedOpStateExpiryEpochSec: 0}, Type:RATIS, Factor:ONE, State:ALLOCATED, leaderId:b2189dd3-066c-471e-897a-a5c1d5801a2b, CreationTimestamp2021-01-27T08:16:06.853318Z] moved to OPEN state
om_1        | 2021-01-27 08:16:17,612 [Listener at om/9862] INFO impl.MetricsSystemImpl: Scheduled Metric snapshot period at 10 second(s).
datanode_1  | 2021-01-27 08:16:18,223 [grpc-default-executor-1] INFO server.RaftServer$Division: 66150804-3bef-4efc-bdeb-3674a0de1db2@group-DF6AA90CABE5: receive requestVote(PRE_VOTE, b2189dd3-066c-471e-897a-a5c1d5801a2b, group-DF6AA90CABE5, 0, (t:0, i:0))
nm_1        | 2021-01-27 08:17:16 INFO  ContainerImpl:1135 - Container container_1611735344827_0001_01_000001 transitioned from LOCALIZING to LOCALIZED
rm_1        | 2021-01-27 08:15:46 INFO  HttpServer2:693 - Added filter RMAuthenticationFilter (class=org.apache.hadoop.yarn.server.security.http.RMAuthenticationFilter) to context logs
scm_1       | 2021-01-27 08:16:10,138 [EventQueue-OpenPipelineForHealthyPipelineSafeModeRule] INFO safemode.SCMSafeModeManager: SCM in safe mode. Healthy pipelines reported count is 0, required healthy pipeline reported count is 1
om_1        | 2021-01-27 08:16:17,612 [Listener at om/9862] INFO impl.MetricsSystemImpl: OzoneManager metrics system started
datanode_1  | 2021-01-27 08:16:18,226 [grpc-default-executor-1] INFO impl.VoteContext: 66150804-3bef-4efc-bdeb-3674a0de1db2@group-DF6AA90CABE5-FOLLOWER: accept PRE_VOTE from b2189dd3-066c-471e-897a-a5c1d5801a2b: our priority 0 <= candidate's priority 0
nm_1        | 2021-01-27 08:17:16 INFO  ContainerImpl:1135 - Container container_1611735344827_0001_01_000001 transitioned from LOCALIZED to RUNNING
rm_1        | 2021-01-27 08:15:46 INFO  HttpServer2:685 - Added filter static_user_filter (class=org.apache.hadoop.http.lib.StaticUserWebFilter$StaticUserFilter) to context cluster
scm_1       | 2021-01-27 08:16:10,194 [EventQueue-PipelineReportForPipelineReportHandler] INFO pipeline.PipelineStateManager: Pipeline Pipeline[ Id: 90285d3c-ea2e-41cb-bb2b-45219d53912a, Nodes: 66150804-3bef-4efc-bdeb-3674a0de1db2{ip: 172.21.0.2, host: hadoop27_datanode_1.hadoop27_default, networkLocation: /default-rack, certSerialId: null, persistedOpState: IN_SERVICE, persistedOpStateExpiryEpochSec: 0}, Type:RATIS, Factor:ONE, State:ALLOCATED, leaderId:66150804-3bef-4efc-bdeb-3674a0de1db2, CreationTimestamp2021-01-27T08:16:06.952771Z] moved to OPEN state
om_1        | 2021-01-27 08:16:17,655 [Listener at om/9862] INFO om.OzoneManager: OzoneManager RPC server is listening at om/172.21.0.9:9862
datanode_1  | 2021-01-27 08:16:18,228 [grpc-default-executor-1] INFO server.RaftServer$Division: 66150804-3bef-4efc-bdeb-3674a0de1db2@group-DF6AA90CABE5 replies to PRE_VOTE vote request: b2189dd3-066c-471e-897a-a5c1d5801a2b<-66150804-3bef-4efc-bdeb-3674a0de1db2#0:OK-t0. Peer's state: 66150804-3bef-4efc-bdeb-3674a0de1db2@group-DF6AA90CABE5:t0, leader=null, voted=, raftlog=66150804-3bef-4efc-bdeb-3674a0de1db2@group-DF6AA90CABE5-SegmentedRaftLog:OPENED:c-1,f-1,i0, conf=-1: [66150804-3bef-4efc-bdeb-3674a0de1db2|rpc:172.21.0.2:9858|admin:|client:|dataStream:|priority:0, b2189dd3-066c-471e-897a-a5c1d5801a2b|rpc:172.21.0.7:9858|admin:|client:|dataStream:|priority:0, 2b9fb502-63a5-487f-abc0-009a40dac8bf|rpc:172.21.0.6:9858|admin:|client:|dataStream:|priority:1], old=null
nm_1        | 2021-01-27 08:17:16 INFO  ContainersMonitorImpl:196 - Neither virutal-memory nor physical-memory monitoring is needed. Not running the monitor-thread
rm_1        | 2021-01-27 08:15:46 INFO  HttpServer2:693 - Added filter static_user_filter (class=org.apache.hadoop.http.lib.StaticUserWebFilter$StaticUserFilter) to context static
scm_1       | 2021-01-27 08:16:10,195 [EventQueue-PipelineReportForOneReplicaPipelineSafeModeRule] INFO safemode.SCMSafeModeManager: AtleastOneDatanodeReportedRule rule is successfully validated
om_1        | 2021-01-27 08:16:17,656 [Listener at om/9862] INFO ratis.OzoneManagerRatisServer: Starting OzoneManagerRatisServer om1 at port 9872
datanode_1  | 2021-01-27 08:16:18,494 [grpc-default-executor-1] INFO server.RaftServer$Division: 66150804-3bef-4efc-bdeb-3674a0de1db2@group-DF6AA90CABE5: receive requestVote(PRE_VOTE, 2b9fb502-63a5-487f-abc0-009a40dac8bf, group-DF6AA90CABE5, 0, (t:0, i:0))
nm_1        | 2021-01-27 08:17:16 INFO  DefaultContainerExecutor:268 - launchContainer: [bash, /tmp/hadoop-hadoop/nm-local-dir/usercache/hadoop/appcache/application_1611735344827_0001/container_1611735344827_0001_01_000001/default_container_executor.sh]
rm_1        | 2021-01-27 08:15:46 INFO  HttpServer2:693 - Added filter static_user_filter (class=org.apache.hadoop.http.lib.StaticUserWebFilter$StaticUserFilter) to context logs
scm_1       | 2021-01-27 08:16:10,196 [EventQueue-OpenPipelineForHealthyPipelineSafeModeRule] INFO safemode.SCMSafeModeManager: SCM in safe mode. Healthy pipelines reported count is 0, required healthy pipeline reported count is 1
om_1        | 2021-01-27 08:16:17,657 [Listener at om/9862] INFO server.RaftServer$Division: om1@group-C5BA1605619E: start as a follower, conf=-1: [om1|rpc:om:9872|priority:0], old=null
datanode_1  | 2021-01-27 08:16:18,495 [grpc-default-executor-1] INFO impl.VoteContext: 66150804-3bef-4efc-bdeb-3674a0de1db2@group-DF6AA90CABE5-FOLLOWER: accept PRE_VOTE from 2b9fb502-63a5-487f-abc0-009a40dac8bf: our priority 0 <= candidate's priority 1
rm_1        | 2021-01-27 08:15:46 INFO  HttpServer2:408 - adding path spec: /cluster/*
nm_1        | 2021-01-27 08:17:24 INFO  Server:1316 - Auth successful for appattempt_1611735344827_0001_000001 (auth:SIMPLE)
scm_1       | 2021-01-27 08:16:10,260 [EventQueue-PipelineReportForOneReplicaPipelineSafeModeRule] INFO safemode.SCMSafeModeManager: AtleastOneDatanodeReportedRule rule is successfully validated
om_1        | 2021-01-27 08:16:17,659 [Listener at om/9862] INFO server.RaftServer$Division: om1@group-C5BA1605619E: changes role from      null to FOLLOWER at term 0 for startAsFollower
datanode_1  | 2021-01-27 08:16:18,495 [grpc-default-executor-1] INFO server.RaftServer$Division: 66150804-3bef-4efc-bdeb-3674a0de1db2@group-DF6AA90CABE5 replies to PRE_VOTE vote request: 2b9fb502-63a5-487f-abc0-009a40dac8bf<-66150804-3bef-4efc-bdeb-3674a0de1db2#0:OK-t0. Peer's state: 66150804-3bef-4efc-bdeb-3674a0de1db2@group-DF6AA90CABE5:t0, leader=null, voted=, raftlog=66150804-3bef-4efc-bdeb-3674a0de1db2@group-DF6AA90CABE5-SegmentedRaftLog:OPENED:c-1,f-1,i0, conf=-1: [66150804-3bef-4efc-bdeb-3674a0de1db2|rpc:172.21.0.2:9858|admin:|client:|dataStream:|priority:0, b2189dd3-066c-471e-897a-a5c1d5801a2b|rpc:172.21.0.7:9858|admin:|client:|dataStream:|priority:0, 2b9fb502-63a5-487f-abc0-009a40dac8bf|rpc:172.21.0.6:9858|admin:|client:|dataStream:|priority:1], old=null
rm_1        | 2021-01-27 08:15:46 INFO  HttpServer2:408 - adding path spec: /ws/*
nm_1        | 2021-01-27 08:17:24 INFO  ContainerManagerImpl:810 - Start request for container_1611735344827_0001_01_000002 by user hadoop
scm_1       | 2021-01-27 08:16:10,262 [EventQueue-OpenPipelineForHealthyPipelineSafeModeRule] INFO safemode.SCMSafeModeManager: SCM in safe mode. Healthy pipelines reported count is 0, required healthy pipeline reported count is 1
om_1        | 2021-01-27 08:16:17,660 [Listener at om/9862] INFO impl.RoleInfo: om1: start om1@group-C5BA1605619E-FollowerState
datanode_1  | 2021-01-27 08:16:18,534 [grpc-default-executor-1] INFO server.RaftServer$Division: 66150804-3bef-4efc-bdeb-3674a0de1db2@group-DF6AA90CABE5: receive requestVote(ELECTION, 2b9fb502-63a5-487f-abc0-009a40dac8bf, group-DF6AA90CABE5, 1, (t:0, i:0))
rm_1        | 2021-01-27 08:15:48 INFO  WebApps:288 - Registered webapp guice modules
nm_1        | 2021-01-27 08:17:24 INFO  NMAuditLogger:89 - USER=hadoop	IP=172.21.0.5	OPERATION=Start Container Request	TARGET=ContainerManageImpl	RESULT=SUCCESS	APPID=application_1611735344827_0001	CONTAINERID=container_1611735344827_0001_01_000002
scm_1       | 2021-01-27 08:16:10,778 [EventQueue-PipelineReportForOneReplicaPipelineSafeModeRule] INFO safemode.SCMSafeModeManager: AtleastOneDatanodeReportedRule rule is successfully validated
om_1        | 2021-01-27 08:16:17,664 [Listener at om/9862] INFO util.JmxRegister: Successfully registered JMX Bean with object name Ratis:service=RaftServer,group=group-C5BA1605619E,id=om1
datanode_1  | 2021-01-27 08:16:18,535 [grpc-default-executor-1] INFO impl.VoteContext: 66150804-3bef-4efc-bdeb-3674a0de1db2@group-DF6AA90CABE5-FOLLOWER: accept ELECTION from 2b9fb502-63a5-487f-abc0-009a40dac8bf: our priority 0 <= candidate's priority 1
rm_1        | 2021-01-27 08:15:48 INFO  HttpServer2:915 - Jetty bound to port 8088
nm_1        | 2021-01-27 08:17:24 INFO  ApplicationImpl:304 - Adding container_1611735344827_0001_01_000002 to application application_1611735344827_0001
scm_1       | 2021-01-27 08:16:10,782 [EventQueue-OpenPipelineForHealthyPipelineSafeModeRule] INFO safemode.SCMSafeModeManager: SCM in safe mode. Healthy pipelines reported count is 0, required healthy pipeline reported count is 1
om_1        | 2021-01-27 08:16:17,665 [Listener at om/9862] INFO metrics.RatisMetrics: Creating Metrics Registry : ratis.state_machine.om1@group-C5BA1605619E
om_1        | 2021-01-27 08:16:17,670 [Listener at om/9862] INFO server.RaftServer: om1: start RPC server
om_1        | 2021-01-27 08:16:17,739 [Listener at om/9862] INFO server.GrpcService: om1: GrpcService started, listening on 9872
om_1        | 2021-01-27 08:16:17,748 [org.apache.ratis.util.JvmPauseMonitor$$Lambda$346/0x000000084047f040@6a6c7f42] INFO util.JvmPauseMonitor: JvmPauseMonitor-om1: Started
om_1        | 2021-01-27 08:16:17,871 [Listener at om/9862] INFO http.BaseHttpServer: Starting Web-server for ozoneManager at: http://0.0.0.0:9874
om_1        | 2021-01-27 08:16:17,872 [Listener at om/9862] INFO http.BaseHttpServer: Hadoop Security Enabled: false Ozone Security Enabled: false Ozone HTTP Security Enabled: false 
rm_1        | 2021-01-27 08:15:48 INFO  log:67 - jetty-6.1.26
datanode_1  | 2021-01-27 08:16:18,535 [grpc-default-executor-1] INFO server.RaftServer$Division: 66150804-3bef-4efc-bdeb-3674a0de1db2@group-DF6AA90CABE5: changes role from  FOLLOWER to FOLLOWER at term 1 for candidate:2b9fb502-63a5-487f-abc0-009a40dac8bf
scm_1       | 2021-01-27 08:16:10,884 [EventQueue-PipelineReportForOneReplicaPipelineSafeModeRule] INFO safemode.SCMSafeModeManager: AtleastOneDatanodeReportedRule rule is successfully validated
om_1        | 2021-01-27 08:16:17,893 [Listener at om/9862] INFO util.log: Logging initialized @9752ms to org.eclipse.jetty.util.log.Slf4jLog
nm_1        | 2021-01-27 08:17:24 INFO  ContainerImpl:1135 - Container container_1611735344827_0001_01_000002 transitioned from NEW to LOCALIZING
rm_1        | 2021-01-27 08:15:48 INFO  log:67 - Extract jar:file:/opt/hadoop/share/hadoop/yarn/hadoop-yarn-common-2.7.3.jar!/webapps/cluster to /tmp/Jetty_rm_8088_cluster____oilmo9/webapp
datanode_1  | 2021-01-27 08:16:18,535 [grpc-default-executor-1] INFO impl.RoleInfo: 66150804-3bef-4efc-bdeb-3674a0de1db2: shutdown 66150804-3bef-4efc-bdeb-3674a0de1db2@group-DF6AA90CABE5-FollowerState
scm_1       | 2021-01-27 08:16:10,884 [EventQueue-OpenPipelineForHealthyPipelineSafeModeRule] INFO safemode.SCMSafeModeManager: SCM in safe mode. Healthy pipelines reported count is 0, required healthy pipeline reported count is 1
om_1        | 2021-01-27 08:16:17,982 [Listener at om/9862] INFO server.AuthenticationFilter: Unable to initialize FileSignerSecretProvider, falling back to use random secrets.
nm_1        | 2021-01-27 08:17:24 INFO  AuxServices:196 - Got event CONTAINER_INIT for appId application_1611735344827_0001
rm_1        | 2021-01-27 08:15:49 INFO  AbstractDelegationTokenSecretManager:325 - Updating the current master key for generating delegation tokens
datanode_1  | 2021-01-27 08:16:18,535 [grpc-default-executor-1] INFO impl.RoleInfo: 66150804-3bef-4efc-bdeb-3674a0de1db2: start 66150804-3bef-4efc-bdeb-3674a0de1db2@group-DF6AA90CABE5-FollowerState
scm_1       | 2021-01-27 08:16:12,859 [EventQueue-PipelineReportForOneReplicaPipelineSafeModeRule] INFO safemode.SCMSafeModeManager: AtleastOneDatanodeReportedRule rule is successfully validated
om_1        | 2021-01-27 08:16:17,986 [Listener at om/9862] INFO http.HttpRequestLog: Http request log for http.requests.ozoneManager is not defined
nm_1        | 2021-01-27 08:17:24 INFO  AuxServices:196 - Got event APPLICATION_INIT for appId application_1611735344827_0001
rm_1        | 2021-01-27 08:15:49 INFO  AbstractDelegationTokenSecretManager:638 - Starting expired delegation token remover thread, tokenRemoverScanInterval=60 min(s)
datanode_1  | 2021-01-27 08:16:18,542 [Thread-27] INFO impl.FollowerState: 66150804-3bef-4efc-bdeb-3674a0de1db2@group-DF6AA90CABE5-FollowerState was interrupted: {}
om_1        | 2021-01-27 08:16:17,992 [Listener at om/9862] INFO http.HttpServer2: Added global filter 'safety' (class=org.apache.hadoop.hdds.server.http.HttpServer2$QuotingInputFilter)
nm_1        | 2021-01-27 08:17:24 INFO  AuxServices:200 - Got APPLICATION_INIT for service mapreduce_shuffle
scm_1       | 2021-01-27 08:16:12,859 [EventQueue-OpenPipelineForHealthyPipelineSafeModeRule] INFO safemode.SCMSafeModeManager: SCM in safe mode. Healthy pipelines reported count is 0, required healthy pipeline reported count is 1
rm_1        | 2021-01-27 08:15:49 INFO  AbstractDelegationTokenSecretManager:325 - Updating the current master key for generating delegation tokens
datanode_1  | java.lang.InterruptedException: sleep interrupted
om_1        | 2021-01-27 08:16:17,993 [Listener at om/9862] INFO http.HttpServer2: Added filter static_user_filter (class=org.apache.hadoop.http.lib.StaticUserWebFilter$StaticUserFilter) to context ozoneManager
nm_1        | 2021-01-27 08:17:25 INFO  ShuffleHandler:671 - Added token for job_1611735344827_0001
scm_1       | 2021-01-27 08:16:13,326 [EventQueue-PipelineReportForOneReplicaPipelineSafeModeRule] INFO safemode.SCMSafeModeManager: AtleastOneDatanodeReportedRule rule is successfully validated
rm_1        | Jan 27, 2021 8:15:50 AM com.sun.jersey.guice.spi.container.GuiceComponentProviderFactory register
datanode_1  | 	at java.base/java.lang.Thread.sleep(Native Method)
om_1        | 2021-01-27 08:16:17,994 [Listener at om/9862] INFO http.HttpServer2: Added filter static_user_filter (class=org.apache.hadoop.http.lib.StaticUserWebFilter$StaticUserFilter) to context logs
nm_1        | 2021-01-27 08:17:25 INFO  ContainerImpl:1135 - Container container_1611735344827_0001_01_000002 transitioned from LOCALIZING to LOCALIZED
scm_1       | 2021-01-27 08:16:13,327 [EventQueue-OpenPipelineForHealthyPipelineSafeModeRule] INFO safemode.SCMSafeModeManager: SCM in safe mode. Healthy pipelines reported count is 0, required healthy pipeline reported count is 1
rm_1        | INFO: Registering org.apache.hadoop.yarn.server.resourcemanager.webapp.JAXBContextResolver as a provider class
datanode_1  | 	at java.base/java.lang.Thread.sleep(Thread.java:339)
om_1        | 2021-01-27 08:16:17,994 [Listener at om/9862] INFO http.HttpServer2: Added filter static_user_filter (class=org.apache.hadoop.http.lib.StaticUserWebFilter$StaticUserFilter) to context static
nm_1        | 2021-01-27 08:17:25 INFO  ContainerImpl:1135 - Container container_1611735344827_0001_01_000002 transitioned from LOCALIZED to RUNNING
scm_1       | 2021-01-27 08:16:13,344 [EventQueue-PipelineReportForOneReplicaPipelineSafeModeRule] INFO safemode.SCMSafeModeManager: AtleastOneDatanodeReportedRule rule is successfully validated
rm_1        | Jan 27, 2021 8:15:50 AM com.sun.jersey.guice.spi.container.GuiceComponentProviderFactory register
datanode_1  | 	at java.base/java.util.concurrent.TimeUnit.sleep(TimeUnit.java:446)
om_1        | 2021-01-27 08:16:18,027 [Listener at om/9862] INFO http.HttpServer2: Jetty bound to port 9874
nm_1        | 2021-01-27 08:17:25 INFO  ContainersMonitorImpl:196 - Neither virutal-memory nor physical-memory monitoring is needed. Not running the monitor-thread
scm_1       | 2021-01-27 08:16:13,344 [EventQueue-OpenPipelineForHealthyPipelineSafeModeRule] INFO safemode.SCMSafeModeManager: SCM in safe mode. Healthy pipelines reported count is 0, required healthy pipeline reported count is 1
rm_1        | INFO: Registering org.apache.hadoop.yarn.server.resourcemanager.webapp.RMWebServices as a root resource class
datanode_1  | 	at org.apache.ratis.util.TimeDuration.sleep(TimeDuration.java:324)
om_1        | 2021-01-27 08:16:18,029 [Listener at om/9862] INFO server.Server: jetty-9.4.34.v20201102; built: 2020-11-02T14:15:39.302Z; git: e46af88704a893fc12cb0e3bf46e2c7b48a009e7; jvm 11.0.7+10-LTS
nm_1        | 2021-01-27 08:17:25 INFO  DefaultContainerExecutor:268 - launchContainer: [bash, /tmp/hadoop-hadoop/nm-local-dir/usercache/hadoop/appcache/application_1611735344827_0001/container_1611735344827_0001_01_000002/default_container_executor.sh]
scm_1       | 2021-01-27 08:16:15,330 [EventQueue-PipelineReportForOneReplicaPipelineSafeModeRule] INFO safemode.SCMSafeModeManager: AtleastOneDatanodeReportedRule rule is successfully validated
rm_1        | Jan 27, 2021 8:15:50 AM com.sun.jersey.guice.spi.container.GuiceComponentProviderFactory register
datanode_1  | 	at org.apache.ratis.util.TimeDuration.sleep(TimeDuration.java:309)
om_1        | 2021-01-27 08:16:18,055 [Listener at om/9862] INFO server.session: DefaultSessionIdManager workerName=node0
nm_1        | 2021-01-27 08:17:28 INFO  Server:1316 - Auth successful for appattempt_1611735344827_0001_000001 (auth:SIMPLE)
scm_1       | 2021-01-27 08:16:15,333 [EventQueue-OpenPipelineForHealthyPipelineSafeModeRule] INFO safemode.SCMSafeModeManager: SCM in safe mode. Healthy pipelines reported count is 0, required healthy pipeline reported count is 1
rm_1        | INFO: Registering org.apache.hadoop.yarn.webapp.GenericExceptionHandler as a provider class
datanode_1  | 	at org.apache.ratis.server.impl.FollowerState.run(FollowerState.java:117)
datanode_1  | 2021-01-27 08:16:18,544 [grpc-default-executor-1] INFO server.RaftServer$Division: 66150804-3bef-4efc-bdeb-3674a0de1db2@group-DF6AA90CABE5 replies to ELECTION vote request: 2b9fb502-63a5-487f-abc0-009a40dac8bf<-66150804-3bef-4efc-bdeb-3674a0de1db2#0:OK-t1. Peer's state: 66150804-3bef-4efc-bdeb-3674a0de1db2@group-DF6AA90CABE5:t1, leader=null, voted=2b9fb502-63a5-487f-abc0-009a40dac8bf, raftlog=66150804-3bef-4efc-bdeb-3674a0de1db2@group-DF6AA90CABE5-SegmentedRaftLog:OPENED:c-1,f-1,i0, conf=-1: [66150804-3bef-4efc-bdeb-3674a0de1db2|rpc:172.21.0.2:9858|admin:|client:|dataStream:|priority:0, b2189dd3-066c-471e-897a-a5c1d5801a2b|rpc:172.21.0.7:9858|admin:|client:|dataStream:|priority:0, 2b9fb502-63a5-487f-abc0-009a40dac8bf|rpc:172.21.0.6:9858|admin:|client:|dataStream:|priority:1], old=null
nm_1        | 2021-01-27 08:17:28 INFO  ContainerManagerImpl:960 - Stopping container with container Id: container_1611735344827_0001_01_000002
scm_1       | 2021-01-27 08:16:15,862 [EventQueue-PipelineReportForOneReplicaPipelineSafeModeRule] INFO safemode.SCMSafeModeManager: AtleastOneDatanodeReportedRule rule is successfully validated
rm_1        | Jan 27, 2021 8:15:50 AM com.sun.jersey.server.impl.application.WebApplicationImpl _initiate
datanode_1  | 2021-01-27 08:16:18,722 [grpc-default-executor-1] INFO ratis.XceiverServerRatis: Leader change notification received for group: group-DF6AA90CABE5 with new leaderId: 2b9fb502-63a5-487f-abc0-009a40dac8bf
om_1        | 2021-01-27 08:16:18,055 [Listener at om/9862] INFO server.session: No SessionScavenger set, using defaults
nm_1        | 2021-01-27 08:17:28 INFO  ContainerImpl:1135 - Container container_1611735344827_0001_01_000002 transitioned from RUNNING to KILLING
scm_1       | 2021-01-27 08:16:15,862 [EventQueue-OpenPipelineForHealthyPipelineSafeModeRule] INFO safemode.SCMSafeModeManager: SCM in safe mode. Healthy pipelines reported count is 0, required healthy pipeline reported count is 1
rm_1        | INFO: Initiating Jersey application, version 'Jersey: 1.9 09/02/2011 11:17 AM'
datanode_1  | 2021-01-27 08:16:18,722 [grpc-default-executor-1] INFO server.RaftServer$Division: 66150804-3bef-4efc-bdeb-3674a0de1db2@group-DF6AA90CABE5: change Leader from null to 2b9fb502-63a5-487f-abc0-009a40dac8bf at term 1 for appendEntries, leader elected after 5367ms
om_1        | 2021-01-27 08:16:18,057 [Listener at om/9862] INFO server.session: node0 Scavenging every 660000ms
om_1        | 2021-01-27 08:16:18,068 [Listener at om/9862] INFO handler.ContextHandler: Started o.e.j.s.ServletContextHandler@4e8b357d{logs,/logs,file:///var/log/hadoop/,AVAILABLE}
nm_1        | 2021-01-27 08:17:28 INFO  ContainerLaunch:370 - Cleaning up container container_1611735344827_0001_01_000002
scm_1       | 2021-01-27 08:16:15,916 [EventQueue-OpenPipelineForHealthyPipelineSafeModeRule] INFO safemode.SCMSafeModeManager: SCM in safe mode. Healthy pipelines reported count is 0, required healthy pipeline reported count is 1
rm_1        | Jan 27, 2021 8:15:50 AM com.sun.jersey.guice.spi.container.GuiceComponentProviderFactory getComponentProvider
om_1        | 2021-01-27 08:16:18,070 [Listener at om/9862] INFO handler.ContextHandler: Started o.e.j.s.ServletContextHandler@2401856{static,/static,jar:file:/opt/hadoop/share/ozone/lib/hadoop-ozone-ozone-manager-1.1.0-SNAPSHOT.jar!/webapps/static,AVAILABLE}
datanode_1  | 2021-01-27 08:16:18,782 [grpc-default-executor-1] INFO server.RaftServer$Division: 66150804-3bef-4efc-bdeb-3674a0de1db2@group-DF6AA90CABE5: set configuration 0: [66150804-3bef-4efc-bdeb-3674a0de1db2|rpc:172.21.0.2:9858|admin:|client:|dataStream:|priority:0, b2189dd3-066c-471e-897a-a5c1d5801a2b|rpc:172.21.0.7:9858|admin:|client:|dataStream:|priority:0, 2b9fb502-63a5-487f-abc0-009a40dac8bf|rpc:172.21.0.6:9858|admin:|client:|dataStream:|priority:1], old=null
nm_1        | 2021-01-27 08:17:28 INFO  NMAuditLogger:89 - USER=hadoop	IP=172.21.0.5	OPERATION=Stop Container Request	TARGET=ContainerManageImpl	RESULT=SUCCESS	APPID=application_1611735344827_0001	CONTAINERID=container_1611735344827_0001_01_000002
scm_1       | 2021-01-27 08:16:15,916 [EventQueue-PipelineReportForOneReplicaPipelineSafeModeRule] INFO safemode.SCMSafeModeManager: AtleastOneDatanodeReportedRule rule is successfully validated
rm_1        | INFO: Binding org.apache.hadoop.yarn.server.resourcemanager.webapp.JAXBContextResolver to GuiceManagedComponentProvider with the scope "Singleton"
om_1        | 2021-01-27 08:16:18,342 [Listener at om/9862] INFO handler.ContextHandler: Started o.e.j.w.WebAppContext@4cffd3fd{ozoneManager,/,file:///tmp/jetty-0_0_0_0-9874-hadoop-ozone-ozone-manager-1_1_0-SNAPSHOT_jar-_-any-7586204385616912929/webapp/,AVAILABLE}{jar:file:/opt/hadoop/share/ozone/lib/hadoop-ozone-ozone-manager-1.1.0-SNAPSHOT.jar!/webapps/ozoneManager}
datanode_1  | 2021-01-27 08:16:18,790 [grpc-default-executor-1] INFO segmented.SegmentedRaftLogWorker: 66150804-3bef-4efc-bdeb-3674a0de1db2@group-DF6AA90CABE5-SegmentedRaftLogWorker: Starting segment from index:0
nm_1        | 2021-01-27 08:17:28 WARN  DefaultContainerExecutor:224 - Exit code from container container_1611735344827_0001_01_000002 is : 143
scm_1       | 2021-01-27 08:16:16,229 [EventQueue-PipelineReportForOneReplicaPipelineSafeModeRule] INFO safemode.SCMSafeModeManager: AtleastOneDatanodeReportedRule rule is successfully validated
rm_1        | Jan 27, 2021 8:15:53 AM com.sun.jersey.guice.spi.container.GuiceComponentProviderFactory getComponentProvider
om_1        | 2021-01-27 08:16:18,367 [Listener at om/9862] INFO server.AbstractConnector: Started ServerConnector@7455dacb{HTTP/1.1, (http/1.1)}{0.0.0.0:9874}
datanode_1  | 2021-01-27 08:16:18,791 [66150804-3bef-4efc-bdeb-3674a0de1db2@group-DF6AA90CABE5-SegmentedRaftLogWorker] INFO segmented.SegmentedRaftLogWorker: 66150804-3bef-4efc-bdeb-3674a0de1db2@group-DF6AA90CABE5-SegmentedRaftLogWorker: created new log segment /data/metadata/ratis/c347e18a-6202-4a47-bed8-df6aa90cabe5/current/log_inprogress_0
nm_1        | 2021-01-27 08:17:28 INFO  ContainerImpl:1135 - Container container_1611735344827_0001_01_000002 transitioned from KILLING to CONTAINER_CLEANEDUP_AFTER_KILL
scm_1       | 2021-01-27 08:16:16,230 [EventQueue-PipelineReportForPipelineReportHandler] INFO pipeline.PipelineStateManager: Pipeline Pipeline[ Id: de4c3054-39be-489a-8755-62c344ffd16b, Nodes: 66150804-3bef-4efc-bdeb-3674a0de1db2{ip: 172.21.0.2, host: hadoop27_datanode_1.hadoop27_default, networkLocation: /default-rack, certSerialId: null, persistedOpState: IN_SERVICE, persistedOpStateExpiryEpochSec: 0}2b9fb502-63a5-487f-abc0-009a40dac8bf{ip: 172.21.0.6, host: hadoop27_datanode_3.hadoop27_default, networkLocation: /default-rack, certSerialId: null, persistedOpState: IN_SERVICE, persistedOpStateExpiryEpochSec: 0}b2189dd3-066c-471e-897a-a5c1d5801a2b{ip: 172.21.0.7, host: hadoop27_datanode_2.hadoop27_default, networkLocation: /default-rack, certSerialId: null, persistedOpState: IN_SERVICE, persistedOpStateExpiryEpochSec: 0}, Type:RATIS, Factor:THREE, State:ALLOCATED, leaderId:66150804-3bef-4efc-bdeb-3674a0de1db2, CreationTimestamp2021-01-27T08:16:06.960264Z] moved to OPEN state
rm_1        | INFO: Binding org.apache.hadoop.yarn.webapp.GenericExceptionHandler to GuiceManagedComponentProvider with the scope "Singleton"
om_1        | 2021-01-27 08:16:18,368 [Listener at om/9862] INFO server.Server: Started @10228ms
nm_1        | 2021-01-27 08:17:28 INFO  NMAuditLogger:89 - USER=hadoop	OPERATION=Container Finished - Killed	TARGET=ContainerImpl	RESULT=SUCCESS	APPID=application_1611735344827_0001	CONTAINERID=container_1611735344827_0001_01_000002
scm_1       | 2021-01-27 08:16:16,230 [EventQueue-OpenPipelineForHealthyPipelineSafeModeRule] INFO safemode.SCMSafeModeManager: SCM in safe mode. Healthy pipelines reported count is 0, required healthy pipeline reported count is 1
rm_1        | Jan 27, 2021 8:15:55 AM com.sun.jersey.guice.spi.container.GuiceComponentProviderFactory getComponentProvider
om_1        | 2021-01-27 08:16:18,378 [Listener at om/9862] INFO impl.MetricsSinkAdapter: Sink prometheus started
nm_1        | 2021-01-27 08:17:28 INFO  ContainerImpl:1135 - Container container_1611735344827_0001_01_000002 transitioned from CONTAINER_CLEANEDUP_AFTER_KILL to DONE
scm_1       | 2021-01-27 08:16:16,231 [EventQueue-OpenPipelineForHealthyPipelineSafeModeRule] INFO safemode.SCMSafeModeManager: SCM in safe mode. Healthy pipelines reported count is 1, required healthy pipeline reported count is 1
rm_1        | INFO: Binding org.apache.hadoop.yarn.server.resourcemanager.webapp.RMWebServices to GuiceManagedComponentProvider with the scope "Singleton"
om_1        | 2021-01-27 08:16:18,378 [Listener at om/9862] INFO impl.MetricsSystemImpl: Registered sink prometheus
nm_1        | 2021-01-27 08:17:28 INFO  ApplicationImpl:347 - Removing container_1611735344827_0001_01_000002 from application application_1611735344827_0001
scm_1       | 2021-01-27 08:16:16,231 [EventQueue-OpenPipelineForHealthyPipelineSafeModeRule] INFO safemode.SCMSafeModeManager: HealthyPipelineSafeModeRule rule is successfully validated
rm_1        | 2021-01-27 08:15:55 INFO  log:67 - Started HttpServer2$SelectChannelConnectorWithSafeStartup@rm:8088
om_1        | 2021-01-27 08:16:18,383 [Listener at om/9862] INFO http.BaseHttpServer: HTTP server of ozoneManager listening at http://0.0.0.0:9874
nm_1        | 2021-01-27 08:17:28 INFO  ContainersMonitorImpl:196 - Neither virutal-memory nor physical-memory monitoring is needed. Not running the monitor-thread
nm_1        | 2021-01-27 08:17:28 INFO  AuxServices:196 - Got event CONTAINER_STOP for appId application_1611735344827_0001
rm_1        | 2021-01-27 08:15:55 INFO  WebApps:307 - Web app cluster started at 8088
om_1        | 2021-01-27 08:16:18,389 [IPC Server Responder] INFO ipc.Server: IPC Server Responder: starting
scm_1       | 2021-01-27 08:16:16,231 [EventQueue-OpenPipelineForHealthyPipelineSafeModeRule] INFO safemode.SCMSafeModeManager: ScmSafeModeManager, all rules are successfully validated
nm_1        | 2021-01-27 08:17:29 INFO  Server:1316 - Auth successful for appattempt_1611735344827_0001_000001 (auth:SIMPLE)
rm_1        | 2021-01-27 08:15:55 INFO  CallQueueManager:54 - Using callQueue class java.util.concurrent.LinkedBlockingQueue
om_1        | 2021-01-27 08:16:18,395 [IPC Server listener on 9862] INFO ipc.Server: IPC Server listener on 9862: starting
scm_1       | 2021-01-27 08:16:16,231 [EventQueue-OpenPipelineForHealthyPipelineSafeModeRule] INFO safemode.SCMSafeModeManager: SCM exiting safe mode.
nm_1        | 2021-01-27 08:17:29 INFO  ContainerManagerImpl:810 - Start request for container_1611735344827_0001_01_000003 by user hadoop
rm_1        | 2021-01-27 08:15:55 INFO  Server:606 - Starting Socket Reader #1 for port 8033
om_1        | 2021-01-27 08:16:18,732 [Listener at om/9862] INFO om.OzoneManager: Trash Interval set to 0. Files deleted will not move to trash
scm_1       | 2021-01-27 08:16:18,580 [EventQueue-PipelineReportForPipelineReportHandler] INFO pipeline.PipelineStateManager: Pipeline Pipeline[ Id: c347e18a-6202-4a47-bed8-df6aa90cabe5, Nodes: b2189dd3-066c-471e-897a-a5c1d5801a2b{ip: 172.21.0.7, host: hadoop27_datanode_2.hadoop27_default, networkLocation: /default-rack, certSerialId: null, persistedOpState: IN_SERVICE, persistedOpStateExpiryEpochSec: 0}66150804-3bef-4efc-bdeb-3674a0de1db2{ip: 172.21.0.2, host: hadoop27_datanode_1.hadoop27_default, networkLocation: /default-rack, certSerialId: null, persistedOpState: IN_SERVICE, persistedOpStateExpiryEpochSec: 0}2b9fb502-63a5-487f-abc0-009a40dac8bf{ip: 172.21.0.6, host: hadoop27_datanode_3.hadoop27_default, networkLocation: /default-rack, certSerialId: null, persistedOpState: IN_SERVICE, persistedOpStateExpiryEpochSec: 0}, Type:RATIS, Factor:THREE, State:ALLOCATED, leaderId:2b9fb502-63a5-487f-abc0-009a40dac8bf, CreationTimestamp2021-01-27T08:16:06.971862Z] moved to OPEN state
nm_1        | 2021-01-27 08:17:29 INFO  NMAuditLogger:89 - USER=hadoop	IP=172.21.0.5	OPERATION=Start Container Request	TARGET=ContainerManageImpl	RESULT=SUCCESS	APPID=application_1611735344827_0001	CONTAINERID=container_1611735344827_0001_01_000003
rm_1        | 2021-01-27 08:15:55 INFO  RpcServerFactoryPBImpl:174 - Adding protocol org.apache.hadoop.yarn.server.api.ResourceManagerAdministrationProtocolPB to the server
om_1        | 2021-01-27 08:16:18,763 [org.apache.hadoop.util.JvmPauseMonitor$Monitor@34c53688] INFO util.JvmPauseMonitor: Starting JVM pause monitor
nm_1        | 2021-01-27 08:17:29 INFO  ApplicationImpl:304 - Adding container_1611735344827_0001_01_000003 to application application_1611735344827_0001
nm_1        | 2021-01-27 08:17:29 INFO  ContainerImpl:1135 - Container container_1611735344827_0001_01_000003 transitioned from NEW to LOCALIZING
om_1        | 2021-01-27 08:16:22,697 [Thread-10] INFO impl.FollowerState: om1@group-C5BA1605619E-FollowerState: change to CANDIDATE, lastRpcElapsedTime:5037092161ns, electionTimeout:5029ms
nm_1        | 2021-01-27 08:17:29 INFO  AuxServices:196 - Got event CONTAINER_INIT for appId application_1611735344827_0001
rm_1        | 2021-01-27 08:15:55 INFO  Server:836 - IPC Server Responder: starting
om_1        | 2021-01-27 08:16:22,698 [Thread-10] INFO impl.RoleInfo: om1: shutdown om1@group-C5BA1605619E-FollowerState
nm_1        | 2021-01-27 08:17:29 INFO  AuxServices:196 - Got event APPLICATION_INIT for appId application_1611735344827_0001
rm_1        | 2021-01-27 08:15:55 INFO  Server:676 - IPC Server listener on 8033: starting
om_1        | 2021-01-27 08:16:22,699 [Thread-10] INFO server.RaftServer$Division: om1@group-C5BA1605619E: changes role from  FOLLOWER to CANDIDATE at term 0 for changeToCandidate
nm_1        | 2021-01-27 08:17:29 INFO  AuxServices:200 - Got APPLICATION_INIT for service mapreduce_shuffle
rm_1        | 2021-01-27 08:16:02 INFO  RackResolver:109 - Resolved nm to /default-rack
om_1        | 2021-01-27 08:16:22,701 [Thread-10] INFO impl.RoleInfo: om1: start om1@group-C5BA1605619E-LeaderElection1
nm_1        | 2021-01-27 08:17:29 INFO  ShuffleHandler:671 - Added token for job_1611735344827_0001
rm_1        | 2021-01-27 08:16:02 INFO  ResourceTrackerService:345 - NodeManager from node nm(cmPort: 38197 httpPort: 8042) registered with capability: <memory:8192, vCores:8>, assigned nodeId nm:38197
om_1        | 2021-01-27 08:16:22,715 [om1@group-C5BA1605619E-LeaderElection1] INFO impl.LeaderElection: om1@group-C5BA1605619E-LeaderElection1 PRE_VOTE round 0: submit vote requests at term 0 for -1: [om1|rpc:om:9872|priority:0], old=null
nm_1        | 2021-01-27 08:17:29 INFO  ContainerImpl:1135 - Container container_1611735344827_0001_01_000003 transitioned from LOCALIZING to LOCALIZED
rm_1        | 2021-01-27 08:16:02 INFO  RMNodeImpl:438 - nm:38197 Node Transitioned from NEW to RUNNING
om_1        | 2021-01-27 08:16:22,715 [om1@group-C5BA1605619E-LeaderElection1] INFO impl.LeaderElection: om1@group-C5BA1605619E-LeaderElection1 PRE_VOTE round 0: result PASSED (term=0)
nm_1        | 2021-01-27 08:17:29 INFO  ContainerImpl:1135 - Container container_1611735344827_0001_01_000003 transitioned from LOCALIZED to RUNNING
rm_1        | 2021-01-27 08:16:02 INFO  CapacityScheduler:1335 - Added node nm:38197 clusterResource: <memory:8192, vCores:8>
om_1        | 2021-01-27 08:16:22,720 [om1@group-C5BA1605619E-LeaderElection1] INFO impl.LeaderElection: om1@group-C5BA1605619E-LeaderElection1 ELECTION round 0: submit vote requests at term 1 for -1: [om1|rpc:om:9872|priority:0], old=null
nm_1        | 2021-01-27 08:17:29 INFO  ContainersMonitorImpl:196 - Neither virutal-memory nor physical-memory monitoring is needed. Not running the monitor-thread
rm_1        | 2021-01-27 08:17:11 INFO  ClientRMService:289 - Allocated new applicationId: 1
om_1        | 2021-01-27 08:16:22,720 [om1@group-C5BA1605619E-LeaderElection1] INFO impl.LeaderElection: om1@group-C5BA1605619E-LeaderElection1 ELECTION round 0: result PASSED (term=1)
nm_1        | 2021-01-27 08:17:29 INFO  DefaultContainerExecutor:268 - launchContainer: [bash, /tmp/hadoop-hadoop/nm-local-dir/usercache/hadoop/appcache/application_1611735344827_0001/container_1611735344827_0001_01_000003/default_container_executor.sh]
rm_1        | 2021-01-27 08:17:12 INFO  ClientRMService:583 - Application with id 1 submitted by user hadoop
om_1        | 2021-01-27 08:16:22,720 [om1@group-C5BA1605619E-LeaderElection1] INFO impl.RoleInfo: om1: shutdown om1@group-C5BA1605619E-LeaderElection1
nm_1        | 2021-01-27 08:17:30 INFO  NodeStatusUpdaterImpl:490 - Removed completed containers from NM context: [container_1611735344827_0001_01_000002]
rm_1        | 2021-01-27 08:17:12 INFO  RMAppImpl:974 - Storing application with id application_1611735344827_0001
om_1        | 2021-01-27 08:16:22,721 [om1@group-C5BA1605619E-LeaderElection1] INFO server.RaftServer$Division: om1@group-C5BA1605619E: changes role from CANDIDATE to LEADER at term 1 for changeToLeader
nm_1        | 2021-01-27 08:17:33 INFO  Server:1316 - Auth successful for appattempt_1611735344827_0001_000001 (auth:SIMPLE)
om_1        | 2021-01-27 08:16:22,721 [om1@group-C5BA1605619E-LeaderElection1] INFO server.RaftServer$Division: om1@group-C5BA1605619E: change Leader from null to om1 at term 1 for becomeLeader, leader elected after 5281ms
rm_1        | 2021-01-27 08:17:12 INFO  RMAuditLogger:148 - USER=hadoop	IP=172.21.0.8	OPERATION=Submit Application Request	TARGET=ClientRMService	RESULT=SUCCESS	APPID=application_1611735344827_0001
rm_1        | 2021-01-27 08:17:12 INFO  RMAppImpl:715 - application_1611735344827_0001 State change from NEW to NEW_SAVING
