om_1        | STARTUP_MSG:   classpath = /etc/hadoop:/opt/hadoop/share/ozone/lib/hdds-interface-admin-1.2.0-SNAPSHOT.jar:/opt/hadoop/share/ozone/lib/kerb-simplekdc-1.0.1.jar:/opt/hadoop/share/ozone/lib/jackson-annotations-2.12.1.jar:/opt/hadoop/share/ozone/lib/protobuf-java-2.5.0.jar:/opt/hadoop/share/ozone/lib/slf4j-log4j12-1.7.30.jar:/opt/hadoop/share/ozone/lib/log4j-api-2.13.3.jar:/opt/hadoop/share/ozone/lib/commons-validator-1.6.jar:/opt/hadoop/share/ozone/lib/hdds-server-framework-1.2.0-SNAPSHOT.jar:/opt/hadoop/share/ozone/lib/bcpkix-jdk15on-1.67.jar:/opt/hadoop/share/ozone/lib/jetty-security-9.4.43.v20210629.jar:/opt/hadoop/share/ozone/lib/kerb-core-1.0.1.jar:/opt/hadoop/share/ozone/lib/hdds-interface-server-1.2.0-SNAPSHOT.jar:/opt/hadoop/share/ozone/lib/hadoop-shaded-protobuf_3_7-1.1.1.jar:/opt/hadoop/share/ozone/lib/okhttp-4.9.0.jar:/opt/hadoop/share/ozone/lib/jsr305-3.0.0.jar:/opt/hadoop/share/ozone/lib/j2objc-annotations-1.3.jar:/opt/hadoop/share/ozone/lib/hdds-hadoop-dependency-server-1.2.0-SNAPSHOT.jar:/opt/hadoop/share/ozone/lib/json-smart-2.3.1.jar:/opt/hadoop/share/ozone/lib/htrace-core4-4.1.0-incubating.jar:/opt/hadoop/share/ozone/lib/picocli-4.6.1.jar:/opt/hadoop/share/ozone/lib/javassist-3.21.0-GA.jar:/opt/hadoop/share/ozone/lib/kerb-util-1.0.1.jar:/opt/hadoop/share/ozone/lib/kotlin-stdlib-common-1.4.31.jar:/opt/hadoop/share/ozone/lib/checker-qual-3.8.0.jar:/opt/hadoop/share/ozone/lib/hadoop-shaded-guava-1.1.1.jar:/opt/hadoop/share/ozone/lib/commons-logging-1.2.jar:/opt/hadoop/share/ozone/lib/kerby-xdr-1.0.1.jar:/opt/hadoop/share/ozone/lib/jackson-datatype-jsr310-2.12.1.jar:/opt/hadoop/share/ozone/lib/httpcore-4.4.13.jar:/opt/hadoop/share/ozone/lib/opentracing-tracerresolver-0.1.8.jar:/opt/hadoop/share/ozone/lib/commons-net-3.6.jar:/opt/hadoop/share/ozone/lib/hdds-client-1.2.0-SNAPSHOT.jar:/opt/hadoop/share/ozone/lib/libthrift-0.14.1.jar:/opt/hadoop/share/ozone/lib/snakeyaml-1.26.jar:/opt/hadoop/share/ozone/lib/error_prone_annotations-2.2.0.jar:/opt/hadoop/share/ozone/lib/jetty-servlet-9.4.43.v20210629.jar:/opt/hadoop/share/ozone/lib/httpclient-4.5.13.jar:/opt/hadoop/share/ozone/lib/kerby-config-1.0.1.jar:/opt/hadoop/share/ozone/lib/jaeger-client-1.6.0.jar:/opt/hadoop/share/ozone/lib/commons-io-2.11.0.jar:/opt/hadoop/share/ozone/lib/metrics-core-3.2.4.jar:/opt/hadoop/share/ozone/lib/kerby-pkix-1.0.1.jar:/opt/hadoop/share/ozone/lib/aspectjweaver-1.9.7.jar:/opt/hadoop/share/ozone/lib/jsr311-api-1.1.1.jar:/opt/hadoop/share/ozone/lib/jetty-webapp-9.4.43.v20210629.jar:/opt/hadoop/share/ozone/lib/commons-beanutils-1.9.4.jar:/opt/hadoop/share/ozone/lib/ozone-interface-client-1.2.0-SNAPSHOT.jar:/opt/hadoop/share/ozone/lib/rocksdbjni-6.25.3.jar:/opt/hadoop/share/ozone/lib/javax.servlet-api-3.1.0.jar:/opt/hadoop/share/ozone/lib/kerb-server-1.0.1.jar:/opt/hadoop/share/ozone/lib/guava-30.1.1-jre.jar:/opt/hadoop/share/ozone/lib/jackson-core-2.12.1.jar:/opt/hadoop/share/ozone/lib/kerb-client-1.0.1.jar:/opt/hadoop/share/ozone/lib/ratis-grpc-2.2.0.jar:/opt/hadoop/share/ozone/lib/ratis-common-2.2.0.jar:/opt/hadoop/share/ozone/lib/disruptor-3.4.2.jar:/opt/hadoop/share/ozone/lib/aspectjrt-1.9.7.jar:/opt/hadoop/share/ozone/lib/reflections-0.9.11.jar:/opt/hadoop/share/ozone/lib/jetty-io-9.4.43.v20210629.jar:/opt/hadoop/share/ozone/lib/log4j-core-2.13.3.jar:/opt/hadoop/share/ozone/lib/hadoop-hdfs-3.3.1.jar:/opt/hadoop/share/ozone/lib/annotations-13.0.jar:/opt/hadoop/share/ozone/lib/jetty-server-9.4.43.v20210629.jar:/opt/hadoop/share/ozone/lib/simpleclient_common-0.7.0.jar:/opt/hadoop/share/ozone/lib/jackson-databind-2.12.1.jar:/opt/hadoop/share/ozone/lib/hadoop-common-3.3.1.jar:/opt/hadoop/share/ozone/lib/dnsjava-2.1.7.jar:/opt/hadoop/share/ozone/lib/jaeger-thrift-1.6.0.jar:/opt/hadoop/share/ozone/lib/bcprov-jdk15on-1.67.jar:/opt/hadoop/share/ozone/lib/commons-configuration2-2.1.1.jar:/opt/hadoop/share/ozone/lib/ratis-proto-2.2.0.jar:/opt/hadoop/share/ozone/lib/ratis-client-2.2.0.jar:/opt/hadoop/share/ozone/lib/token-provider-1.0.1.jar:/opt/hadoop/share/ozone/lib/log4j-1.2.17.jar:/opt/hadoop/share/ozone/lib/commons-daemon-1.0.13.jar:/opt/hadoop/share/ozone/lib/listenablefuture-9999.0-empty-to-avoid-conflict-with-guava.jar:/opt/hadoop/share/ozone/lib/jetty-xml-9.4.43.v20210629.jar:/opt/hadoop/share/ozone/lib/jaeger-tracerresolver-1.6.0.jar:/opt/hadoop/share/ozone/lib/ratis-netty-2.2.0.jar:/opt/hadoop/share/ozone/lib/ozone-common-1.2.0-SNAPSHOT.jar:/opt/hadoop/share/ozone/lib/commons-lang3-3.7.jar:/opt/hadoop/share/ozone/lib/hdds-common-1.2.0-SNAPSHOT.jar:/opt/hadoop/share/ozone/lib/re2j-1.1.jar:/opt/hadoop/share/ozone/lib/commons-math3-3.1.1.jar:/opt/hadoop/share/ozone/lib/ratis-thirdparty-misc-0.7.0.jar:/opt/hadoop/share/ozone/lib/simpleclient_dropwizard-0.7.0.jar:/opt/hadoop/share/ozone/lib/simpleclient-0.7.0.jar:/opt/hadoop/share/ozone/lib/ozone-client-1.2.0-SNAPSHOT.jar:/opt/hadoop/share/ozone/lib/asm-5.0.4.jar:/opt/hadoop/share/ozone/lib/kerby-util-1.0.1.jar:/opt/hadoop/share/ozone/lib/hdds-hadoop-dependency-client-1.2.0-SNAPSHOT.jar:/opt/hadoop/share/ozone/lib/failureaccess-1.0.1.jar:/opt/hadoop/share/ozone/lib/okio-2.8.0.jar:/opt/hadoop/share/ozone/lib/hdds-config-1.2.0-SNAPSHOT.jar:/opt/hadoop/share/ozone/lib/jsp-api-2.1.jar:/opt/hadoop/share/ozone/lib/jetty-http-9.4.43.v20210629.jar:/opt/hadoop/share/ozone/lib/jsch-0.1.54.jar:/opt/hadoop/share/ozone/lib/jakarta.activation-api-1.2.1.jar:/opt/hadoop/share/ozone/lib/slf4j-api-1.7.30.jar:/opt/hadoop/share/ozone/lib/hadoop-hdfs-client-3.3.1.jar:/opt/hadoop/share/ozone/lib/nimbus-jose-jwt-7.9.jar:/opt/hadoop/share/ozone/lib/commons-codec-1.11.jar:/opt/hadoop/share/ozone/lib/commons-pool2-2.6.0.jar:/opt/hadoop/share/ozone/lib/jetty-util-9.4.43.v20210629.jar:/opt/hadoop/share/ozone/lib/gson-2.2.4.jar:/opt/hadoop/share/ozone/lib/jetty-util-ajax-9.4.43.v20210629.jar:/opt/hadoop/share/ozone/lib/opentracing-api-0.33.0.jar:/opt/hadoop/share/ozone/lib/hdds-interface-client-1.2.0-SNAPSHOT.jar:/opt/hadoop/share/ozone/lib/jcip-annotations-1.0-1.jar:/opt/hadoop/share/ozone/lib/kerb-admin-1.0.1.jar:/opt/hadoop/share/ozone/lib/kotlin-stdlib-1.4.31.jar:/opt/hadoop/share/ozone/lib/opentracing-noop-0.33.0.jar:/opt/hadoop/share/ozone/lib/jersey-core-1.19.jar:/opt/hadoop/share/ozone/lib/commons-compress-1.21.jar:/opt/hadoop/share/ozone/lib/ratis-metrics-2.2.0.jar:/opt/hadoop/share/ozone/lib/accessors-smart-2.3.1.jar:/opt/hadoop/share/ozone/lib/ratis-server-api-2.2.0.jar:/opt/hadoop/share/ozone/lib/opentracing-util-0.33.0.jar:/opt/hadoop/share/ozone/lib/ozone-interface-storage-1.2.0-SNAPSHOT.jar:/opt/hadoop/share/ozone/lib/snappy-java-1.1.8.2.jar:/opt/hadoop/share/ozone/lib/commons-cli-1.2.jar:/opt/hadoop/share/ozone/lib/woodstox-core-5.0.3.jar:/opt/hadoop/share/ozone/lib/javax.annotation-api-1.2.jar:/opt/hadoop/share/ozone/lib/kerby-asn1-1.0.1.jar:/opt/hadoop/share/ozone/lib/hadoop-annotations-3.3.1.jar:/opt/hadoop/share/ozone/lib/stax2-api-3.1.4.jar:/opt/hadoop/share/ozone/lib/commons-collections-3.2.2.jar:/opt/hadoop/share/ozone/lib/commons-digester-1.8.1.jar:/opt/hadoop/share/ozone/lib/jaeger-core-1.6.0.jar:/opt/hadoop/share/ozone/lib/commons-text-1.4.jar:/opt/hadoop/share/ozone/lib/jersey-servlet-1.19.jar:/opt/hadoop/share/ozone/lib/ratis-server-2.2.0.jar:/opt/hadoop/share/ozone/lib/hadoop-auth-3.3.1.jar:/opt/hadoop/share/ozone/lib/kerb-identity-1.0.1.jar:/opt/hadoop/share/ozone/lib/kerb-common-1.0.1.jar:/opt/hadoop/share/ozone/lib/jersey-server-1.19.jar:/opt/hadoop/share/ozone/lib/kerb-crypto-1.0.1.jar:/opt/hadoop/share/ozone/web:/opt/hadoop/share/ozone/lib/ozone-manager-1.2.0-SNAPSHOT.jar
datanode_1  | 	at java.base/java.util.concurrent.ThreadPoolExecutor.runWorker(ThreadPoolExecutor.java:1128)
scm_1       | 2021-11-16 12:55:35,404 [main] INFO ha.SCMHANodeDetails: ServiceID for StorageContainerManager is null
s3g_1       | 
recon_1     | 2021-11-16 12:55:39,492 [main] INFO tasks.ReconTaskControllerImpl: Registered task TableCountTask with controller.
om_1        | STARTUP_MSG:   build = https://github.com/apache/ozone/b4a785c6a933a9072111eee4fd2c4fe68e5ab907 ; compiled by 'runner' on 2021-11-16T12:44Z
datanode_1  | 	at java.base/java.util.concurrent.ThreadPoolExecutor$Worker.run(ThreadPoolExecutor.java:628)
scm_1       | 2021-11-16 12:55:35,405 [main] INFO ha.SCMHANodeDetails: ozone.scm.default.service.id is not defined, falling back to ozone.scm.service.ids to find serviceID for StorageContainerManager if it is HA enabled cluster
s3g_1       | 2021-11-16 12:55:38,369 [main] INFO handler.ContextHandler: Started o.e.j.w.WebAppContext@353c6da1{s3gateway,/,file:///tmp/jetty-0_0_0_0-9878-ozone-s3gateway-1_2_0-SNAPSHOT_jar-_-any-4432859624471208972/webapp/,AVAILABLE}{jar:file:/opt/hadoop/share/ozone/lib/ozone-s3gateway-1.2.0-SNAPSHOT.jar!/webapps/s3gateway}
recon_1     | 2021-11-16 12:55:39,515 [main] INFO tasks.ReconTaskControllerImpl: Registered task NSSummaryTask with controller.
om_1        | STARTUP_MSG:   java = 11.0.10
datanode_1  | 	at java.base/java.lang.Thread.run(Thread.java:834)
scm_1       | 2021-11-16 12:55:36,059 [main] WARN server.ServerUtils: ozone.scm.db.dirs is not configured. We recommend adding this setting. Falling back to ozone.metadata.dirs instead.
s3g_1       | 2021-11-16 12:55:38,431 [main] INFO server.AbstractConnector: Started ServerConnector@5495333e{HTTP/1.1, (http/1.1)}{0.0.0.0:9878}
recon_1     | 2021-11-16 12:55:39,556 [main] INFO ozone.OmUtils: ozone.om.internal.service.id is not defined, falling back to ozone.om.service.ids to find serviceID for OzoneManager if it is HA enabled cluster
om_1        | ************************************************************/
datanode_1  | Caused by: java.net.SocketTimeoutException: 5000 millis timeout while waiting for channel to be ready for read. ch : java.nio.channels.SocketChannel[connected local=/172.18.0.3:37990 remote=recon/172.18.0.6:9891]
scm_1       | 2021-11-16 12:55:36,287 [main] INFO upgrade.AbstractLayoutVersionManager: Initializing Layout version manager with metadata layout = SCM_HA (version = 2), software layout = SCM_HA (version = 2)
scm_1       | 2021-11-16 12:55:38,862 [main] INFO reflections.Reflections: Reflections took 1022 ms to scan 3 urls, producing 103 keys and 217 values 
recon_1     | 2021-11-16 12:55:39,557 [main] INFO ozone.OmUtils: No OzoneManager ServiceID configured.
om_1        | 2021-11-16 12:55:48,270 [main] INFO om.OzoneManagerStarter: registered UNIX signal handlers for [TERM, HUP, INT]
scm_1       | 2021-11-16 12:55:40,872 [main] WARN utils.HAUtils: ozone.scm.db.dirs is not configured. We recommend adding this setting. Falling back to ozone.metadata.dirs instead.
s3g_1       | 2021-11-16 12:55:38,434 [main] INFO server.Server: Started @22275ms
datanode_1  | 	at org.apache.hadoop.net.SocketIOWithTimeout.doIO(SocketIOWithTimeout.java:164)
recon_1     | 2021-11-16 12:55:40,467 [main] WARN recon.ReconUtils: ozone.recon.om.db.dir is not configured. We recommend adding this setting. Falling back to ozone.metadata.dirs instead.
om_1        | 2021-11-16 12:55:49,742 [main] INFO ha.OMHANodeDetails: ozone.om.internal.service.id is not defined, falling back to ozone.om.service.ids to find serviceID for OzoneManager if it is HA enabled cluster
scm_1       | 2021-11-16 12:55:41,211 [main] WARN db.DBStoreBuilder: ozone.scm.db.dirs is not configured. We recommend adding this setting. Falling back to ozone.metadata.dirs instead.
s3g_1       | 2021-11-16 12:55:38,436 [main] INFO http.BaseHttpServer: HTTP server of s3gateway listening at http://0.0.0.0:9878
datanode_1  | 	at org.apache.hadoop.net.SocketInputStream.read(SocketInputStream.java:161)
recon_1     | 2021-11-16 12:55:40,777 [main] WARN recon.ReconUtils: ozone.recon.scm.db.dirs is not configured. We recommend adding this setting. Falling back to ozone.metadata.dirs instead.
om_1        | 2021-11-16 12:55:49,912 [main] INFO ha.OMHANodeDetails: Configuration does not have ozone.om.address set. Falling back to the default OM address om/172.18.0.5:9862
scm_1       | 2021-11-16 12:55:41,534 [main] INFO net.NodeSchemaLoader: Loading schema from [file:/etc/hadoop/network-topology-default.xml, jar:file:/opt/hadoop/share/ozone/lib/hdds-common-1.2.0-SNAPSHOT.jar!/network-topology-default.xml]
recon_1     | 2021-11-16 12:55:40,825 [main] INFO net.NodeSchemaLoader: Loading schema from [file:/etc/hadoop/network-topology-default.xml, jar:file:/opt/hadoop/share/ozone/lib/hdds-common-1.2.0-SNAPSHOT.jar!/network-topology-default.xml]
datanode_1  | 	at org.apache.hadoop.net.SocketInputStream.read(SocketInputStream.java:131)
om_1        | 2021-11-16 12:55:49,912 [main] INFO ha.OMHANodeDetails: OM Service ID is not set. Setting it to the default ID: omServiceIdDefault
scm_1       | 2021-11-16 12:55:41,550 [main] INFO net.NodeSchemaLoader: Loading network topology layer schema file
recon_1     | 2021-11-16 12:55:40,830 [main] INFO net.NodeSchemaLoader: Loading network topology layer schema file
datanode_1  | 	at java.base/java.io.FilterInputStream.read(FilterInputStream.java:133)
om_1        | 2021-11-16 12:55:49,913 [main] INFO ha.OMHANodeDetails: OM Node ID is not set. Setting it to the default ID: om1
scm_1       | 2021-11-16 12:55:41,704 [main] INFO metrics.MetricRegistries: Loaded MetricRegistries class org.apache.ratis.metrics.impl.MetricRegistriesImpl
recon_1     | 2021-11-16 12:55:40,992 [main] WARN db.DBStoreBuilder: ozone.recon.scm.db.dirs is not configured. We recommend adding this setting. Falling back to ozone.metadata.dirs instead.
datanode_1  | 	at java.base/java.io.BufferedInputStream.fill(BufferedInputStream.java:252)
om_1        | 2021-11-16 12:55:49,944 [main] WARN server.ServerUtils: ozone.om.db.dirs is not configured. We recommend adding this setting. Falling back to ozone.metadata.dirs instead.
scm_1       | 2021-11-16 12:55:41,731 [main] INFO ha.SequenceIdGenerator: upgrade localId to 107544261427200000
recon_1     | 2021-11-16 12:55:41,261 [main] INFO upgrade.AbstractLayoutVersionManager: Initializing Layout version manager with metadata layout = SCM_HA (version = 2), software layout = SCM_HA (version = 2)
datanode_1  | 	at java.base/java.io.BufferedInputStream.read(BufferedInputStream.java:271)
om_1        | 2021-11-16 12:55:50,059 [main] INFO upgrade.AbstractLayoutVersionManager: Initializing Layout version manager with metadata layout = INITIAL_VERSION (version = 0), software layout = INITIAL_VERSION (version = 0)
scm_1       | 2021-11-16 12:55:41,731 [main] INFO ha.SequenceIdGenerator: upgrade delTxnId to 0
recon_1     | 2021-11-16 12:55:41,455 [main] INFO reflections.Reflections: Reflections took 189 ms to scan 3 urls, producing 103 keys and 217 values 
datanode_1  | 	at java.base/java.io.FilterInputStream.read(FilterInputStream.java:83)
om_1        | 2021-11-16 12:55:50,707 [main] INFO reflections.Reflections: Reflections took 555 ms to scan 1 urls, producing 95 keys and 260 values [using 2 cores]
scm_1       | 2021-11-16 12:55:41,734 [main] INFO ha.SequenceIdGenerator: upgrade containerId to 0
recon_1     | 2021-11-16 12:55:41,505 [main] INFO ha.SequenceIdGenerator: Init the HA SequenceIdGenerator.
datanode_1  | 	at java.base/java.io.FilterInputStream.read(FilterInputStream.java:83)
datanode_1  | 	at org.apache.hadoop.ipc.Client$Connection$PingInputStream.read(Client.java:563)
scm_1       | 2021-11-16 12:55:41,737 [main] INFO ha.SequenceIdGenerator: Init the HA SequenceIdGenerator.
recon_1     | 2021-11-16 12:55:41,540 [main] INFO node.SCMNodeManager: Entering startup safe mode.
datanode_1  | 	at java.base/java.io.DataInputStream.readInt(DataInputStream.java:392)
om_1        | 2021-11-16 12:55:50,760 [main] WARN server.ServerUtils: ozone.om.db.dirs is not configured. We recommend adding this setting. Falling back to ozone.metadata.dirs instead.
scm_1       | 2021-11-16 12:55:41,824 [main] INFO node.SCMNodeManager: Entering startup safe mode.
recon_1     | 2021-11-16 12:55:41,548 [main] INFO scm.ReconNodeManager: Loaded 0 nodes from node DB.
datanode_1  | 	at org.apache.hadoop.ipc.Client$IpcStreams.readResponse(Client.java:1892)
om_1        | 2021-11-16 12:55:52,607 [main] WARN server.ServerUtils: ozone.om.db.dirs is not configured. We recommend adding this setting. Falling back to ozone.metadata.dirs instead.
scm_1       | 2021-11-16 12:55:41,891 [main] INFO algorithms.ContainerPlacementPolicyFactory: Create container placement policy of type org.apache.hadoop.hdds.scm.container.placement.algorithms.SCMContainerPlacementRandom
recon_1     | 2021-11-16 12:55:41,551 [main] INFO algorithms.ContainerPlacementPolicyFactory: Create container placement policy of type org.apache.hadoop.hdds.scm.container.placement.algorithms.SCMContainerPlacementRandom
datanode_1  | 	at org.apache.hadoop.ipc.Client$Connection.receiveRpcResponse(Client.java:1202)
om_1        | 2021-11-16 12:55:52,839 [main] INFO codec.OmKeyInfoCodec: OmKeyInfoCodec ignorePipeline = true
scm_1       | 2021-11-16 12:55:41,899 [main] INFO pipeline.PipelineStateManagerImpl: No pipeline exists in current db
recon_1     | 2021-11-16 12:55:41,592 [main] INFO ipc.CallQueueManager: Using callQueue: class java.util.concurrent.LinkedBlockingQueue, queueCapacity: 10000, scheduler: class org.apache.hadoop.ipc.DefaultRpcScheduler, ipcBackoff: false.
datanode_1  | 	at org.apache.hadoop.ipc.Client$Connection.run(Client.java:1098)
om_1        | 2021-11-16 12:55:52,840 [main] INFO codec.RepeatedOmKeyInfoCodec: RepeatedOmKeyInfoCodec ignorePipeline = true
scm_1       | 2021-11-16 12:55:41,936 [main] INFO algorithms.LeaderChoosePolicyFactory: Create leader choose policy of type org.apache.hadoop.hdds.scm.pipeline.leader.choose.algorithms.MinLeaderCountChoosePolicy
recon_1     | 2021-11-16 12:55:41,663 [Socket Reader #1 for port 9891] INFO ipc.Server: Starting Socket Reader #1 for port 9891
datanode_1  | 2021-11-16 12:55:49,684 [Command processor thread] INFO server.RaftServer: 07388d2a-b590-424d-b522-81b5306ab84e: addNew group-23B0E27247C8:[07388d2a-b590-424d-b522-81b5306ab84e|rpc:172.18.0.3:9856|admin:172.18.0.3:9857|client:172.18.0.3:9858|priority:1] returns group-23B0E27247C8:java.util.concurrent.CompletableFuture@103de683[Not completed]
om_1        | 2021-11-16 12:55:53,225 [main] INFO om.OzoneManager: Created Volume s3v With Owner hadoop required for S3Gateway operations.
scm_1       | 2021-11-16 12:55:41,942 [main] INFO ha.SCMServiceManager: Registering service BackgroundPipelineCreator.
scm_1       | 2021-11-16 12:55:41,943 [main] INFO pipeline.BackgroundPipelineCreator: Starting RatisPipelineUtilsThread.
datanode_1  | 2021-11-16 12:55:49,772 [pool-22-thread-1] INFO server.RaftServer$Division: 07388d2a-b590-424d-b522-81b5306ab84e: new RaftServerImpl for group-23B0E27247C8:[07388d2a-b590-424d-b522-81b5306ab84e|rpc:172.18.0.3:9856|admin:172.18.0.3:9857|client:172.18.0.3:9858|priority:1] with ContainerStateMachine:uninitialized
scm_1       | 2021-11-16 12:55:41,995 [main] INFO algorithms.PipelineChoosePolicyFactory: Create pipeline choose policy of type org.apache.hadoop.hdds.scm.pipeline.choose.algorithms.RandomPipelineChoosePolicy
recon_1     | 2021-11-16 12:55:41,706 [Listener at 0.0.0.0/9891] INFO pipeline.PipelineStateManagerImpl: No pipeline exists in current db
om_1        | 2021-11-16 12:55:53,281 [main] WARN server.ServerUtils: Storage directory for Ratis is not configured. It is a good idea to map this to an SSD disk. Falling back to ozone.metadata.dirs
datanode_1  | 2021-11-16 12:55:49,773 [pool-22-thread-1] INFO server.RaftServerConfigKeys: raft.server.rpc.timeout.min = 5s (custom)
scm_1       | 2021-11-16 12:55:42,027 [main] INFO ha.SCMServiceManager: Registering service SCMBlockDeletingService.
recon_1     | 2021-11-16 12:55:41,772 [Listener at 0.0.0.0/9891] INFO recon.ReconServer: Recon server initialized successfully!
om_1        | 2021-11-16 12:55:53,289 [main] WARN utils.OzoneManagerRatisUtils: ozone.om.ratis.snapshot.dir is not configured. Falling back to ozone.metadata.dirs config
datanode_1  | 2021-11-16 12:55:49,778 [pool-22-thread-1] INFO server.RaftServerConfigKeys: raft.server.rpc.timeout.max = 5200ms (custom)
scm_1       | 2021-11-16 12:55:42,051 [main] INFO ha.SCMServiceManager: Registering service ReplicationManager.
recon_1     | 2021-11-16 12:55:41,772 [Listener at 0.0.0.0/9891] INFO recon.ReconServer: Starting Recon server
om_1        | 2021-11-16 12:55:53,343 [main] INFO metrics.MetricRegistries: Loaded MetricRegistries class org.apache.ratis.metrics.impl.MetricRegistriesImpl
datanode_1  | 2021-11-16 12:55:49,778 [pool-22-thread-1] INFO server.RaftServerConfigKeys: raft.server.rpc.sleep.time = 25ms (default)
scm_1       | 2021-11-16 12:55:42,053 [main] INFO container.ReplicationManager: Starting Replication Monitor Thread.
recon_1     | 2021-11-16 12:55:41,900 [Listener at 0.0.0.0/9891] INFO impl.MetricsConfig: Loaded properties from hadoop-metrics2.properties
om_1        | 2021-11-16 12:55:53,356 [main] WARN server.ServerUtils: Storage directory for Ratis is not configured. It is a good idea to map this to an SSD disk. Falling back to ozone.metadata.dirs
datanode_1  | 2021-11-16 12:55:49,778 [pool-22-thread-1] INFO server.RaftServerConfigKeys: raft.server.rpc.slowness.timeout = 300s (custom)
scm_1       | 2021-11-16 12:55:42,099 [main] INFO safemode.ContainerSafeModeRule: containers with one replica threshold count 0
recon_1     | 2021-11-16 12:55:41,950 [Listener at 0.0.0.0/9891] INFO impl.MetricsSystemImpl: Scheduled Metric snapshot period at 10 second(s).
om_1        | 2021-11-16 12:55:53,415 [main] INFO ratis.OzoneManagerRatisServer: Instantiating OM Ratis server with groupID: omServiceIdDefault and peers: om:9872
datanode_1  | 2021-11-16 12:55:49,779 [pool-22-thread-1] INFO server.RaftServerConfigKeys: raft.server.leaderelection.leader.step-down.wait-time = 10s (default)
scm_1       | 2021-11-16 12:55:42,103 [main] INFO safemode.HealthyPipelineSafeModeRule: Total pipeline count is 0, healthy pipeline threshold count is 0
recon_1     | 2021-11-16 12:55:41,950 [Listener at 0.0.0.0/9891] INFO impl.MetricsSystemImpl: Recon metrics system started
om_1        | 2021-11-16 12:55:53,434 [main] INFO ratis.OzoneManagerStateMachine: LastAppliedIndex is set from TransactionInfo from OM DB as (t:0, i:~)
om_1        | 2021-11-16 12:55:53,480 [main] INFO server.RaftServer: raft.rpc.type = GRPC (default)
om_1        | 2021-11-16 12:55:53,753 [main] INFO grpc.GrpcConfigKeys: raft.grpc.admin.port = -1 (default)
recon_1     | 2021-11-16 12:55:42,449 [Listener at 0.0.0.0/9891] INFO http.HttpServer2: Jetty bound to port 9888
datanode_1  | 2021-11-16 12:55:49,780 [pool-22-thread-1] INFO server.RaftServerConfigKeys: raft.server.sleep.deviation.threshold = 300ms (default)
scm_1       | 2021-11-16 12:55:42,105 [main] INFO safemode.OneReplicaPipelineSafeModeRule: Total pipeline count is 0, pipeline's with at least one datanode reported threshold count is 0
om_1        | 2021-11-16 12:55:53,758 [main] INFO grpc.GrpcConfigKeys: raft.grpc.server.port = 9872 (custom)
om_1        | 2021-11-16 12:55:53,759 [main] INFO grpc.GrpcConfigKeys: raft.grpc.client.port = -1 (default)
om_1        | 2021-11-16 12:55:53,759 [main] INFO grpc.GrpcConfigKeys: raft.grpc.server.port = 9872 (custom)
scm_1       | 2021-11-16 12:55:42,102 [ReplicationMonitor] INFO container.ReplicationManager: Replication Monitor Thread took 37 milliseconds for processing 0 containers.
recon_1     | 2021-11-16 12:55:42,455 [Listener at 0.0.0.0/9891] INFO server.Server: jetty-9.4.43.v20210629; built: 2021-06-30T11:07:22.254Z; git: 526006ecfa3af7f1a27ef3a288e2bef7ea9dd7e8; jvm 11.0.10+9-LTS
om_1        | 2021-11-16 12:55:53,759 [main] INFO grpc.GrpcConfigKeys: raft.grpc.server.port = 9872 (custom)
datanode_1  | 2021-11-16 12:55:49,786 [pool-22-thread-1] INFO server.RaftServerConfigKeys: raft.server.log.appender.install.snapshot.enabled = false (custom)
recon_1     | 2021-11-16 12:55:42,533 [Listener at 0.0.0.0/9891] INFO server.session: DefaultSessionIdManager workerName=node0
scm_1       | 2021-11-16 12:55:43,857 [main] INFO ipc.CallQueueManager: Using callQueue: class java.util.concurrent.LinkedBlockingQueue, queueCapacity: 10000, scheduler: class org.apache.hadoop.ipc.DefaultRpcScheduler, ipcBackoff: false.
om_1        | 2021-11-16 12:55:53,760 [main] INFO server.GrpcService: raft.grpc.message.size.max = 33554432 (custom)
datanode_1  | 2021-11-16 12:55:49,810 [pool-22-thread-1] INFO server.RaftServer$Division: 07388d2a-b590-424d-b522-81b5306ab84e@group-23B0E27247C8: ConfigurationManager, init=-1: [07388d2a-b590-424d-b522-81b5306ab84e|rpc:172.18.0.3:9856|admin:172.18.0.3:9857|client:172.18.0.3:9858|priority:1], old=null, confs=<EMPTY_MAP>
recon_1     | 2021-11-16 12:55:42,533 [Listener at 0.0.0.0/9891] INFO server.session: No SessionScavenger set, using defaults
scm_1       | 2021-11-16 12:55:43,954 [Socket Reader #1 for port 9861] INFO ipc.Server: Starting Socket Reader #1 for port 9861
om_1        | 2021-11-16 12:55:53,764 [main] INFO server.RaftServerConfigKeys: raft.server.log.appender.buffer.byte-limit = 33554432 (custom)
datanode_1  | 2021-11-16 12:55:49,811 [pool-22-thread-1] INFO server.RaftServerConfigKeys: raft.server.storage.dir = [/data/metadata/ratis] (custom)
recon_1     | 2021-11-16 12:55:42,534 [Listener at 0.0.0.0/9891] INFO server.session: node0 Scavenging every 660000ms
scm_1       | 2021-11-16 12:55:44,017 [Listener at 0.0.0.0/9861] INFO ipc.CallQueueManager: Using callQueue: class java.util.concurrent.LinkedBlockingQueue, queueCapacity: 10000, scheduler: class org.apache.hadoop.ipc.DefaultRpcScheduler, ipcBackoff: false.
om_1        | 2021-11-16 12:55:53,765 [main] INFO server.GrpcService: raft.grpc.flow.control.window = 1MB (=1048576) (default)
datanode_1  | 2021-11-16 12:55:49,837 [pool-22-thread-1] INFO server.RaftServerConfigKeys: raft.server.log.corruption.policy = EXCEPTION (default)
recon_1     | 2021-11-16 12:55:42,559 [Listener at 0.0.0.0/9891] INFO handler.ContextHandler: Started o.e.j.s.ServletContextHandler@93501be{logs,/logs,file:///var/log/hadoop/,AVAILABLE}
scm_1       | 2021-11-16 12:55:44,022 [Socket Reader #1 for port 9863] INFO ipc.Server: Starting Socket Reader #1 for port 9863
om_1        | 2021-11-16 12:55:53,766 [main] INFO server.RaftServerConfigKeys: raft.server.rpc.request.timeout = 3000ms (default)
datanode_1  | 2021-11-16 12:55:49,837 [pool-22-thread-1] INFO server.RaftServerConfigKeys: raft.server.storage.free-space.min = 0MB (=0) (default)
recon_1     | 2021-11-16 12:55:42,559 [Listener at 0.0.0.0/9891] INFO handler.ContextHandler: Started o.e.j.s.ServletContextHandler@db99785{static,/static,jar:file:/opt/hadoop/share/ozone/lib/ozone-recon-1.2.0-SNAPSHOT.jar!/webapps/static,AVAILABLE}
scm_1       | 2021-11-16 12:55:44,058 [Listener at 0.0.0.0/9863] INFO ipc.CallQueueManager: Using callQueue: class java.util.concurrent.LinkedBlockingQueue, queueCapacity: 10000, scheduler: class org.apache.hadoop.ipc.DefaultRpcScheduler, ipcBackoff: false.
om_1        | 2021-11-16 12:55:54,142 [main] INFO impl.DataStreamServerImpl: raft.datastream.type = DISABLED (default)
datanode_1  | 2021-11-16 12:55:49,840 [pool-22-thread-1] INFO storage.RaftStorageDirectory: The storage directory /data/metadata/ratis/6679618b-2bd7-4751-a005-23b0e27247c8 does not exist. Creating ...
datanode_1  | 2021-11-16 12:55:49,864 [pool-22-thread-1] INFO storage.RaftStorageDirectory: Lock on /data/metadata/ratis/6679618b-2bd7-4751-a005-23b0e27247c8/in_use.lock acquired by nodename 8@297167f5f04f
scm_1       | 2021-11-16 12:55:44,068 [Socket Reader #1 for port 9860] INFO ipc.Server: Starting Socket Reader #1 for port 9860
om_1        | 2021-11-16 12:55:54,144 [main] INFO server.RaftServerConfigKeys: raft.server.rpc.slowness.timeout = 120s (custom)
datanode_1  | 2021-11-16 12:55:49,899 [pool-22-thread-1] INFO storage.RaftStorage: Storage directory /data/metadata/ratis/6679618b-2bd7-4751-a005-23b0e27247c8 has been successfully formatted.
recon_1     | 2021-11-16 12:55:45,714 [Listener at 0.0.0.0/9891] INFO handler.ContextHandler: Started o.e.j.w.WebAppContext@6dcc7696{recon,/,file:///tmp/jetty-0_0_0_0-9888-ozone-recon-1_2_0-SNAPSHOT_jar-_-any-3911241514720154594/webapp/,AVAILABLE}{jar:file:/opt/hadoop/share/ozone/lib/ozone-recon-1.2.0-SNAPSHOT.jar!/webapps/recon}
scm_1       | 2021-11-16 12:55:44,181 [Listener at 0.0.0.0/9860] INFO algorithms.ContainerPlacementPolicyFactory: Create container placement policy of type org.apache.hadoop.hdds.scm.container.placement.algorithms.SCMContainerPlacementRandom
om_1        | 2021-11-16 12:55:54,144 [main] INFO server.RaftServerConfigKeys: raft.server.leaderelection.leader.step-down.wait-time = 10s (default)
datanode_1  | 2021-11-16 12:55:49,948 [pool-22-thread-1] INFO ratis.ContainerStateMachine: group-23B0E27247C8: The snapshot info is null. Setting the last applied indexto:(t:0, i:~)
recon_1     | 2021-11-16 12:55:45,726 [Listener at 0.0.0.0/9891] INFO server.AbstractConnector: Started ServerConnector@2bb62414{HTTP/1.1, (http/1.1)}{0.0.0.0:9888}
scm_1       | 2021-11-16 12:55:44,208 [Listener at 0.0.0.0/9860] INFO server.StorageContainerManager: 
om_1        | 2021-11-16 12:55:54,178 [main] INFO server.RaftServerConfigKeys: raft.server.storage.dir = [/data/metadata/ratis] (custom)
datanode_1  | 2021-11-16 12:55:49,955 [pool-22-thread-1] INFO server.RaftServerConfigKeys: raft.server.notification.no-leader.timeout = 300s (custom)
recon_1     | 2021-11-16 12:55:45,727 [Listener at 0.0.0.0/9891] INFO server.Server: Started @30955ms
scm_1       | Container Balancer status:
om_1        | 2021-11-16 12:55:54,221 [main] INFO server.RaftServer: om1: addNew group-C5BA1605619E:[om1|rpc:om:9872|priority:0] returns group-C5BA1605619E:java.util.concurrent.CompletableFuture@fd09e43[Not completed]
datanode_1  | 2021-11-16 12:55:49,968 [pool-22-thread-1] INFO server.RaftServerConfigKeys: raft.server.log.use.memory = false (default)
recon_1     | 2021-11-16 12:55:45,730 [Listener at 0.0.0.0/9891] INFO impl.MetricsSinkAdapter: Sink prometheus started
scm_1       | Key                            Value
om_1        | 2021-11-16 12:55:54,222 [main] INFO om.OzoneManager: OzoneManager Ratis server initialized at port 9872
datanode_1  | 2021-11-16 12:55:50,062 [pool-22-thread-1] INFO server.RaftServerConfigKeys: raft.server.log.purge.gap = 1000000 (custom)
recon_1     | 2021-11-16 12:55:45,730 [Listener at 0.0.0.0/9891] INFO impl.MetricsSystemImpl: Registered sink prometheus
scm_1       | Running                        false
om_1        | 2021-11-16 12:55:54,239 [pool-23-thread-1] INFO server.RaftServer$Division: om1: new RaftServerImpl for group-C5BA1605619E:[om1|rpc:om:9872|priority:0] with OzoneManagerStateMachine:uninitialized
datanode_1  | 2021-11-16 12:55:50,062 [pool-22-thread-1] INFO server.RaftServerConfigKeys: raft.server.log.appender.buffer.byte-limit = 33554432 (custom)
recon_1     | 2021-11-16 12:55:45,732 [Listener at 0.0.0.0/9891] INFO http.BaseHttpServer: HTTP server of recon listening at http://0.0.0.0:9888
scm_1       | Container Balancer Configuration values:
om_1        | 2021-11-16 12:55:54,243 [pool-23-thread-1] INFO server.RaftServerConfigKeys: raft.server.rpc.timeout.min = 5s (custom)
datanode_1  | 2021-11-16 12:55:50,133 [pool-22-thread-1] INFO server.RaftServerConfigKeys: raft.server.log.segment.size.max = 1048576 (custom)
recon_1     | 2021-11-16 12:55:45,732 [Listener at 0.0.0.0/9891] INFO impl.OzoneManagerServiceProviderImpl: Starting Ozone Manager Service Provider.
scm_1       | Key                                                Value
om_1        | 2021-11-16 12:55:54,244 [pool-23-thread-1] INFO server.RaftServerConfigKeys: raft.server.rpc.timeout.max = 5200ms (custom)
datanode_1  | 2021-11-16 12:55:50,159 [pool-22-thread-1] INFO server.RaftServerConfigKeys: raft.server.log.segment.cache.num.max = 2 (custom)
recon_1     | 2021-11-16 12:55:45,754 [Listener at 0.0.0.0/9891] INFO impl.OzoneManagerServiceProviderImpl: Registered OmDeltaRequest task 
scm_1       | Threshold                                          0.1
om_1        | 2021-11-16 12:55:54,247 [pool-23-thread-1] INFO server.RaftServerConfigKeys: raft.server.rpc.sleep.time = 25ms (default)
datanode_1  | 2021-11-16 12:55:50,160 [pool-22-thread-1] INFO server.RaftServerConfigKeys: raft.server.log.segment.cache.size.max = 200MB (=209715200) (default)
recon_1     | 2021-11-16 12:55:45,761 [Listener at 0.0.0.0/9891] INFO impl.OzoneManagerServiceProviderImpl: Registered OmSnapshotRequest task 
scm_1       | Max Datanodes to Involve per Iteration(ratio)      0.2
om_1        | 2021-11-16 12:55:54,250 [pool-23-thread-1] INFO server.RaftServerConfigKeys: raft.server.rpc.slowness.timeout = 120s (custom)
datanode_1  | 2021-11-16 12:55:50,180 [pool-22-thread-1] INFO segmented.SegmentedRaftLogWorker: new 07388d2a-b590-424d-b522-81b5306ab84e@group-23B0E27247C8-SegmentedRaftLogWorker for RaftStorageImpl:Storage Directory /data/metadata/ratis/6679618b-2bd7-4751-a005-23b0e27247c8
recon_1     | 2021-11-16 12:55:45,761 [Listener at 0.0.0.0/9891] INFO recovery.ReconOmMetadataManagerImpl: Starting ReconOMMetadataManagerImpl
scm_1       | Max Size to Move per Iteration                     32212254720B
om_1        | 2021-11-16 12:55:54,250 [pool-23-thread-1] INFO server.RaftServerConfigKeys: raft.server.leaderelection.leader.step-down.wait-time = 10s (default)
datanode_1  | 2021-11-16 12:55:50,183 [pool-22-thread-1] INFO server.RaftServerConfigKeys: raft.server.log.queue.byte-limit = 2147483647 (custom)
recon_1     | 2021-11-16 12:55:45,761 [Listener at 0.0.0.0/9891] WARN recon.ReconUtils: ozone.recon.om.db.dir is not configured. We recommend adding this setting. Falling back to ozone.metadata.dirs instead.
scm_1       | 
om_1        | 2021-11-16 12:55:54,250 [pool-23-thread-1] INFO server.RaftServerConfigKeys: raft.server.sleep.deviation.threshold = 300ms (default)
datanode_1  | 2021-11-16 12:55:50,185 [pool-22-thread-1] INFO server.RaftServerConfigKeys: raft.server.log.queue.element-limit = 1024 (custom)
recon_1     | 2021-11-16 12:55:45,761 [Listener at 0.0.0.0/9891] INFO tasks.ReconTaskControllerImpl: Starting Recon Task Controller.
scm_1       | 2021-11-16 12:55:44,208 [Listener at 0.0.0.0/9860] WARN events.EventQueue: No event handler registered for event TypedEvent{payloadType=SafeModeStatus, name='Safe mode status'}
scm_1       | 2021-11-16 12:55:44,208 [Listener at 0.0.0.0/9860] INFO ha.SCMContext: Update SafeModeStatus from SafeModeStatus{safeModeStatus=true, preCheckPassed=false} to SafeModeStatus{safeModeStatus=true, preCheckPassed=false}.
datanode_1  | 2021-11-16 12:55:50,187 [pool-22-thread-1] INFO server.RaftServerConfigKeys: raft.server.log.segment.size.max = 1048576 (custom)
recon_1     | 2021-11-16 12:55:45,767 [Listener at 0.0.0.0/9891] INFO scm.ReconStorageContainerManagerFacade: Recon ScmDatanodeProtocol RPC server is listening at /0.0.0.0:9891
scm_1       | 2021-11-16 12:55:44,217 [Listener at 0.0.0.0/9860] INFO server.StorageContainerManager: StorageContainerLocationProtocol RPC server is listening at /0.0.0.0:9860
om_1        | 2021-11-16 12:55:54,251 [pool-23-thread-1] INFO server.RaftServerConfigKeys: raft.server.log.appender.install.snapshot.enabled = false (custom)
datanode_1  | 2021-11-16 12:55:50,199 [pool-22-thread-1] INFO server.RaftServerConfigKeys: raft.server.log.preallocated.size = 16384 (custom)
recon_1     | 2021-11-16 12:55:46,591 [Listener at 0.0.0.0/9891] INFO scm.ReconStorageContainerManagerFacade: Obtained 0 pipelines from SCM.
scm_1       | 2021-11-16 12:55:44,418 [Listener at 0.0.0.0/9860] INFO impl.MetricsConfig: Loaded properties from hadoop-metrics2.properties
om_1        | 2021-11-16 12:55:54,256 [pool-23-thread-1] INFO server.RaftServer$Division: om1@group-C5BA1605619E: ConfigurationManager, init=-1: [om1|rpc:om:9872|priority:0], old=null, confs=<EMPTY_MAP>
datanode_1  | 2021-11-16 12:55:50,200 [pool-22-thread-1] INFO server.RaftServerConfigKeys: raft.server.log.force.sync.num = 128 (default)
recon_1     | 2021-11-16 12:55:46,593 [Listener at 0.0.0.0/9891] INFO scm.ReconPipelineManager: Recon has 0 pipelines in house.
scm_1       | 2021-11-16 12:55:44,455 [Listener at 0.0.0.0/9860] INFO impl.MetricsSystemImpl: Scheduled Metric snapshot period at 10 second(s).
om_1        | 2021-11-16 12:55:54,270 [pool-23-thread-1] INFO server.RaftServerConfigKeys: raft.server.storage.dir = [/data/metadata/ratis] (custom)
datanode_1  | 2021-11-16 12:55:50,202 [pool-22-thread-1] INFO server.RaftServerConfigKeys: raft.server.log.statemachine.data.sync = true (default)
recon_1     | 2021-11-16 12:55:46,606 [Listener at 0.0.0.0/9891] INFO server.SCMDatanodeProtocolServer: RPC server for DataNodes is listening at /0.0.0.0:9891
scm_1       | 2021-11-16 12:55:44,455 [Listener at 0.0.0.0/9860] INFO impl.MetricsSystemImpl: StorageContainerManager metrics system started
om_1        | 2021-11-16 12:55:54,276 [pool-23-thread-1] INFO server.RaftServerConfigKeys: raft.server.log.corruption.policy = EXCEPTION (default)
datanode_1  | 2021-11-16 12:55:50,203 [pool-22-thread-1] INFO server.RaftServerConfigKeys: raft.server.log.statemachine.data.sync.timeout = 10s (default)
recon_1     | 2021-11-16 12:55:46,612 [IPC Server Responder] INFO ipc.Server: IPC Server Responder: starting
scm_1       | 2021-11-16 12:55:45,458 [Listener at 0.0.0.0/9860] INFO server.SCMClientProtocolServer: RPC server for Client  is listening at /0.0.0.0:9860
om_1        | 2021-11-16 12:55:54,277 [pool-23-thread-1] INFO server.RaftServerConfigKeys: raft.server.storage.free-space.min = 0MB (=0) (default)
datanode_1  | 2021-11-16 12:55:50,208 [pool-22-thread-1] INFO server.RaftServerConfigKeys: raft.server.log.statemachine.data.sync.timeout.retry = -1 (default)
datanode_1  | 2021-11-16 12:55:50,258 [pool-22-thread-1] INFO server.RaftServerConfigKeys: raft.server.log.write.buffer.size = 1048576 (custom)
scm_1       | 2021-11-16 12:55:45,467 [IPC Server Responder] INFO ipc.Server: IPC Server Responder: starting
om_1        | 2021-11-16 12:55:54,278 [pool-23-thread-1] INFO storage.RaftStorageDirectory: The storage directory /data/metadata/ratis/bf265839-605b-3f16-9796-c5ba1605619e does not exist. Creating ...
datanode_1  | 2021-11-16 12:55:50,262 [pool-22-thread-1] INFO server.RaftServerConfigKeys: raft.server.log.statemachine.data.caching.enabled = true (custom)
recon_1     | 2021-11-16 12:55:46,613 [IPC Server listener on 9891] INFO ipc.Server: IPC Server listener on 9891: starting
scm_1       | 2021-11-16 12:55:45,522 [IPC Server listener on 9860] INFO ipc.Server: IPC Server listener on 9860: starting
om_1        | 2021-11-16 12:55:54,294 [main] INFO ipc.CallQueueManager: Using callQueue: class java.util.concurrent.LinkedBlockingQueue, queueCapacity: 10000, scheduler: class org.apache.hadoop.ipc.DefaultRpcScheduler, ipcBackoff: false.
datanode_1  | 2021-11-16 12:55:50,275 [pool-22-thread-1] INFO segmented.SegmentedRaftLogWorker: 07388d2a-b590-424d-b522-81b5306ab84e@group-23B0E27247C8-SegmentedRaftLogWorker: flushIndex: setUnconditionally 0 -> -1
recon_1     | 2021-11-16 12:55:46,870 [Listener at 0.0.0.0/9891] INFO scm.ReconScmTask: Registered PipelineSyncTask task 
scm_1       | 2021-11-16 12:55:45,630 [Listener at 0.0.0.0/9860] INFO server.StorageContainerManager: ScmBlockLocationProtocol RPC server is listening at /0.0.0.0:9863
om_1        | 2021-11-16 12:55:54,372 [pool-23-thread-1] INFO storage.RaftStorageDirectory: Lock on /data/metadata/ratis/bf265839-605b-3f16-9796-c5ba1605619e/in_use.lock acquired by nodename 8@648ba60b1f2e
datanode_1  | 2021-11-16 12:55:50,278 [pool-22-thread-1] INFO segmented.SegmentedRaftLogWorker: 07388d2a-b590-424d-b522-81b5306ab84e@group-23B0E27247C8-SegmentedRaftLogWorker: safeCacheEvictIndex: setUnconditionally 0 -> -1
recon_1     | 2021-11-16 12:55:46,870 [Listener at 0.0.0.0/9891] INFO scm.ReconScmTask: Starting PipelineSyncTask Thread.
scm_1       | 2021-11-16 12:55:45,640 [Listener at 0.0.0.0/9860] INFO server.SCMBlockProtocolServer: RPC server for Block Protocol is listening at /0.0.0.0:9863
om_1        | 2021-11-16 12:55:54,400 [Socket Reader #1 for port 9862] INFO ipc.Server: Starting Socket Reader #1 for port 9862
datanode_1  | 2021-11-16 12:55:50,293 [pool-22-thread-1] INFO server.RaftServerConfigKeys: raft.server.snapshot.auto.trigger.enabled = true (custom)
recon_1     | 2021-11-16 12:55:46,945 [Listener at 0.0.0.0/9891] INFO scm.ReconScmTask: Registered ContainerHealthTask task 
scm_1       | 2021-11-16 12:55:45,654 [IPC Server listener on 9863] INFO ipc.Server: IPC Server listener on 9863: starting
om_1        | 2021-11-16 12:55:54,446 [pool-23-thread-1] INFO storage.RaftStorage: Storage directory /data/metadata/ratis/bf265839-605b-3f16-9796-c5ba1605619e has been successfully formatted.
om_1        | 2021-11-16 12:55:54,461 [pool-23-thread-1] INFO server.RaftServerConfigKeys: raft.server.notification.no-leader.timeout = 120s (custom)
recon_1     | 2021-11-16 12:55:46,945 [Listener at 0.0.0.0/9891] INFO scm.ReconScmTask: Starting ContainerHealthTask Thread.
scm_1       | 2021-11-16 12:55:45,654 [IPC Server Responder] INFO ipc.Server: IPC Server Responder: starting
om_1        | 2021-11-16 12:55:54,464 [pool-23-thread-1] INFO server.RaftServerConfigKeys: raft.server.log.use.memory = false (default)
datanode_1  | 2021-11-16 12:55:50,295 [pool-22-thread-1] INFO server.RaftServerConfigKeys: raft.server.snapshot.auto.trigger.threshold = 10000 (custom)
recon_1     | 2021-11-16 12:55:46,952 [IPC Server handler 0 on default port 9891] INFO ipc.Server: IPC Server handler 0 on default port 9891: skipped Call#1 Retry#0 org.apache.hadoop.ozone.protocol.ReconDatanodeProtocol.submitRequest from 172.18.0.3:37990
scm_1       | 2021-11-16 12:55:45,753 [Listener at 0.0.0.0/9860] INFO server.StorageContainerManager: ScmDatanodeProtocl RPC server is listening at /0.0.0.0:9861
om_1        | 2021-11-16 12:55:54,500 [pool-23-thread-1] INFO server.RaftServerConfigKeys: raft.server.log.purge.gap = 1000000 (custom)
datanode_1  | 2021-11-16 12:55:50,298 [pool-22-thread-1] INFO server.RaftServerConfigKeys: raft.server.snapshot.retention.file.num = 5 (custom)
recon_1     | 2021-11-16 12:55:46,984 [PipelineSyncTask] INFO scm.ReconPipelineManager: Recon has 0 pipelines in house.
scm_1       | 2021-11-16 12:55:45,770 [Listener at 0.0.0.0/9860] INFO server.SCMDatanodeProtocolServer: RPC server for DataNodes is listening at /0.0.0.0:9861
om_1        | 2021-11-16 12:55:54,501 [pool-23-thread-1] INFO server.RaftServerConfigKeys: raft.server.log.appender.buffer.byte-limit = 33554432 (custom)
om_1        | 2021-11-16 12:55:54,564 [Listener at om/9862] INFO om.OzoneManager: Configured ozone.om.metadata.layout=SIMPLE and disabled optimized OM FS operations
recon_1     | 2021-11-16 12:55:46,989 [PipelineSyncTask] INFO scm.PipelineSyncTask: Pipeline sync Thread took 60 milliseconds.
scm_1       | 2021-11-16 12:55:45,781 [IPC Server Responder] INFO ipc.Server: IPC Server Responder: starting
om_1        | 2021-11-16 12:55:54,595 [pool-23-thread-1] INFO server.RaftServerConfigKeys: raft.server.log.segment.size.max = 4194304 (custom)
datanode_1  | 2021-11-16 12:55:50,299 [pool-22-thread-1] INFO server.RaftServerConfigKeys: raft.server.log.purge.upto.snapshot.index = false (default)
recon_1     | 2021-11-16 12:55:47,225 [ContainerHealthTask] INFO fsck.ContainerHealthTask: Container Health task thread took 271 milliseconds to process 0 existing database records.
scm_1       | 2021-11-16 12:55:45,785 [IPC Server listener on 9861] INFO ipc.Server: IPC Server listener on 9861: starting
om_1        | 2021-11-16 12:55:54,620 [pool-23-thread-1] INFO server.RaftServerConfigKeys: raft.server.log.segment.cache.num.max = 2 (custom)
recon_1     | 2021-11-16 12:55:47,250 [ContainerHealthTask] INFO fsck.ContainerHealthTask: Container Health task thread took 25 milliseconds for processing 0 containers.
datanode_1  | 2021-11-16 12:55:50,300 [pool-22-thread-1] INFO server.RaftServerConfigKeys: raft.server.retrycache.expirytime = 600000ms (custom)
scm_1       | 2021-11-16 12:55:45,912 [org.apache.hadoop.util.JvmPauseMonitor$Monitor@342e690b] INFO util.JvmPauseMonitor: Starting JVM pause monitor
om_1        | 2021-11-16 12:55:54,620 [pool-23-thread-1] INFO server.RaftServerConfigKeys: raft.server.log.segment.cache.size.max = 200MB (=209715200) (default)
om_1        | 2021-11-16 12:55:54,643 [pool-23-thread-1] INFO segmented.SegmentedRaftLogWorker: new om1@group-C5BA1605619E-SegmentedRaftLogWorker for RaftStorageImpl:Storage Directory /data/metadata/ratis/bf265839-605b-3f16-9796-c5ba1605619e
datanode_1  | 2021-11-16 12:55:50,301 [pool-22-thread-1] INFO server.RaftServerConfigKeys: raft.server.retrycache.statistics.expirytime = 100?s (default)
scm_1       | 2021-11-16 12:55:45,924 [Listener at 0.0.0.0/9860] INFO http.BaseHttpServer: Starting Web-server for scm at: http://0.0.0.0:9876
om_1        | 2021-11-16 12:55:54,654 [pool-23-thread-1] INFO server.RaftServerConfigKeys: raft.server.log.queue.byte-limit = 64MB (=67108864) (default)
recon_1     | 2021-11-16 12:55:48,636 [IPC Server handler 4 on default port 9891] INFO net.NetworkTopologyImpl: Added a new node: /default-rack/07388d2a-b590-424d-b522-81b5306ab84e
datanode_1  | 2021-11-16 12:55:50,411 [pool-22-thread-1] INFO server.RaftServer$Division: 07388d2a-b590-424d-b522-81b5306ab84e@group-23B0E27247C8: start as a follower, conf=-1: [07388d2a-b590-424d-b522-81b5306ab84e|rpc:172.18.0.3:9856|admin:172.18.0.3:9857|client:172.18.0.3:9858|priority:1], old=null
scm_1       | 2021-11-16 12:55:45,924 [Listener at 0.0.0.0/9860] INFO http.BaseHttpServer: Hadoop Security Enabled: false Ozone Security Enabled: false Ozone HTTP Security Enabled: false 
om_1        | 2021-11-16 12:55:54,655 [pool-23-thread-1] INFO server.RaftServerConfigKeys: raft.server.log.queue.element-limit = 4096 (default)
datanode_1  | 2021-11-16 12:55:50,412 [pool-22-thread-1] INFO server.RaftServer$Division: 07388d2a-b590-424d-b522-81b5306ab84e@group-23B0E27247C8: changes role from      null to FOLLOWER at term 0 for startAsFollower
recon_1     | 2021-11-16 12:55:48,639 [IPC Server handler 4 on default port 9891] INFO node.SCMNodeManager: Registered Data node : 07388d2a-b590-424d-b522-81b5306ab84e{ip: 172.18.0.3, host: compatibility_datanode_1.compatibility_default, ports: [REPLICATION=9886, RATIS=9858, RATIS_ADMIN=9857, RATIS_SERVER=9856, STANDALONE=9859], networkLocation: /default-rack, certSerialId: null, persistedOpState: null, persistedOpStateExpiryEpochSec: 0}
scm_1       | 2021-11-16 12:55:45,967 [Listener at 0.0.0.0/9860] INFO util.log: Logging initialized @20464ms to org.eclipse.jetty.util.log.Slf4jLog
om_1        | 2021-11-16 12:55:54,656 [pool-23-thread-1] INFO server.RaftServerConfigKeys: raft.server.log.segment.size.max = 4194304 (custom)
datanode_1  | 2021-11-16 12:55:50,417 [pool-22-thread-1] INFO impl.RoleInfo: 07388d2a-b590-424d-b522-81b5306ab84e: start 07388d2a-b590-424d-b522-81b5306ab84e@group-23B0E27247C8-FollowerState
recon_1     | 2021-11-16 12:55:48,718 [EventQueue-NewNodeForReconNewNodeHandler] INFO scm.ReconNodeManager: Adding new node 07388d2a-b590-424d-b522-81b5306ab84e to Node DB.
scm_1       | 2021-11-16 12:55:46,268 [Listener at 0.0.0.0/9860] INFO server.AuthenticationFilter: Unable to initialize FileSignerSecretProvider, falling back to use random secrets.
om_1        | 2021-11-16 12:55:54,656 [pool-23-thread-1] INFO server.RaftServerConfigKeys: raft.server.log.preallocated.size = 4194304 (custom)
datanode_1  | 2021-11-16 12:55:50,439 [pool-22-thread-1] INFO util.JmxRegister: Successfully registered JMX Bean with object name Ratis:service=RaftServer,group=group-23B0E27247C8,id=07388d2a-b590-424d-b522-81b5306ab84e
recon_1     | 2021-11-16 12:55:49,961 [IPC Server handler 0 on default port 9891] INFO scm.ReconNodeManager: Sending ReregisterCommand() for compatibility_datanode_1.compatibility_default
scm_1       | 2021-11-16 12:55:46,276 [Listener at 0.0.0.0/9860] INFO http.HttpRequestLog: Http request log for http.requests.scm is not defined
om_1        | 2021-11-16 12:55:54,656 [pool-23-thread-1] INFO server.RaftServerConfigKeys: raft.server.log.force.sync.num = 128 (default)
datanode_1  | 2021-11-16 12:55:50,487 [Command processor thread] INFO ratis.XceiverServerRatis: Created group PipelineID=6679618b-2bd7-4751-a005-23b0e27247c8
scm_1       | 2021-11-16 12:55:46,284 [Listener at 0.0.0.0/9860] INFO http.HttpServer2: Added global filter 'safety' (class=org.apache.hadoop.hdds.server.http.HttpServer2$QuotingInputFilter)
datanode_1  | 2021-11-16 12:55:50,488 [Command processor thread] INFO commandhandler.CreatePipelineCommandHandler: Created Pipeline RATIS ONE PipelineID=6679618b-2bd7-4751-a005-23b0e27247c8.
om_1        | 2021-11-16 12:55:54,660 [pool-23-thread-1] INFO server.RaftServerConfigKeys: raft.server.log.statemachine.data.sync = true (default)
recon_1     | 2021-11-16 12:55:49,962 [EventQueue-PipelineReportForReconPipelineReportHandler] INFO scm.ReconPipelineReportHandler: Unknown pipeline PipelineID=6679618b-2bd7-4751-a005-23b0e27247c8. Trying to get from SCM.
recon_1     | 2021-11-16 12:55:50,067 [EventQueue-PipelineReportForReconPipelineReportHandler] INFO scm.ReconPipelineReportHandler: Adding new pipeline Pipeline[ Id: 6679618b-2bd7-4751-a005-23b0e27247c8, Nodes: 07388d2a-b590-424d-b522-81b5306ab84e{ip: 172.18.0.3, host: compatibility_datanode_1.compatibility_default, ports: [REPLICATION=9886, RATIS=9858, RATIS_ADMIN=9857, RATIS_SERVER=9856, STANDALONE=9859], networkLocation: /default-rack, certSerialId: null, persistedOpState: IN_SERVICE, persistedOpStateExpiryEpochSec: 0}, ReplicationConfig: RATIS/ONE, State:OPEN, leaderId:07388d2a-b590-424d-b522-81b5306ab84e, CreationTimestamp2021-11-16T12:55:46.973Z[UTC]] to Recon pipeline metadata.
datanode_1  | 2021-11-16 12:55:55,531 [07388d2a-b590-424d-b522-81b5306ab84e@group-23B0E27247C8-FollowerState] INFO impl.FollowerState: 07388d2a-b590-424d-b522-81b5306ab84e@group-23B0E27247C8-FollowerState: change to CANDIDATE, lastRpcElapsedTime:5114332633ns, electionTimeout:5097ms
