scm_1       | 2021-02-02 14:41:49,104 [EventQueue-PipelineReportForPipelineReportHandler] INFO pipeline.PipelineStateManager: Pipeline Pipeline[ Id: 7d72a272-8a6c-4bc4-a813-a7d6c7d26d71, Nodes: d887a650-29e1-456b-8216-2068e8bbc2fe{ip: 172.21.0.9, host: hadoop27_datanode_3.hadoop27_default, networkLocation: /default-rack, certSerialId: null, persistedOpState: IN_SERVICE, persistedOpStateExpiryEpochSec: 0}f96436cb-6bc4-4ced-b909-e26a78940932{ip: 172.21.0.7, host: hadoop27_datanode_2.hadoop27_default, networkLocation: /default-rack, certSerialId: null, persistedOpState: IN_SERVICE, persistedOpStateExpiryEpochSec: 0}daddedbe-c6f0-46f0-a174-e77c41de8fab{ip: 172.21.0.5, host: hadoop27_datanode_1.hadoop27_default, networkLocation: /default-rack, certSerialId: null, persistedOpState: IN_SERVICE, persistedOpStateExpiryEpochSec: 0}, Type:RATIS, Factor:THREE, State:ALLOCATED, leaderId:d887a650-29e1-456b-8216-2068e8bbc2fe, CreationTimestamp2021-02-02T14:41:38.316369Z] moved to OPEN state
rm_1        | 2021-02-02 14:42:45 INFO  ApplicationMasterService:678 - Registering app attempt : appattempt_1612276869706_0001_000001
nm_1        | 2021-02-02 14:44:23 INFO  ContainerImpl:1135 - Container container_1612276869706_0003_01_000002 transitioned from LOCALIZED to RUNNING
rm_1        | 2021-02-02 14:42:45 INFO  RMAppAttemptImpl:813 - appattempt_1612276869706_0001_000001 State change from NEW to SUBMITTED
nm_1        | 2021-02-02 14:44:23 INFO  ContainersMonitorImpl:196 - Neither virutal-memory nor physical-memory monitoring is needed. Not running the monitor-thread
rm_1        | 2021-02-02 14:42:45 WARN  LeafQueue:632 - maximum-am-resource-percent is insufficient to start a single application in queue, it is likely set too low. skipping enforcement to allow at least one application to start
nm_1        | 2021-02-02 14:44:23 INFO  DefaultContainerExecutor:268 - launchContainer: [bash, /tmp/hadoop-hadoop/nm-local-dir/usercache/hadoop/appcache/application_1612276869706_0003/container_1612276869706_0003_01_000002/default_container_executor.sh]
rm_1        | 2021-02-02 14:42:45 WARN  LeafQueue:653 - maximum-am-resource-percent is insufficient to start a single application in queue for user, it is likely set too low. skipping enforcement to allow at least one application to start
nm_1        | 2021-02-02 14:44:26 INFO  Server:1316 - Auth successful for appattempt_1612276869706_0003_000001 (auth:SIMPLE)
rm_1        | 2021-02-02 14:42:45 INFO  LeafQueue:667 - Application application_1612276869706_0001 from user: hadoop activated in queue: default
nm_1        | 2021-02-02 14:44:26 INFO  ContainerManagerImpl:960 - Stopping container with container Id: container_1612276869706_0003_01_000002
rm_1        | 2021-02-02 14:42:45 INFO  LeafQueue:683 - Application added - appId: application_1612276869706_0001 user: org.apache.hadoop.yarn.server.resourcemanager.scheduler.capacity.LeafQueue$User@3a1d29b6, leaf-queue: default #user-pending-applications: 0 #user-active-applications: 1 #queue-pending-applications: 0 #queue-active-applications: 1
nm_1        | 2021-02-02 14:44:26 INFO  NMAuditLogger:89 - USER=hadoop	IP=172.21.0.6	OPERATION=Stop Container Request	TARGET=ContainerManageImpl	RESULT=SUCCESS	APPID=application_1612276869706_0003	CONTAINERID=container_1612276869706_0003_01_000002
nm_1        | 2021-02-02 14:44:26 INFO  ContainerImpl:1135 - Container container_1612276869706_0003_01_000002 transitioned from RUNNING to KILLING
nm_1        | 2021-02-02 14:44:26 INFO  ContainerLaunch:370 - Cleaning up container container_1612276869706_0003_01_000002
rm_1        | 2021-02-02 14:42:45 INFO  CapacityScheduler:843 - Added Application Attempt appattempt_1612276869706_0001_000001 to scheduler from user hadoop in queue default
nm_1        | 2021-02-02 14:44:26 WARN  DefaultContainerExecutor:224 - Exit code from container container_1612276869706_0003_01_000002 is : 143
rm_1        | 2021-02-02 14:42:45 INFO  RMAppAttemptImpl:813 - appattempt_1612276869706_0001_000001 State change from SUBMITTED to SCHEDULED
nm_1        | 2021-02-02 14:44:26 INFO  ContainerImpl:1135 - Container container_1612276869706_0003_01_000002 transitioned from KILLING to CONTAINER_CLEANEDUP_AFTER_KILL
rm_1        | 2021-02-02 14:42:46 INFO  RMContainerImpl:410 - container_1612276869706_0001_01_000001 Container Transitioned from NEW to ALLOCATED
nm_1        | 2021-02-02 14:44:26 INFO  NMAuditLogger:89 - USER=hadoop	OPERATION=Container Finished - Killed	TARGET=ContainerImpl	RESULT=SUCCESS	APPID=application_1612276869706_0003	CONTAINERID=container_1612276869706_0003_01_000002
rm_1        | 2021-02-02 14:42:46 INFO  RMAuditLogger:106 - USER=hadoop	OPERATION=AM Allocated Container	TARGET=SchedulerApp	RESULT=SUCCESS	APPID=application_1612276869706_0001	CONTAINERID=container_1612276869706_0001_01_000001
nm_1        | 2021-02-02 14:44:26 INFO  ContainerImpl:1135 - Container container_1612276869706_0003_01_000002 transitioned from CONTAINER_CLEANEDUP_AFTER_KILL to DONE
rm_1        | 2021-02-02 14:42:46 INFO  SchedulerNode:153 - Assigned container container_1612276869706_0001_01_000001 of capacity <memory:2048, vCores:1> on host nm:42021, which has 1 containers, <memory:2048, vCores:1> used and <memory:6144, vCores:7> available after allocation
nm_1        | 2021-02-02 14:44:26 INFO  ApplicationImpl:347 - Removing container_1612276869706_0003_01_000002 from application application_1612276869706_0003
rm_1        | 2021-02-02 14:42:46 INFO  LeafQueue:1554 - assignedContainer application attempt=appattempt_1612276869706_0001_000001 container=Container: [ContainerId: container_1612276869706_0001_01_000001, NodeId: nm:42021, NodeHttpAddress: nm:8042, Resource: <memory:2048, vCores:1>, Priority: 0, Token: null, ] queue=default: capacity=1.0, absoluteCapacity=1.0, usedResources=<memory:0, vCores:0>, usedCapacity=0.0, absoluteUsedCapacity=0.0, numApps=1, numContainers=0 clusterResource=<memory:8192, vCores:8> type=OFF_SWITCH
nm_1        | 2021-02-02 14:44:26 INFO  ContainersMonitorImpl:196 - Neither virutal-memory nor physical-memory monitoring is needed. Not running the monitor-thread
rm_1        | 2021-02-02 14:42:46 INFO  ParentQueue:523 - Re-sorting assigned queue: root.default stats: default: capacity=1.0, absoluteCapacity=1.0, usedResources=<memory:2048, vCores:1>, usedCapacity=0.25, absoluteUsedCapacity=0.25, numApps=1, numContainers=1
nm_1        | 2021-02-02 14:44:26 INFO  AuxServices:196 - Got event CONTAINER_STOP for appId application_1612276869706_0003
rm_1        | 2021-02-02 14:42:46 INFO  ParentQueue:420 - assignedContainer queue=root usedCapacity=0.25 absoluteUsedCapacity=0.25 used=<memory:2048, vCores:1> cluster=<memory:8192, vCores:8>
nm_1        | 2021-02-02 14:44:28 INFO  Server:1316 - Auth successful for appattempt_1612276869706_0003_000001 (auth:SIMPLE)
rm_1        | 2021-02-02 14:42:46 INFO  NMTokenSecretManagerInRM:200 - Sending NMToken for nodeId : nm:42021 for container : container_1612276869706_0001_01_000001
nm_1        | 2021-02-02 14:44:28 INFO  ContainerManagerImpl:810 - Start request for container_1612276869706_0003_01_000003 by user hadoop
rm_1        | 2021-02-02 14:42:46 INFO  RMContainerImpl:410 - container_1612276869706_0001_01_000001 Container Transitioned from ALLOCATED to ACQUIRED
nm_1        | 2021-02-02 14:44:28 INFO  NMAuditLogger:89 - USER=hadoop	IP=172.21.0.6	OPERATION=Start Container Request	TARGET=ContainerManageImpl	RESULT=SUCCESS	APPID=application_1612276869706_0003	CONTAINERID=container_1612276869706_0003_01_000003
rm_1        | 2021-02-02 14:42:46 INFO  NMTokenSecretManagerInRM:146 - Clear node set for appattempt_1612276869706_0001_000001
nm_1        | 2021-02-02 14:44:28 INFO  ApplicationImpl:304 - Adding container_1612276869706_0003_01_000003 to application application_1612276869706_0003
rm_1        | 2021-02-02 14:42:46 INFO  RMAppAttemptImpl:1917 - Storing attempt: AppId: application_1612276869706_0001 AttemptId: appattempt_1612276869706_0001_000001 MasterContainer: Container: [ContainerId: container_1612276869706_0001_01_000001, NodeId: nm:42021, NodeHttpAddress: nm:8042, Resource: <memory:2048, vCores:1>, Priority: 0, Token: Token { kind: ContainerToken, service: 172.21.0.6:42021 }, ]
nm_1        | 2021-02-02 14:44:28 INFO  ContainerImpl:1135 - Container container_1612276869706_0003_01_000003 transitioned from NEW to LOCALIZING
rm_1        | 2021-02-02 14:42:46 INFO  RMAppAttemptImpl:813 - appattempt_1612276869706_0001_000001 State change from SCHEDULED to ALLOCATED_SAVING
nm_1        | 2021-02-02 14:44:28 INFO  AuxServices:196 - Got event CONTAINER_INIT for appId application_1612276869706_0003
rm_1        | 2021-02-02 14:42:46 INFO  RMAppAttemptImpl:813 - appattempt_1612276869706_0001_000001 State change from ALLOCATED_SAVING to ALLOCATED
nm_1        | 2021-02-02 14:44:28 INFO  AuxServices:196 - Got event APPLICATION_INIT for appId application_1612276869706_0003
rm_1        | 2021-02-02 14:42:46 INFO  AMLauncher:249 - Launching masterappattempt_1612276869706_0001_000001
nm_1        | 2021-02-02 14:44:28 INFO  AuxServices:200 - Got APPLICATION_INIT for service mapreduce_shuffle
rm_1        | 2021-02-02 14:42:46 INFO  AMLauncher:105 - Setting up container Container: [ContainerId: container_1612276869706_0001_01_000001, NodeId: nm:42021, NodeHttpAddress: nm:8042, Resource: <memory:2048, vCores:1>, Priority: 0, Token: Token { kind: ContainerToken, service: 172.21.0.6:42021 }, ] for AM appattempt_1612276869706_0001_000001
nm_1        | 2021-02-02 14:44:28 INFO  ShuffleHandler:671 - Added token for job_1612276869706_0003
rm_1        | 2021-02-02 14:42:46 INFO  AMLauncher:187 - Command to launch container container_1612276869706_0001_01_000001 : $JAVA_HOME/bin/java -Djava.io.tmpdir=$PWD/tmp -Dlog4j.configuration=container-log4j.properties -Dyarn.app.container.log.dir=<LOG_DIR> -Dyarn.app.container.log.filesize=0 -Dhadoop.root.logger=INFO,CLA -Dhadoop.root.logfile=syslog  -Xmx1024m org.apache.hadoop.mapreduce.v2.app.MRAppMaster 1><LOG_DIR>/stdout 2><LOG_DIR>/stderr 
nm_1        | 2021-02-02 14:44:28 INFO  ContainerImpl:1135 - Container container_1612276869706_0003_01_000003 transitioned from LOCALIZING to LOCALIZED
rm_1        | 2021-02-02 14:42:46 INFO  AMRMTokenSecretManager:195 - Create AMRMToken for ApplicationAttempt: appattempt_1612276869706_0001_000001
nm_1        | 2021-02-02 14:44:28 INFO  ContainerImpl:1135 - Container container_1612276869706_0003_01_000003 transitioned from LOCALIZED to RUNNING
rm_1        | 2021-02-02 14:42:46 INFO  AMRMTokenSecretManager:307 - Creating password for appattempt_1612276869706_0001_000001
nm_1        | 2021-02-02 14:44:28 INFO  ContainersMonitorImpl:196 - Neither virutal-memory nor physical-memory monitoring is needed. Not running the monitor-thread
rm_1        | 2021-02-02 14:42:46 INFO  AMLauncher:126 - Done launching container Container: [ContainerId: container_1612276869706_0001_01_000001, NodeId: nm:42021, NodeHttpAddress: nm:8042, Resource: <memory:2048, vCores:1>, Priority: 0, Token: Token { kind: ContainerToken, service: 172.21.0.6:42021 }, ] for AM appattempt_1612276869706_0001_000001
nm_1        | 2021-02-02 14:44:28 INFO  DefaultContainerExecutor:268 - launchContainer: [bash, /tmp/hadoop-hadoop/nm-local-dir/usercache/hadoop/appcache/application_1612276869706_0003/container_1612276869706_0003_01_000003/default_container_executor.sh]
rm_1        | 2021-02-02 14:42:46 INFO  RMAppAttemptImpl:813 - appattempt_1612276869706_0001_000001 State change from ALLOCATED to LAUNCHED
nm_1        | 2021-02-02 14:44:28 INFO  NodeStatusUpdaterImpl:490 - Removed completed containers from NM context: [container_1612276869706_0003_01_000002]
rm_1        | 2021-02-02 14:42:47 INFO  RMContainerImpl:410 - container_1612276869706_0001_01_000001 Container Transitioned from ACQUIRED to RUNNING
nm_1        | 2021-02-02 14:44:31 INFO  Server:1316 - Auth successful for appattempt_1612276869706_0003_000001 (auth:SIMPLE)
rm_1        | 2021-02-02 14:42:53 INFO  Server:1316 - Auth successful for appattempt_1612276869706_0001_000001 (auth:SIMPLE)
nm_1        | 2021-02-02 14:44:31 INFO  ContainerManagerImpl:960 - Stopping container with container Id: container_1612276869706_0003_01_000003
rm_1        | 2021-02-02 14:42:53 INFO  ApplicationMasterService:274 - AM registration appattempt_1612276869706_0001_000001
nm_1        | 2021-02-02 14:44:31 INFO  NMAuditLogger:89 - USER=hadoop	IP=172.21.0.6	OPERATION=Stop Container Request	TARGET=ContainerManageImpl	RESULT=SUCCESS	APPID=application_1612276869706_0003	CONTAINERID=container_1612276869706_0003_01_000003
rm_1        | 2021-02-02 14:42:53 INFO  RMAuditLogger:127 - USER=hadoop	IP=172.21.0.6	OPERATION=Register App Master	TARGET=ApplicationMasterService	RESULT=SUCCESS	APPID=application_1612276869706_0001	APPATTEMPTID=appattempt_1612276869706_0001_000001
nm_1        | 2021-02-02 14:44:31 INFO  ContainerImpl:1135 - Container container_1612276869706_0003_01_000003 transitioned from RUNNING to KILLING
rm_1        | 2021-02-02 14:42:53 INFO  RMAppAttemptImpl:813 - appattempt_1612276869706_0001_000001 State change from LAUNCHED to RUNNING
nm_1        | 2021-02-02 14:44:31 INFO  ContainerLaunch:370 - Cleaning up container container_1612276869706_0003_01_000003
rm_1        | 2021-02-02 14:42:53 INFO  RMAppImpl:715 - application_1612276869706_0001 State change from ACCEPTED to RUNNING
rm_1        | 2021-02-02 14:42:56 INFO  RMContainerImpl:410 - container_1612276869706_0001_01_000002 Container Transitioned from NEW to ALLOCATED
rm_1        | 2021-02-02 14:42:56 INFO  RMAuditLogger:106 - USER=hadoop	OPERATION=AM Allocated Container	TARGET=SchedulerApp	RESULT=SUCCESS	APPID=application_1612276869706_0001	CONTAINERID=container_1612276869706_0001_01_000002
nm_1        | 2021-02-02 14:44:31 WARN  DefaultContainerExecutor:224 - Exit code from container container_1612276869706_0003_01_000003 is : 143
rm_1        | 2021-02-02 14:42:56 INFO  SchedulerNode:153 - Assigned container container_1612276869706_0001_01_000002 of capacity <memory:4096, vCores:1> on host nm:42021, which has 2 containers, <memory:6144, vCores:2> used and <memory:2048, vCores:6> available after allocation
nm_1        | 2021-02-02 14:44:31 INFO  ContainerImpl:1135 - Container container_1612276869706_0003_01_000003 transitioned from KILLING to CONTAINER_CLEANEDUP_AFTER_KILL
rm_1        | 2021-02-02 14:42:56 INFO  LeafQueue:1554 - assignedContainer application attempt=appattempt_1612276869706_0001_000001 container=Container: [ContainerId: container_1612276869706_0001_01_000002, NodeId: nm:42021, NodeHttpAddress: nm:8042, Resource: <memory:4096, vCores:1>, Priority: 20, Token: null, ] queue=default: capacity=1.0, absoluteCapacity=1.0, usedResources=<memory:2048, vCores:1>, usedCapacity=0.25, absoluteUsedCapacity=0.25, numApps=1, numContainers=1 clusterResource=<memory:8192, vCores:8> type=RACK_LOCAL
nm_1        | 2021-02-02 14:44:31 INFO  NMAuditLogger:89 - USER=hadoop	OPERATION=Container Finished - Killed	TARGET=ContainerImpl	RESULT=SUCCESS	APPID=application_1612276869706_0003	CONTAINERID=container_1612276869706_0003_01_000003
rm_1        | 2021-02-02 14:42:56 INFO  ParentQueue:523 - Re-sorting assigned queue: root.default stats: default: capacity=1.0, absoluteCapacity=1.0, usedResources=<memory:6144, vCores:2>, usedCapacity=0.75, absoluteUsedCapacity=0.75, numApps=1, numContainers=2
nm_1        | 2021-02-02 14:44:31 INFO  ContainerImpl:1135 - Container container_1612276869706_0003_01_000003 transitioned from CONTAINER_CLEANEDUP_AFTER_KILL to DONE
rm_1        | 2021-02-02 14:42:56 INFO  ParentQueue:420 - assignedContainer queue=root usedCapacity=0.75 absoluteUsedCapacity=0.75 used=<memory:6144, vCores:2> cluster=<memory:8192, vCores:8>
nm_1        | 2021-02-02 14:44:31 INFO  ApplicationImpl:347 - Removing container_1612276869706_0003_01_000003 from application application_1612276869706_0003
rm_1        | 2021-02-02 14:42:57 INFO  NMTokenSecretManagerInRM:200 - Sending NMToken for nodeId : nm:42021 for container : container_1612276869706_0001_01_000002
nm_1        | 2021-02-02 14:44:31 INFO  ContainersMonitorImpl:196 - Neither virutal-memory nor physical-memory monitoring is needed. Not running the monitor-thread
rm_1        | 2021-02-02 14:42:57 INFO  RMContainerImpl:410 - container_1612276869706_0001_01_000002 Container Transitioned from ALLOCATED to ACQUIRED
nm_1        | 2021-02-02 14:44:31 INFO  AuxServices:196 - Got event CONTAINER_STOP for appId application_1612276869706_0003
rm_1        | 2021-02-02 14:42:57 INFO  RMContainerImpl:410 - container_1612276869706_0001_01_000002 Container Transitioned from ACQUIRED to RUNNING
nm_1        | 2021-02-02 14:44:33 INFO  Server:1316 - Auth successful for appattempt_1612276869706_0003_000001 (auth:SIMPLE)
rm_1        | 2021-02-02 14:43:01 INFO  RMContainerImpl:410 - container_1612276869706_0001_01_000002 Container Transitioned from RUNNING to COMPLETED
nm_1        | 2021-02-02 14:44:33 INFO  ContainerManagerImpl:810 - Start request for container_1612276869706_0003_01_000004 by user hadoop
rm_1        | 2021-02-02 14:43:01 INFO  FiCaSchedulerApp:113 - Completed container: container_1612276869706_0001_01_000002 in state: COMPLETED event:FINISHED
nm_1        | 2021-02-02 14:44:33 INFO  NMAuditLogger:89 - USER=hadoop	IP=172.21.0.6	OPERATION=Start Container Request	TARGET=ContainerManageImpl	RESULT=SUCCESS	APPID=application_1612276869706_0003	CONTAINERID=container_1612276869706_0003_01_000004
rm_1        | 2021-02-02 14:43:01 INFO  RMAuditLogger:106 - USER=hadoop	OPERATION=AM Released Container	TARGET=SchedulerApp	RESULT=SUCCESS	APPID=application_1612276869706_0001	CONTAINERID=container_1612276869706_0001_01_000002
nm_1        | 2021-02-02 14:44:33 INFO  ApplicationImpl:304 - Adding container_1612276869706_0003_01_000004 to application application_1612276869706_0003
rm_1        | 2021-02-02 14:43:01 INFO  SchedulerNode:216 - Released container container_1612276869706_0001_01_000002 of capacity <memory:4096, vCores:1> on host nm:42021, which currently has 1 containers, <memory:2048, vCores:1> used and <memory:6144, vCores:7> available, release resources=true
nm_1        | 2021-02-02 14:44:33 INFO  ContainerImpl:1135 - Container container_1612276869706_0003_01_000004 transitioned from NEW to LOCALIZING
rm_1        | 2021-02-02 14:43:01 INFO  LeafQueue:1707 - default used=<memory:2048, vCores:1> numContainers=1 user=hadoop user-resources=<memory:2048, vCores:1>
nm_1        | 2021-02-02 14:44:33 INFO  AuxServices:196 - Got event CONTAINER_INIT for appId application_1612276869706_0003
rm_1        | 2021-02-02 14:43:01 INFO  LeafQueue:1658 - completedContainer container=Container: [ContainerId: container_1612276869706_0001_01_000002, NodeId: nm:42021, NodeHttpAddress: nm:8042, Resource: <memory:4096, vCores:1>, Priority: 20, Token: Token { kind: ContainerToken, service: 172.21.0.6:42021 }, ] queue=default: capacity=1.0, absoluteCapacity=1.0, usedResources=<memory:2048, vCores:1>, usedCapacity=0.25, absoluteUsedCapacity=0.25, numApps=1, numContainers=1 cluster=<memory:8192, vCores:8>
rm_1        | 2021-02-02 14:43:01 INFO  ParentQueue:568 - completedContainer queue=root usedCapacity=0.25 absoluteUsedCapacity=0.25 used=<memory:2048, vCores:1> cluster=<memory:8192, vCores:8>
nm_1        | 2021-02-02 14:44:33 INFO  AuxServices:196 - Got event APPLICATION_INIT for appId application_1612276869706_0003
rm_1        | 2021-02-02 14:43:01 INFO  ParentQueue:585 - Re-sorting completed queue: root.default stats: default: capacity=1.0, absoluteCapacity=1.0, usedResources=<memory:2048, vCores:1>, usedCapacity=0.25, absoluteUsedCapacity=0.25, numApps=1, numContainers=1
nm_1        | 2021-02-02 14:44:33 INFO  AuxServices:200 - Got APPLICATION_INIT for service mapreduce_shuffle
rm_1        | 2021-02-02 14:43:01 INFO  CapacityScheduler:1419 - Application attempt appattempt_1612276869706_0001_000001 released container container_1612276869706_0001_01_000002 on node: host: nm:42021 #containers=1 available=<memory:6144, vCores:7> used=<memory:2048, vCores:1> with event: FINISHED
nm_1        | 2021-02-02 14:44:33 INFO  ShuffleHandler:671 - Added token for job_1612276869706_0003
rm_1        | 2021-02-02 14:43:02 INFO  RMContainerImpl:410 - container_1612276869706_0001_01_000003 Container Transitioned from NEW to ALLOCATED
rm_1        | 2021-02-02 14:43:02 INFO  RMAuditLogger:106 - USER=hadoop	OPERATION=AM Allocated Container	TARGET=SchedulerApp	RESULT=SUCCESS	APPID=application_1612276869706_0001	CONTAINERID=container_1612276869706_0001_01_000003
nm_1        | 2021-02-02 14:44:33 INFO  ContainerImpl:1135 - Container container_1612276869706_0003_01_000004 transitioned from LOCALIZING to LOCALIZED
rm_1        | 2021-02-02 14:43:02 INFO  SchedulerNode:153 - Assigned container container_1612276869706_0001_01_000003 of capacity <memory:4096, vCores:1> on host nm:42021, which has 2 containers, <memory:6144, vCores:2> used and <memory:2048, vCores:6> available after allocation
nm_1        | 2021-02-02 14:44:33 INFO  ContainerImpl:1135 - Container container_1612276869706_0003_01_000004 transitioned from LOCALIZED to RUNNING
rm_1        | 2021-02-02 14:43:02 INFO  LeafQueue:1554 - assignedContainer application attempt=appattempt_1612276869706_0001_000001 container=Container: [ContainerId: container_1612276869706_0001_01_000003, NodeId: nm:42021, NodeHttpAddress: nm:8042, Resource: <memory:4096, vCores:1>, Priority: 20, Token: null, ] queue=default: capacity=1.0, absoluteCapacity=1.0, usedResources=<memory:2048, vCores:1>, usedCapacity=0.25, absoluteUsedCapacity=0.25, numApps=1, numContainers=1 clusterResource=<memory:8192, vCores:8> type=RACK_LOCAL
nm_1        | 2021-02-02 14:44:33 INFO  ContainersMonitorImpl:196 - Neither virutal-memory nor physical-memory monitoring is needed. Not running the monitor-thread
rm_1        | 2021-02-02 14:43:02 INFO  ParentQueue:523 - Re-sorting assigned queue: root.default stats: default: capacity=1.0, absoluteCapacity=1.0, usedResources=<memory:6144, vCores:2>, usedCapacity=0.75, absoluteUsedCapacity=0.75, numApps=1, numContainers=2
nm_1        | 2021-02-02 14:44:33 INFO  DefaultContainerExecutor:268 - launchContainer: [bash, /tmp/hadoop-hadoop/nm-local-dir/usercache/hadoop/appcache/application_1612276869706_0003/container_1612276869706_0003_01_000004/default_container_executor.sh]
rm_1        | 2021-02-02 14:43:02 INFO  ParentQueue:420 - assignedContainer queue=root usedCapacity=0.75 absoluteUsedCapacity=0.75 used=<memory:6144, vCores:2> cluster=<memory:8192, vCores:8>
nm_1        | 2021-02-02 14:44:33 INFO  NodeStatusUpdaterImpl:490 - Removed completed containers from NM context: [container_1612276869706_0003_01_000003]
rm_1        | 2021-02-02 14:43:02 INFO  RMContainerImpl:410 - container_1612276869706_0001_01_000003 Container Transitioned from ALLOCATED to ACQUIRED
nm_1        | 2021-02-02 14:44:36 INFO  Server:1316 - Auth successful for appattempt_1612276869706_0003_000001 (auth:SIMPLE)
rm_1        | 2021-02-02 14:43:03 INFO  RMContainerImpl:410 - container_1612276869706_0001_01_000003 Container Transitioned from ACQUIRED to RUNNING
nm_1        | 2021-02-02 14:44:36 INFO  ContainerManagerImpl:960 - Stopping container with container Id: container_1612276869706_0003_01_000004
rm_1        | 2021-02-02 14:43:05 INFO  RMContainerImpl:410 - container_1612276869706_0001_01_000003 Container Transitioned from RUNNING to COMPLETED
nm_1        | 2021-02-02 14:44:36 INFO  NMAuditLogger:89 - USER=hadoop	IP=172.21.0.6	OPERATION=Stop Container Request	TARGET=ContainerManageImpl	RESULT=SUCCESS	APPID=application_1612276869706_0003	CONTAINERID=container_1612276869706_0003_01_000004
rm_1        | 2021-02-02 14:43:05 INFO  FiCaSchedulerApp:113 - Completed container: container_1612276869706_0001_01_000003 in state: COMPLETED event:FINISHED
nm_1        | 2021-02-02 14:44:36 INFO  ContainerImpl:1135 - Container container_1612276869706_0003_01_000004 transitioned from RUNNING to KILLING
rm_1        | 2021-02-02 14:43:05 INFO  RMAuditLogger:106 - USER=hadoop	OPERATION=AM Released Container	TARGET=SchedulerApp	RESULT=SUCCESS	APPID=application_1612276869706_0001	CONTAINERID=container_1612276869706_0001_01_000003
nm_1        | 2021-02-02 14:44:36 INFO  ContainerLaunch:370 - Cleaning up container container_1612276869706_0003_01_000004
rm_1        | 2021-02-02 14:43:05 INFO  SchedulerNode:216 - Released container container_1612276869706_0001_01_000003 of capacity <memory:4096, vCores:1> on host nm:42021, which currently has 1 containers, <memory:2048, vCores:1> used and <memory:6144, vCores:7> available, release resources=true
nm_1        | 2021-02-02 14:44:36 WARN  DefaultContainerExecutor:224 - Exit code from container container_1612276869706_0003_01_000004 is : 143
rm_1        | 2021-02-02 14:43:05 INFO  LeafQueue:1707 - default used=<memory:2048, vCores:1> numContainers=1 user=hadoop user-resources=<memory:2048, vCores:1>
nm_1        | 2021-02-02 14:44:36 INFO  ContainerImpl:1135 - Container container_1612276869706_0003_01_000004 transitioned from KILLING to CONTAINER_CLEANEDUP_AFTER_KILL
rm_1        | 2021-02-02 14:43:05 INFO  LeafQueue:1658 - completedContainer container=Container: [ContainerId: container_1612276869706_0001_01_000003, NodeId: nm:42021, NodeHttpAddress: nm:8042, Resource: <memory:4096, vCores:1>, Priority: 20, Token: Token { kind: ContainerToken, service: 172.21.0.6:42021 }, ] queue=default: capacity=1.0, absoluteCapacity=1.0, usedResources=<memory:2048, vCores:1>, usedCapacity=0.25, absoluteUsedCapacity=0.25, numApps=1, numContainers=1 cluster=<memory:8192, vCores:8>
nm_1        | 2021-02-02 14:44:36 INFO  NMAuditLogger:89 - USER=hadoop	OPERATION=Container Finished - Killed	TARGET=ContainerImpl	RESULT=SUCCESS	APPID=application_1612276869706_0003	CONTAINERID=container_1612276869706_0003_01_000004
rm_1        | 2021-02-02 14:43:05 INFO  ParentQueue:568 - completedContainer queue=root usedCapacity=0.25 absoluteUsedCapacity=0.25 used=<memory:2048, vCores:1> cluster=<memory:8192, vCores:8>
nm_1        | 2021-02-02 14:44:36 INFO  ContainerImpl:1135 - Container container_1612276869706_0003_01_000004 transitioned from CONTAINER_CLEANEDUP_AFTER_KILL to DONE
rm_1        | 2021-02-02 14:43:05 INFO  ParentQueue:585 - Re-sorting completed queue: root.default stats: default: capacity=1.0, absoluteCapacity=1.0, usedResources=<memory:2048, vCores:1>, usedCapacity=0.25, absoluteUsedCapacity=0.25, numApps=1, numContainers=1
nm_1        | 2021-02-02 14:44:36 INFO  ApplicationImpl:347 - Removing container_1612276869706_0003_01_000004 from application application_1612276869706_0003
nm_1        | 2021-02-02 14:44:36 INFO  ContainersMonitorImpl:196 - Neither virutal-memory nor physical-memory monitoring is needed. Not running the monitor-thread
rm_1        | 2021-02-02 14:43:05 INFO  CapacityScheduler:1419 - Application attempt appattempt_1612276869706_0001_000001 released container container_1612276869706_0001_01_000003 on node: host: nm:42021 #containers=1 available=<memory:6144, vCores:7> used=<memory:2048, vCores:1> with event: FINISHED
nm_1        | 2021-02-02 14:44:36 INFO  AuxServices:196 - Got event CONTAINER_STOP for appId application_1612276869706_0003
rm_1        | 2021-02-02 14:43:06 INFO  RMContainerImpl:410 - container_1612276869706_0001_01_000004 Container Transitioned from NEW to ALLOCATED
nm_1        | 2021-02-02 14:44:37 INFO  Server:1316 - Auth successful for appattempt_1612276869706_0003_000001 (auth:SIMPLE)
rm_1        | 2021-02-02 14:43:06 INFO  RMAuditLogger:106 - USER=hadoop	OPERATION=AM Allocated Container	TARGET=SchedulerApp	RESULT=SUCCESS	APPID=application_1612276869706_0001	CONTAINERID=container_1612276869706_0001_01_000004
nm_1        | 2021-02-02 14:44:37 INFO  ContainerManagerImpl:810 - Start request for container_1612276869706_0003_01_000005 by user hadoop
rm_1        | 2021-02-02 14:43:06 INFO  SchedulerNode:153 - Assigned container container_1612276869706_0001_01_000004 of capacity <memory:4096, vCores:1> on host nm:42021, which has 2 containers, <memory:6144, vCores:2> used and <memory:2048, vCores:6> available after allocation
nm_1        | 2021-02-02 14:44:37 INFO  NMAuditLogger:89 - USER=hadoop	IP=172.21.0.6	OPERATION=Start Container Request	TARGET=ContainerManageImpl	RESULT=SUCCESS	APPID=application_1612276869706_0003	CONTAINERID=container_1612276869706_0003_01_000005
rm_1        | 2021-02-02 14:43:06 INFO  LeafQueue:1554 - assignedContainer application attempt=appattempt_1612276869706_0001_000001 container=Container: [ContainerId: container_1612276869706_0001_01_000004, NodeId: nm:42021, NodeHttpAddress: nm:8042, Resource: <memory:4096, vCores:1>, Priority: 20, Token: null, ] queue=default: capacity=1.0, absoluteCapacity=1.0, usedResources=<memory:2048, vCores:1>, usedCapacity=0.25, absoluteUsedCapacity=0.25, numApps=1, numContainers=1 clusterResource=<memory:8192, vCores:8> type=RACK_LOCAL
nm_1        | 2021-02-02 14:44:37 INFO  ApplicationImpl:304 - Adding container_1612276869706_0003_01_000005 to application application_1612276869706_0003
rm_1        | 2021-02-02 14:43:06 INFO  ParentQueue:523 - Re-sorting assigned queue: root.default stats: default: capacity=1.0, absoluteCapacity=1.0, usedResources=<memory:6144, vCores:2>, usedCapacity=0.75, absoluteUsedCapacity=0.75, numApps=1, numContainers=2
nm_1        | 2021-02-02 14:44:37 INFO  ContainerImpl:1135 - Container container_1612276869706_0003_01_000005 transitioned from NEW to LOCALIZING
rm_1        | 2021-02-02 14:43:06 INFO  ParentQueue:420 - assignedContainer queue=root usedCapacity=0.75 absoluteUsedCapacity=0.75 used=<memory:6144, vCores:2> cluster=<memory:8192, vCores:8>
nm_1        | 2021-02-02 14:44:37 INFO  AuxServices:196 - Got event CONTAINER_INIT for appId application_1612276869706_0003
rm_1        | 2021-02-02 14:43:07 INFO  RMContainerImpl:410 - container_1612276869706_0001_01_000004 Container Transitioned from ALLOCATED to ACQUIRED
nm_1        | 2021-02-02 14:44:37 INFO  AuxServices:196 - Got event APPLICATION_INIT for appId application_1612276869706_0003
rm_1        | 2021-02-02 14:43:07 INFO  RMContainerImpl:410 - container_1612276869706_0001_01_000004 Container Transitioned from ACQUIRED to RUNNING
nm_1        | 2021-02-02 14:44:37 INFO  AuxServices:200 - Got APPLICATION_INIT for service mapreduce_shuffle
rm_1        | 2021-02-02 14:43:08 INFO  AppSchedulingInfo:181 - checking for deactivate of application :application_1612276869706_0001
nm_1        | 2021-02-02 14:44:37 INFO  ShuffleHandler:671 - Added token for job_1612276869706_0003
rm_1        | 2021-02-02 14:43:10 INFO  RMContainerImpl:410 - container_1612276869706_0001_01_000004 Container Transitioned from RUNNING to COMPLETED
nm_1        | 2021-02-02 14:44:37 INFO  ContainerImpl:1135 - Container container_1612276869706_0003_01_000005 transitioned from LOCALIZING to LOCALIZED
rm_1        | 2021-02-02 14:43:10 INFO  FiCaSchedulerApp:113 - Completed container: container_1612276869706_0001_01_000004 in state: COMPLETED event:FINISHED
nm_1        | 2021-02-02 14:44:37 INFO  ContainerImpl:1135 - Container container_1612276869706_0003_01_000005 transitioned from LOCALIZED to RUNNING
rm_1        | 2021-02-02 14:43:10 INFO  RMAuditLogger:106 - USER=hadoop	OPERATION=AM Released Container	TARGET=SchedulerApp	RESULT=SUCCESS	APPID=application_1612276869706_0001	CONTAINERID=container_1612276869706_0001_01_000004
nm_1        | 2021-02-02 14:44:37 INFO  ContainersMonitorImpl:196 - Neither virutal-memory nor physical-memory monitoring is needed. Not running the monitor-thread
rm_1        | 2021-02-02 14:43:10 INFO  SchedulerNode:216 - Released container container_1612276869706_0001_01_000004 of capacity <memory:4096, vCores:1> on host nm:42021, which currently has 1 containers, <memory:2048, vCores:1> used and <memory:6144, vCores:7> available, release resources=true
nm_1        | 2021-02-02 14:44:37 INFO  DefaultContainerExecutor:268 - launchContainer: [bash, /tmp/hadoop-hadoop/nm-local-dir/usercache/hadoop/appcache/application_1612276869706_0003/container_1612276869706_0003_01_000005/default_container_executor.sh]
rm_1        | 2021-02-02 14:43:10 INFO  LeafQueue:1707 - default used=<memory:2048, vCores:1> numContainers=1 user=hadoop user-resources=<memory:2048, vCores:1>
nm_1        | 2021-02-02 14:44:38 INFO  NodeStatusUpdaterImpl:490 - Removed completed containers from NM context: [container_1612276869706_0003_01_000004]
rm_1        | 2021-02-02 14:43:10 INFO  LeafQueue:1658 - completedContainer container=Container: [ContainerId: container_1612276869706_0001_01_000004, NodeId: nm:42021, NodeHttpAddress: nm:8042, Resource: <memory:4096, vCores:1>, Priority: 20, Token: Token { kind: ContainerToken, service: 172.21.0.6:42021 }, ] queue=default: capacity=1.0, absoluteCapacity=1.0, usedResources=<memory:2048, vCores:1>, usedCapacity=0.25, absoluteUsedCapacity=0.25, numApps=1, numContainers=1 cluster=<memory:8192, vCores:8>
nm_1        | 2021-02-02 14:44:39 INFO  ShuffleHandler:1047 - Setting connection close header...
rm_1        | 2021-02-02 14:43:10 INFO  ParentQueue:568 - completedContainer queue=root usedCapacity=0.25 absoluteUsedCapacity=0.25 used=<memory:2048, vCores:1> cluster=<memory:8192, vCores:8>
nm_1        | 2021-02-02 14:44:39 INFO  ShuffleHandler:1047 - Setting connection close header...
rm_1        | 2021-02-02 14:43:10 INFO  ParentQueue:585 - Re-sorting completed queue: root.default stats: default: capacity=1.0, absoluteCapacity=1.0, usedResources=<memory:2048, vCores:1>, usedCapacity=0.25, absoluteUsedCapacity=0.25, numApps=1, numContainers=1
rm_1        | 2021-02-02 14:43:10 INFO  CapacityScheduler:1419 - Application attempt appattempt_1612276869706_0001_000001 released container container_1612276869706_0001_01_000004 on node: host: nm:42021 #containers=1 available=<memory:6144, vCores:7> used=<memory:2048, vCores:1> with event: FINISHED
nm_1        | 2021-02-02 14:44:43 INFO  Server:1316 - Auth successful for appattempt_1612276869706_0003_000001 (auth:SIMPLE)
rm_1        | 2021-02-02 14:43:10 INFO  RMContainerImpl:410 - container_1612276869706_0001_01_000005 Container Transitioned from NEW to ALLOCATED
nm_1        | 2021-02-02 14:44:43 INFO  ContainerManagerImpl:960 - Stopping container with container Id: container_1612276869706_0003_01_000005
rm_1        | 2021-02-02 14:43:10 INFO  RMAuditLogger:106 - USER=hadoop	OPERATION=AM Allocated Container	TARGET=SchedulerApp	RESULT=SUCCESS	APPID=application_1612276869706_0001	CONTAINERID=container_1612276869706_0001_01_000005
nm_1        | 2021-02-02 14:44:43 INFO  NMAuditLogger:89 - USER=hadoop	IP=172.21.0.6	OPERATION=Stop Container Request	TARGET=ContainerManageImpl	RESULT=SUCCESS	APPID=application_1612276869706_0003	CONTAINERID=container_1612276869706_0003_01_000005
rm_1        | 2021-02-02 14:43:10 INFO  SchedulerNode:153 - Assigned container container_1612276869706_0001_01_000005 of capacity <memory:4096, vCores:1> on host nm:42021, which has 2 containers, <memory:6144, vCores:2> used and <memory:2048, vCores:6> available after allocation
nm_1        | 2021-02-02 14:44:43 INFO  ContainerImpl:1135 - Container container_1612276869706_0003_01_000005 transitioned from RUNNING to KILLING
rm_1        | 2021-02-02 14:43:10 INFO  LeafQueue:1554 - assignedContainer application attempt=appattempt_1612276869706_0001_000001 container=Container: [ContainerId: container_1612276869706_0001_01_000005, NodeId: nm:42021, NodeHttpAddress: nm:8042, Resource: <memory:4096, vCores:1>, Priority: 10, Token: null, ] queue=default: capacity=1.0, absoluteCapacity=1.0, usedResources=<memory:2048, vCores:1>, usedCapacity=0.25, absoluteUsedCapacity=0.25, numApps=1, numContainers=1 clusterResource=<memory:8192, vCores:8> type=OFF_SWITCH
rm_1        | 2021-02-02 14:43:10 INFO  ParentQueue:523 - Re-sorting assigned queue: root.default stats: default: capacity=1.0, absoluteCapacity=1.0, usedResources=<memory:6144, vCores:2>, usedCapacity=0.75, absoluteUsedCapacity=0.75, numApps=1, numContainers=2
rm_1        | 2021-02-02 14:43:10 INFO  ParentQueue:420 - assignedContainer queue=root usedCapacity=0.75 absoluteUsedCapacity=0.75 used=<memory:6144, vCores:2> cluster=<memory:8192, vCores:8>
rm_1        | 2021-02-02 14:43:11 INFO  RMContainerImpl:410 - container_1612276869706_0001_01_000005 Container Transitioned from ALLOCATED to ACQUIRED
rm_1        | 2021-02-02 14:43:11 INFO  RMContainerImpl:410 - container_1612276869706_0001_01_000005 Container Transitioned from ACQUIRED to RUNNING
rm_1        | 2021-02-02 14:43:12 INFO  AppSchedulingInfo:181 - checking for deactivate of application :application_1612276869706_0001
rm_1        | 2021-02-02 14:43:15 INFO  RMContainerImpl:410 - container_1612276869706_0001_01_000005 Container Transitioned from RUNNING to COMPLETED
rm_1        | 2021-02-02 14:43:15 INFO  FiCaSchedulerApp:113 - Completed container: container_1612276869706_0001_01_000005 in state: COMPLETED event:FINISHED
rm_1        | 2021-02-02 14:43:15 INFO  RMAuditLogger:106 - USER=hadoop	OPERATION=AM Released Container	TARGET=SchedulerApp	RESULT=SUCCESS	APPID=application_1612276869706_0001	CONTAINERID=container_1612276869706_0001_01_000005
rm_1        | 2021-02-02 14:43:15 INFO  SchedulerNode:216 - Released container container_1612276869706_0001_01_000005 of capacity <memory:4096, vCores:1> on host nm:42021, which currently has 1 containers, <memory:2048, vCores:1> used and <memory:6144, vCores:7> available, release resources=true
rm_1        | 2021-02-02 14:43:15 INFO  LeafQueue:1707 - default used=<memory:2048, vCores:1> numContainers=1 user=hadoop user-resources=<memory:2048, vCores:1>
rm_1        | 2021-02-02 14:43:15 INFO  LeafQueue:1658 - completedContainer container=Container: [ContainerId: container_1612276869706_0001_01_000005, NodeId: nm:42021, NodeHttpAddress: nm:8042, Resource: <memory:4096, vCores:1>, Priority: 10, Token: Token { kind: ContainerToken, service: 172.21.0.6:42021 }, ] queue=default: capacity=1.0, absoluteCapacity=1.0, usedResources=<memory:2048, vCores:1>, usedCapacity=0.25, absoluteUsedCapacity=0.25, numApps=1, numContainers=1 cluster=<memory:8192, vCores:8>
rm_1        | 2021-02-02 14:43:15 INFO  ParentQueue:568 - completedContainer queue=root usedCapacity=0.25 absoluteUsedCapacity=0.25 used=<memory:2048, vCores:1> cluster=<memory:8192, vCores:8>
nm_1        | 2021-02-02 14:44:43 INFO  ContainerLaunch:370 - Cleaning up container container_1612276869706_0003_01_000005
nm_1        | 2021-02-02 14:44:43 WARN  DefaultContainerExecutor:224 - Exit code from container container_1612276869706_0003_01_000005 is : 143
rm_1        | 2021-02-02 14:43:15 INFO  ParentQueue:585 - Re-sorting completed queue: root.default stats: default: capacity=1.0, absoluteCapacity=1.0, usedResources=<memory:2048, vCores:1>, usedCapacity=0.25, absoluteUsedCapacity=0.25, numApps=1, numContainers=1
nm_1        | 2021-02-02 14:44:43 INFO  ContainerImpl:1135 - Container container_1612276869706_0003_01_000005 transitioned from KILLING to CONTAINER_CLEANEDUP_AFTER_KILL
rm_1        | 2021-02-02 14:43:15 INFO  CapacityScheduler:1419 - Application attempt appattempt_1612276869706_0001_000001 released container container_1612276869706_0001_01_000005 on node: host: nm:42021 #containers=1 available=<memory:6144, vCores:7> used=<memory:2048, vCores:1> with event: FINISHED
nm_1        | 2021-02-02 14:44:43 INFO  NMAuditLogger:89 - USER=hadoop	OPERATION=Container Finished - Killed	TARGET=ContainerImpl	RESULT=SUCCESS	APPID=application_1612276869706_0003	CONTAINERID=container_1612276869706_0003_01_000005
rm_1        | 2021-02-02 14:43:18 INFO  RMAppAttemptImpl:1206 - Updating application attempt appattempt_1612276869706_0001_000001 with final state: FINISHING, and exit status: -1000
nm_1        | 2021-02-02 14:44:43 INFO  ContainerImpl:1135 - Container container_1612276869706_0003_01_000005 transitioned from CONTAINER_CLEANEDUP_AFTER_KILL to DONE
rm_1        | 2021-02-02 14:43:18 INFO  RMAppAttemptImpl:813 - appattempt_1612276869706_0001_000001 State change from RUNNING to FINAL_SAVING
nm_1        | 2021-02-02 14:44:43 INFO  ApplicationImpl:347 - Removing container_1612276869706_0003_01_000005 from application application_1612276869706_0003
rm_1        | 2021-02-02 14:43:18 INFO  RMAppImpl:993 - Updating application application_1612276869706_0001 with final state: FINISHING
nm_1        | 2021-02-02 14:44:43 INFO  ContainersMonitorImpl:196 - Neither virutal-memory nor physical-memory monitoring is needed. Not running the monitor-thread
rm_1        | 2021-02-02 14:43:18 INFO  RMStateStore:223 - Updating info for app: application_1612276869706_0001
nm_1        | 2021-02-02 14:44:43 INFO  AuxServices:196 - Got event CONTAINER_STOP for appId application_1612276869706_0003
rm_1        | 2021-02-02 14:43:18 INFO  RMAppImpl:715 - application_1612276869706_0001 State change from RUNNING to FINAL_SAVING
nm_1        | 2021-02-02 14:44:50 INFO  ContainerLaunch:346 - Container container_1612276869706_0003_01_000001 succeeded 
rm_1        | 2021-02-02 14:43:18 INFO  RMAppAttemptImpl:813 - appattempt_1612276869706_0001_000001 State change from FINAL_SAVING to FINISHING
nm_1        | 2021-02-02 14:44:50 INFO  ContainerImpl:1135 - Container container_1612276869706_0003_01_000001 transitioned from RUNNING to EXITED_WITH_SUCCESS
rm_1        | 2021-02-02 14:43:18 INFO  RMAppImpl:715 - application_1612276869706_0001 State change from FINAL_SAVING to FINISHING
nm_1        | 2021-02-02 14:44:50 INFO  ContainerLaunch:370 - Cleaning up container container_1612276869706_0003_01_000001
rm_1        | 2021-02-02 14:43:19 INFO  ApplicationMasterService:354 - application_1612276869706_0001 unregistered successfully. 
rm_1        | 2021-02-02 14:43:22 INFO  ClientRMService:289 - Allocated new applicationId: 2
rm_1        | 2021-02-02 14:43:24 INFO  ClientRMService:583 - Application with id 2 submitted by user hadoop
rm_1        | 2021-02-02 14:43:24 INFO  RMAppImpl:974 - Storing application with id application_1612276869706_0002
rm_1        | 2021-02-02 14:43:24 INFO  RMAuditLogger:148 - USER=hadoop	IP=172.21.0.3	OPERATION=Submit Application Request	TARGET=ClientRMService	RESULT=SUCCESS	APPID=application_1612276869706_0002
rm_1        | 2021-02-02 14:43:24 INFO  RMStateStore:194 - Storing info for app: application_1612276869706_0002
rm_1        | 2021-02-02 14:43:24 INFO  RMAppImpl:715 - application_1612276869706_0002 State change from NEW to NEW_SAVING
rm_1        | 2021-02-02 14:43:24 INFO  RMAppImpl:715 - application_1612276869706_0002 State change from NEW_SAVING to SUBMITTED
rm_1        | 2021-02-02 14:43:24 INFO  ParentQueue:345 - Application added - appId: application_1612276869706_0002 user: hadoop leaf-queue of parent: root #applications: 2
rm_1        | 2021-02-02 14:43:24 INFO  CapacityScheduler:814 - Accepted application application_1612276869706_0002 from user: hadoop, in queue: default
rm_1        | 2021-02-02 14:43:24 INFO  RMAppImpl:715 - application_1612276869706_0002 State change from SUBMITTED to ACCEPTED
rm_1        | 2021-02-02 14:43:24 INFO  ApplicationMasterService:678 - Registering app attempt : appattempt_1612276869706_0002_000001
rm_1        | 2021-02-02 14:43:24 INFO  RMAppAttemptImpl:813 - appattempt_1612276869706_0002_000001 State change from NEW to SUBMITTED
rm_1        | 2021-02-02 14:43:24 INFO  LeafQueue:636 - not starting application as amIfStarted exceeds amLimit
rm_1        | 2021-02-02 14:43:24 INFO  LeafQueue:683 - Application added - appId: application_1612276869706_0002 user: org.apache.hadoop.yarn.server.resourcemanager.scheduler.capacity.LeafQueue$User@3a1d29b6, leaf-queue: default #user-pending-applications: 1 #user-active-applications: 1 #queue-pending-applications: 1 #queue-active-applications: 1
rm_1        | 2021-02-02 14:43:24 INFO  CapacityScheduler:843 - Added Application Attempt appattempt_1612276869706_0002_000001 to scheduler from user hadoop in queue default
rm_1        | 2021-02-02 14:43:24 INFO  RMAppAttemptImpl:813 - appattempt_1612276869706_0002_000001 State change from SUBMITTED to SCHEDULED
rm_1        | 2021-02-02 14:43:24 INFO  RMContainerImpl:410 - container_1612276869706_0001_01_000001 Container Transitioned from RUNNING to COMPLETED
rm_1        | 2021-02-02 14:43:24 INFO  FiCaSchedulerApp:113 - Completed container: container_1612276869706_0001_01_000001 in state: COMPLETED event:FINISHED
rm_1        | 2021-02-02 14:43:24 INFO  ApplicationMasterService:684 - Unregistering app attempt : appattempt_1612276869706_0001_000001
rm_1        | 2021-02-02 14:43:24 INFO  AMRMTokenSecretManager:124 - Application finished, removing password for appattempt_1612276869706_0001_000001
rm_1        | 2021-02-02 14:43:24 INFO  RMAuditLogger:106 - USER=hadoop	OPERATION=AM Released Container	TARGET=SchedulerApp	RESULT=SUCCESS	APPID=application_1612276869706_0001	CONTAINERID=container_1612276869706_0001_01_000001
rm_1        | 2021-02-02 14:43:24 INFO  SchedulerNode:216 - Released container container_1612276869706_0001_01_000001 of capacity <memory:2048, vCores:1> on host nm:42021, which currently has 0 containers, <memory:0, vCores:0> used and <memory:8192, vCores:8> available, release resources=true
rm_1        | 2021-02-02 14:43:24 INFO  LeafQueue:1707 - default used=<memory:0, vCores:0> numContainers=0 user=hadoop user-resources=<memory:0, vCores:0>
rm_1        | 2021-02-02 14:43:24 INFO  LeafQueue:1658 - completedContainer container=Container: [ContainerId: container_1612276869706_0001_01_000001, NodeId: nm:42021, NodeHttpAddress: nm:8042, Resource: <memory:2048, vCores:1>, Priority: 0, Token: Token { kind: ContainerToken, service: 172.21.0.6:42021 }, ] queue=default: capacity=1.0, absoluteCapacity=1.0, usedResources=<memory:0, vCores:0>, usedCapacity=0.0, absoluteUsedCapacity=0.0, numApps=2, numContainers=0 cluster=<memory:8192, vCores:8>
rm_1        | 2021-02-02 14:43:24 INFO  ParentQueue:568 - completedContainer queue=root usedCapacity=0.0 absoluteUsedCapacity=0.0 used=<memory:0, vCores:0> cluster=<memory:8192, vCores:8>
rm_1        | 2021-02-02 14:43:24 INFO  ParentQueue:585 - Re-sorting completed queue: root.default stats: default: capacity=1.0, absoluteCapacity=1.0, usedResources=<memory:0, vCores:0>, usedCapacity=0.0, absoluteUsedCapacity=0.0, numApps=2, numContainers=0
rm_1        | 2021-02-02 14:43:24 INFO  CapacityScheduler:1419 - Application attempt appattempt_1612276869706_0001_000001 released container container_1612276869706_0001_01_000001 on node: host: nm:42021 #containers=0 available=<memory:8192, vCores:8> used=<memory:0, vCores:0> with event: FINISHED
rm_1        | 2021-02-02 14:43:24 INFO  RMAppAttemptImpl:813 - appattempt_1612276869706_0001_000001 State change from FINISHING to FINISHED
rm_1        | 2021-02-02 14:43:24 INFO  RMAppImpl:715 - application_1612276869706_0001 State change from FINISHING to FINISHED
rm_1        | 2021-02-02 14:43:24 INFO  CapacityScheduler:882 - Application Attempt appattempt_1612276869706_0001_000001 is done. finalState=FINISHED
rm_1        | 2021-02-02 14:43:24 INFO  AppSchedulingInfo:117 - Application application_1612276869706_0001 requests cleared
rm_1        | 2021-02-02 14:43:24 WARN  LeafQueue:632 - maximum-am-resource-percent is insufficient to start a single application in queue, it is likely set too low. skipping enforcement to allow at least one application to start
rm_1        | 2021-02-02 14:43:24 WARN  LeafQueue:653 - maximum-am-resource-percent is insufficient to start a single application in queue for user, it is likely set too low. skipping enforcement to allow at least one application to start
rm_1        | 2021-02-02 14:43:24 INFO  LeafQueue:667 - Application application_1612276869706_0002 from user: hadoop activated in queue: default
rm_1        | 2021-02-02 14:43:24 INFO  LeafQueue:729 - Application removed - appId: application_1612276869706_0001 user: hadoop queue: default #user-pending-applications: 0 #user-active-applications: 1 #queue-pending-applications: 0 #queue-active-applications: 1
rm_1        | 2021-02-02 14:43:24 INFO  RMAuditLogger:148 - USER=hadoop	OPERATION=Application Finished - Succeeded	TARGET=RMAppManager	RESULT=SUCCESS	APPID=application_1612276869706_0001
nm_1        | 2021-02-02 14:44:50 INFO  NMAuditLogger:89 - USER=hadoop	OPERATION=Container Finished - Succeeded	TARGET=ContainerImpl	RESULT=SUCCESS	APPID=application_1612276869706_0003	CONTAINERID=container_1612276869706_0003_01_000001
rm_1        | 2021-02-02 14:43:24 INFO  ParentQueue:370 - Application removed - appId: application_1612276869706_0001 user: hadoop leaf-queue of parent: root #applications: 1
nm_1        | 2021-02-02 14:44:50 INFO  ContainerImpl:1135 - Container container_1612276869706_0003_01_000001 transitioned from EXITED_WITH_SUCCESS to DONE
rm_1        | 2021-02-02 14:43:24 INFO  AMLauncher:263 - Cleaning master appattempt_1612276869706_0001_000001
nm_1        | 2021-02-02 14:44:50 INFO  ApplicationImpl:347 - Removing container_1612276869706_0003_01_000001 from application application_1612276869706_0003
rm_1        | 2021-02-02 14:43:24 INFO  RMAppManager$ApplicationSummary:186 - appId=application_1612276869706_0001,name=QuasiMonteCarlo,user=hadoop,queue=default,state=FINISHED,trackingUrl=http://rm:8088/proxy/application_1612276869706_0001/,appMasterHost=nm,startTime=1612276965257,finishTime=1612276998377,finalStatus=SUCCEEDED,memorySeconds=148059,vcoreSeconds=53,preemptedAMContainers=0,preemptedNonAMContainers=0,preemptedResources=<memory:0\, vCores:0>,applicationType=MAPREDUCE
nm_1        | 2021-02-02 14:44:50 INFO  ContainersMonitorImpl:196 - Neither virutal-memory nor physical-memory monitoring is needed. Not running the monitor-thread
rm_1        | 2021-02-02 14:43:25 INFO  RMContainerImpl:410 - container_1612276869706_0002_01_000001 Container Transitioned from NEW to ALLOCATED
nm_1        | 2021-02-02 14:44:50 INFO  AuxServices:196 - Got event CONTAINER_STOP for appId application_1612276869706_0003
