om1_1       | 2021-07-12 10:02:01,362 [pool-23-thread-1] INFO server.RaftServerConfigKeys: raft.server.log.statemachine.data.sync = true (default)
datanode_1  | 2021-07-12 10:01:52,299 [pool-22-thread-1] INFO server.RaftServerConfigKeys: raft.server.log.statemachine.data.sync.timeout.retry = -1 (default)
datanode_3  | 	... 1 more
datanode_2  | 2021-07-12 10:01:25,799 [EndpointStateMachine task thread for scm3/172.20.0.5:9861 - 0 ] INFO ipc.Client: Retrying connect to server: scm3/172.20.0.5:9861. Already tried 2 time(s); retry policy is RetryUpToMaximumCountWithFixedSleep(maxRetries=15, sleepTime=1000 MILLISECONDS)
om2_1       | 2021-07-12 10:02:01,532 [pool-23-thread-1] INFO server.RaftServer$Division: om2: new RaftServerImpl for group-D66704EFC61C:[om1|rpc:om1:9872|priority:0, om3|rpc:om3:9872|priority:0, om2|rpc:om2:9872|priority:0] with OzoneManagerStateMachine:uninitialized
scm3_1      | 2021-07-12 10:01:31,367 [pool-13-thread-1] INFO server.RaftServerConfigKeys: raft.server.rpc.timeout.min = 5000ms (custom)
s3g_1       | 2021-07-12 10:06:34,124 [qtp1421866327-18] INFO metrics.RatisMetrics: Creating Metrics Registry : ratis.client_message_metrics.client-F12FE694E0F8->a321ee82-5dd3-4aee-88ed-fc3e5d3965a6
om3_1       | 2021-07-12 10:02:01,256 [main] INFO om.OzoneManager: OzoneManager Ratis server initialized at port 9872
recon_1     | 2021-07-12 10:01:11,106 [Listener at 0.0.0.0/9891] INFO impl.OzoneManagerServiceProviderImpl: Starting Ozone Manager Service Provider.
scm2_1      | 2021-07-12 10:01:20,453 [main] INFO server.GrpcService: raft.grpc.flow.control.window = 1MB (=1048576) (default)
scm1_1      | 2021-07-12 10:00:54,645 [pool-2-thread-1] INFO server.RaftServerConfigKeys: raft.server.log.statemachine.data.sync.timeout.retry = -1 (default)
om1_1       | 2021-07-12 10:02:01,367 [pool-23-thread-1] INFO server.RaftServerConfigKeys: raft.server.log.statemachine.data.sync.timeout = 10s (default)
datanode_1  | 2021-07-12 10:01:52,352 [pool-22-thread-1] INFO server.RaftServerConfigKeys: raft.server.log.write.buffer.size = 1048576 (custom)
datanode_3  | 2021-07-12 10:01:05,059 [Datanode State Machine Thread - 0] ERROR datanode.RunningDatanodeState: Error in executing end point task.
datanode_2  | 2021-07-12 10:01:26,800 [EndpointStateMachine task thread for scm3/172.20.0.5:9861 - 0 ] INFO ipc.Client: Retrying connect to server: scm3/172.20.0.5:9861. Already tried 3 time(s); retry policy is RetryUpToMaximumCountWithFixedSleep(maxRetries=15, sleepTime=1000 MILLISECONDS)
scm3_1      | 2021-07-12 10:01:31,368 [pool-13-thread-1] INFO server.RaftServerConfigKeys: raft.server.rpc.timeout.max = 5200ms (custom)
om2_1       | 2021-07-12 10:02:01,556 [pool-23-thread-1] INFO server.RaftServerConfigKeys: raft.server.rpc.timeout.min = 5s (custom)
s3g_1       | 2021-07-12 10:06:34,124 [qtp1421866327-18] WARN impl.MetricRegistriesImpl: First MetricRegistry has been created without registering reporters. You may need to call MetricRegistries.global().addReporterRegistration(...) before.
om3_1       | 2021-07-12 10:02:01,297 [pool-23-thread-1] INFO server.RaftServer$Division: om3: new RaftServerImpl for group-D66704EFC61C:[om1|rpc:om1:9872|priority:0, om3|rpc:om3:9872|priority:0, om2|rpc:om2:9872|priority:0] with OzoneManagerStateMachine:uninitialized
recon_1     | 2021-07-12 10:01:11,120 [Listener at 0.0.0.0/9891] INFO impl.OzoneManagerServiceProviderImpl: Registered OmDeltaRequest task 
scm2_1      | 2021-07-12 10:01:20,454 [main] INFO server.RaftServerConfigKeys: raft.server.rpc.request.timeout = 30000ms (custom)
scm1_1      | 2021-07-12 10:00:54,688 [pool-2-thread-1] INFO server.RaftServerConfigKeys: raft.server.log.write.buffer.size = 64KB (=65536) (default)
om1_1       | 2021-07-12 10:02:01,367 [pool-23-thread-1] INFO server.RaftServerConfigKeys: raft.server.log.statemachine.data.sync.timeout.retry = -1 (default)
datanode_1  | 2021-07-12 10:01:52,371 [pool-22-thread-1] INFO server.RaftServerConfigKeys: raft.server.log.statemachine.data.caching.enabled = true (custom)
datanode_3  | java.util.concurrent.ExecutionException: java.util.concurrent.TimeoutException
datanode_2  | 2021-07-12 10:01:27,806 [EndpointStateMachine task thread for scm3/172.20.0.5:9861 - 0 ] INFO ipc.Client: Retrying connect to server: scm3/172.20.0.5:9861. Already tried 4 time(s); retry policy is RetryUpToMaximumCountWithFixedSleep(maxRetries=15, sleepTime=1000 MILLISECONDS)
scm3_1      | 2021-07-12 10:01:31,368 [pool-13-thread-1] INFO server.RaftServerConfigKeys: raft.server.rpc.sleep.time = 25ms (default)
om2_1       | 2021-07-12 10:02:01,557 [pool-23-thread-1] INFO server.RaftServerConfigKeys: raft.server.rpc.timeout.max = 5200ms (custom)
s3g_1       | 2021-07-12 10:06:34,208 [qtp1421866327-20] INFO metrics.RatisMetrics: Creating Metrics Registry : ratis.client_message_metrics.client-65DDFF37FE35->a321ee82-5dd3-4aee-88ed-fc3e5d3965a6
recon_1     | 2021-07-12 10:01:11,146 [Listener at 0.0.0.0/9891] INFO impl.OzoneManagerServiceProviderImpl: Registered OmSnapshotRequest task 
om3_1       | 2021-07-12 10:02:01,327 [pool-23-thread-1] INFO server.RaftServerConfigKeys: raft.server.rpc.timeout.min = 5s (custom)
scm2_1      | 2021-07-12 10:01:20,649 [main] INFO impl.DataStreamServerImpl: raft.datastream.type = DISABLED (default)
scm1_1      | 2021-07-12 10:00:54,689 [pool-2-thread-1] INFO server.RaftServerConfigKeys: raft.server.log.statemachine.data.caching.enabled = false (default)
om1_1       | 2021-07-12 10:02:01,410 [pool-23-thread-1] INFO server.RaftServerConfigKeys: raft.server.log.write.buffer.size = 64KB (=65536) (default)
datanode_1  | 2021-07-12 10:01:52,440 [pool-22-thread-1] INFO segmented.SegmentedRaftLogWorker: 38fd58c7-88a0-40b7-a5a6-f64f3cccc707@group-5B5BFDE1863D-SegmentedRaftLogWorker: flushIndex: setUnconditionally 0 -> -1
datanode_3  | 	at java.base/java.util.concurrent.FutureTask.report(FutureTask.java:122)
datanode_2  | 2021-07-12 10:01:28,807 [EndpointStateMachine task thread for scm3/172.20.0.5:9861 - 0 ] INFO ipc.Client: Retrying connect to server: scm3/172.20.0.5:9861. Already tried 5 time(s); retry policy is RetryUpToMaximumCountWithFixedSleep(maxRetries=15, sleepTime=1000 MILLISECONDS)
scm3_1      | 2021-07-12 10:01:31,368 [pool-13-thread-1] INFO server.RaftServerConfigKeys: raft.server.rpc.slowness.timeout = 120000ms (custom)
om2_1       | 2021-07-12 10:02:01,557 [pool-23-thread-1] INFO server.RaftServerConfigKeys: raft.server.rpc.sleep.time = 25ms (default)
s3g_1       | 2021-07-12 10:06:34,208 [qtp1421866327-20] WARN impl.MetricRegistriesImpl: First MetricRegistry has been created without registering reporters. You may need to call MetricRegistries.global().addReporterRegistration(...) before.
recon_1     | 2021-07-12 10:01:11,146 [Listener at 0.0.0.0/9891] INFO recovery.ReconOmMetadataManagerImpl: Starting ReconOMMetadataManagerImpl
om3_1       | 2021-07-12 10:02:01,336 [pool-23-thread-1] INFO server.RaftServerConfigKeys: raft.server.rpc.timeout.max = 5200ms (custom)
scm2_1      | 2021-07-12 10:01:20,651 [main] INFO server.RaftServerConfigKeys: raft.server.rpc.slowness.timeout = 120000ms (custom)
scm1_1      | 2021-07-12 10:00:54,799 [pool-2-thread-1] INFO segmented.SegmentedRaftLogWorker: 3e085ac1-e0c7-4dee-9947-f3326bf1f26c@group-27831AC45A22-SegmentedRaftLogWorker: flushIndex: setUnconditionally 0 -> -1
om1_1       | 2021-07-12 10:02:01,411 [pool-23-thread-1] INFO server.RaftServerConfigKeys: raft.server.log.statemachine.data.caching.enabled = false (default)
datanode_1  | 2021-07-12 10:01:52,449 [pool-22-thread-1] INFO segmented.SegmentedRaftLogWorker: 38fd58c7-88a0-40b7-a5a6-f64f3cccc707@group-5B5BFDE1863D-SegmentedRaftLogWorker: safeCacheEvictIndex: setUnconditionally 0 -> -1
datanode_3  | 	at java.base/java.util.concurrent.FutureTask.get(FutureTask.java:191)
datanode_2  | 2021-07-12 10:01:29,808 [EndpointStateMachine task thread for scm3/172.20.0.5:9861 - 0 ] INFO ipc.Client: Retrying connect to server: scm3/172.20.0.5:9861. Already tried 6 time(s); retry policy is RetryUpToMaximumCountWithFixedSleep(maxRetries=15, sleepTime=1000 MILLISECONDS)
scm3_1      | 2021-07-12 10:01:31,368 [pool-13-thread-1] INFO server.RaftServerConfigKeys: raft.server.leaderelection.leader.step-down.wait-time = 10s (default)
om2_1       | 2021-07-12 10:02:01,557 [pool-23-thread-1] INFO server.RaftServerConfigKeys: raft.server.rpc.slowness.timeout = 120s (custom)
s3g_1       | 2021-07-12 10:06:37,483 [qtp1421866327-17] INFO metrics.RatisMetrics: Creating Metrics Registry : ratis.client_message_metrics.client-264D55025F6F->a321ee82-5dd3-4aee-88ed-fc3e5d3965a6
recon_1     | 2021-07-12 10:01:11,146 [Listener at 0.0.0.0/9891] WARN recon.ReconUtils: ozone.recon.om.db.dir is not configured. We recommend adding this setting. Falling back to ozone.metadata.dirs instead.
om3_1       | 2021-07-12 10:02:01,336 [pool-23-thread-1] INFO server.RaftServerConfigKeys: raft.server.rpc.sleep.time = 25ms (default)
scm2_1      | 2021-07-12 10:01:20,652 [main] INFO server.RaftServerConfigKeys: raft.server.leaderelection.leader.step-down.wait-time = 10s (default)
scm1_1      | 2021-07-12 10:00:54,819 [pool-2-thread-1] INFO segmented.SegmentedRaftLogWorker: 3e085ac1-e0c7-4dee-9947-f3326bf1f26c@group-27831AC45A22-SegmentedRaftLogWorker: safeCacheEvictIndex: setUnconditionally 0 -> -1
om1_1       | 2021-07-12 10:02:01,416 [Listener at om1/9862] INFO om.OzoneManager: Configured ozone.om.metadata.layout=SIMPLE and disabled optimized OM FS operations
datanode_1  | 2021-07-12 10:01:52,484 [pool-22-thread-1] INFO server.RaftServerConfigKeys: raft.server.snapshot.auto.trigger.enabled = true (custom)
datanode_3  | 	at org.apache.hadoop.ozone.container.common.states.datanode.RunningDatanodeState.computeNextContainerState(RunningDatanodeState.java:191)
datanode_2  | 2021-07-12 10:01:30,809 [EndpointStateMachine task thread for scm3/172.20.0.5:9861 - 0 ] INFO ipc.Client: Retrying connect to server: scm3/172.20.0.5:9861. Already tried 7 time(s); retry policy is RetryUpToMaximumCountWithFixedSleep(maxRetries=15, sleepTime=1000 MILLISECONDS)
scm3_1      | 2021-07-12 10:01:31,369 [pool-13-thread-1] INFO server.RaftServerConfigKeys: raft.server.sleep.deviation.threshold = 300ms (default)
om2_1       | 2021-07-12 10:02:01,557 [pool-23-thread-1] INFO server.RaftServerConfigKeys: raft.server.leaderelection.leader.step-down.wait-time = 10s (default)
s3g_1       | 2021-07-12 10:06:37,483 [qtp1421866327-17] WARN impl.MetricRegistriesImpl: First MetricRegistry has been created without registering reporters. You may need to call MetricRegistries.global().addReporterRegistration(...) before.
recon_1     | 2021-07-12 10:01:11,147 [Listener at 0.0.0.0/9891] INFO tasks.ReconTaskControllerImpl: Starting Recon Task Controller.
om3_1       | 2021-07-12 10:02:01,336 [pool-23-thread-1] INFO server.RaftServerConfigKeys: raft.server.rpc.slowness.timeout = 120s (custom)
scm2_1      | 2021-07-12 10:01:20,662 [main] INFO server.RaftServerConfigKeys: raft.server.storage.dir = [/data/metadata/scm-ha] (custom)
scm1_1      | 2021-07-12 10:00:54,852 [pool-2-thread-1] INFO server.RaftServerConfigKeys: raft.server.snapshot.auto.trigger.enabled = true (custom)
om1_1       | 2021-07-12 10:02:01,430 [pool-23-thread-1] INFO segmented.SegmentedRaftLogWorker: om1@group-D66704EFC61C-SegmentedRaftLogWorker: flushIndex: setUnconditionally 0 -> -1
datanode_1  | 2021-07-12 10:01:52,491 [pool-22-thread-1] INFO server.RaftServerConfigKeys: raft.server.snapshot.auto.trigger.threshold = 10000 (custom)
datanode_3  | 	at org.apache.hadoop.ozone.container.common.states.datanode.RunningDatanodeState.await(RunningDatanodeState.java:231)
datanode_2  | 2021-07-12 10:01:31,810 [EndpointStateMachine task thread for scm3/172.20.0.5:9861 - 0 ] INFO ipc.Client: Retrying connect to server: scm3/172.20.0.5:9861. Already tried 8 time(s); retry policy is RetryUpToMaximumCountWithFixedSleep(maxRetries=15, sleepTime=1000 MILLISECONDS)
scm3_1      | 2021-07-12 10:01:31,369 [pool-13-thread-1] INFO server.RaftServerConfigKeys: raft.server.log.appender.install.snapshot.enabled = false (custom)
om2_1       | 2021-07-12 10:02:01,558 [pool-23-thread-1] INFO server.RaftServerConfigKeys: raft.server.sleep.deviation.threshold = 300ms (default)
s3g_1       | 2021-07-12 10:06:37,572 [qtp1421866327-18] INFO metrics.RatisMetrics: Creating Metrics Registry : ratis.client_message_metrics.client-086AF7C9C149->a321ee82-5dd3-4aee-88ed-fc3e5d3965a6
recon_1     | 2021-07-12 10:01:11,162 [Listener at 0.0.0.0/9891] INFO scm.ReconStorageContainerManagerFacade: Recon ScmDatanodeProtocol RPC server is listening at /0.0.0.0:9891
om3_1       | 2021-07-12 10:02:01,336 [pool-23-thread-1] INFO server.RaftServerConfigKeys: raft.server.leaderelection.leader.step-down.wait-time = 10s (default)
scm2_1      | 2021-07-12 10:01:20,670 [main] INFO server.RaftServer: 752a2e06-51b1-47d2-a89c-d2dc50cbe652: addNew group-27831AC45A22:[] returns group-27831AC45A22:java.util.concurrent.CompletableFuture@75fc1992[Not completed]
scm1_1      | 2021-07-12 10:00:54,895 [pool-2-thread-1] INFO server.RaftServerConfigKeys: raft.server.snapshot.auto.trigger.threshold = 1000 (custom)
om1_1       | 2021-07-12 10:02:01,430 [pool-23-thread-1] INFO segmented.SegmentedRaftLogWorker: om1@group-D66704EFC61C-SegmentedRaftLogWorker: safeCacheEvictIndex: setUnconditionally 0 -> -1
datanode_1  | 2021-07-12 10:01:52,513 [pool-22-thread-1] INFO server.RaftServerConfigKeys: raft.server.snapshot.retention.file.num = 5 (custom)
datanode_3  | 	at org.apache.hadoop.ozone.container.common.states.datanode.RunningDatanodeState.await(RunningDatanodeState.java:50)
datanode_2  | 2021-07-12 10:01:32,811 [EndpointStateMachine task thread for scm3/172.20.0.5:9861 - 0 ] INFO ipc.Client: Retrying connect to server: scm3/172.20.0.5:9861. Already tried 9 time(s); retry policy is RetryUpToMaximumCountWithFixedSleep(maxRetries=15, sleepTime=1000 MILLISECONDS)
scm3_1      | 2021-07-12 10:01:31,373 [pool-13-thread-1] INFO server.RaftServer$Division: 3048882e-a8d1-4567-bc5f-be86876bf704@group-27831AC45A22: ConfigurationManager, init=-1: [], old=null, confs=<EMPTY_MAP>
om2_1       | 2021-07-12 10:02:01,558 [pool-23-thread-1] INFO server.RaftServerConfigKeys: raft.server.log.appender.install.snapshot.enabled = false (custom)
s3g_1       | 2021-07-12 10:06:37,572 [qtp1421866327-18] WARN impl.MetricRegistriesImpl: First MetricRegistry has been created without registering reporters. You may need to call MetricRegistries.global().addReporterRegistration(...) before.
recon_1     | 2021-07-12 10:01:13,263 [Listener at 0.0.0.0/9891] INFO retry.RetryInvocationHandler: com.google.protobuf.ServiceException: java.net.ConnectException: Call From 41bf1f788abb/172.20.0.8 to scm2:9860 failed on connection exception: java.net.ConnectException: Connection refused; For more details see:  http://wiki.apache.org/hadoop/ConnectionRefused, while invoking $Proxy40.submitRequest over nodeId=scm2,nodeAddress=scm2/172.20.0.12:9860 after 1 failover attempts. Trying to failover after sleeping for 2000ms.
om3_1       | 2021-07-12 10:02:01,336 [pool-23-thread-1] INFO server.RaftServerConfigKeys: raft.server.sleep.deviation.threshold = 300ms (default)
scm2_1      | 2021-07-12 10:01:20,685 [pool-13-thread-1] INFO server.RaftServer$Division: 752a2e06-51b1-47d2-a89c-d2dc50cbe652: new RaftServerImpl for group-27831AC45A22:[] with SCMStateMachine:uninitialized
scm1_1      | 2021-07-12 10:00:54,899 [pool-2-thread-1] INFO server.RaftServerConfigKeys: raft.server.snapshot.retention.file.num = -1 (default)
om1_1       | 2021-07-12 10:02:01,443 [pool-23-thread-1] INFO server.RaftServerConfigKeys: raft.server.snapshot.auto.trigger.enabled = true (custom)
datanode_1  | 2021-07-12 10:01:52,514 [pool-22-thread-1] INFO server.RaftServerConfigKeys: raft.server.log.purge.upto.snapshot.index = false (default)
datanode_3  | 	at org.apache.hadoop.ozone.container.common.statemachine.StateContext.execute(StateContext.java:629)
datanode_2  | 2021-07-12 10:01:35,989 [EndpointStateMachine task thread for scm3/172.20.0.5:9861 - 0 ] INFO ozoneimpl.OzoneContainer: Ignore. OzoneContainer already started.
scm3_1      | 2021-07-12 10:01:31,373 [pool-13-thread-1] INFO server.RaftServerConfigKeys: raft.server.storage.dir = [/data/metadata/scm-ha] (custom)
om2_1       | 2021-07-12 10:02:01,549 [main] INFO ipc.CallQueueManager: Using callQueue: class java.util.concurrent.LinkedBlockingQueue, queueCapacity: 10000, scheduler: class org.apache.hadoop.ipc.DefaultRpcScheduler, ipcBackoff: false.
s3g_1       | 2021-07-12 10:06:38,094 [qtp1421866327-17] INFO rpc.RpcClient: Creating Bucket: s3v/bucket-ypxozsjmfw, with Versioning false and Storage Type set to DISK and Encryption set to false 
recon_1     | 2021-07-12 10:01:15,265 [Listener at 0.0.0.0/9891] INFO retry.RetryInvocationHandler: com.google.protobuf.ServiceException: java.net.ConnectException: Call From 41bf1f788abb/172.20.0.8 to scm3:9860 failed on connection exception: java.net.ConnectException: Connection refused; For more details see:  http://wiki.apache.org/hadoop/ConnectionRefused, while invoking $Proxy40.submitRequest over nodeId=scm3,nodeAddress=scm3/172.20.0.5:9860 after 2 failover attempts. Trying to failover after sleeping for 2000ms.
om3_1       | 2021-07-12 10:02:01,337 [pool-23-thread-1] INFO server.RaftServerConfigKeys: raft.server.log.appender.install.snapshot.enabled = false (custom)
scm2_1      | 2021-07-12 10:01:20,687 [pool-13-thread-1] INFO server.RaftServerConfigKeys: raft.server.rpc.timeout.min = 5000ms (custom)
scm1_1      | 2021-07-12 10:00:54,911 [pool-2-thread-1] INFO server.RaftServerConfigKeys: raft.server.log.purge.upto.snapshot.index = false (default)
om1_1       | 2021-07-12 10:02:01,445 [pool-23-thread-1] INFO server.RaftServerConfigKeys: raft.server.snapshot.auto.trigger.threshold = 400000 (default)
datanode_1  | 2021-07-12 10:01:52,516 [pool-22-thread-1] INFO server.RaftServerConfigKeys: raft.server.retrycache.expirytime = 600000ms (custom)
datanode_3  | 	at org.apache.hadoop.ozone.container.common.statemachine.DatanodeStateMachine.start(DatanodeStateMachine.java:269)
scm3_1      | 2021-07-12 10:01:31,377 [pool-13-thread-1] INFO server.RaftServerConfigKeys: raft.server.log.corruption.policy = EXCEPTION (default)
datanode_2  | 2021-07-12 10:01:52,576 [Command processor thread] INFO server.RaftServer: ef0288aa-f6c6-4568-acb7-86c18c4d8c18: addNew group-B97826DC7CF0:[ef0288aa-f6c6-4568-acb7-86c18c4d8c18|rpc:172.20.0.11:9856|admin:172.20.0.11:9857|client:172.20.0.11:9858|priority:1] returns group-B97826DC7CF0:java.util.concurrent.CompletableFuture@194b67ea[Not completed]
om2_1       | 2021-07-12 10:02:01,572 [pool-23-thread-1] INFO server.RaftServer$Division: om2@group-D66704EFC61C: ConfigurationManager, init=-1: [om1|rpc:om1:9872|priority:0, om3|rpc:om3:9872|priority:0, om2|rpc:om2:9872|priority:0], old=null, confs=<EMPTY_MAP>
s3g_1       | 2021-07-12 10:06:38,114 [qtp1421866327-17] INFO endpoint.BucketEndpoint: Location is /bucket-ypxozsjmfw
recon_1     | 2021-07-12 10:01:17,564 [Listener at 0.0.0.0/9891] INFO scm.ReconStorageContainerManagerFacade: Obtained 0 pipelines from SCM.
om3_1       | 2021-07-12 10:02:01,343 [pool-23-thread-1] INFO server.RaftServer$Division: om3@group-D66704EFC61C: ConfigurationManager, init=-1: [om1|rpc:om1:9872|priority:0, om3|rpc:om3:9872|priority:0, om2|rpc:om2:9872|priority:0], old=null, confs=<EMPTY_MAP>
scm2_1      | 2021-07-12 10:01:20,687 [pool-13-thread-1] INFO server.RaftServerConfigKeys: raft.server.rpc.timeout.max = 5200ms (custom)
scm1_1      | 2021-07-12 10:00:54,930 [pool-2-thread-1] INFO server.RaftServerConfigKeys: raft.server.retrycache.expirytime = 60000ms (default)
om1_1       | 2021-07-12 10:02:01,449 [pool-23-thread-1] INFO server.RaftServerConfigKeys: raft.server.snapshot.retention.file.num = -1 (default)
datanode_1  | 2021-07-12 10:01:52,529 [pool-22-thread-1] INFO server.RaftServerConfigKeys: raft.server.retrycache.statistics.expirytime = 100?s (default)
datanode_3  | 	at org.apache.hadoop.ozone.container.common.statemachine.DatanodeStateMachine.lambda$startDaemon$0(DatanodeStateMachine.java:454)
scm3_1      | 2021-07-12 10:01:31,377 [pool-13-thread-1] INFO storage.RaftStorageDirectory: The storage directory /data/metadata/scm-ha/f87f8b07-70e5-4afc-a78e-27831ac45a22 does not exist. Creating ...
datanode_2  | 2021-07-12 10:01:52,631 [pool-22-thread-1] INFO server.RaftServer$Division: ef0288aa-f6c6-4568-acb7-86c18c4d8c18: new RaftServerImpl for group-B97826DC7CF0:[ef0288aa-f6c6-4568-acb7-86c18c4d8c18|rpc:172.20.0.11:9856|admin:172.20.0.11:9857|client:172.20.0.11:9858|priority:1] with ContainerStateMachine:uninitialized
om2_1       | 2021-07-12 10:02:01,575 [pool-23-thread-1] INFO server.RaftServerConfigKeys: raft.server.storage.dir = [/data/metadata/ratis] (custom)
s3g_1       | 2021-07-12 10:06:38,283 [qtp1421866327-19] INFO metrics.RatisMetrics: Creating Metrics Registry : ratis.client_message_metrics.client-5ACF5E2C77E0->a321ee82-5dd3-4aee-88ed-fc3e5d3965a6
recon_1     | 2021-07-12 10:01:17,568 [Listener at 0.0.0.0/9891] INFO scm.ReconPipelineManager: Recon has 0 pipelines in house.
om3_1       | 2021-07-12 10:02:01,344 [pool-23-thread-1] INFO server.RaftServerConfigKeys: raft.server.storage.dir = [/data/metadata/ratis] (custom)
scm2_1      | 2021-07-12 10:01:20,688 [pool-13-thread-1] INFO server.RaftServerConfigKeys: raft.server.rpc.sleep.time = 25ms (default)
scm1_1      | 2021-07-12 10:00:54,935 [pool-2-thread-1] INFO server.RaftServerConfigKeys: raft.server.retrycache.statistics.expirytime = 100?s (default)
om1_1       | 2021-07-12 10:02:01,451 [pool-23-thread-1] INFO server.RaftServerConfigKeys: raft.server.log.purge.upto.snapshot.index = true (custom)
datanode_1  | 2021-07-12 10:01:52,668 [pool-22-thread-1] INFO metrics.RatisMetrics: Creating Metrics Registry : ratis.leader_election.38fd58c7-88a0-40b7-a5a6-f64f3cccc707@group-5B5BFDE1863D
datanode_3  | 	at java.base/java.lang.Thread.run(Thread.java:834)
scm3_1      | 2021-07-12 10:01:31,385 [pool-13-thread-1] INFO storage.RaftStorageDirectory: Lock on /data/metadata/scm-ha/f87f8b07-70e5-4afc-a78e-27831ac45a22/in_use.lock acquired by nodename 7@10860fb53693
datanode_2  | 2021-07-12 10:01:52,636 [pool-22-thread-1] INFO server.RaftServerConfigKeys: raft.server.rpc.timeout.min = 5s (custom)
om2_1       | 2021-07-12 10:02:01,592 [pool-23-thread-1] INFO server.RaftServerConfigKeys: raft.server.log.corruption.policy = EXCEPTION (default)
s3g_1       | 2021-07-12 10:06:38,284 [qtp1421866327-19] WARN impl.MetricRegistriesImpl: First MetricRegistry has been created without registering reporters. You may need to call MetricRegistries.global().addReporterRegistration(...) before.
recon_1     | 2021-07-12 10:01:17,569 [Listener at 0.0.0.0/9891] INFO server.SCMDatanodeProtocolServer: RPC server for DataNodes is listening at /0.0.0.0:9891
om3_1       | 2021-07-12 10:02:01,346 [main] INFO ipc.CallQueueManager: Using callQueue: class java.util.concurrent.LinkedBlockingQueue, queueCapacity: 10000, scheduler: class org.apache.hadoop.ipc.DefaultRpcScheduler, ipcBackoff: false.
scm2_1      | 2021-07-12 10:01:20,688 [pool-13-thread-1] INFO server.RaftServerConfigKeys: raft.server.rpc.slowness.timeout = 120000ms (custom)
scm1_1      | 2021-07-12 10:00:55,129 [pool-2-thread-1] INFO metrics.RatisMetrics: Creating Metrics Registry : ratis.leader_election.3e085ac1-e0c7-4dee-9947-f3326bf1f26c@group-27831AC45A22
om1_1       | 2021-07-12 10:02:01,452 [pool-23-thread-1] INFO server.RaftServerConfigKeys: raft.server.retrycache.expirytime = 300s (custom)
datanode_1  | 2021-07-12 10:01:52,712 [pool-22-thread-1] INFO metrics.RatisMetrics: Creating Metrics Registry : ratis.server.38fd58c7-88a0-40b7-a5a6-f64f3cccc707@group-5B5BFDE1863D
datanode_3  | Caused by: java.util.concurrent.TimeoutException
scm3_1      | 2021-07-12 10:01:31,402 [pool-13-thread-1] INFO storage.RaftStorage: Storage directory /data/metadata/scm-ha/f87f8b07-70e5-4afc-a78e-27831ac45a22 has been successfully formatted.
datanode_2  | 2021-07-12 10:01:52,643 [pool-22-thread-1] INFO server.RaftServerConfigKeys: raft.server.rpc.timeout.max = 5200ms (custom)
om2_1       | 2021-07-12 10:02:01,594 [pool-23-thread-1] INFO storage.RaftStorageDirectory: The storage directory /data/metadata/ratis/5cb24680-b9e7-3c90-a862-d66704efc61c does not exist. Creating ...
s3g_1       | 2021-07-12 10:06:38,979 [qtp1421866327-19] INFO metrics.RatisMetrics: Creating Metrics Registry : ratis.client_message_metrics.client-A81CE7B4EE72->a321ee82-5dd3-4aee-88ed-fc3e5d3965a6
recon_1     | 2021-07-12 10:01:17,570 [IPC Server Responder] INFO ipc.Server: IPC Server Responder: starting
om3_1       | 2021-07-12 10:02:01,358 [pool-23-thread-1] INFO server.RaftServerConfigKeys: raft.server.log.corruption.policy = EXCEPTION (default)
scm2_1      | 2021-07-12 10:01:20,688 [pool-13-thread-1] INFO server.RaftServerConfigKeys: raft.server.leaderelection.leader.step-down.wait-time = 10s (default)
scm1_1      | 2021-07-12 10:00:55,148 [pool-2-thread-1] WARN impl.MetricRegistriesImpl: First MetricRegistry has been created without registering reporters. You may need to call MetricRegistries.global().addReporterRegistration(...) before.
om1_1       | 2021-07-12 10:02:01,456 [pool-23-thread-1] INFO server.RaftServerConfigKeys: raft.server.retrycache.statistics.expirytime = 100?s (default)
datanode_1  | 2021-07-12 10:01:52,765 [pool-22-thread-1] INFO server.RaftServer$Division: 38fd58c7-88a0-40b7-a5a6-f64f3cccc707@group-5B5BFDE1863D: start as a follower, conf=-1: [38fd58c7-88a0-40b7-a5a6-f64f3cccc707|rpc:172.20.0.7:9856|admin:172.20.0.7:9857|client:172.20.0.7:9858|priority:1], old=null
datanode_3  | 	at java.base/java.util.concurrent.FutureTask.get(FutureTask.java:204)
scm3_1      | 2021-07-12 10:01:31,405 [pool-13-thread-1] INFO server.RaftServerConfigKeys: raft.server.notification.no-leader.timeout = 60s (default)
datanode_2  | 2021-07-12 10:01:52,644 [pool-22-thread-1] INFO server.RaftServerConfigKeys: raft.server.rpc.sleep.time = 25ms (default)
om2_1       | 2021-07-12 10:02:01,621 [Socket Reader #1 for port 9862] INFO ipc.Server: Starting Socket Reader #1 for port 9862
s3g_1       | 2021-07-12 10:06:38,979 [qtp1421866327-19] WARN impl.MetricRegistriesImpl: First MetricRegistry has been created without registering reporters. You may need to call MetricRegistries.global().addReporterRegistration(...) before.
recon_1     | 2021-07-12 10:01:17,597 [IPC Server listener on 9891] INFO ipc.Server: IPC Server listener on 9891: starting
om3_1       | 2021-07-12 10:02:01,370 [pool-23-thread-1] INFO storage.RaftStorageDirectory: The storage directory /data/metadata/ratis/5cb24680-b9e7-3c90-a862-d66704efc61c does not exist. Creating ...
om3_1       | 2021-07-12 10:02:01,395 [Socket Reader #1 for port 9862] INFO ipc.Server: Starting Socket Reader #1 for port 9862
scm1_1      | 2021-07-12 10:00:55,154 [pool-2-thread-1] INFO metrics.RatisMetrics: Creating Metrics Registry : ratis.server.3e085ac1-e0c7-4dee-9947-f3326bf1f26c@group-27831AC45A22
om1_1       | 2021-07-12 10:02:01,568 [pool-23-thread-1] INFO metrics.RatisMetrics: Creating Metrics Registry : ratis.leader_election.om1@group-D66704EFC61C
datanode_1  | 2021-07-12 10:01:52,801 [pool-22-thread-1] INFO server.RaftServer$Division: 38fd58c7-88a0-40b7-a5a6-f64f3cccc707@group-5B5BFDE1863D: changes role from      null to FOLLOWER at term 0 for startAsFollower
datanode_3  | 	at org.apache.hadoop.ozone.container.common.states.datanode.RunningDatanodeState.lambda$execute$0(RunningDatanodeState.java:149)
scm3_1      | 2021-07-12 10:01:31,407 [pool-13-thread-1] INFO server.RaftServerConfigKeys: raft.server.log.use.memory = false (default)
datanode_2  | 2021-07-12 10:01:52,644 [pool-22-thread-1] INFO server.RaftServerConfigKeys: raft.server.rpc.slowness.timeout = 300s (custom)
om2_1       | 2021-07-12 10:02:01,642 [pool-23-thread-1] INFO storage.RaftStorageDirectory: Lock on /data/metadata/ratis/5cb24680-b9e7-3c90-a862-d66704efc61c/in_use.lock acquired by nodename 8@om2
s3g_1       | 2021-07-12 10:06:39,660 [qtp1421866327-19] INFO metrics.RatisMetrics: Creating Metrics Registry : ratis.client_message_metrics.client-D0C55DA8FE3D->a321ee82-5dd3-4aee-88ed-fc3e5d3965a6
om3_1       | 2021-07-12 10:02:01,399 [pool-23-thread-1] INFO storage.RaftStorageDirectory: Lock on /data/metadata/ratis/5cb24680-b9e7-3c90-a862-d66704efc61c/in_use.lock acquired by nodename 7@om3
scm2_1      | 2021-07-12 10:01:20,688 [pool-13-thread-1] INFO server.RaftServerConfigKeys: raft.server.sleep.deviation.threshold = 300ms (default)
recon_1     | 2021-07-12 10:01:18,024 [Listener at 0.0.0.0/9891] INFO scm.ReconScmTask: Registered PipelineSyncTask task 
scm1_1      | 2021-07-12 10:00:55,175 [pool-2-thread-1] WARN impl.MetricRegistriesImpl: First MetricRegistry has been created without registering reporters. You may need to call MetricRegistries.global().addReporterRegistration(...) before.
om1_1       | 2021-07-12 10:02:01,574 [pool-23-thread-1] INFO metrics.RatisMetrics: Creating Metrics Registry : ratis.server.om1@group-D66704EFC61C
datanode_1  | 2021-07-12 10:01:52,802 [pool-22-thread-1] INFO impl.RoleInfo: 38fd58c7-88a0-40b7-a5a6-f64f3cccc707: start 38fd58c7-88a0-40b7-a5a6-f64f3cccc707@group-5B5BFDE1863D-FollowerState
datanode_3  | 	at java.base/java.util.concurrent.FutureTask.run(FutureTask.java:264)
scm3_1      | 2021-07-12 10:01:31,414 [pool-13-thread-1] INFO server.RaftServerConfigKeys: raft.server.log.purge.gap = 1000000 (custom)
datanode_2  | 2021-07-12 10:01:52,645 [pool-22-thread-1] INFO server.RaftServerConfigKeys: raft.server.leaderelection.leader.step-down.wait-time = 10s (default)
om2_1       | 2021-07-12 10:02:01,682 [pool-23-thread-1] INFO storage.RaftStorage: Storage directory /data/metadata/ratis/5cb24680-b9e7-3c90-a862-d66704efc61c has been successfully formatted.
s3g_1       | 2021-07-12 10:06:39,661 [qtp1421866327-19] WARN impl.MetricRegistriesImpl: First MetricRegistry has been created without registering reporters. You may need to call MetricRegistries.global().addReporterRegistration(...) before.
om3_1       | 2021-07-12 10:02:01,487 [pool-23-thread-1] INFO storage.RaftStorage: Storage directory /data/metadata/ratis/5cb24680-b9e7-3c90-a862-d66704efc61c has been successfully formatted.
scm2_1      | 2021-07-12 10:01:20,689 [pool-13-thread-1] INFO server.RaftServerConfigKeys: raft.server.log.appender.install.snapshot.enabled = false (custom)
recon_1     | 2021-07-12 10:01:18,024 [Listener at 0.0.0.0/9891] INFO scm.ReconScmTask: Starting PipelineSyncTask Thread.
scm1_1      | 2021-07-12 10:00:55,231 [main] INFO server.RaftServer$Division: 3e085ac1-e0c7-4dee-9947-f3326bf1f26c@group-27831AC45A22: start as a follower, conf=-1: [3e085ac1-e0c7-4dee-9947-f3326bf1f26c|rpc:scm1:9894|priority:0], old=null
om1_1       | 2021-07-12 10:02:01,693 [Listener at om1/9862] INFO impl.MetricsConfig: Loaded properties from hadoop-metrics2.properties
datanode_1  | 2021-07-12 10:01:52,829 [pool-22-thread-1] INFO util.JmxRegister: Successfully registered JMX Bean with object name Ratis:service=RaftServer,group=group-5B5BFDE1863D,id=38fd58c7-88a0-40b7-a5a6-f64f3cccc707
datanode_3  | 	at java.base/java.util.concurrent.Executors$RunnableAdapter.call(Executors.java:515)
datanode_3  | 	at java.base/java.util.concurrent.FutureTask.run(FutureTask.java:264)
datanode_2  | 2021-07-12 10:01:52,645 [pool-22-thread-1] INFO server.RaftServerConfigKeys: raft.server.sleep.deviation.threshold = 300ms (default)
om2_1       | 2021-07-12 10:02:01,703 [pool-23-thread-1] INFO server.RaftServerConfigKeys: raft.server.notification.no-leader.timeout = 120s (custom)
s3g_1       | 2021-07-12 10:06:42,630 [qtp1421866327-21] INFO rpc.RpcClient: Creating Bucket: s3v/bucket-42912, with Versioning false and Storage Type set to DISK and Encryption set to false 
om3_1       | 2021-07-12 10:02:01,493 [pool-23-thread-1] INFO server.RaftServerConfigKeys: raft.server.notification.no-leader.timeout = 120s (custom)
scm2_1      | 2021-07-12 10:01:20,692 [pool-13-thread-1] INFO server.RaftServer$Division: 752a2e06-51b1-47d2-a89c-d2dc50cbe652@group-27831AC45A22: ConfigurationManager, init=-1: [], old=null, confs=<EMPTY_MAP>
recon_1     | 2021-07-12 10:01:18,028 [Listener at 0.0.0.0/9891] INFO scm.ReconScmTask: Registered ContainerHealthTask task 
scm1_1      | 2021-07-12 10:00:55,290 [main] INFO server.RaftServer$Division: 3e085ac1-e0c7-4dee-9947-f3326bf1f26c@group-27831AC45A22: changes role from      null to FOLLOWER at term 0 for startAsFollower
om1_1       | 2021-07-12 10:02:01,724 [Listener at om1/9862] INFO impl.MetricsSystemImpl: Scheduled Metric snapshot period at 10 second(s).
datanode_3  | 	at java.base/java.util.concurrent.ThreadPoolExecutor.runWorker(ThreadPoolExecutor.java:1128)
scm3_1      | 2021-07-12 10:01:31,414 [pool-13-thread-1] INFO server.RaftServerConfigKeys: raft.server.log.appender.buffer.byte-limit = 33554432 (custom)
datanode_1  | 2021-07-12 10:01:52,831 [pool-22-thread-1] INFO metrics.RatisMetrics: Creating Metrics Registry : ratis.state_machine.38fd58c7-88a0-40b7-a5a6-f64f3cccc707@group-5B5BFDE1863D
datanode_2  | 2021-07-12 10:01:52,646 [pool-22-thread-1] INFO server.RaftServerConfigKeys: raft.server.log.appender.install.snapshot.enabled = false (custom)
om2_1       | 2021-07-12 10:02:01,711 [pool-23-thread-1] INFO server.RaftServerConfigKeys: raft.server.log.use.memory = false (default)
s3g_1       | 2021-07-12 10:06:42,650 [qtp1421866327-21] INFO endpoint.BucketEndpoint: Location is /bucket-42912
om3_1       | 2021-07-12 10:02:01,505 [pool-23-thread-1] INFO server.RaftServerConfigKeys: raft.server.log.use.memory = false (default)
scm2_1      | 2021-07-12 10:01:20,697 [pool-13-thread-1] INFO server.RaftServerConfigKeys: raft.server.storage.dir = [/data/metadata/scm-ha] (custom)
recon_1     | 2021-07-12 10:01:18,028 [Listener at 0.0.0.0/9891] INFO scm.ReconScmTask: Starting ContainerHealthTask Thread.
scm1_1      | 2021-07-12 10:00:55,303 [main] INFO impl.RoleInfo: 3e085ac1-e0c7-4dee-9947-f3326bf1f26c: start 3e085ac1-e0c7-4dee-9947-f3326bf1f26c@group-27831AC45A22-FollowerState
om1_1       | 2021-07-12 10:02:01,724 [Listener at om1/9862] INFO impl.MetricsSystemImpl: OzoneManager metrics system started
datanode_3  | 	at java.base/java.util.concurrent.ThreadPoolExecutor$Worker.run(ThreadPoolExecutor.java:628)
scm3_1      | 2021-07-12 10:01:31,421 [pool-13-thread-1] INFO metrics.MetricRegistries: Loaded MetricRegistries class org.apache.ratis.metrics.impl.MetricRegistriesImpl
datanode_1  | 2021-07-12 10:01:52,941 [Command processor thread] INFO ratis.XceiverServerRatis: Created group PipelineID=f54e55a3-5403-46e6-821f-5b5bfde1863d
datanode_2  | 2021-07-12 10:01:52,658 [pool-22-thread-1] INFO server.RaftServer$Division: ef0288aa-f6c6-4568-acb7-86c18c4d8c18@group-B97826DC7CF0: ConfigurationManager, init=-1: [ef0288aa-f6c6-4568-acb7-86c18c4d8c18|rpc:172.20.0.11:9856|admin:172.20.0.11:9857|client:172.20.0.11:9858|priority:1], old=null, confs=<EMPTY_MAP>
om2_1       | 2021-07-12 10:02:01,849 [pool-23-thread-1] INFO server.RaftServerConfigKeys: raft.server.log.purge.gap = 1000000 (custom)
s3g_1       | 2021-07-12 10:06:43,134 [qtp1421866327-17] INFO rpc.RpcClient: Creating Bucket: s3v/bucket-15524, with Versioning false and Storage Type set to DISK and Encryption set to false 
om3_1       | 2021-07-12 10:02:01,541 [pool-23-thread-1] INFO server.RaftServerConfigKeys: raft.server.log.purge.gap = 1000000 (custom)
scm2_1      | 2021-07-12 10:01:20,705 [pool-13-thread-1] INFO server.RaftServerConfigKeys: raft.server.log.corruption.policy = EXCEPTION (default)
recon_1     | 2021-07-12 10:01:18,073 [PipelineSyncTask] INFO scm.ReconPipelineManager: Recon has 0 pipelines in house.
scm1_1      | 2021-07-12 10:00:56,508 [main] INFO util.JmxRegister: Successfully registered JMX Bean with object name Ratis:service=RaftServer,group=group-27831AC45A22,id=3e085ac1-e0c7-4dee-9947-f3326bf1f26c
om1_1       | 2021-07-12 10:02:01,899 [Listener at om1/9862] INFO om.OzoneManager: OzoneManager RPC server is listening at om1/172.20.0.6:9862
datanode_3  | 	... 1 more
scm3_1      | 2021-07-12 10:01:31,422 [pool-13-thread-1] INFO metrics.RatisMetrics: Creating Metrics Registry : ratis.log_worker.3048882e-a8d1-4567-bc5f-be86876bf704@group-27831AC45A22
datanode_1  | 2021-07-12 10:01:52,975 [Command processor thread] INFO commandhandler.CreatePipelineCommandHandler: Created Pipeline RATIS ONE PipelineID=f54e55a3-5403-46e6-821f-5b5bfde1863d.
datanode_2  | 2021-07-12 10:01:52,672 [pool-22-thread-1] INFO server.RaftServerConfigKeys: raft.server.storage.dir = [/data/metadata/ratis] (custom)
om2_1       | 2021-07-12 10:02:01,851 [pool-23-thread-1] INFO server.RaftServerConfigKeys: raft.server.log.appender.buffer.byte-limit = 33554432 (custom)
s3g_1       | 2021-07-12 10:06:43,156 [qtp1421866327-17] INFO endpoint.BucketEndpoint: Location is /bucket-15524
om3_1       | 2021-07-12 10:02:01,542 [pool-23-thread-1] INFO server.RaftServerConfigKeys: raft.server.log.appender.buffer.byte-limit = 33554432 (custom)
scm2_1      | 2021-07-12 10:01:20,706 [pool-13-thread-1] INFO storage.RaftStorageDirectory: The storage directory /data/metadata/scm-ha/f87f8b07-70e5-4afc-a78e-27831ac45a22 does not exist. Creating ...
recon_1     | 2021-07-12 10:01:18,086 [PipelineSyncTask] INFO scm.PipelineSyncTask: Pipeline sync Thread took 59 milliseconds.
scm1_1      | 2021-07-12 10:00:56,526 [main] INFO metrics.RatisMetrics: Creating Metrics Registry : ratis.state_machine.3e085ac1-e0c7-4dee-9947-f3326bf1f26c@group-27831AC45A22
om1_1       | 2021-07-12 10:02:01,900 [Listener at om1/9862] INFO ratis.OzoneManagerRatisServer: Starting OzoneManagerRatisServer om1 at port 9872
datanode_3  | 2021-07-12 10:01:05,552 [EndpointStateMachine task thread for scm3/172.20.0.5:9861 - 0 ] INFO ipc.Client: Retrying connect to server: scm3/172.20.0.5:9861. Already tried 1 time(s); retry policy is RetryUpToMaximumCountWithFixedSleep(maxRetries=15, sleepTime=1000 MILLISECONDS)
scm3_1      | 2021-07-12 10:01:31,423 [pool-13-thread-1] WARN impl.MetricRegistriesImpl: First MetricRegistry has been created without registering reporters. You may need to call MetricRegistries.global().addReporterRegistration(...) before.
datanode_1  | 2021-07-12 10:01:52,976 [Command processor thread] INFO server.RaftServer: 38fd58c7-88a0-40b7-a5a6-f64f3cccc707: addNew group-2615C56BE7F0:[a321ee82-5dd3-4aee-88ed-fc3e5d3965a6|rpc:172.20.0.2:9856|admin:172.20.0.2:9857|client:172.20.0.2:9858|priority:1, 38fd58c7-88a0-40b7-a5a6-f64f3cccc707|rpc:172.20.0.7:9856|admin:172.20.0.7:9857|client:172.20.0.7:9858|priority:0, ef0288aa-f6c6-4568-acb7-86c18c4d8c18|rpc:172.20.0.11:9856|admin:172.20.0.11:9857|client:172.20.0.11:9858|priority:0] returns group-2615C56BE7F0:java.util.concurrent.CompletableFuture@2f4a33ad[Not completed]
datanode_2  | 2021-07-12 10:01:52,692 [pool-22-thread-1] INFO server.RaftServerConfigKeys: raft.server.log.corruption.policy = EXCEPTION (default)
om2_1       | 2021-07-12 10:02:01,881 [pool-23-thread-1] INFO metrics.RatisMetrics: Creating Metrics Registry : ratis.log_worker.om2@group-D66704EFC61C
s3g_1       | 2021-07-12 10:06:43,611 [qtp1421866327-21] INFO rpc.RpcClient: Creating Bucket: s3v/bucket-42912, with Versioning false and Storage Type set to DISK and Encryption set to false 
om3_1       | 2021-07-12 10:02:01,655 [pool-23-thread-1] INFO metrics.RatisMetrics: Creating Metrics Registry : ratis.log_worker.om3@group-D66704EFC61C
scm2_1      | 2021-07-12 10:01:20,715 [pool-13-thread-1] INFO storage.RaftStorageDirectory: Lock on /data/metadata/scm-ha/f87f8b07-70e5-4afc-a78e-27831ac45a22/in_use.lock acquired by nodename 7@f19184000377
recon_1     | 2021-07-12 10:01:18,189 [ContainerHealthTask] INFO fsck.ContainerHealthTask: Container Health task thread took 114 milliseconds to process 0 existing database records.
scm1_1      | 2021-07-12 10:00:56,535 [main] WARN impl.MetricRegistriesImpl: First MetricRegistry has been created without registering reporters. You may need to call MetricRegistries.global().addReporterRegistration(...) before.
om1_1       | 2021-07-12 10:02:01,901 [Listener at om1/9862] INFO server.RaftServer$Division: om1@group-D66704EFC61C: start as a follower, conf=-1: [om1|rpc:om1:9872|priority:0, om3|rpc:om3:9872|priority:0, om2|rpc:om2:9872|priority:0], old=null
datanode_3  | 2021-07-12 10:01:05,552 [EndpointStateMachine task thread for scm2/172.20.0.12:9861 - 0 ] INFO ipc.Client: Retrying connect to server: scm2/172.20.0.12:9861. Already tried 1 time(s); retry policy is RetryUpToMaximumCountWithFixedSleep(maxRetries=15, sleepTime=1000 MILLISECONDS)
scm3_1      | 2021-07-12 10:01:31,425 [pool-13-thread-1] INFO server.RaftServerConfigKeys: raft.server.log.segment.size.max = 16384 (custom)
datanode_1  | 2021-07-12 10:01:52,997 [pool-22-thread-1] INFO server.RaftServer$Division: 38fd58c7-88a0-40b7-a5a6-f64f3cccc707: new RaftServerImpl for group-2615C56BE7F0:[a321ee82-5dd3-4aee-88ed-fc3e5d3965a6|rpc:172.20.0.2:9856|admin:172.20.0.2:9857|client:172.20.0.2:9858|priority:1, 38fd58c7-88a0-40b7-a5a6-f64f3cccc707|rpc:172.20.0.7:9856|admin:172.20.0.7:9857|client:172.20.0.7:9858|priority:0, ef0288aa-f6c6-4568-acb7-86c18c4d8c18|rpc:172.20.0.11:9856|admin:172.20.0.11:9857|client:172.20.0.11:9858|priority:0] with ContainerStateMachine:uninitialized
datanode_2  | 2021-07-12 10:01:52,702 [pool-22-thread-1] INFO storage.RaftStorageDirectory: The storage directory /data/metadata/ratis/a8f33998-396f-46c9-a455-b97826dc7cf0 does not exist. Creating ...
om2_1       | 2021-07-12 10:02:01,922 [pool-23-thread-1] INFO server.RaftServerConfigKeys: raft.server.log.segment.size.max = 4194304 (custom)
s3g_1       | 2021-07-12 10:06:43,630 [qtp1421866327-21] INFO endpoint.BucketEndpoint: Location is /bucket-42912
om3_1       | 2021-07-12 10:02:01,722 [pool-23-thread-1] INFO server.RaftServerConfigKeys: raft.server.log.segment.size.max = 4194304 (custom)
scm2_1      | 2021-07-12 10:01:20,733 [pool-13-thread-1] INFO storage.RaftStorage: Storage directory /data/metadata/scm-ha/f87f8b07-70e5-4afc-a78e-27831ac45a22 has been successfully formatted.
recon_1     | 2021-07-12 10:01:18,212 [ContainerHealthTask] INFO fsck.ContainerHealthTask: Container Health task thread took 22 milliseconds for processing 0 containers.
scm1_1      | 2021-07-12 10:00:56,574 [main] INFO server.RaftServer: 3e085ac1-e0c7-4dee-9947-f3326bf1f26c: start RPC server
scm1_1      | 2021-07-12 10:00:57,017 [main] INFO server.GrpcService: 3e085ac1-e0c7-4dee-9947-f3326bf1f26c: GrpcService started, listening on 9894
om1_1       | 2021-07-12 10:02:01,902 [Listener at om1/9862] INFO server.RaftServer$Division: om1@group-D66704EFC61C: changes role from      null to FOLLOWER at term 0 for startAsFollower
scm3_1      | 2021-07-12 10:01:31,430 [pool-13-thread-1] INFO server.RaftServerConfigKeys: raft.server.log.segment.cache.num.max = 2 (custom)
datanode_1  | 2021-07-12 10:01:53,004 [pool-22-thread-1] INFO server.RaftServerConfigKeys: raft.server.rpc.timeout.min = 5s (custom)
datanode_2  | 2021-07-12 10:01:52,732 [pool-22-thread-1] INFO storage.RaftStorageDirectory: Lock on /data/metadata/ratis/a8f33998-396f-46c9-a455-b97826dc7cf0/in_use.lock acquired by nodename 9@1de0d13125b5
om2_1       | 2021-07-12 10:02:01,964 [pool-23-thread-1] INFO server.RaftServerConfigKeys: raft.server.log.segment.cache.num.max = 2 (custom)
s3g_1       | 2021-07-12 10:06:44,105 [qtp1421866327-17] ERROR endpoint.BucketEndpoint: Error in Create Bucket Request for bucket: bucket_1
om3_1       | 2021-07-12 10:02:01,755 [pool-23-thread-1] INFO server.RaftServerConfigKeys: raft.server.log.segment.cache.num.max = 2 (custom)
scm2_1      | 2021-07-12 10:01:20,736 [pool-13-thread-1] INFO server.RaftServerConfigKeys: raft.server.notification.no-leader.timeout = 60s (default)
recon_1     | 2021-07-12 10:02:11,155 [pool-16-thread-1] INFO impl.OzoneManagerServiceProviderImpl: Syncing data from Ozone Manager.
scm1_1      | 2021-07-12 10:00:57,057 [org.apache.ratis.util.JvmPauseMonitor$$Lambda$298/0x0000000840254840@408b35bf] INFO util.JvmPauseMonitor: JvmPauseMonitor-3e085ac1-e0c7-4dee-9947-f3326bf1f26c: Started
datanode_3  | 2021-07-12 10:01:05,553 [EndpointStateMachine task thread for scm1/172.20.0.4:9861 - 0 ] INFO ipc.Client: Retrying connect to server: scm1/172.20.0.4:9861. Already tried 1 time(s); retry policy is RetryUpToMaximumCountWithFixedSleep(maxRetries=15, sleepTime=1000 MILLISECONDS)
om1_1       | 2021-07-12 10:02:01,904 [Listener at om1/9862] INFO impl.RoleInfo: om1: start om1@group-D66704EFC61C-FollowerState
scm3_1      | 2021-07-12 10:01:31,431 [pool-13-thread-1] INFO server.RaftServerConfigKeys: raft.server.log.segment.cache.size.max = 200MB (=209715200) (default)
datanode_1  | 2021-07-12 10:01:53,005 [pool-22-thread-1] INFO server.RaftServerConfigKeys: raft.server.rpc.timeout.max = 5200ms (custom)
datanode_2  | 2021-07-12 10:01:52,772 [pool-22-thread-1] INFO storage.RaftStorage: Storage directory /data/metadata/ratis/a8f33998-396f-46c9-a455-b97826dc7cf0 has been successfully formatted.
om2_1       | 2021-07-12 10:02:01,965 [pool-23-thread-1] INFO server.RaftServerConfigKeys: raft.server.log.segment.cache.size.max = 200MB (=209715200) (default)
s3g_1       | INVALID_BUCKET_NAME org.apache.hadoop.ozone.om.exceptions.OMException: Bucket or Volume name has an unsupported character : _
om3_1       | 2021-07-12 10:02:01,755 [pool-23-thread-1] INFO server.RaftServerConfigKeys: raft.server.log.segment.cache.size.max = 200MB (=209715200) (default)
scm2_1      | 2021-07-12 10:01:20,738 [pool-13-thread-1] INFO server.RaftServerConfigKeys: raft.server.log.use.memory = false (default)
recon_1     | 2021-07-12 10:02:11,155 [pool-16-thread-1] INFO impl.OzoneManagerServiceProviderImpl: Obtaining full snapshot from Ozone Manager
scm1_1      | 2021-07-12 10:01:00,463 [3e085ac1-e0c7-4dee-9947-f3326bf1f26c@group-27831AC45A22-FollowerState] INFO impl.FollowerState: 3e085ac1-e0c7-4dee-9947-f3326bf1f26c@group-27831AC45A22-FollowerState: change to CANDIDATE, lastRpcElapsedTime:5159631294ns, electionTimeout:5063ms
datanode_3  | 2021-07-12 10:01:06,552 [EndpointStateMachine task thread for scm3/172.20.0.5:9861 - 0 ] INFO ipc.Client: Retrying connect to server: scm3/172.20.0.5:9861. Already tried 2 time(s); retry policy is RetryUpToMaximumCountWithFixedSleep(maxRetries=15, sleepTime=1000 MILLISECONDS)
om1_1       | 2021-07-12 10:02:01,906 [Listener at om1/9862] INFO util.JmxRegister: Successfully registered JMX Bean with object name Ratis:service=RaftServer,group=group-D66704EFC61C,id=om1
scm3_1      | 2021-07-12 10:01:31,436 [pool-13-thread-1] INFO segmented.SegmentedRaftLogWorker: new 3048882e-a8d1-4567-bc5f-be86876bf704@group-27831AC45A22-SegmentedRaftLogWorker for RaftStorageImpl:Storage Directory /data/metadata/scm-ha/f87f8b07-70e5-4afc-a78e-27831ac45a22
datanode_1  | 2021-07-12 10:01:53,005 [pool-22-thread-1] INFO server.RaftServerConfigKeys: raft.server.rpc.sleep.time = 25ms (default)
datanode_2  | 2021-07-12 10:01:52,811 [pool-22-thread-1] INFO ratis.ContainerStateMachine: group-B97826DC7CF0: The snapshot info is null. Setting the last applied indexto:(t:0, i:~)
om2_1       | 2021-07-12 10:02:01,988 [pool-23-thread-1] INFO segmented.SegmentedRaftLogWorker: new om2@group-D66704EFC61C-SegmentedRaftLogWorker for RaftStorageImpl:Storage Directory /data/metadata/ratis/5cb24680-b9e7-3c90-a862-d66704efc61c
s3g_1       | 	at org.apache.hadoop.ozone.client.rpc.RpcClient.verifyBucketName(RpcClient.java:519)
om3_1       | 2021-07-12 10:02:01,776 [pool-23-thread-1] INFO segmented.SegmentedRaftLogWorker: new om3@group-D66704EFC61C-SegmentedRaftLogWorker for RaftStorageImpl:Storage Directory /data/metadata/ratis/5cb24680-b9e7-3c90-a862-d66704efc61c
scm2_1      | 2021-07-12 10:01:20,745 [pool-13-thread-1] INFO server.RaftServerConfigKeys: raft.server.log.purge.gap = 1000000 (custom)
recon_1     | 2021-07-12 10:02:12,127 [pool-16-thread-1] INFO retry.RetryInvocationHandler: com.google.protobuf.ServiceException: org.apache.hadoop.ipc.RemoteException(org.apache.hadoop.ozone.om.exceptions.OMNotLeaderException): OM:om2 is not the leader. Could not determine the leader node.
scm1_1      | 2021-07-12 10:01:00,464 [3e085ac1-e0c7-4dee-9947-f3326bf1f26c@group-27831AC45A22-FollowerState] INFO impl.RoleInfo: 3e085ac1-e0c7-4dee-9947-f3326bf1f26c: shutdown 3e085ac1-e0c7-4dee-9947-f3326bf1f26c@group-27831AC45A22-FollowerState
datanode_3  | 2021-07-12 10:01:06,553 [EndpointStateMachine task thread for scm2/172.20.0.12:9861 - 0 ] INFO ipc.Client: Retrying connect to server: scm2/172.20.0.12:9861. Already tried 2 time(s); retry policy is RetryUpToMaximumCountWithFixedSleep(maxRetries=15, sleepTime=1000 MILLISECONDS)
om1_1       | 2021-07-12 10:02:01,908 [Listener at om1/9862] INFO metrics.RatisMetrics: Creating Metrics Registry : ratis.state_machine.om1@group-D66704EFC61C
scm3_1      | 2021-07-12 10:01:31,436 [pool-13-thread-1] INFO server.RaftServerConfigKeys: raft.server.log.queue.byte-limit = 64MB (=67108864) (default)
datanode_1  | 2021-07-12 10:01:53,005 [pool-22-thread-1] INFO server.RaftServerConfigKeys: raft.server.rpc.slowness.timeout = 300s (custom)
datanode_2  | 2021-07-12 10:01:52,816 [pool-22-thread-1] INFO server.RaftServerConfigKeys: raft.server.notification.no-leader.timeout = 300s (custom)
om2_1       | 2021-07-12 10:02:01,989 [pool-23-thread-1] INFO server.RaftServerConfigKeys: raft.server.log.queue.byte-limit = 64MB (=67108864) (default)
s3g_1       | 	at org.apache.hadoop.ozone.client.rpc.RpcClient.createBucket(RpcClient.java:463)
om3_1       | 2021-07-12 10:02:01,777 [pool-23-thread-1] INFO server.RaftServerConfigKeys: raft.server.log.queue.byte-limit = 64MB (=67108864) (default)
scm2_1      | 2021-07-12 10:01:20,745 [pool-13-thread-1] INFO server.RaftServerConfigKeys: raft.server.log.appender.buffer.byte-limit = 33554432 (custom)
