dn3_1    | 2021-09-26 01:30:09,788 [Datanode State Machine Thread - 0] INFO statemachine.DatanodeStateMachine: Ozone container server started.
s3g_1    | 2021-09-26 01:29:41,147 [main] INFO s3.Gateway: STARTUP_MSG: 
dn1_1    | 	at java.base/java.util.concurrent.ThreadPoolExecutor.runWorker(ThreadPoolExecutor.java:1128)
scm_1    | 2021-09-26 01:30:15,514 [IPC Server listener on 9863] INFO ipc.Server: IPC Server listener on 9863: starting
dn2_1    | 	at org.apache.hadoop.ozone.protocolPB.StorageContainerDatanodeProtocolClientSideTranslatorPB.submitRequest(StorageContainerDatanodeProtocolClientSideTranslatorPB.java:117)
dn3_1    | 2021-09-26 01:30:09,933 [org.apache.hadoop.util.JvmPauseMonitor$Monitor@6b950e6a] INFO util.JvmPauseMonitor: Starting JVM pause monitor
dn3_1    | 2021-09-26 01:30:10,061 [pool-26-thread-1] INFO server.RaftServer$Division: aa8b72d6-fcce-4a26-9cd1-81307fbd59b9: new RaftServerImpl for group-F189C1FB3B48:[] with ContainerStateMachine:uninitialized
dn3_1    | 2021-09-26 01:30:10,062 [pool-26-thread-1] INFO server.RaftServerConfigKeys: raft.server.rpc.timeout.min = 5s (custom)
dn3_1    | 2021-09-26 01:30:10,094 [pool-26-thread-1] INFO server.RaftServerConfigKeys: raft.server.rpc.timeout.max = 5200ms (custom)
dn3_1    | 2021-09-26 01:30:10,094 [pool-26-thread-1] INFO server.RaftServerConfigKeys: raft.server.rpc.sleep.time = 25ms (default)
s3g_1    | /************************************************************
scm_1    | 2021-09-26 01:30:15,758 [Listener at 0.0.0.0/9860] INFO server.StorageContainerManager: ScmDatanodeProtocl RPC server is listening at /0.0.0.0:9861
recon_1  | 2021-09-26 01:30:12,003 [main] INFO scm.ReconNodeManager: Loaded 3 nodes from node DB.
dn3_1    | 2021-09-26 01:30:10,095 [pool-26-thread-1] INFO server.RaftServerConfigKeys: raft.server.rpc.slowness.timeout = 300s (custom)
dn2_1    | 	at org.apache.hadoop.ozone.protocolPB.StorageContainerDatanodeProtocolClientSideTranslatorPB.getVersion(StorageContainerDatanodeProtocolClientSideTranslatorPB.java:133)
dn1_1    | 	at java.base/java.util.concurrent.ThreadPoolExecutor$Worker.run(ThreadPoolExecutor.java:628)
s3g_1    | STARTUP_MSG: Starting Gateway
s3g_1    | STARTUP_MSG:   host = 02de1fe6ae33/10.9.0.16
recon_1  | 2021-09-26 01:30:12,008 [main] INFO algorithms.ContainerPlacementPolicyFactory: Create container placement policy of type org.apache.hadoop.hdds.scm.container.placement.algorithms.SCMContainerPlacementRandom
dn3_1    | 2021-09-26 01:30:10,095 [pool-26-thread-1] INFO server.RaftServerConfigKeys: raft.server.leaderelection.leader.step-down.wait-time = 10s (default)
dn2_1    | 	at org.apache.hadoop.ozone.container.common.states.endpoint.VersionEndpointTask.call(VersionEndpointTask.java:71)
dn1_1    | 	at java.base/java.lang.Thread.run(Thread.java:834)
s3g_1    | STARTUP_MSG:   args = []
scm_1    | 2021-09-26 01:30:15,761 [Listener at 0.0.0.0/9860] INFO server.SCMDatanodeProtocolServer: RPC server for DataNodes is listening at /0.0.0.0:9861
recon_1  | 2021-09-26 01:30:12,073 [main] INFO ipc.CallQueueManager: Using callQueue: class java.util.concurrent.LinkedBlockingQueue, queueCapacity: 10000, scheduler: class org.apache.hadoop.ipc.DefaultRpcScheduler, ipcBackoff: false.
dn3_1    | 2021-09-26 01:30:10,095 [pool-26-thread-1] INFO server.RaftServerConfigKeys: raft.server.sleep.deviation.threshold = 300ms (default)
dn2_1    | 	at org.apache.hadoop.ozone.container.common.states.endpoint.VersionEndpointTask.call(VersionEndpointTask.java:42)
dn1_1    | Caused by: java.net.SocketTimeoutException: 5000 millis timeout while waiting for channel to be ready for read. ch : java.nio.channels.SocketChannel[connected local=/10.9.0.11:48778 remote=recon/10.9.0.15:9891]
s3g_1    | STARTUP_MSG:   version = 1.2.0-SNAPSHOT
scm_1    | 2021-09-26 01:30:15,790 [IPC Server Responder] INFO ipc.Server: IPC Server Responder: starting
recon_1  | 2021-09-26 01:30:12,223 [Socket Reader #1 for port 9891] INFO ipc.Server: Starting Socket Reader #1 for port 9891
dn2_1    | 	at java.base/java.util.concurrent.FutureTask.run(FutureTask.java:264)
scm_1    | 2021-09-26 01:30:15,791 [IPC Server listener on 9861] INFO ipc.Server: IPC Server listener on 9861: starting
recon_1  | 2021-09-26 01:30:12,502 [Listener at 0.0.0.0/9891] INFO recon.ReconServer: Recon server initialized successfully!
dn3_1    | 2021-09-26 01:30:10,095 [pool-26-thread-1] INFO server.RaftServerConfigKeys: raft.server.log.appender.install.snapshot.enabled = false (custom)
dn1_1    | 	at org.apache.hadoop.net.SocketIOWithTimeout.doIO(SocketIOWithTimeout.java:164)
dn2_1    | 	at java.base/java.util.concurrent.ThreadPoolExecutor.runWorker(ThreadPoolExecutor.java:1128)
s3g_1    | STARTUP_MSG:   classpath = /etc/hadoop:/opt/hadoop/share/ozone/lib/hdds-interface-admin-1.2.0-SNAPSHOT.jar:/opt/hadoop/share/ozone/lib/jackson-annotations-2.12.1.jar:/opt/hadoop/share/ozone/lib/kerb-simplekdc-1.0.1.jar:/opt/hadoop/share/ozone/lib/hk2-utils-2.5.0.jar:/opt/hadoop/share/ozone/lib/jakarta.inject-2.6.1.jar:/opt/hadoop/share/ozone/lib/hk2-locator-2.6.1.jar:/opt/hadoop/share/ozone/lib/slf4j-log4j12-1.7.30.jar:/opt/hadoop/share/ozone/lib/protobuf-java-2.5.0.jar:/opt/hadoop/share/ozone/lib/jaxb-core-2.3.0.1.jar:/opt/hadoop/share/ozone/lib/log4j-api-2.13.3.jar:/opt/hadoop/share/ozone/lib/istack-commons-runtime-3.0.5.jar:/opt/hadoop/share/ozone/lib/commons-validator-1.6.jar:/opt/hadoop/share/ozone/lib/aopalliance-repackaged-2.5.0.jar:/opt/hadoop/share/ozone/lib/bcpkix-jdk15on-1.67.jar:/opt/hadoop/share/ozone/lib/hdds-server-framework-1.2.0-SNAPSHOT.jar:/opt/hadoop/share/ozone/lib/javax.interceptor-api-1.2.jar:/opt/hadoop/share/ozone/lib/jetty-security-9.4.43.v20210629.jar:/opt/hadoop/share/ozone/lib/rocksdbjni-6.20.3.jar:/opt/hadoop/share/ozone/lib/kerb-core-1.0.1.jar:/opt/hadoop/share/ozone/lib/hdds-interface-server-1.2.0-SNAPSHOT.jar:/opt/hadoop/share/ozone/lib/hadoop-shaded-protobuf_3_7-1.1.1.jar:/opt/hadoop/share/ozone/lib/okhttp-4.9.0.jar:/opt/hadoop/share/ozone/lib/jsr305-3.0.0.jar:/opt/hadoop/share/ozone/lib/javax.el-api-3.0.0.jar:/opt/hadoop/share/ozone/lib/j2objc-annotations-1.3.jar:/opt/hadoop/share/ozone/lib/hdds-hadoop-dependency-server-1.2.0-SNAPSHOT.jar:/opt/hadoop/share/ozone/lib/jakarta.ws.rs-api-2.1.6.jar:/opt/hadoop/share/ozone/lib/picocli-4.6.1.jar:/opt/hadoop/share/ozone/lib/javassist-3.21.0-GA.jar:/opt/hadoop/share/ozone/lib/jaxb-api-2.3.0.jar:/opt/hadoop/share/ozone/lib/htrace-core4-4.1.0-incubating.jar:/opt/hadoop/share/ozone/lib/ratis-metrics-2.1.0-03f3b68-SNAPSHOT.jar:/opt/hadoop/share/ozone/lib/commons-io-2.8.0.jar:/opt/hadoop/share/ozone/lib/kerb-util-1.0.1.jar:/opt/hadoop/share/ozone/lib/kotlin-stdlib-common-1.4.31.jar:/opt/hadoop/share/ozone/lib/jackson-dataformat-xml-2.12.1.jar:/opt/hadoop/share/ozone/lib/ratis-netty-2.1.0-03f3b68-SNAPSHOT.jar:/opt/hadoop/share/ozone/lib/checker-qual-3.8.0.jar:/opt/hadoop/share/ozone/lib/hadoop-shaded-guava-1.1.1.jar:/opt/hadoop/share/ozone/lib/commons-logging-1.2.jar:/opt/hadoop/share/ozone/lib/kerby-xdr-1.0.1.jar:/opt/hadoop/share/ozone/lib/ratis-server-2.1.0-03f3b68-SNAPSHOT.jar:/opt/hadoop/share/ozone/lib/jersey-container-servlet-core-2.33.jar:/opt/hadoop/share/ozone/lib/txw2-2.3.0.1.jar:/opt/hadoop/share/ozone/lib/jackson-datatype-jsr310-2.12.1.jar:/opt/hadoop/share/ozone/lib/httpcore-4.4.13.jar:/opt/hadoop/share/ozone/lib/opentracing-tracerresolver-0.1.8.jar:/opt/hadoop/share/ozone/lib/commons-net-3.6.jar:/opt/hadoop/share/ozone/lib/hdds-client-1.2.0-SNAPSHOT.jar:/opt/hadoop/share/ozone/lib/libthrift-0.14.1.jar:/opt/hadoop/share/ozone/lib/snakeyaml-1.26.jar:/opt/hadoop/share/ozone/lib/stax-ex-1.7.8.jar:/opt/hadoop/share/ozone/lib/error_prone_annotations-2.2.0.jar:/opt/hadoop/share/ozone/lib/jetty-servlet-9.4.43.v20210629.jar:/opt/hadoop/share/ozone/lib/httpclient-4.5.13.jar:/opt/hadoop/share/ozone/lib/jaeger-client-1.6.0.jar:/opt/hadoop/share/ozone/lib/kerby-config-1.0.1.jar:/opt/hadoop/share/ozone/lib/metrics-core-3.2.4.jar:/opt/hadoop/share/ozone/lib/kerby-pkix-1.0.1.jar:/opt/hadoop/share/ozone/lib/cdi-api-1.2.jar:/opt/hadoop/share/ozone/lib/activation-1.1.1.jar:/opt/hadoop/share/ozone/lib/jetty-webapp-9.4.43.v20210629.jar:/opt/hadoop/share/ozone/lib/commons-beanutils-1.9.4.jar:/opt/hadoop/share/ozone/lib/hk2-api-2.5.0.jar:/opt/hadoop/share/ozone/lib/ozone-interface-client-1.2.0-SNAPSHOT.jar:/opt/hadoop/share/ozone/lib/javax.inject-1.jar:/opt/hadoop/share/ozone/lib/ratis-proto-2.1.0-03f3b68-SNAPSHOT.jar:/opt/hadoop/share/ozone/lib/ratis-client-2.1.0-03f3b68-SNAPSHOT.jar:/opt/hadoop/share/ozone/lib/kerb-server-1.0.1.jar:/opt/hadoop/share/ozone/lib/javax.servlet-api-3.1.0.jar:/opt/hadoop/share/ozone/lib/guava-30.1.1-jre.jar:/opt/hadoop/share/ozone/lib/jakarta.validation-api-2.0.2.jar:/opt/hadoop/share/ozone/lib/jackson-core-2.12.1.jar:/opt/hadoop/share/ozone/lib/kerb-client-1.0.1.jar:/opt/hadoop/share/ozone/lib/disruptor-3.4.2.jar:/opt/hadoop/share/ozone/lib/reflections-0.9.11.jar:/opt/hadoop/share/ozone/lib/jersey-client-2.33.jar:/opt/hadoop/share/ozone/lib/log4j-core-2.13.3.jar:/opt/hadoop/share/ozone/lib/jetty-io-9.4.43.v20210629.jar:/opt/hadoop/share/ozone/lib/hadoop-hdfs-3.3.1.jar:/opt/hadoop/share/ozone/lib/annotations-13.0.jar:/opt/hadoop/share/ozone/lib/jetty-server-9.4.43.v20210629.jar:/opt/hadoop/share/ozone/lib/simpleclient_common-0.7.0.jar:/opt/hadoop/share/ozone/lib/jackson-databind-2.12.1.jar:/opt/hadoop/share/ozone/lib/jaeger-thrift-1.6.0.jar:/opt/hadoop/share/ozone/lib/hadoop-common-3.3.1.jar:/opt/hadoop/share/ozone/lib/dnsjava-2.1.7.jar:/opt/hadoop/share/ozone/lib/bcprov-jdk15on-1.67.jar:/opt/hadoop/share/ozone/lib/jersey-hk2-2.33.jar:/opt/hadoop/share/ozone/lib/commons-configuration2-2.1.1.jar:/opt/hadoop/share/ozone/lib/json-smart-2.3.jar:/opt/hadoop/share/ozone/lib/token-provider-1.0.1.jar:/opt/hadoop/share/ozone/lib/log4j-1.2.17.jar:/opt/hadoop/share/ozone/lib/commons-daemon-1.0.13.jar:/opt/hadoop/share/ozone/lib/listenablefuture-9999.0-empty-to-avoid-conflict-with-guava.jar:/opt/hadoop/share/ozone/lib/jaeger-tracerresolver-1.6.0.jar:/opt/hadoop/share/ozone/lib/jetty-xml-9.4.43.v20210629.jar:/opt/hadoop/share/ozone/lib/jersey-media-jaxb-2.33.jar:/opt/hadoop/share/ozone/lib/ozone-common-1.2.0-SNAPSHOT.jar:/opt/hadoop/share/ozone/lib/commons-lang3-3.7.jar:/opt/hadoop/share/ozone/lib/hdds-common-1.2.0-SNAPSHOT.jar:/opt/hadoop/share/ozone/lib/accessors-smart-1.2.jar:/opt/hadoop/share/ozone/lib/re2j-1.1.jar:/opt/hadoop/share/ozone/lib/jakarta.annotation-api-1.3.5.jar:/opt/hadoop/share/ozone/lib/commons-math3-3.1.1.jar:/opt/hadoop/share/ozone/lib/ratis-thirdparty-misc-0.7.0.jar:/opt/hadoop/share/ozone/lib/simpleclient_dropwizard-0.7.0.jar:/opt/hadoop/share/ozone/lib/jersey-server-2.33.jar:/opt/hadoop/share/ozone/lib/jersey-cdi1x-2.33.jar:/opt/hadoop/share/ozone/lib/simpleclient-0.7.0.jar:/opt/hadoop/share/ozone/lib/osgi-resource-locator-1.0.3.jar:/opt/hadoop/share/ozone/lib/ozone-client-1.2.0-SNAPSHOT.jar:/opt/hadoop/share/ozone/lib/asm-5.0.4.jar:/opt/hadoop/share/ozone/lib/kerby-util-1.0.1.jar:/opt/hadoop/share/ozone/lib/hdds-hadoop-dependency-client-1.2.0-SNAPSHOT.jar:/opt/hadoop/share/ozone/lib/failureaccess-1.0.1.jar:/opt/hadoop/share/ozone/lib/okio-2.8.0.jar:/opt/hadoop/share/ozone/lib/hdds-config-1.2.0-SNAPSHOT.jar:/opt/hadoop/share/ozone/lib/jsp-api-2.1.jar:/opt/hadoop/share/ozone/lib/jetty-http-9.4.43.v20210629.jar:/opt/hadoop/share/ozone/lib/jsch-0.1.54.jar:/opt/hadoop/share/ozone/lib/jakarta.activation-api-1.2.1.jar:/opt/hadoop/share/ozone/lib/slf4j-api-1.7.30.jar:/opt/hadoop/share/ozone/lib/hadoop-hdfs-client-3.3.1.jar:/opt/hadoop/share/ozone/lib/nimbus-jose-jwt-7.9.jar:/opt/hadoop/share/ozone/lib/commons-codec-1.11.jar:/opt/hadoop/share/ozone/lib/commons-pool2-2.6.0.jar:/opt/hadoop/share/ozone/lib/jetty-util-9.4.43.v20210629.jar:/opt/hadoop/share/ozone/lib/gson-2.2.4.jar:/opt/hadoop/share/ozone/lib/opentracing-api-0.33.0.jar:/opt/hadoop/share/ozone/lib/jetty-util-ajax-9.4.43.v20210629.jar:/opt/hadoop/share/ozone/lib/hdds-interface-client-1.2.0-SNAPSHOT.jar:/opt/hadoop/share/ozone/lib/jcip-annotations-1.0-1.jar:/opt/hadoop/share/ozone/lib/kerb-admin-1.0.1.jar:/opt/hadoop/share/ozone/lib/kotlin-stdlib-1.4.31.jar:/opt/hadoop/share/ozone/lib/opentracing-noop-0.33.0.jar:/opt/hadoop/share/ozone/lib/jackson-module-jaxb-annotations-2.12.1.jar:/opt/hadoop/share/ozone/lib/jaxb-runtime-2.3.0.1.jar:/opt/hadoop/share/ozone/lib/ratis-grpc-2.1.0-03f3b68-SNAPSHOT.jar:/opt/hadoop/share/ozone/lib/opentracing-util-0.33.0.jar:/opt/hadoop/share/ozone/lib/snappy-java-1.1.8.2.jar:/opt/hadoop/share/ozone/lib/jakarta.xml.bind-api-2.3.2.jar:/opt/hadoop/share/ozone/lib/commons-cli-1.2.jar:/opt/hadoop/share/ozone/lib/woodstox-core-5.0.3.jar:/opt/hadoop/share/ozone/lib/javax.annotation-api-1.2.jar:/opt/hadoop/share/ozone/lib/kerby-asn1-1.0.1.jar:/opt/hadoop/share/ozone/lib/hadoop-annotations-3.3.1.jar:/opt/hadoop/share/ozone/lib/stax2-api-3.1.4.jar:/opt/hadoop/share/ozone/lib/commons-digester-1.8.1.jar:/opt/hadoop/share/ozone/lib/jaeger-core-1.6.0.jar:/opt/hadoop/share/ozone/lib/jersey-common-2.33.jar:/opt/hadoop/share/ozone/lib/commons-collections-3.2.2.jar:/opt/hadoop/share/ozone/lib/ratis-server-api-2.1.0-03f3b68-SNAPSHOT.jar:/opt/hadoop/share/ozone/lib/commons-text-1.4.jar:/opt/hadoop/share/ozone/lib/weld-servlet-2.4.7.Final.jar:/opt/hadoop/share/ozone/lib/hadoop-auth-3.3.1.jar:/opt/hadoop/share/ozone/lib/kerb-identity-1.0.1.jar:/opt/hadoop/share/ozone/lib/FastInfoset-1.2.13.jar:/opt/hadoop/share/ozone/lib/ratis-common-2.1.0-03f3b68-SNAPSHOT.jar:/opt/hadoop/share/ozone/lib/kerb-common-1.0.1.jar:/opt/hadoop/share/ozone/lib/commons-compress-1.20.jar:/opt/hadoop/share/ozone/lib/kerb-crypto-1.0.1.jar:/opt/hadoop/share/ozone/web:/opt/hadoop/share/ozone/lib/ozone-s3gateway-1.2.0-SNAPSHOT.jar
scm_1    | 2021-09-26 01:30:16,283 [org.apache.hadoop.util.JvmPauseMonitor$Monitor@33188612] INFO util.JvmPauseMonitor: Starting JVM pause monitor
scm_1    | 2021-09-26 01:30:16,355 [Listener at 0.0.0.0/9860] INFO http.BaseHttpServer: Starting Web-server for scm at: http://0.0.0.0:9876
dn3_1    | 2021-09-26 01:30:10,095 [pool-26-thread-1] INFO server.RaftServer$Division: aa8b72d6-fcce-4a26-9cd1-81307fbd59b9@group-F189C1FB3B48: ConfigurationManager, init=-1: [], old=null, confs=<EMPTY_MAP>
dn1_1    | 	at org.apache.hadoop.net.SocketInputStream.read(SocketInputStream.java:161)
dn2_1    | 	at java.base/java.util.concurrent.ThreadPoolExecutor$Worker.run(ThreadPoolExecutor.java:628)
s3g_1    | STARTUP_MSG:   build = https://github.com/apache/ozone/e5c647eb65b896d629f8e20e066cccae32834d80 ; compiled by 'runner' on 2021-09-26T00:52Z
scm_1    | 2021-09-26 01:30:16,355 [Listener at 0.0.0.0/9860] INFO http.BaseHttpServer: Hadoop Security Enabled: false Ozone Security Enabled: false Ozone HTTP Security Enabled: false 
recon_1  | 2021-09-26 01:30:12,504 [Listener at 0.0.0.0/9891] INFO recon.ReconServer: Starting Recon server
dn3_1    | 2021-09-26 01:30:10,096 [pool-26-thread-1] INFO server.RaftServerConfigKeys: raft.server.storage.dir = [/data/metadata/ratis] (custom)
dn3_1    | 2021-09-26 01:30:10,111 [pool-26-thread-1] INFO server.RaftServerConfigKeys: raft.server.log.corruption.policy = EXCEPTION (default)
dn2_1    | 	at java.base/java.lang.Thread.run(Thread.java:834)
s3g_1    | STARTUP_MSG:   java = 11.0.10
scm_1    | 2021-09-26 01:30:16,487 [Listener at 0.0.0.0/9860] INFO util.log: Logging initialized @43595ms to org.eclipse.jetty.util.log.Slf4jLog
recon_1  | 2021-09-26 01:30:12,818 [Listener at 0.0.0.0/9891] INFO impl.MetricsConfig: Loaded properties from hadoop-metrics2.properties
dn3_1    | 2021-09-26 01:30:10,113 [pool-26-thread-1] INFO server.RaftServerConfigKeys: raft.server.storage.free-space.min = 0MB (=0) (default)
dn1_1    | 	at org.apache.hadoop.net.SocketInputStream.read(SocketInputStream.java:131)
dn1_1    | 	at java.base/java.io.FilterInputStream.read(FilterInputStream.java:133)
dn1_1    | 	at java.base/java.io.BufferedInputStream.fill(BufferedInputStream.java:252)
dn1_1    | 	at java.base/java.io.BufferedInputStream.read(BufferedInputStream.java:271)
dn1_1    | 	at java.base/java.io.FilterInputStream.read(FilterInputStream.java:83)
dn1_1    | 	at java.base/java.io.FilterInputStream.read(FilterInputStream.java:83)
dn1_1    | 	at org.apache.hadoop.ipc.Client$Connection$PingInputStream.read(Client.java:563)
dn1_1    | 	at java.base/java.io.DataInputStream.readInt(DataInputStream.java:392)
dn3_1    | 2021-09-26 01:30:10,117 [pool-26-thread-1] INFO storage.RaftStorageDirectory: Lock on /data/metadata/ratis/ca050930-268c-45f3-a55b-f189c1fb3b48/in_use.lock acquired by nodename 7@264e870104ad
recon_1  | 2021-09-26 01:30:12,902 [Listener at 0.0.0.0/9891] INFO impl.MetricsSystemImpl: Scheduled Metric snapshot period at 10 second(s).
dn2_1    | Caused by: java.net.SocketTimeoutException: 5000 millis timeout while waiting for channel to be ready for read. ch : java.nio.channels.SocketChannel[connected local=/10.9.0.12:47976 remote=recon/10.9.0.15:9891]
scm_1    | 2021-09-26 01:30:17,687 [Listener at 0.0.0.0/9860] INFO server.AuthenticationFilter: Unable to initialize FileSignerSecretProvider, falling back to use random secrets.
dn1_1    | 	at org.apache.hadoop.ipc.Client$IpcStreams.readResponse(Client.java:1892)
s3g_1    | ************************************************************/
dn3_1    | 2021-09-26 01:30:10,118 [pool-26-thread-1] INFO storage.RaftStorage: Read RaftStorageMetadata{term=1, votedFor=0b0ce1b3-b27c-4ccd-aa00-c05a68050300} from /data/metadata/ratis/ca050930-268c-45f3-a55b-f189c1fb3b48/current/raft-meta
dn2_1    | 	at org.apache.hadoop.net.SocketIOWithTimeout.doIO(SocketIOWithTimeout.java:164)
dn1_1    | 	at org.apache.hadoop.ipc.Client$Connection.receiveRpcResponse(Client.java:1202)
dn3_1    | 2021-09-26 01:30:10,119 [pool-26-thread-1] INFO ratis.ContainerStateMachine: group-F189C1FB3B48: Setting the last applied index to (t:1, i:4)
scm_1    | 2021-09-26 01:30:17,756 [Listener at 0.0.0.0/9860] INFO http.HttpRequestLog: Http request log for http.requests.scm is not defined
s3g_1    | 2021-09-26 01:29:41,171 [main] INFO s3.Gateway: registered UNIX signal handlers for [TERM, HUP, INT]
recon_1  | 2021-09-26 01:30:12,903 [Listener at 0.0.0.0/9891] INFO impl.MetricsSystemImpl: Recon metrics system started
dn2_1    | 	at org.apache.hadoop.net.SocketInputStream.read(SocketInputStream.java:161)
dn1_1    | 	at org.apache.hadoop.ipc.Client$Connection.run(Client.java:1098)
dn3_1    | 2021-09-26 01:30:10,129 [pool-26-thread-1] INFO server.RaftServer$Division: aa8b72d6-fcce-4a26-9cd1-81307fbd59b9@group-F189C1FB3B48: set configuration 0: [0b0ce1b3-b27c-4ccd-aa00-c05a68050300|rpc:10.9.0.11:9856|admin:10.9.0.11:9857|client:10.9.0.11:9858|dataStream:|priority:1, ec66cfc0-4c1b-4559-8b09-cfc3dcfb2e07|rpc:10.9.0.12:9856|admin:10.9.0.12:9857|client:10.9.0.12:9858|dataStream:|priority:0, aa8b72d6-fcce-4a26-9cd1-81307fbd59b9|rpc:10.9.0.13:9856|admin:10.9.0.13:9857|client:10.9.0.13:9858|dataStream:|priority:0], old=null
scm_1    | 2021-09-26 01:30:17,793 [Listener at 0.0.0.0/9860] INFO http.HttpServer2: Added global filter 'safety' (class=org.apache.hadoop.hdds.server.http.HttpServer2$QuotingInputFilter)
s3g_1    | 2021-09-26 01:29:41,519 [main] INFO s3.Gateway: Starting Ozone S3 gateway
recon_1  | 2021-09-26 01:30:13,483 [Listener at 0.0.0.0/9891] INFO http.HttpServer2: Jetty bound to port 9888
dn2_1    | 	at org.apache.hadoop.net.SocketInputStream.read(SocketInputStream.java:131)
dn2_1    | 	at java.base/java.io.FilterInputStream.read(FilterInputStream.java:133)
dn2_1    | 	at java.base/java.io.BufferedInputStream.fill(BufferedInputStream.java:252)
dn3_1    | 2021-09-26 01:30:10,142 [pool-26-thread-1] INFO server.RaftServerConfigKeys: raft.server.notification.no-leader.timeout = 300s (custom)
s3g_1    | 2021-09-26 01:29:41,592 [main] INFO http.HttpServer2: Jetty bound to port 9878
recon_1  | 2021-09-26 01:30:13,487 [Listener at 0.0.0.0/9891] INFO server.Server: jetty-9.4.43.v20210629; built: 2021-06-30T11:07:22.254Z; git: 526006ecfa3af7f1a27ef3a288e2bef7ea9dd7e8; jvm 11.0.10+9-LTS
dn2_1    | 	at java.base/java.io.BufferedInputStream.read(BufferedInputStream.java:271)
scm_1    | 2021-09-26 01:30:17,810 [Listener at 0.0.0.0/9860] INFO http.HttpServer2: Added filter static_user_filter (class=org.apache.hadoop.http.lib.StaticUserWebFilter$StaticUserFilter) to context scm
dn1_1    | 2021-09-26 01:30:22,402 [0b0ce1b3-b27c-4ccd-aa00-c05a68050300@group-37126A039430-FollowerState] INFO impl.FollowerState: 0b0ce1b3-b27c-4ccd-aa00-c05a68050300@group-37126A039430-FollowerState: change to CANDIDATE, lastRpcElapsedTime:5015917908ns, electionTimeout:5003ms
dn3_1    | 2021-09-26 01:30:10,145 [pool-26-thread-1] INFO server.RaftServerConfigKeys: raft.server.log.use.memory = false (default)
s3g_1    | 2021-09-26 01:29:41,614 [main] INFO server.Server: jetty-9.4.43.v20210629; built: 2021-06-30T11:07:22.254Z; git: 526006ecfa3af7f1a27ef3a288e2bef7ea9dd7e8; jvm 11.0.10+9-LTS
recon_1  | 2021-09-26 01:30:13,557 [Listener at 0.0.0.0/9891] INFO server.session: DefaultSessionIdManager workerName=node0
dn2_1    | 	at java.base/java.io.FilterInputStream.read(FilterInputStream.java:83)
scm_1    | 2021-09-26 01:30:17,813 [Listener at 0.0.0.0/9860] INFO http.HttpServer2: Added filter static_user_filter (class=org.apache.hadoop.http.lib.StaticUserWebFilter$StaticUserFilter) to context logs
dn1_1    | 2021-09-26 01:30:22,404 [0b0ce1b3-b27c-4ccd-aa00-c05a68050300@group-37126A039430-FollowerState] INFO impl.RoleInfo: 0b0ce1b3-b27c-4ccd-aa00-c05a68050300: shutdown 0b0ce1b3-b27c-4ccd-aa00-c05a68050300@group-37126A039430-FollowerState
dn3_1    | 2021-09-26 01:30:10,146 [pool-26-thread-1] INFO server.RaftServerConfigKeys: raft.server.log.purge.gap = 1000000 (custom)
s3g_1    | 2021-09-26 01:29:41,966 [main] INFO server.session: DefaultSessionIdManager workerName=node0
s3g_1    | 2021-09-26 01:29:41,967 [main] INFO server.session: No SessionScavenger set, using defaults
dn2_1    | 	at java.base/java.io.FilterInputStream.read(FilterInputStream.java:83)
scm_1    | 2021-09-26 01:30:17,814 [Listener at 0.0.0.0/9860] INFO http.HttpServer2: Added filter static_user_filter (class=org.apache.hadoop.http.lib.StaticUserWebFilter$StaticUserFilter) to context static
scm_1    | 2021-09-26 01:30:18,110 [Listener at 0.0.0.0/9860] INFO http.HttpServer2: Jetty bound to port 9876
scm_1    | 2021-09-26 01:30:18,117 [Listener at 0.0.0.0/9860] INFO server.Server: jetty-9.4.43.v20210629; built: 2021-06-30T11:07:22.254Z; git: 526006ecfa3af7f1a27ef3a288e2bef7ea9dd7e8; jvm 11.0.10+9-LTS
scm_1    | 2021-09-26 01:30:18,465 [Listener at 0.0.0.0/9860] INFO server.session: DefaultSessionIdManager workerName=node0
dn1_1    | 2021-09-26 01:30:22,404 [0b0ce1b3-b27c-4ccd-aa00-c05a68050300@group-37126A039430-FollowerState] INFO server.RaftServer$Division: 0b0ce1b3-b27c-4ccd-aa00-c05a68050300@group-37126A039430: changes role from  FOLLOWER to CANDIDATE at term 1 for changeToCandidate
dn2_1    | 	at org.apache.hadoop.ipc.Client$Connection$PingInputStream.read(Client.java:563)
dn1_1    | 2021-09-26 01:30:22,409 [0b0ce1b3-b27c-4ccd-aa00-c05a68050300@group-37126A039430-FollowerState] INFO server.RaftServerConfigKeys: raft.server.leaderelection.pre-vote = false (custom)
dn3_1    | 2021-09-26 01:30:10,161 [pool-26-thread-1] INFO server.RaftServerConfigKeys: raft.server.log.appender.buffer.byte-limit = 33554432 (custom)
dn2_1    | 	at java.base/java.io.DataInputStream.readInt(DataInputStream.java:392)
dn1_1    | 2021-09-26 01:30:22,412 [0b0ce1b3-b27c-4ccd-aa00-c05a68050300@group-37126A039430-FollowerState] INFO impl.RoleInfo: 0b0ce1b3-b27c-4ccd-aa00-c05a68050300: start 0b0ce1b3-b27c-4ccd-aa00-c05a68050300@group-37126A039430-LeaderElection1
recon_1  | 2021-09-26 01:30:13,557 [Listener at 0.0.0.0/9891] INFO server.session: No SessionScavenger set, using defaults
scm_1    | 2021-09-26 01:30:18,475 [Listener at 0.0.0.0/9860] INFO server.session: No SessionScavenger set, using defaults
s3g_1    | 2021-09-26 01:29:41,976 [main] INFO server.session: node0 Scavenging every 660000ms
dn3_1    | 2021-09-26 01:30:10,165 [pool-26-thread-1] INFO server.RaftServerConfigKeys: raft.server.log.segment.size.max = 1048576 (custom)
dn2_1    | 	at org.apache.hadoop.ipc.Client$IpcStreams.readResponse(Client.java:1892)
dn1_1    | 2021-09-26 01:30:22,467 [0b0ce1b3-b27c-4ccd-aa00-c05a68050300@group-D28CAA674871-FollowerState] INFO impl.FollowerState: 0b0ce1b3-b27c-4ccd-aa00-c05a68050300@group-D28CAA674871-FollowerState: change to CANDIDATE, lastRpcElapsedTime:5061954234ns, electionTimeout:5059ms
recon_1  | 2021-09-26 01:30:13,559 [Listener at 0.0.0.0/9891] INFO server.session: node0 Scavenging every 660000ms
scm_1    | 2021-09-26 01:30:18,510 [Listener at 0.0.0.0/9860] INFO server.session: node0 Scavenging every 600000ms
s3g_1    | 2021-09-26 01:29:42,060 [main] INFO handler.ContextHandler: Started o.e.j.s.ServletContextHandler@407a7f2a{logs,/logs,file:///var/log/hadoop/,AVAILABLE}
dn3_1    | 2021-09-26 01:30:10,166 [pool-26-thread-1] INFO server.RaftServerConfigKeys: raft.server.log.segment.cache.num.max = 2 (custom)
dn2_1    | 	at org.apache.hadoop.ipc.Client$Connection.receiveRpcResponse(Client.java:1202)
dn1_1    | 2021-09-26 01:30:22,474 [0b0ce1b3-b27c-4ccd-aa00-c05a68050300@group-D28CAA674871-FollowerState] INFO impl.RoleInfo: 0b0ce1b3-b27c-4ccd-aa00-c05a68050300: shutdown 0b0ce1b3-b27c-4ccd-aa00-c05a68050300@group-D28CAA674871-FollowerState
recon_1  | 2021-09-26 01:30:13,588 [Listener at 0.0.0.0/9891] INFO handler.ContextHandler: Started o.e.j.s.ServletContextHandler@40c06358{logs,/logs,file:///var/log/hadoop/,AVAILABLE}
scm_1    | 2021-09-26 01:30:18,635 [IPC Server handler 6 on default port 9861] INFO net.NetworkTopologyImpl: Added a new node: /default-rack/ec66cfc0-4c1b-4559-8b09-cfc3dcfb2e07
s3g_1    | 2021-09-26 01:29:42,065 [main] INFO handler.ContextHandler: Started o.e.j.s.ServletContextHandler@5f0fd5a0{static,/static,jar:file:/opt/hadoop/share/ozone/lib/ozone-s3gateway-1.2.0-SNAPSHOT.jar!/webapps/static,AVAILABLE}
dn3_1    | 2021-09-26 01:30:10,166 [pool-26-thread-1] INFO server.RaftServerConfigKeys: raft.server.log.segment.cache.size.max = 200MB (=209715200) (default)
dn2_1    | 	at org.apache.hadoop.ipc.Client$Connection.run(Client.java:1098)
dn2_1    | 2021-09-26 01:30:22,478 [ec66cfc0-4c1b-4559-8b09-cfc3dcfb2e07@group-446129CB99FE-FollowerState] INFO impl.FollowerState: ec66cfc0-4c1b-4559-8b09-cfc3dcfb2e07@group-446129CB99FE-FollowerState: change to CANDIDATE, lastRpcElapsedTime:5064599730ns, electionTimeout:5054ms
recon_1  | 2021-09-26 01:30:13,590 [Listener at 0.0.0.0/9891] INFO handler.ContextHandler: Started o.e.j.s.ServletContextHandler@dd3f8aa{static,/static,jar:file:/opt/hadoop/share/ozone/lib/ozone-recon-1.2.0-SNAPSHOT.jar!/webapps/static,AVAILABLE}
scm_1    | 2021-09-26 01:30:18,644 [IPC Server handler 3 on default port 9861] INFO net.NetworkTopologyImpl: Added a new node: /default-rack/aa8b72d6-fcce-4a26-9cd1-81307fbd59b9
s3g_1    | WARNING: An illegal reflective access operation has occurred
dn3_1    | 2021-09-26 01:30:10,169 [pool-26-thread-1] INFO segmented.SegmentedRaftLogWorker: new aa8b72d6-fcce-4a26-9cd1-81307fbd59b9@group-F189C1FB3B48-SegmentedRaftLogWorker for RaftStorageImpl:Storage Directory /data/metadata/ratis/ca050930-268c-45f3-a55b-f189c1fb3b48
dn2_1    | 2021-09-26 01:30:22,481 [ec66cfc0-4c1b-4559-8b09-cfc3dcfb2e07@group-446129CB99FE-FollowerState] INFO impl.RoleInfo: ec66cfc0-4c1b-4559-8b09-cfc3dcfb2e07: shutdown ec66cfc0-4c1b-4559-8b09-cfc3dcfb2e07@group-446129CB99FE-FollowerState
dn1_1    | 2021-09-26 01:30:22,474 [0b0ce1b3-b27c-4ccd-aa00-c05a68050300@group-D28CAA674871-FollowerState] INFO server.RaftServer$Division: 0b0ce1b3-b27c-4ccd-aa00-c05a68050300@group-D28CAA674871: changes role from  FOLLOWER to CANDIDATE at term 2 for changeToCandidate
dn1_1    | 2021-09-26 01:30:22,474 [0b0ce1b3-b27c-4ccd-aa00-c05a68050300@group-D28CAA674871-FollowerState] INFO server.RaftServerConfigKeys: raft.server.leaderelection.pre-vote = false (custom)
scm_1    | 2021-09-26 01:30:18,660 [IPC Server handler 3 on default port 9861] INFO node.SCMNodeManager: Registered Data node : aa8b72d6-fcce-4a26-9cd1-81307fbd59b9{ip: 10.9.0.13, host: restart_dn3_1.restart_net, ports: [REPLICATION=9886, RATIS=9858, RATIS_ADMIN=9857, RATIS_SERVER=9856, STANDALONE=9859], networkLocation: /default-rack, certSerialId: null, persistedOpState: IN_SERVICE, persistedOpStateExpiryEpochSec: 0}
s3g_1    | WARNING: Illegal reflective access by org.jboss.classfilewriter.ClassFile$1 (file:/opt/hadoop/share/ozone/lib/weld-servlet-2.4.7.Final.jar) to method java.lang.ClassLoader.defineClass(java.lang.String,byte[],int,int)
dn3_1    | 2021-09-26 01:30:10,170 [pool-26-thread-1] INFO server.RaftServerConfigKeys: raft.server.log.queue.byte-limit = 2147483647 (custom)
dn2_1    | 2021-09-26 01:30:22,481 [ec66cfc0-4c1b-4559-8b09-cfc3dcfb2e07@group-446129CB99FE-FollowerState] INFO server.RaftServer$Division: ec66cfc0-4c1b-4559-8b09-cfc3dcfb2e07@group-446129CB99FE: changes role from  FOLLOWER to CANDIDATE at term 1 for changeToCandidate
dn1_1    | 2021-09-26 01:30:22,474 [0b0ce1b3-b27c-4ccd-aa00-c05a68050300@group-D28CAA674871-FollowerState] INFO impl.RoleInfo: 0b0ce1b3-b27c-4ccd-aa00-c05a68050300: start 0b0ce1b3-b27c-4ccd-aa00-c05a68050300@group-D28CAA674871-LeaderElection2
recon_1  | 2021-09-26 01:30:17,429 [Listener at 0.0.0.0/9891] INFO handler.ContextHandler: Started o.e.j.w.WebAppContext@329efc61{recon,/,file:///tmp/jetty-0_0_0_0-9888-ozone-recon-1_2_0-SNAPSHOT_jar-_-any-15945742404976179502/webapp/,AVAILABLE}{jar:file:/opt/hadoop/share/ozone/lib/ozone-recon-1.2.0-SNAPSHOT.jar!/webapps/recon}
scm_1    | 2021-09-26 01:30:18,659 [IPC Server handler 6 on default port 9861] INFO node.SCMNodeManager: Registered Data node : ec66cfc0-4c1b-4559-8b09-cfc3dcfb2e07{ip: 10.9.0.12, host: restart_dn2_1.restart_net, ports: [REPLICATION=9886, RATIS=9858, RATIS_ADMIN=9857, RATIS_SERVER=9856, STANDALONE=9859], networkLocation: /default-rack, certSerialId: null, persistedOpState: IN_SERVICE, persistedOpStateExpiryEpochSec: 0}
s3g_1    | WARNING: Please consider reporting this to the maintainers of org.jboss.classfilewriter.ClassFile$1
dn3_1    | 2021-09-26 01:30:10,170 [pool-26-thread-1] INFO server.RaftServerConfigKeys: raft.server.log.queue.element-limit = 1024 (custom)
dn2_1    | 2021-09-26 01:30:22,485 [ec66cfc0-4c1b-4559-8b09-cfc3dcfb2e07@group-446129CB99FE-FollowerState] INFO server.RaftServerConfigKeys: raft.server.leaderelection.pre-vote = false (custom)
dn1_1    | 2021-09-26 01:30:22,482 [0b0ce1b3-b27c-4ccd-aa00-c05a68050300@group-D28CAA674871-LeaderElection2] INFO impl.LeaderElection: 0b0ce1b3-b27c-4ccd-aa00-c05a68050300@group-D28CAA674871-LeaderElection2 ELECTION round 0: submit vote requests at term 3 for 0: [0b0ce1b3-b27c-4ccd-aa00-c05a68050300|rpc:10.9.0.11:9856|admin:10.9.0.11:9857|client:10.9.0.11:9858|dataStream:|priority:0, ec66cfc0-4c1b-4559-8b09-cfc3dcfb2e07|rpc:10.9.0.12:9856|admin:10.9.0.12:9857|client:10.9.0.12:9858|dataStream:|priority:0, aa8b72d6-fcce-4a26-9cd1-81307fbd59b9|rpc:10.9.0.13:9856|admin:10.9.0.13:9857|client:10.9.0.13:9858|dataStream:|priority:1], old=null
recon_1  | 2021-09-26 01:30:17,487 [Listener at 0.0.0.0/9891] INFO server.AbstractConnector: Started ServerConnector@69364b2d{HTTP/1.1, (http/1.1)}{0.0.0.0:9888}
scm_1    | 2021-09-26 01:30:18,748 [EventQueue-NodeRegistrationContainerReportForDataNodeSafeModeRule] INFO safemode.SCMSafeModeManager: SCM in safe mode. 1 DataNodes registered, 3 required.
s3g_1    | WARNING: Use --illegal-access=warn to enable warnings of further illegal reflective access operations
dn3_1    | 2021-09-26 01:30:10,170 [pool-26-thread-1] INFO server.RaftServerConfigKeys: raft.server.log.segment.size.max = 1048576 (custom)
dn3_1    | 2021-09-26 01:30:10,170 [pool-26-thread-1] INFO server.RaftServerConfigKeys: raft.server.log.preallocated.size = 16384 (custom)
dn1_1    | 2021-09-26 01:30:22,503 [0b0ce1b3-b27c-4ccd-aa00-c05a68050300@group-37126A039430-LeaderElection1] INFO impl.LeaderElection: 0b0ce1b3-b27c-4ccd-aa00-c05a68050300@group-37126A039430-LeaderElection1 ELECTION round 0: submit vote requests at term 2 for 0: [0b0ce1b3-b27c-4ccd-aa00-c05a68050300|rpc:10.9.0.11:9856|admin:10.9.0.11:9857|client:10.9.0.11:9858|dataStream:|priority:1], old=null
recon_1  | 2021-09-26 01:30:17,490 [Listener at 0.0.0.0/9891] INFO server.Server: Started @42600ms
scm_1    | 2021-09-26 01:30:18,749 [Listener at 0.0.0.0/9860] INFO handler.ContextHandler: Started o.e.j.s.ServletContextHandler@da4cf09{logs,/logs,file:///var/log/hadoop/,AVAILABLE}
s3g_1    | WARNING: All illegal access operations will be denied in a future release
dn3_1    | 2021-09-26 01:30:10,171 [pool-26-thread-1] INFO server.RaftServerConfigKeys: raft.server.log.force.sync.num = 128 (default)
dn2_1    | 2021-09-26 01:30:22,486 [ec66cfc0-4c1b-4559-8b09-cfc3dcfb2e07@group-446129CB99FE-FollowerState] INFO impl.RoleInfo: ec66cfc0-4c1b-4559-8b09-cfc3dcfb2e07: start ec66cfc0-4c1b-4559-8b09-cfc3dcfb2e07@group-446129CB99FE-LeaderElection1
dn1_1    | 2021-09-26 01:30:22,523 [0b0ce1b3-b27c-4ccd-aa00-c05a68050300@group-37126A039430-LeaderElection1] INFO impl.LeaderElection: 0b0ce1b3-b27c-4ccd-aa00-c05a68050300@group-37126A039430-LeaderElection1 ELECTION round 0: result PASSED (term=2)
dn1_1    | 2021-09-26 01:30:22,523 [0b0ce1b3-b27c-4ccd-aa00-c05a68050300@group-37126A039430-LeaderElection1] INFO impl.RoleInfo: 0b0ce1b3-b27c-4ccd-aa00-c05a68050300: shutdown 0b0ce1b3-b27c-4ccd-aa00-c05a68050300@group-37126A039430-LeaderElection1
scm_1    | 2021-09-26 01:30:18,755 [Listener at 0.0.0.0/9860] INFO handler.ContextHandler: Started o.e.j.s.ServletContextHandler@6f5d0190{static,/static,jar:file:/opt/hadoop/share/ozone/lib/hdds-server-scm-1.2.0-SNAPSHOT.jar!/webapps/static,AVAILABLE}
s3g_1    | Sep 26, 2021 1:30:05 AM org.glassfish.jersey.internal.Errors logErrors
dn3_1    | 2021-09-26 01:30:10,171 [pool-26-thread-1] INFO server.RaftServerConfigKeys: raft.server.log.statemachine.data.sync = true (default)
dn2_1    | 2021-09-26 01:30:22,525 [ec66cfc0-4c1b-4559-8b09-cfc3dcfb2e07@group-F189C1FB3B48-FollowerState] INFO impl.FollowerState: ec66cfc0-4c1b-4559-8b09-cfc3dcfb2e07@group-F189C1FB3B48-FollowerState: change to CANDIDATE, lastRpcElapsedTime:5023974696ns, electionTimeout:5011ms
dn1_1    | 2021-09-26 01:30:22,526 [0b0ce1b3-b27c-4ccd-aa00-c05a68050300@group-37126A039430-LeaderElection1] INFO server.RaftServer$Division: 0b0ce1b3-b27c-4ccd-aa00-c05a68050300@group-37126A039430: changes role from CANDIDATE to LEADER at term 2 for changeToLeader
dn1_1    | 2021-09-26 01:30:22,533 [0b0ce1b3-b27c-4ccd-aa00-c05a68050300@group-37126A039430-LeaderElection1] INFO ratis.XceiverServerRatis: Leader change notification received for group: group-37126A039430 with new leaderId: 0b0ce1b3-b27c-4ccd-aa00-c05a68050300
scm_1    | 2021-09-26 01:30:18,734 [EventQueue-NewNodeForNewNodeHandler] INFO pipeline.BackgroundPipelineCreator: trigger a one-shot run on RatisPipelineUtilsThread.
s3g_1    | WARNING: The following warnings have been detected: WARNING: A HTTP GET method, public javax.ws.rs.core.Response org.apache.hadoop.ozone.s3.endpoint.ObjectEndpoint.get(java.lang.String,java.lang.String,java.lang.String,int,java.lang.String,java.io.InputStream) throws java.io.IOException,org.apache.hadoop.ozone.s3.exception.OS3Exception, should not consume any entity.
dn3_1    | 2021-09-26 01:30:10,171 [pool-26-thread-1] INFO server.RaftServerConfigKeys: raft.server.log.statemachine.data.sync.timeout = 10s (default)
dn2_1    | 2021-09-26 01:30:22,527 [ec66cfc0-4c1b-4559-8b09-cfc3dcfb2e07@group-F189C1FB3B48-FollowerState] INFO impl.RoleInfo: ec66cfc0-4c1b-4559-8b09-cfc3dcfb2e07: shutdown ec66cfc0-4c1b-4559-8b09-cfc3dcfb2e07@group-F189C1FB3B48-FollowerState
dn1_1    | 2021-09-26 01:30:22,538 [Datanode State Machine Thread - 0] WARN statemachine.StateContext: No available thread in pool for past 30 seconds.
recon_1  | 2021-09-26 01:30:17,496 [Listener at 0.0.0.0/9891] INFO impl.MetricsSinkAdapter: Sink prometheus started
recon_1  | 2021-09-26 01:30:17,502 [Listener at 0.0.0.0/9891] INFO impl.MetricsSystemImpl: Registered sink prometheus
s3g_1    | 
dn3_1    | 2021-09-26 01:30:10,171 [pool-26-thread-1] INFO server.RaftServerConfigKeys: raft.server.log.statemachine.data.sync.timeout.retry = -1 (default)
dn2_1    | 2021-09-26 01:30:22,527 [ec66cfc0-4c1b-4559-8b09-cfc3dcfb2e07@group-F189C1FB3B48-FollowerState] INFO server.RaftServer$Division: ec66cfc0-4c1b-4559-8b09-cfc3dcfb2e07@group-F189C1FB3B48: changes role from  FOLLOWER to CANDIDATE at term 1 for changeToCandidate
recon_1  | 2021-09-26 01:30:17,512 [Listener at 0.0.0.0/9891] INFO http.BaseHttpServer: HTTP server of recon listening at http://0.0.0.0:9888
scm_1    | 2021-09-26 01:30:18,783 [EventQueue-NewNodeForNewNodeHandler] INFO pipeline.BackgroundPipelineCreator: trigger a one-shot run on RatisPipelineUtilsThread.
dn1_1    | 2021-09-26 01:30:22,555 [0b0ce1b3-b27c-4ccd-aa00-c05a68050300@group-37126A039430-LeaderElection1] INFO server.RaftServer$Division: 0b0ce1b3-b27c-4ccd-aa00-c05a68050300@group-37126A039430: change Leader from null to 0b0ce1b3-b27c-4ccd-aa00-c05a68050300 at term 2 for becomeLeader, leader elected after 12816ms
s3g_1    | 2021-09-26 01:30:06,007 [main] INFO handler.ContextHandler: Started o.e.j.w.WebAppContext@5eb87338{s3gateway,/,file:///tmp/jetty-0_0_0_0-9878-ozone-s3gateway-1_2_0-SNAPSHOT_jar-_-any-6680760428520541802/webapp/,AVAILABLE}{jar:file:/opt/hadoop/share/ozone/lib/ozone-s3gateway-1.2.0-SNAPSHOT.jar!/webapps/s3gateway}
dn3_1    | 2021-09-26 01:30:10,172 [pool-26-thread-1] INFO server.RaftServerConfigKeys: raft.server.log.write.buffer.size = 1048576 (custom)
dn2_1    | 2021-09-26 01:30:22,528 [ec66cfc0-4c1b-4559-8b09-cfc3dcfb2e07@group-F189C1FB3B48-FollowerState] INFO server.RaftServerConfigKeys: raft.server.leaderelection.pre-vote = false (custom)
recon_1  | 2021-09-26 01:30:17,516 [Listener at 0.0.0.0/9891] INFO impl.OzoneManagerServiceProviderImpl: Starting Ozone Manager Service Provider.
scm_1    | 2021-09-26 01:30:18,784 [IPC Server handler 4 on default port 9861] INFO net.NetworkTopologyImpl: Added a new node: /default-rack/0b0ce1b3-b27c-4ccd-aa00-c05a68050300
dn1_1    | 2021-09-26 01:30:22,633 [0b0ce1b3-b27c-4ccd-aa00-c05a68050300@group-37126A039430-LeaderElection1] INFO server.RaftServerConfigKeys: raft.server.staging.catchup.gap = 1000 (default)
s3g_1    | 2021-09-26 01:30:06,080 [main] INFO server.AbstractConnector: Started ServerConnector@2a225dd7{HTTP/1.1, (http/1.1)}{0.0.0.0:9878}
dn3_1    | 2021-09-26 01:30:10,206 [pool-26-thread-1] INFO server.RaftServerConfigKeys: raft.server.log.statemachine.data.caching.enabled = true (custom)
dn1_1    | 2021-09-26 01:30:22,660 [0b0ce1b3-b27c-4ccd-aa00-c05a68050300@group-37126A039430-LeaderElection1] INFO server.RaftServerConfigKeys: raft.server.write.element-limit = 1024 (custom)
dn1_1    | 2021-09-26 01:30:22,675 [0b0ce1b3-b27c-4ccd-aa00-c05a68050300@group-F189C1FB3B48-FollowerState] INFO impl.FollowerState: 0b0ce1b3-b27c-4ccd-aa00-c05a68050300@group-F189C1FB3B48-FollowerState: change to CANDIDATE, lastRpcElapsedTime:5210845895ns, electionTimeout:5200ms
s3g_1    | 2021-09-26 01:30:06,101 [main] INFO server.Server: Started @33852ms
dn3_1    | 2021-09-26 01:30:10,215 [pool-26-thread-1] INFO server.RaftServer$Division: aa8b72d6-fcce-4a26-9cd1-81307fbd59b9@group-F189C1FB3B48: set configuration 0: [0b0ce1b3-b27c-4ccd-aa00-c05a68050300|rpc:10.9.0.11:9856|admin:10.9.0.11:9857|client:10.9.0.11:9858|dataStream:|priority:1, ec66cfc0-4c1b-4559-8b09-cfc3dcfb2e07|rpc:10.9.0.12:9856|admin:10.9.0.12:9857|client:10.9.0.12:9858|dataStream:|priority:0, aa8b72d6-fcce-4a26-9cd1-81307fbd59b9|rpc:10.9.0.13:9856|admin:10.9.0.13:9857|client:10.9.0.13:9858|dataStream:|priority:0], old=null
recon_1  | 2021-09-26 01:30:17,548 [Listener at 0.0.0.0/9891] INFO recovery.ReconOmMetadataManagerImpl: Starting ReconOMMetadataManagerImpl
dn1_1    | 2021-09-26 01:30:22,686 [0b0ce1b3-b27c-4ccd-aa00-c05a68050300@group-F189C1FB3B48-FollowerState] INFO impl.RoleInfo: 0b0ce1b3-b27c-4ccd-aa00-c05a68050300: shutdown 0b0ce1b3-b27c-4ccd-aa00-c05a68050300@group-F189C1FB3B48-FollowerState
scm_1    | 2021-09-26 01:30:18,788 [IPC Server handler 4 on default port 9861] INFO node.SCMNodeManager: Registered Data node : 0b0ce1b3-b27c-4ccd-aa00-c05a68050300{ip: 10.9.0.11, host: restart_dn1_1.restart_net, ports: [REPLICATION=9886, RATIS=9858, RATIS_ADMIN=9857, RATIS_SERVER=9856, STANDALONE=9859], networkLocation: /default-rack, certSerialId: null, persistedOpState: IN_SERVICE, persistedOpStateExpiryEpochSec: 0}
dn2_1    | 2021-09-26 01:30:22,528 [ec66cfc0-4c1b-4559-8b09-cfc3dcfb2e07@group-F189C1FB3B48-FollowerState] INFO impl.RoleInfo: ec66cfc0-4c1b-4559-8b09-cfc3dcfb2e07: start ec66cfc0-4c1b-4559-8b09-cfc3dcfb2e07@group-F189C1FB3B48-LeaderElection2
s3g_1    | 2021-09-26 01:30:06,105 [main] INFO http.BaseHttpServer: HTTP server of s3gateway listening at http://0.0.0.0:9878
dn3_1    | 2021-09-26 01:30:10,233 [pool-26-thread-1] INFO segmented.LogSegment: Successfully read 5 entries from segment file /data/metadata/ratis/ca050930-268c-45f3-a55b-f189c1fb3b48/current/log_inprogress_0
scm_1    | 2021-09-26 01:30:18,789 [EventQueue-NewNodeForNewNodeHandler] INFO pipeline.BackgroundPipelineCreator: trigger a one-shot run on RatisPipelineUtilsThread.
recon_1  | 2021-09-26 01:30:17,549 [Listener at 0.0.0.0/9891] WARN recon.ReconUtils: ozone.recon.om.db.dir is not configured. We recommend adding this setting. Falling back to ozone.metadata.dirs instead.
recon_1  | 2021-09-26 01:30:17,549 [Listener at 0.0.0.0/9891] INFO tasks.ReconTaskControllerImpl: Starting Recon Task Controller.
dn2_1    | 2021-09-26 01:30:22,564 [ec66cfc0-4c1b-4559-8b09-cfc3dcfb2e07@group-D28CAA674871-FollowerState] INFO impl.FollowerState: ec66cfc0-4c1b-4559-8b09-cfc3dcfb2e07@group-D28CAA674871-FollowerState: change to CANDIDATE, lastRpcElapsedTime:5140652607ns, electionTimeout:5132ms
dn3_1    | 2021-09-26 01:30:10,273 [pool-26-thread-1] INFO segmented.SegmentedRaftLogWorker: aa8b72d6-fcce-4a26-9cd1-81307fbd59b9@group-F189C1FB3B48-SegmentedRaftLogWorker: flushIndex: setUnconditionally 0 -> 4
scm_1    | 2021-09-26 01:30:18,794 [EventQueue-NodeRegistrationContainerReportForDataNodeSafeModeRule] INFO safemode.SCMSafeModeManager: SCM in safe mode. 2 DataNodes registered, 3 required.
recon_1  | 2021-09-26 01:30:17,560 [Listener at 0.0.0.0/9891] INFO scm.ReconStorageContainerManagerFacade: Recon ScmDatanodeProtocol RPC server is listening at /0.0.0.0:9891
dn1_1    | 2021-09-26 01:30:22,686 [0b0ce1b3-b27c-4ccd-aa00-c05a68050300@group-F189C1FB3B48-FollowerState] INFO server.RaftServer$Division: 0b0ce1b3-b27c-4ccd-aa00-c05a68050300@group-F189C1FB3B48: changes role from  FOLLOWER to CANDIDATE at term 1 for changeToCandidate
dn2_1    | 2021-09-26 01:30:22,566 [ec66cfc0-4c1b-4559-8b09-cfc3dcfb2e07@group-D28CAA674871-FollowerState] INFO impl.RoleInfo: ec66cfc0-4c1b-4559-8b09-cfc3dcfb2e07: shutdown ec66cfc0-4c1b-4559-8b09-cfc3dcfb2e07@group-D28CAA674871-FollowerState
dn3_1    | 2021-09-26 01:30:10,274 [pool-26-thread-1] INFO segmented.SegmentedRaftLogWorker: aa8b72d6-fcce-4a26-9cd1-81307fbd59b9@group-F189C1FB3B48-SegmentedRaftLogWorker: safeCacheEvictIndex: setUnconditionally 0 -> -1
scm_1    | 2021-09-26 01:30:18,748 [EventQueue-NodeRegistrationContainerReportForContainerSafeModeRule] INFO safemode.SCMSafeModeManager: ContainerSafeModeRule rule is successfully validated
recon_1  | 2021-09-26 01:30:18,117 [Listener at 0.0.0.0/9891] INFO scm.ReconStorageContainerManagerFacade: Obtained 5 pipelines from SCM.
dn1_1    | 2021-09-26 01:30:22,701 [0b0ce1b3-b27c-4ccd-aa00-c05a68050300@group-F189C1FB3B48-FollowerState] INFO server.RaftServerConfigKeys: raft.server.leaderelection.pre-vote = false (custom)
dn2_1    | 2021-09-26 01:30:22,570 [ec66cfc0-4c1b-4559-8b09-cfc3dcfb2e07@group-D28CAA674871-FollowerState] INFO server.RaftServer$Division: ec66cfc0-4c1b-4559-8b09-cfc3dcfb2e07@group-D28CAA674871: changes role from  FOLLOWER to CANDIDATE at term 2 for changeToCandidate
dn3_1    | 2021-09-26 01:30:10,299 [pool-26-thread-1] INFO raftlog.RaftLog: aa8b72d6-fcce-4a26-9cd1-81307fbd59b9@group-F189C1FB3B48-SegmentedRaftLog: commitIndex: updateToMax old=4, new=2, updated? false
scm_1    | 2021-09-26 01:30:18,834 [EventQueue-NodeRegistrationContainerReportForDataNodeSafeModeRule] INFO safemode.SCMSafeModeManager: SCM in safe mode. 3 DataNodes registered, 3 required.
recon_1  | 2021-09-26 01:30:18,118 [Listener at 0.0.0.0/9891] INFO scm.ReconPipelineManager: Recon has 5 pipelines in house.
dn1_1    | 2021-09-26 01:30:22,701 [0b0ce1b3-b27c-4ccd-aa00-c05a68050300@group-F189C1FB3B48-FollowerState] INFO impl.RoleInfo: 0b0ce1b3-b27c-4ccd-aa00-c05a68050300: start 0b0ce1b3-b27c-4ccd-aa00-c05a68050300@group-F189C1FB3B48-LeaderElection3
dn2_1    | 2021-09-26 01:30:22,570 [ec66cfc0-4c1b-4559-8b09-cfc3dcfb2e07@group-D28CAA674871-FollowerState] INFO server.RaftServerConfigKeys: raft.server.leaderelection.pre-vote = false (custom)
dn3_1    | 2021-09-26 01:30:10,314 [pool-26-thread-1] INFO server.RaftServerConfigKeys: raft.server.snapshot.auto.trigger.enabled = true (custom)
scm_1    | 2021-09-26 01:30:18,835 [EventQueue-PipelineReportForOneReplicaPipelineSafeModeRule] INFO safemode.SCMSafeModeManager: SCM in safe mode. Pipelines with at least one datanode reported count is 2, required at least one datanode reported per pipeline count is 2
recon_1  | 2021-09-26 01:30:18,171 [Listener at 0.0.0.0/9891] INFO ha.SCMHAInvocationHandler: Invoking method public abstract void org.apache.hadoop.hdds.scm.pipeline.StateManager.updatePipelineState(org.apache.hadoop.hdds.protocol.proto.HddsProtos$PipelineID,org.apache.hadoop.hdds.protocol.proto.HddsProtos$PipelineState) throws java.io.IOException on target org.apache.hadoop.hdds.scm.ha.MockSCMHAManager$MockRatisServer@25c06894, cost 40825.834us
dn1_1    | 2021-09-26 01:30:22,691 [0b0ce1b3-b27c-4ccd-aa00-c05a68050300@group-37126A039430-LeaderElection1] INFO server.RaftServerConfigKeys: raft.server.write.byte-limit = 1024 M (=1073741824) (custom)
dn2_1    | 2021-09-26 01:30:22,573 [ec66cfc0-4c1b-4559-8b09-cfc3dcfb2e07@group-D28CAA674871-FollowerState] INFO impl.RoleInfo: ec66cfc0-4c1b-4559-8b09-cfc3dcfb2e07: start ec66cfc0-4c1b-4559-8b09-cfc3dcfb2e07@group-D28CAA674871-LeaderElection3
dn3_1    | 2021-09-26 01:30:10,330 [pool-26-thread-1] INFO server.RaftServerConfigKeys: raft.server.snapshot.auto.trigger.threshold = 10000 (custom)
scm_1    | 2021-09-26 01:30:18,842 [EventQueue-PipelineReportForOneReplicaPipelineSafeModeRule] INFO safemode.SCMSafeModeManager: AtleastOneDatanodeReportedRule rule is successfully validated
recon_1  | 2021-09-26 01:30:18,185 [Listener at 0.0.0.0/9891] INFO ha.SCMHAInvocationHandler: Invoking method public abstract void org.apache.hadoop.hdds.scm.pipeline.StateManager.updatePipelineState(org.apache.hadoop.hdds.protocol.proto.HddsProtos$PipelineID,org.apache.hadoop.hdds.protocol.proto.HddsProtos$PipelineState) throws java.io.IOException on target org.apache.hadoop.hdds.scm.ha.MockSCMHAManager$MockRatisServer@25c06894, cost 633.899us
dn1_1    | 2021-09-26 01:30:22,765 [0b0ce1b3-b27c-4ccd-aa00-c05a68050300@group-37126A039430-LeaderElection1] INFO server.RaftServerConfigKeys: raft.server.watch.timeout = 180s (custom)
dn2_1    | 2021-09-26 01:30:22,578 [ec66cfc0-4c1b-4559-8b09-cfc3dcfb2e07@group-F189C1FB3B48-LeaderElection2] INFO impl.LeaderElection: ec66cfc0-4c1b-4559-8b09-cfc3dcfb2e07@group-F189C1FB3B48-LeaderElection2 ELECTION round 0: submit vote requests at term 2 for 0: [0b0ce1b3-b27c-4ccd-aa00-c05a68050300|rpc:10.9.0.11:9856|admin:10.9.0.11:9857|client:10.9.0.11:9858|dataStream:|priority:1, ec66cfc0-4c1b-4559-8b09-cfc3dcfb2e07|rpc:10.9.0.12:9856|admin:10.9.0.12:9857|client:10.9.0.12:9858|dataStream:|priority:0, aa8b72d6-fcce-4a26-9cd1-81307fbd59b9|rpc:10.9.0.13:9856|admin:10.9.0.13:9857|client:10.9.0.13:9858|dataStream:|priority:0], old=null
dn3_1    | 2021-09-26 01:30:10,330 [pool-26-thread-1] INFO server.RaftServerConfigKeys: raft.server.snapshot.retention.file.num = 5 (custom)
scm_1    | 2021-09-26 01:30:18,846 [EventQueue-OpenPipelineForHealthyPipelineSafeModeRule] INFO safemode.SCMSafeModeManager: SCM in safe mode. Healthy pipelines reported count is 0, required healthy pipeline reported count is 1
recon_1  | 2021-09-26 01:30:18,186 [Listener at 0.0.0.0/9891] INFO ha.SCMHAInvocationHandler: Invoking method public abstract void org.apache.hadoop.hdds.scm.pipeline.StateManager.updatePipelineState(org.apache.hadoop.hdds.protocol.proto.HddsProtos$PipelineID,org.apache.hadoop.hdds.protocol.proto.HddsProtos$PipelineState) throws java.io.IOException on target org.apache.hadoop.hdds.scm.ha.MockSCMHAManager$MockRatisServer@25c06894, cost 549.299us
recon_1  | 2021-09-26 01:30:18,187 [Listener at 0.0.0.0/9891] INFO ha.SCMHAInvocationHandler: Invoking method public abstract void org.apache.hadoop.hdds.scm.pipeline.StateManager.updatePipelineState(org.apache.hadoop.hdds.protocol.proto.HddsProtos$PipelineID,org.apache.hadoop.hdds.protocol.proto.HddsProtos$PipelineState) throws java.io.IOException on target org.apache.hadoop.hdds.scm.ha.MockSCMHAManager$MockRatisServer@25c06894, cost 336.799us
dn2_1    | 2021-09-26 01:30:22,586 [ec66cfc0-4c1b-4559-8b09-cfc3dcfb2e07@group-446129CB99FE-LeaderElection1] INFO impl.LeaderElection: ec66cfc0-4c1b-4559-8b09-cfc3dcfb2e07@group-446129CB99FE-LeaderElection1 ELECTION round 0: submit vote requests at term 2 for 0: [ec66cfc0-4c1b-4559-8b09-cfc3dcfb2e07|rpc:10.9.0.12:9856|admin:10.9.0.12:9857|client:10.9.0.12:9858|dataStream:|priority:1], old=null
dn3_1    | 2021-09-26 01:30:10,330 [pool-26-thread-1] INFO server.RaftServerConfigKeys: raft.server.log.purge.upto.snapshot.index = false (default)
