dn2_1    | 2021-09-26 01:37:30,434 [75813f9d-d1d0-4383-aee1-fa94175b81f8@group-A613286E3F99-LeaderElection2] INFO impl.RoleInfo: 75813f9d-d1d0-4383-aee1-fa94175b81f8: shutdown 75813f9d-d1d0-4383-aee1-fa94175b81f8@group-A613286E3F99-LeaderElection2
om2_1    | 2021-09-26 01:37:45,461 [om2@group-D66704EFC61C-LeaderElection2] INFO impl.LeaderElection: om2@group-D66704EFC61C-LeaderElection2: ELECTION PASSED received 1 response(s) and 0 exception(s):
om2_1    | 2021-09-26 01:37:45,461 [om2@group-D66704EFC61C-LeaderElection2] INFO impl.LeaderElection:   Response 0: om2<-om3#0:OK-t6
om1_1    | 	at org.apache.hadoop.ipc.RPC$Server.call(RPC.java:1086)
om3_1    | 2021-09-26 01:37:37,259 [Listener at om3/9862] INFO om.OzoneManager: Trash Interval set to 0. Files deleted will not move to trash
om3_1    | 2021-09-26 01:37:37,302 [org.apache.hadoop.util.JvmPauseMonitor$Monitor@367d34c0] INFO util.JvmPauseMonitor: Starting JVM pause monitor
dn2_1    | 2021-09-26 01:37:30,434 [75813f9d-d1d0-4383-aee1-fa94175b81f8@group-A613286E3F99-LeaderElection2] INFO impl.RoleInfo: 75813f9d-d1d0-4383-aee1-fa94175b81f8: start 75813f9d-d1d0-4383-aee1-fa94175b81f8@group-A613286E3F99-FollowerState
dn2_1    | 2021-09-26 01:37:30,434 [75813f9d-d1d0-4383-aee1-fa94175b81f8@group-F039B5D7AAFB-LeaderElection1] INFO impl.RoleInfo: 75813f9d-d1d0-4383-aee1-fa94175b81f8: start 75813f9d-d1d0-4383-aee1-fa94175b81f8@group-F039B5D7AAFB-FollowerState
om3_1    | 2021-09-26 01:37:39,105 [om3@group-D66704EFC61C-FollowerState] INFO impl.FollowerState: om3@group-D66704EFC61C-FollowerState: change to CANDIDATE, lastRpcElapsedTime:5038365947ns, electionTimeout:5003ms
om1_1    | 	at org.apache.hadoop.ipc.Server$RpcCall.run(Server.java:1029)
dn2_1    | 2021-09-26 01:37:35,407 [grpc-default-executor-1] INFO server.RaftServer$Division: 75813f9d-d1d0-4383-aee1-fa94175b81f8@group-A613286E3F99: receive requestVote(ELECTION, 69ca4b39-0fdd-4fbc-99aa-099c823c16f2, group-A613286E3F99, 7, (t:5, i:10))
dn3_1    | 2021-09-26 01:37:26,594 [41edb34f-e53d-4d96-8b0f-95533abeb3bc@group-A613286E3F99-FollowerState] INFO server.RaftServerConfigKeys: raft.server.leaderelection.pre-vote = false (custom)
om2_1    | 2021-09-26 01:37:45,461 [om2@group-D66704EFC61C-LeaderElection2] INFO impl.LeaderElection: om2@group-D66704EFC61C-LeaderElection2 ELECTION round 0: result PASSED
om3_1    | 2021-09-26 01:37:39,108 [om3@group-D66704EFC61C-FollowerState] INFO impl.RoleInfo: om3: shutdown om3@group-D66704EFC61C-FollowerState
om1_1    | 	at org.apache.hadoop.ipc.Server$RpcCall.run(Server.java:957)
dn2_1    | 2021-09-26 01:37:35,407 [grpc-default-executor-1] INFO impl.VoteContext: 75813f9d-d1d0-4383-aee1-fa94175b81f8@group-A613286E3F99-FOLLOWER: reject ELECTION from 69ca4b39-0fdd-4fbc-99aa-099c823c16f2: our priority 1 > candidate's priority 0
dn3_1    | 2021-09-26 01:37:26,594 [41edb34f-e53d-4d96-8b0f-95533abeb3bc@group-A613286E3F99-FollowerState] INFO impl.RoleInfo: 41edb34f-e53d-4d96-8b0f-95533abeb3bc: start 41edb34f-e53d-4d96-8b0f-95533abeb3bc@group-A613286E3F99-LeaderElection3
om2_1    | 2021-09-26 01:37:45,461 [om2@group-D66704EFC61C-LeaderElection2] INFO impl.RoleInfo: om2: shutdown om2@group-D66704EFC61C-LeaderElection2
om3_1    | 2021-09-26 01:37:39,118 [om3@group-D66704EFC61C-FollowerState] INFO server.RaftServer$Division: om3@group-D66704EFC61C: changes role from  FOLLOWER to CANDIDATE at term 4 for changeToCandidate
om1_1    | 	at java.base/java.security.AccessController.doPrivileged(Native Method)
dn2_1    | 2021-09-26 01:37:35,408 [grpc-default-executor-1] INFO server.RaftServer$Division: 75813f9d-d1d0-4383-aee1-fa94175b81f8@group-A613286E3F99: changes role from  FOLLOWER to FOLLOWER at term 7 for candidate:69ca4b39-0fdd-4fbc-99aa-099c823c16f2
dn3_1    | 2021-09-26 01:37:26,596 [41edb34f-e53d-4d96-8b0f-95533abeb3bc@group-D7A249D54114-LeaderElection2] INFO server.RaftServerConfigKeys: raft.server.staging.catchup.gap = 1000 (default)
om2_1    | 2021-09-26 01:37:45,461 [om2@group-D66704EFC61C-LeaderElection2] INFO server.RaftServer$Division: om2@group-D66704EFC61C: changes role from CANDIDATE to LEADER at term 6 for changeToLeader
om3_1    | 2021-09-26 01:37:39,124 [om3@group-D66704EFC61C-FollowerState] INFO server.RaftServerConfigKeys: raft.server.leaderelection.pre-vote = false (custom)
om1_1    | 	at java.base/javax.security.auth.Subject.doAs(Subject.java:423)
dn2_1    | 2021-09-26 01:37:35,408 [grpc-default-executor-1] INFO impl.RoleInfo: 75813f9d-d1d0-4383-aee1-fa94175b81f8: shutdown 75813f9d-d1d0-4383-aee1-fa94175b81f8@group-A613286E3F99-FollowerState
dn3_1    | 2021-09-26 01:37:26,688 [41edb34f-e53d-4d96-8b0f-95533abeb3bc@group-D7A249D54114-LeaderElection2] INFO metrics.RatisMetrics: Creating Metrics Registry : ratis.log_appender.41edb34f-e53d-4d96-8b0f-95533abeb3bc@group-D7A249D54114
om2_1    | 2021-09-26 01:37:45,461 [om2@group-D66704EFC61C-LeaderElection2] INFO server.RaftServer$Division: om2@group-D66704EFC61C: change Leader from null to om2 at term 6 for becomeLeader, leader elected after 13876ms
om3_1    | 2021-09-26 01:37:39,124 [om3@group-D66704EFC61C-FollowerState] INFO impl.RoleInfo: om3: start om3@group-D66704EFC61C-LeaderElection1
om1_1    | 	at org.apache.hadoop.security.UserGroupInformation.doAs(UserGroupInformation.java:1762)
dn2_1    | 2021-09-26 01:37:35,408 [grpc-default-executor-1] INFO impl.RoleInfo: 75813f9d-d1d0-4383-aee1-fa94175b81f8: start 75813f9d-d1d0-4383-aee1-fa94175b81f8@group-A613286E3F99-FollowerState
dn3_1    | 2021-09-26 01:37:26,711 [41edb34f-e53d-4d96-8b0f-95533abeb3bc@group-D7A249D54114-LeaderElection2] INFO server.RaftServerConfigKeys: raft.server.write.element-limit = 1024 (custom)
om2_1    | 2021-09-26 01:37:45,473 [om2@group-D66704EFC61C-LeaderElection2] INFO server.RaftServerConfigKeys: raft.server.staging.catchup.gap = 1000 (default)
om1_1    | 	at org.apache.hadoop.ipc.Server$Handler.run(Server.java:2957)
om3_1    | 2021-09-26 01:37:39,322 [om3@group-D66704EFC61C-LeaderElection1] INFO impl.LeaderElection: om3@group-D66704EFC61C-LeaderElection1 ELECTION round 0: submit vote requests at term 5 for 9: [om1|rpc:om1:9872|admin:|client:|dataStream:|priority:0, om3|rpc:om3:9872|admin:|client:|dataStream:|priority:0, om2|rpc:om2:9872|admin:|client:|dataStream:|priority:0], old=null
dn2_1    | 2021-09-26 01:37:35,409 [75813f9d-d1d0-4383-aee1-fa94175b81f8@group-A613286E3F99-FollowerState] INFO impl.FollowerState: 75813f9d-d1d0-4383-aee1-fa94175b81f8@group-A613286E3F99-FollowerState was interrupted: {}
dn3_1    | 2021-09-26 01:37:26,766 [41edb34f-e53d-4d96-8b0f-95533abeb3bc@group-D7A249D54114-LeaderElection2] INFO server.RaftServerConfigKeys: raft.server.write.byte-limit = 1073741824 (custom)
om2_1    | 2021-09-26 01:37:45,476 [om2@group-D66704EFC61C-LeaderElection2] INFO metrics.RatisMetrics: Creating Metrics Registry : ratis.log_appender.om2@group-D66704EFC61C
om1_1    | 2021-09-26 01:37:51,438 [IPC Server handler 3 on default port 9862] INFO ipc.Server: IPC Server handler 3 on default port 9862, call Call#0 Retry#0 org.apache.hadoop.ozone.om.protocol.OzoneManagerProtocol.submitRequest from 10.9.0.14:55984
om3_1    | 2021-09-26 01:37:39,728 [grpc-default-executor-0] INFO metrics.RatisMetrics: Creating Metrics Registry : ratis.server_message_metrics.om3
dn2_1    | java.lang.InterruptedException: sleep interrupted
om2_1    | 2021-09-26 01:37:45,478 [om2@group-D66704EFC61C-LeaderElection2] INFO server.RaftServerConfigKeys: raft.server.write.element-limit = 4096 (default)
dn3_1    | 2021-09-26 01:37:26,743 [41edb34f-e53d-4d96-8b0f-95533abeb3bc@group-A613286E3F99-LeaderElection3] INFO impl.LeaderElection: 41edb34f-e53d-4d96-8b0f-95533abeb3bc@group-A613286E3F99-LeaderElection3 ELECTION round 0: submit vote requests at term 6 for 5: [41edb34f-e53d-4d96-8b0f-95533abeb3bc|rpc:10.9.0.17:9856|admin:10.9.0.17:9857|client:10.9.0.17:9858|dataStream:|priority:0, 69ca4b39-0fdd-4fbc-99aa-099c823c16f2|rpc:10.9.0.15:9856|admin:10.9.0.15:9857|client:10.9.0.15:9858|dataStream:|priority:0, 75813f9d-d1d0-4383-aee1-fa94175b81f8|rpc:10.9.0.16:9856|admin:10.9.0.16:9857|client:10.9.0.16:9858|dataStream:|priority:1], old=null
om1_1    | org.apache.hadoop.ozone.om.exceptions.OMNotLeaderException: OM:om1 is not the leader. Could not determine the leader node.
om3_1    | 2021-09-26 01:37:39,810 [grpc-default-executor-0] INFO server.RaftServer$Division: om3@group-D66704EFC61C: receive requestVote(ELECTION, om2, group-D66704EFC61C, 5, (t:4, i:18))
dn2_1    | 	at java.base/java.lang.Thread.sleep(Native Method)
om2_1    | 2021-09-26 01:37:45,481 [om2@group-D66704EFC61C-LeaderElection2] INFO server.RaftServerConfigKeys: raft.server.write.byte-limit = 64MB (=67108864) (default)
dn3_1    | 2021-09-26 01:37:26,840 [41edb34f-e53d-4d96-8b0f-95533abeb3bc@group-D7A249D54114-LeaderElection2] INFO server.RaftServerConfigKeys: raft.server.watch.timeout = 180s (custom)
om1_1    | 	at org.apache.hadoop.ozone.protocolPB.OzoneManagerProtocolServerSideTranslatorPB.createNotLeaderException(OzoneManagerProtocolServerSideTranslatorPB.java:202)
om3_1    | 2021-09-26 01:37:39,814 [grpc-default-executor-0] INFO impl.VoteContext: om3@group-D66704EFC61C-CANDIDATE: reject ELECTION from om2: already has voted for om3 at current term 5
dn2_1    | 	at java.base/java.lang.Thread.sleep(Thread.java:339)
om2_1    | 2021-09-26 01:37:45,487 [om2@group-D66704EFC61C-LeaderElection2] INFO server.RaftServerConfigKeys: raft.server.watch.timeout = 10s (default)
dn3_1    | 2021-09-26 01:37:26,858 [41edb34f-e53d-4d96-8b0f-95533abeb3bc@group-D7A249D54114-LeaderElection2] INFO server.RaftServerConfigKeys: raft.server.watch.timeout.denomination = 1s (default)
om1_1    | 	at org.apache.hadoop.ozone.protocolPB.OzoneManagerProtocolServerSideTranslatorPB.createLeaderErrorException(OzoneManagerProtocolServerSideTranslatorPB.java:215)
om3_1    | 2021-09-26 01:37:39,889 [grpc-default-executor-0] INFO server.RaftServer$Division: om3@group-D66704EFC61C replies to ELECTION vote request: om2<-om3#0:FAIL-t5. Peer's state: om3@group-D66704EFC61C:t5, leader=null, voted=om3, raftlog=om3@group-D66704EFC61C-SegmentedRaftLog:OPENED:c17,f18,i18, conf=9: [om1|rpc:om1:9872|admin:|client:|dataStream:|priority:0, om3|rpc:om3:9872|admin:|client:|dataStream:|priority:0, om2|rpc:om2:9872|admin:|client:|dataStream:|priority:0], old=null
dn2_1    | 	at java.base/java.util.concurrent.TimeUnit.sleep(TimeUnit.java:446)
dn3_1    | 2021-09-26 01:37:26,864 [41edb34f-e53d-4d96-8b0f-95533abeb3bc@group-D7A249D54114-LeaderElection2] INFO server.RaftServerConfigKeys: raft.server.watch.element-limit = 65536 (default)
om2_1    | 2021-09-26 01:37:45,487 [om2@group-D66704EFC61C-LeaderElection2] INFO server.RaftServerConfigKeys: raft.server.watch.timeout.denomination = 1s (default)
om1_1    | 	at org.apache.hadoop.ozone.protocolPB.OzoneManagerProtocolServerSideTranslatorPB.submitReadRequestToOM(OzoneManagerProtocolServerSideTranslatorPB.java:192)
om3_1    | 2021-09-26 01:37:40,361 [grpc-default-executor-2] INFO server.RaftServer$Division: om3@group-D66704EFC61C: receive requestVote(ELECTION, om1, group-D66704EFC61C, 5, (t:4, i:18))
dn2_1    | 	at org.apache.ratis.util.TimeDuration.sleep(TimeDuration.java:324)
dn3_1    | 2021-09-26 01:37:27,030 [41edb34f-e53d-4d96-8b0f-95533abeb3bc@group-D7A249D54114-LeaderElection2] INFO impl.RoleInfo: 41edb34f-e53d-4d96-8b0f-95533abeb3bc: start 41edb34f-e53d-4d96-8b0f-95533abeb3bc@group-D7A249D54114-LeaderStateImpl
om2_1    | 2021-09-26 01:37:45,488 [om2@group-D66704EFC61C-LeaderElection2] INFO server.RaftServerConfigKeys: raft.server.watch.element-limit = 65536 (default)
om1_1    | 	at org.apache.hadoop.ozone.protocolPB.OzoneManagerProtocolServerSideTranslatorPB.processRequest(OzoneManagerProtocolServerSideTranslatorPB.java:132)
om3_1    | 2021-09-26 01:37:40,362 [grpc-default-executor-2] INFO impl.VoteContext: om3@group-D66704EFC61C-CANDIDATE: reject ELECTION from om1: already has voted for om3 at current term 5
dn2_1    | 	at org.apache.ratis.util.TimeDuration.sleep(TimeDuration.java:309)
dn3_1    | 2021-09-26 01:37:27,137 [41edb34f-e53d-4d96-8b0f-95533abeb3bc@group-D7A249D54114-LeaderElection2] INFO segmented.SegmentedRaftLogWorker: 41edb34f-e53d-4d96-8b0f-95533abeb3bc@group-D7A249D54114-SegmentedRaftLogWorker: Rolling segment log-1_2 to index:2
om2_1    | 2021-09-26 01:37:45,498 [om2@group-D66704EFC61C-LeaderElection2] INFO server.RaftServerConfigKeys: raft.server.log.appender.snapshot.chunk.size.max = 16MB (=16777216) (default)
om1_1    | 	at org.apache.hadoop.hdds.server.OzoneProtocolMessageDispatcher.processRequest(OzoneProtocolMessageDispatcher.java:87)
om3_1    | 2021-09-26 01:37:40,363 [grpc-default-executor-2] INFO server.RaftServer$Division: om3@group-D66704EFC61C replies to ELECTION vote request: om1<-om3#0:FAIL-t5. Peer's state: om3@group-D66704EFC61C:t5, leader=null, voted=om3, raftlog=om3@group-D66704EFC61C-SegmentedRaftLog:OPENED:c17,f18,i18, conf=9: [om1|rpc:om1:9872|admin:|client:|dataStream:|priority:0, om3|rpc:om3:9872|admin:|client:|dataStream:|priority:0, om2|rpc:om2:9872|admin:|client:|dataStream:|priority:0], old=null
dn3_1    | 2021-09-26 01:37:27,164 [41edb34f-e53d-4d96-8b0f-95533abeb3bc@group-D7A249D54114-SegmentedRaftLogWorker] INFO segmented.SegmentedRaftLogWorker: 41edb34f-e53d-4d96-8b0f-95533abeb3bc@group-D7A249D54114-SegmentedRaftLogWorker: Rolled log segment from /data/metadata/ratis/089ac429-386d-4e45-aef3-d7a249d54114/current/log_inprogress_1 to /data/metadata/ratis/089ac429-386d-4e45-aef3-d7a249d54114/current/log_1-2
om1_1    | 	at org.apache.hadoop.ozone.protocolPB.OzoneManagerProtocolServerSideTranslatorPB.submitRequest(OzoneManagerProtocolServerSideTranslatorPB.java:122)
dn2_1    | 	at org.apache.ratis.server.impl.FollowerState.run(FollowerState.java:118)
om2_1    | 2021-09-26 01:37:45,498 [om2@group-D66704EFC61C-LeaderElection2] INFO server.RaftServerConfigKeys: raft.server.log.appender.buffer.byte-limit = 33554432 (custom)
om3_1    | 2021-09-26 01:37:40,467 [om3@group-D66704EFC61C-LeaderElection1] INFO impl.LeaderElection: om3@group-D66704EFC61C-LeaderElection1: ELECTION REJECTED received 2 response(s) and 0 exception(s):
dn3_1    | 2021-09-26 01:37:27,273 [41edb34f-e53d-4d96-8b0f-95533abeb3bc@group-D7A249D54114-LeaderElection2] INFO server.RaftServer$Division: 41edb34f-e53d-4d96-8b0f-95533abeb3bc@group-D7A249D54114: set configuration 3: [41edb34f-e53d-4d96-8b0f-95533abeb3bc|rpc:10.9.0.17:9856|admin:10.9.0.17:9857|client:10.9.0.17:9858|dataStream:|priority:1], old=null
om1_1    | 	at org.apache.hadoop.ozone.protocol.proto.OzoneManagerProtocolProtos$OzoneManagerService$2.callBlockingMethod(OzoneManagerProtocolProtos.java)
dn2_1    | 2021-09-26 01:37:35,428 [grpc-default-executor-1] INFO server.RaftServer$Division: 75813f9d-d1d0-4383-aee1-fa94175b81f8@group-A613286E3F99 replies to ELECTION vote request: 69ca4b39-0fdd-4fbc-99aa-099c823c16f2<-75813f9d-d1d0-4383-aee1-fa94175b81f8#0:FAIL-t7. Peer's state: 75813f9d-d1d0-4383-aee1-fa94175b81f8@group-A613286E3F99:t7, leader=null, voted=null, raftlog=75813f9d-d1d0-4383-aee1-fa94175b81f8@group-A613286E3F99-SegmentedRaftLog:OPENED:c10,f10,i10, conf=5: [41edb34f-e53d-4d96-8b0f-95533abeb3bc|rpc:10.9.0.17:9856|admin:10.9.0.17:9857|client:10.9.0.17:9858|dataStream:|priority:0, 69ca4b39-0fdd-4fbc-99aa-099c823c16f2|rpc:10.9.0.15:9856|admin:10.9.0.15:9857|client:10.9.0.15:9858|dataStream:|priority:0, 75813f9d-d1d0-4383-aee1-fa94175b81f8|rpc:10.9.0.16:9856|admin:10.9.0.16:9857|client:10.9.0.16:9858|dataStream:|priority:1], old=null
om2_1    | 2021-09-26 01:37:45,499 [om2@group-D66704EFC61C-LeaderElection2] INFO server.RaftServerConfigKeys: raft.server.log.appender.buffer.element-limit = 1024 (custom)
om3_1    | 2021-09-26 01:37:40,467 [om3@group-D66704EFC61C-LeaderElection1] INFO impl.LeaderElection:   Response 0: om3<-om1#0:FAIL-t5
dn3_1    | 2021-09-26 01:37:27,348 [41edb34f-e53d-4d96-8b0f-95533abeb3bc@group-D7A249D54114-SegmentedRaftLogWorker] INFO segmented.SegmentedRaftLogWorker: 41edb34f-e53d-4d96-8b0f-95533abeb3bc@group-D7A249D54114-SegmentedRaftLogWorker: created new log segment /data/metadata/ratis/089ac429-386d-4e45-aef3-d7a249d54114/current/log_inprogress_3
om1_1    | 	at org.apache.hadoop.ipc.ProtobufRpcEngine$Server$ProtoBufRpcInvoker.call(ProtobufRpcEngine.java:528)
dn2_1    | 2021-09-26 01:37:35,501 [75813f9d-d1d0-4383-aee1-fa94175b81f8@group-F039B5D7AAFB-FollowerState] INFO impl.FollowerState: 75813f9d-d1d0-4383-aee1-fa94175b81f8@group-F039B5D7AAFB-FollowerState: change to CANDIDATE, lastRpcElapsedTime:5066676002ns, electionTimeout:5043ms
om2_1    | 2021-09-26 01:37:45,501 [om2@group-D66704EFC61C-LeaderElection2] INFO grpc.GrpcConfigKeys: raft.grpc.server.leader.outstanding.appends.max = 128 (default)
om3_1    | 2021-09-26 01:37:40,468 [om3@group-D66704EFC61C-LeaderElection1] INFO impl.LeaderElection:   Response 1: om3<-om2#0:FAIL-t5
dn3_1    | 2021-09-26 01:37:29,922 [grpc-default-executor-0] INFO metrics.RatisMetrics: Creating Metrics Registry : ratis.server_message_metrics.41edb34f-e53d-4d96-8b0f-95533abeb3bc
om1_1    | 	at org.apache.hadoop.ipc.RPC$Server.call(RPC.java:1086)
dn2_1    | 2021-09-26 01:37:35,501 [75813f9d-d1d0-4383-aee1-fa94175b81f8@group-F039B5D7AAFB-FollowerState] INFO impl.RoleInfo: 75813f9d-d1d0-4383-aee1-fa94175b81f8: shutdown 75813f9d-d1d0-4383-aee1-fa94175b81f8@group-F039B5D7AAFB-FollowerState
om2_1    | 2021-09-26 01:37:45,502 [om2@group-D66704EFC61C-LeaderElection2] INFO server.RaftServerConfigKeys: raft.server.rpc.request.timeout = 3000ms (default)
om3_1    | 2021-09-26 01:37:40,469 [om3@group-D66704EFC61C-LeaderElection1] INFO impl.LeaderElection: om3@group-D66704EFC61C-LeaderElection1 ELECTION round 0: result REJECTED
dn3_1    | 2021-09-26 01:37:30,015 [grpc-default-executor-0] INFO server.RaftServer$Division: 41edb34f-e53d-4d96-8b0f-95533abeb3bc@group-A613286E3F99: receive requestVote(ELECTION, 75813f9d-d1d0-4383-aee1-fa94175b81f8, group-A613286E3F99, 6, (t:5, i:10))
om1_1    | 	at org.apache.hadoop.ipc.Server$RpcCall.run(Server.java:1029)
dn2_1    | 2021-09-26 01:37:35,502 [75813f9d-d1d0-4383-aee1-fa94175b81f8@group-F039B5D7AAFB-FollowerState] INFO server.RaftServer$Division: 75813f9d-d1d0-4383-aee1-fa94175b81f8@group-F039B5D7AAFB: changes role from  FOLLOWER to CANDIDATE at term 6 for changeToCandidate
om2_1    | 2021-09-26 01:37:45,502 [om2@group-D66704EFC61C-LeaderElection2] INFO server.RaftServerConfigKeys: raft.server.log.appender.install.snapshot.enabled = false (custom)
om3_1    | 2021-09-26 01:37:40,471 [om3@group-D66704EFC61C-LeaderElection1] INFO server.RaftServer$Division: om3@group-D66704EFC61C: changes role from CANDIDATE to FOLLOWER at term 5 for REJECTED
dn3_1    | 2021-09-26 01:37:30,021 [grpc-default-executor-0] INFO impl.VoteContext: 41edb34f-e53d-4d96-8b0f-95533abeb3bc@group-A613286E3F99-CANDIDATE: reject ELECTION from 75813f9d-d1d0-4383-aee1-fa94175b81f8: already has voted for 41edb34f-e53d-4d96-8b0f-95533abeb3bc at current term 6
om1_1    | 	at org.apache.hadoop.ipc.Server$RpcCall.run(Server.java:957)
dn2_1    | 2021-09-26 01:37:35,502 [75813f9d-d1d0-4383-aee1-fa94175b81f8@group-F039B5D7AAFB-FollowerState] INFO server.RaftServerConfigKeys: raft.server.leaderelection.pre-vote = false (custom)
om2_1    | 2021-09-26 01:37:45,503 [om2@group-D66704EFC61C-LeaderElection2] INFO metrics.RatisMetrics: Creating Metrics Registry : ratis_grpc.log_appender.om2@group-D66704EFC61C
om2_1    | 2021-09-26 01:37:45,507 [om2@group-D66704EFC61C-LeaderElection2] INFO server.RaftServerConfigKeys: raft.server.log.appender.snapshot.chunk.size.max = 16MB (=16777216) (default)
dn3_1    | 2021-09-26 01:37:30,061 [grpc-default-executor-1] INFO server.RaftServer$Division: 41edb34f-e53d-4d96-8b0f-95533abeb3bc@group-F039B5D7AAFB: receive requestVote(ELECTION, 75813f9d-d1d0-4383-aee1-fa94175b81f8, group-F039B5D7AAFB, 6, (t:5, i:2))
om1_1    | 	at java.base/java.security.AccessController.doPrivileged(Native Method)
om2_1    | 2021-09-26 01:37:45,507 [om2@group-D66704EFC61C-LeaderElection2] INFO server.RaftServerConfigKeys: raft.server.log.appender.buffer.byte-limit = 33554432 (custom)
om3_1    | 2021-09-26 01:37:40,471 [om3@group-D66704EFC61C-LeaderElection1] INFO impl.RoleInfo: om3: shutdown om3@group-D66704EFC61C-LeaderElection1
dn2_1    | 2021-09-26 01:37:35,502 [75813f9d-d1d0-4383-aee1-fa94175b81f8@group-F039B5D7AAFB-FollowerState] INFO impl.RoleInfo: 75813f9d-d1d0-4383-aee1-fa94175b81f8: start 75813f9d-d1d0-4383-aee1-fa94175b81f8@group-F039B5D7AAFB-LeaderElection4
dn3_1    | 2021-09-26 01:37:30,070 [grpc-default-executor-1] INFO impl.VoteContext: 41edb34f-e53d-4d96-8b0f-95533abeb3bc@group-F039B5D7AAFB-CANDIDATE: reject ELECTION from 75813f9d-d1d0-4383-aee1-fa94175b81f8: already has voted for 41edb34f-e53d-4d96-8b0f-95533abeb3bc at current term 6
om1_1    | 	at java.base/javax.security.auth.Subject.doAs(Subject.java:423)
om2_1    | 2021-09-26 01:37:45,507 [om2@group-D66704EFC61C-LeaderElection2] INFO server.RaftServerConfigKeys: raft.server.log.appender.buffer.element-limit = 1024 (custom)
om3_1    | 2021-09-26 01:37:40,472 [om3@group-D66704EFC61C-LeaderElection1] INFO impl.RoleInfo: om3: start om3@group-D66704EFC61C-FollowerState
dn2_1    | 2021-09-26 01:37:35,519 [75813f9d-d1d0-4383-aee1-fa94175b81f8@group-F039B5D7AAFB-LeaderElection4] INFO impl.LeaderElection: 75813f9d-d1d0-4383-aee1-fa94175b81f8@group-F039B5D7AAFB-LeaderElection4 ELECTION round 0: submit vote requests at term 7 for 1: [41edb34f-e53d-4d96-8b0f-95533abeb3bc|rpc:10.9.0.17:9856|admin:10.9.0.17:9857|client:10.9.0.17:9858|dataStream:|priority:0, 69ca4b39-0fdd-4fbc-99aa-099c823c16f2|rpc:10.9.0.15:9856|admin:10.9.0.15:9857|client:10.9.0.15:9858|dataStream:|priority:1, 75813f9d-d1d0-4383-aee1-fa94175b81f8|rpc:10.9.0.16:9856|admin:10.9.0.16:9857|client:10.9.0.16:9858|dataStream:|priority:0], old=null
dn3_1    | 2021-09-26 01:37:30,110 [grpc-default-executor-1] INFO server.RaftServer$Division: 41edb34f-e53d-4d96-8b0f-95533abeb3bc@group-F039B5D7AAFB replies to ELECTION vote request: 75813f9d-d1d0-4383-aee1-fa94175b81f8<-41edb34f-e53d-4d96-8b0f-95533abeb3bc#0:FAIL-t6. Peer's state: 41edb34f-e53d-4d96-8b0f-95533abeb3bc@group-F039B5D7AAFB:t6, leader=null, voted=41edb34f-e53d-4d96-8b0f-95533abeb3bc, raftlog=41edb34f-e53d-4d96-8b0f-95533abeb3bc@group-F039B5D7AAFB-SegmentedRaftLog:OPENED:c2,f2,i2, conf=1: [41edb34f-e53d-4d96-8b0f-95533abeb3bc|rpc:10.9.0.17:9856|admin:10.9.0.17:9857|client:10.9.0.17:9858|dataStream:|priority:0, 69ca4b39-0fdd-4fbc-99aa-099c823c16f2|rpc:10.9.0.15:9856|admin:10.9.0.15:9857|client:10.9.0.15:9858|dataStream:|priority:1, 75813f9d-d1d0-4383-aee1-fa94175b81f8|rpc:10.9.0.16:9856|admin:10.9.0.16:9857|client:10.9.0.16:9858|dataStream:|priority:0], old=null
om1_1    | 	at org.apache.hadoop.security.UserGroupInformation.doAs(UserGroupInformation.java:1762)
om2_1    | 2021-09-26 01:37:45,507 [om2@group-D66704EFC61C-LeaderElection2] INFO grpc.GrpcConfigKeys: raft.grpc.server.leader.outstanding.appends.max = 128 (default)
om3_1    | 2021-09-26 01:37:44,413 [IPC Server handler 90 on default port 9862] INFO ipc.Server: IPC Server handler 90 on default port 9862, call Call#0 Retry#2 org.apache.hadoop.ozone.om.protocol.OzoneManagerProtocol.submitRequest from 10.9.0.14:53614
dn2_1    | 2021-09-26 01:37:35,589 [75813f9d-d1d0-4383-aee1-fa94175b81f8@group-F039B5D7AAFB-LeaderElection4] INFO impl.LeaderElection: 75813f9d-d1d0-4383-aee1-fa94175b81f8@group-F039B5D7AAFB-LeaderElection4: ELECTION REJECTED received 2 response(s) and 0 exception(s):
dn3_1    | 2021-09-26 01:37:30,112 [grpc-default-executor-0] INFO server.RaftServer$Division: 41edb34f-e53d-4d96-8b0f-95533abeb3bc@group-A613286E3F99 replies to ELECTION vote request: 75813f9d-d1d0-4383-aee1-fa94175b81f8<-41edb34f-e53d-4d96-8b0f-95533abeb3bc#0:FAIL-t6. Peer's state: 41edb34f-e53d-4d96-8b0f-95533abeb3bc@group-A613286E3F99:t6, leader=null, voted=41edb34f-e53d-4d96-8b0f-95533abeb3bc, raftlog=41edb34f-e53d-4d96-8b0f-95533abeb3bc@group-A613286E3F99-SegmentedRaftLog:OPENED:c10,f10,i10, conf=5: [41edb34f-e53d-4d96-8b0f-95533abeb3bc|rpc:10.9.0.17:9856|admin:10.9.0.17:9857|client:10.9.0.17:9858|dataStream:|priority:0, 69ca4b39-0fdd-4fbc-99aa-099c823c16f2|rpc:10.9.0.15:9856|admin:10.9.0.15:9857|client:10.9.0.15:9858|dataStream:|priority:0, 75813f9d-d1d0-4383-aee1-fa94175b81f8|rpc:10.9.0.16:9856|admin:10.9.0.16:9857|client:10.9.0.16:9858|dataStream:|priority:1], old=null
om1_1    | 	at org.apache.hadoop.ipc.Server$Handler.run(Server.java:2957)
om2_1    | 2021-09-26 01:37:45,508 [om2@group-D66704EFC61C-LeaderElection2] INFO server.RaftServerConfigKeys: raft.server.rpc.request.timeout = 3000ms (default)
om3_1    | org.apache.hadoop.ozone.om.exceptions.OMNotLeaderException: OM:om3 is not the leader. Could not determine the leader node.
dn2_1    | 2021-09-26 01:37:35,589 [75813f9d-d1d0-4383-aee1-fa94175b81f8@group-F039B5D7AAFB-LeaderElection4] INFO impl.LeaderElection:   Response 0: 75813f9d-d1d0-4383-aee1-fa94175b81f8<-41edb34f-e53d-4d96-8b0f-95533abeb3bc#0:OK-t7
dn3_1    | 2021-09-26 01:37:30,146 [grpc-default-executor-3] INFO server.RaftServer$Division: 41edb34f-e53d-4d96-8b0f-95533abeb3bc@group-A613286E3F99: receive requestVote(ELECTION, 69ca4b39-0fdd-4fbc-99aa-099c823c16f2, group-A613286E3F99, 6, (t:5, i:10))
om1_1    | 2021-09-26 01:38:00,998 [IPC Server handler 0 on default port 9862] INFO ipc.Server: IPC Server handler 0 on default port 9862, call Call#0 Retry#0 org.apache.hadoop.ozone.om.protocol.OzoneManagerProtocol.submitRequest from 10.9.0.14:56006
om2_1    | 2021-09-26 01:37:45,508 [om2@group-D66704EFC61C-LeaderElection2] INFO server.RaftServerConfigKeys: raft.server.log.appender.install.snapshot.enabled = false (custom)
om3_1    | 	at org.apache.hadoop.ozone.protocolPB.OzoneManagerProtocolServerSideTranslatorPB.createNotLeaderException(OzoneManagerProtocolServerSideTranslatorPB.java:202)
dn2_1    | 2021-09-26 01:37:35,590 [75813f9d-d1d0-4383-aee1-fa94175b81f8@group-F039B5D7AAFB-LeaderElection4] INFO impl.LeaderElection:   Response 1: 75813f9d-d1d0-4383-aee1-fa94175b81f8<-69ca4b39-0fdd-4fbc-99aa-099c823c16f2#0:FAIL-t7
dn3_1    | 2021-09-26 01:37:30,165 [grpc-default-executor-3] INFO impl.VoteContext: 41edb34f-e53d-4d96-8b0f-95533abeb3bc@group-A613286E3F99-CANDIDATE: reject ELECTION from 69ca4b39-0fdd-4fbc-99aa-099c823c16f2: already has voted for 41edb34f-e53d-4d96-8b0f-95533abeb3bc at current term 6
om1_1    | org.apache.hadoop.ozone.om.exceptions.OMNotLeaderException: OM:om1 is not the leader. Could not determine the leader node.
om2_1    | 2021-09-26 01:37:45,510 [om2@group-D66704EFC61C-LeaderElection2] INFO impl.RoleInfo: om2: start om2@group-D66704EFC61C-LeaderStateImpl
om3_1    | 	at org.apache.hadoop.ozone.protocolPB.OzoneManagerProtocolServerSideTranslatorPB.createLeaderErrorException(OzoneManagerProtocolServerSideTranslatorPB.java:215)
dn2_1    | 2021-09-26 01:37:35,590 [75813f9d-d1d0-4383-aee1-fa94175b81f8@group-F039B5D7AAFB-LeaderElection4] INFO impl.LeaderElection: 75813f9d-d1d0-4383-aee1-fa94175b81f8@group-F039B5D7AAFB-LeaderElection4 ELECTION round 0: result REJECTED
dn3_1    | 2021-09-26 01:37:30,170 [grpc-default-executor-3] INFO server.RaftServer$Division: 41edb34f-e53d-4d96-8b0f-95533abeb3bc@group-A613286E3F99 replies to ELECTION vote request: 69ca4b39-0fdd-4fbc-99aa-099c823c16f2<-41edb34f-e53d-4d96-8b0f-95533abeb3bc#0:FAIL-t6. Peer's state: 41edb34f-e53d-4d96-8b0f-95533abeb3bc@group-A613286E3F99:t6, leader=null, voted=41edb34f-e53d-4d96-8b0f-95533abeb3bc, raftlog=41edb34f-e53d-4d96-8b0f-95533abeb3bc@group-A613286E3F99-SegmentedRaftLog:OPENED:c10,f10,i10, conf=5: [41edb34f-e53d-4d96-8b0f-95533abeb3bc|rpc:10.9.0.17:9856|admin:10.9.0.17:9857|client:10.9.0.17:9858|dataStream:|priority:0, 69ca4b39-0fdd-4fbc-99aa-099c823c16f2|rpc:10.9.0.15:9856|admin:10.9.0.15:9857|client:10.9.0.15:9858|dataStream:|priority:0, 75813f9d-d1d0-4383-aee1-fa94175b81f8|rpc:10.9.0.16:9856|admin:10.9.0.16:9857|client:10.9.0.16:9858|dataStream:|priority:1], old=null
om1_1    | 	at org.apache.hadoop.ozone.protocolPB.OzoneManagerProtocolServerSideTranslatorPB.createNotLeaderException(OzoneManagerProtocolServerSideTranslatorPB.java:202)
om2_1    | 2021-09-26 01:37:45,519 [om2@group-D66704EFC61C-LeaderElection2] INFO segmented.SegmentedRaftLogWorker: om2@group-D66704EFC61C-SegmentedRaftLogWorker: Rolling segment log-9_18 to index:18
om3_1    | 	at org.apache.hadoop.ozone.protocolPB.OzoneManagerProtocolServerSideTranslatorPB.submitReadRequestToOM(OzoneManagerProtocolServerSideTranslatorPB.java:192)
dn2_1    | 2021-09-26 01:37:35,591 [75813f9d-d1d0-4383-aee1-fa94175b81f8@group-F039B5D7AAFB-LeaderElection4] INFO server.RaftServer$Division: 75813f9d-d1d0-4383-aee1-fa94175b81f8@group-F039B5D7AAFB: changes role from CANDIDATE to FOLLOWER at term 7 for REJECTED
om2_1    | 2021-09-26 01:37:45,524 [om2@group-D66704EFC61C-SegmentedRaftLogWorker] INFO segmented.SegmentedRaftLogWorker: om2@group-D66704EFC61C-SegmentedRaftLogWorker: Rolled log segment from /data/metadata/ratis/5cb24680-b9e7-3c90-a862-d66704efc61c/current/log_inprogress_9 to /data/metadata/ratis/5cb24680-b9e7-3c90-a862-d66704efc61c/current/log_9-18
om3_1    | 	at org.apache.hadoop.ozone.protocolPB.OzoneManagerProtocolServerSideTranslatorPB.processRequest(OzoneManagerProtocolServerSideTranslatorPB.java:132)
dn2_1    | 2021-09-26 01:37:35,594 [75813f9d-d1d0-4383-aee1-fa94175b81f8@group-F039B5D7AAFB-LeaderElection4] INFO impl.RoleInfo: 75813f9d-d1d0-4383-aee1-fa94175b81f8: shutdown 75813f9d-d1d0-4383-aee1-fa94175b81f8@group-F039B5D7AAFB-LeaderElection4
dn3_1    | 2021-09-26 01:37:30,254 [grpc-default-executor-0] INFO server.RaftServer$Division: 41edb34f-e53d-4d96-8b0f-95533abeb3bc@group-F039B5D7AAFB: receive requestVote(ELECTION, 69ca4b39-0fdd-4fbc-99aa-099c823c16f2, group-F039B5D7AAFB, 6, (t:5, i:2))
om1_1    | 	at org.apache.hadoop.ozone.protocolPB.OzoneManagerProtocolServerSideTranslatorPB.createLeaderErrorException(OzoneManagerProtocolServerSideTranslatorPB.java:215)
om2_1    | 2021-09-26 01:37:45,543 [om2@group-D66704EFC61C-SegmentedRaftLogWorker] INFO segmented.SegmentedRaftLogWorker: om2@group-D66704EFC61C-SegmentedRaftLogWorker: created new log segment /data/metadata/ratis/5cb24680-b9e7-3c90-a862-d66704efc61c/current/log_inprogress_19
om3_1    | 	at org.apache.hadoop.hdds.server.OzoneProtocolMessageDispatcher.processRequest(OzoneProtocolMessageDispatcher.java:87)
dn2_1    | 2021-09-26 01:37:35,595 [75813f9d-d1d0-4383-aee1-fa94175b81f8@group-F039B5D7AAFB-LeaderElection4] INFO impl.RoleInfo: 75813f9d-d1d0-4383-aee1-fa94175b81f8: start 75813f9d-d1d0-4383-aee1-fa94175b81f8@group-F039B5D7AAFB-FollowerState
dn3_1    | 2021-09-26 01:37:30,255 [grpc-default-executor-0] INFO impl.VoteContext: 41edb34f-e53d-4d96-8b0f-95533abeb3bc@group-F039B5D7AAFB-CANDIDATE: reject ELECTION from 69ca4b39-0fdd-4fbc-99aa-099c823c16f2: already has voted for 41edb34f-e53d-4d96-8b0f-95533abeb3bc at current term 6
om1_1    | 	at org.apache.hadoop.ozone.protocolPB.OzoneManagerProtocolServerSideTranslatorPB.submitReadRequestToOM(OzoneManagerProtocolServerSideTranslatorPB.java:192)
om2_1    | 2021-09-26 01:37:45,546 [om2@group-D66704EFC61C-LeaderElection2] INFO server.RaftServer$Division: om2@group-D66704EFC61C: set configuration 19: [om1|rpc:om1:9872|admin:|client:|dataStream:|priority:0, om3|rpc:om3:9872|admin:|client:|dataStream:|priority:0, om2|rpc:om2:9872|admin:|client:|dataStream:|priority:0], old=null
om3_1    | 	at org.apache.hadoop.ozone.protocolPB.OzoneManagerProtocolServerSideTranslatorPB.submitRequest(OzoneManagerProtocolServerSideTranslatorPB.java:122)
dn2_1    | 2021-09-26 01:37:40,478 [75813f9d-d1d0-4383-aee1-fa94175b81f8@group-A613286E3F99-FollowerState] INFO impl.FollowerState: 75813f9d-d1d0-4383-aee1-fa94175b81f8@group-A613286E3F99-FollowerState: change to CANDIDATE, lastRpcElapsedTime:5069416411ns, electionTimeout:5050ms
om1_1    | 	at org.apache.hadoop.ozone.protocolPB.OzoneManagerProtocolServerSideTranslatorPB.processRequest(OzoneManagerProtocolServerSideTranslatorPB.java:132)
dn3_1    | 2021-09-26 01:37:30,261 [grpc-default-executor-0] INFO server.RaftServer$Division: 41edb34f-e53d-4d96-8b0f-95533abeb3bc@group-F039B5D7AAFB replies to ELECTION vote request: 69ca4b39-0fdd-4fbc-99aa-099c823c16f2<-41edb34f-e53d-4d96-8b0f-95533abeb3bc#0:FAIL-t6. Peer's state: 41edb34f-e53d-4d96-8b0f-95533abeb3bc@group-F039B5D7AAFB:t6, leader=null, voted=41edb34f-e53d-4d96-8b0f-95533abeb3bc, raftlog=41edb34f-e53d-4d96-8b0f-95533abeb3bc@group-F039B5D7AAFB-SegmentedRaftLog:OPENED:c2,f2,i2, conf=1: [41edb34f-e53d-4d96-8b0f-95533abeb3bc|rpc:10.9.0.17:9856|admin:10.9.0.17:9857|client:10.9.0.17:9858|dataStream:|priority:0, 69ca4b39-0fdd-4fbc-99aa-099c823c16f2|rpc:10.9.0.15:9856|admin:10.9.0.15:9857|client:10.9.0.15:9858|dataStream:|priority:1, 75813f9d-d1d0-4383-aee1-fa94175b81f8|rpc:10.9.0.16:9856|admin:10.9.0.16:9857|client:10.9.0.16:9858|dataStream:|priority:0], old=null
om2_1    | 2021-09-26 01:38:10,909 [OM StateMachine ApplyTransaction Thread - 0] INFO volume.OMVolumeCreateRequest: created volume:old2-volume for user:hadoop
om3_1    | 	at org.apache.hadoop.ozone.protocol.proto.OzoneManagerProtocolProtos$OzoneManagerService$2.callBlockingMethod(OzoneManagerProtocolProtos.java)
dn2_1    | 2021-09-26 01:37:40,478 [75813f9d-d1d0-4383-aee1-fa94175b81f8@group-A613286E3F99-FollowerState] INFO impl.RoleInfo: 75813f9d-d1d0-4383-aee1-fa94175b81f8: shutdown 75813f9d-d1d0-4383-aee1-fa94175b81f8@group-A613286E3F99-FollowerState
om1_1    | 	at org.apache.hadoop.hdds.server.OzoneProtocolMessageDispatcher.processRequest(OzoneProtocolMessageDispatcher.java:87)
dn3_1    | 2021-09-26 01:37:30,421 [41edb34f-e53d-4d96-8b0f-95533abeb3bc@group-A613286E3F99-LeaderElection3] INFO impl.LeaderElection: 41edb34f-e53d-4d96-8b0f-95533abeb3bc@group-A613286E3F99-LeaderElection3: ELECTION REJECTED received 1 response(s) and 0 exception(s):
om2_1    | 2021-09-26 01:38:24,687 [qtp861887593-39] INFO utils.DBCheckpointServlet: Received request to obtain DB checkpoint snapshot
om3_1    | 	at org.apache.hadoop.ipc.ProtobufRpcEngine$Server$ProtoBufRpcInvoker.call(ProtobufRpcEngine.java:528)
dn2_1    | 2021-09-26 01:37:40,479 [75813f9d-d1d0-4383-aee1-fa94175b81f8@group-A613286E3F99-FollowerState] INFO server.RaftServer$Division: 75813f9d-d1d0-4383-aee1-fa94175b81f8@group-A613286E3F99: changes role from  FOLLOWER to CANDIDATE at term 7 for changeToCandidate
om1_1    | 	at org.apache.hadoop.ozone.protocolPB.OzoneManagerProtocolServerSideTranslatorPB.submitRequest(OzoneManagerProtocolServerSideTranslatorPB.java:122)
dn3_1    | 2021-09-26 01:37:30,421 [41edb34f-e53d-4d96-8b0f-95533abeb3bc@group-A613286E3F99-LeaderElection3] INFO impl.LeaderElection:   Response 0: 41edb34f-e53d-4d96-8b0f-95533abeb3bc<-75813f9d-d1d0-4383-aee1-fa94175b81f8#0:FAIL-t6
om2_1    | 2021-09-26 01:38:24,725 [qtp861887593-39] INFO db.RDBCheckpointManager: Created checkpoint at /data/metadata/db.checkpoints/om.db_checkpoint_1632620304688 in 36 milliseconds
om3_1    | 	at org.apache.hadoop.ipc.RPC$Server.call(RPC.java:1086)
dn2_1    | 2021-09-26 01:37:40,479 [75813f9d-d1d0-4383-aee1-fa94175b81f8@group-A613286E3F99-FollowerState] INFO server.RaftServerConfigKeys: raft.server.leaderelection.pre-vote = false (custom)
om1_1    | 	at org.apache.hadoop.ozone.protocol.proto.OzoneManagerProtocolProtos$OzoneManagerService$2.callBlockingMethod(OzoneManagerProtocolProtos.java)
dn3_1    | 2021-09-26 01:37:30,422 [41edb34f-e53d-4d96-8b0f-95533abeb3bc@group-A613286E3F99-LeaderElection3] INFO impl.LeaderElection: 41edb34f-e53d-4d96-8b0f-95533abeb3bc@group-A613286E3F99-LeaderElection3 ELECTION round 0: result REJECTED
om2_1    | 2021-09-26 01:38:24,763 [qtp861887593-39] INFO utils.DBCheckpointServlet: Time taken to write the checkpoint to response output stream: 36 milliseconds
om3_1    | 	at org.apache.hadoop.ipc.Server$RpcCall.run(Server.java:1029)
dn2_1    | 2021-09-26 01:37:40,479 [75813f9d-d1d0-4383-aee1-fa94175b81f8@group-A613286E3F99-FollowerState] INFO impl.RoleInfo: 75813f9d-d1d0-4383-aee1-fa94175b81f8: start 75813f9d-d1d0-4383-aee1-fa94175b81f8@group-A613286E3F99-LeaderElection5
om1_1    | 	at org.apache.hadoop.ipc.ProtobufRpcEngine$Server$ProtoBufRpcInvoker.call(ProtobufRpcEngine.java:528)
dn3_1    | 2021-09-26 01:37:30,423 [41edb34f-e53d-4d96-8b0f-95533abeb3bc@group-A613286E3F99-LeaderElection3] INFO server.RaftServer$Division: 41edb34f-e53d-4d96-8b0f-95533abeb3bc@group-A613286E3F99: changes role from CANDIDATE to FOLLOWER at term 6 for REJECTED
om2_1    | 2021-09-26 01:38:24,763 [qtp861887593-39] INFO db.RocksDBCheckpoint: Cleaning up RocksDB checkpoint at /data/metadata/db.checkpoints/om.db_checkpoint_1632620304688
om3_1    | 	at org.apache.hadoop.ipc.Server$RpcCall.run(Server.java:957)
dn2_1    | 2021-09-26 01:37:40,486 [75813f9d-d1d0-4383-aee1-fa94175b81f8@group-A613286E3F99-LeaderElection5] INFO impl.LeaderElection: 75813f9d-d1d0-4383-aee1-fa94175b81f8@group-A613286E3F99-LeaderElection5 ELECTION round 0: submit vote requests at term 8 for 5: [41edb34f-e53d-4d96-8b0f-95533abeb3bc|rpc:10.9.0.17:9856|admin:10.9.0.17:9857|client:10.9.0.17:9858|dataStream:|priority:0, 69ca4b39-0fdd-4fbc-99aa-099c823c16f2|rpc:10.9.0.15:9856|admin:10.9.0.15:9857|client:10.9.0.15:9858|dataStream:|priority:0, 75813f9d-d1d0-4383-aee1-fa94175b81f8|rpc:10.9.0.16:9856|admin:10.9.0.16:9857|client:10.9.0.16:9858|dataStream:|priority:1], old=null
om1_1    | 	at org.apache.hadoop.ipc.RPC$Server.call(RPC.java:1086)
dn3_1    | 2021-09-26 01:37:30,423 [41edb34f-e53d-4d96-8b0f-95533abeb3bc@group-A613286E3F99-LeaderElection3] INFO impl.RoleInfo: 41edb34f-e53d-4d96-8b0f-95533abeb3bc: shutdown 41edb34f-e53d-4d96-8b0f-95533abeb3bc@group-A613286E3F99-LeaderElection3
om1_1    | 	at org.apache.hadoop.ipc.Server$RpcCall.run(Server.java:1029)
dn3_1    | 2021-09-26 01:37:30,423 [41edb34f-e53d-4d96-8b0f-95533abeb3bc@group-A613286E3F99-LeaderElection3] INFO impl.RoleInfo: 41edb34f-e53d-4d96-8b0f-95533abeb3bc: start 41edb34f-e53d-4d96-8b0f-95533abeb3bc@group-A613286E3F99-FollowerState
dn2_1    | 2021-09-26 01:37:40,507 [75813f9d-d1d0-4383-aee1-fa94175b81f8@group-A613286E3F99-LeaderElection5] INFO impl.LeaderElection: 75813f9d-d1d0-4383-aee1-fa94175b81f8@group-A613286E3F99-LeaderElection5: ELECTION PASSED received 1 response(s) and 0 exception(s):
om3_1    | 	at java.base/java.security.AccessController.doPrivileged(Native Method)
om1_1    | 	at org.apache.hadoop.ipc.Server$RpcCall.run(Server.java:957)
dn3_1    | 2021-09-26 01:37:30,499 [41edb34f-e53d-4d96-8b0f-95533abeb3bc@group-F039B5D7AAFB-LeaderElection1] INFO impl.LeaderElection: 41edb34f-e53d-4d96-8b0f-95533abeb3bc@group-F039B5D7AAFB-LeaderElection1: ELECTION REJECTED received 2 response(s) and 0 exception(s):
dn2_1    | 2021-09-26 01:37:40,508 [75813f9d-d1d0-4383-aee1-fa94175b81f8@group-A613286E3F99-LeaderElection5] INFO impl.LeaderElection:   Response 0: 75813f9d-d1d0-4383-aee1-fa94175b81f8<-41edb34f-e53d-4d96-8b0f-95533abeb3bc#0:OK-t8
om3_1    | 	at java.base/javax.security.auth.Subject.doAs(Subject.java:423)
om1_1    | 	at java.base/java.security.AccessController.doPrivileged(Native Method)
dn3_1    | 2021-09-26 01:37:30,506 [41edb34f-e53d-4d96-8b0f-95533abeb3bc@group-F039B5D7AAFB-LeaderElection1] INFO impl.LeaderElection:   Response 0: 41edb34f-e53d-4d96-8b0f-95533abeb3bc<-69ca4b39-0fdd-4fbc-99aa-099c823c16f2#0:FAIL-t6
dn2_1    | 2021-09-26 01:37:40,508 [75813f9d-d1d0-4383-aee1-fa94175b81f8@group-A613286E3F99-LeaderElection5] INFO impl.LeaderElection: 75813f9d-d1d0-4383-aee1-fa94175b81f8@group-A613286E3F99-LeaderElection5 ELECTION round 0: result PASSED
om3_1    | 	at org.apache.hadoop.security.UserGroupInformation.doAs(UserGroupInformation.java:1762)
om1_1    | 	at java.base/javax.security.auth.Subject.doAs(Subject.java:423)
dn3_1    | 2021-09-26 01:37:30,508 [41edb34f-e53d-4d96-8b0f-95533abeb3bc@group-F039B5D7AAFB-LeaderElection1] INFO impl.LeaderElection:   Response 1: 41edb34f-e53d-4d96-8b0f-95533abeb3bc<-75813f9d-d1d0-4383-aee1-fa94175b81f8#0:FAIL-t6
dn2_1    | 2021-09-26 01:37:40,508 [75813f9d-d1d0-4383-aee1-fa94175b81f8@group-A613286E3F99-LeaderElection5] INFO impl.RoleInfo: 75813f9d-d1d0-4383-aee1-fa94175b81f8: shutdown 75813f9d-d1d0-4383-aee1-fa94175b81f8@group-A613286E3F99-LeaderElection5
om3_1    | 	at org.apache.hadoop.ipc.Server$Handler.run(Server.java:2957)
om1_1    | 	at org.apache.hadoop.security.UserGroupInformation.doAs(UserGroupInformation.java:1762)
dn3_1    | 2021-09-26 01:37:30,508 [41edb34f-e53d-4d96-8b0f-95533abeb3bc@group-F039B5D7AAFB-LeaderElection1] INFO impl.LeaderElection: 41edb34f-e53d-4d96-8b0f-95533abeb3bc@group-F039B5D7AAFB-LeaderElection1 ELECTION round 0: result REJECTED
dn2_1    | 2021-09-26 01:37:40,508 [75813f9d-d1d0-4383-aee1-fa94175b81f8@group-A613286E3F99-LeaderElection5] INFO server.RaftServer$Division: 75813f9d-d1d0-4383-aee1-fa94175b81f8@group-A613286E3F99: changes role from CANDIDATE to LEADER at term 8 for changeToLeader
om3_1    | 2021-09-26 01:37:45,442 [grpc-default-executor-2] INFO server.RaftServer$Division: om3@group-D66704EFC61C: receive requestVote(ELECTION, om2, group-D66704EFC61C, 6, (t:4, i:18))
om1_1    | 	at org.apache.hadoop.ipc.Server$Handler.run(Server.java:2957)
dn3_1    | 2021-09-26 01:37:30,518 [41edb34f-e53d-4d96-8b0f-95533abeb3bc@group-F039B5D7AAFB-LeaderElection1] INFO server.RaftServer$Division: 41edb34f-e53d-4d96-8b0f-95533abeb3bc@group-F039B5D7AAFB: changes role from CANDIDATE to FOLLOWER at term 6 for REJECTED
dn2_1    | 2021-09-26 01:37:40,508 [75813f9d-d1d0-4383-aee1-fa94175b81f8@group-A613286E3F99-LeaderElection5] INFO ratis.XceiverServerRatis: Leader change notification received for group: group-A613286E3F99 with new leaderId: 75813f9d-d1d0-4383-aee1-fa94175b81f8
om3_1    | 2021-09-26 01:37:45,444 [grpc-default-executor-2] INFO impl.VoteContext: om3@group-D66704EFC61C-FOLLOWER: accept ELECTION from om2: our priority 0 <= candidate's priority 0
om3_1    | 2021-09-26 01:37:45,444 [grpc-default-executor-2] INFO server.RaftServer$Division: om3@group-D66704EFC61C: changes role from  FOLLOWER to FOLLOWER at term 6 for candidate:om2
dn3_1    | 2021-09-26 01:37:30,520 [41edb34f-e53d-4d96-8b0f-95533abeb3bc@group-F039B5D7AAFB-LeaderElection1] INFO impl.RoleInfo: 41edb34f-e53d-4d96-8b0f-95533abeb3bc: shutdown 41edb34f-e53d-4d96-8b0f-95533abeb3bc@group-F039B5D7AAFB-LeaderElection1
dn2_1    | 2021-09-26 01:37:40,509 [75813f9d-d1d0-4383-aee1-fa94175b81f8@group-A613286E3F99-LeaderElection5] INFO server.RaftServer$Division: 75813f9d-d1d0-4383-aee1-fa94175b81f8@group-A613286E3F99: change Leader from null to 75813f9d-d1d0-4383-aee1-fa94175b81f8 at term 8 for becomeLeader, leader elected after 25779ms
om3_1    | 2021-09-26 01:37:45,445 [grpc-default-executor-2] INFO impl.RoleInfo: om3: shutdown om3@group-D66704EFC61C-FollowerState
om1_1    | 2021-09-26 01:38:10,437 [IPC Server handler 3 on default port 9862] INFO ipc.Server: IPC Server handler 3 on default port 9862, call Call#0 Retry#0 org.apache.hadoop.ozone.om.protocol.OzoneManagerProtocol.submitRequest from 10.9.0.14:56018
dn3_1    | 2021-09-26 01:37:30,522 [41edb34f-e53d-4d96-8b0f-95533abeb3bc@group-F039B5D7AAFB-LeaderElection1] INFO impl.RoleInfo: 41edb34f-e53d-4d96-8b0f-95533abeb3bc: start 41edb34f-e53d-4d96-8b0f-95533abeb3bc@group-F039B5D7AAFB-FollowerState
dn2_1    | 2021-09-26 01:37:40,523 [75813f9d-d1d0-4383-aee1-fa94175b81f8@group-A613286E3F99-LeaderElection5] INFO server.RaftServerConfigKeys: raft.server.staging.catchup.gap = 1000 (default)
om3_1    | 2021-09-26 01:37:45,445 [om3@group-D66704EFC61C-FollowerState] INFO impl.FollowerState: om3@group-D66704EFC61C-FollowerState was interrupted: {}
om1_1    | org.apache.hadoop.ozone.om.exceptions.OMNotLeaderException: OM:om1 is not the leader. Could not determine the leader node.
dn3_1    | 2021-09-26 01:37:35,401 [grpc-default-executor-0] INFO server.RaftServer$Division: 41edb34f-e53d-4d96-8b0f-95533abeb3bc@group-A613286E3F99: receive requestVote(ELECTION, 69ca4b39-0fdd-4fbc-99aa-099c823c16f2, group-A613286E3F99, 7, (t:5, i:10))
dn2_1    | 2021-09-26 01:37:40,526 [75813f9d-d1d0-4383-aee1-fa94175b81f8@group-A613286E3F99-LeaderElection5] INFO metrics.RatisMetrics: Creating Metrics Registry : ratis.log_appender.75813f9d-d1d0-4383-aee1-fa94175b81f8@group-A613286E3F99
om3_1    | java.lang.InterruptedException: sleep interrupted
om1_1    | 	at org.apache.hadoop.ozone.protocolPB.OzoneManagerProtocolServerSideTranslatorPB.createNotLeaderException(OzoneManagerProtocolServerSideTranslatorPB.java:202)
dn3_1    | 2021-09-26 01:37:35,401 [grpc-default-executor-0] INFO impl.VoteContext: 41edb34f-e53d-4d96-8b0f-95533abeb3bc@group-A613286E3F99-FOLLOWER: accept ELECTION from 69ca4b39-0fdd-4fbc-99aa-099c823c16f2: our priority 0 <= candidate's priority 0
dn2_1    | 2021-09-26 01:37:40,526 [75813f9d-d1d0-4383-aee1-fa94175b81f8@group-A613286E3F99-LeaderElection5] INFO server.RaftServerConfigKeys: raft.server.write.element-limit = 1024 (custom)
om3_1    | 	at java.base/java.lang.Thread.sleep(Native Method)
om1_1    | 	at org.apache.hadoop.ozone.protocolPB.OzoneManagerProtocolServerSideTranslatorPB.createLeaderErrorException(OzoneManagerProtocolServerSideTranslatorPB.java:215)
dn3_1    | 2021-09-26 01:37:35,401 [grpc-default-executor-0] INFO server.RaftServer$Division: 41edb34f-e53d-4d96-8b0f-95533abeb3bc@group-A613286E3F99: changes role from  FOLLOWER to FOLLOWER at term 7 for candidate:69ca4b39-0fdd-4fbc-99aa-099c823c16f2
dn2_1    | 2021-09-26 01:37:40,528 [75813f9d-d1d0-4383-aee1-fa94175b81f8@group-A613286E3F99-LeaderElection5] INFO server.RaftServerConfigKeys: raft.server.write.byte-limit = 1073741824 (custom)
om3_1    | 	at java.base/java.lang.Thread.sleep(Thread.java:339)
om1_1    | 	at org.apache.hadoop.ozone.protocolPB.OzoneManagerProtocolServerSideTranslatorPB.submitReadRequestToOM(OzoneManagerProtocolServerSideTranslatorPB.java:192)
dn3_1    | 2021-09-26 01:37:35,402 [grpc-default-executor-0] INFO impl.RoleInfo: 41edb34f-e53d-4d96-8b0f-95533abeb3bc: shutdown 41edb34f-e53d-4d96-8b0f-95533abeb3bc@group-A613286E3F99-FollowerState
dn2_1    | 2021-09-26 01:37:40,529 [75813f9d-d1d0-4383-aee1-fa94175b81f8@group-A613286E3F99-LeaderElection5] INFO server.RaftServerConfigKeys: raft.server.watch.timeout = 180s (custom)
om3_1    | 	at java.base/java.util.concurrent.TimeUnit.sleep(TimeUnit.java:446)
om1_1    | 	at org.apache.hadoop.ozone.protocolPB.OzoneManagerProtocolServerSideTranslatorPB.processRequest(OzoneManagerProtocolServerSideTranslatorPB.java:132)
dn3_1    | 2021-09-26 01:37:35,402 [grpc-default-executor-0] INFO impl.RoleInfo: 41edb34f-e53d-4d96-8b0f-95533abeb3bc: start 41edb34f-e53d-4d96-8b0f-95533abeb3bc@group-A613286E3F99-FollowerState
dn2_1    | 2021-09-26 01:37:40,529 [75813f9d-d1d0-4383-aee1-fa94175b81f8@group-A613286E3F99-LeaderElection5] INFO server.RaftServerConfigKeys: raft.server.watch.timeout.denomination = 1s (default)
om3_1    | 	at org.apache.ratis.util.TimeDuration.sleep(TimeDuration.java:324)
om1_1    | 	at org.apache.hadoop.hdds.server.OzoneProtocolMessageDispatcher.processRequest(OzoneProtocolMessageDispatcher.java:87)
om1_1    | 	at org.apache.hadoop.ozone.protocolPB.OzoneManagerProtocolServerSideTranslatorPB.submitRequest(OzoneManagerProtocolServerSideTranslatorPB.java:122)
dn3_1    | 2021-09-26 01:37:35,403 [41edb34f-e53d-4d96-8b0f-95533abeb3bc@group-A613286E3F99-FollowerState] INFO impl.FollowerState: 41edb34f-e53d-4d96-8b0f-95533abeb3bc@group-A613286E3F99-FollowerState was interrupted: {}
om3_1    | 	at org.apache.ratis.util.TimeDuration.sleep(TimeDuration.java:309)
dn2_1    | 2021-09-26 01:37:40,535 [75813f9d-d1d0-4383-aee1-fa94175b81f8@group-A613286E3F99-LeaderElection5] INFO server.RaftServerConfigKeys: raft.server.watch.element-limit = 65536 (default)
dn3_1    | java.lang.InterruptedException: sleep interrupted
om1_1    | 	at org.apache.hadoop.ozone.protocol.proto.OzoneManagerProtocolProtos$OzoneManagerService$2.callBlockingMethod(OzoneManagerProtocolProtos.java)
om3_1    | 	at org.apache.ratis.server.impl.FollowerState.run(FollowerState.java:118)
dn3_1    | 	at java.base/java.lang.Thread.sleep(Native Method)
om1_1    | 	at org.apache.hadoop.ipc.ProtobufRpcEngine$Server$ProtoBufRpcInvoker.call(ProtobufRpcEngine.java:528)
om3_1    | 2021-09-26 01:37:45,448 [grpc-default-executor-2] INFO impl.RoleInfo: om3: start om3@group-D66704EFC61C-FollowerState
dn2_1    | 2021-09-26 01:37:40,561 [75813f9d-d1d0-4383-aee1-fa94175b81f8@group-A613286E3F99-LeaderElection5] INFO server.RaftServerConfigKeys: raft.server.log.appender.snapshot.chunk.size.max = 16MB (=16777216) (default)
dn3_1    | 	at java.base/java.lang.Thread.sleep(Thread.java:339)
om1_1    | 	at org.apache.hadoop.ipc.RPC$Server.call(RPC.java:1086)
om3_1    | 2021-09-26 01:37:45,455 [grpc-default-executor-2] INFO server.RaftServer$Division: om3@group-D66704EFC61C replies to ELECTION vote request: om2<-om3#0:OK-t6. Peer's state: om3@group-D66704EFC61C:t6, leader=null, voted=om2, raftlog=om3@group-D66704EFC61C-SegmentedRaftLog:OPENED:c17,f18,i18, conf=9: [om1|rpc:om1:9872|admin:|client:|dataStream:|priority:0, om3|rpc:om3:9872|admin:|client:|dataStream:|priority:0, om2|rpc:om2:9872|admin:|client:|dataStream:|priority:0], old=null
dn2_1    | 2021-09-26 01:37:40,565 [75813f9d-d1d0-4383-aee1-fa94175b81f8@group-A613286E3F99-LeaderElection5] INFO server.RaftServerConfigKeys: raft.server.log.appender.buffer.byte-limit = 33554432 (custom)
om1_1    | 	at org.apache.hadoop.ipc.Server$RpcCall.run(Server.java:1029)
om3_1    | 2021-09-26 01:37:45,589 [grpc-default-executor-2] INFO server.RaftServer$Division: om3@group-D66704EFC61C: change Leader from null to om2 at term 6 for appendEntries, leader elected after 13372ms
dn3_1    | 	at java.base/java.util.concurrent.TimeUnit.sleep(TimeUnit.java:446)
dn2_1    | 2021-09-26 01:37:40,566 [75813f9d-d1d0-4383-aee1-fa94175b81f8@group-A613286E3F99-LeaderElection5] INFO server.RaftServerConfigKeys: raft.server.log.appender.buffer.element-limit = 1 (custom)
om1_1    | 	at org.apache.hadoop.ipc.Server$RpcCall.run(Server.java:957)
dn3_1    | 	at org.apache.ratis.util.TimeDuration.sleep(TimeDuration.java:324)
