datanode_1  | 2021-10-09 01:03:48,326 [main] INFO grpc.GrpcConfigKeys: raft.grpc.admin.port = 9857 (custom)
datanode_1  | 2021-10-09 01:03:48,327 [main] INFO grpc.GrpcConfigKeys: raft.grpc.client.port = 9858 (custom)
datanode_2  | 2021-10-09 01:03:41,112 [main] INFO fs.SaveSpaceUsageToFile: Cached usage info file /data/metadata/ratis/scmUsed not found
datanode_3  | 2021-10-09 01:03:05,291 [main] INFO ozone.HddsDatanodeService: Ozone security is enabled. Attempting login for Hdds Datanode user. Principal: dn/dn@EXAMPLE.COM,keytab: /etc/security/keytabs/dn.keytab
kdc_1       | Oct 09 01:03:34 kdc krb5kdc[7](info): TGS_REQ (6 etypes {aes256-cts-hmac-sha1-96(18), aes128-cts-hmac-sha1-96(17), aes256-cts-hmac-sha384-192(20), aes128-cts-hmac-sha256-128(19), DEPRECATED:des3-cbc-sha1(16), DEPRECATED:arcfour-hmac(23)}) 172.18.0.9: ISSUE: authtime 1633741386, etypes {rep=aes256-cts-hmac-sha1-96(18), tkt=aes256-cts-hmac-sha1-96(18), ses=aes256-cts-hmac-sha1-96(18)}, dn/dn@EXAMPLE.COM for scm/scm@EXAMPLE.COM
kdc_1       | Oct 09 01:03:34 kdc krb5kdc[7](info): TGS_REQ (6 etypes {aes256-cts-hmac-sha1-96(18), aes128-cts-hmac-sha1-96(17), aes256-cts-hmac-sha384-192(20), aes128-cts-hmac-sha256-128(19), DEPRECATED:des3-cbc-sha1(16), DEPRECATED:arcfour-hmac(23)}) 172.18.0.5: ISSUE: authtime 1633741385, etypes {rep=aes256-cts-hmac-sha1-96(18), tkt=aes256-cts-hmac-sha1-96(18), ses=aes256-cts-hmac-sha1-96(18)}, dn/dn@EXAMPLE.COM for scm/scm@EXAMPLE.COM
datanode_2  | 2021-10-09 01:03:41,144 [main] INFO volume.MutableVolumeSet: Added Volume : /data/metadata/ratis to VolumeSet
datanode_2  | 2021-10-09 01:03:41,144 [main] INFO volume.ThrottledAsyncChecker: Scheduling a check for /data/metadata/ratis
datanode_2  | 2021-10-09 01:03:41,145 [main] INFO volume.StorageVolumeChecker: Scheduled health check for volume /data/metadata/ratis
kdc_1       | Oct 09 01:03:34 kdc krb5kdc[7](info): TGS_REQ (6 etypes {aes256-cts-hmac-sha1-96(18), aes128-cts-hmac-sha1-96(17), aes256-cts-hmac-sha384-192(20), aes128-cts-hmac-sha256-128(19), DEPRECATED:des3-cbc-sha1(16), DEPRECATED:arcfour-hmac(23)}) 172.18.0.3: ISSUE: authtime 1633741384, etypes {rep=aes256-cts-hmac-sha1-96(18), tkt=aes256-cts-hmac-sha1-96(18), ses=aes256-cts-hmac-sha1-96(18)}, om/om@EXAMPLE.COM for scm/scm@EXAMPLE.COM
kdc_1       | Oct 09 01:03:35 kdc krb5kdc[7](info): TGS_REQ (6 etypes {aes256-cts-hmac-sha1-96(18), aes128-cts-hmac-sha1-96(17), aes256-cts-hmac-sha384-192(20), aes128-cts-hmac-sha256-128(19), DEPRECATED:des3-cbc-sha1(16), DEPRECATED:arcfour-hmac(23)}) 172.18.0.4: ISSUE: authtime 1633741388, etypes {rep=aes256-cts-hmac-sha1-96(18), tkt=aes256-cts-hmac-sha1-96(18), ses=aes256-cts-hmac-sha1-96(18)}, recon/recon@EXAMPLE.COM for scm/scm@EXAMPLE.COM
kdc_1       | Oct 09 01:03:35 kdc krb5kdc[7](info): TGS_REQ (6 etypes {aes256-cts-hmac-sha1-96(18), aes128-cts-hmac-sha1-96(17), aes256-cts-hmac-sha384-192(20), aes128-cts-hmac-sha256-128(19), DEPRECATED:des3-cbc-sha1(16), DEPRECATED:arcfour-hmac(23)}) 172.18.0.6: ISSUE: authtime 1633741363, etypes {rep=aes256-cts-hmac-sha1-96(18), tkt=aes256-cts-hmac-sha1-96(18), ses=aes256-cts-hmac-sha1-96(18)}, HTTP/scm@EXAMPLE.COM for scm/scm@EXAMPLE.COM
datanode_1  | 2021-10-09 01:03:48,335 [main] INFO grpc.GrpcConfigKeys: raft.grpc.server.port = 9856 (custom)
om_1        | No '-XX:...' jvm parameters are set. Adding safer GC settings '-XX:ParallelGCThreads=8 -XX:+UseConcMarkSweepGC -XX:CMSInitiatingOccupancyFraction=70 -XX:+CMSParallelRemarkEnabled' to the OZONE_OPTS
s3g_1       | No '-XX:...' jvm parameters are set. Adding safer GC settings '-XX:ParallelGCThreads=8 -XX:+UseConcMarkSweepGC -XX:CMSInitiatingOccupancyFraction=70 -XX:+CMSParallelRemarkEnabled' to the OZONE_OPTS
s3g_1       | OpenJDK 64-Bit Server VM warning: Option UseConcMarkSweepGC was deprecated in version 9.0 and will likely be removed in a future release.
s3g_1       | 2021-10-09 01:02:58,685 [main] INFO security.UserGroupInformation: Login successful for user s3g/s3g@EXAMPLE.COM using keytab file s3g.keytab. Keytab auto renewal enabled : false
datanode_1  | 2021-10-09 01:03:48,336 [main] INFO server.GrpcService: raft.grpc.message.size.max = 32MB (=33554432) (custom)
datanode_1  | 2021-10-09 01:03:48,347 [main] INFO server.RaftServerConfigKeys: raft.server.log.appender.buffer.byte-limit = 33554432 (custom)
datanode_2  | 2021-10-09 01:03:41,371 [Thread-16] INFO ozoneimpl.ContainerReader: Finish verifying containers on volume /data/hdds/hdds
kdc_1       | Oct 09 01:03:46 kdc krb5kdc[7](info): AS_REQ (8 etypes {aes256-cts-hmac-sha1-96(18), aes128-cts-hmac-sha1-96(17), aes256-cts-hmac-sha384-192(20), aes128-cts-hmac-sha256-128(19), DEPRECATED:des3-cbc-sha1(16), DEPRECATED:arcfour-hmac(23), camellia128-cts-cmac(25), camellia256-cts-cmac(26)}) 172.18.0.6: ISSUE: authtime 1633741426, etypes {rep=aes256-cts-hmac-sha1-96(18), tkt=aes256-cts-hmac-sha1-96(18), ses=aes256-cts-hmac-sha1-96(18)}, HTTP/scm@EXAMPLE.COM for krbtgt/EXAMPLE.COM@EXAMPLE.COM
kdc_1       | Oct 09 01:03:59 kdc krb5kdc[7](info): TGS_REQ (6 etypes {aes256-cts-hmac-sha1-96(18), aes128-cts-hmac-sha1-96(17), aes256-cts-hmac-sha384-192(20), aes128-cts-hmac-sha256-128(19), DEPRECATED:des3-cbc-sha1(16), DEPRECATED:arcfour-hmac(23)}) 172.18.0.9: ISSUE: authtime 1633741386, etypes {rep=aes256-cts-hmac-sha1-96(18), tkt=aes256-cts-hmac-sha1-96(18), ses=aes256-cts-hmac-sha1-96(18)}, dn/dn@EXAMPLE.COM for recon/recon@EXAMPLE.COM
datanode_3  | 2021-10-09 01:03:06,480 [main] INFO security.UserGroupInformation: Login successful for user dn/dn@EXAMPLE.COM using keytab file dn.keytab. Keytab auto renewal enabled : false
datanode_3  | 2021-10-09 01:03:06,484 [main] INFO ozone.HddsDatanodeService: Hdds Datanode login successful.
datanode_3  | 2021-10-09 01:03:08,590 [main] INFO ozone.HddsDatanodeService: Initializing secure Datanode.
datanode_3  | 2021-10-09 01:03:08,591 [main] ERROR client.DNCertificateClient: Default certificate serial id is not set. Can't locate the default certificate for this client.
datanode_3  | 2021-10-09 01:03:08,591 [main] INFO client.DNCertificateClient: Certificate client init case: 0
kdc_1       | Oct 09 01:04:00 kdc krb5kdc[7](info): TGS_REQ (6 etypes {aes256-cts-hmac-sha1-96(18), aes128-cts-hmac-sha1-96(17), aes256-cts-hmac-sha384-192(20), aes128-cts-hmac-sha256-128(19), DEPRECATED:des3-cbc-sha1(16), DEPRECATED:arcfour-hmac(23)}) 172.18.0.8: ISSUE: authtime 1633741387, etypes {rep=aes256-cts-hmac-sha1-96(18), tkt=aes256-cts-hmac-sha1-96(18), ses=aes256-cts-hmac-sha1-96(18)}, dn/dn@EXAMPLE.COM for recon/recon@EXAMPLE.COM
kdc_1       | Oct 09 01:04:01 kdc krb5kdc[7](info): AS_REQ (2 etypes {aes256-cts-hmac-sha1-96(18), aes128-cts-hmac-sha1-96(17)}) 172.18.0.3: ISSUE: authtime 1633741441, etypes {rep=aes256-cts-hmac-sha1-96(18), tkt=aes256-cts-hmac-sha1-96(18), ses=aes256-cts-hmac-sha1-96(18)}, om/om@EXAMPLE.COM for krbtgt/EXAMPLE.COM@EXAMPLE.COM
s3g_1       | 2021-10-09 01:02:58,703 [main] INFO s3.Gateway: S3Gateway login successful.
datanode_3  | 2021-10-09 01:03:08,592 [main] INFO client.DNCertificateClient: Creating keypair for client as keypair and certificate not found.
kdc_1       | Oct 09 01:04:02 kdc krb5kdc[7](info): TGS_REQ (6 etypes {aes256-cts-hmac-sha1-96(18), aes128-cts-hmac-sha1-96(17), aes256-cts-hmac-sha384-192(20), aes128-cts-hmac-sha256-128(19), DEPRECATED:des3-cbc-sha1(16), DEPRECATED:arcfour-hmac(23)}) 172.18.0.5: ISSUE: authtime 1633741385, etypes {rep=aes256-cts-hmac-sha1-96(18), tkt=aes256-cts-hmac-sha1-96(18), ses=aes256-cts-hmac-sha1-96(18)}, dn/dn@EXAMPLE.COM for recon/recon@EXAMPLE.COM
kdc_1       | Oct 09 01:04:04 kdc krb5kdc[7](info): TGS_REQ (6 etypes {aes256-cts-hmac-sha1-96(18), aes128-cts-hmac-sha1-96(17), aes256-cts-hmac-sha384-192(20), aes128-cts-hmac-sha256-128(19), DEPRECATED:des3-cbc-sha1(16), DEPRECATED:arcfour-hmac(23)}) 172.18.0.3: ISSUE: authtime 1633741441, etypes {rep=aes256-cts-hmac-sha1-96(18), tkt=aes256-cts-hmac-sha1-96(18), ses=aes256-cts-hmac-sha1-96(18)}, om/om@EXAMPLE.COM for scm/scm@EXAMPLE.COM
kdc_1       | Oct 09 01:04:06 kdc krb5kdc[7](info): TGS_REQ (6 etypes {aes256-cts-hmac-sha1-96(18), aes128-cts-hmac-sha1-96(17), aes256-cts-hmac-sha384-192(20), aes128-cts-hmac-sha256-128(19), DEPRECATED:des3-cbc-sha1(16), DEPRECATED:arcfour-hmac(23)}) 172.18.0.6: ISSUE: authtime 1633741426, etypes {rep=aes256-cts-hmac-sha1-96(18), tkt=aes256-cts-hmac-sha1-96(18), ses=aes256-cts-hmac-sha1-96(18)}, HTTP/scm@EXAMPLE.COM for scm/scm@EXAMPLE.COM
kdc_1       | Oct 09 01:04:11 kdc krb5kdc[7](info): AS_REQ (8 etypes {aes256-cts-hmac-sha1-96(18), aes128-cts-hmac-sha1-96(17), aes256-cts-hmac-sha384-192(20), aes128-cts-hmac-sha256-128(19), DEPRECATED:des3-cbc-sha1(16), DEPRECATED:arcfour-hmac(23), camellia128-cts-cmac(25), camellia256-cts-cmac(26)}) 172.18.0.6: ISSUE: authtime 1633741451, etypes {rep=aes256-cts-hmac-sha1-96(18), tkt=aes256-cts-hmac-sha1-96(18), ses=aes256-cts-hmac-sha1-96(18)}, HTTP/scm@EXAMPLE.COM for krbtgt/EXAMPLE.COM@EXAMPLE.COM
kdc_1       | Oct 09 01:04:18 kdc krb5kdc[7](info): TGS_REQ (6 etypes {aes256-cts-hmac-sha1-96(18), aes128-cts-hmac-sha1-96(17), aes256-cts-hmac-sha384-192(20), aes128-cts-hmac-sha256-128(19), DEPRECATED:des3-cbc-sha1(16), DEPRECATED:arcfour-hmac(23)}) 172.18.0.6: ISSUE: authtime 1633741451, etypes {rep=aes256-cts-hmac-sha1-96(18), tkt=aes256-cts-hmac-sha1-96(18), ses=aes256-cts-hmac-sha1-96(18)}, HTTP/scm@EXAMPLE.COM for scm/scm@EXAMPLE.COM
datanode_1  | 2021-10-09 01:03:48,355 [main] INFO server.GrpcService: raft.grpc.flow.control.window = 5MB (=5242880) (custom)
datanode_1  | 2021-10-09 01:03:48,357 [main] INFO server.RaftServerConfigKeys: raft.server.rpc.request.timeout = 60s (custom)
datanode_3  | 2021-10-09 01:03:14,701 [main] INFO ozone.HddsDatanodeService: Init response: GETCERT
datanode_2  | 2021-10-09 01:03:41,372 [main] INFO ozoneimpl.OzoneContainer: Build ContainerSet costs 0s
datanode_1  | 2021-10-09 01:03:56,048 [main] INFO impl.DataStreamServerImpl: raft.datastream.type = DISABLED (default)
datanode_1  | 2021-10-09 01:03:56,050 [main] INFO server.RaftServerConfigKeys: raft.server.rpc.slowness.timeout = 300s (custom)
datanode_1  | 2021-10-09 01:03:56,050 [main] INFO server.RaftServerConfigKeys: raft.server.leaderelection.leader.step-down.wait-time = 10s (default)
datanode_1  | 2021-10-09 01:03:56,111 [main] INFO server.RaftServerConfigKeys: raft.server.storage.dir = [/data/metadata/ratis] (custom)
datanode_2  | 2021-10-09 01:03:47,021 [main] WARN server.ServerUtils: Storage directory for Ratis is not configured. It is a good idea to map this to an SSD disk. Falling back to ozone.metadata.dirs
datanode_1  | 2021-10-09 01:03:57,824 [main] INFO http.BaseHttpServer: Starting Web-server for hddsDatanode at: http://0.0.0.0:9882
datanode_1  | 2021-10-09 01:03:57,824 [main] INFO http.BaseHttpServer: Hadoop Security Enabled: true Ozone Security Enabled: true Ozone HTTP Security Enabled: true 
datanode_3  | 2021-10-09 01:03:14,776 [main] INFO ozone.OzoneSecurityUtil: Adding ip:172.18.0.9,host:997889d62817
datanode_3  | 2021-10-09 01:03:14,780 [main] INFO ozone.OzoneSecurityUtil: ip:127.0.0.1 not returned.
om_1        | OpenJDK 64-Bit Server VM warning: Option UseConcMarkSweepGC was deprecated in version 9.0 and will likely be removed in a future release.
om_1        | 2021-10-09 01:02:49,776 [main] INFO om.OzoneManagerStarter: STARTUP_MSG: 
om_1        | /************************************************************
scm_1       | OpenJDK 64-Bit Server VM warning: Option UseConcMarkSweepGC was deprecated in version 9.0 and will likely be removed in a future release.
datanode_2  | 2021-10-09 01:03:47,440 [main] INFO server.RaftServer: raft.rpc.type = GRPC (default)
datanode_2  | 2021-10-09 01:03:48,169 [main] INFO grpc.GrpcConfigKeys: raft.grpc.admin.port = 9857 (custom)
datanode_2  | 2021-10-09 01:03:48,177 [main] INFO grpc.GrpcConfigKeys: raft.grpc.client.port = 9858 (custom)
datanode_3  | 2021-10-09 01:03:14,798 [main] ERROR client.DNCertificateClient: Invalid domain 997889d62817
datanode_3  | 2021-10-09 01:03:14,829 [main] INFO ozone.HddsDatanodeService: Creating csr for DN-> subject:root@997889d62817
om_1        | STARTUP_MSG: Starting OzoneManager
om_1        | STARTUP_MSG:   host = om/172.18.0.3
om_1        | STARTUP_MSG:   args = [--init]
scm_1       | 2021-10-09 01:03:07,556 [main] INFO server.StorageContainerManagerStarter: STARTUP_MSG: 
datanode_2  | 2021-10-09 01:03:48,186 [main] INFO grpc.GrpcConfigKeys: raft.grpc.server.port = 9856 (custom)
kdc_1       | Oct 09 01:04:21 kdc krb5kdc[7](info): TGS_REQ (6 etypes {aes256-cts-hmac-sha1-96(18), aes128-cts-hmac-sha1-96(17), aes256-cts-hmac-sha384-192(20), aes128-cts-hmac-sha256-128(19), DEPRECATED:des3-cbc-sha1(16), DEPRECATED:arcfour-hmac(23)}) 172.18.0.4: ISSUE: authtime 1633741388, etypes {rep=aes256-cts-hmac-sha1-96(18), tkt=aes256-cts-hmac-sha1-96(18), ses=aes256-cts-hmac-sha1-96(18)}, recon/recon@EXAMPLE.COM for om/om@EXAMPLE.COM
datanode_2  | 2021-10-09 01:03:48,203 [main] INFO server.GrpcService: raft.grpc.message.size.max = 32MB (=33554432) (custom)
datanode_2  | 2021-10-09 01:03:48,207 [main] INFO server.RaftServerConfigKeys: raft.server.log.appender.buffer.byte-limit = 33554432 (custom)
datanode_2  | 2021-10-09 01:03:48,218 [main] INFO server.GrpcService: raft.grpc.flow.control.window = 5MB (=5242880) (custom)
datanode_2  | 2021-10-09 01:03:48,223 [main] INFO server.RaftServerConfigKeys: raft.server.rpc.request.timeout = 60s (custom)
datanode_2  | 2021-10-09 01:03:54,203 [main] INFO impl.DataStreamServerImpl: raft.datastream.type = DISABLED (default)
s3g_1       | 2021-10-09 01:02:59,232 [main] INFO http.BaseHttpServer: Starting Web-server for s3gateway at: http://0.0.0.0:9878
datanode_3  | 2021-10-09 01:03:19,102 [main] INFO retry.RetryInvocationHandler: com.google.protobuf.ServiceException: java.net.ConnectException: Call From 997889d62817/172.18.0.9 to scm:9961 failed on connection exception: java.net.ConnectException: Connection refused; For more details see:  http://wiki.apache.org/hadoop/ConnectionRefused, while invoking $Proxy18.submitRequest over nodeId=scmNodeId,nodeAddress=scm/172.18.0.6:9961 after 1 failover attempts. Trying to failover after sleeping for 2000ms.
kdc_1       | Oct 09 01:04:21 kdc krb5kdc[7](info): AS_REQ (8 etypes {aes256-cts-hmac-sha1-96(18), aes128-cts-hmac-sha1-96(17), aes256-cts-hmac-sha384-192(20), aes128-cts-hmac-sha256-128(19), DEPRECATED:des3-cbc-sha1(16), DEPRECATED:arcfour-hmac(23), camellia128-cts-cmac(25), camellia256-cts-cmac(26)}) 172.18.0.6: ISSUE: authtime 1633741461, etypes {rep=aes256-cts-hmac-sha1-96(18), tkt=aes256-cts-hmac-sha1-96(18), ses=aes256-cts-hmac-sha1-96(18)}, HTTP/scm@EXAMPLE.COM for krbtgt/EXAMPLE.COM@EXAMPLE.COM
kdc_1       | Oct 09 01:04:23 kdc krb5kdc[7](info): TGS_REQ (6 etypes {aes256-cts-hmac-sha1-96(18), aes128-cts-hmac-sha1-96(17), aes256-cts-hmac-sha384-192(20), aes128-cts-hmac-sha256-128(19), DEPRECATED:des3-cbc-sha1(16), DEPRECATED:arcfour-hmac(23)}) 172.18.0.4: ISSUE: authtime 1633741388, etypes {rep=aes256-cts-hmac-sha1-96(18), tkt=aes256-cts-hmac-sha1-96(18), ses=aes256-cts-hmac-sha1-96(18)}, recon/recon@EXAMPLE.COM for HTTP/om@EXAMPLE.COM
kdc_1       | Oct 09 01:04:27 kdc krb5kdc[7](info): TGS_REQ (6 etypes {aes256-cts-hmac-sha1-96(18), aes128-cts-hmac-sha1-96(17), aes256-cts-hmac-sha384-192(20), aes128-cts-hmac-sha256-128(19), DEPRECATED:des3-cbc-sha1(16), DEPRECATED:arcfour-hmac(23)}) 172.18.0.6: ISSUE: authtime 1633741461, etypes {rep=aes256-cts-hmac-sha1-96(18), tkt=aes256-cts-hmac-sha1-96(18), ses=aes256-cts-hmac-sha1-96(18)}, HTTP/scm@EXAMPLE.COM for scm/scm@EXAMPLE.COM
kdc_1       | Oct 09 01:04:30 kdc krb5kdc[7](info): AS_REQ (8 etypes {aes256-cts-hmac-sha1-96(18), aes128-cts-hmac-sha1-96(17), aes256-cts-hmac-sha384-192(20), aes128-cts-hmac-sha256-128(19), DEPRECATED:des3-cbc-sha1(16), DEPRECATED:arcfour-hmac(23), camellia128-cts-cmac(25), camellia256-cts-cmac(26)}) 172.18.0.6: ISSUE: authtime 1633741470, etypes {rep=aes256-cts-hmac-sha1-96(18), tkt=aes256-cts-hmac-sha1-96(18), ses=aes256-cts-hmac-sha1-96(18)}, HTTP/scm@EXAMPLE.COM for krbtgt/EXAMPLE.COM@EXAMPLE.COM
kdc_1       | Oct 09 01:04:35 kdc krb5kdc[7](info): TGS_REQ (6 etypes {aes256-cts-hmac-sha1-96(18), aes128-cts-hmac-sha1-96(17), aes256-cts-hmac-sha384-192(20), aes128-cts-hmac-sha256-128(19), DEPRECATED:des3-cbc-sha1(16), DEPRECATED:arcfour-hmac(23)}) 172.18.0.6: ISSUE: authtime 1633741470, etypes {rep=aes256-cts-hmac-sha1-96(18), tkt=aes256-cts-hmac-sha1-96(18), ses=aes256-cts-hmac-sha1-96(18)}, HTTP/scm@EXAMPLE.COM for scm/scm@EXAMPLE.COM
datanode_1  | 2021-10-09 01:03:57,824 [main] INFO http.BaseHttpServer: HttpAuthType: hdds.datanode.http.auth.type = kerberos
datanode_1  | 2021-10-09 01:03:57,971 [main] INFO util.log: Logging initialized @79735ms to org.eclipse.jetty.util.log.Slf4jLog
datanode_1  | 2021-10-09 01:03:58,565 [main] INFO http.HttpRequestLog: Http request log for http.requests.hddsDatanode is not defined
s3g_1       | 2021-10-09 01:02:59,247 [main] INFO http.BaseHttpServer: Hadoop Security Enabled: true Ozone Security Enabled: true Ozone HTTP Security Enabled: true 
recon_1     | OpenJDK 64-Bit Server VM warning: Option UseConcMarkSweepGC was deprecated in version 9.0 and will likely be removed in a future release.
datanode_3  | 2021-10-09 01:03:21,105 [main] INFO retry.RetryInvocationHandler: com.google.protobuf.ServiceException: java.net.ConnectException: Call From 997889d62817/172.18.0.9 to scm:9961 failed on connection exception: java.net.ConnectException: Connection refused; For more details see:  http://wiki.apache.org/hadoop/ConnectionRefused, while invoking $Proxy18.submitRequest over nodeId=scmNodeId,nodeAddress=scm/172.18.0.6:9961 after 2 failover attempts. Trying to failover after sleeping for 2000ms.
datanode_3  | 2021-10-09 01:03:23,109 [main] INFO retry.RetryInvocationHandler: com.google.protobuf.ServiceException: java.net.ConnectException: Call From 997889d62817/172.18.0.9 to scm:9961 failed on connection exception: java.net.ConnectException: Connection refused; For more details see:  http://wiki.apache.org/hadoop/ConnectionRefused, while invoking $Proxy18.submitRequest over nodeId=scmNodeId,nodeAddress=scm/172.18.0.6:9961 after 3 failover attempts. Trying to failover after sleeping for 2000ms.
datanode_3  | 2021-10-09 01:03:25,111 [main] INFO retry.RetryInvocationHandler: com.google.protobuf.ServiceException: java.net.ConnectException: Call From 997889d62817/172.18.0.9 to scm:9961 failed on connection exception: java.net.ConnectException: Connection refused; For more details see:  http://wiki.apache.org/hadoop/ConnectionRefused, while invoking $Proxy18.submitRequest over nodeId=scmNodeId,nodeAddress=scm/172.18.0.6:9961 after 4 failover attempts. Trying to failover after sleeping for 2000ms.
datanode_1  | 2021-10-09 01:03:58,603 [main] INFO http.HttpServer2: Added global filter 'safety' (class=org.apache.hadoop.hdds.server.http.HttpServer2$QuotingInputFilter)
datanode_1  | 2021-10-09 01:03:58,605 [main] INFO http.HttpServer2: Added filter authentication (class=org.apache.hadoop.security.authentication.server.AuthenticationFilter) to context hddsDatanode
datanode_1  | 2021-10-09 01:03:58,605 [main] INFO http.HttpServer2: Added filter authentication (class=org.apache.hadoop.security.authentication.server.AuthenticationFilter) to context static
datanode_1  | 2021-10-09 01:03:58,605 [main] INFO http.HttpServer2: Added filter authentication (class=org.apache.hadoop.security.authentication.server.AuthenticationFilter) to context logs
kdc_1       | Oct 09 01:04:42 kdc krb5kdc[7](info): AS_REQ (8 etypes {aes256-cts-hmac-sha1-96(18), aes128-cts-hmac-sha1-96(17), aes256-cts-hmac-sha384-192(20), aes128-cts-hmac-sha256-128(19), DEPRECATED:des3-cbc-sha1(16), DEPRECATED:arcfour-hmac(23), camellia128-cts-cmac(25), camellia256-cts-cmac(26)}) 172.18.0.6: ISSUE: authtime 1633741482, etypes {rep=aes256-cts-hmac-sha1-96(18), tkt=aes256-cts-hmac-sha1-96(18), ses=aes256-cts-hmac-sha1-96(18)}, testuser/scm@EXAMPLE.COM for krbtgt/EXAMPLE.COM@EXAMPLE.COM
s3g_1       | 2021-10-09 01:02:59,247 [main] INFO http.BaseHttpServer: HttpAuthType: ozone.s3g.http.auth.type = kerberos
datanode_2  | 2021-10-09 01:03:54,209 [main] INFO server.RaftServerConfigKeys: raft.server.rpc.slowness.timeout = 300s (custom)
datanode_2  | 2021-10-09 01:03:54,212 [main] INFO server.RaftServerConfigKeys: raft.server.leaderelection.leader.step-down.wait-time = 10s (default)
kdc_1       | Oct 09 01:04:47 kdc krb5kdc[7](info): AS_REQ (8 etypes {aes256-cts-hmac-sha1-96(18), aes128-cts-hmac-sha1-96(17), aes256-cts-hmac-sha384-192(20), aes128-cts-hmac-sha256-128(19), DEPRECATED:des3-cbc-sha1(16), DEPRECATED:arcfour-hmac(23), camellia128-cts-cmac(25), camellia256-cts-cmac(26)}) 172.18.0.6: ISSUE: authtime 1633741487, etypes {rep=aes256-cts-hmac-sha1-96(18), tkt=aes256-cts-hmac-sha1-96(18), ses=aes256-cts-hmac-sha1-96(18)}, HTTP/scm@EXAMPLE.COM for krbtgt/EXAMPLE.COM@EXAMPLE.COM
s3g_1       | 2021-10-09 01:02:59,623 [main] INFO util.log: Logging initialized @21094ms to org.eclipse.jetty.util.log.Slf4jLog
s3g_1       | 2021-10-09 01:03:00,486 [main] INFO http.HttpRequestLog: Http request log for http.requests.s3gateway is not defined
kdc_1       | Oct 09 01:04:47 kdc krb5kdc[7](info): TGS_REQ (8 etypes {aes256-cts-hmac-sha1-96(18), aes128-cts-hmac-sha1-96(17), aes256-cts-hmac-sha384-192(20), aes128-cts-hmac-sha256-128(19), DEPRECATED:des3-cbc-sha1(16), DEPRECATED:arcfour-hmac(23), camellia128-cts-cmac(25), camellia256-cts-cmac(26)}) 172.18.0.6: ISSUE: authtime 1633741487, etypes {rep=aes256-cts-hmac-sha1-96(18), tkt=aes256-cts-hmac-sha1-96(18), ses=aes256-cts-hmac-sha1-96(18)}, HTTP/scm@EXAMPLE.COM for HTTP/scm@EXAMPLE.COM
kdc_1       | Oct 09 01:04:47 kdc krb5kdc[7](info): AS_REQ (8 etypes {aes256-cts-hmac-sha1-96(18), aes128-cts-hmac-sha1-96(17), aes256-cts-hmac-sha384-192(20), aes128-cts-hmac-sha256-128(19), DEPRECATED:des3-cbc-sha1(16), DEPRECATED:arcfour-hmac(23), camellia128-cts-cmac(25), camellia256-cts-cmac(26)}) 172.18.0.6: ISSUE: authtime 1633741487, etypes {rep=aes256-cts-hmac-sha1-96(18), tkt=aes256-cts-hmac-sha1-96(18), ses=aes256-cts-hmac-sha1-96(18)}, testuser/scm@EXAMPLE.COM for krbtgt/EXAMPLE.COM@EXAMPLE.COM
kdc_1       | Oct 09 01:04:51 kdc krb5kdc[7](info): TGS_REQ (6 etypes {aes256-cts-hmac-sha1-96(18), aes128-cts-hmac-sha1-96(17), aes256-cts-hmac-sha384-192(20), aes128-cts-hmac-sha256-128(19), DEPRECATED:des3-cbc-sha1(16), DEPRECATED:arcfour-hmac(23)}) 172.18.0.6: ISSUE: authtime 1633741487, etypes {rep=aes256-cts-hmac-sha1-96(18), tkt=aes256-cts-hmac-sha1-96(18), ses=aes256-cts-hmac-sha1-96(18)}, testuser/scm@EXAMPLE.COM for om/om@EXAMPLE.COM
datanode_2  | 2021-10-09 01:03:54,247 [main] INFO server.RaftServerConfigKeys: raft.server.storage.dir = [/data/metadata/ratis] (custom)
datanode_3  | 2021-10-09 01:03:27,116 [main] INFO retry.RetryInvocationHandler: com.google.protobuf.ServiceException: java.net.ConnectException: Call From 997889d62817/172.18.0.9 to scm:9961 failed on connection exception: java.net.ConnectException: Connection refused; For more details see:  http://wiki.apache.org/hadoop/ConnectionRefused, while invoking $Proxy18.submitRequest over nodeId=scmNodeId,nodeAddress=scm/172.18.0.6:9961 after 5 failover attempts. Trying to failover after sleeping for 2000ms.
datanode_3  | 2021-10-09 01:03:29,118 [main] INFO retry.RetryInvocationHandler: com.google.protobuf.ServiceException: java.net.ConnectException: Call From 997889d62817/172.18.0.9 to scm:9961 failed on connection exception: java.net.ConnectException: Connection refused; For more details see:  http://wiki.apache.org/hadoop/ConnectionRefused, while invoking $Proxy18.submitRequest over nodeId=scmNodeId,nodeAddress=scm/172.18.0.6:9961 after 6 failover attempts. Trying to failover after sleeping for 2000ms.
datanode_3  | 2021-10-09 01:03:31,120 [main] INFO retry.RetryInvocationHandler: com.google.protobuf.ServiceException: java.net.ConnectException: Call From 997889d62817/172.18.0.9 to scm:9961 failed on connection exception: java.net.ConnectException: Connection refused; For more details see:  http://wiki.apache.org/hadoop/ConnectionRefused, while invoking $Proxy18.submitRequest over nodeId=scmNodeId,nodeAddress=scm/172.18.0.6:9961 after 7 failover attempts. Trying to failover after sleeping for 2000ms.
s3g_1       | 2021-10-09 01:03:00,513 [main] INFO http.HttpServer2: Added global filter 'safety' (class=org.apache.hadoop.hdds.server.http.HttpServer2$QuotingInputFilter)
s3g_1       | 2021-10-09 01:03:00,532 [main] INFO http.HttpServer2: Added filter authentication (class=org.apache.hadoop.security.authentication.server.AuthenticationFilter) to context s3gateway
kdc_1       | Oct 09 01:10:15 kdc krb5kdc[7](info): TGS_REQ (6 etypes {aes256-cts-hmac-sha1-96(18), aes128-cts-hmac-sha1-96(17), aes256-cts-hmac-sha384-192(20), aes128-cts-hmac-sha256-128(19), DEPRECATED:des3-cbc-sha1(16), DEPRECATED:arcfour-hmac(23)}) 172.18.0.6: ISSUE: authtime 1633741487, etypes {rep=aes256-cts-hmac-sha1-96(18), tkt=aes256-cts-hmac-sha1-96(18), ses=aes256-cts-hmac-sha1-96(18)}, testuser/scm@EXAMPLE.COM for om/om@EXAMPLE.COM
datanode_2  | 2021-10-09 01:03:56,039 [main] INFO http.BaseHttpServer: Starting Web-server for hddsDatanode at: http://0.0.0.0:9882
datanode_1  | 2021-10-09 01:03:58,616 [main] INFO http.HttpServer2: Initialize spnego with host: 0.0.0.0 userKey: hdds.datanode.http.auth.kerberos.principal keytabKey: hdds.datanode.http.auth.kerberos.keytab
recon_1     | 2021-10-09 01:02:55,447 [main] INFO recon.ReconServer: STARTUP_MSG: 
recon_1     | /************************************************************
datanode_3  | 2021-10-09 01:03:38,074 [main] INFO client.DNCertificateClient: Loading certificate from location:/data/metadata/dn/certs.
datanode_2  | 2021-10-09 01:03:56,040 [main] INFO http.BaseHttpServer: Hadoop Security Enabled: true Ozone Security Enabled: true Ozone HTTP Security Enabled: true 
datanode_2  | 2021-10-09 01:03:56,040 [main] INFO http.BaseHttpServer: HttpAuthType: hdds.datanode.http.auth.type = kerberos
kdc_1       | Oct 09 01:10:23 kdc krb5kdc[7](info): TGS_REQ (6 etypes {aes256-cts-hmac-sha1-96(18), aes128-cts-hmac-sha1-96(17), aes256-cts-hmac-sha384-192(20), aes128-cts-hmac-sha256-128(19), DEPRECATED:des3-cbc-sha1(16), DEPRECATED:arcfour-hmac(23)}) 172.18.0.6: ISSUE: authtime 1633741487, etypes {rep=aes256-cts-hmac-sha1-96(18), tkt=aes256-cts-hmac-sha1-96(18), ses=aes256-cts-hmac-sha1-96(18)}, testuser/scm@EXAMPLE.COM for om/om@EXAMPLE.COM
datanode_3  | 2021-10-09 01:03:38,137 [main] INFO client.DNCertificateClient: Added certificate from file:/data/metadata/dn/certs/ROOTCA-1.crt.
datanode_3  | 2021-10-09 01:03:38,155 [main] INFO client.DNCertificateClient: Added certificate from file:/data/metadata/dn/certs/269264822440.crt.
datanode_3  | 2021-10-09 01:03:38,184 [main] INFO client.DNCertificateClient: Added certificate from file:/data/metadata/dn/certs/CA-257737121573.crt.
datanode_1  | 2021-10-09 01:03:58,805 [main] INFO http.HttpServer2: Jetty bound to port 9882
recon_1     | STARTUP_MSG: Starting ReconServer
om_1        | STARTUP_MSG:   version = 1.2.0-SNAPSHOT
scm_1       | /************************************************************
scm_1       | STARTUP_MSG: Starting StorageContainerManager
datanode_2  | 2021-10-09 01:03:56,203 [main] INFO util.log: Logging initialized @75053ms to org.eclipse.jetty.util.log.Slf4jLog
datanode_2  | 2021-10-09 01:03:56,760 [main] INFO http.HttpRequestLog: Http request log for http.requests.hddsDatanode is not defined
datanode_2  | 2021-10-09 01:03:56,812 [main] INFO http.HttpServer2: Added global filter 'safety' (class=org.apache.hadoop.hdds.server.http.HttpServer2$QuotingInputFilter)
kdc_1       | Oct 09 01:10:32 kdc krb5kdc[7](info): TGS_REQ (6 etypes {aes256-cts-hmac-sha1-96(18), aes128-cts-hmac-sha1-96(17), aes256-cts-hmac-sha384-192(20), aes128-cts-hmac-sha256-128(19), DEPRECATED:des3-cbc-sha1(16), DEPRECATED:arcfour-hmac(23)}) 172.18.0.6: ISSUE: authtime 1633741487, etypes {rep=aes256-cts-hmac-sha1-96(18), tkt=aes256-cts-hmac-sha1-96(18), ses=aes256-cts-hmac-sha1-96(18)}, testuser/scm@EXAMPLE.COM for om/om@EXAMPLE.COM
datanode_1  | 2021-10-09 01:03:58,863 [main] INFO server.Server: jetty-9.4.43.v20210629; built: 2021-06-30T11:07:22.254Z; git: 526006ecfa3af7f1a27ef3a288e2bef7ea9dd7e8; jvm 11.0.10+9-LTS
datanode_1  | 2021-10-09 01:03:59,014 [main] INFO server.session: DefaultSessionIdManager workerName=node0
recon_1     | STARTUP_MSG:   host = recon/172.18.0.4
kdc_1       | Oct 09 01:10:41 kdc krb5kdc[7](info): TGS_REQ (6 etypes {aes256-cts-hmac-sha1-96(18), aes128-cts-hmac-sha1-96(17), aes256-cts-hmac-sha384-192(20), aes128-cts-hmac-sha256-128(19), DEPRECATED:des3-cbc-sha1(16), DEPRECATED:arcfour-hmac(23)}) 172.18.0.6: ISSUE: authtime 1633741487, etypes {rep=aes256-cts-hmac-sha1-96(18), tkt=aes256-cts-hmac-sha1-96(18), ses=aes256-cts-hmac-sha1-96(18)}, testuser/scm@EXAMPLE.COM for om/om@EXAMPLE.COM
kdc_1       | Oct 09 01:13:53 kdc krb5kdc[7](info): TGS_REQ (6 etypes {aes256-cts-hmac-sha1-96(18), aes128-cts-hmac-sha1-96(17), aes256-cts-hmac-sha384-192(20), aes128-cts-hmac-sha256-128(19), DEPRECATED:des3-cbc-sha1(16), DEPRECATED:arcfour-hmac(23)}) 172.18.0.6: ISSUE: authtime 1633741487, etypes {rep=aes256-cts-hmac-sha1-96(18), tkt=aes256-cts-hmac-sha1-96(18), ses=aes256-cts-hmac-sha1-96(18)}, testuser/scm@EXAMPLE.COM for om/om@EXAMPLE.COM
datanode_1  | 2021-10-09 01:03:59,014 [main] INFO server.session: No SessionScavenger set, using defaults
datanode_1  | 2021-10-09 01:03:59,029 [main] INFO server.session: node0 Scavenging every 660000ms
datanode_1  | 2021-10-09 01:03:59,092 [main] INFO server.KerberosAuthenticationHandler: Using keytab /etc/security/keytabs/dn.keytab, for principal HTTP/dn@EXAMPLE.COM
datanode_1  | 2021-10-09 01:03:59,105 [main] INFO handler.ContextHandler: Started o.e.j.s.ServletContextHandler@515555b{logs,/logs,file:///var/log/hadoop/,AVAILABLE}
kdc_1       | Oct 09 01:14:02 kdc krb5kdc[7](info): TGS_REQ (6 etypes {aes256-cts-hmac-sha1-96(18), aes128-cts-hmac-sha1-96(17), aes256-cts-hmac-sha384-192(20), aes128-cts-hmac-sha256-128(19), DEPRECATED:des3-cbc-sha1(16), DEPRECATED:arcfour-hmac(23)}) 172.18.0.6: ISSUE: authtime 1633741487, etypes {rep=aes256-cts-hmac-sha1-96(18), tkt=aes256-cts-hmac-sha1-96(18), ses=aes256-cts-hmac-sha1-96(18)}, testuser/scm@EXAMPLE.COM for om/om@EXAMPLE.COM
om_1        | STARTUP_MSG:   classpath = /etc/hadoop:/opt/hadoop/share/ozone/lib/hdds-interface-admin-1.2.0-SNAPSHOT.jar:/opt/hadoop/share/ozone/lib/kerb-simplekdc-1.0.1.jar:/opt/hadoop/share/ozone/lib/jackson-annotations-2.12.1.jar:/opt/hadoop/share/ozone/lib/protobuf-java-2.5.0.jar:/opt/hadoop/share/ozone/lib/slf4j-log4j12-1.7.30.jar:/opt/hadoop/share/ozone/lib/log4j-api-2.13.3.jar:/opt/hadoop/share/ozone/lib/commons-validator-1.6.jar:/opt/hadoop/share/ozone/lib/hdds-server-framework-1.2.0-SNAPSHOT.jar:/opt/hadoop/share/ozone/lib/bcpkix-jdk15on-1.67.jar:/opt/hadoop/share/ozone/lib/jetty-security-9.4.43.v20210629.jar:/opt/hadoop/share/ozone/lib/rocksdbjni-6.20.3.jar:/opt/hadoop/share/ozone/lib/kerb-core-1.0.1.jar:/opt/hadoop/share/ozone/lib/hdds-interface-server-1.2.0-SNAPSHOT.jar:/opt/hadoop/share/ozone/lib/hadoop-shaded-protobuf_3_7-1.1.1.jar:/opt/hadoop/share/ozone/lib/okhttp-4.9.0.jar:/opt/hadoop/share/ozone/lib/jsr305-3.0.0.jar:/opt/hadoop/share/ozone/lib/j2objc-annotations-1.3.jar:/opt/hadoop/share/ozone/lib/hdds-hadoop-dependency-server-1.2.0-SNAPSHOT.jar:/opt/hadoop/share/ozone/lib/htrace-core4-4.1.0-incubating.jar:/opt/hadoop/share/ozone/lib/picocli-4.6.1.jar:/opt/hadoop/share/ozone/lib/javassist-3.21.0-GA.jar:/opt/hadoop/share/ozone/lib/ratis-metrics-2.1.0-03f3b68-SNAPSHOT.jar:/opt/hadoop/share/ozone/lib/kerb-util-1.0.1.jar:/opt/hadoop/share/ozone/lib/kotlin-stdlib-common-1.4.31.jar:/opt/hadoop/share/ozone/lib/ratis-netty-2.1.0-03f3b68-SNAPSHOT.jar:/opt/hadoop/share/ozone/lib/checker-qual-3.8.0.jar:/opt/hadoop/share/ozone/lib/hadoop-shaded-guava-1.1.1.jar:/opt/hadoop/share/ozone/lib/commons-logging-1.2.jar:/opt/hadoop/share/ozone/lib/kerby-xdr-1.0.1.jar:/opt/hadoop/share/ozone/lib/ratis-server-2.1.0-03f3b68-SNAPSHOT.jar:/opt/hadoop/share/ozone/lib/jackson-datatype-jsr310-2.12.1.jar:/opt/hadoop/share/ozone/lib/httpcore-4.4.13.jar:/opt/hadoop/share/ozone/lib/opentracing-tracerresolver-0.1.8.jar:/opt/hadoop/share/ozone/lib/commons-net-3.6.jar:/opt/hadoop/share/ozone/lib/hdds-client-1.2.0-SNAPSHOT.jar:/opt/hadoop/share/ozone/lib/libthrift-0.14.1.jar:/opt/hadoop/share/ozone/lib/snakeyaml-1.26.jar:/opt/hadoop/share/ozone/lib/error_prone_annotations-2.2.0.jar:/opt/hadoop/share/ozone/lib/jetty-servlet-9.4.43.v20210629.jar:/opt/hadoop/share/ozone/lib/httpclient-4.5.13.jar:/opt/hadoop/share/ozone/lib/kerby-config-1.0.1.jar:/opt/hadoop/share/ozone/lib/jaeger-client-1.6.0.jar:/opt/hadoop/share/ozone/lib/commons-io-2.11.0.jar:/opt/hadoop/share/ozone/lib/metrics-core-3.2.4.jar:/opt/hadoop/share/ozone/lib/kerby-pkix-1.0.1.jar:/opt/hadoop/share/ozone/lib/aspectjweaver-1.9.7.jar:/opt/hadoop/share/ozone/lib/jsr311-api-1.1.1.jar:/opt/hadoop/share/ozone/lib/jetty-webapp-9.4.43.v20210629.jar:/opt/hadoop/share/ozone/lib/commons-beanutils-1.9.4.jar:/opt/hadoop/share/ozone/lib/ozone-interface-client-1.2.0-SNAPSHOT.jar:/opt/hadoop/share/ozone/lib/ratis-proto-2.1.0-03f3b68-SNAPSHOT.jar:/opt/hadoop/share/ozone/lib/ratis-client-2.1.0-03f3b68-SNAPSHOT.jar:/opt/hadoop/share/ozone/lib/javax.servlet-api-3.1.0.jar:/opt/hadoop/share/ozone/lib/kerb-server-1.0.1.jar:/opt/hadoop/share/ozone/lib/guava-30.1.1-jre.jar:/opt/hadoop/share/ozone/lib/jackson-core-2.12.1.jar:/opt/hadoop/share/ozone/lib/kerb-client-1.0.1.jar:/opt/hadoop/share/ozone/lib/disruptor-3.4.2.jar:/opt/hadoop/share/ozone/lib/aspectjrt-1.9.7.jar:/opt/hadoop/share/ozone/lib/reflections-0.9.11.jar:/opt/hadoop/share/ozone/lib/jetty-io-9.4.43.v20210629.jar:/opt/hadoop/share/ozone/lib/log4j-core-2.13.3.jar:/opt/hadoop/share/ozone/lib/hadoop-hdfs-3.3.1.jar:/opt/hadoop/share/ozone/lib/annotations-13.0.jar:/opt/hadoop/share/ozone/lib/jetty-server-9.4.43.v20210629.jar:/opt/hadoop/share/ozone/lib/simpleclient_common-0.7.0.jar:/opt/hadoop/share/ozone/lib/jackson-databind-2.12.1.jar:/opt/hadoop/share/ozone/lib/hadoop-common-3.3.1.jar:/opt/hadoop/share/ozone/lib/dnsjava-2.1.7.jar:/opt/hadoop/share/ozone/lib/jaeger-thrift-1.6.0.jar:/opt/hadoop/share/ozone/lib/bcprov-jdk15on-1.67.jar:/opt/hadoop/share/ozone/lib/commons-configuration2-2.1.1.jar:/opt/hadoop/share/ozone/lib/json-smart-2.3.jar:/opt/hadoop/share/ozone/lib/token-provider-1.0.1.jar:/opt/hadoop/share/ozone/lib/log4j-1.2.17.jar:/opt/hadoop/share/ozone/lib/commons-daemon-1.0.13.jar:/opt/hadoop/share/ozone/lib/listenablefuture-9999.0-empty-to-avoid-conflict-with-guava.jar:/opt/hadoop/share/ozone/lib/jetty-xml-9.4.43.v20210629.jar:/opt/hadoop/share/ozone/lib/jaeger-tracerresolver-1.6.0.jar:/opt/hadoop/share/ozone/lib/ozone-common-1.2.0-SNAPSHOT.jar:/opt/hadoop/share/ozone/lib/commons-lang3-3.7.jar:/opt/hadoop/share/ozone/lib/hdds-common-1.2.0-SNAPSHOT.jar:/opt/hadoop/share/ozone/lib/accessors-smart-1.2.jar:/opt/hadoop/share/ozone/lib/re2j-1.1.jar:/opt/hadoop/share/ozone/lib/commons-math3-3.1.1.jar:/opt/hadoop/share/ozone/lib/ratis-thirdparty-misc-0.7.0.jar:/opt/hadoop/share/ozone/lib/simpleclient_dropwizard-0.7.0.jar:/opt/hadoop/share/ozone/lib/simpleclient-0.7.0.jar:/opt/hadoop/share/ozone/lib/ozone-client-1.2.0-SNAPSHOT.jar:/opt/hadoop/share/ozone/lib/asm-5.0.4.jar:/opt/hadoop/share/ozone/lib/kerby-util-1.0.1.jar:/opt/hadoop/share/ozone/lib/hdds-hadoop-dependency-client-1.2.0-SNAPSHOT.jar:/opt/hadoop/share/ozone/lib/failureaccess-1.0.1.jar:/opt/hadoop/share/ozone/lib/okio-2.8.0.jar:/opt/hadoop/share/ozone/lib/hdds-config-1.2.0-SNAPSHOT.jar:/opt/hadoop/share/ozone/lib/jsp-api-2.1.jar:/opt/hadoop/share/ozone/lib/jetty-http-9.4.43.v20210629.jar:/opt/hadoop/share/ozone/lib/jsch-0.1.54.jar:/opt/hadoop/share/ozone/lib/jakarta.activation-api-1.2.1.jar:/opt/hadoop/share/ozone/lib/slf4j-api-1.7.30.jar:/opt/hadoop/share/ozone/lib/hadoop-hdfs-client-3.3.1.jar:/opt/hadoop/share/ozone/lib/nimbus-jose-jwt-7.9.jar:/opt/hadoop/share/ozone/lib/commons-codec-1.11.jar:/opt/hadoop/share/ozone/lib/commons-pool2-2.6.0.jar:/opt/hadoop/share/ozone/lib/jetty-util-9.4.43.v20210629.jar:/opt/hadoop/share/ozone/lib/gson-2.2.4.jar:/opt/hadoop/share/ozone/lib/jetty-util-ajax-9.4.43.v20210629.jar:/opt/hadoop/share/ozone/lib/opentracing-api-0.33.0.jar:/opt/hadoop/share/ozone/lib/hdds-interface-client-1.2.0-SNAPSHOT.jar:/opt/hadoop/share/ozone/lib/jcip-annotations-1.0-1.jar:/opt/hadoop/share/ozone/lib/kerb-admin-1.0.1.jar:/opt/hadoop/share/ozone/lib/kotlin-stdlib-1.4.31.jar:/opt/hadoop/share/ozone/lib/opentracing-noop-0.33.0.jar:/opt/hadoop/share/ozone/lib/jersey-core-1.19.jar:/opt/hadoop/share/ozone/lib/ratis-grpc-2.1.0-03f3b68-SNAPSHOT.jar:/opt/hadoop/share/ozone/lib/opentracing-util-0.33.0.jar:/opt/hadoop/share/ozone/lib/ozone-interface-storage-1.2.0-SNAPSHOT.jar:/opt/hadoop/share/ozone/lib/snappy-java-1.1.8.2.jar:/opt/hadoop/share/ozone/lib/commons-cli-1.2.jar:/opt/hadoop/share/ozone/lib/woodstox-core-5.0.3.jar:/opt/hadoop/share/ozone/lib/javax.annotation-api-1.2.jar:/opt/hadoop/share/ozone/lib/kerby-asn1-1.0.1.jar:/opt/hadoop/share/ozone/lib/hadoop-annotations-3.3.1.jar:/opt/hadoop/share/ozone/lib/stax2-api-3.1.4.jar:/opt/hadoop/share/ozone/lib/commons-collections-3.2.2.jar:/opt/hadoop/share/ozone/lib/commons-digester-1.8.1.jar:/opt/hadoop/share/ozone/lib/jaeger-core-1.6.0.jar:/opt/hadoop/share/ozone/lib/ratis-server-api-2.1.0-03f3b68-SNAPSHOT.jar:/opt/hadoop/share/ozone/lib/commons-text-1.4.jar:/opt/hadoop/share/ozone/lib/jersey-servlet-1.19.jar:/opt/hadoop/share/ozone/lib/hadoop-auth-3.3.1.jar:/opt/hadoop/share/ozone/lib/kerb-identity-1.0.1.jar:/opt/hadoop/share/ozone/lib/ratis-common-2.1.0-03f3b68-SNAPSHOT.jar:/opt/hadoop/share/ozone/lib/kerb-common-1.0.1.jar:/opt/hadoop/share/ozone/lib/jersey-server-1.19.jar:/opt/hadoop/share/ozone/lib/commons-compress-1.20.jar:/opt/hadoop/share/ozone/lib/kerb-crypto-1.0.1.jar:/opt/hadoop/share/ozone/web:/opt/hadoop/share/ozone/lib/ozone-manager-1.2.0-SNAPSHOT.jar
om_1        | STARTUP_MSG:   build = https://github.com/apache/ozone/1ffcfe949a742d87fb6149edb4b1284b058e65ee ; compiled by 'runner' on 2021-10-09T00:50Z
datanode_3  | 2021-10-09 01:03:38,189 [main] INFO ozone.HddsDatanodeService: Successfully stored SCM signed certificate, case:GETCERT.
datanode_3  | 2021-10-09 01:03:38,293 [main] INFO upgrade.AbstractLayoutVersionManager: Initializing Layout version manager with metadata layout = SCM_HA (version = 2), software layout = SCM_HA (version = 2)
datanode_3  | 2021-10-09 01:03:39,099 [main] INFO reflections.Reflections: Reflections took 611 ms to scan 2 urls, producing 85 keys and 172 values 
kdc_1       | Oct 09 01:14:10 kdc krb5kdc[7](info): TGS_REQ (6 etypes {aes256-cts-hmac-sha1-96(18), aes128-cts-hmac-sha1-96(17), aes256-cts-hmac-sha384-192(20), aes128-cts-hmac-sha256-128(19), DEPRECATED:des3-cbc-sha1(16), DEPRECATED:arcfour-hmac(23)}) 172.18.0.6: ISSUE: authtime 1633741487, etypes {rep=aes256-cts-hmac-sha1-96(18), tkt=aes256-cts-hmac-sha1-96(18), ses=aes256-cts-hmac-sha1-96(18)}, testuser/scm@EXAMPLE.COM for om/om@EXAMPLE.COM
kdc_1       | Oct 09 01:14:19 kdc krb5kdc[7](info): TGS_REQ (6 etypes {aes256-cts-hmac-sha1-96(18), aes128-cts-hmac-sha1-96(17), aes256-cts-hmac-sha384-192(20), aes128-cts-hmac-sha256-128(19), DEPRECATED:des3-cbc-sha1(16), DEPRECATED:arcfour-hmac(23)}) 172.18.0.6: ISSUE: authtime 1633741487, etypes {rep=aes256-cts-hmac-sha1-96(18), tkt=aes256-cts-hmac-sha1-96(18), ses=aes256-cts-hmac-sha1-96(18)}, testuser/scm@EXAMPLE.COM for om/om@EXAMPLE.COM
scm_1       | STARTUP_MSG:   host = scm/172.18.0.6
scm_1       | STARTUP_MSG:   args = [--init]
datanode_2  | 2021-10-09 01:03:56,821 [main] INFO http.HttpServer2: Added filter authentication (class=org.apache.hadoop.security.authentication.server.AuthenticationFilter) to context hddsDatanode
om_1        | STARTUP_MSG:   java = 11.0.10
om_1        | ************************************************************/
om_1        | 2021-10-09 01:02:49,938 [main] INFO om.OzoneManagerStarter: registered UNIX signal handlers for [TERM, HUP, INT]
om_1        | 2021-10-09 01:03:02,750 [main] INFO ha.OMHANodeDetails: ozone.om.internal.service.id is not defined, falling back to ozone.om.service.ids to find serviceID for OzoneManager if it is HA enabled cluster
kdc_1       | Oct 09 01:14:27 kdc krb5kdc[7](info): TGS_REQ (6 etypes {aes256-cts-hmac-sha1-96(18), aes128-cts-hmac-sha1-96(17), aes256-cts-hmac-sha384-192(20), aes128-cts-hmac-sha256-128(19), DEPRECATED:des3-cbc-sha1(16), DEPRECATED:arcfour-hmac(23)}) 172.18.0.6: ISSUE: authtime 1633741487, etypes {rep=aes256-cts-hmac-sha1-96(18), tkt=aes256-cts-hmac-sha1-96(18), ses=aes256-cts-hmac-sha1-96(18)}, testuser/scm@EXAMPLE.COM for om/om@EXAMPLE.COM
datanode_3  | 2021-10-09 01:03:40,419 [main] INFO fs.SaveSpaceUsageToFile: Cached usage info file /data/hdds/scmUsed not found
datanode_3  | 2021-10-09 01:03:40,476 [main] INFO volume.HddsVolume: Creating HddsVolume: /data/hdds/hdds of storage type : DISK capacity : 89311358976
om_1        | 2021-10-09 01:03:03,194 [main] INFO ha.OMHANodeDetails: Configuration does not have ozone.om.address set. Falling back to the default OM address om/172.18.0.3:9862
om_1        | 2021-10-09 01:03:03,211 [main] INFO ha.OMHANodeDetails: OM Service ID is not set. Setting it to the default ID: omServiceIdDefault
om_1        | 2021-10-09 01:03:03,211 [main] INFO ha.OMHANodeDetails: OM Node ID is not set. Setting it to the default ID: om1
datanode_1  | 2021-10-09 01:03:59,106 [main] INFO handler.ContextHandler: Started o.e.j.s.ServletContextHandler@1d3bf0af{static,/static,jar:file:/opt/hadoop/share/ozone/lib/hdds-container-service-1.2.0-SNAPSHOT.jar!/webapps/static,AVAILABLE}
datanode_1  | 2021-10-09 01:03:59,455 [main] INFO server.KerberosAuthenticationHandler: Using keytab /etc/security/keytabs/dn.keytab, for principal HTTP/dn@EXAMPLE.COM
datanode_1  | 2021-10-09 01:03:59,527 [main] INFO handler.ContextHandler: Started o.e.j.w.WebAppContext@2aadeb31{hddsDatanode,/,file:///tmp/jetty-0_0_0_0-9882-hdds-container-service-1_2_0-SNAPSHOT_jar-_-any-17688869328069292364/webapp/,AVAILABLE}{jar:file:/opt/hadoop/share/ozone/lib/hdds-container-service-1.2.0-SNAPSHOT.jar!/webapps/hddsDatanode}
kdc_1       | Oct 09 01:14:35 kdc krb5kdc[7](info): TGS_REQ (6 etypes {aes256-cts-hmac-sha1-96(18), aes128-cts-hmac-sha1-96(17), aes256-cts-hmac-sha384-192(20), aes128-cts-hmac-sha256-128(19), DEPRECATED:des3-cbc-sha1(16), DEPRECATED:arcfour-hmac(23)}) 172.18.0.6: ISSUE: authtime 1633741487, etypes {rep=aes256-cts-hmac-sha1-96(18), tkt=aes256-cts-hmac-sha1-96(18), ses=aes256-cts-hmac-sha1-96(18)}, testuser/scm@EXAMPLE.COM for om/om@EXAMPLE.COM
datanode_3  | 2021-10-09 01:03:40,485 [main] INFO volume.MutableVolumeSet: Added Volume : /data/hdds/hdds to VolumeSet
datanode_3  | 2021-10-09 01:03:40,496 [main] INFO volume.ThrottledAsyncChecker: Scheduling a check for /data/hdds/hdds
datanode_3  | 2021-10-09 01:03:40,708 [main] INFO volume.StorageVolumeChecker: Scheduled health check for volume /data/hdds/hdds
datanode_2  | 2021-10-09 01:03:56,826 [main] INFO http.HttpServer2: Added filter authentication (class=org.apache.hadoop.security.authentication.server.AuthenticationFilter) to context logs
datanode_2  | 2021-10-09 01:03:56,831 [main] INFO http.HttpServer2: Added filter authentication (class=org.apache.hadoop.security.authentication.server.AuthenticationFilter) to context static
datanode_2  | 2021-10-09 01:03:56,834 [main] INFO http.HttpServer2: Initialize spnego with host: 0.0.0.0 userKey: hdds.datanode.http.auth.kerberos.principal keytabKey: hdds.datanode.http.auth.kerberos.keytab
datanode_2  | 2021-10-09 01:03:57,118 [main] INFO http.HttpServer2: Jetty bound to port 9882
kdc_1       | Oct 09 01:14:43 kdc krb5kdc[7](info): TGS_REQ (6 etypes {aes256-cts-hmac-sha1-96(18), aes128-cts-hmac-sha1-96(17), aes256-cts-hmac-sha384-192(20), aes128-cts-hmac-sha256-128(19), DEPRECATED:des3-cbc-sha1(16), DEPRECATED:arcfour-hmac(23)}) 172.18.0.6: ISSUE: authtime 1633741487, etypes {rep=aes256-cts-hmac-sha1-96(18), tkt=aes256-cts-hmac-sha1-96(18), ses=aes256-cts-hmac-sha1-96(18)}, testuser/scm@EXAMPLE.COM for om/om@EXAMPLE.COM
datanode_1  | 2021-10-09 01:03:59,566 [main] INFO server.AbstractConnector: Started ServerConnector@7a02d760{HTTP/1.1, (http/1.1)}{0.0.0.0:9882}
datanode_1  | 2021-10-09 01:03:59,566 [main] INFO server.Server: Started @81355ms
datanode_1  | 2021-10-09 01:03:59,580 [main] INFO impl.MetricsSinkAdapter: Sink prometheus started
kdc_1       | Oct 09 01:14:51 kdc krb5kdc[7](info): TGS_REQ (6 etypes {aes256-cts-hmac-sha1-96(18), aes128-cts-hmac-sha1-96(17), aes256-cts-hmac-sha384-192(20), aes128-cts-hmac-sha256-128(19), DEPRECATED:des3-cbc-sha1(16), DEPRECATED:arcfour-hmac(23)}) 172.18.0.6: ISSUE: authtime 1633741487, etypes {rep=aes256-cts-hmac-sha1-96(18), tkt=aes256-cts-hmac-sha1-96(18), ses=aes256-cts-hmac-sha1-96(18)}, testuser/scm@EXAMPLE.COM for om/om@EXAMPLE.COM
kdc_1       | Oct 09 01:14:57 kdc krb5kdc[7](info): TGS_REQ (6 etypes {aes256-cts-hmac-sha1-96(18), aes128-cts-hmac-sha1-96(17), aes256-cts-hmac-sha384-192(20), aes128-cts-hmac-sha256-128(19), DEPRECATED:des3-cbc-sha1(16), DEPRECATED:arcfour-hmac(23)}) 172.18.0.6: ISSUE: authtime 1633741487, etypes {rep=aes256-cts-hmac-sha1-96(18), tkt=aes256-cts-hmac-sha1-96(18), ses=aes256-cts-hmac-sha1-96(18)}, testuser/scm@EXAMPLE.COM for om/om@EXAMPLE.COM
om_1        | 2021-10-09 01:03:05,950 [main] INFO security.UserGroupInformation: Login successful for user om/om@EXAMPLE.COM using keytab file om.keytab. Keytab auto renewal enabled : false
datanode_2  | 2021-10-09 01:03:57,122 [main] INFO server.Server: jetty-9.4.43.v20210629; built: 2021-06-30T11:07:22.254Z; git: 526006ecfa3af7f1a27ef3a288e2bef7ea9dd7e8; jvm 11.0.10+9-LTS
datanode_2  | 2021-10-09 01:03:57,334 [main] INFO server.session: DefaultSessionIdManager workerName=node0
datanode_3  | 2021-10-09 01:03:40,877 [main] WARN server.ServerUtils: Storage directory for Ratis is not configured. It is a good idea to map this to an SSD disk. Falling back to ozone.metadata.dirs
datanode_3  | 2021-10-09 01:03:40,885 [main] INFO fs.SaveSpaceUsageToFile: Cached usage info file /data/metadata/ratis/scmUsed not found
datanode_1  | 2021-10-09 01:03:59,580 [main] INFO impl.MetricsSystemImpl: Registered sink prometheus
datanode_1  | 2021-10-09 01:03:59,585 [main] INFO http.BaseHttpServer: HTTP server of hddsDatanode listening at http://0.0.0.0:9882
recon_1     | STARTUP_MSG:   args = []
kdc_1       | Oct 09 01:14:59 kdc krb5kdc[7](info): AS_REQ (8 etypes {aes256-cts-hmac-sha1-96(18), aes128-cts-hmac-sha1-96(17), aes256-cts-hmac-sha384-192(20), aes128-cts-hmac-sha256-128(19), DEPRECATED:des3-cbc-sha1(16), DEPRECATED:arcfour-hmac(23), camellia128-cts-cmac(25), camellia256-cts-cmac(26)}) 172.18.0.6: ISSUE: authtime 1633742099, etypes {rep=aes256-cts-hmac-sha1-96(18), tkt=aes256-cts-hmac-sha1-96(18), ses=aes256-cts-hmac-sha1-96(18)}, testuser/scm@EXAMPLE.COM for krbtgt/EXAMPLE.COM@EXAMPLE.COM
om_1        | 2021-10-09 01:03:05,950 [main] INFO om.OzoneManager: Ozone Manager login successful.
om_1        | 2021-10-09 01:03:06,017 [main] WARN server.ServerUtils: ozone.om.db.dirs is not configured. We recommend adding this setting. Falling back to ozone.metadata.dirs instead.
om_1        | 2021-10-09 01:03:10,258 [main] INFO retry.RetryInvocationHandler: com.google.protobuf.ServiceException: java.net.ConnectException: Call From om/172.18.0.3 to scm:9863 failed on connection exception: java.net.ConnectException: Connection refused; For more details see:  http://wiki.apache.org/hadoop/ConnectionRefused, while invoking $Proxy32.send over nodeId=scmNodeId,nodeAddress=scm/172.18.0.6:9863 after 1 failover attempts. Trying to failover after sleeping for 2000ms.
om_1        | 2021-10-09 01:03:12,265 [main] INFO retry.RetryInvocationHandler: com.google.protobuf.ServiceException: java.net.ConnectException: Call From om/172.18.0.3 to scm:9863 failed on connection exception: java.net.ConnectException: Connection refused; For more details see:  http://wiki.apache.org/hadoop/ConnectionRefused, while invoking $Proxy32.send over nodeId=scmNodeId,nodeAddress=scm/172.18.0.6:9863 after 2 failover attempts. Trying to failover after sleeping for 2000ms.
datanode_1  | 2021-10-09 01:03:59,591 [Datanode State Machine Thread - 0] INFO statemachine.DatanodeStateMachine: Ozone container server started.
s3g_1       | 2021-10-09 01:03:00,537 [main] INFO http.HttpServer2: Added filter authentication (class=org.apache.hadoop.security.authentication.server.AuthenticationFilter) to context static
s3g_1       | 2021-10-09 01:03:00,538 [main] INFO http.HttpServer2: Added filter authentication (class=org.apache.hadoop.security.authentication.server.AuthenticationFilter) to context logs
kdc_1       | Oct 09 01:15:05 kdc krb5kdc[7](info): TGS_REQ (6 etypes {aes256-cts-hmac-sha1-96(18), aes128-cts-hmac-sha1-96(17), aes256-cts-hmac-sha384-192(20), aes128-cts-hmac-sha256-128(19), DEPRECATED:des3-cbc-sha1(16), DEPRECATED:arcfour-hmac(23)}) 172.18.0.6: ISSUE: authtime 1633742099, etypes {rep=aes256-cts-hmac-sha1-96(18), tkt=aes256-cts-hmac-sha1-96(18), ses=aes256-cts-hmac-sha1-96(18)}, testuser/scm@EXAMPLE.COM for om/om@EXAMPLE.COM
om_1        | 2021-10-09 01:03:14,266 [main] INFO retry.RetryInvocationHandler: com.google.protobuf.ServiceException: java.net.ConnectException: Call From om/172.18.0.3 to scm:9863 failed on connection exception: java.net.ConnectException: Connection refused; For more details see:  http://wiki.apache.org/hadoop/ConnectionRefused, while invoking $Proxy32.send over nodeId=scmNodeId,nodeAddress=scm/172.18.0.6:9863 after 3 failover attempts. Trying to failover after sleeping for 2000ms.
