datanode_5  | 2022-03-22 09:12:11,868 [pool-22-thread-1] INFO storage.RaftStorageDirectory: Lock on /data/metadata/ratis/4c120fa1-ddba-4dc7-9850-85142a888f12/in_use.lock acquired by nodename 8@40b220eacd12
om_1        | 2022-03-22 09:12:28,559 [om1@group-C5BA1605619E-StateMachineUpdater] INFO ratis.OzoneManagerStateMachine: Received Configuration change notification from Ratis. New Peer list:
recon_1     | 	at java.base/java.security.AccessController.doPrivileged(Native Method)
s3g_1       | 	at org.jboss.weld.context.unbound.DependentContextImpl.get(DependentContextImpl.java:70)
scm_1       | Threshold                                          10
datanode_4  | 2022-03-22 09:12:12,280 [f4578f7c-5964-46f3-af24-868f73fed64b@group-57A5B23CC69F-FollowerState] INFO impl.FollowerState: f4578f7c-5964-46f3-af24-868f73fed64b@group-57A5B23CC69F-FollowerState: change to CANDIDATE, lastRpcElapsedTime:5140564024ns, electionTimeout:5126ms
datanode_3  | 2022-03-22 09:43:37,427 [pool-22-thread-1] INFO server.RaftServerConfigKeys: raft.server.log.segment.size.max = 1048576 (custom)
datanode_5  | 2022-03-22 09:12:11,877 [pool-22-thread-1] INFO storage.RaftStorage: Storage directory /data/metadata/ratis/4c120fa1-ddba-4dc7-9850-85142a888f12 has been successfully formatted.
om_1        | [id: "om1"
recon_1     | 	at java.base/javax.security.auth.Subject.doAs(Subject.java:423)
s3g_1       | 	at org.jboss.weld.bean.ContextualInstanceStrategy$DefaultContextualInstanceStrategy.get(ContextualInstanceStrategy.java:100)
scm_1       | Max Datanodes to Involve per Iteration(percent)    20
datanode_4  | 2022-03-22 09:12:12,280 [f4578f7c-5964-46f3-af24-868f73fed64b@group-57A5B23CC69F-FollowerState] INFO impl.RoleInfo: f4578f7c-5964-46f3-af24-868f73fed64b: shutdown f4578f7c-5964-46f3-af24-868f73fed64b@group-57A5B23CC69F-FollowerState
datanode_3  | 2022-03-22 09:43:37,427 [pool-22-thread-1] INFO server.RaftServerConfigKeys: raft.server.log.preallocated.size = 16384 (custom)
datanode_3  | 2022-03-22 09:43:37,427 [pool-22-thread-1] INFO server.RaftServerConfigKeys: raft.server.log.force.sync.num = 128 (default)
om_1        | address: "om:9872"
recon_1     | 	at org.apache.hadoop.security.UserGroupInformation.doAs(UserGroupInformation.java:1878)
s3g_1       | 	at org.jboss.weld.bean.ContextualInstance.get(ContextualInstance.java:50)
scm_1       | Max Size to Move per Iteration                     500GB
datanode_3  | 2022-03-22 09:43:37,427 [pool-22-thread-1] INFO server.RaftServerConfigKeys: raft.server.log.statemachine.data.sync = true (default)
datanode_5  | 2022-03-22 09:12:11,878 [pool-22-thread-1] INFO ratis.ContainerStateMachine: group-85142A888F12: The snapshot info is null. Setting the last applied indexto:(t:0, i:~)
datanode_4  | 2022-03-22 09:12:12,281 [f4578f7c-5964-46f3-af24-868f73fed64b@group-57A5B23CC69F-FollowerState] INFO server.RaftServer$Division: f4578f7c-5964-46f3-af24-868f73fed64b@group-57A5B23CC69F: changes role from  FOLLOWER to CANDIDATE at term 0 for changeToCandidate
om_1        | ]
recon_1     | 	at org.apache.hadoop.ipc.Server$Handler.run(Server.java:2966)
s3g_1       | 	at org.jboss.weld.manager.BeanManagerImpl.getReference(BeanManagerImpl.java:785)
scm_1       | Max Size Entering Target per Iteration             26GB
datanode_3  | 2022-03-22 09:43:37,427 [pool-22-thread-1] INFO server.RaftServerConfigKeys: raft.server.log.statemachine.data.sync.timeout = 10s (default)
datanode_5  | 2022-03-22 09:12:11,887 [pool-22-thread-1] INFO server.RaftServerConfigKeys: raft.server.notification.no-leader.timeout = 300s (custom)
datanode_4  | 2022-03-22 09:12:12,282 [f4578f7c-5964-46f3-af24-868f73fed64b@group-57A5B23CC69F-FollowerState] INFO server.RaftServerConfigKeys: raft.server.leaderelection.pre-vote = false (custom)
om_1        | 2022-03-22 09:12:36,660 [OM StateMachine ApplyTransaction Thread - 0] INFO volume.OMVolumeCreateRequest: created volume:vol1 for user:hadoop
recon_1     | 2022-03-22 09:12:03,966 [IPC Server handler 3 on default port 9891] INFO ipc.Server: IPC Server handler 3 on default port 9891 caught an exception
s3g_1       | 	at org.jboss.weld.manager.BeanManagerImpl.getInjectableReference(BeanManagerImpl.java:885)
scm_1       | Max Size Leaving Source per Iteration              26GB
datanode_3  | 2022-03-22 09:43:37,428 [pool-22-thread-1] INFO server.RaftServerConfigKeys: raft.server.log.statemachine.data.sync.timeout.retry = -1 (default)
datanode_5  | 2022-03-22 09:12:11,890 [pool-22-thread-1] INFO server.RaftServerConfigKeys: raft.server.log.use.memory = false (default)
datanode_4  | 2022-03-22 09:12:12,282 [f4578f7c-5964-46f3-af24-868f73fed64b@group-57A5B23CC69F-FollowerState] INFO impl.RoleInfo: f4578f7c-5964-46f3-af24-868f73fed64b: start f4578f7c-5964-46f3-af24-868f73fed64b@group-57A5B23CC69F-LeaderElection2
om_1        | 2022-03-22 09:12:53,827 [qtp194466032-47] INFO utils.DBCheckpointServlet: Received request to obtain DB checkpoint snapshot
recon_1     | java.nio.channels.ClosedChannelException
s3g_1       | 	at org.jboss.weld.injection.FieldInjectionPoint.inject(FieldInjectionPoint.java:92)
scm_1       | 
datanode_3  | 2022-03-22 09:43:37,428 [pool-22-thread-1] INFO server.RaftServerConfigKeys: raft.server.log.write.buffer.size = 1048576 (custom)
datanode_5  | 2022-03-22 09:12:11,893 [pool-22-thread-1] INFO server.RaftServerConfigKeys: raft.server.log.purge.gap = 1000000 (custom)
datanode_4  | 2022-03-22 09:12:12,306 [f4578f7c-5964-46f3-af24-868f73fed64b@group-8D1E64FFB6F8-SegmentedRaftLogWorker] INFO segmented.SegmentedRaftLogWorker: f4578f7c-5964-46f3-af24-868f73fed64b@group-8D1E64FFB6F8-SegmentedRaftLogWorker: created new log segment /data/metadata/ratis/1a8319ee-2bff-483a-aab4-8d1e64ffb6f8/current/log_inprogress_0
om_1        | 2022-03-22 09:12:53,850 [qtp194466032-47] INFO db.RDBCheckpointManager: Created checkpoint at /data/metadata/db.checkpoints/om.db_checkpoint_1647940373829 in 20 milliseconds
recon_1     | 	at java.base/sun.nio.ch.SocketChannelImpl.ensureOpenAndConnected(SocketChannelImpl.java:180)
s3g_1       | 	at org.jboss.weld.util.Beans.injectBoundFields(Beans.java:358)
scm_1       | 2022-03-22 09:11:55,682 [Listener at 0.0.0.0/9860] WARN events.EventQueue: No event handler registered for event TypedEvent{payloadType=SafeModeStatus, name='Safe mode status'}
datanode_3  | 2022-03-22 09:43:37,429 [pool-22-thread-1] INFO server.RaftServerConfigKeys: raft.server.log.statemachine.data.caching.enabled = true (custom)
dat