recon_1     | 	at java.base/sun.nio.ch.SocketChannelImpl.ensureOpenAndConnected(SocketChannelImpl.java:180)
scm_1       | 2022-03-22 09:11:53,820 [main] INFO grpc.GrpcConfigKeys: raft.grpc.admin.port = -1 (default)
datanode_5  | 2022-03-22 09:12:01,724 [EndpointStateMachine task thread for scm/172.18.0.4:9861 - 0 ] INFO server.RaftServer: d56ece4d-6618-4821-8c9c-1590c064033e: start RPC server
om_1        | 2022-03-22 09:12:21,582 [pool-23-thread-1] INFO server.RaftServerConfigKeys: raft.server.log.segment.cache.num.max = 2 (custom)
datanode_3  | 2022-03-22 09:12:06,951 [pool-22-thread-1] INFO server.RaftServerConfigKeys: raft.server.leaderelection.leader.step-down.wait-time = 10s (default)
datanode_4  | 2022-03-22 09:12:05,743 [pool-22-thread-1] INFO server.RaftServerConfigKeys: raft.server.log.statemachine.data.sync.timeout = 10s (default)
s3g_1       | 	at org.eclipse.jetty.servlet.ServletHandler$Chain.doFilter(ServletHandler.java:1601)
recon_1     | 	at java.base/sun.nio.ch.SocketChannelImpl.write(SocketChannelImpl.java:452)
scm_1       | 2022-03-22 09:11:53,820 [main] INFO grpc.GrpcConfigKeys: raft.grpc.server.port = 9894 (custom)
datanode_5  | 2022-03-22 09:12:01,790 [Datanode State Machine Daemon Thread] ERROR datanode.RunningDatanodeState: Error in executing end point task.
om_1        | 2022-03-22 09:12:21,583 [pool-23-thread-1] INFO server.RaftServerConfigKeys: raft.server.log.segment.cache.size.max = 200MB (=209715200) (default)
datanode_3  | 2022-03-22 09:12:06,951 [pool-22-thread-1] INFO server.RaftServerConfigKeys: raft.server.sleep.deviation.threshold = 300ms (default)
datanode_4  | 2022-03-22 09:12:05,744 [pool-22-thread-1] INFO server.RaftServerConfigKeys: raft.server.log.statemachine.data.sync.timeout.retry = -1 (default)
s3g_1       | 	at org.apache.hadoop.hdds.server.http.NoCacheFilter.doFilter(NoCacheFilter.java:48)
recon_1     | 	at org.apache.hadoop.ipc.Server.channelWrite(Server.java:3605)
scm_1       | 2022-03-22 09:11:53,821 [main] INFO grpc.GrpcConfigKeys: raft.grpc.client.port = -1 (default)
datanode_5  | java.util.concurrent.ExecutionException: java.util.concurrent.TimeoutException
om_1        | 2022-03-22 09:12:21,598 [pool-23-thread-1] INFO segmented.SegmentedRaftLogWorker: new om1@group-C5BA1605619E-SegmentedRaftLogWorker for RaftStorageImpl:Storage Directory /data/metadata/ratis/bf265839-605b-3f16-9796-c5ba1605619e
datanode_3  | 2022-03-22 09:12:06,953 [pool-22-thread-1] INFO server.RaftServerConfigKeys: raft.server.log.appender.install.snapshot.enabled = false (custom)
s3g_1       | 	at org.eclipse.jetty.servlet.FilterHolder.doFilter(FilterHolder.java:193)
datanode_5  | 	at java.base/java.util.concurrent.FutureTask.report(FutureTask.java:122)
om_1        | 2022-03-22 09:12:21,609 [pool-23-thread-1] INFO server.RaftServerConfigKeys: raft.server.log.queue.byte-limit = 64MB (=67108864) (default)
datanode_4  | 2022-03-22 09:12:05,784 [pool-22-thread-1] INFO server.RaftServerConfigKeys: raft.server.log.write.buffer.size = 1048576 (custom)
recon_1     | 	at org.apache.hadoop.ipc.Server.access$1700(Server.java:141)
scm_1       | 2022-03-22 09:11:53,821 [main] INFO grpc.GrpcConfigKeys: raft.grpc.server.port = 9894 (custom)
datanode_3  | 2022-03-22 09:12:07,053 [pool-22-thread-1] INFO server.RaftServer$Division: 1f100499-373e-4568-ab80-313925b3d341@group-BB34935649B4: ConfigurationManager, init=-1: [1f100499-373e-4568-ab80-313925b3d341|rpc:172.18.0.2:9856|admin:172.18.0.2:9857|client:172.18.0.2:9858|priority:1], old=null, confs=<EMPTY_MAP>
s3g_1       | 	at org.eclipse.jetty.servlet.ServletHandler$Chain.doFilter(ServletHandler.java:1601)
datanode_5  | 	at java.base/java.util.concurrent.FutureTask.get(FutureTask.java:191)
om_1        | 2022-03-22 09:12:21,609 [pool-23-thread-1] INFO server.RaftServerConfigKeys: raft.server.log.queue.element-limit = 4096 (default)
datanode_4  | 2022-03-22 09:12:05,788 [pool-22-thread-1] INFO server.RaftServerConfigKeys: raft.server.log.statemachine.data.caching.enabled = true (custom)
recon_1     | 	at org.apache.hadoop.ipc.Server$Responder.processResponse(Server.java:1667)
scm_1       | 2022-03-22 09:11:53,821 [main] INFO grpc.GrpcConfigKeys: raft.grpc.server.port = 9894 (custom)
datanode_3  | 2022-03-22 09:12:07,078 [pool-22-thread-1] INFO server.RaftServerConfigKeys: raft.server.storage.dir = [/data/metadata/ratis] (custom)
s3g_1       | 	at org.eclipse.jetty.servlet.ServletHandler.doHandle(ServletHandler.java:548)
datanode_5  | 	at org.apache.hadoop.ozone.container.common.states.datanode.RunningDatanodeState.computeNextContainerState(RunningDatanodeState.java:193)
om_1        | 2022-03-22 09:12:21,610 [pool-23-thread-1] INFO server.RaftServerConfigKeys: raft.server.log.segment.size.max = 4194304 (custom)
datanode_4  | 2022-03-22 09:12:05,806 [pool-22-thread-1] INFO segmented.SegmentedRaftLogWorker: f4578f7c-5964-46f3-af24-868f73fed64b@group-8D1E64FFB6F8-SegmentedRaftLogWorker: flushIndex: setUnconditionally 0 -> -1
recon_1     | 	at org.apache.hadoop.ipc.Server$Responder.doRespond(Server.java:1737)
datanode_3  | 2022-03-22 09:12:07,152 [pool-22-thread-1] INFO server.RaftServerConfigKeys: raft.server.log.corruption.policy = EXCEPTION (default)
scm_1       | 2022-03-22 09:11:53,822 [main] INFO server.GrpcService: raft.grpc.message.size.max = 32m (=33554432) (custom)
s3g_1       | 	at org.eclipse.jetty.server.handler.ScopedHandler.handle(ScopedHandler.java:143)
datanode_5  | 	at org.apache.hadoop.ozone.container.common.states.datanode.RunningDatanodeState.await(RunningDatanodeState.java:233)
om_1        | 2022-03-22 09:12:21,617 [pool-23-thread-1] INFO server.RaftServerConfigKeys: raft.server.log.preallocated.size = 4194304 (custom)
recon_1     | 	at org.apache.hadoop.ipc.Server$Connection.sendResponse(Server.java:2837)
datanode_3  | 2022-03-22 09:12:07,177 [pool-22-thread-1] INFO server.RaftServerConfigKeys: raft.server.storage.free-space.min = 0MB (=0) (default)
datanode_3  | 2022-03-22 09:12:07,196 [pool-22-thread-1] INFO storage.RaftStorageDirectory: The storage directory /data/metadata/ratis/04d10f9a-6d0e-4ac2-9bd4-bb34935649b4 does not exist. Creating ...
s3g_1       | 	at org.eclipse.jetty.security.SecurityHandler.handle(SecurityHandler.java:602)
s3g_1       | 	at org.eclipse.jetty.server.handler.HandlerWrapper.handle(HandlerWrapper.java:127)
datanode_4  | 2022-03-22 09:12:05,807 [pool-22-thread-1] INFO segmented.SegmentedRaftLogWorker: f4578f7c-5964-46f3-af24-868f73fed64b@group-8D1E64FFB6F8-SegmentedRaftLogWorker: safeCacheEvictIndex: setUnconditionally 0 -> -1
recon_1     | 	at org.apache.hadoop.ipc.Server$Connection.access$300(Server.java:1809)
datanode_3  | 2022-03-22 09:12:07,254 [pool-22-thread-1] INFO storage.RaftStorageDirectory: Lock on /data/metadata/ratis/04d10f9a-6d0e-4ac2-9bd4-bb34935649b4/in_use.lock acquired by nodename 6@7e04e5af634a
datanode_5  | 	at org.apache.hadoop.ozone.container.common.states.datanode.RunningDatanodeState.await(RunningDatanodeState.java:50)
scm_1       | 2022-03-22 09:11:53,824 [main] INFO server.RaftServerConfigKeys: raft.server.log.appender.buffer.byte-limit = 33554432 (custom)
s3g_1       | 	at org.eclipse.jetty.server.handler.ScopedHandler.nextHandle(ScopedHandler.java:235)
om_1        | 2022-03-22 09:12:21,618 [pool-23-thread-1] INFO server.RaftServerConfigKeys: raft.server.log.force.sync.num = 128 (default)
datanode_4  | 2022-03-22 09:12:05,812 [pool-22-thread-1] INFO server.RaftServerConfigKeys: raft.server.snapshot.auto.trigger.enabled = true (custom)
recon_1     | 	at org.apache.hadoop.ipc.Server$RpcCall.doResponse(Server.java:1117)
datanode_3  | 2022-03-22 09:12:07,332 [pool-22-thread-1] INFO storage.RaftStorage: Storage directory /data/metadata/ratis/04d10f9a-6d0e-4ac2-9bd4-bb34935649b4 has been successfully formatted.
datanode_3  | 2022-03-22 09:12:07,473 [pool-22-thread-1] INFO ratis.ContainerStateMachine: group-BB34935649B4: The snapshot info is null. Setting the last applied indexto:(t:0, i:~)
scm_1       | 2022-03-22 09:11:53,824 [main] INFO server.GrpcService: raft.grpc.flow.control.window = 1MB (=1048576) (default)
s3g_1       | 	at org.eclipse.jetty.server.session.SessionHandler.doHandle(SessionHandler.java:1624)
om_1        | 2022-03-22 09:12:21,620 [pool-23-thread-1] INFO server.RaftServerConfigKeys: raft.server.log.statemachine.data.sync = true (default)
datanode_4  | 2022-03-22 09:12:05,816 [pool-22-thread-1] INFO server.RaftServerConfigKeys: raft.server.snapshot.auto.trigger.threshold = 10000 (custom)
recon_1     | 	at org.apache.hadoop.ipc.Server$Call.doResponse(Server.java:909)
datanode_3  | 2022-03-22 09:12:07,494 [pool-22-thread-1] INFO server.RaftServerConfigKeys: raft.server.notification.no-leader.timeout = 300s (custom)
datanode_5  | 	at org.apache.hadoop.ozone.container.common.statemachine.StateContext.execute(StateContext.java:658)
scm_1       | 2022-03-22 09:11:53,825 [main] INFO server.RaftServerConfigKeys: raft.server.rpc.request.timeout = 30000ms (custom)
scm_1       | 2022-03-22 09:11:54,052 [main] INFO impl.DataStreamServerImpl: raft.datastream.type = DISABLED (default)
om_1        | 2022-03-22 09:12:21,626 [pool-23-thread-1] INFO server.RaftServerConfigKeys: raft.server.log.statemachine.data.sync.timeout = 10s (default)
datanode_4  | 2022-03-22 09:12:05,817 [pool-22-thread-1] INFO server.RaftServerConfigKeys: raft.server.snapshot.retention.file.num = 5 (custom)
recon_1     | 	at org.apache.hadoop.ipc.Server$Call.sendResponse(Server.java:895)
datanode_3  | 2022-03-22 09:12:07,553 [pool-22-thread-1] INFO server.RaftServerConfigKeys: raft.server.log.use.memory = false (default)
datanode_5  | 	at org.apache.hadoop.ozone.container.common.statemachine.DatanodeStateMachine.startStateMachineThread(DatanodeStateMachine.java:283)
scm_1       | 2022-03-22 09:11:54,054 [main] INFO server.RaftServerConfigKeys: raft.server.rpc.slowness.timeout = 120000ms (custom)
s3g_1       | 	at org.eclipse.jetty.server.handler.ScopedHandler.nextHandle(ScopedHandler.java:233)
om_1        | 2022-03-22 09:12:21,629 [pool-23-thread-1] INFO server.RaftServerConfigKeys: raft.server.log.statemachine.data.sync.timeout.retry = -1 (default)
datanode_4  | 2022-03-22 09:12:05,818 [pool-22-thread-1] INFO server.RaftServerConfigKeys: raft.server.log.purge.upto.snapshot.index = false (default)
recon_1     | 	at org.apache.hadoop.ipc.Server$RpcCall.run(Server.java:1052)
datanode_3  | 2022-03-22 09:12:07,681 [pool-22-thread-1] INFO server.RaftServerConfigKeys: raft.server.log.purge.gap = 1000000 (custom)
datanode_5  | 	at org.apache.hadoop.ozone.container.common.statemachine.DatanodeStateMachine.lambda$startDaemon$0(DatanodeStateMachine.java:471)
scm_1       | 2022-03-22 09:11:54,054 [main] INFO server.RaftServerConfigKeys: raft.server.leaderelection.leader.step-down.wait-time = 10s (default)
s3g_1       | 	at org.eclipse.jetty.server.handler.ContextHandler.doHandle(ContextHandler.java:1434)
om_1        | 2022-03-22 09:12:21,661 [pool-23-thread-1] INFO server.RaftServerConfigKeys: raft.server.log.write.buffer.size = 64KB (=65536) (default)
datanode_4  | 2022-03-22 09:12:05,825 [pool-22-thread-1] INFO server.RaftServerConfigKeys: raft.server.retrycache.expirytime = 600000ms (custom)
recon_1     | 	at org.apache.hadoop.ipc.Server$RpcCall.run(Server.java:963)
datanode_3  | 2022-03-22 09:12:07,704 [pool-22-thread-1] INFO server.RaftServerConfigKeys: raft.server.log.appender.buffer.byte-limit = 33554432 (custom)
datanode_5  | 	at java.base/java.lang.Thread.run(Thread.java:829)
scm_1       | 2022-03-22 09:11:54,069 [main] INFO server.RaftServerConfigKeys: raft.server.storage.dir = [/data/metadata/scm-ha] (custom)
s3g_1       | 	at org.eclipse.jetty.server.handler.ScopedHandler.nextScope(ScopedHandler.java:188)
om_1        | 2022-03-22 09:12:21,662 [pool-23-thread-1] INFO server.RaftServerConfigKeys: raft.server.log.statemachine.data.caching.enabled = false (default)
datanode_4  | 2022-03-22 09:12:05,825 [pool-22-thread-1] INFO server.RaftServerConfigKeys: raft.server.retrycache.statistics.expirytime = 100?s (default)
recon_1     | 	at java.base/java.security.AccessController.doPrivileged(Native Method)
datanode_3  | 2022-03-22 09:12:07,840 [pool-22-thread-1] INFO server.RaftServerConfigKeys: raft.server.log.segment.size.max = 1048576 (custom)
datanode_5  | Caused by: java.util.concurrent.TimeoutException
scm_1       | 2022-03-22 09:11:54,074 [main] INFO server.RaftServer: 0777758a-8fb4-4088-8b74-5e168a1dcaab: found a subdirectory /data/metadata/scm-ha/baa4282c-e694-4ca5-ae72-65e977e00f41
s3g_1       | 	at org.eclipse.jetty.servlet.ServletHandler.doScope(ServletHandler.java:501)
om_1        | 2022-03-22 09:12:21,686 [pool-23-thread-1] INFO segmented.SegmentedRaftLogWorker: om1@group-C5BA1605619E-SegmentedRaftLogWorker: flushIndex: setUnconditionally 0 -> -1
datanode_4  | 2022-03-22 09:12:06,376 [pool-22-thread-1] INFO server.RaftServer$Division: f4578f7c-5964-46f3-af24-868f73fed64b@group-8D1E64FFB6F8: start as a follower, conf=-1: [f4578f7c-5964-46f3-af24-868f73fed64b|rpc:172.18.0.3:9856|admin:172.18.0.3:9857|client:172.18.0.3:9858|priority:1], old=null
recon_1     | 	at java.base/javax.security.auth.Subject.doAs(Subject.java:423)
datanode_3  | 2022-03-22 09:12:07,921 [pool-22-thread-1] INFO server.RaftServerConfigKeys: raft.server.log.segment.cache.num.max = 2 (custom)
datanode_5  | 	at java.base/java.util.concurrent.FutureTask.get(FutureTask.java:204)
scm_1       | 2022-03-22 09:11:54,078 [main] INFO server.RaftServer: 0777758a-8fb4-4088-8b74-5e168a1dcaab: addNew group-65E977E00F41:[] returns group-65E977E00F41:java.util.concurrent.CompletableFuture@73bb1337[Not completed]
s3g_1       | 	at org.eclipse.jetty.server.session.SessionHandler.doScope(SessionHandler.java:1594)
om_1        | 2022-03-22 09:12:21,694 [pool-23-thread-1] INFO segmented.SegmentedRaftLogWorker: om1@group-C5BA1605619E-SegmentedRaftLogWorker: safeCacheEvictIndex: setUnconditionally 0 -> -1
datanode_4  | 2022-03-22 09:12:06,385 [pool-22-thread-1] INFO server.RaftServer$Division: f4578f7c-5964-46f3-af24-868f73fed64b@group-8D1E64FFB6F8: changes role from      null to FOLLOWER at term 0 for startAsFollower
recon_1     | 	at org.apache.hadoop.security.UserGroupInformation.doAs(UserGroupInformation.java:1878)
datanode_3  | 2022-03-22 09:12:07,930 [pool-22-thread-1] INFO server.RaftServerConfigKeys: raft.server.log.segment.cache.size.max = 200MB (=209715200) (default)
datanode_5  | 	at org.apache.hadoop.ozone.container.common.states.datanode.RunningDatanodeState.lambda$execute$0(RunningDatanodeState.java:151)
scm_1       | 2022-03-22 09:11:54,100 [pool-14-thread-1] INFO server.RaftServer$Division: 0777758a-8fb4-4088-8b74-5e168a1dcaab: new RaftServerImpl for group-65E977E00F41:[] with SCMStateMachine:uninitialized
s3g_1       | 	at org.eclipse.jetty.server.handler.ScopedHandler.nextScope(ScopedHandler.java:186)
om_1        | 2022-03-22 09:12:21,703 [pool-23-thread-1] INFO server.RaftServerConfigKeys: raft.server.snapshot.auto.trigger.enabled = true (custom)
recon_1     | 	at org.apache.hadoop.ipc.Server$Handler.run(Server.java:2966)
datanode_4  | 2022-03-22 09:12:06,395 [pool-22-thread-1] INFO impl.RoleInfo: f4578f7c-5964-46f3-af24-868f73fed64b: start f4578f7c-5964-46f3-af24-868f73fed64b@group-8D1E64FFB6F8-FollowerState
datanode_3  | 2022-03-22 09:12:07,963 [pool-22-thread-1] INFO segmented.SegmentedRaftLogWorker: new 1f100499-373e-4568-ab80-313925b3d341@group-BB34935649B4-SegmentedRaftLogWorker for RaftStorageImpl:Storage Directory /data/metadata/ratis/04d10f9a-6d0e-4ac2-9bd4-bb34935649b4
datanode_5  | 	at java.base/java.util.concurrent.FutureTask.run(FutureTask.java:264)
scm_1       | 2022-03-22 09:11:54,102 [pool-14-thread-1] INFO server.RaftServerConfigKeys: raft.server.rpc.timeout.min = 5000ms (custom)
s3g_1       | 	at org.eclipse.jetty.server.handler.ContextHandler.doScope(ContextHandler.java:1349)
om_1        | 2022-03-22 09:12:21,710 [pool-23-thread-1] INFO server.RaftServerConfigKeys: raft.server.snapshot.auto.trigger.threshold = 400000 (default)
recon_1     | 2022-03-22 09:12:03,966 [IPC Server handler 8 on default port 9891] INFO ipc.Server: IPC Server handler 8 on default port 9891 caught an exception
datanode_4  | 2022-03-22 09:12:06,435 [pool-22-thread-1] INFO util.JmxRegister: Successfully registered JMX Bean with object name Ratis:service=RaftServer,group=group-8D1E64FFB6F8,id=f4578f7c-5964-46f3-af24-868f73fed64b
datanode_3  | 2022-03-22 09:12:07,994 [pool-22-thread-1] INFO server.RaftServerConfigKeys: raft.server.log.queue.byte-limit = 4294967296 (custom)
datanode_5  | 	at java.base/java.util.concurrent.Executors$RunnableAdapter.call(Executors.java:515)
scm_1       | 2022-03-22 09:11:54,103 [pool-14-thread-1] INFO server.RaftServerConfigKeys: raft.server.rpc.timeout.max = 5200ms (custom)
s3g_1       | 	at org.eclipse.jetty.server.handler.ScopedHandler.handle(ScopedHandler.java:141)
om_1        | 2022-03-22 09:12:21,771 [pool-23-thread-1] INFO server.RaftServerConfigKeys: raft.server.snapshot.retention.file.num = -1 (default)
recon_1     | java.nio.channels.ClosedChannelException
datanode_4  | 2022-03-22 09:12:06,584 [Command processor thread] INFO ratis.XceiverServerRatis: Created group PipelineID=1a8319ee-2bff-483a-aab4-8d1e64ffb6f8
scm_1       | 2022-03-22 09:11:54,103 [pool-14-thread-1] INFO server.RaftServerConfigKeys: raft.server.rpc.sleep.time = 25ms (default)
s3g_1       | 	at org.eclipse.jetty.server.handler.HandlerCollection.handle(HandlerCollection.java:146)
om_1        | 2022-03-22 09:12:21,787 [pool-23-thread-1] INFO server.RaftServerConfigKeys: raft.server.log.purge.upto.snapshot.index = true (custom)
recon_1     | 	at java.base/sun.nio.ch.SocketChannelImpl.ensureOpenAndConnected(SocketChannelImpl.java:180)
datanode_4  | 2022-03-22 09:12:06,603 [Command processor thread] INFO commandhandler.CreatePipelineCommandHandler: Created Pipeline RATIS ONE PipelineID=1a8319ee-2bff-483a-aab4-8d1e64ffb6f8.
datanode_3  | 2022-03-22 09:12:07,998 [pool-22-thread-1] INFO server.RaftServerConfigKeys: raft.server.log.queue.element-limit = 1024 (custom)
datanode_5  | 	at java.base/java.util.concurrent.FutureTask.run(FutureTask.java:264)
scm_1       | 2022-03-22 09:11:54,104 [pool-14-thread-1] INFO server.RaftServerConfigKeys: raft.server.rpc.slowness.timeout = 120000ms (custom)
s3g_1       | 	at org.eclipse.jetty.server.handler.HandlerWrapper.handle(HandlerWrapper.java:127)
om_1        | 2022-03-22 09:12:21,791 [pool-23-thread-1] INFO server.RaftServerConfigKeys: raft.server.retrycache.expirytime = 300s (custom)
recon_1     | 	at java.base/sun.nio.ch.SocketChannelImpl.write(SocketChannelImpl.java:452)
datanode_4  | 2022-03-22 09:12:06,606 [Command processor thread] INFO server.RaftServer: f4578f7c-5964-46f3-af24-868f73fed64b: addNew group-57A5B23CC69F:[f4578f7c-5964-46f3-af24-868f73fed64b|rpc:172.18.0.3:9856|admin:172.18.0.3:9857|client:172.18.0.3:9858|priority:0, d56ece4d-6618-4821-8c9c-1590c064033e|rpc:172.18.0.8:9856|admin:172.18.0.8:9857|client:172.18.0.8:9858|priority:0, ee632a00-a87d-416f-8128-4511671576ef|rpc:172.18.0.10:9856|admin:172.18.0.10:9857|client:172.18.0.10:9858|priority:1] returns group-57A5B23CC69F:java.util.concurrent.CompletableFuture@1534609c[Not completed]
datanode_3  | 2022-03-22 09:12:08,000 [pool-22-thread-1] INFO server.RaftServerConfigKeys: raft.server.log.segment.size.max = 1048576 (custom)
datanode_5  | 	at java.base/java.util.concurrent.ThreadPoolExecutor.runWorker(ThreadPoolExecutor.java:1128)
scm_1       | 2022-03-22 09:11:54,104 [pool-14-thread-1] INFO server.RaftServerConfigKeys: raft.server.leaderelection.leader.step-down.wait-time = 10s (default)
s3g_1       | 	at org.eclipse.jetty.server.Server.handle(Server.java:516)
om_1        | 2022-03-22 09:12:21,794 [pool-23-thread-1] INFO server.RaftServerConfigKeys: raft.server.retrycache.statistics.expirytime = 100?s (default)
recon_1     | 	at org.apache.hadoop.ipc.Server.channelWrite(Server.java:3605)
datanode_4  | 2022-03-22 09:12:06,709 [pool-22-thread-1] INFO server.RaftServer$Division: f4578f7c-5964-46f3-af24-868f73fed64b: new RaftServerImpl for group-57A5B23CC69F:[f4578f7c-5964-46f3-af24-868f73fed64b|rpc:172.18.0.3:9856|admin:172.18.0.3:9857|client:172.18.0.3:9858|priority:0, d56ece4d-6618-4821-8c9c-1590c064033e|rpc:172.18.0.8:9856|admin:172.18.0.8:9857|client:172.18.0.8:9858|priority:0, ee632a00-a87d-416f-8128-4511671576ef|rpc:172.18.0.10:9856|admin:172.18.0.10:9857|client:172.18.0.10:9858|priority:1] with ContainerStateMachine:uninitialized
datanode_3  | 2022-03-22 09:12:08,000 [pool-22-thread-1] INFO server.RaftServerConfigKeys: raft.server.log.preallocated.size = 16384 (custom)
datanode_5  | 	at java.base/java.util.concurrent.ThreadPoolExecutor$Worker.run(ThreadPoolExecutor.java:628)
scm_1       | 2022-03-22 09:11:54,104 [pool-14-thread-1] INFO server.RaftServerConfigKeys: raft.server.sleep.deviation.threshold = 300ms (default)
s3g_1       | 	at org.eclipse.jetty.server.HttpChannel.lambda$handle$1(HttpChannel.java:388)
om_1        | 2022-03-22 09:12:22,286 [main] INFO reflections.Reflections: Reflections took 918 ms to scan 7 urls, producing 19 keys and 304 values [using 2 cores]
recon_1     | 	at org.apache.hadoop.ipc.Server.access$1700(Server.java:141)
datanode_4  | 2022-03-22 09:12:06,716 [pool-22-thread-1] INFO server.RaftServerConfigKeys: raft.server.rpc.timeout.min = 5s (custom)
datanode_3  | 2022-03-22 09:12:08,001 [pool-22-thread-1] INFO server.RaftServerConfigKeys: raft.server.log.force.sync.num = 128 (default)
datanode_5  | 	... 1 more
scm_1       | 2022-03-22 09:11:54,105 [pool-14-thread-1] INFO server.RaftServerConfigKeys: raft.server.log.appender.install.snapshot.enabled = false (custom)
s3g_1       | 	at org.eclipse.jetty.server.HttpChannel.dispatch(HttpChannel.java:633)
om_1        | 2022-03-22 09:12:22,309 [main] INFO ipc.CallQueueManager: Using callQueue: class java.util.concurrent.LinkedBlockingQueue, queueCapacity: 10000, scheduler: class org.apache.hadoop.ipc.DefaultRpcScheduler, ipcBackoff: false.
recon_1     | 	at org.apache.hadoop.ipc.Server$Responder.processResponse(Server.java:1667)
datanode_4  | 2022-03-22 09:12:06,720 [pool-22-thread-1] INFO server.RaftServerConfigKeys: raft.server.rpc.timeout.max = 5200ms (custom)
datanode_3  | 2022-03-22 09:12:08,011 [pool-22-thread-1] INFO server.RaftServerConfigKeys: raft.server.log.statemachine.data.sync = true (default)
datanode_5  | 2022-03-22 09:12:01,790 [EndpointStateMachine task thread for scm/172.18.0.4:9861 - 0 ] INFO server.GrpcService: d56ece4d-6618-4821-8c9c-1590c064033e: GrpcService started, listening on 9856
scm_1       | 2022-03-22 09:11:54,109 [pool-14-thread-1] INFO server.RaftServer$Division: 0777758a-8fb4-4088-8b74-5e168a1dcaab@group-65E977E00F41: ConfigurationManager, init=-1: [], old=null, confs=<EMPTY_MAP>
s3g_1       | 	at org.eclipse.jetty.server.HttpChannel.handle(HttpChannel.java:380)
om_1        | 2022-03-22 09:12:22,323 [Socket Reader #1 for port 9862] INFO ipc.Server: Starting Socket Reader #1 for port 9862
recon_1     | 	at org.apache.hadoop.ipc.Server$Responder.doRespond(Server.java:1737)
datanode_4  | 2022-03-22 09:12:06,720 [pool-22-thread-1] INFO server.RaftServerConfigKeys: raft.server.rpc.sleep.time = 25ms (default)
datanode_3  | 2022-03-22 09:12:08,013 [pool-22-thread-1] INFO server.RaftServerConfigKeys: raft.server.log.statemachine.data.sync.timeout = 10s (default)
datanode_5  | 2022-03-22 09:12:01,822 [EndpointStateMachine task thread for scm/172.18.0.4:9861 - 0 ] INFO server.GrpcService: d56ece4d-6618-4821-8c9c-1590c064033e: GrpcService started, listening on 9857
scm_1       | 2022-03-22 09:11:54,109 [pool-14-thread-1] INFO server.RaftServerConfigKeys: raft.server.storage.dir = [/data/metadata/scm-ha] (custom)
scm_1       | 2022-03-22 09:11:54,120 [pool-14-thread-1] INFO server.RaftServerConfigKeys: raft.server.log.corruption.policy = EXCEPTION (default)
om_1        | 2022-03-22 09:12:22,607 [Listener at om/9862] INFO impl.MetricsConfig: Loaded properties from hadoop-metrics2.properties
recon_1     | 	at org.apache.hadoop.ipc.Server$Connection.sendResponse(Server.java:2837)
datanode_4  | 2022-03-22 09:12:06,720 [pool-22-thread-1] INFO server.RaftServerConfigKeys: raft.server.rpc.slowness.timeout = 300s (custom)
datanode_3  | 2022-03-22 09:12:08,014 [pool-22-thread-1] INFO server.RaftServerConfigKeys: raft.server.log.statemachine.data.sync.timeout.retry = -1 (default)
datanode_5  | 2022-03-22 09:12:01,834 [EndpointStateMachine task thread for scm/172.18.0.4:9861 - 0 ] INFO server.GrpcService: d56ece4d-6618-4821-8c9c-1590c064033e: GrpcService started, listening on 9858
scm_1       | 2022-03-22 09:11:54,121 [pool-14-thread-1] INFO server.RaftServerConfigKeys: raft.server.storage.free-space.min = 0MB (=0) (default)
s3g_1       | 	at org.eclipse.jetty.server.HttpConnection.onFillable(HttpConnection.java:277)
om_1        | 2022-03-22 09:12:22,641 [Listener at om/9862] INFO impl.MetricsSystemImpl: Scheduled Metric snapshot period at 10 second(s).
recon_1     | 	at org.apache.hadoop.ipc.Server$Connection.access$300(Server.java:1809)
datanode_4  | 2022-03-22 09:12:06,720 [pool-22-thread-1] INFO server.RaftServerConfigKeys: raft.server.leaderelection.leader.step-down.wait-time = 10s (default)
datanode_3  | 2022-03-22 09:12:08,092 [pool-22-thread-1] INFO server.RaftServerConfigKeys: raft.server.log.write.buffer.size = 1048576 (custom)
datanode_5  | 2022-03-22 09:12:01,858 [EndpointStateMachine task thread for scm/172.18.0.4:9861 - 0 ] INFO ratis.XceiverServerRatis: XceiverServerRatis d56ece4d-6618-4821-8c9c-1590c064033e is started using port 9858 for RATIS
scm_1       | 2022-03-22 09:11:54,134 [pool-14-thread-1] INFO storage.RaftStorageDirectory: Lock on /data/metadata/scm-ha/baa4282c-e694-4ca5-ae72-65e977e00f41/in_use.lock acquired by nodename 6@e0b3dd619ccf
s3g_1       | 	at org.eclipse.jetty.io.AbstractConnection$ReadCallback.succeeded(AbstractConnection.java:311)
om_1        | 2022-03-22 09:12:22,642 [Listener at om/9862] INFO impl.MetricsSystemImpl: OzoneManager metrics system started
recon_1     | 	at org.apache.hadoop.ipc.Server$RpcCall.doResponse(Server.java:1117)
datanode_4  | 2022-03-22 09:12:06,721 [pool-22-thread-1] INFO server.RaftServerConfigKeys: raft.server.sleep.deviation.threshold = 300ms (default)
datanode_3  | 2022-03-22 09:12:08,109 [pool-22-thread-1] INFO server.RaftServerConfigKeys: raft.server.log.statemachine.data.caching.enabled = true (custom)
scm_1       | 2022-03-22 09:11:54,139 [pool-14-thread-1] INFO storage.RaftStorage: Read RaftStorageMetadata{term=1, votedFor=0777758a-8fb4-4088-8b74-5e168a1dcaab} from /data/metadata/scm-ha/baa4282c-e694-4ca5-ae72-65e977e00f41/current/raft-meta
datanode_5  | 2022-03-22 09:12:01,860 [EndpointStateMachine task thread for scm/172.18.0.4:9861 - 0 ] INFO ratis.XceiverServerRatis: XceiverServerRatis d56ece4d-6618-4821-8c9c-1590c064033e is started using port 9857 for RATIS_ADMIN
s3g_1       | 	at org.eclipse.jetty.io.FillInterest.fillable(FillInterest.java:105)
om_1        | 2022-03-22 09:12:22,809 [Listener at om/9862] INFO om.OzoneManager: OzoneManager RPC server is listening at om/172.18.0.7:9862
recon_1     | 	at org.apache.hadoop.ipc.Server$Call.doResponse(Server.java:909)
datanode_4  | 2022-03-22 09:12:06,721 [pool-22-thread-1] INFO server.RaftServerConfigKeys: raft.server.log.appender.install.snapshot.enabled = false (custom)
datanode_3  | 2022-03-22 09:12:08,185 [pool-22-thread-1] INFO segmented.SegmentedRaftLogWorker: 1f100499-373e-4568-ab80-313925b3d341@group-BB34935649B4-SegmentedRaftLogWorker: flushIndex: setUnconditionally 0 -> -1
scm_1       | 2022-03-22 09:11:54,175 [pool-14-thread-1] INFO server.RaftServer$Division: 0777758a-8fb4-4088-8b74-5e168a1dcaab@group-65E977E00F41: set configuration 0: [0777758a-8fb4-4088-8b74-5e168a1dcaab|rpc:e0b3dd619ccf:9894|admin:|client:|dataStream:|priority:0], old=null
datanode_5  | 2022-03-22 09:12:01,860 [EndpointStateMachine task thread for scm/172.18.0.4:9861 - 0 ] INFO ratis.XceiverServerRatis: XceiverServerRatis d56ece4d-6618-4821-8c9c-1590c064033e is started using port 9856 for RATIS_SERVER
s3g_1       | 	at org.eclipse.jetty.io.ChannelEndPoint$1.run(ChannelEndPoint.java:104)
om_1        | 2022-03-22 09:12:22,813 [Listener at om/9862] INFO ratis.OzoneManagerRatisServer: Starting OzoneManagerRatisServer om1 at port 9872
recon_1     | 	at org.apache.hadoop.ipc.Server$Call.sendResponse(Server.java:895)
datanode_4  | 2022-03-22 09:12:06,722 [pool-22-thread-1] INFO server.RaftServer$Division: f4578f7c-5964-46f3-af24-868f73fed64b@group-57A5B23CC69F: ConfigurationManager, init=-1: [f4578f7c-5964-46f3-af24-868f73fed64b|rpc:172.18.0.3:9856|admin:172.18.0.3:9857|client:172.18.0.3:9858|priority:0, d56ece4d-6618-4821-8c9c-1590c064033e|rpc:172.18.0.8:9856|admin:172.18.0.8:9857|client:172.18.0.8:9858|priority:0, ee632a00-a87d-416f-8128-4511671576ef|rpc:172.18.0.10:9856|admin:172.18.0.10:9857|client:172.18.0.10:9858|priority:1], old=null, confs=<EMPTY_MAP>
datanode_3  | 2022-03-22 09:12:08,186 [pool-22-thread-1] INFO segmented.SegmentedRaftLogWorker: 1f100499-373e-4568-ab80-313925b3d341@group-BB34935649B4-SegmentedRaftLogWorker: safeCacheEvictIndex: setUnconditionally 0 -> -1
scm_1       | 2022-03-22 09:11:54,176 [pool-14-thread-1] INFO server.RaftServerConfigKeys: raft.server.notification.no-leader.timeout = 60s (default)
datanode_5  | 2022-03-22 09:12:01,861 [org.apache.ratis.util.JvmPauseMonitor$$Lambda$321/0x00000008404d6c40@2b442fa1] INFO util.JvmPauseMonitor: JvmPauseMonitor-d56ece4d-6618-4821-8c9c-1590c064033e: Started
s3g_1       | 	at org.eclipse.jetty.util.thread.strategy.EatWhatYouKill.runTask(EatWhatYouKill.java:338)
om_1        | 2022-03-22 09:12:22,817 [Listener at om/9862] INFO server.RaftServer$Division: om1@group-C5BA1605619E: start as a follower, conf=-1: [om1|rpc:om:9872|priority:0], old=null
recon_1     | 	at org.apache.hadoop.ipc.Server$RpcCall.run(Server.java:1052)
datanode_4  | 2022-03-22 09:12:06,723 [pool-22-thread-1] INFO server.RaftServerConfigKeys: raft.server.storage.dir = [/data/metadata/ratis] (custom)
datanode_3  | 2022-03-22 09:12:08,249 [pool-22-thread-1] INFO server.RaftServerConfigKeys: raft.server.snapshot.auto.trigger.enabled = true (custom)
scm_1       | 2022-03-22 09:11:54,177 [pool-14-thread-1] INFO server.RaftServerConfigKeys: raft.server.log.use.memory = false (default)
datanode_5  | 2022-03-22 09:12:11,082 [grpc-default-executor-0] INFO server.RaftServer: d56ece4d-6618-4821-8c9c-1590c064033e: addNew group-57A5B23CC69F:[f4578f7c-5964-46f3-af24-868f73fed64b|rpc:172.18.0.3:9856|admin:172.18.0.3:9857|client:172.18.0.3:9858|dataStream:|priority:0, d56ece4d-6618-4821-8c9c-1590c064033e|rpc:172.18.0.8:9856|admin:172.18.0.8:9857|client:172.18.0.8:9858|dataStream:|priority:0, ee632a00-a87d-416f-8128-4511671576ef|rpc:172.18.0.10:9856|admin:172.18.0.10:9857|client:172.18.0.10:9858|dataStream:|priority:1] returns group-57A5B23CC69F:java.util.concurrent.CompletableFuture@54f7bc37[Not completed]
s3g_1       | 	at org.eclipse.jetty.util.thread.strategy.EatWhatYouKill.doProduce(EatWhatYouKill.java:315)
om_1        | 2022-03-22 09:12:22,841 [Listener at om/9862] INFO server.RaftServer$Division: om1@group-C5BA1605619E: changes role from      null to FOLLOWER at term 0 for startAsFollower
recon_1     | 	at org.apache.hadoop.ipc.Server$RpcCall.run(Server.java:963)
datanode_4  | 2022-03-22 09:12:06,726 [pool-22-thread-1] INFO server.RaftServerConfigKeys: raft.server.log.corruption.policy = EXCEPTION (default)
datanode_3  | 2022-03-22 09:12:08,256 [pool-22-thread-1] INFO server.RaftServerConfigKeys: raft.server.snapshot.auto.trigger.threshold = 10000 (custom)
scm_1       | 2022-03-22 09:11:54,184 [pool-14-thread-1] INFO server.RaftServerConfigKeys: raft.server.log.purge.gap = 1000000 (custom)
datanode_5  | 2022-03-22 09:12:11,158 [pool-22-thread-1] INFO server.RaftServer$Division: d56ece4d-6618-4821-8c9c-1590c064033e: new RaftServerImpl for group-57A5B23CC69F:[f4578f7c-5964-46f3-af24-868f73fed64b|rpc:172.18.0.3:9856|admin:172.18.0.3:9857|client:172.18.0.3:9858|dataStream:|priority:0, d56ece4d-6618-4821-8c9c-1590c064033e|rpc:172.18.0.8:9856|admin:172.18.0.8:9857|client:172.18.0.8:9858|dataStream:|priority:0, ee632a00-a87d-416f-8128-4511671576ef|rpc:172.18.0.10:9856|admin:172.18.0.10:9857|client:172.18.0.10:9858|dataStream:|priority:1] with ContainerStateMachine:uninitialized
s3g_1       | 	at org.eclipse.jetty.util.thread.strategy.EatWhatYouKill.tryProduce(EatWhatYouKill.java:173)
om_1        | 2022-03-22 09:12:22,843 [Listener at om/9862] INFO impl.RoleInfo: om1: start om1@group-C5BA1605619E-FollowerState
recon_1     | 	at java.base/java.security.AccessController.doPrivileged(Native Method)
datanode_4  | 2022-03-22 09:12:06,754 [pool-22-thread-1] INFO server.RaftServerConfigKeys: raft.server.storage.free-space.min = 0MB (=0) (default)
datanode_3  | 2022-03-22 09:12:08,270 [pool-22-thread-1] INFO server.RaftServerConfigKeys: raft.server.snapshot.retention.file.num = 5 (custom)
scm_1       | 2022-03-22 09:11:54,184 [pool-14-thread-1] INFO server.RaftServerConfigKeys: raft.server.log.appender.buffer.byte-limit = 33554432 (custom)
datanode_5  | 2022-03-22 09:12:11,203 [pool-22-thread-1] INFO server.RaftServerConfigKeys: raft.server.rpc.timeout.min = 5s (custom)
s3g_1       | 	at org.eclipse.jetty.util.thread.strategy.EatWhatYouKill.run(EatWhatYouKill.java:131)
om_1        | 2022-03-22 09:12:22,859 [Listener at om/9862] INFO util.JmxRegister: Successfully registered JMX Bean with object name Ratis:service=RaftServer,group=group-C5BA1605619E,id=om1
recon_1     | 	at java.base/javax.security.auth.Subject.doAs(Subject.java:423)
datanode_4  | 2022-03-22 09:12:06,762 [pool-22-thread-1] INFO storage.RaftStorageDirectory: The storage directory /data/metadata/ratis/15e04fc4-374a-4d02-845c-57a5b23cc69f does not exist. Creating ...
datanode_3  | 2022-03-22 09:12:08,286 [pool-22-thread-1] INFO server.RaftServerConfigKeys: raft.server.log.purge.upto.snapshot.index = false (default)
scm_1       | 2022-03-22 09:11:54,196 [pool-14-thread-1] INFO server.RaftServerConfigKeys: raft.server.log.segment.size.max = 4194304 (custom)
datanode_5  | 2022-03-22 09:12:11,211 [pool-22-thread-1] INFO server.RaftServerConfigKeys: raft.server.rpc.timeout.max = 5200ms (custom)
s3g_1       | 	at org.eclipse.jetty.util.thread.ReservedThreadExecutor$ReservedThread.run(ReservedThreadExecutor.java:386)
om_1        | 2022-03-22 09:12:22,872 [Listener at om/9862] INFO server.RaftServer: om1: start RPC server
recon_1     | 	at org.apache.hadoop.security.UserGroupInformation.doAs(UserGroupInformation.java:1878)
datanode_4  | 2022-03-22 09:12:06,794 [pool-22-thread-1] INFO storage.RaftStorageDirectory: Lock on /data/metadata/ratis/15e04fc4-374a-4d02-845c-57a5b23cc69f/in_use.lock acquired by nodename 6@a88b8e30a558
datanode_3  | 2022-03-22 09:12:08,291 [pool-22-thread-1] INFO server.RaftServerConfigKeys: raft.server.retrycache.expirytime = 600000ms (custom)
scm_1       | 2022-03-22 09:11:54,204 [pool-14-thread-1] INFO server.RaftServerConfigKeys: raft.server.log.segment.cache.num.max = 2 (custom)
datanode_5  | 2022-03-22 09:12:11,211 [pool-22-thread-1] INFO server.RaftServerConfigKeys: raft.server.rpc.sleep.time = 25ms (default)
s3g_1       | 	at org.eclipse.jetty.util.thread.QueuedThreadPool.runJob(QueuedThreadPool.java:883)
om_1        | 2022-03-22 09:12:22,965 [Listener at om/9862] INFO server.GrpcService: om1: GrpcService started, listening on 9872
recon_1     | 	at org.apache.hadoop.ipc.Server$Handler.run(Server.java:2966)
datanode_4  | 2022-03-22 09:12:06,810 [pool-22-thread-1] INFO storage.RaftStorage: Storage directory /data/metadata/ratis/15e04fc4-374a-4d02-845c-57a5b23cc69f has been successfully formatted.
datanode_3  | 2022-03-22 09:12:08,298 [pool-22-thread-1] INFO server.RaftServerConfigKeys: raft.server.retrycache.statistics.expirytime = 100?s (default)
datanode_5  | 2022-03-22 09:12:11,212 [pool-22-thread-1] INFO server.RaftServerConfigKeys: raft.server.rpc.slowness.timeout = 300s (custom)
s3g_1       | 	at org.eclipse.jetty.util.thread.QueuedThreadPool$Runner.run(QueuedThreadPool.java:1034)
s3g_1       | 	at java.base/java.lang.Thread.run(Thread.java:829)
recon_1     | 2022-03-22 09:12:03,966 [IPC Server handler 11 on default port 9891] INFO ipc.Server: IPC Server handler 11 on default port 9891 caught an exception
datanode_4  | 2022-03-22 09:12:06,811 [pool-22-thread-1] INFO ratis.ContainerStateMachine: group-57A5B23CC69F: The snapshot info is null. Setting the last applied indexto:(t:0, i:~)
scm_1       | 2022-03-22 09:11:54,205 [pool-14-thread-1] INFO server.RaftServerConfigKeys: raft.server.log.segment.cache.size.max = 200MB (=209715200) (default)
datanode_3  | 2022-03-22 09:12:08,615 [pool-22-thread-1] INFO server.RaftServer$Division: 1f100499-373e-4568-ab80-313925b3d341@group-BB34935649B4: start as a follower, conf=-1: [1f100499-373e-4568-ab80-313925b3d341|rpc:172.18.0.2:9856|admin:172.18.0.2:9857|client:172.18.0.2:9858|priority:1], old=null
datanode_5  | 2022-03-22 09:12:11,212 [pool-22-thread-1] INFO server.RaftServerConfigKeys: raft.server.leaderelection.leader.step-down.wait-time = 10s (default)
om_1        | 2022-03-22 09:12:22,975 [Listener at om/9862] INFO om.OzoneManager: Version File has different layout version (0) than OM DB (null). That is expected if this OM has never been finalized to a newer layout version.
s3g_1       | Caused by: org.apache.hadoop.ozone.s3.exception.OS3Exception
recon_1     | java.nio.channels.ClosedChannelException
datanode_4  | 2022-03-22 09:12:06,827 [pool-22-thread-1] INFO server.RaftServerConfigKeys: raft.server.notification.no-leader.timeout = 300s (custom)
scm_1       | 2022-03-22 09:11:54,209 [pool-14-thread-1] INFO segmented.SegmentedRaftLogWorker: new 0777758a-8fb4-4088-8b74-5e168a1dcaab@group-65E977E00F41-SegmentedRaftLogWorker for RaftStorageImpl:Storage Directory /data/metadata/scm-ha/baa4282c-e694-4ca5-ae72-65e977e00f41
datanode_3  | 2022-03-22 09:12:08,634 [pool-22-thread-1] INFO server.RaftServer$Division: 1f100499-373e-4568-ab80-313925b3d341@group-BB34935649B4: changes role from      null to FOLLOWER at term 0 for startAsFollower
datanode_5  | 2022-03-22 09:12:11,212 [pool-22-thread-1] INFO server.RaftServerConfigKeys: raft.server.sleep.deviation.threshold = 300ms (default)
om_1        | 2022-03-22 09:12:22,978 [org.apache.ratis.util.JvmPauseMonitor$$Lambda$384/0x00000008404f7c40@4540aade] INFO util.JvmPauseMonitor: JvmPauseMonitor-om1: Started
s3g_1       | 	at org.apache.hadoop.ozone.s3.exception.S3ErrorTable.newError(S3ErrorTable.java:139)
recon_1     | 	at java.base/sun.nio.ch.SocketChannelImpl.ensureOpenAndConnected(SocketChannelImpl.java:180)
datanode_4  | 2022-03-22 09:12:06,834 [pool-22-thread-1] INFO server.RaftServerConfigKeys: raft.server.log.use.memory = false (default)
scm_1       | 2022-03-22 09:11:54,220 [pool-14-thread-1] INFO server.RaftServerConfigKeys: raft.server.log.queue.byte-limit = 64MB (=67108864) (default)
datanode_3  | 2022-03-22 09:12:08,635 [pool-22-thread-1] INFO impl.RoleInfo: 1f100499-373e-4568-ab80-313925b3d341: start 1f100499-373e-4568-ab80-313925b3d341@group-BB34935649B4-FollowerState
datanode_5  | 2022-03-22 09:12:11,213 [pool-22-thread-1] INFO server.RaftServerConfigKeys: raft.server.log.appender.install.snapshot.enabled = false (custom)
om_1        | 2022-03-22 09:12:23,061 [Listener at om/9862] INFO http.BaseHttpServer: Starting Web-server for ozoneManager at: http://0.0.0.0:9874
s3g_1       | 	at org.apache.hadoop.ozone.s3.exception.S3ErrorTable.newError(S3ErrorTable.java:126)
recon_1     | 	at java.base/sun.nio.ch.SocketChannelImpl.write(SocketChannelImpl.java:452)
datanode_4  | 2022-03-22 09:12:06,835 [pool-22-thread-1] INFO server.RaftServerConfigKeys: raft.server.log.purge.gap = 1000000 (custom)
scm_1       | 2022-03-22 09:11:54,221 [pool-14-thread-1] INFO server.RaftServerConfigKeys: raft.server.log.queue.element-limit = 4096 (default)
datanode_3  | 2022-03-22 09:12:08,670 [pool-22-thread-1] INFO util.JmxRegister: Successfully registered JMX Bean with object name Ratis:service=RaftServer,group=group-BB34935649B4,id=1f100499-373e-4568-ab80-313925b3d341
datanode_5  | 2022-03-22 09:12:11,228 [pool-22-thread-1] INFO server.RaftServer$Division: d56ece4d-6618-4821-8c9c-1590c064033e@group-57A5B23CC69F: ConfigurationManager, init=-1: [f4578f7c-5964-46f3-af24-868f73fed64b|rpc:172.18.0.3:9856|admin:172.18.0.3:9857|client:172.18.0.3:9858|dataStream:|priority:0, d56ece4d-6618-4821-8c9c-1590c064033e|rpc:172.18.0.8:9856|admin:172.18.0.8:9857|client:172.18.0.8:9858|dataStream:|priority:0, ee632a00-a87d-416f-8128-4511671576ef|rpc:172.18.0.10:9856|admin:172.18.0.10:9857|client:172.18.0.10:9858|dataStream:|priority:1], old=null, confs=<EMPTY_MAP>
om_1        | 2022-03-22 09:12:23,061 [Listener at om/9862] INFO http.BaseHttpServer: Hadoop Security Enabled: false Ozone Security Enabled: false Ozone HTTP Security Enabled: false 
s3g_1       | 	at org.apache.hadoop.ozone.s3.signature.AuthorizationV4HeaderParser.parseCredentials(AuthorizationV4HeaderParser.java:171)
recon_1     | 	at org.apache.hadoop.ipc.Server.channelWrite(Server.java:3605)
datanode_4  | 2022-03-22 09:12:06,840 [pool-22-thread-1] INFO server.RaftServerConfigKeys: raft.server.log.appender.buffer.byte-limit = 33554432 (custom)
scm_1       | 2022-03-22 09:11:54,223 [pool-14-thread-1] INFO server.RaftServerConfigKeys: raft.server.log.segment.size.max = 4194304 (custom)
datanode_3  | 2022-03-22 09:12:08,748 [Command processor thread] INFO ratis.XceiverServerRatis: Created group PipelineID=04d10f9a-6d0e-4ac2-9bd4-bb34935649b4
datanode_5  | 2022-03-22 09:12:11,233 [pool-22-thread-1] INFO server.RaftServerConfigKeys: raft.server.storage.dir = [/data/metadata/ratis] (custom)
om_1        | 2022-03-22 09:12:23,138 [Listener at om/9862] INFO util.log: Logging initialized @19049ms to org.eclipse.jetty.util.log.Slf4jLog
s3g_1       | 	at org.apache.hadoop.ozone.s3.signature.AuthorizationV4HeaderParser.parseSignature(AuthorizationV4HeaderParser.java:91)
recon_1     | 	at org.apache.hadoop.ipc.Server.access$1700(Server.java:141)
datanode_4  | 2022-03-22 09:12:06,856 [pool-22-thread-1] INFO server.RaftServerConfigKeys: raft.server.log.segment.size.max = 1048576 (custom)
scm_1       | 2022-03-22 09:11:54,224 [pool-14-thread-1] INFO server.RaftServerConfigKeys: raft.server.log.preallocated.size = 4194304 (custom)
datanode_3  | 2022-03-22 09:12:08,749 [Command processor thread] INFO commandhandler.CreatePipelineCommandHandler: Created Pipeline RATIS ONE PipelineID=04d10f9a-6d0e-4ac2-9bd4-bb34935649b4.
datanode_5  | 2022-03-22 09:12:11,239 [pool-22-thread-1] INFO server.RaftServerConfigKeys: raft.server.log.corruption.policy = EXCEPTION (default)
om_1        | 2022-03-22 09:12:23,311 [Listener at om/9862] INFO server.AuthenticationFilter: Unable to initialize FileSignerSecretProvider, falling back to use random secrets.
s3g_1       | 	at org.apache.hadoop.ozone.s3.signature.AWSSignatureProcessor.parseSignature(AWSSignatureProcessor.java:70)
recon_1     | 	at org.apache.hadoop.ipc.Server$Responder.processResponse(Server.java:1667)
datanode_4  | 2022-03-22 09:12:06,857 [pool-22-thread-1] INFO server.RaftServerConfigKeys: raft.server.log.segment.cache.num.max = 2 (custom)
scm_1       | 2022-03-22 09:11:54,225 [pool-14-thread-1] INFO server.RaftServerConfigKeys: raft.server.log.force.sync.num = 128 (default)
datanode_3  | 2022-03-22 09:12:13,780 [1f100499-373e-4568-ab80-313925b3d341@group-BB34935649B4-FollowerState] INFO impl.FollowerState: 1f100499-373e-4568-ab80-313925b3d341@group-BB34935649B4-FollowerState: change to CANDIDATE, lastRpcElapsedTime:5145434012ns, electionTimeout:5131ms
datanode_5  | 2022-03-22 09:12:11,241 [pool-22-thread-1] INFO server.RaftServerConfigKeys: raft.server.storage.free-space.min = 0MB (=0) (default)
om_1        | 2022-03-22 09:12:23,318 [Listener at om/9862] INFO http.HttpRequestLog: Http request log for http.requests.ozoneManager is not defined
s3g_1       | 	at org.apache.hadoop.ozone.s3.signature.AWSSignatureProcessor$Proxy$_$$_WeldClientProxy.parseSignature(Unknown Source)
recon_1     | 	at org.apache.hadoop.ipc.Server$Responder.doRespond(Server.java:1737)
datanode_4  | 2022-03-22 09:12:06,857 [pool-22-thread-1] INFO server.RaftServerConfigKeys: raft.server.log.segment.cache.size.max = 200MB (=209715200) (default)
scm_1       | 2022-03-22 09:11:54,247 [pool-14-thread-1] INFO server.RaftServerConfigKeys: raft.server.log.statemachine.data.sync = true (default)
datanode_3  | 2022-03-22 09:12:13,782 [1f100499-373e-4568-ab80-313925b3d341@group-BB34935649B4-FollowerState] INFO impl.RoleInfo: 1f100499-373e-4568-ab80-313925b3d341: shutdown 1f100499-373e-4568-ab80-313925b3d341@group-BB34935649B4-FollowerState
datanode_3  | 2022-03-22 09:12:13,782 [1f100499-373e-4568-ab80-313925b3d341@group-BB34935649B4-FollowerState] INFO server.RaftServer$Division: 1f100499-373e-4568-ab80-313925b3d341@group-BB34935649B4: changes role from  FOLLOWER to CANDIDATE at term 0 for changeToCandidate
om_1        | 2022-03-22 09:12:23,325 [Listener at om/9862] INFO http.HttpServer2: Added global filter 'safety' (class=org.apache.hadoop.hdds.server.http.HttpServer2$QuotingInputFilter)
s3g_1       | 	at org.apache.hadoop.ozone.s3.OzoneClientProducer.getSignature(OzoneClientProducer.java:87)
recon_1     | 	at org.apache.hadoop.ipc.Server$Connection.sendResponse(Server.java:2837)
datanode_4  | 2022-03-22 09:12:06,857 [pool-22-thread-1] INFO segmented.SegmentedRaftLogWorker: new f4578f7c-5964-46f3-af24-868f73fed64b@group-57A5B23CC69F-SegmentedRaftLogWorker for RaftStorageImpl:Storage Directory /data/metadata/ratis/15e04fc4-374a-4d02-845c-57a5b23cc69f
scm_1       | 2022-03-22 09:11:54,247 [pool-14-thread-1] INFO server.RaftServerConfigKeys: raft.server.log.statemachine.data.sync.timeout = 10s (default)
datanode_3  | 2022-03-22 09:12:13,786 [1f100499-373e-4568-ab80-313925b3d341@group-BB34935649B4-FollowerState] INFO server.RaftServerConfigKeys: raft.server.leaderelection.pre-vote = false (custom)
datanode_5  | 2022-03-22 09:12:11,242 [pool-22-thread-1] INFO storage.RaftStorageDirectory: The storage directory /data/metadata/ratis/15e04fc4-374a-4d02-845c-57a5b23cc69f does not exist. Creating ...
om_1        | 2022-03-22 09:12:23,327 [Listener at om/9862] INFO http.HttpServer2: Added filter static_user_filter (class=org.apache.hadoop.http.lib.StaticUserWebFilter$StaticUserFilter) to context ozoneManager
s3g_1       | 	... 114 more
recon_1     | 	at org.apache.hadoop.ipc.Server$Connection.access$300(Server.java:1809)
datanode_4  | 2022-03-22 09:12:06,857 [pool-22-thread-1] INFO server.RaftServerConfigKeys: raft.server.log.queue.byte-limit = 4294967296 (custom)
scm_1       | 2022-03-22 09:11:54,247 [pool-14-thread-1] INFO server.RaftServerConfigKeys: raft.server.log.statemachine.data.sync.timeout.retry = -1 (default)
datanode_3  | 2022-03-22 09:12:13,786 [1f100499-373e-4568-ab80-313925b3d341@group-BB34935649B4-FollowerState] INFO impl.RoleInfo: 1f100499-373e-4568-ab80-313925b3d341: start 1f100499-373e-4568-ab80-313925b3d341@group-BB34935649B4-LeaderElection1
datanode_5  | 2022-03-22 09:12:11,258 [pool-22-thread-1] INFO storage.RaftStorageDirectory: Lock on /data/metadata/ratis/15e04fc4-374a-4d02-845c-57a5b23cc69f/in_use.lock acquired by nodename 8@40b220eacd12
datanode_5  | 2022-03-22 09:12:11,282 [pool-22-thread-1] INFO storage.RaftStorage: Storage directory /data/metadata/ratis/15e04fc4-374a-4d02-845c-57a5b23cc69f has been successfully formatted.
s3g_1       | 
recon_1     | 	at org.apache.hadoop.ipc.Server$RpcCall.doResponse(Server.java:1117)
datanode_4  | 2022-03-22 09:12:06,857 [pool-22-thread-1] INFO server.RaftServerConfigKeys: raft.server.log.queue.element-limit = 1024 (custom)
scm_1       | 2022-03-22 09:11:54,257 [pool-14-thread-1] INFO server.RaftServerConfigKeys: raft.server.log.write.buffer.size = 64KB (=65536) (default)
datanode_5  | 2022-03-22 09:12:11,314 [pool-22-thread-1] INFO ratis.ContainerStateMachine: group-57A5B23CC69F: The snapshot info is null. Setting the last applied indexto:(t:0, i:~)
om_1        | 2022-03-22 09:12:23,327 [Listener at om/9862] INFO http.HttpServer2: Added filter static_user_filter (class=org.apache.hadoop.http.lib.StaticUserWebFilter$StaticUserFilter) to context logs
datanode_3  | 2022-03-22 09:12:13,795 [1f100499-373e-4568-ab80-313925b3d341@group-BB34935649B4-LeaderElection1] INFO impl.LeaderElection: 1f100499-373e-4568-ab80-313925b3d341@group-BB34935649B4-LeaderElection1 ELECTION round 0: submit vote requests at term 1 for -1: [1f100499-373e-4568-ab80-313925b3d341|rpc:172.18.0.2:9856|admin:172.18.0.2:9857|client:172.18.0.2:9858|priority:1], old=null
s3g_1       | 
recon_1     | 	at org.apache.hadoop.ipc.Server$Call.doResponse(Server.java:909)
datanode_4  | 2022-03-22 09:12:06,857 [pool-22-thread-1] INFO server.RaftServerConfigKeys: raft.server.log.segment.size.max = 1048576 (custom)
scm_1       | 2022-03-22 09:11:54,257 [pool-14-thread-1] INFO server.RaftServerConfigKeys: raft.server.log.statemachine.data.caching.enabled = false (default)
datanode_5  | 2022-03-22 09:12:11,342 [pool-22-thread-1] INFO server.RaftServerConfigKeys: raft.server.notification.no-leader.timeout = 300s (custom)
om_1        | 2022-03-22 09:12:23,327 [Listener at om/9862] INFO http.HttpServer2: Added filter static_user_filter (class=org.apache.hadoop.http.lib.StaticUserWebFilter$StaticUserFilter) to context static
datanode_3  | 2022-03-22 09:12:13,796 [1f100499-373e-4568-ab80-313925b3d341@group-BB34935649B4-LeaderElection1] INFO impl.LeaderElection: 1f100499-373e-4568-ab80-313925b3d341@group-BB34935649B4-LeaderElection1 ELECTION round 0: result PASSED (term=1)
s3g_1       | 2022-03-22 09:33:02,772 [qtp1517328406-17] INFO rpc.RpcClient: Creating Bucket: s3v/destbucket-01619, with hadoop as owner and Versioning false and Storage Type set to DISK and Encryption set to false 
recon_1     | 	at org.apache.hadoop.ipc.Server$Call.sendResponse(Server.java:895)
