datanode_3_1  | 2021-09-13 13:38:07,548 [727f422d-6fad-47c5-bbed-c495f9983776@group-9964DF4F00AA-LeaderElection2] INFO impl.LeaderElection: 727f422d-6fad-47c5-bbed-c495f9983776@group-9964DF4F00AA-LeaderElection2: ELECTION PASSED received 1 response(s) and 0 exception(s):
datanode_3_1  | 2021-09-13 13:38:07,549 [727f422d-6fad-47c5-bbed-c495f9983776@group-9964DF4F00AA-LeaderElection2] INFO impl.LeaderElection:   Response 0: 727f422d-6fad-47c5-bbed-c495f9983776<-9b765379-c521-4a79-85a4-50af20899753#0:OK-t2
datanode_3_1  | 2021-09-13 13:38:07,549 [727f422d-6fad-47c5-bbed-c495f9983776@group-9964DF4F00AA-LeaderElection2] INFO impl.LeaderElection: 727f422d-6fad-47c5-bbed-c495f9983776@group-9964DF4F00AA-LeaderElection2 ELECTION round 0: result PASSED
datanode_3_1  | 2021-09-13 13:38:07,549 [727f422d-6fad-47c5-bbed-c495f9983776@group-9964DF4F00AA-LeaderElection2] INFO impl.RoleInfo: 727f422d-6fad-47c5-bbed-c495f9983776: shutdown 727f422d-6fad-47c5-bbed-c495f9983776@group-9964DF4F00AA-LeaderElection2
datanode_6_1  | 2021-09-13 13:37:59,659 [pool-22-thread-1] INFO server.RaftServerConfigKeys: raft.server.log.purge.upto.snapshot.index = false (default)
datanode_6_1  | 2021-09-13 13:37:59,666 [pool-22-thread-1] INFO server.RaftServerConfigKeys: raft.server.retrycache.expirytime = 600000ms (custom)
scm_1         | 2021-09-13 13:37:45,183 [Socket Reader #1 for port 9863] INFO ipc.Server: Starting Socket Reader #1 for port 9863
datanode_1_1  | 2021-09-13 13:38:09,412 [9b765379-c521-4a79-85a4-50af20899753@group-3E7630B68C35-LeaderElection2] INFO ratis.XceiverServerRatis: Leader change notification received for group: group-3E7630B68C35 with new leaderId: 9b765379-c521-4a79-85a4-50af20899753
datanode_1_1  | 2021-09-13 13:38:09,414 [9b765379-c521-4a79-85a4-50af20899753@group-3E7630B68C35-LeaderElection2] INFO server.RaftServer$Division: 9b765379-c521-4a79-85a4-50af20899753@group-3E7630B68C35: change Leader from null to 9b765379-c521-4a79-85a4-50af20899753 at term 1 for becomeLeader, leader elected after 5196ms
datanode_3_1  | 2021-09-13 13:38:07,549 [727f422d-6fad-47c5-bbed-c495f9983776@group-9964DF4F00AA-LeaderElection2] INFO server.RaftServer$Division: 727f422d-6fad-47c5-bbed-c495f9983776@group-9964DF4F00AA: changes role from CANDIDATE to LEADER at term 2 for changeToLeader
datanode_3_1  | 2021-09-13 13:38:07,550 [727f422d-6fad-47c5-bbed-c495f9983776@group-9964DF4F00AA-LeaderElection2] INFO ratis.XceiverServerRatis: Leader change notification received for group: group-9964DF4F00AA with new leaderId: 727f422d-6fad-47c5-bbed-c495f9983776
datanode_3_1  | 2021-09-13 13:38:07,550 [727f422d-6fad-47c5-bbed-c495f9983776@group-9964DF4F00AA-LeaderElection2] INFO server.RaftServer$Division: 727f422d-6fad-47c5-bbed-c495f9983776@group-9964DF4F00AA: change Leader from null to 727f422d-6fad-47c5-bbed-c495f9983776 at term 2 for becomeLeader, leader elected after 13028ms
datanode_3_1  | 2021-09-13 13:38:07,551 [Datanode State Machine Thread - 0] WARN statemachine.StateContext: No available thread in pool for past 30 seconds.
datanode_3_1  | 2021-09-13 13:38:07,593 [727f422d-6fad-47c5-bbed-c495f9983776@group-9964DF4F00AA-LeaderElection2] INFO server.RaftServerConfigKeys: raft.server.staging.catchup.gap = 1000 (default)
datanode_6_1  | 2021-09-13 13:37:59,667 [pool-22-thread-1] INFO server.RaftServerConfigKeys: raft.server.retrycache.statistics.expirytime = 100?s (default)
datanode_6_1  | 2021-09-13 13:37:59,770 [pool-22-thread-1] INFO server.RaftServer$Division: 569c09f1-c00c-459e-afb6-411841147574@group-C9876978AEED: start as a follower, conf=-1: [569c09f1-c00c-459e-afb6-411841147574|rpc:10.5.0.9:9856|admin:10.5.0.9:9857|client:10.5.0.9:9858|dataStream:|priority:0, 9b765379-c521-4a79-85a4-50af20899753|rpc:10.5.0.4:9856|admin:10.5.0.4:9857|client:10.5.0.4:9858|dataStream:|priority:1, 95a90fb3-4256-4129-802c-6661cc2fd91f|rpc:10.5.0.7:9856|admin:10.5.0.7:9857|client:10.5.0.7:9858|dataStream:|priority:0], old=null
scm_1         | 2021-09-13 13:37:45,299 [Listener at 0.0.0.0/9863] INFO ipc.CallQueueManager: Using callQueue: class java.util.concurrent.LinkedBlockingQueue, queueCapacity: 10000, scheduler: class org.apache.hadoop.ipc.DefaultRpcScheduler, ipcBackoff: false.
scm_1         | 2021-09-13 13:37:45,306 [Socket Reader #1 for port 9860] INFO ipc.Server: Starting Socket Reader #1 for port 9860
datanode_3_1  | 2021-09-13 13:38:07,618 [727f422d-6fad-47c5-bbed-c495f9983776@group-9964DF4F00AA-LeaderElection2] INFO server.RaftServerConfigKeys: raft.server.write.element-limit = 1024 (custom)
datanode_6_1  | 2021-09-13 13:37:59,771 [pool-22-thread-1] INFO server.RaftServer$Division: 569c09f1-c00c-459e-afb6-411841147574@group-C9876978AEED: changes role from      null to FOLLOWER at term 0 for startAsFollower
datanode_6_1  | 2021-09-13 13:37:59,773 [pool-22-thread-1] INFO impl.RoleInfo: 569c09f1-c00c-459e-afb6-411841147574: start 569c09f1-c00c-459e-afb6-411841147574@group-C9876978AEED-FollowerState
datanode_1_1  | 2021-09-13 13:38:09,415 [Datanode State Machine Thread - 0] WARN statemachine.StateContext: No available thread in pool for past 30 seconds.
datanode_3_1  | 2021-09-13 13:38:07,645 [727f422d-6fad-47c5-bbed-c495f9983776@group-9964DF4F00AA-LeaderElection2] INFO server.RaftServerConfigKeys: raft.server.write.byte-limit = 1024 M (=1073741824) (custom)
datanode_3_1  | 2021-09-13 13:38:07,695 [727f422d-6fad-47c5-bbed-c495f9983776@group-9964DF4F00AA-LeaderElection2] INFO server.RaftServerConfigKeys: raft.server.watch.timeout = 180s (custom)
datanode_4_1  | java.lang.InterruptedException: sleep interrupted
datanode_6_1  | 2021-09-13 13:37:59,803 [pool-22-thread-1] INFO util.JmxRegister: Successfully registered JMX Bean with object name Ratis:service=RaftServer,group=group-C9876978AEED,id=569c09f1-c00c-459e-afb6-411841147574
datanode_6_1  | 2021-09-13 13:38:00,238 [grpc-default-executor-0] INFO server.RaftServer$Division: 569c09f1-c00c-459e-afb6-411841147574@group-C9876978AEED: receive requestVote(ELECTION, 9b765379-c521-4a79-85a4-50af20899753, group-C9876978AEED, 1, (t:0, i:0))
datanode_3_1  | 2021-09-13 13:38:07,706 [727f422d-6fad-47c5-bbed-c495f9983776@group-9964DF4F00AA-LeaderElection2] INFO server.RaftServerConfigKeys: raft.server.watch.timeout.denomination = 1s (default)
datanode_3_1  | 2021-09-13 13:38:07,713 [727f422d-6fad-47c5-bbed-c495f9983776@group-9964DF4F00AA-LeaderElection2] INFO server.RaftServerConfigKeys: raft.server.watch.element-limit = 65536 (default)
datanode_3_1  | 2021-09-13 13:38:07,837 [727f422d-6fad-47c5-bbed-c495f9983776@group-9964DF4F00AA-LeaderElection2] INFO server.RaftServerConfigKeys: raft.server.log.appender.snapshot.chunk.size.max = 16MB (=16777216) (default)
datanode_4_1  | 	at java.base/java.lang.Thread.sleep(Native Method)
datanode_4_1  | 	at java.base/java.lang.Thread.sleep(Thread.java:339)
om_1          | 2021-09-13 13:38:19,326 [om1@group-C5BA1605619E-LeaderElection1] INFO segmented.SegmentedRaftLogWorker: om1@group-C5BA1605619E-SegmentedRaftLogWorker: Starting segment from index:0
datanode_3_1  | 2021-09-13 13:38:07,837 [727f422d-6fad-47c5-bbed-c495f9983776@group-9964DF4F00AA-LeaderElection2] INFO server.RaftServerConfigKeys: raft.server.log.appender.buffer.byte-limit = 33554432 (custom)
datanode_3_1  | 2021-09-13 13:38:07,837 [727f422d-6fad-47c5-bbed-c495f9983776@group-9964DF4F00AA-LeaderElection2] INFO server.RaftServerConfigKeys: raft.server.log.appender.buffer.element-limit = 1 (custom)
datanode_3_1  | 2021-09-13 13:38:07,840 [727f422d-6fad-47c5-bbed-c495f9983776@group-9964DF4F00AA-LeaderElection2] INFO grpc.GrpcConfigKeys: raft.grpc.server.leader.outstanding.appends.max = 128 (default)
datanode_3_1  | 2021-09-13 13:38:07,845 [727f422d-6fad-47c5-bbed-c495f9983776@group-9964DF4F00AA-LeaderElection2] INFO server.RaftServerConfigKeys: raft.server.rpc.request.timeout = 60s (custom)
datanode_6_1  | 2021-09-13 13:38:00,245 [grpc-default-executor-0] INFO impl.VoteContext: 569c09f1-c00c-459e-afb6-411841147574@group-C9876978AEED-FOLLOWER: accept ELECTION from 9b765379-c521-4a79-85a4-50af20899753: our priority 0 <= candidate's priority 1
scm_1         | 2021-09-13 13:37:45,366 [Listener at 0.0.0.0/9860] INFO algorithms.ContainerPlacementPolicyFactory: Create container placement policy of type org.apache.hadoop.hdds.scm.container.placement.algorithms.SCMContainerPlacementRackAware
datanode_4_1  | 	at java.base/java.util.concurrent.TimeUnit.sleep(TimeUnit.java:446)
datanode_3_1  | 2021-09-13 13:38:07,845 [727f422d-6fad-47c5-bbed-c495f9983776@group-9964DF4F00AA-LeaderElection2] INFO server.RaftServerConfigKeys: raft.server.log.appender.install.snapshot.enabled = false (custom)
datanode_3_1  | 2021-09-13 13:38:07,967 [727f422d-6fad-47c5-bbed-c495f9983776@group-9964DF4F00AA-LeaderElection2] INFO server.RaftServerConfigKeys: raft.server.log.appender.snapshot.chunk.size.max = 16MB (=16777216) (default)
datanode_3_1  | 2021-09-13 13:38:07,968 [727f422d-6fad-47c5-bbed-c495f9983776@group-9964DF4F00AA-LeaderElection2] INFO server.RaftServerConfigKeys: raft.server.log.appender.buffer.byte-limit = 33554432 (custom)
datanode_3_1  | 2021-09-13 13:38:07,968 [727f422d-6fad-47c5-bbed-c495f9983776@group-9964DF4F00AA-LeaderElection2] INFO server.RaftServerConfigKeys: raft.server.log.appender.buffer.element-limit = 1 (custom)
datanode_3_1  | 2021-09-13 13:38:07,984 [727f422d-6fad-47c5-bbed-c495f9983776@group-9964DF4F00AA-LeaderElection2] INFO grpc.GrpcConfigKeys: raft.grpc.server.leader.outstanding.appends.max = 128 (default)
datanode_3_1  | 2021-09-13 13:38:07,984 [727f422d-6fad-47c5-bbed-c495f9983776@group-9964DF4F00AA-LeaderElection2] INFO server.RaftServerConfigKeys: raft.server.rpc.request.timeout = 60s (custom)
om_1          | 2021-09-13 13:38:19,379 [om1@group-C5BA1605619E-LeaderElection1] INFO server.RaftServer$Division: om1@group-C5BA1605619E: set configuration 0: [om1|rpc:om:9872|admin:|client:|dataStream:|priority:0], old=null
datanode_1_1  | 2021-09-13 13:38:09,425 [9b765379-c521-4a79-85a4-50af20899753@group-3E7630B68C35-LeaderElection2] INFO server.RaftServerConfigKeys: raft.server.staging.catchup.gap = 1000 (default)
scm_1         | 2021-09-13 13:37:45,371 [Listener at 0.0.0.0/9860] INFO server.StorageContainerManager: 
scm_1         | Container Balancer status:
datanode_6_1  | 2021-09-13 13:38:00,245 [grpc-default-executor-0] INFO server.RaftServer$Division: 569c09f1-c00c-459e-afb6-411841147574@group-C9876978AEED: changes role from  FOLLOWER to FOLLOWER at term 1 for candidate:9b765379-c521-4a79-85a4-50af20899753
datanode_4_1  | 	at org.apache.ratis.util.TimeDuration.sleep(TimeDuration.java:324)
scm_1         | Key                            Value
scm_1         | Running                        false
scm_1         | Container Balancer Configuration values:
scm_1         | Key                                                Value
scm_1         | Threshold                                          0.1
scm_1         | Max Datanodes to Involve per Iteration(ratio)      0.5
scm_1         | Max Size to Move per Iteration                     10737418240B
scm_1         | 
datanode_1_1  | 2021-09-13 13:38:09,426 [9b765379-c521-4a79-85a4-50af20899753@group-3E7630B68C35-LeaderElection2] INFO server.RaftServerConfigKeys: raft.server.write.element-limit = 1024 (custom)
om_1          | 2021-09-13 13:38:19,463 [om1@group-C5BA1605619E-SegmentedRaftLogWorker] INFO segmented.SegmentedRaftLogWorker: om1@group-C5BA1605619E-SegmentedRaftLogWorker: created new log segment /data/metadata/ratis/bf265839-605b-3f16-9796-c5ba1605619e/current/log_inprogress_0
datanode_4_1  | 	at org.apache.ratis.util.TimeDuration.sleep(TimeDuration.java:309)
datanode_4_1  | 	at org.apache.ratis.server.impl.FollowerState.run(FollowerState.java:118)
datanode_4_1  | 2021-09-13 13:38:24,132 [grpc-default-executor-0] INFO server.RaftServer$Division: 95a90fb3-4256-4129-802c-6661cc2fd91f@group-4880425D57DA replies to ELECTION vote request: 569c09f1-c00c-459e-afb6-411841147574<-95a90fb3-4256-4129-802c-6661cc2fd91f#0:OK-t4. Peer's state: 95a90fb3-4256-4129-802c-6661cc2fd91f@group-4880425D57DA:t4, leader=null, voted=569c09f1-c00c-459e-afb6-411841147574, raftlog=95a90fb3-4256-4129-802c-6661cc2fd91f@group-4880425D57DA-SegmentedRaftLog:OPENED:c-1,f-1,i0, conf=-1: [727f422d-6fad-47c5-bbed-c495f9983776|rpc:10.5.0.6:9856|admin:10.5.0.6:9857|client:10.5.0.6:9858|dataStream:|priority:0, 569c09f1-c00c-459e-afb6-411841147574|rpc:10.5.0.9:9856|admin:10.5.0.9:9857|client:10.5.0.9:9858|dataStream:|priority:1, 95a90fb3-4256-4129-802c-6661cc2fd91f|rpc:10.5.0.7:9856|admin:10.5.0.7:9857|client:10.5.0.7:9858|dataStream:|priority:0], old=null
datanode_6_1  | 2021-09-13 13:38:00,246 [grpc-default-executor-0] INFO impl.RoleInfo: 569c09f1-c00c-459e-afb6-411841147574: shutdown 569c09f1-c00c-459e-afb6-411841147574@group-C9876978AEED-FollowerState
scm_1         | 2021-09-13 13:37:45,371 [Listener at 0.0.0.0/9860] WARN events.EventQueue: No event handler registered for event TypedEvent{payloadType=SafeModeStatus, name='Safe mode status'}
scm_1         | 2021-09-13 13:37:45,371 [Listener at 0.0.0.0/9860] INFO ha.SCMContext: Update SafeModeStatus from SafeModeStatus{safeModeStatus=true, preCheckPassed=false} to SafeModeStatus{safeModeStatus=true, preCheckPassed=false}.
scm_1         | 2021-09-13 13:37:45,374 [Listener at 0.0.0.0/9860] INFO server.StorageContainerManager: StorageContainerLocationProtocol RPC server is listening at /0.0.0.0:9860
datanode_4_1  | 2021-09-13 13:38:24,311 [grpc-default-executor-0] INFO ratis.XceiverServerRatis: Leader change notification received for group: group-4880425D57DA with new leaderId: 569c09f1-c00c-459e-afb6-411841147574
datanode_3_1  | 2021-09-13 13:38:07,984 [727f422d-6fad-47c5-bbed-c495f9983776@group-9964DF4F00AA-LeaderElection2] INFO server.RaftServerConfigKeys: raft.server.log.appender.install.snapshot.enabled = false (custom)
datanode_6_1  | 2021-09-13 13:38:00,247 [569c09f1-c00c-459e-afb6-411841147574@group-C9876978AEED-FollowerState] INFO impl.FollowerState: 569c09f1-c00c-459e-afb6-411841147574@group-C9876978AEED-FollowerState was interrupted: {}
datanode_4_1  | 2021-09-13 13:38:24,311 [grpc-default-executor-0] INFO server.RaftServer$Division: 95a90fb3-4256-4129-802c-6661cc2fd91f@group-4880425D57DA: change Leader from null to 569c09f1-c00c-459e-afb6-411841147574 at term 4 for appendEntries, leader elected after 20433ms
datanode_4_1  | 2021-09-13 13:38:24,372 [grpc-default-executor-0] INFO server.RaftServer$Division: 95a90fb3-4256-4129-802c-6661cc2fd91f@group-4880425D57DA: set configuration 0: [727f422d-6fad-47c5-bbed-c495f9983776|rpc:10.5.0.6:9856|admin:10.5.0.6:9857|client:10.5.0.6:9858|dataStream:|priority:0, 569c09f1-c00c-459e-afb6-411841147574|rpc:10.5.0.9:9856|admin:10.5.0.9:9857|client:10.5.0.9:9858|dataStream:|priority:1, 95a90fb3-4256-4129-802c-6661cc2fd91f|rpc:10.5.0.7:9856|admin:10.5.0.7:9857|client:10.5.0.7:9858|dataStream:|priority:0], old=null
datanode_1_1  | 2021-09-13 13:38:09,426 [9b765379-c521-4a79-85a4-50af20899753@group-3E7630B68C35-LeaderElection2] INFO server.RaftServerConfigKeys: raft.server.write.byte-limit = 1024 M (=1073741824) (custom)
datanode_4_1  | 2021-09-13 13:38:24,372 [grpc-default-executor-0] INFO segmented.SegmentedRaftLogWorker: 95a90fb3-4256-4129-802c-6661cc2fd91f@group-4880425D57DA-SegmentedRaftLogWorker: Starting segment from index:0
datanode_4_1  | 2021-09-13 13:38:24,374 [95a90fb3-4256-4129-802c-6661cc2fd91f@group-4880425D57DA-SegmentedRaftLogWorker] INFO segmented.SegmentedRaftLogWorker: 95a90fb3-4256-4129-802c-6661cc2fd91f@group-4880425D57DA-SegmentedRaftLogWorker: created new log segment /data/metadata/ratis/6c0398ad-43ee-47ca-bb23-4880425d57da/current/log_inprogress_0
datanode_4_1  | 2021-09-13 13:38:27,606 [95a90fb3-4256-4129-802c-6661cc2fd91f@group-4A51D4EF668F-FollowerState] INFO impl.FollowerState: 95a90fb3-4256-4129-802c-6661cc2fd91f@group-4A51D4EF668F-FollowerState: change to CANDIDATE, lastRpcElapsedTime:5010518417ns, electionTimeout:5005ms
datanode_4_1  | 2021-09-13 13:38:27,607 [95a90fb3-4256-4129-802c-6661cc2fd91f@group-4A51D4EF668F-FollowerState] INFO impl.RoleInfo: 95a90fb3-4256-4129-802c-6661cc2fd91f: shutdown 95a90fb3-4256-4129-802c-6661cc2fd91f@group-4A51D4EF668F-FollowerState
datanode_4_1  | 2021-09-13 13:38:27,607 [95a90fb3-4256-4129-802c-6661cc2fd91f@group-4A51D4EF668F-FollowerState] INFO server.RaftServer$Division: 95a90fb3-4256-4129-802c-6661cc2fd91f@group-4A51D4EF668F: changes role from  FOLLOWER to CANDIDATE at term 0 for changeToCandidate
datanode_4_1  | 2021-09-13 13:38:27,609 [95a90fb3-4256-4129-802c-6661cc2fd91f@group-4A51D4EF668F-FollowerState] INFO server.RaftServerConfigKeys: raft.server.leaderelection.pre-vote = false (custom)
om_1          | 2021-09-13 13:38:19,599 [om1@group-C5BA1605619E-StateMachineUpdater] INFO ratis.OzoneManagerStateMachine: Received Configuration change notification from Ratis. New Peer list:
datanode_3_1  | 2021-09-13 13:38:08,011 [727f422d-6fad-47c5-bbed-c495f9983776@group-9964DF4F00AA-LeaderElection2] INFO impl.RoleInfo: 727f422d-6fad-47c5-bbed-c495f9983776: start 727f422d-6fad-47c5-bbed-c495f9983776@group-9964DF4F00AA-LeaderStateImpl
datanode_6_1  | java.lang.InterruptedException: sleep interrupted
scm_1         | 2021-09-13 13:37:45,499 [Listener at 0.0.0.0/9860] INFO impl.MetricsConfig: Loaded properties from hadoop-metrics2.properties
datanode_4_1  | 2021-09-13 13:38:27,616 [95a90fb3-4256-4129-802c-6661cc2fd91f@group-4A51D4EF668F-FollowerState] INFO impl.RoleInfo: 95a90fb3-4256-4129-802c-6661cc2fd91f: start 95a90fb3-4256-4129-802c-6661cc2fd91f@group-4A51D4EF668F-LeaderElection1
datanode_4_1  | 2021-09-13 13:38:27,633 [95a90fb3-4256-4129-802c-6661cc2fd91f@group-4A51D4EF668F-LeaderElection1] INFO impl.LeaderElection: 95a90fb3-4256-4129-802c-6661cc2fd91f@group-4A51D4EF668F-LeaderElection1 ELECTION round 0: submit vote requests at term 1 for -1: [95a90fb3-4256-4129-802c-6661cc2fd91f|rpc:10.5.0.7:9856|admin:10.5.0.7:9857|client:10.5.0.7:9858|priority:1], old=null
datanode_4_1  | 2021-09-13 13:38:27,633 [95a90fb3-4256-4129-802c-6661cc2fd91f@group-4A51D4EF668F-LeaderElection1] INFO impl.LeaderElection: 95a90fb3-4256-4129-802c-6661cc2fd91f@group-4A51D4EF668F-LeaderElection1 ELECTION round 0: result PASSED (term=1)
datanode_4_1  | 2021-09-13 13:38:27,634 [95a90fb3-4256-4129-802c-6661cc2fd91f@group-4A51D4EF668F-LeaderElection1] INFO impl.RoleInfo: 95a90fb3-4256-4129-802c-6661cc2fd91f: shutdown 95a90fb3-4256-4129-802c-6661cc2fd91f@group-4A51D4EF668F-LeaderElection1
scm_1         | 2021-09-13 13:37:45,522 [Listener at 0.0.0.0/9860] INFO impl.MetricsSystemImpl: Scheduled Metric snapshot period at 10 second(s).
om_1          | [id: "om1"
om_1          | address: "om:9872"
datanode_4_1  | 2021-09-13 13:38:27,636 [95a90fb3-4256-4129-802c-6661cc2fd91f@group-4A51D4EF668F-LeaderElection1] INFO server.RaftServer$Division: 95a90fb3-4256-4129-802c-6661cc2fd91f@group-4A51D4EF668F: changes role from CANDIDATE to LEADER at term 1 for changeToLeader
datanode_4_1  | 2021-09-13 13:38:27,636 [95a90fb3-4256-4129-802c-6661cc2fd91f@group-4A51D4EF668F-LeaderElection1] INFO ratis.XceiverServerRatis: Leader change notification received for group: group-4A51D4EF668F with new leaderId: 95a90fb3-4256-4129-802c-6661cc2fd91f
datanode_3_1  | 2021-09-13 13:38:08,089 [727f422d-6fad-47c5-bbed-c495f9983776@group-9964DF4F00AA-LeaderElection2] INFO segmented.SegmentedRaftLogWorker: 727f422d-6fad-47c5-bbed-c495f9983776@group-9964DF4F00AA-SegmentedRaftLogWorker: Starting segment from index:0
scm_1         | 2021-09-13 13:37:45,523 [Listener at 0.0.0.0/9860] INFO impl.MetricsSystemImpl: StorageContainerManager metrics system started
datanode_4_1  | 2021-09-13 13:38:27,654 [95a90fb3-4256-4129-802c-6661cc2fd91f@group-4A51D4EF668F-LeaderElection1] INFO server.RaftServer$Division: 95a90fb3-4256-4129-802c-6661cc2fd91f@group-4A51D4EF668F: change Leader from null to 95a90fb3-4256-4129-802c-6661cc2fd91f at term 1 for becomeLeader, leader elected after 5061ms
datanode_3_1  | 2021-09-13 13:38:08,221 [727f422d-6fad-47c5-bbed-c495f9983776@group-9964DF4F00AA-LeaderElection2] INFO server.RaftServer$Division: 727f422d-6fad-47c5-bbed-c495f9983776@group-9964DF4F00AA: set configuration 0: [727f422d-6fad-47c5-bbed-c495f9983776|rpc:10.5.0.6:9856|admin:10.5.0.6:9857|client:10.5.0.6:9858|dataStream:|priority:1, 9b765379-c521-4a79-85a4-50af20899753|rpc:10.5.0.4:9856|admin:10.5.0.4:9857|client:10.5.0.4:9858|dataStream:|priority:0, f231452b-3281-4202-a292-f46e0da564cd|rpc:10.5.0.8:9856|admin:10.5.0.8:9857|client:10.5.0.8:9858|dataStream:|priority:0], old=null
datanode_3_1  | 2021-09-13 13:38:08,385 [727f422d-6fad-47c5-bbed-c495f9983776@group-4880425D57DA-FollowerState] INFO impl.FollowerState: 727f422d-6fad-47c5-bbed-c495f9983776@group-4880425D57DA-FollowerState: change to CANDIDATE, lastRpcElapsedTime:5080169010ns, electionTimeout:5076ms
datanode_3_1  | 2021-09-13 13:38:08,411 [727f422d-6fad-47c5-bbed-c495f9983776@group-4880425D57DA-FollowerState] INFO impl.RoleInfo: 727f422d-6fad-47c5-bbed-c495f9983776: shutdown 727f422d-6fad-47c5-bbed-c495f9983776@group-4880425D57DA-FollowerState
datanode_3_1  | 2021-09-13 13:38:08,412 [727f422d-6fad-47c5-bbed-c495f9983776@group-4880425D57DA-FollowerState] INFO server.RaftServer$Division: 727f422d-6fad-47c5-bbed-c495f9983776@group-4880425D57DA: changes role from  FOLLOWER to CANDIDATE at term 0 for changeToCandidate
datanode_3_1  | 2021-09-13 13:38:08,412 [727f422d-6fad-47c5-bbed-c495f9983776@group-4880425D57DA-FollowerState] INFO server.RaftServerConfigKeys: raft.server.leaderelection.pre-vote = false (custom)
datanode_3_1  | 2021-09-13 13:38:08,412 [727f422d-6fad-47c5-bbed-c495f9983776@group-4880425D57DA-FollowerState] INFO impl.RoleInfo: 727f422d-6fad-47c5-bbed-c495f9983776: start 727f422d-6fad-47c5-bbed-c495f9983776@group-4880425D57DA-LeaderElection3
datanode_3_1  | 2021-09-13 13:38:08,496 [727f422d-6fad-47c5-bbed-c495f9983776@group-4880425D57DA-LeaderElection3] INFO impl.LeaderElection: 727f422d-6fad-47c5-bbed-c495f9983776@group-4880425D57DA-LeaderElection3 ELECTION round 0: submit vote requests at term 1 for -1: [727f422d-6fad-47c5-bbed-c495f9983776|rpc:10.5.0.6:9856|admin:10.5.0.6:9857|client:10.5.0.6:9858|priority:0, 569c09f1-c00c-459e-afb6-411841147574|rpc:10.5.0.9:9856|admin:10.5.0.9:9857|client:10.5.0.9:9858|priority:1, 95a90fb3-4256-4129-802c-6661cc2fd91f|rpc:10.5.0.7:9856|admin:10.5.0.7:9857|client:10.5.0.7:9858|priority:0], old=null
datanode_3_1  | 2021-09-13 13:38:08,703 [727f422d-6fad-47c5-bbed-c495f9983776@group-4880425D57DA-LeaderElection3] INFO impl.LeaderElection: 727f422d-6fad-47c5-bbed-c495f9983776@group-4880425D57DA-LeaderElection3: ELECTION REJECTED received 1 response(s) and 0 exception(s):
datanode_3_1  | 2021-09-13 13:38:08,704 [727f422d-6fad-47c5-bbed-c495f9983776@group-4880425D57DA-LeaderElection3] INFO impl.LeaderElection:   Response 0: 727f422d-6fad-47c5-bbed-c495f9983776<-569c09f1-c00c-459e-afb6-411841147574#0:FAIL-t1
datanode_4_1  | 2021-09-13 13:38:27,662 [95a90fb3-4256-4129-802c-6661cc2fd91f@group-4A51D4EF668F-LeaderElection1] INFO server.RaftServerConfigKeys: raft.server.staging.catchup.gap = 1000 (default)
datanode_3_1  | 2021-09-13 13:38:08,704 [727f422d-6fad-47c5-bbed-c495f9983776@group-4880425D57DA-LeaderElection3] INFO impl.LeaderElection: 727f422d-6fad-47c5-bbed-c495f9983776@group-4880425D57DA-LeaderElection3 ELECTION round 0: result REJECTED
datanode_3_1  | 2021-09-13 13:38:08,704 [727f422d-6fad-47c5-bbed-c495f9983776@group-4880425D57DA-LeaderElection3] INFO server.RaftServer$Division: 727f422d-6fad-47c5-bbed-c495f9983776@group-4880425D57DA: changes role from CANDIDATE to FOLLOWER at term 1 for REJECTED
datanode_3_1  | 2021-09-13 13:38:08,708 [727f422d-6fad-47c5-bbed-c495f9983776@group-4880425D57DA-LeaderElection3] INFO impl.RoleInfo: 727f422d-6fad-47c5-bbed-c495f9983776: shutdown 727f422d-6fad-47c5-bbed-c495f9983776@group-4880425D57DA-LeaderElection3
datanode_3_1  | 2021-09-13 13:38:08,709 [727f422d-6fad-47c5-bbed-c495f9983776@group-4880425D57DA-LeaderElection3] INFO impl.RoleInfo: 727f422d-6fad-47c5-bbed-c495f9983776: start 727f422d-6fad-47c5-bbed-c495f9983776@group-4880425D57DA-FollowerState
datanode_3_1  | 2021-09-13 13:38:08,744 [727f422d-6fad-47c5-bbed-c495f9983776@group-9964DF4F00AA-SegmentedRaftLogWorker] INFO segmented.SegmentedRaftLogWorker: 727f422d-6fad-47c5-bbed-c495f9983776@group-9964DF4F00AA-SegmentedRaftLogWorker: created new log segment /data/metadata/ratis/9fe7758d-afc9-4a32-b6b2-9964df4f00aa/current/log_inprogress_0
datanode_3_1  | 2021-09-13 13:38:09,569 [727f422d-6fad-47c5-bbed-c495f9983776@group-C3FC5E87ECD9-FollowerState] INFO impl.FollowerState: 727f422d-6fad-47c5-bbed-c495f9983776@group-C3FC5E87ECD9-FollowerState: change to CANDIDATE, lastRpcElapsedTime:5060924166ns, electionTimeout:5049ms
datanode_3_1  | 2021-09-13 13:38:09,569 [727f422d-6fad-47c5-bbed-c495f9983776@group-C3FC5E87ECD9-FollowerState] INFO impl.RoleInfo: 727f422d-6fad-47c5-bbed-c495f9983776: shutdown 727f422d-6fad-47c5-bbed-c495f9983776@group-C3FC5E87ECD9-FollowerState
datanode_3_1  | 2021-09-13 13:38:09,570 [727f422d-6fad-47c5-bbed-c495f9983776@group-C3FC5E87ECD9-FollowerState] INFO server.RaftServer$Division: 727f422d-6fad-47c5-bbed-c495f9983776@group-C3FC5E87ECD9: changes role from  FOLLOWER to CANDIDATE at term 0 for changeToCandidate
datanode_4_1  | 2021-09-13 13:38:27,698 [95a90fb3-4256-4129-802c-6661cc2fd91f@group-4A51D4EF668F-LeaderElection1] INFO server.RaftServerConfigKeys: raft.server.write.element-limit = 1024 (custom)
datanode_3_1  | 2021-09-13 13:38:09,570 [727f422d-6fad-47c5-bbed-c495f9983776@group-C3FC5E87ECD9-FollowerState] INFO server.RaftServerConfigKeys: raft.server.leaderelection.pre-vote = false (custom)
datanode_3_1  | 2021-09-13 13:38:09,570 [727f422d-6fad-47c5-bbed-c495f9983776@group-C3FC5E87ECD9-FollowerState] INFO impl.RoleInfo: 727f422d-6fad-47c5-bbed-c495f9983776: start 727f422d-6fad-47c5-bbed-c495f9983776@group-C3FC5E87ECD9-LeaderElection4
datanode_3_1  | 2021-09-13 13:38:09,580 [727f422d-6fad-47c5-bbed-c495f9983776@group-C3FC5E87ECD9-LeaderElection4] INFO impl.LeaderElection: 727f422d-6fad-47c5-bbed-c495f9983776@group-C3FC5E87ECD9-LeaderElection4 ELECTION round 0: submit vote requests at term 1 for -1: [727f422d-6fad-47c5-bbed-c495f9983776|rpc:10.5.0.6:9856|admin:10.5.0.6:9857|client:10.5.0.6:9858|priority:1], old=null
datanode_3_1  | 2021-09-13 13:38:09,580 [727f422d-6fad-47c5-bbed-c495f9983776@group-C3FC5E87ECD9-LeaderElection4] INFO impl.LeaderElection: 727f422d-6fad-47c5-bbed-c495f9983776@group-C3FC5E87ECD9-LeaderElection4 ELECTION round 0: result PASSED (term=1)
datanode_3_1  | 2021-09-13 13:38:09,580 [727f422d-6fad-47c5-bbed-c495f9983776@group-C3FC5E87ECD9-LeaderElection4] INFO impl.RoleInfo: 727f422d-6fad-47c5-bbed-c495f9983776: shutdown 727f422d-6fad-47c5-bbed-c495f9983776@group-C3FC5E87ECD9-LeaderElection4
datanode_3_1  | 2021-09-13 13:38:09,580 [727f422d-6fad-47c5-bbed-c495f9983776@group-C3FC5E87ECD9-LeaderElection4] INFO server.RaftServer$Division: 727f422d-6fad-47c5-bbed-c495f9983776@group-C3FC5E87ECD9: changes role from CANDIDATE to LEADER at term 1 for changeToLeader
datanode_4_1  | 2021-09-13 13:38:27,723 [95a90fb3-4256-4129-802c-6661cc2fd91f@group-4A51D4EF668F-LeaderElection1] INFO server.RaftServerConfigKeys: raft.server.write.byte-limit = 1024 M (=1073741824) (custom)
datanode_3_1  | 2021-09-13 13:38:09,580 [727f422d-6fad-47c5-bbed-c495f9983776@group-C3FC5E87ECD9-LeaderElection4] INFO ratis.XceiverServerRatis: Leader change notification received for group: group-C3FC5E87ECD9 with new leaderId: 727f422d-6fad-47c5-bbed-c495f9983776
datanode_3_1  | 2021-09-13 13:38:09,582 [727f422d-6fad-47c5-bbed-c495f9983776@group-C3FC5E87ECD9-LeaderElection4] INFO server.RaftServer$Division: 727f422d-6fad-47c5-bbed-c495f9983776@group-C3FC5E87ECD9: change Leader from null to 727f422d-6fad-47c5-bbed-c495f9983776 at term 1 for becomeLeader, leader elected after 5117ms
datanode_3_1  | 2021-09-13 13:38:09,582 [727f422d-6fad-47c5-bbed-c495f9983776@group-C3FC5E87ECD9-LeaderElection4] INFO server.RaftServerConfigKeys: raft.server.staging.catchup.gap = 1000 (default)
datanode_3_1  | 2021-09-13 13:38:09,583 [727f422d-6fad-47c5-bbed-c495f9983776@group-C3FC5E87ECD9-LeaderElection4] INFO server.RaftServerConfigKeys: raft.server.write.element-limit = 1024 (custom)
datanode_3_1  | 2021-09-13 13:38:09,584 [727f422d-6fad-47c5-bbed-c495f9983776@group-C3FC5E87ECD9-LeaderElection4] INFO server.RaftServerConfigKeys: raft.server.write.byte-limit = 1024 M (=1073741824) (custom)
datanode_4_1  | 2021-09-13 13:38:27,741 [Datanode State Machine Thread - 0] WARN statemachine.StateContext: No available thread in pool for past 30 seconds.
datanode_6_1  | 	at java.base/java.lang.Thread.sleep(Native Method)
datanode_6_1  | 	at java.base/java.lang.Thread.sleep(Thread.java:339)
datanode_6_1  | 	at java.base/java.util.concurrent.TimeUnit.sleep(TimeUnit.java:446)
datanode_1_1  | 2021-09-13 13:38:09,427 [9b765379-c521-4a79-85a4-50af20899753@group-3E7630B68C35-LeaderElection2] INFO server.RaftServerConfigKeys: raft.server.watch.timeout = 180s (custom)
om_1          | ]
om_1          | 2021-09-13 13:38:21,683 [OM StateMachine ApplyTransaction Thread - 0] INFO volume.OMVolumeCreateRequest: created volume:vol-0-50069 for user:hadoop
datanode_1_1  | 2021-09-13 13:38:09,429 [9b765379-c521-4a79-85a4-50af20899753@group-3E7630B68C35-LeaderElection2] INFO server.RaftServerConfigKeys: raft.server.watch.timeout.denomination = 1s (default)
datanode_6_1  | 	at org.apache.ratis.util.TimeDuration.sleep(TimeDuration.java:324)
datanode_6_1  | 	at org.apache.ratis.util.TimeDuration.sleep(TimeDuration.java:309)
datanode_3_1  | 2021-09-13 13:38:09,584 [727f422d-6fad-47c5-bbed-c495f9983776@group-C3FC5E87ECD9-LeaderElection4] INFO server.RaftServerConfigKeys: raft.server.watch.timeout = 180s (custom)
om_1          | 2021-09-13 13:38:21,763 [OM StateMachine ApplyTransaction Thread - 0] INFO volume.OMVolumeCreateRequest: created volume:vol-1-68516 for user:hadoop
om_1          | 2021-09-13 13:38:21,784 [OM StateMachine ApplyTransaction Thread - 0] INFO volume.OMVolumeCreateRequest: created volume:vol-2-51479 for user:hadoop
om_1          | 2021-09-13 13:38:21,801 [OM StateMachine ApplyTransaction Thread - 0] INFO volume.OMVolumeCreateRequest: created volume:vol-3-26276 for user:hadoop
datanode_3_1  | 2021-09-13 13:38:09,584 [727f422d-6fad-47c5-bbed-c495f9983776@group-C3FC5E87ECD9-LeaderElection4] INFO server.RaftServerConfigKeys: raft.server.watch.timeout.denomination = 1s (default)
datanode_4_1  | 2021-09-13 13:38:27,798 [95a90fb3-4256-4129-802c-6661cc2fd91f@group-4A51D4EF668F-LeaderElection1] INFO server.RaftServerConfigKeys: raft.server.watch.timeout = 180s (custom)
datanode_4_1  | 2021-09-13 13:38:27,802 [95a90fb3-4256-4129-802c-6661cc2fd91f@group-4A51D4EF668F-LeaderElection1] INFO server.RaftServerConfigKeys: raft.server.watch.timeout.denomination = 1s (default)
scm_1         | 2021-09-13 13:37:46,033 [Listener at 0.0.0.0/9860] INFO server.SCMClientProtocolServer: RPC server for Client  is listening at /0.0.0.0:9860
datanode_1_1  | 2021-09-13 13:38:09,430 [9b765379-c521-4a79-85a4-50af20899753@group-3E7630B68C35-LeaderElection2] INFO server.RaftServerConfigKeys: raft.server.watch.element-limit = 65536 (default)
datanode_1_1  | 2021-09-13 13:38:09,430 [9b765379-c521-4a79-85a4-50af20899753@group-3E7630B68C35-LeaderElection2] INFO impl.RoleInfo: 9b765379-c521-4a79-85a4-50af20899753: start 9b765379-c521-4a79-85a4-50af20899753@group-3E7630B68C35-LeaderStateImpl
datanode_3_1  | 2021-09-13 13:38:09,584 [Datanode State Machine Thread - 0] WARN statemachine.StateContext: No available thread in pool for past 30 seconds.
scm_1         | 2021-09-13 13:37:46,033 [IPC Server Responder] INFO ipc.Server: IPC Server Responder: starting
scm_1         | 2021-09-13 13:37:46,038 [IPC Server listener on 9860] INFO ipc.Server: IPC Server listener on 9860: starting
scm_1         | 2021-09-13 13:37:46,153 [Listener at 0.0.0.0/9860] INFO server.StorageContainerManager: ScmBlockLocationProtocol RPC server is listening at /0.0.0.0:9863
datanode_6_1  | 	at org.apache.ratis.server.impl.FollowerState.run(FollowerState.java:118)
datanode_6_1  | 2021-09-13 13:38:00,248 [grpc-default-executor-0] INFO impl.RoleInfo: 569c09f1-c00c-459e-afb6-411841147574: start 569c09f1-c00c-459e-afb6-411841147574@group-C9876978AEED-FollowerState
datanode_6_1  | 2021-09-13 13:38:00,322 [grpc-default-executor-0] INFO server.RaftServer$Division: 569c09f1-c00c-459e-afb6-411841147574@group-C9876978AEED replies to ELECTION vote request: 9b765379-c521-4a79-85a4-50af20899753<-569c09f1-c00c-459e-afb6-411841147574#0:OK-t1. Peer's state: 569c09f1-c00c-459e-afb6-411841147574@group-C9876978AEED:t1, leader=null, voted=9b765379-c521-4a79-85a4-50af20899753, raftlog=569c09f1-c00c-459e-afb6-411841147574@group-C9876978AEED-SegmentedRaftLog:OPENED:c-1,f-1,i0, conf=-1: [569c09f1-c00c-459e-afb6-411841147574|rpc:10.5.0.9:9856|admin:10.5.0.9:9857|client:10.5.0.9:9858|dataStream:|priority:0, 9b765379-c521-4a79-85a4-50af20899753|rpc:10.5.0.4:9856|admin:10.5.0.4:9857|client:10.5.0.4:9858|dataStream:|priority:1, 95a90fb3-4256-4129-802c-6661cc2fd91f|rpc:10.5.0.7:9856|admin:10.5.0.7:9857|client:10.5.0.7:9858|dataStream:|priority:0], old=null
datanode_6_1  | 2021-09-13 13:38:02,568 [grpc-default-executor-0] INFO ratis.XceiverServerRatis: Leader change notification received for group: group-C9876978AEED with new leaderId: 9b765379-c521-4a79-85a4-50af20899753
scm_1         | 2021-09-13 13:37:46,154 [Listener at 0.0.0.0/9860] INFO server.SCMBlockProtocolServer: RPC server for Block Protocol is listening at /0.0.0.0:9863
scm_1         | 2021-09-13 13:37:46,155 [IPC Server Responder] INFO ipc.Server: IPC Server Responder: starting
datanode_3_1  | 2021-09-13 13:38:09,584 [727f422d-6fad-47c5-bbed-c495f9983776@group-C3FC5E87ECD9-LeaderElection4] INFO server.RaftServerConfigKeys: raft.server.watch.element-limit = 65536 (default)
datanode_6_1  | 2021-09-13 13:38:02,574 [grpc-default-executor-0] INFO server.RaftServer$Division: 569c09f1-c00c-459e-afb6-411841147574@group-C9876978AEED: change Leader from null to 9b765379-c521-4a79-85a4-50af20899753 at term 1 for appendEntries, leader elected after 3352ms
datanode_6_1  | 2021-09-13 13:38:02,747 [grpc-default-executor-0] INFO server.RaftServer$Division: 569c09f1-c00c-459e-afb6-411841147574@group-C9876978AEED: set configuration 0: [569c09f1-c00c-459e-afb6-411841147574|rpc:10.5.0.9:9856|admin:10.5.0.9:9857|client:10.5.0.9:9858|dataStream:|priority:0, 9b765379-c521-4a79-85a4-50af20899753|rpc:10.5.0.4:9856|admin:10.5.0.4:9857|client:10.5.0.4:9858|dataStream:|priority:1, 95a90fb3-4256-4129-802c-6661cc2fd91f|rpc:10.5.0.7:9856|admin:10.5.0.7:9857|client:10.5.0.7:9858|dataStream:|priority:0], old=null
datanode_6_1  | 2021-09-13 13:38:02,857 [grpc-default-executor-0] INFO segmented.SegmentedRaftLogWorker: 569c09f1-c00c-459e-afb6-411841147574@group-C9876978AEED-SegmentedRaftLogWorker: Starting segment from index:0
datanode_6_1  | 2021-09-13 13:38:03,388 [569c09f1-c00c-459e-afb6-411841147574@group-C9876978AEED-SegmentedRaftLogWorker] INFO segmented.SegmentedRaftLogWorker: 569c09f1-c00c-459e-afb6-411841147574@group-C9876978AEED-SegmentedRaftLogWorker: created new log segment /data/metadata/ratis/fe003e94-5955-4157-8515-c9876978aeed/current/log_inprogress_0
datanode_6_1  | 2021-09-13 13:38:04,310 [pool-22-thread-1] INFO server.RaftServer$Division: 569c09f1-c00c-459e-afb6-411841147574: new RaftServerImpl for group-4880425D57DA:[727f422d-6fad-47c5-bbed-c495f9983776|rpc:10.5.0.6:9856|admin:10.5.0.6:9857|client:10.5.0.6:9858|dataStream:|priority:0, 569c09f1-c00c-459e-afb6-411841147574|rpc:10.5.0.9:9856|admin:10.5.0.9:9857|client:10.5.0.9:9858|dataStream:|priority:1, 95a90fb3-4256-4129-802c-6661cc2fd91f|rpc:10.5.0.7:9856|admin:10.5.0.7:9857|client:10.5.0.7:9858|dataStream:|priority:0] with ContainerStateMachine:uninitialized
datanode_6_1  | 2021-09-13 13:38:04,312 [pool-22-thread-1] INFO server.RaftServerConfigKeys: raft.server.rpc.timeout.min = 5s (custom)
datanode_6_1  | 2021-09-13 13:38:04,313 [pool-22-thread-1] INFO server.RaftServerConfigKeys: raft.server.rpc.timeout.max = 5200ms (custom)
datanode_6_1  | 2021-09-13 13:38:04,314 [pool-22-thread-1] INFO server.RaftServerConfigKeys: raft.server.rpc.sleep.time = 25ms (default)
datanode_6_1  | 2021-09-13 13:38:04,321 [pool-22-thread-1] INFO server.RaftServerConfigKeys: raft.server.rpc.slowness.timeout = 300s (custom)
datanode_6_1  | 2021-09-13 13:38:04,324 [pool-22-thread-1] INFO server.RaftServerConfigKeys: raft.server.leaderelection.leader.step-down.wait-time = 10s (default)
datanode_3_1  | 2021-09-13 13:38:09,585 [727f422d-6fad-47c5-bbed-c495f9983776@group-C3FC5E87ECD9-LeaderElection4] INFO impl.RoleInfo: 727f422d-6fad-47c5-bbed-c495f9983776: start 727f422d-6fad-47c5-bbed-c495f9983776@group-C3FC5E87ECD9-LeaderStateImpl
datanode_3_1  | 2021-09-13 13:38:09,588 [727f422d-6fad-47c5-bbed-c495f9983776@group-C3FC5E87ECD9-LeaderElection4] INFO segmented.SegmentedRaftLogWorker: 727f422d-6fad-47c5-bbed-c495f9983776@group-C3FC5E87ECD9-SegmentedRaftLogWorker: Starting segment from index:0
datanode_3_1  | 2021-09-13 13:38:09,593 [727f422d-6fad-47c5-bbed-c495f9983776@group-C3FC5E87ECD9-SegmentedRaftLogWorker] INFO segmented.SegmentedRaftLogWorker: 727f422d-6fad-47c5-bbed-c495f9983776@group-C3FC5E87ECD9-SegmentedRaftLogWorker: created new log segment /data/metadata/ratis/3157c91f-f63b-4d24-896f-c3fc5e87ecd9/current/log_inprogress_0
datanode_6_1  | 2021-09-13 13:38:04,324 [pool-22-thread-1] INFO server.RaftServerConfigKeys: raft.server.sleep.deviation.threshold = 300ms (default)
scm_1         | 2021-09-13 13:37:46,158 [IPC Server listener on 9863] INFO ipc.Server: IPC Server listener on 9863: starting
datanode_3_1  | 2021-09-13 13:38:09,611 [727f422d-6fad-47c5-bbed-c495f9983776@group-C3FC5E87ECD9-LeaderElection4] INFO server.RaftServer$Division: 727f422d-6fad-47c5-bbed-c495f9983776@group-C3FC5E87ECD9: set configuration 0: [727f422d-6fad-47c5-bbed-c495f9983776|rpc:10.5.0.6:9856|admin:10.5.0.6:9857|client:10.5.0.6:9858|dataStream:|priority:1], old=null
datanode_3_1  | 2021-09-13 13:38:13,843 [727f422d-6fad-47c5-bbed-c495f9983776@group-4880425D57DA-FollowerState] INFO impl.FollowerState: 727f422d-6fad-47c5-bbed-c495f9983776@group-4880425D57DA-FollowerState: change to CANDIDATE, lastRpcElapsedTime:5133970316ns, electionTimeout:5130ms
datanode_3_1  | 2021-09-13 13:38:13,843 [727f422d-6fad-47c5-bbed-c495f9983776@group-4880425D57DA-FollowerState] INFO impl.RoleInfo: 727f422d-6fad-47c5-bbed-c495f9983776: shutdown 727f422d-6fad-47c5-bbed-c495f9983776@group-4880425D57DA-FollowerState
datanode_3_1  | 2021-09-13 13:38:13,843 [727f422d-6fad-47c5-bbed-c495f9983776@group-4880425D57DA-FollowerState] INFO server.RaftServer$Division: 727f422d-6fad-47c5-bbed-c495f9983776@group-4880425D57DA: changes role from  FOLLOWER to CANDIDATE at term 1 for changeToCandidate
datanode_3_1  | 2021-09-13 13:38:13,844 [727f422d-6fad-47c5-bbed-c495f9983776@group-4880425D57DA-FollowerState] INFO server.RaftServerConfigKeys: raft.server.leaderelection.pre-vote = false (custom)
datanode_4_1  | 2021-09-13 13:38:27,803 [95a90fb3-4256-4129-802c-6661cc2fd91f@group-4A51D4EF668F-LeaderElection1] INFO server.RaftServerConfigKeys: raft.server.watch.element-limit = 65536 (default)
datanode_4_1  | 2021-09-13 13:38:27,868 [95a90fb3-4256-4129-802c-6661cc2fd91f@group-4A51D4EF668F-LeaderElection1] INFO impl.RoleInfo: 95a90fb3-4256-4129-802c-6661cc2fd91f: start 95a90fb3-4256-4129-802c-6661cc2fd91f@group-4A51D4EF668F-LeaderStateImpl
datanode_4_1  | 2021-09-13 13:38:27,879 [95a90fb3-4256-4129-802c-6661cc2fd91f@group-4A51D4EF668F-LeaderElection1] INFO segmented.SegmentedRaftLogWorker: 95a90fb3-4256-4129-802c-6661cc2fd91f@group-4A51D4EF668F-SegmentedRaftLogWorker: Starting segment from index:0
datanode_6_1  | 2021-09-13 13:38:04,324 [pool-22-thread-1] INFO server.RaftServerConfigKeys: raft.server.log.appender.install.snapshot.enabled = false (custom)
scm_1         | 2021-09-13 13:37:46,268 [Listener at 0.0.0.0/9860] INFO server.StorageContainerManager: ScmDatanodeProtocl RPC server is listening at /0.0.0.0:9861
datanode_3_1  | 2021-09-13 13:38:13,844 [727f422d-6fad-47c5-bbed-c495f9983776@group-4880425D57DA-FollowerState] INFO impl.RoleInfo: 727f422d-6fad-47c5-bbed-c495f9983776: start 727f422d-6fad-47c5-bbed-c495f9983776@group-4880425D57DA-LeaderElection5
datanode_3_1  | 2021-09-13 13:38:13,853 [727f422d-6fad-47c5-bbed-c495f9983776@group-4880425D57DA-LeaderElection5] INFO impl.LeaderElection: 727f422d-6fad-47c5-bbed-c495f9983776@group-4880425D57DA-LeaderElection5 ELECTION round 0: submit vote requests at term 2 for -1: [727f422d-6fad-47c5-bbed-c495f9983776|rpc:10.5.0.6:9856|admin:10.5.0.6:9857|client:10.5.0.6:9858|priority:0, 569c09f1-c00c-459e-afb6-411841147574|rpc:10.5.0.9:9856|admin:10.5.0.9:9857|client:10.5.0.9:9858|priority:1, 95a90fb3-4256-4129-802c-6661cc2fd91f|rpc:10.5.0.7:9856|admin:10.5.0.7:9857|client:10.5.0.7:9858|priority:0], old=null
datanode_3_1  | 2021-09-13 13:38:13,900 [727f422d-6fad-47c5-bbed-c495f9983776@group-4880425D57DA-LeaderElection5] INFO impl.LeaderElection: 727f422d-6fad-47c5-bbed-c495f9983776@group-4880425D57DA-LeaderElection5: ELECTION REJECTED received 1 response(s) and 0 exception(s):
datanode_4_1  | 2021-09-13 13:38:27,973 [95a90fb3-4256-4129-802c-6661cc2fd91f@group-4A51D4EF668F-LeaderElection1] INFO server.RaftServer$Division: 95a90fb3-4256-4129-802c-6661cc2fd91f@group-4A51D4EF668F: set configuration 0: [95a90fb3-4256-4129-802c-6661cc2fd91f|rpc:10.5.0.7:9856|admin:10.5.0.7:9857|client:10.5.0.7:9858|dataStream:|priority:1], old=null
datanode_4_1  | 2021-09-13 13:38:28,007 [95a90fb3-4256-4129-802c-6661cc2fd91f@group-4A51D4EF668F-SegmentedRaftLogWorker] INFO segmented.SegmentedRaftLogWorker: 95a90fb3-4256-4129-802c-6661cc2fd91f@group-4A51D4EF668F-SegmentedRaftLogWorker: created new log segment /data/metadata/ratis/0a47736b-1eb3-446e-885f-4a51d4ef668f/current/log_inprogress_0
datanode_4_1  | 2021-09-13 13:38:30,822 [Datanode State Machine Thread - 0] WARN statemachine.StateContext: No available thread in pool for past 30 seconds.
datanode_3_1  | 2021-09-13 13:38:13,900 [727f422d-6fad-47c5-bbed-c495f9983776@group-4880425D57DA-LeaderElection5] INFO impl.LeaderElection:   Response 0: 727f422d-6fad-47c5-bbed-c495f9983776<-569c09f1-c00c-459e-afb6-411841147574#0:FAIL-t2
datanode_3_1  | 2021-09-13 13:38:13,901 [727f422d-6fad-47c5-bbed-c495f9983776@group-4880425D57DA-LeaderElection5] INFO impl.LeaderElection: 727f422d-6fad-47c5-bbed-c495f9983776@group-4880425D57DA-LeaderElection5 ELECTION round 0: result REJECTED
om_1          | 2021-09-13 13:38:21,820 [OM StateMachine ApplyTransaction Thread - 0] INFO volume.OMVolumeCreateRequest: created volume:vol-4-94022 for user:hadoop
scm_1         | 2021-09-13 13:37:46,274 [Listener at 0.0.0.0/9860] INFO server.SCMDatanodeProtocolServer: RPC server for DataNodes is listening at /0.0.0.0:9861
datanode_6_1  | 2021-09-13 13:38:04,324 [pool-22-thread-1] INFO server.RaftServer$Division: 569c09f1-c00c-459e-afb6-411841147574@group-4880425D57DA: ConfigurationManager, init=-1: [727f422d-6fad-47c5-bbed-c495f9983776|rpc:10.5.0.6:9856|admin:10.5.0.6:9857|client:10.5.0.6:9858|dataStream:|priority:0, 569c09f1-c00c-459e-afb6-411841147574|rpc:10.5.0.9:9856|admin:10.5.0.9:9857|client:10.5.0.9:9858|dataStream:|priority:1, 95a90fb3-4256-4129-802c-6661cc2fd91f|rpc:10.5.0.7:9856|admin:10.5.0.7:9857|client:10.5.0.7:9858|dataStream:|priority:0], old=null, confs=<EMPTY_MAP>
datanode_6_1  | 2021-09-13 13:38:04,325 [pool-22-thread-1] INFO server.RaftServerConfigKeys: raft.server.storage.dir = [/data/metadata/ratis] (custom)
datanode_3_1  | 2021-09-13 13:38:13,901 [727f422d-6fad-47c5-bbed-c495f9983776@group-4880425D57DA-LeaderElection5] INFO server.RaftServer$Division: 727f422d-6fad-47c5-bbed-c495f9983776@group-4880425D57DA: changes role from CANDIDATE to FOLLOWER at term 2 for REJECTED
datanode_3_1  | 2021-09-13 13:38:13,901 [727f422d-6fad-47c5-bbed-c495f9983776@group-4880425D57DA-LeaderElection5] INFO impl.RoleInfo: 727f422d-6fad-47c5-bbed-c495f9983776: shutdown 727f422d-6fad-47c5-bbed-c495f9983776@group-4880425D57DA-LeaderElection5
scm_1         | 2021-09-13 13:37:46,284 [IPC Server Responder] INFO ipc.Server: IPC Server Responder: starting
datanode_6_1  | 2021-09-13 13:38:04,328 [pool-22-thread-1] INFO server.RaftServerConfigKeys: raft.server.log.corruption.policy = EXCEPTION (default)
datanode_6_1  | 2021-09-13 13:38:04,328 [pool-22-thread-1] INFO server.RaftServerConfigKeys: raft.server.storage.free-space.min = 0MB (=0) (default)
datanode_3_1  | 2021-09-13 13:38:13,901 [727f422d-6fad-47c5-bbed-c495f9983776@group-4880425D57DA-LeaderElection5] INFO impl.RoleInfo: 727f422d-6fad-47c5-bbed-c495f9983776: start 727f422d-6fad-47c5-bbed-c495f9983776@group-4880425D57DA-FollowerState
datanode_3_1  | 2021-09-13 13:38:14,288 [grpc-default-executor-1] INFO server.RaftServer$Division: 727f422d-6fad-47c5-bbed-c495f9983776@group-4880425D57DA: receive requestVote(ELECTION, 569c09f1-c00c-459e-afb6-411841147574, group-4880425D57DA, 2, (t:0, i:0))
scm_1         | 2021-09-13 13:37:46,288 [IPC Server listener on 9861] INFO ipc.Server: IPC Server listener on 9861: starting
scm_1         | 2021-09-13 13:37:46,425 [org.apache.hadoop.util.JvmPauseMonitor$Monitor@53b907d9] INFO util.JvmPauseMonitor: Starting JVM pause monitor
scm_1         | 2021-09-13 13:37:46,451 [Listener at 0.0.0.0/9860] INFO http.BaseHttpServer: Starting Web-server for scm at: http://0.0.0.0:9876
datanode_3_1  | 2021-09-13 13:38:14,288 [grpc-default-executor-1] INFO impl.VoteContext: 727f422d-6fad-47c5-bbed-c495f9983776@group-4880425D57DA-FOLLOWER: reject ELECTION from 569c09f1-c00c-459e-afb6-411841147574: already has voted for 727f422d-6fad-47c5-bbed-c495f9983776 at current term 2
datanode_3_1  | 2021-09-13 13:38:14,289 [grpc-default-executor-1] INFO server.RaftServer$Division: 727f422d-6fad-47c5-bbed-c495f9983776@group-4880425D57DA replies to ELECTION vote request: 569c09f1-c00c-459e-afb6-411841147574<-727f422d-6fad-47c5-bbed-c495f9983776#0:FAIL-t2. Peer's state: 727f422d-6fad-47c5-bbed-c495f9983776@group-4880425D57DA:t2, leader=null, voted=727f422d-6fad-47c5-bbed-c495f9983776, raftlog=727f422d-6fad-47c5-bbed-c495f9983776@group-4880425D57DA-SegmentedRaftLog:OPENED:c-1,f-1,i0, conf=-1: [727f422d-6fad-47c5-bbed-c495f9983776|rpc:10.5.0.6:9856|admin:10.5.0.6:9857|client:10.5.0.6:9858|priority:0, 569c09f1-c00c-459e-afb6-411841147574|rpc:10.5.0.9:9856|admin:10.5.0.9:9857|client:10.5.0.9:9858|priority:1, 95a90fb3-4256-4129-802c-6661cc2fd91f|rpc:10.5.0.7:9856|admin:10.5.0.7:9857|client:10.5.0.7:9858|priority:0], old=null
scm_1         | 2021-09-13 13:37:46,463 [Listener at 0.0.0.0/9860] INFO http.BaseHttpServer: Hadoop Security Enabled: false Ozone Security Enabled: false Ozone HTTP Security Enabled: false 
scm_1         | 2021-09-13 13:37:46,492 [Listener at 0.0.0.0/9860] INFO util.log: Logging initialized @34134ms to org.eclipse.jetty.util.log.Slf4jLog
scm_1         | 2021-09-13 13:37:46,896 [Listener at 0.0.0.0/9860] INFO server.AuthenticationFilter: Unable to initialize FileSignerSecretProvider, falling back to use random secrets.
datanode_3_1  | 2021-09-13 13:38:19,071 [727f422d-6fad-47c5-bbed-c495f9983776@group-4880425D57DA-FollowerState] INFO impl.FollowerState: 727f422d-6fad-47c5-bbed-c495f9983776@group-4880425D57DA-FollowerState: change to CANDIDATE, lastRpcElapsedTime:5170033883ns, electionTimeout:5131ms
datanode_3_1  | 2021-09-13 13:38:19,071 [727f422d-6fad-47c5-bbed-c495f9983776@group-4880425D57DA-FollowerState] INFO impl.RoleInfo: 727f422d-6fad-47c5-bbed-c495f9983776: shutdown 727f422d-6fad-47c5-bbed-c495f9983776@group-4880425D57DA-FollowerState
scm_1         | 2021-09-13 13:37:46,916 [Listener at 0.0.0.0/9860] INFO http.HttpRequestLog: Http request log for http.requests.scm is not defined
scm_1         | 2021-09-13 13:37:46,938 [Listener at 0.0.0.0/9860] INFO http.HttpServer2: Added global filter 'safety' (class=org.apache.hadoop.hdds.server.http.HttpServer2$QuotingInputFilter)
scm_1         | 2021-09-13 13:37:46,944 [Listener at 0.0.0.0/9860] INFO http.HttpServer2: Added filter static_user_filter (class=org.apache.hadoop.http.lib.StaticUserWebFilter$StaticUserFilter) to context scm
datanode_3_1  | 2021-09-13 13:38:19,071 [727f422d-6fad-47c5-bbed-c495f9983776@group-4880425D57DA-FollowerState] INFO server.RaftServer$Division: 727f422d-6fad-47c5-bbed-c495f9983776@group-4880425D57DA: changes role from  FOLLOWER to CANDIDATE at term 2 for changeToCandidate
datanode_3_1  | 2021-09-13 13:38:19,072 [727f422d-6fad-47c5-bbed-c495f9983776@group-4880425D57DA-FollowerState] INFO server.RaftServerConfigKeys: raft.server.leaderelection.pre-vote = false (custom)
scm_1         | 2021-09-13 13:37:46,944 [Listener at 0.0.0.0/9860] INFO http.HttpServer2: Added filter static_user_filter (class=org.apache.hadoop.http.lib.StaticUserWebFilter$StaticUserFilter) to context logs
scm_1         | 2021-09-13 13:37:46,945 [Listener at 0.0.0.0/9860] INFO http.HttpServer2: Added filter static_user_filter (class=org.apache.hadoop.http.lib.StaticUserWebFilter$StaticUserFilter) to context static
scm_1         | 2021-09-13 13:37:47,719 [Listener at 0.0.0.0/9860] WARN http.BaseHttpServer: /prof java profiling servlet is activated. Not safe for production!
datanode_3_1  | 2021-09-13 13:38:19,072 [727f422d-6fad-47c5-bbed-c495f9983776@group-4880425D57DA-FollowerState] INFO impl.RoleInfo: 727f422d-6fad-47c5-bbed-c495f9983776: start 727f422d-6fad-47c5-bbed-c495f9983776@group-4880425D57DA-LeaderElection6
