scm_1       | 2022-10-23 13:23:18,031 [a7d06fa7-7f34-4540-8aa9-77129b7b1835-impl-thread1] INFO server.RaftServer$Division: a7d06fa7-7f34-4540-8aa9-77129b7b1835@group-ABC1D5E8CC46: set configuration 0: peers:[a7d06fa7-7f34-4540-8aa9-77129b7b1835|rpc:4077a26d5bdd:9894|admin:|client:|dataStream:|priority:0|startupRole:FOLLOWER]|listeners:[], old=null
datanode_3  | 2022-10-23 13:23:59,239 [14eb714f-cfc9-43e4-9729-39a4160491d2@group-B935197E3F88-FollowerState] INFO impl.FollowerState: 14eb714f-cfc9-43e4-9729-39a4160491d2@group-B935197E3F88-FollowerState was interrupted
datanode_2  | 2022-10-23 13:23:36,942 [d8bfe92a-742e-41d8-82d5-985155bbffbf@group-98C50B1D4A87-LeaderElection3] INFO server.RaftServerConfigKeys: raft.server.watch.timeout.denomination = 1s (default)
scm_1       | 2022-10-23 13:23:18,034 [a7d06fa7-7f34-4540-8aa9-77129b7b1835-impl-thread1] INFO server.RaftServerConfigKeys: raft.server.log.use.memory = false (default)
datanode_3  | 2022-10-23 13:23:59,241 [grpc-default-executor-1] INFO impl.RoleInfo: 14eb714f-cfc9-43e4-9729-39a4160491d2: start 14eb714f-cfc9-43e4-9729-39a4160491d2@group-B935197E3F88-FollowerState
datanode_2  | 2022-10-23 13:23:36,942 [d8bfe92a-742e-41d8-82d5-985155bbffbf@group-98C50B1D4A87-LeaderElection3] INFO server.RaftServerConfigKeys: raft.server.watch.element-limit = 65536 (default)
scm_1       | 2022-10-23 13:23:18,041 [a7d06fa7-7f34-4540-8aa9-77129b7b1835-impl-thread1] INFO server.RaftServerConfigKeys: raft.server.log.purge.gap = 1000000 (custom)
datanode_3  | 2022-10-23 13:23:59,246 [grpc-default-executor-1] INFO server.RaftServer$Division: 14eb714f-cfc9-43e4-9729-39a4160491d2@group-B935197E3F88 replies to ELECTION vote request: d8bfe92a-742e-41d8-82d5-985155bbffbf<-14eb714f-cfc9-43e4-9729-39a4160491d2#0:FAIL-t6. Peer's state: 14eb714f-cfc9-43e4-9729-39a4160491d2@group-B935197E3F88:t6, leader=null, voted=null, raftlog=Memoized:14eb714f-cfc9-43e4-9729-39a4160491d2@group-B935197E3F88-SegmentedRaftLog:OPENED:c-1, conf=-1: peers:[0cd69c3e-dba8-456e-a36c-f6435737289d|rpc:172.19.0.10:9856|admin:172.19.0.10:9857|client:172.19.0.10:9858|priority:0|startupRole:FOLLOWER, d8bfe92a-742e-41d8-82d5-985155bbffbf|rpc:172.19.0.9:9856|admin:172.19.0.9:9857|client:172.19.0.9:9858|priority:0|startupRole:FOLLOWER, 14eb714f-cfc9-43e4-9729-39a4160491d2|rpc:172.19.0.7:9856|admin:172.19.0.7:9857|client:172.19.0.7:9858|priority:1|startupRole:FOLLOWER]|listeners:[], old=null
datanode_2  | 2022-10-23 13:23:36,946 [d8bfe92a-742e-41d8-82d5-985155bbffbf@group-98C50B1D4A87-LeaderElection3] INFO server.RaftServerConfigKeys: raft.server.write.element-limit = 1024 (custom)
datanode_2  | 2022-10-23 13:23:36,946 [d8bfe92a-742e-41d8-82d5-985155bbffbf@group-98C50B1D4A87-LeaderElection3] INFO server.RaftServerConfigKeys: raft.server.write.follower.gap.ratio.max = -1.0 (default)
datanode_3  | 2022-10-23 13:23:59,257 [14eb714f-cfc9-43e4-9729-39a4160491d2@group-B935197E3F88-FollowerState] INFO server.RaftServerConfigKeys: raft.server.rpc.first-election.timeout.min = 5s (fallback to raft.server.rpc.timeout.min)
scm_1       | 2022-10-23 13:23:18,042 [a7d06fa7-7f34-4540-8aa9-77129b7b1835-impl-thread1] INFO server.RaftServerConfigKeys: raft.server.log.appender.buffer.byte-limit = 33554432 (custom)
datanode_2  | 2022-10-23 13:23:37,028 [grpc-default-executor-0] INFO server.RaftServer$Division: d8bfe92a-742e-41d8-82d5-985155bbffbf@group-98C50B1D4A87: receive requestVote(ELECTION, 0cd69c3e-dba8-456e-a36c-f6435737289d, group-98C50B1D4A87, 1, (t:0, i:0))
datanode_3  | 2022-10-23 13:23:59,261 [14eb714f-cfc9-43e4-9729-39a4160491d2@group-B935197E3F88-FollowerState] INFO server.RaftServerConfigKeys: raft.server.rpc.first-election.timeout.max = 5200ms (fallback to raft.server.rpc.timeout.max)
scm_1       | 2022-10-23 13:23:18,043 [a7d06fa7-7f34-4540-8aa9-77129b7b1835-impl-thread1] INFO server.RaftServerConfigKeys: raft.server.log.statemachine.data.read.timeout = 1000ms (default)
datanode_2  | 2022-10-23 13:23:37,030 [d8bfe92a-742e-41d8-82d5-985155bbffbf@group-98C50B1D4A87-LeaderElection3] INFO server.RaftServerConfigKeys: raft.server.log.appender.snapshot.chunk.size.max = 16MB (=16777216) (default)
scm_1       | 2022-10-23 13:23:18,044 [a7d06fa7-7f34-4540-8aa9-77129b7b1835-impl-thread1] INFO server.RaftServerConfigKeys: raft.server.log.purge.preservation.log.num = 0 (default)
datanode_2  | 2022-10-23 13:23:37,035 [d8bfe92a-742e-41d8-82d5-985155bbffbf@group-98C50B1D4A87-LeaderElection3] INFO server.RaftServerConfigKeys: raft.server.log.appender.buffer.byte-limit = 33554432 (custom)
scm_1       | 2022-10-23 13:23:18,048 [a7d06fa7-7f34-4540-8aa9-77129b7b1835-impl-thread1] INFO server.RaftServerConfigKeys: raft.server.log.segment.size.max = 4194304 (custom)
datanode_2  | 2022-10-23 13:23:37,035 [d8bfe92a-742e-41d8-82d5-985155bbffbf@group-98C50B1D4A87-LeaderElection3] INFO server.RaftServerConfigKeys: raft.server.log.appender.buffer.element-limit = 1 (custom)
scm_1       | 2022-10-23 13:23:18,062 [a7d06fa7-7f34-4540-8aa9-77129b7b1835-impl-thread1] INFO server.RaftServerConfigKeys: raft.server.log.segment.cache.num.max = 2 (custom)
datanode_2  | 2022-10-23 13:23:37,039 [d8bfe92a-742e-41d8-82d5-985155bbffbf@group-98C50B1D4A87-LeaderElection3] INFO grpc.GrpcConfigKeys: raft.grpc.server.leader.outstanding.appends.max = 128 (default)
scm_1       | 2022-10-23 13:23:18,063 [a7d06fa7-7f34-4540-8aa9-77129b7b1835-impl-thread1] INFO server.RaftServerConfigKeys: raft.server.log.segment.cache.size.max = 200MB (=209715200) (default)
datanode_2  | 2022-10-23 13:23:37,039 [d8bfe92a-742e-41d8-82d5-985155bbffbf@group-98C50B1D4A87-LeaderElection3] INFO server.RaftServerConfigKeys: raft.server.rpc.request.timeout = 60s (custom)
datanode_2  | 2022-10-23 13:23:37,039 [d8bfe92a-742e-41d8-82d5-985155bbffbf@group-98C50B1D4A87-LeaderElection3] INFO server.RaftServerConfigKeys: raft.server.log.appender.install.snapshot.enabled = false (custom)
datanode_2  | 2022-10-23 13:23:37,039 [d8bfe92a-742e-41d8-82d5-985155bbffbf@group-98C50B1D4A87-LeaderElection3] INFO grpc.GrpcConfigKeys: raft.grpc.server.heartbeat.channel = true (default)
scm_1       | 2022-10-23 13:23:18,070 [a7d06fa7-7f34-4540-8aa9-77129b7b1835-impl-thread1] INFO segmented.SegmentedRaftLogWorker: new a7d06fa7-7f34-4540-8aa9-77129b7b1835@group-ABC1D5E8CC46-SegmentedRaftLogWorker for RaftStorageImpl:Storage Directory /data/metadata/scm-ha/f3cd4481-6043-4d96-947d-abc1d5e8cc46
datanode_2  | 2022-10-23 13:23:37,039 [d8bfe92a-742e-41d8-82d5-985155bbffbf@group-98C50B1D4A87-LeaderElection3] INFO server.RaftServerConfigKeys: raft.server.log.appender.wait-time.min = 10ms (default)
scm_1       | 2022-10-23 13:23:18,071 [a7d06fa7-7f34-4540-8aa9-77129b7b1835-impl-thread1] INFO server.RaftServerConfigKeys: raft.server.log.queue.byte-limit = 64MB (=67108864) (default)
datanode_2  | 2022-10-23 13:23:37,044 [d8bfe92a-742e-41d8-82d5-985155bbffbf@group-98C50B1D4A87-LeaderElection3] INFO server.RaftServerConfigKeys: raft.server.log.appender.snapshot.chunk.size.max = 16MB (=16777216) (default)
scm_1       | 2022-10-23 13:23:18,071 [a7d06fa7-7f34-4540-8aa9-77129b7b1835-impl-thread1] INFO server.RaftServerConfigKeys: raft.server.log.queue.element-limit = 4096 (default)
datanode_2  | 2022-10-23 13:23:37,045 [d8bfe92a-742e-41d8-82d5-985155bbffbf@group-98C50B1D4A87-LeaderElection3] INFO server.RaftServerConfigKeys: raft.server.log.appender.buffer.byte-limit = 33554432 (custom)
scm_1       | 2022-10-23 13:23:18,072 [a7d06fa7-7f34-4540-8aa9-77129b7b1835-impl-thread1] INFO server.RaftServerConfigKeys: raft.server.log.segment.size.max = 4194304 (custom)
datanode_2  | 2022-10-23 13:23:37,045 [d8bfe92a-742e-41d8-82d5-985155bbffbf@group-98C50B1D4A87-LeaderElection3] INFO server.RaftServerConfigKeys: raft.server.log.appender.buffer.element-limit = 1 (custom)
scm_1       | 2022-10-23 13:23:18,073 [a7d06fa7-7f34-4540-8aa9-77129b7b1835-impl-thread1] INFO server.RaftServerConfigKeys: raft.server.log.preallocated.size = 4194304 (custom)
datanode_2  | 2022-10-23 13:23:37,045 [d8bfe92a-742e-41d8-82d5-985155bbffbf@group-98C50B1D4A87-LeaderElection3] INFO grpc.GrpcConfigKeys: raft.grpc.server.leader.outstanding.appends.max = 128 (default)
scm_1       | 2022-10-23 13:23:18,074 [a7d06fa7-7f34-4540-8aa9-77129b7b1835-impl-thread1] INFO server.RaftServerConfigKeys: raft.server.log.force.sync.num = 128 (default)
datanode_2  | 2022-10-23 13:23:37,063 [d8bfe92a-742e-41d8-82d5-985155bbffbf@group-98C50B1D4A87-LeaderElection3] INFO server.RaftServerConfigKeys: raft.server.rpc.request.timeout = 60s (custom)
scm_1       | 2022-10-23 13:23:18,075 [a7d06fa7-7f34-4540-8aa9-77129b7b1835-impl-thread1] INFO server.RaftServerConfigKeys: raft.server.log.statemachine.data.sync = true (default)
datanode_2  | 2022-10-23 13:23:37,063 [d8bfe92a-742e-41d8-82d5-985155bbffbf@group-98C50B1D4A87-LeaderElection3] INFO server.RaftServerConfigKeys: raft.server.log.appender.install.snapshot.enabled = false (custom)
scm_1       | 2022-10-23 13:23:18,076 [a7d06fa7-7f34-4540-8aa9-77129b7b1835-impl-thread1] INFO server.RaftServerConfigKeys: raft.server.log.statemachine.data.sync.timeout = 10s (default)
datanode_2  | 2022-10-23 13:23:37,063 [d8bfe92a-742e-41d8-82d5-985155bbffbf@group-98C50B1D4A87-LeaderElection3] INFO grpc.GrpcConfigKeys: raft.grpc.server.heartbeat.channel = true (default)
scm_1       | 2022-10-23 13:23:18,076 [a7d06fa7-7f34-4540-8aa9-77129b7b1835-impl-thread1] INFO server.RaftServerConfigKeys: raft.server.log.statemachine.data.sync.timeout.retry = -1 (default)
datanode_2  | 2022-10-23 13:23:37,063 [d8bfe92a-742e-41d8-82d5-985155bbffbf@group-98C50B1D4A87-LeaderElection3] INFO server.RaftServerConfigKeys: raft.server.log.appender.wait-time.min = 10ms (default)
scm_1       | 2022-10-23 13:23:18,102 [a7d06fa7-7f34-4540-8aa9-77129b7b1835-impl-thread1] INFO server.RaftServerConfigKeys: raft.server.log.write.buffer.size = 64KB (=65536) (default)
datanode_2  | 2022-10-23 13:23:37,064 [d8bfe92a-742e-41d8-82d5-985155bbffbf@group-98C50B1D4A87-LeaderElection3] INFO impl.RoleInfo: d8bfe92a-742e-41d8-82d5-985155bbffbf: start d8bfe92a-742e-41d8-82d5-985155bbffbf@group-98C50B1D4A87-LeaderStateImpl
datanode_2  | 2022-10-23 13:23:37,075 [d8bfe92a-742e-41d8-82d5-985155bbffbf@group-98C50B1D4A87-LeaderElection3] INFO segmented.SegmentedRaftLogWorker: d8bfe92a-742e-41d8-82d5-985155bbffbf@group-98C50B1D4A87-SegmentedRaftLogWorker: Starting segment from index:0
scm_1       | 2022-10-23 13:23:18,103 [a7d06fa7-7f34-4540-8aa9-77129b7b1835-impl-thread1] INFO server.RaftServerConfigKeys: raft.server.log.unsafe-flush.enabled = false (default)
scm_1       | 2022-10-23 13:23:18,104 [a7d06fa7-7f34-4540-8aa9-77129b7b1835-impl-thread1] INFO server.RaftServerConfigKeys: raft.server.log.async-flush.enabled = false (default)
scm_1       | 2022-10-23 13:23:18,104 [a7d06fa7-7f34-4540-8aa9-77129b7b1835-impl-thread1] INFO server.RaftServerConfigKeys: raft.server.log.statemachine.data.caching.enabled = false (default)
scm_1       | 2022-10-23 13:23:18,156 [a7d06fa7-7f34-4540-8aa9-77129b7b1835-impl-thread1] INFO server.RaftServer$Division: a7d06fa7-7f34-4540-8aa9-77129b7b1835@group-ABC1D5E8CC46: set configuration 0: peers:[a7d06fa7-7f34-4540-8aa9-77129b7b1835|rpc:4077a26d5bdd:9894|admin:|client:|dataStream:|priority:0|startupRole:FOLLOWER]|listeners:[], old=null
scm_1       | 2022-10-23 13:23:18,157 [a7d06fa7-7f34-4540-8aa9-77129b7b1835-impl-thread1] INFO segmented.LogSegment: Successfully read 1 entries from segment file /data/metadata/scm-ha/f3cd4481-6043-4d96-947d-abc1d5e8cc46/current/log_inprogress_0
scm_1       | 2022-10-23 13:23:18,170 [a7d06fa7-7f34-4540-8aa9-77129b7b1835-impl-thread1] INFO segmented.SegmentedRaftLogWorker: a7d06fa7-7f34-4540-8aa9-77129b7b1835@group-ABC1D5E8CC46-SegmentedRaftLogWorker: flushIndex: setUnconditionally 0 -> 0
scm_1       | 2022-10-23 13:23:18,170 [a7d06fa7-7f34-4540-8aa9-77129b7b1835-impl-thread1] INFO segmented.SegmentedRaftLogWorker: a7d06fa7-7f34-4540-8aa9-77129b7b1835@group-ABC1D5E8CC46-SegmentedRaftLogWorker: safeCacheEvictIndex: setUnconditionally 0 -> -1
scm_1       | 2022-10-23 13:23:18,228 [a7d06fa7-7f34-4540-8aa9-77129b7b1835-impl-thread1] INFO server.RaftServer$Division: a7d06fa7-7f34-4540-8aa9-77129b7b1835@group-ABC1D5E8CC46: start as a follower, conf=0: peers:[a7d06fa7-7f34-4540-8aa9-77129b7b1835|rpc:4077a26d5bdd:9894|admin:|client:|dataStream:|priority:0|startupRole:FOLLOWER]|listeners:[], old=null
scm_1       | 2022-10-23 13:23:18,229 [a7d06fa7-7f34-4540-8aa9-77129b7b1835-impl-thread1] INFO server.RaftServer$Division: a7d06fa7-7f34-4540-8aa9-77129b7b1835@group-ABC1D5E8CC46: changes role from      null to FOLLOWER at term 1 for startAsFollower
scm_1       | 2022-10-23 13:23:18,230 [a7d06fa7-7f34-4540-8aa9-77129b7b1835-impl-thread1] INFO impl.RoleInfo: a7d06fa7-7f34-4540-8aa9-77129b7b1835: start a7d06fa7-7f34-4540-8aa9-77129b7b1835@group-ABC1D5E8CC46-FollowerState
scm_1       | 2022-10-23 13:23:18,233 [a7d06fa7-7f34-4540-8aa9-77129b7b1835@group-ABC1D5E8CC46-FollowerState] INFO server.RaftServerConfigKeys: raft.server.rpc.first-election.timeout.min = 5000ms (fallback to raft.server.rpc.timeout.min)
scm_1       | 2022-10-23 13:23:18,233 [a7d06fa7-7f34-4540-8aa9-77129b7b1835@group-ABC1D5E8CC46-FollowerState] INFO server.RaftServerConfigKeys: raft.server.rpc.first-election.timeout.max = 5200ms (fallback to raft.server.rpc.timeout.max)
scm_1       | 2022-10-23 13:23:18,234 [a7d06fa7-7f34-4540-8aa9-77129b7b1835-impl-thread1] INFO util.JmxRegister: Successfully registered JMX Bean with object name Ratis:service=RaftServer,group=group-ABC1D5E8CC46,id=a7d06fa7-7f34-4540-8aa9-77129b7b1835
scm_1       | 2022-10-23 13:23:18,236 [a7d06fa7-7f34-4540-8aa9-77129b7b1835-impl-thread1] INFO server.RaftServerConfigKeys: raft.server.snapshot.auto.trigger.enabled = true (custom)
scm_1       | 2022-10-23 13:23:18,237 [a7d06fa7-7f34-4540-8aa9-77129b7b1835-impl-thread1] INFO server.RaftServerConfigKeys: raft.server.snapshot.auto.trigger.threshold = 1000 (custom)
scm_1       | 2022-10-23 13:23:18,237 [a7d06fa7-7f34-4540-8aa9-77129b7b1835-impl-thread1] INFO server.RaftServerConfigKeys: raft.server.snapshot.retention.file.num = -1 (default)
scm_1       | 2022-10-23 13:23:18,238 [a7d06fa7-7f34-4540-8aa9-77129b7b1835-impl-thread1] INFO server.RaftServerConfigKeys: raft.server.log.purge.upto.snapshot.index = false (default)
datanode_2  | 2022-10-23 13:23:37,083 [d8bfe92a-742e-41d8-82d5-985155bbffbf@group-98C50B1D4A87-SegmentedRaftLogWorker] INFO segmented.SegmentedRaftLogWorker: d8bfe92a-742e-41d8-82d5-985155bbffbf@group-98C50B1D4A87-SegmentedRaftLogWorker: created new log segment /data/metadata/ratis/78276369-243b-4e14-ad41-98c50b1d4a87/current/log_inprogress_0
scm_1       | 2022-10-23 13:23:18,246 [Listener at 0.0.0.0/9860] INFO server.RaftServer: a7d06fa7-7f34-4540-8aa9-77129b7b1835: start RPC server
datanode_2  | 2022-10-23 13:23:37,122 [d8bfe92a-742e-41d8-82d5-985155bbffbf@group-98C50B1D4A87-LeaderElection3] INFO server.RaftServer$Division: d8bfe92a-742e-41d8-82d5-985155bbffbf@group-98C50B1D4A87: set configuration 0: peers:[0cd69c3e-dba8-456e-a36c-f6435737289d|rpc:172.19.0.10:9856|admin:172.19.0.10:9857|client:172.19.0.10:9858|dataStream:|priority:0|startupRole:FOLLOWER, d8bfe92a-742e-41d8-82d5-985155bbffbf|rpc:172.19.0.9:9856|admin:172.19.0.9:9857|client:172.19.0.9:9858|dataStream:|priority:1|startupRole:FOLLOWER, 14eb714f-cfc9-43e4-9729-39a4160491d2|rpc:172.19.0.7:9856|admin:172.19.0.7:9857|client:172.19.0.7:9858|dataStream:|priority:0|startupRole:FOLLOWER]|listeners:[], old=null
scm_1       | 2022-10-23 13:23:18,290 [Listener at 0.0.0.0/9860] INFO server.GrpcService: a7d06fa7-7f34-4540-8aa9-77129b7b1835: GrpcService started, listening on 9894
datanode_2  | 2022-10-23 13:23:37,124 [grpc-default-executor-0] INFO impl.VoteContext: d8bfe92a-742e-41d8-82d5-985155bbffbf@group-98C50B1D4A87-LEADER: reject ELECTION from 0cd69c3e-dba8-456e-a36c-f6435737289d: already has voted for d8bfe92a-742e-41d8-82d5-985155bbffbf at current term 1
scm_1       | 2022-10-23 13:23:18,303 [JvmPauseMonitor0] INFO util.JvmPauseMonitor: JvmPauseMonitor-a7d06fa7-7f34-4540-8aa9-77129b7b1835: Started
datanode_2  | 2022-10-23 13:23:37,195 [grpc-default-executor-0] INFO server.RaftServer$Division: d8bfe92a-742e-41d8-82d5-985155bbffbf@group-98C50B1D4A87 replies to ELECTION vote request: 0cd69c3e-dba8-456e-a36c-f6435737289d<-d8bfe92a-742e-41d8-82d5-985155bbffbf#0:FAIL-t1. Peer's state: d8bfe92a-742e-41d8-82d5-985155bbffbf@group-98C50B1D4A87:t1, leader=d8bfe92a-742e-41d8-82d5-985155bbffbf, voted=d8bfe92a-742e-41d8-82d5-985155bbffbf, raftlog=Memoized:d8bfe92a-742e-41d8-82d5-985155bbffbf@group-98C50B1D4A87-SegmentedRaftLog:OPENED:c0, conf=0: peers:[0cd69c3e-dba8-456e-a36c-f6435737289d|rpc:172.19.0.10:9856|admin:172.19.0.10:9857|client:172.19.0.10:9858|dataStream:|priority:0|startupRole:FOLLOWER, d8bfe92a-742e-41d8-82d5-985155bbffbf|rpc:172.19.0.9:9856|admin:172.19.0.9:9857|client:172.19.0.9:9858|dataStream:|priority:1|startupRole:FOLLOWER, 14eb714f-cfc9-43e4-9729-39a4160491d2|rpc:172.19.0.7:9856|admin:172.19.0.7:9857|client:172.19.0.7:9858|dataStream:|priority:0|startupRole:FOLLOWER]|listeners:[], old=null
scm_1       | 2022-10-23 13:23:18,308 [Listener at 0.0.0.0/9860] INFO ha.SCMHAManagerImpl:  scm role is FOLLOWER peers [a7d06fa7-7f34-4540-8aa9-77129b7b1835|rpc:4077a26d5bdd:9894|admin:|client:|dataStream:|priority:0|startupRole:FOLLOWER]
datanode_2  | 2022-10-23 13:23:38,611 [d8bfe92a-742e-41d8-82d5-985155bbffbf@group-B935197E3F88-FollowerState] INFO impl.FollowerState: d8bfe92a-742e-41d8-82d5-985155bbffbf@group-B935197E3F88-FollowerState: change to CANDIDATE, lastRpcElapsedTime:5043593114ns, electionTimeout:5020ms
scm_1       | 2022-10-23 13:23:18,308 [Listener at 0.0.0.0/9860] INFO ha.InterSCMGrpcService: Starting SCM Grpc Service at port 9895
scm_1       | 2022-10-23 13:23:18,383 [Listener at 0.0.0.0/9860] INFO impl.MetricsConfig: Loaded properties from hadoop-metrics2.properties
scm_1       | 2022-10-23 13:23:18,396 [Listener at 0.0.0.0/9860] INFO impl.MetricsSystemImpl: Scheduled Metric snapshot period at 10 second(s).
scm_1       | 2022-10-23 13:23:18,396 [Listener at 0.0.0.0/9860] INFO impl.MetricsSystemImpl: StorageContainerManager metrics system started
scm_1       | 2022-10-23 13:23:18,742 [Listener at 0.0.0.0/9860] INFO server.SCMClientProtocolServer: RPC server for Client  is listening at /0.0.0.0:9860
scm_1       | 2022-10-23 13:23:18,743 [IPC Server Responder] INFO ipc.Server: IPC Server Responder: starting
scm_1       | 2022-10-23 13:23:18,753 [IPC Server listener on 9860] INFO ipc.Server: IPC Server listener on 9860: starting
scm_1       | 2022-10-23 13:23:18,775 [Listener at 0.0.0.0/9860] INFO server.StorageContainerManager: ScmBlockLocationProtocol RPC server is listening at /0.0.0.0:9863
scm_1       | 2022-10-23 13:23:18,776 [Listener at 0.0.0.0/9860] INFO server.SCMBlockProtocolServer: RPC server for Block Protocol is listening at /0.0.0.0:9863
scm_1       | 2022-10-23 13:23:18,777 [IPC Server Responder] INFO ipc.Server: IPC Server Responder: starting
scm_1       | 2022-10-23 13:23:18,800 [IPC Server listener on 9863] INFO ipc.Server: IPC Server listener on 9863: starting
scm_1       | 2022-10-23 13:23:18,881 [org.apache.hadoop.util.JvmPauseMonitor$Monitor@147cc940] INFO util.JvmPauseMonitor: Starting JVM pause monitor
scm_1       | 2022-10-23 13:23:18,914 [Listener at 0.0.0.0/9860] INFO http.BaseHttpServer: Starting Web-server for scm at: http://0.0.0.0:9876
scm_1       | 2022-10-23 13:23:18,914 [Listener at 0.0.0.0/9860] INFO http.BaseHttpServer: Hadoop Security Enabled: false Ozone Security Enabled: false Ozone HTTP Security Enabled: false 
scm_1       | 2022-10-23 13:23:18,978 [Listener at 0.0.0.0/9860] INFO util.log: Logging initialized @6243ms to org.eclipse.jetty.util.log.Slf4jLog
scm_1       | 2022-10-23 13:23:19,206 [Listener at 0.0.0.0/9860] WARN server.AuthenticationFilter: Unable to initialize FileSignerSecretProvider, falling back to use random secrets. Reason: Could not read signature secret file: /opt/hadoop/hadoop-http-auth-signature-secret
scm_1       | 2022-10-23 13:23:19,213 [Listener at 0.0.0.0/9860] INFO http.HttpRequestLog: Http request log for http.requests.scm is not defined
scm_1       | 2022-10-23 13:23:19,222 [Listener at 0.0.0.0/9860] INFO http.HttpServer2: Added global filter 'safety' (class=org.apache.hadoop.hdds.server.http.HttpServer2$QuotingInputFilter)
scm_1       | 2022-10-23 13:23:19,225 [Listener at 0.0.0.0/9860] INFO http.HttpServer2: Added filter static_user_filter (class=org.apache.hadoop.http.lib.StaticUserWebFilter$StaticUserFilter) to context scm
scm_1       | 2022-10-23 13:23:19,226 [Listener at 0.0.0.0/9860] INFO http.HttpServer2: Added filter static_user_filter (class=org.apache.hadoop.http.lib.StaticUserWebFilter$StaticUserFilter) to context logs
scm_1       | 2022-10-23 13:23:19,226 [Listener at 0.0.0.0/9860] INFO http.HttpServer2: Added filter static_user_filter (class=org.apache.hadoop.http.lib.StaticUserWebFilter$StaticUserFilter) to context static
scm_1       | 2022-10-23 13:23:19,262 [Listener at 0.0.0.0/9860] INFO http.HttpServer2: Jetty bound to port 9876
scm_1       | 2022-10-23 13:23:19,263 [Listener at 0.0.0.0/9860] INFO server.Server: jetty-9.4.43.v20210629; built: 2021-06-30T11:07:22.254Z; git: 526006ecfa3af7f1a27ef3a288e2bef7ea9dd7e8; jvm 11.0.14.1+1-LTS
scm_1       | 2022-10-23 13:23:19,298 [Listener at 0.0.0.0/9860] INFO server.session: DefaultSessionIdManager workerName=node0
scm_1       | 2022-10-23 13:23:19,299 [Listener at 0.0.0.0/9860] INFO server.session: No SessionScavenger set, using defaults
scm_1       | 2022-10-23 13:23:19,301 [Listener at 0.0.0.0/9860] INFO server.session: node0 Scavenging every 660000ms
scm_1       | 2022-10-23 13:23:19,316 [Listener at 0.0.0.0/9860] INFO handler.ContextHandler: Started o.e.j.s.ServletContextHandler@113dcaf8{logs,/logs,file:///var/log/hadoop/,AVAILABLE}
scm_1       | 2022-10-23 13:23:19,317 [Listener at 0.0.0.0/9860] INFO handler.ContextHandler: Started o.e.j.s.ServletContextHandler@1201769d{static,/static,jar:file:/opt/hadoop/share/ozone/lib/hdds-server-scm-1.3.0-SNAPSHOT.jar!/webapps/static,AVAILABLE}
scm_1       | 2022-10-23 13:23:19,478 [Listener at 0.0.0.0/9860] INFO handler.ContextHandler: Started o.e.j.w.WebAppContext@658e7ead{scm,/,file:///tmp/jetty-0_0_0_0-9876-hdds-server-scm-1_3_0-SNAPSHOT_jar-_-any-4183186739811832031/webapp/,AVAILABLE}{jar:file:/opt/hadoop/share/ozone/lib/hdds-server-scm-1.3.0-SNAPSHOT.jar!/webapps/scm}
scm_1       | 2022-10-23 13:23:19,490 [Listener at 0.0.0.0/9860] INFO server.AbstractConnector: Started ServerConnector@3855d9b2{HTTP/1.1, (http/1.1)}{0.0.0.0:9876}
scm_1       | 2022-10-23 13:23:19,490 [Listener at 0.0.0.0/9860] INFO server.Server: Started @6756ms
scm_1       | 2022-10-23 13:23:19,499 [Listener at 0.0.0.0/9860] INFO impl.MetricsSinkAdapter: Sink prometheus started
scm_1       | 2022-10-23 13:23:19,499 [Listener at 0.0.0.0/9860] INFO impl.MetricsSystemImpl: Registered sink prometheus
scm_1       | 2022-10-23 13:23:19,501 [Listener at 0.0.0.0/9860] INFO http.BaseHttpServer: HTTP server of scm listening at http://0.0.0.0:9876
scm_1       | 2022-10-23 13:23:23,397 [a7d06fa7-7f34-4540-8aa9-77129b7b1835@group-ABC1D5E8CC46-FollowerState] INFO impl.FollowerState: a7d06fa7-7f34-4540-8aa9-77129b7b1835@group-ABC1D5E8CC46-FollowerState: change to CANDIDATE, lastRpcElapsedTime:5166925658ns, electionTimeout:5162ms
scm_1       | 2022-10-23 13:23:23,398 [a7d06fa7-7f34-4540-8aa9-77129b7b1835@group-ABC1D5E8CC46-FollowerState] INFO impl.RoleInfo: a7d06fa7-7f34-4540-8aa9-77129b7b1835: shutdown a7d06fa7-7f34-4540-8aa9-77129b7b1835@group-ABC1D5E8CC46-FollowerState
scm_1       | 2022-10-23 13:23:23,399 [a7d06fa7-7f34-4540-8aa9-77129b7b1835@group-ABC1D5E8CC46-FollowerState] INFO server.RaftServer$Division: a7d06fa7-7f34-4540-8aa9-77129b7b1835@group-ABC1D5E8CC46: changes role from  FOLLOWER to CANDIDATE at term 1 for changeToCandidate
scm_1       | 2022-10-23 13:23:23,401 [a7d06fa7-7f34-4540-8aa9-77129b7b1835@group-ABC1D5E8CC46-FollowerState] INFO server.RaftServerConfigKeys: raft.server.leaderelection.pre-vote = false (custom)
scm_1       | 2022-10-23 13:23:23,402 [a7d06fa7-7f34-4540-8aa9-77129b7b1835@group-ABC1D5E8CC46-FollowerState] INFO impl.RoleInfo: a7d06fa7-7f34-4540-8aa9-77129b7b1835: start a7d06fa7-7f34-4540-8aa9-77129b7b1835@group-ABC1D5E8CC46-LeaderElection1
scm_1       | 2022-10-23 13:23:23,421 [a7d06fa7-7f34-4540-8aa9-77129b7b1835@group-ABC1D5E8CC46-LeaderElection1] INFO impl.LeaderElection: a7d06fa7-7f34-4540-8aa9-77129b7b1835@group-ABC1D5E8CC46-LeaderElection1 ELECTION round 0: submit vote requests at term 2 for 0: peers:[a7d06fa7-7f34-4540-8aa9-77129b7b1835|rpc:4077a26d5bdd:9894|admin:|client:|dataStream:|priority:0|startupRole:FOLLOWER]|listeners:[], old=null
scm_1       | 2022-10-23 13:23:23,422 [a7d06fa7-7f34-4540-8aa9-77129b7b1835@group-ABC1D5E8CC46-LeaderElection1] INFO impl.LeaderElection: a7d06fa7-7f34-4540-8aa9-77129b7b1835@group-ABC1D5E8CC46-LeaderElection1 ELECTION round 0: result PASSED (term=2)
datanode_2  | 2022-10-23 13:23:38,613 [d8bfe92a-742e-41d8-82d5-985155bbffbf@group-B935197E3F88-FollowerState] INFO impl.RoleInfo: d8bfe92a-742e-41d8-82d5-985155bbffbf: shutdown d8bfe92a-742e-41d8-82d5-985155bbffbf@group-B935197E3F88-FollowerState
scm_1       | 2022-10-23 13:23:23,422 [a7d06fa7-7f34-4540-8aa9-77129b7b1835@group-ABC1D5E8CC46-LeaderElection1] INFO impl.RoleInfo: a7d06fa7-7f34-4540-8aa9-77129b7b1835: shutdown a7d06fa7-7f34-4540-8aa9-77129b7b1835@group-ABC1D5E8CC46-LeaderElection1
datanode_2  | 2022-10-23 13:23:38,613 [d8bfe92a-742e-41d8-82d5-985155bbffbf@group-B935197E3F88-FollowerState] INFO server.RaftServer$Division: d8bfe92a-742e-41d8-82d5-985155bbffbf@group-B935197E3F88: changes role from  FOLLOWER to CANDIDATE at term 1 for changeToCandidate
scm_1       | 2022-10-23 13:23:23,423 [a7d06fa7-7f34-4540-8aa9-77129b7b1835@group-ABC1D5E8CC46-LeaderElection1] INFO server.RaftServer$Division: a7d06fa7-7f34-4540-8aa9-77129b7b1835@group-ABC1D5E8CC46: changes role from CANDIDATE to LEADER at term 2 for changeToLeader
datanode_2  | 2022-10-23 13:23:38,613 [d8bfe92a-742e-41d8-82d5-985155bbffbf@group-B935197E3F88-FollowerState] INFO server.RaftServerConfigKeys: raft.server.leaderelection.pre-vote = false (custom)
scm_1       | 2022-10-23 13:23:23,423 [a7d06fa7-7f34-4540-8aa9-77129b7b1835@group-ABC1D5E8CC46-LeaderElection1] INFO ha.SCMStateMachine: current SCM becomes leader of term 2.
datanode_2  | 2022-10-23 13:23:38,613 [d8bfe92a-742e-41d8-82d5-985155bbffbf@group-B935197E3F88-FollowerState] INFO impl.RoleInfo: d8bfe92a-742e-41d8-82d5-985155bbffbf: start d8bfe92a-742e-41d8-82d5-985155bbffbf@group-B935197E3F88-LeaderElection4
scm_1       | 2022-10-23 13:23:23,423 [a7d06fa7-7f34-4540-8aa9-77129b7b1835@group-ABC1D5E8CC46-LeaderElection1] INFO ha.SCMContext: update <isLeader,term> from <false,0> to <true,2>
datanode_2  | 2022-10-23 13:23:38,625 [d8bfe92a-742e-41d8-82d5-985155bbffbf@group-B935197E3F88-LeaderElection4] INFO impl.LeaderElection: d8bfe92a-742e-41d8-82d5-985155bbffbf@group-B935197E3F88-LeaderElection4 ELECTION round 0: submit vote requests at term 2 for -1: peers:[0cd69c3e-dba8-456e-a36c-f6435737289d|rpc:172.19.0.10:9856|admin:172.19.0.10:9857|client:172.19.0.10:9858|priority:0|startupRole:FOLLOWER, d8bfe92a-742e-41d8-82d5-985155bbffbf|rpc:172.19.0.9:9856|admin:172.19.0.9:9857|client:172.19.0.9:9858|priority:0|startupRole:FOLLOWER, 14eb714f-cfc9-43e4-9729-39a4160491d2|rpc:172.19.0.7:9856|admin:172.19.0.7:9857|client:172.19.0.7:9858|priority:1|startupRole:FOLLOWER]|listeners:[], old=null
scm_1       | 2022-10-23 13:23:23,425 [a7d06fa7-7f34-4540-8aa9-77129b7b1835@group-ABC1D5E8CC46-LeaderElection1] INFO server.RaftServer$Division: a7d06fa7-7f34-4540-8aa9-77129b7b1835@group-ABC1D5E8CC46: change Leader from null to a7d06fa7-7f34-4540-8aa9-77129b7b1835 at term 2 for becomeLeader, leader elected after 7443ms
datanode_2  | 2022-10-23 13:23:38,654 [d8bfe92a-742e-41d8-82d5-985155bbffbf@group-B935197E3F88-LeaderElection4] INFO server.RaftServerConfigKeys: raft.server.rpc.first-election.timeout.min = 5s (fallback to raft.server.rpc.timeout.min)
scm_1       | 2022-10-23 13:23:23,436 [a7d06fa7-7f34-4540-8aa9-77129b7b1835@group-ABC1D5E8CC46-LeaderElection1] INFO server.RaftServerConfigKeys: raft.server.staging.catchup.gap = 1000 (default)
datanode_2  | 2022-10-23 13:23:38,664 [grpc-default-executor-5] INFO server.RaftServer$Division: d8bfe92a-742e-41d8-82d5-985155bbffbf@group-B935197E3F88: receive requestVote(ELECTION, 0cd69c3e-dba8-456e-a36c-f6435737289d, group-B935197E3F88, 2, (t:0, i:0))
scm_1       | 2022-10-23 13:23:23,441 [a7d06fa7-7f34-4540-8aa9-77129b7b1835@group-ABC1D5E8CC46-LeaderElection1] INFO server.RaftServerConfigKeys: raft.server.write.element-limit = 4096 (default)
datanode_2  | 2022-10-23 13:23:38,673 [d8bfe92a-742e-41d8-82d5-985155bbffbf@group-B935197E3F88-LeaderElection4] INFO server.RaftServerConfigKeys: raft.server.rpc.first-election.timeout.max = 5200ms (fallback to raft.server.rpc.timeout.max)
scm_1       | 2022-10-23 13:23:23,441 [a7d06fa7-7f34-4540-8aa9-77129b7b1835@group-ABC1D5E8CC46-LeaderElection1] INFO server.RaftServerConfigKeys: raft.server.write.byte-limit = 64MB (=67108864) (default)
datanode_2  | 2022-10-23 13:23:38,674 [d8bfe92a-742e-41d8-82d5-985155bbffbf@group-B935197E3F88-LeaderElection4] INFO impl.LeaderElection: d8bfe92a-742e-41d8-82d5-985155bbffbf@group-B935197E3F88-LeaderElection4: ELECTION REJECTED received 1 response(s) and 0 exception(s):
scm_1       | 2022-10-23 13:23:23,446 [a7d06fa7-7f34-4540-8aa9-77129b7b1835@group-ABC1D5E8CC46-LeaderElection1] INFO server.RaftServerConfigKeys: raft.server.watch.timeout = 10s (default)
datanode_2  | 2022-10-23 13:23:38,674 [d8bfe92a-742e-41d8-82d5-985155bbffbf@group-B935197E3F88-LeaderElection4] INFO impl.LeaderElection:   Response 0: d8bfe92a-742e-41d8-82d5-985155bbffbf<-14eb714f-cfc9-43e4-9729-39a4160491d2#0:FAIL-t2
scm_1       | 2022-10-23 13:23:23,446 [a7d06fa7-7f34-4540-8aa9-77129b7b1835@group-ABC1D5E8CC46-LeaderElection1] INFO server.RaftServerConfigKeys: raft.server.watch.timeout.denomination = 1s (default)
datanode_2  | 2022-10-23 13:23:38,674 [d8bfe92a-742e-41d8-82d5-985155bbffbf@group-B935197E3F88-LeaderElection4] INFO impl.LeaderElection: d8bfe92a-742e-41d8-82d5-985155bbffbf@group-B935197E3F88-LeaderElection4 ELECTION round 0: result REJECTED
scm_1       | 2022-10-23 13:23:23,447 [a7d06fa7-7f34-4540-8aa9-77129b7b1835@group-ABC1D5E8CC46-LeaderElection1] INFO server.RaftServerConfigKeys: raft.server.watch.element-limit = 65536 (default)
datanode_2  | 2022-10-23 13:23:38,673 [grpc-default-executor-5] INFO impl.VoteContext: d8bfe92a-742e-41d8-82d5-985155bbffbf@group-B935197E3F88-CANDIDATE: reject ELECTION from 0cd69c3e-dba8-456e-a36c-f6435737289d: already has voted for d8bfe92a-742e-41d8-82d5-985155bbffbf at current term 2
scm_1       | 2022-10-23 13:23:23,452 [a7d06fa7-7f34-4540-8aa9-77129b7b1835@group-ABC1D5E8CC46-LeaderElection1] INFO server.RaftServerConfigKeys: raft.server.write.element-limit = 4096 (default)
datanode_2  | 2022-10-23 13:23:38,675 [grpc-default-executor-5] INFO server.RaftServer$Division: d8bfe92a-742e-41d8-82d5-985155bbffbf@group-B935197E3F88 replies to ELECTION vote request: 0cd69c3e-dba8-456e-a36c-f6435737289d<-d8bfe92a-742e-41d8-82d5-985155bbffbf#0:FAIL-t2. Peer's state: d8bfe92a-742e-41d8-82d5-985155bbffbf@group-B935197E3F88:t2, leader=null, voted=d8bfe92a-742e-41d8-82d5-985155bbffbf, raftlog=Memoized:d8bfe92a-742e-41d8-82d5-985155bbffbf@group-B935197E3F88-SegmentedRaftLog:OPENED:c-1, conf=-1: peers:[0cd69c3e-dba8-456e-a36c-f6435737289d|rpc:172.19.0.10:9856|admin:172.19.0.10:9857|client:172.19.0.10:9858|priority:0|startupRole:FOLLOWER, d8bfe92a-742e-41d8-82d5-985155bbffbf|rpc:172.19.0.9:9856|admin:172.19.0.9:9857|client:172.19.0.9:9858|priority:0|startupRole:FOLLOWER, 14eb714f-cfc9-43e4-9729-39a4160491d2|rpc:172.19.0.7:9856|admin:172.19.0.7:9857|client:172.19.0.7:9858|priority:1|startupRole:FOLLOWER]|listeners:[], old=null
scm_1       | 2022-10-23 13:23:23,454 [a7d06fa7-7f34-4540-8aa9-77129b7b1835@group-ABC1D5E8CC46-LeaderElection1] INFO server.RaftServerConfigKeys: raft.server.write.follower.gap.ratio.max = -1.0 (default)
datanode_2  | 2022-10-23 13:23:38,678 [d8bfe92a-742e-41d8-82d5-985155bbffbf@group-B935197E3F88-LeaderElection4] INFO server.RaftServer$Division: d8bfe92a-742e-41d8-82d5-985155bbffbf@group-B935197E3F88: changes role from CANDIDATE to FOLLOWER at term 2 for REJECTED
scm_1       | 2022-10-23 13:23:23,457 [a7d06fa7-7f34-4540-8aa9-77129b7b1835@group-ABC1D5E8CC46-LeaderElection1] INFO impl.RoleInfo: a7d06fa7-7f34-4540-8aa9-77129b7b1835: start a7d06fa7-7f34-4540-8aa9-77129b7b1835@group-ABC1D5E8CC46-LeaderStateImpl
datanode_2  | 2022-10-23 13:23:38,679 [d8bfe92a-742e-41d8-82d5-985155bbffbf@group-B935197E3F88-LeaderElection4] INFO impl.RoleInfo: d8bfe92a-742e-41d8-82d5-985155bbffbf: shutdown d8bfe92a-742e-41d8-82d5-985155bbffbf@group-B935197E3F88-LeaderElection4
scm_1       | 2022-10-23 13:23:23,465 [a7d06fa7-7f34-4540-8aa9-77129b7b1835@group-ABC1D5E8CC46-LeaderElection1] INFO segmented.SegmentedRaftLogWorker: a7d06fa7-7f34-4540-8aa9-77129b7b1835@group-ABC1D5E8CC46-SegmentedRaftLogWorker: Rolling segment log-0_0 to index:0
datanode_2  | 2022-10-23 13:23:38,679 [d8bfe92a-742e-41d8-82d5-985155bbffbf@group-B935197E3F88-LeaderElection4] INFO impl.RoleInfo: d8bfe92a-742e-41d8-82d5-985155bbffbf: start d8bfe92a-742e-41d8-82d5-985155bbffbf@group-B935197E3F88-FollowerState
scm_1       | 2022-10-23 13:23:23,471 [a7d06fa7-7f34-4540-8aa9-77129b7b1835@group-ABC1D5E8CC46-SegmentedRaftLogWorker] INFO segmented.SegmentedRaftLogWorker: a7d06fa7-7f34-4540-8aa9-77129b7b1835@group-ABC1D5E8CC46-SegmentedRaftLogWorker: Rolled log segment from /data/metadata/scm-ha/f3cd4481-6043-4d96-947d-abc1d5e8cc46/current/log_inprogress_0 to /data/metadata/scm-ha/f3cd4481-6043-4d96-947d-abc1d5e8cc46/current/log_0-0
datanode_2  | 2022-10-23 13:23:38,684 [d8bfe92a-742e-41d8-82d5-985155bbffbf@group-B935197E3F88-FollowerState] INFO server.RaftServerConfigKeys: raft.server.rpc.first-election.timeout.min = 5s (fallback to raft.server.rpc.timeout.min)
scm_1       | 2022-10-23 13:23:23,488 [a7d06fa7-7f34-4540-8aa9-77129b7b1835@group-ABC1D5E8CC46-LeaderElection1] INFO server.RaftServer$Division: a7d06fa7-7f34-4540-8aa9-77129b7b1835@group-ABC1D5E8CC46: set configuration 1: peers:[a7d06fa7-7f34-4540-8aa9-77129b7b1835|rpc:4077a26d5bdd:9894|admin:|client:|dataStream:|priority:0|startupRole:FOLLOWER]|listeners:[], old=null
datanode_2  | 2022-10-23 13:23:38,699 [d8bfe92a-742e-41d8-82d5-985155bbffbf@group-B935197E3F88-FollowerState] INFO server.RaftServerConfigKeys: raft.server.rpc.first-election.timeout.max = 5200ms (fallback to raft.server.rpc.timeout.max)
scm_1       | 2022-10-23 13:23:23,501 [a7d06fa7-7f34-4540-8aa9-77129b7b1835@group-ABC1D5E8CC46-SegmentedRaftLogWorker] INFO segmented.SegmentedRaftLogWorker: a7d06fa7-7f34-4540-8aa9-77129b7b1835@group-ABC1D5E8CC46-SegmentedRaftLogWorker: created new log segment /data/metadata/scm-ha/f3cd4481-6043-4d96-947d-abc1d5e8cc46/current/log_inprogress_1
datanode_2  | 2022-10-23 13:23:43,719 [grpc-default-executor-5] INFO server.RaftServer$Division: d8bfe92a-742e-41d8-82d5-985155bbffbf@group-B935197E3F88: receive requestVote(ELECTION, 0cd69c3e-dba8-456e-a36c-f6435737289d, group-B935197E3F88, 3, (t:0, i:0))
scm_1       | 2022-10-23 13:23:23,512 [a7d06fa7-7f34-4540-8aa9-77129b7b1835@group-ABC1D5E8CC46-StateMachineUpdater] INFO ha.SCMContext: update <isLeaderReady> from <false> to <true>
datanode_2  | 2022-10-23 13:23:43,719 [grpc-default-executor-5] INFO impl.VoteContext: d8bfe92a-742e-41d8-82d5-985155bbffbf@group-B935197E3F88-FOLLOWER: accept ELECTION from 0cd69c3e-dba8-456e-a36c-f6435737289d: our priority 0 <= candidate's priority 0
scm_1       | 2022-10-23 13:23:23,513 [a7d06fa7-7f34-4540-8aa9-77129b7b1835@group-ABC1D5E8CC46-StateMachineUpdater] INFO pipeline.BackgroundPipelineCreator: Service BackgroundPipelineCreator transitions to RUNNING.
datanode_2  | 2022-10-23 13:23:43,720 [grpc-default-executor-5] INFO server.RaftServer$Division: d8bfe92a-742e-41d8-82d5-985155bbffbf@group-B935197E3F88: changes role from  FOLLOWER to FOLLOWER at term 3 for candidate:0cd69c3e-dba8-456e-a36c-f6435737289d
datanode_2  | 2022-10-23 13:23:43,720 [grpc-default-executor-5] INFO impl.RoleInfo: d8bfe92a-742e-41d8-82d5-985155bbffbf: shutdown d8bfe92a-742e-41d8-82d5-985155bbffbf@group-B935197E3F88-FollowerState
datanode_2  | 2022-10-23 13:23:43,720 [d8bfe92a-742e-41d8-82d5-985155bbffbf@group-B935197E3F88-FollowerState] INFO impl.FollowerState: d8bfe92a-742e-41d8-82d5-985155bbffbf@group-B935197E3F88-FollowerState was interrupted
scm_1       | 2022-10-23 13:23:23,523 [a7d06fa7-7f34-4540-8aa9-77129b7b1835@group-ABC1D5E8CC46-StateMachineUpdater] INFO safemode.HealthyPipelineSafeModeRule: Refreshed total pipeline count is 0, healthy pipeline threshold count is 1
datanode_2  | 2022-10-23 13:23:43,721 [grpc-default-executor-5] INFO impl.RoleInfo: d8bfe92a-742e-41d8-82d5-985155bbffbf: start d8bfe92a-742e-41d8-82d5-985155bbffbf@group-B935197E3F88-FollowerState
datanode_2  | 2022-10-23 13:23:43,724 [d8bfe92a-742e-41d8-82d5-985155bbffbf@group-B935197E3F88-FollowerState] INFO server.RaftServerConfigKeys: raft.server.rpc.first-election.timeout.min = 5s (fallback to raft.server.rpc.timeout.min)
datanode_2  | 2022-10-23 13:23:43,725 [d8bfe92a-742e-41d8-82d5-985155bbffbf@group-B935197E3F88-FollowerState] INFO server.RaftServerConfigKeys: raft.server.rpc.first-election.timeout.max = 5200ms (fallback to raft.server.rpc.timeout.max)
datanode_2  | 2022-10-23 13:23:43,730 [grpc-default-executor-5] INFO server.RaftServer$Division: d8bfe92a-742e-41d8-82d5-985155bbffbf@group-B935197E3F88 replies to ELECTION vote request: 0cd69c3e-dba8-456e-a36c-f6435737289d<-d8bfe92a-742e-41d8-82d5-985155bbffbf#0:OK-t3. Peer's state: d8bfe92a-742e-41d8-82d5-985155bbffbf@group-B935197E3F88:t3, leader=null, voted=0cd69c3e-dba8-456e-a36c-f6435737289d, raftlog=Memoized:d8bfe92a-742e-41d8-82d5-985155bbffbf@group-B935197E3F88-SegmentedRaftLog:OPENED:c-1, conf=-1: peers:[0cd69c3e-dba8-456e-a36c-f6435737289d|rpc:172.19.0.10:9856|admin:172.19.0.10:9857|client:172.19.0.10:9858|priority:0|startupRole:FOLLOWER, d8bfe92a-742e-41d8-82d5-985155bbffbf|rpc:172.19.0.9:9856|admin:172.19.0.9:9857|client:172.19.0.9:9858|priority:0|startupRole:FOLLOWER, 14eb714f-cfc9-43e4-9729-39a4160491d2|rpc:172.19.0.7:9856|admin:172.19.0.7:9857|client:172.19.0.7:9858|priority:1|startupRole:FOLLOWER]|listeners:[], old=null
datanode_2  | 2022-10-23 13:23:48,858 [d8bfe92a-742e-41d8-82d5-985155bbffbf@group-B935197E3F88-FollowerState] INFO server.RaftServerConfigKeys: raft.server.rpc.first-election.timeout.min = 5s (fallback to raft.server.rpc.timeout.min)
datanode_2  | 2022-10-23 13:23:48,858 [d8bfe92a-742e-41d8-82d5-985155bbffbf@group-B935197E3F88-FollowerState] INFO server.RaftServerConfigKeys: raft.server.rpc.first-election.timeout.max = 5200ms (fallback to raft.server.rpc.timeout.max)
datanode_2  | 2022-10-23 13:23:48,919 [grpc-default-executor-5] INFO server.RaftServer$Division: d8bfe92a-742e-41d8-82d5-985155bbffbf@group-B935197E3F88: receive requestVote(ELECTION, 0cd69c3e-dba8-456e-a36c-f6435737289d, group-B935197E3F88, 4, (t:0, i:0))
datanode_2  | 2022-10-23 13:23:48,921 [grpc-default-executor-5] INFO impl.VoteContext: d8bfe92a-742e-41d8-82d5-985155bbffbf@group-B935197E3F88-FOLLOWER: accept ELECTION from 0cd69c3e-dba8-456e-a36c-f6435737289d: our priority 0 <= candidate's priority 0
datanode_2  | 2022-10-23 13:23:48,921 [grpc-default-executor-5] INFO server.RaftServer$Division: d8bfe92a-742e-41d8-82d5-985155bbffbf@group-B935197E3F88: changes role from  FOLLOWER to FOLLOWER at term 4 for candidate:0cd69c3e-dba8-456e-a36c-f6435737289d
datanode_2  | 2022-10-23 13:23:48,921 [grpc-default-executor-5] INFO impl.RoleInfo: d8bfe92a-742e-41d8-82d5-985155bbffbf: shutdown d8bfe92a-742e-41d8-82d5-985155bbffbf@group-B935197E3F88-FollowerState
datanode_2  | 2022-10-23 13:23:48,922 [grpc-default-executor-5] INFO impl.RoleInfo: d8bfe92a-742e-41d8-82d5-985155bbffbf: start d8bfe92a-742e-41d8-82d5-985155bbffbf@group-B935197E3F88-FollowerState
datanode_2  | 2022-10-23 13:23:48,922 [d8bfe92a-742e-41d8-82d5-985155bbffbf@group-B935197E3F88-FollowerState] INFO impl.FollowerState: d8bfe92a-742e-41d8-82d5-985155bbffbf@group-B935197E3F88-FollowerState was interrupted
datanode_2  | 2022-10-23 13:23:48,929 [d8bfe92a-742e-41d8-82d5-985155bbffbf@group-B935197E3F88-FollowerState] INFO server.RaftServerConfigKeys: raft.server.rpc.first-election.timeout.min = 5s (fallback to raft.server.rpc.timeout.min)
datanode_2  | 2022-10-23 13:23:48,929 [d8bfe92a-742e-41d8-82d5-985155bbffbf@group-B935197E3F88-FollowerState] INFO server.RaftServerConfigKeys: raft.server.rpc.first-election.timeout.max = 5200ms (fallback to raft.server.rpc.timeout.max)
datanode_2  | 2022-10-23 13:23:48,930 [grpc-default-executor-5] INFO server.RaftServer$Division: d8bfe92a-742e-41d8-82d5-985155bbffbf@group-B935197E3F88 replies to ELECTION vote request: 0cd69c3e-dba8-456e-a36c-f6435737289d<-d8bfe92a-742e-41d8-82d5-985155bbffbf#0:OK-t4. Peer's state: d8bfe92a-742e-41d8-82d5-985155bbffbf@group-B935197E3F88:t4, leader=null, voted=0cd69c3e-dba8-456e-a36c-f6435737289d, raftlog=Memoized:d8bfe92a-742e-41d8-82d5-985155bbffbf@group-B935197E3F88-SegmentedRaftLog:OPENED:c-1, conf=-1: peers:[0cd69c3e-dba8-456e-a36c-f6435737289d|rpc:172.19.0.10:9856|admin:172.19.0.10:9857|client:172.19.0.10:9858|priority:0|startupRole:FOLLOWER, d8bfe92a-742e-41d8-82d5-985155bbffbf|rpc:172.19.0.9:9856|admin:172.19.0.9:9857|client:172.19.0.9:9858|priority:0|startupRole:FOLLOWER, 14eb714f-cfc9-43e4-9729-39a4160491d2|rpc:172.19.0.7:9856|admin:172.19.0.7:9857|client:172.19.0.7:9858|priority:1|startupRole:FOLLOWER]|listeners:[], old=null
datanode_2  | 2022-10-23 13:23:54,062 [d8bfe92a-742e-41d8-82d5-985155bbffbf@group-B935197E3F88-FollowerState] INFO server.RaftServerConfigKeys: raft.server.rpc.first-election.timeout.min = 5s (fallback to raft.server.rpc.timeout.min)
datanode_2  | 2022-10-23 13:23:54,063 [d8bfe92a-742e-41d8-82d5-985155bbffbf@group-B935197E3F88-FollowerState] INFO server.RaftServerConfigKeys: raft.server.rpc.first-election.timeout.max = 5200ms (fallback to raft.server.rpc.timeout.max)
datanode_2  | 2022-10-23 13:23:54,154 [grpc-default-executor-5] INFO server.RaftServer$Division: d8bfe92a-742e-41d8-82d5-985155bbffbf@group-B935197E3F88: receive requestVote(ELECTION, 0cd69c3e-dba8-456e-a36c-f6435737289d, group-B935197E3F88, 5, (t:0, i:0))
datanode_2  | 2022-10-23 13:23:54,155 [grpc-default-executor-5] INFO impl.VoteContext: d8bfe92a-742e-41d8-82d5-985155bbffbf@group-B935197E3F88-FOLLOWER: accept ELECTION from 0cd69c3e-dba8-456e-a36c-f6435737289d: our priority 0 <= candidate's priority 0
datanode_2  | 2022-10-23 13:23:54,155 [grpc-default-executor-5] INFO server.RaftServer$Division: d8bfe92a-742e-41d8-82d5-985155bbffbf@group-B935197E3F88: changes role from  FOLLOWER to FOLLOWER at term 5 for candidate:0cd69c3e-dba8-456e-a36c-f6435737289d
datanode_2  | 2022-10-23 13:23:54,155 [grpc-default-executor-5] INFO impl.RoleInfo: d8bfe92a-742e-41d8-82d5-985155bbffbf: shutdown d8bfe92a-742e-41d8-82d5-985155bbffbf@group-B935197E3F88-FollowerState
datanode_2  | 2022-10-23 13:23:54,155 [grpc-default-executor-5] INFO impl.RoleInfo: d8bfe92a-742e-41d8-82d5-985155bbffbf: start d8bfe92a-742e-41d8-82d5-985155bbffbf@group-B935197E3F88-FollowerState
datanode_2  | 2022-10-23 13:23:54,155 [d8bfe92a-742e-41d8-82d5-985155bbffbf@group-B935197E3F88-FollowerState] INFO impl.FollowerState: d8bfe92a-742e-41d8-82d5-985155bbffbf@group-B935197E3F88-FollowerState was interrupted
scm_1       | 2022-10-23 13:23:23,524 [a7d06fa7-7f34-4540-8aa9-77129b7b1835@group-ABC1D5E8CC46-StateMachineUpdater] INFO safemode.ContainerSafeModeRule: Refreshed one replica container threshold 0, currentThreshold 0
scm_1       | 2022-10-23 13:23:23,524 [a7d06fa7-7f34-4540-8aa9-77129b7b1835@group-ABC1D5E8CC46-StateMachineUpdater] INFO safemode.OneReplicaPipelineSafeModeRule: Refreshed Total pipeline count is 0, pipeline's with at least one datanode reported threshold count is 0
scm_1       | 2022-10-23 13:23:23,525 [a7d06fa7-7f34-4540-8aa9-77129b7b1835@group-ABC1D5E8CC46-StateMachineUpdater] INFO server.SCMDatanodeProtocolServer: ScmDatanodeProtocol RPC server for DataNodes is listening at /0.0.0.0:9861
scm_1       | 2022-10-23 13:23:23,532 [IPC Server Responder] INFO ipc.Server: IPC Server Responder: starting
scm_1       | 2022-10-23 13:23:23,537 [IPC Server listener on 9861] INFO ipc.Server: IPC Server listener on 9861: starting
scm_1       | 2022-10-23 13:23:23,667 [IPC Server handler 1 on default port 9861] WARN ipc.Server: IPC Server handler 1 on default port 9861, call Call#0 Retry#0 org.apache.hadoop.ozone.protocol.StorageContainerDatanodeProtocol.submitRequest from 172.19.0.10:36846: output error
scm_1       | 2022-10-23 13:23:23,675 [IPC Server handler 5 on default port 9861] WARN ipc.Server: IPC Server handler 5 on default port 9861, call Call#0 Retry#0 org.apache.hadoop.ozone.protocol.StorageContainerDatanodeProtocol.submitRequest from 172.19.0.9:59098: output error
scm_1       | 2022-10-23 13:23:23,674 [IPC Server handler 4 on default port 9861] WARN ipc.Server: IPC Server handler 4 on default port 9861, call Call#0 Retry#0 org.apache.hadoop.ozone.protocol.StorageContainerDatanodeProtocol.submitRequest from 172.19.0.7:53644: output error
scm_1       | 2022-10-23 13:23:23,703 [IPC Server handler 5 on default port 9861] INFO ipc.Server: IPC Server handler 5 on default port 9861 caught an exception
scm_1       | java.nio.channels.ClosedChannelException
scm_1       | 	at java.base/sun.nio.ch.SocketChannelImpl.ensureOpenAndConnected(SocketChannelImpl.java:180)
scm_1       | 	at java.base/sun.nio.ch.SocketChannelImpl.write(SocketChannelImpl.java:452)
scm_1       | 	at org.apache.hadoop.ipc.Server.channelWrite(Server.java:3619)
scm_1       | 	at org.apache.hadoop.ipc.Server.access$1700(Server.java:144)
scm_1       | 	at org.apache.hadoop.ipc.Server$Responder.processResponse(Server.java:1672)
scm_1       | 	at org.apache.hadoop.ipc.Server$Responder.doRespond(Server.java:1742)
scm_1       | 	at org.apache.hadoop.ipc.Server$Connection.sendResponse(Server.java:2847)
scm_1       | 	at org.apache.hadoop.ipc.Server$Connection.access$300(Server.java:1814)
scm_1       | 	at org.apache.hadoop.ipc.Server$RpcCall.doResponse(Server.java:1125)
scm_1       | 	at org.apache.hadoop.ipc.Server$Call.doResponse(Server.java:917)
scm_1       | 	at org.apache.hadoop.ipc.Server$Call.sendResponse(Server.java:903)
scm_1       | 	at org.apache.hadoop.ipc.Server$RpcCall.run(Server.java:1060)
scm_1       | 	at org.apache.hadoop.ipc.Server$RpcCall.run(Server.java:971)
scm_1       | 	at java.base/java.security.AccessController.doPrivileged(Native Method)
scm_1       | 	at java.base/javax.security.auth.Subject.doAs(Subject.java:423)
scm_1       | 	at org.apache.hadoop.security.UserGroupInformation.doAs(UserGroupInformation.java:1878)
scm_1       | 	at org.apache.hadoop.ipc.Server$Handler.run(Server.java:2976)
scm_1       | 2022-10-23 13:23:23,704 [IPC Server handler 1 on default port 9861] INFO ipc.Server: IPC Server handler 1 on default port 9861 caught an exception
scm_1       | java.nio.channels.ClosedChannelException
scm_1       | 	at java.base/sun.nio.ch.SocketChannelImpl.ensureOpenAndConnected(SocketChannelImpl.java:180)
scm_1       | 	at java.base/sun.nio.ch.SocketChannelImpl.write(SocketChannelImpl.java:452)
scm_1       | 	at org.apache.hadoop.ipc.Server.channelWrite(Server.java:3619)
scm_1       | 	at org.apache.hadoop.ipc.Server.access$1700(Server.java:144)
scm_1       | 	at org.apache.hadoop.ipc.Server$Responder.processResponse(Server.java:1672)
scm_1       | 	at org.apache.hadoop.ipc.Server$Responder.doRespond(Server.java:1742)
scm_1       | 	at org.apache.hadoop.ipc.Server$Connection.sendResponse(Server.java:2847)
scm_1       | 	at org.apache.hadoop.ipc.Server$Connection.access$300(Server.java:1814)
scm_1       | 	at org.apache.hadoop.ipc.Server$RpcCall.doResponse(Server.java:1125)
scm_1       | 	at org.apache.hadoop.ipc.Server$Call.doResponse(Server.java:917)
scm_1       | 	at org.apache.hadoop.ipc.Server$Call.sendResponse(Server.java:903)
scm_1       | 	at org.apache.hadoop.ipc.Server$RpcCall.run(Server.java:1060)
scm_1       | 	at org.apache.hadoop.ipc.Server$RpcCall.run(Server.java:971)
scm_1       | 	at java.base/java.security.AccessController.doPrivileged(Native Method)
scm_1       | 	at java.base/javax.security.auth.Subject.doAs(Subject.java:423)
scm_1       | 	at org.apache.hadoop.security.UserGroupInformation.doAs(UserGroupInformation.java:1878)
scm_1       | 	at org.apache.hadoop.ipc.Server$Handler.run(Server.java:2976)
scm_1       | 2022-10-23 13:23:23,705 [IPC Server handler 4 on default port 9861] INFO ipc.Server: IPC Server handler 4 on default port 9861 caught an exception
scm_1       | java.nio.channels.ClosedChannelException
scm_1       | 	at java.base/sun.nio.ch.SocketChannelImpl.ensureOpenAndConnected(SocketChannelImpl.java:180)
scm_1       | 	at java.base/sun.nio.ch.SocketChannelImpl.write(SocketChannelImpl.java:452)
scm_1       | 	at org.apache.hadoop.ipc.Server.channelWrite(Server.java:3619)
scm_1       | 	at org.apache.hadoop.ipc.Server.access$1700(Server.java:144)
scm_1       | 	at org.apache.hadoop.ipc.Server$Responder.processResponse(Server.java:1672)
scm_1       | 	at org.apache.hadoop.ipc.Server$Responder.doRespond(Server.java:1742)
scm_1       | 	at org.apache.hadoop.ipc.Server$Connection.sendResponse(Server.java:2847)
scm_1       | 	at org.apache.hadoop.ipc.Server$Connection.access$300(Server.java:1814)
scm_1       | 	at org.apache.hadoop.ipc.Server$RpcCall.doResponse(Server.java:1125)
scm_1       | 	at org.apache.hadoop.ipc.Server$Call.doResponse(Server.java:917)
scm_1       | 	at org.apache.hadoop.ipc.Server$Call.sendResponse(Server.java:903)
