datanode_2  | 2021-08-17 21:29:17,175 [38a33780-7943-46a8-b372-adc7908e5950@group-ED8E1F9F821D-FollowerState] INFO server.RaftServerConfigKeys: raft.server.leaderelection.pre-vote = false (custom)
scm_1       | 2021-08-17 21:29:12,020 [EventQueue-OpenPipelineForHealthyPipelineSafeModeRule] INFO safemode.SCMSafeModeManager: SCM in safe mode. Healthy pipelines reported count is 0, required healthy pipeline reported count is 1
nm_1        | 2021-08-17 21:30:50 INFO  DefaultContainerExecutor:165 - Copying from /tmp/hadoop-hadoop/nm-local-dir/nmPrivate/container_1629235733290_0001_01_00000117b56062adf.tokens to /tmp/hadoop-hadoop/nm-local-dir/usercache/hadoop/appcache/application_1629235733290_0001/container_1629235733290_0001_01_000001.tokens
datanode_3  | 2021-08-17 21:29:12,595 [pool-22-thread-1] INFO server.RaftServerConfigKeys: raft.server.retrycache.statistics.expirytime = 100?s (default)
om_1        | 2021-08-17 21:29:33,683 [om1@group-C5BA1605619E-LeaderElection1] INFO impl.LeaderElection: om1@group-C5BA1605619E-LeaderElection1 ELECTION round 0: submit vote requests at term 1 for -1: [om1|rpc:om:9872|priority:0], old=null
rm_1        | 2021-08-17 21:28:53 INFO  ResourceManager:1313 - Transitioning to active state
datanode_2  | 2021-08-17 21:29:17,175 [38a33780-7943-46a8-b372-adc7908e5950@group-ED8E1F9F821D-FollowerState] INFO impl.RoleInfo: 38a33780-7943-46a8-b372-adc7908e5950: start 38a33780-7943-46a8-b372-adc7908e5950@group-ED8E1F9F821D-LeaderElection1
scm_1       | 2021-08-17 21:29:12,219 [EventQueue-OpenPipelineForHealthyPipelineSafeModeRule] INFO safemode.SCMSafeModeManager: SCM in safe mode. Healthy pipelines reported count is 0, required healthy pipeline reported count is 1
nm_1        | 2021-08-17 21:30:50 INFO  DefaultContainerExecutor:173 - Localizer CWD set to /tmp/hadoop-hadoop/nm-local-dir/usercache/hadoop/appcache/application_1629235733290_0001 = file:/tmp/hadoop-hadoop/nm-local-dir/usercache/hadoop/appcache/application_1629235733290_0001
datanode_3  | 2021-08-17 21:29:12,597 [pool-22-thread-1] INFO server.RaftServer$Division: cda29e8f-8df9-4ea3-90b7-fbe32b355c31@group-101252E3F097: start as a follower, conf=-1: [d2285bcf-0baa-487b-b1c9-7d30f9b90f7d|rpc:172.23.0.2:9856|admin:172.23.0.2:9857|client:172.23.0.2:9858|priority:0, 38a33780-7943-46a8-b372-adc7908e5950|rpc:172.23.0.6:9856|admin:172.23.0.6:9857|client:172.23.0.6:9858|priority:1, cda29e8f-8df9-4ea3-90b7-fbe32b355c31|rpc:172.23.0.4:9856|admin:172.23.0.4:9857|client:172.23.0.4:9858|priority:0], old=null
om_1        | 2021-08-17 21:29:33,683 [om1@group-C5BA1605619E-LeaderElection1] INFO impl.LeaderElection: om1@group-C5BA1605619E-LeaderElection1 ELECTION round 0: result PASSED (term=1)
rm_1        | 2021-08-17 21:28:53 INFO  Server:1334 - IPC Server listener on 8033: starting
datanode_2  | 2021-08-17 21:29:17,196 [38a33780-7943-46a8-b372-adc7908e5950@group-ED8E1F9F821D-LeaderElection1] INFO impl.LeaderElection: 38a33780-7943-46a8-b372-adc7908e5950@group-ED8E1F9F821D-LeaderElection1 ELECTION round 0: submit vote requests at term 1 for -1: [38a33780-7943-46a8-b372-adc7908e5950|rpc:172.23.0.6:9856|admin:172.23.0.6:9857|client:172.23.0.6:9858|priority:1], old=null
scm_1       | 2021-08-17 21:29:12,590 [EventQueue-OpenPipelineForHealthyPipelineSafeModeRule] INFO safemode.SCMSafeModeManager: SCM in safe mode. Healthy pipelines reported count is 0, required healthy pipeline reported count is 1
nm_1        | 2021-08-17 21:30:50 WARN  MetricsSystemImpl:151 - NodeManager metrics system already initialized!
datanode_3  | 2021-08-17 21:29:12,598 [pool-22-thread-1] INFO server.RaftServer$Division: cda29e8f-8df9-4ea3-90b7-fbe32b355c31@group-101252E3F097: changes role from      null to FOLLOWER at term 0 for startAsFollower
om_1        | 2021-08-17 21:29:33,684 [om1@group-C5BA1605619E-LeaderElection1] INFO impl.RoleInfo: om1: shutdown om1@group-C5BA1605619E-LeaderElection1
rm_1        | 2021-08-17 21:28:53 INFO  RMStateStore:551 - Updating AMRMToken
datanode_2  | 2021-08-17 21:29:17,196 [38a33780-7943-46a8-b372-adc7908e5950@group-ED8E1F9F821D-LeaderElection1] INFO impl.LeaderElection: 38a33780-7943-46a8-b372-adc7908e5950@group-ED8E1F9F821D-LeaderElection1 ELECTION round 0: result PASSED (term=1)
scm_1       | 2021-08-17 21:29:12,734 [EventQueue-OpenPipelineForHealthyPipelineSafeModeRule] INFO safemode.SCMSafeModeManager: SCM in safe mode. Healthy pipelines reported count is 0, required healthy pipeline reported count is 1
nm_1        | 2021-08-17 21:30:52 INFO  ContainerImpl:2175 - Container container_1629235733290_0001_01_000001 transitioned from LOCALIZING to SCHEDULED
datanode_3  | 2021-08-17 21:29:12,598 [pool-22-thread-1] INFO impl.RoleInfo: cda29e8f-8df9-4ea3-90b7-fbe32b355c31: start cda29e8f-8df9-4ea3-90b7-fbe32b355c31@group-101252E3F097-FollowerState
om_1        | 2021-08-17 21:29:33,684 [om1@group-C5BA1605619E-LeaderElection1] INFO server.RaftServer$Division: om1@group-C5BA1605619E: changes role from CANDIDATE to LEADER at term 1 for changeToLeader
rm_1        | 2021-08-17 21:28:53 INFO  RMContainerTokenSecretManager:109 - Rolling master-key for container-tokens
datanode_2  | 2021-08-17 21:29:17,197 [38a33780-7943-46a8-b372-adc7908e5950@group-ED8E1F9F821D-LeaderElection1] INFO impl.RoleInfo: 38a33780-7943-46a8-b372-adc7908e5950: shutdown 38a33780-7943-46a8-b372-adc7908e5950@group-ED8E1F9F821D-LeaderElection1
scm_1       | 2021-08-17 21:29:15,002 [EventQueue-OpenPipelineForHealthyPipelineSafeModeRule] INFO safemode.SCMSafeModeManager: SCM in safe mode. Healthy pipelines reported count is 0, required healthy pipeline reported count is 1
nm_1        | 2021-08-17 21:30:52 INFO  ContainerScheduler:542 - Starting container [container_1629235733290_0001_01_000001]
datanode_3  | 2021-08-17 21:29:12,623 [pool-22-thread-1] INFO util.JmxRegister: Successfully registered JMX Bean with object name Ratis:service=RaftServer,group=group-101252E3F097,id=cda29e8f-8df9-4ea3-90b7-fbe32b355c31
om_1        | 2021-08-17 21:29:33,684 [om1@group-C5BA1605619E-LeaderElection1] INFO server.RaftServer$Division: om1@group-C5BA1605619E: change Leader from null to om1 at term 1 for becomeLeader, leader elected after 5877ms
rm_1        | 2021-08-17 21:28:53 INFO  NMTokenSecretManagerInRM:95 - Rolling master-key for nm-tokens
datanode_2  | 2021-08-17 21:29:17,197 [38a33780-7943-46a8-b372-adc7908e5950@group-ED8E1F9F821D-LeaderElection1] INFO server.RaftServer$Division: 38a33780-7943-46a8-b372-adc7908e5950@group-ED8E1F9F821D: changes role from CANDIDATE to LEADER at term 1 for changeToLeader
scm_1       | 2021-08-17 21:29:15,053 [EventQueue-OpenPipelineForHealthyPipelineSafeModeRule] INFO safemode.SCMSafeModeManager: SCM in safe mode. Healthy pipelines reported count is 0, required healthy pipeline reported count is 1
nm_1        | 2021-08-17 21:30:52 INFO  ContainerImpl:2175 - Container container_1629235733290_0001_01_000001 transitioned from SCHEDULED to RUNNING
datanode_3  | 2021-08-17 21:29:12,626 [Command processor thread] INFO ratis.XceiverServerRatis: Created group PipelineID=c4e5e498-4884-4477-b249-101252e3f097
om_1        | 2021-08-17 21:29:33,689 [om1@group-C5BA1605619E-LeaderElection1] INFO server.RaftServerConfigKeys: raft.server.staging.catchup.gap = 1000 (default)
rm_1        | 2021-08-17 21:28:53 INFO  AbstractDelegationTokenSecretManager:347 - Updating the current master key for generating delegation tokens
datanode_2  | 2021-08-17 21:29:17,198 [38a33780-7943-46a8-b372-adc7908e5950@group-ED8E1F9F821D-LeaderElection1] INFO ratis.XceiverServerRatis: Leader change notification received for group: group-ED8E1F9F821D with new leaderId: 38a33780-7943-46a8-b372-adc7908e5950
scm_1       | 2021-08-17 21:29:15,092 [EventQueue-OpenPipelineForHealthyPipelineSafeModeRule] INFO safemode.SCMSafeModeManager: SCM in safe mode. Healthy pipelines reported count is 0, required healthy pipeline reported count is 1
nm_1        | 2021-08-17 21:30:52 INFO  ContainersMonitorImpl:1121 - Starting resource-monitoring for container_1629235733290_0001_01_000001
datanode_3  | 2021-08-17 21:29:15,011 [Command processor thread] INFO commandhandler.CreatePipelineCommandHandler: Created Pipeline RATIS THREE PipelineID=c4e5e498-4884-4477-b249-101252e3f097.
om_1        | 2021-08-17 21:29:33,694 [om1@group-C5BA1605619E-LeaderElection1] INFO server.RaftServerConfigKeys: raft.server.write.element-limit = 4096 (default)
rm_1        | 2021-08-17 21:28:53 INFO  RMDelegationTokenSecretManager:92 - storing master key with keyID 1
datanode_2  | 2021-08-17 21:29:17,198 [38a33780-7943-46a8-b372-adc7908e5950@group-ED8E1F9F821D-LeaderElection1] INFO server.RaftServer$Division: 38a33780-7943-46a8-b372-adc7908e5950@group-ED8E1F9F821D: change Leader from null to 38a33780-7943-46a8-b372-adc7908e5950 at term 1 for becomeLeader, leader elected after 5973ms
scm_1       | 2021-08-17 21:29:17,215 [EventQueue-OpenPipelineForHealthyPipelineSafeModeRule] INFO safemode.SCMSafeModeManager: SCM in safe mode. Healthy pipelines reported count is 0, required healthy pipeline reported count is 1
nm_1        | 2021-08-17 21:30:52 INFO  DefaultContainerExecutor:370 - launchContainer: [bash, /tmp/hadoop-hadoop/nm-local-dir/usercache/hadoop/appcache/application_1629235733290_0001/container_1629235733290_0001_01_000001/default_container_executor.sh]
datanode_3  | 2021-08-17 21:29:15,011 [Command processor thread] INFO server.RaftServer: cda29e8f-8df9-4ea3-90b7-fbe32b355c31: addNew group-BECFA8AAC455:[d2285bcf-0baa-487b-b1c9-7d30f9b90f7d|rpc:172.23.0.2:9856|admin:172.23.0.2:9857|client:172.23.0.2:9858|priority:0, 38a33780-7943-46a8-b372-adc7908e5950|rpc:172.23.0.6:9856|admin:172.23.0.6:9857|client:172.23.0.6:9858|priority:0, cda29e8f-8df9-4ea3-90b7-fbe32b355c31|rpc:172.23.0.4:9856|admin:172.23.0.4:9857|client:172.23.0.4:9858|priority:1] returns group-BECFA8AAC455:java.util.concurrent.CompletableFuture@7acfe423[Not completed]
om_1        | 2021-08-17 21:29:33,695 [om1@group-C5BA1605619E-LeaderElection1] INFO server.RaftServerConfigKeys: raft.server.write.byte-limit = 64MB (=67108864) (default)
rm_1        | 2021-08-17 21:28:53 INFO  RMStateStore:502 - Storing RMDTMasterKey.
datanode_2  | 2021-08-17 21:29:17,199 [Datanode State Machine Thread - 0] WARN statemachine.StateContext: No available thread in pool for past 30 seconds.
scm_1       | 2021-08-17 21:29:17,627 [EventQueue-OpenPipelineForHealthyPipelineSafeModeRule] INFO safemode.SCMSafeModeManager: SCM in safe mode. Healthy pipelines reported count is 0, required healthy pipeline reported count is 1
nm_1        | 2021-08-17 21:30:54 INFO  ContainersMonitorImpl:650 - container_1629235733290_0001_01_000001's ip = 172.23.0.5, and hostname = nm
om_1        | 2021-08-17 21:29:33,704 [om1@group-C5BA1605619E-LeaderElection1] INFO server.RaftServerConfigKeys: raft.server.watch.timeout = 10s (default)
datanode_3  | 2021-08-17 21:29:15,012 [pool-22-thread-1] INFO server.RaftServer$Division: cda29e8f-8df9-4ea3-90b7-fbe32b355c31: new RaftServerImpl for group-BECFA8AAC455:[d2285bcf-0baa-487b-b1c9-7d30f9b90f7d|rpc:172.23.0.2:9856|admin:172.23.0.2:9857|client:172.23.0.2:9858|priority:0, 38a33780-7943-46a8-b372-adc7908e5950|rpc:172.23.0.6:9856|admin:172.23.0.6:9857|client:172.23.0.6:9858|priority:0, cda29e8f-8df9-4ea3-90b7-fbe32b355c31|rpc:172.23.0.4:9856|admin:172.23.0.4:9857|client:172.23.0.4:9858|priority:1] with ContainerStateMachine:uninitialized
rm_1        | 2021-08-17 21:28:53 INFO  AbstractDelegationTokenSecretManager:679 - Starting expired delegation token remover thread, tokenRemoverScanInterval=60 min(s)
datanode_2  | 2021-08-17 21:29:17,216 [38a33780-7943-46a8-b372-adc7908e5950@group-ED8E1F9F821D-LeaderElection1] INFO server.RaftServerConfigKeys: raft.server.staging.catchup.gap = 1000 (default)
scm_1       | 2021-08-17 21:29:17,628 [EventQueue-OpenPipelineForHealthyPipelineSafeModeRule] INFO safemode.SCMSafeModeManager: SCM in safe mode. Healthy pipelines reported count is 0, required healthy pipeline reported count is 1
nm_1        | 2021-08-17 21:30:54 INFO  ContainersMonitorImpl:551 - Skipping monitoring container container_1629235733290_0001_01_000001 since CPU usage is not yet available.
nm_1        | 2021-08-17 21:31:01 INFO  Server:2051 - Auth successful for appattempt_1629235733290_0001_000001 (auth:SIMPLE) from 172.23.0.5:57968
datanode_3  | 2021-08-17 21:29:15,013 [pool-22-thread-1] INFO server.RaftServerConfigKeys: raft.server.rpc.timeout.min = 5s (custom)
rm_1        | 2021-08-17 21:28:53 INFO  AsyncDispatcher:245 - Registering class org.apache.hadoop.yarn.nodelabels.event.NodeLabelsStoreEventType for class org.apache.hadoop.yarn.nodelabels.CommonNodeLabelsManager$ForwardingEventHandler
datanode_2  | 2021-08-17 21:29:17,225 [38a33780-7943-46a8-b372-adc7908e5950@group-ED8E1F9F821D-LeaderElection1] INFO server.RaftServerConfigKeys: raft.server.write.element-limit = 1024 (custom)
nm_1        | 2021-08-17 21:31:01 INFO  ContainerManagerImpl:1087 - Start request for container_1629235733290_0001_01_000002 by user hadoop
om_1        | 2021-08-17 21:29:33,705 [om1@group-C5BA1605619E-LeaderElection1] INFO server.RaftServerConfigKeys: raft.server.watch.timeout.denomination = 1s (default)
scm_1       | 2021-08-17 21:29:17,628 [EventQueue-PipelineReportForPipelineReportHandler] INFO pipeline.PipelineManagerImpl: Pipeline Pipeline[ Id: c4e5e498-4884-4477-b249-101252e3f097, Nodes: 38a33780-7943-46a8-b372-adc7908e5950{ip: 172.23.0.6, host: hadoop32_datanode_2.hadoop32_default, ports: [REPLICATION=9886, RATIS=9858, RATIS_ADMIN=9857, RATIS_SERVER=9856, STANDALONE=9859], networkLocation: /default-rack, certSerialId: null, persistedOpState: IN_SERVICE, persistedOpStateExpiryEpochSec: 0}cda29e8f-8df9-4ea3-90b7-fbe32b355c31{ip: 172.23.0.4, host: hadoop32_datanode_3.hadoop32_default, ports: [REPLICATION=9886, RATIS=9858, RATIS_ADMIN=9857, RATIS_SERVER=9856, STANDALONE=9859], networkLocation: /default-rack, certSerialId: null, persistedOpState: IN_SERVICE, persistedOpStateExpiryEpochSec: 0}d2285bcf-0baa-487b-b1c9-7d30f9b90f7d{ip: 172.23.0.2, host: hadoop32_datanode_1.hadoop32_default, ports: [REPLICATION=9886, RATIS=9858, RATIS_ADMIN=9857, RATIS_SERVER=9856, STANDALONE=9859], networkLocation: /default-rack, certSerialId: null, persistedOpState: IN_SERVICE, persistedOpStateExpiryEpochSec: 0}, ReplicationConfig: RATIS/THREE, State:ALLOCATED, leaderId:38a33780-7943-46a8-b372-adc7908e5950, CreationTimestamp2021-08-17T21:29:08.735Z[UTC]] moved to OPEN state
datanode_3  | 2021-08-17 21:29:15,013 [pool-22-thread-1] INFO server.RaftServerConfigKeys: raft.server.rpc.timeout.max = 5200ms (custom)
rm_1        | 2021-08-17 21:28:53 INFO  AbstractDelegationTokenSecretManager:347 - Updating the current master key for generating delegation tokens
datanode_2  | 2021-08-17 21:29:17,226 [38a33780-7943-46a8-b372-adc7908e5950@group-ED8E1F9F821D-LeaderElection1] INFO server.RaftServerConfigKeys: raft.server.write.byte-limit = 1024 M (=1073741824) (custom)
nm_1        | 2021-08-17 21:31:01 INFO  ApplicationImpl:463 - Adding container_1629235733290_0001_01_000002 to application application_1629235733290_0001
om_1        | 2021-08-17 21:29:33,705 [om1@group-C5BA1605619E-LeaderElection1] INFO server.RaftServerConfigKeys: raft.server.watch.element-limit = 65536 (default)
scm_1       | 2021-08-17 21:29:17,704 [EventQueue-OpenPipelineForHealthyPipelineSafeModeRule] INFO safemode.SCMSafeModeManager: SCM in safe mode. Healthy pipelines reported count is 1, required healthy pipeline reported count is 1
datanode_3  | 2021-08-17 21:29:15,013 [pool-22-thread-1] INFO server.RaftServerConfigKeys: raft.server.rpc.sleep.time = 25ms (default)
rm_1        | 2021-08-17 21:28:53 INFO  RMDelegationTokenSecretManager:92 - storing master key with keyID 2
datanode_2  | 2021-08-17 21:29:17,234 [38a33780-7943-46a8-b372-adc7908e5950@group-ED8E1F9F821D-LeaderElection1] INFO server.RaftServerConfigKeys: raft.server.watch.timeout = 180s (custom)
nm_1        | 2021-08-17 21:31:01 INFO  NMAuditLogger:94 - USER=hadoop	IP=172.23.0.5	OPERATION=Start Container Request	TARGET=ContainerManageImpl	RESULT=SUCCESS	APPID=application_1629235733290_0001	CONTAINERID=container_1629235733290_0001_01_000002
om_1        | 2021-08-17 21:29:33,711 [om1@group-C5BA1605619E-LeaderElection1] INFO impl.RoleInfo: om1: start om1@group-C5BA1605619E-LeaderStateImpl
scm_1       | 2021-08-17 21:29:17,704 [EventQueue-OpenPipelineForHealthyPipelineSafeModeRule] INFO safemode.SCMSafeModeManager: HealthyPipelineSafeModeRule rule is successfully validated
datanode_3  | 2021-08-17 21:29:15,013 [pool-22-thread-1] INFO server.RaftServerConfigKeys: raft.server.rpc.slowness.timeout = 300s (custom)
rm_1        | 2021-08-17 21:28:53 INFO  RMStateStore:502 - Storing RMDTMasterKey.
datanode_2  | 2021-08-17 21:29:17,235 [38a33780-7943-46a8-b372-adc7908e5950@group-ED8E1F9F821D-LeaderElection1] INFO server.RaftServerConfigKeys: raft.server.watch.timeout.denomination = 1s (default)
nm_1        | 2021-08-17 21:31:01 INFO  ContainerImpl:2175 - Container container_1629235733290_0001_01_000002 transitioned from NEW to LOCALIZING
om_1        | 2021-08-17 21:29:33,734 [om1@group-C5BA1605619E-LeaderElection1] INFO segmented.SegmentedRaftLogWorker: om1@group-C5BA1605619E-SegmentedRaftLogWorker: Starting segment from index:0
scm_1       | 2021-08-17 21:29:17,704 [EventQueue-OpenPipelineForHealthyPipelineSafeModeRule] INFO safemode.SCMSafeModeManager: ScmSafeModeManager, all rules are successfully validated
datanode_3  | 2021-08-17 21:29:15,013 [pool-22-thread-1] INFO server.RaftServerConfigKeys: raft.server.leaderelection.leader.step-down.wait-time = 10s (default)
rm_1        | 2021-08-17 21:28:54 INFO  AbstractFSNodeStore:67 - Created store directory :file:/tmp/hadoop-yarn-hadoop/node-attribute
datanode_2  | 2021-08-17 21:29:17,236 [38a33780-7943-46a8-b372-adc7908e5950@group-ED8E1F9F821D-LeaderElection1] INFO server.RaftServerConfigKeys: raft.server.watch.element-limit = 65536 (default)
nm_1        | 2021-08-17 21:31:01 INFO  AuxServices:350 - Got event CONTAINER_INIT for appId application_1629235733290_0001
om_1        | 2021-08-17 21:29:33,765 [om1@group-C5BA1605619E-LeaderElection1] INFO server.RaftServer$Division: om1@group-C5BA1605619E: set configuration 0: [om1|rpc:om:9872|admin:|client:|dataStream:|priority:0], old=null
scm_1       | 2021-08-17 21:29:17,704 [EventQueue-OpenPipelineForHealthyPipelineSafeModeRule] INFO safemode.SCMSafeModeManager: SCM exiting safe mode.
scm_1       | 2021-08-17 21:29:17,704 [EventQueue-OpenPipelineForHealthyPipelineSafeModeRule] WARN events.EventQueue: No event handler registered for event TypedEvent{payloadType=SafeModeStatus, name='Safe mode status'}
rm_1        | 2021-08-17 21:28:54 INFO  AbstractFSNodeStore:181 - Finished write mirror at:file:/tmp/hadoop-yarn-hadoop/node-attribute/nodeattribute.mirror
datanode_2  | 2021-08-17 21:29:17,241 [38a33780-7943-46a8-b372-adc7908e5950@group-ED8E1F9F821D-LeaderElection1] INFO impl.RoleInfo: 38a33780-7943-46a8-b372-adc7908e5950: start 38a33780-7943-46a8-b372-adc7908e5950@group-ED8E1F9F821D-LeaderStateImpl
nm_1        | 2021-08-17 21:31:01 INFO  AuxServices:350 - Got event APPLICATION_INIT for appId application_1629235733290_0001
scm_1       | 2021-08-17 21:29:17,704 [EventQueue-OpenPipelineForHealthyPipelineSafeModeRule] INFO ha.SCMContext: Update SafeModeStatus from SafeModeStatus{safeModeStatus=true, preCheckPassed=true} to SafeModeStatus{safeModeStatus=false, preCheckPassed=true}.
datanode_3  | 2021-08-17 21:29:15,014 [pool-22-thread-1] INFO server.RaftServerConfigKeys: raft.server.sleep.deviation.threshold = 300ms (default)
om_1        | 2021-08-17 21:29:33,834 [om1@group-C5BA1605619E-SegmentedRaftLogWorker] INFO segmented.SegmentedRaftLogWorker: om1@group-C5BA1605619E-SegmentedRaftLogWorker: created new log segment /data/metadata/ratis/bf265839-605b-3f16-9796-c5ba1605619e/current/log_inprogress_0
rm_1        | 2021-08-17 21:28:54 INFO  AbstractFSNodeStore:182 - Finished create editlog file at:file:/tmp/hadoop-yarn-hadoop/node-attribute/nodeattribute.editlog
datanode_2  | 2021-08-17 21:29:17,278 [38a33780-7943-46a8-b372-adc7908e5950@group-ED8E1F9F821D-LeaderElection1] INFO segmented.SegmentedRaftLogWorker: 38a33780-7943-46a8-b372-adc7908e5950@group-ED8E1F9F821D-SegmentedRaftLogWorker: Starting segment from index:0
nm_1        | 2021-08-17 21:31:01 INFO  AuxServices:354 - Got APPLICATION_INIT for service mapreduce_shuffle
scm_1       | 2021-08-17 21:29:17,704 [EventQueue-OpenPipelineForHealthyPipelineSafeModeRule] INFO pipeline.BackgroundPipelineCreator: Service BackgroundPipelineCreator transitions to RUNNING.
datanode_3  | 2021-08-17 21:29:15,014 [pool-22-thread-1] INFO server.RaftServerConfigKeys: raft.server.log.appender.install.snapshot.enabled = false (custom)
om_1        | 2021-08-17 21:29:33,902 [om1@group-C5BA1605619E-StateMachineUpdater] INFO ratis.OzoneManagerStateMachine: Received Configuration change notification from Ratis. New Peer list:
rm_1        | 2021-08-17 21:28:54 INFO  AsyncDispatcher:245 - Registering class org.apache.hadoop.yarn.server.resourcemanager.nodelabels.NodeAttributesStoreEventType for class org.apache.hadoop.yarn.server.resourcemanager.nodelabels.NodeAttributesManagerImpl$ForwardingEventHandler
datanode_2  | 2021-08-17 21:29:17,372 [38a33780-7943-46a8-b372-adc7908e5950@group-ED8E1F9F821D-LeaderElection1] INFO server.RaftServer$Division: 38a33780-7943-46a8-b372-adc7908e5950@group-ED8E1F9F821D: set configuration 0: [38a33780-7943-46a8-b372-adc7908e5950|rpc:172.23.0.6:9856|admin:172.23.0.6:9857|client:172.23.0.6:9858|dataStream:|priority:1], old=null
nm_1        | 2021-08-17 21:31:01 INFO  ShuffleHandler:719 - Added token for job_1629235733290_0001
scm_1       | 2021-08-17 21:29:17,707 [EventQueue-OpenPipelineForHealthyPipelineSafeModeRule] INFO container.ReplicationManager: Service ReplicationManager transitions to RUNNING.
datanode_3  | 2021-08-17 21:29:15,014 [pool-22-thread-1] INFO server.RaftServer$Division: cda29e8f-8df9-4ea3-90b7-fbe32b355c31@group-BECFA8AAC455: ConfigurationManager, init=-1: [d2285bcf-0baa-487b-b1c9-7d30f9b90f7d|rpc:172.23.0.2:9856|admin:172.23.0.2:9857|client:172.23.0.2:9858|priority:0, 38a33780-7943-46a8-b372-adc7908e5950|rpc:172.23.0.6:9856|admin:172.23.0.6:9857|client:172.23.0.6:9858|priority:0, cda29e8f-8df9-4ea3-90b7-fbe32b355c31|rpc:172.23.0.4:9856|admin:172.23.0.4:9857|client:172.23.0.4:9858|priority:1], old=null, confs=<EMPTY_MAP>
om_1        | [id: "om1"
rm_1        | 2021-08-17 21:28:54 INFO  MultiNodeSortingManager:66 - Starting NodeSortingService=MultiNodeSortingManager
datanode_2  | 2021-08-17 21:29:17,396 [38a33780-7943-46a8-b372-adc7908e5950@group-101252E3F097-FollowerState] INFO impl.FollowerState: 38a33780-7943-46a8-b372-adc7908e5950@group-101252E3F097-FollowerState: change to CANDIDATE, lastRpcElapsedTime:5041776725ns, electionTimeout:5023ms
nm_1        | 2021-08-17 21:31:01 INFO  ContainerImpl:2175 - Container container_1629235733290_0001_01_000002 transitioned from LOCALIZING to SCHEDULED
scm_1       | 2021-08-17 21:29:20,341 [EventQueue-PipelineReportForPipelineReportHandler] INFO pipeline.PipelineManagerImpl: Pipeline Pipeline[ Id: 3bb0404e-8828-4b88-9c9b-becfa8aac455, Nodes: 38a33780-7943-46a8-b372-adc7908e5950{ip: 172.23.0.6, host: hadoop32_datanode_2.hadoop32_default, ports: [REPLICATION=9886, RATIS=9858, RATIS_ADMIN=9857, RATIS_SERVER=9856, STANDALONE=9859], networkLocation: /default-rack, certSerialId: null, persistedOpState: IN_SERVICE, persistedOpStateExpiryEpochSec: 0}cda29e8f-8df9-4ea3-90b7-fbe32b355c31{ip: 172.23.0.4, host: hadoop32_datanode_3.hadoop32_default, ports: [REPLICATION=9886, RATIS=9858, RATIS_ADMIN=9857, RATIS_SERVER=9856, STANDALONE=9859], networkLocation: /default-rack, certSerialId: null, persistedOpState: IN_SERVICE, persistedOpStateExpiryEpochSec: 0}d2285bcf-0baa-487b-b1c9-7d30f9b90f7d{ip: 172.23.0.2, host: hadoop32_datanode_1.hadoop32_default, ports: [REPLICATION=9886, RATIS=9858, RATIS_ADMIN=9857, RATIS_SERVER=9856, STANDALONE=9859], networkLocation: /default-rack, certSerialId: null, persistedOpState: IN_SERVICE, persistedOpStateExpiryEpochSec: 0}, ReplicationConfig: RATIS/THREE, State:ALLOCATED, leaderId:cda29e8f-8df9-4ea3-90b7-fbe32b355c31, CreationTimestamp2021-08-17T21:29:08.741Z[UTC]] moved to OPEN state
datanode_3  | 2021-08-17 21:29:15,014 [pool-22-thread-1] INFO server.RaftServerConfigKeys: raft.server.storage.dir = [/data/metadata/ratis] (custom)
om_1        | address: "om:9872"
rm_1        | 2021-08-17 21:28:54 INFO  CallQueueManager:85 - Using callQueue: class java.util.concurrent.LinkedBlockingQueue, queueCapacity: 5000, scheduler: class org.apache.hadoop.ipc.DefaultRpcScheduler, ipcBackoff: false.
datanode_2  | 2021-08-17 21:29:17,399 [38a33780-7943-46a8-b372-adc7908e5950@group-101252E3F097-FollowerState] INFO impl.RoleInfo: 38a33780-7943-46a8-b372-adc7908e5950: shutdown 38a33780-7943-46a8-b372-adc7908e5950@group-101252E3F097-FollowerState
nm_1        | 2021-08-17 21:31:01 INFO  ContainerScheduler:542 - Starting container [container_1629235733290_0001_01_000002]
scm_1       | 2021-08-17 21:29:55,970 [IPC Server handler 0 on default port 9863] INFO ha.SequenceIdGenerator: Allocate a batch for containerId, change lastId from 0 to 1000.
datanode_3  | 2021-08-17 21:29:15,014 [pool-22-thread-1] INFO server.RaftServerConfigKeys: raft.server.log.corruption.policy = EXCEPTION (default)
om_1        | ]
rm_1        | 2021-08-17 21:28:54 INFO  Server:1255 - Starting Socket Reader #1 for port 8031
datanode_2  | 2021-08-17 21:29:17,401 [38a33780-7943-46a8-b372-adc7908e5950@group-101252E3F097-FollowerState] INFO server.RaftServer$Division: 38a33780-7943-46a8-b372-adc7908e5950@group-101252E3F097: changes role from  FOLLOWER to CANDIDATE at term 0 for changeToCandidate
nm_1        | 2021-08-17 21:31:01 INFO  ContainerImpl:2175 - Container container_1629235733290_0001_01_000002 transitioned from SCHEDULED to RUNNING
scm_1       | 2021-08-17 21:29:56,018 [IPC Server handler 0 on default port 9863] WARN ha.SequenceIdGenerator: Failed to allocate a batch for localId, expected lastId is 0, actual lastId is 107544261427200000.
datanode_3  | 2021-08-17 21:29:15,014 [pool-22-thread-1] INFO server.RaftServerConfigKeys: raft.server.storage.free-space.min = 0MB (=0) (default)
om_1        | 2021-08-17 21:29:40,970 [OM StateMachine ApplyTransaction Thread - 0] INFO volume.OMVolumeCreateRequest: created volume:volume1 for user:hadoop
rm_1        | 2021-08-17 21:28:54 INFO  RpcServerFactoryPBImpl:173 - Adding protocol org.apache.hadoop.yarn.server.api.ResourceTrackerPB to the server
nm_1        | 2021-08-17 21:31:01 INFO  ContainersMonitorImpl:1121 - Starting resource-monitoring for container_1629235733290_0001_01_000002
datanode_2  | 2021-08-17 21:29:17,401 [38a33780-7943-46a8-b372-adc7908e5950@group-101252E3F097-FollowerState] INFO server.RaftServerConfigKeys: raft.server.leaderelection.pre-vote = false (custom)
scm_1       | 2021-08-17 21:29:56,018 [IPC Server handler 0 on default port 9863] INFO ha.SequenceIdGenerator: Allocate a batch for localId, change lastId from 107544261427200000 to 107544261427201000.
datanode_3  | 2021-08-17 21:29:15,015 [pool-22-thread-1] INFO storage.RaftStorageDirectory: The storage directory /data/metadata/ratis/3bb0404e-8828-4b88-9c9b-becfa8aac455 does not exist. Creating ...
om_1        | 2021-08-17 21:30:54,642 [OM StateMachine ApplyTransaction Thread - 0] INFO volume.OMVolumeCreateRequest: created volume:user for user:hadoop
rm_1        | 2021-08-17 21:28:54 INFO  Server:1497 - IPC Server Responder: starting
nm_1        | 2021-08-17 21:31:01 INFO  DefaultContainerExecutor:370 - launchContainer: [bash, /tmp/hadoop-hadoop/nm-local-dir/usercache/hadoop/appcache/application_1629235733290_0001/container_1629235733290_0001_01_000002/default_container_executor.sh]
datanode_2  | 2021-08-17 21:29:17,401 [38a33780-7943-46a8-b372-adc7908e5950@group-101252E3F097-FollowerState] INFO impl.RoleInfo: 38a33780-7943-46a8-b372-adc7908e5950: start 38a33780-7943-46a8-b372-adc7908e5950@group-101252E3F097-LeaderElection2
scm_1       | 2021-08-17 21:31:28,960 [IPC Server handler 0 on default port 9863] INFO ha.SequenceIdGenerator: Allocate a batch for delTxnId, change lastId from 0 to 1000.
datanode_3  | 2021-08-17 21:29:15,017 [pool-22-thread-1] INFO storage.RaftStorageDirectory: Lock on /data/metadata/ratis/3bb0404e-8828-4b88-9c9b-becfa8aac455/in_use.lock acquired by nodename 7@00aea64f2d91
om_1        | 2021-08-17 21:30:54,712 [OM StateMachine ApplyTransaction Thread - 0] ERROR volume.OMVolumeCreateRequest: Volume creation failed for user:hadoop volume:user
rm_1        | 2021-08-17 21:28:54 INFO  Server:1334 - IPC Server listener on 8031: starting
nm_1        | 2021-08-17 21:31:03 INFO  ContainersMonitorImpl:650 - container_1629235733290_0001_01_000002's ip = 172.23.0.5, and hostname = nm
datanode_2  | 2021-08-17 21:29:17,433 [38a33780-7943-46a8-b372-adc7908e5950@group-101252E3F097-LeaderElection2] INFO impl.LeaderElection: 38a33780-7943-46a8-b372-adc7908e5950@group-101252E3F097-LeaderElection2 ELECTION round 0: submit vote requests at term 1 for -1: [d2285bcf-0baa-487b-b1c9-7d30f9b90f7d|rpc:172.23.0.2:9856|admin:172.23.0.2:9857|client:172.23.0.2:9858|priority:0, 38a33780-7943-46a8-b372-adc7908e5950|rpc:172.23.0.6:9856|admin:172.23.0.6:9857|client:172.23.0.6:9858|priority:1, cda29e8f-8df9-4ea3-90b7-fbe32b355c31|rpc:172.23.0.4:9856|admin:172.23.0.4:9857|client:172.23.0.4:9858|priority:0], old=null
datanode_3  | 2021-08-17 21:29:15,019 [pool-22-thread-1] INFO storage.RaftStorage: Storage directory /data/metadata/ratis/3bb0404e-8828-4b88-9c9b-becfa8aac455 has been successfully formatted.
datanode_3  | 2021-08-17 21:29:15,020 [pool-22-thread-1] INFO ratis.ContainerStateMachine: group-BECFA8AAC455: The snapshot info is null. Setting the last applied indexto:(t:0, i:~)
rm_1        | 2021-08-17 21:28:54 INFO  JvmPauseMonitor:188 - Starting JVM pause monitor
nm_1        | 2021-08-17 21:31:03 INFO  ContainersMonitorImpl:551 - Skipping monitoring container container_1629235733290_0001_01_000002 since CPU usage is not yet available.
datanode_2  | 2021-08-17 21:29:17,596 [38a33780-7943-46a8-b372-adc7908e5950@group-101252E3F097-LeaderElection2] INFO impl.LeaderElection: 38a33780-7943-46a8-b372-adc7908e5950@group-101252E3F097-LeaderElection2: ELECTION PASSED received 1 response(s) and 0 exception(s):
datanode_3  | 2021-08-17 21:29:15,020 [pool-22-thread-1] INFO server.RaftServerConfigKeys: raft.server.notification.no-leader.timeout = 300s (custom)
om_1        | VOLUME_ALREADY_EXISTS org.apache.hadoop.ozone.om.exceptions.OMException: Volume already exists
rm_1        | 2021-08-17 21:28:54 INFO  CallQueueManager:85 - Using callQueue: class java.util.concurrent.LinkedBlockingQueue, queueCapacity: 5000, scheduler: class org.apache.hadoop.ipc.DefaultRpcScheduler, ipcBackoff: false.
nm_1        | 2021-08-17 21:31:05 INFO  ContainerLaunch:596 - Container container_1629235733290_0001_01_000002 succeeded 
datanode_2  | 2021-08-17 21:29:17,599 [38a33780-7943-46a8-b372-adc7908e5950@group-101252E3F097-LeaderElection2] INFO impl.LeaderElection:   Response 0: 38a33780-7943-46a8-b372-adc7908e5950<-cda29e8f-8df9-4ea3-90b7-fbe32b355c31#0:OK-t1
datanode_3  | 2021-08-17 21:29:15,020 [pool-22-thread-1] INFO server.RaftServerConfigKeys: raft.server.log.use.memory = false (default)
om_1        | 	at org.apache.hadoop.ozone.om.request.volume.OMVolumeCreateRequest.validateAndUpdateCache(OMVolumeCreateRequest.java:153)
rm_1        | 2021-08-17 21:28:54 INFO  Server:1255 - Starting Socket Reader #1 for port 8030
nm_1        | 2021-08-17 21:31:05 INFO  ContainerImpl:2175 - Container container_1629235733290_0001_01_000002 transitioned from RUNNING to EXITED_WITH_SUCCESS
datanode_2  | 2021-08-17 21:29:17,600 [38a33780-7943-46a8-b372-adc7908e5950@group-101252E3F097-LeaderElection2] INFO impl.LeaderElection: 38a33780-7943-46a8-b372-adc7908e5950@group-101252E3F097-LeaderElection2 ELECTION round 0: result PASSED
datanode_3  | 2021-08-17 21:29:15,021 [pool-22-thread-1] INFO server.RaftServerConfigKeys: raft.server.log.purge.gap = 1000000 (custom)
om_1        | 	at org.apache.hadoop.ozone.protocolPB.OzoneManagerRequestHandler.handleWriteRequest(OzoneManagerRequestHandler.java:246)
rm_1        | 2021-08-17 21:28:54 INFO  RpcServerFactoryPBImpl:173 - Adding protocol org.apache.hadoop.yarn.api.ApplicationMasterProtocolPB to the server
nm_1        | 2021-08-17 21:31:05 INFO  ContainerCleanup:87 - Cleaning up container container_1629235733290_0001_01_000002
datanode_2  | 2021-08-17 21:29:17,603 [38a33780-7943-46a8-b372-adc7908e5950@group-101252E3F097-LeaderElection2] INFO impl.RoleInfo: 38a33780-7943-46a8-b372-adc7908e5950: shutdown 38a33780-7943-46a8-b372-adc7908e5950@group-101252E3F097-LeaderElection2
datanode_3  | 2021-08-17 21:29:15,021 [pool-22-thread-1] INFO server.RaftServerConfigKeys: raft.server.log.appender.buffer.byte-limit = 33554432 (custom)
om_1        | 	at org.apache.hadoop.ozone.om.ratis.OzoneManagerStateMachine.runCommand(OzoneManagerStateMachine.java:502)
rm_1        | 2021-08-17 21:28:54 INFO  Server:1497 - IPC Server Responder: starting
nm_1        | 2021-08-17 21:31:05 INFO  NMAuditLogger:94 - USER=hadoop	OPERATION=Container Finished - Succeeded	TARGET=ContainerImpl	RESULT=SUCCESS	APPID=application_1629235733290_0001	CONTAINERID=container_1629235733290_0001_01_000002
datanode_2  | 2021-08-17 21:29:17,615 [38a33780-7943-46a8-b372-adc7908e5950@group-101252E3F097-LeaderElection2] INFO server.RaftServer$Division: 38a33780-7943-46a8-b372-adc7908e5950@group-101252E3F097: changes role from CANDIDATE to LEADER at term 1 for changeToLeader
datanode_3  | 2021-08-17 21:29:15,021 [pool-22-thread-1] INFO server.RaftServerConfigKeys: raft.server.log.segment.size.max = 1048576 (custom)
om_1        | 	at org.apache.hadoop.ozone.om.ratis.OzoneManagerStateMachine.lambda$2(OzoneManagerStateMachine.java:312)
rm_1        | 2021-08-17 21:28:54 INFO  Server:1334 - IPC Server listener on 8030: starting
nm_1        | 2021-08-17 21:31:05 INFO  ContainerImpl:2175 - Container container_1629235733290_0001_01_000002 transitioned from EXITED_WITH_SUCCESS to DONE
datanode_2  | 2021-08-17 21:29:17,615 [38a33780-7943-46a8-b372-adc7908e5950@group-101252E3F097-LeaderElection2] INFO ratis.XceiverServerRatis: Leader change notification received for group: group-101252E3F097 with new leaderId: 38a33780-7943-46a8-b372-adc7908e5950
datanode_3  | 2021-08-17 21:29:15,021 [pool-22-thread-1] INFO server.RaftServerConfigKeys: raft.server.log.segment.cache.num.max = 2 (custom)
om_1        | 	at java.base/java.util.concurrent.CompletableFuture$AsyncSupply.run(CompletableFuture.java:1700)
rm_1        | 2021-08-17 21:28:55 INFO  CallQueueManager:85 - Using callQueue: class java.util.concurrent.LinkedBlockingQueue, queueCapacity: 5000, scheduler: class org.apache.hadoop.ipc.DefaultRpcScheduler, ipcBackoff: false.
nm_1        | 2021-08-17 21:31:05 INFO  ApplicationImpl:512 - Removing container_1629235733290_0001_01_000002 from application application_1629235733290_0001
datanode_2  | 2021-08-17 21:29:17,615 [38a33780-7943-46a8-b372-adc7908e5950@group-101252E3F097-LeaderElection2] INFO server.RaftServer$Division: 38a33780-7943-46a8-b372-adc7908e5950@group-101252E3F097: change Leader from null to 38a33780-7943-46a8-b372-adc7908e5950 at term 1 for becomeLeader, leader elected after 5403ms
datanode_3  | 2021-08-17 21:29:15,027 [pool-22-thread-1] INFO server.RaftServerConfigKeys: raft.server.log.segment.cache.size.max = 200MB (=209715200) (default)
om_1        | 	at java.base/java.util.concurrent.ThreadPoolExecutor.runWorker(ThreadPoolExecutor.java:1128)
rm_1        | 2021-08-17 21:28:55 INFO  Server:1255 - Starting Socket Reader #1 for port 8032
nm_1        | 2021-08-17 21:31:05 INFO  ContainersMonitorImpl:1112 - Stopping resource-monitoring for container_1629235733290_0001_01_000002
datanode_2  | 2021-08-17 21:29:17,619 [38a33780-7943-46a8-b372-adc7908e5950@group-101252E3F097-LeaderElection2] INFO server.RaftServerConfigKeys: raft.server.staging.catchup.gap = 1000 (default)
datanode_3  | 2021-08-17 21:29:15,027 [pool-22-thread-1] INFO segmented.SegmentedRaftLogWorker: new cda29e8f-8df9-4ea3-90b7-fbe32b355c31@group-BECFA8AAC455-SegmentedRaftLogWorker for RaftStorageImpl:Storage Directory /data/metadata/ratis/3bb0404e-8828-4b88-9c9b-becfa8aac455
om_1        | 	at java.base/java.util.concurrent.ThreadPoolExecutor$Worker.run(ThreadPoolExecutor.java:628)
rm_1        | 2021-08-17 21:28:55 INFO  RpcServerFactoryPBImpl:173 - Adding protocol org.apache.hadoop.yarn.api.ApplicationClientProtocolPB to the server
nm_1        | 2021-08-17 21:31:05 INFO  AuxServices:350 - Got event CONTAINER_STOP for appId application_1629235733290_0001
datanode_2  | 2021-08-17 21:29:17,616 [Datanode State Machine Thread - 0] WARN statemachine.StateContext: No available thread in pool for past 30 seconds.
datanode_3  | 2021-08-17 21:29:15,027 [pool-22-thread-1] INFO server.RaftServerConfigKeys: raft.server.log.queue.byte-limit = 2147483647 (custom)
om_1        | 	at java.base/java.lang.Thread.run(Thread.java:834)
rm_1        | 2021-08-17 21:28:55 INFO  Server:1334 - IPC Server listener on 8032: starting
nm_1        | 2021-08-17 21:31:05 INFO  DefaultContainerExecutor:634 - Deleting absolute path : /tmp/hadoop-hadoop/nm-local-dir/usercache/hadoop/appcache/application_1629235733290_0001/container_1629235733290_0001_01_000002/launch_container.sh
datanode_2  | 2021-08-17 21:29:17,627 [38a33780-7943-46a8-b372-adc7908e5950@group-101252E3F097-LeaderElection2] INFO server.RaftServerConfigKeys: raft.server.write.element-limit = 1024 (custom)
datanode_3  | 2021-08-17 21:29:15,027 [pool-22-thread-1] INFO server.RaftServerConfigKeys: raft.server.log.queue.element-limit = 1024 (custom)
rm_1        | 2021-08-17 21:28:55 INFO  Server:1497 - IPC Server Responder: starting
nm_1        | 2021-08-17 21:31:05 INFO  DefaultContainerExecutor:634 - Deleting absolute path : /tmp/hadoop-hadoop/nm-local-dir/usercache/hadoop/appcache/application_1629235733290_0001/container_1629235733290_0001_01_000002/container_tokens
datanode_2  | 2021-08-17 21:29:17,627 [38a33780-7943-46a8-b372-adc7908e5950@group-101252E3F097-LeaderElection2] INFO server.RaftServerConfigKeys: raft.server.write.byte-limit = 1024 M (=1073741824) (custom)
datanode_3  | 2021-08-17 21:29:15,027 [pool-22-thread-1] INFO server.RaftServerConfigKeys: raft.server.log.segment.size.max = 1048576 (custom)
rm_1        | 2021-08-17 21:28:55 INFO  ResourceManager:1329 - Transitioned to active state
nm_1        | 2021-08-17 21:31:05 INFO  DefaultContainerExecutor:634 - Deleting absolute path : /tmp/hadoop-hadoop/nm-local-dir/usercache/hadoop/appcache/application_1629235733290_0001/container_1629235733290_0001_01_000002/sysfs
datanode_2  | 2021-08-17 21:29:17,627 [38a33780-7943-46a8-b372-adc7908e5950@group-101252E3F097-LeaderElection2] INFO server.RaftServerConfigKeys: raft.server.watch.timeout = 180s (custom)
datanode_3  | 2021-08-17 21:29:15,027 [pool-22-thread-1] INFO server.RaftServerConfigKeys: raft.server.log.preallocated.size = 16384 (custom)
rm_1        | 2021-08-17 21:29:01 INFO  RMNodeImpl:755 - nm:41895 Node Transitioned from NEW to RUNNING
nm_1        | 2021-08-17 21:31:05 WARN  DefaultContainerExecutor:637 - delete returned false for path: [/tmp/hadoop-hadoop/nm-local-dir/usercache/hadoop/appcache/application_1629235733290_0001/container_1629235733290_0001_01_000002/sysfs]
datanode_2  | 2021-08-17 21:29:17,628 [38a33780-7943-46a8-b372-adc7908e5950@group-101252E3F097-LeaderElection2] INFO server.RaftServerConfigKeys: raft.server.watch.timeout.denomination = 1s (default)
datanode_3  | 2021-08-17 21:29:15,027 [pool-22-thread-1] INFO server.RaftServerConfigKeys: raft.server.log.force.sync.num = 128 (default)
rm_1        | 2021-08-17 21:29:01 INFO  ResourceTrackerService:600 - NodeManager from node nm(cmPort: 41895 httpPort: 8042) registered with capability: <memory:8192, vCores:8>, assigned nodeId nm:41895
nm_1        | 2021-08-17 21:31:07 INFO  Server:2051 - Auth successful for appattempt_1629235733290_0001_000001 (auth:SIMPLE) from 172.23.0.5:57992
datanode_2  | 2021-08-17 21:29:17,628 [38a33780-7943-46a8-b372-adc7908e5950@group-101252E3F097-LeaderElection2] INFO server.RaftServerConfigKeys: raft.server.watch.element-limit = 65536 (default)
datanode_2  | 2021-08-17 21:29:17,672 [38a33780-7943-46a8-b372-adc7908e5950@group-101252E3F097-LeaderElection2] INFO server.RaftServerConfigKeys: raft.server.log.appender.snapshot.chunk.size.max = 16MB (=16777216) (default)
rm_1        | 2021-08-17 21:29:02 INFO  CapacityScheduler:2007 - Added node nm:41895 clusterResource: <memory:8192, vCores:8>
nm_1        | 2021-08-17 21:31:07 INFO  ContainerManagerImpl:1087 - Start request for container_1629235733290_0001_01_000003 by user hadoop
datanode_2  | 2021-08-17 21:29:17,674 [38a33780-7943-46a8-b372-adc7908e5950@group-101252E3F097-LeaderElection2] INFO server.RaftServerConfigKeys: raft.server.log.appender.buffer.byte-limit = 33554432 (custom)
datanode_3  | 2021-08-17 21:29:15,028 [pool-22-thread-1] INFO server.RaftServerConfigKeys: raft.server.log.statemachine.data.sync = true (default)
rm_1        | 2021-08-17 21:30:44 INFO  ClientRMService:380 - Allocated new applicationId: 1
nm_1        | 2021-08-17 21:31:07 INFO  ApplicationImpl:463 - Adding container_1629235733290_0001_01_000003 to application application_1629235733290_0001
datanode_2  | 2021-08-17 21:29:17,676 [38a33780-7943-46a8-b372-adc7908e5950@group-101252E3F097-LeaderElection2] INFO server.RaftServerConfigKeys: raft.server.log.appender.buffer.element-limit = 1 (custom)
datanode_2  | 2021-08-17 21:29:17,684 [38a33780-7943-46a8-b372-adc7908e5950@group-ED8E1F9F821D-SegmentedRaftLogWorker] INFO segmented.SegmentedRaftLogWorker: 38a33780-7943-46a8-b372-adc7908e5950@group-ED8E1F9F821D-SegmentedRaftLogWorker: created new log segment /data/metadata/ratis/2f545ed7-3745-4da0-b63b-ed8e1f9f821d/current/log_inprogress_0
rm_1        | 2021-08-17 21:30:48 INFO  CapacityScheduler:2653 - Application 'application_1629235733290_0001' is submitted without priority hence considering default queue/cluster priority: 0
datanode_2  | 2021-08-17 21:29:17,698 [38a33780-7943-46a8-b372-adc7908e5950@group-101252E3F097-LeaderElection2] INFO grpc.GrpcConfigKeys: raft.grpc.server.leader.outstanding.appends.max = 128 (default)
datanode_3  | 2021-08-17 21:29:15,028 [pool-22-thread-1] INFO server.RaftServerConfigKeys: raft.server.log.statemachine.data.sync.timeout = 10s (default)
nm_1        | 2021-08-17 21:31:07 INFO  NMAuditLogger:94 - USER=hadoop	IP=172.23.0.5	OPERATION=Start Container Request	TARGET=ContainerManageImpl	RESULT=SUCCESS	APPID=application_1629235733290_0001	CONTAINERID=container_1629235733290_0001_01_000003
rm_1        | 2021-08-17 21:30:48 INFO  CapacityScheduler:2674 - Priority '0' is acceptable in queue : default for application: application_1629235733290_0001
datanode_2  | 2021-08-17 21:29:17,698 [38a33780-7943-46a8-b372-adc7908e5950@group-101252E3F097-LeaderElection2] INFO server.RaftServerConfigKeys: raft.server.rpc.request.timeout = 60s (custom)
datanode_3  | 2021-08-17 21:29:15,031 [pool-22-thread-1] INFO server.RaftServerConfigKeys: raft.server.log.statemachine.data.sync.timeout.retry = -1 (default)
nm_1        | 2021-08-17 21:31:07 INFO  ContainerImpl:2175 - Container container_1629235733290_0001_01_000003 transitioned from NEW to LOCALIZING
rm_1        | 2021-08-17 21:30:48 INFO  ClientRMService:696 - Application with id 1 submitted by user hadoop
datanode_2  | 2021-08-17 21:29:17,698 [38a33780-7943-46a8-b372-adc7908e5950@group-101252E3F097-LeaderElection2] INFO server.RaftServerConfigKeys: raft.server.log.appender.install.snapshot.enabled = false (custom)
datanode_3  | 2021-08-17 21:29:15,031 [pool-22-thread-1] INFO server.RaftServerConfigKeys: raft.server.log.write.buffer.size = 1048576 (custom)
nm_1        | 2021-08-17 21:31:07 INFO  AuxServices:350 - Got event CONTAINER_INIT for appId application_1629235733290_0001
rm_1        | 2021-08-17 21:30:48 INFO  RMAppImpl:1269 - Storing application with id application_1629235733290_0001
datanode_2  | 2021-08-17 21:29:17,716 [38a33780-7943-46a8-b372-adc7908e5950@group-101252E3F097-LeaderElection2] INFO server.RaftServerConfigKeys: raft.server.log.appender.snapshot.chunk.size.max = 16MB (=16777216) (default)
datanode_3  | 2021-08-17 21:29:15,035 [pool-22-thread-1] INFO server.RaftServerConfigKeys: raft.server.log.statemachine.data.caching.enabled = true (custom)
nm_1        | 2021-08-17 21:31:07 INFO  AuxServices:350 - Got event APPLICATION_INIT for appId application_1629235733290_0001
rm_1        | 2021-08-17 21:30:48 INFO  RMAuditLogger:283 - USER=hadoop	IP=172.23.0.3	OPERATION=Submit Application Request	TARGET=ClientRMService	RESULT=SUCCESS	APPID=application_1629235733290_0001	CALLERCONTEXT=CLI	QUEUENAME=default
datanode_2  | 2021-08-17 21:29:17,728 [38a33780-7943-46a8-b372-adc7908e5950@group-101252E3F097-LeaderElection2] INFO server.RaftServerConfigKeys: raft.server.log.appender.buffer.byte-limit = 33554432 (custom)
datanode_3  | 2021-08-17 21:29:15,037 [pool-22-thread-1] INFO segmented.SegmentedRaftLogWorker: cda29e8f-8df9-4ea3-90b7-fbe32b355c31@group-BECFA8AAC455-SegmentedRaftLogWorker: flushIndex: setUnconditionally 0 -> -1
nm_1        | 2021-08-17 21:31:07 INFO  AuxServices:354 - Got APPLICATION_INIT for service mapreduce_shuffle
rm_1        | 2021-08-17 21:30:48 INFO  RMStateStore:224 - Storing info for app: application_1629235733290_0001
datanode_2  | 2021-08-17 21:29:17,728 [38a33780-7943-46a8-b372-adc7908e5950@group-101252E3F097-LeaderElection2] INFO server.RaftServerConfigKeys: raft.server.log.appender.buffer.element-limit = 1 (custom)
datanode_3  | 2021-08-17 21:29:15,043 [pool-22-thread-1] INFO segmented.SegmentedRaftLogWorker: cda29e8f-8df9-4ea3-90b7-fbe32b355c31@group-BECFA8AAC455-SegmentedRaftLogWorker: safeCacheEvictIndex: setUnconditionally 0 -> -1
nm_1        | 2021-08-17 21:31:07 INFO  ShuffleHandler:719 - Added token for job_1629235733290_0001
rm_1        | 2021-08-17 21:30:48 INFO  RMAppImpl:903 - application_1629235733290_0001 State change from NEW to NEW_SAVING on event = START
datanode_2  | 2021-08-17 21:29:17,729 [38a33780-7943-46a8-b372-adc7908e5950@group-101252E3F097-LeaderElection2] INFO grpc.GrpcConfigKeys: raft.grpc.server.leader.outstanding.appends.max = 128 (default)
datanode_3  | 2021-08-17 21:29:15,043 [pool-22-thread-1] INFO server.RaftServerConfigKeys: raft.server.snapshot.auto.trigger.enabled = true (custom)
nm_1        | 2021-08-17 21:31:07 INFO  ContainerImpl:2175 - Container container_1629235733290_0001_01_000003 transitioned from LOCALIZING to SCHEDULED
rm_1        | 2021-08-17 21:30:48 INFO  RMAppImpl:903 - application_1629235733290_0001 State change from NEW_SAVING to SUBMITTED on event = APP_NEW_SAVED
datanode_2  | 2021-08-17 21:29:17,729 [38a33780-7943-46a8-b372-adc7908e5950@group-101252E3F097-LeaderElection2] INFO server.RaftServerConfigKeys: raft.server.rpc.request.timeout = 60s (custom)
datanode_3  | 2021-08-17 21:29:15,046 [pool-22-thread-1] INFO server.RaftServerConfigKeys: raft.server.snapshot.auto.trigger.threshold = 10000 (custom)
nm_1        | 2021-08-17 21:31:07 INFO  ContainerScheduler:542 - Starting container [container_1629235733290_0001_01_000003]
rm_1        | 2021-08-17 21:30:48 INFO  ParentQueue:495 - Application added - appId: application_1629235733290_0001 user: hadoop leaf-queue of parent: root #applications: 1
datanode_2  | 2021-08-17 21:29:17,733 [38a33780-7943-46a8-b372-adc7908e5950@group-101252E3F097-LeaderElection2] INFO server.RaftServerConfigKeys: raft.server.log.appender.install.snapshot.enabled = false (custom)
datanode_3  | 2021-08-17 21:29:15,046 [pool-22-thread-1] INFO server.RaftServerConfigKeys: raft.server.snapshot.retention.file.num = 5 (custom)
datanode_3  | 2021-08-17 21:29:15,046 [pool-22-thread-1] INFO server.RaftServerConfigKeys: raft.server.log.purge.upto.snapshot.index = false (default)
rm_1        | 2021-08-17 21:30:48 INFO  CapacityScheduler:1006 - Accepted application application_1629235733290_0001 from user: hadoop, in queue: default
datanode_2  | 2021-08-17 21:29:17,736 [38a33780-7943-46a8-b372-adc7908e5950@group-101252E3F097-LeaderElection2] INFO impl.RoleInfo: 38a33780-7943-46a8-b372-adc7908e5950: start 38a33780-7943-46a8-b372-adc7908e5950@group-101252E3F097-LeaderStateImpl
datanode_3  | 2021-08-17 21:29:15,046 [pool-22-thread-1] INFO server.RaftServerConfigKeys: raft.server.retrycache.expirytime = 600000ms (custom)
nm_1        | 2021-08-17 21:31:07 INFO  ContainerImpl:2175 - Container container_1629235733290_0001_01_000003 transitioned from SCHEDULED to RUNNING
rm_1        | 2021-08-17 21:30:48 INFO  RMAppImpl:903 - application_1629235733290_0001 State change from SUBMITTED to ACCEPTED on event = APP_ACCEPTED
datanode_2  | 2021-08-17 21:29:17,737 [38a33780-7943-46a8-b372-adc7908e5950@group-101252E3F097-LeaderElection2] INFO segmented.SegmentedRaftLogWorker: 38a33780-7943-46a8-b372-adc7908e5950@group-101252E3F097-SegmentedRaftLogWorker: Starting segment from index:0
datanode_3  | 2021-08-17 21:29:15,047 [pool-22-thread-1] INFO server.RaftServerConfigKeys: raft.server.retrycache.statistics.expirytime = 100?s (default)
nm_1        | 2021-08-17 21:31:07 INFO  ContainersMonitorImpl:1121 - Starting resource-monitoring for container_1629235733290_0001_01_000003
rm_1        | 2021-08-17 21:30:48 INFO  ApplicationMasterService:480 - Registering app attempt : appattempt_1629235733290_0001_000001
datanode_2  | 2021-08-17 21:29:17,744 [38a33780-7943-46a8-b372-adc7908e5950@group-101252E3F097-SegmentedRaftLogWorker] INFO segmented.SegmentedRaftLogWorker: 38a33780-7943-46a8-b372-adc7908e5950@group-101252E3F097-SegmentedRaftLogWorker: created new log segment /data/metadata/ratis/c4e5e498-4884-4477-b249-101252e3f097/current/log_inprogress_0
