datanode_3  | 2021-08-17 21:35:22,312 [6abf0f09-bc30-4ddb-afa0-74b56f39d3ea@group-4D0CA54D63D4-LeaderElection2] INFO impl.LeaderElection: 6abf0f09-bc30-4ddb-afa0-74b56f39d3ea@group-4D0CA54D63D4-LeaderElection2: ELECTION REJECTED received 1 response(s) and 0 exception(s):
om_1        | 2021-08-17 21:35:34,291 [om1@group-C5BA1605619E-LeaderElection1] INFO server.RaftServer$Division: om1@group-C5BA1605619E: change Leader from null to om1 at term 1 for becomeLeader, leader elected after 5798ms
rm_1        | 2021-08-17 21:34:56 INFO  ContextHandler:916 - Started o.e.j.w.WebAppContext@51288417{cluster,/,file:///tmp/jetty-rm-8088-hadoop-yarn-common-3_3_1_jar-_-any-2480177510360474934/webapp/,AVAILABLE}{jar:file:/opt/hadoop/share/hadoop/yarn/hadoop-yarn-common-3.3.1.jar!/webapps/cluster}
nm_1        | 2021-08-17 21:37:05 INFO  ContainerImpl:2188 - Container container_1629236098099_0001_01_000002 transitioned from RUNNING to EXITED_WITH_SUCCESS
datanode_2  | 2021-08-17 21:35:32,562 [f0364c9f-9bbc-4467-827b-96147b8a8438@group-4D0CA54D63D4-LeaderElection2] INFO server.RaftServerConfigKeys: raft.server.watch.timeout.denomination = 1s (default)
scm_1       | 2021-08-17 21:35:11,084 [EventQueue-NodeRegistrationContainerReportForDataNodeSafeModeRule] INFO ha.SCMContext: Update SafeModeStatus from SafeModeStatus{safeModeStatus=true, preCheckPassed=false} to SafeModeStatus{safeModeStatus=true, preCheckPassed=true}.
datanode_3  | 2021-08-17 21:35:22,312 [6abf0f09-bc30-4ddb-afa0-74b56f39d3ea@group-4D0CA54D63D4-LeaderElection2] INFO impl.LeaderElection:   Response 0: 6abf0f09-bc30-4ddb-afa0-74b56f39d3ea<-f0364c9f-9bbc-4467-827b-96147b8a8438#0:FAIL-t1
om_1        | 2021-08-17 21:35:34,296 [om1@group-C5BA1605619E-LeaderElection1] INFO server.RaftServerConfigKeys: raft.server.staging.catchup.gap = 1000 (default)
rm_1        | 2021-08-17 21:34:56 INFO  AbstractConnector:331 - Started ServerConnector@3016fd5e{HTTP/1.1, (http/1.1)}{rm:8088}
nm_1        | 2021-08-17 21:37:05 INFO  ContainerCleanup:89 - Cleaning up container container_1629236098099_0001_01_000002
datanode_2  | 2021-08-17 21:35:32,562 [f0364c9f-9bbc-4467-827b-96147b8a8438@group-4D0CA54D63D4-LeaderElection2] INFO server.RaftServerConfigKeys: raft.server.watch.element-limit = 65536 (default)
scm_1       | 2021-08-17 21:35:11,085 [EventQueue-NodeRegistrationContainerReportForDataNodeSafeModeRule] INFO pipeline.BackgroundPipelineCreator: trigger a one-shot run on RatisPipelineUtilsThread.
datanode_3  | 2021-08-17 21:35:22,313 [6abf0f09-bc30-4ddb-afa0-74b56f39d3ea@group-4D0CA54D63D4-LeaderElection2] INFO impl.LeaderElection: 6abf0f09-bc30-4ddb-afa0-74b56f39d3ea@group-4D0CA54D63D4-LeaderElection2 ELECTION round 0: result REJECTED
om_1        | 2021-08-17 21:35:34,301 [om1@group-C5BA1605619E-LeaderElection1] INFO server.RaftServerConfigKeys: raft.server.write.element-limit = 4096 (default)
rm_1        | 2021-08-17 21:34:56 INFO  Server:415 - Started @24184ms
nm_1        | 2021-08-17 21:37:05 INFO  NMAuditLogger:94 - USER=hadoop	OPERATION=Container Finished - Succeeded	TARGET=ContainerImpl	RESULT=SUCCESS	APPID=application_1629236098099_0001	CONTAINERID=container_1629236098099_0001_01_000002
datanode_2  | 2021-08-17 21:35:32,591 [f0364c9f-9bbc-4467-827b-96147b8a8438@group-4D0CA54D63D4-LeaderElection2] INFO server.RaftServerConfigKeys: raft.server.log.appender.snapshot.chunk.size.max = 16MB (=16777216) (default)
scm_1       | 2021-08-17 21:35:11,092 [RatisPipelineUtilsThread - 0] INFO pipeline.RatisPipelineProvider: Sending CreatePipelineCommand for pipeline:PipelineID=7dde9d04-8170-4e0c-a2bd-05e850d6ac3a to datanode:53864a12-f92d-42fb-9b45-98153a9c2391
datanode_3  | 2021-08-17 21:35:22,318 [6abf0f09-bc30-4ddb-afa0-74b56f39d3ea@group-4D0CA54D63D4-LeaderElection2] INFO server.RaftServer$Division: 6abf0f09-bc30-4ddb-afa0-74b56f39d3ea@group-4D0CA54D63D4: changes role from CANDIDATE to FOLLOWER at term 1 for REJECTED
om_1        | 2021-08-17 21:35:34,301 [om1@group-C5BA1605619E-LeaderElection1] INFO server.RaftServerConfigKeys: raft.server.write.byte-limit = 64MB (=67108864) (default)
rm_1        | 2021-08-17 21:34:56 INFO  WebApps:473 - Web app cluster started at 8088
nm_1        | 2021-08-17 21:37:05 INFO  ContainerImpl:2188 - Container container_1629236098099_0001_01_000002 transitioned from EXITED_WITH_SUCCESS to DONE
scm_1       | 2021-08-17 21:35:11,095 [RatisPipelineUtilsThread - 0] INFO pipeline.RatisPipelineProvider: Sending CreatePipelineCommand for pipeline:PipelineID=7dde9d04-8170-4e0c-a2bd-05e850d6ac3a to datanode:f0364c9f-9bbc-4467-827b-96147b8a8438
datanode_2  | 2021-08-17 21:35:32,600 [f0364c9f-9bbc-4467-827b-96147b8a8438@group-4D0CA54D63D4-LeaderElection2] INFO server.RaftServerConfigKeys: raft.server.log.appender.buffer.byte-limit = 33554432 (custom)
datanode_3  | 2021-08-17 21:35:22,319 [6abf0f09-bc30-4ddb-afa0-74b56f39d3ea@group-4D0CA54D63D4-LeaderElection2] INFO impl.RoleInfo: 6abf0f09-bc30-4ddb-afa0-74b56f39d3ea: shutdown 6abf0f09-bc30-4ddb-afa0-74b56f39d3ea@group-4D0CA54D63D4-LeaderElection2
om_1        | 2021-08-17 21:35:34,347 [om1@group-C5BA1605619E-LeaderElection1] INFO server.RaftServerConfigKeys: raft.server.watch.timeout = 10s (default)
rm_1        | 2021-08-17 21:34:56 INFO  CallQueueManager:90 - Using callQueue: class java.util.concurrent.LinkedBlockingQueue, queueCapacity: 100, scheduler: class org.apache.hadoop.ipc.DefaultRpcScheduler, ipcBackoff: false.
nm_1        | 2021-08-17 21:37:05 INFO  ApplicationImpl:512 - Removing container_1629236098099_0001_01_000002 from application application_1629236098099_0001
scm_1       | 2021-08-17 21:35:11,095 [RatisPipelineUtilsThread - 0] INFO pipeline.RatisPipelineProvider: Sending CreatePipelineCommand for pipeline:PipelineID=7dde9d04-8170-4e0c-a2bd-05e850d6ac3a to datanode:6abf0f09-bc30-4ddb-afa0-74b56f39d3ea
datanode_2  | 2021-08-17 21:35:32,603 [f0364c9f-9bbc-4467-827b-96147b8a8438@group-4D0CA54D63D4-LeaderElection2] INFO server.RaftServerConfigKeys: raft.server.log.appender.buffer.element-limit = 1 (custom)
datanode_3  | 2021-08-17 21:35:22,319 [6abf0f09-bc30-4ddb-afa0-74b56f39d3ea@group-4D0CA54D63D4-LeaderElection2] INFO impl.RoleInfo: 6abf0f09-bc30-4ddb-afa0-74b56f39d3ea: start 6abf0f09-bc30-4ddb-afa0-74b56f39d3ea@group-4D0CA54D63D4-FollowerState
om_1        | 2021-08-17 21:35:34,350 [om1@group-C5BA1605619E-LeaderElection1] INFO server.RaftServerConfigKeys: raft.server.watch.timeout.denomination = 1s (default)
rm_1        | 2021-08-17 21:34:57 INFO  Server:1265 - Starting Socket Reader #1 for port 8033
nm_1        | 2021-08-17 21:37:05 INFO  ContainersMonitorImpl:1103 - Stopping resource-monitoring for container_1629236098099_0001_01_000002
scm_1       | 2021-08-17 21:35:11,096 [RatisPipelineUtilsThread - 0] INFO pipeline.PipelineStateManager: Created pipeline Pipeline[ Id: 7dde9d04-8170-4e0c-a2bd-05e850d6ac3a, Nodes: 53864a12-f92d-42fb-9b45-98153a9c2391{ip: 172.24.0.9, host: hadoop33_datanode_1.hadoop33_default, ports: [REPLICATION=9886, RATIS=9858, RATIS_ADMIN=9857, RATIS_SERVER=9856, STANDALONE=9859], networkLocation: /default-rack, certSerialId: null, persistedOpState: IN_SERVICE, persistedOpStateExpiryEpochSec: 0}f0364c9f-9bbc-4467-827b-96147b8a8438{ip: 172.24.0.5, host: hadoop33_datanode_2.hadoop33_default, ports: [REPLICATION=9886, RATIS=9858, RATIS_ADMIN=9857, RATIS_SERVER=9856, STANDALONE=9859], networkLocation: /default-rack, certSerialId: null, persistedOpState: IN_SERVICE, persistedOpStateExpiryEpochSec: 0}6abf0f09-bc30-4ddb-afa0-74b56f39d3ea{ip: 172.24.0.8, host: hadoop33_datanode_3.hadoop33_default, ports: [REPLICATION=9886, RATIS=9858, RATIS_ADMIN=9857, RATIS_SERVER=9856, STANDALONE=9859], networkLocation: /default-rack, certSerialId: null, persistedOpState: IN_SERVICE, persistedOpStateExpiryEpochSec: 0}, ReplicationConfig: RATIS/THREE, State:ALLOCATED, leaderId:, CreationTimestamp2021-08-17T21:35:11.092Z[UTC]].
datanode_2  | 2021-08-17 21:35:32,606 [f0364c9f-9bbc-4467-827b-96147b8a8438@group-4D0CA54D63D4-LeaderElection2] INFO grpc.GrpcConfigKeys: raft.grpc.server.leader.outstanding.appends.max = 128 (default)
datanode_3  | 2021-08-17 21:35:23,808 [6abf0f09-bc30-4ddb-afa0-74b56f39d3ea@group-05E850D6AC3A-FollowerState] INFO impl.FollowerState: 6abf0f09-bc30-4ddb-afa0-74b56f39d3ea@group-05E850D6AC3A-FollowerState: change to CANDIDATE, lastRpcElapsedTime:5053273174ns, electionTimeout:5041ms
om_1        | 2021-08-17 21:35:34,351 [om1@group-C5BA1605619E-LeaderElection1] INFO server.RaftServerConfigKeys: raft.server.watch.element-limit = 65536 (default)
rm_1        | 2021-08-17 21:34:58 INFO  RpcServerFactoryPBImpl:174 - Adding protocol org.apache.hadoop.yarn.server.api.ResourceManagerAdministrationProtocolPB to the server
nm_1        | 2021-08-17 21:37:05 INFO  AuxServices:850 - Got event CONTAINER_STOP for appId application_1629236098099_0001
scm_1       | 2021-08-17 21:35:11,098 [RatisPipelineUtilsThread - 0] INFO pipeline.RatisPipelineProvider: Sending CreatePipelineCommand for pipeline:PipelineID=602065d2-3cb4-426a-aea4-4d0ca54d63d4 to datanode:6abf0f09-bc30-4ddb-afa0-74b56f39d3ea
datanode_2  | 2021-08-17 21:35:32,609 [f0364c9f-9bbc-4467-827b-96147b8a8438@group-4D0CA54D63D4-LeaderElection2] INFO server.RaftServerConfigKeys: raft.server.rpc.request.timeout = 60s (custom)
datanode_3  | 2021-08-17 21:35:23,809 [6abf0f09-bc30-4ddb-afa0-74b56f39d3ea@group-05E850D6AC3A-FollowerState] INFO impl.RoleInfo: 6abf0f09-bc30-4ddb-afa0-74b56f39d3ea: shutdown 6abf0f09-bc30-4ddb-afa0-74b56f39d3ea@group-05E850D6AC3A-FollowerState
om_1        | 2021-08-17 21:35:34,357 [om1@group-C5BA1605619E-LeaderElection1] INFO impl.RoleInfo: om1: start om1@group-C5BA1605619E-LeaderStateImpl
rm_1        | 2021-08-17 21:34:58 INFO  Server:1344 - IPC Server listener on 8033: starting
nm_1        | 2021-08-17 21:37:05 INFO  DefaultContainerExecutor:647 - Deleting absolute path : /tmp/hadoop-hadoop/nm-local-dir/usercache/hadoop/appcache/application_1629236098099_0001/container_1629236098099_0001_01_000002/launch_container.sh
scm_1       | 2021-08-17 21:35:11,099 [RatisPipelineUtilsThread - 0] INFO pipeline.RatisPipelineProvider: Sending CreatePipelineCommand for pipeline:PipelineID=602065d2-3cb4-426a-aea4-4d0ca54d63d4 to datanode:f0364c9f-9bbc-4467-827b-96147b8a8438
datanode_2  | 2021-08-17 21:35:32,609 [f0364c9f-9bbc-4467-827b-96147b8a8438@group-4D0CA54D63D4-LeaderElection2] INFO server.RaftServerConfigKeys: raft.server.log.appender.install.snapshot.enabled = false (custom)
datanode_3  | 2021-08-17 21:35:23,809 [6abf0f09-bc30-4ddb-afa0-74b56f39d3ea@group-05E850D6AC3A-FollowerState] INFO server.RaftServer$Division: 6abf0f09-bc30-4ddb-afa0-74b56f39d3ea@group-05E850D6AC3A: changes role from  FOLLOWER to CANDIDATE at term 1 for changeToCandidate
om_1        | 2021-08-17 21:35:34,381 [om1@group-C5BA1605619E-LeaderElection1] INFO segmented.SegmentedRaftLogWorker: om1@group-C5BA1605619E-SegmentedRaftLogWorker: Starting segment from index:0
rm_1        | 2021-08-17 21:34:58 INFO  Server:1507 - IPC Server Responder: starting
nm_1        | 2021-08-17 21:37:05 INFO  DefaultContainerExecutor:647 - Deleting absolute path : /tmp/hadoop-hadoop/nm-local-dir/usercache/hadoop/appcache/application_1629236098099_0001/container_1629236098099_0001_01_000002/container_tokens
scm_1       | 2021-08-17 21:35:11,099 [RatisPipelineUtilsThread - 0] INFO pipeline.RatisPipelineProvider: Sending CreatePipelineCommand for pipeline:PipelineID=602065d2-3cb4-426a-aea4-4d0ca54d63d4 to datanode:53864a12-f92d-42fb-9b45-98153a9c2391
datanode_2  | 2021-08-17 21:35:32,621 [f0364c9f-9bbc-4467-827b-96147b8a8438@group-4D0CA54D63D4-LeaderElection2] INFO server.RaftServerConfigKeys: raft.server.log.appender.snapshot.chunk.size.max = 16MB (=16777216) (default)
datanode_3  | 2021-08-17 21:35:23,809 [6abf0f09-bc30-4ddb-afa0-74b56f39d3ea@group-05E850D6AC3A-FollowerState] INFO server.RaftServerConfigKeys: raft.server.leaderelection.pre-vote = false (custom)
om_1        | 2021-08-17 21:35:34,440 [om1@group-C5BA1605619E-LeaderElection1] INFO server.RaftServer$Division: om1@group-C5BA1605619E: set configuration 0: [om1|rpc:om:9872|admin:|client:|dataStream:|priority:0], old=null
nm_1        | 2021-08-17 21:37:05 INFO  DefaultContainerExecutor:647 - Deleting absolute path : /tmp/hadoop-hadoop/nm-local-dir/usercache/hadoop/appcache/application_1629236098099_0001/container_1629236098099_0001_01_000002/sysfs
scm_1       | 2021-08-17 21:35:11,100 [RatisPipelineUtilsThread - 0] INFO pipeline.PipelineStateManager: Created pipeline Pipeline[ Id: 602065d2-3cb4-426a-aea4-4d0ca54d63d4, Nodes: 6abf0f09-bc30-4ddb-afa0-74b56f39d3ea{ip: 172.24.0.8, host: hadoop33_datanode_3.hadoop33_default, ports: [REPLICATION=9886, RATIS=9858, RATIS_ADMIN=9857, RATIS_SERVER=9856, STANDALONE=9859], networkLocation: /default-rack, certSerialId: null, persistedOpState: IN_SERVICE, persistedOpStateExpiryEpochSec: 0}f0364c9f-9bbc-4467-827b-96147b8a8438{ip: 172.24.0.5, host: hadoop33_datanode_2.hadoop33_default, ports: [REPLICATION=9886, RATIS=9858, RATIS_ADMIN=9857, RATIS_SERVER=9856, STANDALONE=9859], networkLocation: /default-rack, certSerialId: null, persistedOpState: IN_SERVICE, persistedOpStateExpiryEpochSec: 0}53864a12-f92d-42fb-9b45-98153a9c2391{ip: 172.24.0.9, host: hadoop33_datanode_1.hadoop33_default, ports: [REPLICATION=9886, RATIS=9858, RATIS_ADMIN=9857, RATIS_SERVER=9856, STANDALONE=9859], networkLocation: /default-rack, certSerialId: null, persistedOpState: IN_SERVICE, persistedOpStateExpiryEpochSec: 0}, ReplicationConfig: RATIS/THREE, State:ALLOCATED, leaderId:, CreationTimestamp2021-08-17T21:35:11.098Z[UTC]].
datanode_2  | 2021-08-17 21:35:32,622 [f0364c9f-9bbc-4467-827b-96147b8a8438@group-4D0CA54D63D4-LeaderElection2] INFO server.RaftServerConfigKeys: raft.server.log.appender.buffer.byte-limit = 33554432 (custom)
datanode_3  | 2021-08-17 21:35:23,809 [6abf0f09-bc30-4ddb-afa0-74b56f39d3ea@group-05E850D6AC3A-FollowerState] INFO impl.RoleInfo: 6abf0f09-bc30-4ddb-afa0-74b56f39d3ea: start 6abf0f09-bc30-4ddb-afa0-74b56f39d3ea@group-05E850D6AC3A-LeaderElection3
rm_1        | 2021-08-17 21:34:58 INFO  ResourceManager:1455 - Transitioning to active state
nm_1        | 2021-08-17 21:37:05 WARN  DefaultContainerExecutor:650 - delete returned false for path: [/tmp/hadoop-hadoop/nm-local-dir/usercache/hadoop/appcache/application_1629236098099_0001/container_1629236098099_0001_01_000002/sysfs]
om_1        | 2021-08-17 21:35:34,527 [om1@group-C5BA1605619E-SegmentedRaftLogWorker] INFO segmented.SegmentedRaftLogWorker: om1@group-C5BA1605619E-SegmentedRaftLogWorker: created new log segment /data/metadata/ratis/bf265839-605b-3f16-9796-c5ba1605619e/current/log_inprogress_0
scm_1       | 2021-08-17 21:35:11,103 [RatisPipelineUtilsThread - 0] INFO pipeline.PipelineManagerImpl: Pipeline: PipelineID=602065d2-3cb4-426a-aea4-4d0ca54d63d4 contains same datanodes as previous pipelines: PipelineID=7dde9d04-8170-4e0c-a2bd-05e850d6ac3a nodeIds: 6abf0f09-bc30-4ddb-afa0-74b56f39d3ea, f0364c9f-9bbc-4467-827b-96147b8a8438, 53864a12-f92d-42fb-9b45-98153a9c2391
datanode_2  | 2021-08-17 21:35:32,622 [f0364c9f-9bbc-4467-827b-96147b8a8438@group-4D0CA54D63D4-LeaderElection2] INFO server.RaftServerConfigKeys: raft.server.log.appender.buffer.element-limit = 1 (custom)
datanode_3  | 2021-08-17 21:35:23,819 [6abf0f09-bc30-4ddb-afa0-74b56f39d3ea@group-05E850D6AC3A-LeaderElection3] INFO impl.LeaderElection: 6abf0f09-bc30-4ddb-afa0-74b56f39d3ea@group-05E850D6AC3A-LeaderElection3 ELECTION round 0: submit vote requests at term 2 for -1: [53864a12-f92d-42fb-9b45-98153a9c2391|rpc:172.24.0.9:9856|admin:172.24.0.9:9857|client:172.24.0.9:9858|priority:0, f0364c9f-9bbc-4467-827b-96147b8a8438|rpc:172.24.0.5:9856|admin:172.24.0.5:9857|client:172.24.0.5:9858|priority:0, 6abf0f09-bc30-4ddb-afa0-74b56f39d3ea|rpc:172.24.0.8:9856|admin:172.24.0.8:9857|client:172.24.0.8:9858|priority:1], old=null
rm_1        | 2021-08-17 21:34:58 INFO  RMStateStore:565 - Updating AMRMToken
nm_1        | 2021-08-17 21:37:07 INFO  Server:2061 - Auth successful for appattempt_1629236098099_0001_000001 (auth:SIMPLE) from 172.24.0.4:42654
om_1        | 2021-08-17 21:35:34,664 [om1@group-C5BA1605619E-StateMachineUpdater] INFO ratis.OzoneManagerStateMachine: Received Configuration change notification from Ratis. New Peer list:
om_1        | [id: "om1"
scm_1       | 2021-08-17 21:35:12,525 [EventQueue-PipelineReportForPipelineReportHandler] INFO pipeline.PipelineManagerImpl: Pipeline Pipeline[ Id: 3910df95-e721-4940-ab8d-44409bff2cbd, Nodes: 53864a12-f92d-42fb-9b45-98153a9c2391{ip: 172.24.0.9, host: hadoop33_datanode_1.hadoop33_default, ports: [REPLICATION=9886, RATIS=9858, RATIS_ADMIN=9857, RATIS_SERVER=9856, STANDALONE=9859], networkLocation: /default-rack, certSerialId: null, persistedOpState: IN_SERVICE, persistedOpStateExpiryEpochSec: 0}, ReplicationConfig: RATIS/ONE, State:ALLOCATED, leaderId:53864a12-f92d-42fb-9b45-98153a9c2391, CreationTimestamp2021-08-17T21:35:09.735Z[UTC]] moved to OPEN state
datanode_3  | 2021-08-17 21:35:23,851 [6abf0f09-bc30-4ddb-afa0-74b56f39d3ea@group-05E850D6AC3A-LeaderElection3] INFO impl.LeaderElection: 6abf0f09-bc30-4ddb-afa0-74b56f39d3ea@group-05E850D6AC3A-LeaderElection3: ELECTION PASSED received 1 response(s) and 0 exception(s):
rm_1        | 2021-08-17 21:34:58 INFO  RMContainerTokenSecretManager:109 - Rolling master-key for container-tokens
nm_1        | 2021-08-17 21:37:07 INFO  ContainerManagerImpl:1088 - Start request for container_1629236098099_0001_01_000003 by user appattempt_1629236098099_0001_000001 with resource <memory:4096, vCores:1>
om_1        | address: "om:9872"
datanode_2  | 2021-08-17 21:35:32,622 [f0364c9f-9bbc-4467-827b-96147b8a8438@group-4D0CA54D63D4-LeaderElection2] INFO grpc.GrpcConfigKeys: raft.grpc.server.leader.outstanding.appends.max = 128 (default)
scm_1       | 2021-08-17 21:35:12,549 [EventQueue-OpenPipelineForHealthyPipelineSafeModeRule] INFO safemode.SCMSafeModeManager: SCM in safe mode. Healthy pipelines reported count is 0, required healthy pipeline reported count is 1
datanode_3  | 2021-08-17 21:35:23,852 [6abf0f09-bc30-4ddb-afa0-74b56f39d3ea@group-05E850D6AC3A-LeaderElection3] INFO impl.LeaderElection:   Response 0: 6abf0f09-bc30-4ddb-afa0-74b56f39d3ea<-f0364c9f-9bbc-4467-827b-96147b8a8438#0:OK-t2
rm_1        | 2021-08-17 21:34:58 INFO  NMTokenSecretManagerInRM:95 - Rolling master-key for nm-tokens
nm_1        | 2021-08-17 21:37:07 INFO  NMAuditLogger:94 - USER=appattempt_1629236098099_0001_000001	IP=172.24.0.4	OPERATION=Start Container Request	TARGET=ContainerManageImpl	RESULT=SUCCESS	APPID=application_1629236098099_0001	CONTAINERID=container_1629236098099_0001_01_000003
om_1        | ]
datanode_2  | 2021-08-17 21:35:32,622 [f0364c9f-9bbc-4467-827b-96147b8a8438@group-4D0CA54D63D4-LeaderElection2] INFO server.RaftServerConfigKeys: raft.server.rpc.request.timeout = 60s (custom)
datanode_2  | 2021-08-17 21:35:32,625 [f0364c9f-9bbc-4467-827b-96147b8a8438@group-4D0CA54D63D4-LeaderElection2] INFO server.RaftServerConfigKeys: raft.server.log.appender.install.snapshot.enabled = false (custom)
datanode_3  | 2021-08-17 21:35:23,852 [6abf0f09-bc30-4ddb-afa0-74b56f39d3ea@group-05E850D6AC3A-LeaderElection3] INFO impl.LeaderElection: 6abf0f09-bc30-4ddb-afa0-74b56f39d3ea@group-05E850D6AC3A-LeaderElection3 ELECTION round 0: result PASSED
rm_1        | 2021-08-17 21:34:58 INFO  AbstractDelegationTokenSecretManager:354 - Updating the current master key for generating delegation tokens
nm_1        | 2021-08-17 21:37:07 INFO  ApplicationImpl:463 - Adding container_1629236098099_0001_01_000003 to application application_1629236098099_0001
om_1        | 2021-08-17 21:35:42,484 [OM StateMachine ApplyTransaction Thread - 0] INFO volume.OMVolumeCreateRequest: created volume:volume1 for user:hadoop
datanode_2  | 2021-08-17 21:35:32,628 [f0364c9f-9bbc-4467-827b-96147b8a8438@group-4D0CA54D63D4-LeaderElection2] INFO impl.RoleInfo: f0364c9f-9bbc-4467-827b-96147b8a8438: start f0364c9f-9bbc-4467-827b-96147b8a8438@group-4D0CA54D63D4-LeaderStateImpl
scm_1       | 2021-08-17 21:35:13,299 [EventQueue-OpenPipelineForHealthyPipelineSafeModeRule] INFO safemode.SCMSafeModeManager: SCM in safe mode. Healthy pipelines reported count is 0, required healthy pipeline reported count is 1
datanode_3  | 2021-08-17 21:35:23,852 [6abf0f09-bc30-4ddb-afa0-74b56f39d3ea@group-05E850D6AC3A-LeaderElection3] INFO impl.RoleInfo: 6abf0f09-bc30-4ddb-afa0-74b56f39d3ea: shutdown 6abf0f09-bc30-4ddb-afa0-74b56f39d3ea@group-05E850D6AC3A-LeaderElection3
rm_1        | 2021-08-17 21:34:58 INFO  RMDelegationTokenSecretManager:92 - storing master key with keyID 1
nm_1        | 2021-08-17 21:37:07 INFO  ContainerImpl:1251 - Container container_1629236098099_0001_01_000003 is localizing: [o3fs://bucket1.volume1.om/user/hadoop/.staging/job_1629236098099_0001/job.jar, o3fs://bucket1.volume1.om/user/hadoop/.staging/job_1629236098099_0001/job.xml]
om_1        | 2021-08-17 21:36:53,945 [OM StateMachine ApplyTransaction Thread - 0] INFO volume.OMVolumeCreateRequest: created volume:user for user:hadoop
datanode_2  | 2021-08-17 21:35:32,631 [f0364c9f-9bbc-4467-827b-96147b8a8438@group-4D0CA54D63D4-LeaderElection2] INFO segmented.SegmentedRaftLogWorker: f0364c9f-9bbc-4467-827b-96147b8a8438@group-4D0CA54D63D4-SegmentedRaftLogWorker: Starting segment from index:0
scm_1       | 2021-08-17 21:35:13,716 [EventQueue-PipelineReportForPipelineReportHandler] INFO pipeline.PipelineManagerImpl: Pipeline Pipeline[ Id: 3836bc39-e759-4452-a49f-9b7228200c37, Nodes: 6abf0f09-bc30-4ddb-afa0-74b56f39d3ea{ip: 172.24.0.8, host: hadoop33_datanode_3.hadoop33_default, ports: [REPLICATION=9886, RATIS=9858, RATIS_ADMIN=9857, RATIS_SERVER=9856, STANDALONE=9859], networkLocation: /default-rack, certSerialId: null, persistedOpState: IN_SERVICE, persistedOpStateExpiryEpochSec: 0}, ReplicationConfig: RATIS/ONE, State:ALLOCATED, leaderId:6abf0f09-bc30-4ddb-afa0-74b56f39d3ea, CreationTimestamp2021-08-17T21:35:10.401Z[UTC]] moved to OPEN state
datanode_3  | 2021-08-17 21:35:23,852 [6abf0f09-bc30-4ddb-afa0-74b56f39d3ea@group-05E850D6AC3A-LeaderElection3] INFO server.RaftServer$Division: 6abf0f09-bc30-4ddb-afa0-74b56f39d3ea@group-05E850D6AC3A: changes role from CANDIDATE to LEADER at term 2 for changeToLeader
rm_1        | 2021-08-17 21:34:58 INFO  RMStateStore:516 - Storing RMDTMasterKey.
nm_1        | 2021-08-17 21:37:07 INFO  ContainerImpl:2188 - Container container_1629236098099_0001_01_000003 transitioned from NEW to LOCALIZING
om_1        | 2021-08-17 21:36:54,005 [OM StateMachine ApplyTransaction Thread - 0] ERROR volume.OMVolumeCreateRequest: Volume creation failed for user:hadoop volume:user
datanode_2  | 2021-08-17 21:35:32,640 [f0364c9f-9bbc-4467-827b-96147b8a8438@group-4D0CA54D63D4-SegmentedRaftLogWorker] INFO segmented.SegmentedRaftLogWorker: f0364c9f-9bbc-4467-827b-96147b8a8438@group-4D0CA54D63D4-SegmentedRaftLogWorker: created new log segment /data/metadata/ratis/602065d2-3cb4-426a-aea4-4d0ca54d63d4/current/log_inprogress_0
scm_1       | 2021-08-17 21:35:13,721 [EventQueue-OpenPipelineForHealthyPipelineSafeModeRule] INFO safemode.SCMSafeModeManager: SCM in safe mode. Healthy pipelines reported count is 0, required healthy pipeline reported count is 1
datanode_3  | 2021-08-17 21:35:23,852 [6abf0f09-bc30-4ddb-afa0-74b56f39d3ea@group-05E850D6AC3A-LeaderElection3] INFO ratis.XceiverServerRatis: Leader change notification received for group: group-05E850D6AC3A with new leaderId: 6abf0f09-bc30-4ddb-afa0-74b56f39d3ea
rm_1        | 2021-08-17 21:34:58 INFO  AbstractDelegationTokenSecretManager:686 - Starting expired delegation token remover thread, tokenRemoverScanInterval=60 min(s)
nm_1        | 2021-08-17 21:37:07 INFO  AuxServices:850 - Got event CONTAINER_INIT for appId application_1629236098099_0001
om_1        | VOLUME_ALREADY_EXISTS org.apache.hadoop.ozone.om.exceptions.OMException: Volume already exists
om_1        | 	at org.apache.hadoop.ozone.om.request.volume.OMVolumeCreateRequest.validateAndUpdateCache(OMVolumeCreateRequest.java:153)
datanode_2  | 2021-08-17 21:35:32,658 [f0364c9f-9bbc-4467-827b-96147b8a8438@group-4D0CA54D63D4-LeaderElection2] INFO server.RaftServer$Division: f0364c9f-9bbc-4467-827b-96147b8a8438@group-4D0CA54D63D4: set configuration 0: [53864a12-f92d-42fb-9b45-98153a9c2391|rpc:172.24.0.9:9856|admin:172.24.0.9:9857|client:172.24.0.9:9858|dataStream:|priority:0, f0364c9f-9bbc-4467-827b-96147b8a8438|rpc:172.24.0.5:9856|admin:172.24.0.5:9857|client:172.24.0.5:9858|dataStream:|priority:1, 6abf0f09-bc30-4ddb-afa0-74b56f39d3ea|rpc:172.24.0.8:9856|admin:172.24.0.8:9857|client:172.24.0.8:9858|dataStream:|priority:0], old=null
datanode_2  | 2021-08-17 21:36:14,096 [Datanode State Machine Thread - 0] WARN statemachine.StateContext: No available thread in pool for past 30 seconds.
datanode_3  | 2021-08-17 21:35:23,853 [Datanode State Machine Thread - 0] WARN statemachine.StateContext: No available thread in pool for past 30 seconds.
scm_1       | 2021-08-17 21:35:14,420 [EventQueue-PipelineReportForPipelineReportHandler] INFO pipeline.PipelineManagerImpl: Pipeline Pipeline[ Id: 40554a3b-9956-4c79-bd33-8e7360debcf1, Nodes: f0364c9f-9bbc-4467-827b-96147b8a8438{ip: 172.24.0.5, host: hadoop33_datanode_2.hadoop33_default, ports: [REPLICATION=9886, RATIS=9858, RATIS_ADMIN=9857, RATIS_SERVER=9856, STANDALONE=9859], networkLocation: /default-rack, certSerialId: null, persistedOpState: IN_SERVICE, persistedOpStateExpiryEpochSec: 0}, ReplicationConfig: RATIS/ONE, State:ALLOCATED, leaderId:f0364c9f-9bbc-4467-827b-96147b8a8438, CreationTimestamp2021-08-17T21:35:11.080Z[UTC]] moved to OPEN state
scm_1       | 2021-08-17 21:35:14,435 [EventQueue-OpenPipelineForHealthyPipelineSafeModeRule] INFO safemode.SCMSafeModeManager: SCM in safe mode. Healthy pipelines reported count is 0, required healthy pipeline reported count is 1
nm_1        | 2021-08-17 21:37:07 INFO  AuxServices:850 - Got event APPLICATION_INIT for appId application_1629236098099_0001
scm_1       | 2021-08-17 21:35:14,519 [EventQueue-OpenPipelineForHealthyPipelineSafeModeRule] INFO safemode.SCMSafeModeManager: SCM in safe mode. Healthy pipelines reported count is 0, required healthy pipeline reported count is 1
rm_1        | 2021-08-17 21:34:58 INFO  AsyncDispatcher:267 - Registering class org.apache.hadoop.yarn.nodelabels.event.NodeLabelsStoreEventType for class org.apache.hadoop.yarn.nodelabels.CommonNodeLabelsManager$ForwardingEventHandler
scm_1       | 2021-08-17 21:35:15,511 [EventQueue-OpenPipelineForHealthyPipelineSafeModeRule] INFO safemode.SCMSafeModeManager: SCM in safe mode. Healthy pipelines reported count is 0, required healthy pipeline reported count is 1
scm_1       | 2021-08-17 21:35:17,028 [EventQueue-OpenPipelineForHealthyPipelineSafeModeRule] INFO safemode.SCMSafeModeManager: SCM in safe mode. Healthy pipelines reported count is 0, required healthy pipeline reported count is 1
scm_1       | 2021-08-17 21:35:17,317 [EventQueue-OpenPipelineForHealthyPipelineSafeModeRule] INFO safemode.SCMSafeModeManager: SCM in safe mode. Healthy pipelines reported count is 0, required healthy pipeline reported count is 1
scm_1       | 2021-08-17 21:35:17,502 [EventQueue-OpenPipelineForHealthyPipelineSafeModeRule] INFO safemode.SCMSafeModeManager: SCM in safe mode. Healthy pipelines reported count is 0, required healthy pipeline reported count is 1
scm_1       | 2021-08-17 21:35:18,173 [EventQueue-OpenPipelineForHealthyPipelineSafeModeRule] INFO safemode.SCMSafeModeManager: SCM in safe mode. Healthy pipelines reported count is 0, required healthy pipeline reported count is 1
scm_1       | 2021-08-17 21:35:19,429 [EventQueue-OpenPipelineForHealthyPipelineSafeModeRule] INFO safemode.SCMSafeModeManager: SCM in safe mode. Healthy pipelines reported count is 0, required healthy pipeline reported count is 1
om_1        | 	at org.apache.hadoop.ozone.protocolPB.OzoneManagerRequestHandler.handleWriteRequest(OzoneManagerRequestHandler.java:246)
om_1        | 	at org.apache.hadoop.ozone.om.ratis.OzoneManagerStateMachine.runCommand(OzoneManagerStateMachine.java:502)
datanode_3  | 2021-08-17 21:35:23,855 [6abf0f09-bc30-4ddb-afa0-74b56f39d3ea@group-05E850D6AC3A-LeaderElection3] INFO server.RaftServer$Division: 6abf0f09-bc30-4ddb-afa0-74b56f39d3ea@group-05E850D6AC3A: change Leader from null to 6abf0f09-bc30-4ddb-afa0-74b56f39d3ea at term 2 for becomeLeader, leader elected after 9353ms
datanode_3  | 2021-08-17 21:35:23,860 [6abf0f09-bc30-4ddb-afa0-74b56f39d3ea@group-05E850D6AC3A-LeaderElection3] INFO server.RaftServerConfigKeys: raft.server.staging.catchup.gap = 1000 (default)
datanode_3  | 2021-08-17 21:35:23,861 [6abf0f09-bc30-4ddb-afa0-74b56f39d3ea@group-05E850D6AC3A-LeaderElection3] INFO server.RaftServerConfigKeys: raft.server.write.element-limit = 1024 (custom)
scm_1       | 2021-08-17 21:35:20,233 [EventQueue-OpenPipelineForHealthyPipelineSafeModeRule] INFO safemode.SCMSafeModeManager: SCM in safe mode. Healthy pipelines reported count is 0, required healthy pipeline reported count is 1
om_1        | 	at org.apache.hadoop.ozone.om.ratis.OzoneManagerStateMachine.lambda$2(OzoneManagerStateMachine.java:312)
om_1        | 	at java.base/java.util.concurrent.CompletableFuture$AsyncSupply.run(CompletableFuture.java:1700)
om_1        | 	at java.base/java.util.concurrent.ThreadPoolExecutor.runWorker(ThreadPoolExecutor.java:1128)
om_1        | 	at java.base/java.util.concurrent.ThreadPoolExecutor$Worker.run(ThreadPoolExecutor.java:628)
om_1        | 	at java.base/java.lang.Thread.run(Thread.java:834)
scm_1       | 2021-08-17 21:35:23,856 [EventQueue-PipelineReportForPipelineReportHandler] INFO pipeline.PipelineManagerImpl: Pipeline Pipeline[ Id: 7dde9d04-8170-4e0c-a2bd-05e850d6ac3a, Nodes: 53864a12-f92d-42fb-9b45-98153a9c2391{ip: 172.24.0.9, host: hadoop33_datanode_1.hadoop33_default, ports: [REPLICATION=9886, RATIS=9858, RATIS_ADMIN=9857, RATIS_SERVER=9856, STANDALONE=9859], networkLocation: /default-rack, certSerialId: null, persistedOpState: IN_SERVICE, persistedOpStateExpiryEpochSec: 0}f0364c9f-9bbc-4467-827b-96147b8a8438{ip: 172.24.0.5, host: hadoop33_datanode_2.hadoop33_default, ports: [REPLICATION=9886, RATIS=9858, RATIS_ADMIN=9857, RATIS_SERVER=9856, STANDALONE=9859], networkLocation: /default-rack, certSerialId: null, persistedOpState: IN_SERVICE, persistedOpStateExpiryEpochSec: 0}6abf0f09-bc30-4ddb-afa0-74b56f39d3ea{ip: 172.24.0.8, host: hadoop33_datanode_3.hadoop33_default, ports: [REPLICATION=9886, RATIS=9858, RATIS_ADMIN=9857, RATIS_SERVER=9856, STANDALONE=9859], networkLocation: /default-rack, certSerialId: null, persistedOpState: IN_SERVICE, persistedOpStateExpiryEpochSec: 0}, ReplicationConfig: RATIS/THREE, State:ALLOCATED, leaderId:6abf0f09-bc30-4ddb-afa0-74b56f39d3ea, CreationTimestamp2021-08-17T21:35:11.092Z[UTC]] moved to OPEN state
scm_1       | 2021-08-17 21:35:23,856 [EventQueue-OpenPipelineForHealthyPipelineSafeModeRule] INFO safemode.SCMSafeModeManager: SCM in safe mode. Healthy pipelines reported count is 0, required healthy pipeline reported count is 1
scm_1       | 2021-08-17 21:35:23,861 [EventQueue-OpenPipelineForHealthyPipelineSafeModeRule] INFO safemode.SCMSafeModeManager: SCM in safe mode. Healthy pipelines reported count is 1, required healthy pipeline reported count is 1
scm_1       | 2021-08-17 21:35:23,861 [EventQueue-OpenPipelineForHealthyPipelineSafeModeRule] INFO safemode.SCMSafeModeManager: HealthyPipelineSafeModeRule rule is successfully validated
scm_1       | 2021-08-17 21:35:23,861 [EventQueue-OpenPipelineForHealthyPipelineSafeModeRule] INFO safemode.SCMSafeModeManager: ScmSafeModeManager, all rules are successfully validated
scm_1       | 2021-08-17 21:35:23,861 [EventQueue-OpenPipelineForHealthyPipelineSafeModeRule] INFO safemode.SCMSafeModeManager: SCM exiting safe mode.
scm_1       | 2021-08-17 21:35:23,861 [EventQueue-OpenPipelineForHealthyPipelineSafeModeRule] WARN events.EventQueue: No event handler registered for event TypedEvent{payloadType=SafeModeStatus, name='Safe mode status'}
scm_1       | 2021-08-17 21:35:23,861 [EventQueue-OpenPipelineForHealthyPipelineSafeModeRule] INFO ha.SCMContext: Update SafeModeStatus from SafeModeStatus{safeModeStatus=true, preCheckPassed=true} to SafeModeStatus{safeModeStatus=false, preCheckPassed=true}.
scm_1       | 2021-08-17 21:35:23,862 [EventQueue-OpenPipelineForHealthyPipelineSafeModeRule] INFO pipeline.BackgroundPipelineCreator: Service BackgroundPipelineCreator transitions to RUNNING.
scm_1       | 2021-08-17 21:35:23,862 [EventQueue-OpenPipelineForHealthyPipelineSafeModeRule] INFO container.ReplicationManager: Service ReplicationManager transitions to RUNNING.
scm_1       | 2021-08-17 21:35:32,592 [EventQueue-PipelineReportForPipelineReportHandler] INFO pipeline.PipelineManagerImpl: Pipeline Pipeline[ Id: 602065d2-3cb4-426a-aea4-4d0ca54d63d4, Nodes: 6abf0f09-bc30-4ddb-afa0-74b56f39d3ea{ip: 172.24.0.8, host: hadoop33_datanode_3.hadoop33_default, ports: [REPLICATION=9886, RATIS=9858, RATIS_ADMIN=9857, RATIS_SERVER=9856, STANDALONE=9859], networkLocation: /default-rack, certSerialId: null, persistedOpState: IN_SERVICE, persistedOpStateExpiryEpochSec: 0}f0364c9f-9bbc-4467-827b-96147b8a8438{ip: 172.24.0.5, host: hadoop33_datanode_2.hadoop33_default, ports: [REPLICATION=9886, RATIS=9858, RATIS_ADMIN=9857, RATIS_SERVER=9856, STANDALONE=9859], networkLocation: /default-rack, certSerialId: null, persistedOpState: IN_SERVICE, persistedOpStateExpiryEpochSec: 0}53864a12-f92d-42fb-9b45-98153a9c2391{ip: 172.24.0.9, host: hadoop33_datanode_1.hadoop33_default, ports: [REPLICATION=9886, RATIS=9858, RATIS_ADMIN=9857, RATIS_SERVER=9856, STANDALONE=9859], networkLocation: /default-rack, certSerialId: null, persistedOpState: IN_SERVICE, persistedOpStateExpiryEpochSec: 0}, ReplicationConfig: RATIS/THREE, State:ALLOCATED, leaderId:f0364c9f-9bbc-4467-827b-96147b8a8438, CreationTimestamp2021-08-17T21:35:11.098Z[UTC]] moved to OPEN state
scm_1       | 2021-08-17 21:35:57,788 [IPC Server handler 9 on default port 9863] INFO ha.SequenceIdGenerator: Allocate a batch for containerId, change lastId from 0 to 1000.
scm_1       | 2021-08-17 21:35:57,818 [IPC Server handler 9 on default port 9863] WARN ha.SequenceIdGenerator: Failed to allocate a batch for localId, expected lastId is 0, actual lastId is 107544261427200000.
scm_1       | 2021-08-17 21:35:57,821 [IPC Server handler 9 on default port 9863] INFO ha.SequenceIdGenerator: Allocate a batch for localId, change lastId from 107544261427200000 to 107544261427201000.
scm_1       | 2021-08-17 21:37:29,382 [IPC Server handler 21 on default port 9863] INFO ha.SequenceIdGenerator: Allocate a batch for delTxnId, change lastId from 0 to 1000.
nm_1        | 2021-08-17 21:37:07 INFO  AuxServices:854 - Got APPLICATION_INIT for service mapreduce_shuffle
nm_1        | 2021-08-17 21:37:07 INFO  ShuffleHandler:732 - Added token for job_1629236098099_0001
nm_1        | 2021-08-17 21:37:07 INFO  ContainerImpl:2188 - Container container_1629236098099_0001_01_000003 transitioned from LOCALIZING to SCHEDULED
nm_1        | 2021-08-17 21:37:07 INFO  ContainerScheduler:541 - Starting container [container_1629236098099_0001_01_000003]
nm_1        | 2021-08-17 21:37:07 INFO  NodeStatusUpdaterImpl:727 - Removed completed containers from NM context: [container_1629236098099_0001_01_000002]
nm_1        | 2021-08-17 21:37:07 INFO  ContainerImpl:2188 - Container container_1629236098099_0001_01_000003 transitioned from SCHEDULED to RUNNING
nm_1        | 2021-08-17 21:37:07 INFO  ContainersMonitorImpl:1112 - Starting resource-monitoring for container_1629236098099_0001_01_000003
nm_1        | 2021-08-17 21:37:07 INFO  DefaultContainerExecutor:385 - launchContainer: [bash, /tmp/hadoop-hadoop/nm-local-dir/usercache/hadoop/appcache/application_1629236098099_0001/container_1629236098099_0001_01_000003/default_container_executor.sh]
nm_1        | 2021-08-17 21:37:09 INFO  ContainersMonitorImpl:643 - container_1629236098099_0001_01_000003's ip = 172.24.0.4, and hostname = nm
nm_1        | 2021-08-17 21:37:09 INFO  ContainersMonitorImpl:548 - Skipping monitoring container container_1629236098099_0001_01_000003 since CPU usage is not yet available.
nm_1        | 2021-08-17 21:37:12 INFO  ContainerLaunch:687 - Container container_1629236098099_0001_01_000003 succeeded 
nm_1        | 2021-08-17 21:37:12 INFO  ContainerImpl:2188 - Container container_1629236098099_0001_01_000003 transitioned from RUNNING to EXITED_WITH_SUCCESS
nm_1        | 2021-08-17 21:37:12 INFO  ContainerCleanup:89 - Cleaning up container container_1629236098099_0001_01_000003
nm_1        | 2021-08-17 21:37:12 INFO  NMAuditLogger:94 - USER=hadoop	OPERATION=Container Finished - Succeeded	TARGET=ContainerImpl	RESULT=SUCCESS	APPID=application_1629236098099_0001	CONTAINERID=container_1629236098099_0001_01_000003
nm_1        | 2021-08-17 21:37:12 INFO  ContainerImpl:2188 - Container container_1629236098099_0001_01_000003 transitioned from EXITED_WITH_SUCCESS to DONE
datanode_3  | 2021-08-17 21:35:23,863 [6abf0f09-bc30-4ddb-afa0-74b56f39d3ea@group-05E850D6AC3A-LeaderElection3] INFO server.RaftServerConfigKeys: raft.server.write.byte-limit = 1024 M (=1073741824) (custom)
datanode_3  | 2021-08-17 21:35:23,865 [6abf0f09-bc30-4ddb-afa0-74b56f39d3ea@group-05E850D6AC3A-LeaderElection3] INFO server.RaftServerConfigKeys: raft.server.watch.timeout = 180s (custom)
datanode_3  | 2021-08-17 21:35:23,867 [6abf0f09-bc30-4ddb-afa0-74b56f39d3ea@group-05E850D6AC3A-LeaderElection3] INFO server.RaftServerConfigKeys: raft.server.watch.timeout.denomination = 1s (default)
datanode_3  | 2021-08-17 21:35:23,867 [6abf0f09-bc30-4ddb-afa0-74b56f39d3ea@group-05E850D6AC3A-LeaderElection3] INFO server.RaftServerConfigKeys: raft.server.watch.element-limit = 65536 (default)
datanode_3  | 2021-08-17 21:35:23,882 [6abf0f09-bc30-4ddb-afa0-74b56f39d3ea@group-05E850D6AC3A-LeaderElection3] INFO server.RaftServerConfigKeys: raft.server.log.appender.snapshot.chunk.size.max = 16MB (=16777216) (default)
datanode_3  | 2021-08-17 21:35:23,884 [6abf0f09-bc30-4ddb-afa0-74b56f39d3ea@group-05E850D6AC3A-LeaderElection3] INFO server.RaftServerConfigKeys: raft.server.log.appender.buffer.byte-limit = 33554432 (custom)
datanode_3  | 2021-08-17 21:35:23,885 [6abf0f09-bc30-4ddb-afa0-74b56f39d3ea@group-05E850D6AC3A-LeaderElection3] INFO server.RaftServerConfigKeys: raft.server.log.appender.buffer.element-limit = 1 (custom)
datanode_3  | 2021-08-17 21:35:23,892 [6abf0f09-bc30-4ddb-afa0-74b56f39d3ea@group-05E850D6AC3A-LeaderElection3] INFO grpc.GrpcConfigKeys: raft.grpc.server.leader.outstanding.appends.max = 128 (default)
datanode_3  | 2021-08-17 21:35:23,893 [6abf0f09-bc30-4ddb-afa0-74b56f39d3ea@group-05E850D6AC3A-LeaderElection3] INFO server.RaftServerConfigKeys: raft.server.rpc.request.timeout = 60s (custom)
datanode_3  | 2021-08-17 21:35:23,893 [6abf0f09-bc30-4ddb-afa0-74b56f39d3ea@group-05E850D6AC3A-LeaderElection3] INFO server.RaftServerConfigKeys: raft.server.log.appender.install.snapshot.enabled = false (custom)
datanode_3  | 2021-08-17 21:35:23,898 [6abf0f09-bc30-4ddb-afa0-74b56f39d3ea@group-05E850D6AC3A-LeaderElection3] INFO server.RaftServerConfigKeys: raft.server.log.appender.snapshot.chunk.size.max = 16MB (=16777216) (default)
datanode_3  | 2021-08-17 21:35:23,903 [6abf0f09-bc30-4ddb-afa0-74b56f39d3ea@group-05E850D6AC3A-LeaderElection3] INFO server.RaftServerConfigKeys: raft.server.log.appender.buffer.byte-limit = 33554432 (custom)
datanode_3  | 2021-08-17 21:35:23,903 [6abf0f09-bc30-4ddb-afa0-74b56f39d3ea@group-05E850D6AC3A-LeaderElection3] INFO server.RaftServerConfigKeys: raft.server.log.appender.buffer.element-limit = 1 (custom)
datanode_3  | 2021-08-17 21:35:23,903 [6abf0f09-bc30-4ddb-afa0-74b56f39d3ea@group-05E850D6AC3A-LeaderElection3] INFO grpc.GrpcConfigKeys: raft.grpc.server.leader.outstanding.appends.max = 128 (default)
datanode_3  | 2021-08-17 21:35:23,903 [6abf0f09-bc30-4ddb-afa0-74b56f39d3ea@group-05E850D6AC3A-LeaderElection3] INFO server.RaftServerConfigKeys: raft.server.rpc.request.timeout = 60s (custom)
datanode_3  | 2021-08-17 21:35:23,903 [6abf0f09-bc30-4ddb-afa0-74b56f39d3ea@group-05E850D6AC3A-LeaderElection3] INFO server.RaftServerConfigKeys: raft.server.log.appender.install.snapshot.enabled = false (custom)
datanode_3  | 2021-08-17 21:35:23,904 [6abf0f09-bc30-4ddb-afa0-74b56f39d3ea@group-05E850D6AC3A-LeaderElection3] INFO impl.RoleInfo: 6abf0f09-bc30-4ddb-afa0-74b56f39d3ea: start 6abf0f09-bc30-4ddb-afa0-74b56f39d3ea@group-05E850D6AC3A-LeaderStateImpl
datanode_3  | 2021-08-17 21:35:23,905 [6abf0f09-bc30-4ddb-afa0-74b56f39d3ea@group-05E850D6AC3A-LeaderElection3] INFO segmented.SegmentedRaftLogWorker: 6abf0f09-bc30-4ddb-afa0-74b56f39d3ea@group-05E850D6AC3A-SegmentedRaftLogWorker: Starting segment from index:0
datanode_3  | 2021-08-17 21:35:23,907 [6abf0f09-bc30-4ddb-afa0-74b56f39d3ea@group-05E850D6AC3A-SegmentedRaftLogWorker] INFO segmented.SegmentedRaftLogWorker: 6abf0f09-bc30-4ddb-afa0-74b56f39d3ea@group-05E850D6AC3A-SegmentedRaftLogWorker: created new log segment /data/metadata/ratis/7dde9d04-8170-4e0c-a2bd-05e850d6ac3a/current/log_inprogress_0
datanode_3  | 2021-08-17 21:35:23,919 [6abf0f09-bc30-4ddb-afa0-74b56f39d3ea@group-05E850D6AC3A-LeaderElection3] INFO server.RaftServer$Division: 6abf0f09-bc30-4ddb-afa0-74b56f39d3ea@group-05E850D6AC3A: set configuration 0: [53864a12-f92d-42fb-9b45-98153a9c2391|rpc:172.24.0.9:9856|admin:172.24.0.9:9857|client:172.24.0.9:9858|dataStream:|priority:0, f0364c9f-9bbc-4467-827b-96147b8a8438|rpc:172.24.0.5:9856|admin:172.24.0.5:9857|client:172.24.0.5:9858|dataStream:|priority:0, 6abf0f09-bc30-4ddb-afa0-74b56f39d3ea|rpc:172.24.0.8:9856|admin:172.24.0.8:9857|client:172.24.0.8:9858|dataStream:|priority:1], old=null
datanode_3  | 2021-08-17 21:35:27,372 [6abf0f09-bc30-4ddb-afa0-74b56f39d3ea@group-4D0CA54D63D4-FollowerState] INFO impl.FollowerState: 6abf0f09-bc30-4ddb-afa0-74b56f39d3ea@group-4D0CA54D63D4-FollowerState: change to CANDIDATE, lastRpcElapsedTime:5052961170ns, electionTimeout:5044ms
datanode_3  | 2021-08-17 21:35:27,372 [6abf0f09-bc30-4ddb-afa0-74b56f39d3ea@group-4D0CA54D63D4-FollowerState] INFO impl.RoleInfo: 6abf0f09-bc30-4ddb-afa0-74b56f39d3ea: shutdown 6abf0f09-bc30-4ddb-afa0-74b56f39d3ea@group-4D0CA54D63D4-FollowerState
datanode_3  | 2021-08-17 21:35:27,372 [6abf0f09-bc30-4ddb-afa0-74b56f39d3ea@group-4D0CA54D63D4-FollowerState] INFO server.RaftServer$Division: 6abf0f09-bc30-4ddb-afa0-74b56f39d3ea@group-4D0CA54D63D4: changes role from  FOLLOWER to CANDIDATE at term 1 for changeToCandidate
nm_1        | 2021-08-17 21:37:12 INFO  ApplicationImpl:512 - Removing container_1629236098099_0001_01_000003 from application application_1629236098099_0001
nm_1        | 2021-08-17 21:37:12 INFO  ContainersMonitorImpl:1103 - Stopping resource-monitoring for container_1629236098099_0001_01_000003
nm_1        | 2021-08-17 21:37:12 INFO  AuxServices:850 - Got event CONTAINER_STOP for appId application_1629236098099_0001
nm_1        | 2021-08-17 21:37:12 INFO  DefaultContainerExecutor:647 - Deleting absolute path : /tmp/hadoop-hadoop/nm-local-dir/usercache/hadoop/appcache/application_1629236098099_0001/container_1629236098099_0001_01_000003/launch_container.sh
nm_1        | 2021-08-17 21:37:12 INFO  DefaultContainerExecutor:647 - Deleting absolute path : /tmp/hadoop-hadoop/nm-local-dir/usercache/hadoop/appcache/application_1629236098099_0001/container_1629236098099_0001_01_000003/container_tokens
rm_1        | 2021-08-17 21:34:58 INFO  AbstractDelegationTokenSecretManager:354 - Updating the current master key for generating delegation tokens
rm_1        | 2021-08-17 21:34:58 INFO  RMDelegationTokenSecretManager:92 - storing master key with keyID 2
nm_1        | 2021-08-17 21:37:12 INFO  DefaultContainerExecutor:647 - Deleting absolute path : /tmp/hadoop-hadoop/nm-local-dir/usercache/hadoop/appcache/application_1629236098099_0001/container_1629236098099_0001_01_000003/sysfs
nm_1        | 2021-08-17 21:37:12 WARN  DefaultContainerExecutor:650 - delete returned false for path: [/tmp/hadoop-hadoop/nm-local-dir/usercache/hadoop/appcache/application_1629236098099_0001/container_1629236098099_0001_01_000003/sysfs]
nm_1        | 2021-08-17 21:37:13 INFO  Server:2061 - Auth successful for appattempt_1629236098099_0001_000001 (auth:SIMPLE) from 172.24.0.4:42670
nm_1        | 2021-08-17 21:37:13 INFO  ContainerManagerImpl:1088 - Start request for container_1629236098099_0001_01_000004 by user appattempt_1629236098099_0001_000001 with resource <memory:4096, vCores:1>
nm_1        | 2021-08-17 21:37:13 INFO  ApplicationImpl:463 - Adding container_1629236098099_0001_01_000004 to application application_1629236098099_0001
nm_1        | 2021-08-17 21:37:13 INFO  NMAuditLogger:94 - USER=appattempt_1629236098099_0001_000001	IP=172.24.0.4	OPERATION=Start Container Request	TARGET=ContainerManageImpl	RESULT=SUCCESS	APPID=application_1629236098099_0001	CONTAINERID=container_1629236098099_0001_01_000004
nm_1        | 2021-08-17 21:37:13 INFO  ContainerImpl:1251 - Container container_1629236098099_0001_01_000004 is localizing: [o3fs://bucket1.volume1.om/user/hadoop/.staging/job_1629236098099_0001/job.jar, o3fs://bucket1.volume1.om/user/hadoop/.staging/job_1629236098099_0001/job.xml]
nm_1        | 2021-08-17 21:37:13 INFO  ContainerImpl:2188 - Container container_1629236098099_0001_01_000004 transitioned from NEW to LOCALIZING
nm_1        | 2021-08-17 21:37:13 INFO  AuxServices:850 - Got event CONTAINER_INIT for appId application_1629236098099_0001
nm_1        | 2021-08-17 21:37:13 INFO  AuxServices:850 - Got event APPLICATION_INIT for appId application_1629236098099_0001
nm_1        | 2021-08-17 21:37:13 INFO  AuxServices:854 - Got APPLICATION_INIT for service mapreduce_shuffle
nm_1        | 2021-08-17 21:37:13 INFO  ShuffleHandler:732 - Added token for job_1629236098099_0001
nm_1        | 2021-08-17 21:37:13 INFO  ContainerImpl:2188 - Container container_1629236098099_0001_01_000004 transitioned from LOCALIZING to SCHEDULED
nm_1        | 2021-08-17 21:37:13 INFO  ContainerScheduler:541 - Starting container [container_1629236098099_0001_01_000004]
nm_1        | 2021-08-17 21:37:13 INFO  ContainerImpl:2188 - Container container_1629236098099_0001_01_000004 transitioned from SCHEDULED to RUNNING
nm_1        | 2021-08-17 21:37:13 INFO  ContainersMonitorImpl:1112 - Starting resource-monitoring for container_1629236098099_0001_01_000004
nm_1        | 2021-08-17 21:37:13 INFO  DefaultContainerExecutor:385 - launchContainer: [bash, /tmp/hadoop-hadoop/nm-local-dir/usercache/hadoop/appcache/application_1629236098099_0001/container_1629236098099_0001_01_000004/default_container_executor.sh]
nm_1        | 2021-08-17 21:37:14 INFO  NodeStatusUpdaterImpl:727 - Removed completed containers from NM context: [container_1629236098099_0001_01_000003]
nm_1        | 2021-08-17 21:37:15 INFO  ContainersMonitorImpl:643 - container_1629236098099_0001_01_000004's ip = 172.24.0.4, and hostname = nm
nm_1        | 2021-08-17 21:37:15 INFO  ContainersMonitorImpl:548 - Skipping monitoring container container_1629236098099_0001_01_000004 since CPU usage is not yet available.
rm_1        | 2021-08-17 21:34:58 INFO  RMStateStore:516 - Storing RMDTMasterKey.
rm_1        | 2021-08-17 21:34:59 INFO  AbstractFSNodeStore:68 - Created store directory :file:/tmp/hadoop-yarn-hadoop/node-attribute
rm_1        | 2021-08-17 21:34:59 INFO  AbstractFSNodeStore:182 - Finished write mirror at:file:/tmp/hadoop-yarn-hadoop/node-attribute/nodeattribute.mirror
rm_1        | 2021-08-17 21:34:59 INFO  AbstractFSNodeStore:183 - Finished create editlog file at:file:/tmp/hadoop-yarn-hadoop/node-attribute/nodeattribute.editlog
rm_1        | 2021-08-17 21:34:59 INFO  AsyncDispatcher:267 - Registering class org.apache.hadoop.yarn.server.resourcemanager.nodelabels.NodeAttributesStoreEventType for class org.apache.hadoop.yarn.server.resourcemanager.nodelabels.NodeAttributesManagerImpl$ForwardingEventHandler
rm_1        | 2021-08-17 21:34:59 INFO  MultiNodeSortingManager:66 - Starting NodeSortingService=MultiNodeSortingManager
rm_1        | 2021-08-17 21:34:59 INFO  CallQueueManager:90 - Using callQueue: class java.util.concurrent.LinkedBlockingQueue, queueCapacity: 5000, scheduler: class org.apache.hadoop.ipc.DefaultRpcScheduler, ipcBackoff: false.
rm_1        | 2021-08-17 21:34:59 INFO  Server:1265 - Starting Socket Reader #1 for port 8031
rm_1        | 2021-08-17 21:34:59 INFO  RpcServerFactoryPBImpl:174 - Adding protocol org.apache.hadoop.yarn.server.api.ResourceTrackerPB to the server
rm_1        | 2021-08-17 21:34:59 INFO  Server:1507 - IPC Server Responder: starting
rm_1        | 2021-08-17 21:34:59 INFO  Server:1344 - IPC Server listener on 8031: starting
rm_1        | 2021-08-17 21:34:59 INFO  JvmPauseMonitor:188 - Starting JVM pause monitor
rm_1        | 2021-08-17 21:34:59 INFO  CallQueueManager:90 - Using callQueue: class java.util.concurrent.LinkedBlockingQueue, queueCapacity: 5000, scheduler: class org.apache.hadoop.ipc.DefaultRpcScheduler, ipcBackoff: false.
rm_1        | 2021-08-17 21:34:59 INFO  Server:1265 - Starting Socket Reader #1 for port 8030
rm_1        | 2021-08-17 21:34:59 INFO  RpcServerFactoryPBImpl:174 - Adding protocol org.apache.hadoop.yarn.api.ApplicationMasterProtocolPB to the server
rm_1        | 2021-08-17 21:34:59 INFO  Server:1507 - IPC Server Responder: starting
datanode_3  | 2021-08-17 21:35:27,373 [6abf0f09-bc30-4ddb-afa0-74b56f39d3ea@group-4D0CA54D63D4-FollowerState] INFO server.RaftServerConfigKeys: raft.server.leaderelection.pre-vote = false (custom)
datanode_3  | 2021-08-17 21:35:27,373 [6abf0f09-bc30-4ddb-afa0-74b56f39d3ea@group-4D0CA54D63D4-FollowerState] INFO impl.RoleInfo: 6abf0f09-bc30-4ddb-afa0-74b56f39d3ea: start 6abf0f09-bc30-4ddb-afa0-74b56f39d3ea@group-4D0CA54D63D4-LeaderElection4
