scm_1         | STARTUP_MSG:   classpath = /etc/hadoop:/opt/hadoop/share/ozone/lib/hdds-interface-admin-1.2.0-SNAPSHOT.jar:/opt/hadoop/share/ozone/lib/jackson-annotations-2.12.1.jar:/opt/hadoop/share/ozone/lib/kerb-simplekdc-1.0.1.jar:/opt/hadoop/share/ozone/lib/slf4j-log4j12-1.7.30.jar:/opt/hadoop/share/ozone/lib/protobuf-java-2.5.0.jar:/opt/hadoop/share/ozone/lib/jaxb-core-2.3.0.1.jar:/opt/hadoop/share/ozone/lib/log4j-api-2.13.3.jar:/opt/hadoop/share/ozone/lib/istack-commons-runtime-3.0.5.jar:/opt/hadoop/share/ozone/lib/commons-validator-1.6.jar:/opt/hadoop/share/ozone/lib/bcpkix-jdk15on-1.67.jar:/opt/hadoop/share/ozone/lib/hdds-server-framework-1.2.0-SNAPSHOT.jar:/opt/hadoop/share/ozone/lib/jetty-security-9.4.43.v20210629.jar:/opt/hadoop/share/ozone/lib/kerb-core-1.0.1.jar:/opt/hadoop/share/ozone/lib/rocksdbjni-6.20.3.jar:/opt/hadoop/share/ozone/lib/picocli-4.4.0.jar:/opt/hadoop/share/ozone/lib/hdds-interface-server-1.2.0-SNAPSHOT.jar:/opt/hadoop/share/ozone/lib/hadoop-shaded-protobuf_3_7-1.1.1.jar:/opt/hadoop/share/ozone/lib/okhttp-4.9.0.jar:/opt/hadoop/share/ozone/lib/jsr305-3.0.0.jar:/opt/hadoop/share/ozone/lib/j2objc-annotations-1.3.jar:/opt/hadoop/share/ozone/lib/hdds-hadoop-dependency-server-1.2.0-SNAPSHOT.jar:/opt/hadoop/share/ozone/lib/javassist-3.21.0-GA.jar:/opt/hadoop/share/ozone/lib/jaxb-api-2.3.0.jar:/opt/hadoop/share/ozone/lib/htrace-core4-4.1.0-incubating.jar:/opt/hadoop/share/ozone/lib/ratis-metrics-2.1.0-03f3b68-SNAPSHOT.jar:/opt/hadoop/share/ozone/lib/commons-io-2.8.0.jar:/opt/hadoop/share/ozone/lib/kerb-util-1.0.1.jar:/opt/hadoop/share/ozone/lib/kotlin-stdlib-common-1.4.31.jar:/opt/hadoop/share/ozone/lib/ratis-netty-2.1.0-03f3b68-SNAPSHOT.jar:/opt/hadoop/share/ozone/lib/checker-qual-3.8.0.jar:/opt/hadoop/share/ozone/lib/hadoop-shaded-guava-1.1.1.jar:/opt/hadoop/share/ozone/lib/commons-logging-1.2.jar:/opt/hadoop/share/ozone/lib/kerby-xdr-1.0.1.jar:/opt/hadoop/share/ozone/lib/ratis-server-2.1.0-03f3b68-SNAPSHOT.jar:/opt/hadoop/share/ozone/lib/netty-buffer-4.1.63.Final.jar:/opt/hadoop/share/ozone/lib/txw2-2.3.0.1.jar:/opt/hadoop/share/ozone/lib/jackson-datatype-jsr310-2.12.1.jar:/opt/hadoop/share/ozone/lib/httpcore-4.4.13.jar:/opt/hadoop/share/ozone/lib/opentracing-tracerresolver-0.1.8.jar:/opt/hadoop/share/ozone/lib/commons-net-3.6.jar:/opt/hadoop/share/ozone/lib/hdds-client-1.2.0-SNAPSHOT.jar:/opt/hadoop/share/ozone/lib/libthrift-0.14.1.jar:/opt/hadoop/share/ozone/lib/snakeyaml-1.26.jar:/opt/hadoop/share/ozone/lib/stax-ex-1.7.8.jar:/opt/hadoop/share/ozone/lib/error_prone_annotations-2.2.0.jar:/opt/hadoop/share/ozone/lib/httpclient-4.5.13.jar:/opt/hadoop/share/ozone/lib/jetty-servlet-9.4.43.v20210629.jar:/opt/hadoop/share/ozone/lib/jaeger-client-1.6.0.jar:/opt/hadoop/share/ozone/lib/kerby-config-1.0.1.jar:/opt/hadoop/share/ozone/lib/metrics-core-3.2.4.jar:/opt/hadoop/share/ozone/lib/kerby-pkix-1.0.1.jar:/opt/hadoop/share/ozone/lib/netty-codec-4.1.63.Final.jar:/opt/hadoop/share/ozone/lib/jsr311-api-1.1.1.jar:/opt/hadoop/share/ozone/lib/commons-beanutils-1.9.4.jar:/opt/hadoop/share/ozone/lib/jetty-webapp-9.4.43.v20210629.jar:/opt/hadoop/share/ozone/lib/ratis-proto-2.1.0-03f3b68-SNAPSHOT.jar:/opt/hadoop/share/ozone/lib/ratis-client-2.1.0-03f3b68-SNAPSHOT.jar:/opt/hadoop/share/ozone/lib/javax.servlet-api-3.1.0.jar:/opt/hadoop/share/ozone/lib/kerb-server-1.0.1.jar:/opt/hadoop/share/ozone/lib/guava-30.1.1-jre.jar:/opt/hadoop/share/ozone/lib/kerb-client-1.0.1.jar:/opt/hadoop/share/ozone/lib/jackson-core-2.12.1.jar:/opt/hadoop/share/ozone/lib/netty-transport-4.1.63.Final.jar:/opt/hadoop/share/ozone/lib/netty-common-4.1.63.Final.jar:/opt/hadoop/share/ozone/lib/disruptor-3.4.2.jar:/opt/hadoop/share/ozone/lib/reflections-0.9.11.jar:/opt/hadoop/share/ozone/lib/log4j-core-2.13.3.jar:/opt/hadoop/share/ozone/lib/jetty-io-9.4.43.v20210629.jar:/opt/hadoop/share/ozone/lib/hadoop-hdfs-3.3.1.jar:/opt/hadoop/share/ozone/lib/annotations-13.0.jar:/opt/hadoop/share/ozone/lib/jetty-server-9.4.43.v20210629.jar:/opt/hadoop/share/ozone/lib/simpleclient_common-0.7.0.jar:/opt/hadoop/share/ozone/lib/jackson-databind-2.12.1.jar:/opt/hadoop/share/ozone/lib/jaeger-thrift-1.6.0.jar:/opt/hadoop/share/ozone/lib/hadoop-common-3.3.1.jar:/opt/hadoop/share/ozone/lib/dnsjava-2.1.7.jar:/opt/hadoop/share/ozone/lib/bcprov-jdk15on-1.67.jar:/opt/hadoop/share/ozone/lib/commons-configuration2-2.1.1.jar:/opt/hadoop/share/ozone/lib/json-smart-2.3.jar:/opt/hadoop/share/ozone/lib/token-provider-1.0.1.jar:/opt/hadoop/share/ozone/lib/log4j-1.2.17.jar:/opt/hadoop/share/ozone/lib/commons-daemon-1.0.13.jar:/opt/hadoop/share/ozone/lib/listenablefuture-9999.0-empty-to-avoid-conflict-with-guava.jar:/opt/hadoop/share/ozone/lib/jaeger-tracerresolver-1.6.0.jar:/opt/hadoop/share/ozone/lib/jetty-xml-9.4.43.v20210629.jar:/opt/hadoop/share/ozone/lib/commons-lang3-3.7.jar:/opt/hadoop/share/ozone/lib/hdds-common-1.2.0-SNAPSHOT.jar:/opt/hadoop/share/ozone/lib/accessors-smart-1.2.jar:/opt/hadoop/share/ozone/lib/re2j-1.1.jar:/opt/hadoop/share/ozone/lib/commons-math3-3.1.1.jar:/opt/hadoop/share/ozone/lib/ratis-thirdparty-misc-0.7.0.jar:/opt/hadoop/share/ozone/lib/simpleclient_dropwizard-0.7.0.jar:/opt/hadoop/share/ozone/lib/simpleclient-0.7.0.jar:/opt/hadoop/share/ozone/lib/asm-5.0.4.jar:/opt/hadoop/share/ozone/lib/kerby-util-1.0.1.jar:/opt/hadoop/share/ozone/lib/hdds-hadoop-dependency-client-1.2.0-SNAPSHOT.jar:/opt/hadoop/share/ozone/lib/failureaccess-1.0.1.jar:/opt/hadoop/share/ozone/lib/okio-2.8.0.jar:/opt/hadoop/share/ozone/lib/hdds-config-1.2.0-SNAPSHOT.jar:/opt/hadoop/share/ozone/lib/jsp-api-2.1.jar:/opt/hadoop/share/ozone/lib/jsch-0.1.54.jar:/opt/hadoop/share/ozone/lib/jetty-http-9.4.43.v20210629.jar:/opt/hadoop/share/ozone/lib/jakarta.activation-api-1.2.1.jar:/opt/hadoop/share/ozone/lib/slf4j-api-1.7.30.jar:/opt/hadoop/share/ozone/lib/hadoop-hdfs-client-3.3.1.jar:/opt/hadoop/share/ozone/lib/nimbus-jose-jwt-7.9.jar:/opt/hadoop/share/ozone/lib/commons-codec-1.11.jar:/opt/hadoop/share/ozone/lib/commons-pool2-2.6.0.jar:/opt/hadoop/share/ozone/lib/gson-2.2.4.jar:/opt/hadoop/share/ozone/lib/jetty-util-9.4.43.v20210629.jar:/opt/hadoop/share/ozone/lib/netty-handler-4.1.63.Final.jar:/opt/hadoop/share/ozone/lib/opentracing-api-0.33.0.jar:/opt/hadoop/share/ozone/lib/jetty-util-ajax-9.4.43.v20210629.jar:/opt/hadoop/share/ozone/lib/hdds-interface-client-1.2.0-SNAPSHOT.jar:/opt/hadoop/share/ozone/lib/jcip-annotations-1.0-1.jar:/opt/hadoop/share/ozone/lib/kerb-admin-1.0.1.jar:/opt/hadoop/share/ozone/lib/netty-resolver-4.1.63.Final.jar:/opt/hadoop/share/ozone/lib/kotlin-stdlib-1.4.31.jar:/opt/hadoop/share/ozone/lib/opentracing-noop-0.33.0.jar:/opt/hadoop/share/ozone/lib/jersey-core-1.19.jar:/opt/hadoop/share/ozone/lib/jaxb-runtime-2.3.0.1.jar:/opt/hadoop/share/ozone/lib/ratis-grpc-2.1.0-03f3b68-SNAPSHOT.jar:/opt/hadoop/share/ozone/lib/opentracing-util-0.33.0.jar:/opt/hadoop/share/ozone/lib/snappy-java-1.1.8.2.jar:/opt/hadoop/share/ozone/lib/commons-cli-1.2.jar:/opt/hadoop/share/ozone/lib/woodstox-core-5.0.3.jar:/opt/hadoop/share/ozone/lib/javax.annotation-api-1.2.jar:/opt/hadoop/share/ozone/lib/kerby-asn1-1.0.1.jar:/opt/hadoop/share/ozone/lib/hadoop-annotations-3.3.1.jar:/opt/hadoop/share/ozone/lib/hdds-container-service-1.2.0-SNAPSHOT.jar:/opt/hadoop/share/ozone/lib/stax2-api-3.1.4.jar:/opt/hadoop/share/ozone/lib/commons-digester-1.8.1.jar:/opt/hadoop/share/ozone/lib/commons-collections-3.2.2.jar:/opt/hadoop/share/ozone/lib/jaeger-core-1.6.0.jar:/opt/hadoop/share/ozone/lib/ratis-server-api-2.1.0-03f3b68-SNAPSHOT.jar:/opt/hadoop/share/ozone/lib/commons-text-1.4.jar:/opt/hadoop/share/ozone/lib/jersey-servlet-1.19.jar:/opt/hadoop/share/ozone/lib/hadoop-auth-3.3.1.jar:/opt/hadoop/share/ozone/lib/kerb-identity-1.0.1.jar:/opt/hadoop/share/ozone/lib/FastInfoset-1.2.13.jar:/opt/hadoop/share/ozone/lib/ratis-common-2.1.0-03f3b68-SNAPSHOT.jar:/opt/hadoop/share/ozone/lib/kerb-common-1.0.1.jar:/opt/hadoop/share/ozone/lib/jersey-server-1.19.jar:/opt/hadoop/share/ozone/lib/commons-compress-1.20.jar:/opt/hadoop/share/ozone/lib/kerb-crypto-1.0.1.jar:/opt/hadoop/share/ozone/web:/opt/hadoop/share/ozone/lib/hdds-server-scm-1.2.0-SNAPSHOT.jar
datanode_6_1  | 2021-08-17 21:48:03,653 [pool-22-thread-1] INFO server.RaftServerConfigKeys: raft.server.log.appender.install.snapshot.enabled = false (custom)
om_1          | 2021-08-17 21:48:09,743 [main] INFO grpc.GrpcConfigKeys: raft.grpc.admin.port = -1 (default)
datanode_1_1  | 2021-08-17 21:48:11,378 [grpc-default-executor-0] INFO impl.RoleInfo: d647fec4-466a-4904-b6d4-035c217c7292: start d647fec4-466a-4904-b6d4-035c217c7292@group-C1EA54953A15-FollowerState
datanode_5_1  | 2021-08-17 21:48:02,207 [pool-22-thread-1] INFO server.RaftServerConfigKeys: raft.server.log.statemachine.data.sync = true (default)
datanode_5_1  | 2021-08-17 21:48:02,207 [pool-22-thread-1] INFO server.RaftServerConfigKeys: raft.server.log.statemachine.data.sync.timeout = 10s (default)
datanode_4_1  | 2021-08-17 21:48:01,834 [pool-22-thread-1] INFO server.RaftServerConfigKeys: raft.server.log.appender.buffer.byte-limit = 33554432 (custom)
scm_1         | STARTUP_MSG:   build = https://github.com/apache/ozone/8088cf8757cf9437400302376766253c97e3beb1 ; compiled by 'runner' on 2021-08-17T20:52Z
scm_1         | STARTUP_MSG:   java = 11.0.10
scm_1         | ************************************************************/
scm_1         | 2021-08-17 21:47:41,261 [main] INFO server.StorageContainerManagerStarter: registered UNIX signal handlers for [TERM, HUP, INT]
datanode_6_1  | 2021-08-17 21:48:03,653 [pool-22-thread-1] INFO server.RaftServer$Division: 1f0f835c-c617-4531-b5d7-72b2aaf4da97@group-128885803602: ConfigurationManager, init=-1: [1f0f835c-c617-4531-b5d7-72b2aaf4da97|rpc:10.5.0.9:9856|admin:10.5.0.9:9857|client:10.5.0.9:9858|dataStream:|priority:0, 625ceb4c-48c6-4648-92bf-a7dc9c0c3102|rpc:10.5.0.8:9856|admin:10.5.0.8:9857|client:10.5.0.8:9858|dataStream:|priority:0, 02ee5a15-59b3-4437-a96f-c3940d43f704|rpc:10.5.0.6:9856|admin:10.5.0.6:9857|client:10.5.0.6:9858|dataStream:|priority:1], old=null, confs=<EMPTY_MAP>
datanode_6_1  | 2021-08-17 21:48:03,654 [pool-22-thread-1] INFO server.RaftServerConfigKeys: raft.server.storage.dir = [/data/metadata/ratis] (custom)
datanode_4_1  | 2021-08-17 21:48:01,836 [pool-22-thread-1] INFO server.RaftServerConfigKeys: raft.server.log.segment.size.max = 1048576 (custom)
datanode_4_1  | 2021-08-17 21:48:01,840 [pool-22-thread-1] INFO server.RaftServerConfigKeys: raft.server.log.segment.cache.num.max = 2 (custom)
datanode_4_1  | 2021-08-17 21:48:01,860 [pool-22-thread-1] INFO server.RaftServerConfigKeys: raft.server.log.segment.cache.size.max = 200MB (=209715200) (default)
datanode_4_1  | 2021-08-17 21:48:01,865 [pool-22-thread-1] INFO segmented.SegmentedRaftLogWorker: new 10b43767-7d30-4555-8053-4364c4f9a9b9@group-0A4BE4EF9F1D-SegmentedRaftLogWorker for RaftStorageImpl:Storage Directory /data/metadata/ratis/8f45e744-2f53-4629-9466-0a4be4ef9f1d
datanode_4_1  | 2021-08-17 21:48:01,867 [pool-22-thread-1] INFO server.RaftServerConfigKeys: raft.server.log.queue.byte-limit = 2147483647 (custom)
datanode_6_1  | 2021-08-17 21:48:03,655 [pool-22-thread-1] INFO server.RaftServerConfigKeys: raft.server.log.corruption.policy = EXCEPTION (default)
datanode_4_1  | 2021-08-17 21:48:01,870 [pool-22-thread-1] INFO server.RaftServerConfigKeys: raft.server.log.queue.element-limit = 1024 (custom)
datanode_4_1  | 2021-08-17 21:48:01,870 [pool-22-thread-1] INFO server.RaftServerConfigKeys: raft.server.log.segment.size.max = 1048576 (custom)
scm_1         | 2021-08-17 21:47:42,348 [main] INFO ha.SCMHANodeDetails: ServiceID for StorageContainerManager is null
om_1          | 2021-08-17 21:48:09,746 [main] INFO grpc.GrpcConfigKeys: raft.grpc.server.port = 9872 (custom)
om_1          | 2021-08-17 21:48:09,747 [main] INFO grpc.GrpcConfigKeys: raft.grpc.client.port = -1 (default)
datanode_1_1  | 2021-08-17 21:48:11,378 [d647fec4-466a-4904-b6d4-035c217c7292@group-C1EA54953A15-FollowerState] INFO impl.FollowerState: d647fec4-466a-4904-b6d4-035c217c7292@group-C1EA54953A15-FollowerState was interrupted: {}
datanode_6_1  | 2021-08-17 21:48:03,655 [pool-22-thread-1] INFO server.RaftServerConfigKeys: raft.server.storage.free-space.min = 0MB (=0) (default)
datanode_6_1  | 2021-08-17 21:48:03,655 [pool-22-thread-1] INFO storage.RaftStorageDirectory: The storage directory /data/metadata/ratis/e50a5ae9-59cb-415a-8abc-128885803602 does not exist. Creating ...
datanode_3_1  | 2021-08-17 21:48:09,511 [02ee5a15-59b3-4437-a96f-c3940d43f704@group-B647D966FC6F-LeaderElection2] INFO server.RaftServerConfigKeys: raft.server.watch.timeout = 180s (custom)
scm_1         | 2021-08-17 21:47:42,382 [main] INFO ha.SCMHANodeDetails: ozone.scm.default.service.id is not defined, falling back to ozone.scm.service.ids to find serviceID for StorageContainerManager if it is HA enabled cluster
om_1          | 2021-08-17 21:48:09,748 [main] INFO grpc.GrpcConfigKeys: raft.grpc.server.port = 9872 (custom)
datanode_5_1  | 2021-08-17 21:48:02,209 [pool-22-thread-1] INFO server.RaftServerConfigKeys: raft.server.log.statemachine.data.sync.timeout.retry = -1 (default)
datanode_5_1  | 2021-08-17 21:48:02,219 [pool-22-thread-1] INFO server.RaftServerConfigKeys: raft.server.log.write.buffer.size = 1048576 (custom)
datanode_6_1  | 2021-08-17 21:48:03,660 [pool-22-thread-1] INFO storage.RaftStorageDirectory: Lock on /data/metadata/ratis/e50a5ae9-59cb-415a-8abc-128885803602/in_use.lock acquired by nodename 7@5181837ac089
datanode_4_1  | 2021-08-17 21:48:01,901 [pool-22-thread-1] INFO server.RaftServerConfigKeys: raft.server.log.preallocated.size = 16384 (custom)
datanode_4_1  | 2021-08-17 21:48:01,902 [pool-22-thread-1] INFO server.RaftServerConfigKeys: raft.server.log.force.sync.num = 128 (default)
datanode_4_1  | 2021-08-17 21:48:01,902 [pool-22-thread-1] INFO server.RaftServerConfigKeys: raft.server.log.statemachine.data.sync = true (default)
scm_1         | 2021-08-17 21:47:43,208 [main] WARN server.ServerUtils: ozone.scm.db.dirs is not configured. We recommend adding this setting. Falling back to ozone.metadata.dirs instead.
scm_1         | 2021-08-17 21:47:43,334 [main] INFO upgrade.AbstractLayoutVersionManager: Initializing Layout version manager with metadata layout = SCM_HA (version = 2), software layout = SCM_HA (version = 2)
datanode_5_1  | 2021-08-17 21:48:02,220 [pool-22-thread-1] INFO server.RaftServerConfigKeys: raft.server.log.statemachine.data.caching.enabled = true (custom)
datanode_5_1  | 2021-08-17 21:48:02,222 [pool-22-thread-1] INFO segmented.SegmentedRaftLogWorker: 625ceb4c-48c6-4648-92bf-a7dc9c0c3102@group-128885803602-SegmentedRaftLogWorker: flushIndex: setUnconditionally 0 -> -1
datanode_6_1  | 2021-08-17 21:48:03,658 [grpc-default-executor-0] INFO server.RaftServer$Division: 1f0f835c-c617-4531-b5d7-72b2aaf4da97@group-DA2BC324B2BC: receive requestVote(ELECTION, 02ee5a15-59b3-4437-a96f-c3940d43f704, group-DA2BC324B2BC, 1, (t:0, i:0))
datanode_3_1  | 2021-08-17 21:48:09,511 [02ee5a15-59b3-4437-a96f-c3940d43f704@group-B647D966FC6F-LeaderElection2] INFO server.RaftServerConfigKeys: raft.server.watch.timeout.denomination = 1s (default)
datanode_3_1  | 2021-08-17 21:48:09,511 [02ee5a15-59b3-4437-a96f-c3940d43f704@group-B647D966FC6F-LeaderElection2] INFO server.RaftServerConfigKeys: raft.server.watch.element-limit = 65536 (default)
scm_1         | 2021-08-17 21:47:44,616 [main] INFO reflections.Reflections: Reflections took 584 ms to scan 3 urls, producing 104 keys and 214 values 
scm_1         | 2021-08-17 21:47:45,280 [main] WARN utils.HAUtils: ozone.scm.db.dirs is not configured. We recommend adding this setting. Falling back to ozone.metadata.dirs instead.
om_1          | 2021-08-17 21:48:09,748 [main] INFO grpc.GrpcConfigKeys: raft.grpc.server.port = 9872 (custom)
datanode_5_1  | 2021-08-17 21:48:02,227 [pool-22-thread-1] INFO segmented.SegmentedRaftLogWorker: 625ceb4c-48c6-4648-92bf-a7dc9c0c3102@group-128885803602-SegmentedRaftLogWorker: safeCacheEvictIndex: setUnconditionally 0 -> -1
datanode_5_1  | 2021-08-17 21:48:02,222 [625ceb4c-48c6-4648-92bf-a7dc9c0c3102@group-5B20A8651780-LeaderElection1] INFO impl.RoleInfo: 625ceb4c-48c6-4648-92bf-a7dc9c0c3102: start 625ceb4c-48c6-4648-92bf-a7dc9c0c3102@group-5B20A8651780-LeaderStateImpl
datanode_6_1  | 2021-08-17 21:48:03,663 [grpc-default-executor-0] WARN server.GrpcServerProtocolService: 1f0f835c-c617-4531-b5d7-72b2aaf4da97: Failed requestVote 02ee5a15-59b3-4437-a96f-c3940d43f704->1f0f835c-c617-4531-b5d7-72b2aaf4da97#0: org.apache.ratis.protocol.exceptions.ServerNotReadyException: 1f0f835c-c617-4531-b5d7-72b2aaf4da97@group-DA2BC324B2BC is not in [RUNNING]: current state is NEW
datanode_3_1  | 2021-08-17 21:48:09,512 [02ee5a15-59b3-4437-a96f-c3940d43f704@group-B647D966FC6F-LeaderElection2] INFO impl.RoleInfo: 02ee5a15-59b3-4437-a96f-c3940d43f704: start 02ee5a15-59b3-4437-a96f-c3940d43f704@group-B647D966FC6F-LeaderStateImpl
datanode_3_1  | 2021-08-17 21:48:09,512 [02ee5a15-59b3-4437-a96f-c3940d43f704@group-B647D966FC6F-LeaderElection2] INFO segmented.SegmentedRaftLogWorker: 02ee5a15-59b3-4437-a96f-c3940d43f704@group-B647D966FC6F-SegmentedRaftLogWorker: Starting segment from index:0
datanode_3_1  | 2021-08-17 21:48:09,514 [02ee5a15-59b3-4437-a96f-c3940d43f704@group-B647D966FC6F-SegmentedRaftLogWorker] INFO segmented.SegmentedRaftLogWorker: 02ee5a15-59b3-4437-a96f-c3940d43f704@group-B647D966FC6F-SegmentedRaftLogWorker: created new log segment /data/metadata/ratis/adf0f469-689e-4d77-8e93-b647d966fc6f/current/log_inprogress_0
datanode_3_1  | 2021-08-17 21:48:09,521 [02ee5a15-59b3-4437-a96f-c3940d43f704@group-B647D966FC6F-LeaderElection2] INFO server.RaftServer$Division: 02ee5a15-59b3-4437-a96f-c3940d43f704@group-B647D966FC6F: set configuration 0: [02ee5a15-59b3-4437-a96f-c3940d43f704|rpc:10.5.0.6:9856|admin:10.5.0.6:9857|client:10.5.0.6:9858|dataStream:|priority:1], old=null
om_1          | 2021-08-17 21:48:09,749 [main] INFO server.GrpcService: raft.grpc.message.size.max = 33554432 (custom)
datanode_5_1  | 2021-08-17 21:48:02,238 [pool-22-thread-1] INFO server.RaftServerConfigKeys: raft.server.snapshot.auto.trigger.enabled = true (custom)
datanode_1_1  | java.lang.InterruptedException: sleep interrupted
datanode_1_1  | 	at java.base/java.lang.Thread.sleep(Native Method)
datanode_1_1  | 	at java.base/java.lang.Thread.sleep(Thread.java:339)
scm_1         | 2021-08-17 21:47:45,455 [main] WARN db.DBStoreBuilder: ozone.scm.db.dirs is not configured. We recommend adding this setting. Falling back to ozone.metadata.dirs instead.
scm_1         | 2021-08-17 21:47:45,708 [main] INFO net.NodeSchemaLoader: Loading schema from [file:/etc/hadoop/network-topology-default.xml, jar:file:/opt/hadoop/share/ozone/lib/hdds-common-1.2.0-SNAPSHOT.jar!/network-topology-default.xml]
datanode_4_1  | 2021-08-17 21:48:01,902 [pool-22-thread-1] INFO server.RaftServerConfigKeys: raft.server.log.statemachine.data.sync.timeout = 10s (default)
datanode_4_1  | 2021-08-17 21:48:01,902 [pool-22-thread-1] INFO server.RaftServerConfigKeys: raft.server.log.statemachine.data.sync.timeout.retry = -1 (default)
om_1          | 2021-08-17 21:48:09,751 [main] INFO server.RaftServerConfigKeys: raft.server.log.appender.buffer.byte-limit = 33554432 (custom)
datanode_1_1  | 	at java.base/java.util.concurrent.TimeUnit.sleep(TimeUnit.java:446)
datanode_5_1  | 2021-08-17 21:48:02,239 [pool-22-thread-1] INFO server.RaftServerConfigKeys: raft.server.snapshot.auto.trigger.threshold = 10000 (custom)
datanode_4_1  | 2021-08-17 21:48:01,903 [pool-22-thread-1] INFO server.RaftServerConfigKeys: raft.server.log.write.buffer.size = 1048576 (custom)
datanode_4_1  | 2021-08-17 21:48:01,905 [pool-22-thread-1] INFO server.RaftServerConfigKeys: raft.server.log.statemachine.data.caching.enabled = true (custom)
datanode_4_1  | 2021-08-17 21:48:01,910 [pool-22-thread-1] INFO segmented.SegmentedRaftLogWorker: 10b43767-7d30-4555-8053-4364c4f9a9b9@group-0A4BE4EF9F1D-SegmentedRaftLogWorker: flushIndex: setUnconditionally 0 -> -1
datanode_4_1  | 2021-08-17 21:48:01,916 [pool-22-thread-1] INFO segmented.SegmentedRaftLogWorker: 10b43767-7d30-4555-8053-4364c4f9a9b9@group-0A4BE4EF9F1D-SegmentedRaftLogWorker: safeCacheEvictIndex: setUnconditionally 0 -> -1
datanode_3_1  | 2021-08-17 21:48:12,484 [02ee5a15-59b3-4437-a96f-c3940d43f704@group-128885803602-FollowerState] INFO impl.FollowerState: 02ee5a15-59b3-4437-a96f-c3940d43f704@group-128885803602-FollowerState: change to CANDIDATE, lastRpcElapsedTime:5125895456ns, electionTimeout:5114ms
om_1          | 2021-08-17 21:48:09,754 [main] INFO server.GrpcService: raft.grpc.flow.control.window = 1MB (=1048576) (default)
om_1          | 2021-08-17 21:48:09,767 [main] INFO server.RaftServerConfigKeys: raft.server.rpc.request.timeout = 3000ms (default)
datanode_1_1  | 	at org.apache.ratis.util.TimeDuration.sleep(TimeDuration.java:324)
datanode_1_1  | 	at org.apache.ratis.util.TimeDuration.sleep(TimeDuration.java:309)
datanode_1_1  | 	at org.apache.ratis.server.impl.FollowerState.run(FollowerState.java:118)
datanode_5_1  | 2021-08-17 21:48:02,239 [pool-22-thread-1] INFO server.RaftServerConfigKeys: raft.server.snapshot.retention.file.num = 5 (custom)
datanode_5_1  | 2021-08-17 21:48:02,239 [pool-22-thread-1] INFO server.RaftServerConfigKeys: raft.server.log.purge.upto.snapshot.index = false (default)
scm_1         | 2021-08-17 21:47:45,710 [main] INFO net.NodeSchemaLoader: Loading network topology layer schema file
scm_1         | 2021-08-17 21:47:45,781 [main] INFO ha.SequenceIdGenerator: upgrade localId to 107544261427200000
om_1          | 2021-08-17 21:48:10,139 [main] INFO impl.DataStreamServerImpl: raft.datastream.type = DISABLED (default)
om_1          | 2021-08-17 21:48:10,141 [main] INFO server.RaftServerConfigKeys: raft.server.rpc.slowness.timeout = 120s (custom)
datanode_1_1  | 2021-08-17 21:48:11,405 [grpc-default-executor-0] INFO server.RaftServer$Division: d647fec4-466a-4904-b6d4-035c217c7292@group-C1EA54953A15 replies to ELECTION vote request: 10b43767-7d30-4555-8053-4364c4f9a9b9<-d647fec4-466a-4904-b6d4-035c217c7292#0:OK-t3. Peer's state: d647fec4-466a-4904-b6d4-035c217c7292@group-C1EA54953A15:t3, leader=null, voted=10b43767-7d30-4555-8053-4364c4f9a9b9, raftlog=d647fec4-466a-4904-b6d4-035c217c7292@group-C1EA54953A15-SegmentedRaftLog:OPENED:c-1,f-1,i0, conf=-1: [10b43767-7d30-4555-8053-4364c4f9a9b9|rpc:10.5.0.7:9856|admin:10.5.0.7:9857|client:10.5.0.7:9858|priority:1, d647fec4-466a-4904-b6d4-035c217c7292|rpc:10.5.0.4:9856|admin:10.5.0.4:9857|client:10.5.0.4:9858|priority:0, 676e9db1-651f-4b94-b7f1-36e92b82174f|rpc:10.5.0.5:9856|admin:10.5.0.5:9857|client:10.5.0.5:9858|priority:0], old=null
datanode_1_1  | 2021-08-17 21:48:11,452 [grpc-default-executor-0] INFO server.RaftServer$Division: d647fec4-466a-4904-b6d4-035c217c7292@group-C1EA54953A15: receive requestVote(ELECTION, 676e9db1-651f-4b94-b7f1-36e92b82174f, group-C1EA54953A15, 3, (t:0, i:0))
datanode_4_1  | 2021-08-17 21:48:01,918 [pool-22-thread-1] INFO server.RaftServerConfigKeys: raft.server.snapshot.auto.trigger.enabled = true (custom)
scm_1         | 2021-08-17 21:47:45,781 [main] INFO ha.SequenceIdGenerator: upgrade delTxnId to 0
datanode_3_1  | 2021-08-17 21:48:12,484 [02ee5a15-59b3-4437-a96f-c3940d43f704@group-128885803602-FollowerState] INFO impl.RoleInfo: 02ee5a15-59b3-4437-a96f-c3940d43f704: shutdown 02ee5a15-59b3-4437-a96f-c3940d43f704@group-128885803602-FollowerState
datanode_5_1  | 2021-08-17 21:48:02,239 [pool-22-thread-1] INFO server.RaftServerConfigKeys: raft.server.retrycache.expirytime = 600000ms (custom)
datanode_6_1  | 2021-08-17 21:48:03,684 [pool-22-thread-1] INFO storage.RaftStorage: Storage directory /data/metadata/ratis/e50a5ae9-59cb-415a-8abc-128885803602 has been successfully formatted.
datanode_6_1  | 2021-08-17 21:48:03,685 [Datanode State Machine Thread - 0] WARN statemachine.StateContext: No available thread in pool for past 30 seconds.
om_1          | 2021-08-17 21:48:10,143 [main] INFO server.RaftServerConfigKeys: raft.server.leaderelection.leader.step-down.wait-time = 10s (default)
om_1          | 2021-08-17 21:48:10,166 [main] INFO server.RaftServerConfigKeys: raft.server.storage.dir = [/data/metadata/ratis] (custom)
om_1          | 2021-08-17 21:48:10,185 [main] INFO server.RaftServer: om1: addNew group-C5BA1605619E:[om1|rpc:om:9872|priority:0] returns group-C5BA1605619E:java.util.concurrent.CompletableFuture@3eb29382[Not completed]
om_1          | 2021-08-17 21:48:10,185 [main] INFO om.OzoneManager: OzoneManager Ratis server initialized at port 9872
datanode_4_1  | 2021-08-17 21:48:01,925 [pool-22-thread-1] INFO server.RaftServerConfigKeys: raft.server.snapshot.auto.trigger.threshold = 10000 (custom)
datanode_4_1  | 2021-08-17 21:48:01,925 [pool-22-thread-1] INFO server.RaftServerConfigKeys: raft.server.snapshot.retention.file.num = 5 (custom)
datanode_3_1  | 2021-08-17 21:48:12,486 [02ee5a15-59b3-4437-a96f-c3940d43f704@group-128885803602-FollowerState] INFO server.RaftServer$Division: 02ee5a15-59b3-4437-a96f-c3940d43f704@group-128885803602: changes role from  FOLLOWER to CANDIDATE at term 1 for changeToCandidate
datanode_3_1  | 2021-08-17 21:48:12,486 [02ee5a15-59b3-4437-a96f-c3940d43f704@group-128885803602-FollowerState] INFO server.RaftServerConfigKeys: raft.server.leaderelection.pre-vote = false (custom)
datanode_5_1  | 2021-08-17 21:48:02,239 [pool-22-thread-1] INFO server.RaftServerConfigKeys: raft.server.retrycache.statistics.expirytime = 100?s (default)
datanode_5_1  | 2021-08-17 21:48:02,240 [pool-22-thread-1] INFO server.RaftServer$Division: 625ceb4c-48c6-4648-92bf-a7dc9c0c3102@group-128885803602: start as a follower, conf=-1: [1f0f835c-c617-4531-b5d7-72b2aaf4da97|rpc:10.5.0.9:9856|admin:10.5.0.9:9857|client:10.5.0.9:9858|priority:0, 625ceb4c-48c6-4648-92bf-a7dc9c0c3102|rpc:10.5.0.8:9856|admin:10.5.0.8:9857|client:10.5.0.8:9858|priority:0, 02ee5a15-59b3-4437-a96f-c3940d43f704|rpc:10.5.0.6:9856|admin:10.5.0.6:9857|client:10.5.0.6:9858|priority:1], old=null
datanode_5_1  | 2021-08-17 21:48:02,244 [pool-22-thread-1] INFO server.RaftServer$Division: 625ceb4c-48c6-4648-92bf-a7dc9c0c3102@group-128885803602: changes role from      null to FOLLOWER at term 0 for startAsFollower
datanode_1_1  | 2021-08-17 21:48:11,452 [grpc-default-executor-0] INFO impl.VoteContext: d647fec4-466a-4904-b6d4-035c217c7292@group-C1EA54953A15-FOLLOWER: reject ELECTION from 676e9db1-651f-4b94-b7f1-36e92b82174f: already has voted for 10b43767-7d30-4555-8053-4364c4f9a9b9 at current term 3
datanode_1_1  | 2021-08-17 21:48:11,452 [grpc-default-executor-0] INFO server.RaftServer$Division: d647fec4-466a-4904-b6d4-035c217c7292@group-C1EA54953A15 replies to ELECTION vote request: 676e9db1-651f-4b94-b7f1-36e92b82174f<-d647fec4-466a-4904-b6d4-035c217c7292#0:FAIL-t3. Peer's state: d647fec4-466a-4904-b6d4-035c217c7292@group-C1EA54953A15:t3, leader=null, voted=10b43767-7d30-4555-8053-4364c4f9a9b9, raftlog=d647fec4-466a-4904-b6d4-035c217c7292@group-C1EA54953A15-SegmentedRaftLog:OPENED:c-1,f-1,i0, conf=-1: [10b43767-7d30-4555-8053-4364c4f9a9b9|rpc:10.5.0.7:9856|admin:10.5.0.7:9857|client:10.5.0.7:9858|priority:1, d647fec4-466a-4904-b6d4-035c217c7292|rpc:10.5.0.4:9856|admin:10.5.0.4:9857|client:10.5.0.4:9858|priority:0, 676e9db1-651f-4b94-b7f1-36e92b82174f|rpc:10.5.0.5:9856|admin:10.5.0.5:9857|client:10.5.0.5:9858|priority:0], old=null
scm_1         | 2021-08-17 21:47:45,785 [main] INFO ha.SequenceIdGenerator: upgrade containerId to 0
scm_1         | 2021-08-17 21:47:45,787 [main] INFO ha.SequenceIdGenerator: Init the HA SequenceIdGenerator.
datanode_6_1  | 2021-08-17 21:48:03,691 [pool-22-thread-1] INFO ratis.ContainerStateMachine: group-128885803602: The snapshot info is null. Setting the last applied indexto:(t:0, i:~)
datanode_6_1  | 2021-08-17 21:48:03,692 [pool-22-thread-1] INFO server.RaftServerConfigKeys: raft.server.notification.no-leader.timeout = 300s (custom)
datanode_4_1  | 2021-08-17 21:48:01,927 [pool-22-thread-1] INFO server.RaftServerConfigKeys: raft.server.log.purge.upto.snapshot.index = false (default)
datanode_4_1  | 2021-08-17 21:48:01,927 [pool-22-thread-1] INFO server.RaftServerConfigKeys: raft.server.retrycache.expirytime = 600000ms (custom)
datanode_3_1  | 2021-08-17 21:48:12,487 [02ee5a15-59b3-4437-a96f-c3940d43f704@group-128885803602-FollowerState] INFO impl.RoleInfo: 02ee5a15-59b3-4437-a96f-c3940d43f704: start 02ee5a15-59b3-4437-a96f-c3940d43f704@group-128885803602-LeaderElection3
datanode_3_1  | 2021-08-17 21:48:12,498 [02ee5a15-59b3-4437-a96f-c3940d43f704@group-128885803602-LeaderElection3] INFO impl.LeaderElection: 02ee5a15-59b3-4437-a96f-c3940d43f704@group-128885803602-LeaderElection3 ELECTION round 0: submit vote requests at term 2 for -1: [1f0f835c-c617-4531-b5d7-72b2aaf4da97|rpc:10.5.0.9:9856|admin:10.5.0.9:9857|client:10.5.0.9:9858|dataStream:|priority:0, 625ceb4c-48c6-4648-92bf-a7dc9c0c3102|rpc:10.5.0.8:9856|admin:10.5.0.8:9857|client:10.5.0.8:9858|dataStream:|priority:0, 02ee5a15-59b3-4437-a96f-c3940d43f704|rpc:10.5.0.6:9856|admin:10.5.0.6:9857|client:10.5.0.6:9858|dataStream:|priority:1], old=null
datanode_3_1  | 2021-08-17 21:48:12,541 [02ee5a15-59b3-4437-a96f-c3940d43f704@group-128885803602-LeaderElection3] INFO impl.LeaderElection: 02ee5a15-59b3-4437-a96f-c3940d43f704@group-128885803602-LeaderElection3: ELECTION PASSED received 1 response(s) and 0 exception(s):
om_1          | 2021-08-17 21:48:10,221 [pool-23-thread-1] INFO server.RaftServer$Division: om1: new RaftServerImpl for group-C5BA1605619E:[om1|rpc:om:9872|priority:0] with OzoneManagerStateMachine:uninitialized
om_1          | 2021-08-17 21:48:10,275 [pool-23-thread-1] INFO server.RaftServerConfigKeys: raft.server.rpc.timeout.min = 5s (custom)
om_1          | 2021-08-17 21:48:10,281 [pool-23-thread-1] INFO server.RaftServerConfigKeys: raft.server.rpc.timeout.max = 5200ms (custom)
scm_1         | 2021-08-17 21:47:45,849 [main] INFO node.SCMNodeManager: Entering startup safe mode.
scm_1         | 2021-08-17 21:47:45,864 [main] INFO algorithms.ContainerPlacementPolicyFactory: Create container placement policy of type org.apache.hadoop.hdds.scm.container.placement.algorithms.SCMContainerPlacementRackAware
scm_1         | 2021-08-17 21:47:45,908 [main] INFO pipeline.PipelineStateManager: No pipeline exists in current db
scm_1         | 2021-08-17 21:47:45,953 [main] INFO algorithms.LeaderChoosePolicyFactory: Create leader choose policy of type org.apache.hadoop.hdds.scm.pipeline.leader.choose.algorithms.MinLeaderCountChoosePolicy
scm_1         | 2021-08-17 21:47:45,961 [main] INFO ha.SCMServiceManager: Registering service BackgroundPipelineCreator.
scm_1         | 2021-08-17 21:47:45,961 [main] INFO pipeline.BackgroundPipelineCreator: Starting RatisPipelineUtilsThread.
scm_1         | 2021-08-17 21:47:46,008 [main] INFO algorithms.PipelineChoosePolicyFactory: Create pipeline choose policy of type org.apache.hadoop.hdds.scm.pipeline.choose.algorithms.RandomPipelineChoosePolicy
scm_1         | 2021-08-17 21:47:46,025 [main] INFO ha.SCMServiceManager: Registering service SCMBlockDeletingService.
datanode_1_1  | 2021-08-17 21:48:11,624 [grpc-default-executor-0] INFO ratis.XceiverServerRatis: Leader change notification received for group: group-C1EA54953A15 with new leaderId: 10b43767-7d30-4555-8053-4364c4f9a9b9
datanode_1_1  | 2021-08-17 21:48:11,625 [grpc-default-executor-0] INFO server.RaftServer$Division: d647fec4-466a-4904-b6d4-035c217c7292@group-C1EA54953A15: change Leader from null to 10b43767-7d30-4555-8053-4364c4f9a9b9 at term 3 for appendEntries, leader elected after 16142ms
datanode_1_1  | 2021-08-17 21:48:11,663 [grpc-default-executor-0] INFO server.RaftServer$Division: d647fec4-466a-4904-b6d4-035c217c7292@group-C1EA54953A15: set configuration 0: [10b43767-7d30-4555-8053-4364c4f9a9b9|rpc:10.5.0.7:9856|admin:10.5.0.7:9857|client:10.5.0.7:9858|dataStream:|priority:1, d647fec4-466a-4904-b6d4-035c217c7292|rpc:10.5.0.4:9856|admin:10.5.0.4:9857|client:10.5.0.4:9858|dataStream:|priority:0, 676e9db1-651f-4b94-b7f1-36e92b82174f|rpc:10.5.0.5:9856|admin:10.5.0.5:9857|client:10.5.0.5:9858|dataStream:|priority:0], old=null
datanode_6_1  | 2021-08-17 21:48:03,706 [pool-22-thread-1] INFO server.RaftServerConfigKeys: raft.server.log.use.memory = false (default)
datanode_6_1  | 2021-08-17 21:48:03,712 [pool-22-thread-1] INFO server.RaftServerConfigKeys: raft.server.log.purge.gap = 1000000 (custom)
datanode_6_1  | 2021-08-17 21:48:03,714 [pool-22-thread-1] INFO server.RaftServerConfigKeys: raft.server.log.appender.buffer.byte-limit = 33554432 (custom)
datanode_6_1  | 2021-08-17 21:48:03,714 [pool-22-thread-1] INFO server.RaftServerConfigKeys: raft.server.log.segment.size.max = 1048576 (custom)
datanode_4_1  | 2021-08-17 21:48:01,927 [pool-22-thread-1] INFO server.RaftServerConfigKeys: raft.server.retrycache.statistics.expirytime = 100?s (default)
datanode_5_1  | 2021-08-17 21:48:02,248 [pool-22-thread-1] INFO impl.RoleInfo: 625ceb4c-48c6-4648-92bf-a7dc9c0c3102: start 625ceb4c-48c6-4648-92bf-a7dc9c0c3102@group-128885803602-FollowerState
datanode_5_1  | 2021-08-17 21:48:02,256 [pool-22-thread-1] INFO util.JmxRegister: Successfully registered JMX Bean with object name Ratis:service=RaftServer,group=group-128885803602,id=625ceb4c-48c6-4648-92bf-a7dc9c0c3102
datanode_3_1  | 2021-08-17 21:48:12,542 [02ee5a15-59b3-4437-a96f-c3940d43f704@group-128885803602-LeaderElection3] INFO impl.LeaderElection:   Response 0: 02ee5a15-59b3-4437-a96f-c3940d43f704<-1f0f835c-c617-4531-b5d7-72b2aaf4da97#0:OK-t2
datanode_3_1  | 2021-08-17 21:48:12,542 [02ee5a15-59b3-4437-a96f-c3940d43f704@group-128885803602-LeaderElection3] INFO impl.LeaderElection: 02ee5a15-59b3-4437-a96f-c3940d43f704@group-128885803602-LeaderElection3 ELECTION round 0: result PASSED
datanode_3_1  | 2021-08-17 21:48:12,542 [02ee5a15-59b3-4437-a96f-c3940d43f704@group-128885803602-LeaderElection3] INFO impl.RoleInfo: 02ee5a15-59b3-4437-a96f-c3940d43f704: shutdown 02ee5a15-59b3-4437-a96f-c3940d43f704@group-128885803602-LeaderElection3
om_1          | 2021-08-17 21:48:10,281 [pool-23-thread-1] INFO server.RaftServerConfigKeys: raft.server.rpc.sleep.time = 25ms (default)
datanode_5_1  | 2021-08-17 21:48:02,260 [Command processor thread] INFO ratis.XceiverServerRatis: Created group PipelineID=e50a5ae9-59cb-415a-8abc-128885803602
datanode_5_1  | 2021-08-17 21:48:02,302 [625ceb4c-48c6-4648-92bf-a7dc9c0c3102@group-5B20A8651780-LeaderElection1] INFO segmented.SegmentedRaftLogWorker: 625ceb4c-48c6-4648-92bf-a7dc9c0c3102@group-5B20A8651780-SegmentedRaftLogWorker: Starting segment from index:0
datanode_5_1  | 2021-08-17 21:48:02,483 [625ceb4c-48c6-4648-92bf-a7dc9c0c3102@group-5B20A8651780-LeaderElection1] INFO server.RaftServer$Division: 625ceb4c-48c6-4648-92bf-a7dc9c0c3102@group-5B20A8651780: set configuration 0: [625ceb4c-48c6-4648-92bf-a7dc9c0c3102|rpc:10.5.0.8:9856|admin:10.5.0.8:9857|client:10.5.0.8:9858|dataStream:|priority:1, d647fec4-466a-4904-b6d4-035c217c7292|rpc:10.5.0.4:9856|admin:10.5.0.4:9857|client:10.5.0.4:9858|dataStream:|priority:0, 676e9db1-651f-4b94-b7f1-36e92b82174f|rpc:10.5.0.5:9856|admin:10.5.0.5:9857|client:10.5.0.5:9858|dataStream:|priority:0], old=null
datanode_5_1  | 2021-08-17 21:48:02,981 [625ceb4c-48c6-4648-92bf-a7dc9c0c3102@group-5B20A8651780-SegmentedRaftLogWorker] INFO segmented.SegmentedRaftLogWorker: 625ceb4c-48c6-4648-92bf-a7dc9c0c3102@group-5B20A8651780-SegmentedRaftLogWorker: created new log segment /data/metadata/ratis/2543c8bc-990e-4c50-8d56-5b20a8651780/current/log_inprogress_0
datanode_5_1  | 2021-08-17 21:48:04,333 [Command processor thread] INFO commandhandler.CreatePipelineCommandHandler: Created Pipeline RATIS THREE PipelineID=e50a5ae9-59cb-415a-8abc-128885803602.
datanode_5_1  | 2021-08-17 21:48:07,266 [625ceb4c-48c6-4648-92bf-a7dc9c0c3102@group-0CCB51E990B3-FollowerState] INFO impl.FollowerState: 625ceb4c-48c6-4648-92bf-a7dc9c0c3102@group-0CCB51E990B3-FollowerState: change to CANDIDATE, lastRpcElapsedTime:5154291846ns, electionTimeout:5136ms
datanode_5_1  | 2021-08-17 21:48:07,267 [625ceb4c-48c6-4648-92bf-a7dc9c0c3102@group-0CCB51E990B3-FollowerState] INFO impl.RoleInfo: 625ceb4c-48c6-4648-92bf-a7dc9c0c3102: shutdown 625ceb4c-48c6-4648-92bf-a7dc9c0c3102@group-0CCB51E990B3-FollowerState
datanode_5_1  | 2021-08-17 21:48:07,267 [625ceb4c-48c6-4648-92bf-a7dc9c0c3102@group-0CCB51E990B3-FollowerState] INFO server.RaftServer$Division: 625ceb4c-48c6-4648-92bf-a7dc9c0c3102@group-0CCB51E990B3: changes role from  FOLLOWER to CANDIDATE at term 0 for changeToCandidate
datanode_5_1  | 2021-08-17 21:48:07,267 [625ceb4c-48c6-4648-92bf-a7dc9c0c3102@group-0CCB51E990B3-FollowerState] INFO server.RaftServerConfigKeys: raft.server.leaderelection.pre-vote = false (custom)
datanode_5_1  | 2021-08-17 21:48:07,269 [625ceb4c-48c6-4648-92bf-a7dc9c0c3102@group-0CCB51E990B3-FollowerState] INFO impl.RoleInfo: 625ceb4c-48c6-4648-92bf-a7dc9c0c3102: start 625ceb4c-48c6-4648-92bf-a7dc9c0c3102@group-0CCB51E990B3-LeaderElection2
datanode_5_1  | 2021-08-17 21:48:07,272 [625ceb4c-48c6-4648-92bf-a7dc9c0c3102@group-0CCB51E990B3-LeaderElection2] INFO impl.LeaderElection: 625ceb4c-48c6-4648-92bf-a7dc9c0c3102@group-0CCB51E990B3-LeaderElection2 ELECTION round 0: submit vote requests at term 1 for -1: [625ceb4c-48c6-4648-92bf-a7dc9c0c3102|rpc:10.5.0.8:9856|admin:10.5.0.8:9857|client:10.5.0.8:9858|priority:1], old=null
datanode_4_1  | 2021-08-17 21:48:01,930 [pool-22-thread-1] INFO server.RaftServer$Division: 10b43767-7d30-4555-8053-4364c4f9a9b9@group-0A4BE4EF9F1D: start as a follower, conf=-1: [10b43767-7d30-4555-8053-4364c4f9a9b9|rpc:10.5.0.7:9856|admin:10.5.0.7:9857|client:10.5.0.7:9858|priority:1], old=null
datanode_4_1  | 2021-08-17 21:48:01,930 [pool-22-thread-1] INFO server.RaftServer$Division: 10b43767-7d30-4555-8053-4364c4f9a9b9@group-0A4BE4EF9F1D: changes role from      null to FOLLOWER at term 0 for startAsFollower
datanode_4_1  | 2021-08-17 21:48:01,930 [pool-22-thread-1] INFO impl.RoleInfo: 10b43767-7d30-4555-8053-4364c4f9a9b9: start 10b43767-7d30-4555-8053-4364c4f9a9b9@group-0A4BE4EF9F1D-FollowerState
datanode_4_1  | 2021-08-17 21:48:01,949 [pool-22-thread-1] INFO util.JmxRegister: Successfully registered JMX Bean with object name Ratis:service=RaftServer,group=group-0A4BE4EF9F1D,id=10b43767-7d30-4555-8053-4364c4f9a9b9
datanode_1_1  | 2021-08-17 21:48:11,663 [grpc-default-executor-0] INFO segmented.SegmentedRaftLogWorker: d647fec4-466a-4904-b6d4-035c217c7292@group-C1EA54953A15-SegmentedRaftLogWorker: Starting segment from index:0
datanode_1_1  | 2021-08-17 21:48:11,665 [d647fec4-466a-4904-b6d4-035c217c7292@group-C1EA54953A15-SegmentedRaftLogWorker] INFO segmented.SegmentedRaftLogWorker: d647fec4-466a-4904-b6d4-035c217c7292@group-C1EA54953A15-SegmentedRaftLogWorker: created new log segment /data/metadata/ratis/67f4ff1e-83f0-44e6-86d7-c1ea54953a15/current/log_inprogress_0
datanode_1_1  | 2021-08-17 21:48:27,474 [Datanode State Machine Thread - 0] WARN statemachine.StateContext: No available thread in pool for past 30 seconds.
datanode_1_1  | 2021-08-17 21:48:50,379 [Datanode State Machine Thread - 0] WARN statemachine.StateContext: No available thread in pool for past 30 seconds.
datanode_6_1  | 2021-08-17 21:48:03,718 [pool-22-thread-1] INFO server.RaftServerConfigKeys: raft.server.log.segment.cache.num.max = 2 (custom)
datanode_6_1  | 2021-08-17 21:48:03,720 [pool-22-thread-1] INFO server.RaftServerConfigKeys: raft.server.log.segment.cache.size.max = 200MB (=209715200) (default)
datanode_6_1  | 2021-08-17 21:48:03,720 [pool-22-thread-1] INFO segmented.SegmentedRaftLogWorker: new 1f0f835c-c617-4531-b5d7-72b2aaf4da97@group-128885803602-SegmentedRaftLogWorker for RaftStorageImpl:Storage Directory /data/metadata/ratis/e50a5ae9-59cb-415a-8abc-128885803602
datanode_6_1  | 2021-08-17 21:48:03,720 [pool-22-thread-1] INFO server.RaftServerConfigKeys: raft.server.log.queue.byte-limit = 2147483647 (custom)
om_1          | 2021-08-17 21:48:10,281 [pool-23-thread-1] INFO server.RaftServerConfigKeys: raft.server.rpc.slowness.timeout = 120s (custom)
om_1          | 2021-08-17 21:48:10,281 [pool-23-thread-1] INFO server.RaftServerConfigKeys: raft.server.leaderelection.leader.step-down.wait-time = 10s (default)
om_1          | 2021-08-17 21:48:10,281 [pool-23-thread-1] INFO server.RaftServerConfigKeys: raft.server.sleep.deviation.threshold = 300ms (default)
om_1          | 2021-08-17 21:48:10,283 [pool-23-thread-1] INFO server.RaftServerConfigKeys: raft.server.log.appender.install.snapshot.enabled = false (custom)
datanode_4_1  | 2021-08-17 21:48:01,953 [Command processor thread] INFO ratis.XceiverServerRatis: Created group PipelineID=8f45e744-2f53-4629-9466-0a4be4ef9f1d
datanode_4_1  | 2021-08-17 21:48:01,953 [Command processor thread] INFO commandhandler.CreatePipelineCommandHandler: Created Pipeline RATIS ONE PipelineID=8f45e744-2f53-4629-9466-0a4be4ef9f1d.
datanode_4_1  | 2021-08-17 21:48:02,611 [grpc-default-executor-0] INFO server.RaftServer$Division: 10b43767-7d30-4555-8053-4364c4f9a9b9@group-DA2BC324B2BC: receive requestVote(ELECTION, 02ee5a15-59b3-4437-a96f-c3940d43f704, group-DA2BC324B2BC, 1, (t:0, i:0))
datanode_3_1  | 2021-08-17 21:48:12,542 [02ee5a15-59b3-4437-a96f-c3940d43f704@group-128885803602-LeaderElection3] INFO server.RaftServer$Division: 02ee5a15-59b3-4437-a96f-c3940d43f704@group-128885803602: changes role from CANDIDATE to LEADER at term 2 for changeToLeader
datanode_3_1  | 2021-08-17 21:48:12,543 [02ee5a15-59b3-4437-a96f-c3940d43f704@group-128885803602-LeaderElection3] INFO ratis.XceiverServerRatis: Leader change notification received for group: group-128885803602 with new leaderId: 02ee5a15-59b3-4437-a96f-c3940d43f704
datanode_3_1  | 2021-08-17 21:48:12,543 [02ee5a15-59b3-4437-a96f-c3940d43f704@group-128885803602-LeaderElection3] INFO server.RaftServer$Division: 02ee5a15-59b3-4437-a96f-c3940d43f704@group-128885803602: change Leader from null to 02ee5a15-59b3-4437-a96f-c3940d43f704 at term 2 for becomeLeader, leader elected after 9915ms
datanode_3_1  | 2021-08-17 21:48:12,544 [Datanode State Machine Thread - 0] WARN statemachine.StateContext: No available thread in pool for past 30 seconds.
datanode_3_1  | 2021-08-17 21:48:12,577 [02ee5a15-59b3-4437-a96f-c3940d43f704@group-128885803602-LeaderElection3] INFO server.RaftServerConfigKeys: raft.server.staging.catchup.gap = 1000 (default)
scm_1         | 2021-08-17 21:47:46,062 [main] INFO ha.SCMServiceManager: Registering service ReplicationManager.
scm_1         | 2021-08-17 21:47:46,064 [main] INFO container.ReplicationManager: Starting Replication Monitor Thread.
om_1          | 2021-08-17 21:48:10,296 [pool-23-thread-1] INFO server.RaftServer$Division: om1@group-C5BA1605619E: ConfigurationManager, init=-1: [om1|rpc:om:9872|priority:0], old=null, confs=<EMPTY_MAP>
om_1          | 2021-08-17 21:48:10,297 [pool-23-thread-1] INFO server.RaftServerConfigKeys: raft.server.storage.dir = [/data/metadata/ratis] (custom)
om_1          | 2021-08-17 21:48:10,299 [main] INFO ipc.CallQueueManager: Using callQueue: class java.util.concurrent.LinkedBlockingQueue, queueCapacity: 10000, scheduler: class org.apache.hadoop.ipc.DefaultRpcScheduler, ipcBackoff: false.
scm_1         | 2021-08-17 21:47:46,082 [ReplicationMonitor] INFO container.ReplicationManager: Replication Monitor Thread took 4 milliseconds for processing 0 containers.
datanode_6_1  | 2021-08-17 21:48:03,724 [pool-22-thread-1] INFO server.RaftServerConfigKeys: raft.server.log.queue.element-limit = 1024 (custom)
datanode_6_1  | 2021-08-17 21:48:03,725 [pool-22-thread-1] INFO server.RaftServerConfigKeys: raft.server.log.segment.size.max = 1048576 (custom)
datanode_6_1  | 2021-08-17 21:48:03,725 [pool-22-thread-1] INFO server.RaftServerConfigKeys: raft.server.log.preallocated.size = 16384 (custom)
datanode_6_1  | 2021-08-17 21:48:03,725 [pool-22-thread-1] INFO server.RaftServerConfigKeys: raft.server.log.force.sync.num = 128 (default)
scm_1         | 2021-08-17 21:47:46,089 [main] INFO safemode.ContainerSafeModeRule: containers with one replica threshold count 0
scm_1         | 2021-08-17 21:47:46,093 [main] INFO safemode.HealthyPipelineSafeModeRule: Total pipeline count is 0, healthy pipeline threshold count is 1
scm_1         | 2021-08-17 21:47:46,096 [main] INFO safemode.OneReplicaPipelineSafeModeRule: Total pipeline count is 0, pipeline's with at least one datanode reported threshold count is 0
scm_1         | 2021-08-17 21:47:46,962 [main] INFO ipc.CallQueueManager: Using callQueue: class java.util.concurrent.LinkedBlockingQueue, queueCapacity: 10000, scheduler: class org.apache.hadoop.ipc.DefaultRpcScheduler, ipcBackoff: false.
datanode_4_1  | 2021-08-17 21:48:02,611 [grpc-default-executor-0] INFO impl.VoteContext: 10b43767-7d30-4555-8053-4364c4f9a9b9@group-DA2BC324B2BC-FOLLOWER: accept ELECTION from 02ee5a15-59b3-4437-a96f-c3940d43f704: our priority 0 <= candidate's priority 1
datanode_4_1  | 2021-08-17 21:48:02,611 [grpc-default-executor-0] INFO server.RaftServer$Division: 10b43767-7d30-4555-8053-4364c4f9a9b9@group-DA2BC324B2BC: changes role from  FOLLOWER to FOLLOWER at term 1 for candidate:02ee5a15-59b3-4437-a96f-c3940d43f704
datanode_3_1  | 2021-08-17 21:48:12,587 [02ee5a15-59b3-4437-a96f-c3940d43f704@group-128885803602-LeaderElection3] INFO server.RaftServerConfigKeys: raft.server.write.element-limit = 1024 (custom)
om_1          | 2021-08-17 21:48:10,308 [pool-23-thread-1] INFO server.RaftServerConfigKeys: raft.server.log.corruption.policy = EXCEPTION (default)
om_1          | 2021-08-17 21:48:10,317 [pool-23-thread-1] INFO server.RaftServerConfigKeys: raft.server.storage.free-space.min = 0MB (=0) (default)
scm_1         | 2021-08-17 21:47:47,043 [Socket Reader #1 for port 9861] INFO ipc.Server: Starting Socket Reader #1 for port 9861
datanode_4_1  | 2021-08-17 21:48:02,611 [grpc-default-executor-0] INFO impl.RoleInfo: 10b43767-7d30-4555-8053-4364c4f9a9b9: shutdown 10b43767-7d30-4555-8053-4364c4f9a9b9@group-DA2BC324B2BC-FollowerState
datanode_5_1  | 2021-08-17 21:48:07,275 [625ceb4c-48c6-4648-92bf-a7dc9c0c3102@group-0CCB51E990B3-LeaderElection2] INFO impl.LeaderElection: 625ceb4c-48c6-4648-92bf-a7dc9c0c3102@group-0CCB51E990B3-LeaderElection2 ELECTION round 0: result PASSED (term=1)
datanode_3_1  | 2021-08-17 21:48:12,587 [02ee5a15-59b3-4437-a96f-c3940d43f704@group-128885803602-LeaderElection3] INFO server.RaftServerConfigKeys: raft.server.write.byte-limit = 1024 M (=1073741824) (custom)
datanode_3_1  | 2021-08-17 21:48:12,588 [02ee5a15-59b3-4437-a96f-c3940d43f704@group-128885803602-LeaderElection3] INFO server.RaftServerConfigKeys: raft.server.watch.timeout = 180s (custom)
datanode_3_1  | 2021-08-17 21:48:12,588 [02ee5a15-59b3-4437-a96f-c3940d43f704@group-128885803602-LeaderElection3] INFO server.RaftServerConfigKeys: raft.server.watch.timeout.denomination = 1s (default)
datanode_3_1  | 2021-08-17 21:48:12,588 [grpc-default-executor-0] INFO server.RaftServer$Division: 02ee5a15-59b3-4437-a96f-c3940d43f704@group-128885803602: receive requestVote(ELECTION, 625ceb4c-48c6-4648-92bf-a7dc9c0c3102, group-128885803602, 2, (t:0, i:0))
datanode_3_1  | 2021-08-17 21:48:12,588 [02ee5a15-59b3-4437-a96f-c3940d43f704@group-128885803602-LeaderElection3] INFO server.RaftServerConfigKeys: raft.server.watch.element-limit = 65536 (default)
datanode_3_1  | 2021-08-17 21:48:12,588 [02ee5a15-59b3-4437-a96f-c3940d43f704@group-128885803602-LeaderElection3] INFO server.RaftServerConfigKeys: raft.server.log.appender.snapshot.chunk.size.max = 16MB (=16777216) (default)
datanode_3_1  | 2021-08-17 21:48:12,589 [02ee5a15-59b3-4437-a96f-c3940d43f704@group-128885803602-LeaderElection3] INFO server.RaftServerConfigKeys: raft.server.log.appender.buffer.byte-limit = 33554432 (custom)
datanode_6_1  | 2021-08-17 21:48:03,736 [pool-22-thread-1] INFO server.RaftServerConfigKeys: raft.server.log.statemachine.data.sync = true (default)
datanode_6_1  | 2021-08-17 21:48:03,737 [pool-22-thread-1] INFO server.RaftServerConfigKeys: raft.server.log.statemachine.data.sync.timeout = 10s (default)
datanode_6_1  | 2021-08-17 21:48:03,738 [pool-22-thread-1] INFO server.RaftServerConfigKeys: raft.server.log.statemachine.data.sync.timeout.retry = -1 (default)
datanode_6_1  | 2021-08-17 21:48:03,738 [pool-22-thread-1] INFO server.RaftServerConfigKeys: raft.server.log.write.buffer.size = 1048576 (custom)
datanode_6_1  | 2021-08-17 21:48:03,748 [pool-22-thread-1] INFO server.RaftServerConfigKeys: raft.server.log.statemachine.data.caching.enabled = true (custom)
datanode_4_1  | 2021-08-17 21:48:02,611 [grpc-default-executor-0] INFO impl.RoleInfo: 10b43767-7d30-4555-8053-4364c4f9a9b9: start 10b43767-7d30-4555-8053-4364c4f9a9b9@group-DA2BC324B2BC-FollowerState
datanode_4_1  | 2021-08-17 21:48:02,611 [10b43767-7d30-4555-8053-4364c4f9a9b9@group-DA2BC324B2BC-FollowerState] INFO impl.FollowerState: 10b43767-7d30-4555-8053-4364c4f9a9b9@group-DA2BC324B2BC-FollowerState was interrupted: {}
om_1          | 2021-08-17 21:48:10,318 [pool-23-thread-1] INFO storage.RaftStorageDirectory: The storage directory /data/metadata/ratis/bf265839-605b-3f16-9796-c5ba1605619e does not exist. Creating ...
datanode_6_1  | 2021-08-17 21:48:03,770 [pool-22-thread-1] INFO segmented.SegmentedRaftLogWorker: 1f0f835c-c617-4531-b5d7-72b2aaf4da97@group-128885803602-SegmentedRaftLogWorker: flushIndex: setUnconditionally 0 -> -1
datanode_4_1  | java.lang.InterruptedException: sleep interrupted
datanode_4_1  | 	at java.base/java.lang.Thread.sleep(Native Method)
datanode_4_1  | 	at java.base/java.lang.Thread.sleep(Thread.java:339)
datanode_4_1  | 	at java.base/java.util.concurrent.TimeUnit.sleep(TimeUnit.java:446)
om_1          | 2021-08-17 21:48:10,355 [Socket Reader #1 for port 9862] INFO ipc.Server: Starting Socket Reader #1 for port 9862
om_1          | 2021-08-17 21:48:10,375 [pool-23-thread-1] INFO storage.RaftStorageDirectory: Lock on /data/metadata/ratis/bf265839-605b-3f16-9796-c5ba1605619e/in_use.lock acquired by nodename 7@a0b5a98da01d
