recon_1     | 2021-02-18 13:14:12,160 [Socket Reader #1 for port 9891] INFO authorize.ServiceAuthorizationManager: Authorization successful for dn/be7d639ea7a5@EXAMPLE.COM (auth:KERBEROS) for protocol=interface org.apache.hadoop.ozone.protocol.ReconDatanodeProtocol
scm_1       | 	at org.apache.hadoop.ipc.Server$RpcCall.run(Server.java:957)
datanode_3  | 2021-02-18 13:59:12,451 [c18ca3c0-b12a-4199-964c-3f5a42f72329@group-AB650855C2F0-LeaderElection1] INFO server.RaftServerConfigKeys: raft.server.watch.element-limit = 65536 (default)
datanode_2  | 	at org.apache.ratis.client.impl.GroupManagementImpl.add(GroupManagementImpl.java:51)
datanode_1  | 2021-02-18 13:12:11,671 [a89000a2-bb6b-4e20-bf6a-b0511fb19096@group-196A620DCA54-LeaderElection1] INFO impl.RoleInfo: a89000a2-bb6b-4e20-bf6a-b0511fb19096: start a89000a2-bb6b-4e20-bf6a-b0511fb19096@group-196A620DCA54-LeaderStateImpl
s3g_1       | 	at org.jvnet.hk2.internal.ServiceLocatorImpl.internalGetService(ServiceLocatorImpl.java:740)
kdc_1       | Feb 18 13:11:06 kdc kadmind[27](Notice): Request: kadm5_create_principal, dn/496e76a1a75f@EXAMPLE.COM, success, client=admin/admin@EXAMPLE.COM, service=kadmin/admin@EXAMPLE.COM, addr=127.0.0.1
om_1        | 2021-02-18 13:12:14,819 [IPC Server listener on 9862] INFO ipc.Server: IPC Server listener on 9862: starting
recon_1     | 2021-02-18 13:14:26,212 [pool-16-thread-1] INFO impl.OzoneManagerServiceProviderImpl: Syncing data from Ozone Manager.
scm_1       | 	at java.base/java.security.AccessController.doPrivileged(Native Method)
datanode_3  | 2021-02-18 13:59:12,491 [c18ca3c0-b12a-4199-964c-3f5a42f72329@group-AB650855C2F0-LeaderElection1] INFO impl.RoleInfo: c18ca3c0-b12a-4199-964c-3f5a42f72329: start c18ca3c0-b12a-4199-964c-3f5a42f72329@group-AB650855C2F0-LeaderStateImpl
datanode_2  | 	at org.apache.hadoop.ozone.container.common.statemachine.commandhandler.CreatePipelineCommandHandler.lambda$handle$1(CreatePipelineCommandHandler.java:99)
datanode_1  | 2021-02-18 13:12:11,690 [Thread-27] INFO impl.FollowerState: a89000a2-bb6b-4e20-bf6a-b0511fb19096@group-73CE56E8DC26-FollowerState: change to CANDIDATE, lastRpcElapsedTime:5018114741ns, electionTimeout:5015ms
s3g_1       | 	at org.jvnet.hk2.internal.ServiceLocatorImpl.getService(ServiceLocatorImpl.java:710)
kdc_1       | Feb 18 13:11:06 kdc kadmind[27](info): closing down fd 18
om_1        | 2021-02-18 13:12:14,948 [Listener at om/9862] INFO om.TrashPolicyOzone: The configured checkpoint interval is 0 minutes. Using an interval of 1 minutes that is used for deletion instead
recon_1     | 2021-02-18 13:14:26,212 [pool-16-thread-1] INFO impl.OzoneManagerServiceProviderImpl: Obtaining delta updates from Ozone Manager
scm_1       | 	at java.base/javax.security.auth.Subject.doAs(Subject.java:423)
datanode_3  | 2021-02-18 13:59:12,542 [c18ca3c0-b12a-4199-964c-3f5a42f72329@group-AB650855C2F0-LeaderElection1] INFO segmented.SegmentedRaftLogWorker: c18ca3c0-b12a-4199-964c-3f5a42f72329@group-AB650855C2F0-SegmentedRaftLogWorker: Starting segment from index:0
datanode_2  | 	at java.base/java.util.stream.ForEachOps$ForEachOp$OfRef.accept(ForEachOps.java:183)
datanode_1  | 2021-02-18 13:12:11,697 [Thread-27] INFO impl.RoleInfo: a89000a2-bb6b-4e20-bf6a-b0511fb19096: shutdown a89000a2-bb6b-4e20-bf6a-b0511fb19096@group-73CE56E8DC26-FollowerState
s3g_1       | 	at org.glassfish.jersey.inject.hk2.AbstractHk2InjectionManager.getInstance(AbstractHk2InjectionManager.java:184)
kdc_1       | Feb 18 13:11:06 kdc kadmind[27](Notice): Request: kadm5_init, admin/admin@EXAMPLE.COM, success, client=admin/admin@EXAMPLE.COM, service=kadmin/admin@EXAMPLE.COM, addr=127.0.0.1, vers=4, flavor=6
om_1        | 2021-02-18 13:12:14,966 [Listener at om/9862] INFO om.TrashPolicyOzone: Ozone Manager trash configuration: Deletion interval = 1 minutes, Emptier interval = 1 minutes.
recon_1     | 2021-02-18 13:14:26,236 [pool-16-thread-1] INFO impl.OzoneManagerServiceProviderImpl: Number of updates received from OM : 25
scm_1       | 	at org.apache.hadoop.security.UserGroupInformation.doAs(UserGroupInformation.java:1762)
datanode_3  | 2021-02-18 13:59:12,633 [c18ca3c0-b12a-4199-964c-3f5a42f72329@group-AB650855C2F0-LeaderElection1] INFO server.RaftServer$Division: c18ca3c0-b12a-4199-964c-3f5a42f72329@group-AB650855C2F0: set configuration 0: [c18ca3c0-b12a-4199-964c-3f5a42f72329|rpc:172.18.0.8:9856|admin:172.18.0.8:9857|client:172.18.0.8:9858|dataStream:|priority:1], old=null
datanode_2  | 	at java.base/java.util.stream.ReferencePipeline$2$1.accept(ReferencePipeline.java:177)
datanode_1  | 2021-02-18 13:12:11,697 [Thread-27] INFO server.RaftServer$Division: a89000a2-bb6b-4e20-bf6a-b0511fb19096@group-73CE56E8DC26: changes role from  FOLLOWER to CANDIDATE at term 0 for changeToCandidate
s3g_1       | 	at org.glassfish.jersey.inject.hk2.ImmediateHk2InjectionManager.getInstance(ImmediateHk2InjectionManager.java:54)
kdc_1       | Feb 18 13:11:06 kdc kadmind[27](Notice): Request: kadm5_randkey_principal, dn/496e76a1a75f@EXAMPLE.COM, success, client=admin/admin@EXAMPLE.COM, service=kadmin/admin@EXAMPLE.COM, addr=127.0.0.1
om_1        | 2021-02-18 13:12:15,025 [org.apache.hadoop.util.JvmPauseMonitor$Monitor@951053f] INFO util.JvmPauseMonitor: Starting JVM pause monitor
recon_1     | 2021-02-18 13:14:26,418 [pool-17-thread-1] INFO tasks.TableCountTask: Completed a 'process' run of TableCountTask.
scm_1       | 	at org.apache.hadoop.ipc.Server$Handler.run(Server.java:2957)
datanode_3  | 2021-02-18 13:59:12,964 [c18ca3c0-b12a-4199-964c-3f5a42f72329@group-AB650855C2F0-SegmentedRaftLogWorker] INFO segmented.SegmentedRaftLogWorker: c18ca3c0-b12a-4199-964c-3f5a42f72329@group-AB650855C2F0-SegmentedRaftLogWorker: created new log segment /data/metadata/ratis/a2050085-7bef-4cfa-8557-ab650855c2f0/current/log_inprogress_0
datanode_2  | 	at java.base/java.util.ArrayList$ArrayListSpliterator.forEachRemaining(ArrayList.java:1654)
datanode_1  | 2021-02-18 13:12:11,698 [Thread-27] INFO server.RaftServerConfigKeys: raft.server.leaderelection.pre-vote = false (custom)
s3g_1       | 	at org.glassfish.jersey.internal.inject.Injections.getOrCreate(Injections.java:129)
kdc_1       | Feb 18 13:11:06 kdc kadmind[27](Notice): Request: kadm5_get_principal, dn/496e76a1a75f@EXAMPLE.COM, success, client=admin/admin@EXAMPLE.COM, service=kadmin/admin@EXAMPLE.COM, addr=127.0.0.1
om_1        | 2021-02-18 13:12:15,126 [Socket Reader #1 for port 9862] INFO ipc.Server: Auth successful for recon/recon@EXAMPLE.COM (auth:KERBEROS) from 172.18.0.5:44085
recon_1     | 2021-02-18 13:14:26,419 [pool-17-thread-1] INFO tasks.ContainerKeyMapperTask: ContainerKeyMapperTask successfully processed 8 OM DB update event(s).
scm_1       | 2021-02-18 13:11:43,388 [IPC Server handler 1 on default port 9961] INFO server.SCMSecurityProtocolServer: Processing CSR for dn 496e76a1a75f, UUID: 1edd6e56-02f4-4737-9459-78f3eca23344
datanode_3  | 2021-02-18 13:59:13,138 [c18ca3c0-b12a-4199-964c-3f5a42f72329@group-A69E5A84468F-LeaderElection2] INFO impl.LeaderElection: c18ca3c0-b12a-4199-964c-3f5a42f72329@group-A69E5A84468F-LeaderElection2 got exception when requesting votes: java.util.concurrent.ExecutionException: org.apache.ratis.thirdparty.io.grpc.StatusRuntimeException: INTERNAL: 1edd6e56-02f4-4737-9459-78f3eca23344: group-A69E5A84468F not found.
datanode_2  | 	at java.base/java.util.stream.AbstractPipeline.copyInto(AbstractPipeline.java:484)
datanode_1  | 2021-02-18 13:12:11,698 [Thread-27] INFO impl.RoleInfo: a89000a2-bb6b-4e20-bf6a-b0511fb19096: start a89000a2-bb6b-4e20-bf6a-b0511fb19096@group-73CE56E8DC26-LeaderElection2
s3g_1       | 	at org.glassfish.jersey.server.model.MethodHandler$ClassBasedMethodHandler.getInstance(MethodHandler.java:284)
kdc_1       | Feb 18 13:11:06 kdc kadmind[27](info): closing down fd 18
om_1        | 2021-02-18 13:12:15,199 [Socket Reader #1 for port 9862] INFO authorize.ServiceAuthorizationManager: Authorization successful for recon/recon@EXAMPLE.COM (auth:KERBEROS) for protocol=interface org.apache.hadoop.ozone.om.protocol.OzoneManagerProtocol
recon_1     | 2021-02-18 13:14:26,501 [pool-17-thread-1] INFO tasks.FileSizeCountTask: Completed a 'process' run of FileSizeCountTask.
scm_1       | 2021-02-18 13:11:44,672 [Socket Reader #1 for port 9860] INFO ipc.Server: Auth successful for HTTP/scm@EXAMPLE.COM (auth:KERBEROS) from 172.18.0.3:38105
datanode_3  | 2021-02-18 13:59:13,144 [c18ca3c0-b12a-4199-964c-3f5a42f72329@group-A69E5A84468F-LeaderElection2] INFO impl.LeaderElection: c18ca3c0-b12a-4199-964c-3f5a42f72329@group-A69E5A84468F-LeaderElection2 got exception when requesting votes: java.util.concurrent.ExecutionException: org.apache.ratis.thirdparty.io.grpc.StatusRuntimeException: INTERNAL: a89000a2-bb6b-4e20-bf6a-b0511fb19096: group-A69E5A84468F not found.
datanode_2  | 	at java.base/java.util.stream.AbstractPipeline.wrapAndCopyInto(AbstractPipeline.java:474)
datanode_1  | 2021-02-18 13:12:11,728 [a89000a2-bb6b-4e20-bf6a-b0511fb19096@group-73CE56E8DC26-LeaderElection2] INFO impl.LeaderElection: a89000a2-bb6b-4e20-bf6a-b0511fb19096@group-73CE56E8DC26-LeaderElection2 ELECTION round 0: submit vote requests at term 1 for -1: [1edd6e56-02f4-4737-9459-78f3eca23344|rpc:172.18.0.7:9856|admin:172.18.0.7:9857|client:172.18.0.7:9858|priority:1, a89000a2-bb6b-4e20-bf6a-b0511fb19096|rpc:172.18.0.10:9856|admin:172.18.0.10:9857|client:172.18.0.10:9858|priority:0, bf12607f-11ad-45eb-8e71-43919400a240|rpc:172.18.0.8:9856|admin:172.18.0.8:9857|client:172.18.0.8:9858|priority:0], old=null
s3g_1       | 	at org.glassfish.jersey.server.internal.routing.PushMethodHandlerRouter.apply(PushMethodHandlerRouter.java:75)
kdc_1       | Feb 18 13:11:06 kdc kadmind[27](Notice): Request: kadm5_init, admin/admin@EXAMPLE.COM, success, client=admin/admin@EXAMPLE.COM, service=kadmin/admin@EXAMPLE.COM, addr=127.0.0.1, vers=4, flavor=6
om_1        | 2021-02-18 13:12:16,019 [IPC Server handler 0 on default port 9862] INFO ipc.Server: IPC Server handler 0 on default port 9862, call Call#2 Retry#3 org.apache.hadoop.ozone.om.protocol.OzoneManagerProtocol.submitRequest from 172.18.0.5:44085
recon_1     | 2021-02-18 13:14:41,513 [Socket Reader #1 for port 9891] INFO ipc.Server: Auth successful for dn/496e76a1a75f@EXAMPLE.COM (auth:KERBEROS) from 172.18.0.7:36957
scm_1       | 2021-02-18 13:11:44,696 [Socket Reader #1 for port 9860] INFO authorize.ServiceAuthorizationManager: Authorization successful for HTTP/scm@EXAMPLE.COM (auth:KERBEROS) for protocol=interface org.apache.hadoop.hdds.scm.protocol.StorageContainerLocationProtocol
datanode_3  | 2021-02-18 13:59:13,145 [c18ca3c0-b12a-4199-964c-3f5a42f72329@group-A69E5A84468F-LeaderElection2] INFO impl.LeaderElection: c18ca3c0-b12a-4199-964c-3f5a42f72329@group-A69E5A84468F-LeaderElection2: ELECTION REJECTED received 0 response(s) and 2 exception(s):
datanode_2  | 	at java.base/java.util.stream.ForEachOps$ForEachOp.evaluateSequential(ForEachOps.java:150)
datanode_1  | 2021-02-18 13:12:11,740 [a89000a2-bb6b-4e20-bf6a-b0511fb19096@group-196A620DCA54-LeaderElection1] INFO segmented.SegmentedRaftLogWorker: a89000a2-bb6b-4e20-bf6a-b0511fb19096@group-196A620DCA54-SegmentedRaftLogWorker: Starting segment from index:0
s3g_1       | 	at org.glassfish.jersey.server.internal.routing.RoutingStage._apply(RoutingStage.java:110)
kdc_1       | Feb 18 13:11:06 kdc kadmind[27](Notice): Request: kadm5_get_policy, default, Policy does not exist, client=admin/admin@EXAMPLE.COM, service=kadmin/admin@EXAMPLE.COM, addr=127.0.0.1
om_1        | org.apache.hadoop.ozone.om.exceptions.OMNotLeaderException: OM:om1 is not the leader. Could not determine the leader node.
recon_1     | 2021-02-18 13:14:41,529 [Socket Reader #1 for port 9891] INFO authorize.ServiceAuthorizationManager: Authorization successful for dn/496e76a1a75f@EXAMPLE.COM (auth:KERBEROS) for protocol=interface org.apache.hadoop.ozone.protocol.ReconDatanodeProtocol
scm_1       | 2021-02-18 13:11:45,104 [Socket Reader #1 for port 9863] INFO ipc.Server: Auth successful for om/om@EXAMPLE.COM (auth:KERBEROS) from 172.18.0.4:33765
datanode_3  | 2021-02-18 13:59:13,145 [c18ca3c0-b12a-4199-964c-3f5a42f72329@group-A69E5A84468F-LeaderElection2] INFO impl.LeaderElection:   Exception 0: java.util.concurrent.ExecutionException: org.apache.ratis.thirdparty.io.grpc.StatusRuntimeException: INTERNAL: 1edd6e56-02f4-4737-9459-78f3eca23344: group-A69E5A84468F not found.
datanode_2  | 	at java.base/java.util.stream.ForEachOps$ForEachOp$OfRef.evaluateSequential(ForEachOps.java:173)
datanode_1  | 2021-02-18 13:12:11,970 [a89000a2-bb6b-4e20-bf6a-b0511fb19096@group-196A620DCA54-LeaderElection1] INFO server.RaftServer$Division: a89000a2-bb6b-4e20-bf6a-b0511fb19096@group-196A620DCA54: set configuration 0: [a89000a2-bb6b-4e20-bf6a-b0511fb19096|rpc:172.18.0.10:9856|admin:172.18.0.10:9857|client:172.18.0.10:9858|dataStream:|priority:1], old=null
s3g_1       | 	at org.glassfish.jersey.server.internal.routing.RoutingStage._apply(RoutingStage.java:113)
kdc_1       | Feb 18 13:11:06 kdc kadmind[27](Notice): Request: kadm5_create_principal, om/om@EXAMPLE.COM, success, client=admin/admin@EXAMPLE.COM, service=kadmin/admin@EXAMPLE.COM, addr=127.0.0.1
om_1        | 	at org.apache.hadoop.ozone.protocolPB.OzoneManagerProtocolServerSideTranslatorPB.createNotLeaderException(OzoneManagerProtocolServerSideTranslatorPB.java:202)
recon_1     | 2021-02-18 13:14:42,109 [Socket Reader #1 for port 9891] INFO ipc.Server: Auth successful for dn/a53daec90714@EXAMPLE.COM (auth:KERBEROS) from 172.18.0.10:44891
scm_1       | 2021-02-18 13:11:45,156 [Socket Reader #1 for port 9863] INFO authorize.ServiceAuthorizationManager: Authorization successful for om/om@EXAMPLE.COM (auth:KERBEROS) for protocol=interface org.apache.hadoop.hdds.scm.protocol.ScmBlockLocationProtocol
datanode_3  | 2021-02-18 13:59:13,145 [c18ca3c0-b12a-4199-964c-3f5a42f72329@group-A69E5A84468F-LeaderElection2] INFO impl.LeaderElection:   Exception 1: java.util.concurrent.ExecutionException: org.apache.ratis.thirdparty.io.grpc.StatusRuntimeException: INTERNAL: a89000a2-bb6b-4e20-bf6a-b0511fb19096: group-A69E5A84468F not found.
datanode_2  | 	at java.base/java.util.stream.AbstractPipeline.evaluate(AbstractPipeline.java:234)
datanode_1  | 2021-02-18 13:12:12,747 [a89000a2-bb6b-4e20-bf6a-b0511fb19096@group-196A620DCA54-SegmentedRaftLogWorker] INFO segmented.SegmentedRaftLogWorker: a89000a2-bb6b-4e20-bf6a-b0511fb19096@group-196A620DCA54-SegmentedRaftLogWorker: created new log segment /data/metadata/ratis/2148fcc4-12d7-4347-828d-196a620dca54/current/log_inprogress_0
s3g_1       | 	at org.glassfish.jersey.server.internal.routing.RoutingStage._apply(RoutingStage.java:113)
kdc_1       | Feb 18 13:11:06 kdc kadmind[27](info): closing down fd 18
om_1        | 	at org.apache.hadoop.ozone.protocolPB.OzoneManagerProtocolServerSideTranslatorPB.createLeaderErrorException(OzoneManagerProtocolServerSideTranslatorPB.java:215)
recon_1     | 2021-02-18 13:14:42,116 [Socket Reader #1 for port 9891] INFO authorize.ServiceAuthorizationManager: Authorization successful for dn/a53daec90714@EXAMPLE.COM (auth:KERBEROS) for protocol=interface org.apache.hadoop.ozone.protocol.ReconDatanodeProtocol
scm_1       | 2021-02-18 13:11:53,791 [Socket Reader #1 for port 9961] INFO ipc.Server: Auth successful for om/om@EXAMPLE.COM (auth:KERBEROS) from 172.18.0.4:40389
datanode_3  | 2021-02-18 13:59:13,145 [c18ca3c0-b12a-4199-964c-3f5a42f72329@group-A69E5A84468F-LeaderElection2] INFO impl.LeaderElection: c18ca3c0-b12a-4199-964c-3f5a42f72329@group-A69E5A84468F-LeaderElection2 ELECTION round 0: result REJECTED
datanode_2  | 	at java.base/java.util.stream.ReferencePipeline.forEach(ReferencePipeline.java:497)
datanode_1  | 2021-02-18 13:12:13,088 [grpc-default-executor-0] INFO metrics.RatisMetrics: Creating Metrics Registry : ratis.server_message_metrics.a89000a2-bb6b-4e20-bf6a-b0511fb19096
s3g_1       | 	at org.glassfish.jersey.server.internal.routing.RoutingStage._apply(RoutingStage.java:113)
kdc_1       | Feb 18 13:11:06 kdc kadmind[27](Notice): Request: kadm5_init, admin/admin@EXAMPLE.COM, success, client=admin/admin@EXAMPLE.COM, service=kadmin/admin@EXAMPLE.COM, addr=127.0.0.1, vers=4, flavor=6
recon_1     | 2021-02-18 13:14:42,152 [Socket Reader #1 for port 9891] INFO ipc.Server: Auth successful for dn/be7d639ea7a5@EXAMPLE.COM (auth:KERBEROS) from 172.18.0.8:45219
om_1        | 	at org.apache.hadoop.ozone.protocolPB.OzoneManagerProtocolServerSideTranslatorPB.submitReadRequestToOM(OzoneManagerProtocolServerSideTranslatorPB.java:192)
scm_1       | 2021-02-18 13:11:53,859 [Socket Reader #1 for port 9961] INFO authorize.ServiceAuthorizationManager: Authorization successful for om/om@EXAMPLE.COM (auth:KERBEROS) for protocol=interface org.apache.hadoop.hdds.protocol.SCMSecurityProtocol
datanode_3  | 2021-02-18 13:59:13,147 [c18ca3c0-b12a-4199-964c-3f5a42f72329@group-A69E5A84468F-LeaderElection2] INFO server.RaftServer$Division: c18ca3c0-b12a-4199-964c-3f5a42f72329@group-A69E5A84468F: changes role from CANDIDATE to FOLLOWER at term 1 for REJECTED
datanode_2  | 	at org.apache.hadoop.ozone.container.common.statemachine.commandhandler.CreatePipelineCommandHandler.handle(CreatePipelineCommandHandler.java:95)
datanode_1  | 2021-02-18 13:12:13,125 [grpc-default-executor-0] INFO server.RaftServer$Division: a89000a2-bb6b-4e20-bf6a-b0511fb19096@group-73CE56E8DC26: receive requestVote(ELECTION, bf12607f-11ad-45eb-8e71-43919400a240, group-73CE56E8DC26, 1, (t:0, i:0))
s3g_1       | 	at org.glassfish.jersey.server.internal.routing.RoutingStage.apply(RoutingStage.java:93)
kdc_1       | Feb 18 13:11:06 kdc kadmind[27](Notice): Request: kadm5_randkey_principal, om/om@EXAMPLE.COM, success, client=admin/admin@EXAMPLE.COM, service=kadmin/admin@EXAMPLE.COM, addr=127.0.0.1
recon_1     | 2021-02-18 13:14:42,182 [Socket Reader #1 for port 9891] INFO authorize.ServiceAuthorizationManager: Authorization successful for dn/be7d639ea7a5@EXAMPLE.COM (auth:KERBEROS) for protocol=interface org.apache.hadoop.ozone.protocol.ReconDatanodeProtocol
om_1        | 	at org.apache.hadoop.ozone.protocolPB.OzoneManagerProtocolServerSideTranslatorPB.processRequest(OzoneManagerProtocolServerSideTranslatorPB.java:132)
scm_1       | 2021-02-18 13:11:53,868 [IPC Server handler 0 on default port 9961] INFO server.SCMSecurityProtocolServer: Processing CSR for om om, UUID: 389494cb-f04b-4c55-8571-b9cea6cc71e2
datanode_3  | 2021-02-18 13:59:13,149 [c18ca3c0-b12a-4199-964c-3f5a42f72329@group-A69E5A84468F-LeaderElection2] INFO impl.RoleInfo: c18ca3c0-b12a-4199-964c-3f5a42f72329: shutdown c18ca3c0-b12a-4199-964c-3f5a42f72329@group-A69E5A84468F-LeaderElection2
datanode_2  | 	at org.apache.hadoop.ozone.container.common.statemachine.commandhandler.CommandDispatcher.handle(CommandDispatcher.java:99)
datanode_1  | 2021-02-18 13:12:13,132 [grpc-default-executor-0] INFO impl.VoteContext: a89000a2-bb6b-4e20-bf6a-b0511fb19096@group-73CE56E8DC26-CANDIDATE: reject ELECTION from bf12607f-11ad-45eb-8e71-43919400a240: already has voted for a89000a2-bb6b-4e20-bf6a-b0511fb19096 at current term 1
s3g_1       | 	at org.glassfish.jersey.server.internal.routing.RoutingStage.apply(RoutingStage.java:62)
kdc_1       | Feb 18 13:11:06 kdc kadmind[27](Notice): Request: kadm5_get_principal, om/om@EXAMPLE.COM, success, client=admin/admin@EXAMPLE.COM, service=kadmin/admin@EXAMPLE.COM, addr=127.0.0.1
recon_1     | 2021-02-18 13:15:11,503 [Socket Reader #1 for port 9891] INFO ipc.Server: Auth successful for dn/496e76a1a75f@EXAMPLE.COM (auth:KERBEROS) from 172.18.0.7:43861
om_1        | 	at org.apache.hadoop.hdds.server.OzoneProtocolMessageDispatcher.processRequest(OzoneProtocolMessageDispatcher.java:87)
scm_1       | 2021-02-18 13:12:00,167 [Socket Reader #1 for port 9861] INFO ipc.Server: Auth successful for dn/be7d639ea7a5@EXAMPLE.COM (auth:KERBEROS) from 172.18.0.8:46165
datanode_3  | 2021-02-18 13:59:13,149 [c18ca3c0-b12a-4199-964c-3f5a42f72329@group-A69E5A84468F-LeaderElection2] INFO impl.RoleInfo: c18ca3c0-b12a-4199-964c-3f5a42f72329: start c18ca3c0-b12a-4199-964c-3f5a42f72329@group-A69E5A84468F-FollowerState
datanode_2  | 	at org.apache.hadoop.ozone.container.common.statemachine.DatanodeStateMachine.lambda$initCommandHandlerThread$2(DatanodeStateMachine.java:506)
datanode_1  | 2021-02-18 13:12:13,158 [grpc-default-executor-0] INFO server.RaftServer$Division: a89000a2-bb6b-4e20-bf6a-b0511fb19096@group-73CE56E8DC26 replies to ELECTION vote request: bf12607f-11ad-45eb-8e71-43919400a240<-a89000a2-bb6b-4e20-bf6a-b0511fb19096#0:FAIL-t1. Peer's state: a89000a2-bb6b-4e20-bf6a-b0511fb19096@group-73CE56E8DC26:t1, leader=null, voted=a89000a2-bb6b-4e20-bf6a-b0511fb19096, raftlog=a89000a2-bb6b-4e20-bf6a-b0511fb19096@group-73CE56E8DC26-SegmentedRaftLog:OPENED:c-1,f-1,i0, conf=-1: [1edd6e56-02f4-4737-9459-78f3eca23344|rpc:172.18.0.7:9856|admin:172.18.0.7:9857|client:172.18.0.7:9858|priority:1, a89000a2-bb6b-4e20-bf6a-b0511fb19096|rpc:172.18.0.10:9856|admin:172.18.0.10:9857|client:172.18.0.10:9858|priority:0, bf12607f-11ad-45eb-8e71-43919400a240|rpc:172.18.0.8:9856|admin:172.18.0.8:9857|client:172.18.0.8:9858|priority:0], old=null
s3g_1       | 	at org.glassfish.jersey.process.internal.Stages.process(Stages.java:197)
kdc_1       | Feb 18 13:11:06 kdc kadmind[27](info): closing down fd 18
recon_1     | 2021-02-18 13:15:11,513 [Socket Reader #1 for port 9891] INFO authorize.ServiceAuthorizationManager: Authorization successful for dn/496e76a1a75f@EXAMPLE.COM (auth:KERBEROS) for protocol=interface org.apache.hadoop.ozone.protocol.ReconDatanodeProtocol
om_1        | 	at org.apache.hadoop.ozone.protocolPB.OzoneManagerProtocolServerSideTranslatorPB.submitRequest(OzoneManagerProtocolServerSideTranslatorPB.java:122)
scm_1       | 2021-02-18 13:12:00,232 [Socket Reader #1 for port 9861] INFO authorize.ServiceAuthorizationManager: Authorization successful for dn/be7d639ea7a5@EXAMPLE.COM (auth:KERBEROS) for protocol=interface org.apache.hadoop.ozone.protocol.StorageContainerDatanodeProtocol
datanode_3  | 2021-02-18 13:59:13,219 [grpc-default-executor-0] INFO replication.GrpcReplicationClient: Container 1 is downloaded to /tmp/container-copy/container-1.tar.gz
datanode_3  | 2021-02-18 13:59:13,224 [ContainerReplicationThread-0] INFO replication.DownloadAndImportReplicator: Container 1 is downloaded with size 136580758, starting to import.
datanode_1  | 2021-02-18 13:12:13,561 [a89000a2-bb6b-4e20-bf6a-b0511fb19096@group-73CE56E8DC26-LeaderElection2] INFO impl.LeaderElection: a89000a2-bb6b-4e20-bf6a-b0511fb19096@group-73CE56E8DC26-LeaderElection2: ELECTION REJECTED received 1 response(s) and 0 exception(s):
s3g_1       | 	at org.glassfish.jersey.server.ServerRuntime$1.run(ServerRuntime.java:269)
s3g_1       | 	at org.glassfish.jersey.internal.Errors$1.call(Errors.java:272)
kdc_1       | Feb 18 13:11:06 kdc kadmind[27](Notice): Request: kadm5_init, admin/admin@EXAMPLE.COM, success, client=admin/admin@EXAMPLE.COM, service=kadmin/admin@EXAMPLE.COM, addr=127.0.0.1, vers=4, flavor=6
om_1        | 	at org.apache.hadoop.ozone.protocol.proto.OzoneManagerProtocolProtos$OzoneManagerService$2.callBlockingMethod(OzoneManagerProtocolProtos.java)
om_1        | 	at org.apache.hadoop.ipc.ProtobufRpcEngine$Server$ProtoBufRpcInvoker.call(ProtobufRpcEngine.java:528)
om_1        | 	at org.apache.hadoop.ipc.RPC$Server.call(RPC.java:1086)
om_1        | 	at org.apache.hadoop.ipc.Server$RpcCall.run(Server.java:1029)
om_1        | 	at org.apache.hadoop.ipc.Server$RpcCall.run(Server.java:957)
om_1        | 	at java.base/java.security.AccessController.doPrivileged(Native Method)
om_1        | 	at java.base/javax.security.auth.Subject.doAs(Subject.java:423)
s3g_1       | 	at org.glassfish.jersey.internal.Errors$1.call(Errors.java:268)
om_1        | 	at org.apache.hadoop.security.UserGroupInformation.doAs(UserGroupInformation.java:1762)
datanode_2  | 	at java.base/java.lang.Thread.run(Thread.java:834)
datanode_3  | 2021-02-18 13:59:14,471 [ContainerReplicationThread-0] INFO replication.DownloadAndImportReplicator: Container 1 is replicated successfully
scm_1       | 2021-02-18 13:12:00,838 [Socket Reader #1 for port 9861] INFO ipc.Server: Auth successful for dn/a53daec90714@EXAMPLE.COM (auth:KERBEROS) from 172.18.0.10:40423
s3g_1       | 	at org.glassfish.jersey.internal.Errors.process(Errors.java:316)
recon_1     | 2021-02-18 13:15:12,117 [Socket Reader #1 for port 9891] INFO ipc.Server: Auth successful for dn/a53daec90714@EXAMPLE.COM (auth:KERBEROS) from 172.18.0.10:43951
kdc_1       | Feb 18 13:11:06 kdc kadmind[27](Notice): Request: kadm5_get_policy, default, Policy does not exist, client=admin/admin@EXAMPLE.COM, service=kadmin/admin@EXAMPLE.COM, addr=127.0.0.1
datanode_1  | 2021-02-18 13:12:13,561 [a89000a2-bb6b-4e20-bf6a-b0511fb19096@group-73CE56E8DC26-LeaderElection2] INFO impl.LeaderElection:   Response 0: a89000a2-bb6b-4e20-bf6a-b0511fb19096<-1edd6e56-02f4-4737-9459-78f3eca23344#0:FAIL-t1
om_1        | 	at org.apache.hadoop.ipc.Server$Handler.run(Server.java:2957)
datanode_2  | Caused by: org.apache.ratis.thirdparty.io.grpc.StatusRuntimeException: UNAVAILABLE: Network closed for unknown reason
datanode_3  | 2021-02-18 13:59:14,471 [ContainerReplicationThread-0] INFO replication.ReplicationSupervisor: Container 1 is replicated.
scm_1       | 2021-02-18 13:12:00,844 [Socket Reader #1 for port 9861] INFO authorize.ServiceAuthorizationManager: Authorization successful for dn/a53daec90714@EXAMPLE.COM (auth:KERBEROS) for protocol=interface org.apache.hadoop.ozone.protocol.StorageContainerDatanodeProtocol
s3g_1       | 	at org.glassfish.jersey.internal.Errors.process(Errors.java:298)
recon_1     | 2021-02-18 13:15:12,129 [Socket Reader #1 for port 9891] INFO authorize.ServiceAuthorizationManager: Authorization successful for dn/a53daec90714@EXAMPLE.COM (auth:KERBEROS) for protocol=interface org.apache.hadoop.ozone.protocol.ReconDatanodeProtocol
kdc_1       | Feb 18 13:11:06 kdc kadmind[27](Notice): Request: kadm5_create_principal, HTTP/496e76a1a75f@EXAMPLE.COM, success, client=admin/admin@EXAMPLE.COM, service=kadmin/admin@EXAMPLE.COM, addr=127.0.0.1
datanode_1  | 2021-02-18 13:12:13,562 [a89000a2-bb6b-4e20-bf6a-b0511fb19096@group-73CE56E8DC26-LeaderElection2] INFO impl.LeaderElection: a89000a2-bb6b-4e20-bf6a-b0511fb19096@group-73CE56E8DC26-LeaderElection2 ELECTION round 0: result REJECTED
om_1        | 2021-02-18 13:12:17,628 [Thread-12] INFO impl.FollowerState: om1@group-C5BA1605619E-FollowerState: change to CANDIDATE, lastRpcElapsedTime:5031459727ns, electionTimeout:5015ms
datanode_2  | 	at org.apache.ratis.thirdparty.io.grpc.stub.ClientCalls.toStatusRuntimeException(ClientCalls.java:262)
datanode_3  | 2021-02-18 13:59:18,250 [Thread-33] INFO impl.FollowerState: c18ca3c0-b12a-4199-964c-3f5a42f72329@group-A69E5A84468F-FollowerState: change to CANDIDATE, lastRpcElapsedTime:5101481697ns, electionTimeout:5101ms
scm_1       | 2021-02-18 13:12:01,007 [Socket Reader #1 for port 9861] INFO ipc.Server: Auth successful for dn/496e76a1a75f@EXAMPLE.COM (auth:KERBEROS) from 172.18.0.7:35261
s3g_1       | 	at org.glassfish.jersey.internal.Errors.process(Errors.java:268)
recon_1     | 2021-02-18 13:15:12,163 [Socket Reader #1 for port 9891] INFO ipc.Server: Auth successful for dn/be7d639ea7a5@EXAMPLE.COM (auth:KERBEROS) from 172.18.0.8:43239
kdc_1       | Feb 18 13:11:06 kdc kadmind[27](info): closing down fd 18
datanode_1  | 2021-02-18 13:12:13,571 [a89000a2-bb6b-4e20-bf6a-b0511fb19096@group-73CE56E8DC26-LeaderElection2] INFO server.RaftServer$Division: a89000a2-bb6b-4e20-bf6a-b0511fb19096@group-73CE56E8DC26: changes role from CANDIDATE to FOLLOWER at term 1 for REJECTED
om_1        | 2021-02-18 13:12:17,630 [Thread-12] INFO impl.RoleInfo: om1: shutdown om1@group-C5BA1605619E-FollowerState
datanode_2  | 	at org.apache.ratis.thirdparty.io.grpc.stub.ClientCalls.getUnchecked(ClientCalls.java:243)
datanode_3  | 2021-02-18 13:59:18,250 [Thread-33] INFO impl.RoleInfo: c18ca3c0-b12a-4199-964c-3f5a42f72329: shutdown c18ca3c0-b12a-4199-964c-3f5a42f72329@group-A69E5A84468F-FollowerState
scm_1       | 2021-02-18 13:12:01,028 [Socket Reader #1 for port 9861] INFO authorize.ServiceAuthorizationManager: Authorization successful for dn/496e76a1a75f@EXAMPLE.COM (auth:KERBEROS) for protocol=interface org.apache.hadoop.ozone.protocol.StorageContainerDatanodeProtocol
s3g_1       | 	at org.glassfish.jersey.process.internal.RequestScope.runInScope(RequestScope.java:289)
recon_1     | 2021-02-18 13:15:12,167 [Socket Reader #1 for port 9891] INFO authorize.ServiceAuthorizationManager: Authorization successful for dn/be7d639ea7a5@EXAMPLE.COM (auth:KERBEROS) for protocol=interface org.apache.hadoop.ozone.protocol.ReconDatanodeProtocol
kdc_1       | Feb 18 13:11:06 kdc kadmind[27](Notice): Request: kadm5_init, admin/admin@EXAMPLE.COM, success, client=admin/admin@EXAMPLE.COM, service=kadmin/admin@EXAMPLE.COM, addr=127.0.0.1, vers=4, flavor=6
datanode_1  | 2021-02-18 13:12:13,571 [a89000a2-bb6b-4e20-bf6a-b0511fb19096@group-73CE56E8DC26-LeaderElection2] INFO impl.RoleInfo: a89000a2-bb6b-4e20-bf6a-b0511fb19096: shutdown a89000a2-bb6b-4e20-bf6a-b0511fb19096@group-73CE56E8DC26-LeaderElection2
om_1        | 2021-02-18 13:12:17,630 [Thread-12] INFO server.RaftServer$Division: om1@group-C5BA1605619E: changes role from  FOLLOWER to CANDIDATE at term 0 for changeToCandidate
datanode_2  | 	at org.apache.ratis.thirdparty.io.grpc.stub.ClientCalls.blockingUnaryCall(ClientCalls.java:156)
datanode_3  | 2021-02-18 13:59:18,251 [Thread-33] INFO server.RaftServer$Division: c18ca3c0-b12a-4199-964c-3f5a42f72329@group-A69E5A84468F: changes role from  FOLLOWER to CANDIDATE at term 1 for changeToCandidate
scm_1       | 2021-02-18 13:12:02,343 [IPC Server handler 48 on default port 9861] INFO net.NetworkTopologyImpl: Added a new node: /default-rack/bf12607f-11ad-45eb-8e71-43919400a240
scm_1       | 2021-02-18 13:12:02,366 [IPC Server handler 48 on default port 9861] INFO node.SCMNodeManager: Registered Data node : bf12607f-11ad-45eb-8e71-43919400a240{ip: 172.18.0.8, host: ozonesecure_datanode_3.ozonesecure_default, ports: [REPLICATION=9886, RATIS=9858, RATIS_ADMIN=9857, RATIS_SERVER=9856, STANDALONE=9859], networkLocation: /default-rack, certSerialId: 227328882980, persistedOpState: null, persistedOpStateExpiryEpochSec: 0}
recon_1     | 2021-02-18 13:15:26,505 [pool-16-thread-1] INFO impl.OzoneManagerServiceProviderImpl: Syncing data from Ozone Manager.
kdc_1       | Feb 18 13:11:06 kdc kadmind[27](Notice): Request: kadm5_randkey_principal, HTTP/496e76a1a75f@EXAMPLE.COM, success, client=admin/admin@EXAMPLE.COM, service=kadmin/admin@EXAMPLE.COM, addr=127.0.0.1
datanode_1  | 2021-02-18 13:12:13,571 [a89000a2-bb6b-4e20-bf6a-b0511fb19096@group-73CE56E8DC26-LeaderElection2] INFO impl.RoleInfo: a89000a2-bb6b-4e20-bf6a-b0511fb19096: start a89000a2-bb6b-4e20-bf6a-b0511fb19096@group-73CE56E8DC26-FollowerState
om_1        | 2021-02-18 13:12:17,633 [Thread-12] INFO server.RaftServerConfigKeys: raft.server.leaderelection.pre-vote = false (custom)
datanode_2  | 	at org.apache.ratis.proto.grpc.AdminProtocolServiceGrpc$AdminProtocolServiceBlockingStub.groupManagement(AdminProtocolServiceGrpc.java:413)
datanode_3  | 2021-02-18 13:59:18,251 [Thread-33] INFO server.RaftServerConfigKeys: raft.server.leaderelection.pre-vote = false (custom)
scm_1       | 2021-02-18 13:12:02,388 [RatisPipelineUtilsThread] INFO pipeline.RatisPipelineProvider: Sending CreatePipelineCommand for pipeline:PipelineID=87e333aa-1275-4ec5-89e1-a0fa6b11f626 to datanode:bf12607f-11ad-45eb-8e71-43919400a240
s3g_1       | 	at org.glassfish.jersey.server.ServerRuntime.process(ServerRuntime.java:256)
recon_1     | 2021-02-18 13:15:26,506 [pool-16-thread-1] INFO impl.OzoneManagerServiceProviderImpl: Obtaining delta updates from Ozone Manager
kdc_1       | Feb 18 13:11:06 kdc kadmind[27](Notice): Request: kadm5_get_principal, HTTP/496e76a1a75f@EXAMPLE.COM, success, client=admin/admin@EXAMPLE.COM, service=kadmin/admin@EXAMPLE.COM, addr=127.0.0.1
datanode_1  | 2021-02-18 13:12:13,908 [grpc-default-executor-0] INFO server.RaftServer$Division: a89000a2-bb6b-4e20-bf6a-b0511fb19096@group-73CE56E8DC26: receive requestVote(ELECTION, 1edd6e56-02f4-4737-9459-78f3eca23344, group-73CE56E8DC26, 1, (t:0, i:0))
datanode_1  | 2021-02-18 13:12:13,908 [grpc-default-executor-0] INFO impl.VoteContext: a89000a2-bb6b-4e20-bf6a-b0511fb19096@group-73CE56E8DC26-FOLLOWER: reject ELECTION from 1edd6e56-02f4-4737-9459-78f3eca23344: already has voted for a89000a2-bb6b-4e20-bf6a-b0511fb19096 at current term 1
datanode_1  | 2021-02-18 13:12:13,909 [grpc-default-executor-0] INFO server.RaftServer$Division: a89000a2-bb6b-4e20-bf6a-b0511fb19096@group-73CE56E8DC26 replies to ELECTION vote request: 1edd6e56-02f4-4737-9459-78f3eca23344<-a89000a2-bb6b-4e20-bf6a-b0511fb19096#0:FAIL-t1. Peer's state: a89000a2-bb6b-4e20-bf6a-b0511fb19096@group-73CE56E8DC26:t1, leader=null, voted=a89000a2-bb6b-4e20-bf6a-b0511fb19096, raftlog=a89000a2-bb6b-4e20-bf6a-b0511fb19096@group-73CE56E8DC26-SegmentedRaftLog:OPENED:c-1,f-1,i0, conf=-1: [1edd6e56-02f4-4737-9459-78f3eca23344|rpc:172.18.0.7:9856|admin:172.18.0.7:9857|client:172.18.0.7:9858|priority:1, a89000a2-bb6b-4e20-bf6a-b0511fb19096|rpc:172.18.0.10:9856|admin:172.18.0.10:9857|client:172.18.0.10:9858|priority:0, bf12607f-11ad-45eb-8e71-43919400a240|rpc:172.18.0.8:9856|admin:172.18.0.8:9857|client:172.18.0.8:9858|priority:0], old=null
datanode_1  | 2021-02-18 13:12:18,616 [Thread-33] INFO impl.FollowerState: a89000a2-bb6b-4e20-bf6a-b0511fb19096@group-73CE56E8DC26-FollowerState: change to CANDIDATE, lastRpcElapsedTime:5044784854ns, electionTimeout:5042ms
datanode_1  | 2021-02-18 13:12:18,617 [Thread-33] INFO impl.RoleInfo: a89000a2-bb6b-4e20-bf6a-b0511fb19096: shutdown a89000a2-bb6b-4e20-bf6a-b0511fb19096@group-73CE56E8DC26-FollowerState
datanode_1  | 2021-02-18 13:12:18,617 [Thread-33] INFO server.RaftServer$Division: a89000a2-bb6b-4e20-bf6a-b0511fb19096@group-73CE56E8DC26: changes role from  FOLLOWER to CANDIDATE at term 1 for changeToCandidate
datanode_1  | 2021-02-18 13:12:18,617 [Thread-33] INFO server.RaftServerConfigKeys: raft.server.leaderelection.pre-vote = false (custom)
datanode_3  | 2021-02-18 13:59:18,251 [Thread-33] INFO impl.RoleInfo: c18ca3c0-b12a-4199-964c-3f5a42f72329: start c18ca3c0-b12a-4199-964c-3f5a42f72329@group-A69E5A84468F-LeaderElection3
s3g_1       | 	at org.glassfish.jersey.server.ApplicationHandler.handle(ApplicationHandler.java:703)
recon_1     | 2021-02-18 13:15:26,528 [pool-16-thread-1] INFO impl.OzoneManagerServiceProviderImpl: Number of updates received from OM : 10
kdc_1       | Feb 18 13:11:06 kdc kadmind[27](info): closing down fd 18
datanode_2  | 	at org.apache.ratis.grpc.client.GrpcClientProtocolClient.lambda$groupAdd$5(GrpcClientProtocolClient.java:180)
scm_1       | 2021-02-18 13:12:02,434 [EventQueue-NodeRegistrationContainerReportForDataNodeSafeModeRule] INFO safemode.SCMSafeModeManager: SCM in safe mode. 1 DataNodes registered, 3 required.
om_1        | 2021-02-18 13:12:17,633 [Thread-12] INFO impl.RoleInfo: om1: start om1@group-C5BA1605619E-LeaderElection1
datanode_1  | 2021-02-18 13:12:18,617 [Thread-33] INFO impl.RoleInfo: a89000a2-bb6b-4e20-bf6a-b0511fb19096: start a89000a2-bb6b-4e20-bf6a-b0511fb19096@group-73CE56E8DC26-LeaderElection3
datanode_3  | 2021-02-18 13:59:18,257 [c18ca3c0-b12a-4199-964c-3f5a42f72329@group-A69E5A84468F-LeaderElection3] INFO impl.LeaderElection: c18ca3c0-b12a-4199-964c-3f5a42f72329@group-A69E5A84468F-LeaderElection3 ELECTION round 0: submit vote requests at term 2 for -1: [1edd6e56-02f4-4737-9459-78f3eca23344|rpc:172.18.0.7:9856|admin:172.18.0.7:9857|client:172.18.0.7:9858|priority:1, c18ca3c0-b12a-4199-964c-3f5a42f72329|rpc:172.18.0.8:9856|admin:172.18.0.8:9857|client:172.18.0.8:9858|priority:0, a89000a2-bb6b-4e20-bf6a-b0511fb19096|rpc:172.18.0.10:9856|admin:172.18.0.10:9857|client:172.18.0.10:9858|priority:0], old=null
s3g_1       | 	at org.glassfish.jersey.servlet.WebComponent.serviceImpl(WebComponent.java:416)
recon_1     | 2021-02-18 13:15:26,679 [pool-17-thread-1] INFO tasks.TableCountTask: Completed a 'process' run of TableCountTask.
kdc_1       | Feb 18 13:11:06 kdc kadmind[27](Notice): Request: kadm5_init, admin/admin@EXAMPLE.COM, success, client=admin/admin@EXAMPLE.COM, service=kadmin/admin@EXAMPLE.COM, addr=127.0.0.1, vers=4, flavor=6
datanode_2  | 	at org.apache.ratis.grpc.client.GrpcClientProtocolClient.blockingCall(GrpcClientProtocolClient.java:215)
scm_1       | 2021-02-18 13:12:02,452 [EventQueue-NodeRegistrationContainerReportForContainerSafeModeRule] INFO safemode.SCMSafeModeManager: ContainerSafeModeRule rule is successfully validated
om_1        | 2021-02-18 13:12:17,653 [om1@group-C5BA1605619E-LeaderElection1] INFO impl.LeaderElection: om1@group-C5BA1605619E-LeaderElection1 ELECTION round 0: submit vote requests at term 1 for -1: [om1|rpc:om:9872|priority:0], old=null
datanode_1  | 2021-02-18 13:12:18,622 [a89000a2-bb6b-4e20-bf6a-b0511fb19096@group-73CE56E8DC26-LeaderElection3] INFO impl.LeaderElection: a89000a2-bb6b-4e20-bf6a-b0511fb19096@group-73CE56E8DC26-LeaderElection3 ELECTION round 0: submit vote requests at term 2 for -1: [1edd6e56-02f4-4737-9459-78f3eca23344|rpc:172.18.0.7:9856|admin:172.18.0.7:9857|client:172.18.0.7:9858|priority:1, a89000a2-bb6b-4e20-bf6a-b0511fb19096|rpc:172.18.0.10:9856|admin:172.18.0.10:9857|client:172.18.0.10:9858|priority:0, bf12607f-11ad-45eb-8e71-43919400a240|rpc:172.18.0.8:9856|admin:172.18.0.8:9857|client:172.18.0.8:9858|priority:0], old=null
datanode_3  | 2021-02-18 13:59:18,295 [c18ca3c0-b12a-4199-964c-3f5a42f72329@group-A69E5A84468F-LeaderElection3] INFO impl.LeaderElection: c18ca3c0-b12a-4199-964c-3f5a42f72329@group-A69E5A84468F-LeaderElection3 got exception when requesting votes: java.util.concurrent.ExecutionException: org.apache.ratis.thirdparty.io.grpc.StatusRuntimeException: INTERNAL: 1edd6e56-02f4-4737-9459-78f3eca23344: group-A69E5A84468F not found.
s3g_1       | 	at org.glassfish.jersey.servlet.WebComponent.service(WebComponent.java:370)
s3g_1       | 	at org.glassfish.jersey.servlet.ServletContainer.service(ServletContainer.java:389)
kdc_1       | Feb 18 13:11:06 kdc kadmind[27](Notice): Request: kadm5_get_policy, default, Policy does not exist, client=admin/admin@EXAMPLE.COM, service=kadmin/admin@EXAMPLE.COM, addr=127.0.0.1
datanode_2  | 	... 18 more
scm_1       | 2021-02-18 13:12:02,534 [RatisPipelineUtilsThread] INFO pipeline.PipelineStateManager: Created pipeline Pipeline[ Id: 87e333aa-1275-4ec5-89e1-a0fa6b11f626, Nodes: bf12607f-11ad-45eb-8e71-43919400a240{ip: 172.18.0.8, host: ozonesecure_datanode_3.ozonesecure_default, ports: [REPLICATION=9886, RATIS=9858, RATIS_ADMIN=9857, RATIS_SERVER=9856, STANDALONE=9859], networkLocation: /default-rack, certSerialId: null, persistedOpState: IN_SERVICE, persistedOpStateExpiryEpochSec: 0}, Type:RATIS, Factor:ONE, State:ALLOCATED, leaderId:, CreationTimestamp2021-02-18T13:12:02.385638Z]
om_1        | 2021-02-18 13:12:17,653 [om1@group-C5BA1605619E-LeaderElection1] INFO impl.LeaderElection: om1@group-C5BA1605619E-LeaderElection1 ELECTION round 0: result PASSED (term=1)
datanode_1  | 2021-02-18 13:12:18,642 [a89000a2-bb6b-4e20-bf6a-b0511fb19096@group-73CE56E8DC26-LeaderElection3] INFO impl.LeaderElection: a89000a2-bb6b-4e20-bf6a-b0511fb19096@group-73CE56E8DC26-LeaderElection3: ELECTION REJECTED received 1 response(s) and 0 exception(s):
s3g_1       | 	at org.glassfish.jersey.servlet.ServletContainer.service(ServletContainer.java:342)
recon_1     | 2021-02-18 13:15:26,680 [pool-17-thread-1] INFO tasks.ContainerKeyMapperTask: ContainerKeyMapperTask successfully processed 2 OM DB update event(s).
datanode_3  | 2021-02-18 13:59:18,298 [c18ca3c0-b12a-4199-964c-3f5a42f72329@group-A69E5A84468F-LeaderElection3] INFO impl.LeaderElection: c18ca3c0-b12a-4199-964c-3f5a42f72329@group-A69E5A84468F-LeaderElection3 got exception when requesting votes: java.util.concurrent.ExecutionException: org.apache.ratis.thirdparty.io.grpc.StatusRuntimeException: INTERNAL: a89000a2-bb6b-4e20-bf6a-b0511fb19096: group-A69E5A84468F not found.
kdc_1       | Feb 18 13:11:06 kdc kadmind[27](Notice): Request: kadm5_create_principal, HTTP/om@EXAMPLE.COM, success, client=admin/admin@EXAMPLE.COM, service=kadmin/admin@EXAMPLE.COM, addr=127.0.0.1
datanode_2  | 2021-02-18 13:12:08,717 [Command processor thread] INFO commandhandler.CreatePipelineCommandHandler: Created Pipeline RATIS THREE PipelineID=5d281dcb-cd18-40c8-ba3e-73ce56e8dc26.
scm_1       | 2021-02-18 13:12:02,555 [EventQueue-PipelineReportForOneReplicaPipelineSafeModeRule] INFO safemode.SCMSafeModeManager: AtleastOneDatanodeReportedRule rule is successfully validated
om_1        | 2021-02-18 13:12:17,654 [om1@group-C5BA1605619E-LeaderElection1] INFO impl.RoleInfo: om1: shutdown om1@group-C5BA1605619E-LeaderElection1
datanode_1  | 2021-02-18 13:12:18,643 [a89000a2-bb6b-4e20-bf6a-b0511fb19096@group-73CE56E8DC26-LeaderElection3] INFO impl.LeaderElection:   Response 0: a89000a2-bb6b-4e20-bf6a-b0511fb19096<-1edd6e56-02f4-4737-9459-78f3eca23344#0:FAIL-t2
s3g_1       | 	at org.glassfish.jersey.servlet.ServletContainer.service(ServletContainer.java:229)
recon_1     | 2021-02-18 13:15:26,684 [pool-17-thread-1] INFO tasks.FileSizeCountTask: Completed a 'process' run of FileSizeCountTask.
datanode_3  | 2021-02-18 13:59:18,298 [c18ca3c0-b12a-4199-964c-3f5a42f72329@group-A69E5A84468F-LeaderElection3] INFO impl.LeaderElection: c18ca3c0-b12a-4199-964c-3f5a42f72329@group-A69E5A84468F-LeaderElection3: ELECTION REJECTED received 0 response(s) and 2 exception(s):
kdc_1       | Feb 18 13:11:06 kdc kadmind[27](info): closing down fd 18
datanode_2  | 2021-02-18 13:12:11,971 [Thread-25] INFO impl.FollowerState: 1edd6e56-02f4-4737-9459-78f3eca23344@group-D4F9A5E2B05E-FollowerState: change to CANDIDATE, lastRpcElapsedTime:5198739137ns, electionTimeout:5137ms
scm_1       | 2021-02-18 13:12:02,579 [IPC Server handler 0 on default port 9861] INFO net.NetworkTopologyImpl: Added a new node: /default-rack/a89000a2-bb6b-4e20-bf6a-b0511fb19096
om_1        | 2021-02-18 13:12:17,654 [om1@group-C5BA1605619E-LeaderElection1] INFO server.RaftServer$Division: om1@group-C5BA1605619E: changes role from CANDIDATE to LEADER at term 1 for changeToLeader
datanode_1  | 2021-02-18 13:12:18,644 [a89000a2-bb6b-4e20-bf6a-b0511fb19096@group-73CE56E8DC26-LeaderElection3] INFO impl.LeaderElection: a89000a2-bb6b-4e20-bf6a-b0511fb19096@group-73CE56E8DC26-LeaderElection3 ELECTION round 0: result REJECTED
s3g_1       | 	at org.eclipse.jetty.servlet.ServletHolder$NotAsync.service(ServletHolder.java:1452)
recon_1     | 2021-02-18 13:15:41,520 [Socket Reader #1 for port 9891] INFO ipc.Server: Auth successful for dn/496e76a1a75f@EXAMPLE.COM (auth:KERBEROS) from 172.18.0.7:33215
datanode_3  | 2021-02-18 13:59:18,298 [c18ca3c0-b12a-4199-964c-3f5a42f72329@group-A69E5A84468F-LeaderElection3] INFO impl.LeaderElection:   Exception 0: java.util.concurrent.ExecutionException: org.apache.ratis.thirdparty.io.grpc.StatusRuntimeException: INTERNAL: 1edd6e56-02f4-4737-9459-78f3eca23344: group-A69E5A84468F not found.
kdc_1       | Feb 18 13:11:06 kdc kadmind[27](Notice): Request: kadm5_init, admin/admin@EXAMPLE.COM, success, client=admin/admin@EXAMPLE.COM, service=kadmin/admin@EXAMPLE.COM, addr=127.0.0.1, vers=4, flavor=6
datanode_2  | 2021-02-18 13:12:11,971 [Thread-25] INFO impl.RoleInfo: 1edd6e56-02f4-4737-9459-78f3eca23344: shutdown 1edd6e56-02f4-4737-9459-78f3eca23344@group-D4F9A5E2B05E-FollowerState
scm_1       | 2021-02-18 13:12:02,581 [IPC Server handler 0 on default port 9861] INFO node.SCMNodeManager: Registered Data node : a89000a2-bb6b-4e20-bf6a-b0511fb19096{ip: 172.18.0.10, host: ozonesecure_datanode_1.ozonesecure_default, ports: [REPLICATION=9886, RATIS=9858, RATIS_ADMIN=9857, RATIS_SERVER=9856, STANDALONE=9859], networkLocation: /default-rack, certSerialId: 227375324410, persistedOpState: null, persistedOpStateExpiryEpochSec: 0}
om_1        | 2021-02-18 13:12:17,654 [om1@group-C5BA1605619E-LeaderElection1] INFO server.RaftServer$Division: om1@group-C5BA1605619E: change Leader from null to om1 at term 1 for becomeLeader, leader elected after 6035ms
datanode_1  | 2021-02-18 13:12:18,649 [a89000a2-bb6b-4e20-bf6a-b0511fb19096@group-73CE56E8DC26-LeaderElection3] INFO server.RaftServer$Division: a89000a2-bb6b-4e20-bf6a-b0511fb19096@group-73CE56E8DC26: changes role from CANDIDATE to FOLLOWER at term 2 for REJECTED
s3g_1       | 	at org.eclipse.jetty.servlet.ServletHolder.handle(ServletHolder.java:791)
recon_1     | 2021-02-18 13:15:41,530 [Socket Reader #1 for port 9891] INFO authorize.ServiceAuthorizationManager: Authorization successful for dn/496e76a1a75f@EXAMPLE.COM (auth:KERBEROS) for protocol=interface org.apache.hadoop.ozone.protocol.ReconDatanodeProtocol
datanode_3  | 2021-02-18 13:59:18,298 [c18ca3c0-b12a-4199-964c-3f5a42f72329@group-A69E5A84468F-LeaderElection3] INFO impl.LeaderElection:   Exception 1: java.util.concurrent.ExecutionException: org.apache.ratis.thirdparty.io.grpc.StatusRuntimeException: INTERNAL: a89000a2-bb6b-4e20-bf6a-b0511fb19096: group-A69E5A84468F not found.
kdc_1       | Feb 18 13:11:06 kdc kadmind[27](Notice): Request: kadm5_randkey_principal, HTTP/om@EXAMPLE.COM, success, client=admin/admin@EXAMPLE.COM, service=kadmin/admin@EXAMPLE.COM, addr=127.0.0.1
datanode_2  | 2021-02-18 13:12:11,972 [Thread-25] INFO server.RaftServer$Division: 1edd6e56-02f4-4737-9459-78f3eca23344@group-D4F9A5E2B05E: changes role from  FOLLOWER to CANDIDATE at term 0 for changeToCandidate
scm_1       | 2021-02-18 13:12:02,582 [EventQueue-NodeRegistrationContainerReportForContainerSafeModeRule] INFO safemode.SCMSafeModeManager: ContainerSafeModeRule rule is successfully validated
om_1        | 2021-02-18 13:12:17,665 [om1@group-C5BA1605619E-LeaderElection1] INFO server.RaftServerConfigKeys: raft.server.staging.catchup.gap = 1000 (default)
datanode_1  | 2021-02-18 13:12:18,649 [a89000a2-bb6b-4e20-bf6a-b0511fb19096@group-73CE56E8DC26-LeaderElection3] INFO impl.RoleInfo: a89000a2-bb6b-4e20-bf6a-b0511fb19096: shutdown a89000a2-bb6b-4e20-bf6a-b0511fb19096@group-73CE56E8DC26-LeaderElection3
s3g_1       | 	at org.eclipse.jetty.servlet.ServletHandler$ChainEnd.doFilter(ServletHandler.java:1626)
recon_1     | 2021-02-18 13:15:42,125 [Socket Reader #1 for port 9891] INFO ipc.Server: Auth successful for dn/a53daec90714@EXAMPLE.COM (auth:KERBEROS) from 172.18.0.10:42661
datanode_3  | 2021-02-18 13:59:18,299 [c18ca3c0-b12a-4199-964c-3f5a42f72329@group-A69E5A84468F-LeaderElection3] INFO impl.LeaderElection: c18ca3c0-b12a-4199-964c-3f5a42f72329@group-A69E5A84468F-LeaderElection3 ELECTION round 0: result REJECTED
kdc_1       | Feb 18 13:11:06 kdc kadmind[27](Notice): Request: kadm5_get_principal, HTTP/om@EXAMPLE.COM, success, client=admin/admin@EXAMPLE.COM, service=kadmin/admin@EXAMPLE.COM, addr=127.0.0.1
datanode_2  | 2021-02-18 13:12:11,974 [Thread-25] INFO server.RaftServerConfigKeys: raft.server.leaderelection.pre-vote = false (custom)
scm_1       | 2021-02-18 13:12:02,582 [EventQueue-PipelineReportForOneReplicaPipelineSafeModeRule] INFO safemode.SCMSafeModeManager: AtleastOneDatanodeReportedRule rule is successfully validated
om_1        | 2021-02-18 13:12:17,667 [om1@group-C5BA1605619E-LeaderElection1] INFO metrics.RatisMetrics: Creating Metrics Registry : ratis.log_appender.om1@group-C5BA1605619E
datanode_1  | 2021-02-18 13:12:18,649 [a89000a2-bb6b-4e20-bf6a-b0511fb19096@group-73CE56E8DC26-LeaderElection3] INFO impl.RoleInfo: a89000a2-bb6b-4e20-bf6a-b0511fb19096: start a89000a2-bb6b-4e20-bf6a-b0511fb19096@group-73CE56E8DC26-FollowerState
recon_1     | 2021-02-18 13:15:42,155 [Socket Reader #1 for port 9891] INFO authorize.ServiceAuthorizationManager: Authorization successful for dn/a53daec90714@EXAMPLE.COM (auth:KERBEROS) for protocol=interface org.apache.hadoop.ozone.protocol.ReconDatanodeProtocol
s3g_1       | 	at org.apache.hadoop.ozone.s3.RootPageDisplayFilter.doFilter(RootPageDisplayFilter.java:53)
datanode_3  | 2021-02-18 13:59:18,302 [c18ca3c0-b12a-4199-964c-3f5a42f72329@group-A69E5A84468F-LeaderElection3] INFO server.RaftServer$Division: c18ca3c0-b12a-4199-964c-3f5a42f72329@group-A69E5A84468F: changes role from CANDIDATE to FOLLOWER at term 2 for REJECTED
kdc_1       | Feb 18 13:11:06 kdc kadmind[27](info): closing down fd 18
datanode_2  | 2021-02-18 13:12:11,974 [Thread-25] INFO impl.RoleInfo: 1edd6e56-02f4-4737-9459-78f3eca23344: start 1edd6e56-02f4-4737-9459-78f3eca23344@group-D4F9A5E2B05E-LeaderElection1
datanode_2  | 2021-02-18 13:12:11,999 [1edd6e56-02f4-4737-9459-78f3eca23344@group-D4F9A5E2B05E-LeaderElection1] INFO impl.LeaderElection: 1edd6e56-02f4-4737-9459-78f3eca23344@group-D4F9A5E2B05E-LeaderElection1 ELECTION round 0: submit vote requests at term 1 for -1: [1edd6e56-02f4-4737-9459-78f3eca23344|rpc:172.18.0.7:9856|admin:172.18.0.7:9857|client:172.18.0.7:9858|priority:1], old=null
om_1        | 2021-02-18 13:12:17,672 [om1@group-C5BA1605619E-LeaderElection1] INFO server.RaftServerConfigKeys: raft.server.write.element-limit = 4096 (default)
datanode_1  | 2021-02-18 13:12:23,712 [grpc-default-executor-0] INFO server.RaftServer$Division: a89000a2-bb6b-4e20-bf6a-b0511fb19096@group-73CE56E8DC26: receive requestVote(ELECTION, 1edd6e56-02f4-4737-9459-78f3eca23344, group-73CE56E8DC26, 3, (t:0, i:0))
recon_1     | 2021-02-18 13:15:42,158 [Socket Reader #1 for port 9891] INFO ipc.Server: Auth successful for dn/be7d639ea7a5@EXAMPLE.COM (auth:KERBEROS) from 172.18.0.8:34219
s3g_1       | 	at org.eclipse.jetty.servlet.FilterHolder.doFilter(FilterHolder.java:201)
datanode_3  | 2021-02-18 13:59:18,302 [c18ca3c0-b12a-4199-964c-3f5a42f72329@group-A69E5A84468F-LeaderElection3] INFO impl.RoleInfo: c18ca3c0-b12a-4199-964c-3f5a42f72329: shutdown c18ca3c0-b12a-4199-964c-3f5a42f72329@group-A69E5A84468F-LeaderElection3
kdc_1       | Generating keytab
