dn2_1    | 2021-07-20 21:06:23,684 [Command processor thread] INFO server.RaftServer: ed588059-5563-46b6-9dc9-94535956c9d0: remove    LEADER ed588059-5563-46b6-9dc9-94535956c9d0@group-A33E2E9A0DB2:t3, leader=ed588059-5563-46b6-9dc9-94535956c9d0, voted=ed588059-5563-46b6-9dc9-94535956c9d0, raftlog=ed588059-5563-46b6-9dc9-94535956c9d0@group-A33E2E9A0DB2-SegmentedRaftLog:OPENED:c10,f10,i10, conf=5: [ed588059-5563-46b6-9dc9-94535956c9d0|rpc:10.9.0.16:9858|admin:|client:|dataStream:|priority:0, 68c909d2-3a1b-4ed0-afc7-dab9bfa98037|rpc:10.9.0.17:9858|admin:|client:|dataStream:|priority:0, 11afc263-0400-4261-ad20-33f83045be7e|rpc:10.9.0.15:9858|admin:|client:|dataStream:|priority:0], old=null RUNNING
dn1_1    | 2021-07-20 21:07:25,196 [pool-25-thread-1] INFO server.RaftServerConfigKeys: raft.server.log.use.memory = false (default)
scm_1    | 2021-07-20 21:06:23,736 [IPC Server handler 9 on default port 9861] WARN node.SCMNodeManager: Data node ha_dn2_1.ha_net can not be used in any pipeline in the cluster. DataNode MetadataLayoutVersion = 0, SCM MetadataLayoutVersion = 2
dn3_1    | 2021-07-20 21:04:44,017 [grpc-default-executor-0] INFO server.RaftServer$Division: 68c909d2-3a1b-4ed0-afc7-dab9bfa98037@group-33CC5B74410A: changes role from  FOLLOWER to FOLLOWER at term 1 for candidate:ed588059-5563-46b6-9dc9-94535956c9d0
dn2_1    | 2021-07-20 21:06:23,684 [Command processor thread] INFO server.RaftServer$Division: ed588059-5563-46b6-9dc9-94535956c9d0@group-A33E2E9A0DB2: shutdown
dn1_1    | 2021-07-20 21:07:25,197 [pool-25-thread-1] INFO server.RaftServerConfigKeys: raft.server.log.purge.gap = 1000000 (custom)
scm_1    | 2021-07-20 21:06:23,743 [IPC Server handler 15 on default port 9861] WARN node.SCMNodeManager: Data node ha_dn2_1.ha_net can not be used in any pipeline in the cluster. DataNode MetadataLayoutVersion = 0, SCM MetadataLayoutVersion = 2
dn3_1    | 2021-07-20 21:04:44,017 [grpc-default-executor-0] INFO impl.RoleInfo: 68c909d2-3a1b-4ed0-afc7-dab9bfa98037: shutdown 68c909d2-3a1b-4ed0-afc7-dab9bfa98037@group-33CC5B74410A-FollowerState
dn2_1    | 2021-07-20 21:06:23,684 [Command processor thread] INFO util.JmxRegister: Successfully un-registered JMX Bean with object name Ratis:service=RaftServer,group=group-A33E2E9A0DB2,id=ed588059-5563-46b6-9dc9-94535956c9d0
dn1_1    | 2021-07-20 21:07:25,197 [pool-25-thread-1] INFO server.RaftServerConfigKeys: raft.server.log.appender.buffer.byte-limit = 33554432 (custom)
scm_1    | 2021-07-20 21:06:23,752 [IPC Server handler 17 on default port 9861] WARN node.SCMNodeManager: Data node ha_dn2_1.ha_net can not be used in any pipeline in the cluster. DataNode MetadataLayoutVersion = 0, SCM MetadataLayoutVersion = 2
dn3_1    | 2021-07-20 21:04:44,017 [grpc-default-executor-0] INFO impl.RoleInfo: 68c909d2-3a1b-4ed0-afc7-dab9bfa98037: start 68c909d2-3a1b-4ed0-afc7-dab9bfa98037@group-33CC5B74410A-FollowerState
dn2_1    | 2021-07-20 21:06:23,685 [Command processor thread] INFO impl.RoleInfo: ed588059-5563-46b6-9dc9-94535956c9d0: shutdown ed588059-5563-46b6-9dc9-94535956c9d0@group-A33E2E9A0DB2-LeaderStateImpl
dn1_1    | 2021-07-20 21:07:25,197 [pool-25-thread-1] INFO metrics.RatisMetrics: Creating Metrics Registry : ratis.log_worker.11afc263-0400-4261-ad20-33f83045be7e@group-961A17BE1B2E
scm_1    | 2021-07-20 21:06:23,767 [IPC Server handler 13 on default port 9861] WARN node.SCMNodeManager: Data node ha_dn2_1.ha_net can not be used in any pipeline in the cluster. DataNode MetadataLayoutVersion = 0, SCM MetadataLayoutVersion = 2
dn3_1    | 2021-07-20 21:04:44,018 [68c909d2-3a1b-4ed0-afc7-dab9bfa98037@group-33CC5B74410A-FollowerState] INFO impl.FollowerState: 68c909d2-3a1b-4ed0-afc7-dab9bfa98037@group-33CC5B74410A-FollowerState was interrupted: {}
dn2_1    | 2021-07-20 21:06:23,685 [Command processor thread] INFO metrics.RatisMetrics: Unregistering Metrics Registry : ratis_grpc.log_appender.ed588059-5563-46b6-9dc9-94535956c9d0@group-A33E2E9A0DB2
dn1_1    | 2021-07-20 21:07:25,198 [pool-25-thread-1] INFO server.RaftServerConfigKeys: raft.server.log.segment.size.max = 1048576 (custom)
scm_1    | 2021-07-20 21:06:23,770 [EventQueue-IncrementalContainerReportForIncrementalContainerReportHandler] INFO container.IncrementalContainerReportHandler: Moving container #2 to QUASI_CLOSED state, datanode ed588059-5563-46b6-9dc9-94535956c9d0{ip: 10.9.0.16, host: ha_dn2_1.ha_net, ports: [REPLICATION=9886, RATIS=9858, RATIS_ADMIN=9858, RATIS_SERVER=9858, STANDALONE=9859], networkLocation: /default-rack, certSerialId: null, persistedOpState: IN_SERVICE, persistedOpStateExpiryEpochSec: 0} reported QUASI_CLOSED replica.
dn3_1    | java.lang.InterruptedException: sleep interrupted
dn2_1    | 2021-07-20 21:06:23,685 [ed588059-5563-46b6-9dc9-94535956c9d0@group-A33E2E9A0DB2->68c909d2-3a1b-4ed0-afc7-dab9bfa98037-GrpcLogAppender-LogAppenderDaemon] WARN server.GrpcLogAppender: ed588059-5563-46b6-9dc9-94535956c9d0@group-A33E2E9A0DB2->68c909d2-3a1b-4ed0-afc7-dab9bfa98037-GrpcLogAppender: Wait interrupted by java.lang.InterruptedException
dn1_1    | 2021-07-20 21:07:25,199 [pool-25-thread-1] INFO server.RaftServerConfigKeys: raft.server.log.segment.cache.num.max = 2 (custom)
scm_1    | 2021-07-20 21:06:23,781 [IPC Server handler 11 on default port 9861] WARN node.SCMNodeManager: Data node ha_dn2_1.ha_net can not be used in any pipeline in the cluster. DataNode MetadataLayoutVersion = 0, SCM MetadataLayoutVersion = 2
dn3_1    | 	at java.base/java.lang.Thread.sleep(Native Method)
dn2_1    | 2021-07-20 21:06:23,685 [Command processor thread] INFO metrics.RatisMetrics: Unregistering Metrics Registry : ratis_grpc.log_appender.ed588059-5563-46b6-9dc9-94535956c9d0@group-A33E2E9A0DB2
dn1_1    | 2021-07-20 21:07:25,199 [pool-25-thread-1] INFO server.RaftServerConfigKeys: raft.server.log.segment.cache.size.max = 200MB (=209715200) (default)
scm_1    | 2021-07-20 21:06:23,833 [IPC Server handler 54 on default port 9861] WARN node.SCMNodeManager: Data node ha_dn3_1.ha_net can not be used in any pipeline in the cluster. DataNode MetadataLayoutVersion = 0, SCM MetadataLayoutVersion = 2
dn3_1    | 	at java.base/java.lang.Thread.sleep(Thread.java:339)
dn2_1    | 2021-07-20 21:06:23,690 [Command processor thread] INFO impl.PendingRequests: ed588059-5563-46b6-9dc9-94535956c9d0@group-A33E2E9A0DB2-PendingRequests: sendNotLeaderResponses
dn1_1    | 2021-07-20 21:07:25,199 [pool-25-thread-1] INFO segmented.SegmentedRaftLogWorker: new 11afc263-0400-4261-ad20-33f83045be7e@group-961A17BE1B2E-SegmentedRaftLogWorker for RaftStorageImpl:Storage Directory /data/metadata/ratis/f19ef0fd-1349-4b90-b97f-961a17be1b2e
scm_1    | 2021-07-20 21:06:23,883 [IPC Server handler 73 on default port 9860] INFO upgrade.UpgradeFinalizer: Waiting for at least one open pipeline after SCM finalization.
dn3_1    | 	at java.base/java.util.concurrent.TimeUnit.sleep(TimeUnit.java:446)
dn2_1    | 2021-07-20 21:06:23,687 [ed588059-5563-46b6-9dc9-94535956c9d0@group-A33E2E9A0DB2->11afc263-0400-4261-ad20-33f83045be7e-GrpcLogAppender-LogAppenderDaemon] WARN server.GrpcLogAppender: ed588059-5563-46b6-9dc9-94535956c9d0@group-A33E2E9A0DB2->11afc263-0400-4261-ad20-33f83045be7e-GrpcLogAppender: Wait interrupted by java.lang.InterruptedException
dn1_1    | 2021-07-20 21:07:25,199 [pool-25-thread-1] INFO server.RaftServerConfigKeys: raft.server.log.queue.byte-limit = 2147483647 (custom)
scm_1    | 2021-07-20 21:06:23,906 [IPC Server handler 33 on default port 9861] WARN node.SCMNodeManager: Data node ha_dn3_1.ha_net can not be used in any pipeline in the cluster. DataNode MetadataLayoutVersion = 0, SCM MetadataLayoutVersion = 2
dn3_1    | 	at org.apache.ratis.util.TimeDuration.sleep(TimeDuration.java:324)
dn2_1    | 2021-07-20 21:06:23,688 [grpc-default-executor-0] INFO server.GrpcLogAppender: ed588059-5563-46b6-9dc9-94535956c9d0@group-A33E2E9A0DB2->68c909d2-3a1b-4ed0-afc7-dab9bfa98037-AppendLogResponseHandler: follower responses appendEntries COMPLETED
scm_1    | 2021-07-20 21:06:23,923 [IPC Server handler 47 on default port 9861] WARN node.SCMNodeManager: Data node ha_dn3_1.ha