dn2_1    | 2021-07-20 21:04:40,608 [ed588059-5563-46b6-9dc9-94535956c9d0@group-49E57BE89840-LeaderElection2] INFO server.RaftServerConfigKeys: raft.server.watch.timeout.denomination = 1s (default)
dn1_1    | 2021-07-20 21:07:24,863 [pool-25-thread-1] INFO server.RaftServerConfigKeys: raft.server.leaderelection.leader.step-down.wait-time = 10s (default)
recon_1  | 2021-07-20 21:05:34,745 [pool-17-thread-1] INFO tasks.ContainerKeyMapperTask: Completed 'reprocess' of ContainerKeyMapperTask.
scm_1    | 2021-07-20 21:04:33,939 [IPC Server listener on 9861] INFO ipc.Server: IPC Server listener on 9861: starting
dn3_1    | 2021-07-20 21:04:34,651 [EndpointStateMachine task thread for scm/10.9.0.14:9861 - 0 ] INFO server.RaftServer$Division: 68c909d2-3a1b-4ed0-afc7-dab9bfa98037@group-B85F9BABCF46: start as a follower, conf=0: [68c909d2-3a1b-4ed0-afc7-dab9bfa98037|rpc:10.9.0.17:9858|admin:|client:|dataStream:|priority:0], old=null
om3_1    | 2021-07-20 21:04:45,569 [Listener at om3/9862] INFO http.BaseHttpServer: Hadoop Security Enabled: false Ozone Security Enabled: false Ozone HTTP Security Enabled: false 
om2_1    | 2021-07-20 21:04:46,263 [Listener at om2/9862] INFO server.Server: jetty-9.4.35.v20201120; built: 2020-11-20T21:17:03.964Z; git: bdc54f03a5e0a7e280fab27f55c3c75ee8da89fb; jvm 11.0.10+9-LTS
om1_1    | 2021-07-20 21:04:51,175 [grpc-default-executor-0] INFO impl.VoteContext: om1@group-D66704EFC61C-CANDIDATE: reject ELECTION from om3: already has voted for om1 at current term 6
dn2_1    | 2021-07-20 21:04:40,609 [ed588059-5563-46b6-9dc9-94535956c9d0@group-49E57BE89840-LeaderElection2] INFO server.RaftServerConfigKeys: raft.server.watch.element-limit = 65536 (default)
dn1_1    | 2021-07-20 21:07:24,863 [pool-25-thread-1] INFO server.RaftServerConfigKeys: raft.server.sleep.deviation.threshold = 300ms (default)
recon_1  | 2021-07-20 21:05:34,745 [pool-17-thread-1] INFO tasks.ContainerKeyMapperTask: It took me 0.034 seconds to process 1 keys.
scm_1    | 2021-07-20 21:04:34,019 [org.apache.hadoop.util.JvmPauseMonitor$Monitor@14447be] INFO util.JvmPauseMonitor: Starting JVM pause monitor
dn3_1    | 2021-07-20 21:04:34,674 [EndpointStateMachine task thread for scm/10.9.0.14:9861 - 0 ] INFO server.RaftServer$Division: 68c909d2-3a1b-4ed0-afc7-dab9bfa98037@group-B85F9BABCF46: changes role from      null to FOLLOWER at term 1 for startAsFollower
om3_1    | 2021-07-20 21:04:45,674 [Listener at om3/9862] INFO util.log: Logging initialized @51006ms to org.eclipse.jetty.util.log.Slf4jLog
om2_1    | 2021-07-20 21:04:46,342 [Listener at om2/9862] INFO server.session: DefaultSessionIdManager workerName=node0
om1_1    | 2021-07-20 21:04:51,175 [grpc-default-executor-0] INFO server.RaftServer$Division: om1@group-D66704EFC61C replies to ELECTION vote request: om3<-om1#0:FAIL-t6. Peer's state: om1@group-D66704EFC61C:t6, leader=null, voted=om1, raftlog=om1@group-D66704EFC61C-SegmentedRaftLog:OPENED:c7,f8,i8, conf=0: [om1|rpc:om1:9872|admin:|client:|dataStream:|priority:0, om3|rpc:om3:9872|admin:|client:|dataStream:|priority:0, om2|rpc:om2:9872|admin:|client:|dataStream:|priority:0], old=null
dn2_1    | 2021-07-20 21:04:40,667 [ed588059-5563-46b6-9dc9-94535956c9d0@group-49E57BE89840-LeaderElection2] INFO impl.RoleInfo: ed588059-5563-46b6-9dc9-94535956c9d0: start ed588059-5563-46b6-9dc9-94535956c9d0@group-49E57BE89840-LeaderStateImpl
dn1_1    | 2021-07-20 21:07:24,864 [pool-25-thread-1] INFO server.RaftServerConfigKeys: raft.server.log.appender.install.snapshot.enabled = false (custom)
recon_1  | 2021-07-20 21:05:34,778 [pool-17-thread-1] INFO tasks.FileSizeCountTask: Deleted 0 records from "FILE_COUNT_BY_SIZE"
scm_1    | 2021-07-20 21:04:34,036 [Listener at 0.0.0.0/9860] INFO http.BaseHttpServer: Starting Web-server for scm at: http://0.0.0.0:9876
dn3_1    | 2021-07-20 21:04:34,676 [EndpointStateMachine task thread for scm/10.9.0.14:9861 - 0 ] INFO impl.RoleInfo: 68c909d2-3a1b-4ed0-afc7-dab9bfa98037: start 68c909d2-3a1b-4ed0-afc7-dab9bfa98037@group-B85F9BABCF46-FollowerState
om3_1    | 2021-07-20 21:04:46,085 [Listener at om3/9862] INFO server.AuthenticationFilter: Unable to initialize FileSignerSecretProvider, falling back to use random secrets.
om2_1    | 2021-07-20 21:04:46,342 [Listener at om2/9862] INFO server.session: No SessionScavenger set, using defaults
om1_1    | 2021-07-20 21:04:51,279 [om1@group-D66704EFC61C-LeaderElection1] INFO impl.LeaderElection: om1@group-D66704EFC61C-LeaderElection1: ELECTION REJECTED received 2 response(s) and 0 exception(s):
dn1_1    | 2021-07-20 21:07:24,864 [pool-25-thread-1] INFO server.RaftServer$Division: 11afc263-0400-4261-ad20-33f83045be7e@group-7E54FCD47A5B: ConfigurationManager, init=-1: [ed588059-5563-46b6-9dc9-94535956c9d0|rpc:10.9.0.16:9858|dataStream:|priority:1, 68c909d2-3a1b-4ed0-afc7-dab9bfa98037|rpc:10.9.0.17:9858|dataStream:|priority:0, 11afc263-0400-4261-ad20-33f83045be7e|rpc:10.9.0.15:9858|dataStream:|priority:0], old=null, confs=<EMPTY_MAP>
dn2_1    | 2021-07-20 21:04:40,701 [ed588059-5563-46b6-9dc9-94535956c9d0@group-49E57BE89840-LeaderElection2] INFO segmented.SegmentedRaftLogWorker: ed588059-5563-46b6-9dc9-94535956c9d0@group-49E57BE89840-SegmentedRaftLogWorker: Rolling segment log-0_0 to index:0
recon_1  | 2021-07-20 21:05:34,798 [pool-17-thread-1] INFO tasks.FileSizeCountTask: Completed a 'reprocess' run of FileSizeCountTask.
scm_1    | 2021-07-20 21:04:34,036 [Listener at 0.0.0.0/9860] INFO http.BaseHttpServer: Hadoop Security Enabled: false Ozone Security Enabled: false Ozone HTTP Security Enabled: false 
dn3_1    | 2021-07-20 21:04:34,688 [EndpointStateMachine task thread for scm/10.9.0.14:9861 - 0 ] INFO util.JmxRegister: Successfully registered JMX Bean with object name Ratis:service=RaftServer,group=group-B85F9BABCF46,id=68c909d2-3a1b-4ed0-afc7-dab9bfa98037
dn3_1    | 2021-07-20 21:04:34,691 [EndpointStateMachine task thread for scm/10.9.0.14:9861 - 0 ] INFO metrics.RatisMetrics: Creating Metrics Registry : ratis.state_machine.68c909d2-3a1b-4ed0-afc7-dab9bfa98037@group-B85F9BABCF46
om2_1    | 2021-07-20 21:04:46,347 [Listener at om2/9862] INFO server.session: node0 Scavenging every 600000ms
om1_1    | 2021-07-20 21:04:51,279 [om1@group-D66704EFC61C-LeaderElection1] INFO impl.LeaderElection:   Response 0: om1<-om3#0:FAIL-t6
dn1_1    | 2021-07-20 21:07:24,864 [pool-25-thread-1] INFO server.RaftServerConfigKeys: raft.server.storage.dir = [/data/metadata/ratis] (custom)
dn2_1    | 2021-07-20 21:04:40,977 [ed588059-5563-46b6-9dc9-94535956c9d0@group-49E57BE89840-LeaderElection2] INFO server.RaftServer$Division: ed588059-5563-46b6-9dc9-94535956c9d0@group-49E57BE89840: set configuration 1: [ed588059-5563-46b6-9dc9-94535956c9d0|rpc:10.9.0.16:9858|admin:|client:|dataStream:|priority:0], old=null
recon_1  | 2021-07-20 21:06:34,819 [pool-16-thread-1] INFO impl.OzoneManagerServiceProviderImpl: Syncing data from Ozone Manager.
dn3_1    | 2021-07-20 21:04:34,704 [ForkJoinPool.commonPool-worker-3] INFO server.RaftServer$Division: 68c909d2-3a1b-4ed0-afc7-dab9bfa98037@group-A33E2E9A0DB2: start as a follower, conf=0: [ed588059-5563-46b6-9dc9-94535956c9d0|rpc:10.9.0.16:9858|admin:|client:|dataStream:|priority:0, 68c909d2-3a1b-4ed0-afc7-dab9bfa98037|rpc:10.9.0.17:9858|admin:|client:|dataStream:|priority:0, 11afc263-0400-4261-ad20-33f83045be7e|rpc:10.9.0.15:9858|admin:|client:|dataStream:|priority:0], old=null
om3_1    | 2021-07-20 21:04:46,114 [Listener at om3/9862] INFO http.HttpRequestLog: Http request log for http.requests.ozoneManager is not defined
scm_1    | 2021-07-20 21:04:34,082 [Listener at 0.0.0.0/9860] INFO util.log: Logging initialized @39902ms to org.eclipse.jetty.util.log.Slf4jLog
om2_1    | 2021-07-20 21:04:46,425 [Listener at om2/9862] INFO handler.ContextHandler: Started o.e.j.s.ServletContextHandler@15d236fd{logs,/logs,file:///var/log/hadoop/,AVAILABLE}
om1_1    | 2021-07-20 21:04:51,279 [om1@group-D66704EFC61C-LeaderElection1] INFO impl.LeaderElection:   Response 1: om1<-om2#0:FAIL-t6
dn1_1    | 2021-07-20 21:07:24,864 [pool-25-thread-1] INFO server.RaftServerConfigKeys: raft.server.log.corruption.policy = EXCEPTION (default)
dn2_1    | 2021-07-20 21:04:40,978 [ed588059-5563-46b6-9dc9-94535956c9d0@group-49E57BE89840-SegmentedRaftLogWorker] INFO segmented.SegmentedRaftLogWorker: ed588059-5563-46b6-9dc9-94535956c9d0@group-49E57BE89840-SegmentedRaftLogWorker: Rolled log segment from /data/metadata/ratis/381b4eb6-5c01-4b82-8a10-49e57be89840/current/log_inprogress_0 to /data/metadata/ratis/381b4eb6-5c01-4b82-8a10-49e57be89840/current/log_0-0
recon_1  | 2021-07-20 21:06:34,822 [pool-16-thread-1] INFO codec.RepeatedOmKeyInfoCodec: RepeatedOmKeyInfoCodec ignorePipeline = true
dn3_1    | 2021-07-20 21:04:34,705 [ForkJoinPool.commonPool-worker-3] INFO server.RaftServer$Division: 68c909d2-3a1b-4ed0-afc7-dab9bfa98037@group-A33E2E9A0DB2: changes role from      null to FOLLOWER at term 1 for startAsFollower
om3_1    | 2021-07-20 21:04:46,146 [Listener at om3/9862] INFO http.HttpServer2: Added global filter 'safety' (class=org.apache.hadoop.hdds.server.http.HttpServer2$QuotingInputFilter)
scm_1    | 2021-07-20 21:04:35,235 [Listener at 0.0.0.0/9860] INFO server.AuthenticationFilter: Unable to initialize FileSignerSecretProvider, falling back to use random secrets.
om2_1    | 2021-07-20 21:04:46,425 [Listener at om2/9862] INFO handler.ContextHandler: Started o.e.j.s.ServletContextHandler@33eb0d4{static,/static,jar:file:/opt/hadoop/share/ozone/lib/ozone-manager-1.2.0-SNAPSHOT.jar!/webapps/static,AVAILABLE}
om1_1    | 2021-07-20 21:04:51,283 [om1@group-D66704EFC61C-LeaderElection1] INFO impl.LeaderElection: om1@group-D66704EFC61C-LeaderElection1 ELECTION round 0: result REJECTED
dn1_1    | 2021-07-20 21:07:24,864 [pool-25-thread-1] INFO storage.RaftStorageDirectory: The storage directory /data/metadata/ratis/9c943ad5-ae4e-4fce-8aa2-7e54fcd47a5b does not exist. Creating ...
dn2_1    | 2021-07-20 21:04:41,036 [ed588059-5563-46b6-9dc9-94535956c9d0@group-49E57BE89840-SegmentedRaftLogWorker] INFO segmented.SegmentedRaftLogWorker: ed588059-5563-46b6-9dc9-94535956c9d0@group-49E57BE89840-SegmentedRaftLogWorker: created new log segment /data/metadata/ratis/381b4eb6-5c01-4b82-8a10-49e57be89840/current/log_inprogress_1
recon_1  | 2021-07-20 21:06:34,822 [pool-16-thread-1] INFO codec.OmKeyInfoCodec: OmKeyInfoCodec ignorePipeline = true
dn3_1    | 2021-07-20 21:04:34,705 [ForkJoinPool.commonPool-worker-3] INFO impl.RoleInfo: 68c909d2-3a1b-4ed0-afc7-dab9bfa98037: start 68c909d2-3a1b-4ed0-afc7-dab9bfa98037@group-A33E2E9A0DB2-FollowerState
om3_1    | 2021-07-20 21:04:46,166 [Listener at om3/9862] INFO http.HttpServer2: Added filter static_user_filter (class=org.apache.hadoop.http.lib.StaticUserWebFilter$StaticUserFilter) to context ozoneManager
scm_1    | 2021-07-20 21:04:35,281 [Listener at 0.0.0.0/9860] INFO http.HttpRequestLog: Http request log for http.requests.scm is not defined
om2_1    | 2021-07-20 21:04:46,847 [Listener at om2/9862] INFO handler.ContextHandler: Started o.e.j.w.WebAppContext@54326e9{ozoneManager,/,file:///tmp/jetty-0_0_0_0-9874-ozone-manager-1_2_0-SNAPSHOT_jar-_-any-694543465080180092/webapp/,AVAILABLE}{jar:file:/opt/hadoop/share/ozone/lib/ozone-manager-1.2.0-SNAPSHOT.jar!/webapps/ozoneManager}
om1_1    | 2021-07-20 21:04:51,286 [om1@group-D66704EFC61C-LeaderElection1] INFO server.RaftServer$Division: om1@group-D66704EFC61C: changes role from CANDIDATE to FOLLOWER at term 6 for REJECTED
dn1_1    | 2021-07-20 21:07:24,865 [grpc-default-executor-3] INFO server.RaftServer: 11afc263-0400-4261-ad20-33f83045be7e: addNew group-7E54FCD47A5B:[ed588059-5563-46b6-9dc9-94535956c9d0|rpc:10.9.0.16:9858|dataStream:|priority:1, 68c909d2-3a1b-4ed0-afc7-dab9bfa98037|rpc:10.9.0.17:9858|dataStream:|priority:0, 11afc263-0400-4261-ad20-33f83045be7e|rpc:10.9.0.15:9858|dataStream:|priority:0] returns group-7E54FCD47A5B:java.util.concurrent.CompletableFuture@3ad9b6e4[Not completed]
dn2_1    | 2021-07-20 21:04:42,534 [grpc-default-executor-2] INFO metrics.RatisMetrics: Creating Metrics Registry : ratis.server_message_metrics.ed588059-5563-46b6-9dc9-94535956c9d0
recon_1  | 2021-07-20 21:06:34,822 [pool-16-thread-1] INFO codec.OmKeyInfoCodec: OmKeyInfoCodec ignorePipeline = true
dn3_1    | 2021-07-20 21:04:34,768 [ForkJoinPool.commonPool-worker-3] INFO util.JmxRegister: Successfully registered JMX Bean with object name Ratis:service=RaftServer,group=group-A33E2E9A0DB2,id=68c909d2-3a1b-4ed0-afc7-dab9bfa98037
om3_1    | 2021-07-20 21:04:46,166 [Listener at om3/9862] INFO http.HttpServer2: Added filter static_user_filter (class=org.apache.hadoop.http.lib.StaticUserWebFilter$StaticUserFilter) to context static
scm_1    | 2021-07-20 21:04:35,339 [Listener at 0.0.0.0/9860] INFO http.HttpServer2: Added global filter 'safety' (class=org.apache.hadoop.hdds.server.http.HttpServer2$QuotingInputFilter)
om2_1    | 2021-07-20 21:04:46,881 [Listener at om2/9862] INFO server.AbstractConnector: Started ServerConnector@1eb85a47{HTTP/1.1, (http/1.1)}{0.0.0.0:9874}
om1_1    | 2021-07-20 21:04:51,287 [om1@group-D66704EFC61C-LeaderElection1] INFO impl.RoleInfo: om1: shutdown om1@group-D66704EFC61C-LeaderElection1
dn1_1    | 2021-07-20 21:07:24,865 [pool-25-thread-1] INFO storage.RaftStorageDirectory: Lock on /data/metadata/ratis/9c943ad5-ae4e-4fce-8aa2-7e54fcd47a5b/in_use.lock acquired by nodename 7@5222ab3c9b27
dn1_1    | 2021-07-20 21:07:24,867 [pool-25-thread-1] INFO storage.RaftStorage: Storage directory /data/metadata/ratis/9c943ad5-ae4e-4fce-8aa2-7e54fcd47a5b has been successfully formatted.
recon_1  | 2021-07-20 21:06:34,822 [pool-16-thread-1] INFO codec.OmKeyInfoCodec: OmKeyInfoCodec ignorePipeline = true
dn3_1    | 2021-07-20 21:04:34,789 [ForkJoinPool.commonPool-worker-3] INFO metrics.RatisMetrics: Creating Metrics Registry : ratis.state_machine.68c909d2-3a1b-4ed0-afc7-dab9bfa98037@group-A33E2E9A0DB2
om3_1    | 2021-07-20 21:04:46,166 [Listener at om3/9862] INFO http.HttpServer2: Added filter static_user_filter (class=org.apache.hadoop.http.lib.StaticUserWebFilter$StaticUserFilter) to context logs
scm_1    | 2021-07-20 21:04:35,368 [Listener at 0.0.0.0/9860] INFO http.HttpServer2: Added filter static_user_filter (class=org.apache.hadoop.http.lib.StaticUserWebFilter$StaticUserFilter) to context scm
om2_1    | 2021-07-20 21:04:46,883 [Listener at om2/9862] INFO server.Server: Started @52333ms
om1_1    | 2021-07-20 21:04:51,288 [om1@group-D66704EFC61C-LeaderElection1] INFO impl.RoleInfo: om1: start om1@group-D66704EFC61C-FollowerState
dn1_1    | 2021-07-20 21:07:24,867 [pool-25-thread-1] INFO ratis.ContainerStateMachine: group-7E54FCD47A5B: The snapshot info is null. Setting the last applied indexto:(t:0, i:~)
dn2_1    | 2021-07-20 21:04:42,596 [grpc-default-executor-2] INFO server.RaftServer$Division: ed588059-5563-46b6-9dc9-94535956c9d0@group-A33E2E9A0DB2: receive requestVote(ELECTION, 68c909d2-3a1b-4ed0-afc7-dab9bfa98037, group-A33E2E9A0DB2, 2, (t:1, i:4))
recon_1  | 2021-07-20 21:06:34,822 [pool-16-thread-1] INFO codec.OmKeyInfoCodec: OmKeyInfoCodec ignorePipeline = true
dn3_1    | 2021-07-20 21:04:34,791 [EndpointStateMachine task thread for scm/10.9.0.14:9861 - 0 ] INFO server.RaftServer: 68c909d2-3a1b-4ed0-afc7-dab9bfa98037: start RPC server
om3_1    | 2021-07-20 21:04:46,366 [Listener at om3/9862] INFO http.HttpServer2: Jetty bound to port 9874
scm_1    | 2021-07-20 21:04:35,390 [Listener at 0.0.0.0/9860] INFO http.HttpServer2: Added filter static_user_filter (class=org.apache.hadoop.http.lib.StaticUserWebFilter$StaticUserFilter) to context static
om2_1    | 2021-07-20 21:04:46,888 [Listener at om2/9862] INFO impl.MetricsSinkAdapter: Sink prometheus started
om1_1    | 2021-07-20 21:04:56,300 [grpc-default-executor-0] INFO server.RaftServer$Division: om1@group-D66704EFC61C: receive requestVote(ELECTION, om2, group-D66704EFC61C, 7, (t:5, i:8))
dn1_1    | 2021-07-20 21:07:24,867 [pool-25-thread-1] INFO server.RaftServerConfigKeys: raft.server.notification.no-leader.timeout = 300s (custom)
dn2_1    | 2021-07-20 21:04:42,601 [grpc-default-executor-2] INFO impl.VoteContext: ed588059-5563-46b6-9dc9-94535956c9d0@group-A33E2E9A0DB2-CANDIDATE: reject ELECTION from 68c909d2-3a1b-4ed0-afc7-dab9bfa98037: already has voted for ed588059-5563-46b6-9dc9-94535956c9d0 at current term 2
recon_1  | 2021-07-20 21:06:34,822 [pool-16-thread-1] INFO codec.OmKeyInfoCodec: OmKeyInfoCodec ignorePipeline = true
recon_1  | 2021-07-20 21:06:34,822 [pool-16-thread-1] INFO impl.OzoneManagerServiceProviderImpl: Obtaining delta updates from Ozone Manager
om3_1    | 2021-07-20 21:04:46,371 [Listener at om3/9862] INFO server.Server: jetty-9.4.35.v20201120; built: 2020-11-20T21:17:03.964Z; git: bdc54f03a5e0a7e280fab27f55c3c75ee8da89fb; jvm 11.0.10+9-LTS
scm_1    | 2021-07-20 21:04:35,393 [Listener at 0.0.0.0/9860] INFO http.HttpServer2: Added filter static_user_filter (class=org.apache.hadoop.http.lib.StaticUserWebFilter$StaticUserFilter) to context logs
om2_1    | 2021-07-20 21:04:46,888 [Listener at om2/9862] INFO impl.MetricsSystemImpl: Registered sink prometheus
om1_1    | 2021-07-20 21:04:56,302 [grpc-default-executor-0] INFO impl.VoteContext: om1@group-D66704EFC61C-FOLLOWER: accept ELECTION from om2: our priority 0 <= candidate's priority 0
dn1_1    | 2021-07-20 21:07:24,868 [pool-25-thread-1] INFO server.RaftServerConfigKeys: raft.server.log.use.memory = false (default)
dn2_1    | 2021-07-20 21:04:42,630 [grpc-default-executor-2] INFO server.RaftServer$Division: ed588059-5563-46b6-9dc9-94535956c9d0@group-A33E2E9A0DB2 replies to ELECTION vote request: 68c909d2-3a1b-4ed0-afc7-dab9bfa98037<-ed588059-5563-46b6-9dc9-94535956c9d0#0:FAIL-t2. Peer's state: ed588059-5563-46b6-9dc9-94535956c9d0@group-A33E2E9A0DB2:t2, leader=null, voted=ed588059-5563-46b6-9dc9-94535956c9d0, raftlog=ed588059-5563-46b6-9dc9-94535956c9d0@group-A33E2E9A0DB2-SegmentedRaftLog:OPENED:c2,f4,i4, conf=0: [ed588059-5563-46b6-9dc9-94535956c9d0|rpc:10.9.0.16:9858|admin:|client:|dataStream:|priority:0, 68c909d2-3a1b-4ed0-afc7-dab9bfa98037|rpc:10.9.0.17:9858|admin:|client:|dataStream:|priority:0, 11afc263-0400-4261-ad20-33f83045be7e|rpc:10.9.0.15:9858|admin:|client:|dataStream:|priority:0], old=null
recon_1  | 2021-07-20 21:06:34,833 [pool-16-thread-1] INFO impl.OzoneManagerServiceProviderImpl: Number of updates received from OM : 4
dn3_1    | 2021-07-20 21:04:34,792 [EndpointStateMachine task thread for scm/10.9.0.14:9861 - 0 ] INFO server.GrpcService: 68c909d2-3a1b-4ed0-afc7-dab9bfa98037: GrpcService started, listening on 9858
om3_1    | 2021-07-20 21:04:46,501 [Listener at om3/9862] INFO server.session: DefaultSessionIdManager workerName=node0
scm_1    | 2021-07-20 21:04:35,979 [Listener at 0.0.0.0/9860] INFO http.HttpServer2: Jetty bound to port 9876
om2_1    | 2021-07-20 21:04:46,892 [Listener at om2/9862] INFO http.BaseHttpServer: HTTP server of ozoneManager listening at http://0.0.0.0:9874
om1_1    | 2021-07-20 21:04:56,302 [grpc-default-executor-0] INFO server.RaftServer$Division: om1@group-D66704EFC61C: changes role from  FOLLOWER to FOLLOWER at term 7 for candidate:om2
dn1_1    | 2021-07-20 21:07:24,868 [pool-25-thread-1] INFO server.RaftServerConfigKeys: raft.server.log.purge.gap = 1000000 (custom)
dn2_1    | 2021-07-20 21:04:42,862 [grpc-default-executor-0] INFO server.RaftServer$Division: ed588059-5563-46b6-9dc9-94535956c9d0@group-A33E2E9A0DB2: receive requestVote(ELECTION, 11afc263-0400-4261-ad20-33f83045be7e, group-A33E2E9A0DB2, 2, (t:1, i:4))
recon_1  | 2021-07-20 21:06:34,873 [pool-17-thread-1] INFO tasks.NSSummaryTask: Completed a process run of NSSummaryTask
dn3_1    | 2021-07-20 21:04:34,809 [EndpointStateMachine task thread for scm/10.9.0.14:9861 - 0 ] INFO ratis.XceiverServerRatis: XceiverServerRatis 68c909d2-3a1b-4ed0-afc7-dab9bfa98037 is started using port 9858 for RATIS
om3_1    | 2021-07-20 21:04:46,509 [Listener at om3/9862] INFO server.session: No SessionScavenger set, using defaults
scm_1    | 2021-07-20 21:04:36,005 [Listener at 0.0.0.0/9860] INFO server.Server: jetty-9.4.35.v20201120; built: 2020-11-20T21:17:03.964Z; git: bdc54f03a5e0a7e280fab27f55c3c75ee8da89fb; jvm 11.0.10+9-LTS
om2_1    | 2021-07-20 21:04:46,918 [IPC Server listener on 9862] INFO ipc.Server: IPC Server listener on 9862: starting
om1_1    | 2021-07-20 21:04:56,302 [grpc-default-executor-0] INFO impl.RoleInfo: om1: shutdown om1@group-D66704EFC61C-FollowerState
dn1_1    | 2021-07-20 21:07:24,868 [pool-25-thread-1] INFO server.RaftServerConfigKeys: raft.server.log.appender.buffer.byte-limit = 33554432 (custom)
dn2_1    | 2021-07-20 21:04:42,862 [grpc-default-executor-0] INFO impl.VoteContext: ed588059-5563-46b6-9dc9-94535956c9d0@group-A33E2E9A0DB2-CANDIDATE: reject ELECTION from 11afc263-0400-4261-ad20-33f83045be7e: already has voted for ed588059-5563-46b6-9dc9-94535956c9d0 at current term 2
recon_1  | 2021-07-20 21:06:35,039 [pool-17-thread-1] INFO tasks.TableCountTask: Completed a 'process' run of TableCountTask.
dn3_1    | 2021-07-20 21:04:34,811 [org.apache.ratis.util.JvmPauseMonitor$$Lambda$437/0x000000084051b440@3c088ed8] INFO util.JvmPauseMonitor: JvmPauseMonitor-68c909d2-3a1b-4ed0-afc7-dab9bfa98037: Started
om3_1    | 2021-07-20 21:04:46,517 [Listener at om3/9862] INFO server.session: node0 Scavenging every 660000ms
scm_1    | 2021-07-20 21:04:36,249 [IPC Server handler 2 on default port 9861] INFO net.NetworkTopologyImpl: Added a new node: /default-rack/ed588059-5563-46b6-9dc9-94535956c9d0
om2_1    | 2021-07-20 21:04:46,896 [IPC Server Responder] INFO ipc.Server: IPC Server Responder: starting
om2_1    | 2021-07-20 21:04:47,168 [Listener at om2/9862] INFO om.OzoneManager: Trash Interval set to 0. Files deleted will not move to trash
dn1_1    | 2021-07-20 21:07:24,868 [Datanode State Machine Thread - 0] WARN statemachine.StateContext: No available thread in pool for past 30 seconds.
dn2_1    | 2021-07-20 21:04:42,889 [grpc-default-executor-0] INFO server.RaftServer$Division: ed588059-5563-46b6-9dc9-94535956c9d0@group-A33E2E9A0DB2 replies to ELECTION vote request: 11afc263-0400-4261-ad20-33f83045be7e<-ed588059-5563-46b6-9dc9-94535956c9d0#0:FAIL-t2. Peer's state: ed588059-5563-46b6-9dc9-94535956c9d0@group-A33E2E9A0DB2:t2, leader=null, voted=ed588059-5563-46b6-9dc9-94535956c9d0, raftlog=ed588059-5563-46b6-9dc9-94535956c9d0@group-A33E2E9A0DB2-SegmentedRaftLog:OPENED:c2,f4,i4, conf=0: [ed588059-5563-46b6-9dc9-94535956c9d0|rpc:10.9.0.16:9858|admin:|client:|dataStream:|priority:0, 68c909d2-3a1b-4ed0-afc7-dab9bfa98037|rpc:10.9.0.17:9858|admin:|client:|dataStream:|priority:0, 11afc263-0400-4261-ad20-33f83045be7e|rpc:10.9.0.15:9858|admin:|client:|dataStream:|priority:0], old=null
dn2_1    | 2021-07-20 21:04:42,896 [ed588059-5563-46b6-9dc9-94535956c9d0@group-A33E2E9A0DB2-LeaderElection1] INFO impl.LeaderElection: ed588059-5563-46b6-9dc9-94535956c9d0@group-A33E2E9A0DB2-LeaderElection1: ELECTION REJECTED received 2 response(s) and 0 exception(s):
dn3_1    | 2021-07-20 21:04:34,822 [EndpointStateMachine task thread for scm/10.9.0.14:9861 - 0 ] INFO ratis.XceiverServerRatis: XceiverServerRatis 68c909d2-3a1b-4ed0-afc7-dab9bfa98037 is started using port 9858 for RATIS_ADMIN
om3_1    | 2021-07-20 21:04:46,565 [Listener at om3/9862] INFO handler.ContextHandler: Started o.e.j.s.ServletContextHandler@7781263c{logs,/logs,file:///var/log/hadoop/,AVAILABLE}
scm_1    | 2021-07-20 21:04:36,253 [IPC Server handler 2 on default port 9861] INFO node.SCMNodeManager: Registered Data node : ed588059-5563-46b6-9dc9-94535956c9d0{ip: 10.9.0.16, host: ha_dn2_1.ha_net, ports: [REPLICATION=9886, RATIS=9858, RATIS_ADMIN=9858, RATIS_SERVER=9858, STANDALONE=9859], networkLocation: /default-rack, certSerialId: null, persistedOpState: null, persistedOpStateExpiryEpochSec: 0}
om2_1    | 2021-07-20 21:04:47,183 [org.apache.hadoop.util.JvmPauseMonitor$Monitor@5ebbde60] INFO util.JvmPauseMonitor: Starting JVM pause monitor
om1_1    | 2021-07-20 21:04:56,303 [om1@group-D66704EFC61C-FollowerState] INFO impl.FollowerState: om1@group-D66704EFC61C-FollowerState was interrupted: {}
dn2_1    | 2021-07-20 21:04:42,903 [ed588059-5563-46b6-9dc9-94535956c9d0@group-A33E2E9A0DB2-LeaderElection1] INFO impl.LeaderElection:   Response 0: ed588059-5563-46b6-9dc9-94535956c9d0<-68c909d2-3a1b-4ed0-afc7-dab9bfa98037#0:FAIL-t2
recon_1  | 2021-07-20 21:06:35,044 [pool-17-thread-1] INFO tasks.ContainerKeyMapperTask: ContainerKeyMapperTask successfully processed 1 OM DB update event(s).
dn1_1    | 2021-07-20 21:07:24,869 [pool-25-thread-1] INFO metrics.RatisMetrics: Creating Metrics Registry : ratis.log_worker.11afc263-0400-4261-ad20-33f83045be7e@group-7E54FCD47A5B
dn3_1    | 2021-07-20 21:04:34,835 [EndpointStateMachine task thread for scm/10.9.0.14:9861 - 0 ] INFO ratis.XceiverServerRatis: XceiverServerRatis 68c909d2-3a1b-4ed0-afc7-dab9bfa98037 is started using port 9858 for RATIS_SERVER
om3_1    | 2021-07-20 21:04:46,577 [Listener at om3/9862] INFO handler.ContextHandler: Started o.e.j.s.ServletContextHandler@33324c05{static,/static,jar:file:/opt/hadoop/share/ozone/lib/ozone-manager-1.2.0-SNAPSHOT.jar!/webapps/static,AVAILABLE}
scm_1    | 2021-07-20 21:04:36,566 [EventQueue-NodeRegistrationContainerReportForContainerSafeModeRule] INFO safemode.SCMSafeModeManager: ContainerSafeModeRule rule is successfully validated
om2_1    | 2021-07-20 21:04:49,808 [om2@group-D66704EFC61C-FollowerState] INFO impl.FollowerState: om2@group-D66704EFC61C-FollowerState: change to CANDIDATE, lastRpcElapsedTime:5073493070ns, electionTimeout:5044ms
om1_1    | java.lang.InterruptedException: sleep interrupted
dn2_1    | 2021-07-20 21:04:42,904 [ed588059-5563-46b6-9dc9-94535956c9d0@group-A33E2E9A0DB2-LeaderElection1] INFO impl.LeaderElection:   Response 1: ed588059-5563-46b6-9dc9-94535956c9d0<-11afc263-0400-4261-ad20-33f83045be7e#0:FAIL-t2
recon_1  | 2021-07-20 21:06:35,056 [pool-17-thread-1] INFO tasks.FileSizeCountTask: Completed a 'process' run of FileSizeCountTask.
dn1_1    | 2021-07-20 21:07:24,870 [pool-25-thread-1] INFO server.RaftServerConfigKeys: raft.server.log.segment.size.max = 1048576 (custom)
dn3_1    | 2021-07-20 21:04:35,471 [org.apache.ratis.util.JvmPauseMonitor$$Lambda$437/0x000000084051b440@3c088ed8] WARN util.JvmPauseMonitor: JvmPauseMonitor-68c909d2-3a1b-4ed0-afc7-dab9bfa98037: Detected pause in JVM or host machine (eg GC): pause of approximately 108869217ns.
om3_1    | 2021-07-20 21:04:46,943 [Listener at om3/9862] INFO handler.ContextHandler: Started o.e.j.w.WebAppContext@48cdb156{ozoneManager,/,file:///tmp/jetty-0_0_0_0-9874-ozone-manager-1_2_0-SNAPSHOT_jar-_-any-3115034600019184545/webapp/,AVAILABLE}{jar:file:/opt/hadoop/share/ozone/lib/ozone-manager-1.2.0-SNAPSHOT.jar!/webapps/ozoneManager}
scm_1    | 2021-07-20 21:04:36,655 [EventQueue-PipelineReportForPipelineReportHandler] INFO pipeline.PipelineManagerV2Impl: Pipeline Pipeline[ Id: 381b4eb6-5c01-4b82-8a10-49e57be89840, Nodes: ed588059-5563-46b6-9dc9-94535956c9d0{ip: 10.9.0.16, host: ha_dn2_1.ha_net, ports: [RATIS=9858, STANDALONE=9859], networkLocation: /default-rack, certSerialId: null, persistedOpState: null, persistedOpStateExpiryEpochSec: 0}, ReplicationConfig: RATIS/ONE, State:ALLOCATED, leaderId:ed588059-5563-46b6-9dc9-94535956c9d0, CreationTimestamp2021-07-20T21:04:29.350980Z[UTC]] moved to OPEN state
om2_1    | 2021-07-20 21:04:49,809 [om2@group-D66704EFC61C-FollowerState] INFO impl.RoleInfo: om2: shutdown om2@group-D66704EFC61C-FollowerState
om1_1    | 	at java.base/java.lang.Thread.sleep(Native Method)
dn2_1    | 2021-07-20 21:04:42,904 [ed588059-5563-46b6-9dc9-94535956c9d0@group-A33E2E9A0DB2-LeaderElection1] INFO impl.LeaderElection: ed588059-5563-46b6-9dc9-94535956c9d0@group-A33E2E9A0DB2-LeaderElection1 ELECTION round 0: result REJECTED
recon_1  | 2021-07-20 21:07:35,065 [pool-16-thread-1] INFO impl.OzoneManagerServiceProviderImpl: Syncing data from Ozone Manager.
dn1_1    | 2021-07-20 21:07:24,871 [pool-25-thread-1] INFO server.RaftServerConfigKeys: raft.server.log.segment.cache.num.max = 2 (custom)
dn3_1    | GC pool 'ParNew' had collection(s): count=1 time=133ms
om3_1    | 2021-07-20 21:04:46,963 [Listener at om3/9862] INFO server.AbstractConnector: Started ServerConnector@9b367c8{HTTP/1.1, (http/1.1)}{0.0.0.0:9874}
scm_1    | 2021-07-20 21:04:36,567 [EventQueue-NodeRegistrationContainerReportForDataNodeSafeModeRule] INFO safemode.SCMSafeModeManager: SCM in safe mode. 1 DataNodes registered, 3 required.
om2_1    | 2021-07-20 21:04:49,810 [om2@group-D66704EFC61C-FollowerState] INFO server.RaftServer$Division: om2@group-D66704EFC61C: changes role from  FOLLOWER to CANDIDATE at term 5 for changeToCandidate
om1_1    | 	at java.base/java.lang.Thread.sleep(Thread.java:339)
dn2_1    | 2021-07-20 21:04:42,906 [ed588059-5563-46b6-9dc9-94535956c9d0@group-A33E2E9A0DB2-LeaderElection1] INFO server.RaftServer$Division: ed588059-5563-46b6-9dc9-94535956c9d0@group-A33E2E9A0DB2: changes role from CANDIDATE to FOLLOWER at term 2 for REJECTED
recon_1  | 2021-07-20 21:07:35,065 [pool-16-thread-1] INFO impl.OzoneManagerServiceProviderImpl: Obtaining delta updates from Ozone Manager
dn1_1    | 2021-07-20 21:07:24,871 [pool-25-thread-1] INFO server.RaftServerConfigKeys: raft.server.log.segment.cache.size.max = 200MB (=209715200) (default)
dn3_1    | 2021-07-20 21:04:39,551 [Command processor thread] INFO server.RaftServer: 68c909d2-3a1b-4ed0-afc7-dab9bfa98037: addNew group-33CC5B74410A:[ed588059-5563-46b6-9dc9-94535956c9d0|rpc:10.9.0.16:9858|priority:0, 11afc263-0400-4261-ad20-33f83045be7e|rpc:10.9.0.15:9858|priority:0, 68c909d2-3a1b-4ed0-afc7-dab9bfa98037|rpc:10.9.0.17:9858|priority:1] returns group-33CC5B74410A:java.util.concurrent.CompletableFuture@49297b37[Not completed]
om3_1    | 2021-07-20 21:04:46,963 [Listener at om3/9862] INFO server.Server: Started @52296ms
om3_1    | 2021-07-20 21:04:46,967 [Listener at om3/9862] INFO impl.MetricsSinkAdapter: Sink prometheus started
om1_1    | 	at java.base/java.util.concurrent.TimeUnit.sleep(TimeUnit.java:446)
dn2_1    | 2021-07-20 21:04:42,911 [ed588059-5563-46b6-9dc9-94535956c9d0@group-A33E2E9A0DB2-LeaderElection1] INFO impl.RoleInfo: ed588059-5563-46b6-9dc9-94535956c9d0: shutdown ed588059-5563-46b6-9dc9-94535956c9d0@group-A33E2E9A0DB2-LeaderElection1
om2_1    | 2021-07-20 21:04:49,812 [om2@group-D66704EFC61C-FollowerState] INFO server.RaftServerConfigKeys: raft.server.leaderelection.pre-vote = false (custom)
recon_1  | 2021-07-20 21:07:35,081 [pool-16-thread-1] INFO impl.OzoneManagerServiceProviderImpl: Number of updates received from OM : 0
dn1_1    | 2021-07-20 21:07:24,871 [pool-25-thread-1] INFO segmented.SegmentedRaftLogWorker: new 11afc263-0400-4261-ad20-33f83045be7e@group-7E54FCD47A5B-SegmentedRaftLogWorker for RaftStorageImpl:Storage Directory /data/metadata/ratis/9c943ad5-ae4e-4fce-8aa2-7e54fcd47a5b
om3_1    | 2021-07-20 21:04:46,968 [Listener at om3/9862] INFO impl.MetricsSystemImpl: Registered sink prometheus
scm_1    | 2021-07-20 21:04:36,671 [Listener at 0.0.0.0/9860] INFO server.session: DefaultSessionIdManager workerName=node0
dn3_1    | 2021-07-20 21:04:39,565 [pool-25-thread-1] INFO server.RaftServer$Division: 68c909d2-3a1b-4ed0-afc7-dab9bfa98037: new RaftServerImpl for group-33CC5B74410A:[ed588059-5563-46b6-9dc9-94535956c9d0|rpc:10.9.0.16:9858|priority:0, 11afc263-0400-4261-ad20-33f83045be7e|rpc:10.9.0.15:9858|priority:0, 68c909d2-3a1b-4ed0-afc7-dab9bfa98037|rpc:10.9.0.17:9858|priority:1] with ContainerStateMachine:uninitialized
om1_1    | 	at org.apache.ratis.util.TimeDuration.sleep(TimeDuration.java:324)
dn2_1    | 2021-07-20 21:04:42,911 [ed588059-5563-46b6-9dc9-94535956c9d0@group-A33E2E9A0DB2-LeaderElection1] INFO impl.RoleInfo: ed588059-5563-46b6-9dc9-94535956c9d0: start ed588059-5563-46b6-9dc9-94535956c9d0@group-A33E2E9A0DB2-FollowerState
om2_1    | 2021-07-20 21:04:49,812 [om2@group-D66704EFC61C-FollowerState] INFO impl.RoleInfo: om2: start om2@group-D66704EFC61C-LeaderElection1
recon_1  | 2021-07-20 21:08:35,085 [pool-16-thread-1] INFO impl.OzoneManagerServiceProviderImpl: Syncing data from Ozone Manager.
dn1_1    | 2021-07-20 21:07:24,871 [pool-25-thread-1] INFO server.RaftServerConfigKeys: raft.server.log.queue.byte-limit = 2147483647 (custom)
om3_1    | 2021-07-20 21:04:46,969 [Listener at om3/9862] INFO http.BaseHttpServer: HTTP server of ozoneManager listening at http://0.0.0.0:9874
scm_1    | 2021-07-20 21:04:36,700 [Listener at 0.0.0.0/9860] INFO server.session: No SessionScavenger set, using defaults
dn3_1    | 2021-07-20 21:04:39,570 [pool-25-thread-1] INFO server.RaftServerConfigKeys: raft.server.rpc.timeout.min = 5s (custom)
om1_1    | 	at org.apache.ratis.util.TimeDuration.sleep(TimeDuration.java:309)
dn2_1    | 2021-07-20 21:04:43,195 [Command processor thread] INFO metrics.RatisMetrics: Creating Metrics Registry : ratis.client_message_metrics.client-190C205C7D53->68c909d2-3a1b-4ed0-afc7-dab9bfa98037
om2_1    | 2021-07-20 21:04:49,854 [om2@group-D66704EFC61C-LeaderElection1] INFO impl.LeaderElection: om2@group-D66704EFC61C-LeaderElection1 ELECTION round 0: submit vote requests at term 6 for 0: [om1|rpc:om1:9872|admin:|client:|dataStream:|priority:0, om3|rpc:om3:9872|admin:|client:|dataStream:|priority:0, om2|rpc:om2:9872|admin:|client:|dataStream:|priority:0], old=null
recon_1  | 2021-07-20 21:08:35,086 [pool-16-thread-1] INFO impl.OzoneManagerServiceProviderImpl: Obtaining delta updates from Ozone Manager
dn1_1    | 2021-07-20 21:07:24,871 [pool-25-thread-1] INFO server.RaftServerConfigKeys: raft.server.log.queue.element-limit = 1024 (custom)
om3_1    | 2021-07-20 21:04:46,982 [IPC Server listener on 9862] INFO ipc.Server: IPC Server listener on 9862: starting
scm_1    | 2021-07-20 21:04:36,685 [IPC Server handler 3 on default port 9861] INFO net.NetworkTopologyImpl: Added a new node: /default-rack/68c909d2-3a1b-4ed0-afc7-dab9bfa98037
dn3_1    | 2021-07-20 21:04:39,570 [pool-25-thread-1] INFO server.RaftServerConfigKeys: raft.server.rpc.timeout.max = 5200ms (custom)
om1_1    | 	at org.apache.ratis.server.impl.FollowerState.run(FollowerState.java:118)
dn2_1    | 2021-07-20 21:04:43,404 [Command processor thread] INFO commandhandler.CreatePipelineCommandHandler: Created Pipeline RATIS THREE PipelineID=a5c868f4-346d-4bc6-880c-33cc5b74410a.
om2_1    | 2021-07-20 21:04:50,834 [grpc-default-executor-1] INFO metrics.RatisMetrics: Creating Metrics Registry : ratis.server_message_metrics.om2
recon_1  | 2021-07-20 21:08:35,102 [pool-16-thread-1] INFO impl.OzoneManagerServiceProviderImpl: Number of updates received from OM : 3
dn1_1    | 2021-07-20 21:07:24,871 [pool-25-thread-1] INFO server.RaftServerConfigKeys: raft.server.log.segment.size.max = 1048576 (custom)
om3_1    | 2021-07-20 21:04:46,970 [IPC Server Responder] INFO ipc.Server: IPC Server Responder: starting
scm_1    | 2021-07-20 21:04:36,654 [EventQueue-NewNodeForNewNodeHandler] INFO pipeline.BackgroundPipelineCreator: trigger a one-shot run on RatisPipelineUtilsThread.
dn3_1    | 2021-07-20 21:04:39,570 [pool-25-thread-1] INFO server.RaftServerConfigKeys: raft.server.rpc.sleep.time = 25ms (default)
om1_1    | 2021-07-20 21:04:56,303 [grpc-default-executor-0] INFO impl.RoleInfo: om1: start om1@group-D66704EFC61C-FollowerState
dn2_1    | 2021-07-20 21:04:43,979 [ed588059-5563-46b6-9dc9-94535956c9d0@group-33CC5B74410A-FollowerState] INFO impl.FollowerState: ed588059-5563-46b6-9dc9-94535956c9d0@group-33CC5B74410A-FollowerState: change to CANDIDATE, lastRpcElapsedTime:5065153635ns, electionTimeout:5047ms
om2_1    | 2021-07-20 21:04:50,977 [grpc-default-executor-1] INFO server.RaftServer$Division: om2@group-D66704EFC61C: receive requestVote(ELECTION, om1, group-D66704EFC61C, 6, (t:5, i:8))
recon_1  | 2021-07-20 21:08:35,111 [pool-17-thread-1] INFO tasks.NSSummaryTask: Completed a process run of NSSummaryTask
dn1_1    | 2021-07-20 21:07:24,872 [pool-25-thread-1] INFO server.RaftServerConfigKeys: raft.server.log.preallocated.size = 16384 (custom)
om3_1    | 2021-07-20 21:04:47,284 [Listener at om3/9862] INFO om.OzoneManager: Trash Interval set to 0. Files deleted will not move to trash
scm_1    | 2021-07-20 21:04:36,696 [EventQueue-PipelineReportForOneReplicaPipelineSafeModeRule] INFO safemode.SCMSafeModeManager: AtleastOneDatanodeReportedRule rule is successfully validated
dn3_1    | 2021-07-20 21:04:39,570 [pool-25-thread-1] INFO server.RaftServerConfigKeys: raft.server.rpc.slowness.timeout = 300s (custom)
om1_1    | 2021-07-20 21:04:56,312 [grpc-default-executor-0] INFO server.RaftServer$Division: om1@group-D66704EFC61C replies to ELECTION vote request: om2<-om1#0:OK-t7. Peer's state: om1@group-D66704EFC61C:t7, leader=null, voted=om2, raftlog=om1@group-D66704EFC61C-SegmentedRaftLog:OPENED:c7,f8,i8, conf=0: [om1|rpc:om1:9872|admin:|client:|dataStream:|priority:0, om3|rpc:om3:9872|admin:|client:|dataStream:|priority:0, om2|rpc:om2:9872|admin:|client:|dataStream:|priority:0], old=null
dn2_1    | 2021-07-20 21:04:43,980 [ed588059-5563-46b6-9dc9-94535956c9d0@group-33CC5B74410A-FollowerState] INFO impl.RoleInfo: ed588059-5563-46b6-9dc9-94535956c9d0: shutdown ed588059-5563-46b6-9dc9-94535956c9d0@group-33CC5B74410A-FollowerState
om2_1    | 2021-07-20 21:04:50,981 [grpc-default-executor-1] INFO impl.VoteContext: om2@group-D66704EFC61C-CANDIDATE: reject ELECTION from om1: already has voted for om2 at current term 6
recon_1  | 2021-07-20 21:08:35,381 [pool-17-thread-1] INFO tasks.TableCountTask: Completed a 'process' run of TableCountTask.
dn1_1    | 2021-07-20 21:07:24,872 [pool-25-thread-1] INFO server.RaftServerConfigKeys: raft.server.log.force.sync.num = 128 (default)
om3_1    | 2021-07-20 21:04:47,304 [org.apache.hadoop.util.JvmPauseMonitor$Monitor@370c7cc5] INFO util.JvmPauseMonitor: Starting JVM pause monitor
scm_1    | 2021-07-20 21:04:36,726 [IPC Server handler 3 on default port 9861] INFO node.SCMNodeManager: Registered Data node : 68c909d2-3a1b-4ed0-afc7-dab9bfa98037{ip: 10.9.0.17, host: ha_dn3_1.ha_net, ports: [REPLICATION=9886, RATIS=9858, RATIS_ADMIN=9858, RATIS_SERVER=9858, STANDALONE=9859], networkLocation: /default-rack, certSerialId: null, persistedOpState: null, persistedOpStateExpiryEpochSec: 0}
dn3_1    | 2021-07-20 21:04:39,571 [pool-25-thread-1] INFO server.RaftServerConfigKeys: raft.server.leaderelection.leader.step-down.wait-time = 10s (default)
om1_1    | 2021-07-20 21:04:56,426 [grpc-default-executor-0] INFO server.RaftServer$Division: om1@group-D66704EFC61C: change Leader from null to om2 at term 7 for appendEntries, leader elected after 13667ms
dn2_1    | 2021-07-20 21:04:43,980 [ed588059-5563-46b6-9dc9-94535956c9d0@group-33CC5B74410A-FollowerState] INFO server.RaftServer$Division: ed588059-5563-46b6-9dc9-94535956c9d0@group-33CC5B74410A: changes role from  FOLLOWER to CANDIDATE at term 0 for changeToCandidate
om2_1    | 2021-07-20 21:04:51,019 [grpc-default-executor-1] INFO server.RaftServer$Division: om2@group-D66704EFC61C replies to ELECTION vote request: om1<-om2#0:FAIL-t6. Peer's state: om2@group-D66704EFC61C:t6, leader=null, voted=om2, raftlog=om2@group-D66704EFC61C-SegmentedRaftLog:OPENED:c7,f8,i8, conf=0: [om1|rpc:om1:9872|admin:|client:|dataStream:|priority:0, om3|rpc:om3:9872|admin:|client:|dataStream:|priority:0, om2|rpc:om2:9872|admin:|client:|dataStream:|priority:0], old=null
recon_1  | 2021-07-20 21:08:35,381 [pool-17-thread-1] INFO tasks.ContainerKeyMapperTask: ContainerKeyMapperTask successfully processed 0 OM DB update event(s).
dn1_1    | 2021-07-20 21:07:24,872 [pool-25-thread-1] INFO server.RaftServerConfigKeys: raft.server.log.statemachine.data.sync = true (default)
om3_1    | 2021-07-20 21:04:50,157 [om3@group-D66704EFC61C-FollowerState] INFO impl.FollowerState: om3@group-D66704EFC61C-FollowerState: change to CANDIDATE, lastRpcElapsedTime:5084431787ns, electionTimeout:5069ms
scm_1    | 2021-07-20 21:04:36,700 [EventQueue-OpenPipelineForHealthyPipelineSafeModeRule] INFO safemode.SCMSafeModeManager: SCM in safe mode. Healthy pipelines reported count is 0, required healthy pipeline reported count is 1
dn3_1    | 2021-07-20 21:04:39,571 [pool-25-thread-1] INFO server.RaftServerConfigKeys: raft.server.sleep.deviation.threshold = 300ms (default)
om1_1    | 2021-07-20 21:04:56,477 [grpc-default-executor-0] INFO server.RaftServer$Division: om1@group-D66704EFC61C: set configuration 9: [om1|rpc:om1:9872|admin:|client:|dataStream:|priority:0, om3|rpc:om3:9872|admin:|client:|dataStream:|priority:0, om2|rpc:om2:9872|admin:|client:|dataStream:|priority:0], old=null
dn2_1    | 2021-07-20 21:04:43,980 [ed588059-5563-46b6-9dc9-94535956c9d0@group-33CC5B74410A-FollowerState] INFO server.RaftServerConfigKeys: raft.server.leaderelection.pre-vote = false (custom)
om2_1    | 2021-07-20 21:04:51,181 [grpc-default-executor-1] INFO server.RaftServer$Division: om2@group-D66704EFC61C: receive requestVote(ELECTION, om3, group-D66704EFC61C, 6, (t:5, i:8))
recon_1  | 2021-07-20 21:08:35,381 [pool-17-thread-1] INFO tasks.FileSizeCountTask: Completed a 'process' run of FileSizeCountTask.
dn1_1    | 2021-07-20 21:07:24,872 [pool-25-thread-1] INFO server.RaftServerConfigKeys: raft.server.log.statemachine.data.sync.timeout = 10s (default)
om3_1    | 2021-07-20 21:04:50,162 [om3@group-D66704EFC61C-FollowerState] INFO impl.RoleInfo: om3: shutdown om3@group-D66704EFC61C-FollowerState
scm_1    | 2021-07-20 21:04:36,763 [EventQueue-NodeRegistrationContainerReportForDataNodeSafeModeRule] INFO safemode.SCMSafeModeManager: SCM in safe mode. 2 DataNodes registered, 3 required.
dn3_1    | 2021-07-20 21:04:39,571 [pool-25-thread-1] INFO server.RaftServerConfigKeys: raft.server.log.appender.install.snapshot.enabled = false (custom)
om1_1    | 2021-07-20 21:04:56,494 [grpc-default-executor-0] INFO segmented.SegmentedRaftLogWorker: om1@group-D66704EFC61C-SegmentedRaftLogWorker: Rolling segment log-0_8 to index:8
dn2_1    | 2021-07-20 21:04:43,980 [ed588059-5563-46b6-9dc9-94535956c9d0@group-33CC5B74410A-FollowerState] INFO impl.RoleInfo: ed588059-5563-46b6-9dc9-94535956c9d0: start ed588059-5563-46b6-9dc9-94535956c9d0@group-33CC5B74410A-LeaderElection3
om2_1    | 2021-07-20 21:04:51,182 [grpc-default-executor-1] INFO impl.VoteContext: om2@group-D66704EFC61C-CANDIDATE: reject ELECTION from om3: already has voted for om2 at current term 6
dn1_1    | 2021-07-20 21:07:24,872 [pool-25-thread-1] INFO server.RaftServerConfigKeys: raft.server.log.statemachine.data.sync.timeout.retry = -1 (default)
dn1_1    | 2021-07-20 21:07:24,873 [pool-25-thread-1] INFO server.RaftServerConfigKeys: raft.server.log.write.buffer.size = 1048576 (custom)
scm_1    | 2021-07-20 21:04:36,758 [EventQueue-PipelineReportForPipelineReportHandler] INFO pipeline.PipelineManagerV2Impl: Pipeline Pipeline[ Id: 53821972-3b56-4db4-8cc8-b85f9babcf46, Nodes: 68c909d2-3a1b-4ed0-afc7-dab9bfa98037{ip: 10.9.0.17, host: ha_dn3_1.ha_net, ports: [RATIS=9858, STANDALONE=9859], networkLocation: /default-rack, certSerialId: null, persistedOpState: null, persistedOpStateExpiryEpochSec: 0}, ReplicationConfig: RATIS/ONE, State:ALLOCATED, leaderId:68c909d2-3a1b-4ed0-afc7-dab9bfa98037, CreationTimestamp2021-07-20T21:04:29.356214Z[UTC]] moved to OPEN state
dn3_1    | 2021-07-20 21:04:39,571 [pool-25-thread-1] INFO server.RaftServer$Division: 68c909d2-3a1b-4ed0-afc7-dab9bfa98037@group-33CC5B74410A: ConfigurationManager, init=-1: [ed588059-5563-46b6-9dc9-94535956c9d0|rpc:10.9.0.16:9858|priority:0, 11afc263-0400-4261-ad20-33f83045be7e|rpc:10.9.0.15:9858|priority:0, 68c909d2-3a1b-4ed0-afc7-dab9bfa98037|rpc:10.9.0.17:9858|priority:1], old=null, confs=<EMPTY_MAP>
om1_1    | 2021-07-20 21:04:56,499 [om1@group-D66704EFC61C-SegmentedRaftLogWorker] INFO segmented.SegmentedRaftLogWorker: om1@group-D66704EFC61C-SegmentedRaftLogWorker: Rolled log segment from /data/metadata/ratis/5cb24680-b9e7-3c90-a862-d66704efc61c/current/log_inprogress_0 to /data/metadata/ratis/5cb24680-b9e7-3c90-a862-d66704efc61c/current/log_0-8
dn2_1    | 2021-07-20 21:04:43,983 [ed588059-5563-46b6-9dc9-94535956c9d0@group-33CC5B74410A-LeaderElection3] INFO impl.LeaderElection: ed588059-5563-46b6-9dc9-94535956c9d0@group-33CC5B74410A-LeaderElection3 ELECTION round 0: submit vote requests at term 1 for -1: [ed588059-5563-46b6-9dc9-94535956c9d0|rpc:10.9.0.16:9858|priority:0, 11afc263-0400-4261-ad20-33f83045be7e|rpc:10.9.0.15:9858|priority:0, 68c909d2-3a1b-4ed0-afc7-dab9bfa98037|rpc:10.9.0.17:9858|priority:1], old=null
om2_1    | 2021-07-20 21:04:51,186 [grpc-default-executor-1] INFO server.RaftServer$Division: om2@group-D66704EFC61C replies to ELECTION vote request: om3<-om2#0:FAIL-t6. Peer's state: om2@group-D66704EFC61C:t6, leader=null, voted=om2, raftlog=om2@group-D66704EFC61C-SegmentedRaftLog:OPENED:c7,f8,i8, conf=0: [om1|rpc:om1:9872|admin:|client:|dataStream:|priority:0, om3|rpc:om3:9872|admin:|client:|dataStream:|priority:0, om2|rpc:om2:9872|admin:|client:|dataStream:|priority:0], old=null
dn1_1    | 2021-07-20 21:07:24,873 [pool-25-thread-1] INFO server.RaftServerConfigKeys: raft.server.log.statemachine.data.caching.enabled = true (custom)
om3_1    | 2021-07-20 21:04:50,171 [om3@group-D66704EFC61C-FollowerState] INFO server.RaftServer$Division: om3@group-D66704EFC61C: changes role from  FOLLOWER to CANDIDATE at term 5 for changeToCandidate
scm_1    | 2021-07-20 21:04:36,755 [EventQueue-NewNodeForNewNodeHandler] INFO pipeline.BackgroundPipelineCreator: trigger a one-shot run on RatisPipelineUtilsThread.
dn3_1    | 2021-07-20 21:04:39,573 [pool-25-thread-1] INFO server.RaftServerConfigKeys: raft.server.storage.dir = [/data/metadata/ratis] (custom)
om1_1    | 2021-07-20 21:04:56,538 [om1@group-D66704EFC61C-SegmentedRaftLogWorker] INFO segmented.SegmentedRaftLogWorker: om1@group-D66704EFC61C-SegmentedRaftLogWorker: created new log segment /data/metadata/ratis/5cb24680-b9e7-3c90-a862-d66704efc61c/current/log_inprogress_9
dn2_1    | 2021-07-20 21:04:44,034 [ed588059-5563-46b6-9dc9-94535956c9d0@group-33CC5B74410A-LeaderElection3] INFO impl.LeaderElection: ed588059-5563-46b6-9dc9-94535956c9d0@group-33CC5B74410A-LeaderElection3: ELECTION REJECTED received 2 response(s) and 0 exception(s):
om2_1    | 2021-07-20 21:04:51,229 [om2@group-D66704EFC61C-LeaderElection1] INFO impl.LeaderElection: om2@group-D66704EFC61C-LeaderElection1: ELECTION REJECTED received 2 response(s) and 0 exception(s):
om2_1    | 2021-07-20 21:04:51,229 [om2@group-D66704EFC61C-LeaderElection1] INFO impl.LeaderElection:   Response 0: om2<-om1#0:FAIL-t6
scm_1    | 2021-07-20 21:04:36,825 [EventQueue-OpenPipelineForHealthyPipelineSafeModeRule] INFO safemode.SCMSafeModeManager: SCM in safe mode. Healthy pipelines reported count is 0, required healthy pipeline reported count is 1
om3_1    | 2021-07-20 21:04:50,174 [om3@group-D66704EFC61C-FollowerState] INFO server.RaftServerConfigKeys: raft.server.leaderelection.pre-vote = false (custom)
dn3_1    | 2021-07-20 21:04:39,575 [pool-25-thread-1] INFO server.RaftServerConfigKeys: raft.server.log.corruption.policy = EXCEPTION (default)
om1_1    | 2021-07-20 21:05:45,976 [OM StateMachine ApplyTransaction Thread - 0] INFO volume.OMVolumeCreateRequest: created volume:new1-volume for user:hadoop
om2_1    | 2021-07-20 21:04:51,229 [om2@group-D66704EFC61C-LeaderElection1] INFO impl.LeaderElection:   Response 1: om2<-om3#0:FAIL-t6
dn1_1    | 2021-07-20 21:07:24,873 [pool-25-thread-1] INFO segmented.SegmentedRaftLogWorker: 11afc263-0400-4261-ad20-33f83045be7e@group-7E54FCD47A5B-SegmentedRaftLogWorker: flushIndex: setUnconditionally 0 -> -1
dn2_1    | 2021-07-20 21:04:44,034 [ed588059-5563-46b6-9dc9-94535956c9d0@group-33CC5B74410A-LeaderElection3] INFO impl.LeaderElection:   Response 0: ed588059-5563-46b6-9dc9-94535956c9d0<-11afc263-0400-4261-ad20-33f83045be7e#0:OK-t1
scm_1    | 2021-07-20 21:04:36,892 [Listener at 0.0.0.0/9860] INFO server.session: node0 Scavenging every 660000ms
om3_1    | 2021-07-20 21:04:50,175 [om3@group-D66704EFC61C-FollowerState] INFO impl.RoleInfo: om3: start om3@group-D66704EFC61C-LeaderElection1
dn3_1    | 2021-07-20 21:04:39,583 [pool-25-thread-1] INFO storage.RaftStorageDirectory: The storage directory /data/metadata/ratis/a5c868f4-346d-4bc6-880c-33cc5b74410a does not exist. Creating ...
om1_1    | 2021-07-20 21:07:37,408 [OMDoubleBufferFlushThread] INFO upgrade.OMFinalizeUpgradeResponse: Layout version to persist to DB : 0
om2_1    | 2021-07-20 21:04:51,230 [om2@group-D66704EFC61C-LeaderElection1] INFO impl.LeaderElection: om2@group-D66704EFC61C-LeaderElection1 ELECTION round 0: result REJECTED
dn1_1    | 2021-07-20 21:07:24,873 [pool-25-thread-1] INFO segmented.SegmentedRaftLogWorker: 11afc263-0400-4261-ad20-33f83045be7e@group-7E54FCD47A5B-SegmentedRaftLogWorker: safeCacheEvictIndex: setUnconditionally 0 -> -1
dn2_1    | 2021-07-20 21:04:44,035 [ed588059-5563-46b6-9dc9-94535956c9d0@group-33CC5B74410A-LeaderElection3] INFO impl.LeaderElection:   Response 1: ed588059-5563-46b6-9dc9-94535956c9d0<-68c909d2-3a1b-4ed0-afc7-dab9bfa98037#0:FAIL-t1
scm_1    | 2021-07-20 21:04:36,836 [IPC Server handler 4 on default port 9861] INFO net.NetworkTopologyImpl: Added a new node: /default-rack/11afc263-0400-4261-ad20-33f83045be7e
om3_1    | 2021-07-20 21:04:50,285 [om3@group-D66704EFC61C-LeaderElection1] INFO impl.LeaderElection: om3@group-D66704EFC61C-LeaderElection1 ELECTION round 0: submit vote requests at term 6 for 0: [om1|rpc:om1:9872|admin:|client:|dataStream:|priority:0, om3|rpc:om3:9872|admin:|client:|dataStream:|priority:0, om2|rpc:om2:9872|admin:|client:|dataStream:|priority:0], old=null
dn3_1    | 2021-07-20 21:04:39,600 [pool-25-thread-1] INFO storage.RaftStorageDirectory: Lock on /data/metadata/ratis/a5c868f4-346d-4bc6-880c-33cc5b74410a/in_use.lock acquired by nodename 7@a440147d6e98
om1_1    | 2021-07-20 21:08:31,080 [OM StateMachine ApplyTransaction Thread - 0] INFO volume.OMVolumeCreateRequest: created volume:new2-volume for user:hadoop
om2_1    | 2021-07-20 21:04:51,236 [om2@group-D66704EFC61C-LeaderElection1] INFO server.RaftServer$Division: om2@group-D66704EFC61C: changes role from CANDIDATE to FOLLOWER at term 6 for REJECTED
