dn2_1    | 2021-07-20 21:04:38,873 [pool-25-thread-1] INFO server.RaftServerConfigKeys: raft.server.log.statemachine.data.caching.enabled = true (custom)
dn3_1    | 2021-07-20 21:04:27,789 [pool-25-thread-1] INFO server.RaftServerConfigKeys: raft.server.log.segment.cache.size.max = 200MB (=209715200) (default)
dn1_1    | 2021-07-20 21:06:24,028 [Command processor thread] INFO metrics.RatisMetrics: Unregistering Metrics Registry : ratis.server.11afc263-0400-4261-ad20-33f83045be7e@group-7B2986A61938
om2_1    | 2021-07-20 21:04:43,920 [pool-23-thread-1] INFO segmented.SegmentedRaftLogWorker: om2@group-D66704EFC61C-SegmentedRaftLogWorker: flushIndex: setUnconditionally 0 -> 8
scm_1    | 	at org.apache.hadoop.hdds.scm.server.StorageContainerManagerStarter$SCMStarterHelper.start(StorageContainerManagerStarter.java:169)
om1_1    | 2021-07-20 21:04:45,795 [Listener at om1/9862] INFO http.HttpServer2: Added filter static_user_filter (class=org.apache.hadoop.http.lib.StaticUserWebFilter$StaticUserFilter) to context ozoneManager
recon_1  | 2021-07-20 21:04:33,791 [Listener at 0.0.0.0/9891] INFO recovery.ReconOmMetadataManagerImpl: Starting ReconOMMetadataManagerImpl
om3_1    | 2021-07-20 21:04:44,082 [pool-23-thread-1] INFO server.RaftServerConfigKeys: raft.server.log.statemachine.data.caching.enabled = false (default)
dn2_1    | 2021-07-20 21:04:38,874 [pool-25-thread-1] INFO segmented.SegmentedRaftLogWorker: ed588059-5563-46b6-9dc9-94535956c9d0@group-33CC5B74410A-SegmentedRaftLogWorker: flushIndex: setUnconditionally 0 -> -1
dn3_1    | 2021-07-20 21:04:27,789 [pool-25-thread-1] INFO segmented.SegmentedRaftLogWorker: new 68c909d2-3a1b-4ed0-afc7-dab9bfa98037@group-B85F9BABCF46-SegmentedRaftLogWorker for RaftStorageImpl:Storage Directory /data/metadata/ratis/53821972-3b56-4db4-8cc8-b85f9babcf46
dn1_1    | 2021-07-20 21:06:24,028 [11afc263-0400-4261-ad20-33f83045be7e@group-7B2986A61938-StateMachineUpdater] INFO ratis.ContainerStateMachine: group-7B2986A61938: Taking a snapshot at:(t:2, i:2) file /data/metadata/ratis/86a24d5a-5509-4615-980d-7b2986a61938/sm/snapshot.2_2
om2_1    | 2021-07-20 21:04:43,924 [pool-23-thread-1] INFO segmented.SegmentedRaftLogWorker: om2@group-D66704EFC61C-SegmentedRaftLogWorker: safeCacheEvictIndex: setUnconditionally 0 -> -1
scm_1    | 	at org.apache.hadoop.hdds.scm.server.StorageContainerManagerStarter.startScm(StorageContainerManagerStarter.java:142)
om1_1    | 2021-07-20 21:04:45,795 [Listener at om1/9862] INFO http.HttpServer2: Added filter static_user_filter (class=org.apache.hadoop.http.lib.StaticUserWebFilter$StaticUserFilter) to context static
recon_1  | 2021-07-20 21:04:33,791 [Listener at 0.0.0.0/9891] WARN recon.ReconUtils: ozone.recon.om.db.dir is not configured. We recommend adding this setting. Falling back to ozone.metadata.dirs instead.
dn2_1    | 2021-07-20 21:04:38,878 [pool-25-thread-1] INFO segmented.SegmentedRaftLogWorker: ed588059-5563-46b6-9dc9-94535956c9d0@group-33CC5B74410A-SegmentedRaftLogWorker: safeCacheEvictIndex: setUnconditionally 0 -> -1
dn3_1    | 2021-07-20 21:04:27,789 [pool-25-thread-1] INFO server.RaftServerConfigKeys: raft.server.log.queue.byte-limit = 2147483647 (custom)
dn1_1    | 2021-07-20 21:06:24,028 [Command processor thread] INFO impl.StateMachineUpdater: 11afc263-0400-4261-ad20-33f83045be7e@group-7B2986A61938-StateMachineUpdater: set stopIndex = 2
om2_1    | 2021-07-20 21:04:44,063 [Listener at om2/9862] INFO om.OzoneManager: OzoneManager RPC server is listening at om2/10.9.0.12:9862
scm_1    | 	at org.apache.hadoop.hdds.scm.server.StorageContainerManagerStarter.call(StorageContainerManagerStarter.java:71)
om1_1    | 2021-07-20 21:04:45,795 [Listener at om1/9862] INFO http.HttpServer2: Added filter static_user_filter (class=org.apache.hadoop.http.lib.StaticUserWebFilter$StaticUserFilter) to context logs
recon_1  | 2021-07-20 21:04:33,793 [Listener at 0.0.0.0/9891] INFO tasks.ReconTaskControllerImpl: Starting Recon Task Controller.
om3_1    | 2021-07-20 21:04:44,270 [pool-23-thread-1] INFO server.RaftServer$Division: om3@group-D66704EFC61C: set configuration 0: [om1|rpc:om1:9872|admin:|client:|dataStream:|priority:0, om3|rpc:om3:9872|admin:|client:|dataStream:|priority:0, om2|rpc:om2:9872|admin:|client:|dataStream:|priority:0], old=null
dn2_1    | 2021-07-20 21:04:38,891 [pool-25-thread-1] INFO server.RaftServerConfigKeys: raft.server.snapshot.auto.trigger.enabled = true (custom)
dn3_1    | 2021-07-20 21:04:27,789 [pool-25-thread-1] INFO server.RaftServerConfigKeys: raft.server.log.queue.element-limit = 1024 (custom)
dn1_1    | 2021-07-20 21:06:24,029 [11afc263-0400-4261-ad20-33f83045be7e@group-7B2986A61938-StateMachineUpdater] INFO ratis.ContainerStateMachine: group-7B2986A61938: Finished taking a snapshot at:(t:2, i:2) file:/data/metadata/ratis/86a24d5a-5509-4615-980d-7b2986a61938/sm/snapshot.2_2 took: 1 ms
om2_1    | 2021-07-20 21:04:44,064 [Listener at om2/9862] INFO ratis.OzoneManagerRatisServer: Starting OzoneManagerRatisServer om2 at port 9872
scm_1    | 	at org.apache.hadoop.hdds.scm.server.StorageContainerManagerStarter.call(StorageContainerManagerStarter.java:47)
om1_1    | 2021-07-20 21:04:45,924 [Listener at om1/9862] INFO http.HttpServer2: Jetty bound to port 9874
recon_1  | 2021-07-20 21:04:33,795 [Listener at 0.0.0.0/9891] INFO scm.ReconStorageContainerManagerFacade: Recon ScmDatanodeProtocol RPC server is listening at /0.0.0.0:9891
om3_1    | 2021-07-20 21:04:44,418 [Listener at om3/9862] INFO impl.MetricsConfig: Loaded properties from hadoop-metrics2.properties
dn2_1    | 2021-07-20 21:04:38,892 [pool-25-thread-1] INFO server.RaftServerConfigKeys: raft.server.snapshot.auto.trigger.threshold = 10000 (custom)
dn3_1    | 2021-07-20 21:04:27,789 [pool-25-thread-1] INFO server.RaftServerConfigKeys: raft.server.log.segment.size.max = 1048576 (custom)
dn1_1    | 2021-07-20 21:06:24,029 [11afc263-0400-4261-ad20-33f83045be7e@group-7B2986A61938-StateMachineUpdater] INFO impl.StateMachineUpdater: 11afc263-0400-4261-ad20-33f83045be7e@group-7B2986A61938-StateMachineUpdater: Took a snapshot at index 2
om2_1    | 2021-07-20 21:04:44,427 [pool-23-thread-1] INFO raftlog.RaftLog: om2@group-D66704EFC61C-SegmentedRaftLog: commitIndex: updateToMax old=7, new=7, updated? false
scm_1    | 	at picocli.CommandLine.executeUserObject(CommandLine.java:1933)
om1_1    | 2021-07-20 21:04:45,925 [Listener at om1/9862] INFO server.Server: jetty-9.4.35.v20201120; built: 2020-11-20T21:17:03.964Z; git: bdc54f03a5e0a7e280fab27f55c3c75ee8da89fb; jvm 11.0.10+9-LTS
recon_1  | 2021-07-20 21:04:35,990 [Listener at 0.0.0.0/9891] INFO scm.ReconStorageContainerManagerFacade: Obtained 4 pipelines from SCM.
om3_1    | 2021-07-20 21:04:44,518 [Listener at om3/9862] INFO impl.MetricsSystemImpl: Scheduled Metric snapshot period at 10 second(s).
dn2_1    | 2021-07-20 21:04:38,892 [pool-25-thread-1] INFO server.RaftServerConfigKeys: raft.server.snapshot.retention.file.num = 5 (custom)
dn3_1    | 2021-07-20 21:04:27,790 [pool-25-thread-1] INFO server.RaftServerConfigKeys: raft.server.log.preallocated.size = 16384 (custom)
om2_1    | 2021-07-20 21:04:44,444 [pool-23-thread-1] INFO server.RaftServerConfigKeys: raft.server.snapshot.auto.trigger.enabled = true (custom)
dn1_1    | 2021-07-20 21:06:24,029 [11afc263-0400-4261-ad20-33f83045be7e@group-7B2986A61938-StateMachineUpdater] INFO impl.StateMachineUpdater: 11afc263-0400-4261-ad20-33f83045be7e@group-7B2986A61938-StateMachineUpdater: snapshotIndex: updateIncreasingly -1 -> 2
scm_1    | 	at picocli.CommandLine.access$1100(CommandLine.java:145)
om1_1    | 2021-07-20 21:04:46,006 [Listener at om1/9862] INFO server.session: DefaultSessionIdManager workerName=node0
recon_1  | 2021-07-20 21:04:35,995 [Listener at 0.0.0.0/9891] INFO scm.ReconPipelineManager: Recon has 4 pipelines in house.
om3_1    | 2021-07-20 21:04:44,537 [Listener at om3/9862] INFO impl.MetricsSystemImpl: OzoneManager metrics system started
dn2_1    | 2021-07-20 21:04:38,892 [pool-25-thread-1] INFO server.RaftServerConfigKeys: raft.server.log.purge.upto.snapshot.index = false (default)
dn3_1    | 2021-07-20 21:04:27,790 [pool-25-thread-1] INFO server.RaftServerConfigKeys: raft.server.log.force.sync.num = 128 (default)
om2_1    | 2021-07-20 21:04:44,448 [pool-23-thread-1] INFO server.RaftServerConfigKeys: raft.server.snapshot.auto.trigger.threshold = 400000 (default)
dn1_1    | 2021-07-20 21:06:24,030 [11afc263-0400-4261-ad20-33f83045be7e@group-7B2986A61938-StateMachineUpdater] INFO metrics.RatisMetrics: Unregistering Metrics Registry : ratis.state_machine.11afc263-0400-4261-ad20-33f83045be7e@group-7B2986A61938
scm_1    | 	at picocli.CommandLine$RunLast.executeUserObjectOfLastSubcommandWithSameParent(CommandLine.java:2332)
om1_1    | 2021-07-20 21:04:46,006 [Listener at om1/9862] INFO server.session: No SessionScavenger set, using defaults
recon_1  | 2021-07-20 21:04:36,136 [Listener at 0.0.0.0/9891] INFO ha.SCMHAInvocationHandler: Invoking method public abstract void org.apache.hadoop.hdds.scm.pipeline.StateManager.updatePipelineState(org.apache.hadoop.hdds.protocol.proto.HddsProtos$PipelineID,org.apache.hadoop.hdds.protocol.proto.HddsProtos$PipelineState) throws java.io.IOException on target org.apache.hadoop.hdds.scm.ha.MockSCMHAManager$MockRatisServer@6dcc7696, cost 114798.141us
om3_1    | 2021-07-20 21:04:44,648 [pool-23-thread-1] INFO segmented.LogSegment: Successfully read 9 entries from segment file /data/metadata/ratis/5cb24680-b9e7-3c90-a862-d66704efc61c/current/log_inprogress_0
dn2_1    | 2021-07-20 21:04:38,893 [pool-25-thread-1] INFO server.RaftServerConfigKeys: raft.server.retrycache.expirytime = 600000ms (custom)
dn3_1    | 2021-07-20 21:04:27,790 [pool-25-thread-1] INFO server.RaftServerConfigKeys: raft.server.log.statemachine.data.sync = true (default)
om2_1    | 2021-07-20 21:04:44,453 [pool-23-thread-1] INFO server.RaftServerConfigKeys: raft.server.snapshot.retention.file.num = -1 (default)
dn1_1    | 2021-07-20 21:06:24,030 [Command processor thread] INFO server.RaftServer$Division: 11afc263-0400-4261-ad20-33f83045be7e@group-7B2986A61938: closes. applyIndex: 2
scm_1    | 	at picocli.CommandLine$RunLast.handle(CommandLine.java:2326)
om1_1    | 2021-07-20 21:04:46,011 [Listener at om1/9862] INFO server.session: node0 Scavenging every 660000ms
recon_1  | 2021-07-20 21:04:36,147 [Listener at 0.0.0.0/9891] INFO ha.SCMHAInvocationHandler: Invoking method public abstract void org.apache.hadoop.hdds.scm.pipeline.StateManager.updatePipelineState(org.apache.hadoop.hdds.protocol.proto.HddsProtos$PipelineID,org.apache.hadoop.hdds.protocol.proto.HddsProtos$PipelineState) throws java.io.IOException on target org.apache.hadoop.hdds.scm.ha.MockSCMHAManager$MockRatisServer@6dcc7696, cost 7103.383us
om3_1    | 2021-07-20 21:04:44,678 [pool-23-thread-1] INFO segmented.SegmentedRaftLogWorker: om3@group-D66704EFC61C-SegmentedRaftLogWorker: flushIndex: setUnconditionally 0 -> 8
dn2_1    | 2021-07-20 21:04:38,893 [pool-25-thread-1] INFO server.RaftServerConfigKeys: raft.server.retrycache.statistics.expirytime = 100?s (default)
dn2_1    | 2021-07-20 21:04:38,897 [pool-25-thread-1] INFO metrics.RatisMetrics: Creating Metrics Registry : ratis.leader_election.ed588059-5563-46b6-9dc9-94535956c9d0@group-33CC5B74410A
om2_1    | 2021-07-20 21:04:44,464 [pool-23-thread-1] INFO server.RaftServerConfigKeys: raft.server.log.purge.upto.snapshot.index = true (custom)
dn1_1    | 2021-07-20 21:06:24,030 [11afc263-0400-4261-ad20-33f83045be7e@group-7B2986A61938-SegmentedRaftLogWorker] INFO segmented.SegmentedRaftLogWorker: 11afc263-0400-4261-ad20-33f83045be7e@group-7B2986A61938-SegmentedRaftLogWorker was interrupted, exiting. There are 0 tasks remaining in the queue.
scm_1    | 	at picocli.CommandLine$RunLast.handle(CommandLine.java:2291)
om1_1    | 2021-07-20 21:04:46,033 [Listener at om1/9862] INFO handler.ContextHandler: Started o.e.j.s.ServletContextHandler@15d236fd{logs,/logs,file:///var/log/hadoop/,AVAILABLE}
recon_1  | 2021-07-20 21:04:36,150 [Listener at 0.0.0.0/9891] INFO ha.SCMHAInvocationHandler: Invoking method public abstract void org.apache.hadoop.hdds.scm.pipeline.StateManager.updatePipelineState(org.apache.hadoop.hdds.protocol.proto.HddsProtos$PipelineID,org.apache.hadoop.hdds.protocol.proto.HddsProtos$PipelineState) throws java.io.IOException on target org.apache.hadoop.hdds.scm.ha.MockSCMHAManager$MockRatisServer@6dcc7696, cost 544.406us
dn2_1    | 2021-07-20 21:04:38,898 [pool-25-thread-1] INFO metrics.RatisMetrics: Creating Metrics Registry : ratis.server.ed588059-5563-46b6-9dc9-94535956c9d0@group-33CC5B74410A
dn3_1    | 2021-07-20 21:04:27,791 [pool-25-thread-1] INFO server.RaftServerConfigKeys: raft.server.log.statemachine.data.sync.timeout = 10s (default)
om3_1    | 2021-07-20 21:04:44,678 [pool-23-thread-1] INFO segmented.SegmentedRaftLogWorker: om3@group-D66704EFC61C-SegmentedRaftLogWorker: safeCacheEvictIndex: setUnconditionally 0 -> -1
om2_1    | 2021-07-20 21:04:44,471 [pool-23-thread-1] INFO server.RaftServerConfigKeys: raft.server.retrycache.expirytime = 300s (custom)
dn1_1    | 2021-07-20 21:06:24,031 [Command processor thread] INFO segmented.SegmentedRaftLogWorker: 11afc263-0400-4261-ad20-33f83045be7e@group-7B2986A61938-SegmentedRaftLogWorker close()
scm_1    | 	at picocli.CommandLine$AbstractParseResultHandler.handleParseResult(CommandLine.java:2152)
om1_1    | 2021-07-20 21:04:46,034 [Listener at om1/9862] INFO handler.ContextHandler: Started o.e.j.s.ServletContextHandler@33eb0d4{static,/static,jar:file:/opt/hadoop/share/ozone/lib/ozone-manager-1.2.0-SNAPSHOT.jar!/webapps/static,AVAILABLE}
recon_1  | 2021-07-20 21:04:36,156 [Listener at 0.0.0.0/9891] INFO ha.SCMHAInvocationHandler: Invoking method public abstract void org.apache.hadoop.hdds.scm.pipeline.StateManager.updatePipelineState(org.apache.hadoop.hdds.protocol.proto.HddsProtos$PipelineID,org.apache.hadoop.hdds.protocol.proto.HddsProtos$PipelineState) throws java.io.IOException on target org.apache.hadoop.hdds.scm.ha.MockSCMHAManager$MockRatisServer@6dcc7696, cost 943.311us
dn3_1    | 2021-07-20 21:04:27,792 [pool-25-thread-1] INFO server.RaftServerConfigKeys: raft.server.log.statemachine.data.sync.timeout.retry = -1 (default)
dn2_1    | 2021-07-20 21:04:38,908 [pool-25-thread-1] INFO server.RaftServer$Division: ed588059-5563-46b6-9dc9-94535956c9d0@group-33CC5B74410A: start as a follower, conf=-1: [ed588059-5563-46b6-9dc9-94535956c9d0|rpc:10.9.0.16:9858|priority:0, 11afc263-0400-4261-ad20-33f83045be7e|rpc:10.9.0.15:9858|priority:0, 68c909d2-3a1b-4ed0-afc7-dab9bfa98037|rpc:10.9.0.17:9858|priority:1], old=null
om3_1    | 2021-07-20 21:04:44,765 [Listener at om3/9862] INFO om.OzoneManager: OzoneManager RPC server is listening at om3/10.9.0.13:9862
om2_1    | 2021-07-20 21:04:44,483 [pool-23-thread-1] INFO server.RaftServerConfigKeys: raft.server.retrycache.statistics.expirytime = 100?s (default)
dn1_1    | 2021-07-20 21:06:24,031 [Command processor thread] INFO metrics.RatisMetrics: Unregistering Metrics Registry : ratis.log_worker.11afc263-0400-4261-ad20-33f83045be7e@group-7B2986A61938
scm_1    | 	at picocli.CommandLine.parseWithHandlers(CommandLine.java:2530)
om1_1    | 2021-07-20 21:04:46,498 [Listener at om1/9862] INFO handler.ContextHandler: Started o.e.j.w.WebAppContext@54326e9{ozoneManager,/,file:///tmp/jetty-0_0_0_0-9874-ozone-manager-1_2_0-SNAPSHOT_jar-_-any-18390709563885010127/webapp/,AVAILABLE}{jar:file:/opt/hadoop/share/ozone/lib/ozone-manager-1.2.0-SNAPSHOT.jar!/webapps/ozoneManager}
recon_1  | 2021-07-20 21:04:36,157 [Listener at 0.0.0.0/9891] INFO server.SCMDatanodeProtocolServer: RPC server for DataNodes is listening at /0.0.0.0:9891
dn3_1    | 2021-07-20 21:04:27,799 [pool-25-thread-1] INFO server.RaftServerConfigKeys: raft.server.log.write.buffer.size = 1048576 (custom)
dn2_1    | 2021-07-20 21:04:38,913 [pool-25-thread-1] INFO server.RaftServer$Division: ed588059-5563-46b6-9dc9-94535956c9d0@group-33CC5B74410A: changes role from      null to FOLLOWER at term 0 for startAsFollower
om3_1    | 2021-07-20 21:04:44,770 [Listener at om3/9862] INFO ratis.OzoneManagerRatisServer: Starting OzoneManagerRatisServer om3 at port 9872
om2_1    | 2021-07-20 21:04:44,670 [pool-23-thread-1] INFO metrics.RatisMetrics: Creating Metrics Registry : ratis.leader_election.om2@group-D66704EFC61C
dn1_1    | 2021-07-20 21:06:24,032 [Command processor thread] INFO metrics.RatisMetrics: Unregistering Metrics Registry : ratis.leader_election.11afc263-0400-4261-ad20-33f83045be7e@group-7B2986A61938
scm_1    | 	at picocli.CommandLine.parseWithHandler(CommandLine.java:2465)
om1_1    | 2021-07-20 21:04:46,531 [Listener at om1/9862] INFO server.AbstractConnector: Started ServerConnector@1eb85a47{HTTP/1.1, (http/1.1)}{0.0.0.0:9874}
om1_1    | 2021-07-20 21:04:46,535 [Listener at om1/9862] INFO server.Server: Started @52019ms
dn3_1    | 2021-07-20 21:04:27,812 [pool-25-thread-1] INFO server.RaftServerConfigKeys: raft.server.log.statemachine.data.caching.enabled = true (custom)
dn2_1    | 2021-07-20 21:04:38,914 [pool-25-thread-1] INFO impl.RoleInfo: ed588059-5563-46b6-9dc9-94535956c9d0: start ed588059-5563-46b6-9dc9-94535956c9d0@group-33CC5B74410A-FollowerState
dn2_1    | 2021-07-20 21:04:38,932 [pool-25-thread-1] INFO util.JmxRegister: Successfully registered JMX Bean with object name Ratis:service=RaftServer,group=group-33CC5B74410A,id=ed588059-5563-46b6-9dc9-94535956c9d0
om2_1    | 2021-07-20 21:04:44,692 [pool-23-thread-1] INFO metrics.RatisMetrics: Creating Metrics Registry : ratis.server.om2@group-D66704EFC61C
dn1_1    | 2021-07-20 21:06:24,032 [Command processor thread] INFO metrics.RatisMetrics: Unregistering Metrics Registry : ratis.server.11afc263-0400-4261-ad20-33f83045be7e@group-7B2986A61938
scm_1    | 	at org.apache.hadoop.hdds.cli.GenericCli.execute(GenericCli.java:96)
om1_1    | 2021-07-20 21:04:46,542 [Listener at om1/9862] INFO impl.MetricsSinkAdapter: Sink prometheus started
recon_1  | 2021-07-20 21:04:36,186 [IPC Server Responder] INFO ipc.Server: IPC Server Responder: starting
dn3_1    | 2021-07-20 21:04:27,819 [pool-25-thread-1] INFO server.RaftServer$Division: 68c909d2-3a1b-4ed0-afc7-dab9bfa98037@group-B85F9BABCF46: set configuration 0: [68c909d2-3a1b-4ed0-afc7-dab9bfa98037|rpc:10.9.0.17:9858|admin:|client:|dataStream:|priority:0], old=null
dn2_1    | 2021-07-20 21:04:38,933 [pool-25-thread-1] INFO metrics.RatisMetrics: Creating Metrics Registry : ratis.state_machine.ed588059-5563-46b6-9dc9-94535956c9d0@group-33CC5B74410A
om3_1    | 2021-07-20 21:04:44,926 [pool-23-thread-1] INFO raftlog.RaftLog: om3@group-D66704EFC61C-SegmentedRaftLog: commitIndex: updateToMax old=7, new=7, updated? false
om2_1    | 2021-07-20 21:04:44,728 [Listener at om2/9862] INFO server.RaftServer$Division: om2@group-D66704EFC61C: start as a follower, conf=0: [om1|rpc:om1:9872|admin:|client:|dataStream:|priority:0, om3|rpc:om3:9872|admin:|client:|dataStream:|priority:0, om2|rpc:om2:9872|admin:|client:|dataStream:|priority:0], old=null
dn1_1    | 2021-07-20 21:06:24,032 [Command processor thread] INFO server.RaftServer$Division: 11afc263-0400-4261-ad20-33f83045be7e@group-7B2986A61938: Succeed to remove RaftStorageDirectory Storage Directory /data/metadata/ratis/86a24d5a-5509-4615-980d-7b2986a61938
scm_1    | 	at org.apache.hadoop.hdds.cli.GenericCli.run(GenericCli.java:87)
om1_1    | 2021-07-20 21:04:46,542 [Listener at om1/9862] INFO impl.MetricsSystemImpl: Registered sink prometheus
recon_1  | 2021-07-20 21:04:36,232 [IPC Server listener on 9891] INFO ipc.Server: IPC Server listener on 9891: starting
dn3_1    | 2021-07-20 21:04:27,821 [pool-25-thread-1] INFO segmented.LogSegment: Successfully read 1 entries from segment file /data/metadata/ratis/53821972-3b56-4db4-8cc8-b85f9babcf46/current/log_inprogress_0
dn2_1    | 2021-07-20 21:04:38,934 [Command processor thread] INFO ratis.XceiverServerRatis: Created group PipelineID=a5c868f4-346d-4bc6-880c-33cc5b74410a
om3_1    | 2021-07-20 21:04:44,937 [pool-23-thread-1] INFO server.RaftServerConfigKeys: raft.server.snapshot.auto.trigger.enabled = true (custom)
om2_1    | 2021-07-20 21:04:44,734 [Listener at om2/9862] INFO server.RaftServer$Division: om2@group-D66704EFC61C: changes role from      null to FOLLOWER at term 5 for startAsFollower
dn1_1    | 2021-07-20 21:06:24,033 [Command processor thread] INFO commandhandler.ClosePipelineCommandHandler: Close Pipeline PipelineID=86a24d5a-5509-4615-980d-7b2986a61938 command on datanode 11afc263-0400-4261-ad20-33f83045be7e.
scm_1    | 	at org.apache.hadoop.hdds.scm.server.StorageContainerManagerStarter.main(StorageContainerManagerStarter.java:60)
om1_1    | 2021-07-20 21:04:46,556 [Listener at om1/9862] INFO http.BaseHttpServer: HTTP server of ozoneManager listening at http://0.0.0.0:9874
recon_1  | 2021-07-20 21:04:36,782 [Listener at 0.0.0.0/9891] INFO scm.ReconScmTask: Starting ContainerHealthTask Thread.
dn3_1    | 2021-07-20 21:04:27,824 [pool-25-thread-1] INFO segmented.SegmentedRaftLogWorker: 68c909d2-3a1b-4ed0-afc7-dab9bfa98037@group-B85F9BABCF46-SegmentedRaftLogWorker: flushIndex: setUnconditionally 0 -> 0
dn2_1    | 2021-07-20 21:04:39,106 [Command processor thread] INFO metrics.RatisMetrics: Creating Metrics Registry : ratis.client_message_metrics.client-1442DA284682->11afc263-0400-4261-ad20-33f83045be7e
dn2_1    | 2021-07-20 21:04:39,918 [ed588059-5563-46b6-9dc9-94535956c9d0@group-A33E2E9A0DB2-FollowerState] INFO impl.FollowerState: ed588059-5563-46b6-9dc9-94535956c9d0@group-A33E2E9A0DB2-FollowerState: change to CANDIDATE, lastRpcElapsedTime:5123563832ns, electionTimeout:5040ms
om2_1    | 2021-07-20 21:04:44,735 [Listener at om2/9862] INFO impl.RoleInfo: om2: start om2@group-D66704EFC61C-FollowerState
dn1_1    | 2021-07-20 21:06:24,034 [Command processor thread] INFO commandhandler.FinalizeNewLayoutVersionCommandHandler: Processing FinalizeNewLayoutVersionCommandHandler command.
scm_1    | Caused by: org.apache.hadoop.metrics2.MetricsException: Hadoop:service=LayoutVersionManager,name=HDDSLayoutVersionManager already exists!
om1_1    | 2021-07-20 21:04:46,586 [IPC Server listener on 9862] INFO ipc.Server: IPC Server listener on 9862: starting
recon_1  | 2021-07-20 21:04:36,919 [Listener at 0.0.0.0/9891] INFO scm.ReconScmTask: Starting PipelineSyncTask Thread.
dn3_1    | 2021-07-20 21:04:27,826 [pool-25-thread-1] INFO segmented.SegmentedRaftLogWorker: 68c909d2-3a1b-4ed0-afc7-dab9bfa98037@group-B85F9BABCF46-SegmentedRaftLogWorker: safeCacheEvictIndex: setUnconditionally 0 -> -1
dn2_1    | 2021-07-20 21:04:39,923 [ed588059-5563-46b6-9dc9-94535956c9d0@group-A33E2E9A0DB2-FollowerState] INFO impl.RoleInfo: ed588059-5563-46b6-9dc9-94535956c9d0: shutdown ed588059-5563-46b6-9dc9-94535956c9d0@group-A33E2E9A0DB2-FollowerState
om3_1    | 2021-07-20 21:04:44,942 [pool-23-thread-1] INFO server.RaftServerConfigKeys: raft.server.snapshot.auto.trigger.threshold = 400000 (default)
om2_1    | 2021-07-20 21:04:44,754 [Listener at om2/9862] INFO util.JmxRegister: Successfully registered JMX Bean with object name Ratis:service=RaftServer,group=group-D66704EFC61C,id=om2
dn1_1    | 2021-07-20 21:06:24,035 [Command processor thread] INFO commandhandler.FinalizeNewLayoutVersionCommandHandler: Finalize Upgrade called!
scm_1    | 	at org.apache.hadoop.metrics2.lib.DefaultMetricsSystem.newObjectName(DefaultMetricsSystem.java:131)
om1_1    | 2021-07-20 21:04:46,559 [IPC Server Responder] INFO ipc.Server: IPC Server Responder: starting
recon_1  | 2021-07-20 21:04:37,107 [PipelineSyncTask] INFO scm.ReconPipelineManager: Recon has 4 pipelines in house.
dn3_1    | 2021-07-20 21:04:27,839 [pool-25-thread-1] INFO server.RaftServerConfigKeys: raft.server.snapshot.auto.trigger.enabled = true (custom)
dn2_1    | 2021-07-20 21:04:39,927 [ed588059-5563-46b6-9dc9-94535956c9d0@group-A33E2E9A0DB2-FollowerState] INFO server.RaftServer$Division: ed588059-5563-46b6-9dc9-94535956c9d0@group-A33E2E9A0DB2: changes role from  FOLLOWER to CANDIDATE at term 1 for changeToCandidate
om3_1    | 2021-07-20 21:04:44,945 [pool-23-thread-1] INFO server.RaftServerConfigKeys: raft.server.snapshot.retention.file.num = -1 (default)
om2_1    | 2021-07-20 21:04:44,763 [Listener at om2/9862] INFO metrics.RatisMetrics: Creating Metrics Registry : ratis.state_machine.om2@group-D66704EFC61C
dn1_1    | 2021-07-20 21:06:24,036 [Command processor thread] INFO upgrade.UpgradeFinalizer: Finalization started.
scm_1    | 	... 29 more
om1_1    | 2021-07-20 21:04:46,638 [Listener at om1/9862] INFO om.OzoneManager: Trash Interval set to 0. Files deleted will not move to trash
recon_1  | 2021-07-20 21:04:37,145 [PipelineSyncTask] INFO ha.SCMHAInvocationHandler: Invoking method public abstract void org.apache.hadoop.hdds.scm.pipeline.StateManager.updatePipelineState(org.apache.hadoop.hdds.protocol.proto.HddsProtos$PipelineID,org.apache.hadoop.hdds.protocol.proto.HddsProtos$PipelineState) throws java.io.IOException on target org.apache.hadoop.hdds.scm.ha.MockSCMHAManager$MockRatisServer@6dcc7696, cost 34387.502us
dn3_1    | 2021-07-20 21:04:27,844 [pool-25-thread-1] INFO server.RaftServerConfigKeys: raft.server.snapshot.auto.trigger.threshold = 10000 (custom)
dn2_1    | 2021-07-20 21:04:39,954 [ed588059-5563-46b6-9dc9-94535956c9d0@group-A33E2E9A0DB2-FollowerState] INFO server.RaftServerConfigKeys: raft.server.leaderelection.pre-vote = false (custom)
om3_1    | 2021-07-20 21:04:44,948 [pool-23-thread-1] INFO server.RaftServerConfigKeys: raft.server.log.purge.upto.snapshot.index = true (custom)
om2_1    | 2021-07-20 21:04:44,778 [Listener at om2/9862] INFO server.RaftServer: om2: start RPC server
dn1_1    | 2021-07-20 21:06:24,037 [Command processor thread] INFO upgrade.UpgradeFinalizer: No onFinalize work defined for feature: DATANODE_SCHEMA_V2.
scm_1    | 2021-07-20 21:04:32,801 [Listener at 0.0.0.0/9860] INFO reflections.Reflections: Reflections took 80 ms to scan 3 urls, producing 103 keys and 210 values 
om1_1    | 2021-07-20 21:04:46,698 [org.apache.hadoop.util.JvmPauseMonitor$Monitor@5ebbde60] INFO util.JvmPauseMonitor: Starting JVM pause monitor
recon_1  | 2021-07-20 21:04:37,172 [PipelineSyncTask] INFO ha.SCMHAInvocationHandler: Invoking method public abstract void org.apache.hadoop.hdds.scm.pipeline.StateManager.updatePipelineState(org.apache.hadoop.hdds.protocol.proto.HddsProtos$PipelineID,org.apache.hadoop.hdds.protocol.proto.HddsProtos$PipelineState) throws java.io.IOException on target org.apache.hadoop.hdds.scm.ha.MockSCMHAManager$MockRatisServer@6dcc7696, cost 3977.746us
dn3_1    | 2021-07-20 21:04:27,847 [pool-25-thread-1] INFO server.RaftServerConfigKeys: raft.server.snapshot.retention.file.num = 5 (custom)
dn2_1    | 2021-07-20 21:04:39,958 [ed588059-5563-46b6-9dc9-94535956c9d0@group-A33E2E9A0DB2-FollowerState] INFO impl.RoleInfo: ed588059-5563-46b6-9dc9-94535956c9d0: start ed588059-5563-46b6-9dc9-94535956c9d0@group-A33E2E9A0DB2-LeaderElection1
om3_1    | 2021-07-20 21:04:44,951 [pool-23-thread-1] INFO server.RaftServerConfigKeys: raft.server.retrycache.expirytime = 300s (custom)
om2_1    | 2021-07-20 21:04:45,005 [Listener at om2/9862] INFO server.GrpcService: om2: GrpcService started, listening on 9872
dn1_1    | 2021-07-20 21:06:24,038 [Command processor thread] INFO upgrade.UpgradeFinalizer: No onFinalize work defined for feature: SCM_HA.
scm_1    | 2021-07-20 21:04:32,806 [Listener at 0.0.0.0/9860] INFO upgrade.HDDSLayoutVersionManager: Registering Upgrade Action : ScmHAUnfinalizedStateValidationAction
om1_1    | 2021-07-20 21:04:49,557 [om1@group-D66704EFC61C-FollowerState] INFO impl.FollowerState: om1@group-D66704EFC61C-FollowerState: change to CANDIDATE, lastRpcElapsedTime:5072427565ns, electionTimeout:5060ms
recon_1  | 2021-07-20 21:04:37,172 [PipelineSyncTask] INFO ha.SCMHAInvocationHandler: Invoking method public abstract void org.apache.hadoop.hdds.scm.pipeline.StateManager.updatePipelineState(org.apache.hadoop.hdds.protocol.proto.HddsProtos$PipelineID,org.apache.hadoop.hdds.protocol.proto.HddsProtos$PipelineState) throws java.io.IOException on target org.apache.hadoop.hdds.scm.ha.MockSCMHAManager$MockRatisServer@6dcc7696, cost 320.304us
dn3_1    | 2021-07-20 21:04:27,847 [pool-25-thread-1] INFO server.RaftServerConfigKeys: raft.server.log.purge.upto.snapshot.index = false (default)
dn2_1    | 2021-07-20 21:04:40,017 [ed588059-5563-46b6-9dc9-94535956c9d0@group-49E57BE89840-FollowerState] INFO impl.FollowerState: ed588059-5563-46b6-9dc9-94535956c9d0@group-49E57BE89840-FollowerState: change to CANDIDATE, lastRpcElapsedTime:5177314657ns, electionTimeout:5124ms
om3_1    | 2021-07-20 21:04:44,955 [pool-23-thread-1] INFO server.RaftServerConfigKeys: raft.server.retrycache.statistics.expirytime = 100?s (default)
om2_1    | 2021-07-20 21:04:45,022 [Listener at om2/9862] INFO om.OzoneManager: Version File has different layout version (0) than OM DB (null). That is expected if this OM has never been finalized to a newer layout version.
scm_1    | 2021-07-20 21:04:32,807 [Listener at 0.0.0.0/9860] INFO upgrade.HDDSLayoutVersionManager: Registering Upgrade Action : DatanodeSchemaV2FinalizeAction
recon_1  | 2021-07-20 21:04:37,183 [PipelineSyncTask] INFO ha.SCMHAInvocationHandler: Invoking method public abstract void org.apache.hadoop.hdds.scm.pipeline.StateManager.updatePipelineState(org.apache.hadoop.hdds.protocol.proto.HddsProtos$PipelineID,org.apache.hadoop.hdds.protocol.proto.HddsProtos$PipelineState) throws java.io.IOException on target org.apache.hadoop.hdds.scm.ha.MockSCMHAManager$MockRatisServer@6dcc7696, cost 349.605us
dn3_1    | 2021-07-20 21:04:27,848 [pool-25-thread-1] INFO server.RaftServerConfigKeys: raft.server.retrycache.expirytime = 600000ms (custom)
dn2_1    | 2021-07-20 21:04:40,052 [ed588059-5563-46b6-9dc9-94535956c9d0@group-49E57BE89840-FollowerState] INFO impl.RoleInfo: ed588059-5563-46b6-9dc9-94535956c9d0: shutdown ed588059-5563-46b6-9dc9-94535956c9d0@group-49E57BE89840-FollowerState
om3_1    | 2021-07-20 21:04:45,027 [pool-23-thread-1] INFO metrics.RatisMetrics: Creating Metrics Registry : ratis.leader_election.om3@group-D66704EFC61C
om2_1    | 2021-07-20 21:04:45,027 [org.apache.ratis.util.JvmPauseMonitor$$Lambda$393/0x000000084052fc40@3c28e5b6] INFO util.JvmPauseMonitor: JvmPauseMonitor-om2: Started
dn1_1    | 2021-07-20 21:06:24,039 [Command processor thread] INFO upgrade.UpgradeFinalizer: Finalization is done.
om1_1    | 2021-07-20 21:04:49,558 [om1@group-D66704EFC61C-FollowerState] INFO impl.RoleInfo: om1: shutdown om1@group-D66704EFC61C-FollowerState
scm_1    | 2021-07-20 21:04:32,808 [Listener at 0.0.0.0/9860] INFO upgrade.HDDSLayoutVersionManager: Registering Upgrade Action : ScmOnFinalizeActionForDatanodeSchemaV2
recon_1  | 2021-07-20 21:04:37,204 [PipelineSyncTask] INFO scm.PipelineSyncTask: Pipeline sync Thread took 213 milliseconds.
dn3_1    | 2021-07-20 21:04:27,848 [pool-25-thread-1] INFO server.RaftServerConfigKeys: raft.server.retrycache.statistics.expirytime = 100?s (default)
dn2_1    | 2021-07-20 21:04:40,053 [ed588059-5563-46b6-9dc9-94535956c9d0@group-49E57BE89840-FollowerState] INFO server.RaftServer$Division: ed588059-5563-46b6-9dc9-94535956c9d0@group-49E57BE89840: changes role from  FOLLOWER to CANDIDATE at term 1 for changeToCandidate
dn2_1    | 2021-07-20 21:04:40,055 [ed588059-5563-46b6-9dc9-94535956c9d0@group-49E57BE89840-FollowerState] INFO server.RaftServerConfigKeys: raft.server.leaderelection.pre-vote = false (custom)
dn2_1    | 2021-07-20 21:04:40,055 [ed588059-5563-46b6-9dc9-94535956c9d0@group-49E57BE89840-FollowerState] INFO impl.RoleInfo: ed588059-5563-46b6-9dc9-94535956c9d0: start ed588059-5563-46b6-9dc9-94535956c9d0@group-49E57BE89840-LeaderElection2
dn2_1    | 2021-07-20 21:04:40,056 [ed588059-5563-46b6-9dc9-94535956c9d0@group-A33E2E9A0DB2-LeaderElection1] INFO impl.LeaderElection: ed588059-5563-46b6-9dc9-94535956c9d0@group-A33E2E9A0DB2-LeaderElection1 ELECTION round 0: submit vote requests at term 2 for 0: [ed588059-5563-46b6-9dc9-94535956c9d0|rpc:10.9.0.16:9858|admin:|client:|dataStream:|priority:0, 68c909d2-3a1b-4ed0-afc7-dab9bfa98037|rpc:10.9.0.17:9858|admin:|client:|dataStream:|priority:0, 11afc263-0400-4261-ad20-33f83045be7e|rpc:10.9.0.15:9858|admin:|client:|dataStream:|priority:0], old=null
dn2_1    | 2021-07-20 21:04:40,197 [ed588059-5563-46b6-9dc9-94535956c9d0@group-49E57BE89840-LeaderElection2] INFO impl.LeaderElection: ed588059-5563-46b6-9dc9-94535956c9d0@group-49E57BE89840-LeaderElection2 ELECTION round 0: submit vote requests at term 2 for 0: [ed588059-5563-46b6-9dc9-94535956c9d0|rpc:10.9.0.16:9858|admin:|client:|dataStream:|priority:0], old=null
dn2_1    | 2021-07-20 21:04:40,243 [ed588059-5563-46b6-9dc9-94535956c9d0@group-49E57BE89840-LeaderElection2] INFO impl.LeaderElection: ed588059-5563-46b6-9dc9-94535956c9d0@group-49E57BE89840-LeaderElection2 ELECTION round 0: result PASSED (term=2)
recon_1  | 2021-07-20 21:04:37,345 [ContainerHealthTask] INFO fsck.ContainerHealthTask: Container Health task thread took 410 milliseconds to process 0 existing database records.
om3_1    | 2021-07-20 21:04:45,041 [pool-23-thread-1] INFO metrics.RatisMetrics: Creating Metrics Registry : ratis.server.om3@group-D66704EFC61C
scm_1    | 2021-07-20 21:04:32,809 [Listener at 0.0.0.0/9860] INFO upgrade.HDDSLayoutVersionManager: Registering Upgrade Action : ScmHAFirstUpgradeLayoutChangeAction
scm_1    | 2021-07-20 21:04:32,809 [Listener at 0.0.0.0/9860] INFO upgrade.UpgradeFinalizer: Running first upgrade commands for unfinalized layout features.
scm_1    | 2021-07-20 21:04:32,809 [Listener at 0.0.0.0/9860] INFO server.StorageContainerManager: StorageContainerLocationProtocol RPC server is listening at /0.0.0.0:9860
scm_1    | 2021-07-20 21:04:33,057 [Listener at 0.0.0.0/9860] INFO impl.MetricsConfig: Loaded properties from hadoop-metrics2.properties
scm_1    | 2021-07-20 21:04:33,103 [Listener at 0.0.0.0/9860] INFO impl.MetricsSystemImpl: Scheduled Metric snapshot period at 10 second(s).
dn3_1    | 2021-07-20 21:04:27,848 [pool-25-thread-1] INFO metrics.RatisMetrics: Creating Metrics Registry : ratis.leader_election.68c909d2-3a1b-4ed0-afc7-dab9bfa98037@group-B85F9BABCF46
dn3_1    | 2021-07-20 21:04:27,849 [pool-25-thread-1] INFO metrics.RatisMetrics: Creating Metrics Registry : ratis.server.68c909d2-3a1b-4ed0-afc7-dab9bfa98037@group-B85F9BABCF46
dn2_1    | 2021-07-20 21:04:40,248 [ed588059-5563-46b6-9dc9-94535956c9d0@group-49E57BE89840-LeaderElection2] INFO impl.RoleInfo: ed588059-5563-46b6-9dc9-94535956c9d0: shutdown ed588059-5563-46b6-9dc9-94535956c9d0@group-49E57BE89840-LeaderElection2
dn1_1    | 2021-07-20 21:06:24,039 [Command processor thread] INFO commandhandler.FinalizeNewLayoutVersionCommandHandler: Processing FinalizeNewLayoutVersionCommandHandler command.
om1_1    | 2021-07-20 21:04:49,558 [om1@group-D66704EFC61C-FollowerState] INFO server.RaftServer$Division: om1@group-D66704EFC61C: changes role from  FOLLOWER to CANDIDATE at term 5 for changeToCandidate
om2_1    | 2021-07-20 21:04:45,159 [Listener at om2/9862] INFO http.BaseHttpServer: Starting Web-server for ozoneManager at: http://0.0.0.0:9874
om3_1    | 2021-07-20 21:04:45,068 [Listener at om3/9862] INFO server.RaftServer$Division: om3@group-D66704EFC61C: start as a follower, conf=0: [om1|rpc:om1:9872|admin:|client:|dataStream:|priority:0, om3|rpc:om3:9872|admin:|client:|dataStream:|priority:0, om2|rpc:om2:9872|admin:|client:|dataStream:|priority:0], old=null
recon_1  | 2021-07-20 21:04:37,512 [ContainerHealthTask] INFO fsck.ContainerHealthTask: Container Health task thread took 149 milliseconds for processing 0 containers.
dn3_1    | 2021-07-20 21:04:28,254 [main] INFO handler.ContextHandler: Started o.e.j.w.WebAppContext@372461a9{hddsDatanode,/,file:///tmp/jetty-0_0_0_0-9882-hdds-container-service-1_2_0-SNAPSHOT_jar-_-any-11263761083479887811/webapp/,AVAILABLE}{jar:file:/opt/hadoop/share/ozone/lib/hdds-container-service-1.2.0-SNAPSHOT.jar!/webapps/hddsDatanode}
scm_1    | 2021-07-20 21:04:33,103 [Listener at 0.0.0.0/9860] INFO impl.MetricsSystemImpl: StorageContainerManager metrics system started
dn2_1    | 2021-07-20 21:04:40,325 [ed588059-5563-46b6-9dc9-94535956c9d0@group-49E57BE89840-LeaderElection2] INFO server.RaftServer$Division: ed588059-5563-46b6-9dc9-94535956c9d0@group-49E57BE89840: changes role from CANDIDATE to LEADER at term 2 for changeToLeader
dn1_1    | 2021-07-20 21:06:24,039 [Command processor thread] INFO commandhandler.FinalizeNewLayoutVersionCommandHandler: Processing FinalizeNewLayoutVersionCommandHandler command.
om2_1    | 2021-07-20 21:04:45,160 [Listener at om2/9862] INFO http.BaseHttpServer: Hadoop Security Enabled: false Ozone Security Enabled: false Ozone HTTP Security Enabled: false 
om3_1    | 2021-07-20 21:04:45,071 [Listener at om3/9862] INFO server.RaftServer$Division: om3@group-D66704EFC61C: changes role from      null to FOLLOWER at term 5 for startAsFollower
om1_1    | 2021-07-20 21:04:49,563 [om1@group-D66704EFC61C-FollowerState] INFO server.RaftServerConfigKeys: raft.server.leaderelection.pre-vote = false (custom)
recon_1  | 2021-07-20 21:05:33,795 [pool-16-thread-1] INFO impl.OzoneManagerServiceProviderImpl: Syncing data from Ozone Manager.
recon_1  | 2021-07-20 21:05:33,795 [pool-16-thread-1] INFO impl.OzoneManagerServiceProviderImpl: Obtaining full snapshot from Ozone Manager
dn3_1    | 2021-07-20 21:04:28,332 [main] INFO server.AbstractConnector: Started ServerConnector@ab2e6d2{HTTP/1.1, (http/1.1)}{0.0.0.0:9882}
dn3_1    | 2021-07-20 21:04:28,334 [main] INFO server.Server: Started @36143ms
dn3_1    | 2021-07-20 21:04:28,353 [main] INFO impl.MetricsSinkAdapter: Sink prometheus started
dn3_1    | 2021-07-20 21:04:28,353 [main] INFO impl.MetricsSystemImpl: Registered sink prometheus
dn3_1    | 2021-07-20 21:04:28,355 [main] INFO http.BaseHttpServer: HTTP server of hddsDatanode listening at http://0.0.0.0:9882
dn3_1    | 2021-07-20 21:04:28,428 [Datanode State Machine Thread - 0] INFO upgrade.UpgradeFinalizer: Running pre-finalized state validations for unfinalized layout features.
dn2_1    | 2021-07-20 21:04:40,352 [ed588059-5563-46b6-9dc9-94535956c9d0@group-49E57BE89840-LeaderElection2] INFO ratis.XceiverServerRatis: Leader change notification received for group: group-49E57BE89840 with new leaderId: ed588059-5563-46b6-9dc9-94535956c9d0
om2_1    | 2021-07-20 21:04:45,248 [Listener at om2/9862] INFO util.log: Logging initialized @50697ms to org.eclipse.jetty.util.log.Slf4jLog
om3_1    | 2021-07-20 21:04:45,072 [Listener at om3/9862] INFO impl.RoleInfo: om3: start om3@group-D66704EFC61C-FollowerState
dn1_1    | 2021-07-20 21:06:24,039 [Command processor thread] INFO commandhandler.FinalizeNewLayoutVersionCommandHandler: Processing FinalizeNewLayoutVersionCommandHandler command.
recon_1  | 2021-07-20 21:05:34,220 [pool-16-thread-1] INFO impl.OzoneManagerServiceProviderImpl: Got new checkpoint from OM : /data/metadata/om.snapshot.db_1626815133795
scm_1    | 2021-07-20 21:04:33,587 [Listener at 0.0.0.0/9860] INFO server.SCMClientProtocolServer: RPC server for Client  is listening at /0.0.0.0:9860
scm_1    | 2021-07-20 21:04:33,590 [IPC Server Responder] INFO ipc.Server: IPC Server Responder: starting
scm_1    | 2021-07-20 21:04:33,596 [IPC Server listener on 9860] INFO ipc.Server: IPC Server listener on 9860: starting
dn3_1    | 2021-07-20 21:04:28,432 [Datanode State Machine Thread - 0] INFO upgrade.UpgradeFinalizer: Running first upgrade commands for unfinalized layout features.
dn3_1    | 2021-07-20 21:04:28,432 [Datanode State Machine Thread - 0] INFO upgrade.UpgradeFinalizer: Executing first upgrade start action ScmHAFirstUpgradeLayoutChangeAction
dn2_1    | 2021-07-20 21:04:40,355 [ed588059-5563-46b6-9dc9-94535956c9d0@group-49E57BE89840-LeaderElection2] INFO server.RaftServer$Division: ed588059-5563-46b6-9dc9-94535956c9d0@group-49E57BE89840: change Leader from null to ed588059-5563-46b6-9dc9-94535956c9d0 at term 2 for becomeLeader, leader elected after 13892ms
dn1_1    | 2021-07-20 21:06:24,039 [Command processor thread] INFO commandhandler.FinalizeNewLayoutVersionCommandHandler: Processing FinalizeNewLayoutVersionCommandHandler command.
recon_1  | 2021-07-20 21:05:34,231 [pool-16-thread-1] INFO codec.OmKeyInfoCodec: OmKeyInfoCodec ignorePipeline = true
scm_1    | 2021-07-20 21:04:33,856 [Listener at 0.0.0.0/9860] INFO server.StorageContainerManager: ScmBlockLocationProtocol RPC server is listening at /0.0.0.0:9863
dn3_1    | 2021-07-20 21:04:28,432 [Datanode State Machine Thread - 0] INFO upgrade.ScmHAFirstUpgradeLayoutChangeAction: Upgrade Datanode container layout for SCM HA support.
om3_1    | 2021-07-20 21:04:45,081 [Listener at om3/9862] INFO util.JmxRegister: Successfully registered JMX Bean with object name Ratis:service=RaftServer,group=group-D66704EFC61C,id=om3
om2_1    | 2021-07-20 21:04:45,876 [Listener at om2/9862] INFO server.AuthenticationFilter: Unable to initialize FileSignerSecretProvider, falling back to use random secrets.
om1_1    | 2021-07-20 21:04:49,563 [om1@group-D66704EFC61C-FollowerState] INFO impl.RoleInfo: om1: start om1@group-D66704EFC61C-LeaderElection1
dn2_1    | 2021-07-20 21:04:40,355 [Datanode State Machine Thread - 0] WARN statemachine.StateContext: No available thread in pool for past 30 seconds.
dn1_1    | 2021-07-20 21:06:55,003 [Command processor thread] INFO commandhandler.FinalizeNewLayoutVersionCommandHandler: Processing FinalizeNewLayoutVersionCommandHandler command.
recon_1  | 2021-07-20 21:05:34,232 [pool-16-thread-1] INFO codec.RepeatedOmKeyInfoCodec: RepeatedOmKeyInfoCodec ignorePipeline = true
scm_1    | 2021-07-20 21:04:33,858 [Listener at 0.0.0.0/9860] INFO server.SCMBlockProtocolServer: RPC server for Block Protocol is listening at /0.0.0.0:9863
dn3_1    | 2021-07-20 21:04:28,504 [org.apache.hadoop.util.JvmPauseMonitor$Monitor@23c23e68] INFO util.JvmPauseMonitor: Starting JVM pause monitor
om3_1    | 2021-07-20 21:04:45,094 [Listener at om3/9862] INFO metrics.RatisMetrics: Creating Metrics Registry : ratis.state_machine.om3@group-D66704EFC61C
om2_1    | 2021-07-20 21:04:45,906 [Listener at om2/9862] INFO http.HttpRequestLog: Http request log for http.requests.ozoneManager is not defined
om1_1    | 2021-07-20 21:04:49,609 [om1@group-D66704EFC61C-LeaderElection1] INFO impl.LeaderElection: om1@group-D66704EFC61C-LeaderElection1 ELECTION round 0: submit vote requests at term 6 for 0: [om1|rpc:om1:9872|admin:|client:|dataStream:|priority:0, om3|rpc:om3:9872|admin:|client:|dataStream:|priority:0, om2|rpc:om2:9872|admin:|client:|dataStream:|priority:0], old=null
dn2_1    | 2021-07-20 21:04:40,399 [ed588059-5563-46b6-9dc9-94535956c9d0@group-49E57BE89840-LeaderElection2] INFO server.RaftServerConfigKeys: raft.server.staging.catchup.gap = 1000 (default)
dn1_1    | 2021-07-20 21:07:24,863 [pool-25-thread-1] INFO server.RaftServer$Division: 11afc263-0400-4261-ad20-33f83045be7e: new RaftServerImpl for group-7E54FCD47A5B:[ed588059-5563-46b6-9dc9-94535956c9d0|rpc:10.9.0.16:9858|dataStream:|priority:1, 68c909d2-3a1b-4ed0-afc7-dab9bfa98037|rpc:10.9.0.17:9858|dataStream:|priority:0, 11afc263-0400-4261-ad20-33f83045be7e|rpc:10.9.0.15:9858|dataStream:|priority:0] with ContainerStateMachine:uninitialized
recon_1  | 2021-07-20 21:05:34,320 [pool-16-thread-1] INFO recovery.ReconOmMetadataManagerImpl: Created OM DB handle from snapshot at /data/metadata/om.snapshot.db_1626815133795.
scm_1    | 2021-07-20 21:04:33,859 [IPC Server Responder] INFO ipc.Server: IPC Server Responder: starting
dn3_1    | 2021-07-20 21:04:31,828 [EndpointStateMachine task thread for scm/10.9.0.14:9861 - 0 ] INFO ipc.Client: Retrying connect to server: scm/10.9.0.14:9861. Already tried 0 time(s); retry policy is RetryUpToMaximumCountWithFixedSleep(maxRetries=15, sleepTime=1000 MILLISECONDS)
om3_1    | 2021-07-20 21:04:45,096 [Listener at om3/9862] INFO server.RaftServer: om3: start RPC server
om2_1    | 2021-07-20 21:04:45,923 [Listener at om2/9862] INFO http.HttpServer2: Added global filter 'safety' (class=org.apache.hadoop.hdds.server.http.HttpServer2$QuotingInputFilter)
om1_1    | 2021-07-20 21:04:51,010 [grpc-default-executor-0] INFO metrics.RatisMetrics: Creating Metrics Registry : ratis.server_message_metrics.om1
dn2_1    | 2021-07-20 21:04:40,445 [ed588059-5563-46b6-9dc9-94535956c9d0@group-49E57BE89840-LeaderElection2] INFO metrics.RatisMetrics: Creating Metrics Registry : ratis.log_appender.ed588059-5563-46b6-9dc9-94535956c9d0@group-49E57BE89840
dn1_1    | 2021-07-20 21:07:24,863 [pool-25-thread-1] INFO server.RaftServerConfigKeys: raft.server.rpc.timeout.min = 5s (custom)
recon_1  | 2021-07-20 21:05:34,346 [pool-16-thread-1] INFO impl.OzoneManagerServiceProviderImpl: Calling reprocess on Recon tasks.
scm_1    | 2021-07-20 21:04:33,859 [IPC Server listener on 9863] INFO ipc.Server: IPC Server listener on 9863: starting
dn3_1    | 2021-07-20 21:04:32,830 [EndpointStateMachine task thread for scm/10.9.0.14:9861 - 0 ] INFO ipc.Client: Retrying connect to server: scm/10.9.0.14:9861. Already tried 1 time(s); retry policy is RetryUpToMaximumCountWithFixedSleep(maxRetries=15, sleepTime=1000 MILLISECONDS)
om3_1    | 2021-07-20 21:04:45,362 [Listener at om3/9862] INFO server.GrpcService: om3: GrpcService started, listening on 9872
om2_1    | 2021-07-20 21:04:45,940 [Listener at om2/9862] INFO http.HttpServer2: Added filter static_user_filter (class=org.apache.hadoop.http.lib.StaticUserWebFilter$StaticUserFilter) to context ozoneManager
om1_1    | 2021-07-20 21:04:51,017 [grpc-default-executor-0] INFO server.RaftServer$Division: om1@group-D66704EFC61C: receive requestVote(ELECTION, om2, group-D66704EFC61C, 6, (t:5, i:8))
dn2_1    | 2021-07-20 21:04:40,467 [ed588059-5563-46b6-9dc9-94535956c9d0@group-49E57BE89840-LeaderElection2] INFO server.RaftServerConfigKeys: raft.server.write.element-limit = 1024 (custom)
dn1_1    | 2021-07-20 21:07:24,863 [pool-25-thread-1] INFO server.RaftServerConfigKeys: raft.server.rpc.timeout.max = 5200ms (custom)
recon_1  | 2021-07-20 21:05:34,418 [pool-17-thread-1] INFO tasks.NSSummaryTask: Completed a reprocess run of NSSummaryTask
scm_1    | 2021-07-20 21:04:33,932 [Listener at 0.0.0.0/9860] INFO server.StorageContainerManager: ScmDatanodeProtocl RPC server is listening at /0.0.0.0:9861
dn3_1    | 2021-07-20 21:04:34,298 [EndpointStateMachine task thread for scm/10.9.0.14:9861 - 0 ] INFO ozoneimpl.OzoneContainer: Attempting to start container services.
om3_1    | 2021-07-20 21:04:45,375 [Listener at om3/9862] INFO om.OzoneManager: Version File has different layout version (0) than OM DB (null). That is expected if this OM has never been finalized to a newer layout version.
om2_1    | 2021-07-20 21:04:45,967 [Listener at om2/9862] INFO http.HttpServer2: Added filter static_user_filter (class=org.apache.hadoop.http.lib.StaticUserWebFilter$StaticUserFilter) to context static
om1_1    | 2021-07-20 21:04:51,019 [grpc-default-executor-0] INFO impl.VoteContext: om1@group-D66704EFC61C-CANDIDATE: reject ELECTION from om2: already has voted for om1 at current term 6
dn2_1    | 2021-07-20 21:04:40,499 [ed588059-5563-46b6-9dc9-94535956c9d0@group-49E57BE89840-LeaderElection2] INFO server.RaftServerConfigKeys: raft.server.write.byte-limit = 1073741824 (custom)
dn1_1    | 2021-07-20 21:07:24,863 [pool-25-thread-1] INFO server.RaftServerConfigKeys: raft.server.rpc.sleep.time = 25ms (default)
recon_1  | 2021-07-20 21:05:34,710 [pool-17-thread-1] INFO tasks.TableCountTask: Completed a 'reprocess' run of TableCountTask.
scm_1    | 2021-07-20 21:04:33,934 [Listener at 0.0.0.0/9860] INFO server.SCMDatanodeProtocolServer: RPC server for DataNodes is listening at /0.0.0.0:9861
dn3_1    | 2021-07-20 21:04:34,304 [EndpointStateMachine task thread for scm/10.9.0.14:9861 - 0 ] INFO ozoneimpl.OzoneContainer: Background container scanner has been disabled.
om3_1    | 2021-07-20 21:04:45,388 [org.apache.ratis.util.JvmPauseMonitor$$Lambda$393/0x000000084052fc40@7d3691e1] INFO util.JvmPauseMonitor: JvmPauseMonitor-om3: Started
om2_1    | 2021-07-20 21:04:45,967 [Listener at om2/9862] INFO http.HttpServer2: Added filter static_user_filter (class=org.apache.hadoop.http.lib.StaticUserWebFilter$StaticUserFilter) to context logs
om1_1    | 2021-07-20 21:04:51,037 [grpc-default-executor-0] INFO server.RaftServer$Division: om1@group-D66704EFC61C replies to ELECTION vote request: om2<-om1#0:FAIL-t6. Peer's state: om1@group-D66704EFC61C:t6, leader=null, voted=om1, raftlog=om1@group-D66704EFC61C-SegmentedRaftLog:OPENED:c7,f8,i8, conf=0: [om1|rpc:om1:9872|admin:|client:|dataStream:|priority:0, om3|rpc:om3:9872|admin:|client:|dataStream:|priority:0, om2|rpc:om2:9872|admin:|client:|dataStream:|priority:0], old=null
dn2_1    | 2021-07-20 21:04:40,599 [ed588059-5563-46b6-9dc9-94535956c9d0@group-49E57BE89840-LeaderElection2] INFO server.RaftServerConfigKeys: raft.server.watch.timeout = 180s (custom)
dn1_1    | 2021-07-20 21:07:24,863 [pool-25-thread-1] INFO server.RaftServerConfigKeys: raft.server.rpc.slowness.timeout = 300s (custom)
recon_1  | 2021-07-20 21:05:34,710 [pool-17-thread-1] INFO tasks.ContainerKeyMapperTask: Starting a 'reprocess' run of ContainerKeyMapperTask.
scm_1    | 2021-07-20 21:04:33,935 [IPC Server Responder] INFO ipc.Server: IPC Server Responder: starting
dn3_1    | 2021-07-20 21:04:34,595 [EndpointStateMachine task thread for scm/10.9.0.14:9861 - 0 ] INFO ratis.XceiverServerRatis: Starting XceiverServerRatis 68c909d2-3a1b-4ed0-afc7-dab9bfa98037
om3_1    | 2021-07-20 21:04:45,555 [Listener at om3/9862] INFO http.BaseHttpServer: Starting Web-server for ozoneManager at: http://0.0.0.0:9874
om2_1    | 2021-07-20 21:04:46,260 [Listener at om2/9862] INFO http.HttpServer2: Jetty bound to port 9874
om1_1    | 2021-07-20 21:04:51,175 [grpc-default-executor-0] INFO server.RaftServer$Division: om1@group-D66704EFC61C: receive requestVote(ELECTION, om3, group-D66704EFC61C, 6, (t:5, i:8))
