scm_1         | 2021-07-20 20:01:08,604 [Listener at 0.0.0.0/9860] INFO http.BaseHttpServer: Hadoop Security Enabled: false Ozone Security Enabled: false Ozone HTTP Security Enabled: false 
scm_1         | 2021-07-20 20:01:08,666 [Listener at 0.0.0.0/9860] INFO util.log: Logging initialized @33897ms to org.eclipse.jetty.util.log.Slf4jLog
scm_1         | 2021-07-20 20:01:08,931 [Listener at 0.0.0.0/9860] INFO server.AuthenticationFilter: Unable to initialize FileSignerSecretProvider, falling back to use random secrets.
scm_1         | 2021-07-20 20:01:08,938 [Listener at 0.0.0.0/9860] INFO http.HttpRequestLog: Http request log for http.requests.scm is not defined
scm_1         | 2021-07-20 20:01:08,961 [Listener at 0.0.0.0/9860] INFO http.HttpServer2: Added global filter 'safety' (class=org.apache.hadoop.hdds.server.http.HttpServer2$QuotingInputFilter)
scm_1         | 2021-07-20 20:01:08,963 [Listener at 0.0.0.0/9860] INFO http.HttpServer2: Added filter static_user_filter (class=org.apache.hadoop.http.lib.StaticUserWebFilter$StaticUserFilter) to context scm
scm_1         | 2021-07-20 20:01:08,969 [Listener at 0.0.0.0/9860] INFO http.HttpServer2: Added filter static_user_filter (class=org.apache.hadoop.http.lib.StaticUserWebFilter$StaticUserFilter) to context static
scm_1         | 2021-07-20 20:01:08,970 [Listener at 0.0.0.0/9860] INFO http.HttpServer2: Added filter static_user_filter (class=org.apache.hadoop.http.lib.StaticUserWebFilter$StaticUserFilter) to context logs
scm_1         | 2021-07-20 20:01:09,552 [Listener at 0.0.0.0/9860] WARN http.BaseHttpServer: /prof java profiling servlet is activated. Not safe for production!
scm_1         | 2021-07-20 20:01:09,598 [Listener at 0.0.0.0/9860] INFO http.HttpServer2: Jetty bound to port 9876
scm_1         | 2021-07-20 20:01:09,635 [Listener at 0.0.0.0/9860] INFO server.Server: jetty-9.4.35.v20201120; built: 2020-11-20T21:17:03.964Z; git: bdc54f03a5e0a7e280fab27f55c3c75ee8da89fb; jvm 11.0.10+9-LTS
scm_1         | 2021-07-20 20:01:09,954 [Listener at 0.0.0.0/9860] INFO server.session: DefaultSessionIdManager workerName=node0
scm_1         | 2021-07-20 20:01:09,954 [Listener at 0.0.0.0/9860] INFO server.session: No SessionScavenger set, using defaults
scm_1         | 2021-07-20 20:01:09,974 [Listener at 0.0.0.0/9860] INFO server.session: node0 Scavenging every 600000ms
scm_1         | 2021-07-20 20:01:10,170 [Listener at 0.0.0.0/9860] INFO handler.ContextHandler: Started o.e.j.s.ServletContextHandler@fb42c1c{logs,/logs,file:///var/log/hadoop/,AVAILABLE}
scm_1         | 2021-07-20 20:01:10,188 [Listener at 0.0.0.0/9860] INFO handler.ContextHandler: Started o.e.j.s.ServletContextHandler@299ddfff{static,/static,jar:file:/opt/hadoop/share/ozone/lib/hdds-server-scm-1.2.0-SNAPSHOT.jar!/webapps/static,AVAILABLE}
scm_1         | 2021-07-20 20:01:11,664 [IPC Server handler 6 on default port 9861] INFO net.NetworkTopologyImpl: Added a new node: /rack2/d4bf832d-6a55-4f63-ac82-66366f09ea6c
scm_1         | 2021-07-20 20:01:11,712 [IPC Server handler 2 on default port 9861] INFO net.NetworkTopologyImpl: Added a new node: /rack1/8bd1eb6f-afb3-4d7c-9291-51caa131c448
scm_1         | 2021-07-20 20:01:11,712 [IPC Server handler 2 on default port 9861] INFO node.SCMNodeManager: Registered Data node : 8bd1eb6f-afb3-4d7c-9291-51caa131c448{ip: 10.5.0.6, host: ozone-topology_datanode_3_1.ozone-topology_net, ports: [REPLICATION=9886, RATIS=9858, RATIS_ADMIN=9857, RATIS_SERVER=9856, STANDALONE=9859], networkLocation: /rack1, certSerialId: null, persistedOpState: null, persistedOpStateExpiryEpochSec: 0}
scm_1         | 2021-07-20 20:01:11,667 [IPC Server handler 6 on default port 9861] INFO node.SCMNodeManager: Registered Data node : d4bf832d-6a55-4f63-ac82-66366f09ea6c{ip: 10.5.0.8, host: ozone-topology_datanode_5_1.ozone-topology_net, ports: [REPLICATION=9886, RATIS=9858, RATIS_ADMIN=9857, RATIS_SERVER=9856, STANDALONE=9859], networkLocation: /rack2, certSerialId: null, persistedOpState: null, persistedOpStateExpiryEpochSec: 0}
scm_1         | 2021-07-20 20:01:11,690 [IPC Server handler 1 on default port 9861] INFO net.NetworkTopologyImpl: Added a new node: /rack2/aae7bff8-acb1-40d7-935b-f66bca5ed710
scm_1         | 2021-07-20 20:01:11,744 [IPC Server handler 1 on default port 9861] INFO node.SCMNodeManager: Registered Data node : aae7bff8-acb1-40d7-935b-f66bca5ed710{ip: 10.5.0.7, host: ozone-topology_datanode_4_1.ozone-topology_net, ports: [REPLICATION=9886, RATIS=9858, RATIS_ADMIN=9857, RATIS_SERVER=9856, STANDALONE=9859], networkLocation: /rack2, certSerialId: null, persistedOpState: null, persistedOpStateExpiryEpochSec: 0}
scm_1         | 2021-07-20 20:01:11,851 [IPC Server handler 5 on default port 9861] INFO net.NetworkTopologyImpl: Added a new node: /rack2/ae62fccc-a09c-43b0-a60c-fbe2662ecb20
scm_1         | 2021-07-20 20:01:11,851 [IPC Server handler 5 on default port 9861] INFO node.SCMNodeManager: Registered Data node : ae62fccc-a09c-43b0-a60c-fbe2662ecb20{ip: 10.5.0.9, host: ozone-topology_datanode_6_1.ozone-topology_net, ports: [REPLICATION=9886, RATIS=9858, RATIS_ADMIN=9857, RATIS_SERVER=9856, STANDALONE=9859], networkLocation: /rack2, certSerialId: null, persistedOpState: null, persistedOpStateExpiryEpochSec: 0}
scm_1         | 2021-07-20 20:01:11,862 [Listener at 0.0.0.0/9860] INFO handler.ContextHandler: Started o.e.j.w.WebAppContext@7b6b466a{scm,/,file:///tmp/jetty-0_0_0_0-9876-hdds-server-scm-1_2_0-SNAPSHOT_jar-_-any-3876374654233304672/webapp/,AVAILABLE}{jar:file:/opt/hadoop/share/ozone/lib/hdds-server-scm-1.2.0-SNAPSHOT.jar!/webapps/scm}
scm_1         | 2021-07-20 20:01:11,923 [EventQueue-NodeRegistrationContainerReportForDataNodeSafeModeRule] INFO safemode.SCMSafeModeManager: SCM in safe mode. 1 DataNodes registered, 4 required.
scm_1         | 2021-07-20 20:01:11,924 [EventQueue-NodeRegistrationContainerReportForContainerSafeModeRule] INFO safemode.SCMSafeModeManager: ContainerSafeModeRule rule is successfully validated
scm_1         | 2021-07-20 20:01:11,972 [EventQueue-NodeRegistrationContainerReportForDataNodeSafeModeRule] INFO safemode.SCMSafeModeManager: SCM in safe mode. 2 DataNodes registered, 4 required.
scm_1         | 2021-07-20 20:01:11,972 [EventQueue-NodeRegistrationContainerReportForDataNodeSafeModeRule] INFO safemode.SCMSafeModeManager: SCM in safe mode. 3 DataNodes registered, 4 required.
scm_1         | 2021-07-20 20:01:11,961 [EventQueue-NewNodeForNewNodeHandler] INFO pipeline.BackgroundPipelineCreator: trigger a one-shot run on RatisPipelineUtilsThread.
scm_1         | 2021-07-20 20:01:11,997 [EventQueue-NewNodeForNewNodeHandler] INFO pipeline.BackgroundPipelineCreator: trigger a one-shot run on RatisPipelineUtilsThread.
scm_1         | 2021-07-20 20:01:11,997 [EventQueue-NewNodeForNewNodeHandler] INFO pipeline.BackgroundPipelineCreator: trigger a one-shot run on RatisPipelineUtilsThread.
scm_1         | 2021-07-20 20:01:11,998 [EventQueue-NewNodeForNewNodeHandler] INFO pipeline.BackgroundPipelineCreator: trigger a one-shot run on RatisPipelineUtilsThread.
scm_1         | 2021-07-20 20:01:11,998 [EventQueue-NodeRegistrationContainerReportForDataNodeSafeModeRule] INFO safemode.SCMSafeModeManager: SCM in safe mode. 4 DataNodes registered, 4 required.
scm_1         | 2021-07-20 20:01:12,027 [IPC Server handler 0 on default port 9861] INFO net.NetworkTopologyImpl: Added a new node: /rack1/3edd33b2-ef31-4321-a0c0-96d7c59855ef
scm_1         | 2021-07-20 20:01:12,028 [IPC Server handler 0 on default port 9861] INFO node.SCMNodeManager: Registered Data node : 3edd33b2-ef31-4321-a0c0-96d7c59855ef{ip: 10.5.0.5, host: ozone-topology_datanode_2_1.ozone-topology_net, ports: [REPLICATION=9886, RATIS=9858, RATIS_ADMIN=9857, RATIS_SERVER=9856, STANDALONE=9859], networkLocation: /rack1, certSerialId: null, persistedOpState: null, persistedOpStateExpiryEpochSec: 0}
datanode_1_1  | 2021-07-20 20:01:22,308 [pool-22-thread-1] INFO server.RaftServerConfigKeys: raft.server.log.preallocated.size = 16384 (custom)
datanode_1_1  | 2021-07-20 20:01:22,308 [pool-22-thread-1] INFO server.RaftServerConfigKeys: raft.server.log.force.sync.num = 128 (default)
datanode_1_1  | 2021-07-20 20:01:22,308 [pool-22-thread-1] INFO server.RaftServerConfigKeys: raft.server.log.statemachine.data.sync = true (default)
datanode_1_1  | 2021-07-20 20:01:22,308 [pool-22-thread-1] INFO server.RaftServerConfigKeys: raft.server.log.statemachine.data.sync.timeout = 10s (default)
datanode_1_1  | 2021-07-20 20:01:22,309 [pool-22-thread-1] INFO server.RaftServerConfigKeys: raft.server.log.statemachine.data.sync.timeout.retry = -1 (default)
datanode_1_1  | 2021-07-20 20:01:22,309 [pool-22-thread-1] INFO server.RaftServerConfigKeys: raft.server.log.write.buffer.size = 1048576 (custom)
datanode_1_1  | 2021-07-20 20:01:22,314 [pool-22-thread-1] INFO server.RaftServerConfigKeys: raft.server.log.statemachine.data.caching.enabled = true (custom)
datanode_1_1  | 2021-07-20 20:01:22,315 [pool-22-thread-1] INFO segmented.SegmentedRaftLogWorker: 625ec44f-1721-43da-8544-31b9bb14fba1@group-1AA1A1F92228-SegmentedRaftLogWorker: flushIndex: setUnconditionally 0 -> -1
datanode_1_1  | 2021-07-20 20:01:22,316 [pool-22-thread-1] INFO segmented.SegmentedRaftLogWorker: 625ec44f-1721-43da-8544-31b9bb14fba1@group-1AA1A1F92228-SegmentedRaftLogWorker: safeCacheEvictIndex: setUnconditionally 0 -> -1
datanode_1_1  | 2021-07-20 20:01:22,327 [pool-22-thread-1] INFO server.RaftServerConfigKeys: raft.server.snapshot.auto.trigger.enabled = true (custom)
datanode_1_1  | 2021-07-20 20:01:22,328 [pool-22-thread-1] INFO server.RaftServerConfigKeys: raft.server.snapshot.auto.trigger.threshold = 10000 (custom)
datanode_1_1  | 2021-07-20 20:01:22,328 [pool-22-thread-1] INFO server.RaftServerConfigKeys: raft.server.snapshot.retention.file.num = 5 (custom)
om_1          | 2021-07-20 20:01:29,744 [pool-23-thread-1] INFO server.RaftServer$Division: om1@group-C5BA1605619E: ConfigurationManager, init=-1: [om1|rpc:om:9872|priority:0], old=null, confs=<EMPTY_MAP>
om_1          | 2021-07-20 20:01:29,757 [pool-23-thread-1] INFO server.RaftServerConfigKeys: raft.server.storage.dir = [/data/metadata/ratis] (custom)
om_1          | 2021-07-20 20:01:29,765 [pool-23-thread-1] INFO server.RaftServerConfigKeys: raft.server.log.corruption.policy = EXCEPTION (default)
om_1          | 2021-07-20 20:01:29,767 [pool-23-thread-1] INFO storage.RaftStorageDirectory: The storage directory /data/metadata/ratis/bf265839-605b-3f16-9796-c5ba1605619e does not exist. Creating ...
om_1          | 2021-07-20 20:01:29,767 [main] INFO ipc.CallQueueManager: Using callQueue: class java.util.concurrent.LinkedBlockingQueue, queueCapacity: 10000, scheduler: class org.apache.hadoop.ipc.DefaultRpcScheduler, ipcBackoff: false.
om_1          | 2021-07-20 20:01:29,803 [pool-23-thread-1] INFO storage.RaftStorageDirectory: Lock on /data/metadata/ratis/bf265839-605b-3f16-9796-c5ba1605619e/in_use.lock acquired by nodename 7@0bdb95418f91
om_1          | 2021-07-20 20:01:29,828 [Socket Reader #1 for port 9862] INFO ipc.Server: Starting Socket Reader #1 for port 9862
om_1          | 2021-07-20 20:01:29,859 [pool-23-thread-1] INFO storage.RaftStorage: Storage directory /data/metadata/ratis/bf265839-605b-3f16-9796-c5ba1605619e has been successfully formatted.
om_1          | 2021-07-20 20:01:29,869 [pool-23-thread-1] INFO server.RaftServerConfigKeys: raft.server.notification.no-leader.timeout = 120s (custom)
om_1          | 2021-07-20 20:01:29,878 [pool-23-thread-1] INFO server.RaftServerConfigKeys: raft.server.log.use.memory = false (default)
om_1          | 2021-07-20 20:01:29,896 [pool-23-thread-1] INFO server.RaftServerConfigKeys: raft.server.log.purge.gap = 1000000 (custom)
om_1          | 2021-07-20 20:01:29,896 [pool-23-thread-1] INFO server.RaftServerConfigKeys: raft.server.log.appender.buffer.byte-limit = 33554432 (custom)
om_1          | 2021-07-20 20:01:29,919 [pool-23-thread-1] INFO metrics.RatisMetrics: Creating Metrics Registry : ratis.log_worker.om1@group-C5BA1605619E
om_1          | 2021-07-20 20:01:29,951 [pool-23-thread-1] INFO server.RaftServerConfigKeys: raft.server.log.segment.size.max = 4194304 (custom)
om_1          | 2021-07-20 20:01:29,984 [pool-23-thread-1] INFO server.RaftServerConfigKeys: raft.server.log.segment.cache.num.max = 2 (custom)
om_1          | 2021-07-20 20:01:29,986 [pool-23-thread-1] INFO server.RaftServerConfigKeys: raft.server.log.segment.cache.size.max = 200MB (=209715200) (default)
om_1          | 2021-07-20 20:01:30,004 [pool-23-thread-1] INFO segmented.SegmentedRaftLogWorker: new om1@group-C5BA1605619E-SegmentedRaftLogWorker for RaftStorageImpl:Storage Directory /data/metadata/ratis/bf265839-605b-3f16-9796-c5ba1605619e
om_1          | 2021-07-20 20:01:30,005 [pool-23-thread-1] INFO server.RaftServerConfigKeys: raft.server.log.queue.byte-limit = 64MB (=67108864) (default)
om_1          | 2021-07-20 20:01:30,006 [pool-23-thread-1] INFO server.RaftServerConfigKeys: raft.server.log.queue.element-limit = 4096 (default)
om_1          | 2021-07-20 20:01:30,010 [pool-23-thread-1] INFO server.RaftServerConfigKeys: raft.server.log.segment.size.max = 4194304 (custom)
om_1          | 2021-07-20 20:01:30,012 [pool-23-thread-1] INFO server.RaftServerConfigKeys: raft.server.log.preallocated.size = 4194304 (custom)
om_1          | 2021-07-20 20:01:30,013 [pool-23-thread-1] INFO server.RaftServerConfigKeys: raft.server.log.force.sync.num = 128 (default)
om_1          | 2021-07-20 20:01:30,020 [pool-23-thread-1] INFO server.RaftServerConfigKeys: raft.server.log.statemachine.data.sync = true (default)
om_1          | 2021-07-20 20:01:30,022 [pool-23-thread-1] INFO server.RaftServerConfigKeys: raft.server.log.statemachine.data.sync.timeout = 10s (default)
om_1          | 2021-07-20 20:01:30,022 [pool-23-thread-1] INFO server.RaftServerConfigKeys: raft.server.log.statemachine.data.sync.timeout.retry = -1 (default)
om_1          | 2021-07-20 20:01:30,047 [pool-23-thread-1] INFO server.RaftServerConfigKeys: raft.server.log.write.buffer.size = 64KB (=65536) (default)
om_1          | 2021-07-20 20:01:30,050 [pool-23-thread-1] INFO server.RaftServerConfigKeys: raft.server.log.statemachine.data.caching.enabled = false (default)
om_1          | 2021-07-20 20:01:30,087 [pool-23-thread-1] INFO segmented.SegmentedRaftLogWorker: om1@group-C5BA1605619E-SegmentedRaftLogWorker: flushIndex: setUnconditionally 0 -> -1
om_1          | 2021-07-20 20:01:30,087 [pool-23-thread-1] INFO segmented.SegmentedRaftLogWorker: om1@group-C5BA1605619E-SegmentedRaftLogWorker: safeCacheEvictIndex: setUnconditionally 0 -> -1
om_1          | 2021-07-20 20:01:30,107 [pool-23-thread-1] INFO server.RaftServerConfigKeys: raft.server.snapshot.auto.trigger.enabled = true (custom)
om_1          | 2021-07-20 20:01:30,112 [pool-23-thread-1] INFO server.RaftServerConfigKeys: raft.server.snapshot.auto.trigger.threshold = 400000 (default)
datanode_3_1  | 2021-07-20 20:01:18,269 [pool-22-thread-1] INFO impl.RoleInfo: 8bd1eb6f-afb3-4d7c-9291-51caa131c448: start 8bd1eb6f-afb3-4d7c-9291-51caa131c448@group-52C1918122AD-FollowerState
datanode_3_1  | 2021-07-20 20:01:18,269 [pool-22-thread-1] INFO util.JmxRegister: Successfully registered JMX Bean with object name Ratis:service=RaftServer,group=group-52C1918122AD,id=8bd1eb6f-afb3-4d7c-9291-51caa131c448
datanode_3_1  | 2021-07-20 20:01:18,270 [pool-22-thread-1] INFO metrics.RatisMetrics: Creating Metrics Registry : ratis.state_machine.8bd1eb6f-afb3-4d7c-9291-51caa131c448@group-52C1918122AD
datanode_3_1  | 2021-07-20 20:01:19,143 [Command processor thread] INFO metrics.RatisMetrics: Creating Metrics Registry : ratis.client_message_metrics.client-00B17550557B->aae7bff8-acb1-40d7-935b-f66bca5ed710
datanode_3_1  | 2021-07-20 20:01:20,736 [8bd1eb6f-afb3-4d7c-9291-51caa131c448@group-D936648D4BE2-FollowerState] INFO impl.FollowerState: 8bd1eb6f-afb3-4d7c-9291-51caa131c448@group-D936648D4BE2-FollowerState: change to CANDIDATE, lastRpcElapsedTime:5045581717ns, electionTimeout:5010ms
datanode_3_1  | 2021-07-20 20:01:20,737 [8bd1eb6f-afb3-4d7c-9291-51caa131c448@group-D936648D4BE2-FollowerState] INFO impl.RoleInfo: 8bd1eb6f-afb3-4d7c-9291-51caa131c448: shutdown 8bd1eb6f-afb3-4d7c-9291-51caa131c448@group-D936648D4BE2-FollowerState
datanode_3_1  | 2021-07-20 20:01:20,737 [8bd1eb6f-afb3-4d7c-9291-51caa131c448@group-D936648D4BE2-FollowerState] INFO server.RaftServer$Division: 8bd1eb6f-afb3-4d7c-9291-51caa131c448@group-D936648D4BE2: changes role from  FOLLOWER to CANDIDATE at term 0 for changeToCandidate
datanode_3_1  | 2021-07-20 20:01:20,740 [8bd1eb6f-afb3-4d7c-9291-51caa131c448@group-D936648D4BE2-FollowerState] INFO server.RaftServerConfigKeys: raft.server.leaderelection.pre-vote = false (custom)
datanode_6_1  | 2021-07-20 20:01:15,254 [pool-22-thread-1] INFO server.RaftServerConfigKeys: raft.server.log.segment.cache.size.max = 200MB (=209715200) (default)
datanode_6_1  | 2021-07-20 20:01:15,285 [pool-22-thread-1] INFO segmented.SegmentedRaftLogWorker: new ae62fccc-a09c-43b0-a60c-fbe2662ecb20@group-67642F18656C-SegmentedRaftLogWorker for RaftStorageImpl:Storage Directory /data/metadata/ratis/891db6df-a211-4be1-a876-67642f18656c
datanode_6_1  | 2021-07-20 20:01:15,304 [pool-22-thread-1] INFO server.RaftServerConfigKeys: raft.server.log.queue.byte-limit = 2147483647 (custom)
datanode_6_1  | 2021-07-20 20:01:15,306 [pool-22-thread-1] INFO server.RaftServerConfigKeys: raft.server.log.queue.element-limit = 1024 (custom)
datanode_6_1  | 2021-07-20 20:01:15,307 [pool-22-thread-1] INFO server.RaftServerConfigKeys: raft.server.log.segment.size.max = 1048576 (custom)
datanode_6_1  | 2021-07-20 20:01:15,309 [pool-22-thread-1] INFO server.RaftServerConfigKeys: raft.server.log.preallocated.size = 16384 (custom)
datanode_6_1  | 2021-07-20 20:01:15,309 [pool-22-thread-1] INFO server.RaftServerConfigKeys: raft.server.log.force.sync.num = 128 (default)
datanode_6_1  | 2021-07-20 20:01:15,310 [pool-22-thread-1] INFO server.RaftServerConfigKeys: raft.server.log.statemachine.data.sync = true (default)
datanode_6_1  | 2021-07-20 20:01:15,316 [pool-22-thread-1] INFO server.RaftServerConfigKeys: raft.server.log.statemachine.data.sync.timeout = 10s (default)
datanode_6_1  | 2021-07-20 20:01:15,317 [pool-22-thread-1] INFO server.RaftServerConfigKeys: raft.server.log.statemachine.data.sync.timeout.retry = -1 (default)
datanode_6_1  | 2021-07-20 20:01:15,374 [pool-22-thread-1] INFO server.RaftServerConfigKeys: raft.server.log.write.buffer.size = 1048576 (custom)
datanode_6_1  | 2021-07-20 20:01:15,396 [pool-22-thread-1] INFO server.RaftServerConfigKeys: raft.server.log.statemachine.data.caching.enabled = true (custom)
datanode_6_1  | 2021-07-20 20:01:15,453 [pool-22-thread-1] INFO segmented.SegmentedRaftLogWorker: ae62fccc-a09c-43b0-a60c-fbe2662ecb20@group-67642F18656C-SegmentedRaftLogWorker: flushIndex: setUnconditionally 0 -> -1
datanode_6_1  | 2021-07-20 20:01:15,456 [pool-22-thread-1] INFO segmented.SegmentedRaftLogWorker: ae62fccc-a09c-43b0-a60c-fbe2662ecb20@group-67642F18656C-SegmentedRaftLogWorker: safeCacheEvictIndex: setUnconditionally 0 -> -1
datanode_6_1  | 2021-07-20 20:01:15,482 [pool-22-thread-1] INFO server.RaftServerConfigKeys: raft.server.snapshot.auto.trigger.enabled = true (custom)
datanode_6_1  | 2021-07-20 20:01:15,492 [pool-22-thread-1] INFO server.RaftServerConfigKeys: raft.server.snapshot.auto.trigger.threshold = 10000 (custom)
datanode_6_1  | 2021-07-20 20:01:15,507 [pool-22-thread-1] INFO server.RaftServerConfigKeys: raft.server.snapshot.retention.file.num = 5 (custom)
datanode_6_1  | 2021-07-20 20:01:15,508 [pool-22-thread-1] INFO server.RaftServerConfigKeys: raft.server.log.purge.upto.snapshot.index = false (default)
datanode_6_1  | 2021-07-20 20:01:15,510 [pool-22-thread-1] INFO server.RaftServerConfigKeys: raft.server.retrycache.expirytime = 600000ms (custom)
datanode_6_1  | 2021-07-20 20:01:15,510 [pool-22-thread-1] INFO server.RaftServerConfigKeys: raft.server.retrycache.statistics.expirytime = 100?s (default)
datanode_6_1  | 2021-07-20 20:01:15,623 [pool-22-thread-1] INFO metrics.RatisMetrics: Creating Metrics Registry : ratis.leader_election.ae62fccc-a09c-43b0-a60c-fbe2662ecb20@group-67642F18656C
datanode_6_1  | 2021-07-20 20:01:15,629 [pool-22-thread-1] INFO metrics.RatisMetrics: Creating Metrics Registry : ratis.server.ae62fccc-a09c-43b0-a60c-fbe2662ecb20@group-67642F18656C
datanode_5_1  | 2021-07-20 20:01:20,353 [pool-22-thread-1] INFO server.RaftServer$Division: d4bf832d-6a55-4f63-ac82-66366f09ea6c: new RaftServerImpl for group-52C1918122AD:[8bd1eb6f-afb3-4d7c-9291-51caa131c448|rpc:10.5.0.6:9856|admin:10.5.0.6:9857|client:10.5.0.6:9858|dataStream:|priority:0, 3edd33b2-ef31-4321-a0c0-96d7c59855ef|rpc:10.5.0.5:9856|admin:10.5.0.5:9857|client:10.5.0.5:9858|dataStream:|priority:0, d4bf832d-6a55-4f63-ac82-66366f09ea6c|rpc:10.5.0.8:9856|admin:10.5.0.8:9857|client:10.5.0.8:9858|dataStream:|priority:1] with ContainerStateMachine:uninitialized
datanode_5_1  | 2021-07-20 20:01:20,401 [pool-22-thread-1] INFO server.RaftServerConfigKeys: raft.server.rpc.timeout.min = 5s (custom)
datanode_5_1  | 2021-07-20 20:01:20,414 [pool-22-thread-1] INFO server.RaftServerConfigKeys: raft.server.rpc.timeout.max = 5200ms (custom)
datanode_5_1  | 2021-07-20 20:01:20,415 [pool-22-thread-1] INFO server.RaftServerConfigKeys: raft.server.rpc.sleep.time = 25ms (default)
datanode_4_1  | 2021-07-20 20:01:21,866 [pool-22-thread-1] INFO server.RaftServerConfigKeys: raft.server.snapshot.auto.trigger.threshold = 10000 (custom)
datanode_2_1  | 	at java.base/java.lang.Thread.sleep(Thread.java:339)
datanode_2_1  | 	at java.base/java.util.concurrent.TimeUnit.sleep(TimeUnit.java:446)
datanode_2_1  | 	at org.apache.ratis.util.TimeDuration.sleep(TimeDuration.java:324)
datanode_5_1  | 2021-07-20 20:01:20,415 [pool-22-thread-1] INFO server.RaftServerConfigKeys: raft.server.rpc.slowness.timeout = 300s (custom)
datanode_5_1  | 2021-07-20 20:01:20,415 [pool-22-thread-1] INFO server.RaftServerConfigKeys: raft.server.leaderelection.leader.step-down.wait-time = 10s (default)
datanode_5_1  | 2021-07-20 20:01:20,417 [pool-22-thread-1] INFO server.RaftServerConfigKeys: raft.server.sleep.deviation.threshold = 300ms (default)
datanode_5_1  | 2021-07-20 20:01:20,418 [pool-22-thread-1] INFO server.RaftServerConfigKeys: raft.server.log.appender.install.snapshot.enabled = false (custom)
datanode_5_1  | 2021-07-20 20:01:20,460 [pool-22-thread-1] INFO server.RaftServer$Division: d4bf832d-6a55-4f63-ac82-66366f09ea6c@group-52C1918122AD: ConfigurationManager, init=-1: [8bd1eb6f-afb3-4d7c-9291-51caa131c448|rpc:10.5.0.6:9856|admin:10.5.0.6:9857|client:10.5.0.6:9858|dataStream:|priority:0, 3edd33b2-ef31-4321-a0c0-96d7c59855ef|rpc:10.5.0.5:9856|admin:10.5.0.5:9857|client:10.5.0.5:9858|dataStream:|priority:0, d4bf832d-6a55-4f63-ac82-66366f09ea6c|rpc:10.5.0.8:9856|admin:10.5.0.8:9857|client:10.5.0.8:9858|dataStream:|priority:1], old=null, confs=<EMPTY_MAP>
datanode_6_1  | 2021-07-20 20:01:15,667 [pool-22-thread-1] INFO server.RaftServer$Division: ae62fccc-a09c-43b0-a60c-fbe2662ecb20@group-67642F18656C: start as a follower, conf=-1: [ae62fccc-a09c-43b0-a60c-fbe2662ecb20|rpc:10.5.0.9:9856|admin:10.5.0.9:9857|client:10.5.0.9:9858|priority:1], old=null
datanode_6_1  | 2021-07-20 20:01:15,688 [pool-22-thread-1] INFO server.RaftServer$Division: ae62fccc-a09c-43b0-a60c-fbe2662ecb20@group-67642F18656C: changes role from      null to FOLLOWER at term 0 for startAsFollower
datanode_6_1  | 2021-07-20 20:01:15,689 [pool-22-thread-1] INFO impl.RoleInfo: ae62fccc-a09c-43b0-a60c-fbe2662ecb20: start ae62fccc-a09c-43b0-a60c-fbe2662ecb20@group-67642F18656C-FollowerState
om_1          | 2021-07-20 20:01:30,115 [pool-23-thread-1] INFO server.RaftServerConfigKeys: raft.server.snapshot.retention.file.num = -1 (default)
om_1          | 2021-07-20 20:01:30,116 [pool-23-thread-1] INFO server.RaftServerConfigKeys: raft.server.log.purge.upto.snapshot.index = true (custom)
datanode_2_1  | 	at org.apache.ratis.util.TimeDuration.sleep(TimeDuration.java:309)
datanode_2_1  | 	at org.apache.ratis.server.impl.FollowerState.run(FollowerState.java:118)
datanode_2_1  | 2021-07-20 20:01:27,493 [grpc-default-executor-1] INFO impl.RoleInfo: 3edd33b2-ef31-4321-a0c0-96d7c59855ef: start 3edd33b2-ef31-4321-a0c0-96d7c59855ef@group-1AA1A1F92228-FollowerState
datanode_1_1  | 2021-07-20 20:01:22,329 [pool-22-thread-1] INFO server.RaftServerConfigKeys: raft.server.log.purge.upto.snapshot.index = false (default)
datanode_1_1  | 2021-07-20 20:01:22,334 [pool-22-thread-1] INFO server.RaftServerConfigKeys: raft.server.retrycache.expirytime = 600000ms (custom)
datanode_6_1  | 2021-07-20 20:01:15,754 [pool-22-thread-1] INFO util.JmxRegister: Successfully registered JMX Bean with object name Ratis:service=RaftServer,group=group-67642F18656C,id=ae62fccc-a09c-43b0-a60c-fbe2662ecb20
datanode_6_1  | 2021-07-20 20:01:15,756 [pool-22-thread-1] INFO metrics.RatisMetrics: Creating Metrics Registry : ratis.state_machine.ae62fccc-a09c-43b0-a60c-fbe2662ecb20@group-67642F18656C
om_1          | 2021-07-20 20:01:30,122 [pool-23-thread-1] INFO server.RaftServerConfigKeys: raft.server.retrycache.expirytime = 300s (custom)
datanode_4_1  | 2021-07-20 20:01:21,874 [pool-22-thread-1] INFO server.RaftServerConfigKeys: raft.server.snapshot.retention.file.num = 5 (custom)
datanode_4_1  | 2021-07-20 20:01:21,877 [pool-22-thread-1] INFO server.RaftServerConfigKeys: raft.server.log.purge.upto.snapshot.index = false (default)
datanode_4_1  | 2021-07-20 20:01:21,934 [pool-22-thread-1] INFO server.RaftServerConfigKeys: raft.server.retrycache.expirytime = 600000ms (custom)
datanode_4_1  | 2021-07-20 20:01:21,937 [pool-22-thread-1] INFO server.RaftServerConfigKeys: raft.server.retrycache.statistics.expirytime = 100?s (default)
datanode_4_1  | 2021-07-20 20:01:22,143 [pool-22-thread-1] INFO metrics.RatisMetrics: Creating Metrics Registry : ratis.leader_election.aae7bff8-acb1-40d7-935b-f66bca5ed710@group-D936648D4BE2
datanode_4_1  | 2021-07-20 20:01:22,212 [pool-22-thread-1] INFO metrics.RatisMetrics: Creating Metrics Registry : ratis.server.aae7bff8-acb1-40d7-935b-f66bca5ed710@group-D936648D4BE2
datanode_4_1  | 2021-07-20 20:01:22,263 [grpc-default-executor-0] INFO server.RaftServer$Division: aae7bff8-acb1-40d7-935b-f66bca5ed710@group-D936648D4BE2: receive requestVote(ELECTION, 8bd1eb6f-afb3-4d7c-9291-51caa131c448, group-D936648D4BE2, 1, (t:0, i:0))
datanode_3_1  | 2021-07-20 20:01:20,740 [8bd1eb6f-afb3-4d7c-9291-51caa131c448@group-D936648D4BE2-FollowerState] INFO impl.RoleInfo: 8bd1eb6f-afb3-4d7c-9291-51caa131c448: start 8bd1eb6f-afb3-4d7c-9291-51caa131c448@group-D936648D4BE2-LeaderElection1
datanode_3_1  | 2021-07-20 20:01:20,745 [8bd1eb6f-afb3-4d7c-9291-51caa131c448@group-D936648D4BE2-LeaderElection1] INFO impl.LeaderElection: 8bd1eb6f-afb3-4d7c-9291-51caa131c448@group-D936648D4BE2-LeaderElection1 ELECTION round 0: submit vote requests at term 1 for -1: [aae7bff8-acb1-40d7-935b-f66bca5ed710|rpc:10.5.0.7:9856|admin:10.5.0.7:9857|client:10.5.0.7:9858|priority:0, 8bd1eb6f-afb3-4d7c-9291-51caa131c448|rpc:10.5.0.6:9856|admin:10.5.0.6:9857|client:10.5.0.6:9858|priority:1, ae62fccc-a09c-43b0-a60c-fbe2662ecb20|rpc:10.5.0.9:9856|admin:10.5.0.9:9857|client:10.5.0.9:9858|priority:0], old=null
datanode_1_1  | 2021-07-20 20:01:22,342 [pool-22-thread-1] INFO server.RaftServerConfigKeys: raft.server.retrycache.statistics.expirytime = 100?s (default)
datanode_1_1  | 2021-07-20 20:01:22,344 [pool-22-thread-1] INFO metrics.RatisMetrics: Creating Metrics Registry : ratis.leader_election.625ec44f-1721-43da-8544-31b9bb14fba1@group-1AA1A1F92228
datanode_1_1  | 2021-07-20 20:01:22,345 [pool-22-thread-1] INFO metrics.RatisMetrics: Creating Metrics Registry : ratis.server.625ec44f-1721-43da-8544-31b9bb14fba1@group-1AA1A1F92228
datanode_1_1  | 2021-07-20 20:01:22,352 [pool-22-thread-1] INFO server.RaftServer$Division: 625ec44f-1721-43da-8544-31b9bb14fba1@group-1AA1A1F92228: start as a follower, conf=-1: [aae7bff8-acb1-40d7-935b-f66bca5ed710|rpc:10.5.0.7:9856|admin:10.5.0.7:9857|client:10.5.0.7:9858|priority:1, 3edd33b2-ef31-4321-a0c0-96d7c59855ef|rpc:10.5.0.5:9856|admin:10.5.0.5:9857|client:10.5.0.5:9858|priority:0, 625ec44f-1721-43da-8544-31b9bb14fba1|rpc:10.5.0.4:9856|admin:10.5.0.4:9857|client:10.5.0.4:9858|priority:0], old=null
datanode_5_1  | 2021-07-20 20:01:20,462 [pool-22-thread-1] INFO server.RaftServerConfigKeys: raft.server.storage.dir = [/data/metadata/ratis] (custom)
datanode_6_1  | 2021-07-20 20:01:15,818 [Command processor thread] INFO ratis.XceiverServerRatis: Created group PipelineID=891db6df-a211-4be1-a876-67642f18656c
datanode_6_1  | 2021-07-20 20:01:15,825 [Command processor thread] INFO commandhandler.CreatePipelineCommandHandler: Created Pipeline RATIS ONE PipelineID=891db6df-a211-4be1-a876-67642f18656c.
datanode_6_1  | 2021-07-20 20:01:15,828 [Command processor thread] INFO server.RaftServer: ae62fccc-a09c-43b0-a60c-fbe2662ecb20: addNew group-EB23AEDD487C:[625ec44f-1721-43da-8544-31b9bb14fba1|rpc:10.5.0.4:9856|admin:10.5.0.4:9857|client:10.5.0.4:9858|priority:1, d4bf832d-6a55-4f63-ac82-66366f09ea6c|rpc:10.5.0.8:9856|admin:10.5.0.8:9857|client:10.5.0.8:9858|priority:0, ae62fccc-a09c-43b0-a60c-fbe2662ecb20|rpc:10.5.0.9:9856|admin:10.5.0.9:9857|client:10.5.0.9:9858|priority:0] returns group-EB23AEDD487C:java.util.concurrent.CompletableFuture@77ffcfb7[Not completed]
datanode_4_1  | 2021-07-20 20:01:22,291 [grpc-default-executor-0] WARN server.GrpcServerProtocolService: aae7bff8-acb1-40d7-935b-f66bca5ed710: Failed requestVote 8bd1eb6f-afb3-4d7c-9291-51caa131c448->aae7bff8-acb1-40d7-935b-f66bca5ed710#0: org.apache.ratis.protocol.exceptions.ServerNotReadyException: aae7bff8-acb1-40d7-935b-f66bca5ed710@group-D936648D4BE2 is not in [RUNNING]: current state is NEW
datanode_4_1  | 2021-07-20 20:01:22,328 [pool-22-thread-1] INFO server.RaftServer$Division: aae7bff8-acb1-40d7-935b-f66bca5ed710@group-D936648D4BE2: start as a follower, conf=-1: [aae7bff8-acb1-40d7-935b-f66bca5ed710|rpc:10.5.0.7:9856|admin:10.5.0.7:9857|client:10.5.0.7:9858|dataStream:|priority:0, 8bd1eb6f-afb3-4d7c-9291-51caa131c448|rpc:10.5.0.6:9856|admin:10.5.0.6:9857|client:10.5.0.6:9858|dataStream:|priority:1, ae62fccc-a09c-43b0-a60c-fbe2662ecb20|rpc:10.5.0.9:9856|admin:10.5.0.9:9857|client:10.5.0.9:9858|dataStream:|priority:0], old=null
om_1          | 2021-07-20 20:01:30,123 [pool-23-thread-1] INFO server.RaftServerConfigKeys: raft.server.retrycache.statistics.expirytime = 100?s (default)
datanode_5_1  | 2021-07-20 20:01:20,508 [pool-22-thread-1] INFO server.RaftServerConfigKeys: raft.server.log.corruption.policy = EXCEPTION (default)
datanode_5_1  | 2021-07-20 20:01:20,523 [pool-22-thread-1] INFO storage.RaftStorageDirectory: The storage directory /data/metadata/ratis/33977f51-1644-488e-91df-52c1918122ad does not exist. Creating ...
datanode_5_1  | 2021-07-20 20:01:20,546 [pool-22-thread-1] INFO storage.RaftStorageDirectory: Lock on /data/metadata/ratis/33977f51-1644-488e-91df-52c1918122ad/in_use.lock acquired by nodename 7@99e48fb8881c
scm_1         | 2021-07-20 20:01:12,028 [EventQueue-NewNodeForNewNodeHandler] INFO pipeline.BackgroundPipelineCreator: trigger a one-shot run on RatisPipelineUtilsThread.
scm_1         | 2021-07-20 20:01:12,075 [EventQueue-NodeRegistrationContainerReportForDataNodeSafeModeRule] INFO safemode.SCMSafeModeManager: DataNodeSafeModeRule rule is successfully validated
scm_1         | 2021-07-20 20:01:12,075 [EventQueue-NodeRegistrationContainerReportForDataNodeSafeModeRule] INFO safemode.SCMSafeModeManager: All SCM safe mode pre check rules have passed
scm_1         | 2021-07-20 20:01:12,117 [Listener at 0.0.0.0/9860] INFO server.AbstractConnector: Started ServerConnector@9dbb1d9{HTTP/1.1, (http/1.1)}{0.0.0.0:9876}
datanode_3_1  | 2021-07-20 20:01:21,109 [8bd1eb6f-afb3-4d7c-9291-51caa131c448@group-D936648D4BE2-LeaderElection1] INFO impl.LeaderElection: 8bd1eb6f-afb3-4d7c-9291-51caa131c448@group-D936648D4BE2-LeaderElection1: ELECTION PASSED received 1 response(s) and 0 exception(s):
om_1          | 2021-07-20 20:01:30,188 [pool-23-thread-1] INFO metrics.RatisMetrics: Creating Metrics Registry : ratis.leader_election.om1@group-C5BA1605619E
om_1          | 2021-07-20 20:01:30,211 [pool-23-thread-1] INFO metrics.RatisMetrics: Creating Metrics Registry : ratis.server.om1@group-C5BA1605619E
datanode_1_1  | 2021-07-20 20:01:22,356 [pool-22-thread-1] INFO server.RaftServer$Division: 625ec44f-1721-43da-8544-31b9bb14fba1@group-1AA1A1F92228: changes role from      null to FOLLOWER at term 0 for startAsFollower
datanode_2_1  | 2021-07-20 20:01:27,502 [grpc-default-executor-1] INFO server.RaftServer$Division: 3edd33b2-ef31-4321-a0c0-96d7c59855ef@group-1AA1A1F92228 replies to ELECTION vote request: 625ec44f-1721-43da-8544-31b9bb14fba1<-3edd33b2-ef31-4321-a0c0-96d7c59855ef#0:OK-t1. Peer's state: 3edd33b2-ef31-4321-a0c0-96d7c59855ef@group-1AA1A1F92228:t1, leader=null, voted=625ec44f-1721-43da-8544-31b9bb14fba1, raftlog=3edd33b2-ef31-4321-a0c0-96d7c59855ef@group-1AA1A1F92228-SegmentedRaftLog:OPENED:c-1,f-1,i0, conf=-1: [aae7bff8-acb1-40d7-935b-f66bca5ed710|rpc:10.5.0.7:9856|admin:10.5.0.7:9857|client:10.5.0.7:9858|priority:1, 3edd33b2-ef31-4321-a0c0-96d7c59855ef|rpc:10.5.0.5:9856|admin:10.5.0.5:9857|client:10.5.0.5:9858|priority:0, 625ec44f-1721-43da-8544-31b9bb14fba1|rpc:10.5.0.4:9856|admin:10.5.0.4:9857|client:10.5.0.4:9858|priority:0], old=null
datanode_2_1  | 2021-07-20 20:01:28,439 [3edd33b2-ef31-4321-a0c0-96d7c59855ef@group-52C1918122AD-LeaderStateImpl] INFO server.RaftServer$Division: 3edd33b2-ef31-4321-a0c0-96d7c59855ef@group-52C1918122AD-LeaderStateImpl send StartLeaderElectionRequest to follower:d4bf832d-6a55-4f63-ac82-66366f09ea6c on term:1 because follower's priority:1 is higher than leader's:0 and follower's lastEntry index:0 catch up with leader's:0
scm_1         | 2021-07-20 20:01:12,126 [Listener at 0.0.0.0/9860] INFO server.Server: Started @37357ms
datanode_3_1  | 2021-07-20 20:01:21,110 [8bd1eb6f-afb3-4d7c-9291-51caa131c448@group-D936648D4BE2-LeaderElection1] INFO impl.LeaderElection:   Response 0: 8bd1eb6f-afb3-4d7c-9291-51caa131c448<-ae62fccc-a09c-43b0-a60c-fbe2662ecb20#0:OK-t1
datanode_3_1  | 2021-07-20 20:01:21,111 [8bd1eb6f-afb3-4d7c-9291-51caa131c448@group-D936648D4BE2-LeaderElection1] INFO impl.LeaderElection: 8bd1eb6f-afb3-4d7c-9291-51caa131c448@group-D936648D4BE2-LeaderElection1 ELECTION round 0: result PASSED
datanode_1_1  | 2021-07-20 20:01:22,359 [pool-22-thread-1] INFO impl.RoleInfo: 625ec44f-1721-43da-8544-31b9bb14fba1: start 625ec44f-1721-43da-8544-31b9bb14fba1@group-1AA1A1F92228-FollowerState
datanode_1_1  | 2021-07-20 20:01:22,361 [pool-22-thread-1] INFO util.JmxRegister: Successfully registered JMX Bean with object name Ratis:service=RaftServer,group=group-1AA1A1F92228,id=625ec44f-1721-43da-8544-31b9bb14fba1
scm_1         | 2021-07-20 20:01:12,169 [Listener at 0.0.0.0/9860] INFO impl.MetricsSinkAdapter: Sink prometheus started
scm_1         | 2021-07-20 20:01:12,171 [Listener at 0.0.0.0/9860] INFO impl.MetricsSystemImpl: Registered sink prometheus
scm_1         | 2021-07-20 20:01:12,176 [Listener at 0.0.0.0/9860] INFO http.BaseHttpServer: HTTP server of scm listening at http://0.0.0.0:9876
datanode_5_1  | 2021-07-20 20:01:20,576 [pool-22-thread-1] INFO storage.RaftStorage: Storage directory /data/metadata/ratis/33977f51-1644-488e-91df-52c1918122ad has been successfully formatted.
datanode_5_1  | 2021-07-20 20:01:20,671 [pool-22-thread-1] INFO ratis.ContainerStateMachine: group-52C1918122AD: The snapshot info is null. Setting the last applied indexto:(t:0, i:~)
datanode_1_1  | 2021-07-20 20:01:22,361 [pool-22-thread-1] INFO metrics.RatisMetrics: Creating Metrics Registry : ratis.state_machine.625ec44f-1721-43da-8544-31b9bb14fba1@group-1AA1A1F92228
datanode_1_1  | 2021-07-20 20:01:22,365 [Command processor thread] INFO ratis.XceiverServerRatis: Created group PipelineID=024e633a-cef7-4f4d-8442-1aa1a1f92228
datanode_5_1  | 2021-07-20 20:01:20,710 [pool-22-thread-1] INFO server.RaftServerConfigKeys: raft.server.notification.no-leader.timeout = 300s (custom)
datanode_3_1  | 2021-07-20 20:01:21,111 [8bd1eb6f-afb3-4d7c-9291-51caa131c448@group-D936648D4BE2-LeaderElection1] INFO impl.RoleInfo: 8bd1eb6f-afb3-4d7c-9291-51caa131c448: shutdown 8bd1eb6f-afb3-4d7c-9291-51caa131c448@group-D936648D4BE2-LeaderElection1
datanode_3_1  | 2021-07-20 20:01:21,112 [8bd1eb6f-afb3-4d7c-9291-51caa131c448@group-D936648D4BE2-LeaderElection1] INFO server.RaftServer$Division: 8bd1eb6f-afb3-4d7c-9291-51caa131c448@group-D936648D4BE2: changes role from CANDIDATE to LEADER at term 1 for changeToLeader
datanode_3_1  | 2021-07-20 20:01:21,112 [8bd1eb6f-afb3-4d7c-9291-51caa131c448@group-D936648D4BE2-LeaderElection1] INFO ratis.XceiverServerRatis: Leader change notification received for group: group-D936648D4BE2 with new leaderId: 8bd1eb6f-afb3-4d7c-9291-51caa131c448
datanode_1_1  | 2021-07-20 20:01:22,366 [Command processor thread] INFO metrics.RatisMetrics: Creating Metrics Registry : ratis.client_message_metrics.client-D71202EB7664->3edd33b2-ef31-4321-a0c0-96d7c59855ef
datanode_1_1  | 2021-07-20 20:01:23,228 [Command processor thread] INFO metrics.RatisMetrics: Creating Metrics Registry : ratis.client_message_metrics.client-EAC2D9ABA18E->aae7bff8-acb1-40d7-935b-f66bca5ed710
datanode_1_1  | 2021-07-20 20:01:23,346 [Command processor thread] INFO commandhandler.CreatePipelineCommandHandler: Created Pipeline RATIS THREE PipelineID=024e633a-cef7-4f4d-8442-1aa1a1f92228.
datanode_1_1  | 2021-07-20 20:01:26,398 [625ec44f-1721-43da-8544-31b9bb14fba1@group-EB23AEDD487C-FollowerState] INFO impl.FollowerState: 625ec44f-1721-43da-8544-31b9bb14fba1@group-EB23AEDD487C-FollowerState: change to CANDIDATE, lastRpcElapsedTime:5043053378ns, electionTimeout:5041ms
datanode_1_1  | 2021-07-20 20:01:26,399 [625ec44f-1721-43da-8544-31b9bb14fba1@group-EB23AEDD487C-FollowerState] INFO impl.RoleInfo: 625ec44f-1721-43da-8544-31b9bb14fba1: shutdown 625ec44f-1721-43da-8544-31b9bb14fba1@group-EB23AEDD487C-FollowerState
datanode_1_1  | 2021-07-20 20:01:26,399 [625ec44f-1721-43da-8544-31b9bb14fba1@group-EB23AEDD487C-FollowerState] INFO server.RaftServer$Division: 625ec44f-1721-43da-8544-31b9bb14fba1@group-EB23AEDD487C: changes role from  FOLLOWER to CANDIDATE at term 1 for changeToCandidate
datanode_1_1  | 2021-07-20 20:01:26,402 [625ec44f-1721-43da-8544-31b9bb14fba1@group-EB23AEDD487C-FollowerState] INFO server.RaftServerConfigKeys: raft.server.leaderelection.pre-vote = false (custom)
datanode_1_1  | 2021-07-20 20:01:26,402 [625ec44f-1721-43da-8544-31b9bb14fba1@group-EB23AEDD487C-FollowerState] INFO impl.RoleInfo: 625ec44f-1721-43da-8544-31b9bb14fba1: start 625ec44f-1721-43da-8544-31b9bb14fba1@group-EB23AEDD487C-LeaderElection1
datanode_3_1  | 2021-07-20 20:01:21,112 [Datanode State Machine Thread - 0] WARN statemachine.StateContext: No available thread in pool for past 30 seconds.
om_1          | 2021-07-20 20:01:30,321 [Listener at om/9862] INFO om.OzoneManager: Configured ozone.om.metadata.layout=SIMPLE and disabled optimized OM FS operations
om_1          | 2021-07-20 20:01:30,537 [Listener at om/9862] INFO impl.MetricsConfig: Loaded properties from hadoop-metrics2.properties
datanode_1_1  | 2021-07-20 20:01:26,406 [625ec44f-1721-43da-8544-31b9bb14fba1@group-EB23AEDD487C-LeaderElection1] INFO impl.LeaderElection: 625ec44f-1721-43da-8544-31b9bb14fba1@group-EB23AEDD487C-LeaderElection1 ELECTION round 0: submit vote requests at term 2 for -1: [625ec44f-1721-43da-8544-31b9bb14fba1|rpc:10.5.0.4:9856|admin:10.5.0.4:9857|client:10.5.0.4:9858|priority:1, d4bf832d-6a55-4f63-ac82-66366f09ea6c|rpc:10.5.0.8:9856|admin:10.5.0.8:9857|client:10.5.0.8:9858|priority:0, ae62fccc-a09c-43b0-a60c-fbe2662ecb20|rpc:10.5.0.9:9856|admin:10.5.0.9:9857|client:10.5.0.9:9858|priority:0], old=null
datanode_1_1  | 2021-07-20 20:01:26,464 [625ec44f-1721-43da-8544-31b9bb14fba1@group-EB23AEDD487C-LeaderElection1] INFO impl.LeaderElection: 625ec44f-1721-43da-8544-31b9bb14fba1@group-EB23AEDD487C-LeaderElection1: ELECTION PASSED received 1 response(s) and 0 exception(s):
datanode_1_1  | 2021-07-20 20:01:26,471 [625ec44f-1721-43da-8544-31b9bb14fba1@group-EB23AEDD487C-LeaderElection1] INFO impl.LeaderElection:   Response 0: 625ec44f-1721-43da-8544-31b9bb14fba1<-ae62fccc-a09c-43b0-a60c-fbe2662ecb20#0:OK-t2
datanode_3_1  | 2021-07-20 20:01:21,112 [8bd1eb6f-afb3-4d7c-9291-51caa131c448@group-D936648D4BE2-LeaderElection1] INFO server.RaftServer$Division: 8bd1eb6f-afb3-4d7c-9291-51caa131c448@group-D936648D4BE2: change Leader from null to 8bd1eb6f-afb3-4d7c-9291-51caa131c448 at term 1 for becomeLeader, leader elected after 6219ms
datanode_5_1  | 2021-07-20 20:01:20,735 [pool-22-thread-1] INFO server.RaftServerConfigKeys: raft.server.log.use.memory = false (default)
datanode_5_1  | 2021-07-20 20:01:20,824 [pool-22-thread-1] INFO server.RaftServerConfigKeys: raft.server.log.purge.gap = 1000000 (custom)
datanode_5_1  | 2021-07-20 20:01:20,834 [pool-22-thread-1] INFO server.RaftServerConfigKeys: raft.server.log.appender.buffer.byte-limit = 33554432 (custom)
datanode_5_1  | 2021-07-20 20:01:20,851 [pool-22-thread-1] INFO metrics.RatisMetrics: Creating Metrics Registry : ratis.log_worker.d4bf832d-6a55-4f63-ac82-66366f09ea6c@group-52C1918122AD
datanode_4_1  | 2021-07-20 20:01:22,331 [pool-22-thread-1] INFO server.RaftServer$Division: aae7bff8-acb1-40d7-935b-f66bca5ed710@group-D936648D4BE2: changes role from      null to FOLLOWER at term 0 for startAsFollower
datanode_3_1  | 2021-07-20 20:01:21,126 [8bd1eb6f-afb3-4d7c-9291-51caa131c448@group-D936648D4BE2-LeaderElection1] INFO server.RaftServerConfigKeys: raft.server.staging.catchup.gap = 1000 (default)
datanode_3_1  | 2021-07-20 20:01:21,155 [8bd1eb6f-afb3-4d7c-9291-51caa131c448@group-D936648D4BE2-LeaderElection1] INFO metrics.RatisMetrics: Creating Metrics Registry : ratis.log_appender.8bd1eb6f-afb3-4d7c-9291-51caa131c448@group-D936648D4BE2
datanode_6_1  | 2021-07-20 20:01:15,834 [pool-22-thread-1] INFO server.RaftServer$Division: ae62fccc-a09c-43b0-a60c-fbe2662ecb20: new RaftServerImpl for group-EB23AEDD487C:[625ec44f-1721-43da-8544-31b9bb14fba1|rpc:10.5.0.4:9856|admin:10.5.0.4:9857|client:10.5.0.4:9858|priority:1, d4bf832d-6a55-4f63-ac82-66366f09ea6c|rpc:10.5.0.8:9856|admin:10.5.0.8:9857|client:10.5.0.8:9858|priority:0, ae62fccc-a09c-43b0-a60c-fbe2662ecb20|rpc:10.5.0.9:9856|admin:10.5.0.9:9857|client:10.5.0.9:9858|priority:0] with ContainerStateMachine:uninitialized
datanode_5_1  | 2021-07-20 20:01:20,857 [pool-22-thread-1] INFO server.RaftServerConfigKeys: raft.server.log.segment.size.max = 1048576 (custom)
datanode_5_1  | 2021-07-20 20:01:20,923 [pool-22-thread-1] INFO server.RaftServerConfigKeys: raft.server.log.segment.cache.num.max = 2 (custom)
scm_1         | 2021-07-20 20:01:12,078 [EventQueue-NodeRegistrationContainerReportForDataNodeSafeModeRule] WARN events.EventQueue: No event handler registered for event TypedEvent{payloadType=SafeModeStatus, name='Safe mode status'}
scm_1         | 2021-07-20 20:01:12,248 [EventQueue-NodeRegistrationContainerReportForDataNodeSafeModeRule] INFO ha.SCMContext: Update SafeModeStatus from SafeModeStatus{safeModeStatus=true, preCheckPassed=false} to SafeModeStatus{safeModeStatus=true, preCheckPassed=true}.
datanode_3_1  | 2021-07-20 20:01:21,168 [8bd1eb6f-afb3-4d7c-9291-51caa131c448@group-D936648D4BE2-LeaderElection1] INFO server.RaftServerConfigKeys: raft.server.write.element-limit = 1024 (custom)
datanode_3_1  | 2021-07-20 20:01:21,198 [8bd1eb6f-afb3-4d7c-9291-51caa131c448@group-D936648D4BE2-LeaderElection1] INFO server.RaftServerConfigKeys: raft.server.write.byte-limit = 1073741824 (custom)
datanode_6_1  | 2021-07-20 20:01:15,845 [pool-22-thread-1] INFO server.RaftServerConfigKeys: raft.server.rpc.timeout.min = 5s (custom)
datanode_6_1  | 2021-07-20 20:01:15,856 [pool-22-thread-1] INFO server.RaftServerConfigKeys: raft.server.rpc.timeout.max = 5200ms (custom)
datanode_6_1  | 2021-07-20 20:01:15,857 [pool-22-thread-1] INFO server.RaftServerConfigKeys: raft.server.rpc.sleep.time = 25ms (default)
datanode_5_1  | 2021-07-20 20:01:20,936 [pool-22-thread-1] INFO server.RaftServerConfigKeys: raft.server.log.segment.cache.size.max = 200MB (=209715200) (default)
datanode_4_1  | 2021-07-20 20:01:22,336 [pool-22-thread-1] INFO impl.RoleInfo: aae7bff8-acb1-40d7-935b-f66bca5ed710: start aae7bff8-acb1-40d7-935b-f66bca5ed710@group-D936648D4BE2-FollowerState
datanode_4_1  | 2021-07-20 20:01:22,378 [pool-22-thread-1] INFO util.JmxRegister: Successfully registered JMX Bean with object name Ratis:service=RaftServer,group=group-D936648D4BE2,id=aae7bff8-acb1-40d7-935b-f66bca5ed710
datanode_2_1  | 2021-07-20 20:01:28,471 [Thread-40] INFO server.RaftServer$Division: 3edd33b2-ef31-4321-a0c0-96d7c59855ef@group-52C1918122AD-LeaderStateImpl received success reply of StartLeaderElectionRequest from follower:d4bf832d-6a55-4f63-ac82-66366f09ea6c
datanode_3_1  | 2021-07-20 20:01:21,257 [grpc-default-executor-0] INFO server.RaftServer$Division: 8bd1eb6f-afb3-4d7c-9291-51caa131c448@group-52C1918122AD: receive requestVote(ELECTION, 3edd33b2-ef31-4321-a0c0-96d7c59855ef, group-52C1918122AD, 1, (t:0, i:0))
datanode_3_1  | 2021-07-20 20:01:21,262 [grpc-default-executor-0] INFO impl.VoteContext: 8bd1eb6f-afb3-4d7c-9291-51caa131c448@group-52C1918122AD-FOLLOWER: accept ELECTION from 3edd33b2-ef31-4321-a0c0-96d7c59855ef: our priority 0 <= candidate's priority 0
datanode_6_1  | 2021-07-20 20:01:15,859 [pool-22-thread-1] INFO server.RaftServerConfigKeys: raft.server.rpc.slowness.timeout = 300s (custom)
scm_1         | 2021-07-20 20:01:12,275 [EventQueue-NodeRegistrationContainerReportForDataNodeSafeModeRule] INFO pipeline.BackgroundPipelineCreator: trigger a one-shot run on RatisPipelineUtilsThread.
datanode_5_1  | 2021-07-20 20:01:20,984 [pool-22-thread-1] INFO segmented.SegmentedRaftLogWorker: new d4bf832d-6a55-4f63-ac82-66366f09ea6c@group-52C1918122AD-SegmentedRaftLogWorker for RaftStorageImpl:Storage Directory /data/metadata/ratis/33977f51-1644-488e-91df-52c1918122ad
datanode_5_1  | 2021-07-20 20:01:20,998 [pool-22-thread-1] INFO server.RaftServerConfigKeys: raft.server.log.queue.byte-limit = 2147483647 (custom)
datanode_2_1  | 2021-07-20 20:01:28,538 [3edd33b2-ef31-4321-a0c0-96d7c59855ef@group-51D752EFD0CC-FollowerState] INFO impl.FollowerState: 3edd33b2-ef31-4321-a0c0-96d7c59855ef@group-51D752EFD0CC-FollowerState: change to CANDIDATE, lastRpcElapsedTime:5071445741ns, electionTimeout:5063ms
datanode_2_1  | 2021-07-20 20:01:28,538 [3edd33b2-ef31-4321-a0c0-96d7c59855ef@group-51D752EFD0CC-FollowerState] INFO impl.RoleInfo: 3edd33b2-ef31-4321-a0c0-96d7c59855ef: shutdown 3edd33b2-ef31-4321-a0c0-96d7c59855ef@group-51D752EFD0CC-FollowerState
datanode_3_1  | 2021-07-20 20:01:21,273 [grpc-default-executor-0] INFO server.RaftServer$Division: 8bd1eb6f-afb3-4d7c-9291-51caa131c448@group-52C1918122AD: changes role from  FOLLOWER to FOLLOWER at term 1 for candidate:3edd33b2-ef31-4321-a0c0-96d7c59855ef
datanode_6_1  | 2021-07-20 20:01:15,860 [pool-22-thread-1] INFO server.RaftServerConfigKeys: raft.server.leaderelection.leader.step-down.wait-time = 10s (default)
datanode_6_1  | 2021-07-20 20:01:15,862 [pool-22-thread-1] INFO server.RaftServerConfigKeys: raft.server.sleep.deviation.threshold = 300ms (default)
datanode_5_1  | 2021-07-20 20:01:21,000 [pool-22-thread-1] INFO server.RaftServerConfigKeys: raft.server.log.queue.element-limit = 1024 (custom)
datanode_5_1  | 2021-07-20 20:01:21,006 [pool-22-thread-1] INFO server.RaftServerConfigKeys: raft.server.log.segment.size.max = 1048576 (custom)
datanode_5_1  | 2021-07-20 20:01:21,016 [pool-22-thread-1] INFO server.RaftServerConfigKeys: raft.server.log.preallocated.size = 16384 (custom)
datanode_1_1  | 2021-07-20 20:01:26,472 [625ec44f-1721-43da-8544-31b9bb14fba1@group-EB23AEDD487C-LeaderElection1] INFO impl.LeaderElection: 625ec44f-1721-43da-8544-31b9bb14fba1@group-EB23AEDD487C-LeaderElection1 ELECTION round 0: result PASSED
om_1          | 2021-07-20 20:01:30,575 [Listener at om/9862] INFO impl.MetricsSystemImpl: Scheduled Metric snapshot period at 10 second(s).
datanode_2_1  | 2021-07-20 20:01:28,538 [3edd33b2-ef31-4321-a0c0-96d7c59855ef@group-51D752EFD0CC-FollowerState] INFO server.RaftServer$Division: 3edd33b2-ef31-4321-a0c0-96d7c59855ef@group-51D752EFD0CC: changes role from  FOLLOWER to CANDIDATE at term 0 for changeToCandidate
datanode_2_1  | 2021-07-20 20:01:28,538 [3edd33b2-ef31-4321-a0c0-96d7c59855ef@group-51D752EFD0CC-FollowerState] INFO server.RaftServerConfigKeys: raft.server.leaderelection.pre-vote = false (custom)
datanode_6_1  | 2021-07-20 20:01:15,865 [pool-22-thread-1] INFO server.RaftServerConfigKeys: raft.server.log.appender.install.snapshot.enabled = false (custom)
datanode_6_1  | 2021-07-20 20:01:15,865 [pool-22-thread-1] INFO server.RaftServer$Division: ae62fccc-a09c-43b0-a60c-fbe2662ecb20@group-EB23AEDD487C: ConfigurationManager, init=-1: [625ec44f-1721-43da-8544-31b9bb14fba1|rpc:10.5.0.4:9856|admin:10.5.0.4:9857|client:10.5.0.4:9858|priority:1, d4bf832d-6a55-4f63-ac82-66366f09ea6c|rpc:10.5.0.8:9856|admin:10.5.0.8:9857|client:10.5.0.8:9858|priority:0, ae62fccc-a09c-43b0-a60c-fbe2662ecb20|rpc:10.5.0.9:9856|admin:10.5.0.9:9857|client:10.5.0.9:9858|priority:0], old=null, confs=<EMPTY_MAP>
datanode_5_1  | 2021-07-20 20:01:21,017 [pool-22-thread-1] INFO server.RaftServerConfigKeys: raft.server.log.force.sync.num = 128 (default)
datanode_3_1  | 2021-07-20 20:01:21,276 [grpc-default-executor-0] INFO impl.RoleInfo: 8bd1eb6f-afb3-4d7c-9291-51caa131c448: shutdown 8bd1eb6f-afb3-4d7c-9291-51caa131c448@group-52C1918122AD-FollowerState
datanode_1_1  | 2021-07-20 20:01:26,473 [625ec44f-1721-43da-8544-31b9bb14fba1@group-EB23AEDD487C-LeaderElection1] INFO impl.RoleInfo: 625ec44f-1721-43da-8544-31b9bb14fba1: shutdown 625ec44f-1721-43da-8544-31b9bb14fba1@group-EB23AEDD487C-LeaderElection1
