datanode_1_1  | 2021-07-20 20:01:22,267 [pool-22-thread-1] INFO storage.RaftStorageDirectory: The storage directory /data/metadata/ratis/024e633a-cef7-4f4d-8442-1aa1a1f92228 does not exist. Creating ...
datanode_1_1  | 2021-07-20 20:01:22,275 [pool-22-thread-1] INFO storage.RaftStorageDirectory: Lock on /data/metadata/ratis/024e633a-cef7-4f4d-8442-1aa1a1f92228/in_use.lock acquired by nodename 8@3d116100a0e8
datanode_6_1  | 2021-07-20 20:01:03,184 [main] INFO impl.MetricsSystemImpl: Registered sink prometheus
datanode_6_1  | 2021-07-20 20:01:03,186 [main] INFO http.BaseHttpServer: HTTP server of hddsDatanode listening at http://0.0.0.0:9882
datanode_6_1  | 2021-07-20 20:01:03,408 [org.apache.hadoop.util.JvmPauseMonitor$Monitor@71bbb770] INFO util.JvmPauseMonitor: Starting JVM pause monitor
datanode_6_1  | 2021-07-20 20:01:04,322 [Datanode State Machine Task Thread - 0] INFO datanode.InitDatanodeState: DatanodeDetails is persisted to /data/datanode.id
datanode_6_1  | 2021-07-20 20:01:06,784 [EndpointStateMachine task thread for scm/10.5.0.71:9861 - 0 ] INFO ipc.Client: Retrying connect to server: scm/10.5.0.71:9861. Already tried 0 time(s); retry policy is RetryUpToMaximumCountWithFixedSleep(maxRetries=15, sleepTime=1000 MILLISECONDS)
datanode_6_1  | 2021-07-20 20:01:07,785 [EndpointStateMachine task thread for scm/10.5.0.71:9861 - 0 ] INFO ipc.Client: Retrying connect to server: scm/10.5.0.71:9861. Already tried 1 time(s); retry policy is RetryUpToMaximumCountWithFixedSleep(maxRetries=15, sleepTime=1000 MILLISECONDS)
datanode_6_1  | 2021-07-20 20:01:09,313 [EndpointStateMachine task thread for scm/10.5.0.71:9861 - 0 ] INFO ozoneimpl.OzoneContainer: Attempting to start container services.
datanode_6_1  | 2021-07-20 20:01:09,349 [EndpointStateMachine task thread for scm/10.5.0.71:9861 - 0 ] INFO ozoneimpl.OzoneContainer: Background container scanner has been disabled.
om_1          | 2021-07-20 20:01:24,237 [main] INFO ha.OMHANodeDetails: Configuration does not have ozone.om.address set. Falling back to the default OM address om/10.5.0.70:9862
om_1          | 2021-07-20 20:01:24,237 [main] INFO ha.OMHANodeDetails: OM Service ID is not set. Setting it to the default ID: omServiceIdDefault
om_1          | 2021-07-20 20:01:24,238 [main] INFO ha.OMHANodeDetails: OM Node ID is not set. Setting it to the default ID: om1
datanode_4_1  | 2021-07-20 20:01:09,843 [EndpointStateMachine task thread for scm/10.5.0.71:9861 - 0 ] INFO ratis.XceiverServerRatis: Starting XceiverServerRatis aae7bff8-acb1-40d7-935b-f66bca5ed710
datanode_4_1  | 2021-07-20 20:01:10,073 [EndpointStateMachine task thread for scm/10.5.0.71:9861 - 0 ] INFO server.RaftServer: aae7bff8-acb1-40d7-935b-f66bca5ed710: start RPC server
datanode_4_1  | 2021-07-20 20:01:10,091 [EndpointStateMachine task thread for scm/10.5.0.71:9861 - 0 ] INFO server.GrpcService: aae7bff8-acb1-40d7-935b-f66bca5ed710: GrpcService started, listening on 9856
datanode_4_1  | 2021-07-20 20:01:10,092 [EndpointStateMachine task thread for scm/10.5.0.71:9861 - 0 ] INFO server.GrpcService: aae7bff8-acb1-40d7-935b-f66bca5ed710: GrpcService started, listening on 9857
datanode_4_1  | 2021-07-20 20:01:10,099 [EndpointStateMachine task thread for scm/10.5.0.71:9861 - 0 ] INFO server.GrpcService: aae7bff8-acb1-40d7-935b-f66bca5ed710: GrpcService started, listening on 9858
datanode_4_1  | 2021-07-20 20:01:10,100 [EndpointStateMachine task thread for scm/10.5.0.71:9861 - 0 ] INFO ratis.XceiverServerRatis: XceiverServerRatis aae7bff8-acb1-40d7-935b-f66bca5ed710 is started using port 9858 for RATIS
datanode_5_1  | 2021-07-20 20:00:59,162 [main] WARN http.BaseHttpServer: /prof java profiling servlet is activated. Not safe for production!
datanode_5_1  | 2021-07-20 20:00:59,281 [main] INFO http.HttpServer2: Jetty bound to port 9882
datanode_5_1  | 2021-07-20 20:00:59,295 [main] INFO server.Server: jetty-9.4.35.v20201120; built: 2020-11-20T21:17:03.964Z; git: bdc54f03a5e0a7e280fab27f55c3c75ee8da89fb; jvm 11.0.10+9-LTS
datanode_5_1  | 2021-07-20 20:00:59,530 [main] INFO server.session: DefaultSessionIdManager workerName=node0
datanode_5_1  | 2021-07-20 20:00:59,565 [main] INFO server.session: No SessionScavenger set, using defaults
datanode_5_1  | 2021-07-20 20:00:59,571 [main] INFO server.session: node0 Scavenging every 600000ms
datanode_5_1  | 2021-07-20 20:00:59,682 [main] INFO handler.ContextHandler: Started o.e.j.s.ServletContextHandler@5dc9d25a{logs,/logs,file:///var/log/hadoop/,AVAILABLE}
datanode_5_1  | 2021-07-20 20:00:59,693 [main] INFO handler.ContextHandler: Started o.e.j.s.ServletContextHandler@6f7b8ae1{static,/static,jar:file:/opt/hadoop/share/ozone/lib/hdds-container-service-1.2.0-SNAPSHOT.jar!/webapps/static,AVAILABLE}
datanode_5_1  | 2021-07-20 20:01:00,381 [main] INFO handler.ContextHandler: Started o.e.j.w.WebAppContext@28888124{hddsDatanode,/,file:///tmp/jetty-0_0_0_0-9882-hdds-container-service-1_2_0-SNAPSHOT_jar-_-any-8188180499849826305/webapp/,AVAILABLE}{jar:file:/opt/hadoop/share/ozone/lib/hdds-container-service-1.2.0-SNAPSHOT.jar!/webapps/hddsDatanode}
datanode_5_1  | 2021-07-20 20:01:00,429 [main] INFO server.AbstractConnector: Started ServerConnector@5f4e389a{HTTP/1.1, (http/1.1)}{0.0.0.0:9882}
datanode_5_1  | 2021-07-20 20:01:00,437 [main] INFO server.Server: Started @36193ms
om_1          | 2021-07-20 20:01:24,258 [main] WARN server.ServerUtils: ozone.om.db.dirs is not configured. We recommend adding this setting. Falling back to ozone.metadata.dirs instead.
om_1          | 2021-07-20 20:01:24,297 [main] INFO upgrade.AbstractLayoutVersionManager: Initializing Layout version manager with metadata layout = INITIAL_VERSION (version = 0), software layout = INITIAL_VERSION (version = 0)
om_1          | 2021-07-20 20:01:24,738 [main] INFO reflections.Reflections: Reflections took 318 ms to scan 1 urls, producing 94 keys and 256 values [using 2 cores]
om_1          | 2021-07-20 20:01:24,793 [main] WARN server.ServerUtils: ozone.om.db.dirs is not configured. We recommend adding this setting. Falling back to ozone.metadata.dirs instead.
om_1          | 2021-07-20 20:01:27,312 [main] WARN server.ServerUtils: ozone.om.db.dirs is not configured. We recommend adding this setting. Falling back to ozone.metadata.dirs instead.
om_1          | 2021-07-20 20:01:27,669 [main] INFO codec.OmKeyInfoCodec: OmKeyInfoCodec ignorePipeline = true
om_1          | 2021-07-20 20:01:27,674 [main] INFO codec.RepeatedOmKeyInfoCodec: RepeatedOmKeyInfoCodec ignorePipeline = true
om_1          | 2021-07-20 20:01:28,432 [main] INFO om.OzoneManager: Created Volume s3v With Owner hadoop required for S3Gateway operations.
om_1          | 2021-07-20 20:01:28,451 [main] WARN server.ServerUtils: Storage directory for Ratis is not configured. It is a good idea to map this to an SSD disk. Falling back to ozone.metadata.dirs
om_1          | 2021-07-20 20:01:28,453 [main] WARN ratis.OzoneManagerRatisServer: ozone.om.ratis.snapshot.dir is not configured. Falling back to ozone.metadata.dirs config
om_1          | 2021-07-20 20:01:28,492 [main] INFO metrics.MetricRegistries: Loaded MetricRegistries class org.apache.ratis.metrics.impl.MetricRegistriesImpl
om_1          | 2021-07-20 20:01:28,608 [main] WARN server.ServerUtils: Storage directory for Ratis is not configured. It is a good idea to map this to an SSD disk. Falling back to ozone.metadata.dirs
om_1          | 2021-07-20 20:01:28,718 [main] INFO ratis.OzoneManagerRatisServer: Instantiating OM Ratis server with GroupID: omServiceIdDefault and Raft Peers: om:9872
om_1          | 2021-07-20 20:01:28,759 [main] INFO ratis.OzoneManagerStateMachine: LastAppliedIndex is set from TransactionInfo from OM DB as (t:0, i:~)
om_1          | 2021-07-20 20:01:28,879 [main] INFO server.RaftServer: raft.rpc.type = GRPC (default)
om_1          | 2021-07-20 20:01:29,128 [main] INFO grpc.GrpcConfigKeys: raft.grpc.admin.port = -1 (default)
datanode_3_1  | 2021-07-20 20:01:18,146 [pool-22-thread-1] INFO server.RaftServerConfigKeys: raft.server.log.appender.buffer.byte-limit = 33554432 (custom)
datanode_3_1  | 2021-07-20 20:01:18,147 [pool-22-thread-1] INFO metrics.RatisMetrics: Creating Metrics Registry : ratis.log_worker.8bd1eb6f-afb3-4d7c-9291-51caa131c448@group-52C1918122AD
scm_1         | 2021-07-20 20:01:06,541 [main] INFO algorithms.LeaderChoosePolicyFactory: Create leader choose policy of type org.apache.hadoop.hdds.scm.pipeline.leader.choose.algorithms.MinLeaderCountChoosePolicy
datanode_4_1  | 2021-07-20 20:01:10,107 [EndpointStateMachine task thread for scm/10.5.0.71:9861 - 0 ] INFO ratis.XceiverServerRatis: XceiverServerRatis aae7bff8-acb1-40d7-935b-f66bca5ed710 is started using port 9857 for RATIS_ADMIN
datanode_4_1  | 2021-07-20 20:01:10,107 [EndpointStateMachine task thread for scm/10.5.0.71:9861 - 0 ] INFO ratis.XceiverServerRatis: XceiverServerRatis aae7bff8-acb1-40d7-935b-f66bca5ed710 is started using port 9856 for RATIS_SERVER
datanode_6_1  | 2021-07-20 20:01:09,834 [EndpointStateMachine task thread for scm/10.5.0.71:9861 - 0 ] INFO ratis.XceiverServerRatis: Starting XceiverServerRatis ae62fccc-a09c-43b0-a60c-fbe2662ecb20
datanode_6_1  | 2021-07-20 20:01:09,977 [EndpointStateMachine task thread for scm/10.5.0.71:9861 - 0 ] INFO server.RaftServer: ae62fccc-a09c-43b0-a60c-fbe2662ecb20: start RPC server
datanode_6_1  | 2021-07-20 20:01:09,999 [EndpointStateMachine task thread for scm/10.5.0.71:9861 - 0 ] INFO server.GrpcService: ae62fccc-a09c-43b0-a60c-fbe2662ecb20: GrpcService started, listening on 9856
scm_1         | 2021-07-20 20:01:06,563 [main] INFO ha.SCMServiceManager: Registering service BackgroundPipelineCreator.
scm_1         | 2021-07-20 20:01:06,565 [main] INFO pipeline.BackgroundPipelineCreator: Starting RatisPipelineUtilsThread.
scm_1         | 2021-07-20 20:01:06,630 [main] INFO algorithms.PipelineChoosePolicyFactory: Create pipeline choose policy of type org.apache.hadoop.hdds.scm.pipeline.choose.algorithms.RandomPipelineChoosePolicy
scm_1         | 2021-07-20 20:01:06,653 [main] INFO ha.SCMServiceManager: Registering service SCMBlockDeletingService.
datanode_4_1  | 2021-07-20 20:01:10,127 [org.apache.ratis.util.JvmPauseMonitor$$Lambda$303/0x00000008404b9c40@22135ddd] INFO util.JvmPauseMonitor: JvmPauseMonitor-aae7bff8-acb1-40d7-935b-f66bca5ed710: Started
datanode_4_1  | 2021-07-20 20:01:20,279 [grpc-default-executor-0] INFO metrics.RatisMetrics: Creating Metrics Registry : ratis.server_message_metrics.aae7bff8-acb1-40d7-935b-f66bca5ed710
datanode_4_1  | 2021-07-20 20:01:20,619 [grpc-default-executor-0] INFO server.RaftServer: aae7bff8-acb1-40d7-935b-f66bca5ed710: addNew group-D936648D4BE2:[aae7bff8-acb1-40d7-935b-f66bca5ed710|rpc:10.5.0.7:9856|admin:10.5.0.7:9857|client:10.5.0.7:9858|dataStream:|priority:0, 8bd1eb6f-afb3-4d7c-9291-51caa131c448|rpc:10.5.0.6:9856|admin:10.5.0.6:9857|client:10.5.0.6:9858|dataStream:|priority:1, ae62fccc-a09c-43b0-a60c-fbe2662ecb20|rpc:10.5.0.9:9856|admin:10.5.0.9:9857|client:10.5.0.9:9858|dataStream:|priority:0] returns group-D936648D4BE2:java.util.concurrent.CompletableFuture@2f1c26ca[Not completed]
datanode_6_1  | 2021-07-20 20:01:10,015 [EndpointStateMachine task thread for scm/10.5.0.71:9861 - 0 ] INFO server.GrpcService: ae62fccc-a09c-43b0-a60c-fbe2662ecb20: GrpcService started, listening on 9857
datanode_6_1  | 2021-07-20 20:01:10,021 [EndpointStateMachine task thread for scm/10.5.0.71:9861 - 0 ] INFO server.GrpcService: ae62fccc-a09c-43b0-a60c-fbe2662ecb20: GrpcService started, listening on 9858
datanode_6_1  | 2021-07-20 20:01:10,038 [EndpointStateMachine task thread for scm/10.5.0.71:9861 - 0 ] INFO ratis.XceiverServerRatis: XceiverServerRatis ae62fccc-a09c-43b0-a60c-fbe2662ecb20 is started using port 9858 for RATIS
scm_1         | 2021-07-20 20:01:06,668 [main] INFO ha.SCMServiceManager: Registering service ReplicationManager.
scm_1         | 2021-07-20 20:01:06,672 [main] INFO container.ReplicationManager: Starting Replication Monitor Thread.
datanode_3_1  | 2021-07-20 20:01:18,147 [pool-22-thread-1] INFO server.RaftServerConfigKeys: raft.server.log.segment.size.max = 1048576 (custom)
datanode_3_1  | 2021-07-20 20:01:18,148 [pool-22-thread-1] INFO server.RaftServerConfigKeys: raft.server.log.segment.cache.num.max = 2 (custom)
datanode_4_1  | 2021-07-20 20:01:20,723 [pool-22-thread-1] INFO server.RaftServer$Division: aae7bff8-acb1-40d7-935b-f66bca5ed710: new RaftServerImpl for group-D936648D4BE2:[aae7bff8-acb1-40d7-935b-f66bca5ed710|rpc:10.5.0.7:9856|admin:10.5.0.7:9857|client:10.5.0.7:9858|dataStream:|priority:0, 8bd1eb6f-afb3-4d7c-9291-51caa131c448|rpc:10.5.0.6:9856|admin:10.5.0.6:9857|client:10.5.0.6:9858|dataStream:|priority:1, ae62fccc-a09c-43b0-a60c-fbe2662ecb20|rpc:10.5.0.9:9856|admin:10.5.0.9:9857|client:10.5.0.9:9858|dataStream:|priority:0] with ContainerStateMachine:uninitialized
datanode_4_1  | 2021-07-20 20:01:20,730 [pool-22-thread-1] INFO server.RaftServerConfigKeys: raft.server.rpc.timeout.min = 5s (custom)
scm_1         | 2021-07-20 20:01:06,725 [ReplicationMonitor] INFO container.ReplicationManager: Replication Monitor Thread took 16 milliseconds for processing 0 containers.
scm_1         | 2021-07-20 20:01:06,729 [main] INFO safemode.ContainerSafeModeRule: containers with one replica threshold count 0
datanode_2_1  | 2021-07-20 20:01:23,429 [pool-22-thread-1] INFO server.RaftServerConfigKeys: raft.server.log.statemachine.data.caching.enabled = true (custom)
datanode_2_1  | 2021-07-20 20:01:23,434 [pool-22-thread-1] INFO segmented.SegmentedRaftLogWorker: 3edd33b2-ef31-4321-a0c0-96d7c59855ef@group-51D752EFD0CC-SegmentedRaftLogWorker: flushIndex: setUnconditionally 0 -> -1
datanode_4_1  | 2021-07-20 20:01:20,740 [pool-22-thread-1] INFO server.RaftServerConfigKeys: raft.server.rpc.timeout.max = 5200ms (custom)
datanode_6_1  | 2021-07-20 20:01:10,038 [EndpointStateMachine task thread for scm/10.5.0.71:9861 - 0 ] INFO ratis.XceiverServerRatis: XceiverServerRatis ae62fccc-a09c-43b0-a60c-fbe2662ecb20 is started using port 9857 for RATIS_ADMIN
datanode_6_1  | 2021-07-20 20:01:10,038 [EndpointStateMachine task thread for scm/10.5.0.71:9861 - 0 ] INFO ratis.XceiverServerRatis: XceiverServerRatis ae62fccc-a09c-43b0-a60c-fbe2662ecb20 is started using port 9856 for RATIS_SERVER
datanode_3_1  | 2021-07-20 20:01:18,151 [pool-22-thread-1] INFO server.RaftServerConfigKeys: raft.server.log.segment.cache.size.max = 200MB (=209715200) (default)
datanode_5_1  | 2021-07-20 20:01:00,464 [main] INFO impl.MetricsSinkAdapter: Sink prometheus started
scm_1         | 2021-07-20 20:01:06,738 [main] INFO safemode.HealthyPipelineSafeModeRule: Total pipeline count is 0, healthy pipeline threshold count is 1
scm_1         | 2021-07-20 20:01:06,742 [main] INFO safemode.OneReplicaPipelineSafeModeRule: Total pipeline count is 0, pipeline's with at least one datanode reported threshold count is 0
scm_1         | 2021-07-20 20:01:07,545 [main] INFO ipc.CallQueueManager: Using callQueue: class java.util.concurrent.LinkedBlockingQueue, queueCapacity: 10000, scheduler: class org.apache.hadoop.ipc.DefaultRpcScheduler, ipcBackoff: false.
scm_1         | 2021-07-20 20:01:07,610 [Socket Reader #1 for port 9861] INFO ipc.Server: Starting Socket Reader #1 for port 9861
datanode_2_1  | 2021-07-20 20:01:23,436 [pool-22-thread-1] INFO segmented.SegmentedRaftLogWorker: 3edd33b2-ef31-4321-a0c0-96d7c59855ef@group-51D752EFD0CC-SegmentedRaftLogWorker: safeCacheEvictIndex: setUnconditionally 0 -> -1
datanode_2_1  | 2021-07-20 20:01:23,446 [pool-22-thread-1] INFO server.RaftServerConfigKeys: raft.server.snapshot.auto.trigger.enabled = true (custom)
datanode_4_1  | 2021-07-20 20:01:20,741 [pool-22-thread-1] INFO server.RaftServerConfigKeys: raft.server.rpc.sleep.time = 25ms (default)
datanode_3_1  | 2021-07-20 20:01:18,158 [pool-22-thread-1] INFO segmented.SegmentedRaftLogWorker: new 8bd1eb6f-afb3-4d7c-9291-51caa131c448@group-52C1918122AD-SegmentedRaftLogWorker for RaftStorageImpl:Storage Directory /data/metadata/ratis/33977f51-1644-488e-91df-52c1918122ad
datanode_3_1  | 2021-07-20 20:01:18,158 [pool-22-thread-1] INFO server.RaftServerConfigKeys: raft.server.log.queue.byte-limit = 2147483647 (custom)
datanode_3_1  | 2021-07-20 20:01:18,159 [pool-22-thread-1] INFO server.RaftServerConfigKeys: raft.server.log.queue.element-limit = 1024 (custom)
datanode_3_1  | 2021-07-20 20:01:18,148 [Datanode State Machine Thread - 0] WARN statemachine.StateContext: No available thread in pool for past 30 seconds.
datanode_4_1  | 2021-07-20 20:01:20,745 [pool-22-thread-1] INFO server.RaftServerConfigKeys: raft.server.rpc.slowness.timeout = 300s (custom)
datanode_2_1  | 2021-07-20 20:01:23,446 [pool-22-thread-1] INFO server.RaftServerConfigKeys: raft.server.snapshot.auto.trigger.threshold = 10000 (custom)
datanode_6_1  | 2021-07-20 20:01:10,051 [org.apache.ratis.util.JvmPauseMonitor$$Lambda$303/0x00000008404b9c40@a28f1ee] INFO util.JvmPauseMonitor: JvmPauseMonitor-ae62fccc-a09c-43b0-a60c-fbe2662ecb20: Started
datanode_6_1  | 2021-07-20 20:01:14,580 [Command processor thread] INFO server.RaftServer: ae62fccc-a09c-43b0-a60c-fbe2662ecb20: addNew group-67642F18656C:[ae62fccc-a09c-43b0-a60c-fbe2662ecb20|rpc:10.5.0.9:9856|admin:10.5.0.9:9857|client:10.5.0.9:9858|priority:1] returns group-67642F18656C:java.util.concurrent.CompletableFuture@2f239df9[Not completed]
datanode_5_1  | 2021-07-20 20:01:00,464 [main] INFO impl.MetricsSystemImpl: Registered sink prometheus
datanode_5_1  | 2021-07-20 20:01:00,468 [main] INFO http.BaseHttpServer: HTTP server of hddsDatanode listening at http://0.0.0.0:9882
datanode_5_1  | 2021-07-20 20:01:00,850 [org.apache.hadoop.util.JvmPauseMonitor$Monitor@4fcde4ce] INFO util.JvmPauseMonitor: Starting JVM pause monitor
datanode_5_1  | 2021-07-20 20:01:02,034 [Datanode State Machine Task Thread - 0] INFO datanode.InitDatanodeState: DatanodeDetails is persisted to /data/datanode.id
datanode_3_1  | 2021-07-20 20:01:18,189 [pool-22-thread-1] INFO server.RaftServerConfigKeys: raft.server.log.segment.size.max = 1048576 (custom)
datanode_2_1  | 2021-07-20 20:01:23,446 [pool-22-thread-1] INFO server.RaftServerConfigKeys: raft.server.snapshot.retention.file.num = 5 (custom)
datanode_5_1  | 2021-07-20 20:01:04,639 [EndpointStateMachine task thread for scm/10.5.0.71:9861 - 0 ] INFO ipc.Client: Retrying connect to server: scm/10.5.0.71:9861. Already tried 0 time(s); retry policy is RetryUpToMaximumCountWithFixedSleep(maxRetries=15, sleepTime=1000 MILLISECONDS)
datanode_5_1  | 2021-07-20 20:01:05,640 [EndpointStateMachine task thread for scm/10.5.0.71:9861 - 0 ] INFO ipc.Client: Retrying connect to server: scm/10.5.0.71:9861. Already tried 1 time(s); retry policy is RetryUpToMaximumCountWithFixedSleep(maxRetries=15, sleepTime=1000 MILLISECONDS)
datanode_3_1  | 2021-07-20 20:01:18,204 [pool-22-thread-1] INFO server.RaftServerConfigKeys: raft.server.log.preallocated.size = 16384 (custom)
datanode_1_1  | 2021-07-20 20:01:22,288 [pool-22-thread-1] INFO storage.RaftStorage: Storage directory /data/metadata/ratis/024e633a-cef7-4f4d-8442-1aa1a1f92228 has been successfully formatted.
om_1          | 2021-07-20 20:01:29,130 [main] INFO grpc.GrpcConfigKeys: raft.grpc.server.port = 9872 (custom)
om_1          | 2021-07-20 20:01:29,131 [main] INFO grpc.GrpcConfigKeys: raft.grpc.client.port = -1 (default)
om_1          | 2021-07-20 20:01:29,132 [main] INFO grpc.GrpcConfigKeys: raft.grpc.server.port = 9872 (custom)
datanode_6_1  | 2021-07-20 20:01:14,691 [pool-22-thread-1] INFO server.RaftServer$Division: ae62fccc-a09c-43b0-a60c-fbe2662ecb20: new RaftServerImpl for group-67642F18656C:[ae62fccc-a09c-43b0-a60c-fbe2662ecb20|rpc:10.5.0.9:9856|admin:10.5.0.9:9857|client:10.5.0.9:9858|priority:1] with ContainerStateMachine:uninitialized
scm_1         | 2021-07-20 20:01:07,662 [Listener at 0.0.0.0/9861] INFO ipc.CallQueueManager: Using callQueue: class java.util.concurrent.LinkedBlockingQueue, queueCapacity: 10000, scheduler: class org.apache.hadoop.ipc.DefaultRpcScheduler, ipcBackoff: false.
scm_1         | 2021-07-20 20:01:07,671 [Socket Reader #1 for port 9863] INFO ipc.Server: Starting Socket Reader #1 for port 9863
scm_1         | 2021-07-20 20:01:07,693 [Listener at 0.0.0.0/9863] INFO ipc.CallQueueManager: Using callQueue: class java.util.concurrent.LinkedBlockingQueue, queueCapacity: 10000, scheduler: class org.apache.hadoop.ipc.DefaultRpcScheduler, ipcBackoff: false.
datanode_3_1  | 2021-07-20 20:01:18,207 [pool-22-thread-1] INFO server.RaftServerConfigKeys: raft.server.log.force.sync.num = 128 (default)
datanode_3_1  | 2021-07-20 20:01:18,209 [pool-22-thread-1] INFO server.RaftServerConfigKeys: raft.server.log.statemachine.data.sync = true (default)
om_1          | 2021-07-20 20:01:29,134 [main] INFO grpc.GrpcConfigKeys: raft.grpc.server.port = 9872 (custom)
scm_1         | 2021-07-20 20:01:07,750 [Socket Reader #1 for port 9860] INFO ipc.Server: Starting Socket Reader #1 for port 9860
scm_1         | 2021-07-20 20:01:07,861 [Listener at 0.0.0.0/9860] INFO server.StorageContainerManager: 
datanode_3_1  | 2021-07-20 20:01:18,211 [pool-22-thread-1] INFO server.RaftServerConfigKeys: raft.server.log.statemachine.data.sync.timeout = 10s (default)
datanode_1_1  | 2021-07-20 20:01:22,289 [Datanode State Machine Thread - 0] WARN statemachine.StateContext: No available thread in pool for past 30 seconds.
datanode_1_1  | 2021-07-20 20:01:22,292 [pool-22-thread-1] INFO ratis.ContainerStateMachine: group-1AA1A1F92228: The snapshot info is null. Setting the last applied indexto:(t:0, i:~)
datanode_1_1  | 2021-07-20 20:01:22,292 [pool-22-thread-1] INFO server.RaftServerConfigKeys: raft.server.notification.no-leader.timeout = 300s (custom)
datanode_4_1  | 2021-07-20 20:01:20,745 [pool-22-thread-1] INFO server.RaftServerConfigKeys: raft.server.leaderelection.leader.step-down.wait-time = 10s (default)
datanode_3_1  | 2021-07-20 20:01:18,211 [pool-22-thread-1] INFO server.RaftServerConfigKeys: raft.server.log.statemachine.data.sync.timeout.retry = -1 (default)
datanode_3_1  | 2021-07-20 20:01:18,212 [pool-22-thread-1] INFO server.RaftServerConfigKeys: raft.server.log.write.buffer.size = 1048576 (custom)
om_1          | 2021-07-20 20:01:29,135 [main] INFO server.GrpcService: raft.grpc.message.size.max = 33554432 (custom)
datanode_2_1  | 2021-07-20 20:01:23,446 [pool-22-thread-1] INFO server.RaftServerConfigKeys: raft.server.log.purge.upto.snapshot.index = false (default)
datanode_6_1  | 2021-07-20 20:01:14,704 [pool-22-thread-1] INFO server.RaftServerConfigKeys: raft.server.rpc.timeout.min = 5s (custom)
datanode_6_1  | 2021-07-20 20:01:14,711 [pool-22-thread-1] INFO server.RaftServerConfigKeys: raft.server.rpc.timeout.max = 5200ms (custom)
datanode_4_1  | 2021-07-20 20:01:20,745 [pool-22-thread-1] INFO server.RaftServerConfigKeys: raft.server.sleep.deviation.threshold = 300ms (default)
scm_1         | Container Balancer status:
scm_1         | Key                            Value
datanode_4_1  | 2021-07-20 20:01:20,747 [pool-22-thread-1] INFO server.RaftServerConfigKeys: raft.server.log.appender.install.snapshot.enabled = false (custom)
datanode_1_1  | 2021-07-20 20:01:22,295 [pool-22-thread-1] INFO server.RaftServerConfigKeys: raft.server.log.use.memory = false (default)
datanode_5_1  | 2021-07-20 20:01:06,641 [EndpointStateMachine task thread for scm/10.5.0.71:9861 - 0 ] INFO ipc.Client: Retrying connect to server: scm/10.5.0.71:9861. Already tried 2 time(s); retry policy is RetryUpToMaximumCountWithFixedSleep(maxRetries=15, sleepTime=1000 MILLISECONDS)
datanode_5_1  | 2021-07-20 20:01:07,642 [EndpointStateMachine task thread for scm/10.5.0.71:9861 - 0 ] INFO ipc.Client: Retrying connect to server: scm/10.5.0.71:9861. Already tried 3 time(s); retry policy is RetryUpToMaximumCountWithFixedSleep(maxRetries=15, sleepTime=1000 MILLISECONDS)
datanode_5_1  | 2021-07-20 20:01:09,299 [EndpointStateMachine task thread for scm/10.5.0.71:9861 - 0 ] INFO ozoneimpl.OzoneContainer: Attempting to start container services.
datanode_4_1  | 2021-07-20 20:01:20,774 [pool-22-thread-1] INFO server.RaftServer$Division: aae7bff8-acb1-40d7-935b-f66bca5ed710@group-D936648D4BE2: ConfigurationManager, init=-1: [aae7bff8-acb1-40d7-935b-f66bca5ed710|rpc:10.5.0.7:9856|admin:10.5.0.7:9857|client:10.5.0.7:9858|dataStream:|priority:0, 8bd1eb6f-afb3-4d7c-9291-51caa131c448|rpc:10.5.0.6:9856|admin:10.5.0.6:9857|client:10.5.0.6:9858|dataStream:|priority:1, ae62fccc-a09c-43b0-a60c-fbe2662ecb20|rpc:10.5.0.9:9856|admin:10.5.0.9:9857|client:10.5.0.9:9858|dataStream:|priority:0], old=null, confs=<EMPTY_MAP>
datanode_2_1  | 2021-07-20 20:01:23,446 [pool-22-thread-1] INFO server.RaftServerConfigKeys: raft.server.retrycache.expirytime = 600000ms (custom)
datanode_2_1  | 2021-07-20 20:01:23,447 [pool-22-thread-1] INFO server.RaftServerConfigKeys: raft.server.retrycache.statistics.expirytime = 100?s (default)
datanode_2_1  | 2021-07-20 20:01:23,447 [pool-22-thread-1] INFO metrics.RatisMetrics: Creating Metrics Registry : ratis.leader_election.3edd33b2-ef31-4321-a0c0-96d7c59855ef@group-51D752EFD0CC
datanode_2_1  | 2021-07-20 20:01:23,448 [pool-22-thread-1] INFO metrics.RatisMetrics: Creating Metrics Registry : ratis.server.3edd33b2-ef31-4321-a0c0-96d7c59855ef@group-51D752EFD0CC
datanode_1_1  | 2021-07-20 20:01:22,295 [pool-22-thread-1] INFO server.RaftServerConfigKeys: raft.server.log.purge.gap = 1000000 (custom)
datanode_1_1  | 2021-07-20 20:01:22,296 [pool-22-thread-1] INFO server.RaftServerConfigKeys: raft.server.log.appender.buffer.byte-limit = 33554432 (custom)
datanode_3_1  | 2021-07-20 20:01:18,216 [pool-22-thread-1] INFO server.RaftServerConfigKeys: raft.server.log.statemachine.data.caching.enabled = true (custom)
scm_1         | Running                        true
scm_1         | Container Balancer Configuration values:
scm_1         | Key                            Value
om_1          | 2021-07-20 20:01:29,143 [main] INFO server.RaftServerConfigKeys: raft.server.log.appender.buffer.byte-limit = 33554432 (custom)
om_1          | 2021-07-20 20:01:29,153 [main] INFO server.GrpcService: raft.grpc.flow.control.window = 1MB (=1048576) (default)
datanode_1_1  | 2021-07-20 20:01:22,297 [pool-22-thread-1] INFO metrics.RatisMetrics: Creating Metrics Registry : ratis.log_worker.625ec44f-1721-43da-8544-31b9bb14fba1@group-1AA1A1F92228
datanode_5_1  | 2021-07-20 20:01:09,316 [EndpointStateMachine task thread for scm/10.5.0.71:9861 - 0 ] INFO ozoneimpl.OzoneContainer: Background container scanner has been disabled.
datanode_5_1  | 2021-07-20 20:01:09,740 [EndpointStateMachine task thread for scm/10.5.0.71:9861 - 0 ] INFO ratis.XceiverServerRatis: Starting XceiverServerRatis d4bf832d-6a55-4f63-ac82-66366f09ea6c
datanode_5_1  | 2021-07-20 20:01:09,920 [EndpointStateMachine task thread for scm/10.5.0.71:9861 - 0 ] INFO server.RaftServer: d4bf832d-6a55-4f63-ac82-66366f09ea6c: start RPC server
datanode_6_1  | 2021-07-20 20:01:14,714 [pool-22-thread-1] INFO server.RaftServerConfigKeys: raft.server.rpc.sleep.time = 25ms (default)
datanode_2_1  | 2021-07-20 20:01:23,455 [pool-22-thread-1] INFO server.RaftServer$Division: 3edd33b2-ef31-4321-a0c0-96d7c59855ef@group-51D752EFD0CC: start as a follower, conf=-1: [3edd33b2-ef31-4321-a0c0-96d7c59855ef|rpc:10.5.0.5:9856|admin:10.5.0.5:9857|client:10.5.0.5:9858|priority:1], old=null
datanode_2_1  | 2021-07-20 20:01:23,462 [pool-22-thread-1] INFO server.RaftServer$Division: 3edd33b2-ef31-4321-a0c0-96d7c59855ef@group-51D752EFD0CC: changes role from      null to FOLLOWER at term 0 for startAsFollower
datanode_2_1  | 2021-07-20 20:01:23,466 [pool-22-thread-1] INFO impl.RoleInfo: 3edd33b2-ef31-4321-a0c0-96d7c59855ef: start 3edd33b2-ef31-4321-a0c0-96d7c59855ef@group-51D752EFD0CC-FollowerState
datanode_5_1  | 2021-07-20 20:01:09,955 [EndpointStateMachine task thread for scm/10.5.0.71:9861 - 0 ] INFO server.GrpcService: d4bf832d-6a55-4f63-ac82-66366f09ea6c: GrpcService started, listening on 9856
datanode_3_1  | 2021-07-20 20:01:18,219 [pool-22-thread-1] INFO segmented.SegmentedRaftLogWorker: 8bd1eb6f-afb3-4d7c-9291-51caa131c448@group-52C1918122AD-SegmentedRaftLogWorker: flushIndex: setUnconditionally 0 -> -1
scm_1         | Threshold                      0.1
datanode_6_1  | 2021-07-20 20:01:14,714 [pool-22-thread-1] INFO server.RaftServerConfigKeys: raft.server.rpc.slowness.timeout = 300s (custom)
datanode_6_1  | 2021-07-20 20:01:14,714 [pool-22-thread-1] INFO server.RaftServerConfigKeys: raft.server.leaderelection.leader.step-down.wait-time = 10s (default)
datanode_6_1  | 2021-07-20 20:01:14,715 [pool-22-thread-1] INFO server.RaftServerConfigKeys: raft.server.sleep.deviation.threshold = 300ms (default)
om_1          | 2021-07-20 20:01:29,153 [main] INFO server.RaftServerConfigKeys: raft.server.rpc.request.timeout = 3000ms (default)
om_1          | 2021-07-20 20:01:29,651 [main] INFO impl.DataStreamServerImpl: raft.datastream.type = DISABLED (default)
datanode_4_1  | 2021-07-20 20:01:20,788 [pool-22-thread-1] INFO server.RaftServerConfigKeys: raft.server.storage.dir = [/data/metadata/ratis] (custom)
datanode_4_1  | 2021-07-20 20:01:20,793 [pool-22-thread-1] INFO server.RaftServerConfigKeys: raft.server.log.corruption.policy = EXCEPTION (default)
datanode_2_1  | 2021-07-20 20:01:23,475 [pool-22-thread-1] INFO util.JmxRegister: Successfully registered JMX Bean with object name Ratis:service=RaftServer,group=group-51D752EFD0CC,id=3edd33b2-ef31-4321-a0c0-96d7c59855ef
datanode_6_1  | 2021-07-20 20:01:14,715 [pool-22-thread-1] INFO server.RaftServerConfigKeys: raft.server.log.appender.install.snapshot.enabled = false (custom)
datanode_6_1  | 2021-07-20 20:01:14,735 [pool-22-thread-1] INFO server.RaftServer$Division: ae62fccc-a09c-43b0-a60c-fbe2662ecb20@group-67642F18656C: ConfigurationManager, init=-1: [ae62fccc-a09c-43b0-a60c-fbe2662ecb20|rpc:10.5.0.9:9856|admin:10.5.0.9:9857|client:10.5.0.9:9858|priority:1], old=null, confs=<EMPTY_MAP>
datanode_1_1  | 2021-07-20 20:01:22,301 [pool-22-thread-1] INFO server.RaftServerConfigKeys: raft.server.log.segment.size.max = 1048576 (custom)
om_1          | 2021-07-20 20:01:29,653 [main] INFO server.RaftServerConfigKeys: raft.server.rpc.slowness.timeout = 120s (custom)
om_1          | 2021-07-20 20:01:29,653 [main] INFO server.RaftServerConfigKeys: raft.server.leaderelection.leader.step-down.wait-time = 10s (default)
om_1          | 2021-07-20 20:01:29,676 [main] INFO server.RaftServerConfigKeys: raft.server.storage.dir = [/data/metadata/ratis] (custom)
datanode_2_1  | 2021-07-20 20:01:23,475 [pool-22-thread-1] INFO metrics.RatisMetrics: Creating Metrics Registry : ratis.state_machine.3edd33b2-ef31-4321-a0c0-96d7c59855ef@group-51D752EFD0CC
datanode_1_1  | 2021-07-20 20:01:22,303 [pool-22-thread-1] INFO server.RaftServerConfigKeys: raft.server.log.segment.cache.num.max = 2 (custom)
datanode_1_1  | 2021-07-20 20:01:22,307 [pool-22-thread-1] INFO server.RaftServerConfigKeys: raft.server.log.segment.cache.size.max = 200MB (=209715200) (default)
datanode_6_1  | 2021-07-20 20:01:14,741 [pool-22-thread-1] INFO server.RaftServerConfigKeys: raft.server.storage.dir = [/data/metadata/ratis] (custom)
datanode_6_1  | 2021-07-20 20:01:14,760 [pool-22-thread-1] INFO server.RaftServerConfigKeys: raft.server.log.corruption.policy = EXCEPTION (default)
datanode_4_1  | 2021-07-20 20:01:20,813 [pool-22-thread-1] INFO storage.RaftStorageDirectory: The storage directory /data/metadata/ratis/03a80e7b-fd92-4a3f-8a9d-d936648d4be2 does not exist. Creating ...
datanode_4_1  | 2021-07-20 20:01:20,875 [pool-22-thread-1] INFO storage.RaftStorageDirectory: Lock on /data/metadata/ratis/03a80e7b-fd92-4a3f-8a9d-d936648d4be2/in_use.lock acquired by nodename 9@5c0b17ebfa52
datanode_4_1  | 2021-07-20 20:01:20,946 [pool-22-thread-1] INFO storage.RaftStorage: Storage directory /data/metadata/ratis/03a80e7b-fd92-4a3f-8a9d-d936648d4be2 has been successfully formatted.
om_1          | 2021-07-20 20:01:29,695 [main] INFO server.RaftServer: om1: addNew group-C5BA1605619E:[om1|rpc:om:9872|priority:0] returns group-C5BA1605619E:java.util.concurrent.CompletableFuture@22fe90df[Not completed]
om_1          | 2021-07-20 20:01:29,696 [main] INFO om.OzoneManager: OzoneManager Ratis server initialized at port 9872
om_1          | 2021-07-20 20:01:29,721 [pool-23-thread-1] INFO server.RaftServer$Division: om1: new RaftServerImpl for group-C5BA1605619E:[om1|rpc:om:9872|priority:0] with OzoneManagerStateMachine:uninitialized
datanode_6_1  | 2021-07-20 20:01:14,786 [pool-22-thread-1] INFO storage.RaftStorageDirectory: The storage directory /data/metadata/ratis/891db6df-a211-4be1-a876-67642f18656c does not exist. Creating ...
datanode_6_1  | 2021-07-20 20:01:14,824 [pool-22-thread-1] INFO storage.RaftStorageDirectory: Lock on /data/metadata/ratis/891db6df-a211-4be1-a876-67642f18656c/in_use.lock acquired by nodename 7@b8aaa4d20346
datanode_3_1  | 2021-07-20 20:01:18,225 [pool-22-thread-1] INFO segmented.SegmentedRaftLogWorker: 8bd1eb6f-afb3-4d7c-9291-51caa131c448@group-52C1918122AD-SegmentedRaftLogWorker: safeCacheEvictIndex: setUnconditionally 0 -> -1
datanode_3_1  | 2021-07-20 20:01:18,249 [pool-22-thread-1] INFO server.RaftServerConfigKeys: raft.server.snapshot.auto.trigger.enabled = true (custom)
scm_1         | Max Datanodes to Balance       5
scm_1         | Max Size to Move               10737418240B
datanode_4_1  | 2021-07-20 20:01:21,078 [Datanode State Machine Thread - 0] WARN statemachine.StateContext: No available thread in pool for past 30 seconds.
om_1          | 2021-07-20 20:01:29,727 [pool-23-thread-1] INFO server.RaftServerConfigKeys: raft.server.rpc.timeout.min = 5s (custom)
om_1          | 2021-07-20 20:01:29,728 [pool-23-thread-1] INFO server.RaftServerConfigKeys: raft.server.rpc.timeout.max = 5200ms (custom)
datanode_5_1  | 2021-07-20 20:01:09,972 [EndpointStateMachine task thread for scm/10.5.0.71:9861 - 0 ] INFO server.GrpcService: d4bf832d-6a55-4f63-ac82-66366f09ea6c: GrpcService started, listening on 9857
datanode_5_1  | 2021-07-20 20:01:09,979 [EndpointStateMachine task thread for scm/10.5.0.71:9861 - 0 ] INFO server.GrpcService: d4bf832d-6a55-4f63-ac82-66366f09ea6c: GrpcService started, listening on 9858
datanode_5_1  | 2021-07-20 20:01:10,006 [EndpointStateMachine task thread for scm/10.5.0.71:9861 - 0 ] INFO ratis.XceiverServerRatis: XceiverServerRatis d4bf832d-6a55-4f63-ac82-66366f09ea6c is started using port 9858 for RATIS
datanode_5_1  | 2021-07-20 20:01:10,009 [EndpointStateMachine task thread for scm/10.5.0.71:9861 - 0 ] INFO ratis.XceiverServerRatis: XceiverServerRatis d4bf832d-6a55-4f63-ac82-66366f09ea6c is started using port 9857 for RATIS_ADMIN
datanode_5_1  | 2021-07-20 20:01:10,009 [EndpointStateMachine task thread for scm/10.5.0.71:9861 - 0 ] INFO ratis.XceiverServerRatis: XceiverServerRatis d4bf832d-6a55-4f63-ac82-66366f09ea6c is started using port 9856 for RATIS_SERVER
datanode_5_1  | 2021-07-20 20:01:10,009 [org.apache.ratis.util.JvmPauseMonitor$$Lambda$303/0x00000008404b9c40@767ca210] INFO util.JvmPauseMonitor: JvmPauseMonitor-d4bf832d-6a55-4f63-ac82-66366f09ea6c: Started
datanode_5_1  | 2021-07-20 20:01:19,745 [grpc-default-executor-0] INFO metrics.RatisMetrics: Creating Metrics Registry : ratis.server_message_metrics.d4bf832d-6a55-4f63-ac82-66366f09ea6c
datanode_5_1  | 2021-07-20 20:01:19,761 [grpc-default-executor-1] INFO metrics.RatisMetrics: Creating Metrics Registry : ratis.server_message_metrics.d4bf832d-6a55-4f63-ac82-66366f09ea6c
datanode_6_1  | 2021-07-20 20:01:14,860 [pool-22-thread-1] INFO storage.RaftStorage: Storage directory /data/metadata/ratis/891db6df-a211-4be1-a876-67642f18656c has been successfully formatted.
datanode_6_1  | 2021-07-20 20:01:14,899 [pool-22-thread-1] INFO ratis.ContainerStateMachine: group-67642F18656C: The snapshot info is null. Setting the last applied indexto:(t:0, i:~)
datanode_6_1  | 2021-07-20 20:01:14,937 [pool-22-thread-1] INFO server.RaftServerConfigKeys: raft.server.notification.no-leader.timeout = 300s (custom)
datanode_6_1  | 2021-07-20 20:01:14,985 [pool-22-thread-1] INFO server.RaftServerConfigKeys: raft.server.log.use.memory = false (default)
datanode_6_1  | 2021-07-20 20:01:15,066 [pool-22-thread-1] INFO server.RaftServerConfigKeys: raft.server.log.purge.gap = 1000000 (custom)
datanode_6_1  | 2021-07-20 20:01:15,081 [pool-22-thread-1] INFO server.RaftServerConfigKeys: raft.server.log.appender.buffer.byte-limit = 33554432 (custom)
datanode_6_1  | 2021-07-20 20:01:15,106 [pool-22-thread-1] INFO metrics.RatisMetrics: Creating Metrics Registry : ratis.log_worker.ae62fccc-a09c-43b0-a60c-fbe2662ecb20@group-67642F18656C
datanode_6_1  | 2021-07-20 20:01:15,187 [pool-22-thread-1] INFO server.RaftServerConfigKeys: raft.server.log.segment.size.max = 1048576 (custom)
datanode_6_1  | 2021-07-20 20:01:15,252 [pool-22-thread-1] INFO server.RaftServerConfigKeys: raft.server.log.segment.cache.num.max = 2 (custom)
datanode_3_1  | 2021-07-20 20:01:18,250 [pool-22-thread-1] INFO server.RaftServerConfigKeys: raft.server.snapshot.auto.trigger.threshold = 10000 (custom)
datanode_3_1  | 2021-07-20 20:01:18,250 [pool-22-thread-1] INFO server.RaftServerConfigKeys: raft.server.snapshot.retention.file.num = 5 (custom)
datanode_3_1  | 2021-07-20 20:01:18,250 [pool-22-thread-1] INFO server.RaftServerConfigKeys: raft.server.log.purge.upto.snapshot.index = false (default)
datanode_3_1  | 2021-07-20 20:01:18,250 [pool-22-thread-1] INFO server.RaftServerConfigKeys: raft.server.retrycache.expirytime = 600000ms (custom)
datanode_3_1  | 2021-07-20 20:01:18,250 [pool-22-thread-1] INFO server.RaftServerConfigKeys: raft.server.retrycache.statistics.expirytime = 100?s (default)
datanode_3_1  | 2021-07-20 20:01:18,250 [pool-22-thread-1] INFO metrics.RatisMetrics: Creating Metrics Registry : ratis.leader_election.8bd1eb6f-afb3-4d7c-9291-51caa131c448@group-52C1918122AD
datanode_3_1  | 2021-07-20 20:01:18,251 [pool-22-thread-1] INFO metrics.RatisMetrics: Creating Metrics Registry : ratis.server.8bd1eb6f-afb3-4d7c-9291-51caa131c448@group-52C1918122AD
datanode_3_1  | 2021-07-20 20:01:18,264 [pool-22-thread-1] INFO server.RaftServer$Division: 8bd1eb6f-afb3-4d7c-9291-51caa131c448@group-52C1918122AD: start as a follower, conf=-1: [8bd1eb6f-afb3-4d7c-9291-51caa131c448|rpc:10.5.0.6:9856|admin:10.5.0.6:9857|client:10.5.0.6:9858|dataStream:|priority:0, 3edd33b2-ef31-4321-a0c0-96d7c59855ef|rpc:10.5.0.5:9856|admin:10.5.0.5:9857|client:10.5.0.5:9858|dataStream:|priority:0, d4bf832d-6a55-4f63-ac82-66366f09ea6c|rpc:10.5.0.8:9856|admin:10.5.0.8:9857|client:10.5.0.8:9858|dataStream:|priority:1], old=null
datanode_3_1  | 2021-07-20 20:01:18,267 [pool-22-thread-1] INFO server.RaftServer$Division: 8bd1eb6f-afb3-4d7c-9291-51caa131c448@group-52C1918122AD: changes role from      null to FOLLOWER at term 0 for startAsFollower
datanode_4_1  | 2021-07-20 20:01:21,083 [pool-22-thread-1] INFO ratis.ContainerStateMachine: group-D936648D4BE2: The snapshot info is null. Setting the last applied indexto:(t:0, i:~)
datanode_4_1  | 2021-07-20 20:01:21,084 [pool-22-thread-1] INFO server.RaftServerConfigKeys: raft.server.notification.no-leader.timeout = 300s (custom)
datanode_4_1  | 2021-07-20 20:01:21,110 [pool-22-thread-1] INFO server.RaftServerConfigKeys: raft.server.log.use.memory = false (default)
datanode_4_1  | 2021-07-20 20:01:21,193 [pool-22-thread-1] INFO server.RaftServerConfigKeys: raft.server.log.purge.gap = 1000000 (custom)
datanode_4_1  | 2021-07-20 20:01:21,229 [pool-22-thread-1] INFO server.RaftServerConfigKeys: raft.server.log.appender.buffer.byte-limit = 33554432 (custom)
datanode_4_1  | 2021-07-20 20:01:21,244 [pool-22-thread-1] INFO metrics.RatisMetrics: Creating Metrics Registry : ratis.log_worker.aae7bff8-acb1-40d7-935b-f66bca5ed710@group-D936648D4BE2
datanode_4_1  | 2021-07-20 20:01:21,288 [pool-22-thread-1] INFO server.RaftServerConfigKeys: raft.server.log.segment.size.max = 1048576 (custom)
datanode_2_1  | 2021-07-20 20:01:23,492 [Command processor thread] INFO ratis.XceiverServerRatis: Created group PipelineID=d3392ed6-44a7-4b9c-bbe7-51d752efd0cc
datanode_4_1  | 2021-07-20 20:01:21,351 [pool-22-thread-1] INFO server.RaftServerConfigKeys: raft.server.log.segment.cache.num.max = 2 (custom)
datanode_4_1  | 2021-07-20 20:01:21,359 [pool-22-thread-1] INFO server.RaftServerConfigKeys: raft.server.log.segment.cache.size.max = 200MB (=209715200) (default)
datanode_4_1  | 2021-07-20 20:01:21,403 [pool-22-thread-1] INFO segmented.SegmentedRaftLogWorker: new aae7bff8-acb1-40d7-935b-f66bca5ed710@group-D936648D4BE2-SegmentedRaftLogWorker for RaftStorageImpl:Storage Directory /data/metadata/ratis/03a80e7b-fd92-4a3f-8a9d-d936648d4be2
datanode_4_1  | 2021-07-20 20:01:21,419 [pool-22-thread-1] INFO server.RaftServerConfigKeys: raft.server.log.queue.byte-limit = 2147483647 (custom)
datanode_4_1  | 2021-07-20 20:01:21,422 [pool-22-thread-1] INFO server.RaftServerConfigKeys: raft.server.log.queue.element-limit = 1024 (custom)
datanode_4_1  | 2021-07-20 20:01:21,440 [pool-22-thread-1] INFO server.RaftServerConfigKeys: raft.server.log.segment.size.max = 1048576 (custom)
datanode_4_1  | 2021-07-20 20:01:21,443 [pool-22-thread-1] INFO server.RaftServerConfigKeys: raft.server.log.preallocated.size = 16384 (custom)
datanode_4_1  | 2021-07-20 20:01:21,448 [pool-22-thread-1] INFO server.RaftServerConfigKeys: raft.server.log.force.sync.num = 128 (default)
datanode_2_1  | 2021-07-20 20:01:23,493 [Command processor thread] INFO commandhandler.CreatePipelineCommandHandler: Created Pipeline RATIS ONE PipelineID=d3392ed6-44a7-4b9c-bbe7-51d752efd0cc.
datanode_4_1  | 2021-07-20 20:01:21,455 [pool-22-thread-1] INFO server.RaftServerConfigKeys: raft.server.log.statemachine.data.sync = true (default)
datanode_4_1  | 2021-07-20 20:01:21,455 [pool-22-thread-1] INFO server.RaftServerConfigKeys: raft.server.log.statemachine.data.sync.timeout = 10s (default)
datanode_4_1  | 2021-07-20 20:01:21,456 [pool-22-thread-1] INFO server.RaftServerConfigKeys: raft.server.log.statemachine.data.sync.timeout.retry = -1 (default)
datanode_4_1  | 2021-07-20 20:01:21,523 [pool-22-thread-1] INFO server.RaftServerConfigKeys: raft.server.log.write.buffer.size = 1048576 (custom)
datanode_4_1  | 2021-07-20 20:01:21,649 [pool-22-thread-1] INFO server.RaftServerConfigKeys: raft.server.log.statemachine.data.caching.enabled = true (custom)
datanode_4_1  | 2021-07-20 20:01:21,756 [pool-22-thread-1] INFO segmented.SegmentedRaftLogWorker: aae7bff8-acb1-40d7-935b-f66bca5ed710@group-D936648D4BE2-SegmentedRaftLogWorker: flushIndex: setUnconditionally 0 -> -1
datanode_4_1  | 2021-07-20 20:01:21,757 [pool-22-thread-1] INFO segmented.SegmentedRaftLogWorker: aae7bff8-acb1-40d7-935b-f66bca5ed710@group-D936648D4BE2-SegmentedRaftLogWorker: safeCacheEvictIndex: setUnconditionally 0 -> -1
datanode_4_1  | 2021-07-20 20:01:21,818 [pool-22-thread-1] INFO server.RaftServerConfigKeys: raft.server.snapshot.auto.trigger.enabled = true (custom)
datanode_2_1  | 2021-07-20 20:01:27,465 [grpc-default-executor-1] INFO server.RaftServer$Division: 3edd33b2-ef31-4321-a0c0-96d7c59855ef@group-1AA1A1F92228: receive requestVote(ELECTION, 625ec44f-1721-43da-8544-31b9bb14fba1, group-1AA1A1F92228, 1, (t:0, i:0))
datanode_2_1  | 2021-07-20 20:01:27,474 [grpc-default-executor-1] INFO impl.VoteContext: 3edd33b2-ef31-4321-a0c0-96d7c59855ef@group-1AA1A1F92228-FOLLOWER: accept ELECTION from 625ec44f-1721-43da-8544-31b9bb14fba1: our priority 0 <= candidate's priority 0
datanode_2_1  | 2021-07-20 20:01:27,490 [grpc-default-executor-1] INFO server.RaftServer$Division: 3edd33b2-ef31-4321-a0c0-96d7c59855ef@group-1AA1A1F92228: changes role from  FOLLOWER to FOLLOWER at term 1 for candidate:625ec44f-1721-43da-8544-31b9bb14fba1
scm_1         | 
scm_1         | 2021-07-20 20:01:07,861 [Listener at 0.0.0.0/9860] WARN events.EventQueue: No event handler registered for event TypedEvent{payloadType=SafeModeStatus, name='Safe mode status'}
om_1          | 2021-07-20 20:01:29,728 [pool-23-thread-1] INFO server.RaftServerConfigKeys: raft.server.rpc.sleep.time = 25ms (default)
om_1          | 2021-07-20 20:01:29,728 [pool-23-thread-1] INFO server.RaftServerConfigKeys: raft.server.rpc.slowness.timeout = 120s (custom)
om_1          | 2021-07-20 20:01:29,728 [pool-23-thread-1] INFO server.RaftServerConfigKeys: raft.server.leaderelection.leader.step-down.wait-time = 10s (default)
om_1          | 2021-07-20 20:01:29,728 [pool-23-thread-1] INFO server.RaftServerConfigKeys: raft.server.sleep.deviation.threshold = 300ms (default)
om_1          | 2021-07-20 20:01:29,729 [pool-23-thread-1] INFO server.RaftServerConfigKeys: raft.server.log.appender.install.snapshot.enabled = false (custom)
datanode_2_1  | 2021-07-20 20:01:27,490 [grpc-default-executor-1] INFO impl.RoleInfo: 3edd33b2-ef31-4321-a0c0-96d7c59855ef: shutdown 3edd33b2-ef31-4321-a0c0-96d7c59855ef@group-1AA1A1F92228-FollowerState
datanode_2_1  | 2021-07-20 20:01:27,491 [3edd33b2-ef31-4321-a0c0-96d7c59855ef@group-1AA1A1F92228-FollowerState] INFO impl.FollowerState: 3edd33b2-ef31-4321-a0c0-96d7c59855ef@group-1AA1A1F92228-FollowerState was interrupted: {}
datanode_2_1  | java.lang.InterruptedException: sleep interrupted
datanode_2_1  | 	at java.base/java.lang.Thread.sleep(Native Method)
datanode_1_1  | 2021-07-20 20:01:22,307 [pool-22-thread-1] INFO segmented.SegmentedRaftLogWorker: new 625ec44f-1721-43da-8544-31b9bb14fba1@group-1AA1A1F92228-SegmentedRaftLogWorker for RaftStorageImpl:Storage Directory /data/metadata/ratis/024e633a-cef7-4f4d-8442-1aa1a1f92228
datanode_1_1  | 2021-07-20 20:01:22,307 [pool-22-thread-1] INFO server.RaftServerConfigKeys: raft.server.log.queue.byte-limit = 2147483647 (custom)
datanode_1_1  | 2021-07-20 20:01:22,308 [pool-22-thread-1] INFO server.RaftServerConfigKeys: raft.server.log.queue.element-limit = 1024 (custom)
datanode_1_1  | 2021-07-20 20:01:22,308 [pool-22-thread-1] INFO server.RaftServerConfigKeys: raft.server.log.segment.size.max = 1048576 (custom)
datanode_5_1  | 2021-07-20 20:01:19,761 [grpc-default-executor-2] INFO metrics.RatisMetrics: Creating Metrics Registry : ratis.server_message_metrics.d4bf832d-6a55-4f63-ac82-66366f09ea6c
datanode_5_1  | 2021-07-20 20:01:20,029 [grpc-default-executor-0] INFO server.RaftServer: d4bf832d-6a55-4f63-ac82-66366f09ea6c: addNew group-52C1918122AD:[8bd1eb6f-afb3-4d7c-9291-51caa131c448|rpc:10.5.0.6:9856|admin:10.5.0.6:9857|client:10.5.0.6:9858|dataStream:|priority:0, 3edd33b2-ef31-4321-a0c0-96d7c59855ef|rpc:10.5.0.5:9856|admin:10.5.0.5:9857|client:10.5.0.5:9858|dataStream:|priority:0, d4bf832d-6a55-4f63-ac82-66366f09ea6c|rpc:10.5.0.8:9856|admin:10.5.0.8:9857|client:10.5.0.8:9858|dataStream:|priority:1] returns group-52C1918122AD:java.util.concurrent.CompletableFuture@38c59991[Not completed]
datanode_5_1  | 2021-07-20 20:01:20,050 [grpc-default-executor-2] INFO server.RaftServer: d4bf832d-6a55-4f63-ac82-66366f09ea6c: addNew group-EB23AEDD487C:[625ec44f-1721-43da-8544-31b9bb14fba1|rpc:10.5.0.4:9856|admin:10.5.0.4:9857|client:10.5.0.4:9858|dataStream:|priority:1, d4bf832d-6a55-4f63-ac82-66366f09ea6c|rpc:10.5.0.8:9856|admin:10.5.0.8:9857|client:10.5.0.8:9858|dataStream:|priority:0, ae62fccc-a09c-43b0-a60c-fbe2662ecb20|rpc:10.5.0.9:9856|admin:10.5.0.9:9857|client:10.5.0.9:9858|dataStream:|priority:0] returns group-EB23AEDD487C:java.util.concurrent.CompletableFuture@6a39583[Not completed]
scm_1         | 2021-07-20 20:01:07,861 [Listener at 0.0.0.0/9860] INFO ha.SCMContext: Update SafeModeStatus from SafeModeStatus{safeModeStatus=true, preCheckPassed=false} to SafeModeStatus{safeModeStatus=true, preCheckPassed=false}.
scm_1         | 2021-07-20 20:01:07,866 [Listener at 0.0.0.0/9860] INFO server.StorageContainerManager: StorageContainerLocationProtocol RPC server is listening at /0.0.0.0:9860
scm_1         | 2021-07-20 20:01:07,968 [Listener at 0.0.0.0/9860] INFO impl.MetricsConfig: Loaded properties from hadoop-metrics2.properties
scm_1         | 2021-07-20 20:01:07,982 [Listener at 0.0.0.0/9860] INFO impl.MetricsSystemImpl: Scheduled Metric snapshot period at 10 second(s).
scm_1         | 2021-07-20 20:01:07,982 [Listener at 0.0.0.0/9860] INFO impl.MetricsSystemImpl: StorageContainerManager metrics system started
scm_1         | 2021-07-20 20:01:08,343 [Listener at 0.0.0.0/9860] INFO server.SCMClientProtocolServer: RPC server for Client  is listening at /0.0.0.0:9860
scm_1         | 2021-07-20 20:01:08,353 [IPC Server Responder] INFO ipc.Server: IPC Server Responder: starting
scm_1         | 2021-07-20 20:01:08,355 [IPC Server listener on 9860] INFO ipc.Server: IPC Server listener on 9860: starting
scm_1         | 2021-07-20 20:01:08,397 [Listener at 0.0.0.0/9860] INFO server.StorageContainerManager: ScmBlockLocationProtocol RPC server is listening at /0.0.0.0:9863
scm_1         | 2021-07-20 20:01:08,397 [Listener at 0.0.0.0/9860] INFO server.SCMBlockProtocolServer: RPC server for Block Protocol is listening at /0.0.0.0:9863
scm_1         | 2021-07-20 20:01:08,398 [IPC Server Responder] INFO ipc.Server: IPC Server Responder: starting
scm_1         | 2021-07-20 20:01:08,411 [IPC Server listener on 9863] INFO ipc.Server: IPC Server listener on 9863: starting
scm_1         | 2021-07-20 20:01:08,471 [Listener at 0.0.0.0/9860] INFO server.StorageContainerManager: ScmDatanodeProtocl RPC server is listening at /0.0.0.0:9861
scm_1         | 2021-07-20 20:01:08,471 [Listener at 0.0.0.0/9860] INFO server.SCMDatanodeProtocolServer: RPC server for DataNodes is listening at /0.0.0.0:9861
scm_1         | 2021-07-20 20:01:08,472 [IPC Server Responder] INFO ipc.Server: IPC Server Responder: starting
scm_1         | 2021-07-20 20:01:08,474 [IPC Server listener on 9861] INFO ipc.Server: IPC Server listener on 9861: starting
scm_1         | 2021-07-20 20:01:08,545 [org.apache.hadoop.util.JvmPauseMonitor$Monitor@26291192] INFO util.JvmPauseMonitor: Starting JVM pause monitor
scm_1         | 2021-07-20 20:01:08,603 [Listener at 0.0.0.0/9860] INFO http.BaseHttpServer: Starting Web-server for scm at: http://0.0.0.0:9876
