dn1_1    | 2021-07-20 21:07:24,874 [pool-25-thread-1] INFO server.RaftServerConfigKeys: raft.server.snapshot.auto.trigger.enabled = true (custom)
dn2_1    | 2021-07-20 21:04:44,035 [ed588059-5563-46b6-9dc9-94535956c9d0@group-33CC5B74410A-LeaderElection3] INFO impl.LeaderElection: ed588059-5563-46b6-9dc9-94535956c9d0@group-33CC5B74410A-LeaderElection3 ELECTION round 0: result REJECTED
scm_1    | 2021-07-20 21:04:36,972 [IPC Server handler 4 on default port 9861] INFO node.SCMNodeManager: Registered Data node : 11afc263-0400-4261-ad20-33f83045be7e{ip: 10.9.0.15, host: ha_dn1_1.ha_net, ports: [REPLICATION=9886, RATIS=9858, RATIS_ADMIN=9858, RATIS_SERVER=9858, STANDALONE=9859], networkLocation: /default-rack, certSerialId: null, persistedOpState: null, persistedOpStateExpiryEpochSec: 0}
om3_1    | 2021-07-20 21:04:50,984 [grpc-default-executor-2] INFO metrics.RatisMetrics: Creating Metrics Registry : ratis.server_message_metrics.om3
dn3_1    | 2021-07-20 21:04:39,612 [pool-25-thread-1] INFO storage.RaftStorage: Storage directory /data/metadata/ratis/a5c868f4-346d-4bc6-880c-33cc5b74410a has been successfully formatted.
om2_1    | 2021-07-20 21:04:51,236 [om2@group-D66704EFC61C-LeaderElection1] INFO impl.RoleInfo: om2: shutdown om2@group-D66704EFC61C-LeaderElection1
om2_1    | 2021-07-20 21:04:51,237 [om2@group-D66704EFC61C-LeaderElection1] INFO impl.RoleInfo: om2: start om2@group-D66704EFC61C-FollowerState
dn1_1    | 2021-07-20 21:07:24,874 [pool-25-thread-1] INFO server.RaftServerConfigKeys: raft.server.snapshot.auto.trigger.threshold = 10000 (custom)
scm_1    | 2021-07-20 21:04:36,972 [EventQueue-NewNodeForNewNodeHandler] INFO pipeline.BackgroundPipelineCreator: trigger a one-shot run on RatisPipelineUtilsThread.
om3_1    | 2021-07-20 21:04:51,132 [grpc-default-executor-2] INFO server.RaftServer$Division: om3@group-D66704EFC61C: receive requestVote(ELECTION, om2, group-D66704EFC61C, 6, (t:5, i:8))
om3_1    | 2021-07-20 21:04:51,158 [grpc-default-executor-2] INFO impl.VoteContext: om3@group-D66704EFC61C-CANDIDATE: reject ELECTION from om2: already has voted for om3 at current term 6
om2_1    | 2021-07-20 21:04:56,279 [om2@group-D66704EFC61C-FollowerState] INFO impl.FollowerState: om2@group-D66704EFC61C-FollowerState: change to CANDIDATE, lastRpcElapsedTime:5042870436ns, electionTimeout:5020ms
dn2_1    | 2021-07-20 21:04:44,042 [ed588059-5563-46b6-9dc9-94535956c9d0@group-33CC5B74410A-LeaderElection3] INFO server.RaftServer$Division: ed588059-5563-46b6-9dc9-94535956c9d0@group-33CC5B74410A: changes role from CANDIDATE to FOLLOWER at term 1 for REJECTED
dn1_1    | 2021-07-20 21:07:24,874 [pool-25-thread-1] INFO server.RaftServerConfigKeys: raft.server.snapshot.retention.file.num = 5 (custom)
scm_1    | 2021-07-20 21:04:37,079 [EventQueue-NodeRegistrationContainerReportForDataNodeSafeModeRule] INFO safemode.SCMSafeModeManager: SCM in safe mode. 3 DataNodes registered, 3 required.
dn3_1    | 2021-07-20 21:04:39,614 [pool-25-thread-1] INFO ratis.ContainerStateMachine: group-33CC5B74410A: The snapshot info is null. Setting the last applied indexto:(t:0, i:~)
om3_1    | 2021-07-20 21:04:51,168 [grpc-default-executor-3] INFO server.RaftServer$Division: om3@group-D66704EFC61C: receive requestVote(ELECTION, om1, group-D66704EFC61C, 6, (t:5, i:8))
om2_1    | 2021-07-20 21:04:56,280 [om2@group-D66704EFC61C-FollowerState] INFO impl.RoleInfo: om2: shutdown om2@group-D66704EFC61C-FollowerState
dn2_1    | 2021-07-20 21:04:44,042 [ed588059-5563-46b6-9dc9-94535956c9d0@group-33CC5B74410A-LeaderElection3] INFO impl.RoleInfo: ed588059-5563-46b6-9dc9-94535956c9d0: shutdown ed588059-5563-46b6-9dc9-94535956c9d0@group-33CC5B74410A-LeaderElection3
dn1_1    | 2021-07-20 21:07:24,874 [pool-25-thread-1] INFO server.RaftServerConfigKeys: raft.server.log.purge.upto.snapshot.index = false (default)
scm_1    | 2021-07-20 21:04:37,080 [EventQueue-NodeRegistrationContainerReportForDataNodeSafeModeRule] INFO safemode.SCMSafeModeManager: DataNodeSafeModeRule rule is successfully validated
dn3_1    | 2021-07-20 21:04:39,619 [pool-25-thread-1] INFO server.RaftServerConfigKeys: raft.server.notification.no-leader.timeout = 300s (custom)
om3_1    | 2021-07-20 21:04:51,185 [grpc-default-executor-2] INFO server.RaftServer$Division: om3@group-D66704EFC61C replies to ELECTION vote request: om2<-om3#0:FAIL-t6. Peer's state: om3@group-D66704EFC61C:t6, leader=null, voted=om3, raftlog=om3@group-D66704EFC61C-SegmentedRaftLog:OPENED:c7,f8,i8, conf=0: [om1|rpc:om1:9872|admin:|client:|dataStream:|priority:0, om3|rpc:om3:9872|admin:|client:|dataStream:|priority:0, om2|rpc:om2:9872|admin:|client:|dataStream:|priority:0], old=null
om2_1    | 2021-07-20 21:04:56,280 [om2@group-D66704EFC61C-FollowerState] INFO server.RaftServer$Division: om2@group-D66704EFC61C: changes role from  FOLLOWER to CANDIDATE at term 6 for changeToCandidate
dn2_1    | 2021-07-20 21:04:44,042 [ed588059-5563-46b6-9dc9-94535956c9d0@group-33CC5B74410A-LeaderElection3] INFO impl.RoleInfo: ed588059-5563-46b6-9dc9-94535956c9d0: start ed588059-5563-46b6-9dc9-94535956c9d0@group-33CC5B74410A-FollowerState
dn1_1    | 2021-07-20 21:07:24,874 [pool-25-thread-1] INFO server.RaftServerConfigKeys: raft.server.retrycache.expirytime = 600000ms (custom)
scm_1    | 2021-07-20 21:04:37,080 [EventQueue-NodeRegistrationContainerReportForDataNodeSafeModeRule] INFO safemode.SCMSafeModeManager: All SCM safe mode pre check rules have passed
dn3_1    | 2021-07-20 21:04:39,622 [pool-25-thread-1] INFO server.RaftServerConfigKeys: raft.server.log.use.memory = false (default)
om3_1    | 2021-07-20 21:04:51,197 [grpc-default-executor-3] INFO impl.VoteContext: om3@group-D66704EFC61C-CANDIDATE: reject ELECTION from om1: already has voted for om3 at current term 6
om2_1    | 2021-07-20 21:04:56,281 [om2@group-D66704EFC61C-FollowerState] INFO server.RaftServerConfigKeys: raft.server.leaderelection.pre-vote = false (custom)
dn2_1    | 2021-07-20 21:04:48,031 [ed588059-5563-46b6-9dc9-94535956c9d0@group-A33E2E9A0DB2-FollowerState] INFO impl.FollowerState: ed588059-5563-46b6-9dc9-94535956c9d0@group-A33E2E9A0DB2-FollowerState: change to CANDIDATE, lastRpcElapsedTime:5119211251ns, electionTimeout:5107ms
dn1_1    | 2021-07-20 21:07:24,874 [pool-25-thread-1] INFO server.RaftServerConfigKeys: raft.server.retrycache.statistics.expirytime = 100?s (default)
scm_1    | 2021-07-20 21:04:37,080 [EventQueue-PipelineReportForPipelineReportHandler] INFO pipeline.PipelineManagerV2Impl: Pipeline Pipeline[ Id: 86a24d5a-5509-4615-980d-7b2986a61938, Nodes: 11afc263-0400-4261-ad20-33f83045be7e{ip: 10.9.0.15, host: ha_dn1_1.ha_net, ports: [RATIS=9858, STANDALONE=9859], networkLocation: /default-rack, certSerialId: null, persistedOpState: null, persistedOpStateExpiryEpochSec: 0}, ReplicationConfig: RATIS/ONE, State:ALLOCATED, leaderId:11afc263-0400-4261-ad20-33f83045be7e, CreationTimestamp2021-07-20T21:04:29.367758Z[UTC]] moved to OPEN state
dn3_1    | 2021-07-20 21:04:39,623 [pool-25-thread-1] INFO server.RaftServerConfigKeys: raft.server.log.purge.gap = 1000000 (custom)
om3_1    | 2021-07-20 21:04:51,216 [grpc-default-executor-3] INFO server.RaftServer$Division: om3@group-D66704EFC61C replies to ELECTION vote request: om1<-om3#0:FAIL-t6. Peer's state: om3@group-D66704EFC61C:t6, leader=null, voted=om3, raftlog=om3@group-D66704EFC61C-SegmentedRaftLog:OPENED:c7,f8,i8, conf=0: [om1|rpc:om1:9872|admin:|client:|dataStream:|priority:0, om3|rpc:om3:9872|admin:|client:|dataStream:|priority:0, om2|rpc:om2:9872|admin:|client:|dataStream:|priority:0], old=null
om2_1    | 2021-07-20 21:04:56,281 [om2@group-D66704EFC61C-FollowerState] INFO impl.RoleInfo: om2: start om2@group-D66704EFC61C-LeaderElection2
dn2_1    | 2021-07-20 21:04:48,031 [ed588059-5563-46b6-9dc9-94535956c9d0@group-A33E2E9A0DB2-FollowerState] INFO impl.RoleInfo: ed588059-5563-46b6-9dc9-94535956c9d0: shutdown ed588059-5563-46b6-9dc9-94535956c9d0@group-A33E2E9A0DB2-FollowerState
dn1_1    | 2021-07-20 21:07:24,875 [pool-25-thread-1] INFO metrics.RatisMetrics: Creating Metrics Registry : ratis.leader_election.11afc263-0400-4261-ad20-33f83045be7e@group-7E54FCD47A5B
scm_1    | 2021-07-20 21:04:37,081 [EventQueue-OpenPipelineForHealthyPipelineSafeModeRule] INFO safemode.SCMSafeModeManager: SCM in safe mode. Healthy pipelines reported count is 0, required healthy pipeline reported count is 1
dn3_1    | 2021-07-20 21:04:39,624 [pool-25-thread-1] INFO server.RaftServerConfigKeys: raft.server.log.appender.buffer.byte-limit = 33554432 (custom)
om3_1    | 2021-07-20 21:04:51,263 [om3@group-D66704EFC61C-LeaderElection1] INFO impl.LeaderElection: om3@group-D66704EFC61C-LeaderElection1: ELECTION REJECTED received 2 response(s) and 0 exception(s):
om2_1    | 2021-07-20 21:04:56,287 [om2@group-D66704EFC61C-LeaderElection2] INFO impl.LeaderElection: om2@group-D66704EFC61C-LeaderElection2 ELECTION round 0: submit vote requests at term 7 for 0: [om1|rpc:om1:9872|admin:|client:|dataStream:|priority:0, om3|rpc:om3:9872|admin:|client:|dataStream:|priority:0, om2|rpc:om2:9872|admin:|client:|dataStream:|priority:0], old=null
dn2_1    | 2021-07-20 21:04:48,031 [ed588059-5563-46b6-9dc9-94535956c9d0@group-A33E2E9A0DB2-FollowerState] INFO server.RaftServer$Division: ed588059-5563-46b6-9dc9-94535956c9d0@group-A33E2E9A0DB2: changes role from  FOLLOWER to CANDIDATE at term 2 for changeToCandidate
dn1_1    | 2021-07-20 21:07:24,875 [pool-25-thread-1] INFO metrics.RatisMetrics: Creating Metrics Registry : ratis.server.11afc263-0400-4261-ad20-33f83045be7e@group-7E54FCD47A5B
dn3_1    | 2021-07-20 21:04:39,624 [pool-25-thread-1] INFO metrics.RatisMetrics: Creating Metrics Registry : ratis.log_worker.68c909d2-3a1b-4ed0-afc7-dab9bfa98037@group-33CC5B74410A
scm_1    | 2021-07-20 21:04:37,080 [EventQueue-NodeRegistrationContainerReportForDataNodeSafeModeRule] WARN events.EventQueue: No event handler registered for event TypedEvent{payloadType=SafeModeStatus, name='Safe mode status'}
om3_1    | 2021-07-20 21:04:51,263 [om3@group-D66704EFC61C-LeaderElection1] INFO impl.LeaderElection:   Response 0: om3<-om1#0:FAIL-t6
om2_1    | 2021-07-20 21:04:56,318 [om2@group-D66704EFC61C-LeaderElection2] INFO impl.LeaderElection: om2@group-D66704EFC61C-LeaderElection2: ELECTION PASSED received 1 response(s) and 0 exception(s):
dn2_1    | 2021-07-20 21:04:48,031 [ed588059-5563-46b6-9dc9-94535956c9d0@group-A33E2E9A0DB2-FollowerState] INFO server.RaftServerConfigKeys: raft.server.leaderelection.pre-vote = false (custom)
dn1_1    | 2021-07-20 21:07:24,876 [pool-25-thread-1] INFO server.RaftServer$Division: 11afc263-0400-4261-ad20-33f83045be7e@group-7E54FCD47A5B: start as a follower, conf=-1: [ed588059-5563-46b6-9dc9-94535956c9d0|rpc:10.9.0.16:9858|dataStream:|priority:1, 68c909d2-3a1b-4ed0-afc7-dab9bfa98037|rpc:10.9.0.17:9858|dataStream:|priority:0, 11afc263-0400-4261-ad20-33f83045be7e|rpc:10.9.0.15:9858|dataStream:|priority:0], old=null
dn3_1    | 2021-07-20 21:04:39,625 [pool-25-thread-1] INFO server.RaftServerConfigKeys: raft.server.log.segment.size.max = 1048576 (custom)
scm_1    | 2021-07-20 21:04:37,102 [EventQueue-NodeRegistrationContainerReportForDataNodeSafeModeRule] INFO ha.SCMContext: Update SafeModeStatus from SafeModeStatus{safeModeStatus=true, preCheckPassed=false} to SafeModeStatus{safeModeStatus=true, preCheckPassed=true}.
om3_1    | 2021-07-20 21:04:51,266 [om3@group-D66704EFC61C-LeaderElection1] INFO impl.LeaderElection:   Response 1: om3<-om2#0:FAIL-t6
om2_1    | 2021-07-20 21:04:56,318 [om2@group-D66704EFC61C-LeaderElection2] INFO impl.LeaderElection:   Response 0: om2<-om1#0:OK-t7
dn2_1    | 2021-07-20 21:04:48,032 [ed588059-5563-46b6-9dc9-94535956c9d0@group-A33E2E9A0DB2-FollowerState] INFO impl.RoleInfo: ed588059-5563-46b6-9dc9-94535956c9d0: start ed588059-5563-46b6-9dc9-94535956c9d0@group-A33E2E9A0DB2-LeaderElection4
dn1_1    | 2021-07-20 21:07:24,876 [pool-25-thread-1] INFO server.RaftServer$Division: 11afc263-0400-4261-ad20-33f83045be7e@group-7E54FCD47A5B: changes role from      null to FOLLOWER at term 0 for startAsFollower
dn3_1    | 2021-07-20 21:04:39,629 [pool-25-thread-1] INFO server.RaftServerConfigKeys: raft.server.log.segment.cache.num.max = 2 (custom)
scm_1    | 2021-07-20 21:04:37,116 [EventQueue-NodeRegistrationContainerReportForDataNodeSafeModeRule] INFO pipeline.BackgroundPipelineCreator: trigger a one-shot run on RatisPipelineUtilsThread.
om3_1    | 2021-07-20 21:04:51,266 [om3@group-D66704EFC61C-LeaderElection1] INFO impl.LeaderElection: om3@group-D66704EFC61C-LeaderElection1 ELECTION round 0: result REJECTED
om2_1    | 2021-07-20 21:04:56,318 [om2@group-D66704EFC61C-LeaderElection2] INFO impl.LeaderElection: om2@group-D66704EFC61C-LeaderElection2 ELECTION round 0: result PASSED
dn2_1    | 2021-07-20 21:04:48,034 [ed588059-5563-46b6-9dc9-94535956c9d0@group-A33E2E9A0DB2-LeaderElection4] INFO impl.LeaderElection: ed588059-5563-46b6-9dc9-94535956c9d0@group-A33E2E9A0DB2-LeaderElection4 ELECTION round 0: submit vote requests at term 3 for 0: [ed588059-5563-46b6-9dc9-94535956c9d0|rpc:10.9.0.16:9858|admin:|client:|dataStream:|priority:0, 68c909d2-3a1b-4ed0-afc7-dab9bfa98037|rpc:10.9.0.17:9858|admin:|client:|dataStream:|priority:0, 11afc263-0400-4261-ad20-33f83045be7e|rpc:10.9.0.15:9858|admin:|client:|dataStream:|priority:0], old=null
dn1_1    | 2021-07-20 21:07:24,876 [pool-25-thread-1] INFO impl.RoleInfo: 11afc263-0400-4261-ad20-33f83045be7e: start 11afc263-0400-4261-ad20-33f83045be7e@group-7E54FCD47A5B-FollowerState
dn3_1    | 2021-07-20 21:04:39,631 [pool-25-thread-1] INFO server.RaftServerConfigKeys: raft.server.log.segment.cache.size.max = 200MB (=209715200) (default)
scm_1    | 2021-07-20 21:04:37,181 [Listener at 0.0.0.0/9860] INFO handler.ContextHandler: Started o.e.j.s.ServletContextHandler@796d33eb{logs,/logs,file:///var/log/hadoop/,AVAILABLE}
om3_1    | 2021-07-20 21:04:51,268 [om3@group-D66704EFC61C-LeaderElection1] INFO server.RaftServer$Division: om3@group-D66704EFC61C: changes role from CANDIDATE to FOLLOWER at term 6 for REJECTED
dn2_1    | 2021-07-20 21:04:48,063 [ed588059-5563-46b6-9dc9-94535956c9d0@group-A33E2E9A0DB2-LeaderElection4] INFO impl.LeaderElection: ed588059-5563-46b6-9dc9-94535956c9d0@group-A33E2E9A0DB2-LeaderElection4: ELECTION PASSED received 1 response(s) and 0 exception(s):
dn1_1    | 2021-07-20 21:07:24,880 [pool-25-thread-1] INFO util.JmxRegister: Successfully registered JMX Bean with object name Ratis:service=RaftServer,group=group-7E54FCD47A5B,id=11afc263-0400-4261-ad20-33f83045be7e
dn3_1    | 2021-07-20 21:04:39,631 [pool-25-thread-1] INFO segmented.SegmentedRaftLogWorker: new 68c909d2-3a1b-4ed0-afc7-dab9bfa98037@group-33CC5B74410A-SegmentedRaftLogWorker for RaftStorageImpl:Storage Directory /data/metadata/ratis/a5c868f4-346d-4bc6-880c-33cc5b74410a
scm_1    | 2021-07-20 21:04:37,182 [Listener at 0.0.0.0/9860] INFO handler.ContextHandler: Started o.e.j.s.ServletContextHandler@2a8b33ba{static,/static,jar:file:/opt/hadoop/share/ozone/lib/hdds-server-scm-1.2.0-SNAPSHOT.jar!/webapps/static,AVAILABLE}
om2_1    | 2021-07-20 21:04:56,318 [om2@group-D66704EFC61C-LeaderElection2] INFO impl.RoleInfo: om2: shutdown om2@group-D66704EFC61C-LeaderElection2
om3_1    | 2021-07-20 21:04:51,268 [om3@group-D66704EFC61C-LeaderElection1] INFO impl.RoleInfo: om3: shutdown om3@group-D66704EFC61C-LeaderElection1
dn2_1    | 2021-07-20 21:04:48,064 [ed588059-5563-46b6-9dc9-94535956c9d0@group-A33E2E9A0DB2-LeaderElection4] INFO impl.LeaderElection:   Response 0: ed588059-5563-46b6-9dc9-94535956c9d0<-11afc263-0400-4261-ad20-33f83045be7e#0:OK-t3
dn1_1    | 2021-07-20 21:07:24,880 [pool-25-thread-1] INFO metrics.RatisMetrics: Creating Metrics Registry : ratis.state_machine.11afc263-0400-4261-ad20-33f83045be7e@group-7E54FCD47A5B
dn3_1    | 2021-07-20 21:04:39,632 [pool-25-thread-1] INFO server.RaftServerConfigKeys: raft.server.log.queue.byte-limit = 2147483647 (custom)
scm_1    | 2021-07-20 21:04:37,268 [RatisPipelineUtilsThread - 0] INFO pipeline.RatisPipelineProvider: Sending CreatePipelineCommand for pipeline:PipelineID=a5c868f4-346d-4bc6-880c-33cc5b74410a to datanode:ed588059-5563-46b6-9dc9-94535956c9d0
om2_1    | 2021-07-20 21:04:56,318 [om2@group-D66704EFC61C-LeaderElection2] INFO server.RaftServer$Division: om2@group-D66704EFC61C: changes role from CANDIDATE to LEADER at term 7 for changeToLeader
om3_1    | 2021-07-20 21:04:51,269 [om3@group-D66704EFC61C-LeaderElection1] INFO impl.RoleInfo: om3: start om3@group-D66704EFC61C-FollowerState
dn2_1    | 2021-07-20 21:04:48,066 [ed588059-5563-46b6-9dc9-94535956c9d0@group-A33E2E9A0DB2-LeaderElection4] INFO impl.LeaderElection: ed588059-5563-46b6-9dc9-94535956c9d0@group-A33E2E9A0DB2-LeaderElection4 ELECTION round 0: result PASSED
dn1_1    | 2021-07-20 21:07:25,004 [Command processor thread] INFO server.RaftServer: 11afc263-0400-4261-ad20-33f83045be7e: addNew group-B5DB06516539:[ed588059-5563-46b6-9dc9-94535956c9d0|rpc:10.9.0.16:9858|priority:0, 11afc263-0400-4261-ad20-33f83045be7e|rpc:10.9.0.15:9858|priority:1, 68c909d2-3a1b-4ed0-afc7-dab9bfa98037|rpc:10.9.0.17:9858|priority:0] returns group-B5DB06516539:java.util.concurrent.CompletableFuture@639edfec[Not completed]
dn3_1    | 2021-07-20 21:04:39,634 [pool-25-thread-1] INFO server.RaftServerConfigKeys: raft.server.log.queue.element-limit = 1024 (custom)
scm_1    | 2021-07-20 21:04:37,281 [RatisPipelineUtilsThread - 0] INFO pipeline.RatisPipelineProvider: Sending CreatePipelineCommand for pipeline:PipelineID=a5c868f4-346d-4bc6-880c-33cc5b74410a to datanode:11afc263-0400-4261-ad20-33f83045be7e
om2_1    | 2021-07-20 21:04:56,318 [om2@group-D66704EFC61C-LeaderElection2] INFO server.RaftServer$Division: om2@group-D66704EFC61C: change Leader from null to om2 at term 7 for becomeLeader, leader elected after 13609ms
om3_1    | 2021-07-20 21:04:56,313 [grpc-default-executor-2] INFO server.RaftServer$Division: om3@group-D66704EFC61C: receive requestVote(ELECTION, om2, group-D66704EFC61C, 7, (t:5, i:8))
dn2_1    | 2021-07-20 21:04:48,066 [ed588059-5563-46b6-9dc9-94535956c9d0@group-A33E2E9A0DB2-LeaderElection4] INFO impl.RoleInfo: ed588059-5563-46b6-9dc9-94535956c9d0: shutdown ed588059-5563-46b6-9dc9-94535956c9d0@group-A33E2E9A0DB2-LeaderElection4
dn1_1    | 2021-07-20 21:07:25,006 [pool-25-thread-1] INFO server.RaftServer$Division: 11afc263-0400-4261-ad20-33f83045be7e: new RaftServerImpl for group-B5DB06516539:[ed588059-5563-46b6-9dc9-94535956c9d0|rpc:10.9.0.16:9858|priority:0, 11afc263-0400-4261-ad20-33f83045be7e|rpc:10.9.0.15:9858|priority:1, 68c909d2-3a1b-4ed0-afc7-dab9bfa98037|rpc:10.9.0.17:9858|priority:0] with ContainerStateMachine:uninitialized
dn3_1    | 2021-07-20 21:04:39,634 [pool-25-thread-1] INFO server.RaftServerConfigKeys: raft.server.log.segment.size.max = 1048576 (custom)
scm_1    | 2021-07-20 21:04:37,282 [RatisPipelineUtilsThread - 0] INFO pipeline.RatisPipelineProvider: Sending CreatePipelineCommand for pipeline:PipelineID=a5c868f4-346d-4bc6-880c-33cc5b74410a to datanode:68c909d2-3a1b-4ed0-afc7-dab9bfa98037
om2_1    | 2021-07-20 21:04:56,328 [om2@group-D66704EFC61C-LeaderElection2] INFO server.RaftServerConfigKeys: raft.server.staging.catchup.gap = 1000 (default)
om3_1    | 2021-07-20 21:04:56,316 [grpc-default-executor-2] INFO impl.VoteContext: om3@group-D66704EFC61C-FOLLOWER: accept ELECTION from om2: our priority 0 <= candidate's priority 0
dn2_1    | 2021-07-20 21:04:48,075 [ed588059-5563-46b6-9dc9-94535956c9d0@group-A33E2E9A0DB2-LeaderElection4] INFO server.RaftServer$Division: ed588059-5563-46b6-9dc9-94535956c9d0@group-A33E2E9A0DB2: changes role from CANDIDATE to LEADER at term 3 for changeToLeader
dn1_1    | 2021-07-20 21:07:25,006 [pool-25-thread-1] INFO server.RaftServerConfigKeys: raft.server.rpc.timeout.min = 5s (custom)
dn3_1    | 2021-07-20 21:04:39,635 [pool-25-thread-1] INFO server.RaftServerConfigKeys: raft.server.log.preallocated.size = 16384 (custom)
scm_1    | 2021-07-20 21:04:37,319 [RatisPipelineUtilsThread - 0] INFO pipeline.PipelineStateManager: Created pipeline Pipeline[ Id: a5c868f4-346d-4bc6-880c-33cc5b74410a, Nodes: ed588059-5563-46b6-9dc9-94535956c9d0{ip: 10.9.0.16, host: ha_dn2_1.ha_net, ports: [REPLICATION=9886, RATIS=9858, RATIS_ADMIN=9858, RATIS_SERVER=9858, STANDALONE=9859], networkLocation: /default-rack, certSerialId: null, persistedOpState: IN_SERVICE, persistedOpStateExpiryEpochSec: 0}11afc263-0400-4261-ad20-33f83045be7e{ip: 10.9.0.15, host: ha_dn1_1.ha_net, ports: [REPLICATION=9886, RATIS=9858, RATIS_ADMIN=9858, RATIS_SERVER=9858, STANDALONE=9859], networkLocation: /default-rack, certSerialId: null, persistedOpState: IN_SERVICE, persistedOpStateExpiryEpochSec: 0}68c909d2-3a1b-4ed0-afc7-dab9bfa98037{ip: 10.9.0.17, host: ha_dn3_1.ha_net, ports: [REPLICATION=9886, RATIS=9858, RATIS_ADMIN=9858, RATIS_SERVER=9858, STANDALONE=9859], networkLocation: /default-rack, certSerialId: null, persistedOpState: IN_SERVICE, persistedOpStateExpiryEpochSec: 0}, ReplicationConfig: RATIS/THREE, State:ALLOCATED, leaderId:, CreationTimestamp2021-07-20T21:04:37.265Z[UTC]].
om2_1    | 2021-07-20 21:04:56,333 [om2@group-D66704EFC61C-LeaderElection2] INFO metrics.RatisMetrics: Creating Metrics Registry : ratis.log_appender.om2@group-D66704EFC61C
om3_1    | 2021-07-20 21:04:56,317 [grpc-default-executor-2] INFO server.RaftServer$Division: om3@group-D66704EFC61C: changes role from  FOLLOWER to FOLLOWER at term 7 for candidate:om2
dn2_1    | 2021-07-20 21:04:48,076 [ed588059-5563-46b6-9dc9-94535956c9d0@group-A33E2E9A0DB2-LeaderElection4] INFO ratis.XceiverServerRatis: Leader change notification received for group: group-A33E2E9A0DB2 with new leaderId: ed588059-5563-46b6-9dc9-94535956c9d0
dn1_1    | 2021-07-20 21:07:25,006 [pool-25-thread-1] INFO server.RaftServerConfigKeys: raft.server.rpc.timeout.max = 5200ms (custom)
dn3_1    | 2021-07-20 21:04:39,635 [pool-25-thread-1] INFO server.RaftServerConfigKeys: raft.server.log.force.sync.num = 128 (default)
scm_1    | 2021-07-20 21:04:37,334 [RatisPipelineUtilsThread - 0] INFO pipeline.PipelineManagerV2Impl: Pipeline: PipelineID=a5c868f4-346d-4bc6-880c-33cc5b74410a contains same datanodes as previous pipelines: PipelineID=ceb904c7-11a2-4ad7-bbae-a33e2e9a0db2 nodeIds: ed588059-5563-46b6-9dc9-94535956c9d0, 11afc263-0400-4261-ad20-33f83045be7e, 68c909d2-3a1b-4ed0-afc7-dab9bfa98037
om2_1    | 2021-07-20 21:04:56,342 [om2@group-D66704EFC61C-LeaderElection2] INFO server.RaftServerConfigKeys: raft.server.write.element-limit = 4096 (default)
om3_1    | 2021-07-20 21:04:56,318 [grpc-default-executor-2] INFO impl.RoleInfo: om3: shutdown om3@group-D66704EFC61C-FollowerState
dn2_1    | 2021-07-20 21:04:48,080 [ed588059-5563-46b6-9dc9-94535956c9d0@group-A33E2E9A0DB2-LeaderElection4] INFO server.RaftServer$Division: ed588059-5563-46b6-9dc9-94535956c9d0@group-A33E2E9A0DB2: change Leader from null to ed588059-5563-46b6-9dc9-94535956c9d0 at term 3 for becomeLeader, leader elected after 19051ms
dn1_1    | 2021-07-20 21:07:25,006 [pool-25-thread-1] INFO server.RaftServerConfigKeys: raft.server.rpc.sleep.time = 25ms (default)
dn3_1    | 2021-07-20 21:04:39,639 [pool-25-thread-1] INFO server.RaftServerConfigKeys: raft.server.log.statemachine.data.sync = true (default)
scm_1    | 2021-07-20 21:04:37,742 [Listener at 0.0.0.0/9860] INFO handler.ContextHandler: Started o.e.j.w.WebAppContext@7f5614f9{scm,/,file:///tmp/jetty-0_0_0_0-9876-hdds-server-scm-1_2_0-SNAPSHOT_jar-_-any-16105255705732236625/webapp/,AVAILABLE}{jar:file:/opt/hadoop/share/ozone/lib/hdds-server-scm-1.2.0-SNAPSHOT.jar!/webapps/scm}
om2_1    | 2021-07-20 21:04:56,343 [om2@group-D66704EFC61C-LeaderElection2] INFO server.RaftServerConfigKeys: raft.server.write.byte-limit = 64MB (=67108864) (default)
om3_1    | 2021-07-20 21:04:56,319 [om3@group-D66704EFC61C-FollowerState] INFO impl.FollowerState: om3@group-D66704EFC61C-FollowerState was interrupted: {}
dn2_1    | 2021-07-20 21:04:48,081 [Datanode State Machine Thread - 0] WARN statemachine.StateContext: No available thread in pool for past 30 seconds.
dn1_1    | 2021-07-20 21:07:25,006 [pool-25-thread-1] INFO server.RaftServerConfigKeys: raft.server.rpc.slowness.timeout = 300s (custom)
scm_1    | 2021-07-20 21:04:37,801 [Listener at 0.0.0.0/9860] INFO server.AbstractConnector: Started ServerConnector@624b523{HTTP/1.1, (http/1.1)}{0.0.0.0:9876}
om2_1    | 2021-07-20 21:04:56,348 [om2@group-D66704EFC61C-LeaderElection2] INFO server.RaftServerConfigKeys: raft.server.watch.timeout = 10s (default)
om3_1    | java.lang.InterruptedException: sleep interrupted
dn2_1    | 2021-07-20 21:04:48,085 [ed588059-5563-46b6-9dc9-94535956c9d0@group-A33E2E9A0DB2-LeaderElection4] INFO server.RaftServerConfigKeys: raft.server.staging.catchup.gap = 1000 (default)
dn1_1    | 2021-07-20 21:07:25,007 [pool-25-thread-1] INFO server.RaftServerConfigKeys: raft.server.leaderelection.leader.step-down.wait-time = 10s (default)
dn3_1    | 2021-07-20 21:04:39,644 [pool-25-thread-1] INFO server.RaftServerConfigKeys: raft.server.log.statemachine.data.sync.timeout = 10s (default)
scm_1    | 2021-07-20 21:04:37,802 [Listener at 0.0.0.0/9860] INFO server.Server: Started @43622ms
om2_1    | 2021-07-20 21:04:56,348 [om2@group-D66704EFC61C-LeaderElection2] INFO server.RaftServerConfigKeys: raft.server.watch.timeout.denomination = 1s (default)
om3_1    | 	at java.base/java.lang.Thread.sleep(Native Method)
dn2_1    | 2021-07-20 21:04:48,086 [ed588059-5563-46b6-9dc9-94535956c9d0@group-A33E2E9A0DB2-LeaderElection4] INFO metrics.RatisMetrics: Creating Metrics Registry : ratis.log_appender.ed588059-5563-46b6-9dc9-94535956c9d0@group-A33E2E9A0DB2
dn1_1    | 2021-07-20 21:07:25,007 [pool-25-thread-1] INFO server.RaftServerConfigKeys: raft.server.sleep.deviation.threshold = 300ms (default)
dn3_1    | 2021-07-20 21:04:39,644 [pool-25-thread-1] INFO server.RaftServerConfigKeys: raft.server.log.statemachine.data.sync.timeout.retry = -1 (default)
scm_1    | 2021-07-20 21:04:37,815 [Listener at 0.0.0.0/9860] INFO impl.MetricsSinkAdapter: Sink prometheus started
om2_1    | 2021-07-20 21:04:56,349 [om2@group-D66704EFC61C-LeaderElection2] INFO server.RaftServerConfigKeys: raft.server.watch.element-limit = 65536 (default)
om3_1    | 	at java.base/java.lang.Thread.sleep(Thread.java:339)
dn2_1    | 2021-07-20 21:04:48,087 [ed588059-5563-46b6-9dc9-94535956c9d0@group-A33E2E9A0DB2-LeaderElection4] INFO server.RaftServerConfigKeys: raft.server.write.element-limit = 1024 (custom)
dn1_1    | 2021-07-20 21:07:25,008 [pool-25-thread-1] INFO server.RaftServerConfigKeys: raft.server.log.appender.install.snapshot.enabled = false (custom)
dn3_1    | 2021-07-20 21:04:39,645 [pool-25-thread-1] INFO server.RaftServerConfigKeys: raft.server.log.write.buffer.size = 1048576 (custom)
scm_1    | 2021-07-20 21:04:37,815 [Listener at 0.0.0.0/9860] INFO impl.MetricsSystemImpl: Registered sink prometheus
om2_1    | 2021-07-20 21:04:56,361 [om2@group-D66704EFC61C-LeaderElection2] INFO server.RaftServerConfigKeys: raft.server.log.appender.snapshot.chunk.size.max = 16MB (=16777216) (default)
om3_1    | 	at java.base/java.util.concurrent.TimeUnit.sleep(TimeUnit.java:446)
dn2_1    | 2021-07-20 21:04:48,087 [ed588059-5563-46b6-9dc9-94535956c9d0@group-A33E2E9A0DB2-LeaderElection4] INFO server.RaftServerConfigKeys: raft.server.write.byte-limit = 1073741824 (custom)
dn1_1    | 2021-07-20 21:07:25,008 [pool-25-thread-1] INFO server.RaftServer$Division: 11afc263-0400-4261-ad20-33f83045be7e@group-B5DB06516539: ConfigurationManager, init=-1: [ed588059-5563-46b6-9dc9-94535956c9d0|rpc:10.9.0.16:9858|priority:0, 11afc263-0400-4261-ad20-33f83045be7e|rpc:10.9.0.15:9858|priority:1, 68c909d2-3a1b-4ed0-afc7-dab9bfa98037|rpc:10.9.0.17:9858|priority:0], old=null, confs=<EMPTY_MAP>
dn3_1    | 2021-07-20 21:04:39,651 [pool-25-thread-1] INFO server.RaftServerConfigKeys: raft.server.log.statemachine.data.caching.enabled = true (custom)
scm_1    | 2021-07-20 21:04:37,816 [Listener at 0.0.0.0/9860] INFO http.BaseHttpServer: HTTP server of scm listening at http://0.0.0.0:9876
om2_1    | 2021-07-20 21:04:56,361 [om2@group-D66704EFC61C-LeaderElection2] INFO server.RaftServerConfigKeys: raft.server.log.appender.buffer.byte-limit = 33554432 (custom)
om3_1    | 	at org.apache.ratis.util.TimeDuration.sleep(TimeDuration.java:324)
dn2_1    | 2021-07-20 21:04:48,088 [ed588059-5563-46b6-9dc9-94535956c9d0@group-A33E2E9A0DB2-LeaderElection4] INFO server.RaftServerConfigKeys: raft.server.watch.timeout = 180s (custom)
dn1_1    | 2021-07-20 21:07:25,009 [pool-25-thread-1] INFO server.RaftServerConfigKeys: raft.server.storage.dir = [/data/metadata/ratis] (custom)
dn3_1    | 2021-07-20 21:04:39,654 [pool-25-thread-1] INFO segmented.SegmentedRaftLogWorker: 68c909d2-3a1b-4ed0-afc7-dab9bfa98037@group-33CC5B74410A-SegmentedRaftLogWorker: flushIndex: setUnconditionally 0 -> -1
scm_1    | 2021-07-20 21:04:38,897 [EventQueue-OpenPipelineForHealthyPipelineSafeModeRule] INFO safemode.SCMSafeModeManager: SCM in safe mode. Healthy pipelines reported count is 0, required healthy pipeline reported count is 1
om2_1    | 2021-07-20 21:04:56,361 [om2@group-D66704EFC61C-LeaderElection2] INFO server.RaftServerConfigKeys: raft.server.log.appender.buffer.element-limit = 1024 (custom)
om3_1    | 	at org.apache.ratis.util.TimeDuration.sleep(TimeDuration.java:309)
dn2_1    | 2021-07-20 21:04:48,089 [ed588059-5563-46b6-9dc9-94535956c9d0@group-A33E2E9A0DB2-LeaderElection4] INFO server.RaftServerConfigKeys: raft.server.watch.timeout.denomination = 1s (default)
dn1_1    | 2021-07-20 21:07:25,009 [pool-25-thread-1] INFO server.RaftServerConfigKeys: raft.server.log.corruption.policy = EXCEPTION (default)
dn3_1    | 2021-07-20 21:04:39,656 [pool-25-thread-1] INFO segmented.SegmentedRaftLogWorker: 68c909d2-3a1b-4ed0-afc7-dab9bfa98037@group-33CC5B74410A-SegmentedRaftLogWorker: safeCacheEvictIndex: setUnconditionally 0 -> -1
scm_1    | 2021-07-20 21:04:39,841 [EventQueue-OpenPipelineForHealthyPipelineSafeModeRule] INFO safemode.SCMSafeModeManager: SCM in safe mode. Healthy pipelines reported count is 0, required healthy pipeline reported count is 1
om2_1    | 2021-07-20 21:04:56,364 [om2@group-D66704EFC61C-LeaderElection2] INFO grpc.GrpcConfigKeys: raft.grpc.server.leader.outstanding.appends.max = 128 (default)
om3_1    | 	at org.apache.ratis.server.impl.FollowerState.run(FollowerState.java:118)
dn2_1    | 2021-07-20 21:04:48,091 [ed588059-5563-46b6-9dc9-94535956c9d0@group-A33E2E9A0DB2-LeaderElection4] INFO server.RaftServerConfigKeys: raft.server.watch.element-limit = 65536 (default)
dn1_1    | 2021-07-20 21:07:25,009 [pool-25-thread-1] INFO storage.RaftStorageDirectory: The storage directory /data/metadata/ratis/946d371b-5560-48e1-8099-b5db06516539 does not exist. Creating ...
dn3_1    | 2021-07-20 21:04:39,656 [pool-25-thread-1] INFO server.RaftServerConfigKeys: raft.server.snapshot.auto.trigger.enabled = true (custom)
scm_1    | 2021-07-20 21:04:40,072 [EventQueue-OpenPipelineForHealthyPipelineSafeModeRule] INFO safemode.SCMSafeModeManager: SCM in safe mode. Healthy pipelines reported count is 0, required healthy pipeline reported count is 1
om2_1    | 2021-07-20 21:04:56,364 [om2@group-D66704EFC61C-LeaderElection2] INFO server.RaftServerConfigKeys: raft.server.rpc.request.timeout = 3000ms (default)
om3_1    | 2021-07-20 21:04:56,324 [grpc-default-executor-2] INFO impl.RoleInfo: om3: start om3@group-D66704EFC61C-FollowerState
dn2_1    | 2021-07-20 21:04:48,114 [ed588059-5563-46b6-9dc9-94535956c9d0@group-A33E2E9A0DB2-LeaderElection4] INFO server.RaftServerConfigKeys: raft.server.log.appender.snapshot.chunk.size.max = 16MB (=16777216) (default)
dn1_1    | 2021-07-20 21:07:25,012 [pool-25-thread-1] INFO storage.RaftStorageDirectory: Lock on /data/metadata/ratis/946d371b-5560-48e1-8099-b5db06516539/in_use.lock acquired by nodename 7@5222ab3c9b27
dn3_1    | 2021-07-20 21:04:39,657 [pool-25-thread-1] INFO server.RaftServerConfigKeys: raft.server.snapshot.auto.trigger.threshold = 10000 (custom)
scm_1    | 2021-07-20 21:04:40,315 [EventQueue-OpenPipelineForHealthyPipelineSafeModeRule] INFO safemode.SCMSafeModeManager: SCM in safe mode. Healthy pipelines reported count is 0, required healthy pipeline reported count is 1
om3_1    | 2021-07-20 21:04:56,333 [grpc-default-executor-2] INFO server.RaftServer$Division: om3@group-D66704EFC61C replies to ELECTION vote request: om2<-om3#0:OK-t7. Peer's state: om3@group-D66704EFC61C:t7, leader=null, voted=om2, raftlog=om3@group-D66704EFC61C-SegmentedRaftLog:OPENED:c7,f8,i8, conf=0: [om1|rpc:om1:9872|admin:|client:|dataStream:|priority:0, om3|rpc:om3:9872|admin:|client:|dataStream:|priority:0, om2|rpc:om2:9872|admin:|client:|dataStream:|priority:0], old=null
om2_1    | 2021-07-20 21:04:56,364 [om2@group-D66704EFC61C-LeaderElection2] INFO server.RaftServerConfigKeys: raft.server.log.appender.install.snapshot.enabled = false (custom)
dn2_1    | 2021-07-20 21:04:48,114 [ed588059-5563-46b6-9dc9-94535956c9d0@group-A33E2E9A0DB2-LeaderElection4] INFO server.RaftServerConfigKeys: raft.server.log.appender.buffer.byte-limit = 33554432 (custom)
dn3_1    | 2021-07-20 21:04:39,657 [pool-25-thread-1] INFO server.RaftServerConfigKeys: raft.server.snapshot.retention.file.num = 5 (custom)
dn1_1    | 2021-07-20 21:07:25,020 [pool-25-thread-1] INFO storage.RaftStorage: Storage directory /data/metadata/ratis/946d371b-5560-48e1-8099-b5db06516539 has been successfully formatted.
scm_1    | 2021-07-20 21:04:40,353 [EventQueue-OpenPipelineForHealthyPipelineSafeModeRule] INFO safemode.SCMSafeModeManager: SCM in safe mode. Healthy pipelines reported count is 0, required healthy pipeline reported count is 1
om3_1    | 2021-07-20 21:04:56,432 [grpc-default-executor-2] INFO server.RaftServer$Division: om3@group-D66704EFC61C: change Leader from null to om2 at term 7 for appendEntries, leader elected after 12948ms
om2_1    | 2021-07-20 21:04:56,365 [om2@group-D66704EFC61C-LeaderElection2] INFO metrics.RatisMetrics: Creating Metrics Registry : ratis_grpc.log_appender.om2@group-D66704EFC61C
dn2_1    | 2021-07-20 21:04:48,115 [ed588059-5563-46b6-9dc9-94535956c9d0@group-A33E2E9A0DB2-LeaderElection4] INFO server.RaftServerConfigKeys: raft.server.log.appender.buffer.element-limit = 1 (custom)
dn3_1    | 2021-07-20 21:04:39,659 [pool-25-thread-1] INFO server.RaftServerConfigKeys: raft.server.log.purge.upto.snapshot.index = false (default)
dn1_1    | 2021-07-20 21:07:25,022 [Datanode State Machine Thread - 0] WARN statemachine.StateContext: No available thread in pool for past 30 seconds.
scm_1    | 2021-07-20 21:04:40,381 [EventQueue-OpenPipelineForHealthyPipelineSafeModeRule] INFO safemode.SCMSafeModeManager: SCM in safe mode. Healthy pipelines reported count is 0, required healthy pipeline reported count is 1
om3_1    | 2021-07-20 21:04:56,519 [grpc-default-executor-2] INFO server.RaftServer$Division: om3@group-D66704EFC61C: set configuration 9: [om1|rpc:om1:9872|admin:|client:|dataStream:|priority:0, om3|rpc:om3:9872|admin:|client:|dataStream:|priority:0, om2|rpc:om2:9872|admin:|client:|dataStream:|priority:0], old=null
om2_1    | 2021-07-20 21:04:56,368 [om2@group-D66704EFC61C-LeaderElection2] INFO server.RaftServerConfigKeys: raft.server.log.appender.snapshot.chunk.size.max = 16MB (=16777216) (default)
om2_1    | 2021-07-20 21:04:56,368 [om2@group-D66704EFC61C-LeaderElection2] INFO server.RaftServerConfigKeys: raft.server.log.appender.buffer.byte-limit = 33554432 (custom)
dn3_1    | 2021-07-20 21:04:39,662 [pool-25-thread-1] INFO server.RaftServerConfigKeys: raft.server.retrycache.expirytime = 600000ms (custom)
dn1_1    | 2021-07-20 21:07:25,030 [pool-25-thread-1] INFO ratis.ContainerStateMachine: group-B5DB06516539: The snapshot info is null. Setting the last applied indexto:(t:0, i:~)
scm_1    | 2021-07-20 21:04:48,100 [EventQueue-OpenPipelineForHealthyPipelineSafeModeRule] INFO safemode.SCMSafeModeManager: SCM in safe mode. Healthy pipelines reported count is 0, required healthy pipeline reported count is 1
om3_1    | 2021-07-20 21:04:56,540 [grpc-default-executor-2] INFO segmented.SegmentedRaftLogWorker: om3@group-D66704EFC61C-SegmentedRaftLogWorker: Rolling segment log-0_8 to index:8
om2_1    | 2021-07-20 21:04:56,368 [om2@group-D66704EFC61C-LeaderElection2] INFO server.RaftServerConfigKeys: raft.server.log.appender.buffer.element-limit = 1024 (custom)
dn2_1    | 2021-07-20 21:04:48,120 [ed588059-5563-46b6-9dc9-94535956c9d0@group-A33E2E9A0DB2-LeaderElection4] INFO grpc.GrpcConfigKeys: raft.grpc.server.leader.outstanding.appends.max = 128 (default)
dn3_1    | 2021-07-20 21:04:39,663 [pool-25-thread-1] INFO server.RaftServerConfigKeys: raft.server.retrycache.statistics.expirytime = 100?s (default)
dn1_1    | 2021-07-20 21:07:25,031 [pool-25-thread-1] INFO server.RaftServerConfigKeys: raft.server.notification.no-leader.timeout = 300s (custom)
scm_1    | 2021-07-20 21:04:48,101 [EventQueue-PipelineReportForPipelineReportHandler] INFO pipeline.PipelineManagerV2Impl: Pipeline Pipeline[ Id: ceb904c7-11a2-4ad7-bbae-a33e2e9a0db2, Nodes: 68c909d2-3a1b-4ed0-afc7-dab9bfa98037{ip: 10.9.0.17, host: ha_dn3_1.ha_net, ports: [RATIS=9858, STANDALONE=9859], networkLocation: /default-rack, certSerialId: null, persistedOpState: null, persistedOpStateExpiryEpochSec: 0}ed588059-5563-46b6-9dc9-94535956c9d0{ip: 10.9.0.16, host: ha_dn2_1.ha_net, ports: [RATIS=9858, STANDALONE=9859], networkLocation: /default-rack, certSerialId: null, persistedOpState: null, persistedOpStateExpiryEpochSec: 0}11afc263-0400-4261-ad20-33f83045be7e{ip: 10.9.0.15, host: ha_dn1_1.ha_net, ports: [RATIS=9858, STANDALONE=9859], networkLocation: /default-rack, certSerialId: null, persistedOpState: null, persistedOpStateExpiryEpochSec: 0}, ReplicationConfig: RATIS/THREE, State:ALLOCATED, leaderId:ed588059-5563-46b6-9dc9-94535956c9d0, CreationTimestamp2021-07-20T21:04:29.369349Z[UTC]] moved to OPEN state
scm_1    | 2021-07-20 21:04:48,101 [EventQueue-OpenPipelineForHealthyPipelineSafeModeRule] INFO safemode.SCMSafeModeManager: SCM in safe mode. Healthy pipelines reported count is 1, required healthy pipeline reported count is 1
scm_1    | 2021-07-20 21:04:48,102 [EventQueue-OpenPipelineForHealthyPipelineSafeModeRule] INFO safemode.SCMSafeModeManager: HealthyPipelineSafeModeRule rule is successfully validated
om3_1    | 2021-07-20 21:04:56,551 [om3@group-D66704EFC61C-SegmentedRaftLogWorker] INFO segmented.SegmentedRaftLogWorker: om3@group-D66704EFC61C-SegmentedRaftLogWorker: Rolled log segment from /data/metadata/ratis/5cb24680-b9e7-3c90-a862-d66704efc61c/current/log_inprogress_0 to /data/metadata/ratis/5cb24680-b9e7-3c90-a862-d66704efc61c/current/log_0-8
dn3_1    | 2021-07-20 21:04:39,666 [pool-25-thread-1] INFO metrics.RatisMetrics: Creating Metrics Registry : ratis.leader_election.68c909d2-3a1b-4ed0-afc7-dab9bfa98037@group-33CC5B74410A
dn1_1    | 2021-07-20 21:07:25,031 [pool-25-thread-1] INFO server.RaftServerConfigKeys: raft.server.log.use.memory = false (default)
scm_1    | 2021-07-20 21:04:48,102 [EventQueue-OpenPipelineForHealthyPipelineSafeModeRule] INFO safemode.SCMSafeModeManager: ScmSafeModeManager, all rules are successfully validated
dn2_1    | 2021-07-20 21:04:48,122 [ed588059-5563-46b6-9dc9-94535956c9d0@group-A33E2E9A0DB2-LeaderElection4] INFO server.RaftServerConfigKeys: raft.server.rpc.request.timeout = 60s (custom)
om2_1    | 2021-07-20 21:04:56,368 [om2@group-D66704EFC61C-LeaderElection2] INFO grpc.GrpcConfigKeys: raft.grpc.server.leader.outstanding.appends.max = 128 (default)
om3_1    | 2021-07-20 21:04:56,604 [om3@group-D66704EFC61C-SegmentedRaftLogWorker] INFO segmented.SegmentedRaftLogWorker: om3@group-D66704EFC61C-SegmentedRaftLogWorker: created new log segment /data/metadata/ratis/5cb24680-b9e7-3c90-a862-d66704efc61c/current/log_inprogress_9
dn3_1    | 2021-07-20 21:04:39,620 [Datanode State Machine Thread - 0] WARN statemachine.StateContext: No available thread in pool for past 30 seconds.
dn1_1    | 2021-07-20 21:07:25,032 [pool-25-thread-1] INFO server.RaftServerConfigKeys: raft.server.log.purge.gap = 1000000 (custom)
scm_1    | 2021-07-20 21:04:48,102 [EventQueue-OpenPipelineForHealthyPipelineSafeModeRule] INFO safemode.SCMSafeModeManager: SCM exiting safe mode.
dn2_1    | 2021-07-20 21:04:48,126 [ed588059-5563-46b6-9dc9-94535956c9d0@group-A33E2E9A0DB2-LeaderElection4] INFO server.RaftServerConfigKeys: raft.server.log.appender.install.snapshot.enabled = false (custom)
om2_1    | 2021-07-20 21:04:56,368 [om2@group-D66704EFC61C-LeaderElection2] INFO server.RaftServerConfigKeys: raft.server.rpc.request.timeout = 3000ms (default)
om3_1    | 2021-07-20 21:05:45,913 [OM StateMachine ApplyTransaction Thread - 0] INFO volume.OMVolumeCreateRequest: created volume:new1-volume for user:hadoop
dn3_1    | 2021-07-20 21:04:39,668 [pool-25-thread-1] INFO metrics.RatisMetrics: Creating Metrics Registry : ratis.server.68c909d2-3a1b-4ed0-afc7-dab9bfa98037@group-33CC5B74410A
dn1_1    | 2021-07-20 21:07:25,033 [pool-25-thread-1] INFO server.RaftServerConfigKeys: raft.server.log.appender.buffer.byte-limit = 33554432 (custom)
scm_1    | 2021-07-20 21:04:48,102 [EventQueue-OpenPipelineForHealthyPipelineSafeModeRule] WARN events.EventQueue: No event handler registered for event TypedEvent{payloadType=SafeModeStatus, name='Safe mode status'}
dn2_1    | 2021-07-20 21:04:48,127 [ed588059-5563-46b6-9dc9-94535956c9d0@group-A33E2E9A0DB2-LeaderElection4] INFO metrics.RatisMetrics: Creating Metrics Registry : ratis_grpc.log_appender.ed588059-5563-46b6-9dc9-94535956c9d0@group-A33E2E9A0DB2
om2_1    | 2021-07-20 21:04:56,368 [om2@group-D66704EFC61C-LeaderElection2] INFO server.RaftServerConfigKeys: raft.server.log.appender.install.snapshot.enabled = false (custom)
om3_1    | 2021-07-20 21:07:37,413 [OMDoubleBufferFlushThread] INFO upgrade.OMFinalizeUpgradeResponse: Layout version to persist to DB : 0
dn3_1    | 2021-07-20 21:04:39,670 [pool-25-thread-1] INFO server.RaftServer$Division: 68c909d2-3a1b-4ed0-afc7-dab9bfa98037@group-33CC5B74410A: start as a follower, conf=-1: [ed588059-5563-46b6-9dc9-94535956c9d0|rpc:10.9.0.16:9858|priority:0, 11afc263-0400-4261-ad20-33f83045be7e|rpc:10.9.0.15:9858|priority:0, 68c909d2-3a1b-4ed0-afc7-dab9bfa98037|rpc:10.9.0.17:9858|priority:1], old=null
dn1_1    | 2021-07-20 21:07:25,033 [pool-25-thread-1] INFO metrics.RatisMetrics: Creating Metrics Registry : ratis.log_worker.11afc263-0400-4261-ad20-33f83045be7e@group-B5DB06516539
scm_1    | 2021-07-20 21:04:48,102 [EventQueue-OpenPipelineForHealthyPipelineSafeModeRule] INFO ha.SCMContext: Update SafeModeStatus from SafeModeStatus{safeModeStatus=true, preCheckPassed=true} to SafeModeStatus{safeModeStatus=false, preCheckPassed=true}.
om2_1    | 2021-07-20 21:04:56,371 [om2@group-D66704EFC61C-LeaderElection2] INFO impl.RoleInfo: om2: start om2@group-D66704EFC61C-LeaderStateImpl
dn2_1    | 2021-07-20 21:04:48,131 [ed588059-5563-46b6-9dc9-94535956c9d0@group-A33E2E9A0DB2-LeaderElection4] INFO server.RaftServerConfigKeys: raft.server.log.appender.snapshot.chunk.size.max = 16MB (=16777216) (default)
om3_1    | 2021-07-20 21:08:31,076 [OM StateMachine ApplyTransaction Thread - 0] INFO volume.OMVolumeCreateRequest: created volume:new2-volume for user:hadoop
dn3_1    | 2021-07-20 21:04:39,677 [pool-25-thread-1] INFO server.RaftServer$Division: 68c909d2-3a1b-4ed0-afc7-dab9bfa98037@group-33CC5B74410A: changes role from      null to FOLLOWER at term 0 for startAsFollower
dn1_1    | 2021-07-20 21:07:25,036 [pool-25-thread-1] INFO server.RaftServerConfigKeys: raft.server.log.segment.size.max = 1048576 (custom)
om2_1    | 2021-07-20 21:04:56,378 [om2@group-D66704EFC61C-LeaderElection2] INFO segmented.SegmentedRaftLogWorker: om2@group-D66704EFC61C-SegmentedRaftLogWorker: Rolling segment log-0_8 to index:8
scm_1    | 2021-07-20 21:04:48,102 [EventQueue-OpenPipelineForHealthyPipelineSafeModeRule] INFO pipeline.BackgroundPipelineCreator: Service BackgroundPipelineCreator transitions to RUNNING.
dn2_1    | 2021-07-20 21:04:48,139 [ed588059-5563-46b6-9dc9-94535956c9d0@group-A33E2E9A0DB2-LeaderElection4] INFO server.RaftServerConfigKeys: raft.server.log.appender.buffer.byte-limit = 33554432 (custom)
dn1_1    | 2021-07-20 21:07:25,037 [pool-25-thread-1] INFO server.RaftServerConfigKeys: raft.server.log.segment.cache.num.max = 2 (custom)
dn1_1    | 2021-07-20 21:07:25,038 [pool-25-thread-1] INFO server.RaftServerConfigKeys: raft.server.log.segment.cache.size.max = 200MB (=209715200) (default)
om2_1    | 2021-07-20 21:04:56,381 [om2@group-D66704EFC61C-SegmentedRaftLogWorker] INFO segmented.SegmentedRaftLogWorker: om2@group-D66704EFC61C-SegmentedRaftLogWorker: Rolled log segment from /data/metadata/ratis/5cb24680-b9e7-3c90-a862-d66704efc61c/current/log_inprogress_0 to /data/metadata/ratis/5cb24680-b9e7-3c90-a862-d66704efc61c/current/log_0-8
scm_1    | 2021-07-20 21:04:48,102 [EventQueue-OpenPipelineForHealthyPipelineSafeModeRule] INFO container.ReplicationManager: Service ReplicationManager transitions to RUNNING.
dn2_1    | 2021-07-20 21:04:48,142 [ed588059-5563-46b6-9dc9-94535956c9d0@group-A33E2E9A0DB2-LeaderElection4] INFO server.RaftServerConfigKeys: raft.server.log.appender.buffer.element-limit = 1 (custom)
dn1_1    | 2021-07-20 21:07:25,038 [pool-25-thread-1] INFO segmented.SegmentedRaftLogWorker: new 11afc263-0400-4261-ad20-33f83045be7e@group-B5DB06516539-SegmentedRaftLogWorker for RaftStorageImpl:Storage Directory /data/metadata/ratis/946d371b-5560-48e1-8099-b5db06516539
dn3_1    | 2021-07-20 21:04:39,678 [pool-25-thread-1] INFO impl.RoleInfo: 68c909d2-3a1b-4ed0-afc7-dab9bfa98037: start 68c909d2-3a1b-4ed0-afc7-dab9bfa98037@group-33CC5B74410A-FollowerState
om2_1    | 2021-07-20 21:04:56,391 [om2@group-D66704EFC61C-SegmentedRaftLogWorker] INFO segmented.SegmentedRaftLogWorker: om2@group-D66704EFC61C-SegmentedRaftLogWorker: created new log segment /data/metadata/ratis/5cb24680-b9e7-3c90-a862-d66704efc61c/current/log_inprogress_9
scm_1    | 2021-07-20 21:04:49,102 [EventQueue-PipelineReportForPipelineReportHandler] INFO pipeline.PipelineManagerV2Impl: Pipeline Pipeline[ Id: a5c868f4-346d-4bc6-880c-33cc5b74410a, Nodes: ed588059-5563-46b6-9dc9-94535956c9d0{ip: 10.9.0.16, host: ha_dn2_1.ha_net, ports: [REPLICATION=9886, RATIS=9858, RATIS_ADMIN=9858, RATIS_SERVER=9858, STANDALONE=9859], networkLocation: /default-rack, certSerialId: null, persistedOpState: IN_SERVICE, persistedOpStateExpiryEpochSec: 0}11afc263-0400-4261-ad20-33f83045be7e{ip: 10.9.0.15, host: ha_dn1_1.ha_net, ports: [REPLICATION=9886, RATIS=9858, RATIS_ADMIN=9858, RATIS_SERVER=9858, STANDALONE=9859], networkLocation: /default-rack, certSerialId: null, persistedOpState: IN_SERVICE, persistedOpStateExpiryEpochSec: 0}68c909d2-3a1b-4ed0-afc7-dab9bfa98037{ip: 10.9.0.17, host: ha_dn3_1.ha_net, ports: [REPLICATION=9886, RATIS=9858, RATIS_ADMIN=9858, RATIS_SERVER=9858, STANDALONE=9859], networkLocation: /default-rack, certSerialId: null, persistedOpState: IN_SERVICE, persistedOpStateExpiryEpochSec: 0}, ReplicationConfig: RATIS/THREE, State:ALLOCATED, leaderId:68c909d2-3a1b-4ed0-afc7-dab9bfa98037, CreationTimestamp2021-07-20T21:04:37.265Z[UTC]] moved to OPEN state
dn2_1    | 2021-07-20 21:04:48,143 [ed588059-5563-46b6-9dc9-94535956c9d0@group-A33E2E9A0DB2-LeaderElection4] INFO grpc.GrpcConfigKeys: raft.grpc.server.leader.outstanding.appends.max = 128 (default)
dn1_1    | 2021-07-20 21:07:25,039 [pool-25-thread-1] INFO server.RaftServerConfigKeys: raft.server.log.queue.byte-limit = 2147483647 (custom)
dn3_1    | 2021-07-20 21:04:39,727 [pool-25-thread-1] INFO util.JmxRegister: Successfully registered JMX Bean with object name Ratis:service=RaftServer,group=group-33CC5B74410A,id=68c909d2-3a1b-4ed0-afc7-dab9bfa98037
om2_1    | 2021-07-20 21:04:56,403 [om2@group-D66704EFC61C-LeaderElection2] INFO server.RaftServer$Division: om2@group-D66704EFC61C: set configuration 9: [om1|rpc:om1:9872|admin:|client:|dataStream:|priority:0, om3|rpc:om3:9872|admin:|client:|dataStream:|priority:0, om2|rpc:om2:9872|admin:|client:|dataStream:|priority:0], old=null
scm_1    | 2021-07-20 21:05:50,725 [IPC Server handler 35 on default port 9863] WARN ha.SequenceIdGenerator: Failed to allocate a batch for containerId, expected lastId is 0, actual lastId is 1.
dn2_1    | 2021-07-20 21:04:48,143 [ed588059-5563-46b6-9dc9-94535956c9d0@group-A33E2E9A0DB2-LeaderElection4] INFO server.RaftServerConfigKeys: raft.server.rpc.request.timeout = 60s (custom)
dn1_1    | 2021-07-20 21:07:25,039 [pool-25-thread-1] INFO server.RaftServerConfigKeys: raft.server.log.queue.element-limit = 1024 (custom)
dn3_1    | 2021-07-20 21:04:39,727 [pool-25-thread-1] INFO metrics.RatisMetrics: Creating Metrics Registry : ratis.state_machine.68c909d2-3a1b-4ed0-afc7-dab9bfa98037@group-33CC5B74410A
om2_1    | 2021-07-20 21:05:34,098 [qtp518349613-49] INFO utils.DBCheckpointServlet: Received request to obtain DB checkpoint snapshot
scm_1    | 2021-07-20 21:05:50,727 [IPC Server handler 35 on default port 9863] INFO ha.SequenceIdGenerator: Allocate a batch for containerId, change lastId from 1 to 1001.
dn2_1    | 2021-07-20 21:04:48,144 [ed588059-5563-46b6-9dc9-94535956c9d0@group-A33E2E9A0DB2-LeaderElection4] INFO server.RaftServerConfigKeys: raft.server.log.appender.install.snapshot.enabled = false (custom)
dn1_1    | 2021-07-20 21:07:25,039 [pool-25-thread-1] INFO server.RaftServerConfigKeys: raft.server.log.segment.size.max = 1048576 (custom)
dn3_1    | 2021-07-20 21:04:39,841 [Command processor thread] INFO ratis.XceiverServerRatis: Created group PipelineID=a5c868f4-346d-4bc6-880c-33cc5b74410a
om2_1    | 2021-07-20 21:05:34,103 [qtp518349613-49] INFO db.RDBCheckpointManager: Created checkpoint at /data/metadata/db.checkpoints/om.db_checkpoint_1626815134099 in 3 milliseconds
scm_1    | 2021-07-20 21:05:50,738 [IPC Server handler 35 on default port 9863] WARN ha.SequenceIdGenerator: Failed to allocate a batch for localId, expected lastId is 0, actual lastId is 107544261427200000.
