om2_1        | 2021-08-03 06:01:53,443 [pool-24-thread-1] INFO server.RaftServerConfigKeys: raft.server.log.queue.element-limit = 4096 (default)
om2_1        | 2021-08-03 06:01:53,451 [pool-24-thread-1] INFO server.RaftServerConfigKeys: raft.server.log.segment.size.max = 4194304 (custom)
om2_1        | 2021-08-03 06:01:53,453 [pool-24-thread-1] INFO server.RaftServerConfigKeys: raft.server.log.preallocated.size = 4194304 (custom)
om2_1        | 2021-08-03 06:01:53,476 [pool-24-thread-1] INFO server.RaftServerConfigKeys: raft.server.log.force.sync.num = 128 (default)
datanode3_1  | 2021-08-03 06:01:43,430 [pool-23-thread-1] INFO server.RaftServerConfigKeys: raft.server.log.queue.byte-limit = 2147483647 (custom)
datanode3_1  | 2021-08-03 06:01:43,431 [pool-23-thread-1] INFO server.RaftServerConfigKeys: raft.server.log.queue.element-limit = 1024 (custom)
datanode3_1  | 2021-08-03 06:01:43,431 [pool-23-thread-1] INFO server.RaftServerConfigKeys: raft.server.log.segment.size.max = 1048576 (custom)
datanode3_1  | 2021-08-03 06:01:43,431 [pool-23-thread-1] INFO server.RaftServerConfigKeys: raft.server.log.preallocated.size = 16384 (custom)
datanode3_1  | 2021-08-03 06:01:43,433 [pool-23-thread-1] INFO server.RaftServerConfigKeys: raft.server.log.force.sync.num = 128 (default)
scm2.org_1   | 	at org.apache.hadoop.ipc.Server$RpcCall.run(Server.java:963)
scm2.org_1   | 	at java.base/java.security.AccessController.doPrivileged(Native Method)
scm2.org_1   | 	at java.base/javax.security.auth.Subject.doAs(Subject.java:423)
scm2.org_1   | 	at org.apache.hadoop.security.UserGroupInformation.doAs(UserGroupInformation.java:1878)
om1_1        | 2021-08-03 06:01:53,121 [Listener at om1/9862] INFO server.RaftServer$Division: om1@group-562213E44849: start as a follower, conf=-1: [om1|rpc:om1:9872|priority:0, om3|rpc:om3:9872|priority:0, om2|rpc:om2:9872|priority:0], old=null
om1_1        | 2021-08-03 06:01:53,124 [Listener at om1/9862] INFO server.RaftServer$Division: om1@group-562213E44849: changes role from      null to FOLLOWER at term 0 for startAsFollower
om3_1        | 2021-08-03 06:01:52,490 [pool-24-thread-1] INFO storage.RaftStorage: Storage directory /data/metadata/ratis/fafe1b60-c241-37cc-98f4-562213e44849 has been successfully formatted.
om3_1        | 2021-08-03 06:01:52,504 [pool-24-thread-1] INFO server.RaftServerConfigKeys: raft.server.notification.no-leader.timeout = 120s (custom)
om3_1        | 2021-08-03 06:01:52,521 [pool-24-thread-1] INFO server.RaftServerConfigKeys: raft.server.log.use.memory = false (default)
datanode2_1  | java.io.IOException: org.apache.ratis.thirdparty.io.grpc.StatusRuntimeException: UNAVAILABLE: Network closed for unknown reason
datanode2_1  | 	at org.apache.ratis.grpc.GrpcUtil.unwrapException(GrpcUtil.java:92)
datanode2_1  | 	at org.apache.ratis.grpc.client.GrpcClientProtocolClient.blockingCall(GrpcClientProtocolClient.java:217)
scm1.org_1   | 2021-08-03 05:59:47,246 [e2a4cd0f-08b8-4024-bbff-791b42bac0ad@group-FC00A9D576DB-LeaderElection1] INFO server.RaftServerConfigKeys: raft.server.write.element-limit = 4096 (default)
scm1.org_1   | 2021-08-03 05:59:47,256 [e2a4cd0f-08b8-4024-bbff-791b42bac0ad@group-FC00A9D576DB-LeaderElection1] INFO server.RaftServerConfigKeys: raft.server.write.byte-limit = 64MB (=67108864) (default)
scm2.org_1   | 	at org.apache.hadoop.ipc.Server$Handler.run(Server.java:2966)
scm2.org_1   | , while invoking $Proxy15.send over nodeId=scm1,nodeAddress=scm1.org/172.25.0.116:9863 after 6 failover attempts. Trying to failover after sleeping for 2000ms.
scm2.org_1   | 2021-08-03 05:59:59,676 [main] INFO retry.RetryInvocationHandler: com.google.protobuf.ServiceException: java.net.ConnectException: Call From scm2.org/172.25.0.117 to scm2.org:9863 failed on connection exception: java.net.ConnectException: Connection refused; For more details see:  http://wiki.apache.org/hadoop/ConnectionRefused, while invoking $Proxy15.send over nodeId=scm2,nodeAddress=scm2.org/172.25.0.117:9863 after 7 failover attempts. Trying to failover after sleeping for 2000ms.
om3_1        | 2021-08-03 06:01:52,570 [pool-24-thread-1] INFO server.RaftServerConfigKeys: raft.server.log.purge.gap = 1000000 (custom)
om2_1        | 2021-08-03 06:01:53,481 [pool-24-thread-1] INFO server.RaftServerConfigKeys: raft.server.log.statemachine.data.sync = true (default)
om2_1        | 2021-08-03 06:01:53,489 [pool-24-thread-1] INFO server.RaftServerConfigKeys: raft.server.log.statemachine.data.sync.timeout = 10s (default)
scm3.org_1   | 2021-08-03 06:00:25,461 [main] INFO ozone.OzoneSecurityUtil: ip:127.0.0.1 not returned.
scm3.org_1   | 2021-08-03 06:00:25,464 [main] INFO ha.HASecurityUtils: Creating csr for SCM->hostName:scm3.org,scmId:0894c95e-5073-4612-acd5-0657ac5ac3f0,clusterId:CID-6675b650-60d3-4df3-acd6-fc00a9d576db,subject:scm-sub@scm3.org
s3g_1        | 2021-08-03 06:08:55,577 [qtp1557989809-17] INFO endpoint.BucketEndpoint: Location is /bucket-70184
s3g_1        | 2021-08-03 06:08:56,108 [qtp1557989809-23] INFO rpc.RpcClient: Creating Bucket: s3v/bucket-07281, with Versioning false and Storage Type set to DISK and Encryption set to false 
s3g_1        | 2021-08-03 06:08:56,117 [qtp1557989809-23] INFO endpoint.BucketEndpoint: Location is /bucket-07281
s3g_1        | 2021-08-03 06:08:56,643 [qtp1557989809-17] INFO rpc.RpcClient: Creating Bucket: s3v/bucket-66459, with Versioning false and Storage Type set to DISK and Encryption set to false 
datanode3_1  | 2021-08-03 06:01:43,433 [pool-23-thread-1] INFO server.RaftServerConfigKeys: raft.server.log.statemachine.data.sync = true (default)
datanode3_1  | 2021-08-03 06:01:43,433 [pool-23-thread-1] INFO server.RaftServerConfigKeys: raft.server.log.statemachine.data.sync.timeout = 10s (default)
datanode3_1  | 2021-08-03 06:01:43,434 [pool-23-thread-1] INFO server.RaftServerConfigKeys: raft.server.log.statemachine.data.sync.timeout.retry = -1 (default)
datanode2_1  | 	at org.apache.ratis.grpc.client.GrpcClientProtocolClient.groupAdd(GrpcClientProtocolClient.java:178)
datanode2_1  | 	at org.apache.ratis.grpc.client.GrpcClientRpc.sendRequest(GrpcClientRpc.java:96)
datanode2_1  | 	at org.apache.ratis.client.impl.BlockingImpl.sendRequest(BlockingImpl.java:130)
datanode2_1  | 	at org.apache.ratis.client.impl.GroupManagementImpl.add(GroupManagementImpl.java:51)
datanode2_1  | 	at org.apache.hadoop.ozone.container.common.statemachine.commandhandler.CreatePipelineCommandHandler.lambda$handle$1(CreatePipelineCommandHandler.java:99)
s3g_1        | 2021-08-03 06:08:56,658 [qtp1557989809-17] INFO endpoint.BucketEndpoint: Location is /bucket-66459
datanode3_1  | 2021-08-03 06:01:43,434 [pool-23-thread-1] INFO server.RaftServerConfigKeys: raft.server.log.write.buffer.size = 1048576 (custom)
datanode3_1  | 2021-08-03 06:01:43,436 [pool-23-thread-1] INFO server.RaftServerConfigKeys: raft.server.log.statemachine.data.caching.enabled = true (custom)
scm1.org_1   | 2021-08-03 05:59:47,262 [e2a4cd0f-08b8-4024-bbff-791b42bac0ad@group-FC00A9D576DB-LeaderElection1] INFO server.RaftServerConfigKeys: raft.server.watch.timeout = 10s (default)
scm1.org_1   | 2021-08-03 05:59:47,263 [e2a4cd0f-08b8-4024-bbff-791b42bac0ad@group-FC00A9D576DB-LeaderElection1] INFO server.RaftServerConfigKeys: raft.server.watch.timeout.denomination = 1s (default)
scm1.org_1   | 2021-08-03 05:59:47,263 [e2a4cd0f-08b8-4024-bbff-791b42bac0ad@group-FC00A9D576DB-LeaderElection1] INFO server.RaftServerConfigKeys: raft.server.watch.element-limit = 65536 (default)
om3_1        | 2021-08-03 06:01:52,573 [pool-24-thread-1] INFO server.RaftServerConfigKeys: raft.server.log.appender.buffer.byte-limit = 33554432 (custom)
om3_1        | 2021-08-03 06:01:52,670 [pool-24-thread-1] INFO server.RaftServerConfigKeys: raft.server.log.segment.size.max = 4194304 (custom)
om2_1        | 2021-08-03 06:01:53,490 [pool-24-thread-1] INFO server.RaftServerConfigKeys: raft.server.log.statemachine.data.sync.timeout.retry = -1 (default)
om2_1        | 2021-08-03 06:01:53,546 [pool-24-thread-1] INFO server.RaftServerConfigKeys: raft.server.log.write.buffer.size = 64KB (=65536) (default)
om2_1        | 2021-08-03 06:01:53,549 [pool-24-thread-1] INFO server.RaftServerConfigKeys: raft.server.log.statemachine.data.caching.enabled = false (default)
s3g_1        | 2021-08-03 06:08:57,314 [qtp1557989809-23] INFO rpc.RpcClient: Creating Bucket: s3v/bucket-66459, with Versioning false and Storage Type set to DISK and Encryption set to false 
s3g_1        | 2021-08-03 06:08:57,341 [qtp1557989809-23] INFO endpoint.BucketEndpoint: Location is /bucket-66459
s3g_1        | 2021-08-03 06:08:57,865 [qtp1557989809-17] ERROR endpoint.BucketEndpoint: Error in Create Bucket Request for bucket: bucket_1
scm2.org_1   | 2021-08-03 06:00:01,677 [main] INFO retry.RetryInvocationHandler: com.google.protobuf.ServiceException: java.net.ConnectException: Call From scm2.org/172.25.0.117 to scm3.org:9863 failed on connection exception: java.net.ConnectException: Connection refused; For more details see:  http://wiki.apache.org/hadoop/ConnectionRefused, while invoking $Proxy15.send over nodeId=scm3,nodeAddress=scm3.org/172.25.0.118:9863 after 8 failover attempts. Trying to failover after sleeping for 2000ms.
scm2.org_1   | 2021-08-03 06:00:03,767 [main] INFO ha.HASecurityUtils: Initializing secure StorageContainerManager.
datanode1_1  | 2021-08-03 06:01:44,312 [1dc56844-0478-4d1b-bf8f-aa3fedaabdf3@group-9D6A1264F4BB-FollowerState] INFO impl.RoleInfo: 1dc56844-0478-4d1b-bf8f-aa3fedaabdf3: start 1dc56844-0478-4d1b-bf8f-aa3fedaabdf3@group-9D6A1264F4BB-LeaderElection1
datanode1_1  | 2021-08-03 06:01:44,317 [1dc56844-0478-4d1b-bf8f-aa3fedaabdf3@group-9D6A1264F4BB-LeaderElection1] INFO impl.LeaderElection: 1dc56844-0478-4d1b-bf8f-aa3fedaabdf3@group-9D6A1264F4BB-LeaderElection1 ELECTION round 0: submit vote requests at term 1 for -1: [80e2c21a-a5da-4761-8712-1523d9a0be70|rpc:172.25.0.104:9856|admin:172.25.0.104:9857|client:172.25.0.104:9858|priority:1, 823ac867-0aae-4856-831b-9d516a32145d|rpc:172.25.0.103:9856|admin:172.25.0.103:9857|client:172.25.0.103:9858|priority:0, 1dc56844-0478-4d1b-bf8f-aa3fedaabdf3|rpc:172.25.0.102:9856|admin:172.25.0.102:9857|client:172.25.0.102:9858|priority:0], old=null
datanode1_1  | 2021-08-03 06:01:46,732 [grpc-default-executor-1] INFO server.RaftServer$Division: 1dc56844-0478-4d1b-bf8f-aa3fedaabdf3@group-9D6A1264F4BB: receive requestVote(ELECTION, 80e2c21a-a5da-4761-8712-1523d9a0be70, group-9D6A1264F4BB, 1, (t:0, i:0))
datanode1_1  | 2021-08-03 06:01:46,776 [grpc-default-executor-1] INFO impl.VoteContext: 1dc56844-0478-4d1b-bf8f-aa3fedaabdf3@group-9D6A1264F4BB-CANDIDATE: reject ELECTION from 80e2c21a-a5da-4761-8712-1523d9a0be70: already has voted for 1dc56844-0478-4d1b-bf8f-aa3fedaabdf3 at current term 1
om1_1        | 2021-08-03 06:01:53,125 [Listener at om1/9862] INFO impl.RoleInfo: om1: start om1@group-562213E44849-FollowerState
om1_1        | 2021-08-03 06:01:53,130 [Listener at om1/9862] INFO util.JmxRegister: Successfully registered JMX Bean with object name Ratis:service=RaftServer,group=group-562213E44849,id=om1
scm3.org_1   | 2021-08-03 06:00:26,001 [main] INFO ha.HASecurityUtils: Successfully stored SCM signed certificate.
scm3.org_1   | 2021-08-03 06:00:26,013 [main] INFO server.StorageContainerManager: SCM BootStrap  is successful for ClusterID CID-6675b650-60d3-4df3-acd6-fc00a9d576db, SCMID 0894c95e-5073-4612-acd5-0657ac5ac3f0
s3g_1        | INVALID_BUCKET_NAME org.apache.hadoop.ozone.om.exceptions.OMException: Bucket or Volume name has an unsupported character : _
datanode3_1  | 2021-08-03 06:01:43,438 [pool-23-thread-1] INFO segmented.SegmentedRaftLogWorker: 80e2c21a-a5da-4761-8712-1523d9a0be70@group-A7A3A0BA4200-SegmentedRaftLogWorker: flushIndex: setUnconditionally 0 -> -1
datanode3_1  | 2021-08-03 06:01:43,440 [pool-23-thread-1] INFO segmented.SegmentedRaftLogWorker: 80e2c21a-a5da-4761-8712-1523d9a0be70@group-A7A3A0BA4200-SegmentedRaftLogWorker: safeCacheEvictIndex: setUnconditionally 0 -> -1
datanode3_1  | 2021-08-03 06:01:43,461 [pool-23-thread-1] INFO server.RaftServerConfigKeys: raft.server.snapshot.auto.trigger.enabled = true (custom)
om3_1        | 2021-08-03 06:01:52,725 [Listener at om3/9862] INFO om.OzoneManager: Configured ozone.om.metadata.layout=SIMPLE and disabled optimized OM FS operations
om3_1        | 2021-08-03 06:01:52,727 [pool-24-thread-1] INFO server.RaftServerConfigKeys: raft.server.log.segment.cache.num.max = 2 (custom)
om1_1        | 2021-08-03 06:01:53,145 [Listener at om1/9862] INFO server.RaftServer: om1: start RPC server
scm3.org_1   | 2021-08-03 06:00:26,013 [main] INFO server.StorageContainerManager: Primary SCM Node ID e2a4cd0f-08b8-4024-bbff-791b42bac0ad
datanode2_1  | 	at java.base/java.util.stream.ForEachOps$ForEachOp$OfRef.accept(ForEachOps.java:183)
datanode2_1  | 	at java.base/java.util.stream.ReferencePipeline$2$1.accept(ReferencePipeline.java:177)
om2_1        | 2021-08-03 06:01:53,586 [pool-24-thread-1] INFO segmented.SegmentedRaftLogWorker: om2@group-562213E44849-SegmentedRaftLogWorker: flushIndex: setUnconditionally 0 -> -1
scm2.org_1   | 2021-08-03 06:00:04,313 [main] ERROR client.SCMCertificateClient: Default certificate serial id is not set. Can't locate the default certificate for this client.
scm1.org_1   | 2021-08-03 05:59:47,269 [e2a4cd0f-08b8-4024-bbff-791b42bac0ad@group-FC00A9D576DB-LeaderElection1] INFO impl.RoleInfo: e2a4cd0f-08b8-4024-bbff-791b42bac0ad: start e2a4cd0f-08b8-4024-bbff-791b42bac0ad@group-FC00A9D576DB-LeaderStateImpl
scm1.org_1   | 2021-08-03 05:59:47,288 [e2a4cd0f-08b8-4024-bbff-791b42bac0ad@group-FC00A9D576DB-LeaderElection1] INFO segmented.SegmentedRaftLogWorker: e2a4cd0f-08b8-4024-bbff-791b42bac0ad@group-FC00A9D576DB-SegmentedRaftLogWorker: Starting segment from index:0
scm1.org_1   | 2021-08-03 05:59:47,348 [e2a4cd0f-08b8-4024-bbff-791b42bac0ad@group-FC00A9D576DB-LeaderElection1] INFO server.RaftServer$Division: e2a4cd0f-08b8-4024-bbff-791b42bac0ad@group-FC00A9D576DB: set configuration 0: [e2a4cd0f-08b8-4024-bbff-791b42bac0ad|rpc:scm1.org:9894|admin:|client:|dataStream:|priority:0], old=null
om3_1        | 2021-08-03 06:01:52,727 [pool-24-thread-1] INFO server.RaftServerConfigKeys: raft.server.log.segment.cache.size.max = 200MB (=209715200) (default)
om3_1        | 2021-08-03 06:01:52,767 [pool-24-thread-1] INFO segmented.SegmentedRaftLogWorker: new om3@group-562213E44849-SegmentedRaftLogWorker for RaftStorageImpl:Storage Directory /data/metadata/ratis/fafe1b60-c241-37cc-98f4-562213e44849
scm3.org_1   | 2021-08-03 06:00:26,037 [shutdown-hook-0] INFO server.StorageContainerManagerStarter: SHUTDOWN_MSG: 
scm3.org_1   | /************************************************************
om2_1        | 2021-08-03 06:01:53,586 [pool-24-thread-1] INFO segmented.SegmentedRaftLogWorker: om2@group-562213E44849-SegmentedRaftLogWorker: safeCacheEvictIndex: setUnconditionally 0 -> -1
om2_1        | 2021-08-03 06:01:53,591 [pool-24-thread-1] INFO server.RaftServerConfigKeys: raft.server.snapshot.auto.trigger.enabled = true (custom)
om2_1        | 2021-08-03 06:01:53,603 [pool-24-thread-1] INFO server.RaftServerConfigKeys: raft.server.snapshot.auto.trigger.threshold = 400000 (default)
datanode3_1  | 2021-08-03 06:01:43,463 [pool-23-thread-1] INFO server.RaftServerConfigKeys: raft.server.snapshot.auto.trigger.threshold = 10000 (custom)
datanode3_1  | 2021-08-03 06:01:43,463 [pool-23-thread-1] INFO server.RaftServerConfigKeys: raft.server.snapshot.retention.file.num = 5 (custom)
datanode3_1  | 2021-08-03 06:01:43,463 [pool-23-thread-1] INFO server.RaftServerConfigKeys: raft.server.log.purge.upto.snapshot.index = false (default)
datanode1_1  | 2021-08-03 06:01:46,782 [1dc56844-0478-4d1b-bf8f-aa3fedaabdf3@group-9D6A1264F4BB-LeaderElection1] INFO impl.LeaderElection: 1dc56844-0478-4d1b-bf8f-aa3fedaabdf3@group-9D6A1264F4BB-LeaderElection1: ELECTION REJECTED received 1 response(s) and 0 exception(s):
om3_1        | 2021-08-03 06:01:52,770 [pool-24-thread-1] INFO server.RaftServerConfigKeys: raft.server.log.queue.byte-limit = 64MB (=67108864) (default)
om3_1        | 2021-08-03 06:01:52,773 [pool-24-thread-1] INFO server.RaftServerConfigKeys: raft.server.log.queue.element-limit = 4096 (default)
scm3.org_1   | SHUTDOWN_MSG: Shutting down StorageContainerManager at scm3.org/172.25.0.118
om1_1        | 2021-08-03 06:01:53,322 [Listener at om1/9862] INFO server.GrpcService: om1: GrpcService started, listening on 9872
om1_1        | 2021-08-03 06:01:53,385 [Listener at om1/9862] INFO om.OzoneManager: Starting OM block token secret manager
scm1.org_1   | 2021-08-03 05:59:47,395 [e2a4cd0f-08b8-4024-bbff-791b42bac0ad@group-FC00A9D576DB-SegmentedRaftLogWorker] INFO segmented.SegmentedRaftLogWorker: e2a4cd0f-08b8-4024-bbff-791b42bac0ad@group-FC00A9D576DB-SegmentedRaftLogWorker: created new log segment /data/metadata/scm-ha/6675b650-60d3-4df3-acd6-fc00a9d576db/current/log_inprogress_0
scm2.org_1   | 2021-08-03 06:00:04,315 [main] INFO client.SCMCertificateClient: Certificate client init case: 0
datanode1_1  | 2021-08-03 06:01:46,802 [1dc56844-0478-4d1b-bf8f-aa3fedaabdf3@group-9D6A1264F4BB-LeaderElection1] INFO impl.LeaderElection:   Response 0: 1dc56844-0478-4d1b-bf8f-aa3fedaabdf3<-80e2c21a-a5da-4761-8712-1523d9a0be70#0:FAIL-t1
datanode2_1  | 	at java.base/java.util.ArrayList$ArrayListSpliterator.forEachRemaining(ArrayList.java:1655)
datanode2_1  | 	at java.base/java.util.stream.AbstractPipeline.copyInto(AbstractPipeline.java:484)
datanode2_1  | 	at java.base/java.util.stream.AbstractPipeline.wrapAndCopyInto(AbstractPipeline.java:474)
datanode2_1  | 	at java.base/java.util.stream.ForEachOps$ForEachOp.evaluateSequential(ForEachOps.java:150)
om3_1        | 2021-08-03 06:01:52,774 [pool-24-thread-1] INFO server.RaftServerConfigKeys: raft.server.log.segment.size.max = 4194304 (custom)
scm1.org_1   | 2021-08-03 05:59:48,141 [main] INFO server.RaftServer: e2a4cd0f-08b8-4024-bbff-791b42bac0ad: close
scm1.org_1   | 2021-08-03 05:59:48,142 [main] INFO server.RaftServer$Division: e2a4cd0f-08b8-4024-bbff-791b42bac0ad@group-FC00A9D576DB: shutdown
s3g_1        | 	at org.apache.hadoop.ozone.client.rpc.RpcClient.verifyBucketName(RpcClient.java:521)
s3g_1        | 	at org.apache.hadoop.ozone.client.rpc.RpcClient.createBucket(RpcClient.java:464)
scm2.org_1   | 2021-08-03 06:00:04,318 [main] INFO client.SCMCertificateClient: Creating keypair for client as keypair and certificate not found.
scm2.org_1   | 2021-08-03 06:00:05,226 [main] INFO ha.HASecurityUtils: Init response: GETCERT
datanode3_1  | 2021-08-03 06:01:43,464 [pool-23-thread-1] INFO server.RaftServerConfigKeys: raft.server.retrycache.expirytime = 600000ms (custom)
scm3.org_1   | ************************************************************/
om2_1        | 2021-08-03 06:01:53,616 [pool-24-thread-1] INFO server.RaftServerConfigKeys: raft.server.snapshot.retention.file.num = -1 (default)
om2_1        | 2021-08-03 06:01:53,625 [pool-24-thread-1] INFO server.RaftServerConfigKeys: raft.server.log.purge.upto.snapshot.index = true (custom)
om3_1        | 2021-08-03 06:01:52,776 [pool-24-thread-1] INFO server.RaftServerConfigKeys: raft.server.log.preallocated.size = 4194304 (custom)
om3_1        | 2021-08-03 06:01:52,782 [pool-24-thread-1] INFO server.RaftServerConfigKeys: raft.server.log.force.sync.num = 128 (default)
s3g_1        | 	at org.apache.hadoop.ozone.client.rpc.RpcClient.createBucket(RpcClient.java:455)
s3g_1        | 	at org.apache.hadoop.ozone.client.OzoneVolume.createBucket(OzoneVolume.java:385)
s3g_1        | 	at org.apache.hadoop.ozone.client.ObjectStore.createS3Bucket(ObjectStore.java:118)
s3g_1        | 	at org.apache.hadoop.ozone.s3.endpoint.EndpointBase.createS3Bucket(EndpointBase.java:94)
om1_1        | 2021-08-03 06:01:53,385 [Listener at om1/9862] INFO security.OzoneBlockTokenSecretManager: Updating the current master key for generating tokens
om1_1        | 2021-08-03 06:01:53,387 [Listener at om1/9862] INFO om.OzoneManager: Starting OM delegation token secret manager
om1_1        | 2021-08-03 06:01:53,387 [Listener at om1/9862] INFO security.OzoneDelegationTokenSecretManager: Updating the current master key for generating tokens
om1_1        | 2021-08-03 06:01:53,401 [Listener at om1/9862] INFO om.OzoneManager: Version File has different layout version (0) than OM DB (null). That is expected if this OM has never been finalized to a newer layout version.
om3_1        | 2021-08-03 06:01:52,788 [pool-24-thread-1] INFO server.RaftServerConfigKeys: raft.server.log.statemachine.data.sync = true (default)
scm1.org_1   | 2021-08-03 05:59:48,142 [main] INFO util.JmxRegister: Successfully un-registered JMX Bean with object name Ratis:service=RaftServer,group=group-FC00A9D576DB,id=e2a4cd0f-08b8-4024-bbff-791b42bac0ad
scm1.org_1   | 2021-08-03 05:59:48,142 [main] INFO impl.RoleInfo: e2a4cd0f-08b8-4024-bbff-791b42bac0ad: shutdown e2a4cd0f-08b8-4024-bbff-791b42bac0ad@group-FC00A9D576DB-LeaderStateImpl
scm1.org_1   | 2021-08-03 05:59:48,148 [main] INFO impl.PendingRequests: e2a4cd0f-08b8-4024-bbff-791b42bac0ad@group-FC00A9D576DB-PendingRequests: sendNotLeaderResponses
scm1.org_1   | 2021-08-03 05:59:48,150 [e2a4cd0f-08b8-4024-bbff-791b42bac0ad@group-FC00A9D576DB-StateMachineUpdater] INFO impl.StateMachineUpdater: e2a4cd0f-08b8-4024-bbff-791b42bac0ad@group-FC00A9D576DB-StateMachineUpdater: Took a snapshot at index 0
scm1.org_1   | 2021-08-03 05:59:48,150 [e2a4cd0f-08b8-4024-bbff-791b42bac0ad@group-FC00A9D576DB-StateMachineUpdater] INFO impl.StateMachineUpdater: e2a4cd0f-08b8-4024-bbff-791b42bac0ad@group-FC00A9D576DB-StateMachineUpdater: snapshotIndex: updateIncreasingly -1 -> 0
scm1.org_1   | 2021-08-03 05:59:48,154 [main] INFO impl.StateMachineUpdater: e2a4cd0f-08b8-4024-bbff-791b42bac0ad@group-FC00A9D576DB-StateMachineUpdater: set stopIndex = 0
scm1.org_1   | 2021-08-03 05:59:48,154 [main] INFO server.RaftServer$Division: e2a4cd0f-08b8-4024-bbff-791b42bac0ad@group-FC00A9D576DB: closes. applyIndex: 0
datanode1_1  | 2021-08-03 06:01:46,803 [1dc56844-0478-4d1b-bf8f-aa3fedaabdf3@group-9D6A1264F4BB-LeaderElection1] INFO impl.LeaderElection: 1dc56844-0478-4d1b-bf8f-aa3fedaabdf3@group-9D6A1264F4BB-LeaderElection1 ELECTION round 0: result REJECTED
datanode1_1  | 2021-08-03 06:01:46,836 [grpc-default-executor-1] INFO server.RaftServer$Division: 1dc56844-0478-4d1b-bf8f-aa3fedaabdf3@group-9D6A1264F4BB replies to ELECTION vote request: 80e2c21a-a5da-4761-8712-1523d9a0be70<-1dc56844-0478-4d1b-bf8f-aa3fedaabdf3#0:FAIL-t1. Peer's state: 1dc56844-0478-4d1b-bf8f-aa3fedaabdf3@group-9D6A1264F4BB:t1, leader=null, voted=1dc56844-0478-4d1b-bf8f-aa3fedaabdf3, raftlog=1dc56844-0478-4d1b-bf8f-aa3fedaabdf3@group-9D6A1264F4BB-SegmentedRaftLog:OPENED:c-1,f-1,i0, conf=-1: [80e2c21a-a5da-4761-8712-1523d9a0be70|rpc:172.25.0.104:9856|admin:172.25.0.104:9857|client:172.25.0.104:9858|priority:1, 823ac867-0aae-4856-831b-9d516a32145d|rpc:172.25.0.103:9856|admin:172.25.0.103:9857|client:172.25.0.103:9858|priority:0, 1dc56844-0478-4d1b-bf8f-aa3fedaabdf3|rpc:172.25.0.102:9856|admin:172.25.0.102:9857|client:172.25.0.102:9858|priority:0], old=null
datanode1_1  | 2021-08-03 06:01:46,846 [1dc56844-0478-4d1b-bf8f-aa3fedaabdf3@group-9D6A1264F4BB-LeaderElection1] INFO server.RaftServer$Division: 1dc56844-0478-4d1b-bf8f-aa3fedaabdf3@group-9D6A1264F4BB: changes role from CANDIDATE to FOLLOWER at term 1 for REJECTED
datanode1_1  | 2021-08-03 06:01:46,846 [1dc56844-0478-4d1b-bf8f-aa3fedaabdf3@group-9D6A1264F4BB-LeaderElection1] INFO impl.RoleInfo: 1dc56844-0478-4d1b-bf8f-aa3fedaabdf3: shutdown 1dc56844-0478-4d1b-bf8f-aa3fedaabdf3@group-9D6A1264F4BB-LeaderElection1
scm2.org_1   | 2021-08-03 06:00:05,250 [main] INFO ozone.OzoneSecurityUtil: Adding ip:172.25.0.117,host:scm2.org
scm2.org_1   | 2021-08-03 06:00:05,250 [main] INFO ozone.OzoneSecurityUtil: ip:127.0.0.1 not returned.
scm2.org_1   | 2021-08-03 06:00:05,253 [main] INFO ha.HASecurityUtils: Creating csr for SCM->hostName:scm2.org,scmId:48796e69-ad7e-4b0b-a3f2-fff079da5207,clusterId:CID-6675b650-60d3-4df3-acd6-fc00a9d576db,subject:scm-sub@scm2.org
datanode3_1  | 2021-08-03 06:01:43,464 [pool-23-thread-1] INFO server.RaftServerConfigKeys: raft.server.retrycache.statistics.expirytime = 100?s (default)
datanode3_1  | 2021-08-03 06:01:43,465 [pool-23-thread-1] INFO server.RaftServer$Division: 80e2c21a-a5da-4761-8712-1523d9a0be70@group-A7A3A0BA4200: start as a follower, conf=-1: [823ac867-0aae-4856-831b-9d516a32145d|rpc:172.25.0.103:9856|admin:172.25.0.103:9857|client:172.25.0.103:9858|priority:0, 80e2c21a-a5da-4761-8712-1523d9a0be70|rpc:172.25.0.104:9856|admin:172.25.0.104:9857|client:172.25.0.104:9858|priority:0, 1dc56844-0478-4d1b-bf8f-aa3fedaabdf3|rpc:172.25.0.102:9856|admin:172.25.0.102:9857|client:172.25.0.102:9858|priority:1], old=null
datanode2_1  | 	at java.base/java.util.stream.ForEachOps$ForEachOp$OfRef.evaluateSequential(ForEachOps.java:173)
datanode2_1  | 	at java.base/java.util.stream.AbstractPipeline.evaluate(AbstractPipeline.java:234)
datanode2_1  | 	at java.base/java.util.stream.ReferencePipeline.forEach(ReferencePipeline.java:497)
datanode2_1  | 	at org.apache.hadoop.ozone.container.common.statemachine.commandhandler.CreatePipelineCommandHandler.handle(CreatePipelineCommandHandler.java:95)
om2_1        | 2021-08-03 06:01:53,626 [pool-24-thread-1] INFO server.RaftServerConfigKeys: raft.server.retrycache.expirytime = 300s (custom)
om2_1        | 2021-08-03 06:01:53,628 [pool-24-thread-1] INFO server.RaftServerConfigKeys: raft.server.retrycache.statistics.expirytime = 100?s (default)
om2_1        | 2021-08-03 06:01:53,801 [Listener at om2/9862] INFO impl.MetricsConfig: Loaded properties from hadoop-metrics2.properties
scm3.org_1   | No '-XX:...' jvm parameters are set. Adding safer GC settings '-XX:ParallelGCThreads=8 -XX:+UseConcMarkSweepGC -XX:CMSInitiatingOccupancyFraction=70 -XX:+CMSParallelRemarkEnabled' to the OZONE_OPTS
scm3.org_1   | OpenJDK 64-Bit Server VM warning: Option UseConcMarkSweepGC was deprecated in version 9.0 and will likely be removed in a future release.
datanode3_1  | 2021-08-03 06:01:43,466 [pool-23-thread-1] INFO server.RaftServer$Division: 80e2c21a-a5da-4761-8712-1523d9a0be70@group-A7A3A0BA4200: changes role from      null to FOLLOWER at term 0 for startAsFollower
datanode3_1  | 2021-08-03 06:01:43,470 [pool-23-thread-1] INFO impl.RoleInfo: 80e2c21a-a5da-4761-8712-1523d9a0be70: start 80e2c21a-a5da-4761-8712-1523d9a0be70@group-A7A3A0BA4200-FollowerState
scm2.org_1   | 2021-08-03 06:00:07,399 [main] INFO ha.HASecurityUtils: Successfully stored SCM signed certificate.
scm2.org_1   | 2021-08-03 06:00:07,419 [main] INFO server.StorageContainerManager: SCM BootStrap  is successful for ClusterID CID-6675b650-60d3-4df3-acd6-fc00a9d576db, SCMID 48796e69-ad7e-4b0b-a3f2-fff079da5207
scm2.org_1   | 2021-08-03 06:00:07,419 [main] INFO server.StorageContainerManager: Primary SCM Node ID e2a4cd0f-08b8-4024-bbff-791b42bac0ad
scm2.org_1   | 2021-08-03 06:00:07,450 [shutdown-hook-0] INFO server.StorageContainerManagerStarter: SHUTDOWN_MSG: 
datanode1_1  | 2021-08-03 06:01:46,847 [1dc56844-0478-4d1b-bf8f-aa3fedaabdf3@group-9D6A1264F4BB-LeaderElection1] INFO impl.RoleInfo: 1dc56844-0478-4d1b-bf8f-aa3fedaabdf3: start 1dc56844-0478-4d1b-bf8f-aa3fedaabdf3@group-9D6A1264F4BB-FollowerState
datanode1_1  | 2021-08-03 06:01:47,283 [EndpointStateMachine task thread for recon/172.25.0.115:9891 - 0 ] INFO ipc.Client: Retrying connect to server: recon/172.25.0.115:9891. Already tried 4 time(s); retry policy is RetryUpToMaximumCountWithFixedSleep(maxRetries=15, sleepTime=1000 MILLISECONDS)
datanode1_1  | 2021-08-03 06:01:47,788 [1dc56844-0478-4d1b-bf8f-aa3fedaabdf3@group-A7A3A0BA4200-FollowerState] INFO impl.FollowerState: 1dc56844-0478-4d1b-bf8f-aa3fedaabdf3@group-A7A3A0BA4200-FollowerState: change to CANDIDATE, lastRpcElapsedTime:5091671959ns, electionTimeout:5075ms
datanode1_1  | 2021-08-03 06:01:47,790 [1dc56844-0478-4d1b-bf8f-aa3fedaabdf3@group-A7A3A0BA4200-FollowerState] INFO impl.RoleInfo: 1dc56844-0478-4d1b-bf8f-aa3fedaabdf3: shutdown 1dc56844-0478-4d1b-bf8f-aa3fedaabdf3@group-A7A3A0BA4200-FollowerState
scm3.org_1   | 2021-08-03 06:00:27,344 [main] INFO server.StorageContainerManagerStarter: STARTUP_MSG: 
scm3.org_1   | /************************************************************
datanode3_1  | 2021-08-03 06:01:43,470 [pool-23-thread-1] INFO util.JmxRegister: Successfully registered JMX Bean with object name Ratis:service=RaftServer,group=group-A7A3A0BA4200,id=80e2c21a-a5da-4761-8712-1523d9a0be70
om1_1        | 2021-08-03 06:01:53,402 [Thread[Thread-17,5,main]] INFO security.OzoneDelegationTokenSecretManager: Starting expired delegation token remover thread, tokenRemoverScanInterval=60 min(s)
s3g_1        | 	at org.apache.hadoop.ozone.s3.endpoint.BucketEndpoint.put(BucketEndpoint.java:239)
s3g_1        | 	at java.base/jdk.internal.reflect.NativeMethodAccessorImpl.invoke0(Native Method)
s3g_1        | 	at java.base/jdk.internal.reflect.NativeMethodAccessorImpl.invoke(NativeMethodAccessorImpl.java:62)
datanode3_1  | 2021-08-03 06:01:43,474 [Command processor thread] INFO ratis.XceiverServerRatis: Created group PipelineID=f4bd589d-6682-48df-bb11-a7a3a0ba4200
om1_1        | 2021-08-03 06:01:53,405 [org.apache.ratis.util.JvmPauseMonitor$$Lambda$393/0x00000008405ab040@4ba056ab] INFO util.JvmPauseMonitor: JvmPauseMonitor-om1: Started
om1_1        | 2021-08-03 06:01:53,571 [Listener at om1/9862] INFO http.BaseHttpServer: Starting Web-server for ozoneManager at: http://0.0.0.0:9874
datanode2_1  | 	at org.apache.hadoop.ozone.container.common.statemachine.commandhandler.CommandDispatcher.handle(CommandDispatcher.java:99)
datanode2_1  | 	at org.apache.hadoop.ozone.container.common.statemachine.DatanodeStateMachine.lambda$initCommandHandlerThread$2(DatanodeStateMachine.java:555)
datanode2_1  | 	at java.base/java.lang.Thread.run(Thread.java:834)
om2_1        | 2021-08-03 06:01:53,834 [Listener at om2/9862] INFO impl.MetricsSystemImpl: Scheduled Metric snapshot period at 10 second(s).
om2_1        | 2021-08-03 06:01:53,835 [Listener at om2/9862] INFO impl.MetricsSystemImpl: OzoneManager metrics system started
om2_1        | 2021-08-03 06:01:53,986 [Listener at om2/9862] INFO om.OzoneManager: OzoneManager RPC server is listening at om2/172.25.0.112:9862
datanode1_1  | 2021-08-03 06:01:47,790 [1dc56844-0478-4d1b-bf8f-aa3fedaabdf3@group-A7A3A0BA4200-FollowerState] INFO server.RaftServer$Division: 1dc56844-0478-4d1b-bf8f-aa3fedaabdf3@group-A7A3A0BA4200: changes role from  FOLLOWER to CANDIDATE at term 0 for changeToCandidate
datanode1_1  | 2021-08-03 06:01:47,791 [1dc56844-0478-4d1b-bf8f-aa3fedaabdf3@group-A7A3A0BA4200-FollowerState] INFO server.RaftServerConfigKeys: raft.server.leaderelection.pre-vote = false (custom)
datanode1_1  | 2021-08-03 06:01:47,791 [1dc56844-0478-4d1b-bf8f-aa3fedaabdf3@group-A7A3A0BA4200-FollowerState] INFO impl.RoleInfo: 1dc56844-0478-4d1b-bf8f-aa3fedaabdf3: start 1dc56844-0478-4d1b-bf8f-aa3fedaabdf3@group-A7A3A0BA4200-LeaderElection2
scm3.org_1   | STARTUP_MSG: Starting StorageContainerManager
scm3.org_1   | STARTUP_MSG:   host = scm3.org/172.25.0.118
scm3.org_1   | STARTUP_MSG:   args = []
s3g_1        | 	at java.base/jdk.internal.reflect.DelegatingMethodAccessorImpl.invoke(DelegatingMethodAccessorImpl.java:43)
s3g_1        | 	at java.base/java.lang.reflect.Method.invoke(Method.java:566)
s3g_1        | 	at org.glassfish.jersey.server.model.internal.ResourceMethodInvocationHandlerFactory.lambda$static$0(ResourceMethodInvocationHandlerFactory.java:52)
s3g_1        | 	at org.glassfish.jersey.server.model.internal.AbstractJavaResourceMethodDispatcher$1.run(AbstractJavaResourceMethodDispatcher.java:124)
om2_1        | 2021-08-03 06:01:53,986 [Listener at om2/9862] INFO ratis.OzoneManagerRatisServer: Starting OzoneManagerRatisServer om2 at port 9872
om1_1        | 2021-08-03 06:01:53,571 [Listener at om1/9862] INFO http.BaseHttpServer: Hadoop Security Enabled: true Ozone Security Enabled: true Ozone HTTP Security Enabled: true 
om1_1        | 2021-08-03 06:01:53,571 [Listener at om1/9862] INFO http.BaseHttpServer: HttpAuthType: ozone.om.http.auth.type = kerberos
om3_1        | 2021-08-03 06:01:52,792 [pool-24-thread-1] INFO server.RaftServerConfigKeys: raft.server.log.statemachine.data.sync.timeout = 10s (default)
om3_1        | 2021-08-03 06:01:52,793 [pool-24-thread-1] INFO server.RaftServerConfigKeys: raft.server.log.statemachine.data.sync.timeout.retry = -1 (default)
om3_1        | 2021-08-03 06:01:52,832 [pool-24-thread-1] INFO server.RaftServerConfigKeys: raft.server.log.write.buffer.size = 64KB (=65536) (default)
om3_1        | 2021-08-03 06:01:52,840 [pool-24-thread-1] INFO server.RaftServerConfigKeys: raft.server.log.statemachine.data.caching.enabled = false (default)
scm2.org_1   | /************************************************************
scm1.org_1   | 2021-08-03 05:59:48,156 [e2a4cd0f-08b8-4024-bbff-791b42bac0ad@group-FC00A9D576DB-SegmentedRaftLogWorker] INFO segmented.SegmentedRaftLogWorker: e2a4cd0f-08b8-4024-bbff-791b42bac0ad@group-FC00A9D576DB-SegmentedRaftLogWorker was interrupted, exiting. There are 0 tasks remaining in the queue.
scm1.org_1   | 2021-08-03 05:59:48,159 [main] INFO segmented.SegmentedRaftLogWorker: e2a4cd0f-08b8-4024-bbff-791b42bac0ad@group-FC00A9D576DB-SegmentedRaftLogWorker close()
scm3.org_1   | STARTUP_MSG:   version = 1.2.0-SNAPSHOT
om1_1        | 2021-08-03 06:01:53,695 [Listener at om1/9862] INFO util.log: Logging initialized @39939ms to org.eclipse.jetty.util.log.Slf4jLog
datanode1_1  | 2021-08-03 06:01:47,828 [1dc56844-0478-4d1b-bf8f-aa3fedaabdf3@group-A7A3A0BA4200-LeaderElection2] INFO impl.LeaderElection: 1dc56844-0478-4d1b-bf8f-aa3fedaabdf3@group-A7A3A0BA4200-LeaderElection2 ELECTION round 0: submit vote requests at term 1 for -1: [823ac867-0aae-4856-831b-9d516a32145d|rpc:172.25.0.103:9856|admin:172.25.0.103:9857|client:172.25.0.103:9858|priority:0, 80e2c21a-a5da-4761-8712-1523d9a0be70|rpc:172.25.0.104:9856|admin:172.25.0.104:9857|client:172.25.0.104:9858|priority:0, 1dc56844-0478-4d1b-bf8f-aa3fedaabdf3|rpc:172.25.0.102:9856|admin:172.25.0.102:9857|client:172.25.0.102:9858|priority:1], old=null
scm1.org_1   | 2021-08-03 05:59:48,161 [main] INFO server.GrpcService: e2a4cd0f-08b8-4024-bbff-791b42bac0ad: shutdown server with port 9894 now
scm1.org_1   | 2021-08-03 05:59:48,166 [main] INFO server.GrpcService: e2a4cd0f-08b8-4024-bbff-791b42bac0ad: shutdown server with port 9894 successfully
scm3.org_1   | STARTUP_MSG:   classpath = /etc/hadoop:/opt/hadoop/share/ozone/lib/hdds-interface-admin-1.2.0-SNAPSHOT.jar:/opt/hadoop/share/ozone/lib/jackson-annotations-2.12.1.jar:/opt/hadoop/share/ozone/lib/kerb-simplekdc-1.0.1.jar:/opt/hadoop/share/ozone/lib/slf4j-log4j12-1.7.30.jar:/opt/hadoop/share/ozone/lib/protobuf-java-2.5.0.jar:/opt/hadoop/share/ozone/lib/jaxb-core-2.3.0.1.jar:/opt/hadoop/share/ozone/lib/log4j-api-2.13.3.jar:/opt/hadoop/share/ozone/lib/istack-commons-runtime-3.0.5.jar:/opt/hadoop/share/ozone/lib/commons-validator-1.6.jar:/opt/hadoop/share/ozone/lib/bcpkix-jdk15on-1.67.jar:/opt/hadoop/share/ozone/lib/hdds-server-framework-1.2.0-SNAPSHOT.jar:/opt/hadoop/share/ozone/lib/jetty-security-9.4.35.v20201120.jar:/opt/hadoop/share/ozone/lib/kerb-core-1.0.1.jar:/opt/hadoop/share/ozone/lib/rocksdbjni-6.20.3.jar:/opt/hadoop/share/ozone/lib/picocli-4.4.0.jar:/opt/hadoop/share/ozone/lib/hdds-interface-server-1.2.0-SNAPSHOT.jar:/opt/hadoop/share/ozone/lib/hadoop-shaded-protobuf_3_7-1.1.1.jar:/opt/hadoop/share/ozone/lib/ratis-server-2.1.0.jar:/opt/hadoop/share/ozone/lib/okhttp-4.9.0.jar:/opt/hadoop/share/ozone/lib/jsr305-3.0.0.jar:/opt/hadoop/share/ozone/lib/j2objc-annotations-1.3.jar:/opt/hadoop/share/ozone/lib/hdds-hadoop-dependency-server-1.2.0-SNAPSHOT.jar:/opt/hadoop/share/ozone/lib/javassist-3.21.0-GA.jar:/opt/hadoop/share/ozone/lib/jaxb-api-2.3.0.jar:/opt/hadoop/share/ozone/lib/htrace-core4-4.1.0-incubating.jar:/opt/hadoop/share/ozone/lib/commons-io-2.8.0.jar:/opt/hadoop/share/ozone/lib/kerb-util-1.0.1.jar:/opt/hadoop/share/ozone/lib/kotlin-stdlib-common-1.4.31.jar:/opt/hadoop/share/ozone/lib/checker-qual-3.8.0.jar:/opt/hadoop/share/ozone/lib/hadoop-shaded-guava-1.1.1.jar:/opt/hadoop/share/ozone/lib/commons-logging-1.2.jar:/opt/hadoop/share/ozone/lib/kerby-xdr-1.0.1.jar:/opt/hadoop/share/ozone/lib/netty-buffer-4.1.63.Final.jar:/opt/hadoop/share/ozone/lib/txw2-2.3.0.1.jar:/opt/hadoop/share/ozone/lib/jackson-datatype-jsr310-2.12.1.jar:/opt/hadoop/share/ozone/lib/httpcore-4.4.13.jar:/opt/hadoop/share/ozone/lib/opentracing-tracerresolver-0.1.8.jar:/opt/hadoop/share/ozone/lib/commons-net-3.6.jar:/opt/hadoop/share/ozone/lib/hdds-client-1.2.0-SNAPSHOT.jar:/opt/hadoop/share/ozone/lib/libthrift-0.14.1.jar:/opt/hadoop/share/ozone/lib/snakeyaml-1.26.jar:/opt/hadoop/share/ozone/lib/stax-ex-1.7.8.jar:/opt/hadoop/share/ozone/lib/error_prone_annotations-2.2.0.jar:/opt/hadoop/share/ozone/lib/httpclient-4.5.13.jar:/opt/hadoop/share/ozone/lib/jaeger-client-1.6.0.jar:/opt/hadoop/share/ozone/lib/kerby-config-1.0.1.jar:/opt/hadoop/share/ozone/lib/metrics-core-3.2.4.jar:/opt/hadoop/share/ozone/lib/kerby-pkix-1.0.1.jar:/opt/hadoop/share/ozone/lib/jetty-webapp-9.4.35.v20201120.jar:/opt/hadoop/share/ozone/lib/netty-codec-4.1.63.Final.jar:/opt/hadoop/share/ozone/lib/jsr311-api-1.1.1.jar:/opt/hadoop/share/ozone/lib/commons-beanutils-1.9.4.jar:/opt/hadoop/share/ozone/lib/javax.servlet-api-3.1.0.jar:/opt/hadoop/share/ozone/lib/kerb-server-1.0.1.jar:/opt/hadoop/share/ozone/lib/guava-30.1.1-jre.jar:/opt/hadoop/share/ozone/lib/jetty-server-9.4.35.v20201120.jar:/opt/hadoop/share/ozone/lib/jetty-util-9.4.35.v20201120.jar:/opt/hadoop/share/ozone/lib/kerb-client-1.0.1.jar:/opt/hadoop/share/ozone/lib/jackson-core-2.12.1.jar:/opt/hadoop/share/ozone/lib/netty-transport-4.1.63.Final.jar:/opt/hadoop/share/ozone/lib/netty-common-4.1.63.Final.jar:/opt/hadoop/share/ozone/lib/disruptor-3.4.2.jar:/opt/hadoop/share/ozone/lib/reflections-0.9.11.jar:/opt/hadoop/share/ozone/lib/log4j-core-2.13.3.jar:/opt/hadoop/share/ozone/lib/hadoop-hdfs-3.3.1.jar:/opt/hadoop/share/ozone/lib/annotations-13.0.jar:/opt/hadoop/share/ozone/lib/simpleclient_common-0.7.0.jar:/opt/hadoop/share/ozone/lib/jackson-databind-2.12.1.jar:/opt/hadoop/share/ozone/lib/jaeger-thrift-1.6.0.jar:/opt/hadoop/share/ozone/lib/hadoop-common-3.3.1.jar:/opt/hadoop/share/ozone/lib/dnsjava-2.1.7.jar:/opt/hadoop/share/ozone/lib/bcprov-jdk15on-1.67.jar:/opt/hadoop/share/ozone/lib/commons-configuration2-2.1.1.jar:/opt/hadoop/share/ozone/lib/json-smart-2.3.jar:/opt/hadoop/share/ozone/lib/token-provider-1.0.1.jar:/opt/hadoop/share/ozone/lib/log4j-1.2.17.jar:/opt/hadoop/share/ozone/lib/commons-daemon-1.0.13.jar:/opt/hadoop/share/ozone/lib/listenablefuture-9999.0-empty-to-avoid-conflict-with-guava.jar:/opt/hadoop/share/ozone/lib/jaeger-tracerresolver-1.6.0.jar:/opt/hadoop/share/ozone/lib/commons-lang3-3.7.jar:/opt/hadoop/share/ozone/lib/hdds-common-1.2.0-SNAPSHOT.jar:/opt/hadoop/share/ozone/lib/jetty-util-ajax-9.4.35.v20201120.jar:/opt/hadoop/share/ozone/lib/ratis-grpc-2.1.0.jar:/opt/hadoop/share/ozone/lib/accessors-smart-1.2.jar:/opt/hadoop/share/ozone/lib/ratis-common-2.1.0.jar:/opt/hadoop/share/ozone/lib/re2j-1.1.jar:/opt/hadoop/share/ozone/lib/jetty-io-9.4.35.v20201120.jar:/opt/hadoop/share/ozone/lib/jetty-xml-9.4.35.v20201120.jar:/opt/hadoop/share/ozone/lib/commons-math3-3.1.1.jar:/opt/hadoop/share/ozone/lib/ratis-thirdparty-misc-0.7.0.jar:/opt/hadoop/share/ozone/lib/simpleclient_dropwizard-0.7.0.jar:/opt/hadoop/share/ozone/lib/simpleclient-0.7.0.jar:/opt/hadoop/share/ozone/lib/asm-5.0.4.jar:/opt/hadoop/share/ozone/lib/kerby-util-1.0.1.jar:/opt/hadoop/share/ozone/lib/ratis-client-2.1.0.jar:/opt/hadoop/share/ozone/lib/hdds-hadoop-dependency-client-1.2.0-SNAPSHOT.jar:/opt/hadoop/share/ozone/lib/failureaccess-1.0.1.jar:/opt/hadoop/share/ozone/lib/okio-2.8.0.jar:/opt/hadoop/share/ozone/lib/ratis-proto-2.1.0.jar:/opt/hadoop/share/ozone/lib/ratis-netty-2.1.0.jar:/opt/hadoop/share/ozone/lib/hdds-config-1.2.0-SNAPSHOT.jar:/opt/hadoop/share/ozone/lib/jsp-api-2.1.jar:/opt/hadoop/share/ozone/lib/jsch-0.1.54.jar:/opt/hadoop/share/ozone/lib/jakarta.activation-api-1.2.1.jar:/opt/hadoop/share/ozone/lib/slf4j-api-1.7.30.jar:/opt/hadoop/share/ozone/lib/hadoop-hdfs-client-3.3.1.jar:/opt/hadoop/share/ozone/lib/nimbus-jose-jwt-7.9.jar:/opt/hadoop/share/ozone/lib/commons-codec-1.11.jar:/opt/hadoop/share/ozone/lib/commons-pool2-2.6.0.jar:/opt/hadoop/share/ozone/lib/gson-2.2.4.jar:/opt/hadoop/share/ozone/lib/netty-handler-4.1.63.Final.jar:/opt/hadoop/share/ozone/lib/opentracing-api-0.33.0.jar:/opt/hadoop/share/ozone/lib/hdds-interface-client-1.2.0-SNAPSHOT.jar:/opt/hadoop/share/ozone/lib/jcip-annotations-1.0-1.jar:/opt/hadoop/share/ozone/lib/kerb-admin-1.0.1.jar:/opt/hadoop/share/ozone/lib/netty-resolver-4.1.63.Final.jar:/opt/hadoop/share/ozone/lib/kotlin-stdlib-1.4.31.jar:/opt/hadoop/share/ozone/lib/opentracing-noop-0.33.0.jar:/opt/hadoop/share/ozone/lib/jersey-core-1.19.jar:/opt/hadoop/share/ozone/lib/jaxb-runtime-2.3.0.1.jar:/opt/hadoop/share/ozone/lib/opentracing-util-0.33.0.jar:/opt/hadoop/share/ozone/lib/snappy-java-1.1.8.2.jar:/opt/hadoop/share/ozone/lib/commons-cli-1.2.jar:/opt/hadoop/share/ozone/lib/woodstox-core-5.0.3.jar:/opt/hadoop/share/ozone/lib/javax.annotation-api-1.2.jar:/opt/hadoop/share/ozone/lib/jetty-servlet-9.4.35.v20201120.jar:/opt/hadoop/share/ozone/lib/kerby-asn1-1.0.1.jar:/opt/hadoop/share/ozone/lib/ratis-metrics-2.1.0.jar:/opt/hadoop/share/ozone/lib/hadoop-annotations-3.3.1.jar:/opt/hadoop/share/ozone/lib/hdds-container-service-1.2.0-SNAPSHOT.jar:/opt/hadoop/share/ozone/lib/stax2-api-3.1.4.jar:/opt/hadoop/share/ozone/lib/commons-digester-1.8.1.jar:/opt/hadoop/share/ozone/lib/commons-collections-3.2.2.jar:/opt/hadoop/share/ozone/lib/jaeger-core-1.6.0.jar:/opt/hadoop/share/ozone/lib/commons-text-1.4.jar:/opt/hadoop/share/ozone/lib/jersey-servlet-1.19.jar:/opt/hadoop/share/ozone/lib/hadoop-auth-3.3.1.jar:/opt/hadoop/share/ozone/lib/kerb-identity-1.0.1.jar:/opt/hadoop/share/ozone/lib/FastInfoset-1.2.13.jar:/opt/hadoop/share/ozone/lib/ratis-server-api-2.1.0.jar:/opt/hadoop/share/ozone/lib/kerb-common-1.0.1.jar:/opt/hadoop/share/ozone/lib/jersey-server-1.19.jar:/opt/hadoop/share/ozone/lib/commons-compress-1.20.jar:/opt/hadoop/share/ozone/lib/kerb-crypto-1.0.1.jar:/opt/hadoop/share/ozone/lib/jetty-http-9.4.35.v20201120.jar:/opt/hadoop/share/ozone/web:/opt/hadoop/share/ozone/lib/hdds-server-scm-1.2.0-SNAPSHOT.jar
om1_1        | 2021-08-03 06:01:54,086 [Listener at om1/9862] INFO http.HttpRequestLog: Http request log for http.requests.ozoneManager is not defined
om1_1        | 2021-08-03 06:01:54,110 [Listener at om1/9862] INFO http.HttpServer2: Added global filter 'safety' (class=org.apache.hadoop.hdds.server.http.HttpServer2$QuotingInputFilter)
om1_1        | 2021-08-03 06:01:54,115 [Listener at om1/9862] INFO http.HttpServer2: Added filter authentication (class=org.apache.hadoop.security.authentication.server.AuthenticationFilter) to context ozoneManager
scm2.org_1   | SHUTDOWN_MSG: Shutting down StorageContainerManager at scm2.org/172.25.0.117
scm2.org_1   | ************************************************************/
scm2.org_1   | No '-XX:...' jvm parameters are set. Adding safer GC settings '-XX:ParallelGCThreads=8 -XX:+UseConcMarkSweepGC -XX:CMSInitiatingOccupancyFraction=70 -XX:+CMSParallelRemarkEnabled' to the OZONE_OPTS
scm2.org_1   | OpenJDK 64-Bit Server VM warning: Option UseConcMarkSweepGC was deprecated in version 9.0 and will likely be removed in a future release.
scm2.org_1   | 2021-08-03 06:00:10,058 [main] INFO server.StorageContainerManagerStarter: STARTUP_MSG: 
datanode2_1  | Caused by: org.apache.ratis.thirdparty.io.grpc.StatusRuntimeException: UNAVAILABLE: Network closed for unknown reason
scm2.org_1   | /************************************************************
scm1.org_1   | 2021-08-03 05:59:48,167 [org.apache.ratis.util.JvmPauseMonitor$$Lambda$334/0x0000000840330840@14998e21] INFO util.JvmPauseMonitor: JvmPauseMonitor-e2a4cd0f-08b8-4024-bbff-791b42bac0ad: Stopped
datanode1_1  | 2021-08-03 06:01:47,871 [1dc56844-0478-4d1b-bf8f-aa3fedaabdf3@group-A7A3A0BA4200-LeaderElection2] INFO impl.LeaderElection: 1dc56844-0478-4d1b-bf8f-aa3fedaabdf3@group-A7A3A0BA4200-LeaderElection2: ELECTION PASSED received 1 response(s) and 0 exception(s):
datanode1_1  | 2021-08-03 06:01:47,872 [1dc56844-0478-4d1b-bf8f-aa3fedaabdf3@group-A7A3A0BA4200-LeaderElection2] INFO impl.LeaderElection:   Response 0: 1dc56844-0478-4d1b-bf8f-aa3fedaabdf3<-80e2c21a-a5da-4761-8712-1523d9a0be70#0:OK-t1
om3_1        | 2021-08-03 06:01:52,890 [pool-24-thread-1] INFO segmented.SegmentedRaftLogWorker: om3@group-562213E44849-SegmentedRaftLogWorker: flushIndex: setUnconditionally 0 -> -1
om3_1        | 2021-08-03 06:01:52,919 [pool-24-thread-1] INFO segmented.SegmentedRaftLogWorker: om3@group-562213E44849-SegmentedRaftLogWorker: safeCacheEvictIndex: setUnconditionally 0 -> -1
om3_1        | 2021-08-03 06:01:52,941 [pool-24-thread-1] INFO server.RaftServerConfigKeys: raft.server.snapshot.auto.trigger.enabled = true (custom)
scm3.org_1   | STARTUP_MSG:   build = https://github.com/apache/ozone/7df192530810a07d3b976c3a56c46328c0b1d591 ; compiled by 'runner' on 2021-08-03T04:59Z
om1_1        | 2021-08-03 06:01:54,117 [Listener at om1/9862] INFO http.HttpServer2: Added filter authentication (class=org.apache.hadoop.security.authentication.server.AuthenticationFilter) to context static
s3g_1        | 	at org.glassfish.jersey.server.model.internal.AbstractJavaResourceMethodDispatcher.invoke(AbstractJavaResourceMethodDispatcher.java:167)
datanode2_1  | 	at org.apache.ratis.thirdparty.io.grpc.stub.ClientCalls.toStatusRuntimeException(ClientCalls.java:262)
datanode2_1  | 	at org.apache.ratis.thirdparty.io.grpc.stub.ClientCalls.getUnchecked(ClientCalls.java:243)
datanode2_1  | 	at org.apache.ratis.thirdparty.io.grpc.stub.ClientCalls.blockingUnaryCall(ClientCalls.java:156)
datanode2_1  | 	at org.apache.ratis.proto.grpc.AdminProtocolServiceGrpc$AdminProtocolServiceBlockingStub.groupManagement(AdminProtocolServiceGrpc.java:413)
datanode2_1  | 	at org.apache.ratis.grpc.client.GrpcClientProtocolClient.lambda$groupAdd$5(GrpcClientProtocolClient.java:180)
om3_1        | 2021-08-03 06:01:52,950 [pool-24-thread-1] INFO server.RaftServerConfigKeys: raft.server.snapshot.auto.trigger.threshold = 400000 (default)
om2_1        | 2021-08-03 06:01:53,991 [Listener at om2/9862] INFO server.RaftServer$Division: om2@group-562213E44849: start as a follower, conf=-1: [om1|rpc:om1:9872|priority:0, om3|rpc:om3:9872|priority:0, om2|rpc:om2:9872|priority:0], old=null
om2_1        | 2021-08-03 06:01:53,993 [Listener at om2/9862] INFO server.RaftServer$Division: om2@group-562213E44849: changes role from      null to FOLLOWER at term 0 for startAsFollower
om3_1        | 2021-08-03 06:01:52,950 [pool-24-thread-1] INFO server.RaftServerConfigKeys: raft.server.snapshot.retention.file.num = -1 (default)
scm1.org_1   | 2021-08-03 05:59:48,167 [main] WARN server.ServerUtils: ozone.scm.db.dirs is not configured. We recommend adding this setting. Falling back to ozone.metadata.dirs instead.
datanode2_1  | 	at org.apache.ratis.grpc.client.GrpcClientProtocolClient.blockingCall(GrpcClientProtocolClient.java:215)
datanode2_1  | 	... 18 more
datanode2_1  | 2021-08-03 06:02:08,541 [Command processor thread] INFO commandhandler.CreatePipelineCommandHandler: Created Pipeline RATIS THREE PipelineID=c37f0cb5-d5f8-42cb-8d51-9d6a1264f4bb.
datanode2_1  | 2021-08-03 06:02:08,545 [pool-23-thread-1] INFO server.RaftServer$Division: 823ac867-0aae-4856-831b-9d516a32145d: new RaftServerImpl for group-A7A3A0BA4200:[823ac867-0aae-4856-831b-9d516a32145d|rpc:172.25.0.103:9856|admin:172.25.0.103:9857|client:172.25.0.103:9858|priority:0, 80e2c21a-a5da-4761-8712-1523d9a0be70|rpc:172.25.0.104:9856|admin:172.25.0.104:9857|client:172.25.0.104:9858|priority:0, 1dc56844-0478-4d1b-bf8f-aa3fedaabdf3|rpc:172.25.0.102:9856|admin:172.25.0.102:9857|client:172.25.0.102:9858|priority:1] with ContainerStateMachine:uninitialized
datanode1_1  | 2021-08-03 06:01:47,872 [1dc56844-0478-4d1b-bf8f-aa3fedaabdf3@group-A7A3A0BA4200-LeaderElection2] INFO impl.LeaderElection: 1dc56844-0478-4d1b-bf8f-aa3fedaabdf3@group-A7A3A0BA4200-LeaderElection2 ELECTION round 0: result PASSED
datanode1_1  | 2021-08-03 06:01:47,872 [1dc56844-0478-4d1b-bf8f-aa3fedaabdf3@group-A7A3A0BA4200-LeaderElection2] INFO impl.RoleInfo: 1dc56844-0478-4d1b-bf8f-aa3fedaabdf3: shutdown 1dc56844-0478-4d1b-bf8f-aa3fedaabdf3@group-A7A3A0BA4200-LeaderElection2
datanode1_1  | 2021-08-03 06:01:47,872 [1dc56844-0478-4d1b-bf8f-aa3fedaabdf3@group-A7A3A0BA4200-LeaderElection2] INFO server.RaftServer$Division: 1dc56844-0478-4d1b-bf8f-aa3fedaabdf3@group-A7A3A0BA4200: changes role from CANDIDATE to LEADER at term 1 for changeToLeader
datanode1_1  | 2021-08-03 06:01:47,873 [1dc56844-0478-4d1b-bf8f-aa3fedaabdf3@group-A7A3A0BA4200-LeaderElection2] INFO ratis.XceiverServerRatis: Leader change notification received for group: group-A7A3A0BA4200 with new leaderId: 1dc56844-0478-4d1b-bf8f-aa3fedaabdf3
om1_1        | 2021-08-03 06:01:54,121 [Listener at om1/9862] INFO http.HttpServer2: Added filter authentication (class=org.apache.hadoop.security.authentication.server.AuthenticationFilter) to context logs
om1_1        | 2021-08-03 06:01:54,126 [Listener at om1/9862] INFO http.HttpServer2: Initialize spnego with host: 0.0.0.0 userKey: ozone.om.http.auth.kerberos.principal keytabKey: ozone.om.http.auth.kerberos.keytab
om1_1        | 2021-08-03 06:01:54,258 [Listener at om1/9862] INFO http.HttpServer2: Jetty bound to port 9874
om1_1        | 2021-08-03 06:01:54,262 [Listener at om1/9862] INFO server.Server: jetty-9.4.35.v20201120; built: 2020-11-20T21:17:03.964Z; git: bdc54f03a5e0a7e280fab27f55c3c75ee8da89fb; jvm 11.0.10+9-LTS
om1_1        | 2021-08-03 06:01:54,372 [Listener at om1/9862] INFO server.session: DefaultSessionIdManager workerName=node0
