datanode_2_1  | 2021-08-03 05:50:40,502 [grpc-default-executor-0] INFO server.RaftServer$Division: a8c7a0ef-7ffc-4314-9aa9-6b8a2f220ca3@group-72C603508F08 replies to ELECTION vote request: 4e6278fb-4266-4710-8a8a-0e1b8ffdf34e<-a8c7a0ef-7ffc-4314-9aa9-6b8a2f220ca3#0:FAIL-t1. Peer's state: a8c7a0ef-7ffc-4314-9aa9-6b8a2f220ca3@group-72C603508F08:t1, leader=null, voted=null, raftlog=a8c7a0ef-7ffc-4314-9aa9-6b8a2f220ca3@group-72C603508F08-SegmentedRaftLog:OPENED:c-1,f-1,i0, conf=-1: [4e6278fb-4266-4710-8a8a-0e1b8ffdf34e|rpc:10.5.0.8:9856|admin:10.5.0.8:9857|client:10.5.0.8:9858|priority:0, a8c7a0ef-7ffc-4314-9aa9-6b8a2f220ca3|rpc:10.5.0.5:9856|admin:10.5.0.5:9857|client:10.5.0.5:9858|priority:1, 65e74df2-4414-456e-b6a4-b8de1165a73b|rpc:10.5.0.6:9856|admin:10.5.0.6:9857|client:10.5.0.6:9858|priority:0], old=null
scm_1         | Key                            Value
datanode_1_1  | 2021-08-03 05:53:14,077 [main] INFO ozone.HddsDatanodeService: HddsDatanodeService host:58017ae225a6 ip:10.5.0.4
datanode_5_1  | 2021-08-03 05:50:29,544 [EndpointStateMachine task thread for scm/10.5.0.71:9861 - 0 ] INFO ozoneimpl.OzoneContainer: Background container scanner has been disabled.
datanode_6_1  | 2021-08-03 05:50:29,405 [EndpointStateMachine task thread for scm/10.5.0.71:9861 - 0 ] INFO ozoneimpl.OzoneContainer: Attempting to start container services.
datanode_4_1  | 2021-08-03 05:50:35,903 [pool-22-thread-1] INFO server.RaftServerConfigKeys: raft.server.rpc.slowness.timeout = 300s (custom)
datanode_3_1  | 	at org.apache.hadoop.ozone.container.common.states.datanode.RunningDatanodeState.await(RunningDatanodeState.java:231)
om_1          | 2021-08-03 05:50:47,101 [pool-23-thread-1] INFO server.RaftServerConfigKeys: raft.server.log.statemachine.data.sync = true (default)
datanode_2_1  | 2021-08-03 05:50:40,566 [a8c7a0ef-7ffc-4314-9aa9-6b8a2f220ca3@group-3DB586578F07-LeaderElection1] INFO server.RaftServerConfigKeys: raft.server.staging.catchup.gap = 1000 (default)
scm_1         | Threshold                      0.1
datanode_1_1  | 2021-08-03 05:53:14,677 [main] INFO upgrade.AbstractLayoutVersionManager: Initializing Layout version manager with metadata layout = SCM_HA (version = 2), software layout = SCM_HA (version = 2)
datanode_5_1  | 2021-08-03 05:50:29,971 [EndpointStateMachine task thread for scm/10.5.0.71:9861 - 0 ] INFO ratis.XceiverServerRatis: Starting XceiverServerRatis 4e6278fb-4266-4710-8a8a-0e1b8ffdf34e
datanode_6_1  | 2021-08-03 05:50:29,461 [EndpointStateMachine task thread for scm/10.5.0.71:9861 - 0 ] INFO ozoneimpl.OzoneContainer: Background container scanner has been disabled.
datanode_4_1  | 2021-08-03 05:50:35,904 [pool-22-thread-1] INFO server.RaftServerConfigKeys: raft.server.leaderelection.leader.step-down.wait-time = 10s (default)
datanode_3_1  | 	at org.apache.hadoop.ozone.container.common.states.datanode.RunningDatanodeState.await(RunningDatanodeState.java:50)
om_1          | 2021-08-03 05:50:47,101 [pool-23-thread-1] INFO server.RaftServerConfigKeys: raft.server.log.statemachine.data.sync.timeout = 10s (default)
datanode_2_1  | 2021-08-03 05:50:40,618 [a8c7a0ef-7ffc-4314-9aa9-6b8a2f220ca3@group-3DB586578F07-LeaderElection1] INFO server.RaftServerConfigKeys: raft.server.write.element-limit = 1024 (custom)
scm_1         | Max Datanodes to Balance       5
scm_1         | Max Size to Move               10737418240B
scm_1         | 
scm_1         | 2021-08-03 05:50:28,053 [Listener at 0.0.0.0/9860] WARN events.EventQueue: No event handler registered for event TypedEvent{payloadType=SafeModeStatus, name='Safe mode status'}
datanode_6_1  | 2021-08-03 05:50:30,011 [EndpointStateMachine task thread for scm/10.5.0.71:9861 - 0 ] INFO ratis.XceiverServerRatis: Starting XceiverServerRatis c750cab4-bbf2-4c76-87c5-782410686a2e
datanode_3_1  | 	at org.apache.hadoop.ozone.container.common.statemachine.StateContext.execute(StateContext.java:629)
om_1          | 2021-08-03 05:50:47,101 [pool-23-thread-1] INFO server.RaftServerConfigKeys: raft.server.log.statemachine.data.sync.timeout.retry = -1 (default)
datanode_2_1  | 2021-08-03 05:50:40,619 [a8c7a0ef-7ffc-4314-9aa9-6b8a2f220ca3@group-3DB586578F07-LeaderElection1] INFO server.RaftServerConfigKeys: raft.server.write.byte-limit = 1073741824 (custom)
datanode_1_1  | 2021-08-03 05:53:15,134 [main] INFO reflections.Reflections: Reflections took 370 ms to scan 2 urls, producing 85 keys and 168 values 
scm_1         | 2021-08-03 05:50:28,053 [Listener at 0.0.0.0/9860] INFO ha.SCMContext: Update SafeModeStatus from SafeModeStatus{safeModeStatus=true, preCheckPassed=false} to SafeModeStatus{safeModeStatus=true, preCheckPassed=false}.
datanode_5_1  | 2021-08-03 05:50:30,100 [EndpointStateMachine task thread for scm/10.5.0.71:9861 - 0 ] INFO server.RaftServer: 4e6278fb-4266-4710-8a8a-0e1b8ffdf34e: start RPC server
datanode_4_1  | 2021-08-03 05:50:35,904 [pool-22-thread-1] INFO server.RaftServerConfigKeys: raft.server.sleep.deviation.threshold = 300ms (default)
datanode_6_1  | 2021-08-03 05:50:30,188 [EndpointStateMachine task thread for scm/10.5.0.71:9861 - 0 ] INFO server.RaftServer: c750cab4-bbf2-4c76-87c5-782410686a2e: start RPC server
datanode_3_1  | 	at org.apache.hadoop.ozone.container.common.statemachine.DatanodeStateMachine.start(DatanodeStateMachine.java:269)
datanode_6_1  | 2021-08-03 05:50:30,194 [EndpointStateMachine task thread for scm/10.5.0.71:9861 - 0 ] INFO server.GrpcService: c750cab4-bbf2-4c76-87c5-782410686a2e: GrpcService started, listening on 9856
om_1          | 2021-08-03 05:50:47,124 [pool-23-thread-1] INFO server.RaftServerConfigKeys: raft.server.log.write.buffer.size = 64KB (=65536) (default)
datanode_2_1  | 2021-08-03 05:50:40,658 [a8c7a0ef-7ffc-4314-9aa9-6b8a2f220ca3@group-3DB586578F07-LeaderElection1] INFO server.RaftServerConfigKeys: raft.server.watch.timeout = 180s (custom)
datanode_1_1  | 2021-08-03 05:53:16,160 [main] INFO fs.SaveSpaceUsageToFile: Cached usage info found in /data/hdds/scmUsed: 8192 at 2021-08-03T05:52:17.877Z
scm_1         | 2021-08-03 05:50:28,057 [Listener at 0.0.0.0/9860] INFO server.StorageContainerManager: StorageContainerLocationProtocol RPC server is listening at /0.0.0.0:9860
datanode_5_1  | 2021-08-03 05:50:30,120 [EndpointStateMachine task thread for scm/10.5.0.71:9861 - 0 ] INFO server.GrpcService: 4e6278fb-4266-4710-8a8a-0e1b8ffdf34e: GrpcService started, listening on 9856
datanode_4_1  | 2021-08-03 05:50:35,907 [pool-22-thread-1] INFO server.RaftServerConfigKeys: raft.server.log.appender.install.snapshot.enabled = false (custom)
datanode_3_1  | 	at org.apache.hadoop.ozone.container.common.statemachine.DatanodeStateMachine.lambda$startDaemon$0(DatanodeStateMachine.java:455)
datanode_6_1  | 2021-08-03 05:50:30,199 [EndpointStateMachine task thread for scm/10.5.0.71:9861 - 0 ] INFO server.GrpcService: c750cab4-bbf2-4c76-87c5-782410686a2e: GrpcService started, listening on 9857
om_1          | 2021-08-03 05:50:47,125 [pool-23-thread-1] INFO server.RaftServerConfigKeys: raft.server.log.statemachine.data.caching.enabled = false (default)
datanode_2_1  | 2021-08-03 05:50:40,680 [a8c7a0ef-7ffc-4314-9aa9-6b8a2f220ca3@group-3DB586578F07-LeaderElection1] INFO server.RaftServerConfigKeys: raft.server.watch.timeout.denomination = 1s (default)
datanode_1_1  | 2021-08-03 05:53:16,182 [main] INFO volume.HddsVolume: Creating HddsVolume: /data/hdds/hdds of storage type : DISK capacity : 89311358976
scm_1         | 2021-08-03 05:50:28,129 [Listener at 0.0.0.0/9860] INFO impl.MetricsConfig: Loaded properties from hadoop-metrics2.properties
datanode_5_1  | 2021-08-03 05:50:30,125 [EndpointStateMachine task thread for scm/10.5.0.71:9861 - 0 ] INFO server.GrpcService: 4e6278fb-4266-4710-8a8a-0e1b8ffdf34e: GrpcService started, listening on 9857
datanode_4_1  | 2021-08-03 05:50:35,932 [pool-22-thread-1] INFO server.RaftServer$Division: 5fe41989-32ac-460c-841c-13cd6c80d4d9@group-6B3E656E2B50: ConfigurationManager, init=-1: [5fe41989-32ac-460c-841c-13cd6c80d4d9|rpc:10.5.0.7:9856|admin:10.5.0.7:9857|client:10.5.0.7:9858|priority:1], old=null, confs=<EMPTY_MAP>
datanode_3_1  | 	at java.base/java.lang.Thread.run(Thread.java:834)
datanode_6_1  | 2021-08-03 05:50:30,214 [EndpointStateMachine task thread for scm/10.5.0.71:9861 - 0 ] INFO server.GrpcService: c750cab4-bbf2-4c76-87c5-782410686a2e: GrpcService started, listening on 9858
om_1          | 2021-08-03 05:50:47,133 [pool-23-thread-1] INFO segmented.SegmentedRaftLogWorker: om1@group-C5BA1605619E-SegmentedRaftLogWorker: flushIndex: setUnconditionally 0 -> -1
datanode_2_1  | 2021-08-03 05:50:40,681 [a8c7a0ef-7ffc-4314-9aa9-6b8a2f220ca3@group-3DB586578F07-LeaderElection1] INFO server.RaftServerConfigKeys: raft.server.watch.element-limit = 65536 (default)
datanode_1_1  | 2021-08-03 05:53:16,202 [main] INFO volume.MutableVolumeSet: Added Volume : /data/hdds/hdds to VolumeSet
scm_1         | 2021-08-03 05:50:28,140 [Listener at 0.0.0.0/9860] INFO impl.MetricsSystemImpl: Scheduled Metric snapshot period at 10 second(s).
datanode_5_1  | 2021-08-03 05:50:30,129 [EndpointStateMachine task thread for scm/10.5.0.71:9861 - 0 ] INFO server.GrpcService: 4e6278fb-4266-4710-8a8a-0e1b8ffdf34e: GrpcService started, listening on 9858
datanode_4_1  | 2021-08-03 05:50:35,949 [pool-22-thread-1] INFO server.RaftServerConfigKeys: raft.server.storage.dir = [/data/metadata/ratis] (custom)
datanode_3_1  | Caused by: java.util.concurrent.TimeoutException
datanode_6_1  | 2021-08-03 05:50:30,237 [EndpointStateMachine task thread for scm/10.5.0.71:9861 - 0 ] INFO ratis.XceiverServerRatis: XceiverServerRatis c750cab4-bbf2-4c76-87c5-782410686a2e is started using port 9858 for RATIS
om_1          | 2021-08-03 05:50:47,141 [pool-23-thread-1] INFO segmented.SegmentedRaftLogWorker: om1@group-C5BA1605619E-SegmentedRaftLogWorker: safeCacheEvictIndex: setUnconditionally 0 -> -1
datanode_2_1  | 2021-08-03 05:50:40,735 [a8c7a0ef-7ffc-4314-9aa9-6b8a2f220ca3@group-3DB586578F07-LeaderElection1] INFO impl.RoleInfo: a8c7a0ef-7ffc-4314-9aa9-6b8a2f220ca3: start a8c7a0ef-7ffc-4314-9aa9-6b8a2f220ca3@group-3DB586578F07-LeaderStateImpl
datanode_1_1  | 2021-08-03 05:53:16,203 [main] INFO volume.ThrottledAsyncChecker: Scheduling a check for /data/hdds/hdds
datanode_1_1  | 2021-08-03 05:53:16,406 [main] INFO volume.StorageVolumeChecker: Scheduled health check for volume /data/hdds/hdds
datanode_5_1  | 2021-08-03 05:50:30,148 [EndpointStateMachine task thread for scm/10.5.0.71:9861 - 0 ] INFO ratis.XceiverServerRatis: XceiverServerRatis 4e6278fb-4266-4710-8a8a-0e1b8ffdf34e is started using port 9858 for RATIS
datanode_4_1  | 2021-08-03 05:50:36,001 [pool-22-thread-1] INFO server.RaftServerConfigKeys: raft.server.log.corruption.policy = EXCEPTION (default)
datanode_3_1  | 	at java.base/java.util.concurrent.FutureTask.get(FutureTask.java:204)
datanode_6_1  | 2021-08-03 05:50:30,237 [EndpointStateMachine task thread for scm/10.5.0.71:9861 - 0 ] INFO ratis.XceiverServerRatis: XceiverServerRatis c750cab4-bbf2-4c76-87c5-782410686a2e is started using port 9857 for RATIS_ADMIN
om_1          | 2021-08-03 05:50:47,158 [pool-23-thread-1] INFO server.RaftServerConfigKeys: raft.server.snapshot.auto.trigger.enabled = true (custom)
datanode_1_1  | 2021-08-03 05:53:16,461 [main] WARN server.ServerUtils: Storage directory for Ratis is not configured. It is a good idea to map this to an SSD disk. Falling back to ozone.metadata.dirs
scm_1         | 2021-08-03 05:50:28,140 [Listener at 0.0.0.0/9860] INFO impl.MetricsSystemImpl: StorageContainerManager metrics system started
datanode_2_1  | 2021-08-03 05:50:40,811 [Command processor thread] INFO commandhandler.CreatePipelineCommandHandler: Created Pipeline RATIS THREE PipelineID=77a5e34a-d182-4290-b368-7b03bed64fae.
datanode_5_1  | 2021-08-03 05:50:30,148 [EndpointStateMachine task thread for scm/10.5.0.71:9861 - 0 ] INFO ratis.XceiverServerRatis: XceiverServerRatis 4e6278fb-4266-4710-8a8a-0e1b8ffdf34e is started using port 9857 for RATIS_ADMIN
datanode_4_1  | 2021-08-03 05:50:36,003 [pool-22-thread-1] INFO server.RaftServerConfigKeys: raft.server.storage.free-space.min = 0MB (=0) (default)
datanode_3_1  | 	at org.apache.hadoop.ozone.container.common.states.datanode.RunningDatanodeState.lambda$execute$0(RunningDatanodeState.java:149)
datanode_6_1  | 2021-08-03 05:50:30,237 [EndpointStateMachine task thread for scm/10.5.0.71:9861 - 0 ] INFO ratis.XceiverServerRatis: XceiverServerRatis c750cab4-bbf2-4c76-87c5-782410686a2e is started using port 9856 for RATIS_SERVER
om_1          | 2021-08-03 05:50:47,159 [pool-23-thread-1] INFO server.RaftServerConfigKeys: raft.server.snapshot.auto.trigger.threshold = 400000 (default)
datanode_1_1  | 2021-08-03 05:53:16,467 [main] INFO fs.SaveSpaceUsageToFile: Cached usage info found in /data/metadata/ratis/scmUsed: 4096 at 2021-08-03T05:52:17.878Z
scm_1         | 2021-08-03 05:50:28,485 [Listener at 0.0.0.0/9860] INFO server.SCMClientProtocolServer: RPC server for Client  is listening at /0.0.0.0:9860
datanode_2_1  | 2021-08-03 05:50:40,818 [a8c7a0ef-7ffc-4314-9aa9-6b8a2f220ca3@group-3DB586578F07-LeaderElection1] INFO segmented.SegmentedRaftLogWorker: a8c7a0ef-7ffc-4314-9aa9-6b8a2f220ca3@group-3DB586578F07-SegmentedRaftLogWorker: Starting segment from index:0
datanode_5_1  | 2021-08-03 05:50:30,149 [EndpointStateMachine task thread for scm/10.5.0.71:9861 - 0 ] INFO ratis.XceiverServerRatis: XceiverServerRatis 4e6278fb-4266-4710-8a8a-0e1b8ffdf34e is started using port 9856 for RATIS_SERVER
datanode_4_1  | 2021-08-03 05:50:36,036 [pool-22-thread-1] INFO storage.RaftStorageDirectory: The storage directory /data/metadata/ratis/3ee417e6-d136-4b3f-8806-6b3e656e2b50 does not exist. Creating ...
datanode_3_1  | 	at java.base/java.util.concurrent.FutureTask.run(FutureTask.java:264)
datanode_6_1  | 2021-08-03 05:50:30,251 [org.apache.ratis.util.JvmPauseMonitor$$Lambda$303/0x00000008404b9c40@2d5404c0] INFO util.JvmPauseMonitor: JvmPauseMonitor-c750cab4-bbf2-4c76-87c5-782410686a2e: Started
om_1          | 2021-08-03 05:50:47,159 [pool-23-thread-1] INFO server.RaftServerConfigKeys: raft.server.snapshot.retention.file.num = -1 (default)
datanode_1_1  | 2021-08-03 05:53:16,478 [main] INFO volume.MutableVolumeSet: Added Volume : /data/metadata/ratis to VolumeSet
scm_1         | 2021-08-03 05:50:28,490 [IPC Server Responder] INFO ipc.Server: IPC Server Responder: starting
datanode_2_1  | 2021-08-03 05:50:40,878 [a8c7a0ef-7ffc-4314-9aa9-6b8a2f220ca3@group-3DB586578F07-LeaderElection1] INFO server.RaftServer$Division: a8c7a0ef-7ffc-4314-9aa9-6b8a2f220ca3@group-3DB586578F07: set configuration 0: [a8c7a0ef-7ffc-4314-9aa9-6b8a2f220ca3|rpc:10.5.0.5:9856|admin:10.5.0.5:9857|client:10.5.0.5:9858|dataStream:|priority:1], old=null
datanode_5_1  | 2021-08-03 05:50:30,178 [org.apache.ratis.util.JvmPauseMonitor$$Lambda$303/0x00000008404b9c40@2c5427f9] INFO util.JvmPauseMonitor: JvmPauseMonitor-4e6278fb-4266-4710-8a8a-0e1b8ffdf34e: Started
datanode_4_1  | 2021-08-03 05:50:36,077 [pool-22-thread-1] INFO storage.RaftStorageDirectory: Lock on /data/metadata/ratis/3ee417e6-d136-4b3f-8806-6b3e656e2b50/in_use.lock acquired by nodename 9@2ec9adec3e0e
datanode_3_1  | 	at java.base/java.util.concurrent.Executors$RunnableAdapter.call(Executors.java:515)
datanode_6_1  | 2021-08-03 05:50:35,130 [Command processor thread] INFO server.RaftServer: c750cab4-bbf2-4c76-87c5-782410686a2e: addNew group-1CB7E3FCD99A:[c750cab4-bbf2-4c76-87c5-782410686a2e|rpc:10.5.0.9:9856|admin:10.5.0.9:9857|client:10.5.0.9:9858|priority:1] returns group-1CB7E3FCD99A:java.util.concurrent.CompletableFuture@318338e4[Not completed]
om_1          | 2021-08-03 05:50:47,160 [pool-23-thread-1] INFO server.RaftServerConfigKeys: raft.server.log.purge.upto.snapshot.index = true (custom)
datanode_1_1  | 2021-08-03 05:53:16,478 [main] INFO volume.ThrottledAsyncChecker: Scheduling a check for /data/metadata/ratis
scm_1         | 2021-08-03 05:50:28,506 [IPC Server listener on 9860] INFO ipc.Server: IPC Server listener on 9860: starting
datanode_2_1  | 2021-08-03 05:50:40,970 [a8c7a0ef-7ffc-4314-9aa9-6b8a2f220ca3@group-3DB586578F07-SegmentedRaftLogWorker] INFO segmented.SegmentedRaftLogWorker: a8c7a0ef-7ffc-4314-9aa9-6b8a2f220ca3@group-3DB586578F07-SegmentedRaftLogWorker: created new log segment /data/metadata/ratis/8cb0d2c7-f73d-4caa-8d2e-3db586578f07/current/log_inprogress_0
datanode_5_1  | 2021-08-03 05:50:33,614 [Command processor thread] INFO server.RaftServer: 4e6278fb-4266-4710-8a8a-0e1b8ffdf34e: addNew group-0C013217952C:[4e6278fb-4266-4710-8a8a-0e1b8ffdf34e|rpc:10.5.0.8:9856|admin:10.5.0.8:9857|client:10.5.0.8:9858|priority:1] returns group-0C013217952C:java.util.concurrent.CompletableFuture@3554840e[Not completed]
datanode_4_1  | 2021-08-03 05:50:36,125 [pool-22-thread-1] INFO storage.RaftStorage: Storage directory /data/metadata/ratis/3ee417e6-d136-4b3f-8806-6b3e656e2b50 has been successfully formatted.
datanode_3_1  | 	at java.base/java.util.concurrent.FutureTask.run(FutureTask.java:264)
datanode_6_1  | 2021-08-03 05:50:35,474 [pool-22-thread-1] INFO server.RaftServer$Division: c750cab4-bbf2-4c76-87c5-782410686a2e: new RaftServerImpl for group-1CB7E3FCD99A:[c750cab4-bbf2-4c76-87c5-782410686a2e|rpc:10.5.0.9:9856|admin:10.5.0.9:9857|client:10.5.0.9:9858|priority:1] with ContainerStateMachine:uninitialized
om_1          | 2021-08-03 05:50:47,161 [pool-23-thread-1] INFO server.RaftServerConfigKeys: raft.server.retrycache.expirytime = 300s (custom)
datanode_1_1  | 2021-08-03 05:53:16,479 [main] INFO volume.StorageVolumeChecker: Scheduled health check for volume /data/metadata/ratis
scm_1         | 2021-08-03 05:50:28,657 [Listener at 0.0.0.0/9860] INFO server.StorageContainerManager: ScmBlockLocationProtocol RPC server is listening at /0.0.0.0:9863
datanode_2_1  | 2021-08-03 05:50:42,890 [grpc-default-executor-0] INFO server.RaftServer$Division: a8c7a0ef-7ffc-4314-9aa9-6b8a2f220ca3@group-7B03BED64FAE: receive requestVote(ELECTION, c750cab4-bbf2-4c76-87c5-782410686a2e, group-7B03BED64FAE, 1, (t:0, i:0))
datanode_5_1  | 2021-08-03 05:50:33,695 [pool-22-thread-1] INFO server.RaftServer$Division: 4e6278fb-4266-4710-8a8a-0e1b8ffdf34e: new RaftServerImpl for group-0C013217952C:[4e6278fb-4266-4710-8a8a-0e1b8ffdf34e|rpc:10.5.0.8:9856|admin:10.5.0.8:9857|client:10.5.0.8:9858|priority:1] with ContainerStateMachine:uninitialized
datanode_4_1  | 2021-08-03 05:50:36,200 [pool-22-thread-1] INFO ratis.ContainerStateMachine: group-6B3E656E2B50: The snapshot info is null. Setting the last applied indexto:(t:0, i:~)
datanode_3_1  | 	at java.base/java.util.concurrent.ThreadPoolExecutor.runWorker(ThreadPoolExecutor.java:1128)
datanode_6_1  | 2021-08-03 05:50:35,505 [pool-22-thread-1] INFO server.RaftServerConfigKeys: raft.server.rpc.timeout.min = 5s (custom)
om_1          | 2021-08-03 05:50:47,161 [pool-23-thread-1] INFO server.RaftServerConfigKeys: raft.server.retrycache.statistics.expirytime = 100?s (default)
datanode_1_1  | 2021-08-03 05:53:16,517 [main] INFO ozoneimpl.ContainerReader: Running in upgrade mode:true
scm_1         | 2021-08-03 05:50:28,658 [Listener at 0.0.0.0/9860] INFO server.SCMBlockProtocolServer: RPC server for Block Protocol is listening at /0.0.0.0:9863
datanode_2_1  | 2021-08-03 05:50:42,890 [grpc-default-executor-0] INFO impl.VoteContext: a8c7a0ef-7ffc-4314-9aa9-6b8a2f220ca3@group-7B03BED64FAE-FOLLOWER: accept ELECTION from c750cab4-bbf2-4c76-87c5-782410686a2e: our priority 0 <= candidate's priority 1
datanode_5_1  | 2021-08-03 05:50:33,696 [pool-22-thread-1] INFO server.RaftServerConfigKeys: raft.server.rpc.timeout.min = 5s (custom)
datanode_4_1  | 2021-08-03 05:50:36,203 [pool-22-thread-1] INFO server.RaftServerConfigKeys: raft.server.notification.no-leader.timeout = 300s (custom)
datanode_3_1  | 	at java.base/java.util.concurrent.ThreadPoolExecutor$Worker.run(ThreadPoolExecutor.java:628)
datanode_6_1  | 2021-08-03 05:50:35,517 [pool-22-thread-1] INFO server.RaftServerConfigKeys: raft.server.rpc.timeout.max = 5200ms (custom)
om_1          | 2021-08-03 05:50:47,277 [Listener at om/9862] INFO impl.MetricsConfig: Loaded properties from hadoop-metrics2.properties
datanode_1_1  | 2021-08-03 05:53:16,530 [Thread-5] INFO ozoneimpl.ContainerReader: Start to verify containers on volume /data/hdds/hdds
scm_1         | 2021-08-03 05:50:28,658 [IPC Server Responder] INFO ipc.Server: IPC Server Responder: starting
datanode_2_1  | 2021-08-03 05:50:42,890 [grpc-default-executor-0] INFO server.RaftServer$Division: a8c7a0ef-7ffc-4314-9aa9-6b8a2f220ca3@group-7B03BED64FAE: changes role from  FOLLOWER to FOLLOWER at term 1 for candidate:c750cab4-bbf2-4c76-87c5-782410686a2e
datanode_5_1  | 2021-08-03 05:50:33,696 [pool-22-thread-1] INFO server.RaftServerConfigKeys: raft.server.rpc.timeout.max = 5200ms (custom)
datanode_4_1  | 2021-08-03 05:50:36,208 [Datanode State Machine Thread - 0] WARN statemachine.StateContext: No available thread in pool for past 30 seconds.
datanode_3_1  | 	... 1 more
datanode_6_1  | 2021-08-03 05:50:35,518 [pool-22-thread-1] INFO server.RaftServerConfigKeys: raft.server.rpc.sleep.time = 25ms (default)
om_1          | 2021-08-03 05:50:47,297 [Listener at om/9862] INFO impl.MetricsSystemImpl: Scheduled Metric snapshot period at 10 second(s).
datanode_1_1  | 2021-08-03 05:53:17,051 [Thread-5] INFO ozoneimpl.ContainerReader: Finish verifying containers on volume /data/hdds/hdds
scm_1         | 2021-08-03 05:50:28,659 [IPC Server listener on 9863] INFO ipc.Server: IPC Server listener on 9863: starting
datanode_2_1  | 2021-08-03 05:50:42,891 [grpc-default-executor-0] INFO impl.RoleInfo: a8c7a0ef-7ffc-4314-9aa9-6b8a2f220ca3: shutdown a8c7a0ef-7ffc-4314-9aa9-6b8a2f220ca3@group-7B03BED64FAE-FollowerState
datanode_5_1  | 2021-08-03 05:50:33,696 [pool-22-thread-1] INFO server.RaftServerConfigKeys: raft.server.rpc.sleep.time = 25ms (default)
datanode_4_1  | 2021-08-03 05:50:36,319 [pool-22-thread-1] INFO server.RaftServerConfigKeys: raft.server.log.use.memory = false (default)
datanode_3_1  | 2021-08-03 05:50:29,880 [EndpointStateMachine task thread for scm/10.5.0.71:9861 - 0 ] INFO ratis.XceiverServerRatis: Starting XceiverServerRatis 65e74df2-4414-456e-b6a4-b8de1165a73b
datanode_6_1  | 2021-08-03 05:50:35,518 [pool-22-thread-1] INFO server.RaftServerConfigKeys: raft.server.rpc.slowness.timeout = 300s (custom)
om_1          | 2021-08-03 05:50:47,297 [Listener at om/9862] INFO impl.MetricsSystemImpl: OzoneManager metrics system started
datanode_1_1  | 2021-08-03 05:53:17,057 [main] INFO ozoneimpl.OzoneContainer: Build ContainerSet costs 0s
scm_1         | 2021-08-03 05:50:28,715 [Listener at 0.0.0.0/9860] INFO server.StorageContainerManager: ScmDatanodeProtocl RPC server is listening at /0.0.0.0:9861
datanode_2_1  | 2021-08-03 05:50:42,891 [a8c7a0ef-7ffc-4314-9aa9-6b8a2f220ca3@group-7B03BED64FAE-FollowerState] INFO impl.FollowerState: a8c7a0ef-7ffc-4314-9aa9-6b8a2f220ca3@group-7B03BED64FAE-FollowerState was interrupted: {}
datanode_5_1  | 2021-08-03 05:50:33,697 [pool-22-thread-1] INFO server.RaftServerConfigKeys: raft.server.rpc.slowness.timeout = 300s (custom)
datanode_4_1  | 2021-08-03 05:50:36,413 [pool-22-thread-1] INFO server.RaftServerConfigKeys: raft.server.log.purge.gap = 1000000 (custom)
datanode_3_1  | 2021-08-03 05:50:30,027 [EndpointStateMachine task thread for scm/10.5.0.71:9861 - 0 ] INFO server.RaftServer: 65e74df2-4414-456e-b6a4-b8de1165a73b: start RPC server
datanode_6_1  | 2021-08-03 05:50:35,521 [pool-22-thread-1] INFO server.RaftServerConfigKeys: raft.server.leaderelection.leader.step-down.wait-time = 10s (default)
om_1          | 2021-08-03 05:50:47,388 [Listener at om/9862] INFO om.OzoneManager: OzoneManager RPC server is listening at om/10.5.0.70:9862
datanode_1_1  | 2021-08-03 05:53:21,802 [main] WARN server.ServerUtils: Storage directory for Ratis is not configured. It is a good idea to map this to an SSD disk. Falling back to ozone.metadata.dirs
scm_1         | 2021-08-03 05:50:28,716 [Listener at 0.0.0.0/9860] INFO server.SCMDatanodeProtocolServer: RPC server for DataNodes is listening at /0.0.0.0:9861
datanode_2_1  | java.lang.InterruptedException: sleep interrupted
datanode_5_1  | 2021-08-03 05:50:33,697 [pool-22-thread-1] INFO server.RaftServerConfigKeys: raft.server.leaderelection.leader.step-down.wait-time = 10s (default)
datanode_4_1  | 2021-08-03 05:50:36,430 [pool-22-thread-1] INFO server.RaftServerConfigKeys: raft.server.log.appender.buffer.byte-limit = 33554432 (custom)
datanode_3_1  | 2021-08-03 05:50:30,030 [EndpointStateMachine task thread for scm/10.5.0.71:9861 - 0 ] INFO server.GrpcService: 65e74df2-4414-456e-b6a4-b8de1165a73b: GrpcService started, listening on 9856
datanode_6_1  | 2021-08-03 05:50:35,521 [pool-22-thread-1] INFO server.RaftServerConfigKeys: raft.server.sleep.deviation.threshold = 300ms (default)
om_1          | 2021-08-03 05:50:47,388 [Listener at om/9862] INFO ratis.OzoneManagerRatisServer: Starting OzoneManagerRatisServer om1 at port 9872
datanode_1_1  | 2021-08-03 05:53:22,279 [main] INFO server.RaftServer: raft.rpc.type = GRPC (default)
scm_1         | 2021-08-03 05:50:28,717 [IPC Server Responder] INFO ipc.Server: IPC Server Responder: starting
datanode_2_1  | 	at java.base/java.lang.Thread.sleep(Native Method)
datanode_5_1  | 2021-08-03 05:50:33,697 [pool-22-thread-1] INFO server.RaftServerConfigKeys: raft.server.sleep.deviation.threshold = 300ms (default)
datanode_4_1  | 2021-08-03 05:50:36,586 [pool-22-thread-1] INFO server.RaftServerConfigKeys: raft.server.log.segment.size.max = 1048576 (custom)
datanode_3_1  | 2021-08-03 05:50:30,050 [EndpointStateMachine task thread for scm/10.5.0.71:9861 - 0 ] INFO server.GrpcService: 65e74df2-4414-456e-b6a4-b8de1165a73b: GrpcService started, listening on 9857
datanode_6_1  | 2021-08-03 05:50:35,550 [pool-22-thread-1] INFO server.RaftServerConfigKeys: raft.server.log.appender.install.snapshot.enabled = false (custom)
om_1          | 2021-08-03 05:50:47,395 [Listener at om/9862] INFO server.RaftServer$Division: om1@group-C5BA1605619E: start as a follower, conf=-1: [om1|rpc:om:9872|priority:0], old=null
datanode_1_1  | 2021-08-03 05:53:22,518 [main] INFO grpc.GrpcConfigKeys: raft.grpc.admin.port = 9857 (custom)
datanode_1_1  | 2021-08-03 05:53:22,520 [main] INFO grpc.GrpcConfigKeys: raft.grpc.client.port = 9858 (custom)
datanode_2_1  | 	at java.base/java.lang.Thread.sleep(Thread.java:339)
datanode_5_1  | 2021-08-03 05:50:33,698 [pool-22-thread-1] INFO server.RaftServerConfigKeys: raft.server.log.appender.install.snapshot.enabled = false (custom)
datanode_5_1  | 2021-08-03 05:50:33,717 [pool-22-thread-1] INFO server.RaftServer$Division: 4e6278fb-4266-4710-8a8a-0e1b8ffdf34e@group-0C013217952C: ConfigurationManager, init=-1: [4e6278fb-4266-4710-8a8a-0e1b8ffdf34e|rpc:10.5.0.8:9856|admin:10.5.0.8:9857|client:10.5.0.8:9858|priority:1], old=null, confs=<EMPTY_MAP>
datanode_5_1  | 2021-08-03 05:50:33,717 [pool-22-thread-1] INFO server.RaftServerConfigKeys: raft.server.storage.dir = [/data/metadata/ratis] (custom)
datanode_5_1  | 2021-08-03 05:50:33,741 [pool-22-thread-1] INFO server.RaftServerConfigKeys: raft.server.log.corruption.policy = EXCEPTION (default)
datanode_5_1  | 2021-08-03 05:50:33,741 [pool-22-thread-1] INFO server.RaftServerConfigKeys: raft.server.storage.free-space.min = 0MB (=0) (default)
datanode_5_1  | 2021-08-03 05:50:33,742 [pool-22-thread-1] INFO storage.RaftStorageDirectory: The storage directory /data/metadata/ratis/71471d6c-fac7-4583-8695-0c013217952c does not exist. Creating ...
datanode_5_1  | 2021-08-03 05:50:33,752 [pool-22-thread-1] INFO storage.RaftStorageDirectory: Lock on /data/metadata/ratis/71471d6c-fac7-4583-8695-0c013217952c/in_use.lock acquired by nodename 8@6c17411b9f50
datanode_5_1  | 2021-08-03 05:50:33,771 [pool-22-thread-1] INFO storage.RaftStorage: Storage directory /data/metadata/ratis/71471d6c-fac7-4583-8695-0c013217952c has been successfully formatted.
datanode_5_1  | 2021-08-03 05:50:33,793 [Datanode State Machine Thread - 0] WARN statemachine.StateContext: No available thread in pool for past 30 seconds.
datanode_5_1  | 2021-08-03 05:50:33,807 [pool-22-thread-1] INFO ratis.ContainerStateMachine: group-0C013217952C: The snapshot info is null. Setting the last applied indexto:(t:0, i:~)
datanode_5_1  | 2021-08-03 05:50:33,809 [pool-22-thread-1] INFO server.RaftServerConfigKeys: raft.server.notification.no-leader.timeout = 300s (custom)
datanode_5_1  | 2021-08-03 05:50:33,831 [pool-22-thread-1] INFO server.RaftServerConfigKeys: raft.server.log.use.memory = false (default)
datanode_5_1  | 2021-08-03 05:50:33,887 [pool-22-thread-1] INFO server.RaftServerConfigKeys: raft.server.log.purge.gap = 1000000 (custom)
datanode_5_1  | 2021-08-03 05:50:33,887 [pool-22-thread-1] INFO server.RaftServerConfigKeys: raft.server.log.appender.buffer.byte-limit = 33554432 (custom)
datanode_5_1  | 2021-08-03 05:50:33,953 [pool-22-thread-1] INFO server.RaftServerConfigKeys: raft.server.log.segment.size.max = 1048576 (custom)
datanode_5_1  | 2021-08-03 05:50:33,990 [pool-22-thread-1] INFO server.RaftServerConfigKeys: raft.server.log.segment.cache.num.max = 2 (custom)
datanode_5_1  | 2021-08-03 05:50:33,990 [pool-22-thread-1] INFO server.RaftServerConfigKeys: raft.server.log.segment.cache.size.max = 200MB (=209715200) (default)
datanode_5_1  | 2021-08-03 05:50:34,017 [pool-22-thread-1] INFO segmented.SegmentedRaftLogWorker: new 4e6278fb-4266-4710-8a8a-0e1b8ffdf34e@group-0C013217952C-SegmentedRaftLogWorker for RaftStorageImpl:Storage Directory /data/metadata/ratis/71471d6c-fac7-4583-8695-0c013217952c
datanode_5_1  | 2021-08-03 05:50:34,022 [pool-22-thread-1] INFO server.RaftServerConfigKeys: raft.server.log.queue.byte-limit = 2147483647 (custom)
datanode_5_1  | 2021-08-03 05:50:34,024 [pool-22-thread-1] INFO server.RaftServerConfigKeys: raft.server.log.queue.element-limit = 1024 (custom)
datanode_5_1  | 2021-08-03 05:50:34,026 [pool-22-thread-1] INFO server.RaftServerConfigKeys: raft.server.log.segment.size.max = 1048576 (custom)
datanode_5_1  | 2021-08-03 05:50:34,031 [pool-22-thread-1] INFO server.RaftServerConfigKeys: raft.server.log.preallocated.size = 16384 (custom)
datanode_5_1  | 2021-08-03 05:50:34,032 [pool-22-thread-1] INFO server.RaftServerConfigKeys: raft.server.log.force.sync.num = 128 (default)
datanode_5_1  | 2021-08-03 05:50:34,051 [pool-22-thread-1] INFO server.RaftServerConfigKeys: raft.server.log.statemachine.data.sync = true (default)
datanode_5_1  | 2021-08-03 05:50:34,063 [pool-22-thread-1] INFO server.RaftServerConfigKeys: raft.server.log.statemachine.data.sync.timeout = 10s (default)
datanode_5_1  | 2021-08-03 05:50:34,064 [pool-22-thread-1] INFO server.RaftServerConfigKeys: raft.server.log.statemachine.data.sync.timeout.retry = -1 (default)
datanode_5_1  | 2021-08-03 05:50:34,147 [pool-22-thread-1] INFO server.RaftServerConfigKeys: raft.server.log.write.buffer.size = 1048576 (custom)
datanode_2_1  | 	at java.base/java.util.concurrent.TimeUnit.sleep(TimeUnit.java:446)
datanode_4_1  | 2021-08-03 05:50:36,668 [pool-22-thread-1] INFO server.RaftServerConfigKeys: raft.server.log.segment.cache.num.max = 2 (custom)
scm_1         | 2021-08-03 05:50:28,717 [IPC Server listener on 9861] INFO ipc.Server: IPC Server listener on 9861: starting
om_1          | 2021-08-03 05:50:47,406 [Listener at om/9862] INFO server.RaftServer$Division: om1@group-C5BA1605619E: changes role from      null to FOLLOWER at term 0 for startAsFollower
datanode_5_1  | 2021-08-03 05:50:34,148 [pool-22-thread-1] INFO server.RaftServerConfigKeys: raft.server.log.statemachine.data.caching.enabled = true (custom)
datanode_3_1  | 2021-08-03 05:50:30,051 [EndpointStateMachine task thread for scm/10.5.0.71:9861 - 0 ] INFO server.GrpcService: 65e74df2-4414-456e-b6a4-b8de1165a73b: GrpcService started, listening on 9858
datanode_1_1  | 2021-08-03 05:53:22,530 [main] INFO grpc.GrpcConfigKeys: raft.grpc.server.port = 9856 (custom)
datanode_6_1  | 2021-08-03 05:50:35,606 [pool-22-thread-1] INFO server.RaftServer$Division: c750cab4-bbf2-4c76-87c5-782410686a2e@group-1CB7E3FCD99A: ConfigurationManager, init=-1: [c750cab4-bbf2-4c76-87c5-782410686a2e|rpc:10.5.0.9:9856|admin:10.5.0.9:9857|client:10.5.0.9:9858|priority:1], old=null, confs=<EMPTY_MAP>
datanode_2_1  | 	at org.apache.ratis.util.TimeDuration.sleep(TimeDuration.java:324)
datanode_4_1  | 2021-08-03 05:50:36,677 [pool-22-thread-1] INFO server.RaftServerConfigKeys: raft.server.log.segment.cache.size.max = 200MB (=209715200) (default)
scm_1         | 2021-08-03 05:50:28,775 [org.apache.hadoop.util.JvmPauseMonitor$Monitor@4fc256ec] INFO util.JvmPauseMonitor: Starting JVM pause monitor
om_1          | 2021-08-03 05:50:47,409 [Listener at om/9862] INFO impl.RoleInfo: om1: start om1@group-C5BA1605619E-FollowerState
datanode_5_1  | 2021-08-03 05:50:34,190 [pool-22-thread-1] INFO segmented.SegmentedRaftLogWorker: 4e6278fb-4266-4710-8a8a-0e1b8ffdf34e@group-0C013217952C-SegmentedRaftLogWorker: flushIndex: setUnconditionally 0 -> -1
datanode_3_1  | 2021-08-03 05:50:30,068 [EndpointStateMachine task thread for scm/10.5.0.71:9861 - 0 ] INFO ratis.XceiverServerRatis: XceiverServerRatis 65e74df2-4414-456e-b6a4-b8de1165a73b is started using port 9858 for RATIS
datanode_1_1  | 2021-08-03 05:53:22,530 [main] INFO server.GrpcService: raft.grpc.message.size.max = 32MB (=33554432) (custom)
datanode_6_1  | 2021-08-03 05:50:35,617 [pool-22-thread-1] INFO server.RaftServerConfigKeys: raft.server.storage.dir = [/data/metadata/ratis] (custom)
datanode_2_1  | 	at org.apache.ratis.util.TimeDuration.sleep(TimeDuration.java:309)
datanode_4_1  | 2021-08-03 05:50:36,722 [pool-22-thread-1] INFO segmented.SegmentedRaftLogWorker: new 5fe41989-32ac-460c-841c-13cd6c80d4d9@group-6B3E656E2B50-SegmentedRaftLogWorker for RaftStorageImpl:Storage Directory /data/metadata/ratis/3ee417e6-d136-4b3f-8806-6b3e656e2b50
scm_1         | 2021-08-03 05:50:28,802 [Listener at 0.0.0.0/9860] INFO http.BaseHttpServer: Starting Web-server for scm at: http://0.0.0.0:9876
om_1          | 2021-08-03 05:50:47,423 [Listener at om/9862] INFO util.JmxRegister: Successfully registered JMX Bean with object name Ratis:service=RaftServer,group=group-C5BA1605619E,id=om1
datanode_5_1  | 2021-08-03 05:50:34,190 [pool-22-thread-1] INFO segmented.SegmentedRaftLogWorker: 4e6278fb-4266-4710-8a8a-0e1b8ffdf34e@group-0C013217952C-SegmentedRaftLogWorker: safeCacheEvictIndex: setUnconditionally 0 -> -1
datanode_3_1  | 2021-08-03 05:50:30,069 [EndpointStateMachine task thread for scm/10.5.0.71:9861 - 0 ] INFO ratis.XceiverServerRatis: XceiverServerRatis 65e74df2-4414-456e-b6a4-b8de1165a73b is started using port 9857 for RATIS_ADMIN
datanode_1_1  | 2021-08-03 05:53:22,531 [main] INFO server.RaftServerConfigKeys: raft.server.log.appender.buffer.byte-limit = 33554432 (custom)
datanode_6_1  | 2021-08-03 05:50:35,669 [pool-22-thread-1] INFO server.RaftServerConfigKeys: raft.server.log.corruption.policy = EXCEPTION (default)
datanode_2_1  | 	at org.apache.ratis.server.impl.FollowerState.run(FollowerState.java:118)
datanode_4_1  | 2021-08-03 05:50:36,723 [pool-22-thread-1] INFO server.RaftServerConfigKeys: raft.server.log.queue.byte-limit = 2147483647 (custom)
scm_1         | 2021-08-03 05:50:28,810 [Listener at 0.0.0.0/9860] INFO http.BaseHttpServer: Hadoop Security Enabled: false Ozone Security Enabled: false Ozone HTTP Security Enabled: false 
om_1          | 2021-08-03 05:50:47,430 [Listener at om/9862] INFO server.RaftServer: om1: start RPC server
datanode_5_1  | 2021-08-03 05:50:34,233 [pool-22-thread-1] INFO server.RaftServerConfigKeys: raft.server.snapshot.auto.trigger.enabled = true (custom)
datanode_3_1  | 2021-08-03 05:50:30,069 [EndpointStateMachine task thread for scm/10.5.0.71:9861 - 0 ] INFO ratis.XceiverServerRatis: XceiverServerRatis 65e74df2-4414-456e-b6a4-b8de1165a73b is started using port 9856 for RATIS_SERVER
datanode_1_1  | 2021-08-03 05:53:22,542 [main] INFO server.GrpcService: raft.grpc.flow.control.window = 5MB (=5242880) (custom)
datanode_6_1  | 2021-08-03 05:50:35,701 [pool-22-thread-1] INFO server.RaftServerConfigKeys: raft.server.storage.free-space.min = 0MB (=0) (default)
datanode_2_1  | 2021-08-03 05:50:42,891 [grpc-default-executor-0] INFO impl.RoleInfo: a8c7a0ef-7ffc-4314-9aa9-6b8a2f220ca3: start a8c7a0ef-7ffc-4314-9aa9-6b8a2f220ca3@group-7B03BED64FAE-FollowerState
datanode_4_1  | 2021-08-03 05:50:36,727 [pool-22-thread-1] INFO server.RaftServerConfigKeys: raft.server.log.queue.element-limit = 1024 (custom)
scm_1         | 2021-08-03 05:50:28,888 [Listener at 0.0.0.0/9860] INFO util.log: Logging initialized @20586ms to org.eclipse.jetty.util.log.Slf4jLog
om_1          | 2021-08-03 05:50:47,497 [Listener at om/9862] INFO server.GrpcService: om1: GrpcService started, listening on 9872
datanode_5_1  | 2021-08-03 05:50:34,254 [pool-22-thread-1] INFO server.RaftServerConfigKeys: raft.server.snapshot.auto.trigger.threshold = 10000 (custom)
datanode_3_1  | 2021-08-03 05:50:30,091 [org.apache.ratis.util.JvmPauseMonitor$$Lambda$303/0x00000008404b9c40@173ce0c9] INFO util.JvmPauseMonitor: JvmPauseMonitor-65e74df2-4414-456e-b6a4-b8de1165a73b: Started
datanode_1_1  | 2021-08-03 05:53:22,543 [main] INFO server.RaftServerConfigKeys: raft.server.rpc.request.timeout = 60s (custom)
datanode_6_1  | 2021-08-03 05:50:35,705 [pool-22-thread-1] INFO storage.RaftStorageDirectory: The storage directory /data/metadata/ratis/b91c0e4e-9d6d-4030-a68d-1cb7e3fcd99a does not exist. Creating ...
datanode_6_1  | 2021-08-03 05:50:35,765 [pool-22-thread-1] INFO storage.RaftStorageDirectory: Lock on /data/metadata/ratis/b91c0e4e-9d6d-4030-a68d-1cb7e3fcd99a/in_use.lock acquired by nodename 8@7a8b6d4830b3
datanode_4_1  | 2021-08-03 05:50:36,743 [pool-22-thread-1] INFO server.RaftServerConfigKeys: raft.server.log.segment.size.max = 1048576 (custom)
scm_1         | 2021-08-03 05:50:29,166 [Listener at 0.0.0.0/9860] INFO server.AuthenticationFilter: Unable to initialize FileSignerSecretProvider, falling back to use random secrets.
om_1          | 2021-08-03 05:50:47,500 [Listener at om/9862] INFO om.OzoneManager: Version File has different layout version (0) than OM DB (null). That is expected if this OM has never been finalized to a newer layout version.
datanode_5_1  | 2021-08-03 05:50:34,254 [pool-22-thread-1] INFO server.RaftServerConfigKeys: raft.server.snapshot.retention.file.num = 5 (custom)
datanode_3_1  | 2021-08-03 05:50:34,913 [Command processor thread] INFO server.RaftServer: 65e74df2-4414-456e-b6a4-b8de1165a73b: addNew group-8ACF0C6A60E0:[65e74df2-4414-456e-b6a4-b8de1165a73b|rpc:10.5.0.6:9856|admin:10.5.0.6:9857|client:10.5.0.6:9858|priority:1] returns group-8ACF0C6A60E0:java.util.concurrent.CompletableFuture@47a9c299[Not completed]
datanode_1_1  | 2021-08-03 05:53:23,683 [main] INFO impl.DataStreamServerImpl: raft.datastream.type = DISABLED (default)
datanode_6_1  | 2021-08-03 05:50:35,870 [pool-22-thread-1] INFO storage.RaftStorage: Storage directory /data/metadata/ratis/b91c0e4e-9d6d-4030-a68d-1cb7e3fcd99a has been successfully formatted.
datanode_2_1  | 2021-08-03 05:50:42,896 [grpc-default-executor-0] INFO server.RaftServer$Division: a8c7a0ef-7ffc-4314-9aa9-6b8a2f220ca3@group-7B03BED64FAE replies to ELECTION vote request: c750cab4-bbf2-4c76-87c5-782410686a2e<-a8c7a0ef-7ffc-4314-9aa9-6b8a2f220ca3#0:OK-t1. Peer's state: a8c7a0ef-7ffc-4314-9aa9-6b8a2f220ca3@group-7B03BED64FAE:t1, leader=null, voted=c750cab4-bbf2-4c76-87c5-782410686a2e, raftlog=a8c7a0ef-7ffc-4314-9aa9-6b8a2f220ca3@group-7B03BED64FAE-SegmentedRaftLog:OPENED:c-1,f-1,i0, conf=-1: [1c09f025-267d-4628-a26e-6b962f77c4a2|rpc:10.5.0.4:9856|admin:10.5.0.4:9857|client:10.5.0.4:9858|priority:0, a8c7a0ef-7ffc-4314-9aa9-6b8a2f220ca3|rpc:10.5.0.5:9856|admin:10.5.0.5:9857|client:10.5.0.5:9858|priority:0, c750cab4-bbf2-4c76-87c5-782410686a2e|rpc:10.5.0.9:9856|admin:10.5.0.9:9857|client:10.5.0.9:9858|priority:1], old=null
datanode_4_1  | 2021-08-03 05:50:36,745 [pool-22-thread-1] INFO server.RaftServerConfigKeys: raft.server.log.preallocated.size = 16384 (custom)
scm_1         | 2021-08-03 05:50:29,203 [Listener at 0.0.0.0/9860] INFO http.HttpRequestLog: Http request log for http.requests.scm is not defined
om_1          | 2021-08-03 05:50:47,504 [org.apache.ratis.util.JvmPauseMonitor$$Lambda$370/0x0000000840510840@2aea7775] INFO util.JvmPauseMonitor: JvmPauseMonitor-om1: Started
datanode_5_1  | 2021-08-03 05:50:34,256 [pool-22-thread-1] INFO server.RaftServerConfigKeys: raft.server.log.purge.upto.snapshot.index = false (default)
datanode_3_1  | 2021-08-03 05:50:35,004 [pool-22-thread-1] INFO server.RaftServer$Division: 65e74df2-4414-456e-b6a4-b8de1165a73b: new RaftServerImpl for group-8ACF0C6A60E0:[65e74df2-4414-456e-b6a4-b8de1165a73b|rpc:10.5.0.6:9856|admin:10.5.0.6:9857|client:10.5.0.6:9858|priority:1] with ContainerStateMachine:uninitialized
datanode_1_1  | 2021-08-03 05:53:23,685 [main] INFO server.RaftServerConfigKeys: raft.server.rpc.slowness.timeout = 300s (custom)
datanode_6_1  | 2021-08-03 05:50:35,982 [Datanode State Machine Thread - 0] WARN statemachine.StateContext: No available thread in pool for past 30 seconds.
datanode_2_1  | 2021-08-03 05:50:43,119 [grpc-default-executor-0] INFO ratis.XceiverServerRatis: Leader change notification received for group: group-7B03BED64FAE with new leaderId: c750cab4-bbf2-4c76-87c5-782410686a2e
datanode_4_1  | 2021-08-03 05:50:36,762 [pool-22-thread-1] INFO server.RaftServerConfigKeys: raft.server.log.force.sync.num = 128 (default)
scm_1         | 2021-08-03 05:50:29,220 [Listener at 0.0.0.0/9860] INFO http.HttpServer2: Added global filter 'safety' (class=org.apache.hadoop.hdds.server.http.HttpServer2$QuotingInputFilter)
om_1          | 2021-08-03 05:50:47,600 [Listener at om/9862] INFO http.BaseHttpServer: Starting Web-server for ozoneManager at: http://0.0.0.0:9874
datanode_5_1  | 2021-08-03 05:50:34,260 [pool-22-thread-1] INFO server.RaftServerConfigKeys: raft.server.retrycache.expirytime = 600000ms (custom)
datanode_3_1  | 2021-08-03 05:50:35,014 [pool-22-thread-1] INFO server.RaftServerConfigKeys: raft.server.rpc.timeout.min = 5s (custom)
datanode_1_1  | 2021-08-03 05:53:23,688 [main] INFO server.RaftServerConfigKeys: raft.server.leaderelection.leader.step-down.wait-time = 10s (default)
datanode_6_1  | 2021-08-03 05:50:36,032 [pool-22-thread-1] INFO ratis.ContainerStateMachine: group-1CB7E3FCD99A: The snapshot info is null. Setting the last applied indexto:(t:0, i:~)
datanode_2_1  | 2021-08-03 05:50:43,120 [grpc-default-executor-0] INFO server.RaftServer$Division: a8c7a0ef-7ffc-4314-9aa9-6b8a2f220ca3@group-7B03BED64FAE: change Leader from null to c750cab4-bbf2-4c76-87c5-782410686a2e at term 1 for appendEntries, leader elected after 3064ms
datanode_4_1  | 2021-08-03 05:50:36,790 [pool-22-thread-1] INFO server.RaftServerConfigKeys: raft.server.log.statemachine.data.sync = true (default)
scm_1         | 2021-08-03 05:50:29,227 [Listener at 0.0.0.0/9860] INFO http.HttpServer2: Added filter static_user_filter (class=org.apache.hadoop.http.lib.StaticUserWebFilter$StaticUserFilter) to context scm
om_1          | 2021-08-03 05:50:47,600 [Listener at om/9862] INFO http.BaseHttpServer: Hadoop Security Enabled: false Ozone Security Enabled: false Ozone HTTP Security Enabled: false 
datanode_5_1  | 2021-08-03 05:50:34,265 [pool-22-thread-1] INFO server.RaftServerConfigKeys: raft.server.retrycache.statistics.expirytime = 100?s (default)
datanode_3_1  | 2021-08-03 05:50:35,016 [pool-22-thread-1] INFO server.RaftServerConfigKeys: raft.server.rpc.timeout.max = 5200ms (custom)
datanode_1_1  | 2021-08-03 05:53:23,789 [main] INFO server.RaftServerConfigKeys: raft.server.storage.dir = [/data/metadata/ratis] (custom)
datanode_6_1  | 2021-08-03 05:50:36,038 [pool-22-thread-1] INFO server.RaftServerConfigKeys: raft.server.notification.no-leader.timeout = 300s (custom)
datanode_2_1  | 2021-08-03 05:50:43,186 [grpc-default-executor-0] INFO server.RaftServer$Division: a8c7a0ef-7ffc-4314-9aa9-6b8a2f220ca3@group-7B03BED64FAE: set configuration 0: [1c09f025-267d-4628-a26e-6b962f77c4a2|rpc:10.5.0.4:9856|admin:10.5.0.4:9857|client:10.5.0.4:9858|dataStream:|priority:0, a8c7a0ef-7ffc-4314-9aa9-6b8a2f220ca3|rpc:10.5.0.5:9856|admin:10.5.0.5:9857|client:10.5.0.5:9858|dataStream:|priority:0, c750cab4-bbf2-4c76-87c5-782410686a2e|rpc:10.5.0.9:9856|admin:10.5.0.9:9857|client:10.5.0.9:9858|dataStream:|priority:1], old=null
datanode_4_1  | 2021-08-03 05:50:36,799 [pool-22-thread-1] INFO server.RaftServerConfigKeys: raft.server.log.statemachine.data.sync.timeout = 10s (default)
scm_1         | 2021-08-03 05:50:29,227 [Listener at 0.0.0.0/9860] INFO http.HttpServer2: Added filter static_user_filter (class=org.apache.hadoop.http.lib.StaticUserWebFilter$StaticUserFilter) to context static
om_1          | 2021-08-03 05:50:47,655 [Listener at om/9862] INFO util.log: Logging initialized @16968ms to org.eclipse.jetty.util.log.Slf4jLog
datanode_5_1  | 2021-08-03 05:50:34,451 [pool-22-thread-1] INFO server.RaftServer$Division: 4e6278fb-4266-4710-8a8a-0e1b8ffdf34e@group-0C013217952C: start as a follower, conf=-1: [4e6278fb-4266-4710-8a8a-0e1b8ffdf34e|rpc:10.5.0.8:9856|admin:10.5.0.8:9857|client:10.5.0.8:9858|priority:1], old=null
datanode_3_1  | 2021-08-03 05:50:35,016 [pool-22-thread-1] INFO server.RaftServerConfigKeys: raft.server.rpc.sleep.time = 25ms (default)
datanode_1_1  | 2021-08-03 05:53:23,791 [main] INFO server.RaftServer: 1c09f025-267d-4628-a26e-6b962f77c4a2: found a subdirectory /data/metadata/ratis/7d91264d-eed1-4cb7-b886-3d8cc98d1d46
datanode_6_1  | 2021-08-03 05:50:36,225 [pool-22-thread-1] INFO server.RaftServerConfigKeys: raft.server.log.use.memory = false (default)
datanode_2_1  | 2021-08-03 05:50:43,187 [grpc-default-executor-0] INFO segmented.SegmentedRaftLogWorker: a8c7a0ef-7ffc-4314-9aa9-6b8a2f220ca3@group-7B03BED64FAE-SegmentedRaftLogWorker: Starting segment from index:0
datanode_4_1  | 2021-08-03 05:50:36,804 [pool-22-thread-1] INFO server.RaftServerConfigKeys: raft.server.log.statemachine.data.sync.timeout.retry = -1 (default)
scm_1         | 2021-08-03 05:50:29,228 [Listener at 0.0.0.0/9860] INFO http.HttpServer2: Added filter static_user_filter (class=org.apache.hadoop.http.lib.StaticUserWebFilter$StaticUserFilter) to context logs
om_1          | 2021-08-03 05:50:47,942 [Listener at om/9862] INFO server.AuthenticationFilter: Unable to initialize FileSignerSecretProvider, falling back to use random secrets.
datanode_5_1  | 2021-08-03 05:50:34,465 [pool-22-thread-1] INFO server.RaftServer$Division: 4e6278fb-4266-4710-8a8a-0e1b8ffdf34e@group-0C013217952C: changes role from      null to FOLLOWER at term 0 for startAsFollower
datanode_3_1  | 2021-08-03 05:50:35,016 [pool-22-thread-1] INFO server.RaftServerConfigKeys: raft.server.rpc.slowness.timeout = 300s (custom)
datanode_1_1  | 2021-08-03 05:53:23,816 [main] INFO server.RaftServer: 1c09f025-267d-4628-a26e-6b962f77c4a2: addNew group-3D8CC98D1D46:[] returns group-3D8CC98D1D46:java.util.concurrent.CompletableFuture@62b42406[Not completed]
datanode_6_1  | 2021-08-03 05:50:36,329 [pool-22-thread-1] INFO server.RaftServerConfigKeys: raft.server.log.purge.gap = 1000000 (custom)
datanode_2_1  | 2021-08-03 05:50:43,193 [a8c7a0ef-7ffc-4314-9aa9-6b8a2f220ca3@group-7B03BED64FAE-SegmentedRaftLogWorker] INFO segmented.SegmentedRaftLogWorker: a8c7a0ef-7ffc-4314-9aa9-6b8a2f220ca3@group-7B03BED64FAE-SegmentedRaftLogWorker: created new log segment /data/metadata/ratis/77a5e34a-d182-4290-b368-7b03bed64fae/current/log_inprogress_0
datanode_4_1  | 2021-08-03 05:50:36,917 [pool-22-thread-1] INFO server.RaftServerConfigKeys: raft.server.log.write.buffer.size = 1048576 (custom)
scm_1         | 2021-08-03 05:50:29,930 [Listener at 0.0.0.0/9860] WARN http.BaseHttpServer: /prof java profiling servlet is activated. Not safe for production!
om_1          | 2021-08-03 05:50:47,965 [Listener at om/9862] INFO http.HttpRequestLog: Http request log for http.requests.ozoneManager is not defined
datanode_5_1  | 2021-08-03 05:50:34,466 [pool-22-thread-1] INFO impl.RoleInfo: 4e6278fb-4266-4710-8a8a-0e1b8ffdf34e: start 4e6278fb-4266-4710-8a8a-0e1b8ffdf34e@group-0C013217952C-FollowerState
datanode_3_1  | 2021-08-03 05:50:35,017 [pool-22-thread-1] INFO server.RaftServerConfigKeys: raft.server.leaderelection.leader.step-down.wait-time = 10s (default)
datanode_1_1  | 2021-08-03 05:53:23,816 [main] INFO server.RaftServer: 1c09f025-267d-4628-a26e-6b962f77c4a2: found a subdirectory /data/metadata/ratis/690c8b81-ffd7-43d3-9b00-f0052a296fbf
datanode_6_1  | 2021-08-03 05:50:36,330 [pool-22-thread-1] INFO server.RaftServerConfigKeys: raft.server.log.appender.buffer.byte-limit = 33554432 (custom)
datanode_2_1  | 2021-08-03 05:50:45,541 [a8c7a0ef-7ffc-4314-9aa9-6b8a2f220ca3@group-72C603508F08-FollowerState] INFO impl.FollowerState: a8c7a0ef-7ffc-4314-9aa9-6b8a2f220ca3@group-72C603508F08-FollowerState: change to CANDIDATE, lastRpcElapsedTime:5143429283ns, electionTimeout:5101ms
datanode_4_1  | 2021-08-03 05:50:36,924 [pool-22-thread-1] INFO server.RaftServerConfigKeys: raft.server.log.statemachine.data.caching.enabled = true (custom)
scm_1         | 2021-08-03 05:50:29,961 [Listener at 0.0.0.0/9860] INFO http.HttpServer2: Jetty bound to port 9876
om_1          | 2021-08-03 05:50:47,973 [Listener at om/9862] INFO http.HttpServer2: Added global filter 'safety' (class=org.apache.hadoop.hdds.server.http.HttpServer2$QuotingInputFilter)
datanode_5_1  | 2021-08-03 05:50:34,478 [pool-22-thread-1] INFO util.JmxRegister: Successfully registered JMX Bean with object name Ratis:service=RaftServer,group=group-0C013217952C,id=4e6278fb-4266-4710-8a8a-0e1b8ffdf34e
datanode_1_1  | 2021-08-03 05:53:23,816 [main] INFO server.RaftServer: 1c09f025-267d-4628-a26e-6b962f77c4a2: addNew group-F0052A296FBF:[] returns group-F0052A296FBF:java.util.concurrent.CompletableFuture@a0e33db[Not completed]
datanode_3_1  | 2021-08-03 05:50:35,018 [pool-22-thread-1] INFO server.RaftServerConfigKeys: raft.server.sleep.deviation.threshold = 300ms (default)
