dn1_1    | 2022-04-05 03:49:02,617 [e1e62e39-fc65-4ba2-a8db-3ad040736d34@group-6DF7F6772775-FollowerState] INFO impl.RoleInfo: e1e62e39-fc65-4ba2-a8db-3ad040736d34: start e1e62e39-fc65-4ba2-a8db-3ad040736d34@group-6DF7F6772775-LeaderElection6
dn1_1    | 2022-04-05 03:49:02,622 [e1e62e39-fc65-4ba2-a8db-3ad040736d34@group-6DF7F6772775-LeaderElection6] INFO impl.LeaderElection: e1e62e39-fc65-4ba2-a8db-3ad040736d34@group-6DF7F6772775-LeaderElection6 ELECTION round 0: submit vote requests at term 11 for 0: [54a9cc24-a73e-4d52-b6dd-f65299060b74|rpc:10.9.0.12:9856|admin:10.9.0.12:9857|client:10.9.0.12:9858|dataStream:|priority:0, e1e62e39-fc65-4ba2-a8db-3ad040736d34|rpc:10.9.0.11:9856|admin:10.9.0.11:9857|client:10.9.0.11:9858|dataStream:|priority:1, 415fb055-cb56-41f7-800f-22ed41cfce2e|rpc:10.9.0.13:9856|admin:10.9.0.13:9857|client:10.9.0.13:9858|dataStream:|priority:0], old=null
dn1_1    | 2022-04-05 03:49:02,635 [e1e62e39-fc65-4ba2-a8db-3ad040736d34@group-6DF7F6772775-LeaderElection6] INFO impl.LeaderElection: e1e62e39-fc65-4ba2-a8db-3ad040736d34@group-6DF7F6772775-LeaderElection6: ELECTION PASSED received 1 response(s) and 0 exception(s):
dn3_1    | 2022-04-05 03:48:20,849 [pool-26-thread-1] INFO server.RaftServerConfigKeys: raft.server.log.use.memory = false (default)
dn1_1    | 2022-04-05 03:49:02,635 [e1e62e39-fc65-4ba2-a8db-3ad040736d34@group-6DF7F6772775-LeaderElection6] INFO impl.LeaderElection:   Response 0: e1e62e39-fc65-4ba2-a8db-3ad040736d34<-54a9cc24-a73e-4d52-b6dd-f65299060b74#0:OK-t11
scm_1    | Key                            Value
om_1     | 2022-04-05 03:48:33,671 [pool-23-thread-1] INFO server.RaftServerConfigKeys: raft.server.log.segment.size.max = 4194304 (custom)
dn2_1    | 2022-04-05 03:48:30,194 [EndpointStateMachine task thread for scm/10.9.0.17:9861 - 0 ] INFO ratis.XceiverServerRatis: XceiverServerRatis 54a9cc24-a73e-4d52-b6dd-f65299060b74 is started using port 9856 for RATIS_SERVER
dn3_1    | 2022-04-05 03:48:20,849 [pool-26-thread-1] INFO server.RaftServerConfigKeys: raft.server.log.purge.gap = 1000000 (custom)
scm_1    | Running                        false
scm_1    | Container Balancer Configuration values:
dn2_1    | 2022-04-05 03:48:30,207 [org.apache.ratis.util.JvmPauseMonitor$$Lambda$453/0x0000000840550040@518b97b0] INFO util.JvmPauseMonitor: JvmPauseMonitor-54a9cc24-a73e-4d52-b6dd-f65299060b74: Started
dn3_1    | 2022-04-05 03:48:20,849 [pool-26-thread-1] INFO server.RaftServerConfigKeys: raft.server.log.appender.buffer.byte-limit = 33554432 (custom)
dn1_1    | 2022-04-05 03:49:02,635 [e1e62e39-fc65-4ba2-a8db-3ad040736d34@group-6DF7F6772775-LeaderElection6] INFO impl.LeaderElection: e1e62e39-fc65-4ba2-a8db-3ad040736d34@group-6DF7F6772775-LeaderElection6 ELECTION round 0: result PASSED
scm_1    | Key                                                Value
om_1     | 2022-04-05 03:48:33,685 [pool-23-thread-1] INFO server.RaftServerConfigKeys: raft.server.log.segment.cache.num.max = 2 (custom)
dn2_1    | 2022-04-05 03:48:35,181 [54a9cc24-a73e-4d52-b6dd-f65299060b74@group-46BE8C97D4E3-FollowerState] INFO impl.FollowerState: 54a9cc24-a73e-4d52-b6dd-f65299060b74@group-46BE8C97D4E3-FollowerState: change to CANDIDATE, lastRpcElapsedTime:5026985278ns, electionTimeout:5012ms
dn3_1    | 2022-04-05 03:48:20,850 [pool-26-thread-1] INFO server.RaftServerConfigKeys: raft.server.log.segment.size.max = 1048576 (custom)
dn1_1    | 2022-04-05 03:49:02,635 [e1e62e39-fc65-4ba2-a8db-3ad040736d34@group-6DF7F6772775-LeaderElection6] INFO impl.RoleInfo: e1e62e39-fc65-4ba2-a8db-3ad040736d34: shutdown e1e62e39-fc65-4ba2-a8db-3ad040736d34@group-6DF7F6772775-LeaderElection6
scm_1    | Threshold                                          10
om_1     | 2022-04-05 03:48:33,685 [pool-23-thread-1] INFO server.RaftServerConfigKeys: raft.server.log.segment.cache.size.max = 200MB (=209715200) (default)
dn2_1    | 2022-04-05 03:48:35,183 [54a9cc24-a73e-4d52-b6dd-f65299060b74@group-46BE8C97D4E3-FollowerState] INFO impl.RoleInfo: 54a9cc24-a73e-4d52-b6dd-f65299060b74: shutdown 54a9cc24-a73e-4d52-b6dd-f65299060b74@group-46BE8C97D4E3-FollowerState
dn3_1    | 2022-04-05 03:48:20,850 [pool-26-thread-1] INFO server.RaftServerConfigKeys: raft.server.log.segment.cache.num.max = 2 (custom)
dn1_1    | 2022-04-05 03:49:02,635 [e1e62e39-fc65-4ba2-a8db-3ad040736d34@group-6DF7F6772775-LeaderElection6] INFO server.RaftServer$Division: e1e62e39-fc65-4ba2-a8db-3ad040736d34@group-6DF7F6772775: changes role from CANDIDATE to LEADER at term 11 for changeToLeader
scm_1    | Max Datanodes to Involve per Iteration(percent)    20
om_1     | 2022-04-05 03:48:33,689 [pool-23-thread-1] INFO segmented.SegmentedRaftLogWorker: new om1@group-C5BA1605619E-SegmentedRaftLogWorker for RaftStorageImpl:Storage Directory /data/metadata/ratis/bf265839-605b-3f16-9796-c5ba1605619e
dn2_1    | 2022-04-05 03:48:35,183 [54a9cc24-a73e-4d52-b6dd-f65299060b74@group-46BE8C97D4E3-FollowerState] INFO server.RaftServer$Division: 54a9cc24-a73e-4d52-b6dd-f65299060b74@group-46BE8C97D4E3: changes role from  FOLLOWER to CANDIDATE at term 6 for changeToCandidate
dn3_1    | 2022-04-05 03:48:20,850 [pool-26-thread-1] INFO server.RaftServerConfigKeys: raft.server.log.segment.cache.size.max = 200MB (=209715200) (default)
dn1_1    | 2022-04-05 03:49:02,635 [e1e62e39-fc65-4ba2-a8db-3ad040736d34@group-6DF7F6772775-LeaderElection6] INFO ratis.XceiverServerRatis: Leader change notification received for group: group-6DF7F6772775 with new leaderId: e1e62e39-fc65-4ba2-a8db-3ad040736d34
scm_1    | Max Size to Move per Iteration                     500GB
om_1     | 2022-04-05 03:48:33,690 [pool-23-thread-1] INFO server.RaftServerConfigKeys: raft.server.log.queue.byte-limit = 64MB (=67108864) (default)
dn2_1    | 2022-04-05 03:48:35,186 [54a9cc24-a73e-4d52-b6dd-f65299060b74@group-46BE8C97D4E3-FollowerState] INFO server.RaftServerConfigKeys: raft.server.leaderelection.pre-vote = false (custom)
dn3_1    | 2022-04-05 03:48:20,855 [pool-26-thread-1] INFO segmented.SegmentedRaftLogWorker: new 415fb055-cb56-41f7-800f-22ed41cfce2e@group-46BE8C97D4E3-SegmentedRaftLogWorker for RaftStorageImpl:Storage Directory /data/metadata/ratis/16a88ad5-7627-4150-9b3f-46be8c97d4e3
dn1_1    | 2022-04-05 03:49:02,638 [e1e62e39-fc65-4ba2-a8db-3ad040736d34@group-6DF7F6772775-LeaderElection6] INFO server.RaftServer$Division: e1e62e39-fc65-4ba2-a8db-3ad040736d34@group-6DF7F6772775: change Leader from null to e1e62e39-fc65-4ba2-a8db-3ad040736d34 at term 11 for becomeLeader, leader elected after 45354ms
scm_1    | Max Size Entering Target per Iteration             26GB
om_1     | 2022-04-05 03:48:33,690 [pool-23-thread-1] INFO server.RaftServerConfigKeys: raft.server.log.queue.element-limit = 4096 (default)
dn2_1    | 2022-04-05 03:48:35,186 [54a9cc24-a73e-4d52-b6dd-f65299060b74@group-46BE8C97D4E3-FollowerState] INFO impl.RoleInfo: 54a9cc24-a73e-4d52-b6dd-f65299060b74: start 54a9cc24-a73e-4d52-b6dd-f65299060b74@group-46BE8C97D4E3-LeaderElection1
dn3_1    | 2022-04-05 03:48:20,855 [pool-26-thread-1] INFO server.RaftServerConfigKeys: raft.server.log.queue.byte-limit = 4294967296 (custom)
dn1_1    | 2022-04-05 03:49:02,639 [e1e62e39-fc65-4ba2-a8db-3ad040736d34@group-6DF7F6772775-LeaderElection6] INFO server.RaftServerConfigKeys: raft.server.staging.catchup.gap = 1000 (default)
scm_1    | Max Size Leaving Source per Iteration              26GB
om_1     | 2022-04-05 03:48:33,691 [pool-23-thread-1] INFO server.RaftServerConfigKeys: raft.server.log.segment.size.max = 4194304 (custom)
dn2_1    | 2022-04-05 03:48:35,215 [54a9cc24-a73e-4d52-b6dd-f65299060b74@group-46BE8C97D4E3-LeaderElection1] INFO impl.LeaderElection: 54a9cc24-a73e-4d52-b6dd-f65299060b74@group-46BE8C97D4E3-LeaderElection1 ELECTION round 0: submit vote requests at term 7 for 0: [54a9cc24-a73e-4d52-b6dd-f65299060b74|rpc:10.9.0.12:9856|admin:10.9.0.12:9857|client:10.9.0.12:9858|dataStream:|priority:0, e1e62e39-fc65-4ba2-a8db-3ad040736d34|rpc:10.9.0.11:9856|admin:10.9.0.11:9857|client:10.9.0.11:9858|dataStream:|priority:0, 415fb055-cb56-41f7-800f-22ed41cfce2e|rpc:10.9.0.13:9856|admin:10.9.0.13:9857|client:10.9.0.13:9858|dataStream:|priority:1], old=null
dn3_1    | 2022-04-05 03:48:20,856 [pool-26-thread-1] INFO server.RaftServerConfigKeys: raft.server.log.queue.element-limit = 1024 (custom)
dn1_1    | 2022-04-05 03:49:02,640 [e1e62e39-fc65-4ba2-a8db-3ad040736d34@group-6DF7F6772775-LeaderElection6] INFO server.RaftServerConfigKeys: raft.server.write.element-limit = 1024 (custom)
scm_1    | 
om_1     | 2022-04-05 03:48:33,692 [pool-23-thread-1] INFO server.RaftServerConfigKeys: raft.server.log.preallocated.size = 4194304 (custom)
dn2_1    | 2022-04-05 03:48:35,254 [54a9cc24-a73e-4d52-b6dd-f65299060b74@group-6DF7F6772775-FollowerState] INFO impl.FollowerState: 54a9cc24-a73e-4d52-b6dd-f65299060b74@group-6DF7F6772775-FollowerState: change to CANDIDATE, lastRpcElapsedTime:5105253829ns, electionTimeout:5049ms
dn3_1    | 2022-04-05 03:48:20,856 [pool-26-thread-1] INFO server.RaftServerConfigKeys: raft.server.log.segment.size.max = 1048576 (custom)
dn1_1    | 2022-04-05 03:49:02,641 [e1e62e39-fc65-4ba2-a8db-3ad040736d34@group-6DF7F6772775-LeaderElection6] INFO server.RaftServerConfigKeys: raft.server.write.byte-limit = 1024 M (=1073741824) (custom)
scm_1    | 2022-04-05 03:48:24,553 [Listener at 0.0.0.0/9860] WARN events.EventQueue: No event handler registered for event TypedEvent{payloadType=SafeModeStatus, name='Safe mode status'}
om_1     | 2022-04-05 03:48:33,692 [pool-23-thread-1] INFO server.RaftServerConfigKeys: raft.server.log.force.sync.num = 128 (default)
dn2_1    | 2022-04-05 03:48:35,255 [54a9cc24-a73e-4d52-b6dd-f65299060b74@group-6DF7F6772775-FollowerState] INFO impl.RoleInfo: 54a9cc24-a73e-4d52-b6dd-f65299060b74: shutdown 54a9cc24-a73e-4d52-b6dd-f65299060b74@group-6DF7F6772775-FollowerState
dn3_1    | 2022-04-05 03:48:20,856 [pool-26-thread-1] INFO server.RaftServerConfigKeys: raft.server.log.preallocated.size = 16384 (custom)
dn1_1    | 2022-04-05 03:49:02,641 [e1e62e39-fc65-4ba2-a8db-3ad040736d34@group-6DF7F6772775-LeaderElection6] INFO server.RaftServerConfigKeys: raft.server.watch.timeout = 180s (custom)
scm_1    | 2022-04-05 03:48:24,554 [Listener at 0.0.0.0/9860] INFO ha.SCMContext: Update SafeModeStatus from SafeModeStatus{safeModeStatus=true, preCheckPassed=false} to SafeModeStatus{safeModeStatus=true, preCheckPassed=false}.
om_1     | 2022-04-05 03:48:33,693 [pool-23-thread-1] INFO server.RaftServerConfigKeys: raft.server.log.statemachine.data.sync = true (default)
dn2_1    | 2022-04-05 03:48:35,255 [54a9cc24-a73e-4d52-b6dd-f65299060b74@group-6DF7F6772775-FollowerState] INFO server.RaftServer$Division: 54a9cc24-a73e-4d52-b6dd-f65299060b74@group-6DF7F6772775: changes role from  FOLLOWER to CANDIDATE at term 5 for changeToCandidate
dn3_1    | 2022-04-05 03:48:20,856 [pool-26-thread-1] INFO server.RaftServerConfigKeys: raft.server.log.force.sync.num = 128 (default)
dn1_1    | 2022-04-05 03:49:02,642 [e1e62e39-fc65-4ba2-a8db-3ad040736d34@group-6DF7F6772775-LeaderElection6] INFO server.RaftServerConfigKeys: raft.server.watch.timeout.denomination = 1s (default)
scm_1    | 2022-04-05 03:48:24,556 [Listener at 0.0.0.0/9860] INFO server.StorageContainerManager: StorageContainerLocationProtocol RPC server is listening at /0.0.0.0:9860
om_1     | 2022-04-05 03:48:33,693 [pool-23-thread-1] INFO server.RaftServerConfigKeys: raft.server.log.statemachine.data.sync.timeout = 10s (default)
dn2_1    | 2022-04-05 03:48:35,256 [54a9cc24-a73e-4d52-b6dd-f65299060b74@group-6DF7F6772775-FollowerState] INFO server.RaftServerConfigKeys: raft.server.leaderelection.pre-vote = false (custom)
dn3_1    | 2022-04-05 03:48:20,857 [pool-26-thread-1] INFO server.RaftServerConfigKeys: raft.server.log.statemachine.data.sync = true (default)
dn1_1    | 2022-04-05 03:49:02,642 [e1e62e39-fc65-4ba2-a8db-3ad040736d34@group-6DF7F6772775-LeaderElection6] INFO server.RaftServerConfigKeys: raft.server.watch.element-limit = 65536 (default)
scm_1    | 2022-04-05 03:48:24,557 [Listener at 0.0.0.0/9860] INFO ha.SCMRatisServerImpl: starting ratis server 0.0.0.0:9894
om_1     | 2022-04-05 03:48:33,694 [pool-23-thread-1] INFO server.RaftServerConfigKeys: raft.server.log.statemachine.data.sync.timeout.retry = -1 (default)
dn2_1    | 2022-04-05 03:48:35,257 [54a9cc24-a73e-4d52-b6dd-f65299060b74@group-6DF7F6772775-FollowerState] INFO impl.RoleInfo: 54a9cc24-a73e-4d52-b6dd-f65299060b74: start 54a9cc24-a73e-4d52-b6dd-f65299060b74@group-6DF7F6772775-LeaderElection2
dn3_1    | 2022-04-05 03:48:20,857 [pool-26-thread-1] INFO server.RaftServerConfigKeys: raft.server.log.statemachine.data.sync.timeout = 10s (default)
dn1_1    | 2022-04-05 03:49:02,643 [e1e62e39-fc65-4ba2-a8db-3ad040736d34@group-6DF7F6772775-LeaderElection6] INFO server.RaftServerConfigKeys: raft.server.write.element-limit = 1024 (custom)
scm_1    | 2022-04-05 03:48:24,559 [Listener at 0.0.0.0/9860] INFO server.RaftServer$Division: 82ab1aaa-9250-4e3a-85a0-4d28fe9a93dd@group-E2D60AD81B37: start as a follower, conf=1: [82ab1aaa-9250-4e3a-85a0-4d28fe9a93dd|rpc:25845625a98c:9894|admin:|client:|dataStream:|priority:0], old=null
om_1     | 2022-04-05 03:48:33,702 [pool-23-thread-1] INFO server.RaftServerConfigKeys: raft.server.log.write.buffer.size = 64KB (=65536) (default)
dn2_1    | 2022-04-05 03:48:35,289 [54a9cc24-a73e-4d52-b6dd-f65299060b74@group-ACA2726F8525-FollowerState] INFO impl.FollowerState: 54a9cc24-a73e-4d52-b6dd-f65299060b74@group-ACA2726F8525-FollowerState: change to CANDIDATE, lastRpcElapsedTime:5144727953ns, electionTimeout:5143ms
dn3_1    | 2022-04-05 03:48:20,857 [pool-26-thread-1] INFO server.RaftServerConfigKeys: raft.server.log.statemachine.data.sync.timeout.retry = -1 (default)
scm_1    | 2022-04-05 03:48:24,560 [Listener at 0.0.0.0/9860] INFO server.RaftServer$Division: 82ab1aaa-9250-4e3a-85a0-4d28fe9a93dd@group-E2D60AD81B37: changes role from      null to FOLLOWER at term 2 for startAsFollower
om_1     | 2022-04-05 03:48:33,703 [pool-23-thread-1] INFO server.RaftServerConfigKeys: raft.server.log.statemachine.data.caching.enabled = false (default)
dn1_1    | 2022-04-05 03:49:02,643 [e1e62e39-fc65-4ba2-a8db-3ad040736d34@group-6DF7F6772775-LeaderElection6] INFO server.RaftServerConfigKeys: raft.server.write.follower.gap.ratio.max = -1.0 (default)
dn2_1    | 2022-04-05 03:48:35,292 [54a9cc24-a73e-4d52-b6dd-f65299060b74@group-ACA2726F8525-FollowerState] INFO impl.RoleInfo: 54a9cc24-a73e-4d52-b6dd-f65299060b74: shutdown 54a9cc24-a73e-4d52-b6dd-f65299060b74@group-ACA2726F8525-FollowerState
dn3_1    | 2022-04-05 03:48:20,858 [pool-26-thread-1] INFO server.RaftServerConfigKeys: raft.server.log.write.buffer.size = 1048576 (custom)
scm_1    | 2022-04-05 03:48:24,562 [Listener at 0.0.0.0/9860] INFO impl.RoleInfo: 82ab1aaa-9250-4e3a-85a0-4d28fe9a93dd: start 82ab1aaa-9250-4e3a-85a0-4d28fe9a93dd@group-E2D60AD81B37-FollowerState
om_1     | 2022-04-05 03:48:33,752 [pool-23-thread-1] INFO server.RaftServer$Division: om1@group-C5BA1605619E: set configuration 0: [om1|rpc:om:9872|admin:|client:|dataStream:|priority:0], old=null
dn1_1    | 2022-04-05 03:49:02,663 [grpc-default-executor-0] INFO server.RaftServer$Division: e1e62e39-fc65-4ba2-a8db-3ad040736d34@group-6DF7F6772775: receive requestVote(ELECTION, 54a9cc24-a73e-4d52-b6dd-f65299060b74, group-6DF7F6772775, 12, (t:5, i:204))
dn2_1    | 2022-04-05 03:48:35,292 [54a9cc24-a73e-4d52-b6dd-f65299060b74@group-ACA2726F8525-FollowerState] INFO server.RaftServer$Division: 54a9cc24-a73e-4d52-b6dd-f65299060b74@group-ACA2726F8525: changes role from  FOLLOWER to CANDIDATE at term 1 for changeToCandidate
dn3_1    | 2022-04-05 03:48:20,874 [pool-26-thread-1] INFO server.RaftServerConfigKeys: raft.server.log.statemachine.data.caching.enabled = true (custom)
scm_1    | 2022-04-05 03:48:24,572 [Listener at 0.0.0.0/9860] INFO util.JmxRegister: Successfully registered JMX Bean with object name Ratis:service=RaftServer,group=group-E2D60AD81B37,id=82ab1aaa-9250-4e3a-85a0-4d28fe9a93dd
om_1     | 2022-04-05 03:48:33,766 [pool-23-thread-1] INFO segmented.LogSegment: Successfully read 15 entries from segment file /data/metadata/ratis/bf265839-605b-3f16-9796-c5ba1605619e/current/log_inprogress_0
dn1_1    | 2022-04-05 03:49:02,671 [e1e62e39-fc65-4ba2-a8db-3ad040736d34@group-6DF7F6772775-LeaderElection6] INFO server.RaftServerConfigKeys: raft.server.log.appender.snapshot.chunk.size.max = 16MB (=16777216) (default)
dn2_1    | 2022-04-05 03:48:35,292 [54a9cc24-a73e-4d52-b6dd-f65299060b74@group-ACA2726F8525-FollowerState] INFO server.RaftServerConfigKeys: raft.server.leaderelection.pre-vote = false (custom)
dn3_1    | 2022-04-05 03:48:20,884 [pool-26-thread-1] INFO server.RaftServer$Division: 415fb055-cb56-41f7-800f-22ed41cfce2e@group-46BE8C97D4E3: set configuration 0: [54a9cc24-a73e-4d52-b6dd-f65299060b74|rpc:10.9.0.12:9856|admin:10.9.0.12:9857|client:10.9.0.12:9858|dataStream:|priority:0, e1e62e39-fc65-4ba2-a8db-3ad040736d34|rpc:10.9.0.11:9856|admin:10.9.0.11:9857|client:10.9.0.11:9858|dataStream:|priority:0, 415fb055-cb56-41f7-800f-22ed41cfce2e|rpc:10.9.0.13:9856|admin:10.9.0.13:9857|client:10.9.0.13:9858|dataStream:|priority:1], old=null
scm_1    | 2022-04-05 03:48:24,591 [Listener at 0.0.0.0/9860] INFO server.RaftServer: 82ab1aaa-9250-4e3a-85a0-4d28fe9a93dd: start RPC server
scm_1    | 2022-04-05 03:48:24,691 [Listener at 0.0.0.0/9860] INFO server.GrpcService: 82ab1aaa-9250-4e3a-85a0-4d28fe9a93dd: GrpcService started, listening on 9894
dn1_1    | 2022-04-05 03:49:02,673 [e1e62e39-fc65-4ba2-a8db-3ad040736d34@group-6DF7F6772775-LeaderElection6] INFO server.RaftServerConfigKeys: raft.server.log.appender.buffer.byte-limit = 33554432 (custom)
dn2_1    | 2022-04-05 03:48:35,292 [54a9cc24-a73e-4d52-b6dd-f65299060b74@group-ACA2726F8525-FollowerState] INFO impl.RoleInfo: 54a9cc24-a73e-4d52-b6dd-f65299060b74: start 54a9cc24-a73e-4d52-b6dd-f65299060b74@group-ACA2726F8525-LeaderElection3
scm_1    | 2022-04-05 03:48:24,697 [Listener at 0.0.0.0/9860] INFO ha.SCMHAManagerImpl:  scm role is FOLLOWER peers [82ab1aaa-9250-4e3a-85a0-4d28fe9a93dd|rpc:25845625a98c:9894|admin:|client:|dataStream:|priority:0]
om_1     | 2022-04-05 03:48:33,773 [pool-23-thread-1] INFO segmented.SegmentedRaftLogWorker: om1@group-C5BA1605619E-SegmentedRaftLogWorker: flushIndex: setUnconditionally 0 -> 14
dn3_1    | 2022-04-05 03:48:20,884 [pool-26-thread-1] INFO segmented.LogSegment: Successfully read 1 entries from segment file /data/metadata/ratis/16a88ad5-7627-4150-9b3f-46be8c97d4e3/current/log_inprogress_0
dn1_1    | 2022-04-05 03:49:02,673 [e1e62e39-fc65-4ba2-a8db-3ad040736d34@group-6DF7F6772775-LeaderElection6] INFO server.RaftServerConfigKeys: raft.server.log.appender.buffer.element-limit = 1 (custom)
dn2_1    | 2022-04-05 03:48:35,305 [54a9cc24-a73e-4d52-b6dd-f65299060b74@group-6DF7F6772775-LeaderElection2] INFO impl.LeaderElection: 54a9cc24-a73e-4d52-b6dd-f65299060b74@group-6DF7F6772775-LeaderElection2 ELECTION round 0: submit vote requests at term 6 for 0: [54a9cc24-a73e-4d52-b6dd-f65299060b74|rpc:10.9.0.12:9856|admin:10.9.0.12:9857|client:10.9.0.12:9858|dataStream:|priority:0, e1e62e39-fc65-4ba2-a8db-3ad040736d34|rpc:10.9.0.11:9856|admin:10.9.0.11:9857|client:10.9.0.11:9858|dataStream:|priority:1, 415fb055-cb56-41f7-800f-22ed41cfce2e|rpc:10.9.0.13:9856|admin:10.9.0.13:9857|client:10.9.0.13:9858|dataStream:|priority:0], old=null
scm_1    | 2022-04-05 03:48:24,697 [Listener at 0.0.0.0/9860] INFO ha.InterSCMGrpcService: Starting SCM Grpc Service at port 9895
om_1     | 2022-04-05 03:48:33,773 [pool-23-thread-1] INFO segmented.SegmentedRaftLogWorker: om1@group-C5BA1605619E-SegmentedRaftLogWorker: safeCacheEvictIndex: setUnconditionally 0 -> -1
dn3_1    | 2022-04-05 03:48:20,884 [pool-26-thread-1] INFO segmented.SegmentedRaftLogWorker: 415fb055-cb56-41f7-800f-22ed41cfce2e@group-46BE8C97D4E3-SegmentedRaftLogWorker: flushIndex: setUnconditionally 0 -> 0
dn1_1    | 2022-04-05 03:49:02,676 [e1e62e39-fc65-4ba2-a8db-3ad040736d34@group-6DF7F6772775-LeaderElection6] INFO grpc.GrpcConfigKeys: raft.grpc.server.leader.outstanding.appends.max = 128 (default)
dn2_1    | 2022-04-05 03:48:35,327 [54a9cc24-a73e-4d52-b6dd-f65299060b74@group-ACA2726F8525-LeaderElection3] INFO impl.LeaderElection: 54a9cc24-a73e-4d52-b6dd-f65299060b74@group-ACA2726F8525-LeaderElection3 ELECTION round 0: submit vote requests at term 2 for 0: [54a9cc24-a73e-4d52-b6dd-f65299060b74|rpc:10.9.0.12:9856|admin:10.9.0.12:9857|client:10.9.0.12:9858|dataStream:|priority:1], old=null
scm_1    | 2022-04-05 03:48:24,721 [org.apache.ratis.util.JvmPauseMonitor$$Lambda$410/0x000000084047b840@1e3f0aea] INFO util.JvmPauseMonitor: JvmPauseMonitor-82ab1aaa-9250-4e3a-85a0-4d28fe9a93dd: Started
om_1     | 2022-04-05 03:48:33,906 [main] INFO reflections.Reflections: Reflections took 443 ms to scan 7 urls, producing 19 keys and 309 values [using 2 cores]
dn3_1    | 2022-04-05 03:48:20,884 [pool-26-thread-1] INFO segmented.SegmentedRaftLogWorker: 415fb055-cb56-41f7-800f-22ed41cfce2e@group-46BE8C97D4E3-SegmentedRaftLogWorker: safeCacheEvictIndex: setUnconditionally 0 -> -1
dn1_1    | 2022-04-05 03:49:02,676 [e1e62e39-fc65-4ba2-a8db-3ad040736d34@group-6DF7F6772775-LeaderElection6] INFO server.RaftServerConfigKeys: raft.server.rpc.request.timeout = 60s (custom)
dn2_1    | 2022-04-05 03:48:35,336 [54a9cc24-a73e-4d52-b6dd-f65299060b74@group-ACA2726F8525-LeaderElection3] INFO impl.LeaderElection: 54a9cc24-a73e-4d52-b6dd-f65299060b74@group-ACA2726F8525-LeaderElection3 ELECTION round 0: result PASSED (term=2)
scm_1    | 2022-04-05 03:48:24,854 [Listener at 0.0.0.0/9860] INFO impl.MetricsConfig: Loaded properties from hadoop-metrics2.properties
om_1     | 2022-04-05 03:48:33,911 [pool-23-thread-1] INFO raftlog.RaftLog: om1@group-C5BA1605619E-SegmentedRaftLog: commitIndex: updateToMax old=14, new=13, updated? false
dn1_1    | 2022-04-05 03:49:02,676 [e1e62e39-fc65-4ba2-a8db-3ad040736d34@group-6DF7F6772775-LeaderElection6] INFO server.RaftServerConfigKeys: raft.server.log.appender.install.snapshot.enabled = false (custom)
dn2_1    | 2022-04-05 03:48:35,348 [54a9cc24-a73e-4d52-b6dd-f65299060b74@group-ACA2726F8525-LeaderElection3] INFO impl.RoleInfo: 54a9cc24-a73e-4d52-b6dd-f65299060b74: shutdown 54a9cc24-a73e-4d52-b6dd-f65299060b74@group-ACA2726F8525-LeaderElection3
scm_1    | 2022-04-05 03:48:24,874 [Listener at 0.0.0.0/9860] INFO impl.MetricsSystemImpl: Scheduled Metric snapshot period at 10 second(s).
om_1     | 2022-04-05 03:48:33,916 [pool-23-thread-1] INFO server.RaftServerConfigKeys: raft.server.snapshot.auto.trigger.enabled = true (custom)
dn3_1    | 2022-04-05 03:48:20,885 [pool-26-thread-1] INFO server.RaftServerConfigKeys: raft.server.snapshot.auto.trigger.enabled = true (custom)
dn1_1    | 2022-04-05 03:49:02,681 [e1e62e39-fc65-4ba2-a8db-3ad040736d34@group-6DF7F6772775-LeaderElection6] INFO server.RaftServerConfigKeys: raft.server.log.appender.snapshot.chunk.size.max = 16MB (=16777216) (default)
dn2_1    | 2022-04-05 03:48:35,351 [54a9cc24-a73e-4d52-b6dd-f65299060b74@group-ACA2726F8525-LeaderElection3] INFO server.RaftServer$Division: 54a9cc24-a73e-4d52-b6dd-f65299060b74@group-ACA2726F8525: changes role from CANDIDATE to LEADER at term 2 for changeToLeader
scm_1    | 2022-04-05 03:48:24,874 [Listener at 0.0.0.0/9860] INFO impl.MetricsSystemImpl: StorageContainerManager metrics system started
scm_1    | 2022-04-05 03:48:25,263 [Listener at 0.0.0.0/9860] INFO server.SCMClientProtocolServer: RPC server for Client  is listening at /0.0.0.0:9860
dn3_1    | 2022-04-05 03:48:20,885 [pool-26-thread-1] INFO server.RaftServerConfigKeys: raft.server.snapshot.auto.trigger.threshold = 10000 (custom)
dn1_1    | 2022-04-05 03:49:02,681 [e1e62e39-fc65-4ba2-a8db-3ad040736d34@group-6DF7F6772775-LeaderElection6] INFO server.RaftServerConfigKeys: raft.server.log.appender.buffer.byte-limit = 33554432 (custom)
dn2_1    | 2022-04-05 03:48:35,355 [54a9cc24-a73e-4d52-b6dd-f65299060b74@group-ACA2726F8525-LeaderElection3] INFO ratis.XceiverServerRatis: Leader change notification received for group: group-ACA2726F8525 with new leaderId: 54a9cc24-a73e-4d52-b6dd-f65299060b74
scm_1    | 2022-04-05 03:48:25,265 [IPC Server Responder] INFO ipc.Server: IPC Server Responder: starting
om_1     | 2022-04-05 03:48:33,917 [pool-23-thread-1] INFO server.RaftServerConfigKeys: raft.server.snapshot.auto.trigger.threshold = 400000 (default)
dn3_1    | 2022-04-05 03:48:20,885 [pool-26-thread-1] INFO server.RaftServerConfigKeys: raft.server.snapshot.retention.file.num = 5 (custom)
dn1_1    | 2022-04-05 03:49:02,681 [e1e62e39-fc65-4ba2-a8db-3ad040736d34@group-6DF7F6772775-LeaderElection6] INFO server.RaftServerConfigKeys: raft.server.log.appender.buffer.element-limit = 1 (custom)
dn2_1    | 2022-04-05 03:48:35,388 [54a9cc24-a73e-4d52-b6dd-f65299060b74@group-ACA2726F8525-LeaderElection3] INFO server.RaftServer$Division: 54a9cc24-a73e-4d52-b6dd-f65299060b74@group-ACA2726F8525: change Leader from null to 54a9cc24-a73e-4d52-b6dd-f65299060b74 at term 2 for becomeLeader, leader elected after 13845ms
scm_1    | 2022-04-05 03:48:25,407 [IPC Server listener on 9860] INFO ipc.Server: IPC Server listener on 9860: starting
om_1     | 2022-04-05 03:48:33,917 [pool-23-thread-1] INFO server.RaftServerConfigKeys: raft.server.snapshot.retention.file.num = -1 (default)
dn3_1    | 2022-04-05 03:48:20,885 [pool-26-thread-1] INFO server.RaftServerConfigKeys: raft.server.log.purge.upto.snapshot.index = false (default)
dn1_1    | 2022-04-05 03:49:02,681 [e1e62e39-fc65-4ba2-a8db-3ad040736d34@group-6DF7F6772775-LeaderElection6] INFO grpc.GrpcConfigKeys: raft.grpc.server.leader.outstanding.appends.max = 128 (default)
dn2_1    | 2022-04-05 03:48:35,466 [54a9cc24-a73e-4d52-b6dd-f65299060b74@group-ACA2726F8525-LeaderElection3] INFO server.RaftServerConfigKeys: raft.server.staging.catchup.gap = 1000 (default)
scm_1    | 2022-04-05 03:48:25,415 [Listener at 0.0.0.0/9860] INFO server.StorageContainerManager: ScmBlockLocationProtocol RPC server is listening at /0.0.0.0:9863
om_1     | 2022-04-05 03:48:33,922 [main] INFO ipc.CallQueueManager: Using callQueue: class java.util.concurrent.LinkedBlockingQueue, queueCapacity: 10000, scheduler: class org.apache.hadoop.ipc.DefaultRpcScheduler, ipcBackoff: false.
dn3_1    | 2022-04-05 03:48:20,891 [pool-26-thread-1] INFO server.RaftServerConfigKeys: raft.server.retrycache.expirytime = 600000ms (custom)
dn1_1    | 2022-04-05 03:49:02,681 [e1e62e39-fc65-4ba2-a8db-3ad040736d34@group-6DF7F6772775-LeaderElection6] INFO server.RaftServerConfigKeys: raft.server.rpc.request.timeout = 60s (custom)
dn2_1    | 2022-04-05 03:48:35,510 [54a9cc24-a73e-4d52-b6dd-f65299060b74@group-ACA2726F8525-LeaderElection3] INFO server.RaftServerConfigKeys: raft.server.write.element-limit = 1024 (custom)
scm_1    | 2022-04-05 03:48:25,434 [Listener at 0.0.0.0/9860] INFO server.SCMBlockProtocolServer: RPC server for Block Protocol is listening at /0.0.0.0:9863
om_1     | 2022-04-05 03:48:33,923 [pool-23-thread-1] INFO server.RaftServerConfigKeys: raft.server.log.purge.upto.snapshot.index = true (custom)
dn3_1    | 2022-04-05 03:48:20,891 [pool-26-thread-1] INFO server.RaftServerConfigKeys: raft.server.retrycache.statistics.expirytime = 100?s (default)
dn1_1    | 2022-04-05 03:49:02,681 [e1e62e39-fc65-4ba2-a8db-3ad040736d34@group-6DF7F6772775-LeaderElection6] INFO server.RaftServerConfigKeys: raft.server.log.appender.install.snapshot.enabled = false (custom)
dn2_1    | 2022-04-05 03:48:35,521 [54a9cc24-a73e-4d52-b6dd-f65299060b74@group-ACA2726F8525-LeaderElection3] INFO server.RaftServerConfigKeys: raft.server.write.byte-limit = 1024 M (=1073741824) (custom)
scm_1    | 2022-04-05 03:48:25,436 [IPC Server Responder] INFO ipc.Server: IPC Server Responder: starting
om_1     | 2022-04-05 03:48:33,924 [pool-23-thread-1] INFO server.RaftServerConfigKeys: raft.server.retrycache.expirytime = 300s (custom)
dn3_1    | 2022-04-05 03:48:21,103 [Datanode State Machine Task Thread - 1] WARN statemachine.SCMConnectionManager: Trying to add an existing SCM Machine to Machines group. Ignoring the request.
dn1_1    | 2022-04-05 03:49:02,683 [e1e62e39-fc65-4ba2-a8db-3ad040736d34@group-6DF7F6772775-LeaderElection6] INFO impl.RoleInfo: e1e62e39-fc65-4ba2-a8db-3ad040736d34: start e1e62e39-fc65-4ba2-a8db-3ad040736d34@group-6DF7F6772775-LeaderStateImpl
dn2_1    | 2022-04-05 03:48:35,567 [54a9cc24-a73e-4d52-b6dd-f65299060b74@group-ACA2726F8525-LeaderElection3] INFO server.RaftServerConfigKeys: raft.server.watch.timeout = 180s (custom)
scm_1    | 2022-04-05 03:48:25,444 [IPC Server listener on 9863] INFO ipc.Server: IPC Server listener on 9863: starting
om_1     | 2022-04-05 03:48:33,924 [pool-23-thread-1] INFO server.RaftServerConfigKeys: raft.server.retrycache.statistics.expirytime = 100?s (default)
dn3_1    | 2022-04-05 03:48:21,113 [Datanode State Machine Task Thread - 1] INFO statemachine.SCMConnectionManager: Adding Recon Server : recon/10.9.0.15:9891
dn1_1    | 2022-04-05 03:49:02,683 [e1e62e39-fc65-4ba2-a8db-3ad040736d34@group-6DF7F6772775-LeaderElection6] INFO segmented.SegmentedRaftLogWorker: e1e62e39-fc65-4ba2-a8db-3ad040736d34@group-6DF7F6772775-SegmentedRaftLogWorker: Rolling segment log-0_204 to index:204
dn2_1    | 2022-04-05 03:48:35,629 [54a9cc24-a73e-4d52-b6dd-f65299060b74@group-ACA2726F8525-LeaderElection3] INFO server.RaftServerConfigKeys: raft.server.watch.timeout.denomination = 1s (default)
scm_1    | 2022-04-05 03:48:25,588 [org.apache.hadoop.util.JvmPauseMonitor$Monitor@44dfdd58] INFO util.JvmPauseMonitor: Starting JVM pause monitor
om_1     | 2022-04-05 03:48:33,931 [Socket Reader #1 for port 9862] INFO ipc.Server: Starting Socket Reader #1 for port 9862
dn3_1    | 2022-04-05 03:48:21,120 [Datanode State Machine Task Thread - 0] INFO statemachine.SCMConnectionManager: Adding Recon Server : recon/10.9.0.15:9891
dn1_1    | 2022-04-05 03:49:02,687 [e1e62e39-fc65-4ba2-a8db-3ad040736d34@group-6DF7F6772775-SegmentedRaftLogWorker] INFO segmented.SegmentedRaftLogWorker: e1e62e39-fc65-4ba2-a8db-3ad040736d34@group-6DF7F6772775-SegmentedRaftLogWorker: Rolled log segment from /data/metadata/ratis/b10f020c-7aac-47ef-b003-6df7f6772775/current/log_inprogress_0 to /data/metadata/ratis/b10f020c-7aac-47ef-b003-6df7f6772775/current/log_0-204
dn2_1    | 2022-04-05 03:48:35,630 [54a9cc24-a73e-4d52-b6dd-f65299060b74@group-ACA2726F8525-LeaderElection3] INFO server.RaftServerConfigKeys: raft.server.watch.element-limit = 65536 (default)
scm_1    | 2022-04-05 03:48:25,635 [Listener at 0.0.0.0/9860] INFO http.BaseHttpServer: Starting Web-server for scm at: http://0.0.0.0:9876
om_1     | 2022-04-05 03:48:34,075 [Listener at om/9862] INFO impl.MetricsConfig: Loaded properties from hadoop-metrics2.properties
dn3_1    | 2022-04-05 03:48:21,120 [Datanode State Machine Task Thread - 0] WARN statemachine.SCMConnectionManager: Trying to add an existing SCM Machine to Machines group. Ignoring the request.
dn1_1    | 2022-04-05 03:49:02,690 [e1e62e39-fc65-4ba2-a8db-3ad040736d34@group-6DF7F6772775-SegmentedRaftLogWorker] INFO segmented.SegmentedRaftLogWorker: e1e62e39-fc65-4ba2-a8db-3ad040736d34@group-6DF7F6772775-SegmentedRaftLogWorker: created new log segment /data/metadata/ratis/b10f020c-7aac-47ef-b003-6df7f6772775/current/log_inprogress_205
dn2_1    | 2022-04-05 03:48:35,728 [54a9cc24-a73e-4d52-b6dd-f65299060b74@group-ACA2726F8525-LeaderElection3] INFO server.RaftServerConfigKeys: raft.server.write.element-limit = 1024 (custom)
scm_1    | 2022-04-05 03:48:25,645 [Listener at 0.0.0.0/9860] INFO http.BaseHttpServer: Hadoop Security Enabled: false Ozone Security Enabled: false Ozone HTTP Security Enabled: false 
om_1     | 2022-04-05 03:48:34,090 [Listener at om/9862] INFO impl.MetricsSystemImpl: Scheduled Metric snapshot period at 10 second(s).
dn3_1    | 2022-04-05 03:48:24,091 [EndpointStateMachine task thread for scm/10.9.0.17:9861 - 0 ] INFO ipc.Client: Retrying connect to server: scm/10.9.0.17:9861. Already tried 0 time(s); retry policy is RetryUpToMaximumCountWithFixedSleep(maxRetries=15, sleepTime=1000 MILLISECONDS)
dn1_1    | 2022-04-05 03:49:02,694 [e1e62e39-fc65-4ba2-a8db-3ad040736d34@group-6DF7F6772775-LeaderElection6] INFO server.RaftServer$Division: e1e62e39-fc65-4ba2-a8db-3ad040736d34@group-6DF7F6772775: set configuration 205: [54a9cc24-a73e-4d52-b6dd-f65299060b74|rpc:10.9.0.12:9856|admin:10.9.0.12:9857|client:10.9.0.12:9858|dataStream:|priority:0, e1e62e39-fc65-4ba2-a8db-3ad040736d34|rpc:10.9.0.11:9856|admin:10.9.0.11:9857|client:10.9.0.11:9858|dataStream:|priority:1, 415fb055-cb56-41f7-800f-22ed41cfce2e|rpc:10.9.0.13:9856|admin:10.9.0.13:9857|client:10.9.0.13:9858|dataStream:|priority:0], old=null
dn2_1    | 2022-04-05 03:48:35,749 [54a9cc24-a73e-4d52-b6dd-f65299060b74@group-ACA2726F8525-LeaderElection3] INFO server.RaftServerConfigKeys: raft.server.write.follower.gap.ratio.max = -1.0 (default)
scm_1    | 2022-04-05 03:48:25,718 [Listener at 0.0.0.0/9860] INFO util.log: Logging initialized @29339ms to org.eclipse.jetty.util.log.Slf4jLog
om_1     | 2022-04-05 03:48:34,090 [Listener at om/9862] INFO impl.MetricsSystemImpl: OzoneManager metrics system started
dn3_1    | 2022-04-05 03:48:25,092 [EndpointStateMachine task thread for scm/10.9.0.17:9861 - 0 ] INFO ipc.Client: Retrying connect to server: scm/10.9.0.17:9861. Already tried 1 time(s); retry policy is RetryUpToMaximumCountWithFixedSleep(maxRetries=15, sleepTime=1000 MILLISECONDS)
dn1_1    | 2022-04-05 03:49:02,694 [grpc-default-executor-0] INFO impl.VoteContext: e1e62e39-fc65-4ba2-a8db-3ad040736d34@group-6DF7F6772775-LEADER: reject ELECTION from 54a9cc24-a73e-4d52-b6dd-f65299060b74: our last entry (t:11, i:205) > candidate's last entry (t:5, i:204)
dn2_1    | 2022-04-05 03:48:35,770 [54a9cc24-a73e-4d52-b6dd-f65299060b74@group-ACA2726F8525-LeaderElection3] INFO impl.RoleInfo: 54a9cc24-a73e-4d52-b6dd-f65299060b74: start 54a9cc24-a73e-4d52-b6dd-f65299060b74@group-ACA2726F8525-LeaderStateImpl
scm_1    | 2022-04-05 03:48:25,850 [Listener at 0.0.0.0/9860] INFO server.AuthenticationFilter: Unable to initialize FileSignerSecretProvider, falling back to use random secrets.
om_1     | 2022-04-05 03:48:34,126 [Listener at om/9862] INFO om.OzoneManager: OzoneManager RPC server is listening at om/10.9.0.14:9862
dn3_1    | 2022-04-05 03:48:28,123 [EndpointStateMachine task thread for recon/10.9.0.15:9891 - 0 ] WARN statemachine.EndpointStateMachine: Unable to communicate to Recon server at recon:9891 for past 0 seconds.
dn1_1    | 2022-04-05 03:49:02,695 [grpc-default-executor-0] INFO server.RaftServer$Division: e1e62e39-fc65-4ba2-a8db-3ad040736d34@group-6DF7F6772775: change Leader from e1e62e39-fc65-4ba2-a8db-3ad040736d34 to null at term 12 for updateCurrentTerm
dn2_1    | 2022-04-05 03:48:35,864 [54a9cc24-a73e-4d52-b6dd-f65299060b74@group-ACA2726F8525-LeaderElection3] INFO segmented.SegmentedRaftLogWorker: 54a9cc24-a73e-4d52-b6dd-f65299060b74@group-ACA2726F8525-SegmentedRaftLogWorker: Rolling segment log-0_0 to index:0
scm_1    | 2022-04-05 03:48:25,856 [Listener at 0.0.0.0/9860] INFO http.HttpRequestLog: Http request log for http.requests.scm is not defined
om_1     | 2022-04-05 03:48:34,126 [Listener at om/9862] INFO ratis.OzoneManagerRatisServer: Starting OzoneManagerRatisServer om1 at port 9872
dn3_1    | java.net.SocketTimeoutException: Call From bd4ff4c8e109/10.9.0.13 to recon:9891 failed on socket timeout exception: java.net.SocketTimeoutException: 5000 millis timeout while waiting for channel to be ready for read. ch : java.nio.channels.SocketChannel[connected local=/10.9.0.13:48460 remote=recon/10.9.0.15:9891]; For more details see:  http://wiki.apache.org/hadoop/SocketTimeout
dn1_1    | 2022-04-05 03:49:02,695 [grpc-default-executor-0] INFO server.RaftServer$Division: e1e62e39-fc65-4ba2-a8db-3ad040736d34@group-6DF7F6772775: changes role from    LEADER to FOLLOWER at term 12 for candidate:54a9cc24-a73e-4d52-b6dd-f65299060b74
dn2_1    | 2022-04-05 03:48:35,895 [54a9cc24-a73e-4d52-b6dd-f65299060b74@group-ACA2726F8525-SegmentedRaftLogWorker] INFO segmented.SegmentedRaftLogWorker: 54a9cc24-a73e-4d52-b6dd-f65299060b74@group-ACA2726F8525-SegmentedRaftLogWorker: Rolled log segment from /data/metadata/ratis/86cc23ad-c2d1-4e9f-b6a8-aca2726f8525/current/log_inprogress_0 to /data/metadata/ratis/86cc23ad-c2d1-4e9f-b6a8-aca2726f8525/current/log_0-0
scm_1    | 2022-04-05 03:48:25,860 [Listener at 0.0.0.0/9860] INFO http.HttpServer2: Added global filter 'safety' (class=org.apache.hadoop.hdds.server.http.HttpServer2$QuotingInputFilter)
om_1     | 2022-04-05 03:48:34,127 [Listener at om/9862] INFO server.RaftServer$Division: om1@group-C5BA1605619E: start as a follower, conf=0: [om1|rpc:om:9872|admin:|client:|dataStream:|priority:0], old=null
dn3_1    | 	at java.base/jdk.internal.reflect.NativeConstructorAccessorImpl.newInstance0(Native Method)
dn1_1    | 2022-04-05 03:49:02,695 [grpc-default-executor-0] INFO impl.RoleInfo: e1e62e39-fc65-4ba2-a8db-3ad040736d34: shutdown e1e62e39-fc65-4ba2-a8db-3ad040736d34@group-6DF7F6772775-LeaderStateImpl
dn2_1    | 2022-04-05 03:48:36,031 [54a9cc24-a73e-4d52-b6dd-f65299060b74@group-ACA2726F8525-SegmentedRaftLogWorker] INFO segmented.SegmentedRaftLogWorker: 54a9cc24-a73e-4d52-b6dd-f65299060b74@group-ACA2726F8525-SegmentedRaftLogWorker: created new log segment /data/metadata/ratis/86cc23ad-c2d1-4e9f-b6a8-aca2726f8525/current/log_inprogress_1
scm_1    | 2022-04-05 03:48:25,861 [Listener at 0.0.0.0/9860] INFO http.HttpServer2: Added filter static_user_filter (class=org.apache.hadoop.http.lib.StaticUserWebFilter$StaticUserFilter) to context scm
om_1     | 2022-04-05 03:48:34,128 [Listener at om/9862] INFO server.RaftServer$Division: om1@group-C5BA1605619E: changes role from      null to FOLLOWER at term 1 for startAsFollower
dn3_1    | 	at java.base/jdk.internal.reflect.NativeConstructorAccessorImpl.newInstance(NativeConstructorAccessorImpl.java:62)
dn1_1    | 2022-04-05 03:49:02,698 [grpc-default-executor-0] INFO impl.PendingRequests: e1e62e39-fc65-4ba2-a8db-3ad040736d34@group-6DF7F6772775-PendingRequests: sendNotLeaderResponses
dn2_1    | 2022-04-05 03:48:36,043 [54a9cc24-a73e-4d52-b6dd-f65299060b74@group-ACA2726F8525-LeaderElection3] INFO server.RaftServer$Division: 54a9cc24-a73e-4d52-b6dd-f65299060b74@group-ACA2726F8525: set configuration 1: [54a9cc24-a73e-4d52-b6dd-f65299060b74|rpc:10.9.0.12:9856|admin:10.9.0.12:9857|client:10.9.0.12:9858|dataStream:|priority:1], old=null
scm_1    | 2022-04-05 03:48:25,861 [Listener at 0.0.0.0/9860] INFO http.HttpServer2: Added filter static_user_filter (class=org.apache.hadoop.http.lib.StaticUserWebFilter$StaticUserFilter) to context static
om_1     | 2022-04-05 03:48:34,129 [Listener at om/9862] INFO impl.RoleInfo: om1: start om1@group-C5BA1605619E-FollowerState
dn3_1    | 	at java.base/jdk.internal.reflect.DelegatingConstructorAccessorImpl.newInstance(DelegatingConstructorAccessorImpl.java:45)
dn1_1    | 2022-04-05 03:49:02,699 [grpc-default-executor-0] INFO impl.RoleInfo: e1e62e39-fc65-4ba2-a8db-3ad040736d34: start e1e62e39-fc65-4ba2-a8db-3ad040736d34@group-6DF7F6772775-FollowerState
dn2_1    | 2022-04-05 03:48:36,922 [grpc-default-executor-1] INFO server.RaftServer$Division: 54a9cc24-a73e-4d52-b6dd-f65299060b74@group-46BE8C97D4E3: receive requestVote(ELECTION, e1e62e39-fc65-4ba2-a8db-3ad040736d34, group-46BE8C97D4E3, 7, (t:6, i:0))
scm_1    | 2022-04-05 03:48:25,861 [Listener at 0.0.0.0/9860] INFO http.HttpServer2: Added filter static_user_filter (class=org.apache.hadoop.http.lib.StaticUserWebFilter$StaticUserFilter) to context logs
om_1     | 2022-04-05 03:48:34,130 [Listener at om/9862] INFO util.JmxRegister: Successfully registered JMX Bean with object name Ratis:service=RaftServer,group=group-C5BA1605619E,id=om1
dn3_1    | 	at java.base/java.lang.reflect.Constructor.newInstance(Constructor.java:490)
dn1_1    | 2022-04-05 03:49:02,713 [grpc-default-executor-0] INFO server.RaftServer$Division: e1e62e39-fc65-4ba2-a8db-3ad040736d34@group-6DF7F6772775 replies to ELECTION vote request: 54a9cc24-a73e-4d52-b6dd-f65299060b74<-e1e62e39-fc65-4ba2-a8db-3ad040736d34#0:FAIL-t12. Peer's state: e1e62e39-fc65-4ba2-a8db-3ad040736d34@group-6DF7F6772775:t12, leader=null, voted=null, raftlog=e1e62e39-fc65-4ba2-a8db-3ad040736d34@group-6DF7F6772775-SegmentedRaftLog:OPENED:c204, conf=205: [54a9cc24-a73e-4d52-b6dd-f65299060b74|rpc:10.9.0.12:9856|admin:10.9.0.12:9857|client:10.9.0.12:9858|dataStream:|priority:0, e1e62e39-fc65-4ba2-a8db-3ad040736d34|rpc:10.9.0.11:9856|admin:10.9.0.11:9857|client:10.9.0.11:9858|dataStream:|priority:1, 415fb055-cb56-41f7-800f-22ed41cfce2e|rpc:10.9.0.13:9856|admin:10.9.0.13:9857|client:10.9.0.13:9858|dataStream:|priority:0], old=null
dn2_1    | 2022-04-05 03:48:36,936 [grpc-default-executor-1] INFO impl.VoteContext: 54a9cc24-a73e-4d52-b6dd-f65299060b74@group-46BE8C97D4E3-CANDIDATE: reject ELECTION from e1e62e39-fc65-4ba2-a8db-3ad040736d34: already has voted for 54a9cc24-a73e-4d52-b6dd-f65299060b74 at current term 7
scm_1    | 2022-04-05 03:48:25,899 [Listener at 0.0.0.0/9860] INFO http.HttpServer2: Jetty bound to port 9876
om_1     | 2022-04-05 03:48:34,136 [Listener at om/9862] INFO server.RaftServer: om1: start RPC server
dn3_1    | 	at org.apache.hadoop.net.NetUtils.wrapWithMessage(NetUtils.java:913)
dn1_1    | 2022-04-05 03:49:02,725 [grpc-default-executor-2] INFO server.GrpcLogAppender: e1e62e39-fc65-4ba2-a8db-3ad040736d34@group-6DF7F6772775->415fb055-cb56-41f7-800f-22ed41cfce2e-AppendLogResponseHandler: follower responses appendEntries COMPLETED
dn2_1    | 2022-04-05 03:48:36,955 [grpc-default-executor-1] INFO server.RaftServer$Division: 54a9cc24-a73e-4d52-b6dd-f65299060b74@group-46BE8C97D4E3 replies to ELECTION vote request: e1e62e39-fc65-4ba2-a8db-3ad040736d34<-54a9cc24-a73e-4d52-b6dd-f65299060b74#0:FAIL-t7. Peer's state: 54a9cc24-a73e-4d52-b6dd-f65299060b74@group-46BE8C97D4E3:t7, leader=null, voted=54a9cc24-a73e-4d52-b6dd-f65299060b74, raftlog=54a9cc24-a73e-4d52-b6dd-f65299060b74@group-46BE8C97D4E3-SegmentedRaftLog:OPENED:c0, conf=0: [54a9cc24-a73e-4d52-b6dd-f65299060b74|rpc:10.9.0.12:9856|admin:10.9.0.12:9857|client:10.9.0.12:9858|dataStream:|priority:0, e1e62e39-fc65-4ba2-a8db-3ad040736d34|rpc:10.9.0.11:9856|admin:10.9.0.11:9857|client:10.9.0.11:9858|dataStream:|priority:0, 415fb055-cb56-41f7-800f-22ed41cfce2e|rpc:10.9.0.13:9856|admin:10.9.0.13:9857|client:10.9.0.13:9858|dataStream:|priority:1], old=null
scm_1    | 2022-04-05 03:48:25,900 [Listener at 0.0.0.0/9860] INFO server.Server: jetty-9.4.43.v20210629; built: 2021-06-30T11:07:22.254Z; git: 526006ecfa3af7f1a27ef3a288e2bef7ea9dd7e8; jvm 11.0.14.1+1-LTS
om_1     | 2022-04-05 03:48:34,183 [Listener at om/9862] INFO server.GrpcService: om1: GrpcService started, listening on 9872
dn3_1    | 	at org.apache.hadoop.net.NetUtils.wrapException(NetUtils.java:848)
dn3_1    | 	at org.apache.hadoop.ipc.Client.getRpcResponse(Client.java:1577)
dn2_1    | 2022-04-05 03:48:36,983 [grpc-default-executor-0] INFO server.RaftServer$Division: 54a9cc24-a73e-4d52-b6dd-f65299060b74@group-6DF7F6772775: receive requestVote(ELECTION, e1e62e39-fc65-4ba2-a8db-3ad040736d34, group-6DF7F6772775, 6, (t:5, i:204))
scm_1    | 2022-04-05 03:48:25,943 [Listener at 0.0.0.0/9860] INFO server.session: DefaultSessionIdManager workerName=node0
dn3_1    | 	at org.apache.hadoop.ipc.Client.call(Client.java:1519)
dn1_1    | 2022-04-05 03:49:02,726 [grpc-default-executor-0] INFO server.GrpcLogAppender: e1e62e39-fc65-4ba2-a8db-3ad040736d34@group-6DF7F6772775->54a9cc24-a73e-4d52-b6dd-f65299060b74-AppendLogResponseHandler: follower responses appendEntries COMPLETED
om_1     | 2022-04-05 03:48:34,185 [Listener at om/9862] INFO om.OzoneManager: Version File has different layout version (0) than OM DB (null). That is expected if this OM has never been finalized to a newer layout version.
dn2_1    | 2022-04-05 03:48:36,983 [grpc-default-executor-0] INFO impl.VoteContext: 54a9cc24-a73e-4d52-b6dd-f65299060b74@group-6DF7F6772775-CANDIDATE: reject ELECTION from e1e62e39-fc65-4ba2-a8db-3ad040736d34: already has voted for 54a9cc24-a73e-4d52-b6dd-f65299060b74 at current term 6
scm_1    | 2022-04-05 03:48:25,943 [Listener at 0.0.0.0/9860] INFO server.session: No SessionScavenger set, using defaults
dn3_1    | 	at org.apache.hadoop.ipc.Client.call(Client.java:1416)
dn1_1    | 2022-04-05 03:49:02,729 [grpc-default-executor-2] INFO leader.FollowerInfo: e1e62e39-fc65-4ba2-a8db-3ad040736d34@group-6DF7F6772775->415fb055-cb56-41f7-800f-22ed41cfce2e: nextIndex: updateUnconditionally 205 -> 1
dn1_1    | 2022-04-05 03:49:02,731 [grpc-default-executor-0] INFO leader.FollowerInfo: e1e62e39-fc65-4ba2-a8db-3ad040736d34@group-6DF7F6772775->54a9cc24-a73e-4d52-b6dd-f65299060b74: nextIndex: updateUnconditionally 205 -> 1
dn2_1    | 2022-04-05 03:48:36,983 [grpc-default-executor-0] INFO server.RaftServer$Division: 54a9cc24-a73e-4d52-b6dd-f65299060b74@group-6DF7F6772775 replies to ELECTION vote request: e1e62e39-fc65-4ba2-a8db-3ad040736d34<-54a9cc24-a73e-4d52-b6dd-f65299060b74#0:FAIL-t6. Peer's state: 54a9cc24-a73e-4d52-b6dd-f65299060b74@group-6DF7F6772775:t6, leader=null, voted=54a9cc24-a73e-4d52-b6dd-f65299060b74, raftlog=54a9cc24-a73e-4d52-b6dd-f65299060b74@group-6DF7F6772775-SegmentedRaftLog:OPENED:c204, conf=0: [54a9cc24-a73e-4d52-b6dd-f65299060b74|rpc:10.9.0.12:9856|admin:10.9.0.12:9857|client:10.9.0.12:9858|dataStream:|priority:0, e1e62e39-fc65-4ba2-a8db-3ad040736d34|rpc:10.9.0.11:9856|admin:10.9.0.11:9857|client:10.9.0.11:9858|dataStream:|priority:1, 415fb055-cb56-41f7-800f-22ed41cfce2e|rpc:10.9.0.13:9856|admin:10.9.0.13:9857|client:10.9.0.13:9858|dataStream:|priority:0], old=null
om_1     | 2022-04-05 03:48:34,186 [org.apache.ratis.util.JvmPauseMonitor$$Lambda$388/0x00000008404b3440@412ebe64] INFO util.JvmPauseMonitor: JvmPauseMonitor-om1: Started
dn3_1    | 	at org.apache.hadoop.ipc.ProtobufRpcEngine$Invoker.invoke(ProtobufRpcEngine.java:236)
dn2_1    | 2022-04-05 03:48:37,042 [54a9cc24-a73e-4d52-b6dd-f65299060b74@group-6DF7F6772775-LeaderElection2] INFO impl.LeaderElection: 54a9cc24-a73e-4d52-b6dd-f65299060b74@group-6DF7F6772775-LeaderElection2: ELECTION REJECTED received 1 response(s) and 0 exception(s):
scm_1    | 2022-04-05 03:48:25,945 [Listener at 0.0.0.0/9860] INFO server.session: node0 Scavenging every 660000ms
dn1_1    | 2022-04-05 03:49:07,907 [e1e62e39-fc65-4ba2-a8db-3ad040736d34@group-6DF7F6772775-FollowerState] INFO impl.FollowerState: e1e62e39-fc65-4ba2-a8db-3ad040736d34@group-6DF7F6772775-FollowerState: change to CANDIDATE, lastRpcElapsedTime:5207830969ns, electionTimeout:5195ms
om_1     | 2022-04-05 03:48:34,226 [Listener at om/9862] INFO http.BaseHttpServer: Starting Web-server for ozoneManager at: http://0.0.0.0:9874
dn3_1    | 	at org.apache.hadoop.ipc.ProtobufRpcEngine$Invoker.invoke(ProtobufRpcEngine.java:123)
dn2_1    | 2022-04-05 03:48:37,047 [54a9cc24-a73e-4d52-b6dd-f65299060b74@group-6DF7F6772775-LeaderElection2] INFO impl.LeaderElection:   Response 0: 54a9cc24-a73e-4d52-b6dd-f65299060b74<-e1e62e39-fc65-4ba2-a8db-3ad040736d34#0:FAIL-t6
scm_1    | 2022-04-05 03:48:25,955 [Listener at 0.0.0.0/9860] INFO handler.ContextHandler: Started o.e.j.s.ServletContextHandler@dada335{logs,/logs,file:///var/log/hadoop/,AVAILABLE}
dn1_1    | 2022-04-05 03:49:07,907 [e1e62e39-fc65-4ba2-a8db-3ad040736d34@group-6DF7F6772775-FollowerState] INFO impl.RoleInfo: e1e62e39-fc65-4ba2-a8db-3ad040736d34: shutdown e1e62e39-fc65-4ba2-a8db-3ad040736d34@group-6DF7F6772775-FollowerState
om_1     | 2022-04-05 03:48:34,227 [Listener at om/9862] INFO http.BaseHttpServer: Hadoop Security Enabled: false Ozone Security Enabled: false Ozone HTTP Security Enabled: false 
dn3_1    | 	at com.sun.proxy.$Proxy39.submitRequest(Unknown Source)
dn2_1    | 2022-04-05 03:48:37,047 [54a9cc24-a73e-4d52-b6dd-f65299060b74@group-6DF7F6772775-LeaderElection2] INFO impl.LeaderElection: 54a9cc24-a73e-4d52-b6dd-f65299060b74@group-6DF7F6772775-LeaderElection2 ELECTION round 0: result REJECTED
scm_1    | 2022-04-05 03:48:25,956 [Listener at 0.0.0.0/9860] INFO handler.ContextHandler: Started o.e.j.s.ServletContextHandler@3915e7c3{static,/static,jar:file:/opt/hadoop/share/ozone/lib/hdds-server-scm-1.3.0-SNAPSHOT.jar!/webapps/static,AVAILABLE}
om_1     | 2022-04-05 03:48:34,361 [Listener at om/9862] INFO util.log: Logging initialized @39452ms to org.eclipse.jetty.util.log.Slf4jLog
dn1_1    | 2022-04-05 03:49:07,907 [e1e62e39-fc65-4ba2-a8db-3ad040736d34@group-6DF7F6772775-FollowerState] INFO server.RaftServer$Division: e1e62e39-fc65-4ba2-a8db-3ad040736d34@group-6DF7F6772775: changes role from  FOLLOWER to CANDIDATE at term 12 for changeToCandidate
dn2_1    | 2022-04-05 03:48:37,047 [54a9cc24-a73e-4d52-b6dd-f65299060b74@group-6DF7F6772775-LeaderElection2] INFO server.RaftServer$Division: 54a9cc24-a73e-4d52-b6dd-f65299060b74@group-6DF7F6772775: changes role from CANDIDATE to FOLLOWER at term 6 for REJECTED
scm_1    | 2022-04-05 03:48:26,051 [Listener at 0.0.0.0/9860] INFO handler.ContextHandler: Started o.e.j.w.WebAppContext@799c8758{scm,/,file:///tmp/jetty-0_0_0_0-9876-hdds-server-scm-1_3_0-SNAPSHOT_jar-_-any-9044335557167035723/webapp/,AVAILABLE}{jar:file:/opt/hadoop/share/ozone/lib/hdds-server-scm-1.3.0-SNAPSHOT.jar!/webapps/scm}
dn3_1    | 	at org.apache.hadoop.ozone.protocolPB.StorageContainerDatanodeProtocolClientSideTranslatorPB.submitRequest(StorageContainerDatanodeProtocolClientSideTranslatorPB.java:117)
om_1     | 2022-04-05 03:48:34,609 [Listener at om/9862] INFO server.AuthenticationFilter: Unable to initialize FileSignerSecretProvider, falling back to use random secrets.
dn1_1    | 2022-04-05 03:49:07,907 [e1e62e39-fc65-4ba2-a8db-3ad040736d34@group-6DF7F6772775-FollowerState] INFO server.RaftServerConfigKeys: raft.server.leaderelection.pre-vote = false (custom)
dn2_1    | 2022-04-05 03:48:37,048 [54a9cc24-a73e-4d52-b6dd-f65299060b74@group-6DF7F6772775-LeaderElection2] INFO impl.RoleInfo: 54a9cc24-a73e-4d52-b6dd-f65299060b74: shutdown 54a9cc24-a73e-4d52-b6dd-f65299060b74@group-6DF7F6772775-LeaderElection2
