dn3_1    | 2022-04-05 03:48:20,570 [pool-26-thread-1] INFO server.RaftServer$Division: 415fb055-cb56-41f7-800f-22ed41cfce2e@group-7167AB84832B: set configuration 0: [415fb055-cb56-41f7-800f-22ed41cfce2e|rpc:10.9.0.13:9856|admin:10.9.0.13:9857|client:10.9.0.13:9858|dataStream:|priority:1], old=null
scm_1    | 2022-04-05 03:48:22,189 [pool-14-thread-1] INFO segmented.SegmentedRaftLogWorker: new 82ab1aaa-9250-4e3a-85a0-4d28fe9a93dd@group-E2D60AD81B37-SegmentedRaftLogWorker for RaftStorageImpl:Storage Directory /data/metadata/scm-ha/80d62f49-814f-4a66-a82c-e2d60ad81b37
om_1     | 	at java.base/javax.security.auth.Subject.doAs(Subject.java:423)
dn2_1    | 	at org.apache.hadoop.ipc.Client.getRpcResponse(Client.java:1577)
recon_1  | 2022-04-05 03:49:25,264 [pool-16-thread-1] INFO codec.OmKeyInfoCodec: OmKeyInfoCodec ignorePipeline = true
dn1_1    | 	at java.base/java.lang.Thread.sleep(Thread.java:334)
dn3_1    | 2022-04-05 03:48:20,571 [pool-26-thread-1] INFO server.RaftServerConfigKeys: raft.server.notification.no-leader.timeout = 300s (custom)
scm_1    | 2022-04-05 03:48:22,193 [pool-14-thread-1] INFO server.RaftServerConfigKeys: raft.server.log.queue.byte-limit = 64MB (=67108864) (default)
om_1     | 	at org.apache.hadoop.security.UserGroupInformation.doAs(UserGroupInformation.java:1878)
dn2_1    | 	at org.apache.hadoop.ipc.Client.call(Client.java:1519)
recon_1  | 2022-04-05 03:49:25,264 [pool-16-thread-1] INFO impl.OzoneManagerServiceProviderImpl: Obtaining delta updates from Ozone Manager
dn1_1    | 	at java.base/java.util.concurrent.TimeUnit.sleep(TimeUnit.java:446)
dn3_1    | 2022-04-05 03:48:20,585 [pool-26-thread-1] INFO server.RaftServerConfigKeys: raft.server.log.use.memory = false (default)
scm_1    | 2022-04-05 03:48:22,194 [pool-14-thread-1] INFO server.RaftServerConfigKeys: raft.server.log.queue.element-limit = 4096 (default)
om_1     | 	at org.apache.hadoop.ipc.Server$Handler.run(Server.java:2966)
dn2_1    | 	at org.apache.hadoop.ipc.Client.call(Client.java:1416)
recon_1  | 2022-04-05 03:49:25,264 [pool-16-thread-1] INFO impl.OzoneManagerServiceProviderImpl: OriginalFromSequenceNumber : 25 
dn1_1    | 	at org.apache.ratis.util.TimeDuration.sleep(TimeDuration.java:324)
dn3_1    | 2022-04-05 03:48:20,585 [pool-26-thread-1] INFO server.RaftServerConfigKeys: raft.server.log.purge.gap = 1000000 (custom)
scm_1    | 2022-04-05 03:48:22,195 [pool-14-thread-1] INFO server.RaftServerConfigKeys: raft.server.log.segment.size.max = 4194304 (custom)
om_1     | , while invoking $Proxy32.send over nodeId=scmNodeId,nodeAddress=scm/10.9.0.17:9863 after 10 failover attempts. Trying to failover after sleeping for 2000ms.
dn2_1    | 	at org.apache.hadoop.ipc.ProtobufRpcEngine$Invoker.invoke(ProtobufRpcEngine.java:236)
recon_1  | 2022-04-05 03:49:25,377 [pool-16-thread-1] WARN impl.OzoneManagerServiceProviderImpl: Unable to get and apply delta updates from OM.
dn1_1    | 	at org.apache.ratis.util.TimeDuration.sleep(TimeDuration.java:309)
dn3_1    | 2022-04-05 03:48:20,590 [pool-26-thread-1] INFO server.RaftServerConfigKeys: raft.server.log.appender.buffer.byte-limit = 33554432 (custom)
scm_1    | 2022-04-05 03:48:22,197 [pool-14-thread-1] INFO server.RaftServerConfigKeys: raft.server.log.preallocated.size = 4194304 (custom)
om_1     | 2022-04-05 03:48:32,737 [main] WARN server.ServerUtils: ozone.om.db.dirs is not configured. We recommend adding this setting. Falling back to ozone.metadata.dirs instead.
recon_1  | INTERNAL_ERROR org.apache.hadoop.ozone.om.exceptions.OMException: Unable to read data from RocksDB wal to get delta updates. It may have already beenflushed to SSTs.
dn2_1    | 	at org.apache.hadoop.ipc.ProtobufRpcEngine$Invoker.invoke(ProtobufRpcEngine.java:123)
dn1_1    | 	at org.apache.ratis.server.impl.FollowerState.run(FollowerState.java:118)
dn3_1    | 2022-04-05 03:48:20,591 [pool-26-thread-1] INFO server.RaftServerConfigKeys: raft.server.log.segment.size.max = 1048576 (custom)
scm_1    | 2022-04-05 03:48:22,198 [pool-14-thread-1] INFO server.RaftServerConfigKeys: raft.server.log.force.sync.num = 128 (default)
om_1     | 2022-04-05 03:48:32,868 [main] INFO codec.OmKeyInfoCodec: OmKeyInfoCodec ignorePipeline = true
om_1     | 2022-04-05 03:48:32,869 [main] INFO codec.RepeatedOmKeyInfoCodec: RepeatedOmKeyInfoCodec ignorePipeline = true
dn2_1    | 	at com.sun.proxy.$Proxy38.submitRequest(Unknown Source)
dn1_1    | 2022-04-05 03:48:47,411 [grpc-default-executor-0] INFO server.RaftServer$Division: e1e62e39-fc65-4ba2-a8db-3ad040736d34@group-46BE8C97D4E3 replies to ELECTION vote request: 415fb055-cb56-41f7-800f-22ed41cfce2e<-e1e62e39-fc65-4ba2-a8db-3ad040736d34#0:OK-t9. Peer's state: e1e62e39-fc65-4ba2-a8db-3ad040736d34@group-46BE8C97D4E3:t9, leader=null, voted=415fb055-cb56-41f7-800f-22ed41cfce2e, raftlog=e1e62e39-fc65-4ba2-a8db-3ad040736d34@group-46BE8C97D4E3-SegmentedRaftLog:OPENED:c0, conf=0: [54a9cc24-a73e-4d52-b6dd-f65299060b74|rpc:10.9.0.12:9856|admin:10.9.0.12:9857|client:10.9.0.12:9858|dataStream:|priority:0, e1e62e39-fc65-4ba2-a8db-3ad040736d34|rpc:10.9.0.11:9856|admin:10.9.0.11:9857|client:10.9.0.11:9858|dataStream:|priority:0, 415fb055-cb56-41f7-800f-22ed41cfce2e|rpc:10.9.0.13:9856|admin:10.9.0.13:9857|client:10.9.0.13:9858|dataStream:|priority:1], old=null
dn3_1    | 2022-04-05 03:48:20,591 [pool-26-thread-1] INFO server.RaftServerConfigKeys: raft.server.log.segment.cache.num.max = 2 (custom)
scm_1    | 2022-04-05 03:48:22,200 [pool-14-thread-1] INFO server.RaftServerConfigKeys: raft.server.log.statemachine.data.sync = true (default)
om_1     | 2022-04-05 03:48:33,056 [main] WARN server.ServerUtils: Storage directory for Ratis is not configured. It is a good idea to map this to an SSD disk. Falling back to ozone.metadata.dirs
recon_1  | 	at org.apache.hadoop.ozone.om.protocolPB.OzoneManagerProtocolClientSideTranslatorPB.handleError(OzoneManagerProtocolClientSideTranslatorPB.java:663)
dn2_1    | 	at org.apache.hadoop.ozone.protocolPB.StorageContainerDatanodeProtocolClientSideTranslatorPB.submitRequest(StorageContainerDatanodeProtocolClientSideTranslatorPB.java:117)
dn1_1    | 2022-04-05 03:48:47,516 [grpc-default-executor-0] INFO ratis.XceiverServerRatis: Leader change notification received for group: group-46BE8C97D4E3 with new leaderId: 415fb055-cb56-41f7-800f-22ed41cfce2e
dn3_1    | 2022-04-05 03:48:20,591 [pool-26-thread-1] INFO server.RaftServerConfigKeys: raft.server.log.segment.cache.size.max = 200MB (=209715200) (default)
scm_1    | 2022-04-05 03:48:22,202 [pool-14-thread-1] INFO server.RaftServerConfigKeys: raft.server.log.statemachine.data.sync.timeout = 10s (default)
om_1     | 2022-04-05 03:48:33,056 [main] WARN utils.OzoneManagerRatisUtils: ozone.om.ratis.snapshot.dir is not configured. Falling back to ozone.metadata.dirs config
recon_1  | 	at org.apache.hadoop.ozone.om.protocolPB.OzoneManagerProtocolClientSideTranslatorPB.getDBUpdates(OzoneManagerProtocolClientSideTranslatorPB.java:1510)
dn2_1    | 	at org.apache.hadoop.ozone.protocolPB.StorageContainerDatanodeProtocolClientSideTranslatorPB.getVersion(StorageContainerDatanodeProtocolClientSideTranslatorPB.java:133)
dn1_1    | 2022-04-05 03:48:47,523 [grpc-default-executor-0] INFO server.RaftServer$Division: e1e62e39-fc65-4ba2-a8db-3ad040736d34@group-46BE8C97D4E3: change Leader from null to 415fb055-cb56-41f7-800f-22ed41cfce2e at term 9 for appendEntries, leader elected after 27690ms
dn3_1    | 2022-04-05 03:48:20,592 [pool-26-thread-1] INFO segmented.SegmentedRaftLogWorker: new 415fb055-cb56-41f7-800f-22ed41cfce2e@group-7167AB84832B-SegmentedRaftLogWorker for RaftStorageImpl:Storage Directory /data/metadata/ratis/26ea48cb-d18d-442f-adeb-7167ab84832b
scm_1    | 2022-04-05 03:48:22,203 [pool-14-thread-1] INFO server.RaftServerConfigKeys: raft.server.log.statemachine.data.sync.timeout.retry = -1 (default)
om_1     | 2022-04-05 03:48:33,070 [main] INFO metrics.MetricRegistries: Loaded MetricRegistries class org.apache.ratis.metrics.impl.MetricRegistriesImpl
recon_1  | 	at org.apache.hadoop.ozone.recon.spi.impl.OzoneManagerServiceProviderImpl.innerGetAndApplyDeltaUpdatesFromOM(OzoneManagerServiceProviderImpl.java:409)
dn2_1    | 	at org.apache.hadoop.ozone.container.common.states.endpoint.VersionEndpointTask.call(VersionEndpointTask.java:71)
dn1_1    | 2022-04-05 03:48:47,579 [grpc-default-executor-0] INFO server.RaftServer$Division: e1e62e39-fc65-4ba2-a8db-3ad040736d34@group-46BE8C97D4E3: set configuration 1: [54a9cc24-a73e-4d52-b6dd-f65299060b74|rpc:10.9.0.12:9856|admin:10.9.0.12:9857|client:10.9.0.12:9858|dataStream:|priority:0, e1e62e39-fc65-4ba2-a8db-3ad040736d34|rpc:10.9.0.11:9856|admin:10.9.0.11:9857|client:10.9.0.11:9858|dataStream:|priority:0, 415fb055-cb56-41f7-800f-22ed41cfce2e|rpc:10.9.0.13:9856|admin:10.9.0.13:9857|client:10.9.0.13:9858|dataStream:|priority:1], old=null
dn3_1    | 2022-04-05 03:48:20,592 [pool-26-thread-1] INFO server.RaftServerConfigKeys: raft.server.log.queue.byte-limit = 4294967296 (custom)
scm_1    | 2022-04-05 03:48:22,231 [pool-14-thread-1] INFO server.RaftServerConfigKeys: raft.server.log.write.buffer.size = 64KB (=65536) (default)
om_1     | 2022-04-05 03:48:33,080 [main] WARN server.ServerUtils: Storage directory for Ratis is not configured. It is a good idea to map this to an SSD disk. Falling back to ozone.metadata.dirs
recon_1  | 	at org.apache.hadoop.ozone.recon.spi.impl.OzoneManagerServiceProviderImpl.getAndApplyDeltaUpdatesFromOM(OzoneManagerServiceProviderImpl.java:381)
dn2_1    | 	at org.apache.hadoop.ozone.container.common.states.endpoint.VersionEndpointTask.call(VersionEndpointTask.java:42)
dn1_1    | 2022-04-05 03:48:47,583 [grpc-default-executor-0] INFO segmented.SegmentedRaftLogWorker: e1e62e39-fc65-4ba2-a8db-3ad040736d34@group-46BE8C97D4E3-SegmentedRaftLogWorker: Rolling segment log-0_0 to index:0
scm_1    | 2022-04-05 03:48:22,235 [pool-14-thread-1] INFO server.RaftServerConfigKeys: raft.server.log.statemachine.data.caching.enabled = false (default)
om_1     | 2022-04-05 03:48:33,108 [main] INFO ratis.OzoneManagerRatisServer: Instantiating OM Ratis server with groupID: omServiceIdDefault and peers: om:9872
recon_1  | 	at org.apache.hadoop.ozone.recon.spi.impl.OzoneManagerServiceProviderImpl.syncDataFromOM(OzoneManagerServiceProviderImpl.java:458)
dn2_1    | 	at java.base/java.util.concurrent.FutureTask.run(FutureTask.java:264)
dn1_1    | 2022-04-05 03:48:47,595 [e1e62e39-fc65-4ba2-a8db-3ad040736d34@group-46BE8C97D4E3-SegmentedRaftLogWorker] INFO segmented.SegmentedRaftLogWorker: e1e62e39-fc65-4ba2-a8db-3ad040736d34@group-46BE8C97D4E3-SegmentedRaftLogWorker: Rolled log segment from /data/metadata/ratis/16a88ad5-7627-4150-9b3f-46be8c97d4e3/current/log_inprogress_0 to /data/metadata/ratis/16a88ad5-7627-4150-9b3f-46be8c97d4e3/current/log_0-0
dn3_1    | 2022-04-05 03:48:20,592 [pool-26-thread-1] INFO server.RaftServerConfigKeys: raft.server.log.queue.element-limit = 1024 (custom)
scm_1    | 2022-04-05 03:48:22,277 [pool-14-thread-1] INFO server.RaftServer$Division: 82ab1aaa-9250-4e3a-85a0-4d28fe9a93dd@group-E2D60AD81B37: set configuration 0: [82ab1aaa-9250-4e3a-85a0-4d28fe9a93dd|rpc:25845625a98c:9894|admin:|client:|dataStream:|priority:0], old=null
om_1     | 2022-04-05 03:48:33,117 [main] INFO ratis.OzoneManagerStateMachine: LastAppliedIndex is set from TransactionInfo from OM DB as (t:1, i:14)
recon_1  | 	at org.apache.hadoop.ozone.recon.spi.impl.OzoneManagerServiceProviderImpl.lambda$start$0(OzoneManagerServiceProviderImpl.java:248)
dn2_1    | 	at java.base/java.util.concurrent.ThreadPoolExecutor.runWorker(ThreadPoolExecutor.java:1128)
dn1_1    | 2022-04-05 03:48:47,604 [e1e62e39-fc65-4ba2-a8db-3ad040736d34@group-46BE8C97D4E3-SegmentedRaftLogWorker] INFO segmented.SegmentedRaftLogWorker: e1e62e39-fc65-4ba2-a8db-3ad040736d34@group-46BE8C97D4E3-SegmentedRaftLogWorker: created new log segment /data/metadata/ratis/16a88ad5-7627-4150-9b3f-46be8c97d4e3/current/log_inprogress_1
dn3_1    | 2022-04-05 03:48:20,592 [pool-26-thread-1] INFO server.RaftServerConfigKeys: raft.server.log.segment.size.max = 1048576 (custom)
scm_1    | 2022-04-05 03:48:22,284 [pool-14-thread-1] INFO segmented.LogSegment: Successfully read 1 entries from segment file /data/metadata/scm-ha/80d62f49-814f-4a66-a82c-e2d60ad81b37/current/log_0-0
om_1     | 2022-04-05 03:48:33,141 [main] INFO server.RaftServer: raft.rpc.type = GRPC (default)
recon_1  | 	at java.base/java.util.concurrent.Executors$RunnableAdapter.call(Executors.java:515)
dn2_1    | 	at java.base/java.util.concurrent.ThreadPoolExecutor$Worker.run(ThreadPoolExecutor.java:628)
dn1_1    | 2022-04-05 03:48:52,336 [e1e62e39-fc65-4ba2-a8db-3ad040736d34@group-6DF7F6772775-FollowerState] INFO impl.FollowerState: e1e62e39-fc65-4ba2-a8db-3ad040736d34@group-6DF7F6772775-FollowerState: change to CANDIDATE, lastRpcElapsedTime:5068091378ns, electionTimeout:5061ms
dn3_1    | 2022-04-05 03:48:20,593 [pool-26-thread-1] INFO server.RaftServerConfigKeys: raft.server.log.preallocated.size = 16384 (custom)
scm_1    | 2022-04-05 03:48:22,286 [pool-14-thread-1] INFO server.RaftServer$Division: 82ab1aaa-9250-4e3a-85a0-4d28fe9a93dd@group-E2D60AD81B37: set configuration 1: [82ab1aaa-9250-4e3a-85a0-4d28fe9a93dd|rpc:25845625a98c:9894|admin:|client:|dataStream:|priority:0], old=null
om_1     | 2022-04-05 03:48:33,198 [main] INFO grpc.GrpcConfigKeys: raft.grpc.admin.port = -1 (default)
recon_1  | 	at java.base/java.util.concurrent.FutureTask.runAndReset(FutureTask.java:305)
dn2_1    | 	at java.base/java.lang.Thread.run(Thread.java:829)
dn1_1    | 2022-04-05 03:48:52,336 [e1e62e39-fc65-4ba2-a8db-3ad040736d34@group-6DF7F6772775-FollowerState] INFO impl.RoleInfo: e1e62e39-fc65-4ba2-a8db-3ad040736d34: shutdown e1e62e39-fc65-4ba2-a8db-3ad040736d34@group-6DF7F6772775-FollowerState
dn3_1    | 2022-04-05 03:48:20,595 [pool-26-thread-1] INFO server.RaftServerConfigKeys: raft.server.log.force.sync.num = 128 (default)
scm_1    | 2022-04-05 03:48:22,296 [pool-14-thread-1] INFO segmented.LogSegment: Successfully read 30 entries from segment file /data/metadata/scm-ha/80d62f49-814f-4a66-a82c-e2d60ad81b37/current/log_inprogress_1
om_1     | 2022-04-05 03:48:33,199 [main] INFO grpc.GrpcConfigKeys: raft.grpc.server.port = 9872 (custom)
recon_1  | 	at java.base/java.util.concurrent.ScheduledThreadPoolExecutor$ScheduledFutureTask.run(ScheduledThreadPoolExecutor.java:305)
dn2_1    | Caused by: java.net.SocketTimeoutException: 5000 millis timeout while waiting for channel to be ready for read. ch : java.nio.channels.SocketChannel[connected local=/10.9.0.12:59742 remote=scm/10.9.0.17:9861]
dn1_1    | 2022-04-05 03:48:52,338 [e1e62e39-fc65-4ba2-a8db-3ad040736d34@group-6DF7F6772775-FollowerState] INFO server.RaftServer$Division: e1e62e39-fc65-4ba2-a8db-3ad040736d34@group-6DF7F6772775: changes role from  FOLLOWER to CANDIDATE at term 8 for changeToCandidate
dn3_1    | 2022-04-05 03:48:20,611 [pool-26-thread-1] INFO server.RaftServerConfigKeys: raft.server.log.statemachine.data.sync = true (default)
scm_1    | 2022-04-05 03:48:22,297 [pool-14-thread-1] INFO segmented.SegmentedRaftLogWorker: 82ab1aaa-9250-4e3a-85a0-4d28fe9a93dd@group-E2D60AD81B37-SegmentedRaftLogWorker: flushIndex: setUnconditionally 0 -> 30
om_1     | 2022-04-05 03:48:33,199 [main] INFO grpc.GrpcConfigKeys: raft.grpc.client.port = -1 (default)
recon_1  | 	at java.base/java.util.concurrent.ThreadPoolExecutor.runWorker(ThreadPoolExecutor.java:1128)
dn2_1    | 	at org.apache.hadoop.net.SocketIOWithTimeout.doIO(SocketIOWithTimeout.java:164)
dn1_1    | 2022-04-05 03:48:52,338 [e1e62e39-fc65-4ba2-a8db-3ad040736d34@group-6DF7F6772775-FollowerState] INFO server.RaftServerConfigKeys: raft.server.leaderelection.pre-vote = false (custom)
dn3_1    | 2022-04-05 03:48:20,625 [pool-26-thread-1] INFO server.RaftServerConfigKeys: raft.server.log.statemachine.data.sync.timeout = 10s (default)
scm_1    | 2022-04-05 03:48:22,301 [pool-14-thread-1] INFO segmented.SegmentedRaftLogWorker: 82ab1aaa-9250-4e3a-85a0-4d28fe9a93dd@group-E2D60AD81B37-SegmentedRaftLogWorker: safeCacheEvictIndex: setUnconditionally 0 -> 0
om_1     | 2022-04-05 03:48:33,199 [main] INFO grpc.GrpcConfigKeys: raft.grpc.server.port = 9872 (custom)
recon_1  | 	at java.base/java.util.concurrent.ThreadPoolExecutor$Worker.run(ThreadPoolExecutor.java:628)
dn2_1    | 	at org.apache.hadoop.net.SocketInputStream.read(SocketInputStream.java:161)
dn1_1    | 2022-04-05 03:48:52,338 [e1e62e39-fc65-4ba2-a8db-3ad040736d34@group-6DF7F6772775-FollowerState] INFO impl.RoleInfo: e1e62e39-fc65-4ba2-a8db-3ad040736d34: start e1e62e39-fc65-4ba2-a8db-3ad040736d34@group-6DF7F6772775-LeaderElection4
dn3_1    | 2022-04-05 03:48:20,626 [pool-26-thread-1] INFO server.RaftServerConfigKeys: raft.server.log.statemachine.data.sync.timeout.retry = -1 (default)
scm_1    | 2022-04-05 03:48:22,415 [pool-14-thread-1] INFO raftlog.RaftLog: 82ab1aaa-9250-4e3a-85a0-4d28fe9a93dd@group-E2D60AD81B37-SegmentedRaftLog: commitIndex: updateToMax old=30, new=29, updated? false
om_1     | 2022-04-05 03:48:33,200 [main] INFO grpc.GrpcConfigKeys: raft.grpc.server.port = 9872 (custom)
recon_1  | 	at java.base/java.lang.Thread.run(Thread.java:829)
dn2_1    | 	at org.apache.hadoop.net.SocketInputStream.read(SocketInputStream.java:131)
dn1_1    | 2022-04-05 03:48:52,345 [grpc-default-executor-0] INFO server.RaftServer$Division: e1e62e39-fc65-4ba2-a8db-3ad040736d34@group-6DF7F6772775: receive requestVote(ELECTION, 54a9cc24-a73e-4d52-b6dd-f65299060b74, group-6DF7F6772775, 9, (t:5, i:204))
dn3_1    | 2022-04-05 03:48:20,626 [pool-26-thread-1] INFO server.RaftServerConfigKeys: raft.server.log.write.buffer.size = 1048576 (custom)
scm_1    | 2022-04-05 03:48:22,417 [pool-14-thread-1] INFO server.RaftServerConfigKeys: raft.server.snapshot.auto.trigger.enabled = true (custom)
om_1     | 2022-04-05 03:48:33,201 [main] INFO server.GrpcService: raft.grpc.message.size.max = 33554432 (custom)
recon_1  | 2022-04-05 03:49:25,377 [pool-16-thread-1] INFO impl.OzoneManagerServiceProviderImpl: Obtaining full snapshot from Ozone Manager
dn2_1    | 	at java.base/java.io.FilterInputStream.read(FilterInputStream.java:133)
dn1_1    | 2022-04-05 03:48:52,346 [e1e62e39-fc65-4ba2-a8db-3ad040736d34@group-6DF7F6772775-LeaderElection4] INFO impl.LeaderElection: e1e62e39-fc65-4ba2-a8db-3ad040736d34@group-6DF7F6772775-LeaderElection4 ELECTION round 0: submit vote requests at term 9 for 0: [54a9cc24-a73e-4d52-b6dd-f65299060b74|rpc:10.9.0.12:9856|admin:10.9.0.12:9857|client:10.9.0.12:9858|dataStream:|priority:0, e1e62e39-fc65-4ba2-a8db-3ad040736d34|rpc:10.9.0.11:9856|admin:10.9.0.11:9857|client:10.9.0.11:9858|dataStream:|priority:1, 415fb055-cb56-41f7-800f-22ed41cfce2e|rpc:10.9.0.13:9856|admin:10.9.0.13:9857|client:10.9.0.13:9858|dataStream:|priority:0], old=null
dn3_1    | 2022-04-05 03:48:20,627 [pool-26-thread-1] INFO server.RaftServerConfigKeys: raft.server.log.statemachine.data.caching.enabled = true (custom)
scm_1    | 2022-04-05 03:48:22,418 [pool-14-thread-1] INFO server.RaftServerConfigKeys: raft.server.snapshot.auto.trigger.threshold = 1000 (custom)
om_1     | 2022-04-05 03:48:33,202 [main] INFO server.RaftServerConfigKeys: raft.server.log.appender.buffer.byte-limit = 33554432 (custom)
recon_1  | 2022-04-05 03:49:25,657 [pool-16-thread-1] INFO impl.OzoneManagerServiceProviderImpl: Got new checkpoint from OM : /data/metadata/om.snapshot.db_1649130565378
dn2_1    | 	at java.base/java.io.BufferedInputStream.fill(BufferedInputStream.java:252)
dn1_1    | 2022-04-05 03:48:52,346 [grpc-default-executor-0] INFO impl.VoteContext: e1e62e39-fc65-4ba2-a8db-3ad040736d34@group-6DF7F6772775-CANDIDATE: reject ELECTION from 54a9cc24-a73e-4d52-b6dd-f65299060b74: already has voted for e1e62e39-fc65-4ba2-a8db-3ad040736d34 at current term 9
dn3_1    | 2022-04-05 03:48:20,643 [org.apache.hadoop.util.JvmPauseMonitor$Monitor@7cf018f4] INFO util.JvmPauseMonitor: Starting JVM pause monitor
om_1     | 2022-04-05 03:48:33,203 [main] INFO server.GrpcService: raft.grpc.flow.control.window = 1MB (=1048576) (default)
dn2_1    | 	at java.base/java.io.BufferedInputStream.read(BufferedInputStream.java:271)
dn1_1    | 2022-04-05 03:48:52,347 [grpc-default-executor-0] INFO server.RaftServer$Division: e1e62e39-fc65-4ba2-a8db-3ad040736d34@group-6DF7F6772775 replies to ELECTION vote request: 54a9cc24-a73e-4d52-b6dd-f65299060b74<-e1e62e39-fc65-4ba2-a8db-3ad040736d34#0:FAIL-t9. Peer's state: e1e62e39-fc65-4ba2-a8db-3ad040736d34@group-6DF7F6772775:t9, leader=null, voted=e1e62e39-fc65-4ba2-a8db-3ad040736d34, raftlog=e1e62e39-fc65-4ba2-a8db-3ad040736d34@group-6DF7F6772775-SegmentedRaftLog:OPENED:c204, conf=0: [54a9cc24-a73e-4d52-b6dd-f65299060b74|rpc:10.9.0.12:9856|admin:10.9.0.12:9857|client:10.9.0.12:9858|dataStream:|priority:0, e1e62e39-fc65-4ba2-a8db-3ad040736d34|rpc:10.9.0.11:9856|admin:10.9.0.11:9857|client:10.9.0.11:9858|dataStream:|priority:1, 415fb055-cb56-41f7-800f-22ed41cfce2e|rpc:10.9.0.13:9856|admin:10.9.0.13:9857|client:10.9.0.13:9858|dataStream:|priority:0], old=null
recon_1  | 2022-04-05 03:49:25,658 [pool-16-thread-1] INFO recovery.ReconOmMetadataManagerImpl: Cleaning up old OM snapshot db at /data/metadata/om.snapshot.db_1649130442428.
scm_1    | 2022-04-05 03:48:22,418 [pool-14-thread-1] INFO server.RaftServerConfigKeys: raft.server.snapshot.retention.file.num = -1 (default)
dn3_1    | 2022-04-05 03:48:20,675 [pool-26-thread-1] INFO server.RaftServer$Division: 415fb055-cb56-41f7-800f-22ed41cfce2e@group-7167AB84832B: set configuration 0: [415fb055-cb56-41f7-800f-22ed41cfce2e|rpc:10.9.0.13:9856|admin:10.9.0.13:9857|client:10.9.0.13:9858|dataStream:|priority:1], old=null
om_1     | 2022-04-05 03:48:33,203 [main] INFO server.RaftServerConfigKeys: raft.server.rpc.request.timeout = 3000ms (default)
dn2_1    | 	at java.base/java.io.FilterInputStream.read(FilterInputStream.java:83)
dn1_1    | 2022-04-05 03:48:52,364 [e1e62e39-fc65-4ba2-a8db-3ad040736d34@group-6DF7F6772775-LeaderElection4] INFO impl.LeaderElection: e1e62e39-fc65-4ba2-a8db-3ad040736d34@group-6DF7F6772775-LeaderElection4: ELECTION REJECTED received 2 response(s) and 0 exception(s):
recon_1  | 2022-04-05 03:49:25,667 [pool-16-thread-1] INFO codec.OmKeyInfoCodec: OmKeyInfoCodec ignorePipeline = true
scm_1    | 2022-04-05 03:48:22,420 [pool-14-thread-1] INFO server.RaftServerConfigKeys: raft.server.log.purge.upto.snapshot.index = false (default)
dn3_1    | 2022-04-05 03:48:20,677 [pool-26-thread-1] INFO segmented.LogSegment: Successfully read 1 entries from segment file /data/metadata/ratis/26ea48cb-d18d-442f-adeb-7167ab84832b/current/log_inprogress_0
om_1     | 2022-04-05 03:48:33,405 [main] INFO impl.DataStreamServerImpl: raft.datastream.type = DISABLED (default)
dn2_1    | 	at java.base/java.io.FilterInputStream.read(FilterInputStream.java:83)
dn1_1    | 2022-04-05 03:48:52,365 [e1e62e39-fc65-4ba2-a8db-3ad040736d34@group-6DF7F6772775-LeaderElection4] INFO impl.LeaderElection:   Response 0: e1e62e39-fc65-4ba2-a8db-3ad040736d34<-54a9cc24-a73e-4d52-b6dd-f65299060b74#0:FAIL-t9
recon_1  | 2022-04-05 03:49:25,667 [pool-16-thread-1] INFO codec.RepeatedOmKeyInfoCodec: RepeatedOmKeyInfoCodec ignorePipeline = true
scm_1    | 2022-04-05 03:48:22,421 [pool-14-thread-1] INFO server.RaftServerConfigKeys: raft.server.retrycache.expirytime = 60000ms (default)
dn3_1    | 2022-04-05 03:48:20,719 [pool-26-thread-1] INFO segmented.SegmentedRaftLogWorker: 415fb055-cb56-41f7-800f-22ed41cfce2e@group-7167AB84832B-SegmentedRaftLogWorker: flushIndex: setUnconditionally 0 -> 0
om_1     | 2022-04-05 03:48:33,406 [main] INFO server.RaftServerConfigKeys: raft.server.rpc.slowness.timeout = 120s (custom)
dn2_1    | 	at org.apache.hadoop.ipc.Client$Connection$PingInputStream.read(Client.java:563)
dn1_1    | 2022-04-05 03:48:52,365 [e1e62e39-fc65-4ba2-a8db-3ad040736d34@group-6DF7F6772775-LeaderElection4] INFO impl.LeaderElection:   Response 1: e1e62e39-fc65-4ba2-a8db-3ad040736d34<-415fb055-cb56-41f7-800f-22ed41cfce2e#0:FAIL-t9
recon_1  | 2022-04-05 03:49:25,709 [pool-16-thread-1] INFO recovery.ReconOmMetadataManagerImpl: Created OM DB handle from snapshot at /data/metadata/om.snapshot.db_1649130565378.
scm_1    | 2022-04-05 03:48:22,422 [pool-14-thread-1] INFO server.RaftServerConfigKeys: raft.server.retrycache.statistics.expirytime = 100?s (default)
dn3_1    | 2022-04-05 03:48:20,719 [pool-26-thread-1] INFO segmented.SegmentedRaftLogWorker: 415fb055-cb56-41f7-800f-22ed41cfce2e@group-7167AB84832B-SegmentedRaftLogWorker: safeCacheEvictIndex: setUnconditionally 0 -> -1
om_1     | 2022-04-05 03:48:33,407 [main] INFO server.RaftServerConfigKeys: raft.server.leaderelection.leader.step-down.wait-time = 10s (default)
dn2_1    | 	at java.base/java.io.DataInputStream.readInt(DataInputStream.java:392)
dn1_1    | 2022-04-05 03:48:52,365 [e1e62e39-fc65-4ba2-a8db-3ad040736d34@group-6DF7F6772775-LeaderElection4] INFO impl.LeaderElection: e1e62e39-fc65-4ba2-a8db-3ad040736d34@group-6DF7F6772775-LeaderElection4 ELECTION round 0: result REJECTED
recon_1  | 2022-04-05 03:49:25,717 [pool-16-thread-1] INFO impl.OzoneManagerServiceProviderImpl: Calling reprocess on Recon tasks.
scm_1    | 2022-04-05 03:48:22,462 [main] INFO ha.SCMSnapshotProvider: Initializing SCM Snapshot Provider
dn3_1    | 2022-04-05 03:48:20,723 [pool-26-thread-1] INFO server.RaftServerConfigKeys: raft.server.snapshot.auto.trigger.enabled = true (custom)
om_1     | 2022-04-05 03:48:33,416 [main] INFO server.RaftServerConfigKeys: raft.server.storage.dir = [/data/metadata/ratis] (custom)
dn2_1    | 	at org.apache.hadoop.ipc.Client$IpcStreams.readResponse(Client.java:1892)
dn1_1    | 2022-04-05 03:48:52,365 [e1e62e39-fc65-4ba2-a8db-3ad040736d34@group-6DF7F6772775-LeaderElection4] INFO server.RaftServer$Division: e1e62e39-fc65-4ba2-a8db-3ad040736d34@group-6DF7F6772775: changes role from CANDIDATE to FOLLOWER at term 9 for REJECTED
recon_1  | 2022-04-05 03:49:25,718 [pool-33-thread-1] INFO tasks.NSSummaryTask: Completed a reprocess run of NSSummaryTask
scm_1    | 2022-04-05 03:48:22,463 [main] WARN server.ServerUtils: Storage directory for Ratis is not configured. It is a good idea to map this to an SSD disk. Falling back to ozone.metadata.dirs
dn3_1    | 2022-04-05 03:48:20,723 [pool-26-thread-1] INFO server.RaftServerConfigKeys: raft.server.snapshot.auto.trigger.threshold = 10000 (custom)
om_1     | 2022-04-05 03:48:33,418 [main] INFO server.RaftServer: om1: found a subdirectory /data/metadata/ratis/bf265839-605b-3f16-9796-c5ba1605619e
dn2_1    | 	at org.apache.hadoop.ipc.Client$Connection.receiveRpcResponse(Client.java:1202)
dn1_1    | 2022-04-05 03:48:52,365 [e1e62e39-fc65-4ba2-a8db-3ad040736d34@group-6DF7F6772775-LeaderElection4] INFO impl.RoleInfo: e1e62e39-fc65-4ba2-a8db-3ad040736d34: shutdown e1e62e39-fc65-4ba2-a8db-3ad040736d34@group-6DF7F6772775-LeaderElection4
recon_1  | 2022-04-05 03:49:25,941 [pool-33-thread-1] INFO tasks.TableCountTask: Completed a 'reprocess' run of TableCountTask.
scm_1    | 2022-04-05 03:48:22,463 [main] WARN ha.SCMHAUtils: SCM snapshot dir is not configured. Falling back to ozone.metadata.dirs config
dn3_1    | 2022-04-05 03:48:20,727 [pool-26-thread-1] INFO server.RaftServerConfigKeys: raft.server.snapshot.retention.file.num = 5 (custom)
om_1     | 2022-04-05 03:48:33,423 [main] INFO server.RaftServer: om1: addNew group-C5BA1605619E:[om1|rpc:om:9872|priority:0] returns group-C5BA1605619E:java.util.concurrent.CompletableFuture@7bc58891[Not completed]
dn2_1    | 	at org.apache.hadoop.ipc.Client$Connection.run(Client.java:1098)
dn1_1    | 2022-04-05 03:48:52,365 [e1e62e39-fc65-4ba2-a8db-3ad040736d34@group-6DF7F6772775-LeaderElection4] INFO impl.RoleInfo: e1e62e39-fc65-4ba2-a8db-3ad040736d34: start e1e62e39-fc65-4ba2-a8db-3ad040736d34@group-6DF7F6772775-FollowerState
recon_1  | 2022-04-05 03:49:25,942 [pool-33-thread-1] INFO tasks.ContainerKeyMapperTask: Starting a 'reprocess' run of ContainerKeyMapperTask.
scm_1    | 2022-04-05 03:48:22,477 [main] INFO ha.SequenceIdGenerator: Init the HA SequenceIdGenerator.
dn3_1    | 2022-04-05 03:48:20,727 [pool-26-thread-1] INFO server.RaftServerConfigKeys: raft.server.log.purge.upto.snapshot.index = false (default)
om_1     | 2022-04-05 03:48:33,423 [main] INFO om.OzoneManager: OzoneManager Ratis server initialized at port 9872
dn2_1    | 2022-04-05 03:48:29,937 [EndpointStateMachine task thread for scm/10.9.0.17:9861 - 0 ] INFO ozoneimpl.OzoneContainer: Attempting to start container services.
dn1_1    | 2022-04-05 03:48:57,488 [e1e62e39-fc65-4ba2-a8db-3ad040736d34@group-6DF7F6772775-FollowerState] INFO impl.FollowerState: e1e62e39-fc65-4ba2-a8db-3ad040736d34@group-6DF7F6772775-FollowerState: change to CANDIDATE, lastRpcElapsedTime:5122607759ns, electionTimeout:5122ms
recon_1  | 2022-04-05 03:49:25,978 [pool-33-thread-1] INFO tasks.ContainerKeyMapperTask: Completed 'reprocess' of ContainerKeyMapperTask.
scm_1    | 2022-04-05 03:48:22,502 [main] INFO node.SCMNodeManager: Entering startup safe mode.
dn3_1    | 2022-04-05 03:48:20,727 [pool-26-thread-1] INFO server.RaftServerConfigKeys: raft.server.retrycache.expirytime = 600000ms (custom)
om_1     | 2022-04-05 03:48:33,444 [pool-23-thread-1] INFO server.RaftServer$Division: om1: new RaftServerImpl for group-C5BA1605619E:[om1|rpc:om:9872|priority:0] with OzoneManagerStateMachine:uninitialized
dn2_1    | 2022-04-05 03:48:29,940 [EndpointStateMachine task thread for scm/10.9.0.17:9861 - 0 ] INFO ozoneimpl.OzoneContainer: Background container scanner has been disabled.
dn1_1    | 2022-04-05 03:48:57,488 [e1e62e39-fc65-4ba2-a8db-3ad040736d34@group-6DF7F6772775-FollowerState] INFO impl.RoleInfo: e1e62e39-fc65-4ba2-a8db-3ad040736d34: shutdown e1e62e39-fc65-4ba2-a8db-3ad040736d34@group-6DF7F6772775-FollowerState
recon_1  | 2022-04-05 03:49:25,981 [pool-33-thread-1] INFO tasks.ContainerKeyMapperTask: It took me 0.039 seconds to process 4 keys.
scm_1    | 2022-04-05 03:48:22,512 [main] INFO algorithms.ContainerPlacementPolicyFactory: Create container placement policy of type org.apache.hadoop.hdds.scm.container.placement.algorithms.SCMContainerPlacementRandom
dn3_1    | 2022-04-05 03:48:20,727 [pool-26-thread-1] INFO server.RaftServerConfigKeys: raft.server.retrycache.statistics.expirytime = 100?s (default)
om_1     | 2022-04-05 03:48:33,454 [pool-23-thread-1] INFO server.RaftServerConfigKeys: raft.server.rpc.timeout.min = 5s (custom)
dn2_1    | 2022-04-05 03:48:30,098 [EndpointStateMachine task thread for scm/10.9.0.17:9861 - 0 ] INFO ratis.XceiverServerRatis: Starting XceiverServerRatis 54a9cc24-a73e-4d52-b6dd-f65299060b74
dn1_1    | 2022-04-05 03:48:57,488 [e1e62e39-fc65-4ba2-a8db-3ad040736d34@group-6DF7F6772775-FollowerState] INFO server.RaftServer$Division: e1e62e39-fc65-4ba2-a8db-3ad040736d34@group-6DF7F6772775: changes role from  FOLLOWER to CANDIDATE at term 9 for changeToCandidate
recon_1  | 2022-04-05 03:49:26,014 [pool-33-thread-1] INFO tasks.FileSizeCountTask: Deleted 2 records from "FILE_COUNT_BY_SIZE"
scm_1    | 2022-04-05 03:48:22,592 [main] INFO algorithms.LeaderChoosePolicyFactory: Create leader choose policy of type org.apache.hadoop.hdds.scm.pipeline.leader.choose.algorithms.MinLeaderCountChoosePolicy
dn3_1    | 2022-04-05 03:48:20,730 [pool-26-thread-1] INFO server.RaftServer$Division: 415fb055-cb56-41f7-800f-22ed41cfce2e: new RaftServerImpl for group-46BE8C97D4E3:[] with ContainerStateMachine:uninitialized
om_1     | 2022-04-05 03:48:33,455 [pool-23-thread-1] INFO server.RaftServerConfigKeys: raft.server.rpc.timeout.max = 5200ms (custom)
dn2_1    | 2022-04-05 03:48:30,133 [EndpointStateMachine task thread for scm/10.9.0.17:9861 - 0 ] INFO server.RaftServer$Division: 54a9cc24-a73e-4d52-b6dd-f65299060b74@group-ACA2726F8525: start as a follower, conf=0: [54a9cc24-a73e-4d52-b6dd-f65299060b74|rpc:10.9.0.12:9856|admin:10.9.0.12:9857|client:10.9.0.12:9858|dataStream:|priority:1], old=null
dn1_1    | 2022-04-05 03:48:57,489 [e1e62e39-fc65-4ba2-a8db-3ad040736d34@group-6DF7F6772775-FollowerState] INFO server.RaftServerConfigKeys: raft.server.leaderelection.pre-vote = false (custom)
recon_1  | 2022-04-05 03:49:26,062 [pool-33-thread-1] INFO tasks.FileSizeCountTask: Completed a 'reprocess' run of FileSizeCountTask.
scm_1    | 2022-04-05 03:48:22,602 [main] INFO ha.SCMServiceManager: Registering service BackgroundPipelineCreator.
scm_1    | 2022-04-05 03:48:22,602 [main] INFO pipeline.BackgroundPipelineCreator: Starting RatisPipelineUtilsThread.
om_1     | 2022-04-05 03:48:33,455 [pool-23-thread-1] INFO server.RaftServerConfigKeys: raft.server.rpc.sleep.time = 25ms (default)
dn2_1    | 2022-04-05 03:48:30,143 [ForkJoinPool.commonPool-worker-3] INFO server.RaftServer$Division: 54a9cc24-a73e-4d52-b6dd-f65299060b74@group-6DF7F6772775: start as a follower, conf=0: [54a9cc24-a73e-4d52-b6dd-f65299060b74|rpc:10.9.0.12:9856|admin:10.9.0.12:9857|client:10.9.0.12:9858|dataStream:|priority:0, e1e62e39-fc65-4ba2-a8db-3ad040736d34|rpc:10.9.0.11:9856|admin:10.9.0.11:9857|client:10.9.0.11:9858|dataStream:|priority:1, 415fb055-cb56-41f7-800f-22ed41cfce2e|rpc:10.9.0.13:9856|admin:10.9.0.13:9857|client:10.9.0.13:9858|dataStream:|priority:0], old=null
dn1_1    | 2022-04-05 03:48:57,489 [e1e62e39-fc65-4ba2-a8db-3ad040736d34@group-6DF7F6772775-FollowerState] INFO impl.RoleInfo: e1e62e39-fc65-4ba2-a8db-3ad040736d34: start e1e62e39-fc65-4ba2-a8db-3ad040736d34@group-6DF7F6772775-LeaderElection5
scm_1    | 2022-04-05 03:48:22,636 [main] INFO algorithms.PipelineChoosePolicyFactory: Create pipeline choose policy of type org.apache.hadoop.hdds.scm.pipeline.choose.algorithms.RandomPipelineChoosePolicy
dn3_1    | 2022-04-05 03:48:20,731 [pool-26-thread-1] INFO server.RaftServerConfigKeys: raft.server.rpc.timeout.min = 5s (custom)
om_1     | 2022-04-05 03:48:33,455 [pool-23-thread-1] INFO server.RaftServerConfigKeys: raft.server.rpc.slowness.timeout = 120s (custom)
dn2_1    | 2022-04-05 03:48:30,143 [ForkJoinPool.commonPool-worker-3] INFO server.RaftServer$Division: 54a9cc24-a73e-4d52-b6dd-f65299060b74@group-6DF7F6772775: changes role from      null to FOLLOWER at term 5 for startAsFollower
dn1_1    | 2022-04-05 03:48:57,516 [grpc-default-executor-0] INFO server.RaftServer$Division: e1e62e39-fc65-4ba2-a8db-3ad040736d34@group-6DF7F6772775: receive requestVote(ELECTION, 54a9cc24-a73e-4d52-b6dd-f65299060b74, group-6DF7F6772775, 10, (t:5, i:204))
scm_1    | 2022-04-05 03:48:22,652 [main] INFO ha.SCMServiceManager: Registering service SCMBlockDeletingService.
dn3_1    | 2022-04-05 03:48:20,731 [pool-26-thread-1] INFO server.RaftServerConfigKeys: raft.server.rpc.timeout.max = 5200ms (custom)
om_1     | 2022-04-05 03:48:33,455 [pool-23-thread-1] INFO server.RaftServerConfigKeys: raft.server.leaderelection.leader.step-down.wait-time = 10s (default)
dn2_1    | 2022-04-05 03:48:30,143 [EndpointStateMachine task thread for scm/10.9.0.17:9861 - 0 ] INFO server.RaftServer$Division: 54a9cc24-a73e-4d52-b6dd-f65299060b74@group-ACA2726F8525: changes role from      null to FOLLOWER at term 1 for startAsFollower
scm_1    | 2022-04-05 03:48:22,667 [main] INFO ha.SCMServiceManager: Registering service ReplicationManager.
dn1_1    | 2022-04-05 03:48:57,517 [e1e62e39-fc65-4ba2-a8db-3ad040736d34@group-6DF7F6772775-LeaderElection5] INFO impl.LeaderElection: e1e62e39-fc65-4ba2-a8db-3ad040736d34@group-6DF7F6772775-LeaderElection5 ELECTION round 0: submit vote requests at term 10 for 0: [54a9cc24-a73e-4d52-b6dd-f65299060b74|rpc:10.9.0.12:9856|admin:10.9.0.12:9857|client:10.9.0.12:9858|dataStream:|priority:0, e1e62e39-fc65-4ba2-a8db-3ad040736d34|rpc:10.9.0.11:9856|admin:10.9.0.11:9857|client:10.9.0.11:9858|dataStream:|priority:1, 415fb055-cb56-41f7-800f-22ed41cfce2e|rpc:10.9.0.13:9856|admin:10.9.0.13:9857|client:10.9.0.13:9858|dataStream:|priority:0], old=null
dn3_1    | 2022-04-05 03:48:20,731 [pool-26-thread-1] INFO server.RaftServerConfigKeys: raft.server.rpc.sleep.time = 25ms (default)
om_1     | 2022-04-05 03:48:33,456 [pool-23-thread-1] INFO server.RaftServerConfigKeys: raft.server.sleep.deviation.threshold = 300ms (default)
dn2_1    | 2022-04-05 03:48:30,144 [EndpointStateMachine task thread for scm/10.9.0.17:9861 - 0 ] INFO impl.RoleInfo: 54a9cc24-a73e-4d52-b6dd-f65299060b74: start 54a9cc24-a73e-4d52-b6dd-f65299060b74@group-ACA2726F8525-FollowerState
scm_1    | 2022-04-05 03:48:22,682 [main] INFO container.ReplicationManager: Starting Replication Monitor Thread.
dn1_1    | 2022-04-05 03:48:57,517 [grpc-default-executor-0] INFO impl.VoteContext: e1e62e39-fc65-4ba2-a8db-3ad040736d34@group-6DF7F6772775-CANDIDATE: reject ELECTION from 54a9cc24-a73e-4d52-b6dd-f65299060b74: already has voted for e1e62e39-fc65-4ba2-a8db-3ad040736d34 at current term 10
dn3_1    | 2022-04-05 03:48:20,731 [pool-26-thread-1] INFO server.RaftServerConfigKeys: raft.server.rpc.slowness.timeout = 300s (custom)
om_1     | 2022-04-05 03:48:33,456 [pool-23-thread-1] INFO server.RaftServerConfigKeys: raft.server.log.appender.install.snapshot.enabled = false (custom)
dn2_1    | 2022-04-05 03:48:30,147 [EndpointStateMachine task thread for scm/10.9.0.17:9861 - 0 ] INFO util.JmxRegister: Successfully registered JMX Bean with object name Ratis:service=RaftServer,group=group-ACA2726F8525,id=54a9cc24-a73e-4d52-b6dd-f65299060b74
scm_1    | 2022-04-05 03:48:22,697 [ReplicationMonitor] INFO container.ReplicationManager: Replication Manager is not ready to run until 300000ms after safemode exit
dn1_1    | 2022-04-05 03:48:57,517 [grpc-default-executor-0] INFO server.RaftServer$Division: e1e62e39-fc65-4ba2-a8db-3ad040736d34@group-6DF7F6772775 replies to ELECTION vote request: 54a9cc24-a73e-4d52-b6dd-f65299060b74<-e1e62e39-fc65-4ba2-a8db-3ad040736d34#0:FAIL-t10. Peer's state: e1e62e39-fc65-4ba2-a8db-3ad040736d34@group-6DF7F6772775:t10, leader=null, voted=e1e62e39-fc65-4ba2-a8db-3ad040736d34, raftlog=e1e62e39-fc65-4ba2-a8db-3ad040736d34@group-6DF7F6772775-SegmentedRaftLog:OPENED:c204, conf=0: [54a9cc24-a73e-4d52-b6dd-f65299060b74|rpc:10.9.0.12:9856|admin:10.9.0.12:9857|client:10.9.0.12:9858|dataStream:|priority:0, e1e62e39-fc65-4ba2-a8db-3ad040736d34|rpc:10.9.0.11:9856|admin:10.9.0.11:9857|client:10.9.0.11:9858|dataStream:|priority:1, 415fb055-cb56-41f7-800f-22ed41cfce2e|rpc:10.9.0.13:9856|admin:10.9.0.13:9857|client:10.9.0.13:9858|dataStream:|priority:0], old=null
dn3_1    | 2022-04-05 03:48:20,734 [pool-26-thread-1] INFO server.RaftServerConfigKeys: raft.server.leaderelection.leader.step-down.wait-time = 10s (default)
om_1     | 2022-04-05 03:48:33,460 [pool-23-thread-1] INFO server.RaftServer$Division: om1@group-C5BA1605619E: ConfigurationManager, init=-1: [om1|rpc:om:9872|priority:0], old=null, confs=<EMPTY_MAP>
dn2_1    | 2022-04-05 03:48:30,149 [ForkJoinPool.commonPool-worker-3] INFO impl.RoleInfo: 54a9cc24-a73e-4d52-b6dd-f65299060b74: start 54a9cc24-a73e-4d52-b6dd-f65299060b74@group-6DF7F6772775-FollowerState
scm_1    | 2022-04-05 03:48:22,699 [main] INFO safemode.ContainerSafeModeRule: containers with one replica threshold count 0
dn1_1    | 2022-04-05 03:48:57,535 [e1e62e39-fc65-4ba2-a8db-3ad040736d34@group-6DF7F6772775-LeaderElection5] INFO impl.LeaderElection: e1e62e39-fc65-4ba2-a8db-3ad040736d34@group-6DF7F6772775-LeaderElection5: ELECTION REJECTED received 2 response(s) and 0 exception(s):
dn3_1    | 2022-04-05 03:48:20,734 [pool-26-thread-1] INFO server.RaftServerConfigKeys: raft.server.sleep.deviation.threshold = 300ms (default)
om_1     | 2022-04-05 03:48:33,462 [pool-23-thread-1] INFO server.RaftServerConfigKeys: raft.server.storage.dir = [/data/metadata/ratis] (custom)
dn2_1    | 2022-04-05 03:48:30,153 [EndpointStateMachine task thread for scm/10.9.0.17:9861 - 0 ] INFO server.RaftServer$Division: 54a9cc24-a73e-4d52-b6dd-f65299060b74@group-46BE8C97D4E3: start as a follower, conf=0: [54a9cc24-a73e-4d52-b6dd-f65299060b74|rpc:10.9.0.12:9856|admin:10.9.0.12:9857|client:10.9.0.12:9858|dataStream:|priority:0, e1e62e39-fc65-4ba2-a8db-3ad040736d34|rpc:10.9.0.11:9856|admin:10.9.0.11:9857|client:10.9.0.11:9858|dataStream:|priority:0, 415fb055-cb56-41f7-800f-22ed41cfce2e|rpc:10.9.0.13:9856|admin:10.9.0.13:9857|client:10.9.0.13:9858|dataStream:|priority:1], old=null
scm_1    | 2022-04-05 03:48:22,701 [main] INFO safemode.HealthyPipelineSafeModeRule: Total pipeline count is 2, healthy pipeline threshold count is 1
dn1_1    | 2022-04-05 03:48:57,535 [e1e62e39-fc65-4ba2-a8db-3ad040736d34@group-6DF7F6772775-LeaderElection5] INFO impl.LeaderElection:   Response 0: e1e62e39-fc65-4ba2-a8db-3ad040736d34<-54a9cc24-a73e-4d52-b6dd-f65299060b74#0:FAIL-t10
dn3_1    | 2022-04-05 03:48:20,735 [pool-26-thread-1] INFO server.RaftServerConfigKeys: raft.server.log.appender.install.snapshot.enabled = false (custom)
om_1     | 2022-04-05 03:48:33,464 [pool-23-thread-1] INFO server.RaftServerConfigKeys: raft.server.log.corruption.policy = EXCEPTION (default)
dn2_1    | 2022-04-05 03:48:30,153 [EndpointStateMachine task thread for scm/10.9.0.17:9861 - 0 ] INFO server.RaftServer$Division: 54a9cc24-a73e-4d52-b6dd-f65299060b74@group-46BE8C97D4E3: changes role from      null to FOLLOWER at term 6 for startAsFollower
scm_1    | 2022-04-05 03:48:22,702 [main] INFO safemode.OneReplicaPipelineSafeModeRule: Total pipeline count is 2, pipeline's with at least one datanode reported threshold count is 2
dn1_1    | 2022-04-05 03:48:57,535 [e1e62e39-fc65-4ba2-a8db-3ad040736d34@group-6DF7F6772775-LeaderElection5] INFO impl.LeaderElection:   Response 1: e1e62e39-fc65-4ba2-a8db-3ad040736d34<-415fb055-cb56-41f7-800f-22ed41cfce2e#0:FAIL-t10
dn3_1    | 2022-04-05 03:48:20,735 [pool-26-thread-1] INFO server.RaftServer$Division: 415fb055-cb56-41f7-800f-22ed41cfce2e@group-46BE8C97D4E3: ConfigurationManager, init=-1: [], old=null, confs=<EMPTY_MAP>
om_1     | 2022-04-05 03:48:33,465 [pool-23-thread-1] INFO server.RaftServerConfigKeys: raft.server.storage.free-space.min = 0MB (=0) (default)
dn2_1    | 2022-04-05 03:48:30,154 [EndpointStateMachine task thread for scm/10.9.0.17:9861 - 0 ] INFO impl.RoleInfo: 54a9cc24-a73e-4d52-b6dd-f65299060b74: start 54a9cc24-a73e-4d52-b6dd-f65299060b74@group-46BE8C97D4E3-FollowerState
scm_1    | 2022-04-05 03:48:24,027 [main] INFO ipc.CallQueueManager: Using callQueue: class java.util.concurrent.LinkedBlockingQueue, queueCapacity: 10000, scheduler: class org.apache.hadoop.ipc.DefaultRpcScheduler, ipcBackoff: false.
dn1_1    | 2022-04-05 03:48:57,535 [e1e62e39-fc65-4ba2-a8db-3ad040736d34@group-6DF7F6772775-LeaderElection5] INFO impl.LeaderElection: e1e62e39-fc65-4ba2-a8db-3ad040736d34@group-6DF7F6772775-LeaderElection5 ELECTION round 0: result REJECTED
dn3_1    | 2022-04-05 03:48:20,735 [pool-26-thread-1] INFO server.RaftServerConfigKeys: raft.server.storage.dir = [/data/metadata/ratis] (custom)
dn2_1    | 2022-04-05 03:48:30,160 [ForkJoinPool.commonPool-worker-3] INFO util.JmxRegister: Successfully registered JMX Bean with object name Ratis:service=RaftServer,group=group-6DF7F6772775,id=54a9cc24-a73e-4d52-b6dd-f65299060b74
scm_1    | 2022-04-05 03:48:24,108 [Socket Reader #1 for port 9861] INFO ipc.Server: Starting Socket Reader #1 for port 9861
dn1_1    | 2022-04-05 03:48:57,535 [e1e62e39-fc65-4ba2-a8db-3ad040736d34@group-6DF7F6772775-LeaderElection5] INFO server.RaftServer$Division: e1e62e39-fc65-4ba2-a8db-3ad040736d34@group-6DF7F6772775: changes role from CANDIDATE to FOLLOWER at term 10 for REJECTED
om_1     | 2022-04-05 03:48:33,480 [pool-23-thread-1] INFO storage.RaftStorageDirectory: Lock on /data/metadata/ratis/bf265839-605b-3f16-9796-c5ba1605619e/in_use.lock acquired by nodename 7@39972165dcce
dn3_1    | 2022-04-05 03:48:20,746 [pool-26-thread-1] INFO server.RaftServerConfigKeys: raft.server.log.corruption.policy = EXCEPTION (default)
dn2_1    | 2022-04-05 03:48:30,168 [EndpointStateMachine task thread for scm/10.9.0.17:9861 - 0 ] INFO util.JmxRegister: Successfully registered JMX Bean with object name Ratis:service=RaftServer,group=group-46BE8C97D4E3,id=54a9cc24-a73e-4d52-b6dd-f65299060b74
dn1_1    | 2022-04-05 03:48:57,537 [e1e62e39-fc65-4ba2-a8db-3ad040736d34@group-6DF7F6772775-LeaderElection5] INFO impl.RoleInfo: e1e62e39-fc65-4ba2-a8db-3ad040736d34: shutdown e1e62e39-fc65-4ba2-a8db-3ad040736d34@group-6DF7F6772775-LeaderElection5
scm_1    | 2022-04-05 03:48:24,184 [Listener at 0.0.0.0/9861] INFO ipc.CallQueueManager: Using callQueue: class java.util.concurrent.LinkedBlockingQueue, queueCapacity: 10000, scheduler: class org.apache.hadoop.ipc.DefaultRpcScheduler, ipcBackoff: false.
om_1     | 2022-04-05 03:48:33,495 [pool-23-thread-1] INFO storage.RaftStorage: Read RaftStorageMetadata{term=1, votedFor=om1} from /data/metadata/ratis/bf265839-605b-3f16-9796-c5ba1605619e/current/raft-meta
dn3_1    | 2022-04-05 03:48:20,746 [pool-26-thread-1] INFO server.RaftServerConfigKeys: raft.server.storage.free-space.min = 0MB (=0) (default)
dn2_1    | 2022-04-05 03:48:30,173 [EndpointStateMachine task thread for scm/10.9.0.17:9861 - 0 ] INFO server.RaftServer: 54a9cc24-a73e-4d52-b6dd-f65299060b74: start RPC server
dn1_1    | 2022-04-05 03:48:57,537 [e1e62e39-fc65-4ba2-a8db-3ad040736d34@group-6DF7F6772775-LeaderElection5] INFO impl.RoleInfo: e1e62e39-fc65-4ba2-a8db-3ad040736d34: start e1e62e39-fc65-4ba2-a8db-3ad040736d34@group-6DF7F6772775-FollowerState
scm_1    | 2022-04-05 03:48:24,191 [Socket Reader #1 for port 9863] INFO ipc.Server: Starting Socket Reader #1 for port 9863
om_1     | 2022-04-05 03:48:33,564 [pool-23-thread-1] INFO server.RaftServer$Division: om1@group-C5BA1605619E: set configuration 0: [om1|rpc:om:9872|admin:|client:|dataStream:|priority:0], old=null
dn3_1    | 2022-04-05 03:48:20,750 [pool-26-thread-1] INFO storage.RaftStorageDirectory: Lock on /data/metadata/ratis/16a88ad5-7627-4150-9b3f-46be8c97d4e3/in_use.lock acquired by nodename 7@bd4ff4c8e109
dn2_1    | 2022-04-05 03:48:30,175 [EndpointStateMachine task thread for scm/10.9.0.17:9861 - 0 ] INFO server.GrpcService: 54a9cc24-a73e-4d52-b6dd-f65299060b74: GrpcService started, listening on 9856
dn1_1    | 2022-04-05 03:49:02,616 [e1e62e39-fc65-4ba2-a8db-3ad040736d34@group-6DF7F6772775-FollowerState] INFO impl.FollowerState: e1e62e39-fc65-4ba2-a8db-3ad040736d34@group-6DF7F6772775-FollowerState: change to CANDIDATE, lastRpcElapsedTime:5078604321ns, electionTimeout:5078ms
scm_1    | 2022-04-05 03:48:24,228 [Listener at 0.0.0.0/9863] INFO ipc.CallQueueManager: Using callQueue: class java.util.concurrent.LinkedBlockingQueue, queueCapacity: 10000, scheduler: class org.apache.hadoop.ipc.DefaultRpcScheduler, ipcBackoff: false.
om_1     | 2022-04-05 03:48:33,564 [pool-23-thread-1] INFO server.RaftServerConfigKeys: raft.server.notification.no-leader.timeout = 120s (custom)
dn3_1    | 2022-04-05 03:48:20,847 [pool-26-thread-1] INFO storage.RaftStorage: Read RaftStorageMetadata{term=6, votedFor=415fb055-cb56-41f7-800f-22ed41cfce2e} from /data/metadata/ratis/16a88ad5-7627-4150-9b3f-46be8c97d4e3/current/raft-meta
dn2_1    | 2022-04-05 03:48:30,176 [EndpointStateMachine task thread for scm/10.9.0.17:9861 - 0 ] INFO server.GrpcService: 54a9cc24-a73e-4d52-b6dd-f65299060b74: GrpcService started, listening on 9857
dn1_1    | 2022-04-05 03:49:02,617 [e1e62e39-fc65-4ba2-a8db-3ad040736d34@group-6DF7F6772775-FollowerState] INFO impl.RoleInfo: e1e62e39-fc65-4ba2-a8db-3ad040736d34: shutdown e1e62e39-fc65-4ba2-a8db-3ad040736d34@group-6DF7F6772775-FollowerState
scm_1    | 2022-04-05 03:48:24,236 [Socket Reader #1 for port 9860] INFO ipc.Server: Starting Socket Reader #1 for port 9860
om_1     | 2022-04-05 03:48:33,570 [pool-23-thread-1] INFO server.RaftServerConfigKeys: raft.server.log.use.memory = false (default)
dn3_1    | 2022-04-05 03:48:20,848 [pool-26-thread-1] INFO ratis.ContainerStateMachine: group-46BE8C97D4E3: Setting the last applied index to (t:6, i:0)
dn2_1    | 2022-04-05 03:48:30,177 [EndpointStateMachine task thread for scm/10.9.0.17:9861 - 0 ] INFO server.GrpcService: 54a9cc24-a73e-4d52-b6dd-f65299060b74: GrpcService started, listening on 9858
dn1_1    | 2022-04-05 03:49:02,617 [e1e62e39-fc65-4ba2-a8db-3ad040736d34@group-6DF7F6772775-FollowerState] INFO server.RaftServer$Division: e1e62e39-fc65-4ba2-a8db-3ad040736d34@group-6DF7F6772775: changes role from  FOLLOWER to CANDIDATE at term 10 for changeToCandidate
scm_1    | 2022-04-05 03:48:24,553 [Listener at 0.0.0.0/9860] INFO server.StorageContainerManager: 
om_1     | 2022-04-05 03:48:33,583 [pool-23-thread-1] INFO server.RaftServerConfigKeys: raft.server.log.purge.gap = 1000000 (custom)
dn3_1    | 2022-04-05 03:48:20,849 [pool-26-thread-1] INFO server.RaftServer$Division: 415fb055-cb56-41f7-800f-22ed41cfce2e@group-46BE8C97D4E3: set configuration 0: [54a9cc24-a73e-4d52-b6dd-f65299060b74|rpc:10.9.0.12:9856|admin:10.9.0.12:9857|client:10.9.0.12:9858|dataStream:|priority:0, e1e62e39-fc65-4ba2-a8db-3ad040736d34|rpc:10.9.0.11:9856|admin:10.9.0.11:9857|client:10.9.0.11:9858|dataStream:|priority:0, 415fb055-cb56-41f7-800f-22ed41cfce2e|rpc:10.9.0.13:9856|admin:10.9.0.13:9857|client:10.9.0.13:9858|dataStream:|priority:1], old=null
dn2_1    | 2022-04-05 03:48:30,194 [EndpointStateMachine task thread for scm/10.9.0.17:9861 - 0 ] INFO ratis.XceiverServerRatis: XceiverServerRatis 54a9cc24-a73e-4d52-b6dd-f65299060b74 is started using port 9858 for RATIS
dn1_1    | 2022-04-05 03:49:02,617 [e1e62e39-fc65-4ba2-a8db-3ad040736d34@group-6DF7F6772775-FollowerState] INFO server.RaftServerConfigKeys: raft.server.leaderelection.pre-vote = false (custom)
scm_1    | Container Balancer status:
om_1     | 2022-04-05 03:48:33,587 [pool-23-thread-1] INFO server.RaftServerConfigKeys: raft.server.log.appender.buffer.byte-limit = 33554432 (custom)
dn3_1    | 2022-04-05 03:48:20,849 [pool-26-thread-1] INFO server.RaftServerConfigKeys: raft.server.notification.no-leader.timeout = 300s (custom)
dn2_1    | 2022-04-05 03:48:30,194 [EndpointStateMachine task thread for scm/10.9.0.17:9861 - 0 ] INFO ratis.XceiverServerRatis: XceiverServerRatis 54a9cc24-a73e-4d52-b6dd-f65299060b74 is started using port 9857 for RATIS_ADMIN
