om_1        | 2021-08-30 01:03:54,303 [Listener at om/9862] INFO impl.MetricsConfig: Loaded properties from hadoop-metrics2.properties
recon_1     | 2021-08-30 01:03:42,995 [EventQueue-NewNodeForReconNewNodeHandler] INFO scm.ReconNodeManager: Adding new node d0a3a434-5788-4537-a0f1-c43312418ce1 to Node DB.
recon_1     | 2021-08-30 01:03:44,001 [IPC Server handler 37 on default port 9891] INFO scm.ReconNodeManager: Sending ReregisterCommand() for ozonesecure_datanode_3.ozonesecure_default
recon_1     | 2021-08-30 01:03:44,815 [IPC Server handler 21 on default port 9891] INFO scm.ReconNodeManager: Sending ReregisterCommand() for ozonesecure_datanode_1.ozonesecure_default
recon_1     | 2021-08-30 01:03:45,245 [IPC Server handler 96 on default port 9891] INFO scm.ReconNodeManager: Updating nodeDB for ozonesecure_datanode_3.ozonesecure_default
datanode_1  | 2021-08-30 01:03:49,637 [Command processor thread] WARN commandhandler.CreatePipelineCommandHandler: Add group failed for ab0198a7-e7b0-4320-93f2-9336459ea8f2{ip: 172.18.0.7, host: ozonesecure_datanode_2.ozonesecure_default, ports: [REPLICATION=9886, RATIS=9858, RATIS_ADMIN=9857, RATIS_SERVER=9856, STANDALONE=9859], networkLocation: /default-rack, certSerialId: null, persistedOpState: IN_SERVICE, persistedOpStateExpiryEpochSec: 0}
datanode_1  | java.io.IOException: org.apache.ratis.thirdparty.io.grpc.StatusRuntimeException: UNAVAILABLE: Network closed for unknown reason
datanode_1  | 	at org.apache.ratis.grpc.GrpcUtil.unwrapException(GrpcUtil.java:92)
datanode_1  | 	at org.apache.ratis.grpc.client.GrpcClientProtocolClient.blockingCall(GrpcClientProtocolClient.java:218)
datanode_1  | 	at org.apache.ratis.grpc.client.GrpcClientProtocolClient.groupAdd(GrpcClientProtocolClient.java:179)
scm_1       | 2021-08-30 01:03:09,769 [main] INFO reflections.Reflections: Reflections took 268 ms to scan 3 urls, producing 104 keys and 214 values 
scm_1       | 2021-08-30 01:03:10,953 [main] INFO client.SCMCertificateClient: Loading certificate from location:/data/metadata/scm/sub-ca/certs.
scm_1       | 2021-08-30 01:03:11,145 [main] INFO client.SCMCertificateClient: Added certificate from file:/data/metadata/scm/sub-ca/certs/571693182296.crt.
scm_1       | 2021-08-30 01:03:11,155 [main] INFO client.SCMCertificateClient: Added certificate from file:/data/metadata/scm/sub-ca/certs/CA-1.crt.
scm_1       | 2021-08-30 01:03:11,159 [main] INFO client.SCMCertificateClient: Added certificate from file:/data/metadata/scm/sub-ca/certs/certificate.crt.
scm_1       | 2021-08-30 01:03:11,318 [main] INFO security.UserGroupInformation: Login successful for user scm/scm@EXAMPLE.COM using keytab file scm.keytab. Keytab auto renewal enabled : false
om_1        | 2021-08-30 01:03:54,345 [Listener at om/9862] INFO impl.MetricsSystemImpl: Scheduled Metric snapshot period at 10 second(s).
om_1        | 2021-08-30 01:03:54,345 [Listener at om/9862] INFO impl.MetricsSystemImpl: OzoneManager metrics system started
om_1        | 2021-08-30 01:03:54,464 [Listener at om/9862] INFO om.OzoneManager: OzoneManager RPC server is listening at om/172.18.0.10:9862
om_1        | 2021-08-30 01:03:54,467 [Listener at om/9862] INFO ratis.OzoneManagerRatisServer: Starting OzoneManagerRatisServer om1 at port 9872
om_1        | 2021-08-30 01:03:54,469 [Listener at om/9862] INFO server.RaftServer$Division: om1@group-C5BA1605619E: start as a follower, conf=-1: [om1|rpc:om:9872|priority:0], old=null
om_1        | 2021-08-30 01:03:54,476 [Listener at om/9862] INFO server.RaftServer$Division: om1@group-C5BA1605619E: changes role from      null to FOLLOWER at term 0 for startAsFollower
om_1        | 2021-08-30 01:03:54,480 [Listener at om/9862] INFO impl.RoleInfo: om1: start om1@group-C5BA1605619E-FollowerState
recon_1     | 2021-08-30 01:03:45,257 [EventQueue-PipelineReportForReconPipelineReportHandler] INFO scm.ReconPipelineReportHandler: Unknown pipeline PipelineID=617ed1e0-c6ba-4a66-a50a-a2536e69cf36. Trying to get from SCM.
recon_1     | 2021-08-30 01:03:45,430 [EventQueue-PipelineReportForReconPipelineReportHandler] INFO scm.ReconPipelineReportHandler: Adding new pipeline Pipeline[ Id: 617ed1e0-c6ba-4a66-a50a-a2536e69cf36, Nodes: 21f626d2-593a-4098-a01d-0cd0f5ada306{ip: 172.18.0.5, host: ozonesecure_datanode_3.ozonesecure_default, ports: [REPLICATION=9886, RATIS=9858, RATIS_ADMIN=9857, RATIS_SERVER=9856, STANDALONE=9859], networkLocation: /default-rack, certSerialId: null, persistedOpState: IN_SERVICE, persistedOpStateExpiryEpochSec: 0}, ReplicationConfig: RATIS/ONE, State:ALLOCATED, leaderId:, CreationTimestamp2021-08-30T01:03:42.216Z[UTC]] to Recon pipeline metadata.
recon_1     | 2021-08-30 01:03:45,496 [EventQueue-PipelineReportForReconPipelineReportHandler] INFO pipeline.PipelineStateManager: Created pipeline Pipeline[ Id: 617ed1e0-c6ba-4a66-a50a-a2536e69cf36, Nodes: 21f626d2-593a-4098-a01d-0cd0f5ada306{ip: 172.18.0.5, host: ozonesecure_datanode_3.ozonesecure_default, ports: [REPLICATION=9886, RATIS=9858, RATIS_ADMIN=9857, RATIS_SERVER=9856, STANDALONE=9859], networkLocation: /default-rack, certSerialId: null, persistedOpState: IN_SERVICE, persistedOpStateExpiryEpochSec: 0}, ReplicationConfig: RATIS/ONE, State:ALLOCATED, leaderId:, CreationTimestamp2021-08-30T01:03:42.216Z[UTC]].
recon_1     | 2021-08-30 01:03:45,518 [EventQueue-PipelineReportForReconPipelineReportHandler] INFO ha.SCMHAInvocationHandler: Invoking method public abstract void org.apache.hadoop.hdds.scm.pipeline.StateManager.addPipeline(org.apache.hadoop.hdds.protocol.proto.HddsProtos$Pipeline) throws java.io.IOException on target org.apache.hadoop.hdds.scm.ha.MockSCMHAManager$MockRatisServer@a22ac8b, cost 59114.604us
datanode_3  | 	at org.apache.ratis.client.impl.BlockingImpl.sendRequest(BlockingImpl.java:130)
datanode_3  | 	at org.apache.ratis.client.impl.GroupManagementImpl.add(GroupManagementImpl.java:51)
datanode_3  | 	at org.apache.hadoop.ozone.container.common.statemachine.commandhandler.CreatePipelineCommandHandler.lambda$handle$1(CreatePipelineCommandHandler.java:99)
datanode_1  | 	at org.apache.ratis.grpc.client.GrpcClientRpc.sendRequest(GrpcClientRpc.java:96)
datanode_1  | 	at org.apache.ratis.client.impl.BlockingImpl.sendRequest(BlockingImpl.java:130)
datanode_1  | 	at org.apache.ratis.client.impl.GroupManagementImpl.add(GroupManagementImpl.java:51)
datanode_1  | 	at org.apache.hadoop.ozone.container.common.statemachine.commandhandler.CreatePipelineCommandHandler.lambda$handle$1(CreatePipelineCommandHandler.java:99)
scm_1       | 2021-08-30 01:03:11,318 [main] INFO server.StorageContainerManager: SCM login successful.
scm_1       | 2021-08-30 01:03:11,346 [main] WARN utils.HAUtils: ozone.scm.db.dirs is not configured. We recommend adding this setting. Falling back to ozone.metadata.dirs instead.
scm_1       | 2021-08-30 01:03:11,488 [main] WARN db.DBStoreBuilder: ozone.scm.db.dirs is not configured. We recommend adding this setting. Falling back to ozone.metadata.dirs instead.
scm_1       | 2021-08-30 01:03:11,687 [main] INFO net.NodeSchemaLoader: Loading schema from [file:/etc/hadoop/network-topology-default.xml, jar:file:/opt/hadoop/share/ozone/lib/hdds-common-1.2.0-SNAPSHOT.jar!/network-topology-default.xml]
scm_1       | 2021-08-30 01:03:11,688 [main] INFO net.NodeSchemaLoader: Loading network topology layer schema file
datanode_2  | 	at org.apache.ratis.client.impl.BlockingImpl.sendRequest(BlockingImpl.java:130)
datanode_2  | 	at org.apache.ratis.client.impl.GroupManagementImpl.add(GroupManagementImpl.java:51)
datanode_2  | 	at org.apache.hadoop.ozone.container.common.statemachine.commandhandler.CreatePipelineCommandHandler.lambda$handle$1(CreatePipelineCommandHandler.java:99)
datanode_2  | 	at java.base/java.util.stream.ForEachOps$ForEachOp$OfRef.accept(ForEachOps.java:183)
om_1        | 2021-08-30 01:03:54,488 [Listener at om/9862] INFO util.JmxRegister: Successfully registered JMX Bean with object name Ratis:service=RaftServer,group=group-C5BA1605619E,id=om1
datanode_3  | 	at java.base/java.util.stream.ForEachOps$ForEachOp$OfRef.accept(ForEachOps.java:183)
datanode_3  | 	at java.base/java.util.stream.ReferencePipeline$2$1.accept(ReferencePipeline.java:177)
datanode_3  | 	at java.base/java.util.ArrayList$ArrayListSpliterator.forEachRemaining(ArrayList.java:1655)
datanode_3  | 	at java.base/java.util.stream.AbstractPipeline.copyInto(AbstractPipeline.java:484)
datanode_3  | 	at java.base/java.util.stream.AbstractPipeline.wrapAndCopyInto(AbstractPipeline.java:474)
datanode_3  | 	at java.base/java.util.stream.ForEachOps$ForEachOp.evaluateSequential(ForEachOps.java:150)
datanode_1  | 	at java.base/java.util.stream.ForEachOps$ForEachOp$OfRef.accept(ForEachOps.java:183)
datanode_1  | 	at java.base/java.util.stream.ReferencePipeline$2$1.accept(ReferencePipeline.java:177)
datanode_1  | 	at java.base/java.util.ArrayList$ArrayListSpliterator.forEachRemaining(ArrayList.java:1655)
om_1        | 2021-08-30 01:03:54,513 [Listener at om/9862] INFO server.RaftServer: om1: start RPC server
om_1        | 2021-08-30 01:03:54,611 [Listener at om/9862] INFO server.GrpcService: om1: GrpcService started, listening on 9872
om_1        | 2021-08-30 01:03:54,618 [Listener at om/9862] INFO om.OzoneManager: Starting OM block token secret manager
om_1        | 2021-08-30 01:03:54,618 [Listener at om/9862] INFO security.OzoneBlockTokenSecretManager: Updating the current master key for generating tokens
om_1        | 2021-08-30 01:03:54,620 [Listener at om/9862] INFO om.OzoneManager: Starting OM delegation token secret manager
datanode_2  | 	at java.base/java.util.stream.ReferencePipeline$2$1.accept(ReferencePipeline.java:177)
datanode_2  | 	at java.base/java.util.ArrayList$ArrayListSpliterator.forEachRemaining(ArrayList.java:1655)
datanode_2  | 	at java.base/java.util.stream.AbstractPipeline.copyInto(AbstractPipeline.java:484)
datanode_2  | 	at java.base/java.util.stream.AbstractPipeline.wrapAndCopyInto(AbstractPipeline.java:474)
datanode_2  | 	at java.base/java.util.stream.ForEachOps$ForEachOp.evaluateSequential(ForEachOps.java:150)
scm_1       | 2021-08-30 01:03:11,941 [main] INFO ha.SequenceIdGenerator: upgrade localId to 107544261427200000
scm_1       | 2021-08-30 01:03:11,941 [main] INFO ha.SequenceIdGenerator: upgrade delTxnId to 0
recon_1     | 2021-08-30 01:03:45,519 [EventQueue-PipelineReportForReconPipelineReportHandler] INFO scm.ReconPipelineReportHandler: Pipeline RATIS/ONE PipelineID=617ed1e0-c6ba-4a66-a50a-a2536e69cf36 reported by 21f626d2-593a-4098-a01d-0cd0f5ada306{ip: 172.18.0.5, host: ozonesecure_datanode_3.ozonesecure_default, ports: [REPLICATION=9886, RATIS=9858, RATIS_ADMIN=9857, RATIS_SERVER=9856, STANDALONE=9859], networkLocation: /default-rack, certSerialId: 583024582622, persistedOpState: null, persistedOpStateExpiryEpochSec: 0}
recon_1     | 2021-08-30 01:03:45,520 [EventQueue-PipelineReportForReconPipelineReportHandler] INFO pipeline.PipelineManagerImpl: Pipeline Pipeline[ Id: 617ed1e0-c6ba-4a66-a50a-a2536e69cf36, Nodes: 21f626d2-593a-4098-a01d-0cd0f5ada306{ip: 172.18.0.5, host: ozonesecure_datanode_3.ozonesecure_default, ports: [REPLICATION=9886, RATIS=9858, RATIS_ADMIN=9857, RATIS_SERVER=9856, STANDALONE=9859], networkLocation: /default-rack, certSerialId: null, persistedOpState: IN_SERVICE, persistedOpStateExpiryEpochSec: 0}, ReplicationConfig: RATIS/ONE, State:ALLOCATED, leaderId:21f626d2-593a-4098-a01d-0cd0f5ada306, CreationTimestamp2021-08-30T01:03:42.216Z[UTC]] moved to OPEN state
recon_1     | 2021-08-30 01:03:45,526 [EventQueue-PipelineReportForReconPipelineReportHandler] INFO ha.SCMHAInvocationHandler: Invoking method public abstract void org.apache.hadoop.hdds.scm.pipeline.StateManager.updatePipelineState(org.apache.hadoop.hdds.protocol.proto.HddsProtos$PipelineID,org.apache.hadoop.hdds.protocol.proto.HddsProtos$PipelineState) throws java.io.IOException on target org.apache.hadoop.hdds.scm.ha.MockSCMHAManager$MockRatisServer@a22ac8b, cost 6244.901us
recon_1     | 2021-08-30 01:03:46,126 [EventQueue-PipelineReportForReconPipelineReportHandler] INFO scm.ReconPipelineReportHandler: Unknown pipeline PipelineID=731bbd23-d014-450a-b6f8-27d4024d6d05. Trying to get from SCM.
datanode_1  | 	at java.base/java.util.stream.AbstractPipeline.copyInto(AbstractPipeline.java:484)
datanode_1  | 	at java.base/java.util.stream.AbstractPipeline.wrapAndCopyInto(AbstractPipeline.java:474)
datanode_1  | 	at java.base/java.util.stream.ForEachOps$ForEachOp.evaluateSequential(ForEachOps.java:150)
datanode_1  | 	at java.base/java.util.stream.ForEachOps$ForEachOp$OfRef.evaluateSequential(ForEachOps.java:173)
datanode_3  | 	at java.base/java.util.stream.ForEachOps$ForEachOp$OfRef.evaluateSequential(ForEachOps.java:173)
datanode_3  | 	at java.base/java.util.stream.AbstractPipeline.evaluate(AbstractPipeline.java:234)
datanode_3  | 	at java.base/java.util.stream.ReferencePipeline.forEach(ReferencePipeline.java:497)
datanode_3  | 	at org.apache.hadoop.ozone.container.common.statemachine.commandhandler.CreatePipelineCommandHandler.handle(CreatePipelineCommandHandler.java:95)
scm_1       | 2021-08-30 01:03:11,948 [main] INFO ha.SequenceIdGenerator: upgrade containerId to 0
scm_1       | 2021-08-30 01:03:11,950 [main] INFO ha.SequenceIdGenerator: Init the HA SequenceIdGenerator.
scm_1       | 2021-08-30 01:03:11,998 [main] WARN server.ServerUtils: ozone.scm.stale.node.interval value = 30000 is smaller than min = 90000 based on the key value of hdds.heartbeat.interval, reset to the min value 90000.
scm_1       | 2021-08-30 01:03:11,998 [main] WARN server.ServerUtils: ozone.scm.stale.node.interval value = 30000 is smaller than min = 90000 based on the key value of hdds.heartbeat.interval, reset to the min value 90000.
om_1        | 2021-08-30 01:03:54,620 [Listener at om/9862] INFO security.OzoneDelegationTokenSecretManager: Updating the current master key for generating tokens
om_1        | 2021-08-30 01:03:54,621 [org.apache.ratis.util.JvmPauseMonitor$$Lambda$389/0x00000008405b7c40@641bd93e] INFO util.JvmPauseMonitor: JvmPauseMonitor-om1: Started
om_1        | 2021-08-30 01:03:54,625 [Listener at om/9862] INFO om.OzoneManager: Version File has different layout version (0) than OM DB (null). That is expected if this OM has never been finalized to a newer layout version.
om_1        | 2021-08-30 01:03:54,635 [Thread[Thread-15,5,main]] INFO security.OzoneDelegationTokenSecretManager: Starting expired delegation token remover thread, tokenRemoverScanInterval=60 min(s)
om_1        | 2021-08-30 01:03:54,746 [Listener at om/9862] INFO http.BaseHttpServer: Starting Web-server for ozoneManager at: http://0.0.0.0:9874
datanode_1  | 	at java.base/java.util.stream.AbstractPipeline.evaluate(AbstractPipeline.java:234)
datanode_1  | 	at java.base/java.util.stream.ReferencePipeline.forEach(ReferencePipeline.java:497)
datanode_1  | 	at org.apache.hadoop.ozone.container.common.statemachine.commandhandler.CreatePipelineCommandHandler.handle(CreatePipelineCommandHandler.java:95)
recon_1     | 2021-08-30 01:03:46,134 [EventQueue-PipelineReportForReconPipelineReportHandler] INFO scm.ReconPipelineReportHandler: Adding new pipeline Pipeline[ Id: 731bbd23-d014-450a-b6f8-27d4024d6d05, Nodes: 21f626d2-593a-4098-a01d-0cd0f5ada306{ip: 172.18.0.5, host: ozonesecure_datanode_3.ozonesecure_default, ports: [REPLICATION=9886, RATIS=9858, RATIS_ADMIN=9857, RATIS_SERVER=9856, STANDALONE=9859], networkLocation: /default-rack, certSerialId: null, persistedOpState: IN_SERVICE, persistedOpStateExpiryEpochSec: 0}d0a3a434-5788-4537-a0f1-c43312418ce1{ip: 172.18.0.4, host: ozonesecure_datanode_1.ozonesecure_default, ports: [REPLICATION=9886, RATIS=9858, RATIS_ADMIN=9857, RATIS_SERVER=9856, STANDALONE=9859], networkLocation: /default-rack, certSerialId: null, persistedOpState: IN_SERVICE, persistedOpStateExpiryEpochSec: 0}ab0198a7-e7b0-4320-93f2-9336459ea8f2{ip: 172.18.0.7, host: ozonesecure_datanode_2.ozonesecure_default, ports: [REPLICATION=9886, RATIS=9858, RATIS_ADMIN=9857, RATIS_SERVER=9856, STANDALONE=9859], networkLocation: /default-rack, certSerialId: null, persistedOpState: IN_SERVICE, persistedOpStateExpiryEpochSec: 0}, ReplicationConfig: RATIS/THREE, State:ALLOCATED, leaderId:, CreationTimestamp2021-08-30T01:03:43.148Z[UTC]] to Recon pipeline metadata.
recon_1     | 2021-08-30 01:03:46,135 [EventQueue-PipelineReportForReconPipelineReportHandler] INFO pipeline.PipelineStateManager: Created pipeline Pipeline[ Id: 731bbd23-d014-450a-b6f8-27d4024d6d05, Nodes: 21f626d2-593a-4098-a01d-0cd0f5ada306{ip: 172.18.0.5, host: ozonesecure_datanode_3.ozonesecure_default, ports: [REPLICATION=9886, RATIS=9858, RATIS_ADMIN=9857, RATIS_SERVER=9856, STANDALONE=9859], networkLocation: /default-rack, certSerialId: null, persistedOpState: IN_SERVICE, persistedOpStateExpiryEpochSec: 0}d0a3a434-5788-4537-a0f1-c43312418ce1{ip: 172.18.0.4, host: ozonesecure_datanode_1.ozonesecure_default, ports: [REPLICATION=9886, RATIS=9858, RATIS_ADMIN=9857, RATIS_SERVER=9856, STANDALONE=9859], networkLocation: /default-rack, certSerialId: null, persistedOpState: IN_SERVICE, persistedOpStateExpiryEpochSec: 0}ab0198a7-e7b0-4320-93f2-9336459ea8f2{ip: 172.18.0.7, host: ozonesecure_datanode_2.ozonesecure_default, ports: [REPLICATION=9886, RATIS=9858, RATIS_ADMIN=9857, RATIS_SERVER=9856, STANDALONE=9859], networkLocation: /default-rack, certSerialId: null, persistedOpState: IN_SERVICE, persistedOpStateExpiryEpochSec: 0}, ReplicationConfig: RATIS/THREE, State:ALLOCATED, leaderId:, CreationTimestamp2021-08-30T01:03:43.148Z[UTC]].
datanode_2  | 	at java.base/java.util.stream.ForEachOps$ForEachOp$OfRef.evaluateSequential(ForEachOps.java:173)
om_1        | 2021-08-30 01:03:54,746 [Listener at om/9862] INFO http.BaseHttpServer: Hadoop Security Enabled: true Ozone Security Enabled: true Ozone HTTP Security Enabled: true 
datanode_3  | 	at org.apache.hadoop.ozone.container.common.statemachine.commandhandler.CommandDispatcher.handle(CommandDispatcher.java:99)
datanode_3  | 	at org.apache.hadoop.ozone.container.common.statemachine.DatanodeStateMachine.lambda$initCommandHandlerThread$2(DatanodeStateMachine.java:556)
scm_1       | 2021-08-30 01:03:11,998 [main] WARN server.ServerUtils: ozone.scm.dead.node.interval value = 45000 is smaller than min = 180000 based on the key value of ozone.scm.stale.node.interval, reset to the min value 180000.
scm_1       | 2021-08-30 01:03:12,011 [main] INFO node.SCMNodeManager: Entering startup safe mode.
scm_1       | 2021-08-30 01:03:12,030 [main] INFO algorithms.ContainerPlacementPolicyFactory: Create container placement policy of type org.apache.hadoop.hdds.scm.container.placement.algorithms.SCMContainerPlacementRandom
scm_1       | 2021-08-30 01:03:12,044 [main] INFO pipeline.PipelineStateManager: No pipeline exists in current db
datanode_1  | 	at org.apache.hadoop.ozone.container.common.statemachine.commandhandler.CommandDispatcher.handle(CommandDispatcher.java:99)
datanode_1  | 	at org.apache.hadoop.ozone.container.common.statemachine.DatanodeStateMachine.lambda$initCommandHandlerThread$2(DatanodeStateMachine.java:556)
datanode_1  | 	at java.base/java.lang.Thread.run(Thread.java:834)
recon_1     | 2021-08-30 01:03:46,136 [EventQueue-PipelineReportForReconPipelineReportHandler] INFO ha.SCMHAInvocationHandler: Invoking method public abstract void org.apache.hadoop.hdds.scm.pipeline.StateManager.addPipeline(org.apache.hadoop.hdds.protocol.proto.HddsProtos$Pipeline) throws java.io.IOException on target org.apache.hadoop.hdds.scm.ha.MockSCMHAManager$MockRatisServer@a22ac8b, cost 974.531us
recon_1     | 2021-08-30 01:03:46,136 [EventQueue-PipelineReportForReconPipelineReportHandler] INFO scm.ReconPipelineReportHandler: Pipeline RATIS/THREE PipelineID=731bbd23-d014-450a-b6f8-27d4024d6d05 reported by 21f626d2-593a-4098-a01d-0cd0f5ada306{ip: 172.18.0.5, host: ozonesecure_datanode_3.ozonesecure_default, ports: [REPLICATION=9886, RATIS=9858, RATIS_ADMIN=9857, RATIS_SERVER=9856, STANDALONE=9859], networkLocation: /default-rack, certSerialId: 583024582622, persistedOpState: null, persistedOpStateExpiryEpochSec: 0}
recon_1     | 2021-08-30 01:03:46,190 [IPC Server handler 61 on default port 9891] INFO scm.ReconNodeManager: Updating nodeDB for ozonesecure_datanode_1.ozonesecure_default
recon_1     | 2021-08-30 01:03:46,192 [EventQueue-PipelineReportForReconPipelineReportHandler] INFO scm.ReconPipelineReportHandler: Unknown pipeline PipelineID=cf0c1e28-2a39-43d0-a494-e86d631c68f7. Trying to get from SCM.
recon_1     | 2021-08-30 01:03:46,196 [EventQueue-PipelineReportForReconPipelineReportHandler] INFO scm.ReconPipelineReportHandler: Adding new pipeline Pipeline[ Id: cf0c1e28-2a39-43d0-a494-e86d631c68f7, Nodes: d0a3a434-5788-4537-a0f1-c43312418ce1{ip: 172.18.0.4, host: ozonesecure_datanode_1.ozonesecure_default, ports: [REPLICATION=9886, RATIS=9858, RATIS_ADMIN=9857, RATIS_SERVER=9856, STANDALONE=9859], networkLocation: /default-rack, certSerialId: null, persistedOpState: IN_SERVICE, persistedOpStateExpiryEpochSec: 0}, ReplicationConfig: RATIS/ONE, State:ALLOCATED, leaderId:, CreationTimestamp2021-08-30T01:03:43.008Z[UTC]] to Recon pipeline metadata.
datanode_3  | 	at java.base/java.lang.Thread.run(Thread.java:834)
om_1        | 2021-08-30 01:03:54,746 [Listener at om/9862] INFO http.BaseHttpServer: HttpAuthType: ozone.om.http.auth.type = kerberos
om_1        | 2021-08-30 01:03:54,774 [Listener at om/9862] INFO util.log: Logging initialized @30011ms to org.eclipse.jetty.util.log.Slf4jLog
om_1        | 2021-08-30 01:03:54,964 [Listener at om/9862] INFO http.HttpRequestLog: Http request log for http.requests.ozoneManager is not defined
datanode_1  | Caused by: org.apache.ratis.thirdparty.io.grpc.StatusRuntimeException: UNAVAILABLE: Network closed for unknown reason
datanode_1  | 	at org.apache.ratis.thirdparty.io.grpc.stub.ClientCalls.toStatusRuntimeException(ClientCalls.java:262)
datanode_1  | 	at org.apache.ratis.thirdparty.io.grpc.stub.ClientCalls.getUnchecked(ClientCalls.java:243)
datanode_1  | 	at org.apache.ratis.thirdparty.io.grpc.stub.ClientCalls.blockingUnaryCall(ClientCalls.java:156)
datanode_1  | 	at org.apache.ratis.proto.grpc.AdminProtocolServiceGrpc$AdminProtocolServiceBlockingStub.groupManagement(AdminProtocolServiceGrpc.java:413)
datanode_1  | 	at org.apache.ratis.grpc.client.GrpcClientProtocolClient.lambda$groupAdd$5(GrpcClientProtocolClient.java:181)
datanode_1  | 	at org.apache.ratis.grpc.client.GrpcClientProtocolClient.blockingCall(GrpcClientProtocolClient.java:216)
datanode_1  | 	... 18 more
datanode_3  | Caused by: org.apache.ratis.thirdparty.io.grpc.StatusRuntimeException: UNAVAILABLE: Network closed for unknown reason
datanode_3  | 	at org.apache.ratis.thirdparty.io.grpc.stub.ClientCalls.toStatusRuntimeException(ClientCalls.java:262)
datanode_3  | 	at org.apache.ratis.thirdparty.io.grpc.stub.ClientCalls.getUnchecked(ClientCalls.java:243)
datanode_3  | 	at org.apache.ratis.thirdparty.io.grpc.stub.ClientCalls.blockingUnaryCall(ClientCalls.java:156)
datanode_2  | 	at java.base/java.util.stream.AbstractPipeline.evaluate(AbstractPipeline.java:234)
datanode_2  | 	at java.base/java.util.stream.ReferencePipeline.forEach(ReferencePipeline.java:497)
datanode_2  | 	at org.apache.hadoop.ozone.container.common.statemachine.commandhandler.CreatePipelineCommandHandler.handle(CreatePipelineCommandHandler.java:95)
datanode_2  | 	at org.apache.hadoop.ozone.container.common.statemachine.commandhandler.CommandDispatcher.handle(CommandDispatcher.java:99)
datanode_2  | 	at org.apache.hadoop.ozone.container.common.statemachine.DatanodeStateMachine.lambda$initCommandHandlerThread$2(DatanodeStateMachine.java:556)
scm_1       | 2021-08-30 01:03:12,104 [main] INFO algorithms.LeaderChoosePolicyFactory: Create leader choose policy of type org.apache.hadoop.hdds.scm.pipeline.leader.choose.algorithms.MinLeaderCountChoosePolicy
scm_1       | 2021-08-30 01:03:12,113 [main] INFO ha.SCMServiceManager: Registering service BackgroundPipelineCreator.
scm_1       | 2021-08-30 01:03:12,113 [main] INFO pipeline.BackgroundPipelineCreator: Starting RatisPipelineUtilsThread.
scm_1       | 2021-08-30 01:03:12,163 [main] INFO algorithms.PipelineChoosePolicyFactory: Create pipeline choose policy of type org.apache.hadoop.hdds.scm.pipeline.choose.algorithms.RandomPipelineChoosePolicy
scm_1       | 2021-08-30 01:03:12,186 [main] INFO ha.SCMServiceManager: Registering service SCMBlockDeletingService.
scm_1       | 2021-08-30 01:03:12,224 [main] INFO ha.SCMServiceManager: Registering service ReplicationManager.
scm_1       | 2021-08-30 01:03:12,228 [main] INFO container.ReplicationManager: Starting Replication Monitor Thread.
scm_1       | 2021-08-30 01:03:12,243 [ReplicationMonitor] INFO container.ReplicationManager: Replication Monitor Thread took 3 milliseconds for processing 0 containers.
scm_1       | 2021-08-30 01:03:12,255 [main] INFO safemode.ContainerSafeModeRule: containers with one replica threshold count 0
scm_1       | 2021-08-30 01:03:12,260 [main] INFO safemode.HealthyPipelineSafeModeRule: Total pipeline count is 0, healthy pipeline threshold count is 1
scm_1       | 2021-08-30 01:03:12,263 [main] INFO safemode.OneReplicaPipelineSafeModeRule: Total pipeline count is 0, pipeline's with at least one datanode reported threshold count is 0
scm_1       | 2021-08-30 01:03:12,292 [main] INFO authority.DefaultCAServer: CertificateServer validation is successful
scm_1       | 2021-08-30 01:03:12,332 [main] INFO authority.DefaultCAServer: CertificateServer validation is successful
scm_1       | 2021-08-30 01:03:12,333 [main] INFO server.StorageContainerManager: Storing sub-ca certificate serialId 571693182296 on primary SCM
scm_1       | 2021-08-30 01:03:12,343 [main] INFO server.StorageContainerManager: Storing root certificate serialId 1
scm_1       | 2021-08-30 01:03:12,384 [main] INFO ipc.CallQueueManager: Using callQueue: class java.util.concurrent.LinkedBlockingQueue, queueCapacity: 200, scheduler: class org.apache.hadoop.ipc.DefaultRpcScheduler, ipcBackoff: false.
scm_1       | 2021-08-30 01:03:12,428 [Socket Reader #1 for port 9961] INFO ipc.Server: Starting Socket Reader #1 for port 9961
scm_1       | 2021-08-30 01:03:13,489 [Listener at 0.0.0.0/9961] INFO ipc.CallQueueManager: Using callQueue: class java.util.concurrent.LinkedBlockingQueue, queueCapacity: 10000, scheduler: class org.apache.hadoop.ipc.DefaultRpcScheduler, ipcBackoff: false.
scm_1       | 2021-08-30 01:03:13,491 [Socket Reader #1 for port 9861] INFO ipc.Server: Starting Socket Reader #1 for port 9861
scm_1       | 2021-08-30 01:03:13,518 [Listener at 0.0.0.0/9861] INFO ipc.CallQueueManager: Using callQueue: class java.util.concurrent.LinkedBlockingQueue, queueCapacity: 10000, scheduler: class org.apache.hadoop.ipc.DefaultRpcScheduler, ipcBackoff: false.
recon_1     | 2021-08-30 01:03:46,196 [EventQueue-PipelineReportForReconPipelineReportHandler] INFO pipeline.PipelineStateManager: Created pipeline Pipeline[ Id: cf0c1e28-2a39-43d0-a494-e86d631c68f7, Nodes: d0a3a434-5788-4537-a0f1-c43312418ce1{ip: 172.18.0.4, host: ozonesecure_datanode_1.ozonesecure_default, ports: [REPLICATION=9886, RATIS=9858, RATIS_ADMIN=9857, RATIS_SERVER=9856, STANDALONE=9859], networkLocation: /default-rack, certSerialId: null, persistedOpState: IN_SERVICE, persistedOpStateExpiryEpochSec: 0}, ReplicationConfig: RATIS/ONE, State:ALLOCATED, leaderId:, CreationTimestamp2021-08-30T01:03:43.008Z[UTC]].
recon_1     | 2021-08-30 01:03:46,197 [EventQueue-PipelineReportForReconPipelineReportHandler] INFO ha.SCMHAInvocationHandler: Invoking method public abstract void org.apache.hadoop.hdds.scm.pipeline.StateManager.addPipeline(org.apache.hadoop.hdds.protocol.proto.HddsProtos$Pipeline) throws java.io.IOException on target org.apache.hadoop.hdds.scm.ha.MockSCMHAManager$MockRatisServer@a22ac8b, cost 669.621us
recon_1     | 2021-08-30 01:03:46,197 [EventQueue-PipelineReportForReconPipelineReportHandler] INFO scm.ReconPipelineReportHandler: Pipeline RATIS/ONE PipelineID=cf0c1e28-2a39-43d0-a494-e86d631c68f7 reported by d0a3a434-5788-4537-a0f1-c43312418ce1{ip: 172.18.0.4, host: ozonesecure_datanode_1.ozonesecure_default, ports: [REPLICATION=9886, RATIS=9858, RATIS_ADMIN=9857, RATIS_SERVER=9856, STANDALONE=9859], networkLocation: /default-rack, certSerialId: 582712361320, persistedOpState: null, persistedOpStateExpiryEpochSec: 0}
recon_1     | 2021-08-30 01:03:46,197 [EventQueue-PipelineReportForReconPipelineReportHandler] INFO pipeline.PipelineManagerImpl: Pipeline Pipeline[ Id: cf0c1e28-2a39-43d0-a494-e86d631c68f7, Nodes: d0a3a434-5788-4537-a0f1-c43312418ce1{ip: 172.18.0.4, host: ozonesecure_datanode_1.ozonesecure_default, ports: [REPLICATION=9886, RATIS=9858, RATIS_ADMIN=9857, RATIS_SERVER=9856, STANDALONE=9859], networkLocation: /default-rack, certSerialId: null, persistedOpState: IN_SERVICE, persistedOpStateExpiryEpochSec: 0}, ReplicationConfig: RATIS/ONE, State:ALLOCATED, leaderId:d0a3a434-5788-4537-a0f1-c43312418ce1, CreationTimestamp2021-08-30T01:03:43.008Z[UTC]] moved to OPEN state
recon_1     | 2021-08-30 01:03:46,197 [EventQueue-PipelineReportForReconPipelineReportHandler] INFO ha.SCMHAInvocationHandler: Invoking method public abstract void org.apache.hadoop.hdds.scm.pipeline.StateManager.updatePipelineState(org.apache.hadoop.hdds.protocol.proto.HddsProtos$PipelineID,org.apache.hadoop.hdds.protocol.proto.HddsProtos$PipelineState) throws java.io.IOException on target org.apache.hadoop.hdds.scm.ha.MockSCMHAManager$MockRatisServer@a22ac8b, cost 387.912us
recon_1     | 2021-08-30 01:03:46,774 [EventQueue-PipelineReportForReconPipelineReportHandler] INFO scm.ReconPipelineReportHandler: Pipeline RATIS/THREE PipelineID=731bbd23-d014-450a-b6f8-27d4024d6d05 reported by d0a3a434-5788-4537-a0f1-c43312418ce1{ip: 172.18.0.4, host: ozonesecure_datanode_1.ozonesecure_default, ports: [REPLICATION=9886, RATIS=9858, RATIS_ADMIN=9857, RATIS_SERVER=9856, STANDALONE=9859], networkLocation: /default-rack, certSerialId: 582712361320, persistedOpState: null, persistedOpStateExpiryEpochSec: 0}
recon_1     | 2021-08-30 01:03:50,994 [pool-18-thread-1] INFO retry.RetryInvocationHandler: com.google.protobuf.ServiceException: java.net.ConnectException: Call From recon/172.18.0.6 to om:9862 failed on connection exception: java.net.ConnectException: Connection refused; For more details see:  http://wiki.apache.org/hadoop/ConnectionRefused, while invoking $Proxy40.submitRequest over nodeId=null,nodeAddress=om:9862 after 4 failover attempts. Trying to failover after sleeping for 10000ms.
recon_1     | 2021-08-30 01:03:51,047 [EventQueue-PipelineReportForReconPipelineReportHandler] INFO scm.ReconPipelineReportHandler: Pipeline RATIS/THREE PipelineID=731bbd23-d014-450a-b6f8-27d4024d6d05 reported by 21f626d2-593a-4098-a01d-0cd0f5ada306{ip: 172.18.0.5, host: ozonesecure_datanode_3.ozonesecure_default, ports: [REPLICATION=9886, RATIS=9858, RATIS_ADMIN=9857, RATIS_SERVER=9856, STANDALONE=9859], networkLocation: /default-rack, certSerialId: 583024582622, persistedOpState: null, persistedOpStateExpiryEpochSec: 0}
recon_1     | 2021-08-30 01:03:51,735 [EventQueue-PipelineReportForReconPipelineReportHandler] INFO scm.ReconPipelineReportHandler: Pipeline RATIS/THREE PipelineID=731bbd23-d014-450a-b6f8-27d4024d6d05 reported by d0a3a434-5788-4537-a0f1-c43312418ce1{ip: 172.18.0.4, host: ozonesecure_datanode_1.ozonesecure_default, ports: [REPLICATION=9886, RATIS=9858, RATIS_ADMIN=9857, RATIS_SERVER=9856, STANDALONE=9859], networkLocation: /default-rack, certSerialId: 582712361320, persistedOpState: null, persistedOpStateExpiryEpochSec: 0}
recon_1     | 2021-08-30 01:03:58,445 [EventQueue-PipelineReportForReconPipelineReportHandler] INFO scm.ReconPipelineReportHandler: Pipeline RATIS/THREE PipelineID=731bbd23-d014-450a-b6f8-27d4024d6d05 reported by 21f626d2-593a-4098-a01d-0cd0f5ada306{ip: 172.18.0.5, host: ozonesecure_datanode_3.ozonesecure_default, ports: [REPLICATION=9886, RATIS=9858, RATIS_ADMIN=9857, RATIS_SERVER=9856, STANDALONE=9859], networkLocation: /default-rack, certSerialId: 583024582622, persistedOpState: null, persistedOpStateExpiryEpochSec: 0}
om_1        | 2021-08-30 01:03:54,982 [Listener at om/9862] INFO http.HttpServer2: Added global filter 'safety' (class=org.apache.hadoop.hdds.server.http.HttpServer2$QuotingInputFilter)
om_1        | 2021-08-30 01:03:54,987 [Listener at om/9862] INFO http.HttpServer2: Added filter authentication (class=org.apache.hadoop.security.authentication.server.AuthenticationFilter) to context ozoneManager
om_1        | 2021-08-30 01:03:54,987 [Listener at om/9862] INFO http.HttpServer2: Added filter authentication (class=org.apache.hadoop.security.authentication.server.AuthenticationFilter) to context static
om_1        | 2021-08-30 01:03:54,987 [Listener at om/9862] INFO http.HttpServer2: Added filter authentication (class=org.apache.hadoop.security.authentication.server.AuthenticationFilter) to context logs
om_1        | 2021-08-30 01:03:54,995 [Listener at om/9862] INFO http.HttpServer2: Initialize spnego with host: 0.0.0.0 userKey: ozone.om.http.auth.kerberos.principal keytabKey: ozone.om.http.auth.kerberos.keytab
om_1        | 2021-08-30 01:03:55,080 [Listener at om/9862] INFO http.HttpServer2: Jetty bound to port 9874
om_1        | 2021-08-30 01:03:55,086 [Listener at om/9862] INFO server.Server: jetty-9.4.43.v20210629; built: 2021-06-30T11:07:22.254Z; git: 526006ecfa3af7f1a27ef3a288e2bef7ea9dd7e8; jvm 11.0.10+9-LTS
datanode_3  | 	at org.apache.ratis.proto.grpc.AdminProtocolServiceGrpc$AdminProtocolServiceBlockingStub.groupManagement(AdminProtocolServiceGrpc.java:413)
datanode_3  | 	at org.apache.ratis.grpc.client.GrpcClientProtocolClient.lambda$groupAdd$5(GrpcClientProtocolClient.java:181)
datanode_3  | 	at org.apache.ratis.grpc.client.GrpcClientProtocolClient.blockingCall(GrpcClientProtocolClient.java:216)
datanode_2  | 	at java.base/java.lang.Thread.run(Thread.java:834)
datanode_2  | Caused by: org.apache.ratis.thirdparty.io.grpc.StatusRuntimeException: UNAVAILABLE: Network closed for unknown reason
datanode_2  | 	at org.apache.ratis.thirdparty.io.grpc.stub.ClientCalls.toStatusRuntimeException(ClientCalls.java:262)
datanode_2  | 	at org.apache.ratis.thirdparty.io.grpc.stub.ClientCalls.getUnchecked(ClientCalls.java:243)
datanode_2  | 	at org.apache.ratis.thirdparty.io.grpc.stub.ClientCalls.blockingUnaryCall(ClientCalls.java:156)
datanode_2  | 	at org.apache.ratis.proto.grpc.AdminProtocolServiceGrpc$AdminProtocolServiceBlockingStub.groupManagement(AdminProtocolServiceGrpc.java:413)
datanode_1  | 2021-08-30 01:03:49,638 [Command processor thread] INFO commandhandler.CreatePipelineCommandHandler: Created Pipeline RATIS THREE PipelineID=731bbd23-d014-450a-b6f8-27d4024d6d05.
datanode_1  | 2021-08-30 01:03:51,710 [d0a3a434-5788-4537-a0f1-c43312418ce1@group-E86D631C68F7-FollowerState] INFO impl.FollowerState: d0a3a434-5788-4537-a0f1-c43312418ce1@group-E86D631C68F7-FollowerState: change to CANDIDATE, lastRpcElapsedTime:5074380406ns, electionTimeout:5044ms
datanode_1  | 2021-08-30 01:03:51,710 [d0a3a434-5788-4537-a0f1-c43312418ce1@group-E86D631C68F7-FollowerState] INFO impl.RoleInfo: d0a3a434-5788-4537-a0f1-c43312418ce1: shutdown d0a3a434-5788-4537-a0f1-c43312418ce1@group-E86D631C68F7-FollowerState
datanode_1  | 2021-08-30 01:03:51,710 [d0a3a434-5788-4537-a0f1-c43312418ce1@group-E86D631C68F7-FollowerState] INFO server.RaftServer$Division: d0a3a434-5788-4537-a0f1-c43312418ce1@group-E86D631C68F7: changes role from  FOLLOWER to CANDIDATE at term 0 for changeToCandidate
datanode_3  | 	... 18 more
datanode_3  | 2021-08-30 01:03:49,643 [Command processor thread] INFO commandhandler.CreatePipelineCommandHandler: Created Pipeline RATIS THREE PipelineID=731bbd23-d014-450a-b6f8-27d4024d6d05.
datanode_3  | 2021-08-30 01:03:51,011 [21f626d2-593a-4098-a01d-0cd0f5ada306@group-A2536E69CF36-FollowerState] INFO impl.FollowerState: 21f626d2-593a-4098-a01d-0cd0f5ada306@group-A2536E69CF36-FollowerState: change to CANDIDATE, lastRpcElapsedTime:5185571542ns, electionTimeout:5150ms
datanode_3  | 2021-08-30 01:03:51,011 [21f626d2-593a-4098-a01d-0cd0f5ada306@group-A2536E69CF36-FollowerState] INFO impl.RoleInfo: 21f626d2-593a-4098-a01d-0cd0f5ada306: shutdown 21f626d2-593a-4098-a01d-0cd0f5ada306@group-A2536E69CF36-FollowerState
datanode_3  | 2021-08-30 01:03:51,012 [21f626d2-593a-4098-a01d-0cd0f5ada306@group-A2536E69CF36-FollowerState] INFO server.RaftServer$Division: 21f626d2-593a-4098-a01d-0cd0f5ada306@group-A2536E69CF36: changes role from  FOLLOWER to CANDIDATE at term 0 for changeToCandidate
om_1        | 2021-08-30 01:03:55,255 [Listener at om/9862] INFO server.session: DefaultSessionIdManager workerName=node0
om_1        | 2021-08-30 01:03:55,255 [Listener at om/9862] INFO server.session: No SessionScavenger set, using defaults
om_1        | 2021-08-30 01:03:55,257 [Listener at om/9862] INFO server.session: node0 Scavenging every 660000ms
om_1        | 2021-08-30 01:03:55,290 [Listener at om/9862] INFO server.KerberosAuthenticationHandler: Using keytab /etc/security/keytabs/om.keytab, for principal HTTP/om@EXAMPLE.COM
om_1        | 2021-08-30 01:03:55,292 [Listener at om/9862] INFO handler.ContextHandler: Started o.e.j.s.ServletContextHandler@71d92487{logs,/logs,file:///var/log/hadoop/,AVAILABLE}
om_1        | 2021-08-30 01:03:55,296 [Listener at om/9862] INFO handler.ContextHandler: Started o.e.j.s.ServletContextHandler@143abb21{static,/static,jar:file:/opt/hadoop/share/ozone/lib/ozone-manager-1.2.0-SNAPSHOT.jar!/webapps/static,AVAILABLE}
om_1        | 2021-08-30 01:03:55,466 [Listener at om/9862] INFO server.KerberosAuthenticationHandler: Using keytab /etc/security/keytabs/om.keytab, for principal HTTP/om@EXAMPLE.COM
om_1        | 2021-08-30 01:03:55,491 [Listener at om/9862] INFO handler.ContextHandler: Started o.e.j.w.WebAppContext@7c5dbca5{ozoneManager,/,file:///tmp/jetty-0_0_0_0-9874-ozone-manager-1_2_0-SNAPSHOT_jar-_-any-3894045260719637642/webapp/,AVAILABLE}{jar:file:/opt/hadoop/share/ozone/lib/ozone-manager-1.2.0-SNAPSHOT.jar!/webapps/ozoneManager}
om_1        | 2021-08-30 01:03:55,509 [Listener at om/9862] INFO server.AbstractConnector: Started ServerConnector@23043ba{HTTP/1.1, (http/1.1)}{0.0.0.0:9874}
om_1        | 2021-08-30 01:03:55,509 [Listener at om/9862] INFO server.Server: Started @30746ms
om_1        | 2021-08-30 01:03:55,511 [Listener at om/9862] INFO impl.MetricsSinkAdapter: Sink prometheus started
om_1        | 2021-08-30 01:03:55,511 [Listener at om/9862] INFO impl.MetricsSystemImpl: Registered sink prometheus
om_1        | 2021-08-30 01:03:55,516 [Listener at om/9862] INFO http.BaseHttpServer: HTTP server of ozoneManager listening at http://0.0.0.0:9874
om_1        | 2021-08-30 01:03:55,525 [IPC Server listener on 9862] INFO ipc.Server: IPC Server listener on 9862: starting
om_1        | 2021-08-30 01:03:55,535 [IPC Server Responder] INFO ipc.Server: IPC Server Responder: starting
om_1        | 2021-08-30 01:03:55,790 [Listener at om/9862] INFO om.TrashPolicyOzone: The configured checkpoint interval is 0 minutes. Using an interval of 1 minutes that is used for deletion instead
om_1        | 2021-08-30 01:03:55,792 [Listener at om/9862] INFO om.TrashPolicyOzone: Ozone Manager trash configuration: Deletion interval = 1 minutes, Emptier interval = 1 minutes.
om_1        | 2021-08-30 01:03:55,815 [org.apache.hadoop.util.JvmPauseMonitor$Monitor@255845b1] INFO util.JvmPauseMonitor: Starting JVM pause monitor
om_1        | 2021-08-30 01:03:59,571 [om1@group-C5BA1605619E-FollowerState] INFO impl.FollowerState: om1@group-C5BA1605619E-FollowerState: change to CANDIDATE, lastRpcElapsedTime:5091230343ns, electionTimeout:5082ms
om_1        | 2021-08-30 01:03:59,572 [om1@group-C5BA1605619E-FollowerState] INFO impl.RoleInfo: om1: shutdown om1@group-C5BA1605619E-FollowerState
om_1        | 2021-08-30 01:03:59,573 [om1@group-C5BA1605619E-FollowerState] INFO server.RaftServer$Division: om1@group-C5BA1605619E: changes role from  FOLLOWER to CANDIDATE at term 0 for changeToCandidate
om_1        | 2021-08-30 01:03:59,575 [om1@group-C5BA1605619E-FollowerState] INFO server.RaftServerConfigKeys: raft.server.leaderelection.pre-vote = false (custom)
om_1        | 2021-08-30 01:03:59,575 [om1@group-C5BA1605619E-FollowerState] INFO impl.RoleInfo: om1: start om1@group-C5BA1605619E-LeaderElection1
om_1        | 2021-08-30 01:03:59,583 [om1@group-C5BA1605619E-LeaderElection1] INFO impl.LeaderElection: om1@group-C5BA1605619E-LeaderElection1 ELECTION round 0: submit vote requests at term 1 for -1: [om1|rpc:om:9872|priority:0], old=null
om_1        | 2021-08-30 01:03:59,584 [om1@group-C5BA1605619E-LeaderElection1] INFO impl.LeaderElection: om1@group-C5BA1605619E-LeaderElection1 ELECTION round 0: result PASSED (term=1)
om_1        | 2021-08-30 01:03:59,584 [om1@group-C5BA1605619E-LeaderElection1] INFO impl.RoleInfo: om1: shutdown om1@group-C5BA1605619E-LeaderElection1
om_1        | 2021-08-30 01:03:59,585 [om1@group-C5BA1605619E-LeaderElection1] INFO server.RaftServer$Division: om1@group-C5BA1605619E: changes role from CANDIDATE to LEADER at term 1 for changeToLeader
recon_1     | 2021-08-30 01:04:03,307 [pool-18-thread-1] INFO impl.OzoneManagerServiceProviderImpl: Got new checkpoint from OM : /data/metadata/om.snapshot.db_1630285410707
datanode_2  | 	at org.apache.ratis.grpc.client.GrpcClientProtocolClient.lambda$groupAdd$5(GrpcClientProtocolClient.java:181)
datanode_2  | 	at org.apache.ratis.grpc.client.GrpcClientProtocolClient.blockingCall(GrpcClientProtocolClient.java:216)
datanode_2  | 	... 18 more
datanode_2  | 2021-08-30 01:04:14,748 [Command processor thread] WARN commandhandler.CreatePipelineCommandHandler: Add group failed for d0a3a434-5788-4537-a0f1-c43312418ce1{ip: 172.18.0.4, host: ozonesecure_datanode_1.ozonesecure_default, ports: [REPLICATION=9886, RATIS=9858, RATIS_ADMIN=9857, RATIS_SERVER=9856, STANDALONE=9859], networkLocation: /default-rack, certSerialId: null, persistedOpState: IN_SERVICE, persistedOpStateExpiryEpochSec: 0}
datanode_2  | java.io.IOException: org.apache.ratis.thirdparty.io.grpc.StatusRuntimeException: UNAVAILABLE: Network closed for unknown reason
datanode_2  | 	at org.apache.ratis.grpc.GrpcUtil.unwrapException(GrpcUtil.java:92)
datanode_2  | 	at org.apache.ratis.grpc.client.GrpcClientProtocolClient.blockingCall(GrpcClientProtocolClient.java:218)
datanode_3  | 2021-08-30 01:03:51,016 [21f626d2-593a-4098-a01d-0cd0f5ada306@group-A2536E69CF36-FollowerState] INFO server.RaftServerConfigKeys: raft.server.leaderelection.pre-vote = false (custom)
datanode_3  | 2021-08-30 01:03:51,016 [21f626d2-593a-4098-a01d-0cd0f5ada306@group-A2536E69CF36-FollowerState] INFO impl.RoleInfo: 21f626d2-593a-4098-a01d-0cd0f5ada306: start 21f626d2-593a-4098-a01d-0cd0f5ada306@group-A2536E69CF36-LeaderElection1
recon_1     | 2021-08-30 01:04:03,310 [pool-18-thread-1] INFO codec.OmKeyInfoCodec: OmKeyInfoCodec ignorePipeline = true
recon_1     | 2021-08-30 01:04:03,317 [pool-18-thread-1] INFO codec.RepeatedOmKeyInfoCodec: RepeatedOmKeyInfoCodec ignorePipeline = true
recon_1     | 2021-08-30 01:04:03,436 [pool-18-thread-1] INFO recovery.ReconOmMetadataManagerImpl: Created OM DB handle from snapshot at /data/metadata/om.snapshot.db_1630285410707.
recon_1     | 2021-08-30 01:04:03,480 [pool-18-thread-1] INFO impl.OzoneManagerServiceProviderImpl: Calling reprocess on Recon tasks.
recon_1     | 2021-08-30 01:04:03,484 [pool-19-thread-1] INFO tasks.NSSummaryTask: Completed a reprocess run of NSSummaryTask
recon_1     | 2021-08-30 01:04:03,879 [pool-19-thread-1] INFO tasks.TableCountTask: Completed a 'reprocess' run of TableCountTask.
recon_1     | 2021-08-30 01:04:03,880 [pool-19-thread-1] INFO tasks.ContainerKeyMapperTask: Starting a 'reprocess' run of ContainerKeyMapperTask.
datanode_3  | 2021-08-30 01:03:51,029 [21f626d2-593a-4098-a01d-0cd0f5ada306@group-A2536E69CF36-LeaderElection1] INFO impl.LeaderElection: 21f626d2-593a-4098-a01d-0cd0f5ada306@group-A2536E69CF36-LeaderElection1 ELECTION round 0: submit vote requests at term 1 for -1: [21f626d2-593a-4098-a01d-0cd0f5ada306|rpc:172.18.0.5:9856|admin:172.18.0.5:9857|client:172.18.0.5:9858|priority:1], old=null
datanode_3  | 2021-08-30 01:03:51,029 [21f626d2-593a-4098-a01d-0cd0f5ada306@group-A2536E69CF36-LeaderElection1] INFO impl.LeaderElection: 21f626d2-593a-4098-a01d-0cd0f5ada306@group-A2536E69CF36-LeaderElection1 ELECTION round 0: result PASSED (term=1)
datanode_3  | 2021-08-30 01:03:51,030 [21f626d2-593a-4098-a01d-0cd0f5ada306@group-A2536E69CF36-LeaderElection1] INFO impl.RoleInfo: 21f626d2-593a-4098-a01d-0cd0f5ada306: shutdown 21f626d2-593a-4098-a01d-0cd0f5ada306@group-A2536E69CF36-LeaderElection1
datanode_3  | 2021-08-30 01:03:51,030 [21f626d2-593a-4098-a01d-0cd0f5ada306@group-A2536E69CF36-LeaderElection1] INFO server.RaftServer$Division: 21f626d2-593a-4098-a01d-0cd0f5ada306@group-A2536E69CF36: changes role from CANDIDATE to LEADER at term 1 for changeToLeader
datanode_3  | 2021-08-30 01:03:51,030 [21f626d2-593a-4098-a01d-0cd0f5ada306@group-A2536E69CF36-LeaderElection1] INFO ratis.XceiverServerRatis: Leader change notification received for group: group-A2536E69CF36 with new leaderId: 21f626d2-593a-4098-a01d-0cd0f5ada306
datanode_3  | 2021-08-30 01:03:51,033 [21f626d2-593a-4098-a01d-0cd0f5ada306@group-A2536E69CF36-LeaderElection1] INFO server.RaftServer$Division: 21f626d2-593a-4098-a01d-0cd0f5ada306@group-A2536E69CF36: change Leader from null to 21f626d2-593a-4098-a01d-0cd0f5ada306 at term 1 for becomeLeader, leader elected after 5769ms
datanode_3  | 2021-08-30 01:03:51,043 [Datanode State Machine Thread - 0] WARN statemachine.StateContext: No available thread in pool for past 30 seconds.
datanode_3  | 2021-08-30 01:03:51,057 [21f626d2-593a-4098-a01d-0cd0f5ada306@group-A2536E69CF36-LeaderElection1] INFO server.RaftServerConfigKeys: raft.server.staging.catchup.gap = 1000 (default)
datanode_3  | 2021-08-30 01:03:51,070 [21f626d2-593a-4098-a01d-0cd0f5ada306@group-A2536E69CF36-LeaderElection1] INFO server.RaftServerConfigKeys: raft.server.write.element-limit = 1024 (custom)
datanode_3  | 2021-08-30 01:03:51,071 [21f626d2-593a-4098-a01d-0cd0f5ada306@group-A2536E69CF36-LeaderElection1] INFO server.RaftServerConfigKeys: raft.server.write.byte-limit = 1024 M (=1073741824) (custom)
datanode_3  | 2021-08-30 01:03:51,085 [21f626d2-593a-4098-a01d-0cd0f5ada306@group-A2536E69CF36-LeaderElection1] INFO server.RaftServerConfigKeys: raft.server.watch.timeout = 180s (custom)
datanode_3  | 2021-08-30 01:03:51,085 [21f626d2-593a-4098-a01d-0cd0f5ada306@group-A2536E69CF36-LeaderElection1] INFO server.RaftServerConfigKeys: raft.server.watch.timeout.denomination = 1s (default)
scm_1       | 2021-08-30 01:03:13,521 [Socket Reader #1 for port 9863] INFO ipc.Server: Starting Socket Reader #1 for port 9863
scm_1       | 2021-08-30 01:03:13,610 [Listener at 0.0.0.0/9863] INFO ipc.CallQueueManager: Using callQueue: class java.util.concurrent.LinkedBlockingQueue, queueCapacity: 10000, scheduler: class org.apache.hadoop.ipc.DefaultRpcScheduler, ipcBackoff: false.
scm_1       | 2021-08-30 01:03:13,611 [Socket Reader #1 for port 9860] INFO ipc.Server: Starting Socket Reader #1 for port 9860
scm_1       | 2021-08-30 01:03:13,743 [Listener at 0.0.0.0/9860] INFO algorithms.ContainerPlacementPolicyFactory: Create container placement policy of type org.apache.hadoop.hdds.scm.container.placement.algorithms.SCMContainerPlacementRandom
scm_1       | 2021-08-30 01:03:13,757 [Listener at 0.0.0.0/9860] INFO server.StorageContainerManager: 
scm_1       | Container Balancer status:
scm_1       | Key                            Value
scm_1       | Running                        false
scm_1       | Container Balancer Configuration values:
scm_1       | Key                                                Value
scm_1       | Threshold                                          0.1
scm_1       | Max Datanodes to Involve per Iteration(ratio)      0.5
scm_1       | Max Size to Move per Iteration                     10737418240B
scm_1       | 
scm_1       | 2021-08-30 01:03:13,762 [Listener at 0.0.0.0/9860] WARN events.EventQueue: No event handler registered for event TypedEvent{payloadType=SafeModeStatus, name='Safe mode status'}
scm_1       | 2021-08-30 01:03:13,762 [Listener at 0.0.0.0/9860] INFO ha.SCMContext: Update SafeModeStatus from SafeModeStatus{safeModeStatus=true, preCheckPassed=false} to SafeModeStatus{safeModeStatus=true, preCheckPassed=false}.
scm_1       | 2021-08-30 01:03:13,773 [Listener at 0.0.0.0/9860] INFO server.StorageContainerManager: StorageContainerLocationProtocol RPC server is listening at /0.0.0.0:9860
scm_1       | 2021-08-30 01:03:13,777 [Listener at 0.0.0.0/9860] INFO server.StorageContainerManager: Starting token manager
scm_1       | 2021-08-30 01:03:13,777 [Listener at 0.0.0.0/9860] INFO token.ContainerTokenSecretManager: Updating the current master key for generating tokens
scm_1       | 2021-08-30 01:03:13,858 [Listener at 0.0.0.0/9860] INFO impl.MetricsConfig: Loaded properties from hadoop-metrics2.properties
scm_1       | 2021-08-30 01:03:13,871 [Listener at 0.0.0.0/9860] INFO impl.MetricsSystemImpl: Scheduled Metric snapshot period at 10 second(s).
scm_1       | 2021-08-30 01:03:13,871 [Listener at 0.0.0.0/9860] INFO impl.MetricsSystemImpl: StorageContainerManager metrics system started
scm_1       | 2021-08-30 01:03:14,195 [Listener at 0.0.0.0/9860] INFO metrics.MetricRegistries: Loaded MetricRegistries class org.apache.ratis.metrics.impl.MetricRegistriesImpl
scm_1       | 2021-08-30 01:03:14,202 [Listener at 0.0.0.0/9860] INFO server.SCMClientProtocolServer: RPC server for Client  is listening at /0.0.0.0:9860
scm_1       | 2021-08-30 01:03:14,204 [IPC Server Responder] INFO ipc.Server: IPC Server Responder: starting
scm_1       | 2021-08-30 01:03:14,209 [IPC Server listener on 9860] INFO ipc.Server: IPC Server listener on 9860: starting
