kdc_1       | Jun 24 01:33:12 kdc krb5kdc[8](info): AS_REQ (8 etypes {18 17 20 19 16 23 25 26}) 127.0.0.1: SERVER_NOT_FOUND: admin/admin@EXAMPLE.COM for kadmin/localhost@EXAMPLE.COM, Server not found in Kerberos database
scm_1       | 2020-06-24 01:33:39,943 [Listener at 0.0.0.0/9860] INFO impl.MetricsSystemImpl: StorageContainerManager metrics system started
datanode_2  | 	at org.apache.hadoop.ozone.container.common.transport.server.GrpcXceiverService$1.onNext(GrpcXceiverService.java:57)
datanode_3  | .
recon_1     | 2020-06-24 01:33:42,670 [ContainerHealthTask] INFO fsck.ContainerHealthTask: Container Health task thread took 55 milliseconds for processing 0 containers.
om_1        | 2020-06-24 01:39:15,781 [Socket Reader #1 for port 9862] INFO ipc.Server: Auth successful for testuser/scm@EXAMPLE.COM (auth:KERBEROS)
kdc_1       | Jun 24 01:33:12 kdc krb5kdc[8](info): AS_REQ (8 etypes {18 17 20 19 16 23 25 26}) 127.0.0.1: ISSUE: authtime 1592962392, etypes {rep=18 tkt=18 ses=18}, admin/admin@EXAMPLE.COM for kadmin/admin@EXAMPLE.COM
scm_1       | 2020-06-24 01:33:40,316 [Listener at 0.0.0.0/9860] INFO server.SCMClientProtocolServer: RPC server for Client  is listening at /0.0.0.0:9860
datanode_2  | 	at org.apache.hadoop.ozone.container.common.transport.server.GrpcXceiverService$1.onNext(GrpcXceiverService.java:50)
datanode_3  | 2020-06-24 01:34:00,314 [Thread-22] INFO impl.FollowerState: 3b03a457-85b4-42b1-96c7-f09d841be0ba@group-225A10F44A77-FollowerState: change to CANDIDATE, lastRpcTime:5039ms, electionTimeout:5027ms
recon_1     | 2020-06-24 01:33:49,933 [Socket Reader #1 for port 9891] INFO ipc.Server: Auth successful for dn/46878e80222d@EXAMPLE.COM (auth:KERBEROS)
om_1        | 2020-06-24 01:39:15,791 [Socket Reader #1 for port 9862] INFO authorize.ServiceAuthorizationManager: Authorization successful for testuser/scm@EXAMPLE.COM (auth:KERBEROS) for protocol=interface org.apache.hadoop.ozone.om.protocol.OzoneManagerProtocol
kdc_1       | Jun 24 01:33:12 kdc krb5kdc[8](info): AS_REQ (8 etypes {18 17 20 19 16 23 25 26}) 127.0.0.1: SERVER_NOT_FOUND: admin/admin@EXAMPLE.COM for kadmin/localhost@EXAMPLE.COM, Server not found in Kerberos database
scm_1       | 2020-06-24 01:33:40,318 [IPC Server Responder] INFO ipc.Server: IPC Server Responder: starting
datanode_2  | 	at org.apache.ratis.thirdparty.io.grpc.stub.ServerCalls$StreamingServerCallHandler$StreamingServerCallListener.onMessage(ServerCalls.java:251)
datanode_3  | 2020-06-24 01:34:00,315 [Thread-22] INFO impl.RoleInfo: 3b03a457-85b4-42b1-96c7-f09d841be0ba: shutdown FollowerState
recon_1     | 2020-06-24 01:33:49,955 [Socket Reader #1 for port 9891] INFO authorize.ServiceAuthorizationManager: Authorization successful for dn/46878e80222d@EXAMPLE.COM (auth:KERBEROS) for protocol=interface org.apache.hadoop.ozone.protocol.ReconDatanodeProtocol
om_1        | 2020-06-24 01:39:18,049 [Socket Reader #1 for port 9862] INFO ipc.Server: Auth successful for testuser/scm@EXAMPLE.COM (auth:KERBEROS)
kdc_1       | Jun 24 01:33:12 kdc krb5kdc[8](info): AS_REQ (8 etypes {18 17 20 19 16 23 25 26}) 127.0.0.1: ISSUE: authtime 1592962392, etypes {rep=18 tkt=18 ses=18}, admin/admin@EXAMPLE.COM for kadmin/admin@EXAMPLE.COM
scm_1       | 2020-06-24 01:33:40,319 [IPC Server listener on 9860] INFO ipc.Server: IPC Server listener on 9860: starting
datanode_2  | 	at org.apache.ratis.thirdparty.io.grpc.ForwardingServerCallListener.onMessage(ForwardingServerCallListener.java:33)
datanode_3  | 2020-06-24 01:34:00,320 [Thread-22] INFO impl.RaftServerImpl: 3b03a457-85b4-42b1-96c7-f09d841be0ba@group-225A10F44A77: changes role from  FOLLOWER to CANDIDATE at term 0 for changeToCandidate
recon_1     | 2020-06-24 01:33:50,028 [Socket Reader #1 for port 9891] INFO ipc.Server: Auth successful for dn/f5f1558671df@EXAMPLE.COM (auth:KERBEROS)
om_1        | 2020-06-24 01:39:18,063 [Socket Reader #1 for port 9862] INFO authorize.ServiceAuthorizationManager: Authorization successful for testuser/scm@EXAMPLE.COM (auth:KERBEROS) for protocol=interface org.apache.hadoop.ozone.om.protocol.OzoneManagerProtocol
kdc_1       | Jun 24 01:33:12 kdc krb5kdc[8](info): AS_REQ (8 etypes {18 17 20 19 16 23 25 26}) 127.0.0.1: SERVER_NOT_FOUND: admin/admin@EXAMPLE.COM for kadmin/localhost@EXAMPLE.COM, Server not found in Kerberos database
scm_1       | 2020-06-24 01:33:40,407 [Listener at 0.0.0.0/9860] INFO server.StorageContainerManager: ScmBlockLocationProtocol RPC server is listening at /0.0.0.0:9863
datanode_2  | 	at org.apache.hadoop.hdds.tracing.GrpcServerInterceptor$1.onMessage(GrpcServerInterceptor.java:49)
datanode_3  | 2020-06-24 01:34:00,322 [Thread-22] INFO impl.RoleInfo: 3b03a457-85b4-42b1-96c7-f09d841be0ba: start LeaderElection
recon_1     | 2020-06-24 01:33:50,034 [Socket Reader #1 for port 9891] INFO authorize.ServiceAuthorizationManager: Authorization successful for dn/f5f1558671df@EXAMPLE.COM (auth:KERBEROS) for protocol=interface org.apache.hadoop.ozone.protocol.ReconDatanodeProtocol
om_1        | 2020-06-24 01:39:18,365 [IPC Server handler 9 on default port 9862] INFO volume.OMVolumeCreateRequest: created volume:09356-rpcwoport for user:testuser/scm@EXAMPLE.COM
kdc_1       | Jun 24 01:33:12 kdc krb5kdc[8](info): AS_REQ (8 etypes {18 17 20 19 16 23 25 26}) 127.0.0.1: ISSUE: authtime 1592962392, etypes {rep=18 tkt=18 ses=18}, admin/admin@EXAMPLE.COM for kadmin/admin@EXAMPLE.COM
scm_1       | 2020-06-24 01:33:40,408 [Listener at 0.0.0.0/9860] INFO server.SCMBlockProtocolServer: RPC server for Block Protocol is listening at /0.0.0.0:9863
datanode_2  | 	at org.apache.ratis.thirdparty.io.grpc.internal.ServerCallImpl$ServerStreamListenerImpl.messagesAvailableInternal(ServerCallImpl.java:309)
datanode_3  | 2020-06-24 01:34:00,342 [3b03a457-85b4-42b1-96c7-f09d841be0ba@group-225A10F44A77-LeaderElection1] INFO impl.LeaderElection: 3b03a457-85b4-42b1-96c7-f09d841be0ba@group-225A10F44A77-LeaderElection1: begin an election at term 1 for -1: [3b03a457-85b4-42b1-96c7-f09d841be0ba:172.26.0.7:9858], old=null
recon_1     | 2020-06-24 01:33:50,375 [Socket Reader #1 for port 9891] INFO ipc.Server: Auth successful for dn/a57eda5fabc8@EXAMPLE.COM (auth:KERBEROS)
om_1        | 2020-06-24 01:39:20,225 [Socket Reader #1 for port 9862] INFO ipc.Server: Auth successful for testuser/scm@EXAMPLE.COM (auth:KERBEROS)
kdc_1       | Jun 24 01:33:12 kdc krb5kdc[8](info): AS_REQ (8 etypes {18 17 20 19 16 23 25 26}) 127.0.0.1: SERVER_NOT_FOUND: admin/admin@EXAMPLE.COM for kadmin/localhost@EXAMPLE.COM, Server not found in Kerberos database
scm_1       | 2020-06-24 01:33:40,408 [IPC Server Responder] INFO ipc.Server: IPC Server Responder: starting
scm_1       | 2020-06-24 01:33:40,414 [IPC Server listener on 9863] INFO ipc.Server: IPC Server listener on 9863: starting
datanode_2  | 	at org.apache.ratis.thirdparty.io.grpc.internal.ServerCallImpl$ServerStreamListenerImpl.messagesAvailable(ServerCallImpl.java:292)
recon_1     | 2020-06-24 01:33:50,391 [Socket Reader #1 for port 9891] INFO authorize.ServiceAuthorizationManager: Authorization successful for dn/a57eda5fabc8@EXAMPLE.COM (auth:KERBEROS) for protocol=interface org.apache.hadoop.ozone.protocol.ReconDatanodeProtocol
om_1        | 2020-06-24 01:39:20,240 [Socket Reader #1 for port 9862] INFO authorize.ServiceAuthorizationManager: Authorization successful for testuser/scm@EXAMPLE.COM (auth:KERBEROS) for protocol=interface org.apache.hadoop.ozone.om.protocol.OzoneManagerProtocol
kdc_1       | Jun 24 01:33:12 kdc krb5kdc[8](info): AS_REQ (8 etypes {18 17 20 19 16 23 25 26}) 127.0.0.1: ISSUE: authtime 1592962392, etypes {rep=18 tkt=18 ses=18}, admin/admin@EXAMPLE.COM for kadmin/admin@EXAMPLE.COM
datanode_3  | 2020-06-24 01:34:00,343 [3b03a457-85b4-42b1-96c7-f09d841be0ba@group-225A10F44A77-LeaderElection1] INFO impl.RoleInfo: 3b03a457-85b4-42b1-96c7-f09d841be0ba: shutdown LeaderElection
scm_1       | 2020-06-24 01:33:40,554 [Listener at 0.0.0.0/9860] INFO server.StorageContainerManager: ScmDatanodeProtocl RPC server is listening at /0.0.0.0:9861
datanode_2  | 	at org.apache.ratis.thirdparty.io.grpc.internal.ServerImpl$JumpToApplicationThreadServerStreamListener$1MessagesAvailable.runInContext(ServerImpl.java:782)
recon_1     | 2020-06-24 01:33:51,870 [IPC Server handler 10 on default port 9891] INFO net.NetworkTopology: Added a new node: /default-rack/c4843248-ac5d-494f-b7df-a3d6dec6a3b9
om_1        | 2020-06-24 01:39:22,523 [Socket Reader #1 for port 9862] INFO ipc.Server: Auth successful for testuser/scm@EXAMPLE.COM (auth:KERBEROS)
kdc_1       | Jun 24 01:33:12 kdc krb5kdc[8](info): AS_REQ (8 etypes {18 17 20 19 16 23 25 26}) 127.0.0.1: SERVER_NOT_FOUND: admin/admin@EXAMPLE.COM for kadmin/localhost@EXAMPLE.COM, Server not found in Kerberos database
scm_1       | 2020-06-24 01:33:40,554 [Listener at 0.0.0.0/9860] INFO server.SCMDatanodeProtocolServer: RPC server for DataNodes is listening at /0.0.0.0:9861
datanode_3  | 2020-06-24 01:34:00,344 [3b03a457-85b4-42b1-96c7-f09d841be0ba@group-225A10F44A77-LeaderElection1] INFO impl.RaftServerImpl: 3b03a457-85b4-42b1-96c7-f09d841be0ba@group-225A10F44A77: changes role from CANDIDATE to LEADER at term 1 for changeToLeader
datanode_2  | 	at org.apache.ratis.thirdparty.io.grpc.internal.ContextRunnable.run(ContextRunnable.java:37)
recon_1     | 2020-06-24 01:33:51,872 [IPC Server handler 10 on default port 9891] INFO node.SCMNodeManager: Registered Data node : c4843248-ac5d-494f-b7df-a3d6dec6a3b9{ip: 172.26.0.8, host: ozonesecure_datanode_2.ozonesecure_default, networkLocation: /default-rack, certSerialId: 3043613440754}
om_1        | 2020-06-24 01:39:22,541 [Socket Reader #1 for port 9862] INFO authorize.ServiceAuthorizationManager: Authorization successful for testuser/scm@EXAMPLE.COM (auth:KERBEROS) for protocol=interface org.apache.hadoop.ozone.om.protocol.OzoneManagerProtocol
datanode_2  | 	at org.apache.ratis.thirdparty.io.grpc.internal.SerializingExecutor.run(SerializingExecutor.java:123)
om_1        | 2020-06-24 01:39:24,664 [Socket Reader #1 for port 9862] INFO ipc.Server: Auth successful for testuser/scm@EXAMPLE.COM (auth:KERBEROS)
kdc_1       | Jun 24 01:33:12 kdc krb5kdc[8](info): AS_REQ (8 etypes {18 17 20 19 16 23 25 26}) 127.0.0.1: ISSUE: authtime 1592962392, etypes {rep=18 tkt=18 ses=18}, admin/admin@EXAMPLE.COM for kadmin/admin@EXAMPLE.COM
scm_1       | 2020-06-24 01:33:40,590 [IPC Server Responder] INFO ipc.Server: IPC Server Responder: starting
datanode_3  | 2020-06-24 01:34:00,344 [3b03a457-85b4-42b1-96c7-f09d841be0ba@group-225A10F44A77-LeaderElection1] INFO ratis.XceiverServerRatis: Leader change notification received for group: group-225A10F44A77 with new leaderId: 3b03a457-85b4-42b1-96c7-f09d841be0ba
recon_1     | 2020-06-24 01:33:51,873 [EventQueue-NewNodeForReconNewNodeHandler] INFO scm.ReconNodeManager: Adding new node c4843248-ac5d-494f-b7df-a3d6dec6a3b9 to Node DB.
datanode_2  | 	at java.base/java.util.concurrent.ThreadPoolExecutor.runWorker(ThreadPoolExecutor.java:1128)
datanode_2  | 	at java.base/java.util.concurrent.ThreadPoolExecutor$Worker.run(ThreadPoolExecutor.java:628)
kdc_1       | Jun 24 01:33:12 kdc krb5kdc[8](info): AS_REQ (8 etypes {18 17 20 19 16 23 25 26}) 127.0.0.1: SERVER_NOT_FOUND: admin/admin@EXAMPLE.COM for kadmin/localhost@EXAMPLE.COM, Server not found in Kerberos database
scm_1       | 2020-06-24 01:33:40,591 [IPC Server listener on 9861] INFO ipc.Server: IPC Server listener on 9861: starting
datanode_3  | 2020-06-24 01:34:00,379 [3b03a457-85b4-42b1-96c7-f09d841be0ba@group-225A10F44A77-LeaderElection1] INFO impl.RaftServerImpl: 3b03a457-85b4-42b1-96c7-f09d841be0ba@group-225A10F44A77: change Leader from null to 3b03a457-85b4-42b1-96c7-f09d841be0ba at term 1 for becomeLeader, leader elected after 5363ms
recon_1     | 2020-06-24 01:33:51,898 [IPC Server handler 12 on default port 9891] INFO net.NetworkTopology: Added a new node: /default-rack/3b03a457-85b4-42b1-96c7-f09d841be0ba
datanode_2  | 	at java.base/java.lang.Thread.run(Thread.java:834)
om_1        | 2020-06-24 01:39:24,673 [Socket Reader #1 for port 9862] INFO authorize.ServiceAuthorizationManager: Authorization successful for testuser/scm@EXAMPLE.COM (auth:KERBEROS) for protocol=interface org.apache.hadoop.ozone.om.protocol.OzoneManagerProtocol
kdc_1       | Jun 24 01:33:12 kdc krb5kdc[8](info): AS_REQ (8 etypes {18 17 20 19 16 23 25 26}) 127.0.0.1: ISSUE: authtime 1592962392, etypes {rep=18 tkt=18 ses=18}, admin/admin@EXAMPLE.COM for kadmin/admin@EXAMPLE.COM
om_1        | 2020-06-24 01:39:26,910 [Socket Reader #1 for port 9862] INFO ipc.Server: Auth successful for testuser/scm@EXAMPLE.COM (auth:KERBEROS)
scm_1       | 2020-06-24 01:33:40,704 [Listener at 0.0.0.0/9860] INFO server.SCMSecurityProtocolServer: Starting RPC server for SCMSecurityProtocolServer. is listening at /0.0.0.0:9961
datanode_3  | 2020-06-24 01:34:00,408 [3b03a457-85b4-42b1-96c7-f09d841be0ba@group-225A10F44A77-LeaderElection1] INFO server.RaftServerConfigKeys: raft.server.staging.catchup.gap = 1000 (default)
recon_1     | 2020-06-24 01:33:51,899 [IPC Server handler 12 on default port 9891] INFO node.SCMNodeManager: Registered Data node : 3b03a457-85b4-42b1-96c7-f09d841be0ba{ip: 172.26.0.7, host: ozonesecure_datanode_3.ozonesecure_default, networkLocation: /default-rack, certSerialId: 3043760540478}
recon_1     | 2020-06-24 01:33:51,905 [EventQueue-NewNodeForReconNewNodeHandler] INFO scm.ReconNodeManager: Adding new node 3b03a457-85b4-42b1-96c7-f09d841be0ba to Node DB.
kdc_1       | Jun 24 01:33:12 kdc krb5kdc[8](info): AS_REQ (8 etypes {18 17 20 19 16 23 25 26}) 127.0.0.1: SERVER_NOT_FOUND: admin/admin@EXAMPLE.COM for kadmin/localhost@EXAMPLE.COM, Server not found in Kerberos database
om_1        | 2020-06-24 01:39:26,920 [Socket Reader #1 for port 9862] INFO authorize.ServiceAuthorizationManager: Authorization successful for testuser/scm@EXAMPLE.COM (auth:KERBEROS) for protocol=interface org.apache.hadoop.ozone.om.protocol.OzoneManagerProtocol
scm_1       | 2020-06-24 01:33:40,725 [IPC Server Responder] INFO ipc.Server: IPC Server Responder: starting
datanode_3  | 2020-06-24 01:34:00,413 [3b03a457-85b4-42b1-96c7-f09d841be0ba@group-225A10F44A77-LeaderElection1] INFO server.RaftServerConfigKeys: raft.server.rpc.sleep.time = 25ms (default)
recon_1     | 2020-06-24 01:33:52,314 [IPC Server handler 99 on default port 9891] INFO net.NetworkTopology: Added a new node: /default-rack/fb87b04d-0b6a-4694-aa77-edaf1c02770b
datanode_2  | 2020-06-24 01:39:11,794 [grpc-default-executor-0] INFO keyvalue.KeyValueHandler: Operation: GetBlock , Trace ID:  , Message: Unable to find the block with bcsID 182 .Container 1 bcsId is 126. , Result: UNKNOWN_BCSID , StorageContainerException Occurred.
kdc_1       | Jun 24 01:33:12 kdc krb5kdc[8](info): AS_REQ (8 etypes {18 17 20 19 16 23 25 26}) 127.0.0.1: ISSUE: authtime 1592962392, etypes {rep=18 tkt=18 ses=18}, admin/admin@EXAMPLE.COM for kadmin/admin@EXAMPLE.COM
om_1        | 2020-06-24 01:39:27,101 [Socket Reader #1 for port 9862] INFO ipc.Server: Auth successful for testuser/scm@EXAMPLE.COM (auth:KERBEROS)
scm_1       | 2020-06-24 01:33:40,729 [IPC Server listener on 9961] INFO ipc.Server: IPC Server listener on 9961: starting
datanode_3  | 2020-06-24 01:34:00,417 [3b03a457-85b4-42b1-96c7-f09d841be0ba@group-225A10F44A77-LeaderElection1] INFO metrics.RatisMetrics: Creating Metrics Registry : ratis.log_appender.3b03a457-85b4-42b1-96c7-f09d841be0ba@group-225A10F44A77
recon_1     | 2020-06-24 01:33:52,314 [IPC Server handler 99 on default port 9891] INFO node.SCMNodeManager: Registered Data node : fb87b04d-0b6a-4694-aa77-edaf1c02770b{ip: 172.26.0.4, host: ozonesecure_datanode_1.ozonesecure_default, networkLocation: /default-rack, certSerialId: 3043611168127}
datanode_2  | org.apache.hadoop.hdds.scm.container.common.helpers.StorageContainerException: Unable to find the block with bcsID 182 .Container 1 bcsId is 126.
kdc_1       | Jun 24 01:33:12 kdc krb5kdc[8](info): AS_REQ (8 etypes {18 17 20 19 16 23 25 26}) 127.0.0.1: SERVER_NOT_FOUND: admin/admin@EXAMPLE.COM for kadmin/localhost@EXAMPLE.COM, Server not found in Kerberos database
om_1        | 2020-06-24 01:39:27,111 [Socket Reader #1 for port 9862] INFO authorize.ServiceAuthorizationManager: Authorization successful for testuser/scm@EXAMPLE.COM (auth:KERBEROS) for protocol=interface org.apache.hadoop.ozone.om.protocol.OzoneManagerProtocol
scm_1       | 2020-06-24 01:33:40,732 [Listener at 0.0.0.0/9860] INFO http.HttpServer2: Jetty bound to port 9876
datanode_3  | 2020-06-24 01:34:00,429 [3b03a457-85b4-42b1-96c7-f09d841be0ba@group-225A10F44A77-LeaderElection1] INFO server.RaftServerConfigKeys: raft.server.write.element-limit = 1024 (custom)
recon_1     | 2020-06-24 01:33:52,315 [EventQueue-NewNodeForReconNewNodeHandler] INFO scm.ReconNodeManager: Adding new node fb87b04d-0b6a-4694-aa77-edaf1c02770b to Node DB.
datanode_2  | 	at org.apache.hadoop.ozone.container.keyvalue.impl.BlockManagerImpl.getBlock(BlockManagerImpl.java:177)
kdc_1       | Jun 24 01:33:12 kdc krb5kdc[8](info): AS_REQ (8 etypes {18 17 20 19 16 23 25 26}) 127.0.0.1: ISSUE: authtime 1592962392, etypes {rep=18 tkt=18 ses=18}, admin/admin@EXAMPLE.COM for kadmin/admin@EXAMPLE.COM
om_1        | 2020-06-24 01:39:29,339 [Socket Reader #1 for port 9862] INFO ipc.Server: Auth successful for testuser/scm@EXAMPLE.COM (auth:KERBEROS)
datanode_3  | 2020-06-24 01:34:00,430 [3b03a457-85b4-42b1-96c7-f09d841be0ba@group-225A10F44A77-LeaderElection1] INFO server.RaftServerConfigKeys: raft.server.write.byte-limit = 1073741824 (custom)
recon_1     | 2020-06-24 01:33:55,197 [EventQueue-PipelineReportForReconPipelineReportHandler] INFO scm.ReconPipelineReportHandler: Unknown pipeline PipelineID=654fcd1b-a31e-48f5-9f1c-225a10f44a77. Trying to get from SCM.
datanode_2  | 	at org.apache.hadoop.ozone.container.keyvalue.KeyValueHandler.handleGetBlock(KeyValueHandler.java:473)
kdc_1       | Jun 24 01:33:12 kdc krb5kdc[8](info): AS_REQ (8 etypes {18 17 20 19 16 23 25 26}) 127.0.0.1: SERVER_NOT_FOUND: admin/admin@EXAMPLE.COM for kadmin/localhost@EXAMPLE.COM, Server not found in Kerberos database
scm_1       | 2020-06-24 01:33:40,740 [Listener at 0.0.0.0/9860] INFO server.Server: jetty-9.4.26.v20200117; built: 2020-01-17T12:35:33.676Z; git: 7b38981d25d14afb4a12ff1f2596756144edf695; jvm 11.0.6+10-LTS
om_1        | 2020-06-24 01:39:29,351 [Socket Reader #1 for port 9862] INFO authorize.ServiceAuthorizationManager: Authorization successful for testuser/scm@EXAMPLE.COM (auth:KERBEROS) for protocol=interface org.apache.hadoop.ozone.om.protocol.OzoneManagerProtocol
datanode_3  | 2020-06-24 01:34:00,460 [3b03a457-85b4-42b1-96c7-f09d841be0ba@group-225A10F44A77-LeaderElection1] INFO server.RaftServerConfigKeys: raft.server.watch.timeout = 180s (custom)
recon_1     | 2020-06-24 01:33:55,268 [EventQueue-PipelineReportForReconPipelineReportHandler] INFO scm.ReconPipelineReportHandler: Adding new pipeline Pipeline[ Id: 654fcd1b-a31e-48f5-9f1c-225a10f44a77, Nodes: 3b03a457-85b4-42b1-96c7-f09d841be0ba{ip: 172.26.0.7, host: ozonesecure_datanode_3.ozonesecure_default, networkLocation: /default-rack, certSerialId: null}, Type:RATIS, Factor:ONE, State:OPEN, leaderId:3b03a457-85b4-42b1-96c7-f09d841be0ba, CreationTimestamp2020-06-24T01:33:51.988Z] to Recon pipeline metadata.
datanode_2  | 	at org.apache.hadoop.ozone.container.keyvalue.KeyValueHandler.dispatchRequest(KeyValueHandler.java:181)
kdc_1       | Jun 24 01:33:12 kdc krb5kdc[8](info): AS_REQ (8 etypes {18 17 20 19 16 23 25 26}) 127.0.0.1: ISSUE: authtime 1592962392, etypes {rep=18 tkt=18 ses=18}, admin/admin@EXAMPLE.COM for kadmin/admin@EXAMPLE.COM
scm_1       | 2020-06-24 01:33:41,124 [Listener at 0.0.0.0/9860] INFO server.session: DefaultSessionIdManager workerName=node0
om_1        | 2020-06-24 01:39:31,348 [Socket Reader #1 for port 9862] INFO ipc.Server: Auth successful for testuser/scm@EXAMPLE.COM (auth:KERBEROS)
datanode_3  | 2020-06-24 01:34:00,465 [3b03a457-85b4-42b1-96c7-f09d841be0ba@group-225A10F44A77-LeaderElection1] INFO server.RaftServerConfigKeys: raft.server.watch.timeout.denomination = 1s (default)
recon_1     | 2020-06-24 01:33:55,275 [EventQueue-PipelineReportForReconPipelineReportHandler] INFO pipeline.PipelineStateManager: Created pipeline Pipeline[ Id: 654fcd1b-a31e-48f5-9f1c-225a10f44a77, Nodes: 3b03a457-85b4-42b1-96c7-f09d841be0ba{ip: 172.26.0.7, host: ozonesecure_datanode_3.ozonesecure_default, networkLocation: /default-rack, certSerialId: null}, Type:RATIS, Factor:ONE, State:OPEN, leaderId:3b03a457-85b4-42b1-96c7-f09d841be0ba, CreationTimestamp2020-06-24T01:33:51.988Z]
datanode_2  | 	at org.apache.hadoop.ozone.container.keyvalue.KeyValueHandler.handle(KeyValueHandler.java:155)
kdc_1       | Jun 24 01:33:12 kdc krb5kdc[8](info): AS_REQ (8 etypes {18 17 20 19 16 23 25 26}) 127.0.0.1: SERVER_NOT_FOUND: admin/admin@EXAMPLE.COM for kadmin/localhost@EXAMPLE.COM, Server not found in Kerberos database
scm_1       | 2020-06-24 01:33:41,133 [Listener at 0.0.0.0/9860] INFO server.session: No SessionScavenger set, using defaults
om_1        | 2020-06-24 01:39:31,358 [Socket Reader #1 for port 9862] INFO authorize.ServiceAuthorizationManager: Authorization successful for testuser/scm@EXAMPLE.COM (auth:KERBEROS) for protocol=interface org.apache.hadoop.ozone.om.protocol.OzoneManagerProtocol
datanode_3  | 2020-06-24 01:34:00,466 [3b03a457-85b4-42b1-96c7-f09d841be0ba@group-225A10F44A77-LeaderElection1] INFO server.RaftServerConfigKeys: raft.server.watch.element-limit = 65536 (default)
recon_1     | 2020-06-24 01:33:55,437 [EventQueue-PipelineReportForReconPipelineReportHandler] INFO scm.ReconPipelineReportHandler: Unknown pipeline PipelineID=e3212d20-c626-442a-bdd2-81be63e3cd8a. Trying to get from SCM.
datanode_2  | 	at org.apache.hadoop.ozone.container.common.impl.HddsDispatcher.dispatchRequest(HddsDispatcher.java:304)
kdc_1       | Jun 24 01:33:12 kdc krb5kdc[8](info): AS_REQ (8 etypes {18 17 20 19 16 23 25 26}) 127.0.0.1: ISSUE: authtime 1592962392, etypes {rep=18 tkt=18 ses=18}, admin/admin@EXAMPLE.COM for kadmin/admin@EXAMPLE.COM
scm_1       | 2020-06-24 01:33:41,131 [Socket Reader #1 for port 9863] INFO ipc.Server: Auth successful for om/om@EXAMPLE.COM (auth:KERBEROS)
om_1        | 2020-06-24 01:39:33,573 [Socket Reader #1 for port 9862] INFO ipc.Server: Auth successful for testuser/scm@EXAMPLE.COM (auth:KERBEROS)
datanode_3  | 2020-06-24 01:34:00,501 [3b03a457-85b4-42b1-96c7-f09d841be0ba@group-225A10F44A77-LeaderElection1] INFO impl.RoleInfo: 3b03a457-85b4-42b1-96c7-f09d841be0ba: start LeaderState
recon_1     | 2020-06-24 01:33:55,446 [EventQueue-PipelineReportForReconPipelineReportHandler] INFO scm.ReconPipelineReportHandler: Adding new pipeline Pipeline[ Id: e3212d20-c626-442a-bdd2-81be63e3cd8a, Nodes: c4843248-ac5d-494f-b7df-a3d6dec6a3b9{ip: 172.26.0.8, host: ozonesecure_datanode_2.ozonesecure_default, networkLocation: /default-rack, certSerialId: null}, Type:RATIS, Factor:ONE, State:ALLOCATED, leaderId:, CreationTimestamp2020-06-24T01:33:51.939Z] to Recon pipeline metadata.
datanode_2  | 	at org.apache.hadoop.ozone.container.common.impl.HddsDispatcher.dispatch(HddsDispatcher.java:166)
kdc_1       | Jun 24 01:33:12 kdc krb5kdc[8](info): AS_REQ (8 etypes {18 17 20 19 16 23 25 26}) 127.0.0.1: SERVER_NOT_FOUND: admin/admin@EXAMPLE.COM for kadmin/localhost@EXAMPLE.COM, Server not found in Kerberos database
scm_1       | 2020-06-24 01:33:41,141 [Socket Reader #1 for port 9961] INFO ipc.Server: Auth successful for dn/a57eda5fabc8@EXAMPLE.COM (auth:KERBEROS)
om_1        | 2020-06-24 01:39:33,585 [Socket Reader #1 for port 9862] INFO authorize.ServiceAuthorizationManager: Authorization successful for testuser/scm@EXAMPLE.COM (auth:KERBEROS) for protocol=interface org.apache.hadoop.ozone.om.protocol.OzoneManagerProtocol
datanode_3  | 2020-06-24 01:34:00,762 [Thread-24] INFO impl.FollowerState: 3b03a457-85b4-42b1-96c7-f09d841be0ba@group-288384890248-FollowerState: change to CANDIDATE, lastRpcTime:5217ms, electionTimeout:5200ms
recon_1     | 2020-06-24 01:33:55,452 [EventQueue-PipelineReportForReconPipelineReportHandler] INFO pipeline.PipelineStateManager: Created pipeline Pipeline[ Id: e3212d20-c626-442a-bdd2-81be63e3cd8a, Nodes: c4843248-ac5d-494f-b7df-a3d6dec6a3b9{ip: 172.26.0.8, host: ozonesecure_datanode_2.ozonesecure_default, networkLocation: /default-rack, certSerialId: null}, Type:RATIS, Factor:ONE, State:ALLOCATED, leaderId:, CreationTimestamp2020-06-24T01:33:51.939Z]
datanode_2  | 	at org.apache.hadoop.ozone.container.common.transport.server.GrpcXceiverService$1.onNext(GrpcXceiverService.java:57)
kdc_1       | Jun 24 01:33:12 kdc krb5kdc[8](info): AS_REQ (8 etypes {18 17 20 19 16 23 25 26}) 127.0.0.1: ISSUE: authtime 1592962392, etypes {rep=18 tkt=18 ses=18}, admin/admin@EXAMPLE.COM for kadmin/admin@EXAMPLE.COM
scm_1       | 2020-06-24 01:33:41,142 [Socket Reader #1 for port 9860] INFO ipc.Server: Auth successful for recon/recon@EXAMPLE.COM (auth:KERBEROS)
om_1        | 2020-06-24 01:39:35,811 [Socket Reader #1 for port 9862] INFO ipc.Server: Auth successful for testuser/scm@EXAMPLE.COM (auth:KERBEROS)
om_1        | 2020-06-24 01:39:35,835 [Socket Reader #1 for port 9862] INFO authorize.ServiceAuthorizationManager: Authorization successful for testuser/scm@EXAMPLE.COM (auth:KERBEROS) for protocol=interface org.apache.hadoop.ozone.om.protocol.OzoneManagerProtocol
recon_1     | 2020-06-24 01:33:55,452 [EventQueue-PipelineReportForReconPipelineReportHandler] INFO scm.ReconPipelineReportHandler: Pipeline ONE PipelineID=e3212d20-c626-442a-bdd2-81be63e3cd8a reported by c4843248-ac5d-494f-b7df-a3d6dec6a3b9{ip: 172.26.0.8, host: ozonesecure_datanode_2.ozonesecure_default, networkLocation: /default-rack, certSerialId: 3043613440754}
datanode_2  | 	at org.apache.hadoop.ozone.container.common.transport.server.GrpcXceiverService$1.onNext(GrpcXceiverService.java:50)
kdc_1       | Jun 24 01:33:12 kdc krb5kdc[8](info): AS_REQ (8 etypes {18 17 20 19 16 23 25 26}) 127.0.0.1: SERVER_NOT_FOUND: admin/admin@EXAMPLE.COM for kadmin/localhost@EXAMPLE.COM, Server not found in Kerberos database
scm_1       | 2020-06-24 01:33:41,161 [Listener at 0.0.0.0/9860] INFO server.session: node0 Scavenging every 660000ms
om_1        | 2020-06-24 01:39:42,138 [Socket Reader #1 for port 9862] INFO ipc.Server: Auth successful for testuser/scm@EXAMPLE.COM (auth:KERBEROS)
datanode_3  | 2020-06-24 01:34:00,779 [Thread-24] INFO impl.RoleInfo: 3b03a457-85b4-42b1-96c7-f09d841be0ba: shutdown FollowerState
datanode_3  | 2020-06-24 01:34:00,779 [Thread-24] INFO impl.RaftServerImpl: 3b03a457-85b4-42b1-96c7-f09d841be0ba@group-288384890248: changes role from  FOLLOWER to CANDIDATE at term 0 for changeToCandidate
datanode_2  | 	at org.apache.ratis.thirdparty.io.grpc.stub.ServerCalls$StreamingServerCallHandler$StreamingServerCallListener.onMessage(ServerCalls.java:251)
kdc_1       | Jun 24 01:33:12 kdc krb5kdc[8](info): AS_REQ (8 etypes {18 17 20 19 16 23 25 26}) 127.0.0.1: ISSUE: authtime 1592962392, etypes {rep=18 tkt=18 ses=18}, admin/admin@EXAMPLE.COM for kadmin/admin@EXAMPLE.COM
scm_1       | 2020-06-24 01:33:41,196 [Socket Reader #1 for port 9860] INFO authorize.ServiceAuthorizationManager: Authorization successful for recon/recon@EXAMPLE.COM (auth:KERBEROS) for protocol=interface org.apache.hadoop.hdds.scm.protocol.StorageContainerLocationProtocol
om_1        | 2020-06-24 01:39:42,145 [Socket Reader #1 for port 9862] INFO authorize.ServiceAuthorizationManager: Authorization successful for testuser/scm@EXAMPLE.COM (auth:KERBEROS) for protocol=interface org.apache.hadoop.ozone.om.protocol.OzoneManagerProtocol
datanode_3  | 2020-06-24 01:34:00,779 [Thread-24] INFO impl.RoleInfo: 3b03a457-85b4-42b1-96c7-f09d841be0ba: start LeaderElection
recon_1     | 2020-06-24 01:33:55,452 [EventQueue-PipelineReportForReconPipelineReportHandler] INFO pipeline.PipelineStateManager: Pipeline Pipeline[ Id: e3212d20-c626-442a-bdd2-81be63e3cd8a, Nodes: c4843248-ac5d-494f-b7df-a3d6dec6a3b9{ip: 172.26.0.8, host: ozonesecure_datanode_2.ozonesecure_default, networkLocation: /default-rack, certSerialId: null}, Type:RATIS, Factor:ONE, State:ALLOCATED, leaderId:c4843248-ac5d-494f-b7df-a3d6dec6a3b9, CreationTimestamp2020-06-24T01:33:51.939Z] moved to OPEN state
datanode_2  | 	at org.apache.ratis.thirdparty.io.grpc.ForwardingServerCallListener.onMessage(ForwardingServerCallListener.java:33)
kdc_1       | Jun 24 01:33:12 kdc krb5kdc[8](info): AS_REQ (8 etypes {18 17 20 19 16 23 25 26}) 127.0.0.1: SERVER_NOT_FOUND: admin/admin@EXAMPLE.COM for kadmin/localhost@EXAMPLE.COM, Server not found in Kerberos database
scm_1       | 2020-06-24 01:33:41,196 [Socket Reader #1 for port 9863] INFO authorize.ServiceAuthorizationManager: Authorization successful for om/om@EXAMPLE.COM (auth:KERBEROS) for protocol=interface org.apache.hadoop.hdds.scm.protocol.ScmBlockLocationProtocol
om_1        | 2020-06-24 01:39:47,397 [Socket Reader #1 for port 9862] INFO ipc.Server: Auth successful for testuser/scm@EXAMPLE.COM (auth:KERBEROS)
datanode_3  | 2020-06-24 01:34:00,788 [3b03a457-85b4-42b1-96c7-f09d841be0ba@group-225A10F44A77-LeaderElection1] INFO segmented.SegmentedRaftLogWorker: 3b03a457-85b4-42b1-96c7-f09d841be0ba@group-225A10F44A77-SegmentedRaftLogWorker: Starting segment from index:0
datanode_2  | 	at org.apache.hadoop.hdds.tracing.GrpcServerInterceptor$1.onMessage(GrpcServerInterceptor.java:49)
recon_1     | 2020-06-24 01:33:55,510 [EventQueue-PipelineReportForReconPipelineReportHandler] INFO scm.ReconPipelineReportHandler: Unknown pipeline PipelineID=7c3b60af-f573-45e7-9a21-288384890248. Trying to get from SCM.
kdc_1       | Jun 24 01:33:12 kdc krb5kdc[8](info): AS_REQ (8 etypes {18 17 20 19 16 23 25 26}) 127.0.0.1: ISSUE: authtime 1592962392, etypes {rep=18 tkt=18 ses=18}, admin/admin@EXAMPLE.COM for kadmin/admin@EXAMPLE.COM
scm_1       | 2020-06-24 01:33:41,204 [Socket Reader #1 for port 9961] INFO authorize.ServiceAuthorizationManager: Authorization successful for dn/a57eda5fabc8@EXAMPLE.COM (auth:KERBEROS) for protocol=interface org.apache.hadoop.hdds.protocol.SCMSecurityProtocol
om_1        | 2020-06-24 01:39:47,402 [Socket Reader #1 for port 9862] INFO authorize.ServiceAuthorizationManager: Authorization successful for testuser/scm@EXAMPLE.COM (auth:KERBEROS) for protocol=interface org.apache.hadoop.ozone.om.protocol.OzoneManagerProtocol
datanode_3  | 2020-06-24 01:34:00,830 [3b03a457-85b4-42b1-96c7-f09d841be0ba@group-288384890248-LeaderElection2] INFO impl.LeaderElection: 3b03a457-85b4-42b1-96c7-f09d841be0ba@group-288384890248-LeaderElection2: begin an election at term 1 for -1: [fb87b04d-0b6a-4694-aa77-edaf1c02770b:172.26.0.4:9858, c4843248-ac5d-494f-b7df-a3d6dec6a3b9:172.26.0.8:9858, 3b03a457-85b4-42b1-96c7-f09d841be0ba:172.26.0.7:9858], old=null
datanode_2  | 	at org.apache.ratis.thirdparty.io.grpc.internal.ServerCallImpl$ServerStreamListenerImpl.messagesAvailableInternal(ServerCallImpl.java:309)
recon_1     | 2020-06-24 01:33:55,517 [EventQueue-PipelineReportForReconPipelineReportHandler] INFO scm.ReconPipelineReportHandler: Adding new pipeline Pipeline[ Id: 7c3b60af-f573-45e7-9a21-288384890248, Nodes: fb87b04d-0b6a-4694-aa77-edaf1c02770b{ip: 172.26.0.4, host: ozonesecure_datanode_1.ozonesecure_default, networkLocation: /default-rack, certSerialId: null}c4843248-ac5d-494f-b7df-a3d6dec6a3b9{ip: 172.26.0.8, host: ozonesecure_datanode_2.ozonesecure_default, networkLocation: /default-rack, certSerialId: null}3b03a457-85b4-42b1-96c7-f09d841be0ba{ip: 172.26.0.7, host: ozonesecure_datanode_3.ozonesecure_default, networkLocation: /default-rack, certSerialId: null}, Type:RATIS, Factor:THREE, State:ALLOCATED, leaderId:, CreationTimestamp2020-06-24T01:33:52.332Z] to Recon pipeline metadata.
kdc_1       | Jun 24 01:33:12 kdc krb5kdc[8](info): AS_REQ (8 etypes {18 17 20 19 16 23 25 26}) 127.0.0.1: SERVER_NOT_FOUND: admin/admin@EXAMPLE.COM for kadmin/localhost@EXAMPLE.COM, Server not found in Kerberos database
scm_1       | 2020-06-24 01:33:41,238 [Socket Reader #1 for port 9961] INFO ipc.Server: Auth successful for dn/46878e80222d@EXAMPLE.COM (auth:KERBEROS)
om_1        | 2020-06-24 01:39:54,524 [Socket Reader #1 for port 9862] INFO ipc.Server: Auth successful for testuser/scm@EXAMPLE.COM (auth:KERBEROS)
datanode_3  | 2020-06-24 01:34:00,855 [3b03a457-85b4-42b1-96c7-f09d841be0ba@group-225A10F44A77-LeaderElection1] INFO impl.RaftServerImpl: 3b03a457-85b4-42b1-96c7-f09d841be0ba@group-225A10F44A77: set configuration 0: [3b03a457-85b4-42b1-96c7-f09d841be0ba:172.26.0.7:9858], old=null at 0
datanode_2  | 	at org.apache.ratis.thirdparty.io.grpc.internal.ServerCallImpl$ServerStreamListenerImpl.messagesAvailable(ServerCallImpl.java:292)
recon_1     | 2020-06-24 01:33:55,518 [EventQueue-PipelineReportForReconPipelineReportHandler] INFO pipeline.PipelineStateManager: Created pipeline Pipeline[ Id: 7c3b60af-f573-45e7-9a21-288384890248, Nodes: fb87b04d-0b6a-4694-aa77-edaf1c02770b{ip: 172.26.0.4, host: ozonesecure_datanode_1.ozonesecure_default, networkLocation: /default-rack, certSerialId: null}c4843248-ac5d-494f-b7df-a3d6dec6a3b9{ip: 172.26.0.8, host: ozonesecure_datanode_2.ozonesecure_default, networkLocation: /default-rack, certSerialId: null}3b03a457-85b4-42b1-96c7-f09d841be0ba{ip: 172.26.0.7, host: ozonesecure_datanode_3.ozonesecure_default, networkLocation: /default-rack, certSerialId: null}, Type:RATIS, Factor:THREE, State:ALLOCATED, leaderId:, CreationTimestamp2020-06-24T01:33:52.332Z]
kdc_1       | Jun 24 01:33:12 kdc krb5kdc[8](info): AS_REQ (8 etypes {18 17 20 19 16 23 25 26}) 127.0.0.1: ISSUE: authtime 1592962392, etypes {rep=18 tkt=18 ses=18}, admin/admin@EXAMPLE.COM for kadmin/admin@EXAMPLE.COM
scm_1       | 2020-06-24 01:33:41,256 [Listener at 0.0.0.0/9860] INFO server.KerberosAuthenticationHandler: Using keytab /etc/security/keytabs/HTTP.keytab, for principal HTTP/scm@EXAMPLE.COM
om_1        | 2020-06-24 01:39:54,538 [Socket Reader #1 for port 9862] INFO authorize.ServiceAuthorizationManager: Authorization successful for testuser/scm@EXAMPLE.COM (auth:KERBEROS) for protocol=interface org.apache.hadoop.ozone.om.protocol.OzoneManagerProtocol
datanode_3  | 2020-06-24 01:34:00,988 [3b03a457-85b4-42b1-96c7-f09d841be0ba@group-288384890248-LeaderElection2] INFO impl.LeaderElection: 3b03a457-85b4-42b1-96c7-f09d841be0ba@group-288384890248-LeaderElection2: Election PASSED; received 1 response(s) [3b03a457-85b4-42b1-96c7-f09d841be0ba<-fb87b04d-0b6a-4694-aa77-edaf1c02770b#0:OK-t1] and 0 exception(s); 3b03a457-85b4-42b1-96c7-f09d841be0ba@group-288384890248:t1, leader=null, voted=3b03a457-85b4-42b1-96c7-f09d841be0ba, raftlog=3b03a457-85b4-42b1-96c7-f09d841be0ba@group-288384890248-SegmentedRaftLog:OPENED:c-1,f-1,i0, conf=-1: [fb87b04d-0b6a-4694-aa77-edaf1c02770b:172.26.0.4:9858, c4843248-ac5d-494f-b7df-a3d6dec6a3b9:172.26.0.8:9858, 3b03a457-85b4-42b1-96c7-f09d841be0ba:172.26.0.7:9858], old=null
datanode_2  | 	at org.apache.ratis.thirdparty.io.grpc.internal.ServerImpl$JumpToApplicationThreadServerStreamListener$1MessagesAvailable.runInContext(ServerImpl.java:782)
recon_1     | 2020-06-24 01:33:55,518 [EventQueue-PipelineReportForReconPipelineReportHandler] INFO scm.ReconPipelineReportHandler: Pipeline THREE PipelineID=7c3b60af-f573-45e7-9a21-288384890248 reported by 3b03a457-85b4-42b1-96c7-f09d841be0ba{ip: 172.26.0.7, host: ozonesecure_datanode_3.ozonesecure_default, networkLocation: /default-rack, certSerialId: 3043760540478}
kdc_1       | Jun 24 01:33:12 kdc krb5kdc[8](info): AS_REQ (8 etypes {18 17 20 19 16 23 25 26}) 127.0.0.1: SERVER_NOT_FOUND: admin/admin@EXAMPLE.COM for kadmin/localhost@EXAMPLE.COM, Server not found in Kerberos database
om_1        | 2020-06-24 01:39:57,287 [Socket Reader #1 for port 9862] INFO ipc.Server: Auth successful for testuser/scm@EXAMPLE.COM (auth:KERBEROS)
datanode_3  | 2020-06-24 01:34:00,990 [3b03a457-85b4-42b1-96c7-f09d841be0ba@group-288384890248-LeaderElection2] INFO impl.RoleInfo: 3b03a457-85b4-42b1-96c7-f09d841be0ba: shutdown LeaderElection
datanode_2  | 	at org.apache.ratis.thirdparty.io.grpc.internal.ContextRunnable.run(ContextRunnable.java:37)
recon_1     | 2020-06-24 01:33:55,687 [EventQueue-PipelineReportForReconPipelineReportHandler] INFO scm.ReconPipelineReportHandler: Pipeline THREE PipelineID=7c3b60af-f573-45e7-9a21-288384890248 reported by c4843248-ac5d-494f-b7df-a3d6dec6a3b9{ip: 172.26.0.8, host: ozonesecure_datanode_2.ozonesecure_default, networkLocation: /default-rack, certSerialId: 3043613440754}
scm_1       | 2020-06-24 01:33:41,274 [Listener at 0.0.0.0/9860] INFO handler.ContextHandler: Started o.e.j.s.ServletContextHandler@5984feef{logs,/logs,file:///var/log/hadoop/,AVAILABLE}
om_1        | 2020-06-24 01:39:57,301 [Socket Reader #1 for port 9862] INFO authorize.ServiceAuthorizationManager: Authorization successful for testuser/scm@EXAMPLE.COM (auth:KERBEROS) for protocol=interface org.apache.hadoop.ozone.om.protocol.OzoneManagerProtocol
om_1        | 2020-06-24 01:39:58,047 [Socket Reader #1 for port 9862] INFO ipc.Server: Auth successful for testuser/scm@EXAMPLE.COM (auth:KERBEROS)
datanode_3  | 2020-06-24 01:34:00,993 [3b03a457-85b4-42b1-96c7-f09d841be0ba@group-288384890248-LeaderElection2] INFO impl.RaftServerImpl: 3b03a457-85b4-42b1-96c7-f09d841be0ba@group-288384890248: changes role from CANDIDATE to LEADER at term 1 for changeToLeader
datanode_2  | 	at org.apache.ratis.thirdparty.io.grpc.internal.SerializingExecutor.run(SerializingExecutor.java:123)
recon_1     | 2020-06-24 01:33:56,164 [EventQueue-PipelineReportForReconPipelineReportHandler] INFO scm.ReconPipelineReportHandler: Unknown pipeline PipelineID=ff44e56b-b2bf-4b58-9b43-19f03a5fed5c. Trying to get from SCM.
scm_1       | 2020-06-24 01:33:41,274 [Listener at 0.0.0.0/9860] INFO handler.ContextHandler: Started o.e.j.s.ServletContextHandler@1f67761b{static,/static,jar:file:/opt/hadoop/share/ozone/lib/hadoop-hdds-server-scm-0.6.0-SNAPSHOT.jar!/webapps/static,AVAILABLE}
om_1        | 2020-06-24 01:39:58,057 [Socket Reader #1 for port 9862] INFO authorize.ServiceAuthorizationManager: Authorization successful for testuser/scm@EXAMPLE.COM (auth:KERBEROS) for protocol=interface org.apache.hadoop.ozone.om.protocol.OzoneManagerProtocol
kdc_1       | Jun 24 01:33:12 kdc krb5kdc[8](info): AS_REQ (8 etypes {18 17 20 19 16 23 25 26}) 127.0.0.1: ISSUE: authtime 1592962392, etypes {rep=18 tkt=18 ses=18}, admin/admin@EXAMPLE.COM for kadmin/admin@EXAMPLE.COM
datanode_3  | 2020-06-24 01:34:00,993 [3b03a457-85b4-42b1-96c7-f09d841be0ba@group-288384890248-LeaderElection2] INFO ratis.XceiverServerRatis: Leader change notification received for group: group-288384890248 with new leaderId: 3b03a457-85b4-42b1-96c7-f09d841be0ba
datanode_2  | 	at java.base/java.util.concurrent.ThreadPoolExecutor.runWorker(ThreadPoolExecutor.java:1128)
recon_1     | 2020-06-24 01:33:56,175 [EventQueue-PipelineReportForReconPipelineReportHandler] INFO scm.ReconPipelineReportHandler: Adding new pipeline Pipeline[ Id: ff44e56b-b2bf-4b58-9b43-19f03a5fed5c, Nodes: fb87b04d-0b6a-4694-aa77-edaf1c02770b{ip: 172.26.0.4, host: ozonesecure_datanode_1.ozonesecure_default, networkLocation: /default-rack, certSerialId: null}, Type:RATIS, Factor:ONE, State:OPEN, leaderId:fb87b04d-0b6a-4694-aa77-edaf1c02770b, CreationTimestamp2020-06-24T01:33:52.322Z] to Recon pipeline metadata.
scm_1       | 2020-06-24 01:33:41,295 [Socket Reader #1 for port 9961] INFO authorize.ServiceAuthorizationManager: Authorization successful for dn/46878e80222d@EXAMPLE.COM (auth:KERBEROS) for protocol=interface org.apache.hadoop.hdds.protocol.SCMSecurityProtocol
om_1        | 2020-06-24 01:40:01,711 [Socket Reader #1 for port 9862] INFO ipc.Server: Auth successful for recon/recon@EXAMPLE.COM (auth:KERBEROS)
kdc_1       | Jun 24 01:33:12 kdc krb5kdc[8](info): AS_REQ (8 etypes {18 17 20 19 16 23 25 26}) 127.0.0.1: SERVER_NOT_FOUND: admin/admin@EXAMPLE.COM for kadmin/localhost@EXAMPLE.COM, Server not found in Kerberos database
datanode_3  | 2020-06-24 01:34:00,993 [3b03a457-85b4-42b1-96c7-f09d841be0ba@group-288384890248-LeaderElection2] INFO impl.RaftServerImpl: 3b03a457-85b4-42b1-96c7-f09d841be0ba@group-288384890248: change Leader from null to 3b03a457-85b4-42b1-96c7-f09d841be0ba at term 1 for becomeLeader, leader elected after 5492ms
datanode_2  | 	at java.base/java.util.concurrent.ThreadPoolExecutor$Worker.run(ThreadPoolExecutor.java:628)
recon_1     | 2020-06-24 01:33:56,175 [EventQueue-PipelineReportForReconPipelineReportHandler] INFO pipeline.PipelineStateManager: Created pipeline Pipeline[ Id: ff44e56b-b2bf-4b58-9b43-19f03a5fed5c, Nodes: fb87b04d-0b6a-4694-aa77-edaf1c02770b{ip: 172.26.0.4, host: ozonesecure_datanode_1.ozonesecure_default, networkLocation: /default-rack, certSerialId: null}, Type:RATIS, Factor:ONE, State:OPEN, leaderId:fb87b04d-0b6a-4694-aa77-edaf1c02770b, CreationTimestamp2020-06-24T01:33:52.322Z]
scm_1       | 2020-06-24 01:33:41,297 [Socket Reader #1 for port 9961] INFO ipc.Server: Auth successful for dn/f5f1558671df@EXAMPLE.COM (auth:KERBEROS)
om_1        | 2020-06-24 01:40:01,717 [Socket Reader #1 for port 9862] INFO authorize.ServiceAuthorizationManager: Authorization successful for recon/recon@EXAMPLE.COM (auth:KERBEROS) for protocol=interface org.apache.hadoop.ozone.om.protocol.OzoneManagerProtocol
kdc_1       | Jun 24 01:33:12 kdc krb5kdc[8](info): AS_REQ (8 etypes {18 17 20 19 16 23 25 26}) 127.0.0.1: ISSUE: authtime 1592962392, etypes {rep=18 tkt=18 ses=18}, admin/admin@EXAMPLE.COM for kadmin/admin@EXAMPLE.COM
datanode_3  | 2020-06-24 01:34:00,993 [3b03a457-85b4-42b1-96c7-f09d841be0ba@group-288384890248-LeaderElection2] INFO server.RaftServerConfigKeys: raft.server.staging.catchup.gap = 1000 (default)
datanode_2  | 	at java.base/java.lang.Thread.run(Thread.java:834)
recon_1     | 2020-06-24 01:33:56,356 [EventQueue-PipelineReportForReconPipelineReportHandler] INFO scm.ReconPipelineReportHandler: Pipeline THREE PipelineID=7c3b60af-f573-45e7-9a21-288384890248 reported by fb87b04d-0b6a-4694-aa77-edaf1c02770b{ip: 172.26.0.4, host: ozonesecure_datanode_1.ozonesecure_default, networkLocation: /default-rack, certSerialId: 3043611168127}
recon_1     | 2020-06-24 01:34:00,128 [pool-13-thread-1] INFO impl.OzoneManagerServiceProviderImpl: Syncing data from Ozone Manager.
om_1        | 2020-06-24 01:40:09,538 [Socket Reader #1 for port 9862] INFO ipc.Server: Auth successful for testuser/scm@EXAMPLE.COM (auth:KERBEROS)
kdc_1       | Jun 24 01:33:12 kdc krb5kdc[8](info): AS_REQ (8 etypes {18 17 20 19 16 23 25 26}) 127.0.0.1: SERVER_NOT_FOUND: admin/admin@EXAMPLE.COM for kadmin/localhost@EXAMPLE.COM, Server not found in Kerberos database
datanode_3  | 2020-06-24 01:34:00,994 [3b03a457-85b4-42b1-96c7-f09d841be0ba@group-288384890248-LeaderElection2] INFO server.RaftServerConfigKeys: raft.server.rpc.sleep.time = 25ms (default)
recon_1     | 2020-06-24 01:34:00,128 [pool-13-thread-1] INFO impl.OzoneManagerServiceProviderImpl: Obtaining full snapshot from Ozone Manager
scm_1       | 2020-06-24 01:33:41,308 [Socket Reader #1 for port 9961] INFO ipc.Server: Auth successful for HTTP/scm@EXAMPLE.COM (auth:KERBEROS)
datanode_2  | 2020-06-24 01:39:26,979 [grpc-default-executor-0] INFO keyvalue.KeyValueHandler: Operation: GetBlock , Trace ID:  , Message: Unable to find the block with bcsID 186 .Container 1 bcsId is 126. , Result: UNKNOWN_BCSID , StorageContainerException Occurred.
om_1        | 2020-06-24 01:40:09,550 [Socket Reader #1 for port 9862] INFO authorize.ServiceAuthorizationManager: Authorization successful for testuser/scm@EXAMPLE.COM (auth:KERBEROS) for protocol=interface org.apache.hadoop.ozone.om.protocol.OzoneManagerProtocol
kdc_1       | Jun 24 01:33:12 kdc krb5kdc[8](info): AS_REQ (8 etypes {18 17 20 19 16 23 25 26}) 127.0.0.1: ISSUE: authtime 1592962392, etypes {rep=18 tkt=18 ses=18}, admin/admin@EXAMPLE.COM for kadmin/admin@EXAMPLE.COM
datanode_3  | 2020-06-24 01:34:00,994 [3b03a457-85b4-42b1-96c7-f09d841be0ba@group-288384890248-LeaderElection2] INFO metrics.RatisMetrics: Creating Metrics Registry : ratis.log_appender.3b03a457-85b4-42b1-96c7-f09d841be0ba@group-288384890248
recon_1     | 2020-06-24 01:34:00,399 [EventQueue-PipelineReportForReconPipelineReportHandler] INFO scm.ReconPipelineReportHandler: Pipeline THREE PipelineID=7c3b60af-f573-45e7-9a21-288384890248 reported by 3b03a457-85b4-42b1-96c7-f09d841be0ba{ip: 172.26.0.7, host: ozonesecure_datanode_3.ozonesecure_default, networkLocation: /default-rack, certSerialId: 3043760540478}
scm_1       | 2020-06-24 01:33:41,318 [Socket Reader #1 for port 9961] INFO authorize.ServiceAuthorizationManager: Authorization successful for dn/f5f1558671df@EXAMPLE.COM (auth:KERBEROS) for protocol=interface org.apache.hadoop.hdds.protocol.SCMSecurityProtocol
datanode_2  | org.apache.hadoop.hdds.scm.container.common.helpers.StorageContainerException: Unable to find the block with bcsID 186 .Container 1 bcsId is 126.
om_1        | 2020-06-24 01:40:12,441 [Socket Reader #1 for port 9862] INFO ipc.Server: Auth successful for testuser/scm@EXAMPLE.COM (auth:KERBEROS)
kdc_1       | Jun 24 01:33:12 kdc krb5kdc[8](info): AS_REQ (8 etypes {18 17 20 19 16 23 25 26}) 127.0.0.1: SERVER_NOT_FOUND: admin/admin@EXAMPLE.COM for kadmin/localhost@EXAMPLE.COM, Server not found in Kerberos database
datanode_3  | 2020-06-24 01:34:00,996 [3b03a457-85b4-42b1-96c7-f09d841be0ba@group-288384890248-LeaderElection2] INFO server.RaftServerConfigKeys: raft.server.write.element-limit = 1024 (custom)
recon_1     | 2020-06-24 01:34:00,542 [EventQueue-PipelineReportForReconPipelineReportHandler] INFO scm.ReconPipelineReportHandler: Pipeline THREE PipelineID=7c3b60af-f573-45e7-9a21-288384890248 reported by c4843248-ac5d-494f-b7df-a3d6dec6a3b9{ip: 172.26.0.8, host: ozonesecure_datanode_2.ozonesecure_default, networkLocation: /default-rack, certSerialId: 3043613440754}
scm_1       | 2020-06-24 01:33:41,337 [Socket Reader #1 for port 9961] INFO authorize.ServiceAuthorizationManager: Authorization successful for HTTP/scm@EXAMPLE.COM (auth:KERBEROS) for protocol=interface org.apache.hadoop.hdds.protocol.SCMSecurityProtocol
datanode_2  | 	at org.apache.hadoop.ozone.container.keyvalue.impl.BlockManagerImpl.getBlock(BlockManagerImpl.java:177)
om_1        | 2020-06-24 01:40:12,446 [Socket Reader #1 for port 9862] INFO authorize.ServiceAuthorizationManager: Authorization successful for testuser/scm@EXAMPLE.COM (auth:KERBEROS) for protocol=interface org.apache.hadoop.ozone.om.protocol.OzoneManagerProtocol
kdc_1       | Jun 24 01:33:11 kdc kadmind[13](info): closing down fd 18
datanode_3  | 2020-06-24 01:34:01,002 [3b03a457-85b4-42b1-96c7-f09d841be0ba@group-288384890248-LeaderElection2] INFO server.RaftServerConfigKeys: raft.server.write.byte-limit = 1073741824 (custom)
recon_1     | 2020-06-24 01:34:00,659 [pool-13-thread-1] INFO impl.OzoneManagerServiceProviderImpl: Got new checkpoint from OM : /data/metadata/om.snapshot.db_1592962440128
scm_1       | 2020-06-24 01:33:41,477 [IPC Server handler 0 on default port 9961] INFO server.SCMSecurityProtocolServer: Processing CSR for dn a57eda5fabc8, UUID: fb87b04d-0b6a-4694-aa77-edaf1c02770b
datanode_2  | 	at org.apache.hadoop.ozone.container.keyvalue.KeyValueHandler.handleGetBlock(KeyValueHandler.java:473)
om_1        | 2020-06-24 01:40:16,682 [Socket Reader #1 for port 9862] INFO ipc.Server: Auth successful for testuser/scm@EXAMPLE.COM (auth:KERBEROS)
kdc_1       | Jun 24 01:33:11 kdc kadmind[13](Notice): Request: kadm5_init, admin/admin@EXAMPLE.COM, success, client=admin/admin@EXAMPLE.COM, service=kadmin/admin@EXAMPLE.COM, addr=127.0.0.1, vers=4, flavor=6
datanode_3  | 2020-06-24 01:34:01,008 [3b03a457-85b4-42b1-96c7-f09d841be0ba@group-288384890248-LeaderElection2] INFO server.RaftServerConfigKeys: raft.server.watch.timeout = 180s (custom)
recon_1     | 2020-06-24 01:34:00,831 [pool-13-thread-1] INFO recovery.ReconOmMetadataManagerImpl: Created OM DB handle from snapshot at /data/metadata/om.snapshot.db_1592962440128.
scm_1       | 2020-06-24 01:33:41,477 [IPC Server handler 1 on default port 9961] INFO server.SCMSecurityProtocolServer: Processing CSR for dn 46878e80222d, UUID: c4843248-ac5d-494f-b7df-a3d6dec6a3b9
datanode_2  | 	at org.apache.hadoop.ozone.container.keyvalue.KeyValueHandler.dispatchRequest(KeyValueHandler.java:181)
om_1        | 2020-06-24 01:40:16,693 [Socket Reader #1 for port 9862] INFO authorize.ServiceAuthorizationManager: Authorization successful for testuser/scm@EXAMPLE.COM (auth:KERBEROS) for protocol=interface org.apache.hadoop.ozone.om.protocol.OzoneManagerProtocol
kdc_1       | Jun 24 01:33:11 kdc kadmind[13](Notice): Request: kadm5_get_policy, default, Policy does not exist, client=admin/admin@EXAMPLE.COM, service=kadmin/admin@EXAMPLE.COM, addr=127.0.0.1
datanode_3  | 2020-06-24 01:34:01,008 [3b03a457-85b4-42b1-96c7-f09d841be0ba@group-288384890248-LeaderElection2] INFO server.RaftServerConfigKeys: raft.server.watch.timeout.denomination = 1s (default)
recon_1     | 2020-06-24 01:34:00,837 [pool-13-thread-1] INFO impl.OzoneManagerServiceProviderImpl: Calling reprocess on Recon tasks.
scm_1       | 2020-06-24 01:33:41,760 [IPC Server handler 1 on default port 9961] INFO server.SCMSecurityProtocolServer: Processing CSR for dn f5f1558671df, UUID: 3b03a457-85b4-42b1-96c7-f09d841be0ba
datanode_2  | 	at org.apache.hadoop.ozone.container.keyvalue.KeyValueHandler.handle(KeyValueHandler.java:155)
om_1        | 2020-06-24 01:40:20,443 [Socket Reader #1 for port 9862] INFO ipc.Server: Auth successful for testuser/scm@EXAMPLE.COM (auth:KERBEROS)
kdc_1       | Jun 24 01:33:11 kdc kadmind[13](Notice): Request: kadm5_create_principal, scm/scm@EXAMPLE.COM, success, client=admin/admin@EXAMPLE.COM, service=kadmin/admin@EXAMPLE.COM, addr=127.0.0.1
datanode_3  | 2020-06-24 01:34:01,008 [3b03a457-85b4-42b1-96c7-f09d841be0ba@group-288384890248-LeaderElection2] INFO server.RaftServerConfigKeys: raft.server.watch.element-limit = 65536 (default)
