kdc_1       | Generiting keytab
s3g_1       | 
om_1        | 2020-06-24 01:34:16,802 [IPC Server handler 2 on default port 9862] INFO volume.OMVolumeCreateRequest: created volume:vol-2-67285 for user:testuser/scm@EXAMPLE.COM
datanode_2  | 	at org.apache.hadoop.ozone.container.common.transport.server.GrpcXceiverService$1.onNext(GrpcXceiverService.java:57)
datanode_3  | 2020-06-24 01:33:55,415 [Command processor thread] INFO commandhandler.CreatePipelineCommandHandler: Created Pipeline RATIS ONE #id: "654fcd1b-a31e-48f5-9f1c-225a10f44a77"
recon_1     | 2020-06-24 01:33:36,691 [main] INFO node.SCMNodeManager: Entering startup safe mode.
scm_1       | STARTUP_MSG:   version = 0.6.0-SNAPSHOT
kdc_1       | Authenticating as principal admin/admin with keytab /tmp/admin.keytab.
s3g_1       | 2020-06-24 01:33:35,316 [main] INFO handler.ContextHandler: Started o.e.j.w.WebAppContext@3b97907c{s3gateway,/,file:///tmp/jetty-0_0_0_0-9878-hadoop-ozone-s3gateway-0_6_0-SNAPSHOT_jar-_-any-7638471875498378840.dir/webapp/,AVAILABLE}{jar:file:/opt/hadoop/share/ozone/lib/hadoop-ozone-s3gateway-0.6.0-SNAPSHOT.jar!/webapps/s3gateway}
om_1        | 2020-06-24 01:34:16,809 [IPC Server handler 7 on default port 9862] INFO volume.OMVolumeCreateRequest: created volume:vol-3-67273 for user:testuser/scm@EXAMPLE.COM
datanode_2  | 	at org.apache.hadoop.ozone.container.common.transport.server.GrpcXceiverService$1.onNext(GrpcXceiverService.java:50)
datanode_3  | .
recon_1     | 2020-06-24 01:33:36,704 [main] WARN recon.ReconUtils: ozone.recon.scm.db.dirs is not configured. We recommend adding this setting. Falling back to ozone.metadata.dirs instead.
kdc_1       | WARNING: no policy specified for HTTP/f5f1558671df@EXAMPLE.COM; defaulting to no policy
s3g_1       | 2020-06-24 01:33:35,344 [main] INFO server.AbstractConnector: Started ServerConnector@44be0077{HTTP/1.1,[http/1.1]}{0.0.0.0:9878}
scm_1       | STARTUP_MSG:   classpath = /etc/hadoop:/opt/hadoop/share/hadoop/common/*:/opt/hadoop/share/ozone/lib/ratis-proto-0.6.0-6ab75ae-SNAPSHOT.jar:/opt/hadoop/share/ozone/lib/kerb-simplekdc-1.0.1.jar:/opt/hadoop/share/ozone/lib/okhttp-4.2.2.jar:/opt/hadoop/share/ozone/lib/jackson-databind-2.10.3.jar:/opt/hadoop/share/ozone/lib/protobuf-java-2.5.0.jar:/opt/hadoop/share/ozone/lib/bcpkix-jdk15on-1.60.jar:/opt/hadoop/share/ozone/lib/commons-validator-1.6.jar:/opt/hadoop/share/ozone/lib/hadoop-hdds-client-0.6.0-SNAPSHOT.jar:/opt/hadoop/share/ozone/lib/netty-3.10.5.Final.jar:/opt/hadoop/share/ozone/lib/jaxb-impl-2.3.0.1.jar:/opt/hadoop/share/ozone/lib/kotlin-stdlib-common-1.3.50.jar:/opt/hadoop/share/ozone/lib/kerb-core-1.0.1.jar:/opt/hadoop/share/ozone/lib/jsr305-3.0.0.jar:/opt/hadoop/share/ozone/lib/j2objc-annotations-1.3.jar:/opt/hadoop/share/ozone/lib/leveldbjni-all-1.8.jar:/opt/hadoop/share/ozone/lib/jetty-io-9.4.26.v20200117.jar:/opt/hadoop/share/ozone/lib/jaeger-tracerresolver-1.2.0.jar:/opt/hadoop/share/ozone/lib/hadoop-auth-3.2.1.jar:/opt/hadoop/share/ozone/lib/htrace-core4-4.1.0-incubating.jar:/opt/hadoop/share/ozone/lib/jetty-http-9.4.26.v20200117.jar:/opt/hadoop/share/ozone/lib/kerb-util-1.0.1.jar:/opt/hadoop/share/ozone/lib/jetty-xml-9.4.26.v20200117.jar:/opt/hadoop/share/ozone/lib/jaeger-thrift-1.2.0.jar:/opt/hadoop/share/ozone/lib/commons-logging-1.2.jar:/opt/hadoop/share/ozone/lib/kerby-xdr-1.0.1.jar:/opt/hadoop/share/ozone/lib/jetty-server-9.4.26.v20200117.jar:/opt/hadoop/share/ozone/lib/opentracing-tracerresolver-0.1.8.jar:/opt/hadoop/share/ozone/lib/commons-net-3.6.jar:/opt/hadoop/share/ozone/lib/log4j-api-2.11.0.jar:/opt/hadoop/share/ozone/lib/jaeger-core-1.2.0.jar:/opt/hadoop/share/ozone/lib/error_prone_annotations-2.2.0.jar:/opt/hadoop/share/ozone/lib/ratis-thirdparty-misc-0.4.0.jar:/opt/hadoop/share/ozone/lib/slf4j-log4j12-1.7.25.jar:/opt/hadoop/share/ozone/lib/okio-2.2.2.jar:/opt/hadoop/share/ozone/lib/kerby-config-1.0.1.jar:/opt/hadoop/share/ozone/lib/jetty-util-ajax-9.4.26.v20200117.jar:/opt/hadoop/share/ozone/lib/metrics-core-3.2.4.jar:/opt/hadoop/share/ozone/lib/guava-28.2-jre.jar:/opt/hadoop/share/ozone/lib/kerby-pkix-1.0.1.jar:/opt/hadoop/share/ozone/lib/xz-1.0.jar:/opt/hadoop/share/ozone/lib/jetty-servlet-9.4.26.v20200117.jar:/opt/hadoop/share/ozone/lib/jsr311-api-1.1.1.jar:/opt/hadoop/share/ozone/lib/commons-beanutils-1.9.4.jar:/opt/hadoop/share/ozone/lib/hadoop-hdds-container-service-0.6.0-SNAPSHOT.jar:/opt/hadoop/share/ozone/lib/jetty-security-9.4.26.v20200117.jar:/opt/hadoop/share/ozone/lib/javax.servlet-api-3.1.0.jar:/opt/hadoop/share/ozone/lib/kerb-server-1.0.1.jar:/opt/hadoop/share/ozone/lib/kerb-client-1.0.1.jar:/opt/hadoop/share/ozone/lib/ratis-client-0.6.0-6ab75ae-SNAPSHOT.jar:/opt/hadoop/share/ozone/lib/disruptor-3.4.2.jar:/opt/hadoop/share/ozone/lib/libthrift-0.13.0.jar:/opt/hadoop/share/ozone/lib/hadoop-hdds-docs-0.6.0-SNAPSHOT.jar:/opt/hadoop/share/ozone/lib/annotations-13.0.jar:/opt/hadoop/share/ozone/lib/simpleclient_common-0.7.0.jar:/opt/hadoop/share/ozone/lib/dnsjava-2.1.7.jar:/opt/hadoop/share/ozone/lib/hadoop-hdds-interface-admin-0.6.0-SNAPSHOT.jar:/opt/hadoop/share/ozone/lib/jackson-annotations-2.10.3.jar:/opt/hadoop/share/ozone/lib/commons-configuration2-2.1.1.jar:/opt/hadoop/share/ozone/lib/ratis-netty-0.6.0-6ab75ae-SNAPSHOT.jar:/opt/hadoop/share/ozone/lib/json-smart-2.3.jar:/opt/hadoop/share/ozone/lib/token-provider-1.0.1.jar:/opt/hadoop/share/ozone/lib/log4j-1.2.17.jar:/opt/hadoop/share/ozone/lib/commons-daemon-1.0.13.jar:/opt/hadoop/share/ozone/lib/listenablefuture-9999.0-empty-to-avoid-conflict-with-guava.jar:/opt/hadoop/share/ozone/lib/bcprov-jdk15on-1.60.jar:/opt/hadoop/share/ozone/lib/jetty-webapp-9.4.26.v20200117.jar:/opt/hadoop/share/ozone/lib/hadoop-hdfs-client-3.2.1.jar:/opt/hadoop/share/ozone/lib/commons-lang3-3.7.jar:/opt/hadoop/share/ozone/lib/commons-compress-1.4.1.jar:/opt/hadoop/share/ozone/lib/accessors-smart-1.2.jar:/opt/hadoop/share/ozone/lib/re2j-1.1.jar:/opt/hadoop/share/ozone/lib/hadoop-hdfs-3.2.1.jar:/opt/hadoop/share/ozone/lib/commons-math3-3.1.1.jar:/opt/hadoop/share/ozone/lib/simpleclient_dropwizard-0.7.0.jar:/opt/hadoop/share/ozone/lib/hadoop-common-3.2.1.jar:/opt/hadoop/share/ozone/lib/simpleclient-0.7.0.jar:/opt/hadoop/share/ozone/lib/httpclient-4.5.2.jar:/opt/hadoop/share/ozone/lib/rocksdbjni-6.8.1.jar:/opt/hadoop/share/ozone/lib/asm-5.0.4.jar:/opt/hadoop/share/ozone/lib/kerby-util-1.0.1.jar:/opt/hadoop/share/ozone/lib/failureaccess-1.0.1.jar:/opt/hadoop/share/ozone/lib/ratis-grpc-0.6.0-6ab75ae-SNAPSHOT.jar:/opt/hadoop/share/ozone/lib/jsp-api-2.1.jar:/opt/hadoop/share/ozone/lib/jsch-0.1.54.jar:/opt/hadoop/share/ozone/lib/log4j-core-2.11.0.jar:/opt/hadoop/share/ozone/lib/nimbus-jose-jwt-7.9.jar:/opt/hadoop/share/ozone/lib/kotlin-stdlib-1.3.50.jar:/opt/hadoop/share/ozone/lib/commons-codec-1.11.jar:/opt/hadoop/share/ozone/lib/commons-pool2-2.6.0.jar:/opt/hadoop/share/ozone/lib/jackson-datatype-jsr310-2.10.3.jar:/opt/hadoop/share/ozone/lib/gson-2.2.4.jar:/opt/hadoop/share/ozone/lib/opentracing-api-0.33.0.jar:/opt/hadoop/share/ozone/lib/jcip-annotations-1.0-1.jar:/opt/hadoop/share/ozone/lib/kerb-admin-1.0.1.jar:/opt/hadoop/share/ozone/lib/commons-io-2.5.jar:/opt/hadoop/share/ozone/lib/snakeyaml-1.16.jar:/opt/hadoop/share/ozone/lib/opentracing-noop-0.33.0.jar:/opt/hadoop/share/ozone/lib/jetty-util-9.4.26.v20200117.jar:/opt/hadoop/share/ozone/lib/hadoop-hdds-hadoop-dependency-client-0.6.0-SNAPSHOT.jar:/opt/hadoop/share/ozone/lib/jersey-core-1.19.jar:/opt/hadoop/share/ozone/lib/checker-qual-2.10.0.jar:/opt/hadoop/share/ozone/lib/hadoop-hdds-server-framework-0.6.0-SNAPSHOT.jar:/opt/hadoop/share/ozone/lib/ratis-metrics-0.6.0-6ab75ae-SNAPSHOT.jar:/opt/hadoop/share/ozone/lib/ratis-server-0.6.0-6ab75ae-SNAPSHOT.jar:/opt/hadoop/share/ozone/lib/opentracing-util-0.33.0.jar:/opt/hadoop/share/ozone/lib/picocli-3.9.6.jar:/opt/hadoop/share/ozone/lib/hadoop-hdds-interface-server-0.6.0-SNAPSHOT.jar:/opt/hadoop/share/ozone/lib/hadoop-hdds-common-0.6.0-SNAPSHOT.jar:/opt/hadoop/share/ozone/lib/commons-cli-1.2.jar:/opt/hadoop/share/ozone/lib/woodstox-core-5.0.3.jar:/opt/hadoop/share/ozone/lib/javax.annotation-api-1.2.jar:/opt/hadoop/share/ozone/lib/netty-all-4.1.48.Final.jar:/opt/hadoop/share/ozone/lib/kerby-asn1-1.0.1.jar:/opt/hadoop/share/ozone/lib/hadoop-hdds-config-0.6.0-SNAPSHOT.jar:/opt/hadoop/share/ozone/lib/stax2-api-3.1.4.jar:/opt/hadoop/share/ozone/lib/commons-digester-1.8.1.jar:/opt/hadoop/share/ozone/lib/commons-collections-3.2.2.jar:/opt/hadoop/share/ozone/lib/jettison-1.1.jar:/opt/hadoop/share/ozone/lib/commons-text-1.4.jar:/opt/hadoop/share/ozone/lib/jackson-core-2.10.3.jar:/opt/hadoop/share/ozone/lib/jersey-servlet-1.19.jar:/opt/hadoop/share/ozone/lib/jersey-json-1.19.jar:/opt/hadoop/share/ozone/lib/slf4j-api-1.7.25.jar:/opt/hadoop/share/ozone/lib/kerb-identity-1.0.1.jar:/opt/hadoop/share/ozone/lib/hadoop-hdds-hadoop-dependency-server-0.6.0-SNAPSHOT.jar:/opt/hadoop/share/ozone/lib/jaeger-client-1.2.0.jar:/opt/hadoop/share/ozone/lib/kerb-common-1.0.1.jar:/opt/hadoop/share/ozone/lib/hadoop-hdds-interface-client-0.6.0-SNAPSHOT.jar:/opt/hadoop/share/ozone/lib/jersey-server-1.19.jar:/opt/hadoop/share/ozone/lib/ratis-common-0.6.0-6ab75ae-SNAPSHOT.jar:/opt/hadoop/share/ozone/lib/hadoop-hdds-common-0.6.0-SNAPSHOT-tests.jar:/opt/hadoop/share/ozone/lib/kerb-crypto-1.0.1.jar:/opt/hadoop/share/ozone/lib/hadoop-annotations-3.2.1.jar:/opt/hadoop/share/ozone/lib/httpcore-4.4.4.jar:/opt/hadoop/share/ozone/web:/opt/hadoop/share/ozone/lib/hadoop-hdds-server-scm-0.6.0-SNAPSHOT.jar
om_1        | 2020-06-24 01:34:16,815 [IPC Server handler 9 on default port 9862] INFO volume.OMVolumeCreateRequest: created volume:vol-4-91996 for user:testuser/scm@EXAMPLE.COM
datanode_2  | 	at org.apache.ratis.thirdparty.io.grpc.stub.ServerCalls$StreamingServerCallHandler$StreamingServerCallListener.onMessage(ServerCalls.java:251)
datanode_3  | 2020-06-24 01:33:55,438 [Command processor thread] INFO impl.RaftServerProxy: 3b03a457-85b4-42b1-96c7-f09d841be0ba: addNew group-288384890248:[fb87b04d-0b6a-4694-aa77-edaf1c02770b:172.26.0.4:9858, c4843248-ac5d-494f-b7df-a3d6dec6a3b9:172.26.0.8:9858, 3b03a457-85b4-42b1-96c7-f09d841be0ba:172.26.0.7:9858] returns group-288384890248:java.util.concurrent.CompletableFuture@409fa259[Not completed]
recon_1     | 2020-06-24 01:33:36,740 [main] INFO scm.ReconNodeManager: Loaded 0 nodes from node DB.
kdc_1       | Principal "HTTP/f5f1558671df@EXAMPLE.COM" created.
s3g_1       | 2020-06-24 01:33:35,347 [main] INFO server.Server: Started @21921ms
scm_1       | STARTUP_MSG:   build = https://github.com/apache/hadoop-ozone/3ca7f5c6c8bf167f0147bcd2a1e0c53a881c43d6 ; compiled by 'jenkins1001' on 2020-06-24T00:46Z
om_1        | 2020-06-24 01:35:01,120 [qtp989171574-134] INFO om.OMDBCheckpointServlet: Received request to obtain OM DB checkpoint snapshot
datanode_2  | 	at org.apache.ratis.thirdparty.io.grpc.ForwardingServerCallListener.onMessage(ForwardingServerCallListener.java:33)
datanode_3  | 2020-06-24 01:33:55,459 [pool-20-thread-1] INFO impl.RaftServerImpl: 3b03a457-85b4-42b1-96c7-f09d841be0ba: new RaftServerImpl for group-288384890248:[fb87b04d-0b6a-4694-aa77-edaf1c02770b:172.26.0.4:9858, c4843248-ac5d-494f-b7df-a3d6dec6a3b9:172.26.0.8:9858, 3b03a457-85b4-42b1-96c7-f09d841be0ba:172.26.0.7:9858] with ContainerStateMachine:uninitialized
recon_1     | 2020-06-24 01:33:36,743 [main] INFO algorithms.ContainerPlacementPolicyFactory: Create container placement policy of type org.apache.hadoop.hdds.scm.container.placement.algorithms.SCMContainerPlacementRandom
kdc_1       | Authenticating as principal admin/admin with keytab /tmp/admin.keytab.
s3g_1       | 2020-06-24 01:33:35,352 [main] INFO http.BaseHttpServer: HTTP server of s3gateway listening at http://0.0.0.0:9878
scm_1       | STARTUP_MSG:   java = 11.0.6
om_1        | 2020-06-24 01:35:01,136 [qtp989171574-134] INFO db.RDBCheckpointManager: Created checkpoint at /data/metadata/db.checkpoints/rdb_rdb_checkpoint_1592962501120 in 15 milliseconds
datanode_2  | 	at org.apache.hadoop.hdds.tracing.GrpcServerInterceptor$1.onMessage(GrpcServerInterceptor.java:49)
datanode_3  | 2020-06-24 01:33:55,459 [pool-20-thread-1] INFO server.RaftServerConfigKeys: raft.server.rpc.timeout.min = 5s (custom)
recon_1     | 2020-06-24 01:33:36,780 [main] INFO ipc.CallQueueManager: Using callQueue: class java.util.concurrent.LinkedBlockingQueue, queueCapacity: 10000, scheduler: class org.apache.hadoop.ipc.DefaultRpcScheduler, ipcBackoff: false.
kdc_1       | Entry for principal HTTP/f5f1558671df@EXAMPLE.COM with kvno 2, encryption type aes256-cts-hmac-sha1-96 added to keytab WRFILE:/data/HTTP.f5f1558671df.keytab.
scm_1       | ************************************************************/
om_1        | 2020-06-24 01:35:01,139 [qtp989171574-134] INFO om.OMDBCheckpointServlet: Time taken to write the checkpoint to response output stream: 2 milliseconds
datanode_2  | 	at org.apache.ratis.thirdparty.io.grpc.internal.ServerCallImpl$ServerStreamListenerImpl.messagesAvailableInternal(ServerCallImpl.java:309)
datanode_3  | 2020-06-24 01:33:55,459 [pool-20-thread-1] INFO server.RaftServerConfigKeys: raft.server.rpc.timeout.max = 5200ms (custom)
recon_1     | 2020-06-24 01:33:36,828 [Socket Reader #1 for port 9891] INFO ipc.Server: Starting Socket Reader #1 for port 9891
kdc_1       | Entry for principal HTTP/f5f1558671df@EXAMPLE.COM with kvno 2, encryption type aes128-cts-hmac-sha1-96 added to keytab WRFILE:/data/HTTP.f5f1558671df.keytab.
scm_1       | 2020-06-24 01:33:34,726 [main] INFO server.StorageContainerManagerStarter: registered UNIX signal handlers for [TERM, HUP, INT]
om_1        | 2020-06-24 01:35:01,139 [qtp989171574-134] INFO db.RocksDBCheckpoint: Cleaning up RocksDB checkpoint at /data/metadata/db.checkpoints/rdb_rdb_checkpoint_1592962501120
datanode_2  | 	at org.apache.ratis.thirdparty.io.grpc.internal.ServerCallImpl$ServerStreamListenerImpl.messagesAvailable(ServerCallImpl.java:292)
datanode_3  | 2020-06-24 01:33:55,459 [pool-20-thread-1] INFO server.RaftServerConfigKeys: raft.server.rpcslowness.timeout = 300s (custom)
recon_1     | 2020-06-24 01:33:36,935 [Listener at 0.0.0.0/9891] INFO pipeline.SCMPipelineManager: No pipeline exists in current db
kdc_1       | Generiting keytab
scm_1       | 2020-06-24 01:33:35,172 [main] WARN server.ServerUtils: ozone.scm.db.dirs is not configured. We recommend adding this setting. Falling back to ozone.metadata.dirs instead.
om_1        | 2020-06-24 01:35:54,802 [Socket Reader #1 for port 9862] INFO ipc.Server: Auth successful for testuser/scm@EXAMPLE.COM (auth:KERBEROS)
om_1        | 2020-06-24 01:35:54,808 [Socket Reader #1 for port 9862] INFO authorize.ServiceAuthorizationManager: Authorization successful for testuser/scm@EXAMPLE.COM (auth:KERBEROS) for protocol=interface org.apache.hadoop.ozone.om.protocol.OzoneManagerProtocol
datanode_3  | 2020-06-24 01:33:55,459 [pool-20-thread-1] INFO server.RaftServerConfigKeys: raft.server.sleep.deviation.threshold = 300 (default)
recon_1     | 2020-06-24 01:33:36,981 [Listener at 0.0.0.0/9891] INFO recon.ReconServer: Recon server initialized successfully!
kdc_1       | Authenticating as principal admin/admin with keytab /tmp/admin.keytab.
scm_1       | WARNING: An illegal reflective access operation has occurred
om_1        | 2020-06-24 01:36:01,341 [Socket Reader #1 for port 9862] INFO ipc.Server: Auth successful for recon/recon@EXAMPLE.COM (auth:KERBEROS)
datanode_2  | 	at org.apache.ratis.thirdparty.io.grpc.internal.ServerImpl$JumpToApplicationThreadServerStreamListener$1MessagesAvailable.runInContext(ServerImpl.java:782)
datanode_3  | 2020-06-24 01:33:55,459 [pool-20-thread-1] INFO server.RaftServerConfigKeys: raft.server.log.appender.install.snapshot.enabled = false (custom)
recon_1     | 2020-06-24 01:33:36,981 [Listener at 0.0.0.0/9891] INFO recon.ReconServer: Starting Recon server
recon_1     | 2020-06-24 01:33:37,092 [Listener at 0.0.0.0/9891] INFO impl.MetricsConfig: Loaded properties from hadoop-metrics2.properties
scm_1       | WARNING: Illegal reflective access by org.apache.hadoop.security.authentication.util.KerberosUtil (file:/opt/hadoop/share/ozone/lib/hadoop-auth-3.2.1.jar) to method sun.security.krb5.Config.getInstance()
om_1        | 2020-06-24 01:36:01,351 [Socket Reader #1 for port 9862] INFO authorize.ServiceAuthorizationManager: Authorization successful for recon/recon@EXAMPLE.COM (auth:KERBEROS) for protocol=interface org.apache.hadoop.ozone.om.protocol.OzoneManagerProtocol
datanode_2  | 	at org.apache.ratis.thirdparty.io.grpc.internal.ContextRunnable.run(ContextRunnable.java:37)
recon_1     | 2020-06-24 01:33:37,147 [Listener at 0.0.0.0/9891] INFO impl.MetricsSystemImpl: Scheduled Metric snapshot period at 10 second(s).
kdc_1       | WARNING: no policy specified for testuser/scm@EXAMPLE.COM; defaulting to no policy
datanode_3  | 2020-06-24 01:33:55,459 [pool-20-thread-1] INFO impl.RaftServerImpl: 3b03a457-85b4-42b1-96c7-f09d841be0ba@group-288384890248: ConfigurationManager, init=-1: [fb87b04d-0b6a-4694-aa77-edaf1c02770b:172.26.0.4:9858, c4843248-ac5d-494f-b7df-a3d6dec6a3b9:172.26.0.8:9858, 3b03a457-85b4-42b1-96c7-f09d841be0ba:172.26.0.7:9858], old=null, confs=<EMPTY_MAP>
scm_1       | WARNING: Please consider reporting this to the maintainers of org.apache.hadoop.security.authentication.util.KerberosUtil
om_1        | 2020-06-24 01:36:10,023 [Socket Reader #1 for port 9862] INFO ipc.Server: Auth successful for testuser/scm@EXAMPLE.COM (auth:KERBEROS)
datanode_2  | 	at org.apache.ratis.thirdparty.io.grpc.internal.SerializingExecutor.run(SerializingExecutor.java:123)
recon_1     | 2020-06-24 01:33:37,147 [Listener at 0.0.0.0/9891] INFO impl.MetricsSystemImpl: Recon metrics system started
kdc_1       | Principal "testuser/scm@EXAMPLE.COM" created.
datanode_3  | 2020-06-24 01:33:55,460 [pool-20-thread-1] INFO server.RaftServerConfigKeys: raft.server.storage.dir = [/data/metadata/ratis] (custom)
scm_1       | WARNING: Use --illegal-access=warn to enable warnings of further illegal reflective access operations
om_1        | 2020-06-24 01:36:10,025 [Socket Reader #1 for port 9862] INFO authorize.ServiceAuthorizationManager: Authorization successful for testuser/scm@EXAMPLE.COM (auth:KERBEROS) for protocol=interface org.apache.hadoop.ozone.om.protocol.OzoneManagerProtocol
datanode_2  | 	at java.base/java.util.concurrent.ThreadPoolExecutor.runWorker(ThreadPoolExecutor.java:1128)
recon_1     | 2020-06-24 01:33:37,508 [Listener at 0.0.0.0/9891] INFO http.HttpServer2: Jetty bound to port 9888
kdc_1       | Authenticating as principal admin/admin with keytab /tmp/admin.keytab.
datanode_3  | 2020-06-24 01:33:55,460 [pool-20-thread-1] INFO server.RaftServerConfigKeys: raft.server.log.corruption.policy = EXCEPTION (default)
scm_1       | WARNING: All illegal access operations will be denied in a future release
om_1        | 2020-06-24 01:36:25,148 [Socket Reader #1 for port 9862] INFO ipc.Server: Auth successful for testuser/scm@EXAMPLE.COM (auth:KERBEROS)
datanode_2  | 	at java.base/java.util.concurrent.ThreadPoolExecutor$Worker.run(ThreadPoolExecutor.java:628)
recon_1     | 2020-06-24 01:33:37,514 [Listener at 0.0.0.0/9891] INFO server.Server: jetty-9.4.26.v20200117; built: 2020-01-17T12:35:33.676Z; git: 7b38981d25d14afb4a12ff1f2596756144edf695; jvm 11.0.6+10-LTS
kdc_1       | Entry for principal testuser/scm@EXAMPLE.COM with kvno 2, encryption type aes256-cts-hmac-sha1-96 added to keytab WRFILE:/data/testuser.scm.keytab.
datanode_3  | 2020-06-24 01:33:55,460 [pool-20-thread-1] INFO storage.RaftStorageDirectory: The storage directory /data/metadata/ratis/7c3b60af-f573-45e7-9a21-288384890248 does not exist. Creating ...
datanode_3  | 2020-06-24 01:33:55,497 [pool-20-thread-1] INFO storage.RaftStorageDirectory: Lock on /data/metadata/ratis/7c3b60af-f573-45e7-9a21-288384890248/in_use.lock acquired by nodename 6@f5f1558671df
om_1        | 2020-06-24 01:36:25,165 [Socket Reader #1 for port 9862] INFO authorize.ServiceAuthorizationManager: Authorization successful for testuser/scm@EXAMPLE.COM (auth:KERBEROS) for protocol=interface org.apache.hadoop.ozone.om.protocol.OzoneManagerProtocol
datanode_2  | 	at java.base/java.lang.Thread.run(Thread.java:834)
recon_1     | 2020-06-24 01:33:37,558 [Listener at 0.0.0.0/9891] INFO server.session: DefaultSessionIdManager workerName=node0
kdc_1       | Entry for principal testuser/scm@EXAMPLE.COM with kvno 2, encryption type aes128-cts-hmac-sha1-96 added to keytab WRFILE:/data/testuser.scm.keytab.
datanode_3  | 2020-06-24 01:33:55,499 [pool-20-thread-1] INFO storage.RaftStorage: Storage directory /data/metadata/ratis/7c3b60af-f573-45e7-9a21-288384890248 has been successfully formatted.
scm_1       | 2020-06-24 01:33:35,719 [main] INFO security.UserGroupInformation: Login successful for user scm/scm@EXAMPLE.COM using keytab file /etc/security/keytabs/scm.keytab
om_1        | 2020-06-24 01:36:40,310 [Socket Reader #1 for port 9862] INFO ipc.Server: Auth successful for testuser/scm@EXAMPLE.COM (auth:KERBEROS)
datanode_2  | 2020-06-24 01:38:16,207 [grpc-default-executor-0] INFO keyvalue.KeyValueHandler: Operation: GetBlock , Trace ID:  , Message: Unable to find the block with bcsID 166 .Container 1 bcsId is 126. , Result: UNKNOWN_BCSID , StorageContainerException Occurred.
recon_1     | 2020-06-24 01:33:37,558 [Listener at 0.0.0.0/9891] INFO server.session: No SessionScavenger set, using defaults
kdc_1       | Generiting keytab
datanode_3  | 2020-06-24 01:33:55,500 [pool-20-thread-1] INFO ratis.ContainerStateMachine: group-288384890248: The snapshot info is null. Setting the last applied indexto:(t:0, i:~)
scm_1       | 2020-06-24 01:33:35,719 [main] INFO server.StorageContainerManager: SCM login successful.
scm_1       | 2020-06-24 01:33:35,912 [main] WARN db.DBStoreBuilder: ozone.scm.db.dirs is not configured. We recommend adding this setting. Falling back to ozone.metadata.dirs instead.
recon_1     | 2020-06-24 01:33:37,560 [Listener at 0.0.0.0/9891] INFO server.session: node0 Scavenging every 600000ms
datanode_2  | org.apache.hadoop.hdds.scm.container.common.helpers.StorageContainerException: Unable to find the block with bcsID 166 .Container 1 bcsId is 126.
kdc_1       | Authenticating as principal admin/admin with keytab /tmp/admin.keytab.
datanode_3  | 2020-06-24 01:33:55,500 [pool-20-thread-1] INFO server.RaftServerConfigKeys: raft.server.notification.no-leader.timeout = 60s (default)
scm_1       | 2020-06-24 01:33:37,300 [main] INFO ipc.CallQueueManager: Using callQueue: class java.util.concurrent.LinkedBlockingQueue, queueCapacity: 200, scheduler: class org.apache.hadoop.ipc.DefaultRpcScheduler, ipcBackoff: false.
om_1        | 2020-06-24 01:36:40,313 [Socket Reader #1 for port 9862] INFO authorize.ServiceAuthorizationManager: Authorization successful for testuser/scm@EXAMPLE.COM (auth:KERBEROS) for protocol=interface org.apache.hadoop.ozone.om.protocol.OzoneManagerProtocol
recon_1     | 2020-06-24 01:33:37,616 [Listener at 0.0.0.0/9891] INFO server.KerberosAuthenticationHandler: Using keytab /etc/security/keytabs/HTTP.keytab, for principal HTTP/recon@EXAMPLE.COM
datanode_2  | 	at org.apache.hadoop.ozone.container.keyvalue.impl.BlockManagerImpl.getBlock(BlockManagerImpl.java:177)
kdc_1       | WARNING: no policy specified for s3g/s3g@EXAMPLE.COM; defaulting to no policy
datanode_3  | 2020-06-24 01:33:55,501 [pool-20-thread-1] INFO server.RaftServerConfigKeys: raft.server.log.use.memory = false (default)
scm_1       | 2020-06-24 01:33:37,332 [Socket Reader #1 for port 9961] INFO ipc.Server: Starting Socket Reader #1 for port 9961
om_1        | 2020-06-24 01:36:55,456 [Socket Reader #1 for port 9862] INFO ipc.Server: Auth successful for testuser/scm@EXAMPLE.COM (auth:KERBEROS)
recon_1     | 2020-06-24 01:33:37,625 [Listener at 0.0.0.0/9891] INFO handler.ContextHandler: Started o.e.j.s.ServletContextHandler@71aaf151{logs,/logs,file:///var/log/hadoop/,AVAILABLE}
datanode_2  | 	at org.apache.hadoop.ozone.container.keyvalue.KeyValueHandler.handleGetBlock(KeyValueHandler.java:473)
kdc_1       | Principal "s3g/s3g@EXAMPLE.COM" created.
datanode_3  | 2020-06-24 01:33:55,501 [pool-20-thread-1] INFO server.RaftServerConfigKeys: raft.server.log.purge.gap = 1000000 (custom)
scm_1       | 2020-06-24 01:33:37,516 [Listener at 0.0.0.0/9961] INFO net.NodeSchemaLoader: Loading file from java.lang.CompoundEnumeration@3c2772d1
om_1        | 2020-06-24 01:36:55,459 [Socket Reader #1 for port 9862] INFO authorize.ServiceAuthorizationManager: Authorization successful for testuser/scm@EXAMPLE.COM (auth:KERBEROS) for protocol=interface org.apache.hadoop.ozone.om.protocol.OzoneManagerProtocol
recon_1     | 2020-06-24 01:33:37,625 [Listener at 0.0.0.0/9891] INFO handler.ContextHandler: Started o.e.j.s.ServletContextHandler@53940e2f{static,/static,jar:file:/opt/hadoop/share/ozone/lib/hadoop-ozone-recon-0.6.0-SNAPSHOT.jar!/webapps/static,AVAILABLE}
datanode_2  | 	at org.apache.hadoop.ozone.container.keyvalue.KeyValueHandler.dispatchRequest(KeyValueHandler.java:181)
kdc_1       | Authenticating as principal admin/admin with keytab /tmp/admin.keytab.
datanode_3  | 2020-06-24 01:33:55,501 [pool-20-thread-1] INFO server.RaftServerConfigKeys: raft.server.log.appender.buffer.byte-limit = 33554432 (custom)
om_1        | 2020-06-24 01:37:01,534 [Socket Reader #1 for port 9862] INFO ipc.Server: Auth successful for recon/recon@EXAMPLE.COM (auth:KERBEROS)
scm_1       | 2020-06-24 01:33:37,517 [Listener at 0.0.0.0/9961] INFO net.NodeSchemaLoader: Loading network topology layer schema file
datanode_2  | 	at org.apache.hadoop.ozone.container.keyvalue.KeyValueHandler.handle(KeyValueHandler.java:155)
kdc_1       | Entry for principal s3g/s3g@EXAMPLE.COM with kvno 2, encryption type aes256-cts-hmac-sha1-96 added to keytab WRFILE:/data/s3g.s3g.keytab.
datanode_3  | 2020-06-24 01:33:55,518 [pool-20-thread-1] INFO server.RaftServerConfigKeys: raft.server.log.segment.size.max = 1048576 (custom)
om_1        | 2020-06-24 01:37:01,552 [Socket Reader #1 for port 9862] INFO authorize.ServiceAuthorizationManager: Authorization successful for recon/recon@EXAMPLE.COM (auth:KERBEROS) for protocol=interface org.apache.hadoop.ozone.om.protocol.OzoneManagerProtocol
recon_1     | 2020-06-24 01:33:38,221 [Listener at 0.0.0.0/9891] INFO server.KerberosAuthenticationHandler: Using keytab /etc/security/keytabs/HTTP.keytab, for principal HTTP/recon@EXAMPLE.COM
scm_1       | 2020-06-24 01:33:37,606 [Listener at 0.0.0.0/9961] INFO node.SCMNodeManager: Entering startup safe mode.
datanode_2  | 	at org.apache.hadoop.ozone.container.common.impl.HddsDispatcher.dispatchRequest(HddsDispatcher.java:304)
kdc_1       | Entry for principal s3g/s3g@EXAMPLE.COM with kvno 2, encryption type aes128-cts-hmac-sha1-96 added to keytab WRFILE:/data/s3g.s3g.keytab.
datanode_3  | 2020-06-24 01:33:55,520 [pool-20-thread-1] INFO metrics.RatisMetrics: Creating Metrics Registry : ratis.log_worker.3b03a457-85b4-42b1-96c7-f09d841be0ba@group-288384890248
om_1        | 2020-06-24 01:37:10,595 [Socket Reader #1 for port 9862] INFO ipc.Server: Auth successful for testuser/scm@EXAMPLE.COM (auth:KERBEROS)
recon_1     | 2020-06-24 01:33:40,081 [Listener at 0.0.0.0/9891] INFO handler.ContextHandler: Started o.e.j.w.WebAppContext@7736c41e{recon,/,file:///tmp/jetty-0_0_0_0-9888-hadoop-ozone-recon-0_6_0-SNAPSHOT_jar-_-any-7611427898031422036.dir/webapp/,AVAILABLE}{jar:file:/opt/hadoop/share/ozone/lib/hadoop-ozone-recon-0.6.0-SNAPSHOT.jar!/webapps/recon}
scm_1       | 2020-06-24 01:33:37,776 [Listener at 0.0.0.0/9961] INFO algorithms.ContainerPlacementPolicyFactory: Create container placement policy of type org.apache.hadoop.hdds.scm.container.placement.algorithms.SCMContainerPlacementRandom
scm_1       | 2020-06-24 01:33:37,790 [Listener at 0.0.0.0/9961] INFO pipeline.SCMPipelineManager: No pipeline exists in current db
kdc_1       | Generiting keytab
datanode_3  | 2020-06-24 01:33:55,521 [pool-20-thread-1] INFO server.RaftServerConfigKeys: raft.server.log.segment.cache.num.max = 2 (custom)
om_1        | 2020-06-24 01:37:10,600 [Socket Reader #1 for port 9862] INFO authorize.ServiceAuthorizationManager: Authorization successful for testuser/scm@EXAMPLE.COM (auth:KERBEROS) for protocol=interface org.apache.hadoop.ozone.om.protocol.OzoneManagerProtocol
recon_1     | 2020-06-24 01:33:40,088 [Listener at 0.0.0.0/9891] INFO server.AbstractConnector: Started ServerConnector@1039bfc4{HTTP/1.1,[http/1.1]}{0.0.0.0:9888}
scm_1       | 2020-06-24 01:33:37,869 [Listener at 0.0.0.0/9961] INFO safemode.HealthyPipelineSafeModeRule: Total pipeline count is 0, healthy pipeline threshold count is 1
datanode_2  | 	at org.apache.hadoop.ozone.container.common.impl.HddsDispatcher.dispatch(HddsDispatcher.java:166)
kdc_1       | Authenticating as principal admin/admin with keytab /tmp/admin.keytab.
datanode_3  | 2020-06-24 01:33:55,521 [pool-20-thread-1] INFO segmented.SegmentedRaftLogWorker: new 3b03a457-85b4-42b1-96c7-f09d841be0ba@group-288384890248-SegmentedRaftLogWorker for RaftStorage:Storage Directory /data/metadata/ratis/7c3b60af-f573-45e7-9a21-288384890248
om_1        | 2020-06-24 01:37:25,743 [Socket Reader #1 for port 9862] INFO ipc.Server: Auth successful for testuser/scm@EXAMPLE.COM (auth:KERBEROS)
recon_1     | 2020-06-24 01:33:40,088 [Listener at 0.0.0.0/9891] INFO server.Server: Started @27297ms
scm_1       | 2020-06-24 01:33:37,870 [Listener at 0.0.0.0/9961] INFO safemode.OneReplicaPipelineSafeModeRule: Total pipeline count is 0, pipeline's with at least one datanode reported threshold count is 0
datanode_2  | 	at org.apache.hadoop.ozone.container.common.transport.server.GrpcXceiverService$1.onNext(GrpcXceiverService.java:57)
kdc_1       | WARNING: no policy specified for testuser2/scm@EXAMPLE.COM; defaulting to no policy
datanode_3  | 2020-06-24 01:33:55,521 [pool-20-thread-1] INFO server.RaftServerConfigKeys: raft.server.log.queue.byte-limit = 2147483647 (custom)
om_1        | 2020-06-24 01:37:25,745 [Socket Reader #1 for port 9862] INFO authorize.ServiceAuthorizationManager: Authorization successful for testuser/scm@EXAMPLE.COM (auth:KERBEROS) for protocol=interface org.apache.hadoop.ozone.om.protocol.OzoneManagerProtocol
recon_1     | 2020-06-24 01:33:40,105 [Listener at 0.0.0.0/9891] INFO impl.MetricsSinkAdapter: Sink prometheus started
scm_1       | 2020-06-24 01:33:37,993 [RatisPipelineUtilsThread] ERROR pipeline.SCMPipelineManager: Failed to create pipeline of type RATIS and factor ONE. Exception: Cannot create pipeline of factor 1 using 0 nodes. Used 0 nodes. Healthy nodes 0
datanode_2  | 	at org.apache.hadoop.ozone.container.common.transport.server.GrpcXceiverService$1.onNext(GrpcXceiverService.java:50)
kdc_1       | Principal "testuser2/scm@EXAMPLE.COM" created.
datanode_3  | 2020-06-24 01:33:55,521 [pool-20-thread-1] INFO server.RaftServerConfigKeys: raft.server.log.queue.element-limit = 1024 (custom)
om_1        | 2020-06-24 01:37:40,858 [Socket Reader #1 for port 9862] INFO ipc.Server: Auth successful for testuser/scm@EXAMPLE.COM (auth:KERBEROS)
recon_1     | 2020-06-24 01:33:40,106 [Listener at 0.0.0.0/9891] INFO impl.MetricsSystemImpl: Registered sink prometheus
scm_1       | 2020-06-24 01:33:38,823 [Listener at 0.0.0.0/9961] INFO ipc.CallQueueManager: Using callQueue: class java.util.concurrent.LinkedBlockingQueue, queueCapacity: 10000, scheduler: class org.apache.hadoop.ipc.DefaultRpcScheduler, ipcBackoff: false.
datanode_2  | 	at org.apache.ratis.thirdparty.io.grpc.stub.ServerCalls$StreamingServerCallHandler$StreamingServerCallListener.onMessage(ServerCalls.java:251)
kdc_1       | Authenticating as principal admin/admin with keytab /tmp/admin.keytab.
datanode_3  | 2020-06-24 01:33:55,521 [pool-20-thread-1] INFO server.RaftServerConfigKeys: raft.server.log.segment.size.max = 1048576 (custom)
om_1        | 2020-06-24 01:37:40,863 [Socket Reader #1 for port 9862] INFO authorize.ServiceAuthorizationManager: Authorization successful for testuser/scm@EXAMPLE.COM (auth:KERBEROS) for protocol=interface org.apache.hadoop.ozone.om.protocol.OzoneManagerProtocol
recon_1     | 2020-06-24 01:33:40,110 [Listener at 0.0.0.0/9891] INFO http.BaseHttpServer: HTTP server of recon listening at http://0.0.0.0:9888
scm_1       | 2020-06-24 01:33:38,830 [Socket Reader #1 for port 9861] INFO ipc.Server: Starting Socket Reader #1 for port 9861
datanode_2  | 	at org.apache.ratis.thirdparty.io.grpc.ForwardingServerCallListener.onMessage(ForwardingServerCallListener.java:33)
kdc_1       | Entry for principal testuser2/scm@EXAMPLE.COM with kvno 2, encryption type aes256-cts-hmac-sha1-96 added to keytab WRFILE:/data/testuser2.scm.keytab.
datanode_3  | 2020-06-24 01:33:55,521 [pool-20-thread-1] INFO server.RaftServerConfigKeys: raft.server.log.preallocated.size = 16384 (custom)
om_1        | 2020-06-24 01:37:56,004 [Socket Reader #1 for port 9862] INFO ipc.Server: Auth successful for testuser/scm@EXAMPLE.COM (auth:KERBEROS)
recon_1     | 2020-06-24 01:33:40,110 [Listener at 0.0.0.0/9891] INFO impl.OzoneManagerServiceProviderImpl: Starting Ozone Manager Service Provider.
scm_1       | 2020-06-24 01:33:38,883 [Listener at 0.0.0.0/9861] INFO ipc.CallQueueManager: Using callQueue: class java.util.concurrent.LinkedBlockingQueue, queueCapacity: 10000, scheduler: class org.apache.hadoop.ipc.DefaultRpcScheduler, ipcBackoff: false.
datanode_2  | 	at org.apache.hadoop.hdds.tracing.GrpcServerInterceptor$1.onMessage(GrpcServerInterceptor.java:49)
kdc_1       | Entry for principal testuser2/scm@EXAMPLE.COM with kvno 2, encryption type aes128-cts-hmac-sha1-96 added to keytab WRFILE:/data/testuser2.scm.keytab.
datanode_3  | 2020-06-24 01:33:55,522 [pool-20-thread-1] INFO server.RaftServerConfigKeys: raft.server.log.write.buffer.size = 1048576 (custom)
datanode_3  | 2020-06-24 01:33:55,522 [pool-20-thread-1] INFO server.RaftServerConfigKeys: raft.server.log.force.sync.num = 128 (default)
recon_1     | 2020-06-24 01:33:40,119 [Listener at 0.0.0.0/9891] INFO impl.OzoneManagerServiceProviderImpl: Registered OmDeltaRequest task 
recon_1     | 2020-06-24 01:33:40,126 [Listener at 0.0.0.0/9891] INFO impl.OzoneManagerServiceProviderImpl: Registered OmSnapshotRequest task 
datanode_2  | 	at org.apache.ratis.thirdparty.io.grpc.internal.ServerCallImpl$ServerStreamListenerImpl.messagesAvailableInternal(ServerCallImpl.java:309)
kdc_1       | Generiting keytab
datanode_3  | 2020-06-24 01:33:55,522 [pool-20-thread-1] INFO server.RaftServerConfigKeys: raft.server.log.statemachine.data.sync = true (default)
om_1        | 2020-06-24 01:37:56,005 [Socket Reader #1 for port 9862] INFO authorize.ServiceAuthorizationManager: Authorization successful for testuser/scm@EXAMPLE.COM (auth:KERBEROS) for protocol=interface org.apache.hadoop.ozone.om.protocol.OzoneManagerProtocol
recon_1     | 2020-06-24 01:33:40,126 [Listener at 0.0.0.0/9891] INFO recovery.ReconOmMetadataManagerImpl: Starting ReconOMMetadataManagerImpl
scm_1       | 2020-06-24 01:33:38,896 [Socket Reader #1 for port 9863] INFO ipc.Server: Starting Socket Reader #1 for port 9863
datanode_2  | 	at org.apache.ratis.thirdparty.io.grpc.internal.ServerCallImpl$ServerStreamListenerImpl.messagesAvailable(ServerCallImpl.java:292)
kdc_1       | Authenticating as principal admin/admin with keytab /tmp/admin.keytab.
datanode_3  | 2020-06-24 01:33:55,522 [pool-20-thread-1] INFO server.RaftServerConfigKeys: raft.server.log.statemachine.data.sync.timeout = 10s (default)
datanode_3  | 2020-06-24 01:33:55,522 [pool-20-thread-1] INFO server.RaftServerConfigKeys: raft.server.log.statemachine.data.sync.timeout.retry = -1 (default)
recon_1     | 2020-06-24 01:33:40,126 [Listener at 0.0.0.0/9891] WARN recon.ReconUtils: ozone.recon.om.db.dir is not configured. We recommend adding this setting. Falling back to ozone.metadata.dirs instead.
scm_1       | 2020-06-24 01:33:38,976 [Listener at 0.0.0.0/9863] INFO ipc.CallQueueManager: Using callQueue: class java.util.concurrent.LinkedBlockingQueue, queueCapacity: 10000, scheduler: class org.apache.hadoop.ipc.DefaultRpcScheduler, ipcBackoff: false.
datanode_2  | 	at org.apache.ratis.thirdparty.io.grpc.internal.ServerImpl$JumpToApplicationThreadServerStreamListener$1MessagesAvailable.runInContext(ServerImpl.java:782)
kdc_1       | WARNING: no policy specified for HTTP/s3g@EXAMPLE.COM; defaulting to no policy
datanode_3  | 2020-06-24 01:33:55,525 [pool-20-thread-1] INFO server.RaftServerConfigKeys: raft.server.log.statemachine.data.caching.enabled = true (custom)
datanode_3  | 2020-06-24 01:33:55,529 [pool-20-thread-1] INFO segmented.SegmentedRaftLogWorker: 3b03a457-85b4-42b1-96c7-f09d841be0ba@group-288384890248-SegmentedRaftLogWorker: flushIndex: setUnconditionally 0 -> -1
recon_1     | 2020-06-24 01:33:40,127 [Listener at 0.0.0.0/9891] INFO tasks.ReconTaskControllerImpl: Starting Recon Task Controller.
scm_1       | 2020-06-24 01:33:38,988 [Socket Reader #1 for port 9860] INFO ipc.Server: Starting Socket Reader #1 for port 9860
datanode_2  | 	at org.apache.ratis.thirdparty.io.grpc.internal.ContextRunnable.run(ContextRunnable.java:37)
datanode_3  | 2020-06-24 01:33:55,530 [pool-20-thread-1] INFO segmented.SegmentedRaftLogWorker: 3b03a457-85b4-42b1-96c7-f09d841be0ba@group-288384890248-SegmentedRaftLogWorker: safeCacheEvictIndex: setUnconditionally 0 -> -1
om_1        | 2020-06-24 01:38:01,586 [Socket Reader #1 for port 9862] INFO ipc.Server: Auth successful for recon/recon@EXAMPLE.COM (auth:KERBEROS)
kdc_1       | Principal "HTTP/s3g@EXAMPLE.COM" created.
recon_1     | 2020-06-24 01:33:40,137 [Listener at 0.0.0.0/9891] INFO scm.ReconStorageContainerManagerFacade: Recon ScmDatanodeProtocol RPC server is listening at /0.0.0.0:9891
scm_1       | 2020-06-24 01:33:39,069 [Listener at 0.0.0.0/9860] INFO http.BaseHttpServer: Starting Web-server for scm at: http://0.0.0.0:9876
datanode_2  | 	at org.apache.ratis.thirdparty.io.grpc.internal.SerializingExecutor.run(SerializingExecutor.java:123)
datanode_3  | 2020-06-24 01:33:55,539 [pool-20-thread-1] INFO server.RaftServerConfigKeys: raft.server.snapshot.auto.trigger.enabled = true (custom)
om_1        | 2020-06-24 01:38:01,596 [Socket Reader #1 for port 9862] INFO authorize.ServiceAuthorizationManager: Authorization successful for recon/recon@EXAMPLE.COM (auth:KERBEROS) for protocol=interface org.apache.hadoop.ozone.om.protocol.OzoneManagerProtocol
kdc_1       | Authenticating as principal admin/admin with keytab /tmp/admin.keytab.
recon_1     | 2020-06-24 01:33:42,075 [Listener at 0.0.0.0/9891] INFO scm.ReconStorageContainerManagerFacade: Obtained 0 pipelines from SCM.
datanode_2  | 	at java.base/java.util.concurrent.ThreadPoolExecutor.runWorker(ThreadPoolExecutor.java:1128)
datanode_3  | 2020-06-24 01:33:55,542 [pool-20-thread-1] INFO server.RaftServerConfigKeys: raft.server.snapshot.auto.trigger.threshold = 10000 (custom)
om_1        | 2020-06-24 01:38:11,142 [Socket Reader #1 for port 9862] INFO ipc.Server: Auth successful for testuser/scm@EXAMPLE.COM (auth:KERBEROS)
kdc_1       | Entry for principal HTTP/s3g@EXAMPLE.COM with kvno 2, encryption type aes256-cts-hmac-sha1-96 added to keytab WRFILE:/data/HTTP.s3g.keytab.
scm_1       | 2020-06-24 01:33:39,070 [Listener at 0.0.0.0/9860] INFO http.BaseHttpServer: Hadoop Security Enabled: true Ozone Security Enabled: true Ozone HTTP Security Enabled: true 
datanode_2  | 	at java.base/java.util.concurrent.ThreadPoolExecutor$Worker.run(ThreadPoolExecutor.java:628)
datanode_3  | 2020-06-24 01:33:55,542 [pool-20-thread-1] INFO server.RaftServerConfigKeys: raft.server.snapshot.retention.file.num = 5 (custom)
recon_1     | 2020-06-24 01:33:42,077 [Listener at 0.0.0.0/9891] INFO scm.ReconPipelineManager: Recon has 0 pipelines in house.
om_1        | 2020-06-24 01:38:11,150 [Socket Reader #1 for port 9862] INFO authorize.ServiceAuthorizationManager: Authorization successful for testuser/scm@EXAMPLE.COM (auth:KERBEROS) for protocol=interface org.apache.hadoop.ozone.om.protocol.OzoneManagerProtocol
kdc_1       | Entry for principal HTTP/s3g@EXAMPLE.COM with kvno 2, encryption type aes128-cts-hmac-sha1-96 added to keytab WRFILE:/data/HTTP.s3g.keytab.
scm_1       | 2020-06-24 01:33:39,071 [Listener at 0.0.0.0/9860] INFO http.BaseHttpServer: HttpAuthType: hdds.scm.http.auth.type = kerberos
datanode_2  | 	at java.base/java.lang.Thread.run(Thread.java:834)
datanode_3  | 2020-06-24 01:33:55,542 [pool-20-thread-1] INFO server.RaftServerConfigKeys: raft.server.log.purge.upto.snapshot.index = false (default)
recon_1     | 2020-06-24 01:33:42,077 [Listener at 0.0.0.0/9891] INFO server.SCMDatanodeProtocolServer: RPC server for DataNodes is listening at /0.0.0.0:9891
om_1        | 2020-06-24 01:38:26,289 [Socket Reader #1 for port 9862] INFO ipc.Server: Auth successful for testuser/scm@EXAMPLE.COM (auth:KERBEROS)
kdc_1       | Generiting keytab
scm_1       | 2020-06-24 01:33:39,138 [Listener at 0.0.0.0/9860] INFO util.log: Logging initialized @10552ms to org.eclipse.jetty.util.log.Slf4jLog
datanode_2  | 2020-06-24 01:38:41,495 [grpc-default-executor-0] INFO keyvalue.KeyValueHandler: Operation: GetBlock , Trace ID:  , Message: Unable to find the block with bcsID 175 .Container 1 bcsId is 126. , Result: UNKNOWN_BCSID , StorageContainerException Occurred.
datanode_3  | 2020-06-24 01:33:55,542 [pool-20-thread-1] INFO server.RaftServerConfigKeys: raft.server.retrycache.expirytime = 600000ms (custom)
recon_1     | 2020-06-24 01:33:42,103 [IPC Server listener on 9891] INFO ipc.Server: IPC Server listener on 9891: starting
om_1        | 2020-06-24 01:38:26,294 [Socket Reader #1 for port 9862] INFO authorize.ServiceAuthorizationManager: Authorization successful for testuser/scm@EXAMPLE.COM (auth:KERBEROS) for protocol=interface org.apache.hadoop.ozone.om.protocol.OzoneManagerProtocol
kdc_1       | Authenticating as principal admin/admin with keytab /tmp/admin.keytab.
scm_1       | 2020-06-24 01:33:39,414 [Listener at 0.0.0.0/9860] INFO http.HttpRequestLog: Http request log for http.requests.scm is not defined
datanode_2  | org.apache.hadoop.hdds.scm.container.common.helpers.StorageContainerException: Unable to find the block with bcsID 175 .Container 1 bcsId is 126.
datanode_3  | 2020-06-24 01:33:55,542 [pool-20-thread-1] INFO metrics.RatisMetrics: Creating Metrics Registry : ratis.leader_election.3b03a457-85b4-42b1-96c7-f09d841be0ba@group-288384890248
recon_1     | 2020-06-24 01:33:42,080 [IPC Server Responder] INFO ipc.Server: IPC Server Responder: starting
om_1        | 2020-06-24 01:38:41,431 [Socket Reader #1 for port 9862] INFO ipc.Server: Auth successful for testuser/scm@EXAMPLE.COM (auth:KERBEROS)
kdc_1       | WARNING: no policy specified for dn/a57eda5fabc8@EXAMPLE.COM; defaulting to no policy
scm_1       | 2020-06-24 01:33:39,422 [Listener at 0.0.0.0/9860] INFO http.HttpServer2: Added global filter 'safety' (class=org.apache.hadoop.hdds.server.http.HttpServer2$QuotingInputFilter)
datanode_2  | 	at org.apache.hadoop.ozone.container.keyvalue.impl.BlockManagerImpl.getBlock(BlockManagerImpl.java:177)
datanode_3  | 2020-06-24 01:33:55,543 [pool-20-thread-1] INFO metrics.RatisMetrics: Creating Metrics Registry : ratis.server.3b03a457-85b4-42b1-96c7-f09d841be0ba@group-288384890248
recon_1     | 2020-06-24 01:33:42,280 [Listener at 0.0.0.0/9891] INFO scm.ReconScmTask: Registered ContainerHealthTask task 
om_1        | 2020-06-24 01:38:41,433 [Socket Reader #1 for port 9862] INFO authorize.ServiceAuthorizationManager: Authorization successful for testuser/scm@EXAMPLE.COM (auth:KERBEROS) for protocol=interface org.apache.hadoop.ozone.om.protocol.OzoneManagerProtocol
kdc_1       | Principal "dn/a57eda5fabc8@EXAMPLE.COM" created.
scm_1       | 2020-06-24 01:33:39,434 [Listener at 0.0.0.0/9860] INFO http.HttpServer2: Added filter authentication (class=org.apache.hadoop.security.authentication.server.AuthenticationFilter) to context scm
datanode_2  | 	at org.apache.hadoop.ozone.container.keyvalue.KeyValueHandler.handleGetBlock(KeyValueHandler.java:473)
datanode_3  | 2020-06-24 01:33:55,544 [pool-20-thread-1] INFO impl.RaftServerImpl: 3b03a457-85b4-42b1-96c7-f09d841be0ba@group-288384890248: start as a follower, conf=-1: [fb87b04d-0b6a-4694-aa77-edaf1c02770b:172.26.0.4:9858, c4843248-ac5d-494f-b7df-a3d6dec6a3b9:172.26.0.8:9858, 3b03a457-85b4-42b1-96c7-f09d841be0ba:172.26.0.7:9858], old=null
recon_1     | 2020-06-24 01:33:42,280 [Listener at 0.0.0.0/9891] INFO scm.ReconScmTask: Starting ContainerHealthTask Thread.
om_1        | 2020-06-24 01:38:56,572 [Socket Reader #1 for port 9862] INFO ipc.Server: Auth successful for testuser/scm@EXAMPLE.COM (auth:KERBEROS)
kdc_1       | Authenticating as principal admin/admin with keytab /tmp/admin.keytab.
scm_1       | 2020-06-24 01:33:39,434 [Listener at 0.0.0.0/9860] INFO http.HttpServer2: Added filter authentication (class=org.apache.hadoop.security.authentication.server.AuthenticationFilter) to context logs
datanode_2  | 	at org.apache.hadoop.ozone.container.keyvalue.KeyValueHandler.dispatchRequest(KeyValueHandler.java:181)
datanode_3  | 2020-06-24 01:33:55,544 [pool-20-thread-1] INFO impl.RaftServerImpl: 3b03a457-85b4-42b1-96c7-f09d841be0ba@group-288384890248: changes role from      null to FOLLOWER at term 0 for startAsFollower
recon_1     | 2020-06-24 01:33:42,386 [Listener at 0.0.0.0/9891] INFO scm.ReconScmTask: Registered PipelineSyncTask task 
om_1        | 2020-06-24 01:38:56,583 [Socket Reader #1 for port 9862] INFO authorize.ServiceAuthorizationManager: Authorization successful for testuser/scm@EXAMPLE.COM (auth:KERBEROS) for protocol=interface org.apache.hadoop.ozone.om.protocol.OzoneManagerProtocol
kdc_1       | Jun 24 01:33:11 kdc krb5kdc[8](info): AS_REQ (8 etypes {18 17 20 19 16 23 25 26}) 127.0.0.1: SERVER_NOT_FOUND: admin/admin@EXAMPLE.COM for kadmin/localhost@EXAMPLE.COM, Server not found in Kerberos database
scm_1       | 2020-06-24 01:33:39,437 [Listener at 0.0.0.0/9860] INFO http.HttpServer2: Added filter authentication (class=org.apache.hadoop.security.authentication.server.AuthenticationFilter) to context static
datanode_2  | 	at org.apache.hadoop.ozone.container.keyvalue.KeyValueHandler.handle(KeyValueHandler.java:155)
datanode_3  | 2020-06-24 01:33:55,544 [pool-20-thread-1] INFO impl.RoleInfo: 3b03a457-85b4-42b1-96c7-f09d841be0ba: start FollowerState
recon_1     | 2020-06-24 01:33:42,386 [Listener at 0.0.0.0/9891] INFO scm.ReconScmTask: Starting PipelineSyncTask Thread.
om_1        | 2020-06-24 01:39:01,635 [Socket Reader #1 for port 9862] INFO ipc.Server: Auth successful for recon/recon@EXAMPLE.COM (auth:KERBEROS)
kdc_1       | Jun 24 01:33:11 kdc krb5kdc[8](info): AS_REQ (8 etypes {18 17 20 19 16 23 25 26}) 127.0.0.1: ISSUE: authtime 1592962391, etypes {rep=18 tkt=18 ses=18}, admin/admin@EXAMPLE.COM for kadmin/admin@EXAMPLE.COM
scm_1       | 2020-06-24 01:33:39,439 [Listener at 0.0.0.0/9860] INFO http.HttpServer2: Initialize spnego with host: 0.0.0.0 userKey: hdds.scm.http.auth.kerberos.principal keytabKey: hdds.scm.http.auth.kerberos.keytab
scm_1       | 2020-06-24 01:33:39,552 [Listener at 0.0.0.0/9860] INFO server.StorageContainerManager: StorageContainerLocationProtocol RPC server is listening at /0.0.0.0:9860
datanode_3  | 2020-06-24 01:33:55,545 [pool-20-thread-1] INFO util.JmxRegister: Successfully registered JMX Bean with object name Ratis:service=RaftServer,group=group-288384890248,id=3b03a457-85b4-42b1-96c7-f09d841be0ba
recon_1     | 2020-06-24 01:33:42,445 [PipelineSyncTask] INFO scm.ReconPipelineManager: Recon has 0 pipelines in house.
om_1        | 2020-06-24 01:39:01,641 [Socket Reader #1 for port 9862] INFO authorize.ServiceAuthorizationManager: Authorization successful for recon/recon@EXAMPLE.COM (auth:KERBEROS) for protocol=interface org.apache.hadoop.ozone.om.protocol.OzoneManagerProtocol
kdc_1       | Jun 24 01:33:11 kdc krb5kdc[8](info): AS_REQ (8 etypes {18 17 20 19 16 23 25 26}) 127.0.0.1: SERVER_NOT_FOUND: admin/admin@EXAMPLE.COM for kadmin/localhost@EXAMPLE.COM, Server not found in Kerberos database
scm_1       | 2020-06-24 01:33:39,865 [Listener at 0.0.0.0/9860] INFO impl.MetricsConfig: Loaded properties from hadoop-metrics2.properties
datanode_2  | 	at org.apache.hadoop.ozone.container.common.impl.HddsDispatcher.dispatchRequest(HddsDispatcher.java:304)
datanode_3  | 2020-06-24 01:33:55,546 [pool-20-thread-1] INFO metrics.RatisMetrics: Creating Metrics Registry : ratis.state_machine.3b03a457-85b4-42b1-96c7-f09d841be0ba@group-288384890248
recon_1     | 2020-06-24 01:33:42,450 [PipelineSyncTask] INFO scm.PipelineSyncTask: Pipeline sync Thread took 16 milliseconds.
om_1        | 2020-06-24 01:39:11,742 [Socket Reader #1 for port 9862] INFO ipc.Server: Auth successful for testuser/scm@EXAMPLE.COM (auth:KERBEROS)
kdc_1       | Jun 24 01:33:11 kdc krb5kdc[8](info): AS_REQ (8 etypes {18 17 20 19 16 23 25 26}) 127.0.0.1: ISSUE: authtime 1592962391, etypes {rep=18 tkt=18 ses=18}, admin/admin@EXAMPLE.COM for kadmin/admin@EXAMPLE.COM
scm_1       | 2020-06-24 01:33:39,943 [Listener at 0.0.0.0/9860] INFO impl.MetricsSystemImpl: Scheduled Metric snapshot period at 10 second(s).
datanode_2  | 	at org.apache.hadoop.ozone.container.common.impl.HddsDispatcher.dispatch(HddsDispatcher.java:166)
datanode_3  | 2020-06-24 01:33:57,867 [Command processor thread] INFO commandhandler.CreatePipelineCommandHandler: Created Pipeline RATIS THREE #id: "7c3b60af-f573-45e7-9a21-288384890248"
recon_1     | 2020-06-24 01:33:42,614 [ContainerHealthTask] INFO fsck.ContainerHealthTask: Container Health task thread took 300 milliseconds to process 0 existing database records.
om_1        | 2020-06-24 01:39:11,743 [Socket Reader #1 for port 9862] INFO authorize.ServiceAuthorizationManager: Authorization successful for testuser/scm@EXAMPLE.COM (auth:KERBEROS) for protocol=interface org.apache.hadoop.ozone.om.protocol.OzoneManagerProtocol
