datanode_3  | 2021-05-31 09:57:12,195 [ffddd9fb-494a-4280-9a7f-a8d3d4602b93@group-E2242D3B56E4-LeaderElection1] INFO server.RaftServer$Division: ffddd9fb-494a-4280-9a7f-a8d3d4602b93@group-E2242D3B56E4: change Leader from null to ffddd9fb-494a-4280-9a7f-a8d3d4602b93 at term 1 for becomeLeader, leader elected after 5887ms
nm_1        | 2021-05-31 09:59:42 WARN  DefaultContainerExecutor:637 - delete returned false for path: [/tmp/hadoop-hadoop/nm-local-dir/usercache/hadoop/appcache/application_1622454987521_0001/container_1622454987521_0001_01_000003/sysfs]
datanode_1  | 2021-05-31 09:57:09,159 [pool-22-thread-1] INFO metrics.RatisMetrics: Creating Metrics Registry : ratis.leader_election.8b2419b4-a177-4573-af00-09505f396448@group-58BB9764D2D4
datanode_1  | 2021-05-31 09:57:09,159 [pool-22-thread-1] INFO metrics.RatisMetrics: Creating Metrics Registry : ratis.server.8b2419b4-a177-4573-af00-09505f396448@group-58BB9764D2D4
om_1        | 2021-05-31 09:57:48,017 [Socket Reader #1 for port 9862] INFO ipc.Server: Auth successful for testuser/om@EXAMPLE.COM (auth:KERBEROS) from 172.26.0.4:39279
scm_1       | 2021-05-31 09:57:52,925 [IPC Server handler 1 on default port 9863] INFO ha.SequenceIdGenerator: Allocate a batch for localId, change lastId from 107544261427200000 to 107544261427201000.
rm_1        | 2021-05-31 09:59:18 INFO  DelegationTokenRenewer:617 - Renew Kind: TIMELINE_DELEGATION_TOKEN, Service: 172.26.0.6:8188, Ident: (TIMELINE_DELEGATION_TOKEN owner=hadoop, renewer=rm, realUser=, issueDate=1622455157841, maxDate=1623059957841, sequenceNumber=1, masterKeyId=2);exp=1622541558759; apps=[application_1622454987521_0001] in 86399980 ms, appId = [application_1622454987521_0001]
datanode_3  | 2021-05-31 09:57:12,211 [ffddd9fb-494a-4280-9a7f-a8d3d4602b93@group-E2242D3B56E4-LeaderElection1] INFO server.RaftServerConfigKeys: raft.server.staging.catchup.gap = 1000 (default)
datanode_1  | 2021-05-31 09:57:09,167 [pool-22-thread-1] INFO server.RaftServer$Division: 8b2419b4-a177-4573-af00-09505f396448@group-58BB9764D2D4: start as a follower, conf=-1: [b8d73a6e-be53-4233-9578-994c05841491|rpc:172.26.0.7:9856|admin:172.26.0.7:9857|client:172.26.0.7:9858|priority:0, ffddd9fb-494a-4280-9a7f-a8d3d4602b93|rpc:172.26.0.8:9856|admin:172.26.0.8:9857|client:172.26.0.8:9858|priority:0, 8b2419b4-a177-4573-af00-09505f396448|rpc:172.26.0.9:9856|admin:172.26.0.9:9857|client:172.26.0.9:9858|priority:1], old=null
datanode_2  | 2021-05-31 09:57:09,503 [pool-22-thread-1] INFO server.RaftServerConfigKeys: raft.server.log.preallocated.size = 16384 (custom)
nm_1        | 2021-05-31 09:59:43 INFO  ContainerLaunch:596 - Container container_1622454987521_0001_01_000004 succeeded 
om_1        | 2021-05-31 09:57:52,126 [Socket Reader #1 for port 9862] INFO ipc.Server: Auth successful for testuser/om@EXAMPLE.COM (auth:KERBEROS) from 172.26.0.4:42243
scm_1       | 2021-05-31 09:57:55,601 [Socket Reader #1 for port 9961] INFO ipc.Server: Auth successful for dn/dn@EXAMPLE.COM (auth:KERBEROS) from 172.26.0.8:33656
rm_1        | 2021-05-31 09:59:18 INFO  DelegationTokenRenewer:687 - RM proxy-user privilege is not enabled. Skip requesting hdfs tokens.
datanode_3  | 2021-05-31 09:57:12,216 [ffddd9fb-494a-4280-9a7f-a8d3d4602b93@group-E2242D3B56E4-LeaderElection1] INFO metrics.RatisMetrics: Creating Metrics Registry : ratis.log_appender.ffddd9fb-494a-4280-9a7f-a8d3d4602b93@group-E2242D3B56E4
datanode_1  | 2021-05-31 09:57:09,167 [pool-22-thread-1] INFO server.RaftServer$Division: 8b2419b4-a177-4573-af00-09505f396448@group-58BB9764D2D4: changes role from      null to FOLLOWER at term 0 for startAsFollower
datanode_2  | 2021-05-31 09:57:09,503 [pool-22-thread-1] INFO server.RaftServerConfigKeys: raft.server.log.force.sync.num = 128 (default)
nm_1        | 2021-05-31 09:59:43 INFO  ContainerImpl:2175 - Container container_1622454987521_0001_01_000004 transitioned from RUNNING to EXITED_WITH_SUCCESS
om_1        | 2021-05-31 09:58:00,659 [Socket Reader #1 for port 9862] INFO ipc.Server: Auth successful for testuser/om@EXAMPLE.COM (auth:KERBEROS) from 172.26.0.4:38847
scm_1       | 2021-05-31 09:57:56,233 [Socket Reader #1 for port 9961] INFO ipc.Server: Auth successful for dn/dn@EXAMPLE.COM (auth:KERBEROS) from 172.26.0.9:52448
rm_1        | 2021-05-31 09:59:18 INFO  RMAppImpl:1269 - Storing application with id application_1622454987521_0001
datanode_3  | 2021-05-31 09:57:12,223 [ffddd9fb-494a-4280-9a7f-a8d3d4602b93@group-E2242D3B56E4-LeaderElection1] INFO server.RaftServerConfigKeys: raft.server.write.element-limit = 1024 (custom)
datanode_1  | 2021-05-31 09:57:09,168 [pool-22-thread-1] INFO impl.RoleInfo: 8b2419b4-a177-4573-af00-09505f396448: start 8b2419b4-a177-4573-af00-09505f396448@group-58BB9764D2D4-FollowerState
datanode_2  | 2021-05-31 09:57:09,504 [pool-22-thread-1] INFO server.RaftServerConfigKeys: raft.server.log.statemachine.data.sync = true (default)
nm_1        | 2021-05-31 09:59:43 INFO  NMAuditLogger:94 - USER=hadoop	OPERATION=Container Finished - Succeeded	TARGET=ContainerImpl	RESULT=SUCCESS	APPID=application_1622454987521_0001	CONTAINERID=container_1622454987521_0001_01_000004
om_1        | 2021-05-31 09:58:07,168 [Socket Reader #1 for port 9862] INFO ipc.Server: Auth successful for testuser/om@EXAMPLE.COM (auth:KERBEROS) from 172.26.0.4:37195
scm_1       | 2021-05-31 09:57:56,235 [Socket Reader #1 for port 9961] INFO ipc.Server: Auth successful for dn/dn@EXAMPLE.COM (auth:KERBEROS) from 172.26.0.7:33310
rm_1        | 2021-05-31 09:59:18 INFO  RMStateStore:224 - Storing info for app: application_1622454987521_0001
datanode_3  | 2021-05-31 09:57:12,223 [ffddd9fb-494a-4280-9a7f-a8d3d4602b93@group-E2242D3B56E4-LeaderElection1] INFO server.RaftServerConfigKeys: raft.server.write.byte-limit = 1073741824 (custom)
datanode_1  | 2021-05-31 09:57:09,191 [pool-22-thread-1] INFO util.JmxRegister: Successfully registered JMX Bean with object name Ratis:service=RaftServer,group=group-58BB9764D2D4,id=8b2419b4-a177-4573-af00-09505f396448
datanode_2  | 2021-05-31 09:57:09,504 [pool-22-thread-1] INFO server.RaftServerConfigKeys: raft.server.log.statemachine.data.sync.timeout = 10s (default)
nm_1        | 2021-05-31 09:59:43 INFO  ContainerCleanup:87 - Cleaning up container container_1622454987521_0001_01_000004
nm_1        | 2021-05-31 09:59:43 INFO  ContainerImpl:2175 - Container container_1622454987521_0001_01_000004 transitioned from EXITED_WITH_SUCCESS to DONE
scm_1       | 2021-05-31 09:57:56,563 [Socket Reader #1 for port 9861] INFO ipc.Server: Auth successful for dn/dn@EXAMPLE.COM (auth:KERBEROS) from 172.26.0.7:37444
rm_1        | 2021-05-31 09:59:18 INFO  RMAppImpl:903 - application_1622454987521_0001 State change from NEW to NEW_SAVING on event = START
datanode_3  | 2021-05-31 09:57:12,239 [ffddd9fb-494a-4280-9a7f-a8d3d4602b93@group-E2242D3B56E4-LeaderElection1] INFO server.RaftServerConfigKeys: raft.server.watch.timeout = 180s (custom)
datanode_1  | 2021-05-31 09:57:09,192 [pool-22-thread-1] INFO metrics.RatisMetrics: Creating Metrics Registry : ratis.state_machine.8b2419b4-a177-4573-af00-09505f396448@group-58BB9764D2D4
datanode_2  | 2021-05-31 09:57:09,504 [pool-22-thread-1] INFO server.RaftServerConfigKeys: raft.server.log.statemachine.data.sync.timeout.retry = -1 (default)
nm_1        | 2021-05-31 09:59:43 INFO  ApplicationImpl:512 - Removing container_1622454987521_0001_01_000004 from application application_1622454987521_0001
om_1        | 2021-05-31 09:58:13,616 [Socket Reader #1 for port 9862] INFO ipc.Server: Auth successful for testuser/om@EXAMPLE.COM (auth:KERBEROS) from 172.26.0.4:38823
scm_1       | 2021-05-31 09:57:56,588 [Socket Reader #1 for port 9861] INFO ipc.Server: Auth successful for dn/dn@EXAMPLE.COM (auth:KERBEROS) from 172.26.0.9:43362
rm_1        | 2021-05-31 09:59:18 INFO  RMAppImpl:903 - application_1622454987521_0001 State change from NEW_SAVING to SUBMITTED on event = APP_NEW_SAVED
datanode_3  | 2021-05-31 09:57:12,239 [ffddd9fb-494a-4280-9a7f-a8d3d4602b93@group-E2242D3B56E4-LeaderElection1] INFO server.RaftServerConfigKeys: raft.server.watch.timeout.denomination = 1s (default)
datanode_1  | 2021-05-31 09:57:09,209 [Command processor thread] INFO ratis.XceiverServerRatis: Created group PipelineID=1d6c1ab2-3a63-4654-969f-58bb9764d2d4
datanode_2  | 2021-05-31 09:57:09,505 [pool-22-thread-1] INFO server.RaftServerConfigKeys: raft.server.log.write.buffer.size = 1048576 (custom)
nm_1        | 2021-05-31 09:59:43 INFO  ContainersMonitorImpl:1112 - Stopping resource-monitoring for container_1622454987521_0001_01_000004
om_1        | 2021-05-31 09:58:17,484 [Socket Reader #1 for port 9862] INFO ipc.Server: Auth successful for testuser/om@EXAMPLE.COM (auth:KERBEROS) from 172.26.0.4:44425
scm_1       | 2021-05-31 09:58:33,385 [Socket Reader #1 for port 9861] INFO ipc.Server: Auth successful for dn/dn@EXAMPLE.COM (auth:KERBEROS) from 172.26.0.9:43484
rm_1        | 2021-05-31 09:59:18 INFO  ParentQueue:495 - Application added - appId: application_1622454987521_0001 user: hadoop leaf-queue of parent: root #applications: 1
datanode_3  | 2021-05-31 09:57:12,240 [ffddd9fb-494a-4280-9a7f-a8d3d4602b93@group-E2242D3B56E4-LeaderElection1] INFO server.RaftServerConfigKeys: raft.server.watch.element-limit = 65536 (default)
datanode_1  | 2021-05-31 09:57:09,244 [Command processor thread] INFO metrics.RatisMetrics: Creating Metrics Registry : ratis.client_message_metrics.client-DD0FDC014FDF->b8d73a6e-be53-4233-9578-994c05841491
datanode_2  | 2021-05-31 09:57:09,518 [pool-22-thread-1] INFO server.RaftServerConfigKeys: raft.server.log.statemachine.data.caching.enabled = true (custom)
nm_1        | 2021-05-31 09:59:43 INFO  AppLogAggregatorImpl:573 - Considering container container_1622454987521_0001_01_000004 for log-aggregation
om_1        | 2021-05-31 09:58:59,771 [Socket Reader #1 for port 9862] INFO ipc.Server: Auth successful for hadoop/rm@EXAMPLE.COM (auth:KERBEROS) from 172.26.0.10:35535
scm_1       | 2021-05-31 09:58:33,426 [Socket Reader #1 for port 9861] INFO ipc.Server: Auth successful for dn/dn@EXAMPLE.COM (auth:KERBEROS) from 172.26.0.7:37570
rm_1        | 2021-05-31 09:59:18 INFO  CapacityScheduler:1006 - Accepted application application_1622454987521_0001 from user: hadoop, in queue: default
datanode_3  | 2021-05-31 09:57:12,251 [ffddd9fb-494a-4280-9a7f-a8d3d4602b93@group-E2242D3B56E4-LeaderElection1] INFO impl.RoleInfo: ffddd9fb-494a-4280-9a7f-a8d3d4602b93: start ffddd9fb-494a-4280-9a7f-a8d3d4602b93@group-E2242D3B56E4-LeaderStateImpl
datanode_1  | 2021-05-31 09:57:09,358 [grpc-default-executor-0] INFO metrics.RatisMetrics: Creating Metrics Registry : ratis.server_message_metrics.8b2419b4-a177-4573-af00-09505f396448
datanode_2  | 2021-05-31 09:57:09,519 [pool-22-thread-1] INFO segmented.SegmentedRaftLogWorker: b8d73a6e-be53-4233-9578-994c05841491@group-58BB9764D2D4-SegmentedRaftLogWorker: flushIndex: setUnconditionally 0 -> -1
nm_1        | 2021-05-31 09:59:43 INFO  AuxServices:350 - Got event CONTAINER_STOP for appId application_1622454987521_0001
om_1        | 2021-05-31 09:59:04,339 [Socket Reader #1 for port 9862] INFO ipc.Server: Auth successful for hadoop/rm@EXAMPLE.COM (auth:KERBEROS) from 172.26.0.10:36273
scm_1       | 2021-05-31 09:58:33,451 [Socket Reader #1 for port 9861] INFO ipc.Server: Auth successful for dn/dn@EXAMPLE.COM (auth:KERBEROS) from 172.26.0.8:56256
rm_1        | 2021-05-31 09:59:18 INFO  RMAppImpl:903 - application_1622454987521_0001 State change from SUBMITTED to ACCEPTED on event = APP_ACCEPTED
datanode_3  | 2021-05-31 09:57:12,281 [ffddd9fb-494a-4280-9a7f-a8d3d4602b93@group-E2242D3B56E4-LeaderElection1] INFO segmented.SegmentedRaftLogWorker: ffddd9fb-494a-4280-9a7f-a8d3d4602b93@group-E2242D3B56E4-SegmentedRaftLogWorker: Starting segment from index:0
datanode_1  | 2021-05-31 09:57:09,694 [Command processor thread] INFO metrics.RatisMetrics: Creating Metrics Registry : ratis.client_message_metrics.client-841F3396239D->ffddd9fb-494a-4280-9a7f-a8d3d4602b93
datanode_2  | 2021-05-31 09:57:09,522 [pool-22-thread-1] INFO segmented.SegmentedRaftLogWorker: b8d73a6e-be53-4233-9578-994c05841491@group-58BB9764D2D4-SegmentedRaftLogWorker: safeCacheEvictIndex: setUnconditionally 0 -> -1
nm_1        | 2021-05-31 09:59:43 INFO  NodeStatusUpdaterImpl:723 - Removed completed containers from NM context: [container_1622454987521_0001_01_000002]
om_1        | 2021-05-31 09:59:12,601 [Socket Reader #1 for port 9862] INFO ipc.Server: Auth successful for hadoop/rm@EXAMPLE.COM (auth:KERBEROS) from 172.26.0.10:39323
scm_1       | 2021-05-31 09:59:00,184 [Socket Reader #1 for port 9863] INFO ipc.Server: Auth successful for om/om@EXAMPLE.COM (auth:KERBEROS) from 172.26.0.4:33005
rm_1        | 2021-05-31 09:59:18 INFO  ApplicationMasterService:480 - Registering app attempt : appattempt_1622454987521_0001_000001
datanode_3  | 2021-05-31 09:57:12,343 [ffddd9fb-494a-4280-9a7f-a8d3d4602b93@group-E2242D3B56E4-LeaderElection1] INFO server.RaftServer$Division: ffddd9fb-494a-4280-9a7f-a8d3d4602b93@group-E2242D3B56E4: set configuration 0: [ffddd9fb-494a-4280-9a7f-a8d3d4602b93|rpc:172.26.0.8:9856|admin:172.26.0.8:9857|client:172.26.0.8:9858|dataStream:|priority:1], old=null
datanode_1  | 2021-05-31 09:57:09,806 [Command processor thread] INFO commandhandler.CreatePipelineCommandHandler: Created Pipeline RATIS THREE PipelineID=1d6c1ab2-3a63-4654-969f-58bb9764d2d4.
datanode_2  | 2021-05-31 09:57:09,530 [pool-22-thread-1] INFO server.RaftServerConfigKeys: raft.server.snapshot.auto.trigger.enabled = true (custom)
nm_1        | 2021-05-31 09:59:43 INFO  Server:2051 - Auth successful for appattempt_1622454987521_0001_000001 (auth:SIMPLE) from 172.26.0.2:57886
om_1        | 2021-05-31 09:59:15,149 [Socket Reader #1 for port 9862] INFO ipc.Server: Auth successful for hadoop/rm@EXAMPLE.COM (auth:KERBEROS) from 172.26.0.10:39479
scm_1       | 2021-05-31 09:59:01,913 [Socket Reader #1 for port 9860] INFO ipc.Server: Auth successful for om/om@EXAMPLE.COM (auth:KERBEROS) from 172.26.0.4:46093
rm_1        | 2021-05-31 09:59:18 INFO  RMAppAttemptImpl:931 - appattempt_1622454987521_0001_000001 State change from NEW to SUBMITTED on event = START
datanode_3  | 2021-05-31 09:57:12,457 [ffddd9fb-494a-4280-9a7f-a8d3d4602b93@group-E2242D3B56E4-SegmentedRaftLogWorker] INFO segmented.SegmentedRaftLogWorker: ffddd9fb-494a-4280-9a7f-a8d3d4602b93@group-E2242D3B56E4-SegmentedRaftLogWorker: created new log segment /data/metadata/ratis/ff395dc7-267d-4363-9f88-e2242d3b56e4/current/log_inprogress_0
datanode_1  | 2021-05-31 09:57:11,034 [8b2419b4-a177-4573-af00-09505f396448@group-D1FB73A9546B-FollowerState] INFO impl.FollowerState: 8b2419b4-a177-4573-af00-09505f396448@group-D1FB73A9546B-FollowerState: change to CANDIDATE, lastRpcElapsedTime:5050447611ns, electionTimeout:5048ms
datanode_2  | 2021-05-31 09:57:09,531 [pool-22-thread-1] INFO server.RaftServerConfigKeys: raft.server.snapshot.auto.trigger.threshold = 10000 (custom)
nm_1        | 2021-05-31 09:59:43 INFO  ContainerManagerImpl:1087 - Start request for container_1622454987521_0001_01_000005 by user hadoop
om_1        | 2021-05-31 09:59:16,930 [Socket Reader #1 for port 9862] INFO ipc.Server: Auth successful for hadoop/rm@EXAMPLE.COM (auth:KERBEROS) from 172.26.0.10:42243
scm_1       | 2021-05-31 09:59:03,386 [Socket Reader #1 for port 9861] INFO ipc.Server: Auth successful for dn/dn@EXAMPLE.COM (auth:KERBEROS) from 172.26.0.9:43542
rm_1        | 2021-05-31 09:59:19 WARN  LeafQueue:839 - maximum-am-resource-percent is insufficient to start a single application in queue, it is likely set too low. skipping enforcement to allow at least one application to start
datanode_3  | 2021-05-31 09:57:14,309 [grpc-default-executor-0] INFO server.RaftServer$Division: ffddd9fb-494a-4280-9a7f-a8d3d4602b93@group-58BB9764D2D4: receive requestVote(ELECTION, 8b2419b4-a177-4573-af00-09505f396448, group-58BB9764D2D4, 1, (t:0, i:0))
datanode_1  | 2021-05-31 09:57:11,034 [8b2419b4-a177-4573-af00-09505f396448@group-D1FB73A9546B-FollowerState] INFO impl.RoleInfo: 8b2419b4-a177-4573-af00-09505f396448: shutdown 8b2419b4-a177-4573-af00-09505f396448@group-D1FB73A9546B-FollowerState
datanode_2  | 2021-05-31 09:57:09,534 [pool-22-thread-1] INFO server.RaftServerConfigKeys: raft.server.snapshot.retention.file.num = 5 (custom)
nm_1        | 2021-05-31 09:59:43 INFO  ApplicationImpl:463 - Adding container_1622454987521_0001_01_000005 to application application_1622454987521_0001
om_1        | 2021-05-31 09:59:16,969 [Socket Reader #1 for port 9862] INFO ipc.Server: Auth successful for hadoop/rm@EXAMPLE.COM (auth:KERBEROS) from 172.26.0.10:46847
scm_1       | 2021-05-31 09:59:03,413 [Socket Reader #1 for port 9861] INFO ipc.Server: Auth successful for dn/dn@EXAMPLE.COM (auth:KERBEROS) from 172.26.0.7:37628
rm_1        | 2021-05-31 09:59:19 WARN  LeafQueue:874 - maximum-am-resource-percent is insufficient to start a single application in queue for user, it is likely set too low. skipping enforcement to allow at least one application to start
datanode_3  | 2021-05-31 09:57:14,309 [grpc-default-executor-0] INFO impl.VoteContext: ffddd9fb-494a-4280-9a7f-a8d3d4602b93@group-58BB9764D2D4-FOLLOWER: accept ELECTION from 8b2419b4-a177-4573-af00-09505f396448: our priority 0 <= candidate's priority 1
datanode_1  | 2021-05-31 09:57:11,035 [8b2419b4-a177-4573-af00-09505f396448@group-D1FB73A9546B-FollowerState] INFO server.RaftServer$Division: 8b2419b4-a177-4573-af00-09505f396448@group-D1FB73A9546B: changes role from  FOLLOWER to CANDIDATE at term 0 for changeToCandidate
datanode_2  | 2021-05-31 09:57:09,535 [pool-22-thread-1] INFO server.RaftServerConfigKeys: raft.server.log.purge.upto.snapshot.index = false (default)
nm_1        | 2021-05-31 09:59:43 INFO  NMAuditLogger:94 - USER=hadoop	IP=172.26.0.2	OPERATION=Start Container Request	TARGET=ContainerManageImpl	RESULT=SUCCESS	APPID=application_1622454987521_0001	CONTAINERID=container_1622454987521_0001_01_000005
om_1        | 2021-05-31 09:59:20,667 [Socket Reader #1 for port 9862] INFO ipc.Server: Auth successful for nm/nm@EXAMPLE.COM (auth:KERBEROS) from 172.26.0.2:39311
scm_1       | 2021-05-31 09:59:03,437 [Socket Reader #1 for port 9861] INFO ipc.Server: Auth successful for dn/dn@EXAMPLE.COM (auth:KERBEROS) from 172.26.0.8:56314
rm_1        | 2021-05-31 09:59:19 INFO  LeafQueue:903 - Application application_1622454987521_0001 from user: hadoop activated in queue: default
rm_1        | 2021-05-31 09:59:19 INFO  LeafQueue:933 - Application added - appId: application_1622454987521_0001 user: hadoop, leaf-queue: default #user-pending-applications: 0 #user-active-applications: 1 #queue-pending-applications: 0 #queue-active-applications: 1
rm_1        | 2021-05-31 09:59:19 INFO  CapacityScheduler:1052 - Added Application Attempt appattempt_1622454987521_0001_000001 to scheduler from user hadoop in queue default
datanode_2  | 2021-05-31 09:57:09,538 [pool-22-thread-1] INFO server.RaftServerConfigKeys: raft.server.retrycache.expirytime = 600000ms (custom)
nm_1        | 2021-05-31 09:59:43 INFO  ContainerImpl:2175 - Container container_1622454987521_0001_01_000005 transitioned from NEW to LOCALIZING
om_1        | 2021-05-31 09:59:20,882 [OM StateMachine ApplyTransaction Thread - 0] INFO volume.OMVolumeCreateRequest: created volume:tmp for user:nm/nm@EXAMPLE.COM
rm_1        | 2021-05-31 09:59:19 INFO  RMAppAttemptImpl:931 - appattempt_1622454987521_0001_000001 State change from SUBMITTED to SCHEDULED on event = ATTEMPT_ADDED
datanode_3  | 2021-05-31 09:57:14,309 [grpc-default-executor-0] INFO server.RaftServer$Division: ffddd9fb-494a-4280-9a7f-a8d3d4602b93@group-58BB9764D2D4: changes role from  FOLLOWER to FOLLOWER at term 1 for candidate:8b2419b4-a177-4573-af00-09505f396448
datanode_1  | 2021-05-31 09:57:11,039 [8b2419b4-a177-4573-af00-09505f396448@group-D1FB73A9546B-FollowerState] INFO server.RaftServerConfigKeys: raft.server.leaderelection.pre-vote = false (custom)
scm_1       | 2021-05-31 09:59:13,038 [Socket Reader #1 for port 9863] INFO ipc.Server: Auth successful for om/om@EXAMPLE.COM (auth:KERBEROS) from 172.26.0.4:33703
datanode_2  | 2021-05-31 09:57:09,539 [pool-22-thread-1] INFO server.RaftServerConfigKeys: raft.server.retrycache.statistics.expirytime = 100?s (default)
nm_1        | 2021-05-31 09:59:43 INFO  AuxServices:350 - Got event CONTAINER_INIT for appId application_1622454987521_0001
om_1        | 2021-05-31 09:59:20,961 [Socket Reader #1 for port 9862] INFO ipc.Server: Auth successful for hadoop/rm@EXAMPLE.COM (auth:TOKEN) from 172.26.0.2:41642
rm_1        | 2021-05-31 09:59:19 INFO  AbstractContainerAllocator:130 - assignedContainer application attempt=appattempt_1622454987521_0001_000001 container=null queue=default clusterResource=<memory:8192, vCores:8> type=OFF_SWITCH requestedPartition=
datanode_3  | 2021-05-31 09:57:14,309 [grpc-default-executor-0] INFO impl.RoleInfo: ffddd9fb-494a-4280-9a7f-a8d3d4602b93: shutdown ffddd9fb-494a-4280-9a7f-a8d3d4602b93@group-58BB9764D2D4-FollowerState
datanode_1  | 2021-05-31 09:57:11,040 [8b2419b4-a177-4573-af00-09505f396448@group-D1FB73A9546B-FollowerState] INFO impl.RoleInfo: 8b2419b4-a177-4573-af00-09505f396448: start 8b2419b4-a177-4573-af00-09505f396448@group-D1FB73A9546B-LeaderElection1
datanode_1  | 2021-05-31 09:57:11,050 [8b2419b4-a177-4573-af00-09505f396448@group-D1FB73A9546B-LeaderElection1] INFO impl.LeaderElection: 8b2419b4-a177-4573-af00-09505f396448@group-D1FB73A9546B-LeaderElection1 ELECTION round 0: submit vote requests at term 1 for -1: [8b2419b4-a177-4573-af00-09505f396448|rpc:172.26.0.9:9856|admin:172.26.0.9:9857|client:172.26.0.9:9858|priority:1], old=null
datanode_2  | 2021-05-31 09:57:09,555 [pool-22-thread-1] INFO metrics.RatisMetrics: Creating Metrics Registry : ratis.leader_election.b8d73a6e-be53-4233-9578-994c05841491@group-58BB9764D2D4
nm_1        | 2021-05-31 09:59:43 INFO  AuxServices:350 - Got event APPLICATION_INIT for appId application_1622454987521_0001
om_1        | 2021-05-31 09:59:21,255 [Socket Reader #1 for port 9862] INFO ipc.Server: Auth successful for hadoop/rm@EXAMPLE.COM (auth:TOKEN) from 172.26.0.2:41646
rm_1        | 2021-05-31 09:59:19 INFO  RMContainerImpl:482 - container_1622454987521_0001_01_000001 Container Transitioned from NEW to ALLOCATED
datanode_3  | 2021-05-31 09:57:14,310 [ffddd9fb-494a-4280-9a7f-a8d3d4602b93@group-58BB9764D2D4-FollowerState] INFO impl.FollowerState: ffddd9fb-494a-4280-9a7f-a8d3d4602b93@group-58BB9764D2D4-FollowerState was interrupted: {}
datanode_1  | 2021-05-31 09:57:11,051 [8b2419b4-a177-4573-af00-09505f396448@group-D1FB73A9546B-LeaderElection1] INFO impl.LeaderElection: 8b2419b4-a177-4573-af00-09505f396448@group-D1FB73A9546B-LeaderElection1 ELECTION round 0: result PASSED (term=1)
scm_1       | 2021-05-31 09:59:16,216 [Socket Reader #1 for port 9860] INFO ipc.Server: Auth successful for om/om@EXAMPLE.COM (auth:KERBEROS) from 172.26.0.4:33513
datanode_2  | 2021-05-31 09:57:09,559 [pool-22-thread-1] INFO metrics.RatisMetrics: Creating Metrics Registry : ratis.server.b8d73a6e-be53-4233-9578-994c05841491@group-58BB9764D2D4
nm_1        | 2021-05-31 09:59:43 INFO  AuxServices:354 - Got APPLICATION_INIT for service mapreduce_shuffle
om_1        | 2021-05-31 09:59:24,983 [Socket Reader #1 for port 9862] INFO ipc.Server: Auth successful for hadoop/rm@EXAMPLE.COM (auth:TOKEN) from 172.26.0.2:41664
rm_1        | 2021-05-31 09:59:19 INFO  FiCaSchedulerNode:170 - Assigned container container_1622454987521_0001_01_000001 of capacity <memory:2048, vCores:1> on host nm:34481, which has 1 containers, <memory:2048, vCores:1> used and <memory:6144, vCores:7> available after allocation
datanode_3  | java.lang.InterruptedException: sleep interrupted
datanode_3  | 	at java.base/java.lang.Thread.sleep(Native Method)
datanode_1  | 2021-05-31 09:57:11,051 [8b2419b4-a177-4573-af00-09505f396448@group-D1FB73A9546B-LeaderElection1] INFO impl.RoleInfo: 8b2419b4-a177-4573-af00-09505f396448: shutdown 8b2419b4-a177-4573-af00-09505f396448@group-D1FB73A9546B-LeaderElection1
datanode_2  | 2021-05-31 09:57:09,558 [Command processor thread] INFO commandhandler.CreatePipelineCommandHandler: Created Pipeline RATIS THREE PipelineID=c2760958-cbcd-4d21-b2f6-27c701455a85.
datanode_2  | 2021-05-31 09:57:09,570 [pool-22-thread-1] INFO server.RaftServer$Division: b8d73a6e-be53-4233-9578-994c05841491@group-58BB9764D2D4: start as a follower, conf=-1: [b8d73a6e-be53-4233-9578-994c05841491|rpc:172.26.0.7:9856|admin:172.26.0.7:9857|client:172.26.0.7:9858|dataStream:|priority:0, ffddd9fb-494a-4280-9a7f-a8d3d4602b93|rpc:172.26.0.8:9856|admin:172.26.0.8:9857|client:172.26.0.8:9858|dataStream:|priority:0, 8b2419b4-a177-4573-af00-09505f396448|rpc:172.26.0.9:9856|admin:172.26.0.9:9857|client:172.26.0.9:9858|dataStream:|priority:1], old=null
om_1        | 2021-05-31 09:59:25,344 [Socket Reader #1 for port 9862] INFO ipc.Server: Auth successful for hadoop/rm@EXAMPLE.COM (auth:TOKEN) from 172.26.0.2:41666
rm_1        | 2021-05-31 09:59:19 INFO  RMAuditLogger:232 - USER=hadoop	OPERATION=AM Allocated Container	TARGET=SchedulerApp	RESULT=SUCCESS	APPID=application_1622454987521_0001	CONTAINERID=container_1622454987521_0001_01_000001	RESOURCE=<memory:2048, vCores:1>	QUEUENAME=default
datanode_3  | 	at java.base/java.lang.Thread.sleep(Thread.java:339)
scm_1       | 2021-05-31 09:59:29,139 [Socket Reader #1 for port 9863] INFO ipc.Server: Auth successful for om/om@EXAMPLE.COM (auth:KERBEROS) from 172.26.0.4:37111
datanode_2  | 2021-05-31 09:57:09,570 [pool-22-thread-1] INFO server.RaftServer$Division: b8d73a6e-be53-4233-9578-994c05841491@group-58BB9764D2D4: changes role from      null to FOLLOWER at term 0 for startAsFollower
nm_1        | 2021-05-31 09:59:43 INFO  ShuffleHandler:719 - Added token for job_1622454987521_0001
datanode_1  | 2021-05-31 09:57:11,052 [8b2419b4-a177-4573-af00-09505f396448@group-D1FB73A9546B-LeaderElection1] INFO server.RaftServer$Division: 8b2419b4-a177-4573-af00-09505f396448@group-D1FB73A9546B: changes role from CANDIDATE to LEADER at term 1 for changeToLeader
om_1        | 2021-05-31 09:59:25,391 [Socket Reader #1 for port 9862] INFO ipc.Server: Auth successful for hadoop/rm@EXAMPLE.COM (auth:TOKEN) from 172.26.0.2:41668
rm_1        | 2021-05-31 09:59:19 INFO  ParentQueue:1355 - assignedContainer queue=root usedCapacity=0.25 absoluteUsedCapacity=0.25 used=<memory:2048, vCores:1> cluster=<memory:8192, vCores:8>
datanode_3  | 	at java.base/java.util.concurrent.TimeUnit.sleep(TimeUnit.java:446)
scm_1       | 2021-05-31 09:59:33,381 [Socket Reader #1 for port 9861] INFO ipc.Server: Auth successful for dn/dn@EXAMPLE.COM (auth:KERBEROS) from 172.26.0.9:43678
datanode_2  | 2021-05-31 09:57:09,571 [pool-22-thread-1] INFO impl.RoleInfo: b8d73a6e-be53-4233-9578-994c05841491: start b8d73a6e-be53-4233-9578-994c05841491@group-58BB9764D2D4-FollowerState
nm_1        | 2021-05-31 09:59:43 INFO  ContainerImpl:2175 - Container container_1622454987521_0001_01_000005 transitioned from LOCALIZING to SCHEDULED
nm_1        | 2021-05-31 09:59:43 INFO  ContainerScheduler:542 - Starting container [container_1622454987521_0001_01_000005]
datanode_1  | 2021-05-31 09:57:11,052 [8b2419b4-a177-4573-af00-09505f396448@group-D1FB73A9546B-LeaderElection1] INFO ratis.XceiverServerRatis: Leader change notification received for group: group-D1FB73A9546B with new leaderId: 8b2419b4-a177-4573-af00-09505f396448
rm_1        | 2021-05-31 09:59:19 INFO  CapacityScheduler:3048 - Allocation proposal accepted
rm_1        | 2021-05-31 09:59:19 INFO  RMContainerImpl:482 - container_1622454987521_0001_01_000001 Container Transitioned from ALLOCATED to ACQUIRED
scm_1       | 2021-05-31 09:59:33,411 [Socket Reader #1 for port 9861] INFO ipc.Server: Auth successful for dn/dn@EXAMPLE.COM (auth:KERBEROS) from 172.26.0.7:37764
datanode_2  | 2021-05-31 09:57:09,580 [pool-22-thread-1] INFO util.JmxRegister: Successfully registered JMX Bean with object name Ratis:service=RaftServer,group=group-58BB9764D2D4,id=b8d73a6e-be53-4233-9578-994c05841491
datanode_3  | 	at org.apache.ratis.util.TimeDuration.sleep(TimeDuration.java:324)
nm_1        | 2021-05-31 09:59:43 INFO  DefaultContainerExecutor:634 - Deleting absolute path : /tmp/hadoop-hadoop/nm-local-dir/usercache/hadoop/appcache/application_1622454987521_0001/container_1622454987521_0001_01_000004/launch_container.sh
om_1        | 2021-05-31 09:59:25,434 [Socket Reader #1 for port 9862] INFO ipc.Server: Auth successful for hadoop/rm@EXAMPLE.COM (auth:TOKEN) from 172.26.0.2:41670
datanode_1  | 2021-05-31 09:57:11,053 [8b2419b4-a177-4573-af00-09505f396448@group-D1FB73A9546B-LeaderElection1] INFO server.RaftServer$Division: 8b2419b4-a177-4573-af00-09505f396448@group-D1FB73A9546B: change Leader from null to 8b2419b4-a177-4573-af00-09505f396448 at term 1 for becomeLeader, leader elected after 5697ms
rm_1        | 2021-05-31 09:59:19 INFO  NMTokenSecretManagerInRM:146 - Clear node set for appattempt_1622454987521_0001_000001
scm_1       | 2021-05-31 09:59:33,447 [Socket Reader #1 for port 9861] INFO ipc.Server: Auth successful for dn/dn@EXAMPLE.COM (auth:KERBEROS) from 172.26.0.8:56450
datanode_2  | 2021-05-31 09:57:09,580 [pool-22-thread-1] INFO metrics.RatisMetrics: Creating Metrics Registry : ratis.state_machine.b8d73a6e-be53-4233-9578-994c05841491@group-58BB9764D2D4
datanode_3  | 	at org.apache.ratis.util.TimeDuration.sleep(TimeDuration.java:309)
nm_1        | 2021-05-31 09:59:43 INFO  DefaultContainerExecutor:634 - Deleting absolute path : /tmp/hadoop-hadoop/nm-local-dir/usercache/hadoop/appcache/application_1622454987521_0001/container_1622454987521_0001_01_000004/container_tokens
om_1        | 2021-05-31 09:59:25,457 [Socket Reader #1 for port 9862] INFO ipc.Server: Auth successful for hadoop/rm@EXAMPLE.COM (auth:TOKEN) from 172.26.0.2:41672
datanode_1  | 2021-05-31 09:57:11,064 [8b2419b4-a177-4573-af00-09505f396448@group-D1FB73A9546B-LeaderElection1] INFO server.RaftServerConfigKeys: raft.server.staging.catchup.gap = 1000 (default)
rm_1        | 2021-05-31 09:59:19 INFO  RMAppAttemptImpl:2253 - Storing attempt: AppId: application_1622454987521_0001 AttemptId: appattempt_1622454987521_0001_000001 MasterContainer: Container: [ContainerId: container_1622454987521_0001_01_000001, AllocationRequestId: -1, Version: 0, NodeId: nm:34481, NodeHttpAddress: nm:8042, Resource: <memory:2048, vCores:1>, Priority: 0, Token: Token { kind: ContainerToken, service: 172.26.0.2:34481 }, ExecutionType: GUARANTEED, ]
scm_1       | 2021-05-31 09:59:46,066 [Socket Reader #1 for port 9863] INFO ipc.Server: Auth successful for om/om@EXAMPLE.COM (auth:KERBEROS) from 172.26.0.4:44639
datanode_2  | 2021-05-31 09:57:11,390 [grpc-default-executor-0] INFO server.RaftServer$Division: b8d73a6e-be53-4233-9578-994c05841491@group-27C701455A85: receive requestVote(ELECTION, 8b2419b4-a177-4573-af00-09505f396448, group-27C701455A85, 1, (t:0, i:0))
datanode_3  | 	at org.apache.ratis.server.impl.FollowerState.run(FollowerState.java:118)
nm_1        | 2021-05-31 09:59:43 INFO  DefaultContainerExecutor:634 - Deleting absolute path : /tmp/hadoop-hadoop/nm-local-dir/usercache/hadoop/appcache/application_1622454987521_0001/container_1622454987521_0001_01_000004/sysfs
om_1        | 2021-05-31 09:59:25,481 [Socket Reader #1 for port 9862] INFO ipc.Server: Auth successful for hadoop/rm@EXAMPLE.COM (auth:TOKEN) from 172.26.0.2:41674
datanode_1  | 2021-05-31 09:57:11,069 [8b2419b4-a177-4573-af00-09505f396448@group-D1FB73A9546B-LeaderElection1] INFO metrics.RatisMetrics: Creating Metrics Registry : ratis.log_appender.8b2419b4-a177-4573-af00-09505f396448@group-D1FB73A9546B
rm_1        | 2021-05-31 09:59:19 INFO  RMAppAttemptImpl:931 - appattempt_1622454987521_0001_000001 State change from SCHEDULED to ALLOCATED_SAVING on event = CONTAINER_ALLOCATED
scm_1       | 2021-05-31 10:00:03,312 [Socket Reader #1 for port 9861] INFO ipc.Server: Auth successful for dn/dn@EXAMPLE.COM (auth:KERBEROS) from 172.26.0.9:43836
datanode_2  | 2021-05-31 09:57:11,392 [grpc-default-executor-0] INFO impl.VoteContext: b8d73a6e-be53-4233-9578-994c05841491@group-27C701455A85-FOLLOWER: accept ELECTION from 8b2419b4-a177-4573-af00-09505f396448: our priority 0 <= candidate's priority 0
datanode_3  | 2021-05-31 09:57:14,311 [grpc-default-executor-0] INFO impl.RoleInfo: ffddd9fb-494a-4280-9a7f-a8d3d4602b93: start ffddd9fb-494a-4280-9a7f-a8d3d4602b93@group-58BB9764D2D4-FollowerState
nm_1        | 2021-05-31 09:59:43 WARN  DefaultContainerExecutor:637 - delete returned false for path: [/tmp/hadoop-hadoop/nm-local-dir/usercache/hadoop/appcache/application_1622454987521_0001/container_1622454987521_0001_01_000004/sysfs]
om_1        | 2021-05-31 09:59:25,517 [OM StateMachine ApplyTransaction Thread - 0] INFO volume.OMVolumeCreateRequest: created volume:user for user:hadoop
datanode_1  | 2021-05-31 09:57:11,072 [8b2419b4-a177-4573-af00-09505f396448@group-D1FB73A9546B-LeaderElection1] INFO server.RaftServerConfigKeys: raft.server.write.element-limit = 1024 (custom)
rm_1        | 2021-05-31 09:59:19 INFO  RMAppAttemptImpl:931 - appattempt_1622454987521_0001_000001 State change from ALLOCATED_SAVING to ALLOCATED on event = ATTEMPT_NEW_SAVED
scm_1       | 2021-05-31 10:00:03,429 [Socket Reader #1 for port 9861] INFO ipc.Server: Auth successful for dn/dn@EXAMPLE.COM (auth:KERBEROS) from 172.26.0.7:37922
datanode_2  | 2021-05-31 09:57:11,395 [grpc-default-executor-0] INFO server.RaftServer$Division: b8d73a6e-be53-4233-9578-994c05841491@group-27C701455A85: changes role from  FOLLOWER to FOLLOWER at term 1 for candidate:8b2419b4-a177-4573-af00-09505f396448
datanode_3  | 2021-05-31 09:57:14,316 [grpc-default-executor-0] INFO server.RaftServer$Division: ffddd9fb-494a-4280-9a7f-a8d3d4602b93@group-58BB9764D2D4 replies to ELECTION vote request: 8b2419b4-a177-4573-af00-09505f396448<-ffddd9fb-494a-4280-9a7f-a8d3d4602b93#0:OK-t1. Peer's state: ffddd9fb-494a-4280-9a7f-a8d3d4602b93@group-58BB9764D2D4:t1, leader=null, voted=8b2419b4-a177-4573-af00-09505f396448, raftlog=ffddd9fb-494a-4280-9a7f-a8d3d4602b93@group-58BB9764D2D4-SegmentedRaftLog:OPENED:c-1,f-1,i0, conf=-1: [b8d73a6e-be53-4233-9578-994c05841491|rpc:172.26.0.7:9856|admin:172.26.0.7:9857|client:172.26.0.7:9858|priority:0, ffddd9fb-494a-4280-9a7f-a8d3d4602b93|rpc:172.26.0.8:9856|admin:172.26.0.8:9857|client:172.26.0.8:9858|priority:0, 8b2419b4-a177-4573-af00-09505f396448|rpc:172.26.0.9:9856|admin:172.26.0.9:9857|client:172.26.0.9:9858|priority:1], old=null
nm_1        | 2021-05-31 09:59:43 INFO  ContainerImpl:2175 - Container container_1622454987521_0001_01_000005 transitioned from SCHEDULED to RUNNING
om_1        | 2021-05-31 09:59:25,569 [Socket Reader #1 for port 9862] INFO ipc.Server: Auth successful for hadoop/rm@EXAMPLE.COM (auth:TOKEN) from 172.26.0.2:41676
datanode_1  | 2021-05-31 09:57:11,073 [8b2419b4-a177-4573-af00-09505f396448@group-D1FB73A9546B-LeaderElection1] INFO server.RaftServerConfigKeys: raft.server.write.byte-limit = 1073741824 (custom)
rm_1        | 2021-05-31 09:59:19 INFO  AMLauncher:311 - Launching masterappattempt_1622454987521_0001_000001
scm_1       | 2021-05-31 10:00:03,452 [Socket Reader #1 for port 9861] INFO ipc.Server: Auth successful for dn/dn@EXAMPLE.COM (auth:KERBEROS) from 172.26.0.8:56608
datanode_2  | 2021-05-31 09:57:11,396 [grpc-default-executor-0] INFO impl.RoleInfo: b8d73a6e-be53-4233-9578-994c05841491: shutdown b8d73a6e-be53-4233-9578-994c05841491@group-27C701455A85-FollowerState
datanode_3  | 2021-05-31 09:57:14,416 [grpc-default-executor-0] INFO ratis.XceiverServerRatis: Leader change notification received for group: group-58BB9764D2D4 with new leaderId: 8b2419b4-a177-4573-af00-09505f396448
nm_1        | 2021-05-31 09:59:43 INFO  ContainersMonitorImpl:1121 - Starting resource-monitoring for container_1622454987521_0001_01_000005
om_1        | 2021-05-31 09:59:25,616 [Socket Reader #1 for port 9862] INFO ipc.Server: Auth successful for hadoop/rm@EXAMPLE.COM (auth:TOKEN) from 172.26.0.2:41678
datanode_1  | 2021-05-31 09:57:11,078 [8b2419b4-a177-4573-af00-09505f396448@group-D1FB73A9546B-LeaderElection1] INFO server.RaftServerConfigKeys: raft.server.watch.timeout = 180s (custom)
rm_1        | 2021-05-31 09:59:19 INFO  AMLauncher:113 - Setting up container Container: [ContainerId: container_1622454987521_0001_01_000001, AllocationRequestId: -1, Version: 0, NodeId: nm:34481, NodeHttpAddress: nm:8042, Resource: <memory:2048, vCores:1>, Priority: 0, Token: Token { kind: ContainerToken, service: 172.26.0.2:34481 }, ExecutionType: GUARANTEED, ] for AM appattempt_1622454987521_0001_000001
scm_1       | 2021-05-31 10:00:12,625 [IPC Server handler 56 on default port 9863] INFO ha.SequenceIdGenerator: Allocate a batch for delTxnId, change lastId from 0 to 1000.
datanode_2  | 2021-05-31 09:57:11,399 [b8d73a6e-be53-4233-9578-994c05841491@group-27C701455A85-FollowerState] INFO impl.FollowerState: b8d73a6e-be53-4233-9578-994c05841491@group-27C701455A85-FollowerState was interrupted: {}
datanode_3  | 2021-05-31 09:57:14,416 [grpc-default-executor-0] INFO server.RaftServer$Division: ffddd9fb-494a-4280-9a7f-a8d3d4602b93@group-58BB9764D2D4: change Leader from null to 8b2419b4-a177-4573-af00-09505f396448 at term 1 for appendEntries, leader elected after 4811ms
nm_1        | 2021-05-31 09:59:43 INFO  DefaultContainerExecutor:370 - launchContainer: [bash, /tmp/hadoop-hadoop/nm-local-dir/usercache/hadoop/appcache/application_1622454987521_0001/container_1622454987521_0001_01_000005/default_container_executor.sh]
om_1        | 2021-05-31 09:59:36,883 [Socket Reader #1 for port 9862] INFO ipc.Server: Auth successful for hadoop/rm@EXAMPLE.COM (auth:TOKEN) from 172.26.0.2:41726
datanode_1  | 2021-05-31 09:57:11,078 [8b2419b4-a177-4573-af00-09505f396448@group-D1FB73A9546B-LeaderElection1] INFO server.RaftServerConfigKeys: raft.server.watch.timeout.denomination = 1s (default)
rm_1        | 2021-05-31 09:59:19 INFO  AMRMTokenSecretManager:195 - Create AMRMToken for ApplicationAttempt: appattempt_1622454987521_0001_000001
scm_1       | 2021-05-31 10:00:24,128 [Socket Reader #1 for port 9863] INFO ipc.Server: Auth successful for om/om@EXAMPLE.COM (auth:KERBEROS) from 172.26.0.4:45015
datanode_2  | java.lang.InterruptedException: sleep interrupted
datanode_3  | 2021-05-31 09:57:14,474 [grpc-default-executor-0] INFO server.RaftServer$Division: ffddd9fb-494a-4280-9a7f-a8d3d4602b93@group-58BB9764D2D4: set configuration 0: [b8d73a6e-be53-4233-9578-994c05841491|rpc:172.26.0.7:9856|admin:172.26.0.7:9857|client:172.26.0.7:9858|dataStream:|priority:0, ffddd9fb-494a-4280-9a7f-a8d3d4602b93|rpc:172.26.0.8:9856|admin:172.26.0.8:9857|client:172.26.0.8:9858|dataStream:|priority:0, 8b2419b4-a177-4573-af00-09505f396448|rpc:172.26.0.9:9856|admin:172.26.0.9:9857|client:172.26.0.9:9858|dataStream:|priority:1], old=null
datanode_3  | 2021-05-31 09:57:14,476 [grpc-default-executor-0] INFO segmented.SegmentedRaftLogWorker: ffddd9fb-494a-4280-9a7f-a8d3d4602b93@group-58BB9764D2D4-SegmentedRaftLogWorker: Starting segment from index:0
om_1        | 2021-05-31 09:59:38,746 [Socket Reader #1 for port 9862] INFO ipc.Server: Auth successful for hadoop/rm@EXAMPLE.COM (auth:TOKEN) from 172.26.0.2:41730
datanode_1  | 2021-05-31 09:57:11,079 [8b2419b4-a177-4573-af00-09505f396448@group-D1FB73A9546B-LeaderElection1] INFO server.RaftServerConfigKeys: raft.server.watch.element-limit = 65536 (default)
rm_1        | 2021-05-31 09:59:19 INFO  AMRMTokenSecretManager:307 - Creating password for appattempt_1622454987521_0001_000001
scm_1       | 2021-05-31 10:00:33,378 [Socket Reader #1 for port 9861] INFO ipc.Server: Auth successful for dn/dn@EXAMPLE.COM (auth:KERBEROS) from 172.26.0.9:43976
datanode_2  | 	at java.base/java.lang.Thread.sleep(Native Method)
datanode_3  | 2021-05-31 09:57:14,489 [ffddd9fb-494a-4280-9a7f-a8d3d4602b93@group-58BB9764D2D4-SegmentedRaftLogWorker] INFO segmented.SegmentedRaftLogWorker: ffddd9fb-494a-4280-9a7f-a8d3d4602b93@group-58BB9764D2D4-SegmentedRaftLogWorker: created new log segment /data/metadata/ratis/1d6c1ab2-3a63-4654-969f-58bb9764d2d4/current/log_inprogress_0
nm_1        | 2021-05-31 09:59:44 INFO  NodeStatusUpdaterImpl:723 - Removed completed containers from NM context: [container_1622454987521_0001_01_000003]
om_1        | 2021-05-31 09:59:39,936 [Socket Reader #1 for port 9862] INFO ipc.Server: Auth successful for hadoop/rm@EXAMPLE.COM (auth:TOKEN) from 172.26.0.2:41732
datanode_1  | 2021-05-31 09:57:11,085 [8b2419b4-a177-4573-af00-09505f396448@group-D1FB73A9546B-LeaderElection1] INFO impl.RoleInfo: 8b2419b4-a177-4573-af00-09505f396448: start 8b2419b4-a177-4573-af00-09505f396448@group-D1FB73A9546B-LeaderStateImpl
scm_1       | 2021-05-31 10:00:33,409 [Socket Reader #1 for port 9861] INFO ipc.Server: Auth successful for dn/dn@EXAMPLE.COM (auth:KERBEROS) from 172.26.0.7:38062
rm_1        | 2021-05-31 09:59:20 INFO  AMLauncher:134 - Done launching container Container: [ContainerId: container_1622454987521_0001_01_000001, AllocationRequestId: -1, Version: 0, NodeId: nm:34481, NodeHttpAddress: nm:8042, Resource: <memory:2048, vCores:1>, Priority: 0, Token: Token { kind: ContainerToken, service: 172.26.0.2:34481 }, ExecutionType: GUARANTEED, ] for AM appattempt_1622454987521_0001_000001
datanode_2  | 	at java.base/java.lang.Thread.sleep(Thread.java:339)
datanode_3  | 2021-05-31 09:57:16,405 [ffddd9fb-494a-4280-9a7f-a8d3d4602b93@group-27C701455A85-FollowerState] INFO impl.FollowerState: ffddd9fb-494a-4280-9a7f-a8d3d4602b93@group-27C701455A85-FollowerState: change to CANDIDATE, lastRpcElapsedTime:5031358988ns, electionTimeout:5018ms
nm_1        | 2021-05-31 09:59:45 INFO  ContainersMonitorImpl:650 - container_1622454987521_0001_01_000005's ip = 172.26.0.2, and hostname = nm
om_1        | 2021-05-31 09:59:45,572 [Socket Reader #1 for port 9862] INFO ipc.Server: Auth successful for hadoop/rm@EXAMPLE.COM (auth:TOKEN) from 172.26.0.2:41760
datanode_1  | 2021-05-31 09:57:11,107 [8b2419b4-a177-4573-af00-09505f396448@group-D1FB73A9546B-LeaderElection1] INFO segmented.SegmentedRaftLogWorker: 8b2419b4-a177-4573-af00-09505f396448@group-D1FB73A9546B-SegmentedRaftLogWorker: Starting segment from index:0
scm_1       | 2021-05-31 10:00:33,438 [Socket Reader #1 for port 9861] INFO ipc.Server: Auth successful for dn/dn@EXAMPLE.COM (auth:KERBEROS) from 172.26.0.8:56748
rm_1        | 2021-05-31 09:59:20 INFO  RMAppAttemptImpl:931 - appattempt_1622454987521_0001_000001 State change from ALLOCATED to LAUNCHED on event = LAUNCHED
datanode_2  | 	at java.base/java.util.concurrent.TimeUnit.sleep(TimeUnit.java:446)
datanode_3  | 2021-05-31 09:57:16,405 [ffddd9fb-494a-4280-9a7f-a8d3d4602b93@group-27C701455A85-FollowerState] INFO impl.RoleInfo: ffddd9fb-494a-4280-9a7f-a8d3d4602b93: shutdown ffddd9fb-494a-4280-9a7f-a8d3d4602b93@group-27C701455A85-FollowerState
nm_1        | 2021-05-31 09:59:45 INFO  ContainersMonitorImpl:551 - Skipping monitoring container container_1622454987521_0001_01_000005 since CPU usage is not yet available.
nm_1        | 2021-05-31 09:59:46 INFO  NodeStatusUpdaterImpl:723 - Removed completed containers from NM context: [container_1622454987521_0001_01_000004]
datanode_1  | 2021-05-31 09:57:11,151 [8b2419b4-a177-4573-af00-09505f396448@group-D1FB73A9546B-LeaderElection1] INFO server.RaftServer$Division: 8b2419b4-a177-4573-af00-09505f396448@group-D1FB73A9546B: set configuration 0: [8b2419b4-a177-4573-af00-09505f396448|rpc:172.26.0.9:9856|admin:172.26.0.9:9857|client:172.26.0.9:9858|dataStream:|priority:1], old=null
scm_1       | 2021-05-31 10:00:36,555 [Socket Reader #1 for port 9863] INFO ipc.Server: Auth successful for om/om@EXAMPLE.COM (auth:KERBEROS) from 172.26.0.4:40399
rm_1        | 2021-05-31 09:59:20 INFO  RMAppImpl:1041 - update the launch time for applicationId: application_1622454987521_0001, attemptId: appattempt_1622454987521_0001_000001launchTime: 1622455160109
datanode_2  | 	at org.apache.ratis.util.TimeDuration.sleep(TimeDuration.java:324)
datanode_3  | 2021-05-31 09:57:16,406 [ffddd9fb-494a-4280-9a7f-a8d3d4602b93@group-27C701455A85-FollowerState] INFO server.RaftServer$Division: ffddd9fb-494a-4280-9a7f-a8d3d4602b93@group-27C701455A85: changes role from  FOLLOWER to CANDIDATE at term 1 for changeToCandidate
nm_1        | 2021-05-31 09:59:50 INFO  ContainerLaunch:596 - Container container_1622454987521_0001_01_000005 succeeded 
om_1        | 2021-05-31 09:59:50,058 [Socket Reader #1 for port 9862] INFO ipc.Server: Auth successful for hadoop/rm@EXAMPLE.COM (auth:TOKEN) from 172.26.0.2:41776
datanode_1  | 2021-05-31 09:57:11,203 [8b2419b4-a177-4573-af00-09505f396448@group-D1FB73A9546B-SegmentedRaftLogWorker] INFO segmented.SegmentedRaftLogWorker: 8b2419b4-a177-4573-af00-09505f396448@group-D1FB73A9546B-SegmentedRaftLogWorker: created new log segment /data/metadata/ratis/c12e206c-8b6f-471b-87e3-d1fb73a9546b/current/log_inprogress_0
scm_1       | 2021-05-31 10:00:51,389 [Socket Reader #1 for port 9863] INFO ipc.Server: Auth successful for om/om@EXAMPLE.COM (auth:KERBEROS) from 172.26.0.4:33769
rm_1        | 2021-05-31 09:59:20 INFO  RMStateStore:262 - Updating info for app: application_1622454987521_0001
datanode_2  | 	at org.apache.ratis.util.TimeDuration.sleep(TimeDuration.java:309)
datanode_3  | 2021-05-31 09:57:16,407 [ffddd9fb-494a-4280-9a7f-a8d3d4602b93@group-27C701455A85-FollowerState] INFO server.RaftServerConfigKeys: raft.server.leaderelection.pre-vote = false (custom)
nm_1        | 2021-05-31 09:59:50 INFO  ContainerImpl:2175 - Container container_1622454987521_0001_01_000005 transitioned from RUNNING to EXITED_WITH_SUCCESS
om_1        | 2021-05-31 09:59:50,365 [Socket Reader #1 for port 9862] INFO ipc.Server: Auth successful for hadoop/rm@EXAMPLE.COM (auth:TOKEN) from 172.26.0.2:41780
datanode_1  | 2021-05-31 09:57:11,320 [8b2419b4-a177-4573-af00-09505f396448@group-27C701455A85-FollowerState] INFO impl.FollowerState: 8b2419b4-a177-4573-af00-09505f396448@group-27C701455A85-FollowerState: change to CANDIDATE, lastRpcElapsedTime:5045687410ns, electionTimeout:5045ms
scm_1       | 2021-05-31 10:00:59,020 [Socket Reader #1 for port 9860] INFO ipc.Server: Auth successful for om/om@EXAMPLE.COM (auth:KERBEROS) from 172.26.0.4:44627
rm_1        | 2021-05-31 09:59:20 INFO  RMContainerImpl:482 - container_1622454987521_0001_01_000001 Container Transitioned from ACQUIRED to RUNNING
datanode_2  | 	at org.apache.ratis.server.impl.FollowerState.run(FollowerState.java:118)
datanode_3  | 2021-05-31 09:57:16,407 [ffddd9fb-494a-4280-9a7f-a8d3d4602b93@group-27C701455A85-FollowerState] INFO impl.RoleInfo: ffddd9fb-494a-4280-9a7f-a8d3d4602b93: start ffddd9fb-494a-4280-9a7f-a8d3d4602b93@group-27C701455A85-LeaderElection2
nm_1        | 2021-05-31 09:59:50 INFO  ContainerCleanup:87 - Cleaning up container container_1622454987521_0001_01_000005
om_1        | 2021-05-31 09:59:52,728 [Socket Reader #1 for port 9862] INFO ipc.Server: Auth successful for hadoop/rm@EXAMPLE.COM (auth:KERBEROS) from 172.26.0.10:35915
datanode_1  | 2021-05-31 09:57:11,321 [8b2419b4-a177-4573-af00-09505f396448@group-27C701455A85-FollowerState] INFO impl.RoleInfo: 8b2419b4-a177-4573-af00-09505f396448: shutdown 8b2419b4-a177-4573-af00-09505f396448@group-27C701455A85-FollowerState
scm_1       | 2021-05-31 10:01:03,452 [Socket Reader #1 for port 9861] INFO ipc.Server: Auth successful for dn/dn@EXAMPLE.COM (auth:KERBEROS) from 172.26.0.8:56850
rm_1        | 2021-05-31 09:59:29 INFO  Server:2051 - Auth successful for appattempt_1622454987521_0001_000001 (auth:SIMPLE) from 172.26.0.2:44166
datanode_2  | 2021-05-31 09:57:11,403 [grpc-default-executor-0] INFO impl.RoleInfo: b8d73a6e-be53-4233-9578-994c05841491: start b8d73a6e-be53-4233-9578-994c05841491@group-27C701455A85-FollowerState
datanode_3  | 2021-05-31 09:57:16,410 [ffddd9fb-494a-4280-9a7f-a8d3d4602b93@group-27C701455A85-LeaderElection2] INFO impl.LeaderElection: ffddd9fb-494a-4280-9a7f-a8d3d4602b93@group-27C701455A85-LeaderElection2 ELECTION round 0: submit vote requests at term 2 for -1: [b8d73a6e-be53-4233-9578-994c05841491|rpc:172.26.0.7:9856|admin:172.26.0.7:9857|client:172.26.0.7:9858|priority:0, ffddd9fb-494a-4280-9a7f-a8d3d4602b93|rpc:172.26.0.8:9856|admin:172.26.0.8:9857|client:172.26.0.8:9858|priority:1, 8b2419b4-a177-4573-af00-09505f396448|rpc:172.26.0.9:9856|admin:172.26.0.9:9857|client:172.26.0.9:9858|priority:0], old=null
nm_1        | 2021-05-31 09:59:50 INFO  NMAuditLogger:94 - USER=hadoop	OPERATION=Container Finished - Succeeded	TARGET=ContainerImpl	RESULT=SUCCESS	APPID=application_1622454987521_0001	CONTAINERID=container_1622454987521_0001_01_000005
om_1        | 2021-05-31 09:59:55,218 [Socket Reader #1 for port 9862] INFO ipc.Server: Auth successful for hadoop/rm@EXAMPLE.COM (auth:KERBEROS) from 172.26.0.10:42137
datanode_1  | 2021-05-31 09:57:11,321 [8b2419b4-a177-4573-af00-09505f396448@group-27C701455A85-FollowerState] INFO server.RaftServer$Division: 8b2419b4-a177-4573-af00-09505f396448@group-27C701455A85: changes role from  FOLLOWER to CANDIDATE at term 0 for changeToCandidate
scm_1       | 2021-05-31 10:01:03,470 [Socket Reader #1 for port 9861] INFO ipc.Server: Auth successful for dn/dn@EXAMPLE.COM (auth:KERBEROS) from 172.26.0.9:44084
rm_1        | 2021-05-31 09:59:29 INFO  DefaultAMSProcessor:146 - AM registration appattempt_1622454987521_0001_000001
