dn3_1    | 2022-11-28 19:14:52,021 [a932be96-a9c0-44bd-a318-bc85148ec340@group-DB6F4EE55A54-LeaderElection5] INFO impl.RoleInfo: a932be96-a9c0-44bd-a318-bc85148ec340: shutdown a932be96-a9c0-44bd-a318-bc85148ec340@group-DB6F4EE55A54-LeaderElection5
dn3_1    | 2022-11-28 19:14:52,021 [a932be96-a9c0-44bd-a318-bc85148ec340@group-DB6F4EE55A54-LeaderElection5] INFO impl.RoleInfo: a932be96-a9c0-44bd-a318-bc85148ec340: start a932be96-a9c0-44bd-a318-bc85148ec340@group-DB6F4EE55A54-FollowerState
dn3_1    | 2022-11-28 19:14:52,026 [a932be96-a9c0-44bd-a318-bc85148ec340@group-DB6F4EE55A54-FollowerState] INFO server.RaftServerConfigKeys: raft.server.rpc.first-election.timeout.min = 5s (fallback to raft.server.rpc.timeout.min)
dn3_1    | 2022-11-28 19:14:52,027 [a932be96-a9c0-44bd-a318-bc85148ec340@group-DB6F4EE55A54-FollowerState] INFO server.RaftServerConfigKeys: raft.server.rpc.first-election.timeout.max = 5200ms (fallback to raft.server.rpc.timeout.max)
dn3_1    | 2022-11-28 19:14:56,984 [grpc-default-executor-2] INFO server.RaftServer$Division: a932be96-a9c0-44bd-a318-bc85148ec340@group-DB6F4EE55A54: receive requestVote(ELECTION, a074c0d6-cb56-4c23-b5b4-6a433b81f516, group-DB6F4EE55A54, 8, (t:5, i:200))
dn3_1    | 2022-11-28 19:14:56,985 [grpc-default-executor-2] INFO impl.VoteContext: a932be96-a9c0-44bd-a318-bc85148ec340@group-DB6F4EE55A54-FOLLOWER: reject ELECTION from a074c0d6-cb56-4c23-b5b4-6a433b81f516: our priority 1 > candidate's priority 0
dn3_1    | 2022-11-28 19:14:56,985 [grpc-default-executor-2] INFO server.RaftServer$Division: a932be96-a9c0-44bd-a318-bc85148ec340@group-DB6F4EE55A54: changes role from  FOLLOWER to FOLLOWER at term 8 for candidate:a074c0d6-cb56-4c23-b5b4-6a433b81f516
dn3_1    | 2022-11-28 19:14:56,985 [grpc-default-executor-2] INFO impl.RoleInfo: a932be96-a9c0-44bd-a318-bc85148ec340: shutdown a932be96-a9c0-44bd-a318-bc85148ec340@group-DB6F4EE55A54-FollowerState
dn3_1    | 2022-11-28 19:14:56,986 [a932be96-a9c0-44bd-a318-bc85148ec340@group-DB6F4EE55A54-FollowerState] INFO impl.FollowerState: a932be96-a9c0-44bd-a318-bc85148ec340@group-DB6F4EE55A54-FollowerState was interrupted
dn3_1    | 2022-11-28 19:14:56,986 [grpc-default-executor-2] INFO impl.RoleInfo: a932be96-a9c0-44bd-a318-bc85148ec340: start a932be96-a9c0-44bd-a318-bc85148ec340@group-DB6F4EE55A54-FollowerState
dn3_1    | 2022-11-28 19:14:56,993 [grpc-default-executor-2] INFO server.RaftServer$Division: a932be96-a9c0-44bd-a318-bc85148ec340@group-DB6F4EE55A54 replies to ELECTION vote request: a074c0d6-cb56-4c23-b5b4-6a433b81f516<-a932be96-a9c0-44bd-a318-bc85148ec340#0:FAIL-t8. Peer's state: a932be96-a9c0-44bd-a318-bc85148ec340@group-DB6F4EE55A54:t8, leader=null, voted=null, raftlog=Memoized:a932be96-a9c0-44bd-a318-bc85148ec340@group-DB6F4EE55A54-SegmentedRaftLog:OPENED:c200, conf=0: peers:[a074c0d6-cb56-4c23-b5b4-6a433b81f516|rpc:10.9.0.12:9856|admin:10.9.0.12:9857|client:10.9.0.12:9858|dataStream:|priority:0|startupRole:FOLLOWER, e230dae7-7e5d-49ce-aaf9-2c284f18f5ae|rpc:10.9.0.11:9856|admin:10.9.0.11:9857|client:10.9.0.11:9858|dataStream:|priority:0|startupRole:FOLLOWER, a932be96-a9c0-44bd-a318-bc85148ec340|rpc:10.9.0.13:9856|admin:10.9.0.13:9857|client:10.9.0.13:9858|dataStream:|priority:1|startupRole:FOLLOWER]|listeners:[], old=null
dn3_1    | 2022-11-28 19:14:56,997 [a932be96-a9c0-44bd-a318-bc85148ec340@group-DB6F4EE55A54-FollowerState] INFO server.RaftServerConfigKeys: raft.server.rpc.first-election.timeout.min = 5s (fallback to raft.server.rpc.timeout.min)
dn3_1    | 2022-11-28 19:14:56,998 [a932be96-a9c0-44bd-a318-bc85148ec340@group-DB6F4EE55A54-FollowerState] INFO server.RaftServerConfigKeys: raft.server.rpc.first-election.timeout.max = 5200ms (fallback to raft.server.rpc.timeout.max)
dn3_1    | 2022-11-28 19:14:57,053 [a932be96-a9c0-44bd-a318-bc85148ec340@group-A6245934035D-FollowerState] INFO impl.FollowerState: a932be96-a9c0-44bd-a318-bc85148ec340@group-A6245934035D-FollowerState: change to CANDIDATE, lastRpcElapsedTime:5064375502ns, electionTimeout:5034ms
dn3_1    | 2022-11-28 19:14:57,053 [a932be96-a9c0-44bd-a318-bc85148ec340@group-A6245934035D-FollowerState] INFO impl.RoleInfo: a932be96-a9c0-44bd-a318-bc85148ec340: shutdown a932be96-a9c0-44bd-a318-bc85148ec340@group-A6245934035D-FollowerState
dn3_1    | 2022-11-28 19:14:57,053 [a932be96-a9c0-44bd-a318-bc85148ec340@group-A6245934035D-FollowerState] INFO server.RaftServer$Division: a932be96-a9c0-44bd-a318-bc85148ec340@group-A6245934035D: changes role from  FOLLOWER to CANDIDATE at term 3 for changeToCandidate
dn3_1    | 2022-11-28 19:14:57,054 [a932be96-a9c0-44bd-a318-bc85148ec340@group-A6245934035D-FollowerState] INFO server.RaftServerConfigKeys: raft.server.leaderelection.pre-vote = false (custom)
dn3_1    | 2022-11-28 19:14:57,054 [a932be96-a9c0-44bd-a318-bc85148ec340@group-A6245934035D-FollowerState] INFO impl.RoleInfo: a932be96-a9c0-44bd-a318-bc85148ec340: start a932be96-a9c0-44bd-a318-bc85148ec340@group-A6245934035D-LeaderElection6
dn3_1    | 2022-11-28 19:14:57,067 [a932be96-a9c0-44bd-a318-bc85148ec340@group-A6245934035D-LeaderElection6] INFO impl.LeaderElection: a932be96-a9c0-44bd-a318-bc85148ec340@group-A6245934035D-LeaderElection6 ELECTION round 0: submit vote requests at term 4 for 0: peers:[a074c0d6-cb56-4c23-b5b4-6a433b81f516|rpc:10.9.0.12:9856|admin:10.9.0.12:9857|client:10.9.0.12:9858|dataStream:|priority:0|startupRole:FOLLOWER, e230dae7-7e5d-49ce-aaf9-2c284f18f5ae|rpc:10.9.0.11:9856|admin:10.9.0.11:9857|client:10.9.0.11:9858|dataStream:|priority:1|startupRole:FOLLOWER, a932be96-a9c0-44bd-a318-bc85148ec340|rpc:10.9.0.13:9856|admin:10.9.0.13:9857|client:10.9.0.13:9858|dataStream:|priority:0|startupRole:FOLLOWER]|listeners:[], old=null
dn3_1    | 2022-11-28 19:14:57,069 [a932be96-a9c0-44bd-a318-bc85148ec340@group-A6245934035D-LeaderElection6] INFO server.RaftServerConfigKeys: raft.server.rpc.first-election.timeout.min = 5s (fallback to raft.server.rpc.timeout.min)
dn3_1    | 2022-11-28 19:14:57,070 [a932be96-a9c0-44bd-a318-bc85148ec340@group-A6245934035D-LeaderElection6] INFO server.RaftServerConfigKeys: raft.server.rpc.first-election.timeout.max = 5200ms (fallback to raft.server.rpc.timeout.max)
dn3_1    | 2022-11-28 19:14:57,092 [a932be96-a9c0-44bd-a318-bc85148ec340@group-A6245934035D-LeaderElection6] INFO impl.LeaderElection: a932be96-a9c0-44bd-a318-bc85148ec340@group-A6245934035D-LeaderElection6: ELECTION REJECTED received 1 response(s) and 0 exception(s):
dn3_1    | 2022-11-28 19:14:57,094 [a932be96-a9c0-44bd-a318-bc85148ec340@group-A6245934035D-LeaderElection6] INFO impl.LeaderElection:   Response 0: a932be96-a9c0-44bd-a318-bc85148ec340<-e230dae7-7e5d-49ce-aaf9-2c284f18f5ae#0:FAIL-t4
dn3_1    | 2022-11-28 19:14:57,094 [a932be96-a9c0-44bd-a318-bc85148ec340@group-A6245934035D-LeaderElection6] INFO impl.LeaderElection: a932be96-a9c0-44bd-a318-bc85148ec340@group-A6245934035D-LeaderElection6 ELECTION round 0: result REJECTED
dn3_1    | 2022-11-28 19:14:57,101 [a932be96-a9c0-44bd-a318-bc85148ec340@group-A6245934035D-LeaderElection6] INFO server.RaftServer$Division: a932be96-a9c0-44bd-a318-bc85148ec340@group-A6245934035D: changes role from CANDIDATE to FOLLOWER at term 4 for REJECTED
dn3_1    | 2022-11-28 19:14:57,101 [a932be96-a9c0-44bd-a318-bc85148ec340@group-A6245934035D-LeaderElection6] INFO impl.RoleInfo: a932be96-a9c0-44bd-a318-bc85148ec340: shutdown a932be96-a9c0-44bd-a318-bc85148ec340@group-A6245934035D-LeaderElection6
dn3_1    | 2022-11-28 19:14:57,101 [a932be96-a9c0-44bd-a318-bc85148ec340@group-A6245934035D-LeaderElection6] INFO impl.RoleInfo: a932be96-a9c0-44bd-a318-bc85148ec340: start a932be96-a9c0-44bd-a318-bc85148ec340@group-A6245934035D-FollowerState
dn3_1    | 2022-11-28 19:14:57,128 [a932be96-a9c0-44bd-a318-bc85148ec340@group-A6245934035D-FollowerState] INFO server.RaftServerConfigKeys: raft.server.rpc.first-election.timeout.min = 5s (fallback to raft.server.rpc.timeout.min)
dn3_1    | 2022-11-28 19:14:57,128 [a932be96-a9c0-44bd-a318-bc85148ec340@group-A6245934035D-FollowerState] INFO server.RaftServerConfigKeys: raft.server.rpc.first-election.timeout.max = 5200ms (fallback to raft.server.rpc.timeout.max)
dn3_1    | 2022-11-28 19:15:02,031 [a932be96-a9c0-44bd-a318-bc85148ec340@group-DB6F4EE55A54-FollowerState] INFO impl.FollowerState: a932be96-a9c0-44bd-a318-bc85148ec340@group-DB6F4EE55A54-FollowerState: change to CANDIDATE, lastRpcElapsedTime:5044840602ns, electionTimeout:5032ms
dn3_1    | 2022-11-28 19:15:02,032 [a932be96-a9c0-44bd-a318-bc85148ec340@group-DB6F4EE55A54-FollowerState] INFO impl.RoleInfo: a932be96-a9c0-44bd-a318-bc85148ec340: shutdown a932be96-a9c0-44bd-a318-bc85148ec340@group-DB6F4EE55A54-FollowerState
dn3_1    | 2022-11-28 19:15:02,032 [a932be96-a9c0-44bd-a318-bc85148ec340@group-DB6F4EE55A54-FollowerState] INFO server.RaftServer$Division: a932be96-a9c0-44bd-a318-bc85148ec340@group-DB6F4EE55A54: changes role from  FOLLOWER to CANDIDATE at term 8 for changeToCandidate
dn3_1    | 2022-11-28 19:15:02,033 [a932be96-a9c0-44bd-a318-bc85148ec340@group-DB6F4EE55A54-FollowerState] INFO server.RaftServerConfigKeys: raft.server.leaderelection.pre-vote = false (custom)
dn3_1    | 2022-11-28 19:15:02,033 [a932be96-a9c0-44bd-a318-bc85148ec340@group-DB6F4EE55A54-FollowerState] INFO impl.RoleInfo: a932be96-a9c0-44bd-a318-bc85148ec340: start a932be96-a9c0-44bd-a318-bc85148ec340@group-DB6F4EE55A54-LeaderElection7
dn3_1    | 2022-11-28 19:15:02,044 [a932be96-a9c0-44bd-a318-bc85148ec340@group-DB6F4EE55A54-LeaderElection7] INFO impl.LeaderElection: a932be96-a9c0-44bd-a318-bc85148ec340@group-DB6F4EE55A54-LeaderElection7 ELECTION round 0: submit vote requests at term 9 for 0: peers:[a074c0d6-cb56-4c23-b5b4-6a433b81f516|rpc:10.9.0.12:9856|admin:10.9.0.12:9857|client:10.9.0.12:9858|dataStream:|priority:0|startupRole:FOLLOWER, e230dae7-7e5d-49ce-aaf9-2c284f18f5ae|rpc:10.9.0.11:9856|admin:10.9.0.11:9857|client:10.9.0.11:9858|dataStream:|priority:0|startupRole:FOLLOWER, a932be96-a9c0-44bd-a318-bc85148ec340|rpc:10.9.0.13:9856|admin:10.9.0.13:9857|client:10.9.0.13:9858|dataStream:|priority:1|startupRole:FOLLOWER]|listeners:[], old=null
dn3_1    | 2022-11-28 19:15:02,060 [a932be96-a9c0-44bd-a318-bc85148ec340@group-DB6F4EE55A54-LeaderElection7] INFO server.RaftServerConfigKeys: raft.server.rpc.first-election.timeout.min = 5s (fallback to raft.server.rpc.timeout.min)
dn3_1    | 2022-11-28 19:15:02,082 [a932be96-a9c0-44bd-a318-bc85148ec340@group-DB6F4EE55A54-LeaderElection7] INFO server.RaftServerConfigKeys: raft.server.rpc.first-election.timeout.max = 5200ms (fallback to raft.server.rpc.timeout.max)
dn3_1    | 2022-11-28 19:15:02,083 [a932be96-a9c0-44bd-a318-bc85148ec340@group-DB6F4EE55A54-LeaderElection7] INFO impl.LeaderElection: a932be96-a9c0-44bd-a318-bc85148ec340@group-DB6F4EE55A54-LeaderElection7: ELECTION PASSED received 1 response(s) and 0 exception(s):
dn3_1    | 2022-11-28 19:15:02,083 [a932be96-a9c0-44bd-a318-bc85148ec340@group-DB6F4EE55A54-LeaderElection7] INFO impl.LeaderElection:   Response 0: a932be96-a9c0-44bd-a318-bc85148ec340<-a074c0d6-cb56-4c23-b5b4-6a433b81f516#0:OK-t9
dn3_1    | 2022-11-28 19:15:02,083 [a932be96-a9c0-44bd-a318-bc85148ec340@group-DB6F4EE55A54-LeaderElection7] INFO impl.LeaderElection: a932be96-a9c0-44bd-a318-bc85148ec340@group-DB6F4EE55A54-LeaderElection7 ELECTION round 0: result PASSED
dn3_1    | 2022-11-28 19:15:02,083 [a932be96-a9c0-44bd-a318-bc85148ec340@group-DB6F4EE55A54-LeaderElection7] INFO impl.RoleInfo: a932be96-a9c0-44bd-a318-bc85148ec340: shutdown a932be96-a9c0-44bd-a318-bc85148ec340@group-DB6F4EE55A54-LeaderElection7
dn3_1    | 2022-11-28 19:15:02,084 [a932be96-a9c0-44bd-a318-bc85148ec340@group-DB6F4EE55A54-LeaderElection7] INFO server.RaftServer$Division: a932be96-a9c0-44bd-a318-bc85148ec340@group-DB6F4EE55A54: changes role from CANDIDATE to LEADER at term 9 for changeToLeader
dn3_1    | 2022-11-28 19:15:02,084 [a932be96-a9c0-44bd-a318-bc85148ec340@group-DB6F4EE55A54-LeaderElection7] INFO ratis.XceiverServerRatis: Leader change notification received for group: group-DB6F4EE55A54 with new leaderId: a932be96-a9c0-44bd-a318-bc85148ec340
dn3_1    | 2022-11-28 19:15:02,087 [a932be96-a9c0-44bd-a318-bc85148ec340@group-DB6F4EE55A54-LeaderElection7] INFO server.RaftServer$Division: a932be96-a9c0-44bd-a318-bc85148ec340@group-DB6F4EE55A54: change Leader from null to a932be96-a9c0-44bd-a318-bc85148ec340 at term 9 for becomeLeader, leader elected after 40144ms
dn3_1    | 2022-11-28 19:15:02,088 [a932be96-a9c0-44bd-a318-bc85148ec340@group-DB6F4EE55A54-LeaderElection7] INFO server.RaftServerConfigKeys: raft.server.staging.catchup.gap = 1000 (default)
dn3_1    | 2022-11-28 19:15:02,089 [a932be96-a9c0-44bd-a318-bc85148ec340@group-DB6F4EE55A54-LeaderElection7] INFO server.RaftServerConfigKeys: raft.server.write.element-limit = 1024 (custom)
dn3_1    | 2022-11-28 19:15:02,089 [a932be96-a9c0-44bd-a318-bc85148ec340@group-DB6F4EE55A54-LeaderElection7] INFO server.RaftServerConfigKeys: raft.server.write.byte-limit = 1024 M (=1073741824) (custom)
dn3_1    | 2022-11-28 19:15:02,090 [a932be96-a9c0-44bd-a318-bc85148ec340@group-DB6F4EE55A54-LeaderElection7] INFO server.RaftServerConfigKeys: raft.server.watch.timeout = 180s (custom)
dn3_1    | 2022-11-28 19:15:02,091 [a932be96-a9c0-44bd-a318-bc85148ec340@group-DB6F4EE55A54-LeaderElection7] INFO server.RaftServerConfigKeys: raft.server.watch.timeout.denomination = 1s (default)
dn3_1    | 2022-11-28 19:15:02,091 [a932be96-a9c0-44bd-a318-bc85148ec340@group-DB6F4EE55A54-LeaderElection7] INFO server.RaftServerConfigKeys: raft.server.watch.element-limit = 65536 (default)
dn3_1    | 2022-11-28 19:15:02,094 [a932be96-a9c0-44bd-a318-bc85148ec340@group-DB6F4EE55A54-LeaderElection7] INFO server.RaftServerConfigKeys: raft.server.write.element-limit = 1024 (custom)
dn3_1    | 2022-11-28 19:15:02,094 [a932be96-a9c0-44bd-a318-bc85148ec340@group-DB6F4EE55A54-LeaderElection7] INFO server.RaftServerConfigKeys: raft.server.write.follower.gap.ratio.max = -1.0 (default)
dn3_1    | 2022-11-28 19:15:02,144 [a932be96-a9c0-44bd-a318-bc85148ec340@group-DB6F4EE55A54-LeaderElection7] INFO server.RaftServerConfigKeys: raft.server.log.appender.snapshot.chunk.size.max = 16MB (=16777216) (default)
scm_1    | 2022-11-28 19:14:26,512 [main] INFO ha.SequenceIdGenerator: Init the HA SequenceIdGenerator.
dn3_1    | 2022-11-28 19:15:02,144 [a932be96-a9c0-44bd-a318-bc85148ec340@group-DB6F4EE55A54-LeaderElection7] INFO server.RaftServerConfigKeys: raft.server.log.appender.buffer.byte-limit = 33554432 (custom)
recon_1  | 2022-11-28 19:14:17,861 [main] INFO codegen.SqlDbUtils: GLOBAL_STATS table already exists, skipping creation.
dn2_1    | 2022-11-28 19:14:38,237 [a074c0d6-cb56-4c23-b5b4-6a433b81f516-impl-thread2] INFO server.RaftServerConfigKeys: raft.server.log.async-flush.enabled = false (default)
scm_1    | 2022-11-28 19:14:26,656 [main] INFO node.SCMNodeManager: Entering startup safe mode.
recon_1  | 2022-11-28 19:14:20,453 [main] INFO codegen.SqlDbUtils: FILE_COUNT_BY_SIZE table already exists, skipping creation.
dn3_1    | 2022-11-28 19:15:02,147 [a932be96-a9c0-44bd-a318-bc85148ec340@group-DB6F4EE55A54-LeaderElection7] INFO server.RaftServerConfigKeys: raft.server.log.appender.buffer.element-limit = 1 (custom)
dn3_1    | 2022-11-28 19:15:02,153 [a932be96-a9c0-44bd-a318-bc85148ec340@group-DB6F4EE55A54-LeaderElection7] INFO grpc.GrpcConfigKeys: raft.grpc.server.leader.outstanding.appends.max = 128 (default)
scm_1    | 2022-11-28 19:14:26,672 [main] INFO algorithms.ContainerPlacementPolicyFactory: Create container placement policy of type org.apache.hadoop.hdds.scm.container.placement.algorithms.SCMContainerPlacementRandom
recon_1  | 2022-11-28 19:14:20,531 [main] INFO codegen.SqlDbUtils: CLUSTER_GROWTH_DAILY table already exists, skipping creation.
dn3_1    | 2022-11-28 19:15:02,154 [a932be96-a9c0-44bd-a318-bc85148ec340@group-DB6F4EE55A54-LeaderElection7] INFO server.RaftServerConfigKeys: raft.server.rpc.request.timeout = 60s (custom)
dn3_1    | 2022-11-28 19:15:02,158 [a932be96-a9c0-44bd-a318-bc85148ec340@group-DB6F4EE55A54-LeaderElection7] INFO server.RaftServerConfigKeys: raft.server.log.appender.install.snapshot.enabled = false (custom)
scm_1    | 2022-11-28 19:14:26,683 [main] INFO algorithms.ContainerPlacementPolicyFactory: Create container placement policy of type org.apache.hadoop.hdds.scm.container.placement.algorithms.SCMContainerPlacementRackScatter
recon_1  | 2022-11-28 19:14:20,996 [main] INFO http.BaseHttpServer: Starting Web-server for recon at: http://0.0.0.0:9888
dn3_1    | 2022-11-28 19:15:02,158 [a932be96-a9c0-44bd-a318-bc85148ec340@group-DB6F4EE55A54-LeaderElection7] INFO grpc.GrpcConfigKeys: raft.grpc.server.heartbeat.channel = true (default)
dn3_1    | 2022-11-28 19:15:02,158 [a932be96-a9c0-44bd-a318-bc85148ec340@group-DB6F4EE55A54-LeaderElection7] INFO server.RaftServerConfigKeys: raft.server.log.appender.wait-time.min = 10ms (default)
dn2_1    | 2022-11-28 19:14:38,237 [a074c0d6-cb56-4c23-b5b4-6a433b81f516-impl-thread2] INFO server.RaftServerConfigKeys: raft.server.log.statemachine.data.caching.enabled = true (custom)
dn1_1    | 2022-11-28 19:14:46,748 [e230dae7-7e5d-49ce-aaf9-2c284f18f5ae@group-A6245934035D-LeaderElection2] INFO impl.LeaderElection: e230dae7-7e5d-49ce-aaf9-2c284f18f5ae@group-A6245934035D-LeaderElection2: ELECTION REJECTED received 2 response(s) and 0 exception(s):
scm_1    | 2022-11-28 19:14:26,785 [main] INFO algorithms.LeaderChoosePolicyFactory: Create leader choose policy of type org.apache.hadoop.hdds.scm.pipeline.leader.choose.algorithms.MinLeaderCountChoosePolicy
recon_1  | 2022-11-28 19:14:21,071 [main] INFO http.BaseHttpServer: Hadoop Security Enabled: false Ozone Security Enabled: false Ozone HTTP Security Enabled: false 
dn2_1    | 2022-11-28 19:14:38,362 [a074c0d6-cb56-4c23-b5b4-6a433b81f516-impl-thread1] INFO server.RaftServer$Division: a074c0d6-cb56-4c23-b5b4-6a433b81f516@group-DB6F4EE55A54: set configuration 0: peers:[a074c0d6-cb56-4c23-b5b4-6a433b81f516|rpc:10.9.0.12:9856|admin:10.9.0.12:9857|client:10.9.0.12:9858|dataStream:|priority:0|startupRole:FOLLOWER, e230dae7-7e5d-49ce-aaf9-2c284f18f5ae|rpc:10.9.0.11:9856|admin:10.9.0.11:9857|client:10.9.0.11:9858|dataStream:|priority:0|startupRole:FOLLOWER, a932be96-a9c0-44bd-a318-bc85148ec340|rpc:10.9.0.13:9856|admin:10.9.0.13:9857|client:10.9.0.13:9858|dataStream:|priority:1|startupRole:FOLLOWER]|listeners:[], old=null
dn3_1    | 2022-11-28 19:15:02,178 [a932be96-a9c0-44bd-a318-bc85148ec340@group-DB6F4EE55A54-LeaderElection7] INFO server.RaftServerConfigKeys: raft.server.log.appender.snapshot.chunk.size.max = 16MB (=16777216) (default)
dn1_1    | 2022-11-28 19:14:46,750 [e230dae7-7e5d-49ce-aaf9-2c284f18f5ae@group-A6245934035D-LeaderElection2] INFO impl.LeaderElection:   Response 0: e230dae7-7e5d-49ce-aaf9-2c284f18f5ae<-a074c0d6-cb56-4c23-b5b4-6a433b81f516#0:FAIL-t2
scm_1    | 2022-11-28 19:14:26,786 [main] INFO algorithms.ContainerPlacementPolicyFactory: Create container placement policy of type org.apache.hadoop.hdds.scm.container.placement.algorithms.SCMContainerPlacementRackScatter
recon_1  | 2022-11-28 19:14:21,130 [main] INFO util.log: Logging initialized @31359ms to org.eclipse.jetty.util.log.Slf4jLog
dn2_1    | 2022-11-28 19:14:38,363 [a074c0d6-cb56-4c23-b5b4-6a433b81f516-impl-thread2] INFO server.RaftServer$Division: a074c0d6-cb56-4c23-b5b4-6a433b81f516@group-E62AE558E6FC: set configuration 0: peers:[a074c0d6-cb56-4c23-b5b4-6a433b81f516|rpc:10.9.0.12:9856|admin:10.9.0.12:9857|client:10.9.0.12:9858|dataStream:|priority:1|startupRole:FOLLOWER]|listeners:[], old=null
dn3_1    | 2022-11-28 19:15:02,178 [a932be96-a9c0-44bd-a318-bc85148ec340@group-DB6F4EE55A54-LeaderElection7] INFO server.RaftServerConfigKeys: raft.server.log.appender.buffer.byte-limit = 33554432 (custom)
dn1_1    | 2022-11-28 19:14:46,751 [e230dae7-7e5d-49ce-aaf9-2c284f18f5ae@group-A6245934035D-LeaderElection2] INFO impl.LeaderElection:   Response 1: e230dae7-7e5d-49ce-aaf9-2c284f18f5ae<-a932be96-a9c0-44bd-a318-bc85148ec340#0:FAIL-t2
scm_1    | 2022-11-28 19:14:26,795 [main] INFO ha.SCMServiceManager: Registering service BackgroundPipelineCreator.
recon_1  | 2022-11-28 19:14:21,525 [main] WARN server.AuthenticationFilter: Unable to initialize FileSignerSecretProvider, falling back to use random secrets. Reason: Could not read signature secret file: /opt/hadoop/hadoop-http-auth-signature-secret
dn2_1    | 2022-11-28 19:14:38,370 [a074c0d6-cb56-4c23-b5b4-6a433b81f516-impl-thread2] INFO segmented.LogSegment: Successfully read 1 entries from segment file /data/metadata/ratis/15142f81-d931-46d5-ad71-e62ae558e6fc/current/log_inprogress_0
dn3_1    | 2022-11-28 19:15:02,179 [a932be96-a9c0-44bd-a318-bc85148ec340@group-DB6F4EE55A54-LeaderElection7] INFO server.RaftServerConfigKeys: raft.server.log.appender.buffer.element-limit = 1 (custom)
scm_1    | 2022-11-28 19:14:26,796 [main] INFO pipeline.BackgroundPipelineCreator: Starting RatisPipelineUtilsThread.
recon_1  | 2022-11-28 19:14:21,558 [main] WARN http.HttpRequestLog: Jetty request log can only be enabled using Log4j
dn2_1    | 2022-11-28 19:14:38,372 [a074c0d6-cb56-4c23-b5b4-6a433b81f516-impl-thread3] INFO server.RaftServer$Division: a074c0d6-cb56-4c23-b5b4-6a433b81f516@group-A6245934035D: set configuration 0: peers:[a074c0d6-cb56-4c23-b5b4-6a433b81f516|rpc:10.9.0.12:9856|admin:10.9.0.12:9857|client:10.9.0.12:9858|dataStream:|priority:0|startupRole:FOLLOWER, e230dae7-7e5d-49ce-aaf9-2c284f18f5ae|rpc:10.9.0.11:9856|admin:10.9.0.11:9857|client:10.9.0.11:9858|dataStream:|priority:1|startupRole:FOLLOWER, a932be96-a9c0-44bd-a318-bc85148ec340|rpc:10.9.0.13:9856|admin:10.9.0.13:9857|client:10.9.0.13:9858|dataStream:|priority:0|startupRole:FOLLOWER]|listeners:[], old=null
dn2_1    | 2022-11-28 19:14:38,397 [a074c0d6-cb56-4c23-b5b4-6a433b81f516-impl-thread2] INFO segmented.SegmentedRaftLogWorker: a074c0d6-cb56-4c23-b5b4-6a433b81f516@group-E62AE558E6FC-SegmentedRaftLogWorker: flushIndex: setUnconditionally 0 -> 0
dn3_1    | 2022-11-28 19:15:02,179 [a932be96-a9c0-44bd-a318-bc85148ec340@group-DB6F4EE55A54-LeaderElection7] INFO grpc.GrpcConfigKeys: raft.grpc.server.leader.outstanding.appends.max = 128 (default)
scm_1    | 2022-11-28 19:14:26,814 [main] INFO BackgroundPipelineScrubber: Starting BackgroundPipelineScrubber Service.
dn2_1    | 2022-11-28 19:14:38,398 [a074c0d6-cb56-4c23-b5b4-6a433b81f516-impl-thread2] INFO segmented.SegmentedRaftLogWorker: a074c0d6-cb56-4c23-b5b4-6a433b81f516@group-E62AE558E6FC-SegmentedRaftLogWorker: safeCacheEvictIndex: setUnconditionally 0 -> -1
dn1_1    | 2022-11-28 19:14:46,751 [e230dae7-7e5d-49ce-aaf9-2c284f18f5ae@group-A6245934035D-LeaderElection2] INFO impl.LeaderElection: e230dae7-7e5d-49ce-aaf9-2c284f18f5ae@group-A6245934035D-LeaderElection2 ELECTION round 0: result REJECTED
dn1_1    | 2022-11-28 19:14:46,751 [e230dae7-7e5d-49ce-aaf9-2c284f18f5ae@group-A6245934035D-LeaderElection2] INFO server.RaftServer$Division: e230dae7-7e5d-49ce-aaf9-2c284f18f5ae@group-A6245934035D: changes role from CANDIDATE to FOLLOWER at term 2 for REJECTED
scm_1    | 2022-11-28 19:14:26,815 [main] INFO ha.SCMServiceManager: Registering service BackgroundPipelineScrubber.
dn3_1    | 2022-11-28 19:15:02,180 [a932be96-a9c0-44bd-a318-bc85148ec340@group-DB6F4EE55A54-LeaderElection7] INFO server.RaftServerConfigKeys: raft.server.rpc.request.timeout = 60s (custom)
dn1_1    | 2022-11-28 19:14:46,752 [e230dae7-7e5d-49ce-aaf9-2c284f18f5ae@group-A6245934035D-LeaderElection2] INFO impl.RoleInfo: e230dae7-7e5d-49ce-aaf9-2c284f18f5ae: shutdown e230dae7-7e5d-49ce-aaf9-2c284f18f5ae@group-A6245934035D-LeaderElection2
scm_1    | 2022-11-28 19:14:26,820 [main] INFO ExpiredContainerReplicaOpScrubber: Starting ExpiredContainerReplicaOpScrubber Service.
recon_1  | 2022-11-28 19:14:21,599 [main] INFO http.HttpServer2: Added global filter 'safety' (class=org.apache.hadoop.hdds.server.http.HttpServer2$QuotingInputFilter)
dn2_1    | 2022-11-28 19:14:38,454 [a074c0d6-cb56-4c23-b5b4-6a433b81f516-impl-thread3] INFO segmented.LogSegment: Successfully read 5 entries from segment file /data/metadata/ratis/2e6263cf-3d83-47df-bdb3-a6245934035d/current/log_inprogress_0
dn3_1    | 2022-11-28 19:15:02,181 [a932be96-a9c0-44bd-a318-bc85148ec340@group-DB6F4EE55A54-LeaderElection7] INFO server.RaftServerConfigKeys: raft.server.log.appender.install.snapshot.enabled = false (custom)
dn1_1    | 2022-11-28 19:14:46,753 [e230dae7-7e5d-49ce-aaf9-2c284f18f5ae@group-A6245934035D-LeaderElection2] INFO impl.RoleInfo: e230dae7-7e5d-49ce-aaf9-2c284f18f5ae: start e230dae7-7e5d-49ce-aaf9-2c284f18f5ae@group-A6245934035D-FollowerState
scm_1    | 2022-11-28 19:14:26,827 [main] INFO ha.SCMServiceManager: Registering service ExpiredContainerReplicaOpScrubber.
recon_1  | 2022-11-28 19:14:21,618 [main] INFO http.HttpServer2: Added filter static_user_filter (class=org.apache.hadoop.http.lib.StaticUserWebFilter$StaticUserFilter) to context recon
dn2_1    | 2022-11-28 19:14:38,468 [a074c0d6-cb56-4c23-b5b4-6a433b81f516-impl-thread3] INFO segmented.SegmentedRaftLogWorker: a074c0d6-cb56-4c23-b5b4-6a433b81f516@group-A6245934035D-SegmentedRaftLogWorker: flushIndex: setUnconditionally 0 -> 4
dn3_1    | 2022-11-28 19:15:02,182 [a932be96-a9c0-44bd-a318-bc85148ec340@group-DB6F4EE55A54-LeaderElection7] INFO grpc.GrpcConfigKeys: raft.grpc.server.heartbeat.channel = true (default)
dn1_1    | 2022-11-28 19:14:46,753 [e230dae7-7e5d-49ce-aaf9-2c284f18f5ae@group-A6245934035D-FollowerState] INFO server.RaftServerConfigKeys: raft.server.rpc.first-election.timeout.min = 5s (fallback to raft.server.rpc.timeout.min)
recon_1  | 2022-11-28 19:14:21,618 [main] INFO http.HttpServer2: Added filter static_user_filter (class=org.apache.hadoop.http.lib.StaticUserWebFilter$StaticUserFilter) to context static
recon_1  | 2022-11-28 19:14:21,619 [main] INFO http.HttpServer2: Added filter static_user_filter (class=org.apache.hadoop.http.lib.StaticUserWebFilter$StaticUserFilter) to context logs
scm_1    | 2022-11-28 19:14:26,915 [main] INFO algorithms.PipelineChoosePolicyFactory: Create pipeline choose policy of type org.apache.hadoop.hdds.scm.pipeline.choose.algorithms.RandomPipelineChoosePolicy
scm_1    | 2022-11-28 19:14:26,949 [main] INFO ha.SCMServiceManager: Registering service SCMBlockDeletingService.
dn1_1    | 2022-11-28 19:14:46,755 [e230dae7-7e5d-49ce-aaf9-2c284f18f5ae@group-A6245934035D-FollowerState] INFO server.RaftServerConfigKeys: raft.server.rpc.first-election.timeout.max = 5200ms (fallback to raft.server.rpc.timeout.max)
recon_1  | 2022-11-28 19:14:22,272 [main] INFO tasks.ReconTaskControllerImpl: Registered task ContainerKeyMapperTask with controller.
recon_1  | 2022-11-28 19:14:22,661 [main] INFO tasks.ReconTaskControllerImpl: Registered task FileSizeCountTask with controller.
recon_1  | 2022-11-28 19:14:22,682 [main] INFO tasks.ReconTaskControllerImpl: Registered task TableCountTask with controller.
recon_1  | 2022-11-28 19:14:22,705 [main] INFO tasks.ReconTaskControllerImpl: Registered task NSSummaryTask with controller.
scm_1    | 2022-11-28 19:14:26,997 [main] INFO replication.ReplicationManager: Starting Replication Monitor Thread.
scm_1    | 2022-11-28 19:14:27,037 [main] INFO ha.SCMServiceManager: Registering service ReplicationManager.
scm_1    | 2022-11-28 19:14:27,069 [ReplicationMonitor] INFO replication.ReplicationManager: Replication Manager is not ready to run until 300000ms after safemode exit
dn1_1    | 2022-11-28 19:14:51,796 [e230dae7-7e5d-49ce-aaf9-2c284f18f5ae@group-DB6F4EE55A54-FollowerState] INFO impl.FollowerState: e230dae7-7e5d-49ce-aaf9-2c284f18f5ae@group-DB6F4EE55A54-FollowerState: change to CANDIDATE, lastRpcElapsedTime:5079854661ns, electionTimeout:5046ms
dn1_1    | 2022-11-28 19:14:51,796 [e230dae7-7e5d-49ce-aaf9-2c284f18f5ae@group-DB6F4EE55A54-FollowerState] INFO impl.RoleInfo: e230dae7-7e5d-49ce-aaf9-2c284f18f5ae: shutdown e230dae7-7e5d-49ce-aaf9-2c284f18f5ae@group-DB6F4EE55A54-FollowerState
dn1_1    | 2022-11-28 19:14:51,797 [e230dae7-7e5d-49ce-aaf9-2c284f18f5ae@group-DB6F4EE55A54-FollowerState] INFO server.RaftServer$Division: e230dae7-7e5d-49ce-aaf9-2c284f18f5ae@group-DB6F4EE55A54: changes role from  FOLLOWER to CANDIDATE at term 6 for changeToCandidate
scm_1    | 2022-11-28 19:14:27,128 [main] INFO safemode.ContainerSafeModeRule: containers with one replica threshold count 0
scm_1    | 2022-11-28 19:14:27,137 [main] INFO safemode.HealthyPipelineSafeModeRule: Total pipeline count is 2, healthy pipeline threshold count is 1
scm_1    | 2022-11-28 19:14:27,147 [main] INFO safemode.OneReplicaPipelineSafeModeRule: Total pipeline count is 2, pipeline's with at least one datanode reported threshold count is 2
scm_1    | 2022-11-28 19:14:28,882 [main] INFO audit.AuditLogger: Refresh DebugCmdSet for SCMAudit to [].
dn1_1    | 2022-11-28 19:14:51,797 [e230dae7-7e5d-49ce-aaf9-2c284f18f5ae@group-DB6F4EE55A54-FollowerState] INFO server.RaftServerConfigKeys: raft.server.leaderelection.pre-vote = false (custom)
dn1_1    | 2022-11-28 19:14:51,797 [e230dae7-7e5d-49ce-aaf9-2c284f18f5ae@group-DB6F4EE55A54-FollowerState] INFO impl.RoleInfo: e230dae7-7e5d-49ce-aaf9-2c284f18f5ae: start e230dae7-7e5d-49ce-aaf9-2c284f18f5ae@group-DB6F4EE55A54-LeaderElection4
scm_1    | 2022-11-28 19:14:28,958 [main] INFO ipc.CallQueueManager: Using callQueue: class java.util.concurrent.LinkedBlockingQueue, queueCapacity: 10000, scheduler: class org.apache.hadoop.ipc.DefaultRpcScheduler, ipcBackoff: false.
recon_1  | 2022-11-28 19:14:22,782 [main] INFO ozone.OmUtils: ozone.om.internal.service.id is not defined, falling back to ozone.om.service.ids to find serviceID for OzoneManager if it is HA enabled cluster
dn2_1    | 2022-11-28 19:14:38,468 [a074c0d6-cb56-4c23-b5b4-6a433b81f516-impl-thread3] INFO segmented.SegmentedRaftLogWorker: a074c0d6-cb56-4c23-b5b4-6a433b81f516@group-A6245934035D-SegmentedRaftLogWorker: safeCacheEvictIndex: setUnconditionally 0 -> -1
dn2_1    | 2022-11-28 19:14:38,620 [a074c0d6-cb56-4c23-b5b4-6a433b81f516-impl-thread1] INFO segmented.LogSegment: Successfully read 201 entries from segment file /data/metadata/ratis/4eec90aa-be4d-4886-9852-db6f4ee55a54/current/log_inprogress_0
dn2_1    | 2022-11-28 19:14:38,621 [a074c0d6-cb56-4c23-b5b4-6a433b81f516-impl-thread1] INFO segmented.SegmentedRaftLogWorker: a074c0d6-cb56-4c23-b5b4-6a433b81f516@group-DB6F4EE55A54-SegmentedRaftLogWorker: flushIndex: setUnconditionally 0 -> 200
dn1_1    | 2022-11-28 19:14:51,810 [e230dae7-7e5d-49ce-aaf9-2c284f18f5ae@group-DB6F4EE55A54-LeaderElection4] INFO impl.LeaderElection: e230dae7-7e5d-49ce-aaf9-2c284f18f5ae@group-DB6F4EE55A54-LeaderElection4 ELECTION round 0: submit vote requests at term 7 for 0: peers:[a074c0d6-cb56-4c23-b5b4-6a433b81f516|rpc:10.9.0.12:9856|admin:10.9.0.12:9857|client:10.9.0.12:9858|dataStream:|priority:0|startupRole:FOLLOWER, e230dae7-7e5d-49ce-aaf9-2c284f18f5ae|rpc:10.9.0.11:9856|admin:10.9.0.11:9857|client:10.9.0.11:9858|dataStream:|priority:0|startupRole:FOLLOWER, a932be96-a9c0-44bd-a318-bc85148ec340|rpc:10.9.0.13:9856|admin:10.9.0.13:9857|client:10.9.0.13:9858|dataStream:|priority:1|startupRole:FOLLOWER]|listeners:[], old=null
scm_1    | 2022-11-28 19:14:29,195 [Socket Reader #1 for port 9861] INFO ipc.Server: Starting Socket Reader #1 for port 9861
recon_1  | 2022-11-28 19:14:22,782 [main] INFO ozone.OmUtils: No OzoneManager ServiceID configured.
dn2_1    | 2022-11-28 19:14:38,621 [a074c0d6-cb56-4c23-b5b4-6a433b81f516-impl-thread1] INFO segmented.SegmentedRaftLogWorker: a074c0d6-cb56-4c23-b5b4-6a433b81f516@group-DB6F4EE55A54-SegmentedRaftLogWorker: safeCacheEvictIndex: setUnconditionally 0 -> -1
dn3_1    | 2022-11-28 19:15:02,182 [a932be96-a9c0-44bd-a318-bc85148ec340@group-DB6F4EE55A54-LeaderElection7] INFO server.RaftServerConfigKeys: raft.server.log.appender.wait-time.min = 10ms (default)
scm_1    | 2022-11-28 19:14:29,298 [Listener at 0.0.0.0/9861] INFO audit.AuditLogger: Refresh DebugCmdSet for SCMAudit to [].
recon_1  | 2022-11-28 19:14:25,506 [main] WARN recon.ReconUtils: ozone.recon.om.db.dir is not configured. We recommend adding this setting. Falling back to ozone.metadata.dirs instead.
dn2_1    | 2022-11-28 19:14:38,935 [a074c0d6-cb56-4c23-b5b4-6a433b81f516-impl-thread2] INFO server.RaftServer$Division: a074c0d6-cb56-4c23-b5b4-6a433b81f516@group-E62AE558E6FC: start as a follower, conf=0: peers:[a074c0d6-cb56-4c23-b5b4-6a433b81f516|rpc:10.9.0.12:9856|admin:10.9.0.12:9857|client:10.9.0.12:9858|dataStream:|priority:1|startupRole:FOLLOWER]|listeners:[], old=null
scm_1    | 2022-11-28 19:14:29,315 [Listener at 0.0.0.0/9861] INFO ipc.CallQueueManager: Using callQueue: class java.util.concurrent.LinkedBlockingQueue, queueCapacity: 10000, scheduler: class org.apache.hadoop.ipc.DefaultRpcScheduler, ipcBackoff: false.
scm_1    | 2022-11-28 19:14:29,328 [Socket Reader #1 for port 9863] INFO ipc.Server: Starting Socket Reader #1 for port 9863
recon_1  | 2022-11-28 19:14:26,002 [main] WARN recon.ReconUtils: ozone.recon.scm.db.dirs is not configured. We recommend adding this setting. Falling back to ozone.metadata.dirs instead.
dn2_1    | 2022-11-28 19:14:38,935 [a074c0d6-cb56-4c23-b5b4-6a433b81f516-impl-thread2] INFO server.RaftServer$Division: a074c0d6-cb56-4c23-b5b4-6a433b81f516@group-E62AE558E6FC: changes role from      null to FOLLOWER at term 1 for startAsFollower
scm_1    | 2022-11-28 19:14:29,407 [Listener at 0.0.0.0/9863] INFO audit.AuditLogger: Refresh DebugCmdSet for SCMAudit to [].
scm_1    | 2022-11-28 19:14:29,427 [Listener at 0.0.0.0/9863] INFO ipc.CallQueueManager: Using callQueue: class java.util.concurrent.LinkedBlockingQueue, queueCapacity: 10000, scheduler: class org.apache.hadoop.ipc.DefaultRpcScheduler, ipcBackoff: false.
recon_1  | 2022-11-28 19:14:26,146 [main] INFO net.NodeSchemaLoader: Loading schema from [file:/etc/hadoop/network-topology-default.xml, jar:file:/opt/hadoop/share/ozone/lib/hdds-common-1.3.0-SNAPSHOT.jar!/network-topology-default.xml]
dn2_1    | 2022-11-28 19:14:39,583 [a074c0d6-cb56-4c23-b5b4-6a433b81f516-impl-thread1] INFO raftlog.RaftLog: a074c0d6-cb56-4c23-b5b4-6a433b81f516@group-DB6F4EE55A54-SegmentedRaftLog: commitIndex: updateToMax old=200, new=199, updated? false
scm_1    | 2022-11-28 19:14:29,435 [Socket Reader #1 for port 9860] INFO ipc.Server: Starting Socket Reader #1 for port 9860
scm_1    | 2022-11-28 19:14:29,584 [Listener at 0.0.0.0/9860] INFO ha.SCMServiceManager: Registering service ContainerBalancer.
recon_1  | 2022-11-28 19:14:26,153 [main] INFO net.NodeSchemaLoader: Loading network topology layer schema file
dn2_1    | 2022-11-28 19:14:39,583 [a074c0d6-cb56-4c23-b5b4-6a433b81f516-impl-thread2] INFO impl.RoleInfo: a074c0d6-cb56-4c23-b5b4-6a433b81f516: start a074c0d6-cb56-4c23-b5b4-6a433b81f516@group-E62AE558E6FC-FollowerState
scm_1    | 2022-11-28 19:14:29,588 [Listener at 0.0.0.0/9860] INFO server.StorageContainerManager: 
scm_1    | Container Balancer status:
recon_1  | 2022-11-28 19:14:26,347 [main] WARN db.DBStoreBuilder: ozone.recon.scm.db.dirs is not configured. We recommend adding this setting. Falling back to ozone.metadata.dirs instead.
dn2_1    | 2022-11-28 19:14:39,606 [a074c0d6-cb56-4c23-b5b4-6a433b81f516-impl-thread1] INFO server.RaftServer$Division: a074c0d6-cb56-4c23-b5b4-6a433b81f516@group-DB6F4EE55A54: start as a follower, conf=0: peers:[a074c0d6-cb56-4c23-b5b4-6a433b81f516|rpc:10.9.0.12:9856|admin:10.9.0.12:9857|client:10.9.0.12:9858|dataStream:|priority:0|startupRole:FOLLOWER, e230dae7-7e5d-49ce-aaf9-2c284f18f5ae|rpc:10.9.0.11:9856|admin:10.9.0.11:9857|client:10.9.0.11:9858|dataStream:|priority:0|startupRole:FOLLOWER, a932be96-a9c0-44bd-a318-bc85148ec340|rpc:10.9.0.13:9856|admin:10.9.0.13:9857|client:10.9.0.13:9858|dataStream:|priority:1|startupRole:FOLLOWER]|listeners:[], old=null
scm_1    | Key                            Value
scm_1    | Running                        true
scm_1    | Container Balancer Configuration values:
scm_1    | Key                                                Value
scm_1    | Threshold                                          10
dn1_1    | 2022-11-28 19:14:51,817 [e230dae7-7e5d-49ce-aaf9-2c284f18f5ae@group-DB6F4EE55A54-LeaderElection4] INFO server.RaftServerConfigKeys: raft.server.rpc.first-election.timeout.min = 5s (fallback to raft.server.rpc.timeout.min)
dn3_1    | 2022-11-28 19:15:02,189 [a932be96-a9c0-44bd-a318-bc85148ec340@group-DB6F4EE55A54-LeaderElection7] INFO impl.RoleInfo: a932be96-a9c0-44bd-a318-bc85148ec340: start a932be96-a9c0-44bd-a318-bc85148ec340@group-DB6F4EE55A54-LeaderStateImpl
dn3_1    | 2022-11-28 19:15:02,190 [a932be96-a9c0-44bd-a318-bc85148ec340@group-DB6F4EE55A54-LeaderElection7] INFO segmented.SegmentedRaftLogWorker: a932be96-a9c0-44bd-a318-bc85148ec340@group-DB6F4EE55A54-SegmentedRaftLogWorker: Rolling segment log-0_200 to index:200
dn3_1    | 2022-11-28 19:15:02,194 [a932be96-a9c0-44bd-a318-bc85148ec340@group-DB6F4EE55A54-SegmentedRaftLogWorker] INFO segmented.SegmentedRaftLogWorker: a932be96-a9c0-44bd-a318-bc85148ec340@group-DB6F4EE55A54-SegmentedRaftLogWorker: Rolled log segment from /data/metadata/ratis/4eec90aa-be4d-4886-9852-db6f4ee55a54/current/log_inprogress_0 to /data/metadata/ratis/4eec90aa-be4d-4886-9852-db6f4ee55a54/current/log_0-200
dn3_1    | 2022-11-28 19:15:02,224 [a932be96-a9c0-44bd-a318-bc85148ec340@group-DB6F4EE55A54-SegmentedRaftLogWorker] INFO segmented.SegmentedRaftLogWorker: a932be96-a9c0-44bd-a318-bc85148ec340@group-DB6F4EE55A54-SegmentedRaftLogWorker: created new log segment /data/metadata/ratis/4eec90aa-be4d-4886-9852-db6f4ee55a54/current/log_inprogress_201
dn3_1    | 2022-11-28 19:15:02,259 [a932be96-a9c0-44bd-a318-bc85148ec340@group-DB6F4EE55A54-LeaderElection7] INFO server.RaftServer$Division: a932be96-a9c0-44bd-a318-bc85148ec340@group-DB6F4EE55A54: set configuration 201: peers:[a074c0d6-cb56-4c23-b5b4-6a433b81f516|rpc:10.9.0.12:9856|admin:10.9.0.12:9857|client:10.9.0.12:9858|dataStream:|priority:0|startupRole:FOLLOWER, e230dae7-7e5d-49ce-aaf9-2c284f18f5ae|rpc:10.9.0.11:9856|admin:10.9.0.11:9857|client:10.9.0.11:9858|dataStream:|priority:0|startupRole:FOLLOWER, a932be96-a9c0-44bd-a318-bc85148ec340|rpc:10.9.0.13:9856|admin:10.9.0.13:9857|client:10.9.0.13:9858|dataStream:|priority:1|startupRole:FOLLOWER]|listeners:[], old=null
dn3_1    | 2022-11-28 19:15:02,297 [a932be96-a9c0-44bd-a318-bc85148ec340@group-A6245934035D-FollowerState] INFO impl.FollowerState: a932be96-a9c0-44bd-a318-bc85148ec340@group-A6245934035D-FollowerState: change to CANDIDATE, lastRpcElapsedTime:5195979684ns, electionTimeout:5153ms
dn3_1    | 2022-11-28 19:15:02,297 [a932be96-a9c0-44bd-a318-bc85148ec340@group-A6245934035D-FollowerState] INFO impl.RoleInfo: a932be96-a9c0-44bd-a318-bc85148ec340: shutdown a932be96-a9c0-44bd-a318-bc85148ec340@group-A6245934035D-FollowerState
dn3_1    | 2022-11-28 19:15:02,297 [a932be96-a9c0-44bd-a318-bc85148ec340@group-A6245934035D-FollowerState] INFO server.RaftServer$Division: a932be96-a9c0-44bd-a318-bc85148ec340@group-A6245934035D: changes role from  FOLLOWER to CANDIDATE at term 4 for changeToCandidate
scm_1    | Max Datanodes to Involve per Iteration(percent)    20
scm_1    | Max Size to Move per Iteration                     500GB
dn1_1    | 2022-11-28 19:14:51,817 [e230dae7-7e5d-49ce-aaf9-2c284f18f5ae@group-DB6F4EE55A54-LeaderElection4] INFO server.RaftServerConfigKeys: raft.server.rpc.first-election.timeout.max = 5200ms (fallback to raft.server.rpc.timeout.max)
dn2_1    | 2022-11-28 19:14:39,616 [a074c0d6-cb56-4c23-b5b4-6a433b81f516-impl-thread1] INFO server.RaftServer$Division: a074c0d6-cb56-4c23-b5b4-6a433b81f516@group-DB6F4EE55A54: changes role from      null to FOLLOWER at term 5 for startAsFollower
dn3_1    | 2022-11-28 19:15:02,297 [a932be96-a9c0-44bd-a318-bc85148ec340@group-A6245934035D-FollowerState] INFO server.RaftServerConfigKeys: raft.server.leaderelection.pre-vote = false (custom)
dn3_1    | 2022-11-28 19:15:02,297 [a932be96-a9c0-44bd-a318-bc85148ec340@group-A6245934035D-FollowerState] INFO impl.RoleInfo: a932be96-a9c0-44bd-a318-bc85148ec340: start a932be96-a9c0-44bd-a318-bc85148ec340@group-A6245934035D-LeaderElection8
dn3_1    | 2022-11-28 19:15:02,354 [grpc-default-executor-2] INFO server.RaftServer$Division: a932be96-a9c0-44bd-a318-bc85148ec340@group-DB6F4EE55A54: receive requestVote(ELECTION, e230dae7-7e5d-49ce-aaf9-2c284f18f5ae, group-DB6F4EE55A54, 9, (t:5, i:200))
dn1_1    | 2022-11-28 19:14:51,850 [e230dae7-7e5d-49ce-aaf9-2c284f18f5ae@group-A6245934035D-FollowerState] INFO impl.FollowerState: e230dae7-7e5d-49ce-aaf9-2c284f18f5ae@group-A6245934035D-FollowerState: change to CANDIDATE, lastRpcElapsedTime:5097867192ns, electionTimeout:5095ms
dn2_1    | 2022-11-28 19:14:39,633 [a074c0d6-cb56-4c23-b5b4-6a433b81f516-impl-thread2] INFO util.JmxRegister: Successfully registered JMX Bean with object name Ratis:service=RaftServer,group=group-E62AE558E6FC,id=a074c0d6-cb56-4c23-b5b4-6a433b81f516
dn2_1    | 2022-11-28 19:14:39,617 [a074c0d6-cb56-4c23-b5b4-6a433b81f516-impl-thread1] INFO impl.RoleInfo: a074c0d6-cb56-4c23-b5b4-6a433b81f516: start a074c0d6-cb56-4c23-b5b4-6a433b81f516@group-DB6F4EE55A54-FollowerState
dn2_1    | 2022-11-28 19:14:39,646 [a074c0d6-cb56-4c23-b5b4-6a433b81f516-impl-thread3] INFO raftlog.RaftLog: a074c0d6-cb56-4c23-b5b4-6a433b81f516@group-A6245934035D-SegmentedRaftLog: commitIndex: updateToMax old=4, new=2, updated? false
scm_1    | Max Size Entering Target per Iteration             26GB
recon_1  | 2022-11-28 19:14:26,515 [main] INFO upgrade.AbstractLayoutVersionManager: Initializing Layout version manager with metadata layout = DATANODE_SCHEMA_V3 (version = 4), software layout = DATANODE_SCHEMA_V3 (version = 4)
recon_1  | 2022-11-28 19:14:26,662 [main] INFO reflections.Reflections: Reflections took 137 ms to scan 3 urls, producing 116 keys and 266 values 
recon_1  | 2022-11-28 19:14:26,843 [main] INFO ha.SequenceIdGenerator: Init the HA SequenceIdGenerator.
recon_1  | 2022-11-28 19:14:26,906 [main] INFO node.SCMNodeManager: Entering startup safe mode.
scm_1    | Max Size Leaving Source per Iteration              26GB
dn1_1    | 2022-11-28 19:14:51,862 [e230dae7-7e5d-49ce-aaf9-2c284f18f5ae@group-A6245934035D-FollowerState] INFO impl.RoleInfo: e230dae7-7e5d-49ce-aaf9-2c284f18f5ae: shutdown e230dae7-7e5d-49ce-aaf9-2c284f18f5ae@group-A6245934035D-FollowerState
dn1_1    | 2022-11-28 19:14:51,862 [e230dae7-7e5d-49ce-aaf9-2c284f18f5ae@group-A6245934035D-FollowerState] INFO server.RaftServer$Division: e230dae7-7e5d-49ce-aaf9-2c284f18f5ae@group-A6245934035D: changes role from  FOLLOWER to CANDIDATE at term 2 for changeToCandidate
recon_1  | 2022-11-28 19:14:26,950 [main] INFO net.NetworkTopologyImpl: Added a new node: /default-rack/a074c0d6-cb56-4c23-b5b4-6a433b81f516
recon_1  | 2022-11-28 19:14:26,951 [main] INFO node.SCMNodeManager: Registered Data node : a074c0d6-cb56-4c23-b5b4-6a433b81f516{ip: 10.9.0.12, host: restart_dn2_1.restart_net, ports: [REPLICATION=9886, RATIS=9858, RATIS_ADMIN=9857, RATIS_SERVER=9856, STANDALONE=9859], networkLocation: /default-rack, certSerialId: null, persistedOpState: null, persistedOpStateExpiryEpochSec: 0}
recon_1  | 2022-11-28 19:14:26,956 [main] INFO net.NetworkTopologyImpl: Added a new node: /default-rack/a932be96-a9c0-44bd-a318-bc85148ec340
scm_1    | 
dn1_1    | 2022-11-28 19:14:51,870 [e230dae7-7e5d-49ce-aaf9-2c284f18f5ae@group-A6245934035D-FollowerState] INFO server.RaftServerConfigKeys: raft.server.leaderelection.pre-vote = false (custom)
dn1_1    | 2022-11-28 19:14:51,870 [e230dae7-7e5d-49ce-aaf9-2c284f18f5ae@group-A6245934035D-FollowerState] INFO impl.RoleInfo: e230dae7-7e5d-49ce-aaf9-2c284f18f5ae: start e230dae7-7e5d-49ce-aaf9-2c284f18f5ae@group-A6245934035D-LeaderElection5
recon_1  | 2022-11-28 19:14:26,956 [main] INFO node.SCMNodeManager: Registered Data node : a932be96-a9c0-44bd-a318-bc85148ec340{ip: 10.9.0.13, host: restart_dn3_1.restart_net, ports: [REPLICATION=9886, RATIS=9858, RATIS_ADMIN=9857, RATIS_SERVER=9856, STANDALONE=9859], networkLocation: /default-rack, certSerialId: null, persistedOpState: null, persistedOpStateExpiryEpochSec: 0}
recon_1  | 2022-11-28 19:14:26,957 [main] INFO net.NetworkTopologyImpl: Added a new node: /default-rack/e230dae7-7e5d-49ce-aaf9-2c284f18f5ae
recon_1  | 2022-11-28 19:14:26,960 [main] INFO node.SCMNodeManager: Registered Data node : e230dae7-7e5d-49ce-aaf9-2c284f18f5ae{ip: 10.9.0.11, host: restart_dn1_1.restart_net, ports: [REPLICATION=9886, RATIS=9858, RATIS_ADMIN=9857, RATIS_SERVER=9856, STANDALONE=9859], networkLocation: /default-rack, certSerialId: null, persistedOpState: null, persistedOpStateExpiryEpochSec: 0}
scm_1    | 2022-11-28 19:14:29,589 [Listener at 0.0.0.0/9860] INFO ha.SCMContext: Update SafeModeStatus from SafeModeStatus{safeModeStatus=true, preCheckPassed=false} to SafeModeStatus{safeModeStatus=true, preCheckPassed=false}.
scm_1    | 2022-11-28 19:14:29,598 [Listener at 0.0.0.0/9860] INFO server.StorageContainerManager: StorageContainerLocationProtocol RPC server is listening at /0.0.0.0:9860
scm_1    | 2022-11-28 19:14:29,602 [Listener at 0.0.0.0/9860] INFO ha.SCMRatisServerImpl: starting ratis server 0.0.0.0:9894
recon_1  | 2022-11-28 19:14:26,960 [main] INFO scm.ReconNodeManager: Loaded 3 nodes from node DB.
recon_1  | 2022-11-28 19:14:26,966 [main] INFO algorithms.ContainerPlacementPolicyFactory: Create container placement policy of type org.apache.hadoop.hdds.scm.container.placement.algorithms.SCMContainerPlacementRandom
dn2_1    | 2022-11-28 19:14:39,672 [a074c0d6-cb56-4c23-b5b4-6a433b81f516@group-E62AE558E6FC-FollowerState] INFO server.RaftServerConfigKeys: raft.server.rpc.first-election.timeout.min = 5s (fallback to raft.server.rpc.timeout.min)
scm_1    | 2022-11-28 19:14:29,614 [b79e725e-0e5c-44e5-8d6c-dbdf5b69f5b7-impl-thread1] INFO storage.RaftStorageDirectory: Lock on /data/metadata/scm-ha/64b90c65-9020-4211-833e-691ca518406d/in_use.lock acquired by nodename 7@d88e37fe14c7
scm_1    | 2022-11-28 19:14:29,634 [b79e725e-0e5c-44e5-8d6c-dbdf5b69f5b7-impl-thread1] INFO storage.RaftStorage: Read RaftStorageMetadata{term=2, votedFor=b79e725e-0e5c-44e5-8d6c-dbdf5b69f5b7} from /data/metadata/scm-ha/64b90c65-9020-4211-833e-691ca518406d/current/raft-meta
recon_1  | 2022-11-28 19:14:27,040 [main] INFO audit.AuditLogger: Refresh DebugCmdSet for SCMAudit to [].
dn1_1    | 2022-11-28 19:14:51,890 [grpc-default-executor-1] INFO server.RaftServer$Division: e230dae7-7e5d-49ce-aaf9-2c284f18f5ae@group-A6245934035D: receive requestVote(ELECTION, a932be96-a9c0-44bd-a318-bc85148ec340, group-A6245934035D, 3, (t:1, i:4))
dn1_1    | 2022-11-28 19:14:51,890 [grpc-default-executor-1] INFO impl.VoteContext: e230dae7-7e5d-49ce-aaf9-2c284f18f5ae@group-A6245934035D-CANDIDATE: reject ELECTION from a932be96-a9c0-44bd-a318-bc85148ec340: our priority 1 > candidate's priority 0
dn2_1    | 2022-11-28 19:14:39,674 [a074c0d6-cb56-4c23-b5b4-6a433b81f516-impl-thread3] INFO server.RaftServer$Division: a074c0d6-cb56-4c23-b5b4-6a433b81f516@group-A6245934035D: start as a follower, conf=0: peers:[a074c0d6-cb56-4c23-b5b4-6a433b81f516|rpc:10.9.0.12:9856|admin:10.9.0.12:9857|client:10.9.0.12:9858|dataStream:|priority:0|startupRole:FOLLOWER, e230dae7-7e5d-49ce-aaf9-2c284f18f5ae|rpc:10.9.0.11:9856|admin:10.9.0.11:9857|client:10.9.0.11:9858|dataStream:|priority:1|startupRole:FOLLOWER, a932be96-a9c0-44bd-a318-bc85148ec340|rpc:10.9.0.13:9856|admin:10.9.0.13:9857|client:10.9.0.13:9858|dataStream:|priority:0|startupRole:FOLLOWER]|listeners:[], old=null
dn2_1    | 2022-11-28 19:14:39,674 [a074c0d6-cb56-4c23-b5b4-6a433b81f516-impl-thread3] INFO server.RaftServer$Division: a074c0d6-cb56-4c23-b5b4-6a433b81f516@group-A6245934035D: changes role from      null to FOLLOWER at term 1 for startAsFollower
recon_1  | 2022-11-28 19:14:27,102 [main] INFO ipc.CallQueueManager: Using callQueue: class java.util.concurrent.LinkedBlockingQueue, queueCapacity: 10000, scheduler: class org.apache.hadoop.ipc.DefaultRpcScheduler, ipcBackoff: false.
scm_1    | 2022-11-28 19:14:29,716 [b79e725e-0e5c-44e5-8d6c-dbdf5b69f5b7-impl-thread1] INFO server.RaftServer$Division: b79e725e-0e5c-44e5-8d6c-dbdf5b69f5b7@group-691CA518406D: set configuration 1: peers:[b79e725e-0e5c-44e5-8d6c-dbdf5b69f5b7|rpc:45c241262f43:9894|admin:|client:|dataStream:|priority:0|startupRole:FOLLOWER]|listeners:[], old=null
scm_1    | 2022-11-28 19:14:29,727 [b79e725e-0e5c-44e5-8d6c-dbdf5b69f5b7-impl-thread1] INFO server.RaftServerConfigKeys: raft.server.log.use.memory = false (default)
scm_1    | 2022-11-28 19:14:29,743 [b79e725e-0e5c-44e5-8d6c-dbdf5b69f5b7-impl-thread1] INFO server.RaftServerConfigKeys: raft.server.log.purge.gap = 1000000 (custom)
dn2_1    | 2022-11-28 19:14:39,674 [a074c0d6-cb56-4c23-b5b4-6a433b81f516@group-E62AE558E6FC-FollowerState] INFO server.RaftServerConfigKeys: raft.server.rpc.first-election.timeout.max = 5200ms (fallback to raft.server.rpc.timeout.max)
dn2_1    | 2022-11-28 19:14:39,708 [a074c0d6-cb56-4c23-b5b4-6a433b81f516@group-DB6F4EE55A54-FollowerState] INFO server.RaftServerConfigKeys: raft.server.rpc.first-election.timeout.min = 5s (fallback to raft.server.rpc.timeout.min)
dn2_1    | 2022-11-28 19:14:39,676 [a074c0d6-cb56-4c23-b5b4-6a433b81f516-impl-thread2] INFO server.RaftServerConfigKeys: raft.server.snapshot.auto.trigger.enabled = true (custom)
scm_1    | 2022-11-28 19:14:29,746 [b79e725e-0e5c-44e5-8d6c-dbdf5b69f5b7-impl-thread1] INFO server.RaftServerConfigKeys: raft.server.log.appender.buffer.byte-limit = 33554432 (custom)
scm_1    | 2022-11-28 19:14:29,748 [b79e725e-0e5c-44e5-8d6c-dbdf5b69f5b7-impl-thread1] INFO server.RaftServerConfigKeys: raft.server.log.statemachine.data.read.timeout = 1000ms (default)
scm_1    | 2022-11-28 19:14:29,749 [b79e725e-0e5c-44e5-8d6c-dbdf5b69f5b7-impl-thread1] INFO server.RaftServerConfigKeys: raft.server.log.purge.preservation.log.num = 0 (default)
dn2_1    | 2022-11-28 19:14:39,674 [a074c0d6-cb56-4c23-b5b4-6a433b81f516-impl-thread3] INFO impl.RoleInfo: a074c0d6-cb56-4c23-b5b4-6a433b81f516: start a074c0d6-cb56-4c23-b5b4-6a433b81f516@group-A6245934035D-FollowerState
