recon_1      | 	at org.apache.hadoop.ipc.Server$Handler.run(Server.java:2915)
recon_1      | , while invoking $Proxy41.submitRequest over nodeId=om3,nodeAddress=om3:9862 after 2 failover attempts. Trying to failover after sleeping for 2000ms.
recon_1      | 2020-07-04 18:44:36,338 [pool-13-thread-1] INFO impl.OzoneManagerServiceProviderImpl: Got new checkpoint from OM : /data/metadata/om.snapshot.db_1593888248486
recon_1      | 2020-07-04 18:44:36,396 [pool-13-thread-1] INFO recovery.ReconOmMetadataManagerImpl: Created OM DB handle from snapshot at /data/metadata/om.snapshot.db_1593888248486.
recon_1      | 2020-07-04 18:44:36,425 [pool-13-thread-1] INFO impl.OzoneManagerServiceProviderImpl: Calling reprocess on Recon tasks.
recon_1      | 2020-07-04 18:44:36,426 [pool-14-thread-1] INFO tasks.ContainerKeyMapperTask: Starting a 'reprocess' run of ContainerKeyMapperTask.
recon_1      | 2020-07-04 18:44:36,454 [pool-14-thread-1] INFO impl.ContainerDBServiceProviderImpl: Creating new Recon Container DB at /data/metadata/recon/recon-container-key.db_1593888276426
recon_1      | 2020-07-04 18:44:36,454 [pool-14-thread-1] INFO impl.ContainerDBServiceProviderImpl: Cleaning up old Recon Container DB at /data/metadata/recon/recon-container-key.db_1593888209236.
recon_1      | 2020-07-04 18:44:36,546 [pool-14-thread-1] INFO tasks.ContainerKeyMapperTask: Completed 'reprocess' of ContainerKeyMapperTask.
om2_1        | 2020-07-04 18:44:28,613 [Thread-11] INFO impl.RaftServerImpl: om2@group-562213E44849: changes role from  FOLLOWER to CANDIDATE at term 0 for changeToCandidate
om2_1        | 2020-07-04 18:44:28,617 [Thread-11] INFO impl.RoleInfo: om2: start LeaderElection
om2_1        | 2020-07-04 18:44:28,665 [Socket Reader #1 for port 9862] INFO ipc.Server: Auth successful for recon/recon@EXAMPLE.COM (auth:KERBEROS)
om2_1        | 2020-07-04 18:44:28,744 [om2@group-562213E44849-LeaderElection1] INFO impl.LeaderElection: om2@group-562213E44849-LeaderElection1: begin an election at term 1 for -1: [om1:om1:9872, om3:om3:9872, om2:om2:9872], old=null
om2_1        | 2020-07-04 18:44:28,744 [om2@group-562213E44849-LeaderElection1] INFO ratis.OzoneManagerStateMachine: Latest Snapshot Info 0#-1
om2_1        | 2020-07-04 18:44:28,794 [Socket Reader #1 for port 9862] INFO authorize.ServiceAuthorizationManager: Authorization successful for recon/recon@EXAMPLE.COM (auth:KERBEROS) for protocol=interface org.apache.hadoop.ozone.om.protocol.OzoneManagerProtocol
om2_1        | 2020-07-04 18:44:28,908 [Listener at om2/9862] INFO util.log: Logging initialized @25377ms to org.eclipse.jetty.util.log.Slf4jLog
om2_1        | 2020-07-04 18:44:30,098 [om2@group-562213E44849-LeaderElection1] INFO impl.LeaderElection: om2@group-562213E44849-LeaderElection1: Election TIMEOUT; received 0 response(s) [] and 0 exception(s); om2@group-562213E44849:t1, leader=null, voted=om2, raftlog=om2@group-562213E44849-SegmentedRaftLog:OPENED:c-1,f-1,i0, conf=-1: [om1:om1:9872, om3:om3:9872, om2:om2:9872], old=null
om2_1        | 2020-07-04 18:44:30,102 [om2@group-562213E44849-LeaderElection1] INFO impl.LeaderElection: om2@group-562213E44849-LeaderElection1: begin an election at term 2 for -1: [om1:om1:9872, om3:om3:9872, om2:om2:9872], old=null
om2_1        | 2020-07-04 18:44:30,102 [om2@group-562213E44849-LeaderElection1] INFO ratis.OzoneManagerStateMachine: Latest Snapshot Info 0#-1
om2_1        | 2020-07-04 18:44:30,151 [grpc-default-executor-1] INFO impl.RaftServerImpl: om2@group-562213E44849: changes role from CANDIDATE to FOLLOWER at term 3 for recognizeCandidate:om1
om2_1        | 2020-07-04 18:44:30,151 [grpc-default-executor-1] INFO impl.RoleInfo: om2: shutdown LeaderElection
om2_1        | 2020-07-04 18:44:30,152 [grpc-default-executor-1] INFO impl.RoleInfo: om2: start FollowerState
om2_1        | 2020-07-04 18:44:30,202 [grpc-default-executor-1] INFO ratis.OzoneManagerStateMachine: Latest Snapshot Info 0#-1
om2_1        | 2020-07-04 18:44:30,368 [Listener at om2/9862] INFO http.HttpRequestLog: Http request log for http.requests.ozoneManager is not defined
om2_1        | 2020-07-04 18:44:30,445 [Listener at om2/9862] INFO http.HttpServer2: Added global filter 'safety' (class=org.apache.hadoop.hdds.server.http.HttpServer2$QuotingInputFilter)
om2_1        | 2020-07-04 18:44:30,455 [Listener at om2/9862] INFO http.HttpServer2: Added filter authentication (class=org.apache.hadoop.security.authentication.server.AuthenticationFilter) to context ozoneManager
om2_1        | 2020-07-04 18:44:30,485 [om2@group-562213E44849-LeaderElection1] INFO impl.LeaderElection: om2@group-562213E44849-LeaderElection1: Election DISCOVERED_A_NEW_TERM; received 1 response(s) [om2<-om3#0:FAIL-t3] and 0 exception(s); om2@group-562213E44849:t3, leader=null, voted=null, raftlog=om2@group-562213E44849-SegmentedRaftLog:OPENED:c-1,f-1,i0, conf=-1: [om1:om1:9872, om3:om3:9872, om2:om2:9872], old=null
om2_1        | 2020-07-04 18:44:30,506 [Listener at om2/9862] INFO http.HttpServer2: Added filter authentication (class=org.apache.hadoop.security.authentication.server.AuthenticationFilter) to context static
om2_1        | 2020-07-04 18:44:30,509 [Listener at om2/9862] INFO http.HttpServer2: Added filter authentication (class=org.apache.hadoop.security.authentication.server.AuthenticationFilter) to context logs
om2_1        | 2020-07-04 18:44:30,510 [grpc-default-executor-2] INFO impl.RaftServerImpl: om2@group-562213E44849: changes role from  FOLLOWER to FOLLOWER at term 4 for recognizeCandidate:om1
om1_1        | 2020-07-04 18:44:25,789 [Listener at om1/9862] INFO om.OzoneManager: Starting OM block token secret manager
om1_1        | 2020-07-04 18:44:25,799 [Listener at om1/9862] INFO security.OzoneBlockTokenSecretManager: Updating the current master key for generating tokens
om1_1        | 2020-07-04 18:44:25,803 [Listener at om1/9862] INFO om.OzoneManager: Starting OM delegation token secret manager
om1_1        | 2020-07-04 18:44:25,803 [Listener at om1/9862] INFO security.OzoneDelegationTokenSecretManager: Updating the current master key for generating tokens
om1_1        | 2020-07-04 18:44:25,827 [Thread[Thread-12,5,main]] INFO security.OzoneDelegationTokenSecretManager: Starting expired delegation token remover thread, tokenRemoverScanInterval=60 min(s)
om1_1        | 2020-07-04 18:44:25,853 [IPC Server Responder] INFO ipc.Server: IPC Server Responder: starting
om1_1        | 2020-07-04 18:44:25,859 [IPC Server listener on 9862] INFO ipc.Server: IPC Server listener on 9862: starting
om1_1        | 2020-07-04 18:44:26,336 [Listener at om1/9862] INFO http.BaseHttpServer: Starting Web-server for ozoneManager at: http://0.0.0.0:9874
om1_1        | 2020-07-04 18:44:26,343 [Listener at om1/9862] INFO http.BaseHttpServer: Hadoop Security Enabled: true Ozone Security Enabled: true Ozone HTTP Security Enabled: true 
om1_1        | 2020-07-04 18:44:26,344 [Listener at om1/9862] INFO http.BaseHttpServer: HttpAuthType: ozone.om.http.auth.type = kerberos
om1_1        | 2020-07-04 18:44:26,503 [Thread-11] INFO impl.FollowerState: om1@group-562213E44849-FollowerState: change to CANDIDATE, lastRpcTime:1236ms, electionTimeout:1124ms
om1_1        | 2020-07-04 18:44:26,506 [Thread-11] INFO impl.RoleInfo: om1: shutdown FollowerState
om1_1        | 2020-07-04 18:44:26,509 [Thread-11] INFO impl.RaftServerImpl: om1@group-562213E44849: changes role from  FOLLOWER to CANDIDATE at term 0 for changeToCandidate
om1_1        | 2020-07-04 18:44:26,514 [Thread-11] INFO impl.RoleInfo: om1: start LeaderElection
om1_1        | 2020-07-04 18:44:26,555 [om1@group-562213E44849-LeaderElection1] INFO impl.LeaderElection: om1@group-562213E44849-LeaderElection1: begin an election at term 1 for -1: [om1:om1:9872, om3:om3:9872, om2:om2:9872], old=null
om1_1        | 2020-07-04 18:44:26,557 [om1@group-562213E44849-LeaderElection1] INFO ratis.OzoneManagerStateMachine: Latest Snapshot Info 0#-1
om1_1        | 2020-07-04 18:44:26,590 [Listener at om1/9862] INFO util.log: Logging initialized @27093ms to org.eclipse.jetty.util.log.Slf4jLog
om1_1        | 2020-07-04 18:44:27,665 [Listener at om1/9862] INFO http.HttpRequestLog: Http request log for http.requests.ozoneManager is not defined
om1_1        | 2020-07-04 18:44:27,701 [Listener at om1/9862] INFO http.HttpServer2: Added global filter 'safety' (class=org.apache.hadoop.hdds.server.http.HttpServer2$QuotingInputFilter)
om1_1        | 2020-07-04 18:44:27,721 [Listener at om1/9862] INFO http.HttpServer2: Added filter authentication (class=org.apache.hadoop.security.authentication.server.AuthenticationFilter) to context ozoneManager
om1_1        | 2020-07-04 18:44:27,727 [Listener at om1/9862] INFO http.HttpServer2: Added filter authentication (class=org.apache.hadoop.security.authentication.server.AuthenticationFilter) to context logs
om1_1        | 2020-07-04 18:44:27,727 [Listener at om1/9862] INFO http.HttpServer2: Added filter authentication (class=org.apache.hadoop.security.authentication.server.AuthenticationFilter) to context static
om1_1        | 2020-07-04 18:44:27,729 [Listener at om1/9862] INFO http.HttpServer2: Initialize spnego with host: 0.0.0.0 userKey: ozone.om.http.auth.kerberos.principal keytabKey: ozone.om.http.auth.kerberos.keytab
om1_1        | 2020-07-04 18:44:27,840 [om1@group-562213E44849-LeaderElection1] INFO impl.LeaderElection: om1@group-562213E44849-LeaderElection1: Election TIMEOUT; received 0 response(s) [] and 0 exception(s); om1@group-562213E44849:t1, leader=null, voted=om1, raftlog=om1@group-562213E44849-SegmentedRaftLog:OPENED:c-1,f-1,i0, conf=-1: [om1:om1:9872, om3:om3:9872, om2:om2:9872], old=null
om1_1        | 2020-07-04 18:44:27,856 [om1@group-562213E44849-LeaderElection1] INFO impl.LeaderElection: om1@group-562213E44849-LeaderElection1: begin an election at term 2 for -1: [om1:om1:9872, om3:om3:9872, om2:om2:9872], old=null
om1_1        | 2020-07-04 18:44:27,859 [om1@group-562213E44849-LeaderElection1] INFO ratis.OzoneManagerStateMachine: Latest Snapshot Info 0#-1
om1_1        | 2020-07-04 18:44:28,033 [Listener at om1/9862] INFO http.HttpServer2: Jetty bound to port 9874
om1_1        | 2020-07-04 18:44:28,095 [Listener at om1/9862] INFO server.Server: jetty-9.4.26.v20200117; built: 2020-01-17T12:35:33.676Z; git: 7b38981d25d14afb4a12ff1f2596756144edf695; jvm 11.0.6+10-LTS
om1_1        | 2020-07-04 18:44:28,220 [Listener at om1/9862] INFO server.session: DefaultSessionIdManager workerName=node0
scm_1        | 2020-07-04 18:44:09,411 [IPC Server handler 0 on default port 9861] INFO net.NetworkTopology: Added a new node: /default-rack/bee69440-c21c-4821-9853-ea92ae05f227
kdc_1        | Jul 04 18:43:10 kdc kadmind[13](Notice): Request: kadm5_init, admin/admin@EXAMPLE.COM, success, client=admin/admin@EXAMPLE.COM, service=kadmin/admin@EXAMPLE.COM, addr=127.0.0.1, vers=4, flavor=6
datanode1_1  | 2020-07-04 18:44:14,260 [pool-20-thread-1] INFO server.RaftServerConfigKeys: raft.server.log.appender.install.snapshot.enabled = false (custom)
recon_1      | 2020-07-04 18:44:36,548 [pool-14-thread-1] INFO tasks.ContainerKeyMapperTask: It took me 0.12 seconds to process 0 keys.
om3_1        | 2020-07-04 18:44:27,129 [Listener at om3/9862] INFO http.BaseHttpServer: Hadoop Security Enabled: true Ozone Security Enabled: true Ozone HTTP Security Enabled: true 
om2_1        | 2020-07-04 18:44:30,510 [grpc-default-executor-2] INFO impl.RoleInfo: om2: shutdown FollowerState
om1_1        | 2020-07-04 18:44:28,220 [Listener at om1/9862] INFO server.session: No SessionScavenger set, using defaults
scm_1        | 2020-07-04 18:44:09,412 [IPC Server handler 0 on default port 9861] INFO node.SCMNodeManager: Registered Data node : bee69440-c21c-4821-9853-ea92ae05f227{ip: 172.25.0.103, host: ozonesecure-om-ha_datanode2_1.ozonesecure-om-ha_ozone_net, networkLocation: /default-rack, certSerialId: 3611447118127}
kdc_1        | Jul 04 18:43:10 kdc kadmind[13](Notice): Request: kadm5_get_policy, default, Policy does not exist, client=admin/admin@EXAMPLE.COM, service=kadmin/admin@EXAMPLE.COM, addr=127.0.0.1
datanode1_1  | 2020-07-04 18:44:14,264 [pool-20-thread-1] INFO impl.RaftServerImpl: b5d7c02b-4500-45f9-b6b5-d2c947b7dcd7@group-AF532C4A3DFE: ConfigurationManager, init=-1: [94572dad-cb94-474d-8062-eb59ae236144:172.25.0.104:9858, bee69440-c21c-4821-9853-ea92ae05f227:172.25.0.103:9858, b5d7c02b-4500-45f9-b6b5-d2c947b7dcd7:172.25.0.102:9858], old=null, confs=<EMPTY_MAP>
recon_1      | 2020-07-04 18:44:36,549 [pool-14-thread-1] INFO tasks.FileSizeCountTask: Completed a 'reprocess' run of FileSizeCountTask.
om3_1        | 2020-07-04 18:44:27,129 [Listener at om3/9862] INFO http.BaseHttpServer: HttpAuthType: ozone.om.http.auth.type = kerberos
om2_1        | 2020-07-04 18:44:30,511 [grpc-default-executor-2] INFO impl.RoleInfo: om2: start FollowerState
om1_1        | 2020-07-04 18:44:28,224 [Listener at om1/9862] INFO server.session: node0 Scavenging every 600000ms
scm_1        | 2020-07-04 18:44:09,412 [EventQueue-NodeRegistrationContainerReportForContainerSafeModeRule] INFO safemode.SCMSafeModeManager: ContainerSafeModeRule rule is successfully validated
kdc_1        | Jul 04 18:43:10 kdc kadmind[13](Notice): Request: kadm5_create_principal, HTTP/s3g@EXAMPLE.COM, success, client=admin/admin@EXAMPLE.COM, service=kadmin/admin@EXAMPLE.COM, addr=127.0.0.1
datanode1_1  | 2020-07-04 18:44:14,265 [pool-20-thread-1] INFO server.RaftServerConfigKeys: raft.server.storage.dir = [/data/metadata/ratis] (custom)
recon_1      | 2020-07-04 18:44:42,644 [Socket Reader #1 for port 9891] INFO ipc.Server: Auth successful for dn/19862ce8fa0b@EXAMPLE.COM (auth:KERBEROS)
om3_1        | 2020-07-04 18:44:27,163 [Thread-11] INFO impl.FollowerState: om3@group-562213E44849-FollowerState: change to CANDIDATE, lastRpcTime:1272ms, electionTimeout:1157ms
om2_1        | 2020-07-04 18:44:30,511 [grpc-default-executor-2] INFO ratis.OzoneManagerStateMachine: Latest Snapshot Info 0#-1
om1_1        | 2020-07-04 18:44:28,321 [Listener at om1/9862] INFO server.KerberosAuthenticationHandler: Using keytab /etc/security/keytabs/HTTP.keytab, for principal HTTP/om1@EXAMPLE.COM
scm_1        | 2020-07-04 18:44:09,416 [EventQueue-NodeRegistrationContainerReportForContainerSafeModeRule] INFO safemode.SCMSafeModeManager: ContainerSafeModeRule rule is successfully validated
datanode1_1  | 2020-07-04 18:44:14,269 [pool-20-thread-1] INFO server.RaftServerConfigKeys: raft.server.log.corruption.policy = EXCEPTION (default)
kdc_1        | Jul 04 18:43:10 kdc kadmind[13](info): closing down fd 18
recon_1      | 2020-07-04 18:44:42,709 [Socket Reader #1 for port 9891] INFO authorize.ServiceAuthorizationManager: Authorization successful for dn/19862ce8fa0b@EXAMPLE.COM (auth:KERBEROS) for protocol=interface org.apache.hadoop.ozone.protocol.ReconDatanodeProtocol
om3_1        | 2020-07-04 18:44:27,164 [Thread-11] INFO impl.RoleInfo: om3: shutdown FollowerState
om2_1        | 2020-07-04 18:44:30,511 [Thread-123] INFO impl.FollowerState: om2@group-562213E44849-FollowerState was interrupted: java.lang.InterruptedException: sleep interrupted
scm_1        | 2020-07-04 18:44:09,520 [EventQueue-NodeRegistrationContainerReportForContainerSafeModeRule] INFO safemode.SCMSafeModeManager: ContainerSafeModeRule rule is successfully validated
datanode1_1  | 2020-07-04 18:44:14,269 [pool-20-thread-1] INFO storage.RaftStorageDirectory: The storage directory /data/metadata/ratis/7b80a9ed-044d-473a-8baa-af532c4a3dfe does not exist. Creating ...
kdc_1        | Jul 04 18:43:10 kdc kadmind[13](Notice): Request: kadm5_init, admin/admin@EXAMPLE.COM, success, client=admin/admin@EXAMPLE.COM, service=kadmin/admin@EXAMPLE.COM, addr=127.0.0.1, vers=4, flavor=6
recon_1      | 2020-07-04 18:44:42,736 [EventQueue-IncrementalContainerReportForReconIncrementalContainerReportHandler] INFO scm.ReconContainerManager: New container #1 got from ozonesecure-om-ha_datanode2_1.ozonesecure-om-ha_ozone_net.
om3_1        | 2020-07-04 18:44:27,173 [Thread-11] INFO impl.RaftServerImpl: om3@group-562213E44849: changes role from  FOLLOWER to CANDIDATE at term 0 for changeToCandidate
om1_1        | 2020-07-04 18:44:28,334 [Listener at om1/9862] INFO handler.ContextHandler: Started o.e.j.s.ServletContextHandler@10abd94f{logs,/logs,file:///var/log/hadoop/,AVAILABLE}
om2_1        | 2020-07-04 18:44:30,524 [Listener at om2/9862] INFO http.HttpServer2: Initialize spnego with host: 0.0.0.0 userKey: ozone.om.http.auth.kerberos.principal keytabKey: ozone.om.http.auth.kerberos.keytab
scm_1        | 2020-07-04 18:44:09,521 [EventQueue-NodeRegistrationContainerReportForDataNodeSafeModeRule] INFO safemode.SCMSafeModeManager: SCM in safe mode. 1 DataNodes registered, 3 required.
datanode1_1  | 2020-07-04 18:44:14,275 [pool-20-thread-1] INFO storage.RaftStorageDirectory: Lock on /data/metadata/ratis/7b80a9ed-044d-473a-8baa-af532c4a3dfe/in_use.lock acquired by nodename 7@6d143bd2248b
kdc_1        | Jul 04 18:43:10 kdc kadmind[13](Notice): Request: kadm5_randkey_principal, HTTP/s3g@EXAMPLE.COM, success, client=admin/admin@EXAMPLE.COM, service=kadmin/admin@EXAMPLE.COM, addr=127.0.0.1
recon_1      | 2020-07-04 18:44:42,817 [EventQueue-IncrementalContainerReportForReconIncrementalContainerReportHandler] INFO scm.ReconContainerManager: Exception while adding container #1 .
om3_1        | 2020-07-04 18:44:27,176 [Thread-11] INFO impl.RoleInfo: om3: start LeaderElection
om1_1        | 2020-07-04 18:44:28,355 [Listener at om1/9862] INFO handler.ContextHandler: Started o.e.j.s.ServletContextHandler@7dcc0296{static,/static,jar:file:/opt/hadoop/share/ozone/lib/hadoop-ozone-ozone-manager-0.6.0-SNAPSHOT.jar!/webapps/static,AVAILABLE}
om2_1        | 2020-07-04 18:44:30,663 [Listener at om2/9862] INFO http.HttpServer2: Jetty bound to port 9874
scm_1        | 2020-07-04 18:44:09,703 [EventQueue-NodeRegistrationContainerReportForDataNodeSafeModeRule] INFO safemode.SCMSafeModeManager: SCM in safe mode. 2 DataNodes registered, 3 required.
datanode1_1  | 2020-07-04 18:44:14,287 [pool-20-thread-1] INFO storage.RaftStorage: Storage directory /data/metadata/ratis/7b80a9ed-044d-473a-8baa-af532c4a3dfe has been successfully formatted.
kdc_1        | Jul 04 18:43:10 kdc kadmind[13](Notice): Request: kadm5_get_principal, HTTP/s3g@EXAMPLE.COM, success, client=admin/admin@EXAMPLE.COM, service=kadmin/admin@EXAMPLE.COM, addr=127.0.0.1
recon_1      | java.io.IOException: Pipeline PipelineID=9bb4f974-9d62-44f0-9bd8-18a21011d94c not found. Cannot add container #1
om3_1        | 2020-07-04 18:44:27,250 [om3@group-562213E44849-LeaderElection1] INFO impl.LeaderElection: om3@group-562213E44849-LeaderElection1: begin an election at term 1 for -1: [om1:om1:9872, om3:om3:9872, om2:om2:9872], old=null
om1_1        | 2020-07-04 18:44:28,833 [Listener at om1/9862] INFO server.KerberosAuthenticationHandler: Using keytab /etc/security/keytabs/HTTP.keytab, for principal HTTP/om1@EXAMPLE.COM
om2_1        | 2020-07-04 18:44:30,676 [Listener at om2/9862] INFO server.Server: jetty-9.4.26.v20200117; built: 2020-01-17T12:35:33.676Z; git: 7b38981d25d14afb4a12ff1f2596756144edf695; jvm 11.0.6+10-LTS
scm_1        | 2020-07-04 18:44:09,704 [EventQueue-NodeRegistrationContainerReportForDataNodeSafeModeRule] INFO safemode.SCMSafeModeManager: SCM in safe mode. 3 DataNodes registered, 3 required.
datanode1_1  | 2020-07-04 18:44:14,292 [pool-20-thread-1] INFO ratis.ContainerStateMachine: group-AF532C4A3DFE: The snapshot info is null. Setting the last applied indexto:(t:0, i:~)
kdc_1        | Jul 04 18:43:10 kdc kadmind[13](info): closing down fd 18
recon_1      | 	at org.apache.hadoop.ozone.recon.scm.ReconContainerManager.addNewContainer(ReconContainerManager.java:117)
om3_1        | 2020-07-04 18:44:27,250 [om3@group-562213E44849-LeaderElection1] INFO ratis.OzoneManagerStateMachine: Latest Snapshot Info 0#-1
om1_1        | 2020-07-04 18:44:28,888 [Listener at om1/9862] INFO handler.ContextHandler: Started o.e.j.w.WebAppContext@bb1b872{ozoneManager,/,file:///tmp/jetty-0_0_0_0-9874-hadoop-ozone-ozone-manager-0_6_0-SNAPSHOT_jar-_-any-2145531086658624211.dir/webapp/,AVAILABLE}{jar:file:/opt/hadoop/share/ozone/lib/hadoop-ozone-ozone-manager-0.6.0-SNAPSHOT.jar!/webapps/ozoneManager}
om2_1        | 2020-07-04 18:44:30,767 [grpc-default-executor-2] INFO impl.RaftServerImpl: om2@group-562213E44849: change Leader from null to om1 at term 4 for appendEntries, leader elected after 5257ms
scm_1        | 2020-07-04 18:44:09,787 [EventQueue-NodeRegistrationContainerReportForDataNodeSafeModeRule] INFO safemode.SCMSafeModeManager: DataNodeSafeModeRule rule is successfully validated
datanode1_1  | 2020-07-04 18:44:14,303 [pool-20-thread-1] INFO server.RaftServerConfigKeys: raft.server.notification.no-leader.timeout = 60s (default)
kdc_1        | Jul 04 18:43:10 kdc kadmind[13](Notice): Request: kadm5_init, admin/admin@EXAMPLE.COM, success, client=admin/admin@EXAMPLE.COM, service=kadmin/admin@EXAMPLE.COM, addr=127.0.0.1, vers=4, flavor=6
recon_1      | 	at org.apache.hadoop.ozone.recon.scm.ReconContainerManager.checkAndAddNewContainer(ReconContainerManager.java:91)
om3_1        | 2020-07-04 18:44:27,447 [Listener at om3/9862] INFO util.log: Logging initialized @27150ms to org.eclipse.jetty.util.log.Slf4jLog
om1_1        | 2020-07-04 18:44:28,935 [Listener at om1/9862] INFO server.AbstractConnector: Started ServerConnector@46c19350{HTTP/1.1,[http/1.1]}{0.0.0.0:9874}
om2_1        | 2020-07-04 18:44:30,812 [grpc-default-executor-2] INFO ratis.OzoneManagerStateMachine: Latest Snapshot Info 0#-1
scm_1        | 2020-07-04 18:44:09,788 [EventQueue-NodeRegistrationContainerReportForDataNodeSafeModeRule] INFO safemode.SCMSafeModeManager: All SCM safe mode pre check rules have passed
datanode1_1  | 2020-07-04 18:44:14,310 [pool-20-thread-1] INFO server.RaftServerConfigKeys: raft.server.log.use.memory = false (default)
kdc_1        | Jul 04 18:43:10 kdc kadmind[13](Notice): Request: kadm5_get_policy, default, Policy does not exist, client=admin/admin@EXAMPLE.COM, service=kadmin/admin@EXAMPLE.COM, addr=127.0.0.1
recon_1      | 	at org.apache.hadoop.ozone.recon.scm.ReconIncrementalContainerReportHandler.onMessage(ReconIncrementalContainerReportHandler.java:68)
om3_1        | 2020-07-04 18:44:28,420 [Listener at om3/9862] INFO http.HttpRequestLog: Http request log for http.requests.ozoneManager is not defined
om3_1        | 2020-07-04 18:44:28,477 [Listener at om3/9862] INFO http.HttpServer2: Added global filter 'safety' (class=org.apache.hadoop.hdds.server.http.HttpServer2$QuotingInputFilter)
om2_1        | 2020-07-04 18:44:30,814 [grpc-default-executor-2] INFO impl.RaftServerImpl: om2@group-562213E44849: set configuration 0: [om1:om1:9872, om3:om3:9872, om2:om2:9872], old=null at 0
scm_1        | 2020-07-04 18:44:09,909 [RatisPipelineUtilsThread] INFO pipeline.RatisPipelineProvider: Sending CreatePipelineCommand for pipeline:PipelineID=195b0f2b-3e31-4761-a163-c6670455e07b to datanode:bee69440-c21c-4821-9853-ea92ae05f227
datanode1_1  | 2020-07-04 18:44:14,314 [pool-20-thread-1] INFO server.RaftServerConfigKeys: raft.server.log.purge.gap = 1000000 (custom)
kdc_1        | Jul 04 18:43:10 kdc kadmind[13](Notice): Request: kadm5_create_principal, testuser/s3g@EXAMPLE.COM, success, client=admin/admin@EXAMPLE.COM, service=kadmin/admin@EXAMPLE.COM, addr=127.0.0.1
om3_1        | 2020-07-04 18:44:28,498 [Listener at om3/9862] INFO http.HttpServer2: Added filter authentication (class=org.apache.hadoop.security.authentication.server.AuthenticationFilter) to context ozoneManager
om1_1        | 2020-07-04 18:44:28,936 [Listener at om1/9862] INFO server.Server: Started @29449ms
recon_1      | 	at org.apache.hadoop.ozone.recon.scm.ReconIncrementalContainerReportHandler.onMessage(ReconIncrementalContainerReportHandler.java:39)
om2_1        | 2020-07-04 18:44:30,836 [grpc-default-executor-2] INFO segmented.SegmentedRaftLogWorker: om2@group-562213E44849-SegmentedRaftLogWorker: Starting segment from index:0
datanode1_1  | 2020-07-04 18:44:14,314 [pool-20-thread-1] INFO server.RaftServerConfigKeys: raft.server.log.appender.buffer.byte-limit = 33554432 (custom)
kdc_1        | Jul 04 18:43:10 kdc kadmind[13](info): closing down fd 18
om3_1        | 2020-07-04 18:44:28,500 [Listener at om3/9862] INFO http.HttpServer2: Added filter authentication (class=org.apache.hadoop.security.authentication.server.AuthenticationFilter) to context logs
om1_1        | 2020-07-04 18:44:29,024 [Listener at om1/9862] INFO impl.MetricsSinkAdapter: Sink prometheus started
recon_1      | 	at org.apache.hadoop.hdds.server.events.SingleThreadExecutor.lambda$onMessage$1(SingleThreadExecutor.java:81)
om2_1        | 2020-07-04 18:44:31,151 [Listener at om2/9862] INFO server.session: DefaultSessionIdManager workerName=node0
scm_1        | 2020-07-04 18:44:10,229 [RatisPipelineUtilsThread] INFO pipeline.PipelineStateManager: Created pipeline Pipeline[ Id: 195b0f2b-3e31-4761-a163-c6670455e07b, Nodes: bee69440-c21c-4821-9853-ea92ae05f227{ip: 172.25.0.103, host: ozonesecure-om-ha_datanode2_1.ozonesecure-om-ha_ozone_net, networkLocation: /default-rack, certSerialId: null}, Type:RATIS, Factor:ONE, State:ALLOCATED, leaderId:, CreationTimestamp2020-07-04T18:44:09.878361Z]
datanode1_1  | 2020-07-04 18:44:14,314 [pool-20-thread-1] INFO server.RaftServerConfigKeys: raft.server.log.segment.size.max = 1048576 (custom)
kdc_1        | Jul 04 18:43:10 kdc kadmind[13](Notice): Request: kadm5_init, admin/admin@EXAMPLE.COM, success, client=admin/admin@EXAMPLE.COM, service=kadmin/admin@EXAMPLE.COM, addr=127.0.0.1, vers=4, flavor=6
om3_1        | 2020-07-04 18:44:28,500 [Listener at om3/9862] INFO http.HttpServer2: Added filter authentication (class=org.apache.hadoop.security.authentication.server.AuthenticationFilter) to context static
om1_1        | 2020-07-04 18:44:29,024 [Listener at om1/9862] INFO impl.MetricsSystemImpl: Registered sink prometheus
recon_1      | 	at java.base/java.util.concurrent.ThreadPoolExecutor.runWorker(ThreadPoolExecutor.java:1128)
om2_1        | 2020-07-04 18:44:31,154 [Listener at om2/9862] INFO server.session: No SessionScavenger set, using defaults
scm_1        | 2020-07-04 18:44:10,316 [RatisPipelineUtilsThread] INFO pipeline.RatisPipelineProvider: Sending CreatePipelineCommand for pipeline:PipelineID=b18a2613-bf58-45e4-b9f9-1a8cd3b6a463 to datanode:b5d7c02b-4500-45f9-b6b5-d2c947b7dcd7
datanode1_1  | 2020-07-04 18:44:14,314 [pool-20-thread-1] INFO metrics.RatisMetrics: Creating Metrics Registry : ratis.log_worker.b5d7c02b-4500-45f9-b6b5-d2c947b7dcd7@group-AF532C4A3DFE
kdc_1        | Jul 04 18:43:10 kdc kadmind[13](Notice): Request: kadm5_randkey_principal, testuser/s3g@EXAMPLE.COM, success, client=admin/admin@EXAMPLE.COM, service=kadmin/admin@EXAMPLE.COM, addr=127.0.0.1
om3_1        | 2020-07-04 18:44:28,503 [Listener at om3/9862] INFO http.HttpServer2: Initialize spnego with host: 0.0.0.0 userKey: ozone.om.http.auth.kerberos.principal keytabKey: ozone.om.http.auth.kerberos.keytab
om1_1        | 2020-07-04 18:44:29,067 [Listener at om1/9862] INFO http.BaseHttpServer: HTTP server of ozoneManager listening at http://0.0.0.0:9874
recon_1      | 	at java.base/java.util.concurrent.ThreadPoolExecutor$Worker.run(ThreadPoolExecutor.java:628)
scm_1        | 2020-07-04 18:44:10,317 [RatisPipelineUtilsThread] INFO pipeline.PipelineStateManager: Created pipeline Pipeline[ Id: b18a2613-bf58-45e4-b9f9-1a8cd3b6a463, Nodes: b5d7c02b-4500-45f9-b6b5-d2c947b7dcd7{ip: 172.25.0.102, host: ozonesecure-om-ha_datanode1_1.ozonesecure-om-ha_ozone_net, networkLocation: /default-rack, certSerialId: null}, Type:RATIS, Factor:ONE, State:ALLOCATED, leaderId:, CreationTimestamp2020-07-04T18:44:10.316287Z]
om2_1        | 2020-07-04 18:44:31,159 [Listener at om2/9862] INFO server.session: node0 Scavenging every 660000ms
datanode1_1  | 2020-07-04 18:44:14,315 [pool-20-thread-1] INFO server.RaftServerConfigKeys: raft.server.log.segment.cache.num.max = 2 (custom)
kdc_1        | Jul 04 18:43:10 kdc kadmind[13](Notice): Request: kadm5_get_principal, testuser/s3g@EXAMPLE.COM, success, client=admin/admin@EXAMPLE.COM, service=kadmin/admin@EXAMPLE.COM, addr=127.0.0.1
om3_1        | 2020-07-04 18:44:28,572 [om3@group-562213E44849-LeaderElection1] INFO impl.LeaderElection: om3@group-562213E44849-LeaderElection1: Election TIMEOUT; received 0 response(s) [] and 0 exception(s); om3@group-562213E44849:t1, leader=null, voted=om3, raftlog=om3@group-562213E44849-SegmentedRaftLog:OPENED:c-1,f-1,i0, conf=-1: [om1:om1:9872, om3:om3:9872, om2:om2:9872], old=null
om1_1        | 2020-07-04 18:44:29,072 [om1@group-562213E44849-LeaderElection1] INFO impl.LeaderElection: om1@group-562213E44849-LeaderElection1: Election TIMEOUT; received 0 response(s) [] and 0 exception(s); om1@group-562213E44849:t2, leader=null, voted=om1, raftlog=om1@group-562213E44849-SegmentedRaftLog:OPENED:c-1,f-1,i0, conf=-1: [om1:om1:9872, om3:om3:9872, om2:om2:9872], old=null
recon_1      | 	at java.base/java.lang.Thread.run(Thread.java:834)
scm_1        | 2020-07-04 18:44:10,317 [RatisPipelineUtilsThread] INFO pipeline.RatisPipelineProvider: Sending CreatePipelineCommand for pipeline:PipelineID=26726d77-3c49-45d0-847c-036c7111c6a6 to datanode:94572dad-cb94-474d-8062-eb59ae236144
om2_1        | 2020-07-04 18:44:31,209 [Listener at om2/9862] INFO server.KerberosAuthenticationHandler: Using keytab /etc/security/keytabs/HTTP.keytab, for principal HTTP/om2@EXAMPLE.COM
datanode1_1  | 2020-07-04 18:44:14,315 [pool-20-thread-1] INFO segmented.SegmentedRaftLogWorker: new b5d7c02b-4500-45f9-b6b5-d2c947b7dcd7@group-AF532C4A3DFE-SegmentedRaftLogWorker for RaftStorage:Storage Directory /data/metadata/ratis/7b80a9ed-044d-473a-8baa-af532c4a3dfe
kdc_1        | Jul 04 18:43:10 kdc kadmind[13](info): closing down fd 18
om3_1        | 2020-07-04 18:44:28,576 [om3@group-562213E44849-LeaderElection1] INFO impl.LeaderElection: om3@group-562213E44849-LeaderElection1: begin an election at term 2 for -1: [om1:om1:9872, om3:om3:9872, om2:om2:9872], old=null
om1_1        | 2020-07-04 18:44:29,088 [om1@group-562213E44849-LeaderElection1] INFO impl.LeaderElection: om1@group-562213E44849-LeaderElection1: begin an election at term 3 for -1: [om1:om1:9872, om3:om3:9872, om2:om2:9872], old=null
recon_1      | 2020-07-04 18:44:42,819 [EventQueue-IncrementalContainerReportForReconIncrementalContainerReportHandler] ERROR scm.ReconIncrementalContainerReportHandler: Exception while checking and adding new container.
scm_1        | 2020-07-04 18:44:10,317 [RatisPipelineUtilsThread] INFO pipeline.PipelineStateManager: Created pipeline Pipeline[ Id: 26726d77-3c49-45d0-847c-036c7111c6a6, Nodes: 94572dad-cb94-474d-8062-eb59ae236144{ip: 172.25.0.104, host: ozonesecure-om-ha_datanode3_1.ozonesecure-om-ha_ozone_net, networkLocation: /default-rack, certSerialId: null}, Type:RATIS, Factor:ONE, State:ALLOCATED, leaderId:, CreationTimestamp2020-07-04T18:44:10.317591Z]
om2_1        | 2020-07-04 18:44:31,212 [Listener at om2/9862] INFO handler.ContextHandler: Started o.e.j.s.ServletContextHandler@5440a3a{logs,/logs,file:///var/log/hadoop/,AVAILABLE}
datanode1_1  | 2020-07-04 18:44:14,315 [pool-20-thread-1] INFO server.RaftServerConfigKeys: raft.server.log.queue.byte-limit = 2147483647 (custom)
kdc_1        | Generiting keytab
om3_1        | 2020-07-04 18:44:28,578 [om3@group-562213E44849-LeaderElection1] INFO ratis.OzoneManagerStateMachine: Latest Snapshot Info 0#-1
om1_1        | 2020-07-04 18:44:29,088 [om1@group-562213E44849-LeaderElection1] INFO ratis.OzoneManagerStateMachine: Latest Snapshot Info 0#-1
recon_1      | org.apache.hadoop.hdds.scm.pipeline.PipelineNotFoundException: PipelineID=9bb4f974-9d62-44f0-9bd8-18a21011d94c not found
scm_1        | 2020-07-04 18:44:10,320 [RatisPipelineUtilsThread] ERROR pipeline.SCMPipelineManager: Failed to create pipeline of type RATIS and factor ONE. Exception: Cannot create pipeline of factor 1 using 0 nodes. Used 3 nodes. Healthy nodes 3
om2_1        | 2020-07-04 18:44:31,212 [Listener at om2/9862] INFO handler.ContextHandler: Started o.e.j.s.ServletContextHandler@4d745ac6{static,/static,jar:file:/opt/hadoop/share/ozone/lib/hadoop-ozone-ozone-manager-0.6.0-SNAPSHOT.jar!/webapps/static,AVAILABLE}
datanode1_1  | 2020-07-04 18:44:14,315 [pool-20-thread-1] INFO server.RaftServerConfigKeys: raft.server.log.queue.element-limit = 1024 (custom)
kdc_1        | Authenticating as principal admin/admin with keytab /tmp/admin.keytab.
om3_1        | 2020-07-04 18:44:28,970 [Listener at om3/9862] INFO http.HttpServer2: Jetty bound to port 9874
om1_1        | 2020-07-04 18:44:29,200 [org.apache.hadoop.util.JvmPauseMonitor$Monitor@22cf1808] INFO util.JvmPauseMonitor: Starting JVM pause monitor
recon_1      | 	at org.apache.hadoop.hdds.scm.pipeline.PipelineStateMap.removeContainerFromPipeline(PipelineStateMap.java:372)
scm_1        | 2020-07-04 18:44:10,385 [RatisPipelineUtilsThread] INFO pipeline.RatisPipelineProvider: Sending CreatePipelineCommand for pipeline:PipelineID=7b80a9ed-044d-473a-8baa-af532c4a3dfe to datanode:bee69440-c21c-4821-9853-ea92ae05f227
om2_1        | 2020-07-04 18:44:31,387 [grpc-default-executor-2] INFO ratis.OzoneManagerStateMachine: Latest Snapshot Info 0#-1
datanode1_1  | 2020-07-04 18:44:14,315 [pool-20-thread-1] INFO server.RaftServerConfigKeys: raft.server.log.segment.size.max = 1048576 (custom)
kdc_1        | WARNING: no policy specified for scm/scm@EXAMPLE.COM; defaulting to no policy
om3_1        | 2020-07-04 18:44:29,007 [Listener at om3/9862] INFO server.Server: jetty-9.4.26.v20200117; built: 2020-01-17T12:35:33.676Z; git: 7b38981d25d14afb4a12ff1f2596756144edf695; jvm 11.0.6+10-LTS
om1_1        | 2020-07-04 18:44:30,349 [om1@group-562213E44849-LeaderElection1] INFO impl.LeaderElection: om1@group-562213E44849-LeaderElection1: Election TIMEOUT; received 1 response(s) [om1<-om3#0:FAIL-t3] and 0 exception(s); om1@group-562213E44849:t3, leader=null, voted=om1, raftlog=om1@group-562213E44849-SegmentedRaftLog:OPENED:c-1,f-1,i0, conf=-1: [om1:om1:9872, om3:om3:9872, om2:om2:9872], old=null
recon_1      | 	at org.apache.hadoop.hdds.scm.pipeline.PipelineStateManager.removeContainerFromPipeline(PipelineStateManager.java:111)
scm_1        | 2020-07-04 18:44:10,405 [RatisPipelineUtilsThread] INFO pipeline.RatisPipelineProvider: Sending CreatePipelineCommand for pipeline:PipelineID=7b80a9ed-044d-473a-8baa-af532c4a3dfe to datanode:b5d7c02b-4500-45f9-b6b5-d2c947b7dcd7
om2_1        | 2020-07-04 18:44:31,461 [IPC Server handler 2 on default port 9862] INFO ipc.Server: IPC Server handler 2 on default port 9862, call Call#2 Retry#1 org.apache.hadoop.ozone.om.protocol.OzoneManagerProtocol.submitRequest from 172.25.0.115:34059
datanode1_1  | 2020-07-04 18:44:14,315 [pool-20-thread-1] INFO server.RaftServerConfigKeys: raft.server.log.preallocated.size = 16384 (custom)
kdc_1        | Principal "scm/scm@EXAMPLE.COM" created.
kdc_1        | Authenticating as principal admin/admin with keytab /tmp/admin.keytab.
om3_1        | 2020-07-04 18:44:29,162 [Listener at om3/9862] INFO server.session: DefaultSessionIdManager workerName=node0
recon_1      | 	at org.apache.hadoop.hdds.scm.pipeline.SCMPipelineManager.removeContainerFromPipeline(SCMPipelineManager.java:350)
om1_1        | 2020-07-04 18:44:30,355 [om1@group-562213E44849-LeaderElection1] INFO impl.LeaderElection: om1@group-562213E44849-LeaderElection1: begin an election at term 4 for -1: [om1:om1:9872, om3:om3:9872, om2:om2:9872], old=null
scm_1        | 2020-07-04 18:44:10,411 [RatisPipelineUtilsThread] INFO pipeline.RatisPipelineProvider: Sending CreatePipelineCommand for pipeline:PipelineID=7b80a9ed-044d-473a-8baa-af532c4a3dfe to datanode:94572dad-cb94-474d-8062-eb59ae236144
om2_1        | org.apache.hadoop.ozone.om.exceptions.OMNotLeaderException: OM:om2 is not the leader. Suggested leader is OM:om1.
kdc_1        | Entry for principal scm/scm@EXAMPLE.COM with kvno 2, encryption type aes256-cts-hmac-sha1-96 added to keytab WRFILE:/data/scm.scm.keytab.
datanode1_1  | 2020-07-04 18:44:14,316 [pool-20-thread-1] INFO server.RaftServerConfigKeys: raft.server.log.write.buffer.size = 1048576 (custom)
om3_1        | 2020-07-04 18:44:29,162 [Listener at om3/9862] INFO server.session: No SessionScavenger set, using defaults
recon_1      | 	at org.apache.hadoop.ozone.recon.scm.ReconContainerManager.addNewContainer(ReconContainerManager.java:124)
om1_1        | 2020-07-04 18:44:30,355 [om1@group-562213E44849-LeaderElection1] INFO ratis.OzoneManagerStateMachine: Latest Snapshot Info 0#-1
scm_1        | 2020-07-04 18:44:10,442 [RatisPipelineUtilsThread] INFO pipeline.PipelineStateManager: Created pipeline Pipeline[ Id: 7b80a9ed-044d-473a-8baa-af532c4a3dfe, Nodes: bee69440-c21c-4821-9853-ea92ae05f227{ip: 172.25.0.103, host: ozonesecure-om-ha_datanode2_1.ozonesecure-om-ha_ozone_net, networkLocation: /default-rack, certSerialId: null}b5d7c02b-4500-45f9-b6b5-d2c947b7dcd7{ip: 172.25.0.102, host: ozonesecure-om-ha_datanode1_1.ozonesecure-om-ha_ozone_net, networkLocation: /default-rack, certSerialId: null}94572dad-cb94-474d-8062-eb59ae236144{ip: 172.25.0.104, host: ozonesecure-om-ha_datanode3_1.ozonesecure-om-ha_ozone_net, networkLocation: /default-rack, certSerialId: null}, Type:RATIS, Factor:THREE, State:ALLOCATED, leaderId:, CreationTimestamp2020-07-04T18:44:10.385353Z]
om2_1        | 	at org.apache.hadoop.ozone.protocolPB.OzoneManagerProtocolServerSideTranslatorPB.createNotLeaderException(OzoneManagerProtocolServerSideTranslatorPB.java:198)
kdc_1        | Entry for principal scm/scm@EXAMPLE.COM with kvno 2, encryption type aes128-cts-hmac-sha1-96 added to keytab WRFILE:/data/scm.scm.keytab.
datanode1_1  | 2020-07-04 18:44:14,316 [pool-20-thread-1] INFO server.RaftServerConfigKeys: raft.server.log.force.sync.num = 128 (default)
om3_1        | 2020-07-04 18:44:29,183 [Listener at om3/9862] INFO server.session: node0 Scavenging every 600000ms
recon_1      | 	at org.apache.hadoop.ozone.recon.scm.ReconContainerManager.checkAndAddNewContainer(ReconContainerManager.java:91)
om1_1        | 2020-07-04 18:44:30,393 [om1@group-562213E44849-LeaderElection1] INFO impl.LeaderElection: om1@group-562213E44849-LeaderElection1: Election PASSED; received 1 response(s) [om1<-om3#0:OK-t4] and 0 exception(s); om1@group-562213E44849:t4, leader=null, voted=om1, raftlog=om1@group-562213E44849-SegmentedRaftLog:OPENED:c-1,f-1,i0, conf=-1: [om1:om1:9872, om3:om3:9872, om2:om2:9872], old=null
scm_1        | 2020-07-04 18:44:10,466 [RatisPipelineUtilsThread] ERROR pipeline.SCMPipelineManager: Failed to create pipeline of type RATIS and factor THREE. Exception: Pipeline creation failed because nodes are engaged in other pipelines and every node can only be engaged in max 2 pipelines. Required 3. Found 0
om2_1        | 	at org.apache.hadoop.ozone.protocolPB.OzoneManagerProtocolServerSideTranslatorPB.submitReadRequestToOM(OzoneManagerProtocolServerSideTranslatorPB.java:186)
kdc_1        | Generiting keytab
datanode1_1  | 2020-07-04 18:44:14,316 [pool-20-thread-1] INFO server.RaftServerConfigKeys: raft.server.log.statemachine.data.sync = true (default)
om3_1        | 2020-07-04 18:44:29,334 [Listener at om3/9862] INFO server.KerberosAuthenticationHandler: Using keytab /etc/security/keytabs/HTTP.keytab, for principal HTTP/om3@EXAMPLE.COM
recon_1      | 	at org.apache.hadoop.ozone.recon.scm.ReconIncrementalContainerReportHandler.onMessage(ReconIncrementalContainerReportHandler.java:68)
om1_1        | 2020-07-04 18:44:30,393 [om1@group-562213E44849-LeaderElection1] INFO impl.RoleInfo: om1: shutdown LeaderElection
scm_1        | 2020-07-04 18:44:13,758 [EventQueue-PipelineReportForPipelineReportHandler] INFO pipeline.PipelineStateManager: Pipeline Pipeline[ Id: b18a2613-bf58-45e4-b9f9-1a8cd3b6a463, Nodes: b5d7c02b-4500-45f9-b6b5-d2c947b7dcd7{ip: 172.25.0.102, host: ozonesecure-om-ha_datanode1_1.ozonesecure-om-ha_ozone_net, networkLocation: /default-rack, certSerialId: null}, Type:RATIS, Factor:ONE, State:ALLOCATED, leaderId:b5d7c02b-4500-45f9-b6b5-d2c947b7dcd7, CreationTimestamp2020-07-04T18:44:10.316287Z] moved to OPEN state
om2_1        | 	at org.apache.hadoop.ozone.protocolPB.OzoneManagerProtocolServerSideTranslatorPB.processRequest(OzoneManagerProtocolServerSideTranslatorPB.java:123)
om2_1        | 	at org.apache.hadoop.hdds.server.OzoneProtocolMessageDispatcher.processRequest(OzoneProtocolMessageDispatcher.java:74)
datanode1_1  | 2020-07-04 18:44:14,316 [pool-20-thread-1] INFO server.RaftServerConfigKeys: raft.server.log.statemachine.data.sync.timeout = 10s (default)
om3_1        | 2020-07-04 18:44:29,338 [Listener at om3/9862] INFO handler.ContextHandler: Started o.e.j.s.ServletContextHandler@20706e70{logs,/logs,file:///var/log/hadoop/,AVAILABLE}
recon_1      | 	at org.apache.hadoop.ozone.recon.scm.ReconIncrementalContainerReportHandler.onMessage(ReconIncrementalContainerReportHandler.java:39)
om1_1        | 2020-07-04 18:44:30,394 [om1@group-562213E44849-LeaderElection1] INFO impl.RaftServerImpl: om1@group-562213E44849: changes role from CANDIDATE to LEADER at term 4 for changeToLeader
om2_1        | 	at org.apache.hadoop.ozone.protocolPB.OzoneManagerProtocolServerSideTranslatorPB.submitRequest(OzoneManagerProtocolServerSideTranslatorPB.java:113)
kdc_1        | Authenticating as principal admin/admin with keytab /tmp/admin.keytab.
scm_1        | 2020-07-04 18:44:13,779 [EventQueue-OpenPipelineForOneReplicaPipelineSafeModeRule] INFO safemode.SCMSafeModeManager: AtleastOneDatanodeReportedRule rule is successfully validated
datanode1_1  | 2020-07-04 18:44:14,316 [pool-20-thread-1] INFO server.RaftServerConfigKeys: raft.server.log.statemachine.data.sync.timeout.retry = -1 (default)
om3_1        | 2020-07-04 18:44:29,343 [Listener at om3/9862] INFO handler.ContextHandler: Started o.e.j.s.ServletContextHandler@4faaff61{static,/static,jar:file:/opt/hadoop/share/ozone/lib/hadoop-ozone-ozone-manager-0.6.0-SNAPSHOT.jar!/webapps/static,AVAILABLE}
recon_1      | 	at org.apache.hadoop.hdds.server.events.SingleThreadExecutor.lambda$onMessage$1(SingleThreadExecutor.java:81)
om1_1        | 2020-07-04 18:44:30,394 [om1@group-562213E44849-LeaderElection1] INFO impl.RaftServerImpl: om1@group-562213E44849: change Leader from null to om1 at term 4 for becomeLeader, leader elected after 6911ms
om2_1        | 	at org.apache.hadoop.ozone.protocol.proto.OzoneManagerProtocolProtos$OzoneManagerService$2.callBlockingMethod(OzoneManagerProtocolProtos.java)
kdc_1        | WARNING: no policy specified for HTTP/scm@EXAMPLE.COM; defaulting to no policy
scm_1        | 2020-07-04 18:44:13,801 [EventQueue-OpenPipelineForHealthyPipelineSafeModeRule] INFO safemode.SCMSafeModeManager: SCM in safe mode. Healthy pipelines reported count is 0, required healthy pipeline reported count is 1
datanode1_1  | 2020-07-04 18:44:14,318 [pool-20-thread-1] INFO server.RaftServerConfigKeys: raft.server.log.statemachine.data.caching.enabled = true (custom)
om3_1        | 2020-07-04 18:44:29,456 [grpc-default-executor-2] INFO impl.RaftServerImpl: om3@group-562213E44849: changes role from CANDIDATE to FOLLOWER at term 3 for recognizeCandidate:om1
recon_1      | 	at java.base/java.util.concurrent.ThreadPoolExecutor.runWorker(ThreadPoolExecutor.java:1128)
om1_1        | 2020-07-04 18:44:30,404 [om1@group-562213E44849-LeaderElection1] INFO server.RaftServerConfigKeys: raft.server.staging.catchup.gap = 1000 (default)
om2_1        | 	at org.apache.hadoop.ipc.ProtobufRpcEngine$Server$ProtoBufRpcInvoker.call(ProtobufRpcEngine.java:528)
kdc_1        | Principal "HTTP/scm@EXAMPLE.COM" created.
scm_1        | 2020-07-04 18:44:13,864 [Socket Reader #1 for port 9860] INFO ipc.Server: Auth successful for recon/recon@EXAMPLE.COM (auth:KERBEROS)
datanode1_1  | 2020-07-04 18:44:14,321 [pool-20-thread-1] INFO segmented.SegmentedRaftLogWorker: b5d7c02b-4500-45f9-b6b5-d2c947b7dcd7@group-AF532C4A3DFE-SegmentedRaftLogWorker: flushIndex: setUnconditionally 0 -> -1
om3_1        | 2020-07-04 18:44:29,456 [grpc-default-executor-2] INFO impl.RoleInfo: om3: shutdown LeaderElection
recon_1      | 	at java.base/java.util.concurrent.ThreadPoolExecutor$Worker.run(ThreadPoolExecutor.java:628)
om1_1        | 2020-07-04 18:44:30,405 [om1@group-562213E44849-LeaderElection1] INFO server.RaftServerConfigKeys: raft.server.rpc.sleep.time = 25ms (default)
om2_1        | 	at org.apache.hadoop.ipc.RPC$Server.call(RPC.java:1070)
kdc_1        | Authenticating as principal admin/admin with keytab /tmp/admin.keytab.
scm_1        | 2020-07-04 18:44:13,966 [EventQueue-PipelineReportForPipelineReportHandler] INFO pipeline.PipelineStateManager: Pipeline Pipeline[ Id: 26726d77-3c49-45d0-847c-036c7111c6a6, Nodes: 94572dad-cb94-474d-8062-eb59ae236144{ip: 172.25.0.104, host: ozonesecure-om-ha_datanode3_1.ozonesecure-om-ha_ozone_net, networkLocation: /default-rack, certSerialId: null}, Type:RATIS, Factor:ONE, State:ALLOCATED, leaderId:94572dad-cb94-474d-8062-eb59ae236144, CreationTimestamp2020-07-04T18:44:10.317591Z] moved to OPEN state
datanode1_1  | 2020-07-04 18:44:14,323 [pool-20-thread-1] INFO segmented.SegmentedRaftLogWorker: b5d7c02b-4500-45f9-b6b5-d2c947b7dcd7@group-AF532C4A3DFE-SegmentedRaftLogWorker: safeCacheEvictIndex: setUnconditionally 0 -> -1
om3_1        | 2020-07-04 18:44:29,457 [grpc-default-executor-2] INFO impl.RoleInfo: om3: start FollowerState
recon_1      | 	at java.base/java.lang.Thread.run(Thread.java:834)
om1_1        | 2020-07-04 18:44:30,418 [om1@group-562213E44849-LeaderElection1] INFO metrics.RatisMetrics: Creating Metrics Registry : ratis.log_appender.om1@group-562213E44849
om2_1        | 	at org.apache.hadoop.ipc.Server$RpcCall.run(Server.java:999)
kdc_1        | Entry for principal HTTP/scm@EXAMPLE.COM with kvno 2, encryption type aes256-cts-hmac-sha1-96 added to keytab WRFILE:/data/HTTP.scm.keytab.
scm_1        | 2020-07-04 18:44:13,967 [EventQueue-OpenPipelineForOneReplicaPipelineSafeModeRule] INFO safemode.SCMSafeModeManager: AtleastOneDatanodeReportedRule rule is successfully validated
datanode1_1  | 2020-07-04 18:44:14,347 [pool-20-thread-1] INFO server.RaftServerConfigKeys: raft.server.snapshot.auto.trigger.enabled = true (custom)
om3_1        | 2020-07-04 18:44:29,471 [grpc-default-executor-2] INFO ratis.OzoneManagerStateMachine: Latest Snapshot Info 0#-1
recon_1      | 2020-07-04 18:44:49,296 [Socket Reader #1 for port 9891] INFO ipc.Server: Auth successful for dn/64528d8fb680@EXAMPLE.COM (auth:KERBEROS)
om1_1        | 2020-07-04 18:44:30,431 [om1@group-562213E44849-LeaderElection1] INFO server.RaftServerConfigKeys: raft.server.write.element-limit = 4096 (default)
om2_1        | 	at org.apache.hadoop.ipc.Server$RpcCall.run(Server.java:927)
kdc_1        | Entry for principal HTTP/scm@EXAMPLE.COM with kvno 2, encryption type aes128-cts-hmac-sha1-96 added to keytab WRFILE:/data/HTTP.scm.keytab.
scm_1        | 2020-07-04 18:44:13,967 [EventQueue-OpenPipelineForHealthyPipelineSafeModeRule] INFO safemode.SCMSafeModeManager: SCM in safe mode. Healthy pipelines reported count is 0, required healthy pipeline reported count is 1
datanode1_1  | 2020-07-04 18:44:14,349 [pool-20-thread-1] INFO server.RaftServerConfigKeys: raft.server.snapshot.auto.trigger.threshold = 10000 (custom)
om3_1        | 2020-07-04 18:44:29,599 [om3@group-562213E44849-LeaderElection1] INFO impl.LeaderElection: om3@group-562213E44849-LeaderElection1: Election DISCOVERED_A_NEW_TERM; received 1 response(s) [om3<-om1#0:FAIL-t3] and 0 exception(s); om3@group-562213E44849:t3, leader=null, voted=null, raftlog=om3@group-562213E44849-SegmentedRaftLog:OPENED:c-1,f-1,i0, conf=-1: [om1:om1:9872, om3:om3:9872, om2:om2:9872], old=null
recon_1      | 2020-07-04 18:44:49,313 [Socket Reader #1 for port 9891] INFO authorize.ServiceAuthorizationManager: Authorization successful for dn/64528d8fb680@EXAMPLE.COM (auth:KERBEROS) for protocol=interface org.apache.hadoop.ozone.protocol.ReconDatanodeProtocol
om1_1        | 2020-07-04 18:44:30,437 [om1@group-562213E44849-LeaderElection1] INFO server.RaftServerConfigKeys: raft.server.write.byte-limit = 64MB (=67108864) (default)
om2_1        | 	at java.base/java.security.AccessController.doPrivileged(Native Method)
kdc_1        | Generiting keytab
scm_1        | 2020-07-04 18:44:13,988 [Socket Reader #1 for port 9860] INFO authorize.ServiceAuthorizationManager: Authorization successful for recon/recon@EXAMPLE.COM (auth:KERBEROS) for protocol=interface org.apache.hadoop.hdds.scm.protocol.StorageContainerLocationProtocol
datanode1_1  | 2020-07-04 18:44:14,349 [pool-20-thread-1] INFO server.RaftServerConfigKeys: raft.server.snapshot.retention.file.num = 5 (custom)
om3_1        | 2020-07-04 18:44:29,784 [Listener at om3/9862] INFO server.KerberosAuthenticationHandler: Using keytab /etc/security/keytabs/HTTP.keytab, for principal HTTP/om3@EXAMPLE.COM
recon_1      | 2020-07-04 18:44:49,585 [EventQueue-IncrementalContainerReportForReconIncrementalContainerReportHandler] INFO scm.ReconContainerManager: New container #2 got from ozonesecure-om-ha_datanode2_1.ozonesecure-om-ha_ozone_net.
om1_1        | 2020-07-04 18:44:30,448 [om1@group-562213E44849-LeaderElection1] INFO server.RaftServerConfigKeys: raft.server.watch.timeout = 10s (default)
om2_1        | 	at java.base/javax.security.auth.Subject.doAs(Subject.java:423)
kdc_1        | Authenticating as principal admin/admin with keytab /tmp/admin.keytab.
scm_1        | 2020-07-04 18:44:14,535 [EventQueue-PipelineReportForPipelineReportHandler] INFO pipeline.PipelineStateManager: Pipeline Pipeline[ Id: 195b0f2b-3e31-4761-a163-c6670455e07b, Nodes: bee69440-c21c-4821-9853-ea92ae05f227{ip: 172.25.0.103, host: ozonesecure-om-ha_datanode2_1.ozonesecure-om-ha_ozone_net, networkLocation: /default-rack, certSerialId: null}, Type:RATIS, Factor:ONE, State:ALLOCATED, leaderId:bee69440-c21c-4821-9853-ea92ae05f227, CreationTimestamp2020-07-04T18:44:09.878361Z] moved to OPEN state
