datanode_3  | 2020-07-04 18:48:03,520 [java.util.concurrent.ThreadPoolExecutor$Worker@5a092c2c[State = -1, empty queue]] WARN server.GrpcLogAppender: 927d6312-b175-4597-8fc3-b072f51ad2ad@group-69B1BD08EF41->b55e7a43-5bf3-4be5-ac0d-d88eea9c7cc5-GrpcLogAppender:  appendEntries Timeout, request=AppendEntriesRequest:cid=53,entriesCount=1,lastEntry=(t:1, i:36)
kdc_1       | Jul 04 18:45:56 kdc krb5kdc[8](info): TGS_REQ (6 etypes {18 17 20 19 16 23}) 172.26.0.8: ISSUE: authtime 1593888340, etypes {rep=18 tkt=18 ses=18}, dn/937a95fc9aa8@EXAMPLE.COM for scm/scm@EXAMPLE.COM
recon_1     | 2020-07-04 18:56:17,983 [pool-14-thread-1] INFO tasks.FileSizeCountTask: Completed a 'process' run of FileSizeCountTask.
om_1        | 2020-07-04 18:54:01,851 [Socket Reader #1 for port 9862] INFO authorize.ServiceAuthorizationManager: Authorization successful for testuser/scm@EXAMPLE.COM (auth:KERBEROS) for protocol=interface org.apache.hadoop.ozone.om.protocol.OzoneManagerProtocol
datanode_1  | 	at org.apache.hadoop.ozone.container.common.impl.HddsDispatcher.dispatchRequest(HddsDispatcher.java:304)
scm_1       | 2020-07-04 18:45:55,987 [Listener at 0.0.0.0/9860] INFO http.HttpServer2: Added global filter 'safety' (class=org.apache.hadoop.hdds.server.http.HttpServer2$QuotingInputFilter)
datanode_3  | 2020-07-04 18:48:03,539 [java.util.concurrent.ThreadPoolExecutor$Worker@5a092c2c[State = -1, empty queue]] WARN server.GrpcLogAppender: 927d6312-b175-4597-8fc3-b072f51ad2ad@group-69B1BD08EF41->b55e7a43-5bf3-4be5-ac0d-d88eea9c7cc5-GrpcLogAppender:  appendEntries Timeout, request=AppendEntriesRequest:cid=54,entriesCount=1,lastEntry=(t:1, i:37)
kdc_1       | Jul 04 18:45:57 kdc krb5kdc[8](info): TGS_REQ (6 etypes {18 17 20 19 16 23}) 172.26.0.9: ISSUE: authtime 1593888340, etypes {rep=18 tkt=18 ses=18}, dn/1921d57fbed4@EXAMPLE.COM for scm/scm@EXAMPLE.COM
recon_1     | 2020-07-04 18:56:39,072 [Socket Reader #1 for port 9891] INFO ipc.Server: Auth successful for dn/4f1bab1e3b85@EXAMPLE.COM (auth:KERBEROS)
om_1        | 2020-07-04 18:54:03,472 [Socket Reader #1 for port 9862] INFO ipc.Server: Auth successful for testuser/scm@EXAMPLE.COM (auth:KERBEROS)
datanode_1  | 	at org.apache.hadoop.ozone.container.common.impl.HddsDispatcher.dispatch(HddsDispatcher.java:166)
scm_1       | 2020-07-04 18:45:55,989 [Listener at 0.0.0.0/9860] INFO http.HttpServer2: Added filter authentication (class=org.apache.hadoop.security.authentication.server.AuthenticationFilter) to context scm
scm_1       | 2020-07-04 18:45:55,989 [Listener at 0.0.0.0/9860] INFO http.HttpServer2: Added filter authentication (class=org.apache.hadoop.security.authentication.server.AuthenticationFilter) to context static
kdc_1       | Jul 04 18:45:57 kdc krb5kdc[8](info): TGS_REQ (6 etypes {18 17 20 19 16 23}) 172.26.0.10: ISSUE: authtime 1593888340, etypes {rep=18 tkt=18 ses=18}, om/om@EXAMPLE.COM for scm/scm@EXAMPLE.COM
recon_1     | 2020-07-04 18:56:39,080 [Socket Reader #1 for port 9891] INFO authorize.ServiceAuthorizationManager: Authorization successful for dn/4f1bab1e3b85@EXAMPLE.COM (auth:KERBEROS) for protocol=interface org.apache.hadoop.ozone.protocol.ReconDatanodeProtocol
om_1        | 2020-07-04 18:54:03,491 [Socket Reader #1 for port 9862] INFO authorize.ServiceAuthorizationManager: Authorization successful for testuser/scm@EXAMPLE.COM (auth:KERBEROS) for protocol=interface org.apache.hadoop.ozone.om.protocol.OzoneManagerProtocol
datanode_1  | 	at org.apache.hadoop.ozone.container.common.transport.server.GrpcXceiverService$1.onNext(GrpcXceiverService.java:57)
scm_1       | 2020-07-04 18:45:55,989 [Listener at 0.0.0.0/9860] INFO http.HttpServer2: Added filter authentication (class=org.apache.hadoop.security.authentication.server.AuthenticationFilter) to context logs
datanode_3  | 2020-07-04 18:48:03,543 [java.util.concurrent.ThreadPoolExecutor$Worker@5a092c2c[State = -1, empty queue]] WARN server.GrpcLogAppender: 927d6312-b175-4597-8fc3-b072f51ad2ad@group-69B1BD08EF41->b55e7a43-5bf3-4be5-ac0d-d88eea9c7cc5-GrpcLogAppender:  appendEntries Timeout, request=AppendEntriesRequest:cid=55,entriesCount=1,lastEntry=(t:1, i:38)
kdc_1       | Jul 04 18:45:57 kdc krb5kdc[8](info): TGS_REQ (6 etypes {18 17 20 19 16 23}) 172.26.0.3: ISSUE: authtime 1593888326, etypes {rep=18 tkt=18 ses=18}, HTTP/scm@EXAMPLE.COM for scm/scm@EXAMPLE.COM
recon_1     | 2020-07-04 18:56:39,566 [Socket Reader #1 for port 9891] INFO ipc.Server: Auth successful for dn/937a95fc9aa8@EXAMPLE.COM (auth:KERBEROS)
om_1        | 2020-07-04 18:54:06,803 [Socket Reader #1 for port 9862] INFO ipc.Server: Auth successful for testuser/scm@EXAMPLE.COM (auth:KERBEROS)
datanode_1  | 	at org.apache.hadoop.ozone.container.common.transport.server.GrpcXceiverService$1.onNext(GrpcXceiverService.java:50)
scm_1       | 2020-07-04 18:45:55,996 [Listener at 0.0.0.0/9860] INFO http.HttpServer2: Initialize spnego with host: 0.0.0.0 userKey: hdds.scm.http.auth.kerberos.principal keytabKey: hdds.scm.http.auth.kerberos.keytab
datanode_3  | 2020-07-04 18:48:03,551 [java.util.concurrent.ThreadPoolExecutor$Worker@5a092c2c[State = -1, empty queue]] WARN server.GrpcLogAppender: 927d6312-b175-4597-8fc3-b072f51ad2ad@group-69B1BD08EF41->b55e7a43-5bf3-4be5-ac0d-d88eea9c7cc5-GrpcLogAppender:  appendEntries Timeout, request=AppendEntriesRequest:cid=56,entriesCount=1,lastEntry=(t:1, i:39)
kdc_1       | Jul 04 18:46:04 kdc krb5kdc[8](info): AS_REQ (8 etypes {18 17 20 19 16 23 25 26}) 172.26.0.3: ISSUE: authtime 1593888364, etypes {rep=18 tkt=18 ses=18}, HTTP/scm@EXAMPLE.COM for krbtgt/EXAMPLE.COM@EXAMPLE.COM
recon_1     | 2020-07-04 18:56:39,587 [Socket Reader #1 for port 9891] INFO authorize.ServiceAuthorizationManager: Authorization successful for dn/937a95fc9aa8@EXAMPLE.COM (auth:KERBEROS) for protocol=interface org.apache.hadoop.ozone.protocol.ReconDatanodeProtocol
om_1        | 2020-07-04 18:54:06,817 [Socket Reader #1 for port 9862] INFO authorize.ServiceAuthorizationManager: Authorization successful for testuser/scm@EXAMPLE.COM (auth:KERBEROS) for protocol=interface org.apache.hadoop.ozone.om.protocol.OzoneManagerProtocol
datanode_1  | 	at org.apache.ratis.thirdparty.io.grpc.stub.ServerCalls$StreamingServerCallHandler$StreamingServerCallListener.onMessage(ServerCalls.java:251)
scm_1       | 2020-07-04 18:45:56,066 [Listener at 0.0.0.0/9860] INFO server.StorageContainerManager: StorageContainerLocationProtocol RPC server is listening at /0.0.0.0:9860
datanode_3  | 2020-07-04 18:48:06,104 [java.util.concurrent.ThreadPoolExecutor$Worker@5a092c2c[State = -1, empty queue]] WARN server.GrpcLogAppender: 927d6312-b175-4597-8fc3-b072f51ad2ad@group-69B1BD08EF41->b55e7a43-5bf3-4be5-ac0d-d88eea9c7cc5-GrpcLogAppender:  appendEntries Timeout, request=AppendEntriesRequest:cid=58,entriesCount=1,lastEntry=(t:1, i:40)
kdc_1       | Jul 04 18:46:07 kdc krb5kdc[8](info): TGS_REQ (6 etypes {18 17 20 19 16 23}) 172.26.0.8: ISSUE: authtime 1593888340, etypes {rep=18 tkt=18 ses=18}, dn/937a95fc9aa8@EXAMPLE.COM for recon/recon@EXAMPLE.COM
recon_1     | 2020-07-04 18:56:39,892 [Socket Reader #1 for port 9891] INFO ipc.Server: Auth successful for dn/1921d57fbed4@EXAMPLE.COM (auth:KERBEROS)
recon_1     | 2020-07-04 18:56:39,904 [Socket Reader #1 for port 9891] INFO authorize.ServiceAuthorizationManager: Authorization successful for dn/1921d57fbed4@EXAMPLE.COM (auth:KERBEROS) for protocol=interface org.apache.hadoop.ozone.protocol.ReconDatanodeProtocol
datanode_1  | 	at org.apache.ratis.thirdparty.io.grpc.ForwardingServerCallListener.onMessage(ForwardingServerCallListener.java:33)
scm_1       | 2020-07-04 18:45:56,182 [Listener at 0.0.0.0/9860] INFO impl.MetricsConfig: Loaded properties from hadoop-metrics2.properties
datanode_3  | 2020-07-04 18:48:06,117 [java.util.concurrent.ThreadPoolExecutor$Worker@5a092c2c[State = -1, empty queue]] WARN server.GrpcLogAppender: 927d6312-b175-4597-8fc3-b072f51ad2ad@group-69B1BD08EF41->b55e7a43-5bf3-4be5-ac0d-d88eea9c7cc5-GrpcLogAppender:  appendEntries Timeout, request=AppendEntriesRequest:cid=59,entriesCount=1,lastEntry=(t:1, i:41)
recon_1     | 2020-07-04 18:57:09,070 [Socket Reader #1 for port 9891] INFO ipc.Server: Auth successful for dn/4f1bab1e3b85@EXAMPLE.COM (auth:KERBEROS)
om_1        | 2020-07-04 18:54:07,341 [IPC Server handler 28 on default port 9862] ERROR acl.OMBucketAddAclRequest: Add acl [user:superuser1:rwxy[ACCESS]] to path /23878-rpcwoport2/bb1 failed, because acl already exist
kdc_1       | Jul 04 18:46:08 kdc krb5kdc[8](info): TGS_REQ (6 etypes {18 17 20 19 16 23}) 172.26.0.9: ISSUE: authtime 1593888340, etypes {rep=18 tkt=18 ses=18}, dn/1921d57fbed4@EXAMPLE.COM for recon/recon@EXAMPLE.COM
datanode_1  | 	at org.apache.hadoop.hdds.tracing.GrpcServerInterceptor$1.onMessage(GrpcServerInterceptor.java:49)
scm_1       | 2020-07-04 18:45:56,258 [Listener at 0.0.0.0/9860] INFO impl.MetricsSystemImpl: Scheduled Metric snapshot period at 10 second(s).
datanode_3  | 2020-07-04 18:48:06,117 [java.util.concurrent.ThreadPoolExecutor$Worker@5a092c2c[State = -1, empty queue]] WARN server.GrpcLogAppender: 927d6312-b175-4597-8fc3-b072f51ad2ad@group-69B1BD08EF41->b55e7a43-5bf3-4be5-ac0d-d88eea9c7cc5-GrpcLogAppender:  appendEntries Timeout, request=AppendEntriesRequest:cid=60,entriesCount=1,lastEntry=(t:1, i:42)
recon_1     | 2020-07-04 18:57:09,077 [Socket Reader #1 for port 9891] INFO authorize.ServiceAuthorizationManager: Authorization successful for dn/4f1bab1e3b85@EXAMPLE.COM (auth:KERBEROS) for protocol=interface org.apache.hadoop.ozone.protocol.ReconDatanodeProtocol
om_1        | 2020-07-04 18:54:09,752 [Socket Reader #1 for port 9862] INFO ipc.Server: Auth successful for testuser/scm@EXAMPLE.COM (auth:KERBEROS)
kdc_1       | Jul 04 18:46:08 kdc krb5kdc[8](info): TGS_REQ (6 etypes {18 17 20 19 16 23}) 172.26.0.4: ISSUE: authtime 1593888338, etypes {rep=18 tkt=18 ses=18}, dn/4f1bab1e3b85@EXAMPLE.COM for recon/recon@EXAMPLE.COM
datanode_1  | 	at org.apache.ratis.thirdparty.io.grpc.internal.ServerCallImpl$ServerStreamListenerImpl.messagesAvailableInternal(ServerCallImpl.java:309)
scm_1       | 2020-07-04 18:45:56,259 [Listener at 0.0.0.0/9860] INFO impl.MetricsSystemImpl: StorageContainerManager metrics system started
datanode_3  | 2020-07-04 18:48:06,129 [java.util.concurrent.ThreadPoolExecutor$Worker@5a092c2c[State = -1, empty queue]] WARN server.GrpcLogAppender: 927d6312-b175-4597-8fc3-b072f51ad2ad@group-69B1BD08EF41->b55e7a43-5bf3-4be5-ac0d-d88eea9c7cc5-GrpcLogAppender:  appendEntries Timeout, request=AppendEntriesRequest:cid=61,entriesCount=1,lastEntry=(t:1, i:43)
recon_1     | 2020-07-04 18:57:09,565 [Socket Reader #1 for port 9891] INFO ipc.Server: Auth successful for dn/937a95fc9aa8@EXAMPLE.COM (auth:KERBEROS)
om_1        | 2020-07-04 18:54:09,768 [Socket Reader #1 for port 9862] INFO authorize.ServiceAuthorizationManager: Authorization successful for testuser/scm@EXAMPLE.COM (auth:KERBEROS) for protocol=interface org.apache.hadoop.ozone.om.protocol.OzoneManagerProtocol
kdc_1       | Jul 04 18:46:11 kdc krb5kdc[8](info): AS_REQ (2 etypes {18 17}) 172.26.0.10: ISSUE: authtime 1593888371, etypes {rep=18 tkt=18 ses=18}, om/om@EXAMPLE.COM for krbtgt/EXAMPLE.COM@EXAMPLE.COM
datanode_1  | 	at org.apache.ratis.thirdparty.io.grpc.internal.ServerCallImpl$ServerStreamListenerImpl.messagesAvailable(ServerCallImpl.java:292)
scm_1       | 2020-07-04 18:45:56,484 [Listener at 0.0.0.0/9860] INFO server.SCMClientProtocolServer: RPC server for Client  is listening at /0.0.0.0:9860
datanode_3  | 2020-07-04 18:48:08,699 [java.util.concurrent.ThreadPoolExecutor$Worker@5a092c2c[State = -1, empty queue]] WARN server.GrpcLogAppender: 927d6312-b175-4597-8fc3-b072f51ad2ad@group-69B1BD08EF41->b55e7a43-5bf3-4be5-ac0d-d88eea9c7cc5-GrpcLogAppender:  appendEntries Timeout, request=AppendEntriesRequest:cid=63,entriesCount=1,lastEntry=(t:1, i:44)
recon_1     | 2020-07-04 18:57:09,588 [Socket Reader #1 for port 9891] INFO authorize.ServiceAuthorizationManager: Authorization successful for dn/937a95fc9aa8@EXAMPLE.COM (auth:KERBEROS) for protocol=interface org.apache.hadoop.ozone.protocol.ReconDatanodeProtocol
om_1        | 2020-07-04 18:54:12,681 [Socket Reader #1 for port 9862] INFO ipc.Server: Auth successful for testuser/scm@EXAMPLE.COM (auth:KERBEROS)
kdc_1       | Jul 04 18:46:13 kdc krb5kdc[8](info): TGS_REQ (6 etypes {18 17 20 19 16 23}) 172.26.0.10: ISSUE: authtime 1593888371, etypes {rep=18 tkt=18 ses=18}, om/om@EXAMPLE.COM for scm/scm@EXAMPLE.COM
datanode_1  | 	at org.apache.ratis.thirdparty.io.grpc.internal.ServerImpl$JumpToApplicationThreadServerStreamListener$1MessagesAvailable.runInContext(ServerImpl.java:782)
scm_1       | 2020-07-04 18:45:56,485 [IPC Server Responder] INFO ipc.Server: IPC Server Responder: starting
datanode_3  | 2020-07-04 18:48:08,714 [java.util.concurrent.ThreadPoolExecutor$Worker@5a092c2c[State = -1, empty queue]] WARN server.GrpcLogAppender: 927d6312-b175-4597-8fc3-b072f51ad2ad@group-69B1BD08EF41->b55e7a43-5bf3-4be5-ac0d-d88eea9c7cc5-GrpcLogAppender:  appendEntries Timeout, request=AppendEntriesRequest:cid=64,entriesCount=1,lastEntry=(t:1, i:45)
recon_1     | 2020-07-04 18:57:09,907 [Socket Reader #1 for port 9891] INFO ipc.Server: Auth successful for dn/1921d57fbed4@EXAMPLE.COM (auth:KERBEROS)
kdc_1       | Jul 04 18:46:17 kdc krb5kdc[8](info): TGS_REQ (6 etypes {18 17 20 19 16 23}) 172.26.0.3: ISSUE: authtime 1593888364, etypes {rep=18 tkt=18 ses=18}, HTTP/scm@EXAMPLE.COM for scm/scm@EXAMPLE.COM
datanode_1  | 	at org.apache.ratis.thirdparty.io.grpc.internal.ContextRunnable.run(ContextRunnable.java:37)
om_1        | 2020-07-04 18:54:12,689 [Socket Reader #1 for port 9862] INFO authorize.ServiceAuthorizationManager: Authorization successful for testuser/scm@EXAMPLE.COM (auth:KERBEROS) for protocol=interface org.apache.hadoop.ozone.om.protocol.OzoneManagerProtocol
scm_1       | 2020-07-04 18:45:56,493 [IPC Server listener on 9860] INFO ipc.Server: IPC Server listener on 9860: starting
datanode_3  | 2020-07-04 18:48:08,722 [java.util.concurrent.ThreadPoolExecutor$Worker@5a092c2c[State = -1, empty queue]] WARN server.GrpcLogAppender: 927d6312-b175-4597-8fc3-b072f51ad2ad@group-69B1BD08EF41->b55e7a43-5bf3-4be5-ac0d-d88eea9c7cc5-GrpcLogAppender:  appendEntries Timeout, request=AppendEntriesRequest:cid=65,entriesCount=1,lastEntry=(t:1, i:46)
recon_1     | 2020-07-04 18:57:09,935 [Socket Reader #1 for port 9891] INFO authorize.ServiceAuthorizationManager: Authorization successful for dn/1921d57fbed4@EXAMPLE.COM (auth:KERBEROS) for protocol=interface org.apache.hadoop.ozone.protocol.ReconDatanodeProtocol
kdc_1       | Jul 04 18:46:21 kdc krb5kdc[8](info): AS_REQ (8 etypes {18 17 20 19 16 23 25 26}) 172.26.0.3: ISSUE: authtime 1593888381, etypes {rep=18 tkt=18 ses=18}, HTTP/scm@EXAMPLE.COM for krbtgt/EXAMPLE.COM@EXAMPLE.COM
datanode_1  | 	at org.apache.ratis.thirdparty.io.grpc.internal.SerializingExecutor.run(SerializingExecutor.java:123)
om_1        | 2020-07-04 18:54:15,415 [Socket Reader #1 for port 9862] INFO ipc.Server: Auth successful for testuser/scm@EXAMPLE.COM (auth:KERBEROS)
scm_1       | 2020-07-04 18:45:56,573 [Listener at 0.0.0.0/9860] INFO server.StorageContainerManager: ScmBlockLocationProtocol RPC server is listening at /0.0.0.0:9863
datanode_3  | 2020-07-04 18:48:11,285 [java.util.concurrent.ThreadPoolExecutor$Worker@5a092c2c[State = -1, empty queue]] WARN server.GrpcLogAppender: 927d6312-b175-4597-8fc3-b072f51ad2ad@group-69B1BD08EF41->b55e7a43-5bf3-4be5-ac0d-d88eea9c7cc5-GrpcLogAppender:  appendEntries Timeout, request=AppendEntriesRequest:cid=67,entriesCount=1,lastEntry=(t:1, i:47)
recon_1     | 2020-07-04 18:57:17,986 [pool-13-thread-1] INFO impl.OzoneManagerServiceProviderImpl: Syncing data from Ozone Manager.
kdc_1       | Jul 04 18:46:24 kdc krb5kdc[8](info): TGS_REQ (6 etypes {18 17 20 19 16 23}) 172.26.0.3: ISSUE: authtime 1593888381, etypes {rep=18 tkt=18 ses=18}, HTTP/scm@EXAMPLE.COM for scm/scm@EXAMPLE.COM
datanode_1  | 	at java.base/java.util.concurrent.ThreadPoolExecutor.runWorker(ThreadPoolExecutor.java:1128)
om_1        | 2020-07-04 18:54:15,424 [Socket Reader #1 for port 9862] INFO authorize.ServiceAuthorizationManager: Authorization successful for testuser/scm@EXAMPLE.COM (auth:KERBEROS) for protocol=interface org.apache.hadoop.ozone.om.protocol.OzoneManagerProtocol
scm_1       | 2020-07-04 18:45:56,577 [Listener at 0.0.0.0/9860] INFO server.SCMBlockProtocolServer: RPC server for Block Protocol is listening at /0.0.0.0:9863
datanode_3  | 2020-07-04 18:48:11,293 [java.util.concurrent.ThreadPoolExecutor$Worker@5a092c2c[State = -1, empty queue]] WARN server.GrpcLogAppender: 927d6312-b175-4597-8fc3-b072f51ad2ad@group-69B1BD08EF41->b55e7a43-5bf3-4be5-ac0d-d88eea9c7cc5-GrpcLogAppender:  appendEntries Timeout, request=AppendEntriesRequest:cid=68,entriesCount=1,lastEntry=(t:1, i:48)
recon_1     | 2020-07-04 18:57:17,987 [pool-13-thread-1] INFO impl.OzoneManagerServiceProviderImpl: Obtaining delta updates from Ozone Manager
kdc_1       | Jul 04 18:46:26 kdc krb5kdc[8](info): AS_REQ (8 etypes {18 17 20 19 16 23 25 26}) 172.26.0.3: ISSUE: authtime 1593888386, etypes {rep=18 tkt=18 ses=18}, testuser/scm@EXAMPLE.COM for krbtgt/EXAMPLE.COM@EXAMPLE.COM
datanode_1  | 	at java.base/java.util.concurrent.ThreadPoolExecutor$Worker.run(ThreadPoolExecutor.java:628)
om_1        | 2020-07-04 18:54:16,985 [Socket Reader #1 for port 9862] INFO ipc.Server: Auth successful for testuser/scm@EXAMPLE.COM (auth:KERBEROS)
scm_1       | 2020-07-04 18:45:56,578 [IPC Server Responder] INFO ipc.Server: IPC Server Responder: starting
datanode_3  | 2020-07-04 18:48:11,301 [java.util.concurrent.ThreadPoolExecutor$Worker@5a092c2c[State = -1, empty queue]] WARN server.GrpcLogAppender: 927d6312-b175-4597-8fc3-b072f51ad2ad@group-69B1BD08EF41->b55e7a43-5bf3-4be5-ac0d-d88eea9c7cc5-GrpcLogAppender:  appendEntries Timeout, request=AppendEntriesRequest:cid=69,entriesCount=1,lastEntry=(t:1, i:49)
recon_1     | 2020-07-04 18:57:18,041 [pool-13-thread-1] INFO impl.OzoneManagerServiceProviderImpl: Number of updates received from OM : 13
kdc_1       | Jul 04 18:46:31 kdc krb5kdc[8](info): AS_REQ (8 etypes {18 17 20 19 16 23 25 26}) 172.26.0.3: ISSUE: authtime 1593888391, etypes {rep=18 tkt=18 ses=18}, HTTP/scm@EXAMPLE.COM for krbtgt/EXAMPLE.COM@EXAMPLE.COM
datanode_1  | 	at java.base/java.lang.Thread.run(Thread.java:834)
om_1        | 2020-07-04 18:54:16,993 [Socket Reader #1 for port 9862] INFO authorize.ServiceAuthorizationManager: Authorization successful for testuser/scm@EXAMPLE.COM (auth:KERBEROS) for protocol=interface org.apache.hadoop.ozone.om.protocol.OzoneManagerProtocol
scm_1       | 2020-07-04 18:45:56,578 [IPC Server listener on 9863] INFO ipc.Server: IPC Server listener on 9863: starting
datanode_3  | 2020-07-04 18:48:11,311 [java.util.concurrent.ThreadPoolExecutor$Worker@5a092c2c[State = -1, empty queue]] WARN server.GrpcLogAppender: 927d6312-b175-4597-8fc3-b072f51ad2ad@group-69B1BD08EF41->b55e7a43-5bf3-4be5-ac0d-d88eea9c7cc5-GrpcLogAppender:  appendEntries Timeout, request=AppendEntriesRequest:cid=70,entriesCount=1,lastEntry=(t:1, i:50)
recon_1     | 2020-07-04 18:57:18,052 [pool-14-thread-1] INFO tasks.ContainerKeyMapperTask: ContainerKeyMapperTask successfully processed 7 OM DB update event(s).
kdc_1       | Jul 04 18:46:31 kdc krb5kdc[8](info): TGS_REQ (8 etypes {18 17 20 19 16 23 25 26}) 172.26.0.3: ISSUE: authtime 1593888391, etypes {rep=18 tkt=18 ses=18}, HTTP/scm@EXAMPLE.COM for HTTP/scm@EXAMPLE.COM
datanode_1  | 2020-07-04 18:56:17,674 [grpc-default-executor-0] INFO keyvalue.KeyValueHandler: Operation: GetBlock , Trace ID:  , Message: Unable to find the block with bcsID 270 .Container 1 bcsId is 127. , Result: UNKNOWN_BCSID , StorageContainerException Occurred.
om_1        | 2020-07-04 18:54:17,815 [Socket Reader #1 for port 9862] INFO ipc.Server: Auth successful for recon/recon@EXAMPLE.COM (auth:KERBEROS)
scm_1       | 2020-07-04 18:45:56,701 [Listener at 0.0.0.0/9860] INFO server.StorageContainerManager: ScmDatanodeProtocl RPC server is listening at /0.0.0.0:9861
datanode_3  | 2020-07-04 18:48:13,861 [java.util.concurrent.ThreadPoolExecutor$Worker@5a092c2c[State = -1, empty queue]] WARN server.GrpcLogAppender: 927d6312-b175-4597-8fc3-b072f51ad2ad@group-69B1BD08EF41->b55e7a43-5bf3-4be5-ac0d-d88eea9c7cc5-GrpcLogAppender:  appendEntries Timeout, request=AppendEntriesRequest:cid=72,entriesCount=1,lastEntry=(t:1, i:51)
recon_1     | 2020-07-04 18:57:18,089 [pool-14-thread-1] INFO tasks.FileSizeCountTask: Completed a 'process' run of FileSizeCountTask.
kdc_1       | Jul 04 18:46:32 kdc krb5kdc[8](info): AS_REQ (8 etypes {18 17 20 19 16 23 25 26}) 172.26.0.3: ISSUE: authtime 1593888392, etypes {rep=18 tkt=18 ses=18}, testuser/scm@EXAMPLE.COM for krbtgt/EXAMPLE.COM@EXAMPLE.COM
datanode_1  | org.apache.hadoop.hdds.scm.container.common.helpers.StorageContainerException: Unable to find the block with bcsID 270 .Container 1 bcsId is 127.
om_1        | 2020-07-04 18:54:17,828 [Socket Reader #1 for port 9862] INFO authorize.ServiceAuthorizationManager: Authorization successful for recon/recon@EXAMPLE.COM (auth:KERBEROS) for protocol=interface org.apache.hadoop.ozone.om.protocol.OzoneManagerProtocol
scm_1       | 2020-07-04 18:45:56,711 [Listener at 0.0.0.0/9860] INFO server.SCMDatanodeProtocolServer: RPC server for DataNodes is listening at /0.0.0.0:9861
datanode_3  | 2020-07-04 18:48:13,885 [java.util.concurrent.ThreadPoolExecutor$Worker@5a092c2c[State = -1, empty queue]] WARN server.GrpcLogAppender: 927d6312-b175-4597-8fc3-b072f51ad2ad@group-69B1BD08EF41->b55e7a43-5bf3-4be5-ac0d-d88eea9c7cc5-GrpcLogAppender:  appendEntries Timeout, request=AppendEntriesRequest:cid=73,entriesCount=1,lastEntry=(t:1, i:52)
recon_1     | 2020-07-04 18:57:39,076 [Socket Reader #1 for port 9891] INFO ipc.Server: Auth successful for dn/4f1bab1e3b85@EXAMPLE.COM (auth:KERBEROS)
kdc_1       | Jul 04 18:46:34 kdc krb5kdc[8](info): TGS_REQ (6 etypes {18 17 20 19 16 23}) 172.26.0.3: ISSUE: authtime 1593888392, etypes {rep=18 tkt=18 ses=18}, testuser/scm@EXAMPLE.COM for om/om@EXAMPLE.COM
kdc_1       | Jul 04 18:47:16 kdc krb5kdc[8](info): TGS_REQ (6 etypes {18 17 20 19 16 23}) 172.26.0.5: ISSUE: authtime 1593888339, etypes {rep=18 tkt=18 ses=18}, recon/recon@EXAMPLE.COM for HTTP/om@EXAMPLE.COM
om_1        | 2020-07-04 18:54:18,390 [Socket Reader #1 for port 9862] INFO ipc.Server: Auth successful for testuser/scm@EXAMPLE.COM (auth:KERBEROS)
scm_1       | 2020-07-04 18:45:56,724 [IPC Server Responder] INFO ipc.Server: IPC Server Responder: starting
datanode_3  | 2020-07-04 18:48:13,891 [java.util.concurrent.ThreadPoolExecutor$Worker@5a092c2c[State = -1, empty queue]] WARN server.GrpcLogAppender: 927d6312-b175-4597-8fc3-b072f51ad2ad@group-69B1BD08EF41->b55e7a43-5bf3-4be5-ac0d-d88eea9c7cc5-GrpcLogAppender:  appendEntries Timeout, request=AppendEntriesRequest:cid=74,entriesCount=1,lastEntry=(t:1, i:53)
kdc_1       | Jul 04 18:48:17 kdc krb5kdc[8](info): TGS_REQ (6 etypes {18 17 20 19 16 23}) 172.26.0.5: ISSUE: authtime 1593888339, etypes {rep=18 tkt=18 ses=18}, recon/recon@EXAMPLE.COM for om/om@EXAMPLE.COM
datanode_1  | 	at org.apache.hadoop.ozone.container.keyvalue.impl.BlockManagerImpl.getBlock(BlockManagerImpl.java:177)
recon_1     | 2020-07-04 18:57:39,104 [Socket Reader #1 for port 9891] INFO authorize.ServiceAuthorizationManager: Authorization successful for dn/4f1bab1e3b85@EXAMPLE.COM (auth:KERBEROS) for protocol=interface org.apache.hadoop.ozone.protocol.ReconDatanodeProtocol
om_1        | 2020-07-04 18:54:18,401 [Socket Reader #1 for port 9862] INFO authorize.ServiceAuthorizationManager: Authorization successful for testuser/scm@EXAMPLE.COM (auth:KERBEROS) for protocol=interface org.apache.hadoop.ozone.om.protocol.OzoneManagerProtocol
scm_1       | 2020-07-04 18:45:56,726 [IPC Server listener on 9861] INFO ipc.Server: IPC Server listener on 9861: starting
datanode_3  | 2020-07-04 18:48:13,917 [java.util.concurrent.ThreadPoolExecutor$Worker@5a092c2c[State = -1, empty queue]] WARN server.GrpcLogAppender: 927d6312-b175-4597-8fc3-b072f51ad2ad@group-69B1BD08EF41->b55e7a43-5bf3-4be5-ac0d-d88eea9c7cc5-GrpcLogAppender:  appendEntries Timeout, request=AppendEntriesRequest:cid=75,entriesCount=1,lastEntry=(t:1, i:54)
kdc_1       | Jul 04 18:51:32 kdc krb5kdc[8](info): AS_REQ (8 etypes {18 17 20 19 16 23 25 26}) 172.26.0.3: ISSUE: authtime 1593888692, etypes {rep=18 tkt=18 ses=18}, testuser/scm@EXAMPLE.COM for krbtgt/EXAMPLE.COM@EXAMPLE.COM
datanode_1  | 	at org.apache.hadoop.ozone.container.keyvalue.KeyValueHandler.handleGetBlock(KeyValueHandler.java:473)
recon_1     | 2020-07-04 18:57:39,553 [Socket Reader #1 for port 9891] INFO ipc.Server: Auth successful for dn/937a95fc9aa8@EXAMPLE.COM (auth:KERBEROS)
om_1        | 2020-07-04 18:54:21,323 [Socket Reader #1 for port 9862] INFO ipc.Server: Auth successful for testuser/scm@EXAMPLE.COM (auth:KERBEROS)
scm_1       | 2020-07-04 18:45:56,771 [Listener at 0.0.0.0/9860] INFO server.SCMSecurityProtocolServer: Starting RPC server for SCMSecurityProtocolServer. is listening at /0.0.0.0:9961
datanode_3  | 2020-07-04 18:48:16,462 [java.util.concurrent.ThreadPoolExecutor$Worker@5a092c2c[State = -1, empty queue]] WARN server.GrpcLogAppender: 927d6312-b175-4597-8fc3-b072f51ad2ad@group-69B1BD08EF41->b55e7a43-5bf3-4be5-ac0d-d88eea9c7cc5-GrpcLogAppender:  appendEntries Timeout, request=AppendEntriesRequest:cid=77,entriesCount=1,lastEntry=(t:1, i:55)
kdc_1       | Jul 04 18:51:34 kdc krb5kdc[8](info): TGS_REQ (6 etypes {18 17 20 19 16 23}) 172.26.0.3: ISSUE: authtime 1593888692, etypes {rep=18 tkt=18 ses=18}, testuser/scm@EXAMPLE.COM for om/om@EXAMPLE.COM
kdc_1       | Jul 04 18:51:37 kdc krb5kdc[8](info): TGS_REQ (6 etypes {18 17 20 19 16 23}) 172.26.0.3: ISSUE: authtime 1593888692, etypes {rep=18 tkt=18 ses=18}, testuser/scm@EXAMPLE.COM for om/om@EXAMPLE.COM
recon_1     | 2020-07-04 18:57:39,558 [Socket Reader #1 for port 9891] INFO authorize.ServiceAuthorizationManager: Authorization successful for dn/937a95fc9aa8@EXAMPLE.COM (auth:KERBEROS) for protocol=interface org.apache.hadoop.ozone.protocol.ReconDatanodeProtocol
om_1        | 2020-07-04 18:54:21,340 [Socket Reader #1 for port 9862] INFO authorize.ServiceAuthorizationManager: Authorization successful for testuser/scm@EXAMPLE.COM (auth:KERBEROS) for protocol=interface org.apache.hadoop.ozone.om.protocol.OzoneManagerProtocol
scm_1       | 2020-07-04 18:45:56,790 [IPC Server Responder] INFO ipc.Server: IPC Server Responder: starting
kdc_1       | Jul 04 18:51:40 kdc krb5kdc[8](info): TGS_REQ (6 etypes {18 17 20 19 16 23}) 172.26.0.3: ISSUE: authtime 1593888692, etypes {rep=18 tkt=18 ses=18}, testuser/scm@EXAMPLE.COM for om/om@EXAMPLE.COM
datanode_1  | 	at org.apache.hadoop.ozone.container.keyvalue.KeyValueHandler.dispatchRequest(KeyValueHandler.java:181)
datanode_3  | 2020-07-04 18:48:16,473 [java.util.concurrent.ThreadPoolExecutor$Worker@5a092c2c[State = -1, empty queue]] WARN server.GrpcLogAppender: 927d6312-b175-4597-8fc3-b072f51ad2ad@group-69B1BD08EF41->b55e7a43-5bf3-4be5-ac0d-d88eea9c7cc5-GrpcLogAppender:  appendEntries Timeout, request=AppendEntriesRequest:cid=78,entriesCount=1,lastEntry=(t:1, i:56)
recon_1     | 2020-07-04 18:57:39,899 [Socket Reader #1 for port 9891] INFO ipc.Server: Auth successful for dn/1921d57fbed4@EXAMPLE.COM (auth:KERBEROS)
om_1        | 2020-07-04 18:54:24,438 [Socket Reader #1 for port 9862] INFO ipc.Server: Auth successful for testuser/scm@EXAMPLE.COM (auth:KERBEROS)
scm_1       | 2020-07-04 18:45:56,793 [IPC Server listener on 9961] INFO ipc.Server: IPC Server listener on 9961: starting
kdc_1       | Jul 04 18:51:43 kdc krb5kdc[8](info): TGS_REQ (6 etypes {18 17 20 19 16 23}) 172.26.0.3: ISSUE: authtime 1593888692, etypes {rep=18 tkt=18 ses=18}, testuser/scm@EXAMPLE.COM for om/om@EXAMPLE.COM
datanode_1  | 	at org.apache.hadoop.ozone.container.keyvalue.KeyValueHandler.handle(KeyValueHandler.java:155)
datanode_3  | 2020-07-04 18:48:16,473 [java.util.concurrent.ThreadPoolExecutor$Worker@5a092c2c[State = -1, empty queue]] WARN server.GrpcLogAppender: 927d6312-b175-4597-8fc3-b072f51ad2ad@group-69B1BD08EF41->b55e7a43-5bf3-4be5-ac0d-d88eea9c7cc5-GrpcLogAppender:  appendEntries Timeout, request=AppendEntriesRequest:cid=79,entriesCount=1,lastEntry=(t:1, i:57)
recon_1     | 2020-07-04 18:57:39,905 [Socket Reader #1 for port 9891] INFO authorize.ServiceAuthorizationManager: Authorization successful for dn/1921d57fbed4@EXAMPLE.COM (auth:KERBEROS) for protocol=interface org.apache.hadoop.ozone.protocol.ReconDatanodeProtocol
om_1        | 2020-07-04 18:54:24,452 [Socket Reader #1 for port 9862] INFO authorize.ServiceAuthorizationManager: Authorization successful for testuser/scm@EXAMPLE.COM (auth:KERBEROS) for protocol=interface org.apache.hadoop.ozone.om.protocol.OzoneManagerProtocol
scm_1       | 2020-07-04 18:45:56,804 [Listener at 0.0.0.0/9860] INFO http.HttpServer2: Jetty bound to port 9876
kdc_1       | Jul 04 18:51:46 kdc krb5kdc[8](info): TGS_REQ (6 etypes {18 17 20 19 16 23}) 172.26.0.3: ISSUE: authtime 1593888692, etypes {rep=18 tkt=18 ses=18}, testuser/scm@EXAMPLE.COM for om/om@EXAMPLE.COM
datanode_1  | 	at org.apache.hadoop.ozone.container.common.impl.HddsDispatcher.dispatchRequest(HddsDispatcher.java:304)
datanode_3  | 2020-07-04 18:48:19,031 [java.util.concurrent.ThreadPoolExecutor$Worker@5a092c2c[State = -1, empty queue]] WARN server.GrpcLogAppender: 927d6312-b175-4597-8fc3-b072f51ad2ad@group-69B1BD08EF41->b55e7a43-5bf3-4be5-ac0d-d88eea9c7cc5-GrpcLogAppender:  appendEntries Timeout, request=AppendEntriesRequest:cid=81,entriesCount=1,lastEntry=(t:1, i:58)
recon_1     | 2020-07-04 18:58:09,078 [Socket Reader #1 for port 9891] INFO ipc.Server: Auth successful for dn/4f1bab1e3b85@EXAMPLE.COM (auth:KERBEROS)
om_1        | 2020-07-04 18:54:32,216 [Socket Reader #1 for port 9862] INFO ipc.Server: Auth successful for testuser/scm@EXAMPLE.COM (auth:KERBEROS)
scm_1       | 2020-07-04 18:45:56,806 [Listener at 0.0.0.0/9860] INFO server.Server: jetty-9.4.26.v20200117; built: 2020-01-17T12:35:33.676Z; git: 7b38981d25d14afb4a12ff1f2596756144edf695; jvm 11.0.6+10-LTS
kdc_1       | Jul 04 18:51:50 kdc krb5kdc[8](info): TGS_REQ (6 etypes {18 17 20 19 16 23}) 172.26.0.3: ISSUE: authtime 1593888692, etypes {rep=18 tkt=18 ses=18}, testuser/scm@EXAMPLE.COM for om/om@EXAMPLE.COM
datanode_1  | 	at org.apache.hadoop.ozone.container.common.impl.HddsDispatcher.dispatch(HddsDispatcher.java:166)
datanode_3  | 2020-07-04 18:48:19,045 [java.util.concurrent.ThreadPoolExecutor$Worker@5a092c2c[State = -1, empty queue]] WARN server.GrpcLogAppender: 927d6312-b175-4597-8fc3-b072f51ad2ad@group-69B1BD08EF41->b55e7a43-5bf3-4be5-ac0d-d88eea9c7cc5-GrpcLogAppender:  appendEntries Timeout, request=AppendEntriesRequest:cid=82,entriesCount=1,lastEntry=(t:1, i:59)
recon_1     | 2020-07-04 18:58:09,086 [Socket Reader #1 for port 9891] INFO authorize.ServiceAuthorizationManager: Authorization successful for dn/4f1bab1e3b85@EXAMPLE.COM (auth:KERBEROS) for protocol=interface org.apache.hadoop.ozone.protocol.ReconDatanodeProtocol
om_1        | 2020-07-04 18:54:32,217 [Socket Reader #1 for port 9862] INFO authorize.ServiceAuthorizationManager: Authorization successful for testuser/scm@EXAMPLE.COM (auth:KERBEROS) for protocol=interface org.apache.hadoop.ozone.om.protocol.OzoneManagerProtocol
scm_1       | 2020-07-04 18:45:57,228 [Listener at 0.0.0.0/9860] INFO server.session: DefaultSessionIdManager workerName=node0
kdc_1       | Jul 04 18:51:53 kdc krb5kdc[8](info): TGS_REQ (6 etypes {18 17 20 19 16 23}) 172.26.0.3: ISSUE: authtime 1593888692, etypes {rep=18 tkt=18 ses=18}, testuser/scm@EXAMPLE.COM for om/om@EXAMPLE.COM
datanode_1  | 	at org.apache.hadoop.ozone.container.common.transport.server.GrpcXceiverService$1.onNext(GrpcXceiverService.java:57)
datanode_3  | 2020-07-04 18:48:19,056 [java.util.concurrent.ThreadPoolExecutor$Worker@5a092c2c[State = -1, empty queue]] WARN server.GrpcLogAppender: 927d6312-b175-4597-8fc3-b072f51ad2ad@group-69B1BD08EF41->b55e7a43-5bf3-4be5-ac0d-d88eea9c7cc5-GrpcLogAppender:  appendEntries Timeout, request=AppendEntriesRequest:cid=83,entriesCount=1,lastEntry=(t:1, i:60)
recon_1     | 2020-07-04 18:58:09,554 [Socket Reader #1 for port 9891] INFO ipc.Server: Auth successful for dn/937a95fc9aa8@EXAMPLE.COM (auth:KERBEROS)
om_1        | 2020-07-04 18:54:36,580 [Socket Reader #1 for port 9862] INFO ipc.Server: Auth successful for testuser/scm@EXAMPLE.COM (auth:KERBEROS)
scm_1       | 2020-07-04 18:45:57,228 [Listener at 0.0.0.0/9860] INFO server.session: No SessionScavenger set, using defaults
kdc_1       | Jul 04 18:51:56 kdc krb5kdc[8](info): TGS_REQ (6 etypes {18 17 20 19 16 23}) 172.26.0.3: ISSUE: authtime 1593888692, etypes {rep=18 tkt=18 ses=18}, testuser/scm@EXAMPLE.COM for om/om@EXAMPLE.COM
datanode_1  | 	at org.apache.hadoop.ozone.container.common.transport.server.GrpcXceiverService$1.onNext(GrpcXceiverService.java:50)
datanode_3  | 2020-07-04 18:48:19,069 [java.util.concurrent.ThreadPoolExecutor$Worker@5a092c2c[State = -1, empty queue]] WARN server.GrpcLogAppender: 927d6312-b175-4597-8fc3-b072f51ad2ad@group-69B1BD08EF41->b55e7a43-5bf3-4be5-ac0d-d88eea9c7cc5-GrpcLogAppender:  appendEntries Timeout, request=AppendEntriesRequest:cid=84,entriesCount=1,lastEntry=(t:1, i:61)
recon_1     | 2020-07-04 18:58:09,559 [Socket Reader #1 for port 9891] INFO authorize.ServiceAuthorizationManager: Authorization successful for dn/937a95fc9aa8@EXAMPLE.COM (auth:KERBEROS) for protocol=interface org.apache.hadoop.ozone.protocol.ReconDatanodeProtocol
om_1        | 2020-07-04 18:54:36,583 [Socket Reader #1 for port 9862] INFO authorize.ServiceAuthorizationManager: Authorization successful for testuser/scm@EXAMPLE.COM (auth:KERBEROS) for protocol=interface org.apache.hadoop.ozone.om.protocol.OzoneManagerProtocol
scm_1       | 2020-07-04 18:45:57,252 [Listener at 0.0.0.0/9860] INFO server.session: node0 Scavenging every 600000ms
kdc_1       | Jul 04 18:51:59 kdc krb5kdc[8](info): TGS_REQ (6 etypes {18 17 20 19 16 23}) 172.26.0.3: ISSUE: authtime 1593888692, etypes {rep=18 tkt=18 ses=18}, testuser/scm@EXAMPLE.COM for om/om@EXAMPLE.COM
datanode_1  | 	at org.apache.ratis.thirdparty.io.grpc.stub.ServerCalls$StreamingServerCallHandler$StreamingServerCallListener.onMessage(ServerCalls.java:251)
datanode_3  | 2020-07-04 18:48:21,613 [java.util.concurrent.ThreadPoolExecutor$Worker@5a092c2c[State = -1, empty queue]] WARN server.GrpcLogAppender: 927d6312-b175-4597-8fc3-b072f51ad2ad@group-69B1BD08EF41->b55e7a43-5bf3-4be5-ac0d-d88eea9c7cc5-GrpcLogAppender:  appendEntries Timeout, request=AppendEntriesRequest:cid=86,entriesCount=1,lastEntry=(t:1, i:62)
recon_1     | 2020-07-04 18:58:09,895 [Socket Reader #1 for port 9891] INFO ipc.Server: Auth successful for dn/1921d57fbed4@EXAMPLE.COM (auth:KERBEROS)
om_1        | 2020-07-04 18:54:44,335 [Socket Reader #1 for port 9862] INFO ipc.Server: Auth successful for testuser/scm@EXAMPLE.COM (auth:KERBEROS)
scm_1       | 2020-07-04 18:45:57,199 [Socket Reader #1 for port 9860] INFO ipc.Server: Auth successful for recon/recon@EXAMPLE.COM (auth:KERBEROS)
kdc_1       | Jul 04 18:52:02 kdc krb5kdc[8](info): TGS_REQ (6 etypes {18 17 20 19 16 23}) 172.26.0.3: ISSUE: authtime 1593888692, etypes {rep=18 tkt=18 ses=18}, testuser/scm@EXAMPLE.COM for om/om@EXAMPLE.COM
datanode_1  | 	at org.apache.ratis.thirdparty.io.grpc.ForwardingServerCallListener.onMessage(ForwardingServerCallListener.java:33)
datanode_3  | 2020-07-04 18:48:21,631 [java.util.concurrent.ThreadPoolExecutor$Worker@5a092c2c[State = -1, empty queue]] WARN server.GrpcLogAppender: 927d6312-b175-4597-8fc3-b072f51ad2ad@group-69B1BD08EF41->b55e7a43-5bf3-4be5-ac0d-d88eea9c7cc5-GrpcLogAppender:  appendEntries Timeout, request=AppendEntriesRequest:cid=87,entriesCount=1,lastEntry=(t:1, i:63)
recon_1     | 2020-07-04 18:58:09,908 [Socket Reader #1 for port 9891] INFO authorize.ServiceAuthorizationManager: Authorization successful for dn/1921d57fbed4@EXAMPLE.COM (auth:KERBEROS) for protocol=interface org.apache.hadoop.ozone.protocol.ReconDatanodeProtocol
om_1        | 2020-07-04 18:54:44,350 [Socket Reader #1 for port 9862] INFO authorize.ServiceAuthorizationManager: Authorization successful for testuser/scm@EXAMPLE.COM (auth:KERBEROS) for protocol=interface org.apache.hadoop.ozone.om.protocol.OzoneManagerProtocol
scm_1       | 2020-07-04 18:45:57,258 [Socket Reader #1 for port 9961] INFO ipc.Server: Auth successful for dn/937a95fc9aa8@EXAMPLE.COM (auth:KERBEROS)
kdc_1       | Jul 04 18:52:22 kdc krb5kdc[8](info): TGS_REQ (6 etypes {18 17 20 19 16 23}) 172.26.0.3: ISSUE: authtime 1593888692, etypes {rep=18 tkt=18 ses=18}, testuser/scm@EXAMPLE.COM for om/om@EXAMPLE.COM
datanode_1  | 	at org.apache.hadoop.hdds.tracing.GrpcServerInterceptor$1.onMessage(GrpcServerInterceptor.java:49)
datanode_3  | 2020-07-04 18:48:21,633 [java.util.concurrent.ThreadPoolExecutor$Worker@5a092c2c[State = -1, empty queue]] WARN server.GrpcLogAppender: 927d6312-b175-4597-8fc3-b072f51ad2ad@group-69B1BD08EF41->b55e7a43-5bf3-4be5-ac0d-d88eea9c7cc5-GrpcLogAppender:  appendEntries Timeout, request=AppendEntriesRequest:cid=88,entriesCount=1,lastEntry=(t:1, i:64)
recon_1     | 2020-07-04 18:58:18,092 [pool-13-thread-1] INFO impl.OzoneManagerServiceProviderImpl: Syncing data from Ozone Manager.
om_1        | 2020-07-04 18:54:47,339 [Socket Reader #1 for port 9862] INFO ipc.Server: Auth successful for testuser/scm@EXAMPLE.COM (auth:KERBEROS)
scm_1       | 2020-07-04 18:45:57,292 [Socket Reader #1 for port 9961] INFO ipc.Server: Auth successful for dn/4f1bab1e3b85@EXAMPLE.COM (auth:KERBEROS)
kdc_1       | Jul 04 18:52:27 kdc krb5kdc[8](info): TGS_REQ (6 etypes {18 17 20 19 16 23}) 172.26.0.3: ISSUE: authtime 1593888692, etypes {rep=18 tkt=18 ses=18}, testuser/scm@EXAMPLE.COM for om/om@EXAMPLE.COM
datanode_1  | 	at org.apache.ratis.thirdparty.io.grpc.internal.ServerCallImpl$ServerStreamListenerImpl.messagesAvailableInternal(ServerCallImpl.java:309)
datanode_3  | 2020-07-04 18:48:21,646 [java.util.concurrent.ThreadPoolExecutor$Worker@5a092c2c[State = -1, empty queue]] WARN server.GrpcLogAppender: 927d6312-b175-4597-8fc3-b072f51ad2ad@group-69B1BD08EF41->b55e7a43-5bf3-4be5-ac0d-d88eea9c7cc5-GrpcLogAppender:  appendEntries Timeout, request=AppendEntriesRequest:cid=89,entriesCount=1,lastEntry=(t:1, i:65)
recon_1     | 2020-07-04 18:58:18,092 [pool-13-thread-1] INFO impl.OzoneManagerServiceProviderImpl: Obtaining delta updates from Ozone Manager
om_1        | 2020-07-04 18:54:47,350 [Socket Reader #1 for port 9862] INFO authorize.ServiceAuthorizationManager: Authorization successful for testuser/scm@EXAMPLE.COM (auth:KERBEROS) for protocol=interface org.apache.hadoop.ozone.om.protocol.OzoneManagerProtocol
scm_1       | 2020-07-04 18:45:57,300 [Socket Reader #1 for port 9961] INFO ipc.Server: Auth successful for dn/1921d57fbed4@EXAMPLE.COM (auth:KERBEROS)
recon_1     | 2020-07-04 18:58:18,126 [pool-13-thread-1] INFO impl.OzoneManagerServiceProviderImpl: Number of updates received from OM : 15
kdc_1       | Jul 04 18:52:47 kdc krb5kdc[8](info): TGS_REQ (6 etypes {18 17 20 19 16 23}) 172.26.0.3: ISSUE: authtime 1593888692, etypes {rep=18 tkt=18 ses=18}, testuser/scm@EXAMPLE.COM for om/om@EXAMPLE.COM
datanode_1  | 	at org.apache.ratis.thirdparty.io.grpc.internal.ServerCallImpl$ServerStreamListenerImpl.messagesAvailable(ServerCallImpl.java:292)
datanode_3  | 2020-07-04 18:48:24,184 [java.util.concurrent.ThreadPoolExecutor$Worker@5a092c2c[State = -1, empty queue]] WARN server.GrpcLogAppender: 927d6312-b175-4597-8fc3-b072f51ad2ad@group-69B1BD08EF41->b55e7a43-5bf3-4be5-ac0d-d88eea9c7cc5-GrpcLogAppender:  appendEntries Timeout, request=AppendEntriesRequest:cid=91,entriesCount=1,lastEntry=(t:1, i:66)
om_1        | 2020-07-04 18:54:47,489 [Socket Reader #1 for port 9862] INFO ipc.Server: Auth successful for testuser/scm@EXAMPLE.COM (auth:KERBEROS)
recon_1     | 2020-07-04 18:58:18,131 [pool-14-thread-1] INFO tasks.ContainerKeyMapperTask: ContainerKeyMapperTask successfully processed 6 OM DB update event(s).
scm_1       | 2020-07-04 18:45:57,330 [Socket Reader #1 for port 9961] INFO authorize.ServiceAuthorizationManager: Authorization successful for dn/937a95fc9aa8@EXAMPLE.COM (auth:KERBEROS) for protocol=interface org.apache.hadoop.hdds.protocol.SCMSecurityProtocol
kdc_1       | Jul 04 18:52:52 kdc krb5kdc[8](info): TGS_REQ (6 etypes {18 17 20 19 16 23}) 172.26.0.3: ISSUE: authtime 1593888692, etypes {rep=18 tkt=18 ses=18}, testuser/scm@EXAMPLE.COM for om/om@EXAMPLE.COM
datanode_1  | 	at org.apache.ratis.thirdparty.io.grpc.internal.ServerImpl$JumpToApplicationThreadServerStreamListener$1MessagesAvailable.runInContext(ServerImpl.java:782)
datanode_1  | 	at org.apache.ratis.thirdparty.io.grpc.internal.ContextRunnable.run(ContextRunnable.java:37)
om_1        | 2020-07-04 18:54:47,497 [Socket Reader #1 for port 9862] INFO authorize.ServiceAuthorizationManager: Authorization successful for testuser/scm@EXAMPLE.COM (auth:KERBEROS) for protocol=interface org.apache.hadoop.ozone.om.protocol.OzoneManagerProtocol
recon_1     | 2020-07-04 18:58:18,160 [pool-14-thread-1] INFO tasks.FileSizeCountTask: Completed a 'process' run of FileSizeCountTask.
scm_1       | 2020-07-04 18:45:57,350 [Socket Reader #1 for port 9961] INFO authorize.ServiceAuthorizationManager: Authorization successful for dn/4f1bab1e3b85@EXAMPLE.COM (auth:KERBEROS) for protocol=interface org.apache.hadoop.hdds.protocol.SCMSecurityProtocol
kdc_1       | Jul 04 18:52:55 kdc krb5kdc[8](info): TGS_REQ (6 etypes {18 17 20 19 16 23}) 172.26.0.3: ISSUE: authtime 1593888692, etypes {rep=18 tkt=18 ses=18}, testuser/scm@EXAMPLE.COM for om/om@EXAMPLE.COM
datanode_1  | 	at org.apache.ratis.thirdparty.io.grpc.internal.SerializingExecutor.run(SerializingExecutor.java:123)
datanode_3  | 2020-07-04 18:48:24,194 [java.util.concurrent.ThreadPoolExecutor$Worker@5a092c2c[State = -1, empty queue]] WARN server.GrpcLogAppender: 927d6312-b175-4597-8fc3-b072f51ad2ad@group-69B1BD08EF41->b55e7a43-5bf3-4be5-ac0d-d88eea9c7cc5-GrpcLogAppender:  appendEntries Timeout, request=AppendEntriesRequest:cid=92,entriesCount=1,lastEntry=(t:1, i:67)
om_1        | 2020-07-04 18:54:50,416 [Socket Reader #1 for port 9862] INFO ipc.Server: Auth successful for testuser/scm@EXAMPLE.COM (auth:KERBEROS)
recon_1     | 2020-07-04 18:58:39,073 [Socket Reader #1 for port 9891] INFO ipc.Server: Auth successful for dn/4f1bab1e3b85@EXAMPLE.COM (auth:KERBEROS)
scm_1       | 2020-07-04 18:45:57,355 [Socket Reader #1 for port 9961] INFO authorize.ServiceAuthorizationManager: Authorization successful for dn/1921d57fbed4@EXAMPLE.COM (auth:KERBEROS) for protocol=interface org.apache.hadoop.hdds.protocol.SCMSecurityProtocol
scm_1       | 2020-07-04 18:45:57,360 [Socket Reader #1 for port 9860] INFO authorize.ServiceAuthorizationManager: Authorization successful for recon/recon@EXAMPLE.COM (auth:KERBEROS) for protocol=interface org.apache.hadoop.hdds.scm.protocol.StorageContainerLocationProtocol
datanode_1  | 	at java.base/java.util.concurrent.ThreadPoolExecutor.runWorker(ThreadPoolExecutor.java:1128)
datanode_3  | 2020-07-04 18:48:24,197 [java.util.concurrent.ThreadPoolExecutor$Worker@5a092c2c[State = -1, empty queue]] WARN server.GrpcLogAppender: 927d6312-b175-4597-8fc3-b072f51ad2ad@group-69B1BD08EF41->b55e7a43-5bf3-4be5-ac0d-d88eea9c7cc5-GrpcLogAppender:  appendEntries Timeout, request=AppendEntriesRequest:cid=93,entriesCount=1,lastEntry=(t:1, i:68)
om_1        | 2020-07-04 18:54:50,436 [Socket Reader #1 for port 9862] INFO authorize.ServiceAuthorizationManager: Authorization successful for testuser/scm@EXAMPLE.COM (auth:KERBEROS) for protocol=interface org.apache.hadoop.ozone.om.protocol.OzoneManagerProtocol
recon_1     | 2020-07-04 18:58:39,084 [Socket Reader #1 for port 9891] INFO authorize.ServiceAuthorizationManager: Authorization successful for dn/4f1bab1e3b85@EXAMPLE.COM (auth:KERBEROS) for protocol=interface org.apache.hadoop.ozone.protocol.ReconDatanodeProtocol
scm_1       | 2020-07-04 18:45:57,384 [Socket Reader #1 for port 9863] INFO ipc.Server: Auth successful for om/om@EXAMPLE.COM (auth:KERBEROS)
kdc_1       | Jul 04 18:52:58 kdc krb5kdc[8](info): TGS_REQ (6 etypes {18 17 20 19 16 23}) 172.26.0.3: ISSUE: authtime 1593888692, etypes {rep=18 tkt=18 ses=18}, testuser/scm@EXAMPLE.COM for om/om@EXAMPLE.COM
datanode_1  | 	at java.base/java.util.concurrent.ThreadPoolExecutor$Worker.run(ThreadPoolExecutor.java:628)
datanode_3  | 2020-07-04 18:48:24,208 [java.util.concurrent.ThreadPoolExecutor$Worker@5a092c2c[State = -1, empty queue]] WARN server.GrpcLogAppender: 927d6312-b175-4597-8fc3-b072f51ad2ad@group-69B1BD08EF41->b55e7a43-5bf3-4be5-ac0d-d88eea9c7cc5-GrpcLogAppender:  appendEntries Timeout, request=AppendEntriesRequest:cid=94,entriesCount=1,lastEntry=(t:1, i:69)
om_1        | 2020-07-04 18:54:53,611 [Socket Reader #1 for port 9862] INFO ipc.Server: Auth successful for testuser/scm@EXAMPLE.COM (auth:KERBEROS)
recon_1     | 2020-07-04 18:58:39,552 [Socket Reader #1 for port 9891] INFO ipc.Server: Auth successful for dn/937a95fc9aa8@EXAMPLE.COM (auth:KERBEROS)
scm_1       | 2020-07-04 18:45:57,399 [Listener at 0.0.0.0/9860] INFO server.KerberosAuthenticationHandler: Using keytab /etc/security/keytabs/HTTP.keytab, for principal HTTP/scm@EXAMPLE.COM
kdc_1       | Jul 04 18:53:18 kdc krb5kdc[8](info): TGS_REQ (6 etypes {18 17 20 19 16 23}) 172.26.0.3: ISSUE: authtime 1593888692, etypes {rep=18 tkt=18 ses=18}, testuser/scm@EXAMPLE.COM for om/om@EXAMPLE.COM
datanode_1  | 	at java.base/java.lang.Thread.run(Thread.java:834)
datanode_3  | 2020-07-04 18:48:26,759 [java.util.concurrent.ThreadPoolExecutor$Worker@5a092c2c[State = -1, empty queue]] WARN server.GrpcLogAppender: 927d6312-b175-4597-8fc3-b072f51ad2ad@group-69B1BD08EF41->b55e7a43-5bf3-4be5-ac0d-d88eea9c7cc5-GrpcLogAppender:  appendEntries Timeout, request=AppendEntriesRequest:cid=96,entriesCount=1,lastEntry=(t:1, i:70)
om_1        | 2020-07-04 18:54:53,628 [Socket Reader #1 for port 9862] INFO authorize.ServiceAuthorizationManager: Authorization successful for testuser/scm@EXAMPLE.COM (auth:KERBEROS) for protocol=interface org.apache.hadoop.ozone.om.protocol.OzoneManagerProtocol
recon_1     | 2020-07-04 18:58:39,558 [Socket Reader #1 for port 9891] INFO authorize.ServiceAuthorizationManager: Authorization successful for dn/937a95fc9aa8@EXAMPLE.COM (auth:KERBEROS) for protocol=interface org.apache.hadoop.ozone.protocol.ReconDatanodeProtocol
scm_1       | 2020-07-04 18:45:57,403 [Listener at 0.0.0.0/9860] INFO handler.ContextHandler: Started o.e.j.s.ServletContextHandler@226e07e7{logs,/logs,file:///var/log/hadoop/,AVAILABLE}
kdc_1       | Jul 04 18:53:23 kdc krb5kdc[8](info): TGS_REQ (6 etypes {18 17 20 19 16 23}) 172.26.0.3: ISSUE: authtime 1593888692, etypes {rep=18 tkt=18 ses=18}, testuser/scm@EXAMPLE.COM for om/om@EXAMPLE.COM
datanode_1  | 2020-07-04 18:56:53,590 [grpc-default-executor-0] INFO keyvalue.KeyValueHandler: Operation: GetBlock , Trace ID:  , Message: Unable to find the block with bcsID 285 .Container 1 bcsId is 127. , Result: UNKNOWN_BCSID , StorageContainerException Occurred.
datanode_3  | 2020-07-04 18:48:26,759 [java.util.concurrent.ThreadPoolExecutor$Worker@5a092c2c[State = -1, empty queue]] WARN server.GrpcLogAppender: 927d6312-b175-4597-8fc3-b072f51ad2ad@group-69B1BD08EF41->b55e7a43-5bf3-4be5-ac0d-d88eea9c7cc5-GrpcLogAppender:  appendEntries Timeout, request=AppendEntriesRequest:cid=97,entriesCount=1,lastEntry=(t:1, i:71)
om_1        | 2020-07-04 18:54:56,509 [Socket Reader #1 for port 9862] INFO ipc.Server: Auth successful for testuser/scm@EXAMPLE.COM (auth:KERBEROS)
recon_1     | 2020-07-04 18:58:39,894 [Socket Reader #1 for port 9891] INFO ipc.Server: Auth successful for dn/1921d57fbed4@EXAMPLE.COM (auth:KERBEROS)
scm_1       | 2020-07-04 18:45:57,411 [Socket Reader #1 for port 9863] INFO authorize.ServiceAuthorizationManager: Authorization successful for om/om@EXAMPLE.COM (auth:KERBEROS) for protocol=interface org.apache.hadoop.hdds.scm.protocol.ScmBlockLocationProtocol
kdc_1       | Jul 04 18:53:26 kdc krb5kdc[8](info): TGS_REQ (6 etypes {18 17 20 19 16 23}) 172.26.0.3: ISSUE: authtime 1593888692, etypes {rep=18 tkt=18 ses=18}, testuser/scm@EXAMPLE.COM for om/om@EXAMPLE.COM
datanode_1  | org.apache.hadoop.hdds.scm.container.common.helpers.StorageContainerException: Unable to find the block with bcsID 285 .Container 1 bcsId is 127.
datanode_3  | 2020-07-04 18:48:26,767 [java.util.concurrent.ThreadPoolExecutor$Worker@5a092c2c[State = -1, empty queue]] WARN server.GrpcLogAppender: 927d6312-b175-4597-8fc3-b072f51ad2ad@group-69B1BD08EF41->b55e7a43-5bf3-4be5-ac0d-d88eea9c7cc5-GrpcLogAppender:  appendEntries Timeout, request=AppendEntriesRequest:cid=98,entriesCount=1,lastEntry=(t:1, i:72)
datanode_3  | 2020-07-04 18:48:26,777 [java.util.concurrent.ThreadPoolExecutor$Worker@5a092c2c[State = -1, empty queue]] WARN server.GrpcLogAppender: 927d6312-b175-4597-8fc3-b072f51ad2ad@group-69B1BD08EF41->b55e7a43-5bf3-4be5-ac0d-d88eea9c7cc5-GrpcLogAppender:  appendEntries Timeout, request=AppendEntriesRequest:cid=99,entriesCount=1,lastEntry=(t:1, i:73)
recon_1     | 2020-07-04 18:58:39,907 [Socket Reader #1 for port 9891] INFO authorize.ServiceAuthorizationManager: Authorization successful for dn/1921d57fbed4@EXAMPLE.COM (auth:KERBEROS) for protocol=interface org.apache.hadoop.ozone.protocol.ReconDatanodeProtocol
scm_1       | 2020-07-04 18:45:57,419 [Listener at 0.0.0.0/9860] INFO handler.ContextHandler: Started o.e.j.s.ServletContextHandler@57b63253{static,/static,jar:file:/opt/hadoop/share/ozone/lib/hadoop-hdds-server-scm-0.6.0-SNAPSHOT.jar!/webapps/static,AVAILABLE}
kdc_1       | Jul 04 18:53:28 kdc krb5kdc[8](info): TGS_REQ (6 etypes {18 17 20 19 16 23}) 172.26.0.3: ISSUE: authtime 1593888692, etypes {rep=18 tkt=18 ses=18}, testuser/scm@EXAMPLE.COM for om/om@EXAMPLE.COM
