datanode_3  | 2020-07-27 01:16:22,602 [pool-19-thread-1] INFO segmented.SegmentedRaftLogWorker: 049cb58c-d205-4f90-a803-ee8758f93325@group-911A6C7098D3-SegmentedRaftLogWorker: safeCacheEvictIndex: setUnconditionally 0 -> -1
scm_1       | 	at org.apache.hadoop.ipc.Server$Connection.access$300(Server.java:1762)
scm_1       | 	at org.apache.hadoop.ipc.Server$RpcCall.doResponse(Server.java:1081)
datanode_1  | uuid128 {
recon_1     | 2020-07-27 01:27:24,892 [pool-11-thread-1] INFO impl.OzoneManagerServiceProviderImpl: Number of updates received from OM : 16
s3g_1       | 	at org.glassfish.jersey.server.ServerRuntime.process(ServerRuntime.java:256)
datanode_3  | 2020-07-27 01:16:22,602 [pool-19-thread-1] INFO server.RaftServerConfigKeys: raft.server.snapshot.auto.trigger.enabled = true (custom)
scm_1       | 	at org.apache.hadoop.ipc.Server$Call.doResponse(Server.java:873)
om_1        | 2020-07-27 01:25:34,085 [IPC Server handler 12 on default port 9862] INFO volume.OMVolumeCreateRequest: created volume:ufxbv for user:hadoop
datanode_1  |   mostSigBits: 1675219199570627309
recon_1     | 2020-07-27 01:27:24,906 [pool-12-thread-1] INFO tasks.ContainerKeyMapperTask: ContainerKeyMapperTask successfully processed 7 OM DB update event(s).
s3g_1       | 	at org.glassfish.jersey.server.ApplicationHandler.handle(ApplicationHandler.java:703)
datanode_3  | 2020-07-27 01:16:22,602 [pool-19-thread-1] INFO server.RaftServerConfigKeys: raft.server.snapshot.auto.trigger.threshold = 10000 (custom)
scm_1       | 	at org.apache.hadoop.ipc.Server$Call.sendResponse(Server.java:859)
om_1        | 2020-07-27 01:26:38,510 [IPC Server handler 78 on default port 9862] INFO volume.OMVolumeCreateRequest: created volume:fstest1 for user:hadoop
datanode_1  |   leastSigBits: -8073799830300287815
recon_1     | 2020-07-27 01:27:24,927 [pool-12-thread-1] INFO tasks.FileSizeCountTask: Completed a 'process' run of FileSizeCountTask.
s3g_1       | 	at org.glassfish.jersey.servlet.WebComponent.serviceImpl(WebComponent.java:416)
s3g_1       | 	at org.glassfish.jersey.servlet.WebComponent.service(WebComponent.java:370)
scm_1       | 	at org.apache.hadoop.ipc.Server$RpcCall.run(Server.java:1016)
om_1        | 2020-07-27 01:26:40,873 [IPC Server handler 90 on default port 9862] INFO volume.OMVolumeCreateRequest: created volume:fstest2 for user:hadoop
datanode_1  | }
recon_1     | 2020-07-27 01:28:24,931 [pool-11-thread-1] INFO impl.OzoneManagerServiceProviderImpl: Syncing data from Ozone Manager.
s3g_1       | 	at org.glassfish.jersey.servlet.ServletContainer.service(ServletContainer.java:389)
datanode_3  | 2020-07-27 01:16:22,607 [pool-19-thread-1] INFO server.RaftServerConfigKeys: raft.server.snapshot.retention.file.num = 5 (custom)
scm_1       | 	at org.apache.hadoop.ipc.Server$RpcCall.run(Server.java:927)
om_1        | 2020-07-27 01:26:43,247 [IPC Server handler 22 on default port 9862] INFO volume.OMVolumeCreateRequest: created volume:fstest1-src for user:hadoop
datanode_1  | .
recon_1     | 2020-07-27 01:28:24,931 [pool-11-thread-1] INFO impl.OzoneManagerServiceProviderImpl: Obtaining delta updates from Ozone Manager
s3g_1       | 	at org.glassfish.jersey.servlet.ServletContainer.service(ServletContainer.java:342)
datanode_3  | 2020-07-27 01:16:22,607 [pool-19-thread-1] INFO server.RaftServerConfigKeys: raft.server.log.purge.upto.snapshot.index = false (default)
scm_1       | 	at java.base/java.security.AccessController.doPrivileged(Native Method)
om_1        | 2020-07-27 01:26:45,621 [IPC Server handler 76 on default port 9862] INFO volume.OMVolumeCreateRequest: created volume:fstest2-src for user:hadoop
datanode_1  | 2020-07-27 01:16:21,353 [Command processor thread] INFO impl.RaftServerProxy: d827362c-8092-4b3a-8ed7-ce1b50249841: addNew group-911A6C7098D3:[fd0af4ce-9605-4cba-bb56-a16d05501772:172.23.0.4:9858, d827362c-8092-4b3a-8ed7-ce1b50249841:172.23.0.5:9858, 049cb58c-d205-4f90-a803-ee8758f93325:172.23.0.2:9858] returns group-911A6C7098D3:java.util.concurrent.CompletableFuture@58f8cd13[Not completed]
recon_1     | 2020-07-27 01:28:24,944 [pool-11-thread-1] INFO impl.OzoneManagerServiceProviderImpl: Number of updates received from OM : 18
s3g_1       | 	at org.glassfish.jersey.servlet.ServletContainer.service(ServletContainer.java:229)
datanode_3  | 2020-07-27 01:16:22,608 [pool-19-thread-1] INFO server.RaftServerConfigKeys: raft.server.retrycache.expirytime = 600000ms (custom)
scm_1       | 	at java.base/javax.security.auth.Subject.doAs(Subject.java:423)
om_1        | 2020-07-27 01:29:19,678 [IPC Server handler 4 on default port 9862] ERROR volume.OMVolumeCreateRequest: Volume creation failed for user:hadoop volume:fstest1
datanode_1  | 2020-07-27 01:16:21,426 [pool-19-thread-1] INFO impl.RaftServerImpl: d827362c-8092-4b3a-8ed7-ce1b50249841: new RaftServerImpl for group-911A6C7098D3:[fd0af4ce-9605-4cba-bb56-a16d05501772:172.23.0.4:9858, d827362c-8092-4b3a-8ed7-ce1b50249841:172.23.0.5:9858, 049cb58c-d205-4f90-a803-ee8758f93325:172.23.0.2:9858] with ContainerStateMachine:uninitialized
recon_1     | 2020-07-27 01:28:24,959 [pool-12-thread-1] INFO tasks.ContainerKeyMapperTask: ContainerKeyMapperTask successfully processed 17 OM DB update event(s).
s3g_1       | 	at org.eclipse.jetty.servlet.ServletHolder$NotAsyncServlet.service(ServletHolder.java:1395)
datanode_3  | 2020-07-27 01:16:22,608 [pool-19-thread-1] INFO metrics.RatisMetrics: Creating Metrics Registry : ratis.leader_election.049cb58c-d205-4f90-a803-ee8758f93325@group-911A6C7098D3
scm_1       | 	at org.apache.hadoop.security.UserGroupInformation.doAs(UserGroupInformation.java:1730)
om_1        | VOLUME_ALREADY_EXISTS org.apache.hadoop.ozone.om.exceptions.OMException: Volume already exists
datanode_1  | 2020-07-27 01:16:21,428 [pool-19-thread-1] INFO server.RaftServerConfigKeys: raft.server.rpc.timeout.min = 5s (custom)
recon_1     | 2020-07-27 01:28:24,977 [pool-12-thread-1] INFO tasks.FileSizeCountTask: Completed a 'process' run of FileSizeCountTask.
s3g_1       | 	at org.eclipse.jetty.servlet.ServletHolder.handle(ServletHolder.java:755)
datanode_3  | 2020-07-27 01:16:22,609 [pool-19-thread-1] INFO metrics.RatisMetrics: Creating Metrics Registry : ratis.server.049cb58c-d205-4f90-a803-ee8758f93325@group-911A6C7098D3
scm_1       | 	at org.apache.hadoop.ipc.Server$Handler.run(Server.java:2915)
om_1        | 	at org.apache.hadoop.ozone.om.request.volume.OMVolumeCreateRequest.validateAndUpdateCache(OMVolumeCreateRequest.java:153)
datanode_1  | 2020-07-27 01:16:21,428 [pool-19-thread-1] INFO server.RaftServerConfigKeys: raft.server.rpc.timeout.max = 5200ms (custom)
recon_1     | 2020-07-27 01:29:24,983 [pool-11-thread-1] INFO impl.OzoneManagerServiceProviderImpl: Syncing data from Ozone Manager.
s3g_1       | 	at org.eclipse.jetty.servlet.ServletHandler$CachedChain.doFilter(ServletHandler.java:1617)
s3g_1       | 	at org.apache.hadoop.ozone.s3.RootPageDisplayFilter.doFilter(RootPageDisplayFilter.java:53)
scm_1       | 2020-07-27 01:16:17,958 [IPC Server handler 20 on default port 9861] INFO net.NetworkTopology: Added a new node: /default-rack/d827362c-8092-4b3a-8ed7-ce1b50249841
om_1        | 	at org.apache.hadoop.ozone.protocolPB.OzoneManagerRequestHandler.handleWriteRequest(OzoneManagerRequestHandler.java:227)
datanode_1  | 2020-07-27 01:16:21,429 [pool-19-thread-1] INFO server.RaftServerConfigKeys: raft.server.rpcslowness.timeout = 300s (custom)
recon_1     | 2020-07-27 01:29:24,983 [pool-11-thread-1] INFO impl.OzoneManagerServiceProviderImpl: Obtaining delta updates from Ozone Manager
s3g_1       | 	at org.eclipse.jetty.servlet.ServletHandler$CachedChain.doFilter(ServletHandler.java:1596)
datanode_3  | 2020-07-27 01:16:22,669 [pool-19-thread-1] INFO impl.RaftServerImpl: 049cb58c-d205-4f90-a803-ee8758f93325@group-911A6C7098D3: start as a follower, conf=-1: [fd0af4ce-9605-4cba-bb56-a16d05501772:172.23.0.4:9858, d827362c-8092-4b3a-8ed7-ce1b50249841:172.23.0.5:9858, 049cb58c-d205-4f90-a803-ee8758f93325:172.23.0.2:9858], old=null
scm_1       | 2020-07-27 01:16:17,969 [IPC Server handler 20 on default port 9861] INFO node.SCMNodeManager: Registered Data node : d827362c-8092-4b3a-8ed7-ce1b50249841{ip: 172.23.0.5, host: ozone_datanode_1.ozone_default, networkLocation: /default-rack, certSerialId: null}
om_1        | 	at org.apache.hadoop.ozone.protocolPB.OzoneManagerProtocolServerSideTranslatorPB.submitRequestDirectlyToOM(OzoneManagerProtocolServerSideTranslatorPB.java:224)
datanode_1  | 2020-07-27 01:16:21,429 [pool-19-thread-1] INFO server.RaftServerConfigKeys: raft.server.sleep.deviation.threshold = 300 (default)
recon_1     | 2020-07-27 01:29:24,993 [pool-11-thread-1] INFO impl.OzoneManagerServiceProviderImpl: Number of updates received from OM : 29
s3g_1       | 	at org.apache.hadoop.hdds.server.http.HttpServer2$QuotingInputFilter.doFilter(HttpServer2.java:1645)
datanode_3  | 2020-07-27 01:16:22,669 [pool-19-thread-1] INFO impl.RaftServerImpl: 049cb58c-d205-4f90-a803-ee8758f93325@group-911A6C7098D3: changes role from      null to FOLLOWER at term 0 for startAsFollower
scm_1       | 2020-07-27 01:16:18,039 [EventQueue-NodeRegistrationContainerReportForDataNodeSafeModeRule] INFO safemode.SCMSafeModeManager: SCM in safe mode. 1 DataNodes registered, 3 required.
om_1        | 	at org.apache.hadoop.ozone.protocolPB.OzoneManagerProtocolServerSideTranslatorPB.processRequest(OzoneManagerProtocolServerSideTranslatorPB.java:145)
datanode_1  | 2020-07-27 01:16:21,429 [pool-19-thread-1] INFO server.RaftServerConfigKeys: raft.server.log.appender.install.snapshot.enabled = false (custom)
recon_1     | 2020-07-27 01:29:25,011 [pool-12-thread-1] INFO tasks.ContainerKeyMapperTask: ContainerKeyMapperTask successfully processed 24 OM DB update event(s).
s3g_1       | 	at org.eclipse.jetty.servlet.ServletHandler$CachedChain.doFilter(ServletHandler.java:1604)
datanode_3  | 2020-07-27 01:16:22,669 [pool-19-thread-1] INFO impl.RoleInfo: 049cb58c-d205-4f90-a803-ee8758f93325: start FollowerState
scm_1       | 2020-07-27 01:16:18,039 [EventQueue-NodeRegistrationContainerReportForContainerSafeModeRule] INFO safemode.SCMSafeModeManager: ContainerSafeModeRule rule is successfully validated
om_1        | 	at org.apache.hadoop.hdds.server.OzoneProtocolMessageDispatcher.processRequest(OzoneProtocolMessageDispatcher.java:74)
datanode_1  | 2020-07-27 01:16:21,429 [pool-19-thread-1] INFO impl.RaftServerImpl: d827362c-8092-4b3a-8ed7-ce1b50249841@group-911A6C7098D3: ConfigurationManager, init=-1: [fd0af4ce-9605-4cba-bb56-a16d05501772:172.23.0.4:9858, d827362c-8092-4b3a-8ed7-ce1b50249841:172.23.0.5:9858, 049cb58c-d205-4f90-a803-ee8758f93325:172.23.0.2:9858], old=null, confs=<EMPTY_MAP>
recon_1     | 2020-07-27 01:29:25,037 [pool-12-thread-1] INFO tasks.FileSizeCountTask: Completed a 'process' run of FileSizeCountTask.
s3g_1       | 	at org.apache.hadoop.hdds.server.http.NoCacheFilter.doFilter(NoCacheFilter.java:48)
datanode_3  | 2020-07-27 01:16:22,669 [pool-19-thread-1] INFO util.JmxRegister: Successfully registered JMX Bean with object name Ratis:service=RaftServer,group=group-911A6C7098D3,id=049cb58c-d205-4f90-a803-ee8758f93325
scm_1       | 2020-07-27 01:16:18,150 [RatisPipelineUtilsThread] INFO pipeline.RatisPipelineProvider: Sending CreatePipelineCommand for pipeline:PipelineID=173f92fc-7f52-4aed-8ff4-19d4c7579cb9 to datanode:d827362c-8092-4b3a-8ed7-ce1b50249841
om_1        | 	at org.apache.hadoop.ozone.protocolPB.OzoneManagerProtocolServerSideTranslatorPB.submitRequest(OzoneManagerProtocolServerSideTranslatorPB.java:113)
recon_1     | 2020-07-27 01:30:24,068 [ContainerHealthTask] INFO fsck.ContainerHealthTask: Container Health task thread took 1 milliseconds to process 0 existing database records.
datanode_1  | 2020-07-27 01:16:21,430 [pool-19-thread-1] INFO server.RaftServerConfigKeys: raft.server.storage.dir = [/data/metadata/ratis] (custom)
s3g_1       | 	at org.eclipse.jetty.servlet.ServletHandler$CachedChain.doFilter(ServletHandler.java:1604)
datanode_3  | 2020-07-27 01:16:22,670 [pool-19-thread-1] INFO metrics.RatisMetrics: Creating Metrics Registry : ratis.state_machine.049cb58c-d205-4f90-a803-ee8758f93325@group-911A6C7098D3
scm_1       | 2020-07-27 01:16:18,218 [RatisPipelineUtilsThread] INFO pipeline.PipelineStateManager: Created pipeline Pipeline[ Id: 173f92fc-7f52-4aed-8ff4-19d4c7579cb9, Nodes: d827362c-8092-4b3a-8ed7-ce1b50249841{ip: 172.23.0.5, host: ozone_datanode_1.ozone_default, networkLocation: /default-rack, certSerialId: null}, Type:RATIS, Factor:ONE, State:ALLOCATED, leaderId:, CreationTimestamp2020-07-27T01:16:18.134982Z]
om_1        | 	at org.apache.hadoop.ozone.protocol.proto.OzoneManagerProtocolProtos$OzoneManagerService$2.callBlockingMethod(OzoneManagerProtocolProtos.java)
recon_1     | 2020-07-27 01:30:24,073 [ContainerHealthTask] INFO fsck.ContainerHealthTask: Container Health task thread took 5 milliseconds for processing 1 containers.
datanode_1  | 2020-07-27 01:16:21,430 [pool-19-thread-1] INFO server.RaftServerConfigKeys: raft.server.log.corruption.policy = EXCEPTION (default)
s3g_1       | 	at org.eclipse.jetty.servlet.ServletHandler.doHandle(ServletHandler.java:545)
datanode_3  | 2020-07-27 01:16:23,923 [Command processor thread] INFO commandhandler.CreatePipelineCommandHandler: Created Pipeline RATIS THREE #id: "69ab0f71-979b-4f32-abe3-911a6c7098d3"
scm_1       | 2020-07-27 01:16:18,226 [RatisPipelineUtilsThread] ERROR pipeline.SCMPipelineManager: Failed to create pipeline of type RATIS and factor ONE. Exception: Cannot create pipeline of factor 1 using 0 nodes. Used 1 nodes. Healthy nodes 1
om_1        | 	at org.apache.hadoop.ipc.ProtobufRpcEngine$Server$ProtoBufRpcInvoker.call(ProtobufRpcEngine.java:528)
recon_1     | 2020-07-27 01:30:25,048 [pool-11-thread-1] INFO impl.OzoneManagerServiceProviderImpl: Syncing data from Ozone Manager.
datanode_1  | 2020-07-27 01:16:21,430 [pool-19-thread-1] INFO storage.RaftStorageDirectory: The storage directory /data/metadata/ratis/69ab0f71-979b-4f32-abe3-911a6c7098d3 does not exist. Creating ...
s3g_1       | 	at org.eclipse.jetty.server.handler.ScopedHandler.handle(ScopedHandler.java:143)
datanode_3  | uuid128 {
scm_1       | 2020-07-27 01:16:18,602 [IPC Server handler 0 on default port 9861] INFO net.NetworkTopology: Added a new node: /default-rack/fd0af4ce-9605-4cba-bb56-a16d05501772
om_1        | 	at org.apache.hadoop.ipc.RPC$Server.call(RPC.java:1070)
recon_1     | 2020-07-27 01:30:25,048 [pool-11-thread-1] INFO impl.OzoneManagerServiceProviderImpl: Obtaining delta updates from Ozone Manager
datanode_1  | 2020-07-27 01:16:21,444 [pool-19-thread-1] INFO storage.RaftStorageDirectory: Lock on /data/metadata/ratis/69ab0f71-979b-4f32-abe3-911a6c7098d3/in_use.lock acquired by nodename 6@d9b4dd9bc409
s3g_1       | 	at org.eclipse.jetty.security.SecurityHandler.handle(SecurityHandler.java:590)
datanode_3  |   mostSigBits: 7614196575549214514
scm_1       | 2020-07-27 01:16:18,603 [IPC Server handler 0 on default port 9861] INFO node.SCMNodeManager: Registered Data node : fd0af4ce-9605-4cba-bb56-a16d05501772{ip: 172.23.0.4, host: ozone_datanode_2.ozone_default, networkLocation: /default-rack, certSerialId: null}
om_1        | 	at org.apache.hadoop.ipc.Server$RpcCall.run(Server.java:999)
recon_1     | 2020-07-27 01:30:25,068 [pool-11-thread-1] INFO impl.OzoneManagerServiceProviderImpl: Number of updates received from OM : 15
datanode_1  | 2020-07-27 01:16:21,449 [pool-19-thread-1] INFO storage.RaftStorage: Storage directory /data/metadata/ratis/69ab0f71-979b-4f32-abe3-911a6c7098d3 has been successfully formatted.
s3g_1       | 	at org.eclipse.jetty.server.handler.HandlerWrapper.handle(HandlerWrapper.java:127)
datanode_3  |   leastSigBits: -6060841130836059949
scm_1       | 2020-07-27 01:16:18,604 [EventQueue-NodeRegistrationContainerReportForDataNodeSafeModeRule] INFO safemode.SCMSafeModeManager: SCM in safe mode. 2 DataNodes registered, 3 required.
om_1        | 	at org.apache.hadoop.ipc.Server$RpcCall.run(Server.java:927)
recon_1     | 2020-07-27 01:30:25,079 [pool-12-thread-1] INFO tasks.ContainerKeyMapperTask: ContainerKeyMapperTask successfully processed 15 OM DB update event(s).
datanode_1  | 2020-07-27 01:16:21,450 [pool-19-thread-1] INFO ratis.ContainerStateMachine: group-911A6C7098D3: The snapshot info is null. Setting the last applied indexto:(t:0, i:~)
s3g_1       | 	at org.eclipse.jetty.server.handler.ScopedHandler.nextHandle(ScopedHandler.java:235)
datanode_3  | }
scm_1       | 2020-07-27 01:16:18,604 [EventQueue-NodeRegistrationContainerReportForContainerSafeModeRule] INFO safemode.SCMSafeModeManager: ContainerSafeModeRule rule is successfully validated
om_1        | 	at java.base/java.security.AccessController.doPrivileged(Native Method)
recon_1     | 2020-07-27 01:30:25,088 [pool-12-thread-1] INFO tasks.FileSizeCountTask: Completed a 'process' run of FileSizeCountTask.
datanode_1  | 2020-07-27 01:16:21,450 [pool-19-thread-1] INFO server.RaftServerConfigKeys: raft.server.notification.no-leader.timeout = 300s (custom)
s3g_1       | 	at org.eclipse.jetty.server.session.SessionHandler.doHandle(SessionHandler.java:1607)
datanode_3  | .
scm_1       | 2020-07-27 01:16:18,607 [RatisPipelineUtilsThread] INFO pipeline.RatisPipelineProvider: Sending CreatePipelineCommand for pipeline:PipelineID=57140d50-7eca-41c1-bb5e-021e176a3503 to datanode:fd0af4ce-9605-4cba-bb56-a16d05501772
om_1        | 	at java.base/javax.security.auth.Subject.doAs(Subject.java:423)
recon_1     | 2020-07-27 01:31:25,095 [pool-11-thread-1] INFO impl.OzoneManagerServiceProviderImpl: Syncing data from Ozone Manager.
datanode_1  | 2020-07-27 01:16:21,450 [pool-19-thread-1] INFO server.RaftServerConfigKeys: raft.server.log.use.memory = false (default)
s3g_1       | 	at org.eclipse.jetty.server.handler.ScopedHandler.nextHandle(ScopedHandler.java:233)
datanode_3  | 2020-07-27 01:16:26,637 [grpc-default-executor-0] INFO impl.RaftServerImpl: 049cb58c-d205-4f90-a803-ee8758f93325@group-911A6C7098D3: changes role from  FOLLOWER to FOLLOWER at term 1 for recognizeCandidate:d827362c-8092-4b3a-8ed7-ce1b50249841
scm_1       | 2020-07-27 01:16:18,608 [RatisPipelineUtilsThread] INFO pipeline.PipelineStateManager: Created pipeline Pipeline[ Id: 57140d50-7eca-41c1-bb5e-021e176a3503, Nodes: fd0af4ce-9605-4cba-bb56-a16d05501772{ip: 172.23.0.4, host: ozone_datanode_2.ozone_default, networkLocation: /default-rack, certSerialId: null}, Type:RATIS, Factor:ONE, State:ALLOCATED, leaderId:, CreationTimestamp2020-07-27T01:16:18.607261Z]
om_1        | 	at org.apache.hadoop.security.UserGroupInformation.doAs(UserGroupInformation.java:1730)
recon_1     | 2020-07-27 01:31:25,095 [pool-11-thread-1] INFO impl.OzoneManagerServiceProviderImpl: Obtaining delta updates from Ozone Manager
datanode_1  | 2020-07-27 01:16:21,450 [pool-19-thread-1] INFO server.RaftServerConfigKeys: raft.server.log.purge.gap = 1000000 (custom)
s3g_1       | 	at org.eclipse.jetty.server.handler.ContextHandler.doHandle(ContextHandler.java:1297)
datanode_3  | 2020-07-27 01:16:26,638 [grpc-default-executor-0] INFO impl.RoleInfo: 049cb58c-d205-4f90-a803-ee8758f93325: shutdown FollowerState
scm_1       | 2020-07-27 01:16:18,609 [RatisPipelineUtilsThread] ERROR pipeline.SCMPipelineManager: Failed to create pipeline of type RATIS and factor ONE. Exception: Cannot create pipeline of factor 1 using 0 nodes. Used 2 nodes. Healthy nodes 2
om_1        | 	at org.apache.hadoop.ipc.Server$Handler.run(Server.java:2915)
recon_1     | 2020-07-27 01:31:25,106 [pool-11-thread-1] INFO impl.OzoneManagerServiceProviderImpl: Number of updates received from OM : 32
datanode_1  | 2020-07-27 01:16:21,450 [pool-19-thread-1] INFO metrics.RatisMetrics: Creating Metrics Registry : ratis.log_worker.d827362c-8092-4b3a-8ed7-ce1b50249841@group-911A6C7098D3
s3g_1       | 	at org.eclipse.jetty.server.handler.ScopedHandler.nextScope(ScopedHandler.java:188)
datanode_3  | 2020-07-27 01:16:26,638 [grpc-default-executor-0] INFO impl.RoleInfo: 049cb58c-d205-4f90-a803-ee8758f93325: start FollowerState
scm_1       | 2020-07-27 01:16:18,886 [IPC Server handler 40 on default port 9861] INFO net.NetworkTopology: Added a new node: /default-rack/049cb58c-d205-4f90-a803-ee8758f93325
om_1        | 2020-07-27 01:29:21,986 [IPC Server handler 15 on default port 9862] ERROR volume.OMVolumeCreateRequest: Volume creation failed for user:hadoop volume:fstest2
recon_1     | 2020-07-27 01:31:25,128 [pool-12-thread-1] INFO tasks.ContainerKeyMapperTask: ContainerKeyMapperTask successfully processed 31 OM DB update event(s).
datanode_1  | 2020-07-27 01:16:21,450 [pool-19-thread-1] INFO server.RaftServerConfigKeys: raft.server.log.appender.buffer.byte-limit = 33554432 (custom)
s3g_1       | 	at org.eclipse.jetty.servlet.ServletHandler.doScope(ServletHandler.java:485)
datanode_3  | 2020-07-27 01:16:26,638 [Thread-26] INFO impl.FollowerState: 049cb58c-d205-4f90-a803-ee8758f93325@group-911A6C7098D3-FollowerState was interrupted: java.lang.InterruptedException: sleep interrupted
scm_1       | 2020-07-27 01:16:18,886 [IPC Server handler 40 on default port 9861] INFO node.SCMNodeManager: Registered Data node : 049cb58c-d205-4f90-a803-ee8758f93325{ip: 172.23.0.2, host: ozone_datanode_3.ozone_default, networkLocation: /default-rack, certSerialId: null}
om_1        | VOLUME_ALREADY_EXISTS org.apache.hadoop.ozone.om.exceptions.OMException: Volume already exists
recon_1     | 2020-07-27 01:31:25,144 [pool-12-thread-1] INFO tasks.FileSizeCountTask: Completed a 'process' run of FileSizeCountTask.
datanode_1  | 2020-07-27 01:16:21,468 [pool-19-thread-1] INFO server.RaftServerConfigKeys: raft.server.log.segment.size.max = 1048576 (custom)
s3g_1       | 	at org.eclipse.jetty.server.session.SessionHandler.doScope(SessionHandler.java:1577)
datanode_3  | 2020-07-27 01:16:26,801 [grpc-default-executor-0] INFO ratis.XceiverServerRatis: Leader change notification received for group: group-911A6C7098D3 with new leaderId: d827362c-8092-4b3a-8ed7-ce1b50249841
scm_1       | 2020-07-27 01:16:18,886 [RatisPipelineUtilsThread] INFO pipeline.RatisPipelineProvider: Sending CreatePipelineCommand for pipeline:PipelineID=70909638-f70e-424a-bc36-dc986645f542 to datanode:049cb58c-d205-4f90-a803-ee8758f93325
om_1        | 	at org.apache.hadoop.ozone.om.request.volume.OMVolumeCreateRequest.validateAndUpdateCache(OMVolumeCreateRequest.java:153)
recon_1     | 2020-07-27 01:32:25,148 [pool-11-thread-1] INFO impl.OzoneManagerServiceProviderImpl: Syncing data from Ozone Manager.
datanode_1  | 2020-07-27 01:16:21,469 [pool-19-thread-1] INFO server.RaftServerConfigKeys: raft.server.log.segment.cache.num.max = 2 (custom)
s3g_1       | 	at org.eclipse.jetty.server.handler.ScopedHandler.nextScope(ScopedHandler.java:186)
datanode_3  | 2020-07-27 01:16:26,802 [grpc-default-executor-0] INFO impl.RaftServerImpl: 049cb58c-d205-4f90-a803-ee8758f93325@group-911A6C7098D3: change Leader from null to d827362c-8092-4b3a-8ed7-ce1b50249841 at term 1 for appendEntries, leader elected after 4219ms
scm_1       | 2020-07-27 01:16:18,888 [RatisPipelineUtilsThread] INFO pipeline.PipelineStateManager: Created pipeline Pipeline[ Id: 70909638-f70e-424a-bc36-dc986645f542, Nodes: 049cb58c-d205-4f90-a803-ee8758f93325{ip: 172.23.0.2, host: ozone_datanode_3.ozone_default, networkLocation: /default-rack, certSerialId: null}, Type:RATIS, Factor:ONE, State:ALLOCATED, leaderId:, CreationTimestamp2020-07-27T01:16:18.886918Z]
om_1        | 	at org.apache.hadoop.ozone.protocolPB.OzoneManagerRequestHandler.handleWriteRequest(OzoneManagerRequestHandler.java:227)
recon_1     | 2020-07-27 01:32:25,149 [pool-11-thread-1] INFO impl.OzoneManagerServiceProviderImpl: Obtaining delta updates from Ozone Manager
datanode_1  | 2020-07-27 01:16:21,469 [pool-19-thread-1] INFO segmented.SegmentedRaftLogWorker: new d827362c-8092-4b3a-8ed7-ce1b50249841@group-911A6C7098D3-SegmentedRaftLogWorker for RaftStorage:Storage Directory /data/metadata/ratis/69ab0f71-979b-4f32-abe3-911a6c7098d3
s3g_1       | 	at org.eclipse.jetty.server.handler.ContextHandler.doScope(ContextHandler.java:1212)
datanode_3  | 2020-07-27 01:16:26,852 [grpc-default-executor-0] INFO impl.RaftServerImpl: 049cb58c-d205-4f90-a803-ee8758f93325@group-911A6C7098D3: set configuration 0: [fd0af4ce-9605-4cba-bb56-a16d05501772:172.23.0.4:9858, d827362c-8092-4b3a-8ed7-ce1b50249841:172.23.0.5:9858, 049cb58c-d205-4f90-a803-ee8758f93325:172.23.0.2:9858], old=null at 0
scm_1       | 2020-07-27 01:16:18,889 [RatisPipelineUtilsThread] ERROR pipeline.SCMPipelineManager: Failed to create pipeline of type RATIS and factor ONE. Exception: Cannot create pipeline of factor 1 using 0 nodes. Used 3 nodes. Healthy nodes 3
om_1        | 	at org.apache.hadoop.ozone.protocolPB.OzoneManagerProtocolServerSideTranslatorPB.submitRequestDirectlyToOM(OzoneManagerProtocolServerSideTranslatorPB.java:224)
recon_1     | 2020-07-27 01:32:25,162 [pool-11-thread-1] INFO impl.OzoneManagerServiceProviderImpl: Number of updates received from OM : 14
datanode_1  | 2020-07-27 01:16:21,469 [pool-19-thread-1] INFO server.RaftServerConfigKeys: raft.server.log.queue.byte-limit = 2147483647 (custom)
s3g_1       | 	at org.eclipse.jetty.server.handler.ScopedHandler.handle(ScopedHandler.java:141)
scm_1       | 2020-07-27 01:16:18,890 [EventQueue-NodeRegistrationContainerReportForContainerSafeModeRule] INFO safemode.SCMSafeModeManager: ContainerSafeModeRule rule is successfully validated
datanode_3  | 2020-07-27 01:16:26,856 [grpc-default-executor-0] INFO segmented.SegmentedRaftLogWorker: 049cb58c-d205-4f90-a803-ee8758f93325@group-911A6C7098D3-SegmentedRaftLogWorker: Starting segment from index:0
om_1        | 	at org.apache.hadoop.ozone.protocolPB.OzoneManagerProtocolServerSideTranslatorPB.processRequest(OzoneManagerProtocolServerSideTranslatorPB.java:145)
recon_1     | 2020-07-27 01:32:25,177 [pool-12-thread-1] INFO tasks.ContainerKeyMapperTask: ContainerKeyMapperTask successfully processed 4 OM DB update event(s).
datanode_1  | 2020-07-27 01:16:21,470 [pool-19-thread-1] INFO server.RaftServerConfigKeys: raft.server.log.queue.element-limit = 1024 (custom)
s3g_1       | 	at org.eclipse.jetty.server.handler.HandlerCollection.handle(HandlerCollection.java:146)
scm_1       | 2020-07-27 01:16:18,890 [EventQueue-NodeRegistrationContainerReportForDataNodeSafeModeRule] INFO safemode.SCMSafeModeManager: SCM in safe mode. 3 DataNodes registered, 3 required.
datanode_3  | 2020-07-27 01:16:27,072 [049cb58c-d205-4f90-a803-ee8758f93325@group-911A6C7098D3-SegmentedRaftLogWorker] INFO segmented.SegmentedRaftLogWorker: 049cb58c-d205-4f90-a803-ee8758f93325@group-911A6C7098D3-SegmentedRaftLogWorker: created new log segment /data/metadata/ratis/69ab0f71-979b-4f32-abe3-911a6c7098d3/current/log_inprogress_0
om_1        | 	at org.apache.hadoop.hdds.server.OzoneProtocolMessageDispatcher.processRequest(OzoneProtocolMessageDispatcher.java:74)
recon_1     | 2020-07-27 01:32:25,193 [pool-12-thread-1] INFO tasks.FileSizeCountTask: Completed a 'process' run of FileSizeCountTask.
datanode_1  | 2020-07-27 01:16:21,470 [pool-19-thread-1] INFO server.RaftServerConfigKeys: raft.server.log.segment.size.max = 1048576 (custom)
s3g_1       | 	at org.eclipse.jetty.server.handler.HandlerWrapper.handle(HandlerWrapper.java:127)
scm_1       | 2020-07-27 01:16:18,890 [EventQueue-NodeRegistrationContainerReportForDataNodeSafeModeRule] INFO safemode.SCMSafeModeManager: DataNodeSafeModeRule rule is successfully validated
datanode_3  | 2020-07-27 01:16:27,558 [Thread-24] INFO impl.FollowerState: 049cb58c-d205-4f90-a803-ee8758f93325@group-DC986645F542-FollowerState: change to CANDIDATE, lastRpcTime:5133ms, electionTimeout:5132ms
om_1        | 	at org.apache.hadoop.ozone.protocolPB.OzoneManagerProtocolServerSideTranslatorPB.submitRequest(OzoneManagerProtocolServerSideTranslatorPB.java:113)
recon_1     | 2020-07-27 01:33:25,205 [pool-11-thread-1] INFO impl.OzoneManagerServiceProviderImpl: Syncing data from Ozone Manager.
datanode_1  | 2020-07-27 01:16:21,471 [pool-19-thread-1] INFO server.RaftServerConfigKeys: raft.server.log.preallocated.size = 16384 (custom)
s3g_1       | 	at org.eclipse.jetty.server.Server.handle(Server.java:500)
scm_1       | 2020-07-27 01:16:18,890 [EventQueue-NodeRegistrationContainerReportForDataNodeSafeModeRule] INFO safemode.SCMSafeModeManager: All SCM safe mode pre check rules have passed
datanode_3  | 2020-07-27 01:16:27,558 [Thread-24] INFO impl.RoleInfo: 049cb58c-d205-4f90-a803-ee8758f93325: shutdown FollowerState
om_1        | 	at org.apache.hadoop.ozone.protocol.proto.OzoneManagerProtocolProtos$OzoneManagerService$2.callBlockingMethod(OzoneManagerProtocolProtos.java)
recon_1     | 2020-07-27 01:33:25,206 [pool-11-thread-1] INFO impl.OzoneManagerServiceProviderImpl: Obtaining delta updates from Ozone Manager
datanode_1  | 2020-07-27 01:16:21,471 [pool-19-thread-1] INFO server.RaftServerConfigKeys: raft.server.log.write.buffer.size = 1048576 (custom)
scm_1       | 2020-07-27 01:16:18,891 [RatisPipelineUtilsThread] ERROR pipeline.SCMPipelineManager: Failed to create pipeline of type RATIS and factor ONE. Exception: Cannot create pipeline of factor 1 using 0 nodes. Used 3 nodes. Healthy nodes 3
datanode_3  | 2020-07-27 01:16:27,558 [Thread-24] INFO impl.RaftServerImpl: 049cb58c-d205-4f90-a803-ee8758f93325@group-DC986645F542: changes role from  FOLLOWER to CANDIDATE at term 0 for changeToCandidate
om_1        | 	at org.apache.hadoop.ipc.ProtobufRpcEngine$Server$ProtoBufRpcInvoker.call(ProtobufRpcEngine.java:528)
recon_1     | 2020-07-27 01:33:25,219 [pool-11-thread-1] INFO impl.OzoneManagerServiceProviderImpl: Number of updates received from OM : 15
datanode_1  | 2020-07-27 01:16:21,471 [pool-19-thread-1] INFO server.RaftServerConfigKeys: raft.server.log.force.sync.num = 128 (default)
s3g_1       | 	at org.eclipse.jetty.server.HttpChannel.lambda$handle$1(HttpChannel.java:383)
scm_1       | 2020-07-27 01:16:18,898 [RatisPipelineUtilsThread] INFO pipeline.RatisPipelineProvider: Sending CreatePipelineCommand for pipeline:PipelineID=69ab0f71-979b-4f32-abe3-911a6c7098d3 to datanode:fd0af4ce-9605-4cba-bb56-a16d05501772
datanode_3  | 2020-07-27 01:16:27,560 [Thread-24] INFO impl.RoleInfo: 049cb58c-d205-4f90-a803-ee8758f93325: start LeaderElection
om_1        | 	at org.apache.hadoop.ipc.RPC$Server.call(RPC.java:1070)
recon_1     | 2020-07-27 01:33:25,231 [pool-12-thread-1] INFO tasks.ContainerKeyMapperTask: ContainerKeyMapperTask successfully processed 15 OM DB update event(s).
datanode_1  | 2020-07-27 01:16:21,471 [pool-19-thread-1] INFO server.RaftServerConfigKeys: raft.server.log.statemachine.data.sync = true (default)
s3g_1       | 	at org.eclipse.jetty.server.HttpChannel.dispatch(HttpChannel.java:547)
scm_1       | 2020-07-27 01:16:18,898 [RatisPipelineUtilsThread] INFO pipeline.RatisPipelineProvider: Sending CreatePipelineCommand for pipeline:PipelineID=69ab0f71-979b-4f32-abe3-911a6c7098d3 to datanode:d827362c-8092-4b3a-8ed7-ce1b50249841
datanode_3  | 2020-07-27 01:16:27,574 [049cb58c-d205-4f90-a803-ee8758f93325@group-DC986645F542-LeaderElection1] INFO impl.LeaderElection: 049cb58c-d205-4f90-a803-ee8758f93325@group-DC986645F542-LeaderElection1: begin an election at term 1 for -1: [049cb58c-d205-4f90-a803-ee8758f93325:172.23.0.2:9858], old=null
om_1        | 	at org.apache.hadoop.ipc.Server$RpcCall.run(Server.java:999)
datanode_1  | 2020-07-27 01:16:21,472 [pool-19-thread-1] INFO server.RaftServerConfigKeys: raft.server.log.statemachine.data.sync.timeout = 10s (default)
recon_1     | 2020-07-27 01:33:25,240 [pool-12-thread-1] INFO tasks.FileSizeCountTask: Completed a 'process' run of FileSizeCountTask.
s3g_1       | 	at org.eclipse.jetty.server.HttpChannel.handle(HttpChannel.java:375)
scm_1       | 2020-07-27 01:16:18,898 [RatisPipelineUtilsThread] INFO pipeline.RatisPipelineProvider: Sending CreatePipelineCommand for pipeline:PipelineID=69ab0f71-979b-4f32-abe3-911a6c7098d3 to datanode:049cb58c-d205-4f90-a803-ee8758f93325
datanode_3  | 2020-07-27 01:16:27,575 [049cb58c-d205-4f90-a803-ee8758f93325@group-DC986645F542-LeaderElection1] INFO impl.RoleInfo: 049cb58c-d205-4f90-a803-ee8758f93325: shutdown LeaderElection
om_1        | 	at org.apache.hadoop.ipc.Server$RpcCall.run(Server.java:927)
datanode_1  | 2020-07-27 01:16:21,473 [pool-19-thread-1] INFO server.RaftServerConfigKeys: raft.server.log.statemachine.data.sync.timeout.retry = -1 (default)
recon_1     | 2020-07-27 01:34:25,245 [pool-11-thread-1] INFO impl.OzoneManagerServiceProviderImpl: Syncing data from Ozone Manager.
s3g_1       | 	at org.eclipse.jetty.server.HttpConnection.onFillable(HttpConnection.java:270)
scm_1       | 2020-07-27 01:16:18,900 [RatisPipelineUtilsThread] INFO pipeline.PipelineStateManager: Created pipeline Pipeline[ Id: 69ab0f71-979b-4f32-abe3-911a6c7098d3, Nodes: fd0af4ce-9605-4cba-bb56-a16d05501772{ip: 172.23.0.4, host: ozone_datanode_2.ozone_default, networkLocation: /default-rack, certSerialId: null}d827362c-8092-4b3a-8ed7-ce1b50249841{ip: 172.23.0.5, host: ozone_datanode_1.ozone_default, networkLocation: /default-rack, certSerialId: null}049cb58c-d205-4f90-a803-ee8758f93325{ip: 172.23.0.2, host: ozone_datanode_3.ozone_default, networkLocation: /default-rack, certSerialId: null}, Type:RATIS, Factor:THREE, State:ALLOCATED, leaderId:, CreationTimestamp2020-07-27T01:16:18.898062Z]
datanode_3  | 2020-07-27 01:16:27,575 [049cb58c-d205-4f90-a803-ee8758f93325@group-DC986645F542-LeaderElection1] INFO impl.RaftServerImpl: 049cb58c-d205-4f90-a803-ee8758f93325@group-DC986645F542: changes role from CANDIDATE to LEADER at term 1 for changeToLeader
om_1        | 	at java.base/java.security.AccessController.doPrivileged(Native Method)
datanode_1  | 2020-07-27 01:16:21,478 [pool-19-thread-1] INFO server.RaftServerConfigKeys: raft.server.log.statemachine.data.caching.enabled = true (custom)
recon_1     | 2020-07-27 01:34:25,246 [pool-11-thread-1] INFO impl.OzoneManagerServiceProviderImpl: Obtaining delta updates from Ozone Manager
s3g_1       | 	at org.eclipse.jetty.io.AbstractConnection$ReadCallback.succeeded(AbstractConnection.java:311)
scm_1       | 2020-07-27 01:16:18,902 [RatisPipelineUtilsThread] ERROR pipeline.SCMPipelineManager: Failed to create pipeline of type RATIS and factor THREE. Exception: Pipeline creation failed because nodes are engaged in other pipelines and every node can only be engaged in max 2 pipelines. Required 3. Found 0
datanode_3  | 2020-07-27 01:16:27,576 [049cb58c-d205-4f90-a803-ee8758f93325@group-DC986645F542-LeaderElection1] INFO ratis.XceiverServerRatis: Leader change notification received for group: group-DC986645F542 with new leaderId: 049cb58c-d205-4f90-a803-ee8758f93325
om_1        | 	at java.base/javax.security.auth.Subject.doAs(Subject.java:423)
datanode_1  | 2020-07-27 01:16:21,478 [pool-19-thread-1] INFO segmented.SegmentedRaftLogWorker: d827362c-8092-4b3a-8ed7-ce1b50249841@group-911A6C7098D3-SegmentedRaftLogWorker: flushIndex: setUnconditionally 0 -> -1
recon_1     | 2020-07-27 01:34:25,261 [pool-11-thread-1] INFO impl.OzoneManagerServiceProviderImpl: Number of updates received from OM : 24
s3g_1       | 	at org.eclipse.jetty.io.FillInterest.fillable(FillInterest.java:103)
scm_1       | 2020-07-27 01:16:21,072 [EventQueue-PipelineReportForPipelineReportHandler] INFO pipeline.PipelineStateManager: Pipeline Pipeline[ Id: 173f92fc-7f52-4aed-8ff4-19d4c7579cb9, Nodes: d827362c-8092-4b3a-8ed7-ce1b50249841{ip: 172.23.0.5, host: ozone_datanode_1.ozone_default, networkLocation: /default-rack, certSerialId: null}, Type:RATIS, Factor:ONE, State:ALLOCATED, leaderId:d827362c-8092-4b3a-8ed7-ce1b50249841, CreationTimestamp2020-07-27T01:16:18.134982Z] moved to OPEN state
datanode_3  | 2020-07-27 01:16:27,576 [049cb58c-d205-4f90-a803-ee8758f93325@group-DC986645F542-LeaderElection1] INFO impl.RaftServerImpl: 049cb58c-d205-4f90-a803-ee8758f93325@group-DC986645F542: change Leader from null to 049cb58c-d205-4f90-a803-ee8758f93325 at term 1 for becomeLeader, leader elected after 5437ms
om_1        | 	at org.apache.hadoop.security.UserGroupInformation.doAs(UserGroupInformation.java:1730)
datanode_1  | 2020-07-27 01:16:21,478 [pool-19-thread-1] INFO segmented.SegmentedRaftLogWorker: d827362c-8092-4b3a-8ed7-ce1b50249841@group-911A6C7098D3-SegmentedRaftLogWorker: safeCacheEvictIndex: setUnconditionally 0 -> -1
recon_1     | 2020-07-27 01:34:25,278 [pool-12-thread-1] INFO tasks.ContainerKeyMapperTask: ContainerKeyMapperTask successfully processed 29 OM DB update event(s).
s3g_1       | 	at org.eclipse.jetty.io.ChannelEndPoint$2.run(ChannelEndPoint.java:117)
scm_1       | 2020-07-27 01:16:21,125 [EventQueue-OpenPipelineForHealthyPipelineSafeModeRule] INFO safemode.SCMSafeModeManager: SCM in safe mode. Healthy pipelines reported count is 0, required healthy pipeline reported count is 1
datanode_3  | 2020-07-27 01:16:27,593 [049cb58c-d205-4f90-a803-ee8758f93325@group-DC986645F542-LeaderElection1] INFO server.RaftServerConfigKeys: raft.server.staging.catchup.gap = 1000 (default)
om_1        | 	at org.apache.hadoop.ipc.Server$Handler.run(Server.java:2915)
datanode_1  | 2020-07-27 01:16:21,478 [pool-19-thread-1] INFO server.RaftServerConfigKeys: raft.server.snapshot.auto.trigger.enabled = true (custom)
recon_1     | 2020-07-27 01:34:25,306 [pool-12-thread-1] INFO tasks.FileSizeCountTask: Completed a 'process' run of FileSizeCountTask.
recon_1     | 2020-07-27 01:35:24,055 [PipelineSyncTask] INFO scm.ReconPipelineManager: Recon has 4 pipelines in house.
scm_1       | 2020-07-27 01:16:21,151 [EventQueue-OpenPipelineForOneReplicaPipelineSafeModeRule] INFO safemode.SCMSafeModeManager: AtleastOneDatanodeReportedRule rule is successfully validated
datanode_3  | 2020-07-27 01:16:27,595 [049cb58c-d205-4f90-a803-ee8758f93325@group-DC986645F542-LeaderElection1] INFO server.RaftServerConfigKeys: raft.server.rpc.sleep.time = 25ms (default)
datanode_3  | 2020-07-27 01:16:27,597 [049cb58c-d205-4f90-a803-ee8758f93325@group-DC986645F542-LeaderElection1] INFO metrics.RatisMetrics: Creating Metrics Registry : ratis.log_appender.049cb58c-d205-4f90-a803-ee8758f93325@group-DC986645F542
datanode_1  | 2020-07-27 01:16:21,479 [pool-19-thread-1] INFO server.RaftServerConfigKeys: raft.server.snapshot.auto.trigger.threshold = 10000 (custom)
recon_1     | 2020-07-27 01:35:24,055 [PipelineSyncTask] INFO scm.PipelineSyncTask: Pipeline sync Thread took 25 milliseconds.
s3g_1       | 	at org.eclipse.jetty.util.thread.strategy.EatWhatYouKill.runTask(EatWhatYouKill.java:336)
datanode_3  | 2020-07-27 01:16:27,602 [049cb58c-d205-4f90-a803-ee8758f93325@group-DC986645F542-LeaderElection1] INFO server.RaftServerConfigKeys: raft.server.write.element-limit = 1024 (custom)
om_1        | 2020-07-27 01:31:46,151 [IPC Server handler 42 on default port 9862] ERROR volume.OMVolumeCreateRequest: Volume creation failed for user:hadoop volume:fstest1
scm_1       | 2020-07-27 01:16:21,873 [EventQueue-PipelineReportForPipelineReportHandler] INFO pipeline.PipelineStateManager: Pipeline Pipeline[ Id: 57140d50-7eca-41c1-bb5e-021e176a3503, Nodes: fd0af4ce-9605-4cba-bb56-a16d05501772{ip: 172.23.0.4, host: ozone_datanode_2.ozone_default, networkLocation: /default-rack, certSerialId: null}, Type:RATIS, Factor:ONE, State:ALLOCATED, leaderId:fd0af4ce-9605-4cba-bb56-a16d05501772, CreationTimestamp2020-07-27T01:16:18.607261Z] moved to OPEN state
datanode_1  | 2020-07-27 01:16:21,479 [pool-19-thread-1] INFO server.RaftServerConfigKeys: raft.server.snapshot.retention.file.num = 5 (custom)
recon_1     | 2020-07-27 01:35:24,079 [ContainerHealthTask] INFO fsck.ContainerHealthTask: Container Health task thread took 1 milliseconds to process 0 existing database records.
s3g_1       | 	at org.eclipse.jetty.util.thread.strategy.EatWhatYouKill.doProduce(EatWhatYouKill.java:313)
datanode_3  | 2020-07-27 01:16:27,606 [049cb58c-d205-4f90-a803-ee8758f93325@group-DC986645F542-LeaderElection1] INFO server.RaftServerConfigKeys: raft.server.write.byte-limit = 1073741824 (custom)
om_1        | VOLUME_ALREADY_EXISTS org.apache.hadoop.ozone.om.exceptions.OMException: Volume already exists
scm_1       | 2020-07-27 01:16:21,877 [EventQueue-OpenPipelineForHealthyPipelineSafeModeRule] INFO safemode.SCMSafeModeManager: SCM in safe mode. Healthy pipelines reported count is 0, required healthy pipeline reported count is 1
datanode_1  | 2020-07-27 01:16:21,479 [pool-19-thread-1] INFO server.RaftServerConfigKeys: raft.server.log.purge.upto.snapshot.index = false (default)
recon_1     | 2020-07-27 01:35:24,089 [ContainerHealthTask] INFO fsck.ContainerHealthTask: Container Health task thread took 10 milliseconds for processing 1 containers.
s3g_1       | 	at org.eclipse.jetty.util.thread.strategy.EatWhatYouKill.tryProduce(EatWhatYouKill.java:171)
datanode_3  | 2020-07-27 01:16:27,617 [049cb58c-d205-4f90-a803-ee8758f93325@group-DC986645F542-LeaderElection1] INFO server.RaftServerConfigKeys: raft.server.watch.timeout = 180s (custom)
om_1        | 	at org.apache.hadoop.ozone.om.request.volume.OMVolumeCreateRequest.validateAndUpdateCache(OMVolumeCreateRequest.java:153)
scm_1       | 2020-07-27 01:16:21,877 [EventQueue-OpenPipelineForOneReplicaPipelineSafeModeRule] INFO safemode.SCMSafeModeManager: AtleastOneDatanodeReportedRule rule is successfully validated
datanode_1  | 2020-07-27 01:16:21,479 [pool-19-thread-1] INFO server.RaftServerConfigKeys: raft.server.retrycache.expirytime = 600000ms (custom)
recon_1     | 2020-07-27 01:35:25,311 [pool-11-thread-1] INFO impl.OzoneManagerServiceProviderImpl: Syncing data from Ozone Manager.
s3g_1       | 	at org.eclipse.jetty.util.thread.strategy.EatWhatYouKill.run(EatWhatYouKill.java:129)
datanode_3  | 2020-07-27 01:16:27,619 [049cb58c-d205-4f90-a803-ee8758f93325@group-DC986645F542-LeaderElection1] INFO server.RaftServerConfigKeys: raft.server.watch.timeout.denomination = 1s (default)
om_1        | 	at org.apache.hadoop.ozone.protocolPB.OzoneManagerRequestHandler.handleWriteRequest(OzoneManagerRequestHandler.java:227)
scm_1       | 2020-07-27 01:16:22,143 [EventQueue-PipelineReportForPipelineReportHandler] INFO pipeline.PipelineStateManager: Pipeline Pipeline[ Id: 70909638-f70e-424a-bc36-dc986645f542, Nodes: 049cb58c-d205-4f90-a803-ee8758f93325{ip: 172.23.0.2, host: ozone_datanode_3.ozone_default, networkLocation: /default-rack, certSerialId: null}, Type:RATIS, Factor:ONE, State:ALLOCATED, leaderId:049cb58c-d205-4f90-a803-ee8758f93325, CreationTimestamp2020-07-27T01:16:18.886918Z] moved to OPEN state
datanode_1  | 2020-07-27 01:16:21,479 [pool-19-thread-1] INFO metrics.RatisMetrics: Creating Metrics Registry : ratis.leader_election.d827362c-8092-4b3a-8ed7-ce1b50249841@group-911A6C7098D3
recon_1     | 2020-07-27 01:35:25,311 [pool-11-thread-1] INFO impl.OzoneManagerServiceProviderImpl: Obtaining delta updates from Ozone Manager
s3g_1       | 	at org.eclipse.jetty.util.thread.ReservedThreadExecutor$ReservedThread.run(ReservedThreadExecutor.java:388)
datanode_3  | 2020-07-27 01:16:27,619 [049cb58c-d205-4f90-a803-ee8758f93325@group-DC986645F542-LeaderElection1] INFO server.RaftServerConfigKeys: raft.server.watch.element-limit = 65536 (default)
om_1        | 	at org.apache.hadoop.ozone.protocolPB.OzoneManagerProtocolServerSideTranslatorPB.submitRequestDirectlyToOM(OzoneManagerProtocolServerSideTranslatorPB.java:224)
scm_1       | 2020-07-27 01:16:22,157 [EventQueue-OpenPipelineForHealthyPipelineSafeModeRule] INFO safemode.SCMSafeModeManager: SCM in safe mode. Healthy pipelines reported count is 0, required healthy pipeline reported count is 1
datanode_1  | 2020-07-27 01:16:21,485 [pool-19-thread-1] INFO metrics.RatisMetrics: Creating Metrics Registry : ratis.server.d827362c-8092-4b3a-8ed7-ce1b50249841@group-911A6C7098D3
recon_1     | 2020-07-27 01:35:25,318 [pool-11-thread-1] INFO impl.OzoneManagerServiceProviderImpl: Number of updates received from OM : 18
s3g_1       | 	at org.eclipse.jetty.util.thread.QueuedThreadPool.runJob(QueuedThreadPool.java:806)
datanode_3  | 2020-07-27 01:16:27,629 [049cb58c-d205-4f90-a803-ee8758f93325@group-DC986645F542-LeaderElection1] INFO impl.RoleInfo: 049cb58c-d205-4f90-a803-ee8758f93325: start LeaderState
om_1        | 	at org.apache.hadoop.ozone.protocolPB.OzoneManagerProtocolServerSideTranslatorPB.processRequest(OzoneManagerProtocolServerSideTranslatorPB.java:145)
scm_1       | 2020-07-27 01:16:22,157 [EventQueue-OpenPipelineForOneReplicaPipelineSafeModeRule] INFO safemode.SCMSafeModeManager: AtleastOneDatanodeReportedRule rule is successfully validated
datanode_1  | 2020-07-27 01:16:21,486 [pool-19-thread-1] INFO impl.RaftServerImpl: d827362c-8092-4b3a-8ed7-ce1b50249841@group-911A6C7098D3: start as a follower, conf=-1: [fd0af4ce-9605-4cba-bb56-a16d05501772:172.23.0.4:9858, d827362c-8092-4b3a-8ed7-ce1b50249841:172.23.0.5:9858, 049cb58c-d205-4f90-a803-ee8758f93325:172.23.0.2:9858], old=null
recon_1     | 2020-07-27 01:35:25,327 [pool-12-thread-1] INFO tasks.ContainerKeyMapperTask: ContainerKeyMapperTask successfully processed 15 OM DB update event(s).
s3g_1       | 	at org.eclipse.jetty.util.thread.QueuedThreadPool$Runner.run(QueuedThreadPool.java:938)
datanode_3  | 2020-07-27 01:16:27,637 [049cb58c-d205-4f90-a803-ee8758f93325@group-DC986645F542-LeaderElection1] INFO segmented.SegmentedRaftLogWorker: 049cb58c-d205-4f90-a803-ee8758f93325@group-DC986645F542-SegmentedRaftLogWorker: Starting segment from index:0
om_1        | 	at org.apache.hadoop.hdds.server.OzoneProtocolMessageDispatcher.processRequest(OzoneProtocolMessageDispatcher.java:74)
scm_1       | 2020-07-27 01:16:26,682 [EventQueue-PipelineReportForPipelineReportHandler] INFO pipeline.PipelineStateManager: Pipeline Pipeline[ Id: 69ab0f71-979b-4f32-abe3-911a6c7098d3, Nodes: fd0af4ce-9605-4cba-bb56-a16d05501772{ip: 172.23.0.4, host: ozone_datanode_2.ozone_default, networkLocation: /default-rack, certSerialId: null}d827362c-8092-4b3a-8ed7-ce1b50249841{ip: 172.23.0.5, host: ozone_datanode_1.ozone_default, networkLocation: /default-rack, certSerialId: null}049cb58c-d205-4f90-a803-ee8758f93325{ip: 172.23.0.2, host: ozone_datanode_3.ozone_default, networkLocation: /default-rack, certSerialId: null}, Type:RATIS, Factor:THREE, State:ALLOCATED, leaderId:d827362c-8092-4b3a-8ed7-ce1b50249841, CreationTimestamp2020-07-27T01:16:18.898062Z] moved to OPEN state
datanode_1  | 2020-07-27 01:16:21,486 [pool-19-thread-1] INFO impl.RaftServerImpl: d827362c-8092-4b3a-8ed7-ce1b50249841@group-911A6C7098D3: changes role from      null to FOLLOWER at term 0 for startAsFollower
recon_1     | 2020-07-27 01:35:25,344 [pool-12-thread-1] INFO tasks.FileSizeCountTask: Completed a 'process' run of FileSizeCountTask.
s3g_1       | 	at java.base/java.lang.Thread.run(Thread.java:834)
datanode_3  | 2020-07-27 01:16:27,644 [049cb58c-d205-4f90-a803-ee8758f93325@group-DC986645F542-SegmentedRaftLogWorker] INFO segmented.SegmentedRaftLogWorker: 049cb58c-d205-4f90-a803-ee8758f93325@group-DC986645F542-SegmentedRaftLogWorker: created new log segment /data/metadata/ratis/70909638-f70e-424a-bc36-dc986645f542/current/log_inprogress_0
om_1        | 	at org.apache.hadoop.ozone.protocolPB.OzoneManagerProtocolServerSideTranslatorPB.submitRequest(OzoneManagerProtocolServerSideTranslatorPB.java:113)
scm_1       | 2020-07-27 01:16:26,683 [EventQueue-OpenPipelineForHealthyPipelineSafeModeRule] INFO safemode.SCMSafeModeManager: SCM in safe mode. Healthy pipelines reported count is 1, required healthy pipeline reported count is 1
datanode_1  | 2020-07-27 01:16:21,486 [pool-19-thread-1] INFO impl.RoleInfo: d827362c-8092-4b3a-8ed7-ce1b50249841: start FollowerState
recon_1     | 2020-07-27 01:36:25,351 [pool-11-thread-1] INFO impl.OzoneManagerServiceProviderImpl: Syncing data from Ozone Manager.
s3g_1       | 2020-07-27 01:38:15,470 [qtp1939022383-21] ERROR endpoint.ObjectEndpoint: Error in Complete Multipart Upload Request for bucket: link, , key: multipartKey2
datanode_3  | 2020-07-27 01:16:27,650 [049cb58c-d205-4f90-a803-ee8758f93325@group-DC986645F542-LeaderElection1] INFO impl.RaftServerImpl: 049cb58c-d205-4f90-a803-ee8758f93325@group-DC986645F542: set configuration 0: [049cb58c-d205-4f90-a803-ee8758f93325:172.23.0.2:9858], old=null at 0
om_1        | 	at org.apache.hadoop.ozone.protocol.proto.OzoneManagerProtocolProtos$OzoneManagerService$2.callBlockingMethod(OzoneManagerProtocolProtos.java)
scm_1       | 2020-07-27 01:16:26,684 [EventQueue-OpenPipelineForOneReplicaPipelineSafeModeRule] INFO safemode.SCMSafeModeManager: AtleastOneDatanodeReportedRule rule is successfully validated
datanode_1  | 2020-07-27 01:16:21,487 [pool-19-thread-1] INFO util.JmxRegister: Successfully registered JMX Bean with object name Ratis:service=RaftServer,group=group-911A6C7098D3,id=d827362c-8092-4b3a-8ed7-ce1b50249841
recon_1     | 2020-07-27 01:36:25,351 [pool-11-thread-1] INFO impl.OzoneManagerServiceProviderImpl: Obtaining delta updates from Ozone Manager
s3g_1       | ENTITY_TOO_SMALL org.apache.hadoop.ozone.om.exceptions.OMException: Complete Multipart Upload Failed: volume: s3v bucket: link key: multipartKey2. Entity too small.
om_1        | 	at org.apache.hadoop.ipc.ProtobufRpcEngine$Server$ProtoBufRpcInvoker.call(ProtobufRpcEngine.java:528)
scm_1       | 2020-07-27 01:16:26,687 [EventQueue-OpenPipelineForHealthyPipelineSafeModeRule] INFO safemode.SCMSafeModeManager: HealthyPipelineSafeModeRule rule is successfully validated
datanode_1  | 2020-07-27 01:16:21,487 [pool-19-thread-1] INFO metrics.RatisMetrics: Creating Metrics Registry : ratis.state_machine.d827362c-8092-4b3a-8ed7-ce1b50249841@group-911A6C7098D3
recon_1     | 2020-07-27 01:36:25,359 [pool-11-thread-1] INFO impl.OzoneManagerServiceProviderImpl: Number of updates received from OM : 20
s3g_1       | 	at org.apache.hadoop.ozone.om.protocolPB.OzoneManagerProtocolClientSideTranslatorPB.handleError(OzoneManagerProtocolClientSideTranslatorPB.java:593)
om_1        | 	at org.apache.hadoop.ipc.RPC$Server.call(RPC.java:1070)
