om3_1    | 2022-04-05 03:52:52,621 [om3@group-D66704EFC61C-FollowerState] INFO server.RaftServer$Division: om3@group-D66704EFC61C: changes role from  FOLLOWER to CANDIDATE at term 2 for changeToCandidate
scm_1    | 2022-04-05 03:52:38,073 [Listener at 0.0.0.0/9860] INFO util.log: Logging initialized @34629ms to org.eclipse.jetty.util.log.Slf4jLog
dn1_1    | 2022-04-05 03:52:56,496 [b509cb83-9946-4459-ba12-9125ca69a04b@group-23EFCDECF3C8-LeaderElection5] INFO grpc.GrpcConfigKeys: raft.grpc.server.leader.outstanding.appends.max = 128 (default)
recon_1  | 2022-04-05 03:52:41,747 [Listener at 0.0.0.0/9891] INFO server.SCMDatanodeProtocolServer: ScmDatanodeProtocol RPC server for DataNodes is listening at /0.0.0.0:9891
scm_1    | 2022-04-05 03:52:39,238 [Listener at 0.0.0.0/9860] INFO server.AuthenticationFilter: Unable to initialize FileSignerSecretProvider, falling back to use random secrets.
dn1_1    | 2022-04-05 03:52:56,497 [b509cb83-9946-4459-ba12-9125ca69a04b@group-23EFCDECF3C8-LeaderElection5] INFO server.RaftServerConfigKeys: raft.server.rpc.request.timeout = 60s (custom)
recon_1  | 2022-04-05 03:52:41,749 [IPC Server Responder] INFO ipc.Server: IPC Server Responder: starting
om3_1    | 2022-04-05 03:52:52,624 [om3@group-D66704EFC61C-FollowerState] INFO server.RaftServerConfigKeys: raft.server.leaderelection.pre-vote = false (custom)
scm_1    | 2022-04-05 03:52:39,268 [Listener at 0.0.0.0/9860] INFO http.HttpRequestLog: Http request log for http.requests.scm is not defined
dn1_1    | 2022-04-05 03:52:56,497 [b509cb83-9946-4459-ba12-9125ca69a04b@group-23EFCDECF3C8-LeaderElection5] INFO server.RaftServerConfigKeys: raft.server.log.appender.install.snapshot.enabled = false (custom)
recon_1  | 2022-04-05 03:52:41,752 [IPC Server listener on 9891] INFO ipc.Server: IPC Server listener on 9891: starting
om3_1    | 2022-04-05 03:52:52,624 [om3@group-D66704EFC61C-FollowerState] INFO impl.RoleInfo: om3: start om3@group-D66704EFC61C-LeaderElection1
scm_1    | 2022-04-05 03:52:39,302 [Listener at 0.0.0.0/9860] INFO http.HttpServer2: Added global filter 'safety' (class=org.apache.hadoop.hdds.server.http.HttpServer2$QuotingInputFilter)
dn1_1    | 2022-04-05 03:52:56,499 [b509cb83-9946-4459-ba12-9125ca69a04b@group-23EFCDECF3C8-LeaderElection5] INFO impl.RoleInfo: b509cb83-9946-4459-ba12-9125ca69a04b: start b509cb83-9946-4459-ba12-9125ca69a04b@group-23EFCDECF3C8-LeaderStateImpl
recon_1  | 2022-04-05 03:52:41,857 [Listener at 0.0.0.0/9891] INFO scm.ReconScmTask: Starting PipelineSyncTask Thread.
om3_1    | 2022-04-05 03:52:52,679 [om3@group-D66704EFC61C-LeaderElection1] INFO impl.LeaderElection: om3@group-D66704EFC61C-LeaderElection1 ELECTION round 0: submit vote requests at term 3 for 0: [om1|rpc:om1:9872|admin:|client:|dataStream:|priority:0, om3|rpc:om3:9872|admin:|client:|dataStream:|priority:0, om2|rpc:om2:9872|admin:|client:|dataStream:|priority:0], old=null
scm_1    | 2022-04-05 03:52:39,320 [Listener at 0.0.0.0/9860] INFO http.HttpServer2: Added filter static_user_filter (class=org.apache.hadoop.http.lib.StaticUserWebFilter$StaticUserFilter) to context scm
dn1_1    | 2022-04-05 03:52:56,499 [b509cb83-9946-4459-ba12-9125ca69a04b@group-23EFCDECF3C8-LeaderElection5] INFO segmented.SegmentedRaftLogWorker: b509cb83-9946-4459-ba12-9125ca69a04b@group-23EFCDECF3C8-SegmentedRaftLogWorker: Rolling segment log-0_4 to index:4
recon_1  | 2022-04-05 03:52:41,889 [Listener at 0.0.0.0/9891] INFO scm.ReconScmTask: Starting ContainerHealthTask Thread.
om3_1    | 2022-04-05 03:52:54,198 [grpc-default-executor-0] INFO server.RaftServer$Division: om3@group-D66704EFC61C: receive requestVote(ELECTION, om1, group-D66704EFC61C, 3, (t:2, i:8))
scm_1    | 2022-04-05 03:52:39,326 [Listener at 0.0.0.0/9860] INFO http.HttpServer2: Added filter static_user_filter (class=org.apache.hadoop.http.lib.StaticUserWebFilter$StaticUserFilter) to context static
dn1_1    | 2022-04-05 03:52:56,500 [b509cb83-9946-4459-ba12-9125ca69a04b@group-23EFCDECF3C8-SegmentedRaftLogWorker] INFO segmented.SegmentedRaftLogWorker: b509cb83-9946-4459-ba12-9125ca69a04b@group-23EFCDECF3C8-SegmentedRaftLogWorker: Rolled log segment from /data/metadata/ratis/a07580ca-983a-4a8e-8fef-23efcdecf3c8/current/log_inprogress_0 to /data/metadata/ratis/a07580ca-983a-4a8e-8fef-23efcdecf3c8/current/log_0-4
recon_1  | 2022-04-05 03:52:41,964 [PipelineSyncTask] INFO scm.ReconPipelineManager: Recon has 5 pipelines in house.
om3_1    | 2022-04-05 03:52:54,198 [grpc-default-executor-1] INFO server.RaftServer$Division: om3@group-D66704EFC61C: receive requestVote(ELECTION, om2, group-D66704EFC61C, 3, (t:2, i:8))
scm_1    | 2022-04-05 03:52:39,326 [Listener at 0.0.0.0/9860] INFO http.HttpServer2: Added filter static_user_filter (class=org.apache.hadoop.http.lib.StaticUserWebFilter$StaticUserFilter) to context logs
dn1_1    | 2022-04-05 03:52:56,507 [b509cb83-9946-4459-ba12-9125ca69a04b@group-23EFCDECF3C8-SegmentedRaftLogWorker] INFO segmented.SegmentedRaftLogWorker: b509cb83-9946-4459-ba12-9125ca69a04b@group-23EFCDECF3C8-SegmentedRaftLogWorker: created new log segment /data/metadata/ratis/a07580ca-983a-4a8e-8fef-23efcdecf3c8/current/log_inprogress_5
recon_1  | 2022-04-05 03:52:41,985 [PipelineSyncTask] INFO scm.PipelineSyncTask: Pipeline sync Thread took 95 milliseconds.
om3_1    | 2022-04-05 03:52:54,208 [grpc-default-executor-0] INFO impl.VoteContext: om3@group-D66704EFC61C-CANDIDATE: reject ELECTION from om1: already has voted for om3 at current term 3
scm_1    | 2022-04-05 03:52:39,741 [Listener at 0.0.0.0/9860] INFO http.HttpServer2: Jetty bound to port 9876
dn1_1    | 2022-04-05 03:52:56,512 [b509cb83-9946-4459-ba12-9125ca69a04b@group-23EFCDECF3C8-LeaderElection5] INFO server.RaftServer$Division: b509cb83-9946-4459-ba12-9125ca69a04b@group-23EFCDECF3C8: set configuration 5: [b509cb83-9946-4459-ba12-9125ca69a04b|rpc:10.9.0.15:9856|admin:10.9.0.15:9857|client:10.9.0.15:9858|dataStream:|priority:1, 02bb47f5-480b-40d4-a88a-92be5e55e6f3|rpc:10.9.0.17:9856|admin:10.9.0.17:9857|client:10.9.0.17:9858|dataStream:|priority:0, bef96cf0-9682-4144-8a67-7c1f387ef9e1|rpc:10.9.0.16:9856|admin:10.9.0.16:9857|client:10.9.0.16:9858|dataStream:|priority:0], old=null
recon_1  | 2022-04-05 03:53:40,938 [pool-16-thread-1] INFO impl.OzoneManagerServiceProviderImpl: Syncing data from Ozone Manager.
recon_1  | 2022-04-05 03:53:40,939 [pool-16-thread-1] INFO impl.OzoneManagerServiceProviderImpl: Obtaining full snapshot from Ozone Manager
om3_1    | 2022-04-05 03:52:54,219 [grpc-default-executor-0] INFO server.RaftServer$Division: om3@group-D66704EFC61C replies to ELECTION vote request: om1<-om3#0:FAIL-t3. Peer's state: om3@group-D66704EFC61C:t3, leader=null, voted=om3, raftlog=om3@group-D66704EFC61C-SegmentedRaftLog:OPENED:c7, conf=0: [om1|rpc:om1:9872|admin:|client:|dataStream:|priority:0, om3|rpc:om3:9872|admin:|client:|dataStream:|priority:0, om2|rpc:om2:9872|admin:|client:|dataStream:|priority:0], old=null
dn1_1    | 2022-04-05 03:52:56,669 [grpc-default-executor-2] INFO server.RaftServer$Division: b509cb83-9946-4459-ba12-9125ca69a04b@group-F83602A1A4EA: receive requestVote(ELECTION, bef96cf0-9682-4144-8a67-7c1f387ef9e1, group-F83602A1A4EA, 5, (t:2, i:0))
scm_1    | 2022-04-05 03:52:39,758 [Listener at 0.0.0.0/9860] INFO server.Server: jetty-9.4.43.v20210629; built: 2021-06-30T11:07:22.254Z; git: 526006ecfa3af7f1a27ef3a288e2bef7ea9dd7e8; jvm 11.0.14.1+1-LTS
recon_1  | 2022-04-05 03:53:40,982 [pool-16-thread-1] INFO retry.RetryInvocationHandler: com.google.protobuf.ServiceException: org.apache.hadoop.ipc.RemoteException(org.apache.hadoop.ozone.om.exceptions.OMNotLeaderException): OM:om2 is not the leader. Could not determine the leader node.
om3_1    | 2022-04-05 03:52:54,222 [grpc-default-executor-1] INFO impl.VoteContext: om3@group-D66704EFC61C-CANDIDATE: reject ELECTION from om2: already has voted for om3 at current term 3
om3_1    | 2022-04-05 03:52:54,227 [grpc-default-executor-1] INFO server.RaftServer$Division: om3@group-D66704EFC61C replies to ELECTION vote request: om2<-om3#0:FAIL-t3. Peer's state: om3@group-D66704EFC61C:t3, leader=null, voted=om3, raftlog=om3@group-D66704EFC61C-SegmentedRaftLog:OPENED:c7, conf=0: [om1|rpc:om1:9872|admin:|client:|dataStream:|priority:0, om3|rpc:om3:9872|admin:|client:|dataStream:|priority:0, om2|rpc:om2:9872|admin:|client:|dataStream:|priority:0], old=null
scm_1    | 2022-04-05 03:52:40,153 [Listener at 0.0.0.0/9860] INFO server.session: DefaultSessionIdManager workerName=node0
recon_1  | 	at org.apache.hadoop.ozone.protocolPB.OzoneManagerProtocolServerSideTranslatorPB.createNotLeaderException(OzoneManagerProtocolServerSideTranslatorPB.java:226)
om3_1    | 2022-04-05 03:52:54,255 [om3@group-D66704EFC61C-LeaderElection1] INFO impl.LeaderElection: om3@group-D66704EFC61C-LeaderElection1: ELECTION REJECTED received 2 response(s) and 0 exception(s):
dn1_1    | 2022-04-05 03:52:56,670 [grpc-default-executor-2] INFO impl.VoteContext: b509cb83-9946-4459-ba12-9125ca69a04b@group-F83602A1A4EA-FOLLOWER: accept ELECTION from bef96cf0-9682-4144-8a67-7c1f387ef9e1: our priority 0 <= candidate's priority 0
scm_1    | 2022-04-05 03:52:40,153 [Listener at 0.0.0.0/9860] INFO server.session: No SessionScavenger set, using defaults
recon_1  | 	at org.apache.hadoop.ozone.protocolPB.OzoneManagerProtocolServerSideTranslatorPB.createLeaderErrorException(OzoneManagerProtocolServerSideTranslatorPB.java:213)
om3_1    | 2022-04-05 03:52:54,255 [om3@group-D66704EFC61C-LeaderElection1] INFO impl.LeaderElection:   Response 0: om3<-om1#0:FAIL-t3
om3_1    | 2022-04-05 03:52:54,255 [om3@group-D66704EFC61C-LeaderElection1] INFO impl.LeaderElection:   Response 1: om3<-om2#0:FAIL-t3
scm_1    | 2022-04-05 03:52:40,170 [Listener at 0.0.0.0/9860] INFO server.session: node0 Scavenging every 600000ms
om3_1    | 2022-04-05 03:52:54,258 [om3@group-D66704EFC61C-LeaderElection1] INFO impl.LeaderElection: om3@group-D66704EFC61C-LeaderElection1 ELECTION round 0: result REJECTED
dn1_1    | 2022-04-05 03:52:56,670 [grpc-default-executor-2] INFO server.RaftServer$Division: b509cb83-9946-4459-ba12-9125ca69a04b@group-F83602A1A4EA: changes role from  FOLLOWER to FOLLOWER at term 5 for candidate:bef96cf0-9682-4144-8a67-7c1f387ef9e1
recon_1  | 	at org.apache.hadoop.ozone.protocolPB.OzoneManagerProtocolServerSideTranslatorPB.submitReadRequestToOM(OzoneManagerProtocolServerSideTranslatorPB.java:206)
scm_1    | 2022-04-05 03:52:40,360 [IPC Server handler 0 on default port 9861] INFO net.NetworkTopologyImpl: Added a new node: /default-rack/bef96cf0-9682-4144-8a67-7c1f387ef9e1
om3_1    | 2022-04-05 03:52:54,261 [om3@group-D66704EFC61C-LeaderElection1] INFO server.RaftServer$Division: om3@group-D66704EFC61C: changes role from CANDIDATE to FOLLOWER at term 3 for REJECTED
dn1_1    | 2022-04-05 03:52:56,670 [grpc-default-executor-2] INFO impl.RoleInfo: b509cb83-9946-4459-ba12-9125ca69a04b: shutdown b509cb83-9946-4459-ba12-9125ca69a04b@group-F83602A1A4EA-FollowerState
recon_1  | 	at org.apache.hadoop.ozone.protocolPB.OzoneManagerProtocolServerSideTranslatorPB.processRequest(OzoneManagerProtocolServerSideTranslatorPB.java:165)
scm_1    | 2022-04-05 03:52:40,421 [Listener at 0.0.0.0/9860] INFO handler.ContextHandler: Started o.e.j.s.ServletContextHandler@5403799b{logs,/logs,file:///var/log/hadoop/,AVAILABLE}
om3_1    | 2022-04-05 03:52:54,271 [om3@group-D66704EFC61C-LeaderElection1] INFO impl.RoleInfo: om3: shutdown om3@group-D66704EFC61C-LeaderElection1
dn1_1    | 2022-04-05 03:52:56,670 [b509cb83-9946-4459-ba12-9125ca69a04b@group-F83602A1A4EA-FollowerState] INFO impl.FollowerState: b509cb83-9946-4459-ba12-9125ca69a04b@group-F83602A1A4EA-FollowerState was interrupted: {}
recon_1  | 	at org.apache.hadoop.hdds.server.OzoneProtocolMessageDispatcher.processRequest(OzoneProtocolMessageDispatcher.java:87)
scm_1    | 2022-04-05 03:52:40,430 [Listener at 0.0.0.0/9860] INFO handler.ContextHandler: Started o.e.j.s.ServletContextHandler@5e593b08{static,/static,jar:file:/opt/hadoop/share/ozone/lib/hdds-server-scm-1.3.0-SNAPSHOT.jar!/webapps/static,AVAILABLE}
om3_1    | 2022-04-05 03:52:54,272 [om3@group-D66704EFC61C-LeaderElection1] INFO impl.RoleInfo: om3: start om3@group-D66704EFC61C-FollowerState
dn1_1    | java.lang.InterruptedException: sleep interrupted
recon_1  | 	at org.apache.hadoop.ozone.protocolPB.OzoneManagerProtocolServerSideTranslatorPB.submitRequest(OzoneManagerProtocolServerSideTranslatorPB.java:137)
scm_1    | 2022-04-05 03:52:40,385 [IPC Server handler 0 on default port 9861] INFO node.SCMNodeManager: Registered Data node : bef96cf0-9682-4144-8a67-7c1f387ef9e1{ip: 10.9.0.16, host: ha_dn2_1.ha_net, ports: [REPLICATION=9886, RATIS=9858, RATIS_ADMIN=9857, RATIS_SERVER=9856, STANDALONE=9859], networkLocation: /default-rack, certSerialId: null, persistedOpState: IN_SERVICE, persistedOpStateExpiryEpochSec: 0}
om3_1    | 2022-04-05 03:52:59,377 [om3@group-D66704EFC61C-FollowerState] INFO impl.FollowerState: om3@group-D66704EFC61C-FollowerState: change to CANDIDATE, lastRpcElapsedTime:5105553564ns, electionTimeout:5093ms
dn1_1    | 	at java.base/java.lang.Thread.sleep(Native Method)
recon_1  | 	at org.apache.hadoop.ozone.protocol.proto.OzoneManagerProtocolProtos$OzoneManagerService$2.callBlockingMethod(OzoneManagerProtocolProtos.java)
scm_1    | 2022-04-05 03:52:40,516 [EventQueue-NodeRegistrationContainerReportForDataNodeSafeModeRule] INFO safemode.SCMSafeModeManager: SCM in safe mode. 1 DataNodes registered, 3 required.
om3_1    | 2022-04-05 03:52:59,378 [om3@group-D66704EFC61C-FollowerState] INFO impl.RoleInfo: om3: shutdown om3@group-D66704EFC61C-FollowerState
dn1_1    | 	at java.base/java.lang.Thread.sleep(Thread.java:334)
recon_1  | 	at org.apache.hadoop.ipc.ProtobufRpcEngine$Server.processCall(ProtobufRpcEngine.java:466)
scm_1    | 2022-04-05 03:52:40,527 [EventQueue-NodeRegistrationContainerReportForContainerSafeModeRule] INFO safemode.SCMSafeModeManager: ContainerSafeModeRule rule is successfully validated
om3_1    | 2022-04-05 03:52:59,378 [om3@group-D66704EFC61C-FollowerState] INFO server.RaftServer$Division: om3@group-D66704EFC61C: changes role from  FOLLOWER to CANDIDATE at term 3 for changeToCandidate
dn1_1    | 	at java.base/java.util.concurrent.TimeUnit.sleep(TimeUnit.java:446)
recon_1  | 	at org.apache.hadoop.ipc.ProtobufRpcEngine2$Server$ProtoBufRpcInvoker.call(ProtobufRpcEngine2.java:574)
scm_1    | 2022-04-05 03:52:40,623 [EventQueue-NewNodeForNewNodeHandler] INFO pipeline.BackgroundPipelineCreator: trigger a one-shot run on RatisPipelineUtilsThread.
om3_1    | 2022-04-05 03:52:59,378 [om3@group-D66704EFC61C-FollowerState] INFO server.RaftServerConfigKeys: raft.server.leaderelection.pre-vote = false (custom)
dn1_1    | 	at org.apache.ratis.util.TimeDuration.sleep(TimeDuration.java:324)
recon_1  | 	at org.apache.hadoop.ipc.ProtobufRpcEngine2$Server$ProtoBufRpcInvoker.call(ProtobufRpcEngine2.java:552)
scm_1    | 2022-04-05 03:52:40,535 [EventQueue-PipelineReportForOneReplicaPipelineSafeModeRule] INFO safemode.SCMSafeModeManager: SCM in safe mode. Pipelines with at least one datanode reported count is 2, required at least one datanode reported per pipeline count is 2
om3_1    | 2022-04-05 03:52:59,378 [om3@group-D66704EFC61C-FollowerState] INFO impl.RoleInfo: om3: start om3@group-D66704EFC61C-LeaderElection2
dn1_1    | 	at org.apache.ratis.util.TimeDuration.sleep(TimeDuration.java:309)
recon_1  | 	at org.apache.hadoop.ipc.RPC$Server.call(RPC.java:1093)
scm_1    | 2022-04-05 03:52:40,716 [EventQueue-PipelineReportForOneReplicaPipelineSafeModeRule] INFO safemode.SCMSafeModeManager: AtleastOneDatanodeReportedRule rule is successfully validated
om3_1    | 2022-04-05 03:52:59,382 [om3@group-D66704EFC61C-LeaderElection2] INFO impl.LeaderElection: om3@group-D66704EFC61C-LeaderElection2 ELECTION round 0: submit vote requests at term 4 for 0: [om1|rpc:om1:9872|admin:|client:|dataStream:|priority:0, om3|rpc:om3:9872|admin:|client:|dataStream:|priority:0, om2|rpc:om2:9872|admin:|client:|dataStream:|priority:0], old=null
dn1_1    | 	at org.apache.ratis.server.impl.FollowerState.run(FollowerState.java:118)
recon_1  | 	at org.apache.hadoop.ipc.Server$RpcCall.run(Server.java:1035)
scm_1    | 2022-04-05 03:52:40,782 [IPC Server handler 3 on default port 9861] INFO net.NetworkTopologyImpl: Added a new node: /default-rack/02bb47f5-480b-40d4-a88a-92be5e55e6f3
om3_1    | 2022-04-05 03:52:59,409 [om3@group-D66704EFC61C-LeaderElection2] INFO impl.LeaderElection: om3@group-D66704EFC61C-LeaderElection2: ELECTION PASSED received 1 response(s) and 0 exception(s):
dn1_1    | 2022-04-05 03:52:56,670 [grpc-default-executor-2] INFO impl.RoleInfo: b509cb83-9946-4459-ba12-9125ca69a04b: start b509cb83-9946-4459-ba12-9125ca69a04b@group-F83602A1A4EA-FollowerState
recon_1  | 	at org.apache.hadoop.ipc.Server$RpcCall.run(Server.java:963)
scm_1    | 2022-04-05 03:52:40,908 [IPC Server handler 3 on default port 9861] INFO node.SCMNodeManager: Registered Data node : 02bb47f5-480b-40d4-a88a-92be5e55e6f3{ip: 10.9.0.17, host: ha_dn3_1.ha_net, ports: [REPLICATION=9886, RATIS=9858, RATIS_ADMIN=9857, RATIS_SERVER=9856, STANDALONE=9859], networkLocation: /default-rack, certSerialId: null, persistedOpState: IN_SERVICE, persistedOpStateExpiryEpochSec: 0}
om3_1    | 2022-04-05 03:52:59,409 [om3@group-D66704EFC61C-LeaderElection2] INFO impl.LeaderElection:   Response 0: om3<-om2#0:OK-t4
dn1_1    | 2022-04-05 03:52:56,678 [grpc-default-executor-2] INFO server.RaftServer$Division: b509cb83-9946-4459-ba12-9125ca69a04b@group-F83602A1A4EA replies to ELECTION vote request: bef96cf0-9682-4144-8a67-7c1f387ef9e1<-b509cb83-9946-4459-ba12-9125ca69a04b#0:OK-t5. Peer's state: b509cb83-9946-4459-ba12-9125ca69a04b@group-F83602A1A4EA:t5, leader=null, voted=bef96cf0-9682-4144-8a67-7c1f387ef9e1, raftlog=b509cb83-9946-4459-ba12-9125ca69a04b@group-F83602A1A4EA-SegmentedRaftLog:OPENED:c-1, conf=0: [b509cb83-9946-4459-ba12-9125ca69a04b|rpc:10.9.0.15:9856|admin:10.9.0.15:9857|client:10.9.0.15:9858|dataStream:|priority:0, 02bb47f5-480b-40d4-a88a-92be5e55e6f3|rpc:10.9.0.17:9856|admin:10.9.0.17:9857|client:10.9.0.17:9858|dataStream:|priority:1, bef96cf0-9682-4144-8a67-7c1f387ef9e1|rpc:10.9.0.16:9856|admin:10.9.0.16:9857|client:10.9.0.16:9858|dataStream:|priority:0], old=null
recon_1  | 	at java.base/java.security.AccessController.doPrivileged(Native Method)
scm_1    | 2022-04-05 03:52:40,908 [EventQueue-NewNodeForNewNodeHandler] INFO pipeline.BackgroundPipelineCreator: trigger a one-shot run on RatisPipelineUtilsThread.
om3_1    | 2022-04-05 03:52:59,409 [om3@group-D66704EFC61C-LeaderElection2] INFO impl.LeaderElection: om3@group-D66704EFC61C-LeaderElection2 ELECTION round 0: result PASSED
dn1_1    | 2022-04-05 03:52:56,685 [grpc-default-executor-2] INFO server.RaftServer$Division: b509cb83-9946-4459-ba12-9125ca69a04b@group-F83602A1A4EA: receive requestVote(ELECTION, 02bb47f5-480b-40d4-a88a-92be5e55e6f3, group-F83602A1A4EA, 5, (t:2, i:0))
recon_1  | 	at java.base/javax.security.auth.Subject.doAs(Subject.java:423)
scm_1    | 2022-04-05 03:52:40,909 [EventQueue-NodeRegistrationContainerReportForDataNodeSafeModeRule] INFO safemode.SCMSafeModeManager: SCM in safe mode. 2 DataNodes registered, 3 required.
om3_1    | 2022-04-05 03:52:59,410 [om3@group-D66704EFC61C-LeaderElection2] INFO impl.RoleInfo: om3: shutdown om3@group-D66704EFC61C-LeaderElection2
dn1_1    | 2022-04-05 03:52:56,685 [grpc-default-executor-2] INFO impl.VoteContext: b509cb83-9946-4459-ba12-9125ca69a04b@group-F83602A1A4EA-FOLLOWER: reject ELECTION from 02bb47f5-480b-40d4-a88a-92be5e55e6f3: already has voted for bef96cf0-9682-4144-8a67-7c1f387ef9e1 at current term 5
recon_1  | 	at org.apache.hadoop.security.UserGroupInformation.doAs(UserGroupInformation.java:1878)
om3_1    | 2022-04-05 03:52:59,411 [om3@group-D66704EFC61C-LeaderElection2] INFO server.RaftServer$Division: om3@group-D66704EFC61C: changes role from CANDIDATE to LEADER at term 4 for changeToLeader
scm_1    | 2022-04-05 03:52:40,942 [EventQueue-OpenPipelineForHealthyPipelineSafeModeRule] INFO safemode.SCMSafeModeManager: SCM in safe mode. Healthy pipelines reported count is 0, required healthy pipeline reported count is 1
dn1_1    | 2022-04-05 03:52:56,686 [grpc-default-executor-2] INFO server.RaftServer$Division: b509cb83-9946-4459-ba12-9125ca69a04b@group-F83602A1A4EA replies to ELECTION vote request: 02bb47f5-480b-40d4-a88a-92be5e55e6f3<-b509cb83-9946-4459-ba12-9125ca69a04b#0:FAIL-t5. Peer's state: b509cb83-9946-4459-ba12-9125ca69a04b@group-F83602A1A4EA:t5, leader=null, voted=bef96cf0-9682-4144-8a67-7c1f387ef9e1, raftlog=b509cb83-9946-4459-ba12-9125ca69a04b@group-F83602A1A4EA-SegmentedRaftLog:OPENED:c-1, conf=0: [b509cb83-9946-4459-ba12-9125ca69a04b|rpc:10.9.0.15:9856|admin:10.9.0.15:9857|client:10.9.0.15:9858|dataStream:|priority:0, 02bb47f5-480b-40d4-a88a-92be5e55e6f3|rpc:10.9.0.17:9856|admin:10.9.0.17:9857|client:10.9.0.17:9858|dataStream:|priority:1, bef96cf0-9682-4144-8a67-7c1f387ef9e1|rpc:10.9.0.16:9856|admin:10.9.0.16:9857|client:10.9.0.16:9858|dataStream:|priority:0], old=null
recon_1  | 	at org.apache.hadoop.ipc.Server$Handler.run(Server.java:2966)
om3_1    | 2022-04-05 03:52:59,411 [om3@group-D66704EFC61C-LeaderElection2] INFO server.RaftServer$Division: om3@group-D66704EFC61C: change Leader from null to om3 at term 4 for becomeLeader, leader elected after 14518ms
scm_1    | 2022-04-05 03:52:40,943 [EventQueue-OpenPipelineForHealthyPipelineSafeModeRule] INFO safemode.SCMSafeModeManager: SCM in safe mode. Healthy pipelines reported count is 0, required healthy pipeline reported count is 1
dn1_1    | 2022-04-05 03:53:01,785 [grpc-default-executor-2] INFO server.RaftServer$Division: b509cb83-9946-4459-ba12-9125ca69a04b@group-F83602A1A4EA: receive requestVote(ELECTION, bef96cf0-9682-4144-8a67-7c1f387ef9e1, group-F83602A1A4EA, 6, (t:2, i:0))
recon_1  | , while invoking $Proxy42.submitRequest over nodeId=om2,nodeAddress=om2:9862 after 1 failover attempts. Trying to failover immediately.
recon_1  | 2022-04-05 03:53:41,311 [pool-16-thread-1] INFO impl.OzoneManagerServiceProviderImpl: Got new checkpoint from OM : /data/metadata/om.snapshot.db_1649130820939
scm_1    | 2022-04-05 03:52:41,341 [Listener at 0.0.0.0/9860] INFO handler.ContextHandler: Started o.e.j.w.WebAppContext@6c33da7a{scm,/,file:///tmp/jetty-0_0_0_0-9876-hdds-server-scm-1_3_0-SNAPSHOT_jar-_-any-8169050832003793504/webapp/,AVAILABLE}{jar:file:/opt/hadoop/share/ozone/lib/hdds-server-scm-1.3.0-SNAPSHOT.jar!/webapps/scm}
recon_1  | 2022-04-05 03:53:41,316 [pool-16-thread-1] INFO codec.OmKeyInfoCodec: OmKeyInfoCodec ignorePipeline = true
om3_1    | 2022-04-05 03:52:59,419 [om3@group-D66704EFC61C-LeaderElection2] INFO server.RaftServerConfigKeys: raft.server.staging.catchup.gap = 1000 (default)
dn1_1    | 2022-04-05 03:53:01,785 [grpc-default-executor-2] INFO impl.VoteContext: b509cb83-9946-4459-ba12-9125ca69a04b@group-F83602A1A4EA-FOLLOWER: accept ELECTION from bef96cf0-9682-4144-8a67-7c1f387ef9e1: our priority 0 <= candidate's priority 0
scm_1    | 2022-04-05 03:52:41,511 [IPC Server handler 2 on default port 9861] INFO net.NetworkTopologyImpl: Added a new node: /default-rack/b509cb83-9946-4459-ba12-9125ca69a04b
recon_1  | 2022-04-05 03:53:41,316 [pool-16-thread-1] INFO codec.RepeatedOmKeyInfoCodec: RepeatedOmKeyInfoCodec ignorePipeline = true
om3_1    | 2022-04-05 03:52:59,430 [om3@group-D66704EFC61C-LeaderElection2] INFO server.RaftServerConfigKeys: raft.server.write.element-limit = 4096 (default)
dn1_1    | 2022-04-05 03:53:01,785 [grpc-default-executor-2] INFO server.RaftServer$Division: b509cb83-9946-4459-ba12-9125ca69a04b@group-F83602A1A4EA: changes role from  FOLLOWER to FOLLOWER at term 6 for candidate:bef96cf0-9682-4144-8a67-7c1f387ef9e1
scm_1    | 2022-04-05 03:52:41,514 [IPC Server handler 2 on default port 9861] INFO node.SCMNodeManager: Registered Data node : b509cb83-9946-4459-ba12-9125ca69a04b{ip: 10.9.0.15, host: ha_dn1_1.ha_net, ports: [REPLICATION=9886, RATIS=9858, RATIS_ADMIN=9857, RATIS_SERVER=9856, STANDALONE=9859], networkLocation: /default-rack, certSerialId: null, persistedOpState: IN_SERVICE, persistedOpStateExpiryEpochSec: 0}
recon_1  | 2022-04-05 03:53:41,362 [pool-16-thread-1] INFO recovery.ReconOmMetadataManagerImpl: Created OM DB handle from snapshot at /data/metadata/om.snapshot.db_1649130820939.
om3_1    | 2022-04-05 03:52:59,431 [om3@group-D66704EFC61C-LeaderElection2] INFO server.RaftServerConfigKeys: raft.server.write.byte-limit = 64MB (=67108864) (default)
dn1_1    | 2022-04-05 03:53:01,786 [grpc-default-executor-2] INFO impl.RoleInfo: b509cb83-9946-4459-ba12-9125ca69a04b: shutdown b509cb83-9946-4459-ba12-9125ca69a04b@group-F83602A1A4EA-FollowerState
scm_1    | 2022-04-05 03:52:41,525 [EventQueue-NewNodeForNewNodeHandler] INFO pipeline.BackgroundPipelineCreator: trigger a one-shot run on RatisPipelineUtilsThread.
recon_1  | 2022-04-05 03:53:41,384 [pool-16-thread-1] INFO impl.OzoneManagerServiceProviderImpl: Calling reprocess on Recon tasks.
om3_1    | 2022-04-05 03:52:59,436 [om3@group-D66704EFC61C-LeaderElection2] INFO server.RaftServerConfigKeys: raft.server.watch.timeout = 10s (default)
dn1_1    | 2022-04-05 03:53:01,786 [grpc-default-executor-2] INFO impl.RoleInfo: b509cb83-9946-4459-ba12-9125ca69a04b: start b509cb83-9946-4459-ba12-9125ca69a04b@group-F83602A1A4EA-FollowerState
scm_1    | 2022-04-05 03:52:41,568 [EventQueue-NodeRegistrationContainerReportForDataNodeSafeModeRule] INFO safemode.SCMSafeModeManager: SCM in safe mode. 3 DataNodes registered, 3 required.
recon_1  | 2022-04-05 03:53:41,385 [pool-17-thread-1] INFO tasks.NSSummaryTask: Completed a reprocess run of NSSummaryTask
om3_1    | 2022-04-05 03:52:59,437 [om3@group-D66704EFC61C-LeaderElection2] INFO server.RaftServerConfigKeys: raft.server.watch.timeout.denomination = 1s (default)
dn1_1    | 2022-04-05 03:53:01,786 [b509cb83-9946-4459-ba12-9125ca69a04b@group-F83602A1A4EA-FollowerState] INFO impl.FollowerState: b509cb83-9946-4459-ba12-9125ca69a04b@group-F83602A1A4EA-FollowerState was interrupted: {}
dn1_1    | java.lang.InterruptedException: sleep interrupted
recon_1  | 2022-04-05 03:53:41,621 [pool-17-thread-1] INFO tasks.TableCountTask: Completed a 'reprocess' run of TableCountTask.
om3_1    | 2022-04-05 03:52:59,438 [om3@group-D66704EFC61C-LeaderElection2] INFO server.RaftServerConfigKeys: raft.server.watch.element-limit = 65536 (default)
om3_1    | 2022-04-05 03:52:59,447 [om3@group-D66704EFC61C-LeaderElection2] INFO server.RaftServerConfigKeys: raft.server.write.element-limit = 4096 (default)
om3_1    | 2022-04-05 03:52:59,448 [om3@group-D66704EFC61C-LeaderElection2] INFO server.RaftServerConfigKeys: raft.server.write.follower.gap.ratio.max = -1.0 (default)
recon_1  | 2022-04-05 03:53:41,622 [pool-17-thread-1] INFO tasks.ContainerKeyMapperTask: Starting a 'reprocess' run of ContainerKeyMapperTask.
scm_1    | 2022-04-05 03:52:41,569 [EventQueue-NodeRegistrationContainerReportForDataNodeSafeModeRule] INFO safemode.SCMSafeModeManager: DataNodeSafeModeRule rule is successfully validated
om3_1    | 2022-04-05 03:52:59,462 [om3@group-D66704EFC61C-LeaderElection2] INFO server.RaftServerConfigKeys: raft.server.log.appender.snapshot.chunk.size.max = 16MB (=16777216) (default)
om3_1    | 2022-04-05 03:52:59,462 [om3@group-D66704EFC61C-LeaderElection2] INFO server.RaftServerConfigKeys: raft.server.log.appender.buffer.byte-limit = 33554432 (custom)
om3_1    | 2022-04-05 03:52:59,462 [om3@group-D66704EFC61C-LeaderElection2] INFO server.RaftServerConfigKeys: raft.server.log.appender.buffer.element-limit = 1024 (custom)
om3_1    | 2022-04-05 03:52:59,464 [om3@group-D66704EFC61C-LeaderElection2] INFO grpc.GrpcConfigKeys: raft.grpc.server.leader.outstanding.appends.max = 128 (default)
om3_1    | 2022-04-05 03:52:59,467 [om3@group-D66704EFC61C-LeaderElection2] INFO server.RaftServerConfigKeys: raft.server.rpc.request.timeout = 3000ms (default)
om3_1    | 2022-04-05 03:52:59,467 [om3@group-D66704EFC61C-LeaderElection2] INFO server.RaftServerConfigKeys: raft.server.log.appender.install.snapshot.enabled = false (custom)
om3_1    | 2022-04-05 03:52:59,478 [om3@group-D66704EFC61C-LeaderElection2] INFO server.RaftServerConfigKeys: raft.server.log.appender.snapshot.chunk.size.max = 16MB (=16777216) (default)
om3_1    | 2022-04-05 03:52:59,479 [om3@group-D66704EFC61C-LeaderElection2] INFO server.RaftServerConfigKeys: raft.server.log.appender.buffer.byte-limit = 33554432 (custom)
om3_1    | 2022-04-05 03:52:59,479 [om3@group-D66704EFC61C-LeaderElection2] INFO server.RaftServerConfigKeys: raft.server.log.appender.buffer.element-limit = 1024 (custom)
om3_1    | 2022-04-05 03:52:59,479 [om3@group-D66704EFC61C-LeaderElection2] INFO grpc.GrpcConfigKeys: raft.grpc.server.leader.outstanding.appends.max = 128 (default)
om3_1    | 2022-04-05 03:52:59,480 [om3@group-D66704EFC61C-LeaderElection2] INFO server.RaftServerConfigKeys: raft.server.rpc.request.timeout = 3000ms (default)
om3_1    | 2022-04-05 03:52:59,480 [om3@group-D66704EFC61C-LeaderElection2] INFO server.RaftServerConfigKeys: raft.server.log.appender.install.snapshot.enabled = false (custom)
om3_1    | 2022-04-05 03:52:59,486 [om3@group-D66704EFC61C-LeaderElection2] INFO impl.RoleInfo: om3: start om3@group-D66704EFC61C-LeaderStateImpl
recon_1  | 2022-04-05 03:53:41,680 [pool-17-thread-1] INFO tasks.ContainerKeyMapperTask: Completed 'reprocess' of ContainerKeyMapperTask.
recon_1  | 2022-04-05 03:53:41,680 [pool-17-thread-1] INFO tasks.ContainerKeyMapperTask: It took me 0.058 seconds to process 1 keys.
recon_1  | 2022-04-05 03:53:41,691 [pool-17-thread-1] INFO tasks.FileSizeCountTask: Deleted 0 records from "FILE_COUNT_BY_SIZE"
recon_1  | 2022-04-05 03:53:41,703 [pool-17-thread-1] INFO tasks.FileSizeCountTask: Completed a 'reprocess' run of FileSizeCountTask.
dn1_1    | 	at java.base/java.lang.Thread.sleep(Native Method)
scm_1    | 2022-04-05 03:52:41,569 [EventQueue-NodeRegistrationContainerReportForDataNodeSafeModeRule] INFO safemode.SCMSafeModeManager: All SCM safe mode pre check rules have passed
scm_1    | 2022-04-05 03:52:41,569 [EventQueue-OpenPipelineForHealthyPipelineSafeModeRule] INFO safemode.SCMSafeModeManager: SCM in safe mode. Healthy pipelines reported count is 0, required healthy pipeline reported count is 1
scm_1    | 2022-04-05 03:52:41,575 [EventQueue-OpenPipelineForHealthyPipelineSafeModeRule] INFO safemode.SCMSafeModeManager: SCM in safe mode. Healthy pipelines reported count is 1, required healthy pipeline reported count is 1
dn1_1    | 	at java.base/java.lang.Thread.sleep(Thread.java:334)
scm_1    | 2022-04-05 03:52:41,577 [Listener at 0.0.0.0/9860] INFO server.AbstractConnector: Started ServerConnector@315c081{HTTP/1.1, (http/1.1)}{0.0.0.0:9876}
scm_1    | 2022-04-05 03:52:41,577 [Listener at 0.0.0.0/9860] INFO server.Server: Started @38133ms
scm_1    | 2022-04-05 03:52:41,569 [EventQueue-NodeRegistrationContainerReportForDataNodeSafeModeRule] WARN events.EventQueue: No event handler registered for event TypedEvent{payloadType=SafeModeStatus, name='Safe mode status'}
dn1_1    | 	at java.base/java.util.concurrent.TimeUnit.sleep(TimeUnit.java:446)
scm_1    | 2022-04-05 03:52:41,601 [Listener at 0.0.0.0/9860] INFO impl.MetricsSinkAdapter: Sink prometheus started
scm_1    | 2022-04-05 03:52:41,605 [Listener at 0.0.0.0/9860] INFO impl.MetricsSystemImpl: Registered sink prometheus
scm_1    | 2022-04-05 03:52:41,589 [EventQueue-NodeRegistrationContainerReportForDataNodeSafeModeRule] INFO ha.SCMContext: Update SafeModeStatus from SafeModeStatus{safeModeStatus=true, preCheckPassed=false} to SafeModeStatus{safeModeStatus=true, preCheckPassed=true}.
dn1_1    | 	at org.apache.ratis.util.TimeDuration.sleep(TimeDuration.java:324)
scm_1    | 2022-04-05 03:52:41,606 [EventQueue-NodeRegistrationContainerReportForDataNodeSafeModeRule] INFO pipeline.BackgroundPipelineCreator: trigger a one-shot run on RatisPipelineUtilsThread.
scm_1    | 2022-04-05 03:52:41,613 [EventQueue-OpenPipelineForHealthyPipelineSafeModeRule] INFO safemode.SCMSafeModeManager: HealthyPipelineSafeModeRule rule is successfully validated
scm_1    | 2022-04-05 03:52:41,613 [EventQueue-OpenPipelineForHealthyPipelineSafeModeRule] INFO safemode.SCMSafeModeManager: ScmSafeModeManager, all rules are successfully validated
dn1_1    | 	at org.apache.ratis.util.TimeDuration.sleep(TimeDuration.java:309)
scm_1    | 2022-04-05 03:52:41,614 [EventQueue-OpenPipelineForHealthyPipelineSafeModeRule] INFO safemode.SCMSafeModeManager: SCM exiting safe mode.
om3_1    | 2022-04-05 03:52:59,498 [om3@group-D66704EFC61C-LeaderElection2] INFO segmented.SegmentedRaftLogWorker: om3@group-D66704EFC61C-SegmentedRaftLogWorker: Rolling segment log-0_8 to index:8
om3_1    | 2022-04-05 03:52:59,508 [om3@group-D66704EFC61C-SegmentedRaftLogWorker] INFO segmented.SegmentedRaftLogWorker: om3@group-D66704EFC61C-SegmentedRaftLogWorker: Rolled log segment from /data/metadata/ratis/5cb24680-b9e7-3c90-a862-d66704efc61c/current/log_inprogress_0 to /data/metadata/ratis/5cb24680-b9e7-3c90-a862-d66704efc61c/current/log_0-8
dn1_1    | 	at org.apache.ratis.server.impl.FollowerState.run(FollowerState.java:118)
scm_1    | 2022-04-05 03:52:41,614 [EventQueue-OpenPipelineForHealthyPipelineSafeModeRule] WARN events.EventQueue: No event handler registered for event TypedEvent{payloadType=SafeModeStatus, name='Safe mode status'}
scm_1    | 2022-04-05 03:52:41,618 [EventQueue-OpenPipelineForHealthyPipelineSafeModeRule] INFO ha.SCMContext: Update SafeModeStatus from SafeModeStatus{safeModeStatus=true, preCheckPassed=true} to SafeModeStatus{safeModeStatus=false, preCheckPassed=true}.
scm_1    | 2022-04-05 03:52:41,618 [EventQueue-OpenPipelineForHealthyPipelineSafeModeRule] INFO pipeline.BackgroundPipelineCreator: Service BackgroundPipelineCreator transitions to RUNNING.
dn1_1    | 2022-04-05 03:53:01,788 [grpc-default-executor-2] INFO server.RaftServer$Division: b509cb83-9946-4459-ba12-9125ca69a04b@group-F83602A1A4EA replies to ELECTION vote request: bef96cf0-9682-4144-8a67-7c1f387ef9e1<-b509cb83-9946-4459-ba12-9125ca69a04b#0:OK-t6. Peer's state: b509cb83-9946-4459-ba12-9125ca69a04b@group-F83602A1A4EA:t6, leader=null, voted=bef96cf0-9682-4144-8a67-7c1f387ef9e1, raftlog=b509cb83-9946-4459-ba12-9125ca69a04b@group-F83602A1A4EA-SegmentedRaftLog:OPENED:c-1, conf=0: [b509cb83-9946-4459-ba12-9125ca69a04b|rpc:10.9.0.15:9856|admin:10.9.0.15:9857|client:10.9.0.15:9858|dataStream:|priority:0, 02bb47f5-480b-40d4-a88a-92be5e55e6f3|rpc:10.9.0.17:9856|admin:10.9.0.17:9857|client:10.9.0.17:9858|dataStream:|priority:1, bef96cf0-9682-4144-8a67-7c1f387ef9e1|rpc:10.9.0.16:9856|admin:10.9.0.16:9857|client:10.9.0.16:9858|dataStream:|priority:0], old=null
scm_1    | 2022-04-05 03:52:41,618 [EventQueue-OpenPipelineForHealthyPipelineSafeModeRule] INFO container.ReplicationManager: Service ReplicationManager transitions to RUNNING.
scm_1    | 2022-04-05 03:52:41,629 [Listener at 0.0.0.0/9860] INFO http.BaseHttpServer: HTTP server of scm listening at http://0.0.0.0:9876
scm_1    | 2022-04-05 03:53:37,675 [IPC Server handler 73 on default port 9863] WARN ha.SequenceIdGenerator: Failed to allocate a batch for localId, expected lastId is 0, actual lastId is 109611004723200000.
scm_1    | 2022-04-05 03:53:37,676 [IPC Server handler 73 on default port 9863] INFO ha.SequenceIdGenerator: Allocate a batch for localId, change lastId from 109611004723200000 to 109611004723201000.
scm_1    | 2022-04-05 03:53:47,915 [IPC Server handler 0 on default port 9863] INFO ha.SequenceIdGenerator: Allocate a batch for delTxnId, change lastId from 0 to 1000.
om3_1    | 2022-04-05 03:52:59,532 [om3@group-D66704EFC61C-LeaderElection2] INFO server.RaftServer$Division: om3@group-D66704EFC61C: set configuration 9: [om1|rpc:om1:9872|admin:|client:|dataStream:|priority:0, om3|rpc:om3:9872|admin:|client:|dataStream:|priority:0, om2|rpc:om2:9872|admin:|client:|dataStream:|priority:0], old=null
om3_1    | 2022-04-05 03:52:59,546 [om3@group-D66704EFC61C-SegmentedRaftLogWorker] INFO segmented.SegmentedRaftLogWorker: om3@group-D66704EFC61C-SegmentedRaftLogWorker: created new log segment /data/metadata/ratis/5cb24680-b9e7-3c90-a862-d66704efc61c/current/log_inprogress_9
om3_1    | 2022-04-05 03:52:59,993 [om3@group-D66704EFC61C-StateMachineUpdater] INFO ratis.OzoneManagerStateMachine: Received Configuration change notification from Ratis. New Peer list:
om3_1    | [id: "om1"
om3_1    | address: "om1:9872"
om3_1    | , id: "om3"
om3_1    | address: "om3:9872"
om3_1    | , id: "om2"
om3_1    | address: "om2:9872"
om3_1    | ]
om3_1    | 2022-04-05 03:53:41,184 [qtp1727096642-49] INFO utils.DBCheckpointServlet: Received request to obtain DB checkpoint snapshot
om3_1    | 2022-04-05 03:53:41,203 [qtp1727096642-49] INFO db.RDBCheckpointManager: Created checkpoint at /data/metadata/db.checkpoints/om.db_checkpoint_1649130821185 in 17 milliseconds
om3_1    | 2022-04-05 03:53:41,253 [qtp1727096642-49] INFO utils.DBCheckpointServlet: Time taken to write the checkpoint to response output stream: 49 milliseconds
om3_1    | 2022-04-05 03:53:41,254 [qtp1727096642-49] INFO db.RocksDBCheckpoint: Cleaning up RocksDB checkpoint at /data/metadata/db.checkpoints/om.db_checkpoint_1649130821185
om3_1    | 2022-04-05 03:53:45,330 [OM StateMachine ApplyTransaction Thread - 0] INFO volume.OMVolumeCreateRequest: created volume:new1-volume for user:hadoop
dn1_1    | 2022-04-05 03:53:06,804 [b509cb83-9946-4459-ba12-9125ca69a04b@group-F83602A1A4EA-FollowerState] INFO impl.FollowerState: b509cb83-9946-4459-ba12-9125ca69a04b@group-F83602A1A4EA-FollowerState: change to CANDIDATE, lastRpcElapsedTime:5016270747ns, electionTimeout:5013ms
dn1_1    | 2022-04-05 03:53:06,806 [b509cb83-9946-4459-ba12-9125ca69a04b@group-F83602A1A4EA-FollowerState] INFO impl.RoleInfo: b509cb83-9946-4459-ba12-9125ca69a04b: shutdown b509cb83-9946-4459-ba12-9125ca69a04b@group-F83602A1A4EA-FollowerState
dn1_1    | 2022-04-05 03:53:06,807 [b509cb83-9946-4459-ba12-9125ca69a04b@group-F83602A1A4EA-FollowerState] INFO server.RaftServer$Division: b509cb83-9946-4459-ba12-9125ca69a04b@group-F83602A1A4EA: changes role from  FOLLOWER to CANDIDATE at term 6 for changeToCandidate
dn1_1    | 2022-04-05 03:53:06,807 [b509cb83-9946-4459-ba12-9125ca69a04b@group-F83602A1A4EA-FollowerState] INFO server.RaftServerConfigKeys: raft.server.leaderelection.pre-vote = false (custom)
dn1_1    | 2022-04-05 03:53:06,807 [b509cb83-9946-4459-ba12-9125ca69a04b@group-F83602A1A4EA-FollowerState] INFO impl.RoleInfo: b509cb83-9946-4459-ba12-9125ca69a04b: start b509cb83-9946-4459-ba12-9125ca69a04b@group-F83602A1A4EA-LeaderElection6
dn1_1    | 2022-04-05 03:53:06,808 [grpc-default-executor-2] INFO server.RaftServer$Division: b509cb83-9946-4459-ba12-9125ca69a04b@group-F83602A1A4EA: receive requestVote(ELECTION, 02bb47f5-480b-40d4-a88a-92be5e55e6f3, group-F83602A1A4EA, 7, (t:2, i:0))
dn1_1    | 2022-04-05 03:53:06,821 [grpc-default-executor-2] INFO impl.VoteContext: b509cb83-9946-4459-ba12-9125ca69a04b@group-F83602A1A4EA-CANDIDATE: accept ELECTION from 02bb47f5-480b-40d4-a88a-92be5e55e6f3: our priority 0 <= candidate's priority 1
dn1_1    | 2022-04-05 03:53:06,821 [grpc-default-executor-2] INFO server.RaftServer$Division: b509cb83-9946-4459-ba12-9125ca69a04b@group-F83602A1A4EA: changes role from CANDIDATE to FOLLOWER at term 7 for candidate:02bb47f5-480b-40d4-a88a-92be5e55e6f3
dn1_1    | 2022-04-05 03:53:06,821 [grpc-default-executor-2] INFO impl.RoleInfo: b509cb83-9946-4459-ba12-9125ca69a04b: shutdown b509cb83-9946-4459-ba12-9125ca69a04b@group-F83602A1A4EA-LeaderElection6
dn1_1    | 2022-04-05 03:53:06,821 [grpc-default-executor-2] INFO impl.RoleInfo: b509cb83-9946-4459-ba12-9125ca69a04b: start b509cb83-9946-4459-ba12-9125ca69a04b@group-F83602A1A4EA-FollowerState
dn1_1    | 2022-04-05 03:53:06,823 [b509cb83-9946-4459-ba12-9125ca69a04b@group-F83602A1A4EA-LeaderElection6] INFO impl.LeaderElection: b509cb83-9946-4459-ba12-9125ca69a04b@group-F83602A1A4EA-LeaderElection6: skip running since this is already CLOSING
dn1_1    | 2022-04-05 03:53:06,826 [grpc-default-executor-2] INFO server.RaftServer$Division: b509cb83-9946-4459-ba12-9125ca69a04b@group-F83602A1A4EA replies to ELECTION vote request: 02bb47f5-480b-40d4-a88a-92be5e55e6f3<-b509cb83-9946-4459-ba12-9125ca69a04b#0:OK-t7. Peer's state: b509cb83-9946-4459-ba12-9125ca69a04b@group-F83602A1A4EA:t7, leader=null, voted=02bb47f5-480b-40d4-a88a-92be5e55e6f3, raftlog=b509cb83-9946-4459-ba12-9125ca69a04b@group-F83602A1A4EA-SegmentedRaftLog:OPENED:c-1, conf=0: [b509cb83-9946-4459-ba12-9125ca69a04b|rpc:10.9.0.15:9856|admin:10.9.0.15:9857|client:10.9.0.15:9858|dataStream:|priority:0, 02bb47f5-480b-40d4-a88a-92be5e55e6f3|rpc:10.9.0.17:9856|admin:10.9.0.17:9857|client:10.9.0.17:9858|dataStream:|priority:1, bef96cf0-9682-4144-8a67-7c1f387ef9e1|rpc:10.9.0.16:9856|admin:10.9.0.16:9857|client:10.9.0.16:9858|dataStream:|priority:0], old=null
dn1_1    | 2022-04-05 03:53:06,968 [grpc-default-executor-2] INFO ratis.XceiverServerRatis: Leader change notification received for group: group-F83602A1A4EA with new leaderId: 02bb47f5-480b-40d4-a88a-92be5e55e6f3
dn1_1    | 2022-04-05 03:53:06,968 [grpc-default-executor-2] INFO server.RaftServer$Division: b509cb83-9946-4459-ba12-9125ca69a04b@group-F83602A1A4EA: change Leader from null to 02bb47f5-480b-40d4-a88a-92be5e55e6f3 at term 7 for appendEntries, leader elected after 34666ms
dn1_1    | 2022-04-05 03:53:07,010 [grpc-default-executor-2] INFO server.RaftServer$Division: b509cb83-9946-4459-ba12-9125ca69a04b@group-F83602A1A4EA: set configuration 1: [b509cb83-9946-4459-ba12-9125ca69a04b|rpc:10.9.0.15:9856|admin:10.9.0.15:9857|client:10.9.0.15:9858|dataStream:|priority:0, 02bb47f5-480b-40d4-a88a-92be5e55e6f3|rpc:10.9.0.17:9856|admin:10.9.0.17:9857|client:10.9.0.17:9858|dataStream:|priority:1, bef96cf0-9682-4144-8a67-7c1f387ef9e1|rpc:10.9.0.16:9856|admin:10.9.0.16:9857|client:10.9.0.16:9858|dataStream:|priority:0], old=null
dn1_1    | 2022-04-05 03:53:07,012 [grpc-default-executor-2] INFO segmented.SegmentedRaftLogWorker: b509cb83-9946-4459-ba12-9125ca69a04b@group-F83602A1A4EA-SegmentedRaftLogWorker: Rolling segment log-0_0 to index:0
dn1_1    | 2022-04-05 03:53:07,014 [b509cb83-9946-4459-ba12-9125ca69a04b@group-F83602A1A4EA-SegmentedRaftLogWorker] INFO segmented.SegmentedRaftLogWorker: b509cb83-9946-4459-ba12-9125ca69a04b@group-F83602A1A4EA-SegmentedRaftLogWorker: Rolled log segment from /data/metadata/ratis/9bcf428a-0ae3-43fe-aa5b-f83602a1a4ea/current/log_inprogress_0 to /data/metadata/ratis/9bcf428a-0ae3-43fe-aa5b-f83602a1a4ea/current/log_0-0
dn1_1    | 2022-04-05 03:53:07,018 [b509cb83-9946-4459-ba12-9125ca69a04b@group-F83602A1A4EA-SegmentedRaftLogWorker] INFO segmented.SegmentedRaftLogWorker: b509cb83-9946-4459-ba12-9125ca69a04b@group-F83602A1A4EA-SegmentedRaftLogWorker: created new log segment /data/metadata/ratis/9bcf428a-0ae3-43fe-aa5b-f83602a1a4ea/current/log_inprogress_1
