nm_1        | 2020-09-07 07:31:10 INFO  NMAuditLogger:89 - USER=hadoop	OPERATION=Container Finished - Killed	TARGET=ContainerImpl	RESULT=SUCCESS	APPID=application_1599463739995_0002	CONTAINERID=container_1599463739995_0002_01_000002
rm_1        | 2020-09-07 07:30:59 INFO  ParentQueue:523 - Re-sorting assigned queue: root.default stats: default: capacity=1.0, absoluteCapacity=1.0, usedResources=<memory:2048, vCores:1>, usedCapacity=0.25, absoluteUsedCapacity=0.25, numApps=1, numContainers=1
nm_1        | 2020-09-07 07:31:10 INFO  ContainerImpl:1135 - Container container_1599463739995_0002_01_000002 transitioned from CONTAINER_CLEANEDUP_AFTER_KILL to DONE
rm_1        | 2020-09-07 07:30:59 INFO  ParentQueue:420 - assignedContainer queue=root usedCapacity=0.25 absoluteUsedCapacity=0.25 used=<memory:2048, vCores:1> cluster=<memory:8192, vCores:8>
nm_1        | 2020-09-07 07:31:10 INFO  ApplicationImpl:347 - Removing container_1599463739995_0002_01_000002 from application application_1599463739995_0002
rm_1        | 2020-09-07 07:30:59 INFO  NMTokenSecretManagerInRM:200 - Sending NMToken for nodeId : nm:43741 for container : container_1599463739995_0002_01_000001
nm_1        | 2020-09-07 07:31:10 INFO  ContainersMonitorImpl:196 - Neither virutal-memory nor physical-memory monitoring is needed. Not running the monitor-thread
rm_1        | 2020-09-07 07:30:59 INFO  RMContainerImpl:410 - container_1599463739995_0002_01_000001 Container Transitioned from ALLOCATED to ACQUIRED
nm_1        | 2020-09-07 07:31:10 INFO  AuxServices:196 - Got event CONTAINER_STOP for appId application_1599463739995_0002
rm_1        | 2020-09-07 07:30:59 INFO  NMTokenSecretManagerInRM:146 - Clear node set for appattempt_1599463739995_0002_000001
nm_1        | 2020-09-07 07:31:12 INFO  Server:1316 - Auth successful for appattempt_1599463739995_0002_000001 (auth:SIMPLE)
rm_1        | 2020-09-07 07:30:59 INFO  RMAppAttemptImpl:1917 - Storing attempt: AppId: application_1599463739995_0002 AttemptId: appattempt_1599463739995_0002_000001 MasterContainer: Container: [ContainerId: container_1599463739995_0002_01_000001, NodeId: nm:43741, NodeHttpAddress: nm:8042, Resource: <memory:2048, vCores:1>, Priority: 0, Token: Token { kind: ContainerToken, service: 172.20.0.4:43741 }, ]
nm_1        | 2020-09-07 07:31:12 INFO  ContainerManagerImpl:810 - Start request for container_1599463739995_0002_01_000003 by user hadoop
rm_1        | 2020-09-07 07:30:59 INFO  RMAppAttemptImpl:813 - appattempt_1599463739995_0002_000001 State change from SCHEDULED to ALLOCATED_SAVING
nm_1        | 2020-09-07 07:31:12 INFO  NMAuditLogger:89 - USER=hadoop	IP=172.20.0.4	OPERATION=Start Container Request	TARGET=ContainerManageImpl	RESULT=SUCCESS	APPID=application_1599463739995_0002	CONTAINERID=container_1599463739995_0002_01_000003
rm_1        | 2020-09-07 07:30:59 INFO  RMAppAttemptImpl:813 - appattempt_1599463739995_0002_000001 State change from ALLOCATED_SAVING to ALLOCATED
nm_1        | 2020-09-07 07:31:12 INFO  ApplicationImpl:304 - Adding container_1599463739995_0002_01_000003 to application application_1599463739995_0002
rm_1        | 2020-09-07 07:30:59 INFO  AMLauncher:249 - Launching masterappattempt_1599463739995_0002_000001
nm_1        | 2020-09-07 07:31:12 INFO  ContainerImpl:1135 - Container container_1599463739995_0002_01_000003 transitioned from NEW to LOCALIZING
rm_1        | 2020-09-07 07:30:59 INFO  AMLauncher:105 - Setting up container Container: [ContainerId: container_1599463739995_0002_01_000001, NodeId: nm:43741, NodeHttpAddress: nm:8042, Resource: <memory:2048, vCores:1>, Priority: 0, Token: Token { kind: ContainerToken, service: 172.20.0.4:43741 }, ] for AM appattempt_1599463739995_0002_000001
nm_1        | 2020-09-07 07:31:12 INFO  AuxServices:196 - Got event CONTAINER_INIT for appId application_1599463739995_0002
rm_1        | 2020-09-07 07:30:59 INFO  AMLauncher:187 - Command to launch container container_1599463739995_0002_01_000001 : $JAVA_HOME/bin/java -Djava.io.tmpdir=$PWD/tmp -Dlog4j.configuration=container-log4j.properties -Dyarn.app.container.log.dir=<LOG_DIR> -Dyarn.app.container.log.filesize=0 -Dhadoop.root.logger=INFO,CLA -Dhadoop.root.logfile=syslog  -Xmx1024m org.apache.hadoop.mapreduce.v2.app.MRAppMaster 1><LOG_DIR>/stdout 2><LOG_DIR>/stderr 
nm_1        | 2020-09-07 07:31:12 INFO  AuxServices:196 - Got event APPLICATION_INIT for appId application_1599463739995_0002
rm_1        | 2020-09-07 07:30:59 INFO  AMRMTokenSecretManager:195 - Create AMRMToken for ApplicationAttempt: appattempt_1599463739995_0002_000001
nm_1        | 2020-09-07 07:31:12 INFO  AuxServices:200 - Got APPLICATION_INIT for service mapreduce_shuffle
rm_1        | 2020-09-07 07:30:59 INFO  AMRMTokenSecretManager:307 - Creating password for appattempt_1599463739995_0002_000001
nm_1        | 2020-09-07 07:31:12 INFO  ShuffleHandler:671 - Added token for job_1599463739995_0002
rm_1        | 2020-09-07 07:30:59 INFO  AMLauncher:126 - Done launching container Container: [ContainerId: container_1599463739995_0002_01_000001, NodeId: nm:43741, NodeHttpAddress: nm:8042, Resource: <memory:2048, vCores:1>, Priority: 0, Token: Token { kind: ContainerToken, service: 172.20.0.4:43741 }, ] for AM appattempt_1599463739995_0002_000001
nm_1        | 2020-09-07 07:31:12 INFO  ContainerImpl:1135 - Container container_1599463739995_0002_01_000003 transitioned from LOCALIZING to LOCALIZED
rm_1        | 2020-09-07 07:30:59 INFO  RMAppAttemptImpl:813 - appattempt_1599463739995_0002_000001 State change from ALLOCATED to LAUNCHED
nm_1        | 2020-09-07 07:31:12 INFO  ContainerImpl:1135 - Container container_1599463739995_0002_01_000003 transitioned from LOCALIZED to RUNNING
rm_1        | 2020-09-07 07:31:00 INFO  RMContainerImpl:410 - container_1599463739995_0002_01_000001 Container Transitioned from ACQUIRED to RUNNING
nm_1        | 2020-09-07 07:31:12 INFO  ContainersMonitorImpl:196 - Neither virutal-memory nor physical-memory monitoring is needed. Not running the monitor-thread
rm_1        | 2020-09-07 07:31:04 INFO  Server:1316 - Auth successful for appattempt_1599463739995_0002_000001 (auth:SIMPLE)
nm_1        | 2020-09-07 07:31:12 INFO  DefaultContainerExecutor:268 - launchContainer: [bash, /tmp/hadoop-hadoop/nm-local-dir/usercache/hadoop/appcache/application_1599463739995_0002/container_1599463739995_0002_01_000003/default_container_executor.sh]
rm_1        | 2020-09-07 07:31:04 INFO  ApplicationMasterService:274 - AM registration appattempt_1599463739995_0002_000001
nm_1        | 2020-09-07 07:31:12 INFO  NodeStatusUpdaterImpl:490 - Removed completed containers from NM context: [container_1599463739995_0002_01_000002]
rm_1        | 2020-09-07 07:31:04 INFO  RMAuditLogger:127 - USER=hadoop	IP=172.20.0.4	OPERATION=Register App Master	TARGET=ApplicationMasterService	RESULT=SUCCESS	APPID=application_1599463739995_0002	APPATTEMPTID=appattempt_1599463739995_0002_000001
nm_1        | 2020-09-07 07:31:15 INFO  Server:1316 - Auth successful for appattempt_1599463739995_0002_000001 (auth:SIMPLE)
rm_1        | 2020-09-07 07:31:04 INFO  RMAppAttemptImpl:813 - appattempt_1599463739995_0002_000001 State change from LAUNCHED to RUNNING
nm_1        | 2020-09-07 07:31:15 INFO  ContainerManagerImpl:960 - Stopping container with container Id: container_1599463739995_0002_01_000003
rm_1        | 2020-09-07 07:31:04 INFO  RMAppImpl:715 - application_1599463739995_0002 State change from ACCEPTED to RUNNING
nm_1        | 2020-09-07 07:31:15 INFO  ContainerImpl:1135 - Container container_1599463739995_0002_01_000003 transitioned from RUNNING to KILLING
rm_1        | 2020-09-07 07:31:07 INFO  RMContainerImpl:410 - container_1599463739995_0002_01_000002 Container Transitioned from NEW to ALLOCATED
nm_1        | 2020-09-07 07:31:15 INFO  ContainerLaunch:370 - Cleaning up container container_1599463739995_0002_01_000003
rm_1        | 2020-09-07 07:31:07 INFO  RMAuditLogger:106 - USER=hadoop	OPERATION=AM Allocated Container	TARGET=SchedulerApp	RESULT=SUCCESS	APPID=application_1599463739995_0002	CONTAINERID=container_1599463739995_0002_01_000002
nm_1        | 2020-09-07 07:31:15 INFO  NMAuditLogger:89 - USER=hadoop	IP=172.20.0.4	OPERATION=Stop Container Request	TARGET=ContainerManageImpl	RESULT=SUCCESS	APPID=application_1599463739995_0002	CONTAINERID=container_1599463739995_0002_01_000003
rm_1        | 2020-09-07 07:31:07 INFO  SchedulerNode:153 - Assigned container container_1599463739995_0002_01_000002 of capacity <memory:4096, vCores:1> on host nm:43741, which has 2 containers, <memory:6144, vCores:2> used and <memory:2048, vCores:6> available after allocation
nm_1        | 2020-09-07 07:31:15 WARN  DefaultContainerExecutor:224 - Exit code from container container_1599463739995_0002_01_000003 is : 143
rm_1        | 2020-09-07 07:31:07 INFO  LeafQueue:1554 - assignedContainer application attempt=appattempt_1599463739995_0002_000001 container=Container: [ContainerId: container_1599463739995_0002_01_000002, NodeId: nm:43741, NodeHttpAddress: nm:8042, Resource: <memory:4096, vCores:1>, Priority: 20, Token: null, ] queue=default: capacity=1.0, absoluteCapacity=1.0, usedResources=<memory:2048, vCores:1>, usedCapacity=0.25, absoluteUsedCapacity=0.25, numApps=1, numContainers=1 clusterResource=<memory:8192, vCores:8> type=RACK_LOCAL
nm_1        | 2020-09-07 07:31:15 INFO  ContainerImpl:1135 - Container container_1599463739995_0002_01_000003 transitioned from KILLING to CONTAINER_CLEANEDUP_AFTER_KILL
rm_1        | 2020-09-07 07:31:07 INFO  ParentQueue:523 - Re-sorting assigned queue: root.default stats: default: capacity=1.0, absoluteCapacity=1.0, usedResources=<memory:6144, vCores:2>, usedCapacity=0.75, absoluteUsedCapacity=0.75, numApps=1, numContainers=2
nm_1        | 2020-09-07 07:31:15 INFO  NMAuditLogger:89 - USER=hadoop	OPERATION=Container Finished - Killed	TARGET=ContainerImpl	RESULT=SUCCESS	APPID=application_1599463739995_0002	CONTAINERID=container_1599463739995_0002_01_000003
rm_1        | 2020-09-07 07:31:07 INFO  ParentQueue:420 - assignedContainer queue=root usedCapacity=0.75 absoluteUsedCapacity=0.75 used=<memory:6144, vCores:2> cluster=<memory:8192, vCores:8>
nm_1        | 2020-09-07 07:31:15 INFO  ContainerImpl:1135 - Container container_1599463739995_0002_01_000003 transitioned from CONTAINER_CLEANEDUP_AFTER_KILL to DONE
rm_1        | 2020-09-07 07:31:07 INFO  NMTokenSecretManagerInRM:200 - Sending NMToken for nodeId : nm:43741 for container : container_1599463739995_0002_01_000002
nm_1        | 2020-09-07 07:31:15 INFO  ApplicationImpl:347 - Removing container_1599463739995_0002_01_000003 from application application_1599463739995_0002
rm_1        | 2020-09-07 07:31:07 INFO  RMContainerImpl:410 - container_1599463739995_0002_01_000002 Container Transitioned from ALLOCATED to ACQUIRED
nm_1        | 2020-09-07 07:31:15 INFO  ContainersMonitorImpl:196 - Neither virutal-memory nor physical-memory monitoring is needed. Not running the monitor-thread
rm_1        | 2020-09-07 07:31:08 INFO  RMContainerImpl:410 - container_1599463739995_0002_01_000002 Container Transitioned from ACQUIRED to RUNNING
nm_1        | 2020-09-07 07:31:15 INFO  AuxServices:196 - Got event CONTAINER_STOP for appId application_1599463739995_0002
rm_1        | 2020-09-07 07:31:10 INFO  RMContainerImpl:410 - container_1599463739995_0002_01_000002 Container Transitioned from RUNNING to COMPLETED
nm_1        | 2020-09-07 07:31:17 INFO  Server:1316 - Auth successful for appattempt_1599463739995_0002_000001 (auth:SIMPLE)
rm_1        | 2020-09-07 07:31:10 INFO  FiCaSchedulerApp:113 - Completed container: container_1599463739995_0002_01_000002 in state: COMPLETED event:FINISHED
nm_1        | 2020-09-07 07:31:17 INFO  ContainerManagerImpl:810 - Start request for container_1599463739995_0002_01_000004 by user hadoop
rm_1        | 2020-09-07 07:31:10 INFO  RMAuditLogger:106 - USER=hadoop	OPERATION=AM Released Container	TARGET=SchedulerApp	RESULT=SUCCESS	APPID=application_1599463739995_0002	CONTAINERID=container_1599463739995_0002_01_000002
nm_1        | 2020-09-07 07:31:17 INFO  NMAuditLogger:89 - USER=hadoop	IP=172.20.0.4	OPERATION=Start Container Request	TARGET=ContainerManageImpl	RESULT=SUCCESS	APPID=application_1599463739995_0002	CONTAINERID=container_1599463739995_0002_01_000004
rm_1        | 2020-09-07 07:31:10 INFO  SchedulerNode:216 - Released container container_1599463739995_0002_01_000002 of capacity <memory:4096, vCores:1> on host nm:43741, which currently has 1 containers, <memory:2048, vCores:1> used and <memory:6144, vCores:7> available, release resources=true
nm_1        | 2020-09-07 07:31:17 INFO  ApplicationImpl:304 - Adding container_1599463739995_0002_01_000004 to application application_1599463739995_0002
rm_1        | 2020-09-07 07:31:10 INFO  LeafQueue:1707 - default used=<memory:2048, vCores:1> numContainers=1 user=hadoop user-resources=<memory:2048, vCores:1>
nm_1        | 2020-09-07 07:31:17 INFO  ContainerImpl:1135 - Container container_1599463739995_0002_01_000004 transitioned from NEW to LOCALIZING
rm_1        | 2020-09-07 07:31:10 INFO  LeafQueue:1658 - completedContainer container=Container: [ContainerId: container_1599463739995_0002_01_000002, NodeId: nm:43741, NodeHttpAddress: nm:8042, Resource: <memory:4096, vCores:1>, Priority: 20, Token: Token { kind: ContainerToken, service: 172.20.0.4:43741 }, ] queue=default: capacity=1.0, absoluteCapacity=1.0, usedResources=<memory:2048, vCores:1>, usedCapacity=0.25, absoluteUsedCapacity=0.25, numApps=1, numContainers=1 cluster=<memory:8192, vCores:8>
nm_1        | 2020-09-07 07:31:17 INFO  AuxServices:196 - Got event CONTAINER_INIT for appId application_1599463739995_0002
rm_1        | 2020-09-07 07:31:10 INFO  ParentQueue:568 - completedContainer queue=root usedCapacity=0.25 absoluteUsedCapacity=0.25 used=<memory:2048, vCores:1> cluster=<memory:8192, vCores:8>
nm_1        | 2020-09-07 07:31:17 INFO  AuxServices:196 - Got event APPLICATION_INIT for appId application_1599463739995_0002
rm_1        | 2020-09-07 07:31:10 INFO  ParentQueue:585 - Re-sorting completed queue: root.default stats: default: capacity=1.0, absoluteCapacity=1.0, usedResources=<memory:2048, vCores:1>, usedCapacity=0.25, absoluteUsedCapacity=0.25, numApps=1, numContainers=1
nm_1        | 2020-09-07 07:31:17 INFO  AuxServices:200 - Got APPLICATION_INIT for service mapreduce_shuffle
rm_1        | 2020-09-07 07:31:10 INFO  CapacityScheduler:1419 - Application attempt appattempt_1599463739995_0002_000001 released container container_1599463739995_0002_01_000002 on node: host: nm:43741 #containers=1 available=<memory:6144, vCores:7> used=<memory:2048, vCores:1> with event: FINISHED
nm_1        | 2020-09-07 07:31:17 INFO  ShuffleHandler:671 - Added token for job_1599463739995_0002
rm_1        | 2020-09-07 07:31:11 INFO  RMContainerImpl:410 - container_1599463739995_0002_01_000003 Container Transitioned from NEW to ALLOCATED
rm_1        | 2020-09-07 07:31:11 INFO  RMAuditLogger:106 - USER=hadoop	OPERATION=AM Allocated Container	TARGET=SchedulerApp	RESULT=SUCCESS	APPID=application_1599463739995_0002	CONTAINERID=container_1599463739995_0002_01_000003
rm_1        | 2020-09-07 07:31:11 INFO  SchedulerNode:153 - Assigned container container_1599463739995_0002_01_000003 of capacity <memory:4096, vCores:1> on host nm:43741, which has 2 containers, <memory:6144, vCores:2> used and <memory:2048, vCores:6> available after allocation
nm_1        | 2020-09-07 07:31:17 INFO  ContainerImpl:1135 - Container container_1599463739995_0002_01_000004 transitioned from LOCALIZING to LOCALIZED
nm_1        | 2020-09-07 07:31:17 INFO  ContainerImpl:1135 - Container container_1599463739995_0002_01_000004 transitioned from LOCALIZED to RUNNING
rm_1        | 2020-09-07 07:31:11 INFO  LeafQueue:1554 - assignedContainer application attempt=appattempt_1599463739995_0002_000001 container=Container: [ContainerId: container_1599463739995_0002_01_000003, NodeId: nm:43741, NodeHttpAddress: nm:8042, Resource: <memory:4096, vCores:1>, Priority: 20, Token: null, ] queue=default: capacity=1.0, absoluteCapacity=1.0, usedResources=<memory:2048, vCores:1>, usedCapacity=0.25, absoluteUsedCapacity=0.25, numApps=1, numContainers=1 clusterResource=<memory:8192, vCores:8> type=RACK_LOCAL
nm_1        | 2020-09-07 07:31:17 INFO  ContainersMonitorImpl:196 - Neither virutal-memory nor physical-memory monitoring is needed. Not running the monitor-thread
rm_1        | 2020-09-07 07:31:11 INFO  ParentQueue:523 - Re-sorting assigned queue: root.default stats: default: capacity=1.0, absoluteCapacity=1.0, usedResources=<memory:6144, vCores:2>, usedCapacity=0.75, absoluteUsedCapacity=0.75, numApps=1, numContainers=2
nm_1        | 2020-09-07 07:31:17 INFO  DefaultContainerExecutor:268 - launchContainer: [bash, /tmp/hadoop-hadoop/nm-local-dir/usercache/hadoop/appcache/application_1599463739995_0002/container_1599463739995_0002_01_000004/default_container_executor.sh]
rm_1        | 2020-09-07 07:31:11 INFO  ParentQueue:420 - assignedContainer queue=root usedCapacity=0.75 absoluteUsedCapacity=0.75 used=<memory:6144, vCores:2> cluster=<memory:8192, vCores:8>
nm_1        | 2020-09-07 07:31:17 INFO  NodeStatusUpdaterImpl:490 - Removed completed containers from NM context: [container_1599463739995_0002_01_000003]
rm_1        | 2020-09-07 07:31:12 INFO  RMContainerImpl:410 - container_1599463739995_0002_01_000003 Container Transitioned from ALLOCATED to ACQUIRED
nm_1        | 2020-09-07 07:31:20 INFO  Server:1316 - Auth successful for appattempt_1599463739995_0002_000001 (auth:SIMPLE)
rm_1        | 2020-09-07 07:31:12 INFO  RMContainerImpl:410 - container_1599463739995_0002_01_000003 Container Transitioned from ACQUIRED to RUNNING
nm_1        | 2020-09-07 07:31:20 INFO  ContainerManagerImpl:960 - Stopping container with container Id: container_1599463739995_0002_01_000004
rm_1        | 2020-09-07 07:31:15 INFO  RMContainerImpl:410 - container_1599463739995_0002_01_000003 Container Transitioned from RUNNING to COMPLETED
nm_1        | 2020-09-07 07:31:20 INFO  NMAuditLogger:89 - USER=hadoop	IP=172.20.0.4	OPERATION=Stop Container Request	TARGET=ContainerManageImpl	RESULT=SUCCESS	APPID=application_1599463739995_0002	CONTAINERID=container_1599463739995_0002_01_000004
rm_1        | 2020-09-07 07:31:15 INFO  FiCaSchedulerApp:113 - Completed container: container_1599463739995_0002_01_000003 in state: COMPLETED event:FINISHED
nm_1        | 2020-09-07 07:31:20 INFO  ContainerImpl:1135 - Container container_1599463739995_0002_01_000004 transitioned from RUNNING to KILLING
rm_1        | 2020-09-07 07:31:15 INFO  RMAuditLogger:106 - USER=hadoop	OPERATION=AM Released Container	TARGET=SchedulerApp	RESULT=SUCCESS	APPID=application_1599463739995_0002	CONTAINERID=container_1599463739995_0002_01_000003
nm_1        | 2020-09-07 07:31:20 INFO  ContainerLaunch:370 - Cleaning up container container_1599463739995_0002_01_000004
rm_1        | 2020-09-07 07:31:15 INFO  SchedulerNode:216 - Released container container_1599463739995_0002_01_000003 of capacity <memory:4096, vCores:1> on host nm:43741, which currently has 1 containers, <memory:2048, vCores:1> used and <memory:6144, vCores:7> available, release resources=true
nm_1        | 2020-09-07 07:31:20 WARN  DefaultContainerExecutor:224 - Exit code from container container_1599463739995_0002_01_000004 is : 143
rm_1        | 2020-09-07 07:31:15 INFO  LeafQueue:1707 - default used=<memory:2048, vCores:1> numContainers=1 user=hadoop user-resources=<memory:2048, vCores:1>
nm_1        | 2020-09-07 07:31:20 INFO  ContainerImpl:1135 - Container container_1599463739995_0002_01_000004 transitioned from KILLING to CONTAINER_CLEANEDUP_AFTER_KILL
rm_1        | 2020-09-07 07:31:15 INFO  LeafQueue:1658 - completedContainer container=Container: [ContainerId: container_1599463739995_0002_01_000003, NodeId: nm:43741, NodeHttpAddress: nm:8042, Resource: <memory:4096, vCores:1>, Priority: 20, Token: Token { kind: ContainerToken, service: 172.20.0.4:43741 }, ] queue=default: capacity=1.0, absoluteCapacity=1.0, usedResources=<memory:2048, vCores:1>, usedCapacity=0.25, absoluteUsedCapacity=0.25, numApps=1, numContainers=1 cluster=<memory:8192, vCores:8>
nm_1        | 2020-09-07 07:31:20 INFO  NMAuditLogger:89 - USER=hadoop	OPERATION=Container Finished - Killed	TARGET=ContainerImpl	RESULT=SUCCESS	APPID=application_1599463739995_0002	CONTAINERID=container_1599463739995_0002_01_000004
rm_1        | 2020-09-07 07:31:15 INFO  ParentQueue:568 - completedContainer queue=root usedCapacity=0.25 absoluteUsedCapacity=0.25 used=<memory:2048, vCores:1> cluster=<memory:8192, vCores:8>
nm_1        | 2020-09-07 07:31:20 INFO  ContainerImpl:1135 - Container container_1599463739995_0002_01_000004 transitioned from CONTAINER_CLEANEDUP_AFTER_KILL to DONE
rm_1        | 2020-09-07 07:31:15 INFO  ParentQueue:585 - Re-sorting completed queue: root.default stats: default: capacity=1.0, absoluteCapacity=1.0, usedResources=<memory:2048, vCores:1>, usedCapacity=0.25, absoluteUsedCapacity=0.25, numApps=1, numContainers=1
nm_1        | 2020-09-07 07:31:20 INFO  ApplicationImpl:347 - Removing container_1599463739995_0002_01_000004 from application application_1599463739995_0002
rm_1        | 2020-09-07 07:31:15 INFO  CapacityScheduler:1419 - Application attempt appattempt_1599463739995_0002_000001 released container container_1599463739995_0002_01_000003 on node: host: nm:43741 #containers=1 available=<memory:6144, vCores:7> used=<memory:2048, vCores:1> with event: FINISHED
nm_1        | 2020-09-07 07:31:20 INFO  ContainersMonitorImpl:196 - Neither virutal-memory nor physical-memory monitoring is needed. Not running the monitor-thread
rm_1        | 2020-09-07 07:31:16 INFO  RMContainerImpl:410 - container_1599463739995_0002_01_000004 Container Transitioned from NEW to ALLOCATED
nm_1        | 2020-09-07 07:31:20 INFO  AuxServices:196 - Got event CONTAINER_STOP for appId application_1599463739995_0002
rm_1        | 2020-09-07 07:31:16 INFO  RMAuditLogger:106 - USER=hadoop	OPERATION=AM Allocated Container	TARGET=SchedulerApp	RESULT=SUCCESS	APPID=application_1599463739995_0002	CONTAINERID=container_1599463739995_0002_01_000004
nm_1        | 2020-09-07 07:31:21 INFO  Server:1316 - Auth successful for appattempt_1599463739995_0002_000001 (auth:SIMPLE)
rm_1        | 2020-09-07 07:31:16 INFO  SchedulerNode:153 - Assigned container container_1599463739995_0002_01_000004 of capacity <memory:4096, vCores:1> on host nm:43741, which has 2 containers, <memory:6144, vCores:2> used and <memory:2048, vCores:6> available after allocation
nm_1        | 2020-09-07 07:31:21 INFO  ContainerManagerImpl:810 - Start request for container_1599463739995_0002_01_000005 by user hadoop
rm_1        | 2020-09-07 07:31:16 INFO  LeafQueue:1554 - assignedContainer application attempt=appattempt_1599463739995_0002_000001 container=Container: [ContainerId: container_1599463739995_0002_01_000004, NodeId: nm:43741, NodeHttpAddress: nm:8042, Resource: <memory:4096, vCores:1>, Priority: 20, Token: null, ] queue=default: capacity=1.0, absoluteCapacity=1.0, usedResources=<memory:2048, vCores:1>, usedCapacity=0.25, absoluteUsedCapacity=0.25, numApps=1, numContainers=1 clusterResource=<memory:8192, vCores:8> type=RACK_LOCAL
nm_1        | 2020-09-07 07:31:21 INFO  NMAuditLogger:89 - USER=hadoop	IP=172.20.0.4	OPERATION=Start Container Request	TARGET=ContainerManageImpl	RESULT=SUCCESS	APPID=application_1599463739995_0002	CONTAINERID=container_1599463739995_0002_01_000005
rm_1        | 2020-09-07 07:31:16 INFO  ParentQueue:523 - Re-sorting assigned queue: root.default stats: default: capacity=1.0, absoluteCapacity=1.0, usedResources=<memory:6144, vCores:2>, usedCapacity=0.75, absoluteUsedCapacity=0.75, numApps=1, numContainers=2
nm_1        | 2020-09-07 07:31:21 INFO  ApplicationImpl:304 - Adding container_1599463739995_0002_01_000005 to application application_1599463739995_0002
rm_1        | 2020-09-07 07:31:16 INFO  ParentQueue:420 - assignedContainer queue=root usedCapacity=0.75 absoluteUsedCapacity=0.75 used=<memory:6144, vCores:2> cluster=<memory:8192, vCores:8>
nm_1        | 2020-09-07 07:31:21 INFO  ContainerImpl:1135 - Container container_1599463739995_0002_01_000005 transitioned from NEW to LOCALIZING
rm_1        | 2020-09-07 07:31:17 INFO  RMContainerImpl:410 - container_1599463739995_0002_01_000004 Container Transitioned from ALLOCATED to ACQUIRED
nm_1        | 2020-09-07 07:31:21 INFO  AuxServices:196 - Got event CONTAINER_INIT for appId application_1599463739995_0002
rm_1        | 2020-09-07 07:31:17 INFO  RMContainerImpl:410 - container_1599463739995_0002_01_000004 Container Transitioned from ACQUIRED to RUNNING
nm_1        | 2020-09-07 07:31:21 INFO  AuxServices:196 - Got event APPLICATION_INIT for appId application_1599463739995_0002
rm_1        | 2020-09-07 07:31:18 INFO  AppSchedulingInfo:181 - checking for deactivate of application :application_1599463739995_0002
nm_1        | 2020-09-07 07:31:21 INFO  AuxServices:200 - Got APPLICATION_INIT for service mapreduce_shuffle
rm_1        | 2020-09-07 07:31:20 INFO  RMContainerImpl:410 - container_1599463739995_0002_01_000004 Container Transitioned from RUNNING to COMPLETED
nm_1        | 2020-09-07 07:31:21 INFO  ShuffleHandler:671 - Added token for job_1599463739995_0002
rm_1        | 2020-09-07 07:31:20 INFO  FiCaSchedulerApp:113 - Completed container: container_1599463739995_0002_01_000004 in state: COMPLETED event:FINISHED
nm_1        | 2020-09-07 07:31:21 INFO  ContainerImpl:1135 - Container container_1599463739995_0002_01_000005 transitioned from LOCALIZING to LOCALIZED
rm_1        | 2020-09-07 07:31:20 INFO  RMAuditLogger:106 - USER=hadoop	OPERATION=AM Released Container	TARGET=SchedulerApp	RESULT=SUCCESS	APPID=application_1599463739995_0002	CONTAINERID=container_1599463739995_0002_01_000004
nm_1        | 2020-09-07 07:31:21 INFO  ContainerImpl:1135 - Container container_1599463739995_0002_01_000005 transitioned from LOCALIZED to RUNNING
rm_1        | 2020-09-07 07:31:20 INFO  SchedulerNode:216 - Released container container_1599463739995_0002_01_000004 of capacity <memory:4096, vCores:1> on host nm:43741, which currently has 1 containers, <memory:2048, vCores:1> used and <memory:6144, vCores:7> available, release resources=true
nm_1        | 2020-09-07 07:31:21 INFO  ContainersMonitorImpl:196 - Neither virutal-memory nor physical-memory monitoring is needed. Not running the monitor-thread
rm_1        | 2020-09-07 07:31:20 INFO  LeafQueue:1707 - default used=<memory:2048, vCores:1> numContainers=1 user=hadoop user-resources=<memory:2048, vCores:1>
nm_1        | 2020-09-07 07:31:21 INFO  DefaultContainerExecutor:268 - launchContainer: [bash, /tmp/hadoop-hadoop/nm-local-dir/usercache/hadoop/appcache/application_1599463739995_0002/container_1599463739995_0002_01_000005/default_container_executor.sh]
rm_1        | 2020-09-07 07:31:20 INFO  LeafQueue:1658 - completedContainer container=Container: [ContainerId: container_1599463739995_0002_01_000004, NodeId: nm:43741, NodeHttpAddress: nm:8042, Resource: <memory:4096, vCores:1>, Priority: 20, Token: Token { kind: ContainerToken, service: 172.20.0.4:43741 }, ] queue=default: capacity=1.0, absoluteCapacity=1.0, usedResources=<memory:2048, vCores:1>, usedCapacity=0.25, absoluteUsedCapacity=0.25, numApps=1, numContainers=1 cluster=<memory:8192, vCores:8>
nm_1        | 2020-09-07 07:31:22 INFO  NodeStatusUpdaterImpl:490 - Removed completed containers from NM context: [container_1599463739995_0002_01_000004]
rm_1        | 2020-09-07 07:31:20 INFO  ParentQueue:568 - completedContainer queue=root usedCapacity=0.25 absoluteUsedCapacity=0.25 used=<memory:2048, vCores:1> cluster=<memory:8192, vCores:8>
nm_1        | 2020-09-07 07:31:23 INFO  ShuffleHandler:1047 - Setting connection close header...
rm_1        | 2020-09-07 07:31:20 INFO  ParentQueue:585 - Re-sorting completed queue: root.default stats: default: capacity=1.0, absoluteCapacity=1.0, usedResources=<memory:2048, vCores:1>, usedCapacity=0.25, absoluteUsedCapacity=0.25, numApps=1, numContainers=1
nm_1        | 2020-09-07 07:31:25 INFO  Server:1316 - Auth successful for appattempt_1599463739995_0002_000001 (auth:SIMPLE)
rm_1        | 2020-09-07 07:31:20 INFO  CapacityScheduler:1419 - Application attempt appattempt_1599463739995_0002_000001 released container container_1599463739995_0002_01_000004 on node: host: nm:43741 #containers=1 available=<memory:6144, vCores:7> used=<memory:2048, vCores:1> with event: FINISHED
nm_1        | 2020-09-07 07:31:25 INFO  ContainerManagerImpl:960 - Stopping container with container Id: container_1599463739995_0002_01_000005
rm_1        | 2020-09-07 07:31:20 INFO  RMContainerImpl:410 - container_1599463739995_0002_01_000005 Container Transitioned from NEW to ALLOCATED
nm_1        | 2020-09-07 07:31:25 INFO  ContainerImpl:1135 - Container container_1599463739995_0002_01_000005 transitioned from RUNNING to KILLING
rm_1        | 2020-09-07 07:31:20 INFO  RMAuditLogger:106 - USER=hadoop	OPERATION=AM Allocated Container	TARGET=SchedulerApp	RESULT=SUCCESS	APPID=application_1599463739995_0002	CONTAINERID=container_1599463739995_0002_01_000005
nm_1        | 2020-09-07 07:31:25 INFO  ContainerLaunch:370 - Cleaning up container container_1599463739995_0002_01_000005
rm_1        | 2020-09-07 07:31:20 INFO  SchedulerNode:153 - Assigned container container_1599463739995_0002_01_000005 of capacity <memory:4096, vCores:1> on host nm:43741, which has 2 containers, <memory:6144, vCores:2> used and <memory:2048, vCores:6> available after allocation
nm_1        | 2020-09-07 07:31:25 INFO  NMAuditLogger:89 - USER=hadoop	IP=172.20.0.4	OPERATION=Stop Container Request	TARGET=ContainerManageImpl	RESULT=SUCCESS	APPID=application_1599463739995_0002	CONTAINERID=container_1599463739995_0002_01_000005
rm_1        | 2020-09-07 07:31:20 INFO  LeafQueue:1554 - assignedContainer application attempt=appattempt_1599463739995_0002_000001 container=Container: [ContainerId: container_1599463739995_0002_01_000005, NodeId: nm:43741, NodeHttpAddress: nm:8042, Resource: <memory:4096, vCores:1>, Priority: 10, Token: null, ] queue=default: capacity=1.0, absoluteCapacity=1.0, usedResources=<memory:2048, vCores:1>, usedCapacity=0.25, absoluteUsedCapacity=0.25, numApps=1, numContainers=1 clusterResource=<memory:8192, vCores:8> type=OFF_SWITCH
nm_1        | 2020-09-07 07:31:25 WARN  DefaultContainerExecutor:224 - Exit code from container container_1599463739995_0002_01_000005 is : 143
rm_1        | 2020-09-07 07:31:20 INFO  ParentQueue:523 - Re-sorting assigned queue: root.default stats: default: capacity=1.0, absoluteCapacity=1.0, usedResources=<memory:6144, vCores:2>, usedCapacity=0.75, absoluteUsedCapacity=0.75, numApps=1, numContainers=2
nm_1        | 2020-09-07 07:31:25 INFO  ContainerImpl:1135 - Container container_1599463739995_0002_01_000005 transitioned from KILLING to CONTAINER_CLEANEDUP_AFTER_KILL
rm_1        | 2020-09-07 07:31:20 INFO  ParentQueue:420 - assignedContainer queue=root usedCapacity=0.75 absoluteUsedCapacity=0.75 used=<memory:6144, vCores:2> cluster=<memory:8192, vCores:8>
nm_1        | 2020-09-07 07:31:25 INFO  NMAuditLogger:89 - USER=hadoop	OPERATION=Container Finished - Killed	TARGET=ContainerImpl	RESULT=SUCCESS	APPID=application_1599463739995_0002	CONTAINERID=container_1599463739995_0002_01_000005
rm_1        | 2020-09-07 07:31:21 INFO  RMContainerImpl:410 - container_1599463739995_0002_01_000005 Container Transitioned from ALLOCATED to ACQUIRED
nm_1        | 2020-09-07 07:31:25 INFO  ContainerImpl:1135 - Container container_1599463739995_0002_01_000005 transitioned from CONTAINER_CLEANEDUP_AFTER_KILL to DONE
rm_1        | 2020-09-07 07:31:21 INFO  RMContainerImpl:410 - container_1599463739995_0002_01_000005 Container Transitioned from ACQUIRED to RUNNING
nm_1        | 2020-09-07 07:31:25 INFO  ApplicationImpl:347 - Removing container_1599463739995_0002_01_000005 from application application_1599463739995_0002
rm_1        | 2020-09-07 07:31:22 INFO  AppSchedulingInfo:181 - checking for deactivate of application :application_1599463739995_0002
nm_1        | 2020-09-07 07:31:25 INFO  ContainersMonitorImpl:196 - Neither virutal-memory nor physical-memory monitoring is needed. Not running the monitor-thread
rm_1        | 2020-09-07 07:31:25 INFO  RMContainerImpl:410 - container_1599463739995_0002_01_000005 Container Transitioned from RUNNING to COMPLETED
nm_1        | 2020-09-07 07:31:25 INFO  AuxServices:196 - Got event CONTAINER_STOP for appId application_1599463739995_0002
rm_1        | 2020-09-07 07:31:25 INFO  FiCaSchedulerApp:113 - Completed container: container_1599463739995_0002_01_000005 in state: COMPLETED event:FINISHED
nm_1        | 2020-09-07 07:31:27 INFO  NodeStatusUpdaterImpl:490 - Removed completed containers from NM context: [container_1599463739995_0002_01_000005]
rm_1        | 2020-09-07 07:31:25 INFO  RMAuditLogger:106 - USER=hadoop	OPERATION=AM Released Container	TARGET=SchedulerApp	RESULT=SUCCESS	APPID=application_1599463739995_0002	CONTAINERID=container_1599463739995_0002_01_000005
nm_1        | 2020-09-07 07:31:34 INFO  ContainerLaunch:346 - Container container_1599463739995_0002_01_000001 succeeded 
rm_1        | 2020-09-07 07:31:25 INFO  SchedulerNode:216 - Released container container_1599463739995_0002_01_000005 of capacity <memory:4096, vCores:1> on host nm:43741, which currently has 1 containers, <memory:2048, vCores:1> used and <memory:6144, vCores:7> available, release resources=true
nm_1        | 2020-09-07 07:31:34 INFO  ContainerImpl:1135 - Container container_1599463739995_0002_01_000001 transitioned from RUNNING to EXITED_WITH_SUCCESS
rm_1        | 2020-09-07 07:31:25 INFO  LeafQueue:1707 - default used=<memory:2048, vCores:1> numContainers=1 user=hadoop user-resources=<memory:2048, vCores:1>
nm_1        | 2020-09-07 07:31:34 INFO  ContainerLaunch:370 - Cleaning up container container_1599463739995_0002_01_000001
rm_1        | 2020-09-07 07:31:25 INFO  LeafQueue:1658 - completedContainer container=Container: [ContainerId: container_1599463739995_0002_01_000005, NodeId: nm:43741, NodeHttpAddress: nm:8042, Resource: <memory:4096, vCores:1>, Priority: 10, Token: Token { kind: ContainerToken, service: 172.20.0.4:43741 }, ] queue=default: capacity=1.0, absoluteCapacity=1.0, usedResources=<memory:2048, vCores:1>, usedCapacity=0.25, absoluteUsedCapacity=0.25, numApps=1, numContainers=1 cluster=<memory:8192, vCores:8>
nm_1        | 2020-09-07 07:31:34 INFO  NMAuditLogger:89 - USER=hadoop	OPERATION=Container Finished - Succeeded	TARGET=ContainerImpl	RESULT=SUCCESS	APPID=application_1599463739995_0002	CONTAINERID=container_1599463739995_0002_01_000001
rm_1        | 2020-09-07 07:31:25 INFO  ParentQueue:568 - completedContainer queue=root usedCapacity=0.25 absoluteUsedCapacity=0.25 used=<memory:2048, vCores:1> cluster=<memory:8192, vCores:8>
nm_1        | 2020-09-07 07:31:34 INFO  ContainerImpl:1135 - Container container_1599463739995_0002_01_000001 transitioned from EXITED_WITH_SUCCESS to DONE
rm_1        | 2020-09-07 07:31:25 INFO  ParentQueue:585 - Re-sorting completed queue: root.default stats: default: capacity=1.0, absoluteCapacity=1.0, usedResources=<memory:2048, vCores:1>, usedCapacity=0.25, absoluteUsedCapacity=0.25, numApps=1, numContainers=1
nm_1        | 2020-09-07 07:31:34 INFO  ApplicationImpl:347 - Removing container_1599463739995_0002_01_000001 from application application_1599463739995_0002
rm_1        | 2020-09-07 07:31:25 INFO  CapacityScheduler:1419 - Application attempt appattempt_1599463739995_0002_000001 released container container_1599463739995_0002_01_000005 on node: host: nm:43741 #containers=1 available=<memory:6144, vCores:7> used=<memory:2048, vCores:1> with event: FINISHED
nm_1        | 2020-09-07 07:31:34 INFO  ContainersMonitorImpl:196 - Neither virutal-memory nor physical-memory monitoring is needed. Not running the monitor-thread
rm_1        | 2020-09-07 07:31:28 INFO  RMAppAttemptImpl:1206 - Updating application attempt appattempt_1599463739995_0002_000001 with final state: FINISHING, and exit status: -1000
nm_1        | 2020-09-07 07:31:34 INFO  AuxServices:196 - Got event CONTAINER_STOP for appId application_1599463739995_0002
rm_1        | 2020-09-07 07:31:28 INFO  RMAppAttemptImpl:813 - appattempt_1599463739995_0002_000001 State change from RUNNING to FINAL_SAVING
rm_1        | 2020-09-07 07:31:28 INFO  RMAppImpl:993 - Updating application application_1599463739995_0002 with final state: FINISHING
rm_1        | 2020-09-07 07:31:28 INFO  RMAppImpl:715 - application_1599463739995_0002 State change from RUNNING to FINAL_SAVING
rm_1        | 2020-09-07 07:31:28 INFO  RMStateStore:223 - Updating info for app: application_1599463739995_0002
rm_1        | 2020-09-07 07:31:28 INFO  RMAppAttemptImpl:813 - appattempt_1599463739995_0002_000001 State change from FINAL_SAVING to FINISHING
rm_1        | 2020-09-07 07:31:28 INFO  RMAppImpl:715 - application_1599463739995_0002 State change from FINAL_SAVING to FINISHING
rm_1        | 2020-09-07 07:31:29 INFO  ApplicationMasterService:354 - application_1599463739995_0002 unregistered successfully. 
rm_1        | 2020-09-07 07:31:34 INFO  RMContainerImpl:410 - container_1599463739995_0002_01_000001 Container Transitioned from RUNNING to COMPLETED
rm_1        | 2020-09-07 07:31:34 INFO  FiCaSchedulerApp:113 - Completed container: container_1599463739995_0002_01_000001 in state: COMPLETED event:FINISHED
nm_1        | 2020-09-07 07:31:34 INFO  Server:1316 - Auth successful for appattempt_1599463739995_0002_000001 (auth:SIMPLE)
nm_1        | 2020-09-07 07:31:34 INFO  ContainerManagerImpl:960 - Stopping container with container Id: container_1599463739995_0002_01_000001
nm_1        | 2020-09-07 07:31:34 INFO  NMAuditLogger:89 - USER=hadoop	IP=172.20.0.3	OPERATION=Stop Container Request	TARGET=ContainerManageImpl	RESULT=SUCCESS	APPID=application_1599463739995_0002	CONTAINERID=container_1599463739995_0002_01_000001
nm_1        | 2020-09-07 07:31:35 INFO  NodeStatusUpdaterImpl:490 - Removed completed containers from NM context: [container_1599463739995_0002_01_000001]
nm_1        | 2020-09-07 07:31:35 INFO  ApplicationImpl:464 - Application application_1599463739995_0002 transitioned from RUNNING to APPLICATION_RESOURCES_CLEANINGUP
nm_1        | 2020-09-07 07:31:35 INFO  AuxServices:196 - Got event APPLICATION_STOP for appId application_1599463739995_0002
nm_1        | 2020-09-07 07:31:35 INFO  ApplicationImpl:464 - Application application_1599463739995_0002 transitioned from APPLICATION_RESOURCES_CLEANINGUP to FINISHED
nm_1        | 2020-09-07 07:31:35 INFO  NonAggregatingLogHandler:167 - Scheduling Log Deletion for application: application_1599463739995_0002, with delay of 10800 seconds
nm_1        | 2020-09-07 07:31:53 INFO  Server:1316 - Auth successful for appattempt_1599463739995_0003_000001 (auth:SIMPLE)
nm_1        | 2020-09-07 07:31:53 INFO  ContainerManagerImpl:810 - Start request for container_1599463739995_0003_01_000001 by user hadoop
nm_1        | 2020-09-07 07:31:53 INFO  ContainerManagerImpl:850 - Creating a new application reference for app application_1599463739995_0003
nm_1        | 2020-09-07 07:31:53 INFO  NMAuditLogger:89 - USER=hadoop	IP=172.20.0.3	OPERATION=Start Container Request	TARGET=ContainerManageImpl	RESULT=SUCCESS	APPID=application_1599463739995_0003	CONTAINERID=container_1599463739995_0003_01_000001
nm_1        | 2020-09-07 07:31:53 INFO  ApplicationImpl:464 - Application application_1599463739995_0003 transitioned from NEW to INITING
nm_1        | 2020-09-07 07:31:53 INFO  ApplicationImpl:304 - Adding container_1599463739995_0003_01_000001 to application application_1599463739995_0003
nm_1        | 2020-09-07 07:31:53 INFO  ApplicationImpl:464 - Application application_1599463739995_0003 transitioned from INITING to RUNNING
nm_1        | 2020-09-07 07:31:53 INFO  ContainerImpl:1135 - Container container_1599463739995_0003_01_000001 transitioned from NEW to LOCALIZING
nm_1        | 2020-09-07 07:31:53 INFO  AuxServices:196 - Got event CONTAINER_INIT for appId application_1599463739995_0003
nm_1        | 2020-09-07 07:31:53 INFO  LocalizedResource:203 - Resource ofs://om/user/hadoop/.staging/job_1599463739995_0003/job.splitmetainfo transitioned from INIT to DOWNLOADING
nm_1        | 2020-09-07 07:31:53 INFO  LocalizedResource:203 - Resource ofs://om/user/hadoop/.staging/job_1599463739995_0003/job.jar transitioned from INIT to DOWNLOADING
nm_1        | 2020-09-07 07:31:53 INFO  LocalizedResource:203 - Resource ofs://om/user/hadoop/.staging/job_1599463739995_0003/job.split transitioned from INIT to DOWNLOADING
nm_1        | 2020-09-07 07:31:53 INFO  LocalizedResource:203 - Resource ofs://om/user/hadoop/.staging/job_1599463739995_0003/job.xml transitioned from INIT to DOWNLOADING
nm_1        | 2020-09-07 07:31:53 INFO  ResourceLocalizationService:711 - Created localizer for container_1599463739995_0003_01_000001
nm_1        | 2020-09-07 07:31:53 INFO  ResourceLocalizationService:1191 - Writing credentials to the nmPrivate file /tmp/hadoop-hadoop/nm-local-dir/nmPrivate/container_1599463739995_0003_01_000001.tokens. Credentials list: 
nm_1        | 2020-09-07 07:31:53 INFO  DefaultContainerExecutor:612 - Initializing user hadoop
nm_1        | 2020-09-07 07:31:53 INFO  DefaultContainerExecutor:117 - Copying from /tmp/hadoop-hadoop/nm-local-dir/nmPrivate/container_1599463739995_0003_01_000001.tokens to /tmp/hadoop-hadoop/nm-local-dir/usercache/hadoop/appcache/application_1599463739995_0003/container_1599463739995_0003_01_000001.tokens
nm_1        | 2020-09-07 07:31:53 INFO  DefaultContainerExecutor:124 - Localizer CWD set to /tmp/hadoop-hadoop/nm-local-dir/usercache/hadoop/appcache/application_1599463739995_0003 = file:/tmp/hadoop-hadoop/nm-local-dir/usercache/hadoop/appcache/application_1599463739995_0003
nm_1        | 2020-09-07 07:31:53 INFO  LocalizedResource:203 - Resource ofs://om/user/hadoop/.staging/job_1599463739995_0003/job.splitmetainfo(->/tmp/hadoop-hadoop/nm-local-dir/usercache/hadoop/appcache/application_1599463739995_0003/filecache/10/job.splitmetainfo) transitioned from DOWNLOADING to LOCALIZED
nm_1        | 2020-09-07 07:31:53 INFO  LocalizedResource:203 - Resource ofs://om/user/hadoop/.staging/job_1599463739995_0003/job.jar(->/tmp/hadoop-hadoop/nm-local-dir/usercache/hadoop/appcache/application_1599463739995_0003/filecache/11/job.jar) transitioned from DOWNLOADING to LOCALIZED
nm_1        | 2020-09-07 07:31:53 INFO  LocalizedResource:203 - Resource ofs://om/user/hadoop/.staging/job_1599463739995_0003/job.split(->/tmp/hadoop-hadoop/nm-local-dir/usercache/hadoop/appcache/application_1599463739995_0003/filecache/12/job.split) transitioned from DOWNLOADING to LOCALIZED
nm_1        | 2020-09-07 07:31:53 INFO  LocalizedResource:203 - Resource ofs://om/user/hadoop/.staging/job_1599463739995_0003/job.xml(->/tmp/hadoop-hadoop/nm-local-dir/usercache/hadoop/appcache/application_1599463739995_0003/filecache/13/job.xml) transitioned from DOWNLOADING to LOCALIZED
nm_1        | 2020-09-07 07:31:53 INFO  ContainerImpl:1135 - Container container_1599463739995_0003_01_000001 transitioned from LOCALIZING to LOCALIZED
nm_1        | 2020-09-07 07:31:54 INFO  ContainerImpl:1135 - Container container_1599463739995_0003_01_000001 transitioned from LOCALIZED to RUNNING
nm_1        | 2020-09-07 07:31:54 INFO  ContainersMonitorImpl:196 - Neither virutal-memory nor physical-memory monitoring is needed. Not running the monitor-thread
nm_1        | 2020-09-07 07:31:54 INFO  DefaultContainerExecutor:268 - launchContainer: [bash, /tmp/hadoop-hadoop/nm-local-dir/usercache/hadoop/appcache/application_1599463739995_0003/container_1599463739995_0003_01_000001/default_container_executor.sh]
nm_1        | 2020-09-07 07:32:01 INFO  Server:1316 - Auth successful for appattempt_1599463739995_0003_000001 (auth:SIMPLE)
nm_1        | 2020-09-07 07:32:01 INFO  ContainerManagerImpl:810 - Start request for container_1599463739995_0003_01_000002 by user hadoop
nm_1        | 2020-09-07 07:32:01 INFO  NMAuditLogger:89 - USER=hadoop	IP=172.20.0.4	OPERATION=Start Container Request	TARGET=ContainerManageImpl	RESULT=SUCCESS	APPID=application_1599463739995_0003	CONTAINERID=container_1599463739995_0003_01_000002
nm_1        | 2020-09-07 07:32:01 INFO  ApplicationImpl:304 - Adding container_1599463739995_0003_01_000002 to application application_1599463739995_0003
nm_1        | 2020-09-07 07:32:01 INFO  ContainerImpl:1135 - Container container_1599463739995_0003_01_000002 transitioned from NEW to LOCALIZING
nm_1        | 2020-09-07 07:32:01 INFO  AuxServices:196 - Got event CONTAINER_INIT for appId application_1599463739995_0003
nm_1        | 2020-09-07 07:32:01 INFO  AuxServices:196 - Got event APPLICATION_INIT for appId application_1599463739995_0003
nm_1        | 2020-09-07 07:32:01 INFO  AuxServices:200 - Got APPLICATION_INIT for service mapreduce_shuffle
nm_1        | 2020-09-07 07:32:01 INFO  ShuffleHandler:671 - Added token for job_1599463739995_0003
nm_1        | 2020-09-07 07:32:01 INFO  ContainerImpl:1135 - Container container_1599463739995_0003_01_000002 transitioned from LOCALIZING to LOCALIZED
nm_1        | 2020-09-07 07:32:01 INFO  ContainerImpl:1135 - Container container_1599463739995_0003_01_000002 transitioned from LOCALIZED to RUNNING
nm_1        | 2020-09-07 07:32:01 INFO  ContainersMonitorImpl:196 - Neither virutal-memory nor physical-memory monitoring is needed. Not running the monitor-thread
rm_1        | 2020-09-07 07:31:34 INFO  RMAuditLogger:106 - USER=hadoop	OPERATION=AM Released Container	TARGET=SchedulerApp	RESULT=SUCCESS	APPID=application_1599463739995_0002	CONTAINERID=container_1599463739995_0002_01_000001
nm_1        | 2020-09-07 07:32:01 INFO  DefaultContainerExecutor:268 - launchContainer: [bash, /tmp/hadoop-hadoop/nm-local-dir/usercache/hadoop/appcache/application_1599463739995_0003/container_1599463739995_0003_01_000002/default_container_executor.sh]
rm_1        | 2020-09-07 07:31:34 INFO  SchedulerNode:216 - Released container container_1599463739995_0002_01_000001 of capacity <memory:2048, vCores:1> on host nm:43741, which currently has 0 containers, <memory:0, vCores:0> used and <memory:8192, vCores:8> available, release resources=true
nm_1        | 2020-09-07 07:32:04 INFO  Server:1316 - Auth successful for appattempt_1599463739995_0003_000001 (auth:SIMPLE)
rm_1        | 2020-09-07 07:31:34 INFO  LeafQueue:1707 - default used=<memory:0, vCores:0> numContainers=0 user=hadoop user-resources=<memory:0, vCores:0>
nm_1        | 2020-09-07 07:32:04 INFO  ContainerManagerImpl:960 - Stopping container with container Id: container_1599463739995_0003_01_000002
rm_1        | 2020-09-07 07:31:34 INFO  LeafQueue:1658 - completedContainer container=Container: [ContainerId: container_1599463739995_0002_01_000001, NodeId: nm:43741, NodeHttpAddress: nm:8042, Resource: <memory:2048, vCores:1>, Priority: 0, Token: Token { kind: ContainerToken, service: 172.20.0.4:43741 }, ] queue=default: capacity=1.0, absoluteCapacity=1.0, usedResources=<memory:0, vCores:0>, usedCapacity=0.0, absoluteUsedCapacity=0.0, numApps=1, numContainers=0 cluster=<memory:8192, vCores:8>
nm_1        | 2020-09-07 07:32:04 INFO  NMAuditLogger:89 - USER=hadoop	IP=172.20.0.4	OPERATION=Stop Container Request	TARGET=ContainerManageImpl	RESULT=SUCCESS	APPID=application_1599463739995_0003	CONTAINERID=container_1599463739995_0003_01_000002
rm_1        | 2020-09-07 07:31:34 INFO  ApplicationMasterService:684 - Unregistering app attempt : appattempt_1599463739995_0002_000001
nm_1        | 2020-09-07 07:32:04 INFO  ContainerImpl:1135 - Container container_1599463739995_0003_01_000002 transitioned from RUNNING to KILLING
rm_1        | 2020-09-07 07:31:34 INFO  AMRMTokenSecretManager:124 - Application finished, removing password for appattempt_1599463739995_0002_000001
nm_1        | 2020-09-07 07:32:04 INFO  ContainerLaunch:370 - Cleaning up container container_1599463739995_0003_01_000002
rm_1        | 2020-09-07 07:31:34 INFO  RMAppAttemptImpl:813 - appattempt_1599463739995_0002_000001 State change from FINISHING to FINISHED
nm_1        | 2020-09-07 07:32:04 WARN  DefaultContainerExecutor:224 - Exit code from container container_1599463739995_0003_01_000002 is : 143
rm_1        | 2020-09-07 07:31:34 INFO  RMAppImpl:715 - application_1599463739995_0002 State change from FINISHING to FINISHED
nm_1        | 2020-09-07 07:32:04 INFO  ContainerImpl:1135 - Container container_1599463739995_0003_01_000002 transitioned from KILLING to CONTAINER_CLEANEDUP_AFTER_KILL
rm_1        | 2020-09-07 07:31:34 INFO  RMAuditLogger:148 - USER=hadoop	OPERATION=Application Finished - Succeeded	TARGET=RMAppManager	RESULT=SUCCESS	APPID=application_1599463739995_0002
nm_1        | 2020-09-07 07:32:04 INFO  NMAuditLogger:89 - USER=hadoop	OPERATION=Container Finished - Killed	TARGET=ContainerImpl	RESULT=SUCCESS	APPID=application_1599463739995_0003	CONTAINERID=container_1599463739995_0003_01_000002
rm_1        | 2020-09-07 07:31:34 INFO  RMAppManager$ApplicationSummary:186 - appId=application_1599463739995_0002,name=word count,user=hadoop,queue=default,state=FINISHED,trackingUrl=http://rm:8088/proxy/application_1599463739995_0002/,appMasterHost=nm,startTime=1599463858739,finishTime=1599463888181,finalStatus=SUCCEEDED,memorySeconds=136659,vcoreSeconds=49,preemptedAMContainers=0,preemptedNonAMContainers=0,preemptedResources=<memory:0\, vCores:0>,applicationType=MAPREDUCE
nm_1        | 2020-09-07 07:32:04 INFO  ContainerImpl:1135 - Container container_1599463739995_0003_01_000002 transitioned from CONTAINER_CLEANEDUP_AFTER_KILL to DONE
rm_1        | 2020-09-07 07:31:34 INFO  AMLauncher:263 - Cleaning master appattempt_1599463739995_0002_000001
nm_1        | 2020-09-07 07:32:04 INFO  ApplicationImpl:347 - Removing container_1599463739995_0003_01_000002 from application application_1599463739995_0003
