kdc_1       | ind[13](Notice): Request: kadm5_get_principal, scm/scm@EXAMPLE.COM, success, client=admin/admin@EXAMPLE.COM, service=kadmin/admin@EXAMPLE.COM, addr=127.0.0.1
kdc_1       | Sep 07 07:52:59 kdc kadmind[13](info): closing down fd 18
kdc_1       | Sep 07 07:52:59 kdc kadmind[13](Notice): Request: kadm5_init, admin/admin@EXAMPLE.COM, success, client=admin/admin@EXAMPLE.COM, service=kadmin/admin@EXAMPLE.COM, addr=127.0.0.1, vers=4, flavor=6
kdc_1       | Sep 07 07:52:59 kdc kadmind[13](Notice): Request: kadm5_get_policy, default, Policy does not exist, client=admin/admin@EXAMPLE.COM, service=kadmin/admin@EXAMPLE.COM, addr=127.0.0.1
kdc_1       | Sep 07 07:52:59 kdc kadmind[13](Notice): Request: kadm5_create_principal, s3g/s3g@EXAMPLE.COM, success, client=admin/admin@EXAMPLE.COM, service=kadmin/admin@EXAMPLE.COM, addr=127.0.0.1
kdc_1       | Sep 07 07:52:59 kdc kadmind[13](info): closing down fd 18
kdc_1       | Sep 07 07:52:59 kdc kadmind[13](Notice): Request: kadm5_init, admin/admin@EXAMPLE.COM, success, client=admin/admin@EXAMPLE.COM, service=kadmin/admin@EXAMPLE.COM, addr=127.0.0.1, vers=4, flavor=6
kdc_1       | Sep 07 07:52:59 kdc kadmind[13](Notice): Request: kadm5_randkey_principal, s3g/s3g@EXAMPLE.COM, success, client=admin/admin@EXAMPLE.COM, service=kadmin/admin@EXAMPLE.COM, addr=127.0.0.1
kdc_1       | Sep 07 07:52:59 kdc kadmind[13](Notice): Request: kadm5_get_principal, s3g/s3g@EXAMPLE.COM, success, client=admin/admin@EXAMPLE.COM, service=kadmin/admin@EXAMPLE.COM, addr=127.0.0.1
kdc_1       | Sep 07 07:52:59 kdc kadmind[13](info): closing down fd 18
kdc_1       | Sep 07 07:52:59 kdc kadmind[13](Notice): Request: kadm5_init, admin/admin@EXAMPLE.COM, success, client=admin/admin@EXAMPLE.COM, service=kadmin/admin@EXAMPLE.COM, addr=127.0.0.1, vers=4, flavor=6
kdc_1       | Sep 07 07:52:59 kdc kadmind[13](Notice): Request: kadm5_get_policy, default, Policy does not exist, client=admin/admin@EXAMPLE.COM, service=kadmin/admin@EXAMPLE.COM, addr=127.0.0.1
kdc_1       | Sep 07 07:52:59 kdc kadmind[13](Notice): Request: kadm5_create_principal, HTTP/scm@EXAMPLE.COM, success, client=admin/admin@EXAMPLE.COM, service=kadmin/admin@EXAMPLE.COM, addr=127.0.0.1
kdc_1       | Sep 07 07:52:59 kdc kadmind[13](info): closing down fd 18
kdc_1       | Sep 07 07:52:59 kdc kadmind[13](Notice): Request: kadm5_init, admin/admin@EXAMPLE.COM, success, client=admin/admin@EXAMPLE.COM, service=kadmin/admin@EXAMPLE.COM, addr=127.0.0.1, vers=4, flavor=6
kdc_1       | Sep 07 07:52:59 kdc kadmind[13](Notice): Request: kadm5_randkey_principal, HTTP/scm@EXAMPLE.COM, success, client=admin/admin@EXAMPLE.COM, service=kadmin/admin@EXAMPLE.COM, addr=127.0.0.1
kdc_1       | Sep 07 07:52:59 kdc kadmind[13](Notice): Request: kadm5_get_principal, HTTP/scm@EXAMPLE.COM, success, client=admin/admin@EXAMPLE.COM, service=kadmin/admin@EXAMPLE.COM, addr=127.0.0.1
kdc_1       | Sep 07 07:52:59 kdc kadmind[13](info): closing down fd 18
kdc_1       | Sep 07 07:53:00 kdc kadmind[13](Notice): Request: kadm5_init, admin/admin@EXAMPLE.COM, success, client=admin/admin@EXAMPLE.COM, service=kadmin/admin@EXAMPLE.COM, addr=127.0.0.1, vers=4, flavor=6
kdc_1       | Sep 07 07:53:00 kdc kadmind[13](Notice): Request: kadm5_get_policy, default, Policy does not exist, client=admin/admin@EXAMPLE.COM, service=kadmin/admin@EXAMPLE.COM, addr=127.0.0.1
kdc_1       | Sep 07 07:53:00 kdc kadmind[13](Notice): Request: kadm5_create_principal, HTTP/s3g@EXAMPLE.COM, success, client=admin/admin@EXAMPLE.COM, service=kadmin/admin@EXAMPLE.COM, addr=127.0.0.1
kdc_1       | Sep 07 07:53:00 kdc kadmind[13](info): closing down fd 18
kdc_1       | Sep 07 07:53:00 kdc kadmind[13](Notice): Request: kadm5_init, admin/admin@EXAMPLE.COM, success, client=admin/admin@EXAMPLE.COM, service=kadmin/admin@EXAMPLE.COM, addr=127.0.0.1, vers=4, flavor=6
kdc_1       | Sep 07 07:53:00 kdc kadmind[13](Notice): Request: kadm5_randkey_principal, HTTP/s3g@EXAMPLE.COM, success, client=admin/admin@EXAMPLE.COM, service=kadmin/admin@EXAMPLE.COM, addr=127.0.0.1
kdc_1       | Sep 07 07:53:00 kdc kadmind[13](Notice): Request: kadm5_get_principal, HTTP/s3g@EXAMPLE.COM, success, client=admin/admin@EXAMPLE.COM, service=kadmin/admin@EXAMPLE.COM, addr=127.0.0.1
kdc_1       | Sep 07 07:53:00 kdc kadmind[13](info): closing down fd 18
kdc_1       | Sep 07 07:53:02 kdc krb5kdc[8](info): AS_REQ (8 etypes {18 17 20 19 16 23 25 26}) 172.25.0.6: ISSUE: authtime 1599465182, etypes {rep=18 tkt=18 ses=18}, HTTP/scm@EXAMPLE.COM for krbtgt/EXAMPLE.COM@EXAMPLE.COM
kdc_1       | Sep 07 07:53:07 kdc krb5kdc[8](info): AS_REQ (2 etypes {18 17}) 172.25.0.5: ISSUE: authtime 1599465187, etypes {rep=18 tkt=18 ses=18}, jhs/jhs@EXAMPLE.COM for krbtgt/EXAMPLE.COM@EXAMPLE.COM
kdc_1       | Sep 07 07:53:08 kdc krb5kdc[8](info): AS_REQ (2 etypes {18 17}) 172.25.0.8: ISSUE: authtime 1599465188, etypes {rep=18 tkt=18 ses=18}, nm/nm@EXAMPLE.COM for krbtgt/EXAMPLE.COM@EXAMPLE.COM
kdc_1       | Sep 07 07:53:14 kdc krb5kdc[8](info): AS_REQ (2 etypes {18 17}) 172.25.0.2: ISSUE: authtime 1599465194, etypes {rep=18 tkt=18 ses=18}, om/om@EXAMPLE.COM for krbtgt/EXAMPLE.COM@EXAMPLE.COM
kdc_1       | Sep 07 07:53:15 kdc krb5kdc[8](info): AS_REQ (2 etypes {18 17}) 172.25.0.12: ISSUE: authtime 1599465195, etypes {rep=18 tkt=18 ses=18}, dn/bec550c45ea8@EXAMPLE.COM for krbtgt/EXAMPLE.COM@EXAMPLE.COM
kdc_1       | Sep 07 07:53:19 kdc krb5kdc[8](info): AS_REQ (2 etypes {18 17}) 172.25.0.9: ISSUE: authtime 1599465199, etypes {rep=18 tkt=18 ses=18}, dn/e0805f8feb65@EXAMPLE.COM for krbtgt/EXAMPLE.COM@EXAMPLE.COM
kdc_1       | Sep 07 07:53:19 kdc krb5kdc[8](info): AS_REQ (2 etypes {18 17}) 172.25.0.10: ISSUE: authtime 1599465199, etypes {rep=18 tkt=18 ses=18}, dn/6dd893e9afc1@EXAMPLE.COM for krbtgt/EXAMPLE.COM@EXAMPLE.COM
kdc_1       | Sep 07 07:53:26 kdc krb5kdc[8](info): TGS_REQ (4 etypes {18 17 16 23}) 172.25.0.8: ISSUE: authtime 1599465188, etypes {rep=18 tkt=18 ses=18}, nm/nm@EXAMPLE.COM for rm/rm@EXAMPLE.COM
kdc_1       | Sep 07 07:53:30 kdc krb5kdc[8](info): AS_REQ (2 etypes {18 17}) 172.25.0.6: ISSUE: authtime 1599465210, etypes {rep=18 tkt=18 ses=18}, scm/scm@EXAMPLE.COM for krbtgt/EXAMPLE.COM@EXAMPLE.COM
kdc_1       | Sep 07 07:53:34 kdc krb5kdc[8](info): TGS_REQ (6 etypes {18 17 20 19 16 23}) 172.25.0.12: ISSUE: authtime 1599465195, etypes {rep=18 tkt=18 ses=18}, dn/bec550c45ea8@EXAMPLE.COM for scm/scm@EXAMPLE.COM
kdc_1       | Sep 07 07:53:34 kdc krb5kdc[8](info): TGS_REQ (6 etypes {18 17 20 19 16 23}) 172.25.0.10: ISSUE: authtime 1599465199, etypes {rep=18 tkt=18 ses=18}, dn/6dd893e9afc1@EXAMPLE.COM for scm/scm@EXAMPLE.COM
kdc_1       | Sep 07 07:53:34 kdc krb5kdc[8](info): TGS_REQ (6 etypes {18 17 20 19 16 23}) 172.25.0.2: ISSUE: authtime 1599465194, etypes {rep=18 tkt=18 ses=18}, om/om@EXAMPLE.COM for scm/scm@EXAMPLE.COM
kdc_1       | Sep 07 07:53:34 kdc krb5kdc[8](info): TGS_REQ (6 etypes {18 17 20 19 16 23}) 172.25.0.9: ISSUE: authtime 1599465199, etypes {rep=18 tkt=18 ses=18}, dn/e0805f8feb65@EXAMPLE.COM for scm/scm@EXAMPLE.COM
kdc_1       | Sep 07 07:53:34 kdc krb5kdc[8](info): TGS_REQ (6 etypes {18 17 20 19 16 23}) 172.25.0.6: ISSUE: authtime 1599465182, etypes {rep=18 tkt=18 ses=18}, HTTP/scm@EXAMPLE.COM for scm/scm@EXAMPLE.COM
om_1        | 2020-09-07 07:53:22,123 [main] INFO ipc.Client: Retrying connect to server: scm/172.25.0.6:9863. Already tried 3 time(s); retry policy is RetryUpToMaximumCountWithFixedSleep(maxRetries=10, sleepTime=1000 MILLISECONDS)
om_1        | 2020-09-07 07:53:23,124 [main] INFO ipc.Client: Retrying connect to server: scm/172.25.0.6:9863. Already tried 4 time(s); retry policy is RetryUpToMaximumCountWithFixedSleep(maxRetries=10, sleepTime=1000 MILLISECONDS)
om_1        | 2020-09-07 07:53:24,125 [main] INFO ipc.Client: Retrying connect to server: scm/172.25.0.6:9863. Already tried 5 time(s); retry policy is RetryUpToMaximumCountWithFixedSleep(maxRetries=10, sleepTime=1000 MILLISECONDS)
om_1        | 2020-09-07 07:53:25,126 [main] INFO ipc.Client: Retrying connect to server: scm/172.25.0.6:9863. Already tried 6 time(s); retry policy is RetryUpToMaximumCountWithFixedSleep(maxRetries=10, sleepTime=1000 MILLISECONDS)
om_1        | 2020-09-07 07:53:26,127 [main] INFO ipc.Client: Retrying connect to server: scm/172.25.0.6:9863. Already tried 7 time(s); retry policy is RetryUpToMaximumCountWithFixedSleep(maxRetries=10, sleepTime=1000 MILLISECONDS)
om_1        | 2020-09-07 07:53:27,129 [main] INFO ipc.Client: Retrying connect to server: scm/172.25.0.6:9863. Already tried 8 time(s); retry policy is RetryUpToMaximumCountWithFixedSleep(maxRetries=10, sleepTime=1000 MILLISECONDS)
om_1        | 2020-09-07 07:53:28,129 [main] INFO ipc.Client: Retrying connect to server: scm/172.25.0.6:9863. Already tried 9 time(s); retry policy is RetryUpToMaximumCountWithFixedSleep(maxRetries=10, sleepTime=1000 MILLISECONDS)
om_1        | 2020-09-07 07:53:28,132 [main] INFO utils.RetriableTask: Execution of task OM#getScmInfo failed, will be retried in 5000 ms
om_1        | 2020-09-07 07:53:34,134 [main] INFO ipc.Client: Retrying connect to server: scm/172.25.0.6:9863. Already tried 0 time(s); retry policy is RetryUpToMaximumCountWithFixedSleep(maxRetries=10, sleepTime=1000 MILLISECONDS)
om_1        | 2020-09-07 07:53:35,319 [main] INFO om.OzoneManager: Initializing secure OzoneManager.
nm_1        | 2020-09-07 07:53:09 INFO  ContainerManagerImpl:336 - AMRMProxyService is disabled
nm_1        | 2020-09-07 07:53:09 INFO  ResourceLocalizationService:242 - per directory file limit = 8192
nm_1        | 2020-09-07 07:53:09 INFO  AsyncDispatcher:223 - Registering class org.apache.hadoop.yarn.server.nodemanager.containermanager.localizer.event.LocalizerEventType for class org.apache.hadoop.yarn.server.nodemanager.containermanager.localizer.ResourceLocalizationService$LocalizerTracker
nm_1        | 2020-09-07 07:53:09 INFO  ResourceHandlerModule:197 - Using traffic control bandwidth handler
nm_1        | 2020-09-07 07:53:10 INFO  AuxServices:103 - Adding auxiliary service mapreduce_shuffle, "mapreduce_shuffle"
nm_1        | 2020-09-07 07:53:10 INFO  ContainersMonitorImpl:138 -  Using ResourceCalculatorPlugin : org.apache.hadoop.yarn.util.ResourceCalculatorPlugin@68c9d179
nm_1        | 2020-09-07 07:53:10 INFO  ContainersMonitorImpl:143 -  Using ResourceCalculatorProcessTree : null
nm_1        | 2020-09-07 07:53:10 INFO  ContainersMonitorImpl:190 - Physical memory check enabled: false
nm_1        | 2020-09-07 07:53:10 INFO  ContainersMonitorImpl:191 - Virtual memory check enabled: false
nm_1        | 2020-09-07 07:53:10 INFO  ContainersMonitorImpl:192 - Elastic memory control enabled: false
nm_1        | 2020-09-07 07:53:10 INFO  ContainersMonitorImpl:193 - Strict memory control enabled: true
nm_1        | 2020-09-07 07:53:10 INFO  ContainersMonitorImpl:218 - ContainersMonitor enabled: true
nm_1        | 2020-09-07 07:53:10 INFO  LogAggregationService:139 - rollingMonitorInterval is set as 3600. The logs will be aggregated every 3600 seconds
nm_1        | 2020-09-07 07:53:10 INFO  ContainerManagerImpl:394 - Not a recoverable state store. Nothing to recover.
nm_1        | 2020-09-07 07:53:10 INFO  Configuration:2752 - resource-types.xml not found
nm_1        | 2020-09-07 07:53:10 INFO  ResourceUtils:419 - Unable to find 'resource-types.xml'.
nm_1        | 2020-09-07 07:53:10 INFO  Configuration:2752 - node-resources.xml not found
nm_1        | 2020-09-07 07:53:10 INFO  ResourceUtils:419 - Unable to find 'node-resources.xml'.
nm_1        | 2020-09-07 07:53:10 INFO  NodeStatusUpdaterImpl:199 - Nodemanager resources is set to: <memory:8192, vCores:8>
nm_1        | 2020-09-07 07:53:10 INFO  NodeStatusUpdaterImpl:247 - Initialized nodemanager with : physical-memory=8192 virtual-memory=17204 virtual-cores=8
nm_1        | 2020-09-07 07:53:11 INFO  CallQueueManager:84 - Using callQueue: class java.util.concurrent.LinkedBlockingQueue, queueCapacity: 2000, scheduler: class org.apache.hadoop.ipc.DefaultRpcScheduler, ipcBackoff: false.
nm_1        | 2020-09-07 07:53:11 INFO  Server:1074 - Starting Socket Reader #1 for port 33611
nm_1        | 2020-09-07 07:53:12 INFO  RpcServerFactoryPBImpl:173 - Adding protocol org.apache.hadoop.yarn.api.ContainerManagementProtocolPB to the server
nm_1        | 2020-09-07 07:53:12 INFO  Server:1314 - IPC Server Responder: starting
nm_1        | 2020-09-07 07:53:12 INFO  Server:1153 - IPC Server listener on 33611: starting
nm_1        | 2020-09-07 07:53:12 INFO  NMContainerTokenSecretManager:265 - Updating node address : nm:33611
nm_1        | 2020-09-07 07:53:13 INFO  CallQueueManager:84 - Using callQueue: class java.util.concurrent.LinkedBlockingQueue, queueCapacity: 500, scheduler: class org.apache.hadoop.ipc.DefaultRpcScheduler, ipcBackoff: false.
nm_1        | 2020-09-07 07:53:13 INFO  Server:1074 - Starting Socket Reader #1 for port 8040
nm_1        | 2020-09-07 07:53:13 INFO  RpcServerFactoryPBImpl:173 - Adding protocol org.apache.hadoop.yarn.server.nodemanager.api.LocalizationProtocolPB to the server
nm_1        | 2020-09-07 07:53:13 INFO  Server:1314 - IPC Server Responder: starting
nm_1        | 2020-09-07 07:53:13 INFO  Server:1153 - IPC Server listener on 8040: starting
nm_1        | 2020-09-07 07:53:13 INFO  ResourceLocalizationService:392 - Localizer started on port 8040
nm_1        | 2020-09-07 07:53:13 INFO  IndexCache:47 - IndexCache created with max memory = 10485760
nm_1        | 2020-09-07 07:53:13 INFO  ShuffleHandler:549 - mapreduce_shuffle listening on port 13562
nm_1        | 2020-09-07 07:53:13 INFO  ContainerManagerImpl:666 - ContainerManager started at nm/172.25.0.8:33611
nm_1        | 2020-09-07 07:53:13 INFO  ContainerManagerImpl:667 - ContainerManager bound to 0.0.0.0/0.0.0.0:0
nm_1        | 2020-09-07 07:53:13 INFO  WebServer:99 - Instantiating NMWebApp at 0.0.0.0:8042
nm_1        | 2020-09-07 07:53:13 INFO  log:192 - Logging initialized @15520ms
nm_1        | 2020-09-07 07:53:14 INFO  AuthenticationFilter:240 - Unable to initialize FileSignerSecretProvider, falling back to use random secrets.
nm_1        | 2020-09-07 07:53:14 INFO  HttpRequestLog:81 - Http request log for http.requests.nodemanager is not defined
nm_1        | 2020-09-07 07:53:14 INFO  HttpServer2:975 - Added global filter 'safety' (class=org.apache.hadoop.http.HttpServer2$QuotingInputFilter)
nm_1        | 2020-09-07 07:53:14 INFO  HttpServer2:948 - Added filter static_user_filter (class=org.apache.hadoop.http.lib.StaticUserWebFilter$StaticUserFilter) to context node
nm_1        | 2020-09-07 07:53:14 INFO  HttpServer2:958 - Added filter static_user_filter (class=org.apache.hadoop.http.lib.StaticUserWebFilter$StaticUserFilter) to context logs
nm_1        | 2020-09-07 07:53:14 INFO  HttpServer2:958 - Added filter static_user_filter (class=org.apache.hadoop.http.lib.StaticUserWebFilter$StaticUserFilter) to context static
nm_1        | 2020-09-07 07:53:14 INFO  HttpServer2:948 - Added filter authentication (class=org.apache.hadoop.security.authentication.server.AuthenticationFilter) to context node
nm_1        | 2020-09-07 07:53:14 INFO  HttpServer2:958 - Added filter authentication (class=org.apache.hadoop.security.authentication.server.AuthenticationFilter) to context logs
nm_1        | 2020-09-07 07:53:14 INFO  HttpServer2:958 - Added filter authentication (class=org.apache.hadoop.security.authentication.server.AuthenticationFilter) to context static
nm_1        | 2020-09-07 07:53:14 INFO  HttpServer2:613 - adding path spec: /node/*
nm_1        | 2020-09-07 07:53:14 INFO  HttpServer2:613 - adding path spec: /ws/*
nm_1        | 2020-09-07 07:53:17 INFO  WebApps:395 - Registered webapp guice modules
nm_1        | 2020-09-07 07:53:17 INFO  HttpServer2:1191 - Jetty bound to port 8042
nm_1        | 2020-09-07 07:53:17 INFO  Server:351 - jetty-9.3.24.v20180605, build timestamp: 2018-06-05T17:11:56Z, git hash: 84205aa28f11a4f31f2a3b86d1bba2cc8ab69827
nm_1        | 2020-09-07 07:53:17 INFO  AuthenticationFilter:240 - Unable to initialize FileSignerSecretProvider, falling back to use random secrets.
nm_1        | 2020-09-07 07:53:18 INFO  ContextHandler:781 - Started o.e.j.s.ServletContextHandler@1951b871{/logs,file:///opt/hadoop/logs/,AVAILABLE}
nm_1        | 2020-09-07 07:53:18 INFO  ContextHandler:781 - Started o.e.j.s.ServletContextHandler@57ac5227{/static,jar:file:/opt/hadoop/share/hadoop/yarn/hadoop-yarn-common-3.2.0.jar!/webapps/static,AVAILABLE}
nm_1        | Sep 07, 2020 7:53:19 AM com.sun.jersey.guice.spi.container.GuiceComponentProviderFactory register
nm_1        | INFO: Registering org.apache.hadoop.yarn.server.nodemanager.webapp.NMWebServices as a root resource class
nm_1        | Sep 07, 2020 7:53:19 AM com.sun.jersey.guice.spi.container.GuiceComponentProviderFactory register
nm_1        | INFO: Registering org.apache.hadoop.yarn.webapp.GenericExceptionHandler as a provider class
nm_1        | Sep 07, 2020 7:53:19 AM com.sun.jersey.guice.spi.container.GuiceComponentProviderFactory register
nm_1        | INFO: Registering org.apache.hadoop.yarn.server.nodemanager.webapp.JAXBContextResolver as a provider class
nm_1        | Sep 07, 2020 7:53:19 AM com.sun.jersey.server.impl.application.WebApplicationImpl _initiate
nm_1        | INFO: Initiating Jersey application, version 'Jersey: 1.19 02/11/2015 03:25 AM'
nm_1        | Sep 07, 2020 7:53:20 AM com.sun.jersey.guice.spi.container.GuiceComponentProviderFactory getComponentProvider
nm_1        | INFO: Binding org.apache.hadoop.yarn.server.nodemanager.webapp.JAXBContextResolver to GuiceManagedComponentProvider with the scope "Singleton"
nm_1        | Sep 07, 2020 7:53:21 AM com.sun.jersey.guice.spi.container.GuiceComponentProviderFactory getComponentProvider
nm_1        | INFO: Binding org.apache.hadoop.yarn.webapp.GenericExceptionHandler to GuiceManagedComponentProvider with the scope "Singleton"
nm_1        | Sep 07, 2020 7:53:24 AM com.sun.jersey.guice.spi.container.GuiceComponentProviderFactory getComponentProvider
nm_1        | INFO: Binding org.apache.hadoop.yarn.server.nodemanager.webapp.NMWebServices to GuiceManagedComponentProvider with the scope "Singleton"
nm_1        | 2020-09-07 07:53:24 INFO  ContextHandler:781 - Started o.e.j.w.WebAppContext@367b22e5{/,file:///tmp/jetty-0.0.0.0-8042-node-_-any-7848444737550955093.dir/webapp/,AVAILABLE}{/node}
nm_1        | 2020-09-07 07:53:24 INFO  AbstractConnector:278 - Started ServerConnector@50636750{HTTP/1.1,[http/1.1]}{0.0.0.0:8042}
nm_1        | 2020-09-07 07:53:24 INFO  Server:419 - Started @26734ms
nm_1        | 2020-09-07 07:53:24 INFO  WebApps:440 - Web app node started at 8042
nm_1        | 2020-09-07 07:53:25 INFO  NodeStatusUpdaterImpl:261 - Node ID assigned is : nm:33611
nm_1        | 2020-09-07 07:53:25 INFO  JvmPauseMonitor:188 - Starting JVM pause monitor
nm_1        | 2020-09-07 07:53:25 INFO  RMProxy:133 - Connecting to ResourceManager at rm/172.25.0.3:8031
nm_1        | 2020-09-07 07:53:25 INFO  NodeStatusUpdaterImpl:652 - Sending out 0 NM container statuses: []
nm_1        | 2020-09-07 07:53:25 INFO  NodeStatusUpdaterImpl:393 - Registering with RM using containers :[]
nm_1        | 2020-09-07 07:53:27 INFO  NMContainerTokenSecretManager:143 - Rolling master-key for container-tokens, got key with id -230833916
nm_1        | 2020-09-07 07:53:27 INFO  NMTokenSecretManagerInNM:143 - Rolling master-key for container-tokens, got key with id -169417870
nm_1        | 2020-09-07 07:53:27 INFO  NodeStatusUpdaterImpl:477 - Registered with ResourceManager as nm:33611 with total resource of <memory:8192, vCores:8>
nm_1        | 2020-09-07 07:55:17 INFO  Server:1849 - Auth successful for appattempt_1599465203997_0001_000001 (auth:SIMPLE)
nm_1        | 2020-09-07 07:55:17 INFO  ContainerManagerImpl:1070 - Start request for container_1599465203997_0001_01_000001 by user hadoop
nm_1        | 2020-09-07 07:55:17 INFO  ContainerManagerImpl:1122 - Creating a new application reference for app application_1599465203997_0001
nm_1        | 2020-09-07 07:55:17 INFO  ApplicationImpl:655 - Application application_1599465203997_0001 transitioned from NEW to INITING
nm_1        | 2020-09-07 07:55:17 INFO  NMAuditLogger:94 - USER=hadoop	IP=172.25.0.3	OPERATION=Start Container Request	TARGET=ContainerManageImpl	RESULT=SUCCESS	APPID=application_1599465203997_0001	CONTAINERID=container_1599465203997_0001_01_000001
nm_1        | 2020-09-07 07:55:17 INFO  ApplicationImpl:463 - Adding container_1599465203997_0001_01_000001 to application application_1599465203997_0001
nm_1        | 2020-09-07 07:55:18 WARN  LogAggregationFileController:284 - Remote Root Log Dir [/tmp/logs] does not exist. Attempting to create it.
nm_1        | 2020-09-07 07:55:18 INFO  RpcClient:319 - Creating Volume: tmp, with nm/nm@EXAMPLE.COM as owner.
nm_1        | 2020-09-07 07:55:18 INFO  RpcClient:473 - Creating Bucket: tmp/06571dc8b664704ba09bebbc4fec508f, with Versioning false and Storage Type set to DISK and Encryption set to false 
datanode_3  | 2020-09-07 07:53:51,120 [pool-20-thread-1] INFO storage.RaftStorageDirectory: The storage directory /data/metadata/ratis/db99320d-a0d4-4425-8b4a-8c72f3e94bc1 does not exist. Creating ...
datanode_3  | 2020-09-07 07:53:51,137 [pool-20-thread-1] INFO storage.RaftStorageDirectory: Lock on /data/metadata/ratis/db99320d-a0d4-4425-8b4a-8c72f3e94bc1/in_use.lock acquired by nodename 6@e0805f8feb65
datanode_3  | 2020-09-07 07:53:51,147 [pool-20-thread-1] INFO storage.RaftStorage: Storage directory /data/metadata/ratis/db99320d-a0d4-4425-8b4a-8c72f3e94bc1 has been successfully formatted.
datanode_3  | 2020-09-07 07:53:51,161 [pool-20-thread-1] INFO ratis.ContainerStateMachine: group-8C72F3E94BC1: The snapshot info is null. Setting the last applied indexto:(t:0, i:~)
datanode_3  | 2020-09-07 07:53:51,169 [pool-20-thread-1] INFO server.RaftServerConfigKeys: raft.server.notification.no-leader.timeout = 300s (custom)
datanode_3  | 2020-09-07 07:53:51,171 [pool-20-thread-1] INFO server.RaftServerConfigKeys: raft.server.log.use.memory = false (default)
datanode_3  | 2020-09-07 07:53:51,165 [Datanode State Machine Thread - 0] WARN statemachine.DatanodeStateMachine: Interrupt the execution.
datanode_3  | java.lang.InterruptedException: sleep interrupted
datanode_3  | 	at java.base/java.lang.Thread.sleep(Native Method)
datanode_3  | 	at org.apache.hadoop.ozone.container.common.statemachine.DatanodeStateMachine.start(DatanodeStateMachine.java:243)
datanode_3  | 	at org.apache.hadoop.ozone.container.common.statemachine.DatanodeStateMachine.lambda$startDaemon$0(DatanodeStateMachine.java:405)
datanode_3  | 	at java.base/java.lang.Thread.run(Thread.java:834)
datanode_3  | 2020-09-07 07:53:51,186 [pool-20-thread-1] INFO server.RaftServerConfigKeys: raft.server.log.purge.gap = 1000000 (custom)
datanode_3  | 2020-09-07 07:53:51,249 [pool-20-thread-1] INFO metrics.RatisMetrics: Creating Metrics Registry : ratis.log_worker.436c696e-dacc-4728-bc23-e3875fcaa197@group-8C72F3E94BC1
datanode_3  | 2020-09-07 07:53:51,327 [pool-20-thread-1] INFO server.RaftServerConfigKeys: raft.server.log.appender.buffer.byte-limit = 33554432 (custom)
datanode_3  | 2020-09-07 07:53:51,379 [pool-20-thread-1] INFO server.RaftServerConfigKeys: raft.server.log.segment.size.max = 1048576 (custom)
datanode_3  | 2020-09-07 07:53:51,434 [pool-20-thread-1] INFO server.RaftServerConfigKeys: raft.server.log.segment.cache.num.max = 2 (custom)
datanode_3  | 2020-09-07 07:53:51,477 [pool-20-thread-1] INFO segmented.SegmentedRaftLogWorker: new 436c696e-dacc-4728-bc23-e3875fcaa197@group-8C72F3E94BC1-SegmentedRaftLogWorker for RaftStorage:Storage Directory /data/metadata/ratis/db99320d-a0d4-4425-8b4a-8c72f3e94bc1
datanode_3  | 2020-09-07 07:53:51,483 [pool-20-thread-1] INFO server.RaftServerConfigKeys: raft.server.log.queue.byte-limit = 2147483647 (custom)
datanode_3  | 2020-09-07 07:53:51,484 [pool-20-thread-1] INFO server.RaftServerConfigKeys: raft.server.log.queue.element-limit = 1024 (custom)
datanode_3  | 2020-09-07 07:53:51,485 [pool-20-thread-1] INFO server.RaftServerConfigKeys: raft.server.log.segment.size.max = 1048576 (custom)
datanode_3  | 2020-09-07 07:53:51,485 [pool-20-thread-1] INFO server.RaftServerConfigKeys: raft.server.log.preallocated.size = 16384 (custom)
datanode_3  | 2020-09-07 07:53:51,487 [pool-20-thread-1] INFO server.RaftServerConfigKeys: raft.server.log.write.buffer.size = 1048576 (custom)
datanode_3  | 2020-09-07 07:53:51,489 [pool-20-thread-1] INFO server.RaftServerConfigKeys: raft.server.log.force.sync.num = 128 (default)
datanode_3  | 2020-09-07 07:53:51,490 [pool-20-thread-1] INFO server.RaftServerConfigKeys: raft.server.log.statemachine.data.sync = true (default)
datanode_3  | 2020-09-07 07:53:51,497 [pool-20-thread-1] INFO server.RaftServerConfigKeys: raft.server.log.statemachine.data.sync.timeout = 10s (default)
datanode_3  | 2020-09-07 07:53:51,512 [pool-20-thread-1] INFO server.RaftServerConfigKeys: raft.server.log.statemachine.data.sync.timeout.retry = -1 (default)
datanode_3  | 2020-09-07 07:53:51,575 [pool-20-thread-1] INFO server.RaftServerConfigKeys: raft.server.log.statemachine.data.caching.enabled = true (custom)
datanode_3  | 2020-09-07 07:53:51,602 [pool-20-thread-1] INFO segmented.SegmentedRaftLogWorker: 436c696e-dacc-4728-bc23-e3875fcaa197@group-8C72F3E94BC1-SegmentedRaftLogWorker: flushIndex: setUnconditionally 0 -> -1
datanode_3  | 2020-09-07 07:53:51,624 [pool-20-thread-1] INFO segmented.SegmentedRaftLogWorker: 436c696e-dacc-4728-bc23-e3875fcaa197@group-8C72F3E94BC1-SegmentedRaftLogWorker: safeCacheEvictIndex: setUnconditionally 0 -> -1
datanode_3  | 2020-09-07 07:53:51,656 [pool-20-thread-1] INFO server.RaftServerConfigKeys: raft.server.snapshot.auto.trigger.enabled = true (custom)
datanode_3  | 2020-09-07 07:53:51,664 [pool-20-thread-1] INFO server.RaftServerConfigKeys: raft.server.snapshot.auto.trigger.threshold = 10000 (custom)
datanode_3  | 2020-09-07 07:53:51,667 [pool-20-thread-1] INFO server.RaftServerConfigKeys: raft.server.snapshot.retention.file.num = 5 (custom)
datanode_3  | 2020-09-07 07:53:51,669 [pool-20-thread-1] INFO server.RaftServerConfigKeys: raft.server.log.purge.upto.snapshot.index = false (default)
datanode_3  | 2020-09-07 07:53:51,675 [pool-20-thread-1] INFO server.RaftServerConfigKeys: raft.server.retrycache.expirytime = 600000ms (custom)
datanode_3  | 2020-09-07 07:53:51,876 [pool-20-thread-1] INFO metrics.RatisMetrics: Creating Metrics Registry : ratis.leader_election.436c696e-dacc-4728-bc23-e3875fcaa197@group-8C72F3E94BC1
datanode_3  | 2020-09-07 07:53:51,890 [pool-20-thread-1] INFO metrics.RatisMetrics: Creating Metrics Registry : ratis.server.436c696e-dacc-4728-bc23-e3875fcaa197@group-8C72F3E94BC1
datanode_3  | 2020-09-07 07:53:51,907 [pool-20-thread-1] INFO impl.RaftServerImpl: 436c696e-dacc-4728-bc23-e3875fcaa197@group-8C72F3E94BC1: start as a follower, conf=-1: [436c696e-dacc-4728-bc23-e3875fcaa197:172.25.0.9:9858], old=null
datanode_3  | 2020-09-07 07:53:51,909 [pool-20-thread-1] INFO impl.RaftServerImpl: 436c696e-dacc-4728-bc23-e3875fcaa197@group-8C72F3E94BC1: changes role from      null to FOLLOWER at term 0 for startAsFollower
datanode_3  | 2020-09-07 07:53:51,922 [pool-20-thread-1] INFO impl.RoleInfo: 436c696e-dacc-4728-bc23-e3875fcaa197: start FollowerState
datanode_3  | 2020-09-07 07:53:52,040 [pool-20-thread-1] INFO util.JmxRegister: Successfully registered JMX Bean with object name Ratis:service=RaftServer,group=group-8C72F3E94BC1,id=436c696e-dacc-4728-bc23-e3875fcaa197
datanode_3  | 2020-09-07 07:53:52,042 [pool-20-thread-1] INFO metrics.RatisMetrics: Creating Metrics Registry : ratis.state_machine.436c696e-dacc-4728-bc23-e3875fcaa197@group-8C72F3E94BC1
datanode_3  | 2020-09-07 07:53:52,119 [Command processor thread] INFO commandhandler.CreatePipelineCommandHandler: Created Pipeline RATIS ONE #id: "db99320d-a0d4-4425-8b4a-8c72f3e94bc1"
datanode_3  | uuid128 {
datanode_3  |   mostSigBits: -2623010273852373979
datanode_3  |   leastSigBits: -8409754928814666815
datanode_3  | }
datanode_3  | .
datanode_3  | 2020-09-07 07:53:52,120 [Command processor thread] INFO impl.RaftServerProxy: 436c696e-dacc-4728-bc23-e3875fcaa197: addNew group-D96DDB80F7BF:[fb934a3a-7cc0-4475-a9ff-3965cff3ec0b:172.25.0.10:9858, 436c696e-dacc-4728-bc23-e3875fcaa197:172.25.0.9:9858, 8093e65e-1efb-4b18-938c-cc439f357e05:172.25.0.12:9858] returns group-D96DDB80F7BF:java.util.concurrent.CompletableFuture@7643edc2[Not completed]
datanode_3  | 2020-09-07 07:53:52,177 [pool-20-thread-1] INFO impl.RaftServerImpl: 436c696e-dacc-4728-bc23-e3875fcaa197: new RaftServerImpl for group-D96DDB80F7BF:[fb934a3a-7cc0-4475-a9ff-3965cff3ec0b:172.25.0.10:9858, 436c696e-dacc-4728-bc23-e3875fcaa197:172.25.0.9:9858, 8093e65e-1efb-4b18-938c-cc439f357e05:172.25.0.12:9858] with ContainerStateMachine:uninitialized
datanode_3  | 2020-09-07 07:53:52,191 [pool-20-thread-1] INFO server.RaftServerConfigKeys: raft.server.rpc.timeout.min = 5s (custom)
datanode_3  | 2020-09-07 07:53:52,191 [pool-20-thread-1] INFO server.RaftServerConfigKeys: raft.server.rpc.timeout.max = 5200ms (custom)
datanode_3  | 2020-09-07 07:53:52,191 [pool-20-thread-1] INFO server.RaftServerConfigKeys: raft.server.rpcslowness.timeout = 300s (custom)
datanode_3  | 2020-09-07 07:53:52,192 [pool-20-thread-1] INFO server.RaftServerConfigKeys: raft.server.sleep.deviation.threshold = 300 (default)
datanode_3  | 2020-09-07 07:53:52,193 [pool-20-thread-1] INFO server.RaftServerConfigKeys: raft.server.log.appender.install.snapshot.enabled = false (custom)
datanode_3  | 2020-09-07 07:53:52,193 [pool-20-thread-1] INFO impl.RaftServerImpl: 436c696e-dacc-4728-bc23-e3875fcaa197@group-D96DDB80F7BF: ConfigurationManager, init=-1: [fb934a3a-7cc0-4475-a9ff-3965cff3ec0b:172.25.0.10:9858, 436c696e-dacc-4728-bc23-e3875fcaa197:172.25.0.9:9858, 8093e65e-1efb-4b18-938c-cc439f357e05:172.25.0.12:9858], old=null, confs=<EMPTY_MAP>
datanode_3  | 2020-09-07 07:53:52,197 [pool-20-thread-1] INFO server.RaftServerConfigKeys: raft.server.storage.dir = [/data/metadata/ratis] (custom)
datanode_3  | 2020-09-07 07:53:52,199 [pool-20-thread-1] INFO server.RaftServerConfigKeys: raft.server.log.corruption.policy = EXCEPTION (default)
datanode_3  | 2020-09-07 07:53:52,207 [pool-20-thread-1] INFO storage.RaftStorageDirectory: The storage directory /data/metadata/ratis/b2e461b4-f4a0-4568-8241-d96ddb80f7bf does not exist. Creating ...
datanode_3  | 2020-09-07 07:53:52,213 [pool-20-thread-1] INFO storage.RaftStorageDirectory: Lock on /data/metadata/ratis/b2e461b4-f4a0-4568-8241-d96ddb80f7bf/in_use.lock acquired by nodename 6@e0805f8feb65
datanode_3  | 2020-09-07 07:53:52,222 [pool-20-thread-1] INFO storage.RaftStorage: Storage directory /data/metadata/ratis/b2e461b4-f4a0-4568-8241-d96ddb80f7bf has been successfully formatted.
datanode_3  | 2020-09-07 07:53:52,223 [Datanode State Machine Thread - 0] WARN statemachine.DatanodeStateMachine: Interrupt the execution.
datanode_3  | java.lang.InterruptedException: sleep interrupted
datanode_3  | 	at java.base/java.lang.Thread.sleep(Native Method)
datanode_3  | 	at org.apache.hadoop.ozone.container.common.statemachine.DatanodeStateMachine.start(DatanodeStateMachine.java:243)
datanode_3  | 	at org.apache.hadoop.ozone.container.common.statemachine.DatanodeStateMachine.lambda$startDaemon$0(DatanodeStateMachine.java:405)
datanode_3  | 	at java.base/java.lang.Thread.run(Thread.java:834)
datanode_3  | 2020-09-07 07:53:52,226 [pool-20-thread-1] INFO ratis.ContainerStateMachine: group-D96DDB80F7BF: The snapshot info is null. Setting the last applied indexto:(t:0, i:~)
datanode_3  | 2020-09-07 07:53:52,226 [pool-20-thread-1] INFO server.RaftServerConfigKeys: raft.server.notification.no-leader.timeout = 300s (custom)
datanode_3  | 2020-09-07 07:53:52,227 [pool-20-thread-1] INFO server.RaftServerConfigKeys: raft.server.log.use.memory = false (default)
datanode_3  | 2020-09-07 07:53:52,246 [pool-20-thread-1] INFO server.RaftServerConfigKeys: raft.server.log.purge.gap = 1000000 (custom)
datanode_3  | 2020-09-07 07:53:52,251 [pool-20-thread-1] INFO metrics.RatisMetrics: Creating Metrics Registry : ratis.log_worker.436c696e-dacc-4728-bc23-e3875fcaa197@group-D96DDB80F7BF
datanode_3  | 2020-09-07 07:53:52,252 [pool-20-thread-1] INFO server.RaftServerConfigKeys: raft.server.log.appender.buffer.byte-limit = 33554432 (custom)
datanode_3  | 2020-09-07 07:53:52,253 [pool-20-thread-1] INFO server.RaftServerConfigKeys: raft.server.log.segment.size.max = 1048576 (custom)
datanode_3  | 2020-09-07 07:53:52,253 [pool-20-thread-1] INFO server.RaftServerConfigKeys: raft.server.log.segment.cache.num.max = 2 (custom)
datanode_3  | 2020-09-07 07:53:52,254 [pool-20-thread-1] INFO segmented.SegmentedRaftLogWorker: new 436c696e-dacc-4728-bc23-e3875fcaa197@group-D96DDB80F7BF-SegmentedRaftLogWorker for RaftStorage:Storage Directory /data/metadata/ratis/b2e461b4-f4a0-4568-8241-d96ddb80f7bf
datanode_3  | 2020-09-07 07:53:52,257 [pool-20-thread-1] INFO server.RaftServerConfigKeys: raft.server.log.queue.byte-limit = 2147483647 (custom)
datanode_3  | 2020-09-07 07:53:52,257 [pool-20-thread-1] INFO server.RaftServerConfigKeys: raft.server.log.queue.element-limit = 1024 (custom)
datanode_3  | 2020-09-07 07:53:52,257 [pool-20-thread-1] INFO server.RaftServerConfigKeys: raft.server.log.segment.size.max = 1048576 (custom)
datanode_3  | 2020-09-07 07:53:52,257 [pool-20-thread-1] INFO server.RaftServerConfigKeys: raft.server.log.preallocated.size = 16384 (custom)
datanode_3  | 2020-09-07 07:53:52,257 [pool-20-thread-1] INFO server.RaftServerConfigKeys: raft.server.log.write.buffer.size = 1048576 (custom)
datanode_3  | 2020-09-07 07:53:52,257 [pool-20-thread-1] INFO server.RaftServerConfigKeys: raft.server.log.force.sync.num = 128 (default)
datanode_3  | 2020-09-07 07:53:52,258 [pool-20-thread-1] INFO server.RaftServerConfigKeys: raft.server.log.statemachine.data.sync = true (default)
datanode_3  | 2020-09-07 07:53:52,259 [pool-20-thread-1] INFO server.RaftServerConfigKeys: raft.server.log.statemachine.data.sync.timeout = 10s (default)
datanode_3  | 2020-09-07 07:53:52,261 [pool-20-thread-1] INFO server.RaftServerConfigKeys: raft.server.log.statemachine.data.sync.timeout.retry = -1 (default)
datanode_3  | 2020-09-07 07:53:52,264 [pool-20-thread-1] INFO server.RaftServerConfigKeys: raft.server.log.statemachine.data.caching.enabled = true (custom)
datanode_3  | 2020-09-07 07:53:52,265 [pool-20-thread-1] INFO segmented.SegmentedRaftLogWorker: 436c696e-dacc-4728-bc23-e3875fcaa197@group-D96DDB80F7BF-SegmentedRaftLogWorker: flushIndex: setUnconditionally 0 -> -1
datanode_3  | 2020-09-07 07:53:52,266 [pool-20-thread-1] INFO segmented.SegmentedRaftLogWorker: 436c696e-dacc-4728-bc23-e3875fcaa197@group-D96DDB80F7BF-SegmentedRaftLogWorker: safeCacheEvictIndex: setUnconditionally 0 -> -1
datanode_3  | 2020-09-07 07:53:52,273 [pool-20-thread-1] INFO server.RaftServerConfigKeys: raft.server.snapshot.auto.trigger.enabled = true (custom)
datanode_3  | 2020-09-07 07:53:52,273 [pool-20-thread-1] INFO server.RaftServerConfigKeys: raft.server.snapshot.auto.trigger.threshold = 10000 (custom)
om_1        | 2020-09-07 07:53:36,599 [main] ERROR client.OMCertificateClient: Default certificate serial id is not set. Can't locate the default certificate for this client.
nm_1        | 2020-09-07 07:55:18 WARN  LogAggregationFileController:298 - No primary group found. The remote root log directory will be created with the HDFS superuser being its group owner. JobHistoryServer may be unable to read the directory.
kms_1       | INFO: Couldn't find grammar element for class javax.ws.rs.core.Response
datanode_3  | 2020-09-07 07:53:52,273 [pool-20-thread-1] INFO server.RaftServerConfigKeys: raft.server.snapshot.retention.file.num = 5 (custom)
kdc_1       | Sep 07 07:53:42 kdc krb5kdc[8](info): AS_REQ (8 etypes {18 17 20 19 16 23 25 26}) 172.25.0.6: ISSUE: authtime 1599465222, etypes {rep=18 tkt=18 ses=18}, HTTP/scm@EXAMPLE.COM for krbtgt/EXAMPLE.COM@EXAMPLE.COM
scm_1       | Sleeping for 5 seconds
s3g_1       | Sleeping for 5 seconds
om_1        | 2020-09-07 07:53:36,599 [main] INFO client.OMCertificateClient: Certificate client init case: 0
rm_1        | Sleeping for 5 seconds
nm_1        | 2020-09-07 07:55:18 INFO  RpcClient:473 - Creating Bucket: tmp/0238775c7bd96e2eab98038afe0c4279, with Versioning false and Storage Type set to DISK and Encryption set to false 
kms_1       | Sep 07, 2020 7:55:53 AM com.sun.jersey.server.wadl.generators.AbstractWadlGeneratorGrammarGenerator attachTypes
datanode_3  | 2020-09-07 07:53:52,273 [pool-20-thread-1] INFO server.RaftServerConfigKeys: raft.server.log.purge.upto.snapshot.index = false (default)
kdc_1       | Sep 07 07:53:49 kdc krb5kdc[8](info): AS_REQ (2 etypes {18 17}) 172.25.0.2: ISSUE: authtime 1599465229, etypes {rep=18 tkt=18 ses=18}, om/om@EXAMPLE.COM for krbtgt/EXAMPLE.COM@EXAMPLE.COM
scm_1       | Setting up kerberos!!
s3g_1       | Setting up kerberos!!
om_1        | 2020-09-07 07:53:36,610 [main] INFO client.OMCertificateClient: Creating keypair for client as keypair and certificate not found.
rm_1        | Setting up kerberos!!
nm_1        | 2020-09-07 07:55:18 INFO  ApplicationImpl:655 - Application application_1599465203997_0001 transitioned from INITING to RUNNING
kms_1       | INFO: Couldn't find grammar element for class javax.ws.rs.core.Response
datanode_3  | 2020-09-07 07:53:52,274 [pool-20-thread-1] INFO server.RaftServerConfigKeys: raft.server.retrycache.expirytime = 600000ms (custom)
kdc_1       | Sep 07 07:53:50 kdc krb5kdc[8](info): TGS_REQ (6 etypes {18 17 20 19 16 23}) 172.25.0.2: ISSUE: authtime 1599465229, etypes {rep=18 tkt=18 ses=18}, om/om@EXAMPLE.COM for scm/scm@EXAMPLE.COM
scm_1       | KDC ISSUER_SERVER => kdc:8081
s3g_1       | KDC ISSUER_SERVER => kdc:8081
om_1        | 2020-09-07 07:53:39,396 [main] INFO om.OzoneManager: Init response: GETCERT
rm_1        | KDC ISSUER_SERVER => kdc:8081
nm_1        | 2020-09-07 07:55:18 INFO  ContainerImpl:2112 - Container container_1599465203997_0001_01_000001 transitioned from NEW to LOCALIZING
kms_1       | Sep 07, 2020 7:55:53 AM com.sun.jersey.server.wadl.generators.AbstractWadlGeneratorGrammarGenerator attachTypes
datanode_3  | 2020-09-07 07:53:52,274 [pool-20-thread-1] INFO metrics.RatisMetrics: Creating Metrics Registry : ratis.leader_election.436c696e-dacc-4728-bc23-e3875fcaa197@group-D96DDB80F7BF
kdc_1       | Sep 07 07:53:55 kdc krb5kdc[8](info): TGS_REQ (6 etypes {18 17 20 19 16 23}) 172.25.0.6: ISSUE: authtime 1599465222, etypes {rep=18 tkt=18 ses=18}, HTTP/scm@EXAMPLE.COM for scm/scm@EXAMPLE.COM
scm_1       | Sleeping for 5 seconds
s3g_1       | Sleeping for 5 seconds
om_1        | 2020-09-07 07:53:39,583 [main] INFO ozone.OzoneSecurityUtil: Adding ip:172.25.0.2,host:om
rm_1        | /opt/starter.sh: line 66: SLEEP_SECONDS: command not found
nm_1        | 2020-09-07 07:55:18 INFO  AuxServices:350 - Got event CONTAINER_INIT for appId application_1599465203997_0001
kms_1       | INFO: Couldn't find grammar element for class java.util.Map
datanode_3  | 2020-09-07 07:53:52,274 [pool-20-thread-1] INFO metrics.RatisMetrics: Creating Metrics Registry : ratis.server.436c696e-dacc-4728-bc23-e3875fcaa197@group-D96DDB80F7BF
kdc_1       | Sep 07 07:53:58 kdc krb5kdc[8](info): AS_REQ (8 etypes {18 17 20 19 16 23 25 26}) 172.25.0.6: ISSUE: authtime 1599465238, etypes {rep=18 tkt=18 ses=18}, HTTP/scm@EXAMPLE.COM for krbtgt/EXAMPLE.COM@EXAMPLE.COM
scm_1       | Got 200, KDC service ready!!
s3g_1       | Got 200, KDC service ready!!
om_1        | 2020-09-07 07:53:39,596 [main] INFO ozone.OzoneSecurityUtil: ip:127.0.0.1 not returned.
rm_1        | Sleeping for  seconds
nm_1        | 2020-09-07 07:55:18 INFO  ResourceLocalizationService:798 - Created localizer for container_1599465203997_0001_01_000001
kms_1       | Sep 07, 2020 7:55:53 AM com.sun.jersey.server.wadl.generators.AbstractWadlGeneratorGrammarGenerator attachTypes
datanode_3  | 2020-09-07 07:53:52,284 [pool-20-thread-1] INFO impl.RaftServerImpl: 436c696e-dacc-4728-bc23-e3875fcaa197@group-D96DDB80F7BF: start as a follower, conf=-1: [fb934a3a-7cc0-4475-a9ff-3965cff3ec0b:172.25.0.10:9858, 436c696e-dacc-4728-bc23-e3875fcaa197:172.25.0.9:9858, 8093e65e-1efb-4b18-938c-cc439f357e05:172.25.0.12:9858], old=null
kdc_1       | Sep 07 07:54:02 kdc krb5kdc[8](info): TGS_REQ (6 etypes {18 17 20 19 16 23}) 172.25.0.6: ISSUE: authtime 1599465238, etypes {rep=18 tkt=18 ses=18}, HTTP/scm@EXAMPLE.COM for scm/scm@EXAMPLE.COM
scm_1       | Download scm/scm@EXAMPLE.COM keytab file to /etc/security/keytabs/scm.keytab
s3g_1       | Download s3g/s3g@EXAMPLE.COM keytab file to /etc/security/keytabs/s3g.keytab
om_1        | 2020-09-07 07:53:39,616 [main] INFO ha.OMHANodeDetails: ozone.om.internal.service.id is not defined, falling back to ozone.om.service.ids to find serviceID for OzoneManager if it is HA enabled cluster
rm_1        | Got 200, KDC service ready!!
nm_1        | 2020-09-07 07:55:18 INFO  ResourceLocalizationService:1328 - Writing credentials to the nmPrivate file /tmp/hadoop-hadoop/nm-local-dir/nmPrivate/container_1599465203997_0001_01_000001.tokens
kms_1       | INFO: Couldn't find grammar element for class java.util.Map
datanode_3  | 2020-09-07 07:53:52,284 [pool-20-thread-1] INFO impl.RaftServerImpl: 436c696e-dacc-4728-bc23-e3875fcaa197@group-D96DDB80F7BF: changes role from      null to FOLLOWER at term 0 for startAsFollower
kdc_1       | Sep 07 07:54:04 kdc krb5kdc[8](info): AS_REQ (8 etypes {18 17 20 19 16 23 25 26}) 172.25.0.2: ISSUE: authtime 1599465244, etypes {rep=18 tkt=18 ses=18}, testuser/om@EXAMPLE.COM for krbtgt/EXAMPLE.COM@EXAMPLE.COM
scm_1       | --2020-09-07 07:52:59--  http://kdc:8081/keytab/scm/scm
s3g_1       | --2020-09-07 07:52:59--  http://kdc:8081/keytab/s3g/s3g
om_1        | 2020-09-07 07:53:39,617 [main] INFO ha.OMHANodeDetails: Configuration either no ozone.om.address set. Falling back to the default OM address om/172.25.0.2:9862
rm_1        | Download rm/rm@EXAMPLE.COM keytab file to /etc/security/keytabs/rm.keytab
nm_1        | 2020-09-07 07:55:18 INFO  DefaultContainerExecutor:836 - Initializing user hadoop
kms_1       | Sep 07, 2020 7:55:53 AM com.sun.jersey.server.wadl.generators.AbstractWadlGeneratorGrammarGenerator attachTypes
datanode_3  | 2020-09-07 07:53:52,285 [pool-20-thread-1] INFO impl.RoleInfo: 436c696e-dacc-4728-bc23-e3875fcaa197: start FollowerState
kdc_1       | Sep 07 07:54:11 kdc krb5kdc[8](info): TGS_REQ (6 etypes {18 17 20 19 16 23}) 172.25.0.2: ISSUE: authtime 1599465244, etypes {rep=18 tkt=18 ses=18}, testuser/om@EXAMPLE.COM for om/om@EXAMPLE.COM
scm_1       | Resolving kdc (kdc)... 172.25.0.7
s3g_1       | Resolving kdc (kdc)... 172.25.0.7
om_1        | 2020-09-07 07:53:39,617 [main] INFO ha.OMHANodeDetails: OM Service ID is not set. Setting it to the default ID: omServiceIdDefault
rm_1        | --2020-09-07 07:52:55--  http://kdc:8081/keytab/rm/rm
nm_1        | 2020-09-07 07:55:18 INFO  DefaultContainerExecutor:166 - Copying from /tmp/hadoop-hadoop/nm-local-dir/nmPrivate/container_1599465203997_0001_01_000001.tokens to /tmp/hadoop-hadoop/nm-local-dir/usercache/hadoop/appcache/application_1599465203997_0001/container_1599465203997_0001_01_000001.tokens
kms_1       | INFO: Couldn't find grammar element for class java.util.Map
datanode_3  | 2020-09-07 07:53:52,298 [pool-20-thread-1] INFO util.JmxRegister: Successfully registered JMX Bean with object name Ratis:service=RaftServer,group=group-D96DDB80F7BF,id=436c696e-dacc-4728-bc23-e3875fcaa197
kdc_1       | Sep 07 07:54:15 kdc krb5kdc[8](info): TGS_REQ (6 etypes {18 17 20 19 16 23}) 172.25.0.2: ISSUE: authtime 1599465244, etypes {rep=18 tkt=18 ses=18}, testuser/om@EXAMPLE.COM for om/om@EXAMPLE.COM
scm_1       | Connecting to kdc (kdc)|172.25.0.7|:8081... connected.
s3g_1       | Connecting to kdc (kdc)|172.25.0.7|:8081... connected.
om_1        | 2020-09-07 07:53:39,619 [main] INFO om.OzoneManager: Creating csr for OM->dns:om,ip:172.25.0.2,scmId:dc30bade-5749-4542-b67a-cd2b50cdd859,clusterId:CID-465fea31-caa4-4086-b524-c33426d3a069,subject:om@om
rm_1        | Resolving kdc (kdc)... 172.25.0.7
nm_1        | 2020-09-07 07:55:18 INFO  DefaultContainerExecutor:174 - Localizer CWD set to /tmp/hadoop-hadoop/nm-local-dir/usercache/hadoop/appcache/application_1599465203997_0001 = file:/tmp/hadoop-hadoop/nm-local-dir/usercache/hadoop/appcache/application_1599465203997_0001
kms_1       | Sep 07, 2020 7:55:53 AM com.sun.jersey.server.wadl.generators.AbstractWadlGeneratorGrammarGenerator attachTypes
datanode_3  | 2020-09-07 07:53:52,309 [pool-20-thread-1] INFO metrics.RatisMetrics: Creating Metrics Registry : ratis.state_machine.436c696e-dacc-4728-bc23-e3875fcaa197@group-D96DDB80F7BF
kdc_1       | Sep 07 07:54:18 kdc krb5kdc[8](info): TGS_REQ (6 etypes {18 17 20 19 16 23}) 172.25.0.2: ISSUE: authtime 1599465244, etypes {rep=18 tkt=18 ses=18}, testuser/om@EXAMPLE.COM for om/om@EXAMPLE.COM
scm_1       | HTTP request sent, awaiting response... 200 OK
s3g_1       | HTTP request sent, awaiting response... 200 OK
om_1        | 2020-09-07 07:53:40,177 [main] INFO om.OzoneManager: OzoneManager ports added:[name: "RPC"
rm_1        | Connecting to kdc (kdc)|172.25.0.7|:8081... connected.
nm_1        | 2020-09-07 07:55:18 INFO  Server:1849 - Auth successful for testing (auth:SIMPLE)
kms_1       | INFO: Couldn't find grammar element for class javax.ws.rs.core.Response
datanode_3  | 2020-09-07 07:53:54,326 [Command processor thread] INFO commandhandler.CreatePipelineCommandHandler: Created Pipeline RATIS THREE #id: "b2e461b4-f4a0-4568-8241-d96ddb80f7bf"
kdc_1       | Sep 07 07:54:21 kdc krb5kdc[8](info): TGS_REQ (6 etypes {18 17 20 19 16 23}) 172.25.0.2: ISSUE: authtime 1599465244, etypes {rep=18 tkt=18 ses=18}, testuser/om@EXAMPLE.COM for om/om@EXAMPLE.COM
scm_1       | Length: 142 [application/octet-stream]
s3g_1       | Length: 142 [application/octet-stream]
om_1        | value: 9862
rm_1        | HTTP request sent, awaiting response... 200 OK
nm_1        | 2020-09-07 07:55:18 WARN  MetricsSystemImpl:151 - NodeManager metrics system already initialized!
kms_1       | Sep 07, 2020 7:55:53 AM com.sun.jersey.server.wadl.generators.AbstractWadlGeneratorGrammarGenerator attachTypes
datanode_3  | uuid128 {
kdc_1       | Sep 07 07:54:25 kdc krb5kdc[8](info): TGS_REQ (6 etypes {18 17 20 19 16 23}) 172.25.0.2: ISSUE: authtime 1599465244, etypes {rep=18 tkt=18 ses=18}, testuser/om@EXAMPLE.COM for om/om@EXAMPLE.COM
scm_1       | Saving to: '/etc/security/keytabs/scm.keytab'
s3g_1       | Saving to: '/etc/security/keytabs/s3g.keytab'
om_1        | ]
rm_1        | Length: 138 [application/octet-stream]
nm_1        | 2020-09-07 07:55:20 INFO  ContainerImpl:2112 - Container container_1599465203997_0001_01_000001 transitioned from LOCALIZING to SCHEDULED
kms_1       | INFO: Couldn't find grammar element for class java.util.Map
datanode_3  |   mostSigBits: -5556208610442197656
kdc_1       | Sep 07 07:54:28 kdc krb5kdc[8](info): TGS_REQ (6 etypes {18 17 20 19 16 23}) 172.25.0.2: ISSUE: authtime 1599465244, etypes {rep=18 tkt=18 ses=18}, testuser/om@EXAMPLE.COM for om/om@EXAMPLE.COM
scm_1       | 
s3g_1       | 
om_1        | 2020-09-07 07:53:40,742 [main] INFO om.OzoneManager: Successfully stored SCM signed certificate.
rm_1        | Saving to: '/etc/security/keytabs/rm.keytab'
nm_1        | 2020-09-07 07:55:20 INFO  ContainerScheduler:541 - Starting container [container_1599465203997_0001_01_000001]
kms_1       | Sep 07, 2020 7:55:53 AM com.sun.jersey.server.wadl.generators.AbstractWadlGeneratorGrammarGenerator attachTypes
datanode_3  |   leastSigBits: -9060721909435402305
kdc_1       | Sep 07 07:54:35 kdc krb5kdc[8](info): TGS_REQ (6 etypes {18 17 20 19 16 23}) 172.25.0.2: ISSUE: authtime 1599465244, etypes {rep=18 tkt=18 ses=18}, testuser/om@EXAMPLE.COM for om/om@EXAMPLE.COM
scm_1       |      0K                                                       100% 20.2M=0s
s3g_1       |      0K                                                       100% 24.2M=0s
om_1        | OM initialization succeeded.Current cluster id for sd=/data/metadata/om;cid=CID-465fea31-caa4-4086-b524-c33426d3a069;layoutVersion=0
rm_1        | 
nm_1        | 2020-09-07 07:55:20 INFO  ContainerImpl:2112 - Container container_1599465203997_0001_01_000001 transitioned from SCHEDULED to RUNNING
kms_1       | INFO: Couldn't find grammar element for class javax.ws.rs.core.Response
datanode_3  | }
kdc_1       | Sep 07 07:54:40 kdc krb5kdc[8](info): TGS_REQ (6 etypes {18 17 20 19 16 23}) 172.25.0.2: ISSUE: authtime 1599465244, etypes {rep=18 tkt=18 ses=18}, testuser/om@EXAMPLE.COM for om/om@EXAMPLE.COM
kdc_1       | Sep 07 07:54:45 kdc krb5kdc[8](info): TGS_REQ (6 etypes {18 17 20 19 16 23}) 172.25.0.2: ISSUE: authtime 1599465244, etypes {rep=18 tkt=18 ses=18}, testuser/om@EXAMPLE.COM for om/om@EXAMPLE.COM
s3g_1       | 
om_1        | 2020-09-07 07:53:40,909 [shutdown-hook-0] INFO om.OzoneManagerStarter: SHUTDOWN_MSG: 
rm_1        |      0K                                                       100% 21.6M=0s
nm_1        | 2020-09-07 07:55:20 INFO  ContainersMonitorImpl:1013 - Starting resource-monitoring for container_1599465203997_0001_01_000001
kms_1       | Sep 07, 2020 7:55:53 AM com.sun.jersey.server.wadl.generators.AbstractWadlGeneratorGrammarGenerator attachTypes
kdc_1       | Sep 07 07:54:49 kdc krb5kdc[8](info): TGS_REQ (6 etypes {18 17 20 19 16 23}) 172.25.0.2: ISSUE: authtime 1599465244, etypes {rep=18 tkt=18 ses=18}, testuser/om@EXAMPLE.COM for om/om@EXAMPLE.COM
kdc_1       | Sep 07 07:54:54 kdc krb5kdc[8](info): AS_REQ (8 etypes {18 17 20 19 16 23 25 26}) 172.25.0.3: ISSUE: authtime 1599465294, etypes {rep=18 tkt=18 ses=18}, hadoop/rm@EXAMPLE.COM for krbtgt/EXAMPLE.COM@EXAMPLE.COM
kdc_1       | Sep 07 07:55:00 kdc krb5kdc[8](info): TGS_REQ (4 etypes {18 17 16 23}) 172.25.0.3: ISSUE: authtime 1599465294, etypes {rep=18 tkt=18 ses=18}, hadoop/rm@EXAMPLE.COM for om/om@EXAMPLE.COM
