kdc_1       | Nov 16 17:46:01 kdc kadmind[25](Notice): Request: kadm5_create_principal, HTTP/dc6c688781d1@EXAMPLE.COM, success, client=admin/admin@EXAMPLE.COM, service=kadmin/admin@EXAMPLE.COM, addr=127.0.0.1
nm_1        | 2020-11-16 17:46:46 INFO  ContainerManagerImpl:683 - ContainerManager started at nm/172.25.0.2:46881
rm_1        | 2020-11-16 17:46:19 INFO  NMTokenSecretManagerInRM:75 - NMTokenKeyRollingInterval: 86400000ms and NMTokenKeyActivationDelay: 900000ms
kms_1       | INFO: Couldn't find grammar element for class javax.ws.rs.core.Response
s3g_1       | HTTP request sent, awaiting response... 200 OK
om_1        | STARTUP_MSG:   version = 1.1.0-SNAPSHOT
scm_1       | WARNING: Use --illegal-access=warn to enable warnings of further illegal reflective access operations
scm_1       | WARNING: All illegal access operations will be denied in a future release
nm_1        | 2020-11-16 17:46:46 INFO  ContainerManagerImpl:684 - ContainerManager bound to 0.0.0.0/0.0.0.0:0
rm_1        | 2020-11-16 17:46:19 INFO  RMContainerTokenSecretManager:81 - ContainerTokenKeyRollingInterval: 86400000ms and ContainerTokenKeyActivationDelay: 900000ms
kms_1       | Nov 16, 2020 5:49:44 PM com.sun.jersey.server.wadl.generators.WadlGeneratorJAXBGrammarGenerator buildModelAndSchemas
s3g_1       | Length: 142 [application/octet-stream]
scm_1       | 2020-11-16 17:46:34,937 [main] INFO security.UserGroupInformation: Login successful for user scm/scm@EXAMPLE.COM using keytab file /etc/security/keytabs/scm.keytab
kdc_1       | Nov 16 17:46:01 kdc kadmind[25](info): closing down fd 18
om_1        | STARTUP_MSG:   classpath = /etc/hadoop:/opt/hadoop/share/hadoop/common/*:/opt/hadoop/share/ozone/lib/hadoop-ozone-interface-client-1.1.0-SNAPSHOT.jar:/opt/hadoop/share/ozone/lib/kerb-simplekdc-1.0.1.jar:/opt/hadoop/share/ozone/lib/okhttp-4.2.2.jar:/opt/hadoop/share/ozone/lib/jackson-databind-2.10.3.jar:/opt/hadoop/share/ozone/lib/protobuf-java-2.5.0.jar:/opt/hadoop/share/ozone/lib/ratis-netty-1.1.0-11689cd-SNAPSHOT.jar:/opt/hadoop/share/ozone/lib/bcpkix-jdk15on-1.60.jar:/opt/hadoop/share/ozone/lib/log4j-api-2.13.3.jar:/opt/hadoop/share/ozone/lib/jetty-util-ajax-9.4.34.v20201102.jar:/opt/hadoop/share/ozone/lib/commons-validator-1.6.jar:/opt/hadoop/share/ozone/lib/netty-3.10.5.Final.jar:/opt/hadoop/share/ozone/lib/kotlin-stdlib-common-1.3.50.jar:/opt/hadoop/share/ozone/lib/kerb-core-1.0.1.jar:/opt/hadoop/share/ozone/lib/picocli-4.4.0.jar:/opt/hadoop/share/ozone/lib/ratis-grpc-1.1.0-11689cd-SNAPSHOT.jar:/opt/hadoop/share/ozone/lib/jsr305-3.0.0.jar:/opt/hadoop/share/ozone/lib/hadoop-ozone-client-1.1.0-SNAPSHOT.jar:/opt/hadoop/share/ozone/lib/leveldbjni-all-1.8.jar:/opt/hadoop/share/ozone/lib/j2objc-annotations-1.3.jar:/opt/hadoop/share/ozone/lib/jetty-http-9.4.34.v20201102.jar:/opt/hadoop/share/ozone/lib/jaeger-tracerresolver-1.2.0.jar:/opt/hadoop/share/ozone/lib/hadoop-auth-3.2.1.jar:/opt/hadoop/share/ozone/lib/hadoop-hdds-interface-server-1.1.0-SNAPSHOT.jar:/opt/hadoop/share/ozone/lib/htrace-core4-4.1.0-incubating.jar:/opt/hadoop/share/ozone/lib/kerb-util-1.0.1.jar:/opt/hadoop/share/ozone/lib/jetty-server-9.4.34.v20201102.jar:/opt/hadoop/share/ozone/lib/jaeger-thrift-1.2.0.jar:/opt/hadoop/share/ozone/lib/commons-logging-1.2.jar:/opt/hadoop/share/ozone/lib/jetty-xml-9.4.34.v20201102.jar:/opt/hadoop/share/ozone/lib/kerby-xdr-1.0.1.jar:/opt/hadoop/share/ozone/lib/jetty-io-9.4.34.v20201102.jar:/opt/hadoop/share/ozone/lib/opentracing-tracerresolver-0.1.8.jar:/opt/hadoop/share/ozone/lib/commons-net-3.6.jar:/opt/hadoop/share/ozone/lib/jaeger-core-1.2.0.jar:/opt/hadoop/share/ozone/lib/error_prone_annotations-2.2.0.jar:/opt/hadoop/share/ozone/lib/jetty-webapp-9.4.34.v20201102.jar:/opt/hadoop/share/ozone/lib/ratis-thirdparty-misc-0.6.0-SNAPSHOT.jar:/opt/hadoop/share/ozone/lib/slf4j-log4j12-1.7.25.jar:/opt/hadoop/share/ozone/lib/okio-2.2.2.jar:/opt/hadoop/share/ozone/lib/kerby-config-1.0.1.jar:/opt/hadoop/share/ozone/lib/metrics-core-3.2.4.jar:/opt/hadoop/share/ozone/lib/guava-28.2-jre.jar:/opt/hadoop/share/ozone/lib/kerby-pkix-1.0.1.jar:/opt/hadoop/share/ozone/lib/xz-1.0.jar:/opt/hadoop/share/ozone/lib/ratis-proto-1.1.0-11689cd-SNAPSHOT.jar:/opt/hadoop/share/ozone/lib/jsr311-api-1.1.1.jar:/opt/hadoop/share/ozone/lib/hadoop-hdds-client-1.1.0-SNAPSHOT.jar:/opt/hadoop/share/ozone/lib/jetty-servlet-9.4.34.v20201102.jar:/opt/hadoop/share/ozone/lib/commons-beanutils-1.9.4.jar:/opt/hadoop/share/ozone/lib/javax.servlet-api-3.1.0.jar:/opt/hadoop/share/ozone/lib/kerb-server-1.0.1.jar:/opt/hadoop/share/ozone/lib/kerb-client-1.0.1.jar:/opt/hadoop/share/ozone/lib/disruptor-3.4.2.jar:/opt/hadoop/share/ozone/lib/libthrift-0.13.0.jar:/opt/hadoop/share/ozone/lib/log4j-core-2.13.3.jar:/opt/hadoop/share/ozone/lib/annotations-13.0.jar:/opt/hadoop/share/ozone/lib/simpleclient_common-0.7.0.jar:/opt/hadoop/share/ozone/lib/dnsjava-2.1.7.jar:/opt/hadoop/share/ozone/lib/jackson-annotations-2.10.3.jar:/opt/hadoop/share/ozone/lib/hadoop-ozone-interface-storage-1.1.0-SNAPSHOT.jar:/opt/hadoop/share/ozone/lib/ratis-server-1.1.0-11689cd-SNAPSHOT.jar:/opt/hadoop/share/ozone/lib/commons-configuration2-2.1.1.jar:/opt/hadoop/share/ozone/lib/json-smart-2.3.jar:/opt/hadoop/share/ozone/lib/token-provider-1.0.1.jar:/opt/hadoop/share/ozone/lib/log4j-1.2.17.jar:/opt/hadoop/share/ozone/lib/commons-daemon-1.0.13.jar:/opt/hadoop/share/ozone/lib/listenablefuture-9999.0-empty-to-avoid-conflict-with-guava.jar:/opt/hadoop/share/ozone/lib/jetty-security-9.4.34.v20201102.jar:/opt/hadoop/share/ozone/lib/bcprov-jdk15on-1.60.jar:/opt/hadoop/share/ozone/lib/hadoop-hdds-config-1.1.0-SNAPSHOT.jar:/opt/hadoop/share/ozone/lib/hadoop-hdds-common-1.1.0-SNAPSHOT.jar:/opt/hadoop/share/ozone/lib/hadoop-hdfs-client-3.2.1.jar:/opt/hadoop/share/ozone/lib/commons-lang3-3.7.jar:/opt/hadoop/share/ozone/lib/commons-compress-1.4.1.jar:/opt/hadoop/share/ozone/lib/accessors-smart-1.2.jar:/opt/hadoop/share/ozone/lib/re2j-1.1.jar:/opt/hadoop/share/ozone/lib/hadoop-hdfs-3.2.1.jar:/opt/hadoop/share/ozone/lib/commons-math3-3.1.1.jar:/opt/hadoop/share/ozone/lib/simpleclient_dropwizard-0.7.0.jar:/opt/hadoop/share/ozone/lib/simpleclient-0.7.0.jar:/opt/hadoop/share/ozone/lib/hadoop-common-3.2.1.jar:/opt/hadoop/share/ozone/lib/httpclient-4.5.2.jar:/opt/hadoop/share/ozone/lib/rocksdbjni-6.8.1.jar:/opt/hadoop/share/ozone/lib/asm-5.0.4.jar:/opt/hadoop/share/ozone/lib/kerby-util-1.0.1.jar:/opt/hadoop/share/ozone/lib/failureaccess-1.0.1.jar:/opt/hadoop/share/ozone/lib/ratis-metrics-1.1.0-11689cd-SNAPSHOT.jar:/opt/hadoop/share/ozone/lib/jsp-api-2.1.jar:/opt/hadoop/share/ozone/lib/jsch-0.1.54.jar:/opt/hadoop/share/ozone/lib/nimbus-jose-jwt-7.9.jar:/opt/hadoop/share/ozone/lib/kotlin-stdlib-1.3.50.jar:/opt/hadoop/share/ozone/lib/commons-codec-1.11.jar:/opt/hadoop/share/ozone/lib/commons-pool2-2.6.0.jar:/opt/hadoop/share/ozone/lib/ratis-common-1.1.0-11689cd-SNAPSHOT.jar:/opt/hadoop/share/ozone/lib/jackson-datatype-jsr310-2.10.3.jar:/opt/hadoop/share/ozone/lib/gson-2.2.4.jar:/opt/hadoop/share/ozone/lib/opentracing-api-0.33.0.jar:/opt/hadoop/share/ozone/lib/jcip-annotations-1.0-1.jar:/opt/hadoop/share/ozone/lib/kerb-admin-1.0.1.jar:/opt/hadoop/share/ozone/lib/commons-io-2.5.jar:/opt/hadoop/share/ozone/lib/snakeyaml-1.16.jar:/opt/hadoop/share/ozone/lib/opentracing-noop-0.33.0.jar:/opt/hadoop/share/ozone/lib/jersey-core-1.19.jar:/opt/hadoop/share/ozone/lib/checker-qual-2.10.0.jar:/opt/hadoop/share/ozone/lib/hadoop-ozone-common-1.1.0-SNAPSHOT.jar:/opt/hadoop/share/ozone/lib/opentracing-util-0.33.0.jar:/opt/hadoop/share/ozone/lib/commons-cli-1.2.jar:/opt/hadoop/share/ozone/lib/woodstox-core-5.0.3.jar:/opt/hadoop/share/ozone/lib/javax.annotation-api-1.2.jar:/opt/hadoop/share/ozone/lib/hadoop-hdds-interface-client-1.1.0-SNAPSHOT.jar:/opt/hadoop/share/ozone/lib/netty-all-4.1.48.Final.jar:/opt/hadoop/share/ozone/lib/kerby-asn1-1.0.1.jar:/opt/hadoop/share/ozone/lib/hadoop-hdds-hadoop-dependency-client-1.1.0-SNAPSHOT.jar:/opt/hadoop/share/ozone/lib/stax2-api-3.1.4.jar:/opt/hadoop/share/ozone/lib/commons-digester-1.8.1.jar:/opt/hadoop/share/ozone/lib/commons-collections-3.2.2.jar:/opt/hadoop/share/ozone/lib/jackson-core-2.10.3.jar:/opt/hadoop/share/ozone/lib/commons-text-1.4.jar:/opt/hadoop/share/ozone/lib/jetty-util-9.4.34.v20201102.jar:/opt/hadoop/share/ozone/lib/jersey-servlet-1.19.jar:/opt/hadoop/share/ozone/lib/slf4j-api-1.7.25.jar:/opt/hadoop/share/ozone/lib/hadoop-hdds-server-framework-1.1.0-SNAPSHOT.jar:/opt/hadoop/share/ozone/lib/kerb-identity-1.0.1.jar:/opt/hadoop/share/ozone/lib/hadoop-hdds-hadoop-dependency-server-1.1.0-SNAPSHOT.jar:/opt/hadoop/share/ozone/lib/jaeger-client-1.2.0.jar:/opt/hadoop/share/ozone/lib/kerb-common-1.0.1.jar:/opt/hadoop/share/ozone/lib/hadoop-hdds-interface-admin-1.1.0-SNAPSHOT.jar:/opt/hadoop/share/ozone/lib/jersey-server-1.19.jar:/opt/hadoop/share/ozone/lib/kerb-crypto-1.0.1.jar:/opt/hadoop/share/ozone/lib/ratis-client-1.1.0-11689cd-SNAPSHOT.jar:/opt/hadoop/share/ozone/lib/hadoop-annotations-3.2.1.jar:/opt/hadoop/share/ozone/lib/httpcore-4.4.4.jar:/opt/hadoop/share/ozone/web:/opt/hadoop/share/ozone/lib/hadoop-ozone-ozone-manager-1.1.0-SNAPSHOT.jar
nm_1        | 2020-11-16 17:46:46 INFO  WebServer:99 - Instantiating NMWebApp at 0.0.0.0:8042
rm_1        | 2020-11-16 17:46:19 INFO  AMRMTokenSecretManager:94 - AMRMTokenKeyRollingInterval: 86400000ms and AMRMTokenKeyActivationDelay: 900000 ms
kms_1       | SEVERE: Failed to generate the schema for the JAX-B elements
s3g_1       | Saving to: '/etc/security/keytabs/s3g.keytab'
scm_1       | 2020-11-16 17:46:34,937 [main] INFO server.StorageContainerManager: SCM login successful.
kdc_1       | Nov 16 17:46:01 kdc kadmind[25](Notice): Request: kadm5_init, admin/admin@EXAMPLE.COM, success, client=admin/admin@EXAMPLE.COM, service=kadmin/admin@EXAMPLE.COM, addr=127.0.0.1, vers=4, flavor=6
om_1        | STARTUP_MSG:   build = https://github.com/apache/ozone.git/e7381722caf9a9f2798747e3ecc1c5b21e4186a4 ; compiled by 'runner' on 2020-11-16T17:00Z
nm_1        | 2020-11-16 17:46:46 INFO  log:192 - Logging initialized @5259ms
rm_1        | 2020-11-16 17:46:19 INFO  AsyncDispatcher:245 - Registering class org.apache.hadoop.yarn.server.resourcemanager.recovery.RMStateStoreEventType for class org.apache.hadoop.yarn.server.resourcemanager.recovery.RMStateStore$ForwardingEventHandler
kms_1       | com.sun.xml.bind.v2.runtime.IllegalAnnotationsException: 2 counts of IllegalAnnotationExceptions
s3g_1       | 
scm_1       | 2020-11-16 17:46:35,256 [main] WARN db.DBStoreBuilder: ozone.scm.db.dirs is not configured. We recommend adding this setting. Falling back to ozone.metadata.dirs instead.
kdc_1       | Nov 16 17:46:01 kdc kadmind[25](Notice): Request: kadm5_randkey_principal, HTTP/dc6c688781d1@EXAMPLE.COM, success, client=admin/admin@EXAMPLE.COM, service=kadmin/admin@EXAMPLE.COM, addr=127.0.0.1
om_1        | STARTUP_MSG:   java = 11.0.7
nm_1        | 2020-11-16 17:46:47 INFO  AuthenticationFilter:240 - Unable to initialize FileSignerSecretProvider, falling back to use random secrets.
rm_1        | 2020-11-16 17:46:19 INFO  AsyncDispatcher:245 - Registering class org.apache.hadoop.yarn.server.resourcemanager.NodesListManagerEventType for class org.apache.hadoop.yarn.server.resourcemanager.NodesListManager
kms_1       | java.util.Map is an interface, and JAXB can't handle interfaces.
s3g_1       |      0K                                                       100% 24.6M=0s
scm_1       | 2020-11-16 17:46:38,421 [main] INFO ozone.OzoneSecurityUtil: Adding ip:172.25.0.5,host:scm
kdc_1       | Nov 16 17:46:01 kdc kadmind[25](Notice): Request: kadm5_get_principal, HTTP/dc6c688781d1@EXAMPLE.COM, success, client=admin/admin@EXAMPLE.COM, service=kadmin/admin@EXAMPLE.COM, addr=127.0.0.1
om_1        | ************************************************************/
nm_1        | 2020-11-16 17:46:47 INFO  HttpRequestLog:81 - Http request log for http.requests.nodemanager is not defined
rm_1        | 2020-11-16 17:46:19 INFO  ResourceManager:445 - Using Scheduler: org.apache.hadoop.yarn.server.resourcemanager.scheduler.capacity.CapacityScheduler
kms_1       | 	this problem is related to the following location:
s3g_1       | 
scm_1       | 2020-11-16 17:46:38,421 [main] INFO ozone.OzoneSecurityUtil: ip:127.0.0.1 not returned.
kdc_1       | Nov 16 17:46:01 kdc kadmind[25](info): closing down fd 18
om_1        | 2020-11-16 17:46:21,303 [main] INFO om.OzoneManagerStarter: registered UNIX signal handlers for [TERM, HUP, INT]
nm_1        | 2020-11-16 17:46:47 INFO  HttpServer2:990 - Added global filter 'safety' (class=org.apache.hadoop.http.HttpServer2$QuotingInputFilter)
rm_1        | 2020-11-16 17:46:19 INFO  AsyncDispatcher:245 - Registering class org.apache.hadoop.yarn.server.resourcemanager.scheduler.event.SchedulerEventType for class org.apache.hadoop.yarn.event.EventDispatcher
kms_1       | 		at java.util.Map
s3g_1       | 2020-11-16 17:46:00 (24.6 MB/s) - '/etc/security/keytabs/s3g.keytab' saved [142/142]
scm_1       | 2020-11-16 17:46:38,931 [main] INFO ipc.CallQueueManager: Using callQueue: class java.util.concurrent.LinkedBlockingQueue, queueCapacity: 200, scheduler: class org.apache.hadoop.ipc.DefaultRpcScheduler, ipcBackoff: false.
kdc_1       | Nov 16 17:46:01 kdc kadmind[25](Notice): Request: kadm5_init, admin/admin@EXAMPLE.COM, success, client=admin/admin@EXAMPLE.COM, service=kadmin/admin@EXAMPLE.COM, addr=127.0.0.1, vers=4, flavor=6
om_1        | 2020-11-16 17:46:27,942 [main] INFO ha.OMHANodeDetails: ozone.om.internal.service.id is not defined, falling back to ozone.om.service.ids to find serviceID for OzoneManager if it is HA enabled cluster
nm_1        | 2020-11-16 17:46:47 INFO  HttpServer2:963 - Added filter static_user_filter (class=org.apache.hadoop.http.lib.StaticUserWebFilter$StaticUserFilter) to context node
kms_1       | java.util.Map does not have a no-arg default constructor.
s3g_1       | 
scm_1       | 2020-11-16 17:46:39,017 [Socket Reader #1 for port 9961] INFO ipc.Server: Starting Socket Reader #1 for port 9961
kdc_1       | Nov 16 17:46:01 kdc kadmind[25](Notice): Request: kadm5_get_policy, default, Policy does not exist, client=admin/admin@EXAMPLE.COM, service=kadmin/admin@EXAMPLE.COM, addr=127.0.0.1
om_1        | 2020-11-16 17:46:28,500 [main] INFO ha.OMHANodeDetails: Configuration either no ozone.om.address set. Falling back to the default OM address om/172.25.0.11:9862
rm_1        | 2020-11-16 17:46:19 INFO  AsyncDispatcher:245 - Registering class org.apache.hadoop.yarn.server.resourcemanager.rmapp.RMAppEventType for class org.apache.hadoop.yarn.server.resourcemanager.ResourceManager$ApplicationEventDispatcher
nm_1        | 2020-11-16 17:46:47 INFO  HttpServer2:973 - Added filter static_user_filter (class=org.apache.hadoop.http.lib.StaticUserWebFilter$StaticUserFilter) to context logs
nm_1        | 2020-11-16 17:46:47 INFO  HttpServer2:973 - Added filter static_user_filter (class=org.apache.hadoop.http.lib.StaticUserWebFilter$StaticUserFilter) to context static
s3g_1       | Keytab name: FILE:/etc/security/keytabs/s3g.keytab
scm_1       | 2020-11-16 17:46:39,533 [Listener at 0.0.0.0/9961] INFO net.NodeSchemaLoader: Loading file from java.lang.CompoundEnumeration@65d8dff8
kdc_1       | Nov 16 17:46:01 kdc kadmind[25](Notice): Request: kadm5_create_principal, HTTP/s3g@EXAMPLE.COM, success, client=admin/admin@EXAMPLE.COM, service=kadmin/admin@EXAMPLE.COM, addr=127.0.0.1
om_1        | 2020-11-16 17:46:28,512 [main] INFO ha.OMHANodeDetails: OM Service ID is not set. Setting it to the default ID: omServiceIdDefault
rm_1        | 2020-11-16 17:46:19 INFO  AsyncDispatcher:245 - Registering class org.apache.hadoop.yarn.server.resourcemanager.rmapp.attempt.RMAppAttemptEventType for class org.apache.hadoop.yarn.server.resourcemanager.ResourceManager$ApplicationAttemptEventDispatcher
nm_1        | 2020-11-16 17:46:47 INFO  HttpServer2:963 - Added filter authentication (class=org.apache.hadoop.security.authentication.server.AuthenticationFilter) to context node
kms_1       | 	this problem is related to the following location:
s3g_1       | KVNO Timestamp         Principal
scm_1       | 2020-11-16 17:46:39,534 [Listener at 0.0.0.0/9961] INFO net.NodeSchemaLoader: Loading network topology layer schema file
scm_1       | 2020-11-16 17:46:39,997 [Listener at 0.0.0.0/9961] INFO node.SCMNodeManager: Entering startup safe mode.
om_1        | WARNING: An illegal reflective access operation has occurred
rm_1        | 2020-11-16 17:46:19 INFO  AsyncDispatcher:245 - Registering class org.apache.hadoop.yarn.server.resourcemanager.rmnode.RMNodeEventType for class org.apache.hadoop.yarn.server.resourcemanager.ResourceManager$NodeEventDispatcher
nm_1        | 2020-11-16 17:46:47 INFO  HttpServer2:973 - Added filter authentication (class=org.apache.hadoop.security.authentication.server.AuthenticationFilter) to context logs
kms_1       | 		at java.util.Map
s3g_1       | ---- ----------------- --------------------------------------------------------
scm_1       | 2020-11-16 17:46:40,314 [Listener at 0.0.0.0/9961] INFO algorithms.ContainerPlacementPolicyFactory: Create container placement policy of type org.apache.hadoop.hdds.scm.container.placement.algorithms.SCMContainerPlacementRandom
kdc_1       | Nov 16 17:46:01 kdc kadmind[25](info): closing down fd 18
om_1        | WARNING: Illegal reflective access by org.apache.hadoop.security.authentication.util.KerberosUtil (file:/opt/hadoop/share/ozone/lib/hadoop-auth-3.2.1.jar) to method sun.security.krb5.Config.getInstance()
rm_1        | 2020-11-16 17:46:20 INFO  MetricsConfig:118 - Loaded properties from hadoop-metrics2.properties
nm_1        | 2020-11-16 17:46:47 INFO  HttpServer2:973 - Added filter authentication (class=org.apache.hadoop.security.authentication.server.AuthenticationFilter) to context static
kms_1       | 
s3g_1       |    2 11/16/20 17:46:00 s3g/s3g@EXAMPLE.COM
scm_1       | 2020-11-16 17:46:40,453 [Listener at 0.0.0.0/9961] INFO algorithms.LeaderChoosePolicyFactory: Create leader choose policy of type org.apache.hadoop.hdds.scm.pipeline.leader.choose.algorithms.DefaultLeaderChoosePolicy
kdc_1       | Nov 16 17:46:01 kdc kadmind[25](Notice): Request: kadm5_init, admin/admin@EXAMPLE.COM, success, client=admin/admin@EXAMPLE.COM, service=kadmin/admin@EXAMPLE.COM, addr=127.0.0.1, vers=4, flavor=6
om_1        | WARNING: Please consider reporting this to the maintainers of org.apache.hadoop.security.authentication.util.KerberosUtil
rm_1        | 2020-11-16 17:46:20 INFO  MetricsSystemImpl:374 - Scheduled Metric snapshot period at 10 second(s).
nm_1        | 2020-11-16 17:46:47 INFO  HttpServer2:613 - adding path spec: /node/*
kms_1       | 	at com.sun.xml.bind.v2.runtime.IllegalAnnotationsException$Builder.check(IllegalAnnotationsException.java:106)
s3g_1       |    2 11/16/20 17:46:00 s3g/s3g@EXAMPLE.COM
scm_1       | 2020-11-16 17:46:40,457 [Listener at 0.0.0.0/9961] INFO pipeline.SCMPipelineManager: No pipeline exists in current db
kdc_1       | Nov 16 17:46:01 kdc kadmind[25](Notice): Request: kadm5_randkey_principal, HTTP/s3g@EXAMPLE.COM, success, client=admin/admin@EXAMPLE.COM, service=kadmin/admin@EXAMPLE.COM, addr=127.0.0.1
om_1        | WARNING: Use --illegal-access=warn to enable warnings of further illegal reflective access operations
rm_1        | 2020-11-16 17:46:20 INFO  MetricsSystemImpl:191 - ResourceManager metrics system started
rm_1        | 2020-11-16 17:46:21 INFO  YarnAuthorizationProvider:58 - org.apache.hadoop.yarn.security.ConfiguredYarnAuthorizer is instantiated.
nm_1        | 2020-11-16 17:46:47 INFO  HttpServer2:613 - adding path spec: /ws/*
s3g_1       | Download HTTP/s3g@EXAMPLE.COM keytab file to /etc/security/keytabs/HTTP.keytab
scm_1       | 2020-11-16 17:46:40,562 [Listener at 0.0.0.0/9961] INFO algorithms.PipelineChoosePolicyFactory: Create pipeline choose policy of type org.apache.hadoop.hdds.scm.pipeline.choose.algorithms.RandomPipelineChoosePolicy
kdc_1       | Nov 16 17:46:01 kdc kadmind[25](Notice): Request: kadm5_get_principal, HTTP/s3g@EXAMPLE.COM, success, client=admin/admin@EXAMPLE.COM, service=kadmin/admin@EXAMPLE.COM, addr=127.0.0.1
om_1        | WARNING: All illegal access operations will be denied in a future release
rm_1        | 2020-11-16 17:46:21 INFO  AsyncDispatcher:245 - Registering class org.apache.hadoop.yarn.server.resourcemanager.RMAppManagerEventType for class org.apache.hadoop.yarn.server.resourcemanager.RMAppManager
rm_1        | 2020-11-16 17:46:21 INFO  AsyncDispatcher:245 - Registering class org.apache.hadoop.yarn.server.resourcemanager.amlauncher.AMLauncherEventType for class org.apache.hadoop.yarn.server.resourcemanager.amlauncher.ApplicationMasterLauncher
kms_1       | 	at com.sun.xml.bind.v2.runtime.JAXBContextImpl.getTypeInfoSet(JAXBContextImpl.java:489)
s3g_1       | --2020-11-16 17:46:00--  http://kdc:8081/keytab/s3g/HTTP
scm_1       | 2020-11-16 17:46:40,763 [Listener at 0.0.0.0/9961] INFO safemode.HealthyPipelineSafeModeRule: Total pipeline count is 0, healthy pipeline threshold count is 1
kdc_1       | Nov 16 17:46:01 kdc kadmind[25](info): closing down fd 18
om_1        | 2020-11-16 17:46:29,734 [main] INFO security.UserGroupInformation: Login successful for user om/om@EXAMPLE.COM using keytab file /etc/security/keytabs/om.keytab
rm_1        | 2020-11-16 17:46:21 INFO  RMNMInfo:65 - Registered RMNMInfo MBean
nm_1        | 2020-11-16 17:46:48 INFO  WebApps:395 - Registered webapp guice modules
kms_1       | 	at com.sun.xml.bind.v2.runtime.JAXBContextImpl.<init>(JAXBContextImpl.java:319)
s3g_1       | Resolving kdc (kdc)... 172.25.0.10
scm_1       | 2020-11-16 17:46:40,802 [Listener at 0.0.0.0/9961] INFO safemode.OneReplicaPipelineSafeModeRule: Total pipeline count is 0, pipeline's with at least one datanode reported threshold count is 0
kdc_1       | Nov 16 17:46:01 kdc kadmind[25](Notice): Request: kadm5_init, admin/admin@EXAMPLE.COM, success, client=admin/admin@EXAMPLE.COM, service=kadmin/admin@EXAMPLE.COM, addr=127.0.0.1, vers=4, flavor=6
om_1        | 2020-11-16 17:46:29,741 [main] INFO om.OzoneManager: Ozone Manager login successful.
rm_1        | 2020-11-16 17:46:21 INFO  RMAppLifetimeMonitor:66 - Application lifelime monitor interval set to 3000 ms.
nm_1        | 2020-11-16 17:46:48 INFO  HttpServer2:1206 - Jetty bound to port 8042
kms_1       | 	at com.sun.xml.bind.v2.runtime.JAXBContextImpl$JAXBContextBuilder.build(JAXBContextImpl.java:1170)
s3g_1       | Connecting to kdc (kdc)|172.25.0.10|:8081... connected.
scm_1       | 2020-11-16 17:46:43,011 [Listener at 0.0.0.0/9961] INFO ipc.CallQueueManager: Using callQueue: class java.util.concurrent.LinkedBlockingQueue, queueCapacity: 10000, scheduler: class org.apache.hadoop.ipc.DefaultRpcScheduler, ipcBackoff: false.
kdc_1       | Nov 16 17:46:01 kdc kadmind[25](Notice): Request: kadm5_get_policy, default, Policy does not exist, client=admin/admin@EXAMPLE.COM, service=kadmin/admin@EXAMPLE.COM, addr=127.0.0.1
om_1        | 2020-11-16 17:46:29,796 [main] WARN server.ServerUtils: ozone.om.db.dirs is not configured. We recommend adding this setting. Falling back to ozone.metadata.dirs instead.
rm_1        | 2020-11-16 17:46:21 INFO  MultiNodeSortingManager:59 - Initializing NodeSortingService=MultiNodeSortingManager
nm_1        | 2020-11-16 17:46:48 INFO  Server:351 - jetty-9.3.24.v20180605, build timestamp: 2018-06-05T17:11:56Z, git hash: 84205aa28f11a4f31f2a3b86d1bba2cc8ab69827
kms_1       | 	at com.sun.xml.bind.v2.ContextFactory.createContext(ContextFactory.java:145)
s3g_1       | HTTP request sent, awaiting response... 200 OK
scm_1       | 2020-11-16 17:46:43,033 [Socket Reader #1 for port 9861] INFO ipc.Server: Starting Socket Reader #1 for port 9861
kdc_1       | Nov 16 17:46:01 kdc kadmind[25](Notice): Request: kadm5_create_principal, HTTP/scm@EXAMPLE.COM, success, client=admin/admin@EXAMPLE.COM, service=kadmin/admin@EXAMPLE.COM, addr=127.0.0.1
om_1        | 2020-11-16 17:46:31,848 [main] INFO ipc.Client: Retrying connect to server: scm/172.25.0.5:9863. Already tried 0 time(s); retry policy is RetryUpToMaximumCountWithFixedSleep(maxRetries=10, sleepTime=1000 MILLISECONDS)
rm_1        | 2020-11-16 17:46:21 INFO  HostsFileReader:211 - Refreshing hosts (include/exclude) list
nm_1        | 2020-11-16 17:46:48 INFO  AuthenticationFilter:240 - Unable to initialize FileSignerSecretProvider, falling back to use random secrets.
kms_1       | 	at sun.reflect.NativeMethodAccessorImpl.invoke0(Native Method)
s3g_1       | Length: 144 [application/octet-stream]
scm_1       | 2020-11-16 17:46:43,091 [Listener at 0.0.0.0/9861] INFO ipc.CallQueueManager: Using callQueue: class java.util.concurrent.LinkedBlockingQueue, queueCapacity: 10000, scheduler: class org.apache.hadoop.ipc.DefaultRpcScheduler, ipcBackoff: false.
kdc_1       | Nov 16 17:46:01 kdc kadmind[25](info): closing down fd 18
om_1        | 2020-11-16 17:46:32,850 [main] INFO ipc.Client: Retrying connect to server: scm/172.25.0.5:9863. Already tried 1 time(s); retry policy is RetryUpToMaximumCountWithFixedSleep(maxRetries=10, sleepTime=1000 MILLISECONDS)
rm_1        | 2020-11-16 17:46:21 INFO  Configuration:2798 - found resource capacity-scheduler.xml at file:/opt/hadoop/etc/hadoop/capacity-scheduler.xml
nm_1        | 2020-11-16 17:46:48 INFO  ContextHandler:781 - Started o.e.j.s.ServletContextHandler@3eeb318f{/logs,file:///opt/hadoop/logs/,AVAILABLE}
nm_1        | 2020-11-16 17:46:48 INFO  ContextHandler:781 - Started o.e.j.s.ServletContextHandler@a202ccb{/static,jar:file:/opt/hadoop/share/hadoop/yarn/hadoop-yarn-common-3.2.1.jar!/webapps/static,AVAILABLE}
s3g_1       | Saving to: '/etc/security/keytabs/HTTP.keytab'
scm_1       | 2020-11-16 17:46:43,092 [Socket Reader #1 for port 9863] INFO ipc.Server: Starting Socket Reader #1 for port 9863
kdc_1       | tabase
kdc_1       | Nov 16 17:46:00 kdc krb5kdc[9](info): AS_REQ (8 etypes {18 17 20 19 16 23 25 26}) 127.0.0.1: ISSUE: authtime 1605548760, etypes {rep=18 tkt=18 ses=18}, admin/admin@EXAMPLE.COM for kadmin/admin@EXAMPLE.COM
rm_1        | 2020-11-16 17:46:21 INFO  AbstractYarnScheduler:1402 - Minimum allocation = <memory:1024, vCores:1>
nm_1        | Nov 16, 2020 5:46:49 PM com.sun.jersey.guice.spi.container.GuiceComponentProviderFactory register
kms_1       | 	at sun.reflect.NativeMethodAccessorImpl.invoke(NativeMethodAccessorImpl.java:62)
s3g_1       | 
kdc_1       | Nov 16 17:46:00 kdc krb5kdc[9](info): AS_REQ (8 etypes {18 17 20 19 16 23 25 26}) 127.0.0.1: SERVER_NOT_FOUND: admin/admin@EXAMPLE.COM for kadmin/localhost@EXAMPLE.COM, Server not found in Kerberos database
om_1        | 2020-11-16 17:46:33,851 [main] INFO ipc.Client: Retrying connect to server: scm/172.25.0.5:9863. Already tried 2 time(s); retry policy is RetryUpToMaximumCountWithFixedSleep(maxRetries=10, sleepTime=1000 MILLISECONDS)
scm_1       | 2020-11-16 17:46:43,190 [Listener at 0.0.0.0/9863] INFO ipc.CallQueueManager: Using callQueue: class java.util.concurrent.LinkedBlockingQueue, queueCapacity: 10000, scheduler: class org.apache.hadoop.ipc.DefaultRpcScheduler, ipcBackoff: false.
rm_1        | 2020-11-16 17:46:21 INFO  AbstractYarnScheduler:1414 - Maximum allocation = <memory:8192, vCores:4>
nm_1        | INFO: Registering org.apache.hadoop.yarn.server.nodemanager.webapp.NMWebServices as a root resource class
kms_1       | 	at sun.reflect.DelegatingMethodAccessorImpl.invoke(DelegatingMethodAccessorImpl.java:43)
s3g_1       |      0K                                                       100% 16.3M=0s
kdc_1       | Nov 16 17:46:00 kdc krb5kdc[9](info): AS_REQ (8 etypes {18 17 20 19 16 23 25 26}) 127.0.0.1: ISSUE: authtime 1605548760, etypes {rep=18 tkt=18 ses=18}, admin/admin@EXAMPLE.COM for kadmin/admin@EXAMPLE.COM
om_1        | 2020-11-16 17:46:34,851 [main] INFO ipc.Client: Retrying connect to server: scm/172.25.0.5:9863. Already tried 3 time(s); retry policy is RetryUpToMaximumCountWithFixedSleep(maxRetries=10, sleepTime=1000 MILLISECONDS)
scm_1       | 2020-11-16 17:46:43,193 [Socket Reader #1 for port 9860] INFO ipc.Server: Starting Socket Reader #1 for port 9860
rm_1        | 2020-11-16 17:46:21 INFO  CapacitySchedulerConfiguration:915 - max alloc mb per queue for root is undefined
nm_1        | Nov 16, 2020 5:46:49 PM com.sun.jersey.guice.spi.container.GuiceComponentProviderFactory register
kms_1       | 	at java.lang.reflect.Method.invoke(Method.java:498)
s3g_1       | 
kdc_1       | Nov 16 17:46:00 kdc krb5kdc[9](info): AS_REQ (8 etypes {18 17 20 19 16 23 25 26}) 127.0.0.1: SERVER_NOT_FOUND: admin/admin@EXAMPLE.COM for kadmin/localhost@EXAMPLE.COM, Server not found in Kerberos database
om_1        | 2020-11-16 17:46:35,853 [main] INFO ipc.Client: Retrying connect to server: scm/172.25.0.5:9863. Already tried 4 time(s); retry policy is RetryUpToMaximumCountWithFixedSleep(maxRetries=10, sleepTime=1000 MILLISECONDS)
scm_1       | 2020-11-16 17:46:43,359 [Listener at 0.0.0.0/9860] INFO http.BaseHttpServer: Starting Web-server for scm at: http://0.0.0.0:9876
rm_1        | 2020-11-16 17:46:21 INFO  CapacitySchedulerConfiguration:919 - max alloc vcore per queue for root is undefined
nm_1        | INFO: Registering org.apache.hadoop.yarn.webapp.GenericExceptionHandler as a provider class
kms_1       | 	at javax.xml.bind.ContextFinder.newInstance(ContextFinder.java:247)
s3g_1       | 2020-11-16 17:46:01 (16.3 MB/s) - '/etc/security/keytabs/HTTP.keytab' saved [144/144]
kdc_1       | Nov 16 17:46:00 kdc krb5kdc[9](info): AS_REQ (8 etypes {18 17 20 19 16 23 25 26}) 127.0.0.1: ISSUE: authtime 1605548760, etypes {rep=18 tkt=18 ses=18}, admin/admin@EXAMPLE.COM for kadmin/admin@EXAMPLE.COM
scm_1       | 2020-11-16 17:46:43,359 [Listener at 0.0.0.0/9860] INFO http.BaseHttpServer: Hadoop Security Enabled: true Ozone Security Enabled: true Ozone HTTP Security Enabled: false 
rm_1        | 2020-11-16 17:46:21 INFO  ParentQueue:151 - root, capacity=1.0, absoluteCapacity=1.0, maxCapacity=1.0, absoluteMaxCapacity=1.0, state=RUNNING, acls=SUBMIT_APP:*ADMINISTER_QUEUE:*, labels=*,
nm_1        | Nov 16, 2020 5:46:49 PM com.sun.jersey.guice.spi.container.GuiceComponentProviderFactory register
nm_1        | INFO: Registering org.apache.hadoop.yarn.server.nodemanager.webapp.JAXBContextResolver as a provider class
kms_1       | 	at javax.xml.bind.ContextFinder.newInstance(ContextFinder.java:234)
kdc_1       | Nov 16 17:46:00 kdc krb5kdc[9](info): AS_REQ (8 etypes {18 17 20 19 16 23 25 26}) 127.0.0.1: SERVER_NOT_FOUND: admin/admin@EXAMPLE.COM for kadmin/localhost@EXAMPLE.COM, Server not found in Kerberos database
scm_1       | 2020-11-16 17:46:43,473 [Listener at 0.0.0.0/9860] INFO util.log: Logging initialized @19612ms to org.eclipse.jetty.util.log.Slf4jLog
rm_1        | , reservationsContinueLooking=true, orderingPolicy=utilization, priority=0
rm_1        | 2020-11-16 17:46:21 INFO  ParentQueue:114 - Initialized parent-queue root name=root, fullname=root
nm_1        | Nov 16, 2020 5:46:49 PM com.sun.jersey.server.impl.application.WebApplicationImpl _initiate
kms_1       | 	at javax.xml.bind.ContextFinder.find(ContextFinder.java:441)
om_1        | 2020-11-16 17:46:36,854 [main] INFO ipc.Client: Retrying connect to server: scm/172.25.0.5:9863. Already tried 5 time(s); retry policy is RetryUpToMaximumCountWithFixedSleep(maxRetries=10, sleepTime=1000 MILLISECONDS)
kdc_1       | Nov 16 17:46:00 kdc krb5kdc[9](info): AS_REQ (8 etypes {18 17 20 19 16 23 25 26}) 127.0.0.1: ISSUE: authtime 1605548760, etypes {rep=18 tkt=18 ses=18}, admin/admin@EXAMPLE.COM for kadmin/admin@EXAMPLE.COM
scm_1       | 2020-11-16 17:46:43,743 [Listener at 0.0.0.0/9860] INFO server.AuthenticationFilter: Unable to initialize FileSignerSecretProvider, falling back to use random secrets.
rm_1        | 2020-11-16 17:46:21 INFO  CapacitySchedulerConfiguration:915 - max alloc mb per queue for root.default is undefined
s3g_1       | 
nm_1        | INFO: Initiating Jersey application, version 'Jersey: 1.19 02/11/2015 03:25 AM'
kms_1       | 	at javax.xml.bind.JAXBContext.newInstance(JAXBContext.java:641)
om_1        | 2020-11-16 17:46:37,855 [main] INFO ipc.Client: Retrying connect to server: scm/172.25.0.5:9863. Already tried 6 time(s); retry policy is RetryUpToMaximumCountWithFixedSleep(maxRetries=10, sleepTime=1000 MILLISECONDS)
kdc_1       | Nov 16 17:46:00 kdc krb5kdc[9](info): AS_REQ (8 etypes {18 17 20 19 16 23 25 26}) 127.0.0.1: SERVER_NOT_FOUND: admin/admin@EXAMPLE.COM for kadmin/localhost@EXAMPLE.COM, Server not found in Kerberos database
scm_1       | 2020-11-16 17:46:43,811 [Listener at 0.0.0.0/9860] INFO http.HttpRequestLog: Http request log for http.requests.scm is not defined
rm_1        | 2020-11-16 17:46:21 INFO  CapacitySchedulerConfiguration:919 - max alloc vcore per queue for root.default is undefined
rm_1        | 2020-11-16 17:46:21 INFO  LeafQueue:285 - Initializing default
nm_1        | Nov 16, 2020 5:46:49 PM com.sun.jersey.guice.spi.container.GuiceComponentProviderFactory getComponentProvider
kms_1       | 	at javax.xml.bind.JAXBContext.newInstance(JAXBContext.java:584)
om_1        | 2020-11-16 17:46:38,856 [main] INFO ipc.Client: Retrying connect to server: scm/172.25.0.5:9863. Already tried 7 time(s); retry policy is RetryUpToMaximumCountWithFixedSleep(maxRetries=10, sleepTime=1000 MILLISECONDS)
kdc_1       | Nov 16 17:46:00 kdc krb5kdc[9](info): AS_REQ (8 etypes {18 17 20 19 16 23 25 26}) 127.0.0.1: ISSUE: authtime 1605548760, etypes {rep=18 tkt=18 ses=18}, admin/admin@EXAMPLE.COM for kadmin/admin@EXAMPLE.COM
scm_1       | 2020-11-16 17:46:43,858 [Listener at 0.0.0.0/9860] INFO http.HttpServer2: Added global filter 'safety' (class=org.apache.hadoop.hdds.server.http.HttpServer2$QuotingInputFilter)
rm_1        | capacity = 1.0 [= (float) configuredCapacity / 100 ]
s3g_1       | Keytab name: FILE:/etc/security/keytabs/HTTP.keytab
nm_1        | INFO: Binding org.apache.hadoop.yarn.server.nodemanager.webapp.JAXBContextResolver to GuiceManagedComponentProvider with the scope "Singleton"
kms_1       | 	at com.sun.jersey.server.wadl.generators.WadlGeneratorJAXBGrammarGenerator.buildModelAndSchemas(WadlGeneratorJAXBGrammarGenerator.java:169)
om_1        | 2020-11-16 17:46:39,857 [main] INFO ipc.Client: Retrying connect to server: scm/172.25.0.5:9863. Already tried 8 time(s); retry policy is RetryUpToMaximumCountWithFixedSleep(maxRetries=10, sleepTime=1000 MILLISECONDS)
kdc_1       | Nov 16 17:46:00 kdc krb5kdc[9](info): AS_REQ (8 etypes {18 17 20 19 16 23 25 26}) 127.0.0.1: SERVER_NOT_FOUND: admin/admin@EXAMPLE.COM for kadmin/localhost@EXAMPLE.COM, Server not found in Kerberos database
scm_1       | 2020-11-16 17:46:43,860 [Listener at 0.0.0.0/9860] INFO http.HttpServer2: Added filter static_user_filter (class=org.apache.hadoop.http.lib.StaticUserWebFilter$StaticUserFilter) to context scm
rm_1        | absoluteCapacity = 1.0 [= parentAbsoluteCapacity * capacity ]
s3g_1       | KVNO Timestamp         Principal
nm_1        | Nov 16, 2020 5:46:50 PM com.sun.jersey.guice.spi.container.GuiceComponentProviderFactory getComponentProvider
kms_1       | 	at com.sun.jersey.server.wadl.generators.AbstractWadlGeneratorGrammarGenerator.createExternalGrammar(AbstractWadlGeneratorGrammarGenerator.java:405)
om_1        | 2020-11-16 17:46:40,858 [main] INFO ipc.Client: Retrying connect to server: scm/172.25.0.5:9863. Already tried 9 time(s); retry policy is RetryUpToMaximumCountWithFixedSleep(maxRetries=10, sleepTime=1000 MILLISECONDS)
kdc_1       | Nov 16 17:46:00 kdc krb5kdc[9](info): AS_REQ (8 etypes {18 17 20 19 16 23 25 26}) 127.0.0.1: ISSUE: authtime 1605548760, etypes {rep=18 tkt=18 ses=18}, admin/admin@EXAMPLE.COM for kadmin/admin@EXAMPLE.COM
scm_1       | 2020-11-16 17:46:43,865 [Listener at 0.0.0.0/9860] INFO http.HttpServer2: Added filter static_user_filter (class=org.apache.hadoop.http.lib.StaticUserWebFilter$StaticUserFilter) to context static
rm_1        | maxCapacity = 1.0 [= configuredMaxCapacity ]
s3g_1       | ---- ----------------- --------------------------------------------------------
nm_1        | INFO: Binding org.apache.hadoop.yarn.webapp.GenericExceptionHandler to GuiceManagedComponentProvider with the scope "Singleton"
kms_1       | 	at com.sun.jersey.server.wadl.WadlBuilder.generate(WadlBuilder.java:149)
om_1        | 2020-11-16 17:46:40,861 [main] INFO utils.RetriableTask: Execution of task OM#getScmInfo failed, will be retried in 5000 ms
kdc_1       | Nov 16 17:46:00 kdc krb5kdc[9](info): AS_REQ (8 etypes {18 17 20 19 16 23 25 26}) 127.0.0.1: SERVER_NOT_FOUND: admin/admin@EXAMPLE.COM for kadmin/localhost@EXAMPLE.COM, Server not found in Kerberos database
scm_1       | 2020-11-16 17:46:43,868 [Listener at 0.0.0.0/9860] INFO http.HttpServer2: Added filter static_user_filter (class=org.apache.hadoop.http.lib.StaticUserWebFilter$StaticUserFilter) to context logs
rm_1        | absoluteMaxCapacity = 1.0 [= 1.0 maximumCapacity undefined, (parentAbsoluteMaxCapacity * maximumCapacity) / 100 otherwise ]
s3g_1       |    2 11/16/20 17:46:01 HTTP/s3g@EXAMPLE.COM
nm_1        | Nov 16, 2020 5:46:53 PM com.sun.jersey.guice.spi.container.GuiceComponentProviderFactory getComponentProvider
kms_1       | 	at com.sun.jersey.server.impl.wadl.WadlApplicationContextImpl.getApplication(WadlApplicationContextImpl.java:119)
om_1        | 2020-11-16 17:46:49,075 [main] INFO om.OzoneManager: Initializing secure OzoneManager.
kdc_1       | Nov 16 17:46:00 kdc krb5kdc[9](info): AS_REQ (8 etypes {18 17 20 19 16 23 25 26}) 127.0.0.1: ISSUE: authtime 1605548760, etypes {rep=18 tkt=18 ses=18}, admin/admin@EXAMPLE.COM for kadmin/admin@EXAMPLE.COM
kdc_1       | Nov 16 17:46:00 kdc krb5kdc[9](info): AS_REQ (8 etypes {18 17 20 19 16 23 25 26}) 127.0.0.1: SERVER_NOT_FOUND: admin/admin@EXAMPLE.COM for kadmin/localhost@EXAMPLE.COM, Server not found in Kerberos database
rm_1        | effectiveMinResource=<memory:0, vCores:0>
s3g_1       |    2 11/16/20 17:46:01 HTTP/s3g@EXAMPLE.COM
nm_1        | INFO: Binding org.apache.hadoop.yarn.server.nodemanager.webapp.NMWebServices to GuiceManagedComponentProvider with the scope "Singleton"
kms_1       | 	at com.sun.jersey.server.impl.wadl.WadlApplicationContextImpl.getApplication(WadlApplicationContextImpl.java:138)
kdc_1       | Nov 16 17:46:00 kdc krb5kdc[9](info): AS_REQ (8 etypes {18 17 20 19 16 23 25 26}) 127.0.0.1: ISSUE: authtime 1605548760, etypes {rep=18 tkt=18 ses=18}, admin/admin@EXAMPLE.COM for kadmin/admin@EXAMPLE.COM
scm_1       | 2020-11-16 17:46:44,312 [Listener at 0.0.0.0/9860] INFO server.StorageContainerManager: StorageContainerLocationProtocol RPC server is listening at /0.0.0.0:9860
om_1        | 2020-11-16 17:46:51,707 [main] ERROR client.OMCertificateClient: Default certificate serial id is not set. Can't locate the default certificate for this client.
rm_1        |  , effectiveMaxResource=<memory:0, vCores:0>
s3g_1       | No '-XX:...' jvm parameters are set. Adding safer GC settings '-XX:ParallelGCThreads=8 -XX:+UseConcMarkSweepGC -XX:CMSInitiatingOccupancyFraction=70 -XX:+CMSParallelRemarkEnabled' to the HADOOP_OPTS
nm_1        | 2020-11-16 17:46:53 INFO  ContextHandler:781 - Started o.e.j.w.WebAppContext@7d5508e0{/,file:///tmp/jetty-0.0.0.0-8042-node-_-any-3507189254833587785.dir/webapp/,AVAILABLE}{/node}
kms_1       | 	at com.sun.jersey.server.impl.wadl.WadlMethodFactory$WadlOptionsMethodDispatcher.dispatch(WadlMethodFactory.java:110)
kdc_1       | Nov 16 17:46:00 kdc krb5kdc[9](info): AS_REQ (8 etypes {18 17 20 19 16 23 25 26}) 127.0.0.1: SERVER_NOT_FOUND: admin/admin@EXAMPLE.COM for kadmin/localhost@EXAMPLE.COM, Server not found in Kerberos database
scm_1       | 2020-11-16 17:46:44,599 [Listener at 0.0.0.0/9860] INFO impl.MetricsConfig: Loaded properties from hadoop-metrics2.properties
om_1        | 2020-11-16 17:46:51,714 [main] INFO client.OMCertificateClient: Certificate client init case: 0
rm_1        | userLimit = 100 [= configuredUserLimit ]
s3g_1       | OpenJDK 64-Bit Server VM warning: Option UseConcMarkSweepGC was deprecated in version 9.0 and will likely be removed in a future release.
nm_1        | 2020-11-16 17:46:53 INFO  AbstractConnector:278 - Started ServerConnector@16b2f665{HTTP/1.1,[http/1.1]}{0.0.0.0:8042}
kms_1       | 	at com.sun.jersey.server.impl.uri.rules.HttpMethodRule.accept(HttpMethodRule.java:302)
kdc_1       | Nov 16 17:46:00 kdc krb5kdc[9](info): AS_REQ (8 etypes {18 17 20 19 16 23 25 26}) 127.0.0.1: ISSUE: authtime 1605548760, etypes {rep=18 tkt=18 ses=18}, admin/admin@EXAMPLE.COM for kadmin/admin@EXAMPLE.COM
scm_1       | 2020-11-16 17:46:44,835 [Listener at 0.0.0.0/9860] INFO impl.MetricsSystemImpl: Scheduled Metric snapshot period at 10 second(s).
om_1        | 2020-11-16 17:46:51,716 [main] INFO client.OMCertificateClient: Creating keypair for client as keypair and certificate not found.
rm_1        | userLimitFactor = 1.0 [= configuredUserLimitFactor ]
s3g_1       | WARNING: An illegal reflective access operation has occurred
nm_1        | 2020-11-16 17:46:53 INFO  Server:419 - Started @11865ms
kms_1       | 	at com.sun.jersey.server.impl.uri.rules.ResourceClassRule.accept(ResourceClassRule.java:108)
kdc_1       | Nov 16 17:46:00 kdc krb5kdc[9](info): AS_REQ (8 etypes {18 17 20 19 16 23 25 26}) 127.0.0.1: SERVER_NOT_FOUND: admin/admin@EXAMPLE.COM for kadmin/localhost@EXAMPLE.COM, Server not found in Kerberos database
scm_1       | 2020-11-16 17:46:44,835 [Listener at 0.0.0.0/9860] INFO impl.MetricsSystemImpl: StorageContainerManager metrics system started
rm_1        | maxApplications = 10000 [= configuredMaximumSystemApplicationsPerQueue or (int)(configuredMaximumSystemApplications * absoluteCapacity)]
s3g_1       | WARNING: Illegal reflective access by org.apache.hadoop.security.authentication.util.KerberosUtil (file:/opt/hadoop/share/ozone/lib/hadoop-auth-3.2.1.jar) to method sun.security.krb5.Config.getInstance()
nm_1        | 2020-11-16 17:46:53 INFO  WebApps:440 - Web app node started at 8042
kms_1       | 	at com.sun.jersey.server.impl.uri.rules.RightHandPathRule.accept(RightHandPathRule.java:147)
kdc_1       | Nov 16 17:46:00 kdc krb5kdc[9](info): AS_REQ (8 etypes {18 17 20 19 16 23 25 26}) 127.0.0.1: ISSUE: authtime 1605548760, etypes {rep=18 tkt=18 ses=18}, admin/admin@EXAMPLE.COM for kadmin/admin@EXAMPLE.COM
om_1        | 2020-11-16 17:46:54,709 [main] INFO om.OzoneManager: Init response: GETCERT
scm_1       | 2020-11-16 17:46:45,662 [Listener at 0.0.0.0/9860] INFO server.SCMClientProtocolServer: RPC server for Client  is listening at /0.0.0.0:9860
rm_1        | maxApplicationsPerUser = 10000 [= (int)(maxApplications * (userLimit / 100.0f) * userLimitFactor) ]
s3g_1       | WARNING: Please consider reporting this to the maintainers of org.apache.hadoop.security.authentication.util.KerberosUtil
nm_1        | 2020-11-16 17:46:53 INFO  NodeStatusUpdaterImpl:265 - Node ID assigned is : nm:46881
kms_1       | 	at com.sun.jersey.server.impl.uri.rules.RootResourceClassesRule.accept(RootResourceClassesRule.java:84)
kdc_1       | Nov 16 17:46:00 kdc krb5kdc[9](info): AS_REQ (8 etypes {18 17 20 19 16 23 25 26}) 127.0.0.1: SERVER_NOT_FOUND: admin/admin@EXAMPLE.COM for kadmin/localhost@EXAMPLE.COM, Server not found in Kerberos database
om_1        | 2020-11-16 17:46:54,944 [main] INFO ozone.OzoneSecurityUtil: Adding ip:172.25.0.11,host:om
scm_1       | 2020-11-16 17:46:45,702 [IPC Server Responder] INFO ipc.Server: IPC Server Responder: starting
rm_1        | usedCapacity = 0.0 [= usedResourcesMemory / (clusterResourceMemory * absoluteCapacity)]
rm_1        | absoluteUsedCapacity = 0.0 [= usedResourcesMemory / clusterResourceMemory]
nm_1        | 2020-11-16 17:46:53 INFO  RMProxy:133 - Connecting to ResourceManager at rm/172.25.0.4:8031
nm_1        | 2020-11-16 17:46:53 INFO  JvmPauseMonitor:188 - Starting JVM pause monitor
nm_1        | 2020-11-16 17:46:53 INFO  NodeStatusUpdaterImpl:666 - Sending out 0 NM container statuses: []
nm_1        | 2020-11-16 17:46:53 INFO  NodeStatusUpdaterImpl:399 - Registering with RM using containers :[]
nm_1        | 2020-11-16 17:46:56 INFO  NMContainerTokenSecretManager:143 - Rolling master-key for container-tokens, got key with id 1106281556
nm_1        | 2020-11-16 17:46:56 INFO  NMTokenSecretManagerInNM:143 - Rolling master-key for container-tokens, got key with id -1130207244
nm_1        | 2020-11-16 17:46:56 INFO  NodeStatusUpdaterImpl:485 - Registered with ResourceManager as nm:46881 with total resource of <memory:8192, vCores:8>
nm_1        | 2020-11-16 17:49:04 INFO  Server:2008 - Auth successful for appattempt_1605548793063_0001_000001 (auth:SIMPLE)
nm_1        | 2020-11-16 17:49:04 INFO  ContainerManagerImpl:1087 - Start request for container_1605548793063_0001_01_000001 by user hadoop
nm_1        | 2020-11-16 17:49:04 INFO  ContainerManagerImpl:1139 - Creating a new application reference for app application_1605548793063_0001
nm_1        | 2020-11-16 17:49:04 INFO  ApplicationImpl:655 - Application application_1605548793063_0001 transitioned from NEW to INITING
nm_1        | 2020-11-16 17:49:04 INFO  ApplicationImpl:463 - Adding container_1605548793063_0001_01_000001 to application application_1605548793063_0001
nm_1        | 2020-11-16 17:49:04 INFO  NMAuditLogger:94 - USER=hadoop	IP=172.25.0.4	OPERATION=Start Container Request	TARGET=ContainerManageImpl	RESULT=SUCCESS	APPID=application_1605548793063_0001	CONTAINERID=container_1605548793063_0001_01_000001
nm_1        | 2020-11-16 17:49:05 WARN  LogAggregationFileController:330 - Remote Root Log Dir [/tmp/logs] does not exist. Attempting to create it.
nm_1        | 2020-11-16 17:49:05 INFO  RpcClient:272 - Creating Volume: tmp, with nm/nm@EXAMPLE.COM as owner.
nm_1        | 2020-11-16 17:49:05 INFO  RpcClient:427 - Creating Bucket: tmp/06571dc8b664704ba09bebbc4fec508f, with Versioning false and Storage Type set to DISK and Encryption set to false 
nm_1        | 2020-11-16 17:49:05 WARN  LogAggregationFileController:351 - No primary group found. The remote root log directory will be created with the HDFS superuser being its group owner. JobHistoryServer may be unable to read the directory.
nm_1        | 2020-11-16 17:49:05 INFO  RpcClient:427 - Creating Bucket: tmp/0238775c7bd96e2eab98038afe0c4279, with Versioning false and Storage Type set to DISK and Encryption set to false 
nm_1        | 2020-11-16 17:49:05 INFO  ApplicationImpl:655 - Application application_1605548793063_0001 transitioned from INITING to RUNNING
nm_1        | 2020-11-16 17:49:05 INFO  ContainerImpl:2134 - Container container_1605548793063_0001_01_000001 transitioned from NEW to LOCALIZING
nm_1        | 2020-11-16 17:49:05 INFO  AuxServices:350 - Got event CONTAINER_INIT for appId application_1605548793063_0001
nm_1        | 2020-11-16 17:49:05 INFO  ResourceLocalizationService:798 - Created localizer for container_1605548793063_0001_01_000001
nm_1        | 2020-11-16 17:49:05 INFO  ResourceLocalizationService:1328 - Writing credentials to the nmPrivate file /tmp/hadoop-hadoop/nm-local-dir/nmPrivate/container_1605548793063_0001_01_000001.tokens
s3g_1       | WARNING: Use --illegal-access=warn to enable warnings of further illegal reflective access operations
kms_1       | 	at com.sun.jersey.server.impl.application.WebApplicationImpl._handleRequest(WebApplicationImpl.java:1542)
kms_1       | 	at com.sun.jersey.server.impl.application.WebApplicationImpl._handleRequest(WebApplicationImpl.java:1473)
kms_1       | 	at com.sun.jersey.server.impl.application.WebApplicationImpl.handleRequest(WebApplicationImpl.java:1419)
kms_1       | 	at com.sun.jersey.server.impl.application.WebApplicationImpl.handleRequest(WebApplicationImpl.java:1409)
kms_1       | 	at com.sun.jersey.spi.container.servlet.WebComponent.service(WebComponent.java:409)
kms_1       | 	at com.sun.jersey.spi.container.servlet.ServletContainer.service(ServletContainer.java:558)
kms_1       | 	at com.sun.jersey.spi.container.servlet.ServletContainer.service(ServletContainer.java:733)
kms_1       | 	at javax.servlet.http.HttpServlet.service(HttpServlet.java:790)
kms_1       | 	at org.eclipse.jetty.servlet.ServletHolder.handle(ServletHolder.java:848)
kms_1       | 	at org.eclipse.jetty.servlet.ServletHandler$CachedChain.doFilter(ServletHandler.java:1772)
kms_1       | 	at org.apache.hadoop.crypto.key.kms.server.KMSMDCFilter.doFilter(KMSMDCFilter.java:84)
kms_1       | 	at org.eclipse.jetty.servlet.ServletHandler$CachedChain.doFilter(ServletHandler.java:1759)
kms_1       | 	at org.apache.hadoop.security.authentication.server.AuthenticationFilter.doFilter(AuthenticationFilter.java:644)
kms_1       | 	at org.apache.hadoop.security.token.delegation.web.DelegationTokenAuthenticationFilter.doFilter(DelegationTokenAuthenticationFilter.java:304)
kms_1       | 	at org.apache.hadoop.security.authentication.server.AuthenticationFilter.doFilter(AuthenticationFilter.java:592)
kms_1       | 	at org.apache.hadoop.crypto.key.kms.server.KMSAuthenticationFilter.doFilter(KMSAuthenticationFilter.java:142)
kms_1       | 	at org.eclipse.jetty.servlet.ServletHandler$CachedChain.doFilter(ServletHandler.java:1751)
kms_1       | 	at org.apache.hadoop.http.HttpServer2$QuotingInputFilter.doFilter(HttpServer2.java:1624)
kms_1       | 	at org.eclipse.jetty.servlet.ServletHandler$CachedChain.doFilter(ServletHandler.java:1759)
nm_1        | 2020-11-16 17:49:05 INFO  DefaultContainerExecutor:836 - Initializing user hadoop
nm_1        | 2020-11-16 17:49:05 INFO  DefaultContainerExecutor:166 - Copying from /tmp/hadoop-hadoop/nm-local-dir/nmPrivate/container_1605548793063_0001_01_000001.tokens to /tmp/hadoop-hadoop/nm-local-dir/usercache/hadoop/appcache/application_1605548793063_0001/container_1605548793063_0001_01_000001.tokens
nm_1        | 2020-11-16 17:49:05 INFO  DefaultContainerExecutor:174 - Localizer CWD set to /tmp/hadoop-hadoop/nm-local-dir/usercache/hadoop/appcache/application_1605548793063_0001 = file:/tmp/hadoop-hadoop/nm-local-dir/usercache/hadoop/appcache/application_1605548793063_0001
