scm_1       | 2020-06-10 23:30:31,782 [EventQueue-NodeRegistrationContainerReportForContainerSafeModeRule] INFO safemode.SCMSafeModeManager: ContainerSafeModeRule rule is successfully validated
s3g_1       | 	at org.eclipse.jetty.servlet.ServletHandler$CachedChain.doFilter(ServletHandler.java:1604)
recon_1     | 2020-06-10 23:41:01,726 [EventQueue-IncrementalContainerReportForReconIncrementalContainerReportHandler] INFO scm.ReconContainerManager: Successfully added container #3 to Recon.
om_1        | 	at org.apache.hadoop.ozone.protocolPB.OzoneManagerProtocolServerSideTranslatorPB.submitRequest(OzoneManagerProtocolServerSideTranslatorPB.java:113)
scm_1       | 2020-06-10 23:30:31,795 [RatisPipelineUtilsThread] INFO pipeline.RatisPipelineProvider: Sending CreatePipelineCommand for pipeline:PipelineID=c0724f6c-0d02-4c49-b545-1196605380bc to datanode:fe09d96c-ea7d-49c1-8097-3fbe6ca0dca8
s3g_1       | 	at org.eclipse.jetty.servlet.ServletHandler.doHandle(ServletHandler.java:545)
recon_1     | 2020-06-10 23:41:01,736 [EventQueue-IncrementalContainerReportForReconIncrementalContainerReportHandler] INFO scm.ReconContainerManager: New container #4 got from ozone_datanode_1.ozone_default.
om_1        | 	at org.apache.hadoop.ozone.protocol.proto.OzoneManagerProtocolProtos$OzoneManagerService$2.callBlockingMethod(OzoneManagerProtocolProtos.java)
scm_1       | 2020-06-10 23:30:31,795 [RatisPipelineUtilsThread] INFO pipeline.PipelineStateManager: Created pipeline Pipeline[ Id: c0724f6c-0d02-4c49-b545-1196605380bc, Nodes: fe09d96c-ea7d-49c1-8097-3fbe6ca0dca8{ip: 172.23.0.6, host: ozone_datanode_1.ozone_default, networkLocation: /default-rack, certSerialId: null}, Type:RATIS, Factor:ONE, State:ALLOCATED, leaderId:, CreationTimestamp2020-06-10T23:30:31.782400Z]
s3g_1       | 	at org.eclipse.jetty.server.handler.ScopedHandler.handle(ScopedHandler.java:143)
s3g_1       | 	at org.eclipse.jetty.security.SecurityHandler.handle(SecurityHandler.java:590)
om_1        | 	at org.apache.hadoop.ipc.ProtobufRpcEngine$Server$ProtoBufRpcInvoker.call(ProtobufRpcEngine.java:528)
scm_1       | 2020-06-10 23:30:31,796 [RatisPipelineUtilsThread] ERROR pipeline.SCMPipelineManager: Failed to create pipeline of type RATIS and factor ONE. Exception: Cannot create pipeline of factor 1 using 0 nodes. Used 2 nodes. Healthy nodes 2
s3g_1       | 	at org.eclipse.jetty.server.handler.HandlerWrapper.handle(HandlerWrapper.java:127)
recon_1     | 2020-06-10 23:41:01,743 [EventQueue-IncrementalContainerReportForReconIncrementalContainerReportHandler] INFO scm.ReconContainerManager: Successfully added container #4 to Recon.
om_1        | 	at org.apache.hadoop.ipc.RPC$Server.call(RPC.java:1070)
om_1        | 	at org.apache.hadoop.ipc.Server$RpcCall.run(Server.java:999)
s3g_1       | 	at org.eclipse.jetty.server.handler.ScopedHandler.nextHandle(ScopedHandler.java:235)
recon_1     | 2020-06-10 23:41:01,791 [EventQueue-IncrementalContainerReportForReconIncrementalContainerReportHandler] INFO scm.ReconContainerManager: New container #2 got from ozone_datanode_2.ozone_default.
om_1        | 	at org.apache.hadoop.ipc.Server$RpcCall.run(Server.java:927)
scm_1       | 2020-06-10 23:30:31,971 [Listener at 0.0.0.0/9860] INFO handler.ContextHandler: Started o.e.j.w.WebAppContext@61cd1c71{scm,/,file:///tmp/jetty-0_0_0_0-9876-hadoop-hdds-server-scm-0_6_0-SNAPSHOT_jar-_-any-16484474390303819420.dir/webapp/,AVAILABLE}{jar:file:/opt/hadoop/share/ozone/lib/hadoop-hdds-server-scm-0.6.0-SNAPSHOT.jar!/webapps/scm}
s3g_1       | 	at org.eclipse.jetty.server.session.SessionHandler.doHandle(SessionHandler.java:1607)
recon_1     | 2020-06-10 23:41:01,801 [EventQueue-IncrementalContainerReportForReconIncrementalContainerReportHandler] INFO scm.ReconContainerManager: Successfully added container #2 to Recon.
om_1        | 	at java.base/java.security.AccessController.doPrivileged(Native Method)
scm_1       | 2020-06-10 23:30:31,992 [Listener at 0.0.0.0/9860] INFO server.AbstractConnector: Started ServerConnector@258ee7de{HTTP/1.1,[http/1.1]}{0.0.0.0:9876}
s3g_1       | 	at org.eclipse.jetty.server.handler.ScopedHandler.nextHandle(ScopedHandler.java:233)
recon_1     | 2020-06-10 23:41:35,878 [pool-12-thread-1] INFO impl.OzoneManagerServiceProviderImpl: Syncing data from Ozone Manager.
om_1        | 	at java.base/javax.security.auth.Subject.doAs(Subject.java:423)
scm_1       | 2020-06-10 23:30:31,996 [Listener at 0.0.0.0/9860] INFO server.Server: Started @17308ms
s3g_1       | 	at org.eclipse.jetty.server.handler.ContextHandler.doHandle(ContextHandler.java:1297)
recon_1     | 2020-06-10 23:41:35,878 [pool-12-thread-1] INFO impl.OzoneManagerServiceProviderImpl: Obtaining delta updates from Ozone Manager
om_1        | 	at org.apache.hadoop.security.UserGroupInformation.doAs(UserGroupInformation.java:1730)
scm_1       | 2020-06-10 23:30:32,011 [Listener at 0.0.0.0/9860] INFO impl.MetricsSinkAdapter: Sink prometheus started
s3g_1       | 	at org.eclipse.jetty.server.handler.ScopedHandler.nextScope(ScopedHandler.java:188)
recon_1     | 2020-06-10 23:41:35,882 [pool-12-thread-1] INFO impl.OzoneManagerServiceProviderImpl: Number of updates received from OM : 25
recon_1     | 2020-06-10 23:41:35,917 [pool-13-thread-1] INFO tasks.ContainerKeyMapperTask: ContainerKeyMapperTask successfully processed 12 OM DB update event(s).
scm_1       | 2020-06-10 23:30:32,011 [Listener at 0.0.0.0/9860] INFO impl.MetricsSystemImpl: Registered sink prometheus
s3g_1       | 	at org.eclipse.jetty.servlet.ServletHandler.doScope(ServletHandler.java:485)
recon_1     | 2020-06-10 23:41:35,937 [pool-13-thread-1] INFO tasks.FileSizeCountTask: Completed a 'process' run of FileSizeCountTask.
om_1        | 	at org.apache.hadoop.ipc.Server$Handler.run(Server.java:2915)
scm_1       | 2020-06-10 23:30:32,016 [Listener at 0.0.0.0/9860] INFO http.BaseHttpServer: HTTP server of scm listening at http://0.0.0.0:9876
s3g_1       | 	at org.eclipse.jetty.server.session.SessionHandler.doScope(SessionHandler.java:1577)
recon_1     | 2020-06-10 23:41:50,780 [EventQueue-IncrementalContainerReportForReconIncrementalContainerReportHandler] INFO scm.ReconContainerManager: New container #5 got from ozone_datanode_2.ozone_default.
om_1        | 2020-06-10 23:39:34,166 [IPC Server handler 7 on default port 9862] ERROR multipart.S3MultipartUploadCompleteRequest: Unrecognized Result for S3MultipartUploadCommitRequest: keyArgs {
scm_1       | 2020-06-10 23:30:32,055 [org.apache.hadoop.util.JvmPauseMonitor$Monitor@3d904e9c] INFO util.JvmPauseMonitor: Starting JVM pause monitor
s3g_1       | 	at org.eclipse.jetty.server.handler.ScopedHandler.nextScope(ScopedHandler.java:186)
recon_1     | 2020-06-10 23:41:50,791 [EventQueue-IncrementalContainerReportForReconIncrementalContainerReportHandler] INFO scm.ReconContainerManager: Exception while adding container #5 .
om_1        |   volumeName: "s3v"
scm_1       | 2020-06-10 23:30:32,168 [IPC Server handler 8 on default port 9861] INFO net.NetworkTopology: Added a new node: /default-rack/d09cd167-e2ca-4cbc-8932-1a02b2141d39
s3g_1       | 	at org.eclipse.jetty.server.handler.ContextHandler.doScope(ContextHandler.java:1212)
recon_1     | java.io.IOException: Pipeline PipelineID=a42bc4e3-c540-4e60-929c-207a4957bd93 not found. Cannot add container #5
om_1        |   bucketName: "bucket-19462"
scm_1       | 2020-06-10 23:30:32,168 [IPC Server handler 8 on default port 9861] INFO node.SCMNodeManager: Registered Data node : d09cd167-e2ca-4cbc-8932-1a02b2141d39{ip: 172.23.0.5, host: ozone_datanode_2.ozone_default, networkLocation: /default-rack, certSerialId: null}
s3g_1       | 	at org.eclipse.jetty.server.handler.ScopedHandler.handle(ScopedHandler.java:141)
recon_1     | 	at org.apache.hadoop.ozone.recon.scm.ReconContainerManager.addNewContainer(ReconContainerManager.java:117)
om_1        |   keyName: "multipartKey3"
scm_1       | 2020-06-10 23:30:32,169 [EventQueue-NodeRegistrationContainerReportForContainerSafeModeRule] INFO safemode.SCMSafeModeManager: ContainerSafeModeRule rule is successfully validated
s3g_1       | 	at org.eclipse.jetty.server.handler.HandlerCollection.handle(HandlerCollection.java:146)
recon_1     | 	at org.apache.hadoop.ozone.recon.scm.ReconContainerManager.checkAndAddNewContainer(ReconContainerManager.java:91)
om_1        |   multipartUploadID: "62d0b2c8-29e8-4bd2-8695-635ecc61dabc-104322326040150176"
scm_1       | 2020-06-10 23:30:32,171 [EventQueue-NodeRegistrationContainerReportForDataNodeSafeModeRule] INFO safemode.SCMSafeModeManager: SCM in safe mode. 3 DataNodes registered, 3 required.
s3g_1       | 	at org.eclipse.jetty.server.handler.HandlerWrapper.handle(HandlerWrapper.java:127)
recon_1     | 	at org.apache.hadoop.ozone.recon.scm.ReconIncrementalContainerReportHandler.onMessage(ReconIncrementalContainerReportHandler.java:68)
om_1        |   acls {
scm_1       | 2020-06-10 23:30:32,173 [RatisPipelineUtilsThread] INFO pipeline.RatisPipelineProvider: Sending CreatePipelineCommand for pipeline:PipelineID=26523dda-fdb4-44f0-9c6e-5abdcac6a15e to datanode:d09cd167-e2ca-4cbc-8932-1a02b2141d39
s3g_1       | 	at org.eclipse.jetty.server.Server.handle(Server.java:500)
recon_1     | 	at org.apache.hadoop.ozone.recon.scm.ReconIncrementalContainerReportHandler.onMessage(ReconIncrementalContainerReportHandler.java:39)
om_1        |     type: USER
scm_1       | 2020-06-10 23:30:32,176 [RatisPipelineUtilsThread] INFO pipeline.PipelineStateManager: Created pipeline Pipeline[ Id: 26523dda-fdb4-44f0-9c6e-5abdcac6a15e, Nodes: d09cd167-e2ca-4cbc-8932-1a02b2141d39{ip: 172.23.0.5, host: ozone_datanode_2.ozone_default, networkLocation: /default-rack, certSerialId: null}, Type:RATIS, Factor:ONE, State:ALLOCATED, leaderId:, CreationTimestamp2020-06-10T23:30:32.173121Z]
s3g_1       | 	at org.eclipse.jetty.server.HttpChannel.lambda$handle$1(HttpChannel.java:383)
s3g_1       | 	at org.eclipse.jetty.server.HttpChannel.dispatch(HttpChannel.java:547)
s3g_1       | 	at org.eclipse.jetty.server.HttpChannel.handle(HttpChannel.java:375)
s3g_1       | 	at org.eclipse.jetty.server.HttpConnection.onFillable(HttpConnection.java:270)
s3g_1       | 	at org.eclipse.jetty.io.AbstractConnection$ReadCallback.succeeded(AbstractConnection.java:311)
s3g_1       | 	at org.eclipse.jetty.io.FillInterest.fillable(FillInterest.java:103)
s3g_1       | 	at org.eclipse.jetty.io.ChannelEndPoint$2.run(ChannelEndPoint.java:117)
s3g_1       | 	at org.eclipse.jetty.util.thread.strategy.EatWhatYouKill.runTask(EatWhatYouKill.java:336)
s3g_1       | 	at org.eclipse.jetty.util.thread.strategy.EatWhatYouKill.doProduce(EatWhatYouKill.java:313)
s3g_1       | 	at org.eclipse.jetty.util.thread.strategy.EatWhatYouKill.tryProduce(EatWhatYouKill.java:171)
s3g_1       | 	at org.eclipse.jetty.util.thread.strategy.EatWhatYouKill.run(EatWhatYouKill.java:129)
s3g_1       | 	at org.eclipse.jetty.util.thread.ReservedThreadExecutor$ReservedThread.run(ReservedThreadExecutor.java:388)
s3g_1       | 	at org.eclipse.jetty.util.thread.QueuedThreadPool.runJob(QueuedThreadPool.java:806)
s3g_1       | 	at org.eclipse.jetty.util.thread.QueuedThreadPool$Runner.run(QueuedThreadPool.java:938)
recon_1     | 	at org.apache.hadoop.hdds.server.events.SingleThreadExecutor.lambda$onMessage$1(SingleThreadExecutor.java:81)
scm_1       | 2020-06-10 23:30:32,180 [RatisPipelineUtilsThread] ERROR pipeline.SCMPipelineManager: Failed to create pipeline of type RATIS and factor ONE. Exception: Cannot create pipeline of factor 1 using 0 nodes. Used 3 nodes. Healthy nodes 3
s3g_1       | 	at java.base/java.lang.Thread.run(Thread.java:834)
om_1        |     name: "dlfknslnfslf"
recon_1     | 	at java.base/java.util.concurrent.ThreadPoolExecutor.runWorker(ThreadPoolExecutor.java:1128)
recon_1     | 	at java.base/java.util.concurrent.ThreadPoolExecutor$Worker.run(ThreadPoolExecutor.java:628)
s3g_1       | 2020-06-10 23:39:01,357 [qtp1504642150-18] INFO s3.AWSV4SignatureProcessor: Initializing request header parser
om_1        |     rights: "\200"
recon_1     | 	at java.base/java.lang.Thread.run(Thread.java:834)
scm_1       | 2020-06-10 23:30:32,185 [EventQueue-NodeRegistrationContainerReportForDataNodeSafeModeRule] INFO safemode.SCMSafeModeManager: DataNodeSafeModeRule rule is successfully validated
s3g_1       | 2020-06-10 23:39:01,393 [qtp1504642150-18] INFO rpc.RpcClient: Creating Bucket: s3v/bucket-33748, with Versioning false and Storage Type set to DISK and Encryption set to false 
om_1        |     aclScope: ACCESS
recon_1     | 2020-06-10 23:41:50,793 [EventQueue-IncrementalContainerReportForReconIncrementalContainerReportHandler] ERROR scm.ReconIncrementalContainerReportHandler: Exception while checking and adding new container.
scm_1       | 2020-06-10 23:30:32,185 [EventQueue-NodeRegistrationContainerReportForDataNodeSafeModeRule] INFO safemode.SCMSafeModeManager: All SCM safe mode pre check rules have passed
s3g_1       | 2020-06-10 23:39:01,404 [qtp1504642150-18] INFO endpoint.BucketEndpoint: Location is /bucket-33748
om_1        |   }
recon_1     | org.apache.hadoop.hdds.scm.pipeline.PipelineNotFoundException: PipelineID=a42bc4e3-c540-4e60-929c-207a4957bd93 not found
scm_1       | 2020-06-10 23:30:32,186 [RatisPipelineUtilsThread] ERROR pipeline.SCMPipelineManager: Failed to create pipeline of type RATIS and factor ONE. Exception: Cannot create pipeline of factor 1 using 0 nodes. Used 3 nodes. Healthy nodes 3
s3g_1       | 2020-06-10 23:39:02,000 [qtp1504642150-18] INFO s3.AWSV4SignatureProcessor: Initializing request header parser
om_1        |   modificationTime: 1591832374164
recon_1     | 	at org.apache.hadoop.hdds.scm.pipeline.PipelineStateMap.removeContainerFromPipeline(PipelineStateMap.java:381)
scm_1       | 2020-06-10 23:30:32,190 [RatisPipelineUtilsThread] INFO pipeline.RatisPipelineProvider: Sending CreatePipelineCommand for pipeline:PipelineID=c65b8b6b-e12c-4360-abb9-93994c6932e1 to datanode:d09cd167-e2ca-4cbc-8932-1a02b2141d39
recon_1     | 	at org.apache.hadoop.hdds.scm.pipeline.PipelineStateManager.removeContainerFromPipeline(PipelineStateManager.java:111)
om_1        | }
s3g_1       | 2020-06-10 23:39:02,607 [qtp1504642150-21] INFO s3.AWSV4SignatureProcessor: Initializing request header parser
scm_1       | 2020-06-10 23:30:32,193 [RatisPipelineUtilsThread] INFO pipeline.RatisPipelineProvider: Sending CreatePipelineCommand for pipeline:PipelineID=c65b8b6b-e12c-4360-abb9-93994c6932e1 to datanode:fe09d96c-ea7d-49c1-8097-3fbe6ca0dca8
recon_1     | 	at org.apache.hadoop.hdds.scm.pipeline.SCMPipelineManager.removeContainerFromPipeline(SCMPipelineManager.java:350)
om_1        | partsList {
s3g_1       | 2020-06-10 23:39:06,822 [qtp1504642150-18] INFO s3.AWSV4SignatureProcessor: Initializing request header parser
scm_1       | 2020-06-10 23:30:32,193 [RatisPipelineUtilsThread] INFO pipeline.RatisPipelineProvider: Sending CreatePipelineCommand for pipeline:PipelineID=c65b8b6b-e12c-4360-abb9-93994c6932e1 to datanode:3d9029f3-f313-4ac1-953c-a8c1e24c1a5e
recon_1     | 	at org.apache.hadoop.ozone.recon.scm.ReconContainerManager.addNewContainer(ReconContainerManager.java:124)
scm_1       | 2020-06-10 23:30:32,194 [RatisPipelineUtilsThread] INFO pipeline.PipelineStateManager: Created pipeline Pipeline[ Id: c65b8b6b-e12c-4360-abb9-93994c6932e1, Nodes: d09cd167-e2ca-4cbc-8932-1a02b2141d39{ip: 172.23.0.5, host: ozone_datanode_2.ozone_default, networkLocation: /default-rack, certSerialId: null}fe09d96c-ea7d-49c1-8097-3fbe6ca0dca8{ip: 172.23.0.6, host: ozone_datanode_1.ozone_default, networkLocation: /default-rack, certSerialId: null}3d9029f3-f313-4ac1-953c-a8c1e24c1a5e{ip: 172.23.0.4, host: ozone_datanode_3.ozone_default, networkLocation: /default-rack, certSerialId: null}, Type:RATIS, Factor:THREE, State:ALLOCATED, leaderId:, CreationTimestamp2020-06-10T23:30:32.189989Z]
s3g_1       | 2020-06-10 23:39:06,831 [qtp1504642150-18] INFO rpc.RpcClient: Creating Bucket: s3v/bucket-45840, with Versioning false and Storage Type set to DISK and Encryption set to false 
recon_1     | 	at org.apache.hadoop.ozone.recon.scm.ReconContainerManager.checkAndAddNewContainer(ReconContainerManager.java:91)
om_1        |   partNumber: 1
scm_1       | 2020-06-10 23:30:32,194 [RatisPipelineUtilsThread] ERROR pipeline.SCMPipelineManager: Failed to create pipeline of type RATIS and factor THREE. Exception: Pipeline creation failed because nodes are engaged in other pipelines and every node can only be engaged in max 2 pipelines. Required 3. Found 0
s3g_1       | 2020-06-10 23:39:06,843 [qtp1504642150-18] INFO endpoint.BucketEndpoint: Location is /bucket-45840
recon_1     | 	at org.apache.hadoop.ozone.recon.scm.ReconIncrementalContainerReportHandler.onMessage(ReconIncrementalContainerReportHandler.java:68)
om_1        |   partName: "etag1"
scm_1       | 2020-06-10 23:30:35,081 [EventQueue-PipelineReportForPipelineReportHandler] INFO pipeline.PipelineStateManager: Pipeline Pipeline[ Id: 5a5581ea-5440-43ff-be3b-64644cda3c8b, Nodes: 3d9029f3-f313-4ac1-953c-a8c1e24c1a5e{ip: 172.23.0.4, host: ozone_datanode_3.ozone_default, networkLocation: /default-rack, certSerialId: null}, Type:RATIS, Factor:ONE, State:ALLOCATED, leaderId:3d9029f3-f313-4ac1-953c-a8c1e24c1a5e, CreationTimestamp2020-06-10T23:30:31.616182Z] moved to OPEN state
s3g_1       | 2020-06-10 23:39:07,402 [qtp1504642150-21] INFO s3.AWSV4SignatureProcessor: Initializing request header parser
recon_1     | 	at org.apache.hadoop.ozone.recon.scm.ReconIncrementalContainerReportHandler.onMessage(ReconIncrementalContainerReportHandler.java:39)
om_1        | }
scm_1       | 2020-06-10 23:30:35,105 [EventQueue-OpenPipelineForOneReplicaPipelineSafeModeRule] INFO safemode.SCMSafeModeManager: AtleastOneDatanodeReportedRule rule is successfully validated
s3g_1       | 2020-06-10 23:39:07,984 [qtp1504642150-21] INFO s3.AWSV4SignatureProcessor: Initializing request header parser
s3g_1       | 2020-06-10 23:39:07,999 [qtp1504642150-21] ERROR endpoint.BucketEndpoint: Exception occurred in headBucket
om_1        | partsList {
scm_1       | 2020-06-10 23:30:35,105 [EventQueue-OpenPipelineForHealthyPipelineSafeModeRule] INFO safemode.SCMSafeModeManager: SCM in safe mode. Healthy pipelines reported count is 0, required healthy pipeline reported count is 1
s3g_1       | org.apache.hadoop.ozone.s3.exception.OS3Exception
recon_1     | 	at org.apache.hadoop.hdds.server.events.SingleThreadExecutor.lambda$onMessage$1(SingleThreadExecutor.java:81)
om_1        |   partNumber: 2
scm_1       | 2020-06-10 23:30:35,384 [EventQueue-PipelineReportForPipelineReportHandler] INFO pipeline.PipelineStateManager: Pipeline Pipeline[ Id: c0724f6c-0d02-4c49-b545-1196605380bc, Nodes: fe09d96c-ea7d-49c1-8097-3fbe6ca0dca8{ip: 172.23.0.6, host: ozone_datanode_1.ozone_default, networkLocation: /default-rack, certSerialId: null}, Type:RATIS, Factor:ONE, State:ALLOCATED, leaderId:fe09d96c-ea7d-49c1-8097-3fbe6ca0dca8, CreationTimestamp2020-06-10T23:30:31.782400Z] moved to OPEN state
s3g_1       | 	at org.apache.hadoop.ozone.s3.exception.S3ErrorTable.newError(S3ErrorTable.java:107)
recon_1     | 	at java.base/java.util.concurrent.ThreadPoolExecutor.runWorker(ThreadPoolExecutor.java:1128)
om_1        |   partName: "etag2"
scm_1       | 2020-06-10 23:30:35,384 [EventQueue-OpenPipelineForOneReplicaPipelineSafeModeRule] INFO safemode.SCMSafeModeManager: AtleastOneDatanodeReportedRule rule is successfully validated
s3g_1       | 	at org.apache.hadoop.ozone.s3.endpoint.EndpointBase.getBucket(EndpointBase.java:72)
recon_1     | 	at java.base/java.util.concurrent.ThreadPoolExecutor$Worker.run(ThreadPoolExecutor.java:628)
om_1        | }
scm_1       | 2020-06-10 23:30:35,384 [EventQueue-OpenPipelineForHealthyPipelineSafeModeRule] INFO safemode.SCMSafeModeManager: SCM in safe mode. Healthy pipelines reported count is 0, required healthy pipeline reported count is 1
s3g_1       | 	at org.apache.hadoop.ozone.s3.endpoint.BucketEndpoint.head(BucketEndpoint.java:253)
recon_1     | 	at java.base/java.lang.Thread.run(Thread.java:834)
om_1        | 
om_1        | 2020-06-10 23:39:34,650 [IPC Server handler 53 on default port 9862] ERROR multipart.S3MultipartUploadCompleteRequest: MultipartUpload Complete request failed for Key: multipartKey3 in Volume/Bucket s3v/bucket-19462
s3g_1       | 	at java.base/jdk.internal.reflect.NativeMethodAccessorImpl.invoke0(Native Method)
om_1        | INVALID_PART org.apache.hadoop.ozone.om.exceptions.OMException: Complete Multipart Upload Failed: volume: s3vbucket: bucket-19462key: multipartKey3. Provided Part info is { etag2, 2}, where as OM has partName /s3v/bucket-19462/multipartKey3104322326208905378
scm_1       | 2020-06-10 23:30:36,124 [EventQueue-PipelineReportForPipelineReportHandler] INFO pipeline.PipelineStateManager: Pipeline Pipeline[ Id: 26523dda-fdb4-44f0-9c6e-5abdcac6a15e, Nodes: d09cd167-e2ca-4cbc-8932-1a02b2141d39{ip: 172.23.0.5, host: ozone_datanode_2.ozone_default, networkLocation: /default-rack, certSerialId: null}, Type:RATIS, Factor:ONE, State:ALLOCATED, leaderId:d09cd167-e2ca-4cbc-8932-1a02b2141d39, CreationTimestamp2020-06-10T23:30:32.173121Z] moved to OPEN state
s3g_1       | 	at java.base/jdk.internal.reflect.NativeMethodAccessorImpl.invoke(NativeMethodAccessorImpl.java:62)
om_1        | 	at org.apache.hadoop.ozone.om.request.s3.multipart.S3MultipartUploadCompleteRequest.validateAndUpdateCache(S3MultipartUploadCompleteRequest.java:223)
scm_1       | 2020-06-10 23:30:36,125 [EventQueue-OpenPipelineForOneReplicaPipelineSafeModeRule] INFO safemode.SCMSafeModeManager: AtleastOneDatanodeReportedRule rule is successfully validated
s3g_1       | 	at java.base/jdk.internal.reflect.DelegatingMethodAccessorImpl.invoke(DelegatingMethodAccessorImpl.java:43)
om_1        | 	at org.apache.hadoop.ozone.protocolPB.OzoneManagerRequestHandler.handleWriteRequest(OzoneManagerRequestHandler.java:227)
scm_1       | 2020-06-10 23:30:36,126 [EventQueue-OpenPipelineForHealthyPipelineSafeModeRule] INFO safemode.SCMSafeModeManager: SCM in safe mode. Healthy pipelines reported count is 0, required healthy pipeline reported count is 1
s3g_1       | 	at java.base/java.lang.reflect.Method.invoke(Method.java:566)
om_1        | 	at org.apache.hadoop.ozone.protocolPB.OzoneManagerProtocolServerSideTranslatorPB.submitRequestDirectlyToOM(OzoneManagerProtocolServerSideTranslatorPB.java:224)
scm_1       | 2020-06-10 23:30:40,527 [EventQueue-PipelineReportForPipelineReportHandler] INFO pipeline.PipelineStateManager: Pipeline Pipeline[ Id: c65b8b6b-e12c-4360-abb9-93994c6932e1, Nodes: d09cd167-e2ca-4cbc-8932-1a02b2141d39{ip: 172.23.0.5, host: ozone_datanode_2.ozone_default, networkLocation: /default-rack, certSerialId: null}fe09d96c-ea7d-49c1-8097-3fbe6ca0dca8{ip: 172.23.0.6, host: ozone_datanode_1.ozone_default, networkLocation: /default-rack, certSerialId: null}3d9029f3-f313-4ac1-953c-a8c1e24c1a5e{ip: 172.23.0.4, host: ozone_datanode_3.ozone_default, networkLocation: /default-rack, certSerialId: null}, Type:RATIS, Factor:THREE, State:ALLOCATED, leaderId:3d9029f3-f313-4ac1-953c-a8c1e24c1a5e, CreationTimestamp2020-06-10T23:30:32.189989Z] moved to OPEN state
s3g_1       | 	at org.glassfish.jersey.server.model.internal.ResourceMethodInvocationHandlerFactory.lambda$static$0(ResourceMethodInvocationHandlerFactory.java:76)
om_1        | 	at org.apache.hadoop.ozone.protocolPB.OzoneManagerProtocolServerSideTranslatorPB.processRequest(OzoneManagerProtocolServerSideTranslatorPB.java:145)
scm_1       | 2020-06-10 23:30:40,527 [EventQueue-OpenPipelineForOneReplicaPipelineSafeModeRule] INFO safemode.SCMSafeModeManager: AtleastOneDatanodeReportedRule rule is successfully validated
s3g_1       | 	at org.glassfish.jersey.server.model.internal.AbstractJavaResourceMethodDispatcher$1.run(AbstractJavaResourceMethodDispatcher.java:148)
om_1        | 	at org.apache.hadoop.hdds.server.OzoneProtocolMessageDispatcher.processRequest(OzoneProtocolMessageDispatcher.java:74)
scm_1       | 2020-06-10 23:30:40,528 [EventQueue-OpenPipelineForHealthyPipelineSafeModeRule] INFO safemode.SCMSafeModeManager: SCM in safe mode. Healthy pipelines reported count is 1, required healthy pipeline reported count is 1
s3g_1       | 	at org.glassfish.jersey.server.model.internal.AbstractJavaResourceMethodDispatcher.invoke(AbstractJavaResourceMethodDispatcher.java:191)
om_1        | 	at org.apache.hadoop.ozone.protocolPB.OzoneManagerProtocolServerSideTranslatorPB.submitRequest(OzoneManagerProtocolServerSideTranslatorPB.java:113)
scm_1       | 2020-06-10 23:30:40,529 [EventQueue-OpenPipelineForHealthyPipelineSafeModeRule] INFO safemode.SCMSafeModeManager: HealthyPipelineSafeModeRule rule is successfully validated
s3g_1       | 	at org.glassfish.jersey.server.model.internal.JavaResourceMethodDispatcherProvider$ResponseOutInvoker.doDispatch(JavaResourceMethodDispatcherProvider.java:200)
om_1        | 	at org.apache.hadoop.ozone.protocol.proto.OzoneManagerProtocolProtos$OzoneManagerService$2.callBlockingMethod(OzoneManagerProtocolProtos.java)
scm_1       | 2020-06-10 23:30:40,529 [EventQueue-OpenPipelineForHealthyPipelineSafeModeRule] INFO safemode.SCMSafeModeManager: ScmSafeModeManager, all rules are successfully validated
s3g_1       | 	at org.glassfish.jersey.server.model.internal.AbstractJavaResourceMethodDispatcher.dispatch(AbstractJavaResourceMethodDispatcher.java:103)
om_1        | 	at org.apache.hadoop.ipc.ProtobufRpcEngine$Server$ProtoBufRpcInvoker.call(ProtobufRpcEngine.java:528)
scm_1       | 2020-06-10 23:30:40,529 [EventQueue-OpenPipelineForHealthyPipelineSafeModeRule] INFO safemode.SCMSafeModeManager: SCM exiting safe mode.
s3g_1       | 	at org.glassfish.jersey.server.model.ResourceMethodInvoker.invoke(ResourceMethodInvoker.java:493)
om_1        | 	at org.apache.hadoop.ipc.RPC$Server.call(RPC.java:1070)
scm_1       | 2020-06-10 23:32:27,522 [RatisPipelineUtilsThread] ERROR pipeline.SCMPipelineManager: Failed to create pipeline of type RATIS and factor ONE. Exception: Cannot create pipeline of factor 1 using 0 nodes. Used 3 nodes. Healthy nodes 3
s3g_1       | 	at org.glassfish.jersey.server.model.ResourceMethodInvoker.apply(ResourceMethodInvoker.java:415)
om_1        | 	at org.apache.hadoop.ipc.Server$RpcCall.run(Server.java:999)
scm_1       | 2020-06-10 23:32:27,522 [RatisPipelineUtilsThread] ERROR pipeline.SCMPipelineManager: Failed to create pipeline of type RATIS and factor THREE. Exception: Pipeline creation failed because nodes are engaged in other pipelines and every node can only be engaged in max 2 pipelines. Required 3. Found 0
s3g_1       | 	at org.glassfish.jersey.server.model.ResourceMethodInvoker.apply(ResourceMethodInvoker.java:104)
om_1        | 	at org.apache.hadoop.ipc.Server$RpcCall.run(Server.java:927)
scm_1       | 2020-06-10 23:32:39,375 [IPC Server handler 10 on default port 9863] INFO server.SCMBlockProtocolServer: SCM is informed by OM to delete 2 blocks
s3g_1       | 	at org.glassfish.jersey.server.ServerRuntime$1.run(ServerRuntime.java:277)
om_1        | 	at java.base/java.security.AccessController.doPrivileged(Native Method)
scm_1       | 2020-06-10 23:32:39,378 [IPC Server handler 10 on default port 9863] INFO block.BlockManagerImpl: Deleting blocks conID: 1 locID: 104322297954566271 bcsId: 0
s3g_1       | 	at org.glassfish.jersey.internal.Errors$1.call(Errors.java:272)
om_1        | 	at java.base/javax.security.auth.Subject.doAs(Subject.java:423)
scm_1       | 2020-06-10 23:32:39,387 [IPC Server handler 10 on default port 9863] INFO block.BlockManagerImpl: Deleting blocks conID: 1 locID: 104322297274171518 bcsId: 0
s3g_1       | 	at org.glassfish.jersey.internal.Errors$1.call(Errors.java:268)
om_1        | 	at org.apache.hadoop.security.UserGroupInformation.doAs(UserGroupInformation.java:1730)
scm_1       | 2020-06-10 23:33:39,420 [IPC Server handler 5 on default port 9863] INFO server.SCMBlockProtocolServer: SCM is informed by OM to delete 1 blocks
s3g_1       | 	at org.glassfish.jersey.internal.Errors.process(Errors.java:316)
om_1        | 	at org.apache.hadoop.ipc.Server$Handler.run(Server.java:2915)
scm_1       | 2020-06-10 23:33:39,420 [IPC Server handler 5 on default port 9863] INFO block.BlockManagerImpl: Deleting blocks conID: 1 locID: 104322296850481277 bcsId: 0
s3g_1       | 	at org.glassfish.jersey.internal.Errors.process(Errors.java:298)
om_1        | 2020-06-10 23:39:34,655 [IPC Server handler 53 on default port 9862] ERROR multipart.S3MultipartUploadCompleteRequest: Unrecognized Result for S3MultipartUploadCommitRequest: keyArgs {
scm_1       | 2020-06-10 23:34:27,523 [RatisPipelineUtilsThread] ERROR pipeline.SCMPipelineManager: Failed to create pipeline of type RATIS and factor ONE. Exception: Cannot create pipeline of factor 1 using 0 nodes. Used 3 nodes. Healthy nodes 3
s3g_1       | 	at org.glassfish.jersey.internal.Errors.process(Errors.java:268)
om_1        |   volumeName: "s3v"
scm_1       | 2020-06-10 23:34:27,524 [RatisPipelineUtilsThread] ERROR pipeline.SCMPipelineManager: Failed to create pipeline of type RATIS and factor THREE. Exception: Pipeline creation failed because nodes are engaged in other pipelines and every node can only be engaged in max 2 pipelines. Required 3. Found 0
s3g_1       | 	at org.glassfish.jersey.process.internal.RequestScope.runInScope(RequestScope.java:289)
om_1        |   bucketName: "bucket-19462"
scm_1       | 2020-06-10 23:34:39,435 [IPC Server handler 5 on default port 9863] INFO server.SCMBlockProtocolServer: SCM is informed by OM to delete 3 blocks
s3g_1       | 	at org.glassfish.jersey.server.ServerRuntime.process(ServerRuntime.java:256)
om_1        |   keyName: "multipartKey3"
s3g_1       | 	at org.glassfish.jersey.server.ApplicationHandler.handle(ApplicationHandler.java:703)
om_1        |   multipartUploadID: "62d0b2c8-29e8-4bd2-8695-635ecc61dabc-104322326040150176"
scm_1       | 2020-06-10 23:34:39,435 [IPC Server handler 5 on default port 9863] INFO block.BlockManagerImpl: Deleting blocks conID: 1 locID: 104322304809828483 bcsId: 0
s3g_1       | 	at org.glassfish.jersey.servlet.WebComponent.serviceImpl(WebComponent.java:416)
om_1        |   acls {
scm_1       | 2020-06-10 23:34:39,436 [IPC Server handler 5 on default port 9863] INFO block.BlockManagerImpl: Deleting blocks conID: 1 locID: 104322304148111490 bcsId: 0
s3g_1       | 	at org.glassfish.jersey.servlet.WebComponent.service(WebComponent.java:370)
om_1        |     type: USER
scm_1       | 2020-06-10 23:34:39,436 [IPC Server handler 5 on default port 9863] INFO block.BlockManagerImpl: Deleting blocks conID: 1 locID: 104322303706333313 bcsId: 0
s3g_1       | 	at org.glassfish.jersey.servlet.ServletContainer.service(ServletContainer.java:389)
om_1        |     name: "dlfknslnfslf"
scm_1       | 2020-06-10 23:35:39,450 [IPC Server handler 2 on default port 9863] INFO server.SCMBlockProtocolServer: SCM is informed by OM to delete 3 blocks
s3g_1       | 	at org.glassfish.jersey.servlet.ServletContainer.service(ServletContainer.java:342)
om_1        |     rights: "\200"
scm_1       | 2020-06-10 23:35:39,450 [IPC Server handler 2 on default port 9863] INFO block.BlockManagerImpl: Deleting blocks conID: 1 locID: 104322308693491846 bcsId: 0
s3g_1       | 	at org.glassfish.jersey.servlet.ServletContainer.service(ServletContainer.java:229)
om_1        |     aclScope: ACCESS
scm_1       | 2020-06-10 23:35:39,451 [IPC Server handler 2 on default port 9863] INFO block.BlockManagerImpl: Deleting blocks conID: 1 locID: 104322307998679173 bcsId: 0
s3g_1       | 	at org.eclipse.jetty.servlet.ServletHolder$NotAsyncServlet.service(ServletHolder.java:1395)
om_1        |   }
scm_1       | 2020-06-10 23:35:39,451 [IPC Server handler 2 on default port 9863] INFO block.BlockManagerImpl: Deleting blocks conID: 1 locID: 104322307569942660 bcsId: 0
s3g_1       | 	at org.eclipse.jetty.servlet.ServletHolder.handle(ServletHolder.java:755)
om_1        |   modificationTime: 1591832374649
scm_1       | 2020-06-10 23:35:40,536 [EventQueue-Delayed safe mode statusForReplicationManager] INFO container.ReplicationManager: Starting Replication Monitor Thread.
s3g_1       | 	at org.eclipse.jetty.servlet.ServletHandler$CachedChain.doFilter(ServletHandler.java:1617)
om_1        | }
scm_1       | 2020-06-10 23:35:40,559 [ReplicationMonitor] INFO container.ReplicationManager: Replication Monitor Thread took 20 milliseconds for processing 1 containers.
s3g_1       | 	at org.apache.hadoop.ozone.s3.RootPageDisplayFilter.doFilter(RootPageDisplayFilter.java:53)
om_1        | partsList {
scm_1       | 2020-06-10 23:36:27,524 [RatisPipelineUtilsThread] ERROR pipeline.SCMPipelineManager: Failed to create pipeline of type RATIS and factor ONE. Exception: Cannot create pipeline of factor 1 using 0 nodes. Used 3 nodes. Healthy nodes 3
s3g_1       | 	at org.eclipse.jetty.servlet.ServletHandler$CachedChain.doFilter(ServletHandler.java:1596)
om_1        |   partNumber: 1
scm_1       | 2020-06-10 23:36:27,529 [RatisPipelineUtilsThread] ERROR pipeline.SCMPipelineManager: Failed to create pipeline of type RATIS and factor THREE. Exception: Pipeline creation failed because nodes are engaged in other pipelines and every node can only be engaged in max 2 pipelines. Required 3. Found 0
s3g_1       | 	at org.apache.hadoop.hdds.server.http.HttpServer2$QuotingInputFilter.doFilter(HttpServer2.java:1640)
om_1        |   partName: "/s3v/bucket-19462/multipartKey3104322326142845089"
scm_1       | 2020-06-10 23:36:39,478 [IPC Server handler 8 on default port 9863] INFO server.SCMBlockProtocolServer: SCM is informed by OM to delete 4 blocks
s3g_1       | 	at org.eclipse.jetty.servlet.ServletHandler$CachedChain.doFilter(ServletHandler.java:1604)
om_1        | }
scm_1       | 2020-06-10 23:36:39,478 [IPC Server handler 8 on default port 9863] INFO block.BlockManagerImpl: Deleting blocks conID: 1 locID: 104322311095124103 bcsId: 0
s3g_1       | 	at org.apache.hadoop.hdds.server.http.NoCacheFilter.doFilter(NoCacheFilter.java:48)
s3g_1       | 	at org.eclipse.jetty.servlet.ServletHandler$CachedChain.doFilter(ServletHandler.java:1604)
om_1        | partsList {
scm_1       | 2020-06-10 23:36:39,479 [IPC Server handler 8 on default port 9863] INFO block.BlockManagerImpl: Deleting blocks conID: 1 locID: 104322311787970696 bcsId: 0
s3g_1       | 	at org.eclipse.jetty.servlet.ServletHandler.doHandle(ServletHandler.java:545)
om_1        |   partNumber: 2
scm_1       | 2020-06-10 23:36:39,479 [IPC Server handler 8 on default port 9863] INFO block.BlockManagerImpl: Deleting blocks conID: 1 locID: 104322312478720137 bcsId: 0
s3g_1       | 	at org.eclipse.jetty.server.handler.ScopedHandler.handle(ScopedHandler.java:143)
om_1        |   partName: "etag2"
scm_1       | 2020-06-10 23:36:39,480 [IPC Server handler 8 on default port 9863] INFO block.BlockManagerImpl: Deleting blocks conID: 1 locID: 104322313208070282 bcsId: 0
s3g_1       | 	at org.eclipse.jetty.security.SecurityHandler.handle(SecurityHandler.java:590)
om_1        | }
scm_1       | 2020-06-10 23:37:39,498 [IPC Server handler 4 on default port 9863] INFO server.SCMBlockProtocolServer: SCM is informed by OM to delete 3 blocks
s3g_1       | 	at org.eclipse.jetty.server.handler.HandlerWrapper.handle(HandlerWrapper.java:127)
om_1        | 
scm_1       | 2020-06-10 23:37:39,498 [IPC Server handler 4 on default port 9863] INFO block.BlockManagerImpl: Deleting blocks conID: 1 locID: 104322315167072395 bcsId: 0
s3g_1       | 	at org.eclipse.jetty.server.handler.ScopedHandler.nextHandle(ScopedHandler.java:235)
om_1        | 2020-06-10 23:39:35,141 [IPC Server handler 21 on default port 9862] ERROR multipart.S3MultipartUploadCompleteRequest: PartNumber at index 1 is 2, and its previous partNumber at index 0 is 4 for ozonekey is /s3v/bucket-19462/multipartKey3
scm_1       | 2020-06-10 23:37:39,500 [IPC Server handler 4 on default port 9863] INFO block.BlockManagerImpl: Deleting blocks conID: 1 locID: 104322315640569996 bcsId: 0
s3g_1       | 	at org.eclipse.jetty.server.session.SessionHandler.doHandle(SessionHandler.java:1607)
om_1        | 2020-06-10 23:39:35,141 [IPC Server handler 21 on default port 9862] ERROR multipart.S3MultipartUploadCompleteRequest: MultipartUpload Complete request failed for Key: multipartKey3 in Volume/Bucket s3v/bucket-19462
scm_1       | 2020-06-10 23:37:39,500 [IPC Server handler 4 on default port 9863] INFO block.BlockManagerImpl: Deleting blocks conID: 1 locID: 104322316550865037 bcsId: 0
s3g_1       | 	at org.eclipse.jetty.server.handler.ScopedHandler.nextHandle(ScopedHandler.java:233)
om_1        | INVALID_PART_ORDER org.apache.hadoop.ozone.om.exceptions.OMException: Complete Multipart Upload Failed: volume: s3vbucket: bucket-19462key: multipartKey3because parts are in Invalid order.
scm_1       | 2020-06-10 23:38:27,530 [RatisPipelineUtilsThread] ERROR pipeline.SCMPipelineManager: Failed to create pipeline of type RATIS and factor ONE. Exception: Cannot create pipeline of factor 1 using 0 nodes. Used 3 nodes. Healthy nodes 3
s3g_1       | 	at org.eclipse.jetty.server.handler.ContextHandler.doHandle(ContextHandler.java:1297)
s3g_1       | 	at org.eclipse.jetty.server.handler.ScopedHandler.nextScope(ScopedHandler.java:188)
om_1        | 	at org.apache.hadoop.ozone.om.request.s3.multipart.S3MultipartUploadCompleteRequest.validateAndUpdateCache(S3MultipartUploadCompleteRequest.java:198)
s3g_1       | 	at org.eclipse.jetty.servlet.ServletHandler.doScope(ServletHandler.java:485)
scm_1       | 2020-06-10 23:38:27,531 [RatisPipelineUtilsThread] ERROR pipeline.SCMPipelineManager: Failed to create pipeline of type RATIS and factor THREE. Exception: Pipeline creation failed because nodes are engaged in other pipelines and every node can only be engaged in max 2 pipelines. Required 3. Found 0
om_1        | 	at org.apache.hadoop.ozone.protocolPB.OzoneManagerRequestHandler.handleWriteRequest(OzoneManagerRequestHandler.java:227)
s3g_1       | 	at org.eclipse.jetty.server.session.SessionHandler.doScope(SessionHandler.java:1577)
scm_1       | 2020-06-10 23:39:39,515 [IPC Server handler 13 on default port 9863] INFO server.SCMBlockProtocolServer: SCM is informed by OM to delete 2 blocks
om_1        | 	at org.apache.hadoop.ozone.protocolPB.OzoneManagerProtocolServerSideTranslatorPB.submitRequestDirectlyToOM(OzoneManagerProtocolServerSideTranslatorPB.java:224)
s3g_1       | 	at org.eclipse.jetty.server.handler.ScopedHandler.nextScope(ScopedHandler.java:186)
scm_1       | 2020-06-10 23:39:39,515 [IPC Server handler 13 on default port 9863] INFO block.BlockManagerImpl: Deleting blocks conID: 1 locID: 104322325527724182 bcsId: 0
om_1        | 	at org.apache.hadoop.ozone.protocolPB.OzoneManagerProtocolServerSideTranslatorPB.processRequest(OzoneManagerProtocolServerSideTranslatorPB.java:145)
s3g_1       | 	at org.eclipse.jetty.server.handler.ContextHandler.doScope(ContextHandler.java:1212)
scm_1       | 2020-06-10 23:39:39,517 [IPC Server handler 13 on default port 9863] INFO block.BlockManagerImpl: Deleting blocks conID: 1 locID: 104322326209626269 bcsId: 0
om_1        | 	at org.apache.hadoop.hdds.server.OzoneProtocolMessageDispatcher.processRequest(OzoneProtocolMessageDispatcher.java:74)
scm_1       | 2020-06-10 23:40:27,532 [RatisPipelineUtilsThread] ERROR pipeline.SCMPipelineManager: Failed to create pipeline of type RATIS and factor ONE. Exception: Cannot create pipeline of factor 1 using 0 nodes. Used 3 nodes. Healthy nodes 3
s3g_1       | 	at org.eclipse.jetty.server.handler.ScopedHandler.handle(ScopedHandler.java:141)
om_1        | 	at org.apache.hadoop.ozone.protocolPB.OzoneManagerProtocolServerSideTranslatorPB.submitRequest(OzoneManagerProtocolServerSideTranslatorPB.java:113)
scm_1       | 2020-06-10 23:40:27,532 [RatisPipelineUtilsThread] ERROR pipeline.SCMPipelineManager: Failed to create pipeline of type RATIS and factor THREE. Exception: Pipeline creation failed because nodes are engaged in other pipelines and every node can only be engaged in max 2 pipelines. Required 3. Found 0
s3g_1       | 	at org.eclipse.jetty.server.handler.HandlerCollection.handle(HandlerCollection.java:146)
om_1        | 	at org.apache.hadoop.ozone.protocol.proto.OzoneManagerProtocolProtos$OzoneManagerService$2.callBlockingMethod(OzoneManagerProtocolProtos.java)
s3g_1       | 	at org.eclipse.jetty.server.handler.HandlerWrapper.handle(HandlerWrapper.java:127)
om_1        | 	at org.apache.hadoop.ipc.ProtobufRpcEngine$Server$ProtoBufRpcInvoker.call(ProtobufRpcEngine.java:528)
scm_1       | 2020-06-10 23:40:39,525 [IPC Server handler 4 on default port 9863] INFO server.SCMBlockProtocolServer: SCM is informed by OM to delete 8 blocks
s3g_1       | 	at org.eclipse.jetty.server.Server.handle(Server.java:500)
scm_1       | 2020-06-10 23:40:39,526 [IPC Server handler 4 on default port 9863] INFO block.BlockManagerImpl: Deleting blocks conID: 1 locID: 104322327261479075 bcsId: 0,conID: 1 locID: 104322327261348002 bcsId: 0,conID: 1 locID: 104322327258333345 bcsId: 0
om_1        | 	at org.apache.hadoop.ipc.RPC$Server.call(RPC.java:1070)
s3g_1       | 	at org.eclipse.jetty.server.HttpChannel.lambda$handle$1(HttpChannel.java:383)
scm_1       | 2020-06-10 23:40:39,526 [IPC Server handler 4 on default port 9863] INFO block.BlockManagerImpl: Deleting blocks conID: 1 locID: 104322326816555167 bcsId: 0
om_1        | 	at org.apache.hadoop.ipc.Server$RpcCall.run(Server.java:999)
scm_1       | 2020-06-10 23:40:39,526 [IPC Server handler 4 on default port 9863] INFO block.BlockManagerImpl: Deleting blocks conID: 1 locID: 104322327035379872 bcsId: 0
s3g_1       | 	at org.eclipse.jetty.server.HttpChannel.dispatch(HttpChannel.java:547)
om_1        | 	at org.apache.hadoop.ipc.Server$RpcCall.run(Server.java:927)
scm_1       | 2020-06-10 23:40:39,527 [IPC Server handler 4 on default port 9863] INFO block.BlockManagerImpl: Deleting blocks conID: 1 locID: 104322329078202540 bcsId: 0
s3g_1       | 	at org.eclipse.jetty.server.HttpChannel.handle(HttpChannel.java:375)
om_1        | 	at java.base/java.security.AccessController.doPrivileged(Native Method)
scm_1       | 2020-06-10 23:40:39,527 [IPC Server handler 4 on default port 9863] INFO block.BlockManagerImpl: Deleting blocks conID: 1 locID: 104322329313738925 bcsId: 0
s3g_1       | 	at org.eclipse.jetty.server.HttpConnection.onFillable(HttpConnection.java:270)
om_1        | 	at java.base/javax.security.auth.Subject.doAs(Subject.java:423)
scm_1       | 2020-06-10 23:40:39,527 [IPC Server handler 4 on default port 9863] INFO block.BlockManagerImpl: Deleting blocks conID: 1 locID: 104322329488392366 bcsId: 0
s3g_1       | 	at org.eclipse.jetty.io.AbstractConnection$ReadCallback.succeeded(AbstractConnection.java:311)
om_1        | 	at org.apache.hadoop.security.UserGroupInformation.doAs(UserGroupInformation.java:1730)
scm_1       | 2020-06-10 23:40:39,528 [IPC Server handler 4 on default port 9863] INFO block.BlockManagerImpl: Deleting blocks conID: 1 locID: 104322330069958831 bcsId: 0
s3g_1       | 	at org.eclipse.jetty.io.FillInterest.fillable(FillInterest.java:103)
om_1        | 	at org.apache.hadoop.ipc.Server$Handler.run(Server.java:2915)
scm_1       | 2020-06-10 23:40:39,528 [IPC Server handler 4 on default port 9863] INFO block.BlockManagerImpl: Deleting blocks conID: 1 locID: 104322330111443120 bcsId: 0
s3g_1       | 	at org.eclipse.jetty.io.ChannelEndPoint$2.run(ChannelEndPoint.java:117)
om_1        | 2020-06-10 23:39:35,142 [IPC Server handler 21 on default port 9862] ERROR multipart.S3MultipartUploadCompleteRequest: Unrecognized Result for S3MultipartUploadCommitRequest: keyArgs {
scm_1       | 2020-06-10 23:40:40,561 [ReplicationMonitor] INFO container.ReplicationManager: Replication Monitor Thread took 1 milliseconds for processing 1 containers.
s3g_1       | 	at org.eclipse.jetty.util.thread.strategy.EatWhatYouKill.runTask(EatWhatYouKill.java:336)
om_1        |   volumeName: "s3v"
scm_1       | 2020-06-10 23:41:49,749 [IPC Server handler 24 on default port 9863] INFO pipeline.PipelineStateManager: Created pipeline Pipeline[ Id: a42bc4e3-c540-4e60-929c-207a4957bd93, Nodes: d09cd167-e2ca-4cbc-8932-1a02b2141d39{ip: 172.23.0.5, host: ozone_datanode_2.ozone_default, networkLocation: /default-rack, certSerialId: null}, Type:STAND_ALONE, Factor:ONE, State:OPEN, leaderId:, CreationTimestamp2020-06-10T23:41:49.749080Z]
s3g_1       | 	at org.eclipse.jetty.util.thread.strategy.EatWhatYouKill.doProduce(EatWhatYouKill.java:313)
om_1        |   bucketName: "bucket-19462"
s3g_1       | 	at org.eclipse.jetty.util.thread.strategy.EatWhatYouKill.tryProduce(EatWhatYouKill.java:171)
om_1        |   keyName: "multipartKey3"
s3g_1       | 	at org.eclipse.jetty.util.thread.strategy.EatWhatYouKill.run(EatWhatYouKill.java:129)
om_1        |   multipartUploadID: "62d0b2c8-29e8-4bd2-8695-635ecc61dabc-104322326040150176"
s3g_1       | 	at org.eclipse.jetty.util.thread.ReservedThreadExecutor$ReservedThread.run(ReservedThreadExecutor.java:388)
om_1        |   acls {
s3g_1       | 	at org.eclipse.jetty.util.thread.QueuedThreadPool.runJob(QueuedThreadPool.java:806)
om_1        |     type: USER
s3g_1       | 	at org.eclipse.jetty.util.thread.QueuedThreadPool$Runner.run(QueuedThreadPool.java:938)
om_1        |     name: "dlfknslnfslf"
s3g_1       | 	at java.base/java.lang.Thread.run(Thread.java:834)
om_1        |     rights: "\200"
s3g_1       | 2020-06-10 23:39:13,254 [qtp1504642150-18] INFO s3.AWSV4SignatureProcessor: Initializing request header parser
om_1        |     aclScope: ACCESS
s3g_1       | 2020-06-10 23:39:13,264 [qtp1504642150-18] INFO rpc.RpcClient: Creating Bucket: s3v/bucket-11626, with Versioning false and Storage Type set to DISK and Encryption set to false 
om_1        |   }
s3g_1       | 2020-06-10 23:39:13,274 [qtp1504642150-18] INFO endpoint.BucketEndpoint: Location is /bucket-11626
s3g_1       | 2020-06-10 23:39:13,830 [qtp1504642150-18] INFO s3.AWSV4SignatureProcessor: Initializing request header parser
s3g_1       | 2020-06-10 23:39:17,953 [qtp1504642150-21] INFO s3.AWSV4SignatureProcessor: Initializing request header parser
s3g_1       | 2020-06-10 23:39:17,986 [qtp1504642150-21] INFO rpc.RpcClient: Creating Bucket: s3v/bucket-19462, with Versioning false and Storage Type set to DISK and Encryption set to false 
s3g_1       | 2020-06-10 23:39:17,997 [qtp1504642150-21] INFO endpoint.BucketEndpoint: Location is /bucket-19462
s3g_1       | 2020-06-10 23:39:18,580 [qtp1504642150-21] INFO s3.AWSV4SignatureProcessor: Initializing request header parser
s3g_1       | 2020-06-10 23:39:19,108 [qtp1504642150-18] INFO s3.AWSV4SignatureProcessor: Initializing request header parser
s3g_1       | 2020-06-10 23:39:19,703 [qtp1504642150-21] INFO s3.AWSV4SignatureProcessor: Initializing request header parser
s3g_1       | 2020-06-10 23:39:20,804 [qtp1504642150-21] INFO s3.AWSV4SignatureProcessor: Initializing request header parser
s3g_1       | 2020-06-10 23:39:21,611 [qtp1504642150-18] INFO s3.AWSV4SignatureProcessor: Initializing request header parser
s3g_1       | 2020-06-10 23:39:22,201 [qtp1504642150-21] INFO s3.AWSV4SignatureProcessor: Initializing request header parser
s3g_1       | 2020-06-10 23:39:23,057 [qtp1504642150-18] INFO s3.AWSV4SignatureProcessor: Initializing request header parser
s3g_1       | 2020-06-10 23:39:23,775 [qtp1504642150-18] INFO s3.AWSV4SignatureProcessor: Initializing request header parser
s3g_1       | 2020-06-10 23:39:24,297 [qtp1504642150-21] INFO s3.AWSV4SignatureProcessor: Initializing request header parser
s3g_1       | 2020-06-10 23:39:25,095 [qtp1504642150-18] INFO s3.AWSV4SignatureProcessor: Initializing request header parser
s3g_1       | 2020-06-10 23:39:25,652 [qtp1504642150-21] INFO s3.AWSV4SignatureProcessor: Initializing request header parser
s3g_1       | 2020-06-10 23:39:26,384 [qtp1504642150-18] INFO s3.AWSV4SignatureProcessor: Initializing request header parser
s3g_1       | 2020-06-10 23:39:27,058 [qtp1504642150-18] INFO s3.AWSV4SignatureProcessor: Initializing request header parser
s3g_1       | 2020-06-10 23:39:27,081 [qtp1504642150-18] ERROR endpoint.ObjectEndpoint: Error in Complete Multipart Upload Request for bucket: bucket-19462, , key: multipartKey2
s3g_1       | ENTITY_TOO_SMALL org.apache.hadoop.ozone.om.exceptions.OMException: Complete Multipart Upload Failed: Entity too small: volume: s3vbucket: bucket-19462key: multipartKey2
s3g_1       | 	at org.apache.hadoop.ozone.om.protocolPB.OzoneManagerProtocolClientSideTranslatorPB.handleError(OzoneManagerProtocolClientSideTranslatorPB.java:589)
s3g_1       | 	at org.apache.hadoop.ozone.om.protocolPB.OzoneManagerProtocolClientSideTranslatorPB.completeMultipartUpload(OzoneManagerProtocolClientSideTranslatorPB.java:884)
s3g_1       | 	at org.apache.hadoop.ozone.client.rpc.RpcClient.completeMultipartUpload(RpcClient.java:900)
s3g_1       | 	at org.apache.hadoop.ozone.client.OzoneBucket.completeMultipartUpload(OzoneBucket.java:446)
s3g_1       | 	at org.apache.hadoop.ozone.s3.endpoint.ObjectEndpoint.completeMultipartUpload(ObjectEndpoint.java:476)
s3g_1       | 	at java.base/jdk.internal.reflect.NativeMethodAccessorImpl.invoke0(Native Method)
s3g_1       | 	at java.base/jdk.internal.reflect.NativeMethodAccessorImpl.invoke(NativeMethodAccessorImpl.java:62)
s3g_1       | 	at java.base/jdk.internal.reflect.DelegatingMethodAccessorImpl.invoke(DelegatingMethodAccessorImpl.java:43)
s3g_1       | 	at java.base/java.lang.reflect.Method.invoke(Method.java:566)
s3g_1       | 	at org.glassfish.jersey.server.model.internal.ResourceMethodInvocationHandlerFactory.lambda$static$0(ResourceMethodInvocationHandlerFactory.java:76)
s3g_1       | 	at org.glassfish.jersey.server.model.internal.AbstractJavaResourceMethodDispatcher$1.run(AbstractJavaResourceMethodDispatcher.java:148)
s3g_1       | 	at org.glassfish.jersey.server.model.internal.AbstractJavaResourceMethodDispatcher.invoke(AbstractJavaResourceMethodDispatcher.java:191)
