datanode_1  | 2022-02-05 01:12:21,848 [pool-22-thread-1] INFO server.RaftServer$Division: 77825e26-f980-46e1-8b17-6a82fb36ca53: new RaftServerImpl for group-14E7C0C98B06:[77825e26-f980-46e1-8b17-6a82fb36ca53|rpc:172.20.0.5:9856|admin:172.20.0.5:9857|client:172.20.0.5:9858|priority:1, 4215e0cf-3923-4395-85d2-bc8d0c287f5f|rpc:172.20.0.8:9856|admin:172.20.0.8:9857|client:172.20.0.8:9858|priority:0, 04731bcd-eebb-491b-a048-d6cfe64d70ef|rpc:172.20.0.9:9856|admin:172.20.0.9:9857|client:172.20.0.9:9858|priority:0] with ContainerStateMachine:uninitialized
s3g_1       | WARNING: Please consider reporting this to the maintainers of org.jboss.weld.util.reflection.Formats
nm_1        | 2022-02-05 01:14:24 INFO  AuxServices:354 - Got APPLICATION_INIT for service mapreduce_shuffle
datanode_2  | 2022-02-05 01:12:25,705 [pool-22-thread-1] INFO server.RaftServerConfigKeys: raft.server.log.segment.cache.size.max = 200MB (=209715200) (default)
datanode_3  | 2022-02-05 01:11:56,186 [main] INFO server.AuthenticationFilter: Unable to initialize FileSignerSecretProvider, falling back to use random secrets.
rm_1        | ************************************************************/
scm_1       | 2022-02-05 01:11:56,430 [pool-2-thread-1] INFO server.RaftServerConfigKeys: raft.server.rpc.timeout.min = 5000ms (custom)
om_1        | 2022-02-05 01:12:26,206 [main] INFO ha.OMHANodeDetails: Configuration does not have ozone.om.address set. Falling back to the default OM address om/172.20.0.2:9862
datanode_1  | 2022-02-05 01:12:21,877 [pool-22-thread-1] INFO server.RaftServerConfigKeys: raft.server.rpc.timeout.min = 5s (custom)
s3g_1       | WARNING: Use --illegal-access=warn to enable warnings of further illegal reflective access operations
nm_1        | 2022-02-05 01:14:24 INFO  ShuffleHandler:719 - Added token for job_1644023511550_0001
datanode_2  | 2022-02-05 01:12:25,709 [pool-22-thread-1] INFO segmented.SegmentedRaftLogWorker: new 04731bcd-eebb-491b-a048-d6cfe64d70ef@group-5C0F6385B9C3-SegmentedRaftLogWorker for RaftStorageImpl:Storage Directory /data/metadata/ratis/bdc28085-7e14-49a8-b551-5c0f6385b9c3
datanode_3  | 2022-02-05 01:11:56,208 [main] INFO http.HttpRequestLog: Http request log for http.requests.hddsDatanode is not defined
rm_1        | 2022-02-05 01:11:30 INFO  ResourceManager:51 - registered UNIX signal handlers for [TERM, HUP, INT]
scm_1       | 2022-02-05 01:11:56,498 [pool-2-thread-1] INFO server.RaftServerConfigKeys: raft.server.rpc.timeout.max = 5200ms (custom)
om_1        | 2022-02-05 01:12:26,206 [main] INFO ha.OMHANodeDetails: OM Service ID is not set. Setting it to the default ID: omServiceIdDefault
datanode_1  | 2022-02-05 01:12:21,877 [pool-22-thread-1] INFO server.RaftServerConfigKeys: raft.server.rpc.timeout.max = 5200ms (custom)
s3g_1       | WARNING: All illegal access operations will be denied in a future release
nm_1        | 2022-02-05 01:14:24 INFO  ContainerImpl:2175 - Container container_1644023511550_0001_01_000004 transitioned from LOCALIZING to SCHEDULED
datanode_2  | 2022-02-05 01:12:25,710 [pool-22-thread-1] INFO server.RaftServerConfigKeys: raft.server.log.queue.byte-limit = 2147483647 (custom)
datanode_2  | 2022-02-05 01:12:25,710 [pool-22-thread-1] INFO server.RaftServerConfigKeys: raft.server.log.queue.element-limit = 1024 (custom)
rm_1        | 2022-02-05 01:11:32 INFO  Configuration:2798 - found resource core-site.xml at file:/opt/hadoop/etc/hadoop/core-site.xml
datanode_3  | 2022-02-05 01:11:56,303 [main] INFO http.HttpServer2: Added global filter 'safety' (class=org.apache.hadoop.hdds.server.http.HttpServer2$QuotingInputFilter)
datanode_3  | 2022-02-05 01:11:56,308 [main] INFO http.HttpServer2: Added filter static_user_filter (class=org.apache.hadoop.http.lib.StaticUserWebFilter$StaticUserFilter) to context hddsDatanode
datanode_1  | 2022-02-05 01:12:21,878 [pool-22-thread-1] INFO server.RaftServerConfigKeys: raft.server.rpc.sleep.time = 25ms (default)
s3g_1       | Feb 05, 2022 1:11:58 AM org.glassfish.jersey.internal.Errors logErrors
nm_1        | 2022-02-05 01:14:24 INFO  ContainerScheduler:542 - Starting container [container_1644023511550_0001_01_000004]
rm_1        | 2022-02-05 01:11:33 INFO  Configuration:2795 - resource-types.xml not found
scm_1       | 2022-02-05 01:11:56,500 [pool-2-thread-1] INFO server.RaftServerConfigKeys: raft.server.rpc.sleep.time = 25ms (default)
datanode_2  | 2022-02-05 01:12:25,710 [pool-22-thread-1] INFO server.RaftServerConfigKeys: raft.server.log.segment.size.max = 1048576 (custom)
datanode_3  | 2022-02-05 01:11:56,328 [main] INFO http.HttpServer2: Added filter static_user_filter (class=org.apache.hadoop.http.lib.StaticUserWebFilter$StaticUserFilter) to context logs
om_1        | 2022-02-05 01:12:26,206 [main] INFO ha.OMHANodeDetails: OM Node ID is not set. Setting it to the default ID: om1
datanode_1  | 2022-02-05 01:12:21,879 [pool-22-thread-1] INFO server.RaftServerConfigKeys: raft.server.rpc.slowness.timeout = 300s (custom)
s3g_1       | WARNING: The following warnings have been detected: WARNING: A HTTP GET method, public javax.ws.rs.core.Response org.apache.hadoop.ozone.s3.endpoint.ObjectEndpoint.get(java.lang.String,java.lang.String,java.lang.String,int,java.lang.String,java.io.InputStream) throws java.io.IOException,org.apache.hadoop.ozone.s3.exception.OS3Exception, should not consume any entity.
nm_1        | 2022-02-05 01:14:24 INFO  ContainerImpl:2175 - Container container_1644023511550_0001_01_000004 transitioned from SCHEDULED to RUNNING
rm_1        | 2022-02-05 01:11:33 INFO  ResourceUtils:442 - Unable to find 'resource-types.xml'.
scm_1       | 2022-02-05 01:11:56,501 [pool-2-thread-1] INFO server.RaftServerConfigKeys: raft.server.rpc.slowness.timeout = 120000ms (custom)
datanode_2  | 2022-02-05 01:12:25,725 [pool-22-thread-1] INFO server.RaftServerConfigKeys: raft.server.log.preallocated.size = 16384 (custom)
datanode_3  | 2022-02-05 01:11:56,334 [main] INFO http.HttpServer2: Added filter static_user_filter (class=org.apache.hadoop.http.lib.StaticUserWebFilter$StaticUserFilter) to context static
om_1        | 2022-02-05 01:12:26,289 [main] WARN server.ServerUtils: ozone.om.db.dirs is not configured. We recommend adding this setting. Falling back to ozone.metadata.dirs instead.
datanode_1  | 2022-02-05 01:12:21,879 [pool-22-thread-1] INFO server.RaftServerConfigKeys: raft.server.leaderelection.leader.step-down.wait-time = 10s (default)
s3g_1       | 
nm_1        | 2022-02-05 01:14:24 INFO  ContainersMonitorImpl:1121 - Starting resource-monitoring for container_1644023511550_0001_01_000004
rm_1        | 2022-02-05 01:11:33 INFO  Configuration:2798 - found resource yarn-site.xml at file:/opt/hadoop/etc/hadoop/yarn-site.xml
scm_1       | 2022-02-05 01:11:56,504 [pool-2-thread-1] INFO server.RaftServerConfigKeys: raft.server.leaderelection.leader.step-down.wait-time = 10s (default)
datanode_2  | 2022-02-05 01:12:25,726 [pool-22-thread-1] INFO server.RaftServerConfigKeys: raft.server.log.force.sync.num = 128 (default)
datanode_3  | 2022-02-05 01:11:56,787 [main] INFO http.HttpServer2: Jetty bound to port 9882
om_1        | 2022-02-05 01:12:26,379 [main] INFO upgrade.AbstractLayoutVersionManager: Initializing Layout version manager with metadata layout = INITIAL_VERSION (version = 0), software layout = INITIAL_VERSION (version = 0)
datanode_1  | 2022-02-05 01:12:21,879 [pool-22-thread-1] INFO server.RaftServerConfigKeys: raft.server.sleep.deviation.threshold = 300ms (default)
s3g_1       | 2022-02-05 01:11:58,319 [main] INFO handler.ContextHandler: Started o.e.j.w.WebAppContext@14874a5d{s3gateway,/,file:///tmp/jetty-0_0_0_0-9878-ozone-s3gateway-1_3_0-SNAPSHOT_jar-_-any-17276786753222836535/webapp/,AVAILABLE}{jar:file:/opt/hadoop/share/ozone/lib/ozone-s3gateway-1.3.0-SNAPSHOT.jar!/webapps/s3gateway}
nm_1        | 2022-02-05 01:14:24 INFO  DefaultContainerExecutor:370 - launchContainer: [bash, /tmp/hadoop-hadoop/nm-local-dir/usercache/hadoop/appcache/application_1644023511550_0001/container_1644023511550_0001_01_000004/default_container_executor.sh]
rm_1        | 2022-02-05 01:11:33 INFO  AsyncDispatcher:245 - Registering class org.apache.hadoop.yarn.server.resourcemanager.RMFatalEventType for class org.apache.hadoop.yarn.server.resourcemanager.ResourceManager$RMFatalEventDispatcher
scm_1       | 2022-02-05 01:11:56,505 [pool-2-thread-1] INFO server.RaftServerConfigKeys: raft.server.sleep.deviation.threshold = 300ms (default)
datanode_2  | 2022-02-05 01:12:25,726 [pool-22-thread-1] INFO server.RaftServerConfigKeys: raft.server.log.statemachine.data.sync = true (default)
datanode_3  | 2022-02-05 01:11:56,791 [main] INFO server.Server: jetty-9.4.43.v20210629; built: 2021-06-30T11:07:22.254Z; git: 526006ecfa3af7f1a27ef3a288e2bef7ea9dd7e8; jvm 11.0.13+8-LTS
om_1        | 2022-02-05 01:12:26,957 [main] INFO reflections.Reflections: Reflections took 476 ms to scan 1 urls, producing 97 keys and 265 values [using 2 cores]
datanode_1  | 2022-02-05 01:12:21,880 [pool-22-thread-1] INFO server.RaftServerConfigKeys: raft.server.log.appender.install.snapshot.enabled = false (custom)
s3g_1       | 2022-02-05 01:11:58,422 [main] INFO server.AbstractConnector: Started ServerConnector@f79a760{HTTP/1.1, (http/1.1)}{0.0.0.0:9878}
nm_1        | 2022-02-05 01:14:24 INFO  NodeStatusUpdaterImpl:723 - Removed completed containers from NM context: [container_1644023511550_0001_01_000003]
rm_1        | 2022-02-05 01:11:34 INFO  NMTokenSecretManagerInRM:75 - NMTokenKeyRollingInterval: 86400000ms and NMTokenKeyActivationDelay: 900000ms
scm_1       | 2022-02-05 01:11:56,553 [pool-2-thread-1] INFO server.RaftServerConfigKeys: raft.server.log.appender.install.snapshot.enabled = false (custom)
datanode_2  | 2022-02-05 01:12:25,727 [pool-22-thread-1] INFO server.RaftServerConfigKeys: raft.server.log.statemachine.data.sync.timeout = 10s (default)
datanode_3  | 2022-02-05 01:11:57,000 [main] INFO server.session: DefaultSessionIdManager workerName=node0
datanode_1  | 2022-02-05 01:12:21,903 [pool-22-thread-1] INFO server.RaftServer$Division: 77825e26-f980-46e1-8b17-6a82fb36ca53@group-14E7C0C98B06: ConfigurationManager, init=-1: [77825e26-f980-46e1-8b17-6a82fb36ca53|rpc:172.20.0.5:9856|admin:172.20.0.5:9857|client:172.20.0.5:9858|priority:1, 4215e0cf-3923-4395-85d2-bc8d0c287f5f|rpc:172.20.0.8:9856|admin:172.20.0.8:9857|client:172.20.0.8:9858|priority:0, 04731bcd-eebb-491b-a048-d6cfe64d70ef|rpc:172.20.0.9:9856|admin:172.20.0.9:9857|client:172.20.0.9:9858|priority:0], old=null, confs=<EMPTY_MAP>
rm_1        | 2022-02-05 01:11:34 INFO  RMContainerTokenSecretManager:81 - ContainerTokenKeyRollingInterval: 86400000ms and ContainerTokenKeyActivationDelay: 900000ms
scm_1       | 2022-02-05 01:11:56,715 [pool-2-thread-1] INFO server.RaftServer$Division: f4368589-ed65-4935-a1c9-990c22f2b547@group-F08833081B4A: ConfigurationManager, init=-1: [f4368589-ed65-4935-a1c9-990c22f2b547|rpc:scm:9894|priority:0], old=null, confs=<EMPTY_MAP>
datanode_2  | 2022-02-05 01:12:25,727 [pool-22-thread-1] INFO server.RaftServerConfigKeys: raft.server.log.statemachine.data.sync.timeout.retry = -1 (default)
datanode_3  | 2022-02-05 01:11:57,000 [main] INFO server.session: No SessionScavenger set, using defaults
om_1        | 2022-02-05 01:12:27,063 [main] WARN server.ServerUtils: ozone.om.db.dirs is not configured. We recommend adding this setting. Falling back to ozone.metadata.dirs instead.
s3g_1       | 2022-02-05 01:11:58,426 [main] INFO server.Server: Started @32341ms
datanode_1  | 2022-02-05 01:12:21,903 [pool-22-thread-1] INFO server.RaftServerConfigKeys: raft.server.storage.dir = [/data/metadata/ratis] (custom)
nm_1        | 2022-02-05 01:14:26 INFO  ContainersMonitorImpl:650 - container_1644023511550_0001_01_000004's ip = 172.20.0.3, and hostname = nm
rm_1        | 2022-02-05 01:11:34 INFO  AMRMTokenSecretManager:94 - AMRMTokenKeyRollingInterval: 86400000ms and AMRMTokenKeyActivationDelay: 900000 ms
scm_1       | 2022-02-05 01:11:56,787 [pool-2-thread-1] INFO server.RaftServerConfigKeys: raft.server.storage.dir = [/data/metadata/scm-ha] (custom)
datanode_2  | 2022-02-05 01:12:25,730 [pool-22-thread-1] INFO server.RaftServerConfigKeys: raft.server.log.write.buffer.size = 1048576 (custom)
datanode_3  | 2022-02-05 01:11:57,019 [main] INFO server.session: node0 Scavenging every 660000ms
om_1        | 2022-02-05 01:12:29,715 [main] WARN server.ServerUtils: ozone.om.db.dirs is not configured. We recommend adding this setting. Falling back to ozone.metadata.dirs instead.
s3g_1       | 2022-02-05 01:11:58,435 [main] INFO http.BaseHttpServer: HTTP server of s3gateway listening at http://0.0.0.0:9878
datanode_1  | 2022-02-05 01:12:21,915 [pool-22-thread-1] INFO server.RaftServerConfigKeys: raft.server.log.corruption.policy = EXCEPTION (default)
nm_1        | 2022-02-05 01:14:26 INFO  ContainersMonitorImpl:551 - Skipping monitoring container container_1644023511550_0001_01_000004 since CPU usage is not yet available.
rm_1        | 2022-02-05 01:11:34 INFO  AsyncDispatcher:245 - Registering class org.apache.hadoop.yarn.server.resourcemanager.recovery.RMStateStoreEventType for class org.apache.hadoop.yarn.server.resourcemanager.recovery.RMStateStore$ForwardingEventHandler
datanode_3  | 2022-02-05 01:11:57,249 [main] INFO handler.ContextHandler: Started o.e.j.s.ServletContextHandler@6b357eb6{logs,/logs,file:///var/log/hadoop/,AVAILABLE}
om_1        | 2022-02-05 01:12:30,039 [main] INFO codec.OmKeyInfoCodec: OmKeyInfoCodec ignorePipeline = true
datanode_1  | 2022-02-05 01:12:21,915 [pool-22-thread-1] INFO server.RaftServerConfigKeys: raft.server.storage.free-space.min = 0MB (=0) (default)
nm_1        | 2022-02-05 01:14:29 INFO  ContainerLaunch:596 - Container container_1644023511550_0001_01_000004 succeeded 
rm_1        | 2022-02-05 01:11:34 INFO  AsyncDispatcher:245 - Registering class org.apache.hadoop.yarn.server.resourcemanager.NodesListManagerEventType for class org.apache.hadoop.yarn.server.resourcemanager.NodesListManager
datanode_2  | 2022-02-05 01:12:25,731 [pool-22-thread-1] INFO server.RaftServerConfigKeys: raft.server.log.statemachine.data.caching.enabled = true (custom)
datanode_3  | 2022-02-05 01:11:57,297 [main] INFO handler.ContextHandler: Started o.e.j.s.ServletContextHandler@4e3f2908{static,/static,jar:file:/opt/hadoop/share/ozone/lib/hdds-container-service-1.3.0-SNAPSHOT.jar!/webapps/static,AVAILABLE}
om_1        | 2022-02-05 01:12:30,040 [main] INFO codec.RepeatedOmKeyInfoCodec: RepeatedOmKeyInfoCodec ignorePipeline = true
om_1        | 2022-02-05 01:12:30,673 [main] INFO om.OzoneManager: Created Volume s3v With Owner hadoop required for S3Gateway operations.
nm_1        | 2022-02-05 01:14:29 INFO  ContainerImpl:2175 - Container container_1644023511550_0001_01_000004 transitioned from RUNNING to EXITED_WITH_SUCCESS
rm_1        | 2022-02-05 01:11:34 INFO  ResourceManager:452 - Using Scheduler: org.apache.hadoop.yarn.server.resourcemanager.scheduler.capacity.CapacityScheduler
datanode_2  | 2022-02-05 01:12:25,735 [pool-22-thread-1] INFO segmented.SegmentedRaftLogWorker: 04731bcd-eebb-491b-a048-d6cfe64d70ef@group-5C0F6385B9C3-SegmentedRaftLogWorker: flushIndex: setUnconditionally 0 -> -1
scm_1       | 2022-02-05 01:11:56,934 [pool-2-thread-1] INFO server.RaftServerConfigKeys: raft.server.log.corruption.policy = EXCEPTION (default)
om_1        | 2022-02-05 01:12:31,102 [main] WARN server.ServerUtils: Storage directory for Ratis is not configured. It is a good idea to map this to an SSD disk. Falling back to ozone.metadata.dirs
datanode_1  | 2022-02-05 01:12:21,925 [pool-22-thread-1] INFO storage.RaftStorageDirectory: The storage directory /data/metadata/ratis/d6d2d7c4-778f-439e-800d-14e7c0c98b06 does not exist. Creating ...
datanode_3  | 2022-02-05 01:11:57,937 [main] INFO handler.ContextHandler: Started o.e.j.w.WebAppContext@5c931134{hddsDatanode,/,file:///tmp/jetty-0_0_0_0-9882-hdds-container-service-1_3_0-SNAPSHOT_jar-_-any-10144824892025695470/webapp/,AVAILABLE}{jar:file:/opt/hadoop/share/ozone/lib/hdds-container-service-1.3.0-SNAPSHOT.jar!/webapps/hddsDatanode}
datanode_3  | 2022-02-05 01:11:58,007 [main] INFO server.AbstractConnector: Started ServerConnector@69cd7630{HTTP/1.1, (http/1.1)}{0.0.0.0:9882}
datanode_3  | 2022-02-05 01:11:58,007 [main] INFO server.Server: Started @30420ms
datanode_3  | 2022-02-05 01:11:58,019 [main] INFO impl.MetricsSinkAdapter: Sink prometheus started
datanode_3  | 2022-02-05 01:11:58,022 [main] INFO impl.MetricsSystemImpl: Registered sink prometheus
scm_1       | 2022-02-05 01:11:56,935 [pool-2-thread-1] INFO server.RaftServerConfigKeys: raft.server.storage.free-space.min = 0MB (=0) (default)
datanode_3  | 2022-02-05 01:11:58,050 [main] INFO http.BaseHttpServer: HTTP server of hddsDatanode listening at http://0.0.0.0:9882
rm_1        | 2022-02-05 01:11:34 INFO  AsyncDispatcher:245 - Registering class org.apache.hadoop.yarn.server.resourcemanager.scheduler.event.SchedulerEventType for class org.apache.hadoop.yarn.event.EventDispatcher
datanode_2  | 2022-02-05 01:12:25,737 [pool-22-thread-1] INFO segmented.SegmentedRaftLogWorker: 04731bcd-eebb-491b-a048-d6cfe64d70ef@group-5C0F6385B9C3-SegmentedRaftLogWorker: safeCacheEvictIndex: setUnconditionally 0 -> -1
nm_1        | 2022-02-05 01:14:29 INFO  ContainerCleanup:87 - Cleaning up container container_1644023511550_0001_01_000004
datanode_1  | 2022-02-05 01:12:22,003 [pool-22-thread-1] INFO storage.RaftStorageDirectory: Lock on /data/metadata/ratis/d6d2d7c4-778f-439e-800d-14e7c0c98b06/in_use.lock acquired by nodename 7@83cecebc222a
scm_1       | 2022-02-05 01:11:56,936 [pool-2-thread-1] INFO storage.RaftStorageDirectory: The storage directory /data/metadata/scm-ha/d589a685-1fb1-4950-a175-f08833081b4a does not exist. Creating ...
om_1        | 2022-02-05 01:12:31,110 [main] WARN utils.OzoneManagerRatisUtils: ozone.om.ratis.snapshot.dir is not configured. Falling back to ozone.metadata.dirs config
datanode_3  | 2022-02-05 01:11:58,074 [Datanode State Machine Daemon Thread] INFO statemachine.DatanodeStateMachine: Ozone container server started.
rm_1        | 2022-02-05 01:11:34 INFO  AsyncDispatcher:245 - Registering class org.apache.hadoop.yarn.server.resourcemanager.rmapp.RMAppEventType for class org.apache.hadoop.yarn.server.resourcemanager.ResourceManager$ApplicationEventDispatcher
datanode_2  | 2022-02-05 01:12:25,742 [pool-22-thread-1] INFO server.RaftServerConfigKeys: raft.server.snapshot.auto.trigger.enabled = true (custom)
nm_1        | 2022-02-05 01:14:29 INFO  NMAuditLogger:94 - USER=hadoop	OPERATION=Container Finished - Succeeded	TARGET=ContainerImpl	RESULT=SUCCESS	APPID=application_1644023511550_0001	CONTAINERID=container_1644023511550_0001_01_000004
datanode_1  | 2022-02-05 01:12:22,061 [pool-22-thread-1] INFO storage.RaftStorage: Storage directory /data/metadata/ratis/d6d2d7c4-778f-439e-800d-14e7c0c98b06 has been successfully formatted.
scm_1       | 2022-02-05 01:11:57,283 [pool-2-thread-1] INFO storage.RaftStorageDirectory: Lock on /data/metadata/scm-ha/d589a685-1fb1-4950-a175-f08833081b4a/in_use.lock acquired by nodename 14@scm
om_1        | 2022-02-05 01:12:31,165 [main] INFO metrics.MetricRegistries: Loaded MetricRegistries class org.apache.ratis.metrics.impl.MetricRegistriesImpl
datanode_3  | 2022-02-05 01:11:58,372 [org.apache.hadoop.util.JvmPauseMonitor$Monitor@5b43393] INFO util.JvmPauseMonitor: Starting JVM pause monitor
rm_1        | 2022-02-05 01:11:34 INFO  AsyncDispatcher:245 - Registering class org.apache.hadoop.yarn.server.resourcemanager.rmapp.attempt.RMAppAttemptEventType for class org.apache.hadoop.yarn.server.resourcemanager.ResourceManager$ApplicationAttemptEventDispatcher
datanode_2  | 2022-02-05 01:12:25,743 [pool-22-thread-1] INFO server.RaftServerConfigKeys: raft.server.snapshot.auto.trigger.threshold = 10000 (custom)
nm_1        | 2022-02-05 01:14:29 INFO  ContainerImpl:2175 - Container container_1644023511550_0001_01_000004 transitioned from EXITED_WITH_SUCCESS to DONE
datanode_1  | 2022-02-05 01:12:22,114 [pool-22-thread-1] INFO ratis.ContainerStateMachine: group-14E7C0C98B06: The snapshot info is null. Setting the last applied indexto:(t:0, i:~)
scm_1       | 2022-02-05 01:11:57,347 [pool-2-thread-1] INFO storage.RaftStorage: Storage directory /data/metadata/scm-ha/d589a685-1fb1-4950-a175-f08833081b4a has been successfully formatted.
om_1        | 2022-02-05 01:12:31,203 [main] WARN server.ServerUtils: Storage directory for Ratis is not configured. It is a good idea to map this to an SSD disk. Falling back to ozone.metadata.dirs
datanode_3  | 2022-02-05 01:11:59,074 [Datanode State Machine Task Thread - 0] INFO datanode.InitDatanodeState: DatanodeDetails is persisted to /data/metadata/datanode.id
rm_1        | 2022-02-05 01:11:34 INFO  AsyncDispatcher:245 - Registering class org.apache.hadoop.yarn.server.resourcemanager.rmnode.RMNodeEventType for class org.apache.hadoop.yarn.server.resourcemanager.ResourceManager$NodeEventDispatcher
datanode_2  | 2022-02-05 01:12:25,743 [pool-22-thread-1] INFO server.RaftServerConfigKeys: raft.server.snapshot.retention.file.num = 5 (custom)
nm_1        | 2022-02-05 01:14:29 INFO  ApplicationImpl:512 - Removing container_1644023511550_0001_01_000004 from application application_1644023511550_0001
datanode_1  | 2022-02-05 01:12:22,119 [pool-22-thread-1] INFO server.RaftServerConfigKeys: raft.server.notification.no-leader.timeout = 300s (custom)
scm_1       | 2022-02-05 01:11:57,375 [pool-2-thread-1] INFO server.RaftServerConfigKeys: raft.server.notification.no-leader.timeout = 60s (default)
om_1        | 2022-02-05 01:12:31,284 [main] INFO ratis.OzoneManagerRatisServer: Instantiating OM Ratis server with groupID: omServiceIdDefault and peers: om:9872
datanode_3  | 2022-02-05 01:12:01,549 [EndpointStateMachine task thread for scm/172.20.0.7:9861 - 0 ] INFO ipc.Client: Retrying connect to server: scm/172.20.0.7:9861. Already tried 0 time(s); retry policy is RetryUpToMaximumCountWithFixedSleep(maxRetries=15, sleepTime=1000 MILLISECONDS)
rm_1        | 2022-02-05 01:11:34 INFO  MetricsConfig:120 - Loaded properties from hadoop-metrics2.properties
datanode_2  | 2022-02-05 01:12:25,743 [pool-22-thread-1] INFO server.RaftServerConfigKeys: raft.server.log.purge.upto.snapshot.index = false (default)
nm_1        | 2022-02-05 01:14:29 INFO  ContainersMonitorImpl:1112 - Stopping resource-monitoring for container_1644023511550_0001_01_000004
datanode_1  | 2022-02-05 01:12:22,163 [pool-22-thread-1] INFO server.RaftServerConfigKeys: raft.server.log.use.memory = false (default)
scm_1       | 2022-02-05 01:11:57,403 [pool-2-thread-1] INFO server.RaftServerConfigKeys: raft.server.log.use.memory = false (default)
om_1        | 2022-02-05 01:12:31,318 [main] INFO ratis.OzoneManagerStateMachine: LastAppliedIndex is set from TransactionInfo from OM DB as (t:0, i:~)
datanode_3  | 2022-02-05 01:12:02,551 [EndpointStateMachine task thread for scm/172.20.0.7:9861 - 0 ] INFO ipc.Client: Retrying connect to server: scm/172.20.0.7:9861. Already tried 1 time(s); retry policy is RetryUpToMaximumCountWithFixedSleep(maxRetries=15, sleepTime=1000 MILLISECONDS)
rm_1        | 2022-02-05 01:11:35 INFO  MetricsSystemImpl:378 - Scheduled Metric snapshot period at 10 second(s).
datanode_2  | 2022-02-05 01:12:25,744 [pool-22-thread-1] INFO server.RaftServerConfigKeys: raft.server.retrycache.expirytime = 600000ms (custom)
nm_1        | 2022-02-05 01:14:29 INFO  AuxServices:350 - Got event CONTAINER_STOP for appId application_1644023511550_0001
datanode_1  | 2022-02-05 01:12:22,289 [pool-22-thread-1] INFO server.RaftServerConfigKeys: raft.server.log.purge.gap = 1000000 (custom)
scm_1       | 2022-02-05 01:11:57,496 [pool-2-thread-1] INFO server.RaftServerConfigKeys: raft.server.log.purge.gap = 1000000 (custom)
om_1        | 2022-02-05 01:12:31,367 [main] INFO server.RaftServer: raft.rpc.type = GRPC (default)
datanode_3  | 2022-02-05 01:12:03,552 [EndpointStateMachine task thread for scm/172.20.0.7:9861 - 0 ] INFO ipc.Client: Retrying connect to server: scm/172.20.0.7:9861. Already tried 2 time(s); retry policy is RetryUpToMaximumCountWithFixedSleep(maxRetries=15, sleepTime=1000 MILLISECONDS)
rm_1        | 2022-02-05 01:11:35 INFO  MetricsSystemImpl:191 - ResourceManager metrics system started
rm_1        | 2022-02-05 01:11:35 INFO  YarnAuthorizationProvider:58 - org.apache.hadoop.yarn.security.ConfiguredYarnAuthorizer is instantiated.
rm_1        | 2022-02-05 01:11:35 INFO  AsyncDispatcher:245 - Registering class org.apache.hadoop.yarn.server.resourcemanager.RMAppManagerEventType for class org.apache.hadoop.yarn.server.resourcemanager.RMAppManager
rm_1        | 2022-02-05 01:11:35 INFO  AsyncDispatcher:245 - Registering class org.apache.hadoop.yarn.server.resourcemanager.amlauncher.AMLauncherEventType for class org.apache.hadoop.yarn.server.resourcemanager.amlauncher.ApplicationMasterLauncher
scm_1       | 2022-02-05 01:11:57,518 [pool-2-thread-1] INFO server.RaftServerConfigKeys: raft.server.log.appender.buffer.byte-limit = 33554432 (custom)
om_1        | 2022-02-05 01:12:31,605 [main] INFO grpc.GrpcConfigKeys: raft.grpc.admin.port = -1 (default)
datanode_3  | 2022-02-05 01:12:04,553 [EndpointStateMachine task thread for scm/172.20.0.7:9861 - 0 ] INFO ipc.Client: Retrying connect to server: scm/172.20.0.7:9861. Already tried 3 time(s); retry policy is RetryUpToMaximumCountWithFixedSleep(maxRetries=15, sleepTime=1000 MILLISECONDS)
datanode_3  | 2022-02-05 01:12:05,555 [EndpointStateMachine task thread for scm/172.20.0.7:9861 - 0 ] INFO ipc.Client: Retrying connect to server: scm/172.20.0.7:9861. Already tried 4 time(s); retry policy is RetryUpToMaximumCountWithFixedSleep(maxRetries=15, sleepTime=1000 MILLISECONDS)
rm_1        | 2022-02-05 01:11:35 INFO  RMNMInfo:66 - Registered RMNMInfo MBean
nm_1        | 2022-02-05 01:14:29 INFO  DefaultContainerExecutor:634 - Deleting absolute path : /tmp/hadoop-hadoop/nm-local-dir/usercache/hadoop/appcache/application_1644023511550_0001/container_1644023511550_0001_01_000004/launch_container.sh
datanode_2  | 2022-02-05 01:12:25,745 [pool-22-thread-1] INFO server.RaftServerConfigKeys: raft.server.retrycache.statistics.expirytime = 100?s (default)
scm_1       | 2022-02-05 01:11:57,607 [pool-2-thread-1] INFO metrics.MetricRegistries: Loaded MetricRegistries class org.apache.ratis.metrics.impl.MetricRegistriesImpl
om_1        | 2022-02-05 01:12:31,610 [main] INFO grpc.GrpcConfigKeys: raft.grpc.server.port = 9872 (custom)
datanode_3  | 2022-02-05 01:12:06,555 [EndpointStateMachine task thread for scm/172.20.0.7:9861 - 0 ] INFO ipc.Client: Retrying connect to server: scm/172.20.0.7:9861. Already tried 5 time(s); retry policy is RetryUpToMaximumCountWithFixedSleep(maxRetries=15, sleepTime=1000 MILLISECONDS)
datanode_1  | 2022-02-05 01:12:22,289 [pool-22-thread-1] INFO server.RaftServerConfigKeys: raft.server.log.appender.buffer.byte-limit = 33554432 (custom)
rm_1        | 2022-02-05 01:11:35 INFO  RMAppLifetimeMonitor:67 - Application lifelime monitor interval set to 3000 ms.
nm_1        | 2022-02-05 01:14:29 INFO  DefaultContainerExecutor:634 - Deleting absolute path : /tmp/hadoop-hadoop/nm-local-dir/usercache/hadoop/appcache/application_1644023511550_0001/container_1644023511550_0001_01_000004/container_tokens
datanode_2  | 2022-02-05 01:12:25,757 [pool-22-thread-1] INFO server.RaftServer$Division: 04731bcd-eebb-491b-a048-d6cfe64d70ef@group-5C0F6385B9C3: start as a follower, conf=-1: [77825e26-f980-46e1-8b17-6a82fb36ca53|rpc:172.20.0.5:9856|admin:172.20.0.5:9857|client:172.20.0.5:9858|priority:0, 4215e0cf-3923-4395-85d2-bc8d0c287f5f|rpc:172.20.0.8:9856|admin:172.20.0.8:9857|client:172.20.0.8:9858|priority:0, 04731bcd-eebb-491b-a048-d6cfe64d70ef|rpc:172.20.0.9:9856|admin:172.20.0.9:9857|client:172.20.0.9:9858|priority:1], old=null
scm_1       | 2022-02-05 01:11:58,800 [pool-2-thread-1] INFO server.RaftServerConfigKeys: raft.server.log.segment.size.max = 4194304 (custom)
om_1        | 2022-02-05 01:12:31,611 [main] INFO grpc.GrpcConfigKeys: raft.grpc.client.port = -1 (default)
datanode_3  | 2022-02-05 01:12:07,556 [EndpointStateMachine task thread for scm/172.20.0.7:9861 - 0 ] INFO ipc.Client: Retrying connect to server: scm/172.20.0.7:9861. Already tried 6 time(s); retry policy is RetryUpToMaximumCountWithFixedSleep(maxRetries=15, sleepTime=1000 MILLISECONDS)
datanode_1  | 2022-02-05 01:12:22,428 [pool-22-thread-1] INFO server.RaftServerConfigKeys: raft.server.log.segment.size.max = 1048576 (custom)
rm_1        | 2022-02-05 01:11:35 INFO  MultiNodeSortingManager:59 - Initializing NodeSortingService=MultiNodeSortingManager
nm_1        | 2022-02-05 01:14:29 INFO  DefaultContainerExecutor:634 - Deleting absolute path : /tmp/hadoop-hadoop/nm-local-dir/usercache/hadoop/appcache/application_1644023511550_0001/container_1644023511550_0001_01_000004/sysfs
datanode_2  | 2022-02-05 01:12:25,758 [pool-22-thread-1] INFO server.RaftServer$Division: 04731bcd-eebb-491b-a048-d6cfe64d70ef@group-5C0F6385B9C3: changes role from      null to FOLLOWER at term 0 for startAsFollower
scm_1       | 2022-02-05 01:11:58,889 [pool-2-thread-1] INFO server.RaftServerConfigKeys: raft.server.log.segment.cache.num.max = 2 (custom)
om_1        | 2022-02-05 01:12:31,614 [main] INFO grpc.GrpcConfigKeys: raft.grpc.server.port = 9872 (custom)
datanode_3  | 2022-02-05 01:12:08,558 [EndpointStateMachine task thread for scm/172.20.0.7:9861 - 0 ] INFO ipc.Client: Retrying connect to server: scm/172.20.0.7:9861. Already tried 7 time(s); retry policy is RetryUpToMaximumCountWithFixedSleep(maxRetries=15, sleepTime=1000 MILLISECONDS)
datanode_1  | 2022-02-05 01:12:22,528 [pool-22-thread-1] INFO server.RaftServerConfigKeys: raft.server.log.segment.cache.num.max = 2 (custom)
rm_1        | 2022-02-05 01:11:35 INFO  HostsFileReader:238 - Refreshing hosts (include/exclude) list
nm_1        | 2022-02-05 01:14:29 WARN  DefaultContainerExecutor:637 - delete returned false for path: [/tmp/hadoop-hadoop/nm-local-dir/usercache/hadoop/appcache/application_1644023511550_0001/container_1644023511550_0001_01_000004/sysfs]
datanode_2  | 2022-02-05 01:12:25,761 [pool-22-thread-1] INFO impl.RoleInfo: 04731bcd-eebb-491b-a048-d6cfe64d70ef: start 04731bcd-eebb-491b-a048-d6cfe64d70ef@group-5C0F6385B9C3-FollowerState
scm_1       | 2022-02-05 01:11:58,920 [pool-2-thread-1] INFO server.RaftServerConfigKeys: raft.server.log.segment.cache.size.max = 200MB (=209715200) (default)
om_1        | 2022-02-05 01:12:31,614 [main] INFO grpc.GrpcConfigKeys: raft.grpc.server.port = 9872 (custom)
datanode_3  | 2022-02-05 01:12:09,559 [EndpointStateMachine task thread for scm/172.20.0.7:9861 - 0 ] INFO ipc.Client: Retrying connect to server: scm/172.20.0.7:9861. Already tried 8 time(s); retry policy is RetryUpToMaximumCountWithFixedSleep(maxRetries=15, sleepTime=1000 MILLISECONDS)
datanode_1  | 2022-02-05 01:12:22,542 [pool-22-thread-1] INFO server.RaftServerConfigKeys: raft.server.log.segment.cache.size.max = 200MB (=209715200) (default)
rm_1        | 2022-02-05 01:11:35 INFO  Configuration:2798 - found resource capacity-scheduler.xml at file:/opt/hadoop/etc/hadoop/capacity-scheduler.xml
nm_1        | 2022-02-05 01:14:29 INFO  Server:2051 - Auth successful for appattempt_1644023511550_0001_000001 (auth:SIMPLE) from 172.20.0.3:54856
datanode_2  | 2022-02-05 01:12:25,796 [pool-22-thread-1] INFO util.JmxRegister: Successfully registered JMX Bean with object name Ratis:service=RaftServer,group=group-5C0F6385B9C3,id=04731bcd-eebb-491b-a048-d6cfe64d70ef
scm_1       | 2022-02-05 01:11:58,976 [pool-2-thread-1] INFO segmented.SegmentedRaftLogWorker: new f4368589-ed65-4935-a1c9-990c22f2b547@group-F08833081B4A-SegmentedRaftLogWorker for RaftStorageImpl:Storage Directory /data/metadata/scm-ha/d589a685-1fb1-4950-a175-f08833081b4a
om_1        | 2022-02-05 01:12:31,620 [main] INFO server.GrpcService: raft.grpc.message.size.max = 33554432 (custom)
datanode_3  | 2022-02-05 01:12:10,560 [EndpointStateMachine task thread for scm/172.20.0.7:9861 - 0 ] INFO ipc.Client: Retrying connect to server: scm/172.20.0.7:9861. Already tried 9 time(s); retry policy is RetryUpToMaximumCountWithFixedSleep(maxRetries=15, sleepTime=1000 MILLISECONDS)
datanode_1  | 2022-02-05 01:12:22,643 [pool-22-thread-1] INFO segmented.SegmentedRaftLogWorker: new 77825e26-f980-46e1-8b17-6a82fb36ca53@group-14E7C0C98B06-SegmentedRaftLogWorker for RaftStorageImpl:Storage Directory /data/metadata/ratis/d6d2d7c4-778f-439e-800d-14e7c0c98b06
rm_1        | 2022-02-05 01:11:35 INFO  AbstractYarnScheduler:1402 - Minimum allocation = <memory:1024, vCores:1>
nm_1        | 2022-02-05 01:14:29 INFO  ContainerManagerImpl:1087 - Start request for container_1644023511550_0001_01_000005 by user hadoop
datanode_2  | 2022-02-05 01:12:25,804 [Command processor thread] INFO ratis.XceiverServerRatis: Created group PipelineID=bdc28085-7e14-49a8-b551-5c0f6385b9c3
scm_1       | 2022-02-05 01:11:58,982 [pool-2-thread-1] INFO server.RaftServerConfigKeys: raft.server.log.queue.byte-limit = 64MB (=67108864) (default)
om_1        | 2022-02-05 01:12:31,650 [main] INFO server.RaftServerConfigKeys: raft.server.log.appender.buffer.byte-limit = 33554432 (custom)
datanode_3  | 2022-02-05 01:12:11,561 [EndpointStateMachine task thread for scm/172.20.0.7:9861 - 0 ] INFO ipc.Client: Retrying connect to server: scm/172.20.0.7:9861. Already tried 10 time(s); retry policy is RetryUpToMaximumCountWithFixedSleep(maxRetries=15, sleepTime=1000 MILLISECONDS)
datanode_1  | 2022-02-05 01:12:22,650 [pool-22-thread-1] INFO server.RaftServerConfigKeys: raft.server.log.queue.byte-limit = 2147483647 (custom)
rm_1        | 2022-02-05 01:11:35 INFO  AbstractYarnScheduler:1414 - Maximum allocation = <memory:8192, vCores:4>
nm_1        | 2022-02-05 01:14:29 INFO  NMAuditLogger:94 - USER=hadoop	IP=172.20.0.3	OPERATION=Start Container Request	TARGET=ContainerManageImpl	RESULT=SUCCESS	APPID=application_1644023511550_0001	CONTAINERID=container_1644023511550_0001_01_000005
datanode_2  | 2022-02-05 01:12:26,187 [Command processor thread] INFO commandhandler.CreatePipelineCommandHandler: Created Pipeline RATIS THREE PipelineID=bdc28085-7e14-49a8-b551-5c0f6385b9c3.
scm_1       | 2022-02-05 01:11:58,991 [pool-2-thread-1] INFO server.RaftServerConfigKeys: raft.server.log.queue.element-limit = 4096 (default)
om_1        | 2022-02-05 01:12:31,654 [main] INFO server.GrpcService: raft.grpc.flow.control.window = 1MB (=1048576) (default)
datanode_3  | 2022-02-05 01:12:12,562 [EndpointStateMachine task thread for scm/172.20.0.7:9861 - 0 ] INFO ipc.Client: Retrying connect to server: scm/172.20.0.7:9861. Already tried 11 time(s); retry policy is RetryUpToMaximumCountWithFixedSleep(maxRetries=15, sleepTime=1000 MILLISECONDS)
datanode_1  | 2022-02-05 01:12:22,673 [pool-22-thread-1] INFO server.RaftServerConfigKeys: raft.server.log.queue.element-limit = 1024 (custom)
rm_1        | 2022-02-05 01:11:36 INFO  CapacitySchedulerConfiguration:942 - max alloc mb per queue for root is undefined
nm_1        | 2022-02-05 01:14:29 INFO  ApplicationImpl:463 - Adding container_1644023511550_0001_01_000005 to application application_1644023511550_0001
datanode_2  | 2022-02-05 01:12:26,193 [pool-22-thread-1] INFO server.RaftServer$Division: 04731bcd-eebb-491b-a048-d6cfe64d70ef: new RaftServerImpl for group-60B1C19EFD1D:[04731bcd-eebb-491b-a048-d6cfe64d70ef|rpc:172.20.0.9:9856|admin:172.20.0.9:9857|client:172.20.0.9:9858|priority:1] with ContainerStateMachine:uninitialized
scm_1       | 2022-02-05 01:11:58,995 [pool-2-thread-1] INFO server.RaftServerConfigKeys: raft.server.log.segment.size.max = 4194304 (custom)
om_1        | 2022-02-05 01:12:31,656 [main] INFO server.RaftServerConfigKeys: raft.server.rpc.request.timeout = 3000ms (default)
datanode_3  | 2022-02-05 01:12:17,600 [EndpointStateMachine task thread for scm/172.20.0.7:9861 - 0 ] WARN statemachine.EndpointStateMachine: Unable to communicate to SCM server at scm:9861 for past 0 seconds.
datanode_1  | 2022-02-05 01:12:22,675 [pool-22-thread-1] INFO server.RaftServerConfigKeys: raft.server.log.segment.size.max = 1048576 (custom)
rm_1        | 2022-02-05 01:11:36 INFO  CapacitySchedulerConfiguration:946 - max alloc vcore per queue for root is undefined
rm_1        | 2022-02-05 01:11:36 INFO  ParentQueue:152 - root, capacity=1.0, absoluteCapacity=1.0, maxCapacity=1.0, absoluteMaxCapacity=1.0, state=RUNNING, acls=ADMINISTER_QUEUE:*SUBMIT_APP:*, labels=*,
datanode_2  | 2022-02-05 01:12:26,193 [pool-22-thread-1] INFO server.RaftServerConfigKeys: raft.server.rpc.timeout.min = 5s (custom)
om_1        | 2022-02-05 01:12:32,109 [main] INFO impl.DataStreamServerImpl: raft.datastream.type = DISABLED (default)
scm_1       | 2022-02-05 01:11:58,997 [pool-2-thread-1] INFO server.RaftServerConfigKeys: raft.server.log.preallocated.size = 4194304 (custom)
datanode_3  | java.net.SocketTimeoutException: Call From a0d6593c8afc/172.20.0.8 to scm:9861 failed on socket timeout exception: java.net.SocketTimeoutException: 5000 millis timeout while waiting for channel to be ready for read. ch : java.nio.channels.SocketChannel[connected local=/172.20.0.8:39720 remote=scm/172.20.0.7:9861]; For more details see:  http://wiki.apache.org/hadoop/SocketTimeout
datanode_1  | 2022-02-05 01:12:22,678 [pool-22-thread-1] INFO server.RaftServerConfigKeys: raft.server.log.preallocated.size = 16384 (custom)
rm_1        | , reservationsContinueLooking=true, orderingPolicy=utilization, priority=0
nm_1        | 2022-02-05 01:14:29 INFO  ContainerImpl:2175 - Container container_1644023511550_0001_01_000005 transitioned from NEW to LOCALIZING
datanode_2  | 2022-02-05 01:12:26,193 [pool-22-thread-1] INFO server.RaftServerConfigKeys: raft.server.rpc.timeout.max = 5200ms (custom)
om_1        | 2022-02-05 01:12:32,111 [main] INFO server.RaftServerConfigKeys: raft.server.rpc.slowness.timeout = 120s (custom)
scm_1       | 2022-02-05 01:11:59,006 [pool-2-thread-1] INFO server.RaftServerConfigKeys: raft.server.log.force.sync.num = 128 (default)
datanode_3  | 	at java.base/jdk.internal.reflect.NativeConstructorAccessorImpl.newInstance0(Native Method)
datanode_1  | 2022-02-05 01:12:22,678 [pool-22-thread-1] INFO server.RaftServerConfigKeys: raft.server.log.force.sync.num = 128 (default)
rm_1        | 2022-02-05 01:11:36 INFO  ParentQueue:115 - Initialized parent-queue root name=root, fullname=root
nm_1        | 2022-02-05 01:14:29 INFO  AuxServices:350 - Got event CONTAINER_INIT for appId application_1644023511550_0001
datanode_2  | 2022-02-05 01:12:26,194 [pool-22-thread-1] INFO server.RaftServerConfigKeys: raft.server.rpc.sleep.time = 25ms (default)
om_1        | 2022-02-05 01:12:32,111 [main] INFO server.RaftServerConfigKeys: raft.server.leaderelection.leader.step-down.wait-time = 10s (default)
scm_1       | 2022-02-05 01:11:59,010 [pool-2-thread-1] INFO server.RaftServerConfigKeys: raft.server.log.statemachine.data.sync = true (default)
datanode_3  | 	at java.base/jdk.internal.reflect.NativeConstructorAccessorImpl.newInstance(NativeConstructorAccessorImpl.java:62)
datanode_1  | 2022-02-05 01:12:22,706 [pool-22-thread-1] INFO server.RaftServerConfigKeys: raft.server.log.statemachine.data.sync = true (default)
rm_1        | 2022-02-05 01:11:36 INFO  CapacitySchedulerConfiguration:942 - max alloc mb per queue for root.default is undefined
nm_1        | 2022-02-05 01:14:29 INFO  AuxServices:350 - Got event APPLICATION_INIT for appId application_1644023511550_0001
datanode_2  | 2022-02-05 01:12:26,194 [pool-22-thread-1] INFO server.RaftServerConfigKeys: raft.server.rpc.slowness.timeout = 300s (custom)
om_1        | 2022-02-05 01:12:32,134 [main] INFO server.RaftServerConfigKeys: raft.server.storage.dir = [/data/metadata/ratis] (custom)
scm_1       | 2022-02-05 01:11:59,024 [pool-2-thread-1] INFO server.RaftServerConfigKeys: raft.server.log.statemachine.data.sync.timeout = 10s (default)
datanode_3  | 	at java.base/jdk.internal.reflect.DelegatingConstructorAccessorImpl.newInstance(DelegatingConstructorAccessorImpl.java:45)
datanode_1  | 2022-02-05 01:12:22,709 [pool-22-thread-1] INFO server.RaftServerConfigKeys: raft.server.log.statemachine.data.sync.timeout = 10s (default)
rm_1        | 2022-02-05 01:11:36 INFO  CapacitySchedulerConfiguration:946 - max alloc vcore per queue for root.default is undefined
nm_1        | 2022-02-05 01:14:29 INFO  AuxServices:354 - Got APPLICATION_INIT for service mapreduce_shuffle
datanode_2  | 2022-02-05 01:12:26,196 [pool-22-thread-1] INFO server.RaftServerConfigKeys: raft.server.leaderelection.leader.step-down.wait-time = 10s (default)
om_1        | 2022-02-05 01:12:32,140 [main] INFO server.RaftServer: om1: addNew group-C5BA1605619E:[om1|rpc:om:9872|priority:0] returns group-C5BA1605619E:java.util.concurrent.CompletableFuture@56f569e[Not completed]
scm_1       | 2022-02-05 01:11:59,026 [pool-2-thread-1] INFO server.RaftServerConfigKeys: raft.server.log.statemachine.data.sync.timeout.retry = -1 (default)
datanode_3  | 	at java.base/java.lang.reflect.Constructor.newInstance(Constructor.java:490)
datanode_1  | 2022-02-05 01:12:22,729 [pool-22-thread-1] INFO server.RaftServerConfigKeys: raft.server.log.statemachine.data.sync.timeout.retry = -1 (default)
rm_1        | 2022-02-05 01:11:36 INFO  LeafQueue:282 - Initializing default
rm_1        | capacity = 1.0 [= (float) configuredCapacity / 100 ]
rm_1        | absoluteCapacity = 1.0 [= parentAbsoluteCapacity * capacity ]
rm_1        | maxCapacity = 1.0 [= configuredMaxCapacity ]
rm_1        | absoluteMaxCapacity = 1.0 [= 1.0 maximumCapacity undefined, (parentAbsoluteMaxCapacity * maximumCapacity) / 100 otherwise ]
nm_1        | 2022-02-05 01:14:29 INFO  ShuffleHandler:719 - Added token for job_1644023511550_0001
datanode_1  | 2022-02-05 01:12:22,806 [pool-22-thread-1] INFO server.RaftServerConfigKeys: raft.server.log.write.buffer.size = 1048576 (custom)
datanode_3  | 	at org.apache.hadoop.net.NetUtils.wrapWithMessage(NetUtils.java:913)
om_1        | 2022-02-05 01:12:32,140 [main] INFO om.OzoneManager: OzoneManager Ratis server initialized at port 9872
rm_1        | effectiveMinResource=<memory:0, vCores:0>
datanode_2  | 2022-02-05 01:12:26,196 [Command processor thread] INFO server.RaftServer: 04731bcd-eebb-491b-a048-d6cfe64d70ef: addNew group-60B1C19EFD1D:[04731bcd-eebb-491b-a048-d6cfe64d70ef|rpc:172.20.0.9:9856|admin:172.20.0.9:9857|client:172.20.0.9:9858|priority:1] returns group-60B1C19EFD1D:java.util.concurrent.CompletableFuture@229cc383[Not completed]
scm_1       | 2022-02-05 01:11:59,107 [pool-2-thread-1] INFO server.RaftServerConfigKeys: raft.server.log.write.buffer.size = 64KB (=65536) (default)
nm_1        | 2022-02-05 01:14:29 INFO  ContainerImpl:2175 - Container container_1644023511550_0001_01_000005 transitioned from LOCALIZING to SCHEDULED
datanode_1  | 2022-02-05 01:12:22,807 [pool-22-thread-1] INFO server.RaftServerConfigKeys: raft.server.log.statemachine.data.caching.enabled = true (custom)
datanode_3  | 	at org.apache.hadoop.net.NetUtils.wrapException(NetUtils.java:848)
om_1        | 2022-02-05 01:12:32,208 [pool-23-thread-1] INFO server.RaftServer$Division: om1: new RaftServerImpl for group-C5BA1605619E:[om1|rpc:om:9872|priority:0] with OzoneManagerStateMachine:uninitialized
rm_1        |  , effectiveMaxResource=<memory:0, vCores:0>
datanode_2  | 2022-02-05 01:12:26,196 [pool-22-thread-1] INFO server.RaftServerConfigKeys: raft.server.sleep.deviation.threshold = 300ms (default)
scm_1       | 2022-02-05 01:11:59,117 [pool-2-thread-1] INFO server.RaftServerConfigKeys: raft.server.log.statemachine.data.caching.enabled = false (default)
nm_1        | 2022-02-05 01:14:29 INFO  ContainerScheduler:542 - Starting container [container_1644023511550_0001_01_000005]
datanode_1  | 2022-02-05 01:12:22,835 [pool-22-thread-1] INFO segmented.SegmentedRaftLogWorker: 77825e26-f980-46e1-8b17-6a82fb36ca53@group-14E7C0C98B06-SegmentedRaftLogWorker: flushIndex: setUnconditionally 0 -> -1
datanode_3  | 	at org.apache.hadoop.ipc.Client.getRpcResponse(Client.java:1577)
om_1        | 2022-02-05 01:12:32,221 [pool-23-thread-1] INFO server.RaftServerConfigKeys: raft.server.rpc.timeout.min = 5s (custom)
rm_1        | userLimit = 100 [= configuredUserLimit ]
datanode_2  | 2022-02-05 01:12:26,197 [pool-22-thread-1] INFO server.RaftServerConfigKeys: raft.server.log.appender.install.snapshot.enabled = false (custom)
scm_1       | 2022-02-05 01:11:59,178 [pool-2-thread-1] INFO segmented.SegmentedRaftLogWorker: f4368589-ed65-4935-a1c9-990c22f2b547@group-F08833081B4A-SegmentedRaftLogWorker: flushIndex: setUnconditionally 0 -> -1
nm_1        | 2022-02-05 01:14:29 INFO  ContainerImpl:2175 - Container container_1644023511550_0001_01_000005 transitioned from SCHEDULED to RUNNING
datanode_1  | 2022-02-05 01:12:22,835 [pool-22-thread-1] INFO segmented.SegmentedRaftLogWorker: 77825e26-f980-46e1-8b17-6a82fb36ca53@group-14E7C0C98B06-SegmentedRaftLogWorker: safeCacheEvictIndex: setUnconditionally 0 -> -1
datanode_3  | 	at org.apache.hadoop.ipc.Client.call(Client.java:1519)
om_1        | 2022-02-05 01:12:32,227 [pool-23-thread-1] INFO server.RaftServerConfigKeys: raft.server.rpc.timeout.max = 5200ms (custom)
rm_1        | userLimitFactor = 1.0 [= configuredUserLimitFactor ]
datanode_2  | 2022-02-05 01:12:26,197 [pool-22-thread-1] INFO server.RaftServer$Division: 04731bcd-eebb-491b-a048-d6cfe64d70ef@group-60B1C19EFD1D: ConfigurationManager, init=-1: [04731bcd-eebb-491b-a048-d6cfe64d70ef|rpc:172.20.0.9:9856|admin:172.20.0.9:9857|client:172.20.0.9:9858|priority:1], old=null, confs=<EMPTY_MAP>
scm_1       | 2022-02-05 01:11:59,182 [pool-2-thread-1] INFO segmented.SegmentedRaftLogWorker: f4368589-ed65-4935-a1c9-990c22f2b547@group-F08833081B4A-SegmentedRaftLogWorker: safeCacheEvictIndex: setUnconditionally 0 -> -1
nm_1        | 2022-02-05 01:14:29 INFO  ContainersMonitorImpl:1121 - Starting resource-monitoring for container_1644023511550_0001_01_000005
datanode_1  | 2022-02-05 01:12:22,956 [pool-22-thread-1] INFO server.RaftServerConfigKeys: raft.server.snapshot.auto.trigger.enabled = true (custom)
datanode_3  | 	at org.apache.hadoop.ipc.Client.call(Client.java:1416)
rm_1        | maxApplications = 10000 [= configuredMaximumSystemApplicationsPerQueue or (int)(configuredMaximumSystemApplications * absoluteCapacity)]
om_1        | 2022-02-05 01:12:32,228 [pool-23-thread-1] INFO server.RaftServerConfigKeys: raft.server.rpc.sleep.time = 25ms (default)
datanode_2  | 2022-02-05 01:12:26,197 [pool-22-thread-1] INFO server.RaftServerConfigKeys: raft.server.storage.dir = [/data/metadata/ratis] (custom)
scm_1       | 2022-02-05 01:11:59,225 [pool-2-thread-1] INFO server.RaftServerConfigKeys: raft.server.snapshot.auto.trigger.enabled = true (custom)
nm_1        | 2022-02-05 01:14:29 INFO  DefaultContainerExecutor:370 - launchContainer: [bash, /tmp/hadoop-hadoop/nm-local-dir/usercache/hadoop/appcache/application_1644023511550_0001/container_1644023511550_0001_01_000005/default_container_executor.sh]
datanode_1  | 2022-02-05 01:12:22,962 [pool-22-thread-1] INFO server.RaftServerConfigKeys: raft.server.snapshot.auto.trigger.threshold = 10000 (custom)
datanode_3  | 	at org.apache.hadoop.ipc.ProtobufRpcEngine$Invoker.invoke(ProtobufRpcEngine.java:236)
rm_1        | maxApplicationsPerUser = 10000 [= (int)(maxApplications * (userLimit / 100.0f) * userLimitFactor) ]
om_1        | 2022-02-05 01:12:32,228 [pool-23-thread-1] INFO server.RaftServerConfigKeys: raft.server.rpc.slowness.timeout = 120s (custom)
datanode_2  | 2022-02-05 01:12:26,197 [pool-22-thread-1] INFO server.RaftServerConfigKeys: raft.server.log.corruption.policy = EXCEPTION (default)
scm_1       | 2022-02-05 01:11:59,229 [pool-2-thread-1] INFO server.RaftServerConfigKeys: raft.server.snapshot.auto.trigger.threshold = 1000 (custom)
nm_1        | 2022-02-05 01:14:31 INFO  NodeStatusUpdaterImpl:723 - Removed completed containers from NM context: [container_1644023511550_0001_01_000004]
datanode_1  | 2022-02-05 01:12:22,966 [pool-22-thread-1] INFO server.RaftServerConfigKeys: raft.server.snapshot.retention.file.num = 5 (custom)
datanode_3  | 	at org.apache.hadoop.ipc.ProtobufRpcEngine$Invoker.invoke(ProtobufRpcEngine.java:123)
rm_1        | usedCapacity = 0.0 [= usedResourcesMemory / (clusterResourceMemory * absoluteCapacity)]
om_1        | 2022-02-05 01:12:32,228 [pool-23-thread-1] INFO server.RaftServerConfigKeys: raft.server.leaderelection.leader.step-down.wait-time = 10s (default)
datanode_2  | 2022-02-05 01:12:26,198 [pool-22-thread-1] INFO server.RaftServerConfigKeys: raft.server.storage.free-space.min = 0MB (=0) (default)
scm_1       | 2022-02-05 01:11:59,239 [pool-2-thread-1] INFO server.RaftServerConfigKeys: raft.server.snapshot.retention.file.num = -1 (default)
nm_1        | 2022-02-05 01:14:32 INFO  ContainersMonitorImpl:650 - container_1644023511550_0001_01_000005's ip = 172.20.0.3, and hostname = nm
datanode_1  | 2022-02-05 01:12:22,968 [pool-22-thread-1] INFO server.RaftServerConfigKeys: raft.server.log.purge.upto.snapshot.index = false (default)
datanode_3  | 	at com.sun.proxy.$Proxy38.submitRequest(Unknown Source)
rm_1        | absoluteUsedCapacity = 0.0 [= usedResourcesMemory / clusterResourceMemory]
om_1        | 2022-02-05 01:12:32,228 [pool-23-thread-1] INFO server.RaftServerConfigKeys: raft.server.sleep.deviation.threshold = 300ms (default)
datanode_2  | 2022-02-05 01:12:26,198 [pool-22-thread-1] INFO storage.RaftStorageDirectory: The storage directory /data/metadata/ratis/f7e385fa-6cc9-4e4b-9165-60b1c19efd1d does not exist. Creating ...
scm_1       | 2022-02-05 01:11:59,242 [pool-2-thread-1] INFO server.RaftServerConfigKeys: raft.server.log.purge.upto.snapshot.index = false (default)
nm_1        | 2022-02-05 01:14:32 INFO  ContainersMonitorImpl:551 - Skipping monitoring container container_1644023511550_0001_01_000005 since CPU usage is not yet available.
datanode_1  | 2022-02-05 01:12:22,971 [pool-22-thread-1] INFO server.RaftServerConfigKeys: raft.server.retrycache.expirytime = 600000ms (custom)
