datanode_3  | 2022-02-05 01:12:22,759 [pool-22-thread-1] INFO server.RaftServer$Division: 4215e0cf-3923-4395-85d2-bc8d0c287f5f@group-14E7C0C98B06: ConfigurationManager, init=-1: [77825e26-f980-46e1-8b17-6a82fb36ca53|rpc:172.20.0.5:9856|admin:172.20.0.5:9857|client:172.20.0.5:9858|priority:1, 4215e0cf-3923-4395-85d2-bc8d0c287f5f|rpc:172.20.0.8:9856|admin:172.20.0.8:9857|client:172.20.0.8:9858|priority:0, 04731bcd-eebb-491b-a048-d6cfe64d70ef|rpc:172.20.0.9:9856|admin:172.20.0.9:9857|client:172.20.0.9:9858|priority:0], old=null, confs=<EMPTY_MAP>
om_1        | 2022-02-05 01:12:33,526 [Listener at om/9862] INFO handler.ContextHandler: Started o.e.j.s.ServletContextHandler@6f13ed1{logs,/logs,file:///var/log/hadoop/,AVAILABLE}
scm_1       | 2022-02-05 01:12:08,203 [main] WARN server.ServerUtils: ozone.scm.db.dirs is not configured. We recommend adding this setting. Falling back to ozone.metadata.dirs instead.
rm_1        | Feb 05, 2022 1:11:48 AM com.sun.jersey.guice.spi.container.GuiceComponentProviderFactory getComponentProvider
datanode_1  | 2022-02-05 01:12:25,764 [pool-22-thread-1] INFO server.RaftServerConfigKeys: raft.server.log.segment.size.max = 1048576 (custom)
nm_1        | 2022-02-05 01:14:52 INFO  ContainerImpl:2175 - Container container_1644023511550_0002_01_000002 transitioned from LOCALIZING to SCHEDULED
datanode_2  | 2022-02-05 01:12:31,450 [04731bcd-eebb-491b-a048-d6cfe64d70ef@group-60B1C19EFD1D-LeaderElection3] INFO server.RaftServerConfigKeys: raft.server.write.element-limit = 1024 (custom)
datanode_3  | 2022-02-05 01:12:22,759 [pool-22-thread-1] INFO server.RaftServerConfigKeys: raft.server.storage.dir = [/data/metadata/ratis] (custom)
om_1        | 2022-02-05 01:12:33,527 [Listener at om/9862] INFO handler.ContextHandler: Started o.e.j.s.ServletContextHandler@21a1554{static,/static,jar:file:/opt/hadoop/share/ozone/lib/ozone-manager-1.3.0-SNAPSHOT.jar!/webapps/static,AVAILABLE}
scm_1       | 2022-02-05 01:12:08,253 [main] INFO upgrade.AbstractLayoutVersionManager: Initializing Layout version manager with metadata layout = SCM_HA (version = 2), software layout = SCM_HA (version = 2)
rm_1        | INFO: Binding org.apache.hadoop.yarn.server.resourcemanager.webapp.RMWebServices to GuiceManagedComponentProvider with the scope "Singleton"
datanode_1  | 2022-02-05 01:12:25,764 [pool-22-thread-1] INFO server.RaftServerConfigKeys: raft.server.log.preallocated.size = 16384 (custom)
nm_1        | 2022-02-05 01:14:52 INFO  ContainerScheduler:542 - Starting container [container_1644023511550_0002_01_000002]
datanode_2  | 2022-02-05 01:12:31,455 [04731bcd-eebb-491b-a048-d6cfe64d70ef@group-60B1C19EFD1D-LeaderElection3] INFO server.RaftServerConfigKeys: raft.server.write.follower.gap.ratio.max = -1.0 (default)
datanode_3  | 2022-02-05 01:12:22,759 [pool-22-thread-1] INFO server.RaftServerConfigKeys: raft.server.log.corruption.policy = EXCEPTION (default)
om_1        | 2022-02-05 01:12:33,727 [Listener at om/9862] INFO handler.ContextHandler: Started o.e.j.w.WebAppContext@36c45b54{ozoneManager,/,file:///tmp/jetty-0_0_0_0-9874-ozone-manager-1_3_0-SNAPSHOT_jar-_-any-4936810835364488361/webapp/,AVAILABLE}{jar:file:/opt/hadoop/share/ozone/lib/ozone-manager-1.3.0-SNAPSHOT.jar!/webapps/ozoneManager}
scm_1       | 2022-02-05 01:12:08,510 [main] INFO reflections.Reflections: Reflections took 124 ms to scan 3 urls, producing 103 keys and 217 values 
rm_1        | 2022-02-05 01:11:49 INFO  ContextHandler:824 - Started o.e.j.w.WebAppContext@3a5c2626{cluster,/,file:///tmp/jetty-rm-8088-_-any-2703912988965710885.dir/webapp/,AVAILABLE}{jar:file:/opt/hadoop/share/hadoop/yarn/hadoop-yarn-common-3.2.2.jar!/webapps/cluster}
datanode_1  | 2022-02-05 01:12:25,774 [pool-22-thread-1] INFO server.RaftServerConfigKeys: raft.server.log.force.sync.num = 128 (default)
nm_1        | 2022-02-05 01:14:52 INFO  ContainerImpl:2175 - Container container_1644023511550_0002_01_000002 transitioned from SCHEDULED to RUNNING
datanode_2  | 2022-02-05 01:12:31,461 [04731bcd-eebb-491b-a048-d6cfe64d70ef@group-60B1C19EFD1D-LeaderElection3] INFO impl.RoleInfo: 04731bcd-eebb-491b-a048-d6cfe64d70ef: start 04731bcd-eebb-491b-a048-d6cfe64d70ef@group-60B1C19EFD1D-LeaderStateImpl
datanode_3  | 2022-02-05 01:12:22,759 [pool-22-thread-1] INFO server.RaftServerConfigKeys: raft.server.storage.free-space.min = 0MB (=0) (default)
om_1        | 2022-02-05 01:12:33,739 [Listener at om/9862] INFO server.AbstractConnector: Started ServerConnector@729a98e9{HTTP/1.1, (http/1.1)}{0.0.0.0:9874}
scm_1       | 2022-02-05 01:12:09,086 [main] WARN utils.HAUtils: ozone.scm.db.dirs is not configured. We recommend adding this setting. Falling back to ozone.metadata.dirs instead.
rm_1        | 2022-02-05 01:11:49 INFO  AbstractConnector:293 - Started ServerConnector@436c81a3{HTTP/1.1,[http/1.1]}{rm:8088}
datanode_1  | 2022-02-05 01:12:25,775 [pool-22-thread-1] INFO server.RaftServerConfigKeys: raft.server.log.statemachine.data.sync = true (default)
nm_1        | 2022-02-05 01:14:52 INFO  ContainersMonitorImpl:1121 - Starting resource-monitoring for container_1644023511550_0002_01_000002
datanode_2  | 2022-02-05 01:12:31,484 [04731bcd-eebb-491b-a048-d6cfe64d70ef@group-60B1C19EFD1D-LeaderElection3] INFO segmented.SegmentedRaftLogWorker: 04731bcd-eebb-491b-a048-d6cfe64d70ef@group-60B1C19EFD1D-SegmentedRaftLogWorker: Starting segment from index:0
datanode_3  | 2022-02-05 01:12:22,759 [pool-22-thread-1] INFO storage.RaftStorageDirectory: The storage directory /data/metadata/ratis/d6d2d7c4-778f-439e-800d-14e7c0c98b06 does not exist. Creating ...
om_1        | 2022-02-05 01:12:33,740 [Listener at om/9862] INFO server.Server: Started @14931ms
scm_1       | 2022-02-05 01:12:09,314 [main] WARN db.DBStoreBuilder: ozone.scm.db.dirs is not configured. We recommend adding this setting. Falling back to ozone.metadata.dirs instead.
rm_1        | 2022-02-05 01:11:49 INFO  Server:399 - Started @21940ms
datanode_1  | 2022-02-05 01:12:25,775 [pool-22-thread-1] INFO server.RaftServerConfigKeys: raft.server.log.statemachine.data.sync.timeout = 10s (default)
nm_1        | 2022-02-05 01:14:52 INFO  DefaultContainerExecutor:370 - launchContainer: [bash, /tmp/hadoop-hadoop/nm-local-dir/usercache/hadoop/appcache/application_1644023511550_0002/container_1644023511550_0002_01_000002/default_container_executor.sh]
scm_1       | 2022-02-05 01:12:09,551 [main] INFO net.NodeSchemaLoader: Loading schema from [file:/etc/hadoop/network-topology-default.xml, jar:file:/opt/hadoop/share/ozone/lib/hdds-common-1.3.0-SNAPSHOT.jar!/network-topology-default.xml]
datanode_3  | 2022-02-05 01:12:22,788 [pool-22-thread-1] INFO storage.RaftStorageDirectory: Lock on /data/metadata/ratis/d6d2d7c4-778f-439e-800d-14e7c0c98b06/in_use.lock acquired by nodename 7@a0d6593c8afc
datanode_1  | 2022-02-05 01:12:25,775 [pool-22-thread-1] INFO server.RaftServerConfigKeys: raft.server.log.statemachine.data.sync.timeout.retry = -1 (default)
rm_1        | 2022-02-05 01:11:49 INFO  WebApps:450 - Web app cluster started at 8088
om_1        | 2022-02-05 01:12:33,747 [Listener at om/9862] INFO impl.MetricsSinkAdapter: Sink prometheus started
datanode_2  | 2022-02-05 01:12:31,553 [04731bcd-eebb-491b-a048-d6cfe64d70ef@group-60B1C19EFD1D-LeaderElection3] INFO server.RaftServer$Division: 04731bcd-eebb-491b-a048-d6cfe64d70ef@group-60B1C19EFD1D: set configuration 0: [04731bcd-eebb-491b-a048-d6cfe64d70ef|rpc:172.20.0.9:9856|admin:172.20.0.9:9857|client:172.20.0.9:9858|dataStream:|priority:1], old=null
nm_1        | 2022-02-05 01:14:53 INFO  ContainersMonitorImpl:650 - container_1644023511550_0002_01_000002's ip = 172.20.0.3, and hostname = nm
scm_1       | 2022-02-05 01:12:09,555 [main] INFO net.NodeSchemaLoader: Loading network topology layer schema file
datanode_3  | 2022-02-05 01:12:22,792 [pool-22-thread-1] INFO storage.RaftStorage: Storage directory /data/metadata/ratis/d6d2d7c4-778f-439e-800d-14e7c0c98b06 has been successfully formatted.
datanode_1  | 2022-02-05 01:12:25,776 [pool-22-thread-1] INFO server.RaftServerConfigKeys: raft.server.log.write.buffer.size = 1048576 (custom)
rm_1        | 2022-02-05 01:11:49 INFO  CallQueueManager:85 - Using callQueue: class java.util.concurrent.LinkedBlockingQueue, queueCapacity: 100, scheduler: class org.apache.hadoop.ipc.DefaultRpcScheduler, ipcBackoff: false.
om_1        | 2022-02-05 01:12:33,747 [Listener at om/9862] INFO impl.MetricsSystemImpl: Registered sink prometheus
datanode_2  | 2022-02-05 01:12:31,630 [04731bcd-eebb-491b-a048-d6cfe64d70ef@group-60B1C19EFD1D-SegmentedRaftLogWorker] INFO segmented.SegmentedRaftLogWorker: 04731bcd-eebb-491b-a048-d6cfe64d70ef@group-60B1C19EFD1D-SegmentedRaftLogWorker: created new log segment /data/metadata/ratis/f7e385fa-6cc9-4e4b-9165-60b1c19efd1d/current/log_inprogress_0
nm_1        | 2022-02-05 01:14:53 INFO  ContainersMonitorImpl:551 - Skipping monitoring container container_1644023511550_0002_01_000002 since CPU usage is not yet available.
scm_1       | 2022-02-05 01:12:09,652 [main] INFO metrics.MetricRegistries: Loaded MetricRegistries class org.apache.ratis.metrics.impl.MetricRegistriesImpl
datanode_3  | 2022-02-05 01:12:22,792 [pool-22-thread-1] INFO ratis.ContainerStateMachine: group-14E7C0C98B06: The snapshot info is null. Setting the last applied indexto:(t:0, i:~)
datanode_1  | 2022-02-05 01:12:25,776 [pool-22-thread-1] INFO server.RaftServerConfigKeys: raft.server.log.statemachine.data.caching.enabled = true (custom)
rm_1        | 2022-02-05 01:11:50 INFO  Server:1255 - Starting Socket Reader #1 for port 8033
om_1        | 2022-02-05 01:12:33,749 [Listener at om/9862] INFO http.BaseHttpServer: HTTP server of ozoneManager listening at http://0.0.0.0:9874
datanode_2  | 2022-02-05 01:12:32,558 [04731bcd-eebb-491b-a048-d6cfe64d70ef@group-14E7C0C98B06-FollowerState] INFO impl.FollowerState: 04731bcd-eebb-491b-a048-d6cfe64d70ef@group-14E7C0C98B06-FollowerState: change to CANDIDATE, lastRpcElapsedTime:5040643059ns, electionTimeout:5021ms
nm_1        | 2022-02-05 01:14:57 INFO  ContainerLaunch:596 - Container container_1644023511550_0002_01_000002 succeeded 
scm_1       | 2022-02-05 01:12:09,698 [main] INFO ha.SCMRatisServerImpl: starting Raft server for scm:f4368589-ed65-4935-a1c9-990c22f2b547
datanode_3  | 2022-02-05 01:12:22,792 [pool-22-thread-1] INFO server.RaftServerConfigKeys: raft.server.notification.no-leader.timeout = 300s (custom)
datanode_1  | 2022-02-05 01:12:25,776 [pool-22-thread-1] INFO segmented.SegmentedRaftLogWorker: 77825e26-f980-46e1-8b17-6a82fb36ca53@group-5C0F6385B9C3-SegmentedRaftLogWorker: flushIndex: setUnconditionally 0 -> -1
rm_1        | 2022-02-05 01:11:51 INFO  RpcServerFactoryPBImpl:173 - Adding protocol org.apache.hadoop.yarn.server.api.ResourceManagerAdministrationProtocolPB to the server
om_1        | 2022-02-05 01:12:33,756 [IPC Server listener on 9862] INFO ipc.Server: IPC Server listener on 9862: starting
datanode_2  | 2022-02-05 01:12:32,558 [04731bcd-eebb-491b-a048-d6cfe64d70ef@group-14E7C0C98B06-FollowerState] INFO impl.RoleInfo: 04731bcd-eebb-491b-a048-d6cfe64d70ef: shutdown 04731bcd-eebb-491b-a048-d6cfe64d70ef@group-14E7C0C98B06-FollowerState
nm_1        | 2022-02-05 01:14:57 INFO  ContainerImpl:2175 - Container container_1644023511550_0002_01_000002 transitioned from RUNNING to EXITED_WITH_SUCCESS
scm_1       | 2022-02-05 01:12:09,786 [main] INFO server.RaftServer: raft.rpc.type = GRPC (default)
datanode_3  | 2022-02-05 01:12:22,792 [pool-22-thread-1] INFO server.RaftServerConfigKeys: raft.server.log.use.memory = false (default)
datanode_1  | 2022-02-05 01:12:25,776 [pool-22-thread-1] INFO segmented.SegmentedRaftLogWorker: 77825e26-f980-46e1-8b17-6a82fb36ca53@group-5C0F6385B9C3-SegmentedRaftLogWorker: safeCacheEvictIndex: setUnconditionally 0 -> -1
rm_1        | 2022-02-05 01:11:51 INFO  Server:1334 - IPC Server listener on 8033: starting
om_1        | 2022-02-05 01:12:33,752 [IPC Server Responder] INFO ipc.Server: IPC Server Responder: starting
datanode_2  | 2022-02-05 01:12:32,558 [04731bcd-eebb-491b-a048-d6cfe64d70ef@group-14E7C0C98B06-FollowerState] INFO server.RaftServer$Division: 04731bcd-eebb-491b-a048-d6cfe64d70ef@group-14E7C0C98B06: changes role from  FOLLOWER to CANDIDATE at term 1 for changeToCandidate
nm_1        | 2022-02-05 01:14:57 INFO  ContainerCleanup:87 - Cleaning up container container_1644023511550_0002_01_000002
scm_1       | 2022-02-05 01:12:09,904 [main] INFO grpc.GrpcConfigKeys: raft.grpc.admin.port = -1 (default)
datanode_3  | 2022-02-05 01:12:22,792 [pool-22-thread-1] INFO server.RaftServerConfigKeys: raft.server.log.purge.gap = 1000000 (custom)
datanode_1  | 2022-02-05 01:12:25,777 [pool-22-thread-1] INFO server.RaftServerConfigKeys: raft.server.snapshot.auto.trigger.enabled = true (custom)
rm_1        | 2022-02-05 01:11:51 INFO  Server:1497 - IPC Server Responder: starting
om_1        | 2022-02-05 01:12:33,811 [Listener at om/9862] INFO om.OzoneManager: Trash Interval set to 0. Files deleted will not move to trash
datanode_2  | 2022-02-05 01:12:32,558 [04731bcd-eebb-491b-a048-d6cfe64d70ef@group-14E7C0C98B06-FollowerState] INFO server.RaftServerConfigKeys: raft.server.leaderelection.pre-vote = false (custom)
nm_1        | 2022-02-05 01:14:57 INFO  NMAuditLogger:94 - USER=hadoop	OPERATION=Container Finished - Succeeded	TARGET=ContainerImpl	RESULT=SUCCESS	APPID=application_1644023511550_0002	CONTAINERID=container_1644023511550_0002_01_000002
scm_1       | 2022-02-05 01:12:09,904 [main] INFO grpc.GrpcConfigKeys: raft.grpc.server.port = 9894 (custom)
datanode_3  | 2022-02-05 01:12:22,793 [pool-22-thread-1] INFO server.RaftServerConfigKeys: raft.server.log.appender.buffer.byte-limit = 33554432 (custom)
datanode_1  | 2022-02-05 01:12:25,777 [pool-22-thread-1] INFO server.RaftServerConfigKeys: raft.server.snapshot.auto.trigger.threshold = 10000 (custom)
rm_1        | 2022-02-05 01:11:51 INFO  ResourceManager:1313 - Transitioning to active state
rm_1        | 2022-02-05 01:11:51 INFO  RMStateStore:551 - Updating AMRMToken
datanode_2  | 2022-02-05 01:12:32,558 [04731bcd-eebb-491b-a048-d6cfe64d70ef@group-14E7C0C98B06-FollowerState] INFO impl.RoleInfo: 04731bcd-eebb-491b-a048-d6cfe64d70ef: start 04731bcd-eebb-491b-a048-d6cfe64d70ef@group-14E7C0C98B06-LeaderElection4
scm_1       | 2022-02-05 01:12:09,905 [main] INFO grpc.GrpcConfigKeys: raft.grpc.client.port = -1 (default)
nm_1        | 2022-02-05 01:14:57 INFO  ContainerImpl:2175 - Container container_1644023511550_0002_01_000002 transitioned from EXITED_WITH_SUCCESS to DONE
datanode_3  | 2022-02-05 01:12:22,793 [pool-22-thread-1] INFO server.RaftServerConfigKeys: raft.server.log.segment.size.max = 1048576 (custom)
datanode_1  | 2022-02-05 01:12:25,777 [pool-22-thread-1] INFO server.RaftServerConfigKeys: raft.server.snapshot.retention.file.num = 5 (custom)
rm_1        | 2022-02-05 01:11:51 INFO  RMContainerTokenSecretManager:109 - Rolling master-key for container-tokens
om_1        | 2022-02-05 01:12:33,864 [org.apache.hadoop.util.JvmPauseMonitor$Monitor@670199c5] INFO util.JvmPauseMonitor: Starting JVM pause monitor
datanode_2  | 2022-02-05 01:12:32,571 [04731bcd-eebb-491b-a048-d6cfe64d70ef@group-14E7C0C98B06-LeaderElection4] INFO impl.LeaderElection: 04731bcd-eebb-491b-a048-d6cfe64d70ef@group-14E7C0C98B06-LeaderElection4 ELECTION round 0: submit vote requests at term 2 for -1: [77825e26-f980-46e1-8b17-6a82fb36ca53|rpc:172.20.0.5:9856|admin:172.20.0.5:9857|client:172.20.0.5:9858|priority:1, 4215e0cf-3923-4395-85d2-bc8d0c287f5f|rpc:172.20.0.8:9856|admin:172.20.0.8:9857|client:172.20.0.8:9858|priority:0, 04731bcd-eebb-491b-a048-d6cfe64d70ef|rpc:172.20.0.9:9856|admin:172.20.0.9:9857|client:172.20.0.9:9858|priority:0], old=null
scm_1       | 2022-02-05 01:12:09,905 [main] INFO grpc.GrpcConfigKeys: raft.grpc.server.port = 9894 (custom)
nm_1        | 2022-02-05 01:14:57 INFO  ApplicationImpl:512 - Removing container_1644023511550_0002_01_000002 from application application_1644023511550_0002
datanode_3  | 2022-02-05 01:12:22,793 [pool-22-thread-1] INFO server.RaftServerConfigKeys: raft.server.log.segment.cache.num.max = 2 (custom)
datanode_1  | 2022-02-05 01:12:25,777 [pool-22-thread-1] INFO server.RaftServerConfigKeys: raft.server.log.purge.upto.snapshot.index = false (default)
rm_1        | 2022-02-05 01:11:51 INFO  NMTokenSecretManagerInRM:95 - Rolling master-key for nm-tokens
om_1        | 2022-02-05 01:12:37,931 [om1@group-C5BA1605619E-FollowerState] INFO impl.FollowerState: om1@group-C5BA1605619E-FollowerState: change to CANDIDATE, lastRpcElapsedTime:5066762166ns, electionTimeout:5056ms
datanode_2  | 2022-02-05 01:12:32,595 [04731bcd-eebb-491b-a048-d6cfe64d70ef@group-14E7C0C98B06-LeaderElection4] INFO impl.LeaderElection: 04731bcd-eebb-491b-a048-d6cfe64d70ef@group-14E7C0C98B06-LeaderElection4: ELECTION REJECTED received 1 response(s) and 0 exception(s):
scm_1       | 2022-02-05 01:12:09,905 [main] INFO grpc.GrpcConfigKeys: raft.grpc.server.port = 9894 (custom)
nm_1        | 2022-02-05 01:14:57 INFO  ContainersMonitorImpl:1112 - Stopping resource-monitoring for container_1644023511550_0002_01_000002
datanode_3  | 2022-02-05 01:12:22,793 [pool-22-thread-1] INFO server.RaftServerConfigKeys: raft.server.log.segment.cache.size.max = 200MB (=209715200) (default)
datanode_1  | 2022-02-05 01:12:25,777 [pool-22-thread-1] INFO server.RaftServerConfigKeys: raft.server.retrycache.expirytime = 600000ms (custom)
datanode_1  | 2022-02-05 01:12:25,777 [pool-22-thread-1] INFO server.RaftServerConfigKeys: raft.server.retrycache.statistics.expirytime = 100?s (default)
om_1        | 2022-02-05 01:12:37,932 [om1@group-C5BA1605619E-FollowerState] INFO impl.RoleInfo: om1: shutdown om1@group-C5BA1605619E-FollowerState
datanode_2  | 2022-02-05 01:12:32,595 [04731bcd-eebb-491b-a048-d6cfe64d70ef@group-14E7C0C98B06-LeaderElection4] INFO impl.LeaderElection:   Response 0: 04731bcd-eebb-491b-a048-d6cfe64d70ef<-77825e26-f980-46e1-8b17-6a82fb36ca53#0:FAIL-t2
scm_1       | 2022-02-05 01:12:09,906 [main] INFO server.GrpcService: raft.grpc.message.size.max = 32m (=33554432) (custom)
nm_1        | 2022-02-05 01:14:57 INFO  AuxServices:350 - Got event CONTAINER_STOP for appId application_1644023511550_0002
nm_1        | 2022-02-05 01:14:57 INFO  DefaultContainerExecutor:634 - Deleting absolute path : /tmp/hadoop-hadoop/nm-local-dir/usercache/hadoop/appcache/application_1644023511550_0002/container_1644023511550_0002_01_000002/launch_container.sh
datanode_1  | 2022-02-05 01:12:25,809 [pool-22-thread-1] INFO server.RaftServer$Division: 77825e26-f980-46e1-8b17-6a82fb36ca53@group-5C0F6385B9C3: start as a follower, conf=-1: [77825e26-f980-46e1-8b17-6a82fb36ca53|rpc:172.20.0.5:9856|admin:172.20.0.5:9857|client:172.20.0.5:9858|priority:0, 4215e0cf-3923-4395-85d2-bc8d0c287f5f|rpc:172.20.0.8:9856|admin:172.20.0.8:9857|client:172.20.0.8:9858|priority:0, 04731bcd-eebb-491b-a048-d6cfe64d70ef|rpc:172.20.0.9:9856|admin:172.20.0.9:9857|client:172.20.0.9:9858|priority:1], old=null
rm_1        | 2022-02-05 01:11:51 INFO  AbstractDelegationTokenSecretManager:347 - Updating the current master key for generating delegation tokens
datanode_3  | 2022-02-05 01:12:22,794 [pool-22-thread-1] INFO segmented.SegmentedRaftLogWorker: new 4215e0cf-3923-4395-85d2-bc8d0c287f5f@group-14E7C0C98B06-SegmentedRaftLogWorker for RaftStorageImpl:Storage Directory /data/metadata/ratis/d6d2d7c4-778f-439e-800d-14e7c0c98b06
om_1        | 2022-02-05 01:12:37,933 [om1@group-C5BA1605619E-FollowerState] INFO server.RaftServer$Division: om1@group-C5BA1605619E: changes role from  FOLLOWER to CANDIDATE at term 0 for changeToCandidate
datanode_2  | 2022-02-05 01:12:32,595 [04731bcd-eebb-491b-a048-d6cfe64d70ef@group-14E7C0C98B06-LeaderElection4] INFO impl.LeaderElection: 04731bcd-eebb-491b-a048-d6cfe64d70ef@group-14E7C0C98B06-LeaderElection4 ELECTION round 0: result REJECTED
scm_1       | 2022-02-05 01:12:09,908 [main] INFO server.RaftServerConfigKeys: raft.server.log.appender.buffer.byte-limit = 33554432 (custom)
nm_1        | 2022-02-05 01:14:57 INFO  DefaultContainerExecutor:634 - Deleting absolute path : /tmp/hadoop-hadoop/nm-local-dir/usercache/hadoop/appcache/application_1644023511550_0002/container_1644023511550_0002_01_000002/container_tokens
datanode_1  | 2022-02-05 01:12:25,812 [pool-22-thread-1] INFO server.RaftServer$Division: 77825e26-f980-46e1-8b17-6a82fb36ca53@group-5C0F6385B9C3: changes role from      null to FOLLOWER at term 0 for startAsFollower
datanode_1  | 2022-02-05 01:12:25,812 [pool-22-thread-1] INFO impl.RoleInfo: 77825e26-f980-46e1-8b17-6a82fb36ca53: start 77825e26-f980-46e1-8b17-6a82fb36ca53@group-5C0F6385B9C3-FollowerState
datanode_1  | 2022-02-05 01:12:25,821 [pool-22-thread-1] INFO util.JmxRegister: Successfully registered JMX Bean with object name Ratis:service=RaftServer,group=group-5C0F6385B9C3,id=77825e26-f980-46e1-8b17-6a82fb36ca53
datanode_1  | 2022-02-05 01:12:25,832 [Command processor thread] INFO ratis.XceiverServerRatis: Created group PipelineID=bdc28085-7e14-49a8-b551-5c0f6385b9c3
datanode_1  | 2022-02-05 01:12:26,182 [Command processor thread] INFO commandhandler.CreatePipelineCommandHandler: Created Pipeline RATIS THREE PipelineID=bdc28085-7e14-49a8-b551-5c0f6385b9c3.
datanode_1  | 2022-02-05 01:12:27,441 [grpc-default-executor-1] INFO server.RaftServer$Division: 77825e26-f980-46e1-8b17-6a82fb36ca53@group-14E7C0C98B06: receive requestVote(ELECTION, 04731bcd-eebb-491b-a048-d6cfe64d70ef, group-14E7C0C98B06, 1, (t:0, i:0))
datanode_1  | 2022-02-05 01:12:27,465 [grpc-default-executor-1] INFO impl.VoteContext: 77825e26-f980-46e1-8b17-6a82fb36ca53@group-14E7C0C98B06-FOLLOWER: reject ELECTION from 04731bcd-eebb-491b-a048-d6cfe64d70ef: our priority 1 > candidate's priority 0
datanode_1  | 2022-02-05 01:12:27,473 [grpc-default-executor-1] INFO server.RaftServer$Division: 77825e26-f980-46e1-8b17-6a82fb36ca53@group-14E7C0C98B06: changes role from  FOLLOWER to FOLLOWER at term 1 for candidate:04731bcd-eebb-491b-a048-d6cfe64d70ef
datanode_1  | 2022-02-05 01:12:27,473 [grpc-default-executor-1] INFO impl.RoleInfo: 77825e26-f980-46e1-8b17-6a82fb36ca53: shutdown 77825e26-f980-46e1-8b17-6a82fb36ca53@group-14E7C0C98B06-FollowerState
datanode_1  | 2022-02-05 01:12:27,474 [77825e26-f980-46e1-8b17-6a82fb36ca53@group-14E7C0C98B06-FollowerState] INFO impl.FollowerState: 77825e26-f980-46e1-8b17-6a82fb36ca53@group-14E7C0C98B06-FollowerState was interrupted: {}
rm_1        | 2022-02-05 01:11:51 INFO  RMDelegationTokenSecretManager:92 - storing master key with keyID 1
rm_1        | 2022-02-05 01:11:51 INFO  RMStateStore:502 - Storing RMDTMasterKey.
datanode_1  | java.lang.InterruptedException: sleep interrupted
datanode_3  | 2022-02-05 01:12:22,794 [pool-22-thread-1] INFO server.RaftServerConfigKeys: raft.server.log.queue.byte-limit = 2147483647 (custom)
datanode_2  | 2022-02-05 01:12:32,595 [04731bcd-eebb-491b-a048-d6cfe64d70ef@group-14E7C0C98B06-LeaderElection4] INFO server.RaftServer$Division: 04731bcd-eebb-491b-a048-d6cfe64d70ef@group-14E7C0C98B06: changes role from CANDIDATE to FOLLOWER at term 2 for REJECTED
nm_1        | 2022-02-05 01:14:57 INFO  DefaultContainerExecutor:634 - Deleting absolute path : /tmp/hadoop-hadoop/nm-local-dir/usercache/hadoop/appcache/application_1644023511550_0002/container_1644023511550_0002_01_000002/sysfs
rm_1        | 2022-02-05 01:11:51 INFO  AbstractDelegationTokenSecretManager:679 - Starting expired delegation token remover thread, tokenRemoverScanInterval=60 min(s)
om_1        | 2022-02-05 01:12:37,936 [om1@group-C5BA1605619E-FollowerState] INFO server.RaftServerConfigKeys: raft.server.leaderelection.pre-vote = false (custom)
scm_1       | 2022-02-05 01:12:09,909 [main] INFO server.GrpcService: raft.grpc.flow.control.window = 1MB (=1048576) (default)
datanode_1  | 	at java.base/java.lang.Thread.sleep(Native Method)
datanode_3  | 2022-02-05 01:12:22,794 [pool-22-thread-1] INFO server.RaftServerConfigKeys: raft.server.log.queue.element-limit = 1024 (custom)
datanode_3  | 2022-02-05 01:12:22,831 [pool-22-thread-1] INFO server.RaftServerConfigKeys: raft.server.log.segment.size.max = 1048576 (custom)
nm_1        | 2022-02-05 01:14:57 WARN  DefaultContainerExecutor:637 - delete returned false for path: [/tmp/hadoop-hadoop/nm-local-dir/usercache/hadoop/appcache/application_1644023511550_0002/container_1644023511550_0002_01_000002/sysfs]
rm_1        | 2022-02-05 01:11:51 INFO  AbstractDelegationTokenSecretManager:347 - Updating the current master key for generating delegation tokens
om_1        | 2022-02-05 01:12:37,940 [om1@group-C5BA1605619E-FollowerState] INFO impl.RoleInfo: om1: start om1@group-C5BA1605619E-LeaderElection1
scm_1       | 2022-02-05 01:12:09,910 [main] INFO server.RaftServerConfigKeys: raft.server.rpc.request.timeout = 30000ms (custom)
datanode_1  | 	at java.base/java.lang.Thread.sleep(Thread.java:334)
datanode_3  | 2022-02-05 01:12:22,831 [pool-22-thread-1] INFO server.RaftServerConfigKeys: raft.server.log.preallocated.size = 16384 (custom)
datanode_2  | 2022-02-05 01:12:32,601 [04731bcd-eebb-491b-a048-d6cfe64d70ef@group-14E7C0C98B06-LeaderElection4] INFO impl.RoleInfo: 04731bcd-eebb-491b-a048-d6cfe64d70ef: shutdown 04731bcd-eebb-491b-a048-d6cfe64d70ef@group-14E7C0C98B06-LeaderElection4
nm_1        | 2022-02-05 01:14:58 INFO  Server:2051 - Auth successful for appattempt_1644023511550_0002_000001 (auth:SIMPLE) from 172.20.0.3:54992
rm_1        | 2022-02-05 01:11:51 INFO  RMDelegationTokenSecretManager:92 - storing master key with keyID 2
om_1        | 2022-02-05 01:12:37,960 [om1@group-C5BA1605619E-LeaderElection1] INFO impl.LeaderElection: om1@group-C5BA1605619E-LeaderElection1 ELECTION round 0: submit vote requests at term 1 for -1: [om1|rpc:om:9872|priority:0], old=null
scm_1       | 2022-02-05 01:12:10,195 [main] INFO impl.DataStreamServerImpl: raft.datastream.type = DISABLED (default)
datanode_1  | 	at java.base/java.util.concurrent.TimeUnit.sleep(TimeUnit.java:446)
datanode_3  | 2022-02-05 01:12:22,831 [pool-22-thread-1] INFO server.RaftServerConfigKeys: raft.server.log.force.sync.num = 128 (default)
datanode_2  | 2022-02-05 01:12:32,601 [04731bcd-eebb-491b-a048-d6cfe64d70ef@group-14E7C0C98B06-LeaderElection4] INFO impl.RoleInfo: 04731bcd-eebb-491b-a048-d6cfe64d70ef: start 04731bcd-eebb-491b-a048-d6cfe64d70ef@group-14E7C0C98B06-FollowerState
nm_1        | 2022-02-05 01:14:58 INFO  ContainerManagerImpl:1087 - Start request for container_1644023511550_0002_01_000003 by user hadoop
rm_1        | 2022-02-05 01:11:51 INFO  AsyncDispatcher:245 - Registering class org.apache.hadoop.yarn.nodelabels.event.NodeLabelsStoreEventType for class org.apache.hadoop.yarn.nodelabels.CommonNodeLabelsManager$ForwardingEventHandler
om_1        | 2022-02-05 01:12:37,960 [om1@group-C5BA1605619E-LeaderElection1] INFO impl.LeaderElection: om1@group-C5BA1605619E-LeaderElection1 ELECTION round 0: result PASSED (term=1)
scm_1       | 2022-02-05 01:12:10,197 [main] INFO server.RaftServerConfigKeys: raft.server.rpc.slowness.timeout = 120000ms (custom)
datanode_1  | 	at org.apache.ratis.util.TimeDuration.sleep(TimeDuration.java:324)
datanode_3  | 2022-02-05 01:12:22,831 [pool-22-thread-1] INFO server.RaftServerConfigKeys: raft.server.log.statemachine.data.sync = true (default)
datanode_2  | 2022-02-05 01:12:36,011 [04731bcd-eebb-491b-a048-d6cfe64d70ef@group-5C0F6385B9C3-FollowerState] INFO impl.FollowerState: 04731bcd-eebb-491b-a048-d6cfe64d70ef@group-5C0F6385B9C3-FollowerState: change to CANDIDATE, lastRpcElapsedTime:5057355963ns, electionTimeout:5042ms
nm_1        | 2022-02-05 01:14:58 INFO  ApplicationImpl:463 - Adding container_1644023511550_0002_01_000003 to application application_1644023511550_0002
rm_1        | 2022-02-05 01:11:51 INFO  RMStateStore:502 - Storing RMDTMasterKey.
om_1        | 2022-02-05 01:12:37,961 [om1@group-C5BA1605619E-LeaderElection1] INFO impl.RoleInfo: om1: shutdown om1@group-C5BA1605619E-LeaderElection1
scm_1       | 2022-02-05 01:12:10,197 [main] INFO server.RaftServerConfigKeys: raft.server.leaderelection.leader.step-down.wait-time = 10s (default)
datanode_1  | 	at org.apache.ratis.util.TimeDuration.sleep(TimeDuration.java:309)
datanode_3  | 2022-02-05 01:12:22,832 [pool-22-thread-1] INFO server.RaftServerConfigKeys: raft.server.log.statemachine.data.sync.timeout = 10s (default)
datanode_2  | 2022-02-05 01:12:36,012 [04731bcd-eebb-491b-a048-d6cfe64d70ef@group-5C0F6385B9C3-FollowerState] INFO impl.RoleInfo: 04731bcd-eebb-491b-a048-d6cfe64d70ef: shutdown 04731bcd-eebb-491b-a048-d6cfe64d70ef@group-5C0F6385B9C3-FollowerState
nm_1        | 2022-02-05 01:14:58 INFO  NMAuditLogger:94 - USER=hadoop	IP=172.20.0.3	OPERATION=Start Container Request	TARGET=ContainerManageImpl	RESULT=SUCCESS	APPID=application_1644023511550_0002	CONTAINERID=container_1644023511550_0002_01_000003
rm_1        | 2022-02-05 01:11:52 INFO  AbstractFSNodeStore:67 - Created store directory :file:/tmp/hadoop-yarn-hadoop/node-attribute
om_1        | 2022-02-05 01:12:37,962 [om1@group-C5BA1605619E-LeaderElection1] INFO server.RaftServer$Division: om1@group-C5BA1605619E: changes role from CANDIDATE to LEADER at term 1 for changeToLeader
scm_1       | 2022-02-05 01:12:10,209 [main] INFO server.RaftServerConfigKeys: raft.server.storage.dir = [/data/metadata/scm-ha] (custom)
datanode_1  | 	at org.apache.ratis.server.impl.FollowerState.run(FollowerState.java:118)
datanode_3  | 2022-02-05 01:12:22,832 [pool-22-thread-1] INFO server.RaftServerConfigKeys: raft.server.log.statemachine.data.sync.timeout.retry = -1 (default)
datanode_2  | 2022-02-05 01:12:36,012 [04731bcd-eebb-491b-a048-d6cfe64d70ef@group-5C0F6385B9C3-FollowerState] INFO server.RaftServer$Division: 04731bcd-eebb-491b-a048-d6cfe64d70ef@group-5C0F6385B9C3: changes role from  FOLLOWER to CANDIDATE at term 1 for changeToCandidate
nm_1        | 2022-02-05 01:14:58 INFO  ContainerImpl:2175 - Container container_1644023511550_0002_01_000003 transitioned from NEW to LOCALIZING
rm_1        | 2022-02-05 01:11:52 INFO  AbstractFSNodeStore:181 - Finished write mirror at:file:/tmp/hadoop-yarn-hadoop/node-attribute/nodeattribute.mirror
om_1        | 2022-02-05 01:12:37,962 [om1@group-C5BA1605619E-LeaderElection1] INFO server.RaftServer$Division: om1@group-C5BA1605619E: change Leader from null to om1 at term 1 for becomeLeader, leader elected after 5555ms
scm_1       | 2022-02-05 01:12:10,211 [main] INFO server.RaftServer: f4368589-ed65-4935-a1c9-990c22f2b547: found a subdirectory /data/metadata/scm-ha/d589a685-1fb1-4950-a175-f08833081b4a
datanode_1  | 2022-02-05 01:12:27,475 [grpc-default-executor-1] INFO impl.RoleInfo: 77825e26-f980-46e1-8b17-6a82fb36ca53: start 77825e26-f980-46e1-8b17-6a82fb36ca53@group-14E7C0C98B06-FollowerState
datanode_3  | 2022-02-05 01:12:22,832 [pool-22-thread-1] INFO server.RaftServerConfigKeys: raft.server.log.write.buffer.size = 1048576 (custom)
datanode_2  | 2022-02-05 01:12:36,013 [04731bcd-eebb-491b-a048-d6cfe64d70ef@group-5C0F6385B9C3-FollowerState] INFO server.RaftServerConfigKeys: raft.server.leaderelection.pre-vote = false (custom)
nm_1        | 2022-02-05 01:14:58 INFO  AuxServices:350 - Got event CONTAINER_INIT for appId application_1644023511550_0002
rm_1        | 2022-02-05 01:11:52 INFO  AbstractFSNodeStore:182 - Finished create editlog file at:file:/tmp/hadoop-yarn-hadoop/node-attribute/nodeattribute.editlog
om_1        | 2022-02-05 01:12:37,974 [om1@group-C5BA1605619E-LeaderElection1] INFO server.RaftServerConfigKeys: raft.server.staging.catchup.gap = 1000 (default)
scm_1       | 2022-02-05 01:12:10,216 [main] INFO server.RaftServer: f4368589-ed65-4935-a1c9-990c22f2b547: addNew group-F08833081B4A:[] returns group-F08833081B4A:java.util.concurrent.CompletableFuture@5f395ce1[Not completed]
datanode_1  | 2022-02-05 01:12:27,491 [grpc-default-executor-1] INFO server.RaftServer$Division: 77825e26-f980-46e1-8b17-6a82fb36ca53@group-14E7C0C98B06 replies to ELECTION vote request: 04731bcd-eebb-491b-a048-d6cfe64d70ef<-77825e26-f980-46e1-8b17-6a82fb36ca53#0:FAIL-t1. Peer's state: 77825e26-f980-46e1-8b17-6a82fb36ca53@group-14E7C0C98B06:t1, leader=null, voted=null, raftlog=77825e26-f980-46e1-8b17-6a82fb36ca53@group-14E7C0C98B06-SegmentedRaftLog:OPENED:c-1, conf=-1: [77825e26-f980-46e1-8b17-6a82fb36ca53|rpc:172.20.0.5:9856|admin:172.20.0.5:9857|client:172.20.0.5:9858|priority:1, 4215e0cf-3923-4395-85d2-bc8d0c287f5f|rpc:172.20.0.8:9856|admin:172.20.0.8:9857|client:172.20.0.8:9858|priority:0, 04731bcd-eebb-491b-a048-d6cfe64d70ef|rpc:172.20.0.9:9856|admin:172.20.0.9:9857|client:172.20.0.9:9858|priority:0], old=null
datanode_3  | 2022-02-05 01:12:22,838 [pool-22-thread-1] INFO server.RaftServerConfigKeys: raft.server.log.statemachine.data.caching.enabled = true (custom)
datanode_2  | 2022-02-05 01:12:36,013 [04731bcd-eebb-491b-a048-d6cfe64d70ef@group-5C0F6385B9C3-FollowerState] INFO impl.RoleInfo: 04731bcd-eebb-491b-a048-d6cfe64d70ef: start 04731bcd-eebb-491b-a048-d6cfe64d70ef@group-5C0F6385B9C3-LeaderElection5
nm_1        | 2022-02-05 01:14:58 INFO  AuxServices:350 - Got event APPLICATION_INIT for appId application_1644023511550_0002
rm_1        | 2022-02-05 01:11:52 INFO  AsyncDispatcher:245 - Registering class org.apache.hadoop.yarn.server.resourcemanager.nodelabels.NodeAttributesStoreEventType for class org.apache.hadoop.yarn.server.resourcemanager.nodelabels.NodeAttributesManagerImpl$ForwardingEventHandler
om_1        | 2022-02-05 01:12:37,987 [om1@group-C5BA1605619E-LeaderElection1] INFO server.RaftServerConfigKeys: raft.server.write.element-limit = 4096 (default)
scm_1       | 2022-02-05 01:12:10,244 [pool-14-thread-1] INFO server.RaftServer$Division: f4368589-ed65-4935-a1c9-990c22f2b547: new RaftServerImpl for group-F08833081B4A:[] with SCMStateMachine:uninitialized
datanode_1  | 2022-02-05 01:12:30,688 [77825e26-f980-46e1-8b17-6a82fb36ca53@group-10A52CA12B92-FollowerState] INFO impl.FollowerState: 77825e26-f980-46e1-8b17-6a82fb36ca53@group-10A52CA12B92-FollowerState: change to CANDIDATE, lastRpcElapsedTime:5045380690ns, electionTimeout:5021ms
datanode_3  | 2022-02-05 01:12:22,839 [pool-22-thread-1] INFO segmented.SegmentedRaftLogWorker: 4215e0cf-3923-4395-85d2-bc8d0c287f5f@group-14E7C0C98B06-SegmentedRaftLogWorker: flushIndex: setUnconditionally 0 -> -1
datanode_2  | 2022-02-05 01:12:36,024 [04731bcd-eebb-491b-a048-d6cfe64d70ef@group-5C0F6385B9C3-LeaderElection5] INFO impl.LeaderElection: 04731bcd-eebb-491b-a048-d6cfe64d70ef@group-5C0F6385B9C3-LeaderElection5 ELECTION round 0: submit vote requests at term 2 for -1: [77825e26-f980-46e1-8b17-6a82fb36ca53|rpc:172.20.0.5:9856|admin:172.20.0.5:9857|client:172.20.0.5:9858|priority:0, 4215e0cf-3923-4395-85d2-bc8d0c287f5f|rpc:172.20.0.8:9856|admin:172.20.0.8:9857|client:172.20.0.8:9858|priority:0, 04731bcd-eebb-491b-a048-d6cfe64d70ef|rpc:172.20.0.9:9856|admin:172.20.0.9:9857|client:172.20.0.9:9858|priority:1], old=null
nm_1        | 2022-02-05 01:14:58 INFO  AuxServices:354 - Got APPLICATION_INIT for service mapreduce_shuffle
rm_1        | 2022-02-05 01:11:52 INFO  MultiNodeSortingManager:66 - Starting NodeSortingService=MultiNodeSortingManager
om_1        | 2022-02-05 01:12:37,988 [om1@group-C5BA1605619E-LeaderElection1] INFO server.RaftServerConfigKeys: raft.server.write.byte-limit = 64MB (=67108864) (default)
scm_1       | 2022-02-05 01:12:10,246 [pool-14-thread-1] INFO server.RaftServerConfigKeys: raft.server.rpc.timeout.min = 5000ms (custom)
datanode_1  | 2022-02-05 01:12:30,689 [77825e26-f980-46e1-8b17-6a82fb36ca53@group-10A52CA12B92-FollowerState] INFO impl.RoleInfo: 77825e26-f980-46e1-8b17-6a82fb36ca53: shutdown 77825e26-f980-46e1-8b17-6a82fb36ca53@group-10A52CA12B92-FollowerState
datanode_3  | 2022-02-05 01:12:22,839 [pool-22-thread-1] INFO segmented.SegmentedRaftLogWorker: 4215e0cf-3923-4395-85d2-bc8d0c287f5f@group-14E7C0C98B06-SegmentedRaftLogWorker: safeCacheEvictIndex: setUnconditionally 0 -> -1
datanode_2  | 2022-02-05 01:12:36,039 [04731bcd-eebb-491b-a048-d6cfe64d70ef@group-5C0F6385B9C3-LeaderElection5] INFO impl.LeaderElection: 04731bcd-eebb-491b-a048-d6cfe64d70ef@group-5C0F6385B9C3-LeaderElection5: ELECTION PASSED received 1 response(s) and 0 exception(s):
datanode_1  | 2022-02-05 01:12:30,690 [77825e26-f980-46e1-8b17-6a82fb36ca53@group-10A52CA12B92-FollowerState] INFO server.RaftServer$Division: 77825e26-f980-46e1-8b17-6a82fb36ca53@group-10A52CA12B92: changes role from  FOLLOWER to CANDIDATE at term 0 for changeToCandidate
datanode_3  | 2022-02-05 01:12:22,854 [pool-22-thread-1] INFO server.RaftServerConfigKeys: raft.server.snapshot.auto.trigger.enabled = true (custom)
nm_1        | 2022-02-05 01:14:58 INFO  ShuffleHandler:719 - Added token for job_1644023511550_0002
scm_1       | 2022-02-05 01:12:10,247 [pool-14-thread-1] INFO server.RaftServerConfigKeys: raft.server.rpc.timeout.max = 5200ms (custom)
rm_1        | 2022-02-05 01:11:53 INFO  CallQueueManager:85 - Using callQueue: class java.util.concurrent.LinkedBlockingQueue, queueCapacity: 5000, scheduler: class org.apache.hadoop.ipc.DefaultRpcScheduler, ipcBackoff: false.
datanode_1  | 2022-02-05 01:12:30,693 [77825e26-f980-46e1-8b17-6a82fb36ca53@group-10A52CA12B92-FollowerState] INFO server.RaftServerConfigKeys: raft.server.leaderelection.pre-vote = false (custom)
datanode_2  | 2022-02-05 01:12:36,039 [04731bcd-eebb-491b-a048-d6cfe64d70ef@group-5C0F6385B9C3-LeaderElection5] INFO impl.LeaderElection:   Response 0: 04731bcd-eebb-491b-a048-d6cfe64d70ef<-77825e26-f980-46e1-8b17-6a82fb36ca53#0:OK-t2
om_1        | 2022-02-05 01:12:38,002 [om1@group-C5BA1605619E-LeaderElection1] INFO server.RaftServerConfigKeys: raft.server.watch.timeout = 10s (default)
datanode_3  | 2022-02-05 01:12:22,854 [pool-22-thread-1] INFO server.RaftServerConfigKeys: raft.server.snapshot.auto.trigger.threshold = 10000 (custom)
nm_1        | 2022-02-05 01:14:58 INFO  ContainerImpl:2175 - Container container_1644023511550_0002_01_000003 transitioned from LOCALIZING to SCHEDULED
scm_1       | 2022-02-05 01:12:10,247 [pool-14-thread-1] INFO server.RaftServerConfigKeys: raft.server.rpc.sleep.time = 25ms (default)
rm_1        | 2022-02-05 01:11:53 INFO  Server:1255 - Starting Socket Reader #1 for port 8031
datanode_1  | 2022-02-05 01:12:30,693 [77825e26-f980-46e1-8b17-6a82fb36ca53@group-10A52CA12B92-FollowerState] INFO impl.RoleInfo: 77825e26-f980-46e1-8b17-6a82fb36ca53: start 77825e26-f980-46e1-8b17-6a82fb36ca53@group-10A52CA12B92-LeaderElection1
datanode_2  | 2022-02-05 01:12:36,039 [04731bcd-eebb-491b-a048-d6cfe64d70ef@group-5C0F6385B9C3-LeaderElection5] INFO impl.LeaderElection: 04731bcd-eebb-491b-a048-d6cfe64d70ef@group-5C0F6385B9C3-LeaderElection5 ELECTION round 0: result PASSED
om_1        | 2022-02-05 01:12:38,005 [om1@group-C5BA1605619E-LeaderElection1] INFO server.RaftServerConfigKeys: raft.server.watch.timeout.denomination = 1s (default)
datanode_3  | 2022-02-05 01:12:22,854 [pool-22-thread-1] INFO server.RaftServerConfigKeys: raft.server.snapshot.retention.file.num = 5 (custom)
nm_1        | 2022-02-05 01:14:58 INFO  ContainerScheduler:542 - Starting container [container_1644023511550_0002_01_000003]
scm_1       | 2022-02-05 01:12:10,247 [pool-14-thread-1] INFO server.RaftServerConfigKeys: raft.server.rpc.slowness.timeout = 120000ms (custom)
rm_1        | 2022-02-05 01:11:53 INFO  RpcServerFactoryPBImpl:173 - Adding protocol org.apache.hadoop.yarn.server.api.ResourceTrackerPB to the server
datanode_1  | 2022-02-05 01:12:30,701 [77825e26-f980-46e1-8b17-6a82fb36ca53@group-10A52CA12B92-LeaderElection1] INFO impl.LeaderElection: 77825e26-f980-46e1-8b17-6a82fb36ca53@group-10A52CA12B92-LeaderElection1 ELECTION round 0: submit vote requests at term 1 for -1: [77825e26-f980-46e1-8b17-6a82fb36ca53|rpc:172.20.0.5:9856|admin:172.20.0.5:9857|client:172.20.0.5:9858|priority:1], old=null
datanode_2  | 2022-02-05 01:12:36,039 [04731bcd-eebb-491b-a048-d6cfe64d70ef@group-5C0F6385B9C3-LeaderElection5] INFO impl.RoleInfo: 04731bcd-eebb-491b-a048-d6cfe64d70ef: shutdown 04731bcd-eebb-491b-a048-d6cfe64d70ef@group-5C0F6385B9C3-LeaderElection5
om_1        | 2022-02-05 01:12:38,007 [om1@group-C5BA1605619E-LeaderElection1] INFO server.RaftServerConfigKeys: raft.server.watch.element-limit = 65536 (default)
datanode_3  | 2022-02-05 01:12:22,854 [pool-22-thread-1] INFO server.RaftServerConfigKeys: raft.server.log.purge.upto.snapshot.index = false (default)
nm_1        | 2022-02-05 01:14:58 INFO  ContainerImpl:2175 - Container container_1644023511550_0002_01_000003 transitioned from SCHEDULED to RUNNING
scm_1       | 2022-02-05 01:12:10,247 [pool-14-thread-1] INFO server.RaftServerConfigKeys: raft.server.leaderelection.leader.step-down.wait-time = 10s (default)
rm_1        | 2022-02-05 01:11:53 INFO  Server:1497 - IPC Server Responder: starting
datanode_1  | 2022-02-05 01:12:30,702 [77825e26-f980-46e1-8b17-6a82fb36ca53@group-10A52CA12B92-LeaderElection1] INFO impl.LeaderElection: 77825e26-f980-46e1-8b17-6a82fb36ca53@group-10A52CA12B92-LeaderElection1 ELECTION round 0: result PASSED (term=1)
datanode_2  | 2022-02-05 01:12:36,039 [04731bcd-eebb-491b-a048-d6cfe64d70ef@group-5C0F6385B9C3-LeaderElection5] INFO server.RaftServer$Division: 04731bcd-eebb-491b-a048-d6cfe64d70ef@group-5C0F6385B9C3: changes role from CANDIDATE to LEADER at term 2 for changeToLeader
om_1        | 2022-02-05 01:12:38,037 [om1@group-C5BA1605619E-LeaderElection1] INFO server.RaftServerConfigKeys: raft.server.write.element-limit = 4096 (default)
datanode_3  | 2022-02-05 01:12:22,855 [pool-22-thread-1] INFO server.RaftServerConfigKeys: raft.server.retrycache.expirytime = 600000ms (custom)
nm_1        | 2022-02-05 01:14:58 INFO  ContainersMonitorImpl:1121 - Starting resource-monitoring for container_1644023511550_0002_01_000003
scm_1       | 2022-02-05 01:12:10,248 [pool-14-thread-1] INFO server.RaftServerConfigKeys: raft.server.sleep.deviation.threshold = 300ms (default)
rm_1        | 2022-02-05 01:11:53 INFO  Server:1334 - IPC Server listener on 8031: starting
datanode_1  | 2022-02-05 01:12:30,703 [77825e26-f980-46e1-8b17-6a82fb36ca53@group-10A52CA12B92-LeaderElection1] INFO impl.RoleInfo: 77825e26-f980-46e1-8b17-6a82fb36ca53: shutdown 77825e26-f980-46e1-8b17-6a82fb36ca53@group-10A52CA12B92-LeaderElection1
datanode_2  | 2022-02-05 01:12:36,040 [04731bcd-eebb-491b-a048-d6cfe64d70ef@group-5C0F6385B9C3-LeaderElection5] INFO ratis.XceiverServerRatis: Leader change notification received for group: group-5C0F6385B9C3 with new leaderId: 04731bcd-eebb-491b-a048-d6cfe64d70ef
om_1        | 2022-02-05 01:12:38,043 [om1@group-C5BA1605619E-LeaderElection1] INFO server.RaftServerConfigKeys: raft.server.write.follower.gap.ratio.max = -1.0 (default)
datanode_3  | 2022-02-05 01:12:22,855 [pool-22-thread-1] INFO server.RaftServerConfigKeys: raft.server.retrycache.statistics.expirytime = 100?s (default)
nm_1        | 2022-02-05 01:14:58 INFO  DefaultContainerExecutor:370 - launchContainer: [bash, /tmp/hadoop-hadoop/nm-local-dir/usercache/hadoop/appcache/application_1644023511550_0002/container_1644023511550_0002_01_000003/default_container_executor.sh]
scm_1       | 2022-02-05 01:12:10,248 [pool-14-thread-1] INFO server.RaftServerConfigKeys: raft.server.log.appender.install.snapshot.enabled = false (custom)
rm_1        | 2022-02-05 01:11:53 INFO  JvmPauseMonitor:188 - Starting JVM pause monitor
datanode_1  | 2022-02-05 01:12:30,703 [77825e26-f980-46e1-8b17-6a82fb36ca53@group-10A52CA12B92-LeaderElection1] INFO server.RaftServer$Division: 77825e26-f980-46e1-8b17-6a82fb36ca53@group-10A52CA12B92: changes role from CANDIDATE to LEADER at term 1 for changeToLeader
datanode_2  | 2022-02-05 01:12:36,040 [04731bcd-eebb-491b-a048-d6cfe64d70ef@group-5C0F6385B9C3-LeaderElection5] INFO server.RaftServer$Division: 04731bcd-eebb-491b-a048-d6cfe64d70ef@group-5C0F6385B9C3: change Leader from null to 04731bcd-eebb-491b-a048-d6cfe64d70ef at term 2 for becomeLeader, leader elected after 10344ms
om_1        | 2022-02-05 01:12:38,050 [om1@group-C5BA1605619E-LeaderElection1] INFO impl.RoleInfo: om1: start om1@group-C5BA1605619E-LeaderStateImpl
datanode_3  | 2022-02-05 01:12:22,859 [pool-22-thread-1] INFO server.RaftServer$Division: 4215e0cf-3923-4395-85d2-bc8d0c287f5f@group-14E7C0C98B06: start as a follower, conf=-1: [77825e26-f980-46e1-8b17-6a82fb36ca53|rpc:172.20.0.5:9856|admin:172.20.0.5:9857|client:172.20.0.5:9858|priority:1, 4215e0cf-3923-4395-85d2-bc8d0c287f5f|rpc:172.20.0.8:9856|admin:172.20.0.8:9857|client:172.20.0.8:9858|priority:0, 04731bcd-eebb-491b-a048-d6cfe64d70ef|rpc:172.20.0.9:9856|admin:172.20.0.9:9857|client:172.20.0.9:9858|priority:0], old=null
nm_1        | 2022-02-05 01:14:59 INFO  NodeStatusUpdaterImpl:723 - Removed completed containers from NM context: [container_1644023511550_0002_01_000002]
scm_1       | 2022-02-05 01:12:10,253 [pool-14-thread-1] INFO server.RaftServer$Division: f4368589-ed65-4935-a1c9-990c22f2b547@group-F08833081B4A: ConfigurationManager, init=-1: [], old=null, confs=<EMPTY_MAP>
rm_1        | 2022-02-05 01:11:53 INFO  CallQueueManager:85 - Using callQueue: class java.util.concurrent.LinkedBlockingQueue, queueCapacity: 5000, scheduler: class org.apache.hadoop.ipc.DefaultRpcScheduler, ipcBackoff: false.
datanode_1  | 2022-02-05 01:12:30,703 [77825e26-f980-46e1-8b17-6a82fb36ca53@group-10A52CA12B92-LeaderElection1] INFO ratis.XceiverServerRatis: Leader change notification received for group: group-10A52CA12B92 with new leaderId: 77825e26-f980-46e1-8b17-6a82fb36ca53
datanode_2  | 2022-02-05 01:12:36,040 [04731bcd-eebb-491b-a048-d6cfe64d70ef@group-5C0F6385B9C3-LeaderElection5] INFO server.RaftServerConfigKeys: raft.server.staging.catchup.gap = 1000 (default)
om_1        | 2022-02-05 01:12:38,129 [om1@group-C5BA1605619E-LeaderElection1] INFO segmented.SegmentedRaftLogWorker: om1@group-C5BA1605619E-SegmentedRaftLogWorker: Starting segment from index:0
datanode_3  | 2022-02-05 01:12:22,859 [pool-22-thread-1] INFO server.RaftServer$Division: 4215e0cf-3923-4395-85d2-bc8d0c287f5f@group-14E7C0C98B06: changes role from      null to FOLLOWER at term 0 for startAsFollower
nm_1        | 2022-02-05 01:14:59 INFO  ContainersMonitorImpl:650 - container_1644023511550_0002_01_000003's ip = 172.20.0.3, and hostname = nm
scm_1       | 2022-02-05 01:12:10,253 [pool-14-thread-1] INFO server.RaftServerConfigKeys: raft.server.storage.dir = [/data/metadata/scm-ha] (custom)
rm_1        | 2022-02-05 01:11:53 INFO  Server:1255 - Starting Socket Reader #1 for port 8030
datanode_1  | 2022-02-05 01:12:30,704 [77825e26-f980-46e1-8b17-6a82fb36ca53@group-10A52CA12B92-LeaderElection1] INFO server.RaftServer$Division: 77825e26-f980-46e1-8b17-6a82fb36ca53@group-10A52CA12B92: change Leader from null to 77825e26-f980-46e1-8b17-6a82fb36ca53 at term 1 for becomeLeader, leader elected after 5138ms
datanode_2  | 2022-02-05 01:12:36,040 [04731bcd-eebb-491b-a048-d6cfe64d70ef@group-5C0F6385B9C3-LeaderElection5] INFO server.RaftServerConfigKeys: raft.server.write.element-limit = 1024 (custom)
om_1        | 2022-02-05 01:12:38,215 [om1@group-C5BA1605619E-LeaderElection1] INFO server.RaftServer$Division: om1@group-C5BA1605619E: set configuration 0: [om1|rpc:om:9872|admin:|client:|dataStream:|priority:0], old=null
datanode_3  | 2022-02-05 01:12:22,859 [pool-22-thread-1] INFO impl.RoleInfo: 4215e0cf-3923-4395-85d2-bc8d0c287f5f: start 4215e0cf-3923-4395-85d2-bc8d0c287f5f@group-14E7C0C98B06-FollowerState
nm_1        | 2022-02-05 01:14:59 INFO  ContainersMonitorImpl:551 - Skipping monitoring container container_1644023511550_0002_01_000003 since CPU usage is not yet available.
scm_1       | 2022-02-05 01:12:10,256 [pool-14-thread-1] INFO server.RaftServerConfigKeys: raft.server.log.corruption.policy = EXCEPTION (default)
rm_1        | 2022-02-05 01:11:53 INFO  RpcServerFactoryPBImpl:173 - Adding protocol org.apache.hadoop.yarn.api.ApplicationMasterProtocolPB to the server
datanode_1  | 2022-02-05 01:12:30,717 [77825e26-f980-46e1-8b17-6a82fb36ca53@group-10A52CA12B92-LeaderElection1] INFO server.RaftServerConfigKeys: raft.server.staging.catchup.gap = 1000 (default)
datanode_2  | 2022-02-05 01:12:36,041 [04731bcd-eebb-491b-a048-d6cfe64d70ef@group-5C0F6385B9C3-LeaderElection5] INFO server.RaftServerConfigKeys: raft.server.write.byte-limit = 1024 M (=1073741824) (custom)
om_1        | 2022-02-05 01:12:38,507 [om1@group-C5BA1605619E-SegmentedRaftLogWorker] INFO segmented.SegmentedRaftLogWorker: om1@group-C5BA1605619E-SegmentedRaftLogWorker: created new log segment /data/metadata/ratis/bf265839-605b-3f16-9796-c5ba1605619e/current/log_inprogress_0
datanode_3  | 2022-02-05 01:12:22,859 [pool-22-thread-1] INFO util.JmxRegister: Successfully registered JMX Bean with object name Ratis:service=RaftServer,group=group-14E7C0C98B06,id=4215e0cf-3923-4395-85d2-bc8d0c287f5f
nm_1        | 2022-02-05 01:15:03 INFO  ContainerLaunch:596 - Container container_1644023511550_0002_01_000003 succeeded 
scm_1       | 2022-02-05 01:12:10,256 [pool-14-thread-1] INFO server.RaftServerConfigKeys: raft.server.storage.free-space.min = 0MB (=0) (default)
rm_1        | 2022-02-05 01:11:53 INFO  Server:1497 - IPC Server Responder: starting
datanode_1  | 2022-02-05 01:12:30,739 [77825e26-f980-46e1-8b17-6a82fb36ca53@group-10A52CA12B92-LeaderElection1] INFO server.RaftServerConfigKeys: raft.server.write.element-limit = 1024 (custom)
datanode_2  | 2022-02-05 01:12:36,041 [04731bcd-eebb-491b-a048-d6cfe64d70ef@group-5C0F6385B9C3-LeaderElection5] INFO server.RaftServerConfigKeys: raft.server.watch.timeout = 180s (custom)
om_1        | 2022-02-05 01:12:38,721 [om1@group-C5BA1605619E-StateMachineUpdater] INFO ratis.OzoneManagerStateMachine: Received Configuration change notification from Ratis. New Peer list:
datanode_3  | 2022-02-05 01:12:22,860 [Command processor thread] INFO ratis.XceiverServerRatis: Created group PipelineID=d6d2d7c4-778f-439e-800d-14e7c0c98b06
nm_1        | 2022-02-05 01:15:03 INFO  ContainerImpl:2175 - Container container_1644023511550_0002_01_000003 transitioned from RUNNING to EXITED_WITH_SUCCESS
