datanode_3  | 2022-02-05 01:06:48,550 [grpc-default-executor-1] INFO impl.RoleInfo: 73b69c39-3af4-44aa-bd9e-3b461283c5ba: shutdown 73b69c39-3af4-44aa-bd9e-3b461283c5ba@group-64FDE8EFE24A-FollowerState
datanode_2  | 2022-02-05 01:06:36,138 [pool-22-thread-1] INFO server.RaftServerConfigKeys: raft.server.log.appender.buffer.byte-limit = 33554432 (custom)
scm_1       | 2022-02-05 01:06:19,110 [main] INFO server.RaftServerConfigKeys: raft.server.rpc.request.timeout = 30000ms (custom)
nm_1        | 2022-02-05 01:09:04 INFO  AuxServices:350 - Got event CONTAINER_STOP for appId application_1644023161955_0002
rm_1        | 2022-02-05 01:08:06 INFO  RMContainerImpl:480 - container_1644023161955_0001_01_000002 Container Transitioned from ALLOCATED to ACQUIRED
datanode_3  | 2022-02-05 01:06:48,550 [73b69c39-3af4-44aa-bd9e-3b461283c5ba@group-64FDE8EFE24A-FollowerState] INFO impl.FollowerState: 73b69c39-3af4-44aa-bd9e-3b461283c5ba@group-64FDE8EFE24A-FollowerState was interrupted: {}
datanode_2  | 2022-02-05 01:06:36,138 [pool-22-thread-1] INFO server.RaftServerConfigKeys: raft.server.log.segment.size.max = 1048576 (custom)
scm_1       | 2022-02-05 01:06:19,382 [main] INFO impl.DataStreamServerImpl: raft.datastream.type = DISABLED (default)
nm_1        | 2022-02-05 01:09:04 INFO  Server:1845 - Auth successful for appattempt_1644023161955_0002_000001 (auth:SIMPLE)
rm_1        | 2022-02-05 01:08:06 INFO  RMContainerImpl:480 - container_1644023161955_0001_01_000002 Container Transitioned from ACQUIRED to RUNNING
datanode_3  | java.lang.InterruptedException: sleep interrupted
datanode_2  | 2022-02-05 01:06:36,144 [pool-22-thread-1] INFO server.RaftServerConfigKeys: raft.server.log.segment.cache.num.max = 2 (custom)
scm_1       | 2022-02-05 01:06:19,384 [main] INFO server.RaftServerConfigKeys: raft.server.rpc.slowness.timeout = 120000ms (custom)
nm_1        | 2022-02-05 01:09:04 INFO  ContainerManagerImpl:1070 - Start request for container_1644023161955_0002_01_000005 by user hadoop
rm_1        | 2022-02-05 01:08:11 INFO  RMContainerImpl:480 - container_1644023161955_0001_01_000002 Container Transitioned from RUNNING to COMPLETED
datanode_3  | 	at java.base/java.lang.Thread.sleep(Native Method)
datanode_2  | 2022-02-05 01:06:36,144 [pool-22-thread-1] INFO server.RaftServerConfigKeys: raft.server.log.segment.cache.size.max = 200MB (=209715200) (default)
scm_1       | 2022-02-05 01:06:19,384 [main] INFO server.RaftServerConfigKeys: raft.server.leaderelection.leader.step-down.wait-time = 10s (default)
nm_1        | 2022-02-05 01:09:04 INFO  NMAuditLogger:94 - USER=hadoop	IP=172.19.0.8	OPERATION=Start Container Request	TARGET=ContainerManageImpl	RESULT=SUCCESS	APPID=application_1644023161955_0002	CONTAINERID=container_1644023161955_0002_01_000005
rm_1        | 2022-02-05 01:08:11 INFO  RMAuditLogger:231 - USER=hadoop	OPERATION=AM Released Container	TARGET=SchedulerApp	RESULT=SUCCESS	APPID=application_1644023161955_0001	CONTAINERID=container_1644023161955_0001_01_000002	RESOURCE=<memory:4096, vCores:1>	QUEUENAME=default
datanode_3  | 	at java.base/java.lang.Thread.sleep(Thread.java:334)
datanode_3  | 	at java.base/java.util.concurrent.TimeUnit.sleep(TimeUnit.java:446)
scm_1       | 2022-02-05 01:06:19,396 [main] INFO server.RaftServerConfigKeys: raft.server.storage.dir = [/data/metadata/scm-ha] (custom)
nm_1        | 2022-02-05 01:09:04 INFO  ApplicationImpl:463 - Adding container_1644023161955_0002_01_000005 to application application_1644023161955_0002
rm_1        | 2022-02-05 01:08:12 INFO  AbstractContainerAllocator:129 - assignedContainer application attempt=appattempt_1644023161955_0001_000001 container=null queue=default clusterResource=<memory:8192, vCores:8> type=RACK_LOCAL requestedPartition=
datanode_3  | 	at org.apache.ratis.util.TimeDuration.sleep(TimeDuration.java:324)
datanode_2  | 2022-02-05 01:06:36,145 [pool-22-thread-1] INFO segmented.SegmentedRaftLogWorker: new 7a2e9ac8-b82e-44d3-93a7-2e883d499b64@group-5A67A2BA70AD-SegmentedRaftLogWorker for RaftStorageImpl:Storage Directory /data/metadata/ratis/e40c5e84-8c6b-40a3-9966-5a67a2ba70ad
scm_1       | 2022-02-05 01:06:19,398 [main] INFO server.RaftServer: d96d6f9a-4839-4afc-8143-f20fd20500e1: found a subdirectory /data/metadata/scm-ha/4526e434-f179-497c-90d6-df7f2bcbad07
nm_1        | 2022-02-05 01:09:04 INFO  ContainerImpl:2126 - Container container_1644023161955_0002_01_000005 transitioned from NEW to LOCALIZING
rm_1        | 2022-02-05 01:08:12 INFO  RMContainerImpl:480 - container_1644023161955_0001_01_000003 Container Transitioned from NEW to ALLOCATED
datanode_3  | 	at org.apache.ratis.util.TimeDuration.sleep(TimeDuration.java:309)
datanode_2  | 2022-02-05 01:06:36,145 [pool-22-thread-1] INFO server.RaftServerConfigKeys: raft.server.log.queue.byte-limit = 2147483647 (custom)
scm_1       | 2022-02-05 01:06:19,403 [main] INFO server.RaftServer: d96d6f9a-4839-4afc-8143-f20fd20500e1: addNew group-DF7F2BCBAD07:[] returns group-DF7F2BCBAD07:java.util.concurrent.CompletableFuture@f288c14[Not completed]
nm_1        | 2022-02-05 01:09:04 INFO  AuxServices:350 - Got event CONTAINER_INIT for appId application_1644023161955_0002
rm_1        | 2022-02-05 01:08:12 INFO  FiCaSchedulerNode:169 - Assigned container container_1644023161955_0001_01_000003 of capacity <memory:4096, vCores:1> on host nm:33045, which has 2 containers, <memory:6144, vCores:2> used and <memory:2048, vCores:6> available after allocation
datanode_3  | 	at org.apache.ratis.server.impl.FollowerState.run(FollowerState.java:118)
datanode_2  | 2022-02-05 01:06:36,145 [pool-22-thread-1] INFO server.RaftServerConfigKeys: raft.server.log.queue.element-limit = 1024 (custom)
scm_1       | 2022-02-05 01:06:19,456 [pool-14-thread-1] INFO server.RaftServer$Division: d96d6f9a-4839-4afc-8143-f20fd20500e1: new RaftServerImpl for group-DF7F2BCBAD07:[] with SCMStateMachine:uninitialized
scm_1       | 2022-02-05 01:06:19,462 [pool-14-thread-1] INFO server.RaftServerConfigKeys: raft.server.rpc.timeout.min = 5000ms (custom)
scm_1       | 2022-02-05 01:06:19,462 [pool-14-thread-1] INFO server.RaftServerConfigKeys: raft.server.rpc.timeout.max = 5200ms (custom)
nm_1        | 2022-02-05 01:09:04 INFO  AuxServices:350 - Got event APPLICATION_INIT for appId application_1644023161955_0002
datanode_2  | 2022-02-05 01:06:36,154 [pool-22-thread-1] INFO server.RaftServerConfigKeys: raft.server.log.segment.size.max = 1048576 (custom)
datanode_2  | 2022-02-05 01:06:36,155 [pool-22-thread-1] INFO server.RaftServerConfigKeys: raft.server.log.preallocated.size = 16384 (custom)
rm_1        | 2022-02-05 01:08:12 INFO  RMAuditLogger:231 - USER=hadoop	OPERATION=AM Allocated Container	TARGET=SchedulerApp	RESULT=SUCCESS	APPID=application_1644023161955_0001	CONTAINERID=container_1644023161955_0001_01_000003	RESOURCE=<memory:4096, vCores:1>	QUEUENAME=default
datanode_3  | 2022-02-05 01:06:48,553 [grpc-default-executor-1] INFO impl.RoleInfo: 73b69c39-3af4-44aa-bd9e-3b461283c5ba: start 73b69c39-3af4-44aa-bd9e-3b461283c5ba@group-64FDE8EFE24A-FollowerState
nm_1        | 2022-02-05 01:09:04 INFO  AuxServices:354 - Got APPLICATION_INIT for service mapreduce_shuffle
datanode_2  | 2022-02-05 01:06:36,155 [pool-22-thread-1] INFO server.RaftServerConfigKeys: raft.server.log.force.sync.num = 128 (default)
scm_1       | 2022-02-05 01:06:19,463 [pool-14-thread-1] INFO server.RaftServerConfigKeys: raft.server.rpc.sleep.time = 25ms (default)
rm_1        | 2022-02-05 01:08:12 INFO  ParentQueue:1340 - assignedContainer queue=root usedCapacity=0.75 absoluteUsedCapacity=0.75 used=<memory:6144, vCores:2> cluster=<memory:8192, vCores:8>
datanode_3  | 2022-02-05 01:06:48,567 [grpc-default-executor-1] INFO server.RaftServer$Division: 73b69c39-3af4-44aa-bd9e-3b461283c5ba@group-64FDE8EFE24A replies to ELECTION vote request: 2fa0ee5a-5a4b-4093-af4f-df211c50dfa8<-73b69c39-3af4-44aa-bd9e-3b461283c5ba#0:OK-t3. Peer's state: 73b69c39-3af4-44aa-bd9e-3b461283c5ba@group-64FDE8EFE24A:t3, leader=null, voted=2fa0ee5a-5a4b-4093-af4f-df211c50dfa8, raftlog=73b69c39-3af4-44aa-bd9e-3b461283c5ba@group-64FDE8EFE24A-SegmentedRaftLog:OPENED:c-1, conf=-1: [73b69c39-3af4-44aa-bd9e-3b461283c5ba|rpc:172.19.0.3:9856|admin:172.19.0.3:9857|client:172.19.0.3:9858|priority:0, 2fa0ee5a-5a4b-4093-af4f-df211c50dfa8|rpc:172.19.0.4:9856|admin:172.19.0.4:9857|client:172.19.0.4:9858|priority:1, 7a2e9ac8-b82e-44d3-93a7-2e883d499b64|rpc:172.19.0.5:9856|admin:172.19.0.5:9857|client:172.19.0.5:9858|priority:0], old=null
nm_1        | 2022-02-05 01:09:04 INFO  ShuffleHandler:719 - Added token for job_1644023161955_0002
datanode_2  | 2022-02-05 01:06:36,155 [pool-22-thread-1] INFO server.RaftServerConfigKeys: raft.server.log.statemachine.data.sync = true (default)
scm_1       | 2022-02-05 01:06:19,464 [pool-14-thread-1] INFO server.RaftServerConfigKeys: raft.server.rpc.slowness.timeout = 120000ms (custom)
rm_1        | 2022-02-05 01:08:12 INFO  CapacityScheduler:2894 - Allocation proposal accepted
datanode_3  | 2022-02-05 01:06:48,676 [grpc-default-executor-1] INFO ratis.XceiverServerRatis: Leader change notification received for group: group-64FDE8EFE24A with new leaderId: 2fa0ee5a-5a4b-4093-af4f-df211c50dfa8
nm_1        | 2022-02-05 01:09:04 INFO  ContainerImpl:2126 - Container container_1644023161955_0002_01_000005 transitioned from LOCALIZING to SCHEDULED
datanode_2  | 2022-02-05 01:06:36,155 [pool-22-thread-1] INFO server.RaftServerConfigKeys: raft.server.log.statemachine.data.sync.timeout = 10s (default)
scm_1       | 2022-02-05 01:06:19,465 [pool-14-thread-1] INFO server.RaftServerConfigKeys: raft.server.leaderelection.leader.step-down.wait-time = 10s (default)
rm_1        | 2022-02-05 01:08:13 INFO  RMContainerImpl:480 - container_1644023161955_0001_01_000003 Container Transitioned from ALLOCATED to ACQUIRED
datanode_3  | 2022-02-05 01:06:48,677 [grpc-default-executor-1] INFO server.RaftServer$Division: 73b69c39-3af4-44aa-bd9e-3b461283c5ba@group-64FDE8EFE24A: change Leader from null to 2fa0ee5a-5a4b-4093-af4f-df211c50dfa8 at term 3 for appendEntries, leader elected after 15907ms
nm_1        | 2022-02-05 01:09:04 INFO  ContainerScheduler:511 - Starting container [container_1644023161955_0002_01_000005]
datanode_2  | 2022-02-05 01:06:36,156 [pool-22-thread-1] INFO server.RaftServerConfigKeys: raft.server.log.statemachine.data.sync.timeout.retry = -1 (default)
scm_1       | 2022-02-05 01:06:19,465 [pool-14-thread-1] INFO server.RaftServerConfigKeys: raft.server.sleep.deviation.threshold = 300ms (default)
rm_1        | 2022-02-05 01:08:13 INFO  RMContainerImpl:480 - container_1644023161955_0001_01_000003 Container Transitioned from ACQUIRED to RUNNING
datanode_3  | 2022-02-05 01:06:48,717 [grpc-default-executor-1] INFO server.RaftServer$Division: 73b69c39-3af4-44aa-bd9e-3b461283c5ba@group-64FDE8EFE24A: set configuration 0: [73b69c39-3af4-44aa-bd9e-3b461283c5ba|rpc:172.19.0.3:9856|admin:172.19.0.3:9857|client:172.19.0.3:9858|dataStream:|priority:0, 2fa0ee5a-5a4b-4093-af4f-df211c50dfa8|rpc:172.19.0.4:9856|admin:172.19.0.4:9857|client:172.19.0.4:9858|dataStream:|priority:1, 7a2e9ac8-b82e-44d3-93a7-2e883d499b64|rpc:172.19.0.5:9856|admin:172.19.0.5:9857|client:172.19.0.5:9858|dataStream:|priority:0], old=null
nm_1        | 2022-02-05 01:09:05 INFO  ContainerImpl:2126 - Container container_1644023161955_0002_01_000005 transitioned from SCHEDULED to RUNNING
datanode_2  | 2022-02-05 01:06:36,160 [pool-22-thread-1] INFO server.RaftServerConfigKeys: raft.server.log.write.buffer.size = 1048576 (custom)
scm_1       | 2022-02-05 01:06:19,470 [pool-14-thread-1] INFO server.RaftServerConfigKeys: raft.server.log.appender.install.snapshot.enabled = false (custom)
rm_1        | 2022-02-05 01:08:18 INFO  RMContainerImpl:480 - container_1644023161955_0001_01_000003 Container Transitioned from RUNNING to COMPLETED
datanode_3  | 2022-02-05 01:06:48,718 [grpc-default-executor-1] INFO segmented.SegmentedRaftLogWorker: 73b69c39-3af4-44aa-bd9e-3b461283c5ba@group-64FDE8EFE24A-SegmentedRaftLogWorker: Starting segment from index:0
nm_1        | 2022-02-05 01:09:05 INFO  ContainersMonitorImpl:943 - Starting resource-monitoring for container_1644023161955_0002_01_000005
datanode_2  | 2022-02-05 01:06:36,162 [pool-22-thread-1] INFO server.RaftServerConfigKeys: raft.server.log.statemachine.data.caching.enabled = true (custom)
scm_1       | 2022-02-05 01:06:19,476 [pool-14-thread-1] INFO server.RaftServer$Division: d96d6f9a-4839-4afc-8143-f20fd20500e1@group-DF7F2BCBAD07: ConfigurationManager, init=-1: [], old=null, confs=<EMPTY_MAP>
rm_1        | 2022-02-05 01:08:18 INFO  RMAuditLogger:231 - USER=hadoop	OPERATION=AM Released Container	TARGET=SchedulerApp	RESULT=SUCCESS	APPID=application_1644023161955_0001	CONTAINERID=container_1644023161955_0001_01_000003	RESOURCE=<memory:4096, vCores:1>	QUEUENAME=default
nm_1        | 2022-02-05 01:09:05 INFO  DefaultContainerExecutor:370 - launchContainer: [bash, /tmp/hadoop-hadoop/nm-local-dir/usercache/hadoop/appcache/application_1644023161955_0002/container_1644023161955_0002_01_000005/default_container_executor.sh]
datanode_3  | 2022-02-05 01:06:48,721 [73b69c39-3af4-44aa-bd9e-3b461283c5ba@group-64FDE8EFE24A-SegmentedRaftLogWorker] INFO segmented.SegmentedRaftLogWorker: 73b69c39-3af4-44aa-bd9e-3b461283c5ba@group-64FDE8EFE24A-SegmentedRaftLogWorker: created new log segment /data/metadata/ratis/02da1605-3619-47b6-871a-64fde8efe24a/current/log_inprogress_0
datanode_2  | 2022-02-05 01:06:36,169 [pool-22-thread-1] INFO segmented.SegmentedRaftLogWorker: 7a2e9ac8-b82e-44d3-93a7-2e883d499b64@group-5A67A2BA70AD-SegmentedRaftLogWorker: flushIndex: setUnconditionally 0 -> -1
scm_1       | 2022-02-05 01:06:19,477 [pool-14-thread-1] INFO server.RaftServerConfigKeys: raft.server.storage.dir = [/data/metadata/scm-ha] (custom)
rm_1        | 2022-02-05 01:08:19 INFO  AbstractContainerAllocator:129 - assignedContainer application attempt=appattempt_1644023161955_0001_000001 container=null queue=default clusterResource=<memory:8192, vCores:8> type=RACK_LOCAL requestedPartition=
nm_1        | 2022-02-05 01:09:06 INFO  NodeStatusUpdaterImpl:696 - Removed completed containers from NM context: [container_1644023161955_0002_01_000004]
nm_1        | 2022-02-05 01:09:07 INFO  ContainersMonitorImpl:567 - container_1644023161955_0002_01_000005's ip = 172.19.0.8, and hostname = nm
datanode_2  | 2022-02-05 01:06:36,172 [pool-22-thread-1] INFO segmented.SegmentedRaftLogWorker: 7a2e9ac8-b82e-44d3-93a7-2e883d499b64@group-5A67A2BA70AD-SegmentedRaftLogWorker: safeCacheEvictIndex: setUnconditionally 0 -> -1
scm_1       | 2022-02-05 01:06:19,489 [pool-14-thread-1] INFO server.RaftServerConfigKeys: raft.server.log.corruption.policy = EXCEPTION (default)
rm_1        | 2022-02-05 01:08:19 INFO  RMContainerImpl:480 - container_1644023161955_0001_01_000004 Container Transitioned from NEW to ALLOCATED
nm_1        | 2022-02-05 01:09:10 INFO  ContainerLaunch:589 - Container container_1644023161955_0002_01_000005 succeeded 
datanode_2  | 2022-02-05 01:06:36,182 [pool-22-thread-1] INFO server.RaftServerConfigKeys: raft.server.snapshot.auto.trigger.enabled = true (custom)
scm_1       | 2022-02-05 01:06:19,491 [pool-14-thread-1] INFO server.RaftServerConfigKeys: raft.server.storage.free-space.min = 0MB (=0) (default)
rm_1        | 2022-02-05 01:08:19 INFO  FiCaSchedulerNode:169 - Assigned container container_1644023161955_0001_01_000004 of capacity <memory:4096, vCores:1> on host nm:33045, which has 2 containers, <memory:6144, vCores:2> used and <memory:2048, vCores:6> available after allocation
nm_1        | 2022-02-05 01:09:10 INFO  ContainerImpl:2126 - Container container_1644023161955_0002_01_000005 transitioned from RUNNING to EXITED_WITH_SUCCESS
datanode_2  | 2022-02-05 01:06:36,183 [pool-22-thread-1] INFO server.RaftServerConfigKeys: raft.server.snapshot.auto.trigger.threshold = 10000 (custom)
scm_1       | 2022-02-05 01:06:19,508 [pool-14-thread-1] INFO storage.RaftStorageDirectory: Lock on /data/metadata/scm-ha/4526e434-f179-497c-90d6-df7f2bcbad07/in_use.lock acquired by nodename 7@scm
rm_1        | 2022-02-05 01:08:19 INFO  RMAuditLogger:231 - USER=hadoop	OPERATION=AM Allocated Container	TARGET=SchedulerApp	RESULT=SUCCESS	APPID=application_1644023161955_0001	CONTAINERID=container_1644023161955_0001_01_000004	RESOURCE=<memory:4096, vCores:1>	QUEUENAME=default
nm_1        | 2022-02-05 01:09:10 INFO  ContainerLaunch:745 - Cleaning up container container_1644023161955_0002_01_000005
datanode_2  | 2022-02-05 01:06:36,183 [pool-22-thread-1] INFO server.RaftServerConfigKeys: raft.server.snapshot.retention.file.num = 5 (custom)
scm_1       | 2022-02-05 01:06:19,521 [pool-14-thread-1] INFO storage.RaftStorage: Read RaftStorageMetadata{term=1, votedFor=d96d6f9a-4839-4afc-8143-f20fd20500e1} from /data/metadata/scm-ha/4526e434-f179-497c-90d6-df7f2bcbad07/current/raft-meta
rm_1        | 2022-02-05 01:08:19 INFO  ParentQueue:1340 - assignedContainer queue=root usedCapacity=0.75 absoluteUsedCapacity=0.75 used=<memory:6144, vCores:2> cluster=<memory:8192, vCores:8>
nm_1        | 2022-02-05 01:09:10 INFO  DefaultContainerExecutor:634 - Deleting absolute path : /tmp/hadoop-hadoop/nm-local-dir/usercache/hadoop/appcache/application_1644023161955_0002/container_1644023161955_0002_01_000005/launch_container.sh
datanode_2  | 2022-02-05 01:06:36,183 [pool-22-thread-1] INFO server.RaftServerConfigKeys: raft.server.log.purge.upto.snapshot.index = false (default)
scm_1       | 2022-02-05 01:06:19,589 [pool-14-thread-1] INFO server.RaftServer$Division: d96d6f9a-4839-4afc-8143-f20fd20500e1@group-DF7F2BCBAD07: set configuration 0: [d96d6f9a-4839-4afc-8143-f20fd20500e1|rpc:scm:9894|admin:|client:|dataStream:|priority:0], old=null
rm_1        | 2022-02-05 01:08:19 INFO  CapacityScheduler:2894 - Allocation proposal accepted
nm_1        | 2022-02-05 01:09:10 INFO  DefaultContainerExecutor:634 - Deleting absolute path : /tmp/hadoop-hadoop/nm-local-dir/usercache/hadoop/appcache/application_1644023161955_0002/container_1644023161955_0002_01_000005/container_tokens
datanode_2  | 2022-02-05 01:06:36,184 [pool-22-thread-1] INFO server.RaftServerConfigKeys: raft.server.retrycache.expirytime = 600000ms (custom)
scm_1       | 2022-02-05 01:06:19,590 [pool-14-thread-1] INFO server.RaftServerConfigKeys: raft.server.notification.no-leader.timeout = 60s (default)
rm_1        | 2022-02-05 01:08:19 INFO  RMContainerImpl:480 - container_1644023161955_0001_01_000004 Container Transitioned from ALLOCATED to ACQUIRED
nm_1        | 2022-02-05 01:09:10 INFO  NMAuditLogger:94 - USER=hadoop	OPERATION=Container Finished - Succeeded	TARGET=ContainerImpl	RESULT=SUCCESS	APPID=application_1644023161955_0002	CONTAINERID=container_1644023161955_0002_01_000005
datanode_2  | 2022-02-05 01:06:36,187 [pool-22-thread-1] INFO server.RaftServerConfigKeys: raft.server.retrycache.statistics.expirytime = 100?s (default)
scm_1       | 2022-02-05 01:06:19,592 [pool-14-thread-1] INFO server.RaftServerConfigKeys: raft.server.log.use.memory = false (default)
rm_1        | 2022-02-05 01:08:20 INFO  RMContainerImpl:480 - container_1644023161955_0001_01_000004 Container Transitioned from ACQUIRED to RUNNING
nm_1        | 2022-02-05 01:09:10 INFO  ContainerImpl:2126 - Container container_1644023161955_0002_01_000005 transitioned from EXITED_WITH_SUCCESS to DONE
datanode_2  | 2022-02-05 01:06:36,189 [pool-22-thread-1] INFO server.RaftServer$Division: 7a2e9ac8-b82e-44d3-93a7-2e883d499b64@group-5A67A2BA70AD: start as a follower, conf=-1: [7a2e9ac8-b82e-44d3-93a7-2e883d499b64|rpc:172.19.0.5:9856|admin:172.19.0.5:9857|client:172.19.0.5:9858|priority:1], old=null
scm_1       | 2022-02-05 01:06:19,617 [pool-14-thread-1] INFO server.RaftServerConfigKeys: raft.server.log.purge.gap = 1000000 (custom)
rm_1        | 2022-02-05 01:08:20 INFO  AppSchedulingInfo:367 - checking for deactivate of application :application_1644023161955_0001
nm_1        | 2022-02-05 01:09:10 INFO  ApplicationImpl:512 - Removing container_1644023161955_0002_01_000005 from application application_1644023161955_0002
datanode_2  | 2022-02-05 01:06:36,189 [pool-22-thread-1] INFO server.RaftServer$Division: 7a2e9ac8-b82e-44d3-93a7-2e883d499b64@group-5A67A2BA70AD: changes role from      null to FOLLOWER at term 0 for startAsFollower
datanode_2  | 2022-02-05 01:06:36,189 [pool-22-thread-1] INFO impl.RoleInfo: 7a2e9ac8-b82e-44d3-93a7-2e883d499b64: start 7a2e9ac8-b82e-44d3-93a7-2e883d499b64@group-5A67A2BA70AD-FollowerState
rm_1        | 2022-02-05 01:08:24 INFO  RMContainerImpl:480 - container_1644023161955_0001_01_000004 Container Transitioned from RUNNING to COMPLETED
nm_1        | 2022-02-05 01:09:10 INFO  ContainersMonitorImpl:934 - Stopping resource-monitoring for container_1644023161955_0002_01_000005
scm_1       | 2022-02-05 01:06:19,617 [pool-14-thread-1] INFO server.RaftServerConfigKeys: raft.server.log.appender.buffer.byte-limit = 33554432 (custom)
datanode_2  | 2022-02-05 01:06:36,191 [pool-22-thread-1] INFO util.JmxRegister: Successfully registered JMX Bean with object name Ratis:service=RaftServer,group=group-5A67A2BA70AD,id=7a2e9ac8-b82e-44d3-93a7-2e883d499b64
rm_1        | 2022-02-05 01:08:24 INFO  RMAuditLogger:231 - USER=hadoop	OPERATION=AM Released Container	TARGET=SchedulerApp	RESULT=SUCCESS	APPID=application_1644023161955_0001	CONTAINERID=container_1644023161955_0001_01_000004	RESOURCE=<memory:4096, vCores:1>	QUEUENAME=default
nm_1        | 2022-02-05 01:09:10 INFO  AuxServices:350 - Got event CONTAINER_STOP for appId application_1644023161955_0002
scm_1       | 2022-02-05 01:06:19,643 [pool-14-thread-1] INFO server.RaftServerConfigKeys: raft.server.log.segment.size.max = 4194304 (custom)
datanode_2  | 2022-02-05 01:06:36,197 [Command processor thread] INFO ratis.XceiverServerRatis: Created group PipelineID=e40c5e84-8c6b-40a3-9966-5a67a2ba70ad
rm_1        | 2022-02-05 01:08:24 INFO  AbstractContainerAllocator:129 - assignedContainer application attempt=appattempt_1644023161955_0001_000001 container=null queue=default clusterResource=<memory:8192, vCores:8> type=OFF_SWITCH requestedPartition=
nm_1        | 2022-02-05 01:09:10 INFO  Server:1845 - Auth successful for appattempt_1644023161955_0002_000001 (auth:SIMPLE)
scm_1       | 2022-02-05 01:06:19,653 [pool-14-thread-1] INFO server.RaftServerConfigKeys: raft.server.log.segment.cache.num.max = 2 (custom)
datanode_2  | 2022-02-05 01:06:36,197 [Command processor thread] INFO commandhandler.CreatePipelineCommandHandler: Created Pipeline RATIS ONE PipelineID=e40c5e84-8c6b-40a3-9966-5a67a2ba70ad.
rm_1        | 2022-02-05 01:08:24 INFO  RMContainerImpl:480 - container_1644023161955_0001_01_000005 Container Transitioned from NEW to ALLOCATED
nm_1        | 2022-02-05 01:09:10 INFO  ContainerManagerImpl:1409 - Stopping container with container Id: container_1644023161955_0002_01_000005
scm_1       | 2022-02-05 01:06:19,654 [pool-14-thread-1] INFO server.RaftServerConfigKeys: raft.server.log.segment.cache.size.max = 200MB (=209715200) (default)
datanode_2  | 2022-02-05 01:06:38,112 [7a2e9ac8-b82e-44d3-93a7-2e883d499b64@group-64FDE8EFE24A-FollowerState] INFO impl.FollowerState: 7a2e9ac8-b82e-44d3-93a7-2e883d499b64@group-64FDE8EFE24A-FollowerState: change to CANDIDATE, lastRpcElapsedTime:5165528738ns, electionTimeout:5150ms
rm_1        | 2022-02-05 01:08:24 INFO  FiCaSchedulerNode:169 - Assigned container container_1644023161955_0001_01_000005 of capacity <memory:4096, vCores:1> on host nm:33045, which has 2 containers, <memory:6144, vCores:2> used and <memory:2048, vCores:6> available after allocation
nm_1        | 2022-02-05 01:09:10 INFO  NMAuditLogger:94 - USER=hadoop	IP=172.19.0.8	OPERATION=Stop Container Request	TARGET=ContainerManageImpl	RESULT=SUCCESS	APPID=application_1644023161955_0002	CONTAINERID=container_1644023161955_0002_01_000005
scm_1       | 2022-02-05 01:06:19,661 [pool-14-thread-1] INFO segmented.SegmentedRaftLogWorker: new d96d6f9a-4839-4afc-8143-f20fd20500e1@group-DF7F2BCBAD07-SegmentedRaftLogWorker for RaftStorageImpl:Storage Directory /data/metadata/scm-ha/4526e434-f179-497c-90d6-df7f2bcbad07
datanode_2  | 2022-02-05 01:06:38,113 [7a2e9ac8-b82e-44d3-93a7-2e883d499b64@group-64FDE8EFE24A-FollowerState] INFO impl.RoleInfo: 7a2e9ac8-b82e-44d3-93a7-2e883d499b64: shutdown 7a2e9ac8-b82e-44d3-93a7-2e883d499b64@group-64FDE8EFE24A-FollowerState
rm_1        | 2022-02-05 01:08:24 INFO  RMAuditLogger:231 - USER=hadoop	OPERATION=AM Allocated Container	TARGET=SchedulerApp	RESULT=SUCCESS	APPID=application_1644023161955_0001	CONTAINERID=container_1644023161955_0001_01_000005	RESOURCE=<memory:4096, vCores:1>	QUEUENAME=default
nm_1        | 2022-02-05 01:09:17 INFO  ContainerLaunch:589 - Container container_1644023161955_0002_01_000001 succeeded 
scm_1       | 2022-02-05 01:06:19,663 [pool-14-thread-1] INFO server.RaftServerConfigKeys: raft.server.log.queue.byte-limit = 64MB (=67108864) (default)
datanode_2  | 2022-02-05 01:06:38,114 [7a2e9ac8-b82e-44d3-93a7-2e883d499b64@group-64FDE8EFE24A-FollowerState] INFO server.RaftServer$Division: 7a2e9ac8-b82e-44d3-93a7-2e883d499b64@group-64FDE8EFE24A: changes role from  FOLLOWER to CANDIDATE at term 0 for changeToCandidate
nm_1        | 2022-02-05 01:09:17 INFO  ContainerImpl:2126 - Container container_1644023161955_0002_01_000001 transitioned from RUNNING to EXITED_WITH_SUCCESS
rm_1        | 2022-02-05 01:08:24 INFO  ParentQueue:1340 - assignedContainer queue=root usedCapacity=0.75 absoluteUsedCapacity=0.75 used=<memory:6144, vCores:2> cluster=<memory:8192, vCores:8>
datanode_2  | 2022-02-05 01:06:38,117 [7a2e9ac8-b82e-44d3-93a7-2e883d499b64@group-64FDE8EFE24A-FollowerState] INFO server.RaftServerConfigKeys: raft.server.leaderelection.pre-vote = false (custom)
scm_1       | 2022-02-05 01:06:19,664 [pool-14-thread-1] INFO server.RaftServerConfigKeys: raft.server.log.queue.element-limit = 4096 (default)
nm_1        | 2022-02-05 01:09:17 INFO  ContainerLaunch:745 - Cleaning up container container_1644023161955_0002_01_000001
rm_1        | 2022-02-05 01:08:24 INFO  CapacityScheduler:2894 - Allocation proposal accepted
datanode_2  | 2022-02-05 01:06:38,118 [7a2e9ac8-b82e-44d3-93a7-2e883d499b64@group-64FDE8EFE24A-FollowerState] INFO impl.RoleInfo: 7a2e9ac8-b82e-44d3-93a7-2e883d499b64: start 7a2e9ac8-b82e-44d3-93a7-2e883d499b64@group-64FDE8EFE24A-LeaderElection1
scm_1       | 2022-02-05 01:06:19,667 [pool-14-thread-1] INFO server.RaftServerConfigKeys: raft.server.log.segment.size.max = 4194304 (custom)
nm_1        | 2022-02-05 01:09:17 INFO  DefaultContainerExecutor:634 - Deleting absolute path : /tmp/hadoop-hadoop/nm-local-dir/usercache/hadoop/appcache/application_1644023161955_0002/container_1644023161955_0002_01_000001/launch_container.sh
rm_1        | 2022-02-05 01:08:24 INFO  RMContainerImpl:480 - container_1644023161955_0001_01_000005 Container Transitioned from ALLOCATED to ACQUIRED
datanode_2  | 2022-02-05 01:06:38,138 [7a2e9ac8-b82e-44d3-93a7-2e883d499b64@group-64FDE8EFE24A-LeaderElection1] INFO impl.LeaderElection: 7a2e9ac8-b82e-44d3-93a7-2e883d499b64@group-64FDE8EFE24A-LeaderElection1 ELECTION round 0: submit vote requests at term 1 for -1: [73b69c39-3af4-44aa-bd9e-3b461283c5ba|rpc:172.19.0.3:9856|admin:172.19.0.3:9857|client:172.19.0.3:9858|priority:0, 2fa0ee5a-5a4b-4093-af4f-df211c50dfa8|rpc:172.19.0.4:9856|admin:172.19.0.4:9857|client:172.19.0.4:9858|priority:1, 7a2e9ac8-b82e-44d3-93a7-2e883d499b64|rpc:172.19.0.5:9856|admin:172.19.0.5:9857|client:172.19.0.5:9858|priority:0], old=null
scm_1       | 2022-02-05 01:06:19,668 [pool-14-thread-1] INFO server.RaftServerConfigKeys: raft.server.log.preallocated.size = 4194304 (custom)
nm_1        | 2022-02-05 01:09:17 INFO  DefaultContainerExecutor:634 - Deleting absolute path : /tmp/hadoop-hadoop/nm-local-dir/usercache/hadoop/appcache/application_1644023161955_0002/container_1644023161955_0002_01_000001/container_tokens
rm_1        | 2022-02-05 01:08:25 INFO  RMContainerImpl:480 - container_1644023161955_0001_01_000005 Container Transitioned from ACQUIRED to RUNNING
datanode_2  | 2022-02-05 01:06:38,231 [grpc-default-executor-0] INFO server.RaftServer$Division: 7a2e9ac8-b82e-44d3-93a7-2e883d499b64@group-64FDE8EFE24A: receive requestVote(ELECTION, 2fa0ee5a-5a4b-4093-af4f-df211c50dfa8, group-64FDE8EFE24A, 1, (t:0, i:0))
scm_1       | 2022-02-05 01:06:19,671 [pool-14-thread-1] INFO server.RaftServerConfigKeys: raft.server.log.force.sync.num = 128 (default)
nm_1        | 2022-02-05 01:09:17 INFO  NMAuditLogger:94 - USER=hadoop	OPERATION=Container Finished - Succeeded	TARGET=ContainerImpl	RESULT=SUCCESS	APPID=application_1644023161955_0002	CONTAINERID=container_1644023161955_0002_01_000001
rm_1        | 2022-02-05 01:08:25 INFO  AppSchedulingInfo:367 - checking for deactivate of application :application_1644023161955_0001
datanode_2  | 2022-02-05 01:06:38,232 [grpc-default-executor-0] INFO impl.VoteContext: 7a2e9ac8-b82e-44d3-93a7-2e883d499b64@group-64FDE8EFE24A-CANDIDATE: reject ELECTION from 2fa0ee5a-5a4b-4093-af4f-df211c50dfa8: already has voted for 7a2e9ac8-b82e-44d3-93a7-2e883d499b64 at current term 1
scm_1       | 2022-02-05 01:06:19,673 [pool-14-thread-1] INFO server.RaftServerConfigKeys: raft.server.log.statemachine.data.sync = true (default)
nm_1        | 2022-02-05 01:09:17 INFO  ContainerImpl:2126 - Container container_1644023161955_0002_01_000001 transitioned from EXITED_WITH_SUCCESS to DONE
rm_1        | 2022-02-05 01:08:29 INFO  RMContainerImpl:480 - container_1644023161955_0001_01_000005 Container Transitioned from RUNNING to COMPLETED
datanode_2  | 2022-02-05 01:06:38,295 [grpc-default-executor-1] INFO server.RaftServer$Division: 7a2e9ac8-b82e-44d3-93a7-2e883d499b64@group-64FDE8EFE24A: receive requestVote(ELECTION, 73b69c39-3af4-44aa-bd9e-3b461283c5ba, group-64FDE8EFE24A, 1, (t:0, i:0))
scm_1       | 2022-02-05 01:06:19,673 [pool-14-thread-1] INFO server.RaftServerConfigKeys: raft.server.log.statemachine.data.sync.timeout = 10s (default)
nm_1        | 2022-02-05 01:09:17 INFO  ApplicationImpl:512 - Removing container_1644023161955_0002_01_000001 from application application_1644023161955_0002
rm_1        | 2022-02-05 01:08:29 INFO  RMAuditLogger:231 - USER=hadoop	OPERATION=AM Released Container	TARGET=SchedulerApp	RESULT=SUCCESS	APPID=application_1644023161955_0001	CONTAINERID=container_1644023161955_0001_01_000005	RESOURCE=<memory:4096, vCores:1>	QUEUENAME=default
datanode_2  | 2022-02-05 01:06:38,296 [grpc-default-executor-0] INFO server.RaftServer$Division: 7a2e9ac8-b82e-44d3-93a7-2e883d499b64@group-64FDE8EFE24A replies to ELECTION vote request: 2fa0ee5a-5a4b-4093-af4f-df211c50dfa8<-7a2e9ac8-b82e-44d3-93a7-2e883d499b64#0:FAIL-t1. Peer's state: 7a2e9ac8-b82e-44d3-93a7-2e883d499b64@group-64FDE8EFE24A:t1, leader=null, voted=7a2e9ac8-b82e-44d3-93a7-2e883d499b64, raftlog=7a2e9ac8-b82e-44d3-93a7-2e883d499b64@group-64FDE8EFE24A-SegmentedRaftLog:OPENED:c-1, conf=-1: [73b69c39-3af4-44aa-bd9e-3b461283c5ba|rpc:172.19.0.3:9856|admin:172.19.0.3:9857|client:172.19.0.3:9858|priority:0, 2fa0ee5a-5a4b-4093-af4f-df211c50dfa8|rpc:172.19.0.4:9856|admin:172.19.0.4:9857|client:172.19.0.4:9858|priority:1, 7a2e9ac8-b82e-44d3-93a7-2e883d499b64|rpc:172.19.0.5:9856|admin:172.19.0.5:9857|client:172.19.0.5:9858|priority:0], old=null
scm_1       | 2022-02-05 01:06:19,675 [pool-14-thread-1] INFO server.RaftServerConfigKeys: raft.server.log.statemachine.data.sync.timeout.retry = -1 (default)
nm_1        | 2022-02-05 01:09:17 INFO  ContainersMonitorImpl:934 - Stopping resource-monitoring for container_1644023161955_0002_01_000001
rm_1        | 2022-02-05 01:08:29 INFO  RMAppAttemptImpl:1420 - Updating application attempt appattempt_1644023161955_0001_000001 with final state: FINISHING, and exit status: -1000
datanode_2  | 2022-02-05 01:06:38,309 [grpc-default-executor-1] INFO impl.VoteContext: 7a2e9ac8-b82e-44d3-93a7-2e883d499b64@group-64FDE8EFE24A-CANDIDATE: reject ELECTION from 73b69c39-3af4-44aa-bd9e-3b461283c5ba: already has voted for 7a2e9ac8-b82e-44d3-93a7-2e883d499b64 at current term 1
scm_1       | 2022-02-05 01:06:19,693 [pool-14-thread-1] INFO server.RaftServerConfigKeys: raft.server.log.write.buffer.size = 64KB (=65536) (default)
nm_1        | 2022-02-05 01:09:17 INFO  AuxServices:350 - Got event CONTAINER_STOP for appId application_1644023161955_0002
rm_1        | 2022-02-05 01:08:29 INFO  RMAppAttemptImpl:927 - appattempt_1644023161955_0001_000001 State change from RUNNING to FINAL_SAVING on event = UNREGISTERED
datanode_2  | 2022-02-05 01:06:38,311 [grpc-default-executor-1] INFO server.RaftServer$Division: 7a2e9ac8-b82e-44d3-93a7-2e883d499b64@group-64FDE8EFE24A replies to ELECTION vote request: 73b69c39-3af4-44aa-bd9e-3b461283c5ba<-7a2e9ac8-b82e-44d3-93a7-2e883d499b64#0:FAIL-t1. Peer's state: 7a2e9ac8-b82e-44d3-93a7-2e883d499b64@group-64FDE8EFE24A:t1, leader=null, voted=7a2e9ac8-b82e-44d3-93a7-2e883d499b64, raftlog=7a2e9ac8-b82e-44d3-93a7-2e883d499b64@group-64FDE8EFE24A-SegmentedRaftLog:OPENED:c-1, conf=-1: [73b69c39-3af4-44aa-bd9e-3b461283c5ba|rpc:172.19.0.3:9856|admin:172.19.0.3:9857|client:172.19.0.3:9858|priority:0, 2fa0ee5a-5a4b-4093-af4f-df211c50dfa8|rpc:172.19.0.4:9856|admin:172.19.0.4:9857|client:172.19.0.4:9858|priority:1, 7a2e9ac8-b82e-44d3-93a7-2e883d499b64|rpc:172.19.0.5:9856|admin:172.19.0.5:9857|client:172.19.0.5:9858|priority:0], old=null
scm_1       | 2022-02-05 01:06:19,694 [pool-14-thread-1] INFO server.RaftServerConfigKeys: raft.server.log.statemachine.data.caching.enabled = false (default)
nm_1        | 2022-02-05 01:09:17 INFO  Server:1845 - Auth successful for appattempt_1644023161955_0002_000001 (auth:SIMPLE)
rm_1        | 2022-02-05 01:08:29 INFO  RMAppImpl:1278 - Updating application application_1644023161955_0001 with final state: FINISHING
datanode_2  | 2022-02-05 01:06:38,366 [7a2e9ac8-b82e-44d3-93a7-2e883d499b64@group-64FDE8EFE24A-LeaderElection1] INFO impl.LeaderElection: 7a2e9ac8-b82e-44d3-93a7-2e883d499b64@group-64FDE8EFE24A-LeaderElection1: ELECTION REJECTED received 1 response(s) and 0 exception(s):
scm_1       | 2022-02-05 01:06:19,722 [pool-14-thread-1] INFO server.RaftServer$Division: d96d6f9a-4839-4afc-8143-f20fd20500e1@group-DF7F2BCBAD07: set configuration 0: [d96d6f9a-4839-4afc-8143-f20fd20500e1|rpc:scm:9894|admin:|client:|dataStream:|priority:0], old=null
nm_1        | 2022-02-05 01:09:17 INFO  ContainerManagerImpl:1409 - Stopping container with container Id: container_1644023161955_0002_01_000001
rm_1        | 2022-02-05 01:08:29 INFO  RMAppImpl:912 - application_1644023161955_0001 State change from RUNNING to FINAL_SAVING on event = ATTEMPT_UNREGISTERED
datanode_2  | 2022-02-05 01:06:38,370 [7a2e9ac8-b82e-44d3-93a7-2e883d499b64@group-64FDE8EFE24A-LeaderElection1] INFO impl.LeaderElection:   Response 0: 7a2e9ac8-b82e-44d3-93a7-2e883d499b64<-2fa0ee5a-5a4b-4093-af4f-df211c50dfa8#0:FAIL-t1
scm_1       | 2022-02-05 01:06:19,724 [pool-14-thread-1] INFO segmented.LogSegment: Successfully read 1 entries from segment file /data/metadata/scm-ha/4526e434-f179-497c-90d6-df7f2bcbad07/current/log_inprogress_0
nm_1        | 2022-02-05 01:09:17 INFO  NMAuditLogger:94 - USER=hadoop	IP=172.19.0.9	OPERATION=Stop Container Request	TARGET=ContainerManageImpl	RESULT=SUCCESS	APPID=application_1644023161955_0002	CONTAINERID=container_1644023161955_0002_01_000001
rm_1        | 2022-02-05 01:08:29 INFO  RMStateStore:260 - Updating info for app: application_1644023161955_0001
datanode_2  | 2022-02-05 01:06:38,370 [7a2e9ac8-b82e-44d3-93a7-2e883d499b64@group-64FDE8EFE24A-LeaderElection1] INFO impl.LeaderElection: 7a2e9ac8-b82e-44d3-93a7-2e883d499b64@group-64FDE8EFE24A-LeaderElection1 ELECTION round 0: result REJECTED
scm_1       | 2022-02-05 01:06:19,734 [pool-14-thread-1] INFO segmented.SegmentedRaftLogWorker: d96d6f9a-4839-4afc-8143-f20fd20500e1@group-DF7F2BCBAD07-SegmentedRaftLogWorker: flushIndex: setUnconditionally 0 -> 0
nm_1        | 2022-02-05 01:09:18 INFO  NodeStatusUpdaterImpl:696 - Removed completed containers from NM context: [container_1644023161955_0002_01_000001]
rm_1        | 2022-02-05 01:08:29 INFO  RMAppAttemptImpl:927 - appattempt_1644023161955_0001_000001 State change from FINAL_SAVING to FINISHING on event = ATTEMPT_UPDATE_SAVED
datanode_2  | 2022-02-05 01:06:38,373 [7a2e9ac8-b82e-44d3-93a7-2e883d499b64@group-64FDE8EFE24A-LeaderElection1] INFO server.RaftServer$Division: 7a2e9ac8-b82e-44d3-93a7-2e883d499b64@group-64FDE8EFE24A: changes role from CANDIDATE to FOLLOWER at term 1 for REJECTED
scm_1       | 2022-02-05 01:06:19,735 [pool-14-thread-1] INFO segmented.SegmentedRaftLogWorker: d96d6f9a-4839-4afc-8143-f20fd20500e1@group-DF7F2BCBAD07-SegmentedRaftLogWorker: safeCacheEvictIndex: setUnconditionally 0 -> -1
nm_1        | 2022-02-05 01:09:18 INFO  ApplicationImpl:655 - Application application_1644023161955_0002 transitioned from RUNNING to APPLICATION_RESOURCES_CLEANINGUP
rm_1        | 2022-02-05 01:08:29 INFO  RMAppImpl:912 - application_1644023161955_0001 State change from FINAL_SAVING to FINISHING on event = APP_UPDATE_SAVED
datanode_2  | 2022-02-05 01:06:38,373 [7a2e9ac8-b82e-44d3-93a7-2e883d499b64@group-64FDE8EFE24A-LeaderElection1] INFO impl.RoleInfo: 7a2e9ac8-b82e-44d3-93a7-2e883d499b64: shutdown 7a2e9ac8-b82e-44d3-93a7-2e883d499b64@group-64FDE8EFE24A-LeaderElection1
scm_1       | 2022-02-05 01:06:19,829 [pool-14-thread-1] INFO server.RaftServerConfigKeys: raft.server.snapshot.auto.trigger.enabled = true (custom)
nm_1        | 2022-02-05 01:09:18 INFO  AuxServices:350 - Got event APPLICATION_STOP for appId application_1644023161955_0002
rm_1        | 2022-02-05 01:08:30 INFO  ApplicationMasterService:313 - application_1644023161955_0001 unregistered successfully. 
datanode_2  | 2022-02-05 01:06:38,374 [7a2e9ac8-b82e-44d3-93a7-2e883d499b64@group-64FDE8EFE24A-LeaderElection1] INFO impl.RoleInfo: 7a2e9ac8-b82e-44d3-93a7-2e883d499b64: start 7a2e9ac8-b82e-44d3-93a7-2e883d499b64@group-64FDE8EFE24A-FollowerState
scm_1       | 2022-02-05 01:06:19,830 [pool-14-thread-1] INFO server.RaftServerConfigKeys: raft.server.snapshot.auto.trigger.threshold = 1000 (custom)
nm_1        | 2022-02-05 01:09:18 INFO  ApplicationImpl:655 - Application application_1644023161955_0002 transitioned from APPLICATION_RESOURCES_CLEANINGUP to FINISHED
rm_1        | 2022-02-05 01:08:34 INFO  ClientRMService:341 - Allocated new applicationId: 2
datanode_2  | 2022-02-05 01:06:40,903 [7a2e9ac8-b82e-44d3-93a7-2e883d499b64@group-BB636435CA9C-FollowerState] INFO impl.FollowerState: 7a2e9ac8-b82e-44d3-93a7-2e883d499b64@group-BB636435CA9C-FollowerState: change to CANDIDATE, lastRpcElapsedTime:5197886784ns, electionTimeout:5169ms
scm_1       | 2022-02-05 01:06:19,831 [pool-14-thread-1] INFO server.RaftServerConfigKeys: raft.server.snapshot.retention.file.num = -1 (default)
nm_1        | 2022-02-05 01:09:18 INFO  NonAggregatingLogHandler:173 - Scheduling Log Deletion for application: application_1644023161955_0002, with delay of 10800 seconds
rm_1        | 2022-02-05 01:08:36 INFO  RMContainerImpl:480 - container_1644023161955_0001_01_000001 Container Transitioned from RUNNING to COMPLETED
datanode_2  | 2022-02-05 01:06:40,905 [7a2e9ac8-b82e-44d3-93a7-2e883d499b64@group-BB636435CA9C-FollowerState] INFO impl.RoleInfo: 7a2e9ac8-b82e-44d3-93a7-2e883d499b64: shutdown 7a2e9ac8-b82e-44d3-93a7-2e883d499b64@group-BB636435CA9C-FollowerState
scm_1       | 2022-02-05 01:06:19,835 [pool-14-thread-1] INFO server.RaftServerConfigKeys: raft.server.log.purge.upto.snapshot.index = false (default)
nm_1        | 2022-02-05 01:09:39 INFO  Server:1845 - Auth successful for appattempt_1644023161955_0003_000001 (auth:SIMPLE)
rm_1        | 2022-02-05 01:08:36 INFO  RMAuditLogger:231 - USER=hadoop	OPERATION=AM Released Container	TARGET=SchedulerApp	RESULT=SUCCESS	APPID=application_1644023161955_0001	CONTAINERID=container_1644023161955_0001_01_000001	RESOURCE=<memory:2048, vCores:1>	QUEUENAME=default
datanode_2  | 2022-02-05 01:06:40,905 [7a2e9ac8-b82e-44d3-93a7-2e883d499b64@group-BB636435CA9C-FollowerState] INFO server.RaftServer$Division: 7a2e9ac8-b82e-44d3-93a7-2e883d499b64@group-BB636435CA9C: changes role from  FOLLOWER to CANDIDATE at term 0 for changeToCandidate
scm_1       | 2022-02-05 01:06:19,839 [pool-14-thread-1] INFO server.RaftServerConfigKeys: raft.server.retrycache.expirytime = 60000ms (default)
nm_1        | 2022-02-05 01:09:39 INFO  ContainerManagerImpl:1070 - Start request for container_1644023161955_0003_01_000001 by user hadoop
nm_1        | 2022-02-05 01:09:39 INFO  ContainerManagerImpl:1122 - Creating a new application reference for app application_1644023161955_0003
nm_1        | 2022-02-05 01:09:39 INFO  ApplicationImpl:655 - Application application_1644023161955_0003 transitioned from NEW to INITING
rm_1        | 2022-02-05 01:08:36 INFO  ApplicationMasterService:496 - Unregistering app attempt : appattempt_1644023161955_0001_000001
scm_1       | 2022-02-05 01:06:19,839 [pool-14-thread-1] INFO server.RaftServerConfigKeys: raft.server.retrycache.statistics.expirytime = 100?s (default)
datanode_2  | 2022-02-05 01:06:40,905 [7a2e9ac8-b82e-44d3-93a7-2e883d499b64@group-BB636435CA9C-FollowerState] INFO server.RaftServerConfigKeys: raft.server.leaderelection.pre-vote = false (custom)
nm_1        | 2022-02-05 01:09:39 INFO  ApplicationImpl:655 - Application application_1644023161955_0003 transitioned from INITING to RUNNING
rm_1        | 2022-02-05 01:08:36 INFO  AMRMTokenSecretManager:124 - Application finished, removing password for appattempt_1644023161955_0001_000001
scm_1       | 2022-02-05 01:06:19,878 [main] INFO ha.SCMSnapshotProvider: Initializing SCM Snapshot Provider
datanode_2  | 2022-02-05 01:06:40,905 [7a2e9ac8-b82e-44d3-93a7-2e883d499b64@group-BB636435CA9C-FollowerState] INFO impl.RoleInfo: 7a2e9ac8-b82e-44d3-93a7-2e883d499b64: start 7a2e9ac8-b82e-44d3-93a7-2e883d499b64@group-BB636435CA9C-LeaderElection2
nm_1        | 2022-02-05 01:09:39 INFO  ApplicationImpl:463 - Adding container_1644023161955_0003_01_000001 to application application_1644023161955_0003
rm_1        | 2022-02-05 01:08:36 INFO  RMAppAttemptImpl:927 - appattempt_1644023161955_0001_000001 State change from FINISHING to FINISHED on event = CONTAINER_FINISHED
scm_1       | 2022-02-05 01:06:19,879 [main] WARN server.ServerUtils: Storage directory for Ratis is not configured. It is a good idea to map this to an SSD disk. Falling back to ozone.metadata.dirs
datanode_2  | 2022-02-05 01:06:40,914 [7a2e9ac8-b82e-44d3-93a7-2e883d499b64@group-BB636435CA9C-LeaderElection2] INFO impl.LeaderElection: 7a2e9ac8-b82e-44d3-93a7-2e883d499b64@group-BB636435CA9C-LeaderElection2 ELECTION round 0: submit vote requests at term 1 for -1: [73b69c39-3af4-44aa-bd9e-3b461283c5ba|rpc:172.19.0.3:9856|admin:172.19.0.3:9857|client:172.19.0.3:9858|priority:0, 2fa0ee5a-5a4b-4093-af4f-df211c50dfa8|rpc:172.19.0.4:9856|admin:172.19.0.4:9857|client:172.19.0.4:9858|priority:0, 7a2e9ac8-b82e-44d3-93a7-2e883d499b64|rpc:172.19.0.5:9856|admin:172.19.0.5:9857|client:172.19.0.5:9858|priority:1], old=null
nm_1        | 2022-02-05 01:09:39 INFO  NMAuditLogger:94 - USER=hadoop	IP=172.19.0.9	OPERATION=Start Container Request	TARGET=ContainerManageImpl	RESULT=SUCCESS	APPID=application_1644023161955_0003	CONTAINERID=container_1644023161955_0003_01_000001
rm_1        | 2022-02-05 01:08:36 INFO  RMAppImpl:912 - application_1644023161955_0001 State change from FINISHING to FINISHED on event = ATTEMPT_FINISHED
scm_1       | 2022-02-05 01:06:19,879 [main] WARN ha.SCMHAUtils: SCM snapshot dir is not configured. Falling back to ozone.metadata.dirs config
datanode_2  | 2022-02-05 01:06:40,940 [7a2e9ac8-b82e-44d3-93a7-2e883d499b64@group-BB636435CA9C-LeaderElection2] INFO impl.LeaderElection: 7a2e9ac8-b82e-44d3-93a7-2e883d499b64@group-BB636435CA9C-LeaderElection2: ELECTION PASSED received 1 response(s) and 0 exception(s):
nm_1        | 2022-02-05 01:09:39 INFO  ContainerImpl:2126 - Container container_1644023161955_0003_01_000001 transitioned from NEW to LOCALIZING
rm_1        | 2022-02-05 01:08:36 INFO  CapacityScheduler:1049 - Application Attempt appattempt_1644023161955_0001_000001 is done. finalState=FINISHED
scm_1       | 2022-02-05 01:06:19,895 [main] INFO ha.SequenceIdGenerator: upgrade localId to 109611004723200000
datanode_2  | 2022-02-05 01:06:40,940 [7a2e9ac8-b82e-44d3-93a7-2e883d499b64@group-BB636435CA9C-LeaderElection2] INFO impl.LeaderElection:   Response 0: 7a2e9ac8-b82e-44d3-93a7-2e883d499b64<-73b69c39-3af4-44aa-bd9e-3b461283c5ba#0:OK-t1
nm_1        | 2022-02-05 01:09:39 INFO  AuxServices:350 - Got event CONTAINER_INIT for appId application_1644023161955_0003
rm_1        | 2022-02-05 01:08:36 INFO  AppSchedulingInfo:159 - Application application_1644023161955_0001 requests cleared
scm_1       | 2022-02-05 01:06:19,896 [main] INFO ha.SequenceIdGenerator: upgrade delTxnId to 0
datanode_2  | 2022-02-05 01:06:40,940 [7a2e9ac8-b82e-44d3-93a7-2e883d499b64@group-BB636435CA9C-LeaderElection2] INFO impl.LeaderElection: 7a2e9ac8-b82e-44d3-93a7-2e883d499b64@group-BB636435CA9C-LeaderElection2 ELECTION round 0: result PASSED
nm_1        | 2022-02-05 01:09:39 INFO  ResourceLocalizationService:801 - Created localizer for container_1644023161955_0003_01_000001
rm_1        | 2022-02-05 01:08:36 INFO  LeafQueue:1003 - Application removed - appId: application_1644023161955_0001 user: hadoop queue: default #user-pending-applications: 0 #user-active-applications: 0 #queue-pending-applications: 0 #queue-active-applications: 0
scm_1       | 2022-02-05 01:06:19,900 [main] INFO ha.SequenceIdGenerator: upgrade containerId to 0
datanode_2  | 2022-02-05 01:06:40,940 [7a2e9ac8-b82e-44d3-93a7-2e883d499b64@group-BB636435CA9C-LeaderElection2] INFO impl.RoleInfo: 7a2e9ac8-b82e-44d3-93a7-2e883d499b64: shutdown 7a2e9ac8-b82e-44d3-93a7-2e883d499b64@group-BB636435CA9C-LeaderElection2
nm_1        | 2022-02-05 01:09:39 INFO  ResourceLocalizationService:1331 - Writing credentials to the nmPrivate file /tmp/hadoop-hadoop/nm-local-dir/nmPrivate/container_1644023161955_0003_01_000001.tokens
rm_1        | 2022-02-05 01:08:36 INFO  ParentQueue:522 - Application removed - appId: application_1644023161955_0001 user: hadoop leaf-queue of parent: root #applications: 0
scm_1       | 2022-02-05 01:06:19,902 [main] INFO ha.SequenceIdGenerator: Init the HA SequenceIdGenerator.
datanode_2  | 2022-02-05 01:06:40,941 [7a2e9ac8-b82e-44d3-93a7-2e883d499b64@group-BB636435CA9C-LeaderElection2] INFO server.RaftServer$Division: 7a2e9ac8-b82e-44d3-93a7-2e883d499b64@group-BB636435CA9C: changes role from CANDIDATE to LEADER at term 1 for changeToLeader
nm_1        | 2022-02-05 01:09:39 INFO  DefaultContainerExecutor:836 - Initializing user hadoop
rm_1        | 2022-02-05 01:08:36 INFO  RMAuditLogger:358 - USER=hadoop	OPERATION=Application Finished - Succeeded	TARGET=RMAppManager	RESULT=SUCCESS	APPID=application_1644023161955_0001
scm_1       | 2022-02-05 01:06:19,935 [main] INFO node.SCMNodeManager: Entering startup safe mode.
datanode_2  | 2022-02-05 01:06:40,941 [7a2e9ac8-b82e-44d3-93a7-2e883d499b64@group-BB636435CA9C-LeaderElection2] INFO ratis.XceiverServerRatis: Leader change notification received for group: group-BB636435CA9C with new leaderId: 7a2e9ac8-b82e-44d3-93a7-2e883d499b64
nm_1        | 2022-02-05 01:09:39 INFO  DefaultContainerExecutor:166 - Copying from /tmp/hadoop-hadoop/nm-local-dir/nmPrivate/container_1644023161955_0003_01_000001.tokens to /tmp/hadoop-hadoop/nm-local-dir/usercache/hadoop/appcache/application_1644023161955_0003/container_1644023161955_0003_01_000001.tokens
rm_1        | 2022-02-05 01:08:36 INFO  RMAppManager$ApplicationSummary:212 - appId=application_1644023161955_0001,name=QuasiMonteCarlo,user=hadoop,queue=default,state=FINISHED,trackingUrl=http://rm:8088/proxy/application_1644023161955_0001/,appMasterHost=nm,submitTime=1644023273272,startTime=1644023273362,finishTime=1644023309913,finalStatus=SUCCEEDED,memorySeconds=177432,vcoreSeconds=62,preemptedMemorySeconds=0,preemptedVcoreSeconds=0,preemptedAMContainers=0,preemptedNonAMContainers=0,preemptedResources=<memory:0\, vCores:0>,applicationType=MAPREDUCE,resourceSeconds=177432 MB-seconds\, 62 vcore-seconds,preemptedResourceSeconds=0 MB-seconds\, 0 vcore-seconds
scm_1       | 2022-02-05 01:06:19,950 [main] INFO algorithms.ContainerPlacementPolicyFactory: Create container placement policy of type org.apache.hadoop.hdds.scm.container.placement.algorithms.SCMContainerPlacementRandom
datanode_2  | 2022-02-05 01:06:40,941 [7a2e9ac8-b82e-44d3-93a7-2e883d499b64@group-BB636435CA9C-LeaderElection2] INFO server.RaftServer$Division: 7a2e9ac8-b82e-44d3-93a7-2e883d499b64@group-BB636435CA9C: change Leader from null to 7a2e9ac8-b82e-44d3-93a7-2e883d499b64 at term 1 for becomeLeader, leader elected after 5341ms
nm_1        | 2022-02-05 01:09:39 INFO  DefaultContainerExecutor:174 - Localizer CWD set to /tmp/hadoop-hadoop/nm-local-dir/usercache/hadoop/appcache/application_1644023161955_0003 = file:/tmp/hadoop-hadoop/nm-local-dir/usercache/hadoop/appcache/application_1644023161955_0003
rm_1        | 2022-02-05 01:08:36 INFO  AMLauncher:317 - Cleaning master appattempt_1644023161955_0001_000001
scm_1       | 2022-02-05 01:06:19,970 [main] INFO pipeline.PipelineStateManagerImpl: No pipeline exists in current db
datanode_2  | 2022-02-05 01:06:40,958 [7a2e9ac8-b82e-44d3-93a7-2e883d499b64@group-BB636435CA9C-LeaderElection2] INFO server.RaftServerConfigKeys: raft.server.staging.catchup.gap = 1000 (default)
nm_1        | 2022-02-05 01:09:39 INFO  ContainerLocalizer:139 - Disk Validator: yarn.nodemanager.disk-validator is loaded.
rm_1        | 2022-02-05 01:08:36 INFO  CapacityScheduler:2500 - Application 'application_1644023161955_0002' is submitted without priority hence considering default queue/cluster priority: 0
scm_1       | 2022-02-05 01:06:19,996 [main] INFO algorithms.LeaderChoosePolicyFactory: Create leader choose policy of type org.apache.hadoop.hdds.scm.pipeline.leader.choose.algorithms.MinLeaderCountChoosePolicy
