om_1        | 2022-11-21 01:11:33,582 [main] INFO om.OzoneManager: S3 Multi-Tenancy is enabled
om_1        | 2022-11-21 01:11:33,600 [main] INFO om.OMMultiTenantManagerImpl: Loaded 0 tenants and 0 tenant users from the database
scm_1       | 2022-11-21 01:10:32,769 [a070d900-adf4-4294-a08a-0193c33a76db@group-BE5B89C87EF9-LeaderElection1] INFO server.RaftServer$Division: a070d900-adf4-4294-a08a-0193c33a76db@group-BE5B89C87EF9: changes role from CANDIDATE to LEADER at term 1 for changeToLeader
scm_1       | 2022-11-21 01:10:32,769 [a070d900-adf4-4294-a08a-0193c33a76db@group-BE5B89C87EF9-LeaderElection1] INFO server.RaftServer$Division: a070d900-adf4-4294-a08a-0193c33a76db@group-BE5B89C87EF9: change Leader from null to a070d900-adf4-4294-a08a-0193c33a76db at term 1 for becomeLeader, leader elected after 5590ms
recon_1     | 2022-11-21 01:11:41,293 [Listener at 0.0.0.0/9891] INFO impl.MetricsSinkAdapter: Sink prometheus started
datanode_2  | 	at java.base/java.lang.Thread.run(Thread.java:829)
datanode_4  | 2022-11-21 01:11:21,855 [Datanode State Machine Task Thread - 0] INFO statemachine.SCMConnectionManager: Adding Recon Server : recon/172.18.0.3:9891
datanode_3  | 	at java.base/java.util.concurrent.ThreadPoolExecutor.runWorker(ThreadPoolExecutor.java:1128)
datanode_5  | 2022-11-21 01:11:21,096 [main] INFO server.session: DefaultSessionIdManager workerName=node0
datanode_1  | 	at org.apache.hadoop.ipc.Client$Connection.access$2300(Client.java:414)
om_1        | 2022-11-21 01:11:33,692 [main] INFO security.OzoneSecretStore: Loaded 0 tokens
scm_1       | 2022-11-21 01:10:32,775 [a070d900-adf4-4294-a08a-0193c33a76db@group-BE5B89C87EF9-LeaderElection1] INFO server.RaftServerConfigKeys: raft.server.staging.catchup.gap = 1000 (default)
kdc_1       | Nov 21 01:23:01 kdc krb5kdc[7](info): TGS_REQ (6 etypes {aes256-cts-hmac-sha1-96(18), aes128-cts-hmac-sha1-96(17), aes256-cts-hmac-sha384-192(20), aes128-cts-hmac-sha256-128(19), DEPRECATED:des3-cbc-sha1(16), DEPRECATED:arcfour-hmac(23)}) 172.18.0.4: ISSUE: authtime 1668993559, etypes {rep=aes256-cts-hmac-sha1-96(18), tkt=aes256-cts-hmac-sha1-96(18), ses=aes256-cts-hmac-sha1-96(18)}, testuser/scm@EXAMPLE.COM for om/om@EXAMPLE.COM
recon_1     | 2022-11-21 01:11:41,293 [Listener at 0.0.0.0/9891] INFO impl.MetricsSystemImpl: Registered sink prometheus
datanode_2  | Caused by: java.util.concurrent.TimeoutException
datanode_4  | 2022-11-21 01:11:21,918 [Datanode State Machine Task Thread - 0] INFO datanode.InitDatanodeState: DatanodeDetails is persisted to /data/datanode.id
datanode_3  | 	at java.base/java.util.concurrent.ThreadPoolExecutor$Worker.run(ThreadPoolExecutor.java:628)
datanode_3  | 	... 1 more
datanode_1  | 	at org.apache.hadoop.ipc.Client$Connection$2.run(Client.java:843)
om_1        | 2022-11-21 01:11:33,706 [main] INFO security.OzoneDelegationTokenSecretManager: Loading token state into token manager.
scm_1       | 2022-11-21 01:10:32,779 [a070d900-adf4-4294-a08a-0193c33a76db@group-BE5B89C87EF9-LeaderElection1] INFO server.RaftServerConfigKeys: raft.server.write.element-limit = 4096 (default)
kdc_1       | Nov 21 01:23:07 kdc krb5kdc[7](info): TGS_REQ (6 etypes {aes256-cts-hmac-sha1-96(18), aes128-cts-hmac-sha1-96(17), aes256-cts-hmac-sha384-192(20), aes128-cts-hmac-sha256-128(19), DEPRECATED:des3-cbc-sha1(16), DEPRECATED:arcfour-hmac(23)}) 172.18.0.4: ISSUE: authtime 1668993559, etypes {rep=aes256-cts-hmac-sha1-96(18), tkt=aes256-cts-hmac-sha1-96(18), ses=aes256-cts-hmac-sha1-96(18)}, testuser/scm@EXAMPLE.COM for om/om@EXAMPLE.COM
recon_1     | 2022-11-21 01:11:41,295 [Listener at 0.0.0.0/9891] INFO http.BaseHttpServer: HTTP server of recon listening at http://0.0.0.0:9888
datanode_2  | 	at java.base/java.util.concurrent.FutureTask.get(FutureTask.java:204)
datanode_4  | 2022-11-21 01:11:24,334 [EndpointStateMachine task thread for recon/172.18.0.3:9891 - 0 ] INFO ipc.Client: Retrying connect to server: recon/172.18.0.3:9891. Already tried 0 time(s); retry policy is RetryUpToMaximumCountWithFixedSleep(maxRetries=15, sleepTime=1000 MILLISECONDS)
datanode_5  | 2022-11-21 01:11:21,096 [main] INFO server.session: No SessionScavenger set, using defaults
datanode_3  | 2022-11-21 01:11:35,491 [EndpointStateMachine task thread for recon/172.18.0.3:9891 - 0 ] WARN statemachine.EndpointStateMachine: Unable to communicate to Recon server at recon:9891 for past 0 seconds.
datanode_1  | 	at org.apache.hadoop.ipc.Client$Connection$2.run(Client.java:839)
om_1        | 2022-11-21 01:11:33,706 [OMRangerBGSyncService#0] WARN service.OMRangerBGSyncService: OzoneManagerRatisServer is not initialized yet
scm_1       | 2022-11-21 01:10:32,780 [a070d900-adf4-4294-a08a-0193c33a76db@group-BE5B89C87EF9-LeaderElection1] INFO server.RaftServerConfigKeys: raft.server.write.byte-limit = 64MB (=67108864) (default)
scm_1       | 2022-11-21 01:10:32,786 [a070d900-adf4-4294-a08a-0193c33a76db@group-BE5B89C87EF9-LeaderElection1] INFO server.RaftServerConfigKeys: raft.server.watch.timeout = 10s (default)
recon_1     | 2022-11-21 01:11:41,296 [Listener at 0.0.0.0/9891] INFO impl.OzoneManagerServiceProviderImpl: Starting Ozone Manager Service Provider.
datanode_2  | 	at org.apache.hadoop.ozone.container.common.states.datanode.RunningDatanodeState.lambda$execute$0(RunningDatanodeState.java:157)
datanode_4  | 2022-11-21 01:11:25,335 [EndpointStateMachine task thread for recon/172.18.0.3:9891 - 0 ] INFO ipc.Client: Retrying connect to server: recon/172.18.0.3:9891. Already tried 1 time(s); retry policy is RetryUpToMaximumCountWithFixedSleep(maxRetries=15, sleepTime=1000 MILLISECONDS)
datanode_5  | 2022-11-21 01:11:21,117 [main] INFO server.session: node0 Scavenging every 660000ms
datanode_3  | java.io.IOException: DestHost:destPort recon:9891 , LocalHost:localPort 6488839f91fa/172.18.0.11:0. Failed on local exception: java.io.IOException: java.net.SocketTimeoutException: 5000 millis timeout while waiting for channel to be ready for read. ch : java.nio.channels.SocketChannel[connected local=/172.18.0.11:45126 remote=recon/172.18.0.3:9891]
datanode_1  | 	at java.base/java.security.AccessController.doPrivileged(Native Method)
om_1        | 2022-11-21 01:11:33,978 [main] INFO om.OzoneManager: Created Volume s3v With Owner om required for S3Gateway operations.
scm_1       | 2022-11-21 01:10:32,786 [a070d900-adf4-4294-a08a-0193c33a76db@group-BE5B89C87EF9-LeaderElection1] INFO server.RaftServerConfigKeys: raft.server.watch.timeout.denomination = 1s (default)
kdc_1       | Nov 21 01:23:13 kdc krb5kdc[7](info): TGS_REQ (6 etypes {aes256-cts-hmac-sha1-96(18), aes128-cts-hmac-sha1-96(17), aes256-cts-hmac-sha384-192(20), aes128-cts-hmac-sha256-128(19), DEPRECATED:des3-cbc-sha1(16), DEPRECATED:arcfour-hmac(23)}) 172.18.0.4: ISSUE: authtime 1668993559, etypes {rep=aes256-cts-hmac-sha1-96(18), tkt=aes256-cts-hmac-sha1-96(18), ses=aes256-cts-hmac-sha1-96(18)}, testuser/scm@EXAMPLE.COM for om/om@EXAMPLE.COM
recon_1     | 2022-11-21 01:11:41,349 [Listener at 0.0.0.0/9891] INFO impl.OzoneManagerServiceProviderImpl: Registered OmDeltaRequest task 
datanode_2  | 	at java.base/java.util.concurrent.FutureTask.run(FutureTask.java:264)
datanode_4  | 2022-11-21 01:11:26,337 [EndpointStateMachine task thread for recon/172.18.0.3:9891 - 0 ] INFO ipc.Client: Retrying connect to server: recon/172.18.0.3:9891. Already tried 2 time(s); retry policy is RetryUpToMaximumCountWithFixedSleep(maxRetries=15, sleepTime=1000 MILLISECONDS)
datanode_5  | 2022-11-21 01:11:21,347 [main] INFO server.KerberosAuthenticationHandler: Using keytab /etc/security/keytabs/dn.keytab, for principal HTTP/dn@EXAMPLE.COM
datanode_3  | 	at java.base/jdk.internal.reflect.NativeConstructorAccessorImpl.newInstance0(Native Method)
datanode_1  | 	at java.base/javax.security.auth.Subject.doAs(Subject.java:423)
om_1        | 2022-11-21 01:11:34,115 [main] WARN server.ServerUtils: Storage directory for Ratis is not configured. It is a good idea to map this to an SSD disk. Falling back to ozone.metadata.dirs
scm_1       | 2022-11-21 01:10:32,787 [a070d900-adf4-4294-a08a-0193c33a76db@group-BE5B89C87EF9-LeaderElection1] INFO server.RaftServerConfigKeys: raft.server.watch.element-limit = 65536 (default)
kdc_1       | Nov 21 01:23:19 kdc krb5kdc[7](info): TGS_REQ (6 etypes {aes256-cts-hmac-sha1-96(18), aes128-cts-hmac-sha1-96(17), aes256-cts-hmac-sha384-192(20), aes128-cts-hmac-sha256-128(19), DEPRECATED:des3-cbc-sha1(16), DEPRECATED:arcfour-hmac(23)}) 172.18.0.4: ISSUE: authtime 1668993559, etypes {rep=aes256-cts-hmac-sha1-96(18), tkt=aes256-cts-hmac-sha1-96(18), ses=aes256-cts-hmac-sha1-96(18)}, testuser/scm@EXAMPLE.COM for om/om@EXAMPLE.COM
recon_1     | 2022-11-21 01:11:41,384 [Listener at 0.0.0.0/9891] INFO impl.OzoneManagerServiceProviderImpl: Registered OmSnapshotRequest task 
datanode_2  | 	at java.base/java.util.concurrent.Executors$RunnableAdapter.call(Executors.java:515)
datanode_4  | 2022-11-21 01:11:26,724 [EndpointStateMachine task thread for scm/172.18.0.4:9861 - 0 ] INFO utils.DatanodeStoreCache: Added db /data/hdds/hdds/CID-5ce853aa-babf-439a-a90e-be5b89c87ef9/DS-0de21da6-9d4c-419e-928b-c5c1c9308d1c/container.db to cache
datanode_5  | 2022-11-21 01:11:21,351 [main] INFO handler.ContextHandler: Started o.e.j.s.ServletContextHandler@6d9bcf19{logs,/logs,file:///var/log/hadoop/,AVAILABLE}
datanode_3  | 	at java.base/jdk.internal.reflect.NativeConstructorAccessorImpl.newInstance(NativeConstructorAccessorImpl.java:62)
datanode_1  | 	at org.apache.hadoop.security.UserGroupInformation.doAs(UserGroupInformation.java:1878)
om_1        | 2022-11-21 01:11:34,130 [main] WARN utils.OzoneManagerRatisUtils: ozone.om.ratis.snapshot.dir is not configured. Falling back to ozone.metadata.dirs config
scm_1       | 2022-11-21 01:10:32,793 [a070d900-adf4-4294-a08a-0193c33a76db@group-BE5B89C87EF9-LeaderElection1] INFO server.RaftServerConfigKeys: raft.server.write.element-limit = 4096 (default)
kdc_1       | Nov 21 01:23:25 kdc krb5kdc[7](info): TGS_REQ (6 etypes {aes256-cts-hmac-sha1-96(18), aes128-cts-hmac-sha1-96(17), aes256-cts-hmac-sha384-192(20), aes128-cts-hmac-sha256-128(19), DEPRECATED:des3-cbc-sha1(16), DEPRECATED:arcfour-hmac(23)}) 172.18.0.4: ISSUE: authtime 1668993559, etypes {rep=aes256-cts-hmac-sha1-96(18), tkt=aes256-cts-hmac-sha1-96(18), ses=aes256-cts-hmac-sha1-96(18)}, testuser/scm@EXAMPLE.COM for om/om@EXAMPLE.COM
recon_1     | 2022-11-21 01:11:41,385 [Listener at 0.0.0.0/9891] INFO recovery.ReconOmMetadataManagerImpl: Starting ReconOMMetadataManagerImpl
datanode_2  | 	at java.base/java.util.concurrent.FutureTask.run(FutureTask.java:264)
datanode_4  | 2022-11-21 01:11:26,724 [EndpointStateMachine task thread for scm/172.18.0.4:9861 - 0 ] INFO volume.HddsVolume: SchemaV3 db is created and loaded at /data/hdds/hdds/CID-5ce853aa-babf-439a-a90e-be5b89c87ef9/DS-0de21da6-9d4c-419e-928b-c5c1c9308d1c/container.db for volume DS-0de21da6-9d4c-419e-928b-c5c1c9308d1c
datanode_5  | 2022-11-21 01:11:21,353 [main] INFO handler.ContextHandler: Started o.e.j.s.ServletContextHandler@1639ec7a{static,/static,jar:file:/opt/hadoop/share/ozone/lib/hdds-container-service-1.3.0-SNAPSHOT.jar!/webapps/static,AVAILABLE}
datanode_3  | 	at java.base/jdk.internal.reflect.DelegatingConstructorAccessorImpl.newInstance(DelegatingConstructorAccessorImpl.java:45)
datanode_1  | 	at org.apache.hadoop.ipc.Client$Connection.setupIOstreams(Client.java:839)
om_1        | 2022-11-21 01:11:34,175 [main] INFO metrics.MetricRegistries: Loaded MetricRegistries class org.apache.ratis.metrics.impl.MetricRegistriesImpl
scm_1       | 2022-11-21 01:10:32,798 [a070d900-adf4-4294-a08a-0193c33a76db@group-BE5B89C87EF9-LeaderElection1] INFO server.RaftServerConfigKeys: raft.server.write.follower.gap.ratio.max = -1.0 (default)
kdc_1       | Nov 21 01:23:31 kdc krb5kdc[7](info): TGS_REQ (6 etypes {aes256-cts-hmac-sha1-96(18), aes128-cts-hmac-sha1-96(17), aes256-cts-hmac-sha384-192(20), aes128-cts-hmac-sha256-128(19), DEPRECATED:des3-cbc-sha1(16), DEPRECATED:arcfour-hmac(23)}) 172.18.0.4: ISSUE: authtime 1668993559, etypes {rep=aes256-cts-hmac-sha1-96(18), tkt=aes256-cts-hmac-sha1-96(18), ses=aes256-cts-hmac-sha1-96(18)}, testuser/scm@EXAMPLE.COM for om/om@EXAMPLE.COM
recon_1     | 2022-11-21 01:11:41,385 [Listener at 0.0.0.0/9891] WARN recon.ReconUtils: ozone.recon.om.db.dir is not configured. We recommend adding this setting. Falling back to ozone.metadata.dirs instead.
recon_1     | 2022-11-21 01:11:41,386 [Listener at 0.0.0.0/9891] INFO tasks.ReconTaskControllerImpl: Starting Recon Task Controller.
datanode_4  | 2022-11-21 01:11:26,732 [EndpointStateMachine task thread for scm/172.18.0.4:9861 - 0 ] INFO ozoneimpl.OzoneContainer: Attempting to start container services.
datanode_5  | 2022-11-21 01:11:22,341 [main] INFO server.KerberosAuthenticationHandler: Using keytab /etc/security/keytabs/dn.keytab, for principal HTTP/dn@EXAMPLE.COM
datanode_3  | 	at java.base/java.lang.reflect.Constructor.newInstance(Constructor.java:490)
datanode_1  | 	... 15 more
om_1        | 2022-11-21 01:11:34,227 [main] WARN server.ServerUtils: Storage directory for Ratis is not configured. It is a good idea to map this to an SSD disk. Falling back to ozone.metadata.dirs
scm_1       | 2022-11-21 01:10:32,800 [a070d900-adf4-4294-a08a-0193c33a76db@group-BE5B89C87EF9-LeaderElection1] INFO impl.RoleInfo: a070d900-adf4-4294-a08a-0193c33a76db: start a070d900-adf4-4294-a08a-0193c33a76db@group-BE5B89C87EF9-LeaderStateImpl
recon_1     | 2022-11-21 01:11:41,392 [Listener at 0.0.0.0/9891] INFO scm.ReconStorageContainerManagerFacade: Recon ScmDatanodeProtocol RPC server is listening at /0.0.0.0:9891
datanode_2  | 	at java.base/java.util.concurrent.ThreadPoolExecutor.runWorker(ThreadPoolExecutor.java:1128)
kdc_1       | Nov 21 01:23:38 kdc krb5kdc[7](info): TGS_REQ (6 etypes {aes256-cts-hmac-sha1-96(18), aes128-cts-hmac-sha1-96(17), aes256-cts-hmac-sha384-192(20), aes128-cts-hmac-sha256-128(19), DEPRECATED:des3-cbc-sha1(16), DEPRECATED:arcfour-hmac(23)}) 172.18.0.4: ISSUE: authtime 1668993559, etypes {rep=aes256-cts-hmac-sha1-96(18), tkt=aes256-cts-hmac-sha1-96(18), ses=aes256-cts-hmac-sha1-96(18)}, testuser/scm@EXAMPLE.COM for om/om@EXAMPLE.COM
datanode_4  | 2022-11-21 01:11:26,762 [EndpointStateMachine task thread for scm/172.18.0.4:9861 - 0 ] INFO ozoneimpl.OzoneContainer: Scheduled background container scanners and the on-demand container scanner have been disabled.
datanode_5  | 2022-11-21 01:11:22,459 [main] INFO handler.ContextHandler: Started o.e.j.w.WebAppContext@eb1d7c8{hddsDatanode,/,file:///tmp/jetty-0_0_0_0-9882-hdds-container-service-1_3_0-SNAPSHOT_jar-_-any-13348172254159668765/webapp/,AVAILABLE}{jar:file:/opt/hadoop/share/ozone/lib/hdds-container-service-1.3.0-SNAPSHOT.jar!/webapps/hddsDatanode}
datanode_3  | 	at org.apache.hadoop.net.NetUtils.wrapWithMessage(NetUtils.java:913)
datanode_1  | 2022-11-21 01:12:02,665 [Command processor thread] INFO server.RaftServer: 27f806af-381b-423a-87c6-c5ab254e7d36: addNew group-1C3842EE56BD:[27f806af-381b-423a-87c6-c5ab254e7d36|rpc:172.18.0.10:9856|admin:172.18.0.10:9857|client:172.18.0.10:9858|priority:1|startupRole:FOLLOWER] returns group-1C3842EE56BD:java.util.concurrent.CompletableFuture@2985391e[Not completed]
om_1        | 2022-11-21 01:11:34,390 [main] INFO ratis.OzoneManagerRatisServer: Instantiating OM Ratis server with groupID: omServiceIdDefault and peers: om:9872
scm_1       | 2022-11-21 01:10:32,822 [a070d900-adf4-4294-a08a-0193c33a76db@group-BE5B89C87EF9-LeaderElection1] INFO segmented.SegmentedRaftLogWorker: a070d900-adf4-4294-a08a-0193c33a76db@group-BE5B89C87EF9-SegmentedRaftLogWorker: Starting segment from index:0
recon_1     | 2022-11-21 01:11:41,954 [Listener at 0.0.0.0/9891] INFO scm.ReconStorageContainerManagerFacade: Obtained 6 pipelines from SCM.
datanode_2  | 	at java.base/java.util.concurrent.ThreadPoolExecutor$Worker.run(ThreadPoolExecutor.java:628)
kdc_1       | Nov 21 01:23:44 kdc krb5kdc[7](info): TGS_REQ (6 etypes {aes256-cts-hmac-sha1-96(18), aes128-cts-hmac-sha1-96(17), aes256-cts-hmac-sha384-192(20), aes128-cts-hmac-sha256-128(19), DEPRECATED:des3-cbc-sha1(16), DEPRECATED:arcfour-hmac(23)}) 172.18.0.4: ISSUE: authtime 1668993559, etypes {rep=aes256-cts-hmac-sha1-96(18), tkt=aes256-cts-hmac-sha1-96(18), ses=aes256-cts-hmac-sha1-96(18)}, testuser/scm@EXAMPLE.COM for om/om@EXAMPLE.COM
kdc_1       | Nov 21 01:23:51 kdc krb5kdc[7](info): TGS_REQ (6 etypes {aes256-cts-hmac-sha1-96(18), aes128-cts-hmac-sha1-96(17), aes256-cts-hmac-sha384-192(20), aes128-cts-hmac-sha256-128(19), DEPRECATED:des3-cbc-sha1(16), DEPRECATED:arcfour-hmac(23)}) 172.18.0.4: ISSUE: authtime 1668993559, etypes {rep=aes256-cts-hmac-sha1-96(18), tkt=aes256-cts-hmac-sha1-96(18), ses=aes256-cts-hmac-sha1-96(18)}, testuser/scm@EXAMPLE.COM for om/om@EXAMPLE.COM
datanode_5  | 2022-11-21 01:11:22,563 [main] INFO server.AbstractConnector: Started ServerConnector@4d7a4317{HTTP/1.1, (http/1.1)}{0.0.0.0:9882}
datanode_3  | 	at org.apache.hadoop.net.NetUtils.wrapException(NetUtils.java:888)
datanode_1  | 2022-11-21 01:12:02,869 [pool-23-thread-1] INFO server.RaftServer$Division: 27f806af-381b-423a-87c6-c5ab254e7d36: new RaftServerImpl for group-1C3842EE56BD:[27f806af-381b-423a-87c6-c5ab254e7d36|rpc:172.18.0.10:9856|admin:172.18.0.10:9857|client:172.18.0.10:9858|priority:1|startupRole:FOLLOWER] with ContainerStateMachine:uninitialized
datanode_1  | 2022-11-21 01:12:02,903 [pool-23-thread-1] INFO server.RaftServerConfigKeys: raft.server.rpc.timeout.min = 5s (custom)
recon_1     | 2022-11-21 01:11:41,957 [Listener at 0.0.0.0/9891] INFO scm.ReconPipelineManager: Recon has 0 pipelines in house.
datanode_2  | 	... 1 more
datanode_4  | 2022-11-21 01:11:27,293 [EndpointStateMachine task thread for scm/172.18.0.4:9861 - 0 ] INFO ratis.XceiverServerRatis: Starting XceiverServerRatis 53d357f5-b4b9-4e48-ad2a-6c3235ceeb1c
kdc_1       | Nov 21 01:23:57 kdc krb5kdc[7](info): TGS_REQ (6 etypes {aes256-cts-hmac-sha1-96(18), aes128-cts-hmac-sha1-96(17), aes256-cts-hmac-sha384-192(20), aes128-cts-hmac-sha256-128(19), DEPRECATED:des3-cbc-sha1(16), DEPRECATED:arcfour-hmac(23)}) 172.18.0.4: ISSUE: authtime 1668993559, etypes {rep=aes256-cts-hmac-sha1-96(18), tkt=aes256-cts-hmac-sha1-96(18), ses=aes256-cts-hmac-sha1-96(18)}, testuser/scm@EXAMPLE.COM for om/om@EXAMPLE.COM
datanode_5  | 2022-11-21 01:11:22,563 [main] INFO server.Server: Started @103625ms
datanode_5  | 2022-11-21 01:11:22,574 [main] INFO impl.MetricsSinkAdapter: Sink prometheus started
datanode_1  | 2022-11-21 01:12:02,908 [pool-23-thread-1] INFO server.RaftServerConfigKeys: raft.server.rpc.timeout.max = 5200ms (custom)
om_1        | 2022-11-21 01:11:34,450 [main] INFO ratis.OzoneManagerStateMachine: LastAppliedIndex is set from TransactionInfo from OM DB as (t:0, i:~)
scm_1       | 2022-11-21 01:10:32,849 [a070d900-adf4-4294-a08a-0193c33a76db@group-BE5B89C87EF9-LeaderElection1] INFO server.RaftServer$Division: a070d900-adf4-4294-a08a-0193c33a76db@group-BE5B89C87EF9: set configuration 0: peers:[a070d900-adf4-4294-a08a-0193c33a76db|rpc:scm:9894|admin:|client:|dataStream:|priority:0|startupRole:FOLLOWER]|listeners:[], old=null
recon_1     | 2022-11-21 01:11:41,963 [Listener at 0.0.0.0/9891] INFO scm.ReconPipelineManager: Adding new pipeline PipelineID=76566841-2a35-4a5d-87c8-62a775909895 from SCM.
datanode_2  | 2022-11-21 01:11:39,894 [fc2950b4-f494-46eb-a785-75ba383bebaa@group-866C5CEFDD14-FollowerState] INFO impl.FollowerState: fc2950b4-f494-46eb-a785-75ba383bebaa@group-866C5CEFDD14-FollowerState: change to CANDIDATE, lastRpcElapsedTime:5063799640ns, electionTimeout:5010ms
kdc_1       | Nov 21 01:24:03 kdc krb5kdc[7](info): TGS_REQ (6 etypes {aes256-cts-hmac-sha1-96(18), aes128-cts-hmac-sha1-96(17), aes256-cts-hmac-sha384-192(20), aes128-cts-hmac-sha256-128(19), DEPRECATED:des3-cbc-sha1(16), DEPRECATED:arcfour-hmac(23)}) 172.18.0.4: ISSUE: authtime 1668993559, etypes {rep=aes256-cts-hmac-sha1-96(18), tkt=aes256-cts-hmac-sha1-96(18), ses=aes256-cts-hmac-sha1-96(18)}, testuser/scm@EXAMPLE.COM for om/om@EXAMPLE.COM
datanode_4  | 2022-11-21 01:11:27,349 [EndpointStateMachine task thread for recon/172.18.0.3:9891 - 0 ] INFO ipc.Client: Retrying connect to server: recon/172.18.0.3:9891. Already tried 3 time(s); retry policy is RetryUpToMaximumCountWithFixedSleep(maxRetries=15, sleepTime=1000 MILLISECONDS)
datanode_5  | 2022-11-21 01:11:22,574 [main] INFO impl.MetricsSystemImpl: Registered sink prometheus
datanode_3  | 	at org.apache.hadoop.ipc.Client.getRpcResponse(Client.java:1616)
datanode_1  | 2022-11-21 01:12:02,929 [pool-23-thread-1] INFO server.RaftServerConfigKeys: raft.server.rpc.sleep.time = 25ms (default)
om_1        | 2022-11-21 01:11:34,958 [main] INFO server.RaftServer: raft.rpc.type = GRPC (default)
scm_1       | 2022-11-21 01:10:32,909 [a070d900-adf4-4294-a08a-0193c33a76db@group-BE5B89C87EF9-SegmentedRaftLogWorker] INFO segmented.SegmentedRaftLogWorker: a070d900-adf4-4294-a08a-0193c33a76db@group-BE5B89C87EF9-SegmentedRaftLogWorker: created new log segment /data/metadata/scm-ha/5ce853aa-babf-439a-a90e-be5b89c87ef9/current/log_inprogress_0
recon_1     | 2022-11-21 01:11:42,109 [Listener at 0.0.0.0/9891] INFO pipeline.PipelineStateManagerImpl: Created pipeline Pipeline[ Id: 76566841-2a35-4a5d-87c8-62a775909895, Nodes: 27f806af-381b-423a-87c6-c5ab254e7d36{ip: 172.18.0.10, host: ozonesecure_datanode_1.ozonesecure_default, ports: [REPLICATION=9886, RATIS=9858, RATIS_ADMIN=9857, RATIS_SERVER=9856, STANDALONE=9859], networkLocation: /default-rack, certSerialId: null, persistedOpState: IN_SERVICE, persistedOpStateExpiryEpochSec: 0}34e7767b-2b70-4510-b398-473c7e2e223d{ip: 172.18.0.11, host: ozonesecure_datanode_3.ozonesecure_default, ports: [REPLICATION=9886, RATIS=9858, RATIS_ADMIN=9857, RATIS_SERVER=9856, STANDALONE=9859], networkLocation: /default-rack, certSerialId: null, persistedOpState: IN_SERVICE, persistedOpStateExpiryEpochSec: 0}53d357f5-b4b9-4e48-ad2a-6c3235ceeb1c{ip: 172.18.0.6, host: ozonesecure_datanode_4.ozonesecure_default, ports: [REPLICATION=9886, RATIS=9858, RATIS_ADMIN=9857, RATIS_SERVER=9856, STANDALONE=9859], networkLocation: /default-rack, certSerialId: null, persistedOpState: IN_SERVICE, persistedOpStateExpiryEpochSec: 0}, ReplicationConfig: RATIS/THREE, State:ALLOCATED, leaderId:, CreationTimestamp2022-11-21T01:11:31.435Z[UTC]].
datanode_2  | 2022-11-21 01:11:39,895 [fc2950b4-f494-46eb-a785-75ba383bebaa@group-866C5CEFDD14-FollowerState] INFO impl.RoleInfo: fc2950b4-f494-46eb-a785-75ba383bebaa: shutdown fc2950b4-f494-46eb-a785-75ba383bebaa@group-866C5CEFDD14-FollowerState
kdc_1       | Nov 21 01:24:09 kdc krb5kdc[7](info): TGS_REQ (6 etypes {aes256-cts-hmac-sha1-96(18), aes128-cts-hmac-sha1-96(17), aes256-cts-hmac-sha384-192(20), aes128-cts-hmac-sha256-128(19), DEPRECATED:des3-cbc-sha1(16), DEPRECATED:arcfour-hmac(23)}) 172.18.0.4: ISSUE: authtime 1668993559, etypes {rep=aes256-cts-hmac-sha1-96(18), tkt=aes256-cts-hmac-sha1-96(18), ses=aes256-cts-hmac-sha1-96(18)}, testuser/scm@EXAMPLE.COM for om/om@EXAMPLE.COM
datanode_4  | 2022-11-21 01:11:27,460 [EndpointStateMachine task thread for scm/172.18.0.4:9861 - 0 ] INFO server.RaftServer: 53d357f5-b4b9-4e48-ad2a-6c3235ceeb1c: start RPC server
datanode_5  | 2022-11-21 01:11:22,578 [main] INFO http.BaseHttpServer: HTTP server of hddsDatanode listening at http://0.0.0.0:9882
datanode_3  | 	at org.apache.hadoop.ipc.Client.call(Client.java:1558)
datanode_1  | 2022-11-21 01:12:02,937 [pool-23-thread-1] INFO server.RaftServerConfigKeys: raft.server.rpc.slowness.timeout = 300s (custom)
om_1        | 2022-11-21 01:11:35,401 [main] INFO grpc.GrpcConfigKeys: raft.grpc.admin.host = null (fallback to raft.grpc.server.host)
scm_1       | 2022-11-21 01:10:33,695 [main] INFO server.RaftServer: a070d900-adf4-4294-a08a-0193c33a76db: close
recon_1     | 2022-11-21 01:11:42,124 [Listener at 0.0.0.0/9891] INFO scm.ReconPipelineManager: Adding new pipeline PipelineID=1b01d8f8-e805-4e79-9727-341877241f39 from SCM.
datanode_2  | 2022-11-21 01:11:39,896 [fc2950b4-f494-46eb-a785-75ba383bebaa@group-866C5CEFDD14-FollowerState] INFO server.RaftServer$Division: fc2950b4-f494-46eb-a785-75ba383bebaa@group-866C5CEFDD14: changes role from  FOLLOWER to CANDIDATE at term 0 for changeToCandidate
kdc_1       | Nov 21 01:24:15 kdc krb5kdc[7](info): TGS_REQ (6 etypes {aes256-cts-hmac-sha1-96(18), aes128-cts-hmac-sha1-96(17), aes256-cts-hmac-sha384-192(20), aes128-cts-hmac-sha256-128(19), DEPRECATED:des3-cbc-sha1(16), DEPRECATED:arcfour-hmac(23)}) 172.18.0.4: ISSUE: authtime 1668993559, etypes {rep=aes256-cts-hmac-sha1-96(18), tkt=aes256-cts-hmac-sha1-96(18), ses=aes256-cts-hmac-sha1-96(18)}, testuser/scm@EXAMPLE.COM for om/om@EXAMPLE.COM
datanode_4  | 2022-11-21 01:11:27,492 [EndpointStateMachine task thread for scm/172.18.0.4:9861 - 0 ] INFO server.GrpcService: 53d357f5-b4b9-4e48-ad2a-6c3235ceeb1c: GrpcService started, listening on 9858
datanode_5  | 2022-11-21 01:11:22,627 [Datanode State Machine Daemon Thread] INFO statemachine.DatanodeStateMachine: Ozone container server started.
datanode_3  | 	at org.apache.hadoop.ipc.Client.call(Client.java:1455)
datanode_1  | 2022-11-21 01:12:02,941 [pool-23-thread-1] INFO server.RaftServerConfigKeys: raft.server.leaderelection.leader.step-down.wait-time = 10s (default)
om_1        | 2022-11-21 01:11:35,407 [main] INFO grpc.GrpcConfigKeys: raft.grpc.admin.port = 9872 (fallback to raft.grpc.server.port)
scm_1       | 2022-11-21 01:10:33,696 [main] INFO server.GrpcService: a070d900-adf4-4294-a08a-0193c33a76db: shutdown server GrpcServerProtocolService now
recon_1     | 2022-11-21 01:11:42,126 [Listener at 0.0.0.0/9891] INFO pipeline.PipelineStateManagerImpl: Created pipeline Pipeline[ Id: 1b01d8f8-e805-4e79-9727-341877241f39, Nodes: 34e7767b-2b70-4510-b398-473c7e2e223d{ip: 172.18.0.11, host: ozonesecure_datanode_3.ozonesecure_default, ports: [REPLICATION=9886, RATIS=9858, RATIS_ADMIN=9857, RATIS_SERVER=9856, STANDALONE=9859], networkLocation: /default-rack, certSerialId: null, persistedOpState: IN_SERVICE, persistedOpStateExpiryEpochSec: 0}, ReplicationConfig: RATIS/ONE, State:ALLOCATED, leaderId:, CreationTimestamp2022-11-21T01:11:30.239Z[UTC]].
datanode_2  | 2022-11-21 01:11:39,907 [fc2950b4-f494-46eb-a785-75ba383bebaa@group-866C5CEFDD14-FollowerState] INFO server.RaftServerConfigKeys: raft.server.leaderelection.pre-vote = false (custom)
kdc_1       | Nov 21 01:24:21 kdc krb5kdc[7](info): TGS_REQ (6 etypes {aes256-cts-hmac-sha1-96(18), aes128-cts-hmac-sha1-96(17), aes256-cts-hmac-sha384-192(20), aes128-cts-hmac-sha256-128(19), DEPRECATED:des3-cbc-sha1(16), DEPRECATED:arcfour-hmac(23)}) 172.18.0.4: ISSUE: authtime 1668993559, etypes {rep=aes256-cts-hmac-sha1-96(18), tkt=aes256-cts-hmac-sha1-96(18), ses=aes256-cts-hmac-sha1-96(18)}, testuser/scm@EXAMPLE.COM for om/om@EXAMPLE.COM
datanode_4  | 2022-11-21 01:11:27,517 [EndpointStateMachine task thread for scm/172.18.0.4:9861 - 0 ] INFO server.GrpcService: 53d357f5-b4b9-4e48-ad2a-6c3235ceeb1c: GrpcService started, listening on 9856
datanode_5  | 2022-11-21 01:11:22,887 [org.apache.hadoop.util.JvmPauseMonitor$Monitor@4d84e2ce] INFO util.JvmPauseMonitor: Starting JVM pause monitor
datanode_3  | 	at org.apache.hadoop.ipc.ProtobufRpcEngine$Invoker.invoke(ProtobufRpcEngine.java:235)
datanode_3  | 	at org.apache.hadoop.ipc.ProtobufRpcEngine$Invoker.invoke(ProtobufRpcEngine.java:122)
datanode_3  | 	at com.sun.proxy.$Proxy41.submitRequest(Unknown Source)
datanode_3  | 	at org.apache.hadoop.ozone.protocolPB.StorageContainerDatanodeProtocolClientSideTranslatorPB.submitRequest(StorageContainerDatanodeProtocolClientSideTranslatorPB.java:117)
recon_1     | 2022-11-21 01:11:42,128 [Listener at 0.0.0.0/9891] INFO scm.ReconPipelineManager: Adding new pipeline PipelineID=7ab1e0cc-3aaa-4098-8177-0d240e1c581a from SCM.
datanode_2  | 2022-11-21 01:11:39,907 [fc2950b4-f494-46eb-a785-75ba383bebaa@group-866C5CEFDD14-FollowerState] INFO impl.RoleInfo: fc2950b4-f494-46eb-a785-75ba383bebaa: start fc2950b4-f494-46eb-a785-75ba383bebaa@group-866C5CEFDD14-LeaderElection1
datanode_2  | 2022-11-21 01:11:39,931 [fc2950b4-f494-46eb-a785-75ba383bebaa@group-866C5CEFDD14-LeaderElection1] INFO impl.LeaderElection: fc2950b4-f494-46eb-a785-75ba383bebaa@group-866C5CEFDD14-LeaderElection1 ELECTION round 0: submit vote requests at term 1 for -1: peers:[fc2950b4-f494-46eb-a785-75ba383bebaa|rpc:172.18.0.8:9856|admin:172.18.0.8:9857|client:172.18.0.8:9858|priority:1|startupRole:FOLLOWER]|listeners:[], old=null
datanode_4  | 2022-11-21 01:11:27,526 [EndpointStateMachine task thread for scm/172.18.0.4:9861 - 0 ] INFO server.GrpcService: 53d357f5-b4b9-4e48-ad2a-6c3235ceeb1c: GrpcService started, listening on 9857
datanode_5  | 2022-11-21 01:11:23,498 [Datanode State Machine Task Thread - 0] INFO statemachine.SCMConnectionManager: Adding Recon Server : recon/172.18.0.3:9891
scm_1       | 2022-11-21 01:10:33,699 [a070d900-adf4-4294-a08a-0193c33a76db-impl-thread1] INFO server.RaftServer$Division: a070d900-adf4-4294-a08a-0193c33a76db@group-BE5B89C87EF9: shutdown
om_1        | 2022-11-21 01:11:35,408 [main] INFO grpc.GrpcConfigKeys: raft.grpc.client.host = null (fallback to raft.grpc.server.host)
datanode_3  | 	at org.apache.hadoop.ozone.protocolPB.StorageContainerDatanodeProtocolClientSideTranslatorPB.getVersion(StorageContainerDatanodeProtocolClientSideTranslatorPB.java:133)
recon_1     | 2022-11-21 01:11:42,130 [Listener at 0.0.0.0/9891] INFO pipeline.PipelineStateManagerImpl: Created pipeline Pipeline[ Id: 7ab1e0cc-3aaa-4098-8177-0d240e1c581a, Nodes: 53d357f5-b4b9-4e48-ad2a-6c3235ceeb1c{ip: 172.18.0.6, host: ozonesecure_datanode_4.ozonesecure_default, ports: [REPLICATION=9886, RATIS=9858, RATIS_ADMIN=9857, RATIS_SERVER=9856, STANDALONE=9859], networkLocation: /default-rack, certSerialId: null, persistedOpState: IN_SERVICE, persistedOpStateExpiryEpochSec: 0}, ReplicationConfig: RATIS/ONE, State:ALLOCATED, leaderId:, CreationTimestamp2022-11-21T01:11:30.295Z[UTC]].
datanode_1  | 2022-11-21 01:12:02,944 [pool-23-thread-1] INFO server.RaftServerConfigKeys: raft.server.sleep.deviation.threshold = 300ms (default)
datanode_2  | 2022-11-21 01:11:39,932 [fc2950b4-f494-46eb-a785-75ba383bebaa@group-866C5CEFDD14-LeaderElection1] INFO impl.LeaderElection: fc2950b4-f494-46eb-a785-75ba383bebaa@group-866C5CEFDD14-LeaderElection1 ELECTION round 0: result PASSED (term=1)
kdc_1       | Nov 21 01:24:27 kdc krb5kdc[7](info): TGS_REQ (6 etypes {aes256-cts-hmac-sha1-96(18), aes128-cts-hmac-sha1-96(17), aes256-cts-hmac-sha384-192(20), aes128-cts-hmac-sha256-128(19), DEPRECATED:des3-cbc-sha1(16), DEPRECATED:arcfour-hmac(23)}) 172.18.0.4: ISSUE: authtime 1668993559, etypes {rep=aes256-cts-hmac-sha1-96(18), tkt=aes256-cts-hmac-sha1-96(18), ses=aes256-cts-hmac-sha1-96(18)}, testuser/scm@EXAMPLE.COM for om/om@EXAMPLE.COM
datanode_4  | 2022-11-21 01:11:27,528 [EndpointStateMachine task thread for scm/172.18.0.4:9861 - 0 ] INFO ratis.XceiverServerRatis: XceiverServerRatis 53d357f5-b4b9-4e48-ad2a-6c3235ceeb1c is started using port 9858 for RATIS
datanode_5  | 2022-11-21 01:11:23,530 [Datanode State Machine Task Thread - 0] INFO datanode.InitDatanodeState: DatanodeDetails is persisted to /data/datanode.id
datanode_4  | 2022-11-21 01:11:27,528 [EndpointStateMachine task thread for scm/172.18.0.4:9861 - 0 ] INFO ratis.XceiverServerRatis: XceiverServerRatis 53d357f5-b4b9-4e48-ad2a-6c3235ceeb1c is started using port 9857 for RATIS_ADMIN
scm_1       | 2022-11-21 01:10:33,700 [a070d900-adf4-4294-a08a-0193c33a76db-impl-thread1] INFO util.JmxRegister: Successfully un-registered JMX Bean with object name Ratis:service=RaftServer,group=group-BE5B89C87EF9,id=a070d900-adf4-4294-a08a-0193c33a76db
datanode_2  | 2022-11-21 01:11:39,936 [fc2950b4-f494-46eb-a785-75ba383bebaa@group-866C5CEFDD14-LeaderElection1] INFO impl.RoleInfo: fc2950b4-f494-46eb-a785-75ba383bebaa: shutdown fc2950b4-f494-46eb-a785-75ba383bebaa@group-866C5CEFDD14-LeaderElection1
recon_1     | 2022-11-21 01:11:42,131 [Listener at 0.0.0.0/9891] INFO scm.ReconPipelineManager: Adding new pipeline PipelineID=9b2c86d2-8ef9-46a0-a48c-866c5cefdd14 from SCM.
om_1        | 2022-11-21 01:11:35,408 [main] INFO grpc.GrpcConfigKeys: raft.grpc.client.port = 9872 (fallback to raft.grpc.server.port)
datanode_3  | 	at org.apache.hadoop.ozone.container.common.states.endpoint.VersionEndpointTask.call(VersionEndpointTask.java:69)
kdc_1       | Nov 21 01:24:33 kdc krb5kdc[7](info): TGS_REQ (6 etypes {aes256-cts-hmac-sha1-96(18), aes128-cts-hmac-sha1-96(17), aes256-cts-hmac-sha384-192(20), aes128-cts-hmac-sha256-128(19), DEPRECATED:des3-cbc-sha1(16), DEPRECATED:arcfour-hmac(23)}) 172.18.0.4: ISSUE: authtime 1668993559, etypes {rep=aes256-cts-hmac-sha1-96(18), tkt=aes256-cts-hmac-sha1-96(18), ses=aes256-cts-hmac-sha1-96(18)}, testuser/scm@EXAMPLE.COM for om/om@EXAMPLE.COM
datanode_5  | 2022-11-21 01:11:26,037 [EndpointStateMachine task thread for recon/172.18.0.3:9891 - 0 ] INFO ipc.Client: Retrying connect to server: recon/172.18.0.3:9891. Already tried 0 time(s); retry policy is RetryUpToMaximumCountWithFixedSleep(maxRetries=15, sleepTime=1000 MILLISECONDS)
datanode_5  | 2022-11-21 01:11:27,001 [EndpointStateMachine task thread for scm/172.18.0.4:9861 - 0 ] INFO utils.DatanodeStoreCache: Added db /data/hdds/hdds/CID-5ce853aa-babf-439a-a90e-be5b89c87ef9/DS-3495adfc-3f33-4101-8f43-fa000664c9f9/container.db to cache
datanode_4  | 2022-11-21 01:11:27,529 [EndpointStateMachine task thread for scm/172.18.0.4:9861 - 0 ] INFO ratis.XceiverServerRatis: XceiverServerRatis 53d357f5-b4b9-4e48-ad2a-6c3235ceeb1c is started using port 9856 for RATIS_SERVER
scm_1       | 2022-11-21 01:10:33,700 [a070d900-adf4-4294-a08a-0193c33a76db-impl-thread1] INFO impl.RoleInfo: a070d900-adf4-4294-a08a-0193c33a76db: shutdown a070d900-adf4-4294-a08a-0193c33a76db@group-BE5B89C87EF9-LeaderStateImpl
datanode_2  | 2022-11-21 01:11:39,936 [fc2950b4-f494-46eb-a785-75ba383bebaa@group-866C5CEFDD14-LeaderElection1] INFO server.RaftServer$Division: fc2950b4-f494-46eb-a785-75ba383bebaa@group-866C5CEFDD14: changes role from CANDIDATE to LEADER at term 1 for changeToLeader
recon_1     | 2022-11-21 01:11:42,134 [Listener at 0.0.0.0/9891] INFO pipeline.PipelineStateManagerImpl: Created pipeline Pipeline[ Id: 9b2c86d2-8ef9-46a0-a48c-866c5cefdd14, Nodes: fc2950b4-f494-46eb-a785-75ba383bebaa{ip: 172.18.0.8, host: ozonesecure_datanode_2.ozonesecure_default, ports: [REPLICATION=9886, RATIS=9858, RATIS_ADMIN=9857, RATIS_SERVER=9856, STANDALONE=9859], networkLocation: /default-rack, certSerialId: null, persistedOpState: IN_SERVICE, persistedOpStateExpiryEpochSec: 0}, ReplicationConfig: RATIS/ONE, State:OPEN, leaderId:fc2950b4-f494-46eb-a785-75ba383bebaa, CreationTimestamp2022-11-21T01:11:31.180Z[UTC]].
om_1        | 2022-11-21 01:11:35,409 [main] INFO grpc.GrpcConfigKeys: raft.grpc.server.host = null (default)
datanode_3  | 	at org.apache.hadoop.ozone.container.common.states.endpoint.VersionEndpointTask.call(VersionEndpointTask.java:40)
kdc_1       | Nov 21 01:24:36 kdc krb5kdc[7](info): AS_REQ (8 etypes {aes256-cts-hmac-sha1-96(18), aes128-cts-hmac-sha1-96(17), aes256-cts-hmac-sha384-192(20), aes128-cts-hmac-sha256-128(19), DEPRECATED:des3-cbc-sha1(16), DEPRECATED:arcfour-hmac(23), camellia128-cts-cmac(25), camellia256-cts-cmac(26)}) 172.18.0.4: ISSUE: authtime 1668993876, etypes {rep=aes256-cts-hmac-sha1-96(18), tkt=aes256-cts-hmac-sha1-96(18), ses=aes256-cts-hmac-sha1-96(18)}, testuser/scm@EXAMPLE.COM for krbtgt/EXAMPLE.COM@EXAMPLE.COM
datanode_5  | 2022-11-21 01:11:27,003 [EndpointStateMachine task thread for scm/172.18.0.4:9861 - 0 ] INFO volume.HddsVolume: SchemaV3 db is created and loaded at /data/hdds/hdds/CID-5ce853aa-babf-439a-a90e-be5b89c87ef9/DS-3495adfc-3f33-4101-8f43-fa000664c9f9/container.db for volume DS-3495adfc-3f33-4101-8f43-fa000664c9f9
datanode_1  | 2022-11-21 01:12:03,028 [pool-23-thread-1] INFO server.RaftServer$Division: 27f806af-381b-423a-87c6-c5ab254e7d36@group-1C3842EE56BD: ConfigurationManager, init=-1: peers:[27f806af-381b-423a-87c6-c5ab254e7d36|rpc:172.18.0.10:9856|admin:172.18.0.10:9857|client:172.18.0.10:9858|priority:1|startupRole:FOLLOWER]|listeners:[], old=null, confs=<EMPTY_MAP>
datanode_4  | 2022-11-21 01:11:27,541 [JvmPauseMonitor0] INFO util.JvmPauseMonitor: JvmPauseMonitor-53d357f5-b4b9-4e48-ad2a-6c3235ceeb1c: Started
scm_1       | 2022-11-21 01:10:33,713 [a070d900-adf4-4294-a08a-0193c33a76db-impl-thread1] INFO impl.PendingRequests: a070d900-adf4-4294-a08a-0193c33a76db@group-BE5B89C87EF9-PendingRequests: sendNotLeaderResponses
datanode_2  | 2022-11-21 01:11:39,937 [fc2950b4-f494-46eb-a785-75ba383bebaa@group-866C5CEFDD14-LeaderElection1] INFO ratis.XceiverServerRatis: Leader change notification received for group: group-866C5CEFDD14 with new leaderId: fc2950b4-f494-46eb-a785-75ba383bebaa
datanode_2  | 2022-11-21 01:11:39,943 [fc2950b4-f494-46eb-a785-75ba383bebaa@group-866C5CEFDD14-LeaderElection1] INFO server.RaftServer$Division: fc2950b4-f494-46eb-a785-75ba383bebaa@group-866C5CEFDD14: change Leader from null to fc2950b4-f494-46eb-a785-75ba383bebaa at term 1 for becomeLeader, leader elected after 5899ms
om_1        | 2022-11-21 01:11:35,409 [main] INFO grpc.GrpcConfigKeys: raft.grpc.server.port = 9872 (custom)
datanode_3  | 	at java.base/java.util.concurrent.FutureTask.run(FutureTask.java:264)
datanode_3  | 	at java.base/java.util.concurrent.ThreadPoolExecutor.runWorker(ThreadPoolExecutor.java:1128)
datanode_5  | 2022-11-21 01:11:27,004 [EndpointStateMachine task thread for scm/172.18.0.4:9861 - 0 ] INFO ozoneimpl.OzoneContainer: Attempting to start container services.
datanode_1  | 2022-11-21 01:12:03,031 [pool-23-thread-1] INFO server.RaftServerConfigKeys: raft.server.storage.dir = [/data/metadata/ratis] (custom)
datanode_4  | 2022-11-21 01:11:28,350 [EndpointStateMachine task thread for recon/172.18.0.3:9891 - 0 ] INFO ipc.Client: Retrying connect to server: recon/172.18.0.3:9891. Already tried 4 time(s); retry policy is RetryUpToMaximumCountWithFixedSleep(maxRetries=15, sleepTime=1000 MILLISECONDS)
scm_1       | 2022-11-21 01:10:33,715 [main] INFO server.GrpcService: a070d900-adf4-4294-a08a-0193c33a76db: shutdown server GrpcServerProtocolService successfully
datanode_4  | 2022-11-21 01:11:29,356 [EndpointStateMachine task thread for recon/172.18.0.3:9891 - 0 ] INFO ipc.Client: Retrying connect to server: recon/172.18.0.3:9891. Already tried 5 time(s); retry policy is RetryUpToMaximumCountWithFixedSleep(maxRetries=15, sleepTime=1000 MILLISECONDS)
datanode_2  | 2022-11-21 01:11:39,970 [fc2950b4-f494-46eb-a785-75ba383bebaa@group-866C5CEFDD14-LeaderElection1] INFO server.RaftServerConfigKeys: raft.server.staging.catchup.gap = 1000 (default)
recon_1     | 2022-11-21 01:11:42,135 [Listener at 0.0.0.0/9891] INFO scm.ReconPipelineManager: Adding new pipeline PipelineID=177378f0-0e0a-41da-ae45-c235935b2115 from SCM.
om_1        | 2022-11-21 01:11:35,410 [main] INFO server.GrpcService: raft.grpc.message.size.max = 33554432 (custom)
kdc_1       | Nov 21 01:24:42 kdc krb5kdc[7](info): TGS_REQ (6 etypes {aes256-cts-hmac-sha1-96(18), aes128-cts-hmac-sha1-96(17), aes256-cts-hmac-sha384-192(20), aes128-cts-hmac-sha256-128(19), DEPRECATED:des3-cbc-sha1(16), DEPRECATED:arcfour-hmac(23)}) 172.18.0.4: ISSUE: authtime 1668993876, etypes {rep=aes256-cts-hmac-sha1-96(18), tkt=aes256-cts-hmac-sha1-96(18), ses=aes256-cts-hmac-sha1-96(18)}, testuser/scm@EXAMPLE.COM for om/om@EXAMPLE.COM
datanode_5  | 2022-11-21 01:11:27,006 [EndpointStateMachine task thread for scm/172.18.0.4:9861 - 0 ] INFO ozoneimpl.OzoneContainer: Scheduled background container scanners and the on-demand container scanner have been disabled.
datanode_1  | 2022-11-21 01:12:03,075 [pool-23-thread-1] INFO server.RaftServerConfigKeys: raft.server.log.corruption.policy = EXCEPTION (default)
datanode_4  | 2022-11-21 01:11:30,357 [EndpointStateMachine task thread for recon/172.18.0.3:9891 - 0 ] INFO ipc.Client: Retrying connect to server: recon/172.18.0.3:9891. Already tried 6 time(s); retry policy is RetryUpToMaximumCountWithFixedSleep(maxRetries=15, sleepTime=1000 MILLISECONDS)
datanode_2  | 2022-11-21 01:11:39,991 [fc2950b4-f494-46eb-a785-75ba383bebaa@group-866C5CEFDD14-LeaderElection1] INFO server.RaftServerConfigKeys: raft.server.write.element-limit = 1024 (custom)
datanode_2  | 2022-11-21 01:11:39,993 [fc2950b4-f494-46eb-a785-75ba383bebaa@group-866C5CEFDD14-LeaderElection1] INFO server.RaftServerConfigKeys: raft.server.write.byte-limit = 1024 M (=1073741824) (custom)
datanode_3  | 	at java.base/java.util.concurrent.ThreadPoolExecutor$Worker.run(ThreadPoolExecutor.java:628)
om_1        | 2022-11-21 01:11:35,412 [main] INFO server.RaftServerConfigKeys: raft.server.log.appender.buffer.byte-limit = 33554432 (custom)
scm_1       | 2022-11-21 01:10:33,715 [a070d900-adf4-4294-a08a-0193c33a76db-impl-thread1] INFO impl.StateMachineUpdater: a070d900-adf4-4294-a08a-0193c33a76db@group-BE5B89C87EF9-StateMachineUpdater: set stopIndex = 0
scm_1       | 2022-11-21 01:10:33,717 [a070d900-adf4-4294-a08a-0193c33a76db@group-BE5B89C87EF9-StateMachineUpdater] INFO impl.StateMachineUpdater: a070d900-adf4-4294-a08a-0193c33a76db@group-BE5B89C87EF9-StateMachineUpdater: Took a snapshot at index 0
datanode_5  | 2022-11-21 01:11:27,038 [EndpointStateMachine task thread for recon/172.18.0.3:9891 - 0 ] INFO ipc.Client: Retrying connect to server: recon/172.18.0.3:9891. Already tried 1 time(s); retry policy is RetryUpToMaximumCountWithFixedSleep(maxRetries=15, sleepTime=1000 MILLISECONDS)
datanode_1  | 2022-11-21 01:12:03,088 [pool-23-thread-1] INFO server.RaftServerConfigKeys: raft.server.storage.free-space.min = 0MB (=0) (default)
datanode_4  | 2022-11-21 01:11:31,238 [Datanode State Machine Daemon Thread] ERROR datanode.RunningDatanodeState: Error in executing end point task.
datanode_4  | java.util.concurrent.ExecutionException: java.util.concurrent.TimeoutException
recon_1     | 2022-11-21 01:11:42,136 [Listener at 0.0.0.0/9891] INFO pipeline.PipelineStateManagerImpl: Created pipeline Pipeline[ Id: 177378f0-0e0a-41da-ae45-c235935b2115, Nodes: 3a2a1d69-5449-4c45-8526-1dac2dc5aeb9{ip: 172.18.0.9, host: ozonesecure_datanode_5.ozonesecure_default, ports: [REPLICATION=9886, RATIS=9858, RATIS_ADMIN=9857, RATIS_SERVER=9856, STANDALONE=9859], networkLocation: /default-rack, certSerialId: null, persistedOpState: IN_SERVICE, persistedOpStateExpiryEpochSec: 0}, ReplicationConfig: RATIS/ONE, State:ALLOCATED, leaderId:, CreationTimestamp2022-11-21T01:11:29.507Z[UTC]].
datanode_3  | 	at java.base/java.lang.Thread.run(Thread.java:829)
om_1        | 2022-11-21 01:11:35,413 [main] INFO server.GrpcService: raft.grpc.flow.control.window = 1MB (=1048576) (default)
scm_1       | 2022-11-21 01:10:33,717 [a070d900-adf4-4294-a08a-0193c33a76db@group-BE5B89C87EF9-StateMachineUpdater] INFO impl.StateMachineUpdater: a070d900-adf4-4294-a08a-0193c33a76db@group-BE5B89C87EF9-StateMachineUpdater: snapshotIndex: updateIncreasingly -1 -> 0
kdc_1       | Nov 21 01:24:45 kdc krb5kdc[7](info): TGS_REQ (6 etypes {aes256-cts-hmac-sha1-96(18), aes128-cts-hmac-sha1-96(17), aes256-cts-hmac-sha384-192(20), aes128-cts-hmac-sha256-128(19), DEPRECATED:des3-cbc-sha1(16), DEPRECATED:arcfour-hmac(23)}) 172.18.0.4: ISSUE: authtime 1668993876, etypes {rep=aes256-cts-hmac-sha1-96(18), tkt=aes256-cts-hmac-sha1-96(18), ses=aes256-cts-hmac-sha1-96(18)}, testuser/scm@EXAMPLE.COM for om/om@EXAMPLE.COM
datanode_5  | 2022-11-21 01:11:27,309 [EndpointStateMachine task thread for scm/172.18.0.4:9861 - 0 ] INFO ratis.XceiverServerRatis: Starting XceiverServerRatis 3a2a1d69-5449-4c45-8526-1dac2dc5aeb9
datanode_1  | 2022-11-21 01:12:03,153 [pool-23-thread-1] INFO server.RaftServerConfigKeys: raft.server.notification.no-leader.timeout = 300s (custom)
datanode_4  | 	at java.base/java.util.concurrent.FutureTask.report(FutureTask.java:122)
datanode_2  | 2022-11-21 01:11:40,013 [fc2950b4-f494-46eb-a785-75ba383bebaa@group-866C5CEFDD14-LeaderElection1] INFO server.RaftServerConfigKeys: raft.server.watch.timeout = 180s (custom)
recon_1     | 2022-11-21 01:11:42,138 [Listener at 0.0.0.0/9891] INFO scm.ReconPipelineManager: Adding new pipeline PipelineID=5d0090f9-acbe-40e5-b976-1c3842ee56bd from SCM.
datanode_3  | Caused by: java.io.IOException: java.net.SocketTimeoutException: 5000 millis timeout while waiting for channel to be ready for read. ch : java.nio.channels.SocketChannel[connected local=/172.18.0.11:45126 remote=recon/172.18.0.3:9891]
datanode_3  | 	at org.apache.hadoop.ipc.Client$Connection$1.run(Client.java:798)
scm_1       | 2022-11-21 01:10:33,722 [a070d900-adf4-4294-a08a-0193c33a76db-impl-thread1] INFO server.RaftServer$Division: a070d900-adf4-4294-a08a-0193c33a76db@group-BE5B89C87EF9: closes. applyIndex: 0
kdc_1       | Nov 21 01:24:51 kdc krb5kdc[7](info): TGS_REQ (6 etypes {aes256-cts-hmac-sha1-96(18), aes128-cts-hmac-sha1-96(17), aes256-cts-hmac-sha384-192(20), aes128-cts-hmac-sha256-128(19), DEPRECATED:des3-cbc-sha1(16), DEPRECATED:arcfour-hmac(23)}) 172.18.0.4: ISSUE: authtime 1668993876, etypes {rep=aes256-cts-hmac-sha1-96(18), tkt=aes256-cts-hmac-sha1-96(18), ses=aes256-cts-hmac-sha1-96(18)}, testuser/scm@EXAMPLE.COM for om/om@EXAMPLE.COM
kdc_1       | Nov 21 01:24:57 kdc krb5kdc[7](info): TGS_REQ (6 etypes {aes256-cts-hmac-sha1-96(18), aes128-cts-hmac-sha1-96(17), aes256-cts-hmac-sha384-192(20), aes128-cts-hmac-sha256-128(19), DEPRECATED:des3-cbc-sha1(16), DEPRECATED:arcfour-hmac(23)}) 172.18.0.4: ISSUE: authtime 1668993876, etypes {rep=aes256-cts-hmac-sha1-96(18), tkt=aes256-cts-hmac-sha1-96(18), ses=aes256-cts-hmac-sha1-96(18)}, testuser/scm@EXAMPLE.COM for om/om@EXAMPLE.COM
datanode_1  | 2022-11-21 01:12:03,184 [pool-23-thread-1] INFO server.RaftServerConfigKeys: raft.server.retrycache.expirytime = 600000ms (custom)
datanode_4  | 	at java.base/java.util.concurrent.FutureTask.get(FutureTask.java:191)
datanode_4  | 	at org.apache.hadoop.ozone.container.common.states.datanode.RunningDatanodeState.computeNextContainerState(RunningDatanodeState.java:199)
datanode_3  | 	at java.base/java.security.AccessController.doPrivileged(Native Method)
scm_1       | 2022-11-21 01:10:33,723 [a070d900-adf4-4294-a08a-0193c33a76db@group-BE5B89C87EF9-SegmentedRaftLogWorker] INFO segmented.SegmentedRaftLogWorker: a070d900-adf4-4294-a08a-0193c33a76db@group-BE5B89C87EF9-SegmentedRaftLogWorker was interrupted, exiting. There are 0 tasks remaining in the queue.
datanode_5  | 2022-11-21 01:11:27,531 [EndpointStateMachine task thread for scm/172.18.0.4:9861 - 0 ] INFO server.RaftServer: 3a2a1d69-5449-4c45-8526-1dac2dc5aeb9: start RPC server
om_1        | 2022-11-21 01:11:35,414 [main] INFO server.RaftServerConfigKeys: raft.server.rpc.request.timeout = 3000ms (default)
kdc_1       | Nov 21 01:25:03 kdc krb5kdc[7](info): TGS_REQ (6 etypes {aes256-cts-hmac-sha1-96(18), aes128-cts-hmac-sha1-96(17), aes256-cts-hmac-sha384-192(20), aes128-cts-hmac-sha256-128(19), DEPRECATED:des3-cbc-sha1(16), DEPRECATED:arcfour-hmac(23)}) 172.18.0.4: ISSUE: authtime 1668993876, etypes {rep=aes256-cts-hmac-sha1-96(18), tkt=aes256-cts-hmac-sha1-96(18), ses=aes256-cts-hmac-sha1-96(18)}, testuser/scm@EXAMPLE.COM for om/om@EXAMPLE.COM
datanode_1  | 2022-11-21 01:12:03,196 [pool-23-thread-1] INFO server.RaftServerConfigKeys: raft.server.retrycache.statistics.expirytime = 100?s (default)
recon_1     | 2022-11-21 01:11:42,140 [Listener at 0.0.0.0/9891] INFO pipeline.PipelineStateManagerImpl: Created pipeline Pipeline[ Id: 5d0090f9-acbe-40e5-b976-1c3842ee56bd, Nodes: 27f806af-381b-423a-87c6-c5ab254e7d36{ip: 172.18.0.10, host: ozonesecure_datanode_1.ozonesecure_default, ports: [REPLICATION=9886, RATIS=9858, RATIS_ADMIN=9857, RATIS_SERVER=9856, STANDALONE=9859], networkLocation: /default-rack, certSerialId: null, persistedOpState: IN_SERVICE, persistedOpStateExpiryEpochSec: 0}, ReplicationConfig: RATIS/ONE, State:ALLOCATED, leaderId:, CreationTimestamp2022-11-21T01:11:30.188Z[UTC]].
datanode_4  | 	at org.apache.hadoop.ozone.container.common.states.datanode.RunningDatanodeState.await(RunningDatanodeState.java:239)
datanode_2  | 2022-11-21 01:11:40,014 [fc2950b4-f494-46eb-a785-75ba383bebaa@group-866C5CEFDD14-LeaderElection1] INFO server.RaftServerConfigKeys: raft.server.watch.timeout.denomination = 1s (default)
om_1        | 2022-11-21 01:11:35,473 [main] INFO grpc.GrpcConfigKeys: raft.grpc.server.heartbeat.channel = true (default)
datanode_3  | 	at java.base/javax.security.auth.Subject.doAs(Subject.java:423)
datanode_5  | 2022-11-21 01:11:27,554 [EndpointStateMachine task thread for scm/172.18.0.4:9861 - 0 ] INFO server.GrpcService: 3a2a1d69-5449-4c45-8526-1dac2dc5aeb9: GrpcService started, listening on 9858
datanode_1  | 2022-11-21 01:12:03,749 [pool-23-thread-1] INFO server.RaftServerConfigKeys: raft.server.log.appender.install.snapshot.enabled = false (custom)
recon_1     | 2022-11-21 01:11:42,141 [Listener at 0.0.0.0/9891] INFO scm.ReconStorageContainerManagerFacade: SCM DB initialized
datanode_4  | 	at org.apache.hadoop.ozone.container.common.states.datanode.RunningDatanodeState.await(RunningDatanodeState.java:50)
datanode_2  | 2022-11-21 01:11:40,016 [fc2950b4-f494-46eb-a785-75ba383bebaa@group-866C5CEFDD14-LeaderElection1] INFO server.RaftServerConfigKeys: raft.server.watch.element-limit = 65536 (default)
scm_1       | 2022-11-21 01:10:33,727 [a070d900-adf4-4294-a08a-0193c33a76db-impl-thread1] INFO segmented.SegmentedRaftLogWorker: a070d900-adf4-4294-a08a-0193c33a76db@group-BE5B89C87EF9-SegmentedRaftLogWorker close()
om_1        | 2022-11-21 01:11:35,487 [main] INFO grpc.GrpcConfigKeys: raft.grpc.server.async.request.thread.pool.cached = true (default)
