datanode_2  | 2022-11-21 01:11:34,610 [pool-23-thread-1] INFO segmented.SegmentedRaftLogWorker: new fc2950b4-f494-46eb-a785-75ba383bebaa@group-866C5CEFDD14-SegmentedRaftLogWorker for RaftStorageImpl:Storage Directory /data/metadata/ratis/9b2c86d2-8ef9-46a0-a48c-866c5cefdd14
datanode_1  | 2022-11-21 01:11:22,783 [main] INFO http.BaseHttpServer: HTTP server of hddsDatanode listening at http://0.0.0.0:9882
datanode_1  | 2022-11-21 01:11:22,818 [Datanode State Machine Daemon Thread] INFO statemachine.DatanodeStateMachine: Ozone container server started.
datanode_1  | 2022-11-21 01:11:23,070 [org.apache.hadoop.util.JvmPauseMonitor$Monitor@3694a256] INFO util.JvmPauseMonitor: Starting JVM pause monitor
scm_1       | 2022-11-21 01:10:26,327 [main] INFO ha.HASecurityUtils: Successfully stored SCM signed certificate.
kdc_1       | Nov 21 01:15:51 kdc krb5kdc[7](info): TGS_REQ (6 etypes {aes256-cts-hmac-sha1-96(18), aes128-cts-hmac-sha1-96(17), aes256-cts-hmac-sha384-192(20), aes128-cts-hmac-sha256-128(19), DEPRECATED:des3-cbc-sha1(16), DEPRECATED:arcfour-hmac(23)}) 172.18.0.4: ISSUE: authtime 1668993326, etypes {rep=aes256-cts-hmac-sha1-96(18), tkt=aes256-cts-hmac-sha1-96(18), ses=aes256-cts-hmac-sha1-96(18)}, testuser/scm@EXAMPLE.COM for om/om@EXAMPLE.COM
datanode_3  | 2022-11-21 01:11:19,328 [main] INFO http.HttpServer2: Added global filter 'safety' (class=org.apache.hadoop.hdds.server.http.HttpServer2$QuotingInputFilter)
recon_1     | 	at org.apache.hadoop.security.UserGroupInformation.doAs(UserGroupInformation.java:1878)
datanode_5  | 	at org.apache.hadoop.ipc.ProtobufRpcEngine$Server.processCall(ProtobufRpcEngine.java:465)
s3g_1       | 2022-11-21 01:10:03,733 [main] INFO handler.ContextHandler: Started o.e.j.s.ServletContextHandler@72e34f77{logs,/logs,file:///var/log/hadoop/,AVAILABLE}
datanode_2  | 2022-11-21 01:11:34,623 [pool-23-thread-1] INFO server.RaftServerConfigKeys: raft.server.log.queue.byte-limit = 4294967296 (custom)
datanode_1  | 2022-11-21 01:11:23,849 [Datanode State Machine Task Thread - 0] INFO statemachine.SCMConnectionManager: Adding Recon Server : recon/172.18.0.3:9891
datanode_4  | 	at org.apache.hadoop.hdds.protocol.proto.SCMSecurityProtocolProtos$SCMSecurityProtocolService$2.callBlockingMethod(SCMSecurityProtocolProtos.java:16080)
om_1        | 2022-11-21 01:10:40,527 [main] INFO retry.RetryInvocationHandler: com.google.protobuf.ServiceException: java.net.ConnectException: Call From om/172.18.0.7 to scm:9863 failed on connection exception: java.net.ConnectException: Connection refused; For more details see:  http://wiki.apache.org/hadoop/ConnectionRefused, while invoking $Proxy31.send over nodeId=scmNodeId,nodeAddress=scm/172.18.0.4:9863 after 15 failover attempts. Trying to failover after sleeping for 2000ms.
om_1        | 2022-11-21 01:10:44,216 [main] INFO retry.RetryInvocationHandler: com.google.protobuf.ServiceException: org.apache.hadoop.ipc.RemoteException(org.apache.hadoop.hdds.ratis.ServerNotLeaderException): Server:a070d900-adf4-4294-a08a-0193c33a76db is not the leader. Could not determine the leader node.
kdc_1       | Nov 21 01:15:56 kdc krb5kdc[7](info): AS_REQ (8 etypes {aes256-cts-hmac-sha1-96(18), aes128-cts-hmac-sha1-96(17), aes256-cts-hmac-sha384-192(20), aes128-cts-hmac-sha256-128(19), DEPRECATED:des3-cbc-sha1(16), DEPRECATED:arcfour-hmac(23), camellia128-cts-cmac(25), camellia256-cts-cmac(26)}) 172.18.0.4: ISSUE: authtime 1668993356, etypes {rep=aes256-cts-hmac-sha1-96(18), tkt=aes256-cts-hmac-sha1-96(18), ses=aes256-cts-hmac-sha1-96(18)}, testuser/scm@EXAMPLE.COM for krbtgt/EXAMPLE.COM@EXAMPLE.COM
datanode_3  | 2022-11-21 01:11:19,343 [main] INFO http.HttpServer2: Added filter authentication (class=org.apache.hadoop.security.authentication.server.AuthenticationFilter) to context hddsDatanode
recon_1     | 	at org.apache.hadoop.ipc.Server$Handler.run(Server.java:2976)
datanode_5  | 	at org.apache.hadoop.ipc.ProtobufRpcEngine2$Server$ProtoBufRpcInvoker.call(ProtobufRpcEngine2.java:578)
s3g_1       | 2022-11-21 01:10:03,766 [main] INFO handler.ContextHandler: Started o.e.j.s.ServletContextHandler@5db4c359{static,/static,jar:file:/opt/hadoop/share/ozone/lib/ozone-s3gateway-1.3.0-SNAPSHOT.jar!/webapps/static,AVAILABLE}
datanode_2  | 2022-11-21 01:11:34,623 [pool-23-thread-1] INFO server.RaftServerConfigKeys: raft.server.log.queue.element-limit = 1024 (custom)
datanode_1  | 2022-11-21 01:11:23,940 [Datanode State Machine Task Thread - 0] INFO datanode.InitDatanodeState: DatanodeDetails is persisted to /data/datanode.id
datanode_4  | 	at org.apache.hadoop.ipc.ProtobufRpcEngine$Server.processCall(ProtobufRpcEngine.java:465)
scm_1       | 2022-11-21 01:10:26,522 [main] INFO server.RaftServer: raft.rpc.type = GRPC (default)
om_1        | 	at org.apache.hadoop.hdds.ratis.ServerNotLeaderException.convertToNotLeaderException(ServerNotLeaderException.java:109)
kdc_1       | Nov 21 01:16:01 kdc krb5kdc[7](info): TGS_REQ (6 etypes {aes256-cts-hmac-sha1-96(18), aes128-cts-hmac-sha1-96(17), aes256-cts-hmac-sha384-192(20), aes128-cts-hmac-sha256-128(19), DEPRECATED:des3-cbc-sha1(16), DEPRECATED:arcfour-hmac(23)}) 172.18.0.4: ISSUE: authtime 1668993356, etypes {rep=aes256-cts-hmac-sha1-96(18), tkt=aes256-cts-hmac-sha1-96(18), ses=aes256-cts-hmac-sha1-96(18)}, testuser/scm@EXAMPLE.COM for om/om@EXAMPLE.COM
datanode_3  | 2022-11-21 01:11:19,349 [main] INFO http.HttpServer2: Added filter authentication (class=org.apache.hadoop.security.authentication.server.AuthenticationFilter) to context logs
recon_1     | , while invoking $Proxy39.submitRequest over nodeId=scmNodeId,nodeAddress=scm/172.18.0.4:9961 after 9 failover attempts. Trying to failover after sleeping for 2000ms.
datanode_2  | 2022-11-21 01:11:34,625 [pool-23-thread-1] INFO server.RaftServerConfigKeys: raft.server.log.segment.size.max = 1048576 (custom)
datanode_1  | 2022-11-21 01:11:26,486 [EndpointStateMachine task thread for recon/172.18.0.3:9891 - 0 ] INFO ipc.Client: Retrying connect to server: recon/172.18.0.3:9891. Already tried 0 time(s); retry policy is RetryUpToMaximumCountWithFixedSleep(maxRetries=15, sleepTime=1000 MILLISECONDS)
datanode_4  | 	at org.apache.hadoop.ipc.ProtobufRpcEngine2$Server$ProtoBufRpcInvoker.call(ProtobufRpcEngine2.java:578)
scm_1       | 2022-11-21 01:10:26,675 [main] INFO grpc.GrpcConfigKeys: raft.grpc.admin.host = null (fallback to raft.grpc.server.host)
om_1        | 	at org.apache.hadoop.hdds.scm.ha.RatisUtil.checkRatisException(RatisUtil.java:246)
kdc_1       | Nov 21 01:16:10 kdc krb5kdc[7](info): TGS_REQ (6 etypes {aes256-cts-hmac-sha1-96(18), aes128-cts-hmac-sha1-96(17), aes256-cts-hmac-sha384-192(20), aes128-cts-hmac-sha256-128(19), DEPRECATED:des3-cbc-sha1(16), DEPRECATED:arcfour-hmac(23)}) 172.18.0.4: ISSUE: authtime 1668993356, etypes {rep=aes256-cts-hmac-sha1-96(18), tkt=aes256-cts-hmac-sha1-96(18), ses=aes256-cts-hmac-sha1-96(18)}, testuser/scm@EXAMPLE.COM for om/om@EXAMPLE.COM
datanode_3  | 2022-11-21 01:11:19,349 [main] INFO http.HttpServer2: Added filter authentication (class=org.apache.hadoop.security.authentication.server.AuthenticationFilter) to context static
datanode_5  | 	at org.apache.hadoop.ipc.ProtobufRpcEngine2$Server$ProtoBufRpcInvoker.call(ProtobufRpcEngine2.java:556)
recon_1     | 2022-11-21 01:10:46,296 [main] INFO retry.RetryInvocationHandler: com.google.protobuf.ServiceException: org.apache.hadoop.ipc.RemoteException(org.apache.hadoop.hdds.ratis.ServerNotLeaderException): Server:a070d900-adf4-4294-a08a-0193c33a76db is not the leader. Could not determine the leader node.
datanode_2  | 2022-11-21 01:11:34,627 [pool-23-thread-1] INFO server.RaftServerConfigKeys: raft.server.log.preallocated.size = 16384 (custom)
datanode_1  | 2022-11-21 01:11:26,919 [EndpointStateMachine task thread for scm/172.18.0.4:9861 - 0 ] INFO utils.DatanodeStoreCache: Added db /data/hdds/hdds/CID-5ce853aa-babf-439a-a90e-be5b89c87ef9/DS-6eda4a5e-d5a6-48ab-b936-44db5c91452f/container.db to cache
datanode_4  | 	at org.apache.hadoop.ipc.ProtobufRpcEngine2$Server$ProtoBufRpcInvoker.call(ProtobufRpcEngine2.java:556)
scm_1       | 2022-11-21 01:10:26,684 [main] INFO grpc.GrpcConfigKeys: raft.grpc.admin.port = 9894 (fallback to raft.grpc.server.port)
om_1        | 	at org.apache.hadoop.hdds.scm.protocol.ScmBlockLocationProtocolServerSideTranslatorPB.send(ScmBlockLocationProtocolServerSideTranslatorPB.java:109)
kdc_1       | Nov 21 01:16:14 kdc krb5kdc[7](info): AS_REQ (8 etypes {aes256-cts-hmac-sha1-96(18), aes128-cts-hmac-sha1-96(17), aes256-cts-hmac-sha384-192(20), aes128-cts-hmac-sha256-128(19), DEPRECATED:des3-cbc-sha1(16), DEPRECATED:arcfour-hmac(23), camellia128-cts-cmac(25), camellia256-cts-cmac(26)}) 172.18.0.4: ISSUE: authtime 1668993374, etypes {rep=aes256-cts-hmac-sha1-96(18), tkt=aes256-cts-hmac-sha1-96(18), ses=aes256-cts-hmac-sha1-96(18)}, testuser/scm@EXAMPLE.COM for krbtgt/EXAMPLE.COM@EXAMPLE.COM
datanode_3  | 2022-11-21 01:11:19,377 [main] INFO http.HttpServer2: Initialize spnego with host: 0.0.0.0 userKey: hdds.datanode.http.auth.kerberos.principal keytabKey: hdds.datanode.http.auth.kerberos.keytab
s3g_1       | WARNING: An illegal reflective access operation has occurred
datanode_5  | 	at org.apache.hadoop.ipc.RPC$Server.call(RPC.java:1093)
datanode_5  | 	at org.apache.hadoop.ipc.Server$RpcCall.run(Server.java:1043)
datanode_2  | 2022-11-21 01:11:34,628 [pool-23-thread-1] INFO server.RaftServerConfigKeys: raft.server.log.force.sync.num = 128 (default)
datanode_1  | 2022-11-21 01:11:26,919 [EndpointStateMachine task thread for scm/172.18.0.4:9861 - 0 ] INFO volume.HddsVolume: SchemaV3 db is created and loaded at /data/hdds/hdds/CID-5ce853aa-babf-439a-a90e-be5b89c87ef9/DS-6eda4a5e-d5a6-48ab-b936-44db5c91452f/container.db for volume DS-6eda4a5e-d5a6-48ab-b936-44db5c91452f
datanode_1  | 2022-11-21 01:11:26,925 [EndpointStateMachine task thread for scm/172.18.0.4:9861 - 0 ] INFO ozoneimpl.OzoneContainer: Attempting to start container services.
scm_1       | 2022-11-21 01:10:26,685 [main] INFO grpc.GrpcConfigKeys: raft.grpc.client.host = null (fallback to raft.grpc.server.host)
om_1        | 	at org.apache.hadoop.hdds.protocol.proto.ScmBlockLocationProtocolProtos$ScmBlockLocationProtocolService$2.callBlockingMethod(ScmBlockLocationProtocolProtos.java:14202)
kdc_1       | Nov 21 01:16:19 kdc krb5kdc[7](info): TGS_REQ (6 etypes {aes256-cts-hmac-sha1-96(18), aes128-cts-hmac-sha1-96(17), aes256-cts-hmac-sha384-192(20), aes128-cts-hmac-sha256-128(19), DEPRECATED:des3-cbc-sha1(16), DEPRECATED:arcfour-hmac(23)}) 172.18.0.4: ISSUE: authtime 1668993374, etypes {rep=aes256-cts-hmac-sha1-96(18), tkt=aes256-cts-hmac-sha1-96(18), ses=aes256-cts-hmac-sha1-96(18)}, testuser/scm@EXAMPLE.COM for om/om@EXAMPLE.COM
datanode_3  | 2022-11-21 01:11:19,855 [main] INFO http.HttpServer2: Jetty bound to port 9882
datanode_3  | 2022-11-21 01:11:19,857 [main] INFO server.Server: jetty-9.4.49.v20220914; built: 2022-09-14T01:07:36.601Z; git: 4231a3b2e4cb8548a412a789936d640a97b1aa0a; jvm 11.0.14.1+1-LTS
datanode_5  | 	at org.apache.hadoop.ipc.Server$RpcCall.run(Server.java:971)
recon_1     | 	at org.apache.hadoop.hdds.ratis.ServerNotLeaderException.convertToNotLeaderException(ServerNotLeaderException.java:109)
datanode_1  | 2022-11-21 01:11:26,939 [EndpointStateMachine task thread for scm/172.18.0.4:9861 - 0 ] INFO ozoneimpl.OzoneContainer: Scheduled background container scanners and the on-demand container scanner have been disabled.
datanode_4  | 	at org.apache.hadoop.ipc.RPC$Server.call(RPC.java:1093)
datanode_4  | 	at org.apache.hadoop.ipc.Server$RpcCall.run(Server.java:1043)
datanode_4  | 	at org.apache.hadoop.ipc.Server$RpcCall.run(Server.java:971)
datanode_4  | 	at java.base/java.security.AccessController.doPrivileged(Native Method)
s3g_1       | WARNING: Illegal reflective access by org.jboss.weld.util.reflection.Formats (file:/opt/hadoop/share/ozone/lib/weld-servlet-2.4.7.Final.jar) to constructor com.sun.org.apache.bcel.internal.classfile.ClassParser(java.io.InputStream,java.lang.String)
s3g_1       | WARNING: Please consider reporting this to the maintainers of org.jboss.weld.util.reflection.Formats
s3g_1       | WARNING: Use --illegal-access=warn to enable warnings of further illegal reflective access operations
recon_1     | 	at org.apache.hadoop.hdds.scm.ha.RatisUtil.checkRatisException(RatisUtil.java:246)
recon_1     | 	at org.apache.hadoop.hdds.scm.protocol.SCMSecurityProtocolServerSideTranslatorPB.submitRequest(SCMSecurityProtocolServerSideTranslatorPB.java:93)
datanode_5  | 	at java.base/java.security.AccessController.doPrivileged(Native Method)
datanode_4  | 	at java.base/javax.security.auth.Subject.doAs(Subject.java:423)
recon_1     | 	at org.apache.hadoop.hdds.protocol.proto.SCMSecurityProtocolProtos$SCMSecurityProtocolService$2.callBlockingMethod(SCMSecurityProtocolProtos.java:16080)
datanode_2  | 2022-11-21 01:11:34,642 [pool-23-thread-1] INFO server.RaftServerConfigKeys: raft.server.log.statemachine.data.sync = true (default)
datanode_2  | 2022-11-21 01:11:34,642 [pool-23-thread-1] INFO server.RaftServerConfigKeys: raft.server.log.statemachine.data.sync.timeout = 10s (default)
scm_1       | 2022-11-21 01:10:26,685 [main] INFO grpc.GrpcConfigKeys: raft.grpc.client.port = 9894 (fallback to raft.grpc.server.port)
om_1        | 	at org.apache.hadoop.ipc.ProtobufRpcEngine$Server.processCall(ProtobufRpcEngine.java:465)
om_1        | 	at org.apache.hadoop.ipc.ProtobufRpcEngine2$Server$ProtoBufRpcInvoker.call(ProtobufRpcEngine2.java:578)
s3g_1       | WARNING: All illegal access operations will be denied in a future release
datanode_5  | 	at java.base/javax.security.auth.Subject.doAs(Subject.java:423)
datanode_4  | 	at org.apache.hadoop.security.UserGroupInformation.doAs(UserGroupInformation.java:1878)
recon_1     | 	at org.apache.hadoop.ipc.ProtobufRpcEngine$Server.processCall(ProtobufRpcEngine.java:465)
recon_1     | 	at org.apache.hadoop.ipc.ProtobufRpcEngine2$Server$ProtoBufRpcInvoker.call(ProtobufRpcEngine2.java:578)
recon_1     | 	at org.apache.hadoop.ipc.ProtobufRpcEngine2$Server$ProtoBufRpcInvoker.call(ProtobufRpcEngine2.java:556)
scm_1       | 2022-11-21 01:10:26,685 [main] INFO grpc.GrpcConfigKeys: raft.grpc.server.host = null (default)
om_1        | 	at org.apache.hadoop.ipc.ProtobufRpcEngine2$Server$ProtoBufRpcInvoker.call(ProtobufRpcEngine2.java:556)
kdc_1       | Nov 21 01:16:25 kdc krb5kdc[7](info): TGS_REQ (6 etypes {aes256-cts-hmac-sha1-96(18), aes128-cts-hmac-sha1-96(17), aes256-cts-hmac-sha384-192(20), aes128-cts-hmac-sha256-128(19), DEPRECATED:des3-cbc-sha1(16), DEPRECATED:arcfour-hmac(23)}) 172.18.0.4: ISSUE: authtime 1668993374, etypes {rep=aes256-cts-hmac-sha1-96(18), tkt=aes256-cts-hmac-sha1-96(18), ses=aes256-cts-hmac-sha1-96(18)}, testuser/scm@EXAMPLE.COM for om/om@EXAMPLE.COM
datanode_5  | 	at org.apache.hadoop.security.UserGroupInformation.doAs(UserGroupInformation.java:1878)
s3g_1       | 2022-11-21 01:10:22,411 [main] INFO server.KerberosAuthenticationHandler: Using keytab /etc/security/keytabs/s3g.keytab, for principal HTTP/s3g@EXAMPLE.COM
datanode_1  | 2022-11-21 01:11:27,488 [EndpointStateMachine task thread for recon/172.18.0.3:9891 - 0 ] INFO ipc.Client: Retrying connect to server: recon/172.18.0.3:9891. Already tried 1 time(s); retry policy is RetryUpToMaximumCountWithFixedSleep(maxRetries=15, sleepTime=1000 MILLISECONDS)
datanode_4  | 	at org.apache.hadoop.ipc.Server$Handler.run(Server.java:2976)
recon_1     | 	at org.apache.hadoop.ipc.RPC$Server.call(RPC.java:1093)
datanode_3  | 2022-11-21 01:11:20,226 [main] INFO server.session: DefaultSessionIdManager workerName=node0
datanode_2  | 2022-11-21 01:11:34,643 [pool-23-thread-1] INFO server.RaftServerConfigKeys: raft.server.log.statemachine.data.sync.timeout.retry = -1 (default)
scm_1       | 2022-11-21 01:10:26,686 [main] INFO grpc.GrpcConfigKeys: raft.grpc.server.port = 9894 (custom)
om_1        | 	at org.apache.hadoop.ipc.RPC$Server.call(RPC.java:1093)
kdc_1       | Nov 21 01:16:27 kdc krb5kdc[7](info): AS_REQ (8 etypes {aes256-cts-hmac-sha1-96(18), aes128-cts-hmac-sha1-96(17), aes256-cts-hmac-sha384-192(20), aes128-cts-hmac-sha256-128(19), DEPRECATED:des3-cbc-sha1(16), DEPRECATED:arcfour-hmac(23), camellia128-cts-cmac(25), camellia256-cts-cmac(26)}) 172.18.0.4: ISSUE: authtime 1668993387, etypes {rep=aes256-cts-hmac-sha1-96(18), tkt=aes256-cts-hmac-sha1-96(18), ses=aes256-cts-hmac-sha1-96(18)}, testuser/scm@EXAMPLE.COM for krbtgt/EXAMPLE.COM@EXAMPLE.COM
datanode_5  | 	at org.apache.hadoop.ipc.Server$Handler.run(Server.java:2976)
s3g_1       | Nov 21, 2022 1:10:25 AM org.glassfish.jersey.internal.Errors logErrors
datanode_1  | 2022-11-21 01:11:27,544 [EndpointStateMachine task thread for scm/172.18.0.4:9861 - 0 ] INFO ratis.XceiverServerRatis: Starting XceiverServerRatis 27f806af-381b-423a-87c6-c5ab254e7d36
datanode_4  | , while invoking $Proxy18.submitRequest over nodeId=scmNodeId,nodeAddress=scm/172.18.0.4:9961 after 11 failover attempts. Trying to failover after sleeping for 2000ms.
recon_1     | 	at org.apache.hadoop.ipc.Server$RpcCall.run(Server.java:1043)
datanode_3  | 2022-11-21 01:11:20,230 [main] INFO server.session: No SessionScavenger set, using defaults
datanode_2  | 2022-11-21 01:11:34,724 [pool-23-thread-1] INFO server.RaftServerConfigKeys: raft.server.log.write.buffer.size = 1048576 (custom)
scm_1       | 2022-11-21 01:10:26,687 [main] INFO server.GrpcService: raft.grpc.message.size.max = 32m (=33554432) (custom)
om_1        | 	at org.apache.hadoop.ipc.Server$RpcCall.run(Server.java:1043)
kdc_1       | Nov 21 01:16:31 kdc krb5kdc[7](info): TGS_REQ (6 etypes {aes256-cts-hmac-sha1-96(18), aes128-cts-hmac-sha1-96(17), aes256-cts-hmac-sha384-192(20), aes128-cts-hmac-sha256-128(19), DEPRECATED:des3-cbc-sha1(16), DEPRECATED:arcfour-hmac(23)}) 172.18.0.4: ISSUE: authtime 1668993387, etypes {rep=aes256-cts-hmac-sha1-96(18), tkt=aes256-cts-hmac-sha1-96(18), ses=aes256-cts-hmac-sha1-96(18)}, testuser/scm@EXAMPLE.COM for om/om@EXAMPLE.COM
datanode_5  | , while invoking $Proxy18.submitRequest over nodeId=scmNodeId,nodeAddress=scm/172.18.0.4:9961 after 10 failover attempts. Trying to failover after sleeping for 2000ms.
datanode_5  | 2022-11-21 01:10:46,253 [main] INFO retry.RetryInvocationHandler: com.google.protobuf.ServiceException: org.apache.hadoop.ipc.RemoteException(org.apache.hadoop.hdds.ratis.ServerNotLeaderException): Server:a070d900-adf4-4294-a08a-0193c33a76db is not the leader. Could not determine the leader node.
datanode_1  | 2022-11-21 01:11:27,806 [EndpointStateMachine task thread for scm/172.18.0.4:9861 - 0 ] INFO server.RaftServer: 27f806af-381b-423a-87c6-c5ab254e7d36: start RPC server
datanode_4  | 2022-11-21 01:10:49,931 [main] INFO client.DNCertificateClient: Loading certificate from location:/data/metadata/dn/certs.
recon_1     | 	at org.apache.hadoop.ipc.Server$RpcCall.run(Server.java:971)
datanode_3  | 2022-11-21 01:11:20,232 [main] INFO server.session: node0 Scavenging every 600000ms
datanode_2  | 2022-11-21 01:11:34,725 [pool-23-thread-1] INFO server.RaftServerConfigKeys: raft.server.log.unsafe-flush.enabled = false (default)
scm_1       | 2022-11-21 01:10:26,692 [main] INFO server.RaftServerConfigKeys: raft.server.log.appender.buffer.byte-limit = 33554432 (custom)
om_1        | 	at org.apache.hadoop.ipc.Server$RpcCall.run(Server.java:971)
kdc_1       | Nov 21 01:16:37 kdc krb5kdc[7](info): TGS_REQ (6 etypes {aes256-cts-hmac-sha1-96(18), aes128-cts-hmac-sha1-96(17), aes256-cts-hmac-sha384-192(20), aes128-cts-hmac-sha256-128(19), DEPRECATED:des3-cbc-sha1(16), DEPRECATED:arcfour-hmac(23)}) 172.18.0.4: ISSUE: authtime 1668993387, etypes {rep=aes256-cts-hmac-sha1-96(18), tkt=aes256-cts-hmac-sha1-96(18), ses=aes256-cts-hmac-sha1-96(18)}, testuser/scm@EXAMPLE.COM for om/om@EXAMPLE.COM
datanode_5  | 	at org.apache.hadoop.hdds.ratis.ServerNotLeaderException.convertToNotLeaderException(ServerNotLeaderException.java:109)
s3g_1       | WARNING: The following warnings have been detected: WARNING: A HTTP GET method, public javax.ws.rs.core.Response org.apache.hadoop.ozone.s3.endpoint.ObjectEndpoint.get(java.lang.String,java.lang.String,java.lang.String,int,java.lang.String,java.io.InputStream) throws java.io.IOException,org.apache.hadoop.ozone.s3.exception.OS3Exception, should not consume any entity.
datanode_1  | 2022-11-21 01:11:27,812 [EndpointStateMachine task thread for scm/172.18.0.4:9861 - 0 ] INFO server.GrpcService: 27f806af-381b-423a-87c6-c5ab254e7d36: GrpcService started, listening on 9858
datanode_4  | 2022-11-21 01:10:49,994 [main] INFO client.DNCertificateClient: Added certificate from file:/data/metadata/dn/certs/303715516386.crt.
recon_1     | 	at java.base/java.security.AccessController.doPrivileged(Native Method)
datanode_3  | 2022-11-21 01:11:20,415 [main] INFO server.KerberosAuthenticationHandler: Using keytab /etc/security/keytabs/dn.keytab, for principal HTTP/dn@EXAMPLE.COM
datanode_2  | 2022-11-21 01:11:34,725 [pool-23-thread-1] INFO server.RaftServerConfigKeys: raft.server.log.async-flush.enabled = false (default)
scm_1       | 2022-11-21 01:10:26,692 [main] INFO server.GrpcService: raft.grpc.flow.control.window = 1MB (=1048576) (default)
scm_1       | 2022-11-21 01:10:26,693 [main] INFO server.RaftServerConfigKeys: raft.server.rpc.request.timeout = 30000ms (custom)
kdc_1       | Nov 21 01:16:39 kdc krb5kdc[7](info): AS_REQ (8 etypes {aes256-cts-hmac-sha1-96(18), aes128-cts-hmac-sha1-96(17), aes256-cts-hmac-sha384-192(20), aes128-cts-hmac-sha256-128(19), DEPRECATED:des3-cbc-sha1(16), DEPRECATED:arcfour-hmac(23), camellia128-cts-cmac(25), camellia256-cts-cmac(26)}) 172.18.0.4: ISSUE: authtime 1668993399, etypes {rep=aes256-cts-hmac-sha1-96(18), tkt=aes256-cts-hmac-sha1-96(18), ses=aes256-cts-hmac-sha1-96(18)}, testuser/scm@EXAMPLE.COM for krbtgt/EXAMPLE.COM@EXAMPLE.COM
datanode_5  | 	at org.apache.hadoop.hdds.scm.ha.RatisUtil.checkRatisException(RatisUtil.java:246)
s3g_1       | 
datanode_1  | 2022-11-21 01:11:27,843 [EndpointStateMachine task thread for scm/172.18.0.4:9861 - 0 ] INFO server.GrpcService: 27f806af-381b-423a-87c6-c5ab254e7d36: GrpcService started, listening on 9856
datanode_4  | 2022-11-21 01:10:50,044 [main] INFO client.DNCertificateClient: Added certificate from file:/data/metadata/dn/certs/CA-281399384390.crt.
recon_1     | 	at java.base/javax.security.auth.Subject.doAs(Subject.java:423)
recon_1     | 	at org.apache.hadoop.security.UserGroupInformation.doAs(UserGroupInformation.java:1878)
scm_1       | 2022-11-21 01:10:26,709 [main] INFO grpc.GrpcConfigKeys: raft.grpc.server.heartbeat.channel = true (default)
datanode_5  | 	at org.apache.hadoop.hdds.scm.protocol.SCMSecurityProtocolServerSideTranslatorPB.submitRequest(SCMSecurityProtocolServerSideTranslatorPB.java:93)
s3g_1       | 2022-11-21 01:10:25,051 [main] INFO handler.ContextHandler: Started o.e.j.w.WebAppContext@4fbe486c{s3gateway,/,file:///tmp/jetty-0_0_0_0-9878-ozone-s3gateway-1_3_0-SNAPSHOT_jar-_-any-12783301073021656868/webapp/,AVAILABLE}{jar:file:/opt/hadoop/share/ozone/lib/ozone-s3gateway-1.3.0-SNAPSHOT.jar!/webapps/s3gateway}
datanode_1  | 2022-11-21 01:11:27,864 [EndpointStateMachine task thread for scm/172.18.0.4:9861 - 0 ] INFO server.GrpcService: 27f806af-381b-423a-87c6-c5ab254e7d36: GrpcService started, listening on 9857
datanode_3  | 2022-11-21 01:11:20,426 [main] INFO handler.ContextHandler: Started o.e.j.s.ServletContextHandler@7597ae32{logs,/logs,file:///var/log/hadoop/,AVAILABLE}
recon_1     | 	at org.apache.hadoop.ipc.Server$Handler.run(Server.java:2976)
datanode_4  | 2022-11-21 01:10:50,074 [main] INFO client.DNCertificateClient: Added certificate from file:/data/metadata/dn/certs/ROOTCA-1.crt.
datanode_2  | 2022-11-21 01:11:34,727 [pool-23-thread-1] INFO server.RaftServerConfigKeys: raft.server.log.statemachine.data.caching.enabled = true (custom)
kdc_1       | Nov 21 01:16:44 kdc krb5kdc[7](info): TGS_REQ (6 etypes {aes256-cts-hmac-sha1-96(18), aes128-cts-hmac-sha1-96(17), aes256-cts-hmac-sha384-192(20), aes128-cts-hmac-sha256-128(19), DEPRECATED:des3-cbc-sha1(16), DEPRECATED:arcfour-hmac(23)}) 172.18.0.4: ISSUE: authtime 1668993399, etypes {rep=aes256-cts-hmac-sha1-96(18), tkt=aes256-cts-hmac-sha1-96(18), ses=aes256-cts-hmac-sha1-96(18)}, testuser/scm@EXAMPLE.COM for om/om@EXAMPLE.COM
om_1        | 	at java.base/java.security.AccessController.doPrivileged(Native Method)
scm_1       | 2022-11-21 01:10:26,722 [main] INFO grpc.GrpcConfigKeys: raft.grpc.server.async.request.thread.pool.cached = true (default)
datanode_5  | 	at org.apache.hadoop.hdds.protocol.proto.SCMSecurityProtocolProtos$SCMSecurityProtocolService$2.callBlockingMethod(SCMSecurityProtocolProtos.java:16080)
s3g_1       | 2022-11-21 01:10:25,062 [main] INFO server.AbstractConnector: Started ServerConnector@9f46d94{HTTP/1.1, (http/1.1)}{0.0.0.0:9878}
datanode_1  | 2022-11-21 01:11:27,883 [EndpointStateMachine task thread for scm/172.18.0.4:9861 - 0 ] INFO ratis.XceiverServerRatis: XceiverServerRatis 27f806af-381b-423a-87c6-c5ab254e7d36 is started using port 9858 for RATIS
datanode_3  | 2022-11-21 01:11:20,432 [main] INFO handler.ContextHandler: Started o.e.j.s.ServletContextHandler@e62d757{static,/static,jar:file:/opt/hadoop/share/ozone/lib/hdds-container-service-1.3.0-SNAPSHOT.jar!/webapps/static,AVAILABLE}
datanode_3  | 2022-11-21 01:11:21,409 [main] INFO server.KerberosAuthenticationHandler: Using keytab /etc/security/keytabs/dn.keytab, for principal HTTP/dn@EXAMPLE.COM
datanode_4  | 2022-11-21 01:10:50,075 [main] INFO ozone.HddsDatanodeService: Successfully stored SCM signed certificate, case:GETCERT.
datanode_2  | 2022-11-21 01:11:34,742 [EndpointStateMachine task thread for recon/172.18.0.3:9891 - 0 ] WARN statemachine.EndpointStateMachine: Unable to communicate to Recon server at recon:9891 for past 0 seconds.
kdc_1       | Nov 21 01:16:45 kdc krb5kdc[7](info): AS_REQ (8 etypes {aes256-cts-hmac-sha1-96(18), aes128-cts-hmac-sha1-96(17), aes256-cts-hmac-sha384-192(20), aes128-cts-hmac-sha256-128(19), DEPRECATED:des3-cbc-sha1(16), DEPRECATED:arcfour-hmac(23), camellia128-cts-cmac(25), camellia256-cts-cmac(26)}) 172.18.0.4: ISSUE: authtime 1668993405, etypes {rep=aes256-cts-hmac-sha1-96(18), tkt=aes256-cts-hmac-sha1-96(18), ses=aes256-cts-hmac-sha1-96(18)}, testuser/scm@EXAMPLE.COM for krbtgt/EXAMPLE.COM@EXAMPLE.COM
om_1        | 	at java.base/javax.security.auth.Subject.doAs(Subject.java:423)
scm_1       | 2022-11-21 01:10:26,722 [main] INFO grpc.GrpcConfigKeys: raft.grpc.server.async.request.thread.pool.size = 32 (default)
s3g_1       | 2022-11-21 01:10:25,062 [main] INFO server.Server: Started @47011ms
datanode_1  | 2022-11-21 01:11:27,883 [EndpointStateMachine task thread for scm/172.18.0.4:9861 - 0 ] INFO ratis.XceiverServerRatis: XceiverServerRatis 27f806af-381b-423a-87c6-c5ab254e7d36 is started using port 9857 for RATIS_ADMIN
datanode_3  | 2022-11-21 01:11:21,609 [main] INFO handler.ContextHandler: Started o.e.j.w.WebAppContext@35f59dfe{hddsDatanode,/,file:///tmp/jetty-0_0_0_0-9882-hdds-container-service-1_3_0-SNAPSHOT_jar-_-any-13483554563373631711/webapp/,AVAILABLE}{jar:file:/opt/hadoop/share/ozone/lib/hdds-container-service-1.3.0-SNAPSHOT.jar!/webapps/hddsDatanode}
datanode_3  | 2022-11-21 01:11:21,731 [main] INFO server.AbstractConnector: Started ServerConnector@16750a5e{HTTP/1.1, (http/1.1)}{0.0.0.0:9882}
datanode_3  | 2022-11-21 01:11:21,740 [main] INFO server.Server: Started @102551ms
datanode_3  | 2022-11-21 01:11:21,782 [main] INFO impl.MetricsSinkAdapter: Sink prometheus started
recon_1     | , while invoking $Proxy39.submitRequest over nodeId=scmNodeId,nodeAddress=scm/172.18.0.4:9961 after 10 failover attempts. Trying to failover after sleeping for 2000ms.
om_1        | 	at org.apache.hadoop.security.UserGroupInformation.doAs(UserGroupInformation.java:1878)
datanode_5  | 	at org.apache.hadoop.ipc.ProtobufRpcEngine$Server.processCall(ProtobufRpcEngine.java:465)
om_1        | 	at org.apache.hadoop.ipc.Server$Handler.run(Server.java:2976)
s3g_1       | 2022-11-21 01:10:25,065 [main] INFO impl.MetricsSinkAdapter: Sink prometheus started
datanode_1  | 2022-11-21 01:11:27,883 [EndpointStateMachine task thread for scm/172.18.0.4:9861 - 0 ] INFO ratis.XceiverServerRatis: XceiverServerRatis 27f806af-381b-423a-87c6-c5ab254e7d36 is started using port 9856 for RATIS_SERVER
datanode_4  | 2022-11-21 01:10:50,255 [main] INFO upgrade.AbstractLayoutVersionManager: Initializing Layout version manager with metadata layout = DATANODE_SCHEMA_V3 (version = 4), software layout = DATANODE_SCHEMA_V3 (version = 4)
kdc_1       | Nov 21 01:16:50 kdc krb5kdc[7](info): TGS_REQ (6 etypes {aes256-cts-hmac-sha1-96(18), aes128-cts-hmac-sha1-96(17), aes256-cts-hmac-sha384-192(20), aes128-cts-hmac-sha256-128(19), DEPRECATED:des3-cbc-sha1(16), DEPRECATED:arcfour-hmac(23)}) 172.18.0.4: ISSUE: authtime 1668993405, etypes {rep=aes256-cts-hmac-sha1-96(18), tkt=aes256-cts-hmac-sha1-96(18), ses=aes256-cts-hmac-sha1-96(18)}, testuser/scm@EXAMPLE.COM for om/om@EXAMPLE.COM
kdc_1       | Nov 21 01:16:51 kdc krb5kdc[7](info): AS_REQ (8 etypes {aes256-cts-hmac-sha1-96(18), aes128-cts-hmac-sha1-96(17), aes256-cts-hmac-sha384-192(20), aes128-cts-hmac-sha256-128(19), DEPRECATED:des3-cbc-sha1(16), DEPRECATED:arcfour-hmac(23), camellia128-cts-cmac(25), camellia256-cts-cmac(26)}) 172.18.0.4: ISSUE: authtime 1668993411, etypes {rep=aes256-cts-hmac-sha1-96(18), tkt=aes256-cts-hmac-sha1-96(18), ses=aes256-cts-hmac-sha1-96(18)}, testuser/scm@EXAMPLE.COM for krbtgt/EXAMPLE.COM@EXAMPLE.COM
datanode_2  | java.io.IOException: DestHost:destPort recon:9891 , LocalHost:localPort 31f7e0df829d/172.18.0.8:0. Failed on local exception: java.io.IOException: java.net.SocketTimeoutException: 5000 millis timeout while waiting for channel to be ready for read. ch : java.nio.channels.SocketChannel[connected local=/172.18.0.8:56764 remote=recon/172.18.0.3:9891]
recon_1     | 2022-11-21 01:10:49,924 [main] INFO recon.ReconServer: Successfully stored SCM signed certificate, case:GETCERT.
datanode_5  | 	at org.apache.hadoop.ipc.ProtobufRpcEngine2$Server$ProtoBufRpcInvoker.call(ProtobufRpcEngine2.java:578)
scm_1       | 2022-11-21 01:10:27,098 [main] INFO impl.DataStreamServerImpl: raft.datastream.type = DISABLED (default)
om_1        | , while invoking $Proxy31.send over nodeId=scmNodeId,nodeAddress=scm/172.18.0.4:9863 after 16 failover attempts. Trying to failover after sleeping for 2000ms.
s3g_1       | 2022-11-21 01:10:25,065 [main] INFO impl.MetricsSystemImpl: Registered sink prometheus
datanode_1  | 2022-11-21 01:11:27,891 [JvmPauseMonitor0] INFO util.JvmPauseMonitor: JvmPauseMonitor-27f806af-381b-423a-87c6-c5ab254e7d36: Started
datanode_4  | 2022-11-21 01:10:51,414 [main] INFO reflections.Reflections: Reflections took 939 ms to scan 2 urls, producing 92 keys and 211 values 
datanode_3  | 2022-11-21 01:11:21,782 [main] INFO impl.MetricsSystemImpl: Registered sink prometheus
kdc_1       | Nov 21 01:16:56 kdc krb5kdc[7](info): TGS_REQ (6 etypes {aes256-cts-hmac-sha1-96(18), aes128-cts-hmac-sha1-96(17), aes256-cts-hmac-sha384-192(20), aes128-cts-hmac-sha256-128(19), DEPRECATED:des3-cbc-sha1(16), DEPRECATED:arcfour-hmac(23)}) 172.18.0.4: ISSUE: authtime 1668993411, etypes {rep=aes256-cts-hmac-sha1-96(18), tkt=aes256-cts-hmac-sha1-96(18), ses=aes256-cts-hmac-sha1-96(18)}, testuser/scm@EXAMPLE.COM for om/om@EXAMPLE.COM
datanode_2  | 	at java.base/jdk.internal.reflect.NativeConstructorAccessorImpl.newInstance0(Native Method)
recon_1     | 2022-11-21 01:10:52,182 [main] INFO persistence.DefaultDataSourceProvider: JDBC Url for Recon : jdbc:derby:/data/metadata/recon/ozone_recon_derby.db 
datanode_5  | 	at org.apache.hadoop.ipc.ProtobufRpcEngine2$Server$ProtoBufRpcInvoker.call(ProtobufRpcEngine2.java:556)
scm_1       | 2022-11-21 01:10:27,100 [main] INFO server.RaftServerConfigKeys: raft.server.threadpool.proxy.cached = true (default)
om_1        | 2022-11-21 01:10:46,226 [main] INFO retry.RetryInvocationHandler: com.google.protobuf.ServiceException: org.apache.hadoop.ipc.RemoteException(org.apache.hadoop.hdds.ratis.ServerNotLeaderException): Server:a070d900-adf4-4294-a08a-0193c33a76db is not the leader. Could not determine the leader node.
s3g_1       | 2022-11-21 01:10:25,071 [main] INFO http.BaseHttpServer: HTTP server of s3gateway listening at http://0.0.0.0:9878
datanode_1  | 2022-11-21 01:11:28,495 [EndpointStateMachine task thread for recon/172.18.0.3:9891 - 0 ] INFO ipc.Client: Retrying connect to server: recon/172.18.0.3:9891. Already tried 2 time(s); retry policy is RetryUpToMaximumCountWithFixedSleep(maxRetries=15, sleepTime=1000 MILLISECONDS)
datanode_4  | 2022-11-21 01:10:52,037 [main] INFO statemachine.DatanodeStateMachine: Datanode State Machine Task Thread Pool size 2
datanode_3  | 2022-11-21 01:11:21,795 [main] INFO http.BaseHttpServer: HTTP server of hddsDatanode listening at http://0.0.0.0:9882
kdc_1       | Nov 21 01:17:02 kdc krb5kdc[7](info): TGS_REQ (6 etypes {aes256-cts-hmac-sha1-96(18), aes128-cts-hmac-sha1-96(17), aes256-cts-hmac-sha384-192(20), aes128-cts-hmac-sha256-128(19), DEPRECATED:des3-cbc-sha1(16), DEPRECATED:arcfour-hmac(23)}) 172.18.0.4: ISSUE: authtime 1668993411, etypes {rep=aes256-cts-hmac-sha1-96(18), tkt=aes256-cts-hmac-sha1-96(18), ses=aes256-cts-hmac-sha1-96(18)}, testuser/scm@EXAMPLE.COM for om/om@EXAMPLE.COM
datanode_2  | 	at java.base/jdk.internal.reflect.NativeConstructorAccessorImpl.newInstance(NativeConstructorAccessorImpl.java:62)
recon_1     | 2022-11-21 01:11:00,707 [main] INFO codegen.SqlDbUtils: Created derby database at jdbc:derby:/data/metadata/recon/ozone_recon_derby.db.
datanode_5  | 	at org.apache.hadoop.ipc.RPC$Server.call(RPC.java:1093)
scm_1       | 2022-11-21 01:10:27,101 [main] INFO server.RaftServerConfigKeys: raft.server.threadpool.proxy.size = 0 (default)
om_1        | 	at org.apache.hadoop.hdds.ratis.ServerNotLeaderException.convertToNotLeaderException(ServerNotLeaderException.java:109)
datanode_1  | 2022-11-21 01:11:29,543 [EndpointStateMachine task thread for recon/172.18.0.3:9891 - 0 ] INFO ipc.Client: Retrying connect to server: recon/172.18.0.3:9891. Already tried 3 time(s); retry policy is RetryUpToMaximumCountWithFixedSleep(maxRetries=15, sleepTime=1000 MILLISECONDS)
datanode_1  | 2022-11-21 01:11:33,269 [Datanode State Machine Daemon Thread] ERROR datanode.RunningDatanodeState: Error in executing end point task.
datanode_3  | 2022-11-21 01:11:21,866 [Datanode State Machine Daemon Thread] INFO statemachine.DatanodeStateMachine: Ozone container server started.
kdc_1       | Nov 21 01:17:08 kdc krb5kdc[7](info): TGS_REQ (6 etypes {aes256-cts-hmac-sha1-96(18), aes128-cts-hmac-sha1-96(17), aes256-cts-hmac-sha384-192(20), aes128-cts-hmac-sha256-128(19), DEPRECATED:des3-cbc-sha1(16), DEPRECATED:arcfour-hmac(23)}) 172.18.0.4: ISSUE: authtime 1668993411, etypes {rep=aes256-cts-hmac-sha1-96(18), tkt=aes256-cts-hmac-sha1-96(18), ses=aes256-cts-hmac-sha1-96(18)}, testuser/scm@EXAMPLE.COM for om/om@EXAMPLE.COM
datanode_2  | 	at java.base/jdk.internal.reflect.DelegatingConstructorAccessorImpl.newInstance(DelegatingConstructorAccessorImpl.java:45)
datanode_2  | 	at java.base/java.lang.reflect.Constructor.newInstance(Constructor.java:490)
datanode_5  | 	at org.apache.hadoop.ipc.Server$RpcCall.run(Server.java:1043)
scm_1       | 2022-11-21 01:10:27,101 [main] INFO server.RaftServerConfigKeys: raft.server.rpc.slowness.timeout = 120000ms (custom)
om_1        | 	at org.apache.hadoop.hdds.scm.ha.RatisUtil.checkRatisException(RatisUtil.java:246)
datanode_1  | java.util.concurrent.ExecutionException: java.util.concurrent.TimeoutException
datanode_4  | 2022-11-21 01:10:53,576 [main] INFO fs.SaveSpaceUsageToFile: Cached usage info file /data/hdds/scmUsed not found
datanode_3  | 2022-11-21 01:11:22,097 [org.apache.hadoop.util.JvmPauseMonitor$Monitor@78e8c6a] INFO util.JvmPauseMonitor: Starting JVM pause monitor
datanode_2  | 	at org.apache.hadoop.net.NetUtils.wrapWithMessage(NetUtils.java:913)
recon_1     | WARNING: An illegal reflective access operation has occurred
kdc_1       | Nov 21 01:17:14 kdc krb5kdc[7](info): TGS_REQ (6 etypes {aes256-cts-hmac-sha1-96(18), aes128-cts-hmac-sha1-96(17), aes256-cts-hmac-sha384-192(20), aes128-cts-hmac-sha256-128(19), DEPRECATED:des3-cbc-sha1(16), DEPRECATED:arcfour-hmac(23)}) 172.18.0.4: ISSUE: authtime 1668993411, etypes {rep=aes256-cts-hmac-sha1-96(18), tkt=aes256-cts-hmac-sha1-96(18), ses=aes256-cts-hmac-sha1-96(18)}, testuser/scm@EXAMPLE.COM for om/om@EXAMPLE.COM
datanode_5  | 	at org.apache.hadoop.ipc.Server$RpcCall.run(Server.java:971)
scm_1       | 2022-11-21 01:10:27,102 [main] INFO server.RaftServerConfigKeys: raft.server.leaderelection.leader.step-down.wait-time = 10s (default)
om_1        | 	at org.apache.hadoop.hdds.scm.protocol.ScmBlockLocationProtocolServerSideTranslatorPB.send(ScmBlockLocationProtocolServerSideTranslatorPB.java:109)
datanode_1  | 	at java.base/java.util.concurrent.FutureTask.report(FutureTask.java:122)
datanode_4  | 2022-11-21 01:10:53,776 [main] INFO volume.HddsVolume: Creating HddsVolume: /data/hdds/hdds of storage type : DISK capacity : 89297309696
datanode_3  | 2022-11-21 01:11:22,862 [Datanode State Machine Task Thread - 0] INFO statemachine.SCMConnectionManager: Adding Recon Server : recon/172.18.0.3:9891
datanode_2  | 	at org.apache.hadoop.net.NetUtils.wrapException(NetUtils.java:888)
kdc_1       | Nov 21 01:17:19 kdc krb5kdc[7](info): TGS_REQ (6 etypes {aes256-cts-hmac-sha1-96(18), aes128-cts-hmac-sha1-96(17), aes256-cts-hmac-sha384-192(20), aes128-cts-hmac-sha256-128(19), DEPRECATED:des3-cbc-sha1(16), DEPRECATED:arcfour-hmac(23)}) 172.18.0.4: ISSUE: authtime 1668993411, etypes {rep=aes256-cts-hmac-sha1-96(18), tkt=aes256-cts-hmac-sha1-96(18), ses=aes256-cts-hmac-sha1-96(18)}, testuser/scm@EXAMPLE.COM for om/om@EXAMPLE.COM
datanode_5  | 	at java.base/java.security.AccessController.doPrivileged(Native Method)
datanode_5  | 	at java.base/javax.security.auth.Subject.doAs(Subject.java:423)
scm_1       | 2022-11-21 01:10:27,105 [main] INFO server.RaftServerConfigKeys: raft.server.storage.dir = [/data/metadata/scm-ha] (custom)
om_1        | 	at org.apache.hadoop.hdds.protocol.proto.ScmBlockLocationProtocolProtos$ScmBlockLocationProtocolService$2.callBlockingMethod(ScmBlockLocationProtocolProtos.java:14202)
datanode_1  | 	at java.base/java.util.concurrent.FutureTask.get(FutureTask.java:191)
datanode_4  | 2022-11-21 01:10:53,803 [main] INFO volume.MutableVolumeSet: Added Volume : /data/hdds/hdds to VolumeSet
datanode_3  | 2022-11-21 01:11:22,927 [Datanode State Machine Task Thread - 0] INFO datanode.InitDatanodeState: DatanodeDetails is persisted to /data/datanode.id
datanode_2  | 	at org.apache.hadoop.ipc.Client.getRpcResponse(Client.java:1616)
kdc_1       | Nov 21 01:17:26 kdc krb5kdc[7](info): TGS_REQ (6 etypes {aes256-cts-hmac-sha1-96(18), aes128-cts-hmac-sha1-96(17), aes256-cts-hmac-sha384-192(20), aes128-cts-hmac-sha256-128(19), DEPRECATED:des3-cbc-sha1(16), DEPRECATED:arcfour-hmac(23)}) 172.18.0.4: ISSUE: authtime 1668993411, etypes {rep=aes256-cts-hmac-sha1-96(18), tkt=aes256-cts-hmac-sha1-96(18), ses=aes256-cts-hmac-sha1-96(18)}, testuser/scm@EXAMPLE.COM for om/om@EXAMPLE.COM
datanode_5  | 	at org.apache.hadoop.security.UserGroupInformation.doAs(UserGroupInformation.java:1878)
recon_1     | WARNING: Illegal reflective access by org.jooq.tools.reflect.Reflect (file:/opt/hadoop/share/ozone/lib/jooq-3.11.10.jar) to constructor java.lang.invoke.MethodHandles$Lookup(java.lang.Class)
scm_1       | 2022-11-21 01:10:27,113 [main] INFO server.RaftServer: a070d900-adf4-4294-a08a-0193c33a76db: addNew group-BE5B89C87EF9:[a070d900-adf4-4294-a08a-0193c33a76db|rpc:scm:9894|priority:0|startupRole:FOLLOWER] returns group-BE5B89C87EF9:java.util.concurrent.CompletableFuture@6056232d[Not completed]
om_1        | 	at org.apache.hadoop.ipc.ProtobufRpcEngine$Server.processCall(ProtobufRpcEngine.java:465)
datanode_1  | 	at org.apache.hadoop.ozone.container.common.states.datanode.RunningDatanodeState.computeNextContainerState(RunningDatanodeState.java:199)
datanode_4  | 2022-11-21 01:10:53,812 [main] INFO volume.ThrottledAsyncChecker: Scheduling a check for /data/hdds/hdds
kdc_1       | Nov 21 01:17:27 kdc krb5kdc[7](info): AS_REQ (8 etypes {aes256-cts-hmac-sha1-96(18), aes128-cts-hmac-sha1-96(17), aes256-cts-hmac-sha384-192(20), aes128-cts-hmac-sha256-128(19), DEPRECATED:des3-cbc-sha1(16), DEPRECATED:arcfour-hmac(23), camellia128-cts-cmac(25), camellia256-cts-cmac(26)}) 172.18.0.4: ISSUE: authtime 1668993447, etypes {rep=aes256-cts-hmac-sha1-96(18), tkt=aes256-cts-hmac-sha1-96(18), ses=aes256-cts-hmac-sha1-96(18)}, testuser/scm@EXAMPLE.COM for krbtgt/EXAMPLE.COM@EXAMPLE.COM
datanode_5  | 	at org.apache.hadoop.ipc.Server$Handler.run(Server.java:2976)
recon_1     | WARNING: Please consider reporting this to the maintainers of org.jooq.tools.reflect.Reflect
recon_1     | WARNING: Use --illegal-access=warn to enable warnings of further illegal reflective access operations
om_1        | 	at org.apache.hadoop.ipc.ProtobufRpcEngine2$Server$ProtoBufRpcInvoker.call(ProtobufRpcEngine2.java:578)
datanode_1  | 	at org.apache.hadoop.ozone.container.common.states.datanode.RunningDatanodeState.await(RunningDatanodeState.java:239)
datanode_4  | 2022-11-21 01:10:54,179 [main] INFO volume.StorageVolumeChecker: Scheduled health check for volume /data/hdds/hdds
datanode_2  | 	at org.apache.hadoop.ipc.Client.call(Client.java:1558)
datanode_2  | 	at org.apache.hadoop.ipc.Client.call(Client.java:1455)
kdc_1       | Nov 21 01:17:32 kdc krb5kdc[7](info): TGS_REQ (6 etypes {aes256-cts-hmac-sha1-96(18), aes128-cts-hmac-sha1-96(17), aes256-cts-hmac-sha384-192(20), aes128-cts-hmac-sha256-128(19), DEPRECATED:des3-cbc-sha1(16), DEPRECATED:arcfour-hmac(23)}) 172.18.0.4: ISSUE: authtime 1668993447, etypes {rep=aes256-cts-hmac-sha1-96(18), tkt=aes256-cts-hmac-sha1-96(18), ses=aes256-cts-hmac-sha1-96(18)}, testuser/scm@EXAMPLE.COM for om/om@EXAMPLE.COM
datanode_5  | , while invoking $Proxy18.submitRequest over nodeId=scmNodeId,nodeAddress=scm/172.18.0.4:9961 after 11 failover attempts. Trying to failover after sleeping for 2000ms.
recon_1     | WARNING: All illegal access operations will be denied in a future release
scm_1       | 2022-11-21 01:10:27,138 [pool-2-thread-1] INFO server.RaftServer$Division: a070d900-adf4-4294-a08a-0193c33a76db: new RaftServerImpl for group-BE5B89C87EF9:[a070d900-adf4-4294-a08a-0193c33a76db|rpc:scm:9894|priority:0|startupRole:FOLLOWER] with SCMStateMachine:uninitialized
om_1        | 	at org.apache.hadoop.ipc.ProtobufRpcEngine2$Server$ProtoBufRpcInvoker.call(ProtobufRpcEngine2.java:556)
datanode_1  | 	at org.apache.hadoop.ozone.container.common.states.datanode.RunningDatanodeState.await(RunningDatanodeState.java:50)
datanode_4  | 2022-11-21 01:10:54,340 [main] WARN server.ServerUtils: Storage directory for Ratis is not configured. It is a good idea to map this to an SSD disk. Falling back to ozone.metadata.dirs
datanode_2  | 	at org.apache.hadoop.ipc.ProtobufRpcEngine$Invoker.invoke(ProtobufRpcEngine.java:235)
datanode_3  | 2022-11-21 01:11:25,426 [EndpointStateMachine task thread for recon/172.18.0.3:9891 - 0 ] INFO ipc.Client: Retrying connect to server: recon/172.18.0.3:9891. Already tried 0 time(s); retry policy is RetryUpToMaximumCountWithFixedSleep(maxRetries=15, sleepTime=1000 MILLISECONDS)
kdc_1       | Nov 21 01:17:38 kdc krb5kdc[7](info): TGS_REQ (6 etypes {aes256-cts-hmac-sha1-96(18), aes128-cts-hmac-sha1-96(17), aes256-cts-hmac-sha384-192(20), aes128-cts-hmac-sha256-128(19), DEPRECATED:des3-cbc-sha1(16), DEPRECATED:arcfour-hmac(23)}) 172.18.0.4: ISSUE: authtime 1668993447, etypes {rep=aes256-cts-hmac-sha1-96(18), tkt=aes256-cts-hmac-sha1-96(18), ses=aes256-cts-hmac-sha1-96(18)}, testuser/scm@EXAMPLE.COM for om/om@EXAMPLE.COM
datanode_5  | 2022-11-21 01:10:50,094 [main] INFO client.DNCertificateClient: Loading certificate from location:/data/metadata/dn/certs.
recon_1     | 2022-11-21 01:11:03,900 [main] INFO impl.ReconContainerMetadataManagerImpl: KEY_CONTAINER Table is empty, initializing from CONTAINER_KEY Table ...
scm_1       | 2022-11-21 01:10:27,140 [pool-2-thread-1] INFO server.RaftServerConfigKeys: raft.server.rpc.timeout.min = 5000ms (custom)
om_1        | 	at org.apache.hadoop.ipc.RPC$Server.call(RPC.java:1093)
om_1        | 	at org.apache.hadoop.ipc.Server$RpcCall.run(Server.java:1043)
datanode_4  | 2022-11-21 01:10:54,374 [main] INFO fs.SaveSpaceUsageToFile: Cached usage info file /data/metadata/ratis/scmUsed not found
datanode_2  | 	at org.apache.hadoop.ipc.ProtobufRpcEngine$Invoker.invoke(ProtobufRpcEngine.java:122)
datanode_3  | 2022-11-21 01:11:26,436 [EndpointStateMachine task thread for recon/172.18.0.3:9891 - 0 ] INFO ipc.Client: Retrying connect to server: recon/172.18.0.3:9891. Already tried 1 time(s); retry policy is RetryUpToMaximumCountWithFixedSleep(maxRetries=15, sleepTime=1000 MILLISECONDS)
kdc_1       | Nov 21 01:17:43 kdc krb5kdc[7](info): TGS_REQ (6 etypes {aes256-cts-hmac-sha1-96(18), aes128-cts-hmac-sha1-96(17), aes256-cts-hmac-sha384-192(20), aes128-cts-hmac-sha256-128(19), DEPRECATED:des3-cbc-sha1(16), DEPRECATED:arcfour-hmac(23)}) 172.18.0.4: ISSUE: authtime 1668993447, etypes {rep=aes256-cts-hmac-sha1-96(18), tkt=aes256-cts-hmac-sha1-96(18), ses=aes256-cts-hmac-sha1-96(18)}, testuser/scm@EXAMPLE.COM for om/om@EXAMPLE.COM
datanode_5  | 2022-11-21 01:10:50,182 [main] INFO client.DNCertificateClient: Added certificate from file:/data/metadata/dn/certs/304454291752.crt.
recon_1     | 2022-11-21 01:11:03,912 [main] INFO impl.ReconContainerMetadataManagerImpl: It took 0.011 seconds to initialized 0 records to KEY_CONTAINER table
scm_1       | 2022-11-21 01:10:27,141 [pool-2-thread-1] INFO server.RaftServerConfigKeys: raft.server.rpc.timeout.max = 5200ms (custom)
om_1        | 	at org.apache.hadoop.ipc.Server$RpcCall.run(Server.java:971)
datanode_1  | 	at org.apache.hadoop.ozone.container.common.statemachine.StateContext.execute(StateContext.java:661)
datanode_4  | 2022-11-21 01:10:54,396 [main] INFO volume.MutableVolumeSet: Added Volume : /data/metadata/ratis to VolumeSet
datanode_2  | 	at com.sun.proxy.$Proxy41.submitRequest(Unknown Source)
datanode_3  | 2022-11-21 01:11:27,276 [EndpointStateMachine task thread for scm/172.18.0.4:9861 - 0 ] INFO utils.DatanodeStoreCache: Added db /data/hdds/hdds/CID-5ce853aa-babf-439a-a90e-be5b89c87ef9/DS-0ce1471c-b0c5-46a8-b6b0-e21bbe1b9fbe/container.db to cache
kdc_1       | Nov 21 01:17:49 kdc krb5kdc[7](info): TGS_REQ (6 etypes {aes256-cts-hmac-sha1-96(18), aes128-cts-hmac-sha1-96(17), aes256-cts-hmac-sha384-192(20), aes128-cts-hmac-sha256-128(19), DEPRECATED:des3-cbc-sha1(16), DEPRECATED:arcfour-hmac(23)}) 172.18.0.4: ISSUE: authtime 1668993447, etypes {rep=aes256-cts-hmac-sha1-96(18), tkt=aes256-cts-hmac-sha1-96(18), ses=aes256-cts-hmac-sha1-96(18)}, testuser/scm@EXAMPLE.COM for om/om@EXAMPLE.COM
datanode_5  | 2022-11-21 01:10:50,194 [main] INFO client.DNCertificateClient: Added certificate from file:/data/metadata/dn/certs/CA-281399384390.crt.
recon_1     | 2022-11-21 01:11:03,986 [main] INFO persistence.DefaultDataSourceProvider: JDBC Url for Recon : jdbc:derby:/data/metadata/recon/ozone_recon_derby.db 
scm_1       | 2022-11-21 01:10:27,141 [pool-2-thread-1] INFO server.RaftServerConfigKeys: raft.server.rpc.sleep.time = 25ms (default)
scm_1       | 2022-11-21 01:10:27,143 [pool-2-thread-1] INFO server.RaftServerConfigKeys: raft.server.rpc.slowness.timeout = 120000ms (custom)
datanode_1  | 	at org.apache.hadoop.ozone.container.common.statemachine.DatanodeStateMachine.startStateMachineThread(DatanodeStateMachine.java:306)
datanode_4  | 2022-11-21 01:10:54,398 [main] INFO volume.ThrottledAsyncChecker: Scheduling a check for /data/metadata/ratis
datanode_2  | 	at org.apache.hadoop.ozone.protocolPB.StorageContainerDatanodeProtocolClientSideTranslatorPB.submitRequest(StorageContainerDatanodeProtocolClientSideTranslatorPB.java:117)
datanode_3  | 2022-11-21 01:11:27,280 [EndpointStateMachine task thread for scm/172.18.0.4:9861 - 0 ] INFO volume.HddsVolume: SchemaV3 db is created and loaded at /data/hdds/hdds/CID-5ce853aa-babf-439a-a90e-be5b89c87ef9/DS-0ce1471c-b0c5-46a8-b6b0-e21bbe1b9fbe/container.db for volume DS-0ce1471c-b0c5-46a8-b6b0-e21bbe1b9fbe
kdc_1       | Nov 21 01:17:50 kdc krb5kdc[7](info): AS_REQ (8 etypes {aes256-cts-hmac-sha1-96(18), aes128-cts-hmac-sha1-96(17), aes256-cts-hmac-sha384-192(20), aes128-cts-hmac-sha256-128(19), DEPRECATED:des3-cbc-sha1(16), DEPRECATED:arcfour-hmac(23), camellia128-cts-cmac(25), camellia256-cts-cmac(26)}) 172.18.0.4: ISSUE: authtime 1668993470, etypes {rep=aes256-cts-hmac-sha1-96(18), tkt=aes256-cts-hmac-sha1-96(18), ses=aes256-cts-hmac-sha1-96(18)}, testuser/scm@EXAMPLE.COM for krbtgt/EXAMPLE.COM@EXAMPLE.COM
datanode_5  | 2022-11-21 01:10:50,230 [main] INFO client.DNCertificateClient: Added certificate from file:/data/metadata/dn/certs/ROOTCA-1.crt.
recon_1     | 2022-11-21 01:11:04,281 [main] INFO codegen.SqlDbUtils: Created derby database at jdbc:derby:/data/metadata/recon/ozone_recon_derby.db.
scm_1       | 2022-11-21 01:10:27,143 [pool-2-thread-1] INFO server.RaftServerConfigKeys: raft.server.leaderelection.leader.step-down.wait-time = 10s (default)
om_1        | 	at java.base/java.security.AccessController.doPrivileged(Native Method)
datanode_1  | 	at org.apache.hadoop.ozone.container.common.statemachine.DatanodeStateMachine.lambda$startDaemon$0(DatanodeStateMachine.java:506)
datanode_4  | 2022-11-21 01:10:54,400 [main] INFO volume.StorageVolumeChecker: Scheduled health check for volume /data/metadata/ratis
datanode_2  | 	at org.apache.hadoop.ozone.protocolPB.StorageContainerDatanodeProtocolClientSideTranslatorPB.getVersion(StorageContainerDatanodeProtocolClientSideTranslatorPB.java:133)
datanode_3  | 2022-11-21 01:11:27,281 [EndpointStateMachine task thread for scm/172.18.0.4:9861 - 0 ] INFO ozoneimpl.OzoneContainer: Attempting to start container services.
