kdc_1       | Nov 21 01:17:50 kdc krb5kdc[7](info): AS_REQ (8 etypes {aes256-cts-hmac-sha1-96(18), aes128-cts-hmac-sha1-96(17), aes256-cts-hmac-sha384-192(20), aes128-cts-hmac-sha256-128(19), DEPRECATED:des3-cbc-sha1(16), DEPRECATED:arcfour-hmac(23), camellia128-cts-cmac(25), camellia256-cts-cmac(26)}) 172.18.0.4: ISSUE: authtime 1668993470, etypes {rep=aes256-cts-hmac-sha1-96(18), tkt=aes256-cts-hmac-sha1-96(18), ses=aes256-cts-hmac-sha1-96(18)}, testuser2/scm@EXAMPLE.COM for krbtgt/EXAMPLE.COM@EXAMPLE.COM
datanode_5  | 2022-11-21 01:10:50,235 [main] INFO ozone.HddsDatanodeService: Successfully stored SCM signed certificate, case:GETCERT.
recon_1     | 2022-11-21 01:11:04,331 [main] INFO recon.ReconServer: Creating Recon Schema.
scm_1       | 2022-11-21 01:10:27,143 [pool-2-thread-1] INFO server.RaftServerConfigKeys: raft.server.sleep.deviation.threshold = 300ms (default)
om_1        | 	at java.base/javax.security.auth.Subject.doAs(Subject.java:423)
datanode_1  | 	at java.base/java.lang.Thread.run(Thread.java:829)
datanode_4  | 2022-11-21 01:10:54,924 [Thread-18] INFO ozoneimpl.ContainerReader: Finish verifying containers on volume /data/hdds/hdds
datanode_2  | 	at org.apache.hadoop.ozone.container.common.states.endpoint.VersionEndpointTask.call(VersionEndpointTask.java:69)
kdc_1       | Nov 21 01:17:55 kdc krb5kdc[7](info): TGS_REQ (6 etypes {aes256-cts-hmac-sha1-96(18), aes128-cts-hmac-sha1-96(17), aes256-cts-hmac-sha384-192(20), aes128-cts-hmac-sha256-128(19), DEPRECATED:des3-cbc-sha1(16), DEPRECATED:arcfour-hmac(23)}) 172.18.0.4: ISSUE: authtime 1668993470, etypes {rep=aes256-cts-hmac-sha1-96(18), tkt=aes256-cts-hmac-sha1-96(18), ses=aes256-cts-hmac-sha1-96(18)}, testuser2/scm@EXAMPLE.COM for om/om@EXAMPLE.COM
datanode_3  | 2022-11-21 01:11:27,299 [EndpointStateMachine task thread for scm/172.18.0.4:9861 - 0 ] INFO ozoneimpl.OzoneContainer: Scheduled background container scanners and the on-demand container scanner have been disabled.
datanode_5  | 2022-11-21 01:10:50,420 [main] INFO upgrade.AbstractLayoutVersionManager: Initializing Layout version manager with metadata layout = DATANODE_SCHEMA_V3 (version = 4), software layout = DATANODE_SCHEMA_V3 (version = 4)
recon_1     | 2022-11-21 01:11:12,939 [main] INFO http.BaseHttpServer: Starting Web-server for recon at: http://0.0.0.0:9888
scm_1       | 2022-11-21 01:10:27,150 [pool-2-thread-1] INFO server.RaftServer$Division: a070d900-adf4-4294-a08a-0193c33a76db@group-BE5B89C87EF9: ConfigurationManager, init=-1: peers:[a070d900-adf4-4294-a08a-0193c33a76db|rpc:scm:9894|priority:0|startupRole:FOLLOWER]|listeners:[], old=null, confs=<EMPTY_MAP>
om_1        | 	at org.apache.hadoop.security.UserGroupInformation.doAs(UserGroupInformation.java:1878)
datanode_1  | Caused by: java.util.concurrent.TimeoutException
datanode_4  | 2022-11-21 01:10:54,928 [main] INFO ozoneimpl.OzoneContainer: Build ContainerSet costs 0s
datanode_2  | 	at org.apache.hadoop.ozone.container.common.states.endpoint.VersionEndpointTask.call(VersionEndpointTask.java:40)
kdc_1       | Nov 21 01:17:56 kdc krb5kdc[7](info): AS_REQ (8 etypes {aes256-cts-hmac-sha1-96(18), aes128-cts-hmac-sha1-96(17), aes256-cts-hmac-sha384-192(20), aes128-cts-hmac-sha256-128(19), DEPRECATED:des3-cbc-sha1(16), DEPRECATED:arcfour-hmac(23), camellia128-cts-cmac(25), camellia256-cts-cmac(26)}) 172.18.0.4: ISSUE: authtime 1668993476, etypes {rep=aes256-cts-hmac-sha1-96(18), tkt=aes256-cts-hmac-sha1-96(18), ses=aes256-cts-hmac-sha1-96(18)}, testuser/scm@EXAMPLE.COM for krbtgt/EXAMPLE.COM@EXAMPLE.COM
datanode_3  | 2022-11-21 01:11:27,450 [EndpointStateMachine task thread for recon/172.18.0.3:9891 - 0 ] INFO ipc.Client: Retrying connect to server: recon/172.18.0.3:9891. Already tried 2 time(s); retry policy is RetryUpToMaximumCountWithFixedSleep(maxRetries=15, sleepTime=1000 MILLISECONDS)
datanode_5  | 2022-11-21 01:10:51,648 [main] INFO reflections.Reflections: Reflections took 985 ms to scan 2 urls, producing 92 keys and 211 values 
recon_1     | 2022-11-21 01:11:12,940 [main] INFO http.BaseHttpServer: Hadoop Security Enabled: true Ozone Security Enabled: true Ozone HTTP Security Enabled: true 
scm_1       | 2022-11-21 01:10:27,150 [pool-2-thread-1] INFO server.RaftServerConfigKeys: raft.server.storage.dir = [/data/metadata/scm-ha] (custom)
om_1        | 	at org.apache.hadoop.ipc.Server$Handler.run(Server.java:2976)
om_1        | , while invoking $Proxy31.send over nodeId=scmNodeId,nodeAddress=scm/172.18.0.4:9863 after 17 failover attempts. Trying to failover after sleeping for 2000ms.
datanode_1  | 	at java.base/java.util.concurrent.FutureTask.get(FutureTask.java:204)
datanode_4  | 2022-11-21 01:11:02,394 [main] INFO audit.AuditLogger: Refresh DebugCmdSet for DNAudit to [].
datanode_2  | 	at java.base/java.util.concurrent.FutureTask.run(FutureTask.java:264)
kdc_1       | Nov 21 01:17:57 kdc krb5kdc[7](info): AS_REQ (8 etypes {aes256-cts-hmac-sha1-96(18), aes128-cts-hmac-sha1-96(17), aes256-cts-hmac-sha384-192(20), aes128-cts-hmac-sha256-128(19), DEPRECATED:des3-cbc-sha1(16), DEPRECATED:arcfour-hmac(23), camellia128-cts-cmac(25), camellia256-cts-cmac(26)}) 172.18.0.4: ISSUE: authtime 1668993477, etypes {rep=aes256-cts-hmac-sha1-96(18), tkt=aes256-cts-hmac-sha1-96(18), ses=aes256-cts-hmac-sha1-96(18)}, testuser2/scm@EXAMPLE.COM for krbtgt/EXAMPLE.COM@EXAMPLE.COM
datanode_3  | 2022-11-21 01:11:27,714 [EndpointStateMachine task thread for scm/172.18.0.4:9861 - 0 ] INFO ratis.XceiverServerRatis: Starting XceiverServerRatis 34e7767b-2b70-4510-b398-473c7e2e223d
datanode_5  | 2022-11-21 01:10:52,130 [main] INFO statemachine.DatanodeStateMachine: Datanode State Machine Task Thread Pool size 2
recon_1     | 2022-11-21 01:11:12,940 [main] INFO http.BaseHttpServer: HttpAuthType: ozone.recon.http.auth.type = kerberos
scm_1       | 2022-11-21 01:10:27,161 [pool-2-thread-1] INFO server.RaftServerConfigKeys: raft.server.log.corruption.policy = EXCEPTION (default)
datanode_1  | 	at org.apache.hadoop.ozone.container.common.states.datanode.RunningDatanodeState.lambda$execute$0(RunningDatanodeState.java:157)
om_1        | OM initialization succeeded.Current cluster id for sd=/data/metadata/om;cid=CID-5ce853aa-babf-439a-a90e-be5b89c87ef9;layoutVersion=3
datanode_4  | 2022-11-21 01:11:03,942 [main] WARN server.ServerUtils: Storage directory for Ratis is not configured. It is a good idea to map this to an SSD disk. Falling back to ozone.metadata.dirs
datanode_2  | 	at java.base/java.util.concurrent.ThreadPoolExecutor.runWorker(ThreadPoolExecutor.java:1128)
kdc_1       | Nov 21 01:18:01 kdc krb5kdc[7](info): TGS_REQ (6 etypes {aes256-cts-hmac-sha1-96(18), aes128-cts-hmac-sha1-96(17), aes256-cts-hmac-sha384-192(20), aes128-cts-hmac-sha256-128(19), DEPRECATED:des3-cbc-sha1(16), DEPRECATED:arcfour-hmac(23)}) 172.18.0.4: ISSUE: authtime 1668993477, etypes {rep=aes256-cts-hmac-sha1-96(18), tkt=aes256-cts-hmac-sha1-96(18), ses=aes256-cts-hmac-sha1-96(18)}, testuser2/scm@EXAMPLE.COM for om/om@EXAMPLE.COM
datanode_3  | 2022-11-21 01:11:27,886 [EndpointStateMachine task thread for scm/172.18.0.4:9861 - 0 ] INFO server.RaftServer: 34e7767b-2b70-4510-b398-473c7e2e223d: start RPC server
datanode_5  | 2022-11-21 01:10:53,458 [main] INFO fs.SaveSpaceUsageToFile: Cached usage info file /data/hdds/scmUsed not found
recon_1     | 2022-11-21 01:11:13,062 [main] INFO util.log: Logging initialized @97595ms to org.eclipse.jetty.util.log.Slf4jLog
scm_1       | 2022-11-21 01:10:27,161 [pool-2-thread-1] INFO server.RaftServerConfigKeys: raft.server.storage.free-space.min = 0MB (=0) (default)
datanode_1  | 	at java.base/java.util.concurrent.FutureTask.run(FutureTask.java:264)
om_1        | 2022-11-21 01:10:48,348 [main] INFO om.OzoneManager: OM storage initialized. Initializing security
datanode_2  | 	at java.base/java.util.concurrent.ThreadPoolExecutor$Worker.run(ThreadPoolExecutor.java:628)
datanode_4  | 2022-11-21 01:11:04,803 [main] INFO server.RaftServer: raft.rpc.type = GRPC (default)
kdc_1       | Nov 21 01:18:02 kdc krb5kdc[7](info): AS_REQ (8 etypes {aes256-cts-hmac-sha1-96(18), aes128-cts-hmac-sha1-96(17), aes256-cts-hmac-sha384-192(20), aes128-cts-hmac-sha256-128(19), DEPRECATED:des3-cbc-sha1(16), DEPRECATED:arcfour-hmac(23), camellia128-cts-cmac(25), camellia256-cts-cmac(26)}) 172.18.0.4: ISSUE: authtime 1668993482, etypes {rep=aes256-cts-hmac-sha1-96(18), tkt=aes256-cts-hmac-sha1-96(18), ses=aes256-cts-hmac-sha1-96(18)}, testuser/scm@EXAMPLE.COM for krbtgt/EXAMPLE.COM@EXAMPLE.COM
datanode_3  | 2022-11-21 01:11:27,933 [EndpointStateMachine task thread for scm/172.18.0.4:9861 - 0 ] INFO server.GrpcService: 34e7767b-2b70-4510-b398-473c7e2e223d: GrpcService started, listening on 9858
datanode_5  | 2022-11-21 01:10:53,551 [main] INFO volume.HddsVolume: Creating HddsVolume: /data/hdds/hdds of storage type : DISK capacity : 89297309696
recon_1     | 2022-11-21 01:11:14,325 [main] WARN http.HttpRequestLog: Jetty request log can only be enabled using Log4j
scm_1       | 2022-11-21 01:10:27,179 [pool-2-thread-1] INFO server.RaftServerConfigKeys: raft.server.notification.no-leader.timeout = 60s (default)
datanode_1  | 	at java.base/java.util.concurrent.Executors$RunnableAdapter.call(Executors.java:515)
om_1        | 2022-11-21 01:10:48,348 [main] INFO om.OzoneManager: Initializing secure OzoneManager.
datanode_2  | 	at java.base/java.lang.Thread.run(Thread.java:829)
datanode_4  | 2022-11-21 01:11:05,575 [main] INFO grpc.GrpcConfigKeys: raft.grpc.admin.host = null (fallback to raft.grpc.server.host)
kdc_1       | Nov 21 01:18:03 kdc krb5kdc[7](info): AS_REQ (8 etypes {aes256-cts-hmac-sha1-96(18), aes128-cts-hmac-sha1-96(17), aes256-cts-hmac-sha384-192(20), aes128-cts-hmac-sha256-128(19), DEPRECATED:des3-cbc-sha1(16), DEPRECATED:arcfour-hmac(23), camellia128-cts-cmac(25), camellia256-cts-cmac(26)}) 172.18.0.4: ISSUE: authtime 1668993483, etypes {rep=aes256-cts-hmac-sha1-96(18), tkt=aes256-cts-hmac-sha1-96(18), ses=aes256-cts-hmac-sha1-96(18)}, testuser2/scm@EXAMPLE.COM for krbtgt/EXAMPLE.COM@EXAMPLE.COM
datanode_3  | 2022-11-21 01:11:27,944 [EndpointStateMachine task thread for scm/172.18.0.4:9861 - 0 ] INFO server.GrpcService: 34e7767b-2b70-4510-b398-473c7e2e223d: GrpcService started, listening on 9856
datanode_5  | 2022-11-21 01:10:53,581 [main] INFO volume.MutableVolumeSet: Added Volume : /data/hdds/hdds to VolumeSet
recon_1     | 2022-11-21 01:11:14,426 [main] INFO http.HttpServer2: Added global filter 'safety' (class=org.apache.hadoop.hdds.server.http.HttpServer2$QuotingInputFilter)
scm_1       | 2022-11-21 01:10:27,186 [pool-2-thread-1] INFO server.RaftServerConfigKeys: raft.server.retrycache.expirytime = 60000ms (default)
datanode_1  | 	at java.base/java.util.concurrent.FutureTask.run(FutureTask.java:264)
om_1        | 2022-11-21 01:10:49,240 [main] ERROR client.OMCertificateClient: Default certificate serial id is not set. Can't locate the default certificate for this client.
datanode_2  | Caused by: java.io.IOException: java.net.SocketTimeoutException: 5000 millis timeout while waiting for channel to be ready for read. ch : java.nio.channels.SocketChannel[connected local=/172.18.0.8:56764 remote=recon/172.18.0.3:9891]
datanode_4  | 2022-11-21 01:11:05,618 [main] INFO grpc.GrpcConfigKeys: raft.grpc.admin.port = 9857 (custom)
kdc_1       | Nov 21 01:18:07 kdc krb5kdc[7](info): TGS_REQ (6 etypes {aes256-cts-hmac-sha1-96(18), aes128-cts-hmac-sha1-96(17), aes256-cts-hmac-sha384-192(20), aes128-cts-hmac-sha256-128(19), DEPRECATED:des3-cbc-sha1(16), DEPRECATED:arcfour-hmac(23)}) 172.18.0.4: ISSUE: authtime 1668993483, etypes {rep=aes256-cts-hmac-sha1-96(18), tkt=aes256-cts-hmac-sha1-96(18), ses=aes256-cts-hmac-sha1-96(18)}, testuser2/scm@EXAMPLE.COM for om/om@EXAMPLE.COM
datanode_3  | 2022-11-21 01:11:27,971 [EndpointStateMachine task thread for scm/172.18.0.4:9861 - 0 ] INFO server.GrpcService: 34e7767b-2b70-4510-b398-473c7e2e223d: GrpcService started, listening on 9857
datanode_5  | 2022-11-21 01:10:53,617 [main] INFO volume.ThrottledAsyncChecker: Scheduling a check for /data/hdds/hdds
recon_1     | 2022-11-21 01:11:14,450 [main] INFO http.HttpServer2: Added filter authentication (class=org.apache.hadoop.security.authentication.server.AuthenticationFilter) to context recon
scm_1       | 2022-11-21 01:10:27,187 [pool-2-thread-1] INFO server.RaftServerConfigKeys: raft.server.retrycache.statistics.expirytime = 100?s (default)
datanode_1  | 	at java.base/java.util.concurrent.ThreadPoolExecutor.runWorker(ThreadPoolExecutor.java:1128)
datanode_1  | 	at java.base/java.util.concurrent.ThreadPoolExecutor$Worker.run(ThreadPoolExecutor.java:628)
datanode_2  | 	at org.apache.hadoop.ipc.Client$Connection$1.run(Client.java:798)
datanode_4  | 2022-11-21 01:11:05,618 [main] INFO grpc.GrpcConfigKeys: raft.grpc.client.host = null (fallback to raft.grpc.server.host)
datanode_4  | 2022-11-21 01:11:05,620 [main] INFO grpc.GrpcConfigKeys: raft.grpc.client.port = 9858 (custom)
kdc_1       | Nov 21 01:18:13 kdc krb5kdc[7](info): TGS_REQ (6 etypes {aes256-cts-hmac-sha1-96(18), aes128-cts-hmac-sha1-96(17), aes256-cts-hmac-sha384-192(20), aes128-cts-hmac-sha256-128(19), DEPRECATED:des3-cbc-sha1(16), DEPRECATED:arcfour-hmac(23)}) 172.18.0.4: ISSUE: authtime 1668993483, etypes {rep=aes256-cts-hmac-sha1-96(18), tkt=aes256-cts-hmac-sha1-96(18), ses=aes256-cts-hmac-sha1-96(18)}, testuser2/scm@EXAMPLE.COM for om/om@EXAMPLE.COM
kdc_1       | Nov 21 01:18:14 kdc krb5kdc[7](info): AS_REQ (8 etypes {aes256-cts-hmac-sha1-96(18), aes128-cts-hmac-sha1-96(17), aes256-cts-hmac-sha384-192(20), aes128-cts-hmac-sha256-128(19), DEPRECATED:des3-cbc-sha1(16), DEPRECATED:arcfour-hmac(23), camellia128-cts-cmac(25), camellia256-cts-cmac(26)}) 172.18.0.4: ISSUE: authtime 1668993494, etypes {rep=aes256-cts-hmac-sha1-96(18), tkt=aes256-cts-hmac-sha1-96(18), ses=aes256-cts-hmac-sha1-96(18)}, testuser/scm@EXAMPLE.COM for krbtgt/EXAMPLE.COM@EXAMPLE.COM
recon_1     | 2022-11-21 01:11:14,451 [main] INFO http.HttpServer2: Added filter authentication (class=org.apache.hadoop.security.authentication.server.AuthenticationFilter) to context static
scm_1       | 2022-11-21 01:10:27,215 [pool-2-thread-1] INFO metrics.MetricRegistries: Loaded MetricRegistries class org.apache.ratis.metrics.impl.MetricRegistriesImpl
scm_1       | 2022-11-21 01:10:27,419 [pool-2-thread-1] INFO server.RaftServerConfigKeys: raft.server.log.appender.install.snapshot.enabled = false (custom)
om_1        | 2022-11-21 01:10:49,241 [main] INFO client.OMCertificateClient: Certificate client init case: 0
datanode_2  | 	at java.base/java.security.AccessController.doPrivileged(Native Method)
datanode_3  | 2022-11-21 01:11:27,974 [EndpointStateMachine task thread for scm/172.18.0.4:9861 - 0 ] INFO ratis.XceiverServerRatis: XceiverServerRatis 34e7767b-2b70-4510-b398-473c7e2e223d is started using port 9858 for RATIS
datanode_4  | 2022-11-21 01:11:05,620 [main] INFO grpc.GrpcConfigKeys: raft.grpc.server.host = null (default)
kdc_1       | Nov 21 01:18:19 kdc krb5kdc[7](info): TGS_REQ (6 etypes {aes256-cts-hmac-sha1-96(18), aes128-cts-hmac-sha1-96(17), aes256-cts-hmac-sha384-192(20), aes128-cts-hmac-sha256-128(19), DEPRECATED:des3-cbc-sha1(16), DEPRECATED:arcfour-hmac(23)}) 172.18.0.4: ISSUE: authtime 1668993494, etypes {rep=aes256-cts-hmac-sha1-96(18), tkt=aes256-cts-hmac-sha1-96(18), ses=aes256-cts-hmac-sha1-96(18)}, testuser/scm@EXAMPLE.COM for om/om@EXAMPLE.COM
datanode_5  | 2022-11-21 01:10:53,882 [main] INFO volume.StorageVolumeChecker: Scheduled health check for volume /data/hdds/hdds
recon_1     | 2022-11-21 01:11:14,451 [main] INFO http.HttpServer2: Added filter authentication (class=org.apache.hadoop.security.authentication.server.AuthenticationFilter) to context logs
scm_1       | 2022-11-21 01:10:27,419 [pool-2-thread-1] INFO server.RaftServerConfigKeys: raft.server.threadpool.server.cached = true (default)
datanode_1  | 	... 1 more
datanode_1  | 2022-11-21 01:11:34,549 [EndpointStateMachine task thread for recon/172.18.0.3:9891 - 0 ] WARN statemachine.EndpointStateMachine: Unable to communicate to Recon server at recon:9891 for past 0 seconds.
datanode_2  | 	at java.base/javax.security.auth.Subject.doAs(Subject.java:423)
datanode_3  | 2022-11-21 01:11:27,976 [EndpointStateMachine task thread for scm/172.18.0.4:9861 - 0 ] INFO ratis.XceiverServerRatis: XceiverServerRatis 34e7767b-2b70-4510-b398-473c7e2e223d is started using port 9857 for RATIS_ADMIN
datanode_4  | 2022-11-21 01:11:05,626 [main] INFO grpc.GrpcConfigKeys: raft.grpc.server.port = 9856 (custom)
kdc_1       | Nov 21 01:18:25 kdc krb5kdc[7](info): TGS_REQ (6 etypes {aes256-cts-hmac-sha1-96(18), aes128-cts-hmac-sha1-96(17), aes256-cts-hmac-sha384-192(20), aes128-cts-hmac-sha256-128(19), DEPRECATED:des3-cbc-sha1(16), DEPRECATED:arcfour-hmac(23)}) 172.18.0.4: ISSUE: authtime 1668993494, etypes {rep=aes256-cts-hmac-sha1-96(18), tkt=aes256-cts-hmac-sha1-96(18), ses=aes256-cts-hmac-sha1-96(18)}, testuser/scm@EXAMPLE.COM for om/om@EXAMPLE.COM
datanode_5  | 2022-11-21 01:10:54,127 [main] WARN server.ServerUtils: Storage directory for Ratis is not configured. It is a good idea to map this to an SSD disk. Falling back to ozone.metadata.dirs
recon_1     | 2022-11-21 01:11:14,486 [main] INFO http.HttpServer2: Initialize spnego with host: 0.0.0.0 userKey: ozone.recon.http.auth.kerberos.principal keytabKey: ozone.recon.http.auth.kerberos.keytab
scm_1       | 2022-11-21 01:10:27,420 [pool-2-thread-1] INFO server.RaftServerConfigKeys: raft.server.threadpool.server.size = 0 (default)
scm_1       | 2022-11-21 01:10:27,421 [pool-2-thread-1] INFO server.RaftServerConfigKeys: raft.server.threadpool.client.cached = true (default)
scm_1       | 2022-11-21 01:10:27,422 [pool-2-thread-1] INFO server.RaftServerConfigKeys: raft.server.threadpool.client.size = 0 (default)
scm_1       | 2022-11-21 01:10:27,424 [a070d900-adf4-4294-a08a-0193c33a76db-impl-thread1] INFO storage.RaftStorageDirectory: The storage directory /data/metadata/scm-ha/5ce853aa-babf-439a-a90e-be5b89c87ef9 does not exist. Creating ...
scm_1       | 2022-11-21 01:10:27,431 [a070d900-adf4-4294-a08a-0193c33a76db-impl-thread1] INFO storage.RaftStorageDirectory: Lock on /data/metadata/scm-ha/5ce853aa-babf-439a-a90e-be5b89c87ef9/in_use.lock acquired by nodename 13@scm
scm_1       | 2022-11-21 01:10:27,437 [a070d900-adf4-4294-a08a-0193c33a76db-impl-thread1] INFO storage.RaftStorage: Storage directory /data/metadata/scm-ha/5ce853aa-babf-439a-a90e-be5b89c87ef9 has been successfully formatted.
scm_1       | 2022-11-21 01:10:27,446 [a070d900-adf4-4294-a08a-0193c33a76db-impl-thread1] INFO server.RaftServerConfigKeys: raft.server.log.use.memory = false (default)
scm_1       | 2022-11-21 01:10:27,466 [a070d900-adf4-4294-a08a-0193c33a76db-impl-thread1] INFO server.RaftServerConfigKeys: raft.server.log.purge.gap = 1000000 (custom)
datanode_2  | 	at org.apache.hadoop.security.UserGroupInformation.doAs(UserGroupInformation.java:1878)
datanode_2  | 	at org.apache.hadoop.ipc.Client$Connection.handleSaslConnectionFailure(Client.java:752)
datanode_2  | 	at org.apache.hadoop.ipc.Client$Connection.setupIOstreams(Client.java:856)
datanode_2  | 	at org.apache.hadoop.ipc.Client$Connection.access$3800(Client.java:414)
datanode_2  | 	at org.apache.hadoop.ipc.Client.getConnection(Client.java:1677)
datanode_2  | 	at org.apache.hadoop.ipc.Client.call(Client.java:1502)
datanode_2  | 	... 12 more
datanode_2  | Caused by: java.net.SocketTimeoutException: 5000 millis timeout while waiting for channel to be ready for read. ch : java.nio.channels.SocketChannel[connected local=/172.18.0.8:56764 remote=recon/172.18.0.3:9891]
datanode_2  | 	at org.apache.hadoop.net.SocketIOWithTimeout.doIO(SocketIOWithTimeout.java:163)
datanode_2  | 	at org.apache.hadoop.net.SocketInputStream.read(SocketInputStream.java:161)
datanode_2  | 	at org.apache.hadoop.net.SocketInputStream.read(SocketInputStream.java:131)
datanode_5  | 2022-11-21 01:10:54,146 [main] INFO fs.SaveSpaceUsageToFile: Cached usage info file /data/metadata/ratis/scmUsed not found
recon_1     | 2022-11-21 01:11:15,314 [main] INFO tasks.ReconTaskControllerImpl: Registered task ContainerKeyMapperTask with controller.
om_1        | 2022-11-21 01:10:49,247 [main] INFO client.OMCertificateClient: Creating keypair for client as keypair and certificate not found.
om_1        | 2022-11-21 01:10:52,273 [main] INFO om.OzoneManager: Init response: GETCERT
datanode_1  | java.io.IOException: DestHost:destPort recon:9891 , LocalHost:localPort 9af962bbf8ad/172.18.0.10:0. Failed on local exception: java.io.IOException: java.net.SocketTimeoutException: 5000 millis timeout while waiting for channel to be ready for read. ch : java.nio.channels.SocketChannel[connected local=/172.18.0.10:55460 remote=recon/172.18.0.3:9891]
datanode_4  | 2022-11-21 01:11:05,631 [main] INFO server.GrpcService: raft.grpc.message.size.max = 32MB (=33554432) (custom)
kdc_1       | Nov 21 01:18:30 kdc krb5kdc[7](info): TGS_REQ (6 etypes {aes256-cts-hmac-sha1-96(18), aes128-cts-hmac-sha1-96(17), aes256-cts-hmac-sha384-192(20), aes128-cts-hmac-sha256-128(19), DEPRECATED:des3-cbc-sha1(16), DEPRECATED:arcfour-hmac(23)}) 172.18.0.4: ISSUE: authtime 1668993494, etypes {rep=aes256-cts-hmac-sha1-96(18), tkt=aes256-cts-hmac-sha1-96(18), ses=aes256-cts-hmac-sha1-96(18)}, testuser/scm@EXAMPLE.COM for om/om@EXAMPLE.COM
kdc_1       | Nov 21 01:18:36 kdc krb5kdc[7](info): TGS_REQ (6 etypes {aes256-cts-hmac-sha1-96(18), aes128-cts-hmac-sha1-96(17), aes256-cts-hmac-sha384-192(20), aes128-cts-hmac-sha256-128(19), DEPRECATED:des3-cbc-sha1(16), DEPRECATED:arcfour-hmac(23)}) 172.18.0.4: ISSUE: authtime 1668993494, etypes {rep=aes256-cts-hmac-sha1-96(18), tkt=aes256-cts-hmac-sha1-96(18), ses=aes256-cts-hmac-sha1-96(18)}, testuser/scm@EXAMPLE.COM for om/om@EXAMPLE.COM
kdc_1       | Nov 21 01:18:37 kdc krb5kdc[7](info): AS_REQ (8 etypes {aes256-cts-hmac-sha1-96(18), aes128-cts-hmac-sha1-96(17), aes256-cts-hmac-sha384-192(20), aes128-cts-hmac-sha256-128(19), DEPRECATED:des3-cbc-sha1(16), DEPRECATED:arcfour-hmac(23), camellia128-cts-cmac(25), camellia256-cts-cmac(26)}) 172.18.0.4: ISSUE: authtime 1668993517, etypes {rep=aes256-cts-hmac-sha1-96(18), tkt=aes256-cts-hmac-sha1-96(18), ses=aes256-cts-hmac-sha1-96(18)}, testuser/scm@EXAMPLE.COM for krbtgt/EXAMPLE.COM@EXAMPLE.COM
datanode_5  | 2022-11-21 01:10:54,166 [main] INFO volume.MutableVolumeSet: Added Volume : /data/metadata/ratis to VolumeSet
recon_1     | 2022-11-21 01:11:17,667 [main] INFO tasks.ReconTaskControllerImpl: Registered task FileSizeCountTask with controller.
om_1        | 2022-11-21 01:10:52,567 [main] INFO ozone.OzoneSecurityUtil: Adding ip:172.18.0.7,host:om
datanode_3  | 2022-11-21 01:11:27,977 [EndpointStateMachine task thread for scm/172.18.0.4:9861 - 0 ] INFO ratis.XceiverServerRatis: XceiverServerRatis 34e7767b-2b70-4510-b398-473c7e2e223d is started using port 9856 for RATIS_SERVER
datanode_1  | 	at java.base/jdk.internal.reflect.NativeConstructorAccessorImpl.newInstance0(Native Method)
datanode_4  | 2022-11-21 01:11:05,650 [main] INFO server.RaftServerConfigKeys: raft.server.log.appender.buffer.byte-limit = 33554432 (custom)
kdc_1       | Nov 21 01:18:42 kdc krb5kdc[7](info): TGS_REQ (6 etypes {aes256-cts-hmac-sha1-96(18), aes128-cts-hmac-sha1-96(17), aes256-cts-hmac-sha384-192(20), aes128-cts-hmac-sha256-128(19), DEPRECATED:des3-cbc-sha1(16), DEPRECATED:arcfour-hmac(23)}) 172.18.0.4: ISSUE: authtime 1668993517, etypes {rep=aes256-cts-hmac-sha1-96(18), tkt=aes256-cts-hmac-sha1-96(18), ses=aes256-cts-hmac-sha1-96(18)}, testuser/scm@EXAMPLE.COM for om/om@EXAMPLE.COM
datanode_2  | 	at java.base/java.io.FilterInputStream.read(FilterInputStream.java:133)
scm_1       | 2022-11-21 01:10:27,466 [a070d900-adf4-4294-a08a-0193c33a76db-impl-thread1] INFO server.RaftServerConfigKeys: raft.server.log.appender.buffer.byte-limit = 33554432 (custom)
datanode_5  | 2022-11-21 01:10:54,167 [main] INFO volume.ThrottledAsyncChecker: Scheduling a check for /data/metadata/ratis
recon_1     | 2022-11-21 01:11:17,710 [main] INFO tasks.ReconTaskControllerImpl: Registered task TableCountTask with controller.
om_1        | 2022-11-21 01:10:52,568 [main] INFO ozone.OzoneSecurityUtil: ip:127.0.0.1 not returned.
datanode_3  | 2022-11-21 01:11:27,977 [JvmPauseMonitor0] INFO util.JvmPauseMonitor: JvmPauseMonitor-34e7767b-2b70-4510-b398-473c7e2e223d: Started
datanode_1  | 	at java.base/jdk.internal.reflect.NativeConstructorAccessorImpl.newInstance(NativeConstructorAccessorImpl.java:62)
datanode_4  | 2022-11-21 01:11:05,659 [main] INFO server.GrpcService: raft.grpc.flow.control.window = 5MB (=5242880) (custom)
datanode_4  | 2022-11-21 01:11:05,660 [main] INFO server.RaftServerConfigKeys: raft.server.rpc.request.timeout = 60s (custom)
datanode_2  | 	at java.base/java.io.BufferedInputStream.fill(BufferedInputStream.java:252)
kdc_1       | Nov 21 01:18:47 kdc krb5kdc[7](info): TGS_REQ (6 etypes {aes256-cts-hmac-sha1-96(18), aes128-cts-hmac-sha1-96(17), aes256-cts-hmac-sha384-192(20), aes128-cts-hmac-sha256-128(19), DEPRECATED:des3-cbc-sha1(16), DEPRECATED:arcfour-hmac(23)}) 172.18.0.4: ISSUE: authtime 1668993517, etypes {rep=aes256-cts-hmac-sha1-96(18), tkt=aes256-cts-hmac-sha1-96(18), ses=aes256-cts-hmac-sha1-96(18)}, testuser/scm@EXAMPLE.COM for om/om@EXAMPLE.COM
datanode_5  | 2022-11-21 01:10:54,188 [main] INFO volume.StorageVolumeChecker: Scheduled health check for volume /data/metadata/ratis
recon_1     | 2022-11-21 01:11:17,763 [main] INFO tasks.ReconTaskControllerImpl: Registered task NSSummaryTask with controller.
om_1        | 2022-11-21 01:10:52,573 [main] ERROR client.OMCertificateClient: Invalid domain om
datanode_3  | 2022-11-21 01:11:28,460 [EndpointStateMachine task thread for recon/172.18.0.3:9891 - 0 ] INFO ipc.Client: Retrying connect to server: recon/172.18.0.3:9891. Already tried 3 time(s); retry policy is RetryUpToMaximumCountWithFixedSleep(maxRetries=15, sleepTime=1000 MILLISECONDS)
datanode_1  | 	at java.base/jdk.internal.reflect.DelegatingConstructorAccessorImpl.newInstance(DelegatingConstructorAccessorImpl.java:45)
datanode_2  | 	at java.base/java.io.BufferedInputStream.read(BufferedInputStream.java:271)
scm_1       | 2022-11-21 01:10:27,467 [a070d900-adf4-4294-a08a-0193c33a76db-impl-thread1] INFO server.RaftServerConfigKeys: raft.server.log.statemachine.data.read.timeout = 1000ms (default)
scm_1       | 2022-11-21 01:10:27,468 [a070d900-adf4-4294-a08a-0193c33a76db-impl-thread1] INFO server.RaftServerConfigKeys: raft.server.log.purge.preservation.log.num = 0 (default)
kdc_1       | Nov 21 01:18:57 kdc krb5kdc[7](info): TGS_REQ (6 etypes {aes256-cts-hmac-sha1-96(18), aes128-cts-hmac-sha1-96(17), aes256-cts-hmac-sha384-192(20), aes128-cts-hmac-sha256-128(19), DEPRECATED:des3-cbc-sha1(16), DEPRECATED:arcfour-hmac(23)}) 172.18.0.4: ISSUE: authtime 1668993517, etypes {rep=aes256-cts-hmac-sha1-96(18), tkt=aes256-cts-hmac-sha1-96(18), ses=aes256-cts-hmac-sha1-96(18)}, testuser/scm@EXAMPLE.COM for om/om@EXAMPLE.COM
datanode_5  | 2022-11-21 01:10:54,527 [Thread-18] INFO ozoneimpl.ContainerReader: Finish verifying containers on volume /data/hdds/hdds
recon_1     | 2022-11-21 01:11:17,980 [main] INFO ozone.OmUtils: ozone.om.internal.service.id is not defined, falling back to ozone.om.service.ids to find serviceID for OzoneManager if it is HA enabled cluster
om_1        | 2022-11-21 01:10:52,574 [main] INFO ha.OMHANodeDetails: ozone.om.internal.service.id is not defined, falling back to ozone.om.service.ids to find serviceID for OzoneManager if it is HA enabled cluster
datanode_3  | 2022-11-21 01:11:29,461 [EndpointStateMachine task thread for recon/172.18.0.3:9891 - 0 ] INFO ipc.Client: Retrying connect to server: recon/172.18.0.3:9891. Already tried 4 time(s); retry policy is RetryUpToMaximumCountWithFixedSleep(maxRetries=15, sleepTime=1000 MILLISECONDS)
datanode_1  | 	at java.base/java.lang.reflect.Constructor.newInstance(Constructor.java:490)
datanode_2  | 	at java.base/java.io.DataInputStream.readInt(DataInputStream.java:392)
scm_1       | 2022-11-21 01:10:27,475 [a070d900-adf4-4294-a08a-0193c33a76db-impl-thread1] INFO server.RaftServerConfigKeys: raft.server.log.segment.size.max = 4194304 (custom)
datanode_4  | 2022-11-21 01:11:05,743 [main] INFO grpc.GrpcConfigKeys: raft.grpc.server.heartbeat.channel = true (default)
kdc_1       | Nov 21 01:19:00 kdc krb5kdc[7](info): AS_REQ (8 etypes {aes256-cts-hmac-sha1-96(18), aes128-cts-hmac-sha1-96(17), aes256-cts-hmac-sha384-192(20), aes128-cts-hmac-sha256-128(19), DEPRECATED:des3-cbc-sha1(16), DEPRECATED:arcfour-hmac(23), camellia128-cts-cmac(25), camellia256-cts-cmac(26)}) 172.18.0.4: ISSUE: authtime 1668993540, etypes {rep=aes256-cts-hmac-sha1-96(18), tkt=aes256-cts-hmac-sha1-96(18), ses=aes256-cts-hmac-sha1-96(18)}, testuser/scm@EXAMPLE.COM for krbtgt/EXAMPLE.COM@EXAMPLE.COM
datanode_5  | 2022-11-21 01:10:54,543 [main] INFO ozoneimpl.OzoneContainer: Build ContainerSet costs 0s
recon_1     | 2022-11-21 01:11:17,980 [main] INFO ozone.OmUtils: No OzoneManager ServiceID configured.
om_1        | 2022-11-21 01:10:52,574 [main] INFO ha.OMHANodeDetails: Configuration does not have ozone.om.address set. Falling back to the default OM address om/172.18.0.7:9862
om_1        | 2022-11-21 01:10:52,574 [main] INFO ha.OMHANodeDetails: OM Service ID is not set. Setting it to the default ID: omServiceIdDefault
om_1        | 2022-11-21 01:10:52,574 [main] INFO ha.OMHANodeDetails: OM Node ID is not set. Setting it to the default ID: om1
om_1        | 2022-11-21 01:10:52,576 [main] INFO om.OzoneManager: Creating csr for OM->dns:om,ip:172.18.0.7,scmId:a070d900-adf4-4294-a08a-0193c33a76db,clusterId:CID-5ce853aa-babf-439a-a90e-be5b89c87ef9,subject:om
om_1        | 2022-11-21 01:10:53,531 [main] INFO om.OzoneManager: OzoneManager ports added:[name: "RPC"
scm_1       | 2022-11-21 01:10:27,485 [a070d900-adf4-4294-a08a-0193c33a76db-impl-thread1] INFO server.RaftServerConfigKeys: raft.server.log.segment.cache.num.max = 2 (custom)
datanode_4  | 2022-11-21 01:11:05,769 [main] INFO grpc.GrpcConfigKeys: raft.grpc.server.async.request.thread.pool.cached = true (default)
kdc_1       | Nov 21 01:19:05 kdc krb5kdc[7](info): TGS_REQ (6 etypes {aes256-cts-hmac-sha1-96(18), aes128-cts-hmac-sha1-96(17), aes256-cts-hmac-sha384-192(20), aes128-cts-hmac-sha256-128(19), DEPRECATED:des3-cbc-sha1(16), DEPRECATED:arcfour-hmac(23)}) 172.18.0.4: ISSUE: authtime 1668993540, etypes {rep=aes256-cts-hmac-sha1-96(18), tkt=aes256-cts-hmac-sha1-96(18), ses=aes256-cts-hmac-sha1-96(18)}, testuser/scm@EXAMPLE.COM for om/om@EXAMPLE.COM
kdc_1       | Nov 21 01:19:11 kdc krb5kdc[7](info): TGS_REQ (6 etypes {aes256-cts-hmac-sha1-96(18), aes128-cts-hmac-sha1-96(17), aes256-cts-hmac-sha384-192(20), aes128-cts-hmac-sha256-128(19), DEPRECATED:des3-cbc-sha1(16), DEPRECATED:arcfour-hmac(23)}) 172.18.0.4: ISSUE: authtime 1668993540, etypes {rep=aes256-cts-hmac-sha1-96(18), tkt=aes256-cts-hmac-sha1-96(18), ses=aes256-cts-hmac-sha1-96(18)}, testuser/scm@EXAMPLE.COM for om/om@EXAMPLE.COM
recon_1     | 2022-11-21 01:11:23,595 [main] WARN recon.ReconUtils: ozone.recon.om.db.dir is not configured. We recommend adding this setting. Falling back to ozone.metadata.dirs instead.
om_1        | value: 9862
datanode_2  | 	at org.apache.hadoop.ipc.Client$IpcStreams.readResponse(Client.java:1922)
datanode_3  | 2022-11-21 01:11:30,305 [Datanode State Machine Daemon Thread] ERROR datanode.RunningDatanodeState: Error in executing end point task.
datanode_1  | 	at org.apache.hadoop.net.NetUtils.wrapWithMessage(NetUtils.java:913)
scm_1       | 2022-11-21 01:10:27,486 [a070d900-adf4-4294-a08a-0193c33a76db-impl-thread1] INFO server.RaftServerConfigKeys: raft.server.log.segment.cache.size.max = 200MB (=209715200) (default)
scm_1       | 2022-11-21 01:10:27,504 [a070d900-adf4-4294-a08a-0193c33a76db-impl-thread1] INFO segmented.SegmentedRaftLogWorker: new a070d900-adf4-4294-a08a-0193c33a76db@group-BE5B89C87EF9-SegmentedRaftLogWorker for RaftStorageImpl:Storage Directory /data/metadata/scm-ha/5ce853aa-babf-439a-a90e-be5b89c87ef9
datanode_4  | 2022-11-21 01:11:05,777 [main] INFO grpc.GrpcConfigKeys: raft.grpc.server.async.request.thread.pool.size = 32 (default)
kdc_1       | Nov 21 01:19:17 kdc krb5kdc[7](info): TGS_REQ (6 etypes {aes256-cts-hmac-sha1-96(18), aes128-cts-hmac-sha1-96(17), aes256-cts-hmac-sha384-192(20), aes128-cts-hmac-sha256-128(19), DEPRECATED:des3-cbc-sha1(16), DEPRECATED:arcfour-hmac(23)}) 172.18.0.4: ISSUE: authtime 1668993540, etypes {rep=aes256-cts-hmac-sha1-96(18), tkt=aes256-cts-hmac-sha1-96(18), ses=aes256-cts-hmac-sha1-96(18)}, testuser/scm@EXAMPLE.COM for om/om@EXAMPLE.COM
recon_1     | 2022-11-21 01:11:25,342 [main] WARN recon.ReconUtils: ozone.recon.scm.db.dirs is not configured. We recommend adding this setting. Falling back to ozone.metadata.dirs instead.
om_1        | ]
om_1        | 2022-11-21 01:10:54,953 [main] INFO om.OzoneManager: Successfully stored SCM signed certificate.
datanode_3  | java.util.concurrent.ExecutionException: java.util.concurrent.TimeoutException
datanode_1  | 	at org.apache.hadoop.net.NetUtils.wrapException(NetUtils.java:888)
scm_1       | 2022-11-21 01:10:27,505 [a070d900-adf4-4294-a08a-0193c33a76db-impl-thread1] INFO server.RaftServerConfigKeys: raft.server.log.queue.byte-limit = 64MB (=67108864) (default)
datanode_5  | 2022-11-21 01:11:02,090 [main] INFO audit.AuditLogger: Refresh DebugCmdSet for DNAudit to [].
datanode_4  | 2022-11-21 01:11:14,022 [main] INFO impl.DataStreamServerImpl: raft.datastream.type = DISABLED (default)
kdc_1       | Nov 21 01:19:19 kdc krb5kdc[7](info): AS_REQ (8 etypes {aes256-cts-hmac-sha1-96(18), aes128-cts-hmac-sha1-96(17), aes256-cts-hmac-sha384-192(20), aes128-cts-hmac-sha256-128(19), DEPRECATED:des3-cbc-sha1(16), DEPRECATED:arcfour-hmac(23), camellia128-cts-cmac(25), camellia256-cts-cmac(26)}) 172.18.0.4: ISSUE: authtime 1668993559, etypes {rep=aes256-cts-hmac-sha1-96(18), tkt=aes256-cts-hmac-sha1-96(18), ses=aes256-cts-hmac-sha1-96(18)}, testuser/scm@EXAMPLE.COM for krbtgt/EXAMPLE.COM@EXAMPLE.COM
recon_1     | 2022-11-21 01:11:26,160 [main] INFO net.NodeSchemaLoader: Loading schema from [file:/etc/hadoop/network-topology-default.xml, jar:file:/opt/hadoop/share/ozone/lib/hdds-common-1.3.0-SNAPSHOT.jar!/network-topology-default.xml]
om_1        | 2022-11-21 01:10:55,046 [shutdown-hook-0] INFO om.OzoneManagerStarter: SHUTDOWN_MSG: 
datanode_2  | 	at org.apache.hadoop.security.SaslRpcClient.saslConnect(SaslRpcClient.java:367)
datanode_3  | 	at java.base/java.util.concurrent.FutureTask.report(FutureTask.java:122)
datanode_1  | 	at org.apache.hadoop.ipc.Client.getRpcResponse(Client.java:1616)
scm_1       | 2022-11-21 01:10:27,507 [a070d900-adf4-4294-a08a-0193c33a76db-impl-thread1] INFO server.RaftServerConfigKeys: raft.server.log.queue.element-limit = 4096 (default)
datanode_5  | 2022-11-21 01:11:03,702 [main] WARN server.ServerUtils: Storage directory for Ratis is not configured. It is a good idea to map this to an SSD disk. Falling back to ozone.metadata.dirs
datanode_4  | 2022-11-21 01:11:14,064 [main] INFO server.RaftServerConfigKeys: raft.server.threadpool.proxy.cached = true (default)
kdc_1       | Nov 21 01:19:24 kdc krb5kdc[7](info): TGS_REQ (6 etypes {aes256-cts-hmac-sha1-96(18), aes128-cts-hmac-sha1-96(17), aes256-cts-hmac-sha384-192(20), aes128-cts-hmac-sha256-128(19), DEPRECATED:des3-cbc-sha1(16), DEPRECATED:arcfour-hmac(23)}) 172.18.0.4: ISSUE: authtime 1668993559, etypes {rep=aes256-cts-hmac-sha1-96(18), tkt=aes256-cts-hmac-sha1-96(18), ses=aes256-cts-hmac-sha1-96(18)}, testuser/scm@EXAMPLE.COM for om/om@EXAMPLE.COM
recon_1     | 2022-11-21 01:11:26,175 [main] INFO net.NodeSchemaLoader: Loading network topology layer schema file
om_1        | /************************************************************
datanode_2  | 	at org.apache.hadoop.ipc.Client$Connection.setupSaslConnection(Client.java:623)
datanode_3  | 	at java.base/java.util.concurrent.FutureTask.get(FutureTask.java:191)
datanode_1  | 	at org.apache.hadoop.ipc.Client.call(Client.java:1558)
scm_1       | 2022-11-21 01:10:27,508 [a070d900-adf4-4294-a08a-0193c33a76db-impl-thread1] INFO server.RaftServerConfigKeys: raft.server.log.segment.size.max = 4194304 (custom)
scm_1       | 2022-11-21 01:10:27,509 [a070d900-adf4-4294-a08a-0193c33a76db-impl-thread1] INFO server.RaftServerConfigKeys: raft.server.log.preallocated.size = 4194304 (custom)
datanode_5  | 2022-11-21 01:11:04,119 [main] INFO server.RaftServer: raft.rpc.type = GRPC (default)
kdc_1       | Nov 21 01:19:29 kdc krb5kdc[7](info): TGS_REQ (6 etypes {aes256-cts-hmac-sha1-96(18), aes128-cts-hmac-sha1-96(17), aes256-cts-hmac-sha384-192(20), aes128-cts-hmac-sha256-128(19), DEPRECATED:des3-cbc-sha1(16), DEPRECATED:arcfour-hmac(23)}) 172.18.0.4: ISSUE: authtime 1668993559, etypes {rep=aes256-cts-hmac-sha1-96(18), tkt=aes256-cts-hmac-sha1-96(18), ses=aes256-cts-hmac-sha1-96(18)}, testuser/scm@EXAMPLE.COM for om/om@EXAMPLE.COM
recon_1     | 2022-11-21 01:11:26,921 [main] WARN db.DBStoreBuilder: ozone.recon.scm.db.dirs is not configured. We recommend adding this setting. Falling back to ozone.metadata.dirs instead.
om_1        | SHUTDOWN_MSG: Shutting down OzoneManager at om/172.18.0.7
datanode_2  | 	at org.apache.hadoop.ipc.Client$Connection.access$2300(Client.java:414)
datanode_3  | 	at org.apache.hadoop.ozone.container.common.states.datanode.RunningDatanodeState.computeNextContainerState(RunningDatanodeState.java:199)
datanode_1  | 	at org.apache.hadoop.ipc.Client.call(Client.java:1455)
scm_1       | 2022-11-21 01:10:27,509 [a070d900-adf4-4294-a08a-0193c33a76db-impl-thread1] INFO server.RaftServerConfigKeys: raft.server.log.force.sync.num = 128 (default)
datanode_4  | 2022-11-21 01:11:14,071 [main] INFO server.RaftServerConfigKeys: raft.server.threadpool.proxy.size = 0 (default)
datanode_5  | 2022-11-21 01:11:05,928 [main] INFO grpc.GrpcConfigKeys: raft.grpc.admin.host = null (fallback to raft.grpc.server.host)
kdc_1       | Nov 21 01:19:35 kdc krb5kdc[7](info): TGS_REQ (6 etypes {aes256-cts-hmac-sha1-96(18), aes128-cts-hmac-sha1-96(17), aes256-cts-hmac-sha384-192(20), aes128-cts-hmac-sha256-128(19), DEPRECATED:des3-cbc-sha1(16), DEPRECATED:arcfour-hmac(23)}) 172.18.0.4: ISSUE: authtime 1668993559, etypes {rep=aes256-cts-hmac-sha1-96(18), tkt=aes256-cts-hmac-sha1-96(18), ses=aes256-cts-hmac-sha1-96(18)}, testuser/scm@EXAMPLE.COM for om/om@EXAMPLE.COM
recon_1     | 2022-11-21 01:11:27,744 [main] INFO upgrade.AbstractLayoutVersionManager: Initializing Layout version manager with metadata layout = DATANODE_SCHEMA_V3 (version = 4), software layout = DATANODE_SCHEMA_V3 (version = 4)
om_1        | ************************************************************/
datanode_2  | 	at org.apache.hadoop.ipc.Client$Connection$2.run(Client.java:843)
datanode_3  | 	at org.apache.hadoop.ozone.container.common.states.datanode.RunningDatanodeState.await(RunningDatanodeState.java:239)
datanode_1  | 	at org.apache.hadoop.ipc.ProtobufRpcEngine$Invoker.invoke(ProtobufRpcEngine.java:235)
scm_1       | 2022-11-21 01:10:27,510 [a070d900-adf4-4294-a08a-0193c33a76db-impl-thread1] INFO server.RaftServerConfigKeys: raft.server.log.statemachine.data.sync = true (default)
datanode_4  | 2022-11-21 01:11:14,092 [main] INFO server.RaftServerConfigKeys: raft.server.rpc.slowness.timeout = 300s (custom)
datanode_5  | 2022-11-21 01:11:05,929 [main] INFO grpc.GrpcConfigKeys: raft.grpc.admin.port = 9857 (custom)
kdc_1       | Nov 21 01:19:41 kdc krb5kdc[7](info): TGS_REQ (6 etypes {aes256-cts-hmac-sha1-96(18), aes128-cts-hmac-sha1-96(17), aes256-cts-hmac-sha384-192(20), aes128-cts-hmac-sha256-128(19), DEPRECATED:des3-cbc-sha1(16), DEPRECATED:arcfour-hmac(23)}) 172.18.0.4: ISSUE: authtime 1668993559, etypes {rep=aes256-cts-hmac-sha1-96(18), tkt=aes256-cts-hmac-sha1-96(18), ses=aes256-cts-hmac-sha1-96(18)}, testuser/scm@EXAMPLE.COM for om/om@EXAMPLE.COM
recon_1     | 2022-11-21 01:11:28,241 [main] INFO reflections.Reflections: Reflections took 488 ms to scan 3 urls, producing 116 keys and 266 values 
om_1        | No '-XX:...' jvm parameters are set. Adding safer GC settings '-XX:ParallelGCThreads=8 -XX:+UseConcMarkSweepGC -XX:CMSInitiatingOccupancyFraction=70 -XX:+CMSParallelRemarkEnabled' to the OZONE_OPTS
datanode_2  | 	at org.apache.hadoop.ipc.Client$Connection$2.run(Client.java:839)
datanode_3  | 	at org.apache.hadoop.ozone.container.common.states.datanode.RunningDatanodeState.await(RunningDatanodeState.java:50)
datanode_3  | 	at org.apache.hadoop.ozone.container.common.statemachine.StateContext.execute(StateContext.java:661)
scm_1       | 2022-11-21 01:10:27,511 [a070d900-adf4-4294-a08a-0193c33a76db-impl-thread1] INFO server.RaftServerConfigKeys: raft.server.log.statemachine.data.sync.timeout = 10s (default)
datanode_4  | 2022-11-21 01:11:14,092 [main] INFO server.RaftServerConfigKeys: raft.server.leaderelection.leader.step-down.wait-time = 10s (default)
datanode_5  | 2022-11-21 01:11:05,930 [main] INFO grpc.GrpcConfigKeys: raft.grpc.client.host = null (fallback to raft.grpc.server.host)
kdc_1       | Nov 21 01:19:47 kdc krb5kdc[7](info): TGS_REQ (6 etypes {aes256-cts-hmac-sha1-96(18), aes128-cts-hmac-sha1-96(17), aes256-cts-hmac-sha384-192(20), aes128-cts-hmac-sha256-128(19), DEPRECATED:des3-cbc-sha1(16), DEPRECATED:arcfour-hmac(23)}) 172.18.0.4: ISSUE: authtime 1668993559, etypes {rep=aes256-cts-hmac-sha1-96(18), tkt=aes256-cts-hmac-sha1-96(18), ses=aes256-cts-hmac-sha1-96(18)}, testuser/scm@EXAMPLE.COM for om/om@EXAMPLE.COM
recon_1     | 2022-11-21 01:11:28,613 [main] INFO ha.SequenceIdGenerator: Init the HA SequenceIdGenerator.
om_1        | OpenJDK 64-Bit Server VM warning: Option UseConcMarkSweepGC was deprecated in version 9.0 and will likely be removed in a future release.
datanode_3  | 	at org.apache.hadoop.ozone.container.common.statemachine.DatanodeStateMachine.startStateMachineThread(DatanodeStateMachine.java:306)
datanode_1  | 	at org.apache.hadoop.ipc.ProtobufRpcEngine$Invoker.invoke(ProtobufRpcEngine.java:122)
datanode_1  | 	at com.sun.proxy.$Proxy41.submitRequest(Unknown Source)
scm_1       | 2022-11-21 01:10:27,512 [a070d900-adf4-4294-a08a-0193c33a76db-impl-thread1] INFO server.RaftServerConfigKeys: raft.server.log.statemachine.data.sync.timeout.retry = -1 (default)
datanode_4  | 2022-11-21 01:11:14,111 [main] INFO server.RaftServerConfigKeys: raft.server.storage.dir = [/data/metadata/ratis] (custom)
datanode_5  | 2022-11-21 01:11:05,930 [main] INFO grpc.GrpcConfigKeys: raft.grpc.client.port = 9858 (custom)
kdc_1       | Nov 21 01:19:53 kdc krb5kdc[7](info): TGS_REQ (6 etypes {aes256-cts-hmac-sha1-96(18), aes128-cts-hmac-sha1-96(17), aes256-cts-hmac-sha384-192(20), aes128-cts-hmac-sha256-128(19), DEPRECATED:des3-cbc-sha1(16), DEPRECATED:arcfour-hmac(23)}) 172.18.0.4: ISSUE: authtime 1668993559, etypes {rep=aes256-cts-hmac-sha1-96(18), tkt=aes256-cts-hmac-sha1-96(18), ses=aes256-cts-hmac-sha1-96(18)}, testuser/scm@EXAMPLE.COM for om/om@EXAMPLE.COM
recon_1     | 2022-11-21 01:11:28,819 [main] WARN server.ServerUtils: ozone.scm.stale.node.interval value = 30000 is smaller than min = 90000 based on the key value of hdds.heartbeat.interval, reset to the min value 90000.
om_1        | 2022-11-21 01:11:06,131 [main] INFO om.OzoneManagerStarter: STARTUP_MSG: 
datanode_3  | 	at org.apache.hadoop.ozone.container.common.statemachine.DatanodeStateMachine.lambda$startDaemon$0(DatanodeStateMachine.java:506)
datanode_2  | 	at java.base/java.security.AccessController.doPrivileged(Native Method)
datanode_1  | 	at org.apache.hadoop.ozone.protocolPB.StorageContainerDatanodeProtocolClientSideTranslatorPB.submitRequest(StorageContainerDatanodeProtocolClientSideTranslatorPB.java:117)
scm_1       | 2022-11-21 01:10:27,531 [a070d900-adf4-4294-a08a-0193c33a76db-impl-thread1] INFO server.RaftServerConfigKeys: raft.server.log.write.buffer.size = 64KB (=65536) (default)
datanode_4  | 2022-11-21 01:11:14,827 [main] INFO server.XceiverServerGrpc: GrpcServer channel type EpollServerSocketChannel
datanode_5  | 2022-11-21 01:11:05,930 [main] INFO grpc.GrpcConfigKeys: raft.grpc.server.host = null (default)
kdc_1       | Nov 21 01:19:59 kdc krb5kdc[7](info): TGS_REQ (6 etypes {aes256-cts-hmac-sha1-96(18), aes128-cts-hmac-sha1-96(17), aes256-cts-hmac-sha384-192(20), aes128-cts-hmac-sha256-128(19), DEPRECATED:des3-cbc-sha1(16), DEPRECATED:arcfour-hmac(23)}) 172.18.0.4: ISSUE: authtime 1668993559, etypes {rep=aes256-cts-hmac-sha1-96(18), tkt=aes256-cts-hmac-sha1-96(18), ses=aes256-cts-hmac-sha1-96(18)}, testuser/scm@EXAMPLE.COM for om/om@EXAMPLE.COM
recon_1     | 2022-11-21 01:11:28,820 [main] WARN server.ServerUtils: ozone.scm.stale.node.interval value = 30000 is smaller than min = 90000 based on the key value of hdds.heartbeat.interval, reset to the min value 90000.
recon_1     | 2022-11-21 01:11:28,820 [main] WARN server.ServerUtils: ozone.scm.dead.node.interval value = 45000 is smaller than min = 180000 based on the key value of ozone.scm.stale.node.interval, reset to the min value 180000.
datanode_3  | 	at java.base/java.lang.Thread.run(Thread.java:829)
datanode_2  | 	at java.base/javax.security.auth.Subject.doAs(Subject.java:423)
datanode_1  | 	at org.apache.hadoop.ozone.protocolPB.StorageContainerDatanodeProtocolClientSideTranslatorPB.getVersion(StorageContainerDatanodeProtocolClientSideTranslatorPB.java:133)
scm_1       | 2022-11-21 01:10:27,532 [a070d900-adf4-4294-a08a-0193c33a76db-impl-thread1] INFO server.RaftServerConfigKeys: raft.server.log.unsafe-flush.enabled = false (default)
datanode_4  | 2022-11-21 01:11:16,183 [main] INFO token.OzoneBlockTokenSecretManager: Updating the current master key for generating tokens
datanode_5  | 2022-11-21 01:11:05,930 [main] INFO grpc.GrpcConfigKeys: raft.grpc.server.port = 9856 (custom)
kdc_1       | Nov 21 01:20:05 kdc krb5kdc[7](info): TGS_REQ (6 etypes {aes256-cts-hmac-sha1-96(18), aes128-cts-hmac-sha1-96(17), aes256-cts-hmac-sha384-192(20), aes128-cts-hmac-sha256-128(19), DEPRECATED:des3-cbc-sha1(16), DEPRECATED:arcfour-hmac(23)}) 172.18.0.4: ISSUE: authtime 1668993559, etypes {rep=aes256-cts-hmac-sha1-96(18), tkt=aes256-cts-hmac-sha1-96(18), ses=aes256-cts-hmac-sha1-96(18)}, testuser/scm@EXAMPLE.COM for om/om@EXAMPLE.COM
recon_1     | 2022-11-21 01:11:28,845 [main] INFO node.SCMNodeManager: Entering startup safe mode.
om_1        | /************************************************************
datanode_3  | Caused by: java.util.concurrent.TimeoutException
datanode_2  | 	at org.apache.hadoop.security.UserGroupInformation.doAs(UserGroupInformation.java:1878)
datanode_1  | 	at org.apache.hadoop.ozone.container.common.states.endpoint.VersionEndpointTask.call(VersionEndpointTask.java:69)
scm_1       | 2022-11-21 01:10:27,532 [a070d900-adf4-4294-a08a-0193c33a76db-impl-thread1] INFO server.RaftServerConfigKeys: raft.server.log.async-flush.enabled = false (default)
datanode_4  | 2022-11-21 01:11:16,212 [main] INFO token.ContainerTokenSecretManager: Updating the current master key for generating tokens
datanode_5  | 2022-11-21 01:11:05,973 [main] INFO server.GrpcService: raft.grpc.message.size.max = 32MB (=33554432) (custom)
kdc_1       | Nov 21 01:20:10 kdc krb5kdc[7](info): TGS_REQ (6 etypes {aes256-cts-hmac-sha1-96(18), aes128-cts-hmac-sha1-96(17), aes256-cts-hmac-sha384-192(20), aes128-cts-hmac-sha256-128(19), DEPRECATED:des3-cbc-sha1(16), DEPRECATED:arcfour-hmac(23)}) 172.18.0.4: ISSUE: authtime 1668993559, etypes {rep=aes256-cts-hmac-sha1-96(18), tkt=aes256-cts-hmac-sha1-96(18), ses=aes256-cts-hmac-sha1-96(18)}, testuser/scm@EXAMPLE.COM for om/om@EXAMPLE.COM
recon_1     | 2022-11-21 01:11:28,869 [main] INFO scm.ReconNodeManager: Loaded 0 nodes from node DB.
om_1        | STARTUP_MSG: Starting OzoneManager
datanode_3  | 	at java.base/java.util.concurrent.FutureTask.get(FutureTask.java:204)
datanode_2  | 	at org.apache.hadoop.ipc.Client$Connection.setupIOstreams(Client.java:839)
datanode_1  | 	at org.apache.hadoop.ozone.container.common.states.endpoint.VersionEndpointTask.call(VersionEndpointTask.java:40)
scm_1       | 2022-11-21 01:10:27,532 [a070d900-adf4-4294-a08a-0193c33a76db-impl-thread1] INFO server.RaftServerConfigKeys: raft.server.log.statemachine.data.caching.enabled = false (default)
datanode_4  | 2022-11-21 01:11:16,960 [main] INFO http.BaseHttpServer: Starting Web-server for hddsDatanode at: http://0.0.0.0:9882
datanode_5  | 2022-11-21 01:11:05,974 [main] INFO server.RaftServerConfigKeys: raft.server.log.appender.buffer.byte-limit = 33554432 (custom)
kdc_1       | Nov 21 01:20:17 kdc krb5kdc[7](info): TGS_REQ (6 etypes {aes256-cts-hmac-sha1-96(18), aes128-cts-hmac-sha1-96(17), aes256-cts-hmac-sha384-192(20), aes128-cts-hmac-sha256-128(19), DEPRECATED:des3-cbc-sha1(16), DEPRECATED:arcfour-hmac(23)}) 172.18.0.4: ISSUE: authtime 1668993559, etypes {rep=aes256-cts-hmac-sha1-96(18), tkt=aes256-cts-hmac-sha1-96(18), ses=aes256-cts-hmac-sha1-96(18)}, testuser/scm@EXAMPLE.COM for om/om@EXAMPLE.COM
recon_1     | 2022-11-21 01:11:28,910 [main] INFO algorithms.ContainerPlacementPolicyFactory: Create container placement policy of type org.apache.hadoop.hdds.scm.container.placement.algorithms.SCMContainerPlacementRandom
om_1        | STARTUP_MSG:   host = om/172.18.0.7
datanode_3  | 	at org.apache.hadoop.ozone.container.common.states.datanode.RunningDatanodeState.lambda$execute$0(RunningDatanodeState.java:157)
datanode_2  | 	... 15 more
datanode_1  | 	at java.base/java.util.concurrent.FutureTask.run(FutureTask.java:264)
scm_1       | 2022-11-21 01:10:27,558 [a070d900-adf4-4294-a08a-0193c33a76db-impl-thread1] INFO segmented.SegmentedRaftLogWorker: a070d900-adf4-4294-a08a-0193c33a76db@group-BE5B89C87EF9-SegmentedRaftLogWorker: flushIndex: setUnconditionally 0 -> -1
datanode_4  | 2022-11-21 01:11:16,960 [main] INFO http.BaseHttpServer: Hadoop Security Enabled: true Ozone Security Enabled: true Ozone HTTP Security Enabled: true 
