s3g_1       | STARTUP_MSG:   classpath = /etc/hadoop:/opt/hadoop/share/ozone/lib/jackson-annotations-2.12.1.jar:/opt/hadoop/share/ozone/lib/kerb-simplekdc-1.0.1.jar:/opt/hadoop/share/ozone/lib/hk2-utils-2.5.0.jar:/opt/hadoop/share/ozone/lib/jakarta.inject-2.6.1.jar:/opt/hadoop/share/ozone/lib/hk2-locator-2.6.1.jar:/opt/hadoop/share/ozone/lib/hadoop-ozone-client-1.2.0-SNAPSHOT.jar:/opt/hadoop/share/ozone/lib/hadoop-hdds-interface-server-1.2.0-SNAPSHOT.jar:/opt/hadoop/share/ozone/lib/slf4j-log4j12-1.7.30.jar:/opt/hadoop/share/ozone/lib/protobuf-java-2.5.0.jar:/opt/hadoop/share/ozone/lib/jaxb-core-2.3.0.1.jar:/opt/hadoop/share/ozone/lib/log4j-api-2.13.3.jar:/opt/hadoop/share/ozone/lib/istack-commons-runtime-3.0.5.jar:/opt/hadoop/share/ozone/lib/commons-validator-1.6.jar:/opt/hadoop/share/ozone/lib/aopalliance-repackaged-2.5.0.jar:/opt/hadoop/share/ozone/lib/bcpkix-jdk15on-1.67.jar:/opt/hadoop/share/ozone/lib/jetty-security-9.4.35.v20201120.jar:/opt/hadoop/share/ozone/lib/javax.interceptor-api-1.2.jar:/opt/hadoop/share/ozone/lib/rocksdbjni-6.20.3.jar:/opt/hadoop/share/ozone/lib/kerb-core-1.0.1.jar:/opt/hadoop/share/ozone/lib/picocli-4.4.0.jar:/opt/hadoop/share/ozone/lib/ratis-client-2.1.0-ff8aa66-SNAPSHOT.jar:/opt/hadoop/share/ozone/lib/okhttp-4.9.0.jar:/opt/hadoop/share/ozone/lib/ratis-metrics-2.1.0-ff8aa66-SNAPSHOT.jar:/opt/hadoop/share/ozone/lib/jsr305-3.0.0.jar:/opt/hadoop/share/ozone/lib/javax.el-api-3.0.0.jar:/opt/hadoop/share/ozone/lib/j2objc-annotations-1.3.jar:/opt/hadoop/share/ozone/lib/leveldbjni-all-1.8.jar:/opt/hadoop/share/ozone/lib/hadoop-hdds-server-framework-1.2.0-SNAPSHOT.jar:/opt/hadoop/share/ozone/lib/jakarta.ws.rs-api-2.1.6.jar:/opt/hadoop/share/ozone/lib/jaxb-api-2.3.0.jar:/opt/hadoop/share/ozone/lib/htrace-core4-4.1.0-incubating.jar:/opt/hadoop/share/ozone/lib/commons-io-2.8.0.jar:/opt/hadoop/share/ozone/lib/kerb-util-1.0.1.jar:/opt/hadoop/share/ozone/lib/kotlin-stdlib-common-1.4.31.jar:/opt/hadoop/share/ozone/lib/jackson-dataformat-xml-2.12.1.jar:/opt/hadoop/share/ozone/lib/checker-qual-3.8.0.jar:/opt/hadoop/share/ozone/lib/javax.activation-api-1.2.0.jar:/opt/hadoop/share/ozone/lib/commons-logging-1.2.jar:/opt/hadoop/share/ozone/lib/hadoop-auth-3.2.2.jar:/opt/hadoop/share/ozone/lib/kerby-xdr-1.0.1.jar:/opt/hadoop/share/ozone/lib/jersey-container-servlet-core-2.33.jar:/opt/hadoop/share/ozone/lib/txw2-2.3.0.1.jar:/opt/hadoop/share/ozone/lib/jackson-datatype-jsr310-2.12.1.jar:/opt/hadoop/share/ozone/lib/httpcore-4.4.13.jar:/opt/hadoop/share/ozone/lib/opentracing-tracerresolver-0.1.8.jar:/opt/hadoop/share/ozone/lib/commons-net-3.6.jar:/opt/hadoop/share/ozone/lib/hadoop-hdds-hadoop-dependency-server-1.2.0-SNAPSHOT.jar:/opt/hadoop/share/ozone/lib/hadoop-common-3.2.2.jar:/opt/hadoop/share/ozone/lib/libthrift-0.14.1.jar:/opt/hadoop/share/ozone/lib/snakeyaml-1.26.jar:/opt/hadoop/share/ozone/lib/stax-ex-1.7.8.jar:/opt/hadoop/share/ozone/lib/error_prone_annotations-2.2.0.jar:/opt/hadoop/share/ozone/lib/ratis-server-api-2.1.0-ff8aa66-SNAPSHOT.jar:/opt/hadoop/share/ozone/lib/hadoop-hdds-interface-admin-1.2.0-SNAPSHOT.jar:/opt/hadoop/share/ozone/lib/httpclient-4.5.13.jar:/opt/hadoop/share/ozone/lib/jaeger-client-1.6.0.jar:/opt/hadoop/share/ozone/lib/kerby-config-1.0.1.jar:/opt/hadoop/share/ozone/lib/hadoop-hdds-interface-client-1.2.0-SNAPSHOT.jar:/opt/hadoop/share/ozone/lib/metrics-core-3.2.4.jar:/opt/hadoop/share/ozone/lib/kerby-pkix-1.0.1.jar:/opt/hadoop/share/ozone/lib/jetty-webapp-9.4.35.v20201120.jar:/opt/hadoop/share/ozone/lib/ratis-thirdparty-misc-0.7.0-a398b19-SNAPSHOT.jar:/opt/hadoop/share/ozone/lib/cdi-api-1.2.jar:/opt/hadoop/share/ozone/lib/activation-1.1.1.jar:/opt/hadoop/share/ozone/lib/commons-beanutils-1.9.4.jar:/opt/hadoop/share/ozone/lib/hk2-api-2.5.0.jar:/opt/hadoop/share/ozone/lib/javax.inject-1.jar:/opt/hadoop/share/ozone/lib/kerb-server-1.0.1.jar:/opt/hadoop/share/ozone/lib/javax.servlet-api-3.1.0.jar:/opt/hadoop/share/ozone/lib/ratis-proto-2.1.0-ff8aa66-SNAPSHOT.jar:/opt/hadoop/share/ozone/lib/guava-30.1.1-jre.jar:/opt/hadoop/share/ozone/lib/jetty-server-9.4.35.v20201120.jar:/opt/hadoop/share/ozone/lib/jetty-util-9.4.35.v20201120.jar:/opt/hadoop/share/ozone/lib/jakarta.validation-api-2.0.2.jar:/opt/hadoop/share/ozone/lib/jackson-core-2.12.1.jar:/opt/hadoop/share/ozone/lib/kerb-client-1.0.1.jar:/opt/hadoop/share/ozone/lib/disruptor-3.4.2.jar:/opt/hadoop/share/ozone/lib/hadoop-hdds-config-1.2.0-SNAPSHOT.jar:/opt/hadoop/share/ozone/lib/hadoop-ozone-interface-client-1.2.0-SNAPSHOT.jar:/opt/hadoop/share/ozone/lib/hadoop-ozone-common-1.2.0-SNAPSHOT.jar:/opt/hadoop/share/ozone/lib/jersey-client-2.33.jar:/opt/hadoop/share/ozone/lib/log4j-core-2.13.3.jar:/opt/hadoop/share/ozone/lib/hadoop-hdds-hadoop-dependency-client-1.2.0-SNAPSHOT.jar:/opt/hadoop/share/ozone/lib/annotations-13.0.jar:/opt/hadoop/share/ozone/lib/simpleclient_common-0.7.0.jar:/opt/hadoop/share/ozone/lib/jackson-databind-2.12.1.jar:/opt/hadoop/share/ozone/lib/jaeger-thrift-1.6.0.jar:/opt/hadoop/share/ozone/lib/dnsjava-2.1.7.jar:/opt/hadoop/share/ozone/lib/bcprov-jdk15on-1.67.jar:/opt/hadoop/share/ozone/lib/jersey-hk2-2.33.jar:/opt/hadoop/share/ozone/lib/commons-configuration2-2.1.1.jar:/opt/hadoop/share/ozone/lib/json-smart-2.3.jar:/opt/hadoop/share/ozone/lib/token-provider-1.0.1.jar:/opt/hadoop/share/ozone/lib/log4j-1.2.17.jar:/opt/hadoop/share/ozone/lib/commons-daemon-1.0.13.jar:/opt/hadoop/share/ozone/lib/listenablefuture-9999.0-empty-to-avoid-conflict-with-guava.jar:/opt/hadoop/share/ozone/lib/jaeger-tracerresolver-1.6.0.jar:/opt/hadoop/share/ozone/lib/hadoop-hdds-common-1.2.0-SNAPSHOT.jar:/opt/hadoop/share/ozone/lib/jersey-media-jaxb-2.33.jar:/opt/hadoop/share/ozone/lib/commons-lang3-3.7.jar:/opt/hadoop/share/ozone/lib/jetty-util-ajax-9.4.35.v20201120.jar:/opt/hadoop/share/ozone/lib/accessors-smart-1.2.jar:/opt/hadoop/share/ozone/lib/jetty-io-9.4.35.v20201120.jar:/opt/hadoop/share/ozone/lib/jetty-xml-9.4.35.v20201120.jar:/opt/hadoop/share/ozone/lib/re2j-1.1.jar:/opt/hadoop/share/ozone/lib/jakarta.annotation-api-1.3.5.jar:/opt/hadoop/share/ozone/lib/commons-math3-3.1.1.jar:/opt/hadoop/share/ozone/lib/simpleclient_dropwizard-0.7.0.jar:/opt/hadoop/share/ozone/lib/jersey-server-2.33.jar:/opt/hadoop/share/ozone/lib/jersey-cdi1x-2.33.jar:/opt/hadoop/share/ozone/lib/simpleclient-0.7.0.jar:/opt/hadoop/share/ozone/lib/osgi-resource-locator-1.0.3.jar:/opt/hadoop/share/ozone/lib/ratis-server-2.1.0-ff8aa66-SNAPSHOT.jar:/opt/hadoop/share/ozone/lib/asm-5.0.4.jar:/opt/hadoop/share/ozone/lib/kerby-util-1.0.1.jar:/opt/hadoop/share/ozone/lib/failureaccess-1.0.1.jar:/opt/hadoop/share/ozone/lib/okio-2.8.0.jar:/opt/hadoop/share/ozone/lib/ratis-common-2.1.0-ff8aa66-SNAPSHOT.jar:/opt/hadoop/share/ozone/lib/jsp-api-2.1.jar:/opt/hadoop/share/ozone/lib/jsch-0.1.54.jar:/opt/hadoop/share/ozone/lib/jakarta.activation-api-1.2.1.jar:/opt/hadoop/share/ozone/lib/slf4j-api-1.7.30.jar:/opt/hadoop/share/ozone/lib/nimbus-jose-jwt-7.9.jar:/opt/hadoop/share/ozone/lib/commons-codec-1.11.jar:/opt/hadoop/share/ozone/lib/commons-pool2-2.6.0.jar:/opt/hadoop/share/ozone/lib/gson-2.2.4.jar:/opt/hadoop/share/ozone/lib/hadoop-hdfs-3.2.2.jar:/opt/hadoop/share/ozone/lib/opentracing-api-0.33.0.jar:/opt/hadoop/share/ozone/lib/jcip-annotations-1.0-1.jar:/opt/hadoop/share/ozone/lib/kerb-admin-1.0.1.jar:/opt/hadoop/share/ozone/lib/kotlin-stdlib-1.4.31.jar:/opt/hadoop/share/ozone/lib/javassist-3.25.0-GA.jar:/opt/hadoop/share/ozone/lib/opentracing-noop-0.33.0.jar:/opt/hadoop/share/ozone/lib/jackson-module-jaxb-annotations-2.12.1.jar:/opt/hadoop/share/ozone/lib/jaxb-runtime-2.3.0.1.jar:/opt/hadoop/share/ozone/lib/ratis-grpc-2.1.0-ff8aa66-SNAPSHOT.jar:/opt/hadoop/share/ozone/lib/hadoop-hdds-client-1.2.0-SNAPSHOT.jar:/opt/hadoop/share/ozone/lib/opentracing-util-0.33.0.jar:/opt/hadoop/share/ozone/lib/hadoop-annotations-3.2.2.jar:/opt/hadoop/share/ozone/lib/jakarta.xml.bind-api-2.3.2.jar:/opt/hadoop/share/ozone/lib/commons-cli-1.2.jar:/opt/hadoop/share/ozone/lib/woodstox-core-5.0.3.jar:/opt/hadoop/share/ozone/lib/javax.annotation-api-1.2.jar:/opt/hadoop/share/ozone/lib/jetty-servlet-9.4.35.v20201120.jar:/opt/hadoop/share/ozone/lib/kerby-asn1-1.0.1.jar:/opt/hadoop/share/ozone/lib/stax2-api-3.1.4.jar:/opt/hadoop/share/ozone/lib/commons-digester-1.8.1.jar:/opt/hadoop/share/ozone/lib/jaeger-core-1.6.0.jar:/opt/hadoop/share/ozone/lib/jersey-common-2.33.jar:/opt/hadoop/share/ozone/lib/commons-collections-3.2.2.jar:/opt/hadoop/share/ozone/lib/commons-text-1.4.jar:/opt/hadoop/share/ozone/lib/weld-servlet-2.4.7.Final.jar:/opt/hadoop/share/ozone/lib/kerb-identity-1.0.1.jar:/opt/hadoop/share/ozone/lib/FastInfoset-1.2.13.jar:/opt/hadoop/share/ozone/lib/ratis-netty-2.1.0-ff8aa66-SNAPSHOT.jar:/opt/hadoop/share/ozone/lib/hadoop-hdfs-client-3.2.2.jar:/opt/hadoop/share/ozone/lib/kerb-common-1.0.1.jar:/opt/hadoop/share/ozone/lib/commons-compress-1.20.jar:/opt/hadoop/share/ozone/lib/jetty-http-9.4.35.v20201120.jar:/opt/hadoop/share/ozone/lib/kerb-crypto-1.0.1.jar:/opt/hadoop/share/ozone/web:/opt/hadoop/share/ozone/lib/hadoop-ozone-s3gateway-1.2.0-SNAPSHOT.jar
recon_1     | 2021-05-19 18:24:52,844 [main] INFO http.HttpServer2: Added global filter 'safety' (class=org.apache.hadoop.hdds.server.http.HttpServer2$QuotingInputFilter)
scm_1       | Sleeping for 5 seconds
scm_1       | Setting up kerberos!!
scm_1       | KDC ISSUER_SERVER => kdc:8081
scm_1       | Sleeping for 5 seconds
scm_1       | Got 200, KDC service ready!!
om_1        | 2021-05-19 18:25:37,876 [main] INFO server.GrpcService: raft.grpc.message.size.max = 33554432 (custom)
om_1        | 2021-05-19 18:25:37,896 [main] INFO server.RaftServerConfigKeys: raft.server.log.appender.buffer.byte-limit = 33554432 (custom)
om_1        | 2021-05-19 18:25:37,897 [main] INFO server.GrpcService: raft.grpc.flow.control.window = 1MB (=1048576) (default)
datanode_1  | 2021-05-19 18:25:27,434 [EndpointStateMachine task thread for scm/172.18.0.5:9861 - 0 ] INFO ratis.XceiverServerRatis: Starting XceiverServerRatis 5e3ec4ee-e0a9-4d1f-9d9f-99127cd22d6e
datanode_1  | 2021-05-19 18:25:27,596 [EndpointStateMachine task thread for scm/172.18.0.5:9861 - 0 ] INFO server.RaftServer: 5e3ec4ee-e0a9-4d1f-9d9f-99127cd22d6e: start RPC server
datanode_1  | 2021-05-19 18:25:27,614 [EndpointStateMachine task thread for scm/172.18.0.5:9861 - 0 ] INFO server.GrpcService: 5e3ec4ee-e0a9-4d1f-9d9f-99127cd22d6e: GrpcService started, listening on 9856
datanode_1  | 2021-05-19 18:25:27,633 [EndpointStateMachine task thread for scm/172.18.0.5:9861 - 0 ] INFO server.GrpcService: 5e3ec4ee-e0a9-4d1f-9d9f-99127cd22d6e: GrpcService started, listening on 9857
recon_1     | 2021-05-19 18:24:52,853 [main] INFO http.HttpServer2: Added filter authentication (class=org.apache.hadoop.security.authentication.server.AuthenticationFilter) to context recon
scm_1       | Download scm/scm@EXAMPLE.COM keytab file to /etc/security/keytabs/scm.keytab
scm_1       | --2021-05-19 18:24:17--  http://kdc:8081/keytab/scm/scm
scm_1       | Resolving kdc (kdc)... 172.18.0.9
scm_1       | Connecting to kdc (kdc)|172.18.0.9|:8081... connected.
kdc_1       | May 19 18:24:16 kdc kadmind[25](Notice): Request: kadm5_init, admin/admin@EXAMPLE.COM, success, client=admin/admin@EXAMPLE.COM, service=kadmin/admin@EXAMPLE.COM, addr=127.0.0.1, vers=4, flavor=6
s3g_1       | STARTUP_MSG:   build = https://github.com/apache/ozone/4fd81870943855bf2bacbb960202db61693d7790 ; compiled by 'runner' on 2021-05-19T18:14Z
s3g_1       | STARTUP_MSG:   java = 11.0.10
s3g_1       | ************************************************************/
s3g_1       | 2021-05-19 18:24:31,076 [main] INFO s3.Gateway: registered UNIX signal handlers for [TERM, HUP, INT]
kdc_1       | May 19 18:24:16 kdc kadmind[25](Notice): Request: kadm5_randkey_principal, om/om@EXAMPLE.COM, success, client=admin/admin@EXAMPLE.COM, service=kadmin/admin@EXAMPLE.COM, addr=127.0.0.1
datanode_3  | 2021-05-19 18:27:46,736 [java.util.concurrent.ThreadPoolExecutor$Worker@16acdb2c[State = -1, empty queue]] WARN server.GrpcLogAppender: 13f1328e-7b48-4bc0-8e56-8be672b65a62@group-C50B2AD58ACB->5e3ec4ee-e0a9-4d1f-9d9f-99127cd22d6e-GrpcLogAppender:  appendEntries Timeout, request=AppendEntriesRequest:cid=2049,entriesCount=1,lastEntry=(t:1, i:31)
scm_1       | HTTP request sent, awaiting response... 200 OK
scm_1       | Length: 142 [application/octet-stream]
scm_1       | Saving to: '/etc/security/keytabs/scm.keytab'
scm_1       | 
scm_1       |      0K                                                       100% 26.0M=0s
kdc_1       | May 19 18:24:16 kdc kadmind[25](Notice): Request: kadm5_get_principal, om/om@EXAMPLE.COM, success, client=admin/admin@EXAMPLE.COM, service=kadmin/admin@EXAMPLE.COM, addr=127.0.0.1
datanode_1  | 2021-05-19 18:25:27,639 [EndpointStateMachine task thread for scm/172.18.0.5:9861 - 0 ] INFO server.GrpcService: 5e3ec4ee-e0a9-4d1f-9d9f-99127cd22d6e: GrpcService started, listening on 9858
datanode_1  | 2021-05-19 18:25:27,663 [EndpointStateMachine task thread for scm/172.18.0.5:9861 - 0 ] INFO ratis.XceiverServerRatis: XceiverServerRatis 5e3ec4ee-e0a9-4d1f-9d9f-99127cd22d6e is started using port 9858 for RATIS
datanode_1  | 2021-05-19 18:25:27,663 [EndpointStateMachine task thread for scm/172.18.0.5:9861 - 0 ] INFO ratis.XceiverServerRatis: XceiverServerRatis 5e3ec4ee-e0a9-4d1f-9d9f-99127cd22d6e is started using port 9857 for RATIS_ADMIN
datanode_1  | 2021-05-19 18:25:27,663 [EndpointStateMachine task thread for scm/172.18.0.5:9861 - 0 ] INFO ratis.XceiverServerRatis: XceiverServerRatis 5e3ec4ee-e0a9-4d1f-9d9f-99127cd22d6e is started using port 9856 for RATIS_SERVER
datanode_1  | 2021-05-19 18:25:27,693 [org.apache.ratis.util.JvmPauseMonitor$$Lambda$318/0x0000000840576840@1fdf2bc5] INFO util.JvmPauseMonitor: JvmPauseMonitor-5e3ec4ee-e0a9-4d1f-9d9f-99127cd22d6e: Started
datanode_1  | 2021-05-19 18:25:39,983 [grpc-default-executor-0] INFO metrics.RatisMetrics: Creating Metrics Registry : ratis.server_message_metrics.5e3ec4ee-e0a9-4d1f-9d9f-99127cd22d6e
datanode_1  | 2021-05-19 18:25:40,141 [grpc-default-executor-0] WARN server.GrpcServerProtocolService: 5e3ec4ee-e0a9-4d1f-9d9f-99127cd22d6e: Failed requestVote 13f1328e-7b48-4bc0-8e56-8be672b65a62->5e3ec4ee-e0a9-4d1f-9d9f-99127cd22d6e#0
datanode_1  | org.apache.ratis.protocol.exceptions.GroupMismatchException: 5e3ec4ee-e0a9-4d1f-9d9f-99127cd22d6e: group-C50B2AD58ACB not found.
datanode_1  | 	at org.apache.ratis.server.impl.RaftServerProxy$ImplMap.get(RaftServerProxy.java:147)
datanode_1  | 	at org.apache.ratis.server.impl.RaftServerProxy.getImplFuture(RaftServerProxy.java:339)
datanode_1  | 	at org.apache.ratis.server.impl.RaftServerProxy.getImpl(RaftServerProxy.java:348)
datanode_1  | 	at org.apache.ratis.server.impl.RaftServerProxy.getImpl(RaftServerProxy.java:343)
datanode_1  | 	at org.apache.ratis.server.impl.RaftServerProxy.requestVote(RaftServerProxy.java:548)
datanode_1  | 	at org.apache.ratis.grpc.server.GrpcServerProtocolService.requestVote(GrpcServerProtocolService.java:172)
datanode_1  | 	at org.apache.ratis.proto.grpc.RaftServerProtocolServiceGrpc$MethodHandlers.invoke(RaftServerProtocolServiceGrpc.java:394)
datanode_1  | 	at org.apache.ratis.thirdparty.io.grpc.stub.ServerCalls$UnaryServerCallHandler$UnaryServerCallListener.onHalfClose(ServerCalls.java:182)
datanode_1  | 	at org.apache.ratis.thirdparty.io.grpc.PartialForwardingServerCallListener.onHalfClose(PartialForwardingServerCallListener.java:35)
datanode_1  | 	at org.apache.ratis.thirdparty.io.grpc.ForwardingServerCallListener.onHalfClose(ForwardingServerCallListener.java:23)
datanode_1  | 	at org.apache.ratis.thirdparty.io.grpc.internal.ServerCallImpl$ServerStreamListenerImpl.halfClosed(ServerCallImpl.java:331)
datanode_1  | 	at org.apache.ratis.thirdparty.io.grpc.internal.ServerImpl$JumpToApplicationThreadServerStreamListener$1HalfClosed.runInContext(ServerImpl.java:814)
scm_1       | 
kdc_1       | May 19 18:24:16 kdc kadmind[25](info): closing down fd 18
kdc_1       | May 19 18:24:16 kdc kadmind[25](Notice): Request: kadm5_init, admin/admin@EXAMPLE.COM, success, client=admin/admin@EXAMPLE.COM, service=kadmin/admin@EXAMPLE.COM, addr=127.0.0.1, vers=4, flavor=6
kdc_1       | May 19 18:24:16 kdc kadmind[25](Notice): Request: kadm5_get_policy, default, Policy does not exist, client=admin/admin@EXAMPLE.COM, service=kadmin/admin@EXAMPLE.COM, addr=127.0.0.1
kdc_1       | May 19 18:24:16 kdc kadmind[25](Notice): Request: kadm5_create_principal, HTTP/om@EXAMPLE.COM, success, client=admin/admin@EXAMPLE.COM, service=kadmin/admin@EXAMPLE.COM, addr=127.0.0.1
kdc_1       | May 19 18:24:16 kdc kadmind[25](info): closing down fd 18
kdc_1       | May 19 18:24:16 kdc kadmind[25](Notice): Request: kadm5_init, admin/admin@EXAMPLE.COM, success, client=admin/admin@EXAMPLE.COM, service=kadmin/admin@EXAMPLE.COM, addr=127.0.0.1, vers=4, flavor=6
kdc_1       | May 19 18:24:16 kdc kadmind[25](Notice): Request: kadm5_randkey_principal, HTTP/om@EXAMPLE.COM, success, client=admin/admin@EXAMPLE.COM, service=kadmin/admin@EXAMPLE.COM, addr=127.0.0.1
kdc_1       | May 19 18:24:16 kdc kadmind[25](Notice): Request: kadm5_get_principal, HTTP/om@EXAMPLE.COM, success, client=admin/admin@EXAMPLE.COM, service=kadmin/admin@EXAMPLE.COM, addr=127.0.0.1
kdc_1       | May 19 18:24:16 kdc kadmind[25](info): closing down fd 18
kdc_1       | May 19 18:24:16 kdc kadmind[25](Notice): Request: kadm5_init, admin/admin@EXAMPLE.COM, success, client=admin/admin@EXAMPLE.COM, service=kadmin/admin@EXAMPLE.COM, addr=127.0.0.1, vers=4, flavor=6
kdc_1       | May 19 18:24:16 kdc kadmind[25](Notice): Request: kadm5_get_policy, default, Policy does not exist, client=admin/admin@EXAMPLE.COM, service=kadmin/admin@EXAMPLE.COM, addr=127.0.0.1
kdc_1       | May 19 18:24:16 kdc kadmind[25](Notice): Request: kadm5_create_principal, s3g/s3g@EXAMPLE.COM, success, client=admin/admin@EXAMPLE.COM, service=kadmin/admin@EXAMPLE.COM, addr=127.0.0.1
kdc_1       | May 19 18:24:16 kdc kadmind[25](info): closing down fd 18
kdc_1       | May 19 18:24:16 kdc kadmind[25](Notice): Request: kadm5_init, admin/admin@EXAMPLE.COM, success, client=admin/admin@EXAMPLE.COM, service=kadmin/admin@EXAMPLE.COM, addr=127.0.0.1, vers=4, flavor=6
kdc_1       | May 19 18:24:16 kdc kadmind[25](Notice): Request: kadm5_randkey_principal, s3g/s3g@EXAMPLE.COM, success, client=admin/admin@EXAMPLE.COM, service=kadmin/admin@EXAMPLE.COM, addr=127.0.0.1
kdc_1       | May 19 18:24:16 kdc kadmind[25](Notice): Request: kadm5_get_principal, s3g/s3g@EXAMPLE.COM, success, client=admin/admin@EXAMPLE.COM, service=kadmin/admin@EXAMPLE.COM, addr=127.0.0.1
kdc_1       | May 19 18:24:16 kdc kadmind[25](info): closing down fd 18
kdc_1       | May 19 18:24:16 kdc kadmind[25](Notice): Request: kadm5_init, admin/admin@EXAMPLE.COM, success, client=admin/admin@EXAMPLE.COM, service=kadmin/admin@EXAMPLE.COM, addr=127.0.0.1, vers=4, flavor=6
kdc_1       | May 19 18:24:16 kdc kadmind[25](Notice): Request: kadm5_get_policy, default, Policy does not exist, client=admin/admin@EXAMPLE.COM, service=kadmin/admin@EXAMPLE.COM, addr=127.0.0.1
kdc_1       | May 19 18:24:16 kdc kadmind[25](Notice): Request: kadm5_create_principal, HTTP/s3g@EXAMPLE.COM, success, client=admin/admin@EXAMPLE.COM, service=kadmin/admin@EXAMPLE.COM, addr=127.0.0.1
kdc_1       | May 19 18:24:16 kdc kadmind[25](info): closing down fd 18
kdc_1       | Authenticating as principal admin/admin with keytab /tmp/admin.keytab.
kdc_1       | Entry for principal HTTP/s3g@EXAMPLE.COM with kvno 2, encryption type aes256-cts-hmac-sha1-96 added to keytab WRFILE:/data/HTTP.s3g.keytab.
kdc_1       | Entry for principal HTTP/s3g@EXAMPLE.COM with kvno 2, encryption type aes128-cts-hmac-sha1-96 added to keytab WRFILE:/data/HTTP.s3g.keytab.
kdc_1       | Generating keytab
kdc_1       | Authenticating as principal admin/admin with keytab /tmp/admin.keytab.
kdc_1       | WARNING: no policy specified for testuser/s3g@EXAMPLE.COM; defaulting to no policy
kdc_1       | Principal "testuser/s3g@EXAMPLE.COM" created.
kdc_1       | Authenticating as principal admin/admin with keytab /tmp/admin.keytab.
kdc_1       | Entry for principal testuser/s3g@EXAMPLE.COM with kvno 2, encryption type aes256-cts-hmac-sha1-96 added to keytab WRFILE:/data/testuser.s3g.keytab.
scm_1       | 2021-05-19 18:24:17 (26.0 MB/s) - '/etc/security/keytabs/scm.keytab' saved [142/142]
scm_1       | 
scm_1       | --2021-05-19 18:24:17--  http://kdc:8081/keytab/scm/HTTP
scm_1       | Keytab name: FILE:/etc/security/keytabs/scm.keytab
scm_1       | KVNO Timestamp         Principal
scm_1       | ---- ----------------- --------------------------------------------------------
scm_1       |    2 05/19/21 18:24:17 scm/scm@EXAMPLE.COM
scm_1       |    2 05/19/21 18:24:17 scm/scm@EXAMPLE.COM
scm_1       | Download HTTP/scm@EXAMPLE.COM keytab file to /etc/security/keytabs/HTTP.keytab
om_1        | 2021-05-19 18:25:37,901 [main] INFO server.RaftServerConfigKeys: raft.server.rpc.request.timeout = 3000ms (default)
om_1        | 2021-05-19 18:25:40,243 [main] INFO impl.DataStreamServerImpl: raft.datastream.type = DISABLED (default)
om_1        | 2021-05-19 18:25:40,253 [main] INFO server.RaftServerConfigKeys: raft.server.rpc.slowness.timeout = 120s (custom)
om_1        | 2021-05-19 18:25:40,253 [main] INFO server.RaftServerConfigKeys: raft.server.leaderelection.leader.step-down.wait-time = 10s (default)
scm_1       | Resolving kdc (kdc)... 172.18.0.9
om_1        | 2021-05-19 18:25:40,295 [main] INFO server.RaftServerConfigKeys: raft.server.storage.dir = [/data/metadata/ratis] (custom)
s3g_1       | 2021-05-19 18:24:31,475 [main] INFO s3.Gateway: Starting Ozone S3 gateway
scm_1       | Connecting to kdc (kdc)|172.18.0.9|:8081... connected.
om_1        | 2021-05-19 18:25:40,324 [main] INFO server.RaftServer: om1: addNew group-C5BA1605619E:[om1|rpc:om:9872|priority:0] returns group-C5BA1605619E:java.util.concurrent.CompletableFuture@5a464be7[Not completed]
s3g_1       | 2021-05-19 18:24:31,543 [main] INFO http.HttpServer2: Jetty bound to port 9878
s3g_1       | 2021-05-19 18:24:31,552 [main] INFO server.Server: jetty-9.4.35.v20201120; built: 2020-11-20T21:17:03.964Z; git: bdc54f03a5e0a7e280fab27f55c3c75ee8da89fb; jvm 11.0.10+9-LTS
s3g_1       | 2021-05-19 18:24:31,816 [main] INFO server.session: DefaultSessionIdManager workerName=node0
kdc_1       | Entry for principal testuser/s3g@EXAMPLE.COM with kvno 2, encryption type aes128-cts-hmac-sha1-96 added to keytab WRFILE:/data/testuser.s3g.keytab.
kdc_1       | Generating keytab
scm_1       | HTTP request sent, awaiting response... 200 OK
om_1        | 2021-05-19 18:25:40,329 [main] INFO om.OzoneManager: OzoneManager Ratis server initialized at port 9872
om_1        | 2021-05-19 18:25:40,439 [pool-18-thread-1] INFO server.RaftServer$Division: om1: new RaftServerImpl for group-C5BA1605619E:[om1|rpc:om:9872|priority:0] with OzoneManagerStateMachine:uninitialized
datanode_1  | 	at org.apache.ratis.thirdparty.io.grpc.internal.ContextRunnable.run(ContextRunnable.java:37)
s3g_1       | 2021-05-19 18:24:31,834 [main] INFO server.session: No SessionScavenger set, using defaults
s3g_1       | 2021-05-19 18:24:31,853 [main] INFO server.session: node0 Scavenging every 600000ms
recon_1     | 2021-05-19 18:24:52,853 [main] INFO http.HttpServer2: Added filter authentication (class=org.apache.hadoop.security.authentication.server.AuthenticationFilter) to context static
recon_1     | 2021-05-19 18:24:52,853 [main] INFO http.HttpServer2: Added filter authentication (class=org.apache.hadoop.security.authentication.server.AuthenticationFilter) to context logs
scm_1       | Length: 144 [application/octet-stream]
scm_1       | Saving to: '/etc/security/keytabs/HTTP.keytab'
om_1        | 2021-05-19 18:25:40,491 [pool-18-thread-1] INFO server.RaftServerConfigKeys: raft.server.rpc.timeout.min = 5s (custom)
om_1        | 2021-05-19 18:25:40,492 [pool-18-thread-1] INFO server.RaftServerConfigKeys: raft.server.rpc.timeout.max = 5200ms (custom)
om_1        | 2021-05-19 18:25:40,493 [pool-18-thread-1] INFO server.RaftServerConfigKeys: raft.server.rpc.sleep.time = 25ms (default)
datanode_1  | 	at org.apache.ratis.thirdparty.io.grpc.internal.SerializingExecutor.run(SerializingExecutor.java:123)
datanode_1  | 	at java.base/java.util.concurrent.ThreadPoolExecutor.runWorker(ThreadPoolExecutor.java:1128)
datanode_1  | 	at java.base/java.util.concurrent.ThreadPoolExecutor$Worker.run(ThreadPoolExecutor.java:628)
datanode_1  | 	at java.base/java.lang.Thread.run(Thread.java:834)
recon_1     | 2021-05-19 18:24:52,855 [main] INFO http.HttpServer2: Initialize spnego with host: 0.0.0.0 userKey: ozone.recon.http.auth.kerberos.principal keytabKey: ozone.recon.http.auth.kerberos.keytab
recon_1     | 2021-05-19 18:24:53,048 [main] INFO tasks.ReconTaskControllerImpl: Registered task ContainerKeyMapperTask with controller.
scm_1       | 
datanode_1  | 2021-05-19 18:26:00,338 [Command processor thread] INFO server.RaftServer: 5e3ec4ee-e0a9-4d1f-9d9f-99127cd22d6e: addNew group-FCE26A6EB2AA:[5e3ec4ee-e0a9-4d1f-9d9f-99127cd22d6e|rpc:172.18.0.3:9856|admin:172.18.0.3:9857|client:172.18.0.3:9858|priority:1] returns group-FCE26A6EB2AA:java.util.concurrent.CompletableFuture@18ae46cb[Not completed]
kdc_1       | Authenticating as principal admin/admin with keytab /tmp/admin.keytab.
datanode_3  | 2021-05-19 18:27:46,765 [java.util.concurrent.ThreadPoolExecutor$Worker@16acdb2c[State = -1, empty queue]] WARN server.GrpcLogAppender: 13f1328e-7b48-4bc0-8e56-8be672b65a62@group-C50B2AD58ACB->5e3ec4ee-e0a9-4d1f-9d9f-99127cd22d6e-GrpcLogAppender:  appendEntries Timeout, request=AppendEntriesRequest:cid=2052,entriesCount=1,lastEntry=(t:1, i:32)
datanode_3  | 2021-05-19 18:27:49,331 [java.util.concurrent.ThreadPoolExecutor$Worker@16acdb2c[State = -1, empty queue]] WARN server.GrpcLogAppender: 13f1328e-7b48-4bc0-8e56-8be672b65a62@group-C50B2AD58ACB->5e3ec4ee-e0a9-4d1f-9d9f-99127cd22d6e-GrpcLogAppender:  appendEntries Timeout, request=AppendEntriesRequest:cid=2302,entriesCount=1,lastEntry=(t:1, i:33)
s3g_1       | 2021-05-19 18:24:32,089 [main] INFO server.KerberosAuthenticationHandler: Using keytab /etc/security/keytabs/HTTP.keytab, for principal HTTP/s3g@EXAMPLE.COM
s3g_1       | 2021-05-19 18:24:32,332 [main] INFO handler.ContextHandler: Started o.e.j.s.ServletContextHandler@4189d70b{logs,/logs,file:///var/log/hadoop/,AVAILABLE}
s3g_1       | 2021-05-19 18:24:32,335 [main] INFO handler.ContextHandler: Started o.e.j.s.ServletContextHandler@1a7288a3{static,/static,jar:file:/opt/hadoop/share/ozone/lib/hadoop-ozone-s3gateway-1.2.0-SNAPSHOT.jar!/webapps/static,AVAILABLE}
s3g_1       | WARNING: An illegal reflective access operation has occurred
datanode_1  | 2021-05-19 18:26:00,391 [pool-22-thread-1] INFO server.RaftServer$Division: 5e3ec4ee-e0a9-4d1f-9d9f-99127cd22d6e: new RaftServerImpl for group-FCE26A6EB2AA:[5e3ec4ee-e0a9-4d1f-9d9f-99127cd22d6e|rpc:172.18.0.3:9856|admin:172.18.0.3:9857|client:172.18.0.3:9858|priority:1] with ContainerStateMachine:uninitialized
kdc_1       | WARNING: no policy specified for dn/8bc0f8aacc46@EXAMPLE.COM; defaulting to no policy
recon_1     | 2021-05-19 18:24:53,463 [main] INFO tasks.ReconTaskControllerImpl: Registered task FileSizeCountTask with controller.
datanode_1  | 2021-05-19 18:26:00,395 [pool-22-thread-1] INFO server.RaftServerConfigKeys: raft.server.rpc.timeout.min = 5s (custom)
recon_1     | 2021-05-19 18:24:53,478 [main] INFO tasks.ReconTaskControllerImpl: Registered task TableCountTask with controller.
om_1        | 2021-05-19 18:25:40,493 [pool-18-thread-1] INFO server.RaftServerConfigKeys: raft.server.rpc.slowness.timeout = 120s (custom)
om_1        | 2021-05-19 18:25:40,493 [pool-18-thread-1] INFO server.RaftServerConfigKeys: raft.server.leaderelection.leader.step-down.wait-time = 10s (default)
om_1        | 2021-05-19 18:25:40,493 [pool-18-thread-1] INFO server.RaftServerConfigKeys: raft.server.sleep.deviation.threshold = 300ms (default)
s3g_1       | WARNING: Illegal reflective access by org.jboss.weld.util.reflection.Formats (file:/opt/hadoop/share/ozone/lib/weld-servlet-2.4.7.Final.jar) to constructor com.sun.org.apache.bcel.internal.classfile.ClassParser(java.io.InputStream,java.lang.String)
s3g_1       | WARNING: Please consider reporting this to the maintainers of org.jboss.weld.util.reflection.Formats
s3g_1       | WARNING: Use --illegal-access=warn to enable warnings of further illegal reflective access operations
datanode_1  | 2021-05-19 18:26:00,396 [pool-22-thread-1] INFO server.RaftServerConfigKeys: raft.server.rpc.timeout.max = 5200ms (custom)
recon_1     | 2021-05-19 18:24:53,543 [main] INFO ozone.OmUtils: ozone.om.internal.service.id is not defined, falling back to ozone.om.service.ids to find serviceID for OzoneManager if it is HA enabled cluster
scm_1       |      0K                                                       100% 23.7M=0s
scm_1       | 
om_1        | 2021-05-19 18:25:40,494 [pool-18-thread-1] INFO server.RaftServerConfigKeys: raft.server.log.appender.install.snapshot.enabled = false (custom)
om_1        | 2021-05-19 18:25:40,547 [pool-18-thread-1] INFO server.RaftServer$Division: om1@group-C5BA1605619E: ConfigurationManager, init=-1: [om1|rpc:om:9872|priority:0], old=null, confs=<EMPTY_MAP>
om_1        | 2021-05-19 18:25:40,555 [pool-18-thread-1] INFO server.RaftServerConfigKeys: raft.server.storage.dir = [/data/metadata/ratis] (custom)
s3g_1       | WARNING: All illegal access operations will be denied in a future release
s3g_1       | 2021-05-19 18:24:48,039 [main] INFO server.KerberosAuthenticationHandler: Using keytab /etc/security/keytabs/HTTP.keytab, for principal HTTP/s3g@EXAMPLE.COM
datanode_1  | 2021-05-19 18:26:00,396 [pool-22-thread-1] INFO server.RaftServerConfigKeys: raft.server.rpc.sleep.time = 25ms (default)
kdc_1       | Principal "dn/8bc0f8aacc46@EXAMPLE.COM" created.
kdc_1       | Authenticating as principal admin/admin with keytab /tmp/admin.keytab.
kdc_1       | Entry for principal dn/8bc0f8aacc46@EXAMPLE.COM with kvno 2, encryption type aes256-cts-hmac-sha1-96 added to keytab WRFILE:/data/dn.8bc0f8aacc46.keytab.
kdc_1       | Entry for principal dn/8bc0f8aacc46@EXAMPLE.COM with kvno 2, encryption type aes128-cts-hmac-sha1-96 added to keytab WRFILE:/data/dn.8bc0f8aacc46.keytab.
kdc_1       | Generating keytab
scm_1       | 2021-05-19 18:24:18 (23.7 MB/s) - '/etc/security/keytabs/HTTP.keytab' saved [144/144]
scm_1       | 
recon_1     | 2021-05-19 18:24:53,543 [main] INFO ozone.OmUtils: No OzoneManager ServiceID configured.
recon_1     | 2021-05-19 18:24:54,986 [main] INFO Configuration.deprecation: No unit for ozone.recon.om.connection.request.timeout(5000) assuming MILLISECONDS
scm_1       | Keytab name: FILE:/etc/security/keytabs/HTTP.keytab
recon_1     | 2021-05-19 18:24:55,314 [main] WARN recon.ReconUtils: ozone.recon.om.db.dir is not configured. We recommend adding this setting. Falling back to ozone.metadata.dirs instead.
s3g_1       | May 19, 2021 6:24:52 PM org.glassfish.jersey.internal.Errors logErrors
s3g_1       | WARNING: The following warnings have been detected: WARNING: A HTTP GET method, public javax.ws.rs.core.Response org.apache.hadoop.ozone.s3.endpoint.ObjectEndpoint.get(java.lang.String,java.lang.String,java.lang.String,int,java.lang.String,java.io.InputStream) throws java.io.IOException,org.apache.hadoop.ozone.s3.exception.OS3Exception, should not consume any entity.
s3g_1       | 
s3g_1       | 2021-05-19 18:24:52,158 [main] INFO handler.ContextHandler: Started o.e.j.w.WebAppContext@236861da{s3gateway,/,file:///tmp/jetty-0_0_0_0-9878-hadoop-ozone-s3gateway-1_2_0-SNAPSHOT_jar-_-any-15514915674617533574/webapp/,AVAILABLE}{jar:file:/opt/hadoop/share/ozone/lib/hadoop-ozone-s3gateway-1.2.0-SNAPSHOT.jar!/webapps/s3gateway}
s3g_1       | 2021-05-19 18:24:52,192 [main] INFO server.AbstractConnector: Started ServerConnector@4cc6fa2a{HTTP/1.1, (http/1.1)}{0.0.0.0:9878}
om_1        | 2021-05-19 18:25:40,594 [pool-18-thread-1] INFO server.RaftServerConfigKeys: raft.server.log.corruption.policy = EXCEPTION (default)
om_1        | 2021-05-19 18:25:40,617 [main] INFO ipc.CallQueueManager: Using callQueue: class java.util.concurrent.LinkedBlockingQueue, queueCapacity: 10000, scheduler: class org.apache.hadoop.ipc.DefaultRpcScheduler, ipcBackoff: false.
om_1        | 2021-05-19 18:25:40,619 [pool-18-thread-1] INFO storage.RaftStorageDirectory: The storage directory /data/metadata/ratis/bf265839-605b-3f16-9796-c5ba1605619e does not exist. Creating ...
om_1        | 2021-05-19 18:25:40,683 [Socket Reader #1 for port 9862] INFO ipc.Server: Starting Socket Reader #1 for port 9862
scm_1       | KVNO Timestamp         Principal
scm_1       | ---- ----------------- --------------------------------------------------------
recon_1     | 2021-05-19 18:24:55,752 [main] WARN recon.ReconUtils: ozone.recon.scm.db.dirs is not configured. We recommend adding this setting. Falling back to ozone.metadata.dirs instead.
recon_1     | 2021-05-19 18:24:55,784 [main] INFO net.NodeSchemaLoader: Loading schema from [file:/etc/hadoop/network-topology-default.xml, jar:file:/opt/hadoop/share/ozone/lib/hadoop-hdds-common-1.2.0-SNAPSHOT.jar!/network-topology-default.xml]
recon_1     | 2021-05-19 18:24:55,787 [main] INFO net.NodeSchemaLoader: Loading network topology layer schema file
recon_1     | 2021-05-19 18:24:55,961 [main] WARN db.DBStoreBuilder: ozone.recon.scm.db.dirs is not configured. We recommend adding this setting. Falling back to ozone.metadata.dirs instead.
recon_1     | 2021-05-19 18:24:56,193 [main] INFO ha.SequenceIdGenerator: Init the HA SequenceIdGenerator.
recon_1     | 2021-05-19 18:24:56,218 [main] WARN server.ServerUtils: ozone.scm.stale.node.interval value = 30000 is smaller than min = 90000 based on the key value of hdds.heartbeat.interval, reset to the min value 90000.
datanode_1  | 2021-05-19 18:26:00,396 [pool-22-thread-1] INFO server.RaftServerConfigKeys: raft.server.rpc.slowness.timeout = 300s (custom)
om_1        | 2021-05-19 18:25:40,726 [pool-18-thread-1] INFO storage.RaftStorageDirectory: Lock on /data/metadata/ratis/bf265839-605b-3f16-9796-c5ba1605619e/in_use.lock acquired by nodename 8@om
scm_1       |    2 05/19/21 18:24:18 HTTP/scm@EXAMPLE.COM
datanode_3  | 2021-05-19 18:27:49,352 [java.util.concurrent.ThreadPoolExecutor$Worker@16acdb2c[State = -1, empty queue]] WARN server.GrpcLogAppender: 13f1328e-7b48-4bc0-8e56-8be672b65a62@group-C50B2AD58ACB->5e3ec4ee-e0a9-4d1f-9d9f-99127cd22d6e-GrpcLogAppender:  appendEntries Timeout, request=AppendEntriesRequest:cid=2303,entriesCount=1,lastEntry=(t:1, i:34)
datanode_3  | 2021-05-19 18:27:49,352 [java.util.concurrent.ThreadPoolExecutor$Worker@16acdb2c[State = -1, empty queue]] WARN server.GrpcLogAppender: 13f1328e-7b48-4bc0-8e56-8be672b65a62@group-C50B2AD58ACB->5e3ec4ee-e0a9-4d1f-9d9f-99127cd22d6e-GrpcLogAppender:  appendEntries Timeout, request=AppendEntriesRequest:cid=2304,entriesCount=1,lastEntry=(t:1, i:35)
datanode_1  | 2021-05-19 18:26:00,396 [pool-22-thread-1] INFO server.RaftServerConfigKeys: raft.server.leaderelection.leader.step-down.wait-time = 10s (default)
kdc_1       | Authenticating as principal admin/admin with keytab /tmp/admin.keytab.
om_1        | 2021-05-19 18:25:40,887 [pool-18-thread-1] INFO storage.RaftStorage: Storage directory /data/metadata/ratis/bf265839-605b-3f16-9796-c5ba1605619e has been successfully formatted.
scm_1       |    2 05/19/21 18:24:18 HTTP/scm@EXAMPLE.COM
datanode_3  | 2021-05-19 18:27:49,373 [java.util.concurrent.ThreadPoolExecutor$Worker@16acdb2c[State = -1, empty queue]] WARN server.GrpcLogAppender: 13f1328e-7b48-4bc0-8e56-8be672b65a62@group-C50B2AD58ACB->5e3ec4ee-e0a9-4d1f-9d9f-99127cd22d6e-GrpcLogAppender:  appendEntries Timeout, request=AppendEntriesRequest:cid=2308,entriesCount=1,lastEntry=(t:1, i:36)
datanode_1  | 2021-05-19 18:26:00,396 [pool-22-thread-1] INFO server.RaftServerConfigKeys: raft.server.sleep.deviation.threshold = 300ms (default)
datanode_1  | 2021-05-19 18:26:00,397 [pool-22-thread-1] INFO server.RaftServerConfigKeys: raft.server.log.appender.install.snapshot.enabled = false (custom)
datanode_1  | 2021-05-19 18:26:00,407 [pool-22-thread-1] INFO server.RaftServer$Division: 5e3ec4ee-e0a9-4d1f-9d9f-99127cd22d6e@group-FCE26A6EB2AA: ConfigurationManager, init=-1: [5e3ec4ee-e0a9-4d1f-9d9f-99127cd22d6e|rpc:172.18.0.3:9856|admin:172.18.0.3:9857|client:172.18.0.3:9858|priority:1], old=null, confs=<EMPTY_MAP>
s3g_1       | 2021-05-19 18:24:52,192 [main] INFO server.Server: Started @34801ms
s3g_1       | 2021-05-19 18:24:52,198 [main] INFO http.BaseHttpServer: HTTP server of s3gateway listening at http://0.0.0.0:9878
scm_1       | Download testuser/scm@EXAMPLE.COM keytab file to /etc/security/keytabs/testuser.keytab
recon_1     | 2021-05-19 18:24:56,224 [main] WARN server.ServerUtils: ozone.scm.stale.node.interval value = 30000 is smaller than min = 90000 based on the key value of hdds.heartbeat.interval, reset to the min value 90000.
recon_1     | 2021-05-19 18:24:56,225 [main] WARN server.ServerUtils: ozone.scm.dead.node.interval value = 45000 is smaller than min = 180000 based on the key value of ozone.scm.stale.node.interval, reset to the min value 180000.
recon_1     | 2021-05-19 18:24:56,228 [main] INFO node.SCMNodeManager: Entering startup safe mode.
recon_1     | 2021-05-19 18:24:56,242 [main] INFO scm.ReconNodeManager: Loaded 0 nodes from node DB.
recon_1     | 2021-05-19 18:24:56,252 [main] INFO algorithms.ContainerPlacementPolicyFactory: Create container placement policy of type org.apache.hadoop.hdds.scm.container.placement.algorithms.SCMContainerPlacementRandom
recon_1     | 2021-05-19 18:24:56,336 [main] INFO ipc.CallQueueManager: Using callQueue: class java.util.concurrent.LinkedBlockingQueue, queueCapacity: 10000, scheduler: class org.apache.hadoop.ipc.DefaultRpcScheduler, ipcBackoff: false.
scm_1       | --2021-05-19 18:24:18--  http://kdc:8081/keytab/scm/testuser
om_1        | 2021-05-19 18:25:40,905 [pool-18-thread-1] INFO server.RaftServerConfigKeys: raft.server.notification.no-leader.timeout = 120s (custom)
om_1        | 2021-05-19 18:25:40,927 [pool-18-thread-1] INFO server.RaftServerConfigKeys: raft.server.log.use.memory = false (default)
datanode_1  | 2021-05-19 18:26:00,407 [pool-22-thread-1] INFO server.RaftServerConfigKeys: raft.server.storage.dir = [/data/metadata/ratis] (custom)
kdc_1       | WARNING: no policy specified for HTTP/8bc0f8aacc46@EXAMPLE.COM; defaulting to no policy
kdc_1       | Principal "HTTP/8bc0f8aacc46@EXAMPLE.COM" created.
kdc_1       | Authenticating as principal admin/admin with keytab /tmp/admin.keytab.
kdc_1       | Entry for principal HTTP/8bc0f8aacc46@EXAMPLE.COM with kvno 2, encryption type aes256-cts-hmac-sha1-96 added to keytab WRFILE:/data/HTTP.8bc0f8aacc46.keytab.
kdc_1       | Entry for principal HTTP/8bc0f8aacc46@EXAMPLE.COM with kvno 2, encryption type aes128-cts-hmac-sha1-96 added to keytab WRFILE:/data/HTTP.8bc0f8aacc46.keytab.
kdc_1       | Generating keytab
kdc_1       | Authenticating as principal admin/admin with keytab /tmp/admin.keytab.
kdc_1       | WARNING: no policy specified for scm/scm@EXAMPLE.COM; defaulting to no policy
datanode_1  | 2021-05-19 18:26:00,412 [pool-22-thread-1] INFO server.RaftServerConfigKeys: raft.server.log.corruption.policy = EXCEPTION (default)
kdc_1       | Principal "scm/scm@EXAMPLE.COM" created.
kdc_1       | Authenticating as principal admin/admin with keytab /tmp/admin.keytab.
om_1        | 2021-05-19 18:25:40,978 [pool-18-thread-1] INFO server.RaftServerConfigKeys: raft.server.log.purge.gap = 1000000 (custom)
om_1        | 2021-05-19 18:25:40,990 [pool-18-thread-1] INFO server.RaftServerConfigKeys: raft.server.log.appender.buffer.byte-limit = 33554432 (custom)
om_1        | 2021-05-19 18:25:41,008 [pool-18-thread-1] INFO metrics.RatisMetrics: Creating Metrics Registry : ratis.log_worker.om1@group-C5BA1605619E
om_1        | 2021-05-19 18:25:41,117 [pool-18-thread-1] INFO server.RaftServerConfigKeys: raft.server.log.segment.size.max = 4194304 (custom)
om_1        | 2021-05-19 18:25:41,150 [pool-18-thread-1] INFO server.RaftServerConfigKeys: raft.server.log.segment.cache.num.max = 2 (custom)
datanode_3  | 2021-05-19 18:27:51,946 [java.util.concurrent.ThreadPoolExecutor$Worker@16acdb2c[State = -1, empty queue]] WARN server.GrpcLogAppender: 13f1328e-7b48-4bc0-8e56-8be672b65a62@group-C50B2AD58ACB->5e3ec4ee-e0a9-4d1f-9d9f-99127cd22d6e-GrpcLogAppender:  appendEntries Timeout, request=AppendEntriesRequest:cid=2558,entriesCount=1,lastEntry=(t:1, i:37)
datanode_3  | 2021-05-19 18:27:51,956 [java.util.concurrent.ThreadPoolExecutor$Worker@16acdb2c[State = -1, empty queue]] WARN server.GrpcLogAppender: 13f1328e-7b48-4bc0-8e56-8be672b65a62@group-C50B2AD58ACB->5e3ec4ee-e0a9-4d1f-9d9f-99127cd22d6e-GrpcLogAppender:  appendEntries Timeout, request=AppendEntriesRequest:cid=2559,entriesCount=1,lastEntry=(t:1, i:38)
datanode_1  | 2021-05-19 18:26:00,413 [pool-22-thread-1] INFO storage.RaftStorageDirectory: The storage directory /data/metadata/ratis/c552dac1-fbf7-479b-a960-fce26a6eb2aa does not exist. Creating ...
om_1        | 2021-05-19 18:25:41,156 [pool-18-thread-1] INFO server.RaftServerConfigKeys: raft.server.log.segment.cache.size.max = 200MB (=209715200) (default)
datanode_3  | 2021-05-19 18:27:51,972 [java.util.concurrent.ThreadPoolExecutor$Worker@16acdb2c[State = -1, empty queue]] WARN server.GrpcLogAppender: 13f1328e-7b48-4bc0-8e56-8be672b65a62@group-C50B2AD58ACB->5e3ec4ee-e0a9-4d1f-9d9f-99127cd22d6e-GrpcLogAppender:  appendEntries Timeout, request=AppendEntriesRequest:cid=2560,entriesCount=1,lastEntry=(t:1, i:39)
scm_1       | Resolving kdc (kdc)... 172.18.0.9
scm_1       | Connecting to kdc (kdc)|172.18.0.9|:8081... connected.
scm_1       | HTTP request sent, awaiting response... 200 OK
datanode_1  | 2021-05-19 18:26:00,420 [pool-22-thread-1] INFO storage.RaftStorageDirectory: Lock on /data/metadata/ratis/c552dac1-fbf7-479b-a960-fce26a6eb2aa/in_use.lock acquired by nodename 10@8bc0f8aacc46
om_1        | 2021-05-19 18:25:41,174 [pool-18-thread-1] INFO segmented.SegmentedRaftLogWorker: new om1@group-C5BA1605619E-SegmentedRaftLogWorker for RaftStorageImpl:Storage Directory /data/metadata/ratis/bf265839-605b-3f16-9796-c5ba1605619e
datanode_3  | 2021-05-19 18:27:51,985 [java.util.concurrent.ThreadPoolExecutor$Worker@16acdb2c[State = -1, empty queue]] WARN server.GrpcLogAppender: 13f1328e-7b48-4bc0-8e56-8be672b65a62@group-C50B2AD58ACB->5e3ec4ee-e0a9-4d1f-9d9f-99127cd22d6e-GrpcLogAppender:  appendEntries Timeout, request=AppendEntriesRequest:cid=2562,entriesCount=1,lastEntry=(t:1, i:40)
datanode_3  | 2021-05-19 18:27:54,578 [java.util.concurrent.ThreadPoolExecutor$Worker@16acdb2c[State = -1, empty queue]] WARN server.GrpcLogAppender: 13f1328e-7b48-4bc0-8e56-8be672b65a62@group-C50B2AD58ACB->5e3ec4ee-e0a9-4d1f-9d9f-99127cd22d6e-GrpcLogAppender:  appendEntries Timeout, request=AppendEntriesRequest:cid=2812,entriesCount=1,lastEntry=(t:1, i:41)
datanode_3  | 2021-05-19 18:27:54,588 [java.util.concurrent.ThreadPoolExecutor$Worker@16acdb2c[State = -1, empty queue]] WARN server.GrpcLogAppender: 13f1328e-7b48-4bc0-8e56-8be672b65a62@group-C50B2AD58ACB->5e3ec4ee-e0a9-4d1f-9d9f-99127cd22d6e-GrpcLogAppender:  appendEntries Timeout, request=AppendEntriesRequest:cid=2813,entriesCount=1,lastEntry=(t:1, i:42)
datanode_3  | 2021-05-19 18:27:54,620 [java.util.concurrent.ThreadPoolExecutor$Worker@16acdb2c[State = -1, empty queue]] WARN server.GrpcLogAppender: 13f1328e-7b48-4bc0-8e56-8be672b65a62@group-C50B2AD58ACB->5e3ec4ee-e0a9-4d1f-9d9f-99127cd22d6e-GrpcLogAppender:  appendEntries Timeout, request=AppendEntriesRequest:cid=2814,entriesCount=1,lastEntry=(t:1, i:43)
datanode_1  | 2021-05-19 18:26:00,428 [pool-22-thread-1] INFO storage.RaftStorage: Storage directory /data/metadata/ratis/c552dac1-fbf7-479b-a960-fce26a6eb2aa has been successfully formatted.
recon_1     | 2021-05-19 18:24:56,370 [Socket Reader #1 for port 9891] INFO ipc.Server: Starting Socket Reader #1 for port 9891
recon_1     | 2021-05-19 18:24:56,449 [Listener at 0.0.0.0/9891] INFO pipeline.PipelineStateManager: No pipeline exists in current db
recon_1     | 2021-05-19 18:24:56,578 [Listener at 0.0.0.0/9891] INFO recon.ReconServer: Recon server initialized successfully!
recon_1     | 2021-05-19 18:24:56,578 [Listener at 0.0.0.0/9891] INFO recon.ReconServer: Starting Recon server
recon_1     | 2021-05-19 18:24:56,748 [Listener at 0.0.0.0/9891] INFO impl.MetricsConfig: Loaded properties from hadoop-metrics2.properties
datanode_1  | 2021-05-19 18:26:00,436 [pool-22-thread-1] INFO ratis.ContainerStateMachine: group-FCE26A6EB2AA: The snapshot info is null. Setting the last applied indexto:(t:0, i:~)
om_1        | 2021-05-19 18:25:41,178 [pool-18-thread-1] INFO server.RaftServerConfigKeys: raft.server.log.queue.byte-limit = 64MB (=67108864) (default)
datanode_3  | 2021-05-19 18:27:54,633 [java.util.concurrent.ThreadPoolExecutor$Worker@16acdb2c[State = -1, empty queue]] WARN server.GrpcLogAppender: 13f1328e-7b48-4bc0-8e56-8be672b65a62@group-C50B2AD58ACB->5e3ec4ee-e0a9-4d1f-9d9f-99127cd22d6e-GrpcLogAppender:  appendEntries Timeout, request=AppendEntriesRequest:cid=2816,entriesCount=1,lastEntry=(t:1, i:44)
recon_1     | 2021-05-19 18:24:56,777 [Listener at 0.0.0.0/9891] INFO impl.MetricsSystemImpl: Scheduled Metric snapshot period at 10 second(s).
recon_1     | 2021-05-19 18:24:56,777 [Listener at 0.0.0.0/9891] INFO impl.MetricsSystemImpl: Recon metrics system started
datanode_1  | 2021-05-19 18:26:00,474 [pool-22-thread-1] INFO server.RaftServerConfigKeys: raft.server.notification.no-leader.timeout = 300s (custom)
scm_1       | Length: 152 [application/octet-stream]
om_1        | 2021-05-19 18:25:41,188 [pool-18-thread-1] INFO server.RaftServerConfigKeys: raft.server.log.queue.element-limit = 4096 (default)
om_1        | 2021-05-19 18:25:41,189 [pool-18-thread-1] INFO server.RaftServerConfigKeys: raft.server.log.segment.size.max = 4194304 (custom)
om_1        | 2021-05-19 18:25:41,193 [pool-18-thread-1] INFO server.RaftServerConfigKeys: raft.server.log.preallocated.size = 4194304 (custom)
om_1        | 2021-05-19 18:25:41,193 [pool-18-thread-1] INFO server.RaftServerConfigKeys: raft.server.log.force.sync.num = 128 (default)
datanode_3  | 2021-05-19 18:27:57,229 [java.util.concurrent.ThreadPoolExecutor$Worker@16acdb2c[State = -1, empty queue]] WARN server.GrpcLogAppender: 13f1328e-7b48-4bc0-8e56-8be672b65a62@group-C50B2AD58ACB->5e3ec4ee-e0a9-4d1f-9d9f-99127cd22d6e-GrpcLogAppender:  appendEntries Timeout, request=AppendEntriesRequest:cid=3063,entriesCount=1,lastEntry=(t:1, i:45)
datanode_3  | 2021-05-19 18:27:57,248 [java.util.concurrent.ThreadPoolExecutor$Worker@16acdb2c[State = -1, empty queue]] WARN server.GrpcLogAppender: 13f1328e-7b48-4bc0-8e56-8be672b65a62@group-C50B2AD58ACB->5e3ec4ee-e0a9-4d1f-9d9f-99127cd22d6e-GrpcLogAppender:  appendEntries Timeout, request=AppendEntriesRequest:cid=3064,entriesCount=1,lastEntry=(t:1, i:46)
recon_1     | 2021-05-19 18:24:57,147 [Listener at 0.0.0.0/9891] INFO http.HttpServer2: Jetty bound to port 9888
datanode_1  | 2021-05-19 18:26:00,483 [pool-22-thread-1] INFO server.RaftServerConfigKeys: raft.server.log.use.memory = false (default)
datanode_1  | 2021-05-19 18:26:00,511 [pool-22-thread-1] INFO server.RaftServerConfigKeys: raft.server.log.purge.gap = 1000000 (custom)
scm_1       | Saving to: '/etc/security/keytabs/testuser.keytab'
scm_1       | 
scm_1       |      0K                                                       100% 1.44M=0s
scm_1       | 
scm_1       | 2021-05-19 18:24:18 (1.44 MB/s) - '/etc/security/keytabs/testuser.keytab' saved [152/152]
scm_1       | 
recon_1     | 2021-05-19 18:24:57,158 [Listener at 0.0.0.0/9891] INFO server.Server: jetty-9.4.35.v20201120; built: 2020-11-20T21:17:03.964Z; git: bdc54f03a5e0a7e280fab27f55c3c75ee8da89fb; jvm 11.0.10+9-LTS
recon_1     | 2021-05-19 18:24:57,283 [Listener at 0.0.0.0/9891] INFO server.session: DefaultSessionIdManager workerName=node0
recon_1     | 2021-05-19 18:24:57,283 [Listener at 0.0.0.0/9891] INFO server.session: No SessionScavenger set, using defaults
recon_1     | 2021-05-19 18:24:57,285 [Listener at 0.0.0.0/9891] INFO server.session: node0 Scavenging every 660000ms
recon_1     | 2021-05-19 18:24:57,340 [Listener at 0.0.0.0/9891] INFO server.KerberosAuthenticationHandler: Using keytab /etc/security/keytabs/HTTP.keytab, for principal HTTP/recon@EXAMPLE.COM
recon_1     | 2021-05-19 18:24:57,354 [Listener at 0.0.0.0/9891] INFO handler.ContextHandler: Started o.e.j.s.ServletContextHandler@1c011855{logs,/logs,file:///var/log/hadoop/,AVAILABLE}
recon_1     | 2021-05-19 18:24:57,356 [Listener at 0.0.0.0/9891] INFO handler.ContextHandler: Started o.e.j.s.ServletContextHandler@5b3755f4{static,/static,jar:file:/opt/hadoop/share/ozone/lib/hadoop-ozone-recon-1.2.0-SNAPSHOT.jar!/webapps/static,AVAILABLE}
recon_1     | 2021-05-19 18:24:57,996 [Listener at 0.0.0.0/9891] INFO server.KerberosAuthenticationHandler: Using keytab /etc/security/keytabs/HTTP.keytab, for principal HTTP/recon@EXAMPLE.COM
scm_1       | Keytab name: FILE:/etc/security/keytabs/testuser.keytab
scm_1       | KVNO Timestamp         Principal
scm_1       | ---- ----------------- --------------------------------------------------------
scm_1       |    2 05/19/21 18:24:18 testuser/scm@EXAMPLE.COM
scm_1       |    2 05/19/21 18:24:18 testuser/scm@EXAMPLE.COM
recon_1     | 2021-05-19 18:25:00,642 [Listener at 0.0.0.0/9891] INFO handler.ContextHandler: Started o.e.j.w.WebAppContext@44496e0c{recon,/,file:///tmp/jetty-0_0_0_0-9888-hadoop-ozone-recon-1_2_0-SNAPSHOT_jar-_-any-17136345183803576629/webapp/,AVAILABLE}{jar:file:/opt/hadoop/share/ozone/lib/hadoop-ozone-recon-1.2.0-SNAPSHOT.jar!/webapps/recon}
recon_1     | 2021-05-19 18:25:00,666 [Listener at 0.0.0.0/9891] INFO server.AbstractConnector: Started ServerConnector@698ac187{HTTP/1.1, (http/1.1)}{0.0.0.0:9888}
