kdc_1       | May 19 18:24:16 kdc krb5kdc[9](info): AS_REQ (8 etypes {18 17 20 19 16 23 25 26}) 127.0.0.1: SERVER_NOT_FOUND: admin/admin@EXAMPLE.COM for kadmin/localhost@EXAMPLE.COM, Server not found in Kerberos database
kdc_1       | May 19 18:24:16 kdc krb5kdc[9](info): AS_REQ (8 etypes {18 17 20 19 16 23 25 26}) 127.0.0.1: ISSUE: authtime 1621448656, etypes {rep=18 tkt=18 ses=18}, admin/admin@EXAMPLE.COM for kadmin/admin@EXAMPLE.COM
kdc_1       | May 19 18:24:16 kdc krb5kdc[9](info): AS_REQ (8 etypes {18 17 20 19 16 23 25 26}) 127.0.0.1: SERVER_NOT_FOUND: admin/admin@EXAMPLE.COM for kadmin/localhost@EXAMPLE.COM, Server not found in Kerberos database
kdc_1       | May 19 18:24:16 kdc krb5kdc[9](info): AS_REQ (8 etypes {18 17 20 19 16 23 25 26}) 127.0.0.1: ISSUE: authtime 1621448656, etypes {rep=18 tkt=18 ses=18}, admin/admin@EXAMPLE.COM for kadmin/admin@EXAMPLE.COM
datanode_1  | 2021-05-19 18:26:00,529 [pool-22-thread-1] INFO server.RaftServerConfigKeys: raft.server.log.appender.buffer.byte-limit = 33554432 (custom)
datanode_1  | 2021-05-19 18:26:00,550 [pool-22-thread-1] INFO metrics.RatisMetrics: Creating Metrics Registry : ratis.log_worker.5e3ec4ee-e0a9-4d1f-9d9f-99127cd22d6e@group-FCE26A6EB2AA
datanode_1  | 2021-05-19 18:26:00,560 [pool-22-thread-1] INFO server.RaftServerConfigKeys: raft.server.log.segment.size.max = 1048576 (custom)
datanode_1  | 2021-05-19 18:26:00,587 [pool-22-thread-1] INFO server.RaftServerConfigKeys: raft.server.log.segment.cache.num.max = 2 (custom)
datanode_1  | 2021-05-19 18:26:00,587 [pool-22-thread-1] INFO server.RaftServerConfigKeys: raft.server.log.segment.cache.size.max = 200MB (=209715200) (default)
datanode_1  | 2021-05-19 18:26:00,598 [pool-22-thread-1] INFO segmented.SegmentedRaftLogWorker: new 5e3ec4ee-e0a9-4d1f-9d9f-99127cd22d6e@group-FCE26A6EB2AA-SegmentedRaftLogWorker for RaftStorageImpl:Storage Directory /data/metadata/ratis/c552dac1-fbf7-479b-a960-fce26a6eb2aa
kdc_1       | May 19 18:24:16 kdc krb5kdc[9](info): AS_REQ (8 etypes {18 17 20 19 16 23 25 26}) 127.0.0.1: SERVER_NOT_FOUND: admin/admin@EXAMPLE.COM for kadmin/localhost@EXAMPLE.COM, Server not found in Kerberos database
scm_1       | Download testuser2/scm@EXAMPLE.COM keytab file to /etc/security/keytabs/testuser2.keytab
scm_1       | --2021-05-19 18:24:18--  http://kdc:8081/keytab/scm/testuser2
datanode_1  | 2021-05-19 18:26:00,603 [pool-22-thread-1] INFO server.RaftServerConfigKeys: raft.server.log.queue.byte-limit = 2147483647 (custom)
datanode_1  | 2021-05-19 18:26:00,604 [pool-22-thread-1] INFO server.RaftServerConfigKeys: raft.server.log.queue.element-limit = 1024 (custom)
om_1        | 2021-05-19 18:25:41,195 [pool-18-thread-1] INFO server.RaftServerConfigKeys: raft.server.log.statemachine.data.sync = true (default)
recon_1     | 2021-05-19 18:25:00,667 [Listener at 0.0.0.0/9891] INFO server.Server: Started @41110ms
recon_1     | 2021-05-19 18:25:00,676 [Listener at 0.0.0.0/9891] INFO impl.MetricsSinkAdapter: Sink prometheus started
scm_1       | Resolving kdc (kdc)... 172.18.0.9
datanode_3  | 2021-05-19 18:27:57,252 [java.util.concurrent.ThreadPoolExecutor$Worker@16acdb2c[State = -1, empty queue]] WARN server.GrpcLogAppender: 13f1328e-7b48-4bc0-8e56-8be672b65a62@group-C50B2AD58ACB->5e3ec4ee-e0a9-4d1f-9d9f-99127cd22d6e-GrpcLogAppender:  appendEntries Timeout, request=AppendEntriesRequest:cid=3065,entriesCount=1,lastEntry=(t:1, i:47)
datanode_3  | 2021-05-19 18:27:57,262 [java.util.concurrent.ThreadPoolExecutor$Worker@16acdb2c[State = -1, empty queue]] WARN server.GrpcLogAppender: 13f1328e-7b48-4bc0-8e56-8be672b65a62@group-C50B2AD58ACB->5e3ec4ee-e0a9-4d1f-9d9f-99127cd22d6e-GrpcLogAppender:  appendEntries Timeout, request=AppendEntriesRequest:cid=3066,entriesCount=1,lastEntry=(t:1, i:48)
datanode_3  | 2021-05-19 18:27:59,846 [java.util.concurrent.ThreadPoolExecutor$Worker@16acdb2c[State = -1, empty queue]] WARN server.GrpcLogAppender: 13f1328e-7b48-4bc0-8e56-8be672b65a62@group-C50B2AD58ACB->5e3ec4ee-e0a9-4d1f-9d9f-99127cd22d6e-GrpcLogAppender:  appendEntries Timeout, request=AppendEntriesRequest:cid=3317,entriesCount=1,lastEntry=(t:1, i:49)
datanode_3  | 2021-05-19 18:27:59,854 [java.util.concurrent.ThreadPoolExecutor$Worker@16acdb2c[State = -1, empty queue]] WARN server.GrpcLogAppender: 13f1328e-7b48-4bc0-8e56-8be672b65a62@group-C50B2AD58ACB->5e3ec4ee-e0a9-4d1f-9d9f-99127cd22d6e-GrpcLogAppender:  appendEntries Timeout, request=AppendEntriesRequest:cid=3318,entriesCount=1,lastEntry=(t:1, i:50)
datanode_3  | 2021-05-19 18:27:59,854 [java.util.concurrent.ThreadPoolExecutor$Worker@16acdb2c[State = -1, empty queue]] WARN server.GrpcLogAppender: 13f1328e-7b48-4bc0-8e56-8be672b65a62@group-C50B2AD58ACB->5e3ec4ee-e0a9-4d1f-9d9f-99127cd22d6e-GrpcLogAppender:  appendEntries Timeout, request=AppendEntriesRequest:cid=3319,entriesCount=1,lastEntry=(t:1, i:51)
datanode_3  | 2021-05-19 18:27:59,882 [java.util.concurrent.ThreadPoolExecutor$Worker@16acdb2c[State = -1, empty queue]] WARN server.GrpcLogAppender: 13f1328e-7b48-4bc0-8e56-8be672b65a62@group-C50B2AD58ACB->5e3ec4ee-e0a9-4d1f-9d9f-99127cd22d6e-GrpcLogAppender:  appendEntries Timeout, request=AppendEntriesRequest:cid=3321,entriesCount=1,lastEntry=(t:1, i:52)
datanode_3  | 2021-05-19 18:28:02,463 [java.util.concurrent.ThreadPoolExecutor$Worker@16acdb2c[State = -1, empty queue]] WARN server.GrpcLogAppender: 13f1328e-7b48-4bc0-8e56-8be672b65a62@group-C50B2AD58ACB->5e3ec4ee-e0a9-4d1f-9d9f-99127cd22d6e-GrpcLogAppender:  appendEntries Timeout, request=AppendEntriesRequest:cid=3571,entriesCount=1,lastEntry=(t:1, i:53)
datanode_3  | 2021-05-19 18:28:02,477 [java.util.concurrent.ThreadPoolExecutor$Worker@16acdb2c[State = -1, empty queue]] WARN server.GrpcLogAppender: 13f1328e-7b48-4bc0-8e56-8be672b65a62@group-C50B2AD58ACB->5e3ec4ee-e0a9-4d1f-9d9f-99127cd22d6e-GrpcLogAppender:  appendEntries Timeout, request=AppendEntriesRequest:cid=3572,entriesCount=1,lastEntry=(t:1, i:54)
datanode_3  | 2021-05-19 18:28:02,483 [java.util.concurrent.ThreadPoolExecutor$Worker@16acdb2c[State = -1, empty queue]] WARN server.GrpcLogAppender: 13f1328e-7b48-4bc0-8e56-8be672b65a62@group-C50B2AD58ACB->5e3ec4ee-e0a9-4d1f-9d9f-99127cd22d6e-GrpcLogAppender:  appendEntries Timeout, request=AppendEntriesRequest:cid=3573,entriesCount=1,lastEntry=(t:1, i:55)
scm_1       | Connecting to kdc (kdc)|172.18.0.9|:8081... connected.
datanode_3  | 2021-05-19 18:28:05,053 [java.util.concurrent.ThreadPoolExecutor$Worker@16acdb2c[State = -1, empty queue]] WARN server.GrpcLogAppender: 13f1328e-7b48-4bc0-8e56-8be672b65a62@group-C50B2AD58ACB->5e3ec4ee-e0a9-4d1f-9d9f-99127cd22d6e-GrpcLogAppender:  appendEntries Timeout, request=AppendEntriesRequest:cid=3822,entriesCount=1,lastEntry=(t:1, i:56)
datanode_3  | 2021-05-19 18:28:05,060 [java.util.concurrent.ThreadPoolExecutor$Worker@16acdb2c[State = -1, empty queue]] WARN server.GrpcLogAppender: 13f1328e-7b48-4bc0-8e56-8be672b65a62@group-C50B2AD58ACB->5e3ec4ee-e0a9-4d1f-9d9f-99127cd22d6e-GrpcLogAppender:  appendEntries Timeout, request=AppendEntriesRequest:cid=3823,entriesCount=1,lastEntry=(t:1, i:57)
datanode_3  | 2021-05-19 18:28:05,073 [java.util.concurrent.ThreadPoolExecutor$Worker@16acdb2c[State = -1, empty queue]] WARN server.GrpcLogAppender: 13f1328e-7b48-4bc0-8e56-8be672b65a62@group-C50B2AD58ACB->5e3ec4ee-e0a9-4d1f-9d9f-99127cd22d6e-GrpcLogAppender:  appendEntries Timeout, request=AppendEntriesRequest:cid=3824,entriesCount=1,lastEntry=(t:1, i:58)
datanode_3  | 2021-05-19 18:28:05,082 [java.util.concurrent.ThreadPoolExecutor$Worker@16acdb2c[State = -1, empty queue]] WARN server.GrpcLogAppender: 13f1328e-7b48-4bc0-8e56-8be672b65a62@group-C50B2AD58ACB->5e3ec4ee-e0a9-4d1f-9d9f-99127cd22d6e-GrpcLogAppender:  appendEntries Timeout, request=AppendEntriesRequest:cid=3826,entriesCount=1,lastEntry=(t:1, i:59)
kdc_1       | May 19 18:24:16 kdc krb5kdc[9](info): AS_REQ (8 etypes {18 17 20 19 16 23 25 26}) 127.0.0.1: ISSUE: authtime 1621448656, etypes {rep=18 tkt=18 ses=18}, admin/admin@EXAMPLE.COM for kadmin/admin@EXAMPLE.COM
datanode_3  | 2021-05-19 18:28:07,644 [java.util.concurrent.ThreadPoolExecutor$Worker@16acdb2c[State = -1, empty queue]] WARN server.GrpcLogAppender: 13f1328e-7b48-4bc0-8e56-8be672b65a62@group-C50B2AD58ACB->5e3ec4ee-e0a9-4d1f-9d9f-99127cd22d6e-GrpcLogAppender:  appendEntries Timeout, request=AppendEntriesRequest:cid=4075,entriesCount=1,lastEntry=(t:1, i:60)
datanode_1  | 2021-05-19 18:26:00,605 [pool-22-thread-1] INFO server.RaftServerConfigKeys: raft.server.log.segment.size.max = 1048576 (custom)
datanode_1  | 2021-05-19 18:26:00,605 [pool-22-thread-1] INFO server.RaftServerConfigKeys: raft.server.log.preallocated.size = 16384 (custom)
datanode_1  | 2021-05-19 18:26:00,606 [pool-22-thread-1] INFO server.RaftServerConfigKeys: raft.server.log.force.sync.num = 128 (default)
datanode_1  | 2021-05-19 18:26:00,607 [pool-22-thread-1] INFO server.RaftServerConfigKeys: raft.server.log.statemachine.data.sync = true (default)
datanode_1  | 2021-05-19 18:26:00,608 [pool-22-thread-1] INFO server.RaftServerConfigKeys: raft.server.log.statemachine.data.sync.timeout = 10s (default)
datanode_1  | 2021-05-19 18:26:00,609 [pool-22-thread-1] INFO server.RaftServerConfigKeys: raft.server.log.statemachine.data.sync.timeout.retry = -1 (default)
datanode_3  | 2021-05-19 18:28:07,661 [java.util.concurrent.ThreadPoolExecutor$Worker@16acdb2c[State = -1, empty queue]] WARN server.GrpcLogAppender: 13f1328e-7b48-4bc0-8e56-8be672b65a62@group-C50B2AD58ACB->5e3ec4ee-e0a9-4d1f-9d9f-99127cd22d6e-GrpcLogAppender:  appendEntries Timeout, request=AppendEntriesRequest:cid=4076,entriesCount=1,lastEntry=(t:1, i:61)
datanode_3  | 2021-05-19 18:28:07,678 [java.util.concurrent.ThreadPoolExecutor$Worker@16acdb2c[State = -1, empty queue]] WARN server.GrpcLogAppender: 13f1328e-7b48-4bc0-8e56-8be672b65a62@group-C50B2AD58ACB->5e3ec4ee-e0a9-4d1f-9d9f-99127cd22d6e-GrpcLogAppender:  appendEntries Timeout, request=AppendEntriesRequest:cid=4078,entriesCount=1,lastEntry=(t:1, i:62)
datanode_3  | 2021-05-19 18:28:07,709 [java.util.concurrent.ThreadPoolExecutor$Worker@16acdb2c[State = -1, empty queue]] WARN server.GrpcLogAppender: 13f1328e-7b48-4bc0-8e56-8be672b65a62@group-C50B2AD58ACB->5e3ec4ee-e0a9-4d1f-9d9f-99127cd22d6e-GrpcLogAppender:  appendEntries Timeout, request=AppendEntriesRequest:cid=4081,entriesCount=1,lastEntry=(t:1, i:63)
scm_1       | HTTP request sent, awaiting response... 200 OK
scm_1       | Length: 154 [application/octet-stream]
datanode_3  | 2021-05-19 18:28:10,274 [java.util.concurrent.ThreadPoolExecutor$Worker@16acdb2c[State = -1, empty queue]] WARN server.GrpcLogAppender: 13f1328e-7b48-4bc0-8e56-8be672b65a62@group-C50B2AD58ACB->5e3ec4ee-e0a9-4d1f-9d9f-99127cd22d6e-GrpcLogAppender:  appendEntries Timeout, request=AppendEntriesRequest:cid=4329,entriesCount=1,lastEntry=(t:1, i:64)
datanode_3  | 2021-05-19 18:28:10,288 [java.util.concurrent.ThreadPoolExecutor$Worker@16acdb2c[State = -1, empty queue]] WARN server.GrpcLogAppender: 13f1328e-7b48-4bc0-8e56-8be672b65a62@group-C50B2AD58ACB->5e3ec4ee-e0a9-4d1f-9d9f-99127cd22d6e-GrpcLogAppender:  appendEntries Timeout, request=AppendEntriesRequest:cid=4330,entriesCount=1,lastEntry=(t:1, i:65)
datanode_3  | 2021-05-19 18:28:10,297 [java.util.concurrent.ThreadPoolExecutor$Worker@16acdb2c[State = -1, empty queue]] WARN server.GrpcLogAppender: 13f1328e-7b48-4bc0-8e56-8be672b65a62@group-C50B2AD58ACB->5e3ec4ee-e0a9-4d1f-9d9f-99127cd22d6e-GrpcLogAppender:  appendEntries Timeout, request=AppendEntriesRequest:cid=4331,entriesCount=1,lastEntry=(t:1, i:66)
datanode_3  | 2021-05-19 18:28:10,313 [java.util.concurrent.ThreadPoolExecutor$Worker@16acdb2c[State = -1, empty queue]] WARN server.GrpcLogAppender: 13f1328e-7b48-4bc0-8e56-8be672b65a62@group-C50B2AD58ACB->5e3ec4ee-e0a9-4d1f-9d9f-99127cd22d6e-GrpcLogAppender:  appendEntries Timeout, request=AppendEntriesRequest:cid=4332,entriesCount=1,lastEntry=(t:1, i:67)
scm_1       | Saving to: '/etc/security/keytabs/testuser2.keytab'
scm_1       | 
scm_1       |      0K                                                       100% 18.4M=0s
datanode_3  | 2021-05-19 18:28:12,874 [java.util.concurrent.ThreadPoolExecutor$Worker@16acdb2c[State = -1, empty queue]] WARN server.GrpcLogAppender: 13f1328e-7b48-4bc0-8e56-8be672b65a62@group-C50B2AD58ACB->5e3ec4ee-e0a9-4d1f-9d9f-99127cd22d6e-GrpcLogAppender:  appendEntries Timeout, request=AppendEntriesRequest:cid=4583,entriesCount=1,lastEntry=(t:1, i:68)
datanode_3  | 2021-05-19 18:28:12,888 [java.util.concurrent.ThreadPoolExecutor$Worker@16acdb2c[State = -1, empty queue]] WARN server.GrpcLogAppender: 13f1328e-7b48-4bc0-8e56-8be672b65a62@group-C50B2AD58ACB->5e3ec4ee-e0a9-4d1f-9d9f-99127cd22d6e-GrpcLogAppender:  appendEntries Timeout, request=AppendEntriesRequest:cid=4584,entriesCount=1,lastEntry=(t:1, i:69)
datanode_3  | 2021-05-19 18:28:12,895 [java.util.concurrent.ThreadPoolExecutor$Worker@16acdb2c[State = -1, empty queue]] WARN server.GrpcLogAppender: 13f1328e-7b48-4bc0-8e56-8be672b65a62@group-C50B2AD58ACB->5e3ec4ee-e0a9-4d1f-9d9f-99127cd22d6e-GrpcLogAppender:  appendEntries Timeout, request=AppendEntriesRequest:cid=4585,entriesCount=1,lastEntry=(t:1, i:70)
recon_1     | 2021-05-19 18:25:00,676 [Listener at 0.0.0.0/9891] INFO impl.MetricsSystemImpl: Registered sink prometheus
scm_1       | 
kdc_1       | May 19 18:24:17 kdc krb5kdc[9](info): AS_REQ (8 etypes {18 17 20 19 16 23 25 26}) 127.0.0.1: SERVER_NOT_FOUND: admin/admin@EXAMPLE.COM for kadmin/localhost@EXAMPLE.COM, Server not found in Kerberos database
kdc_1       | May 19 18:24:17 kdc krb5kdc[9](info): AS_REQ (8 etypes {18 17 20 19 16 23 25 26}) 127.0.0.1: ISSUE: authtime 1621448657, etypes {rep=18 tkt=18 ses=18}, admin/admin@EXAMPLE.COM for kadmin/admin@EXAMPLE.COM
datanode_1  | 2021-05-19 18:26:00,618 [pool-22-thread-1] INFO server.RaftServerConfigKeys: raft.server.log.write.buffer.size = 1048576 (custom)
om_1        | 2021-05-19 18:25:41,195 [pool-18-thread-1] INFO server.RaftServerConfigKeys: raft.server.log.statemachine.data.sync.timeout = 10s (default)
recon_1     | 2021-05-19 18:25:00,678 [Listener at 0.0.0.0/9891] INFO http.BaseHttpServer: HTTP server of recon listening at http://0.0.0.0:9888
recon_1     | 2021-05-19 18:25:00,678 [Listener at 0.0.0.0/9891] INFO impl.OzoneManagerServiceProviderImpl: Starting Ozone Manager Service Provider.
scm_1       | 2021-05-19 18:24:18 (18.4 MB/s) - '/etc/security/keytabs/testuser2.keytab' saved [154/154]
kdc_1       | May 19 18:24:17 kdc krb5kdc[9](info): AS_REQ (8 etypes {18 17 20 19 16 23 25 26}) 127.0.0.1: SERVER_NOT_FOUND: admin/admin@EXAMPLE.COM for kadmin/localhost@EXAMPLE.COM, Server not found in Kerberos database
kdc_1       | May 19 18:24:17 kdc krb5kdc[9](info): AS_REQ (8 etypes {18 17 20 19 16 23 25 26}) 127.0.0.1: ISSUE: authtime 1621448657, etypes {rep=18 tkt=18 ses=18}, admin/admin@EXAMPLE.COM for kadmin/admin@EXAMPLE.COM
datanode_1  | 2021-05-19 18:26:00,618 [pool-22-thread-1] INFO server.RaftServerConfigKeys: raft.server.log.statemachine.data.caching.enabled = true (custom)
om_1        | 2021-05-19 18:25:41,197 [pool-18-thread-1] INFO server.RaftServerConfigKeys: raft.server.log.statemachine.data.sync.timeout.retry = -1 (default)
om_1        | 2021-05-19 18:25:41,238 [pool-18-thread-1] INFO server.RaftServerConfigKeys: raft.server.log.write.buffer.size = 64KB (=65536) (default)
om_1        | 2021-05-19 18:25:41,243 [pool-18-thread-1] INFO server.RaftServerConfigKeys: raft.server.log.statemachine.data.caching.enabled = false (default)
scm_1       | 
kdc_1       | May 19 18:24:17 kdc krb5kdc[9](info): AS_REQ (8 etypes {18 17 20 19 16 23 25 26}) 127.0.0.1: SERVER_NOT_FOUND: admin/admin@EXAMPLE.COM for kadmin/localhost@EXAMPLE.COM, Server not found in Kerberos database
kdc_1       | May 19 18:24:17 kdc krb5kdc[9](info): AS_REQ (8 etypes {18 17 20 19 16 23 25 26}) 127.0.0.1: ISSUE: authtime 1621448657, etypes {rep=18 tkt=18 ses=18}, admin/admin@EXAMPLE.COM for kadmin/admin@EXAMPLE.COM
datanode_1  | 2021-05-19 18:26:00,634 [pool-22-thread-1] INFO segmented.SegmentedRaftLogWorker: 5e3ec4ee-e0a9-4d1f-9d9f-99127cd22d6e@group-FCE26A6EB2AA-SegmentedRaftLogWorker: flushIndex: setUnconditionally 0 -> -1
datanode_1  | 2021-05-19 18:26:00,635 [pool-22-thread-1] INFO segmented.SegmentedRaftLogWorker: 5e3ec4ee-e0a9-4d1f-9d9f-99127cd22d6e@group-FCE26A6EB2AA-SegmentedRaftLogWorker: safeCacheEvictIndex: setUnconditionally 0 -> -1
recon_1     | 2021-05-19 18:25:00,686 [Listener at 0.0.0.0/9891] INFO impl.OzoneManagerServiceProviderImpl: Registered OmDeltaRequest task 
om_1        | 2021-05-19 18:25:41,264 [pool-18-thread-1] INFO segmented.SegmentedRaftLogWorker: om1@group-C5BA1605619E-SegmentedRaftLogWorker: flushIndex: setUnconditionally 0 -> -1
om_1        | 2021-05-19 18:25:41,268 [pool-18-thread-1] INFO segmented.SegmentedRaftLogWorker: om1@group-C5BA1605619E-SegmentedRaftLogWorker: safeCacheEvictIndex: setUnconditionally 0 -> -1
om_1        | 2021-05-19 18:25:41,329 [pool-18-thread-1] INFO server.RaftServerConfigKeys: raft.server.snapshot.auto.trigger.enabled = true (custom)
om_1        | 2021-05-19 18:25:41,333 [pool-18-thread-1] INFO server.RaftServerConfigKeys: raft.server.snapshot.auto.trigger.threshold = 400000 (default)
om_1        | 2021-05-19 18:25:41,333 [pool-18-thread-1] INFO server.RaftServerConfigKeys: raft.server.snapshot.retention.file.num = -1 (default)
om_1        | 2021-05-19 18:25:41,334 [pool-18-thread-1] INFO server.RaftServerConfigKeys: raft.server.log.purge.upto.snapshot.index = true (custom)
om_1        | 2021-05-19 18:25:41,336 [pool-18-thread-1] INFO server.RaftServerConfigKeys: raft.server.retrycache.expirytime = 300s (custom)
om_1        | 2021-05-19 18:25:41,341 [pool-18-thread-1] INFO server.RaftServerConfigKeys: raft.server.retrycache.statistics.expirytime = 100?s (default)
datanode_1  | 2021-05-19 18:26:00,640 [pool-22-thread-1] INFO server.RaftServerConfigKeys: raft.server.snapshot.auto.trigger.enabled = true (custom)
datanode_1  | 2021-05-19 18:26:00,640 [pool-22-thread-1] INFO server.RaftServerConfigKeys: raft.server.snapshot.auto.trigger.threshold = 10000 (custom)
datanode_1  | 2021-05-19 18:26:00,641 [pool-22-thread-1] INFO server.RaftServerConfigKeys: raft.server.snapshot.retention.file.num = 5 (custom)
datanode_1  | 2021-05-19 18:26:00,641 [pool-22-thread-1] INFO server.RaftServerConfigKeys: raft.server.log.purge.upto.snapshot.index = false (default)
datanode_1  | 2021-05-19 18:26:00,643 [pool-22-thread-1] INFO server.RaftServerConfigKeys: raft.server.retrycache.expirytime = 600000ms (custom)
datanode_1  | 2021-05-19 18:26:00,643 [pool-22-thread-1] INFO server.RaftServerConfigKeys: raft.server.retrycache.statistics.expirytime = 100?s (default)
datanode_1  | 2021-05-19 18:26:00,667 [pool-22-thread-1] INFO metrics.RatisMetrics: Creating Metrics Registry : ratis.leader_election.5e3ec4ee-e0a9-4d1f-9d9f-99127cd22d6e@group-FCE26A6EB2AA
datanode_1  | 2021-05-19 18:26:00,672 [pool-22-thread-1] INFO metrics.RatisMetrics: Creating Metrics Registry : ratis.server.5e3ec4ee-e0a9-4d1f-9d9f-99127cd22d6e@group-FCE26A6EB2AA
datanode_3  | 2021-05-19 18:28:12,913 [java.util.concurrent.ThreadPoolExecutor$Worker@16acdb2c[State = -1, empty queue]] WARN server.GrpcLogAppender: 13f1328e-7b48-4bc0-8e56-8be672b65a62@group-C50B2AD58ACB->5e3ec4ee-e0a9-4d1f-9d9f-99127cd22d6e-GrpcLogAppender:  appendEntries Timeout, request=AppendEntriesRequest:cid=4587,entriesCount=1,lastEntry=(t:1, i:71)
datanode_3  | 2021-05-19 18:28:15,490 [java.util.concurrent.ThreadPoolExecutor$Worker@16acdb2c[State = -1, empty queue]] WARN server.GrpcLogAppender: 13f1328e-7b48-4bc0-8e56-8be672b65a62@group-C50B2AD58ACB->5e3ec4ee-e0a9-4d1f-9d9f-99127cd22d6e-GrpcLogAppender:  appendEntries Timeout, request=AppendEntriesRequest:cid=4838,entriesCount=1,lastEntry=(t:1, i:72)
datanode_3  | 2021-05-19 18:28:15,491 [java.util.concurrent.ThreadPoolExecutor$Worker@16acdb2c[State = -1, empty queue]] WARN server.GrpcLogAppender: 13f1328e-7b48-4bc0-8e56-8be672b65a62@group-C50B2AD58ACB->5e3ec4ee-e0a9-4d1f-9d9f-99127cd22d6e-GrpcLogAppender:  appendEntries Timeout, request=AppendEntriesRequest:cid=4839,entriesCount=1,lastEntry=(t:1, i:73)
datanode_3  | 2021-05-19 18:28:15,498 [java.util.concurrent.ThreadPoolExecutor$Worker@16acdb2c[State = -1, empty queue]] WARN server.GrpcLogAppender: 13f1328e-7b48-4bc0-8e56-8be672b65a62@group-C50B2AD58ACB->5e3ec4ee-e0a9-4d1f-9d9f-99127cd22d6e-GrpcLogAppender:  appendEntries Timeout, request=AppendEntriesRequest:cid=4840,entriesCount=1,lastEntry=(t:1, i:74)
datanode_1  | 2021-05-19 18:26:00,681 [pool-22-thread-1] INFO server.RaftServer$Division: 5e3ec4ee-e0a9-4d1f-9d9f-99127cd22d6e@group-FCE26A6EB2AA: start as a follower, conf=-1: [5e3ec4ee-e0a9-4d1f-9d9f-99127cd22d6e|rpc:172.18.0.3:9856|admin:172.18.0.3:9857|client:172.18.0.3:9858|priority:1], old=null
datanode_1  | 2021-05-19 18:26:00,683 [pool-22-thread-1] INFO server.RaftServer$Division: 5e3ec4ee-e0a9-4d1f-9d9f-99127cd22d6e@group-FCE26A6EB2AA: changes role from      null to FOLLOWER at term 0 for startAsFollower
datanode_1  | 2021-05-19 18:26:00,684 [pool-22-thread-1] INFO impl.RoleInfo: 5e3ec4ee-e0a9-4d1f-9d9f-99127cd22d6e: start 5e3ec4ee-e0a9-4d1f-9d9f-99127cd22d6e@group-FCE26A6EB2AA-FollowerState
datanode_1  | 2021-05-19 18:26:00,690 [pool-22-thread-1] INFO util.JmxRegister: Successfully registered JMX Bean with object name Ratis:service=RaftServer,group=group-FCE26A6EB2AA,id=5e3ec4ee-e0a9-4d1f-9d9f-99127cd22d6e
datanode_1  | 2021-05-19 18:26:00,692 [pool-22-thread-1] INFO metrics.RatisMetrics: Creating Metrics Registry : ratis.state_machine.5e3ec4ee-e0a9-4d1f-9d9f-99127cd22d6e@group-FCE26A6EB2AA
datanode_1  | 2021-05-19 18:26:00,713 [Command processor thread] INFO ratis.XceiverServerRatis: Created group PipelineID=c552dac1-fbf7-479b-a960-fce26a6eb2aa
datanode_1  | 2021-05-19 18:26:00,714 [Command processor thread] INFO commandhandler.CreatePipelineCommandHandler: Created Pipeline RATIS ONE PipelineID=c552dac1-fbf7-479b-a960-fce26a6eb2aa.
datanode_1  | 2021-05-19 18:26:00,714 [Command processor thread] INFO server.RaftServer: 5e3ec4ee-e0a9-4d1f-9d9f-99127cd22d6e: addNew group-C50B2AD58ACB:[5e3ec4ee-e0a9-4d1f-9d9f-99127cd22d6e|rpc:172.18.0.3:9856|admin:172.18.0.3:9857|client:172.18.0.3:9858|priority:0, 5e7121f4-0d01-4e5f-be4d-00c67e54f4c3|rpc:172.18.0.7:9856|admin:172.18.0.7:9857|client:172.18.0.7:9858|priority:0, 13f1328e-7b48-4bc0-8e56-8be672b65a62|rpc:172.18.0.2:9856|admin:172.18.0.2:9857|client:172.18.0.2:9858|priority:1] returns group-C50B2AD58ACB:java.util.concurrent.CompletableFuture@19ed3296[Not completed]
datanode_1  | 2021-05-19 18:26:00,722 [pool-22-thread-1] INFO server.RaftServer$Division: 5e3ec4ee-e0a9-4d1f-9d9f-99127cd22d6e: new RaftServerImpl for group-C50B2AD58ACB:[5e3ec4ee-e0a9-4d1f-9d9f-99127cd22d6e|rpc:172.18.0.3:9856|admin:172.18.0.3:9857|client:172.18.0.3:9858|priority:0, 5e7121f4-0d01-4e5f-be4d-00c67e54f4c3|rpc:172.18.0.7:9856|admin:172.18.0.7:9857|client:172.18.0.7:9858|priority:0, 13f1328e-7b48-4bc0-8e56-8be672b65a62|rpc:172.18.0.2:9856|admin:172.18.0.2:9857|client:172.18.0.2:9858|priority:1] with ContainerStateMachine:uninitialized
datanode_1  | 2021-05-19 18:26:00,722 [pool-22-thread-1] INFO server.RaftServerConfigKeys: raft.server.rpc.timeout.min = 5s (custom)
datanode_1  | 2021-05-19 18:26:00,722 [pool-22-thread-1] INFO server.RaftServerConfigKeys: raft.server.rpc.timeout.max = 5200ms (custom)
datanode_1  | 2021-05-19 18:26:00,723 [pool-22-thread-1] INFO server.RaftServerConfigKeys: raft.server.rpc.sleep.time = 25ms (default)
datanode_1  | 2021-05-19 18:26:00,723 [pool-22-thread-1] INFO server.RaftServerConfigKeys: raft.server.rpc.slowness.timeout = 300s (custom)
datanode_1  | 2021-05-19 18:26:00,723 [pool-22-thread-1] INFO server.RaftServerConfigKeys: raft.server.leaderelection.leader.step-down.wait-time = 10s (default)
scm_1       | Keytab name: FILE:/etc/security/keytabs/testuser2.keytab
scm_1       | KVNO Timestamp         Principal
kdc_1       | May 19 18:24:17 kdc krb5kdc[9](info): AS_REQ (8 etypes {18 17 20 19 16 23 25 26}) 127.0.0.1: SERVER_NOT_FOUND: admin/admin@EXAMPLE.COM for kadmin/localhost@EXAMPLE.COM, Server not found in Kerberos database
datanode_3  | 2021-05-19 18:28:18,073 [java.util.concurrent.ThreadPoolExecutor$Worker@16acdb2c[State = -1, empty queue]] WARN server.GrpcLogAppender: 13f1328e-7b48-4bc0-8e56-8be672b65a62@group-C50B2AD58ACB->5e3ec4ee-e0a9-4d1f-9d9f-99127cd22d6e-GrpcLogAppender:  appendEntries Timeout, request=AppendEntriesRequest:cid=5090,entriesCount=1,lastEntry=(t:1, i:75)
datanode_3  | 2021-05-19 18:28:18,079 [java.util.concurrent.ThreadPoolExecutor$Worker@16acdb2c[State = -1, empty queue]] WARN server.GrpcLogAppender: 13f1328e-7b48-4bc0-8e56-8be672b65a62@group-C50B2AD58ACB->5e3ec4ee-e0a9-4d1f-9d9f-99127cd22d6e-GrpcLogAppender:  appendEntries Timeout, request=AppendEntriesRequest:cid=5091,entriesCount=1,lastEntry=(t:1, i:76)
datanode_3  | 2021-05-19 18:28:18,105 [java.util.concurrent.ThreadPoolExecutor$Worker@16acdb2c[State = -1, empty queue]] WARN server.GrpcLogAppender: 13f1328e-7b48-4bc0-8e56-8be672b65a62@group-C50B2AD58ACB->5e3ec4ee-e0a9-4d1f-9d9f-99127cd22d6e-GrpcLogAppender:  appendEntries Timeout, request=AppendEntriesRequest:cid=5092,entriesCount=1,lastEntry=(t:1, i:77)
datanode_3  | 2021-05-19 18:28:18,127 [java.util.concurrent.ThreadPoolExecutor$Worker@16acdb2c[State = -1, empty queue]] WARN server.GrpcLogAppender: 13f1328e-7b48-4bc0-8e56-8be672b65a62@group-C50B2AD58ACB->5e3ec4ee-e0a9-4d1f-9d9f-99127cd22d6e-GrpcLogAppender:  appendEntries Timeout, request=AppendEntriesRequest:cid=5093,entriesCount=1,lastEntry=(t:1, i:78)
datanode_3  | 2021-05-19 18:28:20,710 [java.util.concurrent.ThreadPoolExecutor$Worker@16acdb2c[State = -1, empty queue]] WARN server.GrpcLogAppender: 13f1328e-7b48-4bc0-8e56-8be672b65a62@group-C50B2AD58ACB->5e3ec4ee-e0a9-4d1f-9d9f-99127cd22d6e-GrpcLogAppender:  appendEntries Timeout, request=AppendEntriesRequest:cid=5343,entriesCount=1,lastEntry=(t:1, i:79)
datanode_3  | 2021-05-19 18:28:20,710 [java.util.concurrent.ThreadPoolExecutor$Worker@16acdb2c[State = -1, empty queue]] WARN server.GrpcLogAppender: 13f1328e-7b48-4bc0-8e56-8be672b65a62@group-C50B2AD58ACB->5e3ec4ee-e0a9-4d1f-9d9f-99127cd22d6e-GrpcLogAppender:  appendEntries Timeout, request=AppendEntriesRequest:cid=5344,entriesCount=1,lastEntry=(t:1, i:80)
datanode_3  | 2021-05-19 18:28:20,718 [java.util.concurrent.ThreadPoolExecutor$Worker@16acdb2c[State = -1, empty queue]] WARN server.GrpcLogAppender: 13f1328e-7b48-4bc0-8e56-8be672b65a62@group-C50B2AD58ACB->5e3ec4ee-e0a9-4d1f-9d9f-99127cd22d6e-GrpcLogAppender:  appendEntries Timeout, request=AppendEntriesRequest:cid=5345,entriesCount=1,lastEntry=(t:1, i:81)
datanode_3  | 2021-05-19 18:28:20,719 [java.util.concurrent.ThreadPoolExecutor$Worker@16acdb2c[State = -1, empty queue]] WARN server.GrpcLogAppender: 13f1328e-7b48-4bc0-8e56-8be672b65a62@group-C50B2AD58ACB->5e3ec4ee-e0a9-4d1f-9d9f-99127cd22d6e-GrpcLogAppender:  appendEntries Timeout, request=AppendEntriesRequest:cid=5346,entriesCount=1,lastEntry=(t:1, i:82)
datanode_3  | 2021-05-19 18:28:23,273 [java.util.concurrent.ThreadPoolExecutor$Worker@16acdb2c[State = -1, empty queue]] WARN server.GrpcLogAppender: 13f1328e-7b48-4bc0-8e56-8be672b65a62@group-C50B2AD58ACB->5e3ec4ee-e0a9-4d1f-9d9f-99127cd22d6e-GrpcLogAppender:  appendEntries Timeout, request=AppendEntriesRequest:cid=5594,entriesCount=1,lastEntry=(t:1, i:83)
datanode_3  | 2021-05-19 18:28:23,287 [java.util.concurrent.ThreadPoolExecutor$Worker@16acdb2c[State = -1, empty queue]] WARN server.GrpcLogAppender: 13f1328e-7b48-4bc0-8e56-8be672b65a62@group-C50B2AD58ACB->5e3ec4ee-e0a9-4d1f-9d9f-99127cd22d6e-GrpcLogAppender:  appendEntries Timeout, request=AppendEntriesRequest:cid=5595,entriesCount=1,lastEntry=(t:1, i:84)
kdc_1       | May 19 18:24:17 kdc krb5kdc[9](info): AS_REQ (8 etypes {18 17 20 19 16 23 25 26}) 127.0.0.1: ISSUE: authtime 1621448657, etypes {rep=18 tkt=18 ses=18}, admin/admin@EXAMPLE.COM for kadmin/admin@EXAMPLE.COM
datanode_3  | 2021-05-19 18:28:23,313 [java.util.concurrent.ThreadPoolExecutor$Worker@16acdb2c[State = -1, empty queue]] WARN server.GrpcLogAppender: 13f1328e-7b48-4bc0-8e56-8be672b65a62@group-C50B2AD58ACB->5e3ec4ee-e0a9-4d1f-9d9f-99127cd22d6e-GrpcLogAppender:  appendEntries Timeout, request=AppendEntriesRequest:cid=5596,entriesCount=1,lastEntry=(t:1, i:85)
datanode_3  | 2021-05-19 18:28:23,314 [java.util.concurrent.ThreadPoolExecutor$Worker@16acdb2c[State = -1, empty queue]] WARN server.GrpcLogAppender: 13f1328e-7b48-4bc0-8e56-8be672b65a62@group-C50B2AD58ACB->5e3ec4ee-e0a9-4d1f-9d9f-99127cd22d6e-GrpcLogAppender:  appendEntries Timeout, request=AppendEntriesRequest:cid=5597,entriesCount=1,lastEntry=(t:1, i:86)
datanode_3  | 2021-05-19 18:28:25,877 [java.util.concurrent.ThreadPoolExecutor$Worker@16acdb2c[State = -1, empty queue]] WARN server.GrpcLogAppender: 13f1328e-7b48-4bc0-8e56-8be672b65a62@group-C50B2AD58ACB->5e3ec4ee-e0a9-4d1f-9d9f-99127cd22d6e-GrpcLogAppender:  appendEntries Timeout, request=AppendEntriesRequest:cid=5846,entriesCount=1,lastEntry=(t:1, i:87)
datanode_3  | 2021-05-19 18:28:25,879 [java.util.concurrent.ThreadPoolExecutor$Worker@16acdb2c[State = -1, empty queue]] WARN server.GrpcLogAppender: 13f1328e-7b48-4bc0-8e56-8be672b65a62@group-C50B2AD58ACB->5e3ec4ee-e0a9-4d1f-9d9f-99127cd22d6e-GrpcLogAppender:  appendEntries Timeout, request=AppendEntriesRequest:cid=5847,entriesCount=1,lastEntry=(t:1, i:88)
datanode_3  | 2021-05-19 18:28:25,890 [java.util.concurrent.ThreadPoolExecutor$Worker@16acdb2c[State = -1, empty queue]] WARN server.GrpcLogAppender: 13f1328e-7b48-4bc0-8e56-8be672b65a62@group-C50B2AD58ACB->5e3ec4ee-e0a9-4d1f-9d9f-99127cd22d6e-GrpcLogAppender:  appendEntries Timeout, request=AppendEntriesRequest:cid=5848,entriesCount=1,lastEntry=(t:1, i:89)
datanode_3  | 2021-05-19 18:28:25,907 [java.util.concurrent.ThreadPoolExecutor$Worker@16acdb2c[State = -1, empty queue]] WARN server.GrpcLogAppender: 13f1328e-7b48-4bc0-8e56-8be672b65a62@group-C50B2AD58ACB->5e3ec4ee-e0a9-4d1f-9d9f-99127cd22d6e-GrpcLogAppender:  appendEntries Timeout, request=AppendEntriesRequest:cid=5850,entriesCount=1,lastEntry=(t:1, i:90)
kdc_1       | May 19 18:24:17 kdc krb5kdc[9](info): AS_REQ (8 etypes {18 17 20 19 16 23 25 26}) 127.0.0.1: SERVER_NOT_FOUND: admin/admin@EXAMPLE.COM for kadmin/localhost@EXAMPLE.COM, Server not found in Kerberos database
datanode_3  | 2021-05-19 18:28:28,473 [java.util.concurrent.ThreadPoolExecutor$Worker@16acdb2c[State = -1, empty queue]] WARN server.GrpcLogAppender: 13f1328e-7b48-4bc0-8e56-8be672b65a62@group-C50B2AD58ACB->5e3ec4ee-e0a9-4d1f-9d9f-99127cd22d6e-GrpcLogAppender:  appendEntries Timeout, request=AppendEntriesRequest:cid=6099,entriesCount=1,lastEntry=(t:1, i:91)
datanode_3  | 2021-05-19 18:28:28,485 [java.util.concurrent.ThreadPoolExecutor$Worker@16acdb2c[State = -1, empty queue]] WARN server.GrpcLogAppender: 13f1328e-7b48-4bc0-8e56-8be672b65a62@group-C50B2AD58ACB->5e3ec4ee-e0a9-4d1f-9d9f-99127cd22d6e-GrpcLogAppender:  appendEntries Timeout, request=AppendEntriesRequest:cid=6100,entriesCount=1,lastEntry=(t:1, i:92)
datanode_3  | 2021-05-19 18:28:28,499 [java.util.concurrent.ThreadPoolExecutor$Worker@16acdb2c[State = -1, empty queue]] WARN server.GrpcLogAppender: 13f1328e-7b48-4bc0-8e56-8be672b65a62@group-C50B2AD58ACB->5e3ec4ee-e0a9-4d1f-9d9f-99127cd22d6e-GrpcLogAppender:  appendEntries Timeout, request=AppendEntriesRequest:cid=6102,entriesCount=1,lastEntry=(t:1, i:93)
scm_1       | ---- ----------------- --------------------------------------------------------
scm_1       |    2 05/19/21 18:24:18 testuser2/scm@EXAMPLE.COM
scm_1       |    2 05/19/21 18:24:18 testuser2/scm@EXAMPLE.COM
scm_1       | No '-XX:...' jvm parameters are set. Adding safer GC settings '-XX:ParallelGCThreads=8 -XX:+UseConcMarkSweepGC -XX:CMSInitiatingOccupancyFraction=70 -XX:+CMSParallelRemarkEnabled' to the OZONE_OPTS
kdc_1       | May 19 18:24:17 kdc krb5kdc[9](info): AS_REQ (8 etypes {18 17 20 19 16 23 25 26}) 127.0.0.1: ISSUE: authtime 1621448657, etypes {rep=18 tkt=18 ses=18}, admin/admin@EXAMPLE.COM for kadmin/admin@EXAMPLE.COM
om_1        | 2021-05-19 18:25:41,462 [pool-18-thread-1] INFO metrics.RatisMetrics: Creating Metrics Registry : ratis.leader_election.om1@group-C5BA1605619E
om_1        | 2021-05-19 18:25:41,495 [pool-18-thread-1] INFO metrics.RatisMetrics: Creating Metrics Registry : ratis.server.om1@group-C5BA1605619E
recon_1     | 2021-05-19 18:25:00,701 [Listener at 0.0.0.0/9891] INFO impl.OzoneManagerServiceProviderImpl: Registered OmSnapshotRequest task 
recon_1     | 2021-05-19 18:25:00,701 [Listener at 0.0.0.0/9891] INFO recovery.ReconOmMetadataManagerImpl: Starting ReconOMMetadataManagerImpl
datanode_1  | 2021-05-19 18:26:00,723 [pool-22-thread-1] INFO server.RaftServerConfigKeys: raft.server.sleep.deviation.threshold = 300ms (default)
kdc_1       | May 19 18:24:17 kdc krb5kdc[9](info): AS_REQ (8 etypes {18 17 20 19 16 23 25 26}) 127.0.0.1: SERVER_NOT_FOUND: admin/admin@EXAMPLE.COM for kadmin/localhost@EXAMPLE.COM, Server not found in Kerberos database
kdc_1       | May 19 18:24:16 kdc kadmind[25](Notice): Request: kadm5_init, admin/admin@EXAMPLE.COM, success, client=admin/admin@EXAMPLE.COM, service=kadmin/admin@EXAMPLE.COM, addr=127.0.0.1, vers=4, flavor=6
kdc_1       | May 19 18:24:16 kdc kadmind[25](Notice): Request: kadm5_randkey_principal, HTTP/s3g@EXAMPLE.COM, success, client=admin/admin@EXAMPLE.COM, service=kadmin/admin@EXAMPLE.COM, addr=127.0.0.1
scm_1       | OpenJDK 64-Bit Server VM warning: Option UseConcMarkSweepGC was deprecated in version 9.0 and will likely be removed in a future release.
scm_1       | 2021-05-19 18:24:36,448 [main] INFO server.StorageContainerManagerStarter: STARTUP_MSG: 
datanode_1  | 2021-05-19 18:26:00,723 [pool-22-thread-1] INFO server.RaftServerConfigKeys: raft.server.log.appender.install.snapshot.enabled = false (custom)
datanode_1  | 2021-05-19 18:26:00,723 [pool-22-thread-1] INFO server.RaftServer$Division: 5e3ec4ee-e0a9-4d1f-9d9f-99127cd22d6e@group-C50B2AD58ACB: ConfigurationManager, init=-1: [5e3ec4ee-e0a9-4d1f-9d9f-99127cd22d6e|rpc:172.18.0.3:9856|admin:172.18.0.3:9857|client:172.18.0.3:9858|priority:0, 5e7121f4-0d01-4e5f-be4d-00c67e54f4c3|rpc:172.18.0.7:9856|admin:172.18.0.7:9857|client:172.18.0.7:9858|priority:0, 13f1328e-7b48-4bc0-8e56-8be672b65a62|rpc:172.18.0.2:9856|admin:172.18.0.2:9857|client:172.18.0.2:9858|priority:1], old=null, confs=<EMPTY_MAP>
datanode_1  | 2021-05-19 18:26:00,724 [pool-22-thread-1] INFO server.RaftServerConfigKeys: raft.server.storage.dir = [/data/metadata/ratis] (custom)
datanode_1  | 2021-05-19 18:26:00,724 [pool-22-thread-1] INFO server.RaftServerConfigKeys: raft.server.log.corruption.policy = EXCEPTION (default)
datanode_1  | 2021-05-19 18:26:00,724 [pool-22-thread-1] INFO storage.RaftStorageDirectory: The storage directory /data/metadata/ratis/93d94422-f50f-4665-8339-c50b2ad58acb does not exist. Creating ...
datanode_1  | 2021-05-19 18:26:00,726 [pool-22-thread-1] INFO storage.RaftStorageDirectory: Lock on /data/metadata/ratis/93d94422-f50f-4665-8339-c50b2ad58acb/in_use.lock acquired by nodename 10@8bc0f8aacc46
datanode_1  | 2021-05-19 18:26:00,727 [pool-22-thread-1] INFO storage.RaftStorage: Storage directory /data/metadata/ratis/93d94422-f50f-4665-8339-c50b2ad58acb has been successfully formatted.
datanode_1  | 2021-05-19 18:26:00,728 [pool-22-thread-1] INFO ratis.ContainerStateMachine: group-C50B2AD58ACB: The snapshot info is null. Setting the last applied indexto:(t:0, i:~)
datanode_1  | 2021-05-19 18:26:00,742 [pool-22-thread-1] INFO server.RaftServerConfigKeys: raft.server.notification.no-leader.timeout = 300s (custom)
datanode_1  | 2021-05-19 18:26:00,742 [pool-22-thread-1] INFO server.RaftServerConfigKeys: raft.server.log.use.memory = false (default)
datanode_1  | 2021-05-19 18:26:00,743 [pool-22-thread-1] INFO server.RaftServerConfigKeys: raft.server.log.purge.gap = 1000000 (custom)
datanode_1  | 2021-05-19 18:26:00,743 [pool-22-thread-1] INFO server.RaftServerConfigKeys: raft.server.log.appender.buffer.byte-limit = 33554432 (custom)
datanode_1  | 2021-05-19 18:26:00,743 [pool-22-thread-1] INFO metrics.RatisMetrics: Creating Metrics Registry : ratis.log_worker.5e3ec4ee-e0a9-4d1f-9d9f-99127cd22d6e@group-C50B2AD58ACB
datanode_1  | 2021-05-19 18:26:00,743 [pool-22-thread-1] INFO server.RaftServerConfigKeys: raft.server.log.segment.size.max = 1048576 (custom)
datanode_1  | 2021-05-19 18:26:00,744 [pool-22-thread-1] INFO server.RaftServerConfigKeys: raft.server.log.segment.cache.num.max = 2 (custom)
datanode_1  | 2021-05-19 18:26:00,744 [pool-22-thread-1] INFO server.RaftServerConfigKeys: raft.server.log.segment.cache.size.max = 200MB (=209715200) (default)
datanode_1  | 2021-05-19 18:26:00,745 [pool-22-thread-1] INFO segmented.SegmentedRaftLogWorker: new 5e3ec4ee-e0a9-4d1f-9d9f-99127cd22d6e@group-C50B2AD58ACB-SegmentedRaftLogWorker for RaftStorageImpl:Storage Directory /data/metadata/ratis/93d94422-f50f-4665-8339-c50b2ad58acb
datanode_1  | 2021-05-19 18:26:00,745 [pool-22-thread-1] INFO server.RaftServerConfigKeys: raft.server.log.queue.byte-limit = 2147483647 (custom)
datanode_1  | 2021-05-19 18:26:00,745 [pool-22-thread-1] INFO server.RaftServerConfigKeys: raft.server.log.queue.element-limit = 1024 (custom)
datanode_1  | 2021-05-19 18:26:00,745 [pool-22-thread-1] INFO server.RaftServerConfigKeys: raft.server.log.segment.size.max = 1048576 (custom)
datanode_1  | 2021-05-19 18:26:00,745 [pool-22-thread-1] INFO server.RaftServerConfigKeys: raft.server.log.preallocated.size = 16384 (custom)
recon_1     | 2021-05-19 18:25:00,701 [Listener at 0.0.0.0/9891] WARN recon.ReconUtils: ozone.recon.om.db.dir is not configured. We recommend adding this setting. Falling back to ozone.metadata.dirs instead.
recon_1     | 2021-05-19 18:25:00,702 [Listener at 0.0.0.0/9891] INFO tasks.ReconTaskControllerImpl: Starting Recon Task Controller.
recon_1     | 2021-05-19 18:25:00,709 [Listener at 0.0.0.0/9891] INFO scm.ReconStorageContainerManagerFacade: Recon ScmDatanodeProtocol RPC server is listening at /0.0.0.0:9891
recon_1     | 2021-05-19 18:25:02,821 [Listener at 0.0.0.0/9891] INFO retry.RetryInvocationHandler: com.google.protobuf.ServiceException: java.net.ConnectException: Call From recon/172.18.0.10 to scm:9860 failed on connection exception: java.net.ConnectException: Connection refused; For more details see:  http://wiki.apache.org/hadoop/ConnectionRefused, while invoking $Proxy42.submitRequest over nodeId=scmNodeId,nodeAddress=scm/172.18.0.5:9860 after 1 failover attempts. Trying to failover after sleeping for 2000ms.
recon_1     | 2021-05-19 18:25:08,032 [Listener at 0.0.0.0/9891] INFO scm.ReconStorageContainerManagerFacade: Obtained 0 pipelines from SCM.
datanode_1  | 2021-05-19 18:26:00,745 [pool-22-thread-1] INFO server.RaftServerConfigKeys: raft.server.log.force.sync.num = 128 (default)
datanode_1  | 2021-05-19 18:26:00,745 [pool-22-thread-1] INFO server.RaftServerConfigKeys: raft.server.log.statemachine.data.sync = true (default)
recon_1     | 2021-05-19 18:25:08,051 [Listener at 0.0.0.0/9891] INFO scm.ReconPipelineManager: Recon has 0 pipelines in house.
recon_1     | 2021-05-19 18:25:08,052 [Listener at 0.0.0.0/9891] INFO server.SCMDatanodeProtocolServer: RPC server for DataNodes is listening at /0.0.0.0:9891
scm_1       | /************************************************************
scm_1       | STARTUP_MSG: Starting StorageContainerManager
datanode_3  | 2021-05-19 18:28:28,521 [java.util.concurrent.ThreadPoolExecutor$Worker@16acdb2c[State = -1, empty queue]] WARN server.GrpcLogAppender: 13f1328e-7b48-4bc0-8e56-8be672b65a62@group-C50B2AD58ACB->5e3ec4ee-e0a9-4d1f-9d9f-99127cd22d6e-GrpcLogAppender:  appendEntries Timeout, request=AppendEntriesRequest:cid=6105,entriesCount=1,lastEntry=(t:1, i:94)
datanode_3  | 2021-05-19 18:28:31,090 [java.util.concurrent.ThreadPoolExecutor$Worker@16acdb2c[State = -1, empty queue]] WARN server.GrpcLogAppender: 13f1328e-7b48-4bc0-8e56-8be672b65a62@group-C50B2AD58ACB->5e3ec4ee-e0a9-4d1f-9d9f-99127cd22d6e-GrpcLogAppender:  appendEntries Timeout, request=AppendEntriesRequest:cid=6355,entriesCount=1,lastEntry=(t:1, i:95)
datanode_3  | 2021-05-19 18:28:31,105 [java.util.concurrent.ThreadPoolExecutor$Worker@16acdb2c[State = -1, empty queue]] WARN server.GrpcLogAppender: 13f1328e-7b48-4bc0-8e56-8be672b65a62@group-C50B2AD58ACB->5e3ec4ee-e0a9-4d1f-9d9f-99127cd22d6e-GrpcLogAppender:  appendEntries Timeout, request=AppendEntriesRequest:cid=6356,entriesCount=1,lastEntry=(t:1, i:96)
recon_1     | 2021-05-19 18:25:08,062 [IPC Server Responder] INFO ipc.Server: IPC Server Responder: starting
om_1        | 2021-05-19 18:25:41,604 [Listener at om/9862] INFO impl.MetricsConfig: Loaded properties from hadoop-metrics2.properties
om_1        | 2021-05-19 18:25:41,665 [Listener at om/9862] INFO impl.MetricsSystemImpl: Scheduled Metric snapshot period at 10 second(s).
scm_1       | STARTUP_MSG:   host = scm/172.18.0.5
datanode_3  | 2021-05-19 18:28:31,114 [java.util.concurrent.ThreadPoolExecutor$Worker@16acdb2c[State = -1, empty queue]] WARN server.GrpcLogAppender: 13f1328e-7b48-4bc0-8e56-8be672b65a62@group-C50B2AD58ACB->5e3ec4ee-e0a9-4d1f-9d9f-99127cd22d6e-GrpcLogAppender:  appendEntries Timeout, request=AppendEntriesRequest:cid=6359,entriesCount=1,lastEntry=(t:1, i:97)
datanode_1  | 2021-05-19 18:26:00,745 [pool-22-thread-1] INFO server.RaftServerConfigKeys: raft.server.log.statemachine.data.sync.timeout = 10s (default)
datanode_1  | 2021-05-19 18:26:00,745 [pool-22-thread-1] INFO server.RaftServerConfigKeys: raft.server.log.statemachine.data.sync.timeout.retry = -1 (default)
om_1        | 2021-05-19 18:25:41,665 [Listener at om/9862] INFO impl.MetricsSystemImpl: OzoneManager metrics system started
om_1        | 2021-05-19 18:25:41,785 [Listener at om/9862] INFO om.OzoneManager: OzoneManager RPC server is listening at om/172.18.0.4:9862
scm_1       | STARTUP_MSG:   args = [--init]
datanode_3  | 2021-05-19 18:28:31,121 [java.util.concurrent.ThreadPoolExecutor$Worker@16acdb2c[State = -1, empty queue]] WARN server.GrpcLogAppender: 13f1328e-7b48-4bc0-8e56-8be672b65a62@group-C50B2AD58ACB->5e3ec4ee-e0a9-4d1f-9d9f-99127cd22d6e-GrpcLogAppender:  appendEntries Timeout, request=AppendEntriesRequest:cid=6361,entriesCount=1,lastEntry=(t:1, i:98)
datanode_3  | 2021-05-19 18:28:33,736 [java.util.concurrent.ThreadPoolExecutor$Worker@16acdb2c[State = -1, empty queue]] WARN server.GrpcLogAppender: 13f1328e-7b48-4bc0-8e56-8be672b65a62@group-C50B2AD58ACB->5e3ec4ee-e0a9-4d1f-9d9f-99127cd22d6e-GrpcLogAppender:  appendEntries Timeout, request=AppendEntriesRequest:cid=6611,entriesCount=1,lastEntry=(t:1, i:99)
datanode_1  | 2021-05-19 18:26:00,746 [pool-22-thread-1] INFO server.RaftServerConfigKeys: raft.server.log.write.buffer.size = 1048576 (custom)
datanode_1  | 2021-05-19 18:26:00,751 [pool-22-thread-1] INFO server.RaftServerConfigKeys: raft.server.log.statemachine.data.caching.enabled = true (custom)
datanode_1  | 2021-05-19 18:26:00,754 [pool-22-thread-1] INFO segmented.SegmentedRaftLogWorker: 5e3ec4ee-e0a9-4d1f-9d9f-99127cd22d6e@group-C50B2AD58ACB-SegmentedRaftLogWorker: flushIndex: setUnconditionally 0 -> -1
datanode_1  | 2021-05-19 18:26:00,754 [pool-22-thread-1] INFO segmented.SegmentedRaftLogWorker: 5e3ec4ee-e0a9-4d1f-9d9f-99127cd22d6e@group-C50B2AD58ACB-SegmentedRaftLogWorker: safeCacheEvictIndex: setUnconditionally 0 -> -1
scm_1       | STARTUP_MSG:   version = 1.2.0-SNAPSHOT
recon_1     | 2021-05-19 18:25:08,327 [IPC Server listener on 9891] INFO ipc.Server: IPC Server listener on 9891: starting
kdc_1       | May 19 18:24:16 kdc kadmind[25](Notice): Request: kadm5_get_principal, HTTP/s3g@EXAMPLE.COM, success, client=admin/admin@EXAMPLE.COM, service=kadmin/admin@EXAMPLE.COM, addr=127.0.0.1
kdc_1       | May 19 18:24:16 kdc kadmind[25](info): closing down fd 18
om_1        | 2021-05-19 18:25:41,785 [Listener at om/9862] INFO ratis.OzoneManagerRatisServer: Starting OzoneManagerRatisServer om1 at port 9872
datanode_3  | 2021-05-19 18:28:33,740 [java.util.concurrent.ThreadPoolExecutor$Worker@16acdb2c[State = -1, empty queue]] WARN server.GrpcLogAppender: 13f1328e-7b48-4bc0-8e56-8be672b65a62@group-C50B2AD58ACB->5e3ec4ee-e0a9-4d1f-9d9f-99127cd22d6e-GrpcLogAppender:  appendEntries Timeout, request=AppendEntriesRequest:cid=6612,entriesCount=1,lastEntry=(t:1, i:100)
