scm_1       | 2020-11-23 13:07:32,387 [RatisPipelineUtilsThread] INFO pipeline.RatisPipelineProvider: Sending CreatePipelineCommand for pipeline:PipelineID=a2c74e9d-caf3-415f-a56e-983b43c918df to datanode:78fd7d7a-5112-4465-8c39-b43fda927378
nm_1        | 2020-11-23 13:10:21 INFO  DefaultContainerExecutor:634 - Deleting absolute path : /tmp/hadoop-hadoop/nm-local-dir/usercache/hadoop/appcache/application_1606136839972_0002/container_1606136839972_0002_01_000004/container_tokens
rm_1        | 2020-11-23 13:07:20 INFO  AsyncDispatcher:245 - Registering class org.apache.hadoop.yarn.nodelabels.event.NodeLabelsStoreEventType for class org.apache.hadoop.yarn.nodelabels.CommonNodeLabelsManager$ForwardingEventHandler
scm_1       | 2020-11-23 13:07:32,389 [RatisPipelineUtilsThread] INFO pipeline.PipelineStateManager: Created pipeline Pipeline[ Id: a2c74e9d-caf3-415f-a56e-983b43c918df, Nodes: 78fd7d7a-5112-4465-8c39-b43fda927378{ip: 172.22.0.8, host: hadoop32_datanode_3.hadoop32_default, networkLocation: /default-rack, certSerialId: null}, Type:RATIS, Factor:ONE, State:ALLOCATED, leaderId:, CreationTimestamp2020-11-23T13:07:32.387748Z]
nm_1        | 2020-11-23 13:10:21 INFO  DefaultContainerExecutor:634 - Deleting absolute path : /tmp/hadoop-hadoop/nm-local-dir/usercache/hadoop/appcache/application_1606136839972_0002/container_1606136839972_0002_01_000004/sysfs
rm_1        | 2020-11-23 13:07:20 INFO  RMDelegationTokenSecretManager:92 - storing master key with keyID 2
scm_1       | 2020-11-23 13:07:32,498 [IPC Server handler 10 on default port 9861] INFO net.NetworkTopologyImpl: Added a new node: /default-rack/2d5d2bdb-8c02-44c2-ab23-8c92a459c2fc
nm_1        | 2020-11-23 13:10:21 WARN  DefaultContainerExecutor:637 - delete returned false for path: [/tmp/hadoop-hadoop/nm-local-dir/usercache/hadoop/appcache/application_1606136839972_0002/container_1606136839972_0002_01_000004/sysfs]
rm_1        | 2020-11-23 13:07:20 INFO  RMStateStore:501 - Storing RMDTMasterKey.
scm_1       | 2020-11-23 13:07:32,499 [IPC Server handler 10 on default port 9861] INFO node.SCMNodeManager: Registered Data node : 2d5d2bdb-8c02-44c2-ab23-8c92a459c2fc{ip: 172.22.0.4, host: hadoop32_datanode_2.hadoop32_default, networkLocation: /default-rack, certSerialId: null}
nm_1        | 2020-11-23 13:10:21 INFO  Server:2008 - Auth successful for appattempt_1606136839972_0002_000001 (auth:SIMPLE)
rm_1        | 2020-11-23 13:07:21 INFO  AbstractFSNodeStore:67 - Created store directory :file:/tmp/hadoop-yarn-hadoop/node-attribute
scm_1       | 2020-11-23 13:07:32,500 [EventQueue-PipelineReportForOneReplicaPipelineSafeModeRule] INFO safemode.SCMSafeModeManager: AtleastOneDatanodeReportedRule rule is successfully validated
nm_1        | 2020-11-23 13:10:21 INFO  ContainerManagerImpl:1087 - Start request for container_1606136839972_0002_01_000005 by user hadoop
rm_1        | 2020-11-23 13:07:21 INFO  AbstractFSNodeStore:181 - Finished write mirror at:file:/tmp/hadoop-yarn-hadoop/node-attribute/nodeattribute.mirror
scm_1       | 2020-11-23 13:07:32,500 [EventQueue-NodeRegistrationContainerReportForContainerSafeModeRule] INFO safemode.SCMSafeModeManager: ContainerSafeModeRule rule is successfully validated
scm_1       | 2020-11-23 13:07:32,500 [EventQueue-NodeRegistrationContainerReportForDataNodeSafeModeRule] INFO safemode.SCMSafeModeManager: SCM in safe mode. 3 DataNodes registered, 3 required.
scm_1       | 2020-11-23 13:07:32,501 [EventQueue-NodeRegistrationContainerReportForDataNodeSafeModeRule] INFO safemode.SCMSafeModeManager: DataNodeSafeModeRule rule is successfully validated
rm_1        | 2020-11-23 13:07:21 INFO  AbstractFSNodeStore:182 - Finished create editlog file at:file:/tmp/hadoop-yarn-hadoop/node-attribute/nodeattribute.editlog
scm_1       | 2020-11-23 13:07:32,501 [EventQueue-NodeRegistrationContainerReportForDataNodeSafeModeRule] INFO safemode.SCMSafeModeManager: All SCM safe mode pre check rules have passed
nm_1        | 2020-11-23 13:10:21 INFO  ApplicationImpl:463 - Adding container_1606136839972_0002_01_000005 to application application_1606136839972_0002
rm_1        | 2020-11-23 13:07:21 INFO  AsyncDispatcher:245 - Registering class org.apache.hadoop.yarn.server.resourcemanager.nodelabels.NodeAttributesStoreEventType for class org.apache.hadoop.yarn.server.resourcemanager.nodelabels.NodeAttributesManagerImpl$ForwardingEventHandler
scm_1       | 2020-11-23 13:07:32,512 [RatisPipelineUtilsThread] INFO pipeline.RatisPipelineProvider: Sending CreatePipelineCommand for pipeline:PipelineID=eff6a774-f6f5-4c75-b174-5d947f7ae359 to datanode:2d5d2bdb-8c02-44c2-ab23-8c92a459c2fc
nm_1        | 2020-11-23 13:10:21 INFO  ContainerImpl:2134 - Container container_1606136839972_0002_01_000005 transitioned from NEW to LOCALIZING
rm_1        | 2020-11-23 13:07:21 INFO  MultiNodeSortingManager:66 - Starting NodeSortingService=MultiNodeSortingManager
scm_1       | 2020-11-23 13:07:32,513 [RatisPipelineUtilsThread] INFO pipeline.PipelineStateManager: Created pipeline Pipeline[ Id: eff6a774-f6f5-4c75-b174-5d947f7ae359, Nodes: 2d5d2bdb-8c02-44c2-ab23-8c92a459c2fc{ip: 172.22.0.4, host: hadoop32_datanode_2.hadoop32_default, networkLocation: /default-rack, certSerialId: null}, Type:RATIS, Factor:ONE, State:ALLOCATED, leaderId:, CreationTimestamp2020-11-23T13:07:32.512162Z]
rm_1        | 2020-11-23 13:07:21 INFO  CallQueueManager:84 - Using callQueue: class java.util.concurrent.LinkedBlockingQueue, queueCapacity: 5000, scheduler: class org.apache.hadoop.ipc.DefaultRpcScheduler, ipcBackoff: false.
nm_1        | 2020-11-23 13:10:21 INFO  AuxServices:350 - Got event CONTAINER_INIT for appId application_1606136839972_0002
scm_1       | 2020-11-23 13:07:32,520 [RatisPipelineUtilsThread] INFO pipeline.RatisPipelineProvider: Sending CreatePipelineCommand for pipeline:PipelineID=ab711415-7cd4-43c9-8b62-b59efa777746 to datanode:2d5d2bdb-8c02-44c2-ab23-8c92a459c2fc
rm_1        | 2020-11-23 13:07:21 INFO  Server:1219 - Starting Socket Reader #1 for port 8031
nm_1        | 2020-11-23 13:10:21 INFO  AuxServices:350 - Got event APPLICATION_INIT for appId application_1606136839972_0002
scm_1       | 2020-11-23 13:07:32,520 [RatisPipelineUtilsThread] INFO pipeline.RatisPipelineProvider: Sending CreatePipelineCommand for pipeline:PipelineID=ab711415-7cd4-43c9-8b62-b59efa777746 to datanode:75fd5810-88e9-44ae-b2b6-833f516d2089
rm_1        | 2020-11-23 13:07:21 INFO  RpcServerFactoryPBImpl:173 - Adding protocol org.apache.hadoop.yarn.server.api.ResourceTrackerPB to the server
nm_1        | 2020-11-23 13:10:21 INFO  AuxServices:354 - Got APPLICATION_INIT for service mapreduce_shuffle
scm_1       | 2020-11-23 13:07:32,520 [RatisPipelineUtilsThread] INFO pipeline.RatisPipelineProvider: Sending CreatePipelineCommand for pipeline:PipelineID=ab711415-7cd4-43c9-8b62-b59efa777746 to datanode:78fd7d7a-5112-4465-8c39-b43fda927378
rm_1        | 2020-11-23 13:07:21 INFO  Server:1460 - IPC Server Responder: starting
nm_1        | 2020-11-23 13:10:21 INFO  ShuffleHandler:719 - Added token for job_1606136839972_0002
scm_1       | 2020-11-23 13:07:32,523 [RatisPipelineUtilsThread] INFO pipeline.PipelineStateManager: Created pipeline Pipeline[ Id: ab711415-7cd4-43c9-8b62-b59efa777746, Nodes: 2d5d2bdb-8c02-44c2-ab23-8c92a459c2fc{ip: 172.22.0.4, host: hadoop32_datanode_2.hadoop32_default, networkLocation: /default-rack, certSerialId: null}75fd5810-88e9-44ae-b2b6-833f516d2089{ip: 172.22.0.6, host: hadoop32_datanode_1.hadoop32_default, networkLocation: /default-rack, certSerialId: null}78fd7d7a-5112-4465-8c39-b43fda927378{ip: 172.22.0.8, host: hadoop32_datanode_3.hadoop32_default, networkLocation: /default-rack, certSerialId: null}, Type:RATIS, Factor:THREE, State:ALLOCATED, leaderId:, CreationTimestamp2020-11-23T13:07:32.520366Z]
rm_1        | 2020-11-23 13:07:21 INFO  Server:1298 - IPC Server listener on 8031: starting
nm_1        | 2020-11-23 13:10:21 INFO  ContainerImpl:2134 - Container container_1606136839972_0002_01_000005 transitioned from LOCALIZING to SCHEDULED
scm_1       | 2020-11-23 13:07:34,047 [EventQueue-PipelineReportForOneReplicaPipelineSafeModeRule] INFO safemode.SCMSafeModeManager: AtleastOneDatanodeReportedRule rule is successfully validated
rm_1        | 2020-11-23 13:07:22 INFO  JvmPauseMonitor:188 - Starting JVM pause monitor
nm_1        | 2020-11-23 13:10:21 INFO  ContainerScheduler:542 - Starting container [container_1606136839972_0002_01_000005]
scm_1       | 2020-11-23 13:07:34,049 [EventQueue-PipelineReportForPipelineReportHandler] INFO pipeline.PipelineStateManager: Pipeline Pipeline[ Id: 8c57a815-bd95-4b86-95bb-9abe625e02cd, Nodes: 75fd5810-88e9-44ae-b2b6-833f516d2089{ip: 172.22.0.6, host: hadoop32_datanode_1.hadoop32_default, networkLocation: /default-rack, certSerialId: null}, Type:RATIS, Factor:ONE, State:ALLOCATED, leaderId:75fd5810-88e9-44ae-b2b6-833f516d2089, CreationTimestamp2020-11-23T13:07:31.054011Z] moved to OPEN state
rm_1        | 2020-11-23 13:07:22 INFO  CallQueueManager:84 - Using callQueue: class java.util.concurrent.LinkedBlockingQueue, queueCapacity: 5000, scheduler: class org.apache.hadoop.ipc.DefaultRpcScheduler, ipcBackoff: false.
nm_1        | 2020-11-23 13:10:21 INFO  NMAuditLogger:94 - USER=hadoop	IP=172.22.0.9	OPERATION=Start Container Request	TARGET=ContainerManageImpl	RESULT=SUCCESS	APPID=application_1606136839972_0002	CONTAINERID=container_1606136839972_0002_01_000005
scm_1       | 2020-11-23 13:07:34,076 [EventQueue-OpenPipelineForHealthyPipelineSafeModeRule] INFO safemode.SCMSafeModeManager: SCM in safe mode. Healthy pipelines reported count is 0, required healthy pipeline reported count is 1
rm_1        | 2020-11-23 13:07:22 INFO  Server:1219 - Starting Socket Reader #1 for port 8030
nm_1        | 2020-11-23 13:10:21 INFO  ContainerImpl:2134 - Container container_1606136839972_0002_01_000005 transitioned from SCHEDULED to RUNNING
scm_1       | 2020-11-23 13:07:34,328 [EventQueue-PipelineReportForOneReplicaPipelineSafeModeRule] INFO safemode.SCMSafeModeManager: AtleastOneDatanodeReportedRule rule is successfully validated
rm_1        | 2020-11-23 13:07:22 INFO  RpcServerFactoryPBImpl:173 - Adding protocol org.apache.hadoop.yarn.api.ApplicationMasterProtocolPB to the server
nm_1        | 2020-11-23 13:10:21 INFO  ContainersMonitorImpl:1014 - Starting resource-monitoring for container_1606136839972_0002_01_000005
scm_1       | 2020-11-23 13:07:34,328 [EventQueue-OpenPipelineForHealthyPipelineSafeModeRule] INFO safemode.SCMSafeModeManager: SCM in safe mode. Healthy pipelines reported count is 0, required healthy pipeline reported count is 1
rm_1        | 2020-11-23 13:07:22 INFO  Server:1460 - IPC Server Responder: starting
nm_1        | 2020-11-23 13:10:21 INFO  DefaultContainerExecutor:370 - launchContainer: [bash, /tmp/hadoop-hadoop/nm-local-dir/usercache/hadoop/appcache/application_1606136839972_0002/container_1606136839972_0002_01_000005/default_container_executor.sh]
rm_1        | 2020-11-23 13:07:22 INFO  Server:1298 - IPC Server listener on 8030: starting
nm_1        | 2020-11-23 13:10:23 INFO  ContainersMonitorImpl:614 - container_1606136839972_0002_01_000005's ip = 172.22.0.9, and hostname = nm
scm_1       | 2020-11-23 13:07:36,303 [EventQueue-PipelineReportForOneReplicaPipelineSafeModeRule] INFO safemode.SCMSafeModeManager: AtleastOneDatanodeReportedRule rule is successfully validated
rm_1        | 2020-11-23 13:07:22 INFO  CallQueueManager:84 - Using callQueue: class java.util.concurrent.LinkedBlockingQueue, queueCapacity: 5000, scheduler: class org.apache.hadoop.ipc.DefaultRpcScheduler, ipcBackoff: false.
nm_1        | 2020-11-23 13:10:23 INFO  ContainersMonitorImpl:515 - Skipping monitoring container container_1606136839972_0002_01_000005 since CPU usage is not yet available.
scm_1       | 2020-11-23 13:07:36,305 [EventQueue-PipelineReportForPipelineReportHandler] INFO pipeline.PipelineStateManager: Pipeline Pipeline[ Id: a2c74e9d-caf3-415f-a56e-983b43c918df, Nodes: 78fd7d7a-5112-4465-8c39-b43fda927378{ip: 172.22.0.8, host: hadoop32_datanode_3.hadoop32_default, networkLocation: /default-rack, certSerialId: null}, Type:RATIS, Factor:ONE, State:ALLOCATED, leaderId:78fd7d7a-5112-4465-8c39-b43fda927378, CreationTimestamp2020-11-23T13:07:32.387748Z] moved to OPEN state
rm_1        | 2020-11-23 13:07:22 INFO  Server:1219 - Starting Socket Reader #1 for port 8032
nm_1        | 2020-11-23 13:10:23 INFO  NodeStatusUpdaterImpl:721 - Removed completed containers from NM context: [container_1606136839972_0002_01_000004]
scm_1       | 2020-11-23 13:07:36,307 [EventQueue-OpenPipelineForHealthyPipelineSafeModeRule] INFO safemode.SCMSafeModeManager: SCM in safe mode. Healthy pipelines reported count is 0, required healthy pipeline reported count is 1
rm_1        | 2020-11-23 13:07:22 INFO  RpcServerFactoryPBImpl:173 - Adding protocol org.apache.hadoop.yarn.api.ApplicationClientProtocolPB to the server
scm_1       | 2020-11-23 13:07:36,419 [EventQueue-PipelineReportForOneReplicaPipelineSafeModeRule] INFO safemode.SCMSafeModeManager: AtleastOneDatanodeReportedRule rule is successfully validated
rm_1        | 2020-11-23 13:07:22 INFO  Server:1460 - IPC Server Responder: starting
nm_1        | 2020-11-23 13:10:27 INFO  ContainerLaunch:596 - Container container_1606136839972_0002_01_000005 succeeded 
scm_1       | 2020-11-23 13:07:36,420 [EventQueue-OpenPipelineForHealthyPipelineSafeModeRule] INFO safemode.SCMSafeModeManager: SCM in safe mode. Healthy pipelines reported count is 0, required healthy pipeline reported count is 1
rm_1        | 2020-11-23 13:07:22 INFO  Server:1298 - IPC Server listener on 8032: starting
nm_1        | 2020-11-23 13:10:27 INFO  ContainerImpl:2134 - Container container_1606136839972_0002_01_000005 transitioned from RUNNING to EXITED_WITH_SUCCESS
rm_1        | 2020-11-23 13:07:22 INFO  ResourceManager:1313 - Transitioned to active state
rm_1        | 2020-11-23 13:07:27 INFO  ResourceTrackerService:522 - NodeManager from node nm(cmPort: 35363 httpPort: 8042) registered with capability: <memory:8192, vCores:8>, assigned nodeId nm:35363
rm_1        | 2020-11-23 13:07:27 INFO  RMNodeImpl:677 - nm:35363 Node Transitioned from NEW to RUNNING
rm_1        | 2020-11-23 13:07:27 INFO  CapacityScheduler:2004 - Added node nm:35363 clusterResource: <memory:8192, vCores:8>
scm_1       | 2020-11-23 13:07:36,709 [EventQueue-PipelineReportForOneReplicaPipelineSafeModeRule] INFO safemode.SCMSafeModeManager: AtleastOneDatanodeReportedRule rule is successfully validated
scm_1       | 2020-11-23 13:07:36,710 [EventQueue-PipelineReportForPipelineReportHandler] INFO pipeline.PipelineStateManager: Pipeline Pipeline[ Id: eff6a774-f6f5-4c75-b174-5d947f7ae359, Nodes: 2d5d2bdb-8c02-44c2-ab23-8c92a459c2fc{ip: 172.22.0.4, host: hadoop32_datanode_2.hadoop32_default, networkLocation: /default-rack, certSerialId: null}, Type:RATIS, Factor:ONE, State:ALLOCATED, leaderId:2d5d2bdb-8c02-44c2-ab23-8c92a459c2fc, CreationTimestamp2020-11-23T13:07:32.512162Z] moved to OPEN state
scm_1       | 2020-11-23 13:07:36,710 [EventQueue-OpenPipelineForHealthyPipelineSafeModeRule] INFO safemode.SCMSafeModeManager: SCM in safe mode. Healthy pipelines reported count is 0, required healthy pipeline reported count is 1
scm_1       | 2020-11-23 13:07:36,830 [EventQueue-PipelineReportForOneReplicaPipelineSafeModeRule] INFO safemode.SCMSafeModeManager: AtleastOneDatanodeReportedRule rule is successfully validated
scm_1       | 2020-11-23 13:07:36,831 [EventQueue-OpenPipelineForHealthyPipelineSafeModeRule] INFO safemode.SCMSafeModeManager: SCM in safe mode. Healthy pipelines reported count is 0, required healthy pipeline reported count is 1
scm_1       | 2020-11-23 13:07:39,387 [EventQueue-PipelineReportForOneReplicaPipelineSafeModeRule] INFO safemode.SCMSafeModeManager: AtleastOneDatanodeReportedRule rule is successfully validated
scm_1       | 2020-11-23 13:07:39,387 [EventQueue-OpenPipelineForHealthyPipelineSafeModeRule] INFO safemode.SCMSafeModeManager: SCM in safe mode. Healthy pipelines reported count is 0, required healthy pipeline reported count is 1
scm_1       | 2020-11-23 13:07:39,766 [EventQueue-PipelineReportForOneReplicaPipelineSafeModeRule] INFO safemode.SCMSafeModeManager: AtleastOneDatanodeReportedRule rule is successfully validated
scm_1       | 2020-11-23 13:07:39,770 [EventQueue-PipelineReportForPipelineReportHandler] INFO pipeline.PipelineStateManager: Pipeline Pipeline[ Id: ab711415-7cd4-43c9-8b62-b59efa777746, Nodes: 2d5d2bdb-8c02-44c2-ab23-8c92a459c2fc{ip: 172.22.0.4, host: hadoop32_datanode_2.hadoop32_default, networkLocation: /default-rack, certSerialId: null}75fd5810-88e9-44ae-b2b6-833f516d2089{ip: 172.22.0.6, host: hadoop32_datanode_1.hadoop32_default, networkLocation: /default-rack, certSerialId: null}78fd7d7a-5112-4465-8c39-b43fda927378{ip: 172.22.0.8, host: hadoop32_datanode_3.hadoop32_default, networkLocation: /default-rack, certSerialId: null}, Type:RATIS, Factor:THREE, State:ALLOCATED, leaderId:75fd5810-88e9-44ae-b2b6-833f516d2089, CreationTimestamp2020-11-23T13:07:32.520366Z] moved to OPEN state
scm_1       | 2020-11-23 13:07:39,780 [EventQueue-OpenPipelineForHealthyPipelineSafeModeRule] INFO safemode.SCMSafeModeManager: SCM in safe mode. Healthy pipelines reported count is 1, required healthy pipeline reported count is 1
scm_1       | 2020-11-23 13:07:39,782 [EventQueue-OpenPipelineForHealthyPipelineSafeModeRule] INFO safemode.SCMSafeModeManager: HealthyPipelineSafeModeRule rule is successfully validated
nm_1        | 2020-11-23 13:10:27 INFO  NMAuditLogger:94 - USER=hadoop	OPERATION=Container Finished - Succeeded	TARGET=ContainerImpl	RESULT=SUCCESS	APPID=application_1606136839972_0002	CONTAINERID=container_1606136839972_0002_01_000005
scm_1       | 2020-11-23 13:07:39,785 [EventQueue-OpenPipelineForHealthyPipelineSafeModeRule] INFO safemode.SCMSafeModeManager: ScmSafeModeManager, all rules are successfully validated
rm_1        | 2020-11-23 13:09:01 INFO  ClientRMService:379 - Allocated new applicationId: 1
nm_1        | 2020-11-23 13:10:27 INFO  ContainerCleanup:87 - Cleaning up container container_1606136839972_0002_01_000005
scm_1       | 2020-11-23 13:07:39,785 [EventQueue-OpenPipelineForHealthyPipelineSafeModeRule] INFO safemode.SCMSafeModeManager: SCM exiting safe mode.
rm_1        | 2020-11-23 13:09:05 INFO  CapacityScheduler:2642 - Application 'application_1606136839972_0001' is submitted without priority hence considering default queue/cluster priority: 0
nm_1        | 2020-11-23 13:10:27 INFO  ContainerImpl:2134 - Container container_1606136839972_0002_01_000005 transitioned from EXITED_WITH_SUCCESS to DONE
scm_1       | 2020-11-23 13:09:48,675 [IPC Server handler 74 on default port 9863] INFO block.BlockManagerImpl: Deleting blocks conID: 1 locID: 105259790599979015 bcsId: 0
rm_1        | 2020-11-23 13:09:05 INFO  CapacityScheduler:2663 - Priority '0' is acceptable in queue : default for application: application_1606136839972_0001
nm_1        | 2020-11-23 13:10:27 INFO  ApplicationImpl:512 - Removing container_1606136839972_0002_01_000005 from application application_1606136839972_0002
scm_1       | 2020-11-23 13:09:48,679 [IPC Server handler 74 on default port 9863] INFO block.BlockManagerImpl: Deleting blocks conID: 1 locID: 105259790784004104 bcsId: 0
rm_1        | 2020-11-23 13:09:05 INFO  ClientRMService:693 - Application with id 1 submitted by user hadoop
nm_1        | 2020-11-23 13:10:27 INFO  ContainersMonitorImpl:1005 - Stopping resource-monitoring for container_1606136839972_0002_01_000005
nm_1        | 2020-11-23 13:10:27 INFO  AuxServices:350 - Got event CONTAINER_STOP for appId application_1606136839972_0002
scm_1       | 2020-11-23 13:09:48,680 [IPC Server handler 74 on default port 9863] INFO block.BlockManagerImpl: Deleting blocks conID: 1 locID: 105259790797176841 bcsId: 0
nm_1        | 2020-11-23 13:10:27 INFO  DefaultContainerExecutor:634 - Deleting absolute path : /tmp/hadoop-hadoop/nm-local-dir/usercache/hadoop/appcache/application_1606136839972_0002/container_1606136839972_0002_01_000005/launch_container.sh
scm_1       | 2020-11-23 13:09:48,680 [IPC Server handler 74 on default port 9863] INFO block.BlockManagerImpl: Deleting blocks conID: 1 locID: 105259790810677258 bcsId: 0
rm_1        | 2020-11-23 13:09:05 INFO  RMAppImpl:1258 - Storing application with id application_1606136839972_0001
nm_1        | 2020-11-23 13:10:27 INFO  DefaultContainerExecutor:634 - Deleting absolute path : /tmp/hadoop-hadoop/nm-local-dir/usercache/hadoop/appcache/application_1606136839972_0002/container_1606136839972_0002_01_000005/container_tokens
scm_1       | 2020-11-23 13:09:48,680 [IPC Server handler 74 on default port 9863] INFO block.BlockManagerImpl: Deleting blocks conID: 1 locID: 105259790278131716 bcsId: 0
rm_1        | 2020-11-23 13:09:05 INFO  RMAuditLogger:310 - USER=hadoop	IP=172.22.0.5	OPERATION=Submit Application Request	TARGET=ClientRMService	RESULT=SUCCESS	APPID=application_1606136839972_0001	CALLERCONTEXT=CLI	QUEUENAME=default
nm_1        | 2020-11-23 13:10:27 INFO  DefaultContainerExecutor:634 - Deleting absolute path : /tmp/hadoop-hadoop/nm-local-dir/usercache/hadoop/appcache/application_1606136839972_0002/container_1606136839972_0002_01_000005/sysfs
scm_1       | 2020-11-23 13:09:48,680 [IPC Server handler 74 on default port 9863] INFO block.BlockManagerImpl: Deleting blocks conID: 1 locID: 105259790378729477 bcsId: 0
rm_1        | 2020-11-23 13:09:05 INFO  RMStateStore:223 - Storing info for app: application_1606136839972_0001
nm_1        | 2020-11-23 13:10:27 WARN  DefaultContainerExecutor:637 - delete returned false for path: [/tmp/hadoop-hadoop/nm-local-dir/usercache/hadoop/appcache/application_1606136839972_0002/container_1606136839972_0002_01_000005/sysfs]
scm_1       | 2020-11-23 13:09:48,680 [IPC Server handler 74 on default port 9863] INFO block.BlockManagerImpl: Deleting blocks conID: 1 locID: 105259790387576838 bcsId: 0
rm_1        | 2020-11-23 13:09:05 INFO  RMAppImpl:893 - application_1606136839972_0001 State change from NEW to NEW_SAVING on event = START
nm_1        | 2020-11-23 13:10:27 INFO  Server:2008 - Auth successful for appattempt_1606136839972_0002_000001 (auth:SIMPLE)
scm_1       | 2020-11-23 13:09:48,680 [IPC Server handler 74 on default port 9863] INFO block.BlockManagerImpl: Deleting blocks conID: 1 locID: 105259793177903117 bcsId: 0
rm_1        | 2020-11-23 13:09:05 INFO  RMAppImpl:893 - application_1606136839972_0001 State change from NEW_SAVING to SUBMITTED on event = APP_NEW_SAVED
nm_1        | 2020-11-23 13:10:27 INFO  ContainerManagerImpl:1426 - Stopping container with container Id: container_1606136839972_0002_01_000005
scm_1       | 2020-11-23 13:09:48,680 [IPC Server handler 74 on default port 9863] INFO block.BlockManagerImpl: Deleting blocks conID: 1 locID: 105259793199792142 bcsId: 0
scm_1       | 2020-11-23 13:10:48,621 [IPC Server handler 74 on default port 9863] INFO block.BlockManagerImpl: Deleting blocks conID: 1 locID: 105259793850171413 bcsId: 0
rm_1        | 2020-11-23 13:09:05 INFO  ParentQueue:494 - Application added - appId: application_1606136839972_0001 user: hadoop leaf-queue of parent: root #applications: 1
scm_1       | 2020-11-23 13:10:48,622 [IPC Server handler 74 on default port 9863] INFO block.BlockManagerImpl: Deleting blocks conID: 1 locID: 105259793974624278 bcsId: 0
nm_1        | 2020-11-23 13:10:27 INFO  NMAuditLogger:94 - USER=hadoop	IP=172.22.0.9	OPERATION=Stop Container Request	TARGET=ContainerManageImpl	RESULT=SUCCESS	APPID=application_1606136839972_0002	CONTAINERID=container_1606136839972_0002_01_000005
rm_1        | 2020-11-23 13:09:05 INFO  CapacityScheduler:1006 - Accepted application application_1606136839972_0001 from user: hadoop, in queue: default
scm_1       | 2020-11-23 13:10:48,622 [IPC Server handler 74 on default port 9863] INFO block.BlockManagerImpl: Deleting blocks conID: 1 locID: 105259793980915735 bcsId: 0
nm_1        | 2020-11-23 13:10:34 INFO  ContainerLaunch:596 - Container container_1606136839972_0002_01_000001 succeeded 
rm_1        | 2020-11-23 13:09:05 INFO  RMAppImpl:893 - application_1606136839972_0001 State change from SUBMITTED to ACCEPTED on event = APP_ACCEPTED
scm_1       | 2020-11-23 13:10:48,622 [IPC Server handler 74 on default port 9863] INFO block.BlockManagerImpl: Deleting blocks conID: 1 locID: 105259793987600408 bcsId: 0
nm_1        | 2020-11-23 13:10:34 INFO  ContainerImpl:2134 - Container container_1606136839972_0002_01_000001 transitioned from RUNNING to EXITED_WITH_SUCCESS
scm_1       | 2020-11-23 13:11:48,618 [IPC Server handler 74 on default port 9863] INFO block.BlockManagerImpl: Deleting blocks conID: 1 locID: 105259797894987814 bcsId: 0
rm_1        | 2020-11-23 13:09:05 INFO  ApplicationMasterService:479 - Registering app attempt : appattempt_1606136839972_0001_000001
nm_1        | 2020-11-23 13:10:34 INFO  NMAuditLogger:94 - USER=hadoop	OPERATION=Container Finished - Succeeded	TARGET=ContainerImpl	RESULT=SUCCESS	APPID=application_1606136839972_0002	CONTAINERID=container_1606136839972_0002_01_000001
scm_1       | 2020-11-23 13:11:48,619 [IPC Server handler 74 on default port 9863] INFO block.BlockManagerImpl: Deleting blocks conID: 1 locID: 105259797908881447 bcsId: 0
rm_1        | 2020-11-23 13:09:05 INFO  RMAppAttemptImpl:929 - appattempt_1606136839972_0001_000001 State change from NEW to SUBMITTED on event = START
nm_1        | 2020-11-23 13:10:34 INFO  ContainerCleanup:87 - Cleaning up container container_1606136839972_0002_01_000001
rm_1        | 2020-11-23 13:09:05 WARN  LeafQueue:841 - maximum-am-resource-percent is insufficient to start a single application in queue, it is likely set too low. skipping enforcement to allow at least one application to start
scm_1       | 2020-11-23 13:11:48,620 [IPC Server handler 74 on default port 9863] INFO block.BlockManagerImpl: Deleting blocks conID: 1 locID: 105259797914386472 bcsId: 0
nm_1        | 2020-11-23 13:10:34 INFO  ContainerImpl:2134 - Container container_1606136839972_0002_01_000001 transitioned from EXITED_WITH_SUCCESS to DONE
rm_1        | 2020-11-23 13:09:05 WARN  LeafQueue:876 - maximum-am-resource-percent is insufficient to start a single application in queue for user, it is likely set too low. skipping enforcement to allow at least one application to start
scm_1       | 2020-11-23 13:11:48,620 [IPC Server handler 74 on default port 9863] INFO block.BlockManagerImpl: Deleting blocks conID: 1 locID: 105259797922644009 bcsId: 0
nm_1        | 2020-11-23 13:10:34 INFO  ApplicationImpl:512 - Removing container_1606136839972_0002_01_000001 from application application_1606136839972_0002
rm_1        | 2020-11-23 13:09:05 INFO  LeafQueue:905 - Application application_1606136839972_0001 from user: hadoop activated in queue: default
scm_1       | 2020-11-23 13:11:48,620 [IPC Server handler 74 on default port 9863] INFO block.BlockManagerImpl: Deleting blocks conID: 1 locID: 105259798439133226 bcsId: 0
nm_1        | 2020-11-23 13:10:34 INFO  ContainersMonitorImpl:1005 - Stopping resource-monitoring for container_1606136839972_0002_01_000001
rm_1        | 2020-11-23 13:09:05 INFO  LeafQueue:935 - Application added - appId: application_1606136839972_0001 user: hadoop, leaf-queue: default #user-pending-applications: 0 #user-active-applications: 1 #queue-pending-applications: 0 #queue-active-applications: 1
scm_1       | 2020-11-23 13:11:48,620 [IPC Server handler 74 on default port 9863] INFO block.BlockManagerImpl: Deleting blocks conID: 1 locID: 105259798459318315 bcsId: 0
nm_1        | 2020-11-23 13:10:34 INFO  AuxServices:350 - Got event CONTAINER_STOP for appId application_1606136839972_0002
rm_1        | 2020-11-23 13:09:05 INFO  CapacityScheduler:1052 - Added Application Attempt appattempt_1606136839972_0001_000001 to scheduler from user hadoop in queue default
nm_1        | 2020-11-23 13:10:34 INFO  DefaultContainerExecutor:634 - Deleting absolute path : /tmp/hadoop-hadoop/nm-local-dir/usercache/hadoop/appcache/application_1606136839972_0002/container_1606136839972_0002_01_000001/launch_container.sh
rm_1        | 2020-11-23 13:09:05 INFO  RMAppAttemptImpl:929 - appattempt_1606136839972_0001_000001 State change from SUBMITTED to SCHEDULED on event = ATTEMPT_ADDED
rm_1        | 2020-11-23 13:09:06 INFO  AbstractContainerAllocator:129 - assignedContainer application attempt=appattempt_1606136839972_0001_000001 container=null queue=default clusterResource=<memory:8192, vCores:8> type=OFF_SWITCH requestedPartition=
rm_1        | 2020-11-23 13:09:06 INFO  RMContainerImpl:481 - container_1606136839972_0001_01_000001 Container Transitioned from NEW to ALLOCATED
rm_1        | 2020-11-23 13:09:06 INFO  FiCaSchedulerNode:169 - Assigned container container_1606136839972_0001_01_000001 of capacity <memory:2048, vCores:1> on host nm:35363, which has 1 containers, <memory:2048, vCores:1> used and <memory:6144, vCores:7> available after allocation
rm_1        | 2020-11-23 13:09:06 INFO  RMAuditLogger:231 - USER=hadoop	OPERATION=AM Allocated Container	TARGET=SchedulerApp	RESULT=SUCCESS	APPID=application_1606136839972_0001	CONTAINERID=container_1606136839972_0001_01_000001	RESOURCE=<memory:2048, vCores:1>	QUEUENAME=default
rm_1        | 2020-11-23 13:09:06 INFO  NMTokenSecretManagerInRM:200 - Sending NMToken for nodeId : nm:35363 for container : container_1606136839972_0001_01_000001
rm_1        | 2020-11-23 13:09:06 INFO  RMContainerImpl:481 - container_1606136839972_0001_01_000001 Container Transitioned from ALLOCATED to ACQUIRED
rm_1        | 2020-11-23 13:09:06 INFO  ParentQueue:1344 - assignedContainer queue=root usedCapacity=0.25 absoluteUsedCapacity=0.25 used=<memory:2048, vCores:1> cluster=<memory:8192, vCores:8>
rm_1        | 2020-11-23 13:09:06 INFO  CapacityScheduler:3037 - Allocation proposal accepted
rm_1        | 2020-11-23 13:09:06 INFO  NMTokenSecretManagerInRM:146 - Clear node set for appattempt_1606136839972_0001_000001
rm_1        | 2020-11-23 13:09:06 INFO  RMAppAttemptImpl:2232 - Storing attempt: AppId: application_1606136839972_0001 AttemptId: appattempt_1606136839972_0001_000001 MasterContainer: Container: [ContainerId: container_1606136839972_0001_01_000001, AllocationRequestId: -1, Version: 0, NodeId: nm:35363, NodeHttpAddress: nm:8042, Resource: <memory:2048, vCores:1>, Priority: 0, Token: Token { kind: ContainerToken, service: 172.22.0.9:35363 }, ExecutionType: GUARANTEED, ]
rm_1        | 2020-11-23 13:09:06 INFO  RMAppAttemptImpl:929 - appattempt_1606136839972_0001_000001 State change from SCHEDULED to ALLOCATED_SAVING on event = CONTAINER_ALLOCATED
rm_1        | 2020-11-23 13:09:06 INFO  RMAppAttemptImpl:929 - appattempt_1606136839972_0001_000001 State change from ALLOCATED_SAVING to ALLOCATED on event = ATTEMPT_NEW_SAVED
rm_1        | 2020-11-23 13:09:06 INFO  AMLauncher:310 - Launching masterappattempt_1606136839972_0001_000001
rm_1        | 2020-11-23 13:09:06 INFO  AMLauncher:112 - Setting up container Container: [ContainerId: container_1606136839972_0001_01_000001, AllocationRequestId: -1, Version: 0, NodeId: nm:35363, NodeHttpAddress: nm:8042, Resource: <memory:2048, vCores:1>, Priority: 0, Token: Token { kind: ContainerToken, service: 172.22.0.9:35363 }, ExecutionType: GUARANTEED, ] for AM appattempt_1606136839972_0001_000001
rm_1        | 2020-11-23 13:09:06 INFO  AMRMTokenSecretManager:195 - Create AMRMToken for ApplicationAttempt: appattempt_1606136839972_0001_000001
rm_1        | 2020-11-23 13:09:06 INFO  AMRMTokenSecretManager:307 - Creating password for appattempt_1606136839972_0001_000001
rm_1        | 2020-11-23 13:09:07 INFO  AMLauncher:133 - Done launching container Container: [ContainerId: container_1606136839972_0001_01_000001, AllocationRequestId: -1, Version: 0, NodeId: nm:35363, NodeHttpAddress: nm:8042, Resource: <memory:2048, vCores:1>, Priority: 0, Token: Token { kind: ContainerToken, service: 172.22.0.9:35363 }, ExecutionType: GUARANTEED, ] for AM appattempt_1606136839972_0001_000001
rm_1        | 2020-11-23 13:09:07 INFO  RMAppAttemptImpl:929 - appattempt_1606136839972_0001_000001 State change from ALLOCATED to LAUNCHED on event = LAUNCHED
rm_1        | 2020-11-23 13:09:07 INFO  RMAppImpl:1031 - update the launch time for applicationId: application_1606136839972_0001, attemptId: appattempt_1606136839972_0001_000001launchTime: 1606136947612
rm_1        | 2020-11-23 13:09:07 INFO  RMStateStore:261 - Updating info for app: application_1606136839972_0001
rm_1        | 2020-11-23 13:09:07 INFO  RMContainerImpl:481 - container_1606136839972_0001_01_000001 Container Transitioned from ACQUIRED to RUNNING
rm_1        | 2020-11-23 13:09:17 INFO  Server:2008 - Auth successful for appattempt_1606136839972_0001_000001 (auth:SIMPLE)
rm_1        | 2020-11-23 13:09:17 INFO  DefaultAMSProcessor:141 - AM registration appattempt_1606136839972_0001_000001
rm_1        | 2020-11-23 13:09:17 INFO  RMAppAttemptImpl:929 - appattempt_1606136839972_0001_000001 State change from LAUNCHED to RUNNING on event = REGISTERED
rm_1        | 2020-11-23 13:09:17 INFO  RMAppImpl:893 - application_1606136839972_0001 State change from ACCEPTED to RUNNING on event = ATTEMPT_REGISTERED
rm_1        | 2020-11-23 13:09:17 INFO  RMAuditLogger:294 - USER=hadoop	IP=172.22.0.9	OPERATION=Register App Master	TARGET=ApplicationMasterService	RESULT=SUCCESS	APPID=application_1606136839972_0001	APPATTEMPTID=appattempt_1606136839972_0001_000001
rm_1        | 2020-11-23 13:09:19 INFO  AbstractContainerAllocator:129 - assignedContainer application attempt=appattempt_1606136839972_0001_000001 container=null queue=default clusterResource=<memory:8192, vCores:8> type=RACK_LOCAL requestedPartition=
rm_1        | 2020-11-23 13:09:19 INFO  RMContainerImpl:481 - container_1606136839972_0001_01_000002 Container Transitioned from NEW to ALLOCATED
rm_1        | 2020-11-23 13:09:19 INFO  FiCaSchedulerNode:169 - Assigned container container_1606136839972_0001_01_000002 of capacity <memory:4096, vCores:1> on host nm:35363, which has 2 containers, <memory:6144, vCores:2> used and <memory:2048, vCores:6> available after allocation
rm_1        | 2020-11-23 13:09:19 INFO  RMAuditLogger:231 - USER=hadoop	OPERATION=AM Allocated Container	TARGET=SchedulerApp	RESULT=SUCCESS	APPID=application_1606136839972_0001	CONTAINERID=container_1606136839972_0001_01_000002	RESOURCE=<memory:4096, vCores:1>	QUEUENAME=default
rm_1        | 2020-11-23 13:09:19 INFO  ParentQueue:1344 - assignedContainer queue=root usedCapacity=0.75 absoluteUsedCapacity=0.75 used=<memory:6144, vCores:2> cluster=<memory:8192, vCores:8>
rm_1        | 2020-11-23 13:09:19 INFO  CapacityScheduler:3037 - Allocation proposal accepted
rm_1        | 2020-11-23 13:09:20 INFO  NMTokenSecretManagerInRM:200 - Sending NMToken for nodeId : nm:35363 for container : container_1606136839972_0001_01_000002
rm_1        | 2020-11-23 13:09:20 INFO  RMContainerImpl:481 - container_1606136839972_0001_01_000002 Container Transitioned from ALLOCATED to ACQUIRED
rm_1        | 2020-11-23 13:09:21 INFO  RMContainerImpl:481 - container_1606136839972_0001_01_000002 Container Transitioned from ACQUIRED to RUNNING
rm_1        | 2020-11-23 13:09:25 INFO  RMContainerImpl:481 - container_1606136839972_0001_01_000002 Container Transitioned from RUNNING to COMPLETED
rm_1        | 2020-11-23 13:09:25 INFO  RMAuditLogger:231 - USER=hadoop	OPERATION=AM Released Container	TARGET=SchedulerApp	RESULT=SUCCESS	APPID=application_1606136839972_0001	CONTAINERID=container_1606136839972_0001_01_000002	RESOURCE=<memory:4096, vCores:1>	QUEUENAME=default
rm_1        | 2020-11-23 13:09:26 INFO  AbstractContainerAllocator:129 - assignedContainer application attempt=appattempt_1606136839972_0001_000001 container=null queue=default clusterResource=<memory:8192, vCores:8> type=RACK_LOCAL requestedPartition=
rm_1        | 2020-11-23 13:09:26 INFO  RMContainerImpl:481 - container_1606136839972_0001_01_000003 Container Transitioned from NEW to ALLOCATED
rm_1        | 2020-11-23 13:09:26 INFO  FiCaSchedulerNode:169 - Assigned container container_1606136839972_0001_01_000003 of capacity <memory:4096, vCores:1> on host nm:35363, which has 2 containers, <memory:6144, vCores:2> used and <memory:2048, vCores:6> available after allocation
rm_1        | 2020-11-23 13:09:26 INFO  RMAuditLogger:231 - USER=hadoop	OPERATION=AM Allocated Container	TARGET=SchedulerApp	RESULT=SUCCESS	APPID=application_1606136839972_0001	CONTAINERID=container_1606136839972_0001_01_000003	RESOURCE=<memory:4096, vCores:1>	QUEUENAME=default
rm_1        | 2020-11-23 13:09:26 INFO  ParentQueue:1344 - assignedContainer queue=root usedCapacity=0.75 absoluteUsedCapacity=0.75 used=<memory:6144, vCores:2> cluster=<memory:8192, vCores:8>
rm_1        | 2020-11-23 13:09:26 INFO  CapacityScheduler:3037 - Allocation proposal accepted
rm_1        | 2020-11-23 13:09:26 INFO  RMContainerImpl:481 - container_1606136839972_0001_01_000003 Container Transitioned from ALLOCATED to ACQUIRED
rm_1        | 2020-11-23 13:09:27 INFO  RMContainerImpl:481 - container_1606136839972_0001_01_000003 Container Transitioned from ACQUIRED to RUNNING
rm_1        | 2020-11-23 13:09:31 INFO  RMContainerImpl:481 - container_1606136839972_0001_01_000003 Container Transitioned from RUNNING to COMPLETED
rm_1        | 2020-11-23 13:09:31 INFO  RMAuditLogger:231 - USER=hadoop	OPERATION=AM Released Container	TARGET=SchedulerApp	RESULT=SUCCESS	APPID=application_1606136839972_0001	CONTAINERID=container_1606136839972_0001_01_000003	RESOURCE=<memory:4096, vCores:1>	QUEUENAME=default
rm_1        | 2020-11-23 13:09:32 INFO  AbstractContainerAllocator:129 - assignedContainer application attempt=appattempt_1606136839972_0001_000001 container=null queue=default clusterResource=<memory:8192, vCores:8> type=RACK_LOCAL requestedPartition=
rm_1        | 2020-11-23 13:09:32 INFO  RMContainerImpl:481 - container_1606136839972_0001_01_000004 Container Transitioned from NEW to ALLOCATED
rm_1        | 2020-11-23 13:09:32 INFO  FiCaSchedulerNode:169 - Assigned container container_1606136839972_0001_01_000004 of capacity <memory:4096, vCores:1> on host nm:35363, which has 2 containers, <memory:6144, vCores:2> used and <memory:2048, vCores:6> available after allocation
rm_1        | 2020-11-23 13:09:32 INFO  RMAuditLogger:231 - USER=hadoop	OPERATION=AM Allocated Container	TARGET=SchedulerApp	RESULT=SUCCESS	APPID=application_1606136839972_0001	CONTAINERID=container_1606136839972_0001_01_000004	RESOURCE=<memory:4096, vCores:1>	QUEUENAME=default
rm_1        | 2020-11-23 13:09:32 INFO  ParentQueue:1344 - assignedContainer queue=root usedCapacity=0.75 absoluteUsedCapacity=0.75 used=<memory:6144, vCores:2> cluster=<memory:8192, vCores:8>
rm_1        | 2020-11-23 13:09:32 INFO  CapacityScheduler:3037 - Allocation proposal accepted
rm_1        | 2020-11-23 13:09:32 INFO  RMContainerImpl:481 - container_1606136839972_0001_01_000004 Container Transitioned from ALLOCATED to ACQUIRED
rm_1        | 2020-11-23 13:09:33 INFO  RMContainerImpl:481 - container_1606136839972_0001_01_000004 Container Transitioned from ACQUIRED to RUNNING
rm_1        | 2020-11-23 13:09:33 INFO  AppSchedulingInfo:367 - checking for deactivate of application :application_1606136839972_0001
rm_1        | 2020-11-23 13:09:37 INFO  RMContainerImpl:481 - container_1606136839972_0001_01_000004 Container Transitioned from RUNNING to COMPLETED
rm_1        | 2020-11-23 13:09:37 INFO  RMAuditLogger:231 - USER=hadoop	OPERATION=AM Released Container	TARGET=SchedulerApp	RESULT=SUCCESS	APPID=application_1606136839972_0001	CONTAINERID=container_1606136839972_0001_01_000004	RESOURCE=<memory:4096, vCores:1>	QUEUENAME=default
rm_1        | 2020-11-23 13:09:37 INFO  AbstractContainerAllocator:129 - assignedContainer application attempt=appattempt_1606136839972_0001_000001 container=null queue=default clusterResource=<memory:8192, vCores:8> type=OFF_SWITCH requestedPartition=
rm_1        | 2020-11-23 13:09:37 INFO  RMContainerImpl:481 - container_1606136839972_0001_01_000005 Container Transitioned from NEW to ALLOCATED
rm_1        | 2020-11-23 13:09:37 INFO  FiCaSchedulerNode:169 - Assigned container container_1606136839972_0001_01_000005 of capacity <memory:4096, vCores:1> on host nm:35363, which has 2 containers, <memory:6144, vCores:2> used and <memory:2048, vCores:6> available after allocation
rm_1        | 2020-11-23 13:09:37 INFO  RMAuditLogger:231 - USER=hadoop	OPERATION=AM Allocated Container	TARGET=SchedulerApp	RESULT=SUCCESS	APPID=application_1606136839972_0001	CONTAINERID=container_1606136839972_0001_01_000005	RESOURCE=<memory:4096, vCores:1>	QUEUENAME=default
rm_1        | 2020-11-23 13:09:37 INFO  ParentQueue:1344 - assignedContainer queue=root usedCapacity=0.75 absoluteUsedCapacity=0.75 used=<memory:6144, vCores:2> cluster=<memory:8192, vCores:8>
rm_1        | 2020-11-23 13:09:37 INFO  CapacityScheduler:3037 - Allocation proposal accepted
rm_1        | 2020-11-23 13:09:37 INFO  RMContainerImpl:481 - container_1606136839972_0001_01_000005 Container Transitioned from ALLOCATED to ACQUIRED
rm_1        | 2020-11-23 13:09:38 INFO  RMContainerImpl:481 - container_1606136839972_0001_01_000005 Container Transitioned from ACQUIRED to RUNNING
rm_1        | 2020-11-23 13:09:38 INFO  AppSchedulingInfo:367 - checking for deactivate of application :application_1606136839972_0001
rm_1        | 2020-11-23 13:09:43 INFO  RMContainerImpl:481 - container_1606136839972_0001_01_000005 Container Transitioned from RUNNING to COMPLETED
rm_1        | 2020-11-23 13:09:43 INFO  RMAuditLogger:231 - USER=hadoop	OPERATION=AM Released Container	TARGET=SchedulerApp	RESULT=SUCCESS	APPID=application_1606136839972_0001	CONTAINERID=container_1606136839972_0001_01_000005	RESOURCE=<memory:4096, vCores:1>	QUEUENAME=default
rm_1        | 2020-11-23 13:09:46 INFO  RMAppAttemptImpl:1428 - Updating application attempt appattempt_1606136839972_0001_000001 with final state: FINISHING, and exit status: -1000
rm_1        | 2020-11-23 13:09:46 INFO  RMAppAttemptImpl:929 - appattempt_1606136839972_0001_000001 State change from RUNNING to FINAL_SAVING on event = UNREGISTERED
rm_1        | 2020-11-23 13:09:46 INFO  RMAppImpl:1277 - Updating application application_1606136839972_0001 with final state: FINISHING
rm_1        | 2020-11-23 13:09:46 INFO  RMAppImpl:893 - application_1606136839972_0001 State change from RUNNING to FINAL_SAVING on event = ATTEMPT_UNREGISTERED
rm_1        | 2020-11-23 13:09:46 INFO  RMAppAttemptImpl:929 - appattempt_1606136839972_0001_000001 State change from FINAL_SAVING to FINISHING on event = ATTEMPT_UPDATE_SAVED
rm_1        | 2020-11-23 13:09:46 INFO  RMStateStore:261 - Updating info for app: application_1606136839972_0001
rm_1        | 2020-11-23 13:09:46 INFO  RMAppImpl:893 - application_1606136839972_0001 State change from FINAL_SAVING to FINISHING on event = APP_UPDATE_SAVED
rm_1        | 2020-11-23 13:09:47 INFO  ApplicationMasterService:317 - application_1606136839972_0001 unregistered successfully. 
rm_1        | 2020-11-23 13:09:50 INFO  ClientRMService:379 - Allocated new applicationId: 2
rm_1        | 2020-11-23 13:09:52 INFO  RMContainerImpl:481 - container_1606136839972_0001_01_000001 Container Transitioned from RUNNING to COMPLETED
rm_1        | 2020-11-23 13:09:52 INFO  ApplicationMasterService:496 - Unregistering app attempt : appattempt_1606136839972_0001_000001
rm_1        | 2020-11-23 13:09:52 INFO  AMRMTokenSecretManager:124 - Application finished, removing password for appattempt_1606136839972_0001_000001
rm_1        | 2020-11-23 13:09:52 INFO  RMAuditLogger:231 - USER=hadoop	OPERATION=AM Released Container	TARGET=SchedulerApp	RESULT=SUCCESS	APPID=application_1606136839972_0001	CONTAINERID=container_1606136839972_0001_01_000001	RESOURCE=<memory:2048, vCores:1>	QUEUENAME=default
rm_1        | 2020-11-23 13:09:52 INFO  RMAppAttemptImpl:929 - appattempt_1606136839972_0001_000001 State change from FINISHING to FINISHED on event = CONTAINER_FINISHED
rm_1        | 2020-11-23 13:09:52 INFO  RMAppImpl:893 - application_1606136839972_0001 State change from FINISHING to FINISHED on event = ATTEMPT_FINISHED
rm_1        | 2020-11-23 13:09:52 INFO  CapacityScheduler:1101 - Application Attempt appattempt_1606136839972_0001_000001 is done. finalState=FINISHED
rm_1        | 2020-11-23 13:09:52 INFO  AppSchedulingInfo:159 - Application application_1606136839972_0001 requests cleared
rm_1        | 2020-11-23 13:09:52 INFO  LeafQueue:997 - Application removed - appId: application_1606136839972_0001 user: hadoop queue: default #user-pending-applications: 0 #user-active-applications: 0 #queue-pending-applications: 0 #queue-active-applications: 0
nm_1        | 2020-11-23 13:10:34 INFO  DefaultContainerExecutor:634 - Deleting absolute path : /tmp/hadoop-hadoop/nm-local-dir/usercache/hadoop/appcache/application_1606136839972_0002/container_1606136839972_0002_01_000001/container_tokens
nm_1        | 2020-11-23 13:10:34 INFO  DefaultContainerExecutor:634 - Deleting absolute path : /tmp/hadoop-hadoop/nm-local-dir/usercache/hadoop/appcache/application_1606136839972_0002/container_1606136839972_0002_01_000001/sysfs
nm_1        | 2020-11-23 13:10:34 WARN  DefaultContainerExecutor:637 - delete returned false for path: [/tmp/hadoop-hadoop/nm-local-dir/usercache/hadoop/appcache/application_1606136839972_0002/container_1606136839972_0002_01_000001/sysfs]
nm_1        | 2020-11-23 13:10:34 INFO  Server:2008 - Auth successful for appattempt_1606136839972_0002_000001 (auth:SIMPLE)
nm_1        | 2020-11-23 13:10:34 INFO  ContainerManagerImpl:1426 - Stopping container with container Id: container_1606136839972_0002_01_000001
nm_1        | 2020-11-23 13:10:34 INFO  NMAuditLogger:94 - USER=hadoop	IP=172.22.0.5	OPERATION=Stop Container Request	TARGET=ContainerManageImpl	RESULT=SUCCESS	APPID=application_1606136839972_0002	CONTAINERID=container_1606136839972_0002_01_000001
nm_1        | 2020-11-23 13:10:35 INFO  NodeStatusUpdaterImpl:721 - Removed completed containers from NM context: [container_1606136839972_0002_01_000001]
nm_1        | 2020-11-23 13:10:35 INFO  ApplicationImpl:655 - Application application_1606136839972_0002 transitioned from RUNNING to APPLICATION_RESOURCES_CLEANINGUP
nm_1        | 2020-11-23 13:10:35 INFO  AuxServices:350 - Got event APPLICATION_STOP for appId application_1606136839972_0002
nm_1        | 2020-11-23 13:10:35 INFO  ApplicationImpl:655 - Application application_1606136839972_0002 transitioned from APPLICATION_RESOURCES_CLEANINGUP to FINISHED
nm_1        | 2020-11-23 13:10:35 INFO  NonAggregatingLogHandler:173 - Scheduling Log Deletion for application: application_1606136839972_0002, with delay of 10800 seconds
nm_1        | 2020-11-23 13:10:54 INFO  Server:2008 - Auth successful for appattempt_1606136839972_0003_000001 (auth:SIMPLE)
nm_1        | 2020-11-23 13:10:54 INFO  ContainerManagerImpl:1087 - Start request for container_1606136839972_0003_01_000001 by user hadoop
nm_1        | 2020-11-23 13:10:54 INFO  ContainerManagerImpl:1139 - Creating a new application reference for app application_1606136839972_0003
nm_1        | 2020-11-23 13:10:54 INFO  NMAuditLogger:94 - USER=hadoop	IP=172.22.0.5	OPERATION=Start Container Request	TARGET=ContainerManageImpl	RESULT=SUCCESS	APPID=application_1606136839972_0003	CONTAINERID=container_1606136839972_0003_01_000001
nm_1        | 2020-11-23 13:10:54 INFO  ApplicationImpl:655 - Application application_1606136839972_0003 transitioned from NEW to INITING
nm_1        | 2020-11-23 13:10:54 INFO  ApplicationImpl:463 - Adding container_1606136839972_0003_01_000001 to application application_1606136839972_0003
nm_1        | 2020-11-23 13:10:54 INFO  ApplicationImpl:655 - Application application_1606136839972_0003 transitioned from INITING to RUNNING
nm_1        | 2020-11-23 13:10:54 INFO  ContainerImpl:2134 - Container container_1606136839972_0003_01_000001 transitioned from NEW to LOCALIZING
nm_1        | 2020-11-23 13:10:54 INFO  AuxServices:350 - Got event CONTAINER_INIT for appId application_1606136839972_0003
nm_1        | 2020-11-23 13:10:54 INFO  ResourceLocalizationService:798 - Created localizer for container_1606136839972_0003_01_000001
nm_1        | 2020-11-23 13:10:54 INFO  ResourceLocalizationService:1328 - Writing credentials to the nmPrivate file /tmp/hadoop-hadoop/nm-local-dir/nmPrivate/container_1606136839972_0003_01_000001.tokens
nm_1        | 2020-11-23 13:10:54 INFO  DefaultContainerExecutor:836 - Initializing user hadoop
nm_1        | 2020-11-23 13:10:54 INFO  DefaultContainerExecutor:166 - Copying from /tmp/hadoop-hadoop/nm-local-dir/nmPrivate/container_1606136839972_0003_01_000001.tokens to /tmp/hadoop-hadoop/nm-local-dir/usercache/hadoop/appcache/application_1606136839972_0003/container_1606136839972_0003_01_000001.tokens
nm_1        | 2020-11-23 13:10:54 INFO  DefaultContainerExecutor:174 - Localizer CWD set to /tmp/hadoop-hadoop/nm-local-dir/usercache/hadoop/appcache/application_1606136839972_0003 = file:/tmp/hadoop-hadoop/nm-local-dir/usercache/hadoop/appcache/application_1606136839972_0003
nm_1        | 2020-11-23 13:10:54 INFO  ContainerImpl:2134 - Container container_1606136839972_0003_01_000001 transitioned from LOCALIZING to SCHEDULED
nm_1        | 2020-11-23 13:10:54 INFO  ContainerScheduler:542 - Starting container [container_1606136839972_0003_01_000001]
nm_1        | 2020-11-23 13:10:54 INFO  ContainerImpl:2134 - Container container_1606136839972_0003_01_000001 transitioned from SCHEDULED to RUNNING
nm_1        | 2020-11-23 13:10:54 INFO  ContainersMonitorImpl:1014 - Starting resource-monitoring for container_1606136839972_0003_01_000001
nm_1        | 2020-11-23 13:10:54 INFO  DefaultContainerExecutor:370 - launchContainer: [bash, /tmp/hadoop-hadoop/nm-local-dir/usercache/hadoop/appcache/application_1606136839972_0003/container_1606136839972_0003_01_000001/default_container_executor.sh]
