nm_1        | 2021-06-25 13:23:41 INFO  ContainerManagerImpl:1087 - Start request for container_1624627231327_0002_01_000003 by user hadoop
rm_1        | 2021-06-25 13:23:07 INFO  RMAuditLogger:232 - USER=hadoop	OPERATION=AM Released Container	TARGET=SchedulerApp	RESULT=SUCCESS	APPID=application_1624627231327_0001	CONTAINERID=container_1624627231327_0001_01_000004	RESOURCE=<memory:4096, vCores:1>	QUEUENAME=default
datanode_3  | 2021-06-25 13:20:56,679 [efee2cd9-20c0-4eda-b9ff-5fbd4085450f@group-6EB1D7BAE560-FollowerState] INFO impl.FollowerState: efee2cd9-20c0-4eda-b9ff-5fbd4085450f@group-6EB1D7BAE560-FollowerState: change to CANDIDATE, lastRpcElapsedTime:5122450297ns, electionTimeout:5104ms
scm_1       | 2021-06-25 13:21:01,844 [EventQueue-OpenPipelineForHealthyPipelineSafeModeRule] INFO safemode.SCMSafeModeManager: HealthyPipelineSafeModeRule rule is successfully validated
nm_1        | 2021-06-25 13:23:41 INFO  ApplicationImpl:463 - Adding container_1624627231327_0002_01_000003 to application application_1624627231327_0002
rm_1        | 2021-06-25 13:23:07 INFO  AbstractContainerAllocator:130 - assignedContainer application attempt=appattempt_1624627231327_0001_000001 container=null queue=default clusterResource=<memory:8192, vCores:8> type=OFF_SWITCH requestedPartition=
datanode_3  | 2021-06-25 13:20:56,680 [efee2cd9-20c0-4eda-b9ff-5fbd4085450f@group-6EB1D7BAE560-FollowerState] INFO impl.RoleInfo: efee2cd9-20c0-4eda-b9ff-5fbd4085450f: shutdown efee2cd9-20c0-4eda-b9ff-5fbd4085450f@group-6EB1D7BAE560-FollowerState
scm_1       | 2021-06-25 13:21:01,844 [EventQueue-OpenPipelineForHealthyPipelineSafeModeRule] INFO safemode.SCMSafeModeManager: ScmSafeModeManager, all rules are successfully validated
nm_1        | 2021-06-25 13:23:41 INFO  NMAuditLogger:94 - USER=hadoop	IP=172.23.0.8	OPERATION=Start Container Request	TARGET=ContainerManageImpl	RESULT=SUCCESS	APPID=application_1624627231327_0002	CONTAINERID=container_1624627231327_0002_01_000003
rm_1        | 2021-06-25 13:23:07 INFO  RMContainerImpl:482 - container_1624627231327_0001_01_000005 Container Transitioned from NEW to ALLOCATED
datanode_3  | 2021-06-25 13:20:56,685 [efee2cd9-20c0-4eda-b9ff-5fbd4085450f@group-6EB1D7BAE560-FollowerState] INFO server.RaftServer$Division: efee2cd9-20c0-4eda-b9ff-5fbd4085450f@group-6EB1D7BAE560: changes role from  FOLLOWER to CANDIDATE at term 0 for changeToCandidate
scm_1       | 2021-06-25 13:21:01,844 [EventQueue-OpenPipelineForHealthyPipelineSafeModeRule] INFO safemode.SCMSafeModeManager: SCM exiting safe mode.
nm_1        | 2021-06-25 13:23:41 INFO  ContainerImpl:2175 - Container container_1624627231327_0002_01_000003 transitioned from NEW to LOCALIZING
rm_1        | 2021-06-25 13:23:07 INFO  FiCaSchedulerNode:170 - Assigned container container_1624627231327_0001_01_000005 of capacity <memory:4096, vCores:1> on host nm:45499, which has 2 containers, <memory:6144, vCores:2> used and <memory:2048, vCores:6> available after allocation
datanode_3  | 2021-06-25 13:20:56,692 [efee2cd9-20c0-4eda-b9ff-5fbd4085450f@group-6EB1D7BAE560-FollowerState] INFO server.RaftServerConfigKeys: raft.server.leaderelection.pre-vote = false (custom)
scm_1       | 2021-06-25 13:21:01,844 [EventQueue-OpenPipelineForHealthyPipelineSafeModeRule] WARN events.EventQueue: No event handler registered for event TypedEvent{payloadType=SafeModeStatus, name='Safe mode status'}
nm_1        | 2021-06-25 13:23:41 INFO  AuxServices:350 - Got event CONTAINER_INIT for appId application_1624627231327_0002
rm_1        | 2021-06-25 13:23:07 INFO  RMAuditLogger:232 - USER=hadoop	OPERATION=AM Allocated Container	TARGET=SchedulerApp	RESULT=SUCCESS	APPID=application_1624627231327_0001	CONTAINERID=container_1624627231327_0001_01_000005	RESOURCE=<memory:4096, vCores:1>	QUEUENAME=default
datanode_3  | 2021-06-25 13:20:56,692 [efee2cd9-20c0-4eda-b9ff-5fbd4085450f@group-6EB1D7BAE560-FollowerState] INFO impl.RoleInfo: efee2cd9-20c0-4eda-b9ff-5fbd4085450f: start efee2cd9-20c0-4eda-b9ff-5fbd4085450f@group-6EB1D7BAE560-LeaderElection1
scm_1       | 2021-06-25 13:21:01,844 [EventQueue-OpenPipelineForHealthyPipelineSafeModeRule] INFO ha.SCMContext: Update SafeModeStatus from SafeModeStatus{safeModeStatus=true, preCheckPassed=true} to SafeModeStatus{safeModeStatus=false, preCheckPassed=true}.
nm_1        | 2021-06-25 13:23:41 INFO  AuxServices:350 - Got event APPLICATION_INIT for appId application_1624627231327_0002
rm_1        | 2021-06-25 13:23:07 INFO  ParentQueue:1355 - assignedContainer queue=root usedCapacity=0.75 absoluteUsedCapacity=0.75 used=<memory:6144, vCores:2> cluster=<memory:8192, vCores:8>
datanode_3  | 2021-06-25 13:20:56,716 [efee2cd9-20c0-4eda-b9ff-5fbd4085450f@group-6EB1D7BAE560-LeaderElection1] INFO impl.LeaderElection: efee2cd9-20c0-4eda-b9ff-5fbd4085450f@group-6EB1D7BAE560-LeaderElection1 ELECTION round 0: submit vote requests at term 1 for -1: [efee2cd9-20c0-4eda-b9ff-5fbd4085450f|rpc:172.23.0.3:9856|admin:172.23.0.3:9857|client:172.23.0.3:9858|priority:1], old=null
scm_1       | 2021-06-25 13:21:01,844 [EventQueue-OpenPipelineForHealthyPipelineSafeModeRule] INFO pipeline.BackgroundPipelineCreator: Service BackgroundPipelineCreator transitions to RUNNING.
nm_1        | 2021-06-25 13:23:41 INFO  AuxServices:354 - Got APPLICATION_INIT for service mapreduce_shuffle
rm_1        | 2021-06-25 13:23:07 INFO  CapacityScheduler:3048 - Allocation proposal accepted
datanode_3  | 2021-06-25 13:20:56,717 [efee2cd9-20c0-4eda-b9ff-5fbd4085450f@group-6EB1D7BAE560-LeaderElection1] INFO impl.LeaderElection: efee2cd9-20c0-4eda-b9ff-5fbd4085450f@group-6EB1D7BAE560-LeaderElection1 ELECTION round 0: result PASSED (term=1)
scm_1       | 2021-06-25 13:21:01,845 [EventQueue-OpenPipelineForHealthyPipelineSafeModeRule] INFO container.ReplicationManager: Service ReplicationManager transitions to RUNNING.
rm_1        | 2021-06-25 13:23:07 INFO  RMContainerImpl:482 - container_1624627231327_0001_01_000005 Container Transitioned from ALLOCATED to ACQUIRED
datanode_3  | 2021-06-25 13:20:56,718 [efee2cd9-20c0-4eda-b9ff-5fbd4085450f@group-6EB1D7BAE560-LeaderElection1] INFO impl.RoleInfo: efee2cd9-20c0-4eda-b9ff-5fbd4085450f: shutdown efee2cd9-20c0-4eda-b9ff-5fbd4085450f@group-6EB1D7BAE560-LeaderElection1
scm_1       | 2021-06-25 13:21:04,272 [EventQueue-PipelineReportForPipelineReportHandler] INFO pipeline.PipelineManagerV2Impl: Pipeline Pipeline[ Id: 04262e8b-512c-4a76-a137-d50ea108ec0e, Nodes: efee2cd9-20c0-4eda-b9ff-5fbd4085450f{ip: 172.23.0.3, host: hadoop32_datanode_3.hadoop32_default, ports: [REPLICATION=9886, RATIS=9858, RATIS_ADMIN=9857, RATIS_SERVER=9856, STANDALONE=9859], networkLocation: /default-rack, certSerialId: null, persistedOpState: IN_SERVICE, persistedOpStateExpiryEpochSec: 0}5bfe884c-55cd-445d-ab03-a24eac0da56f{ip: 172.23.0.4, host: hadoop32_datanode_2.hadoop32_default, ports: [REPLICATION=9886, RATIS=9858, RATIS_ADMIN=9857, RATIS_SERVER=9856, STANDALONE=9859], networkLocation: /default-rack, certSerialId: null, persistedOpState: IN_SERVICE, persistedOpStateExpiryEpochSec: 0}ed7aa14f-3254-49b4-b159-6b77d888463b{ip: 172.23.0.2, host: hadoop32_datanode_1.hadoop32_default, ports: [REPLICATION=9886, RATIS=9858, RATIS_ADMIN=9857, RATIS_SERVER=9856, STANDALONE=9859], networkLocation: /default-rack, certSerialId: null, persistedOpState: IN_SERVICE, persistedOpStateExpiryEpochSec: 0}, ReplicationConfig: RATIS/THREE, State:ALLOCATED, leaderId:ed7aa14f-3254-49b4-b159-6b77d888463b, CreationTimestamp2021-06-25T13:20:47.779Z] moved to OPEN state
nm_1        | 2021-06-25 13:23:41 INFO  ShuffleHandler:719 - Added token for job_1624627231327_0002
rm_1        | 2021-06-25 13:23:08 INFO  RMContainerImpl:482 - container_1624627231327_0001_01_000005 Container Transitioned from ACQUIRED to RUNNING
datanode_3  | 2021-06-25 13:20:56,720 [efee2cd9-20c0-4eda-b9ff-5fbd4085450f@group-6EB1D7BAE560-LeaderElection1] INFO server.RaftServer$Division: efee2cd9-20c0-4eda-b9ff-5fbd4085450f@group-6EB1D7BAE560: changes role from CANDIDATE to LEADER at term 1 for changeToLeader
scm_1       | 2021-06-25 13:21:39,364 [IPC Server handler 68 on default port 9863] INFO ha.SequenceIdGenerator: Allocate a batch for containerId, change lastId from 0 to 1000.
nm_1        | 2021-06-25 13:23:41 INFO  ContainerImpl:2175 - Container container_1624627231327_0002_01_000003 transitioned from LOCALIZING to SCHEDULED
rm_1        | 2021-06-25 13:23:08 INFO  AppSchedulingInfo:367 - checking for deactivate of application :application_1624627231327_0001
datanode_3  | 2021-06-25 13:20:56,725 [efee2cd9-20c0-4eda-b9ff-5fbd4085450f@group-6EB1D7BAE560-LeaderElection1] INFO ratis.XceiverServerRatis: Leader change notification received for group: group-6EB1D7BAE560 with new leaderId: efee2cd9-20c0-4eda-b9ff-5fbd4085450f
scm_1       | 2021-06-25 13:21:39,405 [IPC Server handler 68 on default port 9863] WARN ha.SequenceIdGenerator: Failed to allocate a batch for localId, expected lastId is 0, actual lastId is 107544261427200000.
nm_1        | 2021-06-25 13:23:41 INFO  ContainerScheduler:542 - Starting container [container_1624627231327_0002_01_000003]
rm_1        | 2021-06-25 13:23:12 INFO  RMContainerImpl:482 - container_1624627231327_0001_01_000005 Container Transitioned from RUNNING to COMPLETED
datanode_3  | 2021-06-25 13:20:56,728 [efee2cd9-20c0-4eda-b9ff-5fbd4085450f@group-6EB1D7BAE560-LeaderElection1] INFO server.RaftServer$Division: efee2cd9-20c0-4eda-b9ff-5fbd4085450f@group-6EB1D7BAE560: change Leader from null to efee2cd9-20c0-4eda-b9ff-5fbd4085450f at term 1 for becomeLeader, leader elected after 6059ms
scm_1       | 2021-06-25 13:21:39,405 [IPC Server handler 68 on default port 9863] INFO ha.SequenceIdGenerator: Allocate a batch for localId, change lastId from 107544261427200000 to 107544261427201000.
nm_1        | 2021-06-25 13:23:41 INFO  ContainerImpl:2175 - Container container_1624627231327_0002_01_000003 transitioned from SCHEDULED to RUNNING
rm_1        | 2021-06-25 13:23:12 INFO  RMAuditLogger:232 - USER=hadoop	OPERATION=AM Released Container	TARGET=SchedulerApp	RESULT=SUCCESS	APPID=application_1624627231327_0001	CONTAINERID=container_1624627231327_0001_01_000005	RESOURCE=<memory:4096, vCores:1>	QUEUENAME=default
datanode_3  | 2021-06-25 13:20:56,746 [efee2cd9-20c0-4eda-b9ff-5fbd4085450f@group-6EB1D7BAE560-LeaderElection1] INFO server.RaftServerConfigKeys: raft.server.staging.catchup.gap = 1000 (default)
scm_1       | 2021-06-25 13:24:08,019 [IPC Server handler 78 on default port 9863] INFO ha.SequenceIdGenerator: Allocate a batch for delTxnId, change lastId from 0 to 1000.
nm_1        | 2021-06-25 13:23:41 INFO  ContainersMonitorImpl:1121 - Starting resource-monitoring for container_1624627231327_0002_01_000003
rm_1        | 2021-06-25 13:23:15 INFO  RMAppAttemptImpl:1433 - Updating application attempt appattempt_1624627231327_0001_000001 with final state: FINISHING, and exit status: -1000
datanode_3  | 2021-06-25 13:20:56,749 [efee2cd9-20c0-4eda-b9ff-5fbd4085450f@group-6EB1D7BAE560-LeaderElection1] INFO metrics.RatisMetrics: Creating Metrics Registry : ratis.log_appender.efee2cd9-20c0-4eda-b9ff-5fbd4085450f@group-6EB1D7BAE560
nm_1        | 2021-06-25 13:23:41 INFO  DefaultContainerExecutor:370 - launchContainer: [bash, /tmp/hadoop-hadoop/nm-local-dir/usercache/hadoop/appcache/application_1624627231327_0002/container_1624627231327_0002_01_000003/default_container_executor.sh]
rm_1        | 2021-06-25 13:23:15 INFO  RMAppAttemptImpl:931 - appattempt_1624627231327_0001_000001 State change from RUNNING to FINAL_SAVING on event = UNREGISTERED
scm_1       | 2021-06-25 13:25:43,071 [ReplicationMonitor] INFO container.ReplicationManager: Replication Monitor Thread took 0 milliseconds for processing 2 containers.
nm_1        | 2021-06-25 13:23:41 INFO  ContainersMonitorImpl:650 - container_1624627231327_0002_01_000003's ip = 172.23.0.8, and hostname = nm
datanode_3  | 2021-06-25 13:20:56,760 [efee2cd9-20c0-4eda-b9ff-5fbd4085450f@group-6EB1D7BAE560-LeaderElection1] INFO server.RaftServerConfigKeys: raft.server.write.element-limit = 1024 (custom)
rm_1        | 2021-06-25 13:23:15 INFO  RMAppImpl:1288 - Updating application application_1624627231327_0001 with final state: FINISHING
datanode_3  | 2021-06-25 13:20:56,769 [efee2cd9-20c0-4eda-b9ff-5fbd4085450f@group-6EB1D7BAE560-LeaderElection1] INFO server.RaftServerConfigKeys: raft.server.write.byte-limit = 1073741824 (custom)
rm_1        | 2021-06-25 13:23:15 INFO  RMAppImpl:903 - application_1624627231327_0001 State change from RUNNING to FINAL_SAVING on event = ATTEMPT_UNREGISTERED
nm_1        | 2021-06-25 13:23:41 INFO  ContainersMonitorImpl:551 - Skipping monitoring container container_1624627231327_0002_01_000003 since CPU usage is not yet available.
datanode_3  | 2021-06-25 13:20:56,818 [efee2cd9-20c0-4eda-b9ff-5fbd4085450f@group-6EB1D7BAE560-LeaderElection1] INFO server.RaftServerConfigKeys: raft.server.watch.timeout = 180s (custom)
rm_1        | 2021-06-25 13:23:15 INFO  RMStateStore:262 - Updating info for app: application_1624627231327_0001
nm_1        | 2021-06-25 13:23:42 INFO  NodeStatusUpdaterImpl:723 - Removed completed containers from NM context: [container_1624627231327_0002_01_000002]
datanode_3  | 2021-06-25 13:20:56,819 [efee2cd9-20c0-4eda-b9ff-5fbd4085450f@group-6EB1D7BAE560-LeaderElection1] INFO server.RaftServerConfigKeys: raft.server.watch.timeout.denomination = 1s (default)
rm_1        | 2021-06-25 13:23:15 INFO  RMAppAttemptImpl:931 - appattempt_1624627231327_0001_000001 State change from FINAL_SAVING to FINISHING on event = ATTEMPT_UPDATE_SAVED
nm_1        | 2021-06-25 13:23:46 INFO  ContainerLaunch:596 - Container container_1624627231327_0002_01_000003 succeeded 
datanode_3  | 2021-06-25 13:20:56,820 [efee2cd9-20c0-4eda-b9ff-5fbd4085450f@group-6EB1D7BAE560-LeaderElection1] INFO server.RaftServerConfigKeys: raft.server.watch.element-limit = 65536 (default)
rm_1        | 2021-06-25 13:23:15 INFO  RMAppImpl:903 - application_1624627231327_0001 State change from FINAL_SAVING to FINISHING on event = APP_UPDATE_SAVED
nm_1        | 2021-06-25 13:23:46 INFO  ContainerImpl:2175 - Container container_1624627231327_0002_01_000003 transitioned from RUNNING to EXITED_WITH_SUCCESS
datanode_3  | 2021-06-25 13:20:56,847 [efee2cd9-20c0-4eda-b9ff-5fbd4085450f@group-6EB1D7BAE560-LeaderElection1] INFO impl.RoleInfo: efee2cd9-20c0-4eda-b9ff-5fbd4085450f: start efee2cd9-20c0-4eda-b9ff-5fbd4085450f@group-6EB1D7BAE560-LeaderStateImpl
rm_1        | 2021-06-25 13:23:16 INFO  ApplicationMasterService:318 - application_1624627231327_0001 unregistered successfully. 
nm_1        | 2021-06-25 13:23:46 INFO  ContainerCleanup:87 - Cleaning up container container_1624627231327_0002_01_000003
datanode_3  | 2021-06-25 13:20:56,883 [efee2cd9-20c0-4eda-b9ff-5fbd4085450f@group-6EB1D7BAE560-LeaderElection1] INFO segmented.SegmentedRaftLogWorker: efee2cd9-20c0-4eda-b9ff-5fbd4085450f@group-6EB1D7BAE560-SegmentedRaftLogWorker: Starting segment from index:0
rm_1        | 2021-06-25 13:23:21 INFO  ClientRMService:380 - Allocated new applicationId: 2
nm_1        | 2021-06-25 13:23:46 INFO  NMAuditLogger:94 - USER=hadoop	OPERATION=Container Finished - Succeeded	TARGET=ContainerImpl	RESULT=SUCCESS	APPID=application_1624627231327_0002	CONTAINERID=container_1624627231327_0002_01_000003
datanode_3  | 2021-06-25 13:20:56,998 [efee2cd9-20c0-4eda-b9ff-5fbd4085450f@group-6EB1D7BAE560-LeaderElection1] INFO server.RaftServer$Division: efee2cd9-20c0-4eda-b9ff-5fbd4085450f@group-6EB1D7BAE560: set configuration 0: [efee2cd9-20c0-4eda-b9ff-5fbd4085450f|rpc:172.23.0.3:9856|admin:172.23.0.3:9857|client:172.23.0.3:9858|dataStream:|priority:1], old=null
rm_1        | 2021-06-25 13:23:22 INFO  RMContainerImpl:482 - container_1624627231327_0001_01_000001 Container Transitioned from RUNNING to COMPLETED
nm_1        | 2021-06-25 13:23:46 INFO  ContainerImpl:2175 - Container container_1624627231327_0002_01_000003 transitioned from EXITED_WITH_SUCCESS to DONE
datanode_3  | 2021-06-25 13:20:57,180 [efee2cd9-20c0-4eda-b9ff-5fbd4085450f@group-6EB1D7BAE560-SegmentedRaftLogWorker] INFO segmented.SegmentedRaftLogWorker: efee2cd9-20c0-4eda-b9ff-5fbd4085450f@group-6EB1D7BAE560-SegmentedRaftLogWorker: created new log segment /data/metadata/ratis/4751b00f-6cce-4573-a7fc-6eb1d7bae560/current/log_inprogress_0
rm_1        | 2021-06-25 13:23:22 INFO  ApplicationMasterService:497 - Unregistering app attempt : appattempt_1624627231327_0001_000001
nm_1        | 2021-06-25 13:23:46 INFO  ApplicationImpl:512 - Removing container_1624627231327_0002_01_000003 from application application_1624627231327_0002
datanode_3  | 2021-06-25 13:20:59,121 [grpc-default-executor-0] INFO server.RaftServer$Division: efee2cd9-20c0-4eda-b9ff-5fbd4085450f@group-D50EA108EC0E: receive requestVote(ELECTION, 5bfe884c-55cd-445d-ab03-a24eac0da56f, group-D50EA108EC0E, 1, (t:0, i:0))
rm_1        | 2021-06-25 13:23:22 INFO  RMAuditLogger:232 - USER=hadoop	OPERATION=AM Released Container	TARGET=SchedulerApp	RESULT=SUCCESS	APPID=application_1624627231327_0001	CONTAINERID=container_1624627231327_0001_01_000001	RESOURCE=<memory:2048, vCores:1>	QUEUENAME=default
nm_1        | 2021-06-25 13:23:46 INFO  ContainersMonitorImpl:1112 - Stopping resource-monitoring for container_1624627231327_0002_01_000003
datanode_3  | 2021-06-25 13:20:59,121 [grpc-default-executor-0] INFO impl.VoteContext: efee2cd9-20c0-4eda-b9ff-5fbd4085450f@group-D50EA108EC0E-FOLLOWER: accept ELECTION from 5bfe884c-55cd-445d-ab03-a24eac0da56f: our priority 0 <= candidate's priority 0
rm_1        | 2021-06-25 13:23:22 INFO  AMRMTokenSecretManager:124 - Application finished, removing password for appattempt_1624627231327_0001_000001
nm_1        | 2021-06-25 13:23:46 INFO  AuxServices:350 - Got event CONTAINER_STOP for appId application_1624627231327_0002
datanode_3  | 2021-06-25 13:20:59,121 [grpc-default-executor-0] INFO server.RaftServer$Division: efee2cd9-20c0-4eda-b9ff-5fbd4085450f@group-D50EA108EC0E: changes role from  FOLLOWER to FOLLOWER at term 1 for candidate:5bfe884c-55cd-445d-ab03-a24eac0da56f
rm_1        | 2021-06-25 13:23:22 INFO  RMAppAttemptImpl:931 - appattempt_1624627231327_0001_000001 State change from FINISHING to FINISHED on event = CONTAINER_FINISHED
nm_1        | 2021-06-25 13:23:46 INFO  DefaultContainerExecutor:634 - Deleting absolute path : /tmp/hadoop-hadoop/nm-local-dir/usercache/hadoop/appcache/application_1624627231327_0002/container_1624627231327_0002_01_000003/launch_container.sh
datanode_3  | 2021-06-25 13:20:59,122 [grpc-default-executor-0] INFO impl.RoleInfo: efee2cd9-20c0-4eda-b9ff-5fbd4085450f: shutdown efee2cd9-20c0-4eda-b9ff-5fbd4085450f@group-D50EA108EC0E-FollowerState
rm_1        | 2021-06-25 13:23:22 INFO  RMAppImpl:903 - application_1624627231327_0001 State change from FINISHING to FINISHED on event = ATTEMPT_FINISHED
nm_1        | 2021-06-25 13:23:46 INFO  DefaultContainerExecutor:634 - Deleting absolute path : /tmp/hadoop-hadoop/nm-local-dir/usercache/hadoop/appcache/application_1624627231327_0002/container_1624627231327_0002_01_000003/container_tokens
datanode_3  | 2021-06-25 13:20:59,122 [grpc-default-executor-0] INFO impl.RoleInfo: efee2cd9-20c0-4eda-b9ff-5fbd4085450f: start efee2cd9-20c0-4eda-b9ff-5fbd4085450f@group-D50EA108EC0E-FollowerState
nm_1        | 2021-06-25 13:23:46 INFO  DefaultContainerExecutor:634 - Deleting absolute path : /tmp/hadoop-hadoop/nm-local-dir/usercache/hadoop/appcache/application_1624627231327_0002/container_1624627231327_0002_01_000003/sysfs
rm_1        | 2021-06-25 13:23:22 INFO  CapacityScheduler:1101 - Application Attempt appattempt_1624627231327_0001_000001 is done. finalState=FINISHED
datanode_3  | 2021-06-25 13:20:59,122 [efee2cd9-20c0-4eda-b9ff-5fbd4085450f@group-D50EA108EC0E-FollowerState] INFO impl.FollowerState: efee2cd9-20c0-4eda-b9ff-5fbd4085450f@group-D50EA108EC0E-FollowerState was interrupted: {}
nm_1        | 2021-06-25 13:23:46 WARN  DefaultContainerExecutor:637 - delete returned false for path: [/tmp/hadoop-hadoop/nm-local-dir/usercache/hadoop/appcache/application_1624627231327_0002/container_1624627231327_0002_01_000003/sysfs]
rm_1        | 2021-06-25 13:23:22 INFO  AppSchedulingInfo:159 - Application application_1624627231327_0001 requests cleared
datanode_3  | java.lang.InterruptedException: sleep interrupted
nm_1        | 2021-06-25 13:23:48 INFO  NodeStatusUpdaterImpl:723 - Removed completed containers from NM context: [container_1624627231327_0002_01_000003]
rm_1        | 2021-06-25 13:23:22 INFO  LeafQueue:995 - Application removed - appId: application_1624627231327_0001 user: hadoop queue: default #user-pending-applications: 0 #user-active-applications: 0 #queue-pending-applications: 0 #queue-active-applications: 0
datanode_3  | 	at java.base/java.lang.Thread.sleep(Native Method)
nm_1        | 2021-06-25 13:23:48 INFO  Server:2051 - Auth successful for appattempt_1624627231327_0002_000001 (auth:SIMPLE) from 172.23.0.8:58594
rm_1        | 2021-06-25 13:23:22 INFO  ParentQueue:523 - Application removed - appId: application_1624627231327_0001 user: hadoop leaf-queue of parent: root #applications: 0
datanode_3  | 	at java.base/java.lang.Thread.sleep(Thread.java:339)
nm_1        | 2021-06-25 13:23:48 INFO  ContainerManagerImpl:1087 - Start request for container_1624627231327_0002_01_000004 by user hadoop
rm_1        | 2021-06-25 13:23:22 INFO  RMAuditLogger:369 - USER=hadoop	OPERATION=Application Finished - Succeeded	TARGET=RMAppManager	RESULT=SUCCESS	APPID=application_1624627231327_0001
datanode_3  | 	at java.base/java.util.concurrent.TimeUnit.sleep(TimeUnit.java:446)
nm_1        | 2021-06-25 13:23:48 INFO  ApplicationImpl:463 - Adding container_1624627231327_0002_01_000004 to application application_1624627231327_0002
rm_1        | 2021-06-25 13:23:22 INFO  RMAppManager$ApplicationSummary:251 - appId=application_1624627231327_0001,name=QuasiMonteCarlo,user=hadoop,queue=default,state=FINISHED,trackingUrl=http://rm:8088/proxy/application_1624627231327_0001/,appMasterHost=nm,submitTime=1624627354547,startTime=1624627354615,launchTime=1624627356400,finishTime=1624627395889,finalStatus=SUCCEEDED,memorySeconds=185994,vcoreSeconds=65,preemptedMemorySeconds=0,preemptedVcoreSeconds=0,preemptedAMContainers=0,preemptedNonAMContainers=0,preemptedResources=<memory:0\, vCores:0>,applicationType=MAPREDUCE,resourceSeconds=185994 MB-seconds\, 65 vcore-seconds,preemptedResourceSeconds=0 MB-seconds\, 0 vcore-seconds,applicationTags=,applicationNodeLabel=,diagnostics=,totalAllocatedContainers=5
datanode_3  | 	at org.apache.ratis.util.TimeDuration.sleep(TimeDuration.java:324)
nm_1        | 2021-06-25 13:23:48 INFO  NMAuditLogger:94 - USER=hadoop	IP=172.23.0.8	OPERATION=Start Container Request	TARGET=ContainerManageImpl	RESULT=SUCCESS	APPID=application_1624627231327_0002	CONTAINERID=container_1624627231327_0002_01_000004
rm_1        | 2021-06-25 13:23:22 INFO  AMLauncher:321 - Cleaning master appattempt_1624627231327_0001_000001
datanode_3  | 	at org.apache.ratis.util.TimeDuration.sleep(TimeDuration.java:309)
nm_1        | 2021-06-25 13:23:48 INFO  ContainerImpl:2175 - Container container_1624627231327_0002_01_000004 transitioned from NEW to LOCALIZING
rm_1        | 2021-06-25 13:23:23 INFO  CapacityScheduler:2653 - Application 'application_1624627231327_0002' is submitted without priority hence considering default queue/cluster priority: 0
datanode_3  | 	at org.apache.ratis.server.impl.FollowerState.run(FollowerState.java:118)
nm_1        | 2021-06-25 13:23:48 INFO  AuxServices:350 - Got event CONTAINER_INIT for appId application_1624627231327_0002
rm_1        | 2021-06-25 13:23:23 INFO  CapacityScheduler:2674 - Priority '0' is acceptable in queue : default for application: application_1624627231327_0002
datanode_3  | 2021-06-25 13:20:59,144 [grpc-default-executor-0] INFO server.RaftServer$Division: efee2cd9-20c0-4eda-b9ff-5fbd4085450f@group-D50EA108EC0E replies to ELECTION vote request: 5bfe884c-55cd-445d-ab03-a24eac0da56f<-efee2cd9-20c0-4eda-b9ff-5fbd4085450f#0:OK-t1. Peer's state: efee2cd9-20c0-4eda-b9ff-5fbd4085450f@group-D50EA108EC0E:t1, leader=null, voted=5bfe884c-55cd-445d-ab03-a24eac0da56f, raftlog=efee2cd9-20c0-4eda-b9ff-5fbd4085450f@group-D50EA108EC0E-SegmentedRaftLog:OPENED:c-1,f-1,i0, conf=-1: [ed7aa14f-3254-49b4-b159-6b77d888463b|rpc:172.23.0.2:9856|admin:172.23.0.2:9857|client:172.23.0.2:9858|priority:1, efee2cd9-20c0-4eda-b9ff-5fbd4085450f|rpc:172.23.0.3:9856|admin:172.23.0.3:9857|client:172.23.0.3:9858|priority:0, 5bfe884c-55cd-445d-ab03-a24eac0da56f|rpc:172.23.0.4:9856|admin:172.23.0.4:9857|client:172.23.0.4:9858|priority:0], old=null
nm_1        | 2021-06-25 13:23:48 INFO  AuxServices:350 - Got event APPLICATION_INIT for appId application_1624627231327_0002
rm_1        | 2021-06-25 13:23:23 INFO  ClientRMService:696 - Application with id 2 submitted by user hadoop
datanode_3  | 2021-06-25 13:21:01,723 [efee2cd9-20c0-4eda-b9ff-5fbd4085450f@group-3BBA2CA5C558-FollowerState] INFO impl.FollowerState: efee2cd9-20c0-4eda-b9ff-5fbd4085450f@group-3BBA2CA5C558-FollowerState: change to CANDIDATE, lastRpcElapsedTime:5132000308ns, electionTimeout:5114ms
nm_1        | 2021-06-25 13:23:48 INFO  AuxServices:354 - Got APPLICATION_INIT for service mapreduce_shuffle
rm_1        | 2021-06-25 13:23:23 INFO  RMAppImpl:1269 - Storing application with id application_1624627231327_0002
datanode_3  | 2021-06-25 13:21:01,724 [efee2cd9-20c0-4eda-b9ff-5fbd4085450f@group-3BBA2CA5C558-FollowerState] INFO impl.RoleInfo: efee2cd9-20c0-4eda-b9ff-5fbd4085450f: shutdown efee2cd9-20c0-4eda-b9ff-5fbd4085450f@group-3BBA2CA5C558-FollowerState
nm_1        | 2021-06-25 13:23:48 INFO  ShuffleHandler:719 - Added token for job_1624627231327_0002
rm_1        | 2021-06-25 13:23:23 INFO  RMAuditLogger:283 - USER=hadoop	IP=172.23.0.5	OPERATION=Submit Application Request	TARGET=ClientRMService	RESULT=SUCCESS	APPID=application_1624627231327_0002	QUEUENAME=default
datanode_3  | 2021-06-25 13:21:01,725 [efee2cd9-20c0-4eda-b9ff-5fbd4085450f@group-3BBA2CA5C558-FollowerState] INFO server.RaftServer$Division: efee2cd9-20c0-4eda-b9ff-5fbd4085450f@group-3BBA2CA5C558: changes role from  FOLLOWER to CANDIDATE at term 1 for changeToCandidate
nm_1        | 2021-06-25 13:23:48 INFO  ContainerImpl:2175 - Container container_1624627231327_0002_01_000004 transitioned from LOCALIZING to SCHEDULED
rm_1        | 2021-06-25 13:23:23 INFO  RMStateStore:224 - Storing info for app: application_1624627231327_0002
datanode_3  | 2021-06-25 13:21:01,725 [efee2cd9-20c0-4eda-b9ff-5fbd4085450f@group-3BBA2CA5C558-FollowerState] INFO server.RaftServerConfigKeys: raft.server.leaderelection.pre-vote = false (custom)
nm_1        | 2021-06-25 13:23:48 INFO  ContainerScheduler:542 - Starting container [container_1624627231327_0002_01_000004]
rm_1        | 2021-06-25 13:23:23 INFO  RMAppImpl:903 - application_1624627231327_0002 State change from NEW to NEW_SAVING on event = START
datanode_3  | 2021-06-25 13:21:01,725 [efee2cd9-20c0-4eda-b9ff-5fbd4085450f@group-3BBA2CA5C558-FollowerState] INFO impl.RoleInfo: efee2cd9-20c0-4eda-b9ff-5fbd4085450f: start efee2cd9-20c0-4eda-b9ff-5fbd4085450f@group-3BBA2CA5C558-LeaderElection2
nm_1        | 2021-06-25 13:23:48 INFO  ContainerImpl:2175 - Container container_1624627231327_0002_01_000004 transitioned from SCHEDULED to RUNNING
rm_1        | 2021-06-25 13:23:23 INFO  RMAppImpl:903 - application_1624627231327_0002 State change from NEW_SAVING to SUBMITTED on event = APP_NEW_SAVED
datanode_3  | 2021-06-25 13:21:01,733 [efee2cd9-20c0-4eda-b9ff-5fbd4085450f@group-3BBA2CA5C558-LeaderElection2] INFO impl.LeaderElection: efee2cd9-20c0-4eda-b9ff-5fbd4085450f@group-3BBA2CA5C558-LeaderElection2 ELECTION round 0: submit vote requests at term 2 for -1: [ed7aa14f-3254-49b4-b159-6b77d888463b|rpc:172.23.0.2:9856|admin:172.23.0.2:9857|client:172.23.0.2:9858|priority:0, efee2cd9-20c0-4eda-b9ff-5fbd4085450f|rpc:172.23.0.3:9856|admin:172.23.0.3:9857|client:172.23.0.3:9858|priority:1, 5bfe884c-55cd-445d-ab03-a24eac0da56f|rpc:172.23.0.4:9856|admin:172.23.0.4:9857|client:172.23.0.4:9858|priority:0], old=null
nm_1        | 2021-06-25 13:23:48 INFO  ContainersMonitorImpl:1121 - Starting resource-monitoring for container_1624627231327_0002_01_000004
rm_1        | 2021-06-25 13:23:23 INFO  ParentQueue:495 - Application added - appId: application_1624627231327_0002 user: hadoop leaf-queue of parent: root #applications: 1
datanode_3  | 2021-06-25 13:21:01,822 [efee2cd9-20c0-4eda-b9ff-5fbd4085450f@group-3BBA2CA5C558-LeaderElection2] INFO impl.LeaderElection: efee2cd9-20c0-4eda-b9ff-5fbd4085450f@group-3BBA2CA5C558-LeaderElection2: ELECTION PASSED received 1 response(s) and 0 exception(s):
nm_1        | 2021-06-25 13:23:48 INFO  DefaultContainerExecutor:370 - launchContainer: [bash, /tmp/hadoop-hadoop/nm-local-dir/usercache/hadoop/appcache/application_1624627231327_0002/container_1624627231327_0002_01_000004/default_container_executor.sh]
rm_1        | 2021-06-25 13:23:23 INFO  CapacityScheduler:1006 - Accepted application application_1624627231327_0002 from user: hadoop, in queue: default
rm_1        | 2021-06-25 13:23:23 INFO  RMAppImpl:903 - application_1624627231327_0002 State change from SUBMITTED to ACCEPTED on event = APP_ACCEPTED
datanode_3  | 2021-06-25 13:21:01,824 [efee2cd9-20c0-4eda-b9ff-5fbd4085450f@group-3BBA2CA5C558-LeaderElection2] INFO impl.LeaderElection:   Response 0: efee2cd9-20c0-4eda-b9ff-5fbd4085450f<-5bfe884c-55cd-445d-ab03-a24eac0da56f#0:OK-t2
rm_1        | 2021-06-25 13:23:23 INFO  ApplicationMasterService:480 - Registering app attempt : appattempt_1624627231327_0002_000001
nm_1        | 2021-06-25 13:23:50 INFO  ContainersMonitorImpl:650 - container_1624627231327_0002_01_000004's ip = 172.23.0.8, and hostname = nm
datanode_3  | 2021-06-25 13:21:01,829 [efee2cd9-20c0-4eda-b9ff-5fbd4085450f@group-3BBA2CA5C558-LeaderElection2] INFO impl.LeaderElection: efee2cd9-20c0-4eda-b9ff-5fbd4085450f@group-3BBA2CA5C558-LeaderElection2 ELECTION round 0: result PASSED
rm_1        | 2021-06-25 13:23:23 INFO  RMAppAttemptImpl:931 - appattempt_1624627231327_0002_000001 State change from NEW to SUBMITTED on event = START
nm_1        | 2021-06-25 13:23:50 INFO  ContainersMonitorImpl:551 - Skipping monitoring container container_1624627231327_0002_01_000004 since CPU usage is not yet available.
datanode_3  | 2021-06-25 13:21:01,829 [efee2cd9-20c0-4eda-b9ff-5fbd4085450f@group-3BBA2CA5C558-LeaderElection2] INFO impl.RoleInfo: efee2cd9-20c0-4eda-b9ff-5fbd4085450f: shutdown efee2cd9-20c0-4eda-b9ff-5fbd4085450f@group-3BBA2CA5C558-LeaderElection2
rm_1        | 2021-06-25 13:23:23 WARN  LeafQueue:839 - maximum-am-resource-percent is insufficient to start a single application in queue, it is likely set too low. skipping enforcement to allow at least one application to start
nm_1        | 2021-06-25 13:23:53 INFO  ContainerLaunch:596 - Container container_1624627231327_0002_01_000004 succeeded 
datanode_3  | 2021-06-25 13:21:01,830 [efee2cd9-20c0-4eda-b9ff-5fbd4085450f@group-3BBA2CA5C558-LeaderElection2] INFO server.RaftServer$Division: efee2cd9-20c0-4eda-b9ff-5fbd4085450f@group-3BBA2CA5C558: changes role from CANDIDATE to LEADER at term 2 for changeToLeader
rm_1        | 2021-06-25 13:23:23 WARN  LeafQueue:874 - maximum-am-resource-percent is insufficient to start a single application in queue for user, it is likely set too low. skipping enforcement to allow at least one application to start
nm_1        | 2021-06-25 13:23:53 INFO  ContainerImpl:2175 - Container container_1624627231327_0002_01_000004 transitioned from RUNNING to EXITED_WITH_SUCCESS
rm_1        | 2021-06-25 13:23:23 INFO  LeafQueue:903 - Application application_1624627231327_0002 from user: hadoop activated in queue: default
nm_1        | 2021-06-25 13:23:53 INFO  ContainerCleanup:87 - Cleaning up container container_1624627231327_0002_01_000004
datanode_3  | 2021-06-25 13:21:01,830 [efee2cd9-20c0-4eda-b9ff-5fbd4085450f@group-3BBA2CA5C558-LeaderElection2] INFO ratis.XceiverServerRatis: Leader change notification received for group: group-3BBA2CA5C558 with new leaderId: efee2cd9-20c0-4eda-b9ff-5fbd4085450f
rm_1        | 2021-06-25 13:23:23 INFO  LeafQueue:933 - Application added - appId: application_1624627231327_0002 user: hadoop, leaf-queue: default #user-pending-applications: 0 #user-active-applications: 1 #queue-pending-applications: 0 #queue-active-applications: 1
nm_1        | 2021-06-25 13:23:53 INFO  NMAuditLogger:94 - USER=hadoop	OPERATION=Container Finished - Succeeded	TARGET=ContainerImpl	RESULT=SUCCESS	APPID=application_1624627231327_0002	CONTAINERID=container_1624627231327_0002_01_000004
datanode_3  | 2021-06-25 13:21:01,830 [efee2cd9-20c0-4eda-b9ff-5fbd4085450f@group-3BBA2CA5C558-LeaderElection2] INFO server.RaftServer$Division: efee2cd9-20c0-4eda-b9ff-5fbd4085450f@group-3BBA2CA5C558: change Leader from null to efee2cd9-20c0-4eda-b9ff-5fbd4085450f at term 2 for becomeLeader, leader elected after 10107ms
rm_1        | 2021-06-25 13:23:23 INFO  CapacityScheduler:1052 - Added Application Attempt appattempt_1624627231327_0002_000001 to scheduler from user hadoop in queue default
nm_1        | 2021-06-25 13:23:53 INFO  ContainerImpl:2175 - Container container_1624627231327_0002_01_000004 transitioned from EXITED_WITH_SUCCESS to DONE
datanode_3  | 2021-06-25 13:21:01,832 [efee2cd9-20c0-4eda-b9ff-5fbd4085450f@group-3BBA2CA5C558-LeaderElection2] INFO server.RaftServerConfigKeys: raft.server.staging.catchup.gap = 1000 (default)
rm_1        | 2021-06-25 13:23:23 INFO  RMAppAttemptImpl:931 - appattempt_1624627231327_0002_000001 State change from SUBMITTED to SCHEDULED on event = ATTEMPT_ADDED
nm_1        | 2021-06-25 13:23:53 INFO  ApplicationImpl:512 - Removing container_1624627231327_0002_01_000004 from application application_1624627231327_0002
datanode_3  | 2021-06-25 13:21:01,832 [efee2cd9-20c0-4eda-b9ff-5fbd4085450f@group-3BBA2CA5C558-LeaderElection2] INFO metrics.RatisMetrics: Creating Metrics Registry : ratis.log_appender.efee2cd9-20c0-4eda-b9ff-5fbd4085450f@group-3BBA2CA5C558
rm_1        | 2021-06-25 13:23:24 INFO  AbstractContainerAllocator:130 - assignedContainer application attempt=appattempt_1624627231327_0002_000001 container=null queue=default clusterResource=<memory:8192, vCores:8> type=OFF_SWITCH requestedPartition=
nm_1        | 2021-06-25 13:23:53 INFO  ContainersMonitorImpl:1112 - Stopping resource-monitoring for container_1624627231327_0002_01_000004
datanode_3  | 2021-06-25 13:21:01,832 [efee2cd9-20c0-4eda-b9ff-5fbd4085450f@group-3BBA2CA5C558-LeaderElection2] INFO server.RaftServerConfigKeys: raft.server.write.element-limit = 1024 (custom)
rm_1        | 2021-06-25 13:23:24 INFO  RMContainerImpl:482 - container_1624627231327_0002_01_000001 Container Transitioned from NEW to ALLOCATED
nm_1        | 2021-06-25 13:23:53 INFO  AuxServices:350 - Got event CONTAINER_STOP for appId application_1624627231327_0002
datanode_3  | 2021-06-25 13:21:01,832 [efee2cd9-20c0-4eda-b9ff-5fbd4085450f@group-3BBA2CA5C558-LeaderElection2] INFO server.RaftServerConfigKeys: raft.server.write.byte-limit = 1073741824 (custom)
rm_1        | 2021-06-25 13:23:24 INFO  FiCaSchedulerNode:170 - Assigned container container_1624627231327_0002_01_000001 of capacity <memory:2048, vCores:1> on host nm:45499, which has 1 containers, <memory:2048, vCores:1> used and <memory:6144, vCores:7> available after allocation
nm_1        | 2021-06-25 13:23:53 INFO  DefaultContainerExecutor:634 - Deleting absolute path : /tmp/hadoop-hadoop/nm-local-dir/usercache/hadoop/appcache/application_1624627231327_0002/container_1624627231327_0002_01_000004/launch_container.sh
datanode_3  | 2021-06-25 13:21:01,833 [efee2cd9-20c0-4eda-b9ff-5fbd4085450f@group-3BBA2CA5C558-LeaderElection2] INFO server.RaftServerConfigKeys: raft.server.watch.timeout = 180s (custom)
rm_1        | 2021-06-25 13:23:24 INFO  RMAuditLogger:232 - USER=hadoop	OPERATION=AM Allocated Container	TARGET=SchedulerApp	RESULT=SUCCESS	APPID=application_1624627231327_0002	CONTAINERID=container_1624627231327_0002_01_000001	RESOURCE=<memory:2048, vCores:1>	QUEUENAME=default
nm_1        | 2021-06-25 13:23:53 INFO  DefaultContainerExecutor:634 - Deleting absolute path : /tmp/hadoop-hadoop/nm-local-dir/usercache/hadoop/appcache/application_1624627231327_0002/container_1624627231327_0002_01_000004/container_tokens
datanode_3  | 2021-06-25 13:21:01,833 [efee2cd9-20c0-4eda-b9ff-5fbd4085450f@group-3BBA2CA5C558-LeaderElection2] INFO server.RaftServerConfigKeys: raft.server.watch.timeout.denomination = 1s (default)
rm_1        | 2021-06-25 13:23:24 INFO  ParentQueue:1355 - assignedContainer queue=root usedCapacity=0.25 absoluteUsedCapacity=0.25 used=<memory:2048, vCores:1> cluster=<memory:8192, vCores:8>
nm_1        | 2021-06-25 13:23:53 INFO  DefaultContainerExecutor:634 - Deleting absolute path : /tmp/hadoop-hadoop/nm-local-dir/usercache/hadoop/appcache/application_1624627231327_0002/container_1624627231327_0002_01_000004/sysfs
datanode_3  | 2021-06-25 13:21:01,833 [efee2cd9-20c0-4eda-b9ff-5fbd4085450f@group-3BBA2CA5C558-LeaderElection2] INFO server.RaftServerConfigKeys: raft.server.watch.element-limit = 65536 (default)
rm_1        | 2021-06-25 13:23:24 INFO  CapacityScheduler:3048 - Allocation proposal accepted
nm_1        | 2021-06-25 13:23:53 WARN  DefaultContainerExecutor:637 - delete returned false for path: [/tmp/hadoop-hadoop/nm-local-dir/usercache/hadoop/appcache/application_1624627231327_0002/container_1624627231327_0002_01_000004/sysfs]
datanode_3  | 2021-06-25 13:21:01,855 [efee2cd9-20c0-4eda-b9ff-5fbd4085450f@group-3BBA2CA5C558-LeaderElection2] INFO server.RaftServerConfigKeys: raft.server.log.appender.snapshot.chunk.size.max = 16MB (=16777216) (default)
rm_1        | 2021-06-25 13:23:24 INFO  RMContainerImpl:482 - container_1624627231327_0002_01_000001 Container Transitioned from ALLOCATED to ACQUIRED
nm_1        | 2021-06-25 13:23:53 INFO  Server:2051 - Auth successful for appattempt_1624627231327_0002_000001 (auth:SIMPLE) from 172.23.0.8:58612
datanode_3  | 2021-06-25 13:21:01,856 [efee2cd9-20c0-4eda-b9ff-5fbd4085450f@group-3BBA2CA5C558-LeaderElection2] INFO server.RaftServerConfigKeys: raft.server.log.appender.buffer.byte-limit = 33554432 (custom)
rm_1        | 2021-06-25 13:23:24 INFO  NMTokenSecretManagerInRM:146 - Clear node set for appattempt_1624627231327_0002_000001
nm_1        | 2021-06-25 13:23:53 INFO  ContainerManagerImpl:1087 - Start request for container_1624627231327_0002_01_000005 by user hadoop
datanode_3  | 2021-06-25 13:21:01,856 [efee2cd9-20c0-4eda-b9ff-5fbd4085450f@group-3BBA2CA5C558-LeaderElection2] INFO server.RaftServerConfigKeys: raft.server.log.appender.buffer.element-limit = 1 (custom)
rm_1        | 2021-06-25 13:23:24 INFO  RMAppAttemptImpl:2253 - Storing attempt: AppId: application_1624627231327_0002 AttemptId: appattempt_1624627231327_0002_000001 MasterContainer: Container: [ContainerId: container_1624627231327_0002_01_000001, AllocationRequestId: -1, Version: 0, NodeId: nm:45499, NodeHttpAddress: nm:8042, Resource: <memory:2048, vCores:1>, Priority: 0, Token: Token { kind: ContainerToken, service: 172.23.0.8:45499 }, ExecutionType: GUARANTEED, ]
nm_1        | 2021-06-25 13:23:53 INFO  NMAuditLogger:94 - USER=hadoop	IP=172.23.0.8	OPERATION=Start Container Request	TARGET=ContainerManageImpl	RESULT=SUCCESS	APPID=application_1624627231327_0002	CONTAINERID=container_1624627231327_0002_01_000005
datanode_3  | 2021-06-25 13:21:01,859 [efee2cd9-20c0-4eda-b9ff-5fbd4085450f@group-3BBA2CA5C558-LeaderElection2] INFO grpc.GrpcConfigKeys: raft.grpc.server.leader.outstanding.appends.max = 128 (default)
rm_1        | 2021-06-25 13:23:24 INFO  RMAppAttemptImpl:931 - appattempt_1624627231327_0002_000001 State change from SCHEDULED to ALLOCATED_SAVING on event = CONTAINER_ALLOCATED
nm_1        | 2021-06-25 13:23:53 INFO  ApplicationImpl:463 - Adding container_1624627231327_0002_01_000005 to application application_1624627231327_0002
datanode_3  | 2021-06-25 13:21:01,860 [efee2cd9-20c0-4eda-b9ff-5fbd4085450f@group-3BBA2CA5C558-LeaderElection2] INFO server.RaftServerConfigKeys: raft.server.rpc.request.timeout = 60s (custom)
rm_1        | 2021-06-25 13:23:24 INFO  RMAppAttemptImpl:931 - appattempt_1624627231327_0002_000001 State change from ALLOCATED_SAVING to ALLOCATED on event = ATTEMPT_NEW_SAVED
nm_1        | 2021-06-25 13:23:53 INFO  ContainerImpl:2175 - Container container_1624627231327_0002_01_000005 transitioned from NEW to LOCALIZING
datanode_3  | 2021-06-25 13:21:01,860 [efee2cd9-20c0-4eda-b9ff-5fbd4085450f@group-3BBA2CA5C558-LeaderElection2] INFO server.RaftServerConfigKeys: raft.server.log.appender.install.snapshot.enabled = false (custom)
rm_1        | 2021-06-25 13:23:24 INFO  AMLauncher:311 - Launching masterappattempt_1624627231327_0002_000001
nm_1        | 2021-06-25 13:23:53 INFO  AuxServices:350 - Got event CONTAINER_INIT for appId application_1624627231327_0002
datanode_3  | 2021-06-25 13:21:01,861 [efee2cd9-20c0-4eda-b9ff-5fbd4085450f@group-3BBA2CA5C558-LeaderElection2] INFO metrics.RatisMetrics: Creating Metrics Registry : ratis_grpc.log_appender.efee2cd9-20c0-4eda-b9ff-5fbd4085450f@group-3BBA2CA5C558
rm_1        | 2021-06-25 13:23:24 INFO  AMLauncher:113 - Setting up container Container: [ContainerId: container_1624627231327_0002_01_000001, AllocationRequestId: -1, Version: 0, NodeId: nm:45499, NodeHttpAddress: nm:8042, Resource: <memory:2048, vCores:1>, Priority: 0, Token: Token { kind: ContainerToken, service: 172.23.0.8:45499 }, ExecutionType: GUARANTEED, ] for AM appattempt_1624627231327_0002_000001
nm_1        | 2021-06-25 13:23:53 INFO  AuxServices:350 - Got event APPLICATION_INIT for appId application_1624627231327_0002
datanode_3  | 2021-06-25 13:21:01,865 [efee2cd9-20c0-4eda-b9ff-5fbd4085450f@group-3BBA2CA5C558-LeaderElection2] INFO server.RaftServerConfigKeys: raft.server.log.appender.snapshot.chunk.size.max = 16MB (=16777216) (default)
rm_1        | 2021-06-25 13:23:24 INFO  AMRMTokenSecretManager:195 - Create AMRMToken for ApplicationAttempt: appattempt_1624627231327_0002_000001
nm_1        | 2021-06-25 13:23:53 INFO  AuxServices:354 - Got APPLICATION_INIT for service mapreduce_shuffle
datanode_3  | 2021-06-25 13:21:01,866 [efee2cd9-20c0-4eda-b9ff-5fbd4085450f@group-3BBA2CA5C558-LeaderElection2] INFO server.RaftServerConfigKeys: raft.server.log.appender.buffer.byte-limit = 33554432 (custom)
rm_1        | 2021-06-25 13:23:24 INFO  AMRMTokenSecretManager:307 - Creating password for appattempt_1624627231327_0002_000001
nm_1        | 2021-06-25 13:23:53 INFO  ShuffleHandler:719 - Added token for job_1624627231327_0002
datanode_3  | 2021-06-25 13:21:01,869 [efee2cd9-20c0-4eda-b9ff-5fbd4085450f@group-3BBA2CA5C558-LeaderElection2] INFO server.RaftServerConfigKeys: raft.server.log.appender.buffer.element-limit = 1 (custom)
nm_1        | 2021-06-25 13:23:53 INFO  ContainerImpl:2175 - Container container_1624627231327_0002_01_000005 transitioned from LOCALIZING to SCHEDULED
rm_1        | 2021-06-25 13:23:24 INFO  AMLauncher:134 - Done launching container Container: [ContainerId: container_1624627231327_0002_01_000001, AllocationRequestId: -1, Version: 0, NodeId: nm:45499, NodeHttpAddress: nm:8042, Resource: <memory:2048, vCores:1>, Priority: 0, Token: Token { kind: ContainerToken, service: 172.23.0.8:45499 }, ExecutionType: GUARANTEED, ] for AM appattempt_1624627231327_0002_000001
datanode_3  | 2021-06-25 13:21:01,869 [efee2cd9-20c0-4eda-b9ff-5fbd4085450f@group-3BBA2CA5C558-LeaderElection2] INFO grpc.GrpcConfigKeys: raft.grpc.server.leader.outstanding.appends.max = 128 (default)
nm_1        | 2021-06-25 13:23:53 INFO  ContainerScheduler:542 - Starting container [container_1624627231327_0002_01_000005]
rm_1        | 2021-06-25 13:23:24 INFO  RMAppAttemptImpl:931 - appattempt_1624627231327_0002_000001 State change from ALLOCATED to LAUNCHED on event = LAUNCHED
datanode_3  | 2021-06-25 13:21:01,870 [efee2cd9-20c0-4eda-b9ff-5fbd4085450f@group-3BBA2CA5C558-LeaderElection2] INFO server.RaftServerConfigKeys: raft.server.rpc.request.timeout = 60s (custom)
nm_1        | 2021-06-25 13:23:53 INFO  ContainerImpl:2175 - Container container_1624627231327_0002_01_000005 transitioned from SCHEDULED to RUNNING
rm_1        | 2021-06-25 13:23:24 INFO  RMAppImpl:1041 - update the launch time for applicationId: application_1624627231327_0002, attemptId: appattempt_1624627231327_0002_000001launchTime: 1624627404416
datanode_3  | 2021-06-25 13:21:01,870 [efee2cd9-20c0-4eda-b9ff-5fbd4085450f@group-3BBA2CA5C558-LeaderElection2] INFO server.RaftServerConfigKeys: raft.server.log.appender.install.snapshot.enabled = false (custom)
nm_1        | 2021-06-25 13:23:53 INFO  ContainersMonitorImpl:1121 - Starting resource-monitoring for container_1624627231327_0002_01_000005
rm_1        | 2021-06-25 13:23:24 INFO  RMStateStore:262 - Updating info for app: application_1624627231327_0002
datanode_3  | 2021-06-25 13:21:01,872 [efee2cd9-20c0-4eda-b9ff-5fbd4085450f@group-3BBA2CA5C558-LeaderElection2] INFO impl.RoleInfo: efee2cd9-20c0-4eda-b9ff-5fbd4085450f: start efee2cd9-20c0-4eda-b9ff-5fbd4085450f@group-3BBA2CA5C558-LeaderStateImpl
nm_1        | 2021-06-25 13:23:53 INFO  DefaultContainerExecutor:370 - launchContainer: [bash, /tmp/hadoop-hadoop/nm-local-dir/usercache/hadoop/appcache/application_1624627231327_0002/container_1624627231327_0002_01_000005/default_container_executor.sh]
rm_1        | 2021-06-25 13:23:25 INFO  RMContainerImpl:482 - container_1624627231327_0002_01_000001 Container Transitioned from ACQUIRED to RUNNING
datanode_3  | 2021-06-25 13:21:01,874 [efee2cd9-20c0-4eda-b9ff-5fbd4085450f@group-3BBA2CA5C558-LeaderElection2] INFO segmented.SegmentedRaftLogWorker: efee2cd9-20c0-4eda-b9ff-5fbd4085450f@group-3BBA2CA5C558-SegmentedRaftLogWorker: Starting segment from index:0
nm_1        | 2021-06-25 13:23:55 INFO  NodeStatusUpdaterImpl:723 - Removed completed containers from NM context: [container_1624627231327_0002_01_000004]
rm_1        | 2021-06-25 13:23:31 INFO  Server:2051 - Auth successful for appattempt_1624627231327_0002_000001 (auth:SIMPLE) from 172.23.0.8:42416
datanode_3  | 2021-06-25 13:21:01,881 [efee2cd9-20c0-4eda-b9ff-5fbd4085450f@group-3BBA2CA5C558-SegmentedRaftLogWorker] INFO segmented.SegmentedRaftLogWorker: efee2cd9-20c0-4eda-b9ff-5fbd4085450f@group-3BBA2CA5C558-SegmentedRaftLogWorker: created new log segment /data/metadata/ratis/4e1755d5-8252-4b84-9fef-3bba2ca5c558/current/log_inprogress_0
nm_1        | 2021-06-25 13:23:56 INFO  ContainersMonitorImpl:650 - container_1624627231327_0002_01_000005's ip = 172.23.0.8, and hostname = nm
rm_1        | 2021-06-25 13:23:31 INFO  DefaultAMSProcessor:146 - AM registration appattempt_1624627231327_0002_000001
datanode_3  | 2021-06-25 13:21:01,906 [efee2cd9-20c0-4eda-b9ff-5fbd4085450f@group-3BBA2CA5C558-LeaderElection2] INFO server.RaftServer$Division: efee2cd9-20c0-4eda-b9ff-5fbd4085450f@group-3BBA2CA5C558: set configuration 0: [ed7aa14f-3254-49b4-b159-6b77d888463b|rpc:172.23.0.2:9856|admin:172.23.0.2:9857|client:172.23.0.2:9858|dataStream:|priority:0, efee2cd9-20c0-4eda-b9ff-5fbd4085450f|rpc:172.23.0.3:9856|admin:172.23.0.3:9857|client:172.23.0.3:9858|dataStream:|priority:1, 5bfe884c-55cd-445d-ab03-a24eac0da56f|rpc:172.23.0.4:9856|admin:172.23.0.4:9857|client:172.23.0.4:9858|dataStream:|priority:0], old=null
nm_1        | 2021-06-25 13:23:56 INFO  ContainersMonitorImpl:551 - Skipping monitoring container container_1624627231327_0002_01_000005 since CPU usage is not yet available.
rm_1        | 2021-06-25 13:23:31 INFO  RMAppAttemptImpl:931 - appattempt_1624627231327_0002_000001 State change from LAUNCHED to RUNNING on event = REGISTERED
datanode_3  | 2021-06-25 13:21:04,229 [grpc-default-executor-1] INFO server.RaftServer$Division: efee2cd9-20c0-4eda-b9ff-5fbd4085450f@group-D50EA108EC0E: receive requestVote(ELECTION, ed7aa14f-3254-49b4-b159-6b77d888463b, group-D50EA108EC0E, 2, (t:0, i:0))
nm_1        | 2021-06-25 13:23:59 INFO  ContainerLaunch:596 - Container container_1624627231327_0002_01_000005 succeeded 
rm_1        | 2021-06-25 13:23:31 INFO  RMAppImpl:903 - application_1624627231327_0002 State change from ACCEPTED to RUNNING on event = ATTEMPT_REGISTERED
datanode_3  | 2021-06-25 13:21:04,230 [grpc-default-executor-1] INFO impl.VoteContext: efee2cd9-20c0-4eda-b9ff-5fbd4085450f@group-D50EA108EC0E-FOLLOWER: accept ELECTION from ed7aa14f-3254-49b4-b159-6b77d888463b: our priority 0 <= candidate's priority 1
nm_1        | 2021-06-25 13:23:59 INFO  ContainerImpl:2175 - Container container_1624627231327_0002_01_000005 transitioned from RUNNING to EXITED_WITH_SUCCESS
rm_1        | 2021-06-25 13:23:31 INFO  RMAuditLogger:305 - USER=hadoop	IP=172.23.0.8	OPERATION=Register App Master	TARGET=ApplicationMasterService	RESULT=SUCCESS	APPID=application_1624627231327_0002	APPATTEMPTID=appattempt_1624627231327_0002_000001
datanode_3  | 2021-06-25 13:21:04,230 [grpc-default-executor-1] INFO server.RaftServer$Division: efee2cd9-20c0-4eda-b9ff-5fbd4085450f@group-D50EA108EC0E: changes role from  FOLLOWER to FOLLOWER at term 2 for candidate:ed7aa14f-3254-49b4-b159-6b77d888463b
nm_1        | 2021-06-25 13:23:59 INFO  NMAuditLogger:94 - USER=hadoop	OPERATION=Container Finished - Succeeded	TARGET=ContainerImpl	RESULT=SUCCESS	APPID=application_1624627231327_0002	CONTAINERID=container_1624627231327_0002_01_000005
rm_1        | 2021-06-25 13:23:34 INFO  AbstractContainerAllocator:130 - assignedContainer application attempt=appattempt_1624627231327_0002_000001 container=null queue=default clusterResource=<memory:8192, vCores:8> type=RACK_LOCAL requestedPartition=
datanode_3  | 2021-06-25 13:21:04,231 [grpc-default-executor-1] INFO impl.RoleInfo: efee2cd9-20c0-4eda-b9ff-5fbd4085450f: shutdown efee2cd9-20c0-4eda-b9ff-5fbd4085450f@group-D50EA108EC0E-FollowerState
rm_1        | 2021-06-25 13:23:34 INFO  RMContainerImpl:482 - container_1624627231327_0002_01_000002 Container Transitioned from NEW to ALLOCATED
