datanode_3_1  | 2021-06-25 13:27:34,893 [pool-22-thread-1] INFO server.RaftServer$Division: 249e66b3-22e5-44dc-812b-c081d7ea4bb4@group-F929FFE87587: changes role from      null to FOLLOWER at term 0 for startAsFollower
datanode_1_1  | 2021-06-25 13:27:34,852 [pool-22-thread-1] INFO server.RaftServerConfigKeys: raft.server.retrycache.expirytime = 600000ms (custom)
datanode_1_1  | 2021-06-25 13:27:34,853 [pool-22-thread-1] INFO server.RaftServerConfigKeys: raft.server.retrycache.statistics.expirytime = 100?s (default)
datanode_6_1  | 2021-06-25 13:27:13,940 [pool-22-thread-1] INFO server.RaftServerConfigKeys: raft.server.leaderelection.leader.step-down.wait-time = 10s (default)
datanode_6_1  | 2021-06-25 13:27:13,941 [pool-22-thread-1] INFO server.RaftServerConfigKeys: raft.server.sleep.deviation.threshold = 300ms (default)
datanode_4_1  | 2021-06-25 13:27:30,009 [grpc-default-executor-1] INFO server.RaftServer$Division: 426a634e-5858-4a71-a853-7ffd32f5282e@group-65DE07CD1C28 replies to ELECTION vote request: 23578b50-5c3c-428c-bb84-1b6deae9bcdd<-426a634e-5858-4a71-a853-7ffd32f5282e#0:FAIL-t3. Peer's state: 426a634e-5858-4a71-a853-7ffd32f5282e@group-65DE07CD1C28:t3, leader=null, voted=null, raftlog=426a634e-5858-4a71-a853-7ffd32f5282e@group-65DE07CD1C28-SegmentedRaftLog:OPENED:c-1,f-1,i0, conf=-1: [464c6471-4bae-45e6-abad-dc4137312a9e|rpc:10.5.0.5:9856|admin:10.5.0.5:9857|client:10.5.0.5:9858|dataStream:|priority:0, 426a634e-5858-4a71-a853-7ffd32f5282e|rpc:10.5.0.7:9856|admin:10.5.0.7:9857|client:10.5.0.7:9858|dataStream:|priority:1, 23578b50-5c3c-428c-bb84-1b6deae9bcdd|rpc:10.5.0.9:9856|admin:10.5.0.9:9857|client:10.5.0.9:9858|dataStream:|priority:0], old=null
datanode_5_1  | 2021-06-25 13:27:10,840 [pool-22-thread-1] INFO metrics.RatisMetrics: Creating Metrics Registry : ratis.server.8eb16a66-d2f6-40a6-ad63-d95706c15cf6@group-234549176596
om_1          | 2021-06-25 13:27:32,603 [OM StateMachine ApplyTransaction Thread - 0] INFO volume.OMVolumeCreateRequest: created volume:vol-1-59594 for user:hadoop
om_1          | 2021-06-25 13:27:32,617 [OM StateMachine ApplyTransaction Thread - 0] INFO volume.OMVolumeCreateRequest: created volume:vol-2-38319 for user:hadoop
om_1          | 2021-06-25 13:27:32,637 [OM StateMachine ApplyTransaction Thread - 0] INFO volume.OMVolumeCreateRequest: created volume:vol-3-05336 for user:hadoop
datanode_2_1  | 2021-06-25 13:27:19,519 [grpc-default-executor-0] INFO impl.VoteContext: 464c6471-4bae-45e6-abad-dc4137312a9e@group-65DE07CD1C28-FOLLOWER: accept ELECTION from 23578b50-5c3c-428c-bb84-1b6deae9bcdd: our priority 0 <= candidate's priority 0
datanode_6_1  | 2021-06-25 13:27:13,941 [pool-22-thread-1] INFO server.RaftServerConfigKeys: raft.server.log.appender.install.snapshot.enabled = false (custom)
datanode_6_1  | 2021-06-25 13:27:13,948 [pool-22-thread-1] INFO server.RaftServer$Division: 23578b50-5c3c-428c-bb84-1b6deae9bcdd@group-65DE07CD1C28: ConfigurationManager, init=-1: [464c6471-4bae-45e6-abad-dc4137312a9e|rpc:10.5.0.5:9856|admin:10.5.0.5:9857|client:10.5.0.5:9858|priority:0, 426a634e-5858-4a71-a853-7ffd32f5282e|rpc:10.5.0.7:9856|admin:10.5.0.7:9857|client:10.5.0.7:9858|priority:1, 23578b50-5c3c-428c-bb84-1b6deae9bcdd|rpc:10.5.0.9:9856|admin:10.5.0.9:9857|client:10.5.0.9:9858|priority:0], old=null, confs=<EMPTY_MAP>
datanode_6_1  | 2021-06-25 13:27:13,948 [pool-22-thread-1] INFO server.RaftServerConfigKeys: raft.server.storage.dir = [/data/metadata/ratis] (custom)
scm_1         | 2021-06-25 13:27:03,458 [EventQueue-NewNodeForNewNodeHandler] INFO pipeline.BackgroundPipelineCreator: trigger a one-shot run on RatisPipelineUtilsThread.
scm_1         | 2021-06-25 13:27:03,458 [EventQueue-NewNodeForNewNodeHandler] INFO pipeline.BackgroundPipelineCreator: trigger a one-shot run on RatisPipelineUtilsThread.
datanode_1_1  | 2021-06-25 13:27:34,854 [pool-22-thread-1] INFO metrics.RatisMetrics: Creating Metrics Registry : ratis.leader_election.fea505d2-b177-4c02-8f48-94b44be6745e@group-41D4BDAA6B0A
datanode_1_1  | 2021-06-25 13:27:34,854 [pool-22-thread-1] INFO metrics.RatisMetrics: Creating Metrics Registry : ratis.server.fea505d2-b177-4c02-8f48-94b44be6745e@group-41D4BDAA6B0A
datanode_4_1  | 2021-06-25 13:27:34,627 [Command processor thread] INFO server.RaftServer: 426a634e-5858-4a71-a853-7ffd32f5282e: addNew group-0CB47F1E85B9:[426a634e-5858-4a71-a853-7ffd32f5282e|rpc:10.5.0.7:9856|admin:10.5.0.7:9857|client:10.5.0.7:9858|priority:1] returns group-0CB47F1E85B9:java.util.concurrent.CompletableFuture@1b0dda98[Not completed]
scm_1         | 2021-06-25 13:27:03,558 [EventQueue-NodeRegistrationContainerReportForDataNodeSafeModeRule] INFO safemode.SCMSafeModeManager: SCM in safe mode. 4 DataNodes registered, 4 required.
scm_1         | 2021-06-25 13:27:03,558 [EventQueue-NodeRegistrationContainerReportForDataNodeSafeModeRule] INFO safemode.SCMSafeModeManager: DataNodeSafeModeRule rule is successfully validated
datanode_1_1  | 2021-06-25 13:27:34,855 [pool-22-thread-1] INFO server.RaftServer$Division: fea505d2-b177-4c02-8f48-94b44be6745e@group-41D4BDAA6B0A: start as a follower, conf=-1: [fea505d2-b177-4c02-8f48-94b44be6745e|rpc:10.5.0.4:9856|admin:10.5.0.4:9857|client:10.5.0.4:9858|priority:1], old=null
datanode_2_1  | 2021-06-25 13:27:19,520 [grpc-default-executor-0] INFO server.RaftServer$Division: 464c6471-4bae-45e6-abad-dc4137312a9e@group-65DE07CD1C28: changes role from  FOLLOWER to FOLLOWER at term 1 for candidate:23578b50-5c3c-428c-bb84-1b6deae9bcdd
datanode_2_1  | 2021-06-25 13:27:19,520 [grpc-default-executor-0] INFO impl.RoleInfo: 464c6471-4bae-45e6-abad-dc4137312a9e: shutdown 464c6471-4bae-45e6-abad-dc4137312a9e@group-65DE07CD1C28-FollowerState
datanode_5_1  | 2021-06-25 13:27:10,844 [pool-22-thread-1] INFO server.RaftServer$Division: 8eb16a66-d2f6-40a6-ad63-d95706c15cf6@group-234549176596: start as a follower, conf=-1: [464c6471-4bae-45e6-abad-dc4137312a9e|rpc:10.5.0.5:9856|admin:10.5.0.5:9857|client:10.5.0.5:9858|dataStream:|priority:1, 426a634e-5858-4a71-a853-7ffd32f5282e|rpc:10.5.0.7:9856|admin:10.5.0.7:9857|client:10.5.0.7:9858|dataStream:|priority:0, 8eb16a66-d2f6-40a6-ad63-d95706c15cf6|rpc:10.5.0.8:9856|admin:10.5.0.8:9857|client:10.5.0.8:9858|dataStream:|priority:0], old=null
om_1          | 2021-06-25 13:27:32,650 [OM StateMachine ApplyTransaction Thread - 0] INFO volume.OMVolumeCreateRequest: created volume:vol-4-41828 for user:hadoop
scm_1         | 2021-06-25 13:27:03,558 [EventQueue-NodeRegistrationContainerReportForDataNodeSafeModeRule] INFO safemode.SCMSafeModeManager: All SCM safe mode pre check rules have passed
datanode_3_1  | 2021-06-25 13:27:34,893 [pool-22-thread-1] INFO impl.RoleInfo: 249e66b3-22e5-44dc-812b-c081d7ea4bb4: start 249e66b3-22e5-44dc-812b-c081d7ea4bb4@group-F929FFE87587-FollowerState
datanode_1_1  | 2021-06-25 13:27:34,863 [pool-22-thread-1] INFO server.RaftServer$Division: fea505d2-b177-4c02-8f48-94b44be6745e@group-41D4BDAA6B0A: changes role from      null to FOLLOWER at term 0 for startAsFollower
datanode_1_1  | 2021-06-25 13:27:34,863 [pool-22-thread-1] INFO impl.RoleInfo: fea505d2-b177-4c02-8f48-94b44be6745e: start fea505d2-b177-4c02-8f48-94b44be6745e@group-41D4BDAA6B0A-FollowerState
datanode_4_1  | 2021-06-25 13:27:34,629 [pool-22-thread-1] INFO server.RaftServer$Division: 426a634e-5858-4a71-a853-7ffd32f5282e: new RaftServerImpl for group-0CB47F1E85B9:[426a634e-5858-4a71-a853-7ffd32f5282e|rpc:10.5.0.7:9856|admin:10.5.0.7:9857|client:10.5.0.7:9858|priority:1] with ContainerStateMachine:uninitialized
datanode_6_1  | 2021-06-25 13:27:13,950 [pool-22-thread-1] INFO server.RaftServerConfigKeys: raft.server.log.corruption.policy = EXCEPTION (default)
datanode_6_1  | 2021-06-25 13:27:13,950 [pool-22-thread-1] INFO storage.RaftStorageDirectory: The storage directory /data/metadata/ratis/7862ee9b-c046-4805-a23d-65de07cd1c28 does not exist. Creating ...
scm_1         | 2021-06-25 13:27:03,563 [EventQueue-NodeRegistrationContainerReportForDataNodeSafeModeRule] WARN events.EventQueue: No event handler registered for event TypedEvent{payloadType=SafeModeStatus, name='Safe mode status'}
scm_1         | 2021-06-25 13:27:03,603 [EventQueue-NodeRegistrationContainerReportForDataNodeSafeModeRule] INFO ha.SCMContext: Update SafeModeStatus from SafeModeStatus{safeModeStatus=true, preCheckPassed=false} to SafeModeStatus{safeModeStatus=true, preCheckPassed=true}.
scm_1         | 2021-06-25 13:27:03,894 [EventQueue-NodeRegistrationContainerReportForDataNodeSafeModeRule] INFO pipeline.BackgroundPipelineCreator: trigger a one-shot run on RatisPipelineUtilsThread.
scm_1         | 2021-06-25 13:27:03,937 [RatisPipelineUtilsThread - 0] INFO pipeline.RatisPipelineProvider: Sending CreatePipelineCommand for pipeline:PipelineID=1b233dc9-a5ce-486e-9395-f929ffe87587 to datanode:249e66b3-22e5-44dc-812b-c081d7ea4bb4
scm_1         | 2021-06-25 13:27:04,179 [Listener at 0.0.0.0/9860] INFO handler.ContextHandler: Started o.e.j.w.WebAppContext@152035eb{scm,/,file:///tmp/jetty-0_0_0_0-9876-hdds-server-scm-1_2_0-SNAPSHOT_jar-_-any-14290699619084640794/webapp/,AVAILABLE}{jar:file:/opt/hadoop/share/ozone/lib/hdds-server-scm-1.2.0-SNAPSHOT.jar!/webapps/scm}
datanode_3_1  | 2021-06-25 13:27:34,906 [pool-22-thread-1] INFO util.JmxRegister: Successfully registered JMX Bean with object name Ratis:service=RaftServer,group=group-F929FFE87587,id=249e66b3-22e5-44dc-812b-c081d7ea4bb4
datanode_3_1  | 2021-06-25 13:27:34,906 [pool-22-thread-1] INFO metrics.RatisMetrics: Creating Metrics Registry : ratis.state_machine.249e66b3-22e5-44dc-812b-c081d7ea4bb4@group-F929FFE87587
datanode_4_1  | 2021-06-25 13:27:34,629 [pool-22-thread-1] INFO server.RaftServerConfigKeys: raft.server.rpc.timeout.min = 5s (custom)
datanode_2_1  | 2021-06-25 13:27:19,520 [grpc-default-executor-0] INFO impl.RoleInfo: 464c6471-4bae-45e6-abad-dc4137312a9e: start 464c6471-4bae-45e6-abad-dc4137312a9e@group-65DE07CD1C28-FollowerState
datanode_2_1  | 2021-06-25 13:27:19,521 [464c6471-4bae-45e6-abad-dc4137312a9e@group-65DE07CD1C28-FollowerState] INFO impl.FollowerState: 464c6471-4bae-45e6-abad-dc4137312a9e@group-65DE07CD1C28-FollowerState was interrupted: {}
datanode_2_1  | java.lang.InterruptedException: sleep interrupted
datanode_3_1  | 2021-06-25 13:27:34,918 [Command processor thread] INFO ratis.XceiverServerRatis: Created group PipelineID=1b233dc9-a5ce-486e-9395-f929ffe87587
datanode_3_1  | 2021-06-25 13:27:34,919 [Command processor thread] INFO commandhandler.CreatePipelineCommandHandler: Created Pipeline RATIS ONE PipelineID=1b233dc9-a5ce-486e-9395-f929ffe87587.
datanode_5_1  | 2021-06-25 13:27:10,846 [pool-22-thread-1] INFO server.RaftServer$Division: 8eb16a66-d2f6-40a6-ad63-d95706c15cf6@group-234549176596: changes role from      null to FOLLOWER at term 0 for startAsFollower
datanode_5_1  | 2021-06-25 13:27:10,846 [pool-22-thread-1] INFO impl.RoleInfo: 8eb16a66-d2f6-40a6-ad63-d95706c15cf6: start 8eb16a66-d2f6-40a6-ad63-d95706c15cf6@group-234549176596-FollowerState
datanode_4_1  | 2021-06-25 13:27:34,630 [pool-22-thread-1] INFO server.RaftServerConfigKeys: raft.server.rpc.timeout.max = 5200ms (custom)
datanode_4_1  | 2021-06-25 13:27:34,630 [pool-22-thread-1] INFO server.RaftServerConfigKeys: raft.server.rpc.sleep.time = 25ms (default)
datanode_4_1  | 2021-06-25 13:27:34,630 [pool-22-thread-1] INFO server.RaftServerConfigKeys: raft.server.rpc.slowness.timeout = 300s (custom)
datanode_5_1  | 2021-06-25 13:27:10,878 [pool-22-thread-1] INFO util.JmxRegister: Successfully registered JMX Bean with object name Ratis:service=RaftServer,group=group-234549176596,id=8eb16a66-d2f6-40a6-ad63-d95706c15cf6
datanode_6_1  | 2021-06-25 13:27:13,959 [pool-22-thread-1] INFO storage.RaftStorageDirectory: Lock on /data/metadata/ratis/7862ee9b-c046-4805-a23d-65de07cd1c28/in_use.lock acquired by nodename 7@08ca51f259f0
datanode_6_1  | 2021-06-25 13:27:13,963 [pool-22-thread-1] INFO storage.RaftStorage: Storage directory /data/metadata/ratis/7862ee9b-c046-4805-a23d-65de07cd1c28 has been successfully formatted.
datanode_2_1  | 	at java.base/java.lang.Thread.sleep(Native Method)
datanode_2_1  | 	at java.base/java.lang.Thread.sleep(Thread.java:339)
datanode_2_1  | 	at java.base/java.util.concurrent.TimeUnit.sleep(TimeUnit.java:446)
datanode_2_1  | 	at org.apache.ratis.util.TimeDuration.sleep(TimeDuration.java:324)
datanode_3_1  | 2021-06-25 13:27:40,013 [249e66b3-22e5-44dc-812b-c081d7ea4bb4@group-F929FFE87587-FollowerState] INFO impl.FollowerState: 249e66b3-22e5-44dc-812b-c081d7ea4bb4@group-F929FFE87587-FollowerState: change to CANDIDATE, lastRpcElapsedTime:5119734228ns, electionTimeout:5106ms
datanode_4_1  | 2021-06-25 13:27:34,630 [pool-22-thread-1] INFO server.RaftServerConfigKeys: raft.server.leaderelection.leader.step-down.wait-time = 10s (default)
datanode_1_1  | 2021-06-25 13:27:34,871 [pool-22-thread-1] INFO util.JmxRegister: Successfully registered JMX Bean with object name Ratis:service=RaftServer,group=group-41D4BDAA6B0A,id=fea505d2-b177-4c02-8f48-94b44be6745e
datanode_2_1  | 	at org.apache.ratis.util.TimeDuration.sleep(TimeDuration.java:309)
datanode_3_1  | 2021-06-25 13:27:40,017 [249e66b3-22e5-44dc-812b-c081d7ea4bb4@group-F929FFE87587-FollowerState] INFO impl.RoleInfo: 249e66b3-22e5-44dc-812b-c081d7ea4bb4: shutdown 249e66b3-22e5-44dc-812b-c081d7ea4bb4@group-F929FFE87587-FollowerState
datanode_3_1  | 2021-06-25 13:27:40,017 [249e66b3-22e5-44dc-812b-c081d7ea4bb4@group-F929FFE87587-FollowerState] INFO server.RaftServer$Division: 249e66b3-22e5-44dc-812b-c081d7ea4bb4@group-F929FFE87587: changes role from  FOLLOWER to CANDIDATE at term 0 for changeToCandidate
datanode_3_1  | 2021-06-25 13:27:40,017 [249e66b3-22e5-44dc-812b-c081d7ea4bb4@group-F929FFE87587-FollowerState] INFO server.RaftServerConfigKeys: raft.server.leaderelection.pre-vote = false (custom)
datanode_3_1  | 2021-06-25 13:27:40,017 [249e66b3-22e5-44dc-812b-c081d7ea4bb4@group-F929FFE87587-FollowerState] INFO impl.RoleInfo: 249e66b3-22e5-44dc-812b-c081d7ea4bb4: start 249e66b3-22e5-44dc-812b-c081d7ea4bb4@group-F929FFE87587-LeaderElection2
datanode_5_1  | 2021-06-25 13:27:10,878 [pool-22-thread-1] INFO metrics.RatisMetrics: Creating Metrics Registry : ratis.state_machine.8eb16a66-d2f6-40a6-ad63-d95706c15cf6@group-234549176596
datanode_5_1  | 2021-06-25 13:27:12,314 [8eb16a66-d2f6-40a6-ad63-d95706c15cf6@group-8CAA87B5B27A-FollowerState] INFO impl.FollowerState: 8eb16a66-d2f6-40a6-ad63-d95706c15cf6@group-8CAA87B5B27A-FollowerState: change to CANDIDATE, lastRpcElapsedTime:5106913387ns, electionTimeout:5083ms
datanode_1_1  | 2021-06-25 13:27:34,873 [pool-22-thread-1] INFO metrics.RatisMetrics: Creating Metrics Registry : ratis.state_machine.fea505d2-b177-4c02-8f48-94b44be6745e@group-41D4BDAA6B0A
datanode_2_1  | 	at org.apache.ratis.server.impl.FollowerState.run(FollowerState.java:118)
scm_1         | 2021-06-25 13:27:04,203 [Listener at 0.0.0.0/9860] INFO server.AbstractConnector: Started ServerConnector@13ebccd{HTTP/1.1, (http/1.1)}{0.0.0.0:9876}
datanode_5_1  | 2021-06-25 13:27:12,315 [8eb16a66-d2f6-40a6-ad63-d95706c15cf6@group-8CAA87B5B27A-FollowerState] INFO impl.RoleInfo: 8eb16a66-d2f6-40a6-ad63-d95706c15cf6: shutdown 8eb16a66-d2f6-40a6-ad63-d95706c15cf6@group-8CAA87B5B27A-FollowerState
datanode_6_1  | 2021-06-25 13:27:13,970 [Command processor thread] INFO server.RaftServer: 23578b50-5c3c-428c-bb84-1b6deae9bcdd: addNew group-65DE07CD1C28:[464c6471-4bae-45e6-abad-dc4137312a9e|rpc:10.5.0.5:9856|admin:10.5.0.5:9857|client:10.5.0.5:9858|priority:0, 426a634e-5858-4a71-a853-7ffd32f5282e|rpc:10.5.0.7:9856|admin:10.5.0.7:9857|client:10.5.0.7:9858|priority:1, 23578b50-5c3c-428c-bb84-1b6deae9bcdd|rpc:10.5.0.9:9856|admin:10.5.0.9:9857|client:10.5.0.9:9858|priority:0] returns group-65DE07CD1C28:java.util.concurrent.CompletableFuture@aa785c0[Not completed]
datanode_6_1  | 2021-06-25 13:27:13,979 [pool-22-thread-1] INFO ratis.ContainerStateMachine: group-65DE07CD1C28: The snapshot info is null. Setting the last applied indexto:(t:0, i:~)
datanode_1_1  | 2021-06-25 13:27:34,875 [Command processor thread] INFO ratis.XceiverServerRatis: Created group PipelineID=4e23862c-f50b-4beb-ba83-41d4bdaa6b0a
datanode_2_1  | 2021-06-25 13:27:19,548 [grpc-default-executor-0] INFO server.RaftServer$Division: 464c6471-4bae-45e6-abad-dc4137312a9e@group-65DE07CD1C28 replies to ELECTION vote request: 23578b50-5c3c-428c-bb84-1b6deae9bcdd<-464c6471-4bae-45e6-abad-dc4137312a9e#0:OK-t1. Peer's state: 464c6471-4bae-45e6-abad-dc4137312a9e@group-65DE07CD1C28:t1, leader=null, voted=23578b50-5c3c-428c-bb84-1b6deae9bcdd, raftlog=464c6471-4bae-45e6-abad-dc4137312a9e@group-65DE07CD1C28-SegmentedRaftLog:OPENED:c-1,f-1,i0, conf=-1: [464c6471-4bae-45e6-abad-dc4137312a9e|rpc:10.5.0.5:9856|admin:10.5.0.5:9857|client:10.5.0.5:9858|dataStream:|priority:0, 426a634e-5858-4a71-a853-7ffd32f5282e|rpc:10.5.0.7:9856|admin:10.5.0.7:9857|client:10.5.0.7:9858|dataStream:|priority:1, 23578b50-5c3c-428c-bb84-1b6deae9bcdd|rpc:10.5.0.9:9856|admin:10.5.0.9:9857|client:10.5.0.9:9858|dataStream:|priority:0], old=null
datanode_2_1  | 2021-06-25 13:27:21,082 [464c6471-4bae-45e6-abad-dc4137312a9e@group-743DAB84782A-FollowerState] INFO impl.FollowerState: 464c6471-4bae-45e6-abad-dc4137312a9e@group-743DAB84782A-FollowerState: change to CANDIDATE, lastRpcElapsedTime:5191832603ns, electionTimeout:5187ms
datanode_5_1  | 2021-06-25 13:27:12,316 [8eb16a66-d2f6-40a6-ad63-d95706c15cf6@group-8CAA87B5B27A-FollowerState] INFO server.RaftServer$Division: 8eb16a66-d2f6-40a6-ad63-d95706c15cf6@group-8CAA87B5B27A: changes role from  FOLLOWER to CANDIDATE at term 0 for changeToCandidate
datanode_5_1  | 2021-06-25 13:27:12,319 [8eb16a66-d2f6-40a6-ad63-d95706c15cf6@group-8CAA87B5B27A-FollowerState] INFO server.RaftServerConfigKeys: raft.server.leaderelection.pre-vote = false (custom)
datanode_5_1  | 2021-06-25 13:27:12,319 [8eb16a66-d2f6-40a6-ad63-d95706c15cf6@group-8CAA87B5B27A-FollowerState] INFO impl.RoleInfo: 8eb16a66-d2f6-40a6-ad63-d95706c15cf6: start 8eb16a66-d2f6-40a6-ad63-d95706c15cf6@group-8CAA87B5B27A-LeaderElection1
scm_1         | 2021-06-25 13:27:04,206 [Listener at 0.0.0.0/9860] INFO server.Server: Started @28354ms
datanode_5_1  | 2021-06-25 13:27:12,326 [8eb16a66-d2f6-40a6-ad63-d95706c15cf6@group-8CAA87B5B27A-LeaderElection1] INFO impl.LeaderElection: 8eb16a66-d2f6-40a6-ad63-d95706c15cf6@group-8CAA87B5B27A-LeaderElection1 ELECTION round 0: submit vote requests at term 1 for -1: [249e66b3-22e5-44dc-812b-c081d7ea4bb4|rpc:10.5.0.6:9856|admin:10.5.0.6:9857|client:10.5.0.6:9858|priority:0, fea505d2-b177-4c02-8f48-94b44be6745e|rpc:10.5.0.4:9856|admin:10.5.0.4:9857|client:10.5.0.4:9858|priority:0, 8eb16a66-d2f6-40a6-ad63-d95706c15cf6|rpc:10.5.0.8:9856|admin:10.5.0.8:9857|client:10.5.0.8:9858|priority:1], old=null
datanode_3_1  | 2021-06-25 13:27:40,069 [249e66b3-22e5-44dc-812b-c081d7ea4bb4@group-F929FFE87587-LeaderElection2] INFO impl.LeaderElection: 249e66b3-22e5-44dc-812b-c081d7ea4bb4@group-F929FFE87587-LeaderElection2 ELECTION round 0: submit vote requests at term 1 for -1: [249e66b3-22e5-44dc-812b-c081d7ea4bb4|rpc:10.5.0.6:9856|admin:10.5.0.6:9857|client:10.5.0.6:9858|priority:1], old=null
datanode_3_1  | 2021-06-25 13:27:40,071 [249e66b3-22e5-44dc-812b-c081d7ea4bb4@group-F929FFE87587-LeaderElection2] INFO impl.LeaderElection: 249e66b3-22e5-44dc-812b-c081d7ea4bb4@group-F929FFE87587-LeaderElection2 ELECTION round 0: result PASSED (term=1)
datanode_3_1  | 2021-06-25 13:27:40,072 [249e66b3-22e5-44dc-812b-c081d7ea4bb4@group-F929FFE87587-LeaderElection2] INFO impl.RoleInfo: 249e66b3-22e5-44dc-812b-c081d7ea4bb4: shutdown 249e66b3-22e5-44dc-812b-c081d7ea4bb4@group-F929FFE87587-LeaderElection2
datanode_2_1  | 2021-06-25 13:27:21,082 [464c6471-4bae-45e6-abad-dc4137312a9e@group-743DAB84782A-FollowerState] INFO impl.RoleInfo: 464c6471-4bae-45e6-abad-dc4137312a9e: shutdown 464c6471-4bae-45e6-abad-dc4137312a9e@group-743DAB84782A-FollowerState
datanode_1_1  | 2021-06-25 13:27:34,876 [Command processor thread] INFO commandhandler.CreatePipelineCommandHandler: Created Pipeline RATIS ONE PipelineID=4e23862c-f50b-4beb-ba83-41d4bdaa6b0a.
scm_1         | 2021-06-25 13:27:04,221 [Listener at 0.0.0.0/9860] INFO impl.MetricsSinkAdapter: Sink prometheus started
datanode_5_1  | 2021-06-25 13:27:12,623 [grpc-default-executor-0] INFO server.RaftServer$Division: 8eb16a66-d2f6-40a6-ad63-d95706c15cf6@group-234549176596: receive requestVote(ELECTION, 464c6471-4bae-45e6-abad-dc4137312a9e, group-234549176596, 1, (t:0, i:0))
datanode_3_1  | 2021-06-25 13:27:40,074 [249e66b3-22e5-44dc-812b-c081d7ea4bb4@group-F929FFE87587-LeaderElection2] INFO server.RaftServer$Division: 249e66b3-22e5-44dc-812b-c081d7ea4bb4@group-F929FFE87587: changes role from CANDIDATE to LEADER at term 1 for changeToLeader
datanode_3_1  | 2021-06-25 13:27:40,074 [249e66b3-22e5-44dc-812b-c081d7ea4bb4@group-F929FFE87587-LeaderElection2] INFO ratis.XceiverServerRatis: Leader change notification received for group: group-F929FFE87587 with new leaderId: 249e66b3-22e5-44dc-812b-c081d7ea4bb4
datanode_3_1  | 2021-06-25 13:27:40,074 [249e66b3-22e5-44dc-812b-c081d7ea4bb4@group-F929FFE87587-LeaderElection2] INFO server.RaftServer$Division: 249e66b3-22e5-44dc-812b-c081d7ea4bb4@group-F929FFE87587: change Leader from null to 249e66b3-22e5-44dc-812b-c081d7ea4bb4 at term 1 for becomeLeader, leader elected after 5203ms
datanode_4_1  | 2021-06-25 13:27:34,631 [pool-22-thread-1] INFO server.RaftServerConfigKeys: raft.server.sleep.deviation.threshold = 300ms (default)
datanode_4_1  | 2021-06-25 13:27:34,631 [pool-22-thread-1] INFO server.RaftServerConfigKeys: raft.server.log.appender.install.snapshot.enabled = false (custom)
datanode_4_1  | 2021-06-25 13:27:34,631 [pool-22-thread-1] INFO server.RaftServer$Division: 426a634e-5858-4a71-a853-7ffd32f5282e@group-0CB47F1E85B9: ConfigurationManager, init=-1: [426a634e-5858-4a71-a853-7ffd32f5282e|rpc:10.5.0.7:9856|admin:10.5.0.7:9857|client:10.5.0.7:9858|priority:1], old=null, confs=<EMPTY_MAP>
datanode_4_1  | 2021-06-25 13:27:34,631 [pool-22-thread-1] INFO server.RaftServerConfigKeys: raft.server.storage.dir = [/data/metadata/ratis] (custom)
datanode_4_1  | 2021-06-25 13:27:34,632 [pool-22-thread-1] INFO server.RaftServerConfigKeys: raft.server.log.corruption.policy = EXCEPTION (default)
scm_1         | 2021-06-25 13:27:04,222 [Listener at 0.0.0.0/9860] INFO impl.MetricsSystemImpl: Registered sink prometheus
datanode_6_1  | 2021-06-25 13:27:13,988 [pool-22-thread-1] INFO server.RaftServerConfigKeys: raft.server.notification.no-leader.timeout = 300s (custom)
datanode_6_1  | 2021-06-25 13:27:13,997 [pool-22-thread-1] INFO server.RaftServerConfigKeys: raft.server.log.use.memory = false (default)
datanode_6_1  | 2021-06-25 13:27:13,997 [pool-22-thread-1] INFO server.RaftServerConfigKeys: raft.server.log.purge.gap = 1000000 (custom)
datanode_6_1  | 2021-06-25 13:27:13,997 [pool-22-thread-1] INFO server.RaftServerConfigKeys: raft.server.log.appender.buffer.byte-limit = 33554432 (custom)
datanode_6_1  | 2021-06-25 13:27:13,998 [pool-22-thread-1] INFO metrics.RatisMetrics: Creating Metrics Registry : ratis.log_worker.23578b50-5c3c-428c-bb84-1b6deae9bcdd@group-65DE07CD1C28
datanode_6_1  | 2021-06-25 13:27:13,998 [pool-22-thread-1] INFO server.RaftServerConfigKeys: raft.server.log.segment.size.max = 1048576 (custom)
datanode_6_1  | 2021-06-25 13:27:13,999 [pool-22-thread-1] INFO server.RaftServerConfigKeys: raft.server.log.segment.cache.num.max = 2 (custom)
datanode_6_1  | 2021-06-25 13:27:14,008 [pool-22-thread-1] INFO server.RaftServerConfigKeys: raft.server.log.segment.cache.size.max = 200MB (=209715200) (default)
datanode_6_1  | 2021-06-25 13:27:14,011 [pool-22-thread-1] INFO segmented.SegmentedRaftLogWorker: new 23578b50-5c3c-428c-bb84-1b6deae9bcdd@group-65DE07CD1C28-SegmentedRaftLogWorker for RaftStorageImpl:Storage Directory /data/metadata/ratis/7862ee9b-c046-4805-a23d-65de07cd1c28
datanode_6_1  | 2021-06-25 13:27:14,014 [pool-22-thread-1] INFO server.RaftServerConfigKeys: raft.server.log.queue.byte-limit = 2147483647 (custom)
datanode_6_1  | 2021-06-25 13:27:14,015 [pool-22-thread-1] INFO server.RaftServerConfigKeys: raft.server.log.queue.element-limit = 1024 (custom)
datanode_6_1  | 2021-06-25 13:27:14,018 [pool-22-thread-1] INFO server.RaftServerConfigKeys: raft.server.log.segment.size.max = 1048576 (custom)
datanode_6_1  | 2021-06-25 13:27:14,022 [pool-22-thread-1] INFO server.RaftServerConfigKeys: raft.server.log.preallocated.size = 16384 (custom)
datanode_6_1  | 2021-06-25 13:27:14,022 [pool-22-thread-1] INFO server.RaftServerConfigKeys: raft.server.log.force.sync.num = 128 (default)
datanode_6_1  | 2021-06-25 13:27:14,022 [pool-22-thread-1] INFO server.RaftServerConfigKeys: raft.server.log.statemachine.data.sync = true (default)
datanode_3_1  | 2021-06-25 13:27:40,099 [249e66b3-22e5-44dc-812b-c081d7ea4bb4@group-F929FFE87587-LeaderElection2] INFO server.RaftServerConfigKeys: raft.server.staging.catchup.gap = 1000 (default)
datanode_3_1  | 2021-06-25 13:27:40,139 [249e66b3-22e5-44dc-812b-c081d7ea4bb4@group-F929FFE87587-LeaderElection2] INFO metrics.RatisMetrics: Creating Metrics Registry : ratis.log_appender.249e66b3-22e5-44dc-812b-c081d7ea4bb4@group-F929FFE87587
datanode_5_1  | 2021-06-25 13:27:12,625 [grpc-default-executor-0] INFO impl.VoteContext: 8eb16a66-d2f6-40a6-ad63-d95706c15cf6@group-234549176596-FOLLOWER: accept ELECTION from 464c6471-4bae-45e6-abad-dc4137312a9e: our priority 0 <= candidate's priority 1
datanode_5_1  | 2021-06-25 13:27:12,626 [grpc-default-executor-0] INFO server.RaftServer$Division: 8eb16a66-d2f6-40a6-ad63-d95706c15cf6@group-234549176596: changes role from  FOLLOWER to FOLLOWER at term 1 for candidate:464c6471-4bae-45e6-abad-dc4137312a9e
datanode_5_1  | 2021-06-25 13:27:12,626 [grpc-default-executor-0] INFO impl.RoleInfo: 8eb16a66-d2f6-40a6-ad63-d95706c15cf6: shutdown 8eb16a66-d2f6-40a6-ad63-d95706c15cf6@group-234549176596-FollowerState
datanode_5_1  | 2021-06-25 13:27:12,626 [grpc-default-executor-0] INFO impl.RoleInfo: 8eb16a66-d2f6-40a6-ad63-d95706c15cf6: start 8eb16a66-d2f6-40a6-ad63-d95706c15cf6@group-234549176596-FollowerState
datanode_4_1  | 2021-06-25 13:27:34,632 [pool-22-thread-1] INFO storage.RaftStorageDirectory: The storage directory /data/metadata/ratis/e6685c2f-d488-4d5a-a010-0cb47f1e85b9 does not exist. Creating ...
datanode_4_1  | 2021-06-25 13:27:34,634 [pool-22-thread-1] INFO storage.RaftStorageDirectory: Lock on /data/metadata/ratis/e6685c2f-d488-4d5a-a010-0cb47f1e85b9/in_use.lock acquired by nodename 7@68c645b929ac
datanode_4_1  | 2021-06-25 13:27:34,647 [pool-22-thread-1] INFO storage.RaftStorage: Storage directory /data/metadata/ratis/e6685c2f-d488-4d5a-a010-0cb47f1e85b9 has been successfully formatted.
datanode_3_1  | 2021-06-25 13:27:40,208 [249e66b3-22e5-44dc-812b-c081d7ea4bb4@group-F929FFE87587-LeaderElection2] INFO server.RaftServerConfigKeys: raft.server.write.element-limit = 1024 (custom)
datanode_3_1  | 2021-06-25 13:27:40,225 [249e66b3-22e5-44dc-812b-c081d7ea4bb4@group-F929FFE87587-LeaderElection2] INFO server.RaftServerConfigKeys: raft.server.write.byte-limit = 1073741824 (custom)
datanode_5_1  | 2021-06-25 13:27:12,627 [8eb16a66-d2f6-40a6-ad63-d95706c15cf6@group-234549176596-FollowerState] INFO impl.FollowerState: 8eb16a66-d2f6-40a6-ad63-d95706c15cf6@group-234549176596-FollowerState was interrupted: {}
datanode_4_1  | 2021-06-25 13:27:34,648 [pool-22-thread-1] INFO ratis.ContainerStateMachine: group-0CB47F1E85B9: The snapshot info is null. Setting the last applied indexto:(t:0, i:~)
datanode_4_1  | 2021-06-25 13:27:34,648 [pool-22-thread-1] INFO server.RaftServerConfigKeys: raft.server.notification.no-leader.timeout = 300s (custom)
datanode_3_1  | 2021-06-25 13:27:40,304 [249e66b3-22e5-44dc-812b-c081d7ea4bb4@group-F929FFE87587-LeaderElection2] INFO server.RaftServerConfigKeys: raft.server.watch.timeout = 180s (custom)
datanode_3_1  | 2021-06-25 13:27:40,330 [249e66b3-22e5-44dc-812b-c081d7ea4bb4@group-F929FFE87587-LeaderElection2] INFO server.RaftServerConfigKeys: raft.server.watch.timeout.denomination = 1s (default)
datanode_3_1  | 2021-06-25 13:27:40,338 [249e66b3-22e5-44dc-812b-c081d7ea4bb4@group-F929FFE87587-LeaderElection2] INFO server.RaftServerConfigKeys: raft.server.watch.element-limit = 65536 (default)
datanode_3_1  | 2021-06-25 13:27:40,393 [249e66b3-22e5-44dc-812b-c081d7ea4bb4@group-F929FFE87587-LeaderElection2] INFO impl.RoleInfo: 249e66b3-22e5-44dc-812b-c081d7ea4bb4: start 249e66b3-22e5-44dc-812b-c081d7ea4bb4@group-F929FFE87587-LeaderStateImpl
datanode_1_1  | 2021-06-25 13:27:39,904 [fea505d2-b177-4c02-8f48-94b44be6745e@group-41D4BDAA6B0A-FollowerState] INFO impl.FollowerState: fea505d2-b177-4c02-8f48-94b44be6745e@group-41D4BDAA6B0A-FollowerState: change to CANDIDATE, lastRpcElapsedTime:5040381099ns, electionTimeout:5028ms
datanode_1_1  | 2021-06-25 13:27:39,904 [fea505d2-b177-4c02-8f48-94b44be6745e@group-41D4BDAA6B0A-FollowerState] INFO impl.RoleInfo: fea505d2-b177-4c02-8f48-94b44be6745e: shutdown fea505d2-b177-4c02-8f48-94b44be6745e@group-41D4BDAA6B0A-FollowerState
datanode_1_1  | 2021-06-25 13:27:39,905 [fea505d2-b177-4c02-8f48-94b44be6745e@group-41D4BDAA6B0A-FollowerState] INFO server.RaftServer$Division: fea505d2-b177-4c02-8f48-94b44be6745e@group-41D4BDAA6B0A: changes role from  FOLLOWER to CANDIDATE at term 0 for changeToCandidate
datanode_5_1  | java.lang.InterruptedException: sleep interrupted
datanode_2_1  | 2021-06-25 13:27:21,082 [464c6471-4bae-45e6-abad-dc4137312a9e@group-743DAB84782A-FollowerState] INFO server.RaftServer$Division: 464c6471-4bae-45e6-abad-dc4137312a9e@group-743DAB84782A: changes role from  FOLLOWER to CANDIDATE at term 0 for changeToCandidate
datanode_2_1  | 2021-06-25 13:27:21,083 [464c6471-4bae-45e6-abad-dc4137312a9e@group-743DAB84782A-FollowerState] INFO server.RaftServerConfigKeys: raft.server.leaderelection.pre-vote = false (custom)
datanode_3_1  | 2021-06-25 13:27:40,429 [249e66b3-22e5-44dc-812b-c081d7ea4bb4@group-F929FFE87587-LeaderElection2] INFO segmented.SegmentedRaftLogWorker: 249e66b3-22e5-44dc-812b-c081d7ea4bb4@group-F929FFE87587-SegmentedRaftLogWorker: Starting segment from index:0
datanode_1_1  | 2021-06-25 13:27:39,908 [fea505d2-b177-4c02-8f48-94b44be6745e@group-41D4BDAA6B0A-FollowerState] INFO server.RaftServerConfigKeys: raft.server.leaderelection.pre-vote = false (custom)
scm_1         | 2021-06-25 13:27:04,217 [RatisPipelineUtilsThread - 0] INFO pipeline.PipelineStateManager: Created pipeline Pipeline[ Id: 1b233dc9-a5ce-486e-9395-f929ffe87587, Nodes: 249e66b3-22e5-44dc-812b-c081d7ea4bb4{ip: 10.5.0.6, host: ozone-topology_datanode_3_1.ozone-topology_net, ports: [REPLICATION=9886, RATIS=9858, RATIS_ADMIN=9857, RATIS_SERVER=9856, STANDALONE=9859], networkLocation: /rack1, certSerialId: null, persistedOpState: IN_SERVICE, persistedOpStateExpiryEpochSec: 0}, ReplicationConfig: RATIS/ONE, State:ALLOCATED, leaderId:, CreationTimestamp2021-06-25T13:27:03.596Z].
scm_1         | 2021-06-25 13:27:04,224 [Listener at 0.0.0.0/9860] INFO http.BaseHttpServer: HTTP server of scm listening at http://0.0.0.0:9876
datanode_5_1  | 	at java.base/java.lang.Thread.sleep(Native Method)
datanode_2_1  | 2021-06-25 13:27:21,083 [464c6471-4bae-45e6-abad-dc4137312a9e@group-743DAB84782A-FollowerState] INFO impl.RoleInfo: 464c6471-4bae-45e6-abad-dc4137312a9e: start 464c6471-4bae-45e6-abad-dc4137312a9e@group-743DAB84782A-LeaderElection2
datanode_2_1  | 2021-06-25 13:27:21,093 [464c6471-4bae-45e6-abad-dc4137312a9e@group-743DAB84782A-LeaderElection2] INFO impl.LeaderElection: 464c6471-4bae-45e6-abad-dc4137312a9e@group-743DAB84782A-LeaderElection2 ELECTION round 0: submit vote requests at term 1 for -1: [464c6471-4bae-45e6-abad-dc4137312a9e|rpc:10.5.0.5:9856|admin:10.5.0.5:9857|client:10.5.0.5:9858|priority:1], old=null
datanode_6_1  | 2021-06-25 13:27:14,022 [pool-22-thread-1] INFO server.RaftServerConfigKeys: raft.server.log.statemachine.data.sync.timeout = 10s (default)
datanode_6_1  | 2021-06-25 13:27:14,023 [pool-22-thread-1] INFO server.RaftServerConfigKeys: raft.server.log.statemachine.data.sync.timeout.retry = -1 (default)
datanode_6_1  | 2021-06-25 13:27:14,024 [pool-22-thread-1] INFO server.RaftServerConfigKeys: raft.server.log.write.buffer.size = 1048576 (custom)
datanode_6_1  | 2021-06-25 13:27:14,035 [pool-22-thread-1] INFO server.RaftServerConfigKeys: raft.server.log.statemachine.data.caching.enabled = true (custom)
datanode_6_1  | 2021-06-25 13:27:14,051 [pool-22-thread-1] INFO segmented.SegmentedRaftLogWorker: 23578b50-5c3c-428c-bb84-1b6deae9bcdd@group-65DE07CD1C28-SegmentedRaftLogWorker: flushIndex: setUnconditionally 0 -> -1
datanode_2_1  | 2021-06-25 13:27:21,093 [464c6471-4bae-45e6-abad-dc4137312a9e@group-743DAB84782A-LeaderElection2] INFO impl.LeaderElection: 464c6471-4bae-45e6-abad-dc4137312a9e@group-743DAB84782A-LeaderElection2 ELECTION round 0: result PASSED (term=1)
datanode_2_1  | 2021-06-25 13:27:21,093 [464c6471-4bae-45e6-abad-dc4137312a9e@group-743DAB84782A-LeaderElection2] INFO impl.RoleInfo: 464c6471-4bae-45e6-abad-dc4137312a9e: shutdown 464c6471-4bae-45e6-abad-dc4137312a9e@group-743DAB84782A-LeaderElection2
datanode_2_1  | 2021-06-25 13:27:21,094 [464c6471-4bae-45e6-abad-dc4137312a9e@group-743DAB84782A-LeaderElection2] INFO server.RaftServer$Division: 464c6471-4bae-45e6-abad-dc4137312a9e@group-743DAB84782A: changes role from CANDIDATE to LEADER at term 1 for changeToLeader
datanode_2_1  | 2021-06-25 13:27:21,094 [464c6471-4bae-45e6-abad-dc4137312a9e@group-743DAB84782A-LeaderElection2] INFO ratis.XceiverServerRatis: Leader change notification received for group: group-743DAB84782A with new leaderId: 464c6471-4bae-45e6-abad-dc4137312a9e
datanode_5_1  | 	at java.base/java.lang.Thread.sleep(Thread.java:339)
datanode_4_1  | 2021-06-25 13:27:34,650 [pool-22-thread-1] INFO server.RaftServerConfigKeys: raft.server.log.use.memory = false (default)
datanode_1_1  | 2021-06-25 13:27:39,908 [fea505d2-b177-4c02-8f48-94b44be6745e@group-41D4BDAA6B0A-FollowerState] INFO impl.RoleInfo: fea505d2-b177-4c02-8f48-94b44be6745e: start fea505d2-b177-4c02-8f48-94b44be6745e@group-41D4BDAA6B0A-LeaderElection1
datanode_1_1  | 2021-06-25 13:27:39,938 [fea505d2-b177-4c02-8f48-94b44be6745e@group-41D4BDAA6B0A-LeaderElection1] INFO impl.LeaderElection: fea505d2-b177-4c02-8f48-94b44be6745e@group-41D4BDAA6B0A-LeaderElection1 ELECTION round 0: submit vote requests at term 1 for -1: [fea505d2-b177-4c02-8f48-94b44be6745e|rpc:10.5.0.4:9856|admin:10.5.0.4:9857|client:10.5.0.4:9858|priority:1], old=null
datanode_1_1  | 2021-06-25 13:27:39,939 [fea505d2-b177-4c02-8f48-94b44be6745e@group-41D4BDAA6B0A-LeaderElection1] INFO impl.LeaderElection: fea505d2-b177-4c02-8f48-94b44be6745e@group-41D4BDAA6B0A-LeaderElection1 ELECTION round 0: result PASSED (term=1)
datanode_1_1  | 2021-06-25 13:27:39,951 [fea505d2-b177-4c02-8f48-94b44be6745e@group-41D4BDAA6B0A-LeaderElection1] INFO impl.RoleInfo: fea505d2-b177-4c02-8f48-94b44be6745e: shutdown fea505d2-b177-4c02-8f48-94b44be6745e@group-41D4BDAA6B0A-LeaderElection1
datanode_3_1  | 2021-06-25 13:27:40,431 [249e66b3-22e5-44dc-812b-c081d7ea4bb4@group-F929FFE87587-SegmentedRaftLogWorker] INFO segmented.SegmentedRaftLogWorker: 249e66b3-22e5-44dc-812b-c081d7ea4bb4@group-F929FFE87587-SegmentedRaftLogWorker: created new log segment /data/metadata/ratis/1b233dc9-a5ce-486e-9395-f929ffe87587/current/log_inprogress_0
scm_1         | 2021-06-25 13:27:04,275 [RatisPipelineUtilsThread - 0] INFO pipeline.RatisPipelineProvider: Sending CreatePipelineCommand for pipeline:PipelineID=3d337dd4-99a6-4984-9ff0-8caa87b5b27a to datanode:fea505d2-b177-4c02-8f48-94b44be6745e
scm_1         | 2021-06-25 13:27:04,277 [RatisPipelineUtilsThread - 0] INFO pipeline.RatisPipelineProvider: Sending CreatePipelineCommand for pipeline:PipelineID=3d337dd4-99a6-4984-9ff0-8caa87b5b27a to datanode:8eb16a66-d2f6-40a6-ad63-d95706c15cf6
datanode_5_1  | 	at java.base/java.util.concurrent.TimeUnit.sleep(TimeUnit.java:446)
datanode_1_1  | 2021-06-25 13:27:39,956 [fea505d2-b177-4c02-8f48-94b44be6745e@group-41D4BDAA6B0A-LeaderElection1] INFO server.RaftServer$Division: fea505d2-b177-4c02-8f48-94b44be6745e@group-41D4BDAA6B0A: changes role from CANDIDATE to LEADER at term 1 for changeToLeader
datanode_3_1  | 2021-06-25 13:27:40,446 [249e66b3-22e5-44dc-812b-c081d7ea4bb4@group-F929FFE87587-LeaderElection2] INFO server.RaftServer$Division: 249e66b3-22e5-44dc-812b-c081d7ea4bb4@group-F929FFE87587: set configuration 0: [249e66b3-22e5-44dc-812b-c081d7ea4bb4|rpc:10.5.0.6:9856|admin:10.5.0.6:9857|client:10.5.0.6:9858|dataStream:|priority:1], old=null
datanode_4_1  | 2021-06-25 13:27:34,662 [pool-22-thread-1] INFO server.RaftServerConfigKeys: raft.server.log.purge.gap = 1000000 (custom)
datanode_4_1  | 2021-06-25 13:27:34,662 [pool-22-thread-1] INFO server.RaftServerConfigKeys: raft.server.log.appender.buffer.byte-limit = 33554432 (custom)
datanode_4_1  | 2021-06-25 13:27:34,662 [pool-22-thread-1] INFO metrics.RatisMetrics: Creating Metrics Registry : ratis.log_worker.426a634e-5858-4a71-a853-7ffd32f5282e@group-0CB47F1E85B9
datanode_4_1  | 2021-06-25 13:27:34,663 [pool-22-thread-1] INFO server.RaftServerConfigKeys: raft.server.log.segment.size.max = 1048576 (custom)
scm_1         | 2021-06-25 13:27:04,277 [RatisPipelineUtilsThread - 0] INFO pipeline.RatisPipelineProvider: Sending CreatePipelineCommand for pipeline:PipelineID=3d337dd4-99a6-4984-9ff0-8caa87b5b27a to datanode:249e66b3-22e5-44dc-812b-c081d7ea4bb4
datanode_5_1  | 	at org.apache.ratis.util.TimeDuration.sleep(TimeDuration.java:324)
datanode_5_1  | 	at org.apache.ratis.util.TimeDuration.sleep(TimeDuration.java:309)
datanode_2_1  | 2021-06-25 13:27:21,094 [464c6471-4bae-45e6-abad-dc4137312a9e@group-743DAB84782A-LeaderElection2] INFO server.RaftServer$Division: 464c6471-4bae-45e6-abad-dc4137312a9e@group-743DAB84782A: change Leader from null to 464c6471-4bae-45e6-abad-dc4137312a9e at term 1 for becomeLeader, leader elected after 5270ms
datanode_2_1  | 2021-06-25 13:27:21,095 [464c6471-4bae-45e6-abad-dc4137312a9e@group-743DAB84782A-LeaderElection2] INFO server.RaftServerConfigKeys: raft.server.staging.catchup.gap = 1000 (default)
datanode_6_1  | 2021-06-25 13:27:14,051 [pool-22-thread-1] INFO segmented.SegmentedRaftLogWorker: 23578b50-5c3c-428c-bb84-1b6deae9bcdd@group-65DE07CD1C28-SegmentedRaftLogWorker: safeCacheEvictIndex: setUnconditionally 0 -> -1
datanode_6_1  | 2021-06-25 13:27:14,053 [pool-22-thread-1] INFO server.RaftServerConfigKeys: raft.server.snapshot.auto.trigger.enabled = true (custom)
datanode_5_1  | 	at org.apache.ratis.server.impl.FollowerState.run(FollowerState.java:118)
scm_1         | 2021-06-25 13:27:04,285 [RatisPipelineUtilsThread - 0] INFO pipeline.PipelineStateManager: Created pipeline Pipeline[ Id: 3d337dd4-99a6-4984-9ff0-8caa87b5b27a, Nodes: fea505d2-b177-4c02-8f48-94b44be6745e{ip: 10.5.0.4, host: ozone-topology_datanode_1_1.ozone-topology_net, ports: [REPLICATION=9886, RATIS=9858, RATIS_ADMIN=9857, RATIS_SERVER=9856, STANDALONE=9859], networkLocation: /rack1, certSerialId: null, persistedOpState: IN_SERVICE, persistedOpStateExpiryEpochSec: 0}8eb16a66-d2f6-40a6-ad63-d95706c15cf6{ip: 10.5.0.8, host: ozone-topology_datanode_5_1.ozone-topology_net, ports: [REPLICATION=9886, RATIS=9858, RATIS_ADMIN=9857, RATIS_SERVER=9856, STANDALONE=9859], networkLocation: /rack2, certSerialId: null, persistedOpState: IN_SERVICE, persistedOpStateExpiryEpochSec: 0}249e66b3-22e5-44dc-812b-c081d7ea4bb4{ip: 10.5.0.6, host: ozone-topology_datanode_3_1.ozone-topology_net, ports: [REPLICATION=9886, RATIS=9858, RATIS_ADMIN=9857, RATIS_SERVER=9856, STANDALONE=9859], networkLocation: /rack1, certSerialId: null, persistedOpState: IN_SERVICE, persistedOpStateExpiryEpochSec: 0}, ReplicationConfig: RATIS/THREE, State:ALLOCATED, leaderId:, CreationTimestamp2021-06-25T13:27:04.275Z].
datanode_4_1  | 2021-06-25 13:27:34,663 [pool-22-thread-1] INFO server.RaftServerConfigKeys: raft.server.log.segment.cache.num.max = 2 (custom)
datanode_4_1  | 2021-06-25 13:27:34,663 [pool-22-thread-1] INFO server.RaftServerConfigKeys: raft.server.log.segment.cache.size.max = 200MB (=209715200) (default)
datanode_5_1  | 2021-06-25 13:27:12,700 [grpc-default-executor-0] INFO server.RaftServer$Division: 8eb16a66-d2f6-40a6-ad63-d95706c15cf6@group-234549176596 replies to ELECTION vote request: 464c6471-4bae-45e6-abad-dc4137312a9e<-8eb16a66-d2f6-40a6-ad63-d95706c15cf6#0:OK-t1. Peer's state: 8eb16a66-d2f6-40a6-ad63-d95706c15cf6@group-234549176596:t1, leader=null, voted=464c6471-4bae-45e6-abad-dc4137312a9e, raftlog=8eb16a66-d2f6-40a6-ad63-d95706c15cf6@group-234549176596-SegmentedRaftLog:OPENED:c-1,f-1,i0, conf=-1: [464c6471-4bae-45e6-abad-dc4137312a9e|rpc:10.5.0.5:9856|admin:10.5.0.5:9857|client:10.5.0.5:9858|dataStream:|priority:1, 426a634e-5858-4a71-a853-7ffd32f5282e|rpc:10.5.0.7:9856|admin:10.5.0.7:9857|client:10.5.0.7:9858|dataStream:|priority:0, 8eb16a66-d2f6-40a6-ad63-d95706c15cf6|rpc:10.5.0.8:9856|admin:10.5.0.8:9857|client:10.5.0.8:9858|dataStream:|priority:0], old=null
datanode_4_1  | 2021-06-25 13:27:34,664 [pool-22-thread-1] INFO segmented.SegmentedRaftLogWorker: new 426a634e-5858-4a71-a853-7ffd32f5282e@group-0CB47F1E85B9-SegmentedRaftLogWorker for RaftStorageImpl:Storage Directory /data/metadata/ratis/e6685c2f-d488-4d5a-a010-0cb47f1e85b9
datanode_6_1  | 2021-06-25 13:27:14,058 [pool-22-thread-1] INFO server.RaftServerConfigKeys: raft.server.snapshot.auto.trigger.threshold = 10000 (custom)
datanode_6_1  | 2021-06-25 13:27:14,059 [pool-22-thread-1] INFO server.RaftServerConfigKeys: raft.server.snapshot.retention.file.num = 5 (custom)
datanode_6_1  | 2021-06-25 13:27:14,059 [pool-22-thread-1] INFO server.RaftServerConfigKeys: raft.server.log.purge.upto.snapshot.index = false (default)
datanode_6_1  | 2021-06-25 13:27:14,060 [pool-22-thread-1] INFO server.RaftServerConfigKeys: raft.server.retrycache.expirytime = 600000ms (custom)
datanode_1_1  | 2021-06-25 13:27:39,959 [fea505d2-b177-4c02-8f48-94b44be6745e@group-41D4BDAA6B0A-LeaderElection1] INFO ratis.XceiverServerRatis: Leader change notification received for group: group-41D4BDAA6B0A with new leaderId: fea505d2-b177-4c02-8f48-94b44be6745e
datanode_1_1  | 2021-06-25 13:27:39,960 [fea505d2-b177-4c02-8f48-94b44be6745e@group-41D4BDAA6B0A-LeaderElection1] INFO server.RaftServer$Division: fea505d2-b177-4c02-8f48-94b44be6745e@group-41D4BDAA6B0A: change Leader from null to fea505d2-b177-4c02-8f48-94b44be6745e at term 1 for becomeLeader, leader elected after 5118ms
datanode_1_1  | 2021-06-25 13:27:39,968 [fea505d2-b177-4c02-8f48-94b44be6745e@group-41D4BDAA6B0A-LeaderElection1] INFO server.RaftServerConfigKeys: raft.server.staging.catchup.gap = 1000 (default)
scm_1         | 2021-06-25 13:27:04,288 [RatisPipelineUtilsThread - 0] INFO pipeline.RatisPipelineProvider: Sending CreatePipelineCommand for pipeline:PipelineID=f6f0e37a-4f2e-4a3f-9660-de11dea9d9da to datanode:8eb16a66-d2f6-40a6-ad63-d95706c15cf6
scm_1         | 2021-06-25 13:27:04,292 [RatisPipelineUtilsThread - 0] INFO pipeline.PipelineStateManager: Created pipeline Pipeline[ Id: f6f0e37a-4f2e-4a3f-9660-de11dea9d9da, Nodes: 8eb16a66-d2f6-40a6-ad63-d95706c15cf6{ip: 10.5.0.8, host: ozone-topology_datanode_5_1.ozone-topology_net, ports: [REPLICATION=9886, RATIS=9858, RATIS_ADMIN=9857, RATIS_SERVER=9856, STANDALONE=9859], networkLocation: /rack2, certSerialId: null, persistedOpState: IN_SERVICE, persistedOpStateExpiryEpochSec: 0}, ReplicationConfig: RATIS/ONE, State:ALLOCATED, leaderId:, CreationTimestamp2021-06-25T13:27:04.288Z].
scm_1         | 2021-06-25 13:27:04,299 [RatisPipelineUtilsThread - 0] INFO pipeline.RatisPipelineProvider: Sending CreatePipelineCommand for pipeline:PipelineID=3f362e0c-b6d2-4012-b530-234549176596 to datanode:8eb16a66-d2f6-40a6-ad63-d95706c15cf6
datanode_2_1  | 2021-06-25 13:27:21,095 [464c6471-4bae-45e6-abad-dc4137312a9e@group-743DAB84782A-LeaderElection2] INFO metrics.RatisMetrics: Creating Metrics Registry : ratis.log_appender.464c6471-4bae-45e6-abad-dc4137312a9e@group-743DAB84782A
datanode_2_1  | 2021-06-25 13:27:21,096 [464c6471-4bae-45e6-abad-dc4137312a9e@group-743DAB84782A-LeaderElection2] INFO server.RaftServerConfigKeys: raft.server.write.element-limit = 1024 (custom)
datanode_2_1  | 2021-06-25 13:27:21,096 [464c6471-4bae-45e6-abad-dc4137312a9e@group-743DAB84782A-LeaderElection2] INFO server.RaftServerConfigKeys: raft.server.write.byte-limit = 1073741824 (custom)
datanode_2_1  | 2021-06-25 13:27:21,105 [464c6471-4bae-45e6-abad-dc4137312a9e@group-743DAB84782A-LeaderElection2] INFO server.RaftServerConfigKeys: raft.server.watch.timeout = 180s (custom)
datanode_6_1  | 2021-06-25 13:27:14,062 [pool-22-thread-1] INFO server.RaftServerConfigKeys: raft.server.retrycache.statistics.expirytime = 100?s (default)
datanode_5_1  | 2021-06-25 13:27:12,997 [8eb16a66-d2f6-40a6-ad63-d95706c15cf6@group-8CAA87B5B27A-LeaderElection1] INFO impl.LeaderElection: 8eb16a66-d2f6-40a6-ad63-d95706c15cf6@group-8CAA87B5B27A-LeaderElection1 got exception when requesting votes: java.util.concurrent.ExecutionException: org.apache.ratis.thirdparty.io.grpc.StatusRuntimeException: INTERNAL: 249e66b3-22e5-44dc-812b-c081d7ea4bb4: group-8CAA87B5B27A not found.
datanode_4_1  | 2021-06-25 13:27:34,664 [pool-22-thread-1] INFO server.RaftServerConfigKeys: raft.server.log.queue.byte-limit = 2147483647 (custom)
datanode_4_1  | 2021-06-25 13:27:34,664 [pool-22-thread-1] INFO server.RaftServerConfigKeys: raft.server.log.queue.element-limit = 1024 (custom)
datanode_4_1  | 2021-06-25 13:27:34,664 [pool-22-thread-1] INFO server.RaftServerConfigKeys: raft.server.log.segment.size.max = 1048576 (custom)
datanode_1_1  | 2021-06-25 13:27:40,000 [fea505d2-b177-4c02-8f48-94b44be6745e@group-41D4BDAA6B0A-LeaderElection1] INFO metrics.RatisMetrics: Creating Metrics Registry : ratis.log_appender.fea505d2-b177-4c02-8f48-94b44be6745e@group-41D4BDAA6B0A
datanode_1_1  | 2021-06-25 13:27:40,023 [fea505d2-b177-4c02-8f48-94b44be6745e@group-41D4BDAA6B0A-LeaderElection1] INFO server.RaftServerConfigKeys: raft.server.write.element-limit = 1024 (custom)
datanode_1_1  | 2021-06-25 13:27:40,031 [fea505d2-b177-4c02-8f48-94b44be6745e@group-41D4BDAA6B0A-LeaderElection1] INFO server.RaftServerConfigKeys: raft.server.write.byte-limit = 1073741824 (custom)
datanode_6_1  | 2021-06-25 13:27:14,062 [pool-22-thread-1] INFO metrics.RatisMetrics: Creating Metrics Registry : ratis.leader_election.23578b50-5c3c-428c-bb84-1b6deae9bcdd@group-65DE07CD1C28
scm_1         | 2021-06-25 13:27:04,300 [RatisPipelineUtilsThread - 0] INFO pipeline.RatisPipelineProvider: Sending CreatePipelineCommand for pipeline:PipelineID=3f362e0c-b6d2-4012-b530-234549176596 to datanode:464c6471-4bae-45e6-abad-dc4137312a9e
datanode_2_1  | 2021-06-25 13:27:21,105 [464c6471-4bae-45e6-abad-dc4137312a9e@group-743DAB84782A-LeaderElection2] INFO server.RaftServerConfigKeys: raft.server.watch.timeout.denomination = 1s (default)
datanode_2_1  | 2021-06-25 13:27:21,108 [464c6471-4bae-45e6-abad-dc4137312a9e@group-743DAB84782A-LeaderElection2] INFO server.RaftServerConfigKeys: raft.server.watch.element-limit = 65536 (default)
datanode_2_1  | 2021-06-25 13:27:21,108 [464c6471-4bae-45e6-abad-dc4137312a9e@group-743DAB84782A-LeaderElection2] INFO impl.RoleInfo: 464c6471-4bae-45e6-abad-dc4137312a9e: start 464c6471-4bae-45e6-abad-dc4137312a9e@group-743DAB84782A-LeaderStateImpl
datanode_5_1  | 2021-06-25 13:27:13,019 [8eb16a66-d2f6-40a6-ad63-d95706c15cf6@group-8CAA87B5B27A-LeaderElection1] INFO impl.LeaderElection: 8eb16a66-d2f6-40a6-ad63-d95706c15cf6@group-8CAA87B5B27A-LeaderElection1: ELECTION PASSED received 1 response(s) and 1 exception(s):
datanode_2_1  | 2021-06-25 13:27:21,108 [464c6471-4bae-45e6-abad-dc4137312a9e@group-743DAB84782A-LeaderElection2] INFO segmented.SegmentedRaftLogWorker: 464c6471-4bae-45e6-abad-dc4137312a9e@group-743DAB84782A-SegmentedRaftLogWorker: Starting segment from index:0
datanode_1_1  | 2021-06-25 13:27:40,080 [fea505d2-b177-4c02-8f48-94b44be6745e@group-41D4BDAA6B0A-LeaderElection1] INFO server.RaftServerConfigKeys: raft.server.watch.timeout = 180s (custom)
datanode_1_1  | 2021-06-25 13:27:40,104 [fea505d2-b177-4c02-8f48-94b44be6745e@group-41D4BDAA6B0A-LeaderElection1] INFO server.RaftServerConfigKeys: raft.server.watch.timeout.denomination = 1s (default)
datanode_1_1  | 2021-06-25 13:27:40,123 [fea505d2-b177-4c02-8f48-94b44be6745e@group-41D4BDAA6B0A-LeaderElection1] INFO server.RaftServerConfigKeys: raft.server.watch.element-limit = 65536 (default)
datanode_1_1  | 2021-06-25 13:27:40,210 [fea505d2-b177-4c02-8f48-94b44be6745e@group-41D4BDAA6B0A-LeaderElection1] INFO impl.RoleInfo: fea505d2-b177-4c02-8f48-94b44be6745e: start fea505d2-b177-4c02-8f48-94b44be6745e@group-41D4BDAA6B0A-LeaderStateImpl
scm_1         | 2021-06-25 13:27:04,300 [RatisPipelineUtilsThread - 0] INFO pipeline.RatisPipelineProvider: Sending CreatePipelineCommand for pipeline:PipelineID=3f362e0c-b6d2-4012-b530-234549176596 to datanode:426a634e-5858-4a71-a853-7ffd32f5282e
datanode_2_1  | 2021-06-25 13:27:21,111 [464c6471-4bae-45e6-abad-dc4137312a9e@group-743DAB84782A-SegmentedRaftLogWorker] INFO segmented.SegmentedRaftLogWorker: 464c6471-4bae-45e6-abad-dc4137312a9e@group-743DAB84782A-SegmentedRaftLogWorker: created new log segment /data/metadata/ratis/42977ffd-766f-4271-b860-743dab84782a/current/log_inprogress_0
datanode_2_1  | 2021-06-25 13:27:21,120 [464c6471-4bae-45e6-abad-dc4137312a9e@group-743DAB84782A-LeaderElection2] INFO server.RaftServer$Division: 464c6471-4bae-45e6-abad-dc4137312a9e@group-743DAB84782A: set configuration 0: [464c6471-4bae-45e6-abad-dc4137312a9e|rpc:10.5.0.5:9856|admin:10.5.0.5:9857|client:10.5.0.5:9858|dataStream:|priority:1], old=null
datanode_2_1  | 2021-06-25 13:27:24,760 [grpc-default-executor-0] INFO server.RaftServer$Division: 464c6471-4bae-45e6-abad-dc4137312a9e@group-65DE07CD1C28: receive requestVote(ELECTION, 23578b50-5c3c-428c-bb84-1b6deae9bcdd, group-65DE07CD1C28, 2, (t:0, i:0))
