datanode_2_1  | 2020-12-02 12:02:23,888 [Thread-21] INFO impl.RoleInfo: 573a6688-26e3-4981-8969-e75ca8753187: shutdown 573a6688-26e3-4981-8969-e75ca8753187@group-783E9C97017F-FollowerState
datanode_6_1  | 2020-12-02 11:59:48,283 [pool-19-thread-1] INFO server.RaftServerConfigKeys: raft.server.log.queue.element-limit = 1024 (custom)
datanode_1_1  | 2020-12-02 12:00:34,232 [org.apache.ratis.server.JvmPauseMonitor@330d92f2-Monitor] WARN server.JvmPauseMonitor: Detected pause in JVM or host machine (eg GC): pause of approximately 1ms
scm_1         | 	at java.base/java.security.AccessController.doPrivileged(Native Method)
datanode_5_1  | 2020-12-02 11:59:47,974 [org.apache.ratis.server.JvmPauseMonitor@107c25a0-Monitor] WARN server.JvmPauseMonitor: Detected pause in JVM or host machine (eg GC): pause of approximately 5ms
datanode_4_1  | 2020-12-02 12:01:43,817 [grpc-default-executor-0] INFO impl.FollowerInfo: 49a795c8-1eb4-4095-8d39-560012d4f7e4@group-01F0BBC59C54->573a6688-26e3-4981-8969-e75ca8753187: nextIndex: updateUnconditionally 231 -> 230
datanode_3_1  | 2020-12-02 11:59:53,314 [2541113f-d521-4b16-b9aa-73a6ed5284ab@group-C07B74D4B7E2-LeaderElection1] INFO server.RaftServerConfigKeys: raft.server.staging.catchup.gap = 1000 (default)
datanode_2_1  | 2020-12-02 12:02:23,889 [Thread-21] INFO impl.RaftServerImpl: 573a6688-26e3-4981-8969-e75ca8753187@group-783E9C97017F: changes role from  FOLLOWER to CANDIDATE at term 1 for changeToCandidate
datanode_1_1  | GC pool 'ParNew' had collection(s): count=5 time=436ms
scm_1         | 	at java.base/javax.security.auth.Subject.doAs(Subject.java:423)
datanode_5_1  | GC pool 'ParNew' had collection(s): count=2 time=216ms
datanode_4_1  | 2020-12-02 12:01:43,829 [grpc-default-executor-1] WARN server.GrpcLogAppender: 49a795c8-1eb4-4095-8d39-560012d4f7e4@group-01F0BBC59C54->573a6688-26e3-4981-8969-e75ca8753187-AppendLogResponseHandler: Failed appendEntries: org.apache.ratis.thirdparty.io.grpc.StatusRuntimeException: UNAVAILABLE: io exception
datanode_3_1  | 2020-12-02 11:59:53,339 [2541113f-d521-4b16-b9aa-73a6ed5284ab@group-C07B74D4B7E2-LeaderElection1] INFO server.RaftServerConfigKeys: raft.server.rpc.sleep.time = 25ms (default)
datanode_2_1  | 2020-12-02 12:02:23,891 [Thread-21] INFO impl.RoleInfo: 573a6688-26e3-4981-8969-e75ca8753187: start 573a6688-26e3-4981-8969-e75ca8753187@group-783E9C97017F-LeaderElection1
datanode_6_1  | 2020-12-02 11:59:48,284 [pool-19-thread-1] INFO server.RaftServerConfigKeys: raft.server.log.segment.size.max = 1048576 (custom)
datanode_1_1  | GC pool 'ConcurrentMarkSweep' had collection(s): count=1 time=71ms
scm_1         | 	at org.apache.hadoop.security.UserGroupInformation.doAs(UserGroupInformation.java:1730)
datanode_5_1  | 2020-12-02 11:59:48,028 [pool-19-thread-1] INFO metrics.RatisMetrics: Creating Metrics Registry : ratis.leader_election.02525903-4066-4f34-bce2-fa2e0e20d6af@group-80C7B5BCEFEB
datanode_4_1  | 2020-12-02 12:01:43,831 [grpc-default-executor-1] INFO impl.FollowerInfo: 49a795c8-1eb4-4095-8d39-560012d4f7e4@group-01F0BBC59C54->573a6688-26e3-4981-8969-e75ca8753187: nextIndex: updateUnconditionally 231 -> 230
datanode_3_1  | 2020-12-02 11:59:53,340 [2541113f-d521-4b16-b9aa-73a6ed5284ab@group-C07B74D4B7E2-LeaderElection1] INFO metrics.RatisMetrics: Creating Metrics Registry : ratis.log_appender.2541113f-d521-4b16-b9aa-73a6ed5284ab@group-C07B74D4B7E2
datanode_2_1  | 2020-12-02 12:02:23,920 [573a6688-26e3-4981-8969-e75ca8753187@group-783E9C97017F-LeaderElection1] INFO impl.LeaderElection: 573a6688-26e3-4981-8969-e75ca8753187@group-783E9C97017F-LeaderElection1: begin an election at term 2 for 0: [573a6688-26e3-4981-8969-e75ca8753187|rpc:10.5.0.5:9858|dataStream:], old=null
datanode_6_1  | 2020-12-02 11:59:48,286 [pool-19-thread-1] INFO server.RaftServerConfigKeys: raft.server.log.preallocated.size = 16384 (custom)
datanode_1_1  | 2020-12-02 12:00:41,238 [org.apache.ratis.server.JvmPauseMonitor@330d92f2-Monitor] WARN server.JvmPauseMonitor: Detected pause in JVM or host machine (eg GC): pause of approximately 1ms
scm_1         | 	at org.apache.hadoop.ipc.Server$Handler.run(Server.java:2915)
datanode_5_1  | 2020-12-02 11:59:48,052 [pool-19-thread-1] INFO metrics.RatisMetrics: Creating Metrics Registry : ratis.server.02525903-4066-4f34-bce2-fa2e0e20d6af@group-80C7B5BCEFEB
datanode_4_1  | 2020-12-02 12:02:00,165 [grpc-default-executor-0] WARN server.GrpcLogAppender: 49a795c8-1eb4-4095-8d39-560012d4f7e4@group-01F0BBC59C54->573a6688-26e3-4981-8969-e75ca8753187-AppendLogResponseHandler: Failed appendEntries: org.apache.ratis.thirdparty.io.grpc.StatusRuntimeException: UNAVAILABLE: io exception
datanode_3_1  | 2020-12-02 11:59:53,342 [2541113f-d521-4b16-b9aa-73a6ed5284ab@group-C07B74D4B7E2-LeaderElection1] INFO server.RaftServerConfigKeys: raft.server.write.element-limit = 1024 (custom)
datanode_2_1  | 2020-12-02 12:02:23,922 [573a6688-26e3-4981-8969-e75ca8753187@group-783E9C97017F-LeaderElection1] INFO impl.RoleInfo: 573a6688-26e3-4981-8969-e75ca8753187: shutdown 573a6688-26e3-4981-8969-e75ca8753187@group-783E9C97017F-LeaderElection1
datanode_6_1  | 2020-12-02 11:59:48,295 [pool-19-thread-1] INFO server.RaftServerConfigKeys: raft.server.log.write.buffer.size = 1048576 (custom)
datanode_1_1  | GC pool 'ParNew' had collection(s): count=5 time=436ms
scm_1         | 2020-12-02 11:59:40,887 [Listener at 0.0.0.0/9860] INFO handler.ContextHandler: Started o.e.j.w.WebAppContext@2d47b06{scm,/,file:///tmp/jetty-0_0_0_0-9876-hadoop-hdds-server-scm-1_1_0-SNAPSHOT_jar-_-any-12376456620571490590/webapp/,AVAILABLE}{jar:file:/opt/hadoop/share/ozone/lib/hadoop-hdds-server-scm-1.1.0-SNAPSHOT.jar!/webapps/scm}
datanode_5_1  | 2020-12-02 11:59:48,090 [pool-19-thread-1] INFO impl.RaftServerImpl: 02525903-4066-4f34-bce2-fa2e0e20d6af@group-80C7B5BCEFEB: start as a follower, conf=-1: [02525903-4066-4f34-bce2-fa2e0e20d6af|rpc:10.5.0.8:9858], old=null
datanode_3_1  | 2020-12-02 11:59:53,358 [org.apache.ratis.server.JvmPauseMonitor@4bac675b-Monitor] WARN server.JvmPauseMonitor: Detected pause in JVM or host machine (eg GC): pause of approximately 7ms
datanode_3_1  | GC pool 'ParNew' had collection(s): count=3 time=451ms
datanode_6_1  | 2020-12-02 11:59:48,295 [pool-19-thread-1] INFO server.RaftServerConfigKeys: raft.server.log.force.sync.num = 128 (default)
datanode_1_1  | GC pool 'ConcurrentMarkSweep' had collection(s): count=1 time=71ms
scm_1         | 2020-12-02 11:59:40,975 [Listener at 0.0.0.0/9860] INFO server.AbstractConnector: Started ServerConnector@64440065{HTTP/1.1, (http/1.1)}{0.0.0.0:9876}
datanode_4_1  | 2020-12-02 12:02:00,166 [grpc-default-executor-0] INFO impl.FollowerInfo: 49a795c8-1eb4-4095-8d39-560012d4f7e4@group-01F0BBC59C54->573a6688-26e3-4981-8969-e75ca8753187: nextIndex: updateUnconditionally 231 -> 230
datanode_3_1  | 2020-12-02 11:59:53,388 [2541113f-d521-4b16-b9aa-73a6ed5284ab@group-C07B74D4B7E2-LeaderElection1] INFO server.RaftServerConfigKeys: raft.server.write.byte-limit = 1073741824 (custom)
datanode_2_1  | 2020-12-02 12:02:23,922 [573a6688-26e3-4981-8969-e75ca8753187@group-783E9C97017F-LeaderElection1] INFO impl.RaftServerImpl: 573a6688-26e3-4981-8969-e75ca8753187@group-783E9C97017F: changes role from CANDIDATE to LEADER at term 2 for changeToLeader
datanode_5_1  | 2020-12-02 11:59:48,112 [pool-19-thread-1] INFO impl.RaftServerImpl: 02525903-4066-4f34-bce2-fa2e0e20d6af@group-80C7B5BCEFEB: changes role from      null to FOLLOWER at term 0 for startAsFollower
datanode_6_1  | 2020-12-02 11:59:48,295 [pool-19-thread-1] INFO server.RaftServerConfigKeys: raft.server.log.statemachine.data.sync = true (default)
datanode_1_1  | 2020-12-02 12:00:48,247 [org.apache.ratis.server.JvmPauseMonitor@330d92f2-Monitor] WARN server.JvmPauseMonitor: Detected pause in JVM or host machine (eg GC): pause of approximately 1ms
scm_1         | 2020-12-02 11:59:40,975 [Listener at 0.0.0.0/9860] INFO server.Server: Started @29081ms
datanode_4_1  | 2020-12-02 12:02:01,333 [grpc-default-executor-0] WARN server.GrpcLogAppender: 49a795c8-1eb4-4095-8d39-560012d4f7e4@group-01F0BBC59C54->573a6688-26e3-4981-8969-e75ca8753187-AppendLogResponseHandler: Failed appendEntries: org.apache.ratis.thirdparty.io.grpc.StatusRuntimeException: UNAVAILABLE: io exception
datanode_3_1  | 2020-12-02 11:59:53,437 [2541113f-d521-4b16-b9aa-73a6ed5284ab@group-C07B74D4B7E2-LeaderElection1] INFO server.RaftServerConfigKeys: raft.server.watch.timeout = 180s (custom)
datanode_2_1  | 2020-12-02 12:02:23,922 [573a6688-26e3-4981-8969-e75ca8753187@group-783E9C97017F-LeaderElection1] INFO ratis.XceiverServerRatis: Leader change notification received for group: group-783E9C97017F with new leaderId: 573a6688-26e3-4981-8969-e75ca8753187
datanode_2_1  | 2020-12-02 12:02:23,923 [573a6688-26e3-4981-8969-e75ca8753187@group-783E9C97017F-LeaderElection1] INFO impl.RaftServerImpl: 573a6688-26e3-4981-8969-e75ca8753187@group-783E9C97017F: change Leader from null to 573a6688-26e3-4981-8969-e75ca8753187 at term 2 for becomeLeader, leader elected after 10461ms
datanode_6_1  | 2020-12-02 11:59:48,296 [pool-19-thread-1] INFO server.RaftServerConfigKeys: raft.server.log.statemachine.data.sync.timeout = 10s (default)
datanode_1_1  | GC pool 'ParNew' had collection(s): count=6 time=477ms
scm_1         | 2020-12-02 11:59:41,063 [Listener at 0.0.0.0/9860] INFO impl.MetricsSinkAdapter: Sink prometheus started
datanode_4_1  | 2020-12-02 12:02:01,334 [grpc-default-executor-0] INFO impl.FollowerInfo: 49a795c8-1eb4-4095-8d39-560012d4f7e4@group-01F0BBC59C54->573a6688-26e3-4981-8969-e75ca8753187: nextIndex: updateUnconditionally 231 -> 230
datanode_3_1  | 2020-12-02 11:59:53,445 [2541113f-d521-4b16-b9aa-73a6ed5284ab@group-C07B74D4B7E2-LeaderElection1] INFO server.RaftServerConfigKeys: raft.server.watch.timeout.denomination = 1s (default)
datanode_2_1  | 2020-12-02 12:02:23,925 [573a6688-26e3-4981-8969-e75ca8753187@group-783E9C97017F-LeaderElection1] INFO server.RaftServerConfigKeys: raft.server.staging.catchup.gap = 1000 (default)
datanode_5_1  | 2020-12-02 11:59:48,130 [pool-19-thread-1] INFO impl.RoleInfo: 02525903-4066-4f34-bce2-fa2e0e20d6af: start 02525903-4066-4f34-bce2-fa2e0e20d6af@group-80C7B5BCEFEB-FollowerState
datanode_6_1  | 2020-12-02 11:59:48,296 [pool-19-thread-1] INFO server.RaftServerConfigKeys: raft.server.log.statemachine.data.sync.timeout.retry = -1 (default)
datanode_1_1  | GC pool 'ConcurrentMarkSweep' had collection(s): count=1 time=71ms
scm_1         | 2020-12-02 11:59:41,067 [Listener at 0.0.0.0/9860] INFO impl.MetricsSystemImpl: Registered sink prometheus
datanode_4_1  | 2020-12-02 12:02:03,834 [grpc-default-executor-0] WARN server.GrpcLogAppender: 49a795c8-1eb4-4095-8d39-560012d4f7e4@group-01F0BBC59C54->573a6688-26e3-4981-8969-e75ca8753187-AppendLogResponseHandler: Failed appendEntries: org.apache.ratis.thirdparty.io.grpc.StatusRuntimeException: UNAVAILABLE: io exception
datanode_3_1  | 2020-12-02 11:59:53,455 [2541113f-d521-4b16-b9aa-73a6ed5284ab@group-C07B74D4B7E2-LeaderElection1] INFO server.RaftServerConfigKeys: raft.server.watch.element-limit = 65536 (default)
datanode_2_1  | 2020-12-02 12:02:23,925 [573a6688-26e3-4981-8969-e75ca8753187@group-783E9C97017F-LeaderElection1] INFO server.RaftServerConfigKeys: raft.server.rpc.sleep.time = 25ms (default)
datanode_5_1  | 2020-12-02 11:59:48,164 [pool-19-thread-1] INFO util.JmxRegister: Successfully registered JMX Bean with object name Ratis:service=RaftServer,group=group-80C7B5BCEFEB,id=02525903-4066-4f34-bce2-fa2e0e20d6af
datanode_6_1  | 2020-12-02 11:59:48,299 [pool-19-thread-1] INFO server.RaftServerConfigKeys: raft.server.log.statemachine.data.caching.enabled = true (custom)
datanode_1_1  | 2020-12-02 12:00:48,748 [org.apache.ratis.server.JvmPauseMonitor@330d92f2-Monitor] WARN server.JvmPauseMonitor: Detected pause in JVM or host machine (eg GC): pause of approximately 1ms
scm_1         | 2020-12-02 11:59:41,113 [Listener at 0.0.0.0/9860] INFO http.BaseHttpServer: HTTP server of scm listening at http://0.0.0.0:9876
datanode_4_1  | 2020-12-02 12:02:03,835 [grpc-default-executor-0] INFO impl.FollowerInfo: 49a795c8-1eb4-4095-8d39-560012d4f7e4@group-01F0BBC59C54->573a6688-26e3-4981-8969-e75ca8753187: nextIndex: updateUnconditionally 231 -> 230
datanode_3_1  | 2020-12-02 11:59:53,500 [2541113f-d521-4b16-b9aa-73a6ed5284ab@group-C07B74D4B7E2-LeaderElection1] INFO impl.RoleInfo: 2541113f-d521-4b16-b9aa-73a6ed5284ab: start 2541113f-d521-4b16-b9aa-73a6ed5284ab@group-C07B74D4B7E2-LeaderState
datanode_2_1  | 2020-12-02 12:02:23,926 [573a6688-26e3-4981-8969-e75ca8753187@group-783E9C97017F-LeaderElection1] INFO metrics.RatisMetrics: Creating Metrics Registry : ratis.log_appender.573a6688-26e3-4981-8969-e75ca8753187@group-783E9C97017F
datanode_5_1  | 2020-12-02 11:59:48,173 [pool-19-thread-1] INFO metrics.RatisMetrics: Creating Metrics Registry : ratis.state_machine.02525903-4066-4f34-bce2-fa2e0e20d6af@group-80C7B5BCEFEB
datanode_6_1  | 2020-12-02 11:59:48,309 [pool-19-thread-1] INFO segmented.SegmentedRaftLogWorker: 28631247-5583-41d9-af7c-28caa4f91a2f@group-01F0BBC59C54-SegmentedRaftLogWorker: flushIndex: setUnconditionally 0 -> -1
datanode_1_1  | GC pool 'ParNew' had collection(s): count=6 time=477ms
scm_1         | 2020-12-02 11:59:41,393 [org.apache.hadoop.util.JvmPauseMonitor$Monitor@312f3050] INFO util.JvmPauseMonitor: Starting JVM pause monitor
datanode_4_1  | 2020-12-02 12:02:06,335 [grpc-default-executor-0] WARN server.GrpcLogAppender: 49a795c8-1eb4-4095-8d39-560012d4f7e4@group-01F0BBC59C54->573a6688-26e3-4981-8969-e75ca8753187-AppendLogResponseHandler: Failed appendEntries: org.apache.ratis.thirdparty.io.grpc.StatusRuntimeException: UNAVAILABLE: io exception
datanode_3_1  | 2020-12-02 11:59:53,542 [Thread-26] INFO impl.FollowerState: 2541113f-d521-4b16-b9aa-73a6ed5284ab@group-A93DBCB12274-FollowerState: change to CANDIDATE, lastRpcTime:5217ms, electionTimeout:5181ms
datanode_2_1  | 2020-12-02 12:02:23,928 [573a6688-26e3-4981-8969-e75ca8753187@group-783E9C97017F-LeaderElection1] INFO server.RaftServerConfigKeys: raft.server.write.element-limit = 1024 (custom)
datanode_5_1  | 2020-12-02 11:59:48,339 [Command processor thread] INFO commandhandler.CreatePipelineCommandHandler: Created Pipeline RATIS ONE PipelineID=fff12413-b989-46c3-94cc-80c7b5bcefeb.
datanode_6_1  | 2020-12-02 11:59:48,310 [pool-19-thread-1] INFO segmented.SegmentedRaftLogWorker: 28631247-5583-41d9-af7c-28caa4f91a2f@group-01F0BBC59C54-SegmentedRaftLogWorker: safeCacheEvictIndex: setUnconditionally 0 -> -1
datanode_1_1  | GC pool 'ConcurrentMarkSweep' had collection(s): count=1 time=71ms
scm_1         | 2020-12-02 11:59:41,656 [IPC Server handler 56 on default port 9861] INFO net.NetworkTopologyImpl: Added a new node: /rack2/49a795c8-1eb4-4095-8d39-560012d4f7e4
datanode_4_1  | 2020-12-02 12:02:06,336 [grpc-default-executor-0] INFO impl.FollowerInfo: 49a795c8-1eb4-4095-8d39-560012d4f7e4@group-01F0BBC59C54->573a6688-26e3-4981-8969-e75ca8753187: nextIndex: updateUnconditionally 231 -> 230
datanode_3_1  | 2020-12-02 11:59:53,573 [Thread-26] INFO impl.RoleInfo: 2541113f-d521-4b16-b9aa-73a6ed5284ab: shutdown 2541113f-d521-4b16-b9aa-73a6ed5284ab@group-A93DBCB12274-FollowerState
datanode_2_1  | 2020-12-02 12:02:23,929 [573a6688-26e3-4981-8969-e75ca8753187@group-783E9C97017F-LeaderElection1] INFO server.RaftServerConfigKeys: raft.server.write.byte-limit = 1073741824 (custom)
datanode_5_1  | 2020-12-02 11:59:48,340 [Command processor thread] INFO impl.RaftServerProxy: 02525903-4066-4f34-bce2-fa2e0e20d6af: addNew group-A93DBCB12274:[9d660874-0029-4102-bbc8-4a64785531b0|rpc:10.5.0.4:9858, 02525903-4066-4f34-bce2-fa2e0e20d6af|rpc:10.5.0.8:9858, 2541113f-d521-4b16-b9aa-73a6ed5284ab|rpc:10.5.0.6:9858] returns group-A93DBCB12274:java.util.concurrent.CompletableFuture@7ad0bbd8[Not completed]
datanode_4_1  | 2020-12-02 12:02:07,041 [org.apache.ratis.server.JvmPauseMonitor@5bc6db12-Monitor] WARN server.JvmPauseMonitor: Detected pause in JVM or host machine (eg GC): pause of approximately 1ms
datanode_4_1  | GC pool 'ParNew' had collection(s): count=7 time=592ms
datanode_4_1  | GC pool 'ConcurrentMarkSweep' had collection(s): count=1 time=64ms
datanode_4_1  | 2020-12-02 12:02:08,843 [grpc-default-executor-0] WARN server.GrpcLogAppender: 49a795c8-1eb4-4095-8d39-560012d4f7e4@group-01F0BBC59C54->573a6688-26e3-4981-8969-e75ca8753187-AppendLogResponseHandler: Failed appendEntries: org.apache.ratis.thirdparty.io.grpc.StatusRuntimeException: UNAVAILABLE: io exception
scm_1         | 2020-12-02 11:59:41,693 [IPC Server handler 56 on default port 9861] INFO node.SCMNodeManager: Registered Data node : 49a795c8-1eb4-4095-8d39-560012d4f7e4{ip: 10.5.0.7, host: ozone-topology_datanode_4_1.ozone-topology_net, networkLocation: /rack2, certSerialId: null}
scm_1         | 2020-12-02 11:59:41,784 [EventQueue-NodeRegistrationContainerReportForDataNodeSafeModeRule] INFO safemode.SCMSafeModeManager: SCM in safe mode. 1 DataNodes registered, 4 required.
scm_1         | 2020-12-02 11:59:41,793 [EventQueue-NodeRegistrationContainerReportForContainerSafeModeRule] INFO safemode.SCMSafeModeManager: ContainerSafeModeRule rule is successfully validated
scm_1         | 2020-12-02 11:59:41,871 [EventQueue-PipelineReportForOneReplicaPipelineSafeModeRule] INFO safemode.SCMSafeModeManager: AtleastOneDatanodeReportedRule rule is successfully validated
scm_1         | 2020-12-02 11:59:41,857 [IPC Server handler 4 on default port 9861] INFO net.NetworkTopologyImpl: Added a new node: /rack1/573a6688-26e3-4981-8969-e75ca8753187
scm_1         | 2020-12-02 11:59:41,879 [IPC Server handler 4 on default port 9861] INFO node.SCMNodeManager: Registered Data node : 573a6688-26e3-4981-8969-e75ca8753187{ip: 10.5.0.5, host: ozone-topology_datanode_2_1.ozone-topology_net, networkLocation: /rack1, certSerialId: null}
scm_1         | 2020-12-02 11:59:41,881 [EventQueue-NodeRegistrationContainerReportForDataNodeSafeModeRule] INFO safemode.SCMSafeModeManager: SCM in safe mode. 2 DataNodes registered, 4 required.
scm_1         | 2020-12-02 11:59:41,881 [EventQueue-PipelineReportForOneReplicaPipelineSafeModeRule] INFO safemode.SCMSafeModeManager: AtleastOneDatanodeReportedRule rule is successfully validated
scm_1         | 2020-12-02 11:59:41,882 [EventQueue-NodeRegistrationContainerReportForContainerSafeModeRule] INFO safemode.SCMSafeModeManager: ContainerSafeModeRule rule is successfully validated
scm_1         | 2020-12-02 11:59:41,971 [RatisPipelineUtilsThread] INFO pipeline.RatisPipelineProvider: Sending CreatePipelineCommand for pipeline:PipelineID=611a3f1b-ddb6-48e1-9a3a-1b1da965414f to datanode:49a795c8-1eb4-4095-8d39-560012d4f7e4
scm_1         | 2020-12-02 11:59:42,204 [RatisPipelineUtilsThread] INFO pipeline.PipelineStateManager: Created pipeline Pipeline[ Id: 611a3f1b-ddb6-48e1-9a3a-1b1da965414f, Nodes: 49a795c8-1eb4-4095-8d39-560012d4f7e4{ip: 10.5.0.7, host: ozone-topology_datanode_4_1.ozone-topology_net, networkLocation: /rack2, certSerialId: null}, Type:RATIS, Factor:ONE, State:ALLOCATED, leaderId:, CreationTimestamp2020-12-02T11:59:41.908566Z]
scm_1         | 2020-12-02 11:59:42,233 [RatisPipelineUtilsThread] INFO pipeline.RatisPipelineProvider: Sending CreatePipelineCommand for pipeline:PipelineID=752e58a0-b66d-4da3-addd-783e9c97017f to datanode:573a6688-26e3-4981-8969-e75ca8753187
datanode_4_1  | 2020-12-02 12:02:08,844 [grpc-default-executor-0] INFO impl.FollowerInfo: 49a795c8-1eb4-4095-8d39-560012d4f7e4@group-01F0BBC59C54->573a6688-26e3-4981-8969-e75ca8753187: nextIndex: updateUnconditionally 231 -> 230
datanode_4_1  | 2020-12-02 12:02:11,344 [grpc-default-executor-0] WARN server.GrpcLogAppender: 49a795c8-1eb4-4095-8d39-560012d4f7e4@group-01F0BBC59C54->573a6688-26e3-4981-8969-e75ca8753187-AppendLogResponseHandler: Failed appendEntries: org.apache.ratis.thirdparty.io.grpc.StatusRuntimeException: UNAVAILABLE: io exception
datanode_4_1  | 2020-12-02 12:02:11,345 [grpc-default-executor-0] INFO impl.FollowerInfo: 49a795c8-1eb4-4095-8d39-560012d4f7e4@group-01F0BBC59C54->573a6688-26e3-4981-8969-e75ca8753187: nextIndex: updateUnconditionally 231 -> 230
datanode_4_1  | 2020-12-02 12:02:13,049 [org.apache.ratis.server.JvmPauseMonitor@5bc6db12-Monitor] WARN server.JvmPauseMonitor: Detected pause in JVM or host machine (eg GC): pause of approximately 5ms
datanode_4_1  | GC pool 'ParNew' had collection(s): count=7 time=592ms
datanode_4_1  | GC pool 'ConcurrentMarkSweep' had collection(s): count=1 time=64ms
datanode_4_1  | 2020-12-02 12:02:13,845 [grpc-default-executor-0] WARN server.GrpcLogAppender: 49a795c8-1eb4-4095-8d39-560012d4f7e4@group-01F0BBC59C54->573a6688-26e3-4981-8969-e75ca8753187-AppendLogResponseHandler: Failed appendEntries: org.apache.ratis.thirdparty.io.grpc.StatusRuntimeException: UNAVAILABLE: io exception
datanode_4_1  | 2020-12-02 12:02:13,846 [grpc-default-executor-0] INFO impl.FollowerInfo: 49a795c8-1eb4-4095-8d39-560012d4f7e4@group-01F0BBC59C54->573a6688-26e3-4981-8969-e75ca8753187: nextIndex: updateUnconditionally 231 -> 230
datanode_4_1  | 2020-12-02 12:02:16,345 [grpc-default-executor-0] WARN server.GrpcLogAppender: 49a795c8-1eb4-4095-8d39-560012d4f7e4@group-01F0BBC59C54->573a6688-26e3-4981-8969-e75ca8753187-AppendLogResponseHandler: Failed appendEntries: org.apache.ratis.thirdparty.io.grpc.StatusRuntimeException: UNAVAILABLE: io exception
datanode_4_1  | 2020-12-02 12:02:16,346 [grpc-default-executor-0] INFO impl.FollowerInfo: 49a795c8-1eb4-4095-8d39-560012d4f7e4@group-01F0BBC59C54->573a6688-26e3-4981-8969-e75ca8753187: nextIndex: updateUnconditionally 231 -> 230
datanode_4_1  | 2020-12-02 12:02:17,555 [org.apache.ratis.server.JvmPauseMonitor@5bc6db12-Monitor] WARN server.JvmPauseMonitor: Detected pause in JVM or host machine (eg GC): pause of approximately 4ms
datanode_4_1  | GC pool 'ParNew' had collection(s): count=7 time=592ms
datanode_4_1  | GC pool 'ConcurrentMarkSweep' had collection(s): count=1 time=64ms
datanode_4_1  | 2020-12-02 12:02:18,846 [grpc-default-executor-0] WARN server.GrpcLogAppender: 49a795c8-1eb4-4095-8d39-560012d4f7e4@group-01F0BBC59C54->573a6688-26e3-4981-8969-e75ca8753187-AppendLogResponseHandler: Failed appendEntries: org.apache.ratis.thirdparty.io.grpc.StatusRuntimeException: UNAVAILABLE: io exception
datanode_2_1  | 2020-12-02 12:02:23,934 [573a6688-26e3-4981-8969-e75ca8753187@group-783E9C97017F-LeaderElection1] INFO server.RaftServerConfigKeys: raft.server.watch.timeout = 180s (custom)
datanode_2_1  | 2020-12-02 12:02:23,935 [573a6688-26e3-4981-8969-e75ca8753187@group-783E9C97017F-LeaderElection1] INFO server.RaftServerConfigKeys: raft.server.watch.timeout.denomination = 1s (default)
datanode_2_1  | 2020-12-02 12:02:23,935 [573a6688-26e3-4981-8969-e75ca8753187@group-783E9C97017F-LeaderElection1] INFO server.RaftServerConfigKeys: raft.server.watch.element-limit = 65536 (default)
datanode_2_1  | 2020-12-02 12:02:23,963 [573a6688-26e3-4981-8969-e75ca8753187@group-783E9C97017F-LeaderElection1] INFO impl.RoleInfo: 573a6688-26e3-4981-8969-e75ca8753187: start 573a6688-26e3-4981-8969-e75ca8753187@group-783E9C97017F-LeaderState
datanode_6_1  | 2020-12-02 11:59:48,311 [pool-19-thread-1] INFO server.RaftServerConfigKeys: raft.server.snapshot.auto.trigger.enabled = true (custom)
datanode_6_1  | 2020-12-02 11:59:48,312 [pool-19-thread-1] INFO server.RaftServerConfigKeys: raft.server.snapshot.auto.trigger.threshold = 10000 (custom)
datanode_6_1  | 2020-12-02 11:59:48,313 [pool-19-thread-1] INFO server.RaftServerConfigKeys: raft.server.snapshot.retention.file.num = 5 (custom)
datanode_6_1  | 2020-12-02 11:59:48,315 [pool-19-thread-1] INFO server.RaftServerConfigKeys: raft.server.log.purge.upto.snapshot.index = false (default)
datanode_6_1  | 2020-12-02 11:59:48,317 [pool-19-thread-1] INFO server.RaftServerConfigKeys: raft.server.retrycache.expirytime = 600000ms (custom)
datanode_6_1  | 2020-12-02 11:59:48,317 [pool-19-thread-1] INFO metrics.RatisMetrics: Creating Metrics Registry : ratis.leader_election.28631247-5583-41d9-af7c-28caa4f91a2f@group-01F0BBC59C54
datanode_6_1  | 2020-12-02 11:59:48,348 [pool-19-thread-1] INFO metrics.RatisMetrics: Creating Metrics Registry : ratis.server.28631247-5583-41d9-af7c-28caa4f91a2f@group-01F0BBC59C54
datanode_6_1  | 2020-12-02 11:59:48,349 [pool-19-thread-1] INFO impl.RaftServerImpl: 28631247-5583-41d9-af7c-28caa4f91a2f@group-01F0BBC59C54: start as a follower, conf=-1: [573a6688-26e3-4981-8969-e75ca8753187|rpc:10.5.0.5:9858, 49a795c8-1eb4-4095-8d39-560012d4f7e4|rpc:10.5.0.7:9858, 28631247-5583-41d9-af7c-28caa4f91a2f|rpc:10.5.0.9:9858], old=null
datanode_6_1  | 2020-12-02 11:59:48,358 [pool-19-thread-1] INFO impl.RaftServerImpl: 28631247-5583-41d9-af7c-28caa4f91a2f@group-01F0BBC59C54: changes role from      null to FOLLOWER at term 0 for startAsFollower
datanode_6_1  | 2020-12-02 11:59:48,360 [pool-19-thread-1] INFO impl.RoleInfo: 28631247-5583-41d9-af7c-28caa4f91a2f: start 28631247-5583-41d9-af7c-28caa4f91a2f@group-01F0BBC59C54-FollowerState
datanode_6_1  | 2020-12-02 11:59:48,362 [pool-19-thread-1] INFO util.JmxRegister: Successfully registered JMX Bean with object name Ratis:service=RaftServer,group=group-01F0BBC59C54,id=28631247-5583-41d9-af7c-28caa4f91a2f
datanode_6_1  | 2020-12-02 11:59:48,366 [pool-19-thread-1] INFO metrics.RatisMetrics: Creating Metrics Registry : ratis.state_machine.28631247-5583-41d9-af7c-28caa4f91a2f@group-01F0BBC59C54
datanode_6_1  | 2020-12-02 11:59:48,534 [org.apache.ratis.server.JvmPauseMonitor@6313b93f-Monitor] WARN server.JvmPauseMonitor: Detected pause in JVM or host machine (eg GC): pause of approximately 4ms
datanode_6_1  | GC pool 'ParNew' had collection(s): count=2 time=175ms
datanode_6_1  | 2020-12-02 11:59:48,807 [Command processor thread] INFO metrics.RatisMetrics: Creating Metrics Registry : ratis.client_message_metrics.client-B9342B9558FF->49a795c8-1eb4-4095-8d39-560012d4f7e4
datanode_6_1  | 2020-12-02 11:59:49,056 [org.apache.ratis.server.JvmPauseMonitor@6313b93f-Monitor] WARN server.JvmPauseMonitor: Detected pause in JVM or host machine (eg GC): pause of approximately 21ms
datanode_6_1  | GC pool 'ParNew' had collection(s): count=2 time=175ms
datanode_6_1  | 2020-12-02 11:59:50,068 [org.apache.ratis.server.JvmPauseMonitor@6313b93f-Monitor] WARN server.JvmPauseMonitor: Detected pause in JVM or host machine (eg GC): pause of approximately 11ms
datanode_1_1  | 2020-12-02 12:01:10,762 [org.apache.ratis.server.JvmPauseMonitor@330d92f2-Monitor] WARN server.JvmPauseMonitor: Detected pause in JVM or host machine (eg GC): pause of approximately 1ms
datanode_1_1  | GC pool 'ParNew' had collection(s): count=6 time=477ms
datanode_1_1  | GC pool 'ConcurrentMarkSweep' had collection(s): count=1 time=71ms
datanode_1_1  | 2020-12-02 12:01:14,267 [org.apache.ratis.server.JvmPauseMonitor@330d92f2-Monitor] WARN server.JvmPauseMonitor: Detected pause in JVM or host machine (eg GC): pause of approximately 1ms
datanode_1_1  | GC pool 'ParNew' had collection(s): count=6 time=477ms
datanode_1_1  | GC pool 'ConcurrentMarkSweep' had collection(s): count=1 time=71ms
datanode_1_1  | 2020-12-02 12:01:29,779 [org.apache.ratis.server.JvmPauseMonitor@330d92f2-Monitor] WARN server.JvmPauseMonitor: Detected pause in JVM or host machine (eg GC): pause of approximately 2ms
datanode_1_1  | GC pool 'ParNew' had collection(s): count=6 time=477ms
datanode_1_1  | GC pool 'ConcurrentMarkSweep' had collection(s): count=1 time=71ms
datanode_1_1  | 2020-12-02 12:01:38,286 [org.apache.ratis.server.JvmPauseMonitor@330d92f2-Monitor] WARN server.JvmPauseMonitor: Detected pause in JVM or host machine (eg GC): pause of approximately 2ms
datanode_1_1  | GC pool 'ParNew' had collection(s): count=6 time=477ms
datanode_1_1  | GC pool 'ConcurrentMarkSweep' had collection(s): count=1 time=71ms
datanode_1_1  | 2020-12-02 12:01:43,305 [SIGTERM handler] ERROR ozone.HddsDatanodeService: RECEIVED SIGNAL 15: SIGTERM
datanode_1_1  | 2020-12-02 12:01:43,347 [shutdown-hook-0] INFO ozone.HddsDatanodeService: SHUTDOWN_MSG: 
scm_1         | 2020-12-02 11:59:42,240 [RatisPipelineUtilsThread] INFO pipeline.PipelineStateManager: Created pipeline Pipeline[ Id: 752e58a0-b66d-4da3-addd-783e9c97017f, Nodes: 573a6688-26e3-4981-8969-e75ca8753187{ip: 10.5.0.5, host: ozone-topology_datanode_2_1.ozone-topology_net, networkLocation: /rack1, certSerialId: null}, Type:RATIS, Factor:ONE, State:ALLOCATED, leaderId:, CreationTimestamp2020-12-02T11:59:42.233010Z]
scm_1         | 2020-12-02 11:59:42,344 [IPC Server handler 6 on default port 9861] INFO net.NetworkTopologyImpl: Added a new node: /rack2/28631247-5583-41d9-af7c-28caa4f91a2f
datanode_3_1  | 2020-12-02 11:59:53,573 [Thread-26] INFO impl.RaftServerImpl: 2541113f-d521-4b16-b9aa-73a6ed5284ab@group-A93DBCB12274: changes role from  FOLLOWER to CANDIDATE at term 0 for changeToCandidate
datanode_3_1  | 2020-12-02 11:59:53,576 [Thread-26] INFO impl.RoleInfo: 2541113f-d521-4b16-b9aa-73a6ed5284ab: start 2541113f-d521-4b16-b9aa-73a6ed5284ab@group-A93DBCB12274-LeaderElection2
datanode_4_1  | 2020-12-02 12:02:18,847 [grpc-default-executor-0] INFO impl.FollowerInfo: 49a795c8-1eb4-4095-8d39-560012d4f7e4@group-01F0BBC59C54->573a6688-26e3-4981-8969-e75ca8753187: nextIndex: updateUnconditionally 231 -> 230
datanode_4_1  | 2020-12-02 12:02:19,563 [org.apache.ratis.server.JvmPauseMonitor@5bc6db12-Monitor] WARN server.JvmPauseMonitor: Detected pause in JVM or host machine (eg GC): pause of approximately 7ms
datanode_4_1  | GC pool 'ParNew' had collection(s): count=7 time=592ms
datanode_4_1  | GC pool 'ConcurrentMarkSweep' had collection(s): count=1 time=64ms
datanode_4_1  | 2020-12-02 12:02:20,066 [org.apache.ratis.server.JvmPauseMonitor@5bc6db12-Monitor] WARN server.JvmPauseMonitor: Detected pause in JVM or host machine (eg GC): pause of approximately 2ms
datanode_3_1  | 2020-12-02 11:59:53,644 [2541113f-d521-4b16-b9aa-73a6ed5284ab@group-A93DBCB12274-LeaderElection2] INFO impl.LeaderElection: 2541113f-d521-4b16-b9aa-73a6ed5284ab@group-A93DBCB12274-LeaderElection2: begin an election at term 1 for -1: [9d660874-0029-4102-bbc8-4a64785531b0|rpc:10.5.0.4:9858, 02525903-4066-4f34-bce2-fa2e0e20d6af|rpc:10.5.0.8:9858, 2541113f-d521-4b16-b9aa-73a6ed5284ab|rpc:10.5.0.6:9858], old=null
datanode_3_1  | 2020-12-02 11:59:53,789 [2541113f-d521-4b16-b9aa-73a6ed5284ab@group-C07B74D4B7E2-LeaderElection1] INFO segmented.SegmentedRaftLogWorker: 2541113f-d521-4b16-b9aa-73a6ed5284ab@group-C07B74D4B7E2-SegmentedRaftLogWorker: Starting segment from index:0
datanode_3_1  | 2020-12-02 11:59:53,890 [org.apache.ratis.server.JvmPauseMonitor@4bac675b-Monitor] WARN server.JvmPauseMonitor: Detected pause in JVM or host machine (eg GC): pause of approximately 2ms
datanode_4_1  | GC pool 'ParNew' had collection(s): count=7 time=592ms
datanode_4_1  | GC pool 'ConcurrentMarkSweep' had collection(s): count=1 time=64ms
datanode_4_1  | 2020-12-02 12:02:21,568 [org.apache.ratis.server.JvmPauseMonitor@5bc6db12-Monitor] WARN server.JvmPauseMonitor: Detected pause in JVM or host machine (eg GC): pause of approximately 1ms
datanode_4_1  | GC pool 'ParNew' had collection(s): count=7 time=592ms
datanode_4_1  | GC pool 'ConcurrentMarkSweep' had collection(s): count=1 time=64ms
datanode_4_1  | 2020-12-02 12:02:21,768 [grpc-default-executor-0] INFO impl.FollowerInfo: 49a795c8-1eb4-4095-8d39-560012d4f7e4@group-01F0BBC59C54->573a6688-26e3-4981-8969-e75ca8753187: nextIndex: updateUnconditionally 231 -> 231
datanode_4_1  | 2020-12-02 12:02:22,079 [org.apache.ratis.server.JvmPauseMonitor@5bc6db12-Monitor] WARN server.JvmPauseMonitor: Detected pause in JVM or host machine (eg GC): pause of approximately 10ms
datanode_4_1  | GC pool 'ParNew' had collection(s): count=7 time=592ms
datanode_4_1  | GC pool 'ConcurrentMarkSweep' had collection(s): count=1 time=64ms
datanode_5_1  | 2020-12-02 11:59:48,373 [pool-19-thread-1] INFO impl.RaftServerImpl: 02525903-4066-4f34-bce2-fa2e0e20d6af: new RaftServerImpl for group-A93DBCB12274:[9d660874-0029-4102-bbc8-4a64785531b0|rpc:10.5.0.4:9858, 02525903-4066-4f34-bce2-fa2e0e20d6af|rpc:10.5.0.8:9858, 2541113f-d521-4b16-b9aa-73a6ed5284ab|rpc:10.5.0.6:9858] with ContainerStateMachine:uninitialized
datanode_5_1  | 2020-12-02 11:59:48,376 [pool-19-thread-1] INFO server.RaftServerConfigKeys: raft.server.rpc.timeout.min = 5s (custom)
datanode_5_1  | 2020-12-02 11:59:48,376 [pool-19-thread-1] INFO server.RaftServerConfigKeys: raft.server.rpc.timeout.max = 5200ms (custom)
datanode_4_1  | 2020-12-02 12:02:22,580 [org.apache.ratis.server.JvmPauseMonitor@5bc6db12-Monitor] WARN server.JvmPauseMonitor: Detected pause in JVM or host machine (eg GC): pause of approximately 1ms
datanode_4_1  | GC pool 'ParNew' had collection(s): count=7 time=592ms
datanode_4_1  | GC pool 'ConcurrentMarkSweep' had collection(s): count=1 time=64ms
datanode_4_1  | 2020-12-02 12:02:23,676 [SIGTERM handler] ERROR ozone.HddsDatanodeService: RECEIVED SIGNAL 15: SIGTERM
datanode_4_1  | 2020-12-02 12:02:23,753 [shutdown-hook-0] INFO ozone.HddsDatanodeService: SHUTDOWN_MSG: 
datanode_5_1  | 2020-12-02 11:59:48,376 [pool-19-thread-1] INFO server.RaftServerConfigKeys: raft.server.rpc.slowness.timeout = 300s (custom)
datanode_5_1  | 2020-12-02 11:59:48,383 [pool-19-thread-1] INFO server.RaftServerConfigKeys: raft.server.leaderelection.leader.step-down.wait-time = 10s (default)
datanode_5_1  | 2020-12-02 11:59:48,383 [pool-19-thread-1] INFO server.RaftServerConfigKeys: raft.server.sleep.deviation.threshold = 300 (default)
datanode_4_1  | /************************************************************
datanode_4_1  | SHUTDOWN_MSG: Shutting down HddsDatanodeService at 241f4793f1b2/10.5.0.7
datanode_4_1  | ************************************************************/
datanode_2_1  | 2020-12-02 12:02:23,983 [573a6688-26e3-4981-8969-e75ca8753187@group-783E9C97017F-LeaderElection1] INFO segmented.SegmentedRaftLogWorker: 573a6688-26e3-4981-8969-e75ca8753187@group-783E9C97017F-SegmentedRaftLogWorker: Rolling segment log-0_0 to index:0
datanode_5_1  | 2020-12-02 11:59:48,383 [pool-19-thread-1] INFO server.RaftServerConfigKeys: raft.server.log.appender.install.snapshot.enabled = false (custom)
datanode_5_1  | 2020-12-02 11:59:48,386 [pool-19-thread-1] INFO impl.RaftServerImpl: 02525903-4066-4f34-bce2-fa2e0e20d6af@group-A93DBCB12274: ConfigurationManager, init=-1: [9d660874-0029-4102-bbc8-4a64785531b0|rpc:10.5.0.4:9858, 02525903-4066-4f34-bce2-fa2e0e20d6af|rpc:10.5.0.8:9858, 2541113f-d521-4b16-b9aa-73a6ed5284ab|rpc:10.5.0.6:9858], old=null, confs=<EMPTY_MAP>
datanode_5_1  | 2020-12-02 11:59:48,396 [pool-19-thread-1] INFO server.RaftServerConfigKeys: raft.server.storage.dir = [/data/metadata/ratis] (custom)
datanode_2_1  | 2020-12-02 12:02:24,027 [573a6688-26e3-4981-8969-e75ca8753187@group-783E9C97017F-SegmentedRaftLogWorker] INFO segmented.SegmentedRaftLogWorker: 573a6688-26e3-4981-8969-e75ca8753187@group-783E9C97017F-SegmentedRaftLogWorker: Rolled log segment from /data/metadata/ratis/752e58a0-b66d-4da3-addd-783e9c97017f/current/log_inprogress_0 to /data/metadata/ratis/752e58a0-b66d-4da3-addd-783e9c97017f/current/log_0-0
datanode_2_1  | 2020-12-02 12:02:24,029 [573a6688-26e3-4981-8969-e75ca8753187@group-783E9C97017F-LeaderElection1] INFO impl.RaftServerImpl: 573a6688-26e3-4981-8969-e75ca8753187@group-783E9C97017F: set configuration 1: [573a6688-26e3-4981-8969-e75ca8753187|rpc:10.5.0.5:9858|dataStream:], old=null at 1
datanode_2_1  | 2020-12-02 12:02:24,038 [573a6688-26e3-4981-8969-e75ca8753187@group-783E9C97017F-SegmentedRaftLogWorker] INFO segmented.SegmentedRaftLogWorker: 573a6688-26e3-4981-8969-e75ca8753187@group-783E9C97017F-SegmentedRaftLogWorker: created new log segment /data/metadata/ratis/752e58a0-b66d-4da3-addd-783e9c97017f/current/log_inprogress_1
datanode_2_1  | 2020-12-02 12:02:24,129 [org.apache.ratis.server.JvmPauseMonitor@6b569e3f-Monitor] WARN server.JvmPauseMonitor: Detected pause in JVM or host machine (eg GC): pause of approximately 4ms
datanode_5_1  | 2020-12-02 11:59:48,399 [pool-19-thread-1] INFO server.RaftServerConfigKeys: raft.server.log.corruption.policy = EXCEPTION (default)
datanode_5_1  | 2020-12-02 11:59:48,401 [pool-19-thread-1] INFO storage.RaftStorageDirectory: The storage directory /data/metadata/ratis/967a91b4-b55d-4259-b606-a93dbcb12274 does not exist. Creating ...
datanode_5_1  | 2020-12-02 11:59:48,404 [pool-19-thread-1] INFO storage.RaftStorageDirectory: Lock on /data/metadata/ratis/967a91b4-b55d-4259-b606-a93dbcb12274/in_use.lock acquired by nodename 6@7416c36b26cd
datanode_2_1  | GC pool 'ParNew' had collection(s): count=2 time=215ms
datanode_2_1  | 2020-12-02 12:02:24,218 [grpc-default-executor-1] WARN server.GrpcServerProtocolService: 573a6688-26e3-4981-8969-e75ca8753187: installSnapshot onError, lastRequest: 49a795c8-1eb4-4095-8d39-560012d4f7e4->573a6688-26e3-4981-8969-e75ca8753187#4916-t1, previous=(t:1, i:229), leaderCommit=230, initializing? false, entries: size=1, first=(t:1, i:230), METADATAENTRY(c:229): org.apache.ratis.thirdparty.io.grpc.StatusRuntimeException: CANCELLED: cancelled before receiving half close
datanode_2_1  | 2020-12-02 12:02:24,677 [org.apache.ratis.server.JvmPauseMonitor@6b569e3f-Monitor] WARN server.JvmPauseMonitor: Detected pause in JVM or host machine (eg GC): pause of approximately 48ms
datanode_2_1  | GC pool 'ParNew' had collection(s): count=2 time=215ms
datanode_5_1  | 2020-12-02 11:59:48,418 [pool-19-thread-1] INFO storage.RaftStorage: Storage directory /data/metadata/ratis/967a91b4-b55d-4259-b606-a93dbcb12274 has been successfully formatted.
datanode_5_1  | 2020-12-02 11:59:48,419 [pool-19-thread-1] INFO ratis.ContainerStateMachine: group-A93DBCB12274: The snapshot info is null. Setting the last applied indexto:(t:0, i:~)
datanode_5_1  | 2020-12-02 11:59:48,422 [pool-19-thread-1] INFO server.RaftServerConfigKeys: raft.server.notification.no-leader.timeout = 300s (custom)
datanode_2_1  | 2020-12-02 12:02:28,976 [Thread-20] INFO impl.FollowerState: 573a6688-26e3-4981-8969-e75ca8753187@group-01F0BBC59C54-FollowerState: change to CANDIDATE, lastRpcTime:7272ms, electionTimeout:5124ms
datanode_2_1  | 2020-12-02 12:02:28,977 [Thread-20] INFO impl.RoleInfo: 573a6688-26e3-4981-8969-e75ca8753187: shutdown 573a6688-26e3-4981-8969-e75ca8753187@group-01F0BBC59C54-FollowerState
datanode_2_1  | 2020-12-02 12:02:28,977 [Thread-20] INFO impl.RaftServerImpl: 573a6688-26e3-4981-8969-e75ca8753187@group-01F0BBC59C54: changes role from  FOLLOWER to CANDIDATE at term 1 for changeToCandidate
datanode_2_1  | 2020-12-02 12:02:28,977 [Thread-20] INFO impl.RoleInfo: 573a6688-26e3-4981-8969-e75ca8753187: start 573a6688-26e3-4981-8969-e75ca8753187@group-01F0BBC59C54-LeaderElection2
datanode_5_1  | 2020-12-02 11:59:48,423 [pool-19-thread-1] INFO server.RaftServerConfigKeys: raft.server.log.use.memory = false (default)
datanode_5_1  | 2020-12-02 11:59:48,423 [pool-19-thread-1] INFO server.RaftServerConfigKeys: raft.server.log.purge.gap = 1000000 (custom)
datanode_5_1  | 2020-12-02 11:59:48,423 [pool-19-thread-1] INFO metrics.RatisMetrics: Creating Metrics Registry : ratis.log_worker.02525903-4066-4f34-bce2-fa2e0e20d6af@group-A93DBCB12274
datanode_2_1  | 2020-12-02 12:02:28,980 [573a6688-26e3-4981-8969-e75ca8753187@group-01F0BBC59C54-LeaderElection2] INFO impl.RaftServerImpl: 573a6688-26e3-4981-8969-e75ca8753187@group-01F0BBC59C54: change Leader from 49a795c8-1eb4-4095-8d39-560012d4f7e4 to null at term 1 for initElection
datanode_2_1  | 2020-12-02 12:02:28,988 [573a6688-26e3-4981-8969-e75ca8753187@group-01F0BBC59C54-LeaderElection2] INFO impl.LeaderElection: 573a6688-26e3-4981-8969-e75ca8753187@group-01F0BBC59C54-LeaderElection2: begin an election at term 2 for 0: [573a6688-26e3-4981-8969-e75ca8753187|rpc:10.5.0.5:9858|dataStream:, 49a795c8-1eb4-4095-8d39-560012d4f7e4|rpc:10.5.0.7:9858|dataStream:, 28631247-5583-41d9-af7c-28caa4f91a2f|rpc:10.5.0.9:9858|dataStream:], old=null
datanode_2_1  | 2020-12-02 12:02:32,251 [573a6688-26e3-4981-8969-e75ca8753187@group-01F0BBC59C54-LeaderElection2] INFO impl.LeaderElection: 573a6688-26e3-4981-8969-e75ca8753187@group-01F0BBC59C54-LeaderElection2 got exception when requesting votes: java.util.concurrent.ExecutionException: org.apache.ratis.thirdparty.io.grpc.StatusRuntimeException: UNAVAILABLE: io exception
datanode_2_1  | 2020-12-02 12:02:34,092 [573a6688-26e3-4981-8969-e75ca8753187@group-01F0BBC59C54-LeaderElection2] INFO impl.LeaderElection: 573a6688-26e3-4981-8969-e75ca8753187@group-01F0BBC59C54-LeaderElection2: Election TIMEOUT; received 0 response(s) [] and 1 exception(s); 573a6688-26e3-4981-8969-e75ca8753187@group-01F0BBC59C54:t2, leader=null, voted=573a6688-26e3-4981-8969-e75ca8753187, raftlog=573a6688-26e3-4981-8969-e75ca8753187@group-01F0BBC59C54-SegmentedRaftLog:OPENED:c230,f230,i230, conf=0: [573a6688-26e3-4981-8969-e75ca8753187|rpc:10.5.0.5:9858|dataStream:, 49a795c8-1eb4-4095-8d39-560012d4f7e4|rpc:10.5.0.7:9858|dataStream:, 28631247-5583-41d9-af7c-28caa4f91a2f|rpc:10.5.0.9:9858|dataStream:], old=null
datanode_5_1  | 2020-12-02 11:59:48,423 [pool-19-thread-1] INFO server.RaftServerConfigKeys: raft.server.log.appender.buffer.byte-limit = 33554432 (custom)
datanode_5_1  | 2020-12-02 11:59:48,424 [pool-19-thread-1] INFO server.RaftServerConfigKeys: raft.server.log.segment.size.max = 1048576 (custom)
datanode_5_1  | 2020-12-02 11:59:48,424 [pool-19-thread-1] INFO server.RaftServerConfigKeys: raft.server.log.segment.cache.num.max = 2 (custom)
datanode_2_1  | 2020-12-02 12:02:34,092 [573a6688-26e3-4981-8969-e75ca8753187@group-01F0BBC59C54-LeaderElection2] INFO impl.LeaderElection:   Exception 0: java.util.concurrent.ExecutionException: org.apache.ratis.thirdparty.io.grpc.StatusRuntimeException: UNAVAILABLE: io exception
datanode_2_1  | 2020-12-02 12:02:34,095 [573a6688-26e3-4981-8969-e75ca8753187@group-01F0BBC59C54-LeaderElection2] INFO impl.LeaderElection: 573a6688-26e3-4981-8969-e75ca8753187@group-01F0BBC59C54-LeaderElection2: begin an election at term 3 for 0: [573a6688-26e3-4981-8969-e75ca8753187|rpc:10.5.0.5:9858|dataStream:, 49a795c8-1eb4-4095-8d39-560012d4f7e4|rpc:10.5.0.7:9858|dataStream:, 28631247-5583-41d9-af7c-28caa4f91a2f|rpc:10.5.0.9:9858|dataStream:], old=null
datanode_2_1  | 2020-12-02 12:02:35,304 [573a6688-26e3-4981-8969-e75ca8753187@group-01F0BBC59C54-LeaderElection2] INFO impl.LeaderElection: 573a6688-26e3-4981-8969-e75ca8753187@group-01F0BBC59C54-LeaderElection2 got exception when requesting votes: java.util.concurrent.ExecutionException: org.apache.ratis.thirdparty.io.grpc.StatusRuntimeException: UNAVAILABLE: io exception
datanode_2_1  | 2020-12-02 12:02:39,154 [573a6688-26e3-4981-8969-e75ca8753187@group-01F0BBC59C54-LeaderElection2] INFO impl.LeaderElection: 573a6688-26e3-4981-8969-e75ca8753187@group-01F0BBC59C54-LeaderElection2: Election TIMEOUT; received 0 response(s) [] and 1 exception(s); 573a6688-26e3-4981-8969-e75ca8753187@group-01F0BBC59C54:t3, leader=null, voted=573a6688-26e3-4981-8969-e75ca8753187, raftlog=573a6688-26e3-4981-8969-e75ca8753187@group-01F0BBC59C54-SegmentedRaftLog:OPENED:c230,f230,i230, conf=0: [573a6688-26e3-4981-8969-e75ca8753187|rpc:10.5.0.5:9858|dataStream:, 49a795c8-1eb4-4095-8d39-560012d4f7e4|rpc:10.5.0.7:9858|dataStream:, 28631247-5583-41d9-af7c-28caa4f91a2f|rpc:10.5.0.9:9858|dataStream:], old=null
datanode_5_1  | 2020-12-02 11:59:48,443 [pool-19-thread-1] INFO segmented.SegmentedRaftLogWorker: new 02525903-4066-4f34-bce2-fa2e0e20d6af@group-A93DBCB12274-SegmentedRaftLogWorker for RaftStorage:Storage Directory /data/metadata/ratis/967a91b4-b55d-4259-b606-a93dbcb12274
datanode_5_1  | 2020-12-02 11:59:48,443 [pool-19-thread-1] INFO server.RaftServerConfigKeys: raft.server.log.queue.byte-limit = 2147483647 (custom)
datanode_5_1  | 2020-12-02 11:59:48,443 [pool-19-thread-1] INFO server.RaftServerConfigKeys: raft.server.log.queue.element-limit = 1024 (custom)
datanode_2_1  | 2020-12-02 12:02:39,155 [573a6688-26e3-4981-8969-e75ca8753187@group-01F0BBC59C54-LeaderElection2] INFO impl.LeaderElection:   Exception 0: java.util.concurrent.ExecutionException: org.apache.ratis.thirdparty.io.grpc.StatusRuntimeException: UNAVAILABLE: io exception
scm_1         | 2020-12-02 11:59:42,345 [IPC Server handler 6 on default port 9861] INFO node.SCMNodeManager: Registered Data node : 28631247-5583-41d9-af7c-28caa4f91a2f{ip: 10.5.0.9, host: ozone-topology_datanode_6_1.ozone-topology_net, networkLocation: /rack2, certSerialId: null}
scm_1         | 2020-12-02 11:59:42,348 [EventQueue-NodeRegistrationContainerReportForDataNodeSafeModeRule] INFO safemode.SCMSafeModeManager: SCM in safe mode. 3 DataNodes registered, 4 required.
datanode_6_1  | GC pool 'ParNew' had collection(s): count=2 time=175ms
datanode_6_1  | 2020-12-02 11:59:50,578 [org.apache.ratis.server.JvmPauseMonitor@6313b93f-Monitor] WARN server.JvmPauseMonitor: Detected pause in JVM or host machine (eg GC): pause of approximately 9ms
datanode_3_1  | GC pool 'ParNew' had collection(s): count=3 time=451ms
datanode_3_1  | 2020-12-02 11:59:54,112 [2541113f-d521-4b16-b9aa-73a6ed5284ab@group-C07B74D4B7E2-LeaderElection1] INFO impl.RaftServerImpl: 2541113f-d521-4b16-b9aa-73a6ed5284ab@group-C07B74D4B7E2: set configuration 0: [2541113f-d521-4b16-b9aa-73a6ed5284ab|rpc:10.5.0.6:9858|dataStream:], old=null at 0
scm_1         | 2020-12-02 11:59:42,349 [EventQueue-NodeRegistrationContainerReportForContainerSafeModeRule] INFO safemode.SCMSafeModeManager: ContainerSafeModeRule rule is successfully validated
scm_1         | 2020-12-02 11:59:42,349 [EventQueue-PipelineReportForOneReplicaPipelineSafeModeRule] INFO safemode.SCMSafeModeManager: AtleastOneDatanodeReportedRule rule is successfully validated
scm_1         | 2020-12-02 11:59:42,352 [RatisPipelineUtilsThread] INFO pipeline.RatisPipelineProvider: Sending CreatePipelineCommand for pipeline:PipelineID=f026e6ac-643d-4345-adf6-5a2c5f4731d1 to datanode:28631247-5583-41d9-af7c-28caa4f91a2f
scm_1         | 2020-12-02 11:59:42,353 [RatisPipelineUtilsThread] INFO pipeline.PipelineStateManager: Created pipeline Pipeline[ Id: f026e6ac-643d-4345-adf6-5a2c5f4731d1, Nodes: 28631247-5583-41d9-af7c-28caa4f91a2f{ip: 10.5.0.9, host: ozone-topology_datanode_6_1.ozone-topology_net, networkLocation: /rack2, certSerialId: null}, Type:RATIS, Factor:ONE, State:ALLOCATED, leaderId:, CreationTimestamp2020-12-02T11:59:42.352521Z]
datanode_3_1  | 2020-12-02 11:59:54,164 [2541113f-d521-4b16-b9aa-73a6ed5284ab@group-A93DBCB12274-LeaderElection2] INFO impl.LeaderElection: 2541113f-d521-4b16-b9aa-73a6ed5284ab@group-A93DBCB12274-LeaderElection2: Election PASSED; received 2 response(s) [2541113f-d521-4b16-b9aa-73a6ed5284ab<-9d660874-0029-4102-bbc8-4a64785531b0#0:OK-t1, 2541113f-d521-4b16-b9aa-73a6ed5284ab<-02525903-4066-4f34-bce2-fa2e0e20d6af#0:FAIL-t1] and 0 exception(s); 2541113f-d521-4b16-b9aa-73a6ed5284ab@group-A93DBCB12274:t1, leader=null, voted=2541113f-d521-4b16-b9aa-73a6ed5284ab, raftlog=2541113f-d521-4b16-b9aa-73a6ed5284ab@group-A93DBCB12274-SegmentedRaftLog:OPENED:c-1,f-1,i0, conf=-1: [9d660874-0029-4102-bbc8-4a64785531b0|rpc:10.5.0.4:9858, 02525903-4066-4f34-bce2-fa2e0e20d6af|rpc:10.5.0.8:9858, 2541113f-d521-4b16-b9aa-73a6ed5284ab|rpc:10.5.0.6:9858], old=null
datanode_3_1  | 2020-12-02 11:59:54,173 [2541113f-d521-4b16-b9aa-73a6ed5284ab@group-A93DBCB12274-LeaderElection2] INFO impl.RoleInfo: 2541113f-d521-4b16-b9aa-73a6ed5284ab: shutdown 2541113f-d521-4b16-b9aa-73a6ed5284ab@group-A93DBCB12274-LeaderElection2
datanode_3_1  | 2020-12-02 11:59:54,201 [2541113f-d521-4b16-b9aa-73a6ed5284ab@group-A93DBCB12274-LeaderElection2] INFO impl.RaftServerImpl: 2541113f-d521-4b16-b9aa-73a6ed5284ab@group-A93DBCB12274: changes role from CANDIDATE to LEADER at term 1 for changeToLeader
datanode_3_1  | 2020-12-02 11:59:54,245 [2541113f-d521-4b16-b9aa-73a6ed5284ab@group-A93DBCB12274-LeaderElection2] INFO ratis.XceiverServerRatis: Leader change notification received for group: group-A93DBCB12274 with new leaderId: 2541113f-d521-4b16-b9aa-73a6ed5284ab
datanode_3_1  | 2020-12-02 11:59:54,246 [2541113f-d521-4b16-b9aa-73a6ed5284ab@group-A93DBCB12274-LeaderElection2] INFO impl.RaftServerImpl: 2541113f-d521-4b16-b9aa-73a6ed5284ab@group-A93DBCB12274: change Leader from null to 2541113f-d521-4b16-b9aa-73a6ed5284ab at term 1 for becomeLeader, leader elected after 5966ms
datanode_3_1  | 2020-12-02 11:59:54,267 [2541113f-d521-4b16-b9aa-73a6ed5284ab@group-A93DBCB12274-LeaderElection2] INFO server.RaftServerConfigKeys: raft.server.staging.catchup.gap = 1000 (default)
datanode_3_1  | 2020-12-02 11:59:54,275 [2541113f-d521-4b16-b9aa-73a6ed5284ab@group-A93DBCB12274-LeaderElection2] INFO server.RaftServerConfigKeys: raft.server.rpc.sleep.time = 25ms (default)
datanode_3_1  | 2020-12-02 11:59:54,275 [2541113f-d521-4b16-b9aa-73a6ed5284ab@group-A93DBCB12274-LeaderElection2] INFO metrics.RatisMetrics: Creating Metrics Registry : ratis.log_appender.2541113f-d521-4b16-b9aa-73a6ed5284ab@group-A93DBCB12274
datanode_3_1  | 2020-12-02 11:59:54,278 [2541113f-d521-4b16-b9aa-73a6ed5284ab@group-A93DBCB12274-LeaderElection2] INFO server.RaftServerConfigKeys: raft.server.write.element-limit = 1024 (custom)
datanode_3_1  | 2020-12-02 11:59:54,278 [2541113f-d521-4b16-b9aa-73a6ed5284ab@group-A93DBCB12274-LeaderElection2] INFO server.RaftServerConfigKeys: raft.server.write.byte-limit = 1073741824 (custom)
datanode_3_1  | 2020-12-02 11:59:54,279 [2541113f-d521-4b16-b9aa-73a6ed5284ab@group-A93DBCB12274-LeaderElection2] INFO server.RaftServerConfigKeys: raft.server.watch.timeout = 180s (custom)
datanode_3_1  | 2020-12-02 11:59:54,283 [2541113f-d521-4b16-b9aa-73a6ed5284ab@group-A93DBCB12274-LeaderElection2] INFO server.RaftServerConfigKeys: raft.server.watch.timeout.denomination = 1s (default)
datanode_3_1  | 2020-12-02 11:59:54,283 [2541113f-d521-4b16-b9aa-73a6ed5284ab@group-A93DBCB12274-LeaderElection2] INFO server.RaftServerConfigKeys: raft.server.watch.element-limit = 65536 (default)
