nm_1        | 	at org.apache.hadoop.ozone.shaded.com.google.common.cache.LocalCache$Segment.loadSync(LocalCache.java:2278)
nm_1        | 	at org.apache.hadoop.ozone.shaded.com.google.common.cache.LocalCache$Segment.lockedGetOrLoad(LocalCache.java:2155)
nm_1        | 	at org.apache.hadoop.ozone.shaded.com.google.common.cache.LocalCache$Segment.get(LocalCache.java:2045)
nm_1        | 	at org.apache.hadoop.ozone.shaded.com.google.common.cache.LocalCache.get(LocalCache.java:3951)
nm_1        | 	at org.apache.hadoop.ozone.shaded.com.google.common.cache.LocalCache$LocalManualCache.get(LocalCache.java:4871)
nm_1        | 	at org.apache.hadoop.hdds.scm.XceiverClientManager.getClient(XceiverClientManager.java:224)
nm_1        | 	at org.apache.hadoop.hdds.scm.XceiverClientManager.acquireClient(XceiverClientManager.java:170)
nm_1        | 	at org.apache.hadoop.hdds.scm.XceiverClientManager.acquireClientForReadData(XceiverClientManager.java:159)
nm_1        | 	at org.apache.hadoop.hdds.scm.storage.BlockInputStream.acquireClient(BlockInputStream.java:220)
nm_1        | 	at org.apache.hadoop.hdds.scm.storage.BlockInputStream.getChunkInfos(BlockInputStream.java:194)
nm_1        | 	at org.apache.hadoop.hdds.scm.storage.BlockInputStream.initialize(BlockInputStream.java:135)
nm_1        | 	at org.apache.hadoop.hdds.scm.storage.BlockInputStream.read(BlockInputStream.java:269)
nm_1        | 	at org.apache.hadoop.ozone.client.io.KeyInputStream.read(KeyInputStream.java:199)
nm_1        | 	at org.apache.hadoop.fs.ozone.OzoneFSInputStream.read(OzoneFSInputStream.java:64)
nm_1        | 	at java.io.DataInputStream.read(DataInputStream.java:100)
nm_1        | 	at org.apache.commons.io.IOUtils.copyLarge(IOUtils.java:2146)
nm_1        | 	at org.apache.commons.io.IOUtils.copy(IOUtils.java:2102)
rm_1        | 2020-12-02 11:30:43 INFO  RMContainerImpl:480 - container_1606908535181_0001_01_000005 Container Transitioned from ALLOCATED to ACQUIRED
nm_1        | 	at org.apache.commons.io.IOUtils.copyLarge(IOUtils.java:2123)
rm_1        | 2020-12-02 11:30:43 INFO  RMContainerImpl:480 - container_1606908535181_0001_01_000005 Container Transitioned from ACQUIRED to RUNNING
nm_1        | 	at org.apache.commons.io.IOUtils.copy(IOUtils.java:2078)
rm_1        | 2020-12-02 11:30:44 INFO  AppSchedulingInfo:367 - checking for deactivate of application :application_1606908535181_0001
nm_1        | 	at org.apache.hadoop.yarn.util.FSDownload.unpack(FSDownload.java:378)
rm_1        | 2020-12-02 11:30:48 INFO  RMContainerImpl:480 - container_1606908535181_0001_01_000005 Container Transitioned from RUNNING to COMPLETED
nm_1        | 	at org.apache.hadoop.yarn.util.FSDownload.downloadAndUnpack(FSDownload.java:303)
rm_1        | 2020-12-02 11:30:48 INFO  RMAuditLogger:231 - USER=hadoop	OPERATION=AM Released Container	TARGET=SchedulerApp	RESULT=SUCCESS	APPID=application_1606908535181_0001	CONTAINERID=container_1606908535181_0001_01_000005	RESOURCE=<memory:4096, vCores:1>	QUEUENAME=default
nm_1        | 	at org.apache.hadoop.yarn.util.FSDownload.verifyAndCopy(FSDownload.java:283)
rm_1        | 2020-12-02 11:30:53 INFO  RMAppAttemptImpl:1420 - Updating application attempt appattempt_1606908535181_0001_000001 with final state: FINISHING, and exit status: -1000
nm_1        | 	at org.apache.hadoop.yarn.util.FSDownload.access$000(FSDownload.java:67)
rm_1        | 2020-12-02 11:30:53 INFO  RMAppAttemptImpl:927 - appattempt_1606908535181_0001_000001 State change from RUNNING to FINAL_SAVING on event = UNREGISTERED
nm_1        | 	at org.apache.hadoop.yarn.util.FSDownload$2.run(FSDownload.java:414)
rm_1        | 2020-12-02 11:30:53 INFO  RMAppImpl:1278 - Updating application application_1606908535181_0001 with final state: FINISHING
nm_1        | 	at org.apache.hadoop.yarn.util.FSDownload$2.run(FSDownload.java:411)
rm_1        | 2020-12-02 11:30:53 INFO  RMAppImpl:912 - application_1606908535181_0001 State change from RUNNING to FINAL_SAVING on event = ATTEMPT_UNREGISTERED
nm_1        | 	at java.security.AccessController.doPrivileged(Native Method)
rm_1        | 2020-12-02 11:30:53 INFO  RMStateStore:260 - Updating info for app: application_1606908535181_0001
nm_1        | 	at javax.security.auth.Subject.doAs(Subject.java:422)
rm_1        | 2020-12-02 11:30:53 INFO  RMAppAttemptImpl:927 - appattempt_1606908535181_0001_000001 State change from FINAL_SAVING to FINISHING on event = ATTEMPT_UPDATE_SAVED
nm_1        | 	at org.apache.hadoop.security.UserGroupInformation.doAs(UserGroupInformation.java:1729)
nm_1        | 	at org.apache.hadoop.yarn.util.FSDownload.call(FSDownload.java:411)
nm_1        | 	at org.apache.hadoop.yarn.server.nodemanager.containermanager.localizer.ContainerLocalizer$FSDownloadWrapper.doDownloadCall(ContainerLocalizer.java:242)
rm_1        | 2020-12-02 11:30:53 INFO  RMAppImpl:912 - application_1606908535181_0001 State change from FINAL_SAVING to FINISHING on event = APP_UPDATE_SAVED
nm_1        | 	at org.apache.hadoop.yarn.server.nodemanager.containermanager.localizer.ContainerLocalizer$FSDownloadWrapper.call(ContainerLocalizer.java:235)
rm_1        | 2020-12-02 11:30:54 INFO  ApplicationMasterService:313 - application_1606908535181_0001 unregistered successfully. 
nm_1        | 	at org.apache.hadoop.yarn.server.nodemanager.containermanager.localizer.ContainerLocalizer$FSDownloadWrapper.call(ContainerLocalizer.java:223)
rm_1        | 2020-12-02 11:30:57 INFO  ClientRMService:341 - Allocated new applicationId: 2
nm_1        | 	at java.util.concurrent.FutureTask.run(FutureTask.java:266)
rm_1        | 2020-12-02 11:31:00 INFO  RMContainerImpl:480 - container_1606908535181_0001_01_000001 Container Transitioned from RUNNING to COMPLETED
nm_1        | 	at java.util.concurrent.Executors$RunnableAdapter.call(Executors.java:511)
nm_1        | 	at java.util.concurrent.FutureTask.run(FutureTask.java:266)
rm_1        | 2020-12-02 11:31:00 INFO  RMAuditLogger:231 - USER=hadoop	OPERATION=AM Released Container	TARGET=SchedulerApp	RESULT=SUCCESS	APPID=application_1606908535181_0001	CONTAINERID=container_1606908535181_0001_01_000001	RESOURCE=<memory:2048, vCores:1>	QUEUENAME=default
nm_1        | 	at java.util.concurrent.ThreadPoolExecutor.runWorker(ThreadPoolExecutor.java:1149)
rm_1        | 2020-12-02 11:31:00 INFO  ApplicationMasterService:496 - Unregistering app attempt : appattempt_1606908535181_0001_000001
nm_1        | 	at java.util.concurrent.ThreadPoolExecutor$Worker.run(ThreadPoolExecutor.java:624)
rm_1        | 2020-12-02 11:31:00 INFO  AMRMTokenSecretManager:124 - Application finished, removing password for appattempt_1606908535181_0001_000001
nm_1        | 	at java.lang.Thread.run(Thread.java:748)
rm_1        | 2020-12-02 11:31:00 INFO  RMAppAttemptImpl:927 - appattempt_1606908535181_0001_000001 State change from FINISHING to FINISHED on event = CONTAINER_FINISHED
rm_1        | 2020-12-02 11:31:00 INFO  RMAppImpl:912 - application_1606908535181_0001 State change from FINISHING to FINISHED on event = ATTEMPT_FINISHED
nm_1        | 
rm_1        | 2020-12-02 11:31:00 INFO  CapacityScheduler:1049 - Application Attempt appattempt_1606908535181_0001_000001 is done. finalState=FINISHED
nm_1        | Dec 02, 2020 11:32:03 AM org.apache.ratis.thirdparty.io.grpc.internal.ManagedChannelOrphanWrapper$ManagedChannelReference cleanQueue
rm_1        | 2020-12-02 11:31:00 INFO  AppSchedulingInfo:159 - Application application_1606908535181_0001 requests cleared
nm_1        | SEVERE: *~*~*~ Channel ManagedChannelImpl{logId=7, target=172.21.0.2:9859} was not shutdown properly!!! ~*~*~*
rm_1        | 2020-12-02 11:31:00 INFO  LeafQueue:1003 - Application removed - appId: application_1606908535181_0001 user: hadoop queue: default #user-pending-applications: 0 #user-active-applications: 0 #queue-pending-applications: 0 #queue-active-applications: 0
nm_1        |     Make sure to call shutdown()/shutdownNow() and wait until awaitTermination() returns true.
rm_1        | 2020-12-02 11:31:00 INFO  ParentQueue:522 - Application removed - appId: application_1606908535181_0001 user: hadoop leaf-queue of parent: root #applications: 0
rm_1        | 2020-12-02 11:31:00 INFO  RMAuditLogger:358 - USER=hadoop	OPERATION=Application Finished - Succeeded	TARGET=RMAppManager	RESULT=SUCCESS	APPID=application_1606908535181_0001
nm_1        | java.lang.RuntimeException: ManagedChannel allocation site
rm_1        | 2020-12-02 11:31:00 INFO  RMAppManager$ApplicationSummary:212 - appId=application_1606908535181_0001,name=QuasiMonteCarlo,user=hadoop,queue=default,state=FINISHED,trackingUrl=http://rm:8088/proxy/application_1606908535181_0001/,appMasterHost=nm,submitTime=1606908612825,startTime=1606908612889,finishTime=1606908653591,finalStatus=SUCCEEDED,memorySeconds=182849,vcoreSeconds=64,preemptedMemorySeconds=0,preemptedVcoreSeconds=0,preemptedAMContainers=0,preemptedNonAMContainers=0,preemptedResources=<memory:0\, vCores:0>,applicationType=MAPREDUCE,resourceSeconds=182849 MB-seconds\, 64 vcore-seconds,preemptedResourceSeconds=0 MB-seconds\, 0 vcore-seconds
nm_1        | 	at org.apache.ratis.thirdparty.io.grpc.internal.ManagedChannelOrphanWrapper$ManagedChannelReference.<init>(ManagedChannelOrphanWrapper.java:93)
rm_1        | 2020-12-02 11:31:00 INFO  AMLauncher:317 - Cleaning master appattempt_1606908535181_0001_000001
rm_1        | 2020-12-02 11:31:03 INFO  CapacityScheduler:2500 - Application 'application_1606908535181_0002' is submitted without priority hence considering default queue/cluster priority: 0
nm_1        | 	at org.apache.ratis.thirdparty.io.grpc.internal.ManagedChannelOrphanWrapper.<init>(ManagedChannelOrphanWrapper.java:53)
nm_1        | 	at org.apache.ratis.thirdparty.io.grpc.internal.ManagedChannelOrphanWrapper.<init>(ManagedChannelOrphanWrapper.java:44)
nm_1        | 	at org.apache.ratis.thirdparty.io.grpc.internal.AbstractManagedChannelImplBuilder.build(AbstractManagedChannelImplBuilder.java:518)
nm_1        | 	at org.apache.hadoop.hdds.scm.XceiverClientGrpc.connectToDatanode(XceiverClientGrpc.java:193)
nm_1        | 	at org.apache.hadoop.hdds.scm.XceiverClientGrpc.reconnect(XceiverClientGrpc.java:543)
nm_1        | 	at org.apache.hadoop.hdds.scm.XceiverClientGrpc.checkOpen(XceiverClientGrpc.java:534)
nm_1        | 	at org.apache.hadoop.hdds.scm.XceiverClientGrpc.sendCommandAsync(XceiverClientGrpc.java:462)
nm_1        | 	at org.apache.hadoop.hdds.scm.XceiverClientGrpc.sendCommandWithRetry(XceiverClientGrpc.java:371)
nm_1        | 	at org.apache.hadoop.hdds.scm.XceiverClientGrpc.lambda$sendCommandWithTraceIDAndRetry$0(XceiverClientGrpc.java:311)
nm_1        | 	at org.apache.hadoop.hdds.tracing.TracingUtil.executeInSpan(TracingUtil.java:174)
nm_1        | 	at org.apache.hadoop.hdds.tracing.TracingUtil.executeInNewSpan(TracingUtil.java:148)
nm_1        | 	at org.apache.hadoop.hdds.scm.XceiverClientGrpc.sendCommandWithTraceIDAndRetry(XceiverClientGrpc.java:305)
nm_1        | 	at org.apache.hadoop.hdds.scm.XceiverClientGrpc.sendCommand(XceiverClientGrpc.java:286)
rm_1        | 2020-12-02 11:31:03 INFO  CapacityScheduler:2521 - Priority '0' is acceptable in queue : default for application: application_1606908535181_0002
nm_1        | 	at org.apache.hadoop.hdds.scm.storage.ContainerProtocolCalls.getBlock(ContainerProtocolCalls.java:106)
rm_1        | 2020-12-02 11:31:03 INFO  ClientRMService:650 - Application with id 2 submitted by user hadoop
nm_1        | 	at org.apache.hadoop.hdds.scm.storage.BlockInputStream.getChunkInfos(BlockInputStream.java:206)
nm_1        | 	at org.apache.hadoop.hdds.scm.storage.BlockInputStream.initialize(BlockInputStream.java:135)
nm_1        | 	at org.apache.hadoop.hdds.scm.storage.BlockInputStream.read(BlockInputStream.java:269)
nm_1        | 	at org.apache.hadoop.ozone.client.io.KeyInputStream.read(KeyInputStream.java:199)
nm_1        | 	at org.apache.hadoop.fs.ozone.OzoneFSInputStream.read(OzoneFSInputStream.java:64)
nm_1        | 	at java.io.DataInputStream.read(DataInputStream.java:149)
nm_1        | 	at org.apache.commons.io.input.ProxyInputStream.read(ProxyInputStream.java:100)
nm_1        | 	at org.apache.commons.io.input.TeeInputStream.read(TeeInputStream.java:129)
nm_1        | 	at java.io.FilterInputStream.read(FilterInputStream.java:133)
nm_1        | 	at java.io.PushbackInputStream.read(PushbackInputStream.java:186)
nm_1        | 	at java.util.zip.ZipInputStream.readFully(ZipInputStream.java:403)
nm_1        | 	at java.util.zip.ZipInputStream.readLOC(ZipInputStream.java:278)
nm_1        | 	at java.util.zip.ZipInputStream.getNextEntry(ZipInputStream.java:122)
nm_1        | 	at java.util.jar.JarInputStream.<init>(JarInputStream.java:83)
nm_1        | 	at java.util.jar.JarInputStream.<init>(JarInputStream.java:62)
nm_1        | 	at org.apache.hadoop.util.RunJar.unJar(RunJar.java:114)
nm_1        | 	at org.apache.hadoop.util.RunJar.unJarAndSave(RunJar.java:167)
nm_1        | 	at org.apache.hadoop.yarn.util.FSDownload.unpack(FSDownload.java:354)
nm_1        | 	at org.apache.hadoop.yarn.util.FSDownload.downloadAndUnpack(FSDownload.java:303)
nm_1        | 	at org.apache.hadoop.yarn.util.FSDownload.verifyAndCopy(FSDownload.java:283)
nm_1        | 	at org.apache.hadoop.yarn.util.FSDownload.access$000(FSDownload.java:67)
nm_1        | 	at org.apache.hadoop.yarn.util.FSDownload$2.run(FSDownload.java:414)
nm_1        | 	at org.apache.hadoop.yarn.util.FSDownload$2.run(FSDownload.java:411)
nm_1        | 	at java.security.AccessController.doPrivileged(Native Method)
rm_1        | 2020-12-02 11:31:03 INFO  RMAuditLogger:310 - USER=hadoop	IP=172.21.0.5	OPERATION=Submit Application Request	TARGET=ClientRMService	RESULT=SUCCESS	APPID=application_1606908535181_0002	QUEUENAME=default
nm_1        | 	at javax.security.auth.Subject.doAs(Subject.java:422)
rm_1        | 2020-12-02 11:31:03 INFO  RMAppImpl:1259 - Storing application with id application_1606908535181_0002
nm_1        | 	at org.apache.hadoop.security.UserGroupInformation.doAs(UserGroupInformation.java:1729)
nm_1        | 	at org.apache.hadoop.yarn.util.FSDownload.call(FSDownload.java:411)
nm_1        | 	at org.apache.hadoop.yarn.server.nodemanager.containermanager.localizer.ContainerLocalizer$FSDownloadWrapper.doDownloadCall(ContainerLocalizer.java:242)
nm_1        | 	at org.apache.hadoop.yarn.server.nodemanager.containermanager.localizer.ContainerLocalizer$FSDownloadWrapper.call(ContainerLocalizer.java:235)
nm_1        | 	at org.apache.hadoop.yarn.server.nodemanager.containermanager.localizer.ContainerLocalizer$FSDownloadWrapper.call(ContainerLocalizer.java:223)
nm_1        | 	at java.util.concurrent.FutureTask.run(FutureTask.java:266)
nm_1        | 	at java.util.concurrent.Executors$RunnableAdapter.call(Executors.java:511)
nm_1        | 	at java.util.concurrent.FutureTask.run(FutureTask.java:266)
nm_1        | 	at java.util.concurrent.ThreadPoolExecutor.runWorker(ThreadPoolExecutor.java:1149)
nm_1        | 	at java.util.concurrent.ThreadPoolExecutor$Worker.run(ThreadPoolExecutor.java:624)
nm_1        | 	at java.lang.Thread.run(Thread.java:748)
nm_1        | 
nm_1        | Dec 02, 2020 11:32:03 AM org.apache.ratis.thirdparty.io.grpc.internal.ManagedChannelOrphanWrapper$ManagedChannelReference cleanQueue
nm_1        | SEVERE: *~*~*~ Channel ManagedChannelImpl{logId=3, target=172.21.0.7:9859} was not shutdown properly!!! ~*~*~*
nm_1        |     Make sure to call shutdown()/shutdownNow() and wait until awaitTermination() returns true.
nm_1        | java.lang.RuntimeException: ManagedChannel allocation site
nm_1        | 	at org.apache.ratis.thirdparty.io.grpc.internal.ManagedChannelOrphanWrapper$ManagedChannelReference.<init>(ManagedChannelOrphanWrapper.java:93)
nm_1        | 	at org.apache.ratis.thirdparty.io.grpc.internal.ManagedChannelOrphanWrapper.<init>(ManagedChannelOrphanWrapper.java:53)
rm_1        | 2020-12-02 11:31:03 INFO  RMAppImpl:912 - application_1606908535181_0002 State change from NEW to NEW_SAVING on event = START
nm_1        | 	at org.apache.ratis.thirdparty.io.grpc.internal.ManagedChannelOrphanWrapper.<init>(ManagedChannelOrphanWrapper.java:44)
rm_1        | 2020-12-02 11:31:03 INFO  RMStateStore:222 - Storing info for app: application_1606908535181_0002
nm_1        | 	at org.apache.ratis.thirdparty.io.grpc.internal.AbstractManagedChannelImplBuilder.build(AbstractManagedChannelImplBuilder.java:518)
rm_1        | 2020-12-02 11:31:03 INFO  RMAppImpl:912 - application_1606908535181_0002 State change from NEW_SAVING to SUBMITTED on event = APP_NEW_SAVED
nm_1        | 	at org.apache.hadoop.hdds.scm.XceiverClientGrpc.connectToDatanode(XceiverClientGrpc.java:193)
rm_1        | 2020-12-02 11:31:03 INFO  ParentQueue:494 - Application added - appId: application_1606908535181_0002 user: hadoop leaf-queue of parent: root #applications: 1
nm_1        | 	at org.apache.hadoop.hdds.scm.XceiverClientGrpc.reconnect(XceiverClientGrpc.java:543)
rm_1        | 2020-12-02 11:31:03 INFO  CapacityScheduler:954 - Accepted application application_1606908535181_0002 from user: hadoop, in queue: default
nm_1        | 	at org.apache.hadoop.hdds.scm.XceiverClientGrpc.checkOpen(XceiverClientGrpc.java:534)
rm_1        | 2020-12-02 11:31:03 INFO  RMAppImpl:912 - application_1606908535181_0002 State change from SUBMITTED to ACCEPTED on event = APP_ACCEPTED
nm_1        | 	at org.apache.hadoop.hdds.scm.XceiverClientGrpc.sendCommandAsync(XceiverClientGrpc.java:462)
rm_1        | 2020-12-02 11:31:03 INFO  ApplicationMasterService:479 - Registering app attempt : appattempt_1606908535181_0002_000001
nm_1        | 	at org.apache.hadoop.hdds.scm.XceiverClientGrpc.sendCommandWithRetry(XceiverClientGrpc.java:371)
rm_1        | 2020-12-02 11:31:03 INFO  RMAppAttemptImpl:927 - appattempt_1606908535181_0002_000001 State change from NEW to SUBMITTED on event = START
nm_1        | 	at org.apache.hadoop.hdds.scm.XceiverClientGrpc.lambda$sendCommandWithTraceIDAndRetry$0(XceiverClientGrpc.java:311)
rm_1        | 2020-12-02 11:31:03 WARN  LeafQueue:846 - maximum-am-resource-percent is insufficient to start a single application in queue, it is likely set too low. skipping enforcement to allow at least one application to start
nm_1        | 	at org.apache.hadoop.hdds.tracing.TracingUtil.executeInSpan(TracingUtil.java:174)
rm_1        | 2020-12-02 11:31:03 WARN  LeafQueue:882 - maximum-am-resource-percent is insufficient to start a single application in queue for user, it is likely set too low. skipping enforcement to allow at least one application to start
nm_1        | 	at org.apache.hadoop.hdds.tracing.TracingUtil.executeInNewSpan(TracingUtil.java:148)
rm_1        | 2020-12-02 11:31:03 INFO  LeafQueue:911 - Application application_1606908535181_0002 from user: hadoop activated in queue: default
nm_1        | 	at org.apache.hadoop.hdds.scm.XceiverClientGrpc.sendCommandWithTraceIDAndRetry(XceiverClientGrpc.java:305)
rm_1        | 2020-12-02 11:31:03 INFO  LeafQueue:941 - Application added - appId: application_1606908535181_0002 user: hadoop, leaf-queue: default #user-pending-applications: 0 #user-active-applications: 1 #queue-pending-applications: 0 #queue-active-applications: 1
nm_1        | 	at org.apache.hadoop.hdds.scm.XceiverClientGrpc.sendCommand(XceiverClientGrpc.java:286)
rm_1        | 2020-12-02 11:31:03 INFO  CapacityScheduler:1000 - Added Application Attempt appattempt_1606908535181_0002_000001 to scheduler from user hadoop in queue default
rm_1        | 2020-12-02 11:31:03 INFO  RMAppAttemptImpl:927 - appattempt_1606908535181_0002_000001 State change from SUBMITTED to SCHEDULED on event = ATTEMPT_ADDED
rm_1        | 2020-12-02 11:31:04 INFO  AbstractContainerAllocator:129 - assignedContainer application attempt=appattempt_1606908535181_0002_000001 container=null queue=default clusterResource=<memory:8192, vCores:8> type=OFF_SWITCH requestedPartition=
rm_1        | 2020-12-02 11:31:04 INFO  RMContainerImpl:480 - container_1606908535181_0002_01_000001 Container Transitioned from NEW to ALLOCATED
rm_1        | 2020-12-02 11:31:04 INFO  FiCaSchedulerNode:169 - Assigned container container_1606908535181_0002_01_000001 of capacity <memory:2048, vCores:1> on host nm:44145, which has 1 containers, <memory:2048, vCores:1> used and <memory:6144, vCores:7> available after allocation
rm_1        | 2020-12-02 11:31:04 INFO  RMAuditLogger:231 - USER=hadoop	OPERATION=AM Allocated Container	TARGET=SchedulerApp	RESULT=SUCCESS	APPID=application_1606908535181_0002	CONTAINERID=container_1606908535181_0002_01_000001	RESOURCE=<memory:2048, vCores:1>	QUEUENAME=default
rm_1        | 2020-12-02 11:31:04 INFO  NMTokenSecretManagerInRM:200 - Sending NMToken for nodeId : nm:44145 for container : container_1606908535181_0002_01_000001
rm_1        | 2020-12-02 11:31:04 INFO  RMContainerImpl:480 - container_1606908535181_0002_01_000001 Container Transitioned from ALLOCATED to ACQUIRED
rm_1        | 2020-12-02 11:31:04 INFO  ParentQueue:1340 - assignedContainer queue=root usedCapacity=0.25 absoluteUsedCapacity=0.25 used=<memory:2048, vCores:1> cluster=<memory:8192, vCores:8>
rm_1        | 2020-12-02 11:31:04 INFO  CapacityScheduler:2894 - Allocation proposal accepted
rm_1        | 2020-12-02 11:31:04 INFO  NMTokenSecretManagerInRM:146 - Clear node set for appattempt_1606908535181_0002_000001
rm_1        | 2020-12-02 11:31:04 INFO  RMAppAttemptImpl:2221 - Storing attempt: AppId: application_1606908535181_0002 AttemptId: appattempt_1606908535181_0002_000001 MasterContainer: Container: [ContainerId: container_1606908535181_0002_01_000001, AllocationRequestId: -1, Version: 0, NodeId: nm:44145, NodeHttpAddress: nm:8042, Resource: <memory:2048, vCores:1>, Priority: 0, Token: Token { kind: ContainerToken, service: 172.21.0.4:44145 }, ExecutionType: GUARANTEED, ]
rm_1        | 2020-12-02 11:31:04 INFO  RMAppAttemptImpl:927 - appattempt_1606908535181_0002_000001 State change from SCHEDULED to ALLOCATED_SAVING on event = CONTAINER_ALLOCATED
rm_1        | 2020-12-02 11:31:04 INFO  RMAppAttemptImpl:927 - appattempt_1606908535181_0002_000001 State change from ALLOCATED_SAVING to ALLOCATED on event = ATTEMPT_NEW_SAVED
rm_1        | 2020-12-02 11:31:04 INFO  AMLauncher:307 - Launching masterappattempt_1606908535181_0002_000001
rm_1        | 2020-12-02 11:31:04 INFO  AMLauncher:109 - Setting up container Container: [ContainerId: container_1606908535181_0002_01_000001, AllocationRequestId: -1, Version: 0, NodeId: nm:44145, NodeHttpAddress: nm:8042, Resource: <memory:2048, vCores:1>, Priority: 0, Token: Token { kind: ContainerToken, service: 172.21.0.4:44145 }, ExecutionType: GUARANTEED, ] for AM appattempt_1606908535181_0002_000001
rm_1        | 2020-12-02 11:31:04 INFO  AMRMTokenSecretManager:195 - Create AMRMToken for ApplicationAttempt: appattempt_1606908535181_0002_000001
rm_1        | 2020-12-02 11:31:04 INFO  AMRMTokenSecretManager:307 - Creating password for appattempt_1606908535181_0002_000001
rm_1        | 2020-12-02 11:31:04 INFO  AMLauncher:130 - Done launching container Container: [ContainerId: container_1606908535181_0002_01_000001, AllocationRequestId: -1, Version: 0, NodeId: nm:44145, NodeHttpAddress: nm:8042, Resource: <memory:2048, vCores:1>, Priority: 0, Token: Token { kind: ContainerToken, service: 172.21.0.4:44145 }, ExecutionType: GUARANTEED, ] for AM appattempt_1606908535181_0002_000001
rm_1        | 2020-12-02 11:31:04 INFO  RMAppAttemptImpl:927 - appattempt_1606908535181_0002_000001 State change from ALLOCATED to LAUNCHED on event = LAUNCHED
rm_1        | 2020-12-02 11:31:05 INFO  RMContainerImpl:480 - container_1606908535181_0002_01_000001 Container Transitioned from ACQUIRED to RUNNING
rm_1        | 2020-12-02 11:31:10 INFO  Server:1845 - Auth successful for appattempt_1606908535181_0002_000001 (auth:SIMPLE)
rm_1        | 2020-12-02 11:31:10 INFO  DefaultAMSProcessor:127 - AM registration appattempt_1606908535181_0002_000001
rm_1        | 2020-12-02 11:31:10 INFO  RMAppAttemptImpl:927 - appattempt_1606908535181_0002_000001 State change from LAUNCHED to RUNNING on event = REGISTERED
rm_1        | 2020-12-02 11:31:10 INFO  RMAuditLogger:294 - USER=hadoop	IP=172.21.0.4	OPERATION=Register App Master	TARGET=ApplicationMasterService	RESULT=SUCCESS	APPID=application_1606908535181_0002	APPATTEMPTID=appattempt_1606908535181_0002_000001
rm_1        | 2020-12-02 11:31:10 INFO  RMAppImpl:912 - application_1606908535181_0002 State change from ACCEPTED to RUNNING on event = ATTEMPT_REGISTERED
rm_1        | 2020-12-02 11:31:13 INFO  AbstractContainerAllocator:129 - assignedContainer application attempt=appattempt_1606908535181_0002_000001 container=null queue=default clusterResource=<memory:8192, vCores:8> type=RACK_LOCAL requestedPartition=
rm_1        | 2020-12-02 11:31:13 INFO  RMContainerImpl:480 - container_1606908535181_0002_01_000002 Container Transitioned from NEW to ALLOCATED
nm_1        | 	at org.apache.hadoop.hdds.scm.storage.ContainerProtocolCalls.getBlock(ContainerProtocolCalls.java:106)
nm_1        | 	at org.apache.hadoop.hdds.scm.storage.BlockInputStream.getChunkInfos(BlockInputStream.java:206)
nm_1        | 	at org.apache.hadoop.hdds.scm.storage.BlockInputStream.initialize(BlockInputStream.java:135)
nm_1        | 	at org.apache.hadoop.hdds.scm.storage.BlockInputStream.read(BlockInputStream.java:269)
nm_1        | 	at org.apache.hadoop.ozone.client.io.KeyInputStream.read(KeyInputStream.java:199)
nm_1        | 	at org.apache.hadoop.fs.ozone.OzoneFSInputStream.read(OzoneFSInputStream.java:64)
nm_1        | 	at java.io.DataInputStream.read(DataInputStream.java:100)
nm_1        | 	at org.apache.commons.io.IOUtils.copyLarge(IOUtils.java:2146)
nm_1        | 	at org.apache.commons.io.IOUtils.copy(IOUtils.java:2102)
nm_1        | 	at org.apache.commons.io.IOUtils.copyLarge(IOUtils.java:2123)
nm_1        | 	at org.apache.commons.io.IOUtils.copy(IOUtils.java:2078)
nm_1        | 	at org.apache.hadoop.yarn.util.FSDownload.unpack(FSDownload.java:378)
nm_1        | 	at org.apache.hadoop.yarn.util.FSDownload.downloadAndUnpack(FSDownload.java:303)
nm_1        | 	at org.apache.hadoop.yarn.util.FSDownload.verifyAndCopy(FSDownload.java:283)
nm_1        | 	at org.apache.hadoop.yarn.util.FSDownload.access$000(FSDownload.java:67)
nm_1        | 	at org.apache.hadoop.yarn.util.FSDownload$2.run(FSDownload.java:414)
nm_1        | 	at org.apache.hadoop.yarn.util.FSDownload$2.run(FSDownload.java:411)
nm_1        | 	at java.security.AccessController.doPrivileged(Native Method)
nm_1        | 	at javax.security.auth.Subject.doAs(Subject.java:422)
nm_1        | 	at org.apache.hadoop.security.UserGroupInformation.doAs(UserGroupInformation.java:1729)
nm_1        | 	at org.apache.hadoop.yarn.util.FSDownload.call(FSDownload.java:411)
nm_1        | 	at org.apache.hadoop.yarn.server.nodemanager.containermanager.localizer.ContainerLocalizer$FSDownloadWrapper.doDownloadCall(ContainerLocalizer.java:242)
nm_1        | 	at org.apache.hadoop.yarn.server.nodemanager.containermanager.localizer.ContainerLocalizer$FSDownloadWrapper.call(ContainerLocalizer.java:235)
nm_1        | 	at org.apache.hadoop.yarn.server.nodemanager.containermanager.localizer.ContainerLocalizer$FSDownloadWrapper.call(ContainerLocalizer.java:223)
nm_1        | 	at java.util.concurrent.FutureTask.run(FutureTask.java:266)
nm_1        | 	at java.util.concurrent.Executors$RunnableAdapter.call(Executors.java:511)
nm_1        | 	at java.util.concurrent.FutureTask.run(FutureTask.java:266)
nm_1        | 	at java.util.concurrent.ThreadPoolExecutor.runWorker(ThreadPoolExecutor.java:1149)
nm_1        | 	at java.util.concurrent.ThreadPoolExecutor$Worker.run(ThreadPoolExecutor.java:624)
nm_1        | 	at java.lang.Thread.run(Thread.java:748)
rm_1        | 2020-12-02 11:31:13 INFO  FiCaSchedulerNode:169 - Assigned container container_1606908535181_0002_01_000002 of capacity <memory:4096, vCores:1> on host nm:44145, which has 2 containers, <memory:6144, vCores:2> used and <memory:2048, vCores:6> available after allocation
nm_1        | 
rm_1        | 2020-12-02 11:31:13 INFO  RMAuditLogger:231 - USER=hadoop	OPERATION=AM Allocated Container	TARGET=SchedulerApp	RESULT=SUCCESS	APPID=application_1606908535181_0002	CONTAINERID=container_1606908535181_0002_01_000002	RESOURCE=<memory:4096, vCores:1>	QUEUENAME=default
nm_1        | 2020-12-02 11:32:04 INFO  ContainerImpl:2126 - Container container_1606908535181_0003_01_000001 transitioned from LOCALIZING to SCHEDULED
rm_1        | 2020-12-02 11:31:13 INFO  ParentQueue:1340 - assignedContainer queue=root usedCapacity=0.75 absoluteUsedCapacity=0.75 used=<memory:6144, vCores:2> cluster=<memory:8192, vCores:8>
nm_1        | 2020-12-02 11:32:04 INFO  ContainerScheduler:511 - Starting container [container_1606908535181_0003_01_000001]
rm_1        | 2020-12-02 11:31:13 INFO  CapacityScheduler:2894 - Allocation proposal accepted
nm_1        | 2020-12-02 11:32:04 INFO  Configuration:3318 - Removed undeclared tags:
rm_1        | 2020-12-02 11:31:13 INFO  NMTokenSecretManagerInRM:200 - Sending NMToken for nodeId : nm:44145 for container : container_1606908535181_0002_01_000002
nm_1        | 2020-12-02 11:32:04 INFO  ContainerImpl:2126 - Container container_1606908535181_0003_01_000001 transitioned from SCHEDULED to RUNNING
rm_1        | 2020-12-02 11:31:13 INFO  RMContainerImpl:480 - container_1606908535181_0002_01_000002 Container Transitioned from ALLOCATED to ACQUIRED
nm_1        | 2020-12-02 11:32:04 INFO  ContainersMonitorImpl:943 - Starting resource-monitoring for container_1606908535181_0003_01_000001
nm_1        | 2020-12-02 11:32:04 INFO  DefaultContainerExecutor:370 - launchContainer: [bash, /tmp/hadoop-hadoop/nm-local-dir/usercache/hadoop/appcache/application_1606908535181_0003/container_1606908535181_0003_01_000001/default_container_executor.sh]
rm_1        | 2020-12-02 11:31:15 INFO  RMContainerImpl:480 - container_1606908535181_0002_01_000002 Container Transitioned from ACQUIRED to RUNNING
nm_1        | 2020-12-02 11:32:06 INFO  ContainersMonitorImpl:567 - container_1606908535181_0003_01_000001's ip = 172.21.0.4, and hostname = nm
rm_1        | 2020-12-02 11:31:18 INFO  RMContainerImpl:480 - container_1606908535181_0002_01_000002 Container Transitioned from RUNNING to COMPLETED
nm_1        | 2020-12-02 11:32:09 INFO  ContainersMonitorImpl:468 - Skipping monitoring container container_1606908535181_0003_01_000001 since CPU usage is not yet available.
rm_1        | 2020-12-02 11:31:18 INFO  RMAuditLogger:231 - USER=hadoop	OPERATION=AM Released Container	TARGET=SchedulerApp	RESULT=SUCCESS	APPID=application_1606908535181_0002	CONTAINERID=container_1606908535181_0002_01_000002	RESOURCE=<memory:4096, vCores:1>	QUEUENAME=default
nm_1        | 2020-12-02 11:32:13 INFO  Server:1845 - Auth successful for appattempt_1606908535181_0003_000001 (auth:SIMPLE)
rm_1        | 2020-12-02 11:31:19 INFO  AbstractContainerAllocator:129 - assignedContainer application attempt=appattempt_1606908535181_0002_000001 container=null queue=default clusterResource=<memory:8192, vCores:8> type=RACK_LOCAL requestedPartition=
nm_1        | 2020-12-02 11:32:13 INFO  ContainerManagerImpl:1070 - Start request for container_1606908535181_0003_01_000002 by user hadoop
rm_1        | 2020-12-02 11:31:19 INFO  RMContainerImpl:480 - container_1606908535181_0002_01_000003 Container Transitioned from NEW to ALLOCATED
nm_1        | 2020-12-02 11:32:13 INFO  ApplicationImpl:463 - Adding container_1606908535181_0003_01_000002 to application application_1606908535181_0003
rm_1        | 2020-12-02 11:31:19 INFO  FiCaSchedulerNode:169 - Assigned container container_1606908535181_0002_01_000003 of capacity <memory:4096, vCores:1> on host nm:44145, which has 2 containers, <memory:6144, vCores:2> used and <memory:2048, vCores:6> available after allocation
nm_1        | 2020-12-02 11:32:13 INFO  ContainerImpl:2126 - Container container_1606908535181_0003_01_000002 transitioned from NEW to LOCALIZING
rm_1        | 2020-12-02 11:31:19 INFO  RMAuditLogger:231 - USER=hadoop	OPERATION=AM Allocated Container	TARGET=SchedulerApp	RESULT=SUCCESS	APPID=application_1606908535181_0002	CONTAINERID=container_1606908535181_0002_01_000003	RESOURCE=<memory:4096, vCores:1>	QUEUENAME=default
nm_1        | 2020-12-02 11:32:13 INFO  AuxServices:350 - Got event CONTAINER_INIT for appId application_1606908535181_0003
rm_1        | 2020-12-02 11:31:19 INFO  ParentQueue:1340 - assignedContainer queue=root usedCapacity=0.75 absoluteUsedCapacity=0.75 used=<memory:6144, vCores:2> cluster=<memory:8192, vCores:8>
rm_1        | 2020-12-02 11:31:19 INFO  CapacityScheduler:2894 - Allocation proposal accepted
rm_1        | 2020-12-02 11:31:20 INFO  RMContainerImpl:480 - container_1606908535181_0002_01_000003 Container Transitioned from ALLOCATED to ACQUIRED
nm_1        | 2020-12-02 11:32:13 INFO  AuxServices:350 - Got event APPLICATION_INIT for appId application_1606908535181_0003
rm_1        | 2020-12-02 11:31:20 INFO  RMContainerImpl:480 - container_1606908535181_0002_01_000003 Container Transitioned from ACQUIRED to RUNNING
nm_1        | 2020-12-02 11:32:13 INFO  AuxServices:354 - Got APPLICATION_INIT for service mapreduce_shuffle
rm_1        | 2020-12-02 11:31:24 INFO  RMContainerImpl:480 - container_1606908535181_0002_01_000003 Container Transitioned from RUNNING to COMPLETED
nm_1        | 2020-12-02 11:32:13 INFO  ShuffleHandler:719 - Added token for job_1606908535181_0003
nm_1        | 2020-12-02 11:32:13 INFO  ContainerImpl:2126 - Container container_1606908535181_0003_01_000002 transitioned from LOCALIZING to SCHEDULED
nm_1        | 2020-12-02 11:32:13 INFO  ContainerScheduler:511 - Starting container [container_1606908535181_0003_01_000002]
rm_1        | 2020-12-02 11:31:24 INFO  RMAuditLogger:231 - USER=hadoop	OPERATION=AM Released Container	TARGET=SchedulerApp	RESULT=SUCCESS	APPID=application_1606908535181_0002	CONTAINERID=container_1606908535181_0002_01_000003	RESOURCE=<memory:4096, vCores:1>	QUEUENAME=default
rm_1        | 2020-12-02 11:31:25 INFO  AbstractContainerAllocator:129 - assignedContainer application attempt=appattempt_1606908535181_0002_000001 container=null queue=default clusterResource=<memory:8192, vCores:8> type=RACK_LOCAL requestedPartition=
nm_1        | 2020-12-02 11:32:13 INFO  NMAuditLogger:94 - USER=hadoop	IP=172.21.0.4	OPERATION=Start Container Request	TARGET=ContainerManageImpl	RESULT=SUCCESS	APPID=application_1606908535181_0003	CONTAINERID=container_1606908535181_0003_01_000002
rm_1        | 2020-12-02 11:31:25 INFO  RMContainerImpl:480 - container_1606908535181_0002_01_000004 Container Transitioned from NEW to ALLOCATED
nm_1        | 2020-12-02 11:32:13 INFO  Configuration:3318 - Removed undeclared tags:
rm_1        | 2020-12-02 11:31:25 INFO  FiCaSchedulerNode:169 - Assigned container container_1606908535181_0002_01_000004 of capacity <memory:4096, vCores:1> on host nm:44145, which has 2 containers, <memory:6144, vCores:2> used and <memory:2048, vCores:6> available after allocation
nm_1        | 2020-12-02 11:32:13 INFO  ContainerImpl:2126 - Container container_1606908535181_0003_01_000002 transitioned from SCHEDULED to RUNNING
rm_1        | 2020-12-02 11:31:25 INFO  RMAuditLogger:231 - USER=hadoop	OPERATION=AM Allocated Container	TARGET=SchedulerApp	RESULT=SUCCESS	APPID=application_1606908535181_0002	CONTAINERID=container_1606908535181_0002_01_000004	RESOURCE=<memory:4096, vCores:1>	QUEUENAME=default
nm_1        | 2020-12-02 11:32:13 INFO  ContainersMonitorImpl:943 - Starting resource-monitoring for container_1606908535181_0003_01_000002
rm_1        | 2020-12-02 11:31:25 INFO  ParentQueue:1340 - assignedContainer queue=root usedCapacity=0.75 absoluteUsedCapacity=0.75 used=<memory:6144, vCores:2> cluster=<memory:8192, vCores:8>
nm_1        | 2020-12-02 11:32:13 INFO  DefaultContainerExecutor:370 - launchContainer: [bash, /tmp/hadoop-hadoop/nm-local-dir/usercache/hadoop/appcache/application_1606908535181_0003/container_1606908535181_0003_01_000002/default_container_executor.sh]
rm_1        | 2020-12-02 11:31:25 INFO  CapacityScheduler:2894 - Allocation proposal accepted
nm_1        | 2020-12-02 11:32:15 INFO  ContainersMonitorImpl:567 - container_1606908535181_0003_01_000002's ip = 172.21.0.4, and hostname = nm
rm_1        | 2020-12-02 11:31:26 INFO  RMContainerImpl:480 - container_1606908535181_0002_01_000004 Container Transitioned from ALLOCATED to ACQUIRED
nm_1        | 2020-12-02 11:32:17 INFO  ContainerLaunch:589 - Container container_1606908535181_0003_01_000002 succeeded 
nm_1        | 2020-12-02 11:32:17 INFO  ContainerImpl:2126 - Container container_1606908535181_0003_01_000002 transitioned from RUNNING to EXITED_WITH_SUCCESS
nm_1        | 2020-12-02 11:32:17 INFO  ContainerLaunch:745 - Cleaning up container container_1606908535181_0003_01_000002
rm_1        | 2020-12-02 11:31:26 INFO  RMContainerImpl:480 - container_1606908535181_0002_01_000004 Container Transitioned from ACQUIRED to RUNNING
rm_1        | 2020-12-02 11:31:27 INFO  AppSchedulingInfo:367 - checking for deactivate of application :application_1606908535181_0002
rm_1        | 2020-12-02 11:31:30 INFO  RMContainerImpl:480 - container_1606908535181_0002_01_000004 Container Transitioned from RUNNING to COMPLETED
rm_1        | 2020-12-02 11:31:30 INFO  RMAuditLogger:231 - USER=hadoop	OPERATION=AM Released Container	TARGET=SchedulerApp	RESULT=SUCCESS	APPID=application_1606908535181_0002	CONTAINERID=container_1606908535181_0002_01_000004	RESOURCE=<memory:4096, vCores:1>	QUEUENAME=default
rm_1        | 2020-12-02 11:31:30 INFO  AbstractContainerAllocator:129 - assignedContainer application attempt=appattempt_1606908535181_0002_000001 container=null queue=default clusterResource=<memory:8192, vCores:8> type=OFF_SWITCH requestedPartition=
rm_1        | 2020-12-02 11:31:30 INFO  RMContainerImpl:480 - container_1606908535181_0002_01_000005 Container Transitioned from NEW to ALLOCATED
rm_1        | 2020-12-02 11:31:30 INFO  FiCaSchedulerNode:169 - Assigned container container_1606908535181_0002_01_000005 of capacity <memory:4096, vCores:1> on host nm:44145, which has 2 containers, <memory:6144, vCores:2> used and <memory:2048, vCores:6> available after allocation
rm_1        | 2020-12-02 11:31:30 INFO  RMAuditLogger:231 - USER=hadoop	OPERATION=AM Allocated Container	TARGET=SchedulerApp	RESULT=SUCCESS	APPID=application_1606908535181_0002	CONTAINERID=container_1606908535181_0002_01_000005	RESOURCE=<memory:4096, vCores:1>	QUEUENAME=default
rm_1        | 2020-12-02 11:31:30 INFO  ParentQueue:1340 - assignedContainer queue=root usedCapacity=0.75 absoluteUsedCapacity=0.75 used=<memory:6144, vCores:2> cluster=<memory:8192, vCores:8>
rm_1        | 2020-12-02 11:31:30 INFO  CapacityScheduler:2894 - Allocation proposal accepted
rm_1        | 2020-12-02 11:31:31 INFO  RMContainerImpl:480 - container_1606908535181_0002_01_000005 Container Transitioned from ALLOCATED to ACQUIRED
rm_1        | 2020-12-02 11:31:31 INFO  RMContainerImpl:480 - container_1606908535181_0002_01_000005 Container Transitioned from ACQUIRED to RUNNING
rm_1        | 2020-12-02 11:31:32 INFO  AppSchedulingInfo:367 - checking for deactivate of application :application_1606908535181_0002
rm_1        | 2020-12-02 11:31:36 INFO  RMContainerImpl:480 - container_1606908535181_0002_01_000005 Container Transitioned from RUNNING to COMPLETED
rm_1        | 2020-12-02 11:31:36 INFO  RMAuditLogger:231 - USER=hadoop	OPERATION=AM Released Container	TARGET=SchedulerApp	RESULT=SUCCESS	APPID=application_1606908535181_0002	CONTAINERID=container_1606908535181_0002_01_000005	RESOURCE=<memory:4096, vCores:1>	QUEUENAME=default
rm_1        | 2020-12-02 11:31:36 INFO  RMAppAttemptImpl:1420 - Updating application attempt appattempt_1606908535181_0002_000001 with final state: FINISHING, and exit status: -1000
rm_1        | 2020-12-02 11:31:36 INFO  RMAppAttemptImpl:927 - appattempt_1606908535181_0002_000001 State change from RUNNING to FINAL_SAVING on event = UNREGISTERED
rm_1        | 2020-12-02 11:31:36 INFO  RMAppImpl:1278 - Updating application application_1606908535181_0002 with final state: FINISHING
nm_1        | 2020-12-02 11:32:17 INFO  Configuration:3318 - Removed undeclared tags:
nm_1        | 2020-12-02 11:32:17 INFO  DefaultContainerExecutor:634 - Deleting absolute path : /tmp/hadoop-hadoop/nm-local-dir/usercache/hadoop/appcache/application_1606908535181_0003/container_1606908535181_0003_01_000002/launch_container.sh
rm_1        | 2020-12-02 11:31:36 INFO  RMAppImpl:912 - application_1606908535181_0002 State change from RUNNING to FINAL_SAVING on event = ATTEMPT_UNREGISTERED
nm_1        | 2020-12-02 11:32:17 INFO  DefaultContainerExecutor:634 - Deleting absolute path : /tmp/hadoop-hadoop/nm-local-dir/usercache/hadoop/appcache/application_1606908535181_0003/container_1606908535181_0003_01_000002/container_tokens
rm_1        | 2020-12-02 11:31:36 INFO  RMStateStore:260 - Updating info for app: application_1606908535181_0002
nm_1        | 2020-12-02 11:32:17 INFO  NMAuditLogger:94 - USER=hadoop	OPERATION=Container Finished - Succeeded	TARGET=ContainerImpl	RESULT=SUCCESS	APPID=application_1606908535181_0003	CONTAINERID=container_1606908535181_0003_01_000002
rm_1        | 2020-12-02 11:31:36 INFO  RMAppAttemptImpl:927 - appattempt_1606908535181_0002_000001 State change from FINAL_SAVING to FINISHING on event = ATTEMPT_UPDATE_SAVED
nm_1        | 2020-12-02 11:32:17 INFO  ContainerImpl:2126 - Container container_1606908535181_0003_01_000002 transitioned from EXITED_WITH_SUCCESS to DONE
rm_1        | 2020-12-02 11:31:36 INFO  RMAppImpl:912 - application_1606908535181_0002 State change from FINAL_SAVING to FINISHING on event = APP_UPDATE_SAVED
nm_1        | 2020-12-02 11:32:17 INFO  ApplicationImpl:512 - Removing container_1606908535181_0003_01_000002 from application application_1606908535181_0003
rm_1        | 2020-12-02 11:31:37 INFO  ApplicationMasterService:313 - application_1606908535181_0002 unregistered successfully. 
nm_1        | 2020-12-02 11:32:17 INFO  ContainersMonitorImpl:934 - Stopping resource-monitoring for container_1606908535181_0003_01_000002
rm_1        | 2020-12-02 11:31:42 INFO  RMContainerImpl:480 - container_1606908535181_0002_01_000001 Container Transitioned from RUNNING to COMPLETED
nm_1        | 2020-12-02 11:32:17 INFO  AuxServices:350 - Got event CONTAINER_STOP for appId application_1606908535181_0003
rm_1        | 2020-12-02 11:31:42 INFO  RMAuditLogger:231 - USER=hadoop	OPERATION=AM Released Container	TARGET=SchedulerApp	RESULT=SUCCESS	APPID=application_1606908535181_0002	CONTAINERID=container_1606908535181_0002_01_000001	RESOURCE=<memory:2048, vCores:1>	QUEUENAME=default
nm_1        | 2020-12-02 11:32:19 INFO  Server:1845 - Auth successful for appattempt_1606908535181_0003_000001 (auth:SIMPLE)
rm_1        | 2020-12-02 11:31:42 INFO  ApplicationMasterService:496 - Unregistering app attempt : appattempt_1606908535181_0002_000001
nm_1        | 2020-12-02 11:32:19 INFO  ContainerManagerImpl:1070 - Start request for container_1606908535181_0003_01_000003 by user hadoop
rm_1        | 2020-12-02 11:31:42 INFO  AMRMTokenSecretManager:124 - Application finished, removing password for appattempt_1606908535181_0002_000001
nm_1        | 2020-12-02 11:32:19 INFO  NMAuditLogger:94 - USER=hadoop	IP=172.21.0.4	OPERATION=Start Container Request	TARGET=ContainerManageImpl	RESULT=SUCCESS	APPID=application_1606908535181_0003	CONTAINERID=container_1606908535181_0003_01_000003
rm_1        | 2020-12-02 11:31:42 INFO  RMAppAttemptImpl:927 - appattempt_1606908535181_0002_000001 State change from FINISHING to FINISHED on event = CONTAINER_FINISHED
nm_1        | 2020-12-02 11:32:19 INFO  ApplicationImpl:463 - Adding container_1606908535181_0003_01_000003 to application application_1606908535181_0003
rm_1        | 2020-12-02 11:31:42 INFO  RMAppImpl:912 - application_1606908535181_0002 State change from FINISHING to FINISHED on event = ATTEMPT_FINISHED
nm_1        | 2020-12-02 11:32:19 INFO  ContainerImpl:2126 - Container container_1606908535181_0003_01_000003 transitioned from NEW to LOCALIZING
rm_1        | 2020-12-02 11:31:42 INFO  RMAuditLogger:358 - USER=hadoop	OPERATION=Application Finished - Succeeded	TARGET=RMAppManager	RESULT=SUCCESS	APPID=application_1606908535181_0002
nm_1        | 2020-12-02 11:32:19 INFO  AuxServices:350 - Got event CONTAINER_INIT for appId application_1606908535181_0003
rm_1        | 2020-12-02 11:31:42 INFO  RMAppManager$ApplicationSummary:212 - appId=application_1606908535181_0002,name=word count,user=hadoop,queue=default,state=FINISHED,trackingUrl=http://rm:8088/proxy/application_1606908535181_0002/,appMasterHost=nm,submitTime=1606908663491,startTime=1606908663493,finishTime=1606908696215,finalStatus=SUCCEEDED,memorySeconds=164977,vcoreSeconds=57,preemptedMemorySeconds=0,preemptedVcoreSeconds=0,preemptedAMContainers=0,preemptedNonAMContainers=0,preemptedResources=<memory:0\, vCores:0>,applicationType=MAPREDUCE,resourceSeconds=164977 MB-seconds\, 57 vcore-seconds,preemptedResourceSeconds=0 MB-seconds\, 0 vcore-seconds
nm_1        | 2020-12-02 11:32:19 INFO  AuxServices:350 - Got event APPLICATION_INIT for appId application_1606908535181_0003
rm_1        | 2020-12-02 11:31:42 INFO  CapacityScheduler:1049 - Application Attempt appattempt_1606908535181_0002_000001 is done. finalState=FINISHED
rm_1        | 2020-12-02 11:31:42 INFO  AppSchedulingInfo:159 - Application application_1606908535181_0002 requests cleared
rm_1        | 2020-12-02 11:31:42 INFO  LeafQueue:1003 - Application removed - appId: application_1606908535181_0002 user: hadoop queue: default #user-pending-applications: 0 #user-active-applications: 0 #queue-pending-applications: 0 #queue-active-applications: 0
rm_1        | 2020-12-02 11:31:42 INFO  ParentQueue:522 - Application removed - appId: application_1606908535181_0002 user: hadoop leaf-queue of parent: root #applications: 0
rm_1        | 2020-12-02 11:31:42 INFO  AMLauncher:317 - Cleaning master appattempt_1606908535181_0002_000001
nm_1        | 2020-12-02 11:32:19 INFO  AuxServices:354 - Got APPLICATION_INIT for service mapreduce_shuffle
rm_1        | 2020-12-02 11:32:01 INFO  ClientRMService:341 - Allocated new applicationId: 3
nm_1        | 2020-12-02 11:32:19 INFO  ShuffleHandler:719 - Added token for job_1606908535181_0003
rm_1        | 2020-12-02 11:32:02 INFO  CapacityScheduler:2500 - Application 'application_1606908535181_0003' is submitted without priority hence considering default queue/cluster priority: 0
nm_1        | 2020-12-02 11:32:19 INFO  ContainerImpl:2126 - Container container_1606908535181_0003_01_000003 transitioned from LOCALIZING to SCHEDULED
rm_1        | 2020-12-02 11:32:02 INFO  CapacityScheduler:2521 - Priority '0' is acceptable in queue : default for application: application_1606908535181_0003
nm_1        | 2020-12-02 11:32:19 INFO  ContainerScheduler:511 - Starting container [container_1606908535181_0003_01_000003]
nm_1        | 2020-12-02 11:32:19 INFO  Configuration:3318 - Removed undeclared tags:
rm_1        | 2020-12-02 11:32:02 INFO  ClientRMService:650 - Application with id 3 submitted by user hadoop
nm_1        | 2020-12-02 11:32:19 INFO  ContainerImpl:2126 - Container container_1606908535181_0003_01_000003 transitioned from SCHEDULED to RUNNING
rm_1        | 2020-12-02 11:32:02 INFO  RMAppImpl:1259 - Storing application with id application_1606908535181_0003
nm_1        | 2020-12-02 11:32:19 INFO  ContainersMonitorImpl:943 - Starting resource-monitoring for container_1606908535181_0003_01_000003
rm_1        | 2020-12-02 11:32:02 INFO  RMAppImpl:912 - application_1606908535181_0003 State change from NEW to NEW_SAVING on event = START
rm_1        | 2020-12-02 11:32:02 INFO  RMAuditLogger:310 - USER=hadoop	IP=172.21.0.5	OPERATION=Submit Application Request	TARGET=ClientRMService	RESULT=SUCCESS	APPID=application_1606908535181_0003	CALLERCONTEXT=CLI	QUEUENAME=default
nm_1        | 2020-12-02 11:32:19 INFO  DefaultContainerExecutor:370 - launchContainer: [bash, /tmp/hadoop-hadoop/nm-local-dir/usercache/hadoop/appcache/application_1606908535181_0003/container_1606908535181_0003_01_000003/default_container_executor.sh]
rm_1        | 2020-12-02 11:32:02 INFO  RMStateStore:222 - Storing info for app: application_1606908535181_0003
nm_1        | 2020-12-02 11:32:19 INFO  NodeStatusUpdaterImpl:696 - Removed completed containers from NM context: [container_1606908535181_0003_01_000002]
rm_1        | 2020-12-02 11:32:02 INFO  RMAppImpl:912 - application_1606908535181_0003 State change from NEW_SAVING to SUBMITTED on event = APP_NEW_SAVED
nm_1        | 2020-12-02 11:32:21 INFO  ContainersMonitorImpl:567 - container_1606908535181_0003_01_000003's ip = 172.21.0.4, and hostname = nm
rm_1        | 2020-12-02 11:32:02 INFO  ParentQueue:494 - Application added - appId: application_1606908535181_0003 user: hadoop leaf-queue of parent: root #applications: 1
nm_1        | 2020-12-02 11:32:23 INFO  ContainerLaunch:589 - Container container_1606908535181_0003_01_000003 succeeded 
rm_1        | 2020-12-02 11:32:02 INFO  CapacityScheduler:954 - Accepted application application_1606908535181_0003 from user: hadoop, in queue: default
nm_1        | 2020-12-02 11:32:23 INFO  ContainerImpl:2126 - Container container_1606908535181_0003_01_000003 transitioned from RUNNING to EXITED_WITH_SUCCESS
rm_1        | 2020-12-02 11:32:02 INFO  RMAppImpl:912 - application_1606908535181_0003 State change from SUBMITTED to ACCEPTED on event = APP_ACCEPTED
nm_1        | 2020-12-02 11:32:23 INFO  ContainerLaunch:745 - Cleaning up container container_1606908535181_0003_01_000003
rm_1        | 2020-12-02 11:32:02 INFO  ApplicationMasterService:479 - Registering app attempt : appattempt_1606908535181_0003_000001
nm_1        | 2020-12-02 11:32:23 INFO  Configuration:3318 - Removed undeclared tags:
rm_1        | 2020-12-02 11:32:02 INFO  RMAppAttemptImpl:927 - appattempt_1606908535181_0003_000001 State change from NEW to SUBMITTED on event = START
