om_1          | 2020-12-02 12:00:01,004 [Listener at om/9862] INFO handler.ContextHandler: Started o.e.j.w.WebAppContext@14e83c9d{ozoneManager,/,file:///tmp/jetty-0_0_0_0-9874-hadoop-ozone-ozone-manager-1_1_0-SNAPSHOT_jar-_-any-1059580777615651107/webapp/,AVAILABLE}{jar:file:/opt/hadoop/share/ozone/lib/hadoop-ozone-ozone-manager-1.1.0-SNAPSHOT.jar!/webapps/ozoneManager}
datanode_5_1  | 2020-12-02 11:59:32,121 [main] INFO server.AbstractConnector: Started ServerConnector@761f234c{HTTP/1.1, (http/1.1)}{0.0.0.0:9882}
datanode_3_1  | GC pool 'ParNew' had collection(s): count=1 time=131ms
scm_1         | 2020-12-02 11:59:37,336 [Listener at 0.0.0.0/9861] INFO ipc.CallQueueManager: Using callQueue: class java.util.concurrent.LinkedBlockingQueue, queueCapacity: 10000, scheduler: class org.apache.hadoop.ipc.DefaultRpcScheduler, ipcBackoff: false.
scm_1         | 2020-12-02 11:59:37,337 [Socket Reader #1 for port 9863] INFO ipc.Server: Starting Socket Reader #1 for port 9863
datanode_2_1  | 2020-12-02 12:02:13,838 [pool-25-thread-1] INFO server.RaftServerConfigKeys: raft.server.log.queue.byte-limit = 2147483647 (custom)
datanode_6_1  | 2020-12-02 11:59:37,591 [EndpointStateMachine task thread for scm/10.5.0.71:9861 - 0 ] INFO ipc.Client: Retrying connect to server: scm/10.5.0.71:9861. Already tried 6 time(s); retry policy is RetryUpToMaximumCountWithFixedSleep(maxRetries=15, sleepTime=1000 MILLISECONDS)
datanode_1_1  | GC pool 'ParNew' had collection(s): count=1 time=46ms
om_1          | 2020-12-02 12:00:01,021 [Listener at om/9862] INFO server.AbstractConnector: Started ServerConnector@1fec9d33{HTTP/1.1, (http/1.1)}{0.0.0.0:9874}
datanode_5_1  | 2020-12-02 11:59:32,127 [main] INFO server.Server: Started @36857ms
scm_1         | 2020-12-02 11:59:37,395 [Listener at 0.0.0.0/9863] INFO ipc.CallQueueManager: Using callQueue: class java.util.concurrent.LinkedBlockingQueue, queueCapacity: 10000, scheduler: class org.apache.hadoop.ipc.DefaultRpcScheduler, ipcBackoff: false.
datanode_4_1  | 2020-12-02 11:59:46,336 [pool-19-thread-1] INFO ratis.ContainerStateMachine: group-01F0BBC59C54: The snapshot info is null. Setting the last applied indexto:(t:0, i:~)
datanode_3_1  | 2020-12-02 11:59:46,235 [pool-19-thread-1] INFO impl.RaftServerImpl: 2541113f-d521-4b16-b9aa-73a6ed5284ab@group-C07B74D4B7E2: ConfigurationManager, init=-1: [2541113f-d521-4b16-b9aa-73a6ed5284ab|rpc:10.5.0.6:9858], old=null, confs=<EMPTY_MAP>
datanode_2_1  | 2020-12-02 12:02:13,839 [pool-25-thread-1] INFO server.RaftServerConfigKeys: raft.server.log.queue.element-limit = 1024 (custom)
datanode_6_1  | 2020-12-02 11:59:38,634 [EndpointStateMachine task thread for scm/10.5.0.71:9861 - 0 ] WARN statemachine.EndpointStateMachine: Unable to communicate to SCM server at scm:9861 for past 0 seconds.
datanode_1_1  | 2020-12-02 11:59:47,598 [pool-19-thread-1] INFO server.RaftServerConfigKeys: raft.server.snapshot.auto.trigger.enabled = true (custom)
om_1          | 2020-12-02 12:00:01,023 [Listener at om/9862] INFO server.Server: Started @20168ms
datanode_5_1  | 2020-12-02 11:59:32,137 [main] INFO impl.MetricsSinkAdapter: Sink prometheus started
scm_1         | 2020-12-02 11:59:37,410 [Socket Reader #1 for port 9860] INFO ipc.Server: Starting Socket Reader #1 for port 9860
datanode_4_1  | 2020-12-02 11:59:46,338 [pool-19-thread-1] INFO server.RaftServerConfigKeys: raft.server.notification.no-leader.timeout = 300s (custom)
datanode_3_1  | 2020-12-02 11:59:46,252 [pool-19-thread-1] INFO server.RaftServerConfigKeys: raft.server.storage.dir = [/data/metadata/ratis] (custom)
datanode_6_1  | java.net.SocketTimeoutException: Call From bd845e852a27/10.5.0.9 to scm:9861 failed on socket timeout exception: java.net.SocketTimeoutException: 1000 millis timeout while waiting for channel to be ready for read. ch : java.nio.channels.SocketChannel[connected local=/10.5.0.9:54198 remote=scm/10.5.0.71:9861]; For more details see:  http://wiki.apache.org/hadoop/SocketTimeout
datanode_2_1  | 2020-12-02 12:02:13,841 [pool-25-thread-1] INFO server.RaftServerConfigKeys: raft.server.log.segment.size.max = 1048576 (custom)
datanode_1_1  | 2020-12-02 11:59:47,639 [pool-19-thread-1] INFO server.RaftServerConfigKeys: raft.server.snapshot.auto.trigger.threshold = 10000 (custom)
om_1          | 2020-12-02 12:00:01,038 [Listener at om/9862] INFO impl.MetricsSinkAdapter: Sink prometheus started
datanode_5_1  | 2020-12-02 11:59:32,137 [main] INFO impl.MetricsSystemImpl: Registered sink prometheus
scm_1         | 2020-12-02 11:59:37,580 [Listener at 0.0.0.0/9860] INFO http.BaseHttpServer: Starting Web-server for scm at: http://0.0.0.0:9876
datanode_4_1  | 2020-12-02 11:59:46,357 [pool-19-thread-1] INFO server.RaftServerConfigKeys: raft.server.log.use.memory = false (default)
datanode_3_1  | 2020-12-02 11:59:46,270 [pool-19-thread-1] INFO server.RaftServerConfigKeys: raft.server.log.corruption.policy = EXCEPTION (default)
datanode_6_1  | 	at java.base/jdk.internal.reflect.NativeConstructorAccessorImpl.newInstance0(Native Method)
datanode_2_1  | 2020-12-02 12:02:13,848 [pool-25-thread-1] INFO server.RaftServerConfigKeys: raft.server.log.preallocated.size = 16384 (custom)
datanode_1_1  | 2020-12-02 11:59:47,640 [pool-19-thread-1] INFO server.RaftServerConfigKeys: raft.server.snapshot.retention.file.num = 5 (custom)
om_1          | 2020-12-02 12:00:01,039 [Listener at om/9862] INFO impl.MetricsSystemImpl: Registered sink prometheus
datanode_5_1  | 2020-12-02 11:59:32,143 [main] INFO http.BaseHttpServer: HTTP server of hddsDatanode listening at http://0.0.0.0:9882
scm_1         | 2020-12-02 11:59:37,581 [Listener at 0.0.0.0/9860] INFO http.BaseHttpServer: Hadoop Security Enabled: false Ozone Security Enabled: false Ozone HTTP Security Enabled: false 
datanode_4_1  | 2020-12-02 11:59:46,359 [pool-19-thread-1] INFO server.RaftServerConfigKeys: raft.server.log.purge.gap = 1000000 (custom)
datanode_3_1  | 2020-12-02 11:59:46,280 [pool-19-thread-1] INFO storage.RaftStorageDirectory: The storage directory /data/metadata/ratis/bf652510-cc49-46fc-a294-c07b74d4b7e2 does not exist. Creating ...
datanode_6_1  | 	at java.base/jdk.internal.reflect.NativeConstructorAccessorImpl.newInstance(NativeConstructorAccessorImpl.java:62)
datanode_2_1  | 2020-12-02 12:02:13,849 [pool-25-thread-1] INFO server.RaftServerConfigKeys: raft.server.log.write.buffer.size = 1048576 (custom)
datanode_1_1  | 2020-12-02 11:59:47,641 [pool-19-thread-1] INFO server.RaftServerConfigKeys: raft.server.log.purge.upto.snapshot.index = false (default)
om_1          | 2020-12-02 12:00:01,045 [Listener at om/9862] INFO http.BaseHttpServer: HTTP server of ozoneManager listening at http://0.0.0.0:9874
om_1          | 2020-12-02 12:00:01,046 [IPC Server Responder] INFO ipc.Server: IPC Server Responder: starting
scm_1         | 2020-12-02 11:59:37,610 [Listener at 0.0.0.0/9860] INFO util.log: Logging initialized @25715ms to org.eclipse.jetty.util.log.Slf4jLog
scm_1         | 2020-12-02 11:59:37,907 [Listener at 0.0.0.0/9860] INFO server.AuthenticationFilter: Unable to initialize FileSignerSecretProvider, falling back to use random secrets.
scm_1         | 2020-12-02 11:59:37,971 [Listener at 0.0.0.0/9860] INFO http.HttpRequestLog: Http request log for http.requests.scm is not defined
datanode_6_1  | 	at java.base/jdk.internal.reflect.DelegatingConstructorAccessorImpl.newInstance(DelegatingConstructorAccessorImpl.java:45)
datanode_2_1  | 2020-12-02 12:02:13,852 [pool-25-thread-1] INFO server.RaftServerConfigKeys: raft.server.log.force.sync.num = 128 (default)
om_1          | 2020-12-02 12:00:01,047 [IPC Server listener on 9862] INFO ipc.Server: IPC Server listener on 9862: starting
datanode_5_1  | 2020-12-02 11:59:32,289 [org.apache.hadoop.util.JvmPauseMonitor$Monitor@273f75a1] INFO util.JvmPauseMonitor: Starting JVM pause monitor
datanode_1_1  | 2020-12-02 11:59:47,648 [pool-19-thread-1] INFO server.RaftServerConfigKeys: raft.server.retrycache.expirytime = 600000ms (custom)
scm_1         | 2020-12-02 11:59:37,997 [Listener at 0.0.0.0/9860] INFO http.HttpServer2: Added global filter 'safety' (class=org.apache.hadoop.hdds.server.http.HttpServer2$QuotingInputFilter)
datanode_4_1  | 2020-12-02 11:59:46,361 [pool-19-thread-1] INFO metrics.RatisMetrics: Creating Metrics Registry : ratis.log_worker.49a795c8-1eb4-4095-8d39-560012d4f7e4@group-01F0BBC59C54
datanode_3_1  | 2020-12-02 11:59:46,367 [pool-19-thread-1] INFO storage.RaftStorageDirectory: Lock on /data/metadata/ratis/bf652510-cc49-46fc-a294-c07b74d4b7e2/in_use.lock acquired by nodename 6@d7fc431597f6
datanode_6_1  | 	at java.base/java.lang.reflect.Constructor.newInstance(Constructor.java:490)
datanode_2_1  | 2020-12-02 12:02:13,862 [pool-25-thread-1] INFO server.RaftServerConfigKeys: raft.server.log.statemachine.data.sync = true (default)
om_1          | 2020-12-02 12:00:01,094 [Listener at om/9862] INFO om.OzoneManager: Trash Interval set to 0. Files deleted will not move to trash
datanode_5_1  | 2020-12-02 11:59:33,584 [Datanode State Machine Task Thread - 0] INFO datanode.InitDatanodeState: DatanodeDetails is persisted to /data/datanode.id
datanode_1_1  | 2020-12-02 11:59:48,060 [org.apache.ratis.server.JvmPauseMonitor@330d92f2-Monitor] WARN server.JvmPauseMonitor: Detected pause in JVM or host machine (eg GC): pause of approximately 12ms
scm_1         | 2020-12-02 11:59:38,000 [Listener at 0.0.0.0/9860] INFO http.HttpServer2: Added filter static_user_filter (class=org.apache.hadoop.http.lib.StaticUserWebFilter$StaticUserFilter) to context scm
datanode_4_1  | 2020-12-02 11:59:46,362 [pool-19-thread-1] INFO server.RaftServerConfigKeys: raft.server.log.appender.buffer.byte-limit = 33554432 (custom)
datanode_3_1  | 2020-12-02 11:59:46,382 [pool-19-thread-1] INFO storage.RaftStorage: Storage directory /data/metadata/ratis/bf652510-cc49-46fc-a294-c07b74d4b7e2 has been successfully formatted.
datanode_6_1  | 	at org.apache.hadoop.net.NetUtils.wrapWithMessage(NetUtils.java:833)
datanode_2_1  | 2020-12-02 12:02:13,865 [pool-25-thread-1] INFO server.RaftServerConfigKeys: raft.server.log.statemachine.data.sync.timeout = 10s (default)
om_1          | 2020-12-02 12:00:01,116 [org.apache.hadoop.util.JvmPauseMonitor$Monitor@bf18412] INFO util.JvmPauseMonitor: Starting JVM pause monitor
datanode_5_1  | 2020-12-02 11:59:35,553 [EndpointStateMachine task thread for scm/10.5.0.71:9861 - 0 ] INFO ipc.Client: Retrying connect to server: scm/10.5.0.71:9861. Already tried 0 time(s); retry policy is RetryUpToMaximumCountWithFixedSleep(maxRetries=15, sleepTime=1000 MILLISECONDS)
datanode_1_1  | GC pool 'ParNew' had collection(s): count=2 time=229ms
scm_1         | 2020-12-02 11:59:38,006 [Listener at 0.0.0.0/9860] INFO http.HttpServer2: Added filter static_user_filter (class=org.apache.hadoop.http.lib.StaticUserWebFilter$StaticUserFilter) to context logs
datanode_4_1  | 2020-12-02 11:59:46,388 [pool-19-thread-1] INFO server.RaftServerConfigKeys: raft.server.log.segment.size.max = 1048576 (custom)
datanode_3_1  | 2020-12-02 11:59:46,431 [pool-19-thread-1] INFO ratis.ContainerStateMachine: group-C07B74D4B7E2: The snapshot info is null. Setting the last applied indexto:(t:0, i:~)
datanode_6_1  | 	at org.apache.hadoop.net.NetUtils.wrapException(NetUtils.java:777)
datanode_2_1  | 2020-12-02 12:02:13,866 [pool-25-thread-1] INFO server.RaftServerConfigKeys: raft.server.log.statemachine.data.sync.timeout.retry = -1 (default)
om_1          | 2020-12-02 12:00:07,962 [IPC Server handler 0 on default port 9862] INFO volume.OMVolumeCreateRequest: created volume:vol-0-76157 for user:hadoop
datanode_5_1  | 2020-12-02 11:59:36,555 [EndpointStateMachine task thread for scm/10.5.0.71:9861 - 0 ] INFO ipc.Client: Retrying connect to server: scm/10.5.0.71:9861. Already tried 1 time(s); retry policy is RetryUpToMaximumCountWithFixedSleep(maxRetries=15, sleepTime=1000 MILLISECONDS)
scm_1         | 2020-12-02 11:59:38,006 [Listener at 0.0.0.0/9860] INFO http.HttpServer2: Added filter static_user_filter (class=org.apache.hadoop.http.lib.StaticUserWebFilter$StaticUserFilter) to context static
datanode_4_1  | 2020-12-02 11:59:46,388 [pool-19-thread-1] INFO server.RaftServerConfigKeys: raft.server.log.segment.cache.num.max = 2 (custom)
datanode_3_1  | 2020-12-02 11:59:46,462 [pool-19-thread-1] INFO server.RaftServerConfigKeys: raft.server.notification.no-leader.timeout = 300s (custom)
datanode_6_1  | 	at org.apache.hadoop.ipc.Client.getRpcResponse(Client.java:1549)
datanode_2_1  | 2020-12-02 12:02:13,926 [main] INFO http.BaseHttpServer: Hadoop Security Enabled: false Ozone Security Enabled: false Ozone HTTP Security Enabled: false 
om_1          | 2020-12-02 12:00:08,012 [IPC Server handler 4 on default port 9862] INFO volume.OMVolumeCreateRequest: created volume:vol-1-03978 for user:hadoop
datanode_1_1  | 2020-12-02 11:59:48,147 [pool-19-thread-1] INFO metrics.RatisMetrics: Creating Metrics Registry : ratis.leader_election.9d660874-0029-4102-bbc8-4a64785531b0@group-EC9D343284FF
scm_1         | 2020-12-02 11:59:38,113 [Listener at 0.0.0.0/9860] WARN http.BaseHttpServer: /prof java profiling servlet is activated. Not safe for production!
datanode_5_1  | 2020-12-02 11:59:37,561 [EndpointStateMachine task thread for scm/10.5.0.71:9861 - 0 ] INFO ipc.Client: Retrying connect to server: scm/10.5.0.71:9861. Already tried 2 time(s); retry policy is RetryUpToMaximumCountWithFixedSleep(maxRetries=15, sleepTime=1000 MILLISECONDS)
datanode_4_1  | 2020-12-02 11:59:46,394 [pool-19-thread-1] INFO segmented.SegmentedRaftLogWorker: new 49a795c8-1eb4-4095-8d39-560012d4f7e4@group-01F0BBC59C54-SegmentedRaftLogWorker for RaftStorage:Storage Directory /data/metadata/ratis/57300fac-aab2-424c-a72d-01f0bbc59c54
datanode_3_1  | 2020-12-02 11:59:46,494 [pool-19-thread-1] INFO server.RaftServerConfigKeys: raft.server.log.use.memory = false (default)
datanode_6_1  | 	at org.apache.hadoop.ipc.Client.call(Client.java:1491)
datanode_2_1  | 2020-12-02 12:02:13,993 [pool-25-thread-1] INFO server.RaftServerConfigKeys: raft.server.log.statemachine.data.caching.enabled = true (custom)
om_1          | 2020-12-02 12:00:08,034 [IPC Server handler 6 on default port 9862] INFO volume.OMVolumeCreateRequest: created volume:vol-2-07587 for user:hadoop
datanode_1_1  | 2020-12-02 11:59:48,155 [pool-19-thread-1] INFO metrics.RatisMetrics: Creating Metrics Registry : ratis.server.9d660874-0029-4102-bbc8-4a64785531b0@group-EC9D343284FF
scm_1         | 2020-12-02 11:59:38,132 [Listener at 0.0.0.0/9860] INFO server.StorageContainerManager: StorageContainerLocationProtocol RPC server is listening at /0.0.0.0:9860
datanode_5_1  | 2020-12-02 11:59:38,590 [EndpointStateMachine task thread for scm/10.5.0.71:9861 - 0 ] WARN statemachine.EndpointStateMachine: Unable to communicate to SCM server at scm:9861 for past 0 seconds.
datanode_4_1  | 2020-12-02 11:59:46,396 [pool-19-thread-1] INFO server.RaftServerConfigKeys: raft.server.log.queue.byte-limit = 2147483647 (custom)
datanode_3_1  | 2020-12-02 11:59:46,552 [pool-19-thread-1] INFO server.RaftServerConfigKeys: raft.server.log.purge.gap = 1000000 (custom)
datanode_6_1  | 	at org.apache.hadoop.ipc.Client.call(Client.java:1388)
datanode_2_1  | 2020-12-02 12:02:14,095 [main] INFO util.log: Logging initialized @17690ms to org.eclipse.jetty.util.log.Slf4jLog
om_1          | 2020-12-02 12:00:08,057 [IPC Server handler 8 on default port 9862] INFO volume.OMVolumeCreateRequest: created volume:vol-3-91119 for user:hadoop
datanode_1_1  | 2020-12-02 11:59:48,279 [pool-19-thread-1] INFO impl.RaftServerImpl: 9d660874-0029-4102-bbc8-4a64785531b0@group-EC9D343284FF: start as a follower, conf=-1: [9d660874-0029-4102-bbc8-4a64785531b0|rpc:10.5.0.4:9858], old=null
scm_1         | 2020-12-02 11:59:38,230 [Listener at 0.0.0.0/9860] INFO impl.MetricsConfig: Loaded properties from hadoop-metrics2.properties
datanode_5_1  | java.net.SocketTimeoutException: Call From 7416c36b26cd/10.5.0.8 to scm:9861 failed on socket timeout exception: java.net.SocketTimeoutException: 1000 millis timeout while waiting for channel to be ready for read. ch : java.nio.channels.SocketChannel[connected local=/10.5.0.8:38054 remote=scm/10.5.0.71:9861]; For more details see:  http://wiki.apache.org/hadoop/SocketTimeout
datanode_4_1  | 2020-12-02 11:59:46,396 [pool-19-thread-1] INFO server.RaftServerConfigKeys: raft.server.log.queue.element-limit = 1024 (custom)
datanode_4_1  | 2020-12-02 11:59:46,396 [pool-19-thread-1] INFO server.RaftServerConfigKeys: raft.server.log.segment.size.max = 1048576 (custom)
datanode_6_1  | 	at org.apache.hadoop.ipc.ProtobufRpcEngine$Invoker.invoke(ProtobufRpcEngine.java:233)
datanode_2_1  | 2020-12-02 12:02:14,234 [pool-25-thread-1] INFO impl.RaftServerImpl: 573a6688-26e3-4981-8969-e75ca8753187@group-783E9C97017F: set configuration 0: [573a6688-26e3-4981-8969-e75ca8753187|rpc:10.5.0.5:9858|dataStream:], old=null at 0
om_1          | 2020-12-02 12:00:08,076 [IPC Server handler 66 on default port 9862] INFO volume.OMVolumeCreateRequest: created volume:vol-4-99076 for user:hadoop
datanode_1_1  | 2020-12-02 11:59:48,287 [pool-19-thread-1] INFO impl.RaftServerImpl: 9d660874-0029-4102-bbc8-4a64785531b0@group-EC9D343284FF: changes role from      null to FOLLOWER at term 0 for startAsFollower
scm_1         | 2020-12-02 11:59:38,299 [Listener at 0.0.0.0/9860] INFO impl.MetricsSystemImpl: Scheduled Metric snapshot period at 10 second(s).
datanode_5_1  | 	at java.base/jdk.internal.reflect.NativeConstructorAccessorImpl.newInstance0(Native Method)
datanode_4_1  | 2020-12-02 11:59:46,396 [pool-19-thread-1] INFO server.RaftServerConfigKeys: raft.server.log.preallocated.size = 16384 (custom)
datanode_3_1  | 2020-12-02 11:59:46,611 [pool-19-thread-1] INFO metrics.RatisMetrics: Creating Metrics Registry : ratis.log_worker.2541113f-d521-4b16-b9aa-73a6ed5284ab@group-C07B74D4B7E2
datanode_6_1  | 	at org.apache.hadoop.ipc.ProtobufRpcEngine$Invoker.invoke(ProtobufRpcEngine.java:118)
datanode_2_1  | 2020-12-02 12:02:14,249 [pool-25-thread-1] INFO segmented.LogSegment: Successfully read 1 entries from segment file /data/metadata/ratis/752e58a0-b66d-4da3-addd-783e9c97017f/current/log_inprogress_0
om_1          | 2020-12-02 12:01:29,744 [IPC Server handler 82 on default port 9862] INFO volume.OMVolumeCreateRequest: created volume:topvol1 for user:hadoop
datanode_1_1  | 2020-12-02 11:59:48,310 [pool-19-thread-1] INFO impl.RoleInfo: 9d660874-0029-4102-bbc8-4a64785531b0: start 9d660874-0029-4102-bbc8-4a64785531b0@group-EC9D343284FF-FollowerState
scm_1         | 2020-12-02 11:59:38,299 [Listener at 0.0.0.0/9860] INFO impl.MetricsSystemImpl: StorageContainerManager metrics system started
datanode_5_1  | 	at java.base/jdk.internal.reflect.NativeConstructorAccessorImpl.newInstance(NativeConstructorAccessorImpl.java:62)
datanode_4_1  | 2020-12-02 11:59:46,397 [pool-19-thread-1] INFO server.RaftServerConfigKeys: raft.server.log.write.buffer.size = 1048576 (custom)
datanode_3_1  | 2020-12-02 11:59:46,763 [pool-19-thread-1] INFO server.RaftServerConfigKeys: raft.server.log.appender.buffer.byte-limit = 33554432 (custom)
datanode_6_1  | 	at com.sun.proxy.$Proxy38.submitRequest(Unknown Source)
datanode_2_1  | 2020-12-02 12:02:14,282 [pool-25-thread-1] INFO segmented.SegmentedRaftLogWorker: 573a6688-26e3-4981-8969-e75ca8753187@group-783E9C97017F-SegmentedRaftLogWorker: flushIndex: setUnconditionally 0 -> 0
datanode_1_1  | 2020-12-02 11:59:48,351 [pool-19-thread-1] INFO util.JmxRegister: Successfully registered JMX Bean with object name Ratis:service=RaftServer,group=group-EC9D343284FF,id=9d660874-0029-4102-bbc8-4a64785531b0
scm_1         | 2020-12-02 11:59:38,674 [Listener at 0.0.0.0/9860] INFO server.SCMClientProtocolServer: RPC server for Client  is listening at /0.0.0.0:9860
scm_1         | 2020-12-02 11:59:38,678 [IPC Server Responder] INFO ipc.Server: IPC Server Responder: starting
scm_1         | 2020-12-02 11:59:38,682 [IPC Server listener on 9860] INFO ipc.Server: IPC Server listener on 9860: starting
datanode_4_1  | 2020-12-02 11:59:46,397 [pool-19-thread-1] INFO server.RaftServerConfigKeys: raft.server.log.force.sync.num = 128 (default)
datanode_6_1  | 	at org.apache.hadoop.ozone.protocolPB.StorageContainerDatanodeProtocolClientSideTranslatorPB.submitRequest(StorageContainerDatanodeProtocolClientSideTranslatorPB.java:117)
datanode_2_1  | 2020-12-02 12:02:14,282 [pool-25-thread-1] INFO segmented.SegmentedRaftLogWorker: 573a6688-26e3-4981-8969-e75ca8753187@group-783E9C97017F-SegmentedRaftLogWorker: safeCacheEvictIndex: setUnconditionally 0 -> -1
datanode_1_1  | 2020-12-02 11:59:48,353 [pool-19-thread-1] INFO metrics.RatisMetrics: Creating Metrics Registry : ratis.state_machine.9d660874-0029-4102-bbc8-4a64785531b0@group-EC9D343284FF
datanode_3_1  | 2020-12-02 11:59:46,781 [pool-19-thread-1] INFO server.RaftServerConfigKeys: raft.server.log.segment.size.max = 1048576 (custom)
datanode_5_1  | 	at java.base/jdk.internal.reflect.DelegatingConstructorAccessorImpl.newInstance(DelegatingConstructorAccessorImpl.java:45)
scm_1         | 2020-12-02 11:59:38,808 [Listener at 0.0.0.0/9860] INFO server.StorageContainerManager: ScmBlockLocationProtocol RPC server is listening at /0.0.0.0:9863
datanode_4_1  | 2020-12-02 11:59:46,399 [pool-19-thread-1] INFO server.RaftServerConfigKeys: raft.server.log.statemachine.data.sync = true (default)
datanode_6_1  | 	at org.apache.hadoop.ozone.protocolPB.StorageContainerDatanodeProtocolClientSideTranslatorPB.getVersion(StorageContainerDatanodeProtocolClientSideTranslatorPB.java:133)
datanode_2_1  | 2020-12-02 12:02:14,693 [main] INFO server.AuthenticationFilter: Unable to initialize FileSignerSecretProvider, falling back to use random secrets.
datanode_1_1  | 2020-12-02 11:59:48,539 [Command processor thread] INFO commandhandler.CreatePipelineCommandHandler: Created Pipeline RATIS ONE PipelineID=619bd7e8-7d1f-410b-a839-ec9d343284ff.
datanode_3_1  | 2020-12-02 11:59:46,933 [pool-19-thread-1] INFO server.RaftServerConfigKeys: raft.server.log.segment.cache.num.max = 2 (custom)
datanode_5_1  | 	at java.base/java.lang.reflect.Constructor.newInstance(Constructor.java:490)
scm_1         | 2020-12-02 11:59:38,821 [Listener at 0.0.0.0/9860] INFO server.SCMBlockProtocolServer: RPC server for Block Protocol is listening at /0.0.0.0:9863
datanode_4_1  | 2020-12-02 11:59:46,402 [pool-19-thread-1] INFO server.RaftServerConfigKeys: raft.server.log.statemachine.data.sync.timeout = 10s (default)
datanode_6_1  | 	at org.apache.hadoop.ozone.container.common.states.endpoint.VersionEndpointTask.call(VersionEndpointTask.java:70)
datanode_2_1  | 2020-12-02 12:02:14,729 [main] INFO http.HttpRequestLog: Http request log for http.requests.hddsDatanode is not defined
datanode_1_1  | 2020-12-02 11:59:48,539 [Command processor thread] INFO impl.RaftServerProxy: 9d660874-0029-4102-bbc8-4a64785531b0: addNew group-A93DBCB12274:[9d660874-0029-4102-bbc8-4a64785531b0|rpc:10.5.0.4:9858, 02525903-4066-4f34-bce2-fa2e0e20d6af|rpc:10.5.0.8:9858, 2541113f-d521-4b16-b9aa-73a6ed5284ab|rpc:10.5.0.6:9858] returns group-A93DBCB12274:java.util.concurrent.CompletableFuture@2fb2ad64[Not completed]
datanode_3_1  | 2020-12-02 11:59:46,995 [pool-19-thread-1] INFO segmented.SegmentedRaftLogWorker: new 2541113f-d521-4b16-b9aa-73a6ed5284ab@group-C07B74D4B7E2-SegmentedRaftLogWorker for RaftStorage:Storage Directory /data/metadata/ratis/bf652510-cc49-46fc-a294-c07b74d4b7e2
datanode_5_1  | 	at org.apache.hadoop.net.NetUtils.wrapWithMessage(NetUtils.java:833)
scm_1         | 2020-12-02 11:59:38,829 [IPC Server Responder] INFO ipc.Server: IPC Server Responder: starting
datanode_4_1  | 2020-12-02 11:59:46,403 [pool-19-thread-1] INFO server.RaftServerConfigKeys: raft.server.log.statemachine.data.sync.timeout.retry = -1 (default)
datanode_6_1  | 	at org.apache.hadoop.ozone.container.common.states.endpoint.VersionEndpointTask.call(VersionEndpointTask.java:41)
datanode_2_1  | 2020-12-02 12:02:14,771 [main] INFO http.HttpServer2: Added global filter 'safety' (class=org.apache.hadoop.hdds.server.http.HttpServer2$QuotingInputFilter)
datanode_1_1  | 2020-12-02 11:59:48,562 [org.apache.ratis.server.JvmPauseMonitor@330d92f2-Monitor] WARN server.JvmPauseMonitor: Detected pause in JVM or host machine (eg GC): pause of approximately 1ms
datanode_3_1  | 2020-12-02 11:59:47,007 [pool-19-thread-1] INFO server.RaftServerConfigKeys: raft.server.log.queue.byte-limit = 2147483647 (custom)
datanode_5_1  | 	at org.apache.hadoop.net.NetUtils.wrapException(NetUtils.java:777)
scm_1         | 2020-12-02 11:59:38,829 [IPC Server listener on 9863] INFO ipc.Server: IPC Server listener on 9863: starting
datanode_4_1  | 2020-12-02 11:59:46,420 [pool-19-thread-1] INFO server.RaftServerConfigKeys: raft.server.log.statemachine.data.caching.enabled = true (custom)
datanode_6_1  | 	at java.base/java.util.concurrent.FutureTask.run(FutureTask.java:264)
datanode_2_1  | 2020-12-02 12:02:14,773 [main] INFO http.HttpServer2: Added filter static_user_filter (class=org.apache.hadoop.http.lib.StaticUserWebFilter$StaticUserFilter) to context hddsDatanode
datanode_1_1  | GC pool 'ParNew' had collection(s): count=2 time=229ms
datanode_3_1  | 2020-12-02 11:59:47,008 [pool-19-thread-1] INFO server.RaftServerConfigKeys: raft.server.log.queue.element-limit = 1024 (custom)
datanode_5_1  | 	at org.apache.hadoop.ipc.Client.getRpcResponse(Client.java:1549)
scm_1         | 2020-12-02 11:59:38,919 [Listener at 0.0.0.0/9860] INFO server.StorageContainerManager: ScmDatanodeProtocl RPC server is listening at /0.0.0.0:9861
datanode_4_1  | 2020-12-02 11:59:46,430 [pool-19-thread-1] INFO segmented.SegmentedRaftLogWorker: 49a795c8-1eb4-4095-8d39-560012d4f7e4@group-01F0BBC59C54-SegmentedRaftLogWorker: flushIndex: setUnconditionally 0 -> -1
datanode_4_1  | 2020-12-02 11:59:46,432 [pool-19-thread-1] INFO segmented.SegmentedRaftLogWorker: 49a795c8-1eb4-4095-8d39-560012d4f7e4@group-01F0BBC59C54-SegmentedRaftLogWorker: safeCacheEvictIndex: setUnconditionally 0 -> -1
datanode_2_1  | 2020-12-02 12:02:14,775 [main] INFO http.HttpServer2: Added filter static_user_filter (class=org.apache.hadoop.http.lib.StaticUserWebFilter$StaticUserFilter) to context logs
datanode_1_1  | 2020-12-02 11:59:48,604 [pool-19-thread-1] INFO impl.RaftServerImpl: 9d660874-0029-4102-bbc8-4a64785531b0: new RaftServerImpl for group-A93DBCB12274:[9d660874-0029-4102-bbc8-4a64785531b0|rpc:10.5.0.4:9858, 02525903-4066-4f34-bce2-fa2e0e20d6af|rpc:10.5.0.8:9858, 2541113f-d521-4b16-b9aa-73a6ed5284ab|rpc:10.5.0.6:9858] with ContainerStateMachine:uninitialized
datanode_3_1  | 2020-12-02 11:59:47,009 [pool-19-thread-1] INFO server.RaftServerConfigKeys: raft.server.log.segment.size.max = 1048576 (custom)
datanode_5_1  | 	at org.apache.hadoop.ipc.Client.call(Client.java:1491)
datanode_4_1  | 2020-12-02 11:59:46,441 [pool-19-thread-1] INFO server.RaftServerConfigKeys: raft.server.snapshot.auto.trigger.enabled = true (custom)
datanode_6_1  | 	at java.base/java.util.concurrent.ThreadPoolExecutor.runWorker(ThreadPoolExecutor.java:1128)
scm_1         | 2020-12-02 11:59:38,922 [Listener at 0.0.0.0/9860] INFO server.SCMDatanodeProtocolServer: RPC server for DataNodes is listening at /0.0.0.0:9861
datanode_2_1  | 2020-12-02 12:02:14,775 [main] INFO http.HttpServer2: Added filter static_user_filter (class=org.apache.hadoop.http.lib.StaticUserWebFilter$StaticUserFilter) to context static
datanode_1_1  | 2020-12-02 11:59:48,604 [pool-19-thread-1] INFO server.RaftServerConfigKeys: raft.server.rpc.timeout.min = 5s (custom)
datanode_3_1  | 2020-12-02 11:59:47,009 [pool-19-thread-1] INFO server.RaftServerConfigKeys: raft.server.log.preallocated.size = 16384 (custom)
datanode_5_1  | 	at org.apache.hadoop.ipc.Client.call(Client.java:1388)
datanode_4_1  | 2020-12-02 11:59:46,443 [pool-19-thread-1] INFO server.RaftServerConfigKeys: raft.server.snapshot.auto.trigger.threshold = 10000 (custom)
datanode_6_1  | 	at java.base/java.util.concurrent.ThreadPoolExecutor$Worker.run(ThreadPoolExecutor.java:628)
scm_1         | 2020-12-02 11:59:38,934 [IPC Server Responder] INFO ipc.Server: IPC Server Responder: starting
datanode_2_1  | 2020-12-02 12:02:14,864 [pool-25-thread-1] INFO server.RaftServerConfigKeys: raft.server.snapshot.auto.trigger.enabled = true (custom)
datanode_1_1  | 2020-12-02 11:59:48,604 [pool-19-thread-1] INFO server.RaftServerConfigKeys: raft.server.rpc.timeout.max = 5200ms (custom)
datanode_3_1  | 2020-12-02 11:59:47,031 [pool-19-thread-1] INFO server.RaftServerConfigKeys: raft.server.log.write.buffer.size = 1048576 (custom)
datanode_5_1  | 	at org.apache.hadoop.ipc.ProtobufRpcEngine$Invoker.invoke(ProtobufRpcEngine.java:233)
datanode_4_1  | 2020-12-02 11:59:46,443 [pool-19-thread-1] INFO server.RaftServerConfigKeys: raft.server.snapshot.retention.file.num = 5 (custom)
datanode_6_1  | 	at java.base/java.lang.Thread.run(Thread.java:834)
scm_1         | 2020-12-02 11:59:38,938 [IPC Server listener on 9861] INFO ipc.Server: IPC Server listener on 9861: starting
datanode_2_1  | 2020-12-02 12:02:14,865 [pool-25-thread-1] INFO server.RaftServerConfigKeys: raft.server.snapshot.auto.trigger.threshold = 10000 (custom)
datanode_1_1  | 2020-12-02 11:59:48,610 [pool-19-thread-1] INFO server.RaftServerConfigKeys: raft.server.rpc.slowness.timeout = 300s (custom)
datanode_3_1  | 2020-12-02 11:59:47,045 [pool-19-thread-1] INFO server.RaftServerConfigKeys: raft.server.log.force.sync.num = 128 (default)
datanode_5_1  | 	at org.apache.hadoop.ipc.ProtobufRpcEngine$Invoker.invoke(ProtobufRpcEngine.java:118)
datanode_4_1  | 2020-12-02 11:59:46,446 [pool-19-thread-1] INFO server.RaftServerConfigKeys: raft.server.log.purge.upto.snapshot.index = false (default)
datanode_6_1  | Caused by: java.net.SocketTimeoutException: 1000 millis timeout while waiting for channel to be ready for read. ch : java.nio.channels.SocketChannel[connected local=/10.5.0.9:54198 remote=scm/10.5.0.71:9861]
scm_1         | 2020-12-02 11:59:38,967 [Listener at 0.0.0.0/9860] INFO http.HttpServer2: Jetty bound to port 9876
datanode_2_1  | 2020-12-02 12:02:14,865 [pool-25-thread-1] INFO server.RaftServerConfigKeys: raft.server.snapshot.retention.file.num = 5 (custom)
datanode_1_1  | 2020-12-02 11:59:48,613 [pool-19-thread-1] INFO server.RaftServerConfigKeys: raft.server.leaderelection.leader.step-down.wait-time = 10s (default)
datanode_3_1  | 2020-12-02 11:59:47,060 [pool-19-thread-1] INFO server.RaftServerConfigKeys: raft.server.log.statemachine.data.sync = true (default)
datanode_5_1  | 	at com.sun.proxy.$Proxy38.submitRequest(Unknown Source)
datanode_4_1  | 2020-12-02 11:59:46,447 [pool-19-thread-1] INFO server.RaftServerConfigKeys: raft.server.retrycache.expirytime = 600000ms (custom)
datanode_6_1  | 	at org.apache.hadoop.net.SocketIOWithTimeout.doIO(SocketIOWithTimeout.java:164)
scm_1         | 2020-12-02 11:59:38,968 [Listener at 0.0.0.0/9860] INFO server.Server: jetty-9.4.34.v20201102; built: 2020-11-02T14:15:39.302Z; git: e46af88704a893fc12cb0e3bf46e2c7b48a009e7; jvm 11.0.7+10-LTS
datanode_2_1  | 2020-12-02 12:02:14,866 [pool-25-thread-1] INFO server.RaftServerConfigKeys: raft.server.log.purge.upto.snapshot.index = false (default)
datanode_1_1  | 2020-12-02 11:59:48,619 [pool-19-thread-1] INFO server.RaftServerConfigKeys: raft.server.sleep.deviation.threshold = 300 (default)
datanode_3_1  | 2020-12-02 11:59:47,068 [pool-19-thread-1] INFO server.RaftServerConfigKeys: raft.server.log.statemachine.data.sync.timeout = 10s (default)
datanode_5_1  | 	at org.apache.hadoop.ozone.protocolPB.StorageContainerDatanodeProtocolClientSideTranslatorPB.submitRequest(StorageContainerDatanodeProtocolClientSideTranslatorPB.java:117)
datanode_4_1  | 2020-12-02 11:59:46,448 [pool-19-thread-1] INFO metrics.RatisMetrics: Creating Metrics Registry : ratis.leader_election.49a795c8-1eb4-4095-8d39-560012d4f7e4@group-01F0BBC59C54
datanode_6_1  | 	at org.apache.hadoop.net.SocketInputStream.read(SocketInputStream.java:161)
scm_1         | 2020-12-02 11:59:39,184 [Listener at 0.0.0.0/9860] INFO server.session: DefaultSessionIdManager workerName=node0
datanode_2_1  | 2020-12-02 12:02:14,866 [pool-25-thread-1] INFO server.RaftServerConfigKeys: raft.server.retrycache.expirytime = 600000ms (custom)
datanode_1_1  | 2020-12-02 11:59:48,623 [pool-19-thread-1] INFO server.RaftServerConfigKeys: raft.server.log.appender.install.snapshot.enabled = false (custom)
datanode_3_1  | 2020-12-02 11:59:47,091 [pool-19-thread-1] INFO server.RaftServerConfigKeys: raft.server.log.statemachine.data.sync.timeout.retry = -1 (default)
datanode_5_1  | 	at org.apache.hadoop.ozone.protocolPB.StorageContainerDatanodeProtocolClientSideTranslatorPB.getVersion(StorageContainerDatanodeProtocolClientSideTranslatorPB.java:133)
datanode_4_1  | 2020-12-02 11:59:46,449 [pool-19-thread-1] INFO metrics.RatisMetrics: Creating Metrics Registry : ratis.server.49a795c8-1eb4-4095-8d39-560012d4f7e4@group-01F0BBC59C54
datanode_6_1  | 	at org.apache.hadoop.net.SocketInputStream.read(SocketInputStream.java:131)
scm_1         | 2020-12-02 11:59:39,184 [Listener at 0.0.0.0/9860] INFO server.session: No SessionScavenger set, using defaults
datanode_2_1  | 2020-12-02 12:02:14,949 [main] WARN http.BaseHttpServer: /prof java profiling servlet is activated. Not safe for production!
datanode_1_1  | 2020-12-02 11:59:48,623 [pool-19-thread-1] INFO impl.RaftServerImpl: 9d660874-0029-4102-bbc8-4a64785531b0@group-A93DBCB12274: ConfigurationManager, init=-1: [9d660874-0029-4102-bbc8-4a64785531b0|rpc:10.5.0.4:9858, 02525903-4066-4f34-bce2-fa2e0e20d6af|rpc:10.5.0.8:9858, 2541113f-d521-4b16-b9aa-73a6ed5284ab|rpc:10.5.0.6:9858], old=null, confs=<EMPTY_MAP>
datanode_3_1  | 2020-12-02 11:59:47,256 [pool-19-thread-1] INFO server.RaftServerConfigKeys: raft.server.log.statemachine.data.caching.enabled = true (custom)
datanode_5_1  | 	at org.apache.hadoop.ozone.container.common.states.endpoint.VersionEndpointTask.call(VersionEndpointTask.java:70)
datanode_4_1  | 2020-12-02 11:59:46,469 [pool-19-thread-1] INFO impl.RaftServerImpl: 49a795c8-1eb4-4095-8d39-560012d4f7e4@group-01F0BBC59C54: start as a follower, conf=-1: [573a6688-26e3-4981-8969-e75ca8753187|rpc:10.5.0.5:9858, 49a795c8-1eb4-4095-8d39-560012d4f7e4|rpc:10.5.0.7:9858, 28631247-5583-41d9-af7c-28caa4f91a2f|rpc:10.5.0.9:9858], old=null
datanode_6_1  | 	at java.base/java.io.FilterInputStream.read(FilterInputStream.java:133)
scm_1         | 2020-12-02 11:59:39,186 [Listener at 0.0.0.0/9860] INFO server.session: node0 Scavenging every 600000ms
datanode_2_1  | 2020-12-02 12:02:14,954 [pool-25-thread-1] INFO metrics.RatisMetrics: Creating Metrics Registry : ratis.leader_election.573a6688-26e3-4981-8969-e75ca8753187@group-783E9C97017F
datanode_1_1  | 2020-12-02 11:59:48,623 [pool-19-thread-1] INFO server.RaftServerConfigKeys: raft.server.storage.dir = [/data/metadata/ratis] (custom)
datanode_3_1  | 2020-12-02 11:59:47,321 [pool-19-thread-1] INFO segmented.SegmentedRaftLogWorker: 2541113f-d521-4b16-b9aa-73a6ed5284ab@group-C07B74D4B7E2-SegmentedRaftLogWorker: flushIndex: setUnconditionally 0 -> -1
datanode_5_1  | 	at org.apache.hadoop.ozone.container.common.states.endpoint.VersionEndpointTask.call(VersionEndpointTask.java:41)
datanode_4_1  | 2020-12-02 11:59:46,470 [pool-19-thread-1] INFO impl.RaftServerImpl: 49a795c8-1eb4-4095-8d39-560012d4f7e4@group-01F0BBC59C54: changes role from      null to FOLLOWER at term 0 for startAsFollower
datanode_6_1  | 	at java.base/java.io.BufferedInputStream.fill(BufferedInputStream.java:252)
scm_1         | 2020-12-02 11:59:39,337 [Listener at 0.0.0.0/9860] INFO handler.ContextHandler: Started o.e.j.s.ServletContextHandler@3962ec84{logs,/logs,file:///var/log/hadoop/,AVAILABLE}
datanode_2_1  | 2020-12-02 12:02:14,960 [pool-25-thread-1] INFO metrics.RatisMetrics: Creating Metrics Registry : ratis.server.573a6688-26e3-4981-8969-e75ca8753187@group-783E9C97017F
datanode_1_1  | 2020-12-02 11:59:48,629 [pool-19-thread-1] INFO server.RaftServerConfigKeys: raft.server.log.corruption.policy = EXCEPTION (default)
datanode_3_1  | 2020-12-02 11:59:47,349 [pool-19-thread-1] INFO segmented.SegmentedRaftLogWorker: 2541113f-d521-4b16-b9aa-73a6ed5284ab@group-C07B74D4B7E2-SegmentedRaftLogWorker: safeCacheEvictIndex: setUnconditionally 0 -> -1
datanode_5_1  | 	at java.base/java.util.concurrent.FutureTask.run(FutureTask.java:264)
datanode_4_1  | 2020-12-02 11:59:46,472 [pool-19-thread-1] INFO impl.RoleInfo: 49a795c8-1eb4-4095-8d39-560012d4f7e4: start 49a795c8-1eb4-4095-8d39-560012d4f7e4@group-01F0BBC59C54-FollowerState
datanode_6_1  | 	at java.base/java.io.BufferedInputStream.read(BufferedInputStream.java:271)
scm_1         | 2020-12-02 11:59:39,359 [Listener at 0.0.0.0/9860] INFO handler.ContextHandler: Started o.e.j.s.ServletContextHandler@1815577b{static,/static,jar:file:/opt/hadoop/share/ozone/lib/hadoop-hdds-server-scm-1.1.0-SNAPSHOT.jar!/webapps/static,AVAILABLE}
datanode_2_1  | 2020-12-02 12:02:14,982 [main] INFO http.HttpServer2: Jetty bound to port 9882
datanode_1_1  | 2020-12-02 11:59:48,629 [pool-19-thread-1] INFO storage.RaftStorageDirectory: The storage directory /data/metadata/ratis/967a91b4-b55d-4259-b606-a93dbcb12274 does not exist. Creating ...
datanode_3_1  | 2020-12-02 11:59:47,414 [pool-19-thread-1] INFO server.RaftServerConfigKeys: raft.server.snapshot.auto.trigger.enabled = true (custom)
datanode_5_1  | 	at java.base/java.util.concurrent.ThreadPoolExecutor.runWorker(ThreadPoolExecutor.java:1128)
datanode_4_1  | 2020-12-02 11:59:46,491 [pool-19-thread-1] INFO util.JmxRegister: Successfully registered JMX Bean with object name Ratis:service=RaftServer,group=group-01F0BBC59C54,id=49a795c8-1eb4-4095-8d39-560012d4f7e4
datanode_6_1  | 	at java.base/java.io.FilterInputStream.read(FilterInputStream.java:83)
scm_1         | 2020-12-02 11:59:39,455 [IPC Server handler 63 on default port 9861] WARN ipc.Server: IPC Server handler 63 on default port 9861, call Call#0 Retry#0 org.apache.hadoop.ozone.protocol.StorageContainerDatanodeProtocol.submitRequest from 10.5.0.8:38054: output error
datanode_2_1  | 2020-12-02 12:02:14,997 [main] INFO server.Server: jetty-9.4.34.v20201102; built: 2020-11-02T14:15:39.302Z; git: e46af88704a893fc12cb0e3bf46e2c7b48a009e7; jvm 11.0.7+10-LTS
datanode_1_1  | 2020-12-02 11:59:48,639 [pool-19-thread-1] INFO storage.RaftStorageDirectory: Lock on /data/metadata/ratis/967a91b4-b55d-4259-b606-a93dbcb12274/in_use.lock acquired by nodename 7@39792cce1244
datanode_3_1  | 2020-12-02 11:59:47,431 [pool-19-thread-1] INFO server.RaftServerConfigKeys: raft.server.snapshot.auto.trigger.threshold = 10000 (custom)
datanode_5_1  | 	at java.base/java.util.concurrent.ThreadPoolExecutor$Worker.run(ThreadPoolExecutor.java:628)
datanode_4_1  | 2020-12-02 11:59:46,492 [pool-19-thread-1] INFO metrics.RatisMetrics: Creating Metrics Registry : ratis.state_machine.49a795c8-1eb4-4095-8d39-560012d4f7e4@group-01F0BBC59C54
datanode_6_1  | 	at java.base/java.io.FilterInputStream.read(FilterInputStream.java:83)
scm_1         | 2020-12-02 11:59:39,485 [IPC Server handler 3 on default port 9861] WARN ipc.Server: IPC Server handler 3 on default port 9861, call Call#0 Retry#0 org.apache.hadoop.ozone.protocol.StorageContainerDatanodeProtocol.submitRequest from 10.5.0.6:37924: output error
datanode_2_1  | 2020-12-02 12:02:15,036 [pool-25-thread-1] INFO impl.RaftServerImpl: 573a6688-26e3-4981-8969-e75ca8753187: new RaftServerImpl for group-01F0BBC59C54:[] with ContainerStateMachine:uninitialized
datanode_1_1  | 2020-12-02 11:59:48,647 [pool-19-thread-1] INFO storage.RaftStorage: Storage directory /data/metadata/ratis/967a91b4-b55d-4259-b606-a93dbcb12274 has been successfully formatted.
datanode_3_1  | 2020-12-02 11:59:47,435 [pool-19-thread-1] INFO server.RaftServerConfigKeys: raft.server.snapshot.retention.file.num = 5 (custom)
datanode_5_1  | 	at java.base/java.lang.Thread.run(Thread.java:834)
datanode_4_1  | 2020-12-02 11:59:46,931 [Command processor thread] INFO metrics.RatisMetrics: Creating Metrics Registry : ratis.client_message_metrics.client-82436ED79579->573a6688-26e3-4981-8969-e75ca8753187
datanode_6_1  | 	at org.apache.hadoop.ipc.Client$Connection$PingInputStream.read(Client.java:567)
scm_1         | 2020-12-02 11:59:39,492 [IPC Server handler 0 on default port 9861] WARN ipc.Server: IPC Server handler 0 on default port 9861, call Call#0 Retry#0 org.apache.hadoop.ozone.protocol.StorageContainerDatanodeProtocol.submitRequest from 10.5.0.9:54198: output error
datanode_2_1  | 2020-12-02 12:02:15,039 [pool-25-thread-1] INFO server.RaftServerConfigKeys: raft.server.rpc.timeout.min = 5s (custom)
datanode_1_1  | 2020-12-02 11:59:48,651 [pool-19-thread-1] INFO ratis.ContainerStateMachine: group-A93DBCB12274: The snapshot info is null. Setting the last applied indexto:(t:0, i:~)
datanode_3_1  | 2020-12-02 11:59:47,468 [pool-19-thread-1] INFO server.RaftServerConfigKeys: raft.server.log.purge.upto.snapshot.index = false (default)
datanode_5_1  | Caused by: java.net.SocketTimeoutException: 1000 millis timeout while waiting for channel to be ready for read. ch : java.nio.channels.SocketChannel[connected local=/10.5.0.8:38054 remote=scm/10.5.0.71:9861]
datanode_4_1  | 2020-12-02 11:59:47,739 [org.apache.ratis.server.JvmPauseMonitor@5bc6db12-Monitor] WARN server.JvmPauseMonitor: Detected pause in JVM or host machine (eg GC): pause of approximately 9ms
datanode_6_1  | 	at java.base/java.io.DataInputStream.readInt(DataInputStream.java:392)
scm_1         | 2020-12-02 11:59:39,502 [IPC Server handler 5 on default port 9861] WARN ipc.Server: IPC Server handler 5 on default port 9861, call Call#0 Retry#0 org.apache.hadoop.ozone.protocol.StorageContainerDatanodeProtocol.submitRequest from 10.5.0.4:51850: output error
datanode_2_1  | 2020-12-02 12:02:15,039 [pool-25-thread-1] INFO server.RaftServerConfigKeys: raft.server.rpc.timeout.max = 5200ms (custom)
datanode_1_1  | 2020-12-02 11:59:48,652 [pool-19-thread-1] INFO server.RaftServerConfigKeys: raft.server.notification.no-leader.timeout = 300s (custom)
datanode_3_1  | 2020-12-02 11:59:47,468 [pool-19-thread-1] INFO server.RaftServerConfigKeys: raft.server.retrycache.expirytime = 600000ms (custom)
datanode_5_1  | 	at org.apache.hadoop.net.SocketIOWithTimeout.doIO(SocketIOWithTimeout.java:164)
datanode_4_1  | GC pool 'ParNew' had collection(s): count=2 time=225ms
datanode_6_1  | 	at org.apache.hadoop.ipc.Client$IpcStreams.readResponse(Client.java:1850)
scm_1         | 2020-12-02 11:59:39,541 [IPC Server handler 9 on default port 9861] WARN ipc.Server: IPC Server handler 9 on default port 9861, call Call#0 Retry#0 org.apache.hadoop.ozone.protocol.StorageContainerDatanodeProtocol.submitRequest from 10.5.0.7:47672: output error
datanode_2_1  | 2020-12-02 12:02:15,039 [pool-25-thread-1] INFO server.RaftServerConfigKeys: raft.server.rpc.slowness.timeout = 300s (custom)
datanode_2_1  | 2020-12-02 12:02:15,039 [pool-25-thread-1] INFO server.RaftServerConfigKeys: raft.server.leaderelection.leader.step-down.wait-time = 10s (default)
datanode_3_1  | 2020-12-02 11:59:47,675 [org.apache.ratis.server.JvmPauseMonitor@4bac675b-Monitor] WARN server.JvmPauseMonitor: Detected pause in JVM or host machine (eg GC): pause of approximately 22ms
datanode_5_1  | 	at org.apache.hadoop.net.SocketInputStream.read(SocketInputStream.java:161)
datanode_4_1  | 2020-12-02 11:59:48,249 [org.apache.ratis.server.JvmPauseMonitor@5bc6db12-Monitor] WARN server.JvmPauseMonitor: Detected pause in JVM or host machine (eg GC): pause of approximately 9ms
datanode_6_1  | 	at org.apache.hadoop.ipc.Client$Connection.receiveRpcResponse(Client.java:1183)
scm_1         | 2020-12-02 11:59:39,550 [IPC Server handler 4 on default port 9861] WARN ipc.Server: IPC Server handler 4 on default port 9861, call Call#0 Retry#0 org.apache.hadoop.ozone.protocol.StorageContainerDatanodeProtocol.submitRequest from 10.5.0.5:43756: output error
datanode_1_1  | 2020-12-02 11:59:48,655 [pool-19-thread-1] INFO server.RaftServerConfigKeys: raft.server.log.use.memory = false (default)
datanode_2_1  | 2020-12-02 12:02:15,040 [pool-25-thread-1] INFO server.RaftServerConfigKeys: raft.server.sleep.deviation.threshold = 300 (default)
datanode_3_1  | GC pool 'ParNew' had collection(s): count=1 time=131ms
datanode_5_1  | 	at org.apache.hadoop.net.SocketInputStream.read(SocketInputStream.java:131)
datanode_4_1  | GC pool 'ParNew' had collection(s): count=2 time=225ms
datanode_6_1  | 	at org.apache.hadoop.ipc.Client$Connection.run(Client.java:1079)
datanode_6_1  | 2020-12-02 11:59:39,943 [EndpointStateMachine task thread for scm/10.5.0.71:9861 - 0 ] INFO ozoneimpl.OzoneContainer: Attempting to start container services.
datanode_1_1  | 2020-12-02 11:59:48,655 [pool-19-thread-1] INFO server.RaftServerConfigKeys: raft.server.log.purge.gap = 1000000 (custom)
datanode_2_1  | 2020-12-02 12:02:15,040 [pool-25-thread-1] INFO server.RaftServerConfigKeys: raft.server.log.appender.install.snapshot.enabled = false (custom)
datanode_3_1  | 2020-12-02 11:59:47,708 [pool-19-thread-1] INFO metrics.RatisMetrics: Creating Metrics Registry : ratis.leader_election.2541113f-d521-4b16-b9aa-73a6ed5284ab@group-C07B74D4B7E2
datanode_5_1  | 	at java.base/java.io.FilterInputStream.read(FilterInputStream.java:133)
datanode_6_1  | 2020-12-02 11:59:39,949 [EndpointStateMachine task thread for scm/10.5.0.71:9861 - 0 ] INFO ozoneimpl.OzoneContainer: Background container scanner has been disabled.
scm_1         | 2020-12-02 11:59:39,595 [IPC Server handler 63 on default port 9861] INFO ipc.Server: IPC Server handler 63 on default port 9861 caught an exception
datanode_4_1  | 2020-12-02 11:59:49,756 [grpc-default-executor-0] INFO metrics.RatisMetrics: Creating Metrics Registry : ratis.server_message_metrics.49a795c8-1eb4-4095-8d39-560012d4f7e4
datanode_1_1  | 2020-12-02 11:59:48,657 [pool-19-thread-1] INFO metrics.RatisMetrics: Creating Metrics Registry : ratis.log_worker.9d660874-0029-4102-bbc8-4a64785531b0@group-A93DBCB12274
datanode_2_1  | 2020-12-02 12:02:15,040 [pool-25-thread-1] INFO impl.RaftServerImpl: 573a6688-26e3-4981-8969-e75ca8753187@group-01F0BBC59C54: ConfigurationManager, init=-1: [], old=null, confs=<EMPTY_MAP>
datanode_3_1  | 2020-12-02 11:59:47,724 [pool-19-thread-1] INFO metrics.RatisMetrics: Creating Metrics Registry : ratis.server.2541113f-d521-4b16-b9aa-73a6ed5284ab@group-C07B74D4B7E2
datanode_5_1  | 	at java.base/java.io.BufferedInputStream.fill(BufferedInputStream.java:252)
datanode_6_1  | 2020-12-02 11:59:39,963 [EndpointStateMachine task thread for scm/10.5.0.71:9861 - 0 ] INFO ratis.XceiverServerRatis: Starting XceiverServerRatis 28631247-5583-41d9-af7c-28caa4f91a2f at port 9858
scm_1         | java.nio.channels.AsynchronousCloseException
datanode_4_1  | 2020-12-02 11:59:49,756 [org.apache.ratis.server.JvmPauseMonitor@5bc6db12-Monitor] WARN server.JvmPauseMonitor: Detected pause in JVM or host machine (eg GC): pause of approximately 6ms
datanode_1_1  | 2020-12-02 11:59:48,657 [pool-19-thread-1] INFO server.RaftServerConfigKeys: raft.server.log.appender.buffer.byte-limit = 33554432 (custom)
datanode_2_1  | 2020-12-02 12:02:15,040 [pool-25-thread-1] INFO server.RaftServerConfigKeys: raft.server.storage.dir = [/data/metadata/ratis] (custom)
datanode_3_1  | 2020-12-02 11:59:47,764 [pool-19-thread-1] INFO impl.RaftServerImpl: 2541113f-d521-4b16-b9aa-73a6ed5284ab@group-C07B74D4B7E2: start as a follower, conf=-1: [2541113f-d521-4b16-b9aa-73a6ed5284ab|rpc:10.5.0.6:9858], old=null
datanode_5_1  | 	at java.base/java.io.BufferedInputStream.read(BufferedInputStream.java:271)
datanode_6_1  | 2020-12-02 11:59:40,110 [EndpointStateMachine task thread for scm/10.5.0.71:9861 - 0 ] INFO impl.RaftServerProxy: 28631247-5583-41d9-af7c-28caa4f91a2f: start RPC server
scm_1         | 	at java.base/sun.nio.ch.SocketChannelImpl.write(SocketChannelImpl.java:471)
datanode_4_1  | GC pool 'ParNew' had collection(s): count=3 time=334ms
datanode_1_1  | 2020-12-02 11:59:48,668 [pool-19-thread-1] INFO server.RaftServerConfigKeys: raft.server.log.segment.size.max = 1048576 (custom)
datanode_2_1  | 2020-12-02 12:02:15,041 [pool-25-thread-1] INFO server.RaftServerConfigKeys: raft.server.log.corruption.policy = EXCEPTION (default)
datanode_3_1  | 2020-12-02 11:59:47,771 [pool-19-thread-1] INFO impl.RaftServerImpl: 2541113f-d521-4b16-b9aa-73a6ed5284ab@group-C07B74D4B7E2: changes role from      null to FOLLOWER at term 0 for startAsFollower
datanode_5_1  | 	at java.base/java.io.FilterInputStream.read(FilterInputStream.java:83)
datanode_6_1  | 2020-12-02 11:59:40,793 [EndpointStateMachine task thread for scm/10.5.0.71:9861 - 0 ] INFO server.GrpcService: 28631247-5583-41d9-af7c-28caa4f91a2f: GrpcService started, listening on 0.0.0.0/0.0.0.0:9858
scm_1         | 	at org.apache.hadoop.ipc.Server.channelWrite(Server.java:3550)
datanode_4_1  | 2020-12-02 11:59:50,300 [org.apache.ratis.server.JvmPauseMonitor@5bc6db12-Monitor] WARN server.JvmPauseMonitor: Detected pause in JVM or host machine (eg GC): pause of approximately 8ms
datanode_1_1  | 2020-12-02 11:59:48,690 [pool-19-thread-1] INFO server.RaftServerConfigKeys: raft.server.log.segment.cache.num.max = 2 (custom)
datanode_2_1  | 2020-12-02 12:02:15,046 [pool-25-thread-1] INFO storage.RaftStorageDirectory: Lock on /data/metadata/ratis/57300fac-aab2-424c-a72d-01f0bbc59c54/in_use.lock acquired by nodename 6@415d0f3b18ba
datanode_3_1  | 2020-12-02 11:59:47,981 [pool-19-thread-1] INFO impl.RoleInfo: 2541113f-d521-4b16-b9aa-73a6ed5284ab: start 2541113f-d521-4b16-b9aa-73a6ed5284ab@group-C07B74D4B7E2-FollowerState
datanode_5_1  | 	at java.base/java.io.FilterInputStream.read(FilterInputStream.java:83)
datanode_6_1  | 2020-12-02 11:59:40,862 [org.apache.ratis.server.JvmPauseMonitor@6313b93f-Monitor] INFO server.RaftServerConfigKeys: raft.server.leaderelection.leader.step-down.wait-time = 10s (default)
scm_1         | 	at org.apache.hadoop.ipc.Server.access$1700(Server.java:139)
datanode_4_1  | GC pool 'ParNew' had collection(s): count=3 time=334ms
