recon_1      | 2020-07-27 10:36:23,456 [main] WARN recon.ReconUtils: ozone.recon.scm.db.dirs is not configured. We recommend adding this setting. Falling back to ozone.metadata.dirs instead.
recon_1      | 2020-07-27 10:36:23,489 [main] INFO scm.ReconNodeManager: Loaded 0 nodes from node DB.
recon_1      | 2020-07-27 10:36:23,493 [main] INFO algorithms.ContainerPlacementPolicyFactory: Create container placement policy of type org.apache.hadoop.hdds.scm.container.placement.algorithms.SCMContainerPlacementRandom
recon_1      | 2020-07-27 10:36:23,575 [main] INFO ipc.CallQueueManager: Using callQueue: class java.util.concurrent.LinkedBlockingQueue, queueCapacity: 10000, scheduler: class org.apache.hadoop.ipc.DefaultRpcScheduler, ipcBackoff: false.
recon_1      | 2020-07-27 10:36:23,621 [Socket Reader #1 for port 9891] INFO ipc.Server: Starting Socket Reader #1 for port 9891
recon_1      | 2020-07-27 10:36:23,753 [Listener at 0.0.0.0/9891] INFO pipeline.SCMPipelineManager: No pipeline exists in current db
recon_1      | 2020-07-27 10:36:23,875 [Listener at 0.0.0.0/9891] INFO recon.ReconServer: Recon server initialized successfully!
recon_1      | 2020-07-27 10:36:23,875 [Listener at 0.0.0.0/9891] INFO recon.ReconServer: Starting Recon server
recon_1      | 2020-07-27 10:36:24,000 [Listener at 0.0.0.0/9891] INFO impl.MetricsConfig: Loaded properties from hadoop-metrics2.properties
recon_1      | 2020-07-27 10:36:24,108 [Listener at 0.0.0.0/9891] INFO impl.MetricsSystemImpl: Scheduled Metric snapshot period at 10 second(s).
recon_1      | 2020-07-27 10:36:24,108 [Listener at 0.0.0.0/9891] INFO impl.MetricsSystemImpl: Recon metrics system started
recon_1      | 2020-07-27 10:36:24,482 [Listener at 0.0.0.0/9891] INFO http.HttpServer2: Jetty bound to port 9888
recon_1      | 2020-07-27 10:36:24,483 [Listener at 0.0.0.0/9891] INFO server.Server: jetty-9.4.26.v20200117; built: 2020-01-17T12:35:33.676Z; git: 7b38981d25d14afb4a12ff1f2596756144edf695; jvm 11.0.7+10-LTS
recon_1      | 2020-07-27 10:36:24,587 [Listener at 0.0.0.0/9891] INFO server.session: DefaultSessionIdManager workerName=node0
recon_1      | 2020-07-27 10:36:24,587 [Listener at 0.0.0.0/9891] INFO server.session: No SessionScavenger set, using defaults
recon_1      | 2020-07-27 10:36:24,589 [Listener at 0.0.0.0/9891] INFO server.session: node0 Scavenging every 660000ms
om3_1        | STARTUP_MSG:   classpath = /etc/hadoop:/opt/hadoop/share/hadoop/common/*:/opt/hadoop/share/ozone/lib/kerb-simplekdc-1.0.1.jar:/opt/hadoop/share/ozone/lib/okhttp-4.2.2.jar:/opt/hadoop/share/ozone/lib/jackson-databind-2.10.3.jar:/opt/hadoop/share/ozone/lib/protobuf-java-2.5.0.jar:/opt/hadoop/share/ozone/lib/bcpkix-jdk15on-1.60.jar:/opt/hadoop/share/ozone/lib/commons-validator-1.6.jar:/opt/hadoop/share/ozone/lib/hadoop-hdds-client-0.6.0-SNAPSHOT.jar:/opt/hadoop/share/ozone/lib/netty-3.10.5.Final.jar:/opt/hadoop/share/ozone/lib/kotlin-stdlib-common-1.3.50.jar:/opt/hadoop/share/ozone/lib/kerb-core-1.0.1.jar:/opt/hadoop/share/ozone/lib/jsr305-3.0.0.jar:/opt/hadoop/share/ozone/lib/ratis-proto-1.0.0.jar:/opt/hadoop/share/ozone/lib/leveldbjni-all-1.8.jar:/opt/hadoop/share/ozone/lib/j2objc-annotations-1.3.jar:/opt/hadoop/share/ozone/lib/jetty-io-9.4.26.v20200117.jar:/opt/hadoop/share/ozone/lib/jaeger-tracerresolver-1.2.0.jar:/opt/hadoop/share/ozone/lib/hadoop-auth-3.2.1.jar:/opt/hadoop/share/ozone/lib/ratis-client-1.0.0.jar:/opt/hadoop/share/ozone/lib/htrace-core4-4.1.0-incubating.jar:/opt/hadoop/share/ozone/lib/jetty-http-9.4.26.v20200117.jar:/opt/hadoop/share/ozone/lib/kerb-util-1.0.1.jar:/opt/hadoop/share/ozone/lib/ratis-netty-1.0.0.jar:/opt/hadoop/share/ozone/lib/jetty-xml-9.4.26.v20200117.jar:/opt/hadoop/share/ozone/lib/jaeger-thrift-1.2.0.jar:/opt/hadoop/share/ozone/lib/commons-logging-1.2.jar:/opt/hadoop/share/ozone/lib/kerby-xdr-1.0.1.jar:/opt/hadoop/share/ozone/lib/jetty-server-9.4.26.v20200117.jar:/opt/hadoop/share/ozone/lib/opentracing-tracerresolver-0.1.8.jar:/opt/hadoop/share/ozone/lib/commons-net-3.6.jar:/opt/hadoop/share/ozone/lib/log4j-api-2.11.0.jar:/opt/hadoop/share/ozone/lib/jaeger-core-1.2.0.jar:/opt/hadoop/share/ozone/lib/error_prone_annotations-2.2.0.jar:/opt/hadoop/share/ozone/lib/slf4j-log4j12-1.7.25.jar:/opt/hadoop/share/ozone/lib/okio-2.2.2.jar:/opt/hadoop/share/ozone/lib/kerby-config-1.0.1.jar:/opt/hadoop/share/ozone/lib/hadoop-ozone-client-0.6.0-SNAPSHOT.jar:/opt/hadoop/share/ozone/lib/jetty-util-ajax-9.4.26.v20200117.jar:/opt/hadoop/share/ozone/lib/metrics-core-3.2.4.jar:/opt/hadoop/share/ozone/lib/guava-28.2-jre.jar:/opt/hadoop/share/ozone/lib/kerby-pkix-1.0.1.jar:/opt/hadoop/share/ozone/lib/xz-1.0.jar:/opt/hadoop/share/ozone/lib/jetty-servlet-9.4.26.v20200117.jar:/opt/hadoop/share/ozone/lib/jsr311-api-1.1.1.jar:/opt/hadoop/share/ozone/lib/commons-beanutils-1.9.4.jar:/opt/hadoop/share/ozone/lib/ratis-thirdparty-misc-0.5.0.jar:/opt/hadoop/share/ozone/lib/jetty-security-9.4.26.v20200117.jar:/opt/hadoop/share/ozone/lib/javax.servlet-api-3.1.0.jar:/opt/hadoop/share/ozone/lib/kerb-server-1.0.1.jar:/opt/hadoop/share/ozone/lib/ratis-metrics-1.0.0.jar:/opt/hadoop/share/ozone/lib/kerb-client-1.0.1.jar:/opt/hadoop/share/ozone/lib/disruptor-3.4.2.jar:/opt/hadoop/share/ozone/lib/libthrift-0.13.0.jar:/opt/hadoop/share/ozone/lib/hadoop-hdds-docs-0.6.0-SNAPSHOT.jar:/opt/hadoop/share/ozone/lib/ratis-server-1.0.0.jar:/opt/hadoop/share/ozone/lib/annotations-13.0.jar:/opt/hadoop/share/ozone/lib/simpleclient_common-0.7.0.jar:/opt/hadoop/share/ozone/lib/dnsjava-2.1.7.jar:/opt/hadoop/share/ozone/lib/hadoop-hdds-interface-admin-0.6.0-SNAPSHOT.jar:/opt/hadoop/share/ozone/lib/jackson-annotations-2.10.3.jar:/opt/hadoop/share/ozone/lib/commons-configuration2-2.1.1.jar:/opt/hadoop/share/ozone/lib/json-smart-2.3.jar:/opt/hadoop/share/ozone/lib/token-provider-1.0.1.jar:/opt/hadoop/share/ozone/lib/log4j-1.2.17.jar:/opt/hadoop/share/ozone/lib/commons-daemon-1.0.13.jar:/opt/hadoop/share/ozone/lib/listenablefuture-9999.0-empty-to-avoid-conflict-with-guava.jar:/opt/hadoop/share/ozone/lib/bcprov-jdk15on-1.60.jar:/opt/hadoop/share/ozone/lib/hadoop-hdfs-client-3.2.1.jar:/opt/hadoop/share/ozone/lib/jetty-webapp-9.4.26.v20200117.jar:/opt/hadoop/share/ozone/lib/commons-lang3-3.7.jar:/opt/hadoop/share/ozone/lib/commons-compress-1.4.1.jar:/opt/hadoop/share/ozone/lib/accessors-smart-1.2.jar:/opt/hadoop/share/ozone/lib/re2j-1.1.jar:/opt/hadoop/share/ozone/lib/hadoop-hdfs-3.2.1.jar:/opt/hadoop/share/ozone/lib/commons-math3-3.1.1.jar:/opt/hadoop/share/ozone/lib/simpleclient_dropwizard-0.7.0.jar:/opt/hadoop/share/ozone/lib/simpleclient-0.7.0.jar:/opt/hadoop/share/ozone/lib/hadoop-common-3.2.1.jar:/opt/hadoop/share/ozone/lib/httpclient-4.5.2.jar:/opt/hadoop/share/ozone/lib/rocksdbjni-6.8.1.jar:/opt/hadoop/share/ozone/lib/asm-5.0.4.jar:/opt/hadoop/share/ozone/lib/kerby-util-1.0.1.jar:/opt/hadoop/share/ozone/lib/failureaccess-1.0.1.jar:/opt/hadoop/share/ozone/lib/jsp-api-2.1.jar:/opt/hadoop/share/ozone/lib/jsch-0.1.54.jar:/opt/hadoop/share/ozone/lib/log4j-core-2.11.0.jar:/opt/hadoop/share/ozone/lib/nimbus-jose-jwt-7.9.jar:/opt/hadoop/share/ozone/lib/kotlin-stdlib-1.3.50.jar:/opt/hadoop/share/ozone/lib/commons-codec-1.11.jar:/opt/hadoop/share/ozone/lib/commons-pool2-2.6.0.jar:/opt/hadoop/share/ozone/lib/jackson-datatype-jsr310-2.10.3.jar:/opt/hadoop/share/ozone/lib/gson-2.2.4.jar:/opt/hadoop/share/ozone/lib/opentracing-api-0.33.0.jar:/opt/hadoop/share/ozone/lib/jcip-annotations-1.0-1.jar:/opt/hadoop/share/ozone/lib/kerb-admin-1.0.1.jar:/opt/hadoop/share/ozone/lib/commons-io-2.5.jar:/opt/hadoop/share/ozone/lib/snakeyaml-1.16.jar:/opt/hadoop/share/ozone/lib/opentracing-noop-0.33.0.jar:/opt/hadoop/share/ozone/lib/jetty-util-9.4.26.v20200117.jar:/opt/hadoop/share/ozone/lib/hadoop-hdds-hadoop-dependency-client-0.6.0-SNAPSHOT.jar:/opt/hadoop/share/ozone/lib/jersey-core-1.19.jar:/opt/hadoop/share/ozone/lib/checker-qual-2.10.0.jar:/opt/hadoop/share/ozone/lib/hadoop-hdds-server-framework-0.6.0-SNAPSHOT.jar:/opt/hadoop/share/ozone/lib/opentracing-util-0.33.0.jar:/opt/hadoop/share/ozone/lib/picocli-3.9.6.jar:/opt/hadoop/share/ozone/lib/hadoop-hdds-interface-server-0.6.0-SNAPSHOT.jar:/opt/hadoop/share/ozone/lib/hadoop-hdds-common-0.6.0-SNAPSHOT.jar:/opt/hadoop/share/ozone/lib/hadoop-ozone-interface-client-0.6.0-SNAPSHOT.jar:/opt/hadoop/share/ozone/lib/commons-cli-1.2.jar:/opt/hadoop/share/ozone/lib/woodstox-core-5.0.3.jar:/opt/hadoop/share/ozone/lib/javax.annotation-api-1.2.jar:/opt/hadoop/share/ozone/lib/hadoop-ozone-common-0.6.0-SNAPSHOT.jar:/opt/hadoop/share/ozone/lib/netty-all-4.1.48.Final.jar:/opt/hadoop/share/ozone/lib/kerby-asn1-1.0.1.jar:/opt/hadoop/share/ozone/lib/hadoop-hdds-config-0.6.0-SNAPSHOT.jar:/opt/hadoop/share/ozone/lib/stax2-api-3.1.4.jar:/opt/hadoop/share/ozone/lib/commons-digester-1.8.1.jar:/opt/hadoop/share/ozone/lib/commons-collections-3.2.2.jar:/opt/hadoop/share/ozone/lib/ratis-common-1.0.0.jar:/opt/hadoop/share/ozone/lib/jackson-core-2.10.3.jar:/opt/hadoop/share/ozone/lib/commons-text-1.4.jar:/opt/hadoop/share/ozone/lib/jersey-servlet-1.19.jar:/opt/hadoop/share/ozone/lib/slf4j-api-1.7.25.jar:/opt/hadoop/share/ozone/lib/kerb-identity-1.0.1.jar:/opt/hadoop/share/ozone/lib/hadoop-hdds-hadoop-dependency-server-0.6.0-SNAPSHOT.jar:/opt/hadoop/share/ozone/lib/jaeger-client-1.2.0.jar:/opt/hadoop/share/ozone/lib/kerb-common-1.0.1.jar:/opt/hadoop/share/ozone/lib/hadoop-hdds-interface-client-0.6.0-SNAPSHOT.jar:/opt/hadoop/share/ozone/lib/jersey-server-1.19.jar:/opt/hadoop/share/ozone/lib/ratis-grpc-1.0.0.jar:/opt/hadoop/share/ozone/lib/kerb-crypto-1.0.1.jar:/opt/hadoop/share/ozone/lib/hadoop-annotations-3.2.1.jar:/opt/hadoop/share/ozone/lib/httpcore-4.4.4.jar:/opt/hadoop/share/ozone/web:/opt/hadoop/share/ozone/lib/hadoop-ozone-ozone-manager-0.6.0-SNAPSHOT.jar
om1_1        | 2020-07-27 10:37:35,748 [IPC Server handler 0 on default port 9862] INFO ipc.Server: IPC Server handler 0 on default port 9862, call Call#4 Retry#0 org.apache.hadoop.ozone.om.protocol.OzoneManagerProtocol.submitRequest from 172.25.0.116:46439
scm_1        | Sleeping for 5 seconds
recon_1      | 2020-07-27 10:36:24,611 [Listener at 0.0.0.0/9891] INFO server.KerberosAuthenticationHandler: Using keytab /etc/security/keytabs/HTTP.keytab, for principal HTTP/recon@EXAMPLE.COM
s3g_1        | Sleeping for 5 seconds
om3_1        | STARTUP_MSG:   build = https://github.com/apache/hadoop-ozone.git/78875bb2617849e4cd55489aa4661234282fa628 ; compiled by 'runner' on 2020-07-27T09:35Z
om1_1        | org.apache.hadoop.ozone.om.exceptions.OMNotLeaderException: OM:om1 is not the leader. Suggested leader is OM:om2.
scm_1        | Setting up kerberos!!
recon_1      | 2020-07-27 10:36:24,630 [Listener at 0.0.0.0/9891] INFO handler.ContextHandler: Started o.e.j.s.ServletContextHandler@395281c2{logs,/logs,file:///var/log/hadoop/,AVAILABLE}
s3g_1        | Setting up kerberos!!
om3_1        | STARTUP_MSG:   java = 11.0.7
om1_1        | 	at org.apache.hadoop.ozone.protocolPB.OzoneManagerProtocolServerSideTranslatorPB.createNotLeaderException(OzoneManagerProtocolServerSideTranslatorPB.java:198)
scm_1        | KDC ISSUER_SERVER => kdc:8081
recon_1      | 2020-07-27 10:36:24,630 [Listener at 0.0.0.0/9891] INFO handler.ContextHandler: Started o.e.j.s.ServletContextHandler@79d4ff58{static,/static,jar:file:/opt/hadoop/share/ozone/lib/hadoop-ozone-recon-0.6.0-SNAPSHOT.jar!/webapps/static,AVAILABLE}
s3g_1        | KDC ISSUER_SERVER => kdc:8081
om3_1        | ************************************************************/
om1_1        | 	at org.apache.hadoop.ozone.protocolPB.OzoneManagerProtocolServerSideTranslatorPB.processRequest(OzoneManagerProtocolServerSideTranslatorPB.java:141)
scm_1        | Sleeping for 5 seconds
recon_1      | 2020-07-27 10:36:25,319 [Listener at 0.0.0.0/9891] INFO server.KerberosAuthenticationHandler: Using keytab /etc/security/keytabs/HTTP.keytab, for principal HTTP/recon@EXAMPLE.COM
s3g_1        | Sleeping for 5 seconds
om3_1        | 2020-07-27 10:36:48,434 [main] INFO om.OzoneManagerStarter: registered UNIX signal handlers for [TERM, HUP, INT]
om1_1        | 	at org.apache.hadoop.hdds.server.OzoneProtocolMessageDispatcher.processRequest(OzoneProtocolMessageDispatcher.java:74)
scm_1        | Got 200, KDC service ready!!
recon_1      | 2020-07-27 10:36:27,541 [Listener at 0.0.0.0/9891] INFO handler.ContextHandler: Started o.e.j.w.WebAppContext@47d0127f{recon,/,file:///tmp/jetty-0_0_0_0-9888-hadoop-ozone-recon-0_6_0-SNAPSHOT_jar-_-any-10193090585455896718.dir/webapp/,AVAILABLE}{jar:file:/opt/hadoop/share/ozone/lib/hadoop-ozone-recon-0.6.0-SNAPSHOT.jar!/webapps/recon}
s3g_1        | Got 200, KDC service ready!!
om3_1        | 2020-07-27 10:36:52,937 [main] INFO ha.OMHANodeDetails: ServiceID for OzoneManager is id1
om1_1        | 	at org.apache.hadoop.ozone.protocolPB.OzoneManagerProtocolServerSideTranslatorPB.submitRequest(OzoneManagerProtocolServerSideTranslatorPB.java:113)
scm_1        | Download scm/scm@EXAMPLE.COM keytab file to /etc/security/keytabs/scm.keytab
recon_1      | 2020-07-27 10:36:27,549 [Listener at 0.0.0.0/9891] INFO server.AbstractConnector: Started ServerConnector@10bdfbcc{HTTP/1.1,[http/1.1]}{0.0.0.0:9888}
s3g_1        | Download s3g/s3g@EXAMPLE.COM keytab file to /etc/security/keytabs/s3g.keytab
om3_1        | 2020-07-27 10:36:53,584 [main] INFO ha.OMHANodeDetails: Found matching OM address with OMServiceId: id1, OMNodeId: om3, RPC Address: om3:9862 and Ratis port: 9872
om1_1        | 	at org.apache.hadoop.ozone.protocol.proto.OzoneManagerProtocolProtos$OzoneManagerService$2.callBlockingMethod(OzoneManagerProtocolProtos.java)
scm_1        | --2020-07-27 10:35:49--  http://kdc:8081/keytab/scm/scm
recon_1      | 2020-07-27 10:36:27,550 [Listener at 0.0.0.0/9891] INFO server.Server: Started @37191ms
s3g_1        | --2020-07-27 10:35:48--  http://kdc:8081/keytab/s3g/s3g
om3_1        | 2020-07-27 10:36:53,588 [main] INFO ha.OMHANodeDetails: Setting configuration key ozone.om.http-address with value of key ozone.om.http-address.om3: om3
om1_1        | 	at org.apache.hadoop.ipc.ProtobufRpcEngine$Server$ProtoBufRpcInvoker.call(ProtobufRpcEngine.java:528)
scm_1        | Resolving kdc (kdc)... 172.25.0.100
recon_1      | 2020-07-27 10:36:27,552 [Listener at 0.0.0.0/9891] INFO impl.MetricsSinkAdapter: Sink prometheus started
s3g_1        | Resolving kdc (kdc)... 172.25.0.100
om3_1        | 2020-07-27 10:36:53,597 [main] INFO ha.OMHANodeDetails: Setting configuration key ozone.om.address with value of key ozone.om.address.om3: om3
om1_1        | 	at org.apache.hadoop.ipc.RPC$Server.call(RPC.java:1070)
scm_1        | Connecting to kdc (kdc)|172.25.0.100|:8081... connected.
recon_1      | 2020-07-27 10:36:27,552 [Listener at 0.0.0.0/9891] INFO impl.MetricsSystemImpl: Registered sink prometheus
s3g_1        | Connecting to kdc (kdc)|172.25.0.100|:8081... connected.
om3_1        | 2020-07-27 10:36:53,661 [main] WARN server.ServerUtils: ozone.om.db.dirs is not configured. We recommend adding this setting. Falling back to ozone.metadata.dirs instead.
om1_1        | 	at org.apache.hadoop.ipc.Server$RpcCall.run(Server.java:999)
scm_1        | HTTP request sent, awaiting response... 200 OK
recon_1      | 2020-07-27 10:36:27,560 [Listener at 0.0.0.0/9891] INFO http.BaseHttpServer: HTTP server of recon listening at http://0.0.0.0:9888
s3g_1        | HTTP request sent, awaiting response... 200 OK
om3_1        | WARNING: An illegal reflective access operation has occurred
om1_1        | 	at org.apache.hadoop.ipc.Server$RpcCall.run(Server.java:927)
scm_1        | Length: 142 [application/octet-stream]
recon_1      | 2020-07-27 10:36:27,560 [Listener at 0.0.0.0/9891] INFO impl.OzoneManagerServiceProviderImpl: Starting Ozone Manager Service Provider.
s3g_1        | Length: 142 [application/octet-stream]
om3_1        | WARNING: Illegal reflective access by org.apache.hadoop.security.authentication.util.KerberosUtil (file:/opt/hadoop/share/ozone/lib/hadoop-auth-3.2.1.jar) to method sun.security.krb5.Config.getInstance()
om1_1        | 	at java.base/java.security.AccessController.doPrivileged(Native Method)
s3g_1        | Saving to: '/etc/security/keytabs/s3g.keytab'
om1_1        | 	at java.base/javax.security.auth.Subject.doAs(Subject.java:423)
scm_1        | Saving to: '/etc/security/keytabs/scm.keytab'
om3_1        | WARNING: Please consider reporting this to the maintainers of org.apache.hadoop.security.authentication.util.KerberosUtil
recon_1      | 2020-07-27 10:36:27,575 [Listener at 0.0.0.0/9891] INFO impl.OzoneManagerServiceProviderImpl: Registered OmDeltaRequest task 
s3g_1        | 
om1_1        | 	at org.apache.hadoop.security.UserGroupInformation.doAs(UserGroupInformation.java:1730)
scm_1        | 
om3_1        | WARNING: Use --illegal-access=warn to enable warnings of further illegal reflective access operations
recon_1      | 2020-07-27 10:36:27,595 [Listener at 0.0.0.0/9891] INFO impl.OzoneManagerServiceProviderImpl: Registered OmSnapshotRequest task 
s3g_1        |      0K                                                       100% 8.85M=0s
om1_1        | 	at org.apache.hadoop.ipc.Server$Handler.run(Server.java:2915)
scm_1        |      0K                                                       100% 24.2M=0s
om3_1        | WARNING: All illegal access operations will be denied in a future release
recon_1      | 2020-07-27 10:36:27,595 [Listener at 0.0.0.0/9891] INFO recovery.ReconOmMetadataManagerImpl: Starting ReconOMMetadataManagerImpl
s3g_1        | 
om1_1        | 2020-07-27 10:37:39,547 [Socket Reader #1 for port 9862] INFO ipc.Server: Auth successful for testuser/scm@EXAMPLE.COM (auth:KERBEROS)
scm_1        | 
om3_1        | 2020-07-27 10:36:54,607 [main] INFO security.UserGroupInformation: Login successful for user om/om3@EXAMPLE.COM using keytab file /etc/security/keytabs/om.keytab
recon_1      | 2020-07-27 10:36:27,596 [Listener at 0.0.0.0/9891] WARN recon.ReconUtils: ozone.recon.om.db.dir is not configured. We recommend adding this setting. Falling back to ozone.metadata.dirs instead.
s3g_1        | 2020-07-27 10:35:48 (8.85 MB/s) - '/etc/security/keytabs/s3g.keytab' saved [142/142]
om1_1        | 2020-07-27 10:37:39,565 [Socket Reader #1 for port 9862] INFO authorize.ServiceAuthorizationManager: Authorization successful for testuser/scm@EXAMPLE.COM (auth:KERBEROS) for protocol=interface org.apache.hadoop.ozone.om.protocol.OzoneManagerProtocol
scm_1        | 2020-07-27 10:35:49 (24.2 MB/s) - '/etc/security/keytabs/scm.keytab' saved [142/142]
om3_1        | 2020-07-27 10:36:54,607 [main] INFO om.OzoneManager: Ozone Manager login successful.
recon_1      | 2020-07-27 10:36:27,596 [Listener at 0.0.0.0/9891] INFO tasks.ReconTaskControllerImpl: Starting Recon Task Controller.
s3g_1        | 
om1_1        | 2020-07-27 10:37:39,566 [IPC Server handler 46 on default port 9862] INFO ipc.Server: IPC Server handler 46 on default port 9862, call Call#0 Retry#0 org.apache.hadoop.ozone.om.protocol.OzoneManagerProtocol.submitRequest from 172.25.0.116:36683
scm_1        | 
om3_1        | 2020-07-27 10:36:54,607 [main] WARN server.ServerUtils: ozone.om.db.dirs is not configured. We recommend adding this setting. Falling back to ozone.metadata.dirs instead.
recon_1      | 2020-07-27 10:36:27,603 [Listener at 0.0.0.0/9891] INFO scm.ReconStorageContainerManagerFacade: Recon ScmDatanodeProtocol RPC server is listening at /0.0.0.0:9891
s3g_1        | Keytab name: FILE:/etc/security/keytabs/s3g.keytab
om1_1        | org.apache.hadoop.ozone.om.exceptions.OMNotLeaderException: OM:om1 is not the leader. Suggested leader is OM:om2.
scm_1        | Keytab name: FILE:/etc/security/keytabs/scm.keytab
om3_1        | 2020-07-27 10:36:59,310 [main] INFO client.OMCertificateClient: Loading certificate from location:/data/metadata/om/certs.
recon_1      | 2020-07-27 10:36:32,620 [Listener at 0.0.0.0/9891] INFO scm.ReconStorageContainerManagerFacade: Obtained 0 pipelines from SCM.
s3g_1        | KVNO Timestamp         Principal
om1_1        | 	at org.apache.hadoop.ozone.protocolPB.OzoneManagerProtocolServerSideTranslatorPB.createNotLeaderException(OzoneManagerProtocolServerSideTranslatorPB.java:198)
scm_1        | KVNO Timestamp         Principal
om3_1        | 2020-07-27 10:36:59,752 [main] INFO client.OMCertificateClient: Added certificate from file:/data/metadata/om/certs/CA-1.crt.
recon_1      | 2020-07-27 10:36:32,644 [Listener at 0.0.0.0/9891] INFO scm.ReconPipelineManager: Recon has 0 pipelines in house.
s3g_1        | ---- ----------------- --------------------------------------------------------
om1_1        | 	at org.apache.hadoop.ozone.protocolPB.OzoneManagerProtocolServerSideTranslatorPB.submitReadRequestToOM(OzoneManagerProtocolServerSideTranslatorPB.java:186)
scm_1        | ---- ----------------- --------------------------------------------------------
om3_1        | 2020-07-27 10:36:59,763 [main] INFO client.OMCertificateClient: Added certificate from file:/data/metadata/om/certs/3826793792114.crt.
s3g_1        |    2 07/27/20 10:35:48 s3g/s3g@EXAMPLE.COM
recon_1      | 2020-07-27 10:36:32,644 [Listener at 0.0.0.0/9891] INFO server.SCMDatanodeProtocolServer: RPC server for DataNodes is listening at /0.0.0.0:9891
om1_1        | 	at org.apache.hadoop.ozone.protocolPB.OzoneManagerProtocolServerSideTranslatorPB.processRequest(OzoneManagerProtocolServerSideTranslatorPB.java:123)
scm_1        |    2 07/27/20 10:35:49 scm/scm@EXAMPLE.COM
om3_1        | 2020-07-27 10:36:59,852 [main] WARN server.ServerUtils: ozone.om.db.dirs is not configured. We recommend adding this setting. Falling back to ozone.metadata.dirs instead.
s3g_1        |    2 07/27/20 10:35:48 s3g/s3g@EXAMPLE.COM
recon_1      | 2020-07-27 10:36:32,674 [IPC Server Responder] INFO ipc.Server: IPC Server Responder: starting
om1_1        | 	at org.apache.hadoop.hdds.server.OzoneProtocolMessageDispatcher.processRequest(OzoneProtocolMessageDispatcher.java:74)
scm_1        |    2 07/27/20 10:35:49 scm/scm@EXAMPLE.COM
om3_1        | 2020-07-27 10:37:00,324 [main] INFO codec.OmKeyInfoCodec: OmKeyInfoCodec ignorePipeline = true
recon_1      | 2020-07-27 10:36:32,814 [IPC Server listener on 9891] INFO ipc.Server: IPC Server listener on 9891: starting
om1_1        | 	at org.apache.hadoop.ozone.protocolPB.OzoneManagerProtocolServerSideTranslatorPB.submitRequest(OzoneManagerProtocolServerSideTranslatorPB.java:113)
scm_1        | --2020-07-27 10:35:49--  http://kdc:8081/keytab/scm/HTTP
s3g_1        | Download HTTP/s3g@EXAMPLE.COM keytab file to /etc/security/keytabs/HTTP.keytab
om3_1        | 2020-07-27 10:37:00,329 [main] INFO codec.RepeatedOmKeyInfoCodec: RepeatedOmKeyInfoCodec ignorePipeline = true
recon_1      | 2020-07-27 10:36:33,214 [Listener at 0.0.0.0/9891] INFO scm.ReconScmTask: Registered ContainerHealthTask task 
om1_1        | 	at org.apache.hadoop.ozone.protocol.proto.OzoneManagerProtocolProtos$OzoneManagerService$2.callBlockingMethod(OzoneManagerProtocolProtos.java)
scm_1        | Download HTTP/scm@EXAMPLE.COM keytab file to /etc/security/keytabs/HTTP.keytab
s3g_1        | --2020-07-27 10:35:48--  http://kdc:8081/keytab/s3g/HTTP
om3_1        | 2020-07-27 10:37:00,769 [main] INFO Configuration.deprecation: No unit for ozone.manager.delegation.remover.scan.interval(3600000) assuming MILLISECONDS
recon_1      | 2020-07-27 10:36:33,216 [Listener at 0.0.0.0/9891] INFO scm.ReconScmTask: Starting ContainerHealthTask Thread.
om1_1        | 	at org.apache.hadoop.ipc.ProtobufRpcEngine$Server$ProtoBufRpcInvoker.call(ProtobufRpcEngine.java:528)
scm_1        | Resolving kdc (kdc)... 172.25.0.100
s3g_1        | Resolving kdc (kdc)... 172.25.0.100
om3_1        | 2020-07-27 10:37:00,787 [main] INFO security.OzoneSecretStore: Loaded 0 tokens
recon_1      | 2020-07-27 10:36:33,246 [Listener at 0.0.0.0/9891] INFO scm.ReconScmTask: Registered PipelineSyncTask task 
om1_1        | 	at org.apache.hadoop.ipc.RPC$Server.call(RPC.java:1070)
scm_1        | Connecting to kdc (kdc)|172.25.0.100|:8081... connected.
scm_1        | HTTP request sent, awaiting response... 200 OK
om3_1        | 2020-07-27 10:37:00,790 [main] INFO security.OzoneDelegationTokenSecretManager: Loading token state into token manager.
recon_1      | 2020-07-27 10:36:33,255 [Listener at 0.0.0.0/9891] INFO scm.ReconScmTask: Starting PipelineSyncTask Thread.
om1_1        | 	at org.apache.hadoop.ipc.Server$RpcCall.run(Server.java:999)
scm_1        | Length: 144 [application/octet-stream]
s3g_1        | Connecting to kdc (kdc)|172.25.0.100|:8081... connected.
om3_1        | 2020-07-27 10:37:01,350 [main] INFO om.OzoneManager: Created Volume s3v With Owner root required for S3Gateway operations.
recon_1      | 2020-07-27 10:36:33,550 [PipelineSyncTask] INFO scm.ReconPipelineManager: Recon has 0 pipelines in house.
om1_1        | 	at org.apache.hadoop.ipc.Server$RpcCall.run(Server.java:927)
scm_1        | Saving to: '/etc/security/keytabs/HTTP.keytab'
s3g_1        | HTTP request sent, awaiting response... 200 OK
om3_1        | 2020-07-27 10:37:01,386 [main] INFO metrics.MetricRegistries: Loaded MetricRegistries class org.apache.ratis.metrics.impl.MetricRegistriesImpl
recon_1      | 2020-07-27 10:36:33,570 [PipelineSyncTask] INFO scm.PipelineSyncTask: Pipeline sync Thread took 314 milliseconds.
recon_1      | 2020-07-27 10:36:33,896 [ContainerHealthTask] INFO fsck.ContainerHealthTask: Container Health task thread took 670 milliseconds to process 0 existing database records.
om1_1        | 	at java.base/java.security.AccessController.doPrivileged(Native Method)
s3g_1        | Length: 144 [application/octet-stream]
om3_1        | 2020-07-27 10:37:01,502 [main] WARN server.ServerUtils: Storage directory for Ratis is not configured. It is a good idea to map this to an SSD disk. Falling back to ozone.metadata.dirs
recon_1      | 2020-07-27 10:36:34,069 [ContainerHealthTask] INFO fsck.ContainerHealthTask: Container Health task thread took 158 milliseconds for processing 0 containers.
scm_1        | 
om1_1        | 	at java.base/javax.security.auth.Subject.doAs(Subject.java:423)
s3g_1        | Saving to: '/etc/security/keytabs/HTTP.keytab'
om3_1        | 2020-07-27 10:37:01,647 [main] INFO ratis.OzoneManagerRatisServer: Instantiating OM Ratis server with GroupID: id1 and Raft Peers: om3:9872, om1:9872, om2:9872
recon_1      | 2020-07-27 10:36:43,537 [Socket Reader #1 for port 9891] INFO ipc.Server: Auth successful for dn/e9464e124597@EXAMPLE.COM (auth:KERBEROS)
scm_1        |      0K                                                       100% 6.30M=0s
om1_1        | 	at org.apache.hadoop.security.UserGroupInformation.doAs(UserGroupInformation.java:1730)
s3g_1        | 
om3_1        | 2020-07-27 10:37:01,716 [main] INFO ratis.OzoneManagerStateMachine: LastAppliedIndex is set from TransactionInfo from OM DB as (t:0, i:~)
recon_1      | 2020-07-27 10:36:43,570 [Socket Reader #1 for port 9891] INFO authorize.ServiceAuthorizationManager: Authorization successful for dn/e9464e124597@EXAMPLE.COM (auth:KERBEROS) for protocol=interface org.apache.hadoop.ozone.protocol.ReconDatanodeProtocol
scm_1        | 
om1_1        | 	at org.apache.hadoop.ipc.Server$Handler.run(Server.java:2915)
s3g_1        |      0K                                                       100% 21.1M=0s
om3_1        | 2020-07-27 10:37:01,854 [main] INFO impl.RaftServerProxy: raft.rpc.type = GRPC (default)
recon_1      | 2020-07-27 10:36:44,739 [Socket Reader #1 for port 9891] INFO ipc.Server: Auth successful for dn/0bafe5316483@EXAMPLE.COM (auth:KERBEROS)
scm_1        | 2020-07-27 10:35:49 (6.30 MB/s) - '/etc/security/keytabs/HTTP.keytab' saved [144/144]
om1_1        | 2020-07-27 10:37:39,949 [IPC Server handler 1 on default port 9862] INFO ipc.Server: IPC Server handler 1 on default port 9862, call Call#2 Retry#0 org.apache.hadoop.ozone.om.protocol.OzoneManagerProtocol.submitRequest from 172.25.0.116:36683
s3g_1        | 
om3_1        | 2020-07-27 10:37:02,175 [main] INFO grpc.GrpcFactory: PERFORMANCE WARNING: useCacheForAllThreads is true that may cause Netty to create a lot garbage objects and, as a result, trigger GC.
recon_1      | 2020-07-27 10:36:44,987 [Socket Reader #1 for port 9891] INFO authorize.ServiceAuthorizationManager: Authorization successful for dn/0bafe5316483@EXAMPLE.COM (auth:KERBEROS) for protocol=interface org.apache.hadoop.ozone.protocol.ReconDatanodeProtocol
recon_1      | 2020-07-27 10:36:45,096 [Socket Reader #1 for port 9891] INFO ipc.Server: Auth successful for dn/c4e33f5e36df@EXAMPLE.COM (auth:KERBEROS)
scm_1        | 
scm_1        | Keytab name: FILE:/etc/security/keytabs/HTTP.keytab
recon_1      | 2020-07-27 10:36:45,162 [Socket Reader #1 for port 9891] INFO authorize.ServiceAuthorizationManager: Authorization successful for dn/c4e33f5e36df@EXAMPLE.COM (auth:KERBEROS) for protocol=interface org.apache.hadoop.ozone.protocol.ReconDatanodeProtocol
om1_1        | org.apache.hadoop.ozone.om.exceptions.OMNotLeaderException: OM:om1 is not the leader. Suggested leader is OM:om2.
scm_1        | KVNO Timestamp         Principal
s3g_1        | 2020-07-27 10:35:48 (21.1 MB/s) - '/etc/security/keytabs/HTTP.keytab' saved [144/144]
om3_1        | 	It is recommended to disable useCacheForAllThreads by setting -Dorg.apache.ratis.thirdparty.io.netty.allocator.useCacheForAllThreads=false in command line.
recon_1      | 2020-07-27 10:36:45,866 [IPC Server handler 22 on default port 9891] INFO net.NetworkTopology: Added a new node: /default-rack/e179e11b-6b43-4a29-8a5d-23c27f1aa8a8
om1_1        | 	at org.apache.hadoop.ozone.protocolPB.OzoneManagerProtocolServerSideTranslatorPB.createNotLeaderException(OzoneManagerProtocolServerSideTranslatorPB.java:198)
scm_1        | ---- ----------------- --------------------------------------------------------
s3g_1        | 
om3_1        | 2020-07-27 10:37:02,186 [main] INFO grpc.GrpcConfigKeys: raft.grpc.server.port = 9872 (custom)
recon_1      | 2020-07-27 10:36:45,894 [IPC Server handler 22 on default port 9891] INFO node.SCMNodeManager: Registered Data node : e179e11b-6b43-4a29-8a5d-23c27f1aa8a8{ip: 172.25.0.104, host: ozonesecure-om-ha_datanode3_1.ozonesecure-om-ha_ozone_net, networkLocation: /default-rack, certSerialId: 3815159288547}
om1_1        | 	at org.apache.hadoop.ozone.protocolPB.OzoneManagerProtocolServerSideTranslatorPB.processRequest(OzoneManagerProtocolServerSideTranslatorPB.java:141)
scm_1        |    2 07/27/20 10:35:49 HTTP/scm@EXAMPLE.COM
s3g_1        | Keytab name: FILE:/etc/security/keytabs/HTTP.keytab
om3_1        | 2020-07-27 10:37:02,187 [main] INFO server.GrpcService: raft.grpc.message.size.max = 33554432 (custom)
recon_1      | 2020-07-27 10:36:46,034 [EventQueue-NewNodeForReconNewNodeHandler] INFO scm.ReconNodeManager: Adding new node e179e11b-6b43-4a29-8a5d-23c27f1aa8a8 to Node DB.
om1_1        | 	at org.apache.hadoop.hdds.server.OzoneProtocolMessageDispatcher.processRequest(OzoneProtocolMessageDispatcher.java:74)
scm_1        |    2 07/27/20 10:35:49 HTTP/scm@EXAMPLE.COM
s3g_1        | KVNO Timestamp         Principal
om3_1        | 2020-07-27 10:37:02,192 [main] INFO server.RaftServerConfigKeys: raft.server.log.appender.buffer.byte-limit = 33554432 (custom)
recon_1      | 2020-07-27 10:36:46,684 [IPC Server handler 0 on default port 9891] INFO net.NetworkTopology: Added a new node: /default-rack/61b89de5-5f32-4019-8aca-97dc674657c8
om1_1        | 	at org.apache.hadoop.ozone.protocolPB.OzoneManagerProtocolServerSideTranslatorPB.submitRequest(OzoneManagerProtocolServerSideTranslatorPB.java:113)
scm_1        | Download testuser/scm@EXAMPLE.COM keytab file to /etc/security/keytabs/testuser.keytab
s3g_1        | ---- ----------------- --------------------------------------------------------
om3_1        | 2020-07-27 10:37:02,194 [main] INFO server.GrpcService: raft.grpc.flow.control.window = 1MB (=1048576) (default)
recon_1      | 2020-07-27 10:36:46,685 [IPC Server handler 0 on default port 9891] INFO node.SCMNodeManager: Registered Data node : 61b89de5-5f32-4019-8aca-97dc674657c8{ip: 172.25.0.103, host: ozonesecure-om-ha_datanode2_1.ozonesecure-om-ha_ozone_net, networkLocation: /default-rack, certSerialId: 3815467648901}
om1_1        | 	at org.apache.hadoop.ozone.protocol.proto.OzoneManagerProtocolProtos$OzoneManagerService$2.callBlockingMethod(OzoneManagerProtocolProtos.java)
scm_1        | --2020-07-27 10:35:49--  http://kdc:8081/keytab/scm/testuser
s3g_1        |    2 07/27/20 10:35:48 HTTP/s3g@EXAMPLE.COM
om3_1        | 2020-07-27 10:37:02,195 [main] INFO server.RaftServerConfigKeys: raft.server.rpc.request.timeout = 3000ms (default)
recon_1      | 2020-07-27 10:36:46,685 [EventQueue-NewNodeForReconNewNodeHandler] INFO scm.ReconNodeManager: Adding new node 61b89de5-5f32-4019-8aca-97dc674657c8 to Node DB.
om1_1        | 	at org.apache.hadoop.ipc.ProtobufRpcEngine$Server$ProtoBufRpcInvoker.call(ProtobufRpcEngine.java:528)
scm_1        | Resolving kdc (kdc)... 172.25.0.100
s3g_1        |    2 07/27/20 10:35:48 HTTP/s3g@EXAMPLE.COM
recon_1      | 2020-07-27 10:36:47,144 [IPC Server handler 97 on default port 9891] INFO net.NetworkTopology: Added a new node: /default-rack/377fb1b9-c083-47cb-824e-6606eafdb033
om1_1        | 	at org.apache.hadoop.ipc.RPC$Server.call(RPC.java:1070)
scm_1        | Connecting to kdc (kdc)|172.25.0.100|:8081... connected.
s3g_1        | Download testuser/s3g@EXAMPLE.COM keytab file to /etc/security/keytabs/testuser.keytab
om3_1        | 2020-07-27 10:37:02,991 [main] INFO server.RaftServerConfigKeys: raft.server.storage.dir = [/data/metadata/ratis] (custom)
recon_1      | 2020-07-27 10:36:47,144 [IPC Server handler 97 on default port 9891] INFO node.SCMNodeManager: Registered Data node : 377fb1b9-c083-47cb-824e-6606eafdb033{ip: 172.25.0.102, host: ozonesecure-om-ha_datanode1_1.ozonesecure-om-ha_ozone_net, networkLocation: /default-rack, certSerialId: 3815178023116}
om1_1        | 	at org.apache.hadoop.ipc.Server$RpcCall.run(Server.java:999)
scm_1        | HTTP request sent, awaiting response... 200 OK
s3g_1        | --2020-07-27 10:35:48--  http://kdc:8081/keytab/s3g/testuser
om3_1        | 2020-07-27 10:37:03,044 [main] INFO impl.RaftServerProxy: om3: addNew group-562213E44849:[om1:om1:9872, om3:om3:9872, om2:om2:9872] returns group-562213E44849:java.util.concurrent.CompletableFuture@21579b35[Not completed]
recon_1      | 2020-07-27 10:36:47,144 [EventQueue-NewNodeForReconNewNodeHandler] INFO scm.ReconNodeManager: Adding new node 377fb1b9-c083-47cb-824e-6606eafdb033 to Node DB.
om1_1        | 	at org.apache.hadoop.ipc.Server$RpcCall.run(Server.java:927)
scm_1        | Length: 152 [application/octet-stream]
s3g_1        | Resolving kdc (kdc)... 172.25.0.100
om3_1        | 2020-07-27 10:37:03,057 [main] INFO om.OzoneManager: OzoneManager Ratis server initialized at port 9872
recon_1      | 2020-07-27 10:36:47,597 [pool-13-thread-1] INFO impl.OzoneManagerServiceProviderImpl: Syncing data from Ozone Manager.
om1_1        | 	at java.base/java.security.AccessController.doPrivileged(Native Method)
scm_1        | Saving to: '/etc/security/keytabs/testuser.keytab'
s3g_1        | Connecting to kdc (kdc)|172.25.0.100|:8081... connected.
om3_1        | 2020-07-27 10:37:03,057 [main] WARN server.ServerUtils: Storage directory for Ratis is not configured. It is a good idea to map this to an SSD disk. Falling back to ozone.metadata.dirs
recon_1      | 2020-07-27 10:36:47,598 [pool-13-thread-1] INFO impl.OzoneManagerServiceProviderImpl: Obtaining full snapshot from Ozone Manager
om1_1        | 	at java.base/javax.security.auth.Subject.doAs(Subject.java:423)
scm_1        | 
s3g_1        | HTTP request sent, awaiting response... 200 OK
om3_1        | 2020-07-27 10:37:03,070 [main] WARN server.ServerUtils: Storage directory for Ratis is not configured. It is a good idea to map this to an SSD disk. Falling back to ozone.metadata.dirs
recon_1      | 2020-07-27 10:36:48,671 [pool-13-thread-1] INFO ipc.Client: Retrying connect to server: om1/172.25.0.111:9862. Already tried 0 time(s); retry policy is RetryUpToMaximumCountWithFixedSleep(maxRetries=10, sleepTime=1000 MILLISECONDS)
om1_1        | 	at org.apache.hadoop.security.UserGroupInformation.doAs(UserGroupInformation.java:1730)
scm_1        |      0K                                                       100% 3.89M=0s
s3g_1        | Length: 152 [application/octet-stream]
om3_1        | 2020-07-27 10:37:03,072 [main] INFO snapshot.OzoneManagerSnapshotProvider: Initializing OM Snapshot Provider
recon_1      | 2020-07-27 10:36:49,672 [pool-13-thread-1] INFO ipc.Client: Retrying connect to server: om1/172.25.0.111:9862. Already tried 1 time(s); retry policy is RetryUpToMaximumCountWithFixedSleep(maxRetries=10, sleepTime=1000 MILLISECONDS)
om1_1        | 	at org.apache.hadoop.ipc.Server$Handler.run(Server.java:2915)
scm_1        | 
s3g_1        | Saving to: '/etc/security/keytabs/testuser.keytab'
om3_1        | 2020-07-27 10:37:03,195 [pool-18-thread-1] INFO impl.RaftServerImpl: om3: new RaftServerImpl for group-562213E44849:[om1:om1:9872, om3:om3:9872, om2:om2:9872] with OzoneManagerStateMachine:uninitialized
recon_1      | 2020-07-27 10:36:50,673 [pool-13-thread-1] INFO ipc.Client: Retrying connect to server: om1/172.25.0.111:9862. Already tried 2 time(s); retry policy is RetryUpToMaximumCountWithFixedSleep(maxRetries=10, sleepTime=1000 MILLISECONDS)
scm_1        | 2020-07-27 10:35:50 (3.89 MB/s) - '/etc/security/keytabs/testuser.keytab' saved [152/152]
om3_1        | 2020-07-27 10:37:03,250 [pool-18-thread-1] INFO server.RaftServerConfigKeys: raft.server.rpc.timeout.min = 1s (custom)
recon_1      | 2020-07-27 10:36:50,746 [EventQueue-PipelineReportForReconPipelineReportHandler] INFO scm.ReconPipelineReportHandler: Unknown pipeline PipelineID=c01611e2-8c1b-4111-bb78-66ff812dbfa0. Trying to get from SCM.
s3g_1        | 
scm_1        | 
om3_1        | 2020-07-27 10:37:03,251 [pool-18-thread-1] INFO server.RaftServerConfigKeys: raft.server.rpc.timeout.max = 1200ms (custom)
recon_1      | 2020-07-27 10:36:51,112 [EventQueue-PipelineReportForReconPipelineReportHandler] INFO scm.ReconPipelineReportHandler: Adding new pipeline Pipeline[ Id: c01611e2-8c1b-4111-bb78-66ff812dbfa0, Nodes: 61b89de5-5f32-4019-8aca-97dc674657c8{ip: 172.25.0.103, host: ozonesecure-om-ha_datanode2_1.ozonesecure-om-ha_ozone_net, networkLocation: /default-rack, certSerialId: null}, Type:RATIS, Factor:ONE, State:OPEN, leaderId:61b89de5-5f32-4019-8aca-97dc674657c8, CreationTimestamp2020-07-27T10:36:47.080Z] to Recon pipeline metadata.
s3g_1        |      0K                                                       100% 20.4M=0s
scm_1        | Keytab name: FILE:/etc/security/keytabs/testuser.keytab
om3_1        | 2020-07-27 10:37:03,251 [pool-18-thread-1] INFO server.RaftServerConfigKeys: raft.server.rpcslowness.timeout = 120s (custom)
recon_1      | 2020-07-27 10:36:51,154 [EventQueue-PipelineReportForReconPipelineReportHandler] INFO pipeline.PipelineStateManager: Created pipeline Pipeline[ Id: c01611e2-8c1b-4111-bb78-66ff812dbfa0, Nodes: 61b89de5-5f32-4019-8aca-97dc674657c8{ip: 172.25.0.103, host: ozonesecure-om-ha_datanode2_1.ozonesecure-om-ha_ozone_net, networkLocation: /default-rack, certSerialId: null}, Type:RATIS, Factor:ONE, State:OPEN, leaderId:61b89de5-5f32-4019-8aca-97dc674657c8, CreationTimestamp2020-07-27T10:36:47.080Z]
s3g_1        | 
scm_1        | KVNO Timestamp         Principal
om3_1        | 2020-07-27 10:37:03,265 [pool-18-thread-1] INFO server.RaftServerConfigKeys: raft.server.sleep.deviation.threshold = 300 (default)
recon_1      | 2020-07-27 10:36:51,222 [EventQueue-PipelineReportForReconPipelineReportHandler] INFO scm.ReconPipelineReportHandler: Unknown pipeline PipelineID=12e3e50a-4863-46bc-989c-385d04f31f6a. Trying to get from SCM.
s3g_1        | 2020-07-27 10:35:48 (20.4 MB/s) - '/etc/security/keytabs/testuser.keytab' saved [152/152]
scm_1        | ---- ----------------- --------------------------------------------------------
om3_1        | 2020-07-27 10:37:03,268 [pool-18-thread-1] INFO server.RaftServerConfigKeys: raft.server.log.appender.install.snapshot.enabled = false (custom)
recon_1      | 2020-07-27 10:36:51,232 [EventQueue-PipelineReportForReconPipelineReportHandler] INFO scm.ReconPipelineReportHandler: Adding new pipeline Pipeline[ Id: 12e3e50a-4863-46bc-989c-385d04f31f6a, Nodes: e179e11b-6b43-4a29-8a5d-23c27f1aa8a8{ip: 172.25.0.104, host: ozonesecure-om-ha_datanode3_1.ozonesecure-om-ha_ozone_net, networkLocation: /default-rack, certSerialId: null}377fb1b9-c083-47cb-824e-6606eafdb033{ip: 172.25.0.102, host: ozonesecure-om-ha_datanode1_1.ozonesecure-om-ha_ozone_net, networkLocation: /default-rack, certSerialId: null}61b89de5-5f32-4019-8aca-97dc674657c8{ip: 172.25.0.103, host: ozonesecure-om-ha_datanode2_1.ozonesecure-om-ha_ozone_net, networkLocation: /default-rack, certSerialId: null}, Type:RATIS, Factor:THREE, State:ALLOCATED, leaderId:, CreationTimestamp2020-07-27T10:36:47.456Z] to Recon pipeline metadata.
scm_1        |    2 07/27/20 10:35:50 testuser/scm@EXAMPLE.COM
om3_1        | 2020-07-27 10:37:03,344 [pool-18-thread-1] INFO impl.RaftServerImpl: om3@group-562213E44849: ConfigurationManager, init=-1: [om1:om1:9872, om3:om3:9872, om2:om2:9872], old=null, confs=<EMPTY_MAP>
s3g_1        | 
scm_1        |    2 07/27/20 10:35:50 testuser/scm@EXAMPLE.COM
recon_1      | 2020-07-27 10:36:51,233 [EventQueue-PipelineReportForReconPipelineReportHandler] INFO pipeline.PipelineStateManager: Created pipeline Pipeline[ Id: 12e3e50a-4863-46bc-989c-385d04f31f6a, Nodes: e179e11b-6b43-4a29-8a5d-23c27f1aa8a8{ip: 172.25.0.104, host: ozonesecure-om-ha_datanode3_1.ozonesecure-om-ha_ozone_net, networkLocation: /default-rack, certSerialId: null}377fb1b9-c083-47cb-824e-6606eafdb033{ip: 172.25.0.102, host: ozonesecure-om-ha_datanode1_1.ozonesecure-om-ha_ozone_net, networkLocation: /default-rack, certSerialId: null}61b89de5-5f32-4019-8aca-97dc674657c8{ip: 172.25.0.103, host: ozonesecure-om-ha_datanode2_1.ozonesecure-om-ha_ozone_net, networkLocation: /default-rack, certSerialId: null}, Type:RATIS, Factor:THREE, State:ALLOCATED, leaderId:, CreationTimestamp2020-07-27T10:36:47.456Z]
om3_1        | 2020-07-27 10:37:03,367 [pool-18-thread-1] INFO server.RaftServerConfigKeys: raft.server.storage.dir = [/data/metadata/ratis] (custom)
s3g_1        | Keytab name: FILE:/etc/security/keytabs/testuser.keytab
scm_1        | Download testuser2/scm@EXAMPLE.COM keytab file to /etc/security/keytabs/testuser2.keytab
recon_1      | 2020-07-27 10:36:51,233 [EventQueue-PipelineReportForReconPipelineReportHandler] INFO scm.ReconPipelineReportHandler: Pipeline THREE PipelineID=12e3e50a-4863-46bc-989c-385d04f31f6a reported by 61b89de5-5f32-4019-8aca-97dc674657c8{ip: 172.25.0.103, host: ozonesecure-om-ha_datanode2_1.ozonesecure-om-ha_ozone_net, networkLocation: /default-rack, certSerialId: 3815467648901}
om3_1        | 2020-07-27 10:37:03,435 [pool-18-thread-1] INFO server.RaftServerConfigKeys: raft.server.log.corruption.policy = EXCEPTION (default)
s3g_1        | KVNO Timestamp         Principal
scm_1        | --2020-07-27 10:35:50--  http://kdc:8081/keytab/scm/testuser2
recon_1      | 2020-07-27 10:36:51,565 [EventQueue-PipelineReportForReconPipelineReportHandler] INFO scm.ReconPipelineReportHandler: Unknown pipeline PipelineID=ababedfe-cb3c-4b91-bfcc-c90fc796371a. Trying to get from SCM.
om3_1        | 2020-07-27 10:37:03,437 [pool-18-thread-1] INFO storage.RaftStorageDirectory: The storage directory /data/metadata/ratis/fafe1b60-c241-37cc-98f4-562213e44849 does not exist. Creating ...
s3g_1        | ---- ----------------- --------------------------------------------------------
scm_1        | Resolving kdc (kdc)... 172.25.0.100
recon_1      | 2020-07-27 10:36:51,567 [EventQueue-PipelineReportForReconPipelineReportHandler] INFO scm.ReconPipelineReportHandler: Adding new pipeline Pipeline[ Id: ababedfe-cb3c-4b91-bfcc-c90fc796371a, Nodes: 377fb1b9-c083-47cb-824e-6606eafdb033{ip: 172.25.0.102, host: ozonesecure-om-ha_datanode1_1.ozonesecure-om-ha_ozone_net, networkLocation: /default-rack, certSerialId: null}, Type:RATIS, Factor:ONE, State:OPEN, leaderId:377fb1b9-c083-47cb-824e-6606eafdb033, CreationTimestamp2020-07-27T10:36:47.441Z] to Recon pipeline metadata.
om3_1        | 2020-07-27 10:37:03,538 [pool-18-thread-1] INFO storage.RaftStorageDirectory: Lock on /data/metadata/ratis/fafe1b60-c241-37cc-98f4-562213e44849/in_use.lock acquired by nodename 6@om3
s3g_1        |    2 07/27/20 10:35:48 testuser/s3g@EXAMPLE.COM
scm_1        | Connecting to kdc (kdc)|172.25.0.100|:8081... connected.
recon_1      | 2020-07-27 10:36:51,568 [EventQueue-PipelineReportForReconPipelineReportHandler] INFO pipeline.PipelineStateManager: Created pipeline Pipeline[ Id: ababedfe-cb3c-4b91-bfcc-c90fc796371a, Nodes: 377fb1b9-c083-47cb-824e-6606eafdb033{ip: 172.25.0.102, host: ozonesecure-om-ha_datanode1_1.ozonesecure-om-ha_ozone_net, networkLocation: /default-rack, certSerialId: null}, Type:RATIS, Factor:ONE, State:OPEN, leaderId:377fb1b9-c083-47cb-824e-6606eafdb033, CreationTimestamp2020-07-27T10:36:47.441Z]
om3_1        | 2020-07-27 10:37:03,650 [pool-18-thread-1] INFO storage.RaftStorage: Storage directory /data/metadata/ratis/fafe1b60-c241-37cc-98f4-562213e44849 has been successfully formatted.
s3g_1        |    2 07/27/20 10:35:48 testuser/s3g@EXAMPLE.COM
scm_1        | HTTP request sent, awaiting response... 200 OK
recon_1      | 2020-07-27 10:36:51,674 [pool-13-thread-1] INFO ipc.Client: Retrying connect to server: om1/172.25.0.111:9862. Already tried 3 time(s); retry policy is RetryUpToMaximumCountWithFixedSleep(maxRetries=10, sleepTime=1000 MILLISECONDS)
om3_1        | 2020-07-27 10:37:03,652 [pool-18-thread-1] INFO server.RaftServerConfigKeys: raft.server.notification.no-leader.timeout = 120s (custom)
s3g_1        | No '-XX:...' jvm parameters are set. Adding safer GC settings '-XX:ParallelGCThreads=8 -XX:+UseConcMarkSweepGC -XX:CMSInitiatingOccupancyFraction=70 -XX:+CMSParallelRemarkEnabled' to the HADOOP_OPTS
scm_1        | Length: 154 [application/octet-stream]
recon_1      | 2020-07-27 10:36:51,923 [EventQueue-PipelineReportForReconPipelineReportHandler] INFO scm.ReconPipelineReportHandler: Pipeline THREE PipelineID=12e3e50a-4863-46bc-989c-385d04f31f6a reported by 377fb1b9-c083-47cb-824e-6606eafdb033{ip: 172.25.0.102, host: ozonesecure-om-ha_datanode1_1.ozonesecure-om-ha_ozone_net, networkLocation: /default-rack, certSerialId: 3815178023116}
om3_1        | 2020-07-27 10:37:03,667 [pool-18-thread-1] INFO server.RaftServerConfigKeys: raft.server.log.use.memory = false (default)
scm_1        | Saving to: '/etc/security/keytabs/testuser2.keytab'
om3_1        | 2020-07-27 10:37:03,712 [pool-18-thread-1] INFO server.RaftServerConfigKeys: raft.server.log.purge.gap = 1000000 (custom)
s3g_1        | OpenJDK 64-Bit Server VM warning: Option UseConcMarkSweepGC was deprecated in version 9.0 and will likely be removed in a future release.
recon_1      | 2020-07-27 10:36:52,675 [pool-13-thread-1] INFO ipc.Client: Retrying connect to server: om1/172.25.0.111:9862. Already tried 4 time(s); retry policy is RetryUpToMaximumCountWithFixedSleep(maxRetries=10, sleepTime=1000 MILLISECONDS)
scm_1        | 
om3_1        | 2020-07-27 10:37:03,769 [pool-18-thread-1] INFO metrics.RatisMetrics: Creating Metrics Registry : ratis.log_worker.om3@group-562213E44849
s3g_1        | WARNING: An illegal reflective access operation has occurred
recon_1      | 2020-07-27 10:36:53,677 [pool-13-thread-1] INFO ipc.Client: Retrying connect to server: om1/172.25.0.111:9862. Already tried 5 time(s); retry policy is RetryUpToMaximumCountWithFixedSleep(maxRetries=10, sleepTime=1000 MILLISECONDS)
scm_1        |      0K                                                       100% 21.3M=0s
om3_1        | 2020-07-27 10:37:03,850 [pool-18-thread-1] INFO server.RaftServerConfigKeys: raft.server.log.appender.buffer.byte-limit = 33554432 (custom)
s3g_1        | WARNING: Illegal reflective access by org.apache.hadoop.security.authentication.util.KerberosUtil (file:/opt/hadoop/share/ozone/lib/hadoop-auth-3.2.1.jar) to method sun.security.krb5.Config.getInstance()
recon_1      | 2020-07-27 10:36:54,677 [pool-13-thread-1] INFO ipc.Client: Retrying connect to server: om1/172.25.0.111:9862. Already tried 6 time(s); retry policy is RetryUpToMaximumCountWithFixedSleep(maxRetries=10, sleepTime=1000 MILLISECONDS)
scm_1        | 
om3_1        | 2020-07-27 10:37:03,852 [pool-18-thread-1] INFO server.RaftServerConfigKeys: raft.server.log.segment.size.max = 4194304 (custom)
s3g_1        | WARNING: Please consider reporting this to the maintainers of org.apache.hadoop.security.authentication.util.KerberosUtil
recon_1      | 2020-07-27 10:36:55,678 [pool-13-thread-1] INFO ipc.Client: Retrying connect to server: om1/172.25.0.111:9862. Already tried 7 time(s); retry policy is RetryUpToMaximumCountWithFixedSleep(maxRetries=10, sleepTime=1000 MILLISECONDS)
scm_1        | 2020-07-27 10:35:50 (21.3 MB/s) - '/etc/security/keytabs/testuser2.keytab' saved [154/154]
om3_1        | 2020-07-27 10:37:03,949 [pool-18-thread-1] INFO server.RaftServerConfigKeys: raft.server.log.segment.cache.num.max = 2 (custom)
s3g_1        | WARNING: Use --illegal-access=warn to enable warnings of further illegal reflective access operations
recon_1      | 2020-07-27 10:36:55,731 [EventQueue-PipelineReportForReconPipelineReportHandler] INFO scm.ReconPipelineReportHandler: Pipeline THREE PipelineID=12e3e50a-4863-46bc-989c-385d04f31f6a reported by e179e11b-6b43-4a29-8a5d-23c27f1aa8a8{ip: 172.25.0.104, host: ozonesecure-om-ha_datanode3_1.ozonesecure-om-ha_ozone_net, networkLocation: /default-rack, certSerialId: 3815159288547}
scm_1        | 
om3_1        | 2020-07-27 10:37:03,972 [pool-18-thread-1] INFO segmented.SegmentedRaftLogWorker: new om3@group-562213E44849-SegmentedRaftLogWorker for RaftStorage:Storage Directory /data/metadata/ratis/fafe1b60-c241-37cc-98f4-562213e44849
