om_1        | No '-XX:...' jvm parameters are set. Adding safer GC settings '-XX:ParallelGCThreads=8 -XX:+UseConcMarkSweepGC -XX:CMSInitiatingOccupancyFraction=70 -XX:+CMSParallelRemarkEnabled' to the HADOOP_OPTS
datanode_2  | 2020-12-23 13:25:58,669 [pool-19-thread-1] INFO metrics.RatisMetrics: Creating Metrics Registry : ratis.state_machine.8aa13868-4f86-432f-bc59-c006836fe3c0@group-ED2773930304
scm_1       | STARTUP_MSG:   java = 11.0.7
datanode_1  | 2020-12-23 13:25:45,442 [main] INFO server.RaftServerConfigKeys: raft.server.rpc.request.timeout = 60s (custom)
datanode_3  | 2020-12-23 13:25:58,496 [pool-19-thread-1] INFO server.RaftServerConfigKeys: raft.server.log.segment.size.max = 1048576 (custom)
om_1        | OpenJDK 64-Bit Server VM warning: Option UseConcMarkSweepGC was deprecated in version 9.0 and will likely be removed in a future release.
datanode_2  | 2020-12-23 13:25:58,815 [Command processor thread] INFO commandhandler.CreatePipelineCommandHandler: Created Pipeline RATIS ONE PipelineID=c069f1c7-02cb-435d-86e5-ed2773930304.
scm_1       | ************************************************************/
datanode_1  | 2020-12-23 13:25:46,205 [main] INFO impl.DataStreamServerImpl: raft.datastream.type = DISABLED (default)
datanode_3  | 2020-12-23 13:25:58,499 [pool-19-thread-1] INFO server.RaftServerConfigKeys: raft.server.log.preallocated.size = 16384 (custom)
om_1        | 2020-12-23 13:25:58,034 [main] INFO om.OzoneManagerStarter: STARTUP_MSG: 
datanode_2  | 2020-12-23 13:25:58,821 [Command processor thread] INFO server.RaftServer: 8aa13868-4f86-432f-bc59-c006836fe3c0: addNew group-FEDA3F9DAF0E:[a7903997-e62d-46d6-887b-8868c4fee666|rpc:172.18.0.7:9858, 97290f10-1684-4ade-8b06-a47946d5d456|rpc:172.18.0.5:9858, 8aa13868-4f86-432f-bc59-c006836fe3c0|rpc:172.18.0.6:9858] returns group-FEDA3F9DAF0E:java.util.concurrent.CompletableFuture@708ff708[Not completed]
scm_1       | 2020-12-23 13:25:43,847 [main] INFO server.StorageContainerManagerStarter: registered UNIX signal handlers for [TERM, HUP, INT]
datanode_1  | 2020-12-23 13:25:46,212 [main] INFO server.RaftServerConfigKeys: raft.server.rpc.slowness.timeout = 300s (custom)
datanode_3  | 2020-12-23 13:25:58,499 [pool-19-thread-1] INFO server.RaftServerConfigKeys: raft.server.log.force.sync.num = 128 (default)
om_1        | /************************************************************
datanode_2  | 2020-12-23 13:25:58,847 [pool-19-thread-1] INFO server.RaftServer$Division: 8aa13868-4f86-432f-bc59-c006836fe3c0: new RaftServerImpl for group-FEDA3F9DAF0E:[a7903997-e62d-46d6-887b-8868c4fee666|rpc:172.18.0.7:9858, 97290f10-1684-4ade-8b06-a47946d5d456|rpc:172.18.0.5:9858, 8aa13868-4f86-432f-bc59-c006836fe3c0|rpc:172.18.0.6:9858] with ContainerStateMachine:uninitialized
scm_1       | 2020-12-23 13:25:44,528 [main] WARN server.ServerUtils: ozone.scm.db.dirs is not configured. We recommend adding this setting. Falling back to ozone.metadata.dirs instead.
datanode_1  | 2020-12-23 13:25:46,217 [main] INFO server.RaftServerConfigKeys: raft.server.leaderelection.leader.step-down.wait-time = 10s (default)
datanode_3  | 2020-12-23 13:25:58,501 [pool-19-thread-1] INFO server.RaftServerConfigKeys: raft.server.log.statemachine.data.sync = true (default)
om_1        | STARTUP_MSG: Starting OzoneManager
datanode_2  | 2020-12-23 13:25:58,851 [pool-19-thread-1] INFO server.RaftServerConfigKeys: raft.server.rpc.timeout.min = 5s (custom)
scm_1       | 2020-12-23 13:25:45,828 [main] WARN db.DBStoreBuilder: ozone.scm.db.dirs is not configured. We recommend adding this setting. Falling back to ozone.metadata.dirs instead.
datanode_1  | 2020-12-23 13:25:46,253 [main] INFO server.RaftServerConfigKeys: raft.server.storage.dir = [/data/metadata/ratis] (custom)
datanode_3  | 2020-12-23 13:25:58,503 [pool-19-thread-1] INFO server.RaftServerConfigKeys: raft.server.log.statemachine.data.sync.timeout = 10s (default)
om_1        | STARTUP_MSG:   host = 3f3d76195586/172.18.0.3
datanode_2  | 2020-12-23 13:25:58,851 [pool-19-thread-1] INFO server.RaftServerConfigKeys: raft.server.rpc.timeout.max = 5200ms (custom)
scm_1       | 2020-12-23 13:25:46,729 [main] INFO net.NodeSchemaLoader: Loading file from java.lang.CompoundEnumeration@4d157787
datanode_1  | 2020-12-23 13:25:46,273 [main] WARN server.ServerUtils: Storage directory for Ratis is not configured. It is a good idea to map this to an SSD disk. Falling back to ozone.metadata.dirs
datanode_3  | 2020-12-23 13:25:58,503 [pool-19-thread-1] INFO server.RaftServerConfigKeys: raft.server.log.statemachine.data.sync.timeout.retry = -1 (default)
om_1        | STARTUP_MSG:   args = []
datanode_2  | 2020-12-23 13:25:58,851 [pool-19-thread-1] INFO server.RaftServerConfigKeys: raft.server.rpc.sleep.time = 25ms (default)
scm_1       | 2020-12-23 13:25:46,738 [main] INFO net.NodeSchemaLoader: Loading network topology layer schema file
datanode_1  | 2020-12-23 13:25:46,836 [main] INFO http.BaseHttpServer: Starting Web-server for hddsDatanode at: http://0.0.0.0:9882
datanode_3  | 2020-12-23 13:25:58,585 [pool-19-thread-1] INFO server.RaftServerConfigKeys: raft.server.log.write.buffer.size = 1048576 (custom)
om_1        | STARTUP_MSG:   version = 1.1.0-SNAPSHOT
datanode_2  | 2020-12-23 13:25:58,851 [pool-19-thread-1] INFO server.RaftServerConfigKeys: raft.server.rpc.slowness.timeout = 300s (custom)
scm_1       | 2020-12-23 13:25:48,008 [main] INFO node.SCMNodeManager: Entering startup safe mode.
datanode_1  | 2020-12-23 13:25:46,900 [main] INFO http.BaseHttpServer: Hadoop Security Enabled: false Ozone Security Enabled: false Ozone HTTP Security Enabled: false 
datanode_3  | 2020-12-23 13:25:58,590 [pool-19-thread-1] INFO server.RaftServerConfigKeys: raft.server.log.statemachine.data.caching.enabled = true (custom)
datanode_2  | 2020-12-23 13:25:58,851 [pool-19-thread-1] INFO server.RaftServerConfigKeys: raft.server.leaderelection.leader.step-down.wait-time = 10s (default)
scm_1       | 2020-12-23 13:25:48,835 [main] INFO algorithms.ContainerPlacementPolicyFactory: Create container placement policy of type org.apache.hadoop.hdds.scm.container.placement.algorithms.SCMContainerPlacementRandom
om_1        | STARTUP_MSG:   classpath = /etc/hadoop:/opt/hadoop/share/hadoop/common/*:/opt/hadoop/share/ozone/lib/hadoop-ozone-interface-client-1.1.0-SNAPSHOT.jar:/opt/hadoop/share/ozone/lib/kerb-simplekdc-1.0.1.jar:/opt/hadoop/share/ozone/lib/okhttp-4.2.2.jar:/opt/hadoop/share/ozone/lib/jackson-databind-2.10.3.jar:/opt/hadoop/share/ozone/lib/protobuf-java-2.5.0.jar:/opt/hadoop/share/ozone/lib/slf4j-log4j12-1.7.30.jar:/opt/hadoop/share/ozone/lib/jetty-util-ajax-9.4.34.v20201102.jar:/opt/hadoop/share/ozone/lib/log4j-api-2.13.3.jar:/opt/hadoop/share/ozone/lib/commons-validator-1.6.jar:/opt/hadoop/share/ozone/lib/bcpkix-jdk15on-1.67.jar:/opt/hadoop/share/ozone/lib/kotlin-stdlib-common-1.3.50.jar:/opt/hadoop/share/ozone/lib/kerb-core-1.0.1.jar:/opt/hadoop/share/ozone/lib/picocli-4.4.0.jar:/opt/hadoop/share/ozone/lib/jsr305-3.0.0.jar:/opt/hadoop/share/ozone/lib/hadoop-ozone-client-1.1.0-SNAPSHOT.jar:/opt/hadoop/share/ozone/lib/j2objc-annotations-1.3.jar:/opt/hadoop/share/ozone/lib/jetty-http-9.4.34.v20201102.jar:/opt/hadoop/share/ozone/lib/leveldbjni-all-1.8.jar:/opt/hadoop/share/ozone/lib/hadoop-auth-3.2.1.jar:/opt/hadoop/share/ozone/lib/jaeger-tracerresolver-1.2.0.jar:/opt/hadoop/share/ozone/lib/hadoop-hdds-interface-server-1.1.0-SNAPSHOT.jar:/opt/hadoop/share/ozone/lib/htrace-core4-4.1.0-incubating.jar:/opt/hadoop/share/ozone/lib/kerb-util-1.0.1.jar:/opt/hadoop/share/ozone/lib/jetty-server-9.4.34.v20201102.jar:/opt/hadoop/share/ozone/lib/ratis-metrics-1.1.0-c5eafb9-SNAPSHOT.jar:/opt/hadoop/share/ozone/lib/jaeger-thrift-1.2.0.jar:/opt/hadoop/share/ozone/lib/commons-logging-1.2.jar:/opt/hadoop/share/ozone/lib/jetty-xml-9.4.34.v20201102.jar:/opt/hadoop/share/ozone/lib/kerby-xdr-1.0.1.jar:/opt/hadoop/share/ozone/lib/jetty-io-9.4.34.v20201102.jar:/opt/hadoop/share/ozone/lib/ratis-server-1.1.0-c5eafb9-SNAPSHOT.jar:/opt/hadoop/share/ozone/lib/httpcore-4.4.13.jar:/opt/hadoop/share/ozone/lib/opentracing-tracerresolver-0.1.8.jar:/opt/hadoop/share/ozone/lib/commons-net-3.6.jar:/opt/hadoop/share/ozone/lib/snakeyaml-1.26.jar:/opt/hadoop/share/ozone/lib/jaeger-core-1.2.0.jar:/opt/hadoop/share/ozone/lib/error_prone_annotations-2.2.0.jar:/opt/hadoop/share/ozone/lib/jetty-webapp-9.4.34.v20201102.jar:/opt/hadoop/share/ozone/lib/ratis-thirdparty-misc-0.6.0-SNAPSHOT.jar:/opt/hadoop/share/ozone/lib/httpclient-4.5.13.jar:/opt/hadoop/share/ozone/lib/kerby-config-1.0.1.jar:/opt/hadoop/share/ozone/lib/okio-2.2.2.jar:/opt/hadoop/share/ozone/lib/ratis-netty-1.1.0-c5eafb9-SNAPSHOT.jar:/opt/hadoop/share/ozone/lib/metrics-core-3.2.4.jar:/opt/hadoop/share/ozone/lib/guava-28.2-jre.jar:/opt/hadoop/share/ozone/lib/kerby-pkix-1.0.1.jar:/opt/hadoop/share/ozone/lib/xz-1.0.jar:/opt/hadoop/share/ozone/lib/ratis-client-1.1.0-c5eafb9-SNAPSHOT.jar:/opt/hadoop/share/ozone/lib/jsr311-api-1.1.1.jar:/opt/hadoop/share/ozone/lib/hadoop-hdds-client-1.1.0-SNAPSHOT.jar:/opt/hadoop/share/ozone/lib/jetty-servlet-9.4.34.v20201102.jar:/opt/hadoop/share/ozone/lib/commons-beanutils-1.9.4.jar:/opt/hadoop/share/ozone/lib/javax.servlet-api-3.1.0.jar:/opt/hadoop/share/ozone/lib/kerb-server-1.0.1.jar:/opt/hadoop/share/ozone/lib/kerb-client-1.0.1.jar:/opt/hadoop/share/ozone/lib/disruptor-3.4.2.jar:/opt/hadoop/share/ozone/lib/libthrift-0.13.0.jar:/opt/hadoop/share/ozone/lib/log4j-core-2.13.3.jar:/opt/hadoop/share/ozone/lib/annotations-13.0.jar:/opt/hadoop/share/ozone/lib/ratis-proto-1.1.0-c5eafb9-SNAPSHOT.jar:/opt/hadoop/share/ozone/lib/simpleclient_common-0.7.0.jar:/opt/hadoop/share/ozone/lib/dnsjava-2.1.7.jar:/opt/hadoop/share/ozone/lib/bcprov-jdk15on-1.67.jar:/opt/hadoop/share/ozone/lib/jackson-annotations-2.10.3.jar:/opt/hadoop/share/ozone/lib/hadoop-ozone-interface-storage-1.1.0-SNAPSHOT.jar:/opt/hadoop/share/ozone/lib/commons-configuration2-2.1.1.jar:/opt/hadoop/share/ozone/lib/json-smart-2.3.jar:/opt/hadoop/share/ozone/lib/token-provider-1.0.1.jar:/opt/hadoop/share/ozone/lib/log4j-1.2.17.jar:/opt/hadoop/share/ozone/lib/commons-daemon-1.0.13.jar:/opt/hadoop/share/ozone/lib/listenablefuture-9999.0-empty-to-avoid-conflict-with-guava.jar:/opt/hadoop/share/ozone/lib/jetty-security-9.4.34.v20201102.jar:/opt/hadoop/share/ozone/lib/hadoop-hdds-config-1.1.0-SNAPSHOT.jar:/opt/hadoop/share/ozone/lib/hadoop-hdds-common-1.1.0-SNAPSHOT.jar:/opt/hadoop/share/ozone/lib/hadoop-hdfs-client-3.2.1.jar:/opt/hadoop/share/ozone/lib/commons-lang3-3.7.jar:/opt/hadoop/share/ozone/lib/commons-compress-1.4.1.jar:/opt/hadoop/share/ozone/lib/accessors-smart-1.2.jar:/opt/hadoop/share/ozone/lib/re2j-1.1.jar:/opt/hadoop/share/ozone/lib/hadoop-hdfs-3.2.1.jar:/opt/hadoop/share/ozone/lib/commons-math3-3.1.1.jar:/opt/hadoop/share/ozone/lib/simpleclient_dropwizard-0.7.0.jar:/opt/hadoop/share/ozone/lib/simpleclient-0.7.0.jar:/opt/hadoop/share/ozone/lib/hadoop-common-3.2.1.jar:/opt/hadoop/share/ozone/lib/rocksdbjni-6.8.1.jar:/opt/hadoop/share/ozone/lib/asm-5.0.4.jar:/opt/hadoop/share/ozone/lib/kerby-util-1.0.1.jar:/opt/hadoop/share/ozone/lib/failureaccess-1.0.1.jar:/opt/hadoop/share/ozone/lib/jsp-api-2.1.jar:/opt/hadoop/share/ozone/lib/jsch-0.1.54.jar:/opt/hadoop/share/ozone/lib/slf4j-api-1.7.30.jar:/opt/hadoop/share/ozone/lib/nimbus-jose-jwt-7.9.jar:/opt/hadoop/share/ozone/lib/commons-codec-1.11.jar:/opt/hadoop/share/ozone/lib/kotlin-stdlib-1.3.50.jar:/opt/hadoop/share/ozone/lib/jackson-datatype-jsr310-2.10.3.jar:/opt/hadoop/share/ozone/lib/commons-pool2-2.6.0.jar:/opt/hadoop/share/ozone/lib/gson-2.2.4.jar:/opt/hadoop/share/ozone/lib/opentracing-api-0.33.0.jar:/opt/hadoop/share/ozone/lib/jcip-annotations-1.0-1.jar:/opt/hadoop/share/ozone/lib/kerb-admin-1.0.1.jar:/opt/hadoop/share/ozone/lib/ratis-grpc-1.1.0-c5eafb9-SNAPSHOT.jar:/opt/hadoop/share/ozone/lib/commons-io-2.5.jar:/opt/hadoop/share/ozone/lib/opentracing-noop-0.33.0.jar:/opt/hadoop/share/ozone/lib/jersey-core-1.19.jar:/opt/hadoop/share/ozone/lib/checker-qual-2.10.0.jar:/opt/hadoop/share/ozone/lib/hadoop-ozone-common-1.1.0-SNAPSHOT.jar:/opt/hadoop/share/ozone/lib/opentracing-util-0.33.0.jar:/opt/hadoop/share/ozone/lib/commons-cli-1.2.jar:/opt/hadoop/share/ozone/lib/woodstox-core-5.0.3.jar:/opt/hadoop/share/ozone/lib/javax.annotation-api-1.2.jar:/opt/hadoop/share/ozone/lib/hadoop-hdds-interface-client-1.1.0-SNAPSHOT.jar:/opt/hadoop/share/ozone/lib/kerby-asn1-1.0.1.jar:/opt/hadoop/share/ozone/lib/hadoop-hdds-hadoop-dependency-client-1.1.0-SNAPSHOT.jar:/opt/hadoop/share/ozone/lib/stax2-api-3.1.4.jar:/opt/hadoop/share/ozone/lib/commons-collections-3.2.2.jar:/opt/hadoop/share/ozone/lib/commons-digester-1.8.1.jar:/opt/hadoop/share/ozone/lib/jackson-core-2.10.3.jar:/opt/hadoop/share/ozone/lib/commons-text-1.4.jar:/opt/hadoop/share/ozone/lib/jetty-util-9.4.34.v20201102.jar:/opt/hadoop/share/ozone/lib/jersey-servlet-1.19.jar:/opt/hadoop/share/ozone/lib/hadoop-hdds-server-framework-1.1.0-SNAPSHOT.jar:/opt/hadoop/share/ozone/lib/kerb-identity-1.0.1.jar:/opt/hadoop/share/ozone/lib/ratis-common-1.1.0-c5eafb9-SNAPSHOT.jar:/opt/hadoop/share/ozone/lib/hadoop-hdds-hadoop-dependency-server-1.1.0-SNAPSHOT.jar:/opt/hadoop/share/ozone/lib/kerb-common-1.0.1.jar:/opt/hadoop/share/ozone/lib/jaeger-client-1.2.0.jar:/opt/hadoop/share/ozone/lib/hadoop-hdds-interface-admin-1.1.0-SNAPSHOT.jar:/opt/hadoop/share/ozone/lib/jersey-server-1.19.jar:/opt/hadoop/share/ozone/lib/kerb-crypto-1.0.1.jar:/opt/hadoop/share/ozone/lib/hadoop-annotations-3.2.1.jar:/opt/hadoop/share/ozone/web:/opt/hadoop/share/ozone/lib/hadoop-ozone-ozone-manager-1.1.0-SNAPSHOT.jar
datanode_1  | 2020-12-23 13:25:47,015 [main] INFO util.log: Logging initialized @19658ms to org.eclipse.jetty.util.log.Slf4jLog
datanode_2  | 2020-12-23 13:25:58,852 [pool-19-thread-1] INFO server.RaftServerConfigKeys: raft.server.sleep.deviation.threshold = 300ms (default)
datanode_3  | 2020-12-23 13:25:58,604 [pool-19-thread-1] INFO segmented.SegmentedRaftLogWorker: 97290f10-1684-4ade-8b06-a47946d5d456@group-9CCEA23973E0-SegmentedRaftLogWorker: flushIndex: setUnconditionally 0 -> -1
scm_1       | 2020-12-23 13:25:49,167 [main] INFO algorithms.LeaderChoosePolicyFactory: Create leader choose policy of type org.apache.hadoop.hdds.scm.pipeline.leader.choose.algorithms.DefaultLeaderChoosePolicy
om_1        | STARTUP_MSG:   build = https://github.com/apache/ozone/08bcaf0bae67a16d9fa5e3e1159a3a12dc0e7a68 ; compiled by 'runner' on 2020-12-23T13:10Z
datanode_1  | 2020-12-23 13:25:47,383 [main] INFO server.AuthenticationFilter: Unable to initialize FileSignerSecretProvider, falling back to use random secrets.
datanode_2  | 2020-12-23 13:25:58,861 [pool-19-thread-1] INFO server.RaftServerConfigKeys: raft.server.log.appender.install.snapshot.enabled = false (custom)
datanode_3  | 2020-12-23 13:25:58,610 [pool-19-thread-1] INFO segmented.SegmentedRaftLogWorker: 97290f10-1684-4ade-8b06-a47946d5d456@group-9CCEA23973E0-SegmentedRaftLogWorker: safeCacheEvictIndex: setUnconditionally 0 -> -1
scm_1       | 2020-12-23 13:25:49,171 [main] INFO pipeline.SCMPipelineManager: No pipeline exists in current db
om_1        | STARTUP_MSG:   java = 11.0.7
datanode_1  | 2020-12-23 13:25:47,401 [main] INFO http.HttpRequestLog: Http request log for http.requests.hddsDatanode is not defined
datanode_2  | 2020-12-23 13:25:58,863 [pool-19-thread-1] INFO server.RaftServer$Division: 8aa13868-4f86-432f-bc59-c006836fe3c0@group-FEDA3F9DAF0E: ConfigurationManager, init=-1: [a7903997-e62d-46d6-887b-8868c4fee666|rpc:172.18.0.7:9858, 97290f10-1684-4ade-8b06-a47946d5d456|rpc:172.18.0.5:9858, 8aa13868-4f86-432f-bc59-c006836fe3c0|rpc:172.18.0.6:9858], old=null, confs=<EMPTY_MAP>
datanode_3  | 2020-12-23 13:25:58,636 [pool-19-thread-1] INFO server.RaftServerConfigKeys: raft.server.snapshot.auto.trigger.enabled = true (custom)
scm_1       | 2020-12-23 13:25:49,457 [main] INFO algorithms.PipelineChoosePolicyFactory: Create pipeline choose policy of type org.apache.hadoop.hdds.scm.pipeline.choose.algorithms.RandomPipelineChoosePolicy
om_1        | ************************************************************/
datanode_1  | 2020-12-23 13:25:47,420 [main] INFO http.HttpServer2: Added global filter 'safety' (class=org.apache.hadoop.hdds.server.http.HttpServer2$QuotingInputFilter)
datanode_2  | 2020-12-23 13:25:58,863 [pool-19-thread-1] INFO server.RaftServerConfigKeys: raft.server.storage.dir = [/data/metadata/ratis] (custom)
datanode_3  | 2020-12-23 13:25:58,640 [pool-19-thread-1] INFO server.RaftServerConfigKeys: raft.server.snapshot.auto.trigger.threshold = 10000 (custom)
scm_1       | 2020-12-23 13:25:49,818 [main] INFO safemode.HealthyPipelineSafeModeRule: Total pipeline count is 0, healthy pipeline threshold count is 0
om_1        | 2020-12-23 13:25:58,154 [main] INFO om.OzoneManagerStarter: registered UNIX signal handlers for [TERM, HUP, INT]
datanode_1  | 2020-12-23 13:25:47,428 [main] INFO http.HttpServer2: Added filter static_user_filter (class=org.apache.hadoop.http.lib.StaticUserWebFilter$StaticUserFilter) to context hddsDatanode
datanode_2  | 2020-12-23 13:25:58,864 [pool-19-thread-1] INFO server.RaftServerConfigKeys: raft.server.log.corruption.policy = EXCEPTION (default)
datanode_3  | 2020-12-23 13:25:58,641 [pool-19-thread-1] INFO server.RaftServerConfigKeys: raft.server.snapshot.retention.file.num = 5 (custom)
scm_1       | 2020-12-23 13:25:49,836 [main] INFO safemode.OneReplicaPipelineSafeModeRule: Total pipeline count is 0, pipeline's with at least one datanode reported threshold count is 0
om_1        | 2020-12-23 13:26:02,087 [main] INFO ha.OMHANodeDetails: ozone.om.internal.service.id is not defined, falling back to ozone.om.service.ids to find serviceID for OzoneManager if it is HA enabled cluster
datanode_1  | 2020-12-23 13:25:47,430 [main] INFO http.HttpServer2: Added filter static_user_filter (class=org.apache.hadoop.http.lib.StaticUserWebFilter$StaticUserFilter) to context static
datanode_2  | 2020-12-23 13:25:58,864 [pool-19-thread-1] INFO storage.RaftStorageDirectory: The storage directory /data/metadata/ratis/886ae2f6-5732-4492-bf0a-feda3f9daf0e does not exist. Creating ...
datanode_3  | 2020-12-23 13:25:58,643 [pool-19-thread-1] INFO server.RaftServerConfigKeys: raft.server.log.purge.upto.snapshot.index = false (default)
scm_1       | 2020-12-23 13:25:51,741 [main] INFO ipc.CallQueueManager: Using callQueue: class java.util.concurrent.LinkedBlockingQueue, queueCapacity: 10000, scheduler: class org.apache.hadoop.ipc.DefaultRpcScheduler, ipcBackoff: false.
om_1        | 2020-12-23 13:26:02,217 [main] INFO ha.OMHANodeDetails: Configuration either no ozone.om.address set. Falling back to the default OM address om/172.18.0.3:9862
datanode_1  | 2020-12-23 13:25:47,430 [main] INFO http.HttpServer2: Added filter static_user_filter (class=org.apache.hadoop.http.lib.StaticUserWebFilter$StaticUserFilter) to context logs
datanode_2  | 2020-12-23 13:25:58,866 [pool-19-thread-1] INFO storage.RaftStorageDirectory: Lock on /data/metadata/ratis/886ae2f6-5732-4492-bf0a-feda3f9daf0e/in_use.lock acquired by nodename 6@7f0df581a876
datanode_3  | 2020-12-23 13:25:58,654 [pool-19-thread-1] INFO server.RaftServerConfigKeys: raft.server.retrycache.expirytime = 600000ms (custom)
scm_1       | 2020-12-23 13:25:51,781 [Socket Reader #1 for port 9861] INFO ipc.Server: Starting Socket Reader #1 for port 9861
om_1        | 2020-12-23 13:26:02,217 [main] INFO ha.OMHANodeDetails: OM Service ID is not set. Setting it to the default ID: omServiceIdDefault
datanode_1  | 2020-12-23 13:25:47,552 [main] INFO http.HttpServer2: Jetty bound to port 9882
datanode_2  | 2020-12-23 13:25:58,875 [pool-19-thread-1] INFO storage.RaftStorage: Storage directory /data/metadata/ratis/886ae2f6-5732-4492-bf0a-feda3f9daf0e has been successfully formatted.
datanode_3  | 2020-12-23 13:25:58,660 [pool-19-thread-1] INFO server.RaftServerConfigKeys: raft.server.retrycache.statistics.expirytime = 100?s (default)
scm_1       | 2020-12-23 13:25:51,820 [Listener at 0.0.0.0/9861] INFO ipc.CallQueueManager: Using callQueue: class java.util.concurrent.LinkedBlockingQueue, queueCapacity: 10000, scheduler: class org.apache.hadoop.ipc.DefaultRpcScheduler, ipcBackoff: false.
om_1        | 2020-12-23 13:26:02,238 [main] WARN server.ServerUtils: ozone.om.db.dirs is not configured. We recommend adding this setting. Falling back to ozone.metadata.dirs instead.
datanode_1  | 2020-12-23 13:25:47,560 [main] INFO server.Server: jetty-9.4.34.v20201102; built: 2020-11-02T14:15:39.302Z; git: e46af88704a893fc12cb0e3bf46e2c7b48a009e7; jvm 11.0.7+10-LTS
datanode_2  | 2020-12-23 13:25:58,882 [pool-19-thread-1] INFO ratis.ContainerStateMachine: group-FEDA3F9DAF0E: The snapshot info is null. Setting the last applied indexto:(t:0, i:~)
datanode_3  | 2020-12-23 13:25:58,738 [pool-19-thread-1] INFO metrics.RatisMetrics: Creating Metrics Registry : ratis.leader_election.97290f10-1684-4ade-8b06-a47946d5d456@group-9CCEA23973E0
scm_1       | 2020-12-23 13:25:51,821 [Socket Reader #1 for port 9863] INFO ipc.Server: Starting Socket Reader #1 for port 9863
om_1        | 2020-12-23 13:26:02,261 [main] WARN server.ServerUtils: ozone.om.db.dirs is not configured. We recommend adding this setting. Falling back to ozone.metadata.dirs instead.
datanode_1  | 2020-12-23 13:25:47,740 [main] INFO server.session: DefaultSessionIdManager workerName=node0
datanode_2  | 2020-12-23 13:25:58,883 [pool-19-thread-1] ERROR storage.RaftStorage: Failed reading configuration from file:/data/metadata/ratis/886ae2f6-5732-4492-bf0a-feda3f9daf0e/current/raft-meta.conf
datanode_3  | 2020-12-23 13:25:58,761 [pool-19-thread-1] INFO metrics.RatisMetrics: Creating Metrics Registry : ratis.server.97290f10-1684-4ade-8b06-a47946d5d456@group-9CCEA23973E0
scm_1       | 2020-12-23 13:25:51,890 [Listener at 0.0.0.0/9863] INFO ipc.CallQueueManager: Using callQueue: class java.util.concurrent.LinkedBlockingQueue, queueCapacity: 10000, scheduler: class org.apache.hadoop.ipc.DefaultRpcScheduler, ipcBackoff: false.
om_1        | 2020-12-23 13:26:04,967 [main] WARN server.ServerUtils: ozone.om.db.dirs is not configured. We recommend adding this setting. Falling back to ozone.metadata.dirs instead.
datanode_1  | 2020-12-23 13:25:47,740 [main] INFO server.session: No SessionScavenger set, using defaults
datanode_2  | java.io.FileNotFoundException: /data/metadata/ratis/886ae2f6-5732-4492-bf0a-feda3f9daf0e/current/raft-meta.conf (No such file or directory)
datanode_3  | 2020-12-23 13:25:58,803 [pool-19-thread-1] INFO server.RaftServer$Division: 97290f10-1684-4ade-8b06-a47946d5d456@group-9CCEA23973E0: start as a follower, conf=-1: [97290f10-1684-4ade-8b06-a47946d5d456|rpc:172.18.0.5:9858], old=null
scm_1       | 2020-12-23 13:25:51,894 [Socket Reader #1 for port 9860] INFO ipc.Server: Starting Socket Reader #1 for port 9860
datanode_2  | 	at java.base/java.io.FileInputStream.open0(Native Method)
datanode_3  | 2020-12-23 13:25:58,804 [pool-19-thread-1] INFO server.RaftServer$Division: 97290f10-1684-4ade-8b06-a47946d5d456@group-9CCEA23973E0: changes role from      null to FOLLOWER at term 0 for startAsFollower
scm_1       | 2020-12-23 13:25:51,929 [Listener at 0.0.0.0/9860] INFO http.BaseHttpServer: Starting Web-server for scm at: http://0.0.0.0:9876
om_1        | 2020-12-23 13:26:05,298 [main] INFO codec.OmKeyInfoCodec: OmKeyInfoCodec ignorePipeline = true
datanode_1  | 2020-12-23 13:25:47,752 [main] INFO server.session: node0 Scavenging every 600000ms
datanode_2  | 	at java.base/java.io.FileInputStream.open(FileInputStream.java:219)
datanode_3  | 2020-12-23 13:25:58,805 [pool-19-thread-1] INFO impl.RoleInfo: 97290f10-1684-4ade-8b06-a47946d5d456: start 97290f10-1684-4ade-8b06-a47946d5d456@group-9CCEA23973E0-FollowerState
scm_1       | 2020-12-23 13:25:51,929 [Listener at 0.0.0.0/9860] INFO http.BaseHttpServer: Hadoop Security Enabled: false Ozone Security Enabled: false Ozone HTTP Security Enabled: false 
om_1        | 2020-12-23 13:26:05,319 [main] INFO codec.RepeatedOmKeyInfoCodec: RepeatedOmKeyInfoCodec ignorePipeline = true
datanode_1  | 2020-12-23 13:25:47,781 [main] INFO handler.ContextHandler: Started o.e.j.s.ServletContextHandler@35becbd4{logs,/logs,file:///var/log/hadoop/,AVAILABLE}
datanode_2  | 	at java.base/java.io.FileInputStream.<init>(FileInputStream.java:157)
datanode_3  | 2020-12-23 13:25:58,823 [pool-19-thread-1] INFO util.JmxRegister: Successfully registered JMX Bean with object name Ratis:service=RaftServer,group=group-9CCEA23973E0,id=97290f10-1684-4ade-8b06-a47946d5d456
scm_1       | 2020-12-23 13:25:51,967 [Listener at 0.0.0.0/9860] INFO util.log: Logging initialized @18520ms to org.eclipse.jetty.util.log.Slf4jLog
om_1        | 2020-12-23 13:26:05,861 [main] INFO om.OzoneManager: Created Volume s3v With Owner hadoop required for S3Gateway operations.
datanode_1  | 2020-12-23 13:25:47,787 [main] INFO handler.ContextHandler: Started o.e.j.s.ServletContextHandler@6b751cb1{static,/static,jar:file:/opt/hadoop/share/ozone/lib/hadoop-hdds-container-service-1.1.0-SNAPSHOT.jar!/webapps/static,AVAILABLE}
datanode_2  | 	at org.apache.ratis.server.storage.RaftStorage.readRaftConfiguration(RaftStorage.java:148)
datanode_3  | 2020-12-23 13:25:58,825 [pool-19-thread-1] INFO metrics.RatisMetrics: Creating Metrics Registry : ratis.state_machine.97290f10-1684-4ade-8b06-a47946d5d456@group-9CCEA23973E0
scm_1       | 2020-12-23 13:25:52,080 [Listener at 0.0.0.0/9860] INFO server.AuthenticationFilter: Unable to initialize FileSignerSecretProvider, falling back to use random secrets.
om_1        | 2020-12-23 13:26:05,952 [main] INFO ipc.CallQueueManager: Using callQueue: class java.util.concurrent.LinkedBlockingQueue, queueCapacity: 10000, scheduler: class org.apache.hadoop.ipc.DefaultRpcScheduler, ipcBackoff: false.
datanode_1  | 2020-12-23 13:25:48,154 [main] INFO handler.ContextHandler: Started o.e.j.w.WebAppContext@2d230cff{hddsDatanode,/,file:///tmp/jetty-0_0_0_0-9882-hadoop-hdds-container-service-1_1_0-SNAPSHOT_jar-_-any-10888821700877524065/webapp/,AVAILABLE}{jar:file:/opt/hadoop/share/ozone/lib/hadoop-hdds-container-service-1.1.0-SNAPSHOT.jar!/webapps/hddsDatanode}
datanode_2  | 	at org.apache.ratis.server.impl.ServerState.initStatemachine(ServerState.java:167)
datanode_3  | 2020-12-23 13:25:58,934 [Command processor thread] INFO commandhandler.CreatePipelineCommandHandler: Created Pipeline RATIS ONE PipelineID=bab73484-6766-4da0-9691-9ccea23973e0.
scm_1       | 2020-12-23 13:25:52,094 [Listener at 0.0.0.0/9860] INFO http.HttpRequestLog: Http request log for http.requests.scm is not defined
om_1        | 2020-12-23 13:26:05,970 [Socket Reader #1 for port 9862] INFO ipc.Server: Starting Socket Reader #1 for port 9862
datanode_1  | 2020-12-23 13:25:48,191 [main] INFO server.AbstractConnector: Started ServerConnector@7a62d697{HTTP/1.1, (http/1.1)}{0.0.0.0:9882}
datanode_2  | 	at org.apache.ratis.server.impl.ServerState.<init>(ServerState.java:112)
datanode_3  | 2020-12-23 13:25:58,941 [Command processor thread] INFO server.RaftServer: 97290f10-1684-4ade-8b06-a47946d5d456: addNew group-FEDA3F9DAF0E:[a7903997-e62d-46d6-887b-8868c4fee666|rpc:172.18.0.7:9858, 97290f10-1684-4ade-8b06-a47946d5d456|rpc:172.18.0.5:9858, 8aa13868-4f86-432f-bc59-c006836fe3c0|rpc:172.18.0.6:9858] returns group-FEDA3F9DAF0E:java.util.concurrent.CompletableFuture@7d98e572[Not completed]
scm_1       | 2020-12-23 13:25:52,100 [Listener at 0.0.0.0/9860] INFO http.HttpServer2: Added global filter 'safety' (class=org.apache.hadoop.hdds.server.http.HttpServer2$QuotingInputFilter)
om_1        | 2020-12-23 13:26:06,240 [Listener at om/9862] INFO impl.MetricsConfig: Loaded properties from hadoop-metrics2.properties
datanode_1  | 2020-12-23 13:25:48,191 [main] INFO server.Server: Started @20841ms
datanode_2  | 	at org.apache.ratis.server.impl.RaftServerImpl.<init>(RaftServerImpl.java:186)
datanode_3  | 2020-12-23 13:25:58,953 [pool-19-thread-1] INFO server.RaftServer$Division: 97290f10-1684-4ade-8b06-a47946d5d456: new RaftServerImpl for group-FEDA3F9DAF0E:[a7903997-e62d-46d6-887b-8868c4fee666|rpc:172.18.0.7:9858, 97290f10-1684-4ade-8b06-a47946d5d456|rpc:172.18.0.5:9858, 8aa13868-4f86-432f-bc59-c006836fe3c0|rpc:172.18.0.6:9858] with ContainerStateMachine:uninitialized
scm_1       | 2020-12-23 13:25:52,101 [Listener at 0.0.0.0/9860] INFO http.HttpServer2: Added filter static_user_filter (class=org.apache.hadoop.http.lib.StaticUserWebFilter$StaticUserFilter) to context scm
om_1        | 2020-12-23 13:26:06,430 [Listener at om/9862] INFO impl.MetricsSystemImpl: Scheduled Metric snapshot period at 10 second(s).
datanode_1  | 2020-12-23 13:25:48,219 [main] INFO impl.MetricsSinkAdapter: Sink prometheus started
datanode_2  | 	at org.apache.ratis.server.impl.RaftServerProxy.lambda$newRaftServerImpl$4(RaftServerProxy.java:264)
datanode_3  | 2020-12-23 13:25:58,966 [pool-19-thread-1] INFO server.RaftServerConfigKeys: raft.server.rpc.timeout.min = 5s (custom)
scm_1       | 2020-12-23 13:25:52,102 [Listener at 0.0.0.0/9860] INFO http.HttpServer2: Added filter static_user_filter (class=org.apache.hadoop.http.lib.StaticUserWebFilter$StaticUserFilter) to context logs
om_1        | 2020-12-23 13:26:06,430 [Listener at om/9862] INFO impl.MetricsSystemImpl: OzoneManager metrics system started
datanode_1  | 2020-12-23 13:25:48,219 [main] INFO impl.MetricsSystemImpl: Registered sink prometheus
datanode_2  | 	at java.base/java.util.concurrent.CompletableFuture$AsyncSupply.run(CompletableFuture.java:1700)
datanode_3  | 2020-12-23 13:25:58,967 [pool-19-thread-1] INFO server.RaftServerConfigKeys: raft.server.rpc.timeout.max = 5200ms (custom)
scm_1       | 2020-12-23 13:25:52,102 [Listener at 0.0.0.0/9860] INFO http.HttpServer2: Added filter static_user_filter (class=org.apache.hadoop.http.lib.StaticUserWebFilter$StaticUserFilter) to context static
om_1        | 2020-12-23 13:26:06,508 [Listener at om/9862] INFO om.OzoneManager: OzoneManager RPC server is listening at om/172.18.0.3:9862
datanode_1  | 2020-12-23 13:25:48,231 [main] INFO http.BaseHttpServer: HTTP server of hddsDatanode listening at http://0.0.0.0:9882
datanode_2  | 	at java.base/java.util.concurrent.ThreadPoolExecutor.runWorker(ThreadPoolExecutor.java:1128)
datanode_3  | 2020-12-23 13:25:58,967 [pool-19-thread-1] INFO server.RaftServerConfigKeys: raft.server.rpc.sleep.time = 25ms (default)
scm_1       | 2020-12-23 13:25:52,150 [Listener at 0.0.0.0/9860] INFO server.StorageContainerManager: StorageContainerLocationProtocol RPC server is listening at /0.0.0.0:9860
om_1        | 2020-12-23 13:26:06,623 [Listener at om/9862] INFO http.BaseHttpServer: Starting Web-server for ozoneManager at: http://0.0.0.0:9874
datanode_1  | 2020-12-23 13:25:48,345 [org.apache.hadoop.util.JvmPauseMonitor$Monitor@10b3b768] INFO util.JvmPauseMonitor: Starting JVM pause monitor
datanode_2  | 	at java.base/java.util.concurrent.ThreadPoolExecutor$Worker.run(ThreadPoolExecutor.java:628)
datanode_3  | 2020-12-23 13:25:58,967 [pool-19-thread-1] INFO server.RaftServerConfigKeys: raft.server.rpc.slowness.timeout = 300s (custom)
scm_1       | 2020-12-23 13:25:52,238 [Listener at 0.0.0.0/9860] INFO impl.MetricsConfig: Loaded properties from hadoop-metrics2.properties
om_1        | 2020-12-23 13:26:06,623 [Listener at om/9862] INFO http.BaseHttpServer: Hadoop Security Enabled: false Ozone Security Enabled: false Ozone HTTP Security Enabled: false 
om_1        | 2020-12-23 13:26:06,654 [Listener at om/9862] INFO util.log: Logging initialized @10849ms to org.eclipse.jetty.util.log.Slf4jLog
datanode_2  | 	at java.base/java.lang.Thread.run(Thread.java:834)
datanode_1  | 2020-12-23 13:25:48,970 [Datanode State Machine Task Thread - 0] INFO datanode.InitDatanodeState: DatanodeDetails is persisted to /data/datanode.id
scm_1       | 2020-12-23 13:25:52,291 [Listener at 0.0.0.0/9860] INFO impl.MetricsSystemImpl: Scheduled Metric snapshot period at 10 second(s).
datanode_3  | 2020-12-23 13:25:58,967 [pool-19-thread-1] INFO server.RaftServerConfigKeys: raft.server.leaderelection.leader.step-down.wait-time = 10s (default)
datanode_2  | 2020-12-23 13:25:58,883 [pool-19-thread-1] INFO server.RaftServerConfigKeys: raft.server.notification.no-leader.timeout = 300s (custom)
om_1        | 2020-12-23 13:26:06,822 [Listener at om/9862] INFO server.AuthenticationFilter: Unable to initialize FileSignerSecretProvider, falling back to use random secrets.
datanode_1  | 2020-12-23 13:25:51,441 [EndpointStateMachine task thread for scm/172.18.0.2:9861 - 0 ] INFO ipc.Client: Retrying connect to server: scm/172.18.0.2:9861. Already tried 0 time(s); retry policy is RetryUpToMaximumCountWithFixedSleep(maxRetries=15, sleepTime=1000 MILLISECONDS)
scm_1       | 2020-12-23 13:25:52,291 [Listener at 0.0.0.0/9860] INFO impl.MetricsSystemImpl: StorageContainerManager metrics system started
datanode_3  | 2020-12-23 13:25:58,968 [pool-19-thread-1] INFO server.RaftServerConfigKeys: raft.server.sleep.deviation.threshold = 300ms (default)
datanode_2  | 2020-12-23 13:25:58,884 [pool-19-thread-1] INFO server.RaftServerConfigKeys: raft.server.log.use.memory = false (default)
om_1        | 2020-12-23 13:26:06,832 [Listener at om/9862] INFO http.HttpRequestLog: Http request log for http.requests.ozoneManager is not defined
datanode_1  | 2020-12-23 13:25:52,443 [EndpointStateMachine task thread for scm/172.18.0.2:9861 - 0 ] INFO ipc.Client: Retrying connect to server: scm/172.18.0.2:9861. Already tried 1 time(s); retry policy is RetryUpToMaximumCountWithFixedSleep(maxRetries=15, sleepTime=1000 MILLISECONDS)
scm_1       | 2020-12-23 13:25:52,558 [Listener at 0.0.0.0/9860] INFO server.SCMClientProtocolServer: RPC server for Client  is listening at /0.0.0.0:9860
datanode_3  | 2020-12-23 13:25:58,971 [pool-19-thread-1] INFO server.RaftServerConfigKeys: raft.server.log.appender.install.snapshot.enabled = false (custom)
datanode_2  | 2020-12-23 13:25:58,886 [pool-19-thread-1] INFO server.RaftServerConfigKeys: raft.server.log.purge.gap = 1000000 (custom)
scm_1       | 2020-12-23 13:25:52,560 [IPC Server Responder] INFO ipc.Server: IPC Server Responder: starting
datanode_1  | 2020-12-23 13:25:53,187 [EndpointStateMachine task thread for scm/172.18.0.2:9861 - 0 ] INFO ozoneimpl.OzoneContainer: Attempting to start container services.
datanode_3  | 2020-12-23 13:25:58,972 [pool-19-thread-1] INFO server.RaftServer$Division: 97290f10-1684-4ade-8b06-a47946d5d456@group-FEDA3F9DAF0E: ConfigurationManager, init=-1: [a7903997-e62d-46d6-887b-8868c4fee666|rpc:172.18.0.7:9858, 97290f10-1684-4ade-8b06-a47946d5d456|rpc:172.18.0.5:9858, 8aa13868-4f86-432f-bc59-c006836fe3c0|rpc:172.18.0.6:9858], old=null, confs=<EMPTY_MAP>
om_1        | 2020-12-23 13:26:06,840 [Listener at om/9862] INFO http.HttpServer2: Added global filter 'safety' (class=org.apache.hadoop.hdds.server.http.HttpServer2$QuotingInputFilter)
datanode_2  | 2020-12-23 13:25:58,891 [pool-19-thread-1] INFO metrics.RatisMetrics: Creating Metrics Registry : ratis.log_worker.8aa13868-4f86-432f-bc59-c006836fe3c0@group-FEDA3F9DAF0E
scm_1       | 2020-12-23 13:25:52,576 [IPC Server listener on 9860] INFO ipc.Server: IPC Server listener on 9860: starting
datanode_1  | 2020-12-23 13:25:53,197 [EndpointStateMachine task thread for scm/172.18.0.2:9861 - 0 ] INFO ozoneimpl.OzoneContainer: Background container scanner has been disabled.
datanode_3  | 2020-12-23 13:25:58,972 [pool-19-thread-1] INFO server.RaftServerConfigKeys: raft.server.storage.dir = [/data/metadata/ratis] (custom)
om_1        | 2020-12-23 13:26:06,847 [Listener at om/9862] INFO http.HttpServer2: Added filter static_user_filter (class=org.apache.hadoop.http.lib.StaticUserWebFilter$StaticUserFilter) to context ozoneManager
datanode_2  | 2020-12-23 13:25:58,891 [pool-19-thread-1] INFO server.RaftServerConfigKeys: raft.server.log.appender.buffer.byte-limit = 33554432 (custom)
scm_1       | 2020-12-23 13:25:52,608 [Listener at 0.0.0.0/9860] INFO server.StorageContainerManager: ScmBlockLocationProtocol RPC server is listening at /0.0.0.0:9863
datanode_1  | 2020-12-23 13:25:53,197 [EndpointStateMachine task thread for scm/172.18.0.2:9861 - 0 ] INFO ratis.XceiverServerRatis: Starting XceiverServerRatis a7903997-e62d-46d6-887b-8868c4fee666 at port 9858
datanode_3  | 2020-12-23 13:25:58,973 [pool-19-thread-1] INFO server.RaftServerConfigKeys: raft.server.log.corruption.policy = EXCEPTION (default)
datanode_2  | 2020-12-23 13:25:58,891 [pool-19-thread-1] INFO server.RaftServerConfigKeys: raft.server.log.segment.size.max = 1048576 (custom)
scm_1       | 2020-12-23 13:25:52,609 [Listener at 0.0.0.0/9860] INFO server.SCMBlockProtocolServer: RPC server for Block Protocol is listening at /0.0.0.0:9863
om_1        | 2020-12-23 13:26:06,847 [Listener at om/9862] INFO http.HttpServer2: Added filter static_user_filter (class=org.apache.hadoop.http.lib.StaticUserWebFilter$StaticUserFilter) to context logs
datanode_1  | 2020-12-23 13:25:53,274 [EndpointStateMachine task thread for scm/172.18.0.2:9861 - 0 ] INFO server.RaftServer: a7903997-e62d-46d6-887b-8868c4fee666: start RPC server
datanode_3  | 2020-12-23 13:25:58,975 [pool-19-thread-1] INFO storage.RaftStorageDirectory: The storage directory /data/metadata/ratis/886ae2f6-5732-4492-bf0a-feda3f9daf0e does not exist. Creating ...
datanode_2  | 2020-12-23 13:25:58,892 [pool-19-thread-1] INFO server.RaftServerConfigKeys: raft.server.log.segment.cache.num.max = 2 (custom)
scm_1       | 2020-12-23 13:25:52,609 [IPC Server Responder] INFO ipc.Server: IPC Server Responder: starting
om_1        | 2020-12-23 13:26:06,847 [Listener at om/9862] INFO http.HttpServer2: Added filter static_user_filter (class=org.apache.hadoop.http.lib.StaticUserWebFilter$StaticUserFilter) to context static
datanode_1  | 2020-12-23 13:25:53,485 [EndpointStateMachine task thread for scm/172.18.0.2:9861 - 0 ] INFO server.GrpcService: a7903997-e62d-46d6-887b-8868c4fee666: GrpcService started, listening on 0.0.0.0/0.0.0.0:9858
datanode_3  | 2020-12-23 13:25:58,983 [pool-19-thread-1] INFO storage.RaftStorageDirectory: Lock on /data/metadata/ratis/886ae2f6-5732-4492-bf0a-feda3f9daf0e/in_use.lock acquired by nodename 7@42bf05a71a29
datanode_2  | 2020-12-23 13:25:58,892 [pool-19-thread-1] INFO server.RaftServerConfigKeys: raft.server.log.segment.cache.size.max = 200MB (=209715200) (default)
scm_1       | 2020-12-23 13:25:52,610 [IPC Server listener on 9863] INFO ipc.Server: IPC Server listener on 9863: starting
om_1        | 2020-12-23 13:26:06,931 [Listener at om/9862] INFO http.HttpServer2: Jetty bound to port 9874
datanode_1  | 2020-12-23 13:25:53,504 [org.apache.ratis.util.JvmPauseMonitor$$Lambda$275/0x0000000840487040@28e08b13] INFO util.JvmPauseMonitor: JvmPauseMonitor-a7903997-e62d-46d6-887b-8868c4fee666: Started
datanode_3  | 2020-12-23 13:25:58,985 [pool-19-thread-1] INFO storage.RaftStorage: Storage directory /data/metadata/ratis/886ae2f6-5732-4492-bf0a-feda3f9daf0e has been successfully formatted.
datanode_2  | 2020-12-23 13:25:58,899 [pool-19-thread-1] INFO segmented.SegmentedRaftLogWorker: new 8aa13868-4f86-432f-bc59-c006836fe3c0@group-FEDA3F9DAF0E-SegmentedRaftLogWorker for RaftStorage:Storage Directory /data/metadata/ratis/886ae2f6-5732-4492-bf0a-feda3f9daf0e
scm_1       | 2020-12-23 13:25:52,663 [Listener at 0.0.0.0/9860] INFO server.StorageContainerManager: ScmDatanodeProtocl RPC server is listening at /0.0.0.0:9861
om_1        | 2020-12-23 13:26:06,934 [Listener at om/9862] INFO server.Server: jetty-9.4.34.v20201102; built: 2020-11-02T14:15:39.302Z; git: e46af88704a893fc12cb0e3bf46e2c7b48a009e7; jvm 11.0.7+10-LTS
datanode_1  | 2020-12-23 13:25:57,406 [Command processor thread] INFO server.RaftServer: a7903997-e62d-46d6-887b-8868c4fee666: addNew group-037EF144C431:[a7903997-e62d-46d6-887b-8868c4fee666|rpc:172.18.0.7:9858] returns group-037EF144C431:java.util.concurrent.CompletableFuture@6e381de0[Not completed]
datanode_3  | 2020-12-23 13:25:58,993 [pool-19-thread-1] INFO ratis.ContainerStateMachine: group-FEDA3F9DAF0E: The snapshot info is null. Setting the last applied indexto:(t:0, i:~)
datanode_2  | 2020-12-23 13:25:58,899 [pool-19-thread-1] INFO server.RaftServerConfigKeys: raft.server.log.queue.byte-limit = 2147483647 (custom)
scm_1       | 2020-12-23 13:25:52,663 [Listener at 0.0.0.0/9860] INFO server.SCMDatanodeProtocolServer: RPC server for DataNodes is listening at /0.0.0.0:9861
om_1        | 2020-12-23 13:26:07,017 [Listener at om/9862] INFO server.session: DefaultSessionIdManager workerName=node0
datanode_1  | 2020-12-23 13:25:57,515 [pool-19-thread-1] INFO server.RaftServer$Division: a7903997-e62d-46d6-887b-8868c4fee666: new RaftServerImpl for group-037EF144C431:[a7903997-e62d-46d6-887b-8868c4fee666|rpc:172.18.0.7:9858] with ContainerStateMachine:uninitialized
datanode_3  | 2020-12-23 13:25:58,995 [pool-19-thread-1] ERROR storage.RaftStorage: Failed reading configuration from file:/data/metadata/ratis/886ae2f6-5732-4492-bf0a-feda3f9daf0e/current/raft-meta.conf
datanode_2  | 2020-12-23 13:25:58,899 [pool-19-thread-1] INFO server.RaftServerConfigKeys: raft.server.log.queue.element-limit = 1024 (custom)
scm_1       | 2020-12-23 13:25:52,664 [IPC Server Responder] INFO ipc.Server: IPC Server Responder: starting
om_1        | 2020-12-23 13:26:07,017 [Listener at om/9862] INFO server.session: No SessionScavenger set, using defaults
datanode_2  | 2020-12-23 13:25:58,899 [pool-19-thread-1] INFO server.RaftServerConfigKeys: raft.server.log.segment.size.max = 1048576 (custom)
scm_1       | 2020-12-23 13:25:52,664 [IPC Server listener on 9861] INFO ipc.Server: IPC Server listener on 9861: starting
datanode_1  | 2020-12-23 13:25:57,525 [pool-19-thread-1] INFO server.RaftServerConfigKeys: raft.server.rpc.timeout.min = 5s (custom)
om_1        | 2020-12-23 13:26:07,018 [Listener at om/9862] INFO server.session: node0 Scavenging every 660000ms
datanode_3  | java.io.FileNotFoundException: /data/metadata/ratis/886ae2f6-5732-4492-bf0a-feda3f9daf0e/current/raft-meta.conf (No such file or directory)
datanode_2  | 2020-12-23 13:25:58,902 [pool-19-thread-1] INFO server.RaftServerConfigKeys: raft.server.log.preallocated.size = 16384 (custom)
scm_1       | 2020-12-23 13:25:52,697 [Listener at 0.0.0.0/9860] INFO http.HttpServer2: Jetty bound to port 9876
datanode_1  | 2020-12-23 13:25:57,525 [pool-19-thread-1] INFO server.RaftServerConfigKeys: raft.server.rpc.timeout.max = 5200ms (custom)
om_1        | 2020-12-23 13:26:07,044 [Listener at om/9862] INFO handler.ContextHandler: Started o.e.j.s.ServletContextHandler@2e785b28{logs,/logs,file:///var/log/hadoop/,AVAILABLE}
datanode_3  | 	at java.base/java.io.FileInputStream.open0(Native Method)
datanode_2  | 2020-12-23 13:25:58,902 [pool-19-thread-1] INFO server.RaftServerConfigKeys: raft.server.log.force.sync.num = 128 (default)
datanode_1  | 2020-12-23 13:25:57,526 [pool-19-thread-1] INFO server.RaftServerConfigKeys: raft.server.rpc.sleep.time = 25ms (default)
scm_1       | 2020-12-23 13:25:52,699 [Listener at 0.0.0.0/9860] INFO server.Server: jetty-9.4.34.v20201102; built: 2020-11-02T14:15:39.302Z; git: e46af88704a893fc12cb0e3bf46e2c7b48a009e7; jvm 11.0.7+10-LTS
om_1        | 2020-12-23 13:26:07,044 [Listener at om/9862] INFO handler.ContextHandler: Started o.e.j.s.ServletContextHandler@71f10042{static,/static,jar:file:/opt/hadoop/share/ozone/lib/hadoop-ozone-ozone-manager-1.1.0-SNAPSHOT.jar!/webapps/static,AVAILABLE}
datanode_3  | 	at java.base/java.io.FileInputStream.open(FileInputStream.java:219)
datanode_2  | 2020-12-23 13:25:58,903 [pool-19-thread-1] INFO server.RaftServerConfigKeys: raft.server.log.statemachine.data.sync = true (default)
datanode_1  | 2020-12-23 13:25:57,527 [pool-19-thread-1] INFO server.RaftServerConfigKeys: raft.server.rpc.slowness.timeout = 300s (custom)
scm_1       | 2020-12-23 13:25:52,746 [Listener at 0.0.0.0/9860] INFO server.session: DefaultSessionIdManager workerName=node0
om_1        | 2020-12-23 13:26:07,290 [Listener at om/9862] INFO handler.ContextHandler: Started o.e.j.w.WebAppContext@15a2fddd{ozoneManager,/,file:///tmp/jetty-0_0_0_0-9874-hadoop-ozone-ozone-manager-1_1_0-SNAPSHOT_jar-_-any-9600758243739685212/webapp/,AVAILABLE}{jar:file:/opt/hadoop/share/ozone/lib/hadoop-ozone-ozone-manager-1.1.0-SNAPSHOT.jar!/webapps/ozoneManager}
om_1        | 2020-12-23 13:26:07,327 [Listener at om/9862] INFO server.AbstractConnector: Started ServerConnector@2c7c898a{HTTP/1.1, (http/1.1)}{0.0.0.0:9874}
om_1        | 2020-12-23 13:26:07,328 [Listener at om/9862] INFO server.Server: Started @11523ms
datanode_2  | 2020-12-23 13:25:58,903 [pool-19-thread-1] INFO server.RaftServerConfigKeys: raft.server.log.statemachine.data.sync.timeout = 10s (default)
scm_1       | 2020-12-23 13:25:52,746 [Listener at 0.0.0.0/9860] INFO server.session: No SessionScavenger set, using defaults
datanode_3  | 	at java.base/java.io.FileInputStream.<init>(FileInputStream.java:157)
om_1        | 2020-12-23 13:26:07,335 [Listener at om/9862] INFO impl.MetricsSinkAdapter: Sink prometheus started
datanode_1  | 2020-12-23 13:25:57,528 [pool-19-thread-1] INFO server.RaftServerConfigKeys: raft.server.leaderelection.leader.step-down.wait-time = 10s (default)
datanode_2  | 2020-12-23 13:25:58,903 [pool-19-thread-1] INFO server.RaftServerConfigKeys: raft.server.log.statemachine.data.sync.timeout.retry = -1 (default)
scm_1       | 2020-12-23 13:25:52,748 [Listener at 0.0.0.0/9860] INFO server.session: node0 Scavenging every 600000ms
datanode_3  | 	at org.apache.ratis.server.storage.RaftStorage.readRaftConfiguration(RaftStorage.java:148)
om_1        | 2020-12-23 13:26:07,335 [Listener at om/9862] INFO impl.MetricsSystemImpl: Registered sink prometheus
datanode_1  | 2020-12-23 13:25:57,529 [pool-19-thread-1] INFO server.RaftServerConfigKeys: raft.server.sleep.deviation.threshold = 300ms (default)
datanode_2  | 2020-12-23 13:25:58,905 [pool-19-thread-1] INFO server.RaftServerConfigKeys: raft.server.log.write.buffer.size = 1048576 (custom)
scm_1       | 2020-12-23 13:25:52,770 [Listener at 0.0.0.0/9860] INFO handler.ContextHandler: Started o.e.j.s.ServletContextHandler@6734ff92{logs,/logs,file:///var/log/hadoop/,AVAILABLE}
datanode_3  | 	at org.apache.ratis.server.impl.ServerState.initStatemachine(ServerState.java:167)
om_1        | 2020-12-23 13:26:07,347 [Listener at om/9862] INFO http.BaseHttpServer: HTTP server of ozoneManager listening at http://0.0.0.0:9874
datanode_1  | 2020-12-23 13:25:57,535 [pool-19-thread-1] INFO server.RaftServerConfigKeys: raft.server.log.appender.install.snapshot.enabled = false (custom)
datanode_2  | 2020-12-23 13:25:58,919 [pool-19-thread-1] INFO server.RaftServerConfigKeys: raft.server.log.statemachine.data.caching.enabled = true (custom)
scm_1       | 2020-12-23 13:25:52,770 [Listener at 0.0.0.0/9860] INFO handler.ContextHandler: Started o.e.j.s.ServletContextHandler@74500e4f{static,/static,jar:file:/opt/hadoop/share/ozone/lib/hadoop-hdds-server-scm-1.1.0-SNAPSHOT.jar!/webapps/static,AVAILABLE}
datanode_3  | 	at org.apache.ratis.server.impl.ServerState.<init>(ServerState.java:112)
om_1        | 2020-12-23 13:26:07,355 [IPC Server Responder] INFO ipc.Server: IPC Server Responder: starting
datanode_1  | 2020-12-23 13:25:57,563 [pool-19-thread-1] INFO server.RaftServer$Division: a7903997-e62d-46d6-887b-8868c4fee666@group-037EF144C431: ConfigurationManager, init=-1: [a7903997-e62d-46d6-887b-8868c4fee666|rpc:172.18.0.7:9858], old=null, confs=<EMPTY_MAP>
datanode_2  | 2020-12-23 13:25:58,919 [pool-19-thread-1] INFO segmented.SegmentedRaftLogWorker: 8aa13868-4f86-432f-bc59-c006836fe3c0@group-FEDA3F9DAF0E-SegmentedRaftLogWorker: flushIndex: setUnconditionally 0 -> -1
scm_1       | 2020-12-23 13:25:53,154 [Listener at 0.0.0.0/9860] INFO handler.ContextHandler: Started o.e.j.w.WebAppContext@3fc1abf{scm,/,file:///tmp/jetty-0_0_0_0-9876-hadoop-hdds-server-scm-1_1_0-SNAPSHOT_jar-_-any-646440048605029383/webapp/,AVAILABLE}{jar:file:/opt/hadoop/share/ozone/lib/hadoop-hdds-server-scm-1.1.0-SNAPSHOT.jar!/webapps/scm}
datanode_3  | 	at org.apache.ratis.server.impl.RaftServerImpl.<init>(RaftServerImpl.java:186)
om_1        | 2020-12-23 13:26:07,363 [IPC Server listener on 9862] INFO ipc.Server: IPC Server listener on 9862: starting
datanode_1  | 2020-12-23 13:25:57,563 [pool-19-thread-1] INFO server.RaftServerConfigKeys: raft.server.storage.dir = [/data/metadata/ratis] (custom)
datanode_2  | 2020-12-23 13:25:58,919 [pool-19-thread-1] INFO segmented.SegmentedRaftLogWorker: 8aa13868-4f86-432f-bc59-c006836fe3c0@group-FEDA3F9DAF0E-SegmentedRaftLogWorker: safeCacheEvictIndex: setUnconditionally 0 -> -1
scm_1       | 2020-12-23 13:25:53,226 [Listener at 0.0.0.0/9860] INFO server.AbstractConnector: Started ServerConnector@4cb24e2{HTTP/1.1, (http/1.1)}{0.0.0.0:9876}
datanode_3  | 	at org.apache.ratis.server.impl.RaftServerProxy.lambda$newRaftServerImpl$4(RaftServerProxy.java:264)
om_1        | 2020-12-23 13:26:07,627 [Listener at om/9862] INFO om.OzoneManager: Trash Interval set to 0. Files deleted will not move to trash
datanode_1  | 2020-12-23 13:25:57,570 [pool-19-thread-1] INFO server.RaftServerConfigKeys: raft.server.log.corruption.policy = EXCEPTION (default)
datanode_2  | 2020-12-23 13:25:58,920 [pool-19-thread-1] INFO server.RaftServerConfigKeys: raft.server.snapshot.auto.trigger.enabled = true (custom)
scm_1       | 2020-12-23 13:25:53,226 [Listener at 0.0.0.0/9860] INFO server.Server: Started @19780ms
datanode_3  | 	at java.base/java.util.concurrent.CompletableFuture$AsyncSupply.run(CompletableFuture.java:1700)
om_1        | 2020-12-23 13:26:07,640 [org.apache.hadoop.util.JvmPauseMonitor$Monitor@16c9f7f0] INFO util.JvmPauseMonitor: Starting JVM pause monitor
datanode_1  | 2020-12-23 13:25:57,585 [pool-19-thread-1] INFO storage.RaftStorageDirectory: The storage directory /data/metadata/ratis/ca67b3f2-6136-4cae-a0c5-037ef144c431 does not exist. Creating ...
datanode_2  | 2020-12-23 13:25:58,920 [pool-19-thread-1] INFO server.RaftServerConfigKeys: raft.server.snapshot.auto.trigger.threshold = 10000 (custom)
