nm_1        | 2020-09-24 11:20:50 INFO  ContainersMonitorImpl:615 - container_1600946320636_0001_01_000005's ip = 172.25.0.9, and hostname = nm
rm_1        | 2020-09-24 11:18:40 INFO  RMStateStore:501 - Storing RMDTMasterKey.
om_1        | 2020-09-24 11:21:20,127 [Socket Reader #1 for port 9862] INFO ipc.Server: Auth successful for hadoop/rm@EXAMPLE.COM (auth:TOKEN)
datanode_3  | 2020-09-24 11:19:09,377 [grpc-default-executor-0] INFO impl.RoleInfo: ce890e8b-aab6-494a-b0bc-2902ebf55bda: start FollowerState
scm_1       | 2020-09-24 11:21:08,189 [IPC Server handler 54 on default port 9863] INFO block.BlockManagerImpl: Deleting blocks 
kms_1       | INFO: Couldn't find grammar element for class java.util.Map
kdc_1       | Sep 24 11:18:12 kdc kadmind[14](Notice): Request: kadm5_randkey_principal, rm/rm@EXAMPLE.COM, success, client=admin/admin@EXAMPLE.COM, service=kadmin/admin@EXAMPLE.COM, addr=127.0.0.1
nm_1        | 2020-09-24 11:20:51 INFO  ContainerLaunch:595 - Container container_1600946320636_0001_01_000005 succeeded 
rm_1        | 2020-09-24 11:18:40 INFO  AbstractDelegationTokenSecretManager:675 - Starting expired delegation token remover thread, tokenRemoverScanInterval=60 min(s)
om_1        | 2020-09-24 11:21:21,875 [Socket Reader #1 for port 9862] INFO ipc.Server: Auth successful for hadoop/rm@EXAMPLE.COM (auth:TOKEN)
datanode_3  | 2020-09-24 11:19:09,381 [grpc-default-executor-0] INFO impl.RaftServerImpl:  FOLLOWER ce890e8b-aab6-494a-b0bc-2902ebf55bda@group-2AC4517AEBCD:t1, leader=null, voted=null, raftlog=ce890e8b-aab6-494a-b0bc-2902ebf55bda@group-2AC4517AEBCD-SegmentedRaftLog:OPENED:c-1,f-1,i0, conf=-1: [d9a7d518-a646-42ef-bcc9-4167c4ef30fb:172.25.0.7:9858:0, eb996038-17eb-4e76-b625-940e268c7b4a:172.25.0.12:9858:0, ce890e8b-aab6-494a-b0bc-2902ebf55bda:172.25.0.6:9858:0], old=null RUNNING priority:0 candidate:eb996038-17eb-4e76-b625-940e268c7b4a:172.25.0.12:9858:0 candidatePriority:0 compare:0
scm_1       | 2020-09-24 11:21:08,189 [IPC Server handler 54 on default port 9863] INFO block.BlockManagerImpl: Deleting blocks 
kms_1       | Sep 24, 2020 11:20:26 AM com.sun.jersey.server.wadl.generators.AbstractWadlGeneratorGrammarGenerator attachTypes
kdc_1       | Sep 24 11:18:12 kdc kadmind[14](Notice): Request: kadm5_get_principal, rm/rm@EXAMPLE.COM, success, client=admin/admin@EXAMPLE.COM, service=kadmin/admin@EXAMPLE.COM, addr=127.0.0.1
nm_1        | 2020-09-24 11:20:51 INFO  ContainerImpl:2112 - Container container_1600946320636_0001_01_000005 transitioned from RUNNING to EXITED_WITH_SUCCESS
rm_1        | 2020-09-24 11:18:40 INFO  AbstractDelegationTokenSecretManager:343 - Updating the current master key for generating delegation tokens
om_1        | 2020-09-24 11:21:22,046 [Socket Reader #1 for port 9862] INFO ipc.Server: Auth successful for hadoop/rm@EXAMPLE.COM (auth:TOKEN)
datanode_3  | 2020-09-24 11:19:09,474 [grpc-default-executor-0] INFO ratis.XceiverServerRatis: Leader change notification received for group: group-2AC4517AEBCD with new leaderId: eb996038-17eb-4e76-b625-940e268c7b4a
scm_1       | 2020-09-24 11:21:08,190 [IPC Server handler 54 on default port 9863] INFO block.BlockManagerImpl: Deleting blocks 
kms_1       | INFO: Couldn't find grammar element for class javax.ws.rs.core.Response
kdc_1       | Sep 24 11:18:12 kdc kadmind[14](info): closing down fd 18
nm_1        | 2020-09-24 11:20:51 INFO  ContainerCleanup:87 - Cleaning up container container_1600946320636_0001_01_000005
rm_1        | 2020-09-24 11:18:40 INFO  AsyncDispatcher:223 - Registering class org.apache.hadoop.yarn.nodelabels.event.NodeLabelsStoreEventType for class org.apache.hadoop.yarn.nodelabels.CommonNodeLabelsManager$ForwardingEventHandler
om_1        | 2020-09-24 11:21:30,156 [Socket Reader #1 for port 9862] INFO ipc.Server: Auth successful for hadoop/rm@EXAMPLE.COM (auth:TOKEN)
datanode_3  | 2020-09-24 11:19:09,476 [grpc-default-executor-0] INFO impl.RaftServerImpl: ce890e8b-aab6-494a-b0bc-2902ebf55bda@group-2AC4517AEBCD: change Leader from null to eb996038-17eb-4e76-b625-940e268c7b4a at term 1 for appendEntries, leader elected after 5805ms
scm_1       | 2020-09-24 11:21:08,190 [IPC Server handler 54 on default port 9863] INFO block.BlockManagerImpl: Deleting blocks 
kms_1       | Sep 24, 2020 11:20:26 AM com.sun.jersey.server.wadl.generators.AbstractWadlGeneratorGrammarGenerator attachTypes
kdc_1       | Sep 24 11:18:12 kdc kadmind[14](Notice): Request: kadm5_init, admin/admin@EXAMPLE.COM, success, client=admin/admin@EXAMPLE.COM, service=kadmin/admin@EXAMPLE.COM, addr=127.0.0.1, vers=4, flavor=6
nm_1        | 2020-09-24 11:20:51 INFO  NMAuditLogger:94 - USER=hadoop	OPERATION=Container Finished - Succeeded	TARGET=ContainerImpl	RESULT=SUCCESS	APPID=application_1600946320636_0001	CONTAINERID=container_1600946320636_0001_01_000005
rm_1        | 2020-09-24 11:18:40 INFO  RMDelegationTokenSecretManager:92 - storing master key with keyID 2
om_1        | 2020-09-24 11:21:30,342 [Socket Reader #1 for port 9862] INFO ipc.Server: Auth successful for hadoop/rm@EXAMPLE.COM (auth:TOKEN)
datanode_3  | 2020-09-24 11:19:09,528 [grpc-default-executor-0] INFO impl.RaftServerImpl: ce890e8b-aab6-494a-b0bc-2902ebf55bda@group-2AC4517AEBCD: set configuration 0: [d9a7d518-a646-42ef-bcc9-4167c4ef30fb:172.25.0.7:9858:0, eb996038-17eb-4e76-b625-940e268c7b4a:172.25.0.12:9858:0, ce890e8b-aab6-494a-b0bc-2902ebf55bda:172.25.0.6:9858:0], old=null at 0
scm_1       | 2020-09-24 11:21:08,190 [IPC Server handler 54 on default port 9863] INFO block.BlockManagerImpl: Deleting blocks 
kms_1       | INFO: Couldn't find grammar element for class javax.ws.rs.core.Response
kdc_1       | Sep 24 11:18:12 kdc kadmind[14](Notice): Request: kadm5_get_policy, default, Policy does not exist, client=admin/admin@EXAMPLE.COM, service=kadmin/admin@EXAMPLE.COM, addr=127.0.0.1
nm_1        | 2020-09-24 11:20:51 INFO  ContainerImpl:2112 - Container container_1600946320636_0001_01_000005 transitioned from EXITED_WITH_SUCCESS to DONE
rm_1        | 2020-09-24 11:18:40 INFO  RMStateStore:501 - Storing RMDTMasterKey.
om_1        | 2020-09-24 11:21:31,682 [Socket Reader #1 for port 9862] INFO ipc.Server: Auth successful for hadoop/rm@EXAMPLE.COM (auth:KERBEROS)
datanode_3  | 2020-09-24 11:19:09,540 [grpc-default-executor-0] INFO segmented.SegmentedRaftLogWorker: ce890e8b-aab6-494a-b0bc-2902ebf55bda@group-2AC4517AEBCD-SegmentedRaftLogWorker: Starting segment from index:0
scm_1       | 2020-09-24 11:21:08,191 [IPC Server handler 54 on default port 9863] INFO block.BlockManagerImpl: Deleting blocks conID: 1 locID: 104919626535075853 bcsId: 0
kms_1       | Sep 24, 2020 11:20:26 AM com.sun.jersey.server.wadl.generators.AbstractWadlGeneratorGrammarGenerator attachTypes
kdc_1       | Sep 24 11:18:12 kdc kadmind[14](Notice): Request: kadm5_create_principal, HTTP/rm@EXAMPLE.COM, success, client=admin/admin@EXAMPLE.COM, service=kadmin/admin@EXAMPLE.COM, addr=127.0.0.1
nm_1        | 2020-09-24 11:20:51 INFO  ApplicationImpl:512 - Removing container_1600946320636_0001_01_000005 from application application_1600946320636_0001
rm_1        | 2020-09-24 11:18:41 INFO  AbstractFSNodeStore:67 - Created store directory :file:/tmp/hadoop-yarn-rm/node-attribute
om_1        | 2020-09-24 11:21:34,987 [Socket Reader #1 for port 9862] INFO ipc.Server: Auth successful for hadoop/rm@EXAMPLE.COM (auth:KERBEROS)
kms_1       | INFO: Couldn't find grammar element for class java.util.Map
kdc_1       | Sep 24 11:18:12 kdc kadmind[14](info): closing down fd 18
nm_1        | 2020-09-24 11:20:51 INFO  ContainersMonitorImpl:1004 - Stopping resource-monitoring for container_1600946320636_0001_01_000005
rm_1        | 2020-09-24 11:18:41 INFO  AbstractFSNodeStore:181 - Finished write mirror at:file:/tmp/hadoop-yarn-rm/node-attribute/nodeattribute.mirror
scm_1       | 2020-09-24 11:21:08,191 [IPC Server handler 54 on default port 9863] INFO block.BlockManagerImpl: Deleting blocks conID: 1 locID: 104919626552442894 bcsId: 0
datanode_3  | 2020-09-24 11:19:09,634 [ce890e8b-aab6-494a-b0bc-2902ebf55bda@group-2AC4517AEBCD-SegmentedRaftLogWorker] INFO segmented.SegmentedRaftLogWorker: ce890e8b-aab6-494a-b0bc-2902ebf55bda@group-2AC4517AEBCD-SegmentedRaftLogWorker: created new log segment /data/metadata/ratis/866c381b-546f-4055-bd0a-2ac4517aebcd/current/log_inprogress_0
om_1        | 2020-09-24 11:21:41,653 [Socket Reader #1 for port 9862] INFO ipc.Server: Auth successful for hadoop/rm@EXAMPLE.COM (auth:KERBEROS)
kms_1       | Sep 24, 2020 11:20:26 AM com.sun.jersey.server.wadl.generators.AbstractWadlGeneratorGrammarGenerator attachTypes
kdc_1       | Sep 24 11:18:12 kdc kadmind[14](Notice): Request: kadm5_init, admin/admin@EXAMPLE.COM, success, client=admin/admin@EXAMPLE.COM, service=kadmin/admin@EXAMPLE.COM, addr=127.0.0.1, vers=4, flavor=6
nm_1        | 2020-09-24 11:20:51 INFO  AppLogAggregatorImpl:539 - Considering container container_1600946320636_0001_01_000005 for log-aggregation
rm_1        | 2020-09-24 11:18:41 INFO  AbstractFSNodeStore:182 - Finished create editlog file at:file:/tmp/hadoop-yarn-rm/node-attribute/nodeattribute.editlog
scm_1       | 2020-09-24 11:21:13,044 [Socket Reader #1 for port 9861] INFO ipc.Server: Auth successful for dn/bc8afcaa7011@EXAMPLE.COM (auth:KERBEROS)
datanode_3  | 2020-09-24 11:19:11,983 [Thread-27] INFO impl.FollowerState: ce890e8b-aab6-494a-b0bc-2902ebf55bda@group-74BC2817A78F-FollowerState: change to CANDIDATE, lastRpcTime:5102ms, electionTimeout:5098ms
om_1        | 2020-09-24 11:21:46,316 [Socket Reader #1 for port 9862] INFO ipc.Server: Auth successful for hadoop/rm@EXAMPLE.COM (auth:KERBEROS)
kms_1       | INFO: Couldn't find grammar element for class java.util.Map
kdc_1       | Sep 24 11:18:12 kdc kadmind[14](Notice): Request: kadm5_randkey_principal, HTTP/rm@EXAMPLE.COM, success, client=admin/admin@EXAMPLE.COM, service=kadmin/admin@EXAMPLE.COM, addr=127.0.0.1
nm_1        | 2020-09-24 11:20:51 INFO  AuxServices:350 - Got event CONTAINER_STOP for appId application_1600946320636_0001
rm_1        | 2020-09-24 11:18:41 INFO  AsyncDispatcher:223 - Registering class org.apache.hadoop.yarn.server.resourcemanager.nodelabels.NodeAttributesStoreEventType for class org.apache.hadoop.yarn.server.resourcemanager.nodelabels.NodeAttributesManagerImpl$ForwardingEventHandler
scm_1       | 2020-09-24 11:21:13,436 [Socket Reader #1 for port 9861] INFO ipc.Server: Auth successful for dn/841f1087d86f@EXAMPLE.COM (auth:KERBEROS)
datanode_3  | 2020-09-24 11:19:11,983 [Thread-27] INFO impl.RoleInfo: ce890e8b-aab6-494a-b0bc-2902ebf55bda: shutdown FollowerState
om_1        | 2020-09-24 11:21:49,781 [Socket Reader #1 for port 9862] INFO ipc.Server: Auth successful for hadoop/rm@EXAMPLE.COM (auth:KERBEROS)
kms_1       | Sep 24, 2020 11:20:26 AM com.sun.jersey.server.wadl.generators.AbstractWadlGeneratorGrammarGenerator attachTypes
kdc_1       | Sep 24 11:18:12 kdc kadmind[14](Notice): Request: kadm5_get_principal, HTTP/rm@EXAMPLE.COM, success, client=admin/admin@EXAMPLE.COM, service=kadmin/admin@EXAMPLE.COM, addr=127.0.0.1
nm_1        | 2020-09-24 11:20:51 INFO  DefaultContainerExecutor:634 - Deleting absolute path : /tmp/hadoop-hadoop/nm-local-dir/usercache/hadoop/appcache/application_1600946320636_0001/container_1600946320636_0001_01_000005/launch_container.sh
rm_1        | 2020-09-24 11:18:41 INFO  MultiNodeSortingManager:66 - Starting NodeSortingService=MultiNodeSortingManager
scm_1       | 2020-09-24 11:21:13,466 [Socket Reader #1 for port 9861] INFO ipc.Server: Auth successful for dn/aeb667278ba0@EXAMPLE.COM (auth:KERBEROS)
datanode_3  | 2020-09-24 11:19:11,983 [Thread-27] INFO impl.RaftServerImpl: ce890e8b-aab6-494a-b0bc-2902ebf55bda@group-74BC2817A78F: changes role from  FOLLOWER to CANDIDATE at term 0 for changeToCandidate
om_1        | 2020-09-24 11:21:49,818 [Socket Reader #1 for port 9862] INFO ipc.Server: Auth successful for hadoop/rm@EXAMPLE.COM (auth:KERBEROS)
kms_1       | INFO: Couldn't find grammar element for class javax.ws.rs.core.Response
kdc_1       | Sep 24 11:18:12 kdc kadmind[14](info): closing down fd 18
nm_1        | 2020-09-24 11:20:51 INFO  DefaultContainerExecutor:634 - Deleting absolute path : /tmp/hadoop-hadoop/nm-local-dir/usercache/hadoop/appcache/application_1600946320636_0001/container_1600946320636_0001_01_000005/container_tokens
rm_1        | 2020-09-24 11:18:41 INFO  CallQueueManager:84 - Using callQueue: class java.util.concurrent.LinkedBlockingQueue, queueCapacity: 5000, scheduler: class org.apache.hadoop.ipc.DefaultRpcScheduler, ipcBackoff: false.
scm_1       | 2020-09-24 11:21:20,512 [Socket Reader #1 for port 9863] INFO ipc.Server: Auth successful for om/om@EXAMPLE.COM (auth:KERBEROS)
datanode_3  | 2020-09-24 11:19:11,986 [Thread-27] INFO impl.RoleInfo: ce890e8b-aab6-494a-b0bc-2902ebf55bda: start LeaderElection
om_1        | 2020-09-24 11:21:51,209 [Socket Reader #1 for port 9862] INFO ipc.Server: Auth successful for nm/nm@EXAMPLE.COM (auth:KERBEROS)
kms_1       | Sep 24, 2020 11:20:26 AM com.sun.jersey.server.wadl.generators.AbstractWadlGeneratorGrammarGenerator attachTypes
kdc_1       | Sep 24 11:18:12 kdc kadmind[14](Notice): Request: kadm5_init, admin/admin@EXAMPLE.COM, success, client=admin/admin@EXAMPLE.COM, service=kadmin/admin@EXAMPLE.COM, addr=127.0.0.1, vers=4, flavor=6
nm_1        | 2020-09-24 11:20:51 INFO  Server:1849 - Auth successful for appattempt_1600946320636_0001_000001 (auth:SIMPLE)
rm_1        | 2020-09-24 11:18:41 INFO  Server:1074 - Starting Socket Reader #1 for port 8031
scm_1       | 2020-09-24 11:21:43,046 [Socket Reader #1 for port 9861] INFO ipc.Server: Auth successful for dn/bc8afcaa7011@EXAMPLE.COM (auth:KERBEROS)
datanode_3  | 2020-09-24 11:19:11,999 [ce890e8b-aab6-494a-b0bc-2902ebf55bda@group-74BC2817A78F-LeaderElection1] INFO impl.LeaderElection: ce890e8b-aab6-494a-b0bc-2902ebf55bda@group-74BC2817A78F-LeaderElection1: begin an election at term 1 for -1: [ce890e8b-aab6-494a-b0bc-2902ebf55bda:172.25.0.6:9858:0], old=null
om_1        | 2020-09-24 11:21:51,239 [Socket Reader #1 for port 9862] INFO ipc.Server: Auth successful for hadoop/rm@EXAMPLE.COM (auth:TOKEN)
kms_1       | INFO: Couldn't find grammar element for class java.util.Map
kdc_1       | Sep 24 11:18:12 kdc kadmind[14](Notice): Request: kadm5_get_policy, default, Policy does not exist, client=admin/admin@EXAMPLE.COM, service=kadmin/admin@EXAMPLE.COM, addr=127.0.0.1
nm_1        | 2020-09-24 11:20:51 INFO  ContainerManagerImpl:1409 - Stopping container with container Id: container_1600946320636_0001_01_000005
rm_1        | 2020-09-24 11:18:41 INFO  RpcServerFactoryPBImpl:173 - Adding protocol org.apache.hadoop.yarn.server.api.ResourceTrackerPB to the server
scm_1       | 2020-09-24 11:21:43,433 [Socket Reader #1 for port 9861] INFO ipc.Server: Auth successful for dn/841f1087d86f@EXAMPLE.COM (auth:KERBEROS)
datanode_3  | 2020-09-24 11:19:12,000 [ce890e8b-aab6-494a-b0bc-2902ebf55bda@group-74BC2817A78F-LeaderElection1] INFO impl.RoleInfo: ce890e8b-aab6-494a-b0bc-2902ebf55bda: shutdown LeaderElection
om_1        | 2020-09-24 11:21:51,308 [Socket Reader #1 for port 9862] INFO ipc.Server: Auth successful for hadoop/rm@EXAMPLE.COM (auth:TOKEN)
kms_1       | Sep 24, 2020 11:20:26 AM com.sun.jersey.server.wadl.generators.AbstractWadlGeneratorGrammarGenerator attachTypes
kdc_1       | Sep 24 11:18:12 kdc kadmind[14](Notice): Request: kadm5_create_principal, hadoop/rm@EXAMPLE.COM, success, client=admin/admin@EXAMPLE.COM, service=kadmin/admin@EXAMPLE.COM, addr=127.0.0.1
nm_1        | 2020-09-24 11:20:51 INFO  NMAuditLogger:94 - USER=hadoop	IP=172.25.0.9	OPERATION=Stop Container Request	TARGET=ContainerManageImpl	RESULT=SUCCESS	APPID=application_1600946320636_0001	CONTAINERID=container_1600946320636_0001_01_000005
rm_1        | 2020-09-24 11:18:41 INFO  Server:1314 - IPC Server Responder: starting
scm_1       | 2020-09-24 11:21:43,466 [Socket Reader #1 for port 9861] INFO ipc.Server: Auth successful for dn/aeb667278ba0@EXAMPLE.COM (auth:KERBEROS)
datanode_3  | 2020-09-24 11:19:12,000 [ce890e8b-aab6-494a-b0bc-2902ebf55bda@group-74BC2817A78F-LeaderElection1] INFO impl.RaftServerImpl: ce890e8b-aab6-494a-b0bc-2902ebf55bda@group-74BC2817A78F: changes role from CANDIDATE to LEADER at term 1 for changeToLeader
om_1        | 2020-09-24 11:21:53,097 [Socket Reader #1 for port 9862] INFO ipc.Server: Auth successful for hadoop/rm@EXAMPLE.COM (auth:TOKEN)
kms_1       | INFO: Couldn't find grammar element for class java.util.Map
kdc_1       | Sep 24 11:18:12 kdc kadmind[14](info): closing down fd 18
nm_1        | 2020-09-24 11:20:58 INFO  ContainerLaunch:595 - Container container_1600946320636_0001_01_000001 succeeded 
rm_1        | 2020-09-24 11:18:41 INFO  Server:1153 - IPC Server listener on 8031: starting
scm_1       | 2020-09-24 11:21:46,741 [Socket Reader #1 for port 9860] INFO ipc.Server: Auth successful for om/om@EXAMPLE.COM (auth:KERBEROS)
datanode_3  | 2020-09-24 11:19:12,000 [ce890e8b-aab6-494a-b0bc-2902ebf55bda@group-74BC2817A78F-LeaderElection1] INFO ratis.XceiverServerRatis: Leader change notification received for group: group-74BC2817A78F with new leaderId: ce890e8b-aab6-494a-b0bc-2902ebf55bda
om_1        | 2020-09-24 11:21:53,453 [Socket Reader #1 for port 9862] INFO ipc.Server: Auth successful for hadoop/rm@EXAMPLE.COM (auth:TOKEN)
kms_1       | Sep 24, 2020 11:20:26 AM com.sun.jersey.server.wadl.generators.AbstractWadlGeneratorGrammarGenerator attachTypes
kdc_1       | Sep 24 11:18:12 kdc kadmind[14](Notice): Request: kadm5_init, admin/admin@EXAMPLE.COM, success, client=admin/admin@EXAMPLE.COM, service=kadmin/admin@EXAMPLE.COM, addr=127.0.0.1, vers=4, flavor=6
nm_1        | 2020-09-24 11:20:58 INFO  ContainerImpl:2112 - Container container_1600946320636_0001_01_000001 transitioned from RUNNING to EXITED_WITH_SUCCESS
rm_1        | 2020-09-24 11:18:41 INFO  JvmPauseMonitor:188 - Starting JVM pause monitor
scm_1       | 2020-09-24 11:22:08,248 [Socket Reader #1 for port 9863] INFO ipc.Server: Auth successful for om/om@EXAMPLE.COM (auth:KERBEROS)
datanode_3  | 2020-09-24 11:19:12,000 [ce890e8b-aab6-494a-b0bc-2902ebf55bda@group-74BC2817A78F-LeaderElection1] INFO impl.RaftServerImpl: ce890e8b-aab6-494a-b0bc-2902ebf55bda@group-74BC2817A78F: change Leader from null to ce890e8b-aab6-494a-b0bc-2902ebf55bda at term 1 for becomeLeader, leader elected after 5166ms
om_1        | 2020-09-24 11:21:53,495 [Socket Reader #1 for port 9862] INFO ipc.Server: Auth successful for hadoop/rm@EXAMPLE.COM (auth:TOKEN)
kms_1       | INFO: Couldn't find grammar element for class javax.ws.rs.core.Response
kdc_1       | Sep 24 11:18:12 kdc kadmind[14](Notice): Request: kadm5_randkey_principal, hadoop/rm@EXAMPLE.COM, success, client=admin/admin@EXAMPLE.COM, service=kadmin/admin@EXAMPLE.COM, addr=127.0.0.1
nm_1        | 2020-09-24 11:20:58 INFO  NMAuditLogger:94 - USER=hadoop	OPERATION=Container Finished - Succeeded	TARGET=ContainerImpl	RESULT=SUCCESS	APPID=application_1600946320636_0001	CONTAINERID=container_1600946320636_0001_01_000001
rm_1        | 2020-09-24 11:18:41 INFO  CallQueueManager:84 - Using callQueue: class java.util.concurrent.LinkedBlockingQueue, queueCapacity: 5000, scheduler: class org.apache.hadoop.ipc.DefaultRpcScheduler, ipcBackoff: false.
scm_1       | 2020-09-24 11:22:08,284 [IPC Server handler 68 on default port 9863] INFO server.SCMBlockProtocolServer: SCM is informed by OM to delete 11 blocks
datanode_3  | 2020-09-24 11:19:12,003 [ce890e8b-aab6-494a-b0bc-2902ebf55bda@group-74BC2817A78F-LeaderElection1] INFO server.RaftServerConfigKeys: raft.server.staging.catchup.gap = 1000 (default)
om_1        | 2020-09-24 11:21:53,531 [Socket Reader #1 for port 9862] INFO ipc.Server: Auth successful for hadoop/rm@EXAMPLE.COM (auth:TOKEN)
kms_1       | Sep 24, 2020 11:20:26 AM com.sun.jersey.server.wadl.generators.AbstractWadlGeneratorGrammarGenerator attachTypes
kdc_1       | Sep 24 11:18:12 kdc kadmind[14](Notice): Request: kadm5_get_principal, hadoop/rm@EXAMPLE.COM, success, client=admin/admin@EXAMPLE.COM, service=kadmin/admin@EXAMPLE.COM, addr=127.0.0.1
nm_1        | 2020-09-24 11:20:58 INFO  ContainerCleanup:87 - Cleaning up container container_1600946320636_0001_01_000001
rm_1        | 2020-09-24 11:18:41 INFO  Server:1074 - Starting Socket Reader #1 for port 8030
scm_1       | 2020-09-24 11:22:08,284 [IPC Server handler 68 on default port 9863] INFO block.BlockManagerImpl: Deleting blocks 
datanode_3  | 2020-09-24 11:19:12,003 [ce890e8b-aab6-494a-b0bc-2902ebf55bda@group-74BC2817A78F-LeaderElection1] INFO server.RaftServerConfigKeys: raft.server.rpc.sleep.time = 25ms (default)
om_1        | 2020-09-24 11:21:53,573 [Socket Reader #1 for port 9862] INFO ipc.Server: Auth successful for hadoop/rm@EXAMPLE.COM (auth:TOKEN)
kms_1       | INFO: Couldn't find grammar element for class javax.ws.rs.core.Response
kdc_1       | Sep 24 11:18:12 kdc kadmind[14](info): closing down fd 18
nm_1        | 2020-09-24 11:20:58 INFO  ContainerImpl:2112 - Container container_1600946320636_0001_01_000001 transitioned from EXITED_WITH_SUCCESS to DONE
rm_1        | 2020-09-24 11:18:41 INFO  RpcServerFactoryPBImpl:173 - Adding protocol org.apache.hadoop.yarn.api.ApplicationMasterProtocolPB to the server
scm_1       | 2020-09-24 11:22:08,289 [IPC Server handler 68 on default port 9863] INFO block.BlockManagerImpl: Deleting blocks 
datanode_3  | 2020-09-24 11:19:12,012 [ce890e8b-aab6-494a-b0bc-2902ebf55bda@group-74BC2817A78F-LeaderElection1] INFO metrics.RatisMetrics: Creating Metrics Registry : ratis.log_appender.ce890e8b-aab6-494a-b0bc-2902ebf55bda@group-74BC2817A78F
om_1        | 2020-09-24 11:21:53,605 [Socket Reader #1 for port 9862] INFO ipc.Server: Auth successful for hadoop/rm@EXAMPLE.COM (auth:TOKEN)
kms_1       | Sep 24, 2020 11:20:26 AM com.sun.jersey.server.wadl.generators.AbstractWadlGeneratorGrammarGenerator attachTypes
kdc_1       | Sep 24 11:18:12 kdc kadmind[14](Notice): Request: kadm5_init, admin/admin@EXAMPLE.COM, success, client=admin/admin@EXAMPLE.COM, service=kadmin/admin@EXAMPLE.COM, addr=127.0.0.1, vers=4, flavor=6
nm_1        | 2020-09-24 11:20:58 INFO  ApplicationImpl:512 - Removing container_1600946320636_0001_01_000001 from application application_1600946320636_0001
rm_1        | 2020-09-24 11:18:41 INFO  Server:1314 - IPC Server Responder: starting
scm_1       | 2020-09-24 11:22:08,290 [IPC Server handler 68 on default port 9863] INFO block.BlockManagerImpl: Deleting blocks 
datanode_3  | 2020-09-24 11:19:12,014 [ce890e8b-aab6-494a-b0bc-2902ebf55bda@group-74BC2817A78F-LeaderElection1] INFO server.RaftServerConfigKeys: raft.server.write.element-limit = 1024 (custom)
om_1        | 2020-09-24 11:21:53,641 [Socket Reader #1 for port 9862] INFO ipc.Server: Auth successful for hadoop/rm@EXAMPLE.COM (auth:TOKEN)
kms_1       | INFO: Couldn't find grammar element for class java.util.Map
kdc_1       | Sep 24 11:18:12 kdc kadmind[14](Notice): Request: kadm5_get_policy, default, Policy does not exist, client=admin/admin@EXAMPLE.COM, service=kadmin/admin@EXAMPLE.COM, addr=127.0.0.1
nm_1        | 2020-09-24 11:20:58 INFO  ContainersMonitorImpl:1004 - Stopping resource-monitoring for container_1600946320636_0001_01_000001
rm_1        | 2020-09-24 11:18:41 INFO  Server:1153 - IPC Server listener on 8030: starting
scm_1       | 2020-09-24 11:22:08,290 [IPC Server handler 68 on default port 9863] INFO block.BlockManagerImpl: Deleting blocks conID: 1 locID: 104919626977968149 bcsId: 0
datanode_3  | 2020-09-24 11:19:12,015 [ce890e8b-aab6-494a-b0bc-2902ebf55bda@group-74BC2817A78F-LeaderElection1] INFO server.RaftServerConfigKeys: raft.server.write.byte-limit = 1073741824 (custom)
om_1        | 2020-09-24 11:22:03,501 [Socket Reader #1 for port 9862] INFO ipc.Server: Auth successful for hadoop/rm@EXAMPLE.COM (auth:TOKEN)
kms_1       | Sep 24, 2020 11:20:26 AM com.sun.jersey.server.wadl.generators.AbstractWadlGeneratorGrammarGenerator attachTypes
kdc_1       | Sep 24 11:18:12 kdc kadmind[14](Notice): Request: kadm5_create_principal, scm/scm@EXAMPLE.COM, success, client=admin/admin@EXAMPLE.COM, service=kadmin/admin@EXAMPLE.COM, addr=127.0.0.1
nm_1        | 2020-09-24 11:20:58 INFO  AppLogAggregatorImpl:539 - Considering container container_1600946320636_0001_01_000001 for log-aggregation
rm_1        | 2020-09-24 11:18:42 INFO  CallQueueManager:84 - Using callQueue: class java.util.concurrent.LinkedBlockingQueue, queueCapacity: 5000, scheduler: class org.apache.hadoop.ipc.DefaultRpcScheduler, ipcBackoff: false.
rm_1        | 2020-09-24 11:18:42 INFO  Server:1074 - Starting Socket Reader #1 for port 8032
datanode_3  | 2020-09-24 11:19:12,019 [ce890e8b-aab6-494a-b0bc-2902ebf55bda@group-74BC2817A78F-LeaderElection1] INFO server.RaftServerConfigKeys: raft.server.watch.timeout = 180s (custom)
om_1        | 2020-09-24 11:22:05,350 [Socket Reader #1 for port 9862] INFO ipc.Server: Auth successful for hadoop/rm@EXAMPLE.COM (auth:TOKEN)
kms_1       | INFO: Couldn't find grammar element for class java.util.Map
kdc_1       | Sep 24 11:18:12 kdc kadmind[14](info): closing down fd 18
nm_1        | 2020-09-24 11:20:58 INFO  AuxServices:350 - Got event CONTAINER_STOP for appId application_1600946320636_0001
rm_1        | 2020-09-24 11:18:42 INFO  RpcServerFactoryPBImpl:173 - Adding protocol org.apache.hadoop.yarn.api.ApplicationClientProtocolPB to the server
scm_1       | 2020-09-24 11:22:08,290 [IPC Server handler 68 on default port 9863] INFO block.BlockManagerImpl: Deleting blocks conID: 1 locID: 104919627068801046 bcsId: 0
datanode_3  | 2020-09-24 11:19:12,021 [ce890e8b-aab6-494a-b0bc-2902ebf55bda@group-74BC2817A78F-LeaderElection1] INFO server.RaftServerConfigKeys: raft.server.watch.timeout.denomination = 1s (default)
om_1        | 2020-09-24 11:22:06,955 [Socket Reader #1 for port 9862] INFO ipc.Server: Auth successful for hadoop/rm@EXAMPLE.COM (auth:TOKEN)
kms_1       | Sep 24, 2020 11:20:26 AM com.sun.jersey.server.wadl.generators.AbstractWadlGeneratorGrammarGenerator attachTypes
kdc_1       | Sep 24 11:18:12 kdc kadmind[14](Notice): Request: kadm5_init, admin/admin@EXAMPLE.COM, success, client=admin/admin@EXAMPLE.COM, service=kadmin/admin@EXAMPLE.COM, addr=127.0.0.1, vers=4, flavor=6
kdc_1       | Sep 24 11:18:12 kdc kadmind[14](Notice): Request: kadm5_randkey_principal, scm/scm@EXAMPLE.COM, success, client=admin/admin@EXAMPLE.COM, service=kadmin/admin@EXAMPLE.COM, addr=127.0.0.1
rm_1        | 2020-09-24 11:18:42 INFO  Server:1314 - IPC Server Responder: starting
scm_1       | 2020-09-24 11:22:08,291 [IPC Server handler 68 on default port 9863] INFO block.BlockManagerImpl: Deleting blocks conID: 1 locID: 104919627074437143 bcsId: 0
datanode_3  | 2020-09-24 11:19:12,027 [ce890e8b-aab6-494a-b0bc-2902ebf55bda@group-74BC2817A78F-LeaderElection1] INFO server.RaftServerConfigKeys: raft.server.watch.element-limit = 65536 (default)
om_1        | 2020-09-24 11:22:11,585 [Socket Reader #1 for port 9862] INFO ipc.Server: Auth successful for hadoop/rm@EXAMPLE.COM (auth:TOKEN)
kdc_1       | Sep 24 11:18:12 kdc kadmind[14](Notice): Request: kadm5_get_principal, scm/scm@EXAMPLE.COM, success, client=admin/admin@EXAMPLE.COM, service=kadmin/admin@EXAMPLE.COM, addr=127.0.0.1
nm_1        | 2020-09-24 11:20:58 INFO  DefaultContainerExecutor:634 - Deleting absolute path : /tmp/hadoop-hadoop/nm-local-dir/usercache/hadoop/appcache/application_1600946320636_0001/container_1600946320636_0001_01_000001/launch_container.sh
kms_1       | INFO: Couldn't find grammar element for class javax.ws.rs.core.Response
rm_1        | 2020-09-24 11:18:42 INFO  Server:1153 - IPC Server listener on 8032: starting
scm_1       | 2020-09-24 11:22:08,291 [IPC Server handler 68 on default port 9863] INFO block.BlockManagerImpl: Deleting blocks conID: 1 locID: 104919627082760216 bcsId: 0
datanode_3  | 2020-09-24 11:19:12,034 [ce890e8b-aab6-494a-b0bc-2902ebf55bda@group-74BC2817A78F-LeaderElection1] INFO impl.RoleInfo: ce890e8b-aab6-494a-b0bc-2902ebf55bda: start LeaderState
om_1        | 2020-09-24 11:22:15,739 [Socket Reader #1 for port 9862] INFO ipc.Server: Auth successful for hadoop/rm@EXAMPLE.COM (auth:TOKEN)
kdc_1       | Sep 24 11:18:12 kdc kadmind[14](info): closing down fd 18
nm_1        | 2020-09-24 11:20:58 INFO  DefaultContainerExecutor:634 - Deleting absolute path : /tmp/hadoop-hadoop/nm-local-dir/usercache/hadoop/appcache/application_1600946320636_0001/container_1600946320636_0001_01_000001/container_tokens
kms_1       | Sep 24, 2020 11:20:56 AM com.sun.jersey.server.wadl.generators.WadlGeneratorJAXBGrammarGenerator buildModelAndSchemas
rm_1        | 2020-09-24 11:18:42 INFO  ResourceManager:1308 - Transitioned to active state
scm_1       | 2020-09-24 11:22:08,291 [IPC Server handler 68 on default port 9863] INFO block.BlockManagerImpl: Deleting blocks 
datanode_3  | 2020-09-24 11:19:12,042 [ce890e8b-aab6-494a-b0bc-2902ebf55bda@group-74BC2817A78F-LeaderElection1] INFO segmented.SegmentedRaftLogWorker: ce890e8b-aab6-494a-b0bc-2902ebf55bda@group-74BC2817A78F-SegmentedRaftLogWorker: Starting segment from index:0
om_1        | 2020-09-24 11:22:18,037 [Socket Reader #1 for port 9862] INFO ipc.Server: Auth successful for hadoop/rm@EXAMPLE.COM (auth:KERBEROS)
kdc_1       | Sep 24 11:18:12 kdc kadmind[14](Notice): Request: kadm5_init, admin/admin@EXAMPLE.COM, success, client=admin/admin@EXAMPLE.COM, service=kadmin/admin@EXAMPLE.COM, addr=127.0.0.1, vers=4, flavor=6
kdc_1       | Sep 24 11:18:12 kdc kadmind[14](Notice): Request: kadm5_get_policy, default, Policy does not exist, client=admin/admin@EXAMPLE.COM, service=kadmin/admin@EXAMPLE.COM, addr=127.0.0.1
kms_1       | SEVERE: Failed to generate the schema for the JAX-B elements
rm_1        | 2020-09-24 11:18:42 INFO  Server:1849 - Auth successful for nm/nm@EXAMPLE.COM (auth:KERBEROS)
scm_1       | 2020-09-24 11:22:08,292 [IPC Server handler 68 on default port 9863] INFO block.BlockManagerImpl: Deleting blocks 
datanode_3  | 2020-09-24 11:19:12,049 [ce890e8b-aab6-494a-b0bc-2902ebf55bda@group-74BC2817A78F-SegmentedRaftLogWorker] INFO segmented.SegmentedRaftLogWorker: ce890e8b-aab6-494a-b0bc-2902ebf55bda@group-74BC2817A78F-SegmentedRaftLogWorker: created new log segment /data/metadata/ratis/9adfb3b0-d18c-40fc-bacf-74bc2817a78f/current/log_inprogress_0
kdc_1       | Sep 24 11:18:12 kdc kadmind[14](Notice): Request: kadm5_create_principal, dn/bc8afcaa7011@EXAMPLE.COM, success, client=admin/admin@EXAMPLE.COM, service=kadmin/admin@EXAMPLE.COM, addr=127.0.0.1
nm_1        | 2020-09-24 11:20:58 INFO  Server:1849 - Auth successful for appattempt_1600946320636_0001_000001 (auth:SIMPLE)
om_1        | 2020-09-24 11:22:20,145 [Socket Reader #1 for port 9862] INFO ipc.Server: Auth successful for hadoop/rm@EXAMPLE.COM (auth:KERBEROS)
kms_1       | com.sun.xml.bind.v2.runtime.IllegalAnnotationsException: 2 counts of IllegalAnnotationExceptions
rm_1        | 2020-09-24 11:18:43 INFO  ResourceTrackerService:497 - NodeManager from node nm(cmPort: 34163 httpPort: 8042) registered with capability: <memory:8192, vCores:8>, assigned nodeId nm:34163
scm_1       | 2020-09-24 11:22:08,292 [IPC Server handler 68 on default port 9863] INFO block.BlockManagerImpl: Deleting blocks 
datanode_3  | 2020-09-24 11:19:12,051 [ce890e8b-aab6-494a-b0bc-2902ebf55bda@group-74BC2817A78F-LeaderElection1] INFO impl.RaftServerImpl: ce890e8b-aab6-494a-b0bc-2902ebf55bda@group-74BC2817A78F: set configuration 0: [ce890e8b-aab6-494a-b0bc-2902ebf55bda:172.25.0.6:9858:0], old=null at 0
kdc_1       | Sep 24 11:18:12 kdc kadmind[14](info): closing down fd 18
nm_1        | 2020-09-24 11:20:58 INFO  ContainerManagerImpl:1409 - Stopping container with container Id: container_1600946320636_0001_01_000001
om_1        | 2020-09-24 11:22:20,768 [Socket Reader #1 for port 9862] INFO ipc.Server: Auth successful for hadoop/rm@EXAMPLE.COM (auth:KERBEROS)
kms_1       | java.util.Map is an interface, and JAXB can't handle interfaces.
rm_1        | 2020-09-24 11:18:43 INFO  RMNodeImpl:674 - nm:34163 Node Transitioned from NEW to RUNNING
scm_1       | 2020-09-24 11:22:08,292 [IPC Server handler 68 on default port 9863] INFO block.BlockManagerImpl: Deleting blocks 
datanode_3  | 2020-09-24 11:19:42,854 [ChunkWriter-9-0] INFO client.DNCertificateClient: Getting certificate with certSerialId:2534716807332.
kdc_1       | Sep 24 11:18:12 kdc kadmind[14](Notice): Request: kadm5_init, admin/admin@EXAMPLE.COM, success, client=admin/admin@EXAMPLE.COM, service=kadmin/admin@EXAMPLE.COM, addr=127.0.0.1, vers=4, flavor=6
nm_1        | 2020-09-24 11:20:58 INFO  NMAuditLogger:94 - USER=hadoop	IP=172.25.0.8	OPERATION=Stop Container Request	TARGET=ContainerManageImpl	RESULT=SUCCESS	APPID=application_1600946320636_0001	CONTAINERID=container_1600946320636_0001_01_000001
om_1        | 2020-09-24 11:22:23,041 [Socket Reader #1 for port 9862] INFO ipc.Server: Auth successful for hadoop/rm@EXAMPLE.COM (auth:KERBEROS)
kms_1       | 	this problem is related to the following location:
rm_1        | 2020-09-24 11:18:43 INFO  CapacityScheduler:2004 - Added node nm:34163 clusterResource: <memory:8192, vCores:8>
scm_1       | 2020-09-24 11:22:13,054 [Socket Reader #1 for port 9861] INFO ipc.Server: Auth successful for dn/bc8afcaa7011@EXAMPLE.COM (auth:KERBEROS)
kdc_1       | Sep 24 11:18:12 kdc kadmind[14](Notice): Request: kadm5_randkey_principal, dn/bc8afcaa7011@EXAMPLE.COM, success, client=admin/admin@EXAMPLE.COM, service=kadmin/admin@EXAMPLE.COM, addr=127.0.0.1
kdc_1       | Sep 24 11:18:12 kdc kadmind[14](Notice): Request: kadm5_get_principal, dn/bc8afcaa7011@EXAMPLE.COM, success, client=admin/admin@EXAMPLE.COM, service=kadmin/admin@EXAMPLE.COM, addr=127.0.0.1
nm_1        | 2020-09-24 11:20:59 INFO  NodeStatusUpdaterImpl:707 - Removed completed containers from NM context: [container_1600946320636_0001_01_000001]
kms_1       | 		at java.util.Map
rm_1        | 2020-09-24 11:20:24 INFO  Server:1849 - Auth successful for hadoop/rm@EXAMPLE.COM (auth:KERBEROS)
rm_1        | 2020-09-24 11:20:24 INFO  ClientRMService:355 - Allocated new applicationId: 1
om_1        | 2020-09-24 11:22:23,074 [Socket Reader #1 for port 9862] INFO ipc.Server: Auth successful for hadoop/rm@EXAMPLE.COM (auth:KERBEROS)
kdc_1       | Sep 24 11:18:12 kdc kadmind[14](info): closing down fd 18
nm_1        | 2020-09-24 11:20:59 INFO  ApplicationImpl:655 - Application application_1600946320636_0001 transitioned from RUNNING to APPLICATION_RESOURCES_CLEANINGUP
kms_1       | java.util.Map does not have a no-arg default constructor.
kms_1       | 	this problem is related to the following location:
kms_1       | 		at java.util.Map
kms_1       | 
kms_1       | 	at com.sun.xml.bind.v2.runtime.IllegalAnnotationsException$Builder.check(IllegalAnnotationsException.java:106)
kms_1       | 	at com.sun.xml.bind.v2.runtime.JAXBContextImpl.getTypeInfoSet(JAXBContextImpl.java:489)
rm_1        | 2020-09-24 11:20:25 INFO  CapacityScheduler:2641 - Application 'application_1600946320636_0001' is submitted without priority hence considering default queue/cluster priority: 0
om_1        | 2020-09-24 11:22:24,023 [Socket Reader #1 for port 9862] INFO ipc.Server: Auth successful for hadoop/rm@EXAMPLE.COM (auth:TOKEN)
rm_1        | 2020-09-24 11:20:25 INFO  CapacityScheduler:2662 - Priority '0' is acceptable in queue : default for application: application_1600946320636_0001
scm_1       | 2020-09-24 11:22:13,432 [Socket Reader #1 for port 9861] INFO ipc.Server: Auth successful for dn/841f1087d86f@EXAMPLE.COM (auth:KERBEROS)
kms_1       | 	at com.sun.xml.bind.v2.runtime.JAXBContextImpl.<init>(JAXBContextImpl.java:319)
kdc_1       | Sep 24 11:18:12 kdc kadmind[14](Notice): Request: kadm5_init, admin/admin@EXAMPLE.COM, success, client=admin/admin@EXAMPLE.COM, service=kadmin/admin@EXAMPLE.COM, addr=127.0.0.1, vers=4, flavor=6
nm_1        | 2020-09-24 11:20:59 INFO  AuxServices:350 - Got event APPLICATION_STOP for appId application_1600946320636_0001
om_1        | 2020-09-24 11:22:24,070 [Socket Reader #1 for port 9862] INFO ipc.Server: Auth successful for nm/nm@EXAMPLE.COM (auth:KERBEROS)
rm_1        | 2020-09-24 11:20:25 INFO  ClientRMService:662 - Application with id 1 submitted by user hadoop
scm_1       | 2020-09-24 11:22:13,456 [Socket Reader #1 for port 9861] INFO ipc.Server: Auth successful for dn/aeb667278ba0@EXAMPLE.COM (auth:KERBEROS)
kms_1       | 	at com.sun.xml.bind.v2.runtime.JAXBContextImpl$JAXBContextBuilder.build(JAXBContextImpl.java:1170)
kdc_1       | Sep 24 11:18:12 kdc kadmind[14](Notice): Request: kadm5_get_policy, default, Policy does not exist, client=admin/admin@EXAMPLE.COM, service=kadmin/admin@EXAMPLE.COM, addr=127.0.0.1
nm_1        | 2020-09-24 11:20:59 INFO  ApplicationImpl:655 - Application application_1600946320636_0001 transitioned from APPLICATION_RESOURCES_CLEANINGUP to FINISHED
om_1        | 2020-09-24 11:22:24,126 [Socket Reader #1 for port 9862] INFO ipc.Server: Auth successful for hadoop/rm@EXAMPLE.COM (auth:TOKEN)
rm_1        | 2020-09-24 11:20:25 INFO  RMAuditLogger:270 - USER=hadoop	IP=172.25.0.8	OPERATION=Submit Application Request	TARGET=ClientRMService	RESULT=SUCCESS	APPID=application_1600946320636_0001	CALLERCONTEXT=CLI
scm_1       | 2020-09-24 11:22:43,047 [Socket Reader #1 for port 9861] INFO ipc.Server: Auth successful for dn/bc8afcaa7011@EXAMPLE.COM (auth:KERBEROS)
kms_1       | 	at com.sun.xml.bind.v2.ContextFactory.createContext(ContextFactory.java:145)
kdc_1       | Sep 24 11:18:12 kdc kadmind[14](Notice): Request: kadm5_create_principal, HTTP/scm@EXAMPLE.COM, success, client=admin/admin@EXAMPLE.COM, service=kadmin/admin@EXAMPLE.COM, addr=127.0.0.1
nm_1        | 2020-09-24 11:20:59 INFO  AppLogAggregatorImpl:547 - Application just finished : application_1600946320636_0001
om_1        | 2020-09-24 11:22:24,174 [Socket Reader #1 for port 9862] INFO ipc.Server: Auth successful for hadoop/rm@EXAMPLE.COM (auth:TOKEN)
rm_1        | 2020-09-24 11:20:26 WARN  Token:475 - No TokenRenewer defined for token kind OzoneToken
scm_1       | 2020-09-24 11:22:43,437 [Socket Reader #1 for port 9861] INFO ipc.Server: Auth successful for dn/841f1087d86f@EXAMPLE.COM (auth:KERBEROS)
scm_1       | 2020-09-24 11:22:43,453 [Socket Reader #1 for port 9861] INFO ipc.Server: Auth successful for dn/aeb667278ba0@EXAMPLE.COM (auth:KERBEROS)
scm_1       | 2020-09-24 11:22:43,904 [Socket Reader #1 for port 9863] INFO ipc.Server: Auth successful for om/om@EXAMPLE.COM (auth:KERBEROS)
kms_1       | 	at sun.reflect.NativeMethodAccessorImpl.invoke0(Native Method)
kms_1       | 	at sun.reflect.NativeMethodAccessorImpl.invoke(NativeMethodAccessorImpl.java:62)
kms_1       | 	at sun.reflect.DelegatingMethodAccessorImpl.invoke(DelegatingMethodAccessorImpl.java:43)
kms_1       | 	at java.lang.reflect.Method.invoke(Method.java:498)
kms_1       | 	at javax.xml.bind.ContextFinder.newInstance(ContextFinder.java:247)
kms_1       | 	at javax.xml.bind.ContextFinder.newInstance(ContextFinder.java:234)
kms_1       | 	at javax.xml.bind.ContextFinder.find(ContextFinder.java:441)
kms_1       | 	at javax.xml.bind.JAXBContext.newInstance(JAXBContext.java:641)
kms_1       | 	at javax.xml.bind.JAXBContext.newInstance(JAXBContext.java:584)
kms_1       | 	at com.sun.jersey.server.wadl.generators.WadlGeneratorJAXBGrammarGenerator.buildModelAndSchemas(WadlGeneratorJAXBGrammarGenerator.java:169)
kms_1       | 	at com.sun.jersey.server.wadl.generators.AbstractWadlGeneratorGrammarGenerator.createExternalGrammar(AbstractWadlGeneratorGrammarGenerator.java:405)
kms_1       | 	at com.sun.jersey.server.wadl.WadlBuilder.generate(WadlBuilder.java:149)
kms_1       | 	at com.sun.jersey.server.impl.wadl.WadlApplicationContextImpl.getApplication(WadlApplicationContextImpl.java:119)
kms_1       | 	at com.sun.jersey.server.impl.wadl.WadlApplicationContextImpl.getApplication(WadlApplicationContextImpl.java:138)
kms_1       | 	at com.sun.jersey.server.impl.wadl.WadlMethodFactory$WadlOptionsMethodDispatcher.dispatch(WadlMethodFactory.java:110)
kms_1       | 	at com.sun.jersey.server.impl.uri.rules.HttpMethodRule.accept(HttpMethodRule.java:302)
kms_1       | 	at com.sun.jersey.server.impl.uri.rules.ResourceClassRule.accept(ResourceClassRule.java:108)
kms_1       | 	at com.sun.jersey.server.impl.uri.rules.RightHandPathRule.accept(RightHandPathRule.java:147)
kdc_1       | Sep 24 11:18:12 kdc kadmind[14](info): closing down fd 18
kdc_1       | Sep 24 11:18:12 kdc kadmind[14](Notice): Request: kadm5_init, admin/admin@EXAMPLE.COM, success, client=admin/admin@EXAMPLE.COM, service=kadmin/admin@EXAMPLE.COM, addr=127.0.0.1, vers=4, flavor=6
kdc_1       | Sep 24 11:18:12 kdc kadmind[14](Notice): Request: kadm5_randkey_principal, HTTP/scm@EXAMPLE.COM, success, client=admin/admin@EXAMPLE.COM, service=kadmin/admin@EXAMPLE.COM, addr=127.0.0.1
kdc_1       | Sep 24 11:18:12 kdc kadmind[14](Notice): Request: kadm5_get_principal, HTTP/scm@EXAMPLE.COM, success, client=admin/admin@EXAMPLE.COM, service=kadmin/admin@EXAMPLE.COM, addr=127.0.0.1
kdc_1       | Sep 24 11:18:12 kdc kadmind[14](info): closing down fd 18
rm_1        | 2020-09-24 11:20:26 INFO  TimelineClientImpl:129 - Timeline service address: jhs:8188
rm_1        | 2020-09-24 11:20:26 INFO  DelegationTokenRenewer:635 - Renewed delegation-token= [Kind: TIMELINE_DELEGATION_TOKEN, Service: 172.25.0.3:8188, Ident: (TIMELINE_DELEGATION_TOKEN owner=hadoop, renewer=rm, realUser=, issueDate=1600946425848, maxDate=1601551225848, sequenceNumber=1, masterKeyId=2);exp=1601032826265; apps=[application_1600946320636_0001]]
rm_1        | 2020-09-24 11:20:26 INFO  DelegationTokenRenewer:635 - Renewed delegation-token= [Kind: kms-dt, Service: kms://http@kms:9600/kms, Ident: (kms-dt owner=hadoop, renewer=rm, realUser=, issueDate=1600946424076, maxDate=1601551224076, sequenceNumber=1, masterKeyId=2);exp=1601032826385; apps=[application_1600946320636_0001]]
rm_1        | 2020-09-24 11:20:26 INFO  DelegationTokenRenewer:613 - Renew Kind: TIMELINE_DELEGATION_TOKEN, Service: 172.25.0.3:8188, Ident: (TIMELINE_DELEGATION_TOKEN owner=hadoop, renewer=rm, realUser=, issueDate=1600946425848, maxDate=1601551225848, sequenceNumber=1, masterKeyId=2);exp=1601032826265; apps=[application_1600946320636_0001] in 86399859 ms, appId = [application_1600946320636_0001]
rm_1        | 2020-09-24 11:20:26 INFO  DelegationTokenRenewer:613 - Renew Kind: kms-dt, Service: kms://http@kms:9600/kms, Ident: (kms-dt owner=hadoop, renewer=rm, realUser=, issueDate=1600946424076, maxDate=1601551224076, sequenceNumber=1, masterKeyId=2);exp=1601032826385; apps=[application_1600946320636_0001] in 86399979 ms, appId = [application_1600946320636_0001]
rm_1        | 2020-09-24 11:20:26 INFO  DelegationTokenRenewer:683 - RM proxy-user privilege is not enabled. Skip requesting hdfs tokens.
om_1        | 2020-09-24 11:22:24,252 [Socket Reader #1 for port 9862] INFO ipc.Server: Auth successful for hadoop/rm@EXAMPLE.COM (auth:TOKEN)
om_1        | 2020-09-24 11:22:26,014 [Socket Reader #1 for port 9862] INFO ipc.Server: Auth successful for hadoop/rm@EXAMPLE.COM (auth:TOKEN)
om_1        | 2020-09-24 11:22:26,392 [Socket Reader #1 for port 9862] INFO ipc.Server: Auth successful for hadoop/rm@EXAMPLE.COM (auth:TOKEN)
om_1        | 2020-09-24 11:22:26,440 [Socket Reader #1 for port 9862] INFO ipc.Server: Auth successful for hadoop/rm@EXAMPLE.COM (auth:TOKEN)
om_1        | 2020-09-24 11:22:26,481 [Socket Reader #1 for port 9862] INFO ipc.Server: Auth successful for hadoop/rm@EXAMPLE.COM (auth:TOKEN)
om_1        | 2020-09-24 11:22:26,512 [Socket Reader #1 for port 9862] INFO ipc.Server: Auth successful for hadoop/rm@EXAMPLE.COM (auth:TOKEN)
nm_1        | 2020-09-24 11:20:59 INFO  deprecation:1394 - io.bytes.per.checksum is deprecated. Instead, use dfs.bytes-per-checksum
kdc_1       | Sep 24 11:18:12 kdc kadmind[14](Notice): Request: kadm5_init, admin/admin@EXAMPLE.COM, success, client=admin/admin@EXAMPLE.COM, service=kadmin/admin@EXAMPLE.COM, addr=127.0.0.1, vers=4, flavor=6
kdc_1       | Sep 24 11:18:12 kdc kadmind[14](Notice): Request: kadm5_get_policy, default, Policy does not exist, client=admin/admin@EXAMPLE.COM, service=kadmin/admin@EXAMPLE.COM, addr=127.0.0.1
om_1        | 2020-09-24 11:22:26,551 [Socket Reader #1 for port 9862] INFO ipc.Server: Auth successful for hadoop/rm@EXAMPLE.COM (auth:TOKEN)
om_1        | 2020-09-24 11:22:26,587 [Socket Reader #1 for port 9862] INFO ipc.Server: Auth successful for hadoop/rm@EXAMPLE.COM (auth:TOKEN)
om_1        | 2020-09-24 11:22:35,764 [Socket Reader #1 for port 9862] INFO ipc.Server: Auth successful for hadoop/rm@EXAMPLE.COM (auth:TOKEN)
om_1        | 2020-09-24 11:22:37,909 [Socket Reader #1 for port 9862] INFO ipc.Server: Auth successful for hadoop/rm@EXAMPLE.COM (auth:TOKEN)
om_1        | 2020-09-24 11:22:39,441 [Socket Reader #1 for port 9862] INFO ipc.Server: Auth successful for hadoop/rm@EXAMPLE.COM (auth:TOKEN)
om_1        | 2020-09-24 11:22:43,515 [Socket Reader #1 for port 9862] INFO ipc.Server: Auth successful for hadoop/rm@EXAMPLE.COM (auth:TOKEN)
om_1        | 2020-09-24 11:22:45,126 [Socket Reader #1 for port 9862] INFO ipc.Server: Auth successful for hadoop/rm@EXAMPLE.COM (auth:TOKEN)
kdc_1       | Sep 24 11:18:12 kdc kadmind[14](Notice): Request: kadm5_create_principal, HTTP/bc8afcaa7011@EXAMPLE.COM, success, client=admin/admin@EXAMPLE.COM, service=kadmin/admin@EXAMPLE.COM, addr=127.0.0.1
kdc_1       | Sep 24 11:18:12 kdc kadmind[14](info): closing down fd 18
kdc_1       | Sep 24 11:18:12 kdc kadmind[14](Notice): Request: kadm5_init, admin/admin@EXAMPLE.COM, success, client=admin/admin@EXAMPLE.COM, service=kadmin/admin@EXAMPLE.COM, addr=127.0.0.1, vers=4, flavor=6
kdc_1       | Sep 24 11:18:12 kdc kadmind[14](Notice): Request: kadm5_randkey_principal, HTTP/bc8afcaa7011@EXAMPLE.COM, success, client=admin/admin@EXAMPLE.COM, service=kadmin/admin@EXAMPLE.COM, addr=127.0.0.1
kdc_1       | Sep 24 11:18:12 kdc kadmind[14](Notice): Request: kadm5_get_principal, HTTP/bc8afcaa7011@EXAMPLE.COM, success, client=admin/admin@EXAMPLE.COM, service=kadmin/admin@EXAMPLE.COM, addr=127.0.0.1
kdc_1       | Sep 24 11:18:12 kdc kadmind[14](info): closing down fd 18
kdc_1       | Sep 24 11:18:12 kdc kadmind[14](Notice): Request: kadm5_init, admin/admin@EXAMPLE.COM, success, client=admin/admin@EXAMPLE.COM, service=kadmin/admin@EXAMPLE.COM, addr=127.0.0.1, vers=4, flavor=6
kdc_1       | Sep 24 11:18:12 kdc kadmind[14](Notice): Request: kadm5_get_policy, default, Policy does not exist, client=admin/admin@EXAMPLE.COM, service=kadmin/admin@EXAMPLE.COM, addr=127.0.0.1
rm_1        | 2020-09-24 11:20:26 INFO  RMAppImpl:1291 - Storing application with id application_1600946320636_0001
rm_1        | 2020-09-24 11:20:26 INFO  RMAppImpl:928 - application_1600946320636_0001 State change from NEW to NEW_SAVING on event = START
kms_1       | 	at com.sun.jersey.server.impl.uri.rules.RootResourceClassesRule.accept(RootResourceClassesRule.java:84)
kms_1       | 	at com.sun.jersey.server.impl.application.WebApplicationImpl._handleRequest(WebApplicationImpl.java:1542)
nm_1        | 2020-09-24 11:20:59 INFO  Server:1849 - Auth successful for appattempt_1600946320636_0002_000001 (auth:SIMPLE)
nm_1        | 2020-09-24 11:20:59 INFO  ContainerManagerImpl:1070 - Start request for container_1600946320636_0002_01_000001 by user hadoop
rm_1        | 2020-09-24 11:20:26 INFO  RMStateStore:223 - Storing info for app: application_1600946320636_0001
rm_1        | 2020-09-24 11:20:26 INFO  RMAppImpl:928 - application_1600946320636_0001 State change from NEW_SAVING to SUBMITTED on event = APP_NEW_SAVED
kdc_1       | Sep 24 11:18:12 kdc kadmind[14](Notice): Request: kadm5_create_principal, s3g/s3g@EXAMPLE.COM, success, client=admin/admin@EXAMPLE.COM, service=kadmin/admin@EXAMPLE.COM, addr=127.0.0.1
kdc_1       | Sep 24 11:18:12 kdc kadmind[14](info): closing down fd 18
rm_1        | 2020-09-24 11:20:26 INFO  ParentQueue:494 - Application added - appId: application_1600946320636_0001 user: hadoop leaf-queue of parent: root #applications: 1
rm_1        | 2020-09-24 11:20:26 INFO  CapacityScheduler:1006 - Accepted application application_1600946320636_0001 from user: hadoop, in queue: default
rm_1        | 2020-09-24 11:20:26 INFO  RMAppImpl:928 - application_1600946320636_0001 State change from SUBMITTED to ACCEPTED on event = APP_ACCEPTED
rm_1        | 2020-09-24 11:20:26 INFO  ApplicationMasterService:471 - Registering app attempt : appattempt_1600946320636_0001_000001
kms_1       | 	at com.sun.jersey.server.impl.application.WebApplicationImpl._handleRequest(WebApplicationImpl.java:1473)
kms_1       | 	at com.sun.jersey.server.impl.application.WebApplicationImpl.handleRequest(WebApplicationImpl.java:1419)
rm_1        | 2020-09-24 11:20:26 INFO  RMAppAttemptImpl:925 - appattempt_1600946320636_0001_000001 State change from NEW to SUBMITTED on event = START
rm_1        | 2020-09-24 11:20:26 WARN  LeafQueue:842 - maximum-am-resource-percent is insufficient to start a single application in queue, it is likely set too low. skipping enforcement to allow at least one application to start
rm_1        | 2020-09-24 11:20:26 WARN  LeafQueue:878 - maximum-am-resource-percent is insufficient to start a single application in queue for user, it is likely set too low. skipping enforcement to allow at least one application to start
kdc_1       | Sep 24 11:18:12 kdc kadmind[14](Notice): Request: kadm5_init, admin/admin@EXAMPLE.COM, success, client=admin/admin@EXAMPLE.COM, service=kadmin/admin@EXAMPLE.COM, addr=127.0.0.1, vers=4, flavor=6
kdc_1       | Sep 24 11:18:12 kdc kadmind[14](Notice): Request: kadm5_randkey_principal, s3g/s3g@EXAMPLE.COM, success, client=admin/admin@EXAMPLE.COM, service=kadmin/admin@EXAMPLE.COM, addr=127.0.0.1
rm_1        | 2020-09-24 11:20:26 INFO  LeafQueue:907 - Application application_1600946320636_0001 from user: hadoop activated in queue: default
