om_1        | 2020-09-24 11:20:21,417 [Socket Reader #1 for port 9862] INFO ipc.Server: Auth successful for hadoop/rm@EXAMPLE.COM (auth:KERBEROS)
datanode_2  | 2020-09-24 11:19:09,448 [eb996038-17eb-4e76-b625-940e268c7b4a@group-2AC4517AEBCD-LeaderElection2] INFO server.RaftServerConfigKeys: raft.server.log.appender.buffer.byte-limit = 33554432 (custom)
scm_1       | 2020-09-24 11:19:06,888 [EventQueue-PipelineReportForPipelineReportHandler] INFO pipeline.PipelineStateManager: Pipeline Pipeline[ Id: 99c0bd50-72b2-4b9c-ab2d-7e506c56fb2c, Nodes: d9a7d518-a646-42ef-bcc9-4167c4ef30fb{ip: 172.25.0.7, host: ozonesecure-mr_datanode_1.ozone, networkLocation: /default-rack, certSerialId: null}, Type:RATIS, Factor:ONE, State:ALLOCATED, leaderId:d9a7d518-a646-42ef-bcc9-4167c4ef30fb, CreationTimestamp2020-09-24T11:19:00.716610Z] moved to OPEN state
kdc_1       | Sep 24 11:18:12 kdc krb5kdc[9](info): AS_REQ (8 etypes {18 17 20 19 16 23 25 26}) 127.0.0.1: ISSUE: authtime 1600946292, etypes {rep=18 tkt=18 ses=18}, admin/admin@EXAMPLE.COM for kadmin/admin@EXAMPLE.COM
nm_1        | 2020-09-24 11:20:45 INFO  ContainersMonitorImpl:1004 - Stopping resource-monitoring for container_1600946320636_0001_01_000002
kms_1       | 	at com.sun.jersey.server.impl.application.WebApplicationImpl.handleRequest(WebApplicationImpl.java:1419)
rm_1        | 2020-09-24 11:18:28 INFO  AsyncDispatcher:223 - Registering class org.apache.hadoop.yarn.server.resourcemanager.metrics.AbstractSystemMetricsPublisher$SystemMetricsEventType for class org.apache.hadoop.yarn.server.resourcemanager.metrics.TimelineServiceV1Publisher$TimelineV1EventHandler
datanode_3  | 2020-09-24 11:19:06,833 [pool-20-thread-1] INFO storage.RaftStorage: Storage directory /data/metadata/ratis/9adfb3b0-d18c-40fc-bacf-74bc2817a78f has been successfully formatted.
om_1        | 2020-09-24 11:20:23,751 [Socket Reader #1 for port 9862] INFO ipc.Server: Auth successful for hadoop/rm@EXAMPLE.COM (auth:KERBEROS)
datanode_2  | 2020-09-24 11:19:09,449 [eb996038-17eb-4e76-b625-940e268c7b4a@group-2AC4517AEBCD-LeaderElection2] INFO server.RaftServerConfigKeys: raft.server.log.appender.buffer.element-limit = 1 (custom)
scm_1       | 2020-09-24 11:19:06,889 [EventQueue-OpenPipelineForHealthyPipelineSafeModeRule] INFO safemode.SCMSafeModeManager: SCM in safe mode. Healthy pipelines reported count is 0, required healthy pipeline reported count is 1
kdc_1       | Sep 24 11:18:12 kdc krb5kdc[9](info): AS_REQ (8 etypes {18 17 20 19 16 23 25 26}) 127.0.0.1: SERVER_NOT_FOUND: admin/admin@EXAMPLE.COM for kadmin/localhost@EXAMPLE.COM, Server not found in Kerberos database
nm_1        | 2020-09-24 11:20:45 INFO  AppLogAggregatorImpl:539 - Considering container container_1600946320636_0001_01_000002 for log-aggregation
kms_1       | 	at com.sun.jersey.server.impl.application.WebApplicationImpl.handleRequest(WebApplicationImpl.java:1409)
rm_1        | 2020-09-24 11:18:28 INFO  AsyncDispatcher:223 - Registering class org.apache.hadoop.yarn.server.resourcemanager.metrics.AbstractSystemMetricsPublisher$SystemMetricsEventType for class org.apache.hadoop.yarn.server.resourcemanager.metrics.TimelineServiceV1Publisher$TimelineV1EventHandler
datanode_3  | 2020-09-24 11:19:06,833 [pool-20-thread-1] INFO ratis.ContainerStateMachine: group-74BC2817A78F: The snapshot info is null. Setting the last applied indexto:(t:0, i:~)
om_1        | 2020-09-24 11:20:25,081 [Socket Reader #1 for port 9862] INFO ipc.Server: Auth successful for hadoop/rm@EXAMPLE.COM (auth:KERBEROS)
datanode_2  | 2020-09-24 11:19:09,449 [eb996038-17eb-4e76-b625-940e268c7b4a@group-2AC4517AEBCD-LeaderElection2] INFO grpc.GrpcConfigKeys: raft.grpc.server.leader.outstanding.appends.max = 128 (default)
scm_1       | 2020-09-24 11:19:06,889 [EventQueue-OpenPipelineForOneReplicaPipelineSafeModeRule] INFO safemode.SCMSafeModeManager: AtleastOneDatanodeReportedRule rule is successfully validated
kdc_1       | Sep 24 11:18:12 kdc krb5kdc[9](info): AS_REQ (8 etypes {18 17 20 19 16 23 25 26}) 127.0.0.1: ISSUE: authtime 1600946292, etypes {rep=18 tkt=18 ses=18}, admin/admin@EXAMPLE.COM for kadmin/admin@EXAMPLE.COM
nm_1        | 2020-09-24 11:20:45 INFO  AuxServices:350 - Got event CONTAINER_STOP for appId application_1600946320636_0001
kms_1       | 	at com.sun.jersey.spi.container.servlet.WebComponent.service(WebComponent.java:409)
kms_1       | 	at com.sun.jersey.spi.container.servlet.ServletContainer.service(ServletContainer.java:558)
datanode_3  | 2020-09-24 11:19:06,846 [pool-20-thread-1] INFO server.RaftServerConfigKeys: raft.server.notification.no-leader.timeout = 300s (custom)
om_1        | 2020-09-24 11:20:25,131 [Socket Reader #1 for port 9862] INFO ipc.Server: Auth successful for hadoop/rm@EXAMPLE.COM (auth:KERBEROS)
datanode_2  | 2020-09-24 11:19:09,449 [eb996038-17eb-4e76-b625-940e268c7b4a@group-2AC4517AEBCD-LeaderElection2] INFO server.RaftServerConfigKeys: raft.server.rpc.request.timeout = 60s (custom)
scm_1       | 2020-09-24 11:19:06,973 [Socket Reader #1 for port 9961] INFO ipc.Server: Auth successful for HTTP/scm@EXAMPLE.COM (auth:KERBEROS)
kdc_1       | Sep 24 11:18:12 kdc krb5kdc[9](info): AS_REQ (8 etypes {18 17 20 19 16 23 25 26}) 127.0.0.1: SERVER_NOT_FOUND: admin/admin@EXAMPLE.COM for kadmin/localhost@EXAMPLE.COM, Server not found in Kerberos database
nm_1        | 2020-09-24 11:20:45 INFO  DefaultContainerExecutor:634 - Deleting absolute path : /tmp/hadoop-hadoop/nm-local-dir/usercache/hadoop/appcache/application_1600946320636_0001/container_1600946320636_0001_01_000002/launch_container.sh
kms_1       | 	at com.sun.jersey.spi.container.servlet.ServletContainer.service(ServletContainer.java:733)
rm_1        | 2020-09-24 11:18:28 INFO  log:192 - Logging initialized @15931ms
datanode_3  | 2020-09-24 11:19:06,848 [pool-20-thread-1] INFO server.RaftServerConfigKeys: raft.server.log.use.memory = false (default)
om_1        | 2020-09-24 11:20:27,975 [Socket Reader #1 for port 9862] INFO ipc.Server: Auth successful for nm/nm@EXAMPLE.COM (auth:KERBEROS)
datanode_2  | 2020-09-24 11:19:09,449 [eb996038-17eb-4e76-b625-940e268c7b4a@group-2AC4517AEBCD-LeaderElection2] INFO server.RaftServerConfigKeys: raft.server.log.appender.install.snapshot.enabled = false (custom)
scm_1       | 2020-09-24 11:19:07,434 [Socket Reader #1 for port 9860] INFO ipc.Server: Auth successful for HTTP/scm@EXAMPLE.COM (auth:KERBEROS)
kdc_1       | Sep 24 11:18:12 kdc krb5kdc[9](info): AS_REQ (8 etypes {18 17 20 19 16 23 25 26}) 127.0.0.1: ISSUE: authtime 1600946292, etypes {rep=18 tkt=18 ses=18}, admin/admin@EXAMPLE.COM for kadmin/admin@EXAMPLE.COM
nm_1        | 2020-09-24 11:20:45 INFO  DefaultContainerExecutor:634 - Deleting absolute path : /tmp/hadoop-hadoop/nm-local-dir/usercache/hadoop/appcache/application_1600946320636_0001/container_1600946320636_0001_01_000002/container_tokens
kms_1       | 	at javax.servlet.http.HttpServlet.service(HttpServlet.java:790)
rm_1        | 2020-09-24 11:18:29 INFO  AuthenticationFilter:240 - Unable to initialize FileSignerSecretProvider, falling back to use random secrets.
datanode_3  | 2020-09-24 11:19:06,848 [pool-20-thread-1] INFO server.RaftServerConfigKeys: raft.server.log.purge.gap = 1000000 (custom)
om_1        | 2020-09-24 11:20:28,208 [IPC Server handler 48 on default port 9862] INFO volume.OMVolumeCreateRequest: created volume:tmp for user:nm/nm@EXAMPLE.COM
datanode_2  | 2020-09-24 11:19:09,450 [eb996038-17eb-4e76-b625-940e268c7b4a@group-2AC4517AEBCD-LeaderElection2] INFO impl.RoleInfo: eb996038-17eb-4e76-b625-940e268c7b4a: start LeaderState
scm_1       | 2020-09-24 11:19:09,410 [EventQueue-PipelineReportForPipelineReportHandler] INFO pipeline.PipelineStateManager: Pipeline Pipeline[ Id: 866c381b-546f-4055-bd0a-2ac4517aebcd, Nodes: d9a7d518-a646-42ef-bcc9-4167c4ef30fb{ip: 172.25.0.7, host: ozonesecure-mr_datanode_1.ozone, networkLocation: /default-rack, certSerialId: null}ce890e8b-aab6-494a-b0bc-2902ebf55bda{ip: 172.25.0.6, host: ozonesecure-mr_datanode_3.ozone, networkLocation: /default-rack, certSerialId: null}eb996038-17eb-4e76-b625-940e268c7b4a{ip: 172.25.0.12, host: ozonesecure-mr_datanode_2.ozone, networkLocation: /default-rack, certSerialId: null}, Type:RATIS, Factor:THREE, State:ALLOCATED, leaderId:eb996038-17eb-4e76-b625-940e268c7b4a, CreationTimestamp2020-09-24T11:19:00.687601Z] moved to OPEN state
kdc_1       | Sep 24 11:18:12 kdc krb5kdc[9](info): AS_REQ (8 etypes {18 17 20 19 16 23 25 26}) 127.0.0.1: SERVER_NOT_FOUND: admin/admin@EXAMPLE.COM for kadmin/localhost@EXAMPLE.COM, Server not found in Kerberos database
nm_1        | 2020-09-24 11:20:47 INFO  ContainerLaunch:595 - Container container_1600946320636_0001_01_000003 succeeded 
kms_1       | 	at org.eclipse.jetty.servlet.ServletHolder.handle(ServletHolder.java:848)
rm_1        | 2020-09-24 11:18:29 INFO  HttpRequestLog:81 - Http request log for http.requests.resourcemanager is not defined
rm_1        | 2020-09-24 11:18:29 INFO  HttpServer2:975 - Added global filter 'safety' (class=org.apache.hadoop.http.HttpServer2$QuotingInputFilter)
om_1        | 2020-09-24 11:20:28,298 [Socket Reader #1 for port 9862] INFO ipc.Server: Auth successful for hadoop/rm@EXAMPLE.COM (auth:TOKEN)
datanode_2  | 2020-09-24 11:19:09,451 [eb996038-17eb-4e76-b625-940e268c7b4a@group-2AC4517AEBCD-LeaderElection2] INFO segmented.SegmentedRaftLogWorker: eb996038-17eb-4e76-b625-940e268c7b4a@group-2AC4517AEBCD-SegmentedRaftLogWorker: Starting segment from index:0
scm_1       | 2020-09-24 11:19:09,410 [EventQueue-OpenPipelineForOneReplicaPipelineSafeModeRule] INFO safemode.SCMSafeModeManager: AtleastOneDatanodeReportedRule rule is successfully validated
kdc_1       | Sep 24 11:18:12 kdc krb5kdc[9](info): AS_REQ (8 etypes {18 17 20 19 16 23 25 26}) 127.0.0.1: ISSUE: authtime 1600946292, etypes {rep=18 tkt=18 ses=18}, admin/admin@EXAMPLE.COM for kadmin/admin@EXAMPLE.COM
nm_1        | 2020-09-24 11:20:47 INFO  ContainerImpl:2112 - Container container_1600946320636_0001_01_000003 transitioned from RUNNING to EXITED_WITH_SUCCESS
kms_1       | 	at org.eclipse.jetty.servlet.ServletHandler$CachedChain.doFilter(ServletHandler.java:1772)
rm_1        | 2020-09-24 11:18:29 INFO  HttpServer2:948 - Added filter static_user_filter (class=org.apache.hadoop.http.lib.StaticUserWebFilter$StaticUserFilter) to context cluster
datanode_3  | 2020-09-24 11:19:06,848 [pool-20-thread-1] INFO metrics.RatisMetrics: Creating Metrics Registry : ratis.log_worker.ce890e8b-aab6-494a-b0bc-2902ebf55bda@group-74BC2817A78F
om_1        | 2020-09-24 11:20:28,517 [Socket Reader #1 for port 9862] INFO ipc.Server: Auth successful for hadoop/rm@EXAMPLE.COM (auth:TOKEN)
datanode_2  | 2020-09-24 11:19:09,452 [eb996038-17eb-4e76-b625-940e268c7b4a@group-2AC4517AEBCD-LeaderElection2] INFO impl.RaftServerImpl: eb996038-17eb-4e76-b625-940e268c7b4a@group-2AC4517AEBCD: set configuration 0: [d9a7d518-a646-42ef-bcc9-4167c4ef30fb:172.25.0.7:9858:0, eb996038-17eb-4e76-b625-940e268c7b4a:172.25.0.12:9858:0, ce890e8b-aab6-494a-b0bc-2902ebf55bda:172.25.0.6:9858:0], old=null at 0
scm_1       | 2020-09-24 11:19:09,411 [EventQueue-OpenPipelineForHealthyPipelineSafeModeRule] INFO safemode.SCMSafeModeManager: SCM in safe mode. Healthy pipelines reported count is 1, required healthy pipeline reported count is 1
kdc_1       | Sep 24 11:18:12 kdc krb5kdc[9](info): AS_REQ (8 etypes {18 17 20 19 16 23 25 26}) 127.0.0.1: SERVER_NOT_FOUND: admin/admin@EXAMPLE.COM for kadmin/localhost@EXAMPLE.COM, Server not found in Kerberos database
nm_1        | 2020-09-24 11:20:47 INFO  NMAuditLogger:94 - USER=hadoop	OPERATION=Container Finished - Succeeded	TARGET=ContainerImpl	RESULT=SUCCESS	APPID=application_1600946320636_0001	CONTAINERID=container_1600946320636_0001_01_000003
kms_1       | 	at org.apache.hadoop.crypto.key.kms.server.KMSMDCFilter.doFilter(KMSMDCFilter.java:84)
rm_1        | 2020-09-24 11:18:29 INFO  HttpServer2:958 - Added filter static_user_filter (class=org.apache.hadoop.http.lib.StaticUserWebFilter$StaticUserFilter) to context static
datanode_3  | 2020-09-24 11:19:06,858 [pool-20-thread-1] INFO server.RaftServerConfigKeys: raft.server.log.appender.buffer.byte-limit = 33554432 (custom)
om_1        | 2020-09-24 11:20:31,658 [Socket Reader #1 for port 9862] INFO ipc.Server: Auth successful for hadoop/rm@EXAMPLE.COM (auth:TOKEN)
datanode_2  | 2020-09-24 11:19:09,461 [eb996038-17eb-4e76-b625-940e268c7b4a@group-2AC4517AEBCD-SegmentedRaftLogWorker] INFO segmented.SegmentedRaftLogWorker: eb996038-17eb-4e76-b625-940e268c7b4a@group-2AC4517AEBCD-SegmentedRaftLogWorker: created new log segment /data/metadata/ratis/866c381b-546f-4055-bd0a-2ac4517aebcd/current/log_inprogress_0
scm_1       | 2020-09-24 11:19:09,414 [EventQueue-OpenPipelineForHealthyPipelineSafeModeRule] INFO safemode.SCMSafeModeManager: HealthyPipelineSafeModeRule rule is successfully validated
kdc_1       | Sep 24 11:18:12 kdc krb5kdc[9](info): AS_REQ (8 etypes {18 17 20 19 16 23 25 26}) 127.0.0.1: ISSUE: authtime 1600946292, etypes {rep=18 tkt=18 ses=18}, admin/admin@EXAMPLE.COM for kadmin/admin@EXAMPLE.COM
nm_1        | 2020-09-24 11:20:47 INFO  ContainerCleanup:87 - Cleaning up container container_1600946320636_0001_01_000003
kms_1       | 	at org.eclipse.jetty.servlet.ServletHandler$CachedChain.doFilter(ServletHandler.java:1759)
rm_1        | 2020-09-24 11:18:29 INFO  HttpServer2:958 - Added filter static_user_filter (class=org.apache.hadoop.http.lib.StaticUserWebFilter$StaticUserFilter) to context logs
datanode_3  | 2020-09-24 11:19:06,859 [pool-20-thread-1] INFO server.RaftServerConfigKeys: raft.server.log.segment.size.max = 1048576 (custom)
om_1        | 2020-09-24 11:20:32,041 [Socket Reader #1 for port 9862] INFO ipc.Server: Auth successful for hadoop/rm@EXAMPLE.COM (auth:TOKEN)
datanode_2  | 2020-09-24 11:19:42,480 [ChunkWriter-2-0] INFO client.DNCertificateClient: Getting certificate with certSerialId:2534716807332.
scm_1       | 2020-09-24 11:19:09,414 [EventQueue-OpenPipelineForHealthyPipelineSafeModeRule] INFO safemode.SCMSafeModeManager: ScmSafeModeManager, all rules are successfully validated
kdc_1       | Sep 24 11:18:12 kdc krb5kdc[9](info): AS_REQ (8 etypes {18 17 20 19 16 23 25 26}) 127.0.0.1: SERVER_NOT_FOUND: admin/admin@EXAMPLE.COM for kadmin/localhost@EXAMPLE.COM, Server not found in Kerberos database
nm_1        | 2020-09-24 11:20:47 INFO  ContainerImpl:2112 - Container container_1600946320636_0001_01_000003 transitioned from EXITED_WITH_SUCCESS to DONE
kms_1       | 	at org.apache.hadoop.security.authentication.server.AuthenticationFilter.doFilter(AuthenticationFilter.java:644)
rm_1        | 2020-09-24 11:18:29 INFO  HttpServer2:613 - adding path spec: /cluster/*
datanode_3  | 2020-09-24 11:19:06,859 [pool-20-thread-1] INFO server.RaftServerConfigKeys: raft.server.log.segment.cache.num.max = 2 (custom)
om_1        | 2020-09-24 11:20:32,089 [Socket Reader #1 for port 9862] INFO ipc.Server: Auth successful for hadoop/rm@EXAMPLE.COM (auth:TOKEN)
scm_1       | 2020-09-24 11:19:09,414 [EventQueue-OpenPipelineForHealthyPipelineSafeModeRule] INFO safemode.SCMSafeModeManager: SCM exiting safe mode.
scm_1       | 2020-09-24 11:19:13,316 [Socket Reader #1 for port 9961] INFO ipc.Server: Auth successful for HTTP/scm@EXAMPLE.COM (auth:KERBEROS)
nm_1        | 2020-09-24 11:20:47 INFO  ApplicationImpl:512 - Removing container_1600946320636_0001_01_000003 from application application_1600946320636_0001
kms_1       | 	at org.apache.hadoop.security.token.delegation.web.DelegationTokenAuthenticationFilter.doFilter(DelegationTokenAuthenticationFilter.java:304)
rm_1        | 2020-09-24 11:18:29 INFO  HttpServer2:613 - adding path spec: /ws/*
datanode_3  | 2020-09-24 11:19:06,859 [pool-20-thread-1] INFO segmented.SegmentedRaftLogWorker: new ce890e8b-aab6-494a-b0bc-2902ebf55bda@group-74BC2817A78F-SegmentedRaftLogWorker for RaftStorage:Storage Directory /data/metadata/ratis/9adfb3b0-d18c-40fc-bacf-74bc2817a78f
om_1        | 2020-09-24 11:20:32,132 [Socket Reader #1 for port 9862] INFO ipc.Server: Auth successful for hadoop/rm@EXAMPLE.COM (auth:TOKEN)
scm_1       | 2020-09-24 11:19:13,440 [Socket Reader #1 for port 9860] INFO ipc.Server: Auth successful for HTTP/scm@EXAMPLE.COM (auth:KERBEROS)
kdc_1       | Sep 24 11:18:12 kdc krb5kdc[9](info): AS_REQ (8 etypes {18 17 20 19 16 23 25 26}) 127.0.0.1: ISSUE: authtime 1600946292, etypes {rep=18 tkt=18 ses=18}, admin/admin@EXAMPLE.COM for kadmin/admin@EXAMPLE.COM
nm_1        | 2020-09-24 11:20:47 INFO  ContainersMonitorImpl:1004 - Stopping resource-monitoring for container_1600946320636_0001_01_000003
kms_1       | 	at org.apache.hadoop.security.authentication.server.AuthenticationFilter.doFilter(AuthenticationFilter.java:592)
rm_1        | 2020-09-24 11:18:29 INFO  HttpServer2:613 - adding path spec: /app/*
datanode_3  | 2020-09-24 11:19:06,859 [pool-20-thread-1] INFO server.RaftServerConfigKeys: raft.server.log.queue.byte-limit = 2147483647 (custom)
om_1        | 2020-09-24 11:20:32,165 [Socket Reader #1 for port 9862] INFO ipc.Server: Auth successful for hadoop/rm@EXAMPLE.COM (auth:TOKEN)
scm_1       | 2020-09-24 11:19:39,424 [Socket Reader #1 for port 9861] INFO ipc.Server: Auth successful for dn/bc8afcaa7011@EXAMPLE.COM (auth:KERBEROS)
kdc_1       | Sep 24 11:18:12 kdc krb5kdc[9](info): AS_REQ (8 etypes {18 17 20 19 16 23 25 26}) 127.0.0.1: SERVER_NOT_FOUND: admin/admin@EXAMPLE.COM for kadmin/localhost@EXAMPLE.COM, Server not found in Kerberos database
nm_1        | 2020-09-24 11:20:47 INFO  AppLogAggregatorImpl:539 - Considering container container_1600946320636_0001_01_000003 for log-aggregation
kms_1       | 	at org.apache.hadoop.crypto.key.kms.server.KMSAuthenticationFilter.doFilter(KMSAuthenticationFilter.java:142)
rm_1        | 2020-09-24 11:18:33 INFO  WebApps:395 - Registered webapp guice modules
datanode_3  | 2020-09-24 11:19:06,859 [pool-20-thread-1] INFO server.RaftServerConfigKeys: raft.server.log.queue.element-limit = 1024 (custom)
om_1        | 2020-09-24 11:20:32,197 [Socket Reader #1 for port 9862] INFO ipc.Server: Auth successful for hadoop/rm@EXAMPLE.COM (auth:TOKEN)
scm_1       | 2020-09-24 11:19:40,227 [Socket Reader #1 for port 9863] INFO ipc.Server: Auth successful for om/om@EXAMPLE.COM (auth:KERBEROS)
kdc_1       | Sep 24 11:18:12 kdc krb5kdc[9](info): AS_REQ (8 etypes {18 17 20 19 16 23 25 26}) 127.0.0.1: ISSUE: authtime 1600946292, etypes {rep=18 tkt=18 ses=18}, admin/admin@EXAMPLE.COM for kadmin/admin@EXAMPLE.COM
nm_1        | 2020-09-24 11:20:47 INFO  AuxServices:350 - Got event CONTAINER_STOP for appId application_1600946320636_0001
kms_1       | 	at org.eclipse.jetty.servlet.ServletHandler$CachedChain.doFilter(ServletHandler.java:1751)
rm_1        | 2020-09-24 11:18:33 INFO  HttpServer2:1191 - Jetty bound to port 8088
rm_1        | 2020-09-24 11:18:33 INFO  Server:351 - jetty-9.3.24.v20180605, build timestamp: 2018-06-05T17:11:56Z, git hash: 84205aa28f11a4f31f2a3b86d1bba2cc8ab69827
scm_1       | 2020-09-24 11:19:42,034 [Socket Reader #1 for port 9861] INFO ipc.Server: Auth successful for dn/aeb667278ba0@EXAMPLE.COM (auth:KERBEROS)
om_1        | 2020-09-24 11:20:32,227 [IPC Server handler 36 on default port 9862] INFO volume.OMVolumeCreateRequest: created volume:user for user:hadoop
kdc_1       | Sep 24 11:18:12 kdc krb5kdc[9](info): AS_REQ (8 etypes {18 17 20 19 16 23 25 26}) 127.0.0.1: SERVER_NOT_FOUND: admin/admin@EXAMPLE.COM for kadmin/localhost@EXAMPLE.COM, Server not found in Kerberos database
nm_1        | 2020-09-24 11:20:47 INFO  NodeStatusUpdaterImpl:707 - Removed completed containers from NM context: [container_1600946320636_0001_01_000002]
kms_1       | 	at org.apache.hadoop.http.HttpServer2$QuotingInputFilter.doFilter(HttpServer2.java:1609)
rm_1        | 2020-09-24 11:18:33 INFO  ContextHandler:781 - Started o.e.j.s.ServletContextHandler@3234f74e{/logs,file:///opt/hadoop/logs/,AVAILABLE}
datanode_3  | 2020-09-24 11:19:06,859 [pool-20-thread-1] INFO server.RaftServerConfigKeys: raft.server.log.segment.size.max = 1048576 (custom)
scm_1       | 2020-09-24 11:19:42,096 [Socket Reader #1 for port 9861] INFO ipc.Server: Auth successful for dn/841f1087d86f@EXAMPLE.COM (auth:KERBEROS)
om_1        | 2020-09-24 11:20:32,281 [Socket Reader #1 for port 9862] INFO ipc.Server: Auth successful for hadoop/rm@EXAMPLE.COM (auth:TOKEN)
kdc_1       | Sep 24 11:18:12 kdc krb5kdc[9](info): AS_REQ (8 etypes {18 17 20 19 16 23 25 26}) 127.0.0.1: ISSUE: authtime 1600946292, etypes {rep=18 tkt=18 ses=18}, admin/admin@EXAMPLE.COM for kadmin/admin@EXAMPLE.COM
nm_1        | 2020-09-24 11:20:47 INFO  DefaultContainerExecutor:634 - Deleting absolute path : /tmp/hadoop-hadoop/nm-local-dir/usercache/hadoop/appcache/application_1600946320636_0001/container_1600946320636_0001_01_000003/launch_container.sh
kms_1       | 	at org.eclipse.jetty.servlet.ServletHandler$CachedChain.doFilter(ServletHandler.java:1759)
rm_1        | 2020-09-24 11:18:33 INFO  ContextHandler:781 - Started o.e.j.s.ServletContextHandler@557a1e2d{/static,jar:file:/opt/hadoop/share/hadoop/yarn/hadoop-yarn-common-3.2.0.jar!/webapps/static,AVAILABLE}
datanode_3  | 2020-09-24 11:19:06,859 [pool-20-thread-1] INFO server.RaftServerConfigKeys: raft.server.log.preallocated.size = 16384 (custom)
scm_1       | 2020-09-24 11:19:42,531 [Socket Reader #1 for port 9961] INFO ipc.Server: Auth successful for dn/bc8afcaa7011@EXAMPLE.COM (auth:KERBEROS)
om_1        | 2020-09-24 11:20:32,339 [Socket Reader #1 for port 9862] INFO ipc.Server: Auth successful for hadoop/rm@EXAMPLE.COM (auth:TOKEN)
kdc_1       | Sep 24 11:18:12 kdc krb5kdc[9](info): AS_REQ (8 etypes {18 17 20 19 16 23 25 26}) 127.0.0.1: SERVER_NOT_FOUND: admin/admin@EXAMPLE.COM for kadmin/localhost@EXAMPLE.COM, Server not found in Kerberos database
nm_1        | 2020-09-24 11:20:47 INFO  DefaultContainerExecutor:634 - Deleting absolute path : /tmp/hadoop-hadoop/nm-local-dir/usercache/hadoop/appcache/application_1600946320636_0001/container_1600946320636_0001_01_000003/container_tokens
kms_1       | 	at org.apache.hadoop.http.NoCacheFilter.doFilter(NoCacheFilter.java:45)
rm_1        | Sep 24, 2020 11:18:35 AM com.sun.jersey.guice.spi.container.GuiceComponentProviderFactory register
datanode_3  | 2020-09-24 11:19:06,859 [pool-20-thread-1] INFO server.RaftServerConfigKeys: raft.server.log.write.buffer.size = 1048576 (custom)
scm_1       | 2020-09-24 11:19:42,847 [Socket Reader #1 for port 9961] INFO ipc.Server: Auth successful for dn/841f1087d86f@EXAMPLE.COM (auth:KERBEROS)
om_1        | 2020-09-24 11:20:41,259 [Socket Reader #1 for port 9862] INFO ipc.Server: Auth successful for hadoop/rm@EXAMPLE.COM (auth:TOKEN)
kdc_1       | Sep 24 11:18:12 kdc krb5kdc[9](info): AS_REQ (8 etypes {18 17 20 19 16 23 25 26}) 127.0.0.1: ISSUE: authtime 1600946292, etypes {rep=18 tkt=18 ses=18}, admin/admin@EXAMPLE.COM for kadmin/admin@EXAMPLE.COM
nm_1        | 2020-09-24 11:20:47 INFO  Server:1849 - Auth successful for appattempt_1600946320636_0001_000001 (auth:SIMPLE)
kms_1       | 	at org.eclipse.jetty.servlet.ServletHandler$CachedChain.doFilter(ServletHandler.java:1759)
rm_1        | INFO: Registering org.apache.hadoop.yarn.server.resourcemanager.webapp.JAXBContextResolver as a provider class
datanode_3  | 2020-09-24 11:19:06,859 [pool-20-thread-1] INFO server.RaftServerConfigKeys: raft.server.log.force.sync.num = 128 (default)
scm_1       | 2020-09-24 11:19:42,892 [Socket Reader #1 for port 9961] INFO ipc.Server: Auth successful for dn/aeb667278ba0@EXAMPLE.COM (auth:KERBEROS)
om_1        | 2020-09-24 11:20:44,147 [Socket Reader #1 for port 9862] INFO ipc.Server: Auth successful for hadoop/rm@EXAMPLE.COM (auth:TOKEN)
kdc_1       | Sep 24 11:18:12 kdc krb5kdc[9](info): AS_REQ (8 etypes {18 17 20 19 16 23 25 26}) 127.0.0.1: SERVER_NOT_FOUND: admin/admin@EXAMPLE.COM for kadmin/localhost@EXAMPLE.COM, Server not found in Kerberos database
nm_1        | 2020-09-24 11:20:47 INFO  ContainerManagerImpl:1070 - Start request for container_1600946320636_0001_01_000005 by user hadoop
kms_1       | 	at org.eclipse.jetty.servlet.ServletHandler.doHandle(ServletHandler.java:582)
rm_1        | Sep 24, 2020 11:18:35 AM com.sun.jersey.guice.spi.container.GuiceComponentProviderFactory register
datanode_3  | 2020-09-24 11:19:06,859 [pool-20-thread-1] INFO server.RaftServerConfigKeys: raft.server.log.statemachine.data.sync = true (default)
scm_1       | 2020-09-24 11:20:11,630 [Socket Reader #1 for port 9863] INFO ipc.Server: Auth successful for om/om@EXAMPLE.COM (auth:KERBEROS)
om_1        | 2020-09-24 11:20:45,462 [Socket Reader #1 for port 9862] INFO ipc.Server: Auth successful for hadoop/rm@EXAMPLE.COM (auth:TOKEN)
kdc_1       | Sep 24 11:18:12 kdc krb5kdc[9](info): AS_REQ (8 etypes {18 17 20 19 16 23 25 26}) 127.0.0.1: ISSUE: authtime 1600946292, etypes {rep=18 tkt=18 ses=18}, admin/admin@EXAMPLE.COM for kadmin/admin@EXAMPLE.COM
nm_1        | 2020-09-24 11:20:47 INFO  ApplicationImpl:463 - Adding container_1600946320636_0001_01_000005 to application application_1600946320636_0001
kms_1       | 	at org.eclipse.jetty.server.handler.ScopedHandler.handle(ScopedHandler.java:143)
rm_1        | INFO: Registering org.apache.hadoop.yarn.server.resourcemanager.webapp.RMWebServices as a root resource class
datanode_3  | 2020-09-24 11:19:06,859 [pool-20-thread-1] INFO server.RaftServerConfigKeys: raft.server.log.statemachine.data.sync.timeout = 10s (default)
scm_1       | 2020-09-24 11:20:12,951 [Socket Reader #1 for port 9860] INFO ipc.Server: Auth successful for om/om@EXAMPLE.COM (auth:KERBEROS)
om_1        | 2020-09-24 11:20:49,364 [Socket Reader #1 for port 9862] INFO ipc.Server: Auth successful for hadoop/rm@EXAMPLE.COM (auth:TOKEN)
kdc_1       | Sep 24 11:18:12 kdc krb5kdc[9](info): AS_REQ (8 etypes {18 17 20 19 16 23 25 26}) 127.0.0.1: SERVER_NOT_FOUND: admin/admin@EXAMPLE.COM for kadmin/localhost@EXAMPLE.COM, Server not found in Kerberos database
nm_1        | 2020-09-24 11:20:47 INFO  NMAuditLogger:94 - USER=hadoop	IP=172.25.0.9	OPERATION=Start Container Request	TARGET=ContainerManageImpl	RESULT=SUCCESS	APPID=application_1600946320636_0001	CONTAINERID=container_1600946320636_0001_01_000005
kms_1       | 	at org.eclipse.jetty.security.SecurityHandler.handle(SecurityHandler.java:548)
rm_1        | Sep 24, 2020 11:18:35 AM com.sun.jersey.guice.spi.container.GuiceComponentProviderFactory register
datanode_3  | 2020-09-24 11:19:06,860 [pool-20-thread-1] INFO server.RaftServerConfigKeys: raft.server.log.statemachine.data.sync.timeout.retry = -1 (default)
scm_1       | 2020-09-24 11:20:13,047 [Socket Reader #1 for port 9861] INFO ipc.Server: Auth successful for dn/bc8afcaa7011@EXAMPLE.COM (auth:KERBEROS)
om_1        | 2020-09-24 11:20:51,188 [Socket Reader #1 for port 9862] INFO ipc.Server: Auth successful for hadoop/rm@EXAMPLE.COM (auth:TOKEN)
kdc_1       | Sep 24 11:18:12 kdc krb5kdc[9](info): AS_REQ (8 etypes {18 17 20 19 16 23 25 26}) 127.0.0.1: ISSUE: authtime 1600946292, etypes {rep=18 tkt=18 ses=18}, admin/admin@EXAMPLE.COM for kadmin/admin@EXAMPLE.COM
nm_1        | 2020-09-24 11:20:47 INFO  ContainerImpl:2112 - Container container_1600946320636_0001_01_000005 transitioned from NEW to LOCALIZING
kms_1       | 	at org.eclipse.jetty.server.session.SessionHandler.doHandle(SessionHandler.java:226)
rm_1        | INFO: Registering org.apache.hadoop.yarn.webapp.GenericExceptionHandler as a provider class
datanode_3  | 2020-09-24 11:19:06,862 [pool-20-thread-1] INFO server.RaftServerConfigKeys: raft.server.log.statemachine.data.caching.enabled = true (custom)
scm_1       | 2020-09-24 11:20:13,433 [Socket Reader #1 for port 9861] INFO ipc.Server: Auth successful for dn/841f1087d86f@EXAMPLE.COM (auth:KERBEROS)
om_1        | 2020-09-24 11:20:51,389 [Socket Reader #1 for port 9862] INFO ipc.Server: Auth successful for hadoop/rm@EXAMPLE.COM (auth:TOKEN)
kdc_1       | Sep 24 11:18:12 kdc krb5kdc[9](info): AS_REQ (8 etypes {18 17 20 19 16 23 25 26}) 127.0.0.1: SERVER_NOT_FOUND: admin/admin@EXAMPLE.COM for kadmin/localhost@EXAMPLE.COM, Server not found in Kerberos database
nm_1        | 2020-09-24 11:20:47 INFO  AuxServices:350 - Got event CONTAINER_INIT for appId application_1600946320636_0001
kms_1       | 	at org.eclipse.jetty.server.handler.ContextHandler.doHandle(ContextHandler.java:1180)
rm_1        | Sep 24, 2020 11:18:35 AM com.sun.jersey.server.impl.application.WebApplicationImpl _initiate
datanode_3  | 2020-09-24 11:19:06,863 [pool-20-thread-1] INFO segmented.SegmentedRaftLogWorker: ce890e8b-aab6-494a-b0bc-2902ebf55bda@group-74BC2817A78F-SegmentedRaftLogWorker: flushIndex: setUnconditionally 0 -> -1
scm_1       | 2020-09-24 11:20:13,457 [Socket Reader #1 for port 9861] INFO ipc.Server: Auth successful for dn/aeb667278ba0@EXAMPLE.COM (auth:KERBEROS)
om_1        | 2020-09-24 11:20:53,554 [Socket Reader #1 for port 9862] INFO ipc.Server: Auth successful for hadoop/rm@EXAMPLE.COM (auth:KERBEROS)
kdc_1       | Sep 24 11:18:13 kdc krb5kdc[9](info): AS_REQ (8 etypes {18 17 20 19 16 23 25 26}) 127.0.0.1: ISSUE: authtime 1600946293, etypes {rep=18 tkt=18 ses=18}, admin/admin@EXAMPLE.COM for kadmin/admin@EXAMPLE.COM
nm_1        | 2020-09-24 11:20:47 INFO  AuxServices:350 - Got event APPLICATION_INIT for appId application_1600946320636_0001
kms_1       | 	at org.eclipse.jetty.servlet.ServletHandler.doScope(ServletHandler.java:512)
rm_1        | INFO: Initiating Jersey application, version 'Jersey: 1.19 02/11/2015 03:25 AM'
datanode_3  | 2020-09-24 11:19:06,863 [pool-20-thread-1] INFO segmented.SegmentedRaftLogWorker: ce890e8b-aab6-494a-b0bc-2902ebf55bda@group-74BC2817A78F-SegmentedRaftLogWorker: safeCacheEvictIndex: setUnconditionally 0 -> -1
scm_1       | 2020-09-24 11:20:21,719 [Socket Reader #1 for port 9863] INFO ipc.Server: Auth successful for om/om@EXAMPLE.COM (auth:KERBEROS)
om_1        | 2020-09-24 11:20:55,602 [Socket Reader #1 for port 9862] INFO ipc.Server: Auth successful for hadoop/rm@EXAMPLE.COM (auth:KERBEROS)
kdc_1       | Sep 24 11:18:12 kdc kadmind[14](Notice): Request: kadm5_init, admin/admin@EXAMPLE.COM, success, client=admin/admin@EXAMPLE.COM, service=kadmin/admin@EXAMPLE.COM, addr=127.0.0.1, vers=4, flavor=6
nm_1        | 2020-09-24 11:20:47 INFO  AuxServices:354 - Got APPLICATION_INIT for service mapreduce_shuffle
kms_1       | 	at org.eclipse.jetty.server.session.SessionHandler.doScope(SessionHandler.java:185)
rm_1        | Sep 24, 2020 11:18:35 AM com.sun.jersey.guice.spi.container.GuiceComponentProviderFactory getComponentProvider
datanode_3  | 2020-09-24 11:19:06,873 [pool-20-thread-1] INFO server.RaftServerConfigKeys: raft.server.snapshot.auto.trigger.enabled = true (custom)
scm_1       | 2020-09-24 11:20:35,188 [Socket Reader #1 for port 9863] INFO ipc.Server: Auth successful for om/om@EXAMPLE.COM (auth:KERBEROS)
om_1        | 2020-09-24 11:20:56,237 [Socket Reader #1 for port 9862] INFO ipc.Server: Auth successful for hadoop/rm@EXAMPLE.COM (auth:KERBEROS)
kdc_1       | Sep 24 11:18:12 kdc kadmind[14](Notice): Request: kadm5_get_policy, default, Policy does not exist, client=admin/admin@EXAMPLE.COM, service=kadmin/admin@EXAMPLE.COM, addr=127.0.0.1
nm_1        | 2020-09-24 11:20:47 INFO  ShuffleHandler:719 - Added token for job_1600946320636_0001
kms_1       | 	at org.eclipse.jetty.server.handler.ContextHandler.doScope(ContextHandler.java:1112)
rm_1        | INFO: Binding org.apache.hadoop.yarn.server.resourcemanager.webapp.JAXBContextResolver to GuiceManagedComponentProvider with the scope "Singleton"
datanode_3  | 2020-09-24 11:19:06,873 [pool-20-thread-1] INFO server.RaftServerConfigKeys: raft.server.snapshot.auto.trigger.threshold = 10000 (custom)
datanode_3  | 2020-09-24 11:19:06,874 [pool-20-thread-1] INFO server.RaftServerConfigKeys: raft.server.snapshot.retention.file.num = 5 (custom)
om_1        | 2020-09-24 11:20:58,658 [Socket Reader #1 for port 9862] INFO ipc.Server: Auth successful for hadoop/rm@EXAMPLE.COM (auth:KERBEROS)
kdc_1       | Sep 24 11:18:12 kdc kadmind[14](Notice): Request: kadm5_create_principal, nm/nm@EXAMPLE.COM, success, client=admin/admin@EXAMPLE.COM, service=kadmin/admin@EXAMPLE.COM, addr=127.0.0.1
kms_1       | 	at org.eclipse.jetty.server.handler.ScopedHandler.handle(ScopedHandler.java:141)
nm_1        | 2020-09-24 11:20:47 INFO  ContainerImpl:2112 - Container container_1600946320636_0001_01_000005 transitioned from LOCALIZING to SCHEDULED
datanode_3  | 2020-09-24 11:19:06,874 [pool-20-thread-1] INFO server.RaftServerConfigKeys: raft.server.log.purge.upto.snapshot.index = false (default)
scm_1       | 2020-09-24 11:20:43,054 [Socket Reader #1 for port 9861] INFO ipc.Server: Auth successful for dn/bc8afcaa7011@EXAMPLE.COM (auth:KERBEROS)
rm_1        | Sep 24, 2020 11:18:38 AM com.sun.jersey.guice.spi.container.GuiceComponentProviderFactory getComponentProvider
om_1        | 2020-09-24 11:20:58,709 [Socket Reader #1 for port 9862] INFO ipc.Server: Auth successful for hadoop/rm@EXAMPLE.COM (auth:KERBEROS)
kdc_1       | Sep 24 11:18:12 kdc kadmind[14](info): closing down fd 18
kms_1       | 	at org.eclipse.jetty.server.handler.HandlerCollection.handle(HandlerCollection.java:119)
nm_1        | 2020-09-24 11:20:47 INFO  ContainerScheduler:541 - Starting container [container_1600946320636_0001_01_000005]
datanode_3  | 2020-09-24 11:19:06,874 [pool-20-thread-1] INFO server.RaftServerConfigKeys: raft.server.retrycache.expirytime = 600000ms (custom)
scm_1       | 2020-09-24 11:20:43,434 [Socket Reader #1 for port 9861] INFO ipc.Server: Auth successful for dn/841f1087d86f@EXAMPLE.COM (auth:KERBEROS)
rm_1        | INFO: Binding org.apache.hadoop.yarn.webapp.GenericExceptionHandler to GuiceManagedComponentProvider with the scope "Singleton"
om_1        | 2020-09-24 11:20:59,581 [Socket Reader #1 for port 9862] INFO ipc.Server: Auth successful for hadoop/rm@EXAMPLE.COM (auth:TOKEN)
kdc_1       | Sep 24 11:18:12 kdc kadmind[14](Notice): Request: kadm5_init, admin/admin@EXAMPLE.COM, success, client=admin/admin@EXAMPLE.COM, service=kadmin/admin@EXAMPLE.COM, addr=127.0.0.1, vers=4, flavor=6
kms_1       | 	at org.eclipse.jetty.server.handler.HandlerWrapper.handle(HandlerWrapper.java:134)
nm_1        | 2020-09-24 11:20:47 INFO  ContainerImpl:2112 - Container container_1600946320636_0001_01_000005 transitioned from SCHEDULED to RUNNING
datanode_3  | 2020-09-24 11:19:06,874 [pool-20-thread-1] INFO metrics.RatisMetrics: Creating Metrics Registry : ratis.leader_election.ce890e8b-aab6-494a-b0bc-2902ebf55bda@group-74BC2817A78F
scm_1       | 2020-09-24 11:20:43,477 [Socket Reader #1 for port 9861] INFO ipc.Server: Auth successful for dn/aeb667278ba0@EXAMPLE.COM (auth:KERBEROS)
rm_1        | Sep 24, 2020 11:18:40 AM com.sun.jersey.guice.spi.container.GuiceComponentProviderFactory getComponentProvider
om_1        | 2020-09-24 11:20:59,674 [Socket Reader #1 for port 9862] INFO ipc.Server: Auth successful for nm/nm@EXAMPLE.COM (auth:KERBEROS)
kdc_1       | Sep 24 11:18:12 kdc kadmind[14](Notice): Request: kadm5_randkey_principal, nm/nm@EXAMPLE.COM, success, client=admin/admin@EXAMPLE.COM, service=kadmin/admin@EXAMPLE.COM, addr=127.0.0.1
kms_1       | 	at org.eclipse.jetty.server.Server.handle(Server.java:536)
nm_1        | 2020-09-24 11:20:47 INFO  ContainersMonitorImpl:1013 - Starting resource-monitoring for container_1600946320636_0001_01_000005
datanode_3  | 2020-09-24 11:19:06,874 [pool-20-thread-1] INFO metrics.RatisMetrics: Creating Metrics Registry : ratis.server.ce890e8b-aab6-494a-b0bc-2902ebf55bda@group-74BC2817A78F
scm_1       | 2020-09-24 11:20:49,813 [Socket Reader #1 for port 9863] INFO ipc.Server: Auth successful for om/om@EXAMPLE.COM (auth:KERBEROS)
rm_1        | INFO: Binding org.apache.hadoop.yarn.server.resourcemanager.webapp.RMWebServices to GuiceManagedComponentProvider with the scope "Singleton"
om_1        | 2020-09-24 11:20:59,747 [Socket Reader #1 for port 9862] INFO ipc.Server: Auth successful for hadoop/rm@EXAMPLE.COM (auth:TOKEN)
kdc_1       | Sep 24 11:18:12 kdc kadmind[14](Notice): Request: kadm5_get_principal, nm/nm@EXAMPLE.COM, success, client=admin/admin@EXAMPLE.COM, service=kadmin/admin@EXAMPLE.COM, addr=127.0.0.1
kms_1       | 	at org.eclipse.jetty.server.HttpChannel.handle(HttpChannel.java:333)
nm_1        | 2020-09-24 11:20:47 INFO  DefaultContainerExecutor:370 - launchContainer: [bash, /tmp/hadoop-hadoop/nm-local-dir/usercache/hadoop/appcache/application_1600946320636_0001/container_1600946320636_0001_01_000005/default_container_executor.sh]
datanode_3  | 2020-09-24 11:19:06,875 [pool-20-thread-1] INFO impl.RaftServerImpl: ce890e8b-aab6-494a-b0bc-2902ebf55bda@group-74BC2817A78F: start as a follower, conf=-1: [ce890e8b-aab6-494a-b0bc-2902ebf55bda:172.25.0.6:9858:0], old=null
scm_1       | 2020-09-24 11:21:08,172 [IPC Server handler 54 on default port 9863] INFO server.SCMBlockProtocolServer: SCM is informed by OM to delete 20 blocks
rm_1        | 2020-09-24 11:18:40 INFO  ContextHandler:781 - Started o.e.j.w.WebAppContext@64524dd{/,file:///tmp/jetty-rm-8088-cluster-_-any-3018276045113366249.dir/webapp/,AVAILABLE}{/cluster}
om_1        | 2020-09-24 11:20:59,884 [Socket Reader #1 for port 9862] INFO ipc.Server: Auth successful for hadoop/rm@EXAMPLE.COM (auth:TOKEN)
kdc_1       | Sep 24 11:18:12 kdc kadmind[14](info): closing down fd 18
kms_1       | 	at org.eclipse.jetty.server.HttpConnection.onFillable(HttpConnection.java:251)
nm_1        | 2020-09-24 11:20:47 INFO  ContainerLaunch:595 - Container container_1600946320636_0001_01_000004 succeeded 
datanode_3  | 2020-09-24 11:19:06,880 [pool-20-thread-1] INFO impl.RaftServerImpl: ce890e8b-aab6-494a-b0bc-2902ebf55bda@group-74BC2817A78F: changes role from      null to FOLLOWER at term 0 for startAsFollower
scm_1       | 2020-09-24 11:21:08,173 [IPC Server handler 54 on default port 9863] INFO block.BlockManagerImpl: Deleting blocks 
rm_1        | 2020-09-24 11:18:40 INFO  AbstractConnector:278 - Started ServerConnector@3531f3ca{HTTP/1.1,[http/1.1]}{rm:8088}
om_1        | 2020-09-24 11:21:00,607 [Socket Reader #1 for port 9862] INFO ipc.Server: Auth successful for hadoop/rm@EXAMPLE.COM (auth:TOKEN)
kdc_1       | Sep 24 11:18:12 kdc kadmind[14](Notice): Request: kadm5_init, admin/admin@EXAMPLE.COM, success, client=admin/admin@EXAMPLE.COM, service=kadmin/admin@EXAMPLE.COM, addr=127.0.0.1, vers=4, flavor=6
kms_1       | 	at org.eclipse.jetty.io.AbstractConnection$ReadCallback.succeeded(AbstractConnection.java:283)
nm_1        | 2020-09-24 11:20:47 INFO  ContainerImpl:2112 - Container container_1600946320636_0001_01_000004 transitioned from RUNNING to EXITED_WITH_SUCCESS
datanode_3  | 2020-09-24 11:19:06,880 [pool-20-thread-1] INFO impl.RoleInfo: ce890e8b-aab6-494a-b0bc-2902ebf55bda: start FollowerState
scm_1       | 2020-09-24 11:21:08,178 [IPC Server handler 54 on default port 9863] INFO block.BlockManagerImpl: Deleting blocks 
rm_1        | 2020-09-24 11:18:40 INFO  Server:419 - Started @27645ms
om_1        | 2020-09-24 11:21:02,412 [Socket Reader #1 for port 9862] INFO ipc.Server: Auth successful for hadoop/rm@EXAMPLE.COM (auth:TOKEN)
kdc_1       | Sep 24 11:18:12 kdc kadmind[14](Notice): Request: kadm5_get_policy, default, Policy does not exist, client=admin/admin@EXAMPLE.COM, service=kadmin/admin@EXAMPLE.COM, addr=127.0.0.1
kms_1       | 	at org.eclipse.jetty.io.FillInterest.fillable(FillInterest.java:108)
nm_1        | 2020-09-24 11:20:47 INFO  ContainerCleanup:87 - Cleaning up container container_1600946320636_0001_01_000004
datanode_3  | 2020-09-24 11:19:06,884 [pool-20-thread-1] INFO util.JmxRegister: Successfully registered JMX Bean with object name Ratis:service=RaftServer,group=group-74BC2817A78F,id=ce890e8b-aab6-494a-b0bc-2902ebf55bda
scm_1       | 2020-09-24 11:21:08,179 [IPC Server handler 54 on default port 9863] INFO block.BlockManagerImpl: Deleting blocks 
rm_1        | 2020-09-24 11:18:40 INFO  WebApps:440 - Web app cluster started at 8088
om_1        | 2020-09-24 11:21:02,781 [Socket Reader #1 for port 9862] INFO ipc.Server: Auth successful for hadoop/rm@EXAMPLE.COM (auth:TOKEN)
kdc_1       | Sep 24 11:18:12 kdc kadmind[14](Notice): Request: kadm5_create_principal, HTTP/nm@EXAMPLE.COM, success, client=admin/admin@EXAMPLE.COM, service=kadmin/admin@EXAMPLE.COM, addr=127.0.0.1
kms_1       | 	at org.eclipse.jetty.io.SelectChannelEndPoint$2.run(SelectChannelEndPoint.java:93)
nm_1        | 2020-09-24 11:20:47 INFO  NMAuditLogger:94 - USER=hadoop	OPERATION=Container Finished - Succeeded	TARGET=ContainerImpl	RESULT=SUCCESS	APPID=application_1600946320636_0001	CONTAINERID=container_1600946320636_0001_01_000004
datanode_3  | 2020-09-24 11:19:06,884 [pool-20-thread-1] INFO metrics.RatisMetrics: Creating Metrics Registry : ratis.state_machine.ce890e8b-aab6-494a-b0bc-2902ebf55bda@group-74BC2817A78F
scm_1       | 2020-09-24 11:21:08,180 [IPC Server handler 54 on default port 9863] INFO block.BlockManagerImpl: Deleting blocks conID: 1 locID: 104919624865546247 bcsId: 0
rm_1        | 2020-09-24 11:18:40 INFO  CallQueueManager:84 - Using callQueue: class java.util.concurrent.LinkedBlockingQueue, queueCapacity: 100, scheduler: class org.apache.hadoop.ipc.DefaultRpcScheduler, ipcBackoff: false.
om_1        | 2020-09-24 11:21:02,821 [Socket Reader #1 for port 9862] INFO ipc.Server: Auth successful for hadoop/rm@EXAMPLE.COM (auth:TOKEN)
kdc_1       | Sep 24 11:18:12 kdc kadmind[14](info): closing down fd 18
kms_1       | 	at org.eclipse.jetty.util.thread.strategy.ExecuteProduceConsume.executeProduceConsume(ExecuteProduceConsume.java:303)
nm_1        | 2020-09-24 11:20:47 INFO  ContainerImpl:2112 - Container container_1600946320636_0001_01_000004 transitioned from EXITED_WITH_SUCCESS to DONE
datanode_3  | 2020-09-24 11:19:06,889 [Command processor thread] INFO commandhandler.CreatePipelineCommandHandler: Created Pipeline RATIS ONE #id: "9adfb3b0-d18c-40fc-bacf-74bc2817a78f"
scm_1       | 2020-09-24 11:21:08,183 [IPC Server handler 54 on default port 9863] INFO block.BlockManagerImpl: Deleting blocks conID: 1 locID: 104919624878587912 bcsId: 0
rm_1        | 2020-09-24 11:18:40 INFO  Server:1074 - Starting Socket Reader #1 for port 8033
om_1        | 2020-09-24 11:21:02,854 [Socket Reader #1 for port 9862] INFO ipc.Server: Auth successful for hadoop/rm@EXAMPLE.COM (auth:TOKEN)
kdc_1       | Sep 24 11:18:12 kdc kadmind[14](Notice): Request: kadm5_init, admin/admin@EXAMPLE.COM, success, client=admin/admin@EXAMPLE.COM, service=kadmin/admin@EXAMPLE.COM, addr=127.0.0.1, vers=4, flavor=6
kms_1       | 	at org.eclipse.jetty.util.thread.strategy.ExecuteProduceConsume.produceConsume(ExecuteProduceConsume.java:148)
nm_1        | 2020-09-24 11:20:47 INFO  ApplicationImpl:512 - Removing container_1600946320636_0001_01_000004 from application application_1600946320636_0001
datanode_3  | uuid128 {
scm_1       | 2020-09-24 11:21:08,184 [IPC Server handler 54 on default port 9863] INFO block.BlockManagerImpl: Deleting blocks conID: 1 locID: 104919624883896329 bcsId: 0
rm_1        | 2020-09-24 11:18:40 INFO  RpcServerFactoryPBImpl:173 - Adding protocol org.apache.hadoop.yarn.server.api.ResourceManagerAdministrationProtocolPB to the server
om_1        | 2020-09-24 11:21:02,880 [Socket Reader #1 for port 9862] INFO ipc.Server: Auth successful for hadoop/rm@EXAMPLE.COM (auth:TOKEN)
kdc_1       | Sep 24 11:18:12 kdc kadmind[14](Notice): Request: kadm5_randkey_principal, HTTP/nm@EXAMPLE.COM, success, client=admin/admin@EXAMPLE.COM, service=kadmin/admin@EXAMPLE.COM, addr=127.0.0.1
kms_1       | 	at org.eclipse.jetty.util.thread.strategy.ExecuteProduceConsume.run(ExecuteProduceConsume.java:136)
nm_1        | 2020-09-24 11:20:47 INFO  ContainersMonitorImpl:1004 - Stopping resource-monitoring for container_1600946320636_0001_01_000004
datanode_3  |   mostSigBits: -7286908100050927364
scm_1       | 2020-09-24 11:21:08,184 [IPC Server handler 54 on default port 9863] INFO block.BlockManagerImpl: Deleting blocks conID: 1 locID: 104919624889794570 bcsId: 0
rm_1        | 2020-09-24 11:18:40 INFO  Server:1153 - IPC Server listener on 8033: starting
om_1        | 2020-09-24 11:21:02,915 [Socket Reader #1 for port 9862] INFO ipc.Server: Auth successful for hadoop/rm@EXAMPLE.COM (auth:TOKEN)
kdc_1       | Sep 24 11:18:12 kdc kadmind[14](Notice): Request: kadm5_get_principal, HTTP/nm@EXAMPLE.COM, success, client=admin/admin@EXAMPLE.COM, service=kadmin/admin@EXAMPLE.COM, addr=127.0.0.1
kms_1       | 	at org.eclipse.jetty.util.thread.QueuedThreadPool.runJob(QueuedThreadPool.java:671)
nm_1        | 2020-09-24 11:20:47 INFO  AppLogAggregatorImpl:539 - Considering container container_1600946320636_0001_01_000004 for log-aggregation
datanode_3  |   leastSigBits: -4985637911000537201
scm_1       | 2020-09-24 11:21:08,185 [IPC Server handler 54 on default port 9863] INFO block.BlockManagerImpl: Deleting blocks 
rm_1        | 2020-09-24 11:18:40 INFO  Server:1314 - IPC Server Responder: starting
om_1        | 2020-09-24 11:21:02,976 [Socket Reader #1 for port 9862] INFO ipc.Server: Auth successful for hadoop/rm@EXAMPLE.COM (auth:TOKEN)
kdc_1       | Sep 24 11:18:12 kdc kadmind[14](info): closing down fd 18
kms_1       | 	at org.eclipse.jetty.util.thread.QueuedThreadPool$2.run(QueuedThreadPool.java:589)
nm_1        | 2020-09-24 11:20:47 INFO  AuxServices:350 - Got event CONTAINER_STOP for appId application_1600946320636_0001
datanode_3  | }
scm_1       | 2020-09-24 11:21:08,186 [IPC Server handler 54 on default port 9863] INFO block.BlockManagerImpl: Deleting blocks 
rm_1        | 2020-09-24 11:18:40 INFO  ResourceManager:1292 - Transitioning to active state
om_1        | 2020-09-24 11:21:03,021 [Socket Reader #1 for port 9862] INFO ipc.Server: Auth successful for hadoop/rm@EXAMPLE.COM (auth:TOKEN)
kdc_1       | Sep 24 11:18:12 kdc kadmind[14](Notice): Request: kadm5_init, admin/admin@EXAMPLE.COM, success, client=admin/admin@EXAMPLE.COM, service=kadmin/admin@EXAMPLE.COM, addr=127.0.0.1, vers=4, flavor=6
kms_1       | 	at java.lang.Thread.run(Thread.java:748)
nm_1        | 2020-09-24 11:20:47 INFO  DefaultContainerExecutor:634 - Deleting absolute path : /tmp/hadoop-hadoop/nm-local-dir/usercache/hadoop/appcache/application_1600946320636_0001/container_1600946320636_0001_01_000004/launch_container.sh
datanode_3  | .
scm_1       | 2020-09-24 11:21:08,186 [IPC Server handler 54 on default port 9863] INFO block.BlockManagerImpl: Deleting blocks conID: 1 locID: 104919624693972996 bcsId: 0
rm_1        | 2020-09-24 11:18:40 INFO  RMStateStore:550 - Updating AMRMToken
rm_1        | 2020-09-24 11:18:40 INFO  RMContainerTokenSecretManager:109 - Rolling master-key for container-tokens
kms_1       | 
kdc_1       | Sep 24 11:18:12 kdc kadmind[14](Notice): Request: kadm5_get_policy, default, Policy does not exist, client=admin/admin@EXAMPLE.COM, service=kadmin/admin@EXAMPLE.COM, addr=127.0.0.1
nm_1        | 2020-09-24 11:20:47 INFO  DefaultContainerExecutor:634 - Deleting absolute path : /tmp/hadoop-hadoop/nm-local-dir/usercache/hadoop/appcache/application_1600946320636_0001/container_1600946320636_0001_01_000004/container_tokens
datanode_3  | 2020-09-24 11:19:09,376 [grpc-default-executor-0] INFO impl.RaftServerImpl: ce890e8b-aab6-494a-b0bc-2902ebf55bda@group-2AC4517AEBCD: changes role from  FOLLOWER to FOLLOWER at term 1 for recognizeCandidate:eb996038-17eb-4e76-b625-940e268c7b4a
rm_1        | 2020-09-24 11:18:40 INFO  NMTokenSecretManagerInRM:95 - Rolling master-key for nm-tokens
om_1        | 2020-09-24 11:21:12,270 [Socket Reader #1 for port 9862] INFO ipc.Server: Auth successful for hadoop/rm@EXAMPLE.COM (auth:TOKEN)
scm_1       | 2020-09-24 11:21:08,187 [IPC Server handler 54 on default port 9863] INFO block.BlockManagerImpl: Deleting blocks conID: 1 locID: 104919624777990149 bcsId: 0
kms_1       | Sep 24, 2020 11:20:26 AM com.sun.jersey.server.wadl.generators.AbstractWadlGeneratorGrammarGenerator attachTypes
kdc_1       | Sep 24 11:18:12 kdc kadmind[14](Notice): Request: kadm5_create_principal, rm/rm@EXAMPLE.COM, success, client=admin/admin@EXAMPLE.COM, service=kadmin/admin@EXAMPLE.COM, addr=127.0.0.1
nm_1        | 2020-09-24 11:20:48 INFO  NodeStatusUpdaterImpl:707 - Removed completed containers from NM context: [container_1600946320636_0001_01_000003]
datanode_3  | 2020-09-24 11:19:09,376 [grpc-default-executor-0] INFO impl.RoleInfo: ce890e8b-aab6-494a-b0bc-2902ebf55bda: shutdown FollowerState
rm_1        | 2020-09-24 11:18:40 INFO  AbstractDelegationTokenSecretManager:343 - Updating the current master key for generating delegation tokens
om_1        | 2020-09-24 11:21:14,843 [Socket Reader #1 for port 9862] INFO ipc.Server: Auth successful for hadoop/rm@EXAMPLE.COM (auth:TOKEN)
scm_1       | 2020-09-24 11:21:08,188 [IPC Server handler 54 on default port 9863] INFO block.BlockManagerImpl: Deleting blocks conID: 1 locID: 104919624787099654 bcsId: 0
kms_1       | INFO: Couldn't find grammar element for class java.util.Map
kdc_1       | Sep 24 11:18:12 kdc kadmind[14](info): closing down fd 18
nm_1        | 2020-09-24 11:20:49 INFO  NodeStatusUpdaterImpl:707 - Removed completed containers from NM context: [container_1600946320636_0001_01_000004]
datanode_3  | 2020-09-24 11:19:09,377 [Thread-23] INFO impl.FollowerState: ce890e8b-aab6-494a-b0bc-2902ebf55bda@group-2AC4517AEBCD-FollowerState was interrupted: java.lang.InterruptedException: sleep interrupted
rm_1        | 2020-09-24 11:18:40 INFO  RMDelegationTokenSecretManager:92 - storing master key with keyID 1
om_1        | 2020-09-24 11:21:15,928 [Socket Reader #1 for port 9862] INFO ipc.Server: Auth successful for hadoop/rm@EXAMPLE.COM (auth:TOKEN)
scm_1       | 2020-09-24 11:21:08,188 [IPC Server handler 54 on default port 9863] INFO block.BlockManagerImpl: Deleting blocks 
kms_1       | Sep 24, 2020 11:20:26 AM com.sun.jersey.server.wadl.generators.AbstractWadlGeneratorGrammarGenerator attachTypes
kdc_1       | Sep 24 11:18:12 kdc kadmind[14](Notice): Request: kadm5_init, admin/admin@EXAMPLE.COM, success, client=admin/admin@EXAMPLE.COM, service=kadmin/admin@EXAMPLE.COM, addr=127.0.0.1, vers=4, flavor=6
