datanode_2  | 2022-05-26 01:42:48,606 [Command processor thread] INFO keyvalue.KeyValueContainer: Container 10 is synced with bcsId 0.
datanode_2  | 2022-05-26 01:42:48,627 [Command processor thread] INFO commandhandler.CloseContainerCommandHandler: Marking Container 10 quasi closed
datanode_4  | 2022-05-26 01:06:17,994 [721d1d78-174e-4dd4-936e-6859c499c84f-server-thread1] INFO server.RaftServer$Division: 721d1d78-174e-4dd4-936e-6859c499c84f@group-597366B13B21: change Leader from null to b5e1483c-ebb9-498e-a44e-4515565c9d24 at term 3 for appendEntries, leader elected after 16103ms
recon_1     | 2022-05-26 01:05:28,478 [main] INFO persistence.DefaultDataSourceProvider: JDBC Url for Recon : jdbc:derby:/data/metadata/recon/ozone_recon_derby.db 
scm_1       | 2022-05-26 01:05:17,213 [shutdown-hook-0] INFO server.StorageContainerManagerStarter: SHUTDOWN_MSG: 
scm_1       | /************************************************************
scm_1       | SHUTDOWN_MSG: Shutting down StorageContainerManager at e28a76487d8b/172.18.0.9
datanode_3  | 2022-05-26 01:06:07,726 [b5e1483c-ebb9-498e-a44e-4515565c9d24@group-597366B13B21-LeaderElection2] INFO impl.LeaderElection: b5e1483c-ebb9-498e-a44e-4515565c9d24@group-597366B13B21-LeaderElection2 ELECTION round 0: result REJECTED
datanode_2  | 2022-05-26 01:42:48,649 [Command processor thread] INFO keyvalue.KeyValueContainer: Container 8 is synced with bcsId 0.
s3g_1       | STARTUP_MSG:   build = https://github.com/apache/ozone/5ed0e0a9b4c8355f4cde064cc605bc419dacd9c3 ; compiled by 'runner' on 2022-05-26T00:51Z
datanode_4  | 2022-05-26 01:06:18,043 [721d1d78-174e-4dd4-936e-6859c499c84f-server-thread1] INFO server.RaftServer$Division: 721d1d78-174e-4dd4-936e-6859c499c84f@group-597366B13B21: set configuration 0: [e46a1bbe-e562-4784-9a6f-2deccc427e1c|rpc:172.18.0.8:9856|admin:172.18.0.8:9857|client:172.18.0.8:9858|dataStream:|priority:0, 721d1d78-174e-4dd4-936e-6859c499c84f|rpc:172.18.0.5:9856|admin:172.18.0.5:9857|client:172.18.0.5:9858|dataStream:|priority:0, b5e1483c-ebb9-498e-a44e-4515565c9d24|rpc:172.18.0.10:9856|admin:172.18.0.10:9857|client:172.18.0.10:9858|dataStream:|priority:1], old=null
recon_1     | 2022-05-26 01:05:28,700 [main] INFO codegen.SqlDbUtils: Created derby database at jdbc:derby:/data/metadata/recon/ozone_recon_derby.db.
datanode_1  | 2022-05-26 01:06:12,745 [grpc-default-executor-0] INFO impl.VoteContext: e46a1bbe-e562-4784-9a6f-2deccc427e1c@group-597366B13B21-FOLLOWER: accept ELECTION from 721d1d78-174e-4dd4-936e-6859c499c84f: our priority 0 <= candidate's priority 0
om_1        | 	at org.apache.hadoop.ozone.om.TrashOzoneFileSystem.getTrashRoots(TrashOzoneFileSystem.java:312)
scm_1       | ************************************************************/
datanode_3  | 2022-05-26 01:06:07,727 [b5e1483c-ebb9-498e-a44e-4515565c9d24@group-597366B13B21-LeaderElection2] INFO server.RaftServer$Division: b5e1483c-ebb9-498e-a44e-4515565c9d24@group-597366B13B21: changes role from CANDIDATE to FOLLOWER at term 1 for REJECTED
datanode_2  | 2022-05-26 01:42:48,649 [Command processor thread] INFO keyvalue.KeyValueContainer: Container 8 is synced with bcsId 0.
s3g_1       | STARTUP_MSG:   java = 11.0.14.1
datanode_4  | 2022-05-26 01:06:18,047 [721d1d78-174e-4dd4-936e-6859c499c84f-server-thread1] INFO segmented.SegmentedRaftLogWorker: 721d1d78-174e-4dd4-936e-6859c499c84f@group-597366B13B21-SegmentedRaftLogWorker: Starting segment from index:0
recon_1     | 2022-05-26 01:05:28,728 [main] INFO recon.ReconServer: Creating Recon Schema.
datanode_1  | 2022-05-26 01:06:12,746 [grpc-default-executor-0] INFO server.RaftServer$Division: e46a1bbe-e562-4784-9a6f-2deccc427e1c@group-597366B13B21: changes role from  FOLLOWER to FOLLOWER at term 2 for candidate:721d1d78-174e-4dd4-936e-6859c499c84f
om_1        | 	at org.apache.hadoop.ozone.om.TrashPolicyOzone$Emptier.run(TrashPolicyOzone.java:214)
scm_1       | No '-XX:...' jvm parameters are set. Adding safer GC settings '-XX:ParallelGCThreads=8 -XX:+UseConcMarkSweepGC -XX:CMSInitiatingOccupancyFraction=70 -XX:+CMSParallelRemarkEnabled' to the OZONE_OPTS
datanode_3  | 2022-05-26 01:06:07,727 [b5e1483c-ebb9-498e-a44e-4515565c9d24@group-597366B13B21-LeaderElection2] INFO impl.RoleInfo: b5e1483c-ebb9-498e-a44e-4515565c9d24: shutdown b5e1483c-ebb9-498e-a44e-4515565c9d24@group-597366B13B21-LeaderElection2
datanode_2  | 2022-05-26 01:42:48,659 [Command processor thread] INFO commandhandler.CloseContainerCommandHandler: Marking Container 8 quasi closed
s3g_1       | ************************************************************/
datanode_4  | 2022-05-26 01:06:18,053 [721d1d78-174e-4dd4-936e-6859c499c84f@group-597366B13B21-SegmentedRaftLogWorker] INFO segmented.SegmentedRaftLogWorker: 721d1d78-174e-4dd4-936e-6859c499c84f@group-597366B13B21-SegmentedRaftLogWorker: created new log segment /data/metadata/ratis/9b193c0e-0b26-4a92-ad2f-597366b13b21/current/log_inprogress_0
recon_1     | 2022-05-26 01:05:36,767 [main] INFO http.BaseHttpServer: Starting Web-server for recon at: http://0.0.0.0:9888
datanode_1  | 2022-05-26 01:06:12,746 [grpc-default-executor-0] INFO impl.RoleInfo: e46a1bbe-e562-4784-9a6f-2deccc427e1c: shutdown e46a1bbe-e562-4784-9a6f-2deccc427e1c@group-597366B13B21-FollowerState
om_1        | 	at java.base/java.lang.Thread.run(Thread.java:829)
scm_1       | OpenJDK 64-Bit Server VM warning: Option UseConcMarkSweepGC was deprecated in version 9.0 and will likely be removed in a future release.
datanode_3  | 2022-05-26 01:06:07,727 [b5e1483c-ebb9-498e-a44e-4515565c9d24@group-597366B13B21-LeaderElection2] INFO impl.RoleInfo: b5e1483c-ebb9-498e-a44e-4515565c9d24: start b5e1483c-ebb9-498e-a44e-4515565c9d24@group-597366B13B21-FollowerState
datanode_2  | 2022-05-26 01:42:48,670 [Command processor thread] INFO keyvalue.KeyValueContainer: Container 6 is synced with bcsId 0.
s3g_1       | 2022-05-26 01:05:03,580 [main] INFO s3.Gateway: registered UNIX signal handlers for [TERM, HUP, INT]
datanode_4  | 2022-05-26 01:39:23,580 [ContainerOp-9b193c0e-0b26-4a92-ad2f-597366b13b21-5] INFO keyvalue.KeyValueContainer: Container 1 is synced with bcsId 2789.
recon_1     | 2022-05-26 01:05:36,908 [main] INFO http.BaseHttpServer: Hadoop Security Enabled: false Ozone Security Enabled: false Ozone HTTP Security Enabled: false 
datanode_1  | 2022-05-26 01:06:12,746 [e46a1bbe-e562-4784-9a6f-2deccc427e1c@group-597366B13B21-FollowerState] INFO impl.FollowerState: e46a1bbe-e562-4784-9a6f-2deccc427e1c@group-597366B13B21-FollowerState was interrupted
om_1        | 2022-05-26 01:11:00,002 [Trash Emptier] ERROR om.TrashOzoneFileSystem: Couldn't perform fs operation fs.listStatus()/fs.exists()
scm_1       | 2022-05-26 01:05:40,911 [main] INFO server.StorageContainerManagerStarter: STARTUP_MSG: 
datanode_3  | 2022-05-26 01:06:07,945 [b5e1483c-ebb9-498e-a44e-4515565c9d24@group-DAA235BC216A-SegmentedRaftLogWorker] INFO segmented.SegmentedRaftLogWorker: b5e1483c-ebb9-498e-a44e-4515565c9d24@group-DAA235BC216A-SegmentedRaftLogWorker: created new log segment /data/metadata/ratis/145ad96c-a522-4b36-826d-daa235bc216a/current/log_inprogress_0
datanode_2  | 2022-05-26 01:42:48,673 [Command processor thread] INFO keyvalue.KeyValueContainer: Container 6 is synced with bcsId 0.
s3g_1       | 2022-05-26 01:05:03,857 [main] INFO s3.Gateway: Starting Ozone S3 gateway
datanode_4  | 2022-05-26 01:39:23,581 [ContainerOp-9b193c0e-0b26-4a92-ad2f-597366b13b21-5] INFO keyvalue.KeyValueContainer: Container 1 is synced with bcsId 2789.
recon_1     | 2022-05-26 01:05:37,039 [main] INFO util.log: Logging initialized @46661ms to org.eclipse.jetty.util.log.Slf4jLog
datanode_1  | 2022-05-26 01:06:12,746 [grpc-default-executor-0] INFO impl.RoleInfo: e46a1bbe-e562-4784-9a6f-2deccc427e1c: start e46a1bbe-e562-4784-9a6f-2deccc427e1c@group-597366B13B21-FollowerState
om_1        | DETECTED_LOOP_IN_BUCKET_LINKS org.apache.hadoop.ozone.om.exceptions.OMException: Detected loop in bucket links. Bucket name: loop3, Volume name: 42688-target
scm_1       | /************************************************************
datanode_3  | 2022-05-26 01:06:12,764 [grpc-default-executor-2] INFO server.RaftServer$Division: b5e1483c-ebb9-498e-a44e-4515565c9d24@group-597366B13B21: receive requestVote(ELECTION, 721d1d78-174e-4dd4-936e-6859c499c84f, group-597366B13B21, 2, (t:0, i:0))
datanode_2  | 2022-05-26 01:42:48,678 [Command processor thread] INFO commandhandler.CloseContainerCommandHandler: Marking Container 6 quasi closed
s3g_1       | 2022-05-26 01:05:04,878 [main] INFO impl.MetricsConfig: Loaded properties from hadoop-metrics2.properties
datanode_4  | 2022-05-26 01:39:23,591 [ContainerOp-9b193c0e-0b26-4a92-ad2f-597366b13b21-5] INFO keyvalue.KeyValueContainer: Container 1 is closed with bcsId 2789.
recon_1     | 2022-05-26 01:05:37,994 [main] INFO server.AuthenticationFilter: Unable to initialize FileSignerSecretProvider, falling back to use random secrets.
datanode_1  | 2022-05-26 01:06:12,751 [grpc-default-executor-0] INFO server.RaftServer$Division: e46a1bbe-e562-4784-9a6f-2deccc427e1c@group-597366B13B21 replies to ELECTION vote request: 721d1d78-174e-4dd4-936e-6859c499c84f<-e46a1bbe-e562-4784-9a6f-2deccc427e1c#0:OK-t2. Peer's state: e46a1bbe-e562-4784-9a6f-2deccc427e1c@group-597366B13B21:t2, leader=null, voted=721d1d78-174e-4dd4-936e-6859c499c84f, raftlog=e46a1bbe-e562-4784-9a6f-2deccc427e1c@group-597366B13B21-SegmentedRaftLog:OPENED:c-1, conf=-1: [e46a1bbe-e562-4784-9a6f-2deccc427e1c|rpc:172.18.0.8:9856|admin:172.18.0.8:9857|client:172.18.0.8:9858|priority:0, 721d1d78-174e-4dd4-936e-6859c499c84f|rpc:172.18.0.5:9856|admin:172.18.0.5:9857|client:172.18.0.5:9858|priority:0, b5e1483c-ebb9-498e-a44e-4515565c9d24|rpc:172.18.0.10:9856|admin:172.18.0.10:9857|client:172.18.0.10:9858|priority:1], old=null
om_1        | 	at org.apache.hadoop.ozone.om.OzoneManagerUtils.getBucketLayout(OzoneManagerUtils.java:110)
scm_1       | STARTUP_MSG: Starting StorageContainerManager
datanode_3  | 2022-05-26 01:06:12,764 [grpc-default-executor-2] INFO impl.VoteContext: b5e1483c-ebb9-498e-a44e-4515565c9d24@group-597366B13B21-FOLLOWER: reject ELECTION from 721d1d78-174e-4dd4-936e-6859c499c84f: our priority 1 > candidate's priority 0
datanode_2  | 2022-05-26 01:42:48,687 [Command processor thread] INFO keyvalue.KeyValueContainer: Container 9 is synced with bcsId 0.
s3g_1       | 2022-05-26 01:05:06,157 [main] INFO impl.MetricsSystemImpl: Scheduled Metric snapshot period at 10 second(s).
datanode_4  | 2022-05-26 01:39:56,495 [org.apache.hadoop.ozone.container.common.statemachine.commandhandler.DeleteBlocksCommandHandler$DeleteCmdWorker@740ee00f] INFO commandhandler.DeleteBlocksCommandHandler: Start to delete container blocks, TXIDs=[32(0),1(0),33(0),2(0),5(0),8(0),11(0),12(0),18(0),27(0),28(0),29(0),30(0),31(0)], numOfContainers=1, numOfBlocks=122
recon_1     | 2022-05-26 01:05:38,169 [main] WARN http.HttpRequestLog: Jetty request log can only be enabled using Log4j
datanode_1  | 2022-05-26 01:06:17,809 [grpc-default-executor-0] INFO server.RaftServer$Division: e46a1bbe-e562-4784-9a6f-2deccc427e1c@group-597366B13B21: receive requestVote(ELECTION, b5e1483c-ebb9-498e-a44e-4515565c9d24, group-597366B13B21, 3, (t:0, i:0))
datanode_1  | 2022-05-26 01:06:17,810 [grpc-default-executor-0] INFO impl.VoteContext: e46a1bbe-e562-4784-9a6f-2deccc427e1c@group-597366B13B21-FOLLOWER: accept ELECTION from b5e1483c-ebb9-498e-a44e-4515565c9d24: our priority 0 <= candidate's priority 1
om_1        | 	at org.apache.hadoop.ozone.om.OzoneManagerUtils.getBucketLayout(OzoneManagerUtils.java:127)
datanode_3  | 2022-05-26 01:06:12,764 [grpc-default-executor-2] INFO server.RaftServer$Division: b5e1483c-ebb9-498e-a44e-4515565c9d24@group-597366B13B21: changes role from  FOLLOWER to FOLLOWER at term 2 for candidate:721d1d78-174e-4dd4-936e-6859c499c84f
datanode_2  | 2022-05-26 01:42:48,688 [Command processor thread] INFO keyvalue.KeyValueContainer: Container 9 is synced with bcsId 0.
s3g_1       | 2022-05-26 01:05:06,157 [main] INFO impl.MetricsSystemImpl: S3Gateway metrics system started
datanode_4  | 2022-05-26 01:40:52,474 [BlockDeletingService#2] INFO impl.FilePerBlockStrategy: Deleted block file: /data/hdds/hdds/CID-92c93572-3b2f-4457-a702-7f5a624966e5/current/containerDir0/1/chunks/109611004723200104.block
recon_1     | 2022-05-26 01:05:38,188 [main] INFO http.HttpServer2: Added global filter 'safety' (class=org.apache.hadoop.hdds.server.http.HttpServer2$QuotingInputFilter)
datanode_1  | 2022-05-26 01:06:17,810 [grpc-default-executor-0] INFO server.RaftServer$Division: e46a1bbe-e562-4784-9a6f-2deccc427e1c@group-597366B13B21: changes role from  FOLLOWER to FOLLOWER at term 3 for candidate:b5e1483c-ebb9-498e-a44e-4515565c9d24
scm_1       | STARTUP_MSG:   host = e28a76487d8b/172.18.0.9
om_1        | 	at org.apache.hadoop.ozone.om.OzoneManagerUtils.getBucketLayout(OzoneManagerUtils.java:127)
datanode_3  | 2022-05-26 01:06:12,765 [grpc-default-executor-2] INFO impl.RoleInfo: b5e1483c-ebb9-498e-a44e-4515565c9d24: shutdown b5e1483c-ebb9-498e-a44e-4515565c9d24@group-597366B13B21-FollowerState
datanode_2  | 2022-05-26 01:42:48,692 [Command processor thread] INFO commandhandler.CloseContainerCommandHandler: Marking Container 9 quasi closed
s3g_1       | 2022-05-26 01:05:06,404 [main] INFO http.HttpServer2: Jetty bound to port 9878
datanode_4  | 2022-05-26 01:40:52,474 [BlockDeletingService#2] INFO impl.FilePerBlockStrategy: Deleted block file: /data/hdds/hdds/CID-92c93572-3b2f-4457-a702-7f5a624966e5/current/containerDir0/1/chunks/109611004723200107.block
recon_1     | 2022-05-26 01:05:38,226 [main] INFO http.HttpServer2: Added filter static_user_filter (class=org.apache.hadoop.http.lib.StaticUserWebFilter$StaticUserFilter) to context recon
recon_1     | 2022-05-26 01:05:38,235 [main] INFO http.HttpServer2: Added filter static_user_filter (class=org.apache.hadoop.http.lib.StaticUserWebFilter$StaticUserFilter) to context static
datanode_1  | 2022-05-26 01:06:17,810 [grpc-default-executor-0] INFO impl.RoleInfo: e46a1bbe-e562-4784-9a6f-2deccc427e1c: shutdown e46a1bbe-e562-4784-9a6f-2deccc427e1c@group-597366B13B21-FollowerState
om_1        | 	at org.apache.hadoop.ozone.om.OzoneManagerUtils.getBucketLayout(OzoneManagerUtils.java:127)
datanode_3  | 2022-05-26 01:06:12,765 [b5e1483c-ebb9-498e-a44e-4515565c9d24@group-597366B13B21-FollowerState] INFO impl.FollowerState: b5e1483c-ebb9-498e-a44e-4515565c9d24@group-597366B13B21-FollowerState was interrupted
datanode_3  | 2022-05-26 01:06:12,766 [grpc-default-executor-2] INFO impl.RoleInfo: b5e1483c-ebb9-498e-a44e-4515565c9d24: start b5e1483c-ebb9-498e-a44e-4515565c9d24@group-597366B13B21-FollowerState
s3g_1       | 2022-05-26 01:05:06,445 [main] INFO server.Server: jetty-9.4.43.v20210629; built: 2021-06-30T11:07:22.254Z; git: 526006ecfa3af7f1a27ef3a288e2bef7ea9dd7e8; jvm 11.0.14.1+1-LTS
datanode_4  | 2022-05-26 01:40:52,475 [BlockDeletingService#2] INFO impl.FilePerBlockStrategy: Deleted block file: /data/hdds/hdds/CID-92c93572-3b2f-4457-a702-7f5a624966e5/current/containerDir0/1/chunks/109611004723200110.block
om_1        | 	at org.apache.hadoop.ozone.om.OzoneManagerUtils.getBucketLayout(OzoneManagerUtils.java:84)
s3g_1       | 2022-05-26 01:05:07,063 [main] INFO server.session: DefaultSessionIdManager workerName=node0
scm_1       | STARTUP_MSG:   args = []
recon_1     | 2022-05-26 01:05:38,235 [main] INFO http.HttpServer2: Added filter static_user_filter (class=org.apache.hadoop.http.lib.StaticUserWebFilter$StaticUserFilter) to context logs
datanode_4  | 2022-05-26 01:40:52,475 [BlockDeletingService#2] INFO impl.FilePerBlockStrategy: Deleted block file: /data/hdds/hdds/CID-92c93572-3b2f-4457-a702-7f5a624966e5/current/containerDir0/1/chunks/109611004723200115.block
datanode_3  | 2022-05-26 01:06:12,769 [grpc-default-executor-2] INFO server.RaftServer$Division: b5e1483c-ebb9-498e-a44e-4515565c9d24@group-597366B13B21 replies to ELECTION vote request: 721d1d78-174e-4dd4-936e-6859c499c84f<-b5e1483c-ebb9-498e-a44e-4515565c9d24#0:FAIL-t2. Peer's state: b5e1483c-ebb9-498e-a44e-4515565c9d24@group-597366B13B21:t2, leader=null, voted=null, raftlog=b5e1483c-ebb9-498e-a44e-4515565c9d24@group-597366B13B21-SegmentedRaftLog:OPENED:c-1, conf=-1: [e46a1bbe-e562-4784-9a6f-2deccc427e1c|rpc:172.18.0.8:9856|admin:172.18.0.8:9857|client:172.18.0.8:9858|priority:0, 721d1d78-174e-4dd4-936e-6859c499c84f|rpc:172.18.0.5:9856|admin:172.18.0.5:9857|client:172.18.0.5:9858|priority:0, b5e1483c-ebb9-498e-a44e-4515565c9d24|rpc:172.18.0.10:9856|admin:172.18.0.10:9857|client:172.18.0.10:9858|priority:1], old=null
datanode_2  | 2022-05-26 01:42:48,704 [Command processor thread] INFO keyvalue.KeyValueContainer: Container 7 is synced with bcsId 0.
datanode_1  | 2022-05-26 01:06:17,810 [grpc-default-executor-0] INFO impl.RoleInfo: e46a1bbe-e562-4784-9a6f-2deccc427e1c: start e46a1bbe-e562-4784-9a6f-2deccc427e1c@group-597366B13B21-FollowerState
om_1        | 	at org.apache.hadoop.ozone.om.KeyManagerImpl.getOzoneFileStatus(KeyManagerImpl.java:1237)
s3g_1       | 2022-05-26 01:05:07,101 [main] INFO server.session: No SessionScavenger set, using defaults
s3g_1       | 2022-05-26 01:05:07,107 [main] INFO server.session: node0 Scavenging every 660000ms
recon_1     | 2022-05-26 01:05:39,005 [main] INFO tasks.ReconTaskControllerImpl: Registered task ContainerKeyMapperTask with controller.
datanode_4  | 2022-05-26 01:40:52,477 [BlockDeletingService#2] INFO impl.FilePerBlockStrategy: Deleted block file: /data/hdds/hdds/CID-92c93572-3b2f-4457-a702-7f5a624966e5/current/containerDir0/1/chunks/109611004723200118.block
datanode_3  | 2022-05-26 01:06:17,774 [b5e1483c-ebb9-498e-a44e-4515565c9d24@group-597366B13B21-FollowerState] INFO impl.FollowerState: b5e1483c-ebb9-498e-a44e-4515565c9d24@group-597366B13B21-FollowerState: change to CANDIDATE, lastRpcElapsedTime:5008171302ns, electionTimeout:5007ms
datanode_2  | 2022-05-26 01:42:48,705 [Command processor thread] INFO keyvalue.KeyValueContainer: Container 7 is synced with bcsId 0.
datanode_1  | 2022-05-26 01:06:17,810 [e46a1bbe-e562-4784-9a6f-2deccc427e1c@group-597366B13B21-FollowerState] INFO impl.FollowerState: e46a1bbe-e562-4784-9a6f-2deccc427e1c@group-597366B13B21-FollowerState was interrupted
om_1        | 	at org.apache.hadoop.ozone.om.KeyManagerImpl.getFileStatus(KeyManagerImpl.java:1212)
s3g_1       | 2022-05-26 01:05:07,297 [main] INFO handler.ContextHandler: Started o.e.j.s.ServletContextHandler@b968a76{logs,/logs,file:///var/log/hadoop/,AVAILABLE}
scm_1       | STARTUP_MSG:   version = 1.3.0-SNAPSHOT
datanode_4  | 2022-05-26 01:40:52,478 [BlockDeletingService#2] INFO impl.FilePerBlockStrategy: Deleted block file: /data/hdds/hdds/CID-92c93572-3b2f-4457-a702-7f5a624966e5/current/containerDir0/1/chunks/109611004723200119.block
datanode_2  | 2022-05-26 01:42:48,719 [Command processor thread] INFO commandhandler.CloseContainerCommandHandler: Marking Container 7 quasi closed
datanode_1  | 2022-05-26 01:06:17,829 [grpc-default-executor-0] INFO server.RaftServer$Division: e46a1bbe-e562-4784-9a6f-2deccc427e1c@group-597366B13B21 replies to ELECTION vote request: b5e1483c-ebb9-498e-a44e-4515565c9d24<-e46a1bbe-e562-4784-9a6f-2deccc427e1c#0:OK-t3. Peer's state: e46a1bbe-e562-4784-9a6f-2deccc427e1c@group-597366B13B21:t3, leader=null, voted=b5e1483c-ebb9-498e-a44e-4515565c9d24, raftlog=e46a1bbe-e562-4784-9a6f-2deccc427e1c@group-597366B13B21-SegmentedRaftLog:OPENED:c-1, conf=-1: [e46a1bbe-e562-4784-9a6f-2deccc427e1c|rpc:172.18.0.8:9856|admin:172.18.0.8:9857|client:172.18.0.8:9858|priority:0, 721d1d78-174e-4dd4-936e-6859c499c84f|rpc:172.18.0.5:9856|admin:172.18.0.5:9857|client:172.18.0.5:9858|priority:0, b5e1483c-ebb9-498e-a44e-4515565c9d24|rpc:172.18.0.10:9856|admin:172.18.0.10:9857|client:172.18.0.10:9858|priority:1], old=null
om_1        | 	at org.apache.hadoop.ozone.om.KeyManagerImpl.getFileStatus(KeyManagerImpl.java:1187)
s3g_1       | 2022-05-26 01:05:07,299 [main] INFO handler.ContextHandler: Started o.e.j.s.ServletContextHandler@5b64c4b7{static,/static,jar:file:/opt/hadoop/share/ozone/lib/ozone-s3gateway-1.3.0-SNAPSHOT.jar!/webapps/static,AVAILABLE}
recon_1     | 2022-05-26 01:05:39,938 [main] INFO tasks.ReconTaskControllerImpl: Registered task FileSizeCountTask with controller.
datanode_3  | 2022-05-26 01:06:17,780 [b5e1483c-ebb9-498e-a44e-4515565c9d24@group-597366B13B21-FollowerState] INFO impl.RoleInfo: b5e1483c-ebb9-498e-a44e-4515565c9d24: shutdown b5e1483c-ebb9-498e-a44e-4515565c9d24@group-597366B13B21-FollowerState
datanode_3  | 2022-05-26 01:06:17,780 [b5e1483c-ebb9-498e-a44e-4515565c9d24@group-597366B13B21-FollowerState] INFO server.RaftServer$Division: b5e1483c-ebb9-498e-a44e-4515565c9d24@group-597366B13B21: changes role from  FOLLOWER to CANDIDATE at term 2 for changeToCandidate
datanode_4  | 2022-05-26 01:40:52,478 [BlockDeletingService#2] INFO impl.FilePerBlockStrategy: Deleted block file: /data/hdds/hdds/CID-92c93572-3b2f-4457-a702-7f5a624966e5/current/containerDir0/1/chunks/109611004723200120.block
datanode_2  | 2022-05-26 01:42:56,021 [org.apache.hadoop.ozone.container.common.statemachine.commandhandler.DeleteBlocksCommandHandler$DeleteCmdWorker@2e013ba1] INFO commandhandler.DeleteBlocksCommandHandler: Start to delete container blocks, TXIDs=[13(0),14(0),15(0),16(0),17(0),19(0),20(0),21(0),22(0),23(0),24(0),25(0),26(0)], numOfContainers=5, numOfBlocks=26
datanode_1  | 2022-05-26 01:06:17,996 [e46a1bbe-e562-4784-9a6f-2deccc427e1c-server-thread1] INFO ratis.XceiverServerRatis: Leader change notification received for group: group-597366B13B21 with new leaderId: b5e1483c-ebb9-498e-a44e-4515565c9d24
om_1        | 	at org.apache.hadoop.ozone.om.TrashOzoneFileSystem.getFileStatus(TrashOzoneFileSystem.java:276)
om_1        | 	at org.apache.hadoop.ozone.om.TrashOzoneFileSystem.exists(TrashOzoneFileSystem.java:332)
datanode_3  | 2022-05-26 01:06:17,780 [b5e1483c-ebb9-498e-a44e-4515565c9d24@group-597366B13B21-FollowerState] INFO server.RaftServerConfigKeys: raft.server.leaderelection.pre-vote = false (custom)
scm_1       | STARTUP_MSG:   classpath = /etc/hadoop:/opt/hadoop/share/ozone/lib/kerb-simplekdc-1.0.1.jar:/opt/hadoop/share/ozone/lib/slf4j-log4j12-1.7.30.jar:/opt/hadoop/share/ozone/lib/protobuf-java-2.5.0.jar:/opt/hadoop/share/ozone/lib/jaxb-core-2.3.0.1.jar:/opt/hadoop/share/ozone/lib/netty-codec-4.1.74.Final.jar:/opt/hadoop/share/ozone/lib/istack-commons-runtime-3.0.5.jar:/opt/hadoop/share/ozone/lib/commons-validator-1.6.jar:/opt/hadoop/share/ozone/lib/bcpkix-jdk15on-1.67.jar:/opt/hadoop/share/ozone/lib/hdds-interface-admin-1.3.0-SNAPSHOT.jar:/opt/hadoop/share/ozone/lib/jackson-annotations-2.13.2.jar:/opt/hadoop/share/ozone/lib/jetty-security-9.4.43.v20210629.jar:/opt/hadoop/share/ozone/lib/kerb-core-1.0.1.jar:/opt/hadoop/share/ozone/lib/hadoop-shaded-protobuf_3_7-1.1.1.jar:/opt/hadoop/share/ozone/lib/ozone-annotation-processing-1.3.0-SNAPSHOT.jar:/opt/hadoop/share/ozone/lib/hdds-container-service-1.3.0-SNAPSHOT.jar:/opt/hadoop/share/ozone/lib/okhttp-4.9.0.jar:/opt/hadoop/share/ozone/lib/netty-resolver-4.1.74.Final.jar:/opt/hadoop/share/ozone/lib/jsr305-3.0.0.jar:/opt/hadoop/share/ozone/lib/j2objc-annotations-1.3.jar:/opt/hadoop/share/ozone/lib/picocli-4.6.1.jar:/opt/hadoop/share/ozone/lib/jackson-datatype-jsr310-2.13.2.jar:/opt/hadoop/share/ozone/lib/javassist-3.21.0-GA.jar:/opt/hadoop/share/ozone/lib/jaxb-api-2.3.0.jar:/opt/hadoop/share/ozone/lib/htrace-core4-4.1.0-incubating.jar:/opt/hadoop/share/ozone/lib/netty-buffer-4.1.74.Final.jar:/opt/hadoop/share/ozone/lib/kerb-util-1.0.1.jar:/opt/hadoop/share/ozone/lib/kotlin-stdlib-common-1.4.31.jar:/opt/hadoop/share/ozone/lib/hadoop-shaded-guava-1.1.1.jar:/opt/hadoop/share/ozone/lib/ratis-metrics-2.3.0.jar:/opt/hadoop/share/ozone/lib/log4j-core-2.17.1.jar:/opt/hadoop/share/ozone/lib/commons-logging-1.2.jar:/opt/hadoop/share/ozone/lib/accessors-smart-2.4.7.jar:/opt/hadoop/share/ozone/lib/kerby-xdr-1.0.1.jar:/opt/hadoop/share/ozone/lib/txw2-2.3.0.1.jar:/opt/hadoop/share/ozone/lib/httpcore-4.4.13.jar:/opt/hadoop/share/ozone/lib/guava-31.1-jre.jar:/opt/hadoop/share/ozone/lib/opentracing-tracerresolver-0.1.8.jar:/opt/hadoop/share/ozone/lib/commons-net-3.6.jar:/opt/hadoop/share/ozone/lib/libthrift-0.14.1.jar:/opt/hadoop/share/ozone/lib/snakeyaml-1.26.jar:/opt/hadoop/share/ozone/lib/stax-ex-1.7.8.jar:/opt/hadoop/share/ozone/lib/error_prone_annotations-2.2.0.jar:/opt/hadoop/share/ozone/lib/httpclient-4.5.13.jar:/opt/hadoop/share/ozone/lib/jetty-servlet-9.4.43.v20210629.jar:/opt/hadoop/share/ozone/lib/netty-tcnative-classes-2.0.48.Final.jar:/opt/hadoop/share/ozone/lib/ratis-common-2.3.0.jar:/opt/hadoop/share/ozone/lib/jaeger-client-1.6.0.jar:/opt/hadoop/share/ozone/lib/kerby-config-1.0.1.jar:/opt/hadoop/share/ozone/lib/commons-io-2.11.0.jar:/opt/hadoop/share/ozone/lib/metrics-core-3.2.4.jar:/opt/hadoop/share/ozone/lib/kerby-pkix-1.0.1.jar:/opt/hadoop/share/ozone/lib/json-smart-2.4.7.jar:/opt/hadoop/share/ozone/lib/hdds-interface-client-1.3.0-SNAPSHOT.jar:/opt/hadoop/share/ozone/lib/ratis-grpc-2.3.0.jar:/opt/hadoop/share/ozone/lib/jsr311-api-1.1.1.jar:/opt/hadoop/share/ozone/lib/commons-beanutils-1.9.4.jar:/opt/hadoop/share/ozone/lib/jetty-webapp-9.4.43.v20210629.jar:/opt/hadoop/share/ozone/lib/jackson-core-2.13.2.jar:/opt/hadoop/share/ozone/lib/hdds-server-framework-1.3.0-SNAPSHOT.jar:/opt/hadoop/share/ozone/lib/javax.servlet-api-3.1.0.jar:/opt/hadoop/share/ozone/lib/kerb-server-1.0.1.jar:/opt/hadoop/share/ozone/lib/hdds-common-1.3.0-SNAPSHOT.jar:/opt/hadoop/share/ozone/lib/kerb-client-1.0.1.jar:/opt/hadoop/share/ozone/lib/disruptor-3.4.2.jar:/opt/hadoop/share/ozone/lib/reflections-0.9.11.jar:/opt/hadoop/share/ozone/lib/hdds-erasurecode-1.3.0-SNAPSHOT.jar:/opt/hadoop/share/ozone/lib/jetty-io-9.4.43.v20210629.jar:/opt/hadoop/share/ozone/lib/hdds-interface-server-1.3.0-SNAPSHOT.jar:/opt/hadoop/share/ozone/lib/hadoop-hdfs-3.3.1.jar:/opt/hadoop/share/ozone/lib/ratis-proto-2.3.0.jar:/opt/hadoop/share/ozone/lib/annotations-13.0.jar:/opt/hadoop/share/ozone/lib/jetty-server-9.4.43.v20210629.jar:/opt/hadoop/share/ozone/lib/simpleclient_common-0.7.0.jar:/opt/hadoop/share/ozone/lib/jaeger-thrift-1.6.0.jar:/opt/hadoop/share/ozone/lib/hadoop-common-3.3.1.jar:/opt/hadoop/share/ozone/lib/dnsjava-2.1.7.jar:/opt/hadoop/share/ozone/lib/bcprov-jdk15on-1.67.jar:/opt/hadoop/share/ozone/lib/commons-configuration2-2.1.1.jar:/opt/hadoop/share/ozone/lib/token-provider-1.0.1.jar:/opt/hadoop/share/ozone/lib/log4j-1.2.17.jar:/opt/hadoop/share/ozone/lib/commons-daemon-1.0.13.jar:/opt/hadoop/share/ozone/lib/listenablefuture-9999.0-empty-to-avoid-conflict-with-guava.jar:/opt/hadoop/share/ozone/lib/jaeger-tracerresolver-1.6.0.jar:/opt/hadoop/share/ozone/lib/jetty-xml-9.4.43.v20210629.jar:/opt/hadoop/share/ozone/lib/netty-handler-4.1.74.Final.jar:/opt/hadoop/share/ozone/lib/commons-lang3-3.7.jar:/opt/hadoop/share/ozone/lib/ratis-netty-2.3.0.jar:/opt/hadoop/share/ozone/lib/re2j-1.1.jar:/opt/hadoop/share/ozone/lib/commons-math3-3.1.1.jar:/opt/hadoop/share/ozone/lib/simpleclient_dropwizard-0.7.0.jar:/opt/hadoop/share/ozone/lib/jackson-databind-2.13.2.2.jar:/opt/hadoop/share/ozone/lib/simpleclient-0.7.0.jar:/opt/hadoop/share/ozone/lib/asm-5.0.4.jar:/opt/hadoop/share/ozone/lib/kerby-util-1.0.1.jar:/opt/hadoop/share/ozone/lib/failureaccess-1.0.1.jar:/opt/hadoop/share/ozone/lib/okio-2.8.0.jar:/opt/hadoop/share/ozone/lib/hdds-config-1.3.0-SNAPSHOT.jar:/opt/hadoop/share/ozone/lib/jsp-api-2.1.jar:/opt/hadoop/share/ozone/lib/rocksdbjni-7.0.4.jar:/opt/hadoop/share/ozone/lib/jsch-0.1.54.jar:/opt/hadoop/share/ozone/lib/jetty-http-9.4.43.v20210629.jar:/opt/hadoop/share/ozone/lib/jakarta.activation-api-1.2.1.jar:/opt/hadoop/share/ozone/lib/slf4j-api-1.7.30.jar:/opt/hadoop/share/ozone/lib/hadoop-hdfs-client-3.3.1.jar:/opt/hadoop/share/ozone/lib/nimbus-jose-jwt-7.9.jar:/opt/hadoop/share/ozone/lib/commons-codec-1.11.jar:/opt/hadoop/share/ozone/lib/commons-pool2-2.6.0.jar:/opt/hadoop/share/ozone/lib/jetty-util-9.4.43.v20210629.jar:/opt/hadoop/share/ozone/lib/opentracing-api-0.33.0.jar:/opt/hadoop/share/ozone/lib/jetty-util-ajax-9.4.43.v20210629.jar:/opt/hadoop/share/ozone/lib/jcip-annotations-1.0-1.jar:/opt/hadoop/share/ozone/lib/kerb-admin-1.0.1.jar:/opt/hadoop/share/ozone/lib/ratis-thirdparty-misc-1.0.0.jar:/opt/hadoop/share/ozone/lib/kotlin-stdlib-1.4.31.jar:/opt/hadoop/share/ozone/lib/opentracing-noop-0.33.0.jar:/opt/hadoop/share/ozone/lib/jersey-core-1.19.jar:/opt/hadoop/share/ozone/lib/commons-compress-1.21.jar:/opt/hadoop/share/ozone/lib/jaxb-runtime-2.3.0.1.jar:/opt/hadoop/share/ozone/lib/ratis-server-api-2.3.0.jar:/opt/hadoop/share/ozone/lib/opentracing-util-0.33.0.jar:/opt/hadoop/share/ozone/lib/hdds-client-1.3.0-SNAPSHOT.jar:/opt/hadoop/share/ozone/lib/hdds-hadoop-dependency-client-1.3.0-SNAPSHOT.jar:/opt/hadoop/share/ozone/lib/snappy-java-1.1.8.2.jar:/opt/hadoop/share/ozone/lib/commons-cli-1.2.jar:/opt/hadoop/share/ozone/lib/ratis-server-2.3.0.jar:/opt/hadoop/share/ozone/lib/log4j-api-2.17.1.jar:/opt/hadoop/share/ozone/lib/gson-2.8.9.jar:/opt/hadoop/share/ozone/lib/woodstox-core-5.0.3.jar:/opt/hadoop/share/ozone/lib/javax.annotation-api-1.2.jar:/opt/hadoop/share/ozone/lib/kerby-asn1-1.0.1.jar:/opt/hadoop/share/ozone/lib/hadoop-annotations-3.3.1.jar:/opt/hadoop/share/ozone/lib/checker-qual-3.12.0.jar:/opt/hadoop/share/ozone/lib/stax2-api-3.1.4.jar:/opt/hadoop/share/ozone/lib/commons-digester-1.8.1.jar:/opt/hadoop/share/ozone/lib/commons-collections-3.2.2.jar:/opt/hadoop/share/ozone/lib/jaeger-core-1.6.0.jar:/opt/hadoop/share/ozone/lib/commons-text-1.4.jar:/opt/hadoop/share/ozone/lib/jersey-servlet-1.19.jar:/opt/hadoop/share/ozone/lib/hadoop-auth-3.3.1.jar:/opt/hadoop/share/ozone/lib/kerb-identity-1.0.1.jar:/opt/hadoop/share/ozone/lib/FastInfoset-1.2.13.jar:/opt/hadoop/share/ozone/lib/ratis-client-2.3.0.jar:/opt/hadoop/share/ozone/lib/kerb-common-1.0.1.jar:/opt/hadoop/share/ozone/lib/netty-transport-4.1.74.Final.jar:/opt/hadoop/share/ozone/lib/jersey-server-1.19.jar:/opt/hadoop/share/ozone/lib/hdds-hadoop-dependency-server-1.3.0-SNAPSHOT.jar:/opt/hadoop/share/ozone/lib/netty-common-4.1.74.Final.jar:/opt/hadoop/share/ozone/lib/kerb-crypto-1.0.1.jar:/opt/hadoop/share/ozone/web:/opt/hadoop/share/ozone/lib/hdds-server-scm-1.3.0-SNAPSHOT.jar
recon_1     | 2022-05-26 01:05:39,957 [main] INFO tasks.ReconTaskControllerImpl: Registered task TableCountTask with controller.
datanode_4  | 2022-05-26 01:40:52,478 [BlockDeletingService#2] INFO impl.FilePerBlockStrategy: Deleted block file: /data/hdds/hdds/CID-92c93572-3b2f-4457-a702-7f5a624966e5/current/containerDir0/1/chunks/109611004723200121.block
datanode_2  | 2022-05-26 01:42:56,973 [grpc-default-executor-2] INFO server.RaftServer: d7686c69-635e-457e-8e8f-07644a51ff20: addNew group-E5398030B0E0:[d7686c69-635e-457e-8e8f-07644a51ff20|rpc:172.18.0.6:9856|admin:172.18.0.6:9857|client:172.18.0.6:9858|dataStream:|priority:1, e46a1bbe-e562-4784-9a6f-2deccc427e1c|rpc:172.18.0.8:9856|admin:172.18.0.8:9857|client:172.18.0.8:9858|dataStream:|priority:0, 721d1d78-174e-4dd4-936e-6859c499c84f|rpc:172.18.0.5:9856|admin:172.18.0.5:9857|client:172.18.0.5:9858|dataStream:|priority:0] returns group-E5398030B0E0:java.util.concurrent.CompletableFuture@681864df[Not completed]
datanode_1  | 2022-05-26 01:06:17,999 [e46a1bbe-e562-4784-9a6f-2deccc427e1c-server-thread1] INFO server.RaftServer$Division: e46a1bbe-e562-4784-9a6f-2deccc427e1c@group-597366B13B21: change Leader from null to b5e1483c-ebb9-498e-a44e-4515565c9d24 at term 3 for appendEntries, leader elected after 15219ms
om_1        | 	at org.apache.hadoop.ozone.om.TrashOzoneFileSystem.getTrashRoots(TrashOzoneFileSystem.java:312)
om_1        | 	at org.apache.hadoop.ozone.om.TrashPolicyOzone$Emptier.run(TrashPolicyOzone.java:214)
datanode_3  | 2022-05-26 01:06:17,787 [b5e1483c-ebb9-498e-a44e-4515565c9d24@group-597366B13B21-FollowerState] INFO impl.RoleInfo: b5e1483c-ebb9-498e-a44e-4515565c9d24: start b5e1483c-ebb9-498e-a44e-4515565c9d24@group-597366B13B21-LeaderElection3
scm_1       | STARTUP_MSG:   build = https://github.com/apache/ozone/5ed0e0a9b4c8355f4cde064cc605bc419dacd9c3 ; compiled by 'runner' on 2022-05-26T00:50Z
recon_1     | 2022-05-26 01:05:39,977 [main] INFO tasks.ReconTaskControllerImpl: Registered task NSSummaryTask with controller.
datanode_4  | 2022-05-26 01:40:52,479 [BlockDeletingService#2] INFO impl.FilePerBlockStrategy: Deleted block file: /data/hdds/hdds/CID-92c93572-3b2f-4457-a702-7f5a624966e5/current/containerDir0/1/chunks/109611004723200200.block
datanode_2  | 2022-05-26 01:42:56,975 [pool-22-thread-1] INFO server.RaftServer$Division: d7686c69-635e-457e-8e8f-07644a51ff20: new RaftServerImpl for group-E5398030B0E0:[d7686c69-635e-457e-8e8f-07644a51ff20|rpc:172.18.0.6:9856|admin:172.18.0.6:9857|client:172.18.0.6:9858|dataStream:|priority:1, e46a1bbe-e562-4784-9a6f-2deccc427e1c|rpc:172.18.0.8:9856|admin:172.18.0.8:9857|client:172.18.0.8:9858|dataStream:|priority:0, 721d1d78-174e-4dd4-936e-6859c499c84f|rpc:172.18.0.5:9856|admin:172.18.0.5:9857|client:172.18.0.5:9858|dataStream:|priority:0] with ContainerStateMachine:uninitialized
datanode_1  | 2022-05-26 01:06:18,045 [e46a1bbe-e562-4784-9a6f-2deccc427e1c-server-thread1] INFO server.RaftServer$Division: e46a1bbe-e562-4784-9a6f-2deccc427e1c@group-597366B13B21: set configuration 0: [e46a1bbe-e562-4784-9a6f-2deccc427e1c|rpc:172.18.0.8:9856|admin:172.18.0.8:9857|client:172.18.0.8:9858|dataStream:|priority:0, 721d1d78-174e-4dd4-936e-6859c499c84f|rpc:172.18.0.5:9856|admin:172.18.0.5:9857|client:172.18.0.5:9858|dataStream:|priority:0, b5e1483c-ebb9-498e-a44e-4515565c9d24|rpc:172.18.0.10:9856|admin:172.18.0.10:9857|client:172.18.0.10:9858|dataStream:|priority:1], old=null
om_1        | 	at java.base/java.lang.Thread.run(Thread.java:829)
s3g_1       | WARNING: An illegal reflective access operation has occurred
datanode_3  | 2022-05-26 01:06:17,794 [b5e1483c-ebb9-498e-a44e-4515565c9d24@group-597366B13B21-LeaderElection3] INFO impl.LeaderElection: b5e1483c-ebb9-498e-a44e-4515565c9d24@group-597366B13B21-LeaderElection3 ELECTION round 0: submit vote requests at term 3 for -1: [e46a1bbe-e562-4784-9a6f-2deccc427e1c|rpc:172.18.0.8:9856|admin:172.18.0.8:9857|client:172.18.0.8:9858|priority:0, 721d1d78-174e-4dd4-936e-6859c499c84f|rpc:172.18.0.5:9856|admin:172.18.0.5:9857|client:172.18.0.5:9858|priority:0, b5e1483c-ebb9-498e-a44e-4515565c9d24|rpc:172.18.0.10:9856|admin:172.18.0.10:9857|client:172.18.0.10:9858|priority:1], old=null
datanode_3  | 2022-05-26 01:06:17,839 [b5e1483c-ebb9-498e-a44e-4515565c9d24@group-597366B13B21-LeaderElection3] INFO impl.LeaderElection: b5e1483c-ebb9-498e-a44e-4515565c9d24@group-597366B13B21-LeaderElection3: ELECTION PASSED received 1 response(s) and 0 exception(s):
recon_1     | 2022-05-26 01:05:40,051 [main] INFO ozone.OmUtils: ozone.om.internal.service.id is not defined, falling back to ozone.om.service.ids to find serviceID for OzoneManager if it is HA enabled cluster
datanode_4  | 2022-05-26 01:40:52,479 [BlockDeletingService#2] INFO impl.FilePerBlockStrategy: Deleted block file: /data/hdds/hdds/CID-92c93572-3b2f-4457-a702-7f5a624966e5/current/containerDir0/1/chunks/109611004723200213.block
datanode_4  | 2022-05-26 01:40:52,479 [BlockDeletingService#2] INFO impl.FilePerBlockStrategy: Deleted block file: /data/hdds/hdds/CID-92c93572-3b2f-4457-a702-7f5a624966e5/current/containerDir0/1/chunks/109611004723200214.block
datanode_1  | 2022-05-26 01:06:18,046 [e46a1bbe-e562-4784-9a6f-2deccc427e1c-server-thread1] INFO segmented.SegmentedRaftLogWorker: e46a1bbe-e562-4784-9a6f-2deccc427e1c@group-597366B13B21-SegmentedRaftLogWorker: Starting segment from index:0
om_1        | 2022-05-26 01:11:00,066 [OM StateMachine ApplyTransaction Thread - 0] INFO bucket.OMBucketCreateRequest: created bucket: link3 of layout LEGACY in volume: 42688-target
s3g_1       | WARNING: Illegal reflective access by org.jboss.weld.util.reflection.Formats (file:/opt/hadoop/share/ozone/lib/weld-servlet-2.4.7.Final.jar) to constructor com.sun.org.apache.bcel.internal.classfile.ClassParser(java.io.InputStream,java.lang.String)
datanode_3  | 2022-05-26 01:06:17,841 [b5e1483c-ebb9-498e-a44e-4515565c9d24@group-597366B13B21-LeaderElection3] INFO impl.LeaderElection:   Response 0: b5e1483c-ebb9-498e-a44e-4515565c9d24<-e46a1bbe-e562-4784-9a6f-2deccc427e1c#0:OK-t3
scm_1       | STARTUP_MSG:   java = 11.0.14.1
recon_1     | 2022-05-26 01:05:40,053 [main] INFO ozone.OmUtils: No OzoneManager ServiceID configured.
recon_1     | 2022-05-26 01:05:42,011 [main] WARN recon.ReconUtils: ozone.recon.om.db.dir is not configured. We recommend adding this setting. Falling back to ozone.metadata.dirs instead.
datanode_2  | 2022-05-26 01:42:56,976 [pool-22-thread-1] INFO server.RaftServerConfigKeys: raft.server.rpc.timeout.min = 5s (custom)
datanode_1  | 2022-05-26 01:06:18,051 [e46a1bbe-e562-4784-9a6f-2deccc427e1c@group-597366B13B21-SegmentedRaftLogWorker] INFO segmented.SegmentedRaftLogWorker: e46a1bbe-e562-4784-9a6f-2deccc427e1c@group-597366B13B21-SegmentedRaftLogWorker: created new log segment /data/metadata/ratis/9b193c0e-0b26-4a92-ad2f-597366b13b21/current/log_inprogress_0
om_1        | 2022-05-26 01:11:32,284 [OM StateMachine ApplyTransaction Thread - 0] INFO volume.OMVolumeCreateRequest: created volume:44728-without-scheme for user:hadoop
s3g_1       | WARNING: Please consider reporting this to the maintainers of org.jboss.weld.util.reflection.Formats
s3g_1       | WARNING: Use --illegal-access=warn to enable warnings of further illegal reflective access operations
scm_1       | ************************************************************/
recon_1     | 2022-05-26 01:05:42,742 [main] WARN recon.ReconUtils: ozone.recon.scm.db.dirs is not configured. We recommend adding this setting. Falling back to ozone.metadata.dirs instead.
datanode_4  | 2022-05-26 01:40:52,480 [BlockDeletingService#2] INFO impl.FilePerBlockStrategy: Deleted block file: /data/hdds/hdds/CID-92c93572-3b2f-4457-a702-7f5a624966e5/current/containerDir0/1/chunks/109611004723200291.block
datanode_2  | 2022-05-26 01:42:56,976 [pool-22-thread-1] INFO server.RaftServerConfigKeys: raft.server.rpc.timeout.max = 5200ms (custom)
datanode_1  | 2022-05-26 01:39:23,590 [ContainerOp-9b193c0e-0b26-4a92-ad2f-597366b13b21-5] INFO keyvalue.KeyValueContainer: Container 1 is synced with bcsId 2789.
s3g_1       | WARNING: All illegal access operations will be denied in a future release
datanode_3  | 2022-05-26 01:06:17,841 [b5e1483c-ebb9-498e-a44e-4515565c9d24@group-597366B13B21-LeaderElection3] INFO impl.LeaderElection: b5e1483c-ebb9-498e-a44e-4515565c9d24@group-597366B13B21-LeaderElection3 ELECTION round 0: result PASSED
om_1        | 2022-05-26 01:11:51,892 [OM StateMachine ApplyTransaction Thread - 0] INFO bucket.OMBucketCreateRequest: created bucket: bb1 of layout LEGACY in volume: 44728-without-scheme
scm_1       | 2022-05-26 01:05:40,971 [main] INFO server.StorageContainerManagerStarter: registered UNIX signal handlers for [TERM, HUP, INT]
recon_1     | 2022-05-26 01:05:42,894 [main] INFO net.NodeSchemaLoader: Loading schema from [file:/etc/hadoop/network-topology-default.xml, jar:file:/opt/hadoop/share/ozone/lib/hdds-common-1.3.0-SNAPSHOT.jar!/network-topology-default.xml]
datanode_4  | 2022-05-26 01:40:52,480 [BlockDeletingService#2] INFO impl.FilePerBlockStrategy: Deleted block file: /data/hdds/hdds/CID-92c93572-3b2f-4457-a702-7f5a624966e5/current/containerDir0/1/chunks/109611004723200292.block
datanode_2  | 2022-05-26 01:42:56,976 [pool-22-thread-1] INFO server.RaftServerConfigKeys: raft.server.rpc.sleep.time = 25ms (default)
datanode_1  | 2022-05-26 01:39:23,591 [ContainerOp-9b193c0e-0b26-4a92-ad2f-597366b13b21-5] INFO keyvalue.KeyValueContainer: Container 1 is synced with bcsId 2789.
datanode_1  | 2022-05-26 01:39:23,603 [ContainerOp-9b193c0e-0b26-4a92-ad2f-597366b13b21-5] INFO keyvalue.KeyValueContainer: Container 1 is closed with bcsId 2789.
datanode_3  | 2022-05-26 01:06:17,842 [b5e1483c-ebb9-498e-a44e-4515565c9d24@group-597366B13B21-LeaderElection3] INFO impl.RoleInfo: b5e1483c-ebb9-498e-a44e-4515565c9d24: shutdown b5e1483c-ebb9-498e-a44e-4515565c9d24@group-597366B13B21-LeaderElection3
om_1        | 2022-05-26 01:12:00,001 [Trash Emptier] ERROR om.TrashOzoneFileSystem: Couldn't perform fs operation fs.listStatus()/fs.exists()
scm_1       | 2022-05-26 01:05:41,368 [main] INFO ha.SCMHANodeDetails: ServiceID for StorageContainerManager is null
recon_1     | 2022-05-26 01:05:42,901 [main] INFO net.NodeSchemaLoader: Loading network topology layer schema file
datanode_4  | 2022-05-26 01:40:52,481 [BlockDeletingService#2] INFO impl.FilePerBlockStrategy: Deleted block file: /data/hdds/hdds/CID-92c93572-3b2f-4457-a702-7f5a624966e5/current/containerDir0/1/chunks/109611004723200293.block
datanode_2  | 2022-05-26 01:42:56,976 [pool-22-thread-1] INFO server.RaftServerConfigKeys: raft.server.rpc.slowness.timeout = 300s (custom)
datanode_1  | 2022-05-26 01:39:54,673 [org.apache.hadoop.ozone.container.common.statemachine.commandhandler.DeleteBlocksCommandHandler$DeleteCmdWorker@38fc34fd] INFO commandhandler.DeleteBlocksCommandHandler: Start to delete container blocks, TXIDs=[32(0),1(0),33(0),2(0),5(0),8(0),11(0),12(0),18(0),27(0),28(0),29(0),30(0),31(0)], numOfContainers=1, numOfBlocks=122
s3g_1       | May 26, 2022 1:05:37 AM org.glassfish.jersey.internal.Errors logErrors
datanode_3  | 2022-05-26 01:06:17,842 [b5e1483c-ebb9-498e-a44e-4515565c9d24@group-597366B13B21-LeaderElection3] INFO server.RaftServer$Division: b5e1483c-ebb9-498e-a44e-4515565c9d24@group-597366B13B21: changes role from CANDIDATE to LEADER at term 3 for changeToLeader
om_1        | DETECTED_LOOP_IN_BUCKET_LINKS org.apache.hadoop.ozone.om.exceptions.OMException: Detected loop in bucket links. Bucket name: loop1, Volume name: 42688-target
scm_1       | 2022-05-26 01:05:41,371 [main] INFO ha.SCMHANodeDetails: ozone.scm.default.service.id is not defined, falling back to ozone.scm.service.ids to find serviceID for StorageContainerManager if it is HA enabled cluster
recon_1     | 2022-05-26 01:05:43,091 [main] WARN db.DBStoreBuilder: ozone.recon.scm.db.dirs is not configured. We recommend adding this setting. Falling back to ozone.metadata.dirs instead.
datanode_4  | 2022-05-26 01:40:52,483 [BlockDeletingService#2] INFO impl.FilePerBlockStrategy: Deleted block file: /data/hdds/hdds/CID-92c93572-3b2f-4457-a702-7f5a624966e5/current/containerDir0/1/chunks/109611004723200294.block
datanode_2  | 2022-05-26 01:42:56,980 [pool-22-thread-1] INFO server.RaftServerConfigKeys: raft.server.leaderelection.leader.step-down.wait-time = 10s (default)
datanode_1  | 2022-05-26 01:40:52,590 [BlockDeletingService#9] INFO impl.FilePerBlockStrategy: Deleted block file: /data/hdds/hdds/CID-92c93572-3b2f-4457-a702-7f5a624966e5/current/containerDir0/1/chunks/109611004723200104.block
s3g_1       | WARNING: The following warnings have been detected: WARNING: A HTTP GET method, public javax.ws.rs.core.Response org.apache.hadoop.ozone.s3.endpoint.ObjectEndpoint.get(java.lang.String,java.lang.String,java.lang.String,int,java.lang.String,java.io.InputStream) throws java.io.IOException,org.apache.hadoop.ozone.s3.exception.OS3Exception, should not consume any entity.
datanode_3  | 2022-05-26 01:06:17,843 [b5e1483c-ebb9-498e-a44e-4515565c9d24@group-597366B13B21-LeaderElection3] INFO ratis.XceiverServerRatis: Leader change notification received for group: group-597366B13B21 with new leaderId: b5e1483c-ebb9-498e-a44e-4515565c9d24
datanode_3  | 2022-05-26 01:06:17,843 [b5e1483c-ebb9-498e-a44e-4515565c9d24@group-597366B13B21-LeaderElection3] INFO server.RaftServer$Division: b5e1483c-ebb9-498e-a44e-4515565c9d24@group-597366B13B21: change Leader from null to b5e1483c-ebb9-498e-a44e-4515565c9d24 at term 3 for becomeLeader, leader elected after 15763ms
scm_1       | 2022-05-26 01:05:41,927 [main] WARN server.ServerUtils: ozone.scm.db.dirs is not configured. We recommend adding this setting. Falling back to ozone.metadata.dirs instead.
scm_1       | 2022-05-26 01:05:42,092 [main] INFO upgrade.AbstractLayoutVersionManager: Initializing Layout version manager with metadata layout = ERASURE_CODED_STORAGE_SUPPORT (version = 3), software layout = ERASURE_CODED_STORAGE_SUPPORT (version = 3)
datanode_4  | 2022-05-26 01:40:52,483 [BlockDeletingService#2] INFO impl.FilePerBlockStrategy: Deleted block file: /data/hdds/hdds/CID-92c93572-3b2f-4457-a702-7f5a624966e5/current/containerDir0/1/chunks/109611004723200295.block
datanode_4  | 2022-05-26 01:40:52,484 [BlockDeletingService#2] INFO impl.FilePerBlockStrategy: Deleted block file: /data/hdds/hdds/CID-92c93572-3b2f-4457-a702-7f5a624966e5/current/containerDir0/1/chunks/109611004723200268.block
datanode_4  | 2022-05-26 01:40:52,484 [BlockDeletingService#2] INFO impl.FilePerBlockStrategy: Deleted block file: /data/hdds/hdds/CID-92c93572-3b2f-4457-a702-7f5a624966e5/current/containerDir0/1/chunks/109611004723200269.block
datanode_4  | 2022-05-26 01:40:52,484 [BlockDeletingService#2] INFO impl.FilePerBlockStrategy: Deleted block file: /data/hdds/hdds/CID-92c93572-3b2f-4457-a702-7f5a624966e5/current/containerDir0/1/chunks/109611004723200270.block
datanode_4  | 2022-05-26 01:40:52,485 [BlockDeletingService#2] INFO impl.FilePerBlockStrategy: Deleted block file: /data/hdds/hdds/CID-92c93572-3b2f-4457-a702-7f5a624966e5/current/containerDir0/1/chunks/109611004723200271.block
datanode_4  | 2022-05-26 01:40:52,485 [BlockDeletingService#2] INFO impl.FilePerBlockStrategy: Deleted block file: /data/hdds/hdds/CID-92c93572-3b2f-4457-a702-7f5a624966e5/current/containerDir0/1/chunks/109611004723200272.block
datanode_4  | 2022-05-26 01:40:52,486 [BlockDeletingService#2] INFO impl.FilePerBlockStrategy: Deleted block file: /data/hdds/hdds/CID-92c93572-3b2f-4457-a702-7f5a624966e5/current/containerDir0/1/chunks/109611004723200297.block
datanode_4  | 2022-05-26 01:40:52,489 [BlockDeletingService#2] INFO impl.FilePerBlockStrategy: Deleted block file: /data/hdds/hdds/CID-92c93572-3b2f-4457-a702-7f5a624966e5/current/containerDir0/1/chunks/109611004723200298.block
datanode_4  | 2022-05-26 01:40:52,490 [BlockDeletingService#2] INFO impl.FilePerBlockStrategy: Deleted block file: /data/hdds/hdds/CID-92c93572-3b2f-4457-a702-7f5a624966e5/current/containerDir0/1/chunks/109611004723200299.block
datanode_4  | 2022-05-26 01:40:52,490 [BlockDeletingService#2] INFO impl.FilePerBlockStrategy: Deleted block file: /data/hdds/hdds/CID-92c93572-3b2f-4457-a702-7f5a624966e5/current/containerDir0/1/chunks/109611004723200300.block
datanode_4  | 2022-05-26 01:40:52,490 [BlockDeletingService#2] INFO impl.FilePerBlockStrategy: Deleted block file: /data/hdds/hdds/CID-92c93572-3b2f-4457-a702-7f5a624966e5/current/containerDir0/1/chunks/109611004723200301.block
datanode_4  | 2022-05-26 01:40:52,491 [BlockDeletingService#2] INFO impl.FilePerBlockStrategy: Deleted block file: /data/hdds/hdds/CID-92c93572-3b2f-4457-a702-7f5a624966e5/current/containerDir0/1/chunks/109611004723200302.block
datanode_4  | 2022-05-26 01:40:52,491 [BlockDeletingService#2] INFO impl.FilePerBlockStrategy: Deleted block file: /data/hdds/hdds/CID-92c93572-3b2f-4457-a702-7f5a624966e5/current/containerDir0/1/chunks/109611004723200304.block
datanode_4  | 2022-05-26 01:40:52,491 [BlockDeletingService#2] INFO impl.FilePerBlockStrategy: Deleted block file: /data/hdds/hdds/CID-92c93572-3b2f-4457-a702-7f5a624966e5/current/containerDir0/1/chunks/109611004723200307.block
datanode_4  | 2022-05-26 01:40:52,491 [BlockDeletingService#2] INFO impl.FilePerBlockStrategy: Deleted block file: /data/hdds/hdds/CID-92c93572-3b2f-4457-a702-7f5a624966e5/current/containerDir0/1/chunks/109611004723200310.block
datanode_4  | 2022-05-26 01:40:52,492 [BlockDeletingService#2] INFO impl.FilePerBlockStrategy: Deleted block file: /data/hdds/hdds/CID-92c93572-3b2f-4457-a702-7f5a624966e5/current/containerDir0/1/chunks/109611004723200313.block
datanode_4  | 2022-05-26 01:40:52,492 [BlockDeletingService#2] INFO impl.FilePerBlockStrategy: Deleted block file: /data/hdds/hdds/CID-92c93572-3b2f-4457-a702-7f5a624966e5/current/containerDir0/1/chunks/109611004723200316.block
datanode_4  | 2022-05-26 01:40:52,492 [BlockDeletingService#2] INFO impl.FilePerBlockStrategy: Deleted block file: /data/hdds/hdds/CID-92c93572-3b2f-4457-a702-7f5a624966e5/current/containerDir0/1/chunks/109611004723200319.block
datanode_4  | 2022-05-26 01:40:52,492 [BlockDeletingService#2] INFO impl.FilePerBlockStrategy: Deleted block file: /data/hdds/hdds/CID-92c93572-3b2f-4457-a702-7f5a624966e5/current/containerDir0/1/chunks/109611004723200322.block
datanode_4  | 2022-05-26 01:40:52,493 [BlockDeletingService#2] INFO impl.FilePerBlockStrategy: Deleted block file: /data/hdds/hdds/CID-92c93572-3b2f-4457-a702-7f5a624966e5/current/containerDir0/1/chunks/109611004723200324.block
datanode_4  | 2022-05-26 01:40:52,493 [BlockDeletingService#2] INFO impl.FilePerBlockStrategy: Deleted block file: /data/hdds/hdds/CID-92c93572-3b2f-4457-a702-7f5a624966e5/current/containerDir0/1/chunks/109611004723200303.block
datanode_4  | 2022-05-26 01:40:52,494 [BlockDeletingService#2] INFO impl.FilePerBlockStrategy: Deleted block file: /data/hdds/hdds/CID-92c93572-3b2f-4457-a702-7f5a624966e5/current/containerDir0/1/chunks/109611004723200306.block
datanode_4  | 2022-05-26 01:40:52,495 [BlockDeletingService#2] INFO impl.FilePerBlockStrategy: Deleted block file: /data/hdds/hdds/CID-92c93572-3b2f-4457-a702-7f5a624966e5/current/containerDir0/1/chunks/109611004723200309.block
datanode_4  | 2022-05-26 01:40:52,496 [BlockDeletingService#2] INFO impl.FilePerBlockStrategy: Deleted block file: /data/hdds/hdds/CID-92c93572-3b2f-4457-a702-7f5a624966e5/current/containerDir0/1/chunks/109611004723200311.block
datanode_4  | 2022-05-26 01:40:52,515 [BlockDeletingService#2] INFO impl.FilePerBlockStrategy: Deleted block file: /data/hdds/hdds/CID-92c93572-3b2f-4457-a702-7f5a624966e5/current/containerDir0/1/chunks/109611004723200314.block
