scm_1       | 2020-06-25 11:01:40,921 [EventQueue-NodeRegistrationContainerReportForContainerSafeModeRule] INFO safemode.SCMSafeModeManager: ContainerSafeModeRule rule is successfully validated
om2_1       | 	at java.base/java.util.concurrent.CompletableFuture$AsyncSupply.run(CompletableFuture.java:1700)
om1_1       | partsList {
s3g_1       | 	at org.glassfish.jersey.servlet.ServletContainer.service(ServletContainer.java:389)
om3_1       | 2020-06-25 11:01:57,787 [pool-17-thread-1] INFO segmented.SegmentedRaftLogWorker: om3@group-562213E44849-SegmentedRaftLogWorker: safeCacheEvictIndex: setUnconditionally 0 -> -1
scm_1       | 2020-06-25 11:01:40,921 [EventQueue-NodeRegistrationContainerReportForDataNodeSafeModeRule] INFO safemode.SCMSafeModeManager: SCM in safe mode. 2 DataNodes registered, 3 required.
om2_1       | 	at java.base/java.util.concurrent.ThreadPoolExecutor.runWorker(ThreadPoolExecutor.java:1128)
om1_1       |   partNumber: 4
s3g_1       | 	at org.glassfish.jersey.servlet.ServletContainer.service(ServletContainer.java:342)
om3_1       | 2020-06-25 11:01:57,810 [pool-17-thread-1] INFO server.RaftServerConfigKeys: raft.server.snapshot.auto.trigger.enabled = true (custom)
scm_1       | 2020-06-25 11:01:40,928 [RatisPipelineUtilsThread] INFO pipeline.RatisPipelineProvider: Sending CreatePipelineCommand for pipeline:PipelineID=3431fab7-e01d-4091-abd3-437f72dfa8b6 to datanode:92b51b18-0054-4254-8d50-2fd9bb8c5177
om2_1       | 	at java.base/java.util.concurrent.ThreadPoolExecutor$Worker.run(ThreadPoolExecutor.java:628)
om1_1       |   partName: "/s3v/bucket-10232/multipartKey3104404286465769485"
om3_1       | 2020-06-25 11:01:57,813 [pool-17-thread-1] INFO server.RaftServerConfigKeys: raft.server.snapshot.auto.trigger.threshold = 400000 (default)
scm_1       | 2020-06-25 11:01:40,939 [RatisPipelineUtilsThread] INFO pipeline.PipelineStateManager: Created pipeline Pipeline[ Id: 3431fab7-e01d-4091-abd3-437f72dfa8b6, Nodes: 92b51b18-0054-4254-8d50-2fd9bb8c5177{ip: 172.22.0.3, host: ozone-om-ha-s3_datanode_3.ozone-om-ha-s3_default, networkLocation: /default-rack, certSerialId: null}, Type:RATIS, Factor:ONE, State:ALLOCATED, leaderId:, CreationTimestamp2020-06-25T11:01:40.928017Z]
om2_1       | 	at java.base/java.lang.Thread.run(Thread.java:834)
s3g_1       | 	at org.glassfish.jersey.servlet.ServletContainer.service(ServletContainer.java:229)
om1_1       | }
om3_1       | 2020-06-25 11:01:57,814 [pool-17-thread-1] INFO server.RaftServerConfigKeys: raft.server.snapshot.retention.file.num = -1 (default)
scm_1       | 2020-06-25 11:01:40,939 [RatisPipelineUtilsThread] ERROR pipeline.SCMPipelineManager: Failed to create pipeline of type RATIS and factor ONE. Exception: Cannot create pipeline of factor 1 using 0 nodes. Used 2 nodes. Healthy nodes 2
om2_1       | 2020-06-25 11:02:19,039 [grpc-default-executor-1] INFO ratis.OzoneManagerStateMachine: Latest Snapshot Info 0#-1
s3g_1       | 	at org.eclipse.jetty.servlet.ServletHolder$NotAsyncServlet.service(ServletHolder.java:1395)
om1_1       | partsList {
om3_1       | 2020-06-25 11:01:57,825 [pool-17-thread-1] INFO server.RaftServerConfigKeys: raft.server.log.purge.upto.snapshot.index = false (default)
scm_1       | 2020-06-25 11:01:41,754 [IPC Server handler 7 on default port 9861] INFO net.NetworkTopology: Added a new node: /default-rack/d698110b-b277-404c-ad1e-9fd46b6e9ca8
om2_1       | 2020-06-25 11:02:19,551 [grpc-default-executor-1] INFO ratis.OzoneManagerStateMachine: Latest Snapshot Info 0#-1
s3g_1       | 	at org.eclipse.jetty.servlet.ServletHolder.handle(ServletHolder.java:755)
om1_1       |   partNumber: 2
om3_1       | 2020-06-25 11:01:57,829 [pool-17-thread-1] INFO server.RaftServerConfigKeys: raft.server.retrycache.expirytime = 600000ms (custom)
scm_1       | 2020-06-25 11:01:41,754 [IPC Server handler 7 on default port 9861] INFO node.SCMNodeManager: Registered Data node : d698110b-b277-404c-ad1e-9fd46b6e9ca8{ip: 172.22.0.6, host: ozone-om-ha-s3_datanode_2.ozone-om-ha-s3_default, networkLocation: /default-rack, certSerialId: null}
om2_1       | 2020-06-25 11:02:19,690 [grpc-default-executor-1] INFO ratis.OzoneManagerStateMachine: Latest Snapshot Info 0#-1
s3g_1       | 	at org.eclipse.jetty.servlet.ServletHandler$CachedChain.doFilter(ServletHandler.java:1617)
om1_1       |   partName: "etag2"
om3_1       | 2020-06-25 11:01:57,891 [main] INFO ipc.CallQueueManager: Using callQueue: class java.util.concurrent.LinkedBlockingQueue, queueCapacity: 10000, scheduler: class org.apache.hadoop.ipc.DefaultRpcScheduler, ipcBackoff: false.
scm_1       | 2020-06-25 11:01:41,755 [EventQueue-NodeRegistrationContainerReportForContainerSafeModeRule] INFO safemode.SCMSafeModeManager: ContainerSafeModeRule rule is successfully validated
om2_1       | 2020-06-25 11:02:19,690 [grpc-default-executor-1] INFO ratis.OzoneManagerStateMachine: Latest Snapshot Info 0#-1
s3g_1       | 	at org.apache.hadoop.ozone.s3.RootPageDisplayFilter.doFilter(RootPageDisplayFilter.java:53)
om1_1       | }
om3_1       | 2020-06-25 11:01:57,913 [pool-17-thread-1] INFO metrics.RatisMetrics: Creating Metrics Registry : ratis.leader_election.om3@group-562213E44849
scm_1       | 2020-06-25 11:01:41,755 [EventQueue-NodeRegistrationContainerReportForDataNodeSafeModeRule] INFO safemode.SCMSafeModeManager: SCM in safe mode. 3 DataNodes registered, 3 required.
om2_1       | 2020-06-25 11:02:19,702 [grpc-default-executor-1] INFO ratis.OzoneManagerStateMachine: Latest Snapshot Info 0#-1
s3g_1       | 	at org.eclipse.jetty.servlet.ServletHandler$CachedChain.doFilter(ServletHandler.java:1596)
om1_1       | 
om3_1       | 2020-06-25 11:01:57,916 [pool-17-thread-1] INFO metrics.RatisMetrics: Creating Metrics Registry : ratis.server.om3@group-562213E44849
om2_1       | 2020-06-25 11:02:19,703 [grpc-default-executor-1] INFO ratis.OzoneManagerStateMachine: Latest Snapshot Info 0#-1
scm_1       | 2020-06-25 11:01:41,764 [RatisPipelineUtilsThread] INFO pipeline.RatisPipelineProvider: Sending CreatePipelineCommand for pipeline:PipelineID=b04f6a2d-1e53-4534-a3a8-9ef882483900 to datanode:d698110b-b277-404c-ad1e-9fd46b6e9ca8
s3g_1       | 	at org.apache.hadoop.hdds.server.http.HttpServer2$QuotingInputFilter.doFilter(HttpServer2.java:1644)
om1_1       | 2020-06-25 11:03:10,074 [OM StateMachine ApplyTransaction Thread - 0] ERROR multipart.S3MultipartUploadAbortRequest: Abort Multipart request is failed for KeyName multipartKey5 in VolumeName/Bucket s3v/bucket-10232
om3_1       | 2020-06-25 11:01:57,932 [Socket Reader #1 for port 9862] INFO ipc.Server: Starting Socket Reader #1 for port 9862
om2_1       | 2020-06-25 11:02:20,226 [grpc-default-executor-1] INFO ratis.OzoneManagerStateMachine: Latest Snapshot Info 0#-1
scm_1       | 2020-06-25 11:01:41,765 [RatisPipelineUtilsThread] INFO pipeline.PipelineStateManager: Created pipeline Pipeline[ Id: b04f6a2d-1e53-4534-a3a8-9ef882483900, Nodes: d698110b-b277-404c-ad1e-9fd46b6e9ca8{ip: 172.22.0.6, host: ozone-om-ha-s3_datanode_2.ozone-om-ha-s3_default, networkLocation: /default-rack, certSerialId: null}, Type:RATIS, Factor:ONE, State:ALLOCATED, leaderId:, CreationTimestamp2020-06-25T11:01:41.764443Z]
s3g_1       | 	at org.eclipse.jetty.servlet.ServletHandler$CachedChain.doFilter(ServletHandler.java:1604)
om1_1       | NO_SUCH_MULTIPART_UPLOAD_ERROR org.apache.hadoop.ozone.om.exceptions.OMException: Abort Multipart Upload Failed: volume: s3vbucket: bucket-10232key: multipartKey5
om3_1       | 2020-06-25 11:01:58,207 [Listener at om3/9862] INFO impl.MetricsConfig: Loaded properties from hadoop-metrics2.properties
om2_1       | 2020-06-25 11:02:20,400 [grpc-default-executor-1] INFO ratis.OzoneManagerStateMachine: Latest Snapshot Info 0#-1
scm_1       | 2020-06-25 11:01:41,783 [RatisPipelineUtilsThread] ERROR pipeline.SCMPipelineManager: Failed to create pipeline of type RATIS and factor ONE. Exception: Cannot create pipeline of factor 1 using 0 nodes. Used 3 nodes. Healthy nodes 3
s3g_1       | 	at org.apache.hadoop.hdds.server.http.NoCacheFilter.doFilter(NoCacheFilter.java:48)
om1_1       | 	at org.apache.hadoop.ozone.om.request.s3.multipart.S3MultipartUploadAbortRequest.validateAndUpdateCache(S3MultipartUploadAbortRequest.java:120)
om3_1       | 2020-06-25 11:01:58,314 [Listener at om3/9862] INFO impl.MetricsSystemImpl: Scheduled Metric snapshot period at 10 second(s).
om2_1       | 2020-06-25 11:02:20,400 [grpc-default-executor-1] INFO ratis.OzoneManagerStateMachine: Latest Snapshot Info 0#-1
scm_1       | 2020-06-25 11:01:41,781 [EventQueue-NodeRegistrationContainerReportForDataNodeSafeModeRule] INFO safemode.SCMSafeModeManager: DataNodeSafeModeRule rule is successfully validated
s3g_1       | 	at org.eclipse.jetty.servlet.ServletHandler$CachedChain.doFilter(ServletHandler.java:1604)
om1_1       | 	at org.apache.hadoop.ozone.protocolPB.OzoneManagerRequestHandler.handleWriteRequest(OzoneManagerRequestHandler.java:227)
om3_1       | 2020-06-25 11:01:58,314 [Listener at om3/9862] INFO impl.MetricsSystemImpl: OzoneManager metrics system started
scm_1       | 2020-06-25 11:01:41,783 [EventQueue-NodeRegistrationContainerReportForDataNodeSafeModeRule] INFO safemode.SCMSafeModeManager: All SCM safe mode pre check rules have passed
om2_1       | 2020-06-25 11:02:20,412 [grpc-default-executor-1] INFO ratis.OzoneManagerStateMachine: Latest Snapshot Info 0#-1
s3g_1       | 	at org.eclipse.jetty.servlet.ServletHandler.doHandle(ServletHandler.java:545)
om1_1       | 	at org.apache.hadoop.ozone.om.ratis.OzoneManagerStateMachine.runCommand(OzoneManagerStateMachine.java:436)
om3_1       | 2020-06-25 11:01:58,383 [Listener at om3/9862] INFO om.OzoneManager: OzoneManager RPC server is listening at om3/172.22.0.2:9862
scm_1       | 2020-06-25 11:01:41,789 [RatisPipelineUtilsThread] ERROR pipeline.SCMPipelineManager: Failed to create pipeline of type RATIS and factor ONE. Exception: Cannot create pipeline of factor 1 using 0 nodes. Used 3 nodes. Healthy nodes 3
om2_1       | 2020-06-25 11:02:20,412 [grpc-default-executor-1] INFO ratis.OzoneManagerStateMachine: Latest Snapshot Info 0#-1
s3g_1       | 	at org.eclipse.jetty.server.handler.ScopedHandler.handle(ScopedHandler.java:143)
om1_1       | 	at org.apache.hadoop.ozone.om.ratis.OzoneManagerStateMachine.lambda$applyTransaction$1(OzoneManagerStateMachine.java:248)
om3_1       | 2020-06-25 11:01:58,385 [Listener at om3/9862] INFO ratis.OzoneManagerRatisServer: Starting OzoneManagerRatisServer om3 at port 9872
scm_1       | 2020-06-25 11:01:41,820 [RatisPipelineUtilsThread] INFO pipeline.RatisPipelineProvider: Sending CreatePipelineCommand for pipeline:PipelineID=461885a7-7833-4a4d-baaa-a66a86a7ac6c to datanode:d698110b-b277-404c-ad1e-9fd46b6e9ca8
om2_1       | 2020-06-25 11:02:20,935 [grpc-default-executor-1] INFO ratis.OzoneManagerStateMachine: Latest Snapshot Info 0#-1
s3g_1       | 	at org.eclipse.jetty.security.SecurityHandler.handle(SecurityHandler.java:590)
om1_1       | 	at java.base/java.util.concurrent.CompletableFuture$AsyncSupply.run(CompletableFuture.java:1700)
om3_1       | 2020-06-25 11:01:58,388 [Listener at om3/9862] INFO impl.RaftServerImpl: om3@group-562213E44849: start as a follower, conf=-1: [om1:om1:9872, om3:om3:9872, om2:om2:9872], old=null
scm_1       | 2020-06-25 11:01:41,820 [RatisPipelineUtilsThread] INFO pipeline.RatisPipelineProvider: Sending CreatePipelineCommand for pipeline:PipelineID=461885a7-7833-4a4d-baaa-a66a86a7ac6c to datanode:3e1e4028-5475-42a1-9e38-56594701217b
om2_1       | 2020-06-25 11:02:21,445 [grpc-default-executor-1] INFO ratis.OzoneManagerStateMachine: Latest Snapshot Info 0#-1
s3g_1       | 	at org.eclipse.jetty.server.handler.HandlerWrapper.handle(HandlerWrapper.java:127)
om1_1       | 	at java.base/java.util.concurrent.ThreadPoolExecutor.runWorker(ThreadPoolExecutor.java:1128)
om3_1       | 2020-06-25 11:01:58,389 [Listener at om3/9862] INFO impl.RaftServerImpl: om3@group-562213E44849: changes role from      null to FOLLOWER at term 0 for startAsFollower
scm_1       | 2020-06-25 11:01:41,820 [RatisPipelineUtilsThread] INFO pipeline.RatisPipelineProvider: Sending CreatePipelineCommand for pipeline:PipelineID=461885a7-7833-4a4d-baaa-a66a86a7ac6c to datanode:92b51b18-0054-4254-8d50-2fd9bb8c5177
om2_1       | 2020-06-25 11:02:21,953 [grpc-default-executor-1] INFO ratis.OzoneManagerStateMachine: Latest Snapshot Info 0#-1
s3g_1       | 	at org.eclipse.jetty.server.handler.ScopedHandler.nextHandle(ScopedHandler.java:235)
om1_1       | 	at java.base/java.util.concurrent.ThreadPoolExecutor$Worker.run(ThreadPoolExecutor.java:628)
om3_1       | 2020-06-25 11:01:58,394 [Listener at om3/9862] INFO impl.RoleInfo: om3: start FollowerState
scm_1       | 2020-06-25 11:01:41,832 [RatisPipelineUtilsThread] INFO pipeline.PipelineStateManager: Created pipeline Pipeline[ Id: 461885a7-7833-4a4d-baaa-a66a86a7ac6c, Nodes: d698110b-b277-404c-ad1e-9fd46b6e9ca8{ip: 172.22.0.6, host: ozone-om-ha-s3_datanode_2.ozone-om-ha-s3_default, networkLocation: /default-rack, certSerialId: null}3e1e4028-5475-42a1-9e38-56594701217b{ip: 172.22.0.8, host: ozone-om-ha-s3_datanode_1.ozone-om-ha-s3_default, networkLocation: /default-rack, certSerialId: null}92b51b18-0054-4254-8d50-2fd9bb8c5177{ip: 172.22.0.3, host: ozone-om-ha-s3_datanode_3.ozone-om-ha-s3_default, networkLocation: /default-rack, certSerialId: null}, Type:RATIS, Factor:THREE, State:ALLOCATED, leaderId:, CreationTimestamp2020-06-25T11:01:41.820069Z]
om2_1       | 2020-06-25 11:02:22,468 [grpc-default-executor-1] INFO ratis.OzoneManagerStateMachine: Latest Snapshot Info 0#-1
s3g_1       | 	at org.eclipse.jetty.server.session.SessionHandler.doHandle(SessionHandler.java:1607)
om1_1       | 	at java.base/java.lang.Thread.run(Thread.java:834)
om3_1       | 2020-06-25 11:01:58,400 [Listener at om3/9862] INFO util.JmxRegister: Successfully registered JMX Bean with object name Ratis:service=RaftServer,group=group-562213E44849,id=om3
scm_1       | 2020-06-25 11:01:41,833 [RatisPipelineUtilsThread] ERROR pipeline.SCMPipelineManager: Failed to create pipeline of type RATIS and factor THREE. Exception: Pipeline creation failed because nodes are engaged in other pipelines and every node can only be engaged in max 2 pipelines. Required 3. Found 0
om2_1       | 2020-06-25 11:02:22,972 [grpc-default-executor-1] INFO ratis.OzoneManagerStateMachine: Latest Snapshot Info 0#-1
s3g_1       | 	at org.eclipse.jetty.server.handler.ScopedHandler.nextHandle(ScopedHandler.java:233)
om1_1       | 2020-06-25 11:03:10,075 [OM StateMachine ApplyTransaction Thread - 0] ERROR multipart.S3MultipartUploadAbortRequest: Unrecognized Result for S3MultipartUploadAbortRequest: keyArgs {
om3_1       | 2020-06-25 11:01:58,404 [Listener at om3/9862] INFO metrics.RatisMetrics: Creating Metrics Registry : ratis.state_machine.om3@group-562213E44849
scm_1       | 2020-06-25 11:01:43,805 [EventQueue-PipelineReportForPipelineReportHandler] INFO pipeline.PipelineStateManager: Pipeline Pipeline[ Id: 1fb69dcc-4fbf-4139-a24e-7020651b4a2c, Nodes: 3e1e4028-5475-42a1-9e38-56594701217b{ip: 172.22.0.8, host: ozone-om-ha-s3_datanode_1.ozone-om-ha-s3_default, networkLocation: /default-rack, certSerialId: null}, Type:RATIS, Factor:ONE, State:ALLOCATED, leaderId:3e1e4028-5475-42a1-9e38-56594701217b, CreationTimestamp2020-06-25T11:01:40.225575Z] moved to OPEN state
om2_1       | 2020-06-25 11:02:23,447 [grpc-default-executor-1] INFO ratis.OzoneManagerStateMachine: Latest Snapshot Info 0#-1
s3g_1       | 	at org.eclipse.jetty.server.handler.ContextHandler.doHandle(ContextHandler.java:1297)
om1_1       |   volumeName: "s3v"
om3_1       | 2020-06-25 11:01:58,416 [Listener at om3/9862] INFO impl.RaftServerProxy: om3: start RPC server
scm_1       | 2020-06-25 11:01:43,833 [EventQueue-OpenPipelineForHealthyPipelineSafeModeRule] INFO safemode.SCMSafeModeManager: SCM in safe mode. Healthy pipelines reported count is 0, required healthy pipeline reported count is 1
om2_1       | 2020-06-25 11:02:23,448 [grpc-default-executor-1] INFO ratis.OzoneManagerStateMachine: Latest Snapshot Info 0#-1
s3g_1       | 	at org.eclipse.jetty.server.handler.ScopedHandler.nextScope(ScopedHandler.java:188)
om1_1       |   bucketName: "bucket-10232"
om3_1       | 2020-06-25 11:01:58,585 [Listener at om3/9862] INFO server.GrpcService: om3: GrpcService started, listening on 0.0.0.0/0.0.0.0:9872
scm_1       | 2020-06-25 11:01:43,846 [EventQueue-OpenPipelineForOneReplicaPipelineSafeModeRule] INFO safemode.SCMSafeModeManager: AtleastOneDatanodeReportedRule rule is successfully validated
om2_1       | 2020-06-25 11:02:23,465 [grpc-default-executor-1] INFO ratis.OzoneManagerStateMachine: Latest Snapshot Info 0#-1
s3g_1       | 	at org.eclipse.jetty.servlet.ServletHandler.doScope(ServletHandler.java:485)
om1_1       |   keyName: "multipartKey5"
om3_1       | 2020-06-25 11:01:58,603 [IPC Server listener on 9862] INFO ipc.Server: IPC Server listener on 9862: starting
scm_1       | 2020-06-25 11:01:44,859 [EventQueue-PipelineReportForPipelineReportHandler] INFO pipeline.PipelineStateManager: Pipeline Pipeline[ Id: 3431fab7-e01d-4091-abd3-437f72dfa8b6, Nodes: 92b51b18-0054-4254-8d50-2fd9bb8c5177{ip: 172.22.0.3, host: ozone-om-ha-s3_datanode_3.ozone-om-ha-s3_default, networkLocation: /default-rack, certSerialId: null}, Type:RATIS, Factor:ONE, State:ALLOCATED, leaderId:92b51b18-0054-4254-8d50-2fd9bb8c5177, CreationTimestamp2020-06-25T11:01:40.928017Z] moved to OPEN state
om2_1       | 2020-06-25 11:02:23,465 [grpc-default-executor-1] INFO ratis.OzoneManagerStateMachine: Latest Snapshot Info 0#-1
s3g_1       | 	at org.eclipse.jetty.server.session.SessionHandler.doScope(SessionHandler.java:1577)
om1_1       |   multipartUploadID: "random"
om3_1       | 2020-06-25 11:01:58,623 [IPC Server Responder] INFO ipc.Server: IPC Server Responder: starting
scm_1       | 2020-06-25 11:01:44,864 [EventQueue-OpenPipelineForHealthyPipelineSafeModeRule] INFO safemode.SCMSafeModeManager: SCM in safe mode. Healthy pipelines reported count is 0, required healthy pipeline reported count is 1
om2_1       | 2020-06-25 11:02:23,981 [grpc-default-executor-1] INFO ratis.OzoneManagerStateMachine: Latest Snapshot Info 0#-1
s3g_1       | 	at org.eclipse.jetty.server.handler.ScopedHandler.nextScope(ScopedHandler.java:186)
om1_1       |   modificationTime: 1593082990051
om3_1       | 2020-06-25 11:01:59,105 [Listener at om3/9862] INFO http.BaseHttpServer: Starting Web-server for ozoneManager at: http://0.0.0.0:9874
scm_1       | 2020-06-25 11:01:44,866 [EventQueue-OpenPipelineForOneReplicaPipelineSafeModeRule] INFO safemode.SCMSafeModeManager: AtleastOneDatanodeReportedRule rule is successfully validated
om2_1       | 2020-06-25 11:02:24,491 [grpc-default-executor-1] INFO ratis.OzoneManagerStateMachine: Latest Snapshot Info 0#-1
s3g_1       | 	at org.eclipse.jetty.server.handler.ContextHandler.doScope(ContextHandler.java:1212)
om1_1       | }
om3_1       | 2020-06-25 11:01:59,111 [Listener at om3/9862] INFO http.BaseHttpServer: Hadoop Security Enabled: false Ozone Security Enabled: false Ozone HTTP Security Enabled: false 
scm_1       | 2020-06-25 11:01:46,240 [EventQueue-PipelineReportForPipelineReportHandler] INFO pipeline.PipelineStateManager: Pipeline Pipeline[ Id: b04f6a2d-1e53-4534-a3a8-9ef882483900, Nodes: d698110b-b277-404c-ad1e-9fd46b6e9ca8{ip: 172.22.0.6, host: ozone-om-ha-s3_datanode_2.ozone-om-ha-s3_default, networkLocation: /default-rack, certSerialId: null}, Type:RATIS, Factor:ONE, State:ALLOCATED, leaderId:d698110b-b277-404c-ad1e-9fd46b6e9ca8, CreationTimestamp2020-06-25T11:01:41.764443Z] moved to OPEN state
om2_1       | 2020-06-25 11:02:24,625 [grpc-default-executor-1] INFO ratis.OzoneManagerStateMachine: Latest Snapshot Info 0#-1
s3g_1       | 	at org.eclipse.jetty.server.handler.ScopedHandler.handle(ScopedHandler.java:141)
om1_1       | 
om3_1       | 2020-06-25 11:01:59,282 [Listener at om3/9862] INFO util.log: Logging initialized @17308ms to org.eclipse.jetty.util.log.Slf4jLog
scm_1       | 2020-06-25 11:01:46,241 [EventQueue-OpenPipelineForHealthyPipelineSafeModeRule] INFO safemode.SCMSafeModeManager: SCM in safe mode. Healthy pipelines reported count is 0, required healthy pipeline reported count is 1
om2_1       | 2020-06-25 11:02:24,625 [grpc-default-executor-1] INFO ratis.OzoneManagerStateMachine: Latest Snapshot Info 0#-1
s3g_1       | 	at org.eclipse.jetty.server.handler.HandlerCollection.handle(HandlerCollection.java:146)
om1_1       | 2020-06-25 11:03:10,506 [OM StateMachine ApplyTransaction Thread - 0] ERROR key.OMKeyCreateRequest: Key creation failed. Volume:s3v, Bucket:bucket-10232, KeymultipartKey. Exception:{}
om3_1       | 2020-06-25 11:01:59,603 [Thread-9] INFO impl.FollowerState: om3@group-562213E44849-FollowerState: change to CANDIDATE, lastRpcTime:1209ms, electionTimeout:1184ms
scm_1       | 2020-06-25 11:01:46,241 [EventQueue-OpenPipelineForOneReplicaPipelineSafeModeRule] INFO safemode.SCMSafeModeManager: AtleastOneDatanodeReportedRule rule is successfully validated
om2_1       | 2020-06-25 11:02:24,653 [grpc-default-executor-1] INFO ratis.OzoneManagerStateMachine: Latest Snapshot Info 0#-1
s3g_1       | 	at org.eclipse.jetty.server.handler.HandlerWrapper.handle(HandlerWrapper.java:127)
om1_1       | NO_SUCH_MULTIPART_UPLOAD_ERROR org.apache.hadoop.ozone.om.exceptions.OMException: No such Multipart upload is with specified uploadId random
om3_1       | 2020-06-25 11:01:59,604 [Thread-9] INFO impl.RoleInfo: om3: shutdown FollowerState
scm_1       | 2020-06-25 11:01:49,505 [EventQueue-PipelineReportForPipelineReportHandler] INFO pipeline.PipelineStateManager: Pipeline Pipeline[ Id: 461885a7-7833-4a4d-baaa-a66a86a7ac6c, Nodes: d698110b-b277-404c-ad1e-9fd46b6e9ca8{ip: 172.22.0.6, host: ozone-om-ha-s3_datanode_2.ozone-om-ha-s3_default, networkLocation: /default-rack, certSerialId: null}3e1e4028-5475-42a1-9e38-56594701217b{ip: 172.22.0.8, host: ozone-om-ha-s3_datanode_1.ozone-om-ha-s3_default, networkLocation: /default-rack, certSerialId: null}92b51b18-0054-4254-8d50-2fd9bb8c5177{ip: 172.22.0.3, host: ozone-om-ha-s3_datanode_3.ozone-om-ha-s3_default, networkLocation: /default-rack, certSerialId: null}, Type:RATIS, Factor:THREE, State:ALLOCATED, leaderId:3e1e4028-5475-42a1-9e38-56594701217b, CreationTimestamp2020-06-25T11:01:41.820069Z] moved to OPEN state
om2_1       | 2020-06-25 11:02:24,653 [grpc-default-executor-1] INFO ratis.OzoneManagerStateMachine: Latest Snapshot Info 0#-1
om2_1       | 2020-06-25 11:02:24,876 [grpc-default-executor-1] INFO ratis.OzoneManagerStateMachine: Latest Snapshot Info 0#-1
om3_1       | 2020-06-25 11:01:59,630 [Thread-9] INFO impl.RaftServerImpl: om3@group-562213E44849: changes role from  FOLLOWER to CANDIDATE at term 0 for changeToCandidate
om1_1       | 	at org.apache.hadoop.ozone.om.request.key.OMKeyRequest.prepareMultipartKeyInfo(OMKeyRequest.java:372)
scm_1       | 2020-06-25 11:01:49,507 [EventQueue-OpenPipelineForHealthyPipelineSafeModeRule] INFO safemode.SCMSafeModeManager: SCM in safe mode. Healthy pipelines reported count is 1, required healthy pipeline reported count is 1
om2_1       | 2020-06-25 11:02:24,878 [grpc-default-executor-1] INFO ratis.OzoneManagerStateMachine: Latest Snapshot Info 0#-1
s3g_1       | 	at org.eclipse.jetty.server.Server.handle(Server.java:500)
om3_1       | 2020-06-25 11:01:59,637 [Thread-9] INFO impl.RoleInfo: om3: start LeaderElection
om1_1       | 	at org.apache.hadoop.ozone.om.request.key.OMKeyRequest.prepareKeyInfo(OMKeyRequest.java:314)
scm_1       | 2020-06-25 11:01:49,507 [EventQueue-OpenPipelineForOneReplicaPipelineSafeModeRule] INFO safemode.SCMSafeModeManager: AtleastOneDatanodeReportedRule rule is successfully validated
om2_1       | 2020-06-25 11:02:24,895 [grpc-default-executor-1] INFO ratis.OzoneManagerStateMachine: Latest Snapshot Info 0#-1
s3g_1       | 	at org.eclipse.jetty.server.HttpChannel.lambda$handle$1(HttpChannel.java:383)
om3_1       | 2020-06-25 11:01:59,764 [om3@group-562213E44849-LeaderElection1] INFO impl.LeaderElection: om3@group-562213E44849-LeaderElection1: begin an election at term 1 for -1: [om1:om1:9872, om3:om3:9872, om2:om2:9872], old=null
om1_1       | 	at org.apache.hadoop.ozone.om.request.key.OMKeyCreateRequest.validateAndUpdateCache(OMKeyCreateRequest.java:215)
scm_1       | 2020-06-25 11:01:49,525 [EventQueue-OpenPipelineForHealthyPipelineSafeModeRule] INFO safemode.SCMSafeModeManager: HealthyPipelineSafeModeRule rule is successfully validated
om2_1       | 2020-06-25 11:02:24,895 [grpc-default-executor-1] INFO ratis.OzoneManagerStateMachine: Latest Snapshot Info 0#-1
om3_1       | 2020-06-25 11:01:59,765 [om3@group-562213E44849-LeaderElection1] INFO ratis.OzoneManagerStateMachine: Latest Snapshot Info 0#-1
s3g_1       | 	at org.eclipse.jetty.server.HttpChannel.dispatch(HttpChannel.java:547)
om1_1       | 	at org.apache.hadoop.ozone.protocolPB.OzoneManagerRequestHandler.handleWriteRequest(OzoneManagerRequestHandler.java:227)
scm_1       | 2020-06-25 11:01:49,525 [EventQueue-OpenPipelineForHealthyPipelineSafeModeRule] INFO safemode.SCMSafeModeManager: ScmSafeModeManager, all rules are successfully validated
om2_1       | 2020-06-25 11:02:25,408 [grpc-default-executor-1] INFO ratis.OzoneManagerStateMachine: Latest Snapshot Info 0#-1
om3_1       | 2020-06-25 11:01:59,993 [grpc-default-executor-0] INFO impl.RaftServerImpl: om3@group-562213E44849: changes role from CANDIDATE to FOLLOWER at term 2 for appendEntries
s3g_1       | 	at org.eclipse.jetty.server.HttpChannel.handle(HttpChannel.java:375)
om1_1       | 	at org.apache.hadoop.ozone.om.ratis.OzoneManagerStateMachine.runCommand(OzoneManagerStateMachine.java:436)
scm_1       | 2020-06-25 11:01:49,525 [EventQueue-OpenPipelineForHealthyPipelineSafeModeRule] INFO safemode.SCMSafeModeManager: SCM exiting safe mode.
om2_1       | 2020-06-25 11:02:25,923 [grpc-default-executor-1] INFO ratis.OzoneManagerStateMachine: Latest Snapshot Info 0#-1
om3_1       | 2020-06-25 11:01:59,994 [grpc-default-executor-0] INFO impl.RoleInfo: om3: shutdown LeaderElection
s3g_1       | 	at org.eclipse.jetty.server.HttpConnection.onFillable(HttpConnection.java:270)
om1_1       | 	at org.apache.hadoop.ozone.om.ratis.OzoneManagerStateMachine.lambda$applyTransaction$1(OzoneManagerStateMachine.java:248)
scm_1       | 2020-06-25 11:02:56,682 [IPC Server handler 6 on default port 9863] INFO server.SCMBlockProtocolServer: SCM is informed by OM to delete 1 blocks
om2_1       | 2020-06-25 11:02:26,432 [grpc-default-executor-1] INFO ratis.OzoneManagerStateMachine: Latest Snapshot Info 0#-1
om3_1       | 2020-06-25 11:02:00,000 [grpc-default-executor-0] INFO impl.RoleInfo: om3: start FollowerState
s3g_1       | 	at org.eclipse.jetty.io.AbstractConnection$ReadCallback.succeeded(AbstractConnection.java:311)
om1_1       | 	at java.base/java.util.concurrent.CompletableFuture$AsyncSupply.run(CompletableFuture.java:1700)
scm_1       | 2020-06-25 11:02:56,683 [IPC Server handler 6 on default port 9863] INFO block.BlockManagerImpl: Deleting blocks conID: 1 locID: 104404285689561090 bcsId: 0
om2_1       | 2020-06-25 11:02:26,945 [grpc-default-executor-1] INFO ratis.OzoneManagerStateMachine: Latest Snapshot Info 0#-1
om3_1       | 2020-06-25 11:02:00,027 [grpc-default-executor-0] INFO impl.RaftServerImpl: om3@group-562213E44849: change Leader from null to om1 at term 2 for appendEntries, leader elected after 2604ms
s3g_1       | 	at org.eclipse.jetty.io.FillInterest.fillable(FillInterest.java:103)
om1_1       | 	at java.base/java.util.concurrent.ThreadPoolExecutor.runWorker(ThreadPoolExecutor.java:1128)
scm_1       | 2020-06-25 11:03:36,528 [RatisPipelineUtilsThread] ERROR pipeline.SCMPipelineManager: Failed to create pipeline of type RATIS and factor ONE. Exception: Cannot create pipeline of factor 1 using 0 nodes. Used 3 nodes. Healthy nodes 3
om2_1       | 2020-06-25 11:02:27,457 [grpc-default-executor-1] INFO ratis.OzoneManagerStateMachine: Latest Snapshot Info 0#-1
om3_1       | 2020-06-25 11:02:00,052 [grpc-default-executor-0] INFO ratis.OzoneManagerStateMachine: Latest Snapshot Info 0#-1
s3g_1       | 	at org.eclipse.jetty.io.ChannelEndPoint$2.run(ChannelEndPoint.java:117)
om1_1       | 	at java.base/java.util.concurrent.ThreadPoolExecutor$Worker.run(ThreadPoolExecutor.java:628)
scm_1       | 2020-06-25 11:03:36,529 [RatisPipelineUtilsThread] ERROR pipeline.SCMPipelineManager: Failed to create pipeline of type RATIS and factor THREE. Exception: Pipeline creation failed because nodes are engaged in other pipelines and every node can only be engaged in max 2 pipelines. Required 3. Found 0
om2_1       | 2020-06-25 11:02:27,962 [grpc-default-executor-1] INFO ratis.OzoneManagerStateMachine: Latest Snapshot Info 0#-1
om3_1       | 2020-06-25 11:02:00,053 [grpc-default-executor-0] INFO impl.RaftServerImpl: om3@group-562213E44849: set configuration 0: [om1:om1:9872, om3:om3:9872, om2:om2:9872], old=null at 0
s3g_1       | 	at org.eclipse.jetty.util.thread.strategy.EatWhatYouKill.runTask(EatWhatYouKill.java:336)
om1_1       | 	at java.base/java.lang.Thread.run(Thread.java:834)
scm_1       | 2020-06-25 11:03:56,709 [IPC Server handler 5 on default port 9863] INFO server.SCMBlockProtocolServer: SCM is informed by OM to delete 7 blocks
om2_1       | 2020-06-25 11:02:28,469 [grpc-default-executor-1] INFO ratis.OzoneManagerStateMachine: Latest Snapshot Info 0#-1
om2_1       | 2020-06-25 11:02:28,975 [grpc-default-executor-1] INFO ratis.OzoneManagerStateMachine: Latest Snapshot Info 0#-1
s3g_1       | 	at org.eclipse.jetty.util.thread.strategy.EatWhatYouKill.doProduce(EatWhatYouKill.java:313)
om3_1       | 2020-06-25 11:02:00,072 [Listener at om3/9862] INFO server.AuthenticationFilter: Unable to initialize FileSignerSecretProvider, falling back to use random secrets.
scm_1       | 2020-06-25 11:03:56,709 [IPC Server handler 5 on default port 9863] INFO block.BlockManagerImpl: Deleting blocks conID: 1 locID: 104404287340740621 bcsId: 0,conID: 1 locID: 104404287343820815 bcsId: 0,conID: 1 locID: 104404287343034382 bcsId: 0
om2_1       | 2020-06-25 11:02:29,480 [grpc-default-executor-1] INFO ratis.OzoneManagerStateMachine: Latest Snapshot Info 0#-1
om1_1       | 2020-06-25 11:03:11,464 [IPC Server handler 10 on default port 9862] INFO segmented.SegmentedRaftLogWorker: om1@group-562213E44849-SegmentedRaftLogWorker: Rolling segment log-73_134 to index:134
s3g_1       | 	at org.eclipse.jetty.util.thread.strategy.EatWhatYouKill.tryProduce(EatWhatYouKill.java:171)
om3_1       | 2020-06-25 11:02:00,073 [grpc-default-executor-0] INFO segmented.SegmentedRaftLogWorker: om3@group-562213E44849-SegmentedRaftLogWorker: Starting segment from index:0
scm_1       | 2020-06-25 11:03:56,711 [IPC Server handler 5 on default port 9863] INFO block.BlockManagerImpl: Deleting blocks conID: 1 locID: 104404286524162057 bcsId: 0
om2_1       | 2020-06-25 11:02:29,984 [grpc-default-executor-1] INFO ratis.OzoneManagerStateMachine: Latest Snapshot Info 0#-1
om1_1       | 2020-06-25 11:03:11,468 [om1@group-562213E44849-SegmentedRaftLogWorker] INFO segmented.SegmentedRaftLogWorker: om1@group-562213E44849-SegmentedRaftLogWorker: Rolled log segment from /data/metadata/ratis/fafe1b60-c241-37cc-98f4-562213e44849/current/log_inprogress_73 to /data/metadata/ratis/fafe1b60-c241-37cc-98f4-562213e44849/current/log_73-134
s3g_1       | 	at org.eclipse.jetty.util.thread.strategy.EatWhatYouKill.run(EatWhatYouKill.java:129)
om3_1       | 2020-06-25 11:02:00,085 [Listener at om3/9862] INFO http.HttpRequestLog: Http request log for http.requests.ozoneManager is not defined
scm_1       | 2020-06-25 11:03:56,712 [IPC Server handler 5 on default port 9863] INFO block.BlockManagerImpl: Deleting blocks conID: 1 locID: 104404286930223115 bcsId: 0
om2_1       | 2020-06-25 11:02:30,491 [grpc-default-executor-1] INFO ratis.OzoneManagerStateMachine: Latest Snapshot Info 0#-1
om1_1       | 2020-06-25 11:03:11,471 [om1@group-562213E44849-SegmentedRaftLogWorker] INFO segmented.SegmentedRaftLogWorker: om1@group-562213E44849-SegmentedRaftLogWorker: created new log segment /data/metadata/ratis/fafe1b60-c241-37cc-98f4-562213e44849/current/log_inprogress_135
s3g_1       | 	at org.eclipse.jetty.util.thread.ReservedThreadExecutor$ReservedThread.run(ReservedThreadExecutor.java:388)
om3_1       | 2020-06-25 11:02:00,097 [Listener at om3/9862] INFO http.HttpServer2: Added global filter 'safety' (class=org.apache.hadoop.hdds.server.http.HttpServer2$QuotingInputFilter)
scm_1       | 2020-06-25 11:03:56,712 [IPC Server handler 5 on default port 9863] INFO block.BlockManagerImpl: Deleting blocks conID: 1 locID: 104404286984224780 bcsId: 0
om2_1       | 2020-06-25 11:02:30,745 [grpc-default-executor-1] INFO ratis.OzoneManagerStateMachine: Latest Snapshot Info 0#-1
om1_1       | 2020-06-25 11:03:22,136 [grpc-default-executor-0] WARN server.GrpcLogAppender: om1@group-562213E44849->om3-AppendLogResponseHandler: Failed appendEntries: org.apache.ratis.thirdparty.io.grpc.StatusRuntimeException: CANCELLED: Failed to read message.
s3g_1       | 	at org.eclipse.jetty.util.thread.QueuedThreadPool.runJob(QueuedThreadPool.java:806)
om3_1       | 2020-06-25 11:02:00,104 [Listener at om3/9862] INFO http.HttpServer2: Added filter static_user_filter (class=org.apache.hadoop.http.lib.StaticUserWebFilter$StaticUserFilter) to context ozoneManager
scm_1       | 2020-06-25 11:03:56,713 [IPC Server handler 5 on default port 9863] INFO block.BlockManagerImpl: Deleting blocks conID: 1 locID: 104404289123450904 bcsId: 0
om2_1       | 2020-06-25 11:02:30,745 [grpc-default-executor-1] INFO ratis.OzoneManagerStateMachine: Latest Snapshot Info 0#-1
om1_1       | 2020-06-25 11:03:22,148 [grpc-default-executor-0] INFO impl.FollowerInfo: om1@group-562213E44849->om3: nextIndex: updateUnconditionally 178 -> 176
s3g_1       | 	at org.eclipse.jetty.util.thread.QueuedThreadPool$Runner.run(QueuedThreadPool.java:938)
om3_1       | 2020-06-25 11:02:00,116 [Listener at om3/9862] INFO http.HttpServer2: Added filter static_user_filter (class=org.apache.hadoop.http.lib.StaticUserWebFilter$StaticUserFilter) to context logs
scm_1       | 2020-06-25 11:03:56,714 [IPC Server handler 5 on default port 9863] INFO block.BlockManagerImpl: Deleting blocks conID: 1 locID: 104404289321238553 bcsId: 0
om2_1       | 2020-06-25 11:02:30,763 [grpc-default-executor-1] INFO ratis.OzoneManagerStateMachine: Latest Snapshot Info 0#-1
om1_1       | 2020-06-25 11:03:23,310 [IPC Server handler 99 on default port 9862] INFO segmented.SegmentedRaftLogWorker: om1@group-562213E44849-SegmentedRaftLogWorker: Rolling segment log-135_183 to index:183
s3g_1       | 	at java.base/java.lang.Thread.run(Thread.java:834)
om3_1       | 2020-06-25 11:02:00,116 [Listener at om3/9862] INFO http.HttpServer2: Added filter static_user_filter (class=org.apache.hadoop.http.lib.StaticUserWebFilter$StaticUserFilter) to context static
scm_1       | 2020-06-25 11:03:56,714 [IPC Server handler 5 on default port 9863] INFO block.BlockManagerImpl: Deleting blocks conID: 1 locID: 104404289473609754 bcsId: 0
om2_1       | 2020-06-25 11:02:30,763 [grpc-default-executor-1] INFO ratis.OzoneManagerStateMachine: Latest Snapshot Info 0#-1
om1_1       | 2020-06-25 11:03:23,311 [om1@group-562213E44849-SegmentedRaftLogWorker] INFO segmented.SegmentedRaftLogWorker: om1@group-562213E44849-SegmentedRaftLogWorker: Rolled log segment from /data/metadata/ratis/fafe1b60-c241-37cc-98f4-562213e44849/current/log_inprogress_135 to /data/metadata/ratis/fafe1b60-c241-37cc-98f4-562213e44849/current/log_135-183
s3g_1       | 2020-06-25 11:02:33,246 [qtp879583678-22] ERROR exception.S3ErrorTable: <?xml version="1.0" encoding="UTF-8"?>
s3g_1       | <Error>
s3g_1       |   <Code>InvalidBucketName</Code>
s3g_1       |   <Message>The specified bucket is not valid.</Message>
om2_1       | 2020-06-25 11:02:30,765 [OM StateMachine ApplyTransaction Thread - 0] ERROR volume.OMVolumeCreateRequest: Volume creation failed for user:hadoop volume:s3v
om3_1       | 2020-06-25 11:02:00,147 [grpc-default-executor-0] INFO ratis.OzoneManagerStateMachine: Latest Snapshot Info 0#-1
scm_1       | 2020-06-25 11:04:23,909 [IPC Server handler 71 on default port 9863] INFO pipeline.PipelineStateManager: Created pipeline Pipeline[ Id: bdf0c5ef-96e5-457a-8924-18c0306abdd9, Nodes: d698110b-b277-404c-ad1e-9fd46b6e9ca8{ip: 172.22.0.6, host: ozone-om-ha-s3_datanode_2.ozone-om-ha-s3_default, networkLocation: /default-rack, certSerialId: null}, Type:STAND_ALONE, Factor:ONE, State:OPEN, leaderId:, CreationTimestamp2020-06-25T11:04:23.908437Z]
s3g_1       |   <Resource>bucket_1</Resource>
om2_1       | VOLUME_ALREADY_EXISTS org.apache.hadoop.ozone.om.exceptions.OMException: Volume already exists
om1_1       | 2020-06-25 11:03:23,314 [om1@group-562213E44849-SegmentedRaftLogWorker] INFO segmented.SegmentedRaftLogWorker: om1@group-562213E44849-SegmentedRaftLogWorker: created new log segment /data/metadata/ratis/fafe1b60-c241-37cc-98f4-562213e44849/current/log_inprogress_184
om3_1       | 2020-06-25 11:02:00,310 [om3@group-562213E44849-LeaderElection1] INFO impl.LeaderElection: om3@group-562213E44849-LeaderElection1: Election DISCOVERED_A_NEW_TERM; received 1 response(s) [om3<-om1#0:FAIL-t2] and 0 exception(s); om3@group-562213E44849:t2, leader=om1, voted=null, raftlog=om3@group-562213E44849-SegmentedRaftLog:OPENED:c-1,f-1,i0, conf=0: [om1:om1:9872, om3:om3:9872, om2:om2:9872], old=null
om2_1       | 	at org.apache.hadoop.ozone.om.request.volume.OMVolumeCreateRequest.validateAndUpdateCache(OMVolumeCreateRequest.java:174)
om1_1       | 2020-06-25 11:03:32,877 [OM StateMachine ApplyTransaction Thread - 0] ERROR volume.OMVolumeCreateRequest: Volume creation failed for user:hadoop volume:s3v
om3_1       | 2020-06-25 11:02:00,314 [Listener at om3/9862] WARN http.BaseHttpServer: /prof java profiling servlet is activated. Not safe for production!
s3g_1       |   <RequestId/>
om2_1       | 	at org.apache.hadoop.ozone.protocolPB.OzoneManagerRequestHandler.handleWriteRequest(OzoneManagerRequestHandler.java:227)
om1_1       | VOLUME_ALREADY_EXISTS org.apache.hadoop.ozone.om.exceptions.OMException: Volume already exists
om3_1       | 2020-06-25 11:02:00,319 [Listener at om3/9862] INFO http.HttpServer2: Jetty bound to port 9874
s3g_1       | </Error>
om2_1       | 	at org.apache.hadoop.ozone.om.ratis.OzoneManagerStateMachine.runCommand(OzoneManagerStateMachine.java:436)
om1_1       | 	at org.apache.hadoop.ozone.om.request.volume.OMVolumeCreateRequest.validateAndUpdateCache(OMVolumeCreateRequest.java:174)
om3_1       | 2020-06-25 11:02:00,323 [Listener at om3/9862] INFO server.Server: jetty-9.4.26.v20200117; built: 2020-01-17T12:35:33.676Z; git: 7b38981d25d14afb4a12ff1f2596756144edf695; jvm 11.0.6+10-LTS
s3g_1       | 
om2_1       | 	at org.apache.hadoop.ozone.om.ratis.OzoneManagerStateMachine.lambda$applyTransaction$1(OzoneManagerStateMachine.java:248)
om1_1       | 	at org.apache.hadoop.ozone.protocolPB.OzoneManagerRequestHandler.handleWriteRequest(OzoneManagerRequestHandler.java:227)
om3_1       | 2020-06-25 11:02:00,413 [om3@group-562213E44849-SegmentedRaftLogWorker] INFO segmented.SegmentedRaftLogWorker: om3@group-562213E44849-SegmentedRaftLogWorker: created new log segment /data/metadata/ratis/fafe1b60-c241-37cc-98f4-562213e44849/current/log_inprogress_0
s3g_1       | 2020-06-25 11:02:37,300 [qtp879583678-18] INFO s3.AWSV4SignatureProcessor: Initializing request header parser
om2_1       | 	at java.base/java.util.concurrent.CompletableFuture$AsyncSupply.run(CompletableFuture.java:1700)
om1_1       | 	at org.apache.hadoop.ozone.om.ratis.OzoneManagerStateMachine.runCommand(OzoneManagerStateMachine.java:436)
om3_1       | 2020-06-25 11:02:00,423 [Listener at om3/9862] INFO server.session: DefaultSessionIdManager workerName=node0
s3g_1       | 2020-06-25 11:02:37,326 [qtp879583678-18] INFO rpc.RpcClient: Creating Bucket: s3v/bucket-61330, with Versioning false and Storage Type set to DISK and Encryption set to false 
om2_1       | 	at java.base/java.util.concurrent.ThreadPoolExecutor.runWorker(ThreadPoolExecutor.java:1128)
om1_1       | 	at org.apache.hadoop.ozone.om.ratis.OzoneManagerStateMachine.lambda$applyTransaction$1(OzoneManagerStateMachine.java:248)
om3_1       | 2020-06-25 11:02:00,423 [Listener at om3/9862] INFO server.session: No SessionScavenger set, using defaults
s3g_1       | 2020-06-25 11:02:37,340 [qtp879583678-18] INFO endpoint.BucketEndpoint: Location is /bucket-61330
om2_1       | 	at java.base/java.util.concurrent.ThreadPoolExecutor$Worker.run(ThreadPoolExecutor.java:628)
om1_1       | 	at java.base/java.util.concurrent.CompletableFuture$AsyncSupply.run(CompletableFuture.java:1700)
om3_1       | 2020-06-25 11:02:00,425 [Listener at om3/9862] INFO server.session: node0 Scavenging every 660000ms
s3g_1       | 2020-06-25 11:02:37,855 [qtp879583678-18] INFO s3.AWSV4SignatureProcessor: Initializing request header parser
om2_1       | 	at java.base/java.lang.Thread.run(Thread.java:834)
om1_1       | 	at java.base/java.util.concurrent.ThreadPoolExecutor.runWorker(ThreadPoolExecutor.java:1128)
om3_1       | 2020-06-25 11:02:00,439 [Listener at om3/9862] INFO handler.ContextHandler: Started o.e.j.s.ServletContextHandler@7186b202{logs,/logs,file:///var/log/hadoop/,AVAILABLE}
s3g_1       | 2020-06-25 11:02:38,325 [qtp879583678-17] INFO s3.AWSV4SignatureProcessor: Initializing request header parser
om2_1       | 2020-06-25 11:02:31,269 [grpc-default-executor-1] INFO ratis.OzoneManagerStateMachine: Latest Snapshot Info 0#-1
om1_1       | 	at java.base/java.util.concurrent.ThreadPoolExecutor$Worker.run(ThreadPoolExecutor.java:628)
om3_1       | 2020-06-25 11:02:00,440 [Listener at om3/9862] INFO handler.ContextHandler: Started o.e.j.s.ServletContextHandler@22bf9122{static,/static,jar:file:/opt/hadoop/share/ozone/lib/hadoop-ozone-ozone-manager-0.6.0-SNAPSHOT.jar!/webapps/static,AVAILABLE}
s3g_1       | 2020-06-25 11:02:38,356 [qtp879583678-17] ERROR exception.S3ErrorTable: <?xml version="1.0" encoding="UTF-8"?>
s3g_1       | <Error>
om1_1       | 	at java.base/java.lang.Thread.run(Thread.java:834)
om3_1       | 2020-06-25 11:02:00,711 [Listener at om3/9862] INFO handler.ContextHandler: Started o.e.j.w.WebAppContext@18a096b5{ozoneManager,/,file:///tmp/jetty-0_0_0_0-9874-hadoop-ozone-ozone-manager-0_6_0-SNAPSHOT_jar-_-any-15573222823118816038.dir/webapp/,AVAILABLE}{jar:file:/opt/hadoop/share/ozone/lib/hadoop-ozone-ozone-manager-0.6.0-SNAPSHOT.jar!/webapps/ozoneManager}
s3g_1       |   <Code>NoSuchBucket</Code>
om2_1       | 2020-06-25 11:02:31,352 [grpc-default-executor-1] INFO ratis.OzoneManagerStateMachine: Latest Snapshot Info 0#-1
om1_1       | 2020-06-25 11:03:44,084 [OM StateMachine ApplyTransaction Thread - 0] ERROR volume.OMVolumeCreateRequest: Volume creation failed for user:hadoop volume:s3v
om3_1       | 2020-06-25 11:02:00,719 [Listener at om3/9862] INFO server.AbstractConnector: Started ServerConnector@789c3057{HTTP/1.1,[http/1.1]}{0.0.0.0:9874}
s3g_1       |   <Message>The specified bucket does not exist</Message>
om2_1       | 2020-06-25 11:02:31,353 [grpc-default-executor-1] INFO ratis.OzoneManagerStateMachine: Latest Snapshot Info 0#-1
om1_1       | VOLUME_ALREADY_EXISTS org.apache.hadoop.ozone.om.exceptions.OMException: Volume already exists
om3_1       | 2020-06-25 11:02:00,719 [Listener at om3/9862] INFO server.Server: Started @18746ms
s3g_1       |   <Resource>nosuchbucket</Resource>
om2_1       | 2020-06-25 11:02:31,360 [grpc-default-executor-1] INFO ratis.OzoneManagerStateMachine: Latest Snapshot Info 0#-1
om1_1       | 	at org.apache.hadoop.ozone.om.request.volume.OMVolumeCreateRequest.validateAndUpdateCache(OMVolumeCreateRequest.java:174)
om3_1       | 2020-06-25 11:02:00,724 [Listener at om3/9862] INFO impl.MetricsSinkAdapter: Sink prometheus started
s3g_1       |   <RequestId/>
om2_1       | 2020-06-25 11:02:31,361 [grpc-default-executor-1] INFO ratis.OzoneManagerStateMachine: Latest Snapshot Info 0#-1
om1_1       | 	at org.apache.hadoop.ozone.protocolPB.OzoneManagerRequestHandler.handleWriteRequest(OzoneManagerRequestHandler.java:227)
om3_1       | 2020-06-25 11:02:00,724 [Listener at om3/9862] INFO impl.MetricsSystemImpl: Registered sink prometheus
s3g_1       | </Error>
om2_1       | 2020-06-25 11:02:31,873 [grpc-default-executor-1] INFO ratis.OzoneManagerStateMachine: Latest Snapshot Info 0#-1
om1_1       | 	at org.apache.hadoop.ozone.om.ratis.OzoneManagerStateMachine.runCommand(OzoneManagerStateMachine.java:436)
om3_1       | 2020-06-25 11:02:00,728 [Listener at om3/9862] INFO http.BaseHttpServer: HTTP server of ozoneManager listening at http://0.0.0.0:9874
s3g_1       | 
om2_1       | 2020-06-25 11:02:31,949 [grpc-default-executor-1] INFO ratis.OzoneManagerStateMachine: Latest Snapshot Info 0#-1
om1_1       | 	at org.apache.hadoop.ozone.om.ratis.OzoneManagerStateMachine.lambda$applyTransaction$1(OzoneManagerStateMachine.java:248)
om3_1       | 2020-06-25 11:02:00,734 [org.apache.hadoop.util.JvmPauseMonitor$Monitor@6f9ab79d] INFO util.JvmPauseMonitor: Starting JVM pause monitor
s3g_1       | 2020-06-25 11:02:42,154 [qtp879583678-18] INFO s3.AWSV4SignatureProcessor: Initializing request header parser
om2_1       | 2020-06-25 11:02:31,949 [grpc-default-executor-1] INFO ratis.OzoneManagerStateMachine: Latest Snapshot Info 0#-1
om1_1       | 	at java.base/java.util.concurrent.CompletableFuture$AsyncSupply.run(CompletableFuture.java:1700)
s3g_1       | 2020-06-25 11:02:42,175 [qtp879583678-18] INFO rpc.RpcClient: Creating Bucket: s3v/bucket-50949, with Versioning false and Storage Type set to DISK and Encryption set to false 
om2_1       | 2020-06-25 11:02:31,958 [grpc-default-executor-1] INFO ratis.OzoneManagerStateMachine: Latest Snapshot Info 0#-1
om3_1       | 2020-06-25 11:02:00,930 [grpc-default-executor-1] INFO ratis.OzoneManagerStateMachine: Latest Snapshot Info 0#-1
om1_1       | 	at java.base/java.util.concurrent.ThreadPoolExecutor.runWorker(ThreadPoolExecutor.java:1128)
s3g_1       | 2020-06-25 11:02:42,192 [qtp879583678-18] INFO endpoint.BucketEndpoint: Location is /bucket-50949
om2_1       | 2020-06-25 11:02:31,958 [grpc-default-executor-1] INFO ratis.OzoneManagerStateMachine: Latest Snapshot Info 0#-1
om2_1       | 2020-06-25 11:02:32,467 [grpc-default-executor-1] INFO ratis.OzoneManagerStateMachine: Latest Snapshot Info 0#-1
om1_1       | 	at java.base/java.util.concurrent.ThreadPoolExecutor$Worker.run(ThreadPoolExecutor.java:628)
s3g_1       | 2020-06-25 11:02:42,731 [qtp879583678-18] INFO s3.AWSV4SignatureProcessor: Initializing request header parser
om2_1       | 2020-06-25 11:02:32,526 [grpc-default-executor-1] INFO ratis.OzoneManagerStateMachine: Latest Snapshot Info 0#-1
om3_1       | 2020-06-25 11:02:01,436 [grpc-default-executor-1] INFO ratis.OzoneManagerStateMachine: Latest Snapshot Info 0#-1
om1_1       | 	at java.base/java.lang.Thread.run(Thread.java:834)
s3g_1       | 2020-06-25 11:02:43,263 [qtp879583678-18] INFO s3.AWSV4SignatureProcessor: Initializing request header parser
om2_1       | 2020-06-25 11:02:32,527 [grpc-default-executor-1] INFO ratis.OzoneManagerStateMachine: Latest Snapshot Info 0#-1
om3_1       | 2020-06-25 11:02:01,942 [grpc-default-executor-1] INFO ratis.OzoneManagerStateMachine: Latest Snapshot Info 0#-1
om1_1       | 2020-06-25 11:03:47,974 [IPC Server handler 65 on default port 9862] INFO segmented.SegmentedRaftLogWorker: om1@group-562213E44849-SegmentedRaftLogWorker: Rolling segment log-184_237 to index:237
s3g_1       | 2020-06-25 11:02:43,280 [qtp879583678-18] ERROR exception.S3ErrorTable: <?xml version="1.0" encoding="UTF-8"?>
om2_1       | 2020-06-25 11:02:32,534 [grpc-default-executor-1] INFO ratis.OzoneManagerStateMachine: Latest Snapshot Info 0#-1
om3_1       | 2020-06-25 11:02:02,447 [grpc-default-executor-1] INFO ratis.OzoneManagerStateMachine: Latest Snapshot Info 0#-1
om1_1       | 2020-06-25 11:03:47,975 [om1@group-562213E44849-SegmentedRaftLogWorker] INFO segmented.SegmentedRaftLogWorker: om1@group-562213E44849-SegmentedRaftLogWorker: Rolled log segment from /data/metadata/ratis/fafe1b60-c241-37cc-98f4-562213e44849/current/log_inprogress_184 to /data/metadata/ratis/fafe1b60-c241-37cc-98f4-562213e44849/current/log_184-237
s3g_1       | <Error>
om2_1       | 2020-06-25 11:02:32,535 [grpc-default-executor-1] INFO ratis.OzoneManagerStateMachine: Latest Snapshot Info 0#-1
om3_1       | 2020-06-25 11:02:02,965 [grpc-default-executor-1] INFO ratis.OzoneManagerStateMachine: Latest Snapshot Info 0#-1
om1_1       | 2020-06-25 11:03:47,981 [om1@group-562213E44849-SegmentedRaftLogWorker] INFO segmented.SegmentedRaftLogWorker: om1@group-562213E44849-SegmentedRaftLogWorker: created new log segment /data/metadata/ratis/fafe1b60-c241-37cc-98f4-562213e44849/current/log_inprogress_238
s3g_1       |   <Code>NoSuchBucket</Code>
om2_1       | 2020-06-25 11:02:32,537 [OM StateMachine ApplyTransaction Thread - 0] ERROR bucket.OMBucketCreateRequest: Bucket creation failed for bucket:bucket-90570 in volume:s3v
om3_1       | 2020-06-25 11:02:03,472 [grpc-default-executor-1] INFO ratis.OzoneManagerStateMachine: Latest Snapshot Info 0#-1
om1_1       | 2020-06-25 11:03:59,160 [OM StateMachine ApplyTransaction Thread - 0] ERROR volume.OMVolumeCreateRequest: Volume creation failed for user:hadoop volume:s3v
s3g_1       |   <Message>The specified bucket does not exist</Message>
om2_1       | BUCKET_ALREADY_EXISTS org.apache.hadoop.ozone.om.exceptions.OMException: Bucket already exist
om3_1       | 2020-06-25 11:02:03,979 [grpc-default-executor-1] INFO ratis.OzoneManagerStateMachine: Latest Snapshot Info 0#-1
om1_1       | VOLUME_ALREADY_EXISTS org.apache.hadoop.ozone.om.exceptions.OMException: Volume already exists
s3g_1       |   <Resource>ozonenosuchbucketqqweqwe</Resource>
om2_1       | 	at org.apache.hadoop.ozone.om.request.bucket.OMBucketCreateRequest.validateAndUpdateCache(OMBucketCreateRequest.java:186)
