scm_1         | 2022-02-24 17:20:10,940 [Socket Reader #1 for port 9860] INFO ipc.Server: Starting Socket Reader #1 for port 9860
om_1          | ]
datanode_4_1  | 2022-02-24 17:20:50,493 [pool-22-thread-1] INFO util.JmxRegister: Successfully registered JMX Bean with object name Ratis:service=RaftServer,group=group-7561F868E3DE,id=bc649af7-aca7-49ff-9e2a-da4abb50ca51
datanode_6_1  | 2022-02-24 17:20:27,643 [pool-22-thread-1] INFO server.RaftServer$Division: 7352dd76-8426-4dce-9914-09fade4a0b67@group-94C07A80C33C: ConfigurationManager, init=-1: [7352dd76-8426-4dce-9914-09fade4a0b67|rpc:10.5.0.9:9856|admin:10.5.0.9:9857|client:10.5.0.9:9858|priority:1], old=null, confs=<EMPTY_MAP>
scm_1         | 2022-02-24 17:20:11,017 [Listener at 0.0.0.0/9860] INFO algorithms.ContainerPlacementPolicyFactory: Create container placement policy of type org.apache.hadoop.hdds.scm.container.placement.algorithms.SCMContainerPlacementRackAware
om_1          | 2022-02-24 17:20:42,803 [OM StateMachine ApplyTransaction Thread - 0] INFO volume.OMVolumeCreateRequest: created volume:vol-0-61995 for user:hadoop
datanode_4_1  | 2022-02-24 17:20:50,500 [Command processor thread] INFO ratis.XceiverServerRatis: Created group PipelineID=9bfbd4bd-4251-46d6-96d8-7561f868e3de
datanode_6_1  | 2022-02-24 17:20:27,643 [pool-22-thread-1] INFO server.RaftServerConfigKeys: raft.server.storage.dir = [/data/metadata/ratis] (custom)
datanode_5_1  | 2022-02-24 17:20:33,655 [grpc-default-executor-0] INFO impl.VoteContext: 89775797-9ced-41df-a11b-44eadcc686a1@group-65B2C7D57D1A-FOLLOWER: accept ELECTION from 7352dd76-8426-4dce-9914-09fade4a0b67: our priority 0 <= candidate's priority 0
datanode_1_1  | 2022-02-24 17:20:32,593 [761d1cc7-94b1-41a3-bc5d-ca2b2b4a7773@group-2C0C781E8236-LeaderElection1] INFO server.RaftServerConfigKeys: raft.server.watch.timeout = 180s (custom)
scm_1         | 2022-02-24 17:20:11,038 [Listener at 0.0.0.0/9860] INFO server.StorageContainerManager: 
om_1          | 2022-02-24 17:20:43,082 [OM StateMachine ApplyTransaction Thread - 0] INFO volume.OMVolumeCreateRequest: created volume:vol-1-80191 for user:hadoop
datanode_4_1  | 2022-02-24 17:20:50,501 [Command processor thread] INFO commandhandler.CreatePipelineCommandHandler: Created Pipeline RATIS ONE PipelineID=9bfbd4bd-4251-46d6-96d8-7561f868e3de.
datanode_6_1  | 2022-02-24 17:20:27,646 [pool-22-thread-1] INFO server.RaftServerConfigKeys: raft.server.log.corruption.policy = EXCEPTION (default)
datanode_5_1  | 2022-02-24 17:20:33,655 [grpc-default-executor-0] INFO server.RaftServer$Division: 89775797-9ced-41df-a11b-44eadcc686a1@group-65B2C7D57D1A: changes role from  FOLLOWER to FOLLOWER at term 2 for candidate:7352dd76-8426-4dce-9914-09fade4a0b67
datanode_1_1  | 2022-02-24 17:20:32,594 [761d1cc7-94b1-41a3-bc5d-ca2b2b4a7773@group-2C0C781E8236-LeaderElection1] INFO server.RaftServerConfigKeys: raft.server.watch.timeout.denomination = 1s (default)
scm_1         | Container Balancer status:
om_1          | 2022-02-24 17:20:43,092 [OM StateMachine ApplyTransaction Thread - 0] INFO volume.OMVolumeCreateRequest: created volume:vol-2-23215 for user:hadoop
datanode_4_1  | 2022-02-24 17:20:55,600 [bc649af7-aca7-49ff-9e2a-da4abb50ca51@group-7561F868E3DE-FollowerState] INFO impl.FollowerState: bc649af7-aca7-49ff-9e2a-da4abb50ca51@group-7561F868E3DE-FollowerState: change to CANDIDATE, lastRpcElapsedTime:5113229320ns, electionTimeout:5104ms
datanode_6_1  | 2022-02-24 17:20:27,647 [pool-22-thread-1] INFO server.RaftServerConfigKeys: raft.server.storage.free-space.min = 0MB (=0) (default)
datanode_5_1  | 2022-02-24 17:20:33,655 [grpc-default-executor-0] INFO impl.RoleInfo: 89775797-9ced-41df-a11b-44eadcc686a1: shutdown 89775797-9ced-41df-a11b-44eadcc686a1@group-65B2C7D57D1A-FollowerState
datanode_1_1  | 2022-02-24 17:20:32,595 [761d1cc7-94b1-41a3-bc5d-ca2b2b4a7773@group-2C0C781E8236-LeaderElection1] INFO server.RaftServerConfigKeys: raft.server.watch.element-limit = 65536 (default)
scm_1         | Key                            Value
om_1          | 2022-02-24 17:20:43,111 [OM StateMachine ApplyTransaction Thread - 0] INFO volume.OMVolumeCreateRequest: created volume:vol-3-75833 for user:hadoop
datanode_4_1  | 2022-02-24 17:20:55,601 [bc649af7-aca7-49ff-9e2a-da4abb50ca51@group-7561F868E3DE-FollowerState] INFO impl.RoleInfo: bc649af7-aca7-49ff-9e2a-da4abb50ca51: shutdown bc649af7-aca7-49ff-9e2a-da4abb50ca51@group-7561F868E3DE-FollowerState
datanode_6_1  | 2022-02-24 17:20:27,648 [pool-22-thread-1] INFO storage.RaftStorageDirectory: The storage directory /data/metadata/ratis/6ef6d247-5115-49d8-8693-94c07a80c33c does not exist. Creating ...
datanode_5_1  | 2022-02-24 17:20:33,655 [grpc-default-executor-0] INFO impl.RoleInfo: 89775797-9ced-41df-a11b-44eadcc686a1: start 89775797-9ced-41df-a11b-44eadcc686a1@group-65B2C7D57D1A-FollowerState
datanode_1_1  | 2022-02-24 17:20:32,620 [761d1cc7-94b1-41a3-bc5d-ca2b2b4a7773@group-2C0C781E8236-LeaderElection1] INFO server.RaftServerConfigKeys: raft.server.write.element-limit = 1024 (custom)
scm_1         | Running                        false
om_1          | 2022-02-24 17:20:43,124 [OM StateMachine ApplyTransaction Thread - 0] INFO volume.OMVolumeCreateRequest: created volume:vol-4-67537 for user:hadoop
datanode_4_1  | 2022-02-24 17:20:55,601 [bc649af7-aca7-49ff-9e2a-da4abb50ca51@group-7561F868E3DE-FollowerState] INFO server.RaftServer$Division: bc649af7-aca7-49ff-9e2a-da4abb50ca51@group-7561F868E3DE: changes role from  FOLLOWER to CANDIDATE at term 0 for changeToCandidate
datanode_6_1  | 2022-02-24 17:20:27,659 [pool-22-thread-1] INFO storage.RaftStorageDirectory: Lock on /data/metadata/ratis/6ef6d247-5115-49d8-8693-94c07a80c33c/in_use.lock acquired by nodename 10@7dac4823ca02
datanode_5_1  | 2022-02-24 17:20:33,655 [89775797-9ced-41df-a11b-44eadcc686a1@group-65B2C7D57D1A-FollowerState] INFO impl.FollowerState: 89775797-9ced-41df-a11b-44eadcc686a1@group-65B2C7D57D1A-FollowerState was interrupted: {}
datanode_1_1  | 2022-02-24 17:20:32,626 [761d1cc7-94b1-41a3-bc5d-ca2b2b4a7773@group-2C0C781E8236-LeaderElection1] INFO server.RaftServerConfigKeys: raft.server.write.follower.gap.ratio.max = -1.0 (default)
scm_1         | Container Balancer Configuration values:
datanode_4_1  | 2022-02-24 17:20:55,603 [bc649af7-aca7-49ff-9e2a-da4abb50ca51@group-7561F868E3DE-FollowerState] INFO server.RaftServerConfigKeys: raft.server.leaderelection.pre-vote = false (custom)
datanode_6_1  | 2022-02-24 17:20:27,679 [pool-22-thread-1] INFO storage.RaftStorage: Storage directory /data/metadata/ratis/6ef6d247-5115-49d8-8693-94c07a80c33c has been successfully formatted.
datanode_5_1  | java.lang.InterruptedException: sleep interrupted
datanode_1_1  | 2022-02-24 17:20:32,639 [761d1cc7-94b1-41a3-bc5d-ca2b2b4a7773@group-2C0C781E8236-LeaderElection1] INFO impl.RoleInfo: 761d1cc7-94b1-41a3-bc5d-ca2b2b4a7773: start 761d1cc7-94b1-41a3-bc5d-ca2b2b4a7773@group-2C0C781E8236-LeaderStateImpl
scm_1         | Key                                                Value
datanode_4_1  | 2022-02-24 17:20:55,604 [bc649af7-aca7-49ff-9e2a-da4abb50ca51@group-7561F868E3DE-FollowerState] INFO impl.RoleInfo: bc649af7-aca7-49ff-9e2a-da4abb50ca51: start bc649af7-aca7-49ff-9e2a-da4abb50ca51@group-7561F868E3DE-LeaderElection1
datanode_6_1  | 2022-02-24 17:20:27,681 [pool-22-thread-1] INFO ratis.ContainerStateMachine: group-94C07A80C33C: The snapshot info is null. Setting the last applied indexto:(t:0, i:~)
datanode_5_1  | 	at java.base/java.lang.Thread.sleep(Native Method)
datanode_1_1  | 2022-02-24 17:20:32,651 [761d1cc7-94b1-41a3-bc5d-ca2b2b4a7773@group-2C0C781E8236-LeaderElection1] INFO segmented.SegmentedRaftLogWorker: 761d1cc7-94b1-41a3-bc5d-ca2b2b4a7773@group-2C0C781E8236-SegmentedRaftLogWorker: Starting segment from index:0
scm_1         | Threshold                                          10
datanode_4_1  | 2022-02-24 17:20:55,609 [bc649af7-aca7-49ff-9e2a-da4abb50ca51@group-7561F868E3DE-LeaderElection1] INFO impl.LeaderElection: bc649af7-aca7-49ff-9e2a-da4abb50ca51@group-7561F868E3DE-LeaderElection1 ELECTION round 0: submit vote requests at term 1 for -1: [bc649af7-aca7-49ff-9e2a-da4abb50ca51|rpc:10.5.0.7:9856|admin:10.5.0.7:9857|client:10.5.0.7:9858|priority:1], old=null
datanode_6_1  | 2022-02-24 17:20:27,708 [pool-22-thread-1] INFO server.RaftServerConfigKeys: raft.server.notification.no-leader.timeout = 300s (custom)
datanode_5_1  | 	at java.base/java.lang.Thread.sleep(Thread.java:334)
datanode_1_1  | 2022-02-24 17:20:32,661 [761d1cc7-94b1-41a3-bc5d-ca2b2b4a7773@group-2C0C781E8236-SegmentedRaftLogWorker] INFO segmented.SegmentedRaftLogWorker: 761d1cc7-94b1-41a3-bc5d-ca2b2b4a7773@group-2C0C781E8236-SegmentedRaftLogWorker: created new log segment /data/metadata/ratis/7ea765f2-4604-45df-bd4d-2c0c781e8236/current/log_inprogress_0
scm_1         | Max Datanodes to Involve per Iteration(percent)    20
scm_1         | Max Size to Move per Iteration                     500GB
datanode_6_1  | 2022-02-24 17:20:27,709 [pool-22-thread-1] INFO server.RaftServerConfigKeys: raft.server.log.use.memory = false (default)
datanode_5_1  | 	at java.base/java.util.concurrent.TimeUnit.sleep(TimeUnit.java:446)
datanode_4_1  | 2022-02-24 17:20:55,610 [bc649af7-aca7-49ff-9e2a-da4abb50ca51@group-7561F868E3DE-LeaderElection1] INFO impl.LeaderElection: bc649af7-aca7-49ff-9e2a-da4abb50ca51@group-7561F868E3DE-LeaderElection1 ELECTION round 0: result PASSED (term=1)
scm_1         | Max Size Entering Target per Iteration             26GB
scm_1         | Max Size Leaving Source per Iteration              26GB
datanode_1_1  | 2022-02-24 17:20:32,662 [761d1cc7-94b1-41a3-bc5d-ca2b2b4a7773@group-2C0C781E8236-LeaderElection1] INFO server.RaftServer$Division: 761d1cc7-94b1-41a3-bc5d-ca2b2b4a7773@group-2C0C781E8236: set configuration 0: [761d1cc7-94b1-41a3-bc5d-ca2b2b4a7773|rpc:10.5.0.4:9856|admin:10.5.0.4:9857|client:10.5.0.4:9858|dataStream:|priority:1], old=null
datanode_5_1  | 	at org.apache.ratis.util.TimeDuration.sleep(TimeDuration.java:324)
datanode_4_1  | 2022-02-24 17:20:55,610 [bc649af7-aca7-49ff-9e2a-da4abb50ca51@group-7561F868E3DE-LeaderElection1] INFO impl.RoleInfo: bc649af7-aca7-49ff-9e2a-da4abb50ca51: shutdown bc649af7-aca7-49ff-9e2a-da4abb50ca51@group-7561F868E3DE-LeaderElection1
scm_1         | 
datanode_6_1  | 2022-02-24 17:20:27,709 [pool-22-thread-1] INFO server.RaftServerConfigKeys: raft.server.log.purge.gap = 1000000 (custom)
datanode_1_1  | 2022-02-24 17:20:33,660 [grpc-default-executor-0] INFO server.RaftServer$Division: 761d1cc7-94b1-41a3-bc5d-ca2b2b4a7773@group-65B2C7D57D1A: receive requestVote(ELECTION, 7352dd76-8426-4dce-9914-09fade4a0b67, group-65B2C7D57D1A, 2, (t:0, i:0))
datanode_1_1  | 2022-02-24 17:20:33,660 [grpc-default-executor-0] INFO impl.VoteContext: 761d1cc7-94b1-41a3-bc5d-ca2b2b4a7773@group-65B2C7D57D1A-FOLLOWER: reject ELECTION from 7352dd76-8426-4dce-9914-09fade4a0b67: our priority 1 > candidate's priority 0
datanode_4_1  | 2022-02-24 17:20:55,611 [bc649af7-aca7-49ff-9e2a-da4abb50ca51@group-7561F868E3DE-LeaderElection1] INFO server.RaftServer$Division: bc649af7-aca7-49ff-9e2a-da4abb50ca51@group-7561F868E3DE: changes role from CANDIDATE to LEADER at term 1 for changeToLeader
scm_1         | 2022-02-24 17:20:11,039 [Listener at 0.0.0.0/9860] WARN events.EventQueue: No event handler registered for event TypedEvent{payloadType=SafeModeStatus, name='Safe mode status'}
datanode_1_1  | 2022-02-24 17:20:33,660 [grpc-default-executor-0] INFO server.RaftServer$Division: 761d1cc7-94b1-41a3-bc5d-ca2b2b4a7773@group-65B2C7D57D1A: changes role from  FOLLOWER to FOLLOWER at term 2 for candidate:7352dd76-8426-4dce-9914-09fade4a0b67
datanode_5_1  | 	at org.apache.ratis.util.TimeDuration.sleep(TimeDuration.java:309)
datanode_6_1  | 2022-02-24 17:20:27,709 [pool-22-thread-1] INFO server.RaftServerConfigKeys: raft.server.log.appender.buffer.byte-limit = 33554432 (custom)
datanode_4_1  | 2022-02-24 17:20:55,611 [bc649af7-aca7-49ff-9e2a-da4abb50ca51@group-7561F868E3DE-LeaderElection1] INFO ratis.XceiverServerRatis: Leader change notification received for group: group-7561F868E3DE with new leaderId: bc649af7-aca7-49ff-9e2a-da4abb50ca51
scm_1         | 2022-02-24 17:20:11,039 [Listener at 0.0.0.0/9860] INFO ha.SCMContext: Update SafeModeStatus from SafeModeStatus{safeModeStatus=true, preCheckPassed=false} to SafeModeStatus{safeModeStatus=true, preCheckPassed=false}.
datanode_1_1  | 2022-02-24 17:20:33,660 [grpc-default-executor-0] INFO impl.RoleInfo: 761d1cc7-94b1-41a3-bc5d-ca2b2b4a7773: shutdown 761d1cc7-94b1-41a3-bc5d-ca2b2b4a7773@group-65B2C7D57D1A-FollowerState
datanode_5_1  | 	at org.apache.ratis.server.impl.FollowerState.run(FollowerState.java:118)
datanode_6_1  | 2022-02-24 17:20:27,709 [pool-22-thread-1] INFO server.RaftServerConfigKeys: raft.server.log.segment.size.max = 1048576 (custom)
datanode_4_1  | 2022-02-24 17:20:55,617 [bc649af7-aca7-49ff-9e2a-da4abb50ca51@group-7561F868E3DE-LeaderElection1] INFO server.RaftServer$Division: bc649af7-aca7-49ff-9e2a-da4abb50ca51@group-7561F868E3DE: change Leader from null to bc649af7-aca7-49ff-9e2a-da4abb50ca51 at term 1 for becomeLeader, leader elected after 5163ms
scm_1         | 2022-02-24 17:20:11,045 [Listener at 0.0.0.0/9860] INFO server.StorageContainerManager: StorageContainerLocationProtocol RPC server is listening at /0.0.0.0:9860
datanode_1_1  | 2022-02-24 17:20:33,660 [grpc-default-executor-0] INFO impl.RoleInfo: 761d1cc7-94b1-41a3-bc5d-ca2b2b4a7773: start 761d1cc7-94b1-41a3-bc5d-ca2b2b4a7773@group-65B2C7D57D1A-FollowerState
datanode_5_1  | 2022-02-24 17:20:33,659 [grpc-default-executor-0] INFO server.RaftServer$Division: 89775797-9ced-41df-a11b-44eadcc686a1@group-65B2C7D57D1A replies to ELECTION vote request: 7352dd76-8426-4dce-9914-09fade4a0b67<-89775797-9ced-41df-a11b-44eadcc686a1#0:OK-t2. Peer's state: 89775797-9ced-41df-a11b-44eadcc686a1@group-65B2C7D57D1A:t2, leader=null, voted=7352dd76-8426-4dce-9914-09fade4a0b67, raftlog=89775797-9ced-41df-a11b-44eadcc686a1@group-65B2C7D57D1A-SegmentedRaftLog:OPENED:c-1, conf=-1: [7352dd76-8426-4dce-9914-09fade4a0b67|rpc:10.5.0.9:9856|admin:10.5.0.9:9857|client:10.5.0.9:9858|dataStream:|priority:0, 89775797-9ced-41df-a11b-44eadcc686a1|rpc:10.5.0.8:9856|admin:10.5.0.8:9857|client:10.5.0.8:9858|dataStream:|priority:0, 761d1cc7-94b1-41a3-bc5d-ca2b2b4a7773|rpc:10.5.0.4:9856|admin:10.5.0.4:9857|client:10.5.0.4:9858|dataStream:|priority:1], old=null
datanode_6_1  | 2022-02-24 17:20:27,735 [pool-22-thread-1] INFO server.RaftServerConfigKeys: raft.server.log.segment.cache.num.max = 2 (custom)
datanode_4_1  | 2022-02-24 17:20:55,624 [bc649af7-aca7-49ff-9e2a-da4abb50ca51@group-7561F868E3DE-LeaderElection1] INFO server.RaftServerConfigKeys: raft.server.staging.catchup.gap = 1000 (default)
scm_1         | 2022-02-24 17:20:11,046 [Listener at 0.0.0.0/9860] INFO ha.SCMRatisServerImpl: starting ratis server 0.0.0.0:9894
datanode_1_1  | 2022-02-24 17:20:33,661 [761d1cc7-94b1-41a3-bc5d-ca2b2b4a7773@group-65B2C7D57D1A-FollowerState] INFO impl.FollowerState: 761d1cc7-94b1-41a3-bc5d-ca2b2b4a7773@group-65B2C7D57D1A-FollowerState was interrupted: {}
datanode_5_1  | 2022-02-24 17:20:34,151 [89775797-9ced-41df-a11b-44eadcc686a1@group-98F68408667F-FollowerState] INFO impl.FollowerState: 89775797-9ced-41df-a11b-44eadcc686a1@group-98F68408667F-FollowerState: change to CANDIDATE, lastRpcElapsedTime:5084337164ns, electionTimeout:5048ms
datanode_6_1  | 2022-02-24 17:20:27,735 [pool-22-thread-1] INFO server.RaftServerConfigKeys: raft.server.log.segment.cache.size.max = 200MB (=209715200) (default)
scm_1         | 2022-02-24 17:20:11,047 [Listener at 0.0.0.0/9860] INFO server.RaftServer$Division: b31713c7-bd15-431c-88d3-f102f3b1600e@group-508D2F1D2F5E: start as a follower, conf=0: [b31713c7-bd15-431c-88d3-f102f3b1600e|rpc:62086e2c8800:9894|admin:|client:|dataStream:|priority:0], old=null
datanode_4_1  | 2022-02-24 17:20:55,630 [bc649af7-aca7-49ff-9e2a-da4abb50ca51@group-7561F868E3DE-LeaderElection1] INFO server.RaftServerConfigKeys: raft.server.write.element-limit = 1024 (custom)
datanode_1_1  | java.lang.InterruptedException: sleep interrupted
datanode_5_1  | 2022-02-24 17:20:34,152 [89775797-9ced-41df-a11b-44eadcc686a1@group-98F68408667F-FollowerState] INFO impl.RoleInfo: 89775797-9ced-41df-a11b-44eadcc686a1: shutdown 89775797-9ced-41df-a11b-44eadcc686a1@group-98F68408667F-FollowerState
datanode_6_1  | 2022-02-24 17:20:27,735 [pool-22-thread-1] INFO segmented.SegmentedRaftLogWorker: new 7352dd76-8426-4dce-9914-09fade4a0b67@group-94C07A80C33C-SegmentedRaftLogWorker for RaftStorageImpl:Storage Directory /data/metadata/ratis/6ef6d247-5115-49d8-8693-94c07a80c33c
scm_1         | 2022-02-24 17:20:11,055 [Listener at 0.0.0.0/9860] INFO server.RaftServer$Division: b31713c7-bd15-431c-88d3-f102f3b1600e@group-508D2F1D2F5E: changes role from      null to FOLLOWER at term 1 for startAsFollower
datanode_4_1  | 2022-02-24 17:20:55,631 [bc649af7-aca7-49ff-9e2a-da4abb50ca51@group-7561F868E3DE-LeaderElection1] INFO server.RaftServerConfigKeys: raft.server.write.byte-limit = 1024 M (=1073741824) (custom)
datanode_1_1  | 	at java.base/java.lang.Thread.sleep(Native Method)
datanode_5_1  | 2022-02-24 17:20:34,152 [89775797-9ced-41df-a11b-44eadcc686a1@group-98F68408667F-FollowerState] INFO server.RaftServer$Division: 89775797-9ced-41df-a11b-44eadcc686a1@group-98F68408667F: changes role from  FOLLOWER to CANDIDATE at term 0 for changeToCandidate
datanode_6_1  | 2022-02-24 17:20:27,735 [pool-22-thread-1] INFO server.RaftServerConfigKeys: raft.server.log.queue.byte-limit = 4294967296 (custom)
scm_1         | 2022-02-24 17:20:11,058 [Listener at 0.0.0.0/9860] INFO impl.RoleInfo: b31713c7-bd15-431c-88d3-f102f3b1600e: start b31713c7-bd15-431c-88d3-f102f3b1600e@group-508D2F1D2F5E-FollowerState
datanode_4_1  | 2022-02-24 17:20:55,634 [bc649af7-aca7-49ff-9e2a-da4abb50ca51@group-7561F868E3DE-LeaderElection1] INFO server.RaftServerConfigKeys: raft.server.watch.timeout = 180s (custom)
datanode_1_1  | 	at java.base/java.lang.Thread.sleep(Thread.java:334)
datanode_5_1  | 2022-02-24 17:20:34,152 [89775797-9ced-41df-a11b-44eadcc686a1@group-98F68408667F-FollowerState] INFO server.RaftServerConfigKeys: raft.server.leaderelection.pre-vote = false (custom)
datanode_6_1  | 2022-02-24 17:20:27,735 [pool-22-thread-1] INFO server.RaftServerConfigKeys: raft.server.log.queue.element-limit = 1024 (custom)
scm_1         | 2022-02-24 17:20:11,066 [Listener at 0.0.0.0/9860] INFO util.JmxRegister: Successfully registered JMX Bean with object name Ratis:service=RaftServer,group=group-508D2F1D2F5E,id=b31713c7-bd15-431c-88d3-f102f3b1600e
datanode_4_1  | 2022-02-24 17:20:55,634 [bc649af7-aca7-49ff-9e2a-da4abb50ca51@group-7561F868E3DE-LeaderElection1] INFO server.RaftServerConfigKeys: raft.server.watch.timeout.denomination = 1s (default)
datanode_1_1  | 	at java.base/java.util.concurrent.TimeUnit.sleep(TimeUnit.java:446)
datanode_5_1  | 2022-02-24 17:20:34,152 [89775797-9ced-41df-a11b-44eadcc686a1@group-98F68408667F-FollowerState] INFO impl.RoleInfo: 89775797-9ced-41df-a11b-44eadcc686a1: start 89775797-9ced-41df-a11b-44eadcc686a1@group-98F68408667F-LeaderElection2
datanode_6_1  | 2022-02-24 17:20:27,735 [pool-22-thread-1] INFO server.RaftServerConfigKeys: raft.server.log.segment.size.max = 1048576 (custom)
scm_1         | 2022-02-24 17:20:11,074 [Listener at 0.0.0.0/9860] INFO server.RaftServer: b31713c7-bd15-431c-88d3-f102f3b1600e: start RPC server
datanode_4_1  | 2022-02-24 17:20:55,635 [bc649af7-aca7-49ff-9e2a-da4abb50ca51@group-7561F868E3DE-LeaderElection1] INFO server.RaftServerConfigKeys: raft.server.watch.element-limit = 65536 (default)
datanode_5_1  | 2022-02-24 17:20:34,161 [89775797-9ced-41df-a11b-44eadcc686a1@group-98F68408667F-LeaderElection2] INFO impl.LeaderElection: 89775797-9ced-41df-a11b-44eadcc686a1@group-98F68408667F-LeaderElection2 ELECTION round 0: submit vote requests at term 1 for -1: [89775797-9ced-41df-a11b-44eadcc686a1|rpc:10.5.0.8:9856|admin:10.5.0.8:9857|client:10.5.0.8:9858|priority:1], old=null
datanode_6_1  | 2022-02-24 17:20:27,736 [pool-22-thread-1] INFO server.RaftServerConfigKeys: raft.server.log.preallocated.size = 16384 (custom)
scm_1         | 2022-02-24 17:20:11,177 [Listener at 0.0.0.0/9860] INFO server.GrpcService: b31713c7-bd15-431c-88d3-f102f3b1600e: GrpcService started, listening on 9894
datanode_4_1  | 2022-02-24 17:20:55,638 [bc649af7-aca7-49ff-9e2a-da4abb50ca51@group-7561F868E3DE-LeaderElection1] INFO server.RaftServerConfigKeys: raft.server.write.element-limit = 1024 (custom)
datanode_1_1  | 	at org.apache.ratis.util.TimeDuration.sleep(TimeDuration.java:324)
datanode_5_1  | 2022-02-24 17:20:34,162 [89775797-9ced-41df-a11b-44eadcc686a1@group-98F68408667F-LeaderElection2] INFO impl.LeaderElection: 89775797-9ced-41df-a11b-44eadcc686a1@group-98F68408667F-LeaderElection2 ELECTION round 0: result PASSED (term=1)
datanode_6_1  | 2022-02-24 17:20:27,736 [pool-22-thread-1] INFO server.RaftServerConfigKeys: raft.server.log.force.sync.num = 128 (default)
scm_1         | 2022-02-24 17:20:11,183 [Listener at 0.0.0.0/9860] INFO ha.SCMHAManagerImpl:  scm role is FOLLOWER peers [b31713c7-bd15-431c-88d3-f102f3b1600e|rpc:62086e2c8800:9894|admin:|client:|dataStream:|priority:0]
datanode_4_1  | 2022-02-24 17:20:55,639 [bc649af7-aca7-49ff-9e2a-da4abb50ca51@group-7561F868E3DE-LeaderElection1] INFO server.RaftServerConfigKeys: raft.server.write.follower.gap.ratio.max = -1.0 (default)
datanode_1_1  | 	at org.apache.ratis.util.TimeDuration.sleep(TimeDuration.java:309)
datanode_5_1  | 2022-02-24 17:20:34,162 [89775797-9ced-41df-a11b-44eadcc686a1@group-98F68408667F-LeaderElection2] INFO impl.RoleInfo: 89775797-9ced-41df-a11b-44eadcc686a1: shutdown 89775797-9ced-41df-a11b-44eadcc686a1@group-98F68408667F-LeaderElection2
datanode_6_1  | 2022-02-24 17:20:27,736 [pool-22-thread-1] INFO server.RaftServerConfigKeys: raft.server.log.statemachine.data.sync = true (default)
scm_1         | 2022-02-24 17:20:11,183 [Listener at 0.0.0.0/9860] INFO ha.InterSCMGrpcService: Starting SCM Grpc Service at port 9895
datanode_4_1  | 2022-02-24 17:20:55,641 [bc649af7-aca7-49ff-9e2a-da4abb50ca51@group-7561F868E3DE-LeaderElection1] INFO impl.RoleInfo: bc649af7-aca7-49ff-9e2a-da4abb50ca51: start bc649af7-aca7-49ff-9e2a-da4abb50ca51@group-7561F868E3DE-LeaderStateImpl
datanode_1_1  | 	at org.apache.ratis.server.impl.FollowerState.run(FollowerState.java:118)
datanode_5_1  | 2022-02-24 17:20:34,162 [89775797-9ced-41df-a11b-44eadcc686a1@group-98F68408667F-LeaderElection2] INFO server.RaftServer$Division: 89775797-9ced-41df-a11b-44eadcc686a1@group-98F68408667F: changes role from CANDIDATE to LEADER at term 1 for changeToLeader
datanode_6_1  | 2022-02-24 17:20:27,736 [pool-22-thread-1] INFO server.RaftServerConfigKeys: raft.server.log.statemachine.data.sync.timeout = 10s (default)
scm_1         | 2022-02-24 17:20:11,184 [org.apache.ratis.util.JvmPauseMonitor$$Lambda$402/0x0000000840497c40@66f5770e] INFO util.JvmPauseMonitor: JvmPauseMonitor-b31713c7-bd15-431c-88d3-f102f3b1600e: Started
datanode_4_1  | 2022-02-24 17:20:55,644 [bc649af7-aca7-49ff-9e2a-da4abb50ca51@group-7561F868E3DE-LeaderElection1] INFO segmented.SegmentedRaftLogWorker: bc649af7-aca7-49ff-9e2a-da4abb50ca51@group-7561F868E3DE-SegmentedRaftLogWorker: Starting segment from index:0
datanode_4_1  | 2022-02-24 17:20:55,645 [bc649af7-aca7-49ff-9e2a-da4abb50ca51@group-7561F868E3DE-SegmentedRaftLogWorker] INFO segmented.SegmentedRaftLogWorker: bc649af7-aca7-49ff-9e2a-da4abb50ca51@group-7561F868E3DE-SegmentedRaftLogWorker: created new log segment /data/metadata/ratis/9bfbd4bd-4251-46d6-96d8-7561f868e3de/current/log_inprogress_0
datanode_5_1  | 2022-02-24 17:20:34,162 [89775797-9ced-41df-a11b-44eadcc686a1@group-98F68408667F-LeaderElection2] INFO ratis.XceiverServerRatis: Leader change notification received for group: group-98F68408667F with new leaderId: 89775797-9ced-41df-a11b-44eadcc686a1
datanode_6_1  | 2022-02-24 17:20:27,736 [pool-22-thread-1] INFO server.RaftServerConfigKeys: raft.server.log.statemachine.data.sync.timeout.retry = -1 (default)
datanode_4_1  | 2022-02-24 17:20:55,650 [bc649af7-aca7-49ff-9e2a-da4abb50ca51@group-7561F868E3DE-LeaderElection1] INFO server.RaftServer$Division: bc649af7-aca7-49ff-9e2a-da4abb50ca51@group-7561F868E3DE: set configuration 0: [bc649af7-aca7-49ff-9e2a-da4abb50ca51|rpc:10.5.0.7:9856|admin:10.5.0.7:9857|client:10.5.0.7:9858|dataStream:|priority:1], old=null
datanode_1_1  | 2022-02-24 17:20:33,665 [grpc-default-executor-0] INFO server.RaftServer$Division: 761d1cc7-94b1-41a3-bc5d-ca2b2b4a7773@group-65B2C7D57D1A replies to ELECTION vote request: 7352dd76-8426-4dce-9914-09fade4a0b67<-761d1cc7-94b1-41a3-bc5d-ca2b2b4a7773#0:FAIL-t2. Peer's state: 761d1cc7-94b1-41a3-bc5d-ca2b2b4a7773@group-65B2C7D57D1A:t2, leader=null, voted=null, raftlog=761d1cc7-94b1-41a3-bc5d-ca2b2b4a7773@group-65B2C7D57D1A-SegmentedRaftLog:OPENED:c-1, conf=-1: [7352dd76-8426-4dce-9914-09fade4a0b67|rpc:10.5.0.9:9856|admin:10.5.0.9:9857|client:10.5.0.9:9858|dataStream:|priority:0, 89775797-9ced-41df-a11b-44eadcc686a1|rpc:10.5.0.8:9856|admin:10.5.0.8:9857|client:10.5.0.8:9858|dataStream:|priority:0, 761d1cc7-94b1-41a3-bc5d-ca2b2b4a7773|rpc:10.5.0.4:9856|admin:10.5.0.4:9857|client:10.5.0.4:9858|dataStream:|priority:1], old=null
scm_1         | 2022-02-24 17:20:11,267 [Listener at 0.0.0.0/9860] INFO impl.MetricsConfig: Loaded properties from hadoop-metrics2.properties
datanode_5_1  | 2022-02-24 17:20:34,163 [89775797-9ced-41df-a11b-44eadcc686a1@group-98F68408667F-LeaderElection2] INFO server.RaftServer$Division: 89775797-9ced-41df-a11b-44eadcc686a1@group-98F68408667F: change Leader from null to 89775797-9ced-41df-a11b-44eadcc686a1 at term 1 for becomeLeader, leader elected after 5125ms
datanode_6_1  | 2022-02-24 17:20:27,737 [pool-22-thread-1] INFO server.RaftServerConfigKeys: raft.server.log.write.buffer.size = 1048576 (custom)
datanode_1_1  | 2022-02-24 17:20:38,726 [761d1cc7-94b1-41a3-bc5d-ca2b2b4a7773@group-65B2C7D57D1A-FollowerState] INFO impl.FollowerState: 761d1cc7-94b1-41a3-bc5d-ca2b2b4a7773@group-65B2C7D57D1A-FollowerState: change to CANDIDATE, lastRpcElapsedTime:5065572702ns, electionTimeout:5064ms
scm_1         | 2022-02-24 17:20:11,282 [Listener at 0.0.0.0/9860] INFO impl.MetricsSystemImpl: Scheduled Metric snapshot period at 10 second(s).
datanode_5_1  | 2022-02-24 17:20:34,177 [89775797-9ced-41df-a11b-44eadcc686a1@group-98F68408667F-LeaderElection2] INFO server.RaftServerConfigKeys: raft.server.staging.catchup.gap = 1000 (default)
datanode_6_1  | 2022-02-24 17:20:27,737 [pool-22-thread-1] INFO server.RaftServerConfigKeys: raft.server.log.statemachine.data.caching.enabled = true (custom)
datanode_1_1  | 2022-02-24 17:20:38,727 [761d1cc7-94b1-41a3-bc5d-ca2b2b4a7773@group-65B2C7D57D1A-FollowerState] INFO impl.RoleInfo: 761d1cc7-94b1-41a3-bc5d-ca2b2b4a7773: shutdown 761d1cc7-94b1-41a3-bc5d-ca2b2b4a7773@group-65B2C7D57D1A-FollowerState
scm_1         | 2022-02-24 17:20:11,283 [Listener at 0.0.0.0/9860] INFO impl.MetricsSystemImpl: StorageContainerManager metrics system started
datanode_5_1  | 2022-02-24 17:20:34,181 [89775797-9ced-41df-a11b-44eadcc686a1@group-98F68408667F-LeaderElection2] INFO server.RaftServerConfigKeys: raft.server.write.element-limit = 1024 (custom)
datanode_6_1  | 2022-02-24 17:20:27,754 [pool-22-thread-1] INFO segmented.SegmentedRaftLogWorker: 7352dd76-8426-4dce-9914-09fade4a0b67@group-94C07A80C33C-SegmentedRaftLogWorker: flushIndex: setUnconditionally 0 -> -1
datanode_1_1  | 2022-02-24 17:20:38,727 [761d1cc7-94b1-41a3-bc5d-ca2b2b4a7773@group-65B2C7D57D1A-FollowerState] INFO server.RaftServer$Division: 761d1cc7-94b1-41a3-bc5d-ca2b2b4a7773@group-65B2C7D57D1A: changes role from  FOLLOWER to CANDIDATE at term 2 for changeToCandidate
scm_1         | 2022-02-24 17:20:11,588 [Listener at 0.0.0.0/9860] INFO server.SCMClientProtocolServer: RPC server for Client  is listening at /0.0.0.0:9860
datanode_5_1  | 2022-02-24 17:20:34,181 [89775797-9ced-41df-a11b-44eadcc686a1@group-98F68408667F-LeaderElection2] INFO server.RaftServerConfigKeys: raft.server.write.byte-limit = 1024 M (=1073741824) (custom)
datanode_6_1  | 2022-02-24 17:20:27,754 [pool-22-thread-1] INFO segmented.SegmentedRaftLogWorker: 7352dd76-8426-4dce-9914-09fade4a0b67@group-94C07A80C33C-SegmentedRaftLogWorker: safeCacheEvictIndex: setUnconditionally 0 -> -1
datanode_1_1  | 2022-02-24 17:20:38,727 [761d1cc7-94b1-41a3-bc5d-ca2b2b4a7773@group-65B2C7D57D1A-FollowerState] INFO server.RaftServerConfigKeys: raft.server.leaderelection.pre-vote = false (custom)
scm_1         | 2022-02-24 17:20:11,592 [IPC Server Responder] INFO ipc.Server: IPC Server Responder: starting
datanode_5_1  | 2022-02-24 17:20:34,183 [89775797-9ced-41df-a11b-44eadcc686a1@group-98F68408667F-LeaderElection2] INFO server.RaftServerConfigKeys: raft.server.watch.timeout = 180s (custom)
datanode_6_1  | 2022-02-24 17:20:27,756 [pool-22-thread-1] INFO server.RaftServerConfigKeys: raft.server.snapshot.auto.trigger.enabled = true (custom)
datanode_1_1  | 2022-02-24 17:20:38,727 [761d1cc7-94b1-41a3-bc5d-ca2b2b4a7773@group-65B2C7D57D1A-FollowerState] INFO impl.RoleInfo: 761d1cc7-94b1-41a3-bc5d-ca2b2b4a7773: start 761d1cc7-94b1-41a3-bc5d-ca2b2b4a7773@group-65B2C7D57D1A-LeaderElection2
scm_1         | 2022-02-24 17:20:11,626 [IPC Server listener on 9860] INFO ipc.Server: IPC Server listener on 9860: starting
datanode_5_1  | 2022-02-24 17:20:34,183 [89775797-9ced-41df-a11b-44eadcc686a1@group-98F68408667F-LeaderElection2] INFO server.RaftServerConfigKeys: raft.server.watch.timeout.denomination = 1s (default)
datanode_6_1  | 2022-02-24 17:20:27,756 [pool-22-thread-1] INFO server.RaftServerConfigKeys: raft.server.snapshot.auto.trigger.threshold = 10000 (custom)
datanode_1_1  | 2022-02-24 17:20:38,731 [761d1cc7-94b1-41a3-bc5d-ca2b2b4a7773@group-65B2C7D57D1A-LeaderElection2] INFO impl.LeaderElection: 761d1cc7-94b1-41a3-bc5d-ca2b2b4a7773@group-65B2C7D57D1A-LeaderElection2 ELECTION round 0: submit vote requests at term 3 for -1: [7352dd76-8426-4dce-9914-09fade4a0b67|rpc:10.5.0.9:9856|admin:10.5.0.9:9857|client:10.5.0.9:9858|dataStream:|priority:0, 89775797-9ced-41df-a11b-44eadcc686a1|rpc:10.5.0.8:9856|admin:10.5.0.8:9857|client:10.5.0.8:9858|dataStream:|priority:0, 761d1cc7-94b1-41a3-bc5d-ca2b2b4a7773|rpc:10.5.0.4:9856|admin:10.5.0.4:9857|client:10.5.0.4:9858|dataStream:|priority:1], old=null
scm_1         | 2022-02-24 17:20:11,657 [Listener at 0.0.0.0/9860] INFO server.StorageContainerManager: ScmBlockLocationProtocol RPC server is listening at /0.0.0.0:9863
datanode_5_1  | 2022-02-24 17:20:34,183 [89775797-9ced-41df-a11b-44eadcc686a1@group-98F68408667F-LeaderElection2] INFO server.RaftServerConfigKeys: raft.server.watch.element-limit = 65536 (default)
datanode_6_1  | 2022-02-24 17:20:27,756 [pool-22-thread-1] INFO server.RaftServerConfigKeys: raft.server.snapshot.retention.file.num = 5 (custom)
datanode_1_1  | 2022-02-24 17:20:38,805 [grpc-default-executor-0] INFO server.RaftServer$Division: 761d1cc7-94b1-41a3-bc5d-ca2b2b4a7773@group-65B2C7D57D1A: receive requestVote(ELECTION, 7352dd76-8426-4dce-9914-09fade4a0b67, group-65B2C7D57D1A, 3, (t:0, i:0))
scm_1         | 2022-02-24 17:20:11,658 [Listener at 0.0.0.0/9860] INFO server.SCMBlockProtocolServer: RPC server for Block Protocol is listening at /0.0.0.0:9863
datanode_5_1  | 2022-02-24 17:20:34,184 [89775797-9ced-41df-a11b-44eadcc686a1@group-98F68408667F-LeaderElection2] INFO server.RaftServerConfigKeys: raft.server.write.element-limit = 1024 (custom)
datanode_6_1  | 2022-02-24 17:20:27,756 [pool-22-thread-1] INFO server.RaftServerConfigKeys: raft.server.log.purge.upto.snapshot.index = false (default)
datanode_1_1  | 2022-02-24 17:20:38,808 [grpc-default-executor-0] INFO impl.VoteContext: 761d1cc7-94b1-41a3-bc5d-ca2b2b4a7773@group-65B2C7D57D1A-CANDIDATE: reject ELECTION from 7352dd76-8426-4dce-9914-09fade4a0b67: already has voted for 761d1cc7-94b1-41a3-bc5d-ca2b2b4a7773 at current term 3
scm_1         | 2022-02-24 17:20:11,661 [IPC Server Responder] INFO ipc.Server: IPC Server Responder: starting
datanode_5_1  | 2022-02-24 17:20:34,184 [89775797-9ced-41df-a11b-44eadcc686a1@group-98F68408667F-LeaderElection2] INFO server.RaftServerConfigKeys: raft.server.write.follower.gap.ratio.max = -1.0 (default)
datanode_6_1  | 2022-02-24 17:20:27,756 [pool-22-thread-1] INFO server.RaftServerConfigKeys: raft.server.retrycache.expirytime = 600000ms (custom)
datanode_1_1  | 2022-02-24 17:20:38,808 [grpc-default-executor-0] INFO server.RaftServer$Division: 761d1cc7-94b1-41a3-bc5d-ca2b2b4a7773@group-65B2C7D57D1A replies to ELECTION vote request: 7352dd76-8426-4dce-9914-09fade4a0b67<-761d1cc7-94b1-41a3-bc5d-ca2b2b4a7773#0:FAIL-t3. Peer's state: 761d1cc7-94b1-41a3-bc5d-ca2b2b4a7773@group-65B2C7D57D1A:t3, leader=null, voted=761d1cc7-94b1-41a3-bc5d-ca2b2b4a7773, raftlog=761d1cc7-94b1-41a3-bc5d-ca2b2b4a7773@group-65B2C7D57D1A-SegmentedRaftLog:OPENED:c-1, conf=-1: [7352dd76-8426-4dce-9914-09fade4a0b67|rpc:10.5.0.9:9856|admin:10.5.0.9:9857|client:10.5.0.9:9858|dataStream:|priority:0, 89775797-9ced-41df-a11b-44eadcc686a1|rpc:10.5.0.8:9856|admin:10.5.0.8:9857|client:10.5.0.8:9858|dataStream:|priority:0, 761d1cc7-94b1-41a3-bc5d-ca2b2b4a7773|rpc:10.5.0.4:9856|admin:10.5.0.4:9857|client:10.5.0.4:9858|dataStream:|priority:1], old=null
scm_1         | 2022-02-24 17:20:11,661 [IPC Server listener on 9863] INFO ipc.Server: IPC Server listener on 9863: starting
datanode_5_1  | 2022-02-24 17:20:34,185 [89775797-9ced-41df-a11b-44eadcc686a1@group-98F68408667F-LeaderElection2] INFO impl.RoleInfo: 89775797-9ced-41df-a11b-44eadcc686a1: start 89775797-9ced-41df-a11b-44eadcc686a1@group-98F68408667F-LeaderStateImpl
datanode_6_1  | 2022-02-24 17:20:27,757 [pool-22-thread-1] INFO server.RaftServerConfigKeys: raft.server.retrycache.statistics.expirytime = 100?s (default)
datanode_1_1  | 2022-02-24 17:20:38,881 [761d1cc7-94b1-41a3-bc5d-ca2b2b4a7773@group-65B2C7D57D1A-LeaderElection2] INFO impl.LeaderElection: 761d1cc7-94b1-41a3-bc5d-ca2b2b4a7773@group-65B2C7D57D1A-LeaderElection2: ELECTION REJECTED received 2 response(s) and 0 exception(s):
scm_1         | 2022-02-24 17:20:11,757 [org.apache.hadoop.util.JvmPauseMonitor$Monitor@7c919e1e] INFO util.JvmPauseMonitor: Starting JVM pause monitor
datanode_5_1  | 2022-02-24 17:20:34,185 [89775797-9ced-41df-a11b-44eadcc686a1@group-98F68408667F-LeaderElection2] INFO segmented.SegmentedRaftLogWorker: 89775797-9ced-41df-a11b-44eadcc686a1@group-98F68408667F-SegmentedRaftLogWorker: Starting segment from index:0
datanode_6_1  | 2022-02-24 17:20:27,758 [pool-22-thread-1] INFO server.RaftServer$Division: 7352dd76-8426-4dce-9914-09fade4a0b67@group-94C07A80C33C: start as a follower, conf=-1: [7352dd76-8426-4dce-9914-09fade4a0b67|rpc:10.5.0.9:9856|admin:10.5.0.9:9857|client:10.5.0.9:9858|priority:1], old=null
datanode_1_1  | 2022-02-24 17:20:38,882 [761d1cc7-94b1-41a3-bc5d-ca2b2b4a7773@group-65B2C7D57D1A-LeaderElection2] INFO impl.LeaderElection:   Response 0: 761d1cc7-94b1-41a3-bc5d-ca2b2b4a7773<-7352dd76-8426-4dce-9914-09fade4a0b67#0:FAIL-t3
scm_1         | 2022-02-24 17:20:11,792 [Listener at 0.0.0.0/9860] INFO http.BaseHttpServer: Starting Web-server for scm at: http://0.0.0.0:9876
datanode_5_1  | 2022-02-24 17:20:34,187 [89775797-9ced-41df-a11b-44eadcc686a1@group-98F68408667F-SegmentedRaftLogWorker] INFO segmented.SegmentedRaftLogWorker: 89775797-9ced-41df-a11b-44eadcc686a1@group-98F68408667F-SegmentedRaftLogWorker: created new log segment /data/metadata/ratis/9f5edaa0-cba2-4f8a-a4f5-98f68408667f/current/log_inprogress_0
datanode_6_1  | 2022-02-24 17:20:27,763 [pool-22-thread-1] INFO server.RaftServer$Division: 7352dd76-8426-4dce-9914-09fade4a0b67@group-94C07A80C33C: changes role from      null to FOLLOWER at term 0 for startAsFollower
datanode_1_1  | 2022-02-24 17:20:38,882 [761d1cc7-94b1-41a3-bc5d-ca2b2b4a7773@group-65B2C7D57D1A-LeaderElection2] INFO impl.LeaderElection:   Response 1: 761d1cc7-94b1-41a3-bc5d-ca2b2b4a7773<-89775797-9ced-41df-a11b-44eadcc686a1#0:FAIL-t3
scm_1         | 2022-02-24 17:20:11,792 [Listener at 0.0.0.0/9860] INFO http.BaseHttpServer: Hadoop Security Enabled: false Ozone Security Enabled: false Ozone HTTP Security Enabled: false 
datanode_5_1  | 2022-02-24 17:20:34,197 [89775797-9ced-41df-a11b-44eadcc686a1@group-98F68408667F-LeaderElection2] INFO server.RaftServer$Division: 89775797-9ced-41df-a11b-44eadcc686a1@group-98F68408667F: set configuration 0: [89775797-9ced-41df-a11b-44eadcc686a1|rpc:10.5.0.8:9856|admin:10.5.0.8:9857|client:10.5.0.8:9858|dataStream:|priority:1], old=null
datanode_6_1  | 2022-02-24 17:20:27,765 [pool-22-thread-1] INFO impl.RoleInfo: 7352dd76-8426-4dce-9914-09fade4a0b67: start 7352dd76-8426-4dce-9914-09fade4a0b67@group-94C07A80C33C-FollowerState
datanode_1_1  | 2022-02-24 17:20:38,882 [761d1cc7-94b1-41a3-bc5d-ca2b2b4a7773@group-65B2C7D57D1A-LeaderElection2] INFO impl.LeaderElection: 761d1cc7-94b1-41a3-bc5d-ca2b2b4a7773@group-65B2C7D57D1A-LeaderElection2 ELECTION round 0: result REJECTED
scm_1         | 2022-02-24 17:20:11,833 [Listener at 0.0.0.0/9860] INFO util.log: Logging initialized @5361ms to org.eclipse.jetty.util.log.Slf4jLog
datanode_5_1  | 2022-02-24 17:20:38,826 [grpc-default-executor-0] INFO server.RaftServer$Division: 89775797-9ced-41df-a11b-44eadcc686a1@group-65B2C7D57D1A: receive requestVote(ELECTION, 7352dd76-8426-4dce-9914-09fade4a0b67, group-65B2C7D57D1A, 3, (t:0, i:0))
datanode_6_1  | 2022-02-24 17:20:27,796 [pool-22-thread-1] INFO util.JmxRegister: Successfully registered JMX Bean with object name Ratis:service=RaftServer,group=group-94C07A80C33C,id=7352dd76-8426-4dce-9914-09fade4a0b67
datanode_1_1  | 2022-02-24 17:20:38,884 [761d1cc7-94b1-41a3-bc5d-ca2b2b4a7773@group-65B2C7D57D1A-LeaderElection2] INFO server.RaftServer$Division: 761d1cc7-94b1-41a3-bc5d-ca2b2b4a7773@group-65B2C7D57D1A: changes role from CANDIDATE to FOLLOWER at term 3 for REJECTED
datanode_1_1  | 2022-02-24 17:20:38,884 [761d1cc7-94b1-41a3-bc5d-ca2b2b4a7773@group-65B2C7D57D1A-LeaderElection2] INFO impl.RoleInfo: 761d1cc7-94b1-41a3-bc5d-ca2b2b4a7773: shutdown 761d1cc7-94b1-41a3-bc5d-ca2b2b4a7773@group-65B2C7D57D1A-LeaderElection2
datanode_5_1  | 2022-02-24 17:20:38,826 [grpc-default-executor-0] INFO impl.VoteContext: 89775797-9ced-41df-a11b-44eadcc686a1@group-65B2C7D57D1A-FOLLOWER: accept ELECTION from 7352dd76-8426-4dce-9914-09fade4a0b67: our priority 0 <= candidate's priority 0
datanode_6_1  | 2022-02-24 17:20:27,800 [Command processor thread] INFO ratis.XceiverServerRatis: Created group PipelineID=6ef6d247-5115-49d8-8693-94c07a80c33c
datanode_1_1  | 2022-02-24 17:20:38,884 [761d1cc7-94b1-41a3-bc5d-ca2b2b4a7773@group-65B2C7D57D1A-LeaderElection2] INFO impl.RoleInfo: 761d1cc7-94b1-41a3-bc5d-ca2b2b4a7773: start 761d1cc7-94b1-41a3-bc5d-ca2b2b4a7773@group-65B2C7D57D1A-FollowerState
scm_1         | 2022-02-24 17:20:12,055 [Listener at 0.0.0.0/9860] INFO server.AuthenticationFilter: Unable to initialize FileSignerSecretProvider, falling back to use random secrets.
datanode_5_1  | 2022-02-24 17:20:38,826 [grpc-default-executor-0] INFO server.RaftServer$Division: 89775797-9ced-41df-a11b-44eadcc686a1@group-65B2C7D57D1A: changes role from  FOLLOWER to FOLLOWER at term 3 for candidate:7352dd76-8426-4dce-9914-09fade4a0b67
datanode_6_1  | 2022-02-24 17:20:27,800 [Command processor thread] INFO commandhandler.CreatePipelineCommandHandler: Created Pipeline RATIS ONE PipelineID=6ef6d247-5115-49d8-8693-94c07a80c33c.
scm_1         | 2022-02-24 17:20:12,069 [Listener at 0.0.0.0/9860] INFO http.HttpRequestLog: Http request log for http.requests.scm is not defined
datanode_1_1  | 2022-02-24 17:20:43,917 [grpc-default-executor-0] INFO server.RaftServer$Division: 761d1cc7-94b1-41a3-bc5d-ca2b2b4a7773@group-65B2C7D57D1A: receive requestVote(ELECTION, 7352dd76-8426-4dce-9914-09fade4a0b67, group-65B2C7D57D1A, 4, (t:0, i:0))
datanode_5_1  | 2022-02-24 17:20:38,826 [grpc-default-executor-0] INFO impl.RoleInfo: 89775797-9ced-41df-a11b-44eadcc686a1: shutdown 89775797-9ced-41df-a11b-44eadcc686a1@group-65B2C7D57D1A-FollowerState
datanode_6_1  | 2022-02-24 17:20:28,479 [7352dd76-8426-4dce-9914-09fade4a0b67@group-65B2C7D57D1A-FollowerState] INFO impl.FollowerState: 7352dd76-8426-4dce-9914-09fade4a0b67@group-65B2C7D57D1A-FollowerState: change to CANDIDATE, lastRpcElapsedTime:5079192638ns, electionTimeout:5042ms
datanode_6_1  | 2022-02-24 17:20:28,481 [7352dd76-8426-4dce-9914-09fade4a0b67@group-65B2C7D57D1A-FollowerState] INFO impl.RoleInfo: 7352dd76-8426-4dce-9914-09fade4a0b67: shutdown 7352dd76-8426-4dce-9914-09fade4a0b67@group-65B2C7D57D1A-FollowerState
datanode_6_1  | 2022-02-24 17:20:28,482 [7352dd76-8426-4dce-9914-09fade4a0b67@group-65B2C7D57D1A-FollowerState] INFO server.RaftServer$Division: 7352dd76-8426-4dce-9914-09fade4a0b67@group-65B2C7D57D1A: changes role from  FOLLOWER to CANDIDATE at term 0 for changeToCandidate
datanode_6_1  | 2022-02-24 17:20:28,485 [7352dd76-8426-4dce-9914-09fade4a0b67@group-65B2C7D57D1A-FollowerState] INFO server.RaftServerConfigKeys: raft.server.leaderelection.pre-vote = false (custom)
datanode_6_1  | 2022-02-24 17:20:28,485 [7352dd76-8426-4dce-9914-09fade4a0b67@group-65B2C7D57D1A-FollowerState] INFO impl.RoleInfo: 7352dd76-8426-4dce-9914-09fade4a0b67: start 7352dd76-8426-4dce-9914-09fade4a0b67@group-65B2C7D57D1A-LeaderElection1
scm_1         | 2022-02-24 17:20:12,088 [Listener at 0.0.0.0/9860] INFO http.HttpServer2: Added global filter 'safety' (class=org.apache.hadoop.hdds.server.http.HttpServer2$QuotingInputFilter)
datanode_6_1  | 2022-02-24 17:20:28,497 [7352dd76-8426-4dce-9914-09fade4a0b67@group-65B2C7D57D1A-LeaderElection1] INFO impl.LeaderElection: 7352dd76-8426-4dce-9914-09fade4a0b67@group-65B2C7D57D1A-LeaderElection1 ELECTION round 0: submit vote requests at term 1 for -1: [7352dd76-8426-4dce-9914-09fade4a0b67|rpc:10.5.0.9:9856|admin:10.5.0.9:9857|client:10.5.0.9:9858|priority:0, 89775797-9ced-41df-a11b-44eadcc686a1|rpc:10.5.0.8:9856|admin:10.5.0.8:9857|client:10.5.0.8:9858|priority:0, 761d1cc7-94b1-41a3-bc5d-ca2b2b4a7773|rpc:10.5.0.4:9856|admin:10.5.0.4:9857|client:10.5.0.4:9858|priority:1], old=null
datanode_1_1  | 2022-02-24 17:20:43,918 [grpc-default-executor-0] INFO impl.VoteContext: 761d1cc7-94b1-41a3-bc5d-ca2b2b4a7773@group-65B2C7D57D1A-FOLLOWER: reject ELECTION from 7352dd76-8426-4dce-9914-09fade4a0b67: our priority 1 > candidate's priority 0
datanode_5_1  | 2022-02-24 17:20:38,826 [grpc-default-executor-0] INFO impl.RoleInfo: 89775797-9ced-41df-a11b-44eadcc686a1: start 89775797-9ced-41df-a11b-44eadcc686a1@group-65B2C7D57D1A-FollowerState
scm_1         | 2022-02-24 17:20:12,090 [Listener at 0.0.0.0/9860] INFO http.HttpServer2: Added filter static_user_filter (class=org.apache.hadoop.http.lib.StaticUserWebFilter$StaticUserFilter) to context scm
datanode_6_1  | 2022-02-24 17:20:28,577 [7352dd76-8426-4dce-9914-09fade4a0b67@group-65B2C7D57D1A-LeaderElection1] INFO impl.LeaderElection: 7352dd76-8426-4dce-9914-09fade4a0b67@group-65B2C7D57D1A-LeaderElection1: ELECTION REJECTED received 1 response(s) and 0 exception(s):
datanode_1_1  | 2022-02-24 17:20:43,918 [grpc-default-executor-0] INFO server.RaftServer$Division: 761d1cc7-94b1-41a3-bc5d-ca2b2b4a7773@group-65B2C7D57D1A: changes role from  FOLLOWER to FOLLOWER at term 4 for candidate:7352dd76-8426-4dce-9914-09fade4a0b67
datanode_5_1  | 2022-02-24 17:20:38,827 [89775797-9ced-41df-a11b-44eadcc686a1@group-65B2C7D57D1A-FollowerState] INFO impl.FollowerState: 89775797-9ced-41df-a11b-44eadcc686a1@group-65B2C7D57D1A-FollowerState was interrupted: {}
scm_1         | 2022-02-24 17:20:12,091 [Listener at 0.0.0.0/9860] INFO http.HttpServer2: Added filter static_user_filter (class=org.apache.hadoop.http.lib.StaticUserWebFilter$StaticUserFilter) to context logs
datanode_6_1  | 2022-02-24 17:20:28,580 [7352dd76-8426-4dce-9914-09fade4a0b67@group-65B2C7D57D1A-LeaderElection1] INFO impl.LeaderElection:   Response 0: 7352dd76-8426-4dce-9914-09fade4a0b67<-761d1cc7-94b1-41a3-bc5d-ca2b2b4a7773#0:FAIL-t1
datanode_1_1  | 2022-02-24 17:20:43,918 [grpc-default-executor-0] INFO impl.RoleInfo: 761d1cc7-94b1-41a3-bc5d-ca2b2b4a7773: shutdown 761d1cc7-94b1-41a3-bc5d-ca2b2b4a7773@group-65B2C7D57D1A-FollowerState
datanode_5_1  | java.lang.InterruptedException: sleep interrupted
scm_1         | 2022-02-24 17:20:12,091 [Listener at 0.0.0.0/9860] INFO http.HttpServer2: Added filter static_user_filter (class=org.apache.hadoop.http.lib.StaticUserWebFilter$StaticUserFilter) to context static
datanode_6_1  | 2022-02-24 17:20:28,580 [7352dd76-8426-4dce-9914-09fade4a0b67@group-65B2C7D57D1A-LeaderElection1] INFO impl.LeaderElection: 7352dd76-8426-4dce-9914-09fade4a0b67@group-65B2C7D57D1A-LeaderElection1 ELECTION round 0: result REJECTED
datanode_1_1  | 2022-02-24 17:20:43,918 [grpc-default-executor-0] INFO impl.RoleInfo: 761d1cc7-94b1-41a3-bc5d-ca2b2b4a7773: start 761d1cc7-94b1-41a3-bc5d-ca2b2b4a7773@group-65B2C7D57D1A-FollowerState
datanode_5_1  | 	at java.base/java.lang.Thread.sleep(Native Method)
scm_1         | 2022-02-24 17:20:12,151 [Listener at 0.0.0.0/9860] WARN http.BaseHttpServer: /prof java profiling servlet is activated. Not safe for production!
datanode_6_1  | 2022-02-24 17:20:28,581 [7352dd76-8426-4dce-9914-09fade4a0b67@group-65B2C7D57D1A-LeaderElection1] INFO server.RaftServer$Division: 7352dd76-8426-4dce-9914-09fade4a0b67@group-65B2C7D57D1A: changes role from CANDIDATE to FOLLOWER at term 1 for REJECTED
datanode_1_1  | 2022-02-24 17:20:43,918 [761d1cc7-94b1-41a3-bc5d-ca2b2b4a7773@group-65B2C7D57D1A-FollowerState] INFO impl.FollowerState: 761d1cc7-94b1-41a3-bc5d-ca2b2b4a7773@group-65B2C7D57D1A-FollowerState was interrupted: {}
datanode_5_1  | 	at java.base/java.lang.Thread.sleep(Thread.java:334)
scm_1         | 2022-02-24 17:20:12,155 [Listener at 0.0.0.0/9860] INFO http.HttpServer2: Jetty bound to port 9876
datanode_6_1  | 2022-02-24 17:20:28,604 [7352dd76-8426-4dce-9914-09fade4a0b67@group-65B2C7D57D1A-LeaderElection1] INFO impl.RoleInfo: 7352dd76-8426-4dce-9914-09fade4a0b67: shutdown 7352dd76-8426-4dce-9914-09fade4a0b67@group-65B2C7D57D1A-LeaderElection1
datanode_1_1  | java.lang.InterruptedException: sleep interrupted
datanode_5_1  | 	at java.base/java.util.concurrent.TimeUnit.sleep(TimeUnit.java:446)
scm_1         | 2022-02-24 17:20:12,156 [Listener at 0.0.0.0/9860] INFO server.Server: jetty-9.4.43.v20210629; built: 2021-06-30T11:07:22.254Z; git: 526006ecfa3af7f1a27ef3a288e2bef7ea9dd7e8; jvm 11.0.14+9-LTS
datanode_1_1  | 	at java.base/java.lang.Thread.sleep(Native Method)
datanode_6_1  | 2022-02-24 17:20:28,605 [7352dd76-8426-4dce-9914-09fade4a0b67@group-65B2C7D57D1A-LeaderElection1] INFO impl.RoleInfo: 7352dd76-8426-4dce-9914-09fade4a0b67: start 7352dd76-8426-4dce-9914-09fade4a0b67@group-65B2C7D57D1A-FollowerState
datanode_5_1  | 	at org.apache.ratis.util.TimeDuration.sleep(TimeDuration.java:324)
scm_1         | 2022-02-24 17:20:12,187 [Listener at 0.0.0.0/9860] INFO server.session: DefaultSessionIdManager workerName=node0
datanode_1_1  | 	at java.base/java.lang.Thread.sleep(Thread.java:334)
datanode_6_1  | 2022-02-24 17:20:29,637 [grpc-default-executor-0] INFO server.RaftServer$Division: 7352dd76-8426-4dce-9914-09fade4a0b67@group-DA9F4F810B80: receive requestVote(ELECTION, 5ebcc276-a843-46d0-b98a-0234d85d60d4, group-DA9F4F810B80, 1, (t:0, i:0))
datanode_5_1  | 	at org.apache.ratis.util.TimeDuration.sleep(TimeDuration.java:309)
scm_1         | 2022-02-24 17:20:12,187 [Listener at 0.0.0.0/9860] INFO server.session: No SessionScavenger set, using defaults
datanode_1_1  | 	at java.base/java.util.concurrent.TimeUnit.sleep(TimeUnit.java:446)
datanode_6_1  | 2022-02-24 17:20:29,642 [grpc-default-executor-0] INFO impl.VoteContext: 7352dd76-8426-4dce-9914-09fade4a0b67@group-DA9F4F810B80-FOLLOWER: accept ELECTION from 5ebcc276-a843-46d0-b98a-0234d85d60d4: our priority 0 <= candidate's priority 1
datanode_5_1  | 	at org.apache.ratis.server.impl.FollowerState.run(FollowerState.java:118)
scm_1         | 2022-02-24 17:20:12,188 [Listener at 0.0.0.0/9860] INFO server.session: node0 Scavenging every 660000ms
datanode_1_1  | 	at org.apache.ratis.util.TimeDuration.sleep(TimeDuration.java:324)
datanode_6_1  | 2022-02-24 17:20:29,642 [grpc-default-executor-0] INFO server.RaftServer$Division: 7352dd76-8426-4dce-9914-09fade4a0b67@group-DA9F4F810B80: changes role from  FOLLOWER to FOLLOWER at term 1 for candidate:5ebcc276-a843-46d0-b98a-0234d85d60d4
datanode_5_1  | 2022-02-24 17:20:38,830 [grpc-default-executor-0] INFO server.RaftServer$Division: 89775797-9ced-41df-a11b-44eadcc686a1@group-65B2C7D57D1A replies to ELECTION vote request: 7352dd76-8426-4dce-9914-09fade4a0b67<-89775797-9ced-41df-a11b-44eadcc686a1#0:OK-t3. Peer's state: 89775797-9ced-41df-a11b-44eadcc686a1@group-65B2C7D57D1A:t3, leader=null, voted=7352dd76-8426-4dce-9914-09fade4a0b67, raftlog=89775797-9ced-41df-a11b-44eadcc686a1@group-65B2C7D57D1A-SegmentedRaftLog:OPENED:c-1, conf=-1: [7352dd76-8426-4dce-9914-09fade4a0b67|rpc:10.5.0.9:9856|admin:10.5.0.9:9857|client:10.5.0.9:9858|dataStream:|priority:0, 89775797-9ced-41df-a11b-44eadcc686a1|rpc:10.5.0.8:9856|admin:10.5.0.8:9857|client:10.5.0.8:9858|dataStream:|priority:0, 761d1cc7-94b1-41a3-bc5d-ca2b2b4a7773|rpc:10.5.0.4:9856|admin:10.5.0.4:9857|client:10.5.0.4:9858|dataStream:|priority:1], old=null
scm_1         | 2022-02-24 17:20:12,206 [Listener at 0.0.0.0/9860] INFO handler.ContextHandler: Started o.e.j.s.ServletContextHandler@79e28671{logs,/logs,file:///var/log/hadoop/,AVAILABLE}
datanode_1_1  | 	at org.apache.ratis.util.TimeDuration.sleep(TimeDuration.java:309)
datanode_6_1  | 2022-02-24 17:20:29,643 [grpc-default-executor-0] INFO impl.RoleInfo: 7352dd76-8426-4dce-9914-09fade4a0b67: shutdown 7352dd76-8426-4dce-9914-09fade4a0b67@group-DA9F4F810B80-FollowerState
datanode_5_1  | 2022-02-24 17:20:38,870 [grpc-default-executor-0] INFO server.RaftServer$Division: 89775797-9ced-41df-a11b-44eadcc686a1@group-65B2C7D57D1A: receive requestVote(ELECTION, 761d1cc7-94b1-41a3-bc5d-ca2b2b4a7773, group-65B2C7D57D1A, 3, (t:0, i:0))
