scm_1         | 2022-02-24 17:20:09,121 [main] INFO grpc.GrpcConfigKeys: raft.grpc.server.port = 9894 (custom)
om_1          | 2022-02-24 17:20:36,464 [pool-23-thread-1] INFO server.RaftServerConfigKeys: raft.server.log.segment.size.max = 4194304 (custom)
om_1          | 2022-02-24 17:20:36,465 [pool-23-thread-1] INFO server.RaftServerConfigKeys: raft.server.log.preallocated.size = 4194304 (custom)
datanode_4_1  | 2022-02-24 17:20:28,761 [pool-22-thread-1] INFO server.RaftServer$Division: bc649af7-aca7-49ff-9e2a-da4abb50ca51@group-DA9F4F810B80: changes role from      null to FOLLOWER at term 0 for startAsFollower
datanode_1_1  | 2022-02-24 17:20:27,447 [pool-22-thread-1] INFO server.RaftServerConfigKeys: raft.server.rpc.timeout.max = 5200ms (custom)
datanode_6_1  | 2022-02-24 17:20:22,482 [pool-22-thread-1] INFO server.RaftServerConfigKeys: raft.server.log.preallocated.size = 16384 (custom)
datanode_3_1  | 2022-02-24 17:20:29,785 [5ebcc276-a843-46d0-b98a-0234d85d60d4@group-DA9F4F810B80-LeaderElection1] INFO server.RaftServerConfigKeys: raft.server.watch.element-limit = 65536 (default)
om_1          | 2022-02-24 17:20:36,465 [pool-23-thread-1] INFO server.RaftServerConfigKeys: raft.server.log.force.sync.num = 128 (default)
datanode_5_1  | 2022-02-24 17:20:27,157 [89775797-9ced-41df-a11b-44eadcc686a1@group-85C8455FAEDA-LeaderElection1] INFO server.RaftServerConfigKeys: raft.server.log.appender.buffer.element-limit = 1 (custom)
scm_1         | 2022-02-24 17:20:09,122 [main] INFO server.GrpcService: raft.grpc.message.size.max = 32m (=33554432) (custom)
datanode_4_1  | 2022-02-24 17:20:28,763 [pool-22-thread-1] INFO impl.RoleInfo: bc649af7-aca7-49ff-9e2a-da4abb50ca51: start bc649af7-aca7-49ff-9e2a-da4abb50ca51@group-DA9F4F810B80-FollowerState
datanode_1_1  | 2022-02-24 17:20:27,447 [pool-22-thread-1] INFO server.RaftServerConfigKeys: raft.server.rpc.sleep.time = 25ms (default)
datanode_6_1  | 2022-02-24 17:20:22,487 [pool-22-thread-1] INFO server.RaftServerConfigKeys: raft.server.log.force.sync.num = 128 (default)
datanode_3_1  | 2022-02-24 17:20:29,797 [5ebcc276-a843-46d0-b98a-0234d85d60d4@group-DA9F4F810B80-LeaderElection1] INFO server.RaftServerConfigKeys: raft.server.write.element-limit = 1024 (custom)
om_1          | 2022-02-24 17:20:36,466 [pool-23-thread-1] INFO server.RaftServerConfigKeys: raft.server.log.statemachine.data.sync = true (default)
datanode_5_1  | 2022-02-24 17:20:27,160 [89775797-9ced-41df-a11b-44eadcc686a1@group-85C8455FAEDA-LeaderElection1] INFO grpc.GrpcConfigKeys: raft.grpc.server.leader.outstanding.appends.max = 128 (default)
scm_1         | 2022-02-24 17:20:09,123 [main] INFO server.RaftServerConfigKeys: raft.server.log.appender.buffer.byte-limit = 33554432 (custom)
datanode_4_1  | 2022-02-24 17:20:28,787 [pool-22-thread-1] INFO util.JmxRegister: Successfully registered JMX Bean with object name Ratis:service=RaftServer,group=group-DA9F4F810B80,id=bc649af7-aca7-49ff-9e2a-da4abb50ca51
datanode_1_1  | 2022-02-24 17:20:27,447 [pool-22-thread-1] INFO server.RaftServerConfigKeys: raft.server.rpc.slowness.timeout = 300s (custom)
datanode_3_1  | 2022-02-24 17:20:29,811 [5ebcc276-a843-46d0-b98a-0234d85d60d4@group-DA9F4F810B80-LeaderElection1] INFO server.RaftServerConfigKeys: raft.server.write.follower.gap.ratio.max = -1.0 (default)
datanode_3_1  | 2022-02-24 17:20:29,831 [5ebcc276-a843-46d0-b98a-0234d85d60d4@group-DA9F4F810B80-LeaderElection1] INFO server.RaftServerConfigKeys: raft.server.log.appender.snapshot.chunk.size.max = 16MB (=16777216) (default)
datanode_5_1  | 2022-02-24 17:20:27,168 [89775797-9ced-41df-a11b-44eadcc686a1@group-85C8455FAEDA-LeaderElection1] INFO server.RaftServerConfigKeys: raft.server.rpc.request.timeout = 60s (custom)
scm_1         | 2022-02-24 17:20:09,124 [main] INFO server.GrpcService: raft.grpc.flow.control.window = 1MB (=1048576) (default)
datanode_4_1  | 2022-02-24 17:20:28,837 [pool-22-thread-1] INFO server.RaftServer$Division: bc649af7-aca7-49ff-9e2a-da4abb50ca51@group-85C8455FAEDA: start as a follower, conf=-1: [89775797-9ced-41df-a11b-44eadcc686a1|rpc:10.5.0.8:9856|admin:10.5.0.8:9857|client:10.5.0.8:9858|dataStream:|priority:1, bc649af7-aca7-49ff-9e2a-da4abb50ca51|rpc:10.5.0.7:9856|admin:10.5.0.7:9857|client:10.5.0.7:9858|dataStream:|priority:0, 761d1cc7-94b1-41a3-bc5d-ca2b2b4a7773|rpc:10.5.0.4:9856|admin:10.5.0.4:9857|client:10.5.0.4:9858|dataStream:|priority:0], old=null
datanode_6_1  | 2022-02-24 17:20:22,497 [pool-22-thread-1] INFO server.RaftServerConfigKeys: raft.server.log.statemachine.data.sync = true (default)
datanode_1_1  | 2022-02-24 17:20:27,447 [pool-22-thread-1] INFO server.RaftServerConfigKeys: raft.server.leaderelection.leader.step-down.wait-time = 10s (default)
datanode_3_1  | 2022-02-24 17:20:29,843 [5ebcc276-a843-46d0-b98a-0234d85d60d4@group-DA9F4F810B80-LeaderElection1] INFO server.RaftServerConfigKeys: raft.server.log.appender.buffer.byte-limit = 33554432 (custom)
om_1          | 2022-02-24 17:20:36,467 [pool-23-thread-1] INFO server.RaftServerConfigKeys: raft.server.log.statemachine.data.sync.timeout = 10s (default)
datanode_5_1  | 2022-02-24 17:20:27,168 [89775797-9ced-41df-a11b-44eadcc686a1@group-85C8455FAEDA-LeaderElection1] INFO server.RaftServerConfigKeys: raft.server.log.appender.install.snapshot.enabled = false (custom)
scm_1         | 2022-02-24 17:20:09,124 [main] INFO server.RaftServerConfigKeys: raft.server.rpc.request.timeout = 30000ms (custom)
datanode_4_1  | 2022-02-24 17:20:28,838 [pool-22-thread-1] INFO server.RaftServer$Division: bc649af7-aca7-49ff-9e2a-da4abb50ca51@group-85C8455FAEDA: changes role from      null to FOLLOWER at term 0 for startAsFollower
datanode_6_1  | 2022-02-24 17:20:22,499 [pool-22-thread-1] INFO server.RaftServerConfigKeys: raft.server.log.statemachine.data.sync.timeout = 10s (default)
datanode_1_1  | 2022-02-24 17:20:27,447 [pool-22-thread-1] INFO server.RaftServerConfigKeys: raft.server.sleep.deviation.threshold = 300ms (default)
om_1          | 2022-02-24 17:20:36,467 [pool-23-thread-1] INFO server.RaftServerConfigKeys: raft.server.log.statemachine.data.sync.timeout.retry = -1 (default)
datanode_5_1  | 2022-02-24 17:20:27,199 [89775797-9ced-41df-a11b-44eadcc686a1@group-85C8455FAEDA-LeaderElection1] INFO server.RaftServerConfigKeys: raft.server.log.appender.snapshot.chunk.size.max = 16MB (=16777216) (default)
datanode_4_1  | 2022-02-24 17:20:28,838 [pool-22-thread-1] INFO impl.RoleInfo: bc649af7-aca7-49ff-9e2a-da4abb50ca51: start bc649af7-aca7-49ff-9e2a-da4abb50ca51@group-85C8455FAEDA-FollowerState
datanode_4_1  | 2022-02-24 17:20:28,838 [pool-22-thread-1] INFO util.JmxRegister: Successfully registered JMX Bean with object name Ratis:service=RaftServer,group=group-85C8455FAEDA,id=bc649af7-aca7-49ff-9e2a-da4abb50ca51
scm_1         | 2022-02-24 17:20:09,356 [main] INFO impl.DataStreamServerImpl: raft.datastream.type = DISABLED (default)
datanode_3_1  | 2022-02-24 17:20:29,843 [5ebcc276-a843-46d0-b98a-0234d85d60d4@group-DA9F4F810B80-LeaderElection1] INFO server.RaftServerConfigKeys: raft.server.log.appender.buffer.element-limit = 1 (custom)
datanode_5_1  | 2022-02-24 17:20:27,200 [89775797-9ced-41df-a11b-44eadcc686a1@group-85C8455FAEDA-LeaderElection1] INFO server.RaftServerConfigKeys: raft.server.log.appender.buffer.byte-limit = 33554432 (custom)
om_1          | 2022-02-24 17:20:36,475 [pool-23-thread-1] INFO server.RaftServerConfigKeys: raft.server.log.write.buffer.size = 64KB (=65536) (default)
datanode_4_1  | 2022-02-24 17:20:29,601 [grpc-default-executor-2] INFO server.RaftServer$Division: bc649af7-aca7-49ff-9e2a-da4abb50ca51@group-DA9F4F810B80: receive requestVote(ELECTION, 5ebcc276-a843-46d0-b98a-0234d85d60d4, group-DA9F4F810B80, 1, (t:0, i:0))
datanode_6_1  | 2022-02-24 17:20:22,499 [pool-22-thread-1] INFO server.RaftServerConfigKeys: raft.server.log.statemachine.data.sync.timeout.retry = -1 (default)
datanode_1_1  | 2022-02-24 17:20:27,447 [pool-22-thread-1] INFO server.RaftServerConfigKeys: raft.server.log.appender.install.snapshot.enabled = false (custom)
scm_1         | 2022-02-24 17:20:09,357 [main] INFO server.RaftServerConfigKeys: raft.server.rpc.slowness.timeout = 120000ms (custom)
datanode_3_1  | 2022-02-24 17:20:29,848 [5ebcc276-a843-46d0-b98a-0234d85d60d4@group-DA9F4F810B80-LeaderElection1] INFO grpc.GrpcConfigKeys: raft.grpc.server.leader.outstanding.appends.max = 128 (default)
datanode_5_1  | 2022-02-24 17:20:27,206 [89775797-9ced-41df-a11b-44eadcc686a1@group-85C8455FAEDA-LeaderElection1] INFO server.RaftServerConfigKeys: raft.server.log.appender.buffer.element-limit = 1 (custom)
datanode_4_1  | 2022-02-24 17:20:29,603 [grpc-default-executor-2] INFO impl.VoteContext: bc649af7-aca7-49ff-9e2a-da4abb50ca51@group-DA9F4F810B80-FOLLOWER: accept ELECTION from 5ebcc276-a843-46d0-b98a-0234d85d60d4: our priority 0 <= candidate's priority 1
om_1          | 2022-02-24 17:20:36,483 [pool-23-thread-1] INFO server.RaftServerConfigKeys: raft.server.log.statemachine.data.caching.enabled = false (default)
datanode_6_1  | 2022-02-24 17:20:22,568 [pool-22-thread-1] INFO server.RaftServerConfigKeys: raft.server.log.write.buffer.size = 1048576 (custom)
datanode_1_1  | 2022-02-24 17:20:27,447 [pool-22-thread-1] INFO server.RaftServer$Division: 761d1cc7-94b1-41a3-bc5d-ca2b2b4a7773@group-2C0C781E8236: ConfigurationManager, init=-1: [761d1cc7-94b1-41a3-bc5d-ca2b2b4a7773|rpc:10.5.0.4:9856|admin:10.5.0.4:9857|client:10.5.0.4:9858|priority:1], old=null, confs=<EMPTY_MAP>
scm_1         | 2022-02-24 17:20:09,358 [main] INFO server.RaftServerConfigKeys: raft.server.leaderelection.leader.step-down.wait-time = 10s (default)
scm_1         | 2022-02-24 17:20:09,367 [main] INFO server.RaftServerConfigKeys: raft.server.storage.dir = [/data/metadata/scm-ha] (custom)
datanode_5_1  | 2022-02-24 17:20:27,207 [89775797-9ced-41df-a11b-44eadcc686a1@group-85C8455FAEDA-LeaderElection1] INFO grpc.GrpcConfigKeys: raft.grpc.server.leader.outstanding.appends.max = 128 (default)
datanode_4_1  | 2022-02-24 17:20:29,604 [grpc-default-executor-2] INFO server.RaftServer$Division: bc649af7-aca7-49ff-9e2a-da4abb50ca51@group-DA9F4F810B80: changes role from  FOLLOWER to FOLLOWER at term 1 for candidate:5ebcc276-a843-46d0-b98a-0234d85d60d4
om_1          | 2022-02-24 17:20:36,504 [pool-23-thread-1] INFO segmented.SegmentedRaftLogWorker: om1@group-C5BA1605619E-SegmentedRaftLogWorker: flushIndex: setUnconditionally 0 -> -1
datanode_6_1  | 2022-02-24 17:20:22,594 [pool-22-thread-1] INFO server.RaftServerConfigKeys: raft.server.log.statemachine.data.caching.enabled = true (custom)
scm_1         | 2022-02-24 17:20:09,370 [main] INFO server.RaftServer: b31713c7-bd15-431c-88d3-f102f3b1600e: found a subdirectory /data/metadata/scm-ha/61114888-6953-4c0b-a689-508d2f1d2f5e
datanode_3_1  | 2022-02-24 17:20:29,853 [5ebcc276-a843-46d0-b98a-0234d85d60d4@group-DA9F4F810B80-LeaderElection1] INFO server.RaftServerConfigKeys: raft.server.rpc.request.timeout = 60s (custom)
datanode_1_1  | 2022-02-24 17:20:27,447 [pool-22-thread-1] INFO server.RaftServerConfigKeys: raft.server.storage.dir = [/data/metadata/ratis] (custom)
datanode_5_1  | 2022-02-24 17:20:27,213 [89775797-9ced-41df-a11b-44eadcc686a1@group-85C8455FAEDA-LeaderElection1] INFO server.RaftServerConfigKeys: raft.server.rpc.request.timeout = 60s (custom)
datanode_4_1  | 2022-02-24 17:20:29,604 [grpc-default-executor-2] INFO impl.RoleInfo: bc649af7-aca7-49ff-9e2a-da4abb50ca51: shutdown bc649af7-aca7-49ff-9e2a-da4abb50ca51@group-DA9F4F810B80-FollowerState
om_1          | 2022-02-24 17:20:36,504 [pool-23-thread-1] INFO segmented.SegmentedRaftLogWorker: om1@group-C5BA1605619E-SegmentedRaftLogWorker: safeCacheEvictIndex: setUnconditionally 0 -> -1
datanode_6_1  | 2022-02-24 17:20:22,665 [pool-22-thread-1] INFO segmented.SegmentedRaftLogWorker: 7352dd76-8426-4dce-9914-09fade4a0b67@group-65B2C7D57D1A-SegmentedRaftLogWorker: flushIndex: setUnconditionally 0 -> -1
scm_1         | 2022-02-24 17:20:09,375 [main] INFO server.RaftServer: b31713c7-bd15-431c-88d3-f102f3b1600e: addNew group-508D2F1D2F5E:[] returns group-508D2F1D2F5E:java.util.concurrent.CompletableFuture@3b35798[Not completed]
datanode_3_1  | 2022-02-24 17:20:29,855 [5ebcc276-a843-46d0-b98a-0234d85d60d4@group-DA9F4F810B80-LeaderElection1] INFO server.RaftServerConfigKeys: raft.server.log.appender.install.snapshot.enabled = false (custom)
datanode_1_1  | 2022-02-24 17:20:27,447 [pool-22-thread-1] INFO server.RaftServerConfigKeys: raft.server.log.corruption.policy = EXCEPTION (default)
datanode_5_1  | 2022-02-24 17:20:27,218 [89775797-9ced-41df-a11b-44eadcc686a1@group-85C8455FAEDA-LeaderElection1] INFO server.RaftServerConfigKeys: raft.server.log.appender.install.snapshot.enabled = false (custom)
datanode_4_1  | 2022-02-24 17:20:29,605 [bc649af7-aca7-49ff-9e2a-da4abb50ca51@group-DA9F4F810B80-FollowerState] INFO impl.FollowerState: bc649af7-aca7-49ff-9e2a-da4abb50ca51@group-DA9F4F810B80-FollowerState was interrupted: {}
om_1          | 2022-02-24 17:20:36,511 [pool-23-thread-1] INFO server.RaftServerConfigKeys: raft.server.snapshot.auto.trigger.enabled = true (custom)
datanode_6_1  | 2022-02-24 17:20:22,665 [pool-22-thread-1] INFO segmented.SegmentedRaftLogWorker: 7352dd76-8426-4dce-9914-09fade4a0b67@group-65B2C7D57D1A-SegmentedRaftLogWorker: safeCacheEvictIndex: setUnconditionally 0 -> -1
scm_1         | 2022-02-24 17:20:09,394 [pool-14-thread-1] INFO server.RaftServer$Division: b31713c7-bd15-431c-88d3-f102f3b1600e: new RaftServerImpl for group-508D2F1D2F5E:[] with SCMStateMachine:uninitialized
datanode_3_1  | 2022-02-24 17:20:29,862 [5ebcc276-a843-46d0-b98a-0234d85d60d4@group-DA9F4F810B80-LeaderElection1] INFO server.RaftServerConfigKeys: raft.server.log.appender.snapshot.chunk.size.max = 16MB (=16777216) (default)
datanode_1_1  | 2022-02-24 17:20:27,447 [pool-22-thread-1] INFO server.RaftServerConfigKeys: raft.server.storage.free-space.min = 0MB (=0) (default)
datanode_5_1  | 2022-02-24 17:20:27,224 [89775797-9ced-41df-a11b-44eadcc686a1@group-85C8455FAEDA-LeaderElection1] INFO impl.RoleInfo: 89775797-9ced-41df-a11b-44eadcc686a1: start 89775797-9ced-41df-a11b-44eadcc686a1@group-85C8455FAEDA-LeaderStateImpl
datanode_4_1  | java.lang.InterruptedException: sleep interrupted
om_1          | 2022-02-24 17:20:36,511 [pool-23-thread-1] INFO server.RaftServerConfigKeys: raft.server.snapshot.auto.trigger.threshold = 400000 (default)
datanode_6_1  | 2022-02-24 17:20:22,756 [pool-22-thread-1] INFO server.RaftServerConfigKeys: raft.server.snapshot.auto.trigger.enabled = true (custom)
scm_1         | 2022-02-24 17:20:09,396 [pool-14-thread-1] INFO server.RaftServerConfigKeys: raft.server.rpc.timeout.min = 5000ms (custom)
datanode_3_1  | 2022-02-24 17:20:29,865 [5ebcc276-a843-46d0-b98a-0234d85d60d4@group-DA9F4F810B80-LeaderElection1] INFO server.RaftServerConfigKeys: raft.server.log.appender.buffer.byte-limit = 33554432 (custom)
datanode_1_1  | 2022-02-24 17:20:27,447 [pool-22-thread-1] INFO storage.RaftStorageDirectory: The storage directory /data/metadata/ratis/7ea765f2-4604-45df-bd4d-2c0c781e8236 does not exist. Creating ...
datanode_5_1  | 2022-02-24 17:20:27,306 [89775797-9ced-41df-a11b-44eadcc686a1@group-85C8455FAEDA-LeaderElection1] INFO segmented.SegmentedRaftLogWorker: 89775797-9ced-41df-a11b-44eadcc686a1@group-85C8455FAEDA-SegmentedRaftLogWorker: Starting segment from index:0
datanode_4_1  | 	at java.base/java.lang.Thread.sleep(Native Method)
om_1          | 2022-02-24 17:20:36,511 [pool-23-thread-1] INFO server.RaftServerConfigKeys: raft.server.snapshot.retention.file.num = -1 (default)
datanode_6_1  | 2022-02-24 17:20:22,757 [pool-22-thread-1] INFO server.RaftServerConfigKeys: raft.server.snapshot.auto.trigger.threshold = 10000 (custom)
scm_1         | 2022-02-24 17:20:09,396 [pool-14-thread-1] INFO server.RaftServerConfigKeys: raft.server.rpc.timeout.max = 5200ms (custom)
datanode_3_1  | 2022-02-24 17:20:29,865 [5ebcc276-a843-46d0-b98a-0234d85d60d4@group-DA9F4F810B80-LeaderElection1] INFO server.RaftServerConfigKeys: raft.server.log.appender.buffer.element-limit = 1 (custom)
datanode_1_1  | 2022-02-24 17:20:27,449 [pool-22-thread-1] INFO storage.RaftStorageDirectory: Lock on /data/metadata/ratis/7ea765f2-4604-45df-bd4d-2c0c781e8236/in_use.lock acquired by nodename 7@a80436912efd
datanode_5_1  | 2022-02-24 17:20:27,624 [89775797-9ced-41df-a11b-44eadcc686a1@group-85C8455FAEDA-LeaderElection1] INFO server.RaftServer$Division: 89775797-9ced-41df-a11b-44eadcc686a1@group-85C8455FAEDA: set configuration 0: [89775797-9ced-41df-a11b-44eadcc686a1|rpc:10.5.0.8:9856|admin:10.5.0.8:9857|client:10.5.0.8:9858|dataStream:|priority:1, bc649af7-aca7-49ff-9e2a-da4abb50ca51|rpc:10.5.0.7:9856|admin:10.5.0.7:9857|client:10.5.0.7:9858|dataStream:|priority:0, 761d1cc7-94b1-41a3-bc5d-ca2b2b4a7773|rpc:10.5.0.4:9856|admin:10.5.0.4:9857|client:10.5.0.4:9858|dataStream:|priority:0], old=null
datanode_4_1  | 	at java.base/java.lang.Thread.sleep(Thread.java:334)
om_1          | 2022-02-24 17:20:36,512 [pool-23-thread-1] INFO server.RaftServerConfigKeys: raft.server.log.purge.upto.snapshot.index = true (custom)
datanode_6_1  | 2022-02-24 17:20:22,764 [pool-22-thread-1] INFO server.RaftServerConfigKeys: raft.server.snapshot.retention.file.num = 5 (custom)
scm_1         | 2022-02-24 17:20:09,396 [pool-14-thread-1] INFO server.RaftServerConfigKeys: raft.server.rpc.sleep.time = 25ms (default)
datanode_3_1  | 2022-02-24 17:20:29,866 [5ebcc276-a843-46d0-b98a-0234d85d60d4@group-DA9F4F810B80-LeaderElection1] INFO grpc.GrpcConfigKeys: raft.grpc.server.leader.outstanding.appends.max = 128 (default)
datanode_1_1  | 2022-02-24 17:20:27,450 [pool-22-thread-1] INFO storage.RaftStorage: Storage directory /data/metadata/ratis/7ea765f2-4604-45df-bd4d-2c0c781e8236 has been successfully formatted.
datanode_5_1  | 2022-02-24 17:20:27,895 [89775797-9ced-41df-a11b-44eadcc686a1@group-85C8455FAEDA-SegmentedRaftLogWorker] INFO segmented.SegmentedRaftLogWorker: 89775797-9ced-41df-a11b-44eadcc686a1@group-85C8455FAEDA-SegmentedRaftLogWorker: created new log segment /data/metadata/ratis/d35ae5c3-8dde-4307-81af-85c8455faeda/current/log_inprogress_0
datanode_4_1  | 	at java.base/java.util.concurrent.TimeUnit.sleep(TimeUnit.java:446)
om_1          | 2022-02-24 17:20:36,513 [pool-23-thread-1] INFO server.RaftServerConfigKeys: raft.server.retrycache.expirytime = 300s (custom)
datanode_6_1  | 2022-02-24 17:20:22,766 [pool-22-thread-1] INFO server.RaftServerConfigKeys: raft.server.log.purge.upto.snapshot.index = false (default)
scm_1         | 2022-02-24 17:20:09,396 [pool-14-thread-1] INFO server.RaftServerConfigKeys: raft.server.rpc.slowness.timeout = 120000ms (custom)
datanode_3_1  | 2022-02-24 17:20:29,867 [5ebcc276-a843-46d0-b98a-0234d85d60d4@group-DA9F4F810B80-LeaderElection1] INFO server.RaftServerConfigKeys: raft.server.rpc.request.timeout = 60s (custom)
datanode_1_1  | 2022-02-24 17:20:27,451 [pool-22-thread-1] INFO ratis.ContainerStateMachine: group-2C0C781E8236: The snapshot info is null. Setting the last applied indexto:(t:0, i:~)
datanode_5_1  | 2022-02-24 17:20:28,572 [grpc-default-executor-0] INFO server.RaftServer$Division: 89775797-9ced-41df-a11b-44eadcc686a1@group-65B2C7D57D1A: receive requestVote(ELECTION, 7352dd76-8426-4dce-9914-09fade4a0b67, group-65B2C7D57D1A, 1, (t:0, i:0))
datanode_4_1  | 	at org.apache.ratis.util.TimeDuration.sleep(TimeDuration.java:324)
om_1          | 2022-02-24 17:20:36,513 [pool-23-thread-1] INFO server.RaftServerConfigKeys: raft.server.retrycache.statistics.expirytime = 100?s (default)
datanode_6_1  | 2022-02-24 17:20:22,799 [pool-22-thread-1] INFO server.RaftServerConfigKeys: raft.server.retrycache.expirytime = 600000ms (custom)
scm_1         | 2022-02-24 17:20:09,397 [pool-14-thread-1] INFO server.RaftServerConfigKeys: raft.server.leaderelection.leader.step-down.wait-time = 10s (default)
datanode_3_1  | 2022-02-24 17:20:29,867 [5ebcc276-a843-46d0-b98a-0234d85d60d4@group-DA9F4F810B80-LeaderElection1] INFO server.RaftServerConfigKeys: raft.server.log.appender.install.snapshot.enabled = false (custom)
datanode_1_1  | 2022-02-24 17:20:27,451 [pool-22-thread-1] INFO server.RaftServerConfigKeys: raft.server.notification.no-leader.timeout = 300s (custom)
datanode_5_1  | 2022-02-24 17:20:28,574 [grpc-default-executor-0] INFO impl.VoteContext: 89775797-9ced-41df-a11b-44eadcc686a1@group-65B2C7D57D1A-FOLLOWER: accept ELECTION from 7352dd76-8426-4dce-9914-09fade4a0b67: our priority 0 <= candidate's priority 0
datanode_4_1  | 	at org.apache.ratis.util.TimeDuration.sleep(TimeDuration.java:309)
om_1          | 2022-02-24 17:20:36,804 [Listener at om/9862] INFO impl.MetricsConfig: Loaded properties from hadoop-metrics2.properties
datanode_6_1  | 2022-02-24 17:20:22,799 [pool-22-thread-1] INFO server.RaftServerConfigKeys: raft.server.retrycache.statistics.expirytime = 100?s (default)
scm_1         | 2022-02-24 17:20:09,397 [pool-14-thread-1] INFO server.RaftServerConfigKeys: raft.server.sleep.deviation.threshold = 300ms (default)
datanode_3_1  | 2022-02-24 17:20:29,869 [5ebcc276-a843-46d0-b98a-0234d85d60d4@group-DA9F4F810B80-LeaderElection1] INFO impl.RoleInfo: 5ebcc276-a843-46d0-b98a-0234d85d60d4: start 5ebcc276-a843-46d0-b98a-0234d85d60d4@group-DA9F4F810B80-LeaderStateImpl
datanode_1_1  | 2022-02-24 17:20:27,451 [pool-22-thread-1] INFO server.RaftServerConfigKeys: raft.server.log.use.memory = false (default)
datanode_5_1  | 2022-02-24 17:20:28,574 [grpc-default-executor-0] INFO server.RaftServer$Division: 89775797-9ced-41df-a11b-44eadcc686a1@group-65B2C7D57D1A: changes role from  FOLLOWER to FOLLOWER at term 1 for candidate:7352dd76-8426-4dce-9914-09fade4a0b67
datanode_4_1  | 	at org.apache.ratis.server.impl.FollowerState.run(FollowerState.java:118)
om_1          | 2022-02-24 17:20:36,851 [Listener at om/9862] INFO impl.MetricsSystemImpl: Scheduled Metric snapshot period at 10 second(s).
datanode_6_1  | 2022-02-24 17:20:23,389 [pool-22-thread-1] INFO server.RaftServer$Division: 7352dd76-8426-4dce-9914-09fade4a0b67@group-65B2C7D57D1A: start as a follower, conf=-1: [7352dd76-8426-4dce-9914-09fade4a0b67|rpc:10.5.0.9:9856|admin:10.5.0.9:9857|client:10.5.0.9:9858|priority:0, 89775797-9ced-41df-a11b-44eadcc686a1|rpc:10.5.0.8:9856|admin:10.5.0.8:9857|client:10.5.0.8:9858|priority:0, 761d1cc7-94b1-41a3-bc5d-ca2b2b4a7773|rpc:10.5.0.4:9856|admin:10.5.0.4:9857|client:10.5.0.4:9858|priority:1], old=null
scm_1         | 2022-02-24 17:20:09,397 [pool-14-thread-1] INFO server.RaftServerConfigKeys: raft.server.log.appender.install.snapshot.enabled = false (custom)
datanode_3_1  | 2022-02-24 17:20:29,896 [5ebcc276-a843-46d0-b98a-0234d85d60d4@group-DA9F4F810B80-LeaderElection1] INFO segmented.SegmentedRaftLogWorker: 5ebcc276-a843-46d0-b98a-0234d85d60d4@group-DA9F4F810B80-SegmentedRaftLogWorker: Starting segment from index:0
datanode_1_1  | 2022-02-24 17:20:27,451 [pool-22-thread-1] INFO server.RaftServerConfigKeys: raft.server.log.purge.gap = 1000000 (custom)
datanode_1_1  | 2022-02-24 17:20:27,452 [pool-22-thread-1] INFO server.RaftServerConfigKeys: raft.server.log.appender.buffer.byte-limit = 33554432 (custom)
datanode_4_1  | 2022-02-24 17:20:29,606 [grpc-default-executor-2] INFO impl.RoleInfo: bc649af7-aca7-49ff-9e2a-da4abb50ca51: start bc649af7-aca7-49ff-9e2a-da4abb50ca51@group-DA9F4F810B80-FollowerState
om_1          | 2022-02-24 17:20:36,851 [Listener at om/9862] INFO impl.MetricsSystemImpl: OzoneManager metrics system started
om_1          | 2022-02-24 17:20:36,975 [Listener at om/9862] INFO om.OzoneManager: OzoneManager RPC server is listening at om/10.5.0.70:9862
scm_1         | 2022-02-24 17:20:09,402 [pool-14-thread-1] INFO server.RaftServer$Division: b31713c7-bd15-431c-88d3-f102f3b1600e@group-508D2F1D2F5E: ConfigurationManager, init=-1: [], old=null, confs=<EMPTY_MAP>
datanode_3_1  | 2022-02-24 17:20:29,970 [5ebcc276-a843-46d0-b98a-0234d85d60d4@group-DA9F4F810B80-LeaderElection1] INFO server.RaftServer$Division: 5ebcc276-a843-46d0-b98a-0234d85d60d4@group-DA9F4F810B80: set configuration 0: [7352dd76-8426-4dce-9914-09fade4a0b67|rpc:10.5.0.9:9856|admin:10.5.0.9:9857|client:10.5.0.9:9858|dataStream:|priority:0, bc649af7-aca7-49ff-9e2a-da4abb50ca51|rpc:10.5.0.7:9856|admin:10.5.0.7:9857|client:10.5.0.7:9858|dataStream:|priority:0, 5ebcc276-a843-46d0-b98a-0234d85d60d4|rpc:10.5.0.6:9856|admin:10.5.0.6:9857|client:10.5.0.6:9858|dataStream:|priority:1], old=null
datanode_1_1  | 2022-02-24 17:20:27,467 [pool-22-thread-1] INFO server.RaftServerConfigKeys: raft.server.log.segment.size.max = 1048576 (custom)
datanode_5_1  | 2022-02-24 17:20:28,574 [grpc-default-executor-0] INFO impl.RoleInfo: 89775797-9ced-41df-a11b-44eadcc686a1: shutdown 89775797-9ced-41df-a11b-44eadcc686a1@group-65B2C7D57D1A-FollowerState
datanode_4_1  | 2022-02-24 17:20:29,612 [grpc-default-executor-2] INFO server.RaftServer$Division: bc649af7-aca7-49ff-9e2a-da4abb50ca51@group-DA9F4F810B80 replies to ELECTION vote request: 5ebcc276-a843-46d0-b98a-0234d85d60d4<-bc649af7-aca7-49ff-9e2a-da4abb50ca51#0:OK-t1. Peer's state: bc649af7-aca7-49ff-9e2a-da4abb50ca51@group-DA9F4F810B80:t1, leader=null, voted=5ebcc276-a843-46d0-b98a-0234d85d60d4, raftlog=bc649af7-aca7-49ff-9e2a-da4abb50ca51@group-DA9F4F810B80-SegmentedRaftLog:OPENED:c-1, conf=-1: [7352dd76-8426-4dce-9914-09fade4a0b67|rpc:10.5.0.9:9856|admin:10.5.0.9:9857|client:10.5.0.9:9858|dataStream:|priority:0, bc649af7-aca7-49ff-9e2a-da4abb50ca51|rpc:10.5.0.7:9856|admin:10.5.0.7:9857|client:10.5.0.7:9858|dataStream:|priority:0, 5ebcc276-a843-46d0-b98a-0234d85d60d4|rpc:10.5.0.6:9856|admin:10.5.0.6:9857|client:10.5.0.6:9858|dataStream:|priority:1], old=null
om_1          | 2022-02-24 17:20:36,975 [Listener at om/9862] INFO ratis.OzoneManagerRatisServer: Starting OzoneManagerRatisServer om1 at port 9872
datanode_6_1  | 2022-02-24 17:20:23,391 [pool-22-thread-1] INFO server.RaftServer$Division: 7352dd76-8426-4dce-9914-09fade4a0b67@group-65B2C7D57D1A: changes role from      null to FOLLOWER at term 0 for startAsFollower
scm_1         | 2022-02-24 17:20:09,402 [pool-14-thread-1] INFO server.RaftServerConfigKeys: raft.server.storage.dir = [/data/metadata/scm-ha] (custom)
scm_1         | 2022-02-24 17:20:09,404 [pool-14-thread-1] INFO server.RaftServerConfigKeys: raft.server.log.corruption.policy = EXCEPTION (default)
datanode_1_1  | 2022-02-24 17:20:27,468 [pool-22-thread-1] INFO server.RaftServerConfigKeys: raft.server.log.segment.cache.num.max = 2 (custom)
datanode_5_1  | 2022-02-24 17:20:28,575 [grpc-default-executor-0] INFO impl.RoleInfo: 89775797-9ced-41df-a11b-44eadcc686a1: start 89775797-9ced-41df-a11b-44eadcc686a1@group-65B2C7D57D1A-FollowerState
datanode_4_1  | 2022-02-24 17:20:30,060 [grpc-default-executor-2] INFO ratis.XceiverServerRatis: Leader change notification received for group: group-DA9F4F810B80 with new leaderId: 5ebcc276-a843-46d0-b98a-0234d85d60d4
om_1          | 2022-02-24 17:20:36,977 [Listener at om/9862] INFO server.RaftServer$Division: om1@group-C5BA1605619E: start as a follower, conf=-1: [om1|rpc:om:9872|priority:0], old=null
datanode_6_1  | 2022-02-24 17:20:23,400 [pool-22-thread-1] INFO impl.RoleInfo: 7352dd76-8426-4dce-9914-09fade4a0b67: start 7352dd76-8426-4dce-9914-09fade4a0b67@group-65B2C7D57D1A-FollowerState
scm_1         | 2022-02-24 17:20:09,405 [pool-14-thread-1] INFO server.RaftServerConfigKeys: raft.server.storage.free-space.min = 0MB (=0) (default)
datanode_3_1  | 2022-02-24 17:20:30,539 [5ebcc276-a843-46d0-b98a-0234d85d60d4@group-DA9F4F810B80-SegmentedRaftLogWorker] INFO segmented.SegmentedRaftLogWorker: 5ebcc276-a843-46d0-b98a-0234d85d60d4@group-DA9F4F810B80-SegmentedRaftLogWorker: created new log segment /data/metadata/ratis/ec9458ad-f147-42a5-a3bb-da9f4f810b80/current/log_inprogress_0
datanode_1_1  | 2022-02-24 17:20:27,468 [pool-22-thread-1] INFO server.RaftServerConfigKeys: raft.server.log.segment.cache.size.max = 200MB (=209715200) (default)
datanode_5_1  | 2022-02-24 17:20:28,575 [89775797-9ced-41df-a11b-44eadcc686a1@group-65B2C7D57D1A-FollowerState] INFO impl.FollowerState: 89775797-9ced-41df-a11b-44eadcc686a1@group-65B2C7D57D1A-FollowerState was interrupted: {}
datanode_4_1  | 2022-02-24 17:20:30,062 [grpc-default-executor-2] INFO server.RaftServer$Division: bc649af7-aca7-49ff-9e2a-da4abb50ca51@group-DA9F4F810B80: change Leader from null to 5ebcc276-a843-46d0-b98a-0234d85d60d4 at term 1 for appendEntries, leader elected after 1953ms
om_1          | 2022-02-24 17:20:36,993 [Listener at om/9862] INFO server.RaftServer$Division: om1@group-C5BA1605619E: changes role from      null to FOLLOWER at term 0 for startAsFollower
datanode_6_1  | 2022-02-24 17:20:23,457 [pool-22-thread-1] INFO util.JmxRegister: Successfully registered JMX Bean with object name Ratis:service=RaftServer,group=group-65B2C7D57D1A,id=7352dd76-8426-4dce-9914-09fade4a0b67
scm_1         | 2022-02-24 17:20:09,413 [pool-14-thread-1] INFO storage.RaftStorageDirectory: Lock on /data/metadata/scm-ha/61114888-6953-4c0b-a689-508d2f1d2f5e/in_use.lock acquired by nodename 7@62086e2c8800
datanode_3_1  | 2022-02-24 17:20:34,581 [5ebcc276-a843-46d0-b98a-0234d85d60d4@group-D803650DF9DC-FollowerState] INFO impl.FollowerState: 5ebcc276-a843-46d0-b98a-0234d85d60d4@group-D803650DF9DC-FollowerState: change to CANDIDATE, lastRpcElapsedTime:5110227502ns, electionTimeout:5109ms
datanode_1_1  | 2022-02-24 17:20:27,468 [pool-22-thread-1] INFO segmented.SegmentedRaftLogWorker: new 761d1cc7-94b1-41a3-bc5d-ca2b2b4a7773@group-2C0C781E8236-SegmentedRaftLogWorker for RaftStorageImpl:Storage Directory /data/metadata/ratis/7ea765f2-4604-45df-bd4d-2c0c781e8236
datanode_5_1  | java.lang.InterruptedException: sleep interrupted
datanode_4_1  | 2022-02-24 17:20:30,243 [grpc-default-executor-2] INFO server.RaftServer$Division: bc649af7-aca7-49ff-9e2a-da4abb50ca51@group-DA9F4F810B80: set configuration 0: [7352dd76-8426-4dce-9914-09fade4a0b67|rpc:10.5.0.9:9856|admin:10.5.0.9:9857|client:10.5.0.9:9858|dataStream:|priority:0, bc649af7-aca7-49ff-9e2a-da4abb50ca51|rpc:10.5.0.7:9856|admin:10.5.0.7:9857|client:10.5.0.7:9858|dataStream:|priority:0, 5ebcc276-a843-46d0-b98a-0234d85d60d4|rpc:10.5.0.6:9856|admin:10.5.0.6:9857|client:10.5.0.6:9858|dataStream:|priority:1], old=null
om_1          | 2022-02-24 17:20:36,997 [Listener at om/9862] INFO impl.RoleInfo: om1: start om1@group-C5BA1605619E-FollowerState
datanode_6_1  | 2022-02-24 17:20:23,572 [Command processor thread] INFO ratis.XceiverServerRatis: Created group PipelineID=8318839b-ea8c-4b95-a0ef-65b2c7d57d1a
scm_1         | 2022-02-24 17:20:09,418 [pool-14-thread-1] INFO storage.RaftStorage: Read RaftStorageMetadata{term=1, votedFor=b31713c7-bd15-431c-88d3-f102f3b1600e} from /data/metadata/scm-ha/61114888-6953-4c0b-a689-508d2f1d2f5e/current/raft-meta
datanode_3_1  | 2022-02-24 17:20:34,582 [5ebcc276-a843-46d0-b98a-0234d85d60d4@group-D803650DF9DC-FollowerState] INFO impl.RoleInfo: 5ebcc276-a843-46d0-b98a-0234d85d60d4: shutdown 5ebcc276-a843-46d0-b98a-0234d85d60d4@group-D803650DF9DC-FollowerState
datanode_1_1  | 2022-02-24 17:20:27,468 [pool-22-thread-1] INFO server.RaftServerConfigKeys: raft.server.log.queue.byte-limit = 4294967296 (custom)
datanode_5_1  | 	at java.base/java.lang.Thread.sleep(Native Method)
datanode_4_1  | 2022-02-24 17:20:30,248 [grpc-default-executor-2] INFO segmented.SegmentedRaftLogWorker: bc649af7-aca7-49ff-9e2a-da4abb50ca51@group-DA9F4F810B80-SegmentedRaftLogWorker: Starting segment from index:0
om_1          | 2022-02-24 17:20:37,009 [Listener at om/9862] INFO util.JmxRegister: Successfully registered JMX Bean with object name Ratis:service=RaftServer,group=group-C5BA1605619E,id=om1
datanode_6_1  | 2022-02-24 17:20:26,505 [Command processor thread] INFO commandhandler.CreatePipelineCommandHandler: Created Pipeline RATIS THREE PipelineID=8318839b-ea8c-4b95-a0ef-65b2c7d57d1a.
scm_1         | 2022-02-24 17:20:09,460 [pool-14-thread-1] INFO server.RaftServer$Division: b31713c7-bd15-431c-88d3-f102f3b1600e@group-508D2F1D2F5E: set configuration 0: [b31713c7-bd15-431c-88d3-f102f3b1600e|rpc:62086e2c8800:9894|admin:|client:|dataStream:|priority:0], old=null
datanode_3_1  | 2022-02-24 17:20:34,582 [5ebcc276-a843-46d0-b98a-0234d85d60d4@group-D803650DF9DC-FollowerState] INFO server.RaftServer$Division: 5ebcc276-a843-46d0-b98a-0234d85d60d4@group-D803650DF9DC: changes role from  FOLLOWER to CANDIDATE at term 0 for changeToCandidate
datanode_1_1  | 2022-02-24 17:20:27,468 [pool-22-thread-1] INFO server.RaftServerConfigKeys: raft.server.log.queue.element-limit = 1024 (custom)
datanode_5_1  | 	at java.base/java.lang.Thread.sleep(Thread.java:334)
datanode_4_1  | 2022-02-24 17:20:30,476 [grpc-default-executor-2] INFO ratis.XceiverServerRatis: Leader change notification received for group: group-85C8455FAEDA with new leaderId: 89775797-9ced-41df-a11b-44eadcc686a1
om_1          | 2022-02-24 17:20:37,013 [Listener at om/9862] INFO server.RaftServer: om1: start RPC server
datanode_6_1  | 2022-02-24 17:20:26,506 [Command processor thread] INFO server.RaftServer: 7352dd76-8426-4dce-9914-09fade4a0b67: addNew group-DA9F4F810B80:[7352dd76-8426-4dce-9914-09fade4a0b67|rpc:10.5.0.9:9856|admin:10.5.0.9:9857|client:10.5.0.9:9858|priority:0, bc649af7-aca7-49ff-9e2a-da4abb50ca51|rpc:10.5.0.7:9856|admin:10.5.0.7:9857|client:10.5.0.7:9858|priority:0, 5ebcc276-a843-46d0-b98a-0234d85d60d4|rpc:10.5.0.6:9856|admin:10.5.0.6:9857|client:10.5.0.6:9858|priority:1] returns group-DA9F4F810B80:java.util.concurrent.CompletableFuture@14a2d4aa[Not completed]
scm_1         | 2022-02-24 17:20:09,461 [pool-14-thread-1] INFO server.RaftServerConfigKeys: raft.server.notification.no-leader.timeout = 60s (default)
datanode_3_1  | 2022-02-24 17:20:34,582 [5ebcc276-a843-46d0-b98a-0234d85d60d4@group-D803650DF9DC-FollowerState] INFO server.RaftServerConfigKeys: raft.server.leaderelection.pre-vote = false (custom)
datanode_1_1  | 2022-02-24 17:20:27,468 [pool-22-thread-1] INFO server.RaftServerConfigKeys: raft.server.log.segment.size.max = 1048576 (custom)
datanode_5_1  | 	at java.base/java.util.concurrent.TimeUnit.sleep(TimeUnit.java:446)
datanode_4_1  | 2022-02-24 17:20:30,477 [grpc-default-executor-2] INFO server.RaftServer$Division: bc649af7-aca7-49ff-9e2a-da4abb50ca51@group-85C8455FAEDA: change Leader from null to 89775797-9ced-41df-a11b-44eadcc686a1 at term 1 for appendEntries, leader elected after 1749ms
om_1          | 2022-02-24 17:20:37,136 [Listener at om/9862] INFO server.GrpcService: om1: GrpcService started, listening on 9872
datanode_6_1  | 2022-02-24 17:20:26,508 [pool-22-thread-1] INFO server.RaftServer$Division: 7352dd76-8426-4dce-9914-09fade4a0b67: new RaftServerImpl for group-DA9F4F810B80:[7352dd76-8426-4dce-9914-09fade4a0b67|rpc:10.5.0.9:9856|admin:10.5.0.9:9857|client:10.5.0.9:9858|priority:0, bc649af7-aca7-49ff-9e2a-da4abb50ca51|rpc:10.5.0.7:9856|admin:10.5.0.7:9857|client:10.5.0.7:9858|priority:0, 5ebcc276-a843-46d0-b98a-0234d85d60d4|rpc:10.5.0.6:9856|admin:10.5.0.6:9857|client:10.5.0.6:9858|priority:1] with ContainerStateMachine:uninitialized
scm_1         | 2022-02-24 17:20:09,462 [pool-14-thread-1] INFO server.RaftServerConfigKeys: raft.server.log.use.memory = false (default)
datanode_3_1  | 2022-02-24 17:20:34,582 [5ebcc276-a843-46d0-b98a-0234d85d60d4@group-D803650DF9DC-FollowerState] INFO impl.RoleInfo: 5ebcc276-a843-46d0-b98a-0234d85d60d4: start 5ebcc276-a843-46d0-b98a-0234d85d60d4@group-D803650DF9DC-LeaderElection2
datanode_1_1  | 2022-02-24 17:20:27,468 [pool-22-thread-1] INFO server.RaftServerConfigKeys: raft.server.log.preallocated.size = 16384 (custom)
datanode_5_1  | 	at org.apache.ratis.util.TimeDuration.sleep(TimeDuration.java:324)
datanode_4_1  | 2022-02-24 17:20:30,483 [grpc-default-executor-2] INFO server.RaftServer$Division: bc649af7-aca7-49ff-9e2a-da4abb50ca51@group-85C8455FAEDA: Failed appendEntries as previous log entry ((t:1, i:0)) is not found
om_1          | 2022-02-24 17:20:37,139 [Listener at om/9862] INFO om.OzoneManager: Version File has different layout version (0) than OM DB (null). That is expected if this OM has never been finalized to a newer layout version.
datanode_6_1  | 2022-02-24 17:20:26,510 [pool-22-thread-1] INFO server.RaftServerConfigKeys: raft.server.rpc.timeout.min = 5s (custom)
scm_1         | 2022-02-24 17:20:09,500 [pool-14-thread-1] INFO server.RaftServerConfigKeys: raft.server.log.purge.gap = 1000000 (custom)
datanode_3_1  | 2022-02-24 17:20:34,584 [5ebcc276-a843-46d0-b98a-0234d85d60d4@group-D803650DF9DC-LeaderElection2] INFO impl.LeaderElection: 5ebcc276-a843-46d0-b98a-0234d85d60d4@group-D803650DF9DC-LeaderElection2 ELECTION round 0: submit vote requests at term 1 for -1: [5ebcc276-a843-46d0-b98a-0234d85d60d4|rpc:10.5.0.6:9856|admin:10.5.0.6:9857|client:10.5.0.6:9858|priority:1], old=null
datanode_1_1  | 2022-02-24 17:20:27,468 [pool-22-thread-1] INFO server.RaftServerConfigKeys: raft.server.log.force.sync.num = 128 (default)
datanode_5_1  | 	at org.apache.ratis.util.TimeDuration.sleep(TimeDuration.java:309)
datanode_4_1  | 2022-02-24 17:20:30,483 [grpc-default-executor-2] INFO server.RaftServer$Division: bc649af7-aca7-49ff-9e2a-da4abb50ca51@group-85C8455FAEDA: inconsistency entries. Reply:89775797-9ced-41df-a11b-44eadcc686a1<-bc649af7-aca7-49ff-9e2a-da4abb50ca51#3:FAIL-t0,INCONSISTENCY,nextIndex=0,followerCommit=-1
om_1          | 2022-02-24 17:20:37,141 [org.apache.ratis.util.JvmPauseMonitor$$Lambda$381/0x00000008404ef040@4005e63a] INFO util.JvmPauseMonitor: JvmPauseMonitor-om1: Started
datanode_6_1  | 2022-02-24 17:20:26,511 [pool-22-thread-1] INFO server.RaftServerConfigKeys: raft.server.rpc.timeout.max = 5200ms (custom)
scm_1         | 2022-02-24 17:20:09,500 [pool-14-thread-1] INFO server.RaftServerConfigKeys: raft.server.log.appender.buffer.byte-limit = 33554432 (custom)
datanode_3_1  | 2022-02-24 17:20:34,587 [5ebcc276-a843-46d0-b98a-0234d85d60d4@group-D803650DF9DC-LeaderElection2] INFO impl.LeaderElection: 5ebcc276-a843-46d0-b98a-0234d85d60d4@group-D803650DF9DC-LeaderElection2 ELECTION round 0: result PASSED (term=1)
datanode_1_1  | 2022-02-24 17:20:27,469 [pool-22-thread-1] INFO server.RaftServerConfigKeys: raft.server.log.statemachine.data.sync = true (default)
datanode_5_1  | 	at org.apache.ratis.server.impl.FollowerState.run(FollowerState.java:118)
datanode_4_1  | 2022-02-24 17:20:30,513 [grpc-default-executor-2] INFO server.RaftServer$Division: bc649af7-aca7-49ff-9e2a-da4abb50ca51@group-85C8455FAEDA: set configuration 0: [89775797-9ced-41df-a11b-44eadcc686a1|rpc:10.5.0.8:9856|admin:10.5.0.8:9857|client:10.5.0.8:9858|dataStream:|priority:1, bc649af7-aca7-49ff-9e2a-da4abb50ca51|rpc:10.5.0.7:9856|admin:10.5.0.7:9857|client:10.5.0.7:9858|dataStream:|priority:0, 761d1cc7-94b1-41a3-bc5d-ca2b2b4a7773|rpc:10.5.0.4:9856|admin:10.5.0.4:9857|client:10.5.0.4:9858|dataStream:|priority:0], old=null
om_1          | 2022-02-24 17:20:37,242 [Listener at om/9862] INFO http.BaseHttpServer: Starting Web-server for ozoneManager at: http://0.0.0.0:9874
datanode_6_1  | 2022-02-24 17:20:26,511 [pool-22-thread-1] INFO server.RaftServerConfigKeys: raft.server.rpc.sleep.time = 25ms (default)
scm_1         | 2022-02-24 17:20:09,530 [pool-14-thread-1] INFO server.RaftServerConfigKeys: raft.server.log.segment.size.max = 4194304 (custom)
datanode_3_1  | 2022-02-24 17:20:34,587 [5ebcc276-a843-46d0-b98a-0234d85d60d4@group-D803650DF9DC-LeaderElection2] INFO impl.RoleInfo: 5ebcc276-a843-46d0-b98a-0234d85d60d4: shutdown 5ebcc276-a843-46d0-b98a-0234d85d60d4@group-D803650DF9DC-LeaderElection2
datanode_1_1  | 2022-02-24 17:20:27,469 [pool-22-thread-1] INFO server.RaftServerConfigKeys: raft.server.log.statemachine.data.sync.timeout = 10s (default)
datanode_5_1  | 2022-02-24 17:20:28,611 [grpc-default-executor-0] INFO server.RaftServer$Division: 89775797-9ced-41df-a11b-44eadcc686a1@group-65B2C7D57D1A replies to ELECTION vote request: 7352dd76-8426-4dce-9914-09fade4a0b67<-89775797-9ced-41df-a11b-44eadcc686a1#0:OK-t1. Peer's state: 89775797-9ced-41df-a11b-44eadcc686a1@group-65B2C7D57D1A:t1, leader=null, voted=7352dd76-8426-4dce-9914-09fade4a0b67, raftlog=89775797-9ced-41df-a11b-44eadcc686a1@group-65B2C7D57D1A-SegmentedRaftLog:OPENED:c-1, conf=-1: [7352dd76-8426-4dce-9914-09fade4a0b67|rpc:10.5.0.9:9856|admin:10.5.0.9:9857|client:10.5.0.9:9858|dataStream:|priority:0, 89775797-9ced-41df-a11b-44eadcc686a1|rpc:10.5.0.8:9856|admin:10.5.0.8:9857|client:10.5.0.8:9858|dataStream:|priority:0, 761d1cc7-94b1-41a3-bc5d-ca2b2b4a7773|rpc:10.5.0.4:9856|admin:10.5.0.4:9857|client:10.5.0.4:9858|dataStream:|priority:1], old=null
datanode_4_1  | 2022-02-24 17:20:30,519 [grpc-default-executor-2] INFO segmented.SegmentedRaftLogWorker: bc649af7-aca7-49ff-9e2a-da4abb50ca51@group-85C8455FAEDA-SegmentedRaftLogWorker: Starting segment from index:0
om_1          | 2022-02-24 17:20:37,242 [Listener at om/9862] INFO http.BaseHttpServer: Hadoop Security Enabled: false Ozone Security Enabled: false Ozone HTTP Security Enabled: false 
datanode_6_1  | 2022-02-24 17:20:26,511 [pool-22-thread-1] INFO server.RaftServerConfigKeys: raft.server.rpc.slowness.timeout = 300s (custom)
scm_1         | 2022-02-24 17:20:09,546 [pool-14-thread-1] INFO server.RaftServerConfigKeys: raft.server.log.segment.cache.num.max = 2 (custom)
datanode_3_1  | 2022-02-24 17:20:34,587 [5ebcc276-a843-46d0-b98a-0234d85d60d4@group-D803650DF9DC-LeaderElection2] INFO server.RaftServer$Division: 5ebcc276-a843-46d0-b98a-0234d85d60d4@group-D803650DF9DC: changes role from CANDIDATE to LEADER at term 1 for changeToLeader
datanode_1_1  | 2022-02-24 17:20:27,469 [pool-22-thread-1] INFO server.RaftServerConfigKeys: raft.server.log.statemachine.data.sync.timeout.retry = -1 (default)
datanode_5_1  | 2022-02-24 17:20:29,014 [Command processor thread] INFO commandhandler.CreatePipelineCommandHandler: Created Pipeline RATIS THREE PipelineID=d35ae5c3-8dde-4307-81af-85c8455faeda.
datanode_4_1  | 2022-02-24 17:20:30,628 [bc649af7-aca7-49ff-9e2a-da4abb50ca51@group-85C8455FAEDA-SegmentedRaftLogWorker] INFO segmented.SegmentedRaftLogWorker: bc649af7-aca7-49ff-9e2a-da4abb50ca51@group-85C8455FAEDA-SegmentedRaftLogWorker: created new log segment /data/metadata/ratis/d35ae5c3-8dde-4307-81af-85c8455faeda/current/log_inprogress_0
om_1          | 2022-02-24 17:20:37,324 [Listener at om/9862] INFO util.log: Logging initialized @17880ms to org.eclipse.jetty.util.log.Slf4jLog
datanode_6_1  | 2022-02-24 17:20:26,511 [pool-22-thread-1] INFO server.RaftServerConfigKeys: raft.server.leaderelection.leader.step-down.wait-time = 10s (default)
scm_1         | 2022-02-24 17:20:09,546 [pool-14-thread-1] INFO server.RaftServerConfigKeys: raft.server.log.segment.cache.size.max = 200MB (=209715200) (default)
datanode_3_1  | 2022-02-24 17:20:34,587 [5ebcc276-a843-46d0-b98a-0234d85d60d4@group-D803650DF9DC-LeaderElection2] INFO ratis.XceiverServerRatis: Leader change notification received for group: group-D803650DF9DC with new leaderId: 5ebcc276-a843-46d0-b98a-0234d85d60d4
datanode_1_1  | 2022-02-24 17:20:27,469 [pool-22-thread-1] INFO server.RaftServerConfigKeys: raft.server.log.write.buffer.size = 1048576 (custom)
datanode_5_1  | 2022-02-24 17:20:29,019 [Command processor thread] INFO server.RaftServer: 89775797-9ced-41df-a11b-44eadcc686a1: addNew group-98F68408667F:[89775797-9ced-41df-a11b-44eadcc686a1|rpc:10.5.0.8:9856|admin:10.5.0.8:9857|client:10.5.0.8:9858|priority:1] returns group-98F68408667F:java.util.concurrent.CompletableFuture@1b612b64[Not completed]
datanode_4_1  | 2022-02-24 17:20:30,643 [bc649af7-aca7-49ff-9e2a-da4abb50ca51@group-DA9F4F810B80-SegmentedRaftLogWorker] INFO segmented.SegmentedRaftLogWorker: bc649af7-aca7-49ff-9e2a-da4abb50ca51@group-DA9F4F810B80-SegmentedRaftLogWorker: created new log segment /data/metadata/ratis/ec9458ad-f147-42a5-a3bb-da9f4f810b80/current/log_inprogress_0
om_1          | 2022-02-24 17:20:37,640 [Listener at om/9862] INFO server.AuthenticationFilter: Unable to initialize FileSignerSecretProvider, falling back to use random secrets.
datanode_6_1  | 2022-02-24 17:20:26,511 [pool-22-thread-1] INFO server.RaftServerConfigKeys: raft.server.sleep.deviation.threshold = 300ms (default)
scm_1         | 2022-02-24 17:20:09,551 [pool-14-thread-1] INFO segmented.SegmentedRaftLogWorker: new b31713c7-bd15-431c-88d3-f102f3b1600e@group-508D2F1D2F5E-SegmentedRaftLogWorker for RaftStorageImpl:Storage Directory /data/metadata/scm-ha/61114888-6953-4c0b-a689-508d2f1d2f5e
datanode_3_1  | 2022-02-24 17:20:34,588 [5ebcc276-a843-46d0-b98a-0234d85d60d4@group-D803650DF9DC-LeaderElection2] INFO server.RaftServer$Division: 5ebcc276-a843-46d0-b98a-0234d85d60d4@group-D803650DF9DC: change Leader from null to 5ebcc276-a843-46d0-b98a-0234d85d60d4 at term 1 for becomeLeader, leader elected after 5237ms
datanode_1_1  | 2022-02-24 17:20:27,470 [pool-22-thread-1] INFO server.RaftServerConfigKeys: raft.server.log.statemachine.data.caching.enabled = true (custom)
datanode_5_1  | 2022-02-24 17:20:29,020 [pool-22-thread-1] INFO server.RaftServer$Division: 89775797-9ced-41df-a11b-44eadcc686a1: new RaftServerImpl for group-98F68408667F:[89775797-9ced-41df-a11b-44eadcc686a1|rpc:10.5.0.8:9856|admin:10.5.0.8:9857|client:10.5.0.8:9858|priority:1] with ContainerStateMachine:uninitialized
datanode_4_1  | 2022-02-24 17:20:50,416 [Command processor thread] INFO server.RaftServer: bc649af7-aca7-49ff-9e2a-da4abb50ca51: addNew group-7561F868E3DE:[bc649af7-aca7-49ff-9e2a-da4abb50ca51|rpc:10.5.0.7:9856|admin:10.5.0.7:9857|client:10.5.0.7:9858|priority:1] returns group-7561F868E3DE:java.util.concurrent.CompletableFuture@6a621b0c[Not completed]
om_1          | 2022-02-24 17:20:37,655 [Listener at om/9862] INFO http.HttpRequestLog: Http request log for http.requests.ozoneManager is not defined
datanode_6_1  | 2022-02-24 17:20:26,511 [pool-22-thread-1] INFO server.RaftServerConfigKeys: raft.server.log.appender.install.snapshot.enabled = false (custom)
scm_1         | 2022-02-24 17:20:09,558 [pool-14-thread-1] INFO server.RaftServerConfigKeys: raft.server.log.queue.byte-limit = 64MB (=67108864) (default)
datanode_3_1  | 2022-02-24 17:20:34,589 [5ebcc276-a843-46d0-b98a-0234d85d60d4@group-D803650DF9DC-LeaderElection2] INFO server.RaftServerConfigKeys: raft.server.staging.catchup.gap = 1000 (default)
datanode_1_1  | 2022-02-24 17:20:27,474 [pool-22-thread-1] INFO segmented.SegmentedRaftLogWorker: 761d1cc7-94b1-41a3-bc5d-ca2b2b4a7773@group-2C0C781E8236-SegmentedRaftLogWorker: flushIndex: setUnconditionally 0 -> -1
datanode_5_1  | 2022-02-24 17:20:29,023 [pool-22-thread-1] INFO server.RaftServerConfigKeys: raft.server.rpc.timeout.min = 5s (custom)
datanode_4_1  | 2022-02-24 17:20:50,418 [pool-22-thread-1] INFO server.RaftServer$Division: bc649af7-aca7-49ff-9e2a-da4abb50ca51: new RaftServerImpl for group-7561F868E3DE:[bc649af7-aca7-49ff-9e2a-da4abb50ca51|rpc:10.5.0.7:9856|admin:10.5.0.7:9857|client:10.5.0.7:9858|priority:1] with ContainerStateMachine:uninitialized
om_1          | 2022-02-24 17:20:37,671 [Listener at om/9862] INFO http.HttpServer2: Added global filter 'safety' (class=org.apache.hadoop.hdds.server.http.HttpServer2$QuotingInputFilter)
datanode_6_1  | 2022-02-24 17:20:26,512 [pool-22-thread-1] INFO server.RaftServer$Division: 7352dd76-8426-4dce-9914-09fade4a0b67@group-DA9F4F810B80: ConfigurationManager, init=-1: [7352dd76-8426-4dce-9914-09fade4a0b67|rpc:10.5.0.9:9856|admin:10.5.0.9:9857|client:10.5.0.9:9858|priority:0, bc649af7-aca7-49ff-9e2a-da4abb50ca51|rpc:10.5.0.7:9856|admin:10.5.0.7:9857|client:10.5.0.7:9858|priority:0, 5ebcc276-a843-46d0-b98a-0234d85d60d4|rpc:10.5.0.6:9856|admin:10.5.0.6:9857|client:10.5.0.6:9858|priority:1], old=null, confs=<EMPTY_MAP>
scm_1         | 2022-02-24 17:20:09,559 [pool-14-thread-1] INFO server.RaftServerConfigKeys: raft.server.log.queue.element-limit = 4096 (default)
scm_1         | 2022-02-24 17:20:09,560 [pool-14-thread-1] INFO server.RaftServerConfigKeys: raft.server.log.segment.size.max = 4194304 (custom)
datanode_1_1  | 2022-02-24 17:20:27,477 [pool-22-thread-1] INFO segmented.SegmentedRaftLogWorker: 761d1cc7-94b1-41a3-bc5d-ca2b2b4a7773@group-2C0C781E8236-SegmentedRaftLogWorker: safeCacheEvictIndex: setUnconditionally 0 -> -1
datanode_5_1  | 2022-02-24 17:20:29,023 [pool-22-thread-1] INFO server.RaftServerConfigKeys: raft.server.rpc.timeout.max = 5200ms (custom)
om_1          | 2022-02-24 17:20:37,673 [Listener at om/9862] INFO http.HttpServer2: Added filter static_user_filter (class=org.apache.hadoop.http.lib.StaticUserWebFilter$StaticUserFilter) to context ozoneManager
datanode_4_1  | 2022-02-24 17:20:50,419 [pool-22-thread-1] INFO server.RaftServerConfigKeys: raft.server.rpc.timeout.min = 5s (custom)
scm_1         | 2022-02-24 17:20:09,561 [pool-14-thread-1] INFO server.RaftServerConfigKeys: raft.server.log.preallocated.size = 4194304 (custom)
datanode_3_1  | 2022-02-24 17:20:34,589 [5ebcc276-a843-46d0-b98a-0234d85d60d4@group-D803650DF9DC-LeaderElection2] INFO server.RaftServerConfigKeys: raft.server.write.element-limit = 1024 (custom)
datanode_1_1  | 2022-02-24 17:20:27,487 [pool-22-thread-1] INFO server.RaftServerConfigKeys: raft.server.snapshot.auto.trigger.enabled = true (custom)
datanode_6_1  | 2022-02-24 17:20:26,513 [pool-22-thread-1] INFO server.RaftServerConfigKeys: raft.server.storage.dir = [/data/metadata/ratis] (custom)
om_1          | 2022-02-24 17:20:37,673 [Listener at om/9862] INFO http.HttpServer2: Added filter static_user_filter (class=org.apache.hadoop.http.lib.StaticUserWebFilter$StaticUserFilter) to context logs
datanode_5_1  | 2022-02-24 17:20:29,023 [pool-22-thread-1] INFO server.RaftServerConfigKeys: raft.server.rpc.sleep.time = 25ms (default)
datanode_4_1  | 2022-02-24 17:20:50,419 [pool-22-thread-1] INFO server.RaftServerConfigKeys: raft.server.rpc.timeout.max = 5200ms (custom)
scm_1         | 2022-02-24 17:20:09,563 [pool-14-thread-1] INFO server.RaftServerConfigKeys: raft.server.log.force.sync.num = 128 (default)
datanode_3_1  | 2022-02-24 17:20:34,589 [5ebcc276-a843-46d0-b98a-0234d85d60d4@group-D803650DF9DC-LeaderElection2] INFO server.RaftServerConfigKeys: raft.server.write.byte-limit = 1024 M (=1073741824) (custom)
