datanode_1  | 2022-02-24 17:26:57,287 [46c455c9-1d4c-4c77-ab57-e0ecdfa6249f@group-F2A9B95AA274-FollowerState] INFO impl.RoleInfo: 46c455c9-1d4c-4c77-ab57-e0ecdfa6249f: start 46c455c9-1d4c-4c77-ab57-e0ecdfa6249f@group-F2A9B95AA274-LeaderElection1
om_1        | 2022-02-24 17:26:59,209 [pool-23-thread-1] INFO server.RaftServerConfigKeys: raft.server.retrycache.expirytime = 300s (custom)
datanode_3  | 2022-02-24 17:26:53,627 [pool-22-thread-1] INFO server.RaftServerConfigKeys: raft.server.rpc.slowness.timeout = 300s (custom)
scm_1       | 2022-02-24 17:26:40,997 [main] INFO net.NodeSchemaLoader: Loading network topology layer schema file
datanode_1  | 2022-02-24 17:26:57,291 [46c455c9-1d4c-4c77-ab57-e0ecdfa6249f@group-F2A9B95AA274-LeaderElection1] INFO impl.LeaderElection: 46c455c9-1d4c-4c77-ab57-e0ecdfa6249f@group-F2A9B95AA274-LeaderElection1 ELECTION round 0: submit vote requests at term 1 for -1: [46c455c9-1d4c-4c77-ab57-e0ecdfa6249f|rpc:172.20.0.3:9856|admin:172.20.0.3:9857|client:172.20.0.3:9858|priority:1], old=null
om_1        | 2022-02-24 17:26:59,210 [pool-23-thread-1] INFO server.RaftServerConfigKeys: raft.server.retrycache.statistics.expirytime = 100?s (default)
datanode_3  | 2022-02-24 17:26:53,629 [pool-22-thread-1] INFO server.RaftServerConfigKeys: raft.server.leaderelection.leader.step-down.wait-time = 10s (default)
scm_1       | 2022-02-24 17:26:41,060 [main] INFO metrics.MetricRegistries: Loaded MetricRegistries class org.apache.ratis.metrics.impl.MetricRegistriesImpl
datanode_1  | 2022-02-24 17:26:57,292 [46c455c9-1d4c-4c77-ab57-e0ecdfa6249f@group-F2A9B95AA274-LeaderElection1] INFO impl.LeaderElection: 46c455c9-1d4c-4c77-ab57-e0ecdfa6249f@group-F2A9B95AA274-LeaderElection1 ELECTION round 0: result PASSED (term=1)
om_1        | 2022-02-24 17:26:59,256 [Listener at om/9862] INFO impl.MetricsConfig: Loaded properties from hadoop-metrics2.properties
datanode_3  | 2022-02-24 17:26:53,629 [pool-22-thread-1] INFO server.RaftServerConfigKeys: raft.server.sleep.deviation.threshold = 300ms (default)
scm_1       | 2022-02-24 17:26:41,081 [main] INFO ha.SCMRatisServerImpl: starting Raft server for scm:994f3c64-4732-4e14-ad15-03deda879adc
datanode_1  | 2022-02-24 17:26:57,293 [46c455c9-1d4c-4c77-ab57-e0ecdfa6249f@group-F2A9B95AA274-LeaderElection1] INFO impl.RoleInfo: 46c455c9-1d4c-4c77-ab57-e0ecdfa6249f: shutdown 46c455c9-1d4c-4c77-ab57-e0ecdfa6249f@group-F2A9B95AA274-LeaderElection1
om_1        | 2022-02-24 17:26:59,317 [Listener at om/9862] INFO impl.MetricsSystemImpl: Scheduled Metric snapshot period at 10 second(s).
datanode_3  | 2022-02-24 17:26:53,630 [pool-22-thread-1] INFO server.RaftServerConfigKeys: raft.server.log.appender.install.snapshot.enabled = false (custom)
scm_1       | 2022-02-24 17:26:41,158 [main] INFO server.RaftServer: raft.rpc.type = GRPC (default)
datanode_1  | 2022-02-24 17:26:57,297 [46c455c9-1d4c-4c77-ab57-e0ecdfa6249f@group-F2A9B95AA274-LeaderElection1] INFO server.RaftServer$Division: 46c455c9-1d4c-4c77-ab57-e0ecdfa6249f@group-F2A9B95AA274: changes role from CANDIDATE to LEADER at term 1 for changeToLeader
om_1        | 2022-02-24 17:26:59,317 [Listener at om/9862] INFO impl.MetricsSystemImpl: OzoneManager metrics system started
datanode_3  | 2022-02-24 17:26:53,630 [pool-22-thread-1] INFO server.RaftServer$Division: 28a172de-fdda-412d-ba65-f1e07f9ec019@group-E8D54614579D: ConfigurationManager, init=-1: [46c455c9-1d4c-4c77-ab57-e0ecdfa6249f|rpc:172.20.0.3:9856|admin:172.20.0.3:9857|client:172.20.0.3:9858|priority:1, 0af81fc9-1fe0-41f7-bc23-ef823c5d2e9e|rpc:172.20.0.5:9856|admin:172.20.0.5:9857|client:172.20.0.5:9858|priority:0, 28a172de-fdda-412d-ba65-f1e07f9ec019|rpc:172.20.0.4:9856|admin:172.20.0.4:9857|client:172.20.0.4:9858|priority:0], old=null, confs=<EMPTY_MAP>
scm_1       | 2022-02-24 17:26:41,220 [main] INFO grpc.GrpcConfigKeys: raft.grpc.admin.port = -1 (default)
datanode_1  | 2022-02-24 17:26:57,298 [46c455c9-1d4c-4c77-ab57-e0ecdfa6249f@group-F2A9B95AA274-LeaderElection1] INFO ratis.XceiverServerRatis: Leader change notification received for group: group-F2A9B95AA274 with new leaderId: 46c455c9-1d4c-4c77-ab57-e0ecdfa6249f
om_1        | 2022-02-24 17:26:59,388 [Listener at om/9862] INFO om.OzoneManager: OzoneManager RPC server is listening at om/172.20.0.10:9862
datanode_3  | 2022-02-24 17:26:53,630 [pool-22-thread-1] INFO server.RaftServerConfigKeys: raft.server.storage.dir = [/data/metadata/ratis] (custom)
scm_1       | 2022-02-24 17:26:41,221 [main] INFO grpc.GrpcConfigKeys: raft.grpc.server.port = 9894 (custom)
datanode_1  | 2022-02-24 17:26:57,299 [46c455c9-1d4c-4c77-ab57-e0ecdfa6249f@group-F2A9B95AA274-LeaderElection1] INFO server.RaftServer$Division: 46c455c9-1d4c-4c77-ab57-e0ecdfa6249f@group-F2A9B95AA274: change Leader from null to 46c455c9-1d4c-4c77-ab57-e0ecdfa6249f at term 1 for becomeLeader, leader elected after 5441ms
om_1        | 2022-02-24 17:26:59,388 [Listener at om/9862] INFO ratis.OzoneManagerRatisServer: Starting OzoneManagerRatisServer om1 at port 9872
datanode_3  | 2022-02-24 17:26:53,631 [pool-22-thread-1] INFO server.RaftServerConfigKeys: raft.server.log.corruption.policy = EXCEPTION (default)
scm_1       | 2022-02-24 17:26:41,222 [main] INFO grpc.GrpcConfigKeys: raft.grpc.client.port = -1 (default)
datanode_1  | 2022-02-24 17:26:57,313 [46c455c9-1d4c-4c77-ab57-e0ecdfa6249f@group-F2A9B95AA274-LeaderElection1] INFO server.RaftServerConfigKeys: raft.server.staging.catchup.gap = 1000 (default)
om_1        | 2022-02-24 17:26:59,394 [Listener at om/9862] INFO server.RaftServer$Division: om1@group-C5BA1605619E: start as a follower, conf=-1: [om1|rpc:om:9872|priority:0], old=null
datanode_3  | 2022-02-24 17:26:53,631 [pool-22-thread-1] INFO server.RaftServerConfigKeys: raft.server.storage.free-space.min = 0MB (=0) (default)
scm_1       | 2022-02-24 17:26:41,222 [main] INFO grpc.GrpcConfigKeys: raft.grpc.server.port = 9894 (custom)
datanode_1  | 2022-02-24 17:26:57,319 [46c455c9-1d4c-4c77-ab57-e0ecdfa6249f@group-F2A9B95AA274-LeaderElection1] INFO server.RaftServerConfigKeys: raft.server.write.element-limit = 1024 (custom)
om_1        | 2022-02-24 17:26:59,404 [Listener at om/9862] INFO server.RaftServer$Division: om1@group-C5BA1605619E: changes role from      null to FOLLOWER at term 0 for startAsFollower
datanode_3  | 2022-02-24 17:26:53,632 [pool-22-thread-1] INFO storage.RaftStorageDirectory: The storage directory /data/metadata/ratis/db412bac-8b9c-4a94-8b1f-e8d54614579d does not exist. Creating ...
scm_1       | 2022-02-24 17:26:41,222 [main] INFO grpc.GrpcConfigKeys: raft.grpc.server.port = 9894 (custom)
datanode_1  | 2022-02-24 17:26:57,326 [46c455c9-1d4c-4c77-ab57-e0ecdfa6249f@group-E8D54614579D-FollowerState] INFO impl.FollowerState: 46c455c9-1d4c-4c77-ab57-e0ecdfa6249f@group-E8D54614579D-FollowerState: change to CANDIDATE, lastRpcElapsedTime:5049616910ns, electionTimeout:5044ms
om_1        | 2022-02-24 17:26:59,406 [Listener at om/9862] INFO impl.RoleInfo: om1: start om1@group-C5BA1605619E-FollowerState
om_1        | 2022-02-24 17:26:59,417 [Listener at om/9862] INFO util.JmxRegister: Successfully registered JMX Bean with object name Ratis:service=RaftServer,group=group-C5BA1605619E,id=om1
scm_1       | 2022-02-24 17:26:41,223 [main] INFO server.GrpcService: raft.grpc.message.size.max = 32m (=33554432) (custom)
om_1        | 2022-02-24 17:26:59,429 [Listener at om/9862] INFO server.RaftServer: om1: start RPC server
datanode_3  | 2022-02-24 17:26:53,642 [pool-22-thread-1] INFO storage.RaftStorageDirectory: Lock on /data/metadata/ratis/db412bac-8b9c-4a94-8b1f-e8d54614579d/in_use.lock acquired by nodename 7@f6075bcf7612
datanode_1  | 2022-02-24 17:26:57,342 [46c455c9-1d4c-4c77-ab57-e0ecdfa6249f@group-E8D54614579D-FollowerState] INFO impl.RoleInfo: 46c455c9-1d4c-4c77-ab57-e0ecdfa6249f: shutdown 46c455c9-1d4c-4c77-ab57-e0ecdfa6249f@group-E8D54614579D-FollowerState
scm_1       | 2022-02-24 17:26:41,224 [main] INFO server.RaftServerConfigKeys: raft.server.log.appender.buffer.byte-limit = 33554432 (custom)
om_1        | 2022-02-24 17:26:59,499 [Listener at om/9862] INFO server.GrpcService: om1: GrpcService started, listening on 9872
datanode_3  | 2022-02-24 17:26:53,650 [pool-22-thread-1] INFO storage.RaftStorage: Storage directory /data/metadata/ratis/db412bac-8b9c-4a94-8b1f-e8d54614579d has been successfully formatted.
datanode_1  | 2022-02-24 17:26:57,343 [46c455c9-1d4c-4c77-ab57-e0ecdfa6249f@group-E8D54614579D-FollowerState] INFO server.RaftServer$Division: 46c455c9-1d4c-4c77-ab57-e0ecdfa6249f@group-E8D54614579D: changes role from  FOLLOWER to CANDIDATE at term 0 for changeToCandidate
scm_1       | 2022-02-24 17:26:41,225 [main] INFO server.GrpcService: raft.grpc.flow.control.window = 1MB (=1048576) (default)
om_1        | 2022-02-24 17:26:59,503 [Listener at om/9862] INFO om.OzoneManager: Version File has different layout version (0) than OM DB (null). That is expected if this OM has never been finalized to a newer layout version.
datanode_3  | 2022-02-24 17:26:53,652 [pool-22-thread-1] INFO ratis.ContainerStateMachine: group-E8D54614579D: The snapshot info is null. Setting the last applied indexto:(t:0, i:~)
datanode_1  | 2022-02-24 17:26:57,343 [46c455c9-1d4c-4c77-ab57-e0ecdfa6249f@group-E8D54614579D-FollowerState] INFO server.RaftServerConfigKeys: raft.server.leaderelection.pre-vote = false (custom)
scm_1       | 2022-02-24 17:26:41,226 [main] INFO server.RaftServerConfigKeys: raft.server.rpc.request.timeout = 30000ms (custom)
om_1        | 2022-02-24 17:26:59,504 [org.apache.ratis.util.JvmPauseMonitor$$Lambda$371/0x00000008404e0040@528c8c1] INFO util.JvmPauseMonitor: JvmPauseMonitor-om1: Started
datanode_3  | 2022-02-24 17:26:53,652 [pool-22-thread-1] INFO server.RaftServerConfigKeys: raft.server.notification.no-leader.timeout = 300s (custom)
datanode_1  | 2022-02-24 17:26:57,343 [46c455c9-1d4c-4c77-ab57-e0ecdfa6249f@group-E8D54614579D-FollowerState] INFO impl.RoleInfo: 46c455c9-1d4c-4c77-ab57-e0ecdfa6249f: start 46c455c9-1d4c-4c77-ab57-e0ecdfa6249f@group-E8D54614579D-LeaderElection2
scm_1       | 2022-02-24 17:26:41,451 [main] INFO impl.DataStreamServerImpl: raft.datastream.type = DISABLED (default)
om_1        | 2022-02-24 17:26:59,557 [Listener at om/9862] INFO http.BaseHttpServer: Starting Web-server for ozoneManager at: http://0.0.0.0:9874
datanode_3  | 2022-02-24 17:26:53,653 [pool-22-thread-1] INFO server.RaftServerConfigKeys: raft.server.log.use.memory = false (default)
datanode_1  | 2022-02-24 17:26:57,355 [46c455c9-1d4c-4c77-ab57-e0ecdfa6249f@group-F2A9B95AA274-LeaderElection1] INFO server.RaftServerConfigKeys: raft.server.write.byte-limit = 1024 M (=1073741824) (custom)
scm_1       | 2022-02-24 17:26:41,452 [main] INFO server.RaftServerConfigKeys: raft.server.rpc.slowness.timeout = 120000ms (custom)
om_1        | 2022-02-24 17:26:59,557 [Listener at om/9862] INFO http.BaseHttpServer: Hadoop Security Enabled: false Ozone Security Enabled: false Ozone HTTP Security Enabled: false 
om_1        | 2022-02-24 17:26:59,590 [Listener at om/9862] INFO util.log: Logging initialized @10537ms to org.eclipse.jetty.util.log.Slf4jLog
datanode_1  | 2022-02-24 17:26:57,358 [46c455c9-1d4c-4c77-ab57-e0ecdfa6249f@group-E8D54614579D-LeaderElection2] INFO impl.LeaderElection: 46c455c9-1d4c-4c77-ab57-e0ecdfa6249f@group-E8D54614579D-LeaderElection2 ELECTION round 0: submit vote requests at term 1 for -1: [46c455c9-1d4c-4c77-ab57-e0ecdfa6249f|rpc:172.20.0.3:9856|admin:172.20.0.3:9857|client:172.20.0.3:9858|priority:1, 0af81fc9-1fe0-41f7-bc23-ef823c5d2e9e|rpc:172.20.0.5:9856|admin:172.20.0.5:9857|client:172.20.0.5:9858|priority:0, 28a172de-fdda-412d-ba65-f1e07f9ec019|rpc:172.20.0.4:9856|admin:172.20.0.4:9857|client:172.20.0.4:9858|priority:0], old=null
scm_1       | 2022-02-24 17:26:41,453 [main] INFO server.RaftServerConfigKeys: raft.server.leaderelection.leader.step-down.wait-time = 10s (default)
om_1        | 2022-02-24 17:26:59,789 [Listener at om/9862] INFO server.AuthenticationFilter: Unable to initialize FileSignerSecretProvider, falling back to use random secrets.
datanode_3  | 2022-02-24 17:26:53,653 [pool-22-thread-1] INFO server.RaftServerConfigKeys: raft.server.log.purge.gap = 1000000 (custom)
datanode_1  | 2022-02-24 17:26:57,373 [46c455c9-1d4c-4c77-ab57-e0ecdfa6249f@group-F2A9B95AA274-LeaderElection1] INFO server.RaftServerConfigKeys: raft.server.watch.timeout = 180s (custom)
scm_1       | 2022-02-24 17:26:41,475 [main] INFO server.RaftServerConfigKeys: raft.server.storage.dir = [/data/metadata/scm-ha] (custom)
om_1        | 2022-02-24 17:26:59,796 [Listener at om/9862] INFO http.HttpRequestLog: Http request log for http.requests.ozoneManager is not defined
datanode_3  | 2022-02-24 17:26:53,653 [pool-22-thread-1] INFO server.RaftServerConfigKeys: raft.server.log.appender.buffer.byte-limit = 33554432 (custom)
datanode_1  | 2022-02-24 17:26:57,373 [46c455c9-1d4c-4c77-ab57-e0ecdfa6249f@group-F2A9B95AA274-LeaderElection1] INFO server.RaftServerConfigKeys: raft.server.watch.timeout.denomination = 1s (default)
scm_1       | 2022-02-24 17:26:41,477 [main] INFO server.RaftServer: 994f3c64-4732-4e14-ad15-03deda879adc: found a subdirectory /data/metadata/scm-ha/7e541c5e-ed0b-45e0-b9d1-f777fc51eb27
om_1        | 2022-02-24 17:26:59,817 [Listener at om/9862] INFO http.HttpServer2: Added global filter 'safety' (class=org.apache.hadoop.hdds.server.http.HttpServer2$QuotingInputFilter)
datanode_3  | 2022-02-24 17:26:53,653 [pool-22-thread-1] INFO server.RaftServerConfigKeys: raft.server.log.segment.size.max = 1048576 (custom)
datanode_1  | 2022-02-24 17:26:57,386 [46c455c9-1d4c-4c77-ab57-e0ecdfa6249f@group-F2A9B95AA274-LeaderElection1] INFO server.RaftServerConfigKeys: raft.server.watch.element-limit = 65536 (default)
scm_1       | 2022-02-24 17:26:41,482 [main] INFO server.RaftServer: 994f3c64-4732-4e14-ad15-03deda879adc: addNew group-F777FC51EB27:[] returns group-F777FC51EB27:java.util.concurrent.CompletableFuture@76ddd61a[Not completed]
om_1        | 2022-02-24 17:26:59,838 [Listener at om/9862] INFO http.HttpServer2: Added filter static_user_filter (class=org.apache.hadoop.http.lib.StaticUserWebFilter$StaticUserFilter) to context ozoneManager
datanode_3  | 2022-02-24 17:26:53,654 [pool-22-thread-1] INFO server.RaftServerConfigKeys: raft.server.log.segment.cache.num.max = 2 (custom)
datanode_1  | 2022-02-24 17:26:57,420 [46c455c9-1d4c-4c77-ab57-e0ecdfa6249f@group-F2A9B95AA274-LeaderElection1] INFO server.RaftServerConfigKeys: raft.server.write.element-limit = 1024 (custom)
scm_1       | 2022-02-24 17:26:41,499 [pool-14-thread-1] INFO server.RaftServer$Division: 994f3c64-4732-4e14-ad15-03deda879adc: new RaftServerImpl for group-F777FC51EB27:[] with SCMStateMachine:uninitialized
om_1        | 2022-02-24 17:26:59,839 [Listener at om/9862] INFO http.HttpServer2: Added filter static_user_filter (class=org.apache.hadoop.http.lib.StaticUserWebFilter$StaticUserFilter) to context logs
datanode_3  | 2022-02-24 17:26:53,654 [pool-22-thread-1] INFO server.RaftServerConfigKeys: raft.server.log.segment.cache.size.max = 200MB (=209715200) (default)
datanode_1  | 2022-02-24 17:26:57,446 [46c455c9-1d4c-4c77-ab57-e0ecdfa6249f@group-F2A9B95AA274-LeaderElection1] INFO server.RaftServerConfigKeys: raft.server.write.follower.gap.ratio.max = -1.0 (default)
scm_1       | 2022-02-24 17:26:41,500 [pool-14-thread-1] INFO server.RaftServerConfigKeys: raft.server.rpc.timeout.min = 5000ms (custom)
om_1        | 2022-02-24 17:26:59,839 [Listener at om/9862] INFO http.HttpServer2: Added filter static_user_filter (class=org.apache.hadoop.http.lib.StaticUserWebFilter$StaticUserFilter) to context static
datanode_3  | 2022-02-24 17:26:53,654 [pool-22-thread-1] INFO segmented.SegmentedRaftLogWorker: new 28a172de-fdda-412d-ba65-f1e07f9ec019@group-E8D54614579D-SegmentedRaftLogWorker for RaftStorageImpl:Storage Directory /data/metadata/ratis/db412bac-8b9c-4a94-8b1f-e8d54614579d
datanode_1  | 2022-02-24 17:26:57,468 [46c455c9-1d4c-4c77-ab57-e0ecdfa6249f@group-F2A9B95AA274-LeaderElection1] INFO impl.RoleInfo: 46c455c9-1d4c-4c77-ab57-e0ecdfa6249f: start 46c455c9-1d4c-4c77-ab57-e0ecdfa6249f@group-F2A9B95AA274-LeaderStateImpl
scm_1       | 2022-02-24 17:26:41,501 [pool-14-thread-1] INFO server.RaftServerConfigKeys: raft.server.rpc.timeout.max = 5200ms (custom)
om_1        | 2022-02-24 17:26:59,970 [Listener at om/9862] INFO http.HttpServer2: Jetty bound to port 9874
datanode_3  | 2022-02-24 17:26:53,654 [pool-22-thread-1] INFO server.RaftServerConfigKeys: raft.server.log.queue.byte-limit = 4294967296 (custom)
datanode_1  | 2022-02-24 17:26:57,474 [46c455c9-1d4c-4c77-ab57-e0ecdfa6249f@group-E8D54614579D-LeaderElection2] INFO impl.LeaderElection: 46c455c9-1d4c-4c77-ab57-e0ecdfa6249f@group-E8D54614579D-LeaderElection2: ELECTION PASSED received 1 response(s) and 0 exception(s):
scm_1       | 2022-02-24 17:26:41,501 [pool-14-thread-1] INFO server.RaftServerConfigKeys: raft.server.rpc.sleep.time = 25ms (default)
om_1        | 2022-02-24 17:26:59,973 [Listener at om/9862] INFO server.Server: jetty-9.4.43.v20210629; built: 2021-06-30T11:07:22.254Z; git: 526006ecfa3af7f1a27ef3a288e2bef7ea9dd7e8; jvm 11.0.14+9-LTS
datanode_3  | 2022-02-24 17:26:53,654 [pool-22-thread-1] INFO server.RaftServerConfigKeys: raft.server.log.queue.element-limit = 1024 (custom)
datanode_1  | 2022-02-24 17:26:57,476 [46c455c9-1d4c-4c77-ab57-e0ecdfa6249f@group-E8D54614579D-LeaderElection2] INFO impl.LeaderElection:   Response 0: 46c455c9-1d4c-4c77-ab57-e0ecdfa6249f<-0af81fc9-1fe0-41f7-bc23-ef823c5d2e9e#0:OK-t1
scm_1       | 2022-02-24 17:26:41,501 [pool-14-thread-1] INFO server.RaftServerConfigKeys: raft.server.rpc.slowness.timeout = 120000ms (custom)
om_1        | 2022-02-24 17:27:00,045 [Listener at om/9862] INFO server.session: DefaultSessionIdManager workerName=node0
datanode_3  | 2022-02-24 17:26:53,654 [pool-22-thread-1] INFO server.RaftServerConfigKeys: raft.server.log.segment.size.max = 1048576 (custom)
datanode_1  | 2022-02-24 17:26:57,477 [46c455c9-1d4c-4c77-ab57-e0ecdfa6249f@group-E8D54614579D-LeaderElection2] INFO impl.LeaderElection: 46c455c9-1d4c-4c77-ab57-e0ecdfa6249f@group-E8D54614579D-LeaderElection2 ELECTION round 0: result PASSED
scm_1       | 2022-02-24 17:26:41,501 [pool-14-thread-1] INFO server.RaftServerConfigKeys: raft.server.leaderelection.leader.step-down.wait-time = 10s (default)
om_1        | 2022-02-24 17:27:00,045 [Listener at om/9862] INFO server.session: No SessionScavenger set, using defaults
datanode_3  | 2022-02-24 17:26:53,654 [pool-22-thread-1] INFO server.RaftServerConfigKeys: raft.server.log.preallocated.size = 16384 (custom)
datanode_1  | 2022-02-24 17:26:57,478 [46c455c9-1d4c-4c77-ab57-e0ecdfa6249f@group-E8D54614579D-LeaderElection2] INFO impl.RoleInfo: 46c455c9-1d4c-4c77-ab57-e0ecdfa6249f: shutdown 46c455c9-1d4c-4c77-ab57-e0ecdfa6249f@group-E8D54614579D-LeaderElection2
scm_1       | 2022-02-24 17:26:41,501 [pool-14-thread-1] INFO server.RaftServerConfigKeys: raft.server.sleep.deviation.threshold = 300ms (default)
om_1        | 2022-02-24 17:27:00,047 [Listener at om/9862] INFO server.session: node0 Scavenging every 660000ms
datanode_3  | 2022-02-24 17:26:53,654 [pool-22-thread-1] INFO server.RaftServerConfigKeys: raft.server.log.force.sync.num = 128 (default)
datanode_1  | 2022-02-24 17:26:57,480 [46c455c9-1d4c-4c77-ab57-e0ecdfa6249f@group-E8D54614579D-LeaderElection2] INFO server.RaftServer$Division: 46c455c9-1d4c-4c77-ab57-e0ecdfa6249f@group-E8D54614579D: changes role from CANDIDATE to LEADER at term 1 for changeToLeader
scm_1       | 2022-02-24 17:26:41,502 [pool-14-thread-1] INFO server.RaftServerConfigKeys: raft.server.log.appender.install.snapshot.enabled = false (custom)
om_1        | 2022-02-24 17:27:00,073 [Listener at om/9862] INFO handler.ContextHandler: Started o.e.j.s.ServletContextHandler@7c8874ef{logs,/logs,file:///var/log/hadoop/,AVAILABLE}
datanode_3  | 2022-02-24 17:26:53,656 [pool-22-thread-1] INFO server.RaftServerConfigKeys: raft.server.log.statemachine.data.sync = true (default)
datanode_1  | 2022-02-24 17:26:57,481 [46c455c9-1d4c-4c77-ab57-e0ecdfa6249f@group-E8D54614579D-LeaderElection2] INFO ratis.XceiverServerRatis: Leader change notification received for group: group-E8D54614579D with new leaderId: 46c455c9-1d4c-4c77-ab57-e0ecdfa6249f
scm_1       | 2022-02-24 17:26:41,505 [pool-14-thread-1] INFO server.RaftServer$Division: 994f3c64-4732-4e14-ad15-03deda879adc@group-F777FC51EB27: ConfigurationManager, init=-1: [], old=null, confs=<EMPTY_MAP>
om_1        | 2022-02-24 17:27:00,074 [Listener at om/9862] INFO handler.ContextHandler: Started o.e.j.s.ServletContextHandler@5d194314{static,/static,jar:file:/opt/hadoop/share/ozone/lib/ozone-manager-1.3.0-SNAPSHOT.jar!/webapps/static,AVAILABLE}
datanode_3  | 2022-02-24 17:26:53,656 [pool-22-thread-1] INFO server.RaftServerConfigKeys: raft.server.log.statemachine.data.sync.timeout = 10s (default)
datanode_1  | 2022-02-24 17:26:57,481 [46c455c9-1d4c-4c77-ab57-e0ecdfa6249f@group-E8D54614579D-LeaderElection2] INFO server.RaftServer$Division: 46c455c9-1d4c-4c77-ab57-e0ecdfa6249f@group-E8D54614579D: change Leader from null to 46c455c9-1d4c-4c77-ab57-e0ecdfa6249f at term 1 for becomeLeader, leader elected after 5256ms
scm_1       | 2022-02-24 17:26:41,506 [pool-14-thread-1] INFO server.RaftServerConfigKeys: raft.server.storage.dir = [/data/metadata/scm-ha] (custom)
om_1        | 2022-02-24 17:27:00,237 [Listener at om/9862] INFO handler.ContextHandler: Started o.e.j.w.WebAppContext@25a5c8e{ozoneManager,/,file:///tmp/jetty-0_0_0_0-9874-ozone-manager-1_3_0-SNAPSHOT_jar-_-any-16515237351248853308/webapp/,AVAILABLE}{jar:file:/opt/hadoop/share/ozone/lib/ozone-manager-1.3.0-SNAPSHOT.jar!/webapps/ozoneManager}
datanode_3  | 2022-02-24 17:26:53,656 [pool-22-thread-1] INFO server.RaftServerConfigKeys: raft.server.log.statemachine.data.sync.timeout.retry = -1 (default)
datanode_1  | 2022-02-24 17:26:57,483 [46c455c9-1d4c-4c77-ab57-e0ecdfa6249f@group-E8D54614579D-LeaderElection2] INFO server.RaftServerConfigKeys: raft.server.staging.catchup.gap = 1000 (default)
scm_1       | 2022-02-24 17:26:41,508 [pool-14-thread-1] INFO server.RaftServerConfigKeys: raft.server.log.corruption.policy = EXCEPTION (default)
om_1        | 2022-02-24 17:27:00,267 [Listener at om/9862] INFO server.AbstractConnector: Started ServerConnector@62a6674f{HTTP/1.1, (http/1.1)}{0.0.0.0:9874}
datanode_3  | 2022-02-24 17:26:53,658 [pool-22-thread-1] INFO server.RaftServerConfigKeys: raft.server.log.write.buffer.size = 1048576 (custom)
datanode_1  | 2022-02-24 17:26:57,486 [46c455c9-1d4c-4c77-ab57-e0ecdfa6249f@group-E8D54614579D-LeaderElection2] INFO server.RaftServerConfigKeys: raft.server.write.element-limit = 1024 (custom)
scm_1       | 2022-02-24 17:26:41,508 [pool-14-thread-1] INFO server.RaftServerConfigKeys: raft.server.storage.free-space.min = 0MB (=0) (default)
om_1        | 2022-02-24 17:27:00,267 [Listener at om/9862] INFO server.Server: Started @11215ms
datanode_3  | 2022-02-24 17:26:53,659 [pool-22-thread-1] INFO server.RaftServerConfigKeys: raft.server.log.statemachine.data.caching.enabled = true (custom)
datanode_1  | 2022-02-24 17:26:57,486 [46c455c9-1d4c-4c77-ab57-e0ecdfa6249f@group-E8D54614579D-LeaderElection2] INFO server.RaftServerConfigKeys: raft.server.write.byte-limit = 1024 M (=1073741824) (custom)
datanode_1  | 2022-02-24 17:26:57,487 [46c455c9-1d4c-4c77-ab57-e0ecdfa6249f@group-E8D54614579D-LeaderElection2] INFO server.RaftServerConfigKeys: raft.server.watch.timeout = 180s (custom)
om_1        | 2022-02-24 17:27:00,272 [Listener at om/9862] INFO impl.MetricsSinkAdapter: Sink prometheus started
datanode_1  | 2022-02-24 17:26:57,487 [46c455c9-1d4c-4c77-ab57-e0ecdfa6249f@group-E8D54614579D-LeaderElection2] INFO server.RaftServerConfigKeys: raft.server.watch.timeout.denomination = 1s (default)
scm_1       | 2022-02-24 17:26:41,516 [pool-14-thread-1] INFO storage.RaftStorageDirectory: Lock on /data/metadata/scm-ha/7e541c5e-ed0b-45e0-b9d1-f777fc51eb27/in_use.lock acquired by nodename 7@8ddfad38c393
datanode_3  | 2022-02-24 17:26:53,663 [pool-22-thread-1] INFO segmented.SegmentedRaftLogWorker: 28a172de-fdda-412d-ba65-f1e07f9ec019@group-E8D54614579D-SegmentedRaftLogWorker: flushIndex: setUnconditionally 0 -> -1
om_1        | 2022-02-24 17:27:00,272 [Listener at om/9862] INFO impl.MetricsSystemImpl: Registered sink prometheus
datanode_1  | 2022-02-24 17:26:57,487 [46c455c9-1d4c-4c77-ab57-e0ecdfa6249f@group-E8D54614579D-LeaderElection2] INFO server.RaftServerConfigKeys: raft.server.watch.element-limit = 65536 (default)
scm_1       | 2022-02-24 17:26:41,521 [pool-14-thread-1] INFO storage.RaftStorage: Read RaftStorageMetadata{term=1, votedFor=994f3c64-4732-4e14-ad15-03deda879adc} from /data/metadata/scm-ha/7e541c5e-ed0b-45e0-b9d1-f777fc51eb27/current/raft-meta
scm_1       | 2022-02-24 17:26:41,547 [pool-14-thread-1] INFO server.RaftServer$Division: 994f3c64-4732-4e14-ad15-03deda879adc@group-F777FC51EB27: set configuration 0: [994f3c64-4732-4e14-ad15-03deda879adc|rpc:8ddfad38c393:9894|admin:|client:|dataStream:|priority:0], old=null
scm_1       | 2022-02-24 17:26:41,547 [pool-14-thread-1] INFO server.RaftServerConfigKeys: raft.server.notification.no-leader.timeout = 60s (default)
scm_1       | 2022-02-24 17:26:41,549 [pool-14-thread-1] INFO server.RaftServerConfigKeys: raft.server.log.use.memory = false (default)
om_1        | 2022-02-24 17:27:00,275 [Listener at om/9862] INFO http.BaseHttpServer: HTTP server of ozoneManager listening at http://0.0.0.0:9874
datanode_3  | 2022-02-24 17:26:53,663 [pool-22-thread-1] INFO segmented.SegmentedRaftLogWorker: 28a172de-fdda-412d-ba65-f1e07f9ec019@group-E8D54614579D-SegmentedRaftLogWorker: safeCacheEvictIndex: setUnconditionally 0 -> -1
scm_1       | 2022-02-24 17:26:41,555 [pool-14-thread-1] INFO server.RaftServerConfigKeys: raft.server.log.purge.gap = 1000000 (custom)
om_1        | 2022-02-24 17:27:00,282 [IPC Server Responder] INFO ipc.Server: IPC Server Responder: starting
datanode_1  | 2022-02-24 17:26:57,487 [46c455c9-1d4c-4c77-ab57-e0ecdfa6249f@group-E8D54614579D-LeaderElection2] INFO server.RaftServerConfigKeys: raft.server.write.element-limit = 1024 (custom)
datanode_3  | 2022-02-24 17:26:53,672 [pool-22-thread-1] INFO server.RaftServerConfigKeys: raft.server.snapshot.auto.trigger.enabled = true (custom)
scm_1       | 2022-02-24 17:26:41,556 [pool-14-thread-1] INFO server.RaftServerConfigKeys: raft.server.log.appender.buffer.byte-limit = 33554432 (custom)
om_1        | 2022-02-24 17:27:00,304 [IPC Server listener on 9862] INFO ipc.Server: IPC Server listener on 9862: starting
datanode_1  | 2022-02-24 17:26:57,488 [46c455c9-1d4c-4c77-ab57-e0ecdfa6249f@group-E8D54614579D-LeaderElection2] INFO server.RaftServerConfigKeys: raft.server.write.follower.gap.ratio.max = -1.0 (default)
datanode_3  | 2022-02-24 17:26:53,672 [pool-22-thread-1] INFO server.RaftServerConfigKeys: raft.server.snapshot.auto.trigger.threshold = 10000 (custom)
scm_1       | 2022-02-24 17:26:41,566 [pool-14-thread-1] INFO server.RaftServerConfigKeys: raft.server.log.segment.size.max = 4194304 (custom)
om_1        | 2022-02-24 17:27:00,339 [Listener at om/9862] INFO om.OzoneManager: Trash Interval set to 0. Files deleted will not move to trash
datanode_1  | 2022-02-24 17:26:57,516 [46c455c9-1d4c-4c77-ab57-e0ecdfa6249f@group-E8D54614579D-LeaderElection2] INFO server.RaftServerConfigKeys: raft.server.log.appender.snapshot.chunk.size.max = 16MB (=16777216) (default)
datanode_3  | 2022-02-24 17:26:53,674 [pool-22-thread-1] INFO server.RaftServerConfigKeys: raft.server.snapshot.retention.file.num = 5 (custom)
scm_1       | 2022-02-24 17:26:41,573 [pool-14-thread-1] INFO server.RaftServerConfigKeys: raft.server.log.segment.cache.num.max = 2 (custom)
om_1        | 2022-02-24 17:27:00,372 [org.apache.hadoop.util.JvmPauseMonitor$Monitor@3ca3648] INFO util.JvmPauseMonitor: Starting JVM pause monitor
datanode_1  | 2022-02-24 17:26:57,517 [46c455c9-1d4c-4c77-ab57-e0ecdfa6249f@group-E8D54614579D-LeaderElection2] INFO server.RaftServerConfigKeys: raft.server.log.appender.buffer.byte-limit = 33554432 (custom)
datanode_3  | 2022-02-24 17:26:53,674 [pool-22-thread-1] INFO server.RaftServerConfigKeys: raft.server.log.purge.upto.snapshot.index = false (default)
scm_1       | 2022-02-24 17:26:41,573 [pool-14-thread-1] INFO server.RaftServerConfigKeys: raft.server.log.segment.cache.size.max = 200MB (=209715200) (default)
om_1        | 2022-02-24 17:27:04,419 [om1@group-C5BA1605619E-FollowerState] INFO impl.FollowerState: om1@group-C5BA1605619E-FollowerState: change to CANDIDATE, lastRpcElapsedTime:5013230099ns, electionTimeout:5000ms
datanode_1  | 2022-02-24 17:26:57,517 [46c455c9-1d4c-4c77-ab57-e0ecdfa6249f@group-E8D54614579D-LeaderElection2] INFO server.RaftServerConfigKeys: raft.server.log.appender.buffer.element-limit = 1 (custom)
datanode_3  | 2022-02-24 17:26:53,675 [pool-22-thread-1] INFO server.RaftServerConfigKeys: raft.server.retrycache.expirytime = 600000ms (custom)
scm_1       | 2022-02-24 17:26:41,577 [pool-14-thread-1] INFO segmented.SegmentedRaftLogWorker: new 994f3c64-4732-4e14-ad15-03deda879adc@group-F777FC51EB27-SegmentedRaftLogWorker for RaftStorageImpl:Storage Directory /data/metadata/scm-ha/7e541c5e-ed0b-45e0-b9d1-f777fc51eb27
om_1        | 2022-02-24 17:27:04,420 [om1@group-C5BA1605619E-FollowerState] INFO impl.RoleInfo: om1: shutdown om1@group-C5BA1605619E-FollowerState
datanode_1  | 2022-02-24 17:26:57,526 [46c455c9-1d4c-4c77-ab57-e0ecdfa6249f@group-E8D54614579D-LeaderElection2] INFO grpc.GrpcConfigKeys: raft.grpc.server.leader.outstanding.appends.max = 128 (default)
datanode_3  | 2022-02-24 17:26:53,675 [pool-22-thread-1] INFO server.RaftServerConfigKeys: raft.server.retrycache.statistics.expirytime = 100?s (default)
scm_1       | 2022-02-24 17:26:41,577 [pool-14-thread-1] INFO server.RaftServerConfigKeys: raft.server.log.queue.byte-limit = 64MB (=67108864) (default)
om_1        | 2022-02-24 17:27:04,421 [om1@group-C5BA1605619E-FollowerState] INFO server.RaftServer$Division: om1@group-C5BA1605619E: changes role from  FOLLOWER to CANDIDATE at term 0 for changeToCandidate
datanode_1  | 2022-02-24 17:26:57,537 [46c455c9-1d4c-4c77-ab57-e0ecdfa6249f@group-E8D54614579D-LeaderElection2] INFO server.RaftServerConfigKeys: raft.server.rpc.request.timeout = 60s (custom)
datanode_3  | 2022-02-24 17:26:53,676 [pool-22-thread-1] INFO server.RaftServer$Division: 28a172de-fdda-412d-ba65-f1e07f9ec019@group-E8D54614579D: start as a follower, conf=-1: [46c455c9-1d4c-4c77-ab57-e0ecdfa6249f|rpc:172.20.0.3:9856|admin:172.20.0.3:9857|client:172.20.0.3:9858|priority:1, 0af81fc9-1fe0-41f7-bc23-ef823c5d2e9e|rpc:172.20.0.5:9856|admin:172.20.0.5:9857|client:172.20.0.5:9858|priority:0, 28a172de-fdda-412d-ba65-f1e07f9ec019|rpc:172.20.0.4:9856|admin:172.20.0.4:9857|client:172.20.0.4:9858|priority:0], old=null
scm_1       | 2022-02-24 17:26:41,578 [pool-14-thread-1] INFO server.RaftServerConfigKeys: raft.server.log.queue.element-limit = 4096 (default)
om_1        | 2022-02-24 17:27:04,424 [om1@group-C5BA1605619E-FollowerState] INFO server.RaftServerConfigKeys: raft.server.leaderelection.pre-vote = false (custom)
datanode_1  | 2022-02-24 17:26:57,537 [46c455c9-1d4c-4c77-ab57-e0ecdfa6249f@group-E8D54614579D-LeaderElection2] INFO server.RaftServerConfigKeys: raft.server.log.appender.install.snapshot.enabled = false (custom)
datanode_3  | 2022-02-24 17:26:53,676 [pool-22-thread-1] INFO server.RaftServer$Division: 28a172de-fdda-412d-ba65-f1e07f9ec019@group-E8D54614579D: changes role from      null to FOLLOWER at term 0 for startAsFollower
scm_1       | 2022-02-24 17:26:41,579 [pool-14-thread-1] INFO server.RaftServerConfigKeys: raft.server.log.segment.size.max = 4194304 (custom)
scm_1       | 2022-02-24 17:26:41,579 [pool-14-thread-1] INFO server.RaftServerConfigKeys: raft.server.log.preallocated.size = 4194304 (custom)
datanode_1  | 2022-02-24 17:26:57,553 [46c455c9-1d4c-4c77-ab57-e0ecdfa6249f@group-E8D54614579D-LeaderElection2] INFO server.RaftServerConfigKeys: raft.server.log.appender.snapshot.chunk.size.max = 16MB (=16777216) (default)
datanode_3  | 2022-02-24 17:26:53,676 [pool-22-thread-1] INFO impl.RoleInfo: 28a172de-fdda-412d-ba65-f1e07f9ec019: start 28a172de-fdda-412d-ba65-f1e07f9ec019@group-E8D54614579D-FollowerState
scm_1       | 2022-02-24 17:26:41,579 [pool-14-thread-1] INFO server.RaftServerConfigKeys: raft.server.log.force.sync.num = 128 (default)
om_1        | 2022-02-24 17:27:04,425 [om1@group-C5BA1605619E-FollowerState] INFO impl.RoleInfo: om1: start om1@group-C5BA1605619E-LeaderElection1
datanode_1  | 2022-02-24 17:26:57,562 [46c455c9-1d4c-4c77-ab57-e0ecdfa6249f@group-E8D54614579D-LeaderElection2] INFO server.RaftServerConfigKeys: raft.server.log.appender.buffer.byte-limit = 33554432 (custom)
datanode_3  | 2022-02-24 17:26:53,683 [pool-22-thread-1] INFO util.JmxRegister: Successfully registered JMX Bean with object name Ratis:service=RaftServer,group=group-E8D54614579D,id=28a172de-fdda-412d-ba65-f1e07f9ec019
scm_1       | 2022-02-24 17:26:41,580 [pool-14-thread-1] INFO server.RaftServerConfigKeys: raft.server.log.statemachine.data.sync = true (default)
om_1        | 2022-02-24 17:27:04,433 [om1@group-C5BA1605619E-LeaderElection1] INFO impl.LeaderElection: om1@group-C5BA1605619E-LeaderElection1 ELECTION round 0: submit vote requests at term 1 for -1: [om1|rpc:om:9872|priority:0], old=null
datanode_1  | 2022-02-24 17:26:57,562 [46c455c9-1d4c-4c77-ab57-e0ecdfa6249f@group-E8D54614579D-LeaderElection2] INFO server.RaftServerConfigKeys: raft.server.log.appender.buffer.element-limit = 1 (custom)
datanode_3  | 2022-02-24 17:26:53,684 [Command processor thread] INFO ratis.XceiverServerRatis: Created group PipelineID=db412bac-8b9c-4a94-8b1f-e8d54614579d
scm_1       | 2022-02-24 17:26:41,580 [pool-14-thread-1] INFO server.RaftServerConfigKeys: raft.server.log.statemachine.data.sync.timeout = 10s (default)
om_1        | 2022-02-24 17:27:04,434 [om1@group-C5BA1605619E-LeaderElection1] INFO impl.LeaderElection: om1@group-C5BA1605619E-LeaderElection1 ELECTION round 0: result PASSED (term=1)
datanode_1  | 2022-02-24 17:26:57,562 [46c455c9-1d4c-4c77-ab57-e0ecdfa6249f@group-E8D54614579D-LeaderElection2] INFO grpc.GrpcConfigKeys: raft.grpc.server.leader.outstanding.appends.max = 128 (default)
datanode_3  | 2022-02-24 17:26:56,023 [Command processor thread] INFO commandhandler.CreatePipelineCommandHandler: Created Pipeline RATIS THREE PipelineID=db412bac-8b9c-4a94-8b1f-e8d54614579d.
scm_1       | 2022-02-24 17:26:41,581 [pool-14-thread-1] INFO server.RaftServerConfigKeys: raft.server.log.statemachine.data.sync.timeout.retry = -1 (default)
om_1        | 2022-02-24 17:27:04,435 [om1@group-C5BA1605619E-LeaderElection1] INFO impl.RoleInfo: om1: shutdown om1@group-C5BA1605619E-LeaderElection1
datanode_1  | 2022-02-24 17:26:57,562 [46c455c9-1d4c-4c77-ab57-e0ecdfa6249f@group-E8D54614579D-LeaderElection2] INFO server.RaftServerConfigKeys: raft.server.rpc.request.timeout = 60s (custom)
datanode_3  | 2022-02-24 17:26:56,025 [pool-22-thread-1] INFO server.RaftServer$Division: 28a172de-fdda-412d-ba65-f1e07f9ec019: new RaftServerImpl for group-F0C9C9EE99A6:[46c455c9-1d4c-4c77-ab57-e0ecdfa6249f|rpc:172.20.0.3:9856|admin:172.20.0.3:9857|client:172.20.0.3:9858|priority:0, 0af81fc9-1fe0-41f7-bc23-ef823c5d2e9e|rpc:172.20.0.5:9856|admin:172.20.0.5:9857|client:172.20.0.5:9858|priority:1, 28a172de-fdda-412d-ba65-f1e07f9ec019|rpc:172.20.0.4:9856|admin:172.20.0.4:9857|client:172.20.0.4:9858|priority:0] with ContainerStateMachine:uninitialized
scm_1       | 2022-02-24 17:26:41,588 [pool-14-thread-1] INFO server.RaftServerConfigKeys: raft.server.log.write.buffer.size = 64KB (=65536) (default)
om_1        | 2022-02-24 17:27:04,439 [om1@group-C5BA1605619E-LeaderElection1] INFO server.RaftServer$Division: om1@group-C5BA1605619E: changes role from CANDIDATE to LEADER at term 1 for changeToLeader
datanode_1  | 2022-02-24 17:26:57,563 [46c455c9-1d4c-4c77-ab57-e0ecdfa6249f@group-E8D54614579D-LeaderElection2] INFO server.RaftServerConfigKeys: raft.server.log.appender.install.snapshot.enabled = false (custom)
datanode_3  | 2022-02-24 17:26:56,026 [pool-22-thread-1] INFO server.RaftServerConfigKeys: raft.server.rpc.timeout.min = 5s (custom)
scm_1       | 2022-02-24 17:26:41,588 [pool-14-thread-1] INFO server.RaftServerConfigKeys: raft.server.log.statemachine.data.caching.enabled = false (default)
om_1        | 2022-02-24 17:27:04,439 [om1@group-C5BA1605619E-LeaderElection1] INFO server.RaftServer$Division: om1@group-C5BA1605619E: change Leader from null to om1 at term 1 for becomeLeader, leader elected after 5510ms
datanode_1  | 2022-02-24 17:26:57,568 [46c455c9-1d4c-4c77-ab57-e0ecdfa6249f@group-E8D54614579D-LeaderElection2] INFO impl.RoleInfo: 46c455c9-1d4c-4c77-ab57-e0ecdfa6249f: start 46c455c9-1d4c-4c77-ab57-e0ecdfa6249f@group-E8D54614579D-LeaderStateImpl
datanode_1  | 2022-02-24 17:26:57,569 [46c455c9-1d4c-4c77-ab57-e0ecdfa6249f@group-E8D54614579D-LeaderElection2] INFO segmented.SegmentedRaftLogWorker: 46c455c9-1d4c-4c77-ab57-e0ecdfa6249f@group-E8D54614579D-SegmentedRaftLogWorker: Starting segment from index:0
scm_1       | 2022-02-24 17:26:41,607 [pool-14-thread-1] INFO server.RaftServer$Division: 994f3c64-4732-4e14-ad15-03deda879adc@group-F777FC51EB27: set configuration 0: [994f3c64-4732-4e14-ad15-03deda879adc|rpc:8ddfad38c393:9894|admin:|client:|dataStream:|priority:0], old=null
om_1        | 2022-02-24 17:27:04,449 [om1@group-C5BA1605619E-LeaderElection1] INFO server.RaftServerConfigKeys: raft.server.staging.catchup.gap = 1000 (default)
datanode_1  | 2022-02-24 17:26:57,560 [46c455c9-1d4c-4c77-ab57-e0ecdfa6249f@group-F2A9B95AA274-LeaderElection1] INFO segmented.SegmentedRaftLogWorker: 46c455c9-1d4c-4c77-ab57-e0ecdfa6249f@group-F2A9B95AA274-SegmentedRaftLogWorker: Starting segment from index:0
datanode_3  | 2022-02-24 17:26:56,026 [pool-22-thread-1] INFO server.RaftServerConfigKeys: raft.server.rpc.timeout.max = 5200ms (custom)
scm_1       | 2022-02-24 17:26:41,608 [pool-14-thread-1] INFO segmented.LogSegment: Successfully read 1 entries from segment file /data/metadata/scm-ha/7e541c5e-ed0b-45e0-b9d1-f777fc51eb27/current/log_inprogress_0
om_1        | 2022-02-24 17:27:04,453 [om1@group-C5BA1605619E-LeaderElection1] INFO server.RaftServerConfigKeys: raft.server.write.element-limit = 4096 (default)
datanode_1  | 2022-02-24 17:26:57,655 [46c455c9-1d4c-4c77-ab57-e0ecdfa6249f@group-F2A9B95AA274-LeaderElection1] INFO server.RaftServer$Division: 46c455c9-1d4c-4c77-ab57-e0ecdfa6249f@group-F2A9B95AA274: set configuration 0: [46c455c9-1d4c-4c77-ab57-e0ecdfa6249f|rpc:172.20.0.3:9856|admin:172.20.0.3:9857|client:172.20.0.3:9858|dataStream:|priority:1], old=null
datanode_3  | 2022-02-24 17:26:56,027 [pool-22-thread-1] INFO server.RaftServerConfigKeys: raft.server.rpc.sleep.time = 25ms (default)
scm_1       | 2022-02-24 17:26:41,610 [pool-14-thread-1] INFO segmented.SegmentedRaftLogWorker: 994f3c64-4732-4e14-ad15-03deda879adc@group-F777FC51EB27-SegmentedRaftLogWorker: flushIndex: setUnconditionally 0 -> 0
om_1        | 2022-02-24 17:27:04,453 [om1@group-C5BA1605619E-LeaderElection1] INFO server.RaftServerConfigKeys: raft.server.write.byte-limit = 64MB (=67108864) (default)
datanode_1  | 2022-02-24 17:26:57,662 [46c455c9-1d4c-4c77-ab57-e0ecdfa6249f@group-E8D54614579D-LeaderElection2] INFO server.RaftServer$Division: 46c455c9-1d4c-4c77-ab57-e0ecdfa6249f@group-E8D54614579D: set configuration 0: [46c455c9-1d4c-4c77-ab57-e0ecdfa6249f|rpc:172.20.0.3:9856|admin:172.20.0.3:9857|client:172.20.0.3:9858|dataStream:|priority:1, 0af81fc9-1fe0-41f7-bc23-ef823c5d2e9e|rpc:172.20.0.5:9856|admin:172.20.0.5:9857|client:172.20.0.5:9858|dataStream:|priority:0, 28a172de-fdda-412d-ba65-f1e07f9ec019|rpc:172.20.0.4:9856|admin:172.20.0.4:9857|client:172.20.0.4:9858|dataStream:|priority:0], old=null
datanode_3  | 2022-02-24 17:26:56,032 [pool-22-thread-1] INFO server.RaftServerConfigKeys: raft.server.rpc.slowness.timeout = 300s (custom)
scm_1       | 2022-02-24 17:26:41,611 [pool-14-thread-1] INFO segmented.SegmentedRaftLogWorker: 994f3c64-4732-4e14-ad15-03deda879adc@group-F777FC51EB27-SegmentedRaftLogWorker: safeCacheEvictIndex: setUnconditionally 0 -> -1
om_1        | 2022-02-24 17:27:04,463 [om1@group-C5BA1605619E-LeaderElection1] INFO server.RaftServerConfigKeys: raft.server.watch.timeout = 10s (default)
datanode_1  | 2022-02-24 17:26:57,854 [46c455c9-1d4c-4c77-ab57-e0ecdfa6249f@group-E8D54614579D-SegmentedRaftLogWorker] INFO segmented.SegmentedRaftLogWorker: 46c455c9-1d4c-4c77-ab57-e0ecdfa6249f@group-E8D54614579D-SegmentedRaftLogWorker: created new log segment /data/metadata/ratis/db412bac-8b9c-4a94-8b1f-e8d54614579d/current/log_inprogress_0
datanode_3  | 2022-02-24 17:26:56,033 [pool-22-thread-1] INFO server.RaftServerConfigKeys: raft.server.leaderelection.leader.step-down.wait-time = 10s (default)
scm_1       | 2022-02-24 17:26:41,680 [pool-14-thread-1] INFO server.RaftServerConfigKeys: raft.server.snapshot.auto.trigger.enabled = true (custom)
om_1        | 2022-02-24 17:27:04,463 [om1@group-C5BA1605619E-LeaderElection1] INFO server.RaftServerConfigKeys: raft.server.watch.timeout.denomination = 1s (default)
datanode_1  | 2022-02-24 17:26:57,908 [46c455c9-1d4c-4c77-ab57-e0ecdfa6249f@group-F2A9B95AA274-SegmentedRaftLogWorker] INFO segmented.SegmentedRaftLogWorker: 46c455c9-1d4c-4c77-ab57-e0ecdfa6249f@group-F2A9B95AA274-SegmentedRaftLogWorker: created new log segment /data/metadata/ratis/ca18ff55-504a-44d2-904d-f2a9b95aa274/current/log_inprogress_0
datanode_3  | 2022-02-24 17:26:56,033 [pool-22-thread-1] INFO server.RaftServerConfigKeys: raft.server.sleep.deviation.threshold = 300ms (default)
scm_1       | 2022-02-24 17:26:41,681 [pool-14-thread-1] INFO server.RaftServerConfigKeys: raft.server.snapshot.auto.trigger.threshold = 1000 (custom)
om_1        | 2022-02-24 17:27:04,464 [om1@group-C5BA1605619E-LeaderElection1] INFO server.RaftServerConfigKeys: raft.server.watch.element-limit = 65536 (default)
datanode_1  | 2022-02-24 17:27:01,003 [46c455c9-1d4c-4c77-ab57-e0ecdfa6249f@group-F0C9C9EE99A6-FollowerState] INFO impl.FollowerState: 46c455c9-1d4c-4c77-ab57-e0ecdfa6249f@group-F0C9C9EE99A6-FollowerState: change to CANDIDATE, lastRpcElapsedTime:5008557325ns, electionTimeout:5007ms
datanode_3  | 2022-02-24 17:26:56,037 [pool-22-thread-1] INFO server.RaftServerConfigKeys: raft.server.log.appender.install.snapshot.enabled = false (custom)
scm_1       | 2022-02-24 17:26:41,681 [pool-14-thread-1] INFO server.RaftServerConfigKeys: raft.server.snapshot.retention.file.num = -1 (default)
om_1        | 2022-02-24 17:27:04,477 [om1@group-C5BA1605619E-LeaderElection1] INFO server.RaftServerConfigKeys: raft.server.write.element-limit = 4096 (default)
datanode_1  | 2022-02-24 17:27:01,003 [46c455c9-1d4c-4c77-ab57-e0ecdfa6249f@group-F0C9C9EE99A6-FollowerState] INFO impl.RoleInfo: 46c455c9-1d4c-4c77-ab57-e0ecdfa6249f: shutdown 46c455c9-1d4c-4c77-ab57-e0ecdfa6249f@group-F0C9C9EE99A6-FollowerState
datanode_3  | 2022-02-24 17:26:56,038 [pool-22-thread-1] INFO server.RaftServer$Division: 28a172de-fdda-412d-ba65-f1e07f9ec019@group-F0C9C9EE99A6: ConfigurationManager, init=-1: [46c455c9-1d4c-4c77-ab57-e0ecdfa6249f|rpc:172.20.0.3:9856|admin:172.20.0.3:9857|client:172.20.0.3:9858|priority:0, 0af81fc9-1fe0-41f7-bc23-ef823c5d2e9e|rpc:172.20.0.5:9856|admin:172.20.0.5:9857|client:172.20.0.5:9858|priority:1, 28a172de-fdda-412d-ba65-f1e07f9ec019|rpc:172.20.0.4:9856|admin:172.20.0.4:9857|client:172.20.0.4:9858|priority:0], old=null, confs=<EMPTY_MAP>
scm_1       | 2022-02-24 17:26:41,682 [pool-14-thread-1] INFO server.RaftServerConfigKeys: raft.server.log.purge.upto.snapshot.index = false (default)
om_1        | 2022-02-24 17:27:04,478 [om1@group-C5BA1605619E-LeaderElection1] INFO server.RaftServerConfigKeys: raft.server.write.follower.gap.ratio.max = -1.0 (default)
om_1        | 2022-02-24 17:27:04,481 [om1@group-C5BA1605619E-LeaderElection1] INFO impl.RoleInfo: om1: start om1@group-C5BA1605619E-LeaderStateImpl
datanode_3  | 2022-02-24 17:26:56,041 [pool-22-thread-1] INFO server.RaftServerConfigKeys: raft.server.storage.dir = [/data/metadata/ratis] (custom)
om_1        | 2022-02-24 17:27:04,502 [om1@group-C5BA1605619E-LeaderElection1] INFO segmented.SegmentedRaftLogWorker: om1@group-C5BA1605619E-SegmentedRaftLogWorker: Starting segment from index:0
datanode_1  | 2022-02-24 17:27:01,003 [46c455c9-1d4c-4c77-ab57-e0ecdfa6249f@group-F0C9C9EE99A6-FollowerState] INFO server.RaftServer$Division: 46c455c9-1d4c-4c77-ab57-e0ecdfa6249f@group-F0C9C9EE99A6: changes role from  FOLLOWER to CANDIDATE at term 0 for changeToCandidate
scm_1       | 2022-02-24 17:26:41,683 [pool-14-thread-1] INFO server.RaftServerConfigKeys: raft.server.retrycache.expirytime = 60000ms (default)
datanode_3  | 2022-02-24 17:26:56,041 [Command processor thread] INFO server.RaftServer: 28a172de-fdda-412d-ba65-f1e07f9ec019: addNew group-F0C9C9EE99A6:[46c455c9-1d4c-4c77-ab57-e0ecdfa6249f|rpc:172.20.0.3:9856|admin:172.20.0.3:9857|client:172.20.0.3:9858|priority:0, 0af81fc9-1fe0-41f7-bc23-ef823c5d2e9e|rpc:172.20.0.5:9856|admin:172.20.0.5:9857|client:172.20.0.5:9858|priority:1, 28a172de-fdda-412d-ba65-f1e07f9ec019|rpc:172.20.0.4:9856|admin:172.20.0.4:9857|client:172.20.0.4:9858|priority:0] returns group-F0C9C9EE99A6:java.util.concurrent.CompletableFuture@2711a506[Not completed]
datanode_1  | 2022-02-24 17:27:01,003 [46c455c9-1d4c-4c77-ab57-e0ecdfa6249f@group-F0C9C9EE99A6-FollowerState] INFO server.RaftServerConfigKeys: raft.server.leaderelection.pre-vote = false (custom)
om_1        | 2022-02-24 17:27:04,577 [om1@group-C5BA1605619E-LeaderElection1] INFO server.RaftServer$Division: om1@group-C5BA1605619E: set configuration 0: [om1|rpc:om:9872|admin:|client:|dataStream:|priority:0], old=null
scm_1       | 2022-02-24 17:26:41,683 [pool-14-thread-1] INFO server.RaftServerConfigKeys: raft.server.retrycache.statistics.expirytime = 100?s (default)
datanode_3  | 2022-02-24 17:26:56,042 [pool-22-thread-1] INFO server.RaftServerConfigKeys: raft.server.log.corruption.policy = EXCEPTION (default)
datanode_1  | 2022-02-24 17:27:01,003 [46c455c9-1d4c-4c77-ab57-e0ecdfa6249f@group-F0C9C9EE99A6-FollowerState] INFO impl.RoleInfo: 46c455c9-1d4c-4c77-ab57-e0ecdfa6249f: start 46c455c9-1d4c-4c77-ab57-e0ecdfa6249f@group-F0C9C9EE99A6-LeaderElection3
om_1        | 2022-02-24 17:27:04,619 [om1@group-C5BA1605619E-SegmentedRaftLogWorker] INFO segmented.SegmentedRaftLogWorker: om1@group-C5BA1605619E-SegmentedRaftLogWorker: created new log segment /data/metadata/ratis/bf265839-605b-3f16-9796-c5ba1605619e/current/log_inprogress_0
scm_1       | 2022-02-24 17:26:41,710 [main] INFO ha.SCMSnapshotProvider: Initializing SCM Snapshot Provider
datanode_3  | 2022-02-24 17:26:56,042 [pool-22-thread-1] INFO server.RaftServerConfigKeys: raft.server.storage.free-space.min = 0MB (=0) (default)
datanode_1  | 2022-02-24 17:27:01,011 [46c455c9-1d4c-4c77-ab57-e0ecdfa6249f@group-F0C9C9EE99A6-LeaderElection3] INFO impl.LeaderElection: 46c455c9-1d4c-4c77-ab57-e0ecdfa6249f@group-F0C9C9EE99A6-LeaderElection3 ELECTION round 0: submit vote requests at term 1 for -1: [46c455c9-1d4c-4c77-ab57-e0ecdfa6249f|rpc:172.20.0.3:9856|admin:172.20.0.3:9857|client:172.20.0.3:9858|priority:0, 0af81fc9-1fe0-41f7-bc23-ef823c5d2e9e|rpc:172.20.0.5:9856|admin:172.20.0.5:9857|client:172.20.0.5:9858|priority:1, 28a172de-fdda-412d-ba65-f1e07f9ec019|rpc:172.20.0.4:9856|admin:172.20.0.4:9857|client:172.20.0.4:9858|priority:0], old=null
om_1        | 2022-02-24 17:27:04,725 [om1@group-C5BA1605619E-StateMachineUpdater] INFO ratis.OzoneManagerStateMachine: Received Configuration change notification from Ratis. New Peer list:
scm_1       | 2022-02-24 17:26:41,710 [main] WARN server.ServerUtils: Storage directory for Ratis is not configured. It is a good idea to map this to an SSD disk. Falling back to ozone.metadata.dirs
datanode_3  | 2022-02-24 17:26:56,042 [pool-22-thread-1] INFO storage.RaftStorageDirectory: The storage directory /data/metadata/ratis/5faa25d5-ff80-488f-b6e7-f0c9c9ee99a6 does not exist. Creating ...
datanode_1  | 2022-02-24 17:27:01,031 [46c455c9-1d4c-4c77-ab57-e0ecdfa6249f@group-F0C9C9EE99A6-LeaderElection3] INFO impl.LeaderElection: 46c455c9-1d4c-4c77-ab57-e0ecdfa6249f@group-F0C9C9EE99A6-LeaderElection3: ELECTION REJECTED received 1 response(s) and 0 exception(s):
om_1        | [id: "om1"
scm_1       | 2022-02-24 17:26:41,710 [main] WARN ha.SCMHAUtils: SCM snapshot dir is not configured. Falling back to ozone.metadata.dirs config
datanode_3  | 2022-02-24 17:26:56,046 [pool-22-thread-1] INFO storage.RaftStorageDirectory: Lock on /data/metadata/ratis/5faa25d5-ff80-488f-b6e7-f0c9c9ee99a6/in_use.lock acquired by nodename 7@f6075bcf7612
datanode_1  | 2022-02-24 17:27:01,032 [46c455c9-1d4c-4c77-ab57-e0ecdfa6249f@group-F0C9C9EE99A6-LeaderElection3] INFO impl.LeaderElection:   Response 0: 46c455c9-1d4c-4c77-ab57-e0ecdfa6249f<-0af81fc9-1fe0-41f7-bc23-ef823c5d2e9e#0:FAIL-t1
om_1        | address: "om:9872"
scm_1       | 2022-02-24 17:26:41,721 [main] INFO ha.SequenceIdGenerator: upgrade localId to 109611004723200000
datanode_3  | 2022-02-24 17:26:56,048 [pool-22-thread-1] INFO storage.RaftStorage: Storage directory /data/metadata/ratis/5faa25d5-ff80-488f-b6e7-f0c9c9ee99a6 has been successfully formatted.
datanode_1  | 2022-02-24 17:27:01,032 [46c455c9-1d4c-4c77-ab57-e0ecdfa6249f@group-F0C9C9EE99A6-LeaderElection3] INFO impl.LeaderElection: 46c455c9-1d4c-4c77-ab57-e0ecdfa6249f@group-F0C9C9EE99A6-LeaderElection3 ELECTION round 0: result REJECTED
om_1        | ]
scm_1       | 2022-02-24 17:26:41,721 [main] INFO ha.SequenceIdGenerator: upgrade delTxnId to 0
datanode_3  | 2022-02-24 17:26:56,049 [pool-22-thread-1] INFO ratis.ContainerStateMachine: group-F0C9C9EE99A6: The snapshot info is null. Setting the last applied indexto:(t:0, i:~)
