scm_1       | 2021-06-29 13:17:29,694 [EventQueue-PipelineReportForPipelineReportHandler] INFO pipeline.PipelineManagerV2Impl: Pipeline Pipeline[ Id: 1ab4ce81-008f-4aac-acd6-67a311db3370, Nodes: 824a48d9-e5ce-4c91-9713-5fe8dfa43523{ip: 172.23.0.4, host: hadoop32_datanode_1.hadoop32_default, ports: [REPLICATION=9886, RATIS=9858, RATIS_ADMIN=9857, RATIS_SERVER=9856, STANDALONE=9859], networkLocation: /default-rack, certSerialId: null, persistedOpState: IN_SERVICE, persistedOpStateExpiryEpochSec: 0}f89f974b-0b44-47f2-8c81-d44f11224004{ip: 172.23.0.6, host: hadoop32_datanode_2.hadoop32_default, ports: [REPLICATION=9886, RATIS=9858, RATIS_ADMIN=9857, RATIS_SERVER=9856, STANDALONE=9859], networkLocation: /default-rack, certSerialId: null, persistedOpState: IN_SERVICE, persistedOpStateExpiryEpochSec: 0}e6ffe1bf-0c6e-4930-beab-221fa6cea2d4{ip: 172.23.0.8, host: hadoop32_datanode_3.hadoop32_default, ports: [REPLICATION=9886, RATIS=9858, RATIS_ADMIN=9857, RATIS_SERVER=9856, STANDALONE=9859], networkLocation: /default-rack, certSerialId: null, persistedOpState: IN_SERVICE, persistedOpStateExpiryEpochSec: 0}, ReplicationConfig: RATIS/THREE, State:ALLOCATED, leaderId:824a48d9-e5ce-4c91-9713-5fe8dfa43523, CreationTimestamp2021-06-29T13:17:13.638Z] moved to OPEN state
rm_1        | 2021-06-29 13:19:07 INFO  FiCaSchedulerNode:170 - Assigned container container_1624972619018_0001_01_000004 of capacity <memory:4096, vCores:1> on host nm:40321, which has 2 containers, <memory:6144, vCores:2> used and <memory:2048, vCores:6> available after allocation
nm_1        | 2021-06-29 13:19:31 INFO  AuxServices:350 - Got event CONTAINER_INIT for appId application_1624972619018_0002
scm_1       | 2021-06-29 13:17:58,323 [IPC Server handler 77 on default port 9863] INFO ha.SequenceIdGenerator: Allocate a batch for containerId, change lastId from 0 to 1000.
rm_1        | 2021-06-29 13:19:07 INFO  RMAuditLogger:232 - USER=hadoop	OPERATION=AM Allocated Container	TARGET=SchedulerApp	RESULT=SUCCESS	APPID=application_1624972619018_0001	CONTAINERID=container_1624972619018_0001_01_000004	RESOURCE=<memory:4096, vCores:1>	QUEUENAME=default
nm_1        | 2021-06-29 13:19:31 INFO  ResourceLocalizationService:798 - Created localizer for container_1624972619018_0002_01_000001
scm_1       | 2021-06-29 13:17:58,374 [IPC Server handler 77 on default port 9863] WARN ha.SequenceIdGenerator: Failed to allocate a batch for localId, expected lastId is 0, actual lastId is 107544261427200000.
rm_1        | 2021-06-29 13:19:07 INFO  ParentQueue:1355 - assignedContainer queue=root usedCapacity=0.75 absoluteUsedCapacity=0.75 used=<memory:6144, vCores:2> cluster=<memory:8192, vCores:8>
nm_1        | 2021-06-29 13:19:31 INFO  ResourceLocalizationService:1330 - Writing credentials to the nmPrivate file /tmp/hadoop-hadoop/nm-local-dir/nmPrivate/container_1624972619018_0002_01_00000117a57ecc1e6.tokens
scm_1       | 2021-06-29 13:17:58,374 [IPC Server handler 77 on default port 9863] INFO ha.SequenceIdGenerator: Allocate a batch for localId, change lastId from 107544261427200000 to 107544261427201000.
rm_1        | 2021-06-29 13:19:07 INFO  CapacityScheduler:3048 - Allocation proposal accepted
nm_1        | 2021-06-29 13:19:31 INFO  DefaultContainerExecutor:836 - Initializing user hadoop
scm_1       | 2021-06-29 13:19:32,925 [IPC Server handler 93 on default port 9863] INFO ha.SequenceIdGenerator: Allocate a batch for delTxnId, change lastId from 0 to 1000.
rm_1        | 2021-06-29 13:19:07 INFO  RMContainerImpl:482 - container_1624972619018_0001_01_000004 Container Transitioned from ALLOCATED to ACQUIRED
nm_1        | 2021-06-29 13:19:31 INFO  DefaultContainerExecutor:165 - Copying from /tmp/hadoop-hadoop/nm-local-dir/nmPrivate/container_1624972619018_0002_01_00000117a57ecc1e6.tokens to /tmp/hadoop-hadoop/nm-local-dir/usercache/hadoop/appcache/application_1624972619018_0002/container_1624972619018_0002_01_000001.tokens
rm_1        | 2021-06-29 13:19:08 INFO  RMContainerImpl:482 - container_1624972619018_0001_01_000004 Container Transitioned from ACQUIRED to RUNNING
nm_1        | 2021-06-29 13:19:31 INFO  DefaultContainerExecutor:173 - Localizer CWD set to /tmp/hadoop-hadoop/nm-local-dir/usercache/hadoop/appcache/application_1624972619018_0002 = file:/tmp/hadoop-hadoop/nm-local-dir/usercache/hadoop/appcache/application_1624972619018_0002
nm_1        | 2021-06-29 13:19:32 INFO  ContainerImpl:2175 - Container container_1624972619018_0002_01_000001 transitioned from LOCALIZING to SCHEDULED
nm_1        | 2021-06-29 13:19:32 INFO  ContainerScheduler:542 - Starting container [container_1624972619018_0002_01_000001]
rm_1        | 2021-06-29 13:19:08 INFO  AppSchedulingInfo:367 - checking for deactivate of application :application_1624972619018_0001
nm_1        | 2021-06-29 13:19:32 INFO  ContainerImpl:2175 - Container container_1624972619018_0002_01_000001 transitioned from SCHEDULED to RUNNING
rm_1        | 2021-06-29 13:19:11 INFO  RMContainerImpl:482 - container_1624972619018_0001_01_000004 Container Transitioned from RUNNING to COMPLETED
nm_1        | 2021-06-29 13:19:32 INFO  ContainersMonitorImpl:1121 - Starting resource-monitoring for container_1624972619018_0002_01_000001
rm_1        | 2021-06-29 13:19:11 INFO  RMAuditLogger:232 - USER=hadoop	OPERATION=AM Released Container	TARGET=SchedulerApp	RESULT=SUCCESS	APPID=application_1624972619018_0001	CONTAINERID=container_1624972619018_0001_01_000004	RESOURCE=<memory:4096, vCores:1>	QUEUENAME=default
nm_1        | 2021-06-29 13:19:32 INFO  DefaultContainerExecutor:370 - launchContainer: [bash, /tmp/hadoop-hadoop/nm-local-dir/usercache/hadoop/appcache/application_1624972619018_0002/container_1624972619018_0002_01_000001/default_container_executor.sh]
rm_1        | 2021-06-29 13:19:11 INFO  AbstractContainerAllocator:130 - assignedContainer application attempt=appattempt_1624972619018_0001_000001 container=null queue=default clusterResource=<memory:8192, vCores:8> type=OFF_SWITCH requestedPartition=
nm_1        | 2021-06-29 13:19:32 INFO  ContainersMonitorImpl:650 - container_1624972619018_0002_01_000001's ip = 172.23.0.3, and hostname = nm
rm_1        | 2021-06-29 13:19:11 INFO  RMContainerImpl:482 - container_1624972619018_0001_01_000005 Container Transitioned from NEW to ALLOCATED
nm_1        | 2021-06-29 13:19:32 INFO  ContainersMonitorImpl:551 - Skipping monitoring container container_1624972619018_0002_01_000001 since CPU usage is not yet available.
rm_1        | 2021-06-29 13:19:11 INFO  FiCaSchedulerNode:170 - Assigned container container_1624972619018_0001_01_000005 of capacity <memory:4096, vCores:1> on host nm:40321, which has 2 containers, <memory:6144, vCores:2> used and <memory:2048, vCores:6> available after allocation
nm_1        | 2021-06-29 13:19:41 INFO  Server:2051 - Auth successful for appattempt_1624972619018_0002_000001 (auth:SIMPLE) from 172.23.0.3:54196
rm_1        | 2021-06-29 13:19:11 INFO  RMAuditLogger:232 - USER=hadoop	OPERATION=AM Allocated Container	TARGET=SchedulerApp	RESULT=SUCCESS	APPID=application_1624972619018_0001	CONTAINERID=container_1624972619018_0001_01_000005	RESOURCE=<memory:4096, vCores:1>	QUEUENAME=default
nm_1        | 2021-06-29 13:19:41 INFO  ContainerManagerImpl:1087 - Start request for container_1624972619018_0002_01_000002 by user hadoop
rm_1        | 2021-06-29 13:19:11 INFO  ParentQueue:1355 - assignedContainer queue=root usedCapacity=0.75 absoluteUsedCapacity=0.75 used=<memory:6144, vCores:2> cluster=<memory:8192, vCores:8>
nm_1        | 2021-06-29 13:19:41 INFO  ApplicationImpl:463 - Adding container_1624972619018_0002_01_000002 to application application_1624972619018_0002
rm_1        | 2021-06-29 13:19:11 INFO  CapacityScheduler:3048 - Allocation proposal accepted
nm_1        | 2021-06-29 13:19:41 INFO  NMAuditLogger:94 - USER=hadoop	IP=172.23.0.3	OPERATION=Start Container Request	TARGET=ContainerManageImpl	RESULT=SUCCESS	APPID=application_1624972619018_0002	CONTAINERID=container_1624972619018_0002_01_000002
rm_1        | 2021-06-29 13:19:11 INFO  RMContainerImpl:482 - container_1624972619018_0001_01_000005 Container Transitioned from ALLOCATED to ACQUIRED
nm_1        | 2021-06-29 13:19:41 INFO  ContainerImpl:2175 - Container container_1624972619018_0002_01_000002 transitioned from NEW to LOCALIZING
rm_1        | 2021-06-29 13:19:12 INFO  RMContainerImpl:482 - container_1624972619018_0001_01_000005 Container Transitioned from ACQUIRED to RUNNING
nm_1        | 2021-06-29 13:19:41 INFO  AuxServices:350 - Got event CONTAINER_INIT for appId application_1624972619018_0002
rm_1        | 2021-06-29 13:19:12 INFO  AppSchedulingInfo:367 - checking for deactivate of application :application_1624972619018_0001
nm_1        | 2021-06-29 13:19:41 INFO  AuxServices:350 - Got event APPLICATION_INIT for appId application_1624972619018_0002
rm_1        | 2021-06-29 13:19:18 INFO  RMContainerImpl:482 - container_1624972619018_0001_01_000005 Container Transitioned from RUNNING to COMPLETED
nm_1        | 2021-06-29 13:19:41 INFO  AuxServices:354 - Got APPLICATION_INIT for service mapreduce_shuffle
rm_1        | 2021-06-29 13:19:18 INFO  RMAuditLogger:232 - USER=hadoop	OPERATION=AM Released Container	TARGET=SchedulerApp	RESULT=SUCCESS	APPID=application_1624972619018_0001	CONTAINERID=container_1624972619018_0001_01_000005	RESOURCE=<memory:4096, vCores:1>	QUEUENAME=default
nm_1        | 2021-06-29 13:19:41 INFO  ShuffleHandler:719 - Added token for job_1624972619018_0002
rm_1        | 2021-06-29 13:19:19 INFO  RMAppAttemptImpl:1433 - Updating application attempt appattempt_1624972619018_0001_000001 with final state: FINISHING, and exit status: -1000
nm_1        | 2021-06-29 13:19:41 INFO  ContainerImpl:2175 - Container container_1624972619018_0002_01_000002 transitioned from LOCALIZING to SCHEDULED
rm_1        | 2021-06-29 13:19:19 INFO  RMAppAttemptImpl:931 - appattempt_1624972619018_0001_000001 State change from RUNNING to FINAL_SAVING on event = UNREGISTERED
nm_1        | 2021-06-29 13:19:41 INFO  ContainerScheduler:542 - Starting container [container_1624972619018_0002_01_000002]
rm_1        | 2021-06-29 13:19:19 INFO  RMAppAttemptImpl:931 - appattempt_1624972619018_0001_000001 State change from FINAL_SAVING to FINISHING on event = ATTEMPT_UPDATE_SAVED
nm_1        | 2021-06-29 13:19:41 INFO  ContainerImpl:2175 - Container container_1624972619018_0002_01_000002 transitioned from SCHEDULED to RUNNING
rm_1        | 2021-06-29 13:19:19 INFO  RMAppImpl:1288 - Updating application application_1624972619018_0001 with final state: FINISHING
rm_1        | 2021-06-29 13:19:19 INFO  RMAppImpl:903 - application_1624972619018_0001 State change from RUNNING to FINAL_SAVING on event = ATTEMPT_UNREGISTERED
nm_1        | 2021-06-29 13:19:41 INFO  ContainersMonitorImpl:1121 - Starting resource-monitoring for container_1624972619018_0002_01_000002
rm_1        | 2021-06-29 13:19:19 INFO  RMStateStore:262 - Updating info for app: application_1624972619018_0001
nm_1        | 2021-06-29 13:19:41 INFO  DefaultContainerExecutor:370 - launchContainer: [bash, /tmp/hadoop-hadoop/nm-local-dir/usercache/hadoop/appcache/application_1624972619018_0002/container_1624972619018_0002_01_000002/default_container_executor.sh]
rm_1        | 2021-06-29 13:19:19 INFO  RMAppImpl:903 - application_1624972619018_0001 State change from FINAL_SAVING to FINISHING on event = APP_UPDATE_SAVED
nm_1        | 2021-06-29 13:19:41 INFO  ContainersMonitorImpl:650 - container_1624972619018_0002_01_000002's ip = 172.23.0.3, and hostname = nm
rm_1        | 2021-06-29 13:19:20 INFO  ApplicationMasterService:318 - application_1624972619018_0001 unregistered successfully. 
nm_1        | 2021-06-29 13:19:41 INFO  ContainersMonitorImpl:551 - Skipping monitoring container container_1624972619018_0002_01_000002 since CPU usage is not yet available.
rm_1        | 2021-06-29 13:19:23 INFO  ClientRMService:380 - Allocated new applicationId: 2
nm_1        | 2021-06-29 13:19:45 INFO  ContainerLaunch:596 - Container container_1624972619018_0002_01_000002 succeeded 
rm_1        | 2021-06-29 13:19:25 INFO  RMContainerImpl:482 - container_1624972619018_0001_01_000001 Container Transitioned from RUNNING to COMPLETED
nm_1        | 2021-06-29 13:19:45 INFO  ContainerImpl:2175 - Container container_1624972619018_0002_01_000002 transitioned from RUNNING to EXITED_WITH_SUCCESS
rm_1        | 2021-06-29 13:19:25 INFO  RMAuditLogger:232 - USER=hadoop	OPERATION=AM Released Container	TARGET=SchedulerApp	RESULT=SUCCESS	APPID=application_1624972619018_0001	CONTAINERID=container_1624972619018_0001_01_000001	RESOURCE=<memory:2048, vCores:1>	QUEUENAME=default
nm_1        | 2021-06-29 13:19:45 INFO  ContainerCleanup:87 - Cleaning up container container_1624972619018_0002_01_000002
rm_1        | 2021-06-29 13:19:25 INFO  ApplicationMasterService:497 - Unregistering app attempt : appattempt_1624972619018_0001_000001
nm_1        | 2021-06-29 13:19:45 INFO  NMAuditLogger:94 - USER=hadoop	OPERATION=Container Finished - Succeeded	TARGET=ContainerImpl	RESULT=SUCCESS	APPID=application_1624972619018_0002	CONTAINERID=container_1624972619018_0002_01_000002
rm_1        | 2021-06-29 13:19:25 INFO  AMRMTokenSecretManager:124 - Application finished, removing password for appattempt_1624972619018_0001_000001
rm_1        | 2021-06-29 13:19:25 INFO  RMAppAttemptImpl:931 - appattempt_1624972619018_0001_000001 State change from FINISHING to FINISHED on event = CONTAINER_FINISHED
nm_1        | 2021-06-29 13:19:45 INFO  ContainerImpl:2175 - Container container_1624972619018_0002_01_000002 transitioned from EXITED_WITH_SUCCESS to DONE
rm_1        | 2021-06-29 13:19:25 INFO  RMAppImpl:903 - application_1624972619018_0001 State change from FINISHING to FINISHED on event = ATTEMPT_FINISHED
nm_1        | 2021-06-29 13:19:45 INFO  ApplicationImpl:512 - Removing container_1624972619018_0002_01_000002 from application application_1624972619018_0002
nm_1        | 2021-06-29 13:19:45 INFO  ContainersMonitorImpl:1112 - Stopping resource-monitoring for container_1624972619018_0002_01_000002
nm_1        | 2021-06-29 13:19:45 INFO  AuxServices:350 - Got event CONTAINER_STOP for appId application_1624972619018_0002
nm_1        | 2021-06-29 13:19:45 INFO  DefaultContainerExecutor:634 - Deleting absolute path : /tmp/hadoop-hadoop/nm-local-dir/usercache/hadoop/appcache/application_1624972619018_0002/container_1624972619018_0002_01_000002/launch_container.sh
nm_1        | 2021-06-29 13:19:45 INFO  DefaultContainerExecutor:634 - Deleting absolute path : /tmp/hadoop-hadoop/nm-local-dir/usercache/hadoop/appcache/application_1624972619018_0002/container_1624972619018_0002_01_000002/container_tokens
nm_1        | 2021-06-29 13:19:45 INFO  DefaultContainerExecutor:634 - Deleting absolute path : /tmp/hadoop-hadoop/nm-local-dir/usercache/hadoop/appcache/application_1624972619018_0002/container_1624972619018_0002_01_000002/sysfs
nm_1        | 2021-06-29 13:19:45 WARN  DefaultContainerExecutor:637 - delete returned false for path: [/tmp/hadoop-hadoop/nm-local-dir/usercache/hadoop/appcache/application_1624972619018_0002/container_1624972619018_0002_01_000002/sysfs]
nm_1        | 2021-06-29 13:19:47 INFO  Server:2051 - Auth successful for appattempt_1624972619018_0002_000001 (auth:SIMPLE) from 172.23.0.3:54212
nm_1        | 2021-06-29 13:19:47 INFO  ContainerManagerImpl:1087 - Start request for container_1624972619018_0002_01_000003 by user hadoop
nm_1        | 2021-06-29 13:19:47 INFO  ApplicationImpl:463 - Adding container_1624972619018_0002_01_000003 to application application_1624972619018_0002
nm_1        | 2021-06-29 13:19:47 INFO  NMAuditLogger:94 - USER=hadoop	IP=172.23.0.3	OPERATION=Start Container Request	TARGET=ContainerManageImpl	RESULT=SUCCESS	APPID=application_1624972619018_0002	CONTAINERID=container_1624972619018_0002_01_000003
nm_1        | 2021-06-29 13:19:47 INFO  ContainerImpl:2175 - Container container_1624972619018_0002_01_000003 transitioned from NEW to LOCALIZING
nm_1        | 2021-06-29 13:19:47 INFO  AuxServices:350 - Got event CONTAINER_INIT for appId application_1624972619018_0002
nm_1        | 2021-06-29 13:19:47 INFO  AuxServices:350 - Got event APPLICATION_INIT for appId application_1624972619018_0002
nm_1        | 2021-06-29 13:19:47 INFO  AuxServices:354 - Got APPLICATION_INIT for service mapreduce_shuffle
nm_1        | 2021-06-29 13:19:47 INFO  ShuffleHandler:719 - Added token for job_1624972619018_0002
nm_1        | 2021-06-29 13:19:47 INFO  ContainerImpl:2175 - Container container_1624972619018_0002_01_000003 transitioned from LOCALIZING to SCHEDULED
nm_1        | 2021-06-29 13:19:47 INFO  ContainerScheduler:542 - Starting container [container_1624972619018_0002_01_000003]
nm_1        | 2021-06-29 13:19:47 INFO  ContainerImpl:2175 - Container container_1624972619018_0002_01_000003 transitioned from SCHEDULED to RUNNING
nm_1        | 2021-06-29 13:19:47 INFO  ContainersMonitorImpl:1121 - Starting resource-monitoring for container_1624972619018_0002_01_000003
nm_1        | 2021-06-29 13:19:47 INFO  DefaultContainerExecutor:370 - launchContainer: [bash, /tmp/hadoop-hadoop/nm-local-dir/usercache/hadoop/appcache/application_1624972619018_0002/container_1624972619018_0002_01_000003/default_container_executor.sh]
nm_1        | 2021-06-29 13:19:47 INFO  NodeStatusUpdaterImpl:723 - Removed completed containers from NM context: [container_1624972619018_0002_01_000002]
nm_1        | 2021-06-29 13:19:47 INFO  ContainersMonitorImpl:650 - container_1624972619018_0002_01_000003's ip = 172.23.0.3, and hostname = nm
nm_1        | 2021-06-29 13:19:47 INFO  ContainersMonitorImpl:551 - Skipping monitoring container container_1624972619018_0002_01_000003 since CPU usage is not yet available.
nm_1        | 2021-06-29 13:19:50 INFO  ContainerLaunch:596 - Container container_1624972619018_0002_01_000003 succeeded 
nm_1        | 2021-06-29 13:19:50 INFO  ContainerImpl:2175 - Container container_1624972619018_0002_01_000003 transitioned from RUNNING to EXITED_WITH_SUCCESS
nm_1        | 2021-06-29 13:19:50 INFO  NMAuditLogger:94 - USER=hadoop	OPERATION=Container Finished - Succeeded	TARGET=ContainerImpl	RESULT=SUCCESS	APPID=application_1624972619018_0002	CONTAINERID=container_1624972619018_0002_01_000003
nm_1        | 2021-06-29 13:19:50 INFO  ContainerCleanup:87 - Cleaning up container container_1624972619018_0002_01_000003
nm_1        | 2021-06-29 13:19:50 INFO  ContainerImpl:2175 - Container container_1624972619018_0002_01_000003 transitioned from EXITED_WITH_SUCCESS to DONE
nm_1        | 2021-06-29 13:19:50 INFO  ApplicationImpl:512 - Removing container_1624972619018_0002_01_000003 from application application_1624972619018_0002
nm_1        | 2021-06-29 13:19:50 INFO  ContainersMonitorImpl:1112 - Stopping resource-monitoring for container_1624972619018_0002_01_000003
nm_1        | 2021-06-29 13:19:50 INFO  AuxServices:350 - Got event CONTAINER_STOP for appId application_1624972619018_0002
nm_1        | 2021-06-29 13:19:50 INFO  DefaultContainerExecutor:634 - Deleting absolute path : /tmp/hadoop-hadoop/nm-local-dir/usercache/hadoop/appcache/application_1624972619018_0002/container_1624972619018_0002_01_000003/launch_container.sh
nm_1        | 2021-06-29 13:19:50 INFO  DefaultContainerExecutor:634 - Deleting absolute path : /tmp/hadoop-hadoop/nm-local-dir/usercache/hadoop/appcache/application_1624972619018_0002/container_1624972619018_0002_01_000003/container_tokens
nm_1        | 2021-06-29 13:19:50 INFO  DefaultContainerExecutor:634 - Deleting absolute path : /tmp/hadoop-hadoop/nm-local-dir/usercache/hadoop/appcache/application_1624972619018_0002/container_1624972619018_0002_01_000003/sysfs
nm_1        | 2021-06-29 13:19:50 WARN  DefaultContainerExecutor:637 - delete returned false for path: [/tmp/hadoop-hadoop/nm-local-dir/usercache/hadoop/appcache/application_1624972619018_0002/container_1624972619018_0002_01_000003/sysfs]
nm_1        | 2021-06-29 13:19:52 INFO  Server:2051 - Auth successful for appattempt_1624972619018_0002_000001 (auth:SIMPLE) from 172.23.0.3:54230
nm_1        | 2021-06-29 13:19:52 INFO  ContainerManagerImpl:1087 - Start request for container_1624972619018_0002_01_000004 by user hadoop
nm_1        | 2021-06-29 13:19:52 INFO  NMAuditLogger:94 - USER=hadoop	IP=172.23.0.3	OPERATION=Start Container Request	TARGET=ContainerManageImpl	RESULT=SUCCESS	APPID=application_1624972619018_0002	CONTAINERID=container_1624972619018_0002_01_000004
nm_1        | 2021-06-29 13:19:52 INFO  ApplicationImpl:463 - Adding container_1624972619018_0002_01_000004 to application application_1624972619018_0002
nm_1        | 2021-06-29 13:19:52 INFO  ContainerImpl:2175 - Container container_1624972619018_0002_01_000004 transitioned from NEW to LOCALIZING
nm_1        | 2021-06-29 13:19:52 INFO  AuxServices:350 - Got event CONTAINER_INIT for appId application_1624972619018_0002
nm_1        | 2021-06-29 13:19:52 INFO  AuxServices:350 - Got event APPLICATION_INIT for appId application_1624972619018_0002
nm_1        | 2021-06-29 13:19:52 INFO  AuxServices:354 - Got APPLICATION_INIT for service mapreduce_shuffle
nm_1        | 2021-06-29 13:19:52 INFO  ShuffleHandler:719 - Added token for job_1624972619018_0002
nm_1        | 2021-06-29 13:19:52 INFO  ContainerImpl:2175 - Container container_1624972619018_0002_01_000004 transitioned from LOCALIZING to SCHEDULED
nm_1        | 2021-06-29 13:19:52 INFO  ContainerScheduler:542 - Starting container [container_1624972619018_0002_01_000004]
nm_1        | 2021-06-29 13:19:52 INFO  ContainerImpl:2175 - Container container_1624972619018_0002_01_000004 transitioned from SCHEDULED to RUNNING
nm_1        | 2021-06-29 13:19:52 INFO  ContainersMonitorImpl:1121 - Starting resource-monitoring for container_1624972619018_0002_01_000004
rm_1        | 2021-06-29 13:19:25 INFO  CapacityScheduler:1101 - Application Attempt appattempt_1624972619018_0001_000001 is done. finalState=FINISHED
nm_1        | 2021-06-29 13:19:52 INFO  DefaultContainerExecutor:370 - launchContainer: [bash, /tmp/hadoop-hadoop/nm-local-dir/usercache/hadoop/appcache/application_1624972619018_0002/container_1624972619018_0002_01_000004/default_container_executor.sh]
rm_1        | 2021-06-29 13:19:25 INFO  AppSchedulingInfo:159 - Application application_1624972619018_0001 requests cleared
nm_1        | 2021-06-29 13:19:52 INFO  NodeStatusUpdaterImpl:723 - Removed completed containers from NM context: [container_1624972619018_0002_01_000003]
rm_1        | 2021-06-29 13:19:25 INFO  LeafQueue:995 - Application removed - appId: application_1624972619018_0001 user: hadoop queue: default #user-pending-applications: 0 #user-active-applications: 0 #queue-pending-applications: 0 #queue-active-applications: 0
nm_1        | 2021-06-29 13:19:53 INFO  ContainersMonitorImpl:650 - container_1624972619018_0002_01_000004's ip = 172.23.0.3, and hostname = nm
rm_1        | 2021-06-29 13:19:25 INFO  ParentQueue:523 - Application removed - appId: application_1624972619018_0001 user: hadoop leaf-queue of parent: root #applications: 0
nm_1        | 2021-06-29 13:19:53 INFO  ContainersMonitorImpl:551 - Skipping monitoring container container_1624972619018_0002_01_000004 since CPU usage is not yet available.
rm_1        | 2021-06-29 13:19:25 INFO  AMLauncher:321 - Cleaning master appattempt_1624972619018_0001_000001
nm_1        | 2021-06-29 13:19:56 INFO  ContainerLaunch:596 - Container container_1624972619018_0002_01_000004 succeeded 
rm_1        | 2021-06-29 13:19:25 INFO  RMAuditLogger:369 - USER=hadoop	OPERATION=Application Finished - Succeeded	TARGET=RMAppManager	RESULT=SUCCESS	APPID=application_1624972619018_0001
nm_1        | 2021-06-29 13:19:56 INFO  ContainerImpl:2175 - Container container_1624972619018_0002_01_000004 transitioned from RUNNING to EXITED_WITH_SUCCESS
rm_1        | 2021-06-29 13:19:25 INFO  RMAppManager$ApplicationSummary:251 - appId=application_1624972619018_0001,name=QuasiMonteCarlo,user=hadoop,queue=default,state=FINISHED,trackingUrl=http://rm:8088/proxy/application_1624972619018_0001/,appMasterHost=nm,submitTime=1624972725769,startTime=1624972725837,launchTime=1624972726786,finishTime=1624972759304,finalStatus=SUCCEEDED,memorySeconds=161030,vcoreSeconds=57,preemptedMemorySeconds=0,preemptedVcoreSeconds=0,preemptedAMContainers=0,preemptedNonAMContainers=0,preemptedResources=<memory:0\, vCores:0>,applicationType=MAPREDUCE,resourceSeconds=161030 MB-seconds\, 57 vcore-seconds,preemptedResourceSeconds=0 MB-seconds\, 0 vcore-seconds,applicationTags=,applicationNodeLabel=,diagnostics=,totalAllocatedContainers=5
nm_1        | 2021-06-29 13:19:56 INFO  NMAuditLogger:94 - USER=hadoop	OPERATION=Container Finished - Succeeded	TARGET=ContainerImpl	RESULT=SUCCESS	APPID=application_1624972619018_0002	CONTAINERID=container_1624972619018_0002_01_000004
rm_1        | 2021-06-29 13:19:30 INFO  CapacityScheduler:2653 - Application 'application_1624972619018_0002' is submitted without priority hence considering default queue/cluster priority: 0
nm_1        | 2021-06-29 13:19:56 INFO  ContainerCleanup:87 - Cleaning up container container_1624972619018_0002_01_000004
rm_1        | 2021-06-29 13:19:30 INFO  CapacityScheduler:2674 - Priority '0' is acceptable in queue : default for application: application_1624972619018_0002
nm_1        | 2021-06-29 13:19:56 INFO  ContainerImpl:2175 - Container container_1624972619018_0002_01_000004 transitioned from EXITED_WITH_SUCCESS to DONE
rm_1        | 2021-06-29 13:19:30 INFO  ClientRMService:696 - Application with id 2 submitted by user hadoop
nm_1        | 2021-06-29 13:19:56 INFO  ApplicationImpl:512 - Removing container_1624972619018_0002_01_000004 from application application_1624972619018_0002
rm_1        | 2021-06-29 13:19:30 INFO  RMAuditLogger:283 - USER=hadoop	IP=172.23.0.9	OPERATION=Submit Application Request	TARGET=ClientRMService	RESULT=SUCCESS	APPID=application_1624972619018_0002	QUEUENAME=default
nm_1        | 2021-06-29 13:19:56 INFO  ContainersMonitorImpl:1112 - Stopping resource-monitoring for container_1624972619018_0002_01_000004
rm_1        | 2021-06-29 13:19:30 INFO  RMAppImpl:1269 - Storing application with id application_1624972619018_0002
nm_1        | 2021-06-29 13:19:56 INFO  AuxServices:350 - Got event CONTAINER_STOP for appId application_1624972619018_0002
rm_1        | 2021-06-29 13:19:30 INFO  RMAppImpl:903 - application_1624972619018_0002 State change from NEW to NEW_SAVING on event = START
nm_1        | 2021-06-29 13:19:56 INFO  DefaultContainerExecutor:634 - Deleting absolute path : /tmp/hadoop-hadoop/nm-local-dir/usercache/hadoop/appcache/application_1624972619018_0002/container_1624972619018_0002_01_000004/launch_container.sh
rm_1        | 2021-06-29 13:19:30 INFO  RMStateStore:224 - Storing info for app: application_1624972619018_0002
nm_1        | 2021-06-29 13:19:56 INFO  DefaultContainerExecutor:634 - Deleting absolute path : /tmp/hadoop-hadoop/nm-local-dir/usercache/hadoop/appcache/application_1624972619018_0002/container_1624972619018_0002_01_000004/container_tokens
rm_1        | 2021-06-29 13:19:30 INFO  RMAppImpl:903 - application_1624972619018_0002 State change from NEW_SAVING to SUBMITTED on event = APP_NEW_SAVED
nm_1        | 2021-06-29 13:19:56 INFO  DefaultContainerExecutor:634 - Deleting absolute path : /tmp/hadoop-hadoop/nm-local-dir/usercache/hadoop/appcache/application_1624972619018_0002/container_1624972619018_0002_01_000004/sysfs
rm_1        | 2021-06-29 13:19:30 INFO  ParentQueue:495 - Application added - appId: application_1624972619018_0002 user: hadoop leaf-queue of parent: root #applications: 1
nm_1        | 2021-06-29 13:19:56 WARN  DefaultContainerExecutor:637 - delete returned false for path: [/tmp/hadoop-hadoop/nm-local-dir/usercache/hadoop/appcache/application_1624972619018_0002/container_1624972619018_0002_01_000004/sysfs]
rm_1        | 2021-06-29 13:19:30 INFO  CapacityScheduler:1006 - Accepted application application_1624972619018_0002 from user: hadoop, in queue: default
nm_1        | 2021-06-29 13:19:56 INFO  Server:2051 - Auth successful for appattempt_1624972619018_0002_000001 (auth:SIMPLE) from 172.23.0.3:54250
rm_1        | 2021-06-29 13:19:30 INFO  RMAppImpl:903 - application_1624972619018_0002 State change from SUBMITTED to ACCEPTED on event = APP_ACCEPTED
nm_1        | 2021-06-29 13:19:56 INFO  ContainerManagerImpl:1087 - Start request for container_1624972619018_0002_01_000005 by user hadoop
rm_1        | 2021-06-29 13:19:30 INFO  ApplicationMasterService:480 - Registering app attempt : appattempt_1624972619018_0002_000001
nm_1        | 2021-06-29 13:19:56 INFO  ApplicationImpl:463 - Adding container_1624972619018_0002_01_000005 to application application_1624972619018_0002
rm_1        | 2021-06-29 13:19:30 INFO  RMAppAttemptImpl:931 - appattempt_1624972619018_0002_000001 State change from NEW to SUBMITTED on event = START
nm_1        | 2021-06-29 13:19:56 INFO  NMAuditLogger:94 - USER=hadoop	IP=172.23.0.3	OPERATION=Start Container Request	TARGET=ContainerManageImpl	RESULT=SUCCESS	APPID=application_1624972619018_0002	CONTAINERID=container_1624972619018_0002_01_000005
rm_1        | 2021-06-29 13:19:30 WARN  LeafQueue:839 - maximum-am-resource-percent is insufficient to start a single application in queue, it is likely set too low. skipping enforcement to allow at least one application to start
rm_1        | 2021-06-29 13:19:30 WARN  LeafQueue:874 - maximum-am-resource-percent is insufficient to start a single application in queue for user, it is likely set too low. skipping enforcement to allow at least one application to start
rm_1        | 2021-06-29 13:19:30 INFO  LeafQueue:903 - Application application_1624972619018_0002 from user: hadoop activated in queue: default
nm_1        | 2021-06-29 13:19:56 INFO  ContainerImpl:2175 - Container container_1624972619018_0002_01_000005 transitioned from NEW to LOCALIZING
rm_1        | 2021-06-29 13:19:30 INFO  LeafQueue:933 - Application added - appId: application_1624972619018_0002 user: hadoop, leaf-queue: default #user-pending-applications: 0 #user-active-applications: 1 #queue-pending-applications: 0 #queue-active-applications: 1
nm_1        | 2021-06-29 13:19:56 INFO  AuxServices:350 - Got event CONTAINER_INIT for appId application_1624972619018_0002
rm_1        | 2021-06-29 13:19:30 INFO  CapacityScheduler:1052 - Added Application Attempt appattempt_1624972619018_0002_000001 to scheduler from user hadoop in queue default
nm_1        | 2021-06-29 13:19:56 INFO  AuxServices:350 - Got event APPLICATION_INIT for appId application_1624972619018_0002
rm_1        | 2021-06-29 13:19:30 INFO  RMAppAttemptImpl:931 - appattempt_1624972619018_0002_000001 State change from SUBMITTED to SCHEDULED on event = ATTEMPT_ADDED
nm_1        | 2021-06-29 13:19:56 INFO  AuxServices:354 - Got APPLICATION_INIT for service mapreduce_shuffle
rm_1        | 2021-06-29 13:19:31 INFO  AbstractContainerAllocator:130 - assignedContainer application attempt=appattempt_1624972619018_0002_000001 container=null queue=default clusterResource=<memory:8192, vCores:8> type=OFF_SWITCH requestedPartition=
nm_1        | 2021-06-29 13:19:56 INFO  ShuffleHandler:719 - Added token for job_1624972619018_0002
rm_1        | 2021-06-29 13:19:31 INFO  RMContainerImpl:482 - container_1624972619018_0002_01_000001 Container Transitioned from NEW to ALLOCATED
nm_1        | 2021-06-29 13:19:56 INFO  ContainerImpl:2175 - Container container_1624972619018_0002_01_000005 transitioned from LOCALIZING to SCHEDULED
rm_1        | 2021-06-29 13:19:31 INFO  FiCaSchedulerNode:170 - Assigned container container_1624972619018_0002_01_000001 of capacity <memory:2048, vCores:1> on host nm:40321, which has 1 containers, <memory:2048, vCores:1> used and <memory:6144, vCores:7> available after allocation
nm_1        | 2021-06-29 13:19:56 INFO  ContainerScheduler:542 - Starting container [container_1624972619018_0002_01_000005]
rm_1        | 2021-06-29 13:19:31 INFO  RMAuditLogger:232 - USER=hadoop	OPERATION=AM Allocated Container	TARGET=SchedulerApp	RESULT=SUCCESS	APPID=application_1624972619018_0002	CONTAINERID=container_1624972619018_0002_01_000001	RESOURCE=<memory:2048, vCores:1>	QUEUENAME=default
nm_1        | 2021-06-29 13:19:56 INFO  ContainerImpl:2175 - Container container_1624972619018_0002_01_000005 transitioned from SCHEDULED to RUNNING
rm_1        | 2021-06-29 13:19:31 INFO  ParentQueue:1355 - assignedContainer queue=root usedCapacity=0.25 absoluteUsedCapacity=0.25 used=<memory:2048, vCores:1> cluster=<memory:8192, vCores:8>
nm_1        | 2021-06-29 13:19:56 INFO  ContainersMonitorImpl:1121 - Starting resource-monitoring for container_1624972619018_0002_01_000005
rm_1        | 2021-06-29 13:19:31 INFO  CapacityScheduler:3048 - Allocation proposal accepted
nm_1        | 2021-06-29 13:19:56 INFO  DefaultContainerExecutor:370 - launchContainer: [bash, /tmp/hadoop-hadoop/nm-local-dir/usercache/hadoop/appcache/application_1624972619018_0002/container_1624972619018_0002_01_000005/default_container_executor.sh]
rm_1        | 2021-06-29 13:19:31 INFO  RMContainerImpl:482 - container_1624972619018_0002_01_000001 Container Transitioned from ALLOCATED to ACQUIRED
nm_1        | 2021-06-29 13:19:56 INFO  ContainersMonitorImpl:650 - container_1624972619018_0002_01_000005's ip = 172.23.0.3, and hostname = nm
rm_1        | 2021-06-29 13:19:31 INFO  NMTokenSecretManagerInRM:146 - Clear node set for appattempt_1624972619018_0002_000001
nm_1        | 2021-06-29 13:19:56 INFO  ContainersMonitorImpl:551 - Skipping monitoring container container_1624972619018_0002_01_000005 since CPU usage is not yet available.
rm_1        | 2021-06-29 13:19:31 INFO  RMAppAttemptImpl:2253 - Storing attempt: AppId: application_1624972619018_0002 AttemptId: appattempt_1624972619018_0002_000001 MasterContainer: Container: [ContainerId: container_1624972619018_0002_01_000001, AllocationRequestId: -1, Version: 0, NodeId: nm:40321, NodeHttpAddress: nm:8042, Resource: <memory:2048, vCores:1>, Priority: 0, Token: Token { kind: ContainerToken, service: 172.23.0.3:40321 }, ExecutionType: GUARANTEED, ]
nm_1        | 2021-06-29 13:19:58 INFO  NodeStatusUpdaterImpl:723 - Removed completed containers from NM context: [container_1624972619018_0002_01_000004]
nm_1        | 2021-06-29 13:20:00 INFO  ContainerLaunch:596 - Container container_1624972619018_0002_01_000005 succeeded 
nm_1        | 2021-06-29 13:20:00 INFO  ContainerImpl:2175 - Container container_1624972619018_0002_01_000005 transitioned from RUNNING to EXITED_WITH_SUCCESS
nm_1        | 2021-06-29 13:20:00 INFO  NMAuditLogger:94 - USER=hadoop	OPERATION=Container Finished - Succeeded	TARGET=ContainerImpl	RESULT=SUCCESS	APPID=application_1624972619018_0002	CONTAINERID=container_1624972619018_0002_01_000005
nm_1        | 2021-06-29 13:20:00 INFO  ContainerCleanup:87 - Cleaning up container container_1624972619018_0002_01_000005
nm_1        | 2021-06-29 13:20:00 INFO  ContainerImpl:2175 - Container container_1624972619018_0002_01_000005 transitioned from EXITED_WITH_SUCCESS to DONE
nm_1        | 2021-06-29 13:20:00 INFO  ApplicationImpl:512 - Removing container_1624972619018_0002_01_000005 from application application_1624972619018_0002
nm_1        | 2021-06-29 13:20:00 INFO  ContainersMonitorImpl:1112 - Stopping resource-monitoring for container_1624972619018_0002_01_000005
nm_1        | 2021-06-29 13:20:00 INFO  AuxServices:350 - Got event CONTAINER_STOP for appId application_1624972619018_0002
nm_1        | 2021-06-29 13:20:00 INFO  DefaultContainerExecutor:634 - Deleting absolute path : /tmp/hadoop-hadoop/nm-local-dir/usercache/hadoop/appcache/application_1624972619018_0002/container_1624972619018_0002_01_000005/launch_container.sh
nm_1        | 2021-06-29 13:20:00 INFO  DefaultContainerExecutor:634 - Deleting absolute path : /tmp/hadoop-hadoop/nm-local-dir/usercache/hadoop/appcache/application_1624972619018_0002/container_1624972619018_0002_01_000005/container_tokens
nm_1        | 2021-06-29 13:20:00 INFO  DefaultContainerExecutor:634 - Deleting absolute path : /tmp/hadoop-hadoop/nm-local-dir/usercache/hadoop/appcache/application_1624972619018_0002/container_1624972619018_0002_01_000005/sysfs
nm_1        | 2021-06-29 13:20:00 WARN  DefaultContainerExecutor:637 - delete returned false for path: [/tmp/hadoop-hadoop/nm-local-dir/usercache/hadoop/appcache/application_1624972619018_0002/container_1624972619018_0002_01_000005/sysfs]
nm_1        | 2021-06-29 13:20:00 INFO  Server:2051 - Auth successful for appattempt_1624972619018_0002_000001 (auth:SIMPLE) from 172.23.0.3:54286
nm_1        | 2021-06-29 13:20:00 INFO  ContainerManagerImpl:1426 - Stopping container with container Id: container_1624972619018_0002_01_000005
nm_1        | 2021-06-29 13:20:00 INFO  NMAuditLogger:94 - USER=hadoop	IP=172.23.0.3	OPERATION=Stop Container Request	TARGET=ContainerManageImpl	RESULT=SUCCESS	APPID=application_1624972619018_0002	CONTAINERID=container_1624972619018_0002_01_000005
rm_1        | 2021-06-29 13:19:31 INFO  RMAppAttemptImpl:931 - appattempt_1624972619018_0002_000001 State change from SCHEDULED to ALLOCATED_SAVING on event = CONTAINER_ALLOCATED
nm_1        | 2021-06-29 13:20:07 INFO  ContainerLaunch:596 - Container container_1624972619018_0002_01_000001 succeeded 
nm_1        | 2021-06-29 13:20:07 INFO  ContainerImpl:2175 - Container container_1624972619018_0002_01_000001 transitioned from RUNNING to EXITED_WITH_SUCCESS
nm_1        | 2021-06-29 13:20:07 INFO  ContainerCleanup:87 - Cleaning up container container_1624972619018_0002_01_000001
nm_1        | 2021-06-29 13:20:07 INFO  NMAuditLogger:94 - USER=hadoop	OPERATION=Container Finished - Succeeded	TARGET=ContainerImpl	RESULT=SUCCESS	APPID=application_1624972619018_0002	CONTAINERID=container_1624972619018_0002_01_000001
nm_1        | 2021-06-29 13:20:07 INFO  ContainerImpl:2175 - Container container_1624972619018_0002_01_000001 transitioned from EXITED_WITH_SUCCESS to DONE
nm_1        | 2021-06-29 13:20:07 INFO  ApplicationImpl:512 - Removing container_1624972619018_0002_01_000001 from application application_1624972619018_0002
nm_1        | 2021-06-29 13:20:07 INFO  ContainersMonitorImpl:1112 - Stopping resource-monitoring for container_1624972619018_0002_01_000001
nm_1        | 2021-06-29 13:20:07 INFO  AuxServices:350 - Got event CONTAINER_STOP for appId application_1624972619018_0002
nm_1        | 2021-06-29 13:20:07 INFO  DefaultContainerExecutor:634 - Deleting absolute path : /tmp/hadoop-hadoop/nm-local-dir/usercache/hadoop/appcache/application_1624972619018_0002/container_1624972619018_0002_01_000001/launch_container.sh
nm_1        | 2021-06-29 13:20:07 INFO  DefaultContainerExecutor:634 - Deleting absolute path : /tmp/hadoop-hadoop/nm-local-dir/usercache/hadoop/appcache/application_1624972619018_0002/container_1624972619018_0002_01_000001/container_tokens
nm_1        | 2021-06-29 13:20:07 INFO  Server:2051 - Auth successful for appattempt_1624972619018_0002_000001 (auth:SIMPLE) from 172.23.0.9:49062
nm_1        | 2021-06-29 13:20:07 INFO  DefaultContainerExecutor:634 - Deleting absolute path : /tmp/hadoop-hadoop/nm-local-dir/usercache/hadoop/appcache/application_1624972619018_0002/container_1624972619018_0002_01_000001/sysfs
nm_1        | 2021-06-29 13:20:07 WARN  DefaultContainerExecutor:637 - delete returned false for path: [/tmp/hadoop-hadoop/nm-local-dir/usercache/hadoop/appcache/application_1624972619018_0002/container_1624972619018_0002_01_000001/sysfs]
nm_1        | 2021-06-29 13:20:07 INFO  ContainerManagerImpl:1426 - Stopping container with container Id: container_1624972619018_0002_01_000001
nm_1        | 2021-06-29 13:20:07 INFO  NMAuditLogger:94 - USER=hadoop	IP=172.23.0.9	OPERATION=Stop Container Request	TARGET=ContainerManageImpl	RESULT=SUCCESS	APPID=application_1624972619018_0002	CONTAINERID=container_1624972619018_0002_01_000001
nm_1        | 2021-06-29 13:20:08 INFO  NodeStatusUpdaterImpl:723 - Removed completed containers from NM context: [container_1624972619018_0002_01_000001, container_1624972619018_0002_01_000005]
nm_1        | 2021-06-29 13:20:08 INFO  ApplicationImpl:655 - Application application_1624972619018_0002 transitioned from RUNNING to APPLICATION_RESOURCES_CLEANINGUP
nm_1        | 2021-06-29 13:20:08 INFO  AuxServices:350 - Got event APPLICATION_STOP for appId application_1624972619018_0002
nm_1        | 2021-06-29 13:20:08 INFO  ApplicationImpl:655 - Application application_1624972619018_0002 transitioned from APPLICATION_RESOURCES_CLEANINGUP to FINISHED
nm_1        | 2021-06-29 13:20:08 INFO  NonAggregatingLogHandler:173 - Scheduling Log Deletion for application: application_1624972619018_0002, with delay of 10800 seconds
nm_1        | 2021-06-29 13:20:27 INFO  Server:2051 - Auth successful for appattempt_1624972619018_0003_000001 (auth:SIMPLE) from 172.23.0.9:49134
nm_1        | 2021-06-29 13:20:27 INFO  ContainerManagerImpl:1087 - Start request for container_1624972619018_0003_01_000001 by user hadoop
nm_1        | 2021-06-29 13:20:27 INFO  ContainerManagerImpl:1139 - Creating a new application reference for app application_1624972619018_0003
nm_1        | 2021-06-29 13:20:27 INFO  NMAuditLogger:94 - USER=hadoop	IP=172.23.0.9	OPERATION=Start Container Request	TARGET=ContainerManageImpl	RESULT=SUCCESS	APPID=application_1624972619018_0003	CONTAINERID=container_1624972619018_0003_01_000001
nm_1        | 2021-06-29 13:20:27 INFO  ApplicationImpl:655 - Application application_1624972619018_0003 transitioned from NEW to INITING
nm_1        | 2021-06-29 13:20:27 INFO  ApplicationImpl:463 - Adding container_1624972619018_0003_01_000001 to application application_1624972619018_0003
nm_1        | 2021-06-29 13:20:27 INFO  ApplicationImpl:655 - Application application_1624972619018_0003 transitioned from INITING to RUNNING
nm_1        | 2021-06-29 13:20:27 INFO  ContainerImpl:2175 - Container container_1624972619018_0003_01_000001 transitioned from NEW to LOCALIZING
nm_1        | 2021-06-29 13:20:27 INFO  AuxServices:350 - Got event CONTAINER_INIT for appId application_1624972619018_0003
nm_1        | 2021-06-29 13:20:27 INFO  ResourceLocalizationService:798 - Created localizer for container_1624972619018_0003_01_000001
nm_1        | 2021-06-29 13:20:27 INFO  ResourceLocalizationService:1330 - Writing credentials to the nmPrivate file /tmp/hadoop-hadoop/nm-local-dir/nmPrivate/container_1624972619018_0003_01_00000117a57ed9a5f.tokens
nm_1        | 2021-06-29 13:20:27 INFO  DefaultContainerExecutor:836 - Initializing user hadoop
nm_1        | 2021-06-29 13:20:27 INFO  DefaultContainerExecutor:165 - Copying from /tmp/hadoop-hadoop/nm-local-dir/nmPrivate/container_1624972619018_0003_01_00000117a57ed9a5f.tokens to /tmp/hadoop-hadoop/nm-local-dir/usercache/hadoop/appcache/application_1624972619018_0003/container_1624972619018_0003_01_000001.tokens
nm_1        | 2021-06-29 13:20:27 INFO  DefaultContainerExecutor:173 - Localizer CWD set to /tmp/hadoop-hadoop/nm-local-dir/usercache/hadoop/appcache/application_1624972619018_0003 = file:/tmp/hadoop-hadoop/nm-local-dir/usercache/hadoop/appcache/application_1624972619018_0003
nm_1        | 2021-06-29 13:20:27 INFO  ContainerImpl:2175 - Container container_1624972619018_0003_01_000001 transitioned from LOCALIZING to SCHEDULED
nm_1        | 2021-06-29 13:20:27 INFO  ContainerScheduler:542 - Starting container [container_1624972619018_0003_01_000001]
nm_1        | 2021-06-29 13:20:27 INFO  ContainerImpl:2175 - Container container_1624972619018_0003_01_000001 transitioned from SCHEDULED to RUNNING
nm_1        | 2021-06-29 13:20:27 INFO  ContainersMonitorImpl:1121 - Starting resource-monitoring for container_1624972619018_0003_01_000001
nm_1        | 2021-06-29 13:20:27 INFO  DefaultContainerExecutor:370 - launchContainer: [bash, /tmp/hadoop-hadoop/nm-local-dir/usercache/hadoop/appcache/application_1624972619018_0003/container_1624972619018_0003_01_000001/default_container_executor.sh]
nm_1        | 2021-06-29 13:20:29 INFO  ContainersMonitorImpl:650 - container_1624972619018_0003_01_000001's ip = 172.23.0.3, and hostname = nm
nm_1        | 2021-06-29 13:20:29 INFO  ContainersMonitorImpl:551 - Skipping monitoring container container_1624972619018_0003_01_000001 since CPU usage is not yet available.
nm_1        | 2021-06-29 13:20:36 INFO  Server:2051 - Auth successful for appattempt_1624972619018_0003_000001 (auth:SIMPLE) from 172.23.0.3:54410
nm_1        | 2021-06-29 13:20:36 INFO  ContainerManagerImpl:1087 - Start request for container_1624972619018_0003_01_000002 by user hadoop
nm_1        | 2021-06-29 13:20:36 INFO  NMAuditLogger:94 - USER=hadoop	IP=172.23.0.3	OPERATION=Start Container Request	TARGET=ContainerManageImpl	RESULT=SUCCESS	APPID=application_1624972619018_0003	CONTAINERID=container_1624972619018_0003_01_000002
nm_1        | 2021-06-29 13:20:36 INFO  ApplicationImpl:463 - Adding container_1624972619018_0003_01_000002 to application application_1624972619018_0003
nm_1        | 2021-06-29 13:20:36 INFO  ContainerImpl:2175 - Container container_1624972619018_0003_01_000002 transitioned from NEW to LOCALIZING
nm_1        | 2021-06-29 13:20:36 INFO  AuxServices:350 - Got event CONTAINER_INIT for appId application_1624972619018_0003
nm_1        | 2021-06-29 13:20:36 INFO  AuxServices:350 - Got event APPLICATION_INIT for appId application_1624972619018_0003
nm_1        | 2021-06-29 13:20:36 INFO  AuxServices:354 - Got APPLICATION_INIT for service mapreduce_shuffle
nm_1        | 2021-06-29 13:20:36 INFO  ShuffleHandler:719 - Added token for job_1624972619018_0003
nm_1        | 2021-06-29 13:20:36 INFO  ContainerImpl:2175 - Container container_1624972619018_0003_01_000002 transitioned from LOCALIZING to SCHEDULED
nm_1        | 2021-06-29 13:20:36 INFO  ContainerScheduler:542 - Starting container [container_1624972619018_0003_01_000002]
nm_1        | 2021-06-29 13:20:36 INFO  ContainerImpl:2175 - Container container_1624972619018_0003_01_000002 transitioned from SCHEDULED to RUNNING
nm_1        | 2021-06-29 13:20:36 INFO  ContainersMonitorImpl:1121 - Starting resource-monitoring for container_1624972619018_0003_01_000002
nm_1        | 2021-06-29 13:20:36 INFO  DefaultContainerExecutor:370 - launchContainer: [bash, /tmp/hadoop-hadoop/nm-local-dir/usercache/hadoop/appcache/application_1624972619018_0003/container_1624972619018_0003_01_000002/default_container_executor.sh]
nm_1        | 2021-06-29 13:20:38 INFO  ContainersMonitorImpl:650 - container_1624972619018_0003_01_000002's ip = 172.23.0.3, and hostname = nm
nm_1        | 2021-06-29 13:20:38 INFO  ContainersMonitorImpl:551 - Skipping monitoring container container_1624972619018_0003_01_000002 since CPU usage is not yet available.
nm_1        | 2021-06-29 13:20:39 INFO  ContainerLaunch:596 - Container container_1624972619018_0003_01_000002 succeeded 
nm_1        | 2021-06-29 13:20:39 INFO  ContainerImpl:2175 - Container container_1624972619018_0003_01_000002 transitioned from RUNNING to EXITED_WITH_SUCCESS
nm_1        | 2021-06-29 13:20:39 INFO  ContainerCleanup:87 - Cleaning up container container_1624972619018_0003_01_000002
nm_1        | 2021-06-29 13:20:39 INFO  NMAuditLogger:94 - USER=hadoop	OPERATION=Container Finished - Succeeded	TARGET=ContainerImpl	RESULT=SUCCESS	APPID=application_1624972619018_0003	CONTAINERID=container_1624972619018_0003_01_000002
nm_1        | 2021-06-29 13:20:39 INFO  ContainerImpl:2175 - Container container_1624972619018_0003_01_000002 transitioned from EXITED_WITH_SUCCESS to DONE
nm_1        | 2021-06-29 13:20:39 INFO  ApplicationImpl:512 - Removing container_1624972619018_0003_01_000002 from application application_1624972619018_0003
nm_1        | 2021-06-29 13:20:39 INFO  ContainersMonitorImpl:1112 - Stopping resource-monitoring for container_1624972619018_0003_01_000002
nm_1        | 2021-06-29 13:20:39 INFO  AuxServices:350 - Got event CONTAINER_STOP for appId application_1624972619018_0003
nm_1        | 2021-06-29 13:20:39 INFO  DefaultContainerExecutor:634 - Deleting absolute path : /tmp/hadoop-hadoop/nm-local-dir/usercache/hadoop/appcache/application_1624972619018_0003/container_1624972619018_0003_01_000002/launch_container.sh
nm_1        | 2021-06-29 13:20:39 INFO  DefaultContainerExecutor:634 - Deleting absolute path : /tmp/hadoop-hadoop/nm-local-dir/usercache/hadoop/appcache/application_1624972619018_0003/container_1624972619018_0003_01_000002/container_tokens
nm_1        | 2021-06-29 13:20:39 INFO  DefaultContainerExecutor:634 - Deleting absolute path : /tmp/hadoop-hadoop/nm-local-dir/usercache/hadoop/appcache/application_1624972619018_0003/container_1624972619018_0003_01_000002/sysfs
nm_1        | 2021-06-29 13:20:39 WARN  DefaultContainerExecutor:637 - delete returned false for path: [/tmp/hadoop-hadoop/nm-local-dir/usercache/hadoop/appcache/application_1624972619018_0003/container_1624972619018_0003_01_000002/sysfs]
nm_1        | 2021-06-29 13:20:41 INFO  NodeStatusUpdaterImpl:723 - Removed completed containers from NM context: [container_1624972619018_0003_01_000002]
nm_1        | 2021-06-29 13:20:41 INFO  Server:2051 - Auth successful for appattempt_1624972619018_0003_000001 (auth:SIMPLE) from 172.23.0.3:54434
nm_1        | 2021-06-29 13:20:41 INFO  ContainerManagerImpl:1087 - Start request for container_1624972619018_0003_01_000003 by user hadoop
nm_1        | 2021-06-29 13:20:41 INFO  ApplicationImpl:463 - Adding container_1624972619018_0003_01_000003 to application application_1624972619018_0003
nm_1        | 2021-06-29 13:20:41 INFO  NMAuditLogger:94 - USER=hadoop	IP=172.23.0.3	OPERATION=Start Container Request	TARGET=ContainerManageImpl	RESULT=SUCCESS	APPID=application_1624972619018_0003	CONTAINERID=container_1624972619018_0003_01_000003
nm_1        | 2021-06-29 13:20:41 INFO  ContainerImpl:2175 - Container container_1624972619018_0003_01_000003 transitioned from NEW to LOCALIZING
nm_1        | 2021-06-29 13:20:41 INFO  AuxServices:350 - Got event CONTAINER_INIT for appId application_1624972619018_0003
