datanode_3  | 2022-04-27 01:05:32,966 [pool-22-thread-1] INFO storage.RaftStorageDirectory: Lock on /data/metadata/ratis/4264312e-cb91-4218-bbfd-18494ea5f2c4/in_use.lock acquired by nodename 6@525a22bfa26a
scm_1       | 2022-04-27 01:05:09,312 [pool-2-thread-1] INFO server.RaftServerConfigKeys: raft.server.snapshot.retention.file.num = -1 (default)
rm_1        | numContainers = 0 [= currentNumContainers ]
datanode_2  | 2022-04-27 01:05:31,538 [pool-22-thread-1] INFO server.RaftServerConfigKeys: raft.server.log.statemachine.data.sync = true (default)
om_1        | 2022-04-27 01:05:40,919 [main] INFO server.RaftServerConfigKeys: raft.server.storage.dir = [/data/metadata/ratis] (custom)
nm_1        | 2022-04-27 01:05:12 INFO  HttpServer2:408 - adding path spec: /ws/*
datanode_3  | 2022-04-27 01:05:33,005 [pool-22-thread-1] INFO storage.RaftStorage: Storage directory /data/metadata/ratis/4264312e-cb91-4218-bbfd-18494ea5f2c4 has been successfully formatted.
scm_1       | 2022-04-27 01:05:09,316 [pool-2-thread-1] INFO server.RaftServerConfigKeys: raft.server.log.purge.upto.snapshot.index = false (default)
rm_1        | state = RUNNING [= configuredState ]
datanode_2  | 2022-04-27 01:05:31,538 [pool-22-thread-1] INFO server.RaftServerConfigKeys: raft.server.log.statemachine.data.sync.timeout = 10s (default)
om_1        | 2022-04-27 01:05:40,926 [main] INFO server.RaftServer: om1: addNew group-C5BA1605619E:[om1|rpc:om:9872|priority:0] returns group-C5BA1605619E:java.util.concurrent.CompletableFuture@2349f14d[Not completed]
nm_1        | 2022-04-27 01:05:14 INFO  WebApps:288 - Registered webapp guice modules
datanode_3  | 2022-04-27 01:05:33,040 [pool-22-thread-1] INFO ratis.ContainerStateMachine: group-18494EA5F2C4: The snapshot info is null. Setting the last applied indexto:(t:0, i:~)
scm_1       | 2022-04-27 01:05:09,325 [pool-2-thread-1] INFO server.RaftServerConfigKeys: raft.server.retrycache.expirytime = 60000ms (default)
rm_1        | acls = SUBMIT_APP:*ADMINISTER_QUEUE:* [= configuredAcls ]
datanode_2  | 2022-04-27 01:05:31,539 [pool-22-thread-1] INFO server.RaftServerConfigKeys: raft.server.log.statemachine.data.sync.timeout.retry = -1 (default)
om_1        | 2022-04-27 01:05:40,926 [main] INFO om.OzoneManager: OzoneManager Ratis server initialized at port 9872
datanode_3  | 2022-04-27 01:05:33,082 [pool-22-thread-1] INFO server.RaftServerConfigKeys: raft.server.notification.no-leader.timeout = 300s (custom)
scm_1       | 2022-04-27 01:05:09,350 [pool-2-thread-1] INFO server.RaftServerConfigKeys: raft.server.retrycache.statistics.expirytime = 100?s (default)
rm_1        | nodeLocalityDelay = 40
datanode_2  | 2022-04-27 01:05:31,562 [pool-22-thread-1] INFO server.RaftServerConfigKeys: raft.server.log.write.buffer.size = 1048576 (custom)
nm_1        | 2022-04-27 01:05:14 INFO  HttpServer2:915 - Jetty bound to port 8042
om_1        | 2022-04-27 01:05:40,968 [pool-23-thread-1] INFO server.RaftServer$Division: om1: new RaftServerImpl for group-C5BA1605619E:[om1|rpc:om:9872|priority:0] with OzoneManagerStateMachine:uninitialized
datanode_3  | 2022-04-27 01:05:33,101 [pool-22-thread-1] INFO server.RaftServerConfigKeys: raft.server.log.use.memory = false (default)
scm_1       | 2022-04-27 01:05:09,964 [main] INFO server.RaftServer$Division: 8e132903-7491-4a6c-8d09-1d4e21e5e5b6@group-FF9917AAADAA: start as a follower, conf=-1: [8e132903-7491-4a6c-8d09-1d4e21e5e5b6|rpc:scm:9894|priority:0], old=null
rm_1        | labels=*,
datanode_2  | 2022-04-27 01:05:31,564 [pool-22-thread-1] INFO server.RaftServerConfigKeys: raft.server.log.statemachine.data.caching.enabled = true (custom)
nm_1        | 2022-04-27 01:05:14 INFO  log:67 - jetty-6.1.26
om_1        | 2022-04-27 01:05:40,971 [pool-23-thread-1] INFO server.RaftServerConfigKeys: raft.server.rpc.timeout.min = 5s (custom)
datanode_3  | 2022-04-27 01:05:33,163 [pool-22-thread-1] INFO server.RaftServerConfigKeys: raft.server.log.purge.gap = 1000000 (custom)
scm_1       | 2022-04-27 01:05:10,005 [main] INFO server.RaftServer$Division: 8e132903-7491-4a6c-8d09-1d4e21e5e5b6@group-FF9917AAADAA: changes role from      null to FOLLOWER at term 0 for startAsFollower
rm_1        | nodeLocalityDelay = 40
nm_1        | 2022-04-27 01:05:14 INFO  log:67 - Extract jar:file:/opt/hadoop/share/hadoop/yarn/hadoop-yarn-common-2.7.3.jar!/webapps/node to /tmp/Jetty_0_0_0_0_8042_node____19tj0x/webapp
om_1        | 2022-04-27 01:05:40,971 [pool-23-thread-1] INFO server.RaftServerConfigKeys: raft.server.rpc.timeout.max = 5200ms (custom)
datanode_3  | 2022-04-27 01:05:33,165 [pool-22-thread-1] INFO server.RaftServerConfigKeys: raft.server.log.appender.buffer.byte-limit = 33554432 (custom)
scm_1       | 2022-04-27 01:05:10,024 [main] INFO impl.RoleInfo: 8e132903-7491-4a6c-8d09-1d4e21e5e5b6: start 8e132903-7491-4a6c-8d09-1d4e21e5e5b6@group-FF9917AAADAA-FollowerState
datanode_2  | 2022-04-27 01:05:31,593 [pool-22-thread-1] INFO segmented.SegmentedRaftLogWorker: 1e8680ac-85e3-4a1a-b57a-8eae33ee326b@group-3AF74B4D5962-SegmentedRaftLogWorker: flushIndex: setUnconditionally 0 -> -1
rm_1        | reservationsContinueLooking = true
nm_1        | Apr 27, 2022 1:05:15 AM com.sun.jersey.guice.spi.container.GuiceComponentProviderFactory register
om_1        | 2022-04-27 01:05:40,971 [pool-23-thread-1] INFO server.RaftServerConfigKeys: raft.server.rpc.sleep.time = 25ms (default)
datanode_3  | 2022-04-27 01:05:33,247 [pool-22-thread-1] INFO server.RaftServerConfigKeys: raft.server.log.segment.size.max = 1048576 (custom)
scm_1       | 2022-04-27 01:05:10,104 [main] INFO util.JmxRegister: Successfully registered JMX Bean with object name Ratis:service=RaftServer,group=group-FF9917AAADAA,id=8e132903-7491-4a6c-8d09-1d4e21e5e5b6
datanode_2  | 2022-04-27 01:05:31,593 [pool-22-thread-1] INFO segmented.SegmentedRaftLogWorker: 1e8680ac-85e3-4a1a-b57a-8eae33ee326b@group-3AF74B4D5962-SegmentedRaftLogWorker: safeCacheEvictIndex: setUnconditionally 0 -> -1
rm_1        | preemptionDisabled = true
nm_1        | INFO: Registering org.apache.hadoop.yarn.server.nodemanager.webapp.NMWebServices as a root resource class
om_1        | 2022-04-27 01:05:40,971 [pool-23-thread-1] INFO server.RaftServerConfigKeys: raft.server.rpc.slowness.timeout = 120s (custom)
datanode_3  | 2022-04-27 01:05:33,315 [pool-22-thread-1] INFO server.RaftServerConfigKeys: raft.server.log.segment.cache.num.max = 2 (custom)
scm_1       | 2022-04-27 01:05:10,164 [main] INFO server.RaftServer: 8e132903-7491-4a6c-8d09-1d4e21e5e5b6: start RPC server
datanode_2  | 2022-04-27 01:05:31,609 [pool-22-thread-1] INFO server.RaftServerConfigKeys: raft.server.snapshot.auto.trigger.enabled = true (custom)
rm_1        | 
nm_1        | Apr 27, 2022 1:05:15 AM com.sun.jersey.guice.spi.container.GuiceComponentProviderFactory register
om_1        | 2022-04-27 01:05:40,972 [pool-23-thread-1] INFO server.RaftServerConfigKeys: raft.server.leaderelection.leader.step-down.wait-time = 10s (default)
datanode_3  | 2022-04-27 01:05:33,324 [pool-22-thread-1] INFO server.RaftServerConfigKeys: raft.server.log.segment.cache.size.max = 200MB (=209715200) (default)
scm_1       | 2022-04-27 01:05:10,840 [main] INFO server.GrpcService: 8e132903-7491-4a6c-8d09-1d4e21e5e5b6: GrpcService started, listening on 9894
datanode_2  | 2022-04-27 01:05:31,610 [pool-22-thread-1] INFO server.RaftServerConfigKeys: raft.server.snapshot.auto.trigger.threshold = 10000 (custom)
rm_1        | 2022-04-27 01:04:54 INFO  CapacityScheduler:634 - Initialized queue: default: capacity=1.0, absoluteCapacity=1.0, usedResources=<memory:0, vCores:0>, usedCapacity=0.0, absoluteUsedCapacity=0.0, numApps=0, numContainers=0
nm_1        | INFO: Registering org.apache.hadoop.yarn.webapp.GenericExceptionHandler as a provider class
nm_1        | Apr 27, 2022 1:05:15 AM com.sun.jersey.guice.spi.container.GuiceComponentProviderFactory register
datanode_3  | 2022-04-27 01:05:33,351 [pool-22-thread-1] INFO segmented.SegmentedRaftLogWorker: new 5defd98e-a136-4d26-bacb-72fd0a531ede@group-18494EA5F2C4-SegmentedRaftLogWorker for RaftStorageImpl:Storage Directory /data/metadata/ratis/4264312e-cb91-4218-bbfd-18494ea5f2c4
scm_1       | 2022-04-27 01:05:10,884 [org.apache.ratis.util.JvmPauseMonitor$$Lambda$300/0x0000000840254c40@65e61854] INFO util.JvmPauseMonitor: JvmPauseMonitor-8e132903-7491-4a6c-8d09-1d4e21e5e5b6: Started
datanode_2  | 2022-04-27 01:05:31,611 [pool-22-thread-1] INFO server.RaftServerConfigKeys: raft.server.snapshot.retention.file.num = 5 (custom)
rm_1        | 2022-04-27 01:04:54 INFO  CapacityScheduler:634 - Initialized queue: root: numChildQueue= 1, capacity=1.0, absoluteCapacity=1.0, usedResources=<memory:0, vCores:0>usedCapacity=0.0, numApps=0, numContainers=0
om_1        | 2022-04-27 01:05:40,972 [pool-23-thread-1] INFO server.RaftServerConfigKeys: raft.server.sleep.deviation.threshold = 300ms (default)
datanode_3  | 2022-04-27 01:05:33,362 [pool-22-thread-1] INFO server.RaftServerConfigKeys: raft.server.log.queue.byte-limit = 4294967296 (custom)
nm_1        | INFO: Registering org.apache.hadoop.yarn.server.nodemanager.webapp.JAXBContextResolver as a provider class
scm_1       | 2022-04-27 01:05:15,257 [8e132903-7491-4a6c-8d09-1d4e21e5e5b6@group-FF9917AAADAA-FollowerState] INFO impl.FollowerState: 8e132903-7491-4a6c-8d09-1d4e21e5e5b6@group-FF9917AAADAA-FollowerState: change to CANDIDATE, lastRpcElapsedTime:5236009194ns, electionTimeout:5107ms
datanode_2  | 2022-04-27 01:05:31,612 [pool-22-thread-1] INFO server.RaftServerConfigKeys: raft.server.log.purge.upto.snapshot.index = false (default)
rm_1        | 2022-04-27 01:04:54 INFO  CapacityScheduler:478 - Initialized root queue root: numChildQueue= 1, capacity=1.0, absoluteCapacity=1.0, usedResources=<memory:0, vCores:0>usedCapacity=0.0, numApps=0, numContainers=0
om_1        | 2022-04-27 01:05:40,973 [pool-23-thread-1] INFO server.RaftServerConfigKeys: raft.server.log.appender.install.snapshot.enabled = false (custom)
datanode_3  | 2022-04-27 01:05:33,368 [pool-22-thread-1] INFO server.RaftServerConfigKeys: raft.server.log.queue.element-limit = 1024 (custom)
nm_1        | Apr 27, 2022 1:05:15 AM com.sun.jersey.server.impl.application.WebApplicationImpl _initiate
scm_1       | 2022-04-27 01:05:15,258 [8e132903-7491-4a6c-8d09-1d4e21e5e5b6@group-FF9917AAADAA-FollowerState] INFO impl.RoleInfo: 8e132903-7491-4a6c-8d09-1d4e21e5e5b6: shutdown 8e132903-7491-4a6c-8d09-1d4e21e5e5b6@group-FF9917AAADAA-FollowerState
scm_1       | 2022-04-27 01:05:15,262 [8e132903-7491-4a6c-8d09-1d4e21e5e5b6@group-FF9917AAADAA-FollowerState] INFO server.RaftServer$Division: 8e132903-7491-4a6c-8d09-1d4e21e5e5b6@group-FF9917AAADAA: changes role from  FOLLOWER to CANDIDATE at term 0 for changeToCandidate
rm_1        | 2022-04-27 01:04:54 INFO  CapacityScheduler:447 - Initialized queue mappings, override: false
om_1        | 2022-04-27 01:05:40,982 [pool-23-thread-1] INFO server.RaftServer$Division: om1@group-C5BA1605619E: ConfigurationManager, init=-1: [om1|rpc:om:9872|priority:0], old=null, confs=<EMPTY_MAP>
datanode_3  | 2022-04-27 01:05:33,373 [pool-22-thread-1] INFO server.RaftServerConfigKeys: raft.server.log.segment.size.max = 1048576 (custom)
nm_1        | INFO: Initiating Jersey application, version 'Jersey: 1.9 09/02/2011 11:17 AM'
scm_1       | 2022-04-27 01:05:15,273 [8e132903-7491-4a6c-8d09-1d4e21e5e5b6@group-FF9917AAADAA-FollowerState] INFO server.RaftServerConfigKeys: raft.server.leaderelection.pre-vote = false (custom)
datanode_2  | 2022-04-27 01:05:31,613 [pool-22-thread-1] INFO server.RaftServerConfigKeys: raft.server.retrycache.expirytime = 600000ms (custom)
rm_1        | 2022-04-27 01:04:54 INFO  CapacityScheduler:314 - Initialized CapacityScheduler with calculator=class org.apache.hadoop.yarn.util.resource.DefaultResourceCalculator, minimumAllocation=<<memory:1024, vCores:1>>, maximumAllocation=<<memory:8192, vCores:32>>, asynchronousScheduling=false, asyncScheduleInterval=5ms
om_1        | 2022-04-27 01:05:40,992 [pool-23-thread-1] INFO server.RaftServerConfigKeys: raft.server.storage.dir = [/data/metadata/ratis] (custom)
datanode_3  | 2022-04-27 01:05:33,374 [pool-22-thread-1] INFO server.RaftServerConfigKeys: raft.server.log.preallocated.size = 16384 (custom)
nm_1        | Apr 27, 2022 1:05:15 AM com.sun.jersey.guice.spi.container.GuiceComponentProviderFactory getComponentProvider
scm_1       | 2022-04-27 01:05:15,279 [8e132903-7491-4a6c-8d09-1d4e21e5e5b6@group-FF9917AAADAA-FollowerState] INFO impl.RoleInfo: 8e132903-7491-4a6c-8d09-1d4e21e5e5b6: start 8e132903-7491-4a6c-8d09-1d4e21e5e5b6@group-FF9917AAADAA-LeaderElection1
datanode_2  | 2022-04-27 01:05:31,614 [pool-22-thread-1] INFO server.RaftServerConfigKeys: raft.server.retrycache.statistics.expirytime = 100?s (default)
rm_1        | 2022-04-27 01:04:54 INFO  SystemMetricsPublisher:93 - YARN system metrics publishing service is not enabled
om_1        | 2022-04-27 01:05:41,014 [pool-23-thread-1] INFO server.RaftServerConfigKeys: raft.server.log.corruption.policy = EXCEPTION (default)
datanode_3  | 2022-04-27 01:05:33,374 [pool-22-thread-1] INFO server.RaftServerConfigKeys: raft.server.log.force.sync.num = 128 (default)
nm_1        | INFO: Binding org.apache.hadoop.yarn.server.nodemanager.webapp.JAXBContextResolver to GuiceManagedComponentProvider with the scope "Singleton"
scm_1       | 2022-04-27 01:05:15,318 [8e132903-7491-4a6c-8d09-1d4e21e5e5b6@group-FF9917AAADAA-LeaderElection1] INFO impl.LeaderElection: 8e132903-7491-4a6c-8d09-1d4e21e5e5b6@group-FF9917AAADAA-LeaderElection1 ELECTION round 0: submit vote requests at term 1 for -1: [8e132903-7491-4a6c-8d09-1d4e21e5e5b6|rpc:scm:9894|priority:0], old=null
datanode_2  | 2022-04-27 01:05:31,695 [pool-22-thread-1] INFO server.RaftServer$Division: 1e8680ac-85e3-4a1a-b57a-8eae33ee326b@group-3AF74B4D5962: start as a follower, conf=-1: [1e8680ac-85e3-4a1a-b57a-8eae33ee326b|rpc:172.18.0.4:9856|admin:172.18.0.4:9857|client:172.18.0.4:9858|priority:1], old=null
rm_1        | 2022-04-27 01:04:54 INFO  ResourceManager:1007 - Transitioning to active state
om_1        | 2022-04-27 01:05:41,029 [pool-23-thread-1] INFO server.RaftServerConfigKeys: raft.server.storage.free-space.min = 0MB (=0) (default)
datanode_3  | 2022-04-27 01:05:33,376 [pool-22-thread-1] INFO server.RaftServerConfigKeys: raft.server.log.statemachine.data.sync = true (default)
nm_1        | Apr 27, 2022 1:05:15 AM com.sun.jersey.guice.spi.container.GuiceComponentProviderFactory getComponentProvider
scm_1       | 2022-04-27 01:05:15,320 [8e132903-7491-4a6c-8d09-1d4e21e5e5b6@group-FF9917AAADAA-LeaderElection1] INFO impl.LeaderElection: 8e132903-7491-4a6c-8d09-1d4e21e5e5b6@group-FF9917AAADAA-LeaderElection1 ELECTION round 0: result PASSED (term=1)
datanode_2  | 2022-04-27 01:05:31,707 [pool-22-thread-1] INFO server.RaftServer$Division: 1e8680ac-85e3-4a1a-b57a-8eae33ee326b@group-3AF74B4D5962: changes role from      null to FOLLOWER at term 0 for startAsFollower
rm_1        | 2022-04-27 01:04:54 INFO  RMStateStore:466 - Updating AMRMToken
datanode_3  | 2022-04-27 01:05:33,382 [pool-22-thread-1] INFO server.RaftServerConfigKeys: raft.server.log.statemachine.data.sync.timeout = 10s (default)
nm_1        | INFO: Binding org.apache.hadoop.yarn.webapp.GenericExceptionHandler to GuiceManagedComponentProvider with the scope "Singleton"
scm_1       | 2022-04-27 01:05:15,324 [8e132903-7491-4a6c-8d09-1d4e21e5e5b6@group-FF9917AAADAA-LeaderElection1] INFO impl.RoleInfo: 8e132903-7491-4a6c-8d09-1d4e21e5e5b6: shutdown 8e132903-7491-4a6c-8d09-1d4e21e5e5b6@group-FF9917AAADAA-LeaderElection1
datanode_2  | 2022-04-27 01:05:31,709 [pool-22-thread-1] INFO impl.RoleInfo: 1e8680ac-85e3-4a1a-b57a-8eae33ee326b: start 1e8680ac-85e3-4a1a-b57a-8eae33ee326b@group-3AF74B4D5962-FollowerState
rm_1        | 2022-04-27 01:04:54 INFO  RMContainerTokenSecretManager:105 - Rolling master-key for container-tokens
om_1        | 2022-04-27 01:05:41,035 [pool-23-thread-1] INFO storage.RaftStorageDirectory: The storage directory /data/metadata/ratis/bf265839-605b-3f16-9796-c5ba1605619e does not exist. Creating ...
datanode_3  | 2022-04-27 01:05:33,384 [pool-22-thread-1] INFO server.RaftServerConfigKeys: raft.server.log.statemachine.data.sync.timeout.retry = -1 (default)
nm_1        | Apr 27, 2022 1:05:16 AM com.sun.jersey.guice.spi.container.GuiceComponentProviderFactory getComponentProvider
scm_1       | 2022-04-27 01:05:15,324 [8e132903-7491-4a6c-8d09-1d4e21e5e5b6@group-FF9917AAADAA-LeaderElection1] INFO server.RaftServer$Division: 8e132903-7491-4a6c-8d09-1d4e21e5e5b6@group-FF9917AAADAA: changes role from CANDIDATE to LEADER at term 1 for changeToLeader
datanode_2  | 2022-04-27 01:05:31,739 [pool-22-thread-1] INFO util.JmxRegister: Successfully registered JMX Bean with object name Ratis:service=RaftServer,group=group-3AF74B4D5962,id=1e8680ac-85e3-4a1a-b57a-8eae33ee326b
rm_1        | 2022-04-27 01:04:54 INFO  NMTokenSecretManagerInRM:95 - Rolling master-key for nm-tokens
om_1        | 2022-04-27 01:05:41,083 [pool-23-thread-1] INFO storage.RaftStorageDirectory: Lock on /data/metadata/ratis/bf265839-605b-3f16-9796-c5ba1605619e/in_use.lock acquired by nodename 6@om
datanode_3  | 2022-04-27 01:05:33,460 [pool-22-thread-1] INFO server.RaftServerConfigKeys: raft.server.log.write.buffer.size = 1048576 (custom)
nm_1        | INFO: Binding org.apache.hadoop.yarn.server.nodemanager.webapp.NMWebServices to GuiceManagedComponentProvider with the scope "Singleton"
scm_1       | 2022-04-27 01:05:15,325 [8e132903-7491-4a6c-8d09-1d4e21e5e5b6@group-FF9917AAADAA-LeaderElection1] INFO server.RaftServer$Division: 8e132903-7491-4a6c-8d09-1d4e21e5e5b6@group-FF9917AAADAA: change Leader from null to 8e132903-7491-4a6c-8d09-1d4e21e5e5b6 at term 1 for becomeLeader, leader elected after 9056ms
datanode_2  | 2022-04-27 01:05:31,832 [Command processor thread] INFO ratis.XceiverServerRatis: Created group PipelineID=4875c415-f919-4473-a5a9-3af74b4d5962
rm_1        | 2022-04-27 01:04:54 INFO  AbstractDelegationTokenSecretManager:325 - Updating the current master key for generating delegation tokens
om_1        | 2022-04-27 01:05:41,181 [pool-23-thread-1] INFO storage.RaftStorage: Storage directory /data/metadata/ratis/bf265839-605b-3f16-9796-c5ba1605619e has been successfully formatted.
datanode_3  | 2022-04-27 01:05:33,470 [pool-22-thread-1] INFO server.RaftServerConfigKeys: raft.server.log.statemachine.data.caching.enabled = true (custom)
nm_1        | 2022-04-27 01:05:16 INFO  log:67 - Started HttpServer2$SelectChannelConnectorWithSafeStartup@0.0.0.0:8042
scm_1       | 2022-04-27 01:05:15,342 [8e132903-7491-4a6c-8d09-1d4e21e5e5b6@group-FF9917AAADAA-LeaderElection1] INFO server.RaftServerConfigKeys: raft.server.staging.catchup.gap = 1000 (default)
datanode_2  | 2022-04-27 01:05:31,840 [Command processor thread] INFO commandhandler.CreatePipelineCommandHandler: Created Pipeline RATIS ONE PipelineID=4875c415-f919-4473-a5a9-3af74b4d5962.
rm_1        | 2022-04-27 01:04:55 INFO  RMDelegationTokenSecretManager:85 - storing master key with keyID 1
om_1        | 2022-04-27 01:05:41,186 [pool-23-thread-1] INFO server.RaftServerConfigKeys: raft.server.notification.no-leader.timeout = 120s (custom)
datanode_3  | 2022-04-27 01:05:33,564 [pool-22-thread-1] INFO segmented.SegmentedRaftLogWorker: 5defd98e-a136-4d26-bacb-72fd0a531ede@group-18494EA5F2C4-SegmentedRaftLogWorker: flushIndex: setUnconditionally 0 -> -1
nm_1        | 2022-04-27 01:05:16 INFO  WebApps:307 - Web app node started at 8042
rm_1        | 2022-04-27 01:04:55 INFO  RMStateStore:417 - Storing RMDTMasterKey.
nm_1        | 2022-04-27 01:05:16 INFO  RMProxy:98 - Connecting to ResourceManager at rm/172.18.0.3:8031
scm_1       | 2022-04-27 01:05:15,357 [8e132903-7491-4a6c-8d09-1d4e21e5e5b6@group-FF9917AAADAA-LeaderElection1] INFO server.RaftServerConfigKeys: raft.server.write.element-limit = 4096 (default)
scm_1       | 2022-04-27 01:05:15,365 [8e132903-7491-4a6c-8d09-1d4e21e5e5b6@group-FF9917AAADAA-LeaderElection1] INFO server.RaftServerConfigKeys: raft.server.write.byte-limit = 64MB (=67108864) (default)
om_1        | 2022-04-27 01:05:41,231 [pool-23-thread-1] INFO server.RaftServerConfigKeys: raft.server.log.use.memory = false (default)
rm_1        | 2022-04-27 01:04:55 INFO  AsyncDispatcher:209 - Registering class org.apache.hadoop.yarn.nodelabels.event.NodeLabelsStoreEventType for class org.apache.hadoop.yarn.nodelabels.CommonNodeLabelsManager$ForwardingEventHandler
datanode_3  | 2022-04-27 01:05:33,567 [pool-22-thread-1] INFO segmented.SegmentedRaftLogWorker: 5defd98e-a136-4d26-bacb-72fd0a531ede@group-18494EA5F2C4-SegmentedRaftLogWorker: safeCacheEvictIndex: setUnconditionally 0 -> -1
nm_1        | 2022-04-27 01:05:16 INFO  NodeStatusUpdaterImpl:435 - Sending out 0 NM container statuses: []
scm_1       | 2022-04-27 01:05:15,398 [8e132903-7491-4a6c-8d09-1d4e21e5e5b6@group-FF9917AAADAA-LeaderElection1] INFO server.RaftServerConfigKeys: raft.server.watch.timeout = 10s (default)
datanode_2  | 2022-04-27 01:05:31,841 [Command processor thread] INFO server.RaftServer: 1e8680ac-85e3-4a1a-b57a-8eae33ee326b: addNew group-2D41A850AFD5:[5defd98e-a136-4d26-bacb-72fd0a531ede|rpc:172.18.0.8:9856|admin:172.18.0.8:9857|client:172.18.0.8:9858|priority:0, de54204b-9f1c-44ff-b3c1-584559afbdde|rpc:172.18.0.7:9856|admin:172.18.0.7:9857|client:172.18.0.7:9858|priority:0, 1e8680ac-85e3-4a1a-b57a-8eae33ee326b|rpc:172.18.0.4:9856|admin:172.18.0.4:9857|client:172.18.0.4:9858|priority:1] returns group-2D41A850AFD5:java.util.concurrent.CompletableFuture@5b85e6d1[Not completed]
om_1        | 2022-04-27 01:05:41,333 [pool-23-thread-1] INFO server.RaftServerConfigKeys: raft.server.log.purge.gap = 1000000 (custom)
rm_1        | 2022-04-27 01:04:55 INFO  AbstractDelegationTokenSecretManager:638 - Starting expired delegation token remover thread, tokenRemoverScanInterval=60 min(s)
datanode_3  | 2022-04-27 01:05:33,592 [pool-22-thread-1] INFO server.RaftServerConfigKeys: raft.server.snapshot.auto.trigger.enabled = true (custom)
nm_1        | 2022-04-27 01:05:16 INFO  NodeStatusUpdaterImpl:268 - Registering with RM using containers :[]
scm_1       | 2022-04-27 01:05:15,399 [8e132903-7491-4a6c-8d09-1d4e21e5e5b6@group-FF9917AAADAA-LeaderElection1] INFO server.RaftServerConfigKeys: raft.server.watch.timeout.denomination = 1s (default)
datanode_2  | 2022-04-27 01:05:31,884 [pool-22-thread-1] INFO server.RaftServer$Division: 1e8680ac-85e3-4a1a-b57a-8eae33ee326b: new RaftServerImpl for group-2D41A850AFD5:[5defd98e-a136-4d26-bacb-72fd0a531ede|rpc:172.18.0.8:9856|admin:172.18.0.8:9857|client:172.18.0.8:9858|priority:0, de54204b-9f1c-44ff-b3c1-584559afbdde|rpc:172.18.0.7:9856|admin:172.18.0.7:9857|client:172.18.0.7:9858|priority:0, 1e8680ac-85e3-4a1a-b57a-8eae33ee326b|rpc:172.18.0.4:9856|admin:172.18.0.4:9857|client:172.18.0.4:9858|priority:1] with ContainerStateMachine:uninitialized
om_1        | 2022-04-27 01:05:41,334 [pool-23-thread-1] INFO server.RaftServerConfigKeys: raft.server.log.appender.buffer.byte-limit = 33554432 (custom)
datanode_3  | 2022-04-27 01:05:33,593 [pool-22-thread-1] INFO server.RaftServerConfigKeys: raft.server.snapshot.auto.trigger.threshold = 10000 (custom)
nm_1        | 2022-04-27 01:05:17 INFO  NMContainerTokenSecretManager:138 - Rolling master-key for container-tokens, got key with id 1488668801
rm_1        | 2022-04-27 01:04:55 INFO  AbstractDelegationTokenSecretManager:325 - Updating the current master key for generating delegation tokens
scm_1       | 2022-04-27 01:05:15,400 [8e132903-7491-4a6c-8d09-1d4e21e5e5b6@group-FF9917AAADAA-LeaderElection1] INFO server.RaftServerConfigKeys: raft.server.watch.element-limit = 65536 (default)
datanode_2  | 2022-04-27 01:05:31,884 [pool-22-thread-1] INFO server.RaftServerConfigKeys: raft.server.rpc.timeout.min = 5s (custom)
om_1        | 2022-04-27 01:05:41,526 [pool-23-thread-1] INFO server.RaftServerConfigKeys: raft.server.log.segment.size.max = 4194304 (custom)
datanode_3  | 2022-04-27 01:05:33,594 [pool-22-thread-1] INFO server.RaftServerConfigKeys: raft.server.snapshot.retention.file.num = 5 (custom)
nm_1        | 2022-04-27 01:05:17 INFO  NMTokenSecretManagerInNM:135 - Rolling master-key for container-tokens, got key with id 469604637
rm_1        | 2022-04-27 01:04:55 INFO  RMDelegationTokenSecretManager:85 - storing master key with keyID 2
scm_1       | 2022-04-27 01:05:15,425 [8e132903-7491-4a6c-8d09-1d4e21e5e5b6@group-FF9917AAADAA-LeaderElection1] INFO server.RaftServerConfigKeys: raft.server.write.element-limit = 4096 (default)
datanode_2  | 2022-04-27 01:05:31,885 [pool-22-thread-1] INFO server.RaftServerConfigKeys: raft.server.rpc.timeout.max = 5200ms (custom)
om_1        | 2022-04-27 01:05:41,588 [pool-23-thread-1] INFO server.RaftServerConfigKeys: raft.server.log.segment.cache.num.max = 2 (custom)
datanode_3  | 2022-04-27 01:05:33,599 [pool-22-thread-1] INFO server.RaftServerConfigKeys: raft.server.log.purge.upto.snapshot.index = false (default)
nm_1        | 2022-04-27 01:05:17 INFO  NodeStatusUpdaterImpl:317 - Registered with ResourceManager as nm:43367 with total resource of <memory:8192, vCores:8>
rm_1        | 2022-04-27 01:04:55 INFO  RMStateStore:417 - Storing RMDTMasterKey.
scm_1       | 2022-04-27 01:05:15,430 [8e132903-7491-4a6c-8d09-1d4e21e5e5b6@group-FF9917AAADAA-LeaderElection1] INFO server.RaftServerConfigKeys: raft.server.write.follower.gap.ratio.max = -1.0 (default)
om_1        | 2022-04-27 01:05:41,588 [pool-23-thread-1] INFO server.RaftServerConfigKeys: raft.server.log.segment.cache.size.max = 200MB (=209715200) (default)
om_1        | 2022-04-27 01:05:41,594 [pool-23-thread-1] INFO segmented.SegmentedRaftLogWorker: new om1@group-C5BA1605619E-SegmentedRaftLogWorker for RaftStorageImpl:Storage Directory /data/metadata/ratis/bf265839-605b-3f16-9796-c5ba1605619e
datanode_3  | 2022-04-27 01:05:33,601 [pool-22-thread-1] INFO server.RaftServerConfigKeys: raft.server.retrycache.expirytime = 600000ms (custom)
nm_1        | 2022-04-27 01:05:17 INFO  NodeStatusUpdaterImpl:319 - Notifying ContainerManager to unblock new container-requests
rm_1        | 2022-04-27 01:04:55 INFO  CallQueueManager:54 - Using callQueue class java.util.concurrent.LinkedBlockingQueue
om_1        | 2022-04-27 01:05:41,594 [pool-23-thread-1] INFO server.RaftServerConfigKeys: raft.server.log.queue.byte-limit = 64MB (=67108864) (default)
datanode_2  | 2022-04-27 01:05:31,885 [pool-22-thread-1] INFO server.RaftServerConfigKeys: raft.server.rpc.sleep.time = 25ms (default)
scm_1       | 2022-04-27 01:05:15,451 [8e132903-7491-4a6c-8d09-1d4e21e5e5b6@group-FF9917AAADAA-LeaderElection1] INFO impl.RoleInfo: 8e132903-7491-4a6c-8d09-1d4e21e5e5b6: start 8e132903-7491-4a6c-8d09-1d4e21e5e5b6@group-FF9917AAADAA-LeaderStateImpl
datanode_3  | 2022-04-27 01:05:33,614 [pool-22-thread-1] INFO server.RaftServerConfigKeys: raft.server.retrycache.statistics.expirytime = 100?s (default)
nm_1        | 2022-04-27 01:06:49 INFO  Server:1316 - Auth successful for appattempt_1651021494890_0001_000001 (auth:SIMPLE)
rm_1        | 2022-04-27 01:04:55 INFO  Server:606 - Starting Socket Reader #1 for port 8031
om_1        | 2022-04-27 01:05:41,595 [pool-23-thread-1] INFO server.RaftServerConfigKeys: raft.server.log.queue.element-limit = 4096 (default)
datanode_2  | 2022-04-27 01:05:31,885 [pool-22-thread-1] INFO server.RaftServerConfigKeys: raft.server.rpc.slowness.timeout = 300s (custom)
scm_1       | 2022-04-27 01:05:15,555 [8e132903-7491-4a6c-8d09-1d4e21e5e5b6@group-FF9917AAADAA-LeaderElection1] INFO segmented.SegmentedRaftLogWorker: 8e132903-7491-4a6c-8d09-1d4e21e5e5b6@group-FF9917AAADAA-SegmentedRaftLogWorker: Starting segment from index:0
datanode_3  | 2022-04-27 01:05:33,719 [pool-22-thread-1] INFO server.RaftServer$Division: 5defd98e-a136-4d26-bacb-72fd0a531ede@group-18494EA5F2C4: start as a follower, conf=-1: [5defd98e-a136-4d26-bacb-72fd0a531ede|rpc:172.18.0.8:9856|admin:172.18.0.8:9857|client:172.18.0.8:9858|priority:1], old=null
nm_1        | 2022-04-27 01:06:49 INFO  ContainerManagerImpl:810 - Start request for container_1651021494890_0001_01_000001 by user hadoop
rm_1        | 2022-04-27 01:04:55 INFO  RpcServerFactoryPBImpl:174 - Adding protocol org.apache.hadoop.yarn.server.api.ResourceTrackerPB to the server
om_1        | 2022-04-27 01:05:41,607 [pool-23-thread-1] INFO server.RaftServerConfigKeys: raft.server.log.segment.size.max = 4194304 (custom)
datanode_2  | 2022-04-27 01:05:31,885 [pool-22-thread-1] INFO server.RaftServerConfigKeys: raft.server.leaderelection.leader.step-down.wait-time = 10s (default)
scm_1       | 2022-04-27 01:05:15,750 [8e132903-7491-4a6c-8d09-1d4e21e5e5b6@group-FF9917AAADAA-LeaderElection1] INFO server.RaftServer$Division: 8e132903-7491-4a6c-8d09-1d4e21e5e5b6@group-FF9917AAADAA: set configuration 0: [8e132903-7491-4a6c-8d09-1d4e21e5e5b6|rpc:scm:9894|admin:|client:|dataStream:|priority:0], old=null
datanode_3  | 2022-04-27 01:05:33,721 [pool-22-thread-1] INFO server.RaftServer$Division: 5defd98e-a136-4d26-bacb-72fd0a531ede@group-18494EA5F2C4: changes role from      null to FOLLOWER at term 0 for startAsFollower
nm_1        | 2022-04-27 01:06:49 INFO  ContainerManagerImpl:850 - Creating a new application reference for app application_1651021494890_0001
rm_1        | 2022-04-27 01:04:55 INFO  Server:836 - IPC Server Responder: starting
om_1        | 2022-04-27 01:05:41,607 [pool-23-thread-1] INFO server.RaftServerConfigKeys: raft.server.log.preallocated.size = 4194304 (custom)
datanode_2  | 2022-04-27 01:05:31,885 [pool-22-thread-1] INFO server.RaftServerConfigKeys: raft.server.sleep.deviation.threshold = 300ms (default)
scm_1       | 2022-04-27 01:05:15,965 [8e132903-7491-4a6c-8d09-1d4e21e5e5b6@group-FF9917AAADAA-SegmentedRaftLogWorker] INFO segmented.SegmentedRaftLogWorker: 8e132903-7491-4a6c-8d09-1d4e21e5e5b6@group-FF9917AAADAA-SegmentedRaftLogWorker: created new log segment /data/metadata/scm-ha/409292b9-c6a1-488c-915b-ff9917aaadaa/current/log_inprogress_0
datanode_3  | 2022-04-27 01:05:33,725 [pool-22-thread-1] INFO impl.RoleInfo: 5defd98e-a136-4d26-bacb-72fd0a531ede: start 5defd98e-a136-4d26-bacb-72fd0a531ede@group-18494EA5F2C4-FollowerState
nm_1        | 2022-04-27 01:06:49 INFO  ApplicationImpl:464 - Application application_1651021494890_0001 transitioned from NEW to INITING
rm_1        | 2022-04-27 01:04:55 INFO  Server:676 - IPC Server listener on 8031: starting
om_1        | 2022-04-27 01:05:41,612 [pool-23-thread-1] INFO server.RaftServerConfigKeys: raft.server.log.force.sync.num = 128 (default)
datanode_2  | 2022-04-27 01:05:31,886 [pool-22-thread-1] INFO server.RaftServerConfigKeys: raft.server.log.appender.install.snapshot.enabled = false (custom)
scm_1       | 2022-04-27 01:05:16,880 [main] INFO server.RaftServer: 8e132903-7491-4a6c-8d09-1d4e21e5e5b6: close
datanode_3  | 2022-04-27 01:05:33,735 [pool-22-thread-1] INFO util.JmxRegister: Successfully registered JMX Bean with object name Ratis:service=RaftServer,group=group-18494EA5F2C4,id=5defd98e-a136-4d26-bacb-72fd0a531ede
nm_1        | 2022-04-27 01:06:49 INFO  NMAuditLogger:89 - USER=hadoop	IP=172.18.0.3	OPERATION=Start Container Request	TARGET=ContainerManageImpl	RESULT=SUCCESS	APPID=application_1651021494890_0001	CONTAINERID=container_1651021494890_0001_01_000001
rm_1        | 2022-04-27 01:04:55 INFO  CallQueueManager:54 - Using callQueue class java.util.concurrent.LinkedBlockingQueue
om_1        | 2022-04-27 01:05:41,613 [pool-23-thread-1] INFO server.RaftServerConfigKeys: raft.server.log.statemachine.data.sync = true (default)
datanode_2  | 2022-04-27 01:05:31,886 [pool-22-thread-1] INFO server.RaftServer$Division: 1e8680ac-85e3-4a1a-b57a-8eae33ee326b@group-2D41A850AFD5: ConfigurationManager, init=-1: [5defd98e-a136-4d26-bacb-72fd0a531ede|rpc:172.18.0.8:9856|admin:172.18.0.8:9857|client:172.18.0.8:9858|priority:0, de54204b-9f1c-44ff-b3c1-584559afbdde|rpc:172.18.0.7:9856|admin:172.18.0.7:9857|client:172.18.0.7:9858|priority:0, 1e8680ac-85e3-4a1a-b57a-8eae33ee326b|rpc:172.18.0.4:9856|admin:172.18.0.4:9857|client:172.18.0.4:9858|priority:1], old=null, confs=<EMPTY_MAP>
scm_1       | 2022-04-27 01:05:16,884 [main] INFO server.RaftServer$Division: 8e132903-7491-4a6c-8d09-1d4e21e5e5b6@group-FF9917AAADAA: shutdown
datanode_3  | 2022-04-27 01:05:33,826 [Command processor thread] INFO ratis.XceiverServerRatis: Created group PipelineID=4264312e-cb91-4218-bbfd-18494ea5f2c4
nm_1        | 2022-04-27 01:06:49 INFO  ApplicationImpl:304 - Adding container_1651021494890_0001_01_000001 to application application_1651021494890_0001
rm_1        | 2022-04-27 01:04:55 INFO  Server:606 - Starting Socket Reader #1 for port 8030
om_1        | 2022-04-27 01:05:41,613 [pool-23-thread-1] INFO server.RaftServerConfigKeys: raft.server.log.statemachine.data.sync.timeout = 10s (default)
datanode_2  | 2022-04-27 01:05:31,889 [pool-22-thread-1] INFO server.RaftServerConfigKeys: raft.server.storage.dir = [/data/metadata/ratis] (custom)
datanode_2  | 2022-04-27 01:05:31,890 [pool-22-thread-1] INFO server.RaftServerConfigKeys: raft.server.log.corruption.policy = EXCEPTION (default)
datanode_3  | 2022-04-27 01:05:33,830 [Command processor thread] INFO commandhandler.CreatePipelineCommandHandler: Created Pipeline RATIS ONE PipelineID=4264312e-cb91-4218-bbfd-18494ea5f2c4.
nm_1        | 2022-04-27 01:06:50 INFO  ApplicationImpl:464 - Application application_1651021494890_0001 transitioned from INITING to RUNNING
rm_1        | 2022-04-27 01:04:55 INFO  RpcServerFactoryPBImpl:174 - Adding protocol org.apache.hadoop.yarn.api.ApplicationMasterProtocolPB to the server
om_1        | 2022-04-27 01:05:41,614 [pool-23-thread-1] INFO server.RaftServerConfigKeys: raft.server.log.statemachine.data.sync.timeout.retry = -1 (default)
datanode_2  | 2022-04-27 01:05:31,893 [pool-22-thread-1] INFO server.RaftServerConfigKeys: raft.server.storage.free-space.min = 0MB (=0) (default)
scm_1       | 2022-04-27 01:05:16,885 [main] INFO util.JmxRegister: Successfully un-registered JMX Bean with object name Ratis:service=RaftServer,group=group-FF9917AAADAA,id=8e132903-7491-4a6c-8d09-1d4e21e5e5b6
datanode_3  | 2022-04-27 01:05:33,832 [Command processor thread] INFO server.RaftServer: 5defd98e-a136-4d26-bacb-72fd0a531ede: addNew group-2D41A850AFD5:[5defd98e-a136-4d26-bacb-72fd0a531ede|rpc:172.18.0.8:9856|admin:172.18.0.8:9857|client:172.18.0.8:9858|priority:0, de54204b-9f1c-44ff-b3c1-584559afbdde|rpc:172.18.0.7:9856|admin:172.18.0.7:9857|client:172.18.0.7:9858|priority:0, 1e8680ac-85e3-4a1a-b57a-8eae33ee326b|rpc:172.18.0.4:9856|admin:172.18.0.4:9857|client:172.18.0.4:9858|priority:1] returns group-2D41A850AFD5:java.util.concurrent.CompletableFuture@1cc27b60[Not completed]
nm_1        | 2022-04-27 01:06:50 INFO  ContainerImpl:1135 - Container container_1651021494890_0001_01_000001 transitioned from NEW to LOCALIZING
rm_1        | 2022-04-27 01:04:56 INFO  Server:836 - IPC Server Responder: starting
om_1        | 2022-04-27 01:05:41,685 [pool-23-thread-1] INFO server.RaftServerConfigKeys: raft.server.log.write.buffer.size = 64KB (=65536) (default)
datanode_2  | 2022-04-27 01:05:31,894 [pool-22-thread-1] INFO storage.RaftStorageDirectory: The storage directory /data/metadata/ratis/2f797340-9bae-434a-9a2d-2d41a850afd5 does not exist. Creating ...
scm_1       | 2022-04-27 01:05:16,886 [main] INFO impl.RoleInfo: 8e132903-7491-4a6c-8d09-1d4e21e5e5b6: shutdown 8e132903-7491-4a6c-8d09-1d4e21e5e5b6@group-FF9917AAADAA-LeaderStateImpl
datanode_3  | 2022-04-27 01:05:33,855 [pool-22-thread-1] INFO server.RaftServer$Division: 5defd98e-a136-4d26-bacb-72fd0a531ede: new RaftServerImpl for group-2D41A850AFD5:[5defd98e-a136-4d26-bacb-72fd0a531ede|rpc:172.18.0.8:9856|admin:172.18.0.8:9857|client:172.18.0.8:9858|priority:0, de54204b-9f1c-44ff-b3c1-584559afbdde|rpc:172.18.0.7:9856|admin:172.18.0.7:9857|client:172.18.0.7:9858|priority:0, 1e8680ac-85e3-4a1a-b57a-8eae33ee326b|rpc:172.18.0.4:9856|admin:172.18.0.4:9857|client:172.18.0.4:9858|priority:1] with ContainerStateMachine:uninitialized
nm_1        | 2022-04-27 01:06:50 INFO  AuxServices:196 - Got event CONTAINER_INIT for appId application_1651021494890_0001
rm_1        | 2022-04-27 01:04:56 INFO  Server:676 - IPC Server listener on 8030: starting
om_1        | 2022-04-27 01:05:41,694 [pool-23-thread-1] INFO server.RaftServerConfigKeys: raft.server.log.statemachine.data.caching.enabled = false (default)
datanode_2  | 2022-04-27 01:05:31,895 [pool-22-thread-1] INFO storage.RaftStorageDirectory: Lock on /data/metadata/ratis/2f797340-9bae-434a-9a2d-2d41a850afd5/in_use.lock acquired by nodename 7@16a57345f2de
scm_1       | 2022-04-27 01:05:16,922 [main] INFO impl.PendingRequests: 8e132903-7491-4a6c-8d09-1d4e21e5e5b6@group-FF9917AAADAA-PendingRequests: sendNotLeaderResponses
datanode_3  | 2022-04-27 01:05:33,859 [pool-22-thread-1] INFO server.RaftServerConfigKeys: raft.server.rpc.timeout.min = 5s (custom)
datanode_3  | 2022-04-27 01:05:33,859 [pool-22-thread-1] INFO server.RaftServerConfigKeys: raft.server.rpc.timeout.max = 5200ms (custom)
rm_1        | 2022-04-27 01:04:56 INFO  CallQueueManager:54 - Using callQueue class java.util.concurrent.LinkedBlockingQueue
om_1        | 2022-04-27 01:05:41,717 [pool-23-thread-1] INFO segmented.SegmentedRaftLogWorker: om1@group-C5BA1605619E-SegmentedRaftLogWorker: flushIndex: setUnconditionally 0 -> -1
datanode_2  | 2022-04-27 01:05:31,904 [pool-22-thread-1] INFO storage.RaftStorage: Storage directory /data/metadata/ratis/2f797340-9bae-434a-9a2d-2d41a850afd5 has been successfully formatted.
scm_1       | 2022-04-27 01:05:16,932 [main] INFO impl.StateMachineUpdater: 8e132903-7491-4a6c-8d09-1d4e21e5e5b6@group-FF9917AAADAA-StateMachineUpdater: set stopIndex = 0
datanode_3  | 2022-04-27 01:05:33,862 [pool-22-thread-1] INFO server.RaftServerConfigKeys: raft.server.rpc.sleep.time = 25ms (default)
nm_1        | 2022-04-27 01:06:50 INFO  LocalizedResource:203 - Resource o3fs://bucket1.volume1.om/user/hadoop/.staging/job_1651021494890_0001/job.splitmetainfo transitioned from INIT to DOWNLOADING
rm_1        | 2022-04-27 01:04:56 INFO  Server:606 - Starting Socket Reader #1 for port 8032
om_1        | 2022-04-27 01:05:41,717 [pool-23-thread-1] INFO segmented.SegmentedRaftLogWorker: om1@group-C5BA1605619E-SegmentedRaftLogWorker: safeCacheEvictIndex: setUnconditionally 0 -> -1
datanode_2  | 2022-04-27 01:05:31,909 [pool-22-thread-1] INFO ratis.ContainerStateMachine: group-2D41A850AFD5: The snapshot info is null. Setting the last applied indexto:(t:0, i:~)
scm_1       | 2022-04-27 01:05:16,932 [8e132903-7491-4a6c-8d09-1d4e21e5e5b6@group-FF9917AAADAA-StateMachineUpdater] INFO impl.StateMachineUpdater: 8e132903-7491-4a6c-8d09-1d4e21e5e5b6@group-FF9917AAADAA-StateMachineUpdater: Took a snapshot at index 0
datanode_3  | 2022-04-27 01:05:33,863 [pool-22-thread-1] INFO server.RaftServerConfigKeys: raft.server.rpc.slowness.timeout = 300s (custom)
nm_1        | 2022-04-27 01:06:50 INFO  LocalizedResource:203 - Resource o3fs://bucket1.volume1.om/user/hadoop/.staging/job_1651021494890_0001/job.jar transitioned from INIT to DOWNLOADING
rm_1        | 2022-04-27 01:04:56 INFO  RpcServerFactoryPBImpl:174 - Adding protocol org.apache.hadoop.yarn.api.ApplicationClientProtocolPB to the server
om_1        | 2022-04-27 01:05:41,750 [pool-23-thread-1] INFO server.RaftServerConfigKeys: raft.server.snapshot.auto.trigger.enabled = true (custom)
datanode_2  | 2022-04-27 01:05:31,912 [pool-22-thread-1] INFO server.RaftServerConfigKeys: raft.server.notification.no-leader.timeout = 300s (custom)
scm_1       | 2022-04-27 01:05:16,933 [8e132903-7491-4a6c-8d09-1d4e21e5e5b6@group-FF9917AAADAA-StateMachineUpdater] INFO impl.StateMachineUpdater: 8e132903-7491-4a6c-8d09-1d4e21e5e5b6@group-FF9917AAADAA-StateMachineUpdater: snapshotIndex: updateIncreasingly -1 -> 0
datanode_3  | 2022-04-27 01:05:33,863 [pool-22-thread-1] INFO server.RaftServerConfigKeys: raft.server.leaderelection.leader.step-down.wait-time = 10s (default)
nm_1        | 2022-04-27 01:06:50 INFO  LocalizedResource:203 - Resource o3fs://bucket1.volume1.om/user/hadoop/.staging/job_1651021494890_0001/job.split transitioned from INIT to DOWNLOADING
rm_1        | 2022-04-27 01:04:56 INFO  Server:836 - IPC Server Responder: starting
om_1        | 2022-04-27 01:05:41,751 [pool-23-thread-1] INFO server.RaftServerConfigKeys: raft.server.snapshot.auto.trigger.threshold = 400000 (default)
datanode_2  | 2022-04-27 01:05:31,912 [pool-22-thread-1] INFO server.RaftServerConfigKeys: raft.server.log.use.memory = false (default)
scm_1       | 2022-04-27 01:05:16,943 [main] INFO server.RaftServer$Division: 8e132903-7491-4a6c-8d09-1d4e21e5e5b6@group-FF9917AAADAA: closes. applyIndex: 0
datanode_3  | 2022-04-27 01:05:33,868 [pool-22-thread-1] INFO server.RaftServerConfigKeys: raft.server.sleep.deviation.threshold = 300ms (default)
nm_1        | 2022-04-27 01:06:50 INFO  LocalizedResource:203 - Resource o3fs://bucket1.volume1.om/user/hadoop/.staging/job_1651021494890_0001/job.xml transitioned from INIT to DOWNLOADING
rm_1        | 2022-04-27 01:04:56 INFO  Server:676 - IPC Server listener on 8032: starting
om_1        | 2022-04-27 01:05:41,755 [pool-23-thread-1] INFO server.RaftServerConfigKeys: raft.server.snapshot.retention.file.num = -1 (default)
datanode_2  | 2022-04-27 01:05:31,917 [pool-22-thread-1] INFO server.RaftServerConfigKeys: raft.server.log.purge.gap = 1000000 (custom)
scm_1       | 2022-04-27 01:05:16,947 [8e132903-7491-4a6c-8d09-1d4e21e5e5b6@group-FF9917AAADAA-SegmentedRaftLogWorker] INFO segmented.SegmentedRaftLogWorker: 8e132903-7491-4a6c-8d09-1d4e21e5e5b6@group-FF9917AAADAA-SegmentedRaftLogWorker was interrupted, exiting. There are 0 tasks remaining in the queue.
datanode_3  | 2022-04-27 01:05:33,868 [pool-22-thread-1] INFO server.RaftServerConfigKeys: raft.server.log.appender.install.snapshot.enabled = false (custom)
nm_1        | 2022-04-27 01:06:50 INFO  ResourceLocalizationService:711 - Created localizer for container_1651021494890_0001_01_000001
rm_1        | 2022-04-27 01:04:56 INFO  ResourceManager:1023 - Transitioned to active state
om_1        | 2022-04-27 01:05:41,758 [pool-23-thread-1] INFO server.RaftServerConfigKeys: raft.server.log.purge.upto.snapshot.index = true (custom)
datanode_2  | 2022-04-27 01:05:31,918 [pool-22-thread-1] INFO server.RaftServerConfigKeys: raft.server.log.appender.buffer.byte-limit = 33554432 (custom)
scm_1       | 2022-04-27 01:05:16,952 [main] INFO segmented.SegmentedRaftLogWorker: 8e132903-7491-4a6c-8d09-1d4e21e5e5b6@group-FF9917AAADAA-SegmentedRaftLogWorker close()
datanode_3  | 2022-04-27 01:05:33,869 [pool-22-thread-1] INFO server.RaftServer$Division: 5defd98e-a136-4d26-bacb-72fd0a531ede@group-2D41A850AFD5: ConfigurationManager, init=-1: [5defd98e-a136-4d26-bacb-72fd0a531ede|rpc:172.18.0.8:9856|admin:172.18.0.8:9857|client:172.18.0.8:9858|priority:0, de54204b-9f1c-44ff-b3c1-584559afbdde|rpc:172.18.0.7:9856|admin:172.18.0.7:9857|client:172.18.0.7:9858|priority:0, 1e8680ac-85e3-4a1a-b57a-8eae33ee326b|rpc:172.18.0.4:9856|admin:172.18.0.4:9857|client:172.18.0.4:9858|priority:1], old=null, confs=<EMPTY_MAP>
nm_1        | 2022-04-27 01:06:50 INFO  ResourceLocalizationService:1191 - Writing credentials to the nmPrivate file /tmp/hadoop-hadoop/nm-local-dir/nmPrivate/container_1651021494890_0001_01_000001.tokens. Credentials list: 
rm_1        | 2022-04-27 01:04:57 INFO  log:67 - Logging to org.slf4j.impl.Log4jLoggerAdapter(org.mortbay.log) via org.mortbay.log.Slf4jLog
om_1        | 2022-04-27 01:05:41,762 [pool-23-thread-1] INFO server.RaftServerConfigKeys: raft.server.retrycache.expirytime = 300s (custom)
datanode_2  | 2022-04-27 01:05:31,920 [pool-22-thread-1] INFO server.RaftServerConfigKeys: raft.server.log.segment.size.max = 1048576 (custom)
scm_1       | 2022-04-27 01:05:16,955 [main] INFO server.GrpcService: 8e132903-7491-4a6c-8d09-1d4e21e5e5b6: shutdown server with port 9894 now
datanode_3  | 2022-04-27 01:05:33,888 [pool-22-thread-1] INFO server.RaftServerConfigKeys: raft.server.storage.dir = [/data/metadata/ratis] (custom)
nm_1        | 2022-04-27 01:06:50 INFO  DefaultContainerExecutor:612 - Initializing user hadoop
rm_1        | 2022-04-27 01:04:57 INFO  AuthenticationFilter:283 - Unable to initialize FileSignerSecretProvider, falling back to use random secrets.
om_1        | 2022-04-27 01:05:41,763 [pool-23-thread-1] INFO server.RaftServerConfigKeys: raft.server.retrycache.statistics.expirytime = 100?s (default)
datanode_2  | 2022-04-27 01:05:31,920 [pool-22-thread-1] INFO server.RaftServerConfigKeys: raft.server.log.segment.cache.num.max = 2 (custom)
scm_1       | 2022-04-27 01:05:16,969 [main] INFO server.GrpcService: 8e132903-7491-4a6c-8d09-1d4e21e5e5b6: shutdown server with port 9894 successfully
datanode_3  | 2022-04-27 01:05:33,889 [pool-22-thread-1] INFO server.RaftServerConfigKeys: raft.server.log.corruption.policy = EXCEPTION (default)
nm_1        | 2022-04-27 01:06:50 INFO  DefaultContainerExecutor:117 - Copying from /tmp/hadoop-hadoop/nm-local-dir/nmPrivate/container_1651021494890_0001_01_000001.tokens to /tmp/hadoop-hadoop/nm-local-dir/usercache/hadoop/appcache/application_1651021494890_0001/container_1651021494890_0001_01_000001.tokens
rm_1        | 2022-04-27 01:04:57 INFO  HttpRequestLog:80 - Http request log for http.requests.resourcemanager is not defined
om_1        | 2022-04-27 01:05:42,126 [main] INFO reflections.Reflections: Reflections took 1146 ms to scan 7 urls, producing 20 keys and 355 values [using 2 cores]
datanode_2  | 2022-04-27 01:05:31,928 [pool-22-thread-1] INFO server.RaftServerConfigKeys: raft.server.log.segment.cache.size.max = 200MB (=209715200) (default)
scm_1       | 2022-04-27 01:05:16,969 [org.apache.ratis.util.JvmPauseMonitor$$Lambda$300/0x0000000840254c40@65e61854] INFO util.JvmPauseMonitor: JvmPauseMonitor-8e132903-7491-4a6c-8d09-1d4e21e5e5b6: Stopped
datanode_3  | 2022-04-27 01:05:33,893 [pool-22-thread-1] INFO server.RaftServerConfigKeys: raft.server.storage.free-space.min = 0MB (=0) (default)
nm_1        | 2022-04-27 01:06:50 INFO  DefaultContainerExecutor:124 - Localizer CWD set to /tmp/hadoop-hadoop/nm-local-dir/usercache/hadoop/appcache/application_1651021494890_0001 = file:/tmp/hadoop-hadoop/nm-local-dir/usercache/hadoop/appcache/application_1651021494890_0001
rm_1        | 2022-04-27 01:04:57 INFO  HttpServer2:710 - Added global filter 'safety' (class=org.apache.hadoop.http.HttpServer2$QuotingInputFilter)
om_1        | 2022-04-27 01:05:42,284 [main] INFO ipc.CallQueueManager: Using callQueue: class java.util.concurrent.LinkedBlockingQueue, queueCapacity: 10000, scheduler: class org.apache.hadoop.ipc.DefaultRpcScheduler, ipcBackoff: false.
datanode_2  | 2022-04-27 01:05:31,928 [pool-22-thread-1] INFO segmented.SegmentedRaftLogWorker: new 1e8680ac-85e3-4a1a-b57a-8eae33ee326b@group-2D41A850AFD5-SegmentedRaftLogWorker for RaftStorageImpl:Storage Directory /data/metadata/ratis/2f797340-9bae-434a-9a2d-2d41a850afd5
scm_1       | 2022-04-27 01:05:16,970 [main] WARN server.ServerUtils: ozone.scm.db.dirs is not configured. We recommend adding this setting. Falling back to ozone.metadata.dirs instead.
datanode_3  | 2022-04-27 01:05:33,893 [pool-22-thread-1] INFO storage.RaftStorageDirectory: The storage directory /data/metadata/ratis/2f797340-9bae-434a-9a2d-2d41a850afd5 does not exist. Creating ...
nm_1        | 2022-04-27 01:06:51 WARN  MetricsSystemImpl:152 - NodeManager metrics system already initialized!
rm_1        | 2022-04-27 01:04:57 INFO  HttpServer2:685 - Added filter RMAuthenticationFilter (class=org.apache.hadoop.yarn.server.security.http.RMAuthenticationFilter) to context cluster
om_1        | 2022-04-27 01:05:42,309 [Socket Reader #1 for port 9862] INFO ipc.Server: Starting Socket Reader #1 for port 9862
datanode_2  | 2022-04-27 01:05:31,929 [pool-22-thread-1] INFO server.RaftServerConfigKeys: raft.server.log.queue.byte-limit = 4294967296 (custom)
scm_1       | 2022-04-27 01:05:16,973 [main] INFO server.StorageContainerManager: SCM initialization succeeded. Current cluster id for sd=/data/metadata/scm; cid=CID-409292b9-c6a1-488c-915b-ff9917aaadaa; layoutVersion=3; scmId=8e132903-7491-4a6c-8d09-1d4e21e5e5b6
datanode_3  | 2022-04-27 01:05:33,904 [pool-22-thread-1] INFO storage.RaftStorageDirectory: Lock on /data/metadata/ratis/2f797340-9bae-434a-9a2d-2d41a850afd5/in_use.lock acquired by nodename 6@525a22bfa26a
nm_1        | 2022-04-27 01:06:52 INFO  LocalizedResource:203 - Resource o3fs://bucket1.volume1.om/user/hadoop/.staging/job_1651021494890_0001/job.splitmetainfo(->/tmp/hadoop-hadoop/nm-local-dir/usercache/hadoop/appcache/application_1651021494890_0001/filecache/10/job.splitmetainfo) transitioned from DOWNLOADING to LOCALIZED
rm_1        | 2022-04-27 01:04:57 INFO  HttpServer2:693 - Added filter RMAuthenticationFilter (class=org.apache.hadoop.yarn.server.security.http.RMAuthenticationFilter) to context static
om_1        | 2022-04-27 01:05:42,609 [Listener at om/9862] INFO impl.MetricsConfig: Loaded properties from hadoop-metrics2.properties
datanode_2  | 2022-04-27 01:05:31,929 [pool-22-thread-1] INFO server.RaftServerConfigKeys: raft.server.log.queue.element-limit = 1024 (custom)
scm_1       | 2022-04-27 01:05:16,983 [shutdown-hook-0] INFO server.StorageContainerManagerStarter: SHUTDOWN_MSG: 
datanode_3  | 2022-04-27 01:05:33,909 [pool-22-thread-1] INFO storage.RaftStorage: Storage directory /data/metadata/ratis/2f797340-9bae-434a-9a2d-2d41a850afd5 has been successfully formatted.
nm_1        | 2022-04-27 01:06:52 INFO  LocalizedResource:203 - Resource o3fs://bucket1.volume1.om/user/hadoop/.staging/job_1651021494890_0001/job.jar(->/tmp/hadoop-hadoop/nm-local-dir/usercache/hadoop/appcache/application_1651021494890_0001/filecache/11/job.jar) transitioned from DOWNLOADING to LOCALIZED
rm_1        | 2022-04-27 01:04:57 INFO  HttpServer2:693 - Added filter RMAuthenticationFilter (class=org.apache.hadoop.yarn.server.security.http.RMAuthenticationFilter) to context logs
