dn3_1  | 2022-06-03 01:25:03,889 [grpc-default-executor-4] INFO impl.VoteContext: 5fa349e2-1857-4339-b69d-71f6b7062cd0@group-E9BEB78C6BC8-CANDIDATE: reject ELECTION from 6c8071d5-31a7-4ddf-a13c-c16c25a4e835: already has voted for 5fa349e2-1857-4339-b69d-71f6b7062cd0 at current term 10
om1_1  | 2022-06-03 01:25:10,414 [pool-26-thread-1] INFO server.RaftServerConfigKeys: raft.server.log.statemachine.data.sync = true (default)
om1_1  | 2022-06-03 01:25:10,420 [pool-26-thread-1] INFO server.RaftServerConfigKeys: raft.server.log.statemachine.data.sync.timeout = 10s (default)
dn1_1  | 2022-06-03 01:25:15,353 [df787643-518a-4821-8ac7-c487e051f69e@group-6A9A65E4E8D6-LeaderElection6] INFO server.RaftServerConfigKeys: raft.server.rpc.request.timeout = 60s (custom)
dn1_1  | 2022-06-03 01:25:15,353 [df787643-518a-4821-8ac7-c487e051f69e@group-6A9A65E4E8D6-LeaderElection6] INFO server.RaftServerConfigKeys: raft.server.log.appender.install.snapshot.enabled = false (custom)
scm_1  | 2022-06-03 01:24:22,784 [main] INFO ExpiredContainerReplicaOpScrubber: Starting ExpiredContainerReplicaOpScrubber Service.
scm_1  | 2022-06-03 01:24:22,813 [main] INFO ha.SCMServiceManager: Registering service ExpiredContainerReplicaOpScrubber.
om1_1  | 2022-06-03 01:25:10,423 [pool-26-thread-1] INFO server.RaftServerConfigKeys: raft.server.log.statemachine.data.sync.timeout.retry = -1 (default)
om3_1  | 2022-06-03 01:25:10,535 [pool-26-thread-1] INFO server.RaftServerConfigKeys: raft.server.log.use.memory = false (default)
om2_1  | 2022-06-03 01:25:13,677 [pool-26-thread-1] INFO raftlog.RaftLog: om2@group-D66704EFC61C-SegmentedRaftLog: commitIndex: updateToMax old=838, new=837, updated? false
dn1_1  | 2022-06-03 01:25:15,386 [df787643-518a-4821-8ac7-c487e051f69e@group-6A9A65E4E8D6-LeaderElection6] INFO impl.RoleInfo: df787643-518a-4821-8ac7-c487e051f69e: start df787643-518a-4821-8ac7-c487e051f69e@group-6A9A65E4E8D6-LeaderStateImpl
scm_1  | 2022-06-03 01:24:23,385 [main] INFO algorithms.PipelineChoosePolicyFactory: Create pipeline choose policy of type org.apache.hadoop.hdds.scm.pipeline.choose.algorithms.RandomPipelineChoosePolicy
dn3_1  | 2022-06-03 01:25:03,894 [grpc-default-executor-4] INFO server.RaftServer$Division: 5fa349e2-1857-4339-b69d-71f6b7062cd0@group-E9BEB78C6BC8 replies to ELECTION vote request: 6c8071d5-31a7-4ddf-a13c-c16c25a4e835<-5fa349e2-1857-4339-b69d-71f6b7062cd0#0:FAIL-t10. Peer's state: 5fa349e2-1857-4339-b69d-71f6b7062cd0@group-E9BEB78C6BC8:t10, leader=null, voted=5fa349e2-1857-4339-b69d-71f6b7062cd0, raftlog=5fa349e2-1857-4339-b69d-71f6b7062cd0@group-E9BEB78C6BC8-SegmentedRaftLog:OPENED:c370, conf=369: [6c8071d5-31a7-4ddf-a13c-c16c25a4e835|rpc:10.9.0.12:9856|admin:10.9.0.12:9857|client:10.9.0.12:9858|dataStream:|priority:1, 5fa349e2-1857-4339-b69d-71f6b7062cd0|rpc:10.9.0.13:9856|admin:10.9.0.13:9857|client:10.9.0.13:9858|dataStream:|priority:0, df787643-518a-4821-8ac7-c487e051f69e|rpc:10.9.0.11:9856|admin:10.9.0.11:9857|client:10.9.0.11:9858|dataStream:|priority:0], old=null
dn3_1  | 2022-06-03 01:25:04,116 [grpc-default-executor-7] INFO server.RaftServer$Division: 5fa349e2-1857-4339-b69d-71f6b7062cd0@group-6A9A65E4E8D6: receive requestVote(ELECTION, 6c8071d5-31a7-4ddf-a13c-c16c25a4e835, group-6A9A65E4E8D6, 8, (t:5, i:441))
om1_1  | 2022-06-03 01:25:10,625 [pool-26-thread-1] INFO server.RaftServerConfigKeys: raft.server.log.write.buffer.size = 64KB (=65536) (default)
om2_1  | 2022-06-03 01:25:13,688 [pool-26-thread-1] INFO raftlog.RaftLog: om2@group-D66704EFC61C-SegmentedRaftLog: purgeIndex: updateIncreasingly -1 -> 836
dn1_1  | 2022-06-03 01:25:15,391 [df787643-518a-4821-8ac7-c487e051f69e@group-6A9A65E4E8D6-LeaderElection6] INFO segmented.SegmentedRaftLogWorker: df787643-518a-4821-8ac7-c487e051f69e@group-6A9A65E4E8D6-SegmentedRaftLogWorker: Rolling segment log-440_441 to index:441
scm_1  | 2022-06-03 01:24:23,873 [main] INFO ha.SCMServiceManager: Registering service SCMBlockDeletingService.
om3_1  | 2022-06-03 01:25:10,895 [pool-26-thread-1] INFO server.RaftServerConfigKeys: raft.server.log.purge.gap = 1000000 (custom)
dn3_1  | 2022-06-03 01:25:04,136 [grpc-default-executor-7] INFO impl.VoteContext: 5fa349e2-1857-4339-b69d-71f6b7062cd0@group-6A9A65E4E8D6-FOLLOWER: accept ELECTION from 6c8071d5-31a7-4ddf-a13c-c16c25a4e835: our priority 0 <= candidate's priority 0
om1_1  | 2022-06-03 01:25:10,659 [pool-26-thread-1] INFO server.RaftServerConfigKeys: raft.server.log.unsafe-flush.enabled = false (default)
om2_1  | 2022-06-03 01:25:13,757 [pool-26-thread-1] INFO server.RaftServerConfigKeys: raft.server.snapshot.auto.trigger.enabled = true (custom)
dn1_1  | 2022-06-03 01:25:15,423 [df787643-518a-4821-8ac7-c487e051f69e@group-6A9A65E4E8D6-SegmentedRaftLogWorker] INFO segmented.SegmentedRaftLogWorker: df787643-518a-4821-8ac7-c487e051f69e@group-6A9A65E4E8D6-SegmentedRaftLogWorker: Rolled log segment from /data/metadata/ratis/e007f8e6-241b-4508-a0c2-6a9a65e4e8d6/current/log_inprogress_440 to /data/metadata/ratis/e007f8e6-241b-4508-a0c2-6a9a65e4e8d6/current/log_440-441
scm_1  | 2022-06-03 01:24:24,307 [main] INFO ha.SCMServiceManager: Registering service ReplicationManager.
scm_1  | 2022-06-03 01:24:24,307 [main] INFO replication.ReplicationManager: Starting Replication Monitor Thread.
dn3_1  | 2022-06-03 01:25:04,137 [grpc-default-executor-7] INFO server.RaftServer$Division: 5fa349e2-1857-4339-b69d-71f6b7062cd0@group-6A9A65E4E8D6: changes role from  FOLLOWER to FOLLOWER at term 8 for candidate:6c8071d5-31a7-4ddf-a13c-c16c25a4e835
om1_1  | 2022-06-03 01:25:10,669 [pool-26-thread-1] INFO server.RaftServerConfigKeys: raft.server.log.statemachine.data.caching.enabled = false (default)
om2_1  | 2022-06-03 01:25:13,782 [pool-26-thread-1] INFO server.RaftServerConfigKeys: raft.server.snapshot.auto.trigger.threshold = 400000 (default)
dn1_1  | 2022-06-03 01:25:15,423 [df787643-518a-4821-8ac7-c487e051f69e@group-6A9A65E4E8D6-LeaderElection6] INFO server.RaftServer$Division: df787643-518a-4821-8ac7-c487e051f69e@group-6A9A65E4E8D6: set configuration 442: [6c8071d5-31a7-4ddf-a13c-c16c25a4e835|rpc:10.9.0.12:9856|admin:10.9.0.12:9857|client:10.9.0.12:9858|dataStream:|priority:0, 5fa349e2-1857-4339-b69d-71f6b7062cd0|rpc:10.9.0.13:9856|admin:10.9.0.13:9857|client:10.9.0.13:9858|dataStream:|priority:0, df787643-518a-4821-8ac7-c487e051f69e|rpc:10.9.0.11:9856|admin:10.9.0.11:9857|client:10.9.0.11:9858|dataStream:|priority:1], old=null
scm_1  | 2022-06-03 01:24:24,649 [ReplicationMonitor] INFO replication.ReplicationManager: Replication Manager is not ready to run until 300000ms after safemode exit
om3_1  | 2022-06-03 01:25:10,912 [pool-26-thread-1] INFO server.RaftServerConfigKeys: raft.server.log.appender.buffer.byte-limit = 33554432 (custom)
dn3_1  | 2022-06-03 01:25:04,137 [grpc-default-executor-7] INFO impl.RoleInfo: 5fa349e2-1857-4339-b69d-71f6b7062cd0: shutdown 5fa349e2-1857-4339-b69d-71f6b7062cd0@group-6A9A65E4E8D6-FollowerState
dn3_1  | 2022-06-03 01:25:04,138 [5fa349e2-1857-4339-b69d-71f6b7062cd0@group-6A9A65E4E8D6-FollowerState] INFO impl.FollowerState: 5fa349e2-1857-4339-b69d-71f6b7062cd0@group-6A9A65E4E8D6-FollowerState was interrupted
om2_1  | 2022-06-03 01:25:13,807 [pool-26-thread-1] INFO server.RaftServerConfigKeys: raft.server.snapshot.retention.file.num = -1 (default)
dn1_1  | 2022-06-03 01:25:15,463 [df787643-518a-4821-8ac7-c487e051f69e@group-6A9A65E4E8D6-SegmentedRaftLogWorker] INFO segmented.SegmentedRaftLogWorker: df787643-518a-4821-8ac7-c487e051f69e@group-6A9A65E4E8D6-SegmentedRaftLogWorker: created new log segment /data/metadata/ratis/e007f8e6-241b-4508-a0c2-6a9a65e4e8d6/current/log_inprogress_442
scm_1  | 2022-06-03 01:24:24,914 [main] INFO safemode.ContainerSafeModeRule: containers with one replica threshold count 0
om3_1  | 2022-06-03 01:25:10,964 [pool-26-thread-1] INFO server.RaftServerConfigKeys: raft.server.log.statemachine.data.read.timeout = 1000ms (default)
dn3_1  | 2022-06-03 01:25:04,122 [grpc-default-executor-5] INFO server.RaftServer$Division: 5fa349e2-1857-4339-b69d-71f6b7062cd0@group-6A9A65E4E8D6: receive requestVote(ELECTION, df787643-518a-4821-8ac7-c487e051f69e, group-6A9A65E4E8D6, 8, (t:5, i:441))
om1_1  | 2022-06-03 01:25:11,285 [main] INFO reflections.Reflections: Reflections took 4098 ms to scan 8 urls, producing 23 keys and 445 values [using 2 cores]
om2_1  | 2022-06-03 01:25:13,811 [pool-26-thread-1] INFO server.RaftServerConfigKeys: raft.server.log.purge.upto.snapshot.index = true (custom)
om2_1  | 2022-06-03 01:25:13,852 [pool-26-thread-1] INFO server.RaftServerConfigKeys: raft.server.retrycache.expirytime = 300s (custom)
scm_1  | 2022-06-03 01:24:25,043 [main] INFO safemode.HealthyPipelineSafeModeRule: Total pipeline count is 2, healthy pipeline threshold count is 1
om3_1  | 2022-06-03 01:25:11,355 [pool-26-thread-1] INFO server.RaftServerConfigKeys: raft.server.log.segment.size.max = 4194304 (custom)
dn3_1  | 2022-06-03 01:25:04,122 [grpc-default-executor-4] INFO server.RaftServer$Division: 5fa349e2-1857-4339-b69d-71f6b7062cd0@group-E9BEB78C6BC8: receive requestVote(ELECTION, df787643-518a-4821-8ac7-c487e051f69e, group-E9BEB78C6BC8, 10, (t:7, i:370))
om1_1  | 2022-06-03 01:25:11,411 [pool-26-thread-1] INFO server.RaftServer$Division: om1@group-D66704EFC61C: set configuration 837: [om1|rpc:om1:9872|admin:|client:|dataStream:|priority:0, om3|rpc:om3:9872|admin:|client:|dataStream:|priority:0, om2|rpc:om2:9872|admin:|client:|dataStream:|priority:0], old=null
om2_1  | 2022-06-03 01:25:13,857 [pool-26-thread-1] INFO server.RaftServerConfigKeys: raft.server.retrycache.statistics.expirytime = 100?s (default)
dn1_1  | 2022-06-03 01:25:15,798 [df787643-518a-4821-8ac7-c487e051f69e-server-thread1] INFO ratis.XceiverServerRatis: Leader change notification received for group: group-E9BEB78C6BC8 with new leaderId: 6c8071d5-31a7-4ddf-a13c-c16c25a4e835
scm_1  | 2022-06-03 01:24:25,086 [main] INFO safemode.OneReplicaPipelineSafeModeRule: Total pipeline count is 2, pipeline's with at least one datanode reported threshold count is 2
om3_1  | 2022-06-03 01:25:11,589 [pool-26-thread-1] INFO server.RaftServerConfigKeys: raft.server.log.segment.cache.num.max = 2 (custom)
dn3_1  | 2022-06-03 01:25:04,138 [grpc-default-executor-7] INFO impl.RoleInfo: 5fa349e2-1857-4339-b69d-71f6b7062cd0: start 5fa349e2-1857-4339-b69d-71f6b7062cd0@group-6A9A65E4E8D6-FollowerState
om1_1  | 2022-06-03 01:25:11,451 [pool-26-thread-1] INFO segmented.LogSegment: Successfully read 2 entries from segment file /data/metadata/ratis/5cb24680-b9e7-3c90-a862-d66704efc61c/current/log_inprogress_837
om2_1  | 2022-06-03 01:25:14,719 [pool-26-thread-1] INFO server.RaftServerConfigKeys: raft.server.log.appender.install.snapshot.enabled = false (custom)
dn1_1  | 2022-06-03 01:25:15,829 [df787643-518a-4821-8ac7-c487e051f69e-server-thread1] INFO server.RaftServer$Division: df787643-518a-4821-8ac7-c487e051f69e@group-E9BEB78C6BC8: change Leader from null to 6c8071d5-31a7-4ddf-a13c-c16c25a4e835 at term 12 for appendEntries, leader elected after 45165ms
scm_1  | 2022-06-03 01:24:38,666 [main] INFO audit.AuditLogger: Refresh DebugCmdSet for SCMAudit to [].
scm_1  | 2022-06-03 01:24:38,866 [main] INFO ipc.CallQueueManager: Using callQueue: class java.util.concurrent.LinkedBlockingQueue, queueCapacity: 10000, scheduler: class org.apache.hadoop.ipc.DefaultRpcScheduler, ipcBackoff: false.
dn3_1  | 2022-06-03 01:25:04,141 [grpc-default-executor-4] INFO impl.VoteContext: 5fa349e2-1857-4339-b69d-71f6b7062cd0@group-E9BEB78C6BC8-CANDIDATE: reject ELECTION from df787643-518a-4821-8ac7-c487e051f69e: already has voted for 5fa349e2-1857-4339-b69d-71f6b7062cd0 at current term 10
om1_1  | 2022-06-03 01:25:11,521 [pool-26-thread-1] INFO segmented.SegmentedRaftLogWorker: om1@group-D66704EFC61C-SegmentedRaftLogWorker: flushIndex: setUnconditionally 0 -> 838
om2_1  | 2022-06-03 01:25:14,755 [pool-26-thread-1] INFO server.RaftServerConfigKeys: raft.server.threadpool.server.cached = true (default)
dn1_1  | 2022-06-03 01:25:16,275 [df787643-518a-4821-8ac7-c487e051f69e-server-thread2] INFO server.RaftServer$Division: df787643-518a-4821-8ac7-c487e051f69e@group-E9BEB78C6BC8: set configuration 371: [6c8071d5-31a7-4ddf-a13c-c16c25a4e835|rpc:10.9.0.12:9856|admin:10.9.0.12:9857|client:10.9.0.12:9858|dataStream:|priority:1, 5fa349e2-1857-4339-b69d-71f6b7062cd0|rpc:10.9.0.13:9856|admin:10.9.0.13:9857|client:10.9.0.13:9858|dataStream:|priority:0, df787643-518a-4821-8ac7-c487e051f69e|rpc:10.9.0.11:9856|admin:10.9.0.11:9857|client:10.9.0.11:9858|dataStream:|priority:0], old=null
scm_1  | 2022-06-03 01:24:38,993 [Socket Reader #1 for port 9861] INFO ipc.Server: Starting Socket Reader #1 for port 9861
om3_1  | 2022-06-03 01:25:11,593 [pool-26-thread-1] INFO server.RaftServerConfigKeys: raft.server.log.segment.cache.size.max = 200MB (=209715200) (default)
dn3_1  | 2022-06-03 01:25:04,147 [grpc-default-executor-4] INFO server.RaftServer$Division: 5fa349e2-1857-4339-b69d-71f6b7062cd0@group-E9BEB78C6BC8 replies to ELECTION vote request: df787643-518a-4821-8ac7-c487e051f69e<-5fa349e2-1857-4339-b69d-71f6b7062cd0#0:FAIL-t10. Peer's state: 5fa349e2-1857-4339-b69d-71f6b7062cd0@group-E9BEB78C6BC8:t10, leader=null, voted=5fa349e2-1857-4339-b69d-71f6b7062cd0, raftlog=5fa349e2-1857-4339-b69d-71f6b7062cd0@group-E9BEB78C6BC8-SegmentedRaftLog:OPENED:c370, conf=369: [6c8071d5-31a7-4ddf-a13c-c16c25a4e835|rpc:10.9.0.12:9856|admin:10.9.0.12:9857|client:10.9.0.12:9858|dataStream:|priority:1, 5fa349e2-1857-4339-b69d-71f6b7062cd0|rpc:10.9.0.13:9856|admin:10.9.0.13:9857|client:10.9.0.13:9858|dataStream:|priority:0, df787643-518a-4821-8ac7-c487e051f69e|rpc:10.9.0.11:9856|admin:10.9.0.11:9857|client:10.9.0.11:9858|dataStream:|priority:0], old=null
om1_1  | 2022-06-03 01:25:11,521 [pool-26-thread-1] INFO segmented.SegmentedRaftLogWorker: om1@group-D66704EFC61C-SegmentedRaftLogWorker: safeCacheEvictIndex: setUnconditionally 0 -> -1
om2_1  | 2022-06-03 01:25:14,790 [pool-26-thread-1] INFO server.RaftServerConfigKeys: raft.server.threadpool.server.size = 0 (default)
dn1_1  | 2022-06-03 01:25:16,397 [df787643-518a-4821-8ac7-c487e051f69e-server-thread2] INFO segmented.SegmentedRaftLogWorker: df787643-518a-4821-8ac7-c487e051f69e@group-E9BEB78C6BC8-SegmentedRaftLogWorker: Rolling segment log-369_370 to index:370
scm_1  | 2022-06-03 01:24:39,217 [Listener at 0.0.0.0/9861] INFO audit.AuditLogger: Refresh DebugCmdSet for SCMAudit to [].
om3_1  | 2022-06-03 01:25:11,749 [pool-26-thread-1] INFO segmented.SegmentedRaftLogWorker: new om3@group-D66704EFC61C-SegmentedRaftLogWorker for RaftStorageImpl:Storage Directory /data/metadata/ratis/5cb24680-b9e7-3c90-a862-d66704efc61c
dn3_1  | 2022-06-03 01:25:04,221 [5fa349e2-1857-4339-b69d-71f6b7062cd0@group-E9BEB78C6BC8-LeaderElection3] INFO impl.LeaderElection: 5fa349e2-1857-4339-b69d-71f6b7062cd0@group-E9BEB78C6BC8-LeaderElection3: ELECTION REJECTED received 2 response(s) and 0 exception(s):
om1_1  | 2022-06-03 01:25:12,140 [pool-26-thread-1] INFO raftlog.RaftLog: om1@group-D66704EFC61C-SegmentedRaftLog: commitIndex: updateToMax old=838, new=837, updated? false
om1_1  | 2022-06-03 01:25:12,206 [pool-26-thread-1] INFO raftlog.RaftLog: om1@group-D66704EFC61C-SegmentedRaftLog: purgeIndex: updateIncreasingly -1 -> 836
dn1_1  | 2022-06-03 01:25:16,581 [df787643-518a-4821-8ac7-c487e051f69e@group-E9BEB78C6BC8-SegmentedRaftLogWorker] INFO segmented.SegmentedRaftLogWorker: df787643-518a-4821-8ac7-c487e051f69e@group-E9BEB78C6BC8-SegmentedRaftLogWorker: Rolled log segment from /data/metadata/ratis/00c14fdb-fc5f-42e7-8f5d-e9beb78c6bc8/current/log_inprogress_369 to /data/metadata/ratis/00c14fdb-fc5f-42e7-8f5d-e9beb78c6bc8/current/log_369-370
scm_1  | 2022-06-03 01:24:39,280 [Listener at 0.0.0.0/9861] INFO ipc.CallQueueManager: Using callQueue: class java.util.concurrent.LinkedBlockingQueue, queueCapacity: 10000, scheduler: class org.apache.hadoop.ipc.DefaultRpcScheduler, ipcBackoff: false.
om3_1  | 2022-06-03 01:25:11,766 [pool-26-thread-1] INFO server.RaftServerConfigKeys: raft.server.log.queue.byte-limit = 64MB (=67108864) (default)
dn3_1  | 2022-06-03 01:25:04,221 [5fa349e2-1857-4339-b69d-71f6b7062cd0@group-E9BEB78C6BC8-LeaderElection3] INFO impl.LeaderElection:   Response 0: 5fa349e2-1857-4339-b69d-71f6b7062cd0<-6c8071d5-31a7-4ddf-a13c-c16c25a4e835#0:FAIL-t10
om1_1  | 2022-06-03 01:25:12,251 [pool-26-thread-1] INFO server.RaftServerConfigKeys: raft.server.snapshot.auto.trigger.enabled = true (custom)
om1_1  | 2022-06-03 01:25:12,275 [pool-26-thread-1] INFO server.RaftServerConfigKeys: raft.server.snapshot.auto.trigger.threshold = 400000 (default)
om1_1  | 2022-06-03 01:25:12,295 [pool-26-thread-1] INFO server.RaftServerConfigKeys: raft.server.snapshot.retention.file.num = -1 (default)
om1_1  | 2022-06-03 01:25:12,302 [pool-26-thread-1] INFO server.RaftServerConfigKeys: raft.server.log.purge.upto.snapshot.index = true (custom)
om1_1  | 2022-06-03 01:25:12,349 [pool-26-thread-1] INFO server.RaftServerConfigKeys: raft.server.retrycache.expirytime = 300s (custom)
dn3_1  | 2022-06-03 01:25:04,221 [5fa349e2-1857-4339-b69d-71f6b7062cd0@group-E9BEB78C6BC8-LeaderElection3] INFO impl.LeaderElection:   Response 1: 5fa349e2-1857-4339-b69d-71f6b7062cd0<-df787643-518a-4821-8ac7-c487e051f69e#0:FAIL-t10
scm_1  | 2022-06-03 01:24:39,297 [Socket Reader #1 for port 9863] INFO ipc.Server: Starting Socket Reader #1 for port 9863
om1_1  | 2022-06-03 01:25:12,363 [pool-26-thread-1] INFO server.RaftServerConfigKeys: raft.server.retrycache.statistics.expirytime = 100?s (default)
om2_1  | 2022-06-03 01:25:14,807 [pool-26-thread-1] INFO server.RaftServerConfigKeys: raft.server.threadpool.client.cached = true (default)
dn1_1  | 2022-06-03 01:25:16,629 [df787643-518a-4821-8ac7-c487e051f69e@group-E9BEB78C6BC8-SegmentedRaftLogWorker] INFO segmented.SegmentedRaftLogWorker: df787643-518a-4821-8ac7-c487e051f69e@group-E9BEB78C6BC8-SegmentedRaftLogWorker: created new log segment /data/metadata/ratis/00c14fdb-fc5f-42e7-8f5d-e9beb78c6bc8/current/log_inprogress_371
om3_1  | 2022-06-03 01:25:11,769 [pool-26-thread-1] INFO server.RaftServerConfigKeys: raft.server.log.queue.element-limit = 4096 (default)
dn3_1  | 2022-06-03 01:25:04,222 [5fa349e2-1857-4339-b69d-71f6b7062cd0@group-E9BEB78C6BC8-LeaderElection3] INFO impl.LeaderElection: 5fa349e2-1857-4339-b69d-71f6b7062cd0@group-E9BEB78C6BC8-LeaderElection3 ELECTION round 2: result REJECTED
scm_1  | 2022-06-03 01:24:39,459 [Listener at 0.0.0.0/9863] INFO audit.AuditLogger: Refresh DebugCmdSet for SCMAudit to [].
scm_1  | 2022-06-03 01:24:39,556 [Listener at 0.0.0.0/9863] INFO ipc.CallQueueManager: Using callQueue: class java.util.concurrent.LinkedBlockingQueue, queueCapacity: 10000, scheduler: class org.apache.hadoop.ipc.DefaultRpcScheduler, ipcBackoff: false.
om2_1  | 2022-06-03 01:25:14,836 [pool-26-thread-1] INFO server.RaftServerConfigKeys: raft.server.threadpool.client.size = 0 (default)
om2_1  | 2022-06-03 01:25:15,204 [main] INFO ipc.CallQueueManager: Using callQueue: class java.util.concurrent.LinkedBlockingQueue, queueCapacity: 10000, scheduler: class org.apache.hadoop.ipc.DefaultRpcScheduler, ipcBackoff: false.
om3_1  | 2022-06-03 01:25:11,815 [pool-26-thread-1] INFO server.RaftServerConfigKeys: raft.server.log.segment.size.max = 4194304 (custom)
scm_1  | 2022-06-03 01:24:39,601 [Socket Reader #1 for port 9860] INFO ipc.Server: Starting Socket Reader #1 for port 9860
om1_1  | 2022-06-03 01:25:13,165 [pool-26-thread-1] INFO server.RaftServerConfigKeys: raft.server.log.appender.install.snapshot.enabled = false (custom)
om2_1  | 2022-06-03 01:25:15,483 [Socket Reader #1 for port 9862] INFO ipc.Server: Starting Socket Reader #1 for port 9862
om2_1  | 2022-06-03 01:25:16,599 [Listener at om2/9862] INFO om.OzoneManagerPrepareState: Deleted prepare marker file: /data/metadata/current/prepareMarker
om3_1  | 2022-06-03 01:25:11,829 [pool-26-thread-1] INFO server.RaftServerConfigKeys: raft.server.log.preallocated.size = 4194304 (custom)
scm_1  | 2022-06-03 01:24:40,558 [Listener at 0.0.0.0/9860] INFO ha.SCMServiceManager: Registering service ContainerBalancer.
om1_1  | 2022-06-03 01:25:13,173 [pool-26-thread-1] INFO server.RaftServerConfigKeys: raft.server.threadpool.server.cached = true (default)
om2_1  | 2022-06-03 01:25:18,049 [Listener at om2/9862] INFO impl.MetricsConfig: Loaded properties from hadoop-metrics2.properties
dn3_1  | 2022-06-03 01:25:04,223 [5fa349e2-1857-4339-b69d-71f6b7062cd0@group-E9BEB78C6BC8-LeaderElection3] INFO server.RaftServer$Division: 5fa349e2-1857-4339-b69d-71f6b7062cd0@group-E9BEB78C6BC8: changes role from CANDIDATE to FOLLOWER at term 10 for REJECTED
om3_1  | 2022-06-03 01:25:11,857 [pool-26-thread-1] INFO server.RaftServerConfigKeys: raft.server.log.force.sync.num = 128 (default)
scm_1  | 2022-06-03 01:24:40,599 [Listener at 0.0.0.0/9860] INFO server.StorageContainerManager: 
om1_1  | 2022-06-03 01:25:13,188 [pool-26-thread-1] INFO server.RaftServerConfigKeys: raft.server.threadpool.server.size = 0 (default)
om2_1  | 2022-06-03 01:25:18,227 [Listener at om2/9862] INFO impl.MetricsSystemImpl: Scheduled Metric snapshot period at 10 second(s).
dn3_1  | 2022-06-03 01:25:04,223 [5fa349e2-1857-4339-b69d-71f6b7062cd0@group-E9BEB78C6BC8-LeaderElection3] INFO impl.RoleInfo: 5fa349e2-1857-4339-b69d-71f6b7062cd0: shutdown 5fa349e2-1857-4339-b69d-71f6b7062cd0@group-E9BEB78C6BC8-LeaderElection3
om3_1  | 2022-06-03 01:25:11,884 [pool-26-thread-1] INFO server.RaftServerConfigKeys: raft.server.log.statemachine.data.sync = true (default)
scm_1  | Container Balancer status:
om1_1  | 2022-06-03 01:25:13,191 [pool-26-thread-1] INFO server.RaftServerConfigKeys: raft.server.threadpool.client.cached = true (default)
om2_1  | 2022-06-03 01:25:18,227 [Listener at om2/9862] INFO impl.MetricsSystemImpl: OzoneManager metrics system started
dn3_1  | 2022-06-03 01:25:04,223 [5fa349e2-1857-4339-b69d-71f6b7062cd0@group-E9BEB78C6BC8-LeaderElection3] INFO impl.RoleInfo: 5fa349e2-1857-4339-b69d-71f6b7062cd0: start 5fa349e2-1857-4339-b69d-71f6b7062cd0@group-E9BEB78C6BC8-FollowerState
om3_1  | 2022-06-03 01:25:11,918 [pool-26-thread-1] INFO server.RaftServerConfigKeys: raft.server.log.statemachine.data.sync.timeout = 10s (default)
scm_1  | Key                            Value
scm_1  | Running                        false
om2_1  | 2022-06-03 01:25:18,856 [Listener at om2/9862] INFO om.OzoneManager: OzoneManager RPC server is listening at om2/10.9.0.15:9862
dn3_1  | 2022-06-03 01:25:04,272 [grpc-default-executor-7] INFO server.RaftServer$Division: 5fa349e2-1857-4339-b69d-71f6b7062cd0@group-6A9A65E4E8D6 replies to ELECTION vote request: 6c8071d5-31a7-4ddf-a13c-c16c25a4e835<-5fa349e2-1857-4339-b69d-71f6b7062cd0#0:OK-t8. Peer's state: 5fa349e2-1857-4339-b69d-71f6b7062cd0@group-6A9A65E4E8D6:t8, leader=null, voted=6c8071d5-31a7-4ddf-a13c-c16c25a4e835, raftlog=5fa349e2-1857-4339-b69d-71f6b7062cd0@group-6A9A65E4E8D6-SegmentedRaftLog:OPENED:c441, conf=440: [6c8071d5-31a7-4ddf-a13c-c16c25a4e835|rpc:10.9.0.12:9856|admin:10.9.0.12:9857|client:10.9.0.12:9858|dataStream:|priority:0, 5fa349e2-1857-4339-b69d-71f6b7062cd0|rpc:10.9.0.13:9856|admin:10.9.0.13:9857|client:10.9.0.13:9858|dataStream:|priority:0, df787643-518a-4821-8ac7-c487e051f69e|rpc:10.9.0.11:9856|admin:10.9.0.11:9857|client:10.9.0.11:9858|dataStream:|priority:1], old=null
om3_1  | 2022-06-03 01:25:11,922 [pool-26-thread-1] INFO server.RaftServerConfigKeys: raft.server.log.statemachine.data.sync.timeout.retry = -1 (default)
scm_1  | Container Balancer Configuration values:
om1_1  | 2022-06-03 01:25:13,200 [pool-26-thread-1] INFO server.RaftServerConfigKeys: raft.server.threadpool.client.size = 0 (default)
om2_1  | 2022-06-03 01:25:18,861 [Listener at om2/9862] INFO ratis.OzoneManagerRatisServer: Starting OzoneManagerRatisServer om2 at port 9872
dn3_1  | 2022-06-03 01:25:04,294 [grpc-default-executor-5] INFO impl.VoteContext: 5fa349e2-1857-4339-b69d-71f6b7062cd0@group-6A9A65E4E8D6-FOLLOWER: reject ELECTION from df787643-518a-4821-8ac7-c487e051f69e: already has voted for 6c8071d5-31a7-4ddf-a13c-c16c25a4e835 at current term 8
scm_1  | Key                                                Value
scm_1  | Threshold                                          10
om3_1  | 2022-06-03 01:25:12,134 [pool-26-thread-1] INFO server.RaftServerConfigKeys: raft.server.log.write.buffer.size = 64KB (=65536) (default)
om1_1  | 2022-06-03 01:25:13,241 [main] INFO ipc.CallQueueManager: Using callQueue: class java.util.concurrent.LinkedBlockingQueue, queueCapacity: 10000, scheduler: class org.apache.hadoop.ipc.DefaultRpcScheduler, ipcBackoff: false.
scm_1  | Max Datanodes to Involve per Iteration(percent)    20
om2_1  | 2022-06-03 01:25:18,870 [om2-impl-thread1] INFO server.RaftServer$Division: om2@group-D66704EFC61C: start as a follower, conf=837: [om1|rpc:om1:9872|admin:|client:|dataStream:|priority:0, om3|rpc:om3:9872|admin:|client:|dataStream:|priority:0, om2|rpc:om2:9872|admin:|client:|dataStream:|priority:0], old=null
dn3_1  | 2022-06-03 01:25:04,295 [grpc-default-executor-5] INFO server.RaftServer$Division: 5fa349e2-1857-4339-b69d-71f6b7062cd0@group-6A9A65E4E8D6 replies to ELECTION vote request: df787643-518a-4821-8ac7-c487e051f69e<-5fa349e2-1857-4339-b69d-71f6b7062cd0#0:FAIL-t8. Peer's state: 5fa349e2-1857-4339-b69d-71f6b7062cd0@group-6A9A65E4E8D6:t8, leader=null, voted=6c8071d5-31a7-4ddf-a13c-c16c25a4e835, raftlog=5fa349e2-1857-4339-b69d-71f6b7062cd0@group-6A9A65E4E8D6-SegmentedRaftLog:OPENED:c441, conf=440: [6c8071d5-31a7-4ddf-a13c-c16c25a4e835|rpc:10.9.0.12:9856|admin:10.9.0.12:9857|client:10.9.0.12:9858|dataStream:|priority:0, 5fa349e2-1857-4339-b69d-71f6b7062cd0|rpc:10.9.0.13:9856|admin:10.9.0.13:9857|client:10.9.0.13:9858|dataStream:|priority:0, df787643-518a-4821-8ac7-c487e051f69e|rpc:10.9.0.11:9856|admin:10.9.0.11:9857|client:10.9.0.11:9858|dataStream:|priority:1], old=null
om3_1  | 2022-06-03 01:25:12,147 [pool-26-thread-1] INFO server.RaftServerConfigKeys: raft.server.log.unsafe-flush.enabled = false (default)
om1_1  | 2022-06-03 01:25:13,370 [Socket Reader #1 for port 9862] INFO ipc.Server: Starting Socket Reader #1 for port 9862
scm_1  | Max Size to Move per Iteration                     500GB
om2_1  | 2022-06-03 01:25:18,873 [om2-impl-thread1] INFO server.RaftServer$Division: om2@group-D66704EFC61C: changes role from      null to FOLLOWER at term 5 for startAsFollower
om1_1  | 2022-06-03 01:25:13,914 [Listener at om1/9862] INFO om.OzoneManagerPrepareState: Deleted prepare marker file: /data/metadata/current/prepareMarker
dn3_1  | 2022-06-03 01:25:09,274 [grpc-default-executor-7] INFO server.RaftServer$Division: 5fa349e2-1857-4339-b69d-71f6b7062cd0@group-E9BEB78C6BC8: receive requestVote(ELECTION, df787643-518a-4821-8ac7-c487e051f69e, group-E9BEB78C6BC8, 11, (t:7, i:370))
om2_1  | 2022-06-03 01:25:18,893 [om2-impl-thread1] INFO impl.RoleInfo: om2: start om2@group-D66704EFC61C-FollowerState
om3_1  | 2022-06-03 01:25:12,161 [pool-26-thread-1] INFO server.RaftServerConfigKeys: raft.server.log.statemachine.data.caching.enabled = false (default)
om1_1  | 2022-06-03 01:25:15,069 [Listener at om1/9862] INFO impl.MetricsConfig: Loaded properties from hadoop-metrics2.properties
scm_1  | Max Size Entering Target per Iteration             26GB
dn3_1  | 2022-06-03 01:25:09,275 [grpc-default-executor-7] INFO impl.VoteContext: 5fa349e2-1857-4339-b69d-71f6b7062cd0@group-E9BEB78C6BC8-FOLLOWER: accept ELECTION from df787643-518a-4821-8ac7-c487e051f69e: our priority 0 <= candidate's priority 0
om2_1  | 2022-06-03 01:25:18,982 [om2-impl-thread1] INFO util.JmxRegister: Successfully registered JMX Bean with object name Ratis:service=RaftServer,group=group-D66704EFC61C,id=om2
om3_1  | 2022-06-03 01:25:12,248 [main] INFO reflections.Reflections: Reflections took 4083 ms to scan 8 urls, producing 23 keys and 445 values [using 2 cores]
om1_1  | 2022-06-03 01:25:15,364 [Listener at om1/9862] INFO impl.MetricsSystemImpl: Scheduled Metric snapshot period at 10 second(s).
scm_1  | Max Size Leaving Source per Iteration              26GB
dn3_1  | 2022-06-03 01:25:09,276 [grpc-default-executor-7] INFO server.RaftServer$Division: 5fa349e2-1857-4339-b69d-71f6b7062cd0@group-E9BEB78C6BC8: changes role from  FOLLOWER to FOLLOWER at term 11 for candidate:df787643-518a-4821-8ac7-c487e051f69e
om2_1  | 2022-06-03 01:25:19,014 [Listener at om2/9862] INFO server.RaftServer: om2: start RPC server
om3_1  | 2022-06-03 01:25:12,770 [pool-26-thread-1] INFO server.RaftServer$Division: om3@group-D66704EFC61C: set configuration 837: [om1|rpc:om1:9872|admin:|client:|dataStream:|priority:0, om3|rpc:om3:9872|admin:|client:|dataStream:|priority:0, om2|rpc:om2:9872|admin:|client:|dataStream:|priority:0], old=null
om1_1  | 2022-06-03 01:25:15,365 [Listener at om1/9862] INFO impl.MetricsSystemImpl: OzoneManager metrics system started
scm_1  | 
dn3_1  | 2022-06-03 01:25:09,276 [grpc-default-executor-7] INFO impl.RoleInfo: 5fa349e2-1857-4339-b69d-71f6b7062cd0: shutdown 5fa349e2-1857-4339-b69d-71f6b7062cd0@group-E9BEB78C6BC8-FollowerState
om2_1  | 2022-06-03 01:25:19,848 [Listener at om2/9862] INFO server.GrpcService: om2: GrpcService started, listening on 9872
om3_1  | 2022-06-03 01:25:12,835 [pool-26-thread-1] INFO segmented.LogSegment: Successfully read 2 entries from segment file /data/metadata/ratis/5cb24680-b9e7-3c90-a862-d66704efc61c/current/log_inprogress_837
om1_1  | 2022-06-03 01:25:16,201 [Listener at om1/9862] INFO om.OzoneManager: OzoneManager RPC server is listening at om1/10.9.0.14:9862
scm_1  | 2022-06-03 01:24:40,608 [Listener at 0.0.0.0/9860] WARN events.EventQueue: No event handler registered for event TypedEvent{payloadType=SafeModeStatus, name='Safe mode status'}
dn3_1  | 2022-06-03 01:25:09,277 [5fa349e2-1857-4339-b69d-71f6b7062cd0@group-E9BEB78C6BC8-FollowerState] INFO impl.FollowerState: 5fa349e2-1857-4339-b69d-71f6b7062cd0@group-E9BEB78C6BC8-FollowerState was interrupted
om2_1  | 2022-06-03 01:25:19,885 [Listener at om2/9862] INFO om.OzoneManager: Version File has different layout version (3) than OM DB (null). That is expected if this OM has never been finalized to a newer layout version.
om1_1  | 2022-06-03 01:25:16,201 [Listener at om1/9862] INFO ratis.OzoneManagerRatisServer: Starting OzoneManagerRatisServer om1 at port 9872
scm_1  | 2022-06-03 01:24:40,616 [Listener at 0.0.0.0/9860] INFO ha.SCMContext: Update SafeModeStatus from SafeModeStatus{safeModeStatus=true, preCheckPassed=false} to SafeModeStatus{safeModeStatus=true, preCheckPassed=false}.
dn3_1  | 2022-06-03 01:25:09,284 [grpc-default-executor-7] INFO impl.RoleInfo: 5fa349e2-1857-4339-b69d-71f6b7062cd0: start 5fa349e2-1857-4339-b69d-71f6b7062cd0@group-E9BEB78C6BC8-FollowerState
om3_1  | 2022-06-03 01:25:12,894 [pool-26-thread-1] INFO segmented.SegmentedRaftLogWorker: om3@group-D66704EFC61C-SegmentedRaftLogWorker: flushIndex: setUnconditionally 0 -> 838
om2_1  | 2022-06-03 01:25:19,888 [org.apache.ratis.util.JvmPauseMonitor$$Lambda$420/0x000000084055fc40@52f8a6f4] INFO util.JvmPauseMonitor: JvmPauseMonitor-om2: Started
om1_1  | 2022-06-03 01:25:16,203 [om1-impl-thread1] INFO server.RaftServer$Division: om1@group-D66704EFC61C: start as a follower, conf=837: [om1|rpc:om1:9872|admin:|client:|dataStream:|priority:0, om3|rpc:om3:9872|admin:|client:|dataStream:|priority:0, om2|rpc:om2:9872|admin:|client:|dataStream:|priority:0], old=null
scm_1  | 2022-06-03 01:24:40,724 [Listener at 0.0.0.0/9860] INFO server.StorageContainerManager: StorageContainerLocationProtocol RPC server is listening at /0.0.0.0:9860
dn3_1  | 2022-06-03 01:25:09,297 [grpc-default-executor-7] INFO server.RaftServer$Division: 5fa349e2-1857-4339-b69d-71f6b7062cd0@group-E9BEB78C6BC8 replies to ELECTION vote request: df787643-518a-4821-8ac7-c487e051f69e<-5fa349e2-1857-4339-b69d-71f6b7062cd0#0:OK-t11. Peer's state: 5fa349e2-1857-4339-b69d-71f6b7062cd0@group-E9BEB78C6BC8:t11, leader=null, voted=df787643-518a-4821-8ac7-c487e051f69e, raftlog=5fa349e2-1857-4339-b69d-71f6b7062cd0@group-E9BEB78C6BC8-SegmentedRaftLog:OPENED:c370, conf=369: [6c8071d5-31a7-4ddf-a13c-c16c25a4e835|rpc:10.9.0.12:9856|admin:10.9.0.12:9857|client:10.9.0.12:9858|dataStream:|priority:1, 5fa349e2-1857-4339-b69d-71f6b7062cd0|rpc:10.9.0.13:9856|admin:10.9.0.13:9857|client:10.9.0.13:9858|dataStream:|priority:0, df787643-518a-4821-8ac7-c487e051f69e|rpc:10.9.0.11:9856|admin:10.9.0.11:9857|client:10.9.0.11:9858|dataStream:|priority:0], old=null
om3_1  | 2022-06-03 01:25:12,894 [pool-26-thread-1] INFO segmented.SegmentedRaftLogWorker: om3@group-D66704EFC61C-SegmentedRaftLogWorker: safeCacheEvictIndex: setUnconditionally 0 -> -1
om2_1  | 2022-06-03 01:25:20,582 [Listener at om2/9862] INFO http.BaseHttpServer: Starting Web-server for ozoneManager at: http://0.0.0.0:9874
om2_1  | 2022-06-03 01:25:20,591 [Listener at om2/9862] INFO http.BaseHttpServer: Hadoop Security Enabled: false Ozone Security Enabled: false Ozone HTTP Security Enabled: false 
om1_1  | 2022-06-03 01:25:16,213 [om1-impl-thread1] INFO server.RaftServer$Division: om1@group-D66704EFC61C: changes role from      null to FOLLOWER at term 5 for startAsFollower
scm_1  | 2022-06-03 01:24:42,714 [Listener at 0.0.0.0/9860] INFO impl.MetricsConfig: Loaded properties from hadoop-metrics2.properties
scm_1  | 2022-06-03 01:24:42,805 [Listener at 0.0.0.0/9860] INFO impl.MetricsSystemImpl: Scheduled Metric snapshot period at 10 second(s).
scm_1  | 2022-06-03 01:24:42,806 [Listener at 0.0.0.0/9860] INFO impl.MetricsSystemImpl: StorageContainerManager metrics system started
om1_1  | 2022-06-03 01:25:16,219 [om1-impl-thread1] INFO impl.RoleInfo: om1: start om1@group-D66704EFC61C-FollowerState
dn3_1  | 2022-06-03 01:25:09,457 [grpc-default-executor-7] INFO server.RaftServer$Division: 5fa349e2-1857-4339-b69d-71f6b7062cd0@group-6A9A65E4E8D6: receive requestVote(ELECTION, 6c8071d5-31a7-4ddf-a13c-c16c25a4e835, group-6A9A65E4E8D6, 9, (t:5, i:441))
dn3_1  | 2022-06-03 01:25:09,457 [grpc-default-executor-7] INFO impl.VoteContext: 5fa349e2-1857-4339-b69d-71f6b7062cd0@group-6A9A65E4E8D6-FOLLOWER: accept ELECTION from 6c8071d5-31a7-4ddf-a13c-c16c25a4e835: our priority 0 <= candidate's priority 0
scm_1  | 2022-06-03 01:24:43,352 [Listener at 0.0.0.0/9860] INFO server.SCMClientProtocolServer: RPC server for Client  is listening at /0.0.0.0:9860
om3_1  | 2022-06-03 01:25:13,524 [pool-26-thread-1] INFO raftlog.RaftLog: om3@group-D66704EFC61C-SegmentedRaftLog: commitIndex: updateToMax old=838, new=837, updated? false
om1_1  | 2022-06-03 01:25:16,288 [om1-impl-thread1] INFO util.JmxRegister: Successfully registered JMX Bean with object name Ratis:service=RaftServer,group=group-D66704EFC61C,id=om1
dn3_1  | 2022-06-03 01:25:09,457 [grpc-default-executor-7] INFO server.RaftServer$Division: 5fa349e2-1857-4339-b69d-71f6b7062cd0@group-6A9A65E4E8D6: changes role from  FOLLOWER to FOLLOWER at term 9 for candidate:6c8071d5-31a7-4ddf-a13c-c16c25a4e835
om2_1  | 2022-06-03 01:25:20,941 [Listener at om2/9862] INFO util.log: Logging initialized @108995ms to org.eclipse.jetty.util.log.Slf4jLog
scm_1  | 2022-06-03 01:24:43,353 [IPC Server Responder] INFO ipc.Server: IPC Server Responder: starting
om3_1  | 2022-06-03 01:25:13,576 [pool-26-thread-1] INFO raftlog.RaftLog: om3@group-D66704EFC61C-SegmentedRaftLog: purgeIndex: updateIncreasingly -1 -> 836
om1_1  | 2022-06-03 01:25:16,390 [Listener at om1/9862] INFO server.RaftServer: om1: start RPC server
dn3_1  | 2022-06-03 01:25:09,457 [grpc-default-executor-7] INFO impl.RoleInfo: 5fa349e2-1857-4339-b69d-71f6b7062cd0: shutdown 5fa349e2-1857-4339-b69d-71f6b7062cd0@group-6A9A65E4E8D6-FollowerState
om2_1  | 2022-06-03 01:25:22,563 [Listener at om2/9862] INFO server.AuthenticationFilter: Unable to initialize FileSignerSecretProvider, falling back to use random secrets.
scm_1  | 2022-06-03 01:24:43,362 [IPC Server listener on 9860] INFO ipc.Server: IPC Server listener on 9860: starting
om3_1  | 2022-06-03 01:25:13,627 [pool-26-thread-1] INFO server.RaftServerConfigKeys: raft.server.snapshot.auto.trigger.enabled = true (custom)
om1_1  | 2022-06-03 01:25:17,396 [Listener at om1/9862] INFO server.GrpcService: om1: GrpcService started, listening on 9872
dn3_1  | 2022-06-03 01:25:09,458 [5fa349e2-1857-4339-b69d-71f6b7062cd0@group-6A9A65E4E8D6-FollowerState] INFO impl.FollowerState: 5fa349e2-1857-4339-b69d-71f6b7062cd0@group-6A9A65E4E8D6-FollowerState was interrupted
om2_1  | 2022-06-03 01:25:22,649 [Listener at om2/9862] INFO http.HttpRequestLog: Http request log for http.requests.ozoneManager is not defined
scm_1  | 2022-06-03 01:24:43,548 [Listener at 0.0.0.0/9860] INFO server.StorageContainerManager: ScmBlockLocationProtocol RPC server is listening at /0.0.0.0:9863
om3_1  | 2022-06-03 01:25:13,636 [pool-26-thread-1] INFO server.RaftServerConfigKeys: raft.server.snapshot.auto.trigger.threshold = 400000 (default)
om1_1  | 2022-06-03 01:25:17,501 [org.apache.ratis.util.JvmPauseMonitor$$Lambda$420/0x000000084055f040@52ecc989] INFO util.JvmPauseMonitor: JvmPauseMonitor-om1: Started
om1_1  | 2022-06-03 01:25:17,503 [Listener at om1/9862] INFO om.OzoneManager: Version File has different layout version (3) than OM DB (null). That is expected if this OM has never been finalized to a newer layout version.
om2_1  | 2022-06-03 01:25:22,744 [Listener at om2/9862] INFO http.HttpServer2: Added global filter 'safety' (class=org.apache.hadoop.hdds.server.http.HttpServer2$QuotingInputFilter)
om2_1  | 2022-06-03 01:25:22,773 [Listener at om2/9862] INFO http.HttpServer2: Added filter static_user_filter (class=org.apache.hadoop.http.lib.StaticUserWebFilter$StaticUserFilter) to context ozoneManager
om1_1  | 2022-06-03 01:25:18,339 [Listener at om1/9862] INFO http.BaseHttpServer: Starting Web-server for ozoneManager at: http://0.0.0.0:9874
dn3_1  | 2022-06-03 01:25:09,460 [grpc-default-executor-7] INFO impl.RoleInfo: 5fa349e2-1857-4339-b69d-71f6b7062cd0: start 5fa349e2-1857-4339-b69d-71f6b7062cd0@group-6A9A65E4E8D6-FollowerState
om2_1  | 2022-06-03 01:25:22,773 [Listener at om2/9862] INFO http.HttpServer2: Added filter static_user_filter (class=org.apache.hadoop.http.lib.StaticUserWebFilter$StaticUserFilter) to context static
scm_1  | 2022-06-03 01:24:43,554 [Listener at 0.0.0.0/9860] INFO server.SCMBlockProtocolServer: RPC server for Block Protocol is listening at /0.0.0.0:9863
om3_1  | 2022-06-03 01:25:13,656 [pool-26-thread-1] INFO server.RaftServerConfigKeys: raft.server.snapshot.retention.file.num = -1 (default)
om1_1  | 2022-06-03 01:25:18,341 [Listener at om1/9862] INFO http.BaseHttpServer: Hadoop Security Enabled: false Ozone Security Enabled: false Ozone HTTP Security Enabled: false 
dn3_1  | 2022-06-03 01:25:09,469 [grpc-default-executor-7] INFO server.RaftServer$Division: 5fa349e2-1857-4339-b69d-71f6b7062cd0@group-6A9A65E4E8D6 replies to ELECTION vote request: 6c8071d5-31a7-4ddf-a13c-c16c25a4e835<-5fa349e2-1857-4339-b69d-71f6b7062cd0#0:OK-t9. Peer's state: 5fa349e2-1857-4339-b69d-71f6b7062cd0@group-6A9A65E4E8D6:t9, leader=null, voted=6c8071d5-31a7-4ddf-a13c-c16c25a4e835, raftlog=5fa349e2-1857-4339-b69d-71f6b7062cd0@group-6A9A65E4E8D6-SegmentedRaftLog:OPENED:c441, conf=440: [6c8071d5-31a7-4ddf-a13c-c16c25a4e835|rpc:10.9.0.12:9856|admin:10.9.0.12:9857|client:10.9.0.12:9858|dataStream:|priority:0, 5fa349e2-1857-4339-b69d-71f6b7062cd0|rpc:10.9.0.13:9856|admin:10.9.0.13:9857|client:10.9.0.13:9858|dataStream:|priority:0, df787643-518a-4821-8ac7-c487e051f69e|rpc:10.9.0.11:9856|admin:10.9.0.11:9857|client:10.9.0.11:9858|dataStream:|priority:1], old=null
om2_1  | 2022-06-03 01:25:22,773 [Listener at om2/9862] INFO http.HttpServer2: Added filter static_user_filter (class=org.apache.hadoop.http.lib.StaticUserWebFilter$StaticUserFilter) to context logs
scm_1  | 2022-06-03 01:24:43,556 [IPC Server Responder] INFO ipc.Server: IPC Server Responder: starting
om3_1  | 2022-06-03 01:25:13,659 [pool-26-thread-1] INFO server.RaftServerConfigKeys: raft.server.log.purge.upto.snapshot.index = true (custom)
om1_1  | 2022-06-03 01:25:18,632 [Listener at om1/9862] INFO util.log: Logging initialized @108443ms to org.eclipse.jetty.util.log.Slf4jLog
dn3_1  | 2022-06-03 01:25:14,538 [grpc-default-executor-7] INFO server.RaftServer$Division: 5fa349e2-1857-4339-b69d-71f6b7062cd0@group-E9BEB78C6BC8: receive requestVote(ELECTION, 6c8071d5-31a7-4ddf-a13c-c16c25a4e835, group-E9BEB78C6BC8, 12, (t:7, i:370))
om2_1  | 2022-06-03 01:25:23,346 [Listener at om2/9862] INFO http.HttpServer2: Jetty bound to port 9874
scm_1  | 2022-06-03 01:24:43,561 [IPC Server listener on 9863] INFO ipc.Server: IPC Server listener on 9863: starting
om3_1  | 2022-06-03 01:25:13,691 [pool-26-thread-1] INFO server.RaftServerConfigKeys: raft.server.retrycache.expirytime = 300s (custom)
om1_1  | 2022-06-03 01:25:19,991 [Listener at om1/9862] INFO server.AuthenticationFilter: Unable to initialize FileSignerSecretProvider, falling back to use random secrets.
dn3_1  | 2022-06-03 01:25:14,541 [grpc-default-executor-7] INFO impl.VoteContext: 5fa349e2-1857-4339-b69d-71f6b7062cd0@group-E9BEB78C6BC8-FOLLOWER: accept ELECTION from 6c8071d5-31a7-4ddf-a13c-c16c25a4e835: our priority 0 <= candidate's priority 1
om2_1  | 2022-06-03 01:25:23,363 [Listener at om2/9862] INFO server.Server: jetty-9.4.43.v20210629; built: 2021-06-30T11:07:22.254Z; git: 526006ecfa3af7f1a27ef3a288e2bef7ea9dd7e8; jvm 11.0.14.1+1-LTS
scm_1  | 2022-06-03 01:24:43,622 [Listener at 0.0.0.0/9860] INFO server.SCMDatanodeProtocolServer: ScmDatanodeProtocol RPC server for DataNodes is listening at /0.0.0.0:9861
scm_1  | 2022-06-03 01:24:43,638 [IPC Server Responder] INFO ipc.Server: IPC Server Responder: starting
om1_1  | 2022-06-03 01:25:20,026 [Listener at om1/9862] INFO http.HttpRequestLog: Http request log for http.requests.ozoneManager is not defined
dn3_1  | 2022-06-03 01:25:14,559 [grpc-default-executor-7] INFO server.RaftServer$Division: 5fa349e2-1857-4339-b69d-71f6b7062cd0@group-E9BEB78C6BC8: changes role from  FOLLOWER to FOLLOWER at term 12 for candidate:6c8071d5-31a7-4ddf-a13c-c16c25a4e835
dn3_1  | 2022-06-03 01:25:14,560 [grpc-default-executor-7] INFO impl.RoleInfo: 5fa349e2-1857-4339-b69d-71f6b7062cd0: shutdown 5fa349e2-1857-4339-b69d-71f6b7062cd0@group-E9BEB78C6BC8-FollowerState
scm_1  | 2022-06-03 01:24:43,641 [IPC Server listener on 9861] INFO ipc.Server: IPC Server listener on 9861: starting
om3_1  | 2022-06-03 01:25:13,712 [pool-26-thread-1] INFO server.RaftServerConfigKeys: raft.server.retrycache.statistics.expirytime = 100?s (default)
om1_1  | 2022-06-03 01:25:20,081 [Listener at om1/9862] INFO http.HttpServer2: Added global filter 'safety' (class=org.apache.hadoop.hdds.server.http.HttpServer2$QuotingInputFilter)
dn3_1  | 2022-06-03 01:25:14,565 [5fa349e2-1857-4339-b69d-71f6b7062cd0@group-E9BEB78C6BC8-FollowerState] INFO impl.FollowerState: 5fa349e2-1857-4339-b69d-71f6b7062cd0@group-E9BEB78C6BC8-FollowerState was interrupted
om2_1  | 2022-06-03 01:25:23,735 [Listener at om2/9862] INFO server.session: DefaultSessionIdManager workerName=node0
scm_1  | 2022-06-03 01:24:43,872 [org.apache.hadoop.util.JvmPauseMonitor$Monitor@9accff0] INFO util.JvmPauseMonitor: Starting JVM pause monitor
om3_1  | 2022-06-03 01:25:14,079 [main] INFO ipc.CallQueueManager: Using callQueue: class java.util.concurrent.LinkedBlockingQueue, queueCapacity: 10000, scheduler: class org.apache.hadoop.ipc.DefaultRpcScheduler, ipcBackoff: false.
om1_1  | 2022-06-03 01:25:20,104 [Listener at om1/9862] INFO http.HttpServer2: Added filter static_user_filter (class=org.apache.hadoop.http.lib.StaticUserWebFilter$StaticUserFilter) to context ozoneManager
dn3_1  | 2022-06-03 01:25:14,565 [grpc-default-executor-7] INFO impl.RoleInfo: 5fa349e2-1857-4339-b69d-71f6b7062cd0: start 5fa349e2-1857-4339-b69d-71f6b7062cd0@group-E9BEB78C6BC8-FollowerState
om2_1  | 2022-06-03 01:25:23,739 [Listener at om2/9862] INFO server.session: No SessionScavenger set, using defaults
scm_1  | 2022-06-03 01:24:44,029 [Listener at 0.0.0.0/9860] INFO http.BaseHttpServer: Starting Web-server for scm at: http://0.0.0.0:9876
scm_1  | 2022-06-03 01:24:44,031 [Listener at 0.0.0.0/9860] INFO http.BaseHttpServer: Hadoop Security Enabled: false Ozone Security Enabled: false Ozone HTTP Security Enabled: false 
scm_1  | 2022-06-03 01:24:44,100 [Listener at 0.0.0.0/9860] INFO util.log: Logging initialized @79097ms to org.eclipse.jetty.util.log.Slf4jLog
dn3_1  | 2022-06-03 01:25:14,577 [grpc-default-executor-7] INFO server.RaftServer$Division: 5fa349e2-1857-4339-b69d-71f6b7062cd0@group-E9BEB78C6BC8 replies to ELECTION vote request: 6c8071d5-31a7-4ddf-a13c-c16c25a4e835<-5fa349e2-1857-4339-b69d-71f6b7062cd0#0:OK-t12. Peer's state: 5fa349e2-1857-4339-b69d-71f6b7062cd0@group-E9BEB78C6BC8:t12, leader=null, voted=6c8071d5-31a7-4ddf-a13c-c16c25a4e835, raftlog=5fa349e2-1857-4339-b69d-71f6b7062cd0@group-E9BEB78C6BC8-SegmentedRaftLog:OPENED:c370, conf=369: [6c8071d5-31a7-4ddf-a13c-c16c25a4e835|rpc:10.9.0.12:9856|admin:10.9.0.12:9857|client:10.9.0.12:9858|dataStream:|priority:1, 5fa349e2-1857-4339-b69d-71f6b7062cd0|rpc:10.9.0.13:9856|admin:10.9.0.13:9857|client:10.9.0.13:9858|dataStream:|priority:0, df787643-518a-4821-8ac7-c487e051f69e|rpc:10.9.0.11:9856|admin:10.9.0.11:9857|client:10.9.0.11:9858|dataStream:|priority:0], old=null
om2_1  | 2022-06-03 01:25:23,758 [Listener at om2/9862] INFO server.session: node0 Scavenging every 600000ms
om1_1  | 2022-06-03 01:25:20,107 [Listener at om1/9862] INFO http.HttpServer2: Added filter static_user_filter (class=org.apache.hadoop.http.lib.StaticUserWebFilter$StaticUserFilter) to context logs
scm_1  | 2022-06-03 01:24:44,748 [IPC Server handler 0 on default port 9861] WARN ipc.Server: IPC Server handler 0 on default port 9861, call Call#0 Retry#0 org.apache.hadoop.ozone.protocol.StorageContainerDatanodeProtocol.submitRequest from 10.9.0.11:46396: output error
om3_1  | 2022-06-03 01:25:14,281 [Socket Reader #1 for port 9862] INFO ipc.Server: Starting Socket Reader #1 for port 9862
dn3_1  | 2022-06-03 01:25:14,665 [5fa349e2-1857-4339-b69d-71f6b7062cd0@group-6A9A65E4E8D6-FollowerState] INFO impl.FollowerState: 5fa349e2-1857-4339-b69d-71f6b7062cd0@group-6A9A65E4E8D6-FollowerState: change to CANDIDATE, lastRpcElapsedTime:5195508673ns, electionTimeout:5193ms
om2_1  | 2022-06-03 01:25:23,950 [Listener at om2/9862] INFO handler.ContextHandler: Started o.e.j.s.ServletContextHandler@4e974b9e{logs,/logs,file:///var/log/hadoop/,AVAILABLE}
om1_1  | 2022-06-03 01:25:20,122 [Listener at om1/9862] INFO http.HttpServer2: Added filter static_user_filter (class=org.apache.hadoop.http.lib.StaticUserWebFilter$StaticUserFilter) to context static
scm_1  | 2022-06-03 01:24:44,897 [IPC Server handler 0 on default port 9861] INFO ipc.Server: IPC Server handler 0 on default port 9861 caught an exception
om3_1  | 2022-06-03 01:25:14,434 [pool-26-thread-1] INFO server.RaftServerConfigKeys: raft.server.log.appender.install.snapshot.enabled = false (custom)
dn3_1  | 2022-06-03 01:25:14,673 [5fa349e2-1857-4339-b69d-71f6b7062cd0@group-6A9A65E4E8D6-FollowerState] INFO impl.RoleInfo: 5fa349e2-1857-4339-b69d-71f6b7062cd0: shutdown 5fa349e2-1857-4339-b69d-71f6b7062cd0@group-6A9A65E4E8D6-FollowerState
om2_1  | 2022-06-03 01:25:23,956 [Listener at om2/9862] INFO handler.ContextHandler: Started o.e.j.s.ServletContextHandler@2a5abd3c{static,/static,jar:file:/opt/hadoop/share/ozone/lib/ozone-manager-1.3.0-SNAPSHOT.jar!/webapps/static,AVAILABLE}
om1_1  | 2022-06-03 01:25:20,694 [Listener at om1/9862] INFO http.HttpServer2: Jetty bound to port 9874
scm_1  | java.nio.channels.ClosedChannelException
om3_1  | 2022-06-03 01:25:14,441 [pool-26-thread-1] INFO server.RaftServerConfigKeys: raft.server.threadpool.server.cached = true (default)
dn3_1  | 2022-06-03 01:25:14,673 [5fa349e2-1857-4339-b69d-71f6b7062cd0@group-6A9A65E4E8D6-FollowerState] INFO server.RaftServer$Division: 5fa349e2-1857-4339-b69d-71f6b7062cd0@group-6A9A65E4E8D6: changes role from  FOLLOWER to CANDIDATE at term 9 for changeToCandidate
om2_1  | 2022-06-03 01:25:24,035 [om2@group-D66704EFC61C-FollowerState] INFO impl.FollowerState: om2@group-D66704EFC61C-FollowerState: change to CANDIDATE, lastRpcElapsedTime:5158936819ns, electionTimeout:5105ms
om1_1  | 2022-06-03 01:25:20,710 [Listener at om1/9862] INFO server.Server: jetty-9.4.43.v20210629; built: 2021-06-30T11:07:22.254Z; git: 526006ecfa3af7f1a27ef3a288e2bef7ea9dd7e8; jvm 11.0.14.1+1-LTS
scm_1  | 	at java.base/sun.nio.ch.SocketChannelImpl.ensureOpenAndConnected(SocketChannelImpl.java:180)
scm_1  | 	at java.base/sun.nio.ch.SocketChannelImpl.write(SocketChannelImpl.java:452)
dn3_1  | 2022-06-03 01:25:14,674 [5fa349e2-1857-4339-b69d-71f6b7062cd0@group-6A9A65E4E8D6-FollowerState] INFO server.RaftServerConfigKeys: raft.server.leaderelection.pre-vote = false (custom)
om2_1  | 2022-06-03 01:25:24,065 [om2@group-D66704EFC61C-FollowerState] INFO impl.RoleInfo: om2: shutdown om2@group-D66704EFC61C-FollowerState
om1_1  | 2022-06-03 01:25:21,078 [Listener at om1/9862] INFO server.session: DefaultSessionIdManager workerName=node0
scm_1  | 	at org.apache.hadoop.ipc.Server.channelWrite(Server.java:3605)
om3_1  | 2022-06-03 01:25:14,452 [pool-26-thread-1] INFO server.RaftServerConfigKeys: raft.server.threadpool.server.size = 0 (default)
om2_1  | 2022-06-03 01:25:24,081 [om2@group-D66704EFC61C-FollowerState] INFO server.RaftServer$Division: om2@group-D66704EFC61C: changes role from  FOLLOWER to CANDIDATE at term 5 for changeToCandidate
scm_1  | 	at org.apache.hadoop.ipc.Server.access$1700(Server.java:141)
om3_1  | 2022-06-03 01:25:14,459 [pool-26-thread-1] INFO server.RaftServerConfigKeys: raft.server.threadpool.client.cached = true (default)
om1_1  | 2022-06-03 01:25:21,079 [Listener at om1/9862] INFO server.session: No SessionScavenger set, using defaults
dn3_1  | 2022-06-03 01:25:14,680 [5fa349e2-1857-4339-b69d-71f6b7062cd0@group-6A9A65E4E8D6-FollowerState] INFO impl.RoleInfo: 5fa349e2-1857-4339-b69d-71f6b7062cd0: start 5fa349e2-1857-4339-b69d-71f6b7062cd0@group-6A9A65E4E8D6-LeaderElection4
