datanode_2_1  | 2020-06-29 13:49:48,334 [pool-19-thread-1] INFO server.RaftServerConfigKeys: raft.server.log.appender.buffer.byte-limit = 33554432 (custom)
datanode_6_1  | 2020-06-29 13:49:34,356 [main] INFO server.session: DefaultSessionIdManager workerName=node0
datanode_4_1  | 	at java.base/jdk.internal.reflect.NativeConstructorAccessorImpl.newInstance0(Native Method)
datanode_3_1  | 2020-06-29 13:49:33,742 [main] INFO impl.MetricsSinkAdapter: Sink prometheus started
datanode_5_1  | 2020-06-29 13:49:35,248 [main] INFO http.BaseHttpServer: HTTP server of hddsDatanode listening at http://0.0.0.0:9882
datanode_1_1  | 2020-06-29 13:49:46,871 [pool-19-thread-1] INFO server.RaftServerConfigKeys: raft.server.snapshot.auto.trigger.threshold = 10000 (custom)
scm_1         | 2020-06-29 13:49:38,578 [Socket Reader #1 for port 9861] INFO ipc.Server: Starting Socket Reader #1 for port 9861
datanode_2_1  | 2020-06-29 13:49:48,335 [pool-19-thread-1] INFO server.RaftServerConfigKeys: raft.server.log.segment.size.max = 1048576 (custom)
om_1          | STARTUP_MSG:   classpath = /etc/hadoop:/opt/hadoop/share/hadoop/common/*:/opt/hadoop/share/ozone/lib/ratis-proto-0.6.0-6ab75ae-SNAPSHOT.jar:/opt/hadoop/share/ozone/lib/kerb-simplekdc-1.0.1.jar:/opt/hadoop/share/ozone/lib/okhttp-4.2.2.jar:/opt/hadoop/share/ozone/lib/jackson-databind-2.10.3.jar:/opt/hadoop/share/ozone/lib/protobuf-java-2.5.0.jar:/opt/hadoop/share/ozone/lib/bcpkix-jdk15on-1.60.jar:/opt/hadoop/share/ozone/lib/commons-validator-1.6.jar:/opt/hadoop/share/ozone/lib/hadoop-hdds-client-0.6.0-SNAPSHOT.jar:/opt/hadoop/share/ozone/lib/netty-3.10.5.Final.jar:/opt/hadoop/share/ozone/lib/jaxb-impl-2.3.0.1.jar:/opt/hadoop/share/ozone/lib/kotlin-stdlib-common-1.3.50.jar:/opt/hadoop/share/ozone/lib/kerb-core-1.0.1.jar:/opt/hadoop/share/ozone/lib/jsr305-3.0.0.jar:/opt/hadoop/share/ozone/lib/leveldbjni-all-1.8.jar:/opt/hadoop/share/ozone/lib/j2objc-annotations-1.3.jar:/opt/hadoop/share/ozone/lib/jetty-io-9.4.26.v20200117.jar:/opt/hadoop/share/ozone/lib/jaeger-tracerresolver-1.2.0.jar:/opt/hadoop/share/ozone/lib/hadoop-auth-3.2.1.jar:/opt/hadoop/share/ozone/lib/htrace-core4-4.1.0-incubating.jar:/opt/hadoop/share/ozone/lib/jetty-http-9.4.26.v20200117.jar:/opt/hadoop/share/ozone/lib/kerb-util-1.0.1.jar:/opt/hadoop/share/ozone/lib/jetty-xml-9.4.26.v20200117.jar:/opt/hadoop/share/ozone/lib/jaeger-thrift-1.2.0.jar:/opt/hadoop/share/ozone/lib/commons-logging-1.2.jar:/opt/hadoop/share/ozone/lib/kerby-xdr-1.0.1.jar:/opt/hadoop/share/ozone/lib/jetty-server-9.4.26.v20200117.jar:/opt/hadoop/share/ozone/lib/opentracing-tracerresolver-0.1.8.jar:/opt/hadoop/share/ozone/lib/commons-net-3.6.jar:/opt/hadoop/share/ozone/lib/log4j-api-2.11.0.jar:/opt/hadoop/share/ozone/lib/jaeger-core-1.2.0.jar:/opt/hadoop/share/ozone/lib/error_prone_annotations-2.2.0.jar:/opt/hadoop/share/ozone/lib/ratis-thirdparty-misc-0.4.0.jar:/opt/hadoop/share/ozone/lib/slf4j-log4j12-1.7.25.jar:/opt/hadoop/share/ozone/lib/okio-2.2.2.jar:/opt/hadoop/share/ozone/lib/kerby-config-1.0.1.jar:/opt/hadoop/share/ozone/lib/hadoop-ozone-client-0.6.0-SNAPSHOT.jar:/opt/hadoop/share/ozone/lib/jetty-util-ajax-9.4.26.v20200117.jar:/opt/hadoop/share/ozone/lib/metrics-core-3.2.4.jar:/opt/hadoop/share/ozone/lib/guava-28.2-jre.jar:/opt/hadoop/share/ozone/lib/kerby-pkix-1.0.1.jar:/opt/hadoop/share/ozone/lib/xz-1.0.jar:/opt/hadoop/share/ozone/lib/jetty-servlet-9.4.26.v20200117.jar:/opt/hadoop/share/ozone/lib/jsr311-api-1.1.1.jar:/opt/hadoop/share/ozone/lib/commons-beanutils-1.9.4.jar:/opt/hadoop/share/ozone/lib/jetty-security-9.4.26.v20200117.jar:/opt/hadoop/share/ozone/lib/javax.servlet-api-3.1.0.jar:/opt/hadoop/share/ozone/lib/kerb-server-1.0.1.jar:/opt/hadoop/share/ozone/lib/kerb-client-1.0.1.jar:/opt/hadoop/share/ozone/lib/disruptor-3.4.2.jar:/opt/hadoop/share/ozone/lib/ratis-client-0.6.0-6ab75ae-SNAPSHOT.jar:/opt/hadoop/share/ozone/lib/libthrift-0.13.0.jar:/opt/hadoop/share/ozone/lib/hadoop-hdds-docs-0.6.0-SNAPSHOT.jar:/opt/hadoop/share/ozone/lib/annotations-13.0.jar:/opt/hadoop/share/ozone/lib/simpleclient_common-0.7.0.jar:/opt/hadoop/share/ozone/lib/dnsjava-2.1.7.jar:/opt/hadoop/share/ozone/lib/hadoop-hdds-interface-admin-0.6.0-SNAPSHOT.jar:/opt/hadoop/share/ozone/lib/jackson-annotations-2.10.3.jar:/opt/hadoop/share/ozone/lib/commons-configuration2-2.1.1.jar:/opt/hadoop/share/ozone/lib/ratis-netty-0.6.0-6ab75ae-SNAPSHOT.jar:/opt/hadoop/share/ozone/lib/json-smart-2.3.jar:/opt/hadoop/share/ozone/lib/token-provider-1.0.1.jar:/opt/hadoop/share/ozone/lib/log4j-1.2.17.jar:/opt/hadoop/share/ozone/lib/commons-daemon-1.0.13.jar:/opt/hadoop/share/ozone/lib/listenablefuture-9999.0-empty-to-avoid-conflict-with-guava.jar:/opt/hadoop/share/ozone/lib/bcprov-jdk15on-1.60.jar:/opt/hadoop/share/ozone/lib/hadoop-hdfs-client-3.2.1.jar:/opt/hadoop/share/ozone/lib/jetty-webapp-9.4.26.v20200117.jar:/opt/hadoop/share/ozone/lib/commons-lang3-3.7.jar:/opt/hadoop/share/ozone/lib/commons-compress-1.4.1.jar:/opt/hadoop/share/ozone/lib/accessors-smart-1.2.jar:/opt/hadoop/share/ozone/lib/re2j-1.1.jar:/opt/hadoop/share/ozone/lib/hadoop-hdfs-3.2.1.jar:/opt/hadoop/share/ozone/lib/commons-math3-3.1.1.jar:/opt/hadoop/share/ozone/lib/simpleclient_dropwizard-0.7.0.jar:/opt/hadoop/share/ozone/lib/simpleclient-0.7.0.jar:/opt/hadoop/share/ozone/lib/hadoop-common-3.2.1.jar:/opt/hadoop/share/ozone/lib/httpclient-4.5.2.jar:/opt/hadoop/share/ozone/lib/rocksdbjni-6.8.1.jar:/opt/hadoop/share/ozone/lib/asm-5.0.4.jar:/opt/hadoop/share/ozone/lib/kerby-util-1.0.1.jar:/opt/hadoop/share/ozone/lib/failureaccess-1.0.1.jar:/opt/hadoop/share/ozone/lib/ratis-grpc-0.6.0-6ab75ae-SNAPSHOT.jar:/opt/hadoop/share/ozone/lib/jsp-api-2.1.jar:/opt/hadoop/share/ozone/lib/jsch-0.1.54.jar:/opt/hadoop/share/ozone/lib/log4j-core-2.11.0.jar:/opt/hadoop/share/ozone/lib/nimbus-jose-jwt-7.9.jar:/opt/hadoop/share/ozone/lib/kotlin-stdlib-1.3.50.jar:/opt/hadoop/share/ozone/lib/commons-codec-1.11.jar:/opt/hadoop/share/ozone/lib/commons-pool2-2.6.0.jar:/opt/hadoop/share/ozone/lib/jackson-datatype-jsr310-2.10.3.jar:/opt/hadoop/share/ozone/lib/gson-2.2.4.jar:/opt/hadoop/share/ozone/lib/opentracing-api-0.33.0.jar:/opt/hadoop/share/ozone/lib/jcip-annotations-1.0-1.jar:/opt/hadoop/share/ozone/lib/kerb-admin-1.0.1.jar:/opt/hadoop/share/ozone/lib/commons-io-2.5.jar:/opt/hadoop/share/ozone/lib/snakeyaml-1.16.jar:/opt/hadoop/share/ozone/lib/opentracing-noop-0.33.0.jar:/opt/hadoop/share/ozone/lib/jetty-util-9.4.26.v20200117.jar:/opt/hadoop/share/ozone/lib/hadoop-hdds-hadoop-dependency-client-0.6.0-SNAPSHOT.jar:/opt/hadoop/share/ozone/lib/jersey-core-1.19.jar:/opt/hadoop/share/ozone/lib/checker-qual-2.10.0.jar:/opt/hadoop/share/ozone/lib/hadoop-hdds-server-framework-0.6.0-SNAPSHOT.jar:/opt/hadoop/share/ozone/lib/ratis-metrics-0.6.0-6ab75ae-SNAPSHOT.jar:/opt/hadoop/share/ozone/lib/ratis-server-0.6.0-6ab75ae-SNAPSHOT.jar:/opt/hadoop/share/ozone/lib/opentracing-util-0.33.0.jar:/opt/hadoop/share/ozone/lib/picocli-3.9.6.jar:/opt/hadoop/share/ozone/lib/hadoop-hdds-interface-server-0.6.0-SNAPSHOT.jar:/opt/hadoop/share/ozone/lib/hadoop-hdds-common-0.6.0-SNAPSHOT.jar:/opt/hadoop/share/ozone/lib/hadoop-ozone-interface-client-0.6.0-SNAPSHOT.jar:/opt/hadoop/share/ozone/lib/commons-cli-1.2.jar:/opt/hadoop/share/ozone/lib/woodstox-core-5.0.3.jar:/opt/hadoop/share/ozone/lib/javax.annotation-api-1.2.jar:/opt/hadoop/share/ozone/lib/hadoop-ozone-common-0.6.0-SNAPSHOT.jar:/opt/hadoop/share/ozone/lib/netty-all-4.1.48.Final.jar:/opt/hadoop/share/ozone/lib/kerby-asn1-1.0.1.jar:/opt/hadoop/share/ozone/lib/hadoop-hdds-config-0.6.0-SNAPSHOT.jar:/opt/hadoop/share/ozone/lib/stax2-api-3.1.4.jar:/opt/hadoop/share/ozone/lib/commons-digester-1.8.1.jar:/opt/hadoop/share/ozone/lib/commons-collections-3.2.2.jar:/opt/hadoop/share/ozone/lib/jettison-1.1.jar:/opt/hadoop/share/ozone/lib/jackson-core-2.10.3.jar:/opt/hadoop/share/ozone/lib/commons-text-1.4.jar:/opt/hadoop/share/ozone/lib/jersey-servlet-1.19.jar:/opt/hadoop/share/ozone/lib/jersey-json-1.19.jar:/opt/hadoop/share/ozone/lib/slf4j-api-1.7.25.jar:/opt/hadoop/share/ozone/lib/kerb-identity-1.0.1.jar:/opt/hadoop/share/ozone/lib/hadoop-hdds-hadoop-dependency-server-0.6.0-SNAPSHOT.jar:/opt/hadoop/share/ozone/lib/jaeger-client-1.2.0.jar:/opt/hadoop/share/ozone/lib/kerb-common-1.0.1.jar:/opt/hadoop/share/ozone/lib/hadoop-hdds-interface-client-0.6.0-SNAPSHOT.jar:/opt/hadoop/share/ozone/lib/jersey-server-1.19.jar:/opt/hadoop/share/ozone/lib/ratis-common-0.6.0-6ab75ae-SNAPSHOT.jar:/opt/hadoop/share/ozone/lib/kerb-crypto-1.0.1.jar:/opt/hadoop/share/ozone/lib/hadoop-annotations-3.2.1.jar:/opt/hadoop/share/ozone/lib/httpcore-4.4.4.jar:/opt/hadoop/share/ozone/web:/opt/hadoop/share/ozone/lib/hadoop-ozone-ozone-manager-0.6.0-SNAPSHOT.jar
datanode_6_1  | 2020-06-29 13:49:34,362 [main] INFO server.session: No SessionScavenger set, using defaults
datanode_4_1  | 	at java.base/jdk.internal.reflect.NativeConstructorAccessorImpl.newInstance(NativeConstructorAccessorImpl.java:62)
datanode_3_1  | 2020-06-29 13:49:33,742 [main] INFO impl.MetricsSystemImpl: Registered sink prometheus
datanode_5_1  | 2020-06-29 13:49:35,407 [org.apache.hadoop.util.JvmPauseMonitor$Monitor@2bc35a0] INFO util.JvmPauseMonitor: Starting JVM pause monitor
datanode_1_1  | 2020-06-29 13:49:46,907 [pool-19-thread-1] INFO server.RaftServerConfigKeys: raft.server.snapshot.retention.file.num = 5 (custom)
scm_1         | 2020-06-29 13:49:38,655 [Listener at 0.0.0.0/9861] INFO ipc.CallQueueManager: Using callQueue: class java.util.concurrent.LinkedBlockingQueue, queueCapacity: 10000, scheduler: class org.apache.hadoop.ipc.DefaultRpcScheduler, ipcBackoff: false.
datanode_2_1  | 2020-06-29 13:49:48,336 [pool-19-thread-1] INFO metrics.RatisMetrics: Creating Metrics Registry : ratis.log_worker.de364dae-6b0e-4cea-85ce-66962e6393ad@group-EF112DDE0919
om_1          | STARTUP_MSG:   build = https://github.com/apache/hadoop-ozone.git/95073f4379a705fd0ad5e036151f611641c7c616 ; compiled by 'runner' on 2020-06-29T13:24Z
datanode_6_1  | 2020-06-29 13:49:34,367 [main] INFO server.session: node0 Scavenging every 600000ms
datanode_4_1  | 	at java.base/jdk.internal.reflect.DelegatingConstructorAccessorImpl.newInstance(DelegatingConstructorAccessorImpl.java:45)
datanode_3_1  | 2020-06-29 13:49:33,747 [main] INFO http.BaseHttpServer: HTTP server of hddsDatanode listening at http://0.0.0.0:9882
datanode_5_1  | 2020-06-29 13:49:36,261 [Datanode State Machine Thread - 0] INFO datanode.InitDatanodeState: DatanodeDetails is persisted to /data/datanode.id
datanode_1_1  | 2020-06-29 13:49:46,910 [pool-19-thread-1] INFO server.RaftServerConfigKeys: raft.server.log.purge.upto.snapshot.index = false (default)
scm_1         | 2020-06-29 13:49:38,658 [Socket Reader #1 for port 9863] INFO ipc.Server: Starting Socket Reader #1 for port 9863
om_1          | STARTUP_MSG:   java = 11.0.6
datanode_6_1  | 2020-06-29 13:49:34,398 [main] INFO handler.ContextHandler: Started o.e.j.s.ServletContextHandler@3ad847f8{logs,/logs,file:///var/log/hadoop/,AVAILABLE}
datanode_2_1  | 2020-06-29 13:49:48,337 [pool-19-thread-1] INFO server.RaftServerConfigKeys: raft.server.log.segment.cache.num.max = 2 (custom)
datanode_4_1  | 	at java.base/java.lang.reflect.Constructor.newInstance(Constructor.java:490)
datanode_3_1  | 2020-06-29 13:49:33,841 [org.apache.hadoop.util.JvmPauseMonitor$Monitor@2d4fc3c4] INFO util.JvmPauseMonitor: Starting JVM pause monitor
datanode_5_1  | 2020-06-29 13:49:38,646 [Datanode State Machine Thread - 0] INFO ipc.Client: Retrying connect to server: scm/10.5.0.71:9861. Already tried 0 time(s); retry policy is RetryUpToMaximumCountWithFixedSleep(maxRetries=2147483647, sleepTime=1000 MILLISECONDS)
datanode_1_1  | 2020-06-29 13:49:46,920 [pool-19-thread-1] INFO server.RaftServerConfigKeys: raft.server.retrycache.expirytime = 600000ms (custom)
scm_1         | 2020-06-29 13:49:38,698 [Listener at 0.0.0.0/9863] INFO ipc.CallQueueManager: Using callQueue: class java.util.concurrent.LinkedBlockingQueue, queueCapacity: 10000, scheduler: class org.apache.hadoop.ipc.DefaultRpcScheduler, ipcBackoff: false.
om_1          | ************************************************************/
datanode_6_1  | 2020-06-29 13:49:34,417 [main] INFO handler.ContextHandler: Started o.e.j.s.ServletContextHandler@ec5f944{static,/static,jar:file:/opt/hadoop/share/ozone/lib/hadoop-hdds-container-service-0.6.0-SNAPSHOT.jar!/webapps/static,AVAILABLE}
datanode_2_1  | 2020-06-29 13:49:48,344 [pool-19-thread-1] INFO segmented.SegmentedRaftLogWorker: new de364dae-6b0e-4cea-85ce-66962e6393ad@group-EF112DDE0919-SegmentedRaftLogWorker for RaftStorage:Storage Directory /data/metadata/ratis/df548844-c59f-4197-903b-ef112dde0919
datanode_4_1  | 	at org.apache.hadoop.net.NetUtils.wrapWithMessage(NetUtils.java:833)
datanode_3_1  | 2020-06-29 13:49:35,041 [Datanode State Machine Thread - 0] INFO datanode.InitDatanodeState: DatanodeDetails is persisted to /data/datanode.id
datanode_5_1  | 2020-06-29 13:49:39,671 [Datanode State Machine Thread - 0] WARN statemachine.EndpointStateMachine: Unable to communicate to SCM server at scm:9861 for past 0 seconds.
datanode_1_1  | 2020-06-29 13:49:47,190 [pool-19-thread-1] INFO metrics.RatisMetrics: Creating Metrics Registry : ratis.leader_election.2ed2acab-0eca-4a60-be3d-5ff2b2bfb2ce@group-D614D71FB8FF
scm_1         | 2020-06-29 13:49:38,703 [Socket Reader #1 for port 9860] INFO ipc.Server: Starting Socket Reader #1 for port 9860
om_1          | 2020-06-29 13:49:45,284 [main] INFO om.OzoneManagerStarter: registered UNIX signal handlers for [TERM, HUP, INT]
datanode_6_1  | 2020-06-29 13:49:34,937 [main] INFO handler.ContextHandler: Started o.e.j.w.WebAppContext@72f3f14c{hddsDatanode,/,file:///tmp/jetty-0_0_0_0-9882-hadoop-hdds-container-service-0_6_0-SNAPSHOT_jar-_-any-4951737593417783540.dir/webapp/,AVAILABLE}{jar:file:/opt/hadoop/share/ozone/lib/hadoop-hdds-container-service-0.6.0-SNAPSHOT.jar!/webapps/hddsDatanode}
datanode_2_1  | 2020-06-29 13:49:48,346 [pool-19-thread-1] INFO server.RaftServerConfigKeys: raft.server.log.queue.byte-limit = 2147483647 (custom)
datanode_4_1  | 	at org.apache.hadoop.net.NetUtils.wrapException(NetUtils.java:777)
datanode_3_1  | 2020-06-29 13:49:37,138 [Datanode State Machine Thread - 0] INFO ipc.Client: Retrying connect to server: scm/10.5.0.71:9861. Already tried 0 time(s); retry policy is RetryUpToMaximumCountWithFixedSleep(maxRetries=2147483647, sleepTime=1000 MILLISECONDS)
datanode_5_1  | java.net.SocketTimeoutException: Call From a05043b80a13/10.5.0.8 to scm:9861 failed on socket timeout exception: java.net.SocketTimeoutException: 1000 millis timeout while waiting for channel to be ready for read. ch : java.nio.channels.SocketChannel[connected local=/10.5.0.8:37532 remote=scm/10.5.0.71:9861]; For more details see:  http://wiki.apache.org/hadoop/SocketTimeout
datanode_1_1  | 2020-06-29 13:49:47,236 [pool-19-thread-1] INFO metrics.RatisMetrics: Creating Metrics Registry : ratis.server.2ed2acab-0eca-4a60-be3d-5ff2b2bfb2ce@group-D614D71FB8FF
scm_1         | 2020-06-29 13:49:38,749 [Listener at 0.0.0.0/9860] INFO http.BaseHttpServer: Starting Web-server for scm at: http://0.0.0.0:9876
om_1          | 2020-06-29 13:49:50,762 [main] INFO ha.OMHANodeDetails: ozone.om.internal.service.id is not defined, falling back to ozone.om.service.ids to find serviceID for OzoneManager if it is HA enabled cluster
datanode_6_1  | 2020-06-29 13:49:34,996 [main] INFO server.AbstractConnector: Started ServerConnector@52909a97{HTTP/1.1,[http/1.1]}{0.0.0.0:9882}
datanode_6_1  | 2020-06-29 13:49:34,996 [main] INFO server.Server: Started @28478ms
datanode_4_1  | 	at org.apache.hadoop.ipc.Client.getRpcResponse(Client.java:1549)
datanode_3_1  | 2020-06-29 13:49:38,139 [Datanode State Machine Thread - 0] INFO ipc.Client: Retrying connect to server: scm/10.5.0.71:9861. Already tried 1 time(s); retry policy is RetryUpToMaximumCountWithFixedSleep(maxRetries=2147483647, sleepTime=1000 MILLISECONDS)
datanode_5_1  | 	at java.base/jdk.internal.reflect.NativeConstructorAccessorImpl.newInstance0(Native Method)
datanode_1_1  | 2020-06-29 13:49:47,258 [pool-19-thread-1] INFO impl.RaftServerImpl: 2ed2acab-0eca-4a60-be3d-5ff2b2bfb2ce@group-D614D71FB8FF: start as a follower, conf=-1: [2ed2acab-0eca-4a60-be3d-5ff2b2bfb2ce:10.5.0.4:9858], old=null
scm_1         | 2020-06-29 13:49:38,750 [Listener at 0.0.0.0/9860] INFO http.BaseHttpServer: Hadoop Security Enabled: false Ozone Security Enabled: false Ozone HTTP Security Enabled: false 
om_1          | 2020-06-29 13:49:51,118 [main] INFO ha.OMHANodeDetails: Configuration either no ozone.om.address set. Falling back to the default OM address om/10.5.0.70:9862
datanode_6_1  | 2020-06-29 13:49:35,042 [main] INFO impl.MetricsSinkAdapter: Sink prometheus started
datanode_2_1  | 2020-06-29 13:49:48,347 [pool-19-thread-1] INFO server.RaftServerConfigKeys: raft.server.log.queue.element-limit = 1024 (custom)
datanode_4_1  | 	at org.apache.hadoop.ipc.Client.call(Client.java:1491)
datanode_3_1  | 2020-06-29 13:49:39,139 [Datanode State Machine Thread - 0] INFO ipc.Client: Retrying connect to server: scm/10.5.0.71:9861. Already tried 2 time(s); retry policy is RetryUpToMaximumCountWithFixedSleep(maxRetries=2147483647, sleepTime=1000 MILLISECONDS)
datanode_5_1  | 	at java.base/jdk.internal.reflect.NativeConstructorAccessorImpl.newInstance(NativeConstructorAccessorImpl.java:62)
datanode_1_1  | 2020-06-29 13:49:47,312 [pool-19-thread-1] INFO impl.RaftServerImpl: 2ed2acab-0eca-4a60-be3d-5ff2b2bfb2ce@group-D614D71FB8FF: changes role from      null to FOLLOWER at term 0 for startAsFollower
scm_1         | 2020-06-29 13:49:38,796 [Listener at 0.0.0.0/9860] INFO util.log: Logging initialized @20285ms to org.eclipse.jetty.util.log.Slf4jLog
om_1          | 2020-06-29 13:49:51,119 [main] INFO ha.OMHANodeDetails: OM Service ID is not set. Setting it to the default ID: omServiceIdDefault
datanode_6_1  | 2020-06-29 13:49:35,042 [main] INFO impl.MetricsSystemImpl: Registered sink prometheus
datanode_2_1  | 2020-06-29 13:49:48,348 [pool-19-thread-1] INFO server.RaftServerConfigKeys: raft.server.log.segment.size.max = 1048576 (custom)
datanode_4_1  | 	at org.apache.hadoop.ipc.Client.call(Client.java:1388)
datanode_3_1  | 2020-06-29 13:49:40,448 [Datanode State Machine Thread - 0] INFO ozoneimpl.OzoneContainer: Attempting to start container services.
datanode_1_1  | 2020-06-29 13:49:47,314 [pool-19-thread-1] INFO impl.RoleInfo: 2ed2acab-0eca-4a60-be3d-5ff2b2bfb2ce: start FollowerState
datanode_5_1  | 	at java.base/jdk.internal.reflect.DelegatingConstructorAccessorImpl.newInstance(DelegatingConstructorAccessorImpl.java:45)
scm_1         | 2020-06-29 13:49:38,885 [Listener at 0.0.0.0/9860] INFO server.AuthenticationFilter: Unable to initialize FileSignerSecretProvider, falling back to use random secrets.
om_1          | 2020-06-29 13:49:51,391 [main] WARN server.ServerUtils: ozone.om.db.dirs is not configured. We recommend adding this setting. Falling back to ozone.metadata.dirs instead.
datanode_6_1  | 2020-06-29 13:49:35,046 [main] INFO http.BaseHttpServer: HTTP server of hddsDatanode listening at http://0.0.0.0:9882
datanode_2_1  | 2020-06-29 13:49:48,351 [pool-19-thread-1] INFO server.RaftServerConfigKeys: raft.server.log.preallocated.size = 16384 (custom)
datanode_4_1  | 	at org.apache.hadoop.ipc.ProtobufRpcEngine$Invoker.invoke(ProtobufRpcEngine.java:233)
datanode_3_1  | 2020-06-29 13:49:40,457 [Datanode State Machine Thread - 0] INFO ozoneimpl.OzoneContainer: Background container scanner has been disabled.
datanode_5_1  | 	at java.base/java.lang.reflect.Constructor.newInstance(Constructor.java:490)
datanode_1_1  | 2020-06-29 13:49:47,373 [pool-19-thread-1] INFO util.JmxRegister: Successfully registered JMX Bean with object name Ratis:service=RaftServer,group=group-D614D71FB8FF,id=2ed2acab-0eca-4a60-be3d-5ff2b2bfb2ce
scm_1         | 2020-06-29 13:49:38,898 [Listener at 0.0.0.0/9860] INFO http.HttpRequestLog: Http request log for http.requests.scm is not defined
om_1          | 2020-06-29 13:49:51,473 [main] WARN server.ServerUtils: ozone.om.db.dirs is not configured. We recommend adding this setting. Falling back to ozone.metadata.dirs instead.
datanode_6_1  | 2020-06-29 13:49:35,176 [org.apache.hadoop.util.JvmPauseMonitor$Monitor@4562e6a8] INFO util.JvmPauseMonitor: Starting JVM pause monitor
datanode_2_1  | 2020-06-29 13:49:48,353 [pool-19-thread-1] INFO server.RaftServerConfigKeys: raft.server.log.write.buffer.size = 1048576 (custom)
datanode_4_1  | 	at org.apache.hadoop.ipc.ProtobufRpcEngine$Invoker.invoke(ProtobufRpcEngine.java:118)
datanode_3_1  | 2020-06-29 13:49:40,461 [Datanode State Machine Thread - 0] INFO ratis.XceiverServerRatis: Starting XceiverServerRatis 5bc51fe5-3779-4052-8d76-ec93af7730bd at port 9858
datanode_5_1  | 	at org.apache.hadoop.net.NetUtils.wrapWithMessage(NetUtils.java:833)
datanode_1_1  | 2020-06-29 13:49:47,374 [pool-19-thread-1] INFO metrics.RatisMetrics: Creating Metrics Registry : ratis.state_machine.2ed2acab-0eca-4a60-be3d-5ff2b2bfb2ce@group-D614D71FB8FF
scm_1         | 2020-06-29 13:49:38,905 [Listener at 0.0.0.0/9860] INFO http.HttpServer2: Added global filter 'safety' (class=org.apache.hadoop.hdds.server.http.HttpServer2$QuotingInputFilter)
om_1          | 2020-06-29 13:49:55,778 [main] WARN server.ServerUtils: ozone.om.db.dirs is not configured. We recommend adding this setting. Falling back to ozone.metadata.dirs instead.
datanode_6_1  | 2020-06-29 13:49:36,032 [Datanode State Machine Thread - 0] INFO datanode.InitDatanodeState: DatanodeDetails is persisted to /data/datanode.id
datanode_2_1  | 2020-06-29 13:49:48,356 [pool-19-thread-1] INFO server.RaftServerConfigKeys: raft.server.log.force.sync.num = 128 (default)
datanode_4_1  | 	at com.sun.proxy.$Proxy38.submitRequest(Unknown Source)
datanode_3_1  | 2020-06-29 13:49:40,572 [Datanode State Machine Thread - 0] INFO impl.RaftServerProxy: 5bc51fe5-3779-4052-8d76-ec93af7730bd: start RPC server
datanode_5_1  | 	at org.apache.hadoop.net.NetUtils.wrapException(NetUtils.java:777)
datanode_1_1  | 2020-06-29 13:49:47,469 [Command processor thread] INFO commandhandler.CreatePipelineCommandHandler: Created Pipeline RATIS ONE #id: "f0caab19-1c77-4167-adc1-d614d71fb8ff"
scm_1         | 2020-06-29 13:49:38,911 [Listener at 0.0.0.0/9860] INFO http.HttpServer2: Added filter static_user_filter (class=org.apache.hadoop.http.lib.StaticUserWebFilter$StaticUserFilter) to context scm
om_1          | 2020-06-29 13:49:56,670 [main] INFO ipc.CallQueueManager: Using callQueue: class java.util.concurrent.LinkedBlockingQueue, queueCapacity: 10000, scheduler: class org.apache.hadoop.ipc.DefaultRpcScheduler, ipcBackoff: false.
datanode_6_1  | 2020-06-29 13:49:38,341 [Datanode State Machine Thread - 0] INFO ipc.Client: Retrying connect to server: scm/10.5.0.71:9861. Already tried 0 time(s); retry policy is RetryUpToMaximumCountWithFixedSleep(maxRetries=2147483647, sleepTime=1000 MILLISECONDS)
datanode_2_1  | 2020-06-29 13:49:48,358 [pool-19-thread-1] INFO server.RaftServerConfigKeys: raft.server.log.statemachine.data.sync = true (default)
datanode_4_1  | 	at org.apache.hadoop.ozone.protocolPB.StorageContainerDatanodeProtocolClientSideTranslatorPB.submitRequest(StorageContainerDatanodeProtocolClientSideTranslatorPB.java:116)
datanode_3_1  | 2020-06-29 13:49:41,089 [Datanode State Machine Thread - 0] INFO server.GrpcService: 5bc51fe5-3779-4052-8d76-ec93af7730bd: GrpcService started, listening on 0.0.0.0/0.0.0.0:9858
datanode_5_1  | 	at org.apache.hadoop.ipc.Client.getRpcResponse(Client.java:1549)
datanode_1_1  | .
scm_1         | 2020-06-29 13:49:38,911 [Listener at 0.0.0.0/9860] INFO http.HttpServer2: Added filter static_user_filter (class=org.apache.hadoop.http.lib.StaticUserWebFilter$StaticUserFilter) to context static
om_1          | 2020-06-29 13:49:56,688 [Socket Reader #1 for port 9862] INFO ipc.Server: Starting Socket Reader #1 for port 9862
datanode_6_1  | 2020-06-29 13:49:39,351 [Datanode State Machine Thread - 0] INFO ipc.Client: Retrying connect to server: scm/10.5.0.71:9861. Already tried 1 time(s); retry policy is RetryUpToMaximumCountWithFixedSleep(maxRetries=2147483647, sleepTime=1000 MILLISECONDS)
datanode_2_1  | 2020-06-29 13:49:48,360 [pool-19-thread-1] INFO server.RaftServerConfigKeys: raft.server.log.statemachine.data.sync.timeout = 10s (default)
datanode_4_1  | 	at org.apache.hadoop.ozone.protocolPB.StorageContainerDatanodeProtocolClientSideTranslatorPB.getVersion(StorageContainerDatanodeProtocolClientSideTranslatorPB.java:132)
datanode_3_1  | 2020-06-29 13:49:45,328 [Command processor thread] INFO impl.RaftServerProxy: 5bc51fe5-3779-4052-8d76-ec93af7730bd: addNew group-E41C64319DEB:[5bc51fe5-3779-4052-8d76-ec93af7730bd:10.5.0.6:9858] returns group-E41C64319DEB:java.util.concurrent.CompletableFuture@35fe7ae0[Not completed]
datanode_5_1  | 	at org.apache.hadoop.ipc.Client.call(Client.java:1491)
datanode_1_1  | 2020-06-29 13:49:47,487 [Command processor thread] INFO impl.RaftServerProxy: 2ed2acab-0eca-4a60-be3d-5ff2b2bfb2ce: addNew group-3EE1B3F9DE1F:[c79ddc04-854b-4249-b341-ed0a85cfd6b9:10.5.0.7:9858, 2ed2acab-0eca-4a60-be3d-5ff2b2bfb2ce:10.5.0.4:9858, 5bc51fe5-3779-4052-8d76-ec93af7730bd:10.5.0.6:9858] returns group-3EE1B3F9DE1F:java.util.concurrent.CompletableFuture@1507b188[Not completed]
scm_1         | 2020-06-29 13:49:38,911 [Listener at 0.0.0.0/9860] INFO http.HttpServer2: Added filter static_user_filter (class=org.apache.hadoop.http.lib.StaticUserWebFilter$StaticUserFilter) to context logs
om_1          | 2020-06-29 13:49:57,008 [Listener at om/9862] INFO impl.MetricsConfig: Loaded properties from hadoop-metrics2.properties
datanode_6_1  | 2020-06-29 13:49:40,917 [Datanode State Machine Thread - 0] INFO ozoneimpl.OzoneContainer: Attempting to start container services.
datanode_2_1  | 2020-06-29 13:49:48,361 [pool-19-thread-1] INFO server.RaftServerConfigKeys: raft.server.log.statemachine.data.sync.timeout.retry = -1 (default)
datanode_4_1  | 	at org.apache.hadoop.ozone.container.common.states.endpoint.VersionEndpointTask.call(VersionEndpointTask.java:70)
datanode_3_1  | 2020-06-29 13:49:45,672 [pool-19-thread-1] INFO impl.RaftServerImpl: 5bc51fe5-3779-4052-8d76-ec93af7730bd: new RaftServerImpl for group-E41C64319DEB:[5bc51fe5-3779-4052-8d76-ec93af7730bd:10.5.0.6:9858] with ContainerStateMachine:uninitialized
datanode_5_1  | 	at org.apache.hadoop.ipc.Client.call(Client.java:1388)
datanode_1_1  | 2020-06-29 13:49:47,511 [pool-19-thread-1] INFO impl.RaftServerImpl: 2ed2acab-0eca-4a60-be3d-5ff2b2bfb2ce: new RaftServerImpl for group-3EE1B3F9DE1F:[c79ddc04-854b-4249-b341-ed0a85cfd6b9:10.5.0.7:9858, 2ed2acab-0eca-4a60-be3d-5ff2b2bfb2ce:10.5.0.4:9858, 5bc51fe5-3779-4052-8d76-ec93af7730bd:10.5.0.6:9858] with ContainerStateMachine:uninitialized
scm_1         | 2020-06-29 13:49:38,943 [Listener at 0.0.0.0/9860] WARN http.BaseHttpServer: /prof java profiling servlet is activated. Not safe for production!
om_1          | 2020-06-29 13:49:57,095 [Listener at om/9862] INFO impl.MetricsSystemImpl: Scheduled Metric snapshot period at 10 second(s).
datanode_6_1  | 2020-06-29 13:49:40,939 [Datanode State Machine Thread - 0] INFO ozoneimpl.OzoneContainer: Background container scanner has been disabled.
datanode_2_1  | 2020-06-29 13:49:48,385 [pool-19-thread-1] INFO server.RaftServerConfigKeys: raft.server.log.statemachine.data.caching.enabled = true (custom)
datanode_4_1  | 	at org.apache.hadoop.ozone.container.common.states.endpoint.VersionEndpointTask.call(VersionEndpointTask.java:41)
datanode_3_1  | 2020-06-29 13:49:45,693 [pool-19-thread-1] INFO server.RaftServerConfigKeys: raft.server.rpc.timeout.min = 5s (custom)
datanode_5_1  | 	at org.apache.hadoop.ipc.ProtobufRpcEngine$Invoker.invoke(ProtobufRpcEngine.java:233)
datanode_1_1  | 2020-06-29 13:49:47,517 [pool-19-thread-1] INFO server.RaftServerConfigKeys: raft.server.rpc.timeout.min = 5s (custom)
scm_1         | 2020-06-29 13:49:39,012 [Listener at 0.0.0.0/9860] INFO server.StorageContainerManager: StorageContainerLocationProtocol RPC server is listening at /0.0.0.0:9860
om_1          | 2020-06-29 13:49:57,095 [Listener at om/9862] INFO impl.MetricsSystemImpl: OzoneManager metrics system started
datanode_6_1  | 2020-06-29 13:49:40,939 [Datanode State Machine Thread - 0] INFO ratis.XceiverServerRatis: Starting XceiverServerRatis 08ed62d8-14b3-413b-8c3b-300898d93a85 at port 9858
datanode_4_1  | 	at java.base/java.util.concurrent.FutureTask.run(FutureTask.java:264)
datanode_3_1  | 2020-06-29 13:49:45,710 [pool-19-thread-1] INFO server.RaftServerConfigKeys: raft.server.rpc.timeout.max = 5200ms (custom)
datanode_5_1  | 	at org.apache.hadoop.ipc.ProtobufRpcEngine$Invoker.invoke(ProtobufRpcEngine.java:118)
datanode_1_1  | 2020-06-29 13:49:47,522 [pool-19-thread-1] INFO server.RaftServerConfigKeys: raft.server.rpc.timeout.max = 5200ms (custom)
scm_1         | 2020-06-29 13:49:39,139 [Listener at 0.0.0.0/9860] INFO impl.MetricsConfig: Loaded properties from hadoop-metrics2.properties
om_1          | 2020-06-29 13:49:57,148 [Listener at om/9862] INFO om.OzoneManager: OzoneManager RPC server is listening at om/10.5.0.70:9862
datanode_2_1  | 2020-06-29 13:49:48,403 [pool-19-thread-1] INFO segmented.SegmentedRaftLogWorker: de364dae-6b0e-4cea-85ce-66962e6393ad@group-EF112DDE0919-SegmentedRaftLogWorker: flushIndex: setUnconditionally 0 -> -1
datanode_4_1  | 	at java.base/java.util.concurrent.Executors$RunnableAdapter.call(Executors.java:515)
datanode_6_1  | 2020-06-29 13:49:41,111 [Datanode State Machine Thread - 0] INFO impl.RaftServerProxy: 08ed62d8-14b3-413b-8c3b-300898d93a85: start RPC server
datanode_3_1  | 2020-06-29 13:49:45,726 [pool-19-thread-1] INFO server.RaftServerConfigKeys: raft.server.rpcslowness.timeout = 300s (custom)
datanode_5_1  | 	at com.sun.proxy.$Proxy38.submitRequest(Unknown Source)
datanode_1_1  | 2020-06-29 13:49:47,532 [pool-19-thread-1] INFO server.RaftServerConfigKeys: raft.server.rpcslowness.timeout = 300s (custom)
scm_1         | 2020-06-29 13:49:39,234 [Listener at 0.0.0.0/9860] INFO impl.MetricsSystemImpl: Scheduled Metric snapshot period at 10 second(s).
om_1          | 2020-06-29 13:49:57,197 [IPC Server Responder] INFO ipc.Server: IPC Server Responder: starting
datanode_2_1  | 2020-06-29 13:49:48,410 [pool-19-thread-1] INFO segmented.SegmentedRaftLogWorker: de364dae-6b0e-4cea-85ce-66962e6393ad@group-EF112DDE0919-SegmentedRaftLogWorker: safeCacheEvictIndex: setUnconditionally 0 -> -1
datanode_4_1  | 	at java.base/java.util.concurrent.FutureTask.run(FutureTask.java:264)
datanode_6_1  | 2020-06-29 13:49:41,495 [Datanode State Machine Thread - 0] INFO server.GrpcService: 08ed62d8-14b3-413b-8c3b-300898d93a85: GrpcService started, listening on 0.0.0.0/0.0.0.0:9858
datanode_3_1  | 2020-06-29 13:49:45,733 [pool-19-thread-1] INFO server.RaftServerConfigKeys: raft.server.sleep.deviation.threshold = 300 (default)
datanode_3_1  | 2020-06-29 13:49:45,749 [pool-19-thread-1] INFO server.RaftServerConfigKeys: raft.server.log.appender.install.snapshot.enabled = false (custom)
datanode_3_1  | 2020-06-29 13:49:45,854 [pool-19-thread-1] INFO impl.RaftServerImpl: 5bc51fe5-3779-4052-8d76-ec93af7730bd@group-E41C64319DEB: ConfigurationManager, init=-1: [5bc51fe5-3779-4052-8d76-ec93af7730bd:10.5.0.6:9858], old=null, confs=<EMPTY_MAP>
datanode_3_1  | 2020-06-29 13:49:45,873 [pool-19-thread-1] INFO server.RaftServerConfigKeys: raft.server.storage.dir = [/data/metadata/ratis] (custom)
datanode_3_1  | 2020-06-29 13:49:45,919 [pool-19-thread-1] INFO server.RaftServerConfigKeys: raft.server.log.corruption.policy = EXCEPTION (default)
datanode_3_1  | 2020-06-29 13:49:45,935 [pool-19-thread-1] INFO storage.RaftStorageDirectory: The storage directory /data/metadata/ratis/43c1e222-3490-48c5-9b0a-e41c64319deb does not exist. Creating ...
datanode_3_1  | 2020-06-29 13:49:45,986 [pool-19-thread-1] INFO storage.RaftStorageDirectory: Lock on /data/metadata/ratis/43c1e222-3490-48c5-9b0a-e41c64319deb/in_use.lock acquired by nodename 6@f8c4a4033236
datanode_2_1  | 2020-06-29 13:49:48,450 [pool-19-thread-1] INFO server.RaftServerConfigKeys: raft.server.snapshot.auto.trigger.enabled = true (custom)
scm_1         | 2020-06-29 13:49:39,234 [Listener at 0.0.0.0/9860] INFO impl.MetricsSystemImpl: StorageContainerManager metrics system started
om_1          | 2020-06-29 13:49:57,198 [IPC Server listener on 9862] INFO ipc.Server: IPC Server listener on 9862: starting
datanode_3_1  | 2020-06-29 13:49:46,007 [pool-19-thread-1] INFO storage.RaftStorage: Storage directory /data/metadata/ratis/43c1e222-3490-48c5-9b0a-e41c64319deb has been successfully formatted.
datanode_4_1  | 	at java.base/java.util.concurrent.ThreadPoolExecutor.runWorker(ThreadPoolExecutor.java:1128)
datanode_1_1  | 2020-06-29 13:49:47,536 [pool-19-thread-1] INFO server.RaftServerConfigKeys: raft.server.sleep.deviation.threshold = 300 (default)
datanode_5_1  | 	at org.apache.hadoop.ozone.protocolPB.StorageContainerDatanodeProtocolClientSideTranslatorPB.submitRequest(StorageContainerDatanodeProtocolClientSideTranslatorPB.java:116)
datanode_6_1  | 2020-06-29 13:49:46,523 [Command processor thread] INFO impl.RaftServerProxy: 08ed62d8-14b3-413b-8c3b-300898d93a85: addNew group-8984428BBC56:[08ed62d8-14b3-413b-8c3b-300898d93a85:10.5.0.9:9858] returns group-8984428BBC56:java.util.concurrent.CompletableFuture@71156b04[Not completed]
datanode_2_1  | 2020-06-29 13:49:48,451 [pool-19-thread-1] INFO server.RaftServerConfigKeys: raft.server.snapshot.auto.trigger.threshold = 10000 (custom)
scm_1         | 2020-06-29 13:49:39,650 [Listener at 0.0.0.0/9860] INFO server.SCMClientProtocolServer: RPC server for Client  is listening at /0.0.0.0:9860
om_1          | 2020-06-29 13:49:57,379 [Listener at om/9862] INFO http.BaseHttpServer: Starting Web-server for ozoneManager at: http://0.0.0.0:9874
datanode_3_1  | 2020-06-29 13:49:46,074 [pool-19-thread-1] INFO ratis.ContainerStateMachine: group-E41C64319DEB: The snapshot info is null. Setting the last applied indexto:(t:0, i:~)
datanode_4_1  | 	at java.base/java.util.concurrent.ThreadPoolExecutor$Worker.run(ThreadPoolExecutor.java:628)
datanode_1_1  | 2020-06-29 13:49:47,536 [pool-19-thread-1] INFO server.RaftServerConfigKeys: raft.server.log.appender.install.snapshot.enabled = false (custom)
datanode_5_1  | 	at org.apache.hadoop.ozone.protocolPB.StorageContainerDatanodeProtocolClientSideTranslatorPB.getVersion(StorageContainerDatanodeProtocolClientSideTranslatorPB.java:132)
datanode_6_1  | 2020-06-29 13:49:46,747 [pool-19-thread-1] INFO impl.RaftServerImpl: 08ed62d8-14b3-413b-8c3b-300898d93a85: new RaftServerImpl for group-8984428BBC56:[08ed62d8-14b3-413b-8c3b-300898d93a85:10.5.0.9:9858] with ContainerStateMachine:uninitialized
datanode_2_1  | 2020-06-29 13:49:48,452 [pool-19-thread-1] INFO server.RaftServerConfigKeys: raft.server.snapshot.retention.file.num = 5 (custom)
scm_1         | 2020-06-29 13:49:39,651 [IPC Server Responder] INFO ipc.Server: IPC Server Responder: starting
om_1          | 2020-06-29 13:49:57,379 [Listener at om/9862] INFO http.BaseHttpServer: Hadoop Security Enabled: false Ozone Security Enabled: false Ozone HTTP Security Enabled: false 
datanode_3_1  | 2020-06-29 13:49:46,103 [pool-19-thread-1] INFO server.RaftServerConfigKeys: raft.server.notification.no-leader.timeout = 60s (default)
datanode_4_1  | 	at java.base/java.lang.Thread.run(Thread.java:834)
datanode_1_1  | 2020-06-29 13:49:47,537 [pool-19-thread-1] INFO impl.RaftServerImpl: 2ed2acab-0eca-4a60-be3d-5ff2b2bfb2ce@group-3EE1B3F9DE1F: ConfigurationManager, init=-1: [c79ddc04-854b-4249-b341-ed0a85cfd6b9:10.5.0.7:9858, 2ed2acab-0eca-4a60-be3d-5ff2b2bfb2ce:10.5.0.4:9858, 5bc51fe5-3779-4052-8d76-ec93af7730bd:10.5.0.6:9858], old=null, confs=<EMPTY_MAP>
datanode_5_1  | 	at org.apache.hadoop.ozone.container.common.states.endpoint.VersionEndpointTask.call(VersionEndpointTask.java:70)
datanode_6_1  | 2020-06-29 13:49:46,749 [pool-19-thread-1] INFO server.RaftServerConfigKeys: raft.server.rpc.timeout.min = 5s (custom)
datanode_2_1  | 2020-06-29 13:49:48,452 [pool-19-thread-1] INFO server.RaftServerConfigKeys: raft.server.log.purge.upto.snapshot.index = false (default)
scm_1         | 2020-06-29 13:49:39,664 [IPC Server listener on 9860] INFO ipc.Server: IPC Server listener on 9860: starting
om_1          | 2020-06-29 13:49:57,439 [Listener at om/9862] INFO util.log: Logging initialized @16212ms to org.eclipse.jetty.util.log.Slf4jLog
datanode_3_1  | 2020-06-29 13:49:46,126 [pool-19-thread-1] INFO server.RaftServerConfigKeys: raft.server.log.use.memory = false (default)
datanode_4_1  | Caused by: java.net.SocketTimeoutException: 1000 millis timeout while waiting for channel to be ready for read. ch : java.nio.channels.SocketChannel[connected local=/10.5.0.7:60704 remote=scm/10.5.0.71:9861]
datanode_1_1  | 2020-06-29 13:49:47,541 [pool-19-thread-1] INFO server.RaftServerConfigKeys: raft.server.storage.dir = [/data/metadata/ratis] (custom)
datanode_5_1  | 	at org.apache.hadoop.ozone.container.common.states.endpoint.VersionEndpointTask.call(VersionEndpointTask.java:41)
datanode_6_1  | 2020-06-29 13:49:46,779 [pool-19-thread-1] INFO server.RaftServerConfigKeys: raft.server.rpc.timeout.max = 5200ms (custom)
datanode_2_1  | 2020-06-29 13:49:48,454 [pool-19-thread-1] INFO server.RaftServerConfigKeys: raft.server.retrycache.expirytime = 600000ms (custom)
scm_1         | 2020-06-29 13:49:39,759 [Listener at 0.0.0.0/9860] INFO server.StorageContainerManager: ScmBlockLocationProtocol RPC server is listening at /0.0.0.0:9863
om_1          | 2020-06-29 13:49:57,665 [Listener at om/9862] INFO server.AuthenticationFilter: Unable to initialize FileSignerSecretProvider, falling back to use random secrets.
datanode_3_1  | 2020-06-29 13:49:46,203 [pool-19-thread-1] INFO server.RaftServerConfigKeys: raft.server.log.purge.gap = 1000000 (custom)
datanode_4_1  | 	at org.apache.hadoop.net.SocketIOWithTimeout.doIO(SocketIOWithTimeout.java:164)
datanode_1_1  | 2020-06-29 13:49:47,548 [pool-19-thread-1] INFO server.RaftServerConfigKeys: raft.server.log.corruption.policy = EXCEPTION (default)
datanode_5_1  | 	at java.base/java.util.concurrent.FutureTask.run(FutureTask.java:264)
datanode_6_1  | 2020-06-29 13:49:46,780 [pool-19-thread-1] INFO server.RaftServerConfigKeys: raft.server.rpcslowness.timeout = 300s (custom)
datanode_2_1  | 2020-06-29 13:49:48,458 [pool-19-thread-1] INFO metrics.RatisMetrics: Creating Metrics Registry : ratis.leader_election.de364dae-6b0e-4cea-85ce-66962e6393ad@group-EF112DDE0919
scm_1         | 2020-06-29 13:49:39,764 [Listener at 0.0.0.0/9860] INFO server.SCMBlockProtocolServer: RPC server for Block Protocol is listening at /0.0.0.0:9863
om_1          | 2020-06-29 13:49:57,682 [Listener at om/9862] INFO http.HttpRequestLog: Http request log for http.requests.ozoneManager is not defined
datanode_3_1  | 2020-06-29 13:49:46,204 [pool-19-thread-1] INFO server.RaftServerConfigKeys: raft.server.log.appender.buffer.byte-limit = 33554432 (custom)
datanode_4_1  | 	at org.apache.hadoop.net.SocketInputStream.read(SocketInputStream.java:161)
datanode_1_1  | 2020-06-29 13:49:47,548 [pool-19-thread-1] INFO storage.RaftStorageDirectory: The storage directory /data/metadata/ratis/7dbe1662-a8ff-4e29-8539-3ee1b3f9de1f does not exist. Creating ...
datanode_5_1  | 	at java.base/java.util.concurrent.Executors$RunnableAdapter.call(Executors.java:515)
datanode_6_1  | 2020-06-29 13:49:46,781 [pool-19-thread-1] INFO server.RaftServerConfigKeys: raft.server.sleep.deviation.threshold = 300 (default)
datanode_2_1  | 2020-06-29 13:49:48,459 [pool-19-thread-1] INFO metrics.RatisMetrics: Creating Metrics Registry : ratis.server.de364dae-6b0e-4cea-85ce-66962e6393ad@group-EF112DDE0919
scm_1         | 2020-06-29 13:49:39,765 [IPC Server Responder] INFO ipc.Server: IPC Server Responder: starting
om_1          | 2020-06-29 13:49:57,697 [Listener at om/9862] INFO http.HttpServer2: Added global filter 'safety' (class=org.apache.hadoop.hdds.server.http.HttpServer2$QuotingInputFilter)
datanode_3_1  | 2020-06-29 13:49:46,209 [pool-19-thread-1] INFO server.RaftServerConfigKeys: raft.server.log.segment.size.max = 1048576 (custom)
datanode_4_1  | 	at org.apache.hadoop.net.SocketInputStream.read(SocketInputStream.java:131)
datanode_1_1  | 2020-06-29 13:49:47,556 [pool-19-thread-1] INFO storage.RaftStorageDirectory: Lock on /data/metadata/ratis/7dbe1662-a8ff-4e29-8539-3ee1b3f9de1f/in_use.lock acquired by nodename 6@bfa119e786ad
datanode_5_1  | 	at java.base/java.util.concurrent.FutureTask.run(FutureTask.java:264)
datanode_6_1  | 2020-06-29 13:49:46,782 [pool-19-thread-1] INFO server.RaftServerConfigKeys: raft.server.log.appender.install.snapshot.enabled = false (custom)
datanode_2_1  | 2020-06-29 13:49:48,470 [pool-19-thread-1] INFO impl.RaftServerImpl: de364dae-6b0e-4cea-85ce-66962e6393ad@group-EF112DDE0919: start as a follower, conf=-1: [375e02a9-1898-460d-9c52-115dda62f684:10.5.0.8:9858, 08ed62d8-14b3-413b-8c3b-300898d93a85:10.5.0.9:9858, de364dae-6b0e-4cea-85ce-66962e6393ad:10.5.0.5:9858], old=null
om_1          | 2020-06-29 13:49:57,699 [Listener at om/9862] INFO http.HttpServer2: Added filter static_user_filter (class=org.apache.hadoop.http.lib.StaticUserWebFilter$StaticUserFilter) to context ozoneManager
datanode_3_1  | 2020-06-29 13:49:46,261 [pool-19-thread-1] INFO metrics.RatisMetrics: Creating Metrics Registry : ratis.log_worker.5bc51fe5-3779-4052-8d76-ec93af7730bd@group-E41C64319DEB
scm_1         | 2020-06-29 13:49:39,765 [IPC Server listener on 9863] INFO ipc.Server: IPC Server listener on 9863: starting
datanode_4_1  | 	at java.base/java.io.FilterInputStream.read(FilterInputStream.java:133)
datanode_1_1  | 2020-06-29 13:49:47,570 [pool-19-thread-1] INFO storage.RaftStorage: Storage directory /data/metadata/ratis/7dbe1662-a8ff-4e29-8539-3ee1b3f9de1f has been successfully formatted.
datanode_5_1  | 	at java.base/java.util.concurrent.ThreadPoolExecutor.runWorker(ThreadPoolExecutor.java:1128)
datanode_6_1  | 2020-06-29 13:49:46,851 [pool-19-thread-1] INFO impl.RaftServerImpl: 08ed62d8-14b3-413b-8c3b-300898d93a85@group-8984428BBC56: ConfigurationManager, init=-1: [08ed62d8-14b3-413b-8c3b-300898d93a85:10.5.0.9:9858], old=null, confs=<EMPTY_MAP>
datanode_2_1  | 2020-06-29 13:49:48,470 [pool-19-thread-1] INFO impl.RaftServerImpl: de364dae-6b0e-4cea-85ce-66962e6393ad@group-EF112DDE0919: changes role from      null to FOLLOWER at term 0 for startAsFollower
om_1          | 2020-06-29 13:49:57,699 [Listener at om/9862] INFO http.HttpServer2: Added filter static_user_filter (class=org.apache.hadoop.http.lib.StaticUserWebFilter$StaticUserFilter) to context logs
datanode_3_1  | 2020-06-29 13:49:46,413 [pool-19-thread-1] INFO server.RaftServerConfigKeys: raft.server.log.segment.cache.num.max = 2 (custom)
scm_1         | 2020-06-29 13:49:39,787 [Listener at 0.0.0.0/9860] INFO server.StorageContainerManager: ScmDatanodeProtocl RPC server is listening at /0.0.0.0:9861
datanode_4_1  | 	at java.base/java.io.BufferedInputStream.fill(BufferedInputStream.java:252)
datanode_1_1  | 2020-06-29 13:49:47,571 [pool-19-thread-1] INFO ratis.ContainerStateMachine: group-3EE1B3F9DE1F: The snapshot info is null. Setting the last applied indexto:(t:0, i:~)
datanode_5_1  | 	at java.base/java.util.concurrent.ThreadPoolExecutor$Worker.run(ThreadPoolExecutor.java:628)
datanode_6_1  | 2020-06-29 13:49:46,854 [pool-19-thread-1] INFO server.RaftServerConfigKeys: raft.server.storage.dir = [/data/metadata/ratis] (custom)
datanode_2_1  | 2020-06-29 13:49:48,473 [pool-19-thread-1] INFO impl.RoleInfo: de364dae-6b0e-4cea-85ce-66962e6393ad: start FollowerState
om_1          | 2020-06-29 13:49:57,699 [Listener at om/9862] INFO http.HttpServer2: Added filter static_user_filter (class=org.apache.hadoop.http.lib.StaticUserWebFilter$StaticUserFilter) to context static
datanode_3_1  | 2020-06-29 13:49:46,454 [pool-19-thread-1] INFO segmented.SegmentedRaftLogWorker: new 5bc51fe5-3779-4052-8d76-ec93af7730bd@group-E41C64319DEB-SegmentedRaftLogWorker for RaftStorage:Storage Directory /data/metadata/ratis/43c1e222-3490-48c5-9b0a-e41c64319deb
scm_1         | 2020-06-29 13:49:39,787 [Listener at 0.0.0.0/9860] INFO server.SCMDatanodeProtocolServer: RPC server for DataNodes is listening at /0.0.0.0:9861
datanode_4_1  | 	at java.base/java.io.BufferedInputStream.read(BufferedInputStream.java:271)
datanode_1_1  | 2020-06-29 13:49:47,571 [pool-19-thread-1] INFO server.RaftServerConfigKeys: raft.server.notification.no-leader.timeout = 60s (default)
datanode_5_1  | 	at java.base/java.lang.Thread.run(Thread.java:834)
datanode_6_1  | 2020-06-29 13:49:46,876 [pool-19-thread-1] INFO server.RaftServerConfigKeys: raft.server.log.corruption.policy = EXCEPTION (default)
datanode_2_1  | 2020-06-29 13:49:48,501 [pool-19-thread-1] INFO util.JmxRegister: Successfully registered JMX Bean with object name Ratis:service=RaftServer,group=group-EF112DDE0919,id=de364dae-6b0e-4cea-85ce-66962e6393ad
om_1          | 2020-06-29 13:49:57,790 [Listener at om/9862] WARN http.BaseHttpServer: /prof java profiling servlet is activated. Not safe for production!
datanode_3_1  | 2020-06-29 13:49:46,510 [pool-19-thread-1] INFO server.RaftServerConfigKeys: raft.server.log.queue.byte-limit = 2147483647 (custom)
scm_1         | 2020-06-29 13:49:39,792 [IPC Server Responder] INFO ipc.Server: IPC Server Responder: starting
datanode_4_1  | 	at java.base/java.io.FilterInputStream.read(FilterInputStream.java:83)
datanode_1_1  | 2020-06-29 13:49:47,571 [pool-19-thread-1] INFO server.RaftServerConfigKeys: raft.server.log.use.memory = false (default)
datanode_5_1  | Caused by: java.net.SocketTimeoutException: 1000 millis timeout while waiting for channel to be ready for read. ch : java.nio.channels.SocketChannel[connected local=/10.5.0.8:37532 remote=scm/10.5.0.71:9861]
datanode_6_1  | 2020-06-29 13:49:46,891 [pool-19-thread-1] INFO storage.RaftStorageDirectory: The storage directory /data/metadata/ratis/828d8208-fd81-4eb3-bc0b-8984428bbc56 does not exist. Creating ...
datanode_2_1  | 2020-06-29 13:49:48,503 [pool-19-thread-1] INFO metrics.RatisMetrics: Creating Metrics Registry : ratis.state_machine.de364dae-6b0e-4cea-85ce-66962e6393ad@group-EF112DDE0919
om_1          | 2020-06-29 13:49:57,795 [Listener at om/9862] INFO http.HttpServer2: Jetty bound to port 9874
datanode_3_1  | 2020-06-29 13:49:46,511 [pool-19-thread-1] INFO server.RaftServerConfigKeys: raft.server.log.queue.element-limit = 1024 (custom)
scm_1         | 2020-06-29 13:49:39,792 [IPC Server listener on 9861] INFO ipc.Server: IPC Server listener on 9861: starting
datanode_4_1  | 	at java.base/java.io.FilterInputStream.read(FilterInputStream.java:83)
datanode_1_1  | 2020-06-29 13:49:47,571 [pool-19-thread-1] INFO server.RaftServerConfigKeys: raft.server.log.purge.gap = 1000000 (custom)
datanode_5_1  | 	at org.apache.hadoop.net.SocketIOWithTimeout.doIO(SocketIOWithTimeout.java:164)
datanode_6_1  | 2020-06-29 13:49:46,957 [pool-19-thread-1] INFO storage.RaftStorageDirectory: Lock on /data/metadata/ratis/828d8208-fd81-4eb3-bc0b-8984428bbc56/in_use.lock acquired by nodename 6@74c6b37c436a
datanode_2_1  | 2020-06-29 13:49:52,185 [grpc-default-executor-2] INFO impl.RaftServerImpl: de364dae-6b0e-4cea-85ce-66962e6393ad@group-EF112DDE0919: changes role from  FOLLOWER to FOLLOWER at term 1 for recognizeCandidate:375e02a9-1898-460d-9c52-115dda62f684
om_1          | 2020-06-29 13:49:57,799 [Listener at om/9862] INFO server.Server: jetty-9.4.26.v20200117; built: 2020-01-17T12:35:33.676Z; git: 7b38981d25d14afb4a12ff1f2596756144edf695; jvm 11.0.6+10-LTS
datanode_3_1  | 2020-06-29 13:49:46,524 [pool-19-thread-1] INFO server.RaftServerConfigKeys: raft.server.log.segment.size.max = 1048576 (custom)
scm_1         | 2020-06-29 13:49:39,870 [IPC Server handler 61 on default port 9861] INFO ipc.Server: IPC Server handler 61 on default port 9861: skipped Call#0 Retry#0 org.apache.hadoop.ozone.protocol.StorageContainerDatanodeProtocol.submitRequest from 10.5.0.8:37532
datanode_4_1  | 	at org.apache.hadoop.ipc.Client$Connection$PingInputStream.read(Client.java:567)
datanode_1_1  | 2020-06-29 13:49:47,572 [pool-19-thread-1] INFO server.RaftServerConfigKeys: raft.server.log.appender.buffer.byte-limit = 33554432 (custom)
datanode_5_1  | 	at org.apache.hadoop.net.SocketInputStream.read(SocketInputStream.java:161)
datanode_6_1  | 2020-06-29 13:49:46,984 [pool-19-thread-1] INFO storage.RaftStorage: Storage directory /data/metadata/ratis/828d8208-fd81-4eb3-bc0b-8984428bbc56 has been successfully formatted.
datanode_2_1  | 2020-06-29 13:49:52,196 [grpc-default-executor-2] INFO impl.RoleInfo: de364dae-6b0e-4cea-85ce-66962e6393ad: shutdown FollowerState
om_1          | 2020-06-29 13:49:57,931 [Listener at om/9862] INFO server.session: DefaultSessionIdManager workerName=node0
datanode_3_1  | 2020-06-29 13:49:46,557 [pool-19-thread-1] INFO server.RaftServerConfigKeys: raft.server.log.preallocated.size = 16384 (custom)
scm_1         | 2020-06-29 13:49:39,900 [Listener at 0.0.0.0/9860] INFO http.HttpServer2: Jetty bound to port 9876
datanode_4_1  | 	at java.base/java.io.DataInputStream.readInt(DataInputStream.java:392)
datanode_1_1  | 2020-06-29 13:49:47,572 [pool-19-thread-1] INFO server.RaftServerConfigKeys: raft.server.log.segment.size.max = 1048576 (custom)
datanode_5_1  | 	at org.apache.hadoop.net.SocketInputStream.read(SocketInputStream.java:131)
datanode_6_1  | 2020-06-29 13:49:47,027 [pool-19-thread-1] INFO ratis.ContainerStateMachine: group-8984428BBC56: The snapshot info is null. Setting the last applied indexto:(t:0, i:~)
datanode_2_1  | 2020-06-29 13:49:52,198 [Thread-25] INFO impl.FollowerState: de364dae-6b0e-4cea-85ce-66962e6393ad@group-EF112DDE0919-FollowerState was interrupted: java.lang.InterruptedException: sleep interrupted
om_1          | 2020-06-29 13:49:57,932 [Listener at om/9862] INFO server.session: No SessionScavenger set, using defaults
