kdc_1       | Aug 25 23:32:30 kdc krb5kdc[9](info): TGS_REQ (6 etypes {aes256-cts-hmac-sha1-96(18), aes128-cts-hmac-sha1-96(17), aes256-cts-hmac-sha384-192(20), aes128-cts-hmac-sha256-128(19), DEPRECATED:des3-cbc-sha1(16), DEPRECATED:arcfour-hmac(23)}) 172.18.0.4: ISSUE: authtime 1629934299, etypes {rep=aes256-cts-hmac-sha1-96(18), tkt=aes256-cts-hmac-sha1-96(18), ses=aes256-cts-hmac-sha1-96(18)}, testuser/scm@EXAMPLE.COM for om/om@EXAMPLE.COM
datanode_3  | 2021-08-25 23:01:18,214 [pool-23-thread-1] INFO server.RaftServerConfigKeys: raft.server.storage.dir = [/data/metadata/ratis] (custom)
datanode_3  | 2021-08-25 23:01:18,215 [pool-23-thread-1] INFO server.RaftServerConfigKeys: raft.server.log.corruption.policy = EXCEPTION (default)
datanode_3  | 2021-08-25 23:01:18,215 [pool-23-thread-1] INFO server.RaftServerConfigKeys: raft.server.storage.free-space.min = 0MB (=0) (default)
datanode_3  | 2021-08-25 23:01:18,215 [pool-23-thread-1] INFO storage.RaftStorageDirectory: The storage directory /data/metadata/ratis/9509d86c-2edf-4044-9388-0fdb9e0b72eb does not exist. Creating ...
datanode_3  | 2021-08-25 23:01:18,217 [pool-23-thread-1] INFO storage.RaftStorageDirectory: Lock on /data/metadata/ratis/9509d86c-2edf-4044-9388-0fdb9e0b72eb/in_use.lock acquired by nodename 8@a3383576c2f8
datanode_3  | 2021-08-25 23:01:18,219 [pool-23-thread-1] INFO storage.RaftStorage: Storage directory /data/metadata/ratis/9509d86c-2edf-4044-9388-0fdb9e0b72eb has been successfully formatted.
datanode_3  | 2021-08-25 23:01:18,219 [pool-23-thread-1] INFO ratis.ContainerStateMachine: group-0FDB9E0B72EB: The snapshot info is null. Setting the last applied indexto:(t:0, i:~)
datanode_2  | 	at org.apache.ratis.thirdparty.io.grpc.ForwardingServerCallListener.onHalfClose(ForwardingServerCallListener.java:23)
recon_1     | 2021-08-25 23:00:36,102 [main] INFO http.HttpServer2: Added filter authentication (class=org.apache.hadoop.security.authentication.server.AuthenticationFilter) to context static
recon_1     | 2021-08-25 23:00:36,103 [main] INFO http.HttpServer2: Added filter authentication (class=org.apache.hadoop.security.authentication.server.AuthenticationFilter) to context logs
recon_1     | 2021-08-25 23:00:36,105 [main] INFO http.HttpServer2: Initialize spnego with host: 0.0.0.0 userKey: ozone.recon.http.auth.kerberos.principal keytabKey: ozone.recon.http.auth.kerberos.keytab
recon_1     | 2021-08-25 23:00:36,384 [main] INFO tasks.ReconTaskControllerImpl: Registered task ContainerKeyMapperTask with controller.
datanode_1  | 2021-08-25 23:01:17,593 [pool-23-thread-1] INFO server.RaftServerConfigKeys: raft.server.log.statemachine.data.caching.enabled = true (custom)
datanode_1  | 2021-08-25 23:01:17,622 [pool-23-thread-1] INFO segmented.SegmentedRaftLogWorker: ca4ba8a9-e62a-458c-b952-f05a3783b15d@group-37154DC2355B-SegmentedRaftLogWorker: flushIndex: setUnconditionally 0 -> -1
datanode_1  | 2021-08-25 23:01:17,622 [pool-23-thread-1] INFO segmented.SegmentedRaftLogWorker: ca4ba8a9-e62a-458c-b952-f05a3783b15d@group-37154DC2355B-SegmentedRaftLogWorker: safeCacheEvictIndex: setUnconditionally 0 -> -1
datanode_1  | 2021-08-25 23:01:17,661 [pool-23-thread-1] INFO server.RaftServerConfigKeys: raft.server.snapshot.auto.trigger.enabled = true (custom)
datanode_1  | 2021-08-25 23:01:17,683 [pool-23-thread-1] INFO server.RaftServerConfigKeys: raft.server.snapshot.auto.trigger.threshold = 10000 (custom)
datanode_1  | 2021-08-25 23:01:17,687 [pool-23-thread-1] INFO server.RaftServerConfigKeys: raft.server.snapshot.retention.file.num = 5 (custom)
kdc_1       | Aug 25 23:32:38 kdc krb5kdc[9](info): TGS_REQ (6 etypes {aes256-cts-hmac-sha1-96(18), aes128-cts-hmac-sha1-96(17), aes256-cts-hmac-sha384-192(20), aes128-cts-hmac-sha256-128(19), DEPRECATED:des3-cbc-sha1(16), DEPRECATED:arcfour-hmac(23)}) 172.18.0.4: ISSUE: authtime 1629934299, etypes {rep=aes256-cts-hmac-sha1-96(18), tkt=aes256-cts-hmac-sha1-96(18), ses=aes256-cts-hmac-sha1-96(18)}, testuser/scm@EXAMPLE.COM for om/om@EXAMPLE.COM
kdc_1       | Aug 25 23:32:40 kdc krb5kdc[9](info): AS_REQ (8 etypes {aes256-cts-hmac-sha1-96(18), aes128-cts-hmac-sha1-96(17), aes256-cts-hmac-sha384-192(20), aes128-cts-hmac-sha256-128(19), DEPRECATED:des3-cbc-sha1(16), DEPRECATED:arcfour-hmac(23), camellia128-cts-cmac(25), camellia256-cts-cmac(26)}) 172.18.0.4: ISSUE: authtime 1629934360, etypes {rep=aes256-cts-hmac-sha1-96(18), tkt=aes256-cts-hmac-sha1-96(18), ses=aes256-cts-hmac-sha1-96(18)}, testuser/scm@EXAMPLE.COM for krbtgt/EXAMPLE.COM@EXAMPLE.COM
kdc_1       | Aug 25 23:32:46 kdc krb5kdc[9](info): TGS_REQ (6 etypes {aes256-cts-hmac-sha1-96(18), aes128-cts-hmac-sha1-96(17), aes256-cts-hmac-sha384-192(20), aes128-cts-hmac-sha256-128(19), DEPRECATED:des3-cbc-sha1(16), DEPRECATED:arcfour-hmac(23)}) 172.18.0.4: ISSUE: authtime 1629934360, etypes {rep=aes256-cts-hmac-sha1-96(18), tkt=aes256-cts-hmac-sha1-96(18), ses=aes256-cts-hmac-sha1-96(18)}, testuser/scm@EXAMPLE.COM for om/om@EXAMPLE.COM
om_1        | 2021-08-25 23:01:25,278 [pool-24-thread-1] INFO server.RaftServerConfigKeys: raft.server.log.appender.buffer.byte-limit = 33554432 (custom)
om_1        | 2021-08-25 23:01:25,381 [pool-24-thread-1] INFO server.RaftServerConfigKeys: raft.server.log.segment.size.max = 4194304 (custom)
om_1        | 2021-08-25 23:01:25,468 [pool-24-thread-1] INFO server.RaftServerConfigKeys: raft.server.log.segment.cache.num.max = 2 (custom)
scm_1       | ************************************************************/
scm_1       | No '-XX:...' jvm parameters are set. Adding safer GC settings '-XX:ParallelGCThreads=8 -XX:+UseConcMarkSweepGC -XX:CMSInitiatingOccupancyFraction=70 -XX:+CMSParallelRemarkEnabled' to the OZONE_OPTS
scm_1       | OpenJDK 64-Bit Server VM warning: Option UseConcMarkSweepGC was deprecated in version 9.0 and will likely be removed in a future release.
scm_1       | 2021-08-25 23:00:42,903 [main] INFO server.StorageContainerManagerStarter: STARTUP_MSG: 
scm_1       | /************************************************************
scm_1       | STARTUP_MSG: Starting StorageContainerManager
scm_1       | STARTUP_MSG:   host = scm/172.18.0.4
scm_1       | STARTUP_MSG:   args = []
datanode_2  | 	at org.apache.ratis.thirdparty.io.grpc.internal.ServerCallImpl$ServerStreamListenerImpl.halfClosed(ServerCallImpl.java:331)
datanode_2  | 	at org.apache.ratis.thirdparty.io.grpc.internal.ServerImpl$JumpToApplicationThreadServerStreamListener$1HalfClosed.runInContext(ServerImpl.java:814)
datanode_2  | 	at org.apache.ratis.thirdparty.io.grpc.internal.ContextRunnable.run(ContextRunnable.java:37)
datanode_2  | 	at org.apache.ratis.thirdparty.io.grpc.internal.SerializingExecutor.run(SerializingExecutor.java:123)
datanode_2  | 	at java.base/java.util.concurrent.ThreadPoolExecutor.runWorker(ThreadPoolExecutor.java:1128)
datanode_2  | 	at java.base/java.util.concurrent.ThreadPoolExecutor$Worker.run(ThreadPoolExecutor.java:628)
datanode_2  | 	at java.base/java.lang.Thread.run(Thread.java:834)
datanode_2  | 2021-08-25 23:01:41,796 [grpc-default-executor-0] WARN server.GrpcServerProtocolService: 470578f6-56b5-4508-b3b4-d101688acd62: Failed requestVote ca4ba8a9-e62a-458c-b952-f05a3783b15d->470578f6-56b5-4508-b3b4-d101688acd62#0
datanode_2  | org.apache.ratis.protocol.exceptions.GroupMismatchException: 470578f6-56b5-4508-b3b4-d101688acd62: group-0FDB9E0B72EB not found.
datanode_2  | 	at org.apache.ratis.server.impl.RaftServerProxy$ImplMap.get(RaftServerProxy.java:147)
datanode_2  | 	at org.apache.ratis.server.impl.RaftServerProxy.getImplFuture(RaftServerProxy.java:339)
datanode_2  | 	at org.apache.ratis.server.impl.RaftServerProxy.getImpl(RaftServerProxy.java:348)
datanode_2  | 	at org.apache.ratis.server.impl.RaftServerProxy.getImpl(RaftServerProxy.java:343)
datanode_2  | 	at org.apache.ratis.server.impl.RaftServerProxy.requestVote(RaftServerProxy.java:548)
datanode_2  | 	at org.apache.ratis.grpc.server.GrpcServerProtocolService.requestVote(GrpcServerProtocolService.java:172)
datanode_2  | 	at org.apache.ratis.proto.grpc.RaftServerProtocolServiceGrpc$MethodHandlers.invoke(RaftServerProtocolServiceGrpc.java:394)
datanode_2  | 	at org.apache.ratis.thirdparty.io.grpc.stub.ServerCalls$UnaryServerCallHandler$UnaryServerCallListener.onHalfClose(ServerCalls.java:182)
datanode_2  | 	at org.apache.ratis.thirdparty.io.grpc.PartialForwardingServerCallListener.onHalfClose(PartialForwardingServerCallListener.java:35)
datanode_2  | 	at org.apache.ratis.thirdparty.io.grpc.ForwardingServerCallListener.onHalfClose(ForwardingServerCallListener.java:23)
datanode_2  | 	at org.apache.ratis.thirdparty.io.grpc.internal.ServerCallImpl$ServerStreamListenerImpl.halfClosed(ServerCallImpl.java:331)
datanode_2  | 	at org.apache.ratis.thirdparty.io.grpc.internal.ServerImpl$JumpToApplicationThreadServerStreamListener$1HalfClosed.runInContext(ServerImpl.java:814)
datanode_2  | 	at org.apache.ratis.thirdparty.io.grpc.internal.ContextRunnable.run(ContextRunnable.java:37)
datanode_2  | 	at org.apache.ratis.thirdparty.io.grpc.internal.SerializingExecutor.run(SerializingExecutor.java:123)
datanode_2  | 	at java.base/java.util.concurrent.ThreadPoolExecutor.runWorker(ThreadPoolExecutor.java:1128)
om_1        | 2021-08-25 23:01:25,469 [pool-24-thread-1] INFO server.RaftServerConfigKeys: raft.server.log.segment.cache.size.max = 200MB (=209715200) (default)
kdc_1       | Aug 25 23:32:54 kdc krb5kdc[9](info): TGS_REQ (6 etypes {aes256-cts-hmac-sha1-96(18), aes128-cts-hmac-sha1-96(17), aes256-cts-hmac-sha384-192(20), aes128-cts-hmac-sha256-128(19), DEPRECATED:des3-cbc-sha1(16), DEPRECATED:arcfour-hmac(23)}) 172.18.0.4: ISSUE: authtime 1629934360, etypes {rep=aes256-cts-hmac-sha1-96(18), tkt=aes256-cts-hmac-sha1-96(18), ses=aes256-cts-hmac-sha1-96(18)}, testuser/scm@EXAMPLE.COM for om/om@EXAMPLE.COM
datanode_1  | 2021-08-25 23:01:17,697 [pool-23-thread-1] INFO server.RaftServerConfigKeys: raft.server.log.purge.upto.snapshot.index = false (default)
datanode_1  | 2021-08-25 23:01:17,699 [pool-23-thread-1] INFO server.RaftServerConfigKeys: raft.server.retrycache.expirytime = 600000ms (custom)
datanode_1  | 2021-08-25 23:01:17,707 [pool-23-thread-1] INFO server.RaftServerConfigKeys: raft.server.retrycache.statistics.expirytime = 100?s (default)
datanode_1  | 2021-08-25 23:01:17,837 [pool-23-thread-1] INFO server.RaftServer$Division: ca4ba8a9-e62a-458c-b952-f05a3783b15d@group-37154DC2355B: start as a follower, conf=-1: [ca4ba8a9-e62a-458c-b952-f05a3783b15d|rpc:172.18.0.9:9856|admin:172.18.0.9:9857|client:172.18.0.9:9858|priority:1], old=null
recon_1     | 2021-08-25 23:00:36,895 [main] INFO tasks.ReconTaskControllerImpl: Registered task FileSizeCountTask with controller.
recon_1     | 2021-08-25 23:00:36,918 [main] INFO tasks.ReconTaskControllerImpl: Registered task TableCountTask with controller.
datanode_2  | 	at java.base/java.util.concurrent.ThreadPoolExecutor$Worker.run(ThreadPoolExecutor.java:628)
kdc_1       | Aug 25 23:33:01 kdc krb5kdc[9](info): TGS_REQ (6 etypes {aes256-cts-hmac-sha1-96(18), aes128-cts-hmac-sha1-96(17), aes256-cts-hmac-sha384-192(20), aes128-cts-hmac-sha256-128(19), DEPRECATED:des3-cbc-sha1(16), DEPRECATED:arcfour-hmac(23)}) 172.18.0.4: ISSUE: authtime 1629934360, etypes {rep=aes256-cts-hmac-sha1-96(18), tkt=aes256-cts-hmac-sha1-96(18), ses=aes256-cts-hmac-sha1-96(18)}, testuser/scm@EXAMPLE.COM for om/om@EXAMPLE.COM
kdc_1       | Aug 25 23:33:09 kdc krb5kdc[9](info): TGS_REQ (6 etypes {aes256-cts-hmac-sha1-96(18), aes128-cts-hmac-sha1-96(17), aes256-cts-hmac-sha384-192(20), aes128-cts-hmac-sha256-128(19), DEPRECATED:des3-cbc-sha1(16), DEPRECATED:arcfour-hmac(23)}) 172.18.0.4: ISSUE: authtime 1629934360, etypes {rep=aes256-cts-hmac-sha1-96(18), tkt=aes256-cts-hmac-sha1-96(18), ses=aes256-cts-hmac-sha1-96(18)}, testuser/scm@EXAMPLE.COM for om/om@EXAMPLE.COM
kdc_1       | Aug 25 23:33:17 kdc krb5kdc[9](info): TGS_REQ (6 etypes {aes256-cts-hmac-sha1-96(18), aes128-cts-hmac-sha1-96(17), aes256-cts-hmac-sha384-192(20), aes128-cts-hmac-sha256-128(19), DEPRECATED:des3-cbc-sha1(16), DEPRECATED:arcfour-hmac(23)}) 172.18.0.4: ISSUE: authtime 1629934360, etypes {rep=aes256-cts-hmac-sha1-96(18), tkt=aes256-cts-hmac-sha1-96(18), ses=aes256-cts-hmac-sha1-96(18)}, testuser/scm@EXAMPLE.COM for om/om@EXAMPLE.COM
om_1        | 2021-08-25 23:01:25,499 [pool-24-thread-1] INFO segmented.SegmentedRaftLogWorker: new om1@group-C5BA1605619E-SegmentedRaftLogWorker for RaftStorageImpl:Storage Directory /data/metadata/ratis/bf265839-605b-3f16-9796-c5ba1605619e
om_1        | 2021-08-25 23:01:25,538 [pool-24-thread-1] INFO server.RaftServerConfigKeys: raft.server.log.queue.byte-limit = 64MB (=67108864) (default)
om_1        | 2021-08-25 23:01:25,539 [pool-24-thread-1] INFO server.RaftServerConfigKeys: raft.server.log.queue.element-limit = 4096 (default)
om_1        | 2021-08-25 23:01:25,540 [pool-24-thread-1] INFO server.RaftServerConfigKeys: raft.server.log.segment.size.max = 4194304 (custom)
datanode_2  | 	at java.base/java.lang.Thread.run(Thread.java:834)
recon_1     | 2021-08-25 23:00:36,935 [main] INFO tasks.ReconTaskControllerImpl: Registered task NSSummaryTask with controller.
kdc_1       | Aug 25 23:33:24 kdc krb5kdc[9](info): TGS_REQ (6 etypes {aes256-cts-hmac-sha1-96(18), aes128-cts-hmac-sha1-96(17), aes256-cts-hmac-sha384-192(20), aes128-cts-hmac-sha256-128(19), DEPRECATED:des3-cbc-sha1(16), DEPRECATED:arcfour-hmac(23)}) 172.18.0.4: ISSUE: authtime 1629934360, etypes {rep=aes256-cts-hmac-sha1-96(18), tkt=aes256-cts-hmac-sha1-96(18), ses=aes256-cts-hmac-sha1-96(18)}, testuser/scm@EXAMPLE.COM for om/om@EXAMPLE.COM
om_1        | 2021-08-25 23:01:25,543 [pool-24-thread-1] INFO server.RaftServerConfigKeys: raft.server.log.preallocated.size = 4194304 (custom)
scm_1       | STARTUP_MSG:   version = 1.2.0-SNAPSHOT
om_1        | 2021-08-25 23:01:25,552 [pool-24-thread-1] INFO server.RaftServerConfigKeys: raft.server.log.force.sync.num = 128 (default)
datanode_1  | 2021-08-25 23:01:17,841 [pool-23-thread-1] INFO server.RaftServer$Division: ca4ba8a9-e62a-458c-b952-f05a3783b15d@group-37154DC2355B: changes role from      null to FOLLOWER at term 0 for startAsFollower
datanode_1  | 2021-08-25 23:01:17,843 [pool-23-thread-1] INFO impl.RoleInfo: ca4ba8a9-e62a-458c-b952-f05a3783b15d: start ca4ba8a9-e62a-458c-b952-f05a3783b15d@group-37154DC2355B-FollowerState
datanode_3  | 2021-08-25 23:01:18,219 [pool-23-thread-1] INFO server.RaftServerConfigKeys: raft.server.notification.no-leader.timeout = 300s (custom)
datanode_3  | 2021-08-25 23:01:18,219 [pool-23-thread-1] INFO server.RaftServerConfigKeys: raft.server.log.use.memory = false (default)
datanode_3  | 2021-08-25 23:01:18,219 [pool-23-thread-1] INFO server.RaftServerConfigKeys: raft.server.log.purge.gap = 1000000 (custom)
om_1        | 2021-08-25 23:01:25,555 [pool-24-thread-1] INFO server.RaftServerConfigKeys: raft.server.log.statemachine.data.sync = true (default)
om_1        | 2021-08-25 23:01:25,570 [pool-24-thread-1] INFO server.RaftServerConfigKeys: raft.server.log.statemachine.data.sync.timeout = 10s (default)
recon_1     | 2021-08-25 23:00:37,007 [main] INFO ozone.OmUtils: ozone.om.internal.service.id is not defined, falling back to ozone.om.service.ids to find serviceID for OzoneManager if it is HA enabled cluster
recon_1     | 2021-08-25 23:00:37,007 [main] INFO ozone.OmUtils: No OzoneManager ServiceID configured.
kdc_1       | Aug 25 23:33:33 kdc krb5kdc[9](info): TGS_REQ (6 etypes {aes256-cts-hmac-sha1-96(18), aes128-cts-hmac-sha1-96(17), aes256-cts-hmac-sha384-192(20), aes128-cts-hmac-sha256-128(19), DEPRECATED:des3-cbc-sha1(16), DEPRECATED:arcfour-hmac(23)}) 172.18.0.4: ISSUE: authtime 1629934360, etypes {rep=aes256-cts-hmac-sha1-96(18), tkt=aes256-cts-hmac-sha1-96(18), ses=aes256-cts-hmac-sha1-96(18)}, testuser/scm@EXAMPLE.COM for om/om@EXAMPLE.COM
kdc_1       | Aug 25 23:33:40 kdc krb5kdc[9](info): TGS_REQ (6 etypes {aes256-cts-hmac-sha1-96(18), aes128-cts-hmac-sha1-96(17), aes256-cts-hmac-sha384-192(20), aes128-cts-hmac-sha256-128(19), DEPRECATED:des3-cbc-sha1(16), DEPRECATED:arcfour-hmac(23)}) 172.18.0.4: ISSUE: authtime 1629934360, etypes {rep=aes256-cts-hmac-sha1-96(18), tkt=aes256-cts-hmac-sha1-96(18), ses=aes256-cts-hmac-sha1-96(18)}, testuser/scm@EXAMPLE.COM for om/om@EXAMPLE.COM
kdc_1       | Aug 25 23:33:42 kdc krb5kdc[9](info): AS_REQ (8 etypes {aes256-cts-hmac-sha1-96(18), aes128-cts-hmac-sha1-96(17), aes256-cts-hmac-sha384-192(20), aes128-cts-hmac-sha256-128(19), DEPRECATED:des3-cbc-sha1(16), DEPRECATED:arcfour-hmac(23), camellia128-cts-cmac(25), camellia256-cts-cmac(26)}) 172.18.0.4: ISSUE: authtime 1629934422, etypes {rep=aes256-cts-hmac-sha1-96(18), tkt=aes256-cts-hmac-sha1-96(18), ses=aes256-cts-hmac-sha1-96(18)}, testuser/scm@EXAMPLE.COM for krbtgt/EXAMPLE.COM@EXAMPLE.COM
kdc_1       | Aug 25 23:33:48 kdc krb5kdc[9](info): TGS_REQ (6 etypes {aes256-cts-hmac-sha1-96(18), aes128-cts-hmac-sha1-96(17), aes256-cts-hmac-sha384-192(20), aes128-cts-hmac-sha256-128(19), DEPRECATED:des3-cbc-sha1(16), DEPRECATED:arcfour-hmac(23)}) 172.18.0.4: ISSUE: authtime 1629934422, etypes {rep=aes256-cts-hmac-sha1-96(18), tkt=aes256-cts-hmac-sha1-96(18), ses=aes256-cts-hmac-sha1-96(18)}, testuser/scm@EXAMPLE.COM for om/om@EXAMPLE.COM
om_1        | 2021-08-25 23:01:25,571 [pool-24-thread-1] INFO server.RaftServerConfigKeys: raft.server.log.statemachine.data.sync.timeout.retry = -1 (default)
om_1        | 2021-08-25 23:01:25,605 [Listener at om/9862] INFO om.OzoneManager: Configured ozone.om.metadata.layout=SIMPLE and disabled optimized OM FS operations
recon_1     | 2021-08-25 23:00:38,489 [main] WARN recon.ReconUtils: ozone.recon.om.db.dir is not configured. We recommend adding this setting. Falling back to ozone.metadata.dirs instead.
recon_1     | 2021-08-25 23:00:39,103 [main] WARN recon.ReconUtils: ozone.recon.scm.db.dirs is not configured. We recommend adding this setting. Falling back to ozone.metadata.dirs instead.
datanode_3  | 2021-08-25 23:01:18,219 [pool-23-thread-1] INFO server.RaftServerConfigKeys: raft.server.log.appender.buffer.byte-limit = 33554432 (custom)
datanode_3  | 2021-08-25 23:01:18,220 [pool-23-thread-1] INFO server.RaftServerConfigKeys: raft.server.log.segment.size.max = 1048576 (custom)
datanode_1  | 2021-08-25 23:01:17,898 [pool-23-thread-1] INFO util.JmxRegister: Successfully registered JMX Bean with object name Ratis:service=RaftServer,group=group-37154DC2355B,id=ca4ba8a9-e62a-458c-b952-f05a3783b15d
datanode_1  | 2021-08-25 23:01:17,960 [Command processor thread] INFO ratis.XceiverServerRatis: Created group PipelineID=b1697f45-7248-4e1f-9179-37154dc2355b
om_1        | 2021-08-25 23:01:25,663 [pool-24-thread-1] INFO server.RaftServerConfigKeys: raft.server.log.write.buffer.size = 64KB (=65536) (default)
om_1        | 2021-08-25 23:01:25,663 [pool-24-thread-1] INFO server.RaftServerConfigKeys: raft.server.log.statemachine.data.caching.enabled = false (default)
recon_1     | 2021-08-25 23:00:39,174 [main] INFO net.NodeSchemaLoader: Loading schema from [file:/etc/hadoop/network-topology-default.xml, jar:file:/opt/hadoop/share/ozone/lib/hdds-common-1.2.0-SNAPSHOT.jar!/network-topology-default.xml]
datanode_3  | 2021-08-25 23:01:18,220 [pool-23-thread-1] INFO server.RaftServerConfigKeys: raft.server.log.segment.cache.num.max = 2 (custom)
datanode_3  | 2021-08-25 23:01:18,220 [pool-23-thread-1] INFO server.RaftServerConfigKeys: raft.server.log.segment.cache.size.max = 200MB (=209715200) (default)
kdc_1       | Aug 25 23:37:00 kdc krb5kdc[9](info): TGS_REQ (6 etypes {aes256-cts-hmac-sha1-96(18), aes128-cts-hmac-sha1-96(17), aes256-cts-hmac-sha384-192(20), aes128-cts-hmac-sha256-128(19), DEPRECATED:des3-cbc-sha1(16), DEPRECATED:arcfour-hmac(23)}) 172.18.0.4: ISSUE: authtime 1629934422, etypes {rep=aes256-cts-hmac-sha1-96(18), tkt=aes256-cts-hmac-sha1-96(18), ses=aes256-cts-hmac-sha1-96(18)}, testuser/scm@EXAMPLE.COM for om/om@EXAMPLE.COM
kdc_1       | Aug 25 23:37:08 kdc krb5kdc[9](info): TGS_REQ (6 etypes {aes256-cts-hmac-sha1-96(18), aes128-cts-hmac-sha1-96(17), aes256-cts-hmac-sha384-192(20), aes128-cts-hmac-sha256-128(19), DEPRECATED:des3-cbc-sha1(16), DEPRECATED:arcfour-hmac(23)}) 172.18.0.4: ISSUE: authtime 1629934422, etypes {rep=aes256-cts-hmac-sha1-96(18), tkt=aes256-cts-hmac-sha1-96(18), ses=aes256-cts-hmac-sha1-96(18)}, testuser/scm@EXAMPLE.COM for om/om@EXAMPLE.COM
kdc_1       | Aug 25 23:37:15 kdc krb5kdc[9](info): TGS_REQ (6 etypes {aes256-cts-hmac-sha1-96(18), aes128-cts-hmac-sha1-96(17), aes256-cts-hmac-sha384-192(20), aes128-cts-hmac-sha256-128(19), DEPRECATED:des3-cbc-sha1(16), DEPRECATED:arcfour-hmac(23)}) 172.18.0.4: ISSUE: authtime 1629934422, etypes {rep=aes256-cts-hmac-sha1-96(18), tkt=aes256-cts-hmac-sha1-96(18), ses=aes256-cts-hmac-sha1-96(18)}, testuser/scm@EXAMPLE.COM for om/om@EXAMPLE.COM
kdc_1       | Aug 25 23:37:23 kdc krb5kdc[9](info): TGS_REQ (6 etypes {aes256-cts-hmac-sha1-96(18), aes128-cts-hmac-sha1-96(17), aes256-cts-hmac-sha384-192(20), aes128-cts-hmac-sha256-128(19), DEPRECATED:des3-cbc-sha1(16), DEPRECATED:arcfour-hmac(23)}) 172.18.0.4: ISSUE: authtime 1629934422, etypes {rep=aes256-cts-hmac-sha1-96(18), tkt=aes256-cts-hmac-sha1-96(18), ses=aes256-cts-hmac-sha1-96(18)}, testuser/scm@EXAMPLE.COM for om/om@EXAMPLE.COM
scm_1       | STARTUP_MSG:   classpath = /etc/hadoop:/opt/hadoop/share/ozone/lib/hdds-interface-admin-1.2.0-SNAPSHOT.jar:/opt/hadoop/share/ozone/lib/jackson-annotations-2.12.1.jar:/opt/hadoop/share/ozone/lib/kerb-simplekdc-1.0.1.jar:/opt/hadoop/share/ozone/lib/slf4j-log4j12-1.7.30.jar:/opt/hadoop/share/ozone/lib/protobuf-java-2.5.0.jar:/opt/hadoop/share/ozone/lib/jaxb-core-2.3.0.1.jar:/opt/hadoop/share/ozone/lib/log4j-api-2.13.3.jar:/opt/hadoop/share/ozone/lib/istack-commons-runtime-3.0.5.jar:/opt/hadoop/share/ozone/lib/commons-validator-1.6.jar:/opt/hadoop/share/ozone/lib/bcpkix-jdk15on-1.67.jar:/opt/hadoop/share/ozone/lib/hdds-server-framework-1.2.0-SNAPSHOT.jar:/opt/hadoop/share/ozone/lib/jetty-security-9.4.43.v20210629.jar:/opt/hadoop/share/ozone/lib/kerb-core-1.0.1.jar:/opt/hadoop/share/ozone/lib/rocksdbjni-6.20.3.jar:/opt/hadoop/share/ozone/lib/picocli-4.4.0.jar:/opt/hadoop/share/ozone/lib/hdds-interface-server-1.2.0-SNAPSHOT.jar:/opt/hadoop/share/ozone/lib/hadoop-shaded-protobuf_3_7-1.1.1.jar:/opt/hadoop/share/ozone/lib/okhttp-4.9.0.jar:/opt/hadoop/share/ozone/lib/jsr305-3.0.0.jar:/opt/hadoop/share/ozone/lib/j2objc-annotations-1.3.jar:/opt/hadoop/share/ozone/lib/hdds-hadoop-dependency-server-1.2.0-SNAPSHOT.jar:/opt/hadoop/share/ozone/lib/javassist-3.21.0-GA.jar:/opt/hadoop/share/ozone/lib/jaxb-api-2.3.0.jar:/opt/hadoop/share/ozone/lib/htrace-core4-4.1.0-incubating.jar:/opt/hadoop/share/ozone/lib/ratis-metrics-2.1.0-03f3b68-SNAPSHOT.jar:/opt/hadoop/share/ozone/lib/commons-io-2.8.0.jar:/opt/hadoop/share/ozone/lib/kerb-util-1.0.1.jar:/opt/hadoop/share/ozone/lib/kotlin-stdlib-common-1.4.31.jar:/opt/hadoop/share/ozone/lib/ratis-netty-2.1.0-03f3b68-SNAPSHOT.jar:/opt/hadoop/share/ozone/lib/checker-qual-3.8.0.jar:/opt/hadoop/share/ozone/lib/hadoop-shaded-guava-1.1.1.jar:/opt/hadoop/share/ozone/lib/commons-logging-1.2.jar:/opt/hadoop/share/ozone/lib/kerby-xdr-1.0.1.jar:/opt/hadoop/share/ozone/lib/ratis-server-2.1.0-03f3b68-SNAPSHOT.jar:/opt/hadoop/share/ozone/lib/netty-buffer-4.1.63.Final.jar:/opt/hadoop/share/ozone/lib/txw2-2.3.0.1.jar:/opt/hadoop/share/ozone/lib/jackson-datatype-jsr310-2.12.1.jar:/opt/hadoop/share/ozone/lib/httpcore-4.4.13.jar:/opt/hadoop/share/ozone/lib/opentracing-tracerresolver-0.1.8.jar:/opt/hadoop/share/ozone/lib/commons-net-3.6.jar:/opt/hadoop/share/ozone/lib/hdds-client-1.2.0-SNAPSHOT.jar:/opt/hadoop/share/ozone/lib/libthrift-0.14.1.jar:/opt/hadoop/share/ozone/lib/snakeyaml-1.26.jar:/opt/hadoop/share/ozone/lib/stax-ex-1.7.8.jar:/opt/hadoop/share/ozone/lib/error_prone_annotations-2.2.0.jar:/opt/hadoop/share/ozone/lib/httpclient-4.5.13.jar:/opt/hadoop/share/ozone/lib/jetty-servlet-9.4.43.v20210629.jar:/opt/hadoop/share/ozone/lib/jaeger-client-1.6.0.jar:/opt/hadoop/share/ozone/lib/kerby-config-1.0.1.jar:/opt/hadoop/share/ozone/lib/metrics-core-3.2.4.jar:/opt/hadoop/share/ozone/lib/kerby-pkix-1.0.1.jar:/opt/hadoop/share/ozone/lib/netty-codec-4.1.63.Final.jar:/opt/hadoop/share/ozone/lib/jsr311-api-1.1.1.jar:/opt/hadoop/share/ozone/lib/commons-beanutils-1.9.4.jar:/opt/hadoop/share/ozone/lib/jetty-webapp-9.4.43.v20210629.jar:/opt/hadoop/share/ozone/lib/ratis-proto-2.1.0-03f3b68-SNAPSHOT.jar:/opt/hadoop/share/ozone/lib/ratis-client-2.1.0-03f3b68-SNAPSHOT.jar:/opt/hadoop/share/ozone/lib/javax.servlet-api-3.1.0.jar:/opt/hadoop/share/ozone/lib/kerb-server-1.0.1.jar:/opt/hadoop/share/ozone/lib/guava-30.1.1-jre.jar:/opt/hadoop/share/ozone/lib/kerb-client-1.0.1.jar:/opt/hadoop/share/ozone/lib/jackson-core-2.12.1.jar:/opt/hadoop/share/ozone/lib/netty-transport-4.1.63.Final.jar:/opt/hadoop/share/ozone/lib/netty-common-4.1.63.Final.jar:/opt/hadoop/share/ozone/lib/disruptor-3.4.2.jar:/opt/hadoop/share/ozone/lib/reflections-0.9.11.jar:/opt/hadoop/share/ozone/lib/log4j-core-2.13.3.jar:/opt/hadoop/share/ozone/lib/jetty-io-9.4.43.v20210629.jar:/opt/hadoop/share/ozone/lib/hadoop-hdfs-3.3.1.jar:/opt/hadoop/share/ozone/lib/annotations-13.0.jar:/opt/hadoop/share/ozone/lib/jetty-server-9.4.43.v20210629.jar:/opt/hadoop/share/ozone/lib/simpleclient_common-0.7.0.jar:/opt/hadoop/share/ozone/lib/jackson-databind-2.12.1.jar:/opt/hadoop/share/ozone/lib/jaeger-thrift-1.6.0.jar:/opt/hadoop/share/ozone/lib/hadoop-common-3.3.1.jar:/opt/hadoop/share/ozone/lib/dnsjava-2.1.7.jar:/opt/hadoop/share/ozone/lib/bcprov-jdk15on-1.67.jar:/opt/hadoop/share/ozone/lib/commons-configuration2-2.1.1.jar:/opt/hadoop/share/ozone/lib/json-smart-2.3.jar:/opt/hadoop/share/ozone/lib/token-provider-1.0.1.jar:/opt/hadoop/share/ozone/lib/log4j-1.2.17.jar:/opt/hadoop/share/ozone/lib/commons-daemon-1.0.13.jar:/opt/hadoop/share/ozone/lib/listenablefuture-9999.0-empty-to-avoid-conflict-with-guava.jar:/opt/hadoop/share/ozone/lib/jaeger-tracerresolver-1.6.0.jar:/opt/hadoop/share/ozone/lib/jetty-xml-9.4.43.v20210629.jar:/opt/hadoop/share/ozone/lib/commons-lang3-3.7.jar:/opt/hadoop/share/ozone/lib/hdds-common-1.2.0-SNAPSHOT.jar:/opt/hadoop/share/ozone/lib/accessors-smart-1.2.jar:/opt/hadoop/share/ozone/lib/re2j-1.1.jar:/opt/hadoop/share/ozone/lib/commons-math3-3.1.1.jar:/opt/hadoop/share/ozone/lib/ratis-thirdparty-misc-0.7.0.jar:/opt/hadoop/share/ozone/lib/simpleclient_dropwizard-0.7.0.jar:/opt/hadoop/share/ozone/lib/simpleclient-0.7.0.jar:/opt/hadoop/share/ozone/lib/asm-5.0.4.jar:/opt/hadoop/share/ozone/lib/kerby-util-1.0.1.jar:/opt/hadoop/share/ozone/lib/hdds-hadoop-dependency-client-1.2.0-SNAPSHOT.jar:/opt/hadoop/share/ozone/lib/failureaccess-1.0.1.jar:/opt/hadoop/share/ozone/lib/okio-2.8.0.jar:/opt/hadoop/share/ozone/lib/hdds-config-1.2.0-SNAPSHOT.jar:/opt/hadoop/share/ozone/lib/jsp-api-2.1.jar:/opt/hadoop/share/ozone/lib/jsch-0.1.54.jar:/opt/hadoop/share/ozone/lib/jetty-http-9.4.43.v20210629.jar:/opt/hadoop/share/ozone/lib/jakarta.activation-api-1.2.1.jar:/opt/hadoop/share/ozone/lib/slf4j-api-1.7.30.jar:/opt/hadoop/share/ozone/lib/hadoop-hdfs-client-3.3.1.jar:/opt/hadoop/share/ozone/lib/nimbus-jose-jwt-7.9.jar:/opt/hadoop/share/ozone/lib/commons-codec-1.11.jar:/opt/hadoop/share/ozone/lib/commons-pool2-2.6.0.jar:/opt/hadoop/share/ozone/lib/gson-2.2.4.jar:/opt/hadoop/share/ozone/lib/jetty-util-9.4.43.v20210629.jar:/opt/hadoop/share/ozone/lib/netty-handler-4.1.63.Final.jar:/opt/hadoop/share/ozone/lib/opentracing-api-0.33.0.jar:/opt/hadoop/share/ozone/lib/jetty-util-ajax-9.4.43.v20210629.jar:/opt/hadoop/share/ozone/lib/hdds-interface-client-1.2.0-SNAPSHOT.jar:/opt/hadoop/share/ozone/lib/jcip-annotations-1.0-1.jar:/opt/hadoop/share/ozone/lib/kerb-admin-1.0.1.jar:/opt/hadoop/share/ozone/lib/netty-resolver-4.1.63.Final.jar:/opt/hadoop/share/ozone/lib/kotlin-stdlib-1.4.31.jar:/opt/hadoop/share/ozone/lib/opentracing-noop-0.33.0.jar:/opt/hadoop/share/ozone/lib/jersey-core-1.19.jar:/opt/hadoop/share/ozone/lib/jaxb-runtime-2.3.0.1.jar:/opt/hadoop/share/ozone/lib/ratis-grpc-2.1.0-03f3b68-SNAPSHOT.jar:/opt/hadoop/share/ozone/lib/opentracing-util-0.33.0.jar:/opt/hadoop/share/ozone/lib/snappy-java-1.1.8.2.jar:/opt/hadoop/share/ozone/lib/commons-cli-1.2.jar:/opt/hadoop/share/ozone/lib/woodstox-core-5.0.3.jar:/opt/hadoop/share/ozone/lib/javax.annotation-api-1.2.jar:/opt/hadoop/share/ozone/lib/kerby-asn1-1.0.1.jar:/opt/hadoop/share/ozone/lib/hadoop-annotations-3.3.1.jar:/opt/hadoop/share/ozone/lib/hdds-container-service-1.2.0-SNAPSHOT.jar:/opt/hadoop/share/ozone/lib/stax2-api-3.1.4.jar:/opt/hadoop/share/ozone/lib/commons-digester-1.8.1.jar:/opt/hadoop/share/ozone/lib/commons-collections-3.2.2.jar:/opt/hadoop/share/ozone/lib/jaeger-core-1.6.0.jar:/opt/hadoop/share/ozone/lib/ratis-server-api-2.1.0-03f3b68-SNAPSHOT.jar:/opt/hadoop/share/ozone/lib/commons-text-1.4.jar:/opt/hadoop/share/ozone/lib/jersey-servlet-1.19.jar:/opt/hadoop/share/ozone/lib/hadoop-auth-3.3.1.jar:/opt/hadoop/share/ozone/lib/kerb-identity-1.0.1.jar:/opt/hadoop/share/ozone/lib/FastInfoset-1.2.13.jar:/opt/hadoop/share/ozone/lib/ratis-common-2.1.0-03f3b68-SNAPSHOT.jar:/opt/hadoop/share/ozone/lib/kerb-common-1.0.1.jar:/opt/hadoop/share/ozone/lib/jersey-server-1.19.jar:/opt/hadoop/share/ozone/lib/commons-compress-1.20.jar:/opt/hadoop/share/ozone/lib/kerb-crypto-1.0.1.jar:/opt/hadoop/share/ozone/web:/opt/hadoop/share/ozone/lib/hdds-server-scm-1.2.0-SNAPSHOT.jar
scm_1       | STARTUP_MSG:   build = https://github.com/apache/ozone/af6c0180b22fe3688314eb04a9447e48c8f384d3 ; compiled by 'runner' on 2021-08-25T22:48Z
om_1        | 2021-08-25 23:01:25,792 [pool-24-thread-1] INFO segmented.SegmentedRaftLogWorker: om1@group-C5BA1605619E-SegmentedRaftLogWorker: flushIndex: setUnconditionally 0 -> -1
om_1        | 2021-08-25 23:01:25,803 [pool-24-thread-1] INFO segmented.SegmentedRaftLogWorker: om1@group-C5BA1605619E-SegmentedRaftLogWorker: safeCacheEvictIndex: setUnconditionally 0 -> -1
om_1        | 2021-08-25 23:01:25,834 [pool-24-thread-1] INFO server.RaftServerConfigKeys: raft.server.snapshot.auto.trigger.enabled = true (custom)
datanode_2  | 2021-08-25 23:01:46,486 [Command processor thread] INFO server.RaftServer: 470578f6-56b5-4508-b3b4-d101688acd62: addNew group-6D7E46336959:[470578f6-56b5-4508-b3b4-d101688acd62|rpc:172.18.0.7:9856|admin:172.18.0.7:9857|client:172.18.0.7:9858|priority:1] returns group-6D7E46336959:java.util.concurrent.CompletableFuture@7990ccb0[Not completed]
datanode_2  | 2021-08-25 23:01:46,505 [pool-23-thread-1] INFO server.RaftServer$Division: 470578f6-56b5-4508-b3b4-d101688acd62: new RaftServerImpl for group-6D7E46336959:[470578f6-56b5-4508-b3b4-d101688acd62|rpc:172.18.0.7:9856|admin:172.18.0.7:9857|client:172.18.0.7:9858|priority:1] with ContainerStateMachine:uninitialized
datanode_1  | 2021-08-25 23:01:17,974 [Command processor thread] INFO commandhandler.CreatePipelineCommandHandler: Created Pipeline RATIS ONE PipelineID=b1697f45-7248-4e1f-9179-37154dc2355b.
datanode_3  | 2021-08-25 23:01:18,220 [pool-23-thread-1] INFO segmented.SegmentedRaftLogWorker: new 42eddec8-678e-4d5f-b409-31c5d601ccf6@group-0FDB9E0B72EB-SegmentedRaftLogWorker for RaftStorageImpl:Storage Directory /data/metadata/ratis/9509d86c-2edf-4044-9388-0fdb9e0b72eb
datanode_3  | 2021-08-25 23:01:18,220 [pool-23-thread-1] INFO server.RaftServerConfigKeys: raft.server.log.queue.byte-limit = 2147483647 (custom)
kdc_1       | Aug 25 23:37:31 kdc krb5kdc[9](info): TGS_REQ (6 etypes {aes256-cts-hmac-sha1-96(18), aes128-cts-hmac-sha1-96(17), aes256-cts-hmac-sha384-192(20), aes128-cts-hmac-sha256-128(19), DEPRECATED:des3-cbc-sha1(16), DEPRECATED:arcfour-hmac(23)}) 172.18.0.4: ISSUE: authtime 1629934422, etypes {rep=aes256-cts-hmac-sha1-96(18), tkt=aes256-cts-hmac-sha1-96(18), ses=aes256-cts-hmac-sha1-96(18)}, testuser/scm@EXAMPLE.COM for om/om@EXAMPLE.COM
scm_1       | STARTUP_MSG:   java = 11.0.10
scm_1       | ************************************************************/
scm_1       | 2021-08-25 23:00:42,922 [main] INFO server.StorageContainerManagerStarter: registered UNIX signal handlers for [TERM, HUP, INT]
recon_1     | 2021-08-25 23:00:39,178 [main] INFO net.NodeSchemaLoader: Loading network topology layer schema file
recon_1     | 2021-08-25 23:00:39,392 [main] WARN db.DBStoreBuilder: ozone.recon.scm.db.dirs is not configured. We recommend adding this setting. Falling back to ozone.metadata.dirs instead.
recon_1     | 2021-08-25 23:00:39,681 [main] INFO upgrade.AbstractLayoutVersionManager: Initializing Layout version manager with metadata layout = SCM_HA (version = 2), software layout = SCM_HA (version = 2)
scm_1       | 2021-08-25 23:00:43,059 [main] INFO ha.SCMHANodeDetails: ServiceID for StorageContainerManager is null
scm_1       | 2021-08-25 23:00:43,062 [main] INFO ha.SCMHANodeDetails: ozone.scm.default.service.id is not defined, falling back to ozone.scm.service.ids to find serviceID for StorageContainerManager if it is HA enabled cluster
recon_1     | 2021-08-25 23:00:39,966 [main] INFO reflections.Reflections: Reflections took 251 ms to scan 3 urls, producing 104 keys and 214 values 
datanode_3  | 2021-08-25 23:01:18,220 [pool-23-thread-1] INFO server.RaftServerConfigKeys: raft.server.log.queue.element-limit = 1024 (custom)
kdc_1       | Aug 25 23:37:39 kdc krb5kdc[9](info): TGS_REQ (6 etypes {aes256-cts-hmac-sha1-96(18), aes128-cts-hmac-sha1-96(17), aes256-cts-hmac-sha384-192(20), aes128-cts-hmac-sha256-128(19), DEPRECATED:des3-cbc-sha1(16), DEPRECATED:arcfour-hmac(23)}) 172.18.0.4: ISSUE: authtime 1629934422, etypes {rep=aes256-cts-hmac-sha1-96(18), tkt=aes256-cts-hmac-sha1-96(18), ses=aes256-cts-hmac-sha1-96(18)}, testuser/scm@EXAMPLE.COM for om/om@EXAMPLE.COM
kdc_1       | Aug 25 23:37:46 kdc krb5kdc[9](info): TGS_REQ (6 etypes {aes256-cts-hmac-sha1-96(18), aes128-cts-hmac-sha1-96(17), aes256-cts-hmac-sha384-192(20), aes128-cts-hmac-sha256-128(19), DEPRECATED:des3-cbc-sha1(16), DEPRECATED:arcfour-hmac(23)}) 172.18.0.4: ISSUE: authtime 1629934422, etypes {rep=aes256-cts-hmac-sha1-96(18), tkt=aes256-cts-hmac-sha1-96(18), ses=aes256-cts-hmac-sha1-96(18)}, testuser/scm@EXAMPLE.COM for om/om@EXAMPLE.COM
kdc_1       | Aug 25 23:37:48 kdc krb5kdc[9](info): AS_REQ (8 etypes {aes256-cts-hmac-sha1-96(18), aes128-cts-hmac-sha1-96(17), aes256-cts-hmac-sha384-192(20), aes128-cts-hmac-sha256-128(19), DEPRECATED:des3-cbc-sha1(16), DEPRECATED:arcfour-hmac(23), camellia128-cts-cmac(25), camellia256-cts-cmac(26)}) 172.18.0.4: ISSUE: authtime 1629934668, etypes {rep=aes256-cts-hmac-sha1-96(18), tkt=aes256-cts-hmac-sha1-96(18), ses=aes256-cts-hmac-sha1-96(18)}, testuser/scm@EXAMPLE.COM for krbtgt/EXAMPLE.COM@EXAMPLE.COM
datanode_1  | 2021-08-25 23:01:17,976 [Command processor thread] INFO server.RaftServer: ca4ba8a9-e62a-458c-b952-f05a3783b15d: addNew group-0FDB9E0B72EB:[42eddec8-678e-4d5f-b409-31c5d601ccf6|rpc:172.18.0.8:9856|admin:172.18.0.8:9857|client:172.18.0.8:9858|priority:0, 470578f6-56b5-4508-b3b4-d101688acd62|rpc:172.18.0.7:9856|admin:172.18.0.7:9857|client:172.18.0.7:9858|priority:0, ca4ba8a9-e62a-458c-b952-f05a3783b15d|rpc:172.18.0.9:9856|admin:172.18.0.9:9857|client:172.18.0.9:9858|priority:1] returns group-0FDB9E0B72EB:java.util.concurrent.CompletableFuture@2ab539ce[Not completed]
datanode_1  | 2021-08-25 23:01:17,988 [pool-23-thread-1] INFO server.RaftServer$Division: ca4ba8a9-e62a-458c-b952-f05a3783b15d: new RaftServerImpl for group-0FDB9E0B72EB:[42eddec8-678e-4d5f-b409-31c5d601ccf6|rpc:172.18.0.8:9856|admin:172.18.0.8:9857|client:172.18.0.8:9858|priority:0, 470578f6-56b5-4508-b3b4-d101688acd62|rpc:172.18.0.7:9856|admin:172.18.0.7:9857|client:172.18.0.7:9858|priority:0, ca4ba8a9-e62a-458c-b952-f05a3783b15d|rpc:172.18.0.9:9856|admin:172.18.0.9:9857|client:172.18.0.9:9858|priority:1] with ContainerStateMachine:uninitialized
datanode_1  | 2021-08-25 23:01:18,012 [pool-23-thread-1] INFO server.RaftServerConfigKeys: raft.server.rpc.timeout.min = 5s (custom)
kdc_1       | Aug 25 23:37:54 kdc krb5kdc[9](info): TGS_REQ (6 etypes {aes256-cts-hmac-sha1-96(18), aes128-cts-hmac-sha1-96(17), aes256-cts-hmac-sha384-192(20), aes128-cts-hmac-sha256-128(19), DEPRECATED:des3-cbc-sha1(16), DEPRECATED:arcfour-hmac(23)}) 172.18.0.4: ISSUE: authtime 1629934668, etypes {rep=aes256-cts-hmac-sha1-96(18), tkt=aes256-cts-hmac-sha1-96(18), ses=aes256-cts-hmac-sha1-96(18)}, testuser/scm@EXAMPLE.COM for om/om@EXAMPLE.COM
scm_1       | 2021-08-25 23:00:43,260 [main] WARN server.ServerUtils: ozone.scm.db.dirs is not configured. We recommend adding this setting. Falling back to ozone.metadata.dirs instead.
scm_1       | 2021-08-25 23:00:43,343 [main] INFO upgrade.AbstractLayoutVersionManager: Initializing Layout version manager with metadata layout = SCM_HA (version = 2), software layout = SCM_HA (version = 2)
datanode_1  | 2021-08-25 23:01:18,014 [pool-23-thread-1] INFO server.RaftServerConfigKeys: raft.server.rpc.timeout.max = 5200ms (custom)
datanode_1  | 2021-08-25 23:01:18,018 [pool-23-thread-1] INFO server.RaftServerConfigKeys: raft.server.rpc.sleep.time = 25ms (default)
om_1        | 2021-08-25 23:01:25,864 [pool-24-thread-1] INFO server.RaftServerConfigKeys: raft.server.snapshot.auto.trigger.threshold = 400000 (default)
om_1        | 2021-08-25 23:01:25,868 [pool-24-thread-1] INFO server.RaftServerConfigKeys: raft.server.snapshot.retention.file.num = -1 (default)
kdc_1       | Aug 25 23:38:01 kdc krb5kdc[9](info): TGS_REQ (6 etypes {aes256-cts-hmac-sha1-96(18), aes128-cts-hmac-sha1-96(17), aes256-cts-hmac-sha384-192(20), aes128-cts-hmac-sha256-128(19), DEPRECATED:des3-cbc-sha1(16), DEPRECATED:arcfour-hmac(23)}) 172.18.0.4: ISSUE: authtime 1629934668, etypes {rep=aes256-cts-hmac-sha1-96(18), tkt=aes256-cts-hmac-sha1-96(18), ses=aes256-cts-hmac-sha1-96(18)}, testuser/scm@EXAMPLE.COM for om/om@EXAMPLE.COM
scm_1       | 2021-08-25 23:00:43,933 [main] INFO reflections.Reflections: Reflections took 262 ms to scan 3 urls, producing 104 keys and 214 values 
recon_1     | 2021-08-25 23:00:40,131 [main] INFO ha.SequenceIdGenerator: Init the HA SequenceIdGenerator.
recon_1     | 2021-08-25 23:00:40,180 [main] WARN server.ServerUtils: ozone.scm.stale.node.interval value = 30000 is smaller than min = 90000 based on the key value of hdds.heartbeat.interval, reset to the min value 90000.
recon_1     | 2021-08-25 23:00:40,180 [main] WARN server.ServerUtils: ozone.scm.stale.node.interval value = 30000 is smaller than min = 90000 based on the key value of hdds.heartbeat.interval, reset to the min value 90000.
datanode_3  | 2021-08-25 23:01:18,220 [pool-23-thread-1] INFO server.RaftServerConfigKeys: raft.server.log.segment.size.max = 1048576 (custom)
datanode_3  | 2021-08-25 23:01:18,220 [pool-23-thread-1] INFO server.RaftServerConfigKeys: raft.server.log.preallocated.size = 16384 (custom)
datanode_3  | 2021-08-25 23:01:18,220 [pool-23-thread-1] INFO server.RaftServerConfigKeys: raft.server.log.force.sync.num = 128 (default)
datanode_3  | 2021-08-25 23:01:18,221 [pool-23-thread-1] INFO server.RaftServerConfigKeys: raft.server.log.statemachine.data.sync = true (default)
datanode_3  | 2021-08-25 23:01:18,221 [pool-23-thread-1] INFO server.RaftServerConfigKeys: raft.server.log.statemachine.data.sync.timeout = 10s (default)
datanode_3  | 2021-08-25 23:01:18,221 [pool-23-thread-1] INFO server.RaftServerConfigKeys: raft.server.log.statemachine.data.sync.timeout.retry = -1 (default)
datanode_3  | 2021-08-25 23:01:18,263 [pool-23-thread-1] INFO server.RaftServerConfigKeys: raft.server.log.write.buffer.size = 1048576 (custom)
recon_1     | 2021-08-25 23:00:40,181 [main] WARN server.ServerUtils: ozone.scm.dead.node.interval value = 45000 is smaller than min = 180000 based on the key value of ozone.scm.stale.node.interval, reset to the min value 180000.
recon_1     | 2021-08-25 23:00:40,186 [main] INFO node.SCMNodeManager: Entering startup safe mode.
recon_1     | 2021-08-25 23:00:40,196 [main] INFO scm.ReconNodeManager: Loaded 0 nodes from node DB.
kdc_1       | Aug 25 23:38:09 kdc krb5kdc[9](info): TGS_REQ (6 etypes {aes256-cts-hmac-sha1-96(18), aes128-cts-hmac-sha1-96(17), aes256-cts-hmac-sha384-192(20), aes128-cts-hmac-sha256-128(19), DEPRECATED:des3-cbc-sha1(16), DEPRECATED:arcfour-hmac(23)}) 172.18.0.4: ISSUE: authtime 1629934668, etypes {rep=aes256-cts-hmac-sha1-96(18), tkt=aes256-cts-hmac-sha1-96(18), ses=aes256-cts-hmac-sha1-96(18)}, testuser/scm@EXAMPLE.COM for om/om@EXAMPLE.COM
kdc_1       | Aug 25 23:38:15 kdc krb5kdc[9](info): TGS_REQ (6 etypes {aes256-cts-hmac-sha1-96(18), aes128-cts-hmac-sha1-96(17), aes256-cts-hmac-sha384-192(20), aes128-cts-hmac-sha256-128(19), DEPRECATED:des3-cbc-sha1(16), DEPRECATED:arcfour-hmac(23)}) 172.18.0.4: ISSUE: authtime 1629934668, etypes {rep=aes256-cts-hmac-sha1-96(18), tkt=aes256-cts-hmac-sha1-96(18), ses=aes256-cts-hmac-sha1-96(18)}, testuser/scm@EXAMPLE.COM for om/om@EXAMPLE.COM
datanode_1  | 2021-08-25 23:01:18,018 [pool-23-thread-1] INFO server.RaftServerConfigKeys: raft.server.rpc.slowness.timeout = 300s (custom)
datanode_1  | 2021-08-25 23:01:18,018 [pool-23-thread-1] INFO server.RaftServerConfigKeys: raft.server.leaderelection.leader.step-down.wait-time = 10s (default)
om_1        | 2021-08-25 23:01:25,869 [pool-24-thread-1] INFO server.RaftServerConfigKeys: raft.server.log.purge.upto.snapshot.index = true (custom)
om_1        | 2021-08-25 23:01:25,885 [pool-24-thread-1] INFO server.RaftServerConfigKeys: raft.server.retrycache.expirytime = 300s (custom)
datanode_2  | 2021-08-25 23:01:46,507 [pool-23-thread-1] INFO server.RaftServerConfigKeys: raft.server.rpc.timeout.min = 5s (custom)
datanode_2  | 2021-08-25 23:01:46,509 [pool-23-thread-1] INFO server.RaftServerConfigKeys: raft.server.rpc.timeout.max = 5200ms (custom)
datanode_2  | 2021-08-25 23:01:46,509 [pool-23-thread-1] INFO server.RaftServerConfigKeys: raft.server.rpc.sleep.time = 25ms (default)
recon_1     | 2021-08-25 23:00:40,201 [main] INFO algorithms.ContainerPlacementPolicyFactory: Create container placement policy of type org.apache.hadoop.hdds.scm.container.placement.algorithms.SCMContainerPlacementRandom
recon_1     | 2021-08-25 23:00:40,244 [main] INFO ipc.CallQueueManager: Using callQueue: class java.util.concurrent.LinkedBlockingQueue, queueCapacity: 10000, scheduler: class org.apache.hadoop.ipc.DefaultRpcScheduler, ipcBackoff: false.
recon_1     | 2021-08-25 23:00:40,342 [Socket Reader #1 for port 9891] INFO ipc.Server: Starting Socket Reader #1 for port 9891
recon_1     | 2021-08-25 23:00:40,456 [Listener at 0.0.0.0/9891] INFO pipeline.PipelineStateManager: No pipeline exists in current db
datanode_3  | 2021-08-25 23:01:18,266 [pool-23-thread-1] INFO server.RaftServerConfigKeys: raft.server.log.statemachine.data.caching.enabled = true (custom)
datanode_3  | 2021-08-25 23:01:18,278 [pool-23-thread-1] INFO segmented.SegmentedRaftLogWorker: 42eddec8-678e-4d5f-b409-31c5d601ccf6@group-0FDB9E0B72EB-SegmentedRaftLogWorker: flushIndex: setUnconditionally 0 -> -1
datanode_3  | 2021-08-25 23:01:18,278 [pool-23-thread-1] INFO segmented.SegmentedRaftLogWorker: 42eddec8-678e-4d5f-b409-31c5d601ccf6@group-0FDB9E0B72EB-SegmentedRaftLogWorker: safeCacheEvictIndex: setUnconditionally 0 -> -1
datanode_3  | 2021-08-25 23:01:18,282 [pool-23-thread-1] INFO server.RaftServerConfigKeys: raft.server.snapshot.auto.trigger.enabled = true (custom)
datanode_1  | 2021-08-25 23:01:18,019 [pool-23-thread-1] INFO server.RaftServerConfigKeys: raft.server.sleep.deviation.threshold = 300ms (default)
datanode_1  | 2021-08-25 23:01:18,020 [pool-23-thread-1] INFO server.RaftServerConfigKeys: raft.server.log.appender.install.snapshot.enabled = false (custom)
datanode_1  | 2021-08-25 23:01:18,020 [pool-23-thread-1] INFO server.RaftServer$Division: ca4ba8a9-e62a-458c-b952-f05a3783b15d@group-0FDB9E0B72EB: ConfigurationManager, init=-1: [42eddec8-678e-4d5f-b409-31c5d601ccf6|rpc:172.18.0.8:9856|admin:172.18.0.8:9857|client:172.18.0.8:9858|priority:0, 470578f6-56b5-4508-b3b4-d101688acd62|rpc:172.18.0.7:9856|admin:172.18.0.7:9857|client:172.18.0.7:9858|priority:0, ca4ba8a9-e62a-458c-b952-f05a3783b15d|rpc:172.18.0.9:9856|admin:172.18.0.9:9857|client:172.18.0.9:9858|priority:1], old=null, confs=<EMPTY_MAP>
scm_1       | 2021-08-25 23:00:45,043 [main] INFO client.SCMCertificateClient: Loading certificate from location:/data/metadata/scm/sub-ca/certs.
om_1        | 2021-08-25 23:01:25,906 [pool-24-thread-1] INFO server.RaftServerConfigKeys: raft.server.retrycache.statistics.expirytime = 100?s (default)
om_1        | 2021-08-25 23:01:26,436 [Listener at om/9862] INFO impl.MetricsConfig: Loaded properties from hadoop-metrics2.properties
om_1        | 2021-08-25 23:01:26,538 [Listener at om/9862] INFO impl.MetricsSystemImpl: Scheduled Metric snapshot period at 10 second(s).
kdc_1       | Aug 25 23:38:23 kdc krb5kdc[9](info): TGS_REQ (6 etypes {aes256-cts-hmac-sha1-96(18), aes128-cts-hmac-sha1-96(17), aes256-cts-hmac-sha384-192(20), aes128-cts-hmac-sha256-128(19), DEPRECATED:des3-cbc-sha1(16), DEPRECATED:arcfour-hmac(23)}) 172.18.0.4: ISSUE: authtime 1629934668, etypes {rep=aes256-cts-hmac-sha1-96(18), tkt=aes256-cts-hmac-sha1-96(18), ses=aes256-cts-hmac-sha1-96(18)}, testuser/scm@EXAMPLE.COM for om/om@EXAMPLE.COM
kdc_1       | Aug 25 23:38:30 kdc krb5kdc[9](info): TGS_REQ (6 etypes {aes256-cts-hmac-sha1-96(18), aes128-cts-hmac-sha1-96(17), aes256-cts-hmac-sha384-192(20), aes128-cts-hmac-sha256-128(19), DEPRECATED:des3-cbc-sha1(16), DEPRECATED:arcfour-hmac(23)}) 172.18.0.4: ISSUE: authtime 1629934668, etypes {rep=aes256-cts-hmac-sha1-96(18), tkt=aes256-cts-hmac-sha1-96(18), ses=aes256-cts-hmac-sha1-96(18)}, testuser/scm@EXAMPLE.COM for om/om@EXAMPLE.COM
kdc_1       | Aug 25 23:38:38 kdc krb5kdc[9](info): TGS_REQ (6 etypes {aes256-cts-hmac-sha1-96(18), aes128-cts-hmac-sha1-96(17), aes256-cts-hmac-sha384-192(20), aes128-cts-hmac-sha256-128(19), DEPRECATED:des3-cbc-sha1(16), DEPRECATED:arcfour-hmac(23)}) 172.18.0.4: ISSUE: authtime 1629934668, etypes {rep=aes256-cts-hmac-sha1-96(18), tkt=aes256-cts-hmac-sha1-96(18), ses=aes256-cts-hmac-sha1-96(18)}, testuser/scm@EXAMPLE.COM for om/om@EXAMPLE.COM
kdc_1       | Aug 25 23:41:47 kdc krb5kdc[9](info): TGS_REQ (6 etypes {aes256-cts-hmac-sha1-96(18), aes128-cts-hmac-sha1-96(17), aes256-cts-hmac-sha384-192(20), aes128-cts-hmac-sha256-128(19), DEPRECATED:des3-cbc-sha1(16), DEPRECATED:arcfour-hmac(23)}) 172.18.0.4: ISSUE: authtime 1629934668, etypes {rep=aes256-cts-hmac-sha1-96(18), tkt=aes256-cts-hmac-sha1-96(18), ses=aes256-cts-hmac-sha1-96(18)}, testuser/scm@EXAMPLE.COM for om/om@EXAMPLE.COM
kdc_1       | Aug 25 23:41:49 kdc krb5kdc[9](info): AS_REQ (8 etypes {aes256-cts-hmac-sha1-96(18), aes128-cts-hmac-sha1-96(17), aes256-cts-hmac-sha384-192(20), aes128-cts-hmac-sha256-128(19), DEPRECATED:des3-cbc-sha1(16), DEPRECATED:arcfour-hmac(23), camellia128-cts-cmac(25), camellia256-cts-cmac(26)}) 172.18.0.4: ISSUE: authtime 1629934909, etypes {rep=aes256-cts-hmac-sha1-96(18), tkt=aes256-cts-hmac-sha1-96(18), ses=aes256-cts-hmac-sha1-96(18)}, testuser/scm@EXAMPLE.COM for krbtgt/EXAMPLE.COM@EXAMPLE.COM
datanode_2  | 2021-08-25 23:01:46,509 [pool-23-thread-1] INFO server.RaftServerConfigKeys: raft.server.rpc.slowness.timeout = 300s (custom)
datanode_2  | 2021-08-25 23:01:46,509 [pool-23-thread-1] INFO server.RaftServerConfigKeys: raft.server.leaderelection.leader.step-down.wait-time = 10s (default)
datanode_2  | 2021-08-25 23:01:46,510 [pool-23-thread-1] INFO server.RaftServerConfigKeys: raft.server.sleep.deviation.threshold = 300ms (default)
datanode_3  | 2021-08-25 23:01:18,282 [pool-23-thread-1] INFO server.RaftServerConfigKeys: raft.server.snapshot.auto.trigger.threshold = 10000 (custom)
datanode_3  | 2021-08-25 23:01:18,283 [pool-23-thread-1] INFO server.RaftServerConfigKeys: raft.server.snapshot.retention.file.num = 5 (custom)
datanode_3  | 2021-08-25 23:01:18,292 [pool-23-thread-1] INFO server.RaftServerConfigKeys: raft.server.log.purge.upto.snapshot.index = false (default)
datanode_3  | 2021-08-25 23:01:18,292 [pool-23-thread-1] INFO server.RaftServerConfigKeys: raft.server.retrycache.expirytime = 600000ms (custom)
recon_1     | 2021-08-25 23:00:40,600 [Listener at 0.0.0.0/9891] INFO recon.ReconServer: Recon server initialized successfully!
recon_1     | 2021-08-25 23:00:40,600 [Listener at 0.0.0.0/9891] INFO recon.ReconServer: Starting Recon server
recon_1     | 2021-08-25 23:00:40,737 [Listener at 0.0.0.0/9891] INFO impl.MetricsConfig: Loaded properties from hadoop-metrics2.properties
recon_1     | 2021-08-25 23:00:40,775 [Listener at 0.0.0.0/9891] INFO impl.MetricsSystemImpl: Scheduled Metric snapshot period at 10 second(s).
scm_1       | 2021-08-25 23:00:45,216 [main] INFO client.SCMCertificateClient: Added certificate from file:/data/metadata/scm/sub-ca/certs/233931894420.crt.
scm_1       | 2021-08-25 23:00:45,226 [main] INFO client.SCMCertificateClient: Added certificate from file:/data/metadata/scm/sub-ca/certs/CA-1.crt.
scm_1       | 2021-08-25 23:00:45,230 [main] INFO client.SCMCertificateClient: Added certificate from file:/data/metadata/scm/sub-ca/certs/certificate.crt.
datanode_1  | 2021-08-25 23:01:18,021 [pool-23-thread-1] INFO server.RaftServerConfigKeys: raft.server.storage.dir = [/data/metadata/ratis] (custom)
om_1        | 2021-08-25 23:01:26,538 [Listener at om/9862] INFO impl.MetricsSystemImpl: OzoneManager metrics system started
om_1        | 2021-08-25 23:01:26,790 [Listener at om/9862] INFO om.OzoneManager: OzoneManager RPC server is listening at om/172.18.0.5:9862
datanode_2  | 2021-08-25 23:01:46,510 [pool-23-thread-1] INFO server.RaftServerConfigKeys: raft.server.log.appender.install.snapshot.enabled = false (custom)
datanode_3  | 2021-08-25 23:01:18,292 [pool-23-thread-1] INFO server.RaftServerConfigKeys: raft.server.retrycache.statistics.expirytime = 100?s (default)
