datanode3_1  | STARTUP_MSG:   classpath = /etc/hadoop:/opt/hadoop/share/hadoop/common/*:/opt/hadoop/share/ozone/lib/kerb-simplekdc-1.0.1.jar:/opt/hadoop/share/ozone/lib/okhttp-4.2.2.jar:/opt/hadoop/share/ozone/lib/jackson-databind-2.10.3.jar:/opt/hadoop/share/ozone/lib/hadoop-hdds-container-service-1.1.0-SNAPSHOT.jar:/opt/hadoop/share/ozone/lib/protobuf-java-2.5.0.jar:/opt/hadoop/share/ozone/lib/ratis-netty-1.1.0-11689cd-SNAPSHOT.jar:/opt/hadoop/share/ozone/lib/bcpkix-jdk15on-1.60.jar:/opt/hadoop/share/ozone/lib/log4j-api-2.13.3.jar:/opt/hadoop/share/ozone/lib/netty-3.10.5.Final.jar:/opt/hadoop/share/ozone/lib/commons-validator-1.6.jar:/opt/hadoop/share/ozone/lib/jaxb-impl-2.3.0.1.jar:/opt/hadoop/share/ozone/lib/kotlin-stdlib-common-1.3.50.jar:/opt/hadoop/share/ozone/lib/kerb-core-1.0.1.jar:/opt/hadoop/share/ozone/lib/picocli-4.4.0.jar:/opt/hadoop/share/ozone/lib/ratis-grpc-1.1.0-11689cd-SNAPSHOT.jar:/opt/hadoop/share/ozone/lib/jsr305-3.0.0.jar:/opt/hadoop/share/ozone/lib/j2objc-annotations-1.3.jar:/opt/hadoop/share/ozone/lib/leveldbjni-all-1.8.jar:/opt/hadoop/share/ozone/lib/jetty-io-9.4.26.v20200117.jar:/opt/hadoop/share/ozone/lib/hadoop-auth-3.2.1.jar:/opt/hadoop/share/ozone/lib/jaeger-tracerresolver-1.2.0.jar:/opt/hadoop/share/ozone/lib/hadoop-hdds-interface-server-1.1.0-SNAPSHOT.jar:/opt/hadoop/share/ozone/lib/htrace-core4-4.1.0-incubating.jar:/opt/hadoop/share/ozone/lib/jaxb-api-2.3.0.jar:/opt/hadoop/share/ozone/lib/kerb-util-1.0.1.jar:/opt/hadoop/share/ozone/lib/jetty-http-9.4.26.v20200117.jar:/opt/hadoop/share/ozone/lib/jetty-xml-9.4.26.v20200117.jar:/opt/hadoop/share/ozone/lib/jaeger-thrift-1.2.0.jar:/opt/hadoop/share/ozone/lib/commons-logging-1.2.jar:/opt/hadoop/share/ozone/lib/kerby-xdr-1.0.1.jar:/opt/hadoop/share/ozone/lib/jetty-server-9.4.26.v20200117.jar:/opt/hadoop/share/ozone/lib/opentracing-tracerresolver-0.1.8.jar:/opt/hadoop/share/ozone/lib/commons-net-3.6.jar:/opt/hadoop/share/ozone/lib/jaeger-core-1.2.0.jar:/opt/hadoop/share/ozone/lib/error_prone_annotations-2.2.0.jar:/opt/hadoop/share/ozone/lib/ratis-thirdparty-misc-0.6.0-SNAPSHOT.jar:/opt/hadoop/share/ozone/lib/slf4j-log4j12-1.7.25.jar:/opt/hadoop/share/ozone/lib/kerby-config-1.0.1.jar:/opt/hadoop/share/ozone/lib/okio-2.2.2.jar:/opt/hadoop/share/ozone/lib/jetty-util-ajax-9.4.26.v20200117.jar:/opt/hadoop/share/ozone/lib/metrics-core-3.2.4.jar:/opt/hadoop/share/ozone/lib/kerby-pkix-1.0.1.jar:/opt/hadoop/share/ozone/lib/guava-28.2-jre.jar:/opt/hadoop/share/ozone/lib/jetty-servlet-9.4.26.v20200117.jar:/opt/hadoop/share/ozone/lib/xz-1.0.jar:/opt/hadoop/share/ozone/lib/activation-1.1.1.jar:/opt/hadoop/share/ozone/lib/ratis-proto-1.1.0-11689cd-SNAPSHOT.jar:/opt/hadoop/share/ozone/lib/jsr311-api-1.1.1.jar:/opt/hadoop/share/ozone/lib/hadoop-hdds-client-1.1.0-SNAPSHOT.jar:/opt/hadoop/share/ozone/lib/commons-beanutils-1.9.4.jar:/opt/hadoop/share/ozone/lib/jetty-security-9.4.26.v20200117.jar:/opt/hadoop/share/ozone/lib/kerb-server-1.0.1.jar:/opt/hadoop/share/ozone/lib/javax.servlet-api-3.1.0.jar:/opt/hadoop/share/ozone/lib/kerb-client-1.0.1.jar:/opt/hadoop/share/ozone/lib/disruptor-3.4.2.jar:/opt/hadoop/share/ozone/lib/libthrift-0.13.0.jar:/opt/hadoop/share/ozone/lib/log4j-core-2.13.3.jar:/opt/hadoop/share/ozone/lib/annotations-13.0.jar:/opt/hadoop/share/ozone/lib/simpleclient_common-0.7.0.jar:/opt/hadoop/share/ozone/lib/dnsjava-2.1.7.jar:/opt/hadoop/share/ozone/lib/jackson-annotations-2.10.3.jar:/opt/hadoop/share/ozone/lib/commons-configuration2-2.1.1.jar:/opt/hadoop/share/ozone/lib/ratis-server-1.1.0-11689cd-SNAPSHOT.jar:/opt/hadoop/share/ozone/lib/json-smart-2.3.jar:/opt/hadoop/share/ozone/lib/token-provider-1.0.1.jar:/opt/hadoop/share/ozone/lib/log4j-1.2.17.jar:/opt/hadoop/share/ozone/lib/commons-daemon-1.0.13.jar:/opt/hadoop/share/ozone/lib/listenablefuture-9999.0-empty-to-avoid-conflict-with-guava.jar:/opt/hadoop/share/ozone/lib/bcprov-jdk15on-1.60.jar:/opt/hadoop/share/ozone/lib/hadoop-hdds-config-1.1.0-SNAPSHOT.jar:/opt/hadoop/share/ozone/lib/jetty-webapp-9.4.26.v20200117.jar:/opt/hadoop/share/ozone/lib/hadoop-hdds-common-1.1.0-SNAPSHOT.jar:/opt/hadoop/share/ozone/lib/hadoop-hdfs-client-3.2.1.jar:/opt/hadoop/share/ozone/lib/commons-lang3-3.7.jar:/opt/hadoop/share/ozone/lib/commons-compress-1.4.1.jar:/opt/hadoop/share/ozone/lib/accessors-smart-1.2.jar:/opt/hadoop/share/ozone/lib/re2j-1.1.jar:/opt/hadoop/share/ozone/lib/hadoop-hdfs-3.2.1.jar:/opt/hadoop/share/ozone/lib/commons-math3-3.1.1.jar:/opt/hadoop/share/ozone/lib/simpleclient_dropwizard-0.7.0.jar:/opt/hadoop/share/ozone/lib/hadoop-common-3.2.1.jar:/opt/hadoop/share/ozone/lib/simpleclient-0.7.0.jar:/opt/hadoop/share/ozone/lib/httpclient-4.5.2.jar:/opt/hadoop/share/ozone/lib/rocksdbjni-6.8.1.jar:/opt/hadoop/share/ozone/lib/asm-5.0.4.jar:/opt/hadoop/share/ozone/lib/kerby-util-1.0.1.jar:/opt/hadoop/share/ozone/lib/failureaccess-1.0.1.jar:/opt/hadoop/share/ozone/lib/ratis-metrics-1.1.0-11689cd-SNAPSHOT.jar:/opt/hadoop/share/ozone/lib/jsp-api-2.1.jar:/opt/hadoop/share/ozone/lib/jsch-0.1.54.jar:/opt/hadoop/share/ozone/lib/nimbus-jose-jwt-7.9.jar:/opt/hadoop/share/ozone/lib/commons-codec-1.11.jar:/opt/hadoop/share/ozone/lib/kotlin-stdlib-1.3.50.jar:/opt/hadoop/share/ozone/lib/ratis-common-1.1.0-11689cd-SNAPSHOT.jar:/opt/hadoop/share/ozone/lib/commons-pool2-2.6.0.jar:/opt/hadoop/share/ozone/lib/jackson-datatype-jsr310-2.10.3.jar:/opt/hadoop/share/ozone/lib/gson-2.2.4.jar:/opt/hadoop/share/ozone/lib/opentracing-api-0.33.0.jar:/opt/hadoop/share/ozone/lib/jcip-annotations-1.0-1.jar:/opt/hadoop/share/ozone/lib/kerb-admin-1.0.1.jar:/opt/hadoop/share/ozone/lib/commons-io-2.5.jar:/opt/hadoop/share/ozone/lib/snakeyaml-1.16.jar:/opt/hadoop/share/ozone/lib/jetty-util-9.4.26.v20200117.jar:/opt/hadoop/share/ozone/lib/opentracing-noop-0.33.0.jar:/opt/hadoop/share/ozone/lib/jersey-core-1.19.jar:/opt/hadoop/share/ozone/lib/checker-qual-2.10.0.jar:/opt/hadoop/share/ozone/lib/opentracing-util-0.33.0.jar:/opt/hadoop/share/ozone/lib/commons-cli-1.2.jar:/opt/hadoop/share/ozone/lib/woodstox-core-5.0.3.jar:/opt/hadoop/share/ozone/lib/javax.annotation-api-1.2.jar:/opt/hadoop/share/ozone/lib/hadoop-hdds-interface-client-1.1.0-SNAPSHOT.jar:/opt/hadoop/share/ozone/lib/kerby-asn1-1.0.1.jar:/opt/hadoop/share/ozone/lib/netty-all-4.1.48.Final.jar:/opt/hadoop/share/ozone/lib/hadoop-hdds-hadoop-dependency-client-1.1.0-SNAPSHOT.jar:/opt/hadoop/share/ozone/lib/stax2-api-3.1.4.jar:/opt/hadoop/share/ozone/lib/commons-collections-3.2.2.jar:/opt/hadoop/share/ozone/lib/commons-digester-1.8.1.jar:/opt/hadoop/share/ozone/lib/commons-text-1.4.jar:/opt/hadoop/share/ozone/lib/jackson-core-2.10.3.jar:/opt/hadoop/share/ozone/lib/jersey-servlet-1.19.jar:/opt/hadoop/share/ozone/lib/slf4j-api-1.7.25.jar:/opt/hadoop/share/ozone/lib/kerb-identity-1.0.1.jar:/opt/hadoop/share/ozone/lib/hadoop-hdds-server-framework-1.1.0-SNAPSHOT.jar:/opt/hadoop/share/ozone/lib/hadoop-hdds-common-1.1.0-SNAPSHOT-tests.jar:/opt/hadoop/share/ozone/lib/hadoop-hdds-hadoop-dependency-server-1.1.0-SNAPSHOT.jar:/opt/hadoop/share/ozone/lib/kerb-common-1.0.1.jar:/opt/hadoop/share/ozone/lib/jaeger-client-1.2.0.jar:/opt/hadoop/share/ozone/lib/jaxb-core-2.3.0.1.jar:/opt/hadoop/share/ozone/lib/hadoop-hdds-interface-admin-1.1.0-SNAPSHOT.jar:/opt/hadoop/share/ozone/lib/jersey-server-1.19.jar:/opt/hadoop/share/ozone/lib/kerb-crypto-1.0.1.jar:/opt/hadoop/share/ozone/lib/hadoop-annotations-3.2.1.jar:/opt/hadoop/share/ozone/lib/httpcore-4.4.4.jar:/opt/hadoop/share/ozone/lib/ratis-client-1.1.0-11689cd-SNAPSHOT.jar:/opt/hadoop/share/ozone/web:/opt/hadoop/share/ozone/lib/hadoop-ozone-datanode-1.1.0-SNAPSHOT.jar
datanode3_1  | STARTUP_MSG:   build = https://github.com/apache/ozone.git/5d9af799b8901839d138c6ceeb6cad3bd0427254 ; compiled by 'runner' on 2020-11-03T04:50Z
datanode3_1  | STARTUP_MSG:   java = 11.0.7
datanode3_1  | ************************************************************/
datanode3_1  | 2020-11-03 05:48:16,579 [main] INFO ozone.HddsDatanodeService: registered UNIX signal handlers for [TERM, HUP, INT]
datanode3_1  | 2020-11-03 05:48:18,683 [main] INFO metrics.MetricRegistries: Loaded MetricRegistries class org.apache.ratis.metrics.impl.MetricRegistriesImpl
datanode3_1  | 2020-11-03 05:48:19,965 [main] INFO impl.MetricsConfig: Loaded properties from hadoop-metrics2.properties
datanode3_1  | 2020-11-03 05:48:21,826 [main] INFO impl.MetricsSystemImpl: Scheduled Metric snapshot period at 10 second(s).
datanode3_1  | 2020-11-03 05:48:21,826 [main] INFO impl.MetricsSystemImpl: HddsDatanode metrics system started
datanode3_1  | 2020-11-03 05:48:22,645 [main] INFO ozone.HddsDatanodeService: HddsDatanodeService host:51ea014157c4 ip:172.25.0.104
datanode3_1  | 2020-11-03 05:48:25,941 [main] INFO ozone.HddsDatanodeService: Ozone security is enabled. Attempting login for Hdds Datanode user. Principal: dn/_HOST@EXAMPLE.COM,keytab: /etc/security/keytabs/dn.keytab
datanode3_1  | WARNING: An illegal reflective access operation has occurred
datanode3_1  | WARNING: Illegal reflective access by org.apache.hadoop.security.authentication.util.KerberosUtil (file:/opt/hadoop/share/ozone/lib/hadoop-auth-3.2.1.jar) to method sun.security.krb5.Config.getInstance()
datanode3_1  | WARNING: Please consider reporting this to the maintainers of org.apache.hadoop.security.authentication.util.KerberosUtil
datanode3_1  | WARNING: Use --illegal-access=warn to enable warnings of further illegal reflective access operations
datanode3_1  | WARNING: All illegal access operations will be denied in a future release
datanode3_1  | 2020-11-03 05:48:27,269 [main] INFO security.UserGroupInformation: Login successful for user dn/51ea014157c4@EXAMPLE.COM using keytab file /etc/security/keytabs/dn.keytab
datanode3_1  | 2020-11-03 05:48:27,270 [main] INFO ozone.HddsDatanodeService: Hdds Datanode login successful.
datanode3_1  | 2020-11-03 05:48:27,270 [main] INFO ozone.HddsDatanodeService: Initializing secure Datanode.
datanode3_1  | 2020-11-03 05:48:27,296 [main] ERROR client.DNCertificateClient: Default certificate serial id is not set. Can't locate the default certificate for this client.
datanode3_1  | 2020-11-03 05:48:27,296 [main] INFO client.DNCertificateClient: Certificate client init case: 0
datanode3_1  | 2020-11-03 05:48:27,303 [main] INFO client.DNCertificateClient: Creating keypair for client as keypair and certificate not found.
datanode3_1  | 2020-11-03 05:48:30,439 [main] INFO ozone.HddsDatanodeService: Init response: GETCERT
datanode3_1  | 2020-11-03 05:48:30,526 [main] INFO ozone.OzoneSecurityUtil: Adding ip:172.25.0.104,host:51ea014157c4
datanode3_1  | 2020-11-03 05:48:30,526 [main] INFO ozone.OzoneSecurityUtil: ip:127.0.0.1 not returned.
datanode3_1  | 2020-11-03 05:48:30,550 [main] INFO ozone.HddsDatanodeService: Creating csr for DN-> subject:root@51ea014157c4
datanode3_1  | 2020-11-03 05:48:33,428 [main] INFO ipc.Client: Retrying connect to server: scm/172.25.0.116:9961. Already tried 0 time(s); retry policy is RetryUpToMaximumCountWithFixedSleep(maxRetries=2147483647, sleepTime=1000 MILLISECONDS)
datanode3_1  | 2020-11-03 05:48:34,430 [main] INFO ipc.Client: Retrying connect to server: scm/172.25.0.116:9961. Already tried 1 time(s); retry policy is RetryUpToMaximumCountWithFixedSleep(maxRetries=2147483647, sleepTime=1000 MILLISECONDS)
datanode3_1  | 2020-11-03 05:48:35,431 [main] INFO ipc.Client: Retrying connect to server: scm/172.25.0.116:9961. Already tried 2 time(s); retry policy is RetryUpToMaximumCountWithFixedSleep(maxRetries=2147483647, sleepTime=1000 MILLISECONDS)
datanode3_1  | 2020-11-03 05:48:36,432 [main] INFO ipc.Client: Retrying connect to server: scm/172.25.0.116:9961. Already tried 3 time(s); retry policy is RetryUpToMaximumCountWithFixedSleep(maxRetries=2147483647, sleepTime=1000 MILLISECONDS)
datanode3_1  | 2020-11-03 05:48:37,433 [main] INFO ipc.Client: Retrying connect to server: scm/172.25.0.116:9961. Already tried 4 time(s); retry policy is RetryUpToMaximumCountWithFixedSleep(maxRetries=2147483647, sleepTime=1000 MILLISECONDS)
datanode3_1  | 2020-11-03 05:48:38,434 [main] INFO ipc.Client: Retrying connect to server: scm/172.25.0.116:9961. Already tried 5 time(s); retry policy is RetryUpToMaximumCountWithFixedSleep(maxRetries=2147483647, sleepTime=1000 MILLISECONDS)
datanode3_1  | 2020-11-03 05:48:39,435 [main] INFO ipc.Client: Retrying connect to server: scm/172.25.0.116:9961. Already tried 6 time(s); retry policy is RetryUpToMaximumCountWithFixedSleep(maxRetries=2147483647, sleepTime=1000 MILLISECONDS)
datanode3_1  | 2020-11-03 05:48:40,437 [main] INFO ipc.Client: Retrying connect to server: scm/172.25.0.116:9961. Already tried 7 time(s); retry policy is RetryUpToMaximumCountWithFixedSleep(maxRetries=2147483647, sleepTime=1000 MILLISECONDS)
datanode3_1  | 2020-11-03 05:48:41,438 [main] INFO ipc.Client: Retrying connect to server: scm/172.25.0.116:9961. Already tried 8 time(s); retry policy is RetryUpToMaximumCountWithFixedSleep(maxRetries=2147483647, sleepTime=1000 MILLISECONDS)
datanode3_1  | 2020-11-03 05:48:42,439 [main] INFO ipc.Client: Retrying connect to server: scm/172.25.0.116:9961. Already tried 9 time(s); retry policy is RetryUpToMaximumCountWithFixedSleep(maxRetries=2147483647, sleepTime=1000 MILLISECONDS)
datanode3_1  | 2020-11-03 05:48:43,440 [main] INFO ipc.Client: Retrying connect to server: scm/172.25.0.116:9961. Already tried 10 time(s); retry policy is RetryUpToMaximumCountWithFixedSleep(maxRetries=2147483647, sleepTime=1000 MILLISECONDS)
datanode3_1  | 2020-11-03 05:48:48,873 [main] INFO client.DNCertificateClient: Loading certificate from location:/data/metadata/dn/certs.
datanode3_1  | 2020-11-03 05:48:48,988 [main] INFO client.DNCertificateClient: Added certificate from file:/data/metadata/dn/certs/CA-1.crt.
datanode3_1  | 2020-11-03 05:48:49,010 [main] INFO client.DNCertificateClient: Added certificate from file:/data/metadata/dn/certs/3639681195332.crt.
datanode3_1  | 2020-11-03 05:48:49,024 [main] INFO ozone.HddsDatanodeService: Successfully stored SCM signed certificate, case:GETCERT.
datanode3_1  | 2020-11-03 05:48:49,851 [main] INFO fs.SaveSpaceUsageToFile: Cached usage info file /data/hdds/scmUsed not found
datanode3_1  | 2020-11-03 05:48:49,876 [main] INFO volume.HddsVolume: Creating Volume: /data/hdds/hdds of storage type : DISK and capacity : 89311358976
datanode3_1  | 2020-11-03 05:48:49,937 [main] INFO volume.MutableVolumeSet: Added Volume : /data/hdds/hdds to VolumeSet
datanode3_1  | 2020-11-03 05:48:50,094 [main] INFO volume.ThrottledAsyncChecker: Scheduling a check for /data/hdds/hdds
datanode3_1  | 2020-11-03 05:48:50,373 [main] INFO volume.HddsVolumeChecker: Scheduled health check for volume /data/hdds/hdds
datanode3_1  | 2020-11-03 05:48:50,582 [Thread-7] INFO ozoneimpl.ContainerReader: Start to verify containers on volume /data/hdds/hdds
datanode3_1  | 2020-11-03 05:48:50,593 [Thread-7] INFO ozoneimpl.ContainerReader: Finish verifying containers on volume /data/hdds/hdds
datanode3_1  | 2020-11-03 05:48:50,593 [main] INFO ozoneimpl.OzoneContainer: Build ContainerSet costs 0s
datanode3_1  | 2020-11-03 05:48:54,422 [main] WARN server.ServerUtils: Storage directory for Ratis is not configured. It is a good idea to map this to an SSD disk. Falling back to ozone.metadata.dirs
datanode3_1  | 2020-11-03 05:48:54,673 [main] INFO impl.RaftServerProxy: raft.rpc.type = GRPC (default)
datanode3_1  | 2020-11-03 05:48:55,121 [main] INFO grpc.GrpcConfigKeys: raft.grpc.server.port = 9858 (custom)
datanode3_1  | 2020-11-03 05:48:55,126 [main] INFO server.GrpcService: raft.grpc.message.size.max = 32MB (=33554432) (custom)
datanode3_1  | 2020-11-03 05:48:55,130 [main] INFO server.RaftServerConfigKeys: raft.server.log.appender.buffer.byte-limit = 33554432 (custom)
datanode3_1  | 2020-11-03 05:48:55,136 [main] INFO server.GrpcService: raft.grpc.flow.control.window = 5MB (=5242880) (custom)
datanode3_1  | 2020-11-03 05:48:55,141 [main] INFO server.RaftServerConfigKeys: raft.server.rpc.request.timeout = 60s (custom)
datanode3_1  | 2020-11-03 05:48:56,735 [main] INFO server.RaftServerConfigKeys: raft.server.storage.dir = [/data/metadata/ratis] (custom)
datanode3_1  | 2020-11-03 05:48:56,767 [main] WARN server.ServerUtils: Storage directory for Ratis is not configured. It is a good idea to map this to an SSD disk. Falling back to ozone.metadata.dirs
datanode3_1  | 2020-11-03 05:48:57,609 [main] INFO http.BaseHttpServer: Starting Web-server for hddsDatanode at: http://0.0.0.0:9882
datanode3_1  | 2020-11-03 05:48:57,624 [main] INFO http.BaseHttpServer: Hadoop Security Enabled: true Ozone Security Enabled: true Ozone HTTP Security Enabled: true 
datanode3_1  | 2020-11-03 05:48:57,629 [main] INFO http.BaseHttpServer: HttpAuthType: hdds.datanode.http.auth.type = kerberos
datanode3_1  | 2020-11-03 05:48:57,806 [main] INFO util.log: Logging initialized @50806ms to org.eclipse.jetty.util.log.Slf4jLog
datanode3_1  | 2020-11-03 05:48:58,356 [main] INFO http.HttpRequestLog: Http request log for http.requests.hddsDatanode is not defined
datanode3_1  | 2020-11-03 05:48:58,384 [main] INFO http.HttpServer2: Added global filter 'safety' (class=org.apache.hadoop.hdds.server.http.HttpServer2$QuotingInputFilter)
datanode3_1  | 2020-11-03 05:48:58,388 [main] INFO http.HttpServer2: Added filter authentication (class=org.apache.hadoop.security.authentication.server.AuthenticationFilter) to context hddsDatanode
datanode3_1  | 2020-11-03 05:48:58,391 [main] INFO http.HttpServer2: Added filter authentication (class=org.apache.hadoop.security.authentication.server.AuthenticationFilter) to context static
datanode3_1  | 2020-11-03 05:48:58,391 [main] INFO http.HttpServer2: Added filter authentication (class=org.apache.hadoop.security.authentication.server.AuthenticationFilter) to context logs
datanode3_1  | 2020-11-03 05:48:58,396 [main] INFO http.HttpServer2: Initialize spnego with host: 0.0.0.0 userKey: hdds.datanode.http.auth.kerberos.principal keytabKey: hdds.datanode.http.auth.kerberos.keytab
datanode3_1  | 2020-11-03 05:48:58,625 [main] INFO http.HttpServer2: Jetty bound to port 9882
datanode3_1  | 2020-11-03 05:48:58,642 [main] INFO server.Server: jetty-9.4.26.v20200117; built: 2020-01-17T12:35:33.676Z; git: 7b38981d25d14afb4a12ff1f2596756144edf695; jvm 11.0.7+10-LTS
datanode3_1  | 2020-11-03 05:48:58,793 [main] INFO server.session: DefaultSessionIdManager workerName=node0
datanode3_1  | 2020-11-03 05:48:58,795 [main] INFO server.session: No SessionScavenger set, using defaults
datanode3_1  | 2020-11-03 05:48:58,797 [main] INFO server.session: node0 Scavenging every 600000ms
datanode3_1  | 2020-11-03 05:48:58,901 [main] INFO server.KerberosAuthenticationHandler: Using keytab /etc/security/keytabs/HTTP.keytab, for principal HTTP/51ea014157c4@EXAMPLE.COM
datanode3_1  | 2020-11-03 05:48:58,904 [main] INFO handler.ContextHandler: Started o.e.j.s.ServletContextHandler@31859960{logs,/logs,file:///var/log/hadoop/,AVAILABLE}
datanode3_1  | 2020-11-03 05:48:58,908 [main] INFO handler.ContextHandler: Started o.e.j.s.ServletContextHandler@289da1bc{static,/static,jar:file:/opt/hadoop/share/ozone/lib/hadoop-hdds-container-service-1.1.0-SNAPSHOT.jar!/webapps/static,AVAILABLE}
kdc_1        | Entry for principal HTTP/0f1df3effe03@EXAMPLE.COM with kvno 2, encryption type aes128-cts-hmac-sha1-96 added to keytab WRFILE:/data/HTTP.0f1df3effe03.keytab.
datanode3_1  | 2020-11-03 05:48:59,426 [main] INFO server.KerberosAuthenticationHandler: Using keytab /etc/security/keytabs/HTTP.keytab, for principal HTTP/51ea014157c4@EXAMPLE.COM
datanode2_1  | 2020-11-03 05:49:09,563 [Command processor thread] INFO impl.RaftServerProxy: a803384b-6e7e-447b-9e2e-5bf8bb8109db: addNew group-314CA2937207:[409095ff-dd95-417d-8439-8b5cab4167ea:172.25.0.104:9858:0, a803384b-6e7e-447b-9e2e-5bf8bb8109db:172.25.0.103:9858:0, 49460cae-ba60-4923-8815-c3a38836c7b2:172.25.0.102:9858:0] returns group-314CA2937207:java.util.concurrent.CompletableFuture@1320d444[Not completed]
datanode2_1  | 2020-11-03 05:49:09,593 [pool-20-thread-1] INFO impl.RaftServerImpl: a803384b-6e7e-447b-9e2e-5bf8bb8109db: new RaftServerImpl for group-314CA2937207:[409095ff-dd95-417d-8439-8b5cab4167ea:172.25.0.104:9858:0, a803384b-6e7e-447b-9e2e-5bf8bb8109db:172.25.0.103:9858:0, 49460cae-ba60-4923-8815-c3a38836c7b2:172.25.0.102:9858:0] with ContainerStateMachine:uninitialized
datanode2_1  | 2020-11-03 05:49:09,612 [pool-20-thread-1] INFO server.RaftServerConfigKeys: raft.server.rpc.timeout.min = 5s (custom)
datanode2_1  | 2020-11-03 05:49:09,613 [pool-20-thread-1] INFO server.RaftServerConfigKeys: raft.server.rpc.timeout.max = 5200ms (custom)
datanode2_1  | 2020-11-03 05:49:09,616 [pool-20-thread-1] INFO server.RaftServerConfigKeys: raft.server.rpcslowness.timeout = 300s (custom)
datanode2_1  | 2020-11-03 05:49:09,628 [pool-20-thread-1] INFO server.RaftServerConfigKeys: raft.server.sleep.deviation.threshold = 300 (default)
datanode2_1  | 2020-11-03 05:49:09,633 [pool-20-thread-1] INFO server.RaftServerConfigKeys: raft.server.log.appender.install.snapshot.enabled = false (custom)
datanode2_1  | 2020-11-03 05:49:09,633 [pool-20-thread-1] INFO impl.RaftServerImpl: a803384b-6e7e-447b-9e2e-5bf8bb8109db@group-314CA2937207: ConfigurationManager, init=-1: [409095ff-dd95-417d-8439-8b5cab4167ea:172.25.0.104:9858:0, a803384b-6e7e-447b-9e2e-5bf8bb8109db:172.25.0.103:9858:0, 49460cae-ba60-4923-8815-c3a38836c7b2:172.25.0.102:9858:0], old=null, confs=<EMPTY_MAP>
datanode2_1  | 2020-11-03 05:49:09,636 [pool-20-thread-1] INFO server.RaftServerConfigKeys: raft.server.storage.dir = [/data/metadata/ratis] (custom)
datanode2_1  | 2020-11-03 05:49:09,637 [pool-20-thread-1] INFO server.RaftServerConfigKeys: raft.server.log.corruption.policy = EXCEPTION (default)
datanode2_1  | 2020-11-03 05:49:09,637 [pool-20-thread-1] INFO storage.RaftStorageDirectory: The storage directory /data/metadata/ratis/0758a50d-2791-4dd1-9c3a-314ca2937207 does not exist. Creating ...
datanode2_1  | 2020-11-03 05:49:09,650 [pool-20-thread-1] INFO storage.RaftStorageDirectory: Lock on /data/metadata/ratis/0758a50d-2791-4dd1-9c3a-314ca2937207/in_use.lock acquired by nodename 6@0f1df3effe03
datanode2_1  | 2020-11-03 05:49:09,654 [pool-20-thread-1] INFO storage.RaftStorage: Storage directory /data/metadata/ratis/0758a50d-2791-4dd1-9c3a-314ca2937207 has been successfully formatted.
datanode2_1  | 2020-11-03 05:49:09,672 [pool-20-thread-1] INFO ratis.ContainerStateMachine: group-314CA2937207: The snapshot info is null. Setting the last applied indexto:(t:0, i:~)
datanode2_1  | 2020-11-03 05:49:09,672 [pool-20-thread-1] INFO server.RaftServerConfigKeys: raft.server.notification.no-leader.timeout = 300s (custom)
datanode2_1  | 2020-11-03 05:49:09,672 [pool-20-thread-1] INFO server.RaftServerConfigKeys: raft.server.log.use.memory = false (default)
datanode2_1  | 2020-11-03 05:49:09,673 [pool-20-thread-1] INFO server.RaftServerConfigKeys: raft.server.log.purge.gap = 1000000 (custom)
datanode2_1  | 2020-11-03 05:49:09,673 [pool-20-thread-1] INFO metrics.RatisMetrics: Creating Metrics Registry : ratis.log_worker.a803384b-6e7e-447b-9e2e-5bf8bb8109db@group-314CA2937207
datanode2_1  | 2020-11-03 05:49:09,673 [pool-20-thread-1] INFO server.RaftServerConfigKeys: raft.server.log.appender.buffer.byte-limit = 33554432 (custom)
datanode2_1  | 2020-11-03 05:49:09,676 [pool-20-thread-1] INFO server.RaftServerConfigKeys: raft.server.log.segment.size.max = 1048576 (custom)
datanode2_1  | 2020-11-03 05:49:09,676 [pool-20-thread-1] INFO server.RaftServerConfigKeys: raft.server.log.segment.cache.num.max = 2 (custom)
datanode2_1  | 2020-11-03 05:49:09,676 [pool-20-thread-1] INFO segmented.SegmentedRaftLogWorker: new a803384b-6e7e-447b-9e2e-5bf8bb8109db@group-314CA2937207-SegmentedRaftLogWorker for RaftStorage:Storage Directory /data/metadata/ratis/0758a50d-2791-4dd1-9c3a-314ca2937207
datanode2_1  | 2020-11-03 05:49:09,677 [pool-20-thread-1] INFO server.RaftServerConfigKeys: raft.server.log.queue.byte-limit = 2147483647 (custom)
datanode2_1  | 2020-11-03 05:49:09,677 [pool-20-thread-1] INFO server.RaftServerConfigKeys: raft.server.log.queue.element-limit = 1024 (custom)
datanode2_1  | 2020-11-03 05:49:09,677 [pool-20-thread-1] INFO server.RaftServerConfigKeys: raft.server.log.segment.size.max = 1048576 (custom)
datanode2_1  | 2020-11-03 05:49:09,682 [pool-20-thread-1] INFO server.RaftServerConfigKeys: raft.server.log.preallocated.size = 16384 (custom)
datanode2_1  | 2020-11-03 05:49:09,697 [pool-20-thread-1] INFO server.RaftServerConfigKeys: raft.server.log.write.buffer.size = 1048576 (custom)
datanode2_1  | 2020-11-03 05:49:09,700 [pool-20-thread-1] INFO server.RaftServerConfigKeys: raft.server.log.force.sync.num = 128 (default)
datanode2_1  | 2020-11-03 05:49:09,700 [pool-20-thread-1] INFO server.RaftServerConfigKeys: raft.server.log.statemachine.data.sync = true (default)
datanode2_1  | 2020-11-03 05:49:09,700 [pool-20-thread-1] INFO server.RaftServerConfigKeys: raft.server.log.statemachine.data.sync.timeout = 10s (default)
datanode2_1  | 2020-11-03 05:49:09,700 [pool-20-thread-1] INFO server.RaftServerConfigKeys: raft.server.log.statemachine.data.sync.timeout.retry = -1 (default)
datanode2_1  | 2020-11-03 05:49:09,702 [pool-20-thread-1] INFO server.RaftServerConfigKeys: raft.server.log.statemachine.data.caching.enabled = true (custom)
datanode2_1  | 2020-11-03 05:49:09,704 [pool-20-thread-1] INFO segmented.SegmentedRaftLogWorker: a803384b-6e7e-447b-9e2e-5bf8bb8109db@group-314CA2937207-SegmentedRaftLogWorker: flushIndex: setUnconditionally 0 -> -1
datanode2_1  | 2020-11-03 05:49:09,704 [pool-20-thread-1] INFO segmented.SegmentedRaftLogWorker: a803384b-6e7e-447b-9e2e-5bf8bb8109db@group-314CA2937207-SegmentedRaftLogWorker: safeCacheEvictIndex: setUnconditionally 0 -> -1
datanode2_1  | 2020-11-03 05:49:09,705 [pool-20-thread-1] INFO server.RaftServerConfigKeys: raft.server.snapshot.auto.trigger.enabled = true (custom)
datanode2_1  | 2020-11-03 05:49:09,706 [pool-20-thread-1] INFO server.RaftServerConfigKeys: raft.server.snapshot.auto.trigger.threshold = 10000 (custom)
datanode2_1  | 2020-11-03 05:49:09,706 [pool-20-thread-1] INFO server.RaftServerConfigKeys: raft.server.snapshot.retention.file.num = 5 (custom)
datanode2_1  | 2020-11-03 05:49:09,706 [pool-20-thread-1] INFO server.RaftServerConfigKeys: raft.server.log.purge.upto.snapshot.index = false (default)
datanode2_1  | 2020-11-03 05:49:09,706 [pool-20-thread-1] INFO server.RaftServerConfigKeys: raft.server.retrycache.expirytime = 600000ms (custom)
datanode2_1  | 2020-11-03 05:49:09,708 [pool-20-thread-1] INFO metrics.RatisMetrics: Creating Metrics Registry : ratis.leader_election.a803384b-6e7e-447b-9e2e-5bf8bb8109db@group-314CA2937207
datanode2_1  | 2020-11-03 05:49:09,709 [pool-20-thread-1] INFO metrics.RatisMetrics: Creating Metrics Registry : ratis.server.a803384b-6e7e-447b-9e2e-5bf8bb8109db@group-314CA2937207
datanode2_1  | 2020-11-03 05:49:09,716 [pool-20-thread-1] INFO impl.RaftServerImpl: a803384b-6e7e-447b-9e2e-5bf8bb8109db@group-314CA2937207: start as a follower, conf=-1: [409095ff-dd95-417d-8439-8b5cab4167ea:172.25.0.104:9858:0, a803384b-6e7e-447b-9e2e-5bf8bb8109db:172.25.0.103:9858:0, 49460cae-ba60-4923-8815-c3a38836c7b2:172.25.0.102:9858:0], old=null
datanode2_1  | 2020-11-03 05:49:09,722 [pool-20-thread-1] INFO impl.RaftServerImpl: a803384b-6e7e-447b-9e2e-5bf8bb8109db@group-314CA2937207: changes role from      null to FOLLOWER at term 0 for startAsFollower
datanode2_1  | 2020-11-03 05:49:09,722 [pool-20-thread-1] INFO impl.RoleInfo: a803384b-6e7e-447b-9e2e-5bf8bb8109db: start FollowerState
datanode2_1  | 2020-11-03 05:49:09,756 [pool-20-thread-1] INFO util.JmxRegister: Successfully registered JMX Bean with object name Ratis:service=RaftServer,group=group-314CA2937207,id=a803384b-6e7e-447b-9e2e-5bf8bb8109db
datanode2_1  | 2020-11-03 05:49:09,757 [pool-20-thread-1] INFO metrics.RatisMetrics: Creating Metrics Registry : ratis.state_machine.a803384b-6e7e-447b-9e2e-5bf8bb8109db@group-314CA2937207
datanode2_1  | 2020-11-03 05:49:10,092 [Command processor thread] INFO metrics.RatisMetrics: Creating Metrics Registry : ratis.client_message_metrics.client-2B99CECB28BA->49460cae-ba60-4923-8815-c3a38836c7b2
datanode2_1  | 2020-11-03 05:49:12,719 [Command processor thread] INFO metrics.RatisMetrics: Creating Metrics Registry : ratis.client_message_metrics.client-BCBC50DC45B5->409095ff-dd95-417d-8439-8b5cab4167ea
datanode2_1  | 2020-11-03 05:49:13,235 [Command processor thread] INFO commandhandler.CreatePipelineCommandHandler: Created Pipeline RATIS THREE PipelineID=0758a50d-2791-4dd1-9c3a-314ca2937207.
datanode2_1  | 2020-11-03 05:49:13,424 [grpc-default-executor-0] INFO metrics.RatisMetrics: Creating Metrics Registry : ratis.server_message_metrics.a803384b-6e7e-447b-9e2e-5bf8bb8109db
datanode2_1  | 2020-11-03 05:49:14,495 [grpc-default-executor-1] INFO impl.RaftServerImpl: a803384b-6e7e-447b-9e2e-5bf8bb8109db@group-314CA2937207: changes role from  FOLLOWER to FOLLOWER at term 1 for recognizeCandidate:49460cae-ba60-4923-8815-c3a38836c7b2
datanode2_1  | 2020-11-03 05:49:14,502 [grpc-default-executor-1] INFO impl.RoleInfo: a803384b-6e7e-447b-9e2e-5bf8bb8109db: shutdown FollowerState
datanode2_1  | 2020-11-03 05:49:14,503 [Thread-26] INFO impl.FollowerState: a803384b-6e7e-447b-9e2e-5bf8bb8109db@group-314CA2937207-FollowerState was interrupted: java.lang.InterruptedException: sleep interrupted
datanode2_1  | 2020-11-03 05:49:14,504 [grpc-default-executor-1] INFO impl.RoleInfo: a803384b-6e7e-447b-9e2e-5bf8bb8109db: start FollowerState
datanode2_1  | 2020-11-03 05:49:14,509 [grpc-default-executor-1] INFO impl.RaftServerImpl:  FOLLOWER a803384b-6e7e-447b-9e2e-5bf8bb8109db@group-314CA2937207:t1, leader=null, voted=null, raftlog=a803384b-6e7e-447b-9e2e-5bf8bb8109db@group-314CA2937207-SegmentedRaftLog:OPENED:c-1,f-1,i0, conf=-1: [409095ff-dd95-417d-8439-8b5cab4167ea:172.25.0.104:9858:0, a803384b-6e7e-447b-9e2e-5bf8bb8109db:172.25.0.103:9858:0, 49460cae-ba60-4923-8815-c3a38836c7b2:172.25.0.102:9858:0], old=null RUNNING priority:0 candidate:49460cae-ba60-4923-8815-c3a38836c7b2:172.25.0.102:9858:0 candidatePriority:0 compare:0
datanode2_1  | 2020-11-03 05:49:14,618 [Thread-24] INFO impl.FollowerState: a803384b-6e7e-447b-9e2e-5bf8bb8109db@group-E7FA4C999BF0-FollowerState: change to CANDIDATE, lastRpcTime:5207ms, electionTimeout:5150ms
datanode2_1  | 2020-11-03 05:49:14,620 [Thread-24] INFO impl.RoleInfo: a803384b-6e7e-447b-9e2e-5bf8bb8109db: shutdown FollowerState
datanode2_1  | 2020-11-03 05:49:14,624 [Thread-24] INFO impl.RaftServerImpl: a803384b-6e7e-447b-9e2e-5bf8bb8109db@group-E7FA4C999BF0: changes role from  FOLLOWER to CANDIDATE at term 0 for changeToCandidate
datanode2_1  | 2020-11-03 05:49:14,645 [Thread-24] INFO impl.RoleInfo: a803384b-6e7e-447b-9e2e-5bf8bb8109db: start LeaderElection
datanode2_1  | 2020-11-03 05:49:14,696 [a803384b-6e7e-447b-9e2e-5bf8bb8109db@group-E7FA4C999BF0-LeaderElection1] INFO impl.LeaderElection: a803384b-6e7e-447b-9e2e-5bf8bb8109db@group-E7FA4C999BF0-LeaderElection1: begin an election at term 1 for -1: [a803384b-6e7e-447b-9e2e-5bf8bb8109db:172.25.0.103:9858:0], old=null
kms_1        | Sleeping for 5 seconds
datanode3_1  | 2020-11-03 05:48:59,484 [main] INFO handler.ContextHandler: Started o.e.j.w.WebAppContext@58c36104{hddsDatanode,/,file:///tmp/jetty-0_0_0_0-9882-hadoop-hdds-container-service-1_1_0-SNAPSHOT_jar-_-any-6216274971229914937.dir/webapp/,AVAILABLE}{jar:file:/opt/hadoop/share/ozone/lib/hadoop-hdds-container-service-1.1.0-SNAPSHOT.jar!/webapps/hddsDatanode}
kdc_1        | Nov 03 05:48:04 kdc kadmind[13](Notice): Request: kadm5_init, admin/admin@EXAMPLE.COM, success, client=admin/admin@EXAMPLE.COM, service=kadmin/admin@EXAMPLE.COM, addr=127.0.0.1, vers=4, flavor=6
datanode2_1  | 2020-11-03 05:49:14,709 [a803384b-6e7e-447b-9e2e-5bf8bb8109db@group-E7FA4C999BF0-LeaderElection1] INFO impl.RoleInfo: a803384b-6e7e-447b-9e2e-5bf8bb8109db: shutdown LeaderElection
om1_1        | Sleeping for 5 seconds
om1_1        | Setting up kerberos!!
om1_1        | KDC ISSUER_SERVER => kdc:8081
om1_1        | Sleeping for 5 seconds
om1_1        | Got 200, KDC service ready!!
om1_1        | Download om/om1@EXAMPLE.COM keytab file to /etc/security/keytabs/om.keytab
om1_1        | --2020-11-03 05:48:04--  http://kdc:8081/keytab/om1/om
datanode3_1  | 2020-11-03 05:48:59,533 [main] INFO server.AbstractConnector: Started ServerConnector@587400a9{HTTP/1.1,[http/1.1]}{0.0.0.0:9882}
om2_1        | Sleeping for 5 seconds
recon_1      | Sleeping for 5 seconds
kdc_1        | Nov 03 05:48:04 kdc kadmind[13](Notice): Request: kadm5_get_policy, default, Policy does not exist, client=admin/admin@EXAMPLE.COM, service=kadmin/admin@EXAMPLE.COM, addr=127.0.0.1
om1_1        | Resolving kdc (kdc)... 172.25.0.100
kms_1        | Setting up kerberos!!
datanode2_1  | 2020-11-03 05:49:14,714 [a803384b-6e7e-447b-9e2e-5bf8bb8109db@group-E7FA4C999BF0-LeaderElection1] INFO impl.RaftServerImpl: a803384b-6e7e-447b-9e2e-5bf8bb8109db@group-E7FA4C999BF0: changes role from CANDIDATE to LEADER at term 1 for changeToLeader
datanode2_1  | 2020-11-03 05:49:14,735 [a803384b-6e7e-447b-9e2e-5bf8bb8109db@group-E7FA4C999BF0-LeaderElection1] INFO ratis.XceiverServerRatis: Leader change notification received for group: group-E7FA4C999BF0 with new leaderId: a803384b-6e7e-447b-9e2e-5bf8bb8109db
datanode3_1  | 2020-11-03 05:48:59,534 [main] INFO server.Server: Started @52534ms
om2_1        | Setting up kerberos!!
s3g_1        | Sleeping for 5 seconds
scm_1        | Sleeping for 5 seconds
recon_1      | Setting up kerberos!!
kdc_1        | Nov 03 05:48:04 kdc kadmind[13](Notice): Request: kadm5_create_principal, test/test@EXAMPLE.COM, success, client=admin/admin@EXAMPLE.COM, service=kadmin/admin@EXAMPLE.COM, addr=127.0.0.1
om1_1        | Connecting to kdc (kdc)|172.25.0.100|:8081... connected.
kms_1        | KDC ISSUER_SERVER => kdc:8081
datanode2_1  | 2020-11-03 05:49:14,748 [a803384b-6e7e-447b-9e2e-5bf8bb8109db@group-E7FA4C999BF0-LeaderElection1] INFO impl.RaftServerImpl: a803384b-6e7e-447b-9e2e-5bf8bb8109db@group-E7FA4C999BF0: change Leader from null to a803384b-6e7e-447b-9e2e-5bf8bb8109db at term 1 for becomeLeader, leader elected after 6452ms
om3_1        | Sleeping for 5 seconds
datanode3_1  | 2020-11-03 05:48:59,544 [main] INFO impl.MetricsSinkAdapter: Sink prometheus started
om2_1        | KDC ISSUER_SERVER => kdc:8081
s3g_1        | Setting up kerberos!!
scm_1        | Setting up kerberos!!
recon_1      | KDC ISSUER_SERVER => kdc:8081
kdc_1        | Nov 03 05:48:04 kdc kadmind[13](info): closing down fd 18
om1_1        | HTTP request sent, awaiting response... 200 OK
kms_1        | Sleeping for  seconds
datanode2_1  | 2020-11-03 05:49:14,759 [a803384b-6e7e-447b-9e2e-5bf8bb8109db@group-E7FA4C999BF0-LeaderElection1] INFO server.RaftServerConfigKeys: raft.server.staging.catchup.gap = 1000 (default)
om3_1        | Setting up kerberos!!
datanode3_1  | 2020-11-03 05:48:59,544 [main] INFO impl.MetricsSystemImpl: Registered sink prometheus
om2_1        | Sleeping for 5 seconds
s3g_1        | KDC ISSUER_SERVER => kdc:8081
scm_1        | KDC ISSUER_SERVER => kdc:8081
recon_1      | Sleeping for 5 seconds
kdc_1        | Nov 03 05:48:04 kdc kadmind[13](Notice): Request: kadm5_init, admin/admin@EXAMPLE.COM, success, client=admin/admin@EXAMPLE.COM, service=kadmin/admin@EXAMPLE.COM, addr=127.0.0.1, vers=4, flavor=6
om1_1        | Length: 140 [application/octet-stream]
kms_1        | /opt/starter.sh: line 66: SLEEP_SECONDS: command not found
datanode2_1  | 2020-11-03 05:49:14,772 [a803384b-6e7e-447b-9e2e-5bf8bb8109db@group-E7FA4C999BF0-LeaderElection1] INFO server.RaftServerConfigKeys: raft.server.rpc.sleep.time = 25ms (default)
om3_1        | KDC ISSUER_SERVER => kdc:8081
datanode3_1  | 2020-11-03 05:48:59,551 [main] INFO http.BaseHttpServer: HTTP server of hddsDatanode listening at http://0.0.0.0:9882
om2_1        | Got 200, KDC service ready!!
s3g_1        | Sleeping for 5 seconds
scm_1        | Sleeping for 5 seconds
recon_1      | Got 200, KDC service ready!!
kdc_1        | Nov 03 05:48:04 kdc kadmind[13](Notice): Request: kadm5_randkey_principal, test/test@EXAMPLE.COM, success, client=admin/admin@EXAMPLE.COM, service=kadmin/admin@EXAMPLE.COM, addr=127.0.0.1
om1_1        | Saving to: '/etc/security/keytabs/om.keytab'
kms_1        | Got 200, KDC service ready!!
datanode2_1  | 2020-11-03 05:49:14,774 [a803384b-6e7e-447b-9e2e-5bf8bb8109db@group-E7FA4C999BF0-LeaderElection1] INFO metrics.RatisMetrics: Creating Metrics Registry : ratis.log_appender.a803384b-6e7e-447b-9e2e-5bf8bb8109db@group-E7FA4C999BF0
om3_1        | Sleeping for 5 seconds
datanode3_1  | 2020-11-03 05:48:59,677 [org.apache.hadoop.util.JvmPauseMonitor$Monitor@38d0fecc] INFO util.JvmPauseMonitor: Starting JVM pause monitor
om2_1        | Download om/om2@EXAMPLE.COM keytab file to /etc/security/keytabs/om.keytab
s3g_1        | Got 200, KDC service ready!!
scm_1        | Got 200, KDC service ready!!
recon_1      | Download recon/recon@EXAMPLE.COM keytab file to /etc/security/keytabs/recon.keytab
kdc_1        | Nov 03 05:48:04 kdc Nov 03 05:48:04 kdc krb5kdc[8](info): AS_REQ (8 etypes {18 17 20 19 16 23 25 26}) 127.0.0.1: SERVER_NOT_FOUND: admin/admin@EXAMPLE.COM for kadmin/localhost@EXAMPLE.COM, Server not found in Kerberos database
om1_1        | 
kms_1        | # Licensed to the Apache Software Foundation (ASF) under one or more
datanode2_1  | 2020-11-03 05:49:14,785 [a803384b-6e7e-447b-9e2e-5bf8bb8109db@group-E7FA4C999BF0-LeaderElection1] INFO server.RaftServerConfigKeys: raft.server.write.element-limit = 1024 (custom)
om3_1        | Got 200, KDC service ready!!
datanode3_1  | 2020-11-03 05:49:00,012 [Datanode State Machine Task Thread - 0] INFO statemachine.SCMConnectionManager: Adding Recon Server : recon/172.25.0.115:9891
om2_1        | --2020-11-03 05:48:06--  http://kdc:8081/keytab/om2/om
s3g_1        | Download s3g/s3g@EXAMPLE.COM keytab file to /etc/security/keytabs/s3g.keytab
scm_1        | Download scm/scm@EXAMPLE.COM keytab file to /etc/security/keytabs/scm.keytab
recon_1      | --2020-11-03 05:48:06--  http://kdc:8081/keytab/recon/recon
kdc_1        | Nov 03 05:48:04 kdc krb5kdc[8](info): AS_REQ (8 etypes {18 17 20 19 16 23 25 26}) 127.0.0.1: ISSUE: authtime 1604382484, etypes {rep=18 tkt=18 ses=18}, admin/admin@EXAMPLE.COM for kadmin/admin@EXAMPLE.COM
kdc_1        | Nov 03 05:48:04 kdc krb5kdc[8](info): AS_REQ (8 etypes {18 17 20 19 16 23 25 26}) 127.0.0.1: SERVER_NOT_FOUND: admin/admin@EXAMPLE.COM for kadmin/localhost@EXAMPLE.COM, Server not found in Kerberos database
kms_1        | # contributor license agreements.  See the NOTICE file distributed with
om1_1        |      0K                                                       100% 22.6M=0s
om3_1        | Download om/om3@EXAMPLE.COM keytab file to /etc/security/keytabs/om.keytab
datanode3_1  | 2020-11-03 05:49:03,000 [EndpointStateMachine task thread for scm/172.25.0.116:9861 - 0 ] WARN statemachine.EndpointStateMachine: Unable to communicate to SCM server at scm:9861 for past 0 seconds.
om2_1        | Resolving kdc (kdc)... 172.25.0.100
s3g_1        | --2020-11-03 05:48:06--  http://kdc:8081/keytab/s3g/s3g
scm_1        | --2020-11-03 05:48:05--  http://kdc:8081/keytab/scm/scm
recon_1      | Resolving kdc (kdc)... 172.25.0.100
kms_1        | # this work for additional information regarding copyright ownership.
datanode2_1  | 2020-11-03 05:49:14,794 [a803384b-6e7e-447b-9e2e-5bf8bb8109db@group-E7FA4C999BF0-LeaderElection1] INFO server.RaftServerConfigKeys: raft.server.write.byte-limit = 1073741824 (custom)
kdc_1        | Nov 03 05:48:04 kdc krb5kdc[8](info): AS_REQ (8 etypes {18 17 20 19 16 23 25 26}) 127.0.0.1: ISSUE: authtime 1604382484, etypes {rep=18 tkt=18 ses=18}, admin/admin@EXAMPLE.COM for kadmin/admin@EXAMPLE.COM
om1_1        | 
om3_1        | --2020-11-03 05:48:06--  http://kdc:8081/keytab/om3/om
datanode3_1  | java.net.SocketTimeoutException: Call From 51ea014157c4/172.25.0.104 to scm:9861 failed on socket timeout exception: java.net.SocketTimeoutException: 1000 millis timeout while waiting for channel to be ready for read. ch : java.nio.channels.SocketChannel[connected local=/172.25.0.104:36107 remote=scm/172.25.0.116:9861]; For more details see:  http://wiki.apache.org/hadoop/SocketTimeout
om2_1        | Connecting to kdc (kdc)|172.25.0.100|:8081... connected.
s3g_1        | Resolving kdc (kdc)... 172.25.0.100
scm_1        | Resolving kdc (kdc)... 172.25.0.100
recon_1      | Connecting to kdc (kdc)|172.25.0.100|:8081... connected.
kms_1        | # The ASF licenses this file to You under the Apache License, Version 2.0
datanode2_1  | 2020-11-03 05:49:14,821 [a803384b-6e7e-447b-9e2e-5bf8bb8109db@group-E7FA4C999BF0-LeaderElection1] INFO server.RaftServerConfigKeys: raft.server.watch.timeout = 180s (custom)
kdc_1        | Nov 03 05:48:04 kdc krb5kdc[8](info): AS_REQ (8 etypes {18 17 20 19 16 23 25 26}) 127.0.0.1: SERVER_NOT_FOUND: admin/admin@EXAMPLE.COM for kadmin/localhost@EXAMPLE.COM, Server not found in Kerberos database
om1_1        | 2020-11-03 05:48:04 (22.6 MB/s) - '/etc/security/keytabs/om.keytab' saved [140/140]
om3_1        | Resolving kdc (kdc)... 172.25.0.100
datanode3_1  | 	at java.base/jdk.internal.reflect.NativeConstructorAccessorImpl.newInstance0(Native Method)
om2_1        | HTTP request sent, awaiting response... 200 OK
s3g_1        | Connecting to kdc (kdc)|172.25.0.100|:8081... connected.
scm_1        | Connecting to kdc (kdc)|172.25.0.100|:8081... connected.
recon_1      | HTTP request sent, awaiting response... 200 OK
kms_1        | # (the "License"); you may not use this file except in compliance with
datanode2_1  | 2020-11-03 05:49:14,821 [a803384b-6e7e-447b-9e2e-5bf8bb8109db@group-E7FA4C999BF0-LeaderElection1] INFO server.RaftServerConfigKeys: raft.server.watch.timeout.denomination = 1s (default)
kdc_1        | Nov 03 05:48:04 kdc krb5kdc[8](info): AS_REQ (8 etypes {18 17 20 19 16 23 25 26}) 127.0.0.1: ISSUE: authtime 1604382484, etypes {rep=18 tkt=18 ses=18}, admin/admin@EXAMPLE.COM for kadmin/admin@EXAMPLE.COM
om1_1        | 
om3_1        | Connecting to kdc (kdc)|172.25.0.100|:8081... connected.
datanode3_1  | 	at java.base/jdk.internal.reflect.NativeConstructorAccessorImpl.newInstance(NativeConstructorAccessorImpl.java:62)
om2_1        | Length: 140 [application/octet-stream]
om2_1        | Saving to: '/etc/security/keytabs/om.keytab'
om2_1        | 
om2_1        |      0K                                                       100% 4.70M=0s
s3g_1        | HTTP request sent, awaiting response... 200 OK
datanode2_1  | 2020-11-03 05:49:14,822 [a803384b-6e7e-447b-9e2e-5bf8bb8109db@group-E7FA4C999BF0-LeaderElection1] INFO server.RaftServerConfigKeys: raft.server.watch.element-limit = 65536 (default)
kdc_1        | Nov 03 05:48:04 kdc krb5kdc[8](info): AS_REQ (8 etypes {18 17 20 19 16 23 25 26}) 127.0.0.1: SERVER_NOT_FOUND: admin/admin@EXAMPLE.COM for kadmin/localhost@EXAMPLE.COM, Server not found in Kerberos database
om1_1        | Keytab name: FILE:/etc/security/keytabs/om.keytab
om3_1        | HTTP request sent, awaiting response... 200 OK
kms_1        | # the License.  You may obtain a copy of the License at
om2_1        | 
recon_1      | Length: 150 [application/octet-stream]
scm_1        | HTTP request sent, awaiting response... 200 OK
datanode3_1  | 	at java.base/jdk.internal.reflect.DelegatingConstructorAccessorImpl.newInstance(DelegatingConstructorAccessorImpl.java:45)
s3g_1        | Length: 142 [application/octet-stream]
datanode2_1  | 2020-11-03 05:49:14,839 [a803384b-6e7e-447b-9e2e-5bf8bb8109db@group-E7FA4C999BF0-LeaderElection1] INFO impl.RoleInfo: a803384b-6e7e-447b-9e2e-5bf8bb8109db: start LeaderState
kdc_1        | Nov 03 05:48:04 kdc krb5kdc[8](info): AS_REQ (8 etypes {18 17 20 19 16 23 25 26}) 127.0.0.1: ISSUE: authtime 1604382484, etypes {rep=18 tkt=18 ses=18}, admin/admin@EXAMPLE.COM for kadmin/admin@EXAMPLE.COM
om1_1        | KVNO Timestamp         Principal
om3_1        | Length: 140 [application/octet-stream]
kms_1        | #
om2_1        | 2020-11-03 05:48:07 (4.70 MB/s) - '/etc/security/keytabs/om.keytab' saved [140/140]
recon_1      | Saving to: '/etc/security/keytabs/recon.keytab'
scm_1        | Length: 142 [application/octet-stream]
datanode3_1  | 	at java.base/java.lang.reflect.Constructor.newInstance(Constructor.java:490)
s3g_1        | Saving to: '/etc/security/keytabs/s3g.keytab'
datanode2_1  | 2020-11-03 05:49:14,879 [a803384b-6e7e-447b-9e2e-5bf8bb8109db@group-E7FA4C999BF0-LeaderElection1] INFO segmented.SegmentedRaftLogWorker: a803384b-6e7e-447b-9e2e-5bf8bb8109db@group-E7FA4C999BF0-SegmentedRaftLogWorker: Starting segment from index:0
kdc_1        | Nov 03 05:48:04 kdc krb5kdc[8](info): AS_REQ (8 etypes {18 17 20 19 16 23 25 26}) 127.0.0.1: SERVER_NOT_FOUND: admin/admin@EXAMPLE.COM for kadmin/localhost@EXAMPLE.COM, Server not found in Kerberos database
om1_1        | ---- ----------------- --------------------------------------------------------
om3_1        | Saving to: '/etc/security/keytabs/om.keytab'
kms_1        | #     http://www.apache.org/licenses/LICENSE-2.0
om2_1        | 
recon_1      | 
scm_1        | Saving to: '/etc/security/keytabs/scm.keytab'
datanode3_1  | 	at org.apache.hadoop.net.NetUtils.wrapWithMessage(NetUtils.java:833)
s3g_1        | 
datanode2_1  | 2020-11-03 05:49:14,965 [a803384b-6e7e-447b-9e2e-5bf8bb8109db@group-E7FA4C999BF0-LeaderElection1] INFO impl.RaftServerImpl: a803384b-6e7e-447b-9e2e-5bf8bb8109db@group-E7FA4C999BF0: set configuration 0: [a803384b-6e7e-447b-9e2e-5bf8bb8109db:172.25.0.103:9858:0], old=null at 0
kdc_1        | Nov 03 05:48:04 kdc krb5kdc[8](info): AS_REQ (8 etypes {18 17 20 19 16 23 25 26}) 127.0.0.1: ISSUE: authtime 1604382484, etypes {rep=18 tkt=18 ses=18}, admin/admin@EXAMPLE.COM for kadmin/admin@kadmind[13](Notice): Request: kadm5_get_principal, test/test@EXAMPLE.COM, success, client=admin/admin@EXAMPLE.COM, service=kadmin/admin@EXAMPLE.COM, addr=127.0.0.1
om1_1        |    2 11/03/20 05:48:04 om/om1@EXAMPLE.COM
om3_1        | 
kms_1        | #
om2_1        | Keytab name: FILE:/etc/security/keytabs/om.keytab
recon_1      |      0K                                                       100% 31.1M=0s
scm_1        | 
datanode3_1  | 	at org.apache.hadoop.net.NetUtils.wrapException(NetUtils.java:777)
s3g_1        |      0K                                                       100% 6.61M=0s
datanode2_1  | 2020-11-03 05:49:15,370 [a803384b-6e7e-447b-9e2e-5bf8bb8109db@group-E7FA4C999BF0-SegmentedRaftLogWorker] INFO segmented.SegmentedRaftLogWorker: a803384b-6e7e-447b-9e2e-5bf8bb8109db@group-E7FA4C999BF0-SegmentedRaftLogWorker: created new log segment /data/metadata/ratis/c765ef58-ac98-41a4-9372-e7fa4c999bf0/current/log_inprogress_0
kdc_1        | Nov 03 05:48:04 kdc kadmind[13](info): closing down fd 18
om1_1        |    2 11/03/20 05:48:04 om/om1@EXAMPLE.COM
om3_1        |      0K                                                       100% 26.2M=0s
kms_1        | # Unless required by applicable law or agreed to in writing, software
om2_1        | KVNO Timestamp         Principal
recon_1      | 
scm_1        |      0K                                                       100% 25.1M=0s
datanode3_1  | 	at org.apache.hadoop.ipc.Client.getRpcResponse(Client.java:1549)
s3g_1        | 
datanode2_1  | 2020-11-03 05:49:15,399 [grpc-default-executor-1] INFO ratis.XceiverServerRatis: Leader change notification received for group: group-314CA2937207 with new leaderId: 49460cae-ba60-4923-8815-c3a38836c7b2
kdc_1        | Nov 03 05:48:04 kdc kadmind[13](Notice): Request: kadm5_init, admin/admin@EXAMPLE.COM, success, client=admin/admin@EXAMPLE.COM, service=kadmin/admin@EXAMPLE.COM, addr=127.0.0.1, vers=4, flavor=6
om1_1        | Download HTTP/om1@EXAMPLE.COM keytab file to /etc/security/keytabs/HTTP.keytab
om3_1        | 
kms_1        | # distributed under the License is distributed on an "AS IS" BASIS,
om2_1        | ---- ----------------- --------------------------------------------------------
recon_1      | 2020-11-03 05:48:06 (31.1 MB/s) - '/etc/security/keytabs/recon.keytab' saved [150/150]
scm_1        | 
datanode3_1  | 	at org.apache.hadoop.ipc.Client.call(Client.java:1491)
s3g_1        | 2020-11-03 05:48:06 (6.61 MB/s) - '/etc/security/keytabs/s3g.keytab' saved [142/142]
datanode2_1  | 2020-11-03 05:49:15,401 [grpc-default-executor-1] INFO impl.RaftServerImpl: a803384b-6e7e-447b-9e2e-5bf8bb8109db@group-314CA2937207: change Leader from null to 49460cae-ba60-4923-8815-c3a38836c7b2 at term 1 for appendEntries, leader elected after 5726ms
kdc_1        | Nov 03 05:48:04 kdc kadmind[13](Notice): Request: kadm5_get_policy, default, Policy does not exist, client=admin/admin@EXAMPLE.COM, service=kadmin/admin@EXAMPLE.COM, addr=127.0.0.1
om1_1        | --2020-11-03 05:48:04--  http://kdc:8081/keytab/om1/HTTP
om3_1        | 2020-11-03 05:48:06 (26.2 MB/s) - '/etc/security/keytabs/om.keytab' saved [140/140]
kms_1        | # WITHOUT WARRANTIES OR CONDITIONS OF ANY KIND, either express or implied.
om2_1        |    2 11/03/20 05:48:07 om/om2@EXAMPLE.COM
recon_1      | 
scm_1        | 2020-11-03 05:48:05 (25.1 MB/s) - '/etc/security/keytabs/scm.keytab' saved [142/142]
datanode3_1  | 	at org.apache.hadoop.ipc.Client.call(Client.java:1388)
s3g_1        | 
datanode2_1  | 2020-11-03 05:49:15,538 [grpc-default-executor-1] INFO impl.RaftServerImpl: a803384b-6e7e-447b-9e2e-5bf8bb8109db@group-314CA2937207: set configuration 0: [409095ff-dd95-417d-8439-8b5cab4167ea:172.25.0.104:9858:0, a803384b-6e7e-447b-9e2e-5bf8bb8109db:172.25.0.103:9858:0, 49460cae-ba60-4923-8815-c3a38836c7b2:172.25.0.102:9858:0], old=null at 0
kdc_1        | Nov 03 05:48:04 kdc kadmind[13](Notice): Request: kadm5_create_principal, om/om1@EXAMPLE.COM, success, client=admin/admin@EXAMPLE.COM, service=kadmin/admin@EXAMPLE.COM, addr=127.0.0.1
om1_1        | Resolving kdc (kdc)... 172.25.0.100
om3_1        | 
