recon_1      | 	at org.apache.hadoop.ozone.recon.spi.impl.OzoneManagerServiceProviderImpl.lambda$start$0(OzoneManagerServiceProviderImpl.java:233)
scm_1        | 2020-11-03 05:49:03,826 [Socket Reader #1 for port 9861] INFO authorize.ServiceAuthorizationManager: Authorization successful for dn/51ea014157c4@EXAMPLE.COM (auth:KERBEROS) for protocol=interface org.apache.hadoop.ozone.protocol.StorageContainerDatanodeProtocol
om1_1        | 	at org.apache.hadoop.ozone.protocolPB.OzoneManagerProtocolServerSideTranslatorPB.submitReadRequestToOM(OzoneManagerProtocolServerSideTranslatorPB.java:186)
om2_1        | 2020-11-03 05:49:27,108 [om2@group-562213E44849-LeaderElection1] INFO server.RaftServerConfigKeys: raft.server.log.appender.buffer.element-limit = 1024 (custom)
kdc_1        | Authenticating as principal admin/admin with keytab /tmp/admin.keytab.
om3_1        | 2020-11-03 05:49:45,400 [OM StateMachine ApplyTransaction Thread - 0] INFO volume.OMVolumeCreateRequest: created volume:vol1 for user:testuser/scm@EXAMPLE.COM
recon_1      | 	at java.base/java.util.concurrent.Executors$RunnableAdapter.call(Executors.java:515)
scm_1        | 2020-11-03 05:49:05,135 [IPC Server handler 8 on default port 9861] INFO net.NetworkTopologyImpl: Added a new node: /default-rack/a803384b-6e7e-447b-9e2e-5bf8bb8109db
om1_1        | 	at org.apache.hadoop.ozone.protocolPB.OzoneManagerProtocolServerSideTranslatorPB.processRequest(OzoneManagerProtocolServerSideTranslatorPB.java:123)
om2_1        | 2020-11-03 05:49:27,129 [om2@group-562213E44849-LeaderElection1] INFO grpc.GrpcConfigKeys: raft.grpc.server.leader.outstanding.appends.max = 128 (default)
om2_1        | 2020-11-03 05:49:27,132 [om2@group-562213E44849-LeaderElection1] INFO server.RaftServerConfigKeys: raft.server.rpc.request.timeout = 3000ms (default)
om3_1        | 2020-11-03 05:50:08,244 [OM StateMachine ApplyTransaction Thread - 0] INFO volume.OMVolumeCreateRequest: created volume:07319-source for user:testuser/scm@EXAMPLE.COM
recon_1      | 	at java.base/java.util.concurrent.FutureTask.runAndReset(FutureTask.java:305)
scm_1        | 2020-11-03 05:49:05,136 [IPC Server handler 58 on default port 9861] INFO net.NetworkTopologyImpl: Added a new node: /default-rack/49460cae-ba60-4923-8815-c3a38836c7b2
om1_1        | 	at org.apache.hadoop.hdds.server.OzoneProtocolMessageDispatcher.processRequest(OzoneProtocolMessageDispatcher.java:87)
kdc_1        | Principal "testuser/s3g@EXAMPLE.COM" created.
om2_1        | 2020-11-03 05:49:27,132 [om2@group-562213E44849-LeaderElection1] INFO server.RaftServerConfigKeys: raft.server.log.appender.install.snapshot.enabled = false (custom)
om3_1        | 2020-11-03 05:50:11,657 [OM StateMachine ApplyTransaction Thread - 0] INFO volume.OMVolumeCreateRequest: created volume:07319-target for user:testuser/scm@EXAMPLE.COM
recon_1      | 	at java.base/java.util.concurrent.ScheduledThreadPoolExecutor$ScheduledFutureTask.run(ScheduledThreadPoolExecutor.java:305)
scm_1        | 2020-11-03 05:49:05,226 [IPC Server handler 8 on default port 9861] INFO node.SCMNodeManager: Registered Data node : a803384b-6e7e-447b-9e2e-5bf8bb8109db{ip: 172.25.0.103, host: ozonesecure-om-ha_datanode2_1.ozonesecure-om-ha_ozone_net, networkLocation: /default-rack, certSerialId: 3639663648315}
om1_1        | 	at org.apache.hadoop.ozone.protocolPB.OzoneManagerProtocolServerSideTranslatorPB.submitRequest(OzoneManagerProtocolServerSideTranslatorPB.java:113)
kdc_1        | Authenticating as principal admin/admin with keytab /tmp/admin.keytab.
om2_1        | 2020-11-03 05:49:27,134 [om2@group-562213E44849-LeaderElection1] INFO metrics.RatisMetrics: Creating Metrics Registry : ratis_grpc.log_appender.om2@group-562213E44849
om3_1        | 2020-11-03 05:50:14,869 [Socket Reader #1 for port 9862] INFO ipc.Server: Auth successful for recon/recon@EXAMPLE.COM (auth:KERBEROS)
recon_1      | 	at java.base/java.util.concurrent.ThreadPoolExecutor.runWorker(ThreadPoolExecutor.java:1128)
scm_1        | 2020-11-03 05:49:05,156 [IPC Server handler 58 on default port 9861] INFO node.SCMNodeManager: Registered Data node : 49460cae-ba60-4923-8815-c3a38836c7b2{ip: 172.25.0.102, host: ozonesecure-om-ha_datanode1_1.ozonesecure-om-ha_ozone_net, networkLocation: /default-rack, certSerialId: 3640087580436}
om1_1        | 	at org.apache.hadoop.ozone.protocol.proto.OzoneManagerProtocolProtos$OzoneManagerService$2.callBlockingMethod(OzoneManagerProtocolProtos.java)
kdc_1        | WARNING: no policy specified for testuser/s3g@EXAMPLE.COM; defaulting to no policy
om2_1        | 2020-11-03 05:49:27,180 [om2@group-562213E44849-LeaderElection1] INFO server.RaftServerConfigKeys: raft.server.log.appender.snapshot.chunk.size.max = 16MB (=16777216) (default)
om3_1        | 2020-11-03 05:50:14,888 [Socket Reader #1 for port 9862] INFO authorize.ServiceAuthorizationManager: Authorization successful for recon/recon@EXAMPLE.COM (auth:KERBEROS) for protocol=interface org.apache.hadoop.ozone.om.protocol.OzoneManagerProtocol
recon_1      | 	at java.base/java.util.concurrent.ThreadPoolExecutor$Worker.run(ThreadPoolExecutor.java:628)
scm_1        | 2020-11-03 05:49:05,422 [EventQueue-NodeRegistrationContainerReportForContainerSafeModeRule] INFO safemode.SCMSafeModeManager: ContainerSafeModeRule rule is successfully validated
om1_1        | 	at org.apache.hadoop.ipc.ProtobufRpcEngine$Server$ProtoBufRpcInvoker.call(ProtobufRpcEngine.java:528)
kdc_1        | Entry for principal testuser/s3g@EXAMPLE.COM with kvno 2, encryption type aes256-cts-hmac-sha1-96 added to keytab WRFILE:/data/testuser.s3g.keytab.
om2_1        | 2020-11-03 05:49:27,180 [om2@group-562213E44849-LeaderElection1] INFO server.RaftServerConfigKeys: raft.server.log.appender.buffer.byte-limit = 33554432 (custom)
om3_1        | 2020-11-03 05:50:15,269 [IPC Server handler 11 on default port 9862] INFO ipc.Server: IPC Server handler 11 on default port 9862, call Call#9 Retry#1 org.apache.hadoop.ozone.om.protocol.OzoneManagerProtocol.submitRequest from 172.25.0.115:34553
recon_1      | 	at java.base/java.lang.Thread.run(Thread.java:834)
scm_1        | 2020-11-03 05:49:05,507 [EventQueue-NodeRegistrationContainerReportForContainerSafeModeRule] INFO safemode.SCMSafeModeManager: ContainerSafeModeRule rule is successfully validated
om1_1        | 	at org.apache.hadoop.ipc.RPC$Server.call(RPC.java:1070)
kdc_1        | Entry for principal testuser/s3g@EXAMPLE.COM with kvno 2, encryption type aes128-cts-hmac-sha1-96 added to keytab WRFILE:/data/testuser.s3g.keytab.
om2_1        | 2020-11-03 05:49:27,180 [om2@group-562213E44849-LeaderElection1] INFO server.RaftServerConfigKeys: raft.server.log.appender.buffer.element-limit = 1024 (custom)
om3_1        | org.apache.hadoop.ozone.om.exceptions.OMNotLeaderException: OM:om3 is not the leader. Suggested leader is OM:om2.
om3_1        | 	at org.apache.hadoop.ozone.protocolPB.OzoneManagerProtocolServerSideTranslatorPB.createNotLeaderException(OzoneManagerProtocolServerSideTranslatorPB.java:198)
recon_1      | Caused by: java.net.ConnectException: Connection refused
om1_1        | 	at org.apache.hadoop.ipc.Server$RpcCall.run(Server.java:999)
kdc_1        | Generiting keytab
om2_1        | 2020-11-03 05:49:27,180 [om2@group-562213E44849-LeaderElection1] INFO grpc.GrpcConfigKeys: raft.grpc.server.leader.outstanding.appends.max = 128 (default)
om3_1        | 	at org.apache.hadoop.ozone.protocolPB.OzoneManagerProtocolServerSideTranslatorPB.submitReadRequestToOM(OzoneManagerProtocolServerSideTranslatorPB.java:186)
scm_1        | 2020-11-03 05:49:05,504 [EventQueue-NodeRegistrationContainerReportForDataNodeSafeModeRule] INFO safemode.SCMSafeModeManager: SCM in safe mode. 1 DataNodes registered, 3 required.
recon_1      | 	at java.base/sun.nio.ch.SocketChannelImpl.checkConnect(Native Method)
om1_1        | 	at org.apache.hadoop.ipc.Server$RpcCall.run(Server.java:927)
kdc_1        | Authenticating as principal admin/admin with keytab /tmp/admin.keytab.
om2_1        | 2020-11-03 05:49:27,180 [om2@group-562213E44849-LeaderElection1] INFO server.RaftServerConfigKeys: raft.server.rpc.request.timeout = 3000ms (default)
om3_1        | 	at org.apache.hadoop.ozone.protocolPB.OzoneManagerProtocolServerSideTranslatorPB.processRequest(OzoneManagerProtocolServerSideTranslatorPB.java:123)
om3_1        | 	at org.apache.hadoop.hdds.server.OzoneProtocolMessageDispatcher.processRequest(OzoneProtocolMessageDispatcher.java:87)
scm_1        | 2020-11-03 05:49:05,589 [EventQueue-NodeRegistrationContainerReportForDataNodeSafeModeRule] INFO safemode.SCMSafeModeManager: SCM in safe mode. 2 DataNodes registered, 3 required.
om1_1        | 	at java.base/java.security.AccessController.doPrivileged(Native Method)
kdc_1        | WARNING: no policy specified for om/om2@EXAMPLE.COM; defaulting to no policy
om2_1        | 2020-11-03 05:49:27,180 [om2@group-562213E44849-LeaderElection1] INFO server.RaftServerConfigKeys: raft.server.log.appender.install.snapshot.enabled = false (custom)
om3_1        | 	at org.apache.hadoop.ozone.protocolPB.OzoneManagerProtocolServerSideTranslatorPB.submitRequest(OzoneManagerProtocolServerSideTranslatorPB.java:113)
recon_1      | 	at java.base/sun.nio.ch.SocketChannelImpl.finishConnect(SocketChannelImpl.java:779)
scm_1        | 2020-11-03 05:49:05,918 [RatisPipelineUtilsThread] INFO pipeline.RatisPipelineProvider: Sending CreatePipelineCommand for pipeline:PipelineID=c765ef58-ac98-41a4-9372-e7fa4c999bf0 to datanode:a803384b-6e7e-447b-9e2e-5bf8bb8109db
om1_1        | 	at java.base/javax.security.auth.Subject.doAs(Subject.java:423)
kdc_1        | Principal "om/om2@EXAMPLE.COM" created.
om2_1        | 2020-11-03 05:49:27,203 [om2@group-562213E44849-LeaderElection1] INFO impl.RoleInfo: om2: start LeaderState
om3_1        | 	at org.apache.hadoop.ozone.protocol.proto.OzoneManagerProtocolProtos$OzoneManagerService$2.callBlockingMethod(OzoneManagerProtocolProtos.java)
recon_1      | 	at org.apache.hadoop.net.SocketIOWithTimeout.connect(SocketIOWithTimeout.java:206)
scm_1        | 2020-11-03 05:49:05,957 [IPC Server handler 13 on default port 9861] INFO net.NetworkTopologyImpl: Added a new node: /default-rack/409095ff-dd95-417d-8439-8b5cab4167ea
om1_1        | 	at org.apache.hadoop.security.UserGroupInformation.doAs(UserGroupInformation.java:1730)
kdc_1        | Authenticating as principal admin/admin with keytab /tmp/admin.keytab.
om2_1        | 2020-11-03 05:49:27,257 [om2@group-562213E44849-LeaderElection1] INFO segmented.SegmentedRaftLogWorker: om2@group-562213E44849-SegmentedRaftLogWorker: Starting segment from index:0
om3_1        | 	at org.apache.hadoop.ipc.ProtobufRpcEngine$Server$ProtoBufRpcInvoker.call(ProtobufRpcEngine.java:528)
recon_1      | 	at org.apache.hadoop.net.NetUtils.connect(NetUtils.java:533)
scm_1        | 2020-11-03 05:49:05,959 [IPC Server handler 13 on default port 9861] INFO node.SCMNodeManager: Registered Data node : 409095ff-dd95-417d-8439-8b5cab4167ea{ip: 172.25.0.104, host: ozonesecure-om-ha_datanode3_1.ozonesecure-om-ha_ozone_net, networkLocation: /default-rack, certSerialId: 3639681195332}
om1_1        | 	at org.apache.hadoop.ipc.Server$Handler.run(Server.java:2915)
kdc_1        | Entry for principal om/om2@EXAMPLE.COM with kvno 2, encryption type aes256-cts-hmac-sha1-96 added to keytab WRFILE:/data/om.om2.keytab.
om2_1        | 2020-11-03 05:49:27,327 [om2@group-562213E44849-LeaderElection1] INFO impl.RaftServerImpl: om2@group-562213E44849: set configuration 0: [om1:om1:9872:0, om3:om3:9872:0, om2:om2:9872:0], old=null at 0
om3_1        | 	at org.apache.hadoop.ipc.RPC$Server.call(RPC.java:1070)
recon_1      | 	at org.apache.hadoop.ipc.Client$Connection.setupConnection(Client.java:700)
scm_1        | 2020-11-03 05:49:05,962 [EventQueue-NodeRegistrationContainerReportForDataNodeSafeModeRule] INFO safemode.SCMSafeModeManager: SCM in safe mode. 3 DataNodes registered, 3 required.
om1_1        | 2020-11-03 05:49:37,486 [OM StateMachine ApplyTransaction Thread - 0] INFO volume.OMVolumeCreateRequest: created volume:vol-0-04219 for user:testuser/scm@EXAMPLE.COM
kdc_1        | Entry for principal om/om2@EXAMPLE.COM with kvno 2, encryption type aes128-cts-hmac-sha1-96 added to keytab WRFILE:/data/om.om2.keytab.
om2_1        | 2020-11-03 05:49:27,621 [om2@group-562213E44849-SegmentedRaftLogWorker] INFO segmented.SegmentedRaftLogWorker: om2@group-562213E44849-SegmentedRaftLogWorker: created new log segment /data/metadata/ratis/fafe1b60-c241-37cc-98f4-562213e44849/current/log_inprogress_0
om3_1        | 	at org.apache.hadoop.ipc.Server$RpcCall.run(Server.java:999)
recon_1      | 	at org.apache.hadoop.ipc.Client$Connection.setupIOstreams(Client.java:804)
scm_1        | 2020-11-03 05:49:05,968 [EventQueue-NodeRegistrationContainerReportForContainerSafeModeRule] INFO safemode.SCMSafeModeManager: ContainerSafeModeRule rule is successfully validated
om1_1        | 2020-11-03 05:49:44,857 [Socket Reader #1 for port 9862] INFO ipc.Server: Auth successful for testuser/scm@EXAMPLE.COM (auth:KERBEROS)
kdc_1        | Generiting keytab
om2_1        | 2020-11-03 05:49:30,443 [Listener at om2/9862] INFO http.BaseHttpServer: HTTP server of ozoneManager listening at http://0.0.0.0:9874
om3_1        | 	at org.apache.hadoop.ipc.Server$RpcCall.run(Server.java:927)
recon_1      | 	at org.apache.hadoop.ipc.Client$Connection.access$3800(Client.java:421)
scm_1        | 2020-11-03 05:49:06,020 [EventQueue-NodeRegistrationContainerReportForDataNodeSafeModeRule] INFO safemode.SCMSafeModeManager: DataNodeSafeModeRule rule is successfully validated
om1_1        | 2020-11-03 05:49:44,870 [Socket Reader #1 for port 9862] INFO authorize.ServiceAuthorizationManager: Authorization successful for testuser/scm@EXAMPLE.COM (auth:KERBEROS) for protocol=interface org.apache.hadoop.ozone.om.protocol.OzoneManagerProtocol
kdc_1        | Authenticating as principal admin/admin with keytab /tmp/admin.keytab.
om2_1        | 2020-11-03 05:49:30,443 [IPC Server Responder] INFO ipc.Server: IPC Server Responder: starting
om3_1        | 	at java.base/java.security.AccessController.doPrivileged(Native Method)
recon_1      | 	at org.apache.hadoop.ipc.Client.getConnection(Client.java:1606)
scm_1        | 2020-11-03 05:49:06,020 [EventQueue-NodeRegistrationContainerReportForDataNodeSafeModeRule] INFO safemode.SCMSafeModeManager: All SCM safe mode pre check rules have passed
om1_1        | 2020-11-03 05:49:44,876 [IPC Server handler 47 on default port 9862] INFO ipc.Server: IPC Server handler 47 on default port 9862, call Call#0 Retry#0 org.apache.hadoop.ozone.om.protocol.OzoneManagerProtocol.submitRequest from 172.25.0.116:36865
kdc_1        | WARNING: no policy specified for HTTP/om2@EXAMPLE.COM; defaulting to no policy
om2_1        | 2020-11-03 05:49:30,445 [IPC Server listener on 9862] INFO ipc.Server: IPC Server listener on 9862: starting
om3_1        | 	at java.base/javax.security.auth.Subject.doAs(Subject.java:423)
recon_1      | 	at org.apache.hadoop.ipc.Client.call(Client.java:1435)
scm_1        | 2020-11-03 05:49:06,174 [RatisPipelineUtilsThread] INFO pipeline.PipelineStateManager: Created pipeline Pipeline[ Id: c765ef58-ac98-41a4-9372-e7fa4c999bf0, Nodes: a803384b-6e7e-447b-9e2e-5bf8bb8109db{ip: 172.25.0.103, host: ozonesecure-om-ha_datanode2_1.ozonesecure-om-ha_ozone_net, networkLocation: /default-rack, certSerialId: null}, Type:RATIS, Factor:ONE, State:ALLOCATED, leaderId:, CreationTimestamp2020-11-03T05:49:05.554584Z]
om1_1        | org.apache.hadoop.ozone.om.exceptions.OMNotLeaderException: OM:om1 is not the leader. Suggested leader is OM:om2.
kdc_1        | Principal "HTTP/om2@EXAMPLE.COM" created.
om2_1        | 2020-11-03 05:49:30,470 [org.apache.hadoop.util.JvmPauseMonitor$Monitor@694dc99b] INFO util.JvmPauseMonitor: Starting JVM pause monitor
om3_1        | 	at org.apache.hadoop.security.UserGroupInformation.doAs(UserGroupInformation.java:1730)
recon_1      | 	... 34 more
scm_1        | 2020-11-03 05:49:06,213 [RatisPipelineUtilsThread] INFO pipeline.RatisPipelineProvider: Sending CreatePipelineCommand for pipeline:PipelineID=0758a50d-2791-4dd1-9c3a-314ca2937207 to datanode:49460cae-ba60-4923-8815-c3a38836c7b2
om1_1        | 	at org.apache.hadoop.ozone.protocolPB.OzoneManagerProtocolServerSideTranslatorPB.createNotLeaderException(OzoneManagerProtocolServerSideTranslatorPB.java:198)
kdc_1        | Authenticating as principal admin/admin with keytab /tmp/admin.keytab.
om2_1        | 2020-11-03 05:49:34,785 [Socket Reader #1 for port 9862] INFO ipc.Server: Auth successful for testuser/scm@EXAMPLE.COM (auth:KERBEROS)
recon_1      | 2020-11-03 05:49:14,707 [pool-14-thread-1] ERROR impl.OzoneManagerServiceProviderImpl: Null snapshot location got from OM.
scm_1        | 2020-11-03 05:49:06,222 [RatisPipelineUtilsThread] INFO pipeline.RatisPipelineProvider: Sending CreatePipelineCommand for pipeline:PipelineID=0758a50d-2791-4dd1-9c3a-314ca2937207 to datanode:409095ff-dd95-417d-8439-8b5cab4167ea
om1_1        | 	at org.apache.hadoop.ozone.protocolPB.OzoneManagerProtocolServerSideTranslatorPB.submitReadRequestToOM(OzoneManagerProtocolServerSideTranslatorPB.java:186)
kdc_1        | Entry for principal HTTP/om2@EXAMPLE.COM with kvno 2, encryption type aes256-cts-hmac-sha1-96 added to keytab WRFILE:/data/HTTP.om2.keytab.
om2_1        | 2020-11-03 05:49:34,799 [Socket Reader #1 for port 9862] INFO authorize.ServiceAuthorizationManager: Authorization successful for testuser/scm@EXAMPLE.COM (auth:KERBEROS) for protocol=interface org.apache.hadoop.ozone.om.protocol.OzoneManagerProtocol
om3_1        | 	at org.apache.hadoop.ipc.Server$Handler.run(Server.java:2915)
recon_1      | 2020-11-03 05:49:14,761 [EventQueue-PipelineReportForReconPipelineReportHandler] INFO scm.ReconPipelineReportHandler: Pipeline THREE PipelineID=0758a50d-2791-4dd1-9c3a-314ca2937207 reported by 49460cae-ba60-4923-8815-c3a38836c7b2{ip: 172.25.0.102, host: ozonesecure-om-ha_datanode1_1.ozonesecure-om-ha_ozone_net, networkLocation: /default-rack, certSerialId: 3640087580436}
scm_1        | 2020-11-03 05:49:06,222 [RatisPipelineUtilsThread] INFO pipeline.RatisPipelineProvider: Sending CreatePipelineCommand for pipeline:PipelineID=0758a50d-2791-4dd1-9c3a-314ca2937207 to datanode:a803384b-6e7e-447b-9e2e-5bf8bb8109db
scm_1        | 2020-11-03 05:49:06,228 [RatisPipelineUtilsThread] INFO pipeline.PipelineStateManager: Created pipeline Pipeline[ Id: 0758a50d-2791-4dd1-9c3a-314ca2937207, Nodes: 49460cae-ba60-4923-8815-c3a38836c7b2{ip: 172.25.0.102, host: ozonesecure-om-ha_datanode1_1.ozonesecure-om-ha_ozone_net, networkLocation: /default-rack, certSerialId: null}409095ff-dd95-417d-8439-8b5cab4167ea{ip: 172.25.0.104, host: ozonesecure-om-ha_datanode3_1.ozonesecure-om-ha_ozone_net, networkLocation: /default-rack, certSerialId: null}a803384b-6e7e-447b-9e2e-5bf8bb8109db{ip: 172.25.0.103, host: ozonesecure-om-ha_datanode2_1.ozonesecure-om-ha_ozone_net, networkLocation: /default-rack, certSerialId: null}, Type:RATIS, Factor:THREE, State:ALLOCATED, leaderId:, CreationTimestamp2020-11-03T05:49:06.213576Z]
kdc_1        | Entry for principal HTTP/om2@EXAMPLE.COM with kvno 2, encryption type aes128-cts-hmac-sha1-96 added to keytab WRFILE:/data/HTTP.om2.keytab.
om2_1        | 2020-11-03 05:49:36,529 [OM StateMachine ApplyTransaction Thread - 0] INFO volume.OMVolumeCreateRequest: created volume:vol-0-04219 for user:testuser/scm@EXAMPLE.COM
om3_1        | 2020-11-03 05:52:33,009 [OM StateMachine ApplyTransaction Thread - 0] ERROR bucket.OMBucketCreateRequest: Bucket creation failed for bucket:link2 in volume:07319-target
scm_1    