om1_1        | 2020-11-03 05:49:18,388 [main] INFO security.OzoneDelegationTokenSecretManager: Loading token state into token manager.
om2_1        | 2020-11-03 05:49:17,843 [main] INFO metrics.MetricRegistries: Loaded MetricRegistries class org.apache.ratis.metrics.impl.MetricRegistriesImpl
scm_1        | 2020-11-03 05:48:43,692 [Listener at 0.0.0.0/9961] INFO algorithms.PipelineChoosePolicyFactory: Create pipeline choose policy of type org.apache.hadoop.hdds.scm.pipeline.choose.algorithms.RandomPipelineChoosePolicy
om3_1        | 2020-11-03 05:49:12,345 [main] INFO security.UserGroupInformation: Login successful for user om/om3@EXAMPLE.COM using keytab file /etc/security/keytabs/om.keytab
kdc_1        | Nov 03 05:48:05 kdc krb5kdc[8](info): AS_REQ (8 etypes {18 17 20 19 16 23 25 26}) 127.0.0.1: SERVER_NOT_FOUND: admin/admin@EXAMPLE.COM for kadmin/localhost@EXAMPLE.COM, Server not found in Kerberos database
recon_1      | 2020-11-03 05:48:50,972 [IPC Server Responder] INFO ipc.Server: IPC Server Responder: starting
datanode3_1  | 2020-11-03 05:49:10,634 [pool-20-thread-1] INFO metrics.RatisMetrics: Creating Metrics Registry : ratis.leader_election.409095ff-dd95-417d-8439-8b5cab4167ea@group-314CA2937207
om1_1        | 2020-11-03 05:49:18,750 [main] INFO om.OzoneManager: Created Volume s3v With Owner root required for S3Gateway operations.
om2_1        | 2020-11-03 05:49:17,970 [main] WARN server.ServerUtils: Storage directory for Ratis is not configured. It is a good idea to map this to an SSD disk. Falling back to ozone.metadata.dirs
scm_1        | 2020-11-03 05:48:43,777 [Listener at 0.0.0.0/9961] INFO safemode.HealthyPipelineSafeModeRule: Total pipeline count is 0, healthy pipeline threshold count is 1
om3_1        | 2020-11-03 05:49:12,345 [main] INFO om.OzoneManager: Ozone Manager login successful.
kdc_1        | Nov 03 05:48:05 kdc krb5kdc[8](info): AS_REQ (8 etypes {18 17 20 19 16 23 25 26}) 127.0.0.1: ISSUE: authtime 1604382485, etypes {rep=18 tkt=18 ses=18}, admin/admin@EXAMPLE.COM for kadmin/admin@EXAMPLE.COM
recon_1      | 2020-11-03 05:48:51,480 [Listener at 0.0.0.0/9891] INFO scm.ReconScmTask: Registered PipelineSyncTask task 
datanode3_1  | 2020-11-03 05:49:10,661 [pool-20-thread-1] INFO metrics.RatisMetrics: Creating Metrics Registry : ratis.server.409095ff-dd95-417d-8439-8b5cab4167ea@group-314CA2937207
om1_1        | 2020-11-03 05:49:18,789 [main] INFO metrics.MetricRegistries: Loaded MetricRegistries class org.apache.ratis.metrics.impl.MetricRegistriesImpl
om1_1        | 2020-11-03 05:49:19,014 [main] WARN server.ServerUtils: Storage directory for Ratis is not configured. It is a good idea to map this to an SSD disk. Falling back to ozone.metadata.dirs
scm_1        | 2020-11-03 05:48:43,779 [Listener at 0.0.0.0/9961] INFO safemode.OneReplicaPipelineSafeModeRule: Total pipeline count is 0, pipeline's with at least one datanode reported threshold count is 0
om3_1        | 2020-11-03 05:49:12,352 [main] WARN server.ServerUtils: ozone.om.db.dirs is not configured. We recommend adding this setting. Falling back to ozone.metadata.dirs instead.
kdc_1        | Nov 03 05:48:05 kdc krb5kdc[8](info): AS_REQ (8 etypes {18 17 20 19 16 23 25 26}) 127.0.0.1: SERVER_NOT_FOUND: admin/admin@EXAMPLE.COM for kadmin/localhost@EXAMPLE.COM, Server not found in Kerberos database
recon_1      | 2020-11-03 05:48:51,482 [Listener at 0.0.0.0/9891] INFO scm.ReconScmTask: Starting PipelineSyncTask Thread.
om1_1        | 2020-11-03 05:49:19,149 [main] INFO ratis.OzoneManagerRatisServer: Instantiating OM Ratis server with GroupID: id1 and Raft Peers: om1:9872, om2:9872, om3:9872
om2_1        | 2020-11-03 05:49:18,201 [main] INFO ratis.OzoneManagerRatisServer: Instantiating OM Ratis server with GroupID: id1 and Raft Peers: om2:9872, om1:9872, om3:9872
datanode3_1  | 2020-11-03 05:49:10,734 [pool-20-thread-1] INFO impl.RaftServerImpl: 409095ff-dd95-417d-8439-8b5cab4167ea@group-314CA2937207: start as a follower, conf=-1: [409095ff-dd95-417d-8439-8b5cab4167ea:172.25.0.104:9858:0, a803384b-6e7e-447b-9e2e-5bf8bb8109db:172.25.0.103:9858:0, 49460cae-ba60-4923-8815-c3a38836c7b2:172.25.0.102:9858:0], old=null
scm_1        | 2020-11-03 05:48:44,773 [Listener at 0.0.0.0/9961] INFO ipc.CallQueueManager: Using callQueue: class java.util.concurrent.LinkedBlockingQueue, queueCapacity: 10000, scheduler: class org.apache.hadoop.ipc.DefaultRpcScheduler, ipcBackoff: false.
om3_1        | 2020-11-03 05:49:17,761 [main] INFO client.OMCertificateClient: Loading certificate from location:/data/metadata/om/certs.
kdc_1        | Nov 03 05:48:05 kdc krb5kdc[8](info): AS_REQ (8 etypes {18 17 20 19 16 23 25 26}) 127.0.0.1: ISSUE: authtime 1604382485, etypes {rep=18 tkt=18 ses=18}, admin/admin@EXAMPLE.COM for kadmin/admin@EXAMPLE.COM
recon_1      | 2020-11-03 05:48:51,517 [Listener at 0.0.0.0/9891] INFO scm.ReconScmTask: Registered ContainerHealthTask task 
om1_1        | 2020-11-03 05:49:19,208 [main] INFO ratis.OzoneManagerStateMachine: LastAppliedIndex is set from TransactionInfo from OM DB as (t:0, i:~)
om2_1        | 2020-11-03 05:49:18,237 [main] INFO ratis.OzoneManagerStateMachine: LastAppliedIndex is set from TransactionInfo from OM DB as (t:0, i:~)
datanode3_1  | 2020-11-03 05:49:10,744 [pool-20-thread-1] INFO impl.RaftServerImpl: 409095ff-dd95-417d-8439-8b5cab4167ea@group-314CA2937207: changes role from      null to FOLLOWER at term 0 for startAsFollower
scm_1        | 2020-11-03 05:48:44,782 [Socket Reader #1 for port 9861] INFO ipc.Server: Starting Socket Reader #1 for port 9861
om3_1        | 2020-11-03 05:49:18,212 [main] INFO client.OMCertificateClient: Added certificate from file:/data/metadata/om/certs/CA-1.crt.
kdc_1        | Nov 03 05:48:06 kdc krb5kdc[8](info): AS_REQ (8 etypes {18 17 20 19 16 23 25 26}) 127.0.0.1: SERVER_NOT_FOUND: admin/admin@EXAMPLE.COM for kadmin/localhost@EXAMPLE.COM, Server not found in Kerberos database
recon_1      | 2020-11-03 05:48:51,517 [Listener at 0.0.0.0/9891] INFO scm.ReconScmTask: Starting ContainerHealthTask Thread.
om1_1        | 2020-11-03 05:49:19,307 [main] INFO impl.RaftServerProxy: raft.rpc.type = GRPC (default)
om2_1        | 2020-11-03 05:49:18,374 [main] INFO impl.RaftServerProxy: raft.rpc.type = GRPC (default)
datanode3_1  | 2020-11-03 05:49:10,752 [pool-20-thread-1] INFO impl.RoleInfo: 409095ff-dd95-417d-8439-8b5cab4167ea: start FollowerState
scm_1        | 2020-11-03 05:48:44,821 [Listener at 0.0.0.0/9861] INFO ipc.CallQueueManager: Using callQueue: class java.util.concurrent.LinkedBlockingQueue, queueCapacity: 10000, scheduler: class org.apache.hadoop.ipc.DefaultRpcScheduler, ipcBackoff: false.
om3_1        | 2020-11-03 05:49:18,234 [main] INFO client.OMCertificateClient: Added certificate from file:/data/metadata/om/certs/3649001959281.crt.
kdc_1        | Nov 03 05:48:06 kdc krb5kdc[8](info): AS_REQ (8 etypes {18 17 20 19 16 23 25 26}) 127.0.0.1: ISSUE: authtime 1604382486, etypes {rep=18 tkt=18 ses=18}, admin/admin@EXAMPLE.COM for kadmin/admin@EXAMPLE.COM
recon_1      | 2020-11-03 05:48:51,589 [PipelineSyncTask] INFO scm.ReconPipelineManager: Recon has 0 pipelines in house.
om1_1        | 2020-11-03 05:49:19,604 [main] INFO grpc.GrpcFactory: PERFORMANCE WARNING: useCacheForAllThreads is true that may cause Netty to create a lot garbage objects and, as a result, trigger GC.
om2_1        | 2020-11-03 05:49:18,651 [main] INFO grpc.GrpcFactory: PERFORMANCE WARNING: useCacheForAllThreads is true that may cause Netty to create a lot garbage objects and, as a result, trigger GC.
datanode3_1  | 2020-11-03 05:49:10,786 [pool-20-thread-1] INFO util.JmxRegister: Successfully registered JMX Bean with object name Ratis:service=RaftServer,group=group-314CA2937207,id=409095ff-dd95-417d-8439-8b5cab4167ea
om3_1        | 2020-11-03 05:49:18,387 [main] WARN server.ServerUtils: ozone.om.db.dirs is not configured. We recommend adding this setting. Falling back to ozone.metadata.dirs instead.
scm_1        | 2020-11-03 05:48:44,823 [Socket Reader #1 for port 9863] INFO ipc.Server: Starting Socket Reader #1 for port 9863
kdc_1        | Nov 03 05:48:06 kdc krb5kdc[8](info): AS_REQ (8 etypes {18 17 20 19 16 23 25 26}) 127.0.0.1: SERVER_NOT_FOUND: admin/admin@EXAMPLE.COM for kadmin/localhost@EXAMPLE.COM, Server not found in Kerberos database
recon_1      | 2020-11-03 05:48:51,589 [PipelineSyncTask] INFO scm.PipelineSyncTask: Pipeline sync Thread took 73 milliseconds.
om1_1        | 	It is recommended to disable useCacheForAllThreads by setting -Dorg.apache.ratis.thirdparty.io.netty.allocator.useCacheForAllThreads=false in command line.
om2_1        | 	It is recommended to disable useCacheForAllThreads by setting -Dorg.apache.ratis.thirdparty.io.netty.allocator.useCacheForAllThreads=false in command line.
datanode3_1  | 2020-11-03 05:49:10,787 [pool-20-thread-1] INFO metrics.RatisMetrics: Creating Metrics Registry : ratis.state_machine.409095ff-dd95-417d-8439-8b5cab4167ea@group-314CA2937207
om3_1        | 2020-11-03 05:49:18,998 [main] INFO codec.OmKeyInfoCodec: OmKeyInfoCodec ignorePipeline = true
scm_1        | 2020-11-03 05:48:44,922 [Listener at 0.0.0.0/9863] INFO ipc.CallQueueManager: Using callQueue: class java.util.concurrent.LinkedBlockingQueue, queueCapacity: 10000, scheduler: class org.apache.hadoop.ipc.DefaultRpcScheduler, ipcBackoff: false.
kdc_1        | Nov 03 05:48:06 kdc krb5kdc[8](info): AS_REQ (8 etypes {18 17 20 19 16 23 25 26}) 127.0.0.1: ISSUE: authtime 1604382486, etypes {rep=18 tkt=18 ses=18}, admin/admin@EXAMPLE.COM for kadmin/admin@EXAMPLE.COM
recon_1      | 2020-11-03 05:48:52,184 [ContainerHealthTask] INFO fsck.ContainerHealthTask: Container Health task thread took 613 milliseconds to process 0 existing database records.
om1_1        | 2020-11-03 05:49:19,618 [main] INFO grpc.GrpcConfigKeys: raft.grpc.server.port = 9872 (custom)
om2_1        | 2020-11-03 05:49:18,675 [main] INFO grpc.GrpcConfigKeys: raft.grpc.server.port = 9872 (custom)
datanode3_1  | 2020-11-03 05:49:11,096 [Command processor thread] INFO metrics.RatisMetrics: Creating Metrics Registry : ratis.client_message_metrics.client-6D46B70B3185->49460cae-ba60-4923-8815-c3a38836c7b2
om3_1        | 2020-11-03 05:49:19,000 [main] INFO codec.RepeatedOmKeyInfoCodec: RepeatedOmKeyInfoCodec ignorePipeline = true
scm_1        | 2020-11-03 05:48:44,924 [Socket Reader #1 for port 9860] INFO ipc.Server: Starting Socket Reader #1 for port 9860
kdc_1        | Nov 03 05:48:06 kdc krb5kdc[8](info): AS_REQ (8 etypes {18 17 20 19 16 23 25 26}) 127.0.0.1: SERVER_NOT_FOUND: admin/admin@EXAMPLE.COM for kadmin/localhost@EXAMPLE.COM, Server not found in Kerberos database
recon_1      | 2020-11-03 05:48:52,228 [ContainerHealthTask] INFO fsck.ContainerHealthTask: Container Health task thread took 27 milliseconds for processing 0 containers.
om1_1        | 2020-11-03 05:49:19,619 [main] INFO server.GrpcService: raft.grpc.message.size.max = 33554432 (custom)
om2_1        | 2020-11-03 05:49:18,680 [main] INFO server.GrpcService: raft.grpc.message.size.max = 33554432 (custom)
datanode3_1  | 2020-11-03 05:49:12,849 [grpc-default-executor-0] INFO metrics.RatisMetrics: Creating Metrics Registry : ratis.server_message_metrics.409095ff-dd95-417d-8439-8b5cab4167ea
om3_1        | 2020-11-03 05:49:19,632 [main] INFO Configuration.deprecation: No unit for ozone.manager.delegation.remover.scan.interval(3600000) assuming MILLISECONDS
scm_1        | 2020-11-03 05:48:44,983 [Listener at 0.0.0.0/9860] INFO http.BaseHttpServer: Starting Web-server for scm at: http://0.0.0.0:9876
kdc_1        | Nov 03 05:48:06 kdc krb5kdc[8](info): AS_REQ (8 etypes {18 17 20 19 16 23 25 26}) 127.0.0.1: ISSUE: authtime 1604382486, etypes {rep=18 tkt=18 ses=18}, admin/admin@EXAMPLE.COM for kadmin/admin@EXAMPLE.COM
recon_1      | 2020-11-03 05:49:02,087 [Socket Reader #1 for port 9891] INFO ipc.Server: Auth successful for dn/51ea014157c4@EXAMPLE.COM (auth:KERBEROS)
om1_1        | 2020-11-03 05:49:19,640 [main] INFO server.RaftServerConfigKeys: raft.server.log.appender.buffer.byte-limit = 33554432 (custom)
om2_1        | 2020-11-03 05:49:18,689 [main] INFO server.RaftServerConfigKeys: raft.server.log.appender.buffer.byte-limit = 33554432 (custom)
datanode3_1  | 2020-11-03 05:49:13,234 [Command processor thread] INFO metrics.RatisMetrics: Creating Metrics Registry : ratis.client_message_metrics.client-887789D77FF6->a803384b-6e7e-447b-9e2e-5bf8bb8109db
om3_1        | 2020-11-03 05:49:19,640 [main] INFO security.OzoneSecretStore: Loaded 0 tokens
scm_1        | 2020-11-03 05:48:44,983 [Listener at 0.0.0.0/9860] INFO http.BaseHttpServer: Hadoop Security Enabled: true Ozone Security Enabled: true Ozone HTTP Security Enabled: true 
kdc_1        | Nov 03 05:48:06 kdc krb5kdc[8](info): AS_REQ (8 etypes {18 17 20 19 16 23 25 26}) 127.0.0.1: SERVER_NOT_FOUND: admin/admin@EXAMPLE.COM for kadmin/localhost@EXAMPLE.COM, Server not found in Kerberos database
recon_1      | 2020-11-03 05:49:02,099 [Socket Reader #1 for port 9891] INFO authorize.ServiceAuthorizationManager: Authorization successful for dn/51ea014157c4@EXAMPLE.COM (auth:KERBEROS) for protocol=interface org.apache.hadoop.ozone.protocol.ReconDatanodeProtocol
om1_1        | 2020-11-03 05:49:19,641 [main] INFO server.GrpcService: raft.grpc.flow.control.window = 1MB (=1048576) (default)
om2_1        | 2020-11-03 05:49:18,690 [main] INFO server.GrpcService: raft.grpc.flow.control.window = 1MB (=1048576) (default)
datanode3_1  | 2020-11-03 05:49:13,650 [Command processor thread] INFO commandhandler.CreatePipelineCommandHandler: Created Pipeline RATIS THREE PipelineID=0758a50d-2791-4dd1-9c3a-314ca2937207.
om3_1        | 2020-11-03 05:49:19,640 [main] INFO security.OzoneDelegationTokenSecretManager: Loading token state into token manager.
scm_1        | 2020-11-03 05:48:44,985 [Listener at 0.0.0.0/9860] INFO http.BaseHttpServer: HttpAuthType: hdds.scm.http.auth.type = kerberos
kdc_1        | Nov 03 05:48:06 kdc krb5kdc[8](info): AS_REQ (8 etypes {18 17 20 19 16 23 25 26}) 127.0.0.1: ISSUE: authtime 1604382486, etypes {rep=18 tkt=18 ses=18}, admin/admin@EXAMPLE.COM for kadmin/admin@EXAMPLE.COM
recon_1      | 2020-11-03 05:49:02,936 [Socket Reader #1 for port 9891] INFO ipc.Server: Auth successful for dn/e7e907963639@EXAMPLE.COM (auth:KERBEROS)
om1_1        | 2020-11-03 05:49:19,641 [main] INFO server.RaftServerConfigKeys: raft.server.rpc.request.timeout = 3000ms (default)
om2_1        | 2020-11-03 05:49:18,696 [main] INFO server.RaftServerConfigKeys: raft.server.rpc.request.timeout = 3000ms (default)
datanode3_1  | 2020-11-03 05:49:13,654 [pool-20-thread-1] INFO impl.RaftServerImpl: 409095ff-dd95-417d-8439-8b5cab4167ea: new RaftServerImpl for group-98239AAE5C72:[409095ff-dd95-417d-8439-8b5cab4167ea:172.25.0.104:9858:0] with ContainerStateMachine:uninitialized
om3_1        | 2020-11-03 05:49:20,088 [main] INFO om.OzoneManager: Created Volume s3v With Owner root required for S3Gateway operations.
scm_1        | 2020-11-03 05:48:45,011 [Listener at 0.0.0.0/9860] INFO util.log: Logging initialized @15571ms to org.eclipse.jetty.util.log.Slf4jLog
kdc_1        | Nov 03 05:48:06 kdc krb5kdc[8](info): AS_REQ (8 etypes {18 17 20 19 16 23 25 26}) 127.0.0.1: SERVER_NOT_FOUND: admin/admin@EXAMPLE.COM for kadmin/localhost@EXAMPLE.COM, Server not found in Kerberos database
recon_1      | 2020-11-03 05:49:03,027 [Socket Reader #1 for port 9891] INFO authorize.ServiceAuthorizationManager: Authorization successful for dn/e7e907963639@EXAMPLE.COM (auth:KERBEROS) for protocol=interface org.apache.hadoop.ozone.protocol.ReconDatanodeProtocol
om1_1        | 2020-11-03 05:49:20,280 [main] INFO server.RaftServerConfigKeys: raft.server.storage.dir = [/data/metadata/ratis] (custom)
om2_1        | 2020-11-03 05:49:19,416 [main] INFO server.RaftServerConfigKeys: raft.server.storage.dir = [/data/metadata/ratis] (custom)
datanode3_1  | 2020-11-03 05:49:13,660 [pool-20-thread-1] INFO server.RaftServerConfigKeys: raft.server.rpc.timeout.min = 5s (custom)
om3_1        | 2020-11-03 05:49:20,119 [main] INFO metrics.MetricRegistries: Loaded MetricRegistries class org.apache.ratis.metrics.impl.MetricRegistriesImpl
scm_1        | 2020-11-03 05:48:45,110 [Listener at 0.0.0.0/9860] INFO http.HttpRequestLog: Http request log for http.requests.scm is not defined
kdc_1        | Nov 03 05:48:06 kdc krb5kdc[8](info): AS_REQ (8 etypes {18 17 20 19 16 23 25 26}) 127.0.0.1: ISSUE: authtime 1604382486, etypes {rep=18 tkt=18 ses=18}, admin/admin@EXAMPLE.COM for kadmin/admin@EXAMPLE.COM
recon_1      | 2020-11-03 05:49:03,100 [Socket Reader #1 for port 9891] INFO ipc.Server: Auth successful for dn/0f1df3effe03@EXAMPLE.COM (auth:KERBEROS)
om1_1        | 2020-11-03 05:49:20,315 [main] INFO impl.RaftServerProxy: om1: addNew group-562213E44849:[om1:om1:9872:0, om3:om3:9872:0, om2:om2:9872:0] returns group-562213E44849:java.util.concurrent.CompletableFuture@2f29e630[Not completed]
om2_1        | 2020-11-03 05:49:19,479 [main] INFO impl.RaftServerProxy: om2: addNew group-562213E44849:[om1:om1:9872:0, om3:om3:9872:0, om2:om2:9872:0] returns group-562213E44849:java.util.concurrent.CompletableFuture@3bf40c74[Not completed]
datanode3_1  | 2020-11-03 05:49:13,660 [Command processor thread] INFO impl.RaftServerProxy: 409095ff-dd95-417d-8439-8b5cab4167ea: addNew group-98239AAE5C72:[409095ff-dd95-417d-8439-8b5cab4167ea:172.25.0.104:9858:0] returns group-98239AAE5C72:java.util.concurrent.CompletableFuture@3af8c8c6[Not completed]
datanode3_1  | 2020-11-03 05:49:13,660 [pool-20-thread-1] INFO server.RaftServerConfigKeys: raft.server.rpc.timeout.max = 5200ms (custom)
datanode3_1  | 2020-11-03 05:49:13,660 [pool-20-thread-1] INFO server.RaftServerConfigKeys: raft.server.rpcslowness.timeout = 300s (custom)
om3_1        | 2020-11-03 05:49:20,257 [main] WARN server.ServerUtils: Storage directory for Ratis is not configured. It is a good idea to map this to an SSD disk. Falling back to ozone.metadata.dirs
recon_1      | 2020-11-03 05:49:03,156 [Socket Reader #1 for port 9891] INFO authorize.ServiceAuthorizationManager: Authorization successful for dn/0f1df3effe03@EXAMPLE.COM (auth:KERBEROS) for protocol=interface org.apache.hadoop.ozone.protocol.ReconDatanodeProtocol
om1_1        | 2020-11-03 05:49:20,318 [main] INFO om.OzoneManager: OzoneManager Ratis server initialized at port 9872
om2_1        | 2020-11-03 05:49:19,524 [main] INFO om.OzoneManager: OzoneManager Ratis server initialized at port 9872
datanode3_1  | 2020-11-03 05:49:13,661 [pool-20-thread-1] INFO server.RaftServerConfigKeys: raft.server.sleep.deviation.threshold = 300 (default)
scm_1        | 2020-11-03 05:48:45,117 [Listener at 0.0.0.0/9860] INFO http.HttpServer2: Added global filter 'safety' (class=org.apache.hadoop.hdds.server.http.HttpServer2$QuotingInputFilter)
kdc_1        | Nov 03 05:48:06 kdc krb5kdc[8](info): AS_REQ (8 etypes {18 17 20 19 16 23 25 26}) 127.0.0.1: SERVER_NOT_FOUND: admin/admin@EXAMPLE.COM for kadmin/localhost@EXAMPLE.COM, Server not found in Kerberos database
om3_1        | 2020-11-03 05:49:20,357 [main] INFO ratis.OzoneManagerRatisServer: Instantiating OM Ratis server with GroupID: id1 and Raft Peers: om3:9872, om1:9872, om2:9872
recon_1      | 2020-11-03 05:49:03,294 [IPC Server handler 36 on default port 9891] WARN ipc.Server: IPC Server handler 36 on default port 9891, call Call#1 Retry#0 org.apache.hadoop.ozone.protocol.ReconDatanodeProtocol.submitRequest from 172.25.0.104:45379: output error
om1_1        | 2020-11-03 05:49:20,319 [main] WARN server.ServerUtils: Storage directory for Ratis is not configured. It is a good idea to map this to an SSD disk. Falling back to ozone.metadata.dirs
om2_1        | 2020-11-03 05:49:19,525 [main] WARN server.ServerUtils: Storage directory for Ratis is not configured. It is a good idea to map this to an SSD disk. Falling back to ozone.metadata.dirs
datanode3_1  | 2020-11-03 05:49:13,661 [pool-20-thread-1] INFO server.RaftServerConfigKeys: raft.server.log.appender.install.snapshot.enabled = false (custom)
scm_1        | 2020-11-03 05:48:45,121 [Listener at 0.0.0.0/9860] INFO http.HttpServer2: Added filter authentication (class=org.apache.hadoop.security.authentication.server.AuthenticationFilter) to context scm
kdc_1        | Nov 03 05:48:06 kdc krb5kdc[8](info): AS_REQ (8 etypes {18 17 20 19 16 23 25 26}) 127.0.0.1: ISSUE: authtime 1604382486, etypes {rep=18 tkt=18 ses=18}, admin/admin@EXAMPLE.COM for kadmin/admin@EXAMPLE.COM
om3_1        | 2020-11-03 05:49:20,391 [main] INFO ratis.OzoneManagerStateMachine: LastAppliedIndex is set from TransactionInfo from OM DB as (t:0, i:~)
recon_1      | 2020-11-03 05:49:03,412 [IPC Server handler 36 on default port 9891] INFO ipc.Server: IPC Server handler 36 on default port 9891 caught an exception
om1_1        | 2020-11-03 05:49:20,319 [main] WARN server.ServerUtils: Storage directory for Ratis is not configured. It is a good idea to map this to an SSD disk. Falling back to ozone.metadata.dirs
om2_1        | 2020-11-03 05:49:19,531 [main] WARN server.ServerUtils: Storage directory for Ratis is not configured. It is a good idea to map this to an SSD disk. Falling back to ozone.metadata.dirs
om2_1        | 2020-11-03 05:49:19,537 [main] INFO snapshot.OzoneManagerSnapshotProvider: Initializing OM Snapshot Provider
om2_1        | 2020-11-03 05:49:19,629 [pool-18-thread-1] INFO impl.RaftServerImpl: om2: new RaftServerImpl for group-562213E44849:[om1:om1:9872:0, om3:om3:9872:0, om2:om2:9872:0] with OzoneManagerStateMachine:uninitialized
om2_1        | 2020-11-03 05:49:19,654 [pool-18-thread-1] INFO server.RaftServerConfigKeys: raft.server.rpc.timeout.min = 1s (custom)
om2_1        | 2020-11-03 05:49:19,658 [pool-18-thread-1] INFO server.RaftServerConfigKeys: raft.server.rpc.timeout.max = 1200ms (custom)
om2_1        | 2020-11-03 05:49:19,658 [pool-18-thread-1] INFO server.RaftServerConfigKeys: raft.server.rpcslowness.timeout = 120s (custom)
om2_1        | 2020-11-03 05:49:19,659 [pool-18-thread-1] INFO server.RaftServerConfigKeys: raft.server.sleep.deviation.threshold = 300 (default)
om2_1        | 2020-11-03 05:49:19,700 [pool-18-thread-1] INFO server.RaftServerConfigKeys: raft.server.log.appender.install.snapshot.enabled = false (custom)
om2_1        | 2020-11-03 05:49:19,732 [pool-18-thread-1] INFO impl.RaftServerImpl: om2@group-562213E44849: ConfigurationManager, init=-1: [om1:om1:9872:0, om3:om3:9872:0, om2:om2:9872:0], old=null, confs=<EMPTY_MAP>
om2_1        | 2020-11-03 05:49:19,733 [pool-18-thread-1] INFO server.RaftServerConfigKeys: raft.server.storage.dir = [/data/metadata/ratis] (custom)
om2_1        | 2020-11-03 05:49:19,751 [pool-18-thread-1] INFO server.RaftServerConfigKeys: raft.server.log.corruption.policy = EXCEPTION (default)
om2_1        | 2020-11-03 05:49:19,768 [pool-18-thread-1] INFO storage.RaftStorageDirectory: The storage directory /data/metadata/ratis/fafe1b60-c241-37cc-98f4-562213e44849 does not exist. Creating ...
om2_1        | 2020-11-03 05:49:19,845 [pool-18-thread-1] INFO storage.RaftStorageDirectory: Lock on /data/metadata/ratis/fafe1b60-c241-37cc-98f4-562213e44849/in_use.lock acquired by nodename 6@om2
om2_1        | 2020-11-03 05:49:19,942 [pool-18-thread-1] INFO storage.RaftStorage: Storage directory /data/metadata/ratis/fafe1b60-c241-37cc-98f4-562213e44849 has been successfully formatted.
om2_1        | 2020-11-03 05:49:19,944 [pool-18-thread-1] INFO server.RaftServerConfigKeys: raft.server.notification.no-leader.timeout = 120s (custom)
om2_1        | 2020-11-03 05:49:19,967 [pool-18-thread-1] INFO server.RaftServerConfigKeys: raft.server.log.use.memory = false (default)
datanode3_1  | 2020-11-03 05:49:13,661 [pool-20-thread-1] INFO impl.RaftServerImpl: 409095ff-dd95-417d-8439-8b5cab4167ea@group-98239AAE5C72: ConfigurationManager, init=-1: [409095ff-dd95-417d-8439-8b5cab4167ea:172.25.0.104:9858:0], old=null, confs=<EMPTY_MAP>
recon_1      | java.nio.channels.AsynchronousCloseException
kdc_1        | Nov 03 05:48:06 kdc krb5kdc[8](info): AS_REQ (8 etypes {18 17 20 19 16 23 25 26}) 127.0.0.1: SERVER_NOT_FOUND: admin/admin@EXAMPLE.COM for kadmin/localhost@EXAMPLE.COM, Server not found in Kerberos database
om1_1        | 2020-11-03 05:49:20,348 [main] INFO snapshot.OzoneManagerSnapshotProvider: Initializing OM Snapshot Provider
om3_1        | 2020-11-03 05:49:20,612 [main] INFO impl.RaftServerProxy: raft.rpc.type = GRPC (default)
scm_1        | 2020-11-03 05:48:45,122 [Listener at 0.0.0.0/9860] INFO http.HttpServer2: Added filter authentication (class=org.apache.hadoop.security.authentication.server.AuthenticationFilter) to context logs
om2_1        | 2020-11-03 05:49:19,990 [pool-18-thread-1] INFO server.RaftServerConfigKeys: raft.server.log.purge.gap = 1000000 (custom)
datanode3_1  | 2020-11-03 05:49:13,661 [pool-20-thread-1] INFO server.RaftServerConfigKeys: raft.server.storage.dir = [/data/metadata/ratis] (custom)
recon_1      | 	at java.base/sun.nio.ch.SocketChannelImpl.write(SocketChannelImpl.java:471)
kdc_1        | Nov 03 05:48:06 kdc krb5kdc[8](info): AS_REQ (8 etypes {18 17 20 19 16 23 25 26}) 127.0.0.1: ISSUE: authtime 1604382486, etypes {rep=18 tkt=18 ses=18}, admin/admin@EXAMPLE.COM for kadmin/admin@EXAMPLE.COM
om1_1        | 2020-11-03 05:49:20,438 [pool-18-thread-1] INFO impl.RaftServerImpl: om1: new RaftServerImpl for group-562213E44849:[om1:om1:9872:0, om3:om3:9872:0, om2:om2:9872:0] with OzoneManagerStateMachine:uninitialized
om3_1        | 2020-11-03 05:49:20,904 [main] INFO grpc.GrpcFactory: PERFORMANCE WARNING: useCacheForAllThreads is true that may cause Netty to create a lot garbage objects and, as a result, trigger GC.
scm_1        | 2020-11-03 05:48:45,122 [Listener at 0.0.0.0/9860] INFO http.HttpServer2: Added filter authentication (class=org.apache.hadoop.security.authentication.server.AuthenticationFilter) to context static
om2_1        | 2020-11-03 05:49:20,040 [pool-18-thread-1] INFO metrics.RatisMetrics: Creating Metrics Registry : ratis.log_worker.om2@group-562213E44849
recon_1      | 	at org.apache.hadoop.ipc.Server.channelWrite(Server.java:3550)
kdc_1        | Nov 03 05:48:06 kdc krb5kdc[8](info): AS_REQ (8 etypes {18 17 20 19 16 23 25 26}) 127.0.0.1: SERVER_NOT_FOUND: admin/admin@EXAMPLE.COM for kadmin/localhost@EXAMPLE.COM, Server not found in Kerberos database
om1_1        | 2020-11-03 05:49:20,467 [pool-18-thread-1] INFO server.RaftServerConfigKeys: raft.server.rpc.timeout.min = 1s (custom)
om3_1        | 	It is recommended to disable useCacheForAllThreads by setting -Dorg.apache.ratis.thirdparty.io.netty.allocator.useCacheForAllThreads=false in command line.
scm_1        | 2020-11-03 05:48:45,124 [Listener at 0.0.0.0/9860] INFO http.HttpServer2: Initialize spnego with host: 0.0.0.0 userKey: hdds.scm.http.auth.kerberos.principal keytabKey: hdds.scm.http.auth.kerberos.keytab
datanode3_1  | 2020-11-03 05:49:13,664 [pool-20-thread-1] INFO server.RaftServerConfigKeys: raft.server.log.corruption.policy = EXCEPTION (default)
datanode3_1  | 2020-11-03 05:49:13,664 [pool-20-thread-1] INFO storage.RaftStorageDirectory: The storage directory /data/metadata/ratis/aea0b621-3479-481e-80dc-98239aae5c72 does not exist. Creating ...
datanode3_1  | 2020-11-03 05:49:13,682 [pool-20-thread-1] INFO storage.RaftStorageDirectory: Lock on /data/metadata/ratis/aea0b621-3479-481e-80dc-98239aae5c72/in_use.lock acquired by nodename 6@51ea014157c4
om2_1        | 2020-11-03 05:49:20,107 [pool-18-thread-1] INFO server.RaftServerConfigKeys: raft.server.log.appender.buffer.byte-limit = 33554432 (custom)
om1_1        | 2020-11-03 05:49:20,468 [pool-18-thread-1] INFO server.RaftServerConfigKeys: raft.server.rpc.timeout.max = 1200ms (custom)
om3_1        | 2020-11-03 05:49:20,915 [main] INFO grpc.GrpcConfigKeys: raft.grpc.server.port = 9872 (custom)
scm_1        | 2020-11-03 05:48:45,167 [Listener at 0.0.0.0/9860] INFO server.StorageContainerManager: StorageContainerLocationProtocol RPC server is listening at /0.0.0.0:9860
kdc_1        | Nov 03 05:48:06 kdc krb5kdc[8](info): AS_REQ (8 etypes {18 17 20 19 16 23 25 26}) 127.0.0.1: ISSUE: authtime 1604382486, etypes {rep=18 tkt=18 ses=18}, admin/admin@EXAMPLE.COM for kadmin/admin@EXAMPLE.COM
datanode3_1  | 2020-11-03 05:49:13,684 [pool-20-thread-1] INFO storage.RaftStorage: Storage directory /data/metadata/ratis/aea0b621-3479-481e-80dc-98239aae5c72 has been successfully formatted.
recon_1      | 	at org.apache.hadoop.ipc.Server.access$1700(Server.java:139)
om2_1        | 2020-11-03 05:49:20,109 [pool-18-thread-1] INFO server.RaftServerConfigKeys: raft.server.log.segment.size.max = 4194304 (custom)
om1_1        | 2020-11-03 05:49:20,468 [pool-18-thread-1] INFO server.RaftServerConfigKeys: raft.server.rpcslowness.timeout = 120s (custom)
om3_1        | 2020-11-03 05:49:20,916 [main] INFO server.GrpcService: raft.grpc.message.size.max = 33554432 (custom)
om3_1        | 2020-11-03 05:49:20,920 [main] INFO server.RaftServerConfigKeys: raft.server.log.appender.buffer.byte-limit = 33554432 (custom)
om3_1        | 2020-11-03 05:49:20,921 [main] INFO server.GrpcService: raft.grpc.flow.control.window = 1MB (=1048576) (default)
scm_1        | 2020-11-03 05:48:45,233 [Listener at 0.0.0.0/9860] INFO impl.MetricsConfig: Loaded properties from hadoop-metrics2.properties
recon_1      | 	at org.apache.hadoop.ipc.Server$Responder.processResponse(Server.java:1620)
recon_1      | 	at org.apache.hadoop.ipc.Server$Responder.doRespond(Server.java:1690)
om2_1        | 2020-11-03 05:49:20,178 [pool-18-thread-1] INFO server.RaftServerConfigKeys: raft.server.log.segment.cache.num.max = 2 (custom)
om1_1        | 2020-11-03 05:49:20,468 [pool-18-thread-1] INFO server.RaftServerConfigKeys: raft.server.sleep.deviation.threshold = 300 (default)
datanode3_1  | 2020-11-03 05:49:13,684 [pool-20-thread-1] INFO ratis.ContainerStateMachine: group-98239AAE5C72: The snapshot info is null. Setting the last applied indexto:(t:0, i:~)
om3_1        | 2020-11-03 05:49:20,927 [main] INFO server.RaftServerConfigKeys: raft.server.rpc.request.timeout = 3000ms (default)
kdc_1        | Nov 03 05:48:06 kdc krb5kdc[8](info): AS_REQ (8 etypes {18 17 20 19 16 23 25 26}) 127.0.0.1: SERVER_NOT_FOUND: admin/admin@EXAMPLE.COM for kadmin/localhost@EXAMPLE.COM, Server not found in Kerberos database
scm_1        | 2020-11-03 05:48:45,260 [Listener at 0.0.0.0/9860] INFO impl.MetricsSystemImpl: Scheduled Metric snapshot period at 10 second(s).
recon_1      | 	at org.apache.hadoop.ipc.Server$Connection.sendResponse(Server.java:2785)
om2_1        | 2020-11-03 05:49:20,213 [pool-18-thread-1] INFO segmented.SegmentedRaftLogWorker: new om2@group-562213E44849-SegmentedRaftLogWorker for RaftStorage:Storage Directory /data/metadata/ratis/fafe1b60-c241-37cc-98f4-562213e44849
om1_1        | 2020-11-03 05:49:20,471 [pool-18-thread-1] INFO server.RaftServerConfigKeys: raft.server.log.appender.install.snapshot.enabled = false (custom)
datanode3_1  | 2020-11-03 05:49:13,688 [pool-20-thread-1] INFO server.RaftServerConfigKeys: raft.server.notification.no-leader.timeout = 300s (custom)
om3_1        | 2020-11-03 05:49:21,461 [main] INFO server.RaftServerConfigKeys: raft.server.storage.dir = [/data/metadata/ratis] (custom)
kdc_1        | Nov 03 05:48:06 kdc krb5kdc[8](info): AS_REQ (8 etypes {18 17 20 19 16 23 25 26}) 127.0.0.1: ISSUE: authtime 1604382486, etypes {rep=18 tkt=18 ses=18}, admin/admin@EXAMPLE.COM for kadmin/admin@EXAMPLE.COM
scm_1        | 2020-11-03 05:48:45,260 [Listener at 0.0.0.0/9860] INFO impl.MetricsSystemImpl: StorageContainerManager metrics system started
recon_1      | 	at org.apache.hadoop.ipc.Server$Connection.access$300(Server.java:1762)
om2_1        | 2020-11-03 05:49:20,228 [pool-18-thread-1] INFO server.RaftServerConfigKeys: raft.server.log.queue.byte-limit = 64MB (=67108864) (default)
om1_1        | 2020-11-03 05:49:20,493 [pool-18-thread-1] INFO impl.RaftServerImpl: om1@group-562213E44849: ConfigurationManager, init=-1: [om1:om1:9872:0, om3:om3:9872:0, om2:om2:9872:0], old=null, confs=<EMPTY_MAP>
datanode3_1  | 2020-11-03 05:49:13,688 [pool-20-thread-1] INFO server.RaftServerConfigKeys: raft.server.log.use.memory = false (default)
om3_1        | 2020-11-03 05:49:21,478 [main] INFO impl.RaftServerProxy: om3: addNew group-562213E44849:[om1:om1:9872:0, om3:om3:9872:0, om2:om2:9872:0] returns group-562213E44849:java.util.concurrent.CompletableFuture@30811f91[Not completed]
kdc_1        | Nov 03 05:48:06 kdc krb5kdc[8](info): AS_REQ (8 etypes {18 17 20 19 16 23 25 26}) 127.0.0.1: SERVER_NOT_FOUND: admin/admin@EXAMPLE.COM for kadmin/localhost@EXAMPLE.COM, Server not found in Kerberos database
scm_1        | 2020-11-03 05:48:45,435 [Listener at 0.0.0.0/9860] INFO server.SCMClientProtocolServer: RPC server for Client  is listening at /0.0.0.0:9860
recon_1      | 	at org.apache.hadoop.ipc.Server$RpcCall.doResponse(Server.java:1081)
recon_1      | 	at org.apache.hadoop.ipc.Server$Call.doResponse(Server.java:873)
om2_1        | 2020-11-03 05:49:20,229 [pool-18-thread-1] INFO server.RaftServerConfigKeys: raft.server.log.queue.element-limit = 4096 (default)
om3_1        | 2020-11-03 05:49:21,483 [main] INFO om.OzoneManager: OzoneManager Ratis server initialized at port 9872
kdc_1        | Nov 03 05:48:06 kdc krb5kdc[8](info): AS_REQ (8 etypes {18 17 20 19 16 23 25 26}) 127.0.0.1: ISSUE: authtime 1604382486, etypes {rep=18 tkt=18 ses=18}, admin/admin@EXAMPLE.COM for kadmin/admin@EXAMPLE.COM
scm_1        | 2020-11-03 05:48:45,435 [IPC Server Responder] INFO ipc.Server: IPC Server Responder: starting
recon_1      | 	at org.apache.hadoop.ipc.Server$Call.sendResponse(Server.java:859)
om1_1        | 2020-11-03 05:49:20,493 [pool-18-thread-1] INFO server.RaftServerConfigKeys: raft.server.storage.dir = [/data/metadata/ratis] (custom)
om2_1        | 2020-11-03 05:49:20,235 [pool-18-thread-1] INFO server.RaftServerConfigKeys: raft.server.log.segment.size.max = 4194304 (custom)
datanode3_1  | 2020-11-03 05:49:13,688 [pool-20-thread-1] INFO server.RaftServerConfigKeys: raft.server.log.purge.gap = 1000000 (custom)
om3_1        | 2020-11-03 05:49:21,483 [main] WARN server.ServerUtils: Storage directory for Ratis is not configured. It is a good idea to map this to an SSD disk. Falling back to ozone.metadata.dirs
kdc_1        | Nov 03 05:48:05 kdc kadmind[13](Notice): Request: kadm5_init, admin/admin@EXAMPLE.COM, success, client=admin/admin@EXAMPLE.COM, service=kadmin/admin@EXAMPLE.COM, addr=127.0.0.1, vers=4, flavor=6
scm_1        | 2020-11-03 05:48:45,464 [IPC Server listener on 9860] INFO ipc.Server: IPC Server listener on 9860: starting
recon_1      | 	at org.apache.hadoop.ipc.Server$RpcCall.run(Server.java:1016)
om1_1        | 2020-11-03 05:49:20,537 [pool-18-thread-1] INFO server.RaftServerConfigKeys: raft.server.log.corruption.policy = EXCEPTION (default)
om2_1        | 2020-11-03 05:49:20,241 [pool-18-thread-1] INFO server.RaftServerConfigKeys: raft.server.log.preallocated.size = 4194304 (custom)
datanode3_1  | 2020-11-03 05:49:13,688 [pool-20-thread-1] INFO metrics.RatisMetrics: Creating Metrics Registry : ratis.log_worker.409095ff-dd95-417d-8439-8b5cab4167ea@group-98239AAE5C72
om3_1        | 2020-11-03 05:49:21,484 [main] WARN server.ServerUtils: Storage directory for Ratis is not configured. It is a good idea to map this to an SSD disk. Falling back to ozone.metadata.dirs
kdc_1        | Nov 03 05:48:05 kdc kadmind[13](Notice): Request: kadm5_get_policy, default, Policy does not exist, client=admin/admin@EXAMPLE.COM, service=kadmin/admin@EXAMPLE.COM, addr=127.0.0.1
scm_1        | 2020-11-03 05:48:45,470 [Listener at 0.0.0.0/9860] INFO server.StorageContainerManager: ScmBlockLocationProtocol RPC server is listening at /0.0.0.0:9863
recon_1      | 	at org.apache.hadoop.ipc.Server$RpcCall.run(Server.java:927)
om1_1        | 2020-11-03 05:49:20,547 [pool-18-thread-1] INFO storage.RaftStorageDirectory: The storage directory /data/metadata/ratis/fafe1b60-c241-37cc-98f4-562213e44849 does not exist. Creating ...
om2_1        | 2020-11-03 05:49:20,243 [pool-18-thread-1] INFO server.RaftServerConfigKeys: raft.server.log.write.buffer.size = 64KB (=65536) (default)
datanode3_1  | 2020-11-03 05:49:13,688 [pool-20-thread-1] INFO server.RaftServerConfigKeys: raft.server.log.appender.buffer.byte-limit = 33554432 (custom)
om3_1        | 2020-11-03 05:49:21,489 [main] INFO snapshot.OzoneManagerSnapshotProvider: Initializing OM Snapshot Provider
kdc_1        | Nov 03 05:48:05 kdc kadmind[13](Notice): Request: kadm5_create_principal, scm/scm@EXAMPLE.COM, success, client=admin/admin@EXAMPLE.COM, service=kadmin/admin@EXAMPLE.COM, addr=127.0.0.1
kdc_1        | Nov 03 05:48:05 kdc kadmind[13](info): closing down fd 18
kdc_1        | Nov 03 05:48:05 kdc kadmind[13](Notice): Request: kadm5_init, admin/admin@EXAMPLE.COM, success, client=admin/admin@EXAMPLE.COM, service=kadmin/admin@EXAMPLE.COM, addr=127.0.0.1, vers=4, flavor=6
kdc_1        | Nov 03 05:48:05 kdc kadmind[13](Notice): Request: kadm5_randkey_principal, scm/scm@EXAMPLE.COM, success, client=admin/admin@EXAMPLE.COM, service=kadmin/admin@EXAMPLE.COM, addr=127.0.0.1
om2_1        | 2020-11-03 05:49:20,244 [pool-18-thread-1] INFO server.RaftServerConfigKeys: raft.server.log.force.sync.num = 128 (default)
om2_1        | 2020-11-03 05:49:20,249 [pool-18-thread-1] INFO server.RaftServerConfigKeys: raft.server.log.statemachine.data.sync = true (default)
recon_1      | 	at java.base/java.security.AccessController.doPrivileged(Native Method)
scm_1        | 2020-11-03 05:48:45,473 [Listener at 0.0.0.0/9860] INFO server.SCMBlockProtocolServer: RPC server for Block Protocol is listening at /0.0.0.0:9863
om1_1        | 2020-11-03 05:49:20,609 [pool-18-thread-1] INFO storage.RaftStorageDirectory: Lock on /data/metadata/ratis/fafe1b60-c241-37cc-98f4-562213e44849/in_use.lock acquired by nodename 6@om1
kdc_1        | Nov 03 05:48:05 kdc kadmind[13](Notice): Request: kadm5_get_principal, scm/scm@EXAMPLE.COM, success, client=admin/admin@EXAMPLE.COM, service=kadmin/admin@EXAMPLE.COM, addr=127.0.0.1
om2_1        | 2020-11-03 05:49:20,257 [pool-18-thread-1] INFO server.RaftServerConfigKeys: raft.server.log.statemachine.data.sync.timeout = 10s (default)
datanode3_1  | 2020-11-03 05:49:13,689 [pool-20-thread-1] INFO server.RaftServerConfigKeys: raft.server.log.segment.size.max = 1048576 (custom)
om3_1        | 2020-11-03 05:49:21,548 [pool-18-thread-1] INFO impl.RaftServerImpl: om3: new RaftServerImpl for group-562213E44849:[om1:om1:9872:0, om3:om3:9872:0, om2:om2:9872:0] with OzoneManagerStateMachine:uninitialized
recon_1      | 	at java.base/javax.security.auth.Subject.doAs(Subject.java:423)
scm_1        | 2020-11-03 05:48:45,475 [IPC Server Responder] INFO ipc.Server: IPC Server Responder: starting
om1_1        | 2020-11-03 05:49:20,732 [pool-18-thread-1] INFO storage.RaftStorage: Storage directory /data/metadata/ratis/fafe1b60-c241-37cc-98f4-562213e44849 has been successfully formatted.
kdc_1        | Nov 03 05:48:05 kdc kadmind[13](info): closing down fd 18
om2_1        | 2020-11-03 05:49:20,264 [pool-18-thread-1] INFO server.RaftServerConfigKeys: raft.server.log.statemachine.data.sync.timeout.retry = -1 (default)
datanode3_1  | 2020-11-03 05:49:13,691 [pool-20-thread-1] INFO server.RaftServerConfigKeys: raft.server.log.segment.cache.num.max = 2 (custom)
om3_1        | 2020-11-03 05:49:21,666 [pool-18-thread-1] INFO server.RaftServerConfigKeys: raft.server.rpc.timeout.min = 1s (custom)
recon_1      | 	at org.apache.hadoop.security.UserGroupInformation.doAs(UserGroupInformation.java:1730)
scm_1        | 2020-11-03 05:48:45,478 [IPC Server listener on 9863] INFO ipc.Server: IPC Server listener on 9863: starting
om1_1        | 2020-11-03 05:49:20,736 [pool-18-thread-1] INFO server.RaftServerConfigKeys: raft.server.notification.no-leader.timeout = 120s (custom)
kdc_1        | Nov 03 05:48:05 kdc kadmind[13](Notice): Request: kadm5_init, admin/admin@EXAMPLE.COM, success, client=admin/admin@EXAMPLE.COM, service=kadmin/admin@EXAMPLE.COM, addr=127.0.0.1, vers=4, flavor=6
om2_1        | 2020-11-03 05:49:20,326 [pool-18-thread-1] INFO server.RaftServerConfigKeys: raft.server.log.statemachine.data.caching.enabled = false (default)
datanode3_1  | 2020-11-03 05:49:13,693 [pool-20-thread-1] INFO segmented.SegmentedRaftLogWorker: new 409095ff-dd95-417d-8439-8b5cab4167ea@group-98239AAE5C72-SegmentedRaftLogWorker for RaftStorage:Storage Directory /data/metadata/ratis/aea0b621-3479-481e-80dc-98239aae5c72
om3_1        | 2020-11-03 05:49:21,670 [pool-18-thread-1] INFO server.RaftServerConfigKeys: raft.server.rpc.timeout.max = 1200ms (custom)
recon_1      | 	at org.apache.hadoop.ipc.Server$Handler.run(Server.java:2915)
scm_1        | 2020-11-03 05:48:45,578 [Listener at 0.0.0.0/9860] INFO server.StorageContainerManager: ScmDatanodeProtocl RPC server is listening at /0.0.0.0:9861
om1_1        | 2020-11-03 05:49:20,755 [pool-18-thread-1] INFO server.RaftServerConfigKeys: raft.server.log.use.memory = false (default)
kdc_1        | Nov 03 05:48:05 kdc kadmind[13](Notice): Request: kadm5_get_policy, default, Policy does not exist, client=admin/admin@EXAMPLE.COM, service=kadmin/admin@EXAMPLE.COM, addr=127.0.0.1
om2_1        | 2020-11-03 05:49:20,356 [pool-18-thread-1] INFO segmented.SegmentedRaftLogWorker: om2@group-562213E44849-SegmentedRaftLogWorker: flushIndex: setUnconditionally 0 -> -1
datanode3_1  | 2020-11-03 05:49:13,700 [pool-20-thread-1] INFO server.RaftServerConfigKeys: raft.server.log.queue.byte-limit = 2147483647 (custom)
datanode3_1  | 2020-11-03 05:49:13,700 [pool-20-thread-1] INFO server.RaftServerConfigKeys: raft.server.log.queue.element-limit = 1024 (custom)
recon_1      | 2020-11-03 05:49:03,739 [Socket Reader #1 for port 9891] INFO ipc.Server: Auth successful for dn/51ea014157c4@EXAMPLE.COM (auth:KERBEROS)
scm_1        | 2020-11-03 05:48:45,578 [Listener at 0.0.0.0/9860] INFO server.SCMDatanodeProtocolServer: RPC server for DataNodes is listening at /0.0.0.0:9861
om1_1        | 2020-11-03 05:49:20,801 [pool-18-thread-1] INFO server.RaftServerConfigKeys: raft.server.log.purge.gap = 1000000 (custom)
kdc_1        | Nov 03 05:48:05 kdc kadmind[13](Notice): Request: kadm5_create_principal, dn/51ea014157c4@EXAMPLE.COM, success, client=admin/admin@EXAMPLE.COM, service=kadmin/admin@EXAMPLE.COM, addr=127.0.0.1
om2_1        | 2020-11-03 05:49:20,356 [pool-18-thread-1] INFO segmented.SegmentedRaftLogWorker: om2@group-562213E44849-SegmentedRaftLogWorker: safeCacheEvictIndex: setUnconditionally 0 -> -1
datanode3_1  | 2020-11-03 05:49:13,700 [pool-20-thread-1] INFO server.RaftServerConfigKeys: raft.server.log.segment.size.max = 1048576 (custom)
om3_1        | 2020-11-03 05:49:21,671 [pool-18-thread-1] INFO server.RaftServerConfigKeys: raft.server.rpcslowness.timeout = 120s (custom)
recon_1      | 2020-11-03 05:49:03,786 [Socket Reader #1 for port 9891] INFO authorize.ServiceAuthorizationManager: Authorization successful for dn/51ea014157c4@EXAMPLE.COM (auth:KERBEROS) for protocol=interface org.apache.hadoop.ozone.protocol.ReconDatanodeProtocol
scm_1        | 2020-11-03 05:48:45,580 [IPC Server Responder] INFO ipc.Server: IPC Server Responder: starting
om1_1        | 2020-11-03 05:49:20,823 [pool-18-thread-1] INFO metrics.RatisMetrics: Creating Metrics Registry : ratis.log_worker.om1@group-562213E44849
kdc_1        | Nov 03 05:48:05 kdc kadmind[13](info): closing down fd 18
om2_1        | 2020-11-03 05:49:20,363 [pool-18-thread-1] INFO server.RaftServerConfigKeys: raft.server.snapshot.auto.trigger.enabled = true (custom)
datanode3_1  | 2020-11-03 05:49:13,700 [pool-20-thread-1] INFO server.RaftServerConfigKeys: raft.server.log.preallocated.size = 16384 (custom)
om3_1        | 2020-11-03 05:49:21,671 [pool-18-thread-1] INFO server.RaftServerConfigKeys: raft.server.sleep.deviation.threshold = 300 (default)
recon_1      | 2020-11-03 05:49:04,473 [pool-14-thread-1] INFO impl.OzoneManagerServiceProviderImpl: Syncing data from Ozone Manager.
scm_1        | 2020-11-03 05:48:45,580 [IPC Server listener on 9861] INFO ipc.Server: IPC Server listener on 9861: starting
om1_1        | 2020-11-03 05:49:20,926 [pool-18-thread-1] INFO server.RaftServerConfigKeys: raft.server.log.appender.buffer.byte-limit = 33554432 (custom)
kdc_1        | Nov 03 05:48:06 kdc kadmind[13](Notice): Request: kadm5_init, admin/admin@EXAMPLE.COM, success, client=admin/admin@EXAMPLE.COM, service=kadmin/admin@EXAMPLE.COM, addr=127.0.0.1, vers=4, flavor=6
om2_1        | 2020-11-03 05:49:20,392 [pool-18-thread-1] INFO server.RaftServerConfigKeys: raft.server.snapshot.auto.trigger.threshold = 400000 (default)
datanode3_1  | 2020-11-03 05:49:13,700 [pool-20-thread-1] INFO server.RaftServerConfigKeys: raft.server.log.write.buffer.size = 1048576 (custom)
om3_1        | 2020-11-03 05:49:21,673 [pool-18-thread-1] INFO server.RaftServerConfigKeys: raft.server.log.appender.install.snapshot.enabled = false (custom)
recon_1      | 2020-11-03 05:49:04,473 [pool-14-thread-1] INFO impl.OzoneManagerServiceProviderImpl: Obtaining full snapshot from Ozone Manager
scm_1        | 2020-11-03 05:48:45,743 [Listener at 0.0.0.0/9860] INFO server.SCMSecurityProtocolServer: Starting RPC server for SCMSecurityProtocolServer. is listening at /0.0.0.0:9961
om1_1        | 2020-11-03 05:49:20,928 [pool-18-thread-1] INFO server.RaftServerConfigKeys: raft.server.log.segment.size.max = 4194304 (custom)
kdc_1        | Nov 03 05:48:06 kdc kadmind[13](Notice): Request: kadm5_randkey_principal, dn/51ea014157c4@EXAMPLE.COM, success, client=admin/admin@EXAMPLE.COM, service=kadmin/admin@EXAMPLE.COM, addr=127.0.0.1
om2_1        | 2020-11-03 05:49:20,402 [pool-18-thread-1] INFO server.RaftServerConfigKeys: raft.server.snapshot.retention.file.num = -1 (default)
datanode3_1  | 2020-11-03 05:49:13,701 [pool-20-thread-1] INFO server.RaftServerConfigKeys: raft.server.log.force.sync.num = 128 (default)
om3_1        | 2020-11-03 05:49:21,718 [pool-18-thread-1] INFO impl.RaftServerImpl: om3@group-562213E44849: ConfigurationManager, init=-1: [om1:om1:9872:0, om3:om3:9872:0, om2:om2:9872:0], old=null, confs=<EMPTY_MAP>
recon_1      | 2020-11-03 05:49:04,673 [pool-14-thread-1] INFO retry.RetryInvocationHandler: com.google.protobuf.ServiceException: java.net.ConnectException: Call From recon/172.25.0.115 to om2:9862 failed on connection exception: java.net.ConnectException: Connection refused; For more details see:  http://wiki.apache.org/hadoop/ConnectionRefused, while invoking $Proxy41.submitRequest over nodeId=om2,nodeAddress=om2:9862 after 1 failover attempts. Trying to failover immediately.
scm_1        | 2020-11-03 05:48:45,759 [IPC Server Responder] INFO ipc.Server: IPC Server Responder: starting
om1_1        | 2020-11-03 05:49:20,963 [pool-18-thread-1] INFO server.RaftServerConfigKeys: raft.server.log.segment.cache.num.max = 2 (custom)
kdc_1        | Nov 03 05:48:06 kdc kadmind[13](Notice): Request: kadm5_get_principal, dn/51ea014157c4@EXAMPLE.COM, success, client=admin/admin@EXAMPLE.COM, service=kadmin/admin@EXAMPLE.COM, addr=127.0.0.1
om2_1        | 2020-11-03 05:49:20,403 [pool-18-thread-1] INFO server.RaftServerConfigKeys: raft.server.log.purge.upto.snapshot.index = true (custom)
datanode3_1  | 2020-11-03 05:49:13,710 [pool-20-thread-1] INFO server.RaftServerConfigKeys: raft.server.log.statemachine.data.sync = true (default)
om3_1        | 2020-11-03 05:49:21,730 [pool-18-thread-1] INFO server.RaftServerConfigKeys: raft.server.storage.dir = [/data/metadata/ratis] (custom)
recon_1      | 2020-11-03 05:49:04,674 [pool-14-thread-1] INFO retry.RetryInvocationHandler: com.google.protobuf.ServiceException: java.net.ConnectException: Call From recon/172.25.0.115 to om3:9862 failed on connection exception: java.net.ConnectException: Connection refused; For more details see:  http://wiki.apache.org/hadoop/ConnectionRefused, while invoking $Proxy41.submitRequest over nodeId=om3,nodeAddress=om3:9862 after 2 failover attempts. Trying to failover after sleeping for 2000ms.
scm_1        | 2020-11-03 05:48:45,760 [IPC Server listener on 9961] INFO ipc.Server: IPC Server listener on 9961: starting
om1_1        | 2020-11-03 05:49:21,022 [pool-18-thread-1] INFO segmented.SegmentedRaftLogWorker: new om1@group-562213E44849-SegmentedRaftLogWorker for RaftStorage:Storage Directory /data/metadata/ratis/fafe1b60-c241-37cc-98f4-562213e44849
kdc_1        | Nov 03 05:48:06 kdc kadmind[13](info): closing down fd 18
om2_1        | 2020-11-03 05:49:20,419 [pool-18-thread-1] INFO server.RaftServerConfigKeys: raft.server.retrycache.expirytime = 600000ms (custom)
datanode3_1  | 2020-11-03 05:49:13,710 [pool-20-thread-1] INFO server.RaftServerConfigKeys: raft.server.log.statemachine.data.sync.timeout = 10s (default)
om3_1        | 2020-11-03 05:49:21,766 [pool-18-thread-1] INFO server.RaftServerConfigKeys: raft.server.log.corruption.policy = EXCEPTION (default)
recon_1      | 2020-11-03 05:49:05,080 [IPC Server handler 9 on default port 9891] INFO net.NetworkTopologyImpl: Added a new node: /default-rack/a803384b-6e7e-447b-9e2e-5bf8bb8109db
scm_1        | 2020-11-03 05:48:45,760 [Listener at 0.0.0.0/9860] INFO http.HttpServer2: Jetty bound to port 9876
om1_1        | 2020-11-03 05:49:21,031 [pool-18-thread-1] INFO server.RaftServerConfigKeys: raft.server.log.queue.byte-limit = 64MB (=67108864) (default)
kdc_1        | Nov 03 05:48:06 kdc kadmind[13](Notice): Request: kadm5_init, admin/admin@EXAMPLE.COM, success, client=admin/admin@EXAMPLE.COM, service=kadmin/admin@EXAMPLE.COM, addr=127.0.0.1, vers=4, flavor=6
om2_1        | 2020-11-03 05:49:20,533 [pool-18-thread-1] INFO metrics.RatisMetrics: Creating Metrics Registry : ratis.leader_election.om2@group-562213E44849
datanode3_1  | 2020-11-03 05:49:13,721 [pool-20-thread-1] INFO server.RaftServerConfigKeys: raft.server.log.statemachine.data.sync.timeout.retry = -1 (default)
