om2_1       | address: "om1:9872"
om1_1       | 2022-04-10 12:55:31,437 [main] INFO server.GrpcService: raft.grpc.message.size.max = 33554432 (custom)
scm2_1      | 2022-04-10 12:54:16,470 [main] INFO ha.SCMHANodeDetails: ozone.scm.default.service.id is not defined, falling back to ozone.scm.service.ids to find serviceID for StorageContainerManager if it is HA enabled cluster
om3_1       | 2022-04-10 12:55:34,552 [pool-23-thread-1] INFO storage.RaftStorage: Storage directory /data/metadata/ratis/5cb24680-b9e7-3c90-a862-d66704efc61c has been successfully formatted.
om3_1       | 2022-04-10 12:55:34,555 [pool-23-thread-1] INFO server.RaftServerConfigKeys: raft.server.notification.no-leader.timeout = 120s (custom)
scm1_1      | 2022-04-10 12:53:56,263 [main] INFO ha.SCMHANodeDetails: ozone.scm.default.service.id is not defined, falling back to ozone.scm.service.ids to find serviceID for StorageContainerManager if it is HA enabled cluster
s3g_1       | 	at org.glassfish.jersey.server.internal.routing.RoutingStage._apply(RoutingStage.java:86)
scm3_1      | 2022-04-10 12:54:46,919 [main] INFO server.StorageContainerManagerStarter: registered UNIX signal handlers for [TERM, HUP, INT]
om2_1       | , id: "om3"
recon_1     | 2022-04-10 12:54:19,688 [main] INFO net.NodeSchemaLoader: Loading schema from [file:/etc/hadoop/network-topology-default.xml, jar:file:/opt/hadoop/share/ozone/lib/hdds-common-1.3.0-SNAPSHOT.jar!/network-topology-default.xml]
om1_1       | 2022-04-10 12:55:31,447 [main] INFO server.RaftServerConfigKeys: raft.server.log.appender.buffer.byte-limit = 33554432 (custom)
scm2_1      | 2022-04-10 12:54:16,742 [main] INFO ha.SCMHANodeDetails: Found matching SCM address with SCMServiceId: scmservice, SCMNodeId: scm2, RPC Address: scm2:9894 and Ratis port: 9894
om3_1       | 2022-04-10 12:55:34,558 [pool-23-thread-1] INFO server.RaftServerConfigKeys: raft.server.log.use.memory = false (default)
datanode_2  | 2022-04-10 12:54:47,784 [EndpointStateMachine task thread for scm3/172.18.0.5:9861 - 0 ] INFO ipc.Client: Retrying connect to server: scm3/172.18.0.5:9861. Already tried 13 time(s); retry policy is RetryUpToMaximumCountWithFixedSleep(maxRetries=15, sleepTime=1000 MILLISECONDS)
scm1_1      | 2022-04-10 12:53:56,812 [main] INFO ha.SCMHANodeDetails: Found matching SCM address with SCMServiceId: scmservice, SCMNodeId: scm1, RPC Address: scm1:9894 and Ratis port: 9894
s3g_1       | 	at org.glassfish.jersey.server.internal.routing.RoutingStage._apply(RoutingStage.java:89)
scm3_1      | 2022-04-10 12:54:47,086 [main] INFO ha.SCMHANodeDetails: ServiceID for StorageContainerManager is null
om2_1       | address: "om3:9872"
recon_1     | 2022-04-10 12:54:19,695 [main] INFO net.NodeSchemaLoader: Loading network topology layer schema file
om1_1       | 2022-04-10 12:55:31,456 [main] INFO server.GrpcService: raft.grpc.flow.control.window = 1MB (=1048576) (default)
scm2_1      | 2022-04-10 12:54:16,742 [main] INFO ha.SCMHANodeDetails: Setting configuration key ozone.scm.address with value of key ozone.scm.address.scmservice.scm2: scm2
om3_1       | 2022-04-10 12:55:34,635 [pool-23-thread-1] INFO server.RaftServerConfigKeys: raft.server.log.purge.gap = 1000000 (custom)
datanode_2  | 2022-04-10 12:54:48,786 [EndpointStateMachine task thread for scm3/172.18.0.5:9861 - 0 ] INFO ipc.Client: Retrying connect to server: scm3/172.18.0.5:9861. Already tried 14 time(s); retry policy is RetryUpToMaximumCountWithFixedSleep(maxRetries=15, sleepTime=1000 MILLISECONDS)
scm1_1      | 2022-04-10 12:53:56,814 [main] INFO ha.SCMHANodeDetails: Setting configuration key ozone.scm.address with value of key ozone.scm.address.scmservice.scm1: scm1
s3g_1       | 	at org.glassfish.jersey.server.internal.routing.RoutingStage._apply(RoutingStage.java:89)
scm3_1      | 2022-04-10 12:54:47,099 [main] INFO ha.SCMHANodeDetails: ozone.scm.default.service.id is not defined, falling back to ozone.scm.service.ids to find serviceID for StorageContainerManager if it is HA enabled cluster
om2_1       | , id: "om2"
recon_1     | 2022-04-10 12:54:19,827 [main] WARN db.DBStoreBuilder: ozone.recon.scm.db.dirs is not configured. We recommend adding this setting. Falling back to ozone.metadata.dirs instead.
om1_1       | 2022-04-10 12:55:31,464 [main] INFO server.RaftServerConfigKeys: raft.server.rpc.request.timeout = 3000ms (default)
scm2_1      | 2022-04-10 12:54:16,775 [main] WARN server.ServerUtils: ozone.scm.db.dirs is not configured. We recommend adding this setting. Falling back to ozone.metadata.dirs instead.
om3_1       | 2022-04-10 12:55:34,637 [pool-23-thread-1] INFO server.RaftServerConfigKeys: raft.server.log.appender.buffer.byte-limit = 33554432 (custom)
datanode_2  | 2022-04-10 12:54:49,788 [EndpointStateMachine task thread for scm3/172.18.0.5:9861 - 0 ] INFO ipc.Client: Retrying connect to server: scm3/172.18.0.5:9861. Already tried 0 time(s); retry policy is RetryUpToMaximumCountWithFixedSleep(maxRetries=15, sleepTime=1000 MILLISECONDS)
scm1_1      | 2022-04-10 12:53:58,059 [main] INFO server.RaftServer: raft.rpc.type = GRPC (default)
s3g_1       | 	at org.glassfish.jersey.server.internal.routing.RoutingStage._apply(RoutingStage.java:89)
scm3_1      | 2022-04-10 12:54:47,211 [main] INFO ha.SCMHANodeDetails: Found matching SCM address with SCMServiceId: scmservice, SCMNodeId: scm3, RPC Address: scm3:9894 and Ratis port: 9894
om2_1       | address: "om2:9872"
recon_1     | 2022-04-10 12:54:20,232 [main] INFO upgrade.AbstractLayoutVersionManager: Initializing Layout version manager with metadata layout = SCM_HA (version = 2), software layout = SCM_HA (version = 2)
om1_1       | 2022-04-10 12:55:32,532 [main] INFO impl.DataStreamServerImpl: raft.datastream.type = DISABLED (default)
scm2_1      | 2022-04-10 12:54:20,392 [main] INFO retry.RetryInvocationHandler: com.google.protobuf.ServiceException: java.net.ConnectException: Call From ff6107685bc7/172.18.0.12 to scm2:9863 failed on connection exception: java.net.ConnectException: Connection refused; For more details see:  http://wiki.apache.org/hadoop/ConnectionRefused, while invoking $Proxy14.send over nodeId=scm2,nodeAddress=scm2/172.18.0.12:9863 after 1 failover attempts. Trying to failover after sleeping for 2000ms.
om3_1       | 2022-04-10 12:55:34,780 [pool-23-thread-1] INFO server.RaftServerConfigKeys: raft.server.log.segment.size.max = 4194304 (custom)
datanode_2  | 2022-04-10 12:54:50,656 [EndpointStateMachine task thread for scm2/172.18.0.12:9861 - 0 ] INFO ozoneimpl.OzoneContainer: Ignore. OzoneContainer already started.
scm1_1      | 2022-04-10 12:53:59,157 [main] INFO grpc.GrpcConfigKeys: raft.grpc.admin.port = -1 (default)
s3g_1       | 	at org.glassfish.jersey.server.internal.routing.RoutingStage.apply(RoutingStage.java:69)
scm3_1      | 2022-04-10 12:54:47,214 [main] INFO ha.SCMHANodeDetails: Setting configuration key ozone.scm.address with value of key ozone.scm.address.scmservice.scm3: scm3
om2_1       | ]
recon_1     | 2022-04-10 12:54:20,457 [main] INFO reflections.Reflections: Reflections took 212 ms to scan 3 urls, producing 105 keys and 220 values 
om1_1       | 2022-04-10 12:55:32,544 [main] INFO server.RaftServerConfigKeys: raft.server.rpc.slowness.timeout = 120s (custom)
scm2_1      | 2022-04-10 12:54:22,394 [main] INFO retry.RetryInvocationHandler: com.google.protobuf.ServiceException: java.net.ConnectException: Call From ff6107685bc7/172.18.0.12 to scm3:9863 failed on connection exception: java.net.ConnectException: Connection refused; For more details see:  http://wiki.apache.org/hadoop/ConnectionRefused, while invoking $Proxy14.send over nodeId=scm3,nodeAddress=scm3/172.18.0.5:9863 after 2 failover attempts. Trying to failover after sleeping for 2000ms.
om3_1       | 2022-04-10 12:55:34,825 [pool-23-thread-1] INFO server.RaftServerConfigKeys: raft.server.log.segment.cache.num.max = 2 (custom)
datanode_2  | 2022-04-10 12:54:50,789 [EndpointStateMachine task thread for scm3/172.18.0.5:9861 - 0 ] INFO ipc.Client: Retrying connect to server: scm3/172.18.0.5:9861. Already tried 1 time(s); retry policy is RetryUpToMaximumCountWithFixedSleep(maxRetries=15, sleepTime=1000 MILLISECONDS)
scm1_1      | 2022-04-10 12:53:59,169 [main] INFO grpc.GrpcConfigKeys: raft.grpc.server.port = 9894 (custom)
s3g_1       | 	at org.glassfish.jersey.server.internal.routing.RoutingStage.apply(RoutingStage.java:38)
scm3_1      | 2022-04-10 12:54:47,217 [main] WARN server.ServerUtils: ozone.scm.db.dirs is not configured. We recommend adding this setting. Falling back to ozone.metadata.dirs instead.
om2_1       | 2022-04-10 12:55:43,596 [qtp438270414-44] INFO utils.DBCheckpointServlet: Received request to obtain DB checkpoint snapshot
recon_1     | 2022-04-10 12:54:20,579 [main] INFO ha.SequenceIdGenerator: Init the HA SequenceIdGenerator.
om1_1       | 2022-04-10 12:55:32,544 [main] INFO server.RaftServerConfigKeys: raft.server.leaderelection.leader.step-down.wait-time = 10s (default)
scm2_1      | 2022-04-10 12:54:24,396 [main] INFO retry.RetryInvocationHandler: com.google.protobuf.ServiceException: java.net.ConnectException: Call From ff6107685bc7/172.18.0.12 to scm1:9863 failed on connection exception: java.net.ConnectException: Connection refused; For more details see:  http://wiki.apache.org/hadoop/ConnectionRefused, while invoking $Proxy14.send over nodeId=scm1,nodeAddress=scm1/172.18.0.8:9863 after 3 failover attempts. Trying to failover after sleeping for 2000ms.
om3_1       | 2022-04-10 12:55:34,827 [pool-23-thread-1] INFO server.RaftServerConfigKeys: raft.server.log.segment.cache.size.max = 200MB (=209715200) (default)
datanode_2  | 2022-04-10 12:54:51,800 [EndpointStateMachine task thread for scm3/172.18.0.5:9861 - 0 ] INFO ipc.Client: Retrying connect to server: scm3/172.18.0.5:9861. Already tried 2 time(s); retry policy is RetryUpToMaximumCountWithFixedSleep(maxRetries=15, sleepTime=1000 MILLISECONDS)
scm1_1      | 2022-04-10 12:53:59,178 [main] INFO grpc.GrpcConfigKeys: raft.grpc.client.port = -1 (default)
s3g_1       | 	at org.glassfish.jersey.process.internal.Stages.process(Stages.java:173)
scm3_1      | 2022-04-10 12:54:48,049 [main] INFO server.StorageContainerManager: SCM BootStrap  is successful for ClusterID CID-eae93eb3-b349-4b0f-b48f-52778692a96b, SCMID bd06fe7a-9a97-4264-a370-9a3dd3d9b6c2
om2_1       | 2022-04-10 12:55:43,619 [qtp438270414-44] INFO db.RDBCheckpointManager: Created checkpoint at /data/metadata/db.checkpoints/om.db_checkpoint_1649595343597 in 22 milliseconds
recon_1     | 2022-04-10 12:54:20,677 [main] INFO node.SCMNodeManager: Entering startup safe mode.
om1_1       | 2022-04-10 12:55:32,623 [main] INFO server.RaftServerConfigKeys: raft.server.storage.dir = [/data/metadata/ratis] (custom)
scm2_1      | 2022-04-10 12:54:26,398 [main] INFO retry.RetryInvocationHandler: com.google.protobuf.ServiceException: java.net.ConnectException: Call From ff6107685bc7/172.18.0.12 to scm2:9863 failed on connection exception: java.net.ConnectException: Connection refused; For more details see:  http://wiki.apache.org/hadoop/ConnectionRefused, while invoking $Proxy14.send over nodeId=scm2,nodeAddress=scm2/172.18.0.12:9863 after 4 failover attempts. Trying to failover after sleeping for 2000ms.
om3_1       | 2022-04-10 12:55:34,884 [pool-23-thread-1] INFO segmented.SegmentedRaftLogWorker: new om3@group-D66704EFC61C-SegmentedRaftLogWorker for RaftStorageImpl:Storage Directory /data/metadata/ratis/5cb24680-b9e7-3c90-a862-d66704efc61c
datanode_2  | 2022-04-10 12:54:52,801 [EndpointStateMachine task thread for scm3/172.18.0.5:9861 - 0 ] INFO ipc.Client: Retrying connect to server: scm3/172.18.0.5:9861. Already tried 3 time(s); retry policy is RetryUpToMaximumCountWithFixedSleep(maxRetries=15, sleepTime=1000 MILLISECONDS)
scm1_1      | 2022-04-10 12:53:59,201 [main] INFO grpc.GrpcConfigKeys: raft.grpc.server.port = 9894 (custom)
s3g_1       | 	at org.glassfish.jersey.server.ServerRuntime$1.run(ServerRuntime.java:247)
scm3_1      | 2022-04-10 12:54:48,051 [main] INFO server.StorageContainerManager: Primary SCM Node ID 9fc770f5-d370-49d1-93c0-e568f78108b1
om2_1       | 2022-04-10 12:55:43,741 [qtp438270414-44] INFO utils.DBCheckpointServlet: Time taken to write the checkpoint to response output stream: 120 milliseconds
recon_1     | 2022-04-10 12:54:20,704 [main] INFO scm.ReconNodeManager: Loaded 0 nodes from node DB.
om1_1       | 2022-04-10 12:55:32,676 [main] INFO server.RaftServer: om1: addNew group-D66704EFC61C:[om1|rpc:om1:9872|priority:0, om3|rpc:om3:9872|priority:0, om2|rpc:om2:9872|priority:0] returns group-D66704EFC61C:java.util.concurrent.CompletableFuture@629a9f26[Not completed]
scm2_1      | 2022-04-10 12:54:28,399 [main] INFO retry.RetryInvocationHandler: com.google.protobuf.ServiceException: java.net.ConnectException: Call From ff6107685bc7/172.18.0.12 to scm3:9863 failed on connection exception: java.net.ConnectException: Connection refused; For more details see:  http://wiki.apache.org/hadoop/ConnectionRefused, while invoking $Proxy14.send over nodeId=scm3,nodeAddress=scm3/172.18.0.5:9863 after 5 failover attempts. Trying to failover after sleeping for 2000ms.
om3_1       | 2022-04-10 12:55:34,885 [pool-23-thread-1] INFO server.RaftServerConfigKeys: raft.server.log.queue.byte-limit = 64MB (=67108864) (default)
datanode_2  | 2022-04-10 12:54:53,802 [EndpointStateMachine task thread for scm3/172.18.0.5:9861 - 0 ] INFO ipc.Client: Retrying connect to server: scm3/172.18.0.5:9861. Already tried 4 time(s); retry policy is RetryUpToMaximumCountWithFixedSleep(maxRetries=15, sleepTime=1000 MILLISECONDS)
scm1_1      | 2022-04-10 12:53:59,212 [main] INFO grpc.GrpcConfigKeys: raft.grpc.server.port = 9894 (custom)
s3g_1       | 	at org.glassfish.jersey.internal.Errors$1.call(Errors.java:248)
scm3_1      | 2022-04-10 12:54:48,062 [shutdown-hook-0] INFO server.StorageContainerManagerStarter: SHUTDOWN_MSG: 
om2_1       | 2022-04-10 12:55:43,742 [qtp438270414-44] INFO db.RocksDBCheckpoint: Cleaning up RocksDB checkpoint at /data/metadata/db.checkpoints/om.db_checkpoint_1649595343597
recon_1     | 2022-04-10 12:54:20,719 [main] INFO algorithms.ContainerPlacementPolicyFactory: Create container placement policy of type org.apache.hadoop.hdds.scm.container.placement.algorithms.SCMContainerPlacementRandom
om1_1       | 2022-04-10 12:55:32,676 [main] INFO om.OzoneManager: OzoneManager Ratis server initialized at port 9872
scm2_1      | 2022-04-10 12:54:30,600 [main] INFO retry.RetryInvocationHandler: com.google.protobuf.ServiceException: org.apache.hadoop.ipc.RemoteException(org.apache.hadoop.hdds.ratis.ServerNotLeaderException): Server:9fc770f5-d370-49d1-93c0-e568f78108b1 is not the leader. Could not determine the leader node.
scm2_1      | 	at org.apache.hadoop.hdds.ratis.ServerNotLeaderException.convertToNotLeaderException(ServerNotLeaderException.java:109)
datanode_2  | 2022-04-10 12:54:54,803 [EndpointStateMachine task thread for scm3/172.18.0.5:9861 - 0 ] INFO ipc.Client: Retrying connect to server: scm3/172.18.0.5:9861. Already tried 5 time(s); retry policy is RetryUpToMaximumCountWithFixedSleep(maxRetries=15, sleepTime=1000 MILLISECONDS)
scm1_1      | 2022-04-10 12:53:59,213 [main] INFO server.GrpcService: raft.grpc.message.size.max = 32m (=33554432) (custom)
s3g_1       | 	at org.glassfish.jersey.internal.Errors$1.call(Errors.java:244)
scm3_1      | /************************************************************
om2_1       | 2022-04-10 12:55:51,648 [OM StateMachine ApplyTransaction Thread - 0] INFO volume.OMVolumeCreateRequest: created volume:70357-without-scheme for user:hadoop
recon_1     | 2022-04-10 12:54:20,809 [main] INFO ipc.CallQueueManager: Using callQueue: class java.util.concurrent.LinkedBlockingQueue, queueCapacity: 10000, scheduler: class org.apache.hadoop.ipc.DefaultRpcScheduler, ipcBackoff: false.
om1_1       | 2022-04-10 12:55:32,751 [pool-23-thread-1] INFO server.RaftServer$Division: om1: new RaftServerImpl for group-D66704EFC61C:[om1|rpc:om1:9872|priority:0, om3|rpc:om3:9872|priority:0, om2|rpc:om2:9872|priority:0] with OzoneManagerStateMachine:uninitialized
scm2_1      | 	at org.apache.hadoop.hdds.scm.ha.RatisUtil.checkRatisException(RatisUtil.java:246)
om3_1       | 2022-04-10 12:55:34,927 [pool-23-thread-1] INFO server.RaftServerConfigKeys: raft.server.log.queue.element-limit = 4096 (default)
datanode_2  | 2022-04-10 12:54:55,804 [EndpointStateMachine task thread for scm3/172.18.0.5:9861 - 0 ] INFO ipc.Client: Retrying connect to server: scm3/172.18.0.5:9861. Already tried 6 time(s); retry policy is RetryUpToMaximumCountWithFixedSleep(maxRetries=15, sleepTime=1000 MILLISECONDS)
scm1_1      | 2022-04-10 12:53:59,215 [main] INFO server.RaftServerConfigKeys: raft.server.log.appender.buffer.byte-limit = 33554432 (custom)
s3g_1       | 	at org.glassfish.jersey.internal.Errors.process(Errors.java:292)
scm3_1      | SHUTDOWN_MSG: Shutting down StorageContainerManager at 8e18f2373f78/172.18.0.5
om2_1       | 2022-04-10 12:56:07,051 [OM StateMachine ApplyTransaction Thread - 0] INFO bucket.OMBucketCreateRequest: created bucket: bb1 of layout OBJECT_STORE in volume: 70357-without-scheme
recon_1     | 2022-04-10 12:54:20,916 [Socket Reader #1 for port 9891] INFO ipc.Server: Starting Socket Reader #1 for port 9891
om1_1       | 2022-04-10 12:55:32,771 [pool-23-thread-1] INFO server.RaftServerConfigKeys: raft.server.rpc.timeout.min = 5s (custom)
scm2_1      | 	at org.apache.hadoop.hdds.scm.protocol.ScmBlockLocationProtocolServerSideTranslatorPB.send(ScmBlockLocationProtocolServerSideTranslatorPB.java:108)
scm2_1      | 	at org.apache.hadoop.hdds.protocol.proto.ScmBlockLocationProtocolProtos$ScmBlockLocationProtocolService$2.callBlockingMethod(ScmBlockLocationProtocolProtos.java:13937)
datanode_2  | 2022-04-10 12:54:56,808 [EndpointStateMachine task thread for scm3/172.18.0.5:9861 - 0 ] INFO ipc.Client: Retrying connect to server: scm3/172.18.0.5:9861. Already tried 7 time(s); retry policy is RetryUpToMaximumCountWithFixedSleep(maxRetries=15, sleepTime=1000 MILLISECONDS)
scm1_1      | 2022-04-10 12:53:59,245 [main] INFO server.GrpcService: raft.grpc.flow.control.window = 1MB (=1048576) (default)
s3g_1       | 	at org.glassfish.jersey.internal.Errors.process(Errors.java:274)
scm3_1      | ************************************************************/
om2_1       | 2022-04-10 12:58:01,217 [OM StateMachine ApplyTransaction Thread - 0] INFO volume.OMVolumeCreateRequest: created volume:70357-without-scheme for user:hadoop
recon_1     | 2022-04-10 12:54:21,022 [Listener at 0.0.0.0/9891] INFO pipeline.PipelineStateManagerImpl: No pipeline exists in current db
scm2_1      | 	at org.apache.hadoop.ipc.ProtobufRpcEngine$Server.processCall(ProtobufRpcEngine.java:466)
om3_1       | 2022-04-10 12:55:34,932 [pool-23-thread-1] INFO server.RaftServerConfigKeys: raft.server.log.segment.size.max = 4194304 (custom)
om1_1       | 2022-04-10 12:55:32,772 [pool-23-thread-1] INFO server.RaftServerConfigKeys: raft.server.rpc.timeout.max = 5200ms (custom)
datanode_2  | 2022-04-10 12:55:04,561 [EndpointStateMachine task thread for scm3/172.18.0.5:9861 - 0 ] INFO ozoneimpl.OzoneContainer: Ignore. OzoneContainer already started.
scm1_1      | 2022-04-10 12:53:59,248 [main] INFO server.RaftServerConfigKeys: raft.server.rpc.request.timeout = 30000ms (custom)
s3g_1       | 	at org.glassfish.jersey.internal.Errors.process(Errors.java:244)
scm3_1      | No '-XX:...' jvm parameters are set. Adding safer GC settings '-XX:ParallelGCThreads=8 -XX:+UseConcMarkSweepGC -XX:CMSInitiatingOccupancyFraction=70 -XX:+CMSParallelRemarkEnabled' to the OZONE_OPTS
om2_1       | 2022-04-10 12:58:10,284 [OM StateMachine ApplyTransaction Thread - 0] INFO bucket.OMBucketCreateRequest: created bucket: bb1 of layout OBJECT_STORE in volume: 70357-without-scheme
recon_1     | 2022-04-10 12:54:21,187 [Listener at 0.0.0.0/9891] INFO recon.ReconServer: Recon server initialized successfully!
scm2_1      | 	at org.apache.hadoop.ipc.ProtobufRpcEngine2$Server$ProtoBufRpcInvoker.call(ProtobufRpcEngine2.java:574)
om3_1       | 2022-04-10 12:55:34,936 [pool-23-thread-1] INFO server.RaftServerConfigKeys: raft.server.log.preallocated.size = 4194304 (custom)
om1_1       | 2022-04-10 12:55:32,772 [pool-23-thread-1] INFO server.RaftServerConfigKeys: raft.server.rpc.sleep.time = 25ms (default)
datanode_2  | 2022-04-10 12:55:07,389 [Command processor thread] INFO server.RaftServer: ab5a8f57-573e-4ba8-a1a8-6048a7146b65: addNew group-2A01A3317729:[ab5a8f57-573e-4ba8-a1a8-6048a7146b65|rpc:172.18.0.9:9856|admin:172.18.0.9:9857|client:172.18.0.9:9858|priority:1] returns group-2A01A3317729:java.util.concurrent.CompletableFuture@4b38a5f7[Not completed]
scm1_1      | 2022-04-10 12:54:02,853 [main] INFO impl.DataStreamServerImpl: raft.datastream.type = DISABLED (default)
s3g_1       | 	at org.glassfish.jersey.process.internal.RequestScope.runInScope(RequestScope.java:265)
scm3_1      | OpenJDK 64-Bit Server VM warning: Option UseConcMarkSweepGC was deprecated in version 9.0 and will likely be removed in a future release.
om2_1       | 2022-04-10 12:58:30,933 [OM StateMachine ApplyTransaction Thread - 0] INFO volume.OMVolumeCreateRequest: created volume:87208-source for user:hadoop
recon_1     | 2022-04-10 12:54:21,199 [Listener at 0.0.0.0/9891] INFO recon.ReconServer: Starting Recon server
scm2_1      | 	at org.apache.hadoop.ipc.ProtobufRpcEngine2$Server$ProtoBufRpcInvoker.call(ProtobufRpcEngine2.java:552)
om3_1       | 2022-04-10 12:55:34,940 [pool-23-thread-1] INFO server.RaftServerConfigKeys: raft.server.log.force.sync.num = 128 (default)
om1_1       | 2022-04-10 12:55:32,772 [pool-23-thread-1] INFO server.RaftServerConfigKeys: raft.server.rpc.slowness.timeout = 120s (custom)
datanode_2  | 2022-04-10 12:55:07,457 [pool-22-thread-1] INFO server.RaftServer$Division: ab5a8f57-573e-4ba8-a1a8-6048a7146b65: new RaftServerImpl for group-2A01A3317729:[ab5a8f57-573e-4ba8-a1a8-6048a7146b65|rpc:172.18.0.9:9856|admin:172.18.0.9:9857|client:172.18.0.9:9858|priority:1] with ContainerStateMachine:uninitialized
scm1_1      | 2022-04-10 12:54:02,859 [main] INFO server.RaftServerConfigKeys: raft.server.rpc.slowness.timeout = 120000ms (custom)
scm1_1      | 2022-04-10 12:54:02,877 [main] INFO server.RaftServerConfigKeys: raft.server.leaderelection.leader.step-down.wait-time = 10s (default)
s3g_1       | 	at org.glassfish.jersey.server.ServerRuntime.process(ServerRuntime.java:234)
om2_1       | 2022-04-10 12:58:33,556 [OM StateMachine ApplyTransaction Thread - 0] INFO volume.OMVolumeCreateRequest: created volume:87208-target for user:hadoop
recon_1     | 2022-04-10 12:54:21,359 [Listener at 0.0.0.0/9891] INFO impl.MetricsConfig: Loaded properties from hadoop-metrics2.properties
scm2_1      | 	at org.apache.hadoop.ipc.RPC$Server.call(RPC.java:1093)
om3_1       | 2022-04-10 12:55:34,957 [pool-23-thread-1] INFO server.RaftServerConfigKeys: raft.server.log.statemachine.data.sync = true (default)
om1_1       | 2022-04-10 12:55:32,774 [pool-23-thread-1] INFO server.RaftServerConfigKeys: raft.server.leaderelection.leader.step-down.wait-time = 10s (default)
datanode_2  | 2022-04-10 12:55:07,467 [pool-22-thread-1] INFO server.RaftServerConfigKeys: raft.server.rpc.timeout.min = 5s (custom)
scm3_1      | 2022-04-10 12:54:49,834 [main] INFO server.StorageContainerManagerStarter: STARTUP_MSG: 
scm1_1      | 2022-04-10 12:54:03,104 [main] INFO server.RaftServerConfigKeys: raft.server.storage.dir = [/data/metadata/scm-ha] (custom)
s3g_1       | 	at org.glassfish.jersey.server.ApplicationHandler.handle(ApplicationHandler.java:680)
om2_1       | 2022-04-10 12:58:36,302 [OM StateMachine ApplyTransaction Thread - 0] INFO bucket.OMBucketCreateRequest: created bucket: dangling-link of layout LEGACY in volume: 87208-target
recon_1     | 2022-04-10 12:54:21,372 [Listener at 0.0.0.0/9891] INFO impl.MetricsSystemImpl: Scheduled Metric snapshot period at 10 second(s).
scm2_1      | 	at org.apache.hadoop.ipc.Server$RpcCall.run(Server.java:1035)
om3_1       | 2022-04-10 12:55:34,959 [pool-23-thread-1] INFO server.RaftServerConfigKeys: raft.server.log.statemachine.data.sync.timeout = 10s (default)
om1_1       | 2022-04-10 12:55:32,775 [pool-23-thread-1] INFO server.RaftServerConfigKeys: raft.server.sleep.deviation.threshold = 300ms (default)
datanode_2  | 2022-04-10 12:55:07,476 [pool-22-thread-1] INFO server.RaftServerConfigKeys: raft.server.rpc.timeout.max = 5200ms (custom)
scm3_1      | /************************************************************
scm1_1      | 2022-04-10 12:54:03,210 [main] INFO server.RaftServer: 9fc770f5-d370-49d1-93c0-e568f78108b1: addNew group-52778692A96B:[9fc770f5-d370-49d1-93c0-e568f78108b1|rpc:scm1:9894|priority:0] returns group-52778692A96B:java.util.concurrent.CompletableFuture@4d098f9b[Not completed]
s3g_1       | 	at org.glassfish.jersey.servlet.WebComponent.serviceImpl(WebComponent.java:394)
om2_1       | 2022-04-10 12:58:41,456 [OM StateMachine ApplyTransaction Thread - 0] INFO bucket.OMBucketCreateRequest: created bucket: link1 of layout LEGACY in volume: 87208-target
recon_1     | 2022-04-10 12:54:21,372 [Listener at 0.0.0.0/9891] INFO impl.MetricsSystemImpl: Recon metrics system started
scm2_1      | 	at org.apache.hadoop.ipc.Server$RpcCall.run(Server.java:963)
om3_1       | 2022-04-10 12:55:34,964 [pool-23-thread-1] INFO server.RaftServerConfigKeys: raft.server.log.statemachine.data.sync.timeout.retry = -1 (default)
om1_1       | 2022-04-10 12:55:32,775 [pool-23-thread-1] INFO server.RaftServerConfigKeys: raft.server.log.appender.install.snapshot.enabled = false (custom)
datanode_2  | 2022-04-10 12:55:07,479 [pool-22-thread-1] INFO server.RaftServerConfigKeys: raft.server.rpc.sleep.time = 25ms (default)
scm3_1      | STARTUP_MSG: Starting StorageContainerManager
scm1_1      | 2022-04-10 12:54:03,426 [pool-2-thread-1] INFO server.RaftServer$Division: 9fc770f5-d370-49d1-93c0-e568f78108b1: new RaftServerImpl for group-52778692A96B:[9fc770f5-d370-49d1-93c0-e568f78108b1|rpc:scm1:9894|priority:0] with SCMStateMachine:uninitialized
s3g_1       | 	at org.glassfish.jersey.servlet.WebComponent.service(WebComponent.java:346)
om2_1       | 2022-04-10 12:58:44,149 [OM StateMachine ApplyTransaction Thread - 0] INFO bucket.OMBucketCreateRequest: created bucket: bucket1 of layout OBJECT_STORE in volume: 87208-source
recon_1     | 2022-04-10 12:54:21,800 [Listener at 0.0.0.0/9891] INFO http.HttpServer2: Jetty bound to port 9888
scm2_1      | 	at java.base/java.security.AccessController.doPrivileged(Native Method)
om3_1       | 2022-04-10 12:55:35,057 [pool-23-thread-1] INFO server.RaftServerConfigKeys: raft.server.log.write.buffer.size = 64KB (=65536) (default)
om1_1       | 2022-04-10 12:55:32,803 [pool-23-thread-1] INFO server.RaftServer$Division: om1@group-D66704EFC61C: ConfigurationManager, init=-1: [om1|rpc:om1:9872|priority:0, om3|rpc:om3:9872|priority:0, om2|rpc:om2:9872|priority:0], old=null, confs=<EMPTY_MAP>
datanode_2  | 2022-04-10 12:55:07,480 [pool-22-thread-1] INFO server.RaftServerConfigKeys: raft.server.rpc.slowness.timeout = 300s (custom)
scm3_1      | STARTUP_MSG:   host = 8e18f2373f78/172.18.0.5
scm1_1      | 2022-04-10 12:54:03,451 [pool-2-thread-1] INFO server.RaftServerConfigKeys: raft.server.rpc.timeout.min = 5000ms (custom)
s3g_1       | 	at org.glassfish.jersey.servlet.ServletContainer.service(ServletContainer.java:366)
om2_1       | 2022-04-10 12:59:41,540 [OM StateMachine ApplyTransaction Thread - 0] INFO bucket.OMBucketCreateRequest: created bucket: link2 of layout LEGACY in volume: 87208-target
recon_1     | 2022-04-10 12:54:21,810 [Listener at 0.0.0.0/9891] INFO server.Server: jetty-9.4.43.v20210629; built: 2021-06-30T11:07:22.254Z; git: 526006ecfa3af7f1a27ef3a288e2bef7ea9dd7e8; jvm 11.0.14.1+1-LTS
scm2_1      | 	at java.base/javax.security.auth.Subject.doAs(Subject.java:423)
om3_1       | 2022-04-10 12:55:35,067 [pool-23-thread-1] INFO server.RaftServerConfigKeys: raft.server.log.statemachine.data.caching.enabled = false (default)
om1_1       | 2022-04-10 12:55:32,815 [pool-23-thread-1] INFO server.RaftServerConfigKeys: raft.server.storage.dir = [/data/metadata/ratis] (custom)
datanode_2  | 2022-04-10 12:55:07,480 [pool-22-thread-1] INFO server.RaftServerConfigKeys: raft.server.leaderelection.leader.step-down.wait-time = 10s (default)
scm3_1      | STARTUP_MSG:   args = []
scm1_1      | 2022-04-10 12:54:03,507 [pool-2-thread-1] INFO server.RaftServerConfigKeys: raft.server.rpc.timeout.max = 5200ms (custom)
s3g_1       | 	at org.glassfish.jersey.servlet.ServletContainer.service(ServletContainer.java:319)
om2_1       | 2022-04-10 12:59:44,309 [OM StateMachine ApplyTransaction Thread - 0] ERROR bucket.OMBucketCreateRequest: Bucket creation failed for bucket:link2 in volume:87208-target
recon_1     | 2022-04-10 12:54:21,904 [Listener at 0.0.0.0/9891] INFO server.session: DefaultSessionIdManager workerName=node0
scm2_1      | 	at org.apache.hadoop.security.UserGroupInformation.doAs(UserGroupInformation.java:1878)
om3_1       | 2022-04-10 12:55:35,100 [pool-23-thread-1] INFO segmented.SegmentedRaftLogWorker: om3@group-D66704EFC61C-SegmentedRaftLogWorker: flushIndex: setUnconditionally 0 -> -1
om1_1       | 2022-04-10 12:55:32,832 [pool-23-thread-1] INFO server.RaftServerConfigKeys: raft.server.log.corruption.policy = EXCEPTION (default)
datanode_2  | 2022-04-10 12:55:07,481 [pool-22-thread-1] INFO server.RaftServerConfigKeys: raft.server.sleep.deviation.threshold = 300ms (default)
scm3_1      | STARTUP_MSG:   version = 1.3.0-SNAPSHOT
scm1_1      | 2022-04-10 12:54:03,516 [pool-2-thread-1] INFO server.RaftServerConfigKeys: raft.server.rpc.sleep.time = 25ms (default)
s3g_1       | 	at org.glassfish.jersey.servlet.ServletContainer.service(ServletContainer.java:205)
om2_1       | BUCKET_ALREADY_EXISTS org.apache.hadoop.ozone.om.exceptions.OMException: Bucket already exist
recon_1     | 2022-04-10 12:54:21,904 [Listener at 0.0.0.0/9891] INFO server.session: No SessionScavenger set, using defaults
scm2_1      | 	at org.apache.hadoop.ipc.Server$Handler.run(Server.java:2966)
om3_1       | 2022-04-10 12:55:35,129 [pool-23-thread-1] INFO segmented.SegmentedRaftLogWorker: om3@group-D66704EFC61C-SegmentedRaftLogWorker: safeCacheEvictIndex: setUnconditionally 0 -> -1
om1_1       | 2022-04-10 12:55:32,856 [pool-23-thread-1] INFO server.RaftServerConfigKeys: raft.server.storage.free-space.min = 0MB (=0) (default)
datanode_2  | 2022-04-10 12:55:07,485 [pool-22-thread-1] INFO server.RaftServerConfigKeys: raft.server.log.appender.install.snapshot.enabled = false (custom)
scm3_1      | STARTUP_MSG:   classpath = /etc/hadoop:/opt/hadoop/share/ozone/lib/jackson-annotations-2.12.1.jar:/opt/hadoop/share/ozone/lib/kerb-simplekdc-1.0.1.jar:/opt/hadoop/share/ozone/lib/slf4j-log4j12-1.7.30.jar:/opt/hadoop/share/ozone/lib/protobuf-java-2.5.0.jar:/opt/hadoop/share/ozone/lib/jaxb-core-2.3.0.1.jar:/opt/hadoop/share/ozone/lib/istack-commons-runtime-3.0.5.jar:/opt/hadoop/share/ozone/lib/commons-validator-1.6.jar:/opt/hadoop/share/ozone/lib/bcpkix-jdk15on-1.67.jar:/opt/hadoop/share/ozone/lib/hdds-interface-admin-1.3.0-SNAPSHOT.jar:/opt/hadoop/share/ozone/lib/jetty-security-9.4.43.v20210629.jar:/opt/hadoop/share/ozone/lib/kerb-core-1.0.1.jar:/opt/hadoop/share/ozone/lib/hadoop-shaded-protobuf_3_7-1.1.1.jar:/opt/hadoop/share/ozone/lib/ozone-annotation-processing-1.3.0-SNAPSHOT.jar:/opt/hadoop/share/ozone/lib/hdds-container-service-1.3.0-SNAPSHOT.jar:/opt/hadoop/share/ozone/lib/okhttp-4.9.0.jar:/opt/hadoop/share/ozone/lib/jsr305-3.0.0.jar:/opt/hadoop/share/ozone/lib/j2objc-annotations-1.3.jar:/opt/hadoop/share/ozone/lib/picocli-4.6.1.jar:/opt/hadoop/share/ozone/lib/javassist-3.21.0-GA.jar:/opt/hadoop/share/ozone/lib/jaxb-api-2.3.0.jar:/opt/hadoop/share/ozone/lib/htrace-core4-4.1.0-incubating.jar:/opt/hadoop/share/ozone/lib/kerb-util-1.0.1.jar:/opt/hadoop/share/ozone/lib/kotlin-stdlib-common-1.4.31.jar:/opt/hadoop/share/ozone/lib/checker-qual-3.8.0.jar:/opt/hadoop/share/ozone/lib/hadoop-shaded-guava-1.1.1.jar:/opt/hadoop/share/ozone/lib/log4j-core-2.17.1.jar:/opt/hadoop/share/ozone/lib/commons-logging-1.2.jar:/opt/hadoop/share/ozone/lib/accessors-smart-2.4.7.jar:/opt/hadoop/share/ozone/lib/kerby-xdr-1.0.1.jar:/opt/hadoop/share/ozone/lib/netty-buffer-4.1.63.Final.jar:/opt/hadoop/share/ozone/lib/txw2-2.3.0.1.jar:/opt/hadoop/share/ozone/lib/jackson-datatype-jsr310-2.12.1.jar:/opt/hadoop/share/ozone/lib/httpcore-4.4.13.jar:/opt/hadoop/share/ozone/lib/opentracing-tracerresolver-0.1.8.jar:/opt/hadoop/share/ozone/lib/commons-net-3.6.jar:/opt/hadoop/share/ozone/lib/libthrift-0.14.1.jar:/opt/hadoop/share/ozone/lib/snakeyaml-1.26.jar:/opt/hadoop/share/ozone/lib/stax-ex-1.7.8.jar:/opt/hadoop/share/ozone/lib/error_prone_annotations-2.2.0.jar:/opt/hadoop/share/ozone/lib/httpclient-4.5.13.jar:/opt/hadoop/share/ozone/lib/jetty-servlet-9.4.43.v20210629.jar:/opt/hadoop/share/ozone/lib/jaeger-client-1.6.0.jar:/opt/hadoop/share/ozone/lib/kerby-config-1.0.1.jar:/opt/hadoop/share/ozone/lib/commons-io-2.11.0.jar:/opt/hadoop/share/ozone/lib/metrics-core-3.2.4.jar:/opt/hadoop/share/ozone/lib/kerby-pkix-1.0.1.jar:/opt/hadoop/share/ozone/lib/json-smart-2.4.7.jar:/opt/hadoop/share/ozone/lib/hdds-interface-client-1.3.0-SNAPSHOT.jar:/opt/hadoop/share/ozone/lib/netty-codec-4.1.63.Final.jar:/opt/hadoop/share/ozone/lib/jsr311-api-1.1.1.jar:/opt/hadoop/share/ozone/lib/commons-beanutils-1.9.4.jar:/opt/hadoop/share/ozone/lib/jetty-webapp-9.4.43.v20210629.jar:/opt/hadoop/share/ozone/lib/hdds-server-framework-1.3.0-SNAPSHOT.jar:/opt/hadoop/share/ozone/lib/javax.servlet-api-3.1.0.jar:/opt/hadoop/share/ozone/lib/kerb-server-1.0.1.jar:/opt/hadoop/share/ozone/lib/guava-30.1.1-jre.jar:/opt/hadoop/share/ozone/lib/hdds-common-1.3.0-SNAPSHOT.jar:/opt/hadoop/share/ozone/lib/kerb-client-1.0.1.jar:/opt/hadoop/share/ozone/lib/jackson-core-2.12.1.jar:/opt/hadoop/share/ozone/lib/netty-transport-4.1.63.Final.jar:/opt/hadoop/share/ozone/lib/ratis-grpc-2.2.0.jar:/opt/hadoop/share/ozone/lib/ratis-common-2.2.0.jar:/opt/hadoop/share/ozone/lib/netty-common-4.1.63.Final.jar:/opt/hadoop/share/ozone/lib/disruptor-3.4.2.jar:/opt/hadoop/share/ozone/lib/reflections-0.9.11.jar:/opt/hadoop/share/ozone/lib/jetty-io-9.4.43.v20210629.jar:/opt/hadoop/share/ozone/lib/hdds-interface-server-1.3.0-SNAPSHOT.jar:/opt/hadoop/share/ozone/lib/hadoop-hdfs-3.3.1.jar:/opt/hadoop/share/ozone/lib/annotations-13.0.jar:/opt/hadoop/share/ozone/lib/jetty-server-9.4.43.v20210629.jar:/opt/hadoop/share/ozone/lib/simpleclient_common-0.7.0.jar:/opt/hadoop/share/ozone/lib/jackson-databind-2.12.1.jar:/opt/hadoop/share/ozone/lib/jaeger-thrift-1.6.0.jar:/opt/hadoop/share/ozone/lib/hadoop-common-3.3.1.jar:/opt/hadoop/share/ozone/lib/dnsjava-2.1.7.jar:/opt/hadoop/share/ozone/lib/bcprov-jdk15on-1.67.jar:/opt/hadoop/share/ozone/lib/commons-configuration2-2.1.1.jar:/opt/hadoop/share/ozone/lib/ratis-proto-2.2.0.jar:/opt/hadoop/share/ozone/lib/ratis-client-2.2.0.jar:/opt/hadoop/share/ozone/lib/token-provider-1.0.1.jar:/opt/hadoop/share/ozone/lib/log4j-1.2.17.jar:/opt/hadoop/share/ozone/lib/commons-daemon-1.0.13.jar:/opt/hadoop/share/ozone/lib/listenablefuture-9999.0-empty-to-avoid-conflict-with-guava.jar:/opt/hadoop/share/ozone/lib/jaeger-tracerresolver-1.6.0.jar:/opt/hadoop/share/ozone/lib/jetty-xml-9.4.43.v20210629.jar:/opt/hadoop/share/ozone/lib/ratis-netty-2.2.0.jar:/opt/hadoop/share/ozone/lib/commons-lang3-3.7.jar:/opt/hadoop/share/ozone/lib/re2j-1.1.jar:/opt/hadoop/share/ozone/lib/commons-math3-3.1.1.jar:/opt/hadoop/share/ozone/lib/ratis-thirdparty-misc-0.7.0.jar:/opt/hadoop/share/ozone/lib/simpleclient_dropwizard-0.7.0.jar:/opt/hadoop/share/ozone/lib/simpleclient-0.7.0.jar:/opt/hadoop/share/ozone/lib/asm-5.0.4.jar:/opt/hadoop/share/ozone/lib/kerby-util-1.0.1.jar:/opt/hadoop/share/ozone/lib/failureaccess-1.0.1.jar:/opt/hadoop/share/ozone/lib/okio-2.8.0.jar:/opt/hadoop/share/ozone/lib/hdds-config-1.3.0-SNAPSHOT.jar:/opt/hadoop/share/ozone/lib/jsp-api-2.1.jar:/opt/hadoop/share/ozone/lib/rocksdbjni-7.0.4.jar:/opt/hadoop/share/ozone/lib/jsch-0.1.54.jar:/opt/hadoop/share/ozone/lib/jetty-http-9.4.43.v20210629.jar:/opt/hadoop/share/ozone/lib/jakarta.activation-api-1.2.1.jar:/opt/hadoop/share/ozone/lib/slf4j-api-1.7.30.jar:/opt/hadoop/share/ozone/lib/hadoop-hdfs-client-3.3.1.jar:/opt/hadoop/share/ozone/lib/nimbus-jose-jwt-7.9.jar:/opt/hadoop/share/ozone/lib/commons-codec-1.11.jar:/opt/hadoop/share/ozone/lib/commons-pool2-2.6.0.jar:/opt/hadoop/share/ozone/lib/gson-2.2.4.jar:/opt/hadoop/share/ozone/lib/jetty-util-9.4.43.v20210629.jar:/opt/hadoop/share/ozone/lib/netty-handler-4.1.63.Final.jar:/opt/hadoop/share/ozone/lib/opentracing-api-0.33.0.jar:/opt/hadoop/share/ozone/lib/jetty-util-ajax-9.4.43.v20210629.jar:/opt/hadoop/share/ozone/lib/jcip-annotations-1.0-1.jar:/opt/hadoop/share/ozone/lib/kerb-admin-1.0.1.jar:/opt/hadoop/share/ozone/lib/netty-resolver-4.1.63.Final.jar:/opt/hadoop/share/ozone/lib/kotlin-stdlib-1.4.31.jar:/opt/hadoop/share/ozone/lib/opentracing-noop-0.33.0.jar:/opt/hadoop/share/ozone/lib/jersey-core-1.19.jar:/opt/hadoop/share/ozone/lib/commons-compress-1.21.jar:/opt/hadoop/share/ozone/lib/jaxb-runtime-2.3.0.1.jar:/opt/hadoop/share/ozone/lib/ratis-metrics-2.2.0.jar:/opt/hadoop/share/ozone/lib/ratis-server-api-2.2.0.jar:/opt/hadoop/share/ozone/lib/opentracing-util-0.33.0.jar:/opt/hadoop/share/ozone/lib/hdds-client-1.3.0-SNAPSHOT.jar:/opt/hadoop/share/ozone/lib/hdds-hadoop-dependency-client-1.3.0-SNAPSHOT.jar:/opt/hadoop/share/ozone/lib/snappy-java-1.1.8.2.jar:/opt/hadoop/share/ozone/lib/commons-cli-1.2.jar:/opt/hadoop/share/ozone/lib/log4j-api-2.17.1.jar:/opt/hadoop/share/ozone/lib/woodstox-core-5.0.3.jar:/opt/hadoop/share/ozone/lib/javax.annotation-api-1.2.jar:/opt/hadoop/share/ozone/lib/kerby-asn1-1.0.1.jar:/opt/hadoop/share/ozone/lib/hadoop-annotations-3.3.1.jar:/opt/hadoop/share/ozone/lib/stax2-api-3.1.4.jar:/opt/hadoop/share/ozone/lib/commons-digester-1.8.1.jar:/opt/hadoop/share/ozone/lib/commons-collections-3.2.2.jar:/opt/hadoop/share/ozone/lib/jaeger-core-1.6.0.jar:/opt/hadoop/share/ozone/lib/commons-text-1.4.jar:/opt/hadoop/share/ozone/lib/jersey-servlet-1.19.jar:/opt/hadoop/share/ozone/lib/ratis-server-2.2.0.jar:/opt/hadoop/share/ozone/lib/hadoop-auth-3.3.1.jar:/opt/hadoop/share/ozone/lib/kerb-identity-1.0.1.jar:/opt/hadoop/share/ozone/lib/FastInfoset-1.2.13.jar:/opt/hadoop/share/ozone/lib/kerb-common-1.0.1.jar:/opt/hadoop/share/ozone/lib/jersey-server-1.19.jar:/opt/hadoop/share/ozone/lib/hdds-hadoop-dependency-server-1.3.0-SNAPSHOT.jar:/opt/hadoop/share/ozone/lib/kerb-crypto-1.0.1.jar:/opt/hadoop/share/ozone/web:/opt/hadoop/share/ozone/lib/hdds-server-scm-1.3.0-SNAPSHOT.jar
scm1_1      | 2022-04-10 12:54:03,517 [pool-2-thread-1] INFO server.RaftServerConfigKeys: raft.server.rpc.slowness.timeout = 120000ms (custom)
s3g_1       | 	at org.eclipse.jetty.servlet.ServletHolder$NotAsync.service(ServletHolder.java:1459)
om2_1       | 	at org.apache.hadoop.ozone.om.request.bucket.OMBucketCreateRequest.validateAndUpdateCache(OMBucketCreateRequest.java:198)
recon_1     | 2022-04-10 12:54:21,917 [Listener at 0.0.0.0/9891] INFO server.session: node0 Scavenging every 600000ms
recon_1     | 2022-04-10 12:54:21,949 [Listener at 0.0.0.0/9891] INFO handler.ContextHandler: Started o.e.j.s.ServletContextHandler@372461a9{logs,/logs,file:///var/log/hadoop/,AVAILABLE}
om3_1       | 2022-04-10 12:55:35,162 [pool-23-thread-1] INFO server.RaftServerConfigKeys: raft.server.snapshot.auto.trigger.enabled = true (custom)
om1_1       | 2022-04-10 12:55:32,857 [pool-23-thread-1] INFO storage.RaftStorageDirectory: The storage directory /data/metadata/ratis/5cb24680-b9e7-3c90-a862-d66704efc61c does not exist. Creating ...
datanode_2  | 2022-04-10 12:55:07,509 [pool-22-thread-1] INFO server.RaftServer$Division: ab5a8f57-573e-4ba8-a1a8-6048a7146b65@group-2A01A3317729: ConfigurationManager, init=-1: [ab5a8f57-573e-4ba8-a1a8-6048a7146b65|rpc:172.18.0.9:9856|admin:172.18.0.9:9857|client:172.18.0.9:9858|priority:1], old=null, confs=<EMPTY_MAP>
scm3_1      | STARTUP_MSG:   build = https://github.com/apache/ozone/e81ab0a3f76b09072c23e0151c5e28673623ed6c ; compiled by 'runner' on 2022-04-10T12:44Z
scm1_1      | 2022-04-10 12:54:03,520 [pool-2-thread-1] INFO server.RaftServerConfigKeys: raft.server.leaderelection.leader.step-down.wait-time = 10s (default)
s3g_1       | 	at org.eclipse.jetty.servlet.ServletHolder.handle(ServletHolder.java:799)
om2_1       | 	at org.apache.hadoop.ozone.protocolPB.OzoneManagerRequestHandler.handleWriteRequest(OzoneManagerRequestHandler.java:244)
scm2_1      | , while invoking $Proxy14.send over nodeId=scm1,nodeAddress=scm1/172.18.0.8:9863 after 6 failover attempts. Trying to failover after sleeping for 2000ms.
recon_1     | 2022-04-10 12:54:21,950 [Listener at 0.0.0.0/9891] INFO handler.ContextHandler: Started o.e.j.s.ServletContextHandler@781aff8b{static,/static,jar:file:/opt/hadoop/share/ozone/lib/ozone-recon-1.3.0-SNAPSHOT.jar!/webapps/static,AVAILABLE}
om3_1       | 2022-04-10 12:55:35,173 [pool-23-thread-1] INFO server.RaftServerConfigKeys: raft.server.snapshot.auto.trigger.threshold = 400000 (default)
om1_1       | 2022-04-10 12:55:32,947 [pool-23-thread-1] INFO storage.RaftStorageDirectory: Lock on /data/metadata/ratis/5cb24680-b9e7-3c90-a862-d66704efc61c/in_use.lock acquired by nodename 7@om1
datanode_2  | 2022-04-10 12:55:07,510 [pool-22-thread-1] INFO server.RaftServerConfigKeys: raft.server.storage.dir = [/data/metadata/ratis] (custom)
scm3_1      | STARTUP_MSG:   java = 11.0.14.1
scm1_1      | 2022-04-10 12:54:03,523 [pool-2-thread-1] INFO server.RaftServerConfigKeys: raft.server.sleep.deviation.threshold = 300ms (default)
s3g_1       | 	at org.eclipse.jetty.servlet.ServletHandler$ChainEnd.doFilter(ServletHandler.java:1626)
om2_1       | 	at org.apache.hadoop.ozone.om.ratis.OzoneManagerStateMachine.runCommand(OzoneManagerStateMachine.java:502)
scm2_1      | 2022-04-10 12:54:32,602 [main] INFO retry.RetryInvocationHandler: com.google.protobuf.ServiceException: java.net.ConnectException: Call From ff6107685bc7/172.18.0.12 to scm2:9863 failed on connection exception: java.net.ConnectException: Connection refused; For more details see:  http://wiki.apache.org/hadoop/ConnectionRefused, while invoking $Proxy14.send over nodeId=scm2,nodeAddress=scm2/172.18.0.12:9863 after 7 failover attempts. Trying to failover after sleeping for 2000ms.
recon_1     | 2022-04-10 12:54:25,119 [Listener at 0.0.0.0/9891] INFO handler.ContextHandler: Started o.e.j.w.WebAppContext@c3114ea{recon,/,file:///tmp/jetty-0_0_0_0-9888-ozone-recon-1_3_0-SNAPSHOT_jar-_-any-11004452241368973606/webapp/,AVAILABLE}{jar:file:/opt/hadoop/share/ozone/lib/ozone-recon-1.3.0-SNAPSHOT.jar!/webapps/recon}
om3_1       | 2022-04-10 12:55:35,176 [pool-23-thread-1] INFO server.RaftServerConfigKeys: raft.server.snapshot.retention.file.num = -1 (default)
om1_1       | 2022-04-10 12:55:33,160 [pool-23-thread-1] INFO storage.RaftStorage: Storage directory /data/metadata/ratis/5cb24680-b9e7-3c90-a862-d66704efc61c has been successfully formatted.
datanode_2  | 2022-04-10 12:55:07,522 [pool-22-thread-1] INFO server.RaftServerConfigKeys: raft.server.log.corruption.policy = EXCEPTION (default)
scm3_1      | ************************************************************/
scm1_1      | 2022-04-10 12:54:03,560 [pool-2-thread-1] INFO server.RaftServerConfigKeys: raft.server.log.appender.install.snapshot.enabled = false (custom)
s3g_1       | 	at org.apache.hadoop.ozone.s3.RootPageDisplayFilter.doFilter(RootPageDisplayFilter.java:53)
om2_1       | 	at org.apache.hadoop.ozone.om.ratis.OzoneManagerStateMachine.lambda$2(OzoneManagerStateMachine.java:312)
scm2_1      | 2022-04-10 12:54:34,605 [main] INFO retry.RetryInvocationHandler: com.google.protobuf.ServiceException: java.net.ConnectException: Call From ff6107685bc7/172.18.0.12 to scm3:9863 failed on connection exception: java.net.ConnectException: Connection refused; For more details see:  http://wiki.apache.org/hadoop/ConnectionRefused, while invoking $Proxy14.send over nodeId=scm3,nodeAddress=scm3/172.18.0.5:9863 after 8 failover attempts. Trying to failover after sleeping for 2000ms.
recon_1     | 2022-04-10 12:54:25,153 [Listener at 0.0.0.0/9891] INFO server.AbstractConnector: Started ServerConnector@586495f1{HTTP/1.1, (http/1.1)}{0.0.0.0:9888}
om3_1       | 2022-04-10 12:55:35,176 [pool-23-thread-1] INFO server.RaftServerConfigKeys: raft.server.log.purge.upto.snapshot.index = true (custom)
om1_1       | 2022-04-10 12:55:33,173 [pool-23-thread-1] INFO server.RaftServerConfigKeys: raft.server.notification.no-leader.timeout = 120s (custom)
datanode_2  | 2022-04-10 12:55:07,536 [pool-22-thread-1] INFO server.RaftServerConfigKeys: raft.server.storage.free-space.min = 0MB (=0) (default)
scm3_1      | 2022-04-10 12:54:49,845 [main] INFO server.StorageContainerManagerStarter: registered UNIX signal handlers for [TERM, HUP, INT]
scm1_1      | 2022-04-10 12:54:03,617 [pool-2-thread-1] INFO server.RaftServer$Division: 9fc770f5-d370-49d1-93c0-e568f78108b1@group-52778692A96B: ConfigurationManager, init=-1: [9fc770f5-d370-49d1-93c0-e568f78108b1|rpc:scm1:9894|priority:0], old=null, confs=<EMPTY_MAP>
s3g_1       | 	at org.eclipse.jetty.servlet.FilterHolder.doFilter(FilterHolder.java:193)
om2_1       | 	at java.base/java.util.concurrent.CompletableFuture$AsyncSupply.run(CompletableFuture.java:1700)
scm2_1      | 2022-04-10 12:54:36,660 [main] INFO server.StorageContainerManager: SCM BootStrap  is successful for ClusterID CID-eae93eb3-b349-4b0f-b48f-52778692a96b, SCMID 376e4baf-aa75-4955-8fb6-04f9e6f3ef66
recon_1     | 2022-04-10 12:54:25,155 [Listener at 0.0.0.0/9891] INFO server.Server: Started @39049ms
om3_1       | 2022-04-10 12:55:35,186 [pool-23-thread-1] INFO server.RaftServerConfigKeys: raft.server.retrycache.expirytime = 300s (custom)
om1_1       | 2022-04-10 12:55:33,206 [pool-23-thread-1] INFO server.RaftServerConfigKeys: raft.server.log.use.memory = false (default)
datanode_2  | 2022-04-10 12:55:07,537 [pool-22-thread-1] INFO storage.RaftStorageDirectory: The storage directory /data/metadata/ratis/05de2752-bf80-4dd3-934d-2a01a3317729 does not exist. Creating ...
scm3_1      | 2022-04-10 12:54:49,880 [main] INFO ha.SCMHANodeDetails: ServiceID for StorageContainerManager is null
scm1_1      | 2022-04-10 12:54:03,620 [pool-2-thread-1] INFO server.RaftServerConfigKeys: raft.server.storage.dir = [/data/metadata/scm-ha] (custom)
s3g_1       | 	at org.eclipse.jetty.servlet.ServletHandler$Chain.doFilter(ServletHandler.java:1601)
om2_1       | 	at java.base/java.util.concurrent.ThreadPoolExecutor.runWorker(ThreadPoolExecutor.java:1128)
scm2_1      | 2022-04-10 12:54:36,660 [main] INFO server.StorageContainerManager: Primary SCM Node ID 9fc770f5-d370-49d1-93c0-e568f78108b1
recon_1     | 2022-04-10 12:54:25,165 [Listener at 0.0.0.0/9891] INFO impl.MetricsSinkAdapter: Sink prometheus started
om3_1       | 2022-04-10 12:55:35,194 [pool-23-thread-1] INFO server.RaftServerConfigKeys: raft.server.retrycache.statistics.expirytime = 100?s (default)
om1_1       | 2022-04-10 12:55:33,293 [pool-23-thread-1] INFO server.RaftServerConfigKeys: raft.server.log.purge.gap = 1000000 (custom)
datanode_2  | 2022-04-10 12:55:07,576 [pool-22-thread-1] INFO storage.RaftStorageDirectory: Lock on /data/metadata/ratis/05de2752-bf80-4dd3-934d-2a01a3317729/in_use.lock acquired by nodename 7@5d898b43fc89
scm3_1      | 2022-04-10 12:54:49,881 [main] INFO ha.SCMHANodeDetails: ozone.scm.default.service.id is not defined, falling back to ozone.scm.service.ids to find serviceID for StorageContainerManager if it is HA enabled cluster
scm1_1      | 2022-04-10 12:54:03,730 [pool-2-thread-1] INFO server.RaftServerConfigKeys: raft.server.log.corruption.policy = EXCEPTION (default)
s3g_1       | 	at org.apache.hadoop.ozone.s3.EmptyContentTypeFilter.doFilter(EmptyContentTypeFilter.java:76)
om2_1       | 	at java.base/java.util.concurrent.ThreadPoolExecutor$Worker.run(ThreadPoolExecutor.java:628)
scm2_1      | 2022-04-10 12:54:36,667 [shutdown-hook-0] INFO server.StorageContainerManagerStarter: SHUTDOWN_MSG: 
recon_1     | 2022-04-10 12:54:25,165 [Listener at 0.0.0.0/9891] INFO impl.MetricsSystemImpl: Registered sink prometheus
om3_1       | 2022-04-10 12:55:35,600 [main] INFO reflections.Reflections: Reflections took 1442 ms to scan 7 urls, producing 19 keys and 322 values [using 2 cores]
datanode_2  | 2022-04-10 12:55:07,652 [pool-22-thread-1] INFO storage.RaftStorage: Storage directory /data/metadata/ratis/05de2752-bf80-4dd3-934d-2a01a3317729 has been successfully formatted.
scm3_1      | 2022-04-10 12:54:49,955 [main] INFO ha.SCMHANodeDetails: Found matching SCM address with SCMServiceId: scmservice, SCMNodeId: scm3, RPC Address: scm3:9894 and Ratis port: 9894
scm1_1      | 2022-04-10 12:54:03,755 [pool-2-thread-1] INFO server.RaftServerConfigKeys: raft.server.storage.free-space.min = 0MB (=0) (default)
s3g_1       | 	at org.eclipse.jetty.servlet.FilterHolder.doFilter(FilterHolder.java:201)
om2_1       | 	at java.base/java.lang.Thread.run(Thread.java:829)
scm2_1      | /************************************************************
recon_1     | 2022-04-10 12:54:25,168 [Listener at 0.0.0.0/9891] INFO http.BaseHttpServer: HTTP server of recon listening at http://0.0.0.0:9888
om3_1       | 2022-04-10 12:55:35,639 [main] INFO ipc.CallQueueManager: Using callQueue: class java.util.concurrent.LinkedBlockingQueue, queueCapacity: 10000, scheduler: class org.apache.hadoop.ipc.DefaultRpcScheduler, ipcBackoff: false.
om1_1       | 2022-04-10 12:55:33,303 [pool-23-thread-1] INFO server.RaftServerConfigKeys: raft.server.log.appender.buffer.byte-limit = 33554432 (custom)
datanode_2  | 2022-04-10 12:55:07,739 [pool-22-thread-1] INFO ratis.ContainerStateMachine: group-2A01A3317729: The snapshot info is null. Setting the last applied indexto:(t:0, i:~)
