datanode_3  | 2022-03-11 13:01:57,551 [grpc-default-executor-0] INFO segmented.SegmentedRaftLogWorker: 3dbd564f-c1ce-4e09-be1b-43fb922924f2@group-043FBD43043B-SegmentedRaftLogWorker: Starting segment from index:0
scm_1       | 2022-03-11 13:01:23,774 [main] WARN utils.HAUtils: ozone.scm.db.dirs is not configured. We recommend adding this setting. Falling back to ozone.metadata.dirs instead.
datanode_2  | 2022-03-11 13:34:30,351 [pool-38-thread-1] INFO server.RaftServerConfigKeys: raft.server.sleep.deviation.threshold = 300ms (default)
recon_1     | 	at org.apache.hadoop.ipc.Server$Call.doResponse(Server.java:909)
s3g_1       | 	at org.glassfish.jersey.process.internal.RequestScope.runInScope(RequestScope.java:265)
om_1        | 	at org.apache.hadoop.ozone.protocolPB.OzoneManagerRequestHandler.handleWriteRequest(OzoneManagerRequestHandler.java:244)
datanode_3  | 2022-03-11 13:01:57,558 [3dbd564f-c1ce-4e09-be1b-43fb922924f2@group-043FBD43043B-SegmentedRaftLogWorker] INFO segmented.SegmentedRaftLogWorker: 3dbd564f-c1ce-4e09-be1b-43fb922924f2@group-043FBD43043B-SegmentedRaftLogWorker: created new log segment /data/metadata/ratis/630c8319-3fe5-4862-8b77-043fbd43043b/current/log_inprogress_0
scm_1       | 2022-03-11 13:01:23,945 [main] WARN db.DBStoreBuilder: ozone.scm.db.dirs is not configured. We recommend adding this setting. Falling back to ozone.metadata.dirs instead.
datanode_2  | 2022-03-11 13:34:30,351 [pool-38-thread-1] INFO server.RaftServerConfigKeys: raft.server.log.appender.install.snapshot.enabled = false (custom)
recon_1     | 	at org.apache.hadoop.ipc.Server$Call.sendResponse(Server.java:895)
s3g_1       | 	at org.glassfish.jersey.server.ServerRuntime.process(ServerRuntime.java:234)
om_1        | 	at org.apache.hadoop.ozone.om.ratis.OzoneManagerStateMachine.runCommand(OzoneManagerStateMachine.java:502)
datanode_3  | 2022-03-11 13:29:40,754 [ContainerOp-630c8319-3fe5-4862-8b77-043fbd43043b-2] INFO keyvalue.KeyValueContainer: Container 1 is synced with bcsId 2248.
scm_1       | 2022-03-11 13:01:24,213 [main] INFO net.NodeSchemaLoader: Loading schema from [file:/etc/hadoop/network-topology-default.xml, jar:file:/opt/hadoop/share/ozone/lib/hdds-common-1.3.0-SNAPSHOT.jar!/network-topology-default.xml]
datanode_2  | 2022-03-11 13:34:30,351 [pool-38-thread-1] INFO server.RaftServer$Division: 8d754526-627a-4039-bf1e-0058a1eb804c@group-420CEECFA803: ConfigurationManager, init=-1: [8d754526-627a-4039-bf1e-0058a1eb804c|rpc:172.18.0.6:9856|admin:172.18.0.6:9857|client:172.18.0.6:9858|priority:1], old=null, confs=<EMPTY_MAP>
recon_1     | 	at org.apache.hadoop.ipc.Server$RpcCall.run(Server.java:1052)
s3g_1       | 	at org.glassfish.jersey.server.ApplicationHandler.handle(ApplicationHandler.java:680)
om_1        | 	at org.apache.hadoop.ozone.om.ratis.OzoneManagerStateMachine.lambda$2(OzoneManagerStateMachine.java:312)
om_1        | 	at java.base/java.util.concurrent.CompletableFuture$AsyncSupply.run(CompletableFuture.java:1700)
om_1        | 	at java.base/java.util.concurrent.ThreadPoolExecutor.runWorker(ThreadPoolExecutor.java:1128)
om_1        | 	at java.base/java.util.concurrent.ThreadPoolExecutor$Worker.run(ThreadPoolExecutor.java:628)
om_1        | 	at java.base/java.lang.Thread.run(Thread.java:829)
om_1        | 2022-03-11 13:24:51,963 [OM StateMachine ApplyTransaction Thread - 0] ERROR multipart.S3MultipartUploadCompleteRequest: Complete MultipartUpload failed for key /s3v/bucket-ozone-test-0636900147/ozone-test-6902475351/multipartKey3 , MPU Key has no parts in OM, parts given to upload are [partNumber: 2
om_1        | partName: "etag1"
om_1        | , partNumber: 1
datanode_3  | 2022-03-11 13:29:40,755 [ContainerOp-630c8319-3fe5-4862-8b77-043fbd43043b-2] INFO keyvalue.KeyValueContainer: Container 1 is synced with bcsId 2248.
om_1        | partName: "etag2"
recon_1     | 	at org.apache.hadoop.ipc.Server$RpcCall.run(Server.java:963)
scm_1       | 2022-03-11 13:01:24,215 [main] INFO net.NodeSchemaLoader: Loading network topology layer schema file
datanode_2  | 2022-03-11 13:34:30,351 [pool-38-thread-1] INFO server.RaftServerConfigKeys: raft.server.storage.dir = [/data/metadata/ratis] (custom)
s3g_1       | 	at org.glassfish.jersey.servlet.WebComponent.serviceImpl(WebComponent.java:394)
datanode_3  | 2022-03-11 13:29:40,776 [ContainerOp-630c8319-3fe5-4862-8b77-043fbd43043b-2] INFO keyvalue.KeyValueContainer: Container 1 is closed with bcsId 2248.
om_1        | ]
recon_1     | 	at java.base/java.security.AccessController.doPrivileged(Native Method)
scm_1       | 2022-03-11 13:01:24,289 [main] INFO metrics.MetricRegistries: Loaded MetricRegistries class org.apache.ratis.metrics.impl.MetricRegistriesImpl
datanode_2  | 2022-03-11 13:34:30,352 [pool-38-thread-1] INFO server.RaftServerConfigKeys: raft.server.log.corruption.policy = EXCEPTION (default)
s3g_1       | 	at org.glassfish.jersey.servlet.WebComponent.service(WebComponent.java:346)
datanode_3  | 2022-03-11 13:32:42,454 [grpc-default-executor-1] INFO server.GrpcServerProtocolService: 3dbd564f-c1ce-4e09-be1b-43fb922924f2: Completed APPEND_ENTRIES, lastRequest: 8d754526-627a-4039-bf1e-0058a1eb804c->3dbd564f-c1ce-4e09-be1b-43fb922924f2#27475-t4,previous=(t:4, i:2262),leaderCommit=2262,initializing? true,entries: size=1, first=(t:4, i:2263), METADATAENTRY(c:2262)
om_1        | 2022-03-11 13:24:51,964 [OM StateMachine ApplyTransaction Thread - 0] ERROR multipart.S3MultipartUploadCompleteRequest: MultipartUpload Complete request failed for Key: ozone-test-6902475351/multipartKey3 in Volume/Bucket s3v/bucket-ozone-test-0636900147
recon_1     | 	at java.base/javax.security.auth.Subject.doAs(Subject.java:423)
scm_1       | 2022-03-11 13:01:24,318 [main] INFO ha.SCMRatisServerImpl: starting Raft server for scm:6d868e4a-4e29-455d-83b1-9b15f4c0bc12
datanode_2  | 2022-03-11 13:34:30,352 [pool-38-thread-1] INFO server.RaftServerConfigKeys: raft.server.storage.free-space.min = 0MB (=0) (default)
s3g_1       | 	at org.glassfish.jersey.servlet.ServletContainer.service(ServletContainer.java:366)
datanode_3  | 2022-03-11 13:32:48,855 [grpc-default-executor-1] INFO server.RaftServer$Division: 3dbd564f-c1ce-4e09-be1b-43fb922924f2@group-043FBD43043B: receive requestVote(ELECTION, d2788091-9110-4f8a-8ccb-db668a02c267, group-043FBD43043B, 5, (t:4, i:2263))
om_1        | INVALID_PART org.apache.hadoop.ozone.om.exceptions.OMException: Complete Multipart Upload Failed: volume: s3v bucket: bucket-ozone-test-0636900147 key: ozone-test-6902475351/multipartKey3
recon_1     | 	at org.apache.hadoop.security.UserGroupInformation.doAs(UserGroupInformation.java:1878)
scm_1       | 2022-03-11 13:01:24,386 [main] INFO server.RaftServer: raft.rpc.type = GRPC (default)
s3g_1       | 	at org.glassfish.jersey.servlet.ServletContainer.service(ServletContainer.java:319)
datanode_2  | 2022-03-11 13:34:30,352 [pool-38-thread-1] INFO storage.RaftStorageDirectory: The storage directory /data/metadata/ratis/fb451457-3ded-4489-a4fb-420ceecfa803 does not exist. Creating ...
datanode_2  | 2022-03-11 13:34:30,360 [pool-38-thread-1] INFO storage.RaftStorageDirectory: Lock on /data/metadata/ratis/fb451457-3ded-4489-a4fb-420ceecfa803/in_use.lock acquired by nodename 7@637b1a8f6ee5
om_1        | 	at org.apache.hadoop.ozone.om.request.s3.multipart.S3MultipartUploadCompleteRequest.validateAndUpdateCache(S3MultipartUploadCompleteRequest.java:183)
recon_1     | 	at org.apache.hadoop.ipc.Server$Handler.run(Server.java:2966)
scm_1       | 2022-03-11 13:01:24,453 [main] INFO grpc.GrpcConfigKeys: raft.grpc.admin.port = -1 (default)
s3g_1       | 	at org.glassfish.jersey.servlet.ServletContainer.service(ServletContainer.java:205)
datanode_2  | 2022-03-11 13:34:30,384 [pool-38-thread-1] INFO storage.RaftStorage: Storage directory /data/metadata/ratis/fb451457-3ded-4489-a4fb-420ceecfa803 has been successfully formatted.
datanode_3  | 2022-03-11 13:32:48,857 [grpc-default-executor-1] INFO impl.VoteContext: 3dbd564f-c1ce-4e09-be1b-43fb922924f2@group-043FBD43043B-FOLLOWER: accept ELECTION from d2788091-9110-4f8a-8ccb-db668a02c267: our priority 0 <= candidate's priority 0
datanode_3  | 2022-03-11 13:32:48,857 [grpc-default-executor-1] INFO server.RaftServer$Division: 3dbd564f-c1ce-4e09-be1b-43fb922924f2@group-043FBD43043B: change Leader from 8d754526-627a-4039-bf1e-0058a1eb804c to null at term 5 for updateCurrentTerm
datanode_3  | 2022-03-11 13:32:48,857 [grpc-default-executor-1] INFO server.RaftServer$Division: 3dbd564f-c1ce-4e09-be1b-43fb922924f2@group-043FBD43043B: changes role from  FOLLOWER to FOLLOWER at term 5 for candidate:d2788091-9110-4f8a-8ccb-db668a02c267
recon_1     | 2022-03-11 13:01:34,327 [IPC Server handler 0 on default port 9891] WARN ipc.Server: IPC Server handler 0 on default port 9891, call Call#0 Retry#0 org.apache.hadoop.ozone.protocol.ReconDatanodeProtocol.submitRequest from 172.18.0.6:45026: output error
s3g_1       | 	at org.eclipse.jetty.servlet.ServletHolder$NotAsync.service(ServletHolder.java:1459)
datanode_3  | 2022-03-11 13:32:48,857 [grpc-default-executor-1] INFO impl.RoleInfo: 3dbd564f-c1ce-4e09-be1b-43fb922924f2: shutdown 3dbd564f-c1ce-4e09-be1b-43fb922924f2@group-043FBD43043B-FollowerState
om_1        | 	at org.apache.hadoop.ozone.protocolPB.OzoneManagerRequestHandler.handleWriteRequest(OzoneManagerRequestHandler.java:244)
recon_1     | 2022-03-11 13:01:34,338 [IPC Server handler 0 on default port 9891] INFO ipc.Server: IPC Server handler 0 on default port 9891 caught an exception
scm_1       | 2022-03-11 13:01:24,453 [main] INFO grpc.GrpcConfigKeys: raft.grpc.server.port = 9894 (custom)
datanode_2  | 2022-03-11 13:34:30,386 [pool-38-thread-1] INFO ratis.ContainerStateMachine: group-420CEECFA803: The snapshot info is null. Setting the last applied indexto:(t:0, i:~)
s3g_1       | 	at org.eclipse.jetty.servlet.ServletHolder.handle(ServletHolder.java:799)
s3g_1       | 	at org.eclipse.jetty.servlet.ServletHandler$ChainEnd.doFilter(ServletHandler.java:1626)
datanode_3  | 2022-03-11 13:32:48,858 [3dbd564f-c1ce-4e09-be1b-43fb922924f2@group-043FBD43043B-FollowerState] INFO impl.FollowerState: 3dbd564f-c1ce-4e09-be1b-43fb922924f2@group-043FBD43043B-FollowerState was interrupted: {}
om_1        | 	at org.apache.hadoop.ozone.om.ratis.OzoneManagerStateMachine.runCommand(OzoneManagerStateMachine.java:502)
recon_1     | java.nio.channels.ClosedChannelException
scm_1       | 2022-03-11 13:01:24,454 [main] INFO grpc.GrpcConfigKeys: raft.grpc.client.port = -1 (default)
datanode_2  | 2022-03-11 13:34:30,399 [pool-38-thread-1] INFO server.RaftServerConfigKeys: raft.server.notification.no-leader.timeout = 300s (custom)
s3g_1       | 	at org.apache.hadoop.ozone.s3.RootPageDisplayFilter.doFilter(RootPageDisplayFilter.java:53)
datanode_3  | java.lang.InterruptedException: sleep interrupted
om_1        | 	at org.apache.hadoop.ozone.om.ratis.OzoneManagerStateMachine.lambda$2(OzoneManagerStateMachine.java:312)
recon_1     | 	at java.base/sun.nio.ch.SocketChannelImpl.ensureOpenAndConnected(SocketChannelImpl.java:180)
scm_1       | 2022-03-11 13:01:24,454 [main] INFO grpc.GrpcConfigKeys: raft.grpc.server.port = 9894 (custom)
datanode_2  | 2022-03-11 13:34:30,399 [pool-38-thread-1] INFO server.RaftServerConfigKeys: raft.server.log.use.memory = false (default)
s3g_1       | 	at org.eclipse.jetty.servlet.FilterHolder.doFilter(FilterHolder.java:193)
datanode_3  | 	at java.base/java.lang.Thread.sleep(Native Method)
om_1        | 	at java.base/java.util.concurrent.CompletableFuture$AsyncSupply.run(CompletableFuture.java:1700)
recon_1     | 	at java.base/sun.nio.ch.SocketChannelImpl.write(SocketChannelImpl.java:452)
scm_1       | 2022-03-11 13:01:24,455 [main] INFO grpc.GrpcConfigKeys: raft.grpc.server.port = 9894 (custom)
datanode_2  | 2022-03-11 13:34:30,399 [pool-38-thread-1] INFO server.RaftServerConfigKeys: raft.server.log.purge.gap = 1000000 (custom)
s3g_1       | 	at org.eclipse.jetty.servlet.ServletHandler$Chain.doFilter(ServletHandler.java:1601)
datanode_3  | 	at java.base/java.lang.Thread.sleep(Thread.java:334)
om_1        | 	at java.base/java.util.concurrent.ThreadPoolExecutor.runWorker(ThreadPoolExecutor.java:1128)
recon_1     | 	at org.apache.hadoop.ipc.Server.channelWrite(Server.java:3605)
recon_1     | 	at org.apache.hadoop.ipc.Server.access$1700(Server.java:141)
datanode_2  | 2022-03-11 13:34:30,400 [pool-38-thread-1] INFO server.RaftServerConfigKeys: raft.server.log.appender.buffer.byte-limit = 33554432 (custom)
s3g_1       | 	at org.apache.hadoop.ozone.s3.EmptyContentTypeFilter.doFilter(EmptyContentTypeFilter.java:76)
datanode_3  | 	at java.base/java.util.concurrent.TimeUnit.sleep(TimeUnit.java:446)
om_1        | 	at java.base/java.util.concurrent.ThreadPoolExecutor$Worker.run(ThreadPoolExecutor.java:628)
recon_1     | 	at org.apache.hadoop.ipc.Server$Responder.processResponse(Server.java:1667)
scm_1       | 2022-03-11 13:01:24,456 [main] INFO server.GrpcService: raft.grpc.message.size.max = 32m (=33554432) (custom)
datanode_2  | 2022-03-11 13:34:30,400 [pool-38-thread-1] INFO server.RaftServerConfigKeys: raft.server.log.segment.size.max = 1048576 (custom)
s3g_1       | 	at org.eclipse.jetty.servlet.FilterHolder.doFilter(FilterHolder.java:201)
datanode_3  | 	at org.apache.ratis.util.TimeDuration.sleep(TimeDuration.java:324)
om_1        | 	at java.base/java.lang.Thread.run(Thread.java:829)
recon_1     | 	at org.apache.hadoop.ipc.Server$Responder.doRespond(Server.java:1737)
scm_1       | 2022-03-11 13:01:24,458 [main] INFO server.RaftServerConfigKeys: raft.server.log.appender.buffer.byte-limit = 33554432 (custom)
datanode_2  | 2022-03-11 13:34:30,400 [pool-38-thread-1] INFO server.RaftServerConfigKeys: raft.server.log.segment.cache.num.max = 2 (custom)
s3g_1       | 	at org.eclipse.jetty.servlet.ServletHandler$Chain.doFilter(ServletHandler.java:1601)
datanode_3  | 	at org.apache.ratis.util.TimeDuration.sleep(TimeDuration.java:309)
om_1        | 2022-03-11 13:24:55,417 [OM StateMachine ApplyTransaction Thread - 0] ERROR multipart.S3MultipartUploadCompleteRequest: MultipartUpload Complete request failed for Key: ozone-test-6902475351/multipartKey3 in Volume/Bucket s3v/bucket-ozone-test-0636900147
recon_1     | 	at org.apache.hadoop.ipc.Server$Connection.sendResponse(Server.java:2837)
scm_1       | 2022-03-11 13:01:24,458 [main] INFO server.GrpcService: raft.grpc.flow.control.window = 1MB (=1048576) (default)
datanode_2  | 2022-03-11 13:34:30,400 [pool-38-thread-1] INFO server.RaftServerConfigKeys: raft.server.log.segment.cache.size.max = 200MB (=209715200) (default)
datanode_2  | 2022-03-11 13:34:30,400 [pool-38-thread-1] INFO segmented.SegmentedRaftLogWorker: new 8d754526-627a-4039-bf1e-0058a1eb804c@group-420CEECFA803-SegmentedRaftLogWorker for RaftStorageImpl:Storage Directory /data/metadata/ratis/fb451457-3ded-4489-a4fb-420ceecfa803
datanode_2  | 2022-03-11 13:34:30,400 [pool-38-thread-1] INFO server.RaftServerConfigKeys: raft.server.log.queue.byte-limit = 4294967296 (custom)
datanode_2  | 2022-03-11 13:34:30,400 [pool-38-thread-1] INFO server.RaftServerConfigKeys: raft.server.log.queue.element-limit = 1024 (custom)
datanode_2  | 2022-03-11 13:34:30,400 [pool-38-thread-1] INFO server.RaftServerConfigKeys: raft.server.log.segment.size.max = 1048576 (custom)
datanode_2  | 2022-03-11 13:34:30,401 [pool-38-thread-1] INFO server.RaftServerConfigKeys: raft.server.log.preallocated.size = 16384 (custom)
datanode_2  | 2022-03-11 13:34:30,401 [pool-38-thread-1] INFO server.RaftServerConfigKeys: raft.server.log.force.sync.num = 128 (default)
recon_1     | 	at org.apache.hadoop.ipc.Server$Connection.access$300(Server.java:1809)
s3g_1       | 	at org.apache.hadoop.hdds.server.http.HttpServer2$QuotingInputFilter.doFilter(HttpServer2.java:1678)
datanode_2  | 2022-03-11 13:34:30,406 [pool-38-thread-1] INFO server.RaftServerConfigKeys: raft.server.log.statemachine.data.sync = true (default)
om_1        | INVALID_PART org.apache.hadoop.ozone.om.exceptions.OMException: Complete Multipart Upload Failed: volume: s3v bucket: bucket-ozone-test-0636900147 key: ozone-test-6902475351/multipartKey3. Provided Part info is { etag1, 1}, whereas OM has partName /s3v/bucket-ozone-test-0636900147/ozone-test-6902475351/multipartKey3-aade10d0-a8f0-4184-98bf-b87b1c2c04d4-107938125617234162-1
recon_1     | 	at org.apache.hadoop.ipc.Server$RpcCall.doResponse(Server.java:1117)
datanode_3  | 	at org.apache.ratis.server.impl.FollowerState.run(FollowerState.java:118)
scm_1       | 2022-03-11 13:01:24,459 [main] INFO server.RaftServerConfigKeys: raft.server.rpc.request.timeout = 30000ms (custom)
s3g_1       | 	at org.eclipse.jetty.servlet.FilterHolder.doFilter(FilterHolder.java:193)
datanode_2  | 2022-03-11 13:34:30,406 [pool-38-thread-1] INFO server.RaftServerConfigKeys: raft.server.log.statemachine.data.sync.timeout = 10s (default)
om_1        | 	at org.apache.hadoop.ozone.om.request.s3.multipart.S3MultipartUploadCompleteRequest.getMultipartDataSize(S3MultipartUploadCompleteRequest.java:496)
recon_1     | 	at org.apache.hadoop.ipc.Server$Call.doResponse(Server.java:909)
datanode_3  | 2022-03-11 13:32:48,858 [grpc-default-executor-1] INFO impl.RoleInfo: 3dbd564f-c1ce-4e09-be1b-43fb922924f2: start 3dbd564f-c1ce-4e09-be1b-43fb922924f2@group-043FBD43043B-FollowerState
scm_1       | 2022-03-11 13:01:24,705 [main] INFO impl.DataStreamServerImpl: raft.datastream.type = DISABLED (default)
s3g_1       | 	at org.eclipse.jetty.servlet.ServletHandler$Chain.doFilter(ServletHandler.java:1601)
datanode_2  | 2022-03-11 13:34:30,406 [pool-38-thread-1] INFO server.RaftServerConfigKeys: raft.server.log.statemachine.data.sync.timeout.retry = -1 (default)
om_1        | 	at org.apache.hadoop.ozone.om.request.s3.multipart.S3MultipartUploadCompleteRequest.validateAndUpdateCache(S3MultipartUploadCompleteRe