datanode_3_1  | 2021-10-14 01:23:08,355 [f6242240-bbb3-4105-ae90-64e2e609b952@group-2CFDF4374117-LeaderElection1] INFO server.RaftServerConfigKeys: raft.server.log.appender.snapshot.chunk.size.max = 16MB (=16777216) (default)
datanode_1_1  | 2021-10-14 01:23:11,608 [003762db-62ff-431c-89ab-0565fabab366@group-CED3D2BED5F1-LeaderElection2] INFO server.RaftServerConfigKeys: raft.server.watch.timeout.denomination = 1s (default)
datanode_1_1  | 2021-10-14 01:23:11,609 [003762db-62ff-431c-89ab-0565fabab366@group-CED3D2BED5F1-LeaderElection2] INFO server.RaftServerConfigKeys: raft.server.watch.element-limit = 65536 (default)
scm_1         | 2021-10-14 01:23:36,648 [IPC Server handler 30 on default port 9863] WARN node.SCMNodeManager: Cannot find node for address 10.5.0.71
om_1          | 2021-10-14 01:23:24,639 [OM StateMachine ApplyTransaction Thread - 0] INFO volume.OMVolumeCreateRequest: created volume:vol-4-20843 for user:hadoop
datanode_6_1  | 2021-10-14 01:23:35,086 [ec5a2e7e-65d9-4863-8de7-4935a805b60f@group-EF2DE59A45A1-FollowerState] INFO server.RaftServer$Division: ec5a2e7e-65d9-4863-8de7-4935a805b60f@group-EF2DE59A45A1: changes role from  FOLLOWER to CANDIDATE at term 0 for changeToCandidate
datanode_1_1  | 2021-10-14 01:23:11,609 [003762db-62ff-431c-89ab-0565fabab366@group-CED3D2BED5F1-LeaderElection2] INFO impl.RoleInfo: 003762db-62ff-431c-89ab-0565fabab366: start 003762db-62ff-431c-89ab-0565fabab366@group-CED3D2BED5F1-LeaderStateImpl
scm_1         | 2021-10-14 01:23:36,819 [IPC Server handler 41 on default port 9863] WARN node.SCMNodeManager: Cannot find node for address 10.5.0.71
datanode_6_1  | 2021-10-14 01:23:35,089 [ec5a2e7e-65d9-4863-8de7-4935a805b60f@group-EF2DE59A45A1-FollowerState] INFO server.RaftServerConfigKeys: raft.server.leaderelection.pre-vote = false (custom)
datanode_1_1  | 2021-10-14 01:23:11,610 [003762db-62ff-431c-89ab-0565fabab366@group-CED3D2BED5F1-LeaderElection2] INFO segmented.SegmentedRaftLogWorker: 003762db-62ff-431c-89ab-0565fabab366@group-CED3D2BED5F1-SegmentedRaftLogWorker: Starting segment from index:0
datanode_1_1  | 2021-10-14 01:23:11,618 [003762db-62ff-431c-89ab-0565fabab366@group-CED3D2BED5F1-SegmentedRaftLogWorker] INFO segmented.SegmentedRaftLogWorker: 003762db-62ff-431c-89ab-0565fabab366@group-CED3D2BED5F1-SegmentedRaftLogWorker: created new log segment /data/metadata/ratis/861ae2c0-cddc-45b4-baf0-ced3d2bed5f1/current/log_inprogress_0
datanode_1_1  | 2021-10-14 01:23:11,619 [003762db-62ff-431c-89ab-0565fabab366@group-CED3D2BED5F1-LeaderElection2] INFO server.RaftServer$Division: 003762db-62ff-431c-89ab-0565fabab366@group-CED3D2BED5F1: set configuration 0: [003762db-62ff-431c-89ab-0565fabab366|rpc:10.5.0.4:9856|admin:10.5.0.4:9857|client:10.5.0.4:9858|dataStream:|priority:1], old=null
datanode_1_1  | 2021-10-14 01:23:28,335 [Datanode State Machine Thread - 0] WARN statemachine.StateContext: No available thread in pool for past 30 seconds.
datanode_1_1  | 2021-10-14 01:23:37,305 [Datanode State Machine Thread - 0] WARN statemachine.StateContext: No available thread in pool for past 30 seconds.
datanode_3_1  | 2021-10-14 01:23:08,362 [f6242240-bbb3-4105-ae90-64e2e609b952@group-2CFDF4374117-LeaderElection1] INFO server.RaftServerConfigKeys: raft.server.log.appender.buffer.byte-limit = 33554432 (custom)
datanode_3_1  | 2021-10-14 01:23:08,362 [f6242240-bbb3-4105-ae90-64e2e609b952@group-2CFDF4374117-LeaderElection1] INFO server.RaftServerConfigKeys: raft.server.log.appender.buffer.element-limit = 1 (custom)
datanode_3_1  | 2021-10-14 01:23:08,363 [f6242240-bbb3-4105-ae90-64e2e609b952@group-2CFDF4374117-LeaderElection1] INFO grpc.GrpcConfigKeys: raft.grpc.server.leader.outstanding.appends.max = 128 (default)
datanode_3_1  | 2021-10-14 01:23:08,363 [f6242240-bbb3-4105-ae90-64e2e609b952@group-2CFDF4374117-LeaderElection1] INFO server.RaftServerConfigKeys: raft.server.rpc.request.timeout = 60s (custom)
datanode_3_1  | 2021-10-14 01:23:08,363 [f6242240-bbb3-4105-ae90-64e2e609b952@group-2CFDF4374117-LeaderElection1] INFO server.RaftServerConfigKeys: raft.server.log.appender.install.snapshot.enabled = false (custom)
scm_1         | 2021-10-14 01:23:36,944 [IPC Server handler 40 on default port 9863] WARN node.SCMNodeManager: Cannot find node for address 10.5.0.71
datanode_6_1  | 2021-10-14 01:23:35,089 [ec5a2e7e-65d9-4863-8de7-4935a805b60f@group-EF2DE59A45A1-FollowerState] INFO impl.RoleInfo: ec5a2e7e-65d9-4863-8de7-4935a805b60f: start ec5a2e7e-65d9-4863-8de7-4935a805b60f@group-EF2DE59A45A1-LeaderElection1
datanode_3_1  | 2021-10-14 01:23:08,366 [f6242240-bbb3-4105-ae90-64e2e609b952@group-2CFDF4374117-LeaderElection1] INFO impl.RoleInfo: f6242240-bbb3-4105-ae90-64e2e609b952: start f6242240-bbb3-4105-ae90-64e2e609b952@group-2CFDF4374117-LeaderStateImpl
datanode_3_1  | 2021-10-14 01:23:08,394 [f6242240-bbb3-4105-ae90-64e2e609b952@group-2CFDF4374117-LeaderElection1] INFO segmented.SegmentedRaftLogWorker: f6242240-bbb3-4105-ae90-64e2e609b952@group-2CFDF4374117-SegmentedRaftLogWorker: Starting segment from index:0
scm_1         | 2021-10-14 01:23:37,701 [IPC Server handler 6 on default port 9863] WARN node.SCMNodeManager: Cannot find node for address 10.5.0.71
scm_1         | 2021-10-14 01:23:37,868 [IPC Server handler 40 on default port 9863] WARN node.SCMNodeManager: Cannot find node for address 10.5.0.71
scm_1         | 2021-10-14 01:23:40,491 [IPC Server handler 30 on default port 9863] WARN node.SCMNodeManager: Cannot find node for address 10.5.0.71
datanode_6_1  | 2021-10-14 01:23:35,094 [ec5a2e7e-65d9-4863-8de7-4935a805b60f@group-EF2DE59A45A1-LeaderElection1] INFO impl.LeaderElection: ec5a2e7e-65d9-4863-8de7-4935a805b60f@group-EF2DE59A45A1-LeaderElection1 ELECTION round 0: submit vote requests at term 1 for -1: [ec5a2e7e-65d9-4863-8de7-4935a805b60f|rpc:10.5.0.9:9856|admin:10.5.0.9:9857|client:10.5.0.9:9858|priority:1], old=null
datanode_6_1  | 2021-10-14 01:23:35,095 [ec5a2e7e-65d9-4863-8de7-4935a805b60f@group-EF2DE59A45A1-LeaderElection1] INFO impl.LeaderElection: ec5a2e7e-65d9-4863-8de7-4935a805b60f@group-EF2DE59A45A1-LeaderElection1 ELECTION round 0: result PASSED (term=1)
datanode_3_1  | 2021-10-14 01:23:08,478 [f6242240-bbb3-4105-ae90-64e2e609b952@group-2CFDF4374117-LeaderElection1] INFO server.RaftServer$Division: f6242240-bbb3-4105-ae90-64e2e609b952@group-2CFDF4374117: set configuration 0: [49e20c59-d1fa-435f-ad65-3d94feae197d|rpc:10.5.0.5:9856|admin:10.5.0.5:9857|client:10.5.0.5:9858|dataStream:|priority:0, ec5a2e7e-65d9-4863-8de7-4935a805b60f|rpc:10.5.0.9:9856|admin:10.5.0.9:9857|client:10.5.0.9:9858|dataStream:|priority:0, f6242240-bbb3-4105-ae90-64e2e609b952|rpc:10.5.0.6:9856|admin:10.5.0.6:9857|client:10.5.0.6:9858|dataStream:|priority:1], old=null
datanode_3_1  | 2021-10-14 01:23:08,851 [f6242240-bbb3-4105-ae90-64e2e609b952@group-2CFDF4374117-SegmentedRaftLogWorker] INFO segmented.SegmentedRaftLogWorker: f6242240-bbb3-4105-ae90-64e2e609b952@group-2CFDF4374117-SegmentedRaftLogWorker: created new log segment /data/metadata/ratis/23e8c213-faaa-4653-b021-2cfdf4374117/current/log_inprogress_0
scm_1         | 2021-10-14 01:23:43,073 [IPC Server handler 30 on default port 9863] WARN node.SCMNodeManager: Cannot find node for address 10.5.0.71
scm_1         | 2021-10-14 01:23:43,190 [IPC Server handler 6 on default port 9863] WARN node.SCMNodeManager: Cannot find node for address 10.5.0.71
datanode_6_1  | 2021-10-14 01:23:35,095 [ec5a2e7e-65d9-4863-8de7-4935a805b60f@group-EF2DE59A45A1-LeaderElection1] INFO impl.RoleInfo: ec5a2e7e-65d9-4863-8de7-4935a805b60f: shutdown ec5a2e7e-65d9-4863-8de7-4935a805b60f@group-EF2DE59A45A1-LeaderElection1
datanode_3_1  | 2021-10-14 01:23:08,854 [f6242240-bbb3-4105-ae90-64e2e609b952@group-AB830D8315B5-SegmentedRaftLogWorker] INFO segmented.SegmentedRaftLogWorker: f6242240-bbb3-4105-ae90-64e2e609b952@group-AB830D8315B5-SegmentedRaftLogWorker: created new log segment /data/metadata/ratis/c0aa559c-8de1-4138-bc11-ab830d8315b5/current/log_inprogress_0
datanode_3_1  | 2021-10-14 01:23:10,139 [Command processor thread] INFO commandhandler.CreatePipelineCommandHandler: Created Pipeline RATIS THREE PipelineID=23e8c213-faaa-4653-b021-2cfdf4374117.
scm_1         | 2021-10-14 01:23:43,309 [IPC Server handler 26 on default port 9863] WARN node.SCMNodeManager: Cannot find node for address 10.5.0.71
scm_1         | 2021-10-14 01:23:45,935 [IPC Server handler 30 on default port 9863] WARN node.SCMNodeManager: Cannot find node for address 10.5.0.71
datanode_6_1  | 2021-10-14 01:23:35,095 [ec5a2e7e-65d9-4863-8de7-4935a805b60f@group-EF2DE59A45A1-LeaderElection1] INFO server.RaftServer$Division: ec5a2e7e-65d9-4863-8de7-4935a805b60f@group-EF2DE59A45A1: changes role from CANDIDATE to LEADER at term 1 for changeToLeader
datanode_6_1  | 2021-10-14 01:23:35,096 [ec5a2e7e-65d9-4863-8de7-4935a805b60f@group-EF2DE59A45A1-LeaderElection1] INFO ratis.XceiverServerRatis: Leader change notification received for group: group-EF2DE59A45A1 with new leaderId: ec5a2e7e-65d9-4863-8de7-4935a805b60f
scm_1         | 2021-10-14 01:23:46,017 [IPC Server handler 6 on default port 9863] WARN node.SCMNodeManager: Cannot find node for address 10.5.0.71
datanode_3_1  | 2021-10-14 01:23:10,155 [pool-22-thread-1] INFO server.RaftServer$Division: f6242240-bbb3-4105-ae90-64e2e609b952: new RaftServerImpl for group-E7759BFAE3B0:[f6242240-bbb3-4105-ae90-64e2e609b952|rpc:10.5.0.6:9856|admin:10.5.0.6:9857|client:10.5.0.6:9858|priority:1] with ContainerStateMachine:uninitialized
datanode_3_1  | 2021-10-14 01:23:10,155 [pool-22-thread-1] INFO server.RaftServerConfigKeys: raft.server.rpc.timeout.min = 5s (custom)
scm_1         | 2021-10-14 01:23:48,617 [IPC Server handler 13 on default port 9863] WARN node.SCMNodeManager: Cannot find node for address 10.5.0.71
datanode_6_1  | 2021-10-14 01:23:35,096 [ec5a2e7e-65d9-4863-8de7-4935a805b60f@group-EF2DE59A45A1-LeaderElection1] INFO server.RaftServer$Division: ec5a2e7e-65d9-4863-8de7-4935a805b60f@group-EF2DE59A45A1: change Leader from null to ec5a2e7e-65d9-4863-8de7-4935a805b60f at term 1 for becomeLeader, leader elected after 5185ms
datanode_6_1  | 2021-10-14 01:23:35,097 [Datanode State Machine Thread - 0] WARN statemachine.StateContext: No available thread in pool for past 30 seconds.
datanode_3_1  | 2021-10-14 01:23:10,155 [pool-22-thread-1] INFO server.RaftServerConfigKeys: raft.server.rpc.timeout.max = 5200ms (custom)
scm_1         | 2021-10-14 01:23:51,193 [IPC Server handler 26 on default port 9863] WARN node.SCMNodeManager: Cannot find node for address 10.5.0.71
datanode_6_1  | 2021-10-14 01:23:35,101 [ec5a2e7e-65d9-4863-8de7-4935a805b60f@group-EF2DE59A45A1-LeaderElection1] INFO server.RaftServerConfigKeys: raft.server.staging.catchup.gap = 1000 (default)
datanode_6_1  | 2021-10-14 01:23:35,105 [ec5a2e7e-65d9-4863-8de7-4935a805b60f@group-EF2DE59A45A1-LeaderElection1] INFO server.RaftServerConfigKeys: raft.server.write.element-limit = 1024 (custom)
datanode_6_1  | 2021-10-14 01:23:35,105 [ec5a2e7e-65d9-4863-8de7-4935a805b60f@group-EF2DE59A45A1-LeaderElection1] INFO server.RaftServerConfigKeys: raft.server.write.byte-limit = 1024 M (=1073741824) (custom)
datanode_3_1  | 2021-10-14 01:23:10,155 [pool-22-thread-1] INFO server.RaftServerConfigKeys: raft.server.rpc.sleep.time = 25ms (default)
datanode_3_1  | 2021-10-14 01:23:10,156 [pool-22-thread-1] INFO server.RaftServerConfigKeys: raft.server.rpc.slowness.timeout = 300s (custom)
datanode_3_1  | 2021-10-14 01:23:10,156 [pool-22-thread-1] INFO server.RaftServerConfigKeys: raft.server.leaderelection.leader.step-down.wait-time = 10s (default)
datanode_6_1  | 2021-10-14 01:23:35,110 [ec5a2e7e-65d9-4863-8de7-4935a805b60f@group-EF2DE59A45A1-LeaderElection1] INFO server.RaftServerConfigKeys: raft.server.watch.timeout = 180s (custom)
datanode_6_1  | 2021-10-14 01:23:35,110 [ec5a2e7e-65d9-4863-8de7-4935a805b60f@group-EF2DE59A45A1-LeaderElection1] INFO server.RaftServerConfigKeys: raft.server.watch.timeout.denomination = 1s (default)
scm_1         | 2021-10-14 01:23:53,790 [IPC Server handler 0 on default port 9863] WARN node.SCMNodeManager: Cannot find node for address 10.5.0.71
scm_1         | 2021-10-14 01:23:53,902 [IPC Server handler 30 on default port 9863] WARN node.SCMNodeManager: Cannot find node for address 10.5.0.71
datanode_3_1  | 2021-10-14 01:23:10,156 [pool-22-thread-1] INFO server.RaftServerConfigKeys: raft.server.sleep.deviation.threshold = 300ms (default)
scm_1         | 2021-10-14 01:23:54,011 [IPC Server handler 6 on default port 9863] WARN node.SCMNodeManager: Cannot find node for address 10.5.0.71
scm_1         | 2021-10-14 01:23:56,626 [IPC Server handler 20 on default port 9863] WARN node.SCMNodeManager: Cannot find node for address 10.5.0.71
scm_1         | 2021-10-14 01:23:59,215 [IPC Server handler 13 on default port 9863] WARN node.SCMNodeManager: Cannot find node for address 10.5.0.71
datanode_3_1  | 2021-10-14 01:23:10,156 [pool-22-thread-1] INFO server.RaftServerConfigKeys: raft.server.log.appender.install.snapshot.enabled = false (custom)
datanode_3_1  | 2021-10-14 01:23:10,156 [pool-22-thread-1] INFO server.RaftServer$Division: f6242240-bbb3-4105-ae90-64e2e609b952@group-E7759BFAE3B0: ConfigurationManager, init=-1: [f6242240-bbb3-4105-ae90-64e2e609b952|rpc:10.5.0.6:9856|admin:10.5.0.6:9857|client:10.5.0.6:9858|priority:1], old=null, confs=<EMPTY_MAP>
datanode_3_1  | 2021-10-14 01:23:10,156 [pool-22-thread-1] INFO server.RaftServerConfigKeys: raft.server.storage.dir = [/data/metadata/ratis] (custom)
datanode_6_1  | 2021-10-14 01:23:35,110 [ec5a2e7e-65d9-4863-8de7-4935a805b60f@group-EF2DE59A45A1-LeaderElection1] INFO server.RaftServerConfigKeys: raft.server.watch.element-limit = 65536 (default)
datanode_6_1  | 2021-10-14 01:23:35,115 [ec5a2e7e-65d9-4863-8de7-4935a805b60f@group-EF2DE59A45A1-LeaderElection1] INFO impl.RoleInfo: ec5a2e7e-65d9-4863-8de7-4935a805b60f: start ec5a2e7e-65d9-4863-8de7-4935a805b60f@group-EF2DE59A45A1-LeaderStateImpl
datanode_6_1  | 2021-10-14 01:23:35,126 [ec5a2e7e-65d9-4863-8de7-4935a805b60f@group-EF2DE59A45A1-LeaderElection1] INFO segmented.SegmentedRaftLogWorker: ec5a2e7e-65d9-4863-8de7-4935a805b60f@group-EF2DE59A45A1-SegmentedRaftLogWorker: Starting segment from index:0
datanode_6_1  | 2021-10-14 01:23:35,133 [ec5a2e7e-65d9-4863-8de7-4935a805b60f@group-EF2DE59A45A1-LeaderElection1] INFO server.RaftServer$Division: ec5a2e7e-65d9-4863-8de7-4935a805b60f@group-EF2DE59A45A1: set configuration 0: [ec5a2e7e-65d9-4863-8de7-4935a805b60f|rpc:10.5.0.9:9856|admin:10.5.0.9:9857|client:10.5.0.9:9858|dataStream:|priority:1], old=null
datanode_6_1  | 2021-10-14 01:23:35,134 [ec5a2e7e-65d9-4863-8de7-4935a805b60f@group-EF2DE59A45A1-SegmentedRaftLogWorker] INFO segmented.SegmentedRaftLogWorker: ec5a2e7e-65d9-4863-8de7-4935a805b60f@group-EF2DE59A45A1-SegmentedRaftLogWorker: created new log segment /data/metadata/ratis/39dec21c-f823-4faf-baf3-ef2de59a45a1/current/log_inprogress_0
datanode_3_1  | 2021-10-14 01:23:10,156 [pool-22-thread-1] INFO server.RaftServerConfigKeys: raft.server.log.corruption.policy = EXCEPTION (default)
datanode_3_1  | 2021-10-14 01:23:10,156 [pool-22-thread-1] INFO server.RaftServerConfigKeys: raft.server.storage.free-space.min = 0MB (=0) (default)
datanode_3_1  | 2021-10-14 01:23:10,156 [pool-22-thread-1] INFO storage.RaftStorageDirectory: The storage directory /data/metadata/ratis/fba4dd2c-0d24-475b-bc54-e7759bfae3b0 does not exist. Creating ...
datanode_3_1  | 2021-10-14 01:23:10,164 [pool-22-thread-1] INFO storage.RaftStorageDirectory: Lock on /data/metadata/ratis/fba4dd2c-0d24-475b-bc54-e7759bfae3b0/in_use.lock acquired by nodename 7@71bab510e4fb
scm_1         | 2021-10-14 01:23:59,326 [IPC Server handler 94 on default port 9863] WARN node.SCMNodeManager: Cannot find node for address 10.5.0.71
scm_1         | 2021-10-14 01:24:01,914 [IPC Server handler 6 on default port 9863] WARN node.SCMNodeManager: Cannot find node for address 10.5.0.71
scm_1         | 2021-10-14 01:24:02,012 [IPC Server handler 26 on default port 9863] WARN node.SCMNodeManager: Cannot find node for address 10.5.0.71
scm_1         | 2021-10-14 01:24:04,597 [IPC Server handler 18 on default port 9863] WARN node.SCMNodeManager: Cannot find node for address 10.5.0.71
scm_1         | 2021-10-14 01:24:04,770 [IPC Server handler 64 on default port 9863] WARN node.SCMNodeManager: Cannot find node for address 10.5.0.71
scm_1         | 2021-10-14 01:24:07,399 [IPC Server handler 49 on default port 9863] WARN node.SCMNodeManager: Cannot find node for address 10.5.0.71
datanode_3_1  | 2021-10-14 01:23:10,168 [Command processor thread] INFO server.RaftServer: f6242240-bbb3-4105-ae90-64e2e609b952: addNew group-E7759BFAE3B0:[f6242240-bbb3-4105-ae90-64e2e609b952|rpc:10.5.0.6:9856|admin:10.5.0.6:9857|client:10.5.0.6:9858|priority:1] returns group-E7759BFAE3B0:java.util.concurrent.CompletableFuture@2864a4[Not completed]
scm_1         | 2021-10-14 01:24:10,007 [IPC Server handler 26 on default port 9863] WARN node.SCMNodeManager: Cannot find node for address 10.5.0.71
scm_1         | 2021-10-14 01:24:10,141 [IPC Server handler 11 on default port 9863] WARN node.SCMNodeManager: Cannot find node for address 10.5.0.71
datanode_3_1  | 2021-10-14 01:23:10,169 [pool-22-thread-1] INFO storage.RaftStorage: Storage directory /data/metadata/ratis/fba4dd2c-0d24-475b-bc54-e7759bfae3b0 has been successfully formatted.
scm_1         | 2021-10-14 01:24:10,231 [IPC Server handler 94 on default port 9863] WARN node.SCMNodeManager: Cannot find node for address 10.5.0.71
scm_1         | 2021-10-14 01:24:10,345 [IPC Server handler 18 on default port 9863] WARN node.SCMNodeManager: Cannot find node for address 10.5.0.71
datanode_3_1  | 2021-10-14 01:23:10,169 [Datanode State Machine Thread - 0] WARN statemachine.StateContext: No available thread in pool for past 30 seconds.
scm_1         | 2021-10-14 01:24:10,439 [IPC Server handler 5 on default port 9863] WARN node.SCMNodeManager: Cannot find node for address 10.5.0.71
scm_1         | 2021-10-14 01:24:10,527 [IPC Server handler 31 on default port 9863] WARN node.SCMNodeManager: Cannot find node for address 10.5.0.71
datanode_3_1  | 2021-10-14 01:23:10,170 [pool-22-thread-1] INFO ratis.ContainerStateMachine: group-E7759BFAE3B0: The snapshot info is null. Setting the last applied indexto:(t:0, i:~)
scm_1         | 2021-10-14 01:24:13,125 [IPC Server handler 11 on default port 9863] WARN node.SCMNodeManager: Cannot find node for address 10.5.0.71
datanode_3_1  | 2021-10-14 01:23:10,170 [pool-22-thread-1] INFO server.RaftServerConfigKeys: raft.server.notification.no-leader.timeout = 300s (custom)
datanode_3_1  | 2021-10-14 01:23:10,170 [pool-22-thread-1] INFO server.RaftServerConfigKeys: raft.server.log.use.memory = false (default)
scm_1         | 2021-10-14 01:24:13,218 [IPC Server handler 94 on default port 9863] WARN node.SCMNodeManager: Cannot find node for address 10.5.0.71
scm_1         | 2021-10-14 01:24:15,787 [IPC Server handler 72 on default port 9863] WARN node.SCMNodeManager: Cannot find node for address 10.5.0.71
scm_1         | 2021-10-14 01:24:15,899 [IPC Server handler 30 on default port 9863] WARN node.SCMNodeManager: Cannot find node for address 10.5.0.71
scm_1         | 2021-10-14 01:24:18,469 [IPC Server handler 96 on default port 9863] WARN node.SCMNodeManager: Cannot find node for address 10.5.0.71
scm_1         | 2021-10-14 01:24:18,571 [IPC Server handler 28 on default port 9863] WARN node.SCMNodeManager: Cannot find node for address 10.5.0.71
scm_1         | 2021-10-14 01:24:21,162 [IPC Server handler 94 on default port 9863] WARN node.SCMNodeManager: Cannot find node for address 10.5.0.71
scm_1         | 2021-10-14 01:24:23,781 [IPC Server handler 72 on default port 9863] WARN node.SCMNodeManager: Cannot find node for address 10.5.0.71
scm_1         | 2021-10-14 01:24:23,889 [IPC Server handler 30 on default port 9863] WARN node.SCMNodeManager: Cannot find node for address 10.5.0.71
datanode_3_1  | 2021-10-14 01:23:10,170 [pool-22-thread-1] INFO server.RaftServerConfigKeys: raft.server.log.purge.gap = 1000000 (custom)
datanode_3_1  | 2021-10-14 01:23:10,170 [pool-22-thread-1] INFO server.RaftServerConfigKeys: raft.server.log.appender.buffer.byte-limit = 33554432 (custom)
datanode_3_1  | 2021-10-14 01:23:10,171 [pool-22-thread-1] INFO server.RaftServerConfigKeys: raft.server.log.segment.size.max = 1048576 (custom)
datanode_3_1  | 2021-10-14 01:23:10,171 [pool-22-thread-1] INFO server.RaftServerConfigKeys: raft.server.log.segment.cache.num.max = 2 (custom)
datanode_3_1  | 2021-10-14 01:23:10,174 [pool-22-thread-1] INFO server.RaftServerConfigKeys: raft.server.log.segment.cache.size.max = 200MB (=209715200) (default)
datanode_3_1  | 2021-10-14 01:23:10,175 [pool-22-thread-1] INFO segmented.SegmentedRaftLogWorker: new f6242240-bbb3-4105-ae90-64e2e609b952@group-E7759BFAE3B0-SegmentedRaftLogWorker for RaftStorageImpl:Storage Directory /data/metadata/ratis/fba4dd2c-0d24-475b-bc54-e7759bfae3b0
datanode_3_1  | 2021-10-14 01:23:10,176 [pool-22-thread-1] INFO server.RaftServerConfigKeys: raft.server.log.queue.byte-limit = 2147483647 (custom)
datanode_3_1  | 2021-10-14 01:23:10,177 [pool-22-thread-1] INFO server.RaftServerConfigKeys: raft.server.log.queue.element-limit = 1024 (custom)
scm_1         | 2021-10-14 01:24:23,993 [IPC Server handler 26 on default port 9863] WARN node.SCMNodeManager: Cannot find node for address 10.5.0.71
scm_1         | 2021-10-14 01:24:24,100 [IPC Server handler 11 on default port 9863] WARN node.SCMNodeManager: Cannot find node for address 10.5.0.71
scm_1         | 2021-10-14 01:24:26,660 [IPC Server handler 83 on default port 9863] WARN node.SCMNodeManager: Cannot find node for address 10.5.0.71
datanode_3_1  | 2021-10-14 01:23:10,177 [pool-22-thread-1] INFO server.RaftServerConfigKeys: raft.server.log.segment.size.max = 1048576 (custom)
scm_1         | 2021-10-14 01:24:26,792 [IPC Server handler 63 on default port 9863] WARN node.SCMNodeManager: Cannot find node for address 10.5.0.71
scm_1         | 2021-10-14 01:24:26,939 [IPC Server handler 26 on default port 9863] WARN node.SCMNodeManager: Cannot find node for address 10.5.0.71
scm_1         | 2021-10-14 01:24:29,506 [IPC Server handler 21 on default port 9863] WARN node.SCMNodeManager: Cannot find node for address 10.5.0.71
scm_1         | 2021-10-14 01:24:32,092 [IPC Server handler 11 on default port 9863] WARN node.SCMNodeManager: Cannot find node for address 10.5.0.71
scm_1         | 2021-10-14 01:24:32,189 [IPC Server handler 18 on default port 9863] WARN node.SCMNodeManager: Cannot find node for address 10.5.0.71
scm_1         | 2021-10-14 01:24:32,325 [IPC Server handler 34 on default port 9863] WARN node.SCMNodeManager: Cannot find node for address 10.5.0.71
scm_1         | 2021-10-14 01:24:32,419 [IPC Server handler 96 on default port 9863] WARN node.SCMNodeManager: Cannot find node for address 10.5.0.71
scm_1         | 2021-10-14 01:24:32,509 [IPC Server handler 21 on default port 9863] WARN node.SCMNodeManager: Cannot find node for address 10.5.0.71
scm_1         | 2021-10-14 01:24:35,137 [IPC Server handler 94 on default port 9863] WARN node.SCMNodeManager: Cannot find node for address 10.5.0.71
scm_1         | 2021-10-14 01:24:35,209 [IPC Server handler 5 on default port 9863] WARN node.SCMNodeManager: Cannot find node for address 10.5.0.71
scm_1         | 2021-10-14 01:24:35,292 [IPC Server handler 96 on default port 9863] WARN node.SCMNodeManager: Cannot find node for address 10.5.0.71
scm_1         | 2021-10-14 01:24:37,867 [IPC Server handler 40 on default port 9863] WARN node.SCMNodeManager: Cannot find node for address 10.5.0.71
scm_1         | 2021-10-14 01:24:37,953 [IPC Server handler 13 on default port 9863] WARN node.SCMNodeManager: Cannot find node for address 10.5.0.71
scm_1         | 2021-10-14 01:24:40,521 [IPC Server handler 82 on default port 9863] WARN node.SCMNodeManager: Cannot find node for address 10.5.0.71
scm_1         | 2021-10-14 01:24:40,604 [IPC Server handler 9 on default port 9863] WARN node.SCMNodeManager: Cannot find node for address 10.5.0.71
scm_1         | 2021-10-14 01:24:40,687 [IPC Server handler 92 on default port 9863] WARN node.SCMNodeManager: Cannot find node for address 10.5.0.71
scm_1         | 2021-10-14 01:24:43,248 [IPC Server handler 31 on default port 9863] WARN node.SCMNodeManager: Cannot find node for address 10.5.0.71
scm_1         | 2021-10-14 01:24:45,829 [IPC Server handler 53 on default port 9863] WARN node.SCMNodeManager: Cannot find node for address 10.5.0.71
scm_1         | 2021-10-14 01:24:48,416 [IPC Server handler 28 on default port 9863] WARN node.SCMNodeManager: Cannot find node for address 10.5.0.71
scm_1         | 2021-10-14 01:24:48,550 [IPC Server handler 9 on default port 9863] WARN node.SCMNodeManager: Cannot find node for address 10.5.0.71
scm_1         | 2021-10-14 01:24:48,613 [IPC Server handler 92 on default port 9863] WARN node.SCMNodeManager: Cannot find node for address 10.5.0.71
datanode_3_1  | 2021-10-14 01:23:10,177 [pool-22-thread-1] INFO server.RaftServerConfigKeys: raft.server.log.preallocated.size = 16384 (custom)
datanode_3_1  | 2021-10-14 01:23:10,182 [pool-22-thread-1] INFO server.RaftServerConfigKeys: raft.server.log.force.sync.num = 128 (default)
datanode_3_1  | 2021-10-14 01:23:10,182 [pool-22-thread-1] INFO server.RaftServerConfigKeys: raft.server.log.statemachine.data.sync = true (default)
datanode_3_1  | 2021-10-14 01:23:10,183 [pool-22-thread-1] INFO server.RaftServerConfigKeys: raft.server.log.statemachine.data.sync.timeout = 10s (default)
datanode_3_1  | 2021-10-14 01:23:10,183 [pool-22-thread-1] INFO server.RaftServerConfigKeys: raft.server.log.statemachine.data.sync.timeout.retry = -1 (default)
datanode_3_1  | 2021-10-14 01:23:10,185 [pool-22-thread-1] INFO server.RaftServerConfigKeys: raft.server.log.write.buffer.size = 1048576 (custom)
datanode_3_1  | 2021-10-14 01:23:10,186 [pool-22-thread-1] INFO server.RaftServerConfigKeys: raft.server.log.statemachine.data.caching.enabled = true (custom)
datanode_3_1  | 2021-10-14 01:23:10,190 [pool-22-thread-1] INFO segmented.SegmentedRaftLogWorker: f6242240-bbb3-4105-ae90-64e2e609b952@group-E7759BFAE3B0-SegmentedRaftLogWorker: flushIndex: setUnconditionally 0 -> -1
datanode_3_1  | 2021-10-14 01:23:10,191 [pool-22-thread-1] INFO segmented.SegmentedRaftLogWorker: f6242240-bbb3-4105-ae90-64e2e609b952@group-E7759BFAE3B0-SegmentedRaftLogWorker: safeCacheEvictIndex: setUnconditionally 0 -> -1
datanode_3_1  | 2021-10-14 01:23:10,191 [pool-22-thread-1] INFO server.RaftServerConfigKeys: raft.server.snapshot.auto.trigger.enabled = true (custom)
datanode_3_1  | 2021-10-14 01:23:10,191 [pool-22-thread-1] INFO server.RaftServerConfigKeys: raft.server.snapshot.auto.trigger.threshold = 10000 (custom)
datanode_3_1  | 2021-10-14 01:23:10,192 [pool-22-thread-1] INFO server.RaftServerConfigKeys: raft.server.snapshot.retention.file.num = 5 (custom)
datanode_3_1  | 2021-10-14 01:23:10,192 [pool-22-thread-1] INFO server.RaftServerConfigKeys: raft.server.log.purge.upto.snapshot.index = false (default)
datanode_3_1  | 2021-10-14 01:23:10,192 [pool-22-thread-1] INFO server.RaftServerConfigKeys: raft.server.retrycache.expirytime = 600000ms (custom)
datanode_3_1  | 2021-10-14 01:23:10,193 [pool-22-thread-1] INFO server.RaftServerConfigKeys: raft.server.retrycache.statistics.expirytime = 100?s (default)
datanode_3_1  | 2021-10-14 01:23:10,194 [pool-22-thread-1] INFO server.RaftServer$Division: f6242240-bbb3-4105-ae90-64e2e609b952@group-E7759BFAE3B0: start as a follower, conf=-1: [f6242240-bbb3-4105-ae90-64e2e609b952|rpc:10.5.0.6:9856|admin:10.5.0.6:9857|client:10.5.0.6:9858|priority:1], old=null
datanode_3_1  | 2021-10-14 01:23:10,198 [pool-22-thread-1] INFO server.RaftServer$Division: f6242240-bbb3-4105-ae90-64e2e609b952@group-E7759BFAE3B0: changes role from      null to FOLLOWER at term 0 for startAsFollower
datanode_3_1  | 2021-10-14 01:23:10,202 [pool-22-thread-1] INFO impl.RoleInfo: f6242240-bbb3-4105-ae90-64e2e609b952: start f6242240-bbb3-4105-ae90-64e2e609b952@group-E7759BFAE3B0-FollowerState
datanode_3_1  | 2021-10-14 01:23:10,223 [pool-22-thread-1] INFO util.JmxRegister: Successfully registered JMX Bean with object name Ratis:service=RaftServer,group=group-E7759BFAE3B0,id=f6242240-bbb3-4105-ae90-64e2e609b952
datanode_3_1  | 2021-10-14 01:23:10,224 [Command processor thread] INFO ratis.XceiverServerRatis: Created group PipelineID=fba4dd2c-0d24-475b-bc54-e7759bfae3b0
datanode_3_1  | 2021-10-14 01:23:10,230 [Command processor thread] INFO commandhandler.CreatePipelineCommandHandler: Created Pipeline RATIS ONE PipelineID=fba4dd2c-0d24-475b-bc54-e7759bfae3b0.
datanode_3_1  | 2021-10-14 01:23:11,500 [grpc-default-executor-1] INFO leader.FollowerInfo: f6242240-bbb3-4105-ae90-64e2e609b952@group-2CFDF4374117->ec5a2e7e-65d9-4863-8de7-4935a805b60f: nextIndex: updateUnconditionally 1 -> 0
datanode_3_1  | 2021-10-14 01:23:15,259 [f6242240-bbb3-4105-ae90-64e2e609b952@group-E7759BFAE3B0-FollowerState] INFO impl.FollowerState: f6242240-bbb3-4105-ae90-64e2e609b952@group-E7759BFAE3B0-FollowerState: change to CANDIDATE, lastRpcElapsedTime:5056998776ns, electionTimeout:5036ms
datanode_3_1  | 2021-10-14 01:23:15,260 [f6242240-bbb3-4105-ae90-64e2e609b952@group-E7759BFAE3B0-FollowerState] INFO impl.RoleInfo: f6242240-bbb3-4105-ae90-64e2e609b952: shutdown f6242240-bbb3-4105-ae90-64e2e609b952@group-E7759BFAE3B0-FollowerState
datanode_3_1  | 2021-10-14 01:23:15,260 [f6242240-bbb3-4105-ae90-64e2e609b952@group-E7759BFAE3B0-FollowerState] INFO server.RaftServer$Division: f6242240-bbb3-4105-ae90-64e2e609b952@group-E7759BFAE3B0: changes role from  FOLLOWER to CANDIDATE at term 0 for changeToCandidate
datanode_3_1  | 2021-10-14 01:23:15,260 [f6242240-bbb3-4105-ae90-64e2e609b952@group-E7759BFAE3B0-FollowerState] INFO server.RaftServerConfigKeys: raft.server.leaderelection.pre-vote = false (custom)
datanode_3_1  | 2021-10-14 01:23:15,260 [f6242240-bbb3-4105-ae90-64e2e609b952@group-E7759BFAE3B0-FollowerState] INFO impl.RoleInfo: f6242240-bbb3-4105-ae90-64e2e609b952: start f6242240-bbb3-4105-ae90-64e2e609b952@group-E7759BFAE3B0-LeaderElection2
datanode_3_1  | 2021-10-14 01:23:15,277 [f6242240-bbb3-4105-ae90-64e2e609b952@group-E7759BFAE3B0-LeaderElection2] INFO impl.LeaderElection: f6242240-bbb3-4105-ae90-64e2e609b952@group-E7759BFAE3B0-LeaderElection2 ELECTION round 0: submit vote requests at term 1 for -1: [f6242240-bbb3-4105-ae90-64e2e609b952|rpc:10.5.0.6:9856|admin:10.5.0.6:9857|client:10.5.0.6:9858|priority:1], old=null
datanode_3_1  | 2021-10-14 01:23:15,277 [f6242240-bbb3-4105-ae90-64e2e609b952@group-E7759BFAE3B0-LeaderElection2] INFO impl.LeaderElection: f6242240-bbb3-4105-ae90-64e2e609b952@group-E7759BFAE3B0-LeaderElection2 ELECTION round 0: result PASSED (term=1)
scm_1         | 2021-10-14 01:24:51,187 [IPC Server handler 18 on default port 9863] WARN node.SCMNodeManager: Cannot find node for address 10.5.0.71
scm_1         | 2021-10-14 01:24:53,761 [IPC Server handler 76 on default port 9863] WARN node.SCMNodeManager: Cannot find node for address 10.5.0.71
scm_1         | 2021-10-14 01:24:56,333 [IPC Server handler 28 on default port 9863] WARN node.SCMNodeManager: Cannot find node for address 10.5.0.71
scm_1         | 2021-10-14 01:24:56,446 [IPC Server handler 83 on default port 9863] WARN node.SCMNodeManager: Cannot find node for address 10.5.0.71
scm_1         | 2021-10-14 01:24:56,532 [IPC Server handler 25 on default port 9863] WARN node.SCMNodeManager: Cannot find node for address 10.5.0.71
scm_1         | 2021-10-14 01:24:59,089 [IPC Server handler 20 on default port 9863] WARN node.SCMNodeManager: Cannot find node for address 10.5.0.71
scm_1         | 2021-10-14 01:24:59,215 [IPC Server handler 5 on default port 9863] WARN node.SCMNodeManager: Cannot find node for address 10.5.0.71
scm_1         | 2021-10-14 01:25:01,802 [IPC Server handler 71 on default port 9863] WARN node.SCMNodeManager: Cannot find node for address 10.5.0.71
scm_1         | 2021-10-14 01:25:01,918 [IPC Server handler 87 on default port 9863] WARN node.SCMNodeManager: Cannot find node for address 10.5.0.71
scm_1         | 2021-10-14 01:25:02,037 [IPC Server handler 11 on default port 9863] WARN node.SCMNodeManager: Cannot find node for address 10.5.0.71
scm_1         | 2021-10-14 01:25:02,121 [IPC Server handler 49 on default port 9863] WARN node.SCMNodeManager: Cannot find node for address 10.5.0.71
scm_1         | 2021-10-14 01:25:04,715 [IPC Server handler 1 on default port 9863] WARN node.SCMNodeManager: Cannot find node for address 10.5.0.71
scm_1         | 2021-10-14 01:25:04,779 [IPC Server handler 52 on default port 9863] WARN node.SCMNodeManager: Cannot find node for address 10.5.0.71
scm_1         | 2021-10-14 01:25:04,853 [IPC Server handler 40 on default port 9863] WARN node.SCMNodeManager: Cannot find node for address 10.5.0.71
scm_1         | 2021-10-14 01:25:07,413 [IPC Server handler 83 on default port 9863] WARN node.SCMNodeManager: Cannot find node for address 10.5.0.71
scm_1         | 2021-10-14 01:25:09,983 [IPC Server handler 20 on default port 9863] WARN node.SCMNodeManager: Cannot find node for address 10.5.0.71
scm_1         | 2021-10-14 01:25:10,052 [IPC Server handler 49 on default port 9863] WARN node.SCMNodeManager: Cannot find node for address 10.5.0.71
scm_1         | 2021-10-14 01:25:10,142 [IPC Server handler 34 on default port 9863] WARN node.SCMNodeManager: Cannot find node for address 10.5.0.71
scm_1         | 2021-10-14 01:25:10,283 [IPC Server handler 21 on default port 9863] WARN node.SCMNodeManager: Cannot find node for address 10.5.0.71
scm_1         | 2021-10-14 01:25:10,347 [IPC Server handler 82 on default port 9863] WARN node.SCMNodeManager: Cannot find node for address 10.5.0.71
scm_1         | 2021-10-14 01:25:10,478 [IPC Server handler 25 on default port 9863] WARN node.SCMNodeManager: Cannot find node for address 10.5.0.71
scm_1         | 2021-10-14 01:25:10,557 [IPC Server handler 27 on default port 9863] WARN node.SCMNodeManager: Cannot find node for address 10.5.0.71
scm_1         | 2021-10-14 01:25:13,138 [IPC Server handler 34 on default port 9863] WARN node.SCMNodeManager: Cannot find node for address 10.5.0.71
scm_1         | 2021-10-14 01:25:15,691 [IPC Server handler 50 on default port 9863] WARN node.SCMNodeManager: Cannot find node for address 10.5.0.71
scm_1         | 2021-10-14 01:25:18,261 [IPC Server handler 21 on default port 9863] WARN node.SCMNodeManager: Cannot find node for address 10.5.0.71
scm_1         | 2021-10-14 01:25:18,336 [IPC Server handler 82 on default port 9863] WARN node.SCMNodeManager: Cannot find node for address 10.5.0.71
scm_1         | 2021-10-14 01:25:18,412 [IPC Server handler 9 on default port 9863] WARN node.SCMNodeManager: Cannot find node for address 10.5.0.71
scm_1         | 2021-10-14 01:25:18,489 [IPC Server handler 92 on default port 9863] WARN node.SCMNodeManager: Cannot find node for address 10.5.0.71
scm_1         | 2021-10-14 01:25:21,045 [IPC Server handler 49 on default port 9863] WARN node.SCMNodeManager: Cannot find node for address 10.5.0.71
scm_1         | 2021-10-14 01:25:21,141 [IPC Server handler 34 on default port 9863] WARN node.SCMNodeManager: Cannot find node for address 10.5.0.71
scm_1         | 2021-10-14 01:25:23,699 [IPC Server handler 24 on default port 9863] WARN node.SCMNodeManager: Cannot find node for address 10.5.0.71
scm_1         | 2021-10-14 01:25:23,778 [IPC Server handler 35 on default port 9863] WARN node.SCMNodeManager: Cannot find node for address 10.5.0.71
scm_1         | 2021-10-14 01:25:23,845 [IPC Server handler 40 on default port 9863] WARN node.SCMNodeManager: Cannot find node for address 10.5.0.71
scm_1         | 2021-10-14 01:25:23,970 [IPC Server handler 26 on default port 9863] WARN node.SCMNodeManager: Cannot find node for address 10.5.0.71
scm_1         | 2021-10-14 01:25:24,093 [IPC Server handler 18 on default port 9863] WARN node.SCMNodeManager: Cannot find node for address 10.5.0.71
scm_1         | 2021-10-14 01:25:26,655 [IPC Server handler 1 on default port 9863] WARN node.SCMNodeManager: Cannot find node for address 10.5.0.71
scm_1         | 2021-10-14 01:25:26,729 [IPC Server handler 85 on default port 9863] WARN node.SCMNodeManager: Cannot find node for address 10.5.0.71
scm_1         | 2021-10-14 01:27:52,384 [ReplicationMonitor] INFO container.ReplicationManager: Replication Monitor Thread took 0 milliseconds for processing 3 containers.
datanode_3_1  | 2021-10-14 01:23:15,278 [f6242240-bbb3-4105-ae90-64e2e609b952@group-E7759BFAE3B0-LeaderElection2] INFO impl.RoleInfo: f6242240-bbb3-4105-ae90-64e2e609b952: shutdown f6242240-bbb3-4105-ae90-64e2e609b952@group-E7759BFAE3B0-LeaderElection2
datanode_3_1  | 2021-10-14 01:23:15,279 [f6242240-bbb3-4105-ae90-64e2e609b952@group-E7759BFAE3B0-LeaderElection2] INFO server.RaftServer$Division: f6242240-bbb3-4105-ae90-64e2e609b952@group-E7759BFAE3B0: changes role from CANDIDATE to LEADER at term 1 for changeToLeader
datanode_3_1  | 2021-10-14 01:23:15,279 [f6242240-bbb3-4105-ae90-64e2e609b952@group-E7759BFAE3B0-LeaderElection2] INFO ratis.XceiverServerRatis: Leader change notification received for group: group-E7759BFAE3B0 with new leaderId: f6242240-bbb3-4105-ae90-64e2e609b952
datanode_3_1  | 2021-10-14 01:23:15,280 [f6242240-bbb3-4105-ae90-64e2e609b952@group-E7759BFAE3B0-LeaderElection2] INFO server.RaftServer$Division: f6242240-bbb3-4105-ae90-64e2e609b952@group-E7759BFAE3B0: change Leader from null to f6242240-bbb3-4105-ae90-64e2e609b952 at term 1 for becomeLeader, leader elected after 5108ms
datanode_3_1  | 2021-10-14 01:23:15,280 [f6242240-bbb3-4105-ae90-64e2e609b952@group-E7759BFAE3B0-LeaderElection2] INFO server.RaftServerConfigKeys: raft.server.staging.catchup.gap = 1000 (default)
datanode_3_1  | 2021-10-14 01:23:15,281 [Datanode State Machine Thread - 0] WARN statemachine.StateContext: No available thread in pool for past 30 seconds.
datanode_3_1  | 2021-10-14 01:23:15,281 [f6242240-bbb3-4105-ae90-64e2e609b952@group-E7759BFAE3B0-LeaderElection2] INFO server.RaftServerConfigKeys: raft.server.write.element-limit = 1024 (custom)
datanode_3_1  | 2021-10-14 01:23:15,284 [f6242240-bbb3-4105-ae90-64e2e609b952@group-E7759BFAE3B0-LeaderElection2] INFO server.RaftServerConfigKeys: raft.server.write.byte-limit = 1024 M (=1073741824) (custom)
datanode_3_1  | 2021-10-14 01:23:15,291 [f6242240-bbb3-4105-ae90-64e2e609b952@group-E7759BFAE3B0-LeaderElection2] INFO server.RaftServerConfigKeys: raft.server.watch.timeout = 180s (custom)
datanode_3_1  | 2021-10-14 01:23:15,291 [f6242240-bbb3-4105-ae90-64e2e609b952@group-E7759BFAE3B0-LeaderElection2] INFO server.RaftServerConfigKeys: raft.server.watch.timeout.denomination = 1s (default)
datanode_3_1  | 2021-10-14 01:23:15,291 [f6242240-bbb3-4105-ae90-64e2e609b952@group-E7759BFAE3B0-LeaderElection2] INFO server.RaftServerConfigKeys: raft.server.watch.element-limit = 65536 (default)
datanode_3_1  | 2021-10-14 01:23:15,292 [f6242240-bbb3-4105-ae90-64e2e609b952@group-E7759BFAE3B0-LeaderElection2] INFO impl.RoleInfo: f6242240-bbb3-4105-ae90-64e2e609b952: start f6242240-bbb3-4105-ae90-64e2e609b952@group-E7759BFAE3B0-LeaderStateImpl
datanode_3_1  | 2021-10-14 01:23:15,292 [f6242240-bbb3-4105-ae90-64e2e609b952@group-E7759BFAE3B0-LeaderElection2] INFO segmented.SegmentedRaftLogWorker: f6242240-bbb3-4105-ae90-64e2e609b952@group-E7759BFAE3B0-SegmentedRaftLogWorker: Starting segment from index:0
datanode_3_1  | 2021-10-14 01:23:15,300 [f6242240-bbb3-4105-ae90-64e2e609b952@group-E7759BFAE3B0-LeaderElection2] INFO server.RaftServer$Division: f6242240-bbb3-4105-ae90-64e2e609b952@group-E7759BFAE3B0: set configuration 0: [f6242240-bbb3-4105-ae90-64e2e609b952|rpc:10.5.0.6:9856|admin:10.5.0.6:9857|client:10.5.0.6:9858|dataStream:|priority:1], old=null
datanode_3_1  | 2021-10-14 01:23:15,301 [f6242240-bbb3-4105-ae90-64e2e609b952@group-E7759BFAE3B0-SegmentedRaftLogWorker] INFO segmented.SegmentedRaftLogWorker: f6242240-bbb3-4105-ae90-64e2e609b952@group-E7759BFAE3B0-SegmentedRaftLogWorker: created new log segment /data/metadata/ratis/fba4dd2c-0d24-475b-bc54-e7759bfae3b0/current/log_inprogress_0
datanode_3_1  | 2021-10-14 01:23:28,709 [Datanode State Machine Thread - 0] WARN statemachine.StateContext: No available thread in pool for past 30 seconds.
datanode_3_1  | 2021-10-14 01:23:30,095 [Datanode State Machine Thread - 0] WARN statemachine.StateContext: No available thread in pool for past 30 seconds.
datanode_3_1  | 2021-10-14 01:24:11,501 [java.util.concurrent.ThreadPoolExecutor$Worker@5e1e27[State = -1, empty queue]] WARN server.GrpcLogAppender: f6242240-bbb3-4105-ae90-64e2e609b952@group-2CFDF4374117->ec5a2e7e-65d9-4863-8de7-4935a805b60f-GrpcLogAppender:  appendEntries Timeout, request=AppendEntriesRequest:cid=4,entriesCount=1,lastEntry=(t:1, i:0)
datanode_3_1  | 2021-10-14 01:24:29,860 [java.util.concurrent.ThreadPoolExecutor$Worker@5e1e27[State = -1, empty queue]] WARN server.GrpcLogAppender: f6242240-bbb3-4105-ae90-64e2e609b952@group-2CFDF4374117->ec5a2e7e-65d9-4863-8de7-4935a805b60f-GrpcLogAppender:  appendEntries Timeout, request=AppendEntriesRequest:cid=258,entriesCount=1,lastEntry=(t:1, i:1)
datanode_3_1  | 2021-10-14 01:24:29,891 [java.util.concurrent.ThreadPoolExecutor$Worker@5e1e27[State = -1, empty queue]] WARN server.GrpcLogAppender: f6242240-bbb3-4105-ae90-64e2e609b952@group-2CFDF4374117->ec5a2e7e-65d9-4863-8de7-4935a805b60f-GrpcLogAppender:  appendEntries Timeout, request=AppendEntriesRequest:cid=259,entriesCount=1,lastEntry=(t:1, i:2)
datanode_3_1  | 2021-10-14 01:24:31,254 [java.util.concurrent.ThreadPoolExecutor$Worker@5e1e27[State = -1, empty queue]] WARN server.GrpcLogAppender: f6242240-bbb3-4105-ae90-64e2e609b952@group-2CFDF4374117->ec5a2e7e-65d9-4863-8de7-4935a805b60f-GrpcLogAppender:  appendEntries Timeout, request=AppendEntriesRequest:cid=260,entriesCount=1,lastEntry=(t:1, i:3)
datanode_3_1  | 2021-10-14 01:24:31,288 [java.util.concurrent.ThreadPoolExecutor$Worker@5e1e27[State = -1, empty queue]] WARN server.GrpcLogAppender: f6242240-bbb3-4105-ae90-64e2e609b952@group-2CFDF4374117->ec5a2e7e-65d9-4863-8de7-4935a805b60f-GrpcLogAppender:  appendEntries Timeout, request=AppendEntriesRequest:cid=263,entriesCount=1,lastEntry=(t:1, i:4)
datanode_3_1  | 2021-10-14 01:24:33,886 [java.util.concurrent.ThreadPoolExecutor$Worker@5e1e27[State = -1, empty queue]] WARN server.GrpcLogAppender: f6242240-bbb3-4105-ae90-64e2e609b952@group-2CFDF4374117->ec5a2e7e-65d9-4863-8de7-4935a805b60f-GrpcLogAppender:  appendEntries Timeout, request=AppendEntriesRequest:cid=504,entriesCount=1,lastEntry=(t:1, i:5)
datanode_3_1  | 2021-10-14 01:24:33,892 [java.util.concurrent.ThreadPoolExecutor$Worker@5e1e27[State = -1, empty queue]] WARN server.GrpcLogAppender: f6242240-bbb3-4105-ae90-64e2e609b952@group-2CFDF4374117->ec5a2e7e-65d9-4863-8de7-4935a805b60f-GrpcLogAppender:  appendEntries Timeout, request=AppendEntriesRequest:cid=505,entriesCount=1,lastEntry=(t:1, i:6)
datanode_3_1  | 2021-10-14 01:24:33,935 [java.util.concurrent.ThreadPoolExecutor$Worker@5e1e27[State = -1, empty queue]] WARN server.GrpcLogAppender: f6242240-bbb3-4105-ae90-64e2e609b952@group-2CFDF4374117->ec5a2e7e-65d9-4863-8de7-4935a805b60f-GrpcLogAppender:  appendEntries Timeout, request=AppendEntriesRequest:cid=506,entriesCount=1,lastEntry=(t:1, i:7)
datanode_3_1  | 2021-10-14 01:24:33,971 [java.util.concurrent.ThreadPoolExecutor$Worker@5e1e27[State = -1, empty queue]] WARN server.GrpcLogAppender: f6242240-bbb3-4105-ae90-64e2e609b952@group-2CFDF4374117->ec5a2e7e-65d9-4863-8de7-4935a805b60f-GrpcLogAppender:  appendEntries Timeout, request=AppendEntriesRequest:cid=509,entriesCount=1,lastEntry=(t:1, i:8)
datanode_3_1  | 2021-10-14 01:24:40,513 [java.util.concurrent.ThreadPoolExecutor$Worker@5e1e27[State = -1, empty queue]] WARN server.GrpcLogAppender: f6242240-bbb3-4105-ae90-64e2e609b952@group-2CFDF4374117->ec5a2e7e-65d9-4863-8de7-4935a805b60f-GrpcLogAppender:  appendEntries Timeout, request=AppendEntriesRequest:cid=759,entriesCount=1,lastEntry=(t:1, i:9)
datanode_3_1  | 2021-10-14 01:24:40,527 [java.util.concurrent.ThreadPoolExecutor$Worker@5e1e27[State = -1, empty queue]] WARN server.GrpcLogAppender: f6242240-bbb3-4105-ae90-64e2e609b952@group-2CFDF4374117->ec5a2e7e-65d9-4863-8de7-4935a805b60f-GrpcLogAppender:  appendEntries Timeout, request=AppendEntriesRequest:cid=760,entriesCount=1,lastEntry=(t:1, i:10)
datanode_3_1  | 2021-10-14 01:24:40,537 [java.util.concurrent.ThreadPoolExecutor$Worker@5e1e27[State = -1, empty queue]] WARN server.GrpcLogAppender: f6242240-bbb3-4105-ae90-64e2e609b952@group-2CFDF4374117->ec5a2e7e-65d9-4863-8de7-4935a805b60f-GrpcLogAppender:  appendEntries Timeout, request=AppendEntriesRequest:cid=761,entriesCount=1,lastEntry=(t:1, i:11)
datanode_3_1  | 2021-10-14 01:24:43,342 [java.util.concurrent.ThreadPoolExecutor$Worker@5e1e27[State = -1, empty queue]] WARN server.GrpcLogAppender: f6242240-bbb3-4105-ae90-64e2e609b952@group-2CFDF4374117->ec5a2e7e-65d9-4863-8de7-4935a805b60f-GrpcLogAppender:  appendEntries Timeout, request=AppendEntriesRequest:cid=1011,entriesCount=1,lastEntry=(t:1, i:12)
datanode_3_1  | 2021-10-14 01:24:43,356 [java.util.concurrent.ThreadPoolExecutor$Worker@5e1e27[State = -1, empty queue]] WARN server.GrpcLogAppender: f6242240-bbb3-4105-ae90-64e2e609b952@group-2CFDF4374117->ec5a2e7e-65d9-4863-8de7-4935a805b60f-GrpcLogAppender:  appendEntries Timeout, request=AppendEntriesRequest:cid=1012,entriesCount=1,lastEntry=(t:1, i:13)
datanode_3_1  | 2021-10-14 01:24:43,356 [java.util.concurrent.ThreadPoolExecutor$Worker@5e1e27[State = -1, empty queue]] WARN server.GrpcLogAppender: f6242240-bbb3-4105-ae90-64e2e609b952@group-2CFDF4374117->ec5a2e7e-65d9-4863-8de7-4935a805b60f-GrpcLogAppender:  appendEntries Timeout, request=AppendEntriesRequest:cid=1013,entriesCount=1,lastEntry=(t:1, i:14)
datanode_3_1  | 2021-10-14 01:24:43,374 [java.util.concurrent.ThreadPoolExecutor$Worker@5e1e27[State = -1, empty queue]] WARN server.GrpcLogAppender: f6242240-bbb3-4105-ae90-64e2e609b952@group-2CFDF4374117->ec5a2e7e-65d9-4863-8de7-4935a805b60f-GrpcLogAppender:  appendEntries Timeout, request=AppendEntriesRequest:cid=1015,entriesCount=1,lastEntry=(t:1, i:15)
datanode_3_1  | 2021-10-14 01:24:48,637 [java.util.concurrent.ThreadPoolExecutor$Worker@5e1e27[State = -1, empty queue]] WARN server.GrpcLogAppender: f6242240-bbb3-4105-ae90-64e2e609b952@group-2CFDF4374117->ec5a2e7e-65d9-4863-8de7-4935a805b60f-GrpcLogAppender:  appendEntries Timeout, request=AppendEntriesRequest:cid=1266,entriesCount=1,lastEntry=(t:1, i:16)
datanode_3_1  | 2021-10-14 01:24:48,637 [java.util.concurrent.ThreadPoolExecutor$Worker@5e1e27[State = -1, empty queue]] WARN server.GrpcLogAppender: f6242240-bbb3-4105-ae90-64e2e609b952@group-2CFDF4374117->ec5a2e7e-65d9-4863-8de7-4935a805b60f-GrpcLogAppender:  appendEntries Timeout, request=AppendEntriesRequest:cid=1267,entriesCount=1,lastEntry=(t:1, i:17)
datanode_3_1  | 2021-10-14 01:24:48,663 [java.util.concurrent.ThreadPoolExecutor$Worker@5e1e27[State = -1, empty queue]] WARN server.GrpcLogAppender: f6242240-bbb3-4105-ae90-64e2e609b952@group-2CFDF4374117->ec5a2e7e-65d9-4863-8de7-4935a805b60f-GrpcLogAppender:  appendEntries Timeout, request=AppendEntriesRequest:cid=1268,entriesCount=1,lastEntry=(t:1, i:18)
datanode_3_1  | 2021-10-14 01:24:48,663 [java.util.concurrent.ThreadPoolExecutor$Worker@5e1e27[State = -1, empty queue]] WARN server.GrpcLogAppender: f6242240-bbb3-4105-ae90-64e2e609b952@group-2CFDF4374117->ec5a2e7e-65d9-4863-8de7-4935a805b60f-GrpcLogAppender:  appendEntries Timeout, request=AppendEntriesRequest:cid=1269,entriesCount=1,lastEntry=(t:1, i:19)
datanode_3_1  | 2021-10-14 01:24:51,216 [java.util.concurrent.ThreadPoolExecutor$Worker@5e1e27[State = -1, empty queue]] WARN server.GrpcLogAppender: f6242240-bbb3-4105-ae90-64e2e609b952@group-2CFDF4374117->ec5a2e7e-65d9-4863-8de7-4935a805b60f-GrpcLogAppender:  appendEntries Timeout, request=AppendEntriesRequest:cid=1518,entriesCount=1,lastEntry=(t:1, i:20)
datanode_3_1  | 2021-10-14 01:24:51,224 [java.util.concurrent.ThreadPoolExecutor$Worker@5e1e27[State = -1, empty queue]] WARN server.GrpcLogAppender: f6242240-bbb3-4105-ae90-64e2e609b952@group-2CFDF4374117->ec5a2e7e-65d9-4863-8de7-4935a805b60f-GrpcLogAppender:  appendEntries Timeout, request=AppendEntriesRequest:cid=1519,entriesCount=1,lastEntry=(t:1, i:21)
datanode_3_1  | 2021-10-14 01:24:51,236 [java.util.concurrent.ThreadPoolExecutor$Worker@5e1e27[State = -1, empty queue]] WARN server.GrpcLogAppender: f6242240-bbb3-4105-ae90-64e2e609b952@group-2CFDF4374117->ec5a2e7e-65d9-4863-8de7-4935a805b60f-GrpcLogAppender:  appendEntries Timeout, request=AppendEntriesRequest:cid=1520,entriesCount=1,lastEntry=(t:1, i:22)
datanode_3_1  | 2021-10-14 01:24:51,236 [java.util.concurrent.ThreadPoolExecutor$Worker@5e1e27[State = -1, empty queue]] WARN server.GrpcLogAppender: f6242240-bbb3-4105-ae90-64e2e609b952@group-2CFDF4374117->ec5a2e7e-65d9-4863-8de7-4935a805b60f-GrpcLogAppender:  appendEntries Timeout, request=AppendEntriesRequest:cid=1521,entriesCount=1,lastEntry=(t:1, i:23)
datanode_3_1  | 2021-10-14 01:25:04,846 [java.util.concurrent.ThreadPoolExecutor$Worker@5e1e27[State = -1, empty queue]] WARN server.GrpcLogAppender: f6242240-bbb3-4105-ae90-64e2e609b952@group-2CFDF4374117->ec5a2e7e-65d9-4863-8de7-4935a805b60f-GrpcLogAppender:  appendEntries Timeout, request=AppendEntriesRequest:cid=1773,entriesCount=1,lastEntry=(t:1, i:24)
datanode_3_1  | 2021-10-14 01:25:04,855 [java.util.concurrent.ThreadPoolExecutor$Worker@5e1e27[State = -1, empty queue]] WARN server.GrpcLogAppender: f6242240-bbb3-4105-ae90-64e2e609b952@group-2CFDF4374117->ec5a2e7e-65d9-4863-8de7-4935a805b60f-GrpcLogAppender:  appendEntries Timeout, request=AppendEntriesRequest:cid=1774,entriesCount=1,lastEntry=(t:1, i:25)
