dn1_1    | 2021-10-14 01:38:12,131 [grpc-default-executor-2] INFO impl.VoteContext: fb8170f3-0622-4ae8-936e-7bea2e5d086b@group-9B8F7D0D9AB1-FOLLOWER: accept ELECTION from f1dc7c68-ad09-4d40-a2e2-e0a0cb8ec7e9: our priority 0 <= candidate's priority 0
dn3_1    | 2021-10-14 01:37:53,762 [pool-26-thread-1] INFO server.RaftServerConfigKeys: raft.server.retrycache.expirytime = 600000ms (custom)
scm_1    | 2021-10-14 01:38:01,133 [Listener at 0.0.0.0/9860] INFO handler.ContextHandler: Started o.e.j.w.WebAppContext@5f025000{scm,/,file:///tmp/jetty-0_0_0_0-9876-hdds-server-scm-1_2_0-SNAPSHOT_jar-_-any-13763640175111473681/webapp/,AVAILABLE}{jar:file:/opt/hadoop/share/ozone/lib/hdds-server-scm-1.2.0-SNAPSHOT.jar!/webapps/scm}
recon_1  | 	at org.apache.hadoop.hdds.scm.protocol.StorageContainerLocationProtocolServerSideTranslatorPB.submitRequest(StorageContainerLocationProtocolServerSideTranslatorPB.java:169)
dn2_1    | 	at java.base/java.util.concurrent.FutureTask.get(FutureTask.java:191)
om_1     | 2021-10-14 01:38:08,579 [om1@group-C5BA1605619E-FollowerState] INFO server.RaftServerConfigKeys: raft.server.leaderelection.pre-vote = false (custom)
dn3_1    | 2021-10-14 01:37:53,763 [pool-26-thread-1] INFO server.RaftServerConfigKeys: raft.server.retrycache.statistics.expirytime = 100?s (default)
scm_1    | 2021-10-14 01:38:01,182 [Listener at 0.0.0.0/9860] INFO server.AbstractConnector: Started ServerConnector@38d80d65{HTTP/1.1, (http/1.1)}{0.0.0.0:9876}
recon_1  | 	at org.apache.hadoop.hdds.protocol.proto.StorageContainerLocationProtocolProtos$StorageContainerLocationProtocolService$2.callBlockingMethod(StorageContainerLocationProtocolProtos.java:55980)
dn2_1    | 	at org.apache.hadoop.ozone.container.common.states.datanode.RunningDatanodeState.computeNextContainerState(RunningDatanodeState.java:191)
dn1_1    | 2021-10-14 01:38:12,132 [grpc-default-executor-2] INFO server.RaftServer$Division: fb8170f3-0622-4ae8-936e-7bea2e5d086b@group-9B8F7D0D9AB1: changes role from  FOLLOWER to FOLLOWER at term 6 for candidate:f1dc7c68-ad09-4d40-a2e2-e0a0cb8ec7e9
dn3_1    | 2021-10-14 01:37:53,783 [pool-26-thread-1] INFO server.RaftServer$Division: f1dc7c68-ad09-4d40-a2e2-e0a0cb8ec7e9: new RaftServerImpl for group-F7783ED06070:[] with ContainerStateMachine:uninitialized
om_1     | 2021-10-14 01:38:08,579 [om1@group-C5BA1605619E-FollowerState] INFO impl.RoleInfo: om1: start om1@group-C5BA1605619E-LeaderElection1
scm_1    | 2021-10-14 01:38:01,182 [Listener at 0.0.0.0/9860] INFO server.Server: Started @49187ms
recon_1  | 	at org.apache.hadoop.ipc.ProtobufRpcEngine$Server.processCall(ProtobufRpcEngine.java:466)
dn2_1    | 	at org.apache.hadoop.ozone.container.common.states.datanode.RunningDatanodeState.await(RunningDatanodeState.java:231)
dn1_1    | 2021-10-14 01:38:12,132 [grpc-default-executor-2] INFO impl.RoleInfo: fb8170f3-0622-4ae8-936e-7bea2e5d086b: shutdown fb8170f3-0622-4ae8-936e-7bea2e5d086b@group-9B8F7D0D9AB1-FollowerState
dn3_1    | 2021-10-14 01:37:53,791 [pool-26-thread-1] INFO server.RaftServerConfigKeys: raft.server.rpc.timeout.min = 5s (custom)
om_1     | 2021-10-14 01:38:08,619 [om1@group-C5BA1605619E-LeaderElection1] INFO impl.LeaderElection: om1@group-C5BA1605619E-LeaderElection1 ELECTION round 0: submit vote requests at term 2 for 0: [om1|rpc:om:9872|admin:|client:|dataStream:|priority:0], old=null
scm_1    | 2021-10-14 01:38:01,190 [Listener at 0.0.0.0/9860] INFO impl.MetricsSinkAdapter: Sink prometheus started
recon_1  | 	at org.apache.hadoop.ipc.ProtobufRpcEngine2$Server$ProtoBufRpcInvoker.call(ProtobufRpcEngine2.java:574)
dn2_1    | 	at org.apache.hadoop.ozone.container.common.states.datanode.RunningDatanodeState.await(RunningDatanodeState.java:50)
dn1_1    | 2021-10-14 01:38:12,132 [fb8170f3-0622-4ae8-936e-7bea2e5d086b@group-9B8F7D0D9AB1-FollowerState] INFO impl.FollowerState: fb8170f3-0622-4ae8-936e-7bea2e5d086b@group-9B8F7D0D9AB1-FollowerState was interrupted: {}
dn3_1    | 2021-10-14 01:37:53,796 [pool-26-thread-1] INFO server.RaftServerConfigKeys: raft.server.rpc.timeout.max = 5200ms (custom)
om_1     | 2021-10-14 01:38:08,620 [om1@group-C5BA1605619E-LeaderElection1] INFO impl.LeaderElection: om1@group-C5BA1605619E-LeaderElection1 ELECTION round 0: result PASSED (term=2)
scm_1    | 2021-10-14 01:38:01,190 [Listener at 0.0.0.0/9860] INFO impl.MetricsSystemImpl: Registered sink prometheus
recon_1  | 	at org.apache.hadoop.ipc.ProtobufRpcEngine2$Server$ProtoBufRpcInvoker.call(ProtobufRpcEngine2.java:552)
dn2_1    | 	at org.apache.hadoop.ozone.container.common.statemachine.StateContext.execute(StateContext.java:629)
dn1_1    | java.lang.InterruptedException: sleep interrupted
dn3_1    | 2021-10-14 01:37:53,796 [pool-26-thread-1] INFO server.RaftServerConfigKeys: raft.server.rpc.sleep.time = 25ms (default)
om_1     | 2021-10-14 01:38:08,629 [om1@group-C5BA1605619E-LeaderElection1] INFO impl.RoleInfo: om1: shutdown om1@group-C5BA1605619E-LeaderElection1
scm_1    | 2021-10-14 01:38:01,193 [Listener at 0.0.0.0/9860] INFO http.BaseHttpServer: HTTP server of scm listening at http://0.0.0.0:9876
recon_1  | 	at org.apache.hadoop.ipc.RPC$Server.call(RPC.java:1093)
dn2_1    | 	at org.apache.hadoop.ozone.container.common.statemachine.DatanodeStateMachine.start(DatanodeStateMachine.java:276)
dn1_1    | 	at java.base/java.lang.Thread.sleep(Native Method)
dn3_1    | 2021-10-14 01:37:53,797 [pool-26-thread-1] INFO server.RaftServerConfigKeys: raft.server.rpc.slowness.timeout = 300s (custom)
om_1     | 2021-10-14 01:38:08,630 [om1@group-C5BA1605619E-LeaderElection1] INFO server.RaftServer$Division: om1@group-C5BA1605619E: changes role from CANDIDATE to LEADER at term 2 for changeToLeader
scm_1    | 2021-10-14 01:38:01,365 [IPC Server handler 1 on default port 9861] INFO net.NetworkTopologyImpl: Added a new node: /default-rack/fb8170f3-0622-4ae8-936e-7bea2e5d086b
recon_1  | 	at org.apache.hadoop.ipc.Server$RpcCall.run(Server.java:1035)
recon_1  | 	at org.apache.hadoop.ipc.Server$RpcCall.run(Server.java:963)
dn2_1    | 	at org.apache.hadoop.ozone.container.common.statemachine.DatanodeStateMachine.lambda$startDaemon$0(DatanodeStateMachine.java:464)
dn1_1    | 	at java.base/java.lang.Thread.sleep(Thread.java:339)
dn3_1    | 2021-10-14 01:37:53,798 [pool-26-thread-1] INFO server.RaftServerConfigKeys: raft.server.leaderelection.leader.step-down.wait-time = 10s (default)
om_1     | 2021-10-14 01:38:08,630 [om1@group-C5BA1605619E-LeaderElection1] INFO server.RaftServer$Division: om1@group-C5BA1605619E: change Leader from null to om1 at term 2 for becomeLeader, leader elected after 5881ms
recon_1  | 	at java.base/java.security.AccessController.doPrivileged(Native Method)
scm_1    | 2021-10-14 01:38:01,372 [IPC Server handler 1 on default port 9861] INFO node.SCMNodeManager: Registered Data node : fb8170f3-0622-4ae8-936e-7bea2e5d086b{ip: 10.9.0.11, host: restart_dn1_1.restart_net, ports: [REPLICATION=9886, RATIS=9858, RATIS_ADMIN=9857, RATIS_SERVER=9856, STANDALONE=9859], networkLocation: /default-rack, certSerialId: null, persistedOpState: IN_SERVICE, persistedOpStateExpiryEpochSec: 0}
scm_1    | 2021-10-14 01:38:01,444 [EventQueue-NodeRegistrationContainerReportForDataNodeSafeModeRule] INFO safemode.SCMSafeModeManager: SCM in safe mode. 1 DataNodes registered, 3 required.
dn1_1    | 	at java.base/java.util.concurrent.TimeUnit.sleep(TimeUnit.java:446)
dn3_1    | 2021-10-14 01:37:53,799 [pool-26-thread-1] INFO server.RaftServerConfigKeys: raft.server.sleep.deviation.threshold = 300ms (default)
om_1     | 2021-10-14 01:38:08,648 [om1@group-C5BA1605619E-LeaderElection1] INFO server.RaftServerConfigKeys: raft.server.staging.catchup.gap = 1000 (default)
recon_1  | 	at java.base/javax.security.auth.Subject.doAs(Subject.java:423)
scm_1    | 2021-10-14 01:38:01,527 [EventQueue-NewNodeForNewNodeHandler] INFO pipeline.BackgroundPipelineCreator: trigger a one-shot run on RatisPipelineUtilsThread.
dn2_1    | 	at java.base/java.lang.Thread.run(Thread.java:834)
dn1_1    | 	at org.apache.ratis.util.TimeDuration.sleep(TimeDuration.java:324)
dn3_1    | 2021-10-14 01:37:53,801 [pool-26-thread-1] INFO server.RaftServerConfigKeys: raft.server.log.appender.install.snapshot.enabled = false (custom)
om_1     | 2021-10-14 01:38:08,655 [om1@group-C5BA1605619E-LeaderElection1] INFO server.RaftServerConfigKeys: raft.server.write.element-limit = 4096 (default)
recon_1  | 	at org.apache.hadoop.security.UserGroupInformation.doAs(UserGroupInformation.java:1878)
scm_1    | 2021-10-14 01:38:01,527 [EventQueue-NodeRegistrationContainerReportForContainerSafeModeRule] INFO safemode.SCMSafeModeManager: ContainerSafeModeRule rule is successfully validated
dn2_1    | Caused by: java.util.concurrent.TimeoutException
dn1_1    | 	at org.apache.ratis.util.TimeDuration.sleep(TimeDuration.java:309)
dn3_1    | 2021-10-14 01:37:53,803 [pool-26-thread-1] INFO server.RaftServer$Division: f1dc7c68-ad09-4d40-a2e2-e0a0cb8ec7e9@group-F7783ED06070: ConfigurationManager, init=-1: [], old=null, confs=<EMPTY_MAP>
om_1     | 2021-10-14 01:38:08,657 [om1@group-C5BA1605619E-LeaderElection1] INFO server.RaftServerConfigKeys: raft.server.write.byte-limit = 64MB (=67108864) (default)
recon_1  | 	at org.apache.hadoop.ipc.Server$Handler.run(Server.java:2966)
scm_1    | 2021-10-14 01:38:01,527 [EventQueue-PipelineReportForOneReplicaPipelineSafeModeRule] INFO safemode.SCMSafeModeManager: SCM in safe mode. Pipelines with at least one datanode reported count is 2, required at least one datanode reported per pipeline count is 2
dn2_1    | 	at java.base/java.util.concurrent.FutureTask.get(FutureTask.java:204)
dn1_1    | 	at org.apache.ratis.server.impl.FollowerState.run(FollowerState.java:118)
dn3_1    | 2021-10-14 01:37:53,803 [pool-26-thread-1] INFO server.RaftServerConfigKeys: raft.server.storage.dir = [/data/metadata/ratis] (custom)
om_1     | 2021-10-14 01:38:08,678 [om1@group-C5BA1605619E-LeaderElection1] INFO server.RaftServerConfigKeys: raft.server.watch.timeout = 10s (default)
recon_1  | , while invoking $Proxy43.submitRequest over nodeId=scmNodeId,nodeAddress=scm/10.9.0.17:9860. Trying to failover after sleeping for 2000ms.
scm_1    | 2021-10-14 01:38:01,534 [EventQueue-PipelineReportForOneReplicaPipelineSafeModeRule] INFO safemode.SCMSafeModeManager: AtleastOneDatanodeReportedRule rule is successfully validated
dn2_1    | 	at org.apache.hadoop.ozone.container.common.states.datanode.RunningDatanodeState.lambda$execute$0(RunningDatanodeState.java:149)
dn1_1    | 2021-10-14 01:38:12,132 [grpc-default-executor-2] INFO impl.RoleInfo: fb8170f3-0622-4ae8-936e-7bea2e5d086b: start fb8170f3-0622-4ae8-936e-7bea2e5d086b@group-9B8F7D0D9AB1-FollowerState
dn3_1    | 2021-10-14 01:37:53,806 [pool-26-thread-1] INFO server.RaftServerConfigKeys: raft.server.log.corruption.policy = EXCEPTION (default)
om_1     | 2021-10-14 01:38:08,678 [om1@group-C5BA1605619E-LeaderElection1] INFO server.RaftServerConfigKeys: raft.server.watch.timeout.denomination = 1s (default)
recon_1  | 2021-10-14 01:38:01,445 [IPC Server handler 2 on default port 9891] WARN ipc.Server: IPC Server handler 2 on default port 9891, call Call#0 Retry#0 org.apache.hadoop.ozone.protocol.ReconDatanodeProtocol.submitRequest from 10.9.0.11:37812: output error
scm_1    | 2021-10-14 01:38:01,628 [IPC Server handler 3 on default port 9861] INFO net.NetworkTopologyImpl: Added a new node: /default-rack/64bb3af8-714f-446b-900d-427372f33a69
dn2_1    | 	at java.base/java.util.concurrent.FutureTask.run(FutureTask.java:264)
dn3_1    | 2021-10-14 01:37:53,806 [pool-26-thread-1] INFO server.RaftServerConfigKeys: raft.server.storage.free-space.min = 0MB (=0) (default)
dn1_1    | 2021-10-14 01:38:12,142 [grpc-default-executor-2] INFO server.RaftServer$Division: fb8170f3-0622-4ae8-936e-7bea2e5d086b@group-9B8F7D0D9AB1 replies to ELECTION vote request: f1dc7c68-ad09-4d40-a2e2-e0a0cb8ec7e9<-fb8170f3-0622-4ae8-936e-7bea2e5d086b#0:OK-t6. Peer's state: fb8170f3-0622-4ae8-936e-7bea2e5d086b@group-9B8F7D0D9AB1:t6, leader=null, voted=f1dc7c68-ad09-4d40-a2e2-e0a0cb8ec7e9, raftlog=fb8170f3-0622-4ae8-936e-7bea2e5d086b@group-9B8F7D0D9AB1-SegmentedRaftLog:OPENED:c0,f0,i0, conf=0: [fb8170f3-0622-4ae8-936e-7bea2e5d086b|rpc:10.9.0.11:9856|admin:10.9.0.11:9857|client:10.9.0.11:9858|dataStream:|priority:0, f1dc7c68-ad09-4d40-a2e2-e0a0cb8ec7e9|rpc:10.9.0.13:9856|admin:10.9.0.13:9857|client:10.9.0.13:9858|dataStream:|priority:0, 64bb3af8-714f-446b-900d-427372f33a69|rpc:10.9.0.12:9856|admin:10.9.0.12:9857|client:10.9.0.12:9858|dataStream:|priority:1], old=null
om_1     | 2021-10-14 01:38:08,679 [om1@group-C5BA1605619E-LeaderElection1] INFO server.RaftServerConfigKeys: raft.server.watch.element-limit = 65536 (default)
scm_1    | 2021-10-14 01:38:01,639 [EventQueue-OpenPipelineForHealthyPipelineSafeModeRule] INFO safemode.SCMSafeModeManager: SCM in safe mode. Healthy pipelines reported count is 0, required healthy pipeline reported count is 1
recon_1  | 2021-10-14 01:38:01,446 [IPC Server handler 0 on default port 9891] WARN ipc.Server: IPC Server handler 0 on default port 9891, call Call#0 Retry#0 org.apache.hadoop.ozone.protocol.ReconDatanodeProtocol.submitRequest from 10.9.0.13:37532: output error
dn2_1    | 	at java.base/java.util.concurrent.Executors$RunnableAdapter.call(Executors.java:515)
dn3_1    | 2021-10-14 01:37:53,806 [main] INFO server.AbstractConnector: Started ServerConnector@3c25cfe1{HTTP/1.1, (http/1.1)}{0.0.0.0:9882}
dn1_1    | 2021-10-14 01:38:12,163 [grpc-default-executor-2] INFO server.RaftServer$Division: fb8170f3-0622-4ae8-936e-7bea2e5d086b@group-F6C2A1F54440: receive requestVote(ELECTION, 64bb3af8-714f-446b-900d-427372f33a69, group-F6C2A1F54440, 3, (t:1, i:3))
om_1     | 2021-10-14 01:38:08,707 [om1@group-C5BA1605619E-LeaderElection1] INFO impl.RoleInfo: om1: start om1@group-C5BA1605619E-LeaderStateImpl
scm_1    | 2021-10-14 01:38:01,640 [IPC Server handler 3 on default port 9861] INFO node.SCMNodeManager: Registered Data node : 64bb3af8-714f-446b-900d-427372f33a69{ip: 10.9.0.12, host: restart_dn2_1.restart_net, ports: [REPLICATION=9886, RATIS=9858, RATIS_ADMIN=9857, RATIS_SERVER=9856, STANDALONE=9859], networkLocation: /default-rack, certSerialId: null, persistedOpState: IN_SERVICE, persistedOpStateExpiryEpochSec: 0}
recon_1  | 2021-10-14 01:38:01,446 [IPC Server handler 1 on default port 9891] WARN ipc.Server: IPC Server handler 1 on default port 9891, call Call#0 Retry#0 org.apache.hadoop.ozone.protocol.ReconDatanodeProtocol.submitRequest from 10.9.0.12:55930: output error
dn2_1    | 	at java.base/java.util.concurrent.FutureTask.run(FutureTask.java:264)
dn3_1    | 2021-10-14 01:37:53,810 [main] INFO server.Server: Started @40531ms
dn1_1    | 2021-10-14 01:38:12,164 [grpc-default-executor-2] INFO impl.VoteContext: fb8170f3-0622-4ae8-936e-7bea2e5d086b@group-F6C2A1F54440-FOLLOWER: accept ELECTION from 64bb3af8-714f-446b-900d-427372f33a69: our priority 0 <= candidate's priority 0
om_1     | 2021-10-14 01:38:08,733 [om1@group-C5BA1605619E-LeaderElection1] INFO segmented.SegmentedRaftLogWorker: om1@group-C5BA1605619E-SegmentedRaftLogWorker: Rolling segment log-0_14 to index:14
scm_1    | 2021-10-14 01:38:01,640 [EventQueue-NewNodeForNewNodeHandler] INFO pipeline.BackgroundPipelineCreator: trigger a one-shot run on RatisPipelineUtilsThread.
recon_1  | 2021-10-14 01:38:01,455 [IPC Server handler 2 on default port 9891] INFO ipc.Server: IPC Server handler 2 on default port 9891 caught an exception
dn2_1    | 	at java.base/java.util.concurrent.ThreadPoolExecutor.runWorker(ThreadPoolExecutor.java:1128)
dn3_1    | 2021-10-14 01:37:53,817 [pool-26-thread-1] INFO storage.RaftStorageDirectory: Lock on /data/metadata/ratis/3a06be88-a453-4768-8f3e-f7783ed06070/in_use.lock acquired by nodename 7@e4969a3ae57f
dn1_1    | 2021-10-14 01:38:12,164 [grpc-default-executor-2] INFO server.RaftServer$Division: fb8170f3-0622-4ae8-936e-7bea2e5d086b@group-F6C2A1F54440: changes role from  FOLLOWER to FOLLOWER at term 3 for candidate:64bb3af8-714f-446b-900d-427372f33a69
om_1     | 2021-10-14 01:38:08,744 [om1@group-C5BA1605619E-SegmentedRaftLogWorker] INFO segmented.SegmentedRaftLogWorker: om1@group-C5BA1605619E-SegmentedRaftLogWorker: Rolled log segment from /data/metadata/ratis/bf265839-605b-3f16-9796-c5ba1605619e/current/log_inprogress_0 to /data/metadata/ratis/bf265839-605b-3f16-9796-c5ba1605619e/current/log_0-14
scm_1    | 2021-10-14 01:38:01,644 [EventQueue-NodeRegistrationContainerReportForDataNodeSafeModeRule] INFO safemode.SCMSafeModeManager: SCM in safe mode. 2 DataNodes registered, 3 required.
recon_1  | java.nio.channels.AsynchronousCloseException
dn2_1    | 	at java.base/java.util.concurrent.ThreadPoolExecutor$Worker.run(ThreadPoolExecutor.java:628)
dn3_1    | 2021-10-14 01:37:53,817 [pool-26-thread-1] INFO storage.RaftStorage: Read RaftStorageMetadata{term=1, votedFor=f1dc7c68-ad09-4d40-a2e2-e0a0cb8ec7e9} from /data/metadata/ratis/3a06be88-a453-4768-8f3e-f7783ed06070/current/raft-meta
dn1_1    | 2021-10-14 01:38:12,164 [grpc-default-executor-2] INFO impl.RoleInfo: fb8170f3-0622-4ae8-936e-7bea2e5d086b: shutdown fb8170f3-0622-4ae8-936e-7bea2e5d086b@group-F6C2A1F54440-FollowerState
om_1     | 2021-10-14 01:38:08,776 [om1@group-C5BA1605619E-SegmentedRaftLogWorker] INFO segmented.SegmentedRaftLogWorker: om1@group-C5BA1605619E-SegmentedRaftLogWorker: created new log segment /data/metadata/ratis/bf265839-605b-3f16-9796-c5ba1605619e/current/log_inprogress_15
scm_1    | 2021-10-14 01:38:01,679 [EventQueue-OpenPipelineForHealthyPipelineSafeModeRule] INFO safemode.SCMSafeModeManager: SCM in safe mode. Healthy pipelines reported count is 0, required healthy pipeline reported count is 1
recon_1  | 	at java.base/sun.nio.ch.SocketChannelImpl.write(SocketChannelImpl.java:471)
dn2_1    | 	... 1 more
dn3_1    | 2021-10-14 01:37:53,818 [pool-26-thread-1] INFO ratis.ContainerStateMachine: group-F7783ED06070: Setting the last applied index to (t:1, i:0)
dn1_1    | 2021-10-14 01:38:12,164 [grpc-default-executor-2] INFO impl.RoleInfo: fb8170f3-0622-4ae8-936e-7bea2e5d086b: start fb8170f3-0622-4ae8-936e-7bea2e5d086b@group-F6C2A1F54440-FollowerState
om_1     | 2021-10-14 01:38:08,784 [om1@group-C5BA1605619E-LeaderElection1] INFO server.RaftServer$Division: om1@group-C5BA1605619E: set configuration 15: [om1|rpc:om:9872|admin:|client:|dataStream:|priority:0], old=null
scm_1    | 2021-10-14 01:38:02,064 [IPC Server handler 0 on default port 9861] INFO net.NetworkTopologyImpl: Added a new node: /default-rack/f1dc7c68-ad09-4d40-a2e2-e0a0cb8ec7e9
recon_1  | 	at org.apache.hadoop.ipc.Server.channelWrite(Server.java:3605)
dn2_1    | 2021-10-14 01:37:59,398 [EndpointStateMachine task thread for scm/10.9.0.17:9861 - 0 ] INFO ozoneimpl.OzoneContainer: Attempting to start container services.
dn3_1    | 2021-10-14 01:37:53,835 [pool-26-thread-1] INFO server.RaftServer$Division: f1dc7c68-ad09-4d40-a2e2-e0a0cb8ec7e9@group-F7783ED06070: set configuration 0: [f1dc7c68-ad09-4d40-a2e2-e0a0cb8ec7e9|rpc:10.9.0.13:9856|admin:10.9.0.13:9857|client:10.9.0.13:9858|dataStream:|priority:1], old=null
dn1_1    | 2021-10-14 01:38:12,166 [fb8170f3-0622-4ae8-936e-7bea2e5d086b@group-F6C2A1F54440-FollowerState] INFO impl.FollowerState: fb8170f3-0622-4ae8-936e-7bea2e5d086b@group-F6C2A1F54440-FollowerState was interrupted: {}
om_1     | 2021-10-14 01:38:09,061 [om1@group-C5BA1605619E-StateMachineUpdater] INFO ratis.OzoneManagerStateMachine: Received Configuration change notification from Ratis. New Peer list:
scm_1    | 2021-10-14 01:38:02,065 [IPC Server handler 0 on default port 9861] INFO node.SCMNodeManager: Registered Data node : f1dc7c68-ad09-4d40-a2e2-e0a0cb8ec7e9{ip: 10.9.0.13, host: restart_dn3_1.restart_net, ports: [REPLICATION=9886, RATIS=9858, RATIS_ADMIN=9857, RATIS_SERVER=9856, STANDALONE=9859], networkLocation: /default-rack, certSerialId: null, persistedOpState: IN_SERVICE, persistedOpStateExpiryEpochSec: 0}
recon_1  | 	at org.apache.hadoop.ipc.Server.access$1700(Server.java:141)
dn2_1    | 2021-10-14 01:37:59,416 [EndpointStateMachine task thread for scm/10.9.0.17:9861 - 0 ] INFO ozoneimpl.OzoneContainer: Background container scanner has been disabled.
dn3_1    | 2021-10-14 01:37:53,835 [pool-26-thread-1] INFO server.RaftServerConfigKeys: raft.server.notification.no-leader.timeout = 300s (custom)
dn1_1    | java.lang.InterruptedException: sleep interrupted
om_1     | [id: "om1"
scm_1    | 2021-10-14 01:38:02,065 [EventQueue-NewNodeForNewNodeHandler] INFO pipeline.BackgroundPipelineCreator: trigger a one-shot run on RatisPipelineUtilsThread.
recon_1  | 	at org.apache.hadoop.ipc.Server$Responder.processResponse(Server.java:1667)
dn2_1    | 2021-10-14 01:37:59,685 [EndpointStateMachine task thread for scm/10.9.0.17:9861 - 0 ] INFO ratis.XceiverServerRatis: Starting XceiverServerRatis 64bb3af8-714f-446b-900d-427372f33a69
dn3_1    | 2021-10-14 01:37:53,836 [pool-26-thread-1] INFO server.RaftServerConfigKeys: raft.server.log.use.memory = false (default)
dn1_1    | 	at java.base/java.lang.Thread.sleep(Native Method)
om_1     | address: "om:9872"
scm_1    | 2021-10-14 01:38:02,067 [EventQueue-OpenPipelineForHealthyPipelineSafeModeRule] INFO safemode.SCMSafeModeManager: SCM in safe mode. Healthy pipelines reported count is 0, required healthy pipeline reported count is 1
recon_1  | 	at org.apache.hadoop.ipc.Server$Responder.doRespond(Server.java:1737)
dn2_1    | 2021-10-14 01:37:59,727 [EndpointStateMachine task thread for scm/10.9.0.17:9861 - 0 ] INFO server.RaftServer$Division: 64bb3af8-714f-446b-900d-427372f33a69@group-9B8F7D0D9AB1: start as a follower, conf=0: [fb8170f3-0622-4ae8-936e-7bea2e5d086b|rpc:10.9.0.11:9856|admin:10.9.0.11:9857|client:10.9.0.11:9858|dataStream:|priority:0, f1dc7c68-ad09-4d40-a2e2-e0a0cb8ec7e9|rpc:10.9.0.13:9856|admin:10.9.0.13:9857|client:10.9.0.13:9858|dataStream:|priority:0, 64bb3af8-714f-446b-900d-427372f33a69|rpc:10.9.0.12:9856|admin:10.9.0.12:9857|client:10.9.0.12:9858|dataStream:|priority:1], old=null
dn3_1    | 2021-10-14 01:37:53,836 [pool-26-thread-1] INFO server.RaftServerConfigKeys: raft.server.log.purge.gap = 1000000 (custom)
dn1_1    | 	at java.base/java.lang.Thread.sleep(Thread.java:339)
om_1     | ]
scm_1    | 2021-10-14 01:38:02,067 [EventQueue-NodeRegistrationContainerReportForDataNodeSafeModeRule] INFO safemode.SCMSafeModeManager: SCM in safe mode. 3 DataNodes registered, 3 required.
recon_1  | 	at org.apache.hadoop.ipc.Server$Connection.sendResponse(Server.java:2837)
dn2_1    | 2021-10-14 01:37:59,737 [EndpointStateMachine task thread for scm/10.9.0.17:9861 - 0 ] INFO server.RaftServer$Division: 64bb3af8-714f-446b-900d-427372f33a69@group-9B8F7D0D9AB1: changes role from      null to FOLLOWER at term 4 for startAsFollower
dn3_1    | 2021-10-14 01:37:53,836 [pool-26-thread-1] INFO server.RaftServerConfigKeys: raft.server.log.appender.buffer.byte-limit = 33554432 (custom)
dn1_1    | 	at java.base/java.util.concurrent.TimeUnit.sleep(TimeUnit.java:446)
scm_1    | 2021-10-14 01:38:02,067 [EventQueue-NodeRegistrationContainerReportForDataNodeSafeModeRule] INFO safemode.SCMSafeModeManager: DataNodeSafeModeRule rule is successfully validated
scm_1    | 2021-10-14 01:38:02,068 [EventQueue-NodeRegistrationContainerReportForDataNodeSafeModeRule] INFO safemode.SCMSafeModeManager: All SCM safe mode pre check rules have passed
dn2_1    | 2021-10-14 01:37:59,747 [EndpointStateMachine task thread for scm/10.9.0.17:9861 - 0 ] INFO impl.RoleInfo: 64bb3af8-714f-446b-900d-427372f33a69: start 64bb3af8-714f-446b-900d-427372f33a69@group-9B8F7D0D9AB1-FollowerState
dn3_1    | 2021-10-14 01:37:53,837 [pool-26-thread-1] INFO server.RaftServerConfigKeys: raft.server.log.segment.size.max = 1048576 (custom)
dn1_1    | 	at org.apache.ratis.util.TimeDuration.sleep(TimeDuration.java:324)
scm_1    | 2021-10-14 01:38:02,067 [EventQueue-OpenPipelineForHealthyPipelineSafeModeRule] INFO safemode.SCMSafeModeManager: SCM in safe mode. Healthy pipelines reported count is 1, required healthy pipeline reported count is 1
recon_1  | 	at org.apache.hadoop.ipc.Server$Connection.access$300(Server.java:1809)
dn2_1    | 2021-10-14 01:37:59,751 [ForkJoinPool.commonPool-worker-3] INFO server.RaftServer$Division: 64bb3af8-714f-446b-900d-427372f33a69@group-F6C2A1F54440: start as a follower, conf=0: [fb8170f3-0622-4ae8-936e-7bea2e5d086b|rpc:10.9.0.11:9856|admin:10.9.0.11:9857|client:10.9.0.11:9858|dataStream:|priority:0, f1dc7c68-ad09-4d40-a2e2-e0a0cb8ec7e9|rpc:10.9.0.13:9856|admin:10.9.0.13:9857|client:10.9.0.13:9858|dataStream:|priority:1, 64bb3af8-714f-446b-900d-427372f33a69|rpc:10.9.0.12:9856|admin:10.9.0.12:9857|client:10.9.0.12:9858|dataStream:|priority:0], old=null
dn3_1    | 2021-10-14 01:37:53,838 [main] INFO impl.MetricsSinkAdapter: Sink prometheus started
recon_1  | 	at org.apache.hadoop.ipc.Server$RpcCall.doResponse(Server.java:1117)
dn2_1    | 2021-10-14 01:37:59,760 [ForkJoinPool.commonPool-worker-3] INFO server.RaftServer$Division: 64bb3af8-714f-446b-900d-427372f33a69@group-F6C2A1F54440: changes role from      null to FOLLOWER at term 1 for startAsFollower
dn3_1    | 2021-10-14 01:37:53,838 [main] INFO impl.MetricsSystemImpl: Registered sink prometheus
scm_1    | 2021-10-14 01:38:02,068 [EventQueue-NodeRegistrationContainerReportForDataNodeSafeModeRule] WARN events.EventQueue: No event handler registered for event TypedEvent{payloadType=SafeModeStatus, name='Safe mode status'}
recon_1  | 	at org.apache.hadoop.ipc.Server$Call.doResponse(Server.java:909)
dn1_1    | 	at org.apache.ratis.util.TimeDuration.sleep(TimeDuration.java:309)
dn2_1    | 2021-10-14 01:37:59,760 [ForkJoinPool.commonPool-worker-3] INFO impl.RoleInfo: 64bb3af8-714f-446b-900d-427372f33a69: start 64bb3af8-714f-446b-900d-427372f33a69@group-F6C2A1F54440-FollowerState
dn3_1    | 2021-10-14 01:37:53,840 [main] INFO http.BaseHttpServer: HTTP server of hddsDatanode listening at http://0.0.0.0:9882
scm_1    | 2021-10-14 01:38:02,077 [EventQueue-NodeRegistrationContainerReportForDataNodeSafeModeRule] INFO ha.SCMContext: Update SafeModeStatus from SafeModeStatus{safeModeStatus=true, preCheckPassed=false} to SafeModeStatus{safeModeStatus=true, preCheckPassed=true}.
recon_1  | 	at org.apache.hadoop.ipc.Server$Call.sendResponse(Server.java:895)
dn1_1    | 	at org.apache.ratis.server.impl.FollowerState.run(FollowerState.java:118)
dn2_1    | 2021-10-14 01:37:59,803 [EndpointStateMachine task thread for scm/10.9.0.17:9861 - 0 ] INFO util.JmxRegister: Successfully registered JMX Bean with object name Ratis:service=RaftServer,group=group-9B8F7D0D9AB1,id=64bb3af8-714f-446b-900d-427372f33a69
dn3_1    | 2021-10-14 01:37:53,842 [pool-26-thread-1] INFO server.RaftServerConfigKeys: raft.server.log.segment.cache.num.max = 2 (custom)
scm_1    | 2021-10-14 01:38:02,085 [EventQueue-NodeRegistrationContainerReportForDataNodeSafeModeRule] INFO pipeline.BackgroundPipelineCreator: trigger a one-shot run on RatisPipelineUtilsThread.
recon_1  | 	at org.apache.hadoop.ipc.Server$RpcCall.run(Server.java:1052)
dn1_1    | 2021-10-14 01:38:12,205 [grpc-default-executor-2] INFO server.RaftServer$Division: fb8170f3-0622-4ae8-936e-7bea2e5d086b@group-F6C2A1F54440 replies to ELECTION vote request: 64bb3af8-714f-446b-900d-427372f33a69<-fb8170f3-0622-4ae8-936e-7bea2e5d086b#0:OK-t3. Peer's state: fb8170f3-0622-4ae8-936e-7bea2e5d086b@group-F6C2A1F54440:t3, leader=null, voted=64bb3af8-714f-446b-900d-427372f33a69, raftlog=fb8170f3-0622-4ae8-936e-7bea2e5d086b@group-F6C2A1F54440-SegmentedRaftLog:OPENED:c3,f3,i3, conf=0: [fb8170f3-0622-4ae8-936e-7bea2e5d086b|rpc:10.9.0.11:9856|admin:10.9.0.11:9857|client:10.9.0.11:9858|dataStream:|priority:0, f1dc7c68-ad09-4d40-a2e2-e0a0cb8ec7e9|rpc:10.9.0.13:9856|admin:10.9.0.13:9857|client:10.9.0.13:9858|dataStream:|priority:1, 64bb3af8-714f-446b-900d-427372f33a69|rpc:10.9.0.12:9856|admin:10.9.0.12:9857|client:10.9.0.12:9858|dataStream:|priority:0], old=null
dn2_1    | 2021-10-14 01:37:59,803 [ForkJoinPool.commonPool-worker-3] INFO util.JmxRegister: Successfully registered JMX Bean with object name Ratis:service=RaftServer,group=group-F6C2A1F54440,id=64bb3af8-714f-446b-900d-427372f33a69
dn2_1    | 2021-10-14 01:37:59,811 [ForkJoinPool.commonPool-worker-3] INFO server.RaftServer$Division: 64bb3af8-714f-446b-900d-427372f33a69@group-BAA772EFDB83: start as a follower, conf=0: [64bb3af8-714f-446b-900d-427372f33a69|rpc:10.9.0.12:9856|admin:10.9.0.12:9857|client:10.9.0.12:9858|dataStream:|priority:1], old=null
scm_1    | 2021-10-14 01:38:02,088 [EventQueue-OpenPipelineForHealthyPipelineSafeModeRule] INFO safemode.SCMSafeModeManager: HealthyPipelineSafeModeRule rule is successfully validated
recon_1  | 	at org.apache.hadoop.ipc.Server$RpcCall.run(Server.java:963)
dn1_1    | 2021-10-14 01:38:17,279 [grpc-default-executor-2] INFO server.RaftServer$Division: fb8170f3-0622-4ae8-936e-7bea2e5d086b@group-F6C2A1F54440: receive requestVote(ELECTION, f1dc7c68-ad09-4d40-a2e2-e0a0cb8ec7e9, group-F6C2A1F54440, 4, (t:1, i:3))
dn2_1    | 2021-10-14 01:37:59,818 [ForkJoinPool.commonPool-worker-3] INFO server.RaftServer$Division: 64bb3af8-714f-446b-900d-427372f33a69@group-BAA772EFDB83: changes role from      null to FOLLOWER at term 1 for startAsFollower
dn3_1    | 2021-10-14 01:37:53,849 [pool-26-thread-1] INFO server.RaftServerConfigKeys: raft.server.log.segment.cache.size.max = 200MB (=209715200) (default)
scm_1    | 2021-10-14 01:38:02,088 [EventQueue-OpenPipelineForHealthyPipelineSafeModeRule] INFO safemode.SCMSafeModeManager: ScmSafeModeManager, all rules are successfully validated
recon_1  | 	at java.base/java.security.AccessController.doPrivileged(Native Method)
dn1_1    | 2021-10-14 01:38:17,280 [grpc-default-executor-2] INFO impl.VoteContext: fb8170f3-0622-4ae8-936e-7bea2e5d086b@group-F6C2A1F54440-FOLLOWER: accept ELECTION from f1dc7c68-ad09-4d40-a2e2-e0a0cb8ec7e9: our priority 0 <= candidate's priority 1
dn2_1    | 2021-10-14 01:37:59,858 [ForkJoinPool.commonPool-worker-3] INFO impl.RoleInfo: 64bb3af8-714f-446b-900d-427372f33a69: start 64bb3af8-714f-446b-900d-427372f33a69@group-BAA772EFDB83-FollowerState
dn3_1    | 2021-10-14 01:37:53,850 [pool-26-thread-1] INFO segmented.SegmentedRaftLogWorker: new f1dc7c68-ad09-4d40-a2e2-e0a0cb8ec7e9@group-F7783ED06070-SegmentedRaftLogWorker for RaftStorageImpl:Storage Directory /data/metadata/ratis/3a06be88-a453-4768-8f3e-f7783ed06070
scm_1    | 2021-10-14 01:38:02,088 [EventQueue-OpenPipelineForHealthyPipelineSafeModeRule] INFO safemode.SCMSafeModeManager: SCM exiting safe mode.
recon_1  | 	at java.base/javax.security.auth.Subject.doAs(Subject.java:423)
dn1_1    | 2021-10-14 01:38:17,280 [grpc-default-executor-2] INFO server.RaftServer$Division: fb8170f3-0622-4ae8-936e-7bea2e5d086b@group-F6C2A1F54440: changes role from  FOLLOWER to FOLLOWER at term 4 for candidate:f1dc7c68-ad09-4d40-a2e2-e0a0cb8ec7e9
dn2_1    | 2021-10-14 01:37:59,881 [ForkJoinPool.commonPool-worker-3] INFO util.JmxRegister: Successfully registered JMX Bean with object name Ratis:service=RaftServer,group=group-BAA772EFDB83,id=64bb3af8-714f-446b-900d-427372f33a69
dn3_1    | 2021-10-14 01:37:53,851 [pool-26-thread-1] INFO server.RaftServerConfigKeys: raft.server.log.queue.byte-limit = 2147483647 (custom)
scm_1    | 2021-10-14 01:38:02,089 [EventQueue-OpenPipelineForHealthyPipelineSafeModeRule] WARN events.EventQueue: No event handler registered for event TypedEvent{payloadType=SafeModeStatus, name='Safe mode status'}
recon_1  | 	at org.apache.hadoop.security.UserGroupInformation.doAs(UserGroupInformation.java:1878)
dn1_1    | 2021-10-14 01:38:17,280 [grpc-default-executor-2] INFO impl.RoleInfo: fb8170f3-0622-4ae8-936e-7bea2e5d086b: shutdown fb8170f3-0622-4ae8-936e-7bea2e5d086b@group-F6C2A1F54440-FollowerState
dn2_1    | 2021-10-14 01:37:59,884 [EndpointStateMachine task thread for scm/10.9.0.17:9861 - 0 ] INFO server.RaftServer: 64bb3af8-714f-446b-900d-427372f33a69: start RPC server
dn3_1    | 2021-10-14 01:37:53,854 [pool-26-thread-1] INFO server.RaftServerConfigKeys: raft.server.log.queue.element-limit = 1024 (custom)
scm_1    | 2021-10-14 01:38:02,089 [EventQueue-OpenPipelineForHealthyPipelineSafeModeRule] INFO ha.SCMContext: Update SafeModeStatus from SafeModeStatus{safeModeStatus=true, preCheckPassed=true} to SafeModeStatus{safeModeStatus=false, preCheckPassed=true}.
recon_1  | 	at org.apache.hadoop.ipc.Server$Handler.run(Server.java:2966)
dn1_1    | 2021-10-14 01:38:17,281 [fb8170f3-0622-4ae8-936e-7bea2e5d086b@group-F6C2A1F54440-FollowerState] INFO impl.FollowerState: fb8170f3-0622-4ae8-936e-7bea2e5d086b@group-F6C2A1F54440-FollowerState was interrupted: {}
dn3_1    | 2021-10-14 01:37:53,855 [pool-26-thread-1] INFO server.RaftServerConfigKeys: raft.server.log.segment.size.max = 1048576 (custom)
dn2_1    | 2021-10-14 01:37:59,904 [EndpointStateMachine task thread for scm/10.9.0.17:9861 - 0 ] INFO server.GrpcService: 64bb3af8-714f-446b-900d-427372f33a69: GrpcService started, listening on 9856
scm_1    | 2021-10-14 01:38:02,089 [EventQueue-OpenPipelineForHealthyPipelineSafeModeRule] INFO pipeline.BackgroundPipelineCreator: Service BackgroundPipelineCreator transitions to RUNNING.
recon_1  | 2021-10-14 01:38:01,456 [IPC Server handler 1 on default port 9891] INFO ipc.Server: IPC Server handler 1 on default port 9891 caught an exception
dn1_1    | java.lang.InterruptedException: sleep interrupted
dn3_1    | 2021-10-14 01:37:53,855 [pool-26-thread-1] INFO server.RaftServerConfigKeys: raft.server.log.preallocated.size = 16384 (custom)
dn2_1    | 2021-10-14 01:37:59,917 [EndpointStateMachine task thread for scm/10.9.0.17:9861 - 0 ] INFO server.GrpcService: 64bb3af8-714f-446b-900d-427372f33a69: GrpcService started, listening on 9857
scm_1    | 2021-10-14 01:38:02,089 [EventQueue-OpenPipelineForHealthyPipelineSafeModeRule] INFO container.ReplicationManager: Service ReplicationManager transitions to RUNNING.
recon_1  | java.nio.channels.AsynchronousCloseException
dn1_1    | 	at java.base/java.lang.Thread.sleep(Native Method)
dn3_1    | 2021-10-14 01:37:53,855 [pool-26-thread-1] INFO server.RaftServerConfigKeys: raft.server.log.force.sync.num = 128 (default)
dn2_1    | 2021-10-14 01:37:59,918 [EndpointStateMachine task thread for scm/10.9.0.17:9861 - 0 ] INFO server.GrpcService: 64bb3af8-714f-446b-900d-427372f33a69: GrpcService started, listening on 9858
scm_1    | 2021-10-14 01:38:25,141 [IPC Server handler 17 on default port 9863] WARN ha.SequenceIdGenerator: Failed to allocate a batch for localId, expected lastId is 0, actual lastId is 107544261427201000.
recon_1  | 	at java.base/sun.nio.ch.SocketChannelImpl.write(SocketChannelImpl.java:471)
dn1_1    | 	at java.base/java.lang.Thread.sleep(Thread.java:339)
dn3_1    | 2021-10-14 01:37:53,856 [pool-26-thread-1] INFO server.RaftServerConfigKeys: raft.server.log.statemachine.data.sync = true (default)
dn2_1    | 2021-10-14 01:37:59,938 [org.apache.ratis.util.JvmPauseMonitor$$Lambda$438/0x0000000840533040@2fb15bf7] INFO util.JvmPauseMonitor: JvmPauseMonitor-64bb3af8-714f-446b-900d-427372f33a69: Started
scm_1    | 2021-10-14 01:38:25,150 [IPC Server handler 17 on default port 9863] INFO ha.SequenceIdGenerator: Allocate a batch for localId, change lastId from 107544261427201000 to 107544261427202000.
recon_1  | 	at org.apache.hadoop.ipc.Server.channelWrite(Server.java:3605)
dn1_1    | 	at java.base/java.util.concurrent.TimeUnit.sleep(TimeUnit.java:446)
dn3_1    | 2021-10-14 01:37:53,856 [pool-26-thread-1] INFO server.RaftServerConfigKeys: raft.server.log.statemachine.data.sync.timeout = 10s (default)
dn2_1    | 2021-10-14 01:37:59,938 [EndpointStateMachine task thread for scm/10.9.0.17:9861 - 0 ] INFO ratis.XceiverServerRatis: XceiverServerRatis 64bb3af8-714f-446b-900d-427372f33a69 is started using port 9858 for RATIS
recon_1  | 	at org.apache.hadoop.ipc.Server.access$1700(Server.java:141)
dn1_1    | 	at org.apache.ratis.util.TimeDuration.sleep(TimeDuration.java:324)
dn3_1    | 2021-10-14 01:37:53,857 [pool-26-thread-1] INFO server.RaftServerConfigKeys: raft.server.log.statemachine.data.sync.timeout.retry = -1 (default)
dn2_1    | 2021-10-14 01:37:59,939 [EndpointStateMachine task thread for scm/10.9.0.17:9861 - 0 ] INFO ratis.XceiverServerRatis: XceiverServerRatis 64bb3af8-714f-446b-900d-427372f33a69 is started using port 9857 for RATIS_ADMIN
recon_1  | 	at org.apache.hadoop.ipc.Server$Responder.processResponse(Server.java:1667)
dn1_1    | 	at org.apache.ratis.util.TimeDuration.sleep(TimeDuration.java:309)
dn3_1    | 2021-10-14 01:37:53,857 [pool-26-thread-1] INFO server.RaftServerConfigKeys: raft.server.log.write.buffer.size = 1048576 (custom)
dn2_1    | 2021-10-14 01:37:59,940 [EndpointStateMachine task thread for scm/10.9.0.17:9861 - 0 ] INFO ratis.XceiverServerRatis: XceiverServerRatis 64bb3af8-714f-446b-900d-427372f33a69 is started using port 9856 for RATIS_SERVER
recon_1  | 	at org.apache.hadoop.ipc.Server$Responder.doRespond(Server.java:1737)
dn1_1    | 	at org.apache.ratis.server.impl.FollowerState.run(FollowerState.java:118)
dn1_1    | 2021-10-14 01:38:17,281 [grpc-default-executor-2] INFO impl.RoleInfo: fb8170f3-0622-4ae8-936e-7bea2e5d086b: start fb8170f3-0622-4ae8-936e-7bea2e5d086b@group-F6C2A1F54440-FollowerState
dn2_1    | 2021-10-14 01:38:00,757 [EndpointStateMachine task thread for recon/10.9.0.15:9891 - 0 ] WARN statemachine.EndpointStateMachine: Unable to communicate to Recon server at recon:9891 for past 0 seconds.
recon_1  | 	at org.apache.hadoop.ipc.Server$Connection.sendResponse(Server.java:2837)
dn1_1    | 2021-10-14 01:38:17,284 [grpc-default-executor-2] INFO server.RaftServer$Division: fb8170f3-0622-4ae8-936e-7bea2e5d086b@group-F6C2A1F54440 replies to ELECTION vote request: f1dc7c68-ad09-4d40-a2e2-e0a0cb8ec7e9<-fb8170f3-0622-4ae8-936e-7bea2e5d086b#0:OK-t4. Peer's state: fb8170f3-0622-4ae8-936e-7bea2e5d086b@group-F6C2A1F54440:t4, leader=null, voted=f1dc7c68-ad09-4d40-a2e2-e0a0cb8ec7e9, raftlog=fb8170f3-0622-4ae8-936e-7bea2e5d086b@group-F6C2A1F54440-SegmentedRaftLog:OPENED:c3,f3,i3, conf=0: [fb8170f3-0622-4ae8-936e-7bea2e5d086b|rpc:10.9.0.11:9856|admin:10.9.0.11:9857|client:10.9.0.11:9858|dataStream:|priority:0, f1dc7c68-ad09-4d40-a2e2-e0a0cb8ec7e9|rpc:10.9.0.13:9856|admin:10.9.0.13:9857|client:10.9.0.13:9858|dataStream:|priority:1, 64bb3af8-714f-446b-900d-427372f33a69|rpc:10.9.0.12:9856|admin:10.9.0.12:9857|client:10.9.0.12:9858|dataStream:|priority:0], old=null
dn3_1    | 2021-10-14 01:37:53,874 [pool-26-thread-1] INFO server.RaftServerConfigKeys: raft.server.log.statemachine.data.caching.enabled = true (custom)
dn2_1    | java.net.SocketTimeoutException: Call From 2c748b4590b1/10.9.0.12 to recon:9891 failed on socket timeout exception: java.net.SocketTimeoutException: 5000 millis timeout while waiting for channel to be ready for read. ch : java.nio.channels.SocketChannel[connected local=/10.9.0.12:55930 remote=recon/10.9.0.15:9891]; For more details see:  http://wiki.apache.org/hadoop/SocketTimeout
recon_1  | 	at org.apache.hadoop.ipc.Server$Connection.access$300(Server.java:1809)
dn1_1    | 2021-10-14 01:38:17,313 [grpc-default-executor-2] INFO server.RaftServer$Division: fb8170f3-0622-4ae8-936e-7bea2e5d086b@group-9B8F7D0D9AB1: receive requestVote(ELECTION, 64bb3af8-714f-446b-900d-427372f33a69, group-9B8F7D0D9AB1, 7, (t:4, i:0))
dn3_1    | 2021-10-14 01:37:53,873 [Datanode State Machine Thread - 0] INFO statemachine.DatanodeStateMachine: Ozone container server started.
dn2_1    | 	at java.base/jdk.internal.reflect.NativeConstructorAccessorImpl.newInstance0(Native Method)
recon_1  | 	at org.apache.hadoop.ipc.Server$RpcCall.doResponse(Server.java:1117)
dn1_1    | 2021-10-14 01:38:17,313 [grpc-default-executor-2] INFO impl.VoteContext: fb8170f3-0622-4ae8-936e-7bea2e5d086b@group-9B8F7D0D9AB1-FOLLOWER: accept ELECTION from 64bb3af8-714f-446b-900d-427372f33a69: our priority 0 <= candidate's priority 1
dn3_1    | 2021-10-14 01:37:53,898 [pool-26-thread-1] INFO server.RaftServer$Division: f1dc7c68-ad09-4d40-a2e2-e0a0cb8ec7e9@group-F7783ED06070: set configuration 0: [f1dc7c68-ad09-4d40-a2e2-e0a0cb8ec7e9|rpc:10.9.0.13:9856|admin:10.9.0.13:9857|client:10.9.0.13:9858|dataStream:|priority:1], old=null
dn2_1    | 	at java.base/jdk.internal.reflect.NativeConstructorAccessorImpl.newInstance(NativeConstructorAccessorImpl.java:62)
recon_1  | 	at org.apache.hadoop.ipc.Server$Call.doResponse(Server.java:909)
recon_1  | 	at org.apache.hadoop.ipc.Server$Call.sendResponse(Server.java:895)
dn1_1    | 2021-10-14 01:38:17,314 [grpc-default-executor-2] INFO server.RaftServer$Division: fb8170f3-0622-4ae8-936e-7bea2e5d086b@group-9B8F7D0D9AB1: changes role from  FOLLOWER to FOLLOWER at term 7 for candidate:64bb3af8-714f-446b-900d-427372f33a69
dn3_1    | 2021-10-14 01:37:53,901 [pool-26-thread-1] INFO segmented.LogSegment: Successfully read 1 entries from segment file /data/metadata/ratis/3a06be88-a453-4768-8f3e-f7783ed06070/current/log_inprogress_0
dn2_1    | 	at java.base/jdk.internal.reflect.DelegatingConstructorAccessorImpl.newInstance(DelegatingConstructorAccessorImpl.java:45)
recon_1  | 	at org.apache.hadoop.ipc.Server$RpcCall.run(Server.java:1052)
dn1_1    | 2021-10-14 01:38:17,314 [grpc-default-executor-2] INFO impl.RoleInfo: fb8170f3-0622-4ae8-936e-7bea2e5d086b: shutdown fb8170f3-0622-4ae8-936e-7bea2e5d086b@group-9B8F7D0D9AB1-FollowerState
dn3_1    | 2021-10-14 01:37:53,911 [pool-26-thread-1] INFO segmented.SegmentedRaftLogWorker: f1dc7c68-ad09-4d40-a2e2-e0a0cb8ec7e9@group-F7783ED06070-SegmentedRaftLogWorker: flushIndex: setUnconditionally 0 -> 0
dn2_1    | 	at java.base/java.lang.reflect.Constructor.newInstance(Constructor.java:490)
recon_1  | 	at org.apache.hadoop.ipc.Server$RpcCall.run(Server.java:963)
dn1_1    | 2021-10-14 01:38:17,314 [grpc-default-executor-2] INFO impl.RoleInfo: fb8170f3-0622-4ae8-936e-7bea2e5d086b: start fb8170f3-0622-4ae8-936e-7bea2e5d086b@group-9B8F7D0D9AB1-FollowerState
dn2_1    | 	at org.apache.hadoop.net.NetUtils.wrapWithMessage(NetUtils.java:913)
dn3_1    | 2021-10-14 01:37:53,926 [pool-26-thread-1] INFO segmented.SegmentedRaftLogWorker: f1dc7c68-ad09-4d40-a2e2-e0a0cb8ec7e9@group-F7783ED06070-SegmentedRaftLogWorker: safeCacheEvictIndex: setUnconditionally 0 -> -1
recon_1  | 	at java.base/java.security.AccessController.doPrivileged(Native Method)
dn1_1    | 2021-10-14 01:38:17,314 [fb8170f3-0622-4ae8-936e-7bea2e5d086b@group-9B8F7D0D9AB1-FollowerState] INFO impl.FollowerState: fb8170f3-0622-4ae8-936e-7bea2e5d086b@group-9B8F7D0D9AB1-FollowerState was interrupted: {}
dn2_1    | 	at org.apache.hadoop.net.NetUtils.wrapException(NetUtils.java:848)
dn3_1    | 2021-10-14 01:37:53,938 [pool-26-thread-1] INFO server.RaftServerConfigKeys: raft.server.snapshot.auto.trigger.enabled = true (custom)
recon_1  | 	at java.base/javax.security.auth.Subject.doAs(Subject.java:423)
dn1_1    | java.lang.InterruptedException: sleep interrupted
dn2_1    | 	at org.apache.hadoop.ipc.Client.getRpcResponse(Client.java:1577)
dn3_1    | 2021-10-14 01:37:53,940 [pool-26-thread-1] INFO server.RaftServerConfigKeys: raft.server.snapshot.auto.trigger.threshold = 10000 (custom)
recon_1  | 	at org.apache.hadoop.security.UserGroupInformation.doAs(UserGroupInformation.java:1878)
dn1_1    | 	at java.base/java.lang.Thread.sleep(Native Method)
dn2_1    | 	at org.apache.hadoop.ipc.Client.call(Client.java:1519)
dn3_1    | 2021-10-14 01:37:53,946 [pool-26-thread-1] INFO server.RaftServerConfigKeys: raft.server.snapshot.retention.file.num = 5 (custom)
recon_1  | 	at org.apache.hadoop.ipc.Server$Handler.run(Server.java:2966)
dn1_1    | 	at java.base/java.lang.Thread.sleep(Thread.java:339)
dn2_1    | 	at org.apache.hadoop.ipc.Client.call(Client.java:1416)
dn3_1    | 2021-10-14 01:37:53,947 [pool-26-thread-1] INFO server.RaftServerConfigKeys: raft.server.log.purge.upto.snapshot.index = false (default)
recon_1  | 2021-10-14 01:38:01,462 [IPC Server handler 0 on default port 9891] INFO ipc.Server: IPC Server handler 0 on default port 9891 caught an exception
dn1_1    | 	at java.base/java.util.concurrent.TimeUnit.sleep(TimeUnit.java:446)
dn2_1    | 	at org.apache.hadoop.ipc.ProtobufRpcEngine$Invoker.invoke(ProtobufRpcEngine.java:236)
dn3_1    | 2021-10-14 01:37:53,947 [pool-26-thread-1] INFO server.RaftServerConfigKeys: raft.server.retrycache.expirytime = 600000ms (custom)
recon_1  | java.nio.channels.AsynchronousCloseException
dn1_1    | 	at org.apache.ratis.util.TimeDuration.sleep(TimeDuration.java:324)
dn2_1    | 	at org.apache.hadoop.ipc.ProtobufRpcEngine$Invoker.invoke(ProtobufRpcEngine.java:123)
dn3_1    | 2021-10-14 01:37:53,947 [pool-26-thread-1] INFO server.RaftServerConfigKeys: raft.server.retrycache.statistics.expirytime = 100?s (default)
recon_1  | 	at java.base/sun.nio.ch.SocketChannelImpl.write(SocketChannelImpl.java:471)
dn1_1    | 	at org.apache.ratis.util.TimeDuration.sleep(TimeDuration.java:309)
dn2_1    | 	at com.sun.proxy.$Proxy39.submitRequest(Unknown Source)
dn3_1    | 2021-10-14 01:37:54,005 [org.apache.hadoop.util.JvmPauseMonitor$Monitor@5e980172] INFO util.JvmPauseMonitor: Starting JVM pause monitor
recon_1  | 	at org.apache.hadoop.ipc.Server.channelWrite(Server.java:3605)
dn1_1    | 	at org.apache.ratis.server.impl.FollowerState.run(FollowerState.java:118)
dn2_1    | 	at org.apache.hadoop.ozone.protocolPB.StorageContainerDatanodeProtocolClientSideTranslatorPB.submitRequest(StorageContainerDatanodeProtocolClientSideTranslatorPB.java:117)
dn3_1    | 2021-10-14 01:37:54,303 [Datanode State Machine Task Thread - 0] INFO statemachine.SCMConnectionManager: Adding Recon Server : recon/10.9.0.15:9891
recon_1  | 	at org.apache.hadoop.ipc.Server.access$1700(Server.java:141)
dn1_1    | 2021-10-14 01:38:17,325 [grpc-default-executor-2] INFO server.RaftServer$Division: fb8170f3-0622-4ae8-936e-7bea2e5d086b@group-9B8F7D0D9AB1 replies to ELECTION vote request: 64bb3af8-714f-446b-900d-427372f33a69<-fb8170f3-0622-4ae8-936e-7bea2e5d086b#0:OK-t7. Peer's state: fb8170f3-0622-4ae8-936e-7bea2e5d086b@group-9B8F7D0D9AB1:t7, leader=null, voted=64bb3af8-714f-446b-900d-427372f33a69, raftlog=fb8170f3-0622-4ae8-936e-7bea2e5d086b@group-9B8F7D0D9AB1-SegmentedRaftLog:OPENED:c0,f0,i0, conf=0: [fb8170f3-0622-4ae8-936e-7bea2e5d086b|rpc:10.9.0.11:9856|admin:10.9.0.11:9857|client:10.9.0.11:9858|dataStream:|priority:0, f1dc7c68-ad09-4d40-a2e2-e0a0cb8ec7e9|rpc:10.9.0.13:9856|admin:10.9.0.13:9857|client:10.9.0.13:9858|dataStream:|priority:0, 64bb3af8-714f-446b-900d-427372f33a69|rpc:10.9.0.12:9856|admin:10.9.0.12:9857|client:10.9.0.12:9858|dataStream:|priority:1], old=null
dn2_1    | 	at org.apache.hadoop.ozone.protocolPB.StorageContainerDatanodeProtocolClientSideTranslatorPB.getVersion(StorageContainerDatanodeProtocolClientSideTranslatorPB.java:133)
dn3_1    | 2021-10-14 01:37:57,227 [EndpointStateMachine task thread for scm/10.9.0.17:9861 - 0 ] INFO ipc.Client: Retrying connect to server: scm/10.9.0.17:9861. Already tried 0 time(s); retry policy is RetryUpToMaximumCountWithFixedSleep(maxRetries=15, sleepTime=1000 MILLISECONDS)
recon_1  | 	at org.apache.hadoop.ipc.Server$Responder.processResponse(Server.java:1667)
dn1_1    | 2021-10-14 01:38:17,433 [grpc-default-executor-2] INFO ratis.XceiverServerRatis: Leader change notification received for group: group-F6C2A1F54440 with new leaderId: f1dc7c68-ad09-4d40-a2e2-e0a0cb8ec7e9
dn2_1    | 	at org.apache.hadoop.ozone.container.common.states.endpoint.VersionEndpointTask.call(VersionEndpointTask.java:71)
dn3_1    | 2021-10-14 01:37:59,449 [EndpointStateMachine task thread for scm/10.9.0.17:9861 - 0 ] INFO ozoneimpl.OzoneContainer: Attempting to start container services.
recon_1  | 	at org.apache.hadoop.ipc.Server$Responder.doRespond(Server.java:1737)
dn1_1    | 2021-10-14 01:38:17,433 [grpc-default-executor-2] INFO server.RaftServer$Division: fb8170f3-0622-4ae8-936e-7bea2e5d086b@group-F6C2A1F54440: change Leader from null to f1dc7c68-ad09-4d40-a2e2-e0a0cb8ec7e9 at term 4 for appendEntries, leader elected after 24706ms
dn2_1    | 	at org.apache.hadoop.ozone.container.common.states.endpoint.VersionEndpointTask.call(VersionEndpointTask.java:42)
dn3_1    | 2021-10-14 01:37:59,480 [EndpointStateMachine task thread for scm/10.9.0.17:9861 - 0 ] INFO ozoneimpl.OzoneContainer: Background container scanner has been disabled.
recon_1  | 	at org.apache.hadoop.ipc.Server$Connection.sendResponse(Server.java:2837)
dn1_1    | 2021-10-14 01:38:17,479 [grpc-default-executor-2] INFO server.RaftServer$Division: fb8170f3-0622-4ae8-936e-7bea2e5d086b@group-F6C2A1F54440: set configuration 4: [fb8170f3-0622-4ae8-936e-7bea2e5d086b|rpc:10.9.0.11:9856|admin:10.9.0.11:9857|client:10.9.0.11:9858|dataStream:|priority:0, f1dc7c68-ad09-4d40-a2e2-e0a0cb8ec7e9|rpc:10.9.0.13:9856|admin:10.9.0.13:9857|client:10.9.0.13:9858|dataStream:|priority:1, 64bb3af8-714f-446b-900d-427372f33a69|rpc:10.9.0.12:9856|admin:10.9.0.12:9857|client:10.9.0.12:9858|dataStream:|priority:0], old=null
dn2_1    | 	at java.base/java.util.concurrent.FutureTask.run(FutureTask.java:264)
dn3_1    | 2021-10-14 01:37:59,861 [EndpointStateMachine task thread for scm/10.9.0.17:9861 - 0 ] INFO ratis.XceiverServerRatis: Starting XceiverServerRatis f1dc7c68-ad09-4d40-a2e2-e0a0cb8ec7e9
recon_1  | 	at org.apache.hadoop.ipc.Server$Connection.access$300(Server.java:1809)
dn1_1    | 2021-10-14 01:38:17,484 [grpc-default-executor-2] INFO segmented.SegmentedRaftLogWorker: fb8170f3-0622-4ae8-936e-7bea2e5d086b@group-F6C2A1F54440-SegmentedRaftLogWorker: Rolling segment log-0_3 to index:3
dn2_1    | 	at java.base/java.util.concurrent.ThreadPoolExecutor.runWorker(ThreadPoolExecutor.java:1128)
