datanode_3          | 	at org.apache.ratis.server.impl.RaftServerProxy.groupAddAsync(RaftServerProxy.java:378)
datanode_1          | org.apache.ratis.protocol.AlreadyExistsException: 3fbd998d-9274-481c-8107-3ffda21a5dd4: Failed to add group-5740DA191B67:[21585e56-f1eb-46c3-9b53-666c6d3dca5e:172.29.0.11:9858, 9a10237d-c9bd-486e-ab7a-1cbe54a686bb:172.29.0.6:9858, 3fbd998d-9274-481c-8107-3ffda21a5dd4:172.29.0.8:9858] since the group already exists in the map.
datanode_3          | 	... 13 more
datanode_1          | 	at org.apache.ratis.server.impl.RaftServerProxy$ImplMap.addNew(RaftServerProxy.java:83)
datanode_3          | 2021-02-10 10:34:41 WARN  RaftServerProxy:390 - 3fbd998d-9274-481c-8107-3ffda21a5dd4: Failed groupAdd* GroupManagementRequest:client-7F3650F153B0->3fbd998d-9274-481c-8107-3ffda21a5dd4@group-5740DA191B67, cid=1, seq=0, RW, null, Add:group-5740DA191B67:[21585e56-f1eb-46c3-9b53-666c6d3dca5e:172.29.0.11:9858, 9a10237d-c9bd-486e-ab7a-1cbe54a686bb:172.29.0.6:9858, 3fbd998d-9274-481c-8107-3ffda21a5dd4:172.29.0.8:9858]
datanode_1          | 	at org.apache.ratis.server.impl.RaftServerProxy.groupAddAsync(RaftServerProxy.java:378)
datanode_3          | java.util.concurrent.CompletionException: org.apache.ratis.protocol.AlreadyExistsException: 3fbd998d-9274-481c-8107-3ffda21a5dd4: Failed to add group-5740DA191B67:[21585e56-f1eb-46c3-9b53-666c6d3dca5e:172.29.0.11:9858, 9a10237d-c9bd-486e-ab7a-1cbe54a686bb:172.29.0.6:9858, 3fbd998d-9274-481c-8107-3ffda21a5dd4:172.29.0.8:9858] since the group already exists in the map.
datanode_3          | 	at java.base/java.util.concurrent.CompletableFuture.encodeThrowable(CompletableFuture.java:331)
datanode_3          | 	at java.base/java.util.concurrent.CompletableFuture.uniApplyNow(CompletableFuture.java:670)
datanode_3          | 	at java.base/java.util.concurrent.CompletableFuture.uniApplyStage(CompletableFuture.java:658)
datanode_3          | 	at java.base/java.util.concurrent.CompletableFuture.thenApplyAsync(CompletableFuture.java:2104)
datanode_3          | 	at org.apache.ratis.server.impl.RaftServerProxy.groupAddAsync(RaftServerProxy.java:379)
datanode_3          | 	at org.apache.ratis.server.impl.RaftServerProxy.groupManagementAsync(RaftServerProxy.java:363)
datanode_3          | 	at org.apache.ratis.grpc.server.GrpcAdminProtocolService.lambda$groupManagement$0(GrpcAdminProtocolService.java:42)
datanode_3          | 	at org.apache.ratis.grpc.GrpcUtil.asyncCall(GrpcUtil.java:160)
datanode_3          | 	at org.apache.ratis.grpc.server.GrpcAdminProtocolService.groupManagement(GrpcAdminProtocolService.java:42)
datanode_3          | 	at org.apache.ratis.proto.grpc.AdminProtocolServiceGrpc$MethodHandlers.invoke(AdminProtocolServiceGrpc.java:358)
datanode_3          | 	at org.apache.ratis.thirdparty.io.grpc.stub.ServerCalls$UnaryServerCallHandler$UnaryServerCallListener.onHalfClose(ServerCalls.java:172)
datanode_3          | 	at org.apache.ratis.thirdparty.io.grpc.internal.ServerCallImpl$ServerStreamListenerImpl.halfClosed(ServerCallImpl.java:331)
datanode_3          | 	at org.apache.ratis.thirdparty.io.grpc.internal.ServerImpl$JumpToApplicationThreadServerStreamListener$1HalfClosed.runInContext(ServerImpl.java:814)
datanode_3          | 	at org.apache.ratis.thirdparty.io.grpc.internal.ContextRunnable.run(ContextRunnable.java:37)
datanode_3          | 	at org.apache.ratis.thirdparty.io.grpc.internal.SerializingExecutor.run(SerializingExecutor.java:123)
datanode_3          | 	at java.base/java.util.concurrent.ThreadPoolExecutor.runWorker(ThreadPoolExecutor.java:1128)
datanode_3          | 	at java.base/java.util.concurrent.ThreadPoolExecutor$Worker.run(ThreadPoolExecutor.java:628)
datanode_3          | 	at java.base/java.lang.Thread.run(Thread.java:834)
datanode_3          | Caused by: org.apache.ratis.protocol.AlreadyExistsException: 3fbd998d-9274-481c-8107-3ffda21a5dd4: Failed to add group-5740DA191B67:[21585e56-f1eb-46c3-9b53-666c6d3dca5e:172.29.0.11:9858, 9a10237d-c9bd-486e-ab7a-1cbe54a686bb:172.29.0.6:9858, 3fbd998d-9274-481c-8107-3ffda21a5dd4:172.29.0.8:9858] since the group already exists in the map.
datanode_3          | 	at org.apache.ratis.server.impl.RaftServerProxy$ImplMap.addNew(RaftServerProxy.java:83)
datanode_3          | 	at org.apache.ratis.server.impl.RaftServerProxy.groupAddAsync(RaftServerProxy.java:378)
datanode_3          | 	... 13 more
datanode_3          | 2021-02-10 10:34:43 INFO  FollowerState:108 - 3fbd998d-9274-481c-8107-3ffda21a5dd4@group-AA68D7D1E989-FollowerState: change to CANDIDATE, lastRpcTime:5093ms, electionTimeout:5068ms
datanode_3          | 2021-02-10 10:34:43 INFO  RoleInfo:121 - 3fbd998d-9274-481c-8107-3ffda21a5dd4: shutdown FollowerState
datanode_3          | 2021-02-10 10:34:43 INFO  RaftServerImpl:172 - 3fbd998d-9274-481c-8107-3ffda21a5dd4@group-AA68D7D1E989: changes role from  FOLLOWER to CANDIDATE at term 0 for changeToCandidate
datanode_1          | 	at org.apache.ratis.server.impl.RaftServerProxy.groupManagementAsync(RaftServerProxy.java:363)
datanode_3          | 2021-02-10 10:34:43 INFO  RoleInfo:143 - 3fbd998d-9274-481c-8107-3ffda21a5dd4: start LeaderElection
datanode_1          | 	at org.apache.ratis.grpc.server.GrpcAdminProtocolService.lambda$groupManagement$0(GrpcAdminProtocolService.java:42)
datanode_3          | 2021-02-10 10:34:43 INFO  LeaderElection:206 - 3fbd998d-9274-481c-8107-3ffda21a5dd4@group-AA68D7D1E989-LeaderElection1: begin an election at term 1 for -1: [3fbd998d-9274-481c-8107-3ffda21a5dd4:172.29.0.8:9858], old=null
datanode_1          | 	at org.apache.ratis.grpc.GrpcUtil.asyncCall(GrpcUtil.java:160)
datanode_3          | 2021-02-10 10:34:43 INFO  RoleInfo:134 - 3fbd998d-9274-481c-8107-3ffda21a5dd4: shutdown LeaderElection
datanode_1          | 	at org.apache.ratis.grpc.server.GrpcAdminProtocolService.groupManagement(GrpcAdminProtocolService.java:42)
datanode_3          | 2021-02-10 10:34:43 INFO  RaftServerImpl:172 - 3fbd998d-9274-481c-8107-3ffda21a5dd4@group-AA68D7D1E989: changes role from CANDIDATE to LEADER at term 1 for changeToLeader
datanode_1          | 	at org.apache.ratis.proto.grpc.AdminProtocolServiceGrpc$MethodHandlers.invoke(AdminProtocolServiceGrpc.java:358)
datanode_3          | 2021-02-10 10:34:43 INFO  XceiverServerRatis:744 - Leader change notification received for group: group-AA68D7D1E989 with new leaderId: 3fbd998d-9274-481c-8107-3ffda21a5dd4
datanode_1          | 	at org.apache.ratis.thirdparty.io.grpc.stub.ServerCalls$UnaryServerCallHandler$UnaryServerCallListener.onHalfClose(ServerCalls.java:172)
datanode_3          | 2021-02-10 10:34:43 INFO  RaftServerImpl:255 - 3fbd998d-9274-481c-8107-3ffda21a5dd4@group-AA68D7D1E989: change Leader from null to 3fbd998d-9274-481c-8107-3ffda21a5dd4 at term 1 for becomeLeader, leader elected after 5627ms
datanode_1          | 	at org.apache.ratis.thirdparty.io.grpc.internal.ServerCallImpl$ServerStreamListenerImpl.halfClosed(ServerCallImpl.java:331)
datanode_3          | 2021-02-10 10:34:43 INFO  RaftServerConfigKeys:43 - raft.server.staging.catchup.gap = 1000 (default)
datanode_1          | 	at org.apache.ratis.thirdparty.io.grpc.internal.ServerImpl$JumpToApplicationThreadServerStreamListener$1HalfClosed.runInContext(ServerImpl.java:814)
datanode_3          | 2021-02-10 10:34:43 INFO  RaftServerConfigKeys:43 - raft.server.rpc.sleep.time = 25ms (default)
datanode_1          | 	at org.apache.ratis.thirdparty.io.grpc.internal.ContextRunnable.run(ContextRunnable.java:37)
datanode_3          | 2021-02-10 10:34:43 INFO  RatisMetrics:39 - Creating Metrics Registry : ratis.log_appender.3fbd998d-9274-481c-8107-3ffda21a5dd4@group-AA68D7D1E989
datanode_1          | 	at org.apache.ratis.thirdparty.io.grpc.internal.SerializingExecutor.run(SerializingExecutor.java:123)
datanode_3          | 2021-02-10 10:34:43 INFO  RaftServerConfigKeys:43 - raft.server.write.element-limit = 1024 (custom)
datanode_1          | 	at java.base/java.util.concurrent.ThreadPoolExecutor.runWorker(ThreadPoolExecutor.java:1128)
datanode_3          | 2021-02-10 10:34:43 INFO  RaftServerConfigKeys:43 - raft.server.write.byte-limit = 1073741824 (custom)
datanode_1          | 	at java.base/java.util.concurrent.ThreadPoolExecutor$Worker.run(ThreadPoolExecutor.java:628)
datanode_3          | 2021-02-10 10:34:43 INFO  RaftServerConfigKeys:43 - raft.server.watch.timeout = 180s (custom)
datanode_1          | 	at java.base/java.lang.Thread.run(Thread.java:834)
datanode_3          | 2021-02-10 10:34:43 INFO  RaftServerConfigKeys:43 - raft.server.watch.timeout.denomination = 1s (default)
datanode_1          | 2021-02-10 10:34:41 INFO  CreatePipelineCommandHandler:109 - Created Pipeline RATIS THREE #id: "2d50552f-6ecd-42b8-9937-5740da191b67"
datanode_3          | 2021-02-10 10:34:43 INFO  RaftServerConfigKeys:43 - raft.server.watch.element-limit = 65536 (default)
datanode_1          | .
datanode_3          | 2021-02-10 10:34:43 INFO  RoleInfo:143 - 3fbd998d-9274-481c-8107-3ffda21a5dd4: start LeaderState
datanode_1          | 2021-02-10 10:34:44 INFO  RaftServerImpl:172 - 9a10237d-c9bd-486e-ab7a-1cbe54a686bb@group-5740DA191B67: changes role from  FOLLOWER to FOLLOWER at term 1 for recognizeCandidate:21585e56-f1eb-46c3-9b53-666c6d3dca5e
datanode_3          | 2021-02-10 10:34:43 INFO  SegmentedRaftLogWorker:391 - 3fbd998d-9274-481c-8107-3ffda21a5dd4@group-AA68D7D1E989-SegmentedRaftLogWorker: Starting segment from index:0
datanode_1          | 2021-02-10 10:34:44 INFO  RoleInfo:121 - 9a10237d-c9bd-486e-ab7a-1cbe54a686bb: shutdown FollowerState
datanode_3          | 2021-02-10 10:34:43 INFO  RaftServerImpl:356 - 3fbd998d-9274-481c-8107-3ffda21a5dd4@group-AA68D7D1E989: set configuration 0: [3fbd998d-9274-481c-8107-3ffda21a5dd4:172.29.0.8:9858], old=null at 0
datanode_1          | 2021-02-10 10:34:44 INFO  RoleInfo:143 - 9a10237d-c9bd-486e-ab7a-1cbe54a686bb: start FollowerState
datanode_3          | 2021-02-10 10:34:44 INFO  SegmentedRaftLogWorker:583 - 3fbd998d-9274-481c-8107-3ffda21a5dd4@group-AA68D7D1E989-SegmentedRaftLogWorker: created new log segment /data/metadata/ratis/6435fd82-5c4c-4de3-97e4-aa68d7d1e989/current/log_inprogress_0
datanode_3          | 2021-02-10 10:34:44 INFO  RaftServerImpl:172 - 3fbd998d-9274-481c-8107-3ffda21a5dd4@group-5740DA191B67: changes role from  FOLLOWER to FOLLOWER at term 1 for recognizeCandidate:21585e56-f1eb-46c3-9b53-666c6d3dca5e
datanode_3          | 2021-02-10 10:34:44 INFO  RoleInfo:121 - 3fbd998d-9274-481c-8107-3ffda21a5dd4: shutdown FollowerState
datanode_3          | 2021-02-10 10:34:44 INFO  RoleInfo:143 - 3fbd998d-9274-481c-8107-3ffda21a5dd4: start FollowerState
datanode_3          | 2021-02-10 10:34:44 INFO  FollowerState:117 - 3fbd998d-9274-481c-8107-3ffda21a5dd4@group-5740DA191B67-FollowerState was interrupted: java.lang.InterruptedException: sleep interrupted
datanode_3          | 2021-02-10 10:34:44 INFO  XceiverServerRatis:744 - Leader change notification received for group: group-5740DA191B67 with new leaderId: 21585e56-f1eb-46c3-9b53-666c6d3dca5e
datanode_3          | 2021-02-10 10:34:44 INFO  RaftServerImpl:255 - 3fbd998d-9274-481c-8107-3ffda21a5dd4@group-5740DA191B67: change Leader from null to 21585e56-f1eb-46c3-9b53-666c6d3dca5e at term 1 for appendEntries, leader elected after 5512ms
datanode_3          | 2021-02-10 10:34:44 INFO  RaftServerImpl:356 - 3fbd998d-9274-481c-8107-3ffda21a5dd4@group-5740DA191B67: set configuration 0: [21585e56-f1eb-46c3-9b53-666c6d3dca5e:172.29.0.11:9858, 9a10237d-c9bd-486e-ab7a-1cbe54a686bb:172.29.0.6:9858, 3fbd998d-9274-481c-8107-3ffda21a5dd4:172.29.0.8:9858], old=null at 0
datanode_3          | 2021-02-10 10:34:44 INFO  SegmentedRaftLogWorker:391 - 3fbd998d-9274-481c-8107-3ffda21a5dd4@group-5740DA191B67-SegmentedRaftLogWorker: Starting segment from index:0
datanode_3          | 2021-02-10 10:34:44 INFO  SegmentedRaftLogWorker:583 - 3fbd998d-9274-481c-8107-3ffda21a5dd4@group-5740DA191B67-SegmentedRaftLogWorker: created new log segment /data/metadata/ratis/2d50552f-6ecd-42b8-9937-5740da191b67/current/log_inprogress_0
datanode_3          | 2021-02-10 10:35:31 INFO  Client:948 - Retrying connect to server: recon/172.29.0.10:9891. Already tried 0 time(s); retry policy is RetryUpToMaximumCountWithFixedSleep(maxRetries=2147483647, sleepTime=60000 MILLISECONDS)
datanode_1          | 2021-02-10 10:34:44 INFO  FollowerState:117 - 9a10237d-c9bd-486e-ab7a-1cbe54a686bb@group-5740DA191B67-FollowerState was interrupted: java.lang.InterruptedException: sleep interrupted
datanode_1          | 2021-02-10 10:34:44 INFO  XceiverServerRatis:744 - Leader change notification received for group: group-5740DA191B67 with new leaderId: 21585e56-f1eb-46c3-9b53-666c6d3dca5e
datanode_1          | 2021-02-10 10:34:44 INFO  RaftServerImpl:255 - 9a10237d-c9bd-486e-ab7a-1cbe54a686bb@group-5740DA191B67: change Leader from null to 21585e56-f1eb-46c3-9b53-666c6d3dca5e at term 1 for appendEntries, leader elected after 4842ms
datanode_1          | 2021-02-10 10:34:44 INFO  RaftServerImpl:356 - 9a10237d-c9bd-486e-ab7a-1cbe54a686bb@group-5740DA191B67: set configuration 0: [21585e56-f1eb-46c3-9b53-666c6d3dca5e:172.29.0.11:9858, 9a10237d-c9bd-486e-ab7a-1cbe54a686bb:172.29.0.6:9858, 3fbd998d-9274-481c-8107-3ffda21a5dd4:172.29.0.8:9858], old=null at 0
datanode_1          | 2021-02-10 10:34:44 INFO  SegmentedRaftLogWorker:391 - 9a10237d-c9bd-486e-ab7a-1cbe54a686bb@group-5740DA191B67-SegmentedRaftLogWorker: Starting segment from index:0
datanode_1          | 2021-02-10 10:34:44 INFO  SegmentedRaftLogWorker:583 - 9a10237d-c9bd-486e-ab7a-1cbe54a686bb@group-5740DA191B67-SegmentedRaftLogWorker: created new log segment /data/metadata/ratis/2d50552f-6ecd-42b8-9937-5740da191b67/current/log_inprogress_0
datanode_1          | 2021-02-10 10:34:44 INFO  FollowerState:108 - 9a10237d-c9bd-486e-ab7a-1cbe54a686bb@group-35A5648AFFD1-FollowerState: change to CANDIDATE, lastRpcTime:5204ms, electionTimeout:5189ms
datanode_1          | 2021-02-10 10:34:44 INFO  RoleInfo:121 - 9a10237d-c9bd-486e-ab7a-1cbe54a686bb: shutdown FollowerState
datanode_1          | 2021-02-10 10:34:44 INFO  RaftServerImpl:172 - 9a10237d-c9bd-486e-ab7a-1cbe54a686bb@group-35A5648AFFD1: changes role from  FOLLOWER to CANDIDATE at term 0 for changeToCandidate
datanode_1          | 2021-02-10 10:34:44 INFO  RoleInfo:143 - 9a10237d-c9bd-486e-ab7a-1cbe54a686bb: start LeaderElection
datanode_1          | 2021-02-10 10:34:44 INFO  LeaderElection:206 - 9a10237d-c9bd-486e-ab7a-1cbe54a686bb@group-35A5648AFFD1-LeaderElection1: begin an election at term 1 for -1: [9a10237d-c9bd-486e-ab7a-1cbe54a686bb:172.29.0.6:9858], old=null
datanode_1          | 2021-02-10 10:34:44 INFO  RoleInfo:134 - 9a10237d-c9bd-486e-ab7a-1cbe54a686bb: shutdown LeaderElection
datanode_1          | 2021-02-10 10:34:44 INFO  RaftServerImpl:172 - 9a10237d-c9bd-486e-ab7a-1cbe54a686bb@group-35A5648AFFD1: changes role from CANDIDATE to LEADER at term 1 for changeToLeader
datanode_1          | 2021-02-10 10:34:44 INFO  XceiverServerRatis:744 - Leader change notification received for group: group-35A5648AFFD1 with new leaderId: 9a10237d-c9bd-486e-ab7a-1cbe54a686bb
datanode_1          | 2021-02-10 10:34:44 INFO  RaftServerImpl:255 - 9a10237d-c9bd-486e-ab7a-1cbe54a686bb@group-35A5648AFFD1: change Leader from null to 9a10237d-c9bd-486e-ab7a-1cbe54a686bb at term 1 for becomeLeader, leader elected after 5980ms
datanode_1          | 2021-02-10 10:34:44 INFO  RaftServerConfigKeys:43 - raft.server.staging.catchup.gap = 1000 (default)
datanode_1          | 2021-02-10 10:34:44 INFO  RaftServerConfigKeys:43 - raft.server.rpc.sleep.time = 25ms (default)
datanode_1          | 2021-02-10 10:34:44 INFO  RatisMetrics:39 - Creating Metrics Registry : ratis.log_appender.9a10237d-c9bd-486e-ab7a-1cbe54a686bb@group-35A5648AFFD1
datanode_1          | 2021-02-10 10:34:44 INFO  RaftServerConfigKeys:43 - raft.server.write.element-limit = 1024 (custom)
datanode_1          | 2021-02-10 10:34:44 INFO  RaftServerConfigKeys:43 - raft.server.write.byte-limit = 1073741824 (custom)
datanode_1          | 2021-02-10 10:34:44 INFO  RaftServerConfigKeys:43 - raft.server.watch.timeout = 180s (custom)
datanode_1          | 2021-02-10 10:34:44 INFO  RaftServerConfigKeys:43 - raft.server.watch.timeout.denomination = 1s (default)
datanode_1          | 2021-02-10 10:34:44 INFO  RaftServerConfigKeys:43 - raft.server.watch.element-limit = 65536 (default)
datanode_1          | 2021-02-10 10:34:44 INFO  RoleInfo:143 - 9a10237d-c9bd-486e-ab7a-1cbe54a686bb: start LeaderState
datanode_1          | 2021-02-10 10:34:44 INFO  SegmentedRaftLogWorker:391 - 9a10237d-c9bd-486e-ab7a-1cbe54a686bb@group-35A5648AFFD1-SegmentedRaftLogWorker: Starting segment from index:0
datanode_1          | 2021-02-10 10:34:44 INFO  RaftServerImpl:356 - 9a10237d-c9bd-486e-ab7a-1cbe54a686bb@group-35A5648AFFD1: set configuration 0: [9a10237d-c9bd-486e-ab7a-1cbe54a686bb:172.29.0.6:9858], old=null at 0
datanode_1          | 2021-02-10 10:34:44 INFO  SegmentedRaftLogWorker:583 - 9a10237d-c9bd-486e-ab7a-1cbe54a686bb@group-35A5648AFFD1-SegmentedRaftLogWorker: created new log segment /data/metadata/ratis/6e12f317-53fc-44e6-a120-35a5648affd1/current/log_inprogress_0
