s3g_1       | 	at org.eclipse.jetty.servlet.ServletHandler$ChainEnd.doFilter(ServletHandler.java:1626)
om3_1       | 	at java.base/java.util.concurrent.CompletableFuture$AsyncSupply.run(CompletableFuture.java:1700)
om1_1       | 	at java.base/java.security.AccessController.doPrivileged(Native Method)
datanode_3  | 2021-01-28 13:36:59,154 [grpc-default-executor-1] INFO impl.VoteContext: 456358e6-c94e-4497-89c1-4f0c18b807f5@group-A0DF9649FD8A-FOLLOWER: accept ELECTION from a38c51de-7ed9-4912-8ebe-2f98b35ccc5d: our priority 0 <= candidate's priority 1
scm_1       | 2021-01-28 13:36:42,681 [Listener at 0.0.0.0/9861] INFO ipc.CallQueueManager: Using callQueue: class java.util.concurrent.LinkedBlockingQueue, queueCapacity: 10000, scheduler: class org.apache.hadoop.ipc.DefaultRpcScheduler, ipcBackoff: false.
om2_1       | 2021-01-28 13:37:12,348 [om2@group-562213E44849-LeaderElection1] INFO impl.RoleInfo: om2: start om2@group-562213E44849-LeaderStateImpl
s3g_1       | 	at org.apache.hadoop.ozone.s3.RootPageDisplayFilter.doFilter(RootPageDisplayFilter.java:53)
om3_1       | 	at java.base/java.util.concurrent.ThreadPoolExecutor.runWorker(ThreadPoolExecutor.java:1128)
om1_1       | 	at java.base/javax.security.auth.Subject.doAs(Subject.java:423)
datanode_3  | 2021-01-28 13:36:59,155 [grpc-default-executor-1] INFO server.RaftServer$Division: 456358e6-c94e-4497-89c1-4f0c18b807f5@group-A0DF9649FD8A: changes role from  FOLLOWER to FOLLOWER at term 1 for candidate:a38c51de-7ed9-4912-8ebe-2f98b35ccc5d
scm_1       | 2021-01-28 13:36:42,689 [Socket Reader #1 for port 9863] INFO ipc.Server: Starting Socket Reader #1 for port 9863
om2_1       | 2021-01-28 13:37:12,433 [om2@group-562213E44849-LeaderElection1] INFO segmented.SegmentedRaftLogWorker: om2@group-562213E44849-SegmentedRaftLogWorker: Starting segment from index:0
s3g_1       | 	at org.eclipse.jetty.servlet.FilterHolder.doFilter(FilterHolder.java:201)
om3_1       | 	at java.base/java.util.concurrent.ThreadPoolExecutor$Worker.run(ThreadPoolExecutor.java:628)
om1_1       | 	at org.apache.hadoop.security.UserGroupInformation.doAs(UserGroupInformation.java:1762)
datanode_3  | 2021-01-28 13:36:59,155 [grpc-default-executor-1] INFO impl.RoleInfo: 456358e6-c94e-4497-89c1-4f0c18b807f5: shutdown 456358e6-c94e-4497-89c1-4f0c18b807f5@group-A0DF9649FD8A-FollowerState
scm_1       | 2021-01-28 13:36:42,705 [Listener at 0.0.0.0/9863] INFO ipc.CallQueueManager: Using callQueue: class java.util.concurrent.LinkedBlockingQueue, queueCapacity: 10000, scheduler: class org.apache.hadoop.ipc.DefaultRpcScheduler, ipcBackoff: false.
om2_1       | 2021-01-28 13:37:12,595 [om2@group-562213E44849-LeaderElection1] INFO server.RaftServer$Division: om2@group-562213E44849: set configuration 0: [om1|rpc:om1:9872|admin:|client:|dataStream:|priority:0, om3|rpc:om3:9872|admin:|client:|dataStream:|priority:0, om2|rpc:om2:9872|admin:|client:|dataStream:|priority:0], old=null
s3g_1       | 	at org.eclipse.jetty.servlet.ServletHandler$Chain.doFilter(ServletHandler.java:1601)
om3_1       | 	at java.base/java.lang.Thread.run(Thread.java:834)
om1_1       | 	at org.apache.hadoop.ipc.Server$Handler.run(Server.java:2957)
datanode_3  | 2021-01-28 13:36:59,156 [grpc-default-executor-1] INFO impl.RoleInfo: 456358e6-c94e-4497-89c1-4f0c18b807f5: start 456358e6-c94e-4497-89c1-4f0c18b807f5@group-A0DF9649FD8A-FollowerState
scm_1       | 2021-01-28 13:36:42,709 [Socket Reader #1 for port 9860] INFO ipc.Server: Starting Socket Reader #1 for port 9860
om2_1       | 2021-01-28 13:37:13,020 [om2@group-562213E44849-SegmentedRaftLogWorker] INFO segmented.SegmentedRaftLogWorker: om2@group-562213E44849-SegmentedRaftLogWorker: created new log segment /data/metadata/ratis/fafe1b60-c241-37cc-98f4-562213e44849/current/log_inprogress_0
s3g_1       | 	at org.apache.hadoop.hdds.server.http.HttpServer2$QuotingInputFilter.doFilter(HttpServer2.java:1667)
om3_1       | 2021-01-28 13:38:10,901 [OM StateMachine ApplyTransaction Thread - 0] ERROR multipart.S3MultipartUploadCompleteRequest: MultipartUpload Complete request failed for Key: 28234/multipartKey3 in Volume/Bucket s3v/bucket-07727
om1_1       | 2021-01-28 13:37:55,357 [IPC Server handler 3 on default port 9862] INFO ipc.Server: IPC Server handler 3 on default port 9862, call Call#93 Retry#0 org.apache.hadoop.ozone.om.protocol.OzoneManagerProtocol.submitRequest from 172.24.0.6:53884
datanode_3  | 2021-01-28 13:36:59,156 [Thread-29] INFO impl.FollowerState: 456358e6-c94e-4497-89c1-4f0c18b807f5@group-A0DF9649FD8A-FollowerState was interrupted: {}
scm_1       | 2021-01-28 13:36:42,787 [Listener at 0.0.0.0/9860] INFO http.BaseHttpServer: Starting Web-server for scm at: http://0.0.0.0:9876
om2_1       | 2021-01-28 13:37:37,051 [OM StateMachine ApplyTransaction Thread - 0] ERROR bucket.OMBucketCreateRequest: Bucket creation failed for bucket:bucket-59514 in volume:s3v
s3g_1       | 	at org.eclipse.jetty.servlet.FilterHolder.doFilter(FilterHolder.java:193)
om3_1       | INVALID_PART org.apache.hadoop.ozone.om.exceptions.OMException: Complete Multipart Upload Failed: volume: s3v bucket: bucket-07727 key: 28234/multipartKey3. Provided Part info is { etag2, 2}, whereas OM has partName /s3v/bucket-07727/28234/multipartKey3105633617616437262
om1_1       | org.apache.hadoop.ozone.om.exceptions.OMNotLeaderException: OM:om1 is not the leader. Could not determine the leader node.
datanode_3  | java.lang.InterruptedException: sleep interrupted
scm_1       | 2021-01-28 13:36:42,788 [Listener at 0.0.0.0/9860] INFO http.BaseHttpServer: Hadoop Security Enabled: false Ozone Security Enabled: false Ozone HTTP Security Enabled: false 
om2_1       | BUCKET_ALREADY_EXISTS org.apache.hadoop.ozone.om.exceptions.OMException: Bucket already exist
s3g_1       | 	at org.eclipse.jetty.servlet.ServletHandler$Chain.doFilter(ServletHandler.java:1601)
om3_1       | 	at org.apache.hadoop.ozone.om.request.s3.multipart.S3MultipartUploadCompleteRequest.validateAndUpdateCache(S3MultipartUploadCompleteRequest.java:209)
om1_1       | 	at org.apache.hadoop.ozone.protocolPB.OzoneManagerProtocolServerSideTranslatorPB.createNotLeaderException(OzoneManagerProtocolServerSideTranslatorPB.java:202)
datanode_3  | 	at java.base/java.lang.Thread.sleep(Native Method)
scm_1       | 2021-01-28 13:36:42,849 [Listener at 0.0.0.0/9860] INFO util.log: Logging initialized @18705ms to org.eclipse.jetty.util.log.Slf4jLog
om2_1       | 	at org.apache.hadoop.ozone.om.request.bucket.OMBucketCreateRequest.validateAndUpdateCache(OMBucketCreateRequest.java:192)
s3g_1       | 	at org.apache.hadoop.hdds.server.http.NoCacheFilter.doFilter(NoCacheFilter.java:48)
om3_1       | 	at org.apache.hadoop.ozone.protocolPB.OzoneManagerRequestHandler.handleWriteRequest(OzoneManagerRequestHandler.java:227)
om1_1       | 	at org.apache.hadoop.ozone.protocolPB.OzoneManagerProtocolServerSideTranslatorPB.createLeaderErrorException(OzoneManagerProtocolServerSideTranslatorPB.java:215)
datanode_3  | 	at java.base/java.lang.Thread.sleep(Thread.java:339)
scm_1       | 2021-01-28 13:36:42,985 [Listener at 0.0.0.0/9860] INFO server.AuthenticationFilter: Unable to initialize FileSignerSecretProvider, falling back to use random secrets.
om2_1       | 	at org.apache.hadoop.ozone.protocolPB.OzoneManagerRequestHandler.handleWriteRequest(OzoneManagerRequestHandler.java:227)
s3g_1       | 	at org.eclipse.jetty.servlet.FilterHolder.doFilter(FilterHolder.java:193)
om3_1       | 	at org.apache.hadoop.ozone.om.ratis.OzoneManagerStateMachine.runCommand(OzoneManagerStateMachine.java:415)
om1_1       | 	at org.apache.hadoop.ozone.protocolPB.OzoneManagerProtocolServerSideTranslatorPB.submitReadRequestToOM(OzoneManagerProtocolServerSideTranslatorPB.java:192)
datanode_3  | 	at java.base/java.util.concurrent.TimeUnit.sleep(TimeUnit.java:446)
scm_1       | 2021-01-28 13:36:42,996 [Listener at 0.0.0.0/9860] INFO http.HttpRequestLog: Http request log for http.requests.scm is not defined
om2_1       | 	at org.apache.hadoop.ozone.om.ratis.OzoneManagerStateMachine.runCommand(OzoneManagerStateMachine.java:415)
s3g_1       | 	at org.eclipse.jetty.servlet.ServletHandler$Chain.doFilter(ServletHandler.java:1601)
om3_1       | 	at org.apache.hadoop.ozone.om.ratis.OzoneManagerStateMachine.lambda$applyTransaction$1(OzoneManagerStateMachine.java:240)
om1_1       | 	at org.apache.hadoop.ozone.protocolPB.OzoneManagerProtocolServerSideTranslatorPB.processRequest(OzoneManagerProtocolServerSideTranslatorPB.java:132)
datanode_3  | 	at org.apache.ratis.util.TimeDuration.sleep(TimeDuration.java:324)
scm_1       | 2021-01-28 13:36:43,002 [Listener at 0.0.0.0/9860] INFO http.HttpServer2: Added global filter 'safety' (class=org.apache.hadoop.hdds.server.http.HttpServer2$QuotingInputFilter)
om2_1       | 	at org.apache.hadoop.ozone.om.ratis.OzoneManagerStateMachine.lambda$applyTransaction$1(OzoneManagerStateMachine.java:240)
s3g_1       | 	at org.eclipse.jetty.servlet.ServletHandler.doHandle(ServletHandler.java:548)
om3_1       | 	at java.base/java.util.concurrent.CompletableFuture$AsyncSupply.run(CompletableFuture.java:1700)
om1_1       | 	at org.apache.hadoop.hdds.server.OzoneProtocolMessageDispatcher.processRequest(OzoneProtocolMessageDispatcher.java:87)
datanode_3  | 	at org.apache.ratis.util.TimeDuration.sleep(TimeDuration.java:309)
scm_1       | 2021-01-28 13:36:43,003 [Listener at 0.0.0.0/9860] INFO http.HttpServer2: Added filter static_user_filter (class=org.apache.hadoop.http.lib.StaticUserWebFilter$StaticUserFilter) to context scm
om2_1       | 	at java.base/java.util.concurrent.CompletableFuture$AsyncSupply.run(CompletableFuture.java:1700)
s3g_1       | 	at org.eclipse.jetty.server.handler.ScopedHandler.handle(ScopedHandler.java:143)
om3_1       | 	at java.base/java.util.concurrent.ThreadPoolExecutor.runWorker(ThreadPoolExecutor.java:1128)
datanode_3  | 	at org.apache.ratis.server.impl.FollowerState.run(FollowerState.java:117)
scm_1       | 2021-01-28 13:36:43,003 [Listener at 0.0.0.0/9860] INFO http.HttpServer2: Added filter static_user_filter (class=org.apache.hadoop.http.lib.StaticUserWebFilter$StaticUserFilter) to context static
om2_1       | 	at java.base/java.util.concurrent.ThreadPoolExecutor.runWorker(ThreadPoolExecutor.java:1128)
om1_1       | 	at org.apache.hadoop.ozone.protocolPB.OzoneManagerProtocolServerSideTranslatorPB.submitRequest(OzoneManagerProtocolServerSideTranslatorPB.java:122)
s3g_1       | 	at org.eclipse.jetty.security.SecurityHandler.handle(SecurityHandler.java:602)
om3_1       | 	at java.base/java.util.concurrent.ThreadPoolExecutor$Worker.run(ThreadPoolExecutor.java:628)
datanode_3  | 2021-01-28 13:36:59,159 [grpc-default-executor-1] INFO server.RaftServer$Division: 456358e6-c94e-4497-89c1-4f0c18b807f5@group-A0DF9649FD8A replies to ELECTION vote request: a38c51de-7ed9-4912-8ebe-2f98b35ccc5d<-456358e6-c94e-4497-89c1-4f0c18b807f5#0:OK-t1. Peer's state: 456358e6-c94e-4497-89c1-4f0c18b807f5@group-A0DF9649FD8A:t1, leader=null, voted=a38c51de-7ed9-4912-8ebe-2f98b35ccc5d, raftlog=456358e6-c94e-4497-89c1-4f0c18b807f5@group-A0DF9649FD8A-SegmentedRaftLog:OPENED:c-1,f-1,i0, conf=-1: [a38c51de-7ed9-4912-8ebe-2f98b35ccc5d|rpc:172.24.0.9:9858|priority:1, 456358e6-c94e-4497-89c1-4f0c18b807f5|rpc:172.24.0.2:9858|priority:0, 43883074-aa63-4c8e-a4df-9d8a83ba32a4|rpc:172.24.0.7:9858|priority:0], old=null
scm_1       | 2021-01-28 13:36:43,004 [Listener at 0.0.0.0/9860] INFO http.HttpServer2: Added filter static_user_filter (class=org.apache.hadoop.http.lib.StaticUserWebFilter$StaticUserFilter) to context logs
om2_1       | 	at java.base/java.util.concurrent.ThreadPoolExecutor$Worker.run(ThreadPoolExecutor.java:628)
s3g_1       | 	at org.eclipse.jetty.server.handler.HandlerWrapper.handle(HandlerWrapper.java:127)
om1_1       | 	at org.apache.hadoop.ozone.protocol.proto.OzoneManagerProtocolProtos$OzoneManagerService$2.callBlockingMethod(OzoneManagerProtocolProtos.java)
om3_1       | 	at java.base/java.lang.Thread.run(Thread.java:834)
s3g_1       | 	at org.eclipse.jetty.server.handler.ScopedHandler.nextHandle(ScopedHandler.java:235)
om2_1       | 	at java.base/java.lang.Thread.run(Thread.java:834)
scm_1       | 2021-01-28 13:36:43,031 [Listener at 0.0.0.0/9860] WARN http.BaseHttpServer: /prof java profiling servlet is activated. Not safe for production!
datanode_3  | 2021-01-28 13:36:59,521 [grpc-default-executor-1] INFO ratis.XceiverServerRatis: Leader change notification received for group: group-A0DF9649FD8A with new leaderId: a38c51de-7ed9-4912-8ebe-2f98b35ccc5d
om1_1       | 	at org.apache.hadoop.ipc.ProtobufRpcEngine$Server$ProtoBufRpcInvoker.call(ProtobufRpcEngine.java:528)
s3g_1       | 	at org.eclipse.jetty.server.session.SessionHandler.doHandle(SessionHandler.java:1612)
om3_1       | 2021-01-28 13:38:11,299 [OM StateMachine ApplyTransaction Thread - 0] ERROR multipart.S3MultipartUploadCompleteRequest: PartNumber at index 1 is 2, and its previous partNumber at index 0 is 4 for ozonekey is /s3v/bucket-07727/28234/multipartKey3
om2_1       | 2021-01-28 13:37:41,158 [OM StateMachine ApplyTransaction Thread - 0] ERROR bucket.OMBucketDeleteRequest: Delete bucket failed for bucket:nosuchbucket in volume:s3v
scm_1       | 2021-01-28 13:36:43,054 [Listener at 0.0.0.0/9860] INFO server.StorageContainerManager: StorageContainerLocationProtocol RPC server is listening at /0.0.0.0:9860
datanode_3  | 2021-01-28 13:36:59,522 [grpc-default-executor-1] INFO server.RaftServer$Division: 456358e6-c94e-4497-89c1-4f0c18b807f5@group-A0DF9649FD8A: change Leader from null to a38c51de-7ed9-4912-8ebe-2f98b35ccc5d at term 1 for appendEntries, leader elected after 5836ms
om1_1       | 	at org.apache.hadoop.ipc.RPC$Server.call(RPC.java:1086)
s3g_1       | 	at org.eclipse.jetty.server.handler.ScopedHandler.nextHandle(ScopedHandler.java:233)
om3_1       | 2021-01-28 13:38:11,299 [OM StateMachine ApplyTransaction Thread - 0] ERROR multipart.S3MultipartUploadCompleteRequest: MultipartUpload Complete request failed for Key: 28234/multipartKey3 in Volume/Bucket s3v/bucket-07727
om2_1       | BUCKET_NOT_FOUND org.apache.hadoop.ozone.om.exceptions.OMException: Bucket already exist
scm_1       | 2021-01-28 13:36:43,150 [Listener at 0.0.0.0/9860] INFO impl.MetricsConfig: Loaded properties from hadoop-metrics2.properties
datanode_3  | 2021-01-28 13:36:59,658 [grpc-default-executor-1] INFO server.RaftServer$Division: 456358e6-c94e-4497-89c1-4f0c18b807f5@group-A0DF9649FD8A: set configuration 0: [a38c51de-7ed9-4912-8ebe-2f98b35ccc5d|rpc:172.24.0.9:9858|admin:|client:|dataStream:|priority:1, 456358e6-c94e-4497-89c1-4f0c18b807f5|rpc:172.24.0.2:9858|admin:|client:|dataStream:|priority:0, 43883074-aa63-4c8e-a4df-9d8a83ba32a4|rpc:172.24.0.7:9858|admin:|client:|dataStream:|priority:0], old=null
om1_1       | 	at org.apache.hadoop.ipc.Server$RpcCall.run(Server.java:1029)
s3g_1       | 	at org.eclipse.jetty.server.handler.ContextHandler.doHandle(ContextHandler.java:1434)
om3_1       | INVALID_PART_ORDER org.apache.hadoop.ozone.om.exceptions.OMException: Complete Multipart Upload Failed: volume: s3v bucket: bucket-07727 key: 28234/multipartKey3 because parts are in Invalid order.
om2_1       | 	at org.apache.hadoop.ozone.om.request.bucket.OMBucketDeleteRequest.validateAndUpdateCache(OMBucketDeleteRequest.java:119)
scm_1       | 2021-01-28 13:36:43,171 [Listener at 0.0.0.0/9860] INFO impl.MetricsSystemImpl: Scheduled Metric snapshot period at 10 second(s).
datanode_3  | 2021-01-28 13:36:59,659 [grpc-default-executor-1] INFO segmented.SegmentedRaftLogWorker: 456358e6-c94e-4497-89c1-4f0c18b807f5@group-A0DF9649FD8A-SegmentedRaftLogWorker: Starting segment from index:0
om1_1       | 	at org.apache.hadoop.ipc.Server$RpcCall.run(Server.java:957)
s3g_1       | 	at org.eclipse.jetty.server.handler.ScopedHandler.nextScope(ScopedHandler.java:188)
om3_1       | 	at org.apache.hadoop.ozone.om.request.s3.multipart.S3MultipartUploadCompleteRequest.validateAndUpdateCache(S3MultipartUploadCompleteRequest.java:184)
om2_1       | 	at org.apache.hadoop.ozone.protocolPB.OzoneManagerRequestHandler.handleWriteRequest(OzoneManagerRequestHandler.java:227)
scm_1       | 2021-01-28 13:36:43,172 [Listener at 0.0.0.0/9860] INFO impl.MetricsSystemImpl: StorageContainerManager metrics system started
om1_1       | 	at java.base/java.security.AccessController.doPrivileged(Native Method)
datanode_3  | 2021-01-28 13:36:59,660 [456358e6-c94e-4497-89c1-4f0c18b807f5@group-A0DF9649FD8A-SegmentedRaftLogWorker] INFO segmented.SegmentedRaftLogWorker: 456358e6-c94e-4497-89c1-4f0c18b807f5@group-A0DF9649FD8A-SegmentedRaftLogWorker: created new log segment /data/metadata/ratis/a8686d93-fc87-44b6-886c-a0df9649fd8a/current/log_inprogress_0
s3g_1       | 	at org.eclipse.jetty.servlet.ServletHandler.doScope(ServletHandler.java:501)
s3g_1       | 	at org.eclipse.jetty.server.session.SessionHandler.doScope(SessionHandler.java:1582)
s3g_1       | 	at org.eclipse.jetty.server.handler.ScopedHandler.nextScope(ScopedHandler.java:186)
scm_1       | 2021-01-28 13:36:43,391 [Listener at 0.0.0.0/9860] INFO server.SCMClientProtocolServer: RPC server for Client  is listening at /0.0.0.0:9860
om1_1       | 	at java.base/javax.security.auth.Subject.doAs(Subject.java:423)
datanode_3  | 2021-01-28 13:37:03,214 [org.apache.ratis.util.JvmPauseMonitor$$Lambda$280/0x000000084047ec40@3e856a1e] WARN util.JvmPauseMonitor: JvmPauseMonitor-456358e6-c94e-4497-89c1-4f0c18b807f5: Detected pause in JVM or host machine (eg GC): pause of approximately 101519145ns
s3g_1       | 	at org.eclipse.jetty.server.handler.ContextHandler.doScope(ContextHandler.java:1349)
om2_1       | 	at org.apache.hadoop.ozone.om.ratis.OzoneManagerStateMachine.runCommand(OzoneManagerStateMachine.java:415)
om3_1       | 	at org.apache.hadoop.ozone.protocolPB.OzoneManagerRequestHandler.handleWriteRequest(OzoneManagerRequestHandler.java:227)
scm_1       | 2021-01-28 13:36:43,391 [IPC Server Responder] INFO ipc.Server: IPC Server Responder: starting
om1_1       | 	at org.apache.hadoop.security.UserGroupInformation.doAs(UserGroupInformation.java:1762)
datanode_3  | 
s3g_1       | 	at org.eclipse.jetty.server.handler.ScopedHandler.handle(ScopedHandler.java:141)
om2_1       | 	at org.apache.hadoop.ozone.om.ratis.OzoneManagerStateMachine.lambda$applyTransaction$1(OzoneManagerStateMachine.java:240)
om3_1       | 	at org.apache.hadoop.ozone.om.ratis.OzoneManagerStateMachine.runCommand(OzoneManagerStateMachine.java:415)
scm_1       | 2021-01-28 13:36:43,421 [IPC Server listener on 9860] INFO ipc.Server: IPC Server listener on 9860: starting
om1_1       | 	at org.apache.hadoop.ipc.Server$Handler.run(Server.java:2957)
datanode_3  | No GCs detected
s3g_1       | 	at org.eclipse.jetty.server.handler.HandlerCollection.handle(HandlerCollection.java:146)
om2_1       | 	at java.base/java.util.concurrent.CompletableFuture$AsyncSupply.run(CompletableFuture.java:1700)
om3_1       | 	at org.apache.hadoop.ozone.om.ratis.OzoneManagerStateMachine.lambda$applyTransaction$1(OzoneManagerStateMachine.java:240)
scm_1       | 2021-01-28 13:36:43,433 [Listener at 0.0.0.0/9860] INFO server.StorageContainerManager: ScmBlockLocationProtocol RPC server is listening at /0.0.0.0:9863
om1_1       | 2021-01-28 13:37:55,871 [IPC Server handler 5 on default port 9862] INFO ipc.Server: IPC Server handler 5 on default port 9862, call Call#97 Retry#0 org.apache.hadoop.ozone.om.protocol.OzoneManagerProtocol.submitRequest from 172.24.0.6:53892
s3g_1       | 	at org.eclipse.jetty.server.handler.HandlerWrapper.handle(HandlerWrapper.java:127)
s3g_1       | 	at org.eclipse.jetty.server.Server.handle(Server.java:516)
om3_1       | 	at java.base/java.util.concurrent.CompletableFuture$AsyncSupply.run(CompletableFuture.java:1700)
scm_1       | 2021-01-28 13:36:43,437 [Listener at 0.0.0.0/9860] INFO server.SCMBlockProtocolServer: RPC server for Block Protocol is listening at /0.0.0.0:9863
om1_1       | org.apache.hadoop.ozone.om.exceptions.OMNotLeaderException: OM:om1 is not the leader. Could not determine the leader node.
s3g_1       | 	at org.eclipse.jetty.server.HttpChannel.lambda$handle$1(HttpChannel.java:383)
s3g_1       | 	at org.eclipse.jetty.server.HttpChannel.dispatch(HttpChannel.java:556)
om3_1       | 	at java.base/java.util.concurrent.ThreadPoolExecutor.runWorker(ThreadPoolExecutor.java:1128)
scm_1       | 2021-01-28 13:36:43,438 [IPC Server Responder] INFO ipc.Server: IPC Server Responder: starting
om1_1       | 	at org.apache.hadoop.ozone.protocolPB.OzoneManagerProtocolServerSideTranslatorPB.createNotLeaderException(OzoneManagerProtocolServerSideTranslatorPB.java:202)
s3g_1       | 	at org.eclipse.jetty.server.HttpChannel.handle(HttpChannel.java:375)
om2_1       | 	at java.base/java.util.concurrent.ThreadPoolExecutor.runWorker(ThreadPoolExecutor.java:1128)
om3_1       | 	at java.base/java.util.concurrent.ThreadPoolExecutor$Worker.run(ThreadPoolExecutor.java:628)
scm_1       | 2021-01-28 13:36:43,451 [IPC Server listener on 9863] INFO ipc.Server: IPC Server listener on 9863: starting
om1_1       | 	at org.apache.hadoop.ozone.protocolPB.OzoneManagerProtocolServerSideTranslatorPB.createLeaderErrorException(OzoneManagerProtocolServerSideTranslatorPB.java:215)
s3g_1       | 	at org.eclipse.jetty.server.HttpConnection.onFillable(HttpConnection.java:273)
om2_1       | 	at java.ba