datanode_2  | 2021-04-22 10:37:02,177 [23795da9-c22e-4af7-ac42-a3d892105df6@group-4A6AB0FC1966-LeaderElection3] INFO server.RaftServer$Division: 23795da9-c22e-4af7-ac42-a3d892105df6@group-4A6AB0FC1966: changes role from CANDIDATE to LEADER at term 4 for changeToLeader
datanode_2  | 2021-04-22 10:37:02,177 [23795da9-c22e-4af7-ac42-a3d892105df6@group-4A6AB0FC1966-LeaderElection3] INFO ratis.XceiverServerRatis: Leader change notification received for group: group-4A6AB0FC1966 with new leaderId: 23795da9-c22e-4af7-ac42-a3d892105df6
kdc_1       | Authenticating as principal admin/admin with keytab /tmp/admin.keytab.
kdc_1       | Entry for principal HTTP/2d05c621100b@EXAMPLE.COM with kvno 2, encryption type aes256-cts-hmac-sha1-96 added to keytab WRFILE:/data/HTTP.2d05c621100b.keytab.
datanode_3  | 2021-04-22 10:37:09,274 [pool-20-thread-1] INFO server.RaftServerConfigKeys: raft.server.rpc.timeout.min = 5s (custom)
scm_1       | 2021-04-22 10:36:13,219 [Socket Reader #1 for port 9961] INFO authorize.ServiceAuthorizationManager: Authorization successful for dn/2d05c621100b@EXAMPLE.COM (auth:KERBEROS) for protocol=interface org.apache.hadoop.hdds.protocol.SCMSecurityProtocol
scm_1       | 2021-04-22 10:36:13,225 [Socket Reader #1 for port 9961] INFO ipc.Server: Auth successful for dn/6d3911331668@EXAMPLE.COM (auth:KERBEROS) from 172.18.0.8:41733
scm_1       | 2021-04-22 10:36:13,238 [Socket Reader #1 for port 9961] INFO authorize.ServiceAuthorizationManager: Authorization successful for dn/6d3911331668@EXAMPLE.COM (auth:KERBEROS) for protocol=interface org.apache.hadoop.hdds.protocol.SCMSecurityProtocol
om_1        | 2021-04-22 10:36:48,242 [om1@group-C5BA1605619E-LeaderElection1] INFO server.RaftServerConfigKeys: raft.server.write.element-limit = 4096 (default)
kdc_1       | Entry for principal HTTP/2d05c621100b@EXAMPLE.COM with kvno 2, encryption type aes128-cts-hmac-sha1-96 added to keytab WRFILE:/data/HTTP.2d05c621100b.keytab.
datanode_3  | 2021-04-22 10:37:09,274 [pool-20-thread-1] INFO server.RaftServerConfigKeys: raft.server.rpc.timeout.max = 5200ms (custom)
datanode_3  | 2021-04-22 10:37:09,274 [pool-20-thread-1] INFO server.RaftServerConfigKeys: raft.server.rpc.sleep.time = 25ms (default)
scm_1       | 2021-04-22 10:36:13,312 [Socket Reader #1 for port 9961] INFO ipc.Server: Auth successful for HTTP/scm@EXAMPLE.COM (auth:KERBEROS) from 172.18.0.2:40123
scm_1       | 2021-04-22 10:36:13,378 [Socket Reader #1 for port 9961] INFO authorize.ServiceAuthorizationManager: Authorization successful for HTTP/scm@EXAMPLE.COM (auth:KERBEROS) for protocol=interface org.apache.hadoop.hdds.protocol.SCMSecurityProtocol
datanode_2  | 2021-04-22 10:37:02,191 [23795da9-c22e-4af7-ac42-a3d892105df6@group-4A6AB0FC1966-LeaderElection3] INFO server.RaftServer$Division: 23795da9-c22e-4af7-ac42-a3d892105df6@group-4A6AB0FC1966: change Leader from null to 23795da9-c22e-4af7-ac42-a3d892105df6 at term 4 for becomeLeader, leader elected after 21958ms
datanode_2  | 2021-04-22 10:37:02,191 [23795da9-c22e-4af7-ac42-a3d892105df6@group-4A6AB0FC1966-LeaderElection3] INFO server.RaftServerConfigKeys: raft.server.staging.catchup.gap = 1000 (default)
kdc_1       | Apr 22 10:35:30 kdc krb5kdc[8](info): AS_REQ (8 etypes {18 17 20 19 16 23 25 26}) 172.18.0.2: ISSUE: authtime 1619087730, etypes {rep=18 tkt=18 ses=18}, HTTP/scm@EXAMPLE.COM for krbtgt/EXAMPLE.COM@EXAMPLE.COM
kdc_1       | Apr 22 10:35:30 kdc krb5kdc[8](info): AS_REQ (8 etypes {18 17 20 19 16 23 25 26}) 127.0.0.1: SERVER_NOT_FOUND: admin/admin@EXAMPLE.COM for kadmin/localhost@EXAMPLE.COM, Server not found in Kerberos database
kdc_1       | Apr 22 10:35:30 kdc krb5kdc[8](info): AS_REQ (8 etypes {18 17 20 19 16 23 25 26}) 127.0.0.1: ISSUE: authtime 1619087730, etypes {rep=18 tkt=18 ses=18}, admin/admin@EXAMPLE.COM for kadmin/admin@EXAMPLE.COM
scm_1       | 2021-04-22 10:36:13,409 [Listener at 0.0.0.0/9860] INFO http.HttpRequestLog: Http request log for http.requests.scm is not defined
scm_1       | 2021-04-22 10:36:13,427 [Listener at 0.0.0.0/9860] INFO http.HttpServer2: Added global filter 'safety' (class=org.apache.hadoop.hdds.server.http.HttpServer2$QuotingInputFilter)
scm_1       | 2021-04-22 10:36:13,434 [Listener at 0.0.0.0/9860] INFO http.HttpServer2: Added filter authentication (class=org.apache.hadoop.security.authentication.server.AuthenticationFilter) to context scm
scm_1       | 2021-04-22 10:36:13,445 [Listener at 0.0.0.0/9860] INFO http.HttpServer2: Added filter authentication (class=org.apache.hadoop.security.authentication.server.AuthenticationFilter) to context logs
scm_1       | 2021-04-22 10:36:13,446 [Listener at 0.0.0.0/9860] INFO http.HttpServer2: Added filter authentication (class=org.apache.hadoop.security.authentication.server.AuthenticationFilter) to context static
kdc_1       | Apr 22 10:35:30 kdc krb5kdc[8](info): AS_REQ (8 etypes {18 17 20 19 16 23 25 26}) 127.0.0.1: SERVER_NOT_FOUND: admin/admin@EXAMPLE.COM for kadmin/localhost@EXAMPLE.COM, Server not found in Kerberos database
kdc_1       | Apr 22 10:35:30 kdc krb5kdc[8](info): AS_REQ (8 etypes {18 17 20 19 16 23 25 26}) 127.0.0.1: ISSUE: authtime 1619087730, etypes {rep=18 tkt=18 ses=18}, admin/admin@EXAMPLE.COM for kadmin/admin@EXAMPLE.COM
recon_1     | 2021-04-22 10:37:51,457 [pool-17-thread-1] INFO impl.OzoneManagerServiceProviderImpl: Obtaining delta updates from Ozone Manager
datanode_3  | 2021-04-22 10:37:09,274 [pool-20-thread-1] INFO server.RaftServerConfigKeys: raft.server.rpc.slowness.timeout = 300s (custom)
datanode_3  | 2021-04-22 10:37:09,274 [pool-20-thread-1] INFO server.RaftServerConfigKeys: raft.server.leaderelection.leader.step-down.wait-time = 10s (default)
datanode_3  | 2021-04-22 10:37:09,275 [pool-20-thread-1] INFO server.RaftServerConfigKeys: raft.server.sleep.deviation.threshold = 300ms (default)
datanode_3  | 2021-04-22 10:37:09,275 [pool-20-thread-1] INFO server.RaftServerConfigKeys: raft.server.log.appender.install.snapshot.enabled = false (custom)
datanode_3  | 2021-04-22 10:37:09,275 [pool-20-thread-1] INFO server.RaftServer$Division: 3ca15905-8ba0-4881-b94a-ffd528ee9d1c@group-4A6AB0FC1966: ConfigurationManager, init=-1: [7166edea-d12d-4bc5-9b49-4f3bc5b0982a|rpc:172.18.0.7:9856|admin:172.18.0.7:9857|client:172.18.0.7:9858|priority:0, 3ca15905-8ba0-4881-b94a-ffd528ee9d1c|rpc:172.18.0.9:9856|admin:172.18.0.9:9857|client:172.18.0.9:9858|priority:0, 23795da9-c22e-4af7-ac42-a3d892105df6|rpc:172.18.0.8:9856|admin:172.18.0.8:9857|client:172.18.0.8:9858|priority:1], old=null, confs=<EMPTY_MAP>
datanode_3  | 2021-04-22 10:37:09,275 [pool-20-thread-1] INFO server.RaftServerConfigKeys: raft.server.storage.dir = [/data/metadata/ratis] (custom)
datanode_1  | 2021-04-22 10:36:56,985 [7166edea-d12d-4bc5-9b49-4f3bc5b0982a@group-4A6AB0FC1966-LeaderElection4] INFO server.RaftServer$Division: 7166edea-d12d-4bc5-9b49-4f3bc5b0982a@group-4A6AB0FC1966: changes role from CANDIDATE to FOLLOWER at term 3 for REJECTED
datanode_1  | 2021-04-22 10:36:56,985 [7166edea-d12d-4bc5-9b49-4f3bc5b0982a@group-4A6AB0FC1966-LeaderElection4] INFO impl.RoleInfo: 7166edea-d12d-4bc5-9b49-4f3bc5b0982a: shutdown 7166edea-d12d-4bc5-9b49-4f3bc5b0982a@group-4A6AB0FC1966-LeaderElection4
datanode_1  | 2021-04-22 10:36:56,985 [7166edea-d12d-4bc5-9b49-4f3bc5b0982a@group-4A6AB0FC1966-LeaderElection4] INFO impl.RoleInfo: 7166edea-d12d-4bc5-9b49-4f3bc5b0982a: start 7166edea-d12d-4bc5-9b49-4f3bc5b0982a@group-4A6AB0FC1966-FollowerState
datanode_1  | 2021-04-22 10:37:02,136 [7166edea-d12d-4bc5-9b49-4f3bc5b0982a@group-4A6AB0FC1966-FollowerState] INFO impl.FollowerState: 7166edea-d12d-4bc5-9b49-4f3bc5b0982a@group-4A6AB0FC1966-FollowerState: change to CANDIDATE, lastRpcElapsedTime:5150607364ns, electionTimeout:5150ms
datanode_1  | 2021-04-22 10:37:02,136 [7166edea-d12d-4bc5-9b49-4f3bc5b0982a@group-4A6AB0FC1966-FollowerState] INFO impl.RoleInfo: 7166edea-d12d-4bc5-9b49-4f3bc5b0982a: shutdown 7166edea-d12d-4bc5-9b49-4f3bc5b0982a@group-4A6AB0FC1966-FollowerState
kdc_1       | Apr 22 10:35:30 kdc krb5kdc[8](info): AS_REQ (8 etypes {18 17 20 19 16 23 25 26}) 127.0.0.1: SERVER_NOT_FOUND: admin/admin@EXAMPLE.COM for kadmin/localhost@EXAMPLE.COM, Server not found in Kerberos database
kdc_1       | Apr 22 10:35:30 kdc krb5kdc[8](info): AS_REQ (8 etypes {18 17 20 19 16 23 25 26}) 127.0.0.1: ISSUE: authtime 1619087730, etypes {rep=18 tkt=18 ses=18}, admin/admin@EXAMPLE.COM for kadmin/admin@EXAMPLE.COM
kdc_1       | Apr 22 10:35:30 kdc krb5kdc[8](info): AS_REQ (8 etypes {18 17 20 19 16 23 25 26}) 127.0.0.1: SERVER_NOT_FOUND: admin/admin@EXAMPLE.COM for kadmin/localhost@EXAMPLE.COM, Server not found in Kerberos database
om_1        | 2021-04-22 10:36:48,248 [om1@group-C5BA1605619E-LeaderElection1] INFO server.RaftServerConfigKeys: raft.server.write.byte-limit = 64MB (=67108864) (default)
om_1        | 2021-04-22 10:36:48,255 [om1@group-C5BA1605619E-LeaderElection1] INFO server.RaftServerConfigKeys: raft.server.watch.timeout = 10s (default)
om_1        | 2021-04-22 10:36:48,259 [om1@group-C5BA1605619E-LeaderElection1] INFO server.RaftServerConfigKeys: raft.server.watch.timeout.denomination = 1s (default)
om_1        | 2021-04-22 10:36:48,260 [om1@group-C5BA1605619E-LeaderElection1] INFO server.RaftServerConfigKeys: raft.server.watch.element-limit = 65536 (default)
scm_1       | 2021-04-22 10:36:13,455 [Listener at 0.0.0.0/9860] INFO http.HttpServer2: Initialize spnego with host: 0.0.0.0 userKey: hdds.scm.http.auth.kerberos.principal keytabKey: hdds.scm.http.auth.kerberos.keytab
scm_1       | 2021-04-22 10:36:13,598 [Socket Reader #1 for port 9860] INFO ipc.Server: Auth successful for recon/recon@EXAMPLE.COM (auth:KERBEROS) from 172.18.0.6:43887
scm_1       | 2021-04-22 10:36:13,632 [Socket Reader #1 for port 9860] INFO authorize.ServiceAuthorizationManager: Authorization successful for recon/recon@EXAMPLE.COM (auth:KERBEROS) for protocol=interface org.apache.hadoop.hdds.scm.protocol.StorageContainerLocationProtocol
scm_1       | 2021-04-22 10:36:13,652 [IPC Server handler 1 on default port 9961] INFO server.SCMSecurityProtocolServer: Processing CSR for dn 2d05c621100b, UUID: 7166edea-d12d-4bc5-9b49-4f3bc5b0982a
kdc_1       | Apr 22 10:35:30 kdc krb5kdc[8](info): AS_REQ (8 etypes {18 17 20 19 16 23 25 26}) 127.0.0.1: ISSUE: authtime 1619087730, etypes {rep=18 tkt=18 ses=18}, admin/admin@EXAMPLE.COM for kadmin/admin@EXAMPLE.COM
kdc_1       | Apr 22 10:35:30 kdc krb5kdc[8](info): AS_REQ (8 etypes {18 17 20 19 16 23 25 26}) 127.0.0.1: SERVER_NOT_FOUND: admin/admin@EXAMPLE.COM for kadmin/localhost@EXAMPLE.COM, Server not found in Kerberos database
kdc_1       | Apr 22 10:35:30 kdc krb5kdc[8](info): AS_REQ (8 etypes {18 17 20 19 16 23 25 26}) 127.0.0.1: ISSUE: authtime 1619087730, etypes {rep=18 tkt=18 ses=18}, admin/admin@EXAMPLE.COM for kadmin/admin@EXAMPLE.COM
kdc_1       | Apr 22 10:35:30 kdc krb5kdc[8](info): AS_REQ (8 etypes {18 17 20 19 16 23 25 26}) 127.0.0.1: SERVER_NOT_FOUND: admin/admin@EXAMPLE.COM for kadmin/localhost@EXAMPLE.COM, Server not found in Kerberos database
datanode_1  | 2021-04-22 10:37:02,136 [7166edea-d12d-4bc5-9b49-4f3bc5b0982a@group-4A6AB0FC1966-FollowerState] INFO server.RaftServer$Division: 7166edea-d12d-4bc5-9b49-4f3bc5b0982a@group-4A6AB0FC1966: changes role from  FOLLOWER to CANDIDATE at term 3 for changeToCandidate
datanode_1  | 2021-04-22 10:37:02,137 [7166edea-d12d-4bc5-9b49-4f3bc5b0982a@group-4A6AB0FC1966-FollowerState] INFO server.RaftServerConfigKeys: raft.server.leaderelection.pre-vote = false (custom)
datanode_1  | 2021-04-22 10:37:02,137 [7166edea-d12d-4bc5-9b49-4f3bc5b0982a@group-4A6AB0FC1966-FollowerState] INFO impl.RoleInfo: 7166edea-d12d-4bc5-9b49-4f3bc5b0982a: start 7166edea-d12d-4bc5-9b49-4f3bc5b0982a@group-4A6AB0FC1966-LeaderElection5
datanode_2  | 2021-04-22 10:37:02,191 [23795da9-c22e-4af7-ac42-a3d892105df6@group-4A6AB0FC1966-LeaderElection3] INFO metrics.RatisMetrics: Creating Metrics Registry : ratis.log_appender.23795da9-c22e-4af7-ac42-a3d892105df6@group-4A6AB0FC1966
datanode_2  | 2021-04-22 10:37:02,192 [23795da9-c22e-4af7-ac42-a3d892105df6@group-4A6AB0FC1966-LeaderElection3] INFO server.RaftServerConfigKeys: raft.server.write.element-limit = 1024 (custom)
datanode_2  | 2021-04-22 10:37:02,192 [23795da9-c22e-4af7-ac42-a3d892105df6@group-4A6AB0FC1966-LeaderElection3] INFO server.RaftServerConfigKeys: raft.server.write.byte-limit = 1073741824 (custom)
datanode_2  | 2021-04-22 10:37:02,192 [23795da9-c22e-4af7-ac42-a3d892105df6@group-4A6AB0FC1966-LeaderElection3] INFO server.RaftServerConfigKeys: raft.server.watch.timeout = 180s (custom)
datanode_2  | 2021-04-22 10:37:02,192 [23795da9-c22e-4af7-ac42-a3d892105df6@group-4A6AB0FC1966-LeaderElection3] INFO server.RaftServerConfigKeys: raft.server.watch.timeout.denomination = 1s (default)
datanode_2  | 2021-04-22 10:37:02,192 [23795da9-c22e-4af7-ac42-a3d892105df6@group-4A6AB0FC1966-LeaderElection3] INFO server.RaftServerConfigKeys: raft.server.watch.element-limit = 65536 (default)
datanode_2  | 2021-04-22 10:37:02,219 [23795da9-c22e-4af7-ac42-a3d892105df6@group-4A6AB0FC1966-LeaderElection3] INFO server.RaftServerConfigKeys: raft.server.log.appender.snapshot.chunk.size.max = 16MB (=16777216) (default)
datanode_2  | 2021-04-22 10:37:02,221 [23795da9-c22e-4af7-ac42-a3d892105df6@group-4A6AB0FC1966-LeaderElection3] INFO server.RaftServerConfigKeys: raft.server.log.appender.buffer.byte-limit = 33554432 (custom)
datanode_2  | 2021-04-22 10:37:02,222 [23795da9-c22e-4af7-ac42-a3d892105df6@group-4A6AB0FC1966-LeaderElection3] INFO server.RaftServerConfigKeys: raft.server.log.appender.buffer.element-limit = 1 (custom)
datanode_2  | 2021-04-22 10:37:02,225 [23795da9-c22e-4af7-ac42-a3d892105df6@group-4A6AB0FC1966-LeaderElection3] INFO grpc.GrpcConfigKeys: raft.grpc.server.leader.outstanding.appends.max = 128 (default)
datanode_2  | 2021-04-22 10:37:02,234 [23795da9-c22e-4af7-ac42-a3d892105df6@group-4A6AB0FC1966-LeaderElection3] INFO server.RaftServerConfigKeys: raft.server.rpc.request.timeout = 60s (custom)
datanode_2  | 2021-04-22 10:37:02,234 [23795da9-c22e-4af7-ac42-a3d892105df6@group-4A6AB0FC1966-LeaderElection3] INFO server.RaftServerConfigKeys: raft.server.log.appender.install.snapshot.enabled = false (custom)
datanode_2  | 2021-04-22 10:37:02,246 [23795da9-c22e-4af7-ac42-a3d892105df6@group-4A6AB0FC1966-LeaderElection3] INFO metrics.RatisMetrics: Creating Metrics Registry : ratis_grpc.log_appender.23795da9-c22e-4af7-ac42-a3d892105df6@group-4A6AB0FC1966
datanode_2  | 2021-04-22 10:37:02,342 [23795da9-c22e-4af7-ac42-a3d892105df6@group-4A6AB0FC1966-LeaderElection3] INFO server.RaftServerConfigKeys: raft.server.log.appender.snapshot.chunk.size.max = 16MB (=16777216) (default)
datanode_2  | 2021-04-22 10:37:02,357 [23795da9-c22e-4af7-ac42-a3d892105df6@group-4A6AB0FC1966-LeaderElection3] INFO server.RaftServerConfigKeys: raft.server.log.appender.buffer.byte-limit = 33554432 (custom)
datanode_2  | 2021-04-22 10:37:02,357 [23795da9-c22e-4af7-ac42-a3d892105df6@group-4A6AB0FC1966-LeaderElection3] INFO server.RaftServerConfigKeys: raft.server.log.appender.buffer.element-limit = 1 (custom)
datanode_2  | 2021-04-22 10:37:02,359 [23795da9-c22e-4af7-ac42-a3d892105df6@group-4A6AB0FC1966-LeaderElection3] INFO grpc.GrpcConfigKeys: raft.grpc.server.leader.outstanding.appends.max = 128 (default)
datanode_2  | 2021-04-22 10:37:02,359 [23795da9-c22e-4af7-ac42-a3d892105df6@group-4A6AB0FC1966-LeaderElection3] INFO server.RaftServerConfigKeys: raft.server.rpc.request.timeout = 60s (custom)
datanode_2  | 2021-04-22 10:37:02,359 [23795da9-c22e-4af7-ac42-a3d892105df6@group-4A6AB0FC1966-LeaderElection3] INFO server.RaftServerConfigKeys: raft.server.log.appender.install.snapshot.enabled = false (custom)
datanode_2  | 2021-04-22 10:37:02,361 [23795da9-c22e-4af7-ac42-a3d892105df6@group-4A6AB0FC1966-LeaderElection3] INFO impl.RoleInfo: 23795da9-c22e-4af7-ac42-a3d892105df6: start 23795da9-c22e-4af7-ac42-a3d892105df6@group-4A6AB0FC1966-LeaderStateImpl
datanode_2  | 2021-04-22 10:37:02,362 [23795da9-c22e-4af7-ac42-a3d892105df6@group-4A6AB0FC1966-LeaderElection3] INFO segmented.SegmentedRaftLogWorker: 23795da9-c22e-4af7-ac42-a3d892105df6@group-4A6AB0FC1966-SegmentedRaftLogWorker: Starting segment from index:0
datanode_2  | 2021-04-22 10:37:02,366 [23795da9-c22e-4af7-ac42-a3d892105df6@group-4A6AB0FC1966-SegmentedRaftLogWorker] INFO segmented.SegmentedRaftLogWorker: 23795da9-c22e-4af7-ac42-a3d892105df6@group-4A6AB0FC1966-SegmentedRaftLogWorker: created new log segment /data/metadata/ratis/068f90e4-52d4-454b-b6ca-4a6ab0fc1966/current/log_inprogress_0
datanode_2  | 2021-04-22 10:37:02,390 [23795da9-c22e-4af7-ac42-a3d892105df6@group-4A6AB0FC1966-LeaderElection3] INFO server.RaftServer$Division: 23795da9-c22e-4af7-ac42-a3d892105df6@group-4A6AB0FC1966: set configuration 0: [7166edea-d12d-4bc5-9b49-4f3bc5b0982a|rpc:172.18.0.7:9856|admin:172.18.0.7:9857|client:172.18.0.7:9858|dataStream:|priority:0, 3ca15905-8ba0-4881-b94a-ffd528ee9d1c|rpc:172.18.0.9:9856|admin:172.18.0.9:9857|client:172.18.0.9:9858|dataStream:|priority:0, 23795da9-c22e-4af7-ac42-a3d892105df6|rpc:172.18.0.8:9856|admin:172.18.0.8:9857|client:172.18.0.8:9858|dataStream:|priority:1], old=null
datanode_2  | 2021-04-22 10:37:10,084 [grpc-default-executor-0] INFO leader.FollowerInfo: 23795da9-c22e-4af7-ac42-a3d892105df6@group-4A6AB0FC1966->3ca15905-8ba0-4881-b94a-ffd528ee9d1c: nextIndex: updateUnconditionally 1 -> 0
datanode_2  | 2021-04-22 10:37:30,430 [ChunkWriter-6-0] INFO client.DNCertificateClient: Getting certificate with certSerialId:370918566262.
datanode_2  | 2021-04-22 10:38:10,085 [java.util.concurrent.ThreadPoolExecutor$Worker@3e66f85a[State = -1, empty queue]] WARN server.GrpcLogAppender: 23795da9-c22e-4af7-ac42-a3d892105df6@group-4A6AB0FC1966->3ca15905-8ba0-4881-b94a-ffd528ee9d1c-GrpcLogAppender:  appendEntries Timeout, request=AppendEntriesRequest:cid=6,entriesCount=1,lastEntry=(t:4, i:0)
datanode_2  | 2021-04-22 10:38:30,358 [java.util.concurrent.ThreadPoolExecutor$Worker@3e66f85a[State = -1, empty queue]] WARN server.GrpcLogAppender: 23795da9-c22e-4af7-ac42-a3d892105df6@group-4A6AB0FC1966->3ca15905-8ba0-4881-b94a-ffd528ee9d1c-GrpcLogAppender:  appendEntries Timeout, request=AppendEntriesRequest:cid=261,entriesCount=1,lastEntry=(t:4, i:1)
datanode_2  | 2021-04-22 10:38:30,417 [java.util.concurrent.ThreadPoolExecutor$Worker@3e66f85a[State = -1, empty queue]] WARN server.GrpcLogAppender: 23795da9-c22e-4af7-ac42-a3d892105df6@group-4A6AB0FC1966->3ca15905-8ba0-4881-b94a-ffd528ee9d1c-GrpcLogAppender:  appendEntries Timeout, request=AppendEntriesRequest:cid=262,entriesCount=1,lastEntry=(t:4, i:2)
datanode_2  | 2021-04-22 10:38:32,272 [java.util.concurrent.ThreadPoolExecutor$Worker@3e66f85a[State = -1, empty queue]] WARN server.GrpcLogAppender: 23795da9-c22e-4af7-ac42-a3d892105df6@group-4A6AB0FC1966->3ca15905-8ba0-4881-b94a-ffd528ee9d1c-GrpcLogAppender:  appendEntries Timeout, request=AppendEntriesRequest:cid=263,entriesCount=1,lastEntry=(t:4, i:3)
datanode_2  | 2021-04-22 10:38:32,306 [java.util.concurrent.ThreadPoolExecutor$Worker@3e66f85a[State = -1, empty queue]] WARN server.GrpcLogAppender: 23795da9-c22e-4af7-ac42-a3d892105df6@group-4A6AB0FC1966->3ca15905-8ba0-4881-b94a-ffd528ee9d1c-GrpcLogAppender:  appendEntries Timeout, request=AppendEntriesRequest:cid=266,entriesCount=1,lastEntry=(t:4, i:4)
datanode_2  | 2021-04-22 10:38:34,960 [java.util.concurrent.ThreadPoolExecutor$Worker@3e66f85a[State = -1, empty queue]] WARN server.GrpcLogAppender: 23795da9-c22e-4af7-ac42-a3d892105df6@group-4A6AB0FC1966->3ca15905-8ba0-4881-b94a-ffd528ee9d1c-GrpcLogAppender:  appendEntries Timeout, request=AppendEntriesRequest:cid=516,entriesCount=1,lastEntry=(t:4, i:5)
datanode_2  | 2021-04-22 10:38:34,992 [java.util.concurrent.ThreadPoolExecutor$Worker@3e66f85a[State = -1, empty queue]] WARN server.GrpcLogAppender: 23795da9-c22e-4af7-ac42-a3d892105df6@group-4A6AB0FC1966->3ca15905-8ba0-4881-b94a-ffd528ee9d1c-GrpcLogAppender:  appendEntries Timeout, request=AppendEntriesRequest:cid=517,entriesCount=1,lastEntry=(t:4, i:6)
datanode_2  | 2021-04-22 10:38:34,992 [java.util.concurrent.ThreadPoolExecutor$Worker@3e66f85a[State = -1, empty queue]] WARN server.GrpcLogAppender: 23795da9-c22e-4af7-ac42-a3d892105df6@group-4A6AB0FC1966->3ca15905-8ba0-4881-b94a-ffd528ee9d1c-GrpcLogAppender:  appendEntries Timeout, request=AppendEntriesRequest:cid=518,entriesCount=1,lastEntry=(t:4, i:7)
recon_1     | 2021-04-22 10:37:51,490 [pool-17-thread-1] INFO impl.OzoneManagerServiceProviderImpl: Number of updates received from OM : 45
recon_1     | 2021-04-22 10:37:51,665 [pool-18-thread-1] INFO tasks.TableCountTask: Completed a 'process' run of TableCountTask.
recon_1     | 2021-04-22 10:37:51,681 [pool-18-thread-1] INFO tasks.ContainerKeyMapperTask: ContainerKeyMapperTask successfully processed 7 OM DB update event(s).
recon_1     | 2021-04-22 10:37:51,725 [pool-18-thread-1] INFO tasks.FileSizeCountTask: Completed a 'process' run of FileSizeCountTask.
recon_1     | 2021-04-22 10:38:01,411 [Socket Reader #1 for port 9891] INFO ipc.Server: Auth successful for dn/6d3911331668@EXAMPLE.COM (auth:KERBEROS) from 172.18.0.8:44015
recon_1     | 2021-04-22 10:38:01,432 [Socket Reader #1 for port 9891] INFO authorize.ServiceAuthorizationManager: Authorization successful for dn/6d3911331668@EXAMPLE.COM (auth:KERBEROS) for protocol=interface org.apache.hadoop.ozone.protocol.ReconDatanodeProtocol
recon_1     | 2021-04-22 10:38:02,051 [Socket Reader #1 for port 9891] INFO ipc.Server: Auth successful for dn/2d05c621100b@EXAMPLE.COM (auth:KERBEROS) from 172.18.0.7:39847
recon_1     | 2021-04-22 10:38:02,060 [Socket Reader #1 for port 9891] INFO ipc.Server: Auth successful for dn/77e6e5602285@EXAMPLE.COM (auth:KERBEROS) from 172.18.0.9:41935
recon_1     | 2021-04-22 10:38:02,063 [Socket Reader #1 for port 9891] INFO authorize.ServiceAuthorizationManager: Authorization successful for dn/2d05c621100b@EXAMPLE.COM (auth:KERBEROS) for protocol=interface org.apache.hadoop.ozone.protocol.ReconDatanodeProtocol
recon_1     | 2021-04-22 10:38:02,076 [Socket Reader #1 for port 9891] INFO authorize.ServiceAuthorizationManager: Authorization successful for dn/77e6e5602285@EXAMPLE.COM (auth:KERBEROS) for protocol=interface org.apache.hadoop.ozone.protocol.ReconDatanodeProtocol
recon_1     | 2021-04-22 10:38:31,424 [Socket Reader #1 for port 9891] INFO ipc.Server: Auth successful for dn/6d3911331668@EXAMPLE.COM (auth:KERBEROS) from 172.18.0.8:38303
recon_1     | 2021-04-22 10:38:31,440 [Socket Reader #1 for port 9891] INFO authorize.ServiceAuthorizationManager: Authorization successful for dn/6d3911331668@EXAMPLE.COM (auth:KERBEROS) for protocol=interface org.apache.hadoop.ozone.protocol.ReconDatanodeProtocol
recon_1     | 2021-04-22 10:38:31,995 [Socket Reader #1 for port 9891] INFO ipc.Server: Auth successful for dn/2d05c621100b@EXAMPLE.COM (auth:KERBEROS) from 172.18.0.7:44307
recon_1     | 2021-04-22 10:38:32,019 [Socket Reader #1 for port 9891] INFO authorize.ServiceAuthorizationManager: Authorization successful for dn/2d05c621100b@EXAMPLE.COM (auth:KERBEROS) for protocol=interface org.apache.hadoop.ozone.protocol.ReconDatanodeProtocol
recon_1     | 2021-04-22 10:38:32,039 [Socket Reader #1 for port 9891] INFO ipc.Server: Auth successful for dn/77e6e5602285@EXAMPLE.COM (auth:KERBEROS) from 172.18.0.9:37675
recon_1     | 2021-04-22 10:38:32,057 [Socket Reader #1 for port 9891] INFO authorize.ServiceAuthorizationManager: Authorization successful for dn/77e6e5602285@EXAMPLE.COM (auth:KERBEROS) for protocol=interface org.apache.hadoop.ozone.protocol.ReconDatanodeProtocol
recon_1     | 2021-04-22 10:38:51,734 [pool-17-thread-1] INFO impl.OzoneManagerServiceProviderImpl: Syncing data from Ozone Manager.
recon_1     | 2021-04-22 10:38:51,735 [pool-17-thread-1] INFO impl.OzoneManagerServiceProviderImpl: Obtaining delta updates from Ozone Manager
recon_1     | 2021-04-22 10:38:51,767 [pool-17-thread-1] INFO impl.OzoneManagerServiceProviderImpl: Number of updates received from OM : 46
recon_1     | 2021-04-22 10:38:51,876 [pool-18-thread-1] INFO tasks.TableCountTask: Completed a 'process' run of TableCountTask.
recon_1     | 2021-04-22 10:38:51,882 [pool-18-thread-1] INFO tasks.ContainerKeyMapperTask: ContainerKeyMapperTask successfully processed 23 OM DB update event(s).
recon_1     | 2021-04-22 10:38:51,970 [pool-18-thread-1] INFO tasks.FileSizeCountTask: Completed a 'process' run of FileSizeCountTask.
om_1        | 2021-04-22 10:36:48,272 [om1@group-C5BA1605619E-LeaderElection1] INFO impl.RoleInfo: om1: start om1@group-C5BA1605619E-LeaderStateImpl
om_1        | 2021-04-22 10:36:48,351 [om1@group-C5BA1605619E-LeaderElection1] INFO segmented.SegmentedRaftLogWorker: om1@group-C5BA1605619E-SegmentedRaftLogWorker: Starting segment from index:0
om_1        | 2021-04-22 10:36:48,424 [om1@group-C5BA1605619E-LeaderElection1] INFO server.RaftServer$Division: om1@group-C5BA1605619E: set configuration 0: [om1|rpc:om:9872|admin:|client:|dataStream:|priority:0], old=null
om_1        | 2021-04-22 10:36:48,563 [om1@group-C5BA1605619E-SegmentedRaftLogWorker] INFO segmented.SegmentedRaftLogWorker: om1@group-C5BA1605619E-SegmentedRaftLogWorker: created new log segment /data/metadata/ratis/bf265839-605b-3f16-9796-c5ba1605619e/current/log_inprogress_0
om_1        | 2021-04-22 10:36:49,461 [Socket Reader #1 for port 9862] INFO ipc.Server: Auth successful for recon/recon@EXAMPLE.COM (auth:KERBEROS) from 172.18.0.6:46353
om_1        | 2021-04-22 10:36:49,466 [Socket Reader #1 for port 9862] INFO authorize.ServiceAuthorizationManager: Authorization successful for recon/recon@EXAMPLE.COM (auth:KERBEROS) for protocol=interface org.apache.hadoop.ozone.om.protocol.OzoneManagerProtocol
om_1        | 2021-04-22 10:36:51,098 [qtp1729454521-45] INFO utils.DBCheckpointServlet: Received request to obtain DB checkpoint snapshot
scm_1       | 2021-04-22 10:36:13,647 [IPC Server handler 0 on default port 9961] INFO server.SCMSecurityProtocolServer: Processing CSR for dn 77e6e5602285, UUID: 3ca15905-8ba0-4881-b94a-ffd528ee9d1c
scm_1       | 2021-04-22 10:36:13,685 [Listener at 0.0.0.0/9860] INFO http.HttpServer2: Jetty bound to port 9876
scm_1       | 2021-04-22 10:36:13,687 [Listener at 0.0.0.0/9860] INFO server.Server: jetty-9.4.35.v20201120; built: 2020-11-20T21:17:03.964Z; git: bdc54f03a5e0a7e280fab27f55c3c75ee8da89fb; jvm 11.0.10+9-LTS
datanode_3  | 2021-04-22 10:37:09,276 [pool-20-thread-1] INFO server.RaftServerConfigKeys: raft.server.log.corruption.policy = EXCEPTION (default)
datanode_3  | 2021-04-22 10:37:09,276 [pool-20-thread-1] INFO storage.RaftStorageDirectory: The storage directory /data/metadata/ratis/068f90e4-52d4-454b-b6ca-4a6ab0fc1966 does not exist. Creating ...
om_1        | 2021-04-22 10:36:51,111 [qtp1729454521-45] INFO db.RDBCheckpointManager: Created checkpoint at /data/metadata/db.checkpoints/om.db_checkpoint_1619087811098 in 13 milliseconds
datanode_1  | 2021-04-22 10:37:02,143 [grpc-default-executor-0] INFO server.RaftServer$Division: 7166edea-d12d-4bc5-9b49-4f3bc5b0982a@group-4A6AB0FC1966: receive requestVote(ELECTION, 23795da9-c22e-4af7-ac42-a3d892105df6, group-4A6AB0FC1966, 4, (t:0, i:0))
kdc_1       | Apr 22 10:35:30 kdc krb5kdc[8](info): AS_REQ (8 etypes {18 17 20 19 16 23 25 26}) 127.0.0.1: ISSUE: authtime 1619087730, etypes {rep=18 tkt=18 ses=18}, admin/admin@EXAMPLE.COM for kadmin/admin@EXAMPLE.COM
kdc_1       | Apr 22 10:35:30 kdc krb5kdc[8](info): AS_REQ (8 etypes {18 17 20 19 16 23 25 26}) 127.0.0.1: SERVER_NOT_FOUND: admin/admin@EXAMPLE.COM for kadmin/localhost@EXAMPLE.COM, Server not found in Kerberos database
kdc_1       | Apr 22 10:35:30 kdc krb5kdc[8](info): AS_REQ (8 etypes {18 17 20 19 16 23 25 26}) 127.0.0.1: ISSUE: authtime 1619087730, etypes {rep=18 tkt=18 ses=18}, admin/admin@EXAMPLE.COM for kadmin/admin@EXAMPLE.COM
kdc_1       | Apr 22 10:35:30 kdc krb5kdc[8](info): AS_REQ (8 etypes {18 17 20 19 16 23 25 26}) 127.0.0.1: SERVER_NOT_FOUND: admin/admin@EXAMPLE.COM for kadmin/localhost@EXAMPLE.COM, Server not found in Kerberos database
kdc_1       | Apr 22 10:35:30 kdc krb5kdc[8](info): AS_REQ (8 etypes {18 17 20 19 16 23 25 26}) 127.0.0.1: ISSUE: authtime 1619087730, etypes {rep=18 tkt=18 ses=18}, admin/admin@EXAMPLE.COM for kadmin/admin@EXAMPLE.COM
datanode_1  | 2021-04-22 10:37:02,144 [grpc-default-executor-0] INFO impl.VoteContext: 7166edea-d12d-4bc5-9b49-4f3bc5b0982a@group-4A6AB0FC1966-CANDIDATE: accept ELECTION from 23795da9-c22e-4af7-ac42-a3d892105df6: our priority 0 <= candidate's priority 1
datanode_3  | 2021-04-22 10:37:09,279 [pool-20-thread-1] INFO storage.RaftStorageDirectory: Lock on /data/metadata/ratis/068f90e4-52d4-454b-b6ca-4a6ab0fc1966/in_use.lock acquired by nodename 9@77e6e5602285
datanode_3  | 2021-04-22 10:37:09,282 [pool-20-thread-1] INFO storage.RaftStorage: Storage directory /data/metadata/ratis/068f90e4-52d4-454b-b6ca-4a6ab0fc1966 has been successfully formatted.
datanode_3  | 2021-04-22 10:37:09,286 [pool-20-thread-1] INFO ratis.ContainerStateMachine: group-4A6AB0FC1966: The snapshot info is null. Setting the last applied indexto:(t:0, i:~)
scm_1       | 2021-04-22 10:36:13,851 [Listener at 0.0.0.0/9860] INFO server.session: DefaultSessionIdManager workerName=node0
scm_1       | 2021-04-22 10:36:13,861 [Listener at 0.0.0.0/9860] INFO server.session: No SessionScavenger set, using defaults
scm_1       | 2021-04-22 10:36:13,862 [Listener at 0.0.0.0/9860] INFO server.session: node0 Scavenging every 660000ms
datanode_1  | 2021-04-22 10:37:02,144 [grpc-default-executor-0] INFO server.RaftServer$Division: 7166edea-d12d-4bc5-9b49-4f3bc5b0982a@group-4A6AB0FC1966: changes role from CANDIDATE to FOLLOWER at term 4 for candidate:23795da9-c22e-4af7-ac42-a3d892105df6
datanode_1  | 2021-04-22 10:37:02,144 [grpc-default-executor-0] INFO impl.RoleInfo: 7166edea-d12d-4bc5-9b49-4f3bc5b0982a: shutdown 7166edea-d12d-4bc5-9b49-4f3bc5b0982a@group-4A6AB0FC1966-LeaderElection5
datanode_3  | 2021-04-22 10:37:09,288 [pool-20-thread-1] INFO server.RaftServerConfigKeys: raft.server.notification.no-leader.timeout = 300s (custom)
datanode_3  | 2021-04-22 10:37:09,289 [pool-20-thread-1] INFO server.RaftServerConfigKeys: raft.server.log.use.memory = false (default)
datanode_3  | 2021-04-22 10:37:09,289 [pool-20-thread-1] INFO server.RaftServerConfigKeys: raft.server.log.purge.gap = 1000000 (custom)
kdc_1       | Apr 22 10:35:30 kdc krb5kdc[8](info): AS_REQ (8 etypes {18 17 20 19 16 23 25 26}) 127.0.0.1: SERVER_NOT_FOUND: admin/admin@EXAMPLE.COM for kadmin/localhost@EXAMPLE.COM, Server not found in Kerberos database
kdc_1       | Apr 22 10:35:30 kdc krb5kdc[8](info): AS_REQ (8 etypes {18 17 20 19 16 23 25 26}) 127.0.0.1: ISSUE: authtime 1619087730, etypes {rep=18 tkt=18 ses=18}, admin/admin@EXAMPLE.COM for kadmin/admin@EXAMPLE.COM
kdc_1       | Apr 22 10:35:30 kdc krb5kdc[8](info): AS_REQ (8 etypes {18 17 20 19 16 23 25 26}) 127.0.0.1: SERVER_NOT_FOUND: admin/admin@EXAMPLE.COM for kadmin/localhost@EXAMPLE.COM, Server not found in Kerberos database
kdc_1       | Apr 22 10:35:30 kdc krb5kdc[8](info): AS_REQ (8 etypes {18 17 20 19 16 23 25 26}) 127.0.0.1: ISSUE: authtime 1619087730, etypes {rep=18 tkt=18 ses=18}, admin/admin@EXAMPLE.COM for kadmin/admin@EXAMPLE.COM
datanode_3  | 2021-04-22 10:37:09,290 [pool-20-thread-1] INFO server.RaftServerConfigKeys: raft.server.log.appender.buffer.byte-limit = 33554432 (custom)
datanode_1  | 2021-04-22 10:37:02,144 [grpc-default-executor-0] INFO impl.RoleInfo: 7166edea-d12d-4bc5-9b49-4f3bc5b0982a: start 7166edea-d12d-4bc5-9b49-4f3bc5b0982a@group-4A6AB0FC1966-FollowerState
om_1        | 2021-04-22 10:36:51,154 [qtp1729454521-45] INFO utils.DBCheckpointServlet: Time taken to write the checkpoint to response output stream: 40 milliseconds
om_1        | 2021-04-22 10:36:51,154 [qtp1729454521-45] INFO db.RocksDBCheckpoint: Cleaning up RocksDB checkpoint at /data/metadata/db.checkpoints/om.db_checkpoint_1619087811098
om_1        | 2021-04-22 10:37:26,263 [Socket Reader #1 for port 9862] INFO ipc.Server: Auth successful for testuser/scm@EXAMPLE.COM (auth:KERBEROS) from 172.18.0.2:35479
kdc_1       | Apr 22 10:35:30 kdc kadmind[24](Notice): Request: kadm5_init, admin/admin@EXAMPLE.COM, success, client=admin/admin@EXAMPLE.COM, service=kadmin/admin@EXAMPLE.COM, addr=127.0.0.1, vers=4, flavor=6
kdc_1       | Apr 22 10:35:30 kdc kadmind[24](Notice): Request: kadm5_get_policy, default, Policy does not exist, client=admin/admin@EXAMPLE.COM, service=kadmin/admin@EXAMPLE.COM, addr=127.0.0.1
scm_1       | 2021-04-22 10:36:13,978 [Listener at 0.0.0.0/9860] INFO server.KerberosAuthenticationHandler: Using keytab /etc/security/keytabs/HTTP.keytab, for principal HTTP/scm@EXAMPLE.COM
scm_1       | 2021-04-22 10:36:14,013 [Listener at 0.0.0.0/9860] INFO handler.ContextHandler: Started o.e.j.s.ServletContextHandler@b889cb6{logs,/logs,file:///var/log/hadoop/,AVAILABLE}
scm_1       | 2021-04-22 10:36:14,014 [Listener at 0.0.0.0/9860] INFO handler.ContextHandler: Started o.e.j.s.ServletContextHandler@3702d0ed{static,/static,jar:file:/opt/hadoop/share/ozone/lib/hadoop-hdds-server-scm-1.2.0-SNAPSHOT.jar!/webapps/static,AVAILABLE}
scm_1       | 2021-04-22 10:36:14,386 [IPC Server handler 1 on default port 9961] INFO server.SCMSecurityProtocolServer: Processing CSR for dn 6d3911331668, UUID: 23795da9-c22e-4af7-ac42-a3d892105df6
scm_1       | 2021-04-22 10:36:14,561 [Listener at 0.0.0.0/9860] INFO server.KerberosAuthenticationHandler: Using keytab /etc/security/keytabs/HTTP.keytab, for principal HTTP/scm@EXAMPLE.COM
datanode_1  | 2021-04-22 10:37:02,154 [grpc-default-executor-0] INFO server.RaftServer$Division: 7166edea-d12d-4bc5-9b49-4f3bc5b0982a@group-4A6AB0FC1966 replies to ELECTION vote request: 23795da9-c22e-4af7-ac42-a3d892105df6<-7166edea-d12d-4bc5-9b49-4f3bc5b0982a#0:OK-t4. Peer's state: 7166edea-d12d-4bc5-9b49-4f3bc5b0982a@group-4A6AB0FC1966:t4, leader=null, voted=23795da9-c22e-4af7-ac42-a3d892105df6, raftlog=7166edea-d12d-4bc5-9b49-4f3bc5b0982a@group-4A6AB0FC1966-SegmentedRaftLog:OPENED:c-1,f-1,i0, conf=-1: [7166edea-d12d-4bc5-9b49-4f3bc5b0982a|rpc:172.18.0.7:9856|admin:172.18.0.7:9857|client:172.18.0.7:9858|priority:0, 3ca15905-8ba0-4881-b94a-ffd528ee9d1c|rpc:172.18.0.9:9856|admin:172.18.0.9:9857|client:172.18.0.9:9858|priority:0, 23795da9-c22e-4af7-ac42-a3d892105df6|rpc:172.18.0.8:9856|admin:172.18.0.8:9857|client:172.18.0.8:9858|priority:1], old=null
datanode_1  | 2021-04-22 10:37:02,154 [7166edea-d12d-4bc5-9b49-4f3bc5b0982a@group-4A6AB0FC1966-LeaderElection5] INFO impl.LeaderElection: 7166edea-d12d-4bc5-9b49-4f3bc5b0982a@group-4A6AB0FC1966-LeaderElection5: skip running since this is already CLOSING
datanode_1  | 2021-04-22 10:37:02,434 [grpc-default-executor-0] INFO ratis.XceiverServerRatis: Leader change notification received for group: group-4A6AB0FC1966 with new leaderId: 23795da9-c22e-4af7-ac42-a3d892105df6
datanode_1  | 2021-04-22 10:37:02,443 [grpc-default-executor-0] INFO server.RaftServer$Division: 7166edea-d12d-4bc5-9b49-4f3bc5b0982a@group-4A6AB0FC1966: change Leader from null to 23795da9-c22e-4af7-ac42-a3d892105df6 at term 4 for appendEntries, leader elected after 22451ms
datanode_1  | 2021-04-22 10:37:02,512 [grpc-default-executor-0] INFO server.RaftServer$Division: 7166edea-d12d-4bc5-9b49-4f3bc5b0982a@group-4A6AB0FC1966: set configuration 0: [7166edea-d12d-4bc5-9b49-4f3bc5b0982a|rpc:172.18.0.7:9856|admin:172.18.0.7:9857|client:172.18.0.7:9858|dataStream:|priority:0, 3ca15905-8ba0-4881-b94a-ffd528ee9d1c|rpc:172.18.0.9:9856|admin:172.18.0.9:9857|client:172.18.0.9:9858|dataStream:|priority:0, 23795da9-c22e-4af7-ac42-a3d892105df6|rpc:172.18.0.8:9856|admin:172.18.0.8:9857|client:172.18.0.8:9858|dataStream:|priority:1], old=null
datanode_3  | 2021-04-22 10:37:09,291 [pool-20-thread-1] INFO metrics.RatisMetrics: Creating Metrics Registry : ratis.log_worker.3ca15905-8ba0-4881-b94a-ffd528ee9d1c@group-4A6AB0FC1966
scm_1       | 2021-04-22 10:36:14,667 [Listener at 0.0.0.0/9860] INFO handler.ContextHandler: Started o.e.j.w.WebAppContext@329efc61{scm,/,file:///tmp/jetty-0_0_0_0-9876-hadoop-hdds-server-scm-1_2_0-SNAPSHOT_jar-_-any-17827688542586338914/webapp/,AVAILABLE}{jar:file:/opt/hadoop/share/ozone/lib/hadoop-hdds-server-scm-1.2.0-SNAPSHOT.jar!/webapps/scm}
scm_1       | 2021-04-22 10:36:14,985 [Listener at 0.0.0.0/9860] INFO server.AbstractConnector: Started ServerConnector@7c5c2b17{HTTP/1.1, (http/1.1)}{0.0.0.0:9876}
datanode_1  | 2021-04-22 10:37:02,516 [grpc-default-executor-0] INFO segmented.SegmentedRaftLogWorker: 7166edea-d12d-4bc5-9b49-4f3bc5b0982a@group-4A6AB0FC1966-SegmentedRaftLogWorker: Starting segment from index:0
datanode_3  | 2021-04-22 10:37:09,291 [pool-20-thread-1] INFO server.RaftServerConfigKeys: raft.server.log.segment.size.max = 1048576 (custom)
om_1        | 2021-04-22 10:37:26,280 [Socket Reader #1 for port 9862] INFO authorize.ServiceAuthorizationManager: Authorization successful for testuser/scm@EXAMPLE.COM (auth:KERBEROS) for protocol=interface org.apache.hadoop.ozone.om.protocol.OzoneManagerProtocol
om_1        | 2021-04-22 10:37:27,157 [OM StateMachine ApplyTransaction Thread - 0] INFO volume.OMVolumeCreateRequest: created volume:vol-0-83689 for user:testuser/scm@EXAMPLE.COM
om_1        | 2021-04-22 10:37:27,202 [OM StateMachine ApplyTransaction Thread - 0] INFO volume.OMVolumeCreateRequest: created volume:vol-1-09014 for user:testuser/scm@EXAMPLE.COM
om_1        | 2021-04-22 10:37:27,217 [OM StateMachine ApplyTransaction Thread - 0] INFO volume.OMVolumeCreateRequest: created volume:vol-2-13576 for user:testuser/scm@EXAMPLE.COM
kdc_1       | Apr 22 10:35:30 kdc kadmind[24](Notice): Request: kadm5_create_principal, s3g/s3g@EXAMPLE.COM, success, client=admin/admin@EXAMPLE.COM, service=kadmin/admin@EXAMPLE.COM, addr=127.0.0.1
kdc_1       | Apr 22 10:35:30 kdc kadmind[24](info): closing down fd 18
datanode_3  | 2021-04-22 10:37:09,291 [pool-20-thread-1] INFO server.RaftServerConfigKeys: raft.server.log.segment.cache.num.max = 2 (custom)
datanode_3  | 2021-04-22 10:37:09,291 [pool-20-thread-1] INFO server.RaftServerConfigKeys: raft.server.log.segment.cache.size.max = 200MB (=209715200) (default)
om_1        | 2021-04-22 10:37:27,230 [OM StateMachine ApplyTransaction Thread - 0] INFO volume.OMVolumeCreateRequest: created volume:vol-3-68592 for user:testuser/scm@EXAMPLE.COM
scm_1       | 2021-04-22 10:36:14,985 [Listener at 0.0.0.0/9860] INFO server.Server: Started @9804ms
kdc_1       | Apr 22 10:35:30 kdc kadmind[24](Notice): Request: kadm5_init, admin/admin@EXAMPLE.COM, success, client=admin/admin@EXAMPLE.COM, service=kadmin/admin@EXAMPLE.COM, addr=127.0.0.1, vers=4, flavor=6
kdc_1       | Apr 22 10:35:30 kdc kadmind[24](Notice): Request: kadm5_randkey_principal, s3g/s3g@EXAMPLE.COM, success, client=admin/admin@EXAMPLE.COM, service=kadmin/admin@EXAMPLE.COM, addr=127.0.0.1
kdc_1       | Apr 22 10:35:30 kdc kadmind[24](Notice): Request: kadm5_get_principal, s3g/s3g@EXAMPLE.COM, success, client=admin/admin@EXAMPLE.COM, service=kadmin/admin@EXAMPLE.COM, addr=127.0.0.1
datanode_3  | 2021-04-22 10:37:09,292 [pool-20-thread-1] INFO segmented.SegmentedRaftLogWorker: new 3ca15905-8ba0-4881-b94a-ffd528ee9d1c@group-4A6AB0FC1966-SegmentedRaftLogWorker for RaftStorageImpl:Storage Directory /data/metadata/ratis/068f90e4-52d4-454b-b6ca-4a6ab0fc1966
recon_1     | 2021-04-22 10:39:01,442 [Socket Reader #1 for port 9891] INFO ipc.Server: Auth successful for dn/6d3911331668@EXAMPLE.COM (auth:KERBEROS) from 172.18.0.8:37615
om_1        | 2021-04-22 10:37:27,246 [OM StateMachine ApplyTransaction Thread - 0] INFO volume.OMVolumeCreateRequest: created volume:vol-4-17815 for user:testuser/scm@EXAMPLE.COM
datanode_1  | 2021-04-22 10:37:02,521 [7166edea-d12d-4bc5-9b49-4f3bc5b0982a@group-4A6AB0FC1966-SegmentedRaftLogWorker] INFO segmented.SegmentedRaftLogWorker: 7166edea-d12d-4bc5-9b49-4f3bc5b0982a@group-4A6AB0FC1966-SegmentedRaftLogWorker: created new log segment /data/metadata/ratis/068f90e4-52d4-454b-b6ca-4a6ab0fc1966/current/log_inprogress_0
scm_1       | 2021-04-22 10:36:15,014 [Listener at 0.0.0.0/9860] INFO impl.MetricsSinkAdapter: Sink prometheus started
scm_1       | 2021-04-22 10:36:15,015 [Listener at 0.0.0.0/9860] INFO impl.MetricsSystemImpl: Registered sink prometheus
scm_1       | 2021-04-22 10:36:15,016 [Listener at 0.0.0.0/9860] INFO http.BaseHttpServer: HTTP server of scm listening at http://0.0.0.0:9876
kdc_1       | Apr 22 10:35:30 kdc kadmind[24](info): closing down fd 18
kdc_1       | Apr 22 10:35:30 kdc kadmind[24](Notice): Request: kadm5_init, admin/admin@EXAMPLE.COM, success, client=admin/admin@EXAMPLE.COM, service=kadmin/admin@EXAMPLE.COM, addr=127.0.0.1, vers=4, flavor=6
kdc_1       | Apr 22 10:35:30 kdc kadmind[24](Notice): Request: kadm5_get_policy, default, Policy does not exist, client=admin/admin@EXAMPLE.COM, service=kadmin/admin@EXAMPLE.COM, addr=127.0.0.1
kdc_1       | Apr 22 10:35:30 kdc kadmind[24](Notice): Request: kadm5_create_principal, HTTP/s3g@EXAMPLE.COM, success, client=admin/admin@EXAMPLE.COM, service=kadmin/admin@EXAMPLE.COM, addr=127.0.0.1
datanode_3  | 2021-04-22 10:37:09,294 [pool-20-thread-1] INFO server.RaftServerConfigKeys: raft.server.log.queue.byte-limit = 2147483647 (custom)
datanode_3  | 2021-04-22 10:37:09,294 [pool-20-thread-1] INFO server.RaftServerConfigKeys: raft.server.log.queue.element-limit = 1024 (custom)
datanode_3  | 2021-04-22 10:37:09,294 [pool-20-thread-1] INFO server.RaftServerConfigKeys: raft.server.log.segment.size.max = 1048576 (custom)
datanode_3  | 2021-04-22 10:37:09,295 [pool-20-thread-1] INFO server.RaftServerConfigKeys: raft.server.log.preallocated.size = 16384 (custom)
datanode_1  | 2021-04-22 10:37:30,929 [ChunkWriter-2-0] INFO client.DNCertificateClient: Getting certificate with certSerialId:370918566262.
datanode_1  | 2021-04-22 11:06:15,656 [Periodic HDDS volume checker] INFO volume.ThrottledAsyncChecker: Scheduling a check for /data/hdds/hdds
datanode_1  | 2021-04-22 11:06:15,657 [Periodic HDDS volume checker] INFO volume.HddsVolumeChecker: Scheduled health check for volume /data/hdds/hdds
datanode_1  | 2021-04-22 11:21:15,663 [Periodic HDDS volume checker] INFO volume.ThrottledAsyncChecker: Scheduling a check for /data/hdds/hdds
scm_1       | 2021-04-22 10:36:15,149 [ReplicationMonitor] INFO container.ReplicationManager: Replication Monitor Thread took 5 milliseconds for processing 0 containers.
om_1        | 2021-04-22 10:37:51,476 [Socket Reader #1 for port 9862] INFO ipc.Server: Auth successful for recon/recon@EXAMPLE.COM (auth:KERBEROS) from 172.18.0.6:41797
om_1        | 2021-04-22 10:37:51,480 [Socket Reader #1 for port 9862] INFO authorize.ServiceAuthorizationManager: Authorization successful for recon/recon@EXAMPLE.COM (auth:KERBEROS) for protocol=interface org.apache.hadoop.ozone.om.protocol.OzoneManagerProtocol
om_1        | 2021-04-22 10:38:51,749 [Socket Reader #1 for port 9862] INFO ipc.Server: Auth successful for recon/recon@EXAMPLE.COM (auth:KERBEROS) from 172.18.0.6:41141
om_1        | 2021-04-22 10:38:51,762 [Socket Reader #1 for port 9862] INFO authorize.ServiceAuthorizationManager: Authorization successful for recon/recon@EXAMPLE.COM (auth:KERBEROS) for protocol=interface org.apache.hadoop.ozone.om.protocol.OzoneManagerProtocol
om_1        | 2021-04-22 10:39:51,994 [Socket Reader #1 for port 9862] INFO ipc.Server: Auth successful for recon/recon@EXAMPLE.COM (auth:KERBEROS) from 172.18.0.6:42713
om_1        | 2021-04-22 10:39:51,997 [Socket Reader #1 for port 9862] INFO authorize.ServiceAuthorizationManager: Authorization successful for recon/recon@EXAMPLE.COM (auth:KERBEROS) for protocol=interface org.apache.hadoop.ozone.om.protocol.OzoneManagerProtocol
scm_1       | 2021-04-22 10:36:16,971 [Socket Reader #1 for port 9860] INFO ipc.Server: Auth successful for HTTP/scm@EXAMPLE.COM (auth:KERBEROS) from 172.18.0.2:46711
scm_1       | 2021-04-22 10:36:17,001 [Socket Reader #1 for port 9860] INFO authorize.ServiceAuthorizationManager: Authorization successful for HTTP/scm@EXAMPLE.COM (auth:KERBEROS) for protocol=interface org.apache.hadoop.hdds.scm.protocol.StorageContainerLocationProtocol
scm_1       | 2021-04-22 10:36:20,153 [ReplicationMonitor] INFO container.ReplicationManager: Replication Monitor Thread took 0 milliseconds for processing 0 containers.
scm_1       | 2021-04-22 10:36:20,327 [Socket Reader #1 for port 9961] INFO ipc.Server: Auth successful for om/om@EXAMPLE.COM (auth:KERBEROS) from 172.18.0.5:35121
recon_1     | 2021-04-22 10:39:01,458 [Socket Reader #1 for port 9891] INFO authorize.ServiceAuthorizationManager: Authorization successful for dn/6d3911331668@EXAMPLE.COM (auth:KERBEROS) for protocol=interface org.apache.hadoop.ozone.protocol.ReconDatanodeProtocol
recon_1     | 2021-04-22 10:39:02,015 [Socket Reader #1 for port 9891] INFO ipc.Server: Auth successful for dn/2d05c621100b@EXAMPLE.COM (auth:KERBEROS) from 172.18.0.7:33055
recon_1     | 2021-04-22 10:39:02,028 [Socket Reader #1 for port 9891] INFO authorize.ServiceAuthorizationManager: Authorization successful for dn/2d05c621100b@EXAMPLE.COM (auth:KERBEROS) for protocol=interface org.apache.hadoop.ozone.protocol.ReconDatanodeProtocol
recon_1     | 2021-04-22 10:39:02,085 [Socket Reader #1 for port 9891] INFO ipc.Server: Auth successful for dn/77e6e5602285@EXAMPLE.COM (auth:KERBEROS) from 172.18.0.9:39087
recon_1     | 2021-04-22 10:39:02,105 [Socket Reader #1 for port 9891] INFO authorize.ServiceAuthorizationManager: Authorization successful for dn/77e6e5602285@EXAMPLE.COM (auth:KERBEROS) for protocol=interface org.apache.hadoop.ozone.protocol.ReconDatanodeProtocol
recon_1     | 2021-04-22 10:39:31,411 [Socket Reader #1 for port 9891] INFO ipc.Server: Auth successful for dn/6d3911331668@EXAMPLE.COM (auth:KERBEROS) from 172.18.0.8:39893
recon_1     | 2021-04-22 10:39:31,417 [Socket Reader #1 for port 9891] INFO authorize.ServiceAuthorizationManager: Authorization successful for dn/6d3911331668@EXAMPLE.COM (auth:KERBEROS) for protocol=interface org.apache.hadoop.ozone.protocol.ReconDatanodeProtocol
kdc_1       | Apr 22 10:35:30 kdc kadmind[24](info): closing down fd 18
kdc_1       | Apr 22 10:35:30 kdc kadmind[24](Notice): Request: kadm5_init, admin/admin@EXAMPLE.COM, success, client=admin/admin@EXAMPLE.COM, service=kadmin/admin@EXAMPLE.COM, addr=127.0.0.1, vers=4, flavor=6
kdc_1       | Apr 22 10:35:30 kdc kadmind[24](Notice): Request: kadm5_randkey_principal, HTTP/s3g@EXAMPLE.COM, success, client=admin/admin@EXAMPLE.COM, service=kadmin/admin@EXAMPLE.COM, addr=127.0.0.1
datanode_3  | 2021-04-22 10:37:09,295 [pool-20-thread-1] INFO server.RaftServerConfigKeys: raft.server.log.force.sync.num = 128 (default)
datanode_3  | 2021-04-22 10:37:09,295 [pool-20-thread-1] INFO server.RaftServerConfigKeys: raft.server.log.statemachine.data.sync = true (default)
datanode_3  | 2021-04-22 10:37:09,295 [pool-20-thread-1] INFO server.RaftServerConfigKeys: raft.server.log.statemachine.data.sync.timeout = 10s (default)
datanode_3  | 2021-04-22 10:37:09,297 [pool-20-thread-1] INFO server.RaftServerConfigKeys: raft.server.log.statemachine.data.sync.timeout.retry = -1 (default)
datanode_1  | 2021-04-22 11:21:15,663 [Periodic HDDS volume checker] INFO volume.HddsVolumeChecker: Scheduled health check for volume /data/hdds/hdds
scm_1       | 2021-04-22 10:36:20,375 [Socket Reader #1 for port 9961] INFO authorize.ServiceAuthorizationManager: Authorization successful for om/om@EXAMPLE.COM (auth:KERBEROS) for protocol=interface org.apache.hadoop.hdds.protocol.SCMSecurityProtocol
scm_1       | 2021-04-22 10:36:20,380 [IPC Server handler 0 on default port 9961] INFO server.SCMSecurityProtocolServer: Processing CSR for om om, UUID: 54636fbd-6672-4dac-981c-1cc9c0cd9d21
kdc_1       | Apr 22 10:35:30 kdc kadmind[24](Notice): Request: kadm5_get_principal, HTTP/s3g@EXAMPLE.COM, success, client=admin/admin@EXAMPLE.COM, service=kadmin/admin@EXAMPLE.COM, addr=127.0.0.1
kdc_1       | Apr 22 10:35:30 kdc kadmind[24](info): closing down fd 18
kdc_1       | Apr 22 10:35:30 kdc kadmind[24](Notice): Request: kadm5_init, admin/admin@EXAMPLE.COM, success, client=admin/admin@EXAMPLE.COM, service=kadmin/admin@EXAMPLE.COM, addr=127.0.0.1, vers=4, flavor=6
kdc_1       | Apr 22 10:35:30 kdc kadmind[24](Notice): Request: kadm5_get_policy, default, Policy does not exist, client=admin/admin@EXAMPLE.COM, service=kadmin/admin@EXAMPLE.COM, addr=127.0.0.1
om_1        | 2021-04-22 10:40:52,154 [Socket Reader #1 for port 9862] INFO ipc.Server: Auth successful for recon/recon@EXAMPLE.COM (auth:KERBEROS) from 172.18.0.6:43213
datanode_2  | 2021-04-22 10:38:35,011 [java.util.concurrent.ThreadPoolExecutor$Worker@3e66f85a[State = -1, empty queue]] WARN server.GrpcLogAppender: 23795da9-c22e-4af7-ac42-a3d892105df6@group-4A6AB0FC1966->3ca15905-8ba0-4881-b94a-ffd528ee9d1c-GrpcLogAppender:  appendEntries Timeout, request=AppendEntriesRequest:cid=521,entriesCount=1,lastEntry=(t:4, i:8)
datanode_3  | 2021-04-22 10:37:09,298 [pool-20-thread-1] INFO server.RaftServerConfigKeys: raft.server.log.write.buffer.size = 1048576 (custom)
datanode_3  | 2021-04-22 10:37:09,298 [pool-20-thread-1] INFO server.RaftServerConfigKeys: raft.server.log.statemachine.data.caching.enabled = true (custom)
datanode_3  | 2021-04-22 10:37:09,299 [pool-20-thread-1] INFO segmented.SegmentedRaftLogWorker: 3ca15905-8ba0-4881-b94a-ffd528ee9d1c@group-4A6AB0FC1966-SegmentedRaftLogWorker: flushIndex: setUnconditionally 0 -> -1
scm_1       | 2021-04-22 10:36:25,153 [ReplicationMonitor] INFO container.ReplicationManager: Replication Monitor Thread took 0 milliseconds for processing 0 containers.
recon_1     | 2021-04-22 10:39:31,999 [Socket Reader #1 for port 9891] INFO ipc.Server: Auth successful for dn/2d05c621100b@EXAMPLE.COM (auth:KERBEROS) from 172.18.0.7:44789
