scm_1       | 2021-08-31 12:58:49,550 [Listener at 0.0.0.0/9860] INFO handler.ContextHandler: Started o.e.j.w.WebAppContext@5d4af473{scm,/,file:///tmp/jetty-0_0_0_0-9876-hdds-server-scm-1_2_0-SNAPSHOT_jar-_-any-17291282417193855558/webapp/,AVAILABLE}{jar:file:/opt/hadoop/share/ozone/lib/hdds-server-scm-1.2.0-SNAPSHOT.jar!/webapps/scm}
recon_1     | 2021-08-31 12:59:12,274 [IPC Server handler 11 on default port 9891] INFO scm.ReconNodeManager: Updating nodeDB for ozonesecure_datanode_2.ozonesecure_default
recon_1     | 2021-08-31 12:59:12,395 [EventQueue-PipelineReportForReconPipelineReportHandler] INFO scm.ReconPipelineReportHandler: Adding new pipeline Pipeline[ Id: 0f0e04cf-0bc0-4b4b-912c-7cdcc1ce13c2, Nodes: 4615491d-65d0-46eb-b6e0-f3b74b5dc28d{ip: 172.18.0.10, host: ozonesecure_datanode_1.ozonesecure_default, ports: [REPLICATION=9886, RATIS=9858, RATIS_ADMIN=9857, RATIS_SERVER=9856, STANDALONE=9859], networkLocation: /default-rack, certSerialId: null, persistedOpState: IN_SERVICE, persistedOpStateExpiryEpochSec: 0}, ReplicationConfig: RATIS/ONE, State:ALLOCATED, leaderId:, CreationTimestamp2021-08-31T12:59:09.152Z[UTC]] to Recon pipeline metadata.
recon_1     | 2021-08-31 12:59:12,491 [EventQueue-PipelineReportForReconPipelineReportHandler] INFO pipeline.PipelineStateManager: Created pipeline Pipeline[ Id: 0f0e04cf-0bc0-4b4b-912c-7cdcc1ce13c2, Nodes: 4615491d-65d0-46eb-b6e0-f3b74b5dc28d{ip: 172.18.0.10, host: ozonesecure_datanode_1.ozonesecure_default, ports: [REPLICATION=9886, RATIS=9858, RATIS_ADMIN=9857, RATIS_SERVER=9856, STANDALONE=9859], networkLocation: /default-rack, certSerialId: null, persistedOpState: IN_SERVICE, persistedOpStateExpiryEpochSec: 0}, ReplicationConfig: RATIS/ONE, State:ALLOCATED, leaderId:, CreationTimestamp2021-08-31T12:59:09.152Z[UTC]].
scm_1       | 2021-08-31 12:58:49,596 [Listener at 0.0.0.0/9860] INFO server.AbstractConnector: Started ServerConnector@3c89fdd8{HTTP/1.1, (http/1.1)}{0.0.0.0:9876}
scm_1       | 2021-08-31 12:58:49,597 [Listener at 0.0.0.0/9860] INFO server.Server: Started @14713ms
scm_1       | 2021-08-31 12:58:49,612 [Listener at 0.0.0.0/9860] INFO impl.MetricsSinkAdapter: Sink prometheus started
om_1        | 2021-08-31 13:14:35,465 [Socket Reader #1 for port 9862] INFO ipc.Server: Auth successful for recon/recon@EXAMPLE.COM (auth:KERBEROS) from 172.18.0.3:45533
om_1        | 2021-08-31 13:14:35,484 [Socket Reader #1 for port 9862] INFO authorize.ServiceAuthorizationManager: Authorization successful for recon/recon@EXAMPLE.COM (auth:KERBEROS) for protocol=interface org.apache.hadoop.ozone.om.protocol.OzoneManagerProtocol
scm_1       | 2021-08-31 12:58:49,612 [Listener at 0.0.0.0/9860] INFO impl.MetricsSystemImpl: Registered sink prometheus
scm_1       | 2021-08-31 12:58:49,614 [Listener at 0.0.0.0/9860] INFO http.BaseHttpServer: HTTP server of scm listening at http://0.0.0.0:9876
scm_1       | 2021-08-31 12:58:50,693 [ReplicationMonitor] INFO container.ReplicationManager: Replication Monitor Thread took 0 milliseconds for processing 0 containers.
om_1        | 2021-08-31 13:14:36,625 [Socket Reader #1 for port 9862] INFO ipc.Server: Auth successful for testuser/scm@EXAMPLE.COM (auth:KERBEROS) from 172.18.0.9:38885
om_1        | 2021-08-31 13:14:36,660 [Socket Reader #1 for port 9862] INFO authorize.ServiceAuthorizationManager: Authorization successful for testuser/scm@EXAMPLE.COM (auth:KERBEROS) for protocol=interface org.apache.hadoop.ozone.om.protocol.OzoneManagerProtocol
om_1        | 2021-08-31 13:14:37,530 [OM StateMachine ApplyTransaction Thread - 0] ERROR key.OMKeyDeleteRequest: Key delete failed. Volume:70284-source, Bucket:bucket1, Key:key2.
om_1        | KEY_NOT_FOUND org.apache.hadoop.ozone.om.exceptions.OMException: Key not found
recon_1     | 2021-08-31 12:59:12,510 [EventQueue-PipelineReportForReconPipelineReportHandler] INFO ha.SCMHAInvocationHandler: Invoking method public abstract void org.apache.hadoop.hdds.scm.pipeline.StateManager.addPipeline(org.apache.hadoop.hdds.protocol.proto.HddsProtos$Pipeline) throws java.io.IOException on target org.apache.hadoop.hdds.scm.ha.MockSCMHAManager$MockRatisServer@204225f1, cost 75118.694us
scm_1       | 2021-08-31 12:58:54,964 [Socket Reader #1 for port 9961] INFO ipc.Server: Auth successful for om/om@EXAMPLE.COM (auth:KERBEROS) from 172.18.0.5:37093
scm_1       | 2021-08-31 12:58:54,996 [Socket Reader #1 for port 9961] INFO authorize.ServiceAuthorizationManager: Authorization successful for om/om@EXAMPLE.COM (auth:KERBEROS) for protocol=interface org.apache.hadoop.hdds.protocol.SCMSecurityProtocol
om_1        | 	at org.apache.hadoop.ozone.om.request.key.OMKeyDeleteRequest.validateAndUpdateCache(OMKeyDeleteRequest.java:133)
om_1        | 	at org.apache.hadoop.ozone.protocolPB.OzoneManagerRequestHandler.handleWriteRequest(OzoneManagerRequestHandler.java:246)
recon_1     | 2021-08-31 12:59:12,515 [EventQueue-PipelineReportForReconPipelineReportHandler] INFO scm.ReconPipelineReportHandler: Pipeline RATIS/ONE PipelineID=0f0e04cf-0bc0-4b4b-912c-7cdcc1ce13c2 reported by 4615491d-65d0-46eb-b6e0-f3b74b5dc28d{ip: 172.18.0.10, host: ozonesecure_datanode_1.ozonesecure_default, ports: [REPLICATION=9886, RATIS=9858, RATIS_ADMIN=9857, RATIS_SERVER=9856, STANDALONE=9859], networkLocation: /default-rack, certSerialId: 248069854376, persistedOpState: null, persistedOpStateExpiryEpochSec: 0}
recon_1     | 2021-08-31 12:59:12,516 [EventQueue-PipelineReportForReconPipelineReportHandler] INFO pipeline.PipelineManagerImpl: Pipeline Pipeline[ Id: 0f0e04cf-0bc0-4b4b-912c-7cdcc1ce13c2, Nodes: 4615491d-65d0-46eb-b6e0-f3b74b5dc28d{ip: 172.18.0.10, host: ozonesecure_datanode_1.ozonesecure_default, ports: [REPLICATION=9886, RATIS=9858, RATIS_ADMIN=9857, RATIS_SERVER=9856, STANDALONE=9859], networkLocation: /default-rack, certSerialId: null, persistedOpState: IN_SERVICE, persistedOpStateExpiryEpochSec: 0}, ReplicationConfig: RATIS/ONE, State:ALLOCATED, leaderId:4615491d-65d0-46eb-b6e0-f3b74b5dc28d, CreationTimestamp2021-08-31T12:59:09.152Z[UTC]] moved to OPEN state
recon_1     | 2021-08-31 12:59:12,524 [EventQueue-PipelineReportForReconPipelineReportHandler] INFO ha.SCMHAInvocationHandler: Invoking method public abstract void org.apache.hadoop.hdds.scm.pipeline.StateManager.updatePipelineState(org.apache.hadoop.hdds.protocol.proto.HddsProtos$PipelineID,org.apache.hadoop.hdds.protocol.proto.HddsProtos$PipelineState) throws java.io.IOException on target org.apache.hadoop.hdds.scm.ha.MockSCMHAManager$MockRatisServer@204225f1, cost 1270.303us
scm_1       | 2021-08-31 12:58:55,030 [IPC Server handler 1 on default port 9961] INFO server.SCMSecurityProtocolServer: Processing CSR for om om, UUID: b7bb8590-760c-4fb2-9811-ec5f92818cd0
scm_1       | 2021-08-31 12:58:55,700 [ReplicationMonitor] INFO container.ReplicationManager: Replication Monitor Thread took 1 milliseconds for processing 0 containers.
scm_1       | 2021-08-31 12:59:00,702 [ReplicationMonitor] INFO container.ReplicationManager: Replication Monitor Thread took 0 milliseconds for processing 0 containers.
recon_1     | 2021-08-31 12:59:12,527 [EventQueue-PipelineReportForReconPipelineReportHandler] INFO scm.ReconPipelineReportHandler: Unknown pipeline PipelineID=57d6441d-a8ed-43cf-a53d-cf282d8209aa. Trying to get from SCM.
recon_1     | 2021-08-31 12:59:12,548 [EventQueue-PipelineReportForReconPipelineReportHandler] INFO scm.ReconPipelineReportHandler: Adding new pipeline Pipeline[ Id: 57d6441d-a8ed-43cf-a53d-cf282d8209aa, Nodes: e83189fa-31ff-4923-946d-de7f9db9aab4{ip: 172.18.0.6, host: ozonesecure_datanode_2.ozonesecure_default, ports: [REPLICATION=9886, RATIS=9858, RATIS_ADMIN=9857, RATIS_SERVER=9856, STANDALONE=9859], networkLocation: /default-rack, certSerialId: null, persistedOpState: IN_SERVICE, persistedOpStateExpiryEpochSec: 0}, ReplicationConfig: RATIS/ONE, State:OPEN, leaderId:e83189fa-31ff-4923-946d-de7f9db9aab4, CreationTimestamp2021-08-31T12:59:09.159Z[UTC]] to Recon pipeline metadata.
datanode_1  | 2021-08-31 12:59:30,136 [4615491d-65d0-46eb-b6e0-f3b74b5dc28d@group-6673BD9732D3-FollowerState] INFO server.RaftServer$Division: 4615491d-65d0-46eb-b6e0-f3b74b5dc28d@group-6673BD9732D3: changes role from  FOLLOWER to CANDIDATE at term 2 for changeToCandidate
datanode_1  | 2021-08-31 12:59:30,136 [4615491d-65d0-46eb-b6e0-f3b74b5dc28d@group-6673BD9732D3-FollowerState] INFO server.RaftServerConfigKeys: raft.server.leaderelection.pre-vote = false (custom)
datanode_1  | 2021-08-31 12:59:30,136 [4615491d-65d0-46eb-b6e0-f3b74b5dc28d@group-6673BD9732D3-FollowerState] INFO impl.RoleInfo: 4615491d-65d0-46eb-b6e0-f3b74b5dc28d: start 4615491d-65d0-46eb-b6e0-f3b74b5dc28d@group-6673BD9732D3-LeaderElection3
om_1        | 	at org.apache.hadoop.ozone.om.ratis.OzoneManagerStateMachine.runCommand(OzoneManagerStateMachine.java:502)
om_1        | 	at org.apache.hadoop.ozone.om.ratis.OzoneManagerStateMachine.lambda$2(OzoneManagerStateMachine.java:312)
om_1        | 	at java.base/java.util.concurrent.CompletableFuture$AsyncSupply.run(CompletableFuture.java:1700)
scm_1       | 2021-08-31 12:59:05,673 [Socket Reader #1 for port 9861] INFO ipc.Server: Auth successful for dn/dn@EXAMPLE.COM (auth:KERBEROS) from 172.18.0.7:37952
datanode_1  | 2021-08-31 12:59:30,151 [4615491d-65d0-46eb-b6e0-f3b74b5dc28d@group-6673BD9732D3-LeaderElection3] INFO impl.LeaderElection: 4615491d-65d0-46eb-b6e0-f3b74b5dc28d@group-6673BD9732D3-LeaderElection3 ELECTION round 0: submit vote requests at term 3 for -1: [b309e783-c49a-426d-bad1-41876724d450|rpc:172.18.0.7:9856|admin:172.18.0.7:9857|client:172.18.0.7:9858|priority:0, e83189fa-31ff-4923-946d-de7f9db9aab4|rpc:172.18.0.6:9856|admin:172.18.0.6:9857|client:172.18.0.6:9858|priority:0, 4615491d-65d0-46eb-b6e0-f3b74b5dc28d|rpc:172.18.0.10:9856|admin:172.18.0.10:9857|client:172.18.0.10:9858|priority:1], old=null
datanode_1  | 2021-08-31 12:59:30,214 [4615491d-65d0-46eb-b6e0-f3b74b5dc28d@group-6673BD9732D3-LeaderElection3] INFO impl.LeaderElection: 4615491d-65d0-46eb-b6e0-f3b74b5dc28d@group-6673BD9732D3-LeaderElection3 got exception when requesting votes: java.util.concurrent.ExecutionException: org.apache.ratis.thirdparty.io.grpc.StatusRuntimeException: INTERNAL: b309e783-c49a-426d-bad1-41876724d450: group-6673BD9732D3 not found.
om_1        | 	at java.base/java.util.concurrent.ThreadPoolExecutor.runWorker(ThreadPoolExecutor.java:1128)
om_1        | 	at java.base/java.util.concurrent.ThreadPoolExecutor$Worker.run(ThreadPoolExecutor.java:628)
recon_1     | 2021-08-31 12:59:12,549 [EventQueue-PipelineReportForReconPipelineReportHandler] INFO pipeline.PipelineStateManager: Created pipeline Pipeline[ Id: 57d6441d-a8ed-43cf-a53d-cf282d8209aa, Nodes: e83189fa-31ff-4923-946d-de7f9db9aab4{ip: 172.18.0.6, host: ozonesecure_datanode_2.ozonesecure_default, ports: [REPLICATION=9886, RATIS=9858, RATIS_ADMIN=9857, RATIS_SERVER=9856, STANDALONE=9859], networkLocation: /default-rack, certSerialId: null, persistedOpState: IN_SERVICE, persistedOpStateExpiryEpochSec: 0}, ReplicationConfig: RATIS/ONE, State:OPEN, leaderId:e83189fa-31ff-4923-946d-de7f9db9aab4, CreationTimestamp2021-08-31T12:59:09.159Z[UTC]].
recon_1     | 2021-08-31 12:59:12,556 [EventQueue-PipelineReportForReconPipelineReportHandler] INFO ha.SCMHAInvocationHandler: Invoking method public abstract void org.apache.hadoop.hdds.scm.pipeline.StateManager.addPipeline(org.apache.hadoop.hdds.protocol.proto.HddsProtos$Pipeline) throws java.io.IOException on target org.apache.hadoop.hdds.scm.ha.MockSCMHAManager$MockRatisServer@204225f1, cost 7515.219us
recon_1     | 2021-08-31 12:59:12,905 [EventQueue-PipelineReportForReconPipelineReportHandler] INFO scm.ReconPipelineReportHandler: Unknown pipeline PipelineID=cca445a8-ca17-4c84-aed8-6673bd9732d3. Trying to get from SCM.
recon_1     | 2021-08-31 12:59:12,930 [EventQueue-PipelineReportForReconPipelineReportHandler] INFO scm.ReconPipelineReportHandler: Adding new pipeline Pipeline[ Id: cca445a8-ca17-4c84-aed8-6673bd9732d3, Nodes: e83189fa-31ff-4923-946d-de7f9db9aab4{ip: 172.18.0.6, host: ozonesecure_datanode_2.ozonesecure_default, ports: [REPLICATION=9886, RATIS=9858, RATIS_ADMIN=9857, RATIS_SERVER=9856, STANDALONE=9859], networkLocation: /default-rack, certSerialId: null, persistedOpState: IN_SERVICE, persistedOpStateExpiryEpochSec: 0}4615491d-65d0-46eb-b6e0-f3b74b5dc28d{ip: 172.18.0.10, host: ozonesecure_datanode_1.ozonesecure_default, ports: [REPLICATION=9886, RATIS=9858, RATIS_ADMIN=9857, RATIS_SERVER=9856, STANDALONE=9859], networkLocation: /default-rack, certSerialId: null, persistedOpState: IN_SERVICE, persistedOpStateExpiryEpochSec: 0}b309e783-c49a-426d-bad1-41876724d450{ip: 172.18.0.7, host: ozonesecure_datanode_3.ozonesecure_default, ports: [REPLICATION=9886, RATIS=9858, RATIS_ADMIN=9857, RATIS_SERVER=9856, STANDALONE=9859], networkLocation: /default-rack, certSerialId: null, persistedOpState: IN_SERVICE, persistedOpStateExpiryEpochSec: 0}, ReplicationConfig: RATIS/THREE, State:ALLOCATED, leaderId:, CreationTimestamp2021-08-31T12:59:09.187Z[UTC]] to Recon pipeline metadata.
om_1        | 	at java.base/java.lang.Thread.run(Thread.java:834)
om_1        | 2021-08-31 13:14:44,332 [Socket Reader #1 for port 9862] INFO ipc.Server: Auth successful for testuser/scm@EXAMPLE.COM (auth:KERBEROS) from 172.18.0.9:38741
recon_1     | 2021-08-31 12:59:12,942 [EventQueue-PipelineReportForReconPipelineReportHandler] INFO pipeline.PipelineStateManager: Created pipeline Pipeline[ Id: cca445a8-ca17-4c84-aed8-6673bd9732d3, Nodes: e83189fa-31ff-4923-946d-de7f9db9aab4{ip: 172.18.0.6, host: ozonesecure_datanode_2.ozonesecure_default, ports: [REPLICATION=9886, RATIS=9858, RATIS_ADMIN=9857, RATIS_SERVER=9856, STANDALONE=9859], networkLocation: /default-rack, certSerialId: null, persistedOpState: IN_SERVICE, persistedOpStateExpiryEpochSec: 0}4615491d-65d0-46eb-b6e0-f3b74b5dc28d{ip: 172.18.0.10, host: ozonesecure_datanode_1.ozonesecure_default, ports: [REPLICATION=9886, RATIS=9858, RATIS_ADMIN=9857, RATIS_SERVER=9856, STANDALONE=9859], networkLocation: /default-rack, certSerialId: null, persistedOpState: IN_SERVICE, persistedOpStateExpiryEpochSec: 0}b309e783-c49a-426d-bad1-41876724d450{ip: 172.18.0.7, host: ozonesecure_datanode_3.ozonesecure_default, ports: [REPLICATION=9886, RATIS=9858, RATIS_ADMIN=9857, RATIS_SERVER=9856, STANDALONE=9859], networkLocation: /default-rack, certSerialId: null, persistedOpState: IN_SERVICE, persistedOpStateExpiryEpochSec: 0}, ReplicationConfig: RATIS/THREE, State:ALLOCATED, leaderId:, CreationTimestamp2021-08-31T12:59:09.187Z[UTC]].
scm_1       | 2021-08-31 12:59:05,693 [Socket Reader #1 for port 9861] INFO authorize.ServiceAuthorizationManager: Authorization successful for dn/dn@EXAMPLE.COM (auth:KERBEROS) for protocol=interface org.apache.hadoop.ozone.protocol.StorageContainerDatanodeProtocol
datanode_3  | 	at org.apache.ratis.grpc.client.GrpcClientRpc.sendRequest(GrpcClientRpc.java:96)
recon_1     | 2021-08-31 12:59:12,945 [EventQueue-PipelineReportForReconPipelineReportHandler] INFO ha.SCMHAInvocationHandler: Invoking method public abstract void org.apache.hadoop.hdds.scm.pipeline.StateManager.addPipeline(org.apache.hadoop.hdds.protocol.proto.HddsProtos$Pipeline) throws java.io.IOException on target org.apache.hadoop.hdds.scm.ha.MockSCMHAManager$MockRatisServer@204225f1, cost 5850.415us
datanode_1  | 2021-08-31 12:59:30,224 [4615491d-65d0-46eb-b6e0-f3b74b5dc28d@group-6673BD9732D3-LeaderElection3] INFO impl.LeaderElection: 4615491d-65d0-46eb-b6e0-f3b74b5dc28d@group-6673BD9732D3-LeaderElection3: ELECTION PASSED received 1 response(s) and 1 exception(s):
scm_1       | 2021-08-31 12:59:05,716 [ReplicationMonitor] INFO container.ReplicationManager: Replication Monitor Thread took 1 milliseconds for processing 0 containers.
scm_1       | 2021-08-31 12:59:07,074 [Socket Reader #1 for port 9861] INFO ipc.Server: Auth successful for dn/dn@EXAMPLE.COM (auth:KERBEROS) from 172.18.0.10:50660
datanode_1  | 2021-08-31 12:59:30,224 [4615491d-65d0-46eb-b6e0-f3b74b5dc28d@group-6673BD9732D3-LeaderElection3] INFO impl.LeaderElection:   Response 0: 4615491d-65d0-46eb-b6e0-f3b74b5dc28d<-e83189fa-31ff-4923-946d-de7f9db9aab4#0:OK-t3
datanode_1  | 2021-08-31 12:59:30,224 [4615491d-65d0-46eb-b6e0-f3b74b5dc28d@group-6673BD9732D3-LeaderElection3] INFO impl.LeaderElection:   Exception 1: java.util.concurrent.ExecutionException: org.apache.ratis.thirdparty.io.grpc.StatusRuntimeException: INTERNAL: b309e783-c49a-426d-bad1-41876724d450: group-6673BD9732D3 not found.
datanode_1  | 2021-08-31 12:59:30,224 [4615491d-65d0-46eb-b6e0-f3b74b5dc28d@group-6673BD9732D3-LeaderElection3] INFO impl.LeaderElection: 4615491d-65d0-46eb-b6e0-f3b74b5dc28d@group-6673BD9732D3-LeaderElection3 ELECTION round 0: result PASSED
datanode_1  | 2021-08-31 12:59:30,224 [4615491d-65d0-46eb-b6e0-f3b74b5dc28d@group-6673BD9732D3-LeaderElection3] INFO impl.RoleInfo: 4615491d-65d0-46eb-b6e0-f3b74b5dc28d: shutdown 4615491d-65d0-46eb-b6e0-f3b74b5dc28d@group-6673BD9732D3-LeaderElection3
datanode_1  | 2021-08-31 12:59:30,225 [4615491d-65d0-46eb-b6e0-f3b74b5dc28d@group-6673BD9732D3-LeaderElection3] INFO server.RaftServer$Division: 4615491d-65d0-46eb-b6e0-f3b74b5dc28d@group-6673BD9732D3: changes role from CANDIDATE to LEADER at term 3 for changeToLeader
datanode_1  | 2021-08-31 12:59:30,225 [4615491d-65d0-46eb-b6e0-f3b74b5dc28d@group-6673BD9732D3-LeaderElection3] INFO ratis.XceiverServerRatis: Leader change notification received for group: group-6673BD9732D3 with new leaderId: 4615491d-65d0-46eb-b6e0-f3b74b5dc28d
datanode_1  | 2021-08-31 12:59:30,225 [4615491d-65d0-46eb-b6e0-f3b74b5dc28d@group-6673BD9732D3-LeaderElection3] INFO server.RaftServer$Division: 4615491d-65d0-46eb-b6e0-f3b74b5dc28d@group-6673BD9732D3: change Leader from null to 4615491d-65d0-46eb-b6e0-f3b74b5dc28d at term 3 for becomeLeader, leader elected after 17141ms
datanode_1  | 2021-08-31 12:59:30,234 [4615491d-65d0-46eb-b6e0-f3b74b5dc28d@group-6673BD9732D3-LeaderElection3] INFO server.RaftServerConfigKeys: raft.server.staging.catchup.gap = 1000 (default)
recon_1     | 2021-08-31 12:59:12,946 [EventQueue-PipelineReportForReconPipelineReportHandler] INFO scm.ReconPipelineReportHandler: Pipeline RATIS/THREE PipelineID=cca445a8-ca17-4c84-aed8-6673bd9732d3 reported by e83189fa-31ff-4923-946d-de7f9db9aab4{ip: 172.18.0.6, host: ozonesecure_datanode_2.ozonesecure_default, ports: [REPLICATION=9886, RATIS=9858, RATIS_ADMIN=9857, RATIS_SERVER=9856, STANDALONE=9859], networkLocation: /default-rack, certSerialId: 247893557703, persistedOpState: null, persistedOpStateExpiryEpochSec: 0}
recon_1     | 2021-08-31 12:59:13,077 [EventQueue-PipelineReportForReconPipelineReportHandler] INFO scm.ReconPipelineReportHandler: Pipeline RATIS/THREE PipelineID=cca445a8-ca17-4c84-aed8-6673bd9732d3 reported by 4615491d-65d0-46eb-b6e0-f3b74b5dc28d{ip: 172.18.0.10, host: ozonesecure_datanode_1.ozonesecure_default, ports: [REPLICATION=9886, RATIS=9858, RATIS_ADMIN=9857, RATIS_SERVER=9856, STANDALONE=9859], networkLocation: /default-rack, certSerialId: 248069854376, persistedOpState: null, persistedOpStateExpiryEpochSec: 0}
datanode_1  | 2021-08-31 12:59:30,235 [4615491d-65d0-46eb-b6e0-f3b74b5dc28d@group-6673BD9732D3-LeaderElection3] INFO server.RaftServerConfigKeys: raft.server.write.element-limit = 1024 (custom)
datanode_1  | 2021-08-31 12:59:30,235 [4615491d-65d0-46eb-b6e0-f3b74b5dc28d@group-6673BD9732D3-LeaderElection3] INFO server.RaftServerConfigKeys: raft.server.write.byte-limit = 1024 M (=1073741824) (custom)
datanode_1  | 2021-08-31 12:59:30,235 [4615491d-65d0-46eb-b6e0-f3b74b5dc28d@group-6673BD9732D3-LeaderElection3] INFO server.RaftServerConfigKeys: raft.server.watch.timeout = 180s (custom)
scm_1       | 2021-08-31 12:59:07,108 [Socket Reader #1 for port 9861] INFO authorize.ServiceAuthorizationManager: Authorization successful for dn/dn@EXAMPLE.COM (auth:KERBEROS) for protocol=interface org.apache.hadoop.ozone.protocol.StorageContainerDatanodeProtocol
scm_1       | 2021-08-31 12:59:07,228 [Socket Reader #1 for port 9861] INFO ipc.Server: Auth successful for dn/dn@EXAMPLE.COM (auth:KERBEROS) from 172.18.0.6:33808
scm_1       | 2021-08-31 12:59:07,259 [Socket Reader #1 for port 9861] INFO authorize.ServiceAuthorizationManager: Authorization successful for dn/dn@EXAMPLE.COM (auth:KERBEROS) for protocol=interface org.apache.hadoop.ozone.protocol.StorageContainerDatanodeProtocol
scm_1       | 2021-08-31 12:59:07,842 [IPC Server handler 1 on default port 9861] INFO net.NetworkTopologyImpl: Added a new node: /default-rack/b309e783-c49a-426d-bad1-41876724d450
om_1        | 2021-08-31 13:14:44,379 [Socket Reader #1 for port 9862] INFO authorize.ServiceAuthorizationManager: Authorization successful for testuser/scm@EXAMPLE.COM (auth:KERBEROS) for protocol=interface org.apache.hadoop.ozone.om.protocol.OzoneManagerProtocol
om_1        | 2021-08-31 13:14:51,750 [Socket Reader #1 for port 9862] INFO ipc.Server: Auth successful for testuser/scm@EXAMPLE.COM (auth:KERBEROS) from 172.18.0.9:45145
datanode_1  | 2021-08-31 12:59:30,235 [4615491d-65d0-46eb-b6e0-f3b74b5dc28d@group-6673BD9732D3-LeaderElection3] INFO server.RaftServerConfigKeys: raft.server.watch.timeout.denomination = 1s (default)
datanode_1  | 2021-08-31 12:59:30,235 [4615491d-65d0-46eb-b6e0-f3b74b5dc28d@group-6673BD9732D3-LeaderElection3] INFO server.RaftServerConfigKeys: raft.server.watch.element-limit = 65536 (default)
recon_1     | 2021-08-31 12:59:18,020 [EventQueue-PipelineReportForReconPipelineReportHandler] INFO scm.ReconPipelineReportHandler: Pipeline RATIS/THREE PipelineID=cca445a8-ca17-4c84-aed8-6673bd9732d3 reported by e83189fa-31ff-4923-946d-de7f9db9aab4{ip: 172.18.0.6, host: ozonesecure_datanode_2.ozonesecure_default, ports: [REPLICATION=9886, RATIS=9858, RATIS_ADMIN=9857, RATIS_SERVER=9856, STANDALONE=9859], networkLocation: /default-rack, certSerialId: 247893557703, persistedOpState: null, persistedOpStateExpiryEpochSec: 0}
recon_1     | 2021-08-31 12:59:18,073 [EventQueue-PipelineReportForReconPipelineReportHandler] INFO scm.ReconPipelineReportHandler: Pipeline RATIS/THREE PipelineID=cca445a8-ca17-4c84-aed8-6673bd9732d3 reported by 4615491d-65d0-46eb-b6e0-f3b74b5dc28d{ip: 172.18.0.10, host: ozonesecure_datanode_1.ozonesecure_default, ports: [REPLICATION=9886, RATIS=9858, RATIS_ADMIN=9857, RATIS_SERVER=9856, STANDALONE=9859], networkLocation: /default-rack, certSerialId: 248069854376, persistedOpState: null, persistedOpStateExpiryEpochSec: 0}
recon_1     | 2021-08-31 12:59:18,593 [pool-18-thread-1] INFO retry.RetryInvocationHandler: com.google.protobuf.ServiceException: java.net.ConnectException: Call From recon/172.18.0.3 to om:9862 failed on connection exception: java.net.ConnectException: Connection refused; For more details see:  http://wiki.apache.org/hadoop/ConnectionRefused, while invoking $Proxy40.submitRequest over nodeId=null,nodeAddress=om:9862 after 4 failover attempts. Trying to failover after sleeping for 10000ms.
om_1        | 2021-08-31 13:14:51,771 [Socket Reader #1 for port 9862] INFO authorize.ServiceAuthorizationManager: Authorization successful for testuser/scm@EXAMPLE.COM (auth:KERBEROS) for protocol=interface org.apache.hadoop.ozone.om.protocol.OzoneManagerProtocol
om_1        | 2021-08-31 13:14:57,366 [Socket Reader #1 for port 9862] INFO ipc.Server: Auth successful for testuser/scm@EXAMPLE.COM (auth:KERBEROS) from 172.18.0.9:46727
om_1        | 2021-08-31 13:14:57,444 [Socket Reader #1 for port 9862] INFO authorize.ServiceAuthorizationManager: Authorization successful for testuser/scm@EXAMPLE.COM (auth:KERBEROS) for protocol=interface org.apache.hadoop.ozone.om.protocol.OzoneManagerProtocol
om_1        | 2021-08-31 13:15:02,854 [Socket Reader #1 for port 9862] INFO ipc.Server: Auth successful for testuser/scm@EXAMPLE.COM (auth:KERBEROS) from 172.18.0.9:44915
om_1        | 2021-08-31 13:15:02,892 [Socket Reader #1 for port 9862] INFO authorize.ServiceAuthorizationManager: Authorization successful for testuser/scm@EXAMPLE.COM (auth:KERBEROS) for protocol=interface org.apache.hadoop.ozone.om.protocol.OzoneManagerProtocol
om_1        | 2021-08-31 13:15:10,614 [Socket Reader #1 for port 9862] INFO ipc.Server: Auth successful for testuser/scm@EXAMPLE.COM (auth:KERBEROS) from 172.18.0.9:33577
om_1        | 2021-08-31 13:15:10,657 [Socket Reader #1 for port 9862] INFO authorize.ServiceAuthorizationManager: Authorization successful for testuser/scm@EXAMPLE.COM (auth:KERBEROS) for protocol=interface org.apache.hadoop.ozone.om.protocol.OzoneManagerProtocol
datanode_1  | 2021-08-31 12:59:30,226 [Datanode State Machine Thread - 0] WARN statemachine.StateContext: No available thread in pool for past 30 seconds.
datanode_1  | 2021-08-31 12:59:30,251 [4615491d-65d0-46eb-b6e0-f3b74b5dc28d@group-6673BD9732D3-LeaderElection3] INFO server.RaftServerConfigKeys: raft.server.log.appender.snapshot.chunk.size.max = 16MB (=16777216) (default)
datanode_1  | 2021-08-31 12:59:30,289 [4615491d-65d0-46eb-b6e0-f3b74b5dc28d@group-6673BD9732D3-LeaderElection3] INFO server.RaftServerConfigKeys: raft.server.log.appender.buffer.byte-limit = 33554432 (custom)
datanode_1  | 2021-08-31 12:59:30,300 [4615491d-65d0-46eb-b6e0-f3b74b5dc28d@group-6673BD9732D3-LeaderElection3] INFO server.RaftServerConfigKeys: raft.server.log.appender.buffer.element-limit = 1 (custom)
datanode_1  | 2021-08-31 12:59:30,317 [4615491d-65d0-46eb-b6e0-f3b74b5dc28d@group-6673BD9732D3-LeaderElection3] INFO grpc.GrpcConfigKeys: raft.grpc.server.leader.outstanding.appends.max = 128 (default)
datanode_1  | 2021-08-31 12:59:30,319 [4615491d-65d0-46eb-b6e0-f3b74b5dc28d@group-6673BD9732D3-LeaderElection3] INFO server.RaftServerConfigKeys: raft.server.rpc.request.timeout = 60s (custom)
datanode_1  | 2021-08-31 12:59:30,319 [4615491d-65d0-46eb-b6e0-f3b74b5dc28d@group-6673BD9732D3-LeaderElection3] INFO server.RaftServerConfigKeys: raft.server.log.appender.install.snapshot.enabled = false (custom)
datanode_1  | 2021-08-31 12:59:30,323 [4615491d-65d0-46eb-b6e0-f3b74b5dc28d@group-6673BD9732D3-LeaderElection3] INFO server.RaftServerConfigKeys: raft.server.log.appender.snapshot.chunk.size.max = 16MB (=16777216) (default)
om_1        | 2021-08-31 13:15:18,992 [Socket Reader #1 for port 9862] INFO ipc.Server: Auth successful for testuser/scm@EXAMPLE.COM (auth:KERBEROS) from 172.18.0.9:37811
om_1        | 2021-08-31 13:15:19,034 [Socket Reader #1 for port 9862] INFO authorize.ServiceAuthorizationManager: Authorization successful for testuser/scm@EXAMPLE.COM (auth:KERBEROS) for protocol=interface org.apache.hadoop.ozone.om.protocol.OzoneManagerProtocol
om_1        | 2021-08-31 13:15:26,020 [Socket Reader #1 for port 9862] INFO ipc.Server: Auth successful for testuser/scm@EXAMPLE.COM (auth:KERBEROS) from 172.18.0.9:32933
om_1        | 2021-08-31 13:15:26,037 [Socket Reader #1 for port 9862] INFO authorize.ServiceAuthorizationManager: Authorization successful for testuser/scm@EXAMPLE.COM (auth:KERBEROS) for protocol=interface org.apache.hadoop.ozone.om.protocol.OzoneManagerProtocol
om_1        | 2021-08-31 13:15:26,712 [Socket Reader #1 for port 9862] INFO ipc.Server: Auth successful for testuser/scm@EXAMPLE.COM (auth:KERBEROS) from 172.18.0.9:41717
om_1        | 2021-08-31 13:15:26,736 [Socket Reader #1 for port 9862] INFO authorize.ServiceAuthorizationManager: Authorization successful for testuser/scm@EXAMPLE.COM (auth:KERBEROS) for protocol=interface org.apache.hadoop.ozone.om.protocol.OzoneManagerProtocol
om_1        | 2021-08-31 13:15:34,345 [Socket Reader #1 for port 9862] INFO ipc.Server: Auth successful for testuser/scm@EXAMPLE.COM (auth:KERBEROS) from 172.18.0.9:35501
om_1        | 2021-08-31 13:15:34,431 [Socket Reader #1 for port 9862] INFO authorize.ServiceAuthorizationManager: Authorization successful for testuser/scm@EXAMPLE.COM (auth:KERBEROS) for protocol=interface org.apache.hadoop.ozone.om.protocol.OzoneManagerProtocol
om_1        | 2021-08-31 13:15:35,697 [Socket Reader #1 for port 9862] INFO ipc.Server: Auth successful for recon/recon@EXAMPLE.COM (auth:KERBEROS) from 172.18.0.3:44979
om_1        | 2021-08-31 13:15:35,716 [Socket Reader #1 for port 9862] INFO authorize.ServiceAuthorizationManager: Authorization successful for recon/recon@EXAMPLE.COM (auth:KERBEROS) for protocol=interface org.apache.hadoop.ozone.om.protocol.OzoneManagerProtocol
om_1        | 2021-08-31 13:15:43,133 [Socket Reader #1 for port 9862] INFO ipc.Server: Auth successful for testuser/scm@EXAMPLE.COM (auth:KERBEROS) from 172.18.0.9:34249
om_1        | 2021-08-31 13:15:43,191 [Socket Reader #1 for port 9862] INFO authorize.ServiceAuthorizationManager: Authorization successful for testuser/scm@EXAMPLE.COM (auth:KERBEROS) for protocol=interface org.apache.hadoop.ozone.om.protocol.OzoneManagerProtocol
om_1        | 2021-08-31 13:15:50,405 [Socket Reader #1 for port 9862] INFO ipc.Server: Auth successful for testuser/scm@EXAMPLE.COM (auth:KERBEROS) from 172.18.0.9:37385
datanode_1  | 2021-08-31 12:59:30,341 [4615491d-65d0-46eb-b6e0-f3b74b5dc28d@group-6673BD9732D3-LeaderElection3] INFO server.RaftServerConfigKeys: raft.server.log.appender.buffer.byte-limit = 33554432 (custom)
scm_1       | 2021-08-31 12:59:07,921 [IPC Server handler 1 on default port 9861] INFO node.SCMNodeManager: Registered Data node : b309e783-c49a-426d-bad1-41876724d450{ip: 172.18.0.7, host: ozonesecure_datanode_3.ozonesecure_default, ports: [REPLICATION=9886, RATIS=9858, RATIS_ADMIN=9857, RATIS_SERVER=9856, STANDALONE=9859], networkLocation: /default-rack, certSerialId: 247717559630, persistedOpState: null, persistedOpStateExpiryEpochSec: 0}
scm_1       | 2021-08-31 12:59:08,003 [EventQueue-NodeRegistrationContainerReportForDataNodeSafeModeRule] INFO safemode.SCMSafeModeManager: SCM in safe mode. 1 DataNodes registered, 3 required.
scm_1       | 2021-08-31 12:59:07,991 [EventQueue-NewNodeForNewNodeHandler] INFO pipeline.BackgroundPipelineCreator: trigger a one-shot run on RatisPipelineUtilsThread.
scm_1       | 2021-08-31 12:59:08,033 [EventQueue-NodeRegistrationContainerReportForContainerSafeModeRule] INFO safemode.SCMSafeModeManager: ContainerSafeModeRule rule is successfully validated
datanode_3  | 	at org.apache.ratis.client.impl.BlockingImpl.sendRequest(BlockingImpl.java:130)
datanode_3  | 	at org.apache.ratis.client.impl.GroupManagementImpl.add(GroupManagementImpl.java:51)
datanode_3  | 	at org.apache.hadoop.ozone.container.common.statemachine.commandhandler.CreatePipelineCommandHandler.lambda$handle$1(CreatePipelineCommandHandler.java:99)
datanode_3  | 	at java.base/java.util.stream.ForEachOps$ForEachOp$OfRef.accept(ForEachOps.java:183)
datanode_3  | 	at java.base/java.util.stream.ReferencePipeline$2$1.accept(ReferencePipeline.java:177)
datanode_1  | 2021-08-31 12:59:30,341 [4615491d-65d0-46eb-b6e0-f3b74b5dc28d@group-6673BD9732D3-LeaderElection3] INFO server.RaftServerConfigKeys: raft.server.log.appender.buffer.element-limit = 1 (custom)
datanode_3  | 	at java.base/java.util.ArrayList$ArrayListSpliterator.forEachRemaining(ArrayList.java:1655)
datanode_3  | 	at java.base/java.util.stream.AbstractPipeline.copyInto(AbstractPipeline.java:484)
datanode_3  | 	at java.base/java.util.stream.AbstractPipeline.wrapAndCopyInto(AbstractPipeline.java:474)
scm_1       | 2021-08-31 12:59:08,174 [EventQueue-PipelineReportForOneReplicaPipelineSafeModeRule] INFO safemode.SCMSafeModeManager: AtleastOneDatanodeReportedRule rule is successfully validated
scm_1       | 2021-08-31 12:59:08,206 [RatisPipelineUtilsThread - 0] INFO pipeline.RatisPipelineProvider: Sending CreatePipelineCommand for pipeline:PipelineID=876f4177-2449-48fb-bc0f-adc60977b117 to datanode:b309e783-c49a-426d-bad1-41876724d450
scm_1       | 2021-08-31 12:59:08,344 [RatisPipelineUtilsThread - 0] INFO pipeline.PipelineStateManager: Created pipeline Pipeline[ Id: 876f4177-2449-48fb-bc0f-adc60977b117, Nodes: b309e783-c49a-426d-bad1-41876724d450{ip: 172.18.0.7, host: ozonesecure_datanode_3.ozonesecure_default, ports: [REPLICATION=9886, RATIS=9858, RATIS_ADMIN=9857, RATIS_SERVER=9856, STANDALONE=9859], networkLocation: /default-rack, certSerialId: null, persistedOpState: IN_SERVICE, persistedOpStateExpiryEpochSec: 0}, ReplicationConfig: RATIS/ONE, State:ALLOCATED, leaderId:, CreationTimestamp2021-08-31T12:59:08.173Z[UTC]].
datanode_1  | 2021-08-31 12:59:30,348 [4615491d-65d0-46eb-b6e0-f3b74b5dc28d@group-6673BD9732D3-LeaderElection3] INFO grpc.GrpcConfigKeys: raft.grpc.server.leader.outstanding.appends.max = 128 (default)
datanode_1  | 2021-08-31 12:59:30,348 [4615491d-65d0-46eb-b6e0-f3b74b5dc28d@group-6673BD9732D3-LeaderElection3] INFO server.RaftServerConfigKeys: raft.server.rpc.request.timeout = 60s (custom)
datanode_1  | 2021-08-31 12:59:30,348 [4615491d-65d0-46eb-b6e0-f3b74b5dc28d@group-6673BD9732D3-LeaderElection3] INFO server.RaftServerConfigKeys: raft.server.log.appender.install.snapshot.enabled = false (custom)
om_1        | 2021-08-31 13:15:50,464 [Socket Reader #1 for port 9862] INFO authorize.ServiceAuthorizationManager: Authorization successful for testuser/scm@EXAMPLE.COM (auth:KERBEROS) for protocol=interface org.apache.hadoop.ozone.om.protocol.OzoneManagerProtocol
recon_1     | 2021-08-31 12:59:30,292 [Socket Reader #1 for port 9891] INFO ipc.Server: Auth successful for dn/dn@EXAMPLE.COM (auth:KERBEROS) from 172.18.0.10:38276
recon_1     | 2021-08-31 12:59:30,324 [Socket Reader #1 for port 9891] INFO authorize.ServiceAuthorizationManager: Authorization successful for dn/dn@EXAMPLE.COM (auth:KERBEROS) for protocol=interface org.apache.hadoop.ozone.protocol.ReconDatanodeProtocol
recon_1     | 2021-08-31 12:59:30,326 [EventQueue-PipelineReportForReconPipelineReportHandler] INFO scm.ReconPipelineReportHandler: Pipeline RATIS/THREE PipelineID=cca445a8-ca17-4c84-aed8-6673bd9732d3 reported by 4615491d-65d0-46eb-b6e0-f3b74b5dc28d{ip: 172.18.0.10, host: ozonesecure_datanode_1.ozonesecure_default, ports: [REPLICATION=9886, RATIS=9858, RATIS_ADMIN=9857, RATIS_SERVER=9856, STANDALONE=9859], networkLocation: /default-rack, certSerialId: 248069854376, persistedOpState: null, persistedOpStateExpiryEpochSec: 0}
scm_1       | 2021-08-31 12:59:09,029 [IPC Server handler 1 on default port 9861] INFO net.NetworkTopologyImpl: Added a new node: /default-rack/4615491d-65d0-46eb-b6e0-f3b74b5dc28d
scm_1       | 2021-08-31 12:59:09,036 [IPC Server handler 1 on default port 9861] INFO node.SCMNodeManager: Registered Data node : 4615491d-65d0-46eb-b6e0-f3b74b5dc28d{ip: 172.18.0.10, host: ozonesecure_datanode_1.ozonesecure_default, ports: [REPLICATION=9886, RATIS=9858, RATIS_ADMIN=9857, RATIS_SERVER=9856, STANDALONE=9859], networkLocation: /default-rack, certSerialId: 248069854376, persistedOpState: null, persistedOpStateExpiryEpochSec: 0}
recon_1     | 2021-08-31 12:59:31,126 [pool-18-thread-1] INFO impl.OzoneManagerServiceProviderImpl: Got new checkpoint from OM : /data/metadata/om.snapshot.db_1630414738445
datanode_3  | 	at java.base/java.util.stream.ForEachOps$ForEachOp.evaluateSequential(ForEachOps.java:150)
datanode_3  | 	at java.base/java.util.stream.ForEachOps$ForEachOp$OfRef.evaluateSequential(ForEachOps.java:173)
recon_1     | 2021-08-31 12:59:31,134 [pool-18-thread-1] INFO codec.OmKeyInfoCodec: OmKeyInfoCodec ignorePipeline = true
datanode_3  | 	at java.base/java.util.stream.AbstractPipeline.evaluate(AbstractPipeline.java:234)
datanode_3  | 	at java.base/java.util.stream.ReferencePipeline.forEach(ReferencePipeline.java:497)
datanode_3  | 	at org.apache.hadoop.ozone.container.common.statemachine.commandhandler.CreatePipelineCommandHandler.handle(CreatePipelineCommandHandler.java:95)
datanode_3  | 	at org.apache.hadoop.ozone.container.common.statemachine.commandhandler.CommandDispatcher.handle(CommandDispatcher.java:99)
recon_1     | 2021-08-31 12:59:31,136 [pool-18-thread-1] INFO codec.RepeatedOmKeyInfoCodec: RepeatedOmKeyInfoCodec ignorePipeline = true
recon_1     | 2021-08-31 12:59:31,275 [pool-18-thread-1] INFO recovery.ReconOmMetadataManagerImpl: Created OM DB handle from snapshot at /data/metadata/om.snapshot.db_1630414738445.
recon_1     | 2021-08-31 12:59:31,327 [pool-18-thread-1] INFO impl.OzoneManagerServiceProviderImpl: Calling reprocess on Recon tasks.
datanode_1  | 2021-08-31 12:59:30,351 [4615491d-65d0-46eb-b6e0-f3b74b5dc28d@group-6673BD9732D3-LeaderElection3] INFO impl.RoleInfo: 4615491d-65d0-46eb-b6e0-f3b74b5dc28d: start 4615491d-65d0-46eb-b6e0-f3b74b5dc28d@group-6673BD9732D3-LeaderStateImpl
datanode_1  | 2021-08-31 12:59:30,351 [4615491d-65d0-46eb-b6e0-f3b74b5dc28d@group-6673BD9732D3-LeaderElection3] INFO segmented.SegmentedRaftLogWorker: 4615491d-65d0-46eb-b6e0-f3b74b5dc28d@group-6673BD9732D3-SegmentedRaftLogWorker: Starting segment from index:0
datanode_1  | 2021-08-31 12:59:30,355 [4615491d-65d0-46eb-b6e0-f3b74b5dc28d@group-6673BD9732D3-SegmentedRaftLogWorker] INFO segmented.SegmentedRaftLogWorker: 4615491d-65d0-46eb-b6e0-f3b74b5dc28d@group-6673BD9732D3-SegmentedRaftLogWorker: created new log segment /data/metadata/ratis/cca445a8-ca17-4c84-aed8-6673bd9732d3/current/log_inprogress_0
datanode_1  | 2021-08-31 12:59:30,377 [4615491d-65d0-46eb-b6e0-f3b74b5dc28d@group-6673BD9732D3-LeaderElection3] INFO server.RaftServer$Division: 4615491d-65d0-46eb-b6e0-f3b74b5dc28d@group-6673BD9732D3: set configuration 0: [b309e783-c49a-426d-bad1-41876724d450|rpc:172.18.0.7:9856|admin:172.18.0.7:9857|client:172.18.0.7:9858|dataStream:|priority:0, e83189fa-31ff-4923-946d-de7f9db9aab4|rpc:172.18.0.6:9856|admin:172.18.0.6:9857|client:172.18.0.6:9858|dataStream:|priority:0, 4615491d-65d0-46eb-b6e0-f3b74b5dc28d|rpc:172.18.0.10:9856|admin:172.18.0.10:9857|client:172.18.0.10:9858|dataStream:|priority:1], old=null
om_1        | 2021-08-31 13:15:51,364 [OM StateMachine ApplyTransaction Thread - 0] ERROR bucket.OMBucketCreateRequest: Bucket creation failed for bucket:link2 in volume:70284-target
om_1        | BUCKET_ALREADY_EXISTS org.apache.hadoop.ozone.om.exceptions.OMException: Bucket already exist
om_1        | 	at org.apache.hadoop.ozone.om.request.bucket.OMBucketCreateRequest.validateAndUpdateCache(OMBucketCreateRequest.java:193)
om_1        | 	at org.apache.hadoop.ozone.protocolPB.OzoneManagerRequestHandler.handleWriteRequest(OzoneManagerRequestHandler.java:246)
datanode_3  | 	at org.apache.hadoop.ozone.container.common.statemachine.DatanodeStateMachine.lambda$initCommandHandlerThread$2(DatanodeStateMachine.java:556)
datanode_3  | 	at java.base/java.lang.Thread.run(Thread.java:834)
datanode_3  | Caused by: org.apache.ratis.thirdparty.io.grpc.StatusRuntimeException: UNAVAILABLE: Network closed for unknown reason
datanode_3  | 	at org.apache.ratis.thirdparty.io.grpc.stub.ClientCalls.toStatusRuntimeException(ClientCalls.java:262)
datanode_3  | 	at org.apache.ratis.thirdparty.io.grpc.stub.ClientCalls.getUnchecked(ClientCalls.java:243)
scm_1       | 2021-08-31 12:59:09,065 [EventQueue-NewNodeForNewNodeHandler] INFO pipeline.BackgroundPipelineCreator: trigger a one-shot run on RatisPipelineUtilsThread.
scm_1       | 2021-08-31 12:59:09,037 [IPC Server handler 66 on default port 9861] INFO net.NetworkTopologyImpl: Added a new node: /default-rack/e83189fa-31ff-4923-946d-de7f9db9aab4
scm_1       | 2021-08-31 12:59:09,107 [IPC Server handler 66 on default port 9861] INFO node.SCMNodeManager: Registered Data node : e83189fa-31ff-4923-946d-de7f9db9aab4{ip: 172.18.0.6, host: ozonesecure_datanode_2.ozonesecure_default, ports: [REPLICATION=9886, RATIS=9858, RATIS_ADMIN=9857, RATIS_SERVER=9856, STANDALONE=9859], networkLocation: /default-rack, certSerialId: 247893557703, persistedOpState: null, persistedOpStateExpiryEpochSec: 0}
scm_1       | 2021-08-31 12:59:09,107 [EventQueue-NewNodeForNewNodeHandler] INFO pipeline.BackgroundPipelineCreator: trigger a one-shot run on RatisPipelineUtilsThread.
recon_1     | 2021-08-31 12:59:31,336 [pool-19-thread-1] INFO tasks.NSSummaryTask: Completed a reprocess run of NSSummaryTask
recon_1     | 2021-08-31 12:59:31,718 [pool-19-thread-1] INFO tasks.TableCountTask: Completed a 'reprocess' run of TableCountTask.
recon_1     | 2021-08-31 12:59:31,722 [pool-19-thread-1] INFO tasks.ContainerKeyMapperTask: Starting a 'reprocess' run of ContainerKeyMapperTask.
recon_1     | 2021-08-31 12:59:32,020 [pool-19-thread-1] INFO tasks.ContainerKeyMapperTask: Completed 'reprocess' of ContainerKeyMapperTask.
recon_1     | 2021-08-31 12:59:32,024 [pool-19-thread-1] INFO tasks.ContainerKeyMapperTask: It took me 0.297 seconds to process 0 keys.
recon_1     | 2021-08-31 12:59:32,067 [pool-19-thread-1] INFO tasks.FileSizeCountTask: Deleted 0 records from "FILE_COUNT_BY_SIZE"
recon_1     | 2021-08-31 12:59:32,068 [pool-19-thread-1] INFO tasks.FileSizeCountTask: Completed a 'reprocess' run of FileSizeCountTask.
recon_1     | 2021-08-31 12:59:39,469 [Socket Reader #1 for port 9891] INFO ipc.Server: Auth successful for dn/dn@EXAMPLE.COM (auth:KERBEROS) from 172.18.0.7:46662
recon_1     | 2021-08-31 12:59:39,490 [Socket Reader #1 for port 9891] INFO authorize.ServiceAuthorizationManager: Authorization successful for dn/dn@EXAMPLE.COM (auth:KERBEROS) for protocol=interface org.apache.hadoop.ozone.protocol.ReconDatanodeProtocol
recon_1     | 2021-08-31 12:59:39,491 [IPC Server handler 7 on default port 9891] INFO scm.ReconNodeManager: Updating nodeDB for ozonesecure_datanode_3.ozonesecure_default
recon_1     | 2021-08-31 12:59:40,724 [EventQueue-PipelineReportForReconPipelineReportHandler] INFO scm.ReconPipelineReportHandler: Unknown pipeline PipelineID=876f4177-2449-48fb-bc0f-adc60977b117. Trying to get from SCM.
recon_1     | 2021-08-31 12:59:40,779 [EventQueue-PipelineReportForReconPipelineReportHandler] INFO scm.ReconPipelineReportHandler: Adding new pipeline Pipeline[ Id: 876f4177-2449-48fb-bc0f-adc60977b117, Nodes: b309e783-c49a-426d-bad1-41876724d450{ip: 172.18.0.7, host: ozonesecure_datanode_3.ozonesecure_default, ports: [REPLICATION=9886, RATIS=9858, RATIS_ADMIN=9857, RATIS_SERVER=9856, STANDALONE=9859], networkLocation: /default-rack, certSerialId: null, persistedOpState: IN_SERVICE, persistedOpStateExpiryEpochSec: 0}, ReplicationConfig: RATIS/ONE, State:OPEN, leaderId:b309e783-c49a-426d-bad1-41876724d450, CreationTimestamp2021-08-31T12:59:08.173Z[UTC]] to Recon pipeline metadata.
recon_1     | 2021-08-31 12:59:40,780 [EventQueue-PipelineReportForReconPipelineReportHandler] INFO pipeline.PipelineStateManager: Created pipeline Pipeline[ Id: 876f4177-2449-48fb-bc0f-adc60977b117, Nodes: b309e783-c49a-426d-bad1-41876724d450{ip: 172.18.0.7, host: ozonesecure_datanode_3.ozonesecure_default, ports: [REPLICATION=9886, RATIS=9858, RATIS_ADMIN=9857, RATIS_SERVER=9856, STANDALONE=9859], networkLocation: /default-rack, certSerialId: null, persistedOpState: IN_SERVICE, persistedOpStateExpiryEpochSec: 0}, ReplicationConfig: RATIS/ONE, State:OPEN, leaderId:b309e783-c49a-426d-bad1-41876724d450, CreationTimestamp2021-08-31T12:59:08.173Z[UTC]].
recon_1     | 2021-08-31 12:59:40,781 [EventQueue-PipelineReportForReconPipelineReportHandler] INFO ha.SCMHAInvocationHandler: Invoking method public abstract void org.apache.hadoop.hdds.scm.pipeline.StateManager.addPipeline(org.apache.hadoop.hdds.protocol.proto.HddsProtos$Pipeline) throws java.io.IOException on target org.apache.hadoop.hdds.scm.ha.MockSCMHAManager$MockRatisServer@204225f1, cost 1451.403us
recon_1     | 2021-08-31 12:59:41,070 [EventQueue-PipelineReportForReconPipelineReportHandler] INFO scm.ReconPipelineReportHandler: Pipeline RATIS/THREE PipelineID=cca445a8-ca17-4c84-aed8-6673bd9732d3 reported by b309e783-c49a-426d-bad1-41876724d450{ip: 172.18.0.7, host: ozonesecure_datanode_3.ozonesecure_default, ports: [REPLICATION=9886, RATIS=9858, RATIS_ADMIN=9857, RATIS_SERVER=9856, STANDALONE=9859], networkLocation: /default-rack, certSerialId: 247717559630, persistedOpState: null, persistedOpStateExpiryEpochSec: 0}
recon_1     | 2021-08-31 12:59:41,070 [EventQueue-PipelineReportForReconPipelineReportHandler] INFO pipeline.PipelineManagerImpl: Pipeline Pipeline[ Id: cca445a8-ca17-4c84-aed8-6673bd9732d3, Nodes: e83189fa-31ff-4923-946d-de7f9db9aab4{ip: 172.18.0.6, host: ozonesecure_datanode_2.ozonesecure_default, ports: [REPLICATION=9886, RATIS=9858, RATIS_ADMIN=9857, RATIS_SERVER=9856, STANDALONE=9859], networkLocation: /default-rack, certSerialId: null, persistedOpState: IN_SERVICE, persistedOpStateExpiryEpochSec: 0}4615491d-65d0-46eb-b6e0-f3b74b5dc28d{ip: 172.18.0.10, host: ozonesecure_datanode_1.ozonesecure_default, ports: [REPLICATION=9886, RATIS=9858, RATIS_ADMIN=9857, RATIS_SERVER=9856, STANDALONE=9859], networkLocation: /default-rack, certSerialId: null, persistedOpState: IN_SERVICE, persistedOpStateExpiryEpochSec: 0}b309e783-c49a-426d-bad1-41876724d450{ip: 172.18.0.7, host: ozonesecure_datanode_3.ozonesecure_default, ports: [REPLICATION=9886, RATIS=9858, RATIS_ADMIN=9857, RATIS_SERVER=9856, STANDALONE=9859], networkLocation: /default-rack, certSerialId: null, persistedOpState: IN_SERVICE, persistedOpStateExpiryEpochSec: 0}, ReplicationConfig: RATIS/THREE, State:ALLOCATED, leaderId:4615491d-65d0-46eb-b6e0-f3b74b5dc28d, CreationTimestamp2021-08-31T12:59:09.187Z[UTC]] moved to OPEN state
recon_1     | 2021-08-31 12:59:41,071 [EventQueue-PipelineReportForReconPipelineReportHandler] INFO ha.SCMHAInvocationHandler: Invoking method public abstract void org.apache.hadoop.hdds.scm.pipeline.StateManager.updatePipelineState(org.apache.hadoop.hdds.protocol.proto.HddsProtos$PipelineID,org.apache.hadoop.hdds.protocol.proto.HddsProtos$PipelineState) throws java.io.IOException on target org.apache.hadoop.hdds.scm.ha.MockSCMHAManager$MockRatisServer@204225f1, cost 744.702us
om_1        | 	at org.apache.hadoop.ozone.om.ratis.OzoneManagerStateMachine.runCommand(OzoneManagerStateMachine.java:502)
om_1        | 	at org.apache.hadoop.ozone.om.ratis.OzoneManagerStateMachine.lambda$2(OzoneManagerStateMachine.java:312)
om_1        | 	at java.base/java.util.concurrent.CompletableFuture$AsyncSupply.run(CompletableFuture.java:1700)
datanode_1  | 2021-08-31 12:59:43,155 [grpc-default-executor-0] INFO leader.FollowerInfo: 4615491d-65d0-46eb-b6e0-f3b74b5dc28d@group-6673BD9732D3->b309e783-c49a-426d-bad1-41876724d450: nextIndex: updateUnconditionally 1 -> 0
datanode_1  | 2021-08-31 13:00:03,756 [ChunkWriter-1-0] INFO client.DNCertificateClient: Getting certificate with certSerialId:257746386977.
datanode_1  | 2021-08-31 13:00:04,284 [Datanode State Machine Thread - 0] WARN statemachine.StateContext: No available thread in pool for past 30 seconds.
datanode_1  | 2021-08-31 13:00:43,156 [java.util.concurrent.ThreadPoolExecutor$Worker@524f7f85[State = -1, empty queue]] WARN server.GrpcLogAppender: 4615491d-65d0-46eb-b6e0-f3b74b5dc28d@group-6673BD9732D3->b309e783-c49a-426d-bad1-41876724d450-GrpcLogAppender:  appendEntries Timeout, request=AppendEntriesRequest:cid=8,entriesCount=1,lastEntry=(t:3, i:0)
datanode_1  | 2021-08-31 13:01:03,689 [java.util.concurrent.ThreadPoolExecutor$Worker@524f7f85[State = -1, empty queue]] WARN server.GrpcLogAppender: 4615491d-65d0-46eb-b6e0-f3b74b5dc28d@group-6673BD9732D3->b309e783-c49a-426d-bad1-41876724d450-GrpcLogAppender:  appendEntries Timeout, request=AppendEntriesRequest:cid=259,entriesCount=1,lastEntry=(t:3, i:1)
datanode_3  | 	at org.apache.ratis.thirdparty.io.grpc.stub.ClientCalls.blockingUnaryCall(ClientCalls.java:156)
datanode_3  | 	at org.apache.ratis.proto.grpc.AdminProtocolServiceGrpc$AdminProtocolServiceBlockingStub.groupManagement(AdminProtocolServiceGrpc.java:413)
datanode_3  | 	at org.apache.ratis.grpc.client.GrpcClientProtocolClient.lambda$groupAdd$5(GrpcClientProtocolClient.java:181)
datanode_3  | 	at org.apache.ratis.grpc.client.GrpcClientProtocolClient.blockingCall(GrpcClientProtocolClient.java:216)
datanode_3  | 	... 18 more
datanode_3  | 2021-08-31 12:59:42,054 [Command processor thread] INFO commandhandler.CreatePipelineCommandHandler: Created Pipeline RATIS THREE PipelineID=cca445a8-ca17-4c84-aed8-6673bd9732d3.
scm_1       | 2021-08-31 12:59:09,109 [EventQueue-NodeRegistrationContainerReportForDataNodeSafeModeRule] INFO safemode.SCMSafeModeManager: SCM in safe mode. 2 DataNodes registered, 3 required.
scm_1       | 2021-08-31 12:59:09,142 [EventQueue-NodeRegistrationContainerReportForDataNodeSafeModeRule] INFO safemode.SCMSafeModeManager: SCM in safe mode. 3 DataNodes registered, 3 required.
scm_1       | 2021-08-31 12:59:09,142 [EventQueue-NodeRegistrationContainerReportForDataNodeSafeModeRule] INFO safemode.SCMSafeModeManager: DataNodeSafeModeRule rule is successfully validated
om_1        | 	at java.base/java.util.concurrent.ThreadPoolExecutor.runWorker(ThreadPoolExecutor.java:1128)
om_1        | 	at java.base/java.util.concurrent.ThreadPoolExecutor$Worker.run(ThreadPoolExecutor.java:628)
om_1        | 	at java.base/java.lang.Thread.run(Thread.java:834)
om_1        | 2021-08-31 13:15:58,826 [Socket Reader #1 for port 9862] INFO ipc.Server: Auth successful for testuser/scm@EXAMPLE.COM (auth:KERBEROS) from 172.18.0.9:45951
om_1        | 2021-08-31 13:15:58,880 [Socket Reader #1 for port 9862] INFO authorize.ServiceAuthorizationManager: Authorization successful for testuser/scm@EXAMPLE.COM (auth:KERBEROS) for protocol=interface org.apache.hadoop.ozone.om.protocol.OzoneManagerProtocol
om_1        | 2021-08-31 13:16:06,300 [Socket Reader #1 for port 9862] INFO ipc.Server: Auth successful for testuser/scm@EXAMPLE.COM (auth:KERBEROS) from 172.18.0.9:41809
datanode_1  | 2021-08-31 13:01:03,798 [java.util.concurrent.ThreadPoolExecutor$Worker@524f7f85[State = -1, empty queue]] WARN server.GrpcLogAppender: 4615491d-65d0-46eb-b6e0-f3b74b5dc28d@group-6673BD9732D3->b309e783-c49a-426d-bad1-41876724d450-GrpcLogAppender:  appendEntries Timeout, request=AppendEntriesRequest:cid=260,entriesCount=1,lastEntry=(t:3, i:2)
