om3_1       | ENTITY_TOO_SMALL org.apache.hadoop.ozone.om.exceptions.OMException: Complete Multipart Upload Failed: Entity too small: volume: s3vbucket: bucket-41846key: multipartKey2
s3g_1       | 	at org.glassfish.jersey.server.model.internal.AbstractJavaResourceMethodDispatcher.dispatch(AbstractJavaResourceMethodDispatcher.java:103)
om2_1       | 2020-06-30 05:31:41,702 [grpc-default-executor-1] INFO ratis.OzoneManagerStateMachine: Latest Snapshot Info 0#-1
om1_1       | 	at org.apache.hadoop.hdds.server.OzoneProtocolMessageDispatcher.processRequest(OzoneProtocolMessageDispatcher.java:74)
om3_1       | 	at org.apache.hadoop.ozone.om.request.s3.multipart.S3MultipartUploadCompleteRequest.validateAndUpdateCache(S3MultipartUploadCompleteRequest.java:241)
s3g_1       | 	at org.glassfish.jersey.server.model.ResourceMethodInvoker.invoke(ResourceMethodInvoker.java:493)
om2_1       | 2020-06-30 05:31:42,207 [grpc-default-executor-1] INFO ratis.OzoneManagerStateMachine: Latest Snapshot Info 0#-1
om1_1       | 	at org.apache.hadoop.ozone.protocolPB.OzoneManagerProtocolServerSideTranslatorPB.submitRequest(OzoneManagerProtocolServerSideTranslatorPB.java:113)
om3_1       | 	at org.apache.hadoop.ozone.protocolPB.OzoneManagerRequestHandler.handleWriteRequest(OzoneManagerRequestHandler.java:227)
s3g_1       | 	at org.glassfish.jersey.server.model.ResourceMethodInvoker.apply(ResourceMethodInvoker.java:415)
om2_1       | 2020-06-30 05:31:42,714 [grpc-default-executor-1] INFO ratis.OzoneManagerStateMachine: Latest Snapshot Info 0#-1
om1_1       | 	at org.apache.hadoop.ozone.protocol.proto.OzoneManagerProtocolProtos$OzoneManagerService$2.callBlockingMethod(OzoneManagerProtocolProtos.java)
om3_1       | 	at org.apache.hadoop.ozone.om.ratis.OzoneManagerStateMachine.runCommand(OzoneManagerStateMachine.java:436)
s3g_1       | 	at org.glassfish.jersey.server.model.ResourceMethodInvoker.apply(ResourceMethodInvoker.java:104)
om2_1       | 2020-06-30 05:31:43,218 [grpc-default-executor-1] INFO ratis.OzoneManagerStateMachine: Latest Snapshot Info 0#-1
om1_1       | 	at org.apache.hadoop.ipc.ProtobufRpcEngine$Server$ProtoBufRpcInvoker.call(ProtobufRpcEngine.java:528)
om3_1       | 	at org.apache.hadoop.ozone.om.ratis.OzoneManagerStateMachine.lambda$applyTransaction$1(OzoneManagerStateMachine.java:248)
s3g_1       | 	at org.glassfish.jersey.server.ServerRuntime$1.run(ServerRuntime.java:277)
om2_1       | 2020-06-30 05:31:43,722 [grpc-default-executor-1] INFO ratis.OzoneManagerStateMachine: Latest Snapshot Info 0#-1
om1_1       | 	at org.apache.hadoop.ipc.RPC$Server.call(RPC.java:1070)
om3_1       | 	at java.base/java.util.concurrent.CompletableFuture$AsyncSupply.run(CompletableFuture.java:1700)
s3g_1       | 	at org.glassfish.jersey.internal.Errors$1.call(Errors.java:272)
om2_1       | 2020-06-30 05:31:44,227 [grpc-default-executor-1] INFO ratis.OzoneManagerStateMachine: Latest Snapshot Info 0#-1
om1_1       | 	at org.apache.hadoop.ipc.Server$RpcCall.run(Server.java:999)
om3_1       | 	at java.base/java.util.concurrent.ThreadPoolExecutor.runWorker(ThreadPoolExecutor.java:1128)
s3g_1       | 	at org.glassfish.jersey.internal.Errors$1.call(Errors.java:268)
om2_1       | 2020-06-30 05:31:44,735 [grpc-default-executor-1] INFO ratis.OzoneManagerStateMachine: Latest Snapshot Info 0#-1
om1_1       | 	at org.apache.hadoop.ipc.Server$RpcCall.run(Server.java:927)
om3_1       | 	at java.base/java.util.concurrent.ThreadPoolExecutor$Worker.run(ThreadPoolExecutor.java:628)
s3g_1       | 	at org.glassfish.jersey.internal.Errors.process(Errors.java:316)
om2_1       | 2020-06-30 05:31:45,244 [grpc-default-executor-1] INFO ratis.OzoneManagerStateMachine: Latest Snapshot Info 0#-1
om1_1       | 	at java.base/java.security.AccessController.doPrivileged(Native Method)
om3_1       | 	at java.base/java.lang.Thread.run(Thread.java:834)
s3g_1       | 	at org.glassfish.jersey.internal.Errors.process(Errors.java:298)
om2_1       | 2020-06-30 05:31:45,750 [grpc-default-executor-1] INFO ratis.OzoneManagerStateMachine: Latest Snapshot Info 0#-1
om1_1       | 	at java.base/javax.security.auth.Subject.doAs(Subject.java:423)
om3_1       | 2020-06-30 05:33:07,660 [OM StateMachine ApplyTransaction Thread - 0] ERROR multipart.S3MultipartUploadCompleteRequest: Unrecognized Result for S3MultipartUploadCommitRequest: keyArgs {
s3g_1       | 	at org.glassfish.jersey.internal.Errors.process(Errors.java:268)
om2_1       | 2020-06-30 05:31:46,255 [grpc-default-executor-1] INFO ratis.OzoneManagerStateMachine: Latest Snapshot Info 0#-1
om1_1       | 	at org.apache.hadoop.security.UserGroupInformation.doAs(UserGroupInformation.java:1730)
om3_1       |   volumeName: "s3v"
s3g_1       | 	at org.glassfish.jersey.process.internal.RequestScope.runInScope(RequestScope.java:289)
om2_1       | 2020-06-30 05:31:46,763 [grpc-default-executor-1] INFO ratis.OzoneManagerStateMachine: Latest Snapshot Info 0#-1
om1_1       | 	at org.apache.hadoop.ipc.Server$Handler.run(Server.java:2915)
om3_1       |   bucketName: "bucket-41846"
s3g_1       | 	at org.glassfish.jersey.server.ServerRuntime.process(ServerRuntime.java:256)
om2_1       | 2020-06-30 05:31:47,269 [grpc-default-executor-1] INFO ratis.OzoneManagerStateMachine: Latest Snapshot Info 0#-1
om1_1       | 2020-06-30 05:32:08,586 [grpc-default-executor-4] INFO ratis.OzoneManagerStateMachine: Latest Snapshot Info 0#-1
om3_1       |   keyName: "multipartKey2"
s3g_1       | 	at org.glassfish.jersey.server.ApplicationHandler.handle(ApplicationHandler.java:703)
om2_1       | 2020-06-30 05:31:47,773 [grpc-default-executor-1] INFO ratis.OzoneManagerStateMachine: Latest Snapshot Info 0#-1
om1_1       | 2020-06-30 05:32:08,823 [grpc-default-executor-4] INFO ratis.OzoneManagerStateMachine: Latest Snapshot Info 0#-1
om3_1       |   multipartUploadID: "7c11d669-5bdc-41e9-800b-a07d7f02c4f2-104431300466507785"
s3g_1       | 	at org.glassfish.jersey.servlet.WebComponent.serviceImpl(WebComponent.java:416)
om2_1       | 2020-06-30 05:31:48,278 [grpc-default-executor-1] INFO ratis.OzoneManagerStateMachine: Latest Snapshot Info 0#-1
om1_1       | 2020-06-30 05:32:08,823 [grpc-default-executor-4] INFO ratis.OzoneManagerStateMachine: Latest Snapshot Info 0#-1
om3_1       |   acls {
s3g_1       | 	at org.glassfish.jersey.servlet.WebComponent.service(WebComponent.java:370)
om2_1       | 2020-06-30 05:31:48,788 [grpc-default-executor-1] INFO ratis.OzoneManagerStateMachine: Latest Snapshot Info 0#-1
om1_1       | 2020-06-30 05:32:08,848 [grpc-default-executor-4] INFO ratis.OzoneManagerStateMachine: Latest Snapshot Info 0#-1
om3_1       |     type: USER
s3g_1       | 	at org.glassfish.jersey.servlet.ServletContainer.service(ServletContainer.java:389)
om2_1       | 2020-06-30 05:31:49,294 [grpc-default-executor-1] INFO ratis.OzoneManagerStateMachine: Latest Snapshot Info 0#-1
om1_1       | 2020-06-30 05:32:08,848 [grpc-default-executor-4] INFO ratis.OzoneManagerStateMachine: Latest Snapshot Info 0#-1
om3_1       |     name: "dlfknslnfslf"
s3g_1       | 	at org.glassfish.jersey.servlet.ServletContainer.service(ServletContainer.java:342)
om2_1       | 2020-06-30 05:31:49,799 [grpc-default-executor-1] INFO ratis.OzoneManagerStateMachine: Latest Snapshot Info 0#-1
om1_1       | 2020-06-30 05:32:09,378 [grpc-default-executor-4] INFO ratis.OzoneManagerStateMachine: Latest Snapshot Info 0#-1
om3_1       |     rights: "\200"
s3g_1       | 	at org.glassfish.jersey.servlet.ServletContainer.service(ServletContainer.java:229)
om2_1       | 2020-06-30 05:31:50,303 [grpc-default-executor-1] INFO ratis.OzoneManagerStateMachine: Latest Snapshot Info 0#-1
om1_1       | 2020-06-30 05:32:09,597 [IPC Server handler 54 on default port 9862] INFO ipc.Server: IPC Server handler 54 on default port 9862, call Call#3 Retry#0 org.apache.hadoop.ozone.om.protocol.OzoneManagerProtocol.submitRequest from 172.22.0.2:52410
om3_1       |     aclScope: ACCESS
s3g_1       | 	at org.eclipse.jetty.servlet.ServletHolder$NotAsyncServlet.service(ServletHolder.java:1395)
om2_1       | 2020-06-30 05:31:50,808 [grpc-default-executor-1] INFO ratis.OzoneManagerStateMachine: Latest Snapshot Info 0#-1
om1_1       | org.apache.hadoop.ozone.om.exceptions.OMNotLeaderException: OM:om1 is not the leader. Suggested leader is OM:om3.
om3_1       |   }
s3g_1       | 	at org.eclipse.jetty.servlet.ServletHolder.handle(ServletHolder.java:755)
om2_1       | 2020-06-30 05:31:51,314 [grpc-default-executor-1] INFO ratis.OzoneManagerStateMachine: Latest Snapshot Info 0#-1
om1_1       | 	at org.apache.hadoop.ozone.protocolPB.OzoneManagerProtocolServerSideTranslatorPB.createNotLeaderException(OzoneManagerProtocolServerSideTranslatorPB.java:198)
om3_1       |   modificationTime: 1593495187602
s3g_1       | 	at org.eclipse.jetty.servlet.ServletHandler$CachedChain.doFilter(ServletHandler.java:1617)
om2_1       | 2020-06-30 05:31:51,823 [grpc-default-executor-1] INFO ratis.OzoneManagerStateMachine: Latest Snapshot Info 0#-1
om1_1       | 	at org.apache.hadoop.ozone.protocolPB.OzoneManagerProtocolServerSideTranslatorPB.submitReadRequestToOM(OzoneManagerProtocolServerSideTranslatorPB.java:186)
om3_1       | }
s3g_1       | 	at org.apache.hadoop.ozone.s3.RootPageDisplayFilter.doFilter(RootPageDisplayFilter.java:53)
s3g_1       | 	at org.eclipse.jetty.servlet.ServletHandler$CachedChain.doFilter(ServletHandler.java:1596)
om1_1       | 	at org.apache.hadoop.ozone.protocolPB.OzoneManagerProtocolServerSideTranslatorPB.processRequest(OzoneManagerProtocolServerSideTranslatorPB.java:123)
om3_1       | partsList {
om3_1       |   partNumber: 1
om3_1       |   partName: "/s3v/bucket-41846/multipartKey2104431300506746890"
om2_1       | 2020-06-30 05:31:52,330 [grpc-default-executor-1] INFO ratis.OzoneManagerStateMachine: Latest Snapshot Info 0#-1
om2_1       | 2020-06-30 05:31:52,836 [grpc-default-executor-1] INFO ratis.OzoneManagerStateMachine: Latest Snapshot Info 0#-1
om2_1       | 2020-06-30 05:31:53,345 [grpc-default-executor-1] INFO ratis.OzoneManagerStateMachine: Latest Snapshot Info 0#-1
om2_1       | 2020-06-30 05:31:53,849 [grpc-default-executor-1] INFO ratis.OzoneManagerStateMachine: Latest Snapshot Info 0#-1
om2_1       | 2020-06-30 05:31:54,355 [grpc-default-executor-1] INFO ratis.OzoneManagerStateMachine: Latest Snapshot Info 0#-1
om2_1       | 2020-06-30 05:31:54,869 [grpc-default-executor-1] INFO ratis.OzoneManagerStateMachine: Latest Snapshot Info 0#-1
om1_1       | 	at org.apache.hadoop.hdds.server.OzoneProtocolMessageDispatcher.processRequest(OzoneProtocolMessageDispatcher.java:74)
om1_1       | 	at org.apache.hadoop.ozone.protocolPB.OzoneManagerProtocolServerSideTranslatorPB.submitRequest(OzoneManagerProtocolServerSideTranslatorPB.java:113)
om1_1       | 	at org.apache.hadoop.ozone.protocol.proto.OzoneManagerProtocolProtos$OzoneManagerService$2.callBlockingMethod(OzoneManagerProtocolProtos.java)
om1_1       | 	at org.apache.hadoop.ipc.ProtobufRpcEngine$Server$ProtoBufRpcInvoker.call(ProtobufRpcEngine.java:528)
om1_1       | 	at org.apache.hadoop.ipc.RPC$Server.call(RPC.java:1070)
om1_1       | 	at org.apache.hadoop.ipc.Server$RpcCall.run(Server.java:999)
om1_1       | 	at org.apache.hadoop.ipc.Server$RpcCall.run(Server.java:927)
om1_1       | 	at java.base/java.security.AccessController.doPrivileged(Native Method)
om1_1       | 	at java.base/javax.security.auth.Subject.doAs(Subject.java:423)
om1_1       | 	at org.apache.hadoop.security.UserGroupInformation.doAs(UserGroupInformation.java:1730)
om1_1       | 	at org.apache.hadoop.ipc.Server$Handler.run(Server.java:2915)
om1_1       | 2020-06-30 05:32:09,883 [grpc-default-executor-4] INFO ratis.OzoneManagerStateMachine: Latest Snapshot Info 0#-1
om3_1       | }
om2_1       | 2020-06-30 05:31:55,376 [grpc-default-executor-1] INFO ratis.OzoneManagerStateMachine: Latest Snapshot Info 0#-1
s3g_1       | 	at org.apache.hadoop.hdds.server.http.HttpServer2$QuotingInputFilter.doFilter(HttpServer2.java:1644)
om1_1       | 2020-06-30 05:32:10,014 [grpc-default-executor-4] INFO ratis.OzoneManagerStateMachine: Latest Snapshot Info 0#-1
om3_1       | partsList {
om2_1       | 2020-06-30 05:31:55,883 [grpc-default-executor-1] INFO ratis.OzoneManagerStateMachine: Latest Snapshot Info 0#-1
s3g_1       | 	at org.eclipse.jetty.servlet.ServletHandler$CachedChain.doFilter(ServletHandler.java:1604)
s3g_1       | 	at org.apache.hadoop.hdds.server.http.NoCacheFilter.doFilter(NoCacheFilter.java:48)
om1_1       | 2020-06-30 05:32:10,017 [grpc-default-executor-4] INFO ratis.OzoneManagerStateMachine: Latest Snapshot Info 0#-1
om3_1       |   partNumber: 2
om2_1       | 2020-06-30 05:31:56,390 [grpc-default-executor-1] INFO ratis.OzoneManagerStateMachine: Latest Snapshot Info 0#-1
s3g_1       | 	at org.eclipse.jetty.servlet.ServletHandler$CachedChain.doFilter(ServletHandler.java:1604)
om1_1       | 2020-06-30 05:32:10,032 [grpc-default-executor-4] INFO ratis.OzoneManagerStateMachine: Latest Snapshot Info 0#-1
om3_1       |   partName: "/s3v/bucket-41846/multipartKey2104431300560551947"
om2_1       | 2020-06-30 05:31:56,895 [grpc-default-executor-1] INFO ratis.OzoneManagerStateMachine: Latest Snapshot Info 0#-1
s3g_1       | 	at org.eclipse.jetty.servlet.ServletHandler.doHandle(ServletHandler.java:545)
om1_1       | 2020-06-30 05:32:10,032 [grpc-default-executor-4] INFO ratis.OzoneManagerStateMachine: Latest Snapshot Info 0#-1
om3_1       | }
om2_1       | 2020-06-30 05:31:57,401 [grpc-default-executor-1] INFO ratis.OzoneManagerStateMachine: Latest Snapshot Info 0#-1
s3g_1       | 	at org.eclipse.jetty.server.handler.ScopedHandler.handle(ScopedHandler.java:143)
om1_1       | 2020-06-30 05:32:10,557 [grpc-default-executor-4] INFO ratis.OzoneManagerStateMachine: Latest Snapshot Info 0#-1
om3_1       | 
om2_1       | 2020-06-30 05:31:57,909 [grpc-default-executor-1] INFO ratis.OzoneManagerStateMachine: Latest Snapshot Info 0#-1
s3g_1       | 	at org.eclipse.jetty.security.SecurityHandler.handle(SecurityHandler.java:590)
om1_1       | 2020-06-30 05:32:11,095 [grpc-default-executor-4] INFO ratis.OzoneManagerStateMachine: Latest Snapshot Info 0#-1
om2_1       | 2020-06-30 05:31:58,417 [grpc-default-executor-1] INFO ratis.OzoneManagerStateMachine: Latest Snapshot Info 0#-1
om3_1       | 2020-06-30 05:33:08,782 [OM StateMachine ApplyTransaction Thread - 0] ERROR multipart.S3MultipartUploadCompleteRequest: Complete MultipartUpload failed for key /s3v/bucket-41846/multipartKey3 , MPU Key has no parts in OM, parts given to upload are [partNumber: 1
s3g_1       | 	at org.eclipse.jetty.server.handler.HandlerWrapper.handle(HandlerWrapper.java:127)
om1_1       | 2020-06-30 05:32:11,602 [grpc-default-executor-4] INFO ratis.OzoneManagerStateMachine: Latest Snapshot Info 0#-1
om2_1       | 2020-06-30 05:31:58,923 [grpc-default-executor-1] INFO ratis.OzoneManagerStateMachine: Latest Snapshot Info 0#-1
om3_1       | partName: "etag1"
s3g_1       | 	at org.eclipse.jetty.server.handler.ScopedHandler.nextHandle(ScopedHandler.java:235)
om1_1       | 2020-06-30 05:32:12,107 [grpc-default-executor-4] INFO ratis.OzoneManagerStateMachine: Latest Snapshot Info 0#-1
om2_1       | 2020-06-30 05:31:59,324 [IPC Server handler 36 on default port 9862] INFO ipc.Server: IPC Server handler 36 on default port 9862, call Call#0 Retry#1 org.apache.hadoop.ozone.om.protocol.OzoneManagerProtocol.submitRequest from 172.22.0.4:52926
om3_1       | , partNumber: 2
s3g_1       | 	at org.eclipse.jetty.server.session.SessionHandler.doHandle(SessionHandler.java:1607)
om1_1       | 2020-06-30 05:32:12,612 [grpc-default-executor-4] INFO ratis.OzoneManagerStateMachine: Latest Snapshot Info 0#-1
om2_1       | org.apache.hadoop.ozone.om.exceptions.OMNotLeaderException: OM:om2 is not the leader. Suggested leader is OM:om3.
om3_1       | partName: "etag2"
s3g_1       | 	at org.eclipse.jetty.server.handler.ScopedHandler.nextHandle(ScopedHandler.java:233)
om1_1       | 2020-06-30 05:32:13,117 [grpc-default-executor-4] INFO ratis.OzoneManagerStateMachine: Latest Snapshot Info 0#-1
om2_1       | 	at org.apache.hadoop.ozone.protocolPB.OzoneManagerProtocolServerSideTranslatorPB.createNotLeaderException(OzoneManagerProtocolServerSideTranslatorPB.java:198)
om3_1       | ]
s3g_1       | 	at org.eclipse.jetty.server.handler.ContextHandler.doHandle(ContextHandler.java:1297)
om1_1       | 2020-06-30 05:32:13,621 [grpc-default-executor-4] INFO ratis.OzoneManagerStateMachine: Latest Snapshot Info 0#-1
om2_1       | 	at org.apache.hadoop.ozone.protocolPB.OzoneManagerProtocolServerSideTranslatorPB.submitReadRequestToOM(OzoneManagerProtocolServerSideTranslatorPB.java:186)
om2_1       | 	at org.apache.hadoop.ozone.protocolPB.OzoneManagerProtocolServerSideTranslatorPB.processRequest(OzoneManagerProtocolServerSideTranslatorPB.java:123)
s3g_1       | 	at org.eclipse.jetty.server.handler.ScopedHandler.nextScope(ScopedHandler.java:188)
om1_1       | 2020-06-30 05:32:14,126 [grpc-default-executor-4] INFO ratis.OzoneManagerStateMachine: Latest Snapshot Info 0#-1
om2_1       | 	at org.apache.hadoop.hdds.server.OzoneProtocolMessageDispatcher.processRequest(OzoneProtocolMessageDispatcher.java:74)
om2_1       | 	at org.apache.hadoop.ozone.protocolPB.OzoneManagerProtocolServerSideTranslatorPB.submitRequest(OzoneManagerProtocolServerSideTranslatorPB.java:113)
s3g_1       | 	at org.eclipse.jetty.servlet.ServletHandler.doScope(ServletHandler.java:485)
om1_1       | 2020-06-30 05:32:14,338 [grpc-default-executor-4] INFO ratis.OzoneManagerStateMachine: Latest Snapshot Info 0#-1
om2_1       | 	at org.apache.hadoop.ozone.protocol.proto.OzoneManagerProtocolProtos$OzoneManagerService$2.callBlockingMethod(OzoneManagerProtocolProtos.java)
om3_1       | 2020-06-30 05:33:08,783 [OM StateMachine ApplyTransaction Thread - 0] ERROR multipart.S3MultipartUploadCompleteRequest: MultipartUpload Complete request failed for Key: multipartKey3 in Volume/Bucket s3v/bucket-41846
s3g_1       | 	at org.eclipse.jetty.server.session.SessionHandler.doScope(SessionHandler.java:1577)
om2_1       | 	at org.apache.hadoop.ipc.ProtobufRpcEngine$Server$ProtoBufRpcInvoker.call(ProtobufRpcEngine.java:528)
om3_1       | INVALID_PART org.apache.hadoop.ozone.om.exceptions.OMException: Complete Multipart Upload Failed: volume: s3vbucket: bucket-41846key: multipartKey3
om1_1       | 2020-06-30 05:32:14,339 [grpc-default-executor-4] INFO ratis.OzoneManagerStateMachine: Latest Snapshot Info 0#-1
s3g_1       | 	at org.eclipse.jetty.server.handler.ScopedHandler.nextScope(ScopedHandler.java:186)
om2_1       | 	at org.apache.hadoop.ipc.RPC$Server.call(RPC.java:1070)
om3_1       | 	at org.apache.hadoop.ozone.om.request.s3.multipart.S3MultipartUploadCompleteRequest.validateAndUpdateCache(S3MultipartUploadCompleteRequest.java:181)
om1_1       | 2020-06-30 05:32:14,354 [grpc-default-executor-4] INFO ratis.OzoneManagerStateMachine: Latest Snapshot Info 0#-1
s3g_1       | 	at org.eclipse.jetty.server.handler.ContextHandler.doScope(ContextHandler.java:1212)
om2_1       | 	at org.apache.hadoop.ipc.Server$RpcCall.run(Server.java:999)
om3_1       | 	at org.apache.hadoop.ozone.protocolPB.OzoneManagerRequestHandler.handleWriteRequest(OzoneManagerRequestHandler.java:227)
om1_1       | 2020-06-30 05:32:14,354 [grpc-default-executor-4] INFO ratis.OzoneManagerStateMachine: Latest Snapshot Info 0#-1
s3g_1       | 	at org.eclipse.jetty.server.handler.ScopedHandler.handle(ScopedHandler.java:141)
om2_1       | 	at org.apache.hadoop.ipc.Server$RpcCall.run(Server.java:927)
om3_1       | 	at org.apache.hadoop.ozone.om.ratis.OzoneManagerStateMachine.runCommand(OzoneManagerStateMachine.java:436)
om1_1       | 2020-06-30 05:32:14,911 [grpc-default-executor-4] INFO ratis.OzoneManagerStateMachine: Latest Snapshot Info 0#-1
s3g_1       | 	at org.eclipse.jetty.server.handler.HandlerCollection.handle(HandlerCollection.java:146)
om2_1       | 	at java.base/java.security.AccessController.doPrivileged(Native Method)
om3_1       | 	at org.apache.hadoop.ozone.om.ratis.OzoneManagerStateMachine.lambda$applyTransaction$1(OzoneManagerStateMachine.java:248)
om1_1       | 2020-06-30 05:32:15,234 [IPC Server handler 1 on default port 9862] INFO ipc.Server: IPC Server handler 1 on default port 9862, call Call#8 Retry#0 org.apache.hadoop.ozone.om.protocol.OzoneManagerProtocol.submitRequest from 172.22.0.2:52458
s3g_1       | 	at org.eclipse.jetty.server.handler.HandlerWrapper.handle(HandlerWrapper.java:127)
om2_1       | 	at java.base/javax.security.auth.Subject.doAs(Subject.java:423)
om3_1       | 	at java.base/java.util.concurrent.CompletableFuture$AsyncSupply.run(CompletableFuture.java:1700)
om1_1       | org.apache.hadoop.ozone.om.exceptions.OMNotLeaderException: OM:om1 is not the leader. Suggested leader is OM:om3.
s3g_1       | 	at org.eclipse.jetty.server.Server.handle(Server.java:500)
om2_1       | 	at org.apache.hadoop.security.UserGroupInformation.doAs(UserGroupInformation.java:1730)
om2_1       | 	at org.apache.hadoop.ipc.Server$Handler.run(Server.java:2915)
om1_1       | 	at org.apache.hadoop.ozone.protocolPB.OzoneManagerProtocolServerSideTranslatorPB.createNotLeaderException(OzoneManagerProtocolServerSideTranslatorPB.java:198)
s3g_1       | 	at org.eclipse.jetty.server.HttpChannel.lambda$handle$1(HttpChannel.java:383)
om2_1       | 2020-06-30 05:31:59,451 [grpc-default-executor-1] INFO ratis.OzoneManagerStateMachine: Latest Snapshot Info 0#-1
om3_1       | 	at java.base/java.util.concurrent.ThreadPoolExecutor.runWorker(ThreadPoolExecutor.java:1128)
om1_1       | 	at org.apache.hadoop.ozone.protocolPB.OzoneManagerProtocolServerSideTranslatorPB.submitReadRequestToOM(OzoneManagerProtocolServerSideTranslatorPB.java:186)
s3g_1       | 	at org.eclipse.jetty.server.HttpChannel.dispatch(HttpChannel.java:547)
om2_1       | 2020-06-30 05:31:59,955 [grpc-default-executor-1] INFO ratis.OzoneManagerStateMachine: Latest Snapshot Info 0#-1
om3_1       | 	at java.base/java.util.concurrent.ThreadPoolExecutor$Worker.run(ThreadPoolExecutor.java:628)
om1_1       | 	at org.apache.hadoop.ozone.protocolPB.OzoneManagerProtocolServerSideTranslatorPB.processRequest(OzoneManagerProtocolServerSideTranslatorPB.java:123)
s3g_1       | 	at org.eclipse.jetty.server.HttpChannel.handle(HttpChannel.java:375)
om2_1       | 2020-06-30 05:32:00,461 [grpc-default-executor-1] INFO ratis.OzoneManagerStateMachine: Latest Snapshot Info 0#-1
om3_1       | 	at java.base/java.lang.Thread.run(Thread.java:834)
om1_1       | 	at org.apache.hadoop.hdds.server.OzoneProtocolMessageDispatcher.processRequest(OzoneProtocolMessageDispatcher.java:74)
s3g_1       | 	at org.eclipse.jetty.server.HttpConnection.onFillable(HttpConnection.java:270)
om2_1       | 2020-06-30 05:32:00,871 [grpc-default-executor-1] INFO ratis.OzoneManagerStateMachine: Latest Snapshot Info 0#-1
om3_1       | 2020-06-30 05:33:08,784 [OM StateMachine ApplyTransaction Thread - 0] ERROR multipart.S3MultipartUploadCompleteRequest: Unrecognized Result for S3MultipartUploadCommitRequest: keyArgs {
om1_1       | 	at org.apache.hadoop.ozone.protocolPB.OzoneManagerProtocolServerSideTranslatorPB.submitRequest(OzoneManagerProtocolServerSideTranslatorPB.java:113)
s3g_1       | 	at org.eclipse.jetty.io.AbstractConnection$ReadCallback.succeeded(AbstractConnection.java:311)
om2_1       | 2020-06-30 05:32:00,871 [grpc-default-executor-1] INFO ratis.OzoneManagerStateMachine: Latest Snapshot Info 0#-1
om3_1       |   volumeName: "s3v"
om1_1       | 	at org.apache.hadoop.ozone.protocol.proto.OzoneManagerProtocolProtos$OzoneManagerService$2.callBlockingMethod(OzoneManagerProtocolProtos.java)
s3g_1       | 	at org.eclipse.jetty.io.FillInterest.fillable(FillInterest.java:103)
om2_1       | 2020-06-30 05:32:00,887 [grpc-default-executor-1] INFO ratis.OzoneManagerStateMachine: Latest Snapshot Info 0#-1
om3_1       |   bucketName: "bucket-41846"
om1_1       | 	at org.apache.hadoop.ipc.ProtobufRpcEngine$Server$ProtoBufRpcInvoker.call(ProtobufRpcEngine.java:528)
s3g_1       | 	at org.eclipse.jetty.io.ChannelEndPoint$2.run(ChannelEndPoint.java:117)
om2_1       | 2020-06-30 05:32:00,887 [grpc-default-executor-1] INFO ratis.OzoneManagerStateMachine: Latest Snapshot Info 0#-1
om3_1       |   keyName: "multipartKey3"
om1_1       | 	at org.apache.hadoop.ipc.RPC$Server.call(RPC.java:1070)
s3g_1       | 	at org.eclipse.jetty.util.thread.strategy.EatWhatYouKill.runTask(EatWhatYouKill.java:336)
om2_1       | 2020-06-30 05:32:01,409 [grpc-default-executor-1] INFO ratis.OzoneManagerStateMachine: Latest Snapshot Info 0#-1
om3_1       |   multipartUploadID: "19ffdc64-d8c1-408b-9677-570a12b447c2-104431300655448076"
om1_1       | 	at org.apache.hadoop.ipc.Server$RpcCall.run(Server.java:999)
s3g_1       | 	at org.eclipse.jetty.util.thread.strategy.EatWhatYouKill.doProduce(EatWhatYouKill.java:313)
om2_1       | 2020-06-30 05:32:01,926 [grpc-default-executor-1] INFO ratis.OzoneManagerStateMachine: Latest Snapshot Info 0#-1
om3_1       |   acls {
om1_1       | 	at org.apache.hadoop.ipc.Server$RpcCall.run(Server.java:927)
s3g_1       | 	at org.eclipse.jetty.util.thread.strategy.EatWhatYouKill.tryProduce(EatWhatYouKill.java:171)
om2_1       | 2020-06-30 05:32:02,088 [OM StateMachine ApplyTransaction Thread - 0] INFO volume.OMVolumeCreateRequest: created volume:s3v for user:hadoop
om3_1       |     type: USER
om1_1       | 	at java.base/java.security.AccessController.doPrivileged(Native Method)
s3g_1       | 	at org.eclipse.jetty.util.thread.strategy.EatWhatYouKill.run(EatWhatYouKill.java:129)
om2_1       | 2020-06-30 05:32:02,431 [grpc-default-executor-1] INFO ratis.OzoneManagerStateMachine: Latest Snapshot Info 0#-1
om3_1       |     name: "dlfknslnfslf"
om1_1       | 	at java.base/javax.security.auth.Subject.doAs(Subject.java:423)
s3g_1       | 	at org.eclipse.jetty.util.thread.ReservedThreadExecutor$ReservedThread.run(ReservedThreadExecutor.java:388)
om2_1       | 2020-06-30 05:32:02,938 [grpc-default-executor-1] INFO ratis.OzoneManagerStateMachine: Latest Snapshot Info 0#-1
om3_1       |     rights: "\200"
om1_1       | 	at org.apache.hadoop.security.UserGroupInformation.doAs(UserGroupInformation.java:1730)
s3g_1       | 	at org.eclipse.jetty.util.thread.QueuedThreadPool.runJob(QueuedThreadPool.java:806)
om2_1       | 2020-06-30 05:32:03,447 [grpc-default-executor-1] INFO ratis.OzoneManagerStateMachine: Latest Snapshot Info 0#-1
om3_1       |     aclScope: ACCESS
om1_1       | 	at org.apache.hadoop.ipc.Server$Handler.run(Server.java:2915)
s3g_1       | 	at org.eclipse.jetty.util.thread.QueuedThreadPool$Runner.run(QueuedThreadPool.java:938)
om2_1       | 2020-06-30 05:32:03,954 [grpc-default-executor-1] INFO ratis.OzoneManagerStateMachine: Latest Snapshot Info 0#-1
om3_1       |   }
om1_1       | 2020-06-30 05:32:15,276 [grpc-default-executor-4] INFO ratis.OzoneManagerStateMachine: Latest Snapshot Info 0#-1
s3g_1       | 	at java.base/java.lang.Thread.run(Thread.java:834)
om2_1       | 2020-06-30 05:32:04,458 [grpc-default-executor-1] INFO ratis.OzoneManagerStateMachine: Latest Snapshot Info 0#-1
om3_1       |   modificationTime: 1593495188775
om1_1       | 2020-06-30 05:32:15,277 [grpc-default-executor-4] INFO ratis.OzoneManagerStateMachine: Latest Snapshot Info 0#-1
s3g_1       | 2020-06-30 05:32:25,690 [qtp1667305539-18] ERROR exception.S3ErrorTable: <?xml version="1.0" encoding="UTF-8"?>
om2_1       | 2020-06-30 05:32:04,962 [grpc-default-executor-1] INFO ratis.OzoneManagerStateMachine: Latest Snapshot Info 0#-1
om3_1       | }
om1_1       | 2020-06-30 05:32:15,283 [grpc-default-executor-4] INFO ratis.OzoneManagerStateMachine: Latest Snapshot Info 0#-1
s3g_1       | <Error>
om2_1       | 2020-06-30 05:32:05,470 [grpc-default-executor-1] INFO ratis.OzoneManagerStateMachine: Latest Snapshot Info 0#-1
om3_1       | partsList {
om1_1       | 2020-06-30 05:32:15,283 [grpc-default-executor-4] INFO ratis.OzoneManagerStateMachine: Latest Snapshot Info 0#-1
s3g_1       |   <Code>InvalidBucketName</Code>
om2_1       | 2020-06-30 05:32:05,977 [grpc-default-executor-1] INFO ratis.OzoneManagerStateMachine: Latest Snapshot Info 0#-1
om3_1       |   partNumber: 1
om1_1       | 2020-06-30 05:32:15,412 [grpc-default-executor-4] INFO ratis.OzoneManagerStateMachine: Latest Snapshot Info 0#-1
s3g_1       |   <Message>The specified bucket is not valid.</Message>
om2_1       | 2020-06-30 05:32:06,194 [IPC Server handler 90 on default port 9862] INFO ipc.Server: IPC Server handler 90 on default port 9862, call Call#0 Retry#1 org.apache.hadoop.ozone.om.protocol.OzoneManagerProtocol.submitRequest from 172.22.0.4:52954
om3_1       |   partName: "etag1"
om1_1       | 2020-06-30 05:32:15,412 [grpc-default-executor-4] INFO ratis.OzoneManagerStateMachine: Latest Snapshot Info 0#-1
s3g_1       |   <Resource>bucket_1</Resource>
om2_1       | org.apache.hadoop.ozone.om.exceptions.OMNotLeaderException: OM:om2 is not the leader. Suggested leader is OM:om3.
om3_1       | }
om1_1       | 2020-06-30 05:32:15,426 [grpc-default-executor-4] INFO ratis.OzoneManagerStateMachine: Latest Snapshot Info 0#-1
s3g_1       |   <RequestId/>
om2_1       | 	at org.apache.hadoop.ozone.protocolPB.OzoneManagerProtocolServerSideTranslatorPB.createNotLeaderException(OzoneManagerProtocolServerSideTranslatorPB.java:198)
om3_1       | partsList {
om1_1       | 2020-06-30 05:32:15,427 [grpc-default-executor-4] INFO ratis.OzoneManagerStateMachine: Latest Snapshot Info 0#-1
s3g_1       | </Error>
om2_1       | 	at org.apache.hadoop.ozone.protocolPB.OzoneManagerProtocolServerSideTranslatorPB.submitReadRequestToOM(OzoneManagerProtocolServerSideTranslatorPB.java:186)
om3_1       |   partNumber: 2
om1_1       | 2020-06-30 05:32:15,942 [grpc-default-executor-4] INFO ratis.OzoneManagerStateMachine: Latest Snapshot Info 0#-1
s3g_1       | 
om2_1       | 	at org.apache.hadoop.ozone.protocolPB.OzoneManagerProtocolServerSideTranslatorPB.processRequest(OzoneManagerProtocolServerSideTranslatorPB.java:123)
om3_1       |   partName: "etag2"
om1_1       | 2020-06-30 05:32:16,019 [IPC Server handler 2 on default port 9862] INFO ipc.Server: IPC Server handler 2 on default port 9862, call Call#13 Retry#0 org.apache.hadoop.ozone.om.protocol.OzoneManagerProtocol.submitRequest from 172.22.0.2:52468
s3g_1       | 2020-06-30 05:32:30,959 [qtp1667305539-24] INFO s3.AWSV4SignatureProcessor: Initializing request header parser
s3g_1       | 2020-06-30 05:32:30,976 [qtp1667305539-24] INFO retry.RetryInvocationHandler: com.google.protobuf.ServiceException: org.apache.hadoop.ipc.RemoteException(org.apache.hadoop.ozone.om.exceptions.OMNotLeaderException): OM:om2 is not the leader. Suggested leader is OM:om3.
om2_1       | 	at org.apache.hadoop.hdds.server.OzoneProtocolMessageDispatcher.processRequest(OzoneProtocolMessageDispatcher.java:74)
om3_1       | }
om1_1       | org.apache.hadoop.ozone.om.exceptions.OMNotLeaderException: OM:om1 is not the leader. Suggested leader is OM:om3.
s3g_1       | 	at org.apache.hadoop.ozone.protocolPB.OzoneManagerProtocolServerSideTranslatorPB.createNotLeaderException(OzoneManagerProtocolServerSideTranslatorPB.java:198)
om2_1       | 	at org.apache.hadoop.ozone.protocolPB.OzoneManagerProtocolServerSideTranslatorPB.submitRequest(OzoneManagerProtocolServerSideTranslatorPB.java:113)
om3_1       | 
om1_1       | 	at org.apache.hadoop.ozone.protocolPB.OzoneManagerProtocolServerSideTranslatorPB.createNotLeaderException(OzoneManagerProtocolServerSideTranslatorPB.java:198)
s3g_1       | 	at org.apache.hadoop.ozone.protocolPB.OzoneManagerProtocolServerSideTranslatorPB.submitReadRequestToOM(OzoneManagerProtocolServerSideTranslatorPB.java:186)
om2_1       | 	at org.apache.hadoop.ozone.protocol.proto.OzoneManagerProtocolProtos$OzoneManagerService$2.callBlockingMethod(OzoneManagerProtocolProtos.java)
om3_1       | 2020-06-30 05:33:09,287 [OM StateMachine ApplyTransaction Thread - 0] ERROR multipart.S3MultipartUploadCompleteRequest: Complete MultipartUpload failed for key /s3v/bucket-41846/multipartKey3 , MPU Key has no parts in OM, parts given to upload are [partNumber: 2
om1_1       | 	at org.apache.hadoop.ozone.protocolPB.OzoneManagerProtocolServerSideTranslatorPB.submitReadRequestToOM(OzoneManagerProtocolServerSideTranslatorPB.java:186)
s3g_1       | 	at org.apache.hadoop.ozone.protocolPB.OzoneManagerProtocolServerSideTranslatorPB.processRequest(OzoneManagerProtocolServerSideTranslatorPB.java:123)
om2_1       | 	at org.apache.hadoop.ipc.ProtobufRpcEngine$Server$ProtoBufRpcInvoker.call(ProtobufRpcEngine.java:528)
om3_1       | partName: "etag1"
om1_1       | 	at org.apache.hadoop.ozone.protocolPB.OzoneManagerProtocolServerSideTranslatorPB.processRequest(OzoneManagerProtocolServerSideTranslatorPB.java:123)
s3g_1       | 	at org.apache.hadoop.hdds.server.OzoneProtocolMessageDispatcher.processRequest(OzoneProtocolMessageDispatcher.java:74)
om2_1       | 	at org.apache.hadoop.ipc.RPC$Server.call(RPC.java:1070)
om3_1       | , partNumber: 1
om1_1       | 	at org.apache.hadoop.hdds.server.OzoneProtocolMessageDispatcher.processRequest(OzoneProtocolMessageDispatcher.java:74)
s3g_1       | 	at org.apache.hadoop.ozone.protocolPB.OzoneManagerProtocolServerSideTranslatorPB.submitRequest(OzoneManagerProtocolServerSideTranslatorPB.java:113)
om2_1       | 	at org.apache.hadoop.ipc.Server$RpcCall.run(Server.java:999)
om3_1       | partName: "etag2"
om1_1       | 	at org.apache.hadoop.ozone.protocolPB.OzoneManagerProtocolServerSideTranslatorPB.submitRequest(OzoneManagerProtocolServerSideTranslatorPB.java:113)
s3g_1       | 	at org.apache.hadoop.ozone.protocol.proto.OzoneManagerProtocolProtos$OzoneManagerService$2.callBlockingMethod(OzoneManagerProtocolProtos.java)
om2_1       | 	at org.apache.hadoop.ipc.Server$RpcCall.run(Server.java:927)
om3_1       | ]
om1_1       | 	at org.apache.hadoop.ozone.protocol.proto.OzoneManagerProtocolProtos$OzoneManagerService$2.callBlockingMethod(OzoneManagerProtocolProtos.java)
s3g_1       | 	at org.apache.hadoop.ipc.ProtobufRpcEngine$Server$ProtoBufRpcInvoker.call(ProtobufRpcEngine.java:528)
om2_1       | 	at java.base/java.security.AccessController.doPrivileged(Native Method)
om3_1       | 2020-06-30 05:33:09,291 [OM StateMachine ApplyTransaction Thread - 0] ERROR multipart.S3MultipartUploadCompleteRequest: MultipartUpload Complete request failed for Key: multipartKey3 in Volume/Bucket s3v/bucket-41846
om1_1       | 	at org.apache.hadoop.ipc.ProtobufRpcEngine$Server$ProtoBufRpcInvoker.call(ProtobufRpcEngine.java:528)
s3g_1       | 	at org.apache.hadoop.ipc.RPC$Server.call(RPC.java:1070)
om2_1       | 	at java.base/javax.security.auth.Subject.doAs(Subject.java:423)
om3_1       | INVALID_PART org.apache.hadoop.ozone.om.exceptions.OMException: Complete Multipart Upload Failed: volume: s3vbucket: bucket-41846key: multipartKey3
om1_1       | 	at org.apache.hadoop.ipc.RPC$Server.call(RPC.java:1070)
s3g_1       | 	at org.apache.hadoop.ipc.Server$RpcCall.run(Server.java:999)
om2_1       | 	at org.apache.hadoop.security.UserGroupInformation.doAs(UserGroupInformation.java:1730)
om3_1       | 	at org.apache.hadoop.ozone.om.request.s3.multipart.S3MultipartUploadCompleteRequest.validateAndUpdateCache(S3MultipartUploadCompleteRequest.java:181)
om1_1       | 	at org.apache.hadoop.ipc.Server$RpcCall.run(Server.java:999)
s3g_1       | 	at org.apache.hadoop.ipc.Server$RpcCall.run(Server.java:927)
om2_1       | 	at org.apache.hadoop.ipc.Server$Handler.run(Server.java:2915)
om3_1       | 	at org.apache.hadoop.ozone.protocolPB.OzoneManagerRequestHandler.handleWriteRequest(OzoneManagerRequestHandler.java:227)
om1_1       | 	at org.apache.hadoop.ipc.Server$RpcCall.run(Server.java:927)
s3g_1       | 	at java.base/java.security.AccessController.doPrivileged(Native Method)
om2_1       | 2020-06-30 05:32:06,482 [grpc-default-executor-1] INFO ratis.OzoneManagerStateMachine: Latest Snapshot Info 0#-1
om3_1       | 	at org.apache.hadoop.ozone.om.ratis.OzoneManagerStateMachine.runCommand(OzoneManagerStateMachine.java:436)
om3_1       | 	at org.apache.hadoop.ozone.om.ratis.OzoneManagerStateMachine.lambda$applyTransaction$1(OzoneManagerStateMachine.java:248)
om1_1       | 	at java.base/java.security.AccessController.doPrivileged(Native Method)
s3g_1       | 	at java.base/javax.security.auth.Subject.doAs(Subject.java:423)
om2_1       | 2020-06-30 05:32:06,533 [grpc-default-executor-1] INFO ratis.OzoneManagerStateMachine: Latest Snapshot Info 0#-1
om3_1       | 	at java.base/java.util.concurrent.CompletableFuture$AsyncSupply.run(CompletableFuture.java:1700)
om1_1       | 	at java.base/javax.security.auth.Subject.doAs(Subject.java:423)
s3g_1       | 	at org.apache.hadoop.security.UserGroupInformation.doAs(UserGroupInformation.java:1730)
om2_1       | 2020-06-30 05:32:06,533 [grpc-default-executor-1] INFO ratis.OzoneManagerStateMachine: Latest Snapshot Info 0#-1
om3_1       | 	at java.base/java.util.concurrent.ThreadPoolExecutor.runWorker(ThreadPoolExecutor.java:1128)
om1_1       | 	at org.apache.hadoop.security.UserGroupInformation.doAs(UserGroupInformation.java:1730)
s3g_1       | 	at org.apache.hadoop.ipc.Server$Handler.run(Server.java:2915)
om2_1       | 2020-06-30 05:32:06,546 [grpc-default-executor-1] INFO ratis.OzoneManagerStateMachine: Latest Snapshot Info 0#-1
om2_1       | 2020-06-30 05:32:06,546 [grpc-default-executor-1] INFO ratis.OzoneManagerStateMachine: Latest Snapshot Info 0#-1
om1_1       | 	at org.apache.hadoop.ipc.Server$Handler.run(Server.java:2915)
om3_1       | 	at java.base/java.util.concurrent.ThreadPoolExecutor$Worker.run(ThreadPoolExecutor.java:628)
s3g_1       | , while invoking $Proxy88.submitRequest over nodeId=om2,nodeAddress=om2:9862 after 1 failover attempts. Trying to failover immediately.
om1_1       | 2020-06-30 05:32:16,448 [grpc-default-executor-4] INFO ratis.OzoneManagerStateMachine: Latest Snapshot Info 0#-1
om2_1       | 2020-06-30 05:32:06,557 [OM StateMachine ApplyTransaction Thread - 0] ERROR volume.OMVolumeCreateRequest: Volume creation failed for user:hadoop volume:s3v
om3_1       | 	at java.base/java.lang.Thread.run(Thread.java:834)
s3g_1       | 2020-06-30 05:32:30,990 [qtp1667305539-24] INFO rpc.RpcClient: Creating Bucket: s3v/bucket-19494, with Versioning false and Storage Type set to DISK and Encryption set to false 
om1_1       | 2020-06-30 05:32:16,598 [IPC Server handler 54 on default port 9862] INFO ipc.Server: IPC Server handler 54 on default port 9862, call Call#18 Retry#0 org.apache.hadoop.ozone.om.protocol.OzoneManagerProtocol.submitRequest from 172.22.0.2:52486
om2_1       | VOLUME_ALREADY_EXISTS org.apache.hadoop.ozone.om.exceptions.OMException: Volume already exists
om3_1       | 2020-06-30 05:33:09,296 [OM StateMachine ApplyTransaction Thread - 0] ERROR multipart.S3MultipartUploadCompleteRequest: Unrecognized Result for S3MultipartUploadCommitRequest: keyArgs {
s3g_1       | 2020-06-30 05:32:31,004 [qtp1667305539-24] INFO endpoint.BucketEndpoint: Location is /bucket-19494
om1_1       | org.apache.hadoop.ozone.om.exceptions.OMNotLeaderException: OM:om1 is not the leader. Suggested leader is OM:om3.
om2_1       | 	at org.apache.hadoop.ozone.om.request.volume.OMVolumeCreateRequest.validateAndUpdateCache(OMVolumeCreateRequest.java:178)
om3_1       |   volumeName: "s3v"
s3g_1       | 2020-06-30 05:32:31,575 [qtp1667305539-24] INFO s3.AWSV4SignatureProcessor: Initializing request header parser
om1_1       | 	at org.apache.hadoop.ozone.protocolPB.OzoneManagerProtocolServerSideTranslatorPB.createNotLeaderException(OzoneManagerProtocolServerSideTranslatorPB.java:198)
om2_1       | 	at org.apache.hadoop.ozone.protocolPB.OzoneManagerRequestHandler.handleWriteRequest(OzoneManagerRequestHandler.java:227)
om3_1       |   bucketName: "bucket-41846"
s3g_1       | 2020-06-30 05:32:31,595 [qtp1667305539-24] INFO retry.RetryInvocationHandler: com.google.protobuf.ServiceException: org.apache.hadoop.ipc.RemoteException(org.apache.hadoop.ozone.om.exceptions.OMNotLeaderException): OM:om2 is not the leader. Suggested leader is OM:om3.
om1_1       | 	at org.apache.hadoop.ozone.protocolPB.OzoneManagerProtocolServerSideTranslatorPB.submitReadRequestToOM(OzoneManagerProtocolServerSideTranslatorPB.java:186)
om2_1       | 	at org.apache.hadoop.ozone.om.ratis.OzoneManagerStateMachine.runCommand(OzoneManagerStateMachine.java:436)
om3_1       |   keyName: "multipartKey3"
s3g_1       | 	at org.apache.hadoop.ozone.protocolPB.OzoneManagerProtocolServerSideTranslatorPB.createNotLeaderException(OzoneManagerProtocolServerSideTranslatorPB.java:198)
om1_1       | 	at org.apache.hadoop.ozone.protocolPB.OzoneManagerProtocolServerSideTranslatorPB.processRequest(OzoneManagerProtocolServerSideTranslatorPB.java:123)
om2_1       | 	at org.apache.hadoop.ozone.om.ratis.OzoneManagerStateMachine.lambda$applyTransaction$1(OzoneManagerStateMachine.java:248)
om3_1       |   multipartUploadID: "19ffdc64-d8c1-408b-9677-570a12b447c2-104431300655448076"
s3g_1       | 	at org.apache.hadoop.ozone.protocolPB.OzoneManagerProtocolServerSideTranslatorPB.submitReadRequestToOM(OzoneManagerProtocolServerSideTranslatorPB.java:186)
om1_1       | 	at org.apache.hadoop.hdds.server.OzoneProtocolMessageDispatcher.processRequest(OzoneProtocolMessageDispatcher.java:74)
om2_1       | 	at java.base/java.util.concurrent.CompletableFuture$AsyncSupply.run(CompletableFuture.java:1700)
om3_1       |   acls {
s3g_1       | 	at org.apache.hadoop.ozone.protocolPB.OzoneManagerProtocolServerSideTranslatorPB.processRequest(OzoneManagerProtocolServerSideTranslatorPB.java:123)
om1_1       | 	at org.apache.hadoop.ozone.protocolPB.OzoneManagerProtocolServerSideTranslatorPB.submitRequest(OzoneManagerProtocolServerSideTranslatorPB.java:113)
om2_1       | 	at java.base/java.util.concurrent.ThreadPoolExecutor.runWorker(ThreadPoolExecutor.java:1128)
om3_1       |     type: USER
s3g_1       | 	at org.apache.hadoop.hdds.server.OzoneProtocolMessageDispatcher.processRequest(OzoneProtocolMessageDispatcher.java:74)
om1_1       | 	at org.apache.hadoop.ozone.protocol.proto.OzoneManagerProtocolProtos$OzoneManagerService$2.callBlockingMethod(OzoneManagerProtocolProtos.java)
om2_1       | 	at java.base/java.util.concurrent.ThreadPoolExecutor$Worker.run(ThreadPoolExecutor.java:628)
om3_1       |     name: "dlfknslnfslf"
om3_1       |     rights: "\200"
om3_1       |     aclScope: ACCESS
om1_1       | 	at org.apache.hadoop.ipc.ProtobufRpcEngine$Server$ProtoBufRpcInvoker.call(ProtobufRpcEngine.java:528)
s3g_1       | 	at org.apache.hadoop.ozone.protocolPB.OzoneManagerProtocolServerSideTranslatorPB.submitRequest(OzoneManagerProtocolServerSideTranslatorPB.java:113)
om3_1       |   }
om2_1       | 	at java.base/java.lang.Thread.run(Thread.java:834)
om1_1       | 	at org.apache.hadoop.ipc.RPC$Server.call(RPC.java:1070)
s3g_1       | 	at org.apache.hadoop.ozone.protocol.proto.OzoneManagerProtocolProtos$OzoneManagerService$2.callBlockingMethod(OzoneManagerProtocolProtos.java)
om3_1       |   modificationTime: 1593495189279
om2_1       | 2020-06-30 05:32:07,075 [grpc-default-executor-1] INFO ratis.OzoneManagerStateMachine: Latest Snapshot Info 0#-1
om1_1       | 	at org.apache.hadoop.ipc.Server$RpcCall.run(Server.java:999)
s3g_1       | 	at org.apache.hadoop.ipc.ProtobufRpcEngine$Server$ProtoBufRpcInvoker.call(ProtobufRpcEngine.java:528)
om3_1       | }
om2_1       | 2020-06-30 05:32:07,587 [grpc-default-executor-1] INFO ratis.OzoneManagerStateMachine: Latest Snapshot Info 0#-1
om1_1       | 	at org.apache.hadoop.ipc.Server$RpcCall.run(Server.java:927)
s3g_1       | 	at org.apache.hadoop.ipc.RPC$Server.call(RPC.java:1070)
om3_1       | partsList {
om2_1       | 2020-06-30 05:32:08,094 [grpc-default-executor-1] INFO ratis.OzoneManagerStateMachine: Latest Snapshot Info 0#-1
om1_1       | 	at java.base/java.security.AccessController.doPrivileged(Native Method)
s3g_1       | 	at org.apache.hadoop.ipc.Server$RpcCall.run(Server.java:999)
om3_1       |   partNumber: 2
om2_1       | 2020-06-30 05:32:08,335 [IPC Server handler 36 on default port 9862] INFO ipc.Server: IPC Server handler 36 on default port 9862, call Call#0 Retry#1 org.apache.hadoop.ozone.om.protocol.OzoneManagerProtocol.submitRequest from 172.22.0.2:36364
om1_1       | 	at java.base/javax.security.auth.Subject.doAs(Subject.java:423)
s3g_1       | 	at org.apache.hadoop.ipc.Server$RpcCall.run(Server.java:927)
om3_1       |   partName: "etag1"
om2_1       | org.apache.hadoop.ozone.om.exceptions.OMNotLeaderException: OM:om2 is not the leader. Suggested leader is OM:om3.
om1_1       | 	at org.apache.hadoop.security.UserGroupInformation.doAs(UserGroupInformation.java:1730)
s3g_1       | 	at java.base/java.security.AccessController.doPrivileged(Native Method)
om3_1       | }
om2_1       | 	at org.apache.hadoop.ozone.protocolPB.OzoneManagerProtocolServerSideTranslatorPB.createNotLeaderException(OzoneManagerProtocolServerSideTranslatorPB.java:198)
om1_1       | 	at org.apache.hadoop.ipc.Server$Handler.run(Server.java:2915)
s3g_1       | 	at java.base/javax.security.auth.Subject.doAs(Subject.java:423)
om2_1       | 	at org.apache.hadoop.ozone.protocolPB.OzoneManagerProtocolServerSideTranslatorPB.submitReadRequestToOM(OzoneManagerProtocolServerSideTranslatorPB.java:186)
om1_1       | 2020-06-30 05:32:16,952 [grpc-default-executor-4] INFO ratis.OzoneManagerStateMachine: Latest Snapshot Info 0#-1
om3_1       | partsList {
s3g_1       | 	at org.apache.hadoop.security.UserGroupInformation.doAs(UserGroupInformation.java:1730)
om2_1       | 	at org.apache.hadoop.ozone.protocolPB.OzoneManagerProtocolServerSideTranslatorPB.processRequest(OzoneManagerProtocolServerSideTranslatorPB.java:123)
om1_1       | 2020-06-30 05:32:17,095 [IPC Server handler 1 on default port 9862] INFO ipc.Server: IPC Server handler 1 on default port 9862, call Call#23 Retry#0 org.apache.hadoop.ozone.om.protocol.OzoneManagerProtocol.submitRequest from 172.22.0.2:52494
om3_1       |   partNumber: 1
s3g_1       | 	at org.apache.hadoop.ipc.Server$Handler.run(Server.java:2915)
om2_1       | 	at org.apache.hadoop.hdds.server.OzoneProtocolMessageDispatcher.processRequest(OzoneProtocolMessageDispatcher.java:74)
om1_1       | org.apache.hadoop.ozone.om.exceptions.OMNotLeaderException: OM:om1 is not the leader. Suggested leader is OM:om3.
om3_1       |   partName: "etag2"
s3g_1       | , while invoking $Proxy88.submitRequest over nodeId=om2,nodeAddress=om2:9862 after 1 failover attempts. Trying to failover immediately.
om2_1       | 	at org.apache.hadoop.ozone.protocolPB.OzoneManagerProtocolServerSideTranslatorPB.submitRequest(OzoneManagerProtocolServerSideTranslatorPB.java:113)
om1_1       | 	at org.apache.hadoop.ozone.protocolPB.OzoneManagerProtocolServerSideTranslatorPB.createNotLeaderException(OzoneManagerProtocolServerSideTranslatorPB.java:198)
om3_1       | }
s3g_1       | 2020-06-30 05:32:32,210 [qtp1667305539-18] INFO s3.AWSV4SignatureProcessor: Initializing request header parser
om2_1       | 	at org.apache.hadoop.ozone.protocol.proto.OzoneManagerProtocolProtos$OzoneManagerService$2.callBlockingMethod(OzoneManagerProtocolProtos.java)
om1_1       | 	at org.apache.hadoop.ozone.protocolPB.OzoneManagerProtocolServerSideTranslatorPB.submitReadRequestToOM(OzoneManagerProtocolServerSideTranslatorPB.java:186)
om3_1       | 
s3g_1       | 2020-06-30 05:32:32,233 [qtp1667305539-18] INFO retry.RetryInvocationHandler: com.google.protobuf.ServiceException: org.apache.hadoop.ipc.RemoteException(org.apache.hadoop.ozone.om.exceptions.OMNotLeaderException): OM:om2 is not the leader. Suggested leader is OM:om3.
om2_1       | 	at org.apache.hadoop.ipc.ProtobufRpcEngine$Server$ProtoBufRpcInvoker.call(ProtobufRpcEngine.java:528)
om1_1       | 	at org.apache.hadoop.ozone.protocolPB.OzoneManagerProtocolServerSideTranslatorPB.processRequest(OzoneManagerProtocolServerSideTranslatorPB.java:123)
om3_1       | 2020-06-30 05:33:12,549 [OM StateMachine ApplyTransaction Thread - 0] ERROR multipart.S3MultipartUploadCompleteRequest: MultipartUpload Complete request failed for Key: multipartKey3 in Volume/Bucket s3v/bucket-41846
s3g_1       | 	at org.apache.hadoop.ozone.protocolPB.OzoneManagerProtocolServerSideTranslatorPB.createNotLeaderException(OzoneManagerProtocolServerSideTranslatorPB.java:198)
om2_1       | 	at org.apache.hadoop.ipc.RPC$Server.call(RPC.java:1070)
om1_1       | 	at org.apache.hadoop.hdds.server.OzoneProtocolMessageDispatcher.processRequest(OzoneProtocolMessageDispatcher.java:74)
om3_1       | INVALID_PART org.apache.hadoop.ozone.om.exceptions.OMException: Complete Multipart Upload Failed: volume: s3vbucket: bucket-41846key: multipartKey3. Provided Part info is { etag1, 1}, where as OM has partName /s3v/bucket-41846/multipartKey3104431300763451405
om1_1       | 	at org.apache.hadoop.ozone.protocolPB.OzoneManagerProtocolServerSideTranslatorPB.submitRequest(OzoneManagerProtocolServerSideTranslatorPB.java:113)
s3g_1       | 	at org.apache.hadoop.ozone.protocolPB.OzoneManagerProtocolServerSideTranslatorPB.submitReadRequestToOM(OzoneManagerProtocolServerSideTranslatorPB.java:186)
om1_1       | 	at org.apache.hadoop.ozone.protocol.proto.OzoneManagerProtocolProtos$OzoneManagerService$2.callBlockingMethod(OzoneManagerProtocolProtos.java)
om2_1       | 	at org.apache.hadoop.ipc.Server$RpcCall.run(Server.java:999)
om3_1       | 	at org.apache.hadoop.ozone.om.request.s3.multipart.S3MultipartUploadCompleteRequest.validateAndUpdateCache(S3MultipartUploadCompleteRequest.java:223)
s3g_1       | 	at org.apache.hadoop.ozone.protocolPB.OzoneManagerProtocolServerSideTranslatorPB.processRequest(OzoneManagerProtocolServerSideTranslatorPB.java:123)
om1_1       | 	at org.apache.hadoop.ipc.ProtobufRpcEngine$Server$ProtoBufRpcInvoker.call(ProtobufRpcEngine.java:528)
om2_1       | 	at org.apache.hadoop.ipc.Server$RpcCall.run(Server.java:927)
om3_1       | 	at org.apache.hadoop.ozone.protocolPB.OzoneManagerRequestHandler.handleWriteRequest(OzoneManagerRequestHandler.java:227)
