datanode_2  | 2021-06-07 13:50:59,723 [pool-21-thread-1] INFO server.RaftServerConfigKeys: raft.server.log.statemachine.data.sync.timeout = 10s (default)
scm_1       | 2021-06-07 13:50:53,018 [EventQueue-NewNodeForNewNodeHandler] INFO pipeline.BackgroundPipelineCreator: trigger a one-shot run on RatisPipelineUtilsThread.
datanode_2  | 2021-06-07 13:50:59,725 [pool-21-thread-1] INFO server.RaftServerConfigKeys: raft.server.log.statemachine.data.sync.timeout.retry = -1 (default)
scm_1       | 2021-06-07 13:50:53,061 [EventQueue-NodeRegistrationContainerReportForDataNodeSafeModeRule] INFO pipeline.BackgroundPipelineCreator: trigger a one-shot run on RatisPipelineUtilsThread.
datanode_2  | 2021-06-07 13:50:59,733 [pool-21-thread-1] INFO server.RaftServerConfigKeys: raft.server.log.write.buffer.size = 1048576 (custom)
scm_1       | 2021-06-07 13:50:53,061 [EventQueue-PipelineReportForOneReplicaPipelineSafeModeRule] INFO safemode.SCMSafeModeManager: AtleastOneDatanodeReportedRule rule is successfully validated
datanode_2  | 2021-06-07 13:50:59,734 [pool-21-thread-1] INFO server.RaftServerConfigKeys: raft.server.log.statemachine.data.caching.enabled = true (custom)
scm_1       | 2021-06-07 13:50:53,100 [IPC Server handler 27 on default port 9861] INFO net.NetworkTopologyImpl: Added a new node: /default-rack/d04a9f42-a8a4-4db8-9aa1-5b0fc166369b
datanode_2  | 2021-06-07 13:50:59,738 [pool-21-thread-1] INFO segmented.SegmentedRaftLogWorker: d04a9f42-a8a4-4db8-9aa1-5b0fc166369b@group-6512BF76CFFB-SegmentedRaftLogWorker: flushIndex: setUnconditionally 0 -> -1
scm_1       | 2021-06-07 13:50:53,105 [IPC Server handler 27 on default port 9861] INFO node.SCMNodeManager: Registered Data node : d04a9f42-a8a4-4db8-9aa1-5b0fc166369b{ip: 172.19.0.6, host: ozone-csi_datanode_2.ozone-csi_default, ports: [REPLICATION=9886, RATIS=9858, RATIS_ADMIN=9857, RATIS_SERVER=9856, STANDALONE=9859], networkLocation: /default-rack, certSerialId: null, persistedOpState: null, persistedOpStateExpiryEpochSec: 0}
datanode_2  | 2021-06-07 13:50:59,740 [pool-21-thread-1] INFO segmented.SegmentedRaftLogWorker: d04a9f42-a8a4-4db8-9aa1-5b0fc166369b@group-6512BF76CFFB-SegmentedRaftLogWorker: safeCacheEvictIndex: setUnconditionally 0 -> -1
scm_1       | 2021-06-07 13:50:53,105 [EventQueue-NewNodeForNewNodeHandler] INFO pipeline.BackgroundPipelineCreator: trigger a one-shot run on RatisPipelineUtilsThread.
datanode_2  | 2021-06-07 13:50:59,742 [pool-21-thread-1] INFO server.RaftServerConfigKeys: raft.server.snapshot.auto.trigger.enabled = true (custom)
datanode_2  | 2021-06-07 13:50:59,742 [pool-21-thread-1] INFO server.RaftServerConfigKeys: raft.server.snapshot.auto.trigger.threshold = 10000 (custom)
datanode_2  | 2021-06-07 13:50:59,742 [pool-21-thread-1] INFO server.RaftServerConfigKeys: raft.server.snapshot.retention.file.num = 5 (custom)
datanode_2  | 2021-06-07 13:50:59,742 [pool-21-thread-1] INFO server.RaftServerConfigKeys: raft.server.log.purge.upto.snapshot.index = false (default)
datanode_2  | 2021-06-07 13:50:59,743 [pool-21-thread-1] INFO server.RaftServerConfigKeys: raft.server.retrycache.expirytime = 600000ms (custom)
datanode_2  | 2021-06-07 13:50:59,747 [pool-21-thread-1] INFO server.RaftServerConfigKeys: raft.server.retrycache.statistics.expirytime = 100?s (default)
datanode_2  | 2021-06-07 13:50:59,747 [pool-21-thread-1] INFO metrics.RatisMetrics: Creating Metrics Registry : ratis.leader_election.d04a9f42-a8a4-4db8-9aa1-5b0fc166369b@group-6512BF76CFFB
datanode_2  | 2021-06-07 13:50:59,748 [pool-21-thread-1] INFO metrics.RatisMetrics: Creating Metrics Registry : ratis.server.d04a9f42-a8a4-4db8-9aa1-5b0fc166369b@group-6512BF76CFFB
datanode_2  | 2021-06-07 13:50:59,758 [pool-21-thread-1] INFO server.RaftServer$Division: d04a9f42-a8a4-4db8-9aa1-5b0fc166369b@group-6512BF76CFFB: start as a follower, conf=-1: [d04a9f42-a8a4-4db8-9aa1-5b0fc166369b|rpc:172.19.0.6:9856|admin:172.19.0.6:9857|client:172.19.0.6:9858|priority:0, 68c91f89-ec28-4a1c-9919-67b6c9fc4c79|rpc:172.19.0.5:9856|admin:172.19.0.5:9857|client:172.19.0.5:9858|priority:0, 06a230a1-3f4e-4ff0-958b-e4931078e5d0|rpc:172.19.0.2:9856|admin:172.19.0.2:9857|client:172.19.0.2:9858|priority:1], old=null
datanode_2  | 2021-06-07 13:50:59,760 [pool-21-thread-1] INFO server.RaftServer$Division: d04a9f42-a8a4-4db8-9aa1-5b0fc166369b@group-6512BF76CFFB: changes role from      null to FOLLOWER at term 0 for startAsFollower
datanode_2  | 2021-06-07 13:50:59,760 [pool-21-thread-1] INFO impl.RoleInfo: d04a9f42-a8a4-4db8-9aa1-5b0fc166369b: start d04a9f42-a8a4-4db8-9aa1-5b0fc166369b@group-6512BF76CFFB-FollowerState
scm_1       | 2021-06-07 13:50:53,106 [EventQueue-NodeRegistrationContainerReportForContainerSafeModeRule] INFO safemode.SCMSafeModeManager: ContainerSafeModeRule rule is successfully validated
scm_1       | 2021-06-07 13:50:53,107 [EventQueue-NodeRegistrationContainerReportForDataNodeSafeModeRule] INFO safemode.SCMSafeModeManager: DataNodeSafeModeRule rule is successfully validated
datanode_2  | 2021-06-07 13:50:59,763 [pool-21-thread-1] INFO util.JmxRegister: Successfully registered JMX Bean with object name Ratis:service=RaftServer,group=group-6512BF76CFFB,id=d04a9f42-a8a4-4db8-9aa1-5b0fc166369b
scm_1       | 2021-06-07 13:50:53,107 [EventQueue-PipelineReportForOneReplicaPipelineSafeModeRule] INFO safemode.SCMSafeModeManager: AtleastOneDatanodeReportedRule rule is successfully validated
datanode_2  | 2021-06-07 13:50:59,764 [pool-21-thread-1] INFO metrics.RatisMetrics: Creating Metrics Registry : ratis.state_machine.d04a9f42-a8a4-4db8-9aa1-5b0fc166369b@group-6512BF76CFFB
scm_1       | 2021-06-07 13:50:53,145 [RatisPipelineUtilsThread - 0] INFO pipeline.RatisPipelineProvider: Sending CreatePipelineCommand for pipeline:PipelineID=673ef3c7-a4ff-4958-b6b0-78da2459651d to datanode:68c91f89-ec28-4a1c-9919-67b6c9fc4c79
datanode_2  | 2021-06-07 13:50:59,782 [Command processor thread] INFO ratis.XceiverServerRatis: Created group PipelineID=c8f1ab41-b876-4a8c-b7dd-6512bf76cffb
scm_1       | 2021-06-07 13:50:53,246 [RatisPipelineUtilsThread - 0] INFO pipeline.PipelineStateManager: Created pipeline Pipeline[ Id: 673ef3c7-a4ff-4958-b6b0-78da2459651d, Nodes: 68c91f89-ec28-4a1c-9919-67b6c9fc4c79{ip: 172.19.0.5, host: ozone-csi_datanode_1.ozone-csi_default, ports: [REPLICATION=9886, RATIS=9858, RATIS_ADMIN=9857, RATIS_SERVER=9856, STANDALONE=9859], networkLocation: /default-rack, certSerialId: null, persistedOpState: IN_SERVICE, persistedOpStateExpiryEpochSec: 0}, ReplicationConfig: RATIS/ONE, State:ALLOCATED, leaderId:, CreationTimestamp2021-06-07T13:50:53.141Z].
datanode_2  | 2021-06-07 13:50:59,783 [Command processor thread] INFO metrics.RatisMetrics: Creating Metrics Registry : ratis.client_message_metrics.client-375A53F2FFEF->68c91f89-ec28-4a1c-9919-67b6c9fc4c79
scm_1       | 2021-06-07 13:50:53,262 [RatisPipelineUtilsThread - 0] WARN pipeline.PipelinePlacementPolicy: Pipeline creation failed due to no sufficient healthy datanodes. Required 3. Found 2.
datanode_2  | 2021-06-07 13:50:59,954 [Command processor thread] INFO metrics.RatisMetrics: Creating Metrics Registry : ratis.client_message_metrics.client-2B5002C997EF->06a230a1-3f4e-4ff0-958b-e4931078e5d0
scm_1       | 2021-06-07 13:50:53,276 [RatisPipelineUtilsThread - 0] INFO pipeline.RatisPipelineProvider: Sending CreatePipelineCommand for pipeline:PipelineID=ede80084-b0cc-4fc3-b4aa-7a8a2d5d2904 to datanode:d04a9f42-a8a4-4db8-9aa1-5b0fc166369b
datanode_2  | 2021-06-07 13:51:00,026 [Command processor thread] INFO commandhandler.CreatePipelineCommandHandler: Created Pipeline RATIS THREE PipelineID=c8f1ab41-b876-4a8c-b7dd-6512bf76cffb.
scm_1       | 2021-06-07 13:50:53,277 [RatisPipelineUtilsThread - 0] INFO pipeline.PipelineStateManager: Created pipeline Pipeline[ Id: ede80084-b0cc-4fc3-b4aa-7a8a2d5d2904, Nodes: d04a9f42-a8a4-4db8-9aa1-5b0fc166369b{ip: 172.19.0.6, host: ozone-csi_datanode_2.ozone-csi_default, ports: [REPLICATION=9886, RATIS=9858, RATIS_ADMIN=9857, RATIS_SERVER=9856, STANDALONE=9859], networkLocation: /default-rack, certSerialId: null, persistedOpState: IN_SERVICE, persistedOpStateExpiryEpochSec: 0}, ReplicationConfig: RATIS/ONE, State:ALLOCATED, leaderId:, CreationTimestamp2021-06-07T13:50:53.276Z].
datanode_2  | 2021-06-07 13:51:02,367 [grpc-default-executor-0] INFO server.RaftServer$Division: d04a9f42-a8a4-4db8-9aa1-5b0fc166369b@group-C8A7010FBCF0: receive requestVote(ELECTION, 68c91f89-ec28-4a1c-9919-67b6c9fc4c79, group-C8A7010FBCF0, 1, (t:0, i:0))
scm_1       | 2021-06-07 13:50:53,362 [IPC Server handler 2 on default port 9861] INFO net.NetworkTopologyImpl: Added a new node: /default-rack/06a230a1-3f4e-4ff0-958b-e4931078e5d0
datanode_2  | 2021-06-07 13:51:02,417 [grpc-default-executor-0] INFO impl.VoteContext: d04a9f42-a8a4-4db8-9aa1-5b0fc166369b@group-C8A7010FBCF0-FOLLOWER: reject ELECTION from 68c91f89-ec28-4a1c-9919-67b6c9fc4c79: our priority 1 > candidate's priority 0
scm_1       | 2021-06-07 13:50:53,363 [IPC Server handler 2 on default port 9861] INFO node.SCMNodeManager: Registered Data node : 06a230a1-3f4e-4ff0-958b-e4931078e5d0{ip: 172.19.0.2, host: ozone-csi_datanode_3.ozone-csi_default, ports: [REPLICATION=9886, RATIS=9858, RATIS_ADMIN=9857, RATIS_SERVER=9856, STANDALONE=9859], networkLocation: /default-rack, certSerialId: null, persistedOpState: null, persistedOpStateExpiryEpochSec: 0}
datanode_2  | 2021-06-07 13:51:02,418 [grpc-default-executor-0] INFO server.RaftServer$Division: d04a9f42-a8a4-4db8-9aa1-5b0fc166369b@group-C8A7010FBCF0: changes role from  FOLLOWER to FOLLOWER at term 1 for candidate:68c91f89-ec28-4a1c-9919-67b6c9fc4c79
scm_1       | 2021-06-07 13:50:53,363 [EventQueue-NodeRegistrationContainerReportForContainerSafeModeRule] INFO safemode.SCMSafeModeManager: ContainerSafeModeRule rule is successfully validated
datanode_2  | 2021-06-07 13:51:02,425 [grpc-default-executor-0] INFO impl.RoleInfo: d04a9f42-a8a4-4db8-9aa1-5b0fc166369b: shutdown d04a9f42-a8a4-4db8-9aa1-5b0fc166369b@group-C8A7010FBCF0-FollowerState
scm_1       | 2021-06-07 13:50:53,365 [EventQueue-NewNodeForNewNodeHandler] INFO pipeline.BackgroundPipelineCreator: trigger a one-shot run on RatisPipelineUtilsThread.
datanode_2  | 2021-06-07 13:51:02,427 [d04a9f42-a8a4-4db8-9aa1-5b0fc166369b@group-C8A7010FBCF0-FollowerState] INFO impl.FollowerState: d04a9f42-a8a4-4db8-9aa1-5b0fc166369b@group-C8A7010FBCF0-FollowerState was interrupted: {}
scm_1       | 2021-06-07 13:50:53,365 [EventQueue-NodeRegistrationContainerReportForDataNodeSafeModeRule] INFO safemode.SCMSafeModeManager: DataNodeSafeModeRule rule is successfully validated
datanode_2  | java.lang.InterruptedException: sleep interrupted
scm_1       | 2021-06-07 13:50:53,485 [EventQueue-PipelineReportForOneReplicaPipelineSafeModeRule] INFO safemode.SCMSafeModeManager: AtleastOneDatanodeReportedRule rule is successfully validated
scm_1       | 2021-06-07 13:50:53,485 [RatisPipelineUtilsThread - 0] INFO pipeline.RatisPipelineProvider: Sending CreatePipelineCommand for pipeline:PipelineID=2cefa67f-0057-432b-861e-64028dfdb530 to datanode:06a230a1-3f4e-4ff0-958b-e4931078e5d0
scm_1       | 2021-06-07 13:50:53,486 [RatisPipelineUtilsThread - 0] INFO pipeline.PipelineStateManager: Created pipeline Pipeline[ Id: 2cefa67f-0057-432b-861e-64028dfdb530, Nodes: 06a230a1-3f4e-4ff0-958b-e4931078e5d0{ip: 172.19.0.2, host: ozone-csi_datanode_3.ozone-csi_default, ports: [REPLICATION=9886, RATIS=9858, RATIS_ADMIN=9857, RATIS_SERVER=9856, STANDALONE=9859], networkLocation: /default-rack, certSerialId: null, persistedOpState: IN_SERVICE, persistedOpStateExpiryEpochSec: 0}, ReplicationConfig: RATIS/ONE, State:ALLOCATED, leaderId:, CreationTimestamp2021-06-07T13:50:53.485Z].
scm_1       | 2021-06-07 13:50:53,490 [RatisPipelineUtilsThread - 0] INFO pipeline.RatisPipelineProvider: Sending CreatePipelineCommand for pipeline:PipelineID=d01761d6-4422-4c46-b09d-c8a7010fbcf0 to datanode:68c91f89-ec28-4a1c-9919-67b6c9fc4c79
scm_1       | 2021-06-07 13:50:53,494 [RatisPipelineUtilsThread - 0] INFO pipeline.RatisPipelineProvider: Sending CreatePipelineCommand for pipeline:PipelineID=d01761d6-4422-4c46-b09d-c8a7010fbcf0 to datanode:d04a9f42-a8a4-4db8-9aa1-5b0fc166369b
scm_1       | 2021-06-07 13:50:53,495 [RatisPipelineUtilsThread - 0] INFO pipeline.RatisPipelineProvider: Sending CreatePipelineCommand for pipeline:PipelineID=d01761d6-4422-4c46-b09d-c8a7010fbcf0 to datanode:06a230a1-3f4e-4ff0-958b-e4931078e5d0
scm_1       | 2021-06-07 13:50:53,496 [RatisPipelineUtilsThread - 0] INFO pipeline.PipelineStateManager: Created pipeline Pipeline[ Id: d01761d6-4422-4c46-b09d-c8a7010fbcf0, Nodes: 68c91f89-ec28-4a1c-9919-67b6c9fc4c79{ip: 172.19.0.5, host: ozone-csi_datanode_1.ozone-csi_default, ports: [REPLICATION=9886, RATIS=9858, RATIS_ADMIN=9857, RATIS_SERVER=9856, STANDALONE=9859], networkLocation: /default-rack, certSerialId: null, persistedOpState: IN_SERVICE, persistedOpStateExpiryEpochSec: 0}d04a9f42-a8a4-4db8-9aa1-5b0fc166369b{ip: 172.19.0.6, host: ozone-csi_datanode_2.ozone-csi_default, ports: [REPLICATION=9886, RATIS=9858, RATIS_ADMIN=9857, RATIS_SERVER=9856, STANDALONE=9859], networkLocation: /default-rack, certSerialId: null, persistedOpState: IN_SERVICE, persistedOpStateExpiryEpochSec: 0}06a230a1-3f4e-4ff0-958b-e4931078e5d0{ip: 172.19.0.2, host: ozone-csi_datanode_3.ozone-csi_default, ports: [REPLICATION=9886, RATIS=9858, RATIS_ADMIN=9857, RATIS_SERVER=9856, STANDALONE=9859], networkLocation: /default-rack, certSerialId: null, persistedOpState: IN_SERVICE, persistedOpStateExpiryEpochSec: 0}, ReplicationConfig: RATIS/THREE, State:ALLOCATED, leaderId:, CreationTimestamp2021-06-07T13:50:53.490Z].
datanode_2  | 	at java.base/java.lang.Thread.sleep(Native Method)
datanode_2  | 	at java.base/java.lang.Thread.sleep(Thread.java:339)
scm_1       | 2021-06-07 13:50:53,505 [RatisPipelineUtilsThread - 0] INFO pipeline.RatisPipelineProvider: Sending CreatePipelineCommand for pipeline:PipelineID=c8f1ab41-b876-4a8c-b7dd-6512bf76cffb to datanode:68c91f89-ec28-4a1c-9919-67b6c9fc4c79
datanode_2  | 	at java.base/java.util.concurrent.TimeUnit.sleep(TimeUnit.java:446)
scm_1       | 2021-06-07 13:50:53,506 [RatisPipelineUtilsThread - 0] INFO pipeline.RatisPipelineProvider: Sending CreatePipelineCommand for pipeline:PipelineID=c8f1ab41-b876-4a8c-b7dd-6512bf76cffb to datanode:d04a9f42-a8a4-4db8-9aa1-5b0fc166369b
datanode_2  | 	at org.apache.ratis.util.TimeDuration.sleep(TimeDuration.java:324)
scm_1       | 2021-06-07 13:50:53,506 [RatisPipelineUtilsThread - 0] INFO pipeline.RatisPipelineProvider: Sending CreatePipelineCommand for pipeline:PipelineID=c8f1ab41-b876-4a8c-b7dd-6512bf76cffb to datanode:06a230a1-3f4e-4ff0-958b-e4931078e5d0
datanode_2  | 	at org.apache.ratis.util.TimeDuration.sleep(TimeDuration.java:309)
scm_1       | 2021-06-07 13:50:53,507 [RatisPipelineUtilsThread - 0] INFO pipeline.PipelineStateManager: Created pipeline Pipeline[ Id: c8f1ab41-b876-4a8c-b7dd-6512bf76cffb, Nodes: 68c91f89-ec28-4a1c-9919-67b6c9fc4c79{ip: 172.19.0.5, host: ozone-csi_datanode_1.ozone-csi_default, ports: [REPLICATION=9886, RATIS=9858, RATIS_ADMIN=9857, RATIS_SERVER=9856, STANDALONE=9859], networkLocation: /default-rack, certSerialId: null, persistedOpState: IN_SERVICE, persistedOpStateExpiryEpochSec: 0}d04a9f42-a8a4-4db8-9aa1-5b0fc166369b{ip: 172.19.0.6, host: ozone-csi_datanode_2.ozone-csi_default, ports: [REPLICATION=9886, RATIS=9858, RATIS_ADMIN=9857, RATIS_SERVER=9856, STANDALONE=9859], networkLocation: /default-rack, certSerialId: null, persistedOpState: IN_SERVICE, persistedOpStateExpiryEpochSec: 0}06a230a1-3f4e-4ff0-958b-e4931078e5d0{ip: 172.19.0.2, host: ozone-csi_datanode_3.ozone-csi_default, ports: [REPLICATION=9886, RATIS=9858, RATIS_ADMIN=9857, RATIS_SERVER=9856, STANDALONE=9859], networkLocation: /default-rack, certSerialId: null, persistedOpState: IN_SERVICE, persistedOpStateExpiryEpochSec: 0}, ReplicationConfig: RATIS/THREE, State:ALLOCATED, leaderId:, CreationTimestamp2021-06-07T13:50:53.505Z].
datanode_2  | 	at org.apache.ratis.server.impl.FollowerState.run(FollowerState.java:118)
scm_1       | 2021-06-07 13:50:53,515 [RatisPipelineUtilsThread - 0] INFO pipeline.PipelineManagerV2Impl: Pipeline: PipelineID=c8f1ab41-b876-4a8c-b7dd-6512bf76cffb contains same datanodes as previous pipelines: PipelineID=d01761d6-4422-4c46-b09d-c8a7010fbcf0 nodeIds: 68c91f89-ec28-4a1c-9919-67b6c9fc4c79, d04a9f42-a8a4-4db8-9aa1-5b0fc166369b, 06a230a1-3f4e-4ff0-958b-e4931078e5d0
datanode_2  | 2021-06-07 13:51:02,435 [grpc-default-executor-0] INFO impl.RoleInfo: d04a9f42-a8a4-4db8-9aa1-5b0fc166369b: start d04a9f42-a8a4-4db8-9aa1-5b0fc166369b@group-C8A7010FBCF0-FollowerState
scm_1       | 2021-06-07 13:50:56,079 [EventQueue-PipelineReportForOneReplicaPipelineSafeModeRule] INFO safemode.SCMSafeModeManager: AtleastOneDatanodeReportedRule rule is successfully validated
datanode_2  | 2021-06-07 13:51:02,480 [d04a9f42-a8a4-4db8-9aa1-5b0fc166369b@group-7A8A2D5D2904-FollowerState] INFO impl.FollowerState: d04a9f42-a8a4-4db8-9aa1-5b0fc166369b@group-7A8A2D5D2904-FollowerState: change to CANDIDATE, lastRpcElapsedTime:5213405815ns, electionTimeout:5192ms
scm_1       | 2021-06-07 13:50:56,082 [EventQueue-PipelineReportForPipelineReportHandler] INFO pipeline.PipelineManagerV2Impl: Pipeline Pipeline[ Id: 673ef3c7-a4ff-4958-b6b0-78da2459651d, Nodes: 68c91f89-ec28-4a1c-9919-67b6c9fc4c79{ip: 172.19.0.5, host: ozone-csi_datanode_1.ozone-csi_default, ports: [REPLICATION=9886, RATIS=9858, RATIS_ADMIN=9857, RATIS_SERVER=9856, STANDALONE=9859], networkLocation: /default-rack, certSerialId: null, persistedOpState: IN_SERVICE, persistedOpStateExpiryEpochSec: 0}, ReplicationConfig: RATIS/ONE, State:ALLOCATED, leaderId:68c91f89-ec28-4a1c-9919-67b6c9fc4c79, CreationTimestamp2021-06-07T13:50:53.141Z] moved to OPEN state
datanode_2  | 2021-06-07 13:51:02,481 [d04a9f42-a8a4-4db8-9aa1-5b0fc166369b@group-7A8A2D5D2904-FollowerState] INFO impl.RoleInfo: d04a9f42-a8a4-4db8-9aa1-5b0fc166369b: shutdown d04a9f42-a8a4-4db8-9aa1-5b0fc166369b@group-7A8A2D5D2904-FollowerState
scm_1       | 2021-06-07 13:50:56,102 [EventQueue-OpenPipelineForHealthyPipelineSafeModeRule] INFO safemode.SCMSafeModeManager: HealthyPipelineSafeModeRule rule is successfully validated
scm_1       | 2021-06-07 13:50:56,102 [EventQueue-OpenPipelineForHealthyPipelineSafeModeRule] INFO safemode.SCMSafeModeManager: ScmSafeModeManager, all rules are successfully validated
datanode_2  | 2021-06-07 13:51:02,481 [d04a9f42-a8a4-4db8-9aa1-5b0fc166369b@group-7A8A2D5D2904-FollowerState] INFO server.RaftServer$Division: d04a9f42-a8a4-4db8-9aa1-5b0fc166369b@group-7A8A2D5D2904: changes role from  FOLLOWER to CANDIDATE at term 0 for changeToCandidate
scm_1       | 2021-06-07 13:50:56,102 [EventQueue-OpenPipelineForHealthyPipelineSafeModeRule] INFO safemode.SCMSafeModeManager: SCM exiting safe mode.
datanode_2  | 2021-06-07 13:51:02,495 [d04a9f42-a8a4-4db8-9aa1-5b0fc166369b@group-7A8A2D5D2904-FollowerState] INFO server.RaftServerConfigKeys: raft.server.leaderelection.pre-vote = false (custom)
scm_1       | 2021-06-07 13:50:56,102 [EventQueue-OpenPipelineForHealthyPipelineSafeModeRule] WARN events.EventQueue: No event handler registered for event TypedEvent{payloadType=SafeModeStatus, name='Safe mode status'}
datanode_2  | 2021-06-07 13:51:02,496 [d04a9f42-a8a4-4db8-9aa1-5b0fc166369b@group-7A8A2D5D2904-FollowerState] INFO impl.RoleInfo: d04a9f42-a8a4-4db8-9aa1-5b0fc166369b: start d04a9f42-a8a4-4db8-9aa1-5b0fc166369b@group-7A8A2D5D2904-LeaderElection1
scm_1       | 2021-06-07 13:50:56,102 [EventQueue-OpenPipelineForHealthyPipelineSafeModeRule] INFO ha.SCMContext: Update SafeModeStatus from SafeModeStatus{safeModeStatus=true, preCheckPassed=true} to SafeModeStatus{safeModeStatus=false, preCheckPassed=true}.
datanode_2  | 2021-06-07 13:51:02,526 [grpc-default-executor-0] INFO server.RaftServer$Division: d04a9f42-a8a4-4db8-9aa1-5b0fc166369b@group-C8A7010FBCF0 replies to ELECTION vote request: 68c91f89-ec28-4a1c-9919-67b6c9fc4c79<-d04a9f42-a8a4-4db8-9aa1-5b0fc166369b#0:FAIL-t1. Peer's state: d04a9f42-a8a4-4db8-9aa1-5b0fc166369b@group-C8A7010FBCF0:t1, leader=null, voted=null, raftlog=d04a9f42-a8a4-4db8-9aa1-5b0fc166369b@group-C8A7010FBCF0-SegmentedRaftLog:OPENED:c-1,f-1,i0, conf=-1: [d04a9f42-a8a4-4db8-9aa1-5b0fc166369b|rpc:172.19.0.6:9856|admin:172.19.0.6:9857|client:172.19.0.6:9858|priority:1, 68c91f89-ec28-4a1c-9919-67b6c9fc4c79|rpc:172.19.0.5:9856|admin:172.19.0.5:9857|client:172.19.0.5:9858|priority:0, 06a230a1-3f4e-4ff0-958b-e4931078e5d0|rpc:172.19.0.2:9856|admin:172.19.0.2:9857|client:172.19.0.2:9858|priority:0], old=null
scm_1       | 2021-06-07 13:50:56,102 [EventQueue-OpenPipelineForHealthyPipelineSafeModeRule] INFO pipeline.BackgroundPipelineCreator: Service BackgroundPipelineCreator transitions to RUNNING.
datanode_2  | 2021-06-07 13:51:02,543 [d04a9f42-a8a4-4db8-9aa1-5b0fc166369b@group-7A8A2D5D2904-LeaderElection1] INFO impl.LeaderElection: d04a9f42-a8a4-4db8-9aa1-5b0fc166369b@group-7A8A2D5D2904-LeaderElection1 ELECTION round 0: submit vote requests at term 1 for -1: [d04a9f42-a8a4-4db8-9aa1-5b0fc166369b|rpc:172.19.0.6:9856|admin:172.19.0.6:9857|client:172.19.0.6:9858|priority:1], old=null
scm_1       | 2021-06-07 13:50:56,102 [EventQueue-OpenPipelineForHealthyPipelineSafeModeRule] INFO container.ReplicationManager: Service ReplicationManager transitions to RUNNING.
datanode_2  | 2021-06-07 13:51:02,553 [d04a9f42-a8a4-4db8-9aa1-5b0fc166369b@group-7A8A2D5D2904-LeaderElection1] INFO impl.LeaderElection: d04a9f42-a8a4-4db8-9aa1-5b0fc166369b@group-7A8A2D5D2904-LeaderElection1 ELECTION round 0: result PASSED (term=1)
scm_1       | 2021-06-07 13:50:56,691 [EventQueue-PipelineReportForPipelineReportHandler] INFO pipeline.PipelineManagerV2Impl: Pipeline Pipeline[ Id: ede80084-b0cc-4fc3-b4aa-7a8a2d5d2904, Nodes: d04a9f42-a8a4-4db8-9aa1-5b0fc166369b{ip: 172.19.0.6, host: ozone-csi_datanode_2.ozone-csi_default, ports: [REPLICATION=9886, RATIS=9858, RATIS_ADMIN=9857, RATIS_SERVER=9856, STANDALONE=9859], networkLocation: /default-rack, certSerialId: null, persistedOpState: IN_SERVICE, persistedOpStateExpiryEpochSec: 0}, ReplicationConfig: RATIS/ONE, State:ALLOCATED, leaderId:d04a9f42-a8a4-4db8-9aa1-5b0fc166369b, CreationTimestamp2021-06-07T13:50:53.276Z] moved to OPEN state
datanode_2  | 2021-06-07 13:51:02,553 [d04a9f42-a8a4-4db8-9aa1-5b0fc166369b@group-7A8A2D5D2904-LeaderElection1] INFO impl.RoleInfo: d04a9f42-a8a4-4db8-9aa1-5b0fc166369b: shutdown d04a9f42-a8a4-4db8-9aa1-5b0fc166369b@group-7A8A2D5D2904-LeaderElection1
scm_1       | 2021-06-07 13:50:56,984 [EventQueue-PipelineReportForPipelineReportHandler] INFO pipeline.PipelineManagerV2Impl: Pipeline Pipeline[ Id: 2cefa67f-0057-432b-861e-64028dfdb530, Nodes: 06a230a1-3f4e-4ff0-958b-e4931078e5d0{ip: 172.19.0.2, host: ozone-csi_datanode_3.ozone-csi_default, ports: [REPLICATION=9886, RATIS=9858, RATIS_ADMIN=9857, RATIS_SERVER=9856, STANDALONE=9859], networkLocation: /default-rack, certSerialId: null, persistedOpState: IN_SERVICE, persistedOpStateExpiryEpochSec: 0}, ReplicationConfig: RATIS/ONE, State:ALLOCATED, leaderId:06a230a1-3f4e-4ff0-958b-e4931078e5d0, CreationTimestamp2021-06-07T13:50:53.485Z] moved to OPEN state
datanode_2  | 2021-06-07 13:51:02,563 [d04a9f42-a8a4-4db8-9aa1-5b0fc166369b@group-7A8A2D5D2904-LeaderElection1] INFO server.RaftServer$Division: d04a9f42-a8a4-4db8-9aa1-5b0fc166369b@group-7A8A2D5D2904: changes role from CANDIDATE to LEADER at term 1 for changeToLeader
scm_1       | 2021-06-07 13:51:07,680 [EventQueue-PipelineReportForPipelineReportHandler] INFO pipeline.PipelineManagerV2Impl: Pipeline Pipeline[ Id: d01761d6-4422-4c46-b09d-c8a7010fbcf0, Nodes: 68c91f89-ec28-4a1c-9919-67b6c9fc4c79{ip: 172.19.0.5, host: ozone-csi_datanode_1.ozone-csi_default, ports: [REPLICATION=9886, RATIS=9858, RATIS_ADMIN=9857, RATIS_SERVER=9856, STANDALONE=9859], networkLocation: /default-rack, certSerialId: null, persistedOpState: IN_SERVICE, persistedOpStateExpiryEpochSec: 0}d04a9f42-a8a4-4db8-9aa1-5b0fc166369b{ip: 172.19.0.6, host: ozone-csi_datanode_2.ozone-csi_default, ports: [REPLICATION=9886, RATIS=9858, RATIS_ADMIN=9857, RATIS_SERVER=9856, STANDALONE=9859], networkLocation: /default-rack, certSerialId: null, persistedOpState: IN_SERVICE, persistedOpStateExpiryEpochSec: 0}06a230a1-3f4e-4ff0-958b-e4931078e5d0{ip: 172.19.0.2, host: ozone-csi_datanode_3.ozone-csi_default, ports: [REPLICATION=9886, RATIS=9858, RATIS_ADMIN=9857, RATIS_SERVER=9856, STANDALONE=9859], networkLocation: /default-rack, certSerialId: null, persistedOpState: IN_SERVICE, persistedOpStateExpiryEpochSec: 0}, ReplicationConfig: RATIS/THREE, State:ALLOCATED, leaderId:d04a9f42-a8a4-4db8-9aa1-5b0fc166369b, CreationTimestamp2021-06-07T13:50:53.490Z] moved to OPEN state
datanode_2  | 2021-06-07 13:51:02,565 [d04a9f42-a8a4-4db8-9aa1-5b0fc166369b@group-7A8A2D5D2904-LeaderElection1] INFO ratis.XceiverServerRatis: Leader change notification received for group: group-7A8A2D5D2904 with new leaderId: d04a9f42-a8a4-4db8-9aa1-5b0fc166369b
datanode_2  | 2021-06-07 13:51:02,567 [d04a9f42-a8a4-4db8-9aa1-5b0fc166369b@group-7A8A2D5D2904-LeaderElection1] INFO server.RaftServer$Division: d04a9f42-a8a4-4db8-9aa1-5b0fc166369b@group-7A8A2D5D2904: change Leader from null to d04a9f42-a8a4-4db8-9aa1-5b0fc166369b at term 1 for becomeLeader, leader elected after 6092ms
datanode_2  | 2021-06-07 13:51:02,598 [d04a9f42-a8a4-4db8-9aa1-5b0fc166369b@group-7A8A2D5D2904-LeaderElection1] INFO server.RaftServerConfigKeys: raft.server.staging.catchup.gap = 1000 (default)
datanode_2  | 2021-06-07 13:51:02,619 [d04a9f42-a8a4-4db8-9aa1-5b0fc166369b@group-7A8A2D5D2904-LeaderElection1] INFO metrics.RatisMetrics: Creating Metrics Registry : ratis.log_appender.d04a9f42-a8a4-4db8-9aa1-5b0fc166369b@group-7A8A2D5D2904
datanode_2  | 2021-06-07 13:51:02,634 [d04a9f42-a8a4-4db8-9aa1-5b0fc166369b@group-7A8A2D5D2904-LeaderElection1] INFO server.RaftServerConfigKeys: raft.server.write.element-limit = 1024 (custom)
datanode_2  | 2021-06-07 13:51:02,634 [d04a9f42-a8a4-4db8-9aa1-5b0fc166369b@group-7A8A2D5D2904-LeaderElection1] INFO server.RaftServerConfigKeys: raft.server.write.byte-limit = 1073741824 (custom)
datanode_2  | 2021-06-07 13:51:02,648 [d04a9f42-a8a4-4db8-9aa1-5b0fc166369b@group-7A8A2D5D2904-LeaderElection1] INFO server.RaftServerConfigKeys: raft.server.watch.timeout = 180s (custom)
datanode_2  | 2021-06-07 13:51:02,662 [d04a9f42-a8a4-4db8-9aa1-5b0fc166369b@group-7A8A2D5D2904-LeaderElection1] INFO server.RaftServerConfigKeys: raft.server.watch.timeout.denomination = 1s (default)
datanode_2  | 2021-06-07 13:51:02,667 [d04a9f42-a8a4-4db8-9aa1-5b0fc166369b@group-7A8A2D5D2904-LeaderElection1] INFO server.RaftServerConfigKeys: raft.server.watch.element-limit = 65536 (default)
datanode_2  | 2021-06-07 13:51:02,713 [d04a9f42-a8a4-4db8-9aa1-5b0fc166369b@group-7A8A2D5D2904-LeaderElection1] INFO impl.RoleInfo: d04a9f42-a8a4-4db8-9aa1-5b0fc166369b: start d04a9f42-a8a4-4db8-9aa1-5b0fc166369b@group-7A8A2D5D2904-LeaderStateImpl
datanode_2  | 2021-06-07 13:51:02,779 [d04a9f42-a8a4-4db8-9aa1-5b0fc166369b@group-7A8A2D5D2904-LeaderElection1] INFO segmented.SegmentedRaftLogWorker: d04a9f42-a8a4-4db8-9aa1-5b0fc166369b@group-7A8A2D5D2904-SegmentedRaftLogWorker: Starting segment from index:0
datanode_2  | 2021-06-07 13:51:02,881 [d04a9f42-a8a4-4db8-9aa1-5b0fc166369b@group-7A8A2D5D2904-LeaderElection1] INFO server.RaftServer$Division: d04a9f42-a8a4-4db8-9aa1-5b0fc166369b@group-7A8A2D5D2904: set configuration 0: [d04a9f42-a8a4-4db8-9aa1-5b0fc166369b|rpc:172.19.0.6:9856|admin:172.19.0.6:9857|client:172.19.0.6:9858|dataStream:|priority:1], old=null
datanode_2  | 2021-06-07 13:51:03,046 [d04a9f42-a8a4-4db8-9aa1-5b0fc166369b@group-7A8A2D5D2904-SegmentedRaftLogWorker] INFO segmented.SegmentedRaftLogWorker: d04a9f42-a8a4-4db8-9aa1-5b0fc166369b@group-7A8A2D5D2904-SegmentedRaftLogWorker: created new log segment /data/metadata/ratis/ede80084-b0cc-4fc3-b4aa-7a8a2d5d2904/current/log_inprogress_0
datanode_2  | 2021-06-07 13:51:04,814 [grpc-default-executor-0] INFO server.RaftServer$Division: d04a9f42-a8a4-4db8-9aa1-5b0fc166369b@group-6512BF76CFFB: receive requestVote(ELECTION, 68c91f89-ec28-4a1c-9919-67b6c9fc4c79, group-6512BF76CFFB, 1, (t:0, i:0))
datanode_2  | 2021-06-07 13:51:04,815 [grpc-default-executor-0] INFO impl.VoteContext: d04a9f42-a8a4-4db8-9aa1-5b0fc166369b@group-6512BF76CFFB-FOLLOWER: accept ELECTION from 68c91f89-ec28-4a1c-9919-67b6c9fc4c79: our priority 0 <= candidate's priority 0
datanode_2  | 2021-06-07 13:51:04,815 [grpc-default-executor-0] INFO server.RaftServer$Division: d04a9f42-a8a4-4db8-9aa1-5b0fc166369b@group-6512BF76CFFB: changes role from  FOLLOWER to FOLLOWER at term 1 for candidate:68c91f89-ec28-4a1c-9919-67b6c9fc4c79
datanode_2  | 2021-06-07 13:51:04,815 [grpc-default-executor-0] INFO impl.RoleInfo: d04a9f42-a8a4-4db8-9aa1-5b0fc166369b: shutdown d04a9f42-a8a4-4db8-9aa1-5b0fc166369b@group-6512BF76CFFB-FollowerState
datanode_2  | 2021-06-07 13:51:04,815 [d04a9f42-a8a4-4db8-9aa1-5b0fc166369b@group-6512BF76CFFB-FollowerState] INFO impl.FollowerState: d04a9f42-a8a4-4db8-9aa1-5b0fc166369b@group-6512BF76CFFB-FollowerState was interrupted: {}
datanode_2  | java.lang.InterruptedException: sleep interrupted
datanode_2  | 	at java.base/java.lang.Thread.sleep(Native Method)
datanode_2  | 	at java.base/java.lang.Thread.sleep(Thread.java:339)
datanode_2  | 	at java.base/java.util.concurrent.TimeUnit.sleep(TimeUnit.java:446)
datanode_2  | 	at org.apache.ratis.util.TimeDuration.sleep(TimeDuration.java:324)
datanode_2  | 	at org.apache.ratis.util.TimeDuration.sleep(TimeDuration.java:309)
datanode_2  | 	at org.apache.ratis.server.impl.FollowerState.run(FollowerState.java:118)
datanode_2  | 2021-06-07 13:51:04,816 [grpc-default-executor-0] INFO impl.RoleInfo: d04a9f42-a8a4-4db8-9aa1-5b0fc166369b: start d04a9f42-a8a4-4db8-9aa1-5b0fc166369b@group-6512BF76CFFB-FollowerState
datanode_2  | 2021-06-07 13:51:04,819 [grpc-default-executor-0] INFO server.RaftServer$Division: d04a9f42-a8a4-4db8-9aa1-5b0fc166369b@group-6512BF76CFFB replies to ELECTION vote request: 68c91f89-ec28-4a1c-9919-67b6c9fc4c79<-d04a9f42-a8a4-4db8-9aa1-5b0fc166369b#0:OK-t1. Peer's state: d04a9f42-a8a4-4db8-9aa1-5b0fc166369b@group-6512BF76CFFB:t1, leader=null, voted=68c91f89-ec28-4a1c-9919-67b6c9fc4c79, raftlog=d04a9f42-a8a4-4db8-9aa1-5b0fc166369b@group-6512BF76CFFB-SegmentedRaftLog:OPENED:c-1,f-1,i0, conf=-1: [d04a9f42-a8a4-4db8-9aa1-5b0fc166369b|rpc:172.19.0.6:9856|admin:172.19.0.6:9857|client:172.19.0.6:9858|priority:0, 68c91f89-ec28-4a1c-9919-67b6c9fc4c79|rpc:172.19.0.5:9856|admin:172.19.0.5:9857|client:172.19.0.5:9858|priority:0, 06a230a1-3f4e-4ff0-958b-e4931078e5d0|rpc:172.19.0.2:9856|admin:172.19.0.2:9857|client:172.19.0.2:9858|priority:1], old=null
datanode_2  | 2021-06-07 13:51:07,608 [d04a9f42-a8a4-4db8-9aa1-5b0fc166369b@group-C8A7010FBCF0-FollowerState] INFO impl.FollowerState: d04a9f42-a8a4-4db8-9aa1-5b0fc166369b@group-C8A7010FBCF0-FollowerState: change to CANDIDATE, lastRpcElapsedTime:5173083246ns, electionTimeout:5152ms
datanode_2  | 2021-06-07 13:51:07,608 [d04a9f42-a8a4-4db8-9aa1-5b0fc166369b@group-C8A7010FBCF0-FollowerState] INFO impl.RoleInfo: d04a9f42-a8a4-4db8-9aa1-5b0fc166369b: shutdown d04a9f42-a8a4-4db8-9aa1-5b0fc166369b@group-C8A7010FBCF0-FollowerState
datanode_2  | 2021-06-07 13:51:07,608 [d04a9f42-a8a4-4db8-9aa1-5b0fc166369b@group-C8A7010FBCF0-FollowerState] INFO server.RaftServer$Division: d04a9f42-a8a4-4db8-9aa1-5b0fc166369b@group-C8A7010FBCF0: changes role from  FOLLOWER to CANDIDATE at term 1 for changeToCandidate
datanode_2  | 2021-06-07 13:51:07,608 [d04a9f42-a8a4-4db8-9aa1-5b0fc166369b@group-C8A7010FBCF0-FollowerState] INFO server.RaftServerConfigKeys: raft.server.leaderelection.pre-vote = false (custom)
datanode_2  | 2021-06-07 13:51:07,609 [d04a9f42-a8a4-4db8-9aa1-5b0fc166369b@group-C8A7010FBCF0-FollowerState] INFO impl.RoleInfo: d04a9f42-a8a4-4db8-9aa1-5b0fc166369b: start d04a9f42-a8a4-4db8-9aa1-5b0fc166369b@group-C8A7010FBCF0-LeaderElection2
datanode_2  | 2021-06-07 13:51:07,612 [d04a9f42-a8a4-4db8-9aa1-5b0fc166369b@group-C8A7010FBCF0-LeaderElection2] INFO impl.LeaderElection: d04a9f42-a8a4-4db8-9aa1-5b0fc166369b@group-C8A7010FBCF0-LeaderElection2 ELECTION round 0: submit vote requests at term 2 for -1: [d04a9f42-a8a4-4db8-9aa1-5b0fc166369b|rpc:172.19.0.6:9856|admin:172.19.0.6:9857|client:172.19.0.6:9858|priority:1, 68c91f89-ec28-4a1c-9919-67b6c9fc4c79|rpc:172.19.0.5:9856|admin:172.19.0.5:9857|client:172.19.0.5:9858|priority:0, 06a230a1-3f4e-4ff0-958b-e4931078e5d0|rpc:172.19.0.2:9856|admin:172.19.0.2:9857|client:172.19.0.2:9858|priority:0], old=null
datanode_2  | 2021-06-07 13:51:07,666 [d04a9f42-a8a4-4db8-9aa1-5b0fc166369b@group-C8A7010FBCF0-LeaderElection2] INFO impl.LeaderElection: d04a9f42-a8a4-4db8-9aa1-5b0fc166369b@group-C8A7010FBCF0-LeaderElection2: ELECTION PASSED received 1 response(s) and 0 exception(s):
datanode_2  | 2021-06-07 13:51:07,666 [d04a9f42-a8a4-4db8-9aa1-5b0fc166369b@group-C8A7010FBCF0-LeaderElection2] INFO impl.LeaderElection:   Response 0: d04a9f42-a8a4-4db8-9aa1-5b0fc166369b<-06a230a1-3f4e-4ff0-958b-e4931078e5d0#0:OK-t2
datanode_2  | 2021-06-07 13:51:07,666 [d04a9f42-a8a4-4db8-9aa1-5b0fc166369b@group-C8A7010FBCF0-LeaderElection2] INFO impl.LeaderElection: d04a9f42-a8a4-4db8-9aa1-5b0fc166369b@group-C8A7010FBCF0-LeaderElection2 ELECTION round 0: result PASSED
datanode_2  | 2021-06-07 13:51:07,666 [d04a9f42-a8a4-4db8-9aa1-5b0fc166369b@group-C8A7010FBCF0-LeaderElection2] INFO impl.RoleInfo: d04a9f42-a8a4-4db8-9aa1-5b0fc166369b: shutdown d04a9f42-a8a4-4db8-9aa1-5b0fc166369b@group-C8A7010FBCF0-LeaderElection2
datanode_2  | 2021-06-07 13:51:07,667 [d04a9f42-a8a4-4db8-9aa1-5b0fc166369b@group-C8A7010FBCF0-LeaderElection2] INFO server.RaftServer$Division: d04a9f42-a8a4-4db8-9aa1-5b0fc166369b@group-C8A7010FBCF0: changes role from CANDIDATE to LEADER at term 2 for changeToLeader
datanode_2  | 2021-06-07 13:51:07,667 [d04a9f42-a8a4-4db8-9aa1-5b0fc166369b@group-C8A7010FBCF0-LeaderElection2] INFO ratis.XceiverServerRatis: Leader change notification received for group: group-C8A7010FBCF0 with new leaderId: d04a9f42-a8a4-4db8-9aa1-5b0fc166369b
datanode_2  | 2021-06-07 13:51:07,667 [d04a9f42-a8a4-4db8-9aa1-5b0fc166369b@group-C8A7010FBCF0-LeaderElection2] INFO server.RaftServer$Division: d04a9f42-a8a4-4db8-9aa1-5b0fc166369b@group-C8A7010FBCF0: change Leader from null to d04a9f42-a8a4-4db8-9aa1-5b0fc166369b at term 2 for becomeLeader, leader elected after 10248ms
datanode_2  | 2021-06-07 13:51:07,672 [d04a9f42-a8a4-4db8-9aa1-5b0fc166369b@group-C8A7010FBCF0-LeaderElection2] INFO server.RaftServerConfigKeys: raft.server.staging.catchup.gap = 1000 (default)
datanode_2  | 2021-06-07 13:51:07,673 [d04a9f42-a8a4-4db8-9aa1-5b0fc166369b@group-C8A7010FBCF0-LeaderElection2] INFO metrics.RatisMetrics: Creating Metrics Registry : ratis.log_appender.d04a9f42-a8a4-4db8-9aa1-5b0fc166369b@group-C8A7010FBCF0
datanode_2  | 2021-06-07 13:51:07,674 [d04a9f42-a8a4-4db8-9aa1-5b0fc166369b@group-C8A7010FBCF0-LeaderElection2] INFO server.RaftServerConfigKeys: raft.server.write.element-limit = 1024 (custom)
datanode_2  | 2021-06-07 13:51:07,674 [d04a9f42-a8a4-4db8-9aa1-5b0fc166369b@group-C8A7010FBCF0-LeaderElection2] INFO server.RaftServerConfigKeys: raft.server.write.byte-limit = 1073741824 (custom)
datanode_2  | 2021-06-07 13:51:07,674 [d04a9f42-a8a4-4db8-9aa1-5b0fc166369b@group-C8A7010FBCF0-LeaderElection2] INFO server.RaftServerConfigKeys: raft.server.watch.timeout = 180s (custom)
datanode_2  | 2021-06-07 13:51:07,674 [d04a9f42-a8a4-4db8-9aa1-5b0fc166369b@group-C8A7010FBCF0-LeaderElection2] INFO server.RaftServerConfigKeys: raft.server.watch.timeout.denomination = 1s (default)
datanode_2  | 2021-06-07 13:51:07,675 [d04a9f42-a8a4-4db8-9aa1-5b0fc166369b@group-C8A7010FBCF0-LeaderElection2] INFO server.RaftServerConfigKeys: raft.server.watch.element-limit = 65536 (default)
datanode_2  | 2021-06-07 13:51:07,679 [d04a9f42-a8a4-4db8-9aa1-5b0fc166369b@group-C8A7010FBCF0-LeaderElection2] INFO server.RaftServerConfigKeys: raft.server.log.appender.snapshot.chunk.size.max = 16MB (=16777216) (default)
datanode_2  | 2021-06-07 13:51:07,679 [d04a9f42-a8a4-4db8-9aa1-5b0fc166369b@group-C8A7010FBCF0-LeaderElection2] INFO server.RaftServerConfigKeys: raft.server.log.appender.buffer.byte-limit = 33554432 (custom)
datanode_2  | 2021-06-07 13:51:07,686 [d04a9f42-a8a4-4db8-9aa1-5b0fc166369b@group-C8A7010FBCF0-LeaderElection2] INFO server.RaftServerConfigKeys: raft.server.log.appender.buffer.element-limit = 1 (custom)
datanode_2  | 2021-06-07 13:51:07,688 [d04a9f42-a8a4-4db8-9aa1-5b0fc166369b@group-C8A7010FBCF0-LeaderElection2] INFO grpc.GrpcConfigKeys: raft.grpc.server.leader.outstanding.appends.max = 128 (default)
datanode_2  | 2021-06-07 13:51:07,689 [d04a9f42-a8a4-4db8-9aa1-5b0fc166369b@group-C8A7010FBCF0-LeaderElection2] INFO server.RaftServerConfigKeys: raft.server.rpc.request.timeout = 60s (custom)
datanode_2  | 2021-06-07 13:51:07,689 [d04a9f42-a8a4-4db8-9aa1-5b0fc166369b@group-C8A7010FBCF0-LeaderElection2] INFO server.RaftServerConfigKeys: raft.server.log.appender.install.snapshot.enabled = false (custom)
datanode_2  | 2021-06-07 13:51:07,689 [d04a9f42-a8a4-4db8-9aa1-5b0fc166369b@group-C8A7010FBCF0-LeaderElection2] INFO metrics.RatisMetrics: Creating Metrics Registry : ratis_grpc.log_appender.d04a9f42-a8a4-4db8-9aa1-5b0fc166369b@group-C8A7010FBCF0
datanode_2  | 2021-06-07 13:51:07,696 [d04a9f42-a8a4-4db8-9aa1-5b0fc166369b@group-C8A7010FBCF0-LeaderElection2] INFO server.RaftServerConfigKeys: raft.server.log.appender.snapshot.chunk.size.max = 16MB (=16777216) (default)
datanode_2  | 2021-06-07 13:51:07,696 [d04a9f42-a8a4-4db8-9aa1-5b0fc166369b@group-C8A7010FBCF0-LeaderElection2] INFO server.RaftServerConfigKeys: raft.server.log.appender.buffer.byte-limit = 33554432 (custom)
datanode_2  | 2021-06-07 13:51:07,696 [d04a9f42-a8a4-4db8-9aa1-5b0fc166369b@group-C8A7010FBCF0-LeaderElection2] INFO server.RaftServerConfigKeys: raft.server.log.appender.buffer.element-limit = 1 (custom)
datanode_2  | 2021-06-07 13:51:07,696 [d04a9f42-a8a4-4db8-9aa1-5b0fc166369b@group-C8A7010FBCF0-LeaderElection2] INFO grpc.GrpcConfigKeys: raft.grpc.server.leader.outstanding.appends.max = 128 (default)
datanode_2  | 2021-06-07 13:51:07,697 [d04a9f42-a8a4-4db8-9aa1-5b0fc166369b@group-C8A7010FBCF0-LeaderElection2] INFO server.RaftServerConfigKeys: raft.server.rpc.request.timeout = 60s (custom)
datanode_2  | 2021-06-07 13:51:07,697 [d04a9f42-a8a4-4db8-9aa1-5b0fc166369b@group-C8A7010FBCF0-LeaderElection2] INFO server.RaftServerConfigKeys: raft.server.log.appender.install.snapshot.enabled = false (custom)
datanode_2  | 2021-06-07 13:51:07,698 [d04a9f42-a8a4-4db8-9aa1-5b0fc166369b@group-C8A7010FBCF0-LeaderElection2] INFO impl.RoleInfo: d04a9f42-a8a4-4db8-9aa1-5b0fc166369b: start d04a9f42-a8a4-4db8-9aa1-5b0fc166369b@group-C8A7010FBCF0-LeaderStateImpl
datanode_2  | 2021-06-07 13:51:07,698 [d04a9f42-a8a4-4db8-9aa1-5b0fc166369b@group-C8A7010FBCF0-LeaderElection2] INFO segmented.SegmentedRaftLogWorker: d04a9f42-a8a4-4db8-9aa1-5b0fc166369b@group-C8A7010FBCF0-SegmentedRaftLogWorker: Starting segment from index:0
datanode_2  | 2021-06-07 13:51:07,700 [d04a9f42-a8a4-4db8-9aa1-5b0fc166369b@group-C8A7010FBCF0-SegmentedRaftLogWorker] INFO segmented.SegmentedRaftLogWorker: d04a9f42-a8a4-4db8-9aa1-5b0fc166369b@group-C8A7010FBCF0-SegmentedRaftLogWorker: created new log segment /data/metadata/ratis/d01761d6-4422-4c46-b09d-c8a7010fbcf0/current/log_inprogress_0
datanode_2  | 2021-06-07 13:51:07,706 [d04a9f42-a8a4-4db8-9aa1-5b0fc166369b@group-C8A7010FBCF0-LeaderElection2] INFO server.RaftServer$Division: d04a9f42-a8a4-4db8-9aa1-5b0fc166369b@group-C8A7010FBCF0: set configuration 0: [d04a9f42-a8a4-4db8-9aa1-5b0fc166369b|rpc:172.19.0.6:9856|admin:172.19.0.6:9857|client:172.19.0.6:9858|dataStream:|priority:1, 68c91f89-ec28-4a1c-9919-67b6c9fc4c79|rpc:172.19.0.5:9856|admin:172.19.0.5:9857|client:172.19.0.5:9858|dataStream:|priority:0, 06a230a1-3f4e-4ff0-958b-e4931078e5d0|rpc:172.19.0.2:9856|admin:172.19.0.2:9857|client:172.19.0.2:9858|dataStream:|priority:0], old=null
datanode_2  | 2021-06-07 13:51:09,943 [grpc-default-executor-0] INFO server.RaftServer$Division: d04a9f42-a8a4-4db8-9aa1-5b0fc166369b@group-6512BF76CFFB: receive requestVote(ELECTION, 68c91f89-ec28-4a1c-9919-67b6c9fc4c79, group-6512BF76CFFB, 2, (t:0, i:0))
datanode_2  | 2021-06-07 13:51:09,944 [grpc-default-executor-0] INFO impl.VoteContext: d04a9f42-a8a4-4db8-9aa1-5b0fc166369b@group-6512BF76CFFB-FOLLOWER: accept ELECTION from 68c91f89-ec28-4a1c-9919-67b6c9fc4c79: our priority 0 <= candidate's priority 0
datanode_2  | 2021-06-07 13:51:09,944 [grpc-default-executor-0] INFO server.RaftServer$Division: d04a9f42-a8a4-4db8-9aa1-5b0fc166369b@group-6512BF76CFFB: changes role from  FOLLOWER to FOLLOWER at term 2 for candidate:68c91f89-ec28-4a1c-9919-67b6c9fc4c79
datanode_2  | 2021-06-07 13:51:09,944 [grpc-default-executor-0] INFO impl.RoleInfo: d04a9f42-a8a4-4db8-9aa1-5b0fc166369b: shutdown d04a9f42-a8a4-4db8-9aa1-5b0fc166369b@group-6512BF76CFFB-FollowerState
datanode_2  | 2021-06-07 13:51:09,944 [grpc-default-executor-0] INFO impl.RoleInfo: d04a9f42-a8a4-4db8-9aa1-5b0fc166369b: start d04a9f42-a8a4-4db8-9aa1-5b0fc166369b@group-6512BF76CFFB-FollowerState
datanode_2  | 2021-06-07 13:51:09,944 [d04a9f42-a8a4-4db8-9aa1-5b0fc166369b@group-6512BF76CFFB-FollowerState] INFO impl.FollowerState: d04a9f42-a8a4-4db8-9aa1-5b0fc166369b@group-6512BF76CFFB-FollowerState was interrupted: {}
datanode_2  | java.lang.InterruptedException: sleep interrupted
datanode_2  | 	at java.base/java.lang.Thread.sleep(Native Method)
datanode_2  | 	at java.base/java.lang.Thread.sleep(Thread.java:339)
datanode_2  | 	at java.base/java.util.concurrent.TimeUnit.sleep(TimeUnit.java:446)
datanode_2  | 	at org.apache.ratis.util.TimeDuration.sleep(TimeDuration.java:324)
datanode_2  | 	at org.apache.ratis.util.TimeDuration.sleep(TimeDuration.java:309)
datanode_2  | 	at org.apache.ratis.server.impl.FollowerState.run(FollowerState.java:118)
datanode_2  | 2021-06-07 13:51:09,947 [grpc-default-executor-0] INFO server.RaftServer$Division: d04a9f42-a8a4-4db8-9aa1-5b0fc166369b@group-6512BF76CFFB replies to ELECTION vote request: 68c91f89-ec28-4a1c-9919-67b6c9fc4c79<-d04a9f42-a8a4-4db8-9aa1-5b0fc166369b#0:OK-t2. Peer's state: d04a9f42-a8a4-4db8-9aa1-5b0fc166369b@group-6512BF76CFFB:t2, leader=null, voted=68c91f89-ec28-4a1c-9919-67b6c9fc4c79, raftlog=d04a9f42-a8a4-4db8-9aa1-5b0fc166369b@group-6512BF76CFFB-SegmentedRaftLog:OPENED:c-1,f-1,i0, conf=-1: [d04a9f42-a8a4-4db8-9aa1-5b0fc166369b|rpc:172.19.0.6:9856|admin:172.19.0.6:9857|client:172.19.0.6:9858|priority:0, 68c91f89-ec28-4a1c-9919-67b6c9fc4c79|rpc:172.19.0.5:9856|admin:172.19.0.5:9857|client:172.19.0.5:9858|priority:0, 06a230a1-3f4e-4ff0-958b-e4931078e5d0|rpc:172.19.0.2:9856|admin:172.19.0.2:9857|client:172.19.0.2:9858|priority:1], old=null
datanode_2  | 2021-06-07 13:51:14,973 [grpc-default-executor-0] INFO server.RaftServer$Division: d04a9f42-a8a4-4db8-9aa1-5b0fc166369b@group-6512BF76CFFB: receive requestVote(ELECTION, 68c91f89-ec28-4a1c-9919-67b6c9fc4c79, group-6512BF76CFFB, 3, (t:0, i:0))
datanode_2  | 2021-06-07 13:51:14,974 [grpc-default-executor-0] INFO impl.VoteContext: d04a9f42-a8a4-4db8-9aa1-5b0fc166369b@group-6512BF76CFFB-FOLLOWER: accept ELECTION from 68c91f89-ec28-4a1c-9919-67b6c9fc4c79: our priority 0 <= candidate's priority 0
datanode_2  | 2021-06-07 13:51:14,974 [grpc-default-executor-0] INFO server.RaftServer$Division: d04a9f42-a8a4-4db8-9aa1-5b0fc166369b@group-6512BF76CFFB: changes role from  FOLLOWER to FOLLOWER at term 3 for candidate:68c91f89-ec28-4a1c-9919-67b6c9fc4c79
datanode_2  | 2021-06-07 13:51:14,974 [grpc-default-executor-0] INFO impl.RoleInfo: d04a9f42-a8a4-4db8-9aa1-5b0fc166369b: shutdown d04a9f42-a8a4-4db8-9aa1-5b0fc166369b@group-6512BF76CFFB-FollowerState
datanode_2  | 2021-06-07 13:51:14,974 [d04a9f42-a8a4-4db8-9aa1-5b0fc166369b@group-6512BF76CFFB-FollowerState] INFO impl.FollowerState: d04a9f42-a8a4-4db8-9aa1-5b0fc166369b@group-6512BF76CFFB-FollowerState was interrupted: {}
datanode_2  | java.lang.InterruptedException: sleep interrupted
datanode_2  | 	at java.base/java.lang.Thread.sleep(Native Method)
datanode_2  | 	at java.base/java.lang.Thread.sleep(Thread.java:339)
datanode_2  | 	at java.base/java.util.concurrent.TimeUnit.sleep(TimeUnit.java:446)
datanode_2  | 	at org.apache.ratis.util.TimeDuration.sleep(TimeDuration.java:324)
datanode_2  | 	at org.apache.ratis.util.TimeDuration.sleep(TimeDuration.java:309)
datanode_2  | 	at org.apache.ratis.server.impl.FollowerState.run(FollowerState.java:118)
datanode_2  | 2021-06-07 13:51:14,974 [grpc-default-executor-0] INFO impl.RoleInfo: d04a9f42-a8a4-4db8-9aa1-5b0fc166369b: start d04a9f42-a8a4-4db8-9aa1-5b0fc166369b@group-6512BF76CFFB-FollowerState
datanode_2  | 2021-06-07 13:51:14,978 [grpc-default-executor-0] INFO server.RaftServer$Division: d04a9f42-a8a4-4db8-9aa1-5b0fc166369b@group-6512BF76CFFB replies to ELECTION vote request: 68c91f89-ec28-4a1c-9919-67b6c9fc4c79<-d04a9f42-a8a4-4db8-9aa1-5b0fc166369b#0:OK-t3. Peer's state: d04a9f42-a8a4-4db8-9aa1-5b0fc166369b@group-6512BF76CFFB:t3, leader=null, voted=68c91f89-ec28-4a1c-9919-67b6c9fc4c79, raftlog=d04a9f42-a8a4-4db8-9aa1-5b0fc166369b@group-6512BF76CFFB-SegmentedRaftLog:OPENED:c-1,f-1,i0, conf=-1: [d04a9f42-a8a4-4db8-9aa1-5b0fc166369b|rpc:172.19.0.6:9856|admin:172.19.0.6:9857|client:172.19.0.6:9858|priority:0, 68c91f89-ec28-4a1c-9919-67b6c9fc4c79|rpc:172.19.0.5:9856|admin:172.19.0.5:9857|client:172.19.0.5:9858|priority:0, 06a230a1-3f4e-4ff0-958b-e4931078e5d0|rpc:172.19.0.2:9856|admin:172.19.0.2:9857|client:172.19.0.2:9858|priority:1], old=null
datanode_2  | 2021-06-07 13:51:15,001 [grpc-default-executor-0] INFO server.RaftServer$Division: d04a9f42-a8a4-4db8-9aa1-5b0fc166369b@group-6512BF76CFFB: receive requestVote(ELECTION, 06a230a1-3f4e-4ff0-958b-e4931078e5d0, group-6512BF76CFFB, 3, (t:0, i:0))
datanode_2  | 2021-06-07 13:51:15,001 [grpc-default-executor-0] INFO impl.VoteContext: d04a9f42-a8a4-4db8-9aa1-5b0fc166369b@group-6512BF76CFFB-FOLLOWER: reject ELECTION from 06a230a1-3f4e-4ff0-958b-e4931078e5d0: already has voted for 68c91f89-ec28-4a1c-9919-67b6c9fc4c79 at current term 3
datanode_2  | 2021-06-07 13:51:15,001 [grpc-default-executor-0] INFO server.RaftServer$Division: d04a9f42-a8a4-4db8-9aa1-5b0fc166369b@group-6512BF76CFFB replies to ELECTION vote request: 06a230a1-3f4e-4ff0-958b-e4931078e5d0<-d04a9f42-a8a4-4db8-9aa1-5b0fc166369b#0:FAIL-t3. Peer's state: d04a9f42-a8a4-4db8-9aa1-5b0fc166369b@group-6512BF76CFFB:t3, leader=null, voted=68c91f89-ec28-4a1c-9919-67b6c9fc4c79, raftlog=d04a9f42-a8a4-4db8-9aa1-5b0fc166369b@group-6512BF76CFFB-SegmentedRaftLog:OPENED:c-1,f-1,i0, conf=-1: [d04a9f42-a8a4-4db8-9aa1-5b0fc166369b|rpc:172.19.0.6:9856|admin:172.19.0.6:9857|client:172.19.0.6:9858|priority:0, 68c91f89-ec28-4a1c-9919-67b6c9fc4c79|rpc:172.19.0.5:9856|admin:172.19.0.5:9857|client:172.19.0.5:9858|priority:0, 06a230a1-3f4e-4ff0-958b-e4931078e5d0|rpc:172.19.0.2:9856|admin:172.19.0.2:9857|client:172.19.0.2:9858|priority:1], old=null
datanode_2  | 2021-06-07 13:51:20,197 [grpc-default-executor-0] INFO server.RaftServer$Division: d04a9f42-a8a4-4db8-9aa1-5b0fc166369b@group-6512BF76CFFB: receive requestVote(ELECTION, 68c91f89-ec28-4a1c-9919-67b6c9fc4c79, group-6512BF76CFFB, 4, (t:0, i:0))
datanode_2  | 2021-06-07 13:51:20,197 [grpc-default-executor-0] INFO impl.VoteContext: d04a9f42-a8a4-4db8-9aa1-5b0fc166369b@group-6512BF76CFFB-FOLLOWER: accept ELECTION from 68c91f89-ec28-4a1c-9919-67b6c9fc4c79: our priority 0 <= candidate's priority 0
datanode_2  | 2021-06-07 13:51:20,197 [grpc-default-executor-0] INFO server.RaftServer$Division: d04a9f42-a8a4-4db8-9aa1-5b0fc166369b@group-6512BF76CFFB: changes role from  FOLLOWER to FOLLOWER at term 4 for candidate:68c91f89-ec28-4a1c-9919-67b6c9fc4c79
datanode_2  | 2021-06-07 13:51:20,197 [grpc-default-executor-0] INFO impl.RoleInfo: d04a9f42-a8a4-4db8-9aa1-5b0fc166369b: shutdown d04a9f42-a8a4-4db8-9aa1-5b0fc166369b@group-6512BF76CFFB-FollowerState
datanode_2  | 2021-06-07 13:51:20,197 [grpc-default-executor-0] INFO impl.RoleInfo: d04a9f42-a8a4-4db8-9aa1-5b0fc166369b: start d04a9f42-a8a4-4db8-9aa1-5b0fc166369b@group-6512BF76CFFB-FollowerState
datanode_2  | 2021-06-07 13:51:20,197 [d04a9f42-a8a4-4db8-9aa1-5b0fc166369b@group-6512BF76CFFB-FollowerState] INFO impl.FollowerState: d04a9f42-a8a4-4db8-9aa1-5b0fc166369b@group-6512BF76CFFB-FollowerState was interrupted: {}
datanode_2  | java.lang.InterruptedException: sleep interrupted
datanode_2  | 	at java.base/java.lang.Thread.sleep(Native Method)
datanode_2  | 	at java.base/java.lang.Thread.sleep(Thread.java:339)
datanode_2  | 	at java.base/java.util.concurrent.TimeUnit.sleep(TimeUnit.java:446)
datanode_2  | 	at org.apache.ratis.util.TimeDuration.sleep(TimeDuration.java:324)
datanode_2  | 	at org.apache.ratis.util.TimeDuration.sleep(TimeDuration.java:309)
datanode_2  | 	at org.apache.ratis.server.impl.FollowerState.run(FollowerState.java:118)
datanode_2  | 2021-06-07 13:51:20,200 [grpc-default-executor-0] INFO server.RaftServer$Division: d04a9f42-a8a4-4db8-9aa1-5b0fc166369b@group-6512BF76CFFB replies to ELECTION vote request: 68c91f89-ec28-4a1c-9919-67b6c9fc4c79<-d04a9f42-a8a4-4db8-9aa1-5b0fc166369b#0:OK-t4. Peer's state: d04a9f42-a8a4-4db8-9aa1-5b0fc166369b@group-6512BF76CFFB:t4, leader=null, voted=68c91f89-ec28-4a1c-9919-67b6c9fc4c79, raftlog=d04a9f42-a8a4-4db8-9aa1-5b0fc166369b@group-6512BF76CFFB-SegmentedRaftLog:OPENED:c-1,f-1,i0, conf=-1: [d04a9f42-a8a4-4db8-9aa1-5b0fc166369b|rpc:172.19.0.6:9856|admin:172.19.0.6:9857|client:172.19.0.6:9858|priority:0, 68c91f89-ec28-4a1c-9919-67b6c9fc4c79|rpc:172.19.0.5:9856|admin:172.19.0.5:9857|client:172.19.0.5:9858|priority:0, 06a230a1-3f4e-4ff0-958b-e4931078e5d0|rpc:172.19.0.2:9856|admin:172.19.0.2:9857|client:172.19.0.2:9858|priority:1], old=null
