om_1          | 2021-10-15 16:55:53,646 [Listener at om/9862] INFO impl.MetricsSystemImpl: Scheduled Metric snapshot period at 10 second(s).
datanode_3_1  | 2021-10-15 16:55:45,306 [grpc-default-executor-0] INFO server.RaftServer$Division: d25460e5-20e8-4985-80ce-3270024972eb@group-31C5BA1FF76A replies to ELECTION vote request: 5e7c1a9c-a5d7-42de-8bdf-6800692356b9<-d25460e5-20e8-4985-80ce-3270024972eb#0:OK-t1. Peer's state: d25460e5-20e8-4985-80ce-3270024972eb@group-31C5BA1FF76A:t1, leader=null, voted=5e7c1a9c-a5d7-42de-8bdf-6800692356b9, raftlog=d25460e5-20e8-4985-80ce-3270024972eb@group-31C5BA1FF76A-SegmentedRaftLog:OPENED:c-1,f-1,i0, conf=-1: [5e7c1a9c-a5d7-42de-8bdf-6800692356b9|rpc:10.5.0.9:9856|admin:10.5.0.9:9857|client:10.5.0.9:9858|priority:0, 4048ca87-0bf7-4ee9-bfef-53b9dbc393d6|rpc:10.5.0.8:9856|admin:10.5.0.8:9857|client:10.5.0.8:9858|priority:1, d25460e5-20e8-4985-80ce-3270024972eb|rpc:10.5.0.6:9856|admin:10.5.0.6:9857|client:10.5.0.6:9858|priority:0], old=null
datanode_3_1  | 2021-10-15 16:55:45,361 [d25460e5-20e8-4985-80ce-3270024972eb@group-3EE453D50DD4-LeaderElection1] INFO segmented.SegmentedRaftLogWorker: d25460e5-20e8-4985-80ce-3270024972eb@group-3EE453D50DD4-SegmentedRaftLogWorker: Starting segment from index:0
scm_1         | 2021-10-15 16:55:36,294 [Listener at 0.0.0.0/9860] INFO handler.ContextHandler: Started o.e.j.w.WebAppContext@22e1a1dc{scm,/,file:///tmp/jetty-0_0_0_0-9876-hdds-server-scm-1_2_0-SNAPSHOT_jar-_-any-2851638282038205224/webapp/,AVAILABLE}{jar:file:/opt/hadoop/share/ozone/lib/hdds-server-scm-1.2.0-SNAPSHOT.jar!/webapps/scm}
scm_1         | 2021-10-15 16:55:36,311 [RatisPipelineUtilsThread - 0] INFO pipeline.PipelineStateManagerImpl: Created pipeline Pipeline[ Id: b68a032a-4b72-4f6e-a2ce-3ee453d50dd4, Nodes: d25460e5-20e8-4985-80ce-3270024972eb{ip: 10.5.0.6, host: ozone-topology_datanode_3_1.ozone-topology_net, ports: [REPLICATION=9886, RATIS=9858, RATIS_ADMIN=9857, RATIS_SERVER=9856, STANDALONE=9859], networkLocation: /rack1, certSerialId: null, persistedOpState: IN_SERVICE, persistedOpStateExpiryEpochSec: 0}, ReplicationConfig: RATIS/ONE, State:ALLOCATED, leaderId:, CreationTimestamp2021-10-15T16:55:36.178Z[UTC]].
om_1          | 2021-10-15 16:55:53,646 [Listener at om/9862] INFO impl.MetricsSystemImpl: OzoneManager metrics system started
datanode_2_1  | 2021-10-15 16:58:11,579 [java.util.concurrent.ThreadPoolExecutor$Worker@6f48b058[State = -1, empty queue]] WARN server.GrpcLogAppender: bbc90752-1b70-445a-b03a-40df8b428a1b@group-A363FACE922A->b7cbc2bc-316a-4944-980c-78830fd78c55-GrpcLogAppender:  appendEntries Timeout, request=AppendEntriesRequest:cid=5570,entriesCount=1,lastEntry=(t:1, i:83)
datanode_2_1  | 2021-10-15 16:58:11,589 [java.util.concurrent.ThreadPoolExecutor$Worker@6f48b058[State = -1, empty queue]] WARN server.GrpcLogAppender: bbc90752-1b70-445a-b03a-40df8b428a1b@group-A363FACE922A->b7cbc2bc-316a-4944-980c-78830fd78c55-GrpcLogAppender:  appendEntries Timeout, request=AppendEntriesRequest:cid=5571,entriesCount=1,lastEntry=(t:1, i:84)
om_1          | 2021-10-15 16:55:53,768 [Listener at om/9862] INFO om.OzoneManager: OzoneManager RPC server is listening at om/10.5.0.70:9862
datanode_5_1  | 2021-10-15 16:55:45,074 [pool-22-thread-1] INFO server.RaftServerConfigKeys: raft.server.log.preallocated.size = 16384 (custom)
datanode_3_1  | 2021-10-15 16:55:45,517 [d25460e5-20e8-4985-80ce-3270024972eb@group-3EE453D50DD4-LeaderElection1] INFO server.RaftServer$Division: d25460e5-20e8-4985-80ce-3270024972eb@group-3EE453D50DD4: set configuration 0: [d25460e5-20e8-4985-80ce-3270024972eb|rpc:10.5.0.6:9856|admin:10.5.0.6:9857|client:10.5.0.6:9858|dataStream:|priority:1], old=null
datanode_3_1  | 2021-10-15 16:55:45,668 [Command processor thread] INFO commandhandler.CreatePipelineCommandHandler: Created Pipeline RATIS THREE PipelineID=8cbc9af8-7406-425a-8d1d-31c5ba1ff76a.
scm_1         | 2021-10-15 16:55:36,348 [RatisPipelineUtilsThread - 0] INFO pipeline.RatisPipelineProvider: Sending CreatePipelineCommand for pipeline:PipelineID=8cbc9af8-7406-425a-8d1d-31c5ba1ff76a to datanode:5e7c1a9c-a5d7-42de-8bdf-6800692356b9
datanode_5_1  | 2021-10-15 16:55:45,074 [pool-22-thread-1] INFO server.RaftServerConfigKeys: raft.server.log.force.sync.num = 128 (default)
om_1          | 2021-10-15 16:55:53,769 [Listener at om/9862] INFO ratis.OzoneManagerRatisServer: Starting OzoneManagerRatisServer om1 at port 9872
scm_1         | 2021-10-15 16:55:36,350 [Listener at 0.0.0.0/9860] INFO server.AbstractConnector: Started ServerConnector@153d14e3{HTTP/1.1, (http/1.1)}{0.0.0.0:9876}
scm_1         | 2021-10-15 16:55:36,351 [Listener at 0.0.0.0/9860] INFO server.Server: Started @25861ms
datanode_2_1  | 2021-10-15 16:58:11,599 [java.util.concurrent.ThreadPoolExecutor$Worker@6f48b058[State = -1, empty queue]] WARN server.GrpcLogAppender: bbc90752-1b70-445a-b03a-40df8b428a1b@group-A363FACE922A->b7cbc2bc-316a-4944-980c-78830fd78c55-GrpcLogAppender:  appendEntries Timeout, request=AppendEntriesRequest:cid=5572,entriesCount=1,lastEntry=(t:1, i:85)
datanode_2_1  | 2021-10-15 16:58:11,623 [java.util.concurrent.ThreadPoolExecutor$Worker@6f48b058[State = -1, empty queue]] WARN server.GrpcLogAppender: bbc90752-1b70-445a-b03a-40df8b428a1b@group-A363FACE922A->b7cbc2bc-316a-4944-980c-78830fd78c55-GrpcLogAppender:  appendEntries Timeout, request=AppendEntriesRequest:cid=5573,entriesCount=1,lastEntry=(t:1, i:86)
datanode_5_1  | 2021-10-15 16:55:45,074 [pool-22-thread-1] INFO server.RaftServerConfigKeys: raft.server.log.statemachine.data.sync = true (default)
datanode_4_1  | 2021-10-15 16:56:08,195 [pool-22-thread-1] INFO server.RaftServerConfigKeys: raft.server.leaderelection.leader.step-down.wait-time = 10s (default)
datanode_6_1  | 2021-10-15 16:55:47,746 [pool-22-thread-1] INFO server.RaftServerConfigKeys: raft.server.rpc.timeout.min = 5s (custom)
datanode_6_1  | 2021-10-15 16:55:47,746 [pool-22-thread-1] INFO server.RaftServerConfigKeys: raft.server.rpc.timeout.max = 5200ms (custom)
datanode_3_1  | 2021-10-15 16:55:45,689 [d25460e5-20e8-4985-80ce-3270024972eb@group-3EE453D50DD4-SegmentedRaftLogWorker] INFO segmented.SegmentedRaftLogWorker: d25460e5-20e8-4985-80ce-3270024972eb@group-3EE453D50DD4-SegmentedRaftLogWorker: created new log segment /data/metadata/ratis/b68a032a-4b72-4f6e-a2ce-3ee453d50dd4/current/log_inprogress_0
datanode_5_1  | 2021-10-15 16:55:45,078 [pool-22-thread-1] INFO server.RaftServerConfigKeys: raft.server.log.statemachine.data.sync.timeout = 10s (default)
om_1          | 2021-10-15 16:55:53,777 [Listener at om/9862] INFO server.RaftServer$Division: om1@group-C5BA1605619E: start as a follower, conf=-1: [om1|rpc:om:9872|priority:0], old=null
om_1          | 2021-10-15 16:55:53,780 [Listener at om/9862] INFO server.RaftServer$Division: om1@group-C5BA1605619E: changes role from      null to FOLLOWER at term 0 for startAsFollower
om_1          | 2021-10-15 16:55:53,784 [Listener at om/9862] INFO impl.RoleInfo: om1: start om1@group-C5BA1605619E-FollowerState
datanode_3_1  | 2021-10-15 16:55:45,969 [grpc-default-executor-0] INFO ratis.XceiverServerRatis: Leader change notification received for group: group-31C5BA1FF76A with new leaderId: 5e7c1a9c-a5d7-42de-8bdf-6800692356b9
datanode_3_1  | 2021-10-15 16:55:45,969 [grpc-default-executor-0] INFO server.RaftServer$Division: d25460e5-20e8-4985-80ce-3270024972eb@group-31C5BA1FF76A: change Leader from null to 5e7c1a9c-a5d7-42de-8bdf-6800692356b9 at term 1 for appendEntries, leader elected after 5973ms
datanode_2_1  | 2021-10-15 16:58:14,431 [java.util.concurrent.ThreadPoolExecutor$Worker@6f48b058[State = -1, empty queue]] WARN server.GrpcLogAppender: bbc90752-1b70-445a-b03a-40df8b428a1b@group-A363FACE922A->b7cbc2bc-316a-4944-980c-78830fd78c55-GrpcLogAppender:  appendEntries Timeout, request=AppendEntriesRequest:cid=5825,entriesCount=1,lastEntry=(t:1, i:87)
datanode_2_1  | 2021-10-15 16:58:14,445 [java.util.concurrent.ThreadPoolExecutor$Worker@6f48b058[State = -1, empty queue]] WARN server.GrpcLogAppender: bbc90752-1b70-445a-b03a-40df8b428a1b@group-A363FACE922A->b7cbc2bc-316a-4944-980c-78830fd78c55-GrpcLogAppender:  appendEntries Timeout, request=AppendEntriesRequest:cid=5826,entriesCount=1,lastEntry=(t:1, i:88)
scm_1         | 2021-10-15 16:55:36,351 [RatisPipelineUtilsThread - 0] INFO pipeline.RatisPipelineProvider: Sending CreatePipelineCommand for pipeline:PipelineID=8cbc9af8-7406-425a-8d1d-31c5ba1ff76a to datanode:d25460e5-20e8-4985-80ce-3270024972eb
scm_1         | 2021-10-15 16:55:36,353 [Listener at 0.0.0.0/9860] INFO impl.MetricsSinkAdapter: Sink prometheus started
scm_1         | 2021-10-15 16:55:36,353 [Listener at 0.0.0.0/9860] INFO impl.MetricsSystemImpl: Registered sink prometheus
datanode_5_1  | 2021-10-15 16:55:45,079 [pool-22-thread-1] INFO server.RaftServerConfigKeys: raft.server.log.statemachine.data.sync.timeout.retry = -1 (default)
datanode_3_1  | 2021-10-15 16:55:46,088 [grpc-default-executor-0] INFO server.RaftServer$Division: d25460e5-20e8-4985-80ce-3270024972eb@group-31C5BA1FF76A: set configuration 0: [5e7c1a9c-a5d7-42de-8bdf-6800692356b9|rpc:10.5.0.9:9856|admin:10.5.0.9:9857|client:10.5.0.9:9858|dataStream:|priority:0, 4048ca87-0bf7-4ee9-bfef-53b9dbc393d6|rpc:10.5.0.8:9856|admin:10.5.0.8:9857|client:10.5.0.8:9858|dataStream:|priority:1, d25460e5-20e8-4985-80ce-3270024972eb|rpc:10.5.0.6:9856|admin:10.5.0.6:9857|client:10.5.0.6:9858|dataStream:|priority:0], old=null
datanode_4_1  | 2021-10-15 16:56:08,195 [pool-22-thread-1] INFO server.RaftServerConfigKeys: raft.server.sleep.deviation.threshold = 300ms (default)
datanode_2_1  | 2021-10-15 16:58:14,461 [java.util.concurrent.ThreadPoolExecutor$Worker@6f48b058[State = -1, empty queue]] WARN server.GrpcLogAppender: bbc90752-1b70-445a-b03a-40df8b428a1b@group-A363FACE922A->b7cbc2bc-316a-4944-980c-78830fd78c55-GrpcLogAppender:  appendEntries Timeout, request=AppendEntriesRequest:cid=5828,entriesCount=1,lastEntry=(t:1, i:89)
om_1          | 2021-10-15 16:55:53,791 [Listener at om/9862] INFO util.JmxRegister: Successfully registered JMX Bean with object name Ratis:service=RaftServer,group=group-C5BA1605619E,id=om1
datanode_6_1  | 2021-10-15 16:55:47,747 [pool-22-thread-1] INFO server.RaftServerConfigKeys: raft.server.rpc.sleep.time = 25ms (default)
datanode_4_1  | 2021-10-15 16:56:08,195 [pool-22-thread-1] INFO server.RaftServerConfigKeys: raft.server.log.appender.install.snapshot.enabled = false (custom)
datanode_5_1  | 2021-10-15 16:55:45,080 [pool-22-thread-1] INFO server.RaftServerConfigKeys: raft.server.log.write.buffer.size = 1048576 (custom)
om_1          | 2021-10-15 16:55:53,805 [Listener at om/9862] INFO server.RaftServer: om1: start RPC server
datanode_3_1  | 2021-10-15 16:55:46,098 [grpc-default-executor-0] INFO segmented.SegmentedRaftLogWorker: d25460e5-20e8-4985-80ce-3270024972eb@group-31C5BA1FF76A-SegmentedRaftLogWorker: Starting segment from index:0
datanode_3_1  | 2021-10-15 16:55:46,117 [d25460e5-20e8-4985-80ce-3270024972eb@group-31C5BA1FF76A-SegmentedRaftLogWorker] INFO segmented.SegmentedRaftLogWorker: d25460e5-20e8-4985-80ce-3270024972eb@group-31C5BA1FF76A-SegmentedRaftLogWorker: created new log segment /data/metadata/ratis/8cbc9af8-7406-425a-8d1d-31c5ba1ff76a/current/log_inprogress_0
datanode_4_1  | 2021-10-15 16:56:08,195 [pool-22-thread-1] INFO server.RaftServer$Division: b7cbc2bc-316a-4944-980c-78830fd78c55@group-5FC3D851A956: ConfigurationManager, init=-1: [b7cbc2bc-316a-4944-980c-78830fd78c55|rpc:10.5.0.7:9856|admin:10.5.0.7:9857|client:10.5.0.7:9858|priority:1], old=null, confs=<EMPTY_MAP>
datanode_4_1  | 2021-10-15 16:56:08,196 [pool-22-thread-1] INFO server.RaftServerConfigKeys: raft.server.storage.dir = [/data/metadata/ratis] (custom)
datanode_4_1  | 2021-10-15 16:56:08,196 [pool-22-thread-1] INFO server.RaftServerConfigKeys: raft.server.log.corruption.policy = EXCEPTION (default)
datanode_6_1  | 2021-10-15 16:55:47,747 [pool-22-thread-1] INFO server.RaftServerConfigKeys: raft.server.rpc.slowness.timeout = 300s (custom)
datanode_6_1  | 2021-10-15 16:55:47,747 [pool-22-thread-1] INFO server.RaftServerConfigKeys: raft.server.leaderelection.leader.step-down.wait-time = 10s (default)
datanode_6_1  | 2021-10-15 16:55:47,747 [pool-22-thread-1] INFO server.RaftServerConfigKeys: raft.server.sleep.deviation.threshold = 300ms (default)
datanode_6_1  | 2021-10-15 16:55:47,747 [pool-22-thread-1] INFO server.RaftServerConfigKeys: raft.server.log.appender.install.snapshot.enabled = false (custom)
datanode_6_1  | 2021-10-15 16:55:47,747 [pool-22-thread-1] INFO server.RaftServer$Division: 5e7c1a9c-a5d7-42de-8bdf-6800692356b9@group-BA4C276E8FC7: ConfigurationManager, init=-1: [5e7c1a9c-a5d7-42de-8bdf-6800692356b9|rpc:10.5.0.9:9856|admin:10.5.0.9:9857|client:10.5.0.9:9858|priority:1], old=null, confs=<EMPTY_MAP>
scm_1         | 2021-10-15 16:55:36,355 [RatisPipelineUtilsThread - 0] INFO pipeline.RatisPipelineProvider: Sending CreatePipelineCommand for pipeline:PipelineID=8cbc9af8-7406-425a-8d1d-31c5ba1ff76a to datanode:4048ca87-0bf7-4ee9-bfef-53b9dbc393d6
scm_1         | 2021-10-15 16:55:36,359 [Listener at 0.0.0.0/9860] INFO http.BaseHttpServer: HTTP server of scm listening at http://0.0.0.0:9876
om_1          | 2021-10-15 16:55:53,889 [Listener at om/9862] INFO server.GrpcService: om1: GrpcService started, listening on 9872
datanode_2_1  | 2021-10-15 16:58:14,469 [java.util.concurrent.ThreadPoolExecutor$Worker@6f48b058[State = -1, empty queue]] WARN server.GrpcLogAppender: bbc90752-1b70-445a-b03a-40df8b428a1b@group-A363FACE922A->b7cbc2bc-316a-4944-980c-78830fd78c55-GrpcLogAppender:  appendEntries Timeout, request=AppendEntriesRequest:cid=5830,entriesCount=1,lastEntry=(t:1, i:90)
datanode_2_1  | 2021-10-15 16:58:17,020 [java.util.concurrent.ThreadPoolExecutor$Worker@6f48b058[State = -1, empty queue]] WARN server.GrpcLogAppender: bbc90752-1b70-445a-b03a-40df8b428a1b@group-A363FACE922A->b7cbc2bc-316a-4944-980c-78830fd78c55-GrpcLogAppender:  appendEntries Timeout, request=AppendEntriesRequest:cid=6080,entriesCount=1,lastEntry=(t:1, i:91)
datanode_2_1  | 2021-10-15 16:58:17,020 [java.util.concurrent.ThreadPoolExecutor$Worker@6f48b058[State = -1, empty queue]] WARN server.GrpcLogAppender: bbc90752-1b70-445a-b03a-40df8b428a1b@group-A363FACE922A->b7cbc2bc-316a-4944-980c-78830fd78c55-GrpcLogAppender:  appendEntries Timeout, request=AppendEntriesRequest:cid=6081,entriesCount=1,lastEntry=(t:1, i:92)
datanode_3_1  | 2021-10-15 16:55:49,389 [grpc-default-executor-0] INFO server.RaftServer$Division: d25460e5-20e8-4985-80ce-3270024972eb@group-BF736411C0C3: receive requestVote(ELECTION, 5e7c1a9c-a5d7-42de-8bdf-6800692356b9, group-BF736411C0C3, 1, (t:0, i:0))
datanode_3_1  | 2021-10-15 16:55:49,389 [grpc-default-executor-0] INFO impl.VoteContext: d25460e5-20e8-4985-80ce-3270024972eb@group-BF736411C0C3-FOLLOWER: accept ELECTION from 5e7c1a9c-a5d7-42de-8bdf-6800692356b9: our priority 0 <= candidate's priority 0
datanode_3_1  | 2021-10-15 16:55:49,389 [grpc-default-executor-0] INFO server.RaftServer$Division: d25460e5-20e8-4985-80ce-3270024972eb@group-BF736411C0C3: changes role from  FOLLOWER to FOLLOWER at term 1 for candidate:5e7c1a9c-a5d7-42de-8bdf-6800692356b9
datanode_5_1  | 2021-10-15 16:55:45,103 [pool-22-thread-1] INFO server.RaftServerConfigKeys: raft.server.log.statemachine.data.caching.enabled = true (custom)
datanode_4_1  | 2021-10-15 16:56:08,196 [pool-22-thread-1] INFO server.RaftServerConfigKeys: raft.server.storage.free-space.min = 0MB (=0) (default)
om_1          | 2021-10-15 16:55:53,894 [Listener at om/9862] INFO om.OzoneManager: Version File has different layout version (0) than OM DB (null). That is expected if this OM has never been finalized to a newer layout version.
om_1          | 2021-10-15 16:55:53,897 [org.apache.ratis.util.JvmPauseMonitor$$Lambda$370/0x0000000840518840@6296c184] INFO util.JvmPauseMonitor: JvmPauseMonitor-om1: Started
scm_1         | 2021-10-15 16:55:36,366 [RatisPipelineUtilsThread - 0] INFO pipeline.PipelineStateManagerImpl: Created pipeline Pipeline[ Id: 8cbc9af8-7406-425a-8d1d-31c5ba1ff76a, Nodes: 5e7c1a9c-a5d7-42de-8bdf-6800692356b9{ip: 10.5.0.9, host: ozone-topology_datanode_6_1.ozone-topology_net, ports: [REPLICATION=9886, RATIS=9858, RATIS_ADMIN=9857, RATIS_SERVER=9856, STANDALONE=9859], networkLocation: /rack2, certSerialId: null, persistedOpState: IN_SERVICE, persistedOpStateExpiryEpochSec: 0}d25460e5-20e8-4985-80ce-3270024972eb{ip: 10.5.0.6, host: ozone-topology_datanode_3_1.ozone-topology_net, ports: [REPLICATION=9886, RATIS=9858, RATIS_ADMIN=9857, RATIS_SERVER=9856, STANDALONE=9859], networkLocation: /rack1, certSerialId: null, persistedOpState: IN_SERVICE, persistedOpStateExpiryEpochSec: 0}4048ca87-0bf7-4ee9-bfef-53b9dbc393d6{ip: 10.5.0.8, host: ozone-topology_datanode_5_1.ozone-topology_net, ports: [REPLICATION=9886, RATIS=9858, RATIS_ADMIN=9857, RATIS_SERVER=9856, STANDALONE=9859], networkLocation: /rack2, certSerialId: null, persistedOpState: IN_SERVICE, persistedOpStateExpiryEpochSec: 0}, ReplicationConfig: RATIS/THREE, State:ALLOCATED, leaderId:, CreationTimestamp2021-10-15T16:55:36.348Z[UTC]].
scm_1         | 2021-10-15 16:55:36,367 [RatisPipelineUtilsThread - 0] INFO pipeline.RatisPipelineProvider: Sending CreatePipelineCommand for pipeline:PipelineID=b2472fb9-8887-47a3-85a5-c5d4b64bcf32 to datanode:4048ca87-0bf7-4ee9-bfef-53b9dbc393d6
datanode_5_1  | 2021-10-15 16:55:45,104 [pool-22-thread-1] INFO segmented.SegmentedRaftLogWorker: 4048ca87-0bf7-4ee9-bfef-53b9dbc393d6@group-A363FACE922A-SegmentedRaftLogWorker: flushIndex: setUnconditionally 0 -> -1
datanode_5_1  | 2021-10-15 16:55:45,104 [pool-22-thread-1] INFO segmented.SegmentedRaftLogWorker: 4048ca87-0bf7-4ee9-bfef-53b9dbc393d6@group-A363FACE922A-SegmentedRaftLogWorker: safeCacheEvictIndex: setUnconditionally 0 -> -1
datanode_2_1  | 2021-10-15 16:58:17,033 [java.util.concurrent.ThreadPoolExecutor$Worker@6f48b058[State = -1, empty queue]] WARN server.GrpcLogAppender: bbc90752-1b70-445a-b03a-40df8b428a1b@group-A363FACE922A->b7cbc2bc-316a-4944-980c-78830fd78c55-GrpcLogAppender:  appendEntries Timeout, request=AppendEntriesRequest:cid=6082,entriesCount=1,lastEntry=(t:1, i:93)
datanode_2_1  | 2021-10-15 16:58:19,672 [java.util.concurrent.ThreadPoolExecutor$Worker@6f48b058[State = -1, empty queue]] WARN server.GrpcLogAppender: bbc90752-1b70-445a-b03a-40df8b428a1b@group-A363FACE922A->b7cbc2bc-316a-4944-980c-78830fd78c55-GrpcLogAppender:  appendEntries Timeout, request=AppendEntriesRequest:cid=6332,entriesCount=1,lastEntry=(t:1, i:94)
datanode_6_1  | 2021-10-15 16:55:47,748 [pool-22-thread-1] INFO server.RaftServerConfigKeys: raft.server.storage.dir = [/data/metadata/ratis] (custom)
datanode_6_1  | 2021-10-15 16:55:47,748 [pool-22-thread-1] INFO server.RaftServerConfigKeys: raft.server.log.corruption.policy = EXCEPTION (default)
datanode_3_1  | 2021-10-15 16:55:49,390 [grpc-default-executor-0] INFO impl.RoleInfo: d25460e5-20e8-4985-80ce-3270024972eb: shutdown d25460e5-20e8-4985-80ce-3270024972eb@group-BF736411C0C3-FollowerState
datanode_3_1  | 2021-10-15 16:55:49,390 [grpc-default-executor-0] INFO impl.RoleInfo: d25460e5-20e8-4985-80ce-3270024972eb: start d25460e5-20e8-4985-80ce-3270024972eb@group-BF736411C0C3-FollowerState
datanode_3_1  | 2021-10-15 16:55:49,390 [d25460e5-20e8-4985-80ce-3270024972eb@group-BF736411C0C3-FollowerState] INFO impl.FollowerState: d25460e5-20e8-4985-80ce-3270024972eb@group-BF736411C0C3-FollowerState was interrupted: {}
datanode_4_1  | 2021-10-15 16:56:08,196 [pool-22-thread-1] INFO storage.RaftStorageDirectory: The storage directory /data/metadata/ratis/9ba3493f-ae00-4dfe-a8a1-5fc3d851a956 does not exist. Creating ...
datanode_4_1  | 2021-10-15 16:56:08,199 [pool-22-thread-1] INFO storage.RaftStorageDirectory: Lock on /data/metadata/ratis/9ba3493f-ae00-4dfe-a8a1-5fc3d851a956/in_use.lock acquired by nodename 8@a6ade610eb3a
om_1          | 2021-10-15 16:55:53,966 [Listener at om/9862] INFO http.BaseHttpServer: Starting Web-server for ozoneManager at: http://0.0.0.0:9874
om_1          | 2021-10-15 16:55:53,966 [Listener at om/9862] INFO http.BaseHttpServer: Hadoop Security Enabled: false Ozone Security Enabled: false Ozone HTTP Security Enabled: false 
om_1          | 2021-10-15 16:55:54,085 [Listener at om/9862] INFO util.log: Logging initialized @18753ms to org.eclipse.jetty.util.log.Slf4jLog
datanode_2_1  | 2021-10-15 16:58:19,679 [java.util.concurrent.ThreadPoolExecutor$Worker@6f48b058[State = -1, empty queue]] WARN server.GrpcLogAppender: bbc90752-1b70-445a-b03a-40df8b428a1b@group-A363FACE922A->b7cbc2bc-316a-4944-980c-78830fd78c55-GrpcLogAppender:  appendEntries Timeout, request=AppendEntriesRequest:cid=6333,entriesCount=1,lastEntry=(t:1, i:95)
datanode_2_1  | 2021-10-15 16:58:19,681 [java.util.concurrent.ThreadPoolExecutor$Worker@6f48b058[State = -1, empty queue]] WARN server.GrpcLogAppender: bbc90752-1b70-445a-b03a-40df8b428a1b@group-A363FACE922A->b7cbc2bc-316a-4944-980c-78830fd78c55-GrpcLogAppender:  appendEntries Timeout, request=AppendEntriesRequest:cid=6334,entriesCount=1,lastEntry=(t:1, i:96)
datanode_6_1  | 2021-10-15 16:55:47,748 [pool-22-thread-1] INFO server.RaftServerConfigKeys: raft.server.storage.free-space.min = 0MB (=0) (default)
datanode_6_1  | 2021-10-15 16:55:47,748 [pool-22-thread-1] INFO storage.RaftStorageDirectory: The storage directory /data/metadata/ratis/4d6eb66f-ee68-4505-a9a5-ba4c276e8fc7 does not exist. Creating ...
datanode_6_1  | 2021-10-15 16:55:47,750 [pool-22-thread-1] INFO storage.RaftStorageDirectory: Lock on /data/metadata/ratis/4d6eb66f-ee68-4505-a9a5-ba4c276e8fc7/in_use.lock acquired by nodename 8@9a9b2a014398
datanode_4_1  | 2021-10-15 16:56:08,201 [pool-22-thread-1] INFO storage.RaftStorage: Storage directory /data/metadata/ratis/9ba3493f-ae00-4dfe-a8a1-5fc3d851a956 has been successfully formatted.
datanode_4_1  | 2021-10-15 16:56:08,202 [Datanode State Machine Thread - 0] WARN statemachine.StateContext: No available thread in pool for past 30 seconds.
datanode_4_1  | 2021-10-15 16:56:08,202 [pool-22-thread-1] INFO ratis.ContainerStateMachine: group-5FC3D851A956: The snapshot info is null. Setting the last applied indexto:(t:0, i:~)
datanode_5_1  | 2021-10-15 16:55:45,135 [pool-22-thread-1] INFO server.RaftServerConfigKeys: raft.server.snapshot.auto.trigger.enabled = true (custom)
datanode_5_1  | 2021-10-15 16:55:45,135 [pool-22-thread-1] INFO server.RaftServerConfigKeys: raft.server.snapshot.auto.trigger.threshold = 10000 (custom)
scm_1         | 2021-10-15 16:55:36,372 [RatisPipelineUtilsThread - 0] INFO pipeline.PipelineStateManagerImpl: Created pipeline Pipeline[ Id: b2472fb9-8887-47a3-85a5-c5d4b64bcf32, Nodes: 4048ca87-0bf7-4ee9-bfef-53b9dbc393d6{ip: 10.5.0.8, host: ozone-topology_datanode_5_1.ozone-topology_net, ports: [REPLICATION=9886, RATIS=9858, RATIS_ADMIN=9857, RATIS_SERVER=9856, STANDALONE=9859], networkLocation: /rack2, certSerialId: null, persistedOpState: IN_SERVICE, persistedOpStateExpiryEpochSec: 0}, ReplicationConfig: RATIS/ONE, State:ALLOCATED, leaderId:, CreationTimestamp2021-10-15T16:55:36.367Z[UTC]].
scm_1         | 2021-10-15 16:55:36,383 [RatisPipelineUtilsThread - 0] INFO pipeline.RatisPipelineProvider: Sending CreatePipelineCommand for pipeline:PipelineID=1cefabbe-41f5-4fa1-8e0d-bf736411c0c3 to datanode:d25460e5-20e8-4985-80ce-3270024972eb
datanode_3_1  | java.lang.InterruptedException: sleep interrupted
datanode_3_1  | 	at java.base/java.lang.Thread.sleep(Native Method)
datanode_2_1  | 2021-10-15 16:58:19,686 [java.util.concurrent.ThreadPoolExecutor$Worker@6f48b058[State = -1, empty queue]] WARN server.GrpcLogAppender: bbc90752-1b70-445a-b03a-40df8b428a1b@group-A363FACE922A->b7cbc2bc-316a-4944-980c-78830fd78c55-GrpcLogAppender:  appendEntries Timeout, request=AppendEntriesRequest:cid=6335,entriesCount=1,lastEntry=(t:1, i:97)
datanode_2_1  | 2021-10-15 16:58:22,355 [java.util.concurrent.ThreadPoolExecutor$Worker@6f48b058[State = -1, empty queue]] WARN server.GrpcLogAppender: bbc90752-1b70-445a-b03a-40df8b428a1b@group-A363FACE922A->b7cbc2bc-316a-4944-980c-78830fd78c55-GrpcLogAppender:  appendEntries Timeout, request=AppendEntriesRequest:cid=6586,entriesCount=1,lastEntry=(t:1, i:98)
datanode_2_1  | 2021-10-15 16:58:22,361 [java.util.concurrent.ThreadPoolExecutor$Worker@6f48b058[State = -1, empty queue]] WARN server.GrpcLogAppender: bbc90752-1b70-445a-b03a-40df8b428a1b@group-A363FACE922A->b7cbc2bc-316a-4944-980c-78830fd78c55-GrpcLogAppender:  appendEntries Timeout, request=AppendEntriesRequest:cid=6587,entriesCount=1,lastEntry=(t:1, i:99)
scm_1         | 2021-10-15 16:55:36,383 [RatisPipelineUtilsThread - 0] INFO pipeline.RatisPipelineProvider: Sending CreatePipelineCommand for pipeline:PipelineID=1cefabbe-41f5-4fa1-8e0d-bf736411c0c3 to datanode:b7cbc2bc-316a-4944-980c-78830fd78c55
scm_1         | 2021-10-15 16:55:36,384 [RatisPipelineUtilsThread - 0] INFO pipeline.RatisPipelineProvider: Sending CreatePipelineCommand for pipeline:PipelineID=1cefabbe-41f5-4fa1-8e0d-bf736411c0c3 to datanode:5e7c1a9c-a5d7-42de-8bdf-6800692356b9
datanode_5_1  | 2021-10-15 16:55:45,135 [pool-22-thread-1] INFO server.RaftServerConfigKeys: raft.server.snapshot.retention.file.num = 5 (custom)
datanode_5_1  | 2021-10-15 16:55:45,135 [pool-22-thread-1] INFO server.RaftServerConfigKeys: raft.server.log.purge.upto.snapshot.index = false (default)
datanode_5_1  | 2021-10-15 16:55:45,136 [pool-22-thread-1] INFO server.RaftServerConfigKeys: raft.server.retrycache.expirytime = 600000ms (custom)
om_1          | 2021-10-15 16:55:54,343 [Listener at om/9862] INFO server.AuthenticationFilter: Unable to initialize FileSignerSecretProvider, falling back to use random secrets.
om_1          | 2021-10-15 16:55:54,347 [Listener at om/9862] INFO http.HttpRequestLog: Http request log for http.requests.ozoneManager is not defined
datanode_4_1  | 2021-10-15 16:56:08,202 [pool-22-thread-1] INFO server.RaftServerConfigKeys: raft.server.notification.no-leader.timeout = 300s (custom)
datanode_4_1  | 2021-10-15 16:56:08,202 [pool-22-thread-1] INFO server.RaftServerConfigKeys: raft.server.log.use.memory = false (default)
datanode_6_1  | 2021-10-15 16:55:47,754 [pool-22-thread-1] INFO storage.RaftStorage: Storage directory /data/metadata/ratis/4d6eb66f-ee68-4505-a9a5-ba4c276e8fc7 has been successfully formatted.
datanode_3_1  | 	at java.base/java.lang.Thread.sleep(Thread.java:339)
datanode_3_1  | 	at java.base/java.util.concurrent.TimeUnit.sleep(TimeUnit.java:446)
datanode_2_1  | 2021-10-15 16:58:22,367 [java.util.concurrent.ThreadPoolExecutor$Worker@6f48b058[State = -1, empty queue]] WARN server.GrpcLogAppender: bbc90752-1b70-445a-b03a-40df8b428a1b@group-A363FACE922A->b7cbc2bc-316a-4944-980c-78830fd78c55-GrpcLogAppender:  appendEntries Timeout, request=AppendEntriesRequest:cid=6588,entriesCount=1,lastEntry=(t:1, i:100)
datanode_2_1  | 2021-10-15 16:58:22,375 [java.util.concurrent.ThreadPoolExecutor$Worker@6f48b058[State = -1, empty queue]] WARN server.GrpcLogAppender: bbc90752-1b70-445a-b03a-40df8b428a1b@group-A363FACE922A->b7cbc2bc-316a-4944-980c-78830fd78c55-GrpcLogAppender:  appendEntries Timeout, request=AppendEntriesRequest:cid=6589,entriesCount=1,lastEntry=(t:1, i:101)
datanode_2_1  | 2021-10-15 16:58:25,054 [java.util.concurrent.ThreadPoolExecutor$Worker@6f48b058[State = -1, empty queue]] WARN server.GrpcLogAppender: bbc90752-1b70-445a-b03a-40df8b428a1b@group-A363FACE922A->b7cbc2bc-316a-4944-980c-78830fd78c55-GrpcLogAppender:  appendEntries Timeout, request=AppendEntriesRequest:cid=6839,entriesCount=1,lastEntry=(t:1, i:102)
datanode_2_1  | 2021-10-15 16:58:25,057 [java.util.concurrent.ThreadPoolExecutor$Worker@6f48b058[State = -1, empty queue]] WARN server.GrpcLogAppender: bbc90752-1b70-445a-b03a-40df8b428a1b@group-A363FACE922A->b7cbc2bc-316a-4944-980c-78830fd78c55-GrpcLogAppender:  appendEntries Timeout, request=AppendEntriesRequest:cid=6840,entriesCount=1,lastEntry=(t:1, i:103)
scm_1         | 2021-10-15 16:55:36,389 [RatisPipelineUtilsThread - 0] INFO pipeline.PipelineStateManagerImpl: Created pipeline Pipeline[ Id: 1cefabbe-41f5-4fa1-8e0d-bf736411c0c3, Nodes: d25460e5-20e8-4985-80ce-3270024972eb{ip: 10.5.0.6, host: ozone-topology_datanode_3_1.ozone-topology_net, ports: [REPLICATION=9886, RATIS=9858, RATIS_ADMIN=9857, RATIS_SERVER=9856, STANDALONE=9859], networkLocation: /rack1, certSerialId: null, persistedOpState: IN_SERVICE, persistedOpStateExpiryEpochSec: 0}b7cbc2bc-316a-4944-980c-78830fd78c55{ip: 10.5.0.7, host: ozone-topology_datanode_4_1.ozone-topology_net, ports: [REPLICATION=9886, RATIS=9858, RATIS_ADMIN=9857, RATIS_SERVER=9856, STANDALONE=9859], networkLocation: /rack2, certSerialId: null, persistedOpState: IN_SERVICE, persistedOpStateExpiryEpochSec: 0}5e7c1a9c-a5d7-42de-8bdf-6800692356b9{ip: 10.5.0.9, host: ozone-topology_datanode_6_1.ozone-topology_net, ports: [REPLICATION=9886, RATIS=9858, RATIS_ADMIN=9857, RATIS_SERVER=9856, STANDALONE=9859], networkLocation: /rack2, certSerialId: null, persistedOpState: IN_SERVICE, persistedOpStateExpiryEpochSec: 0}, ReplicationConfig: RATIS/THREE, State:ALLOCATED, leaderId:, CreationTimestamp2021-10-15T16:55:36.383Z[UTC]].
datanode_6_1  | 2021-10-15 16:55:47,754 [pool-22-thread-1] INFO ratis.ContainerStateMachine: group-BA4C276E8FC7: The snapshot info is null. Setting the last applied indexto:(t:0, i:~)
datanode_6_1  | 2021-10-15 16:55:47,755 [Datanode State Machine Thread - 0] WARN statemachine.StateContext: No available thread in pool for past 30 seconds.
om_1          | 2021-10-15 16:55:54,363 [Listener at om/9862] INFO http.HttpServer2: Added global filter 'safety' (class=org.apache.hadoop.hdds.server.http.HttpServer2$QuotingInputFilter)
om_1          | 2021-10-15 16:55:54,375 [Listener at om/9862] INFO http.HttpServer2: Added filter static_user_filter (class=org.apache.hadoop.http.lib.StaticUserWebFilter$StaticUserFilter) to context ozoneManager
om_1          | 2021-10-15 16:55:54,375 [Listener at om/9862] INFO http.HttpServer2: Added filter static_user_filter (class=org.apache.hadoop.http.lib.StaticUserWebFilter$StaticUserFilter) to context static
datanode_4_1  | 2021-10-15 16:56:08,202 [pool-22-thread-1] INFO server.RaftServerConfigKeys: raft.server.log.purge.gap = 1000000 (custom)
datanode_4_1  | 2021-10-15 16:56:08,203 [pool-22-thread-1] INFO server.RaftServerConfigKeys: raft.server.log.appender.buffer.byte-limit = 33554432 (custom)
datanode_5_1  | 2021-10-15 16:55:45,136 [pool-22-thread-1] INFO server.RaftServerConfigKeys: raft.server.retrycache.statistics.expirytime = 100?s (default)
datanode_5_1  | 2021-10-15 16:55:45,140 [pool-22-thread-1] INFO server.RaftServer$Division: 4048ca87-0bf7-4ee9-bfef-53b9dbc393d6@group-31C5BA1FF76A: start as a follower, conf=-1: [5e7c1a9c-a5d7-42de-8bdf-6800692356b9|rpc:10.5.0.9:9856|admin:10.5.0.9:9857|client:10.5.0.9:9858|dataStream:|priority:0, 4048ca87-0bf7-4ee9-bfef-53b9dbc393d6|rpc:10.5.0.8:9856|admin:10.5.0.8:9857|client:10.5.0.8:9858|dataStream:|priority:1, d25460e5-20e8-4985-80ce-3270024972eb|rpc:10.5.0.6:9856|admin:10.5.0.6:9857|client:10.5.0.6:9858|dataStream:|priority:0], old=null
datanode_5_1  | 2021-10-15 16:55:45,183 [pool-22-thread-1] INFO server.RaftServer$Division: 4048ca87-0bf7-4ee9-bfef-53b9dbc393d6@group-31C5BA1FF76A: changes role from      null to FOLLOWER at term 0 for startAsFollower
datanode_5_1  | 2021-10-15 16:55:45,196 [pool-22-thread-1] INFO impl.RoleInfo: 4048ca87-0bf7-4ee9-bfef-53b9dbc393d6: start 4048ca87-0bf7-4ee9-bfef-53b9dbc393d6@group-31C5BA1FF76A-FollowerState
datanode_3_1  | 	at org.apache.ratis.util.TimeDuration.sleep(TimeDuration.java:324)
datanode_3_1  | 	at org.apache.ratis.util.TimeDuration.sleep(TimeDuration.java:309)
datanode_6_1  | 2021-10-15 16:55:47,755 [pool-22-thread-1] INFO server.RaftServerConfigKeys: raft.server.notification.no-leader.timeout = 300s (custom)
datanode_6_1  | 2021-10-15 16:55:47,756 [pool-22-thread-1] INFO server.RaftServerConfigKeys: raft.server.log.use.memory = false (default)
datanode_6_1  | 2021-10-15 16:55:47,757 [pool-22-thread-1] INFO server.RaftServerConfigKeys: raft.server.log.purge.gap = 1000000 (custom)
datanode_6_1  | 2021-10-15 16:55:47,757 [pool-22-thread-1] INFO server.RaftServerConfigKeys: raft.server.log.appender.buffer.byte-limit = 33554432 (custom)
datanode_6_1  | 2021-10-15 16:55:47,757 [pool-22-thread-1] INFO server.RaftServerConfigKeys: raft.server.log.segment.size.max = 1048576 (custom)
datanode_6_1  | 2021-10-15 16:55:47,758 [pool-22-thread-1] INFO server.RaftServerConfigKeys: raft.server.log.segment.cache.num.max = 2 (custom)
datanode_6_1  | 2021-10-15 16:55:47,758 [pool-22-thread-1] INFO server.RaftServerConfigKeys: raft.server.log.segment.cache.size.max = 200MB (=209715200) (default)
datanode_6_1  | 2021-10-15 16:55:47,761 [pool-22-thread-1] INFO segmented.SegmentedRaftLogWorker: new 5e7c1a9c-a5d7-42de-8bdf-6800692356b9@group-BA4C276E8FC7-SegmentedRaftLogWorker for RaftStorageImpl:Storage Directory /data/metadata/ratis/4d6eb66f-ee68-4505-a9a5-ba4c276e8fc7
datanode_6_1  | 2021-10-15 16:55:47,761 [pool-22-thread-1] INFO server.RaftServerConfigKeys: raft.server.log.queue.byte-limit = 2147483647 (custom)
scm_1         | 2021-10-15 16:55:36,391 [RatisPipelineUtilsThread - 0] INFO pipeline.RatisPipelineProvider: Sending CreatePipelineCommand for pipeline:PipelineID=9ba3493f-ae00-4dfe-a8a1-5fc3d851a956 to datanode:b7cbc2bc-316a-4944-980c-78830fd78c55
scm_1         | 2021-10-15 16:55:36,392 [RatisPipelineUtilsThread - 0] INFO pipeline.PipelineStateManagerImpl: Created pipeline Pipeline[ Id: 9ba3493f-ae00-4dfe-a8a1-5fc3d851a956, Nodes: b7cbc2bc-316a-4944-980c-78830fd78c55{ip: 10.5.0.7, host: ozone-topology_datanode_4_1.ozone-topology_net, ports: [REPLICATION=9886, RATIS=9858, RATIS_ADMIN=9857, RATIS_SERVER=9856, STANDALONE=9859], networkLocation: /rack2, certSerialId: null, persistedOpState: IN_SERVICE, persistedOpStateExpiryEpochSec: 0}, ReplicationConfig: RATIS/ONE, State:ALLOCATED, leaderId:, CreationTimestamp2021-10-15T16:55:36.391Z[UTC]].
scm_1         | 2021-10-15 16:55:36,411 [RatisPipelineUtilsThread - 0] INFO pipeline.RatisPipelineProvider: Sending CreatePipelineCommand for pipeline:PipelineID=4d6eb66f-ee68-4505-a9a5-ba4c276e8fc7 to datanode:5e7c1a9c-a5d7-42de-8bdf-6800692356b9
scm_1         | 2021-10-15 16:55:36,412 [RatisPipelineUtilsThread - 0] INFO pipeline.PipelineStateManagerImpl: Created pipeline Pipeline[ Id: 4d6eb66f-ee68-4505-a9a5-ba4c276e8fc7, Nodes: 5e7c1a9c-a5d7-42de-8bdf-6800692356b9{ip: 10.5.0.9, host: ozone-topology_datanode_6_1.ozone-topology_net, ports: [REPLICATION=9886, RATIS=9858, RATIS_ADMIN=9857, RATIS_SERVER=9856, STANDALONE=9859], networkLocation: /rack2, certSerialId: null, persistedOpState: IN_SERVICE, persistedOpStateExpiryEpochSec: 0}, ReplicationConfig: RATIS/ONE, State:ALLOCATED, leaderId:, CreationTimestamp2021-10-15T16:55:36.411Z[UTC]].
datanode_4_1  | 2021-10-15 16:56:08,203 [pool-22-thread-1] INFO server.RaftServerConfigKeys: raft.server.log.segment.size.max = 1048576 (custom)
datanode_4_1  | 2021-10-15 16:56:08,207 [pool-22-thread-1] INFO server.RaftServerConfigKeys: raft.server.log.segment.cache.num.max = 2 (custom)
datanode_4_1  | 2021-10-15 16:56:08,208 [pool-22-thread-1] INFO server.RaftServerConfigKeys: raft.server.log.segment.cache.size.max = 200MB (=209715200) (default)
datanode_4_1  | 2021-10-15 16:56:08,209 [pool-22-thread-1] INFO segmented.SegmentedRaftLogWorker: new b7cbc2bc-316a-4944-980c-78830fd78c55@group-5FC3D851A956-SegmentedRaftLogWorker for RaftStorageImpl:Storage Directory /data/metadata/ratis/9ba3493f-ae00-4dfe-a8a1-5fc3d851a956
datanode_4_1  | 2021-10-15 16:56:08,210 [pool-22-thread-1] INFO server.RaftServerConfigKeys: raft.server.log.queue.byte-limit = 2147483647 (custom)
datanode_4_1  | 2021-10-15 16:56:08,210 [pool-22-thread-1] INFO server.RaftServerConfigKeys: raft.server.log.queue.element-limit = 1024 (custom)
datanode_4_1  | 2021-10-15 16:56:08,212 [pool-22-thread-1] INFO server.RaftServerConfigKeys: raft.server.log.segment.size.max = 1048576 (custom)
om_1          | 2021-10-15 16:55:54,375 [Listener at om/9862] INFO http.HttpServer2: Added filter static_user_filter (class=org.apache.hadoop.http.lib.StaticUserWebFilter$StaticUserFilter) to context logs
om_1          | 2021-10-15 16:55:54,478 [Listener at om/9862] WARN http.BaseHttpServer: /prof java profiling servlet is activated. Not safe for production!
om_1          | 2021-10-15 16:55:54,486 [Listener at om/9862] INFO http.HttpServer2: Jetty bound to port 9874
datanode_3_1  | 	at org.apache.ratis.server.impl.FollowerState.run(FollowerState.java:118)
datanode_3_1  | 2021-10-15 16:55:49,406 [grpc-default-executor-0] INFO server.RaftServer$Division: d25460e5-20e8-4985-80ce-3270024972eb@group-BF736411C0C3 replies to ELECTION vote request: 5e7c1a9c-a5d7-42de-8bdf-6800692356b9<-d25460e5-20e8-4985-80ce-3270024972eb#0:OK-t1. Peer's state: d25460e5-20e8-4985-80ce-3270024972eb@group-BF736411C0C3:t1, leader=null, voted=5e7c1a9c-a5d7-42de-8bdf-6800692356b9, raftlog=d25460e5-20e8-4985-80ce-3270024972eb@group-BF736411C0C3-SegmentedRaftLog:OPENED:c-1,f-1,i0, conf=-1: [5e7c1a9c-a5d7-42de-8bdf-6800692356b9|rpc:10.5.0.9:9856|admin:10.5.0.9:9857|client:10.5.0.9:9858|dataStream:|priority:0, d25460e5-20e8-4985-80ce-3270024972eb|rpc:10.5.0.6:9856|admin:10.5.0.6:9857|client:10.5.0.6:9858|dataStream:|priority:0, b7cbc2bc-316a-4944-980c-78830fd78c55|rpc:10.5.0.7:9856|admin:10.5.0.7:9857|client:10.5.0.7:9858|dataStream:|priority:1], old=null
datanode_3_1  | 2021-10-15 16:55:51,859 [grpc-default-executor-0] INFO server.RaftServer$Division: d25460e5-20e8-4985-80ce-3270024972eb@group-31C5BA1FF76A: receive requestVote(ELECTION, 4048ca87-0bf7-4ee9-bfef-53b9dbc393d6, group-31C5BA1FF76A, 2, (t:1, i:0))
datanode_2_1  | 2021-10-15 16:58:25,058 [java.util.concurrent.ThreadPoolExecutor$Worker@6f48b058[State = -1, empty queue]] WARN server.GrpcLogAppender: bbc90752-1b70-445a-b03a-40df8b428a1b@group-A363FACE922A->b7cbc2bc-316a-4944-980c-78830fd78c55-GrpcLogAppender:  appendEntries Timeout, request=AppendEntriesRequest:cid=6841,entriesCount=1,lastEntry=(t:1, i:104)
datanode_2_1  | 2021-10-15 16:58:25,085 [java.util.concurrent.ThreadPoolExecutor$Worker@6f48b058[State = -1, empty queue]] WARN server.GrpcLogAppender: bbc90752-1b70-445a-b03a-40df8b428a1b@group-A363FACE922A->b7cbc2bc-316a-4944-980c-78830fd78c55-GrpcLogAppender:  appendEntries Timeout, request=AppendEntriesRequest:cid=6843,entriesCount=1,lastEntry=(t:1, i:105)
datanode_2_1  | 2021-10-15 16:58:27,761 [java.util.concurrent.ThreadPoolExecutor$Worker@6f48b058[State = -1, empty queue]] WARN server.GrpcLogAppender: bbc90752-1b70-445a-b03a-40df8b428a1b@group-A363FACE922A->b7cbc2bc-316a-4944-980c-78830fd78c55-GrpcLogAppender:  appendEntries Timeout, request=AppendEntriesRequest:cid=7093,entriesCount=1,lastEntry=(t:1, i:106)
datanode_5_1  | 2021-10-15 16:55:45,239 [grpc-default-executor-0] INFO server.RaftServer$Division: 4048ca87-0bf7-4ee9-bfef-53b9dbc393d6@group-31C5BA1FF76A: receive requestVote(ELECTION, 5e7c1a9c-a5d7-42de-8bdf-6800692356b9, group-31C5BA1FF76A, 1, (t:0, i:0))
datanode_5_1  | 2021-10-15 16:55:45,241 [grpc-default-executor-0] WARN server.GrpcServerProtocolService: 4048ca87-0bf7-4ee9-bfef-53b9dbc393d6: Failed requestVote 5e7c1a9c-a5d7-42de-8bdf-6800692356b9->4048ca87-0bf7-4ee9-bfef-53b9dbc393d6#0: org.apache.ratis.protocol.exceptions.ServerNotReadyException: 4048ca87-0bf7-4ee9-bfef-53b9dbc393d6@group-31C5BA1FF76A is not in [RUNNING]: current state is STARTING
scm_1         | 2021-10-15 16:55:36,767 [IPC Server handler 2 on default port 9861] INFO net.NetworkTopologyImpl: Added a new node: /rack1/bbc90752-1b70-445a-b03a-40df8b428a1b
scm_1         | 2021-10-15 16:55:36,798 [IPC Server handler 2 on default port 9861] INFO node.SCMNodeManager: Registered Data node : bbc90752-1b70-445a-b03a-40df8b428a1b{ip: 10.5.0.5, host: ozone-topology_datanode_2_1.ozone-topology_net, ports: [REPLICATION=9886, RATIS=9858, RATIS_ADMIN=9857, RATIS_SERVER=9856, STANDALONE=9859], networkLocation: /rack1, certSerialId: null, persistedOpState: null, persistedOpStateExpiryEpochSec: 0}
scm_1         | 2021-10-15 16:55:36,800 [EventQueue-NewNodeForNewNodeHandler] INFO pipeline.BackgroundPipelineCreator: trigger a one-shot run on RatisPipelineUtilsThread.
om_1          | 2021-10-15 16:55:54,489 [Listener at om/9862] INFO server.Server: jetty-9.4.43.v20210629; built: 2021-06-30T11:07:22.254Z; git: 526006ecfa3af7f1a27ef3a288e2bef7ea9dd7e8; jvm 11.0.10+9-LTS
datanode_3_1  | 2021-10-15 16:55:51,859 [grpc-default-executor-0] INFO impl.VoteContext: d25460e5-20e8-4985-80ce-3270024972eb@group-31C5BA1FF76A-FOLLOWER: accept ELECTION from 4048ca87-0bf7-4ee9-bfef-53b9dbc393d6: our priority 0 <= candidate's priority 1
datanode_3_1  | 2021-10-15 16:55:51,859 [grpc-default-executor-0] INFO server.RaftServer$Division: d25460e5-20e8-4985-80ce-3270024972eb@group-31C5BA1FF76A: change Leader from 5e7c1a9c-a5d7-42de-8bdf-6800692356b9 to null at term 2 for updateCurrentTerm
datanode_3_1  | 2021-10-15 16:55:51,860 [grpc-default-executor-0] INFO server.RaftServer$Division: d25460e5-20e8-4985-80ce-3270024972eb@group-31C5BA1FF76A: changes role from  FOLLOWER to FOLLOWER at term 2 for candidate:4048ca87-0bf7-4ee9-bfef-53b9dbc393d6
datanode_5_1  | 2021-10-15 16:55:45,270 [pool-22-thread-1] INFO util.JmxRegister: Successfully registered JMX Bean with object name Ratis:service=RaftServer,group=group-31C5BA1FF76A,id=4048ca87-0bf7-4ee9-bfef-53b9dbc393d6
datanode_5_1  | 2021-10-15 16:55:45,364 [pool-22-thread-1] INFO server.RaftServer$Division: 4048ca87-0bf7-4ee9-bfef-53b9dbc393d6@group-A363FACE922A: start as a follower, conf=-1: [bbc90752-1b70-445a-b03a-40df8b428a1b|rpc:10.5.0.5:9856|admin:10.5.0.5:9857|client:10.5.0.5:9858|dataStream:|priority:1, 4048ca87-0bf7-4ee9-bfef-53b9dbc393d6|rpc:10.5.0.8:9856|admin:10.5.0.8:9857|client:10.5.0.8:9858|dataStream:|priority:0, b7cbc2bc-316a-4944-980c-78830fd78c55|rpc:10.5.0.7:9856|admin:10.5.0.7:9857|client:10.5.0.7:9858|dataStream:|priority:0], old=null
datanode_5_1  | 2021-10-15 16:55:45,364 [pool-22-thread-1] INFO server.RaftServer$Division: 4048ca87-0bf7-4ee9-bfef-53b9dbc393d6@group-A363FACE922A: changes role from      null to FOLLOWER at term 0 for startAsFollower
datanode_2_1  | 2021-10-15 16:58:27,762 [java.util.concurrent.ThreadPoolExecutor$Worker@6f48b058[State = -1, empty queue]] WARN server.GrpcLogAppender: bbc90752-1b70-445a-b03a-40df8b428a1b@group-A363FACE922A->b7cbc2bc-316a-4944-980c-78830fd78c55-GrpcLogAppender:  appendEntries Timeout, request=AppendEntriesRequest:cid=7094,entriesCount=1,lastEntry=(t:1, i:107)
scm_1         | 2021-10-15 16:55:36,836 [RatisPipelineUtilsThread - 0] INFO pipeline.RatisPipelineProvider: Sending CreatePipelineCommand for pipeline:PipelineID=cf187e23-c5ae-4ce7-832c-eacddb05592d to datanode:bbc90752-1b70-445a-b03a-40df8b428a1b
datanode_3_1  | 2021-10-15 16:55:51,860 [grpc-default-executor-0] INFO impl.RoleInfo: d25460e5-20e8-4985-80ce-3270024972eb: shutdown d25460e5-20e8-4985-80ce-3270024972eb@group-31C5BA1FF76A-FollowerState
datanode_3_1  | 2021-10-15 16:55:51,860 [grpc-default-executor-0] INFO impl.RoleInfo: d25460e5-20e8-4985-80ce-3270024972eb: start d25460e5-20e8-4985-80ce-3270024972eb@group-31C5BA1FF76A-FollowerState
datanode_4_1  | 2021-10-15 16:56:08,212 [pool-22-thread-1] INFO server.RaftServerConfigKeys: raft.server.log.preallocated.size = 16384 (custom)
datanode_4_1  | 2021-10-15 16:56:08,214 [pool-22-thread-1] INFO server.RaftServerConfigKeys: raft.server.log.force.sync.num = 128 (default)
datanode_4_1  | 2021-10-15 16:56:08,214 [pool-22-thread-1] INFO server.RaftServerConfigKeys: raft.server.log.statemachine.data.sync = true (default)
datanode_4_1  | 2021-10-15 16:56:08,221 [pool-22-thread-1] INFO server.RaftServerConfigKeys: raft.server.log.statemachine.data.sync.timeout = 10s (default)
om_1          | 2021-10-15 16:55:54,632 [Listener at om/9862] INFO server.session: DefaultSessionIdManager workerName=node0
om_1          | 2021-10-15 16:55:54,633 [Listener at om/9862] INFO server.session: No SessionScavenger set, using defaults
om_1          | 2021-10-15 16:55:54,637 [Listener at om/9862] INFO server.session: node0 Scavenging every 660000ms
datanode_2_1  | 2021-10-15 16:58:27,762 [java.util.concurrent.ThreadPoolExecutor$Worker@6f48b058[State = -1, empty queue]] WARN server.GrpcLogAppender: bbc90752-1b70-445a-b03a-40df8b428a1b@group-A363FACE922A->b7cbc2bc-316a-4944-980c-78830fd78c55-GrpcLogAppender:  appendEntries Timeout, request=AppendEntriesRequest:cid=7095,entriesCount=1,lastEntry=(t:1, i:108)
datanode_2_1  | 2021-10-15 16:58:27,763 [java.util.concurrent.ThreadPoolExecutor$Worker@6f48b058[State = -1, empty queue]] WARN server.GrpcLogAppender: bbc90752-1b70-445a-b03a-40df8b428a1b@group-A363FACE922A->b7cbc2bc-316a-4944-980c-78830fd78c55-GrpcLogAppender:  appendEntries Timeout, request=AppendEntriesRequest:cid=7096,entriesCount=1,lastEntry=(t:1, i:109)
datanode_2_1  | 2021-10-15 16:58:33,112 [java.util.concurrent.ThreadPoolExecutor$Worker@6f48b058[State = -1, empty queue]] WARN server.GrpcLogAppender: bbc90752-1b70-445a-b03a-40df8b428a1b@group-A363FACE922A->b7cbc2bc-316a-4944-980c-78830fd78c55-GrpcLogAppender:  appendEntries Timeout, request=AppendEntriesRequest:cid=7346,entriesCount=1,lastEntry=(t:1, i:110)
datanode_5_1  | 2021-10-15 16:55:45,364 [pool-22-thread-1] INFO impl.RoleInfo: 4048ca87-0bf7-4ee9-bfef-53b9dbc393d6: start 4048ca87-0bf7-4ee9-bfef-53b9dbc393d6@group-A363FACE922A-FollowerState
datanode_5_1  | 2021-10-15 16:55:45,387 [pool-22-thread-1] INFO util.JmxRegister: Successfully registered JMX Bean with object name Ratis:service=RaftServer,group=group-A363FACE922A,id=4048ca87-0bf7-4ee9-bfef-53b9dbc393d6
datanode_5_1  | 2021-10-15 16:55:45,979 [grpc-default-executor-0] INFO ratis.XceiverServerRatis: Leader change notification received for group: group-31C5BA1FF76A with new leaderId: 5e7c1a9c-a5d7-42de-8bdf-6800692356b9
scm_1         | 2021-10-15 16:55:36,845 [RatisPipelineUtilsThread - 0] INFO pipeline.PipelineStateManagerImpl: Created pipeline Pipeline[ Id: cf187e23-c5ae-4ce7-832c-eacddb05592d, Nodes: bbc90752-1b70-445a-b03a-40df8b428a1b{ip: 10.5.0.5, host: ozone-topology_datanode_2_1.ozone-topology_net, ports: [REPLICATION=9886, RATIS=9858, RATIS_ADMIN=9857, RATIS_SERVER=9856, STANDALONE=9859], networkLocation: /rack1, certSerialId: null, persistedOpState: IN_SERVICE, persistedOpStateExpiryEpochSec: 0}, ReplicationConfig: RATIS/ONE, State:ALLOCATED, leaderId:, CreationTimestamp2021-10-15T16:55:36.836Z[UTC]].
scm_1         | 2021-10-15 16:55:36,847 [RatisPipelineUtilsThread - 0] INFO pipeline.RatisPipelineProvider: Sending CreatePipelineCommand for pipeline:PipelineID=765f3c50-b9f4-4acd-b59b-a363face922a to datanode:bbc90752-1b70-445a-b03a-40df8b428a1b
om_1          | 2021-10-15 16:55:54,733 [Listener at om/9862] INFO handler.ContextHandler: Started o.e.j.s.ServletContextHandler@61c1be2f{logs,/logs,file:///var/log/hadoop/,AVAILABLE}
om_1          | 2021-10-15 16:55:54,737 [Listener at om/9862] INFO handler.ContextHandler: Started o.e.j.s.ServletContextHandler@7c09037a{static,/static,jar:file:/opt/hadoop/share/ozone/lib/ozone-manager-1.2.0-SNAPSHOT.jar!/webapps/static,AVAILABLE}
datanode_6_1  | 2021-10-15 16:55:47,762 [pool-22-thread-1] INFO server.RaftServerConfigKeys: raft.server.log.queue.element-limit = 1024 (custom)
datanode_3_1  | 2021-10-15 16:55:51,860 [d25460e5-20e8-4985-80ce-3270024972eb@group-31C5BA1FF76A-FollowerState] INFO impl.FollowerState: d25460e5-20e8-4985-80ce-3270024972eb@group-31C5BA1FF76A-FollowerState was interrupted: {}
datanode_4_1  | 2021-10-15 16:56:08,226 [pool-22-thread-1] INFO server.RaftServerConfigKeys: raft.server.log.statemachine.data.sync.timeout.retry = -1 (default)
datanode_4_1  | 2021-10-15 16:56:08,233 [pool-22-thread-1] INFO server.RaftServerConfigKeys: raft.server.log.write.buffer.size = 1048576 (custom)
datanode_4_1  | 2021-10-15 16:56:08,234 [pool-22-thread-1] INFO server.RaftServerConfigKeys: raft.server.log.statemachine.data.caching.enabled = true (custom)
datanode_3_1  | java.lang.InterruptedException: sleep interrupted
datanode_2_1  | 2021-10-15 16:58:33,122 [java.util.concurrent.ThreadPoolExecutor$Worker@6f48b058[State = -1, empty queue]] WARN server.GrpcLogAppender: bbc90752-1b70-445a-b03a-40df8b428a1b@group-A363FACE922A->b7cbc2bc-316a-4944-980c-78830fd78c55-GrpcLogAppender:  appendEntries Timeout, request=AppendEntriesRequest:cid=7347,entriesCount=1,lastEntry=(t:1, i:111)
scm_1         | 2021-10-15 16:55:36,849 [RatisPipelineUtilsThread - 0] INFO pipeline.RatisPipelineProvider: Sending CreatePipelineCommand for pipeline:PipelineID=765f3c50-b9f4-4acd-b59b-a363face922a to datanode:4048ca87-0bf7-4ee9-bfef-53b9dbc393d6
scm_1         | 2021-10-15 16:55:36,852 [RatisPipelineUtilsThread - 0] INFO pipeline.RatisPipelineProvider: Sending CreatePipelineCommand for pipeline:PipelineID=765f3c50-b9f4-4acd-b59b-a363face922a to datanode:b7cbc2bc-316a-4944-980c-78830fd78c55
