datanode_1_1  | 2021-10-15 16:55:41,200 [pool-22-thread-1] INFO impl.RoleInfo: 23c4ba77-1aa7-43dd-bdb8-ec5774f22d70: start 23c4ba77-1aa7-43dd-bdb8-ec5774f22d70@group-6809600FB748-FollowerState
datanode_1_1  | 2021-10-15 16:55:41,243 [pool-22-thread-1] INFO util.JmxRegister: Successfully registered JMX Bean with object name Ratis:service=RaftServer,group=group-6809600FB748,id=23c4ba77-1aa7-43dd-bdb8-ec5774f22d70
datanode_1_1  | 2021-10-15 16:55:41,399 [Command processor thread] INFO ratis.XceiverServerRatis: Created group PipelineID=22fbaa42-4aca-4fe5-8d0c-6809600fb748
datanode_1_1  | 2021-10-15 16:55:41,400 [Command processor thread] INFO commandhandler.CreatePipelineCommandHandler: Created Pipeline RATIS ONE PipelineID=22fbaa42-4aca-4fe5-8d0c-6809600fb748.
datanode_1_1  | 2021-10-15 16:55:46,348 [23c4ba77-1aa7-43dd-bdb8-ec5774f22d70@group-6809600FB748-FollowerState] INFO impl.FollowerState: 23c4ba77-1aa7-43dd-bdb8-ec5774f22d70@group-6809600FB748-FollowerState: change to CANDIDATE, lastRpcElapsedTime:5148084394ns, electionTimeout:5114ms
datanode_3_1  | 2021-10-15 16:55:38,891 [pool-22-thread-1] INFO server.RaftServerConfigKeys: raft.server.log.corruption.policy = EXCEPTION (default)
datanode_3_1  | 2021-10-15 16:55:38,892 [pool-22-thread-1] INFO server.RaftServerConfigKeys: raft.server.storage.free-space.min = 0MB (=0) (default)
datanode_3_1  | 2021-10-15 16:55:38,893 [pool-22-thread-1] INFO storage.RaftStorageDirectory: The storage directory /data/metadata/ratis/b68a032a-4b72-4f6e-a2ce-3ee453d50dd4 does not exist. Creating ...
datanode_2_1  | 2021-10-15 16:55:45,906 [bbc90752-1b70-445a-b03a-40df8b428a1b@group-EACDDB05592D-FollowerState] INFO server.RaftServer$Division: bbc90752-1b70-445a-b03a-40df8b428a1b@group-EACDDB05592D: changes role from  FOLLOWER to CANDIDATE at term 0 for changeToCandidate
datanode_5_1  | 2021-10-15 16:55:00,411 [main] INFO metrics.MetricRegistries: Loaded MetricRegistries class org.apache.ratis.metrics.impl.MetricRegistriesImpl
datanode_4_1  | 2021-10-15 16:55:46,817 [pool-22-thread-1] INFO server.RaftServerConfigKeys: raft.server.log.segment.size.max = 1048576 (custom)
datanode_6_1  | 2021-10-15 16:55:25,728 [main] INFO http.HttpServer2: Added filter static_user_filter (class=org.apache.hadoop.http.lib.StaticUserWebFilter$StaticUserFilter) to context hddsDatanode
datanode_3_1  | 2021-10-15 16:55:38,923 [pool-22-thread-1] INFO storage.RaftStorageDirectory: Lock on /data/metadata/ratis/b68a032a-4b72-4f6e-a2ce-3ee453d50dd4/in_use.lock acquired by nodename 7@7de482e90ebb
datanode_2_1  | 2021-10-15 16:55:45,919 [bbc90752-1b70-445a-b03a-40df8b428a1b@group-EACDDB05592D-FollowerState] INFO server.RaftServerConfigKeys: raft.server.leaderelection.pre-vote = false (custom)
datanode_1_1  | 2021-10-15 16:55:46,350 [23c4ba77-1aa7-43dd-bdb8-ec5774f22d70@group-6809600FB748-FollowerState] INFO impl.RoleInfo: 23c4ba77-1aa7-43dd-bdb8-ec5774f22d70: shutdown 23c4ba77-1aa7-43dd-bdb8-ec5774f22d70@group-6809600FB748-FollowerState
scm_1         | WARNING: HDFS_STORAGECONTAINERMANAGER_OPTS has been deprecated by OZONE_SCM_OPTS.
scm_1         | No '-XX:...' jvm parameters are set. Adding safer GC settings '-XX:ParallelGCThreads=8 -XX:+UseConcMarkSweepGC -XX:CMSInitiatingOccupancyFraction=70 -XX:+CMSParallelRemarkEnabled' to the OZONE_OPTS
datanode_6_1  | 2021-10-15 16:55:25,744 [main] INFO http.HttpServer2: Added filter static_user_filter (class=org.apache.hadoop.http.lib.StaticUserWebFilter$StaticUserFilter) to context static
datanode_3_1  | 2021-10-15 16:55:38,975 [pool-22-thread-1] INFO storage.RaftStorage: Storage directory /data/metadata/ratis/b68a032a-4b72-4f6e-a2ce-3ee453d50dd4 has been successfully formatted.
datanode_3_1  | 2021-10-15 16:55:39,043 [pool-22-thread-1] INFO ratis.ContainerStateMachine: group-3EE453D50DD4: The snapshot info is null. Setting the last applied indexto:(t:0, i:~)
datanode_5_1  | 2021-10-15 16:55:01,159 [main] INFO impl.MetricsConfig: Loaded properties from hadoop-metrics2.properties
datanode_5_1  | 2021-10-15 16:55:02,238 [main] INFO impl.MetricsSystemImpl: Scheduled Metric snapshot period at 10 second(s).
datanode_4_1  | 2021-10-15 16:55:46,875 [pool-22-thread-1] INFO server.RaftServerConfigKeys: raft.server.log.preallocated.size = 16384 (custom)
datanode_6_1  | 2021-10-15 16:55:25,746 [main] INFO http.HttpServer2: Added filter static_user_filter (class=org.apache.hadoop.http.lib.StaticUserWebFilter$StaticUserFilter) to context logs
datanode_6_1  | 2021-10-15 16:55:26,031 [main] WARN http.BaseHttpServer: /prof java profiling servlet is activated. Not safe for production!
datanode_6_1  | 2021-10-15 16:55:26,136 [main] INFO http.HttpServer2: Jetty bound to port 9882
datanode_6_1  | 2021-10-15 16:55:26,176 [main] INFO server.Server: jetty-9.4.43.v20210629; built: 2021-06-30T11:07:22.254Z; git: 526006ecfa3af7f1a27ef3a288e2bef7ea9dd7e8; jvm 11.0.10+9-LTS
datanode_6_1  | 2021-10-15 16:55:26,420 [main] INFO server.session: DefaultSessionIdManager workerName=node0
datanode_6_1  | 2021-10-15 16:55:26,420 [main] INFO server.session: No SessionScavenger set, using defaults
datanode_3_1  | 2021-10-15 16:55:39,051 [pool-22-thread-1] INFO server.RaftServerConfigKeys: raft.server.notification.no-leader.timeout = 300s (custom)
datanode_3_1  | 2021-10-15 16:55:39,177 [pool-22-thread-1] INFO server.RaftServerConfigKeys: raft.server.log.use.memory = false (default)
datanode_3_1  | 2021-10-15 16:55:39,240 [pool-22-thread-1] INFO server.RaftServerConfigKeys: raft.server.log.purge.gap = 1000000 (custom)
datanode_3_1  | 2021-10-15 16:55:39,240 [pool-22-thread-1] INFO server.RaftServerConfigKeys: raft.server.log.appender.buffer.byte-limit = 33554432 (custom)
datanode_3_1  | 2021-10-15 16:55:39,358 [pool-22-thread-1] INFO server.RaftServerConfigKeys: raft.server.log.segment.size.max = 1048576 (custom)
datanode_3_1  | 2021-10-15 16:55:39,418 [pool-22-thread-1] INFO server.RaftServerConfigKeys: raft.server.log.segment.cache.num.max = 2 (custom)
datanode_5_1  | 2021-10-15 16:55:02,239 [main] INFO impl.MetricsSystemImpl: HddsDatanode metrics system started
datanode_5_1  | 2021-10-15 16:55:03,348 [main] INFO ozone.HddsDatanodeService: HddsDatanodeService host:85a8eebea7b5 ip:10.5.0.8
datanode_2_1  | 2021-10-15 16:55:45,922 [bbc90752-1b70-445a-b03a-40df8b428a1b@group-EACDDB05592D-FollowerState] INFO impl.RoleInfo: bbc90752-1b70-445a-b03a-40df8b428a1b: start bbc90752-1b70-445a-b03a-40df8b428a1b@group-EACDDB05592D-LeaderElection1
datanode_2_1  | 2021-10-15 16:55:45,985 [bbc90752-1b70-445a-b03a-40df8b428a1b@group-EACDDB05592D-LeaderElection1] INFO impl.LeaderElection: bbc90752-1b70-445a-b03a-40df8b428a1b@group-EACDDB05592D-LeaderElection1 ELECTION round 0: submit vote requests at term 1 for -1: [bbc90752-1b70-445a-b03a-40df8b428a1b|rpc:10.5.0.5:9856|admin:10.5.0.5:9857|client:10.5.0.5:9858|priority:1], old=null
datanode_2_1  | 2021-10-15 16:55:45,987 [bbc90752-1b70-445a-b03a-40df8b428a1b@group-EACDDB05592D-LeaderElection1] INFO impl.LeaderElection: bbc90752-1b70-445a-b03a-40df8b428a1b@group-EACDDB05592D-LeaderElection1 ELECTION round 0: result PASSED (term=1)
datanode_3_1  | 2021-10-15 16:55:39,419 [pool-22-thread-1] INFO server.RaftServerConfigKeys: raft.server.log.segment.cache.size.max = 200MB (=209715200) (default)
datanode_5_1  | 2021-10-15 16:55:05,605 [main] INFO upgrade.AbstractLayoutVersionManager: Initializing Layout version manager with metadata layout = SCM_HA (version = 2), software layout = SCM_HA (version = 2)
datanode_5_1  | 2021-10-15 16:55:06,616 [main] INFO reflections.Reflections: Reflections took 725 ms to scan 2 urls, producing 85 keys and 172 values 
datanode_5_1  | 2021-10-15 16:55:08,771 [main] INFO fs.SaveSpaceUsageToFile: Cached usage info file /data/hdds/scmUsed not found
datanode_5_1  | 2021-10-15 16:55:08,834 [main] INFO volume.HddsVolume: Creating HddsVolume: /data/hdds/hdds of storage type : DISK capacity : 89311358976
datanode_5_1  | 2021-10-15 16:55:08,891 [main] INFO volume.MutableVolumeSet: Added Volume : /data/hdds/hdds to VolumeSet
datanode_5_1  | 2021-10-15 16:55:08,897 [main] INFO volume.ThrottledAsyncChecker: Scheduling a check for /data/hdds/hdds
datanode_3_1  | 2021-10-15 16:55:39,453 [pool-22-thread-1] INFO segmented.SegmentedRaftLogWorker: new d25460e5-20e8-4985-80ce-3270024972eb@group-3EE453D50DD4-SegmentedRaftLogWorker for RaftStorageImpl:Storage Directory /data/metadata/ratis/b68a032a-4b72-4f6e-a2ce-3ee453d50dd4
datanode_3_1  | 2021-10-15 16:55:39,454 [pool-22-thread-1] INFO server.RaftServerConfigKeys: raft.server.log.queue.byte-limit = 2147483647 (custom)
datanode_5_1  | 2021-10-15 16:55:09,178 [main] INFO volume.StorageVolumeChecker: Scheduled health check for volume /data/hdds/hdds
datanode_6_1  | 2021-10-15 16:55:26,434 [main] INFO server.session: node0 Scavenging every 600000ms
datanode_1_1  | 2021-10-15 16:55:46,354 [23c4ba77-1aa7-43dd-bdb8-ec5774f22d70@group-6809600FB748-FollowerState] INFO server.RaftServer$Division: 23c4ba77-1aa7-43dd-bdb8-ec5774f22d70@group-6809600FB748: changes role from  FOLLOWER to CANDIDATE at term 0 for changeToCandidate
datanode_1_1  | 2021-10-15 16:55:46,365 [23c4ba77-1aa7-43dd-bdb8-ec5774f22d70@group-6809600FB748-FollowerState] INFO server.RaftServerConfigKeys: raft.server.leaderelection.pre-vote = false (custom)
scm_1         | OpenJDK 64-Bit Server VM warning: Option UseConcMarkSweepGC was deprecated in version 9.0 and will likely be removed in a future release.
scm_1         | 2021-10-15 16:55:03,121 [main] INFO server.StorageContainerManagerStarter: STARTUP_MSG: 
datanode_3_1  | 2021-10-15 16:55:39,454 [pool-22-thread-1] INFO server.RaftServerConfigKeys: raft.server.log.queue.element-limit = 1024 (custom)
datanode_3_1  | 2021-10-15 16:55:39,471 [pool-22-thread-1] INFO server.RaftServerConfigKeys: raft.server.log.segment.size.max = 1048576 (custom)
datanode_2_1  | 2021-10-15 16:55:45,989 [bbc90752-1b70-445a-b03a-40df8b428a1b@group-EACDDB05592D-LeaderElection1] INFO impl.RoleInfo: bbc90752-1b70-445a-b03a-40df8b428a1b: shutdown bbc90752-1b70-445a-b03a-40df8b428a1b@group-EACDDB05592D-LeaderElection1
datanode_2_1  | 2021-10-15 16:55:45,990 [bbc90752-1b70-445a-b03a-40df8b428a1b@group-EACDDB05592D-LeaderElection1] INFO server.RaftServer$Division: bbc90752-1b70-445a-b03a-40df8b428a1b@group-EACDDB05592D: changes role from CANDIDATE to LEADER at term 1 for changeToLeader
datanode_2_1  | 2021-10-15 16:55:45,994 [bbc90752-1b70-445a-b03a-40df8b428a1b@group-EACDDB05592D-LeaderElection1] INFO ratis.XceiverServerRatis: Leader change notification received for group: group-EACDDB05592D with new leaderId: bbc90752-1b70-445a-b03a-40df8b428a1b
datanode_2_1  | 2021-10-15 16:55:45,998 [bbc90752-1b70-445a-b03a-40df8b428a1b@group-EACDDB05592D-LeaderElection1] INFO server.RaftServer$Division: bbc90752-1b70-445a-b03a-40df8b428a1b@group-EACDDB05592D: change Leader from null to bbc90752-1b70-445a-b03a-40df8b428a1b at term 1 for becomeLeader, leader elected after 5958ms
datanode_2_1  | 2021-10-15 16:55:46,031 [bbc90752-1b70-445a-b03a-40df8b428a1b@group-EACDDB05592D-LeaderElection1] INFO server.RaftServerConfigKeys: raft.server.staging.catchup.gap = 1000 (default)
datanode_2_1  | 2021-10-15 16:55:46,092 [bbc90752-1b70-445a-b03a-40df8b428a1b@group-EACDDB05592D-LeaderElection1] INFO server.RaftServerConfigKeys: raft.server.write.element-limit = 1024 (custom)
datanode_2_1  | 2021-10-15 16:55:46,095 [bbc90752-1b70-445a-b03a-40df8b428a1b@group-EACDDB05592D-LeaderElection1] INFO server.RaftServerConfigKeys: raft.server.write.byte-limit = 1024 M (=1073741824) (custom)
datanode_2_1  | 2021-10-15 16:55:46,130 [bbc90752-1b70-445a-b03a-40df8b428a1b@group-EACDDB05592D-LeaderElection1] INFO server.RaftServerConfigKeys: raft.server.watch.timeout = 180s (custom)
datanode_5_1  | 2021-10-15 16:55:09,361 [main] WARN server.ServerUtils: Storage directory for Ratis is not configured. It is a good idea to map this to an SSD disk. Falling back to ozone.metadata.dirs
datanode_6_1  | 2021-10-15 16:55:26,556 [main] INFO handler.ContextHandler: Started o.e.j.s.ServletContextHandler@3c20e9d6{logs,/logs,file:///var/log/hadoop/,AVAILABLE}
datanode_3_1  | 2021-10-15 16:55:39,471 [pool-22-thread-1] INFO server.RaftServerConfigKeys: raft.server.log.preallocated.size = 16384 (custom)
datanode_5_1  | 2021-10-15 16:55:09,364 [main] INFO fs.SaveSpaceUsageToFile: Cached usage info file /data/metadata/ratis/scmUsed not found
datanode_5_1  | 2021-10-15 16:55:09,377 [main] INFO volume.MutableVolumeSet: Added Volume : /data/metadata/ratis to VolumeSet
datanode_5_1  | 2021-10-15 16:55:09,377 [main] INFO volume.ThrottledAsyncChecker: Scheduling a check for /data/metadata/ratis
datanode_1_1  | 2021-10-15 16:55:46,365 [23c4ba77-1aa7-43dd-bdb8-ec5774f22d70@group-6809600FB748-FollowerState] INFO impl.RoleInfo: 23c4ba77-1aa7-43dd-bdb8-ec5774f22d70: start 23c4ba77-1aa7-43dd-bdb8-ec5774f22d70@group-6809600FB748-LeaderElection1
datanode_3_1  | 2021-10-15 16:55:39,471 [pool-22-thread-1] INFO server.RaftServerConfigKeys: raft.server.log.force.sync.num = 128 (default)
datanode_6_1  | 2021-10-15 16:55:26,576 [main] INFO handler.ContextHandler: Started o.e.j.s.ServletContextHandler@24d0c6a4{static,/static,jar:file:/opt/hadoop/share/ozone/lib/hdds-container-service-1.2.0-SNAPSHOT.jar!/webapps/static,AVAILABLE}
scm_1         | /************************************************************
scm_1         | STARTUP_MSG: Starting StorageContainerManager
scm_1         | STARTUP_MSG:   host = c750f71363fe/10.5.0.71
scm_1         | STARTUP_MSG:   args = [--init]
datanode_2_1  | 2021-10-15 16:55:46,141 [bbc90752-1b70-445a-b03a-40df8b428a1b@group-EACDDB05592D-LeaderElection1] INFO server.RaftServerConfigKeys: raft.server.watch.timeout.denomination = 1s (default)
datanode_2_1  | 2021-10-15 16:55:46,151 [bbc90752-1b70-445a-b03a-40df8b428a1b@group-EACDDB05592D-LeaderElection1] INFO server.RaftServerConfigKeys: raft.server.watch.element-limit = 65536 (default)
datanode_2_1  | 2021-10-15 16:55:46,194 [bbc90752-1b70-445a-b03a-40df8b428a1b@group-A363FACE922A-FollowerState] INFO impl.FollowerState: bbc90752-1b70-445a-b03a-40df8b428a1b@group-A363FACE922A-FollowerState: change to CANDIDATE, lastRpcElapsedTime:5149770439ns, electionTimeout:5129ms
datanode_2_1  | 2021-10-15 16:55:46,200 [bbc90752-1b70-445a-b03a-40df8b428a1b@group-A363FACE922A-FollowerState] INFO impl.RoleInfo: bbc90752-1b70-445a-b03a-40df8b428a1b: shutdown bbc90752-1b70-445a-b03a-40df8b428a1b@group-A363FACE922A-FollowerState
datanode_1_1  | 2021-10-15 16:55:46,394 [23c4ba77-1aa7-43dd-bdb8-ec5774f22d70@group-6809600FB748-LeaderElection1] INFO impl.LeaderElection: 23c4ba77-1aa7-43dd-bdb8-ec5774f22d70@group-6809600FB748-LeaderElection1 ELECTION round 0: submit vote requests at term 1 for -1: [23c4ba77-1aa7-43dd-bdb8-ec5774f22d70|rpc:10.5.0.4:9856|admin:10.5.0.4:9857|client:10.5.0.4:9858|priority:1], old=null
datanode_1_1  | 2021-10-15 16:55:46,395 [23c4ba77-1aa7-43dd-bdb8-ec5774f22d70@group-6809600FB748-LeaderElection1] INFO impl.LeaderElection: 23c4ba77-1aa7-43dd-bdb8-ec5774f22d70@group-6809600FB748-LeaderElection1 ELECTION round 0: result PASSED (term=1)
datanode_1_1  | 2021-10-15 16:55:46,397 [23c4ba77-1aa7-43dd-bdb8-ec5774f22d70@group-6809600FB748-LeaderElection1] INFO impl.RoleInfo: 23c4ba77-1aa7-43dd-bdb8-ec5774f22d70: shutdown 23c4ba77-1aa7-43dd-bdb8-ec5774f22d70@group-6809600FB748-LeaderElection1
datanode_6_1  | 2021-10-15 16:55:27,145 [main] INFO handler.ContextHandler: Started o.e.j.w.WebAppContext@6c4786af{hddsDatanode,/,file:///tmp/jetty-0_0_0_0-9882-hdds-container-service-1_2_0-SNAPSHOT_jar-_-any-7054290862238778207/webapp/,AVAILABLE}{jar:file:/opt/hadoop/share/ozone/lib/hdds-container-service-1.2.0-SNAPSHOT.jar!/webapps/hddsDatanode}
datanode_6_1  | 2021-10-15 16:55:27,203 [main] INFO server.AbstractConnector: Started ServerConnector@602aeb87{HTTP/1.1, (http/1.1)}{0.0.0.0:9882}
datanode_6_1  | 2021-10-15 16:55:27,203 [main] INFO server.Server: Started @44740ms
datanode_3_1  | 2021-10-15 16:55:39,477 [pool-22-thread-1] INFO server.RaftServerConfigKeys: raft.server.log.statemachine.data.sync = true (default)
datanode_1_1  | 2021-10-15 16:55:46,399 [23c4ba77-1aa7-43dd-bdb8-ec5774f22d70@group-6809600FB748-LeaderElection1] INFO server.RaftServer$Division: 23c4ba77-1aa7-43dd-bdb8-ec5774f22d70@group-6809600FB748: changes role from CANDIDATE to LEADER at term 1 for changeToLeader
datanode_2_1  | 2021-10-15 16:55:46,200 [bbc90752-1b70-445a-b03a-40df8b428a1b@group-A363FACE922A-FollowerState] INFO server.RaftServer$Division: bbc90752-1b70-445a-b03a-40df8b428a1b@group-A363FACE922A: changes role from  FOLLOWER to CANDIDATE at term 0 for changeToCandidate
datanode_2_1  | 2021-10-15 16:55:46,202 [bbc90752-1b70-445a-b03a-40df8b428a1b@group-A363FACE922A-FollowerState] INFO server.RaftServerConfigKeys: raft.server.leaderelection.pre-vote = false (custom)
datanode_3_1  | 2021-10-15 16:55:39,477 [pool-22-thread-1] INFO server.RaftServerConfigKeys: raft.server.log.statemachine.data.sync.timeout = 10s (default)
datanode_1_1  | 2021-10-15 16:55:46,400 [23c4ba77-1aa7-43dd-bdb8-ec5774f22d70@group-6809600FB748-LeaderElection1] INFO ratis.XceiverServerRatis: Leader change notification received for group: group-6809600FB748 with new leaderId: 23c4ba77-1aa7-43dd-bdb8-ec5774f22d70
datanode_1_1  | 2021-10-15 16:55:46,404 [23c4ba77-1aa7-43dd-bdb8-ec5774f22d70@group-6809600FB748-LeaderElection1] INFO server.RaftServer$Division: 23c4ba77-1aa7-43dd-bdb8-ec5774f22d70@group-6809600FB748: change Leader from null to 23c4ba77-1aa7-43dd-bdb8-ec5774f22d70 at term 1 for becomeLeader, leader elected after 6033ms
datanode_2_1  | 2021-10-15 16:55:46,202 [bbc90752-1b70-445a-b03a-40df8b428a1b@group-A363FACE922A-FollowerState] INFO impl.RoleInfo: bbc90752-1b70-445a-b03a-40df8b428a1b: start bbc90752-1b70-445a-b03a-40df8b428a1b@group-A363FACE922A-LeaderElection2
datanode_2_1  | 2021-10-15 16:55:46,226 [bbc90752-1b70-445a-b03a-40df8b428a1b@group-A363FACE922A-LeaderElection2] INFO impl.LeaderElection: bbc90752-1b70-445a-b03a-40df8b428a1b@group-A363FACE922A-LeaderElection2 ELECTION round 0: submit vote requests at term 1 for -1: [bbc90752-1b70-445a-b03a-40df8b428a1b|rpc:10.5.0.5:9856|admin:10.5.0.5:9857|client:10.5.0.5:9858|priority:1, 4048ca87-0bf7-4ee9-bfef-53b9dbc393d6|rpc:10.5.0.8:9856|admin:10.5.0.8:9857|client:10.5.0.8:9858|priority:0, b7cbc2bc-316a-4944-980c-78830fd78c55|rpc:10.5.0.7:9856|admin:10.5.0.7:9857|client:10.5.0.7:9858|priority:0], old=null
datanode_2_1  | 2021-10-15 16:55:46,232 [bbc90752-1b70-445a-b03a-40df8b428a1b@group-EACDDB05592D-LeaderElection1] INFO impl.RoleInfo: bbc90752-1b70-445a-b03a-40df8b428a1b: start bbc90752-1b70-445a-b03a-40df8b428a1b@group-EACDDB05592D-LeaderStateImpl
scm_1         | STARTUP_MSG:   version = 1.2.0-SNAPSHOT
scm_1         | STARTUP_MSG:   classpath = /etc/hadoop:/opt/hadoop/share/ozone/lib/hdds-interface-admin-1.2.0-SNAPSHOT.jar:/opt/hadoop/share/ozone/lib/jackson-annotations-2.12.1.jar:/opt/hadoop/share/ozone/lib/kerb-simplekdc-1.0.1.jar:/opt/hadoop/share/ozone/lib/slf4j-log4j12-1.7.30.jar:/opt/hadoop/share/ozone/lib/protobuf-java-2.5.0.jar:/opt/hadoop/share/ozone/lib/jaxb-core-2.3.0.1.jar:/opt/hadoop/share/ozone/lib/log4j-api-2.13.3.jar:/opt/hadoop/share/ozone/lib/istack-commons-runtime-3.0.5.jar:/opt/hadoop/share/ozone/lib/commons-validator-1.6.jar:/opt/hadoop/share/ozone/lib/bcpkix-jdk15on-1.67.jar:/opt/hadoop/share/ozone/lib/hdds-server-framework-1.2.0-SNAPSHOT.jar:/opt/hadoop/share/ozone/lib/jetty-security-9.4.43.v20210629.jar:/opt/hadoop/share/ozone/lib/kerb-core-1.0.1.jar:/opt/hadoop/share/ozone/lib/rocksdbjni-6.20.3.jar:/opt/hadoop/share/ozone/lib/hdds-interface-server-1.2.0-SNAPSHOT.jar:/opt/hadoop/share/ozone/lib/hadoop-shaded-protobuf_3_7-1.1.1.jar:/opt/hadoop/share/ozone/lib/okhttp-4.9.0.jar:/opt/hadoop/share/ozone/lib/jsr305-3.0.0.jar:/opt/hadoop/share/ozone/lib/j2objc-annotations-1.3.jar:/opt/hadoop/share/ozone/lib/hdds-hadoop-dependency-server-1.2.0-SNAPSHOT.jar:/opt/hadoop/share/ozone/lib/json-smart-2.3.1.jar:/opt/hadoop/share/ozone/lib/picocli-4.6.1.jar:/opt/hadoop/share/ozone/lib/javassist-3.21.0-GA.jar:/opt/hadoop/share/ozone/lib/jaxb-api-2.3.0.jar:/opt/hadoop/share/ozone/lib/htrace-core4-4.1.0-incubating.jar:/opt/hadoop/share/ozone/lib/ratis-metrics-2.1.0-03f3b68-SNAPSHOT.jar:/opt/hadoop/share/ozone/lib/kerb-util-1.0.1.jar:/opt/hadoop/share/ozone/lib/kotlin-stdlib-common-1.4.31.jar:/opt/hadoop/share/ozone/lib/ratis-netty-2.1.0-03f3b68-SNAPSHOT.jar:/opt/hadoop/share/ozone/lib/checker-qual-3.8.0.jar:/opt/hadoop/share/ozone/lib/hadoop-shaded-guava-1.1.1.jar:/opt/hadoop/share/ozone/lib/commons-logging-1.2.jar:/opt/hadoop/share/ozone/lib/kerby-xdr-1.0.1.jar:/opt/hadoop/share/ozone/lib/ratis-server-2.1.0-03f3b68-SNAPSHOT.jar:/opt/hadoop/share/ozone/lib/netty-buffer-4.1.63.Final.jar:/opt/hadoop/share/ozone/lib/txw2-2.3.0.1.jar:/opt/hadoop/share/ozone/lib/jackson-datatype-jsr310-2.12.1.jar:/opt/hadoop/share/ozone/lib/httpcore-4.4.13.jar:/opt/hadoop/share/ozone/lib/opentracing-tracerresolver-0.1.8.jar:/opt/hadoop/share/ozone/lib/commons-net-3.6.jar:/opt/hadoop/share/ozone/lib/hdds-client-1.2.0-SNAPSHOT.jar:/opt/hadoop/share/ozone/lib/libthrift-0.14.1.jar:/opt/hadoop/share/ozone/lib/snakeyaml-1.26.jar:/opt/hadoop/share/ozone/lib/stax-ex-1.7.8.jar:/opt/hadoop/share/ozone/lib/error_prone_annotations-2.2.0.jar:/opt/hadoop/share/ozone/lib/httpclient-4.5.13.jar:/opt/hadoop/share/ozone/lib/jetty-servlet-9.4.43.v20210629.jar:/opt/hadoop/share/ozone/lib/jaeger-client-1.6.0.jar:/opt/hadoop/share/ozone/lib/kerby-config-1.0.1.jar:/opt/hadoop/share/ozone/lib/commons-io-2.11.0.jar:/opt/hadoop/share/ozone/lib/metrics-core-3.2.4.jar:/opt/hadoop/share/ozone/lib/kerby-pkix-1.0.1.jar:/opt/hadoop/share/ozone/lib/netty-codec-4.1.63.Final.jar:/opt/hadoop/share/ozone/lib/jsr311-api-1.1.1.jar:/opt/hadoop/share/ozone/lib/commons-beanutils-1.9.4.jar:/opt/hadoop/share/ozone/lib/jetty-webapp-9.4.43.v20210629.jar:/opt/hadoop/share/ozone/lib/ratis-proto-2.1.0-03f3b68-SNAPSHOT.jar:/opt/hadoop/share/ozone/lib/ratis-client-2.1.0-03f3b68-SNAPSHOT.jar:/opt/hadoop/share/ozone/lib/javax.servlet-api-3.1.0.jar:/opt/hadoop/share/ozone/lib/kerb-server-1.0.1.jar:/opt/hadoop/share/ozone/lib/guava-30.1.1-jre.jar:/opt/hadoop/share/ozone/lib/kerb-client-1.0.1.jar:/opt/hadoop/share/ozone/lib/jackson-core-2.12.1.jar:/opt/hadoop/share/ozone/lib/netty-transport-4.1.63.Final.jar:/opt/hadoop/share/ozone/lib/netty-common-4.1.63.Final.jar:/opt/hadoop/share/ozone/lib/disruptor-3.4.2.jar:/opt/hadoop/share/ozone/lib/reflections-0.9.11.jar:/opt/hadoop/share/ozone/lib/log4j-core-2.13.3.jar:/opt/hadoop/share/ozone/lib/jetty-io-9.4.43.v20210629.jar:/opt/hadoop/share/ozone/lib/hadoop-hdfs-3.3.1.jar:/opt/hadoop/share/ozone/lib/annotations-13.0.jar:/opt/hadoop/share/ozone/lib/jetty-server-9.4.43.v20210629.jar:/opt/hadoop/share/ozone/lib/simpleclient_common-0.7.0.jar:/opt/hadoop/share/ozone/lib/jackson-databind-2.12.1.jar:/opt/hadoop/share/ozone/lib/jaeger-thrift-1.6.0.jar:/opt/hadoop/share/ozone/lib/hadoop-common-3.3.1.jar:/opt/hadoop/share/ozone/lib/dnsjava-2.1.7.jar:/opt/hadoop/share/ozone/lib/bcprov-jdk15on-1.67.jar:/opt/hadoop/share/ozone/lib/commons-configuration2-2.1.1.jar:/opt/hadoop/share/ozone/lib/token-provider-1.0.1.jar:/opt/hadoop/share/ozone/lib/log4j-1.2.17.jar:/opt/hadoop/share/ozone/lib/commons-daemon-1.0.13.jar:/opt/hadoop/share/ozone/lib/listenablefuture-9999.0-empty-to-avoid-conflict-with-guava.jar:/opt/hadoop/share/ozone/lib/jaeger-tracerresolver-1.6.0.jar:/opt/hadoop/share/ozone/lib/jetty-xml-9.4.43.v20210629.jar:/opt/hadoop/share/ozone/lib/commons-lang3-3.7.jar:/opt/hadoop/share/ozone/lib/hdds-common-1.2.0-SNAPSHOT.jar:/opt/hadoop/share/ozone/lib/re2j-1.1.jar:/opt/hadoop/share/ozone/lib/commons-math3-3.1.1.jar:/opt/hadoop/share/ozone/lib/ratis-thirdparty-misc-0.7.0.jar:/opt/hadoop/share/ozone/lib/simpleclient_dropwizard-0.7.0.jar:/opt/hadoop/share/ozone/lib/simpleclient-0.7.0.jar:/opt/hadoop/share/ozone/lib/asm-5.0.4.jar:/opt/hadoop/share/ozone/lib/kerby-util-1.0.1.jar:/opt/hadoop/share/ozone/lib/hdds-hadoop-dependency-client-1.2.0-SNAPSHOT.jar:/opt/hadoop/share/ozone/lib/failureaccess-1.0.1.jar:/opt/hadoop/share/ozone/lib/okio-2.8.0.jar:/opt/hadoop/share/ozone/lib/hdds-config-1.2.0-SNAPSHOT.jar:/opt/hadoop/share/ozone/lib/jsp-api-2.1.jar:/opt/hadoop/share/ozone/lib/jsch-0.1.54.jar:/opt/hadoop/share/ozone/lib/jetty-http-9.4.43.v20210629.jar:/opt/hadoop/share/ozone/lib/jakarta.activation-api-1.2.1.jar:/opt/hadoop/share/ozone/lib/slf4j-api-1.7.30.jar:/opt/hadoop/share/ozone/lib/hadoop-hdfs-client-3.3.1.jar:/opt/hadoop/share/ozone/lib/nimbus-jose-jwt-7.9.jar:/opt/hadoop/share/ozone/lib/commons-codec-1.11.jar:/opt/hadoop/share/ozone/lib/commons-pool2-2.6.0.jar:/opt/hadoop/share/ozone/lib/gson-2.2.4.jar:/opt/hadoop/share/ozone/lib/jetty-util-9.4.43.v20210629.jar:/opt/hadoop/share/ozone/lib/netty-handler-4.1.63.Final.jar:/opt/hadoop/share/ozone/lib/opentracing-api-0.33.0.jar:/opt/hadoop/share/ozone/lib/jetty-util-ajax-9.4.43.v20210629.jar:/opt/hadoop/share/ozone/lib/hdds-interface-client-1.2.0-SNAPSHOT.jar:/opt/hadoop/share/ozone/lib/jcip-annotations-1.0-1.jar:/opt/hadoop/share/ozone/lib/kerb-admin-1.0.1.jar:/opt/hadoop/share/ozone/lib/netty-resolver-4.1.63.Final.jar:/opt/hadoop/share/ozone/lib/kotlin-stdlib-1.4.31.jar:/opt/hadoop/share/ozone/lib/opentracing-noop-0.33.0.jar:/opt/hadoop/share/ozone/lib/jersey-core-1.19.jar:/opt/hadoop/share/ozone/lib/commons-compress-1.21.jar:/opt/hadoop/share/ozone/lib/jaxb-runtime-2.3.0.1.jar:/opt/hadoop/share/ozone/lib/ratis-grpc-2.1.0-03f3b68-SNAPSHOT.jar:/opt/hadoop/share/ozone/lib/accessors-smart-2.3.1.jar:/opt/hadoop/share/ozone/lib/opentracing-util-0.33.0.jar:/opt/hadoop/share/ozone/lib/snappy-java-1.1.8.2.jar:/opt/hadoop/share/ozone/lib/commons-cli-1.2.jar:/opt/hadoop/share/ozone/lib/woodstox-core-5.0.3.jar:/opt/hadoop/share/ozone/lib/javax.annotation-api-1.2.jar:/opt/hadoop/share/ozone/lib/kerby-asn1-1.0.1.jar:/opt/hadoop/share/ozone/lib/hadoop-annotations-3.3.1.jar:/opt/hadoop/share/ozone/lib/hdds-container-service-1.2.0-SNAPSHOT.jar:/opt/hadoop/share/ozone/lib/stax2-api-3.1.4.jar:/opt/hadoop/share/ozone/lib/commons-digester-1.8.1.jar:/opt/hadoop/share/ozone/lib/commons-collections-3.2.2.jar:/opt/hadoop/share/ozone/lib/jaeger-core-1.6.0.jar:/opt/hadoop/share/ozone/lib/ratis-server-api-2.1.0-03f3b68-SNAPSHOT.jar:/opt/hadoop/share/ozone/lib/commons-text-1.4.jar:/opt/hadoop/share/ozone/lib/jersey-servlet-1.19.jar:/opt/hadoop/share/ozone/lib/hadoop-auth-3.3.1.jar:/opt/hadoop/share/ozone/lib/kerb-identity-1.0.1.jar:/opt/hadoop/share/ozone/lib/FastInfoset-1.2.13.jar:/opt/hadoop/share/ozone/lib/ratis-common-2.1.0-03f3b68-SNAPSHOT.jar:/opt/hadoop/share/ozone/lib/kerb-common-1.0.1.jar:/opt/hadoop/share/ozone/lib/jersey-server-1.19.jar:/opt/hadoop/share/ozone/lib/kerb-crypto-1.0.1.jar:/opt/hadoop/share/ozone/web:/opt/hadoop/share/ozone/lib/hdds-server-scm-1.2.0-SNAPSHOT.jar
scm_1         | STARTUP_MSG:   build = https://github.com/apache/ozone/0e5ad313c4dbfef75f8a73cadc802e83069ff939 ; compiled by 'runner' on 2021-10-15T16:31Z
datanode_3_1  | 2021-10-15 16:55:39,477 [pool-22-thread-1] INFO server.RaftServerConfigKeys: raft.server.log.statemachine.data.sync.timeout.retry = -1 (default)
datanode_1_1  | 2021-10-15 16:55:46,486 [23c4ba77-1aa7-43dd-bdb8-ec5774f22d70@group-6809600FB748-LeaderElection1] INFO server.RaftServerConfigKeys: raft.server.staging.catchup.gap = 1000 (default)
datanode_5_1  | 2021-10-15 16:55:09,407 [main] INFO volume.StorageVolumeChecker: Scheduled health check for volume /data/metadata/ratis
datanode_2_1  | 2021-10-15 16:55:46,414 [bbc90752-1b70-445a-b03a-40df8b428a1b@group-EACDDB05592D-LeaderElection1] INFO segmented.SegmentedRaftLogWorker: bbc90752-1b70-445a-b03a-40df8b428a1b@group-EACDDB05592D-SegmentedRaftLogWorker: Starting segment from index:0
datanode_2_1  | 2021-10-15 16:55:46,631 [bbc90752-1b70-445a-b03a-40df8b428a1b@group-A363FACE922A-LeaderElection2] INFO impl.LeaderElection: bbc90752-1b70-445a-b03a-40df8b428a1b@group-A363FACE922A-LeaderElection2: ELECTION PASSED received 1 response(s) and 0 exception(s):
scm_1         | STARTUP_MSG:   java = 11.0.10
datanode_4_1  | 2021-10-15 16:55:46,876 [pool-22-thread-1] INFO server.RaftServerConfigKeys: raft.server.log.force.sync.num = 128 (default)
datanode_4_1  | 2021-10-15 16:55:46,876 [pool-22-thread-1] INFO server.RaftServerConfigKeys: raft.server.log.statemachine.data.sync = true (default)
datanode_3_1  | 2021-10-15 16:55:39,545 [pool-22-thread-1] INFO server.RaftServerConfigKeys: raft.server.log.write.buffer.size = 1048576 (custom)
datanode_1_1  | 2021-10-15 16:55:46,539 [23c4ba77-1aa7-43dd-bdb8-ec5774f22d70@group-6809600FB748-LeaderElection1] INFO server.RaftServerConfigKeys: raft.server.write.element-limit = 1024 (custom)
datanode_5_1  | 2021-10-15 16:55:09,799 [Thread-7] INFO ozoneimpl.ContainerReader: Finish verifying containers on volume /data/hdds/hdds
datanode_6_1  | 2021-10-15 16:55:27,237 [main] INFO impl.MetricsSinkAdapter: Sink prometheus started
datanode_6_1  | 2021-10-15 16:55:27,237 [main] INFO impl.MetricsSystemImpl: Registered sink prometheus
datanode_6_1  | 2021-10-15 16:55:27,239 [main] INFO http.BaseHttpServer: HTTP server of hddsDatanode listening at http://0.0.0.0:9882
datanode_3_1  | 2021-10-15 16:55:39,551 [pool-22-thread-1] INFO server.RaftServerConfigKeys: raft.server.log.statemachine.data.caching.enabled = true (custom)
datanode_6_1  | 2021-10-15 16:55:27,249 [Datanode State Machine Thread - 0] INFO statemachine.DatanodeStateMachine: Ozone container server started.
datanode_6_1  | 2021-10-15 16:55:27,500 [org.apache.hadoop.util.JvmPauseMonitor$Monitor@5f224235] INFO util.JvmPauseMonitor: Starting JVM pause monitor
datanode_3_1  | 2021-10-15 16:55:39,588 [pool-22-thread-1] INFO segmented.SegmentedRaftLogWorker: d25460e5-20e8-4985-80ce-3270024972eb@group-3EE453D50DD4-SegmentedRaftLogWorker: flushIndex: setUnconditionally 0 -> -1
datanode_4_1  | 2021-10-15 16:55:46,877 [pool-22-thread-1] INFO server.RaftServerConfigKeys: raft.server.log.statemachine.data.sync.timeout = 10s (default)
datanode_6_1  | 2021-10-15 16:55:28,438 [Datanode State Machine Task Thread - 0] INFO datanode.InitDatanodeState: DatanodeDetails is persisted to /data/datanode.id
datanode_6_1  | 2021-10-15 16:55:30,730 [EndpointStateMachine task thread for scm/10.5.0.71:9861 - 0 ] INFO ipc.Client: Retrying connect to server: scm/10.5.0.71:9861. Already tried 0 time(s); retry policy is RetryUpToMaximumCountWithFixedSleep(maxRetries=15, sleepTime=1000 MILLISECONDS)
datanode_3_1  | 2021-10-15 16:55:39,589 [pool-22-thread-1] INFO segmented.SegmentedRaftLogWorker: d25460e5-20e8-4985-80ce-3270024972eb@group-3EE453D50DD4-SegmentedRaftLogWorker: safeCacheEvictIndex: setUnconditionally 0 -> -1
datanode_6_1  | 2021-10-15 16:55:31,731 [EndpointStateMachine task thread for scm/10.5.0.71:9861 - 0 ] INFO ipc.Client: Retrying connect to server: scm/10.5.0.71:9861. Already tried 1 time(s); retry policy is RetryUpToMaximumCountWithFixedSleep(maxRetries=15, sleepTime=1000 MILLISECONDS)
datanode_6_1  | 2021-10-15 16:55:32,731 [EndpointStateMachine task thread for scm/10.5.0.71:9861 - 0 ] INFO ipc.Client: Retrying connect to server: scm/10.5.0.71:9861. Already tried 2 time(s); retry policy is RetryUpToMaximumCountWithFixedSleep(maxRetries=15, sleepTime=1000 MILLISECONDS)
datanode_6_1  | 2021-10-15 16:55:33,915 [EndpointStateMachine task thread for scm/10.5.0.71:9861 - 0 ] INFO ozoneimpl.OzoneContainer: Attempting to start container services.
scm_1         | ************************************************************/
datanode_1_1  | 2021-10-15 16:55:46,541 [23c4ba77-1aa7-43dd-bdb8-ec5774f22d70@group-6809600FB748-LeaderElection1] INFO server.RaftServerConfigKeys: raft.server.write.byte-limit = 1024 M (=1073741824) (custom)
datanode_1_1  | 2021-10-15 16:55:46,561 [23c4ba77-1aa7-43dd-bdb8-ec5774f22d70@group-6809600FB748-LeaderElection1] INFO server.RaftServerConfigKeys: raft.server.watch.timeout = 180s (custom)
om_1          | No '-XX:...' jvm parameters are set. Adding safer GC settings '-XX:ParallelGCThreads=8 -XX:+UseConcMarkSweepGC -XX:CMSInitiatingOccupancyFraction=70 -XX:+CMSParallelRemarkEnabled' to the OZONE_OPTS
datanode_3_1  | 2021-10-15 16:55:39,618 [pool-22-thread-1] INFO server.RaftServerConfigKeys: raft.server.snapshot.auto.trigger.enabled = true (custom)
datanode_6_1  | 2021-10-15 16:55:33,932 [EndpointStateMachine task thread for scm/10.5.0.71:9861 - 0 ] INFO ozoneimpl.OzoneContainer: Background container scanner has been disabled.
datanode_2_1  | 2021-10-15 16:55:46,651 [bbc90752-1b70-445a-b03a-40df8b428a1b@group-A363FACE922A-LeaderElection2] INFO impl.LeaderElection:   Response 0: bbc90752-1b70-445a-b03a-40df8b428a1b<-4048ca87-0bf7-4ee9-bfef-53b9dbc393d6#0:OK-t1
datanode_5_1  | 2021-10-15 16:55:09,801 [main] INFO ozoneimpl.OzoneContainer: Build ContainerSet costs 0s
scm_1         | 2021-10-15 16:55:03,409 [main] INFO server.StorageContainerManagerStarter: registered UNIX signal handlers for [TERM, HUP, INT]
datanode_1_1  | 2021-10-15 16:55:46,573 [23c4ba77-1aa7-43dd-bdb8-ec5774f22d70@group-6809600FB748-LeaderElection1] INFO server.RaftServerConfigKeys: raft.server.watch.timeout.denomination = 1s (default)
datanode_1_1  | 2021-10-15 16:55:46,574 [23c4ba77-1aa7-43dd-bdb8-ec5774f22d70@group-6809600FB748-LeaderElection1] INFO server.RaftServerConfigKeys: raft.server.watch.element-limit = 65536 (default)
datanode_1_1  | 2021-10-15 16:55:46,634 [23c4ba77-1aa7-43dd-bdb8-ec5774f22d70@group-6809600FB748-LeaderElection1] INFO impl.RoleInfo: 23c4ba77-1aa7-43dd-bdb8-ec5774f22d70: start 23c4ba77-1aa7-43dd-bdb8-ec5774f22d70@group-6809600FB748-LeaderStateImpl
datanode_4_1  | 2021-10-15 16:55:46,877 [pool-22-thread-1] INFO server.RaftServerConfigKeys: raft.server.log.statemachine.data.sync.timeout.retry = -1 (default)
datanode_4_1  | 2021-10-15 16:55:46,899 [pool-22-thread-1] INFO server.RaftServerConfigKeys: raft.server.log.write.buffer.size = 1048576 (custom)
datanode_2_1  | 2021-10-15 16:55:46,652 [bbc90752-1b70-445a-b03a-40df8b428a1b@group-A363FACE922A-LeaderElection2] INFO impl.LeaderElection: bbc90752-1b70-445a-b03a-40df8b428a1b@group-A363FACE922A-LeaderElection2 ELECTION round 0: result PASSED
datanode_2_1  | 2021-10-15 16:55:46,652 [bbc90752-1b70-445a-b03a-40df8b428a1b@group-A363FACE922A-LeaderElection2] INFO impl.RoleInfo: bbc90752-1b70-445a-b03a-40df8b428a1b: shutdown bbc90752-1b70-445a-b03a-40df8b428a1b@group-A363FACE922A-LeaderElection2
datanode_2_1  | 2021-10-15 16:55:46,652 [bbc90752-1b70-445a-b03a-40df8b428a1b@group-A363FACE922A-LeaderElection2] INFO server.RaftServer$Division: bbc90752-1b70-445a-b03a-40df8b428a1b@group-A363FACE922A: changes role from CANDIDATE to LEADER at term 1 for changeToLeader
datanode_2_1  | 2021-10-15 16:55:46,652 [bbc90752-1b70-445a-b03a-40df8b428a1b@group-A363FACE922A-LeaderElection2] INFO ratis.XceiverServerRatis: Leader change notification received for group: group-A363FACE922A with new leaderId: bbc90752-1b70-445a-b03a-40df8b428a1b
datanode_5_1  | 2021-10-15 16:55:18,497 [main] WARN server.ServerUtils: Storage directory for Ratis is not configured. It is a good idea to map this to an SSD disk. Falling back to ozone.metadata.dirs
datanode_4_1  | 2021-10-15 16:55:46,916 [pool-22-thread-1] INFO server.RaftServerConfigKeys: raft.server.log.statemachine.data.caching.enabled = true (custom)
datanode_2_1  | 2021-10-15 16:55:46,659 [bbc90752-1b70-445a-b03a-40df8b428a1b@group-A363FACE922A-LeaderElection2] INFO server.RaftServer$Division: bbc90752-1b70-445a-b03a-40df8b428a1b@group-A363FACE922A: change Leader from null to bbc90752-1b70-445a-b03a-40df8b428a1b at term 1 for becomeLeader, leader elected after 5666ms
datanode_2_1  | 2021-10-15 16:55:46,663 [bbc90752-1b70-445a-b03a-40df8b428a1b@group-A363FACE922A-LeaderElection2] INFO server.RaftServerConfigKeys: raft.server.staging.catchup.gap = 1000 (default)
datanode_2_1  | 2021-10-15 16:55:46,671 [bbc90752-1b70-445a-b03a-40df8b428a1b@group-A363FACE922A-LeaderElection2] INFO server.RaftServerConfigKeys: raft.server.write.element-limit = 1024 (custom)
datanode_2_1  | 2021-10-15 16:55:46,671 [bbc90752-1b70-445a-b03a-40df8b428a1b@group-A363FACE922A-LeaderElection2] INFO server.RaftServerConfigKeys: raft.server.write.byte-limit = 1024 M (=1073741824) (custom)
datanode_2_1  | 2021-10-15 16:55:46,671 [bbc90752-1b70-445a-b03a-40df8b428a1b@group-A363FACE922A-LeaderElection2] INFO server.RaftServerConfigKeys: raft.server.watch.timeout = 180s (custom)
om_1          | OpenJDK 64-Bit Server VM warning: Option UseConcMarkSweepGC was deprecated in version 9.0 and will likely be removed in a future release.
om_1          | 2021-10-15 16:54:56,620 [main] INFO om.OzoneManagerStarter: STARTUP_MSG: 
datanode_4_1  | 2021-10-15 16:55:46,945 [pool-22-thread-1] INFO segmented.SegmentedRaftLogWorker: b7cbc2bc-316a-4944-980c-78830fd78c55@group-A363FACE922A-SegmentedRaftLogWorker: flushIndex: setUnconditionally 0 -> -1
datanode_4_1  | 2021-10-15 16:55:46,950 [pool-22-thread-1] INFO segmented.SegmentedRaftLogWorker: b7cbc2bc-316a-4944-980c-78830fd78c55@group-A363FACE922A-SegmentedRaftLogWorker: safeCacheEvictIndex: setUnconditionally 0 -> -1
scm_1         | 2021-10-15 16:55:05,068 [main] WARN server.ServerUtils: ozone.scm.db.dirs is not configured. We recommend adding this setting. Falling back to ozone.metadata.dirs instead.
scm_1         | 2021-10-15 16:55:05,620 [main] INFO ha.SCMHANodeDetails: ServiceID for StorageContainerManager is null
datanode_1_1  | 2021-10-15 16:55:46,739 [23c4ba77-1aa7-43dd-bdb8-ec5774f22d70@group-6809600FB748-LeaderElection1] INFO segmented.SegmentedRaftLogWorker: 23c4ba77-1aa7-43dd-bdb8-ec5774f22d70@group-6809600FB748-SegmentedRaftLogWorker: Starting segment from index:0
datanode_1_1  | 2021-10-15 16:55:47,056 [23c4ba77-1aa7-43dd-bdb8-ec5774f22d70@group-6809600FB748-LeaderElection1] INFO server.RaftServer$Division: 23c4ba77-1aa7-43dd-bdb8-ec5774f22d70@group-6809600FB748: set configuration 0: [23c4ba77-1aa7-43dd-bdb8-ec5774f22d70|rpc:10.5.0.4:9856|admin:10.5.0.4:9857|client:10.5.0.4:9858|dataStream:|priority:1], old=null
datanode_5_1  | 2021-10-15 16:55:19,037 [main] INFO server.RaftServer: raft.rpc.type = GRPC (default)
scm_1         | 2021-10-15 16:55:05,620 [main] INFO ha.SCMHANodeDetails: ozone.scm.default.service.id is not defined, falling back to ozone.scm.service.ids to find serviceID for StorageContainerManager if it is HA enabled cluster
datanode_3_1  | 2021-10-15 16:55:39,622 [pool-22-thread-1] INFO server.RaftServerConfigKeys: raft.server.snapshot.auto.trigger.threshold = 10000 (custom)
datanode_3_1  | 2021-10-15 16:55:39,625 [pool-22-thread-1] INFO server.RaftServerConfigKeys: raft.server.snapshot.retention.file.num = 5 (custom)
datanode_2_1  | 2021-10-15 16:55:46,672 [bbc90752-1b70-445a-b03a-40df8b428a1b@group-A363FACE922A-LeaderElection2] INFO server.RaftServerConfigKeys: raft.server.watch.timeout.denomination = 1s (default)
datanode_2_1  | 2021-10-15 16:55:46,672 [bbc90752-1b70-445a-b03a-40df8b428a1b@group-A363FACE922A-LeaderElection2] INFO server.RaftServerConfigKeys: raft.server.watch.element-limit = 65536 (default)
datanode_4_1  | 2021-10-15 16:55:46,973 [pool-22-thread-1] INFO server.RaftServerConfigKeys: raft.server.snapshot.auto.trigger.enabled = true (custom)
datanode_5_1  | 2021-10-15 16:55:19,555 [main] INFO grpc.GrpcConfigKeys: raft.grpc.admin.port = 9857 (custom)
datanode_5_1  | 2021-10-15 16:55:19,563 [main] INFO grpc.GrpcConfigKeys: raft.grpc.client.port = 9858 (custom)
datanode_6_1  | 2021-10-15 16:55:34,412 [EndpointStateMachine task thread for scm/10.5.0.71:9861 - 0 ] INFO ratis.XceiverServerRatis: Starting XceiverServerRatis 5e7c1a9c-a5d7-42de-8bdf-6800692356b9
datanode_6_1  | 2021-10-15 16:55:34,654 [EndpointStateMachine task thread for scm/10.5.0.71:9861 - 0 ] INFO server.RaftServer: 5e7c1a9c-a5d7-42de-8bdf-6800692356b9: start RPC server
datanode_6_1  | 2021-10-15 16:55:34,687 [EndpointStateMachine task thread for scm/10.5.0.71:9861 - 0 ] INFO server.GrpcService: 5e7c1a9c-a5d7-42de-8bdf-6800692356b9: GrpcService started, listening on 9856
datanode_6_1  | 2021-10-15 16:55:34,691 [EndpointStateMachine task thread for scm/10.5.0.71:9861 - 0 ] INFO server.GrpcService: 5e7c1a9c-a5d7-42de-8bdf-6800692356b9: GrpcService started, listening on 9857
datanode_6_1  | 2021-10-15 16:55:34,704 [EndpointStateMachine task thread for scm/10.5.0.71:9861 - 0 ] INFO server.GrpcService: 5e7c1a9c-a5d7-42de-8bdf-6800692356b9: GrpcService started, listening on 9858
datanode_1_1  | 2021-10-15 16:55:47,317 [23c4ba77-1aa7-43dd-bdb8-ec5774f22d70@group-6809600FB748-SegmentedRaftLogWorker] INFO segmented.SegmentedRaftLogWorker: 23c4ba77-1aa7-43dd-bdb8-ec5774f22d70@group-6809600FB748-SegmentedRaftLogWorker: created new log segment /data/metadata/ratis/22fbaa42-4aca-4fe5-8d0c-6809600fb748/current/log_inprogress_0
datanode_5_1  | 2021-10-15 16:55:19,566 [main] INFO grpc.GrpcConfigKeys: raft.grpc.server.port = 9856 (custom)
datanode_6_1  | 2021-10-15 16:55:34,746 [EndpointStateMachine task thread for scm/10.5.0.71:9861 - 0 ] INFO ratis.XceiverServerRatis: XceiverServerRatis 5e7c1a9c-a5d7-42de-8bdf-6800692356b9 is started using port 9858 for RATIS
datanode_6_1  | 2021-10-15 16:55:34,746 [EndpointStateMachine task thread for scm/10.5.0.71:9861 - 0 ] INFO ratis.XceiverServerRatis: XceiverServerRatis 5e7c1a9c-a5d7-42de-8bdf-6800692356b9 is started using port 9857 for RATIS_ADMIN
datanode_5_1  | 2021-10-15 16:55:19,573 [main] INFO server.GrpcService: raft.grpc.message.size.max = 32MB (=33554432) (custom)
datanode_5_1  | 2021-10-15 16:55:19,586 [main] INFO server.RaftServerConfigKeys: raft.server.log.appender.buffer.byte-limit = 33554432 (custom)
datanode_5_1  | 2021-10-15 16:55:19,587 [main] INFO server.GrpcService: raft.grpc.flow.control.window = 5MB (=5242880) (custom)
datanode_5_1  | 2021-10-15 16:55:19,590 [main] INFO server.RaftServerConfigKeys: raft.server.rpc.request.timeout = 60s (custom)
datanode_3_1  | 2021-10-15 16:55:39,628 [pool-22-thread-1] INFO server.RaftServerConfigKeys: raft.server.log.purge.upto.snapshot.index = false (default)
datanode_3_1  | 2021-10-15 16:55:39,636 [pool-22-thread-1] INFO server.RaftServerConfigKeys: raft.server.retrycache.expirytime = 600000ms (custom)
scm_1         | 2021-10-15 16:55:06,793 [main] INFO server.StorageContainerManager: SCM initialization succeeded. Current cluster id for sd=/data/metadata/scm; cid=CID-d231ff0a-d71a-49a6-bdde-dc4f5ca5abfd; layoutVersion=2; scmId=ddae2855-7528-43b4-a8ec-ce0c9b8187be
scm_1         | 2021-10-15 16:55:06,968 [shutdown-hook-0] INFO server.StorageContainerManagerStarter: SHUTDOWN_MSG: 
datanode_2_1  | 2021-10-15 16:55:46,675 [Datanode State Machine Thread - 0] WARN statemachine.StateContext: No available thread in pool for past 30 seconds.
datanode_3_1  | 2021-10-15 16:55:39,641 [pool-22-thread-1] INFO server.RaftServerConfigKeys: raft.server.retrycache.statistics.expirytime = 100?s (default)
datanode_3_1  | 2021-10-15 16:55:39,813 [pool-22-thread-1] INFO server.RaftServer$Division: d25460e5-20e8-4985-80ce-3270024972eb@group-3EE453D50DD4: start as a follower, conf=-1: [d25460e5-20e8-4985-80ce-3270024972eb|rpc:10.5.0.6:9856|admin:10.5.0.6:9857|client:10.5.0.6:9858|priority:1], old=null
datanode_5_1  | 2021-10-15 16:55:21,884 [main] INFO impl.DataStreamServerImpl: raft.datastream.type = DISABLED (default)
datanode_5_1  | 2021-10-15 16:55:21,889 [main] INFO server.RaftServerConfigKeys: raft.server.rpc.slowness.timeout = 300s (custom)
datanode_6_1  | 2021-10-15 16:55:34,746 [EndpointStateMachine task thread for scm/10.5.0.71:9861 - 0 ] INFO ratis.XceiverServerRatis: XceiverServerRatis 5e7c1a9c-a5d7-42de-8bdf-6800692356b9 is started using port 9856 for RATIS_SERVER
datanode_6_1  | 2021-10-15 16:55:34,746 [org.apache.ratis.util.JvmPauseMonitor$$Lambda$309/0x0000000840501040@30572828] INFO util.JvmPauseMonitor: JvmPauseMonitor-5e7c1a9c-a5d7-42de-8bdf-6800692356b9: Started
datanode_6_1  | 2021-10-15 16:55:38,658 [Command processor thread] INFO server.RaftServer: 5e7c1a9c-a5d7-42de-8bdf-6800692356b9: addNew group-31C5BA1FF76A:[5e7c1a9c-a5d7-42de-8bdf-6800692356b9|rpc:10.5.0.9:9856|admin:10.5.0.9:9857|client:10.5.0.9:9858|priority:0, 4048ca87-0bf7-4ee9-bfef-53b9dbc393d6|rpc:10.5.0.8:9856|admin:10.5.0.8:9857|client:10.5.0.8:9858|priority:1, d25460e5-20e8-4985-80ce-3270024972eb|rpc:10.5.0.6:9856|admin:10.5.0.6:9857|client:10.5.0.6:9858|priority:0] returns group-31C5BA1FF76A:java.util.concurrent.CompletableFuture@623ac7c5[Not completed]
datanode_6_1  | 2021-10-15 16:55:38,825 [pool-22-thread-1] INFO server.RaftServer$Division: 5e7c1a9c-a5d7-42de-8bdf-6800692356b9: new RaftServerImpl for group-31C5BA1FF76A:[5e7c1a9c-a5d7-42de-8bdf-6800692356b9|rpc:10.5.0.9:9856|admin:10.5.0.9:9857|client:10.5.0.9:9858|priority:0, 4048ca87-0bf7-4ee9-bfef-53b9dbc393d6|rpc:10.5.0.8:9856|admin:10.5.0.8:9857|client:10.5.0.8:9858|priority:1, d25460e5-20e8-4985-80ce-3270024972eb|rpc:10.5.0.6:9856|admin:10.5.0.6:9857|client:10.5.0.6:9858|priority:0] with ContainerStateMachine:uninitialized
scm_1         | /************************************************************
scm_1         | SHUTDOWN_MSG: Shutting down StorageContainerManager at c750f71363fe/10.5.0.71
datanode_4_1  | 2021-10-15 16:55:46,975 [pool-22-thread-1] INFO server.RaftServerConfigKeys: raft.server.snapshot.auto.trigger.threshold = 10000 (custom)
datanode_3_1  | 2021-10-15 16:55:39,819 [pool-22-thread-1] INFO server.RaftServer$Division: d25460e5-20e8-4985-80ce-3270024972eb@group-3EE453D50DD4: changes role from      null to FOLLOWER at term 0 for startAsFollower
datanode_3_1  | 2021-10-15 16:55:39,825 [pool-22-thread-1] INFO impl.RoleInfo: d25460e5-20e8-4985-80ce-3270024972eb: start d25460e5-20e8-4985-80ce-3270024972eb@group-3EE453D50DD4-FollowerState
om_1          | /************************************************************
datanode_2_1  | 2021-10-15 16:55:46,755 [bbc90752-1b70-445a-b03a-40df8b428a1b@group-A363FACE922A-LeaderElection2] INFO server.RaftServerConfigKeys: raft.server.log.appender.snapshot.chunk.size.max = 16MB (=16777216) (default)
scm_1         | ************************************************************/
datanode_4_1  | 2021-10-15 16:55:46,976 [pool-22-thread-1] INFO server.RaftServerConfigKeys: raft.server.snapshot.retention.file.num = 5 (custom)
datanode_4_1  | 2021-10-15 16:55:46,983 [pool-22-thread-1] INFO server.RaftServerConfigKeys: raft.server.log.purge.upto.snapshot.index = false (default)
datanode_6_1  | 2021-10-15 16:55:38,827 [pool-22-thread-1] INFO server.RaftServerConfigKeys: raft.server.rpc.timeout.min = 5s (custom)
om_1          | STARTUP_MSG: Starting OzoneManager
scm_1         | Enabled profiling in kernel
datanode_5_1  | 2021-10-15 16:55:21,913 [main] INFO server.RaftServerConfigKeys: raft.server.leaderelection.leader.step-down.wait-time = 10s (default)
datanode_5_1  | 2021-10-15 16:55:22,069 [main] INFO server.RaftServerConfigKeys: raft.server.storage.dir = [/data/metadata/ratis] (custom)
datanode_5_1  | 2021-10-15 16:55:23,767 [main] INFO http.BaseHttpServer: Starting Web-server for hddsDatanode at: http://0.0.0.0:9882
datanode_4_1  | 2021-10-15 16:55:46,993 [pool-22-thread-1] INFO server.RaftServerConfigKeys: raft.server.retrycache.expirytime = 600000ms (custom)
datanode_5_1  | 2021-10-15 16:55:23,945 [main] INFO http.BaseHttpServer: Hadoop Security Enabled: false Ozone Security Enabled: false Ozone HTTP Security Enabled: false 
om_1          | STARTUP_MSG:   host = 204d8cd48d53/10.5.0.70
om_1          | STARTUP_MSG:   args = [--init]
om_1          | STARTUP_MSG:   version = 1.2.0-SNAPSHOT
datanode_2_1  | 2021-10-15 16:55:46,766 [bbc90752-1b70-445a-b03a-40df8b428a1b@group-A363FACE922A-LeaderElection2] INFO server.RaftServerConfigKeys: raft.server.log.appender.buffer.byte-limit = 33554432 (custom)
datanode_2_1  | 2021-10-15 16:55:46,766 [bbc90752-1b70-445a-b03a-40df8b428a1b@group-A363FACE922A-LeaderElection2] INFO server.RaftServerConfigKeys: raft.server.log.appender.buffer.element-limit = 1 (custom)
datanode_2_1  | 2021-10-15 16:55:46,796 [bbc90752-1b70-445a-b03a-40df8b428a1b@group-EACDDB05592D-LeaderElection1] INFO server.RaftServer$Division: bbc90752-1b70-445a-b03a-40df8b428a1b@group-EACDDB05592D: set configuration 0: [bbc90752-1b70-445a-b03a-40df8b428a1b|rpc:10.5.0.5:9856|admin:10.5.0.5:9857|client:10.5.0.5:9858|dataStream:|priority:1], old=null
datanode_2_1  | 2021-10-15 16:55:46,797 [bbc90752-1b70-445a-b03a-40df8b428a1b@group-A363FACE922A-LeaderElection2] INFO grpc.GrpcConfigKeys: raft.grpc.server.leader.outstanding.appends.max = 128 (default)
datanode_2_1  | 2021-10-15 16:55:46,798 [bbc90752-1b70-445a-b03a-40df8b428a1b@group-A363FACE922A-LeaderElection2] INFO server.RaftServerConfigKeys: raft.server.rpc.request.timeout = 60s (custom)
datanode_4_1  | 2021-10-15 16:55:46,993 [pool-22-thread-1] INFO server.RaftServerConfigKeys: raft.server.retrycache.statistics.expirytime = 100?s (default)
scm_1         | WARNING: HDFS_STORAGECONTAINERMANAGER_OPTS has been deprecated by OZONE_SCM_OPTS.
scm_1         | No '-XX:...' jvm parameters are set. Adding safer GC settings '-XX:ParallelGCThreads=8 -XX:+UseConcMarkSweepGC -XX:CMSInitiatingOccupancyFraction=70 -XX:+CMSParallelRemarkEnabled' to the OZONE_OPTS
scm_1         | OpenJDK 64-Bit Server VM warning: Option UseConcMarkSweepGC was deprecated in version 9.0 and will likely be removed in a future release.
scm_1         | 2021-10-15 16:55:26,734 [main] INFO server.StorageContainerManagerStarter: STARTUP_MSG: 
datanode_4_1  | 2021-10-15 16:55:47,214 [grpc-default-executor-1] INFO server.RaftServer$Division: b7cbc2bc-316a-4944-980c-78830fd78c55@group-A363FACE922A: receive requestVote(ELECTION, bbc90752-1b70-445a-b03a-40df8b428a1b, group-A363FACE922A, 1, (t:0, i:0))
