kdc_1       | May 03 16:25:30 kdc krb5kdc[7](info): AS_REQ (8 etypes {aes256-cts-hmac-sha1-96(18), aes128-cts-hmac-sha1-96(17), aes256-cts-hmac-sha384-192(20), aes128-cts-hmac-sha256-128(19), DEPRECATED:des3-cbc-sha1(16), DEPRECATED:arcfour-hmac(23), camellia128-cts-cmac(25), camellia256-cts-cmac(26)}) 172.18.0.2: ISSUE: authtime 1651595130, etypes {rep=aes256-cts-hmac-sha1-96(18), tkt=aes256-cts-hmac-sha1-96(18), ses=aes256-cts-hmac-sha1-96(18)}, testuser/scm@EXAMPLE.COM for krbtgt/EXAMPLE.COM@EXAMPLE.COM
kdc_1       | May 03 16:25:30 kdc krb5kdc[7](info): AS_REQ (8 etypes {aes256-cts-hmac-sha1-96(18), aes128-cts-hmac-sha1-96(17), aes256-cts-hmac-sha384-192(20), aes128-cts-hmac-sha256-128(19), DEPRECATED:des3-cbc-sha1(16), DEPRECATED:arcfour-hmac(23), camellia128-cts-cmac(25), camellia256-cts-cmac(26)}) 172.18.0.2: ISSUE: authtime 1651595130, etypes {rep=aes256-cts-hmac-sha1-96(18), tkt=aes256-cts-hmac-sha1-96(18), ses=aes256-cts-hmac-sha1-96(18)}, testuser2/scm@EXAMPLE.COM for krbtgt/EXAMPLE.COM@EXAMPLE.COM
om_1        | 2022-05-03 16:20:57,886 [main] INFO server.RaftServerConfigKeys: raft.server.storage.dir = [/data/metadata/ratis] (custom)
om_1        | 2022-05-03 16:20:57,915 [main] INFO server.RaftServer: om1: addNew group-C5BA1605619E:[om1|rpc:om:9872|priority:0] returns group-C5BA1605619E:java.util.concurrent.CompletableFuture@3397c8c0[Not completed]
om_1        | 2022-05-03 16:20:57,916 [main] INFO om.OzoneManager: OzoneManager Ratis server initialized at port 9872
s3g_1       | 2022-05-03 16:20:00,408 [main] INFO impl.MetricsSystemImpl: Scheduled Metric snapshot period at 10 second(s).
scm_1       | 2022-05-03 16:20:02,284 [main] INFO ozone.OzoneSecurityUtil: ip:127.0.0.1 not returned.
recon_1     | 2022-05-03 16:20:55,423 [Listener at 0.0.0.0/9891] INFO scm.ReconStorageContainerManagerFacade: Obtained 4 pipelines from SCM.
recon_1     | 2022-05-03 16:20:55,430 [Listener at 0.0.0.0/9891] INFO scm.ReconPipelineManager: Recon has 0 pipelines in house.
recon_1     | 2022-05-03 16:20:55,438 [Listener at 0.0.0.0/9891] INFO scm.ReconPipelineManager: Adding new pipeline PipelineID=7c7c4827-9d71-4c17-9cae-b9ecd1995ab3 from SCM.
recon_1     | 2022-05-03 16:20:55,571 [Listener at 0.0.0.0/9891] INFO pipeline.PipelineStateManagerImpl: Created pipeline Pipeline[ Id: 7c7c4827-9d71-4c17-9cae-b9ecd1995ab3, Nodes: 74d2dd5a-0c15-4319-a962-ac731b7c861d{ip: 172.18.0.5, host: ozonesecure_datanode_3.ozonesecure_default, ports: [REPLICATION=9886, RATIS=9858, RATIS_ADMIN=9857, RATIS_SERVER=9856, STANDALONE=9859], networkLocation: /default-rack, certSerialId: null, persistedOpState: IN_SERVICE, persistedOpStateExpiryEpochSec: 0}5936f70f-31e3-4902-916e-ee345a2a35f4{ip: 172.18.0.3, host: ozonesecure_datanode_1.ozonesecure_default, ports: [REPLICATION=9886, RATIS=9858, RATIS_ADMIN=9857, RATIS_SERVER=9856, STANDALONE=9859], networkLocation: /default-rack, certSerialId: null, persistedOpState: IN_SERVICE, persistedOpStateExpiryEpochSec: 0}12fde8cc-1968-4146-a8bb-a4a88fed85ff{ip: 172.18.0.4, host: ozonesecure_datanode_2.ozonesecure_default, ports: [REPLICATION=9886, RATIS=9858, RATIS_ADMIN=9857, RATIS_SERVER=9856, STANDALONE=9859], networkLocation: /default-rack, certSerialId: null, persistedOpState: IN_SERVICE, persistedOpStateExpiryEpochSec: 0}, ReplicationConfig: RATIS/THREE, State:OPEN, leaderId:5936f70f-31e3-4902-916e-ee345a2a35f4, CreationTimestamp2022-05-03T16:20:40.877Z[UTC]].
recon_1     | 2022-05-03 16:20:55,596 [Listener at 0.0.0.0/9891] INFO scm.ReconPipelineManager: Adding new pipeline PipelineID=192a2156-1ed8-40e7-b3d8-5b28d44e34b5 from SCM.
recon_1     | 2022-05-03 16:20:55,604 [Listener at 0.0.0.0/9891] INFO pipeline.PipelineStateManagerImpl: Created pipeline Pipeline[ Id: 192a2156-1ed8-40e7-b3d8-5b28d44e34b5, Nodes: 74d2dd5a-0c15-4319-a962-ac731b7c861d{ip: 172.18.0.5, host: ozonesecure_datanode_3.ozonesecure_default, ports: [REPLICATION=9886, RATIS=9858, RATIS_ADMIN=9857, RATIS_SERVER=9856, STANDALONE=9859], networkLocation: /default-rack, certSerialId: null, persistedOpState: IN_SERVICE, persistedOpStateExpiryEpochSec: 0}, ReplicationConfig: RATIS/ONE, State:ALLOCATED, leaderId:, CreationTimestamp2022-05-03T16:20:40.186Z[UTC]].
datanode_1  | 	at java.base/java.util.concurrent.FutureTask.report(FutureTask.java:122)
datanode_1  | 	at java.base/java.util.concurrent.FutureTask.get(FutureTask.java:191)
datanode_1  | 	at org.apache.hadoop.ozone.container.common.states.datanode.RunningDatanodeState.computeNextContainerState(RunningDatanodeState.java:199)
datanode_1  | 	at org.apache.hadoop.ozone.container.common.states.datanode.RunningDatanodeState.await(RunningDatanodeState.java:239)
datanode_1  | 	at org.apache.hadoop.ozone.container.common.states.datanode.RunningDatanodeState.await(RunningDatanodeState.java:50)
datanode_1  | 	at org.apache.hadoop.ozone.container.common.statemachine.StateContext.execute(StateContext.java:660)
scm_1       | 2022-05-03 16:20:02,288 [main] ERROR client.SCMCertificateClient: Invalid domain scm
scm_1       | 2022-05-03 16:20:02,293 [main] INFO ha.HASecurityUtils: Creating csr for SCM->hostName:scm,scmId:4efb2070-6fbd-4333-9a09-6f8be761ce1c,clusterId:CID-8f721963-2b4d-453c-be9f-7466872fb0c1,subject:scm-sub@scm
scm_1       | 2022-05-03 16:20:02,467 [main] INFO ha.HASecurityUtils: Successfully stored SCM signed certificate.
scm_1       | 2022-05-03 16:20:02,480 [main] INFO server.StorageContainerManager: SCM initialization succeeded. Current cluster id for sd=/data/metadata/scm; cid=CID-8f721963-2b4d-453c-be9f-7466872fb0c1; layoutVersion=3; scmId=4efb2070-6fbd-4333-9a09-6f8be761ce1c
scm_1       | 2022-05-03 16:20:02,516 [shutdown-hook-0] INFO server.StorageContainerManagerStarter: SHUTDOWN_MSG: 
scm_1       | /************************************************************
datanode_2  | 2022-05-03 16:20:35,123 [main] INFO impl.MetricsSystemImpl: Registered sink prometheus
datanode_2  | 2022-05-03 16:20:35,129 [main] INFO http.BaseHttpServer: HTTP server of hddsDatanode listening at http://0.0.0.0:9882
datanode_2  | 2022-05-03 16:20:35,167 [Datanode State Machine Daemon Thread] INFO statemachine.DatanodeStateMachine: Ozone container server started.
datanode_2  | 2022-05-03 16:20:35,412 [org.apache.hadoop.util.JvmPauseMonitor$Monitor@7be7fc8e] INFO util.JvmPauseMonitor: Starting JVM pause monitor
datanode_2  | 2022-05-03 16:20:35,760 [Datanode State Machine Task Thread - 0] INFO statemachine.SCMConnectionManager: Adding Recon Server : recon/172.18.0.9:9891
datanode_2  | 2022-05-03 16:20:38,054 [EndpointStateMachine task thread for scm/172.18.0.2:9861 - 0 ] INFO ozoneimpl.OzoneContainer: Attempting to start container services.
datanode_3  | 2022-05-03 16:20:32,959 [main] INFO http.HttpServer2: Added filter authentication (class=org.apache.hadoop.security.authentication.server.AuthenticationFilter) to context static
datanode_3  | 2022-05-03 16:20:32,962 [main] INFO http.HttpServer2: Initialize spnego with host: 0.0.0.0 userKey: hdds.datanode.http.auth.kerberos.principal keytabKey: hdds.datanode.http.auth.kerberos.keytab
datanode_3  | 2022-05-03 16:20:33,299 [main] INFO http.HttpServer2: Jetty bound to port 9882
datanode_3  | 2022-05-03 16:20:33,325 [main] INFO server.Server: jetty-9.4.43.v20210629; built: 2021-06-30T11:07:22.254Z; git: 526006ecfa3af7f1a27ef3a288e2bef7ea9dd7e8; jvm 11.0.14.1+1-LTS
datanode_3  | 2022-05-03 16:20:33,643 [main] INFO server.session: DefaultSessionIdManager workerName=node0
datanode_3  | 2022-05-03 16:20:33,643 [main] INFO server.session: No SessionScavenger set, using defaults
datanode_3  | 2022-05-03 16:20:33,678 [main] INFO server.session: node0 Scavenging every 660000ms
datanode_3  | 2022-05-03 16:20:33,850 [main] INFO server.KerberosAuthenticationHandler: Using keytab /etc/security/keytabs/dn.keytab, for principal HTTP/dn@EXAMPLE.COM
datanode_3  | 2022-05-03 16:20:33,874 [main] INFO handler.ContextHandler: Started o.e.j.s.ServletContextHandler@653c0c9c{logs,/logs,file:///var/log/hadoop/,AVAILABLE}
datanode_3  | 2022-05-03 16:20:33,884 [main] INFO handler.ContextHandler: Started o.e.j.s.ServletContextHandler@33f059ad{static,/static,jar:file:/opt/hadoop/share/ozone/lib/hdds-container-service-1.3.0-SNAPSHOT.jar!/webapps/static,AVAILABLE}
datanode_3  | 2022-05-03 16:20:34,570 [main] INFO server.KerberosAuthenticationHandler: Using keytab /etc/security/keytabs/dn.keytab, for principal HTTP/dn@EXAMPLE.COM
datanode_3  | 2022-05-03 16:20:34,671 [main] INFO handler.ContextHandler: Started o.e.j.w.WebAppContext@38614875{hddsDatanode,/,file:///tmp/jetty-0_0_0_0-9882-hdds-container-service-1_3_0-SNAPSHOT_jar-_-any-6088692081794439254/webapp/,AVAILABLE}{jar:file:/opt/hadoop/share/ozone/lib/hdds-container-service-1.3.0-SNAPSHOT.jar!/webapps/hddsDatanode}
om_1        | 2022-05-03 16:20:57,977 [pool-24-thread-1] INFO server.RaftServer$Division: om1: new RaftServerImpl for group-C5BA1605619E:[om1|rpc:om:9872|priority:0] with OzoneManagerStateMachine:uninitialized
om_1        | 2022-05-03 16:20:57,992 [pool-24-thread-1] INFO server.RaftServerConfigKeys: raft.server.rpc.timeout.min = 5s (custom)
om_1        | 2022-05-03 16:20:57,994 [pool-24-thread-1] INFO server.RaftServerConfigKeys: raft.server.rpc.timeout.max = 5200ms (custom)
om_1        | 2022-05-03 16:20:57,995 [pool-24-thread-1] INFO server.RaftServerConfigKeys: raft.server.rpc.sleep.time = 25ms (default)
om_1        | 2022-05-03 16:20:57,995 [pool-24-thread-1] INFO server.RaftServerConfigKeys: raft.server.rpc.slowness.timeout = 120s (custom)
om_1        | 2022-05-03 16:20:57,999 [pool-24-thread-1] INFO server.RaftServerConfigKeys: raft.server.leaderelection.leader.step-down.wait-time = 10s (default)
kdc_1       | May 03 16:25:34 kdc krb5kdc[7](info): TGS_REQ (6 etypes {aes256-cts-hmac-sha1-96(18), aes128-cts-hmac-sha1-96(17), aes256-cts-hmac-sha384-192(20), aes128-cts-hmac-sha256-128(19), DEPRECATED:des3-cbc-sha1(16), DEPRECATED:arcfour-hmac(23)}) 172.18.0.2: ISSUE: authtime 1651595130, etypes {rep=aes256-cts-hmac-sha1-96(18), tkt=aes256-cts-hmac-sha1-96(18), ses=aes256-cts-hmac-sha1-96(18)}, testuser2/scm@EXAMPLE.COM for om/om@EXAMPLE.COM
kdc_1       | May 03 16:25:39 kdc krb5kdc[7](info): TGS_REQ (6 etypes {aes256-cts-hmac-sha1-96(18), aes128-cts-hmac-sha1-96(17), aes256-cts-hmac-sha384-192(20), aes128-cts-hmac-sha256-128(19), DEPRECATED:des3-cbc-sha1(16), DEPRECATED:arcfour-hmac(23)}) 172.18.0.2: ISSUE: authtime 1651595130, etypes {rep=aes256-cts-hmac-sha1-96(18), tkt=aes256-cts-hmac-sha1-96(18), ses=aes256-cts-hmac-sha1-96(18)}, testuser2/scm@EXAMPLE.COM for om/om@EXAMPLE.COM
kdc_1       | May 03 16:25:39 kdc krb5kdc[7](info): AS_REQ (8 etypes {aes256-cts-hmac-sha1-96(18), aes128-cts-hmac-sha1-96(17), aes256-cts-hmac-sha384-192(20), aes128-cts-hmac-sha256-128(19), DEPRECATED:des3-cbc-sha1(16), DEPRECATED:arcfour-hmac(23), camellia128-cts-cmac(25), camellia256-cts-cmac(26)}) 172.18.0.2: ISSUE: authtime 1651595139, etypes {rep=aes256-cts-hmac-sha1-96(18), tkt=aes256-cts-hmac-sha1-96(18), ses=aes256-cts-hmac-sha1-96(18)}, testuser/scm@EXAMPLE.COM for krbtgt/EXAMPLE.COM@EXAMPLE.COM
s3g_1       | 2022-05-03 16:20:00,409 [main] INFO impl.MetricsSystemImpl: S3Gateway metrics system started
s3g_1       | 2022-05-03 16:20:00,420 [main] INFO impl.MetricsSinkAdapter: Sink prometheus started
scm_1       | SHUTDOWN_MSG: Shutting down StorageContainerManager at scm/172.18.0.2
datanode_2  | 2022-05-03 16:20:38,081 [EndpointStateMachine task thread for scm/172.18.0.2:9861 - 0 ] INFO ozoneimpl.OzoneContainer: Background container scanner has been disabled.
datanode_2  | 2022-05-03 16:20:38,603 [EndpointStateMachine task thread for recon/172.18.0.9:9891 - 0 ] INFO ipc.Client: Retrying connect to server: recon/172.18.0.9:9891. Already tried 0 time(s); retry policy is RetryUpToMaximumCountWithFixedSleep(maxRetries=15, sleepTime=1000 MILLISECONDS)
kdc_1       | May 03 16:25:43 kdc krb5kdc[7](info): TGS_REQ (6 etypes {aes256-cts-hmac-sha1-96(18), aes128-cts-hmac-sha1-96(17), aes256-cts-hmac-sha384-192(20), aes128-cts-hmac-sha256-128(19), DEPRECATED:des3-cbc-sha1(16), DEPRECATED:arcfour-hmac(23)}) 172.18.0.2: ISSUE: authtime 1651595139, etypes {rep=aes256-cts-hmac-sha1-96(18), tkt=aes256-cts-hmac-sha1-96(18), ses=aes256-cts-hmac-sha1-96(18)}, testuser/scm@EXAMPLE.COM for om/om@EXAMPLE.COM
kdc_1       | May 03 16:25:48 kdc krb5kdc[7](info): TGS_REQ (6 etypes {aes256-cts-hmac-sha1-96(18), aes128-cts-hmac-sha1-96(17), aes256-cts-hmac-sha384-192(20), aes128-cts-hmac-sha256-128(19), DEPRECATED:des3-cbc-sha1(16), DEPRECATED:arcfour-hmac(23)}) 172.18.0.2: ISSUE: authtime 1651595139, etypes {rep=aes256-cts-hmac-sha1-96(18), tkt=aes256-cts-hmac-sha1-96(18), ses=aes256-cts-hmac-sha1-96(18)}, testuser/scm@EXAMPLE.COM for om/om@EXAMPLE.COM
om_1        | 2022-05-03 16:20:58,000 [pool-24-thread-1] INFO server.RaftServerConfigKeys: raft.server.sleep.deviation.threshold = 300ms (default)
om_1        | 2022-05-03 16:20:58,009 [pool-24-thread-1] INFO server.RaftServerConfigKeys: raft.server.log.appender.install.snapshot.enabled = false (custom)
s3g_1       | 2022-05-03 16:20:00,420 [main] INFO impl.MetricsSystemImpl: Registered sink prometheus
s3g_1       | 2022-05-03 16:47:21,855 [qtp1141500277-20] INFO audit.AuditLogger: Refresh DebugCmdSet for S3GAudit to [].
s3g_1       | 2022-05-03 16:47:21,885 [qtp1141500277-20] INFO ozone.OmUtils: ozone.om.internal.service.id is not defined, falling back to ozone.om.service.ids to find serviceID for OzoneManager if it is HA enabled cluster
s3g_1       | 2022-05-03 16:47:21,885 [qtp1141500277-20] INFO ozone.OmUtils: No OzoneManager ServiceID configured.
s3g_1       | 2022-05-03 16:47:23,599 [qtp1141500277-20] INFO rpc.RpcClient: Creating Bucket: s3v/bucket-ozone-test-2237916005, with testuser as owner and Versioning false and Storage Type set to DISK and Encryption set to false 
s3g_1       | 2022-05-03 16:47:23,622 [qtp1141500277-20] INFO endpoint.BucketEndpoint: Location is /bucket-ozone-test-2237916005
recon_1     | 2022-05-03 16:20:55,604 [Listener at 0.0.0.0/9891] INFO scm.ReconPipelineManager: Adding new pipeline PipelineID=d04fcaf4-29c3-4d91-b319-5a1d33374a36 from SCM.
recon_1     | 2022-05-03 16:20:55,605 [Listener at 0.0.0.0/9891] INFO pipeline.PipelineStateManagerImpl: Created pipeline Pipeline[ Id: d04fcaf4-29c3-4d91-b319-5a1d33374a36, Nodes: 12fde8cc-1968-4146-a8bb-a4a88fed85ff{ip: 172.18.0.4, host: ozonesecure_datanode_2.ozonesecure_default, ports: [REPLICATION=9886, RATIS=9858, RATIS_ADMIN=9857, RATIS_SERVER=9856, STANDALONE=9859], networkLocation: /default-rack, certSerialId: null, persistedOpState: IN_SERVICE, persistedOpStateExpiryEpochSec: 0}, ReplicationConfig: RATIS/ONE, State:ALLOCATED, leaderId:, CreationTimestamp2022-05-03T16:20:40.956Z[UTC]].
recon_1     | 2022-05-03 16:20:55,606 [Listener at 0.0.0.0/9891] INFO scm.ReconPipelineManager: Adding new pipeline PipelineID=0d3f88b7-28b8-494f-b80c-1ad0dbb26a3c from SCM.
recon_1     | 2022-05-03 16:20:55,608 [Listener at 0.0.0.0/9891] INFO pipeline.PipelineStateManagerImpl: Created pipeline Pipeline[ Id: 0d3f88b7-28b8-494f-b80c-1ad0dbb26a3c, Nodes: 5936f70f-31e3-4902-916e-ee345a2a35f4{ip: 172.18.0.3, host: ozonesecure_datanode_1.ozonesecure_default, ports: [REPLICATION=9886, RATIS=9858, RATIS_ADMIN=9857, RATIS_SERVER=9856, STANDALONE=9859], networkLocation: /default-rack, certSerialId: null, persistedOpState: IN_SERVICE, persistedOpStateExpiryEpochSec: 0}, ReplicationConfig: RATIS/ONE, State:OPEN, leaderId:5936f70f-31e3-4902-916e-ee345a2a35f4, CreationTimestamp2022-05-03T16:20:40.909Z[UTC]].
recon_1     | 2022-05-03 16:20:55,610 [Listener at 0.0.0.0/9891] INFO server.SCMDatanodeProtocolServer: ScmDatanodeProtocol RPC server for DataNodes is listening at /0.0.0.0:9891
recon_1     | 2022-05-03 16:20:55,625 [IPC Server listener on 9891] INFO ipc.Server: IPC Server listener on 9891: starting
datanode_1  | 	at org.apache.hadoop.ozone.container.common.statemachine.DatanodeStateMachine.startStateMachineThread(DatanodeStateMachine.java:285)
datanode_1  | 	at org.apache.hadoop.ozone.container.common.statemachine.DatanodeStateMachine.lambda$startDaemon$0(DatanodeStateMachine.java:473)
datanode_1  | 	at java.base/java.lang.Thread.run(Thread.java:829)
datanode_1  | Caused by: java.util.concurrent.TimeoutException
datanode_1  | 	at java.base/java.util.concurrent.FutureTask.get(FutureTask.java:204)
datanode_1  | 	at org.apache.hadoop.ozone.container.common.states.datanode.RunningDatanodeState.lambda$execute$0(RunningDatanodeState.java:157)
datanode_1  | 	at java.base/java.util.concurrent.FutureTask.run(FutureTask.java:264)
scm_1       | ************************************************************/
scm_1       | No '-XX:...' jvm parameters are set. Adding safer GC settings '-XX:ParallelGCThreads=8 -XX:+UseConcMarkSweepGC -XX:CMSInitiatingOccupancyFraction=70 -XX:+CMSParallelRemarkEnabled' to the OZONE_OPTS
scm_1       | OpenJDK 64-Bit Server VM warning: Option UseConcMarkSweepGC was deprecated in version 9.0 and will likely be removed in a future release.
datanode_2  | 2022-05-03 16:20:38,702 [EndpointStateMachine task thread for scm/172.18.0.2:9861 - 0 ] INFO ratis.XceiverServerRatis: Starting XceiverServerRatis 12fde8cc-1968-4146-a8bb-a4a88fed85ff
datanode_2  | 2022-05-03 16:20:38,886 [EndpointStateMachine task thread for scm/172.18.0.2:9861 - 0 ] INFO server.RaftServer: 12fde8cc-1968-4146-a8bb-a4a88fed85ff: start RPC server
datanode_2  | 2022-05-03 16:20:38,913 [EndpointStateMachine task thread for scm/172.18.0.2:9861 - 0 ] INFO server.GrpcService: 12fde8cc-1968-4146-a8bb-a4a88fed85ff: GrpcService started, listening on 9856
datanode_2  | 2022-05-03 16:20:38,915 [EndpointStateMachine task thread for scm/172.18.0.2:9861 - 0 ] INFO server.GrpcService: 12fde8cc-1968-4146-a8bb-a4a88fed85ff: GrpcService started, listening on 9857
datanode_2  | 2022-05-03 16:20:38,918 [EndpointStateMachine task thread for scm/172.18.0.2:9861 - 0 ] INFO server.GrpcService: 12fde8cc-1968-4146-a8bb-a4a88fed85ff: GrpcService started, listening on 9858
datanode_2  | 2022-05-03 16:20:38,970 [org.apache.ratis.util.JvmPauseMonitor$$Lambda$349/0x00000008405b6c40@67ae4278] INFO util.JvmPauseMonitor: JvmPauseMonitor-12fde8cc-1968-4146-a8bb-a4a88fed85ff: Started
datanode_2  | 2022-05-03 16:20:38,979 [EndpointStateMachine task thread for scm/172.18.0.2:9861 - 0 ] INFO ratis.XceiverServerRatis: XceiverServerRatis 12fde8cc-1968-4146-a8bb-a4a88fed85ff is started using port 9858 for RATIS
datanode_2  | 2022-05-03 16:20:38,979 [EndpointStateMachine task thread for scm/172.18.0.2:9861 - 0 ] INFO ratis.XceiverServerRatis: XceiverServerRatis 12fde8cc-1968-4146-a8bb-a4a88fed85ff is started using port 9857 for RATIS_ADMIN
scm_1       | 2022-05-03 16:20:04,097 [main] INFO server.StorageContainerManagerStarter: STARTUP_MSG: 
scm_1       | /************************************************************
scm_1       | STARTUP_MSG: Starting StorageContainerManager
recon_1     | 2022-05-03 16:20:55,633 [IPC Server Responder] INFO ipc.Server: IPC Server Responder: starting
datanode_3  | 2022-05-03 16:20:34,759 [main] INFO server.AbstractConnector: Started ServerConnector@a8964c1{HTTP/1.1, (http/1.1)}{0.0.0.0:9882}
datanode_3  | 2022-05-03 16:20:34,760 [main] INFO server.Server: Started @72682ms
datanode_3  | 2022-05-03 16:20:34,793 [main] INFO impl.MetricsSinkAdapter: Sink prometheus started
datanode_2  | 2022-05-03 16:20:38,979 [EndpointStateMachine task thread for scm/172.18.0.2:9861 - 0 ] INFO ratis.XceiverServerRatis: XceiverServerRatis 12fde8cc-1968-4146-a8bb-a4a88fed85ff is started using port 9856 for RATIS_SERVER
datanode_2  | 2022-05-03 16:20:39,607 [EndpointStateMachine task thread for recon/172.18.0.9:9891 - 0 ] INFO ipc.Client: Retrying connect to server: recon/172.18.0.9:9891. Already tried 1 time(s); retry policy is RetryUpToMaximumCountWithFixedSleep(maxRetries=15, sleepTime=1000 MILLISECONDS)
datanode_2  | 2022-05-03 16:20:40,608 [EndpointStateMachine task thread for recon/172.18.0.9:9891 - 0 ] INFO ipc.Client: Retrying connect to server: recon/172.18.0.9:9891. Already tried 2 time(s); retry policy is RetryUpToMaximumCountWithFixedSleep(maxRetries=15, sleepTime=1000 MILLISECONDS)
om_1        | 2022-05-03 16:20:58,025 [pool-24-thread-1] INFO server.RaftServer$Division: om1@group-C5BA1605619E: ConfigurationManager, init=-1: [om1|rpc:om:9872|priority:0], old=null, confs=<EMPTY_MAP>
om_1        | 2022-05-03 16:20:58,026 [pool-24-thread-1] INFO server.RaftServerConfigKeys: raft.server.storage.dir = [/data/metadata/ratis] (custom)
recon_1     | 2022-05-03 16:20:56,045 [Listener at 0.0.0.0/9891] INFO scm.ReconScmTask: Registered ContainerHealthTask task 
datanode_3  | 2022-05-03 16:20:34,793 [main] INFO impl.MetricsSystemImpl: Registered sink prometheus
datanode_1  | 	at java.base/java.util.concurrent.Executors$RunnableAdapter.call(Executors.java:515)
datanode_1  | 	at java.base/java.util.concurrent.FutureTask.run(FutureTask.java:264)
kdc_1       | May 03 16:25:53 kdc krb5kdc[7](info): TGS_REQ (6 etypes {aes256-cts-hmac-sha1-96(18), aes128-cts-hmac-sha1-96(17), aes256-cts-hmac-sha384-192(20), aes128-cts-hmac-sha256-128(19), DEPRECATED:des3-cbc-sha1(16), DEPRECATED:arcfour-hmac(23)}) 172.18.0.2: ISSUE: authtime 1651595139, etypes {rep=aes256-cts-hmac-sha1-96(18), tkt=aes256-cts-hmac-sha1-96(18), ses=aes256-cts-hmac-sha1-96(18)}, testuser/scm@EXAMPLE.COM for om/om@EXAMPLE.COM
kdc_1       | May 03 16:25:58 kdc krb5kdc[7](info): TGS_REQ (6 etypes {aes256-cts-hmac-sha1-96(18), aes128-cts-hmac-sha1-96(17), aes256-cts-hmac-sha384-192(20), aes128-cts-hmac-sha256-128(19), DEPRECATED:des3-cbc-sha1(16), DEPRECATED:arcfour-hmac(23)}) 172.18.0.2: ISSUE: authtime 1651595139, etypes {rep=aes256-cts-hmac-sha1-96(18), tkt=aes256-cts-hmac-sha1-96(18), ses=aes256-cts-hmac-sha1-96(18)}, testuser/scm@EXAMPLE.COM for om/om@EXAMPLE.COM
kdc_1       | May 03 16:25:59 kdc krb5kdc[7](info): AS_REQ (8 etypes {aes256-cts-hmac-sha1-96(18), aes128-cts-hmac-sha1-96(17), aes256-cts-hmac-sha384-192(20), aes128-cts-hmac-sha256-128(19), DEPRECATED:des3-cbc-sha1(16), DEPRECATED:arcfour-hmac(23), camellia128-cts-cmac(25), camellia256-cts-cmac(26)}) 172.18.0.2: ISSUE: authtime 1651595159, etypes {rep=aes256-cts-hmac-sha1-96(18), tkt=aes256-cts-hmac-sha1-96(18), ses=aes256-cts-hmac-sha1-96(18)}, testuser/scm@EXAMPLE.COM for krbtgt/EXAMPLE.COM@EXAMPLE.COM
kdc_1       | May 03 16:26:03 kdc krb5kdc[7](info): TGS_REQ (6 etypes {aes256-cts-hmac-sha1-96(18), aes128-cts-hmac-sha1-96(17), aes256-cts-hmac-sha384-192(20), aes128-cts-hmac-sha256-128(19), DEPRECATED:des3-cbc-sha1(16), DEPRECATED:arcfour-hmac(23)}) 172.18.0.2: ISSUE: authtime 1651595159, etypes {rep=aes256-cts-hmac-sha1-96(18), tkt=aes256-cts-hmac-sha1-96(18), ses=aes256-cts-hmac-sha1-96(18)}, testuser/scm@EXAMPLE.COM for om/om@EXAMPLE.COM
kdc_1       | May 03 16:26:07 kdc krb5kdc[7](info): TGS_REQ (6 etypes {aes256-cts-hmac-sha1-96(18), aes128-cts-hmac-sha1-96(17), aes256-cts-hmac-sha384-192(20), aes128-cts-hmac-sha256-128(19), DEPRECATED:des3-cbc-sha1(16), DEPRECATED:arcfour-hmac(23)}) 172.18.0.2: ISSUE: authtime 1651595159, etypes {rep=aes256-cts-hmac-sha1-96(18), tkt=aes256-cts-hmac-sha1-96(18), ses=aes256-cts-hmac-sha1-96(18)}, testuser/scm@EXAMPLE.COM for om/om@EXAMPLE.COM
scm_1       | STARTUP_MSG:   host = scm/172.18.0.2
scm_1       | STARTUP_MSG:   args = []
scm_1       | STARTUP_MSG:   version = 1.3.0-SNAPSHOT
scm_1       | STARTUP_MSG:   classpath = /etc/hadoop:/opt/hadoop/share/ozone/lib/kerb-simplekdc-1.0.1.jar:/opt/hadoop/share/ozone/lib/slf4j-log4j12-1.7.30.jar:/opt/hadoop/share/ozone/lib/protobuf-java-2.5.0.jar:/opt/hadoop/share/ozone/lib/jaxb-core-2.3.0.1.jar:/opt/hadoop/share/ozone/lib/istack-commons-runtime-3.0.5.jar:/opt/hadoop/share/ozone/lib/commons-validator-1.6.jar:/opt/hadoop/share/ozone/lib/bcpkix-jdk15on-1.67.jar:/opt/hadoop/share/ozone/lib/hdds-interface-admin-1.3.0-SNAPSHOT.jar:/opt/hadoop/share/ozone/lib/jackson-annotations-2.13.2.jar:/opt/hadoop/share/ozone/lib/jetty-security-9.4.43.v20210629.jar:/opt/hadoop/share/ozone/lib/kerb-core-1.0.1.jar:/opt/hadoop/share/ozone/lib/hadoop-shaded-protobuf_3_7-1.1.1.jar:/opt/hadoop/share/ozone/lib/ozone-annotation-processing-1.3.0-SNAPSHOT.jar:/opt/hadoop/share/ozone/lib/hdds-container-service-1.3.0-SNAPSHOT.jar:/opt/hadoop/share/ozone/lib/okhttp-4.9.0.jar:/opt/hadoop/share/ozone/lib/jsr305-3.0.0.jar:/opt/hadoop/share/ozone/lib/j2objc-annotations-1.3.jar:/opt/hadoop/share/ozone/lib/picocli-4.6.1.jar:/opt/hadoop/share/ozone/lib/jackson-datatype-jsr310-2.13.2.jar:/opt/hadoop/share/ozone/lib/javassist-3.21.0-GA.jar:/opt/hadoop/share/ozone/lib/jaxb-api-2.3.0.jar:/opt/hadoop/share/ozone/lib/htrace-core4-4.1.0-incubating.jar:/opt/hadoop/share/ozone/lib/kerb-util-1.0.1.jar:/opt/hadoop/share/ozone/lib/kotlin-stdlib-common-1.4.31.jar:/opt/hadoop/share/ozone/lib/checker-qual-3.8.0.jar:/opt/hadoop/share/ozone/lib/hadoop-shaded-guava-1.1.1.jar:/opt/hadoop/share/ozone/lib/log4j-core-2.17.1.jar:/opt/hadoop/share/ozone/lib/commons-logging-1.2.jar:/opt/hadoop/share/ozone/lib/accessors-smart-2.4.7.jar:/opt/hadoop/share/ozone/lib/kerby-xdr-1.0.1.jar:/opt/hadoop/share/ozone/lib/netty-buffer-4.1.63.Final.jar:/opt/hadoop/share/ozone/lib/txw2-2.3.0.1.jar:/opt/hadoop/share/ozone/lib/httpcore-4.4.13.jar:/opt/hadoop/share/ozone/lib/opentracing-tracerresolver-0.1.8.jar:/opt/hadoop/share/ozone/lib/commons-net-3.6.jar:/opt/hadoop/share/ozone/lib/libthrift-0.14.1.jar:/opt/hadoop/share/ozone/lib/snakeyaml-1.26.jar:/opt/hadoop/share/ozone/lib/stax-ex-1.7.8.jar:/opt/hadoop/share/ozone/lib/error_prone_annotations-2.2.0.jar:/opt/hadoop/share/ozone/lib/httpclient-4.5.13.jar:/opt/hadoop/share/ozone/lib/jetty-servlet-9.4.43.v20210629.jar:/opt/hadoop/share/ozone/lib/jaeger-client-1.6.0.jar:/opt/hadoop/share/ozone/lib/kerby-config-1.0.1.jar:/opt/hadoop/share/ozone/lib/commons-io-2.11.0.jar:/opt/hadoop/share/ozone/lib/metrics-core-3.2.4.jar:/opt/hadoop/share/ozone/lib/kerby-pkix-1.0.1.jar:/opt/hadoop/share/ozone/lib/json-smart-2.4.7.jar:/opt/hadoop/share/ozone/lib/hdds-interface-client-1.3.0-SNAPSHOT.jar:/opt/hadoop/share/ozone/lib/netty-codec-4.1.63.Final.jar:/opt/hadoop/share/ozone/lib/jsr311-api-1.1.1.jar:/opt/hadoop/share/ozone/lib/commons-beanutils-1.9.4.jar:/opt/hadoop/share/ozone/lib/jetty-webapp-9.4.43.v20210629.jar:/opt/hadoop/share/ozone/lib/jackson-core-2.13.2.jar:/opt/hadoop/share/ozone/lib/hdds-server-framework-1.3.0-SNAPSHOT.jar:/opt/hadoop/share/ozone/lib/javax.servlet-api-3.1.0.jar:/opt/hadoop/share/ozone/lib/kerb-server-1.0.1.jar:/opt/hadoop/share/ozone/lib/guava-30.1.1-jre.jar:/opt/hadoop/share/ozone/lib/hdds-common-1.3.0-SNAPSHOT.jar:/opt/hadoop/share/ozone/lib/kerb-client-1.0.1.jar:/opt/hadoop/share/ozone/lib/netty-transport-4.1.63.Final.jar:/opt/hadoop/share/ozone/lib/ratis-grpc-2.2.0.jar:/opt/hadoop/share/ozone/lib/ratis-common-2.2.0.jar:/opt/hadoop/share/ozone/lib/netty-common-4.1.63.Final.jar:/opt/hadoop/share/ozone/lib/disruptor-3.4.2.jar:/opt/hadoop/share/ozone/lib/reflections-0.9.11.jar:/opt/hadoop/share/ozone/lib/hdds-erasurecode-1.3.0-SNAPSHOT.jar:/opt/hadoop/share/ozone/lib/jetty-io-9.4.43.v20210629.jar:/opt/hadoop/share/ozone/lib/hdds-interface-server-1.3.0-SNAPSHOT.jar:/opt/hadoop/share/ozone/lib/hadoop-hdfs-3.3.1.jar:/opt/hadoop/share/ozone/lib/annotations-13.0.jar:/opt/hadoop/share/ozone/lib/jetty-server-9.4.43.v20210629.jar:/opt/hadoop/share/ozone/lib/simpleclient_common-0.7.0.jar:/opt/hadoop/share/ozone/lib/jaeger-thrift-1.6.0.jar:/opt/hadoop/share/ozone/lib/hadoop-common-3.3.1.jar:/opt/hadoop/share/ozone/lib/dnsjava-2.1.7.jar:/opt/hadoop/share/ozone/lib/bcprov-jdk15on-1.67.jar:/opt/hadoop/share/ozone/lib/commons-configuration2-2.1.1.jar:/opt/hadoop/share/ozone/lib/ratis-proto-2.2.0.jar:/opt/hadoop/share/ozone/lib/ratis-client-2.2.0.jar:/opt/hadoop/share/ozone/lib/token-provider-1.0.1.jar:/opt/hadoop/share/ozone/lib/log4j-1.2.17.jar:/opt/hadoop/share/ozone/lib/commons-daemon-1.0.13.jar:/opt/hadoop/share/ozone/lib/listenablefuture-9999.0-empty-to-avoid-conflict-with-guava.jar:/opt/hadoop/share/ozone/lib/jaeger-tracerresolver-1.6.0.jar:/opt/hadoop/share/ozone/lib/jetty-xml-9.4.43.v20210629.jar:/opt/hadoop/share/ozone/lib/ratis-netty-2.2.0.jar:/opt/hadoop/share/ozone/lib/commons-lang3-3.7.jar:/opt/hadoop/share/ozone/lib/re2j-1.1.jar:/opt/hadoop/share/ozone/lib/commons-math3-3.1.1.jar:/opt/hadoop/share/ozone/lib/ratis-thirdparty-misc-0.7.0.jar:/opt/hadoop/share/ozone/lib/simpleclient_dropwizard-0.7.0.jar:/opt/hadoop/share/ozone/lib/jackson-databind-2.13.2.2.jar:/opt/hadoop/share/ozone/lib/simpleclient-0.7.0.jar:/opt/hadoop/share/ozone/lib/asm-5.0.4.jar:/opt/hadoop/share/ozone/lib/kerby-util-1.0.1.jar:/opt/hadoop/share/ozone/lib/failureaccess-1.0.1.jar:/opt/hadoop/share/ozone/lib/okio-2.8.0.jar:/opt/hadoop/share/ozone/lib/hdds-config-1.3.0-SNAPSHOT.jar:/opt/hadoop/share/ozone/lib/jsp-api-2.1.jar:/opt/hadoop/share/ozone/lib/rocksdbjni-7.0.4.jar:/opt/hadoop/share/ozone/lib/jsch-0.1.54.jar:/opt/hadoop/share/ozone/lib/jetty-http-9.4.43.v20210629.jar:/opt/hadoop/share/ozone/lib/jakarta.activation-api-1.2.1.jar:/opt/hadoop/share/ozone/lib/slf4j-api-1.7.30.jar:/opt/hadoop/share/ozone/lib/hadoop-hdfs-client-3.3.1.jar:/opt/hadoop/share/ozone/lib/nimbus-jose-jwt-7.9.jar:/opt/hadoop/share/ozone/lib/commons-codec-1.11.jar:/opt/hadoop/share/ozone/lib/commons-pool2-2.6.0.jar:/opt/hadoop/share/ozone/lib/gson-2.2.4.jar:/opt/hadoop/share/ozone/lib/jetty-util-9.4.43.v20210629.jar:/opt/hadoop/share/ozone/lib/netty-handler-4.1.63.Final.jar:/opt/hadoop/share/ozone/lib/opentracing-api-0.33.0.jar:/opt/hadoop/share/ozone/lib/jetty-util-ajax-9.4.43.v20210629.jar:/opt/hadoop/share/ozone/lib/jcip-annotations-1.0-1.jar:/opt/hadoop/share/ozone/lib/kerb-admin-1.0.1.jar:/opt/hadoop/share/ozone/lib/netty-resolver-4.1.63.Final.jar:/opt/hadoop/share/ozone/lib/kotlin-stdlib-1.4.31.jar:/opt/hadoop/share/ozone/lib/opentracing-noop-0.33.0.jar:/opt/hadoop/share/ozone/lib/jersey-core-1.19.jar:/opt/hadoop/share/ozone/lib/commons-compress-1.21.jar:/opt/hadoop/share/ozone/lib/jaxb-runtime-2.3.0.1.jar:/opt/hadoop/share/ozone/lib/ratis-metrics-2.2.0.jar:/opt/hadoop/share/ozone/lib/ratis-server-api-2.2.0.jar:/opt/hadoop/share/ozone/lib/opentracing-util-0.33.0.jar:/opt/hadoop/share/ozone/lib/hdds-client-1.3.0-SNAPSHOT.jar:/opt/hadoop/share/ozone/lib/hdds-hadoop-dependency-client-1.3.0-SNAPSHOT.jar:/opt/hadoop/share/ozone/lib/snappy-java-1.1.8.2.jar:/opt/hadoop/share/ozone/lib/commons-cli-1.2.jar:/opt/hadoop/share/ozone/lib/log4j-api-2.17.1.jar:/opt/hadoop/share/ozone/lib/woodstox-core-5.0.3.jar:/opt/hadoop/share/ozone/lib/javax.annotation-api-1.2.jar:/opt/hadoop/share/ozone/lib/kerby-asn1-1.0.1.jar:/opt/hadoop/share/ozone/lib/hadoop-annotations-3.3.1.jar:/opt/hadoop/share/ozone/lib/stax2-api-3.1.4.jar:/opt/hadoop/share/ozone/lib/commons-digester-1.8.1.jar:/opt/hadoop/share/ozone/lib/commons-collections-3.2.2.jar:/opt/hadoop/share/ozone/lib/jaeger-core-1.6.0.jar:/opt/hadoop/share/ozone/lib/commons-text-1.4.jar:/opt/hadoop/share/ozone/lib/jersey-servlet-1.19.jar:/opt/hadoop/share/ozone/lib/ratis-server-2.2.0.jar:/opt/hadoop/share/ozone/lib/hadoop-auth-3.3.1.jar:/opt/hadoop/share/ozone/lib/kerb-identity-1.0.1.jar:/opt/hadoop/share/ozone/lib/FastInfoset-1.2.13.jar:/opt/hadoop/share/ozone/lib/kerb-common-1.0.1.jar:/opt/hadoop/share/ozone/lib/jersey-server-1.19.jar:/opt/hadoop/share/ozone/lib/hdds-hadoop-dependency-server-1.3.0-SNAPSHOT.jar:/opt/hadoop/share/ozone/lib/kerb-crypto-1.0.1.jar:/opt/hadoop/share/ozone/web:/opt/hadoop/share/ozone/lib/hdds-server-scm-1.3.0-SNAPSHOT.jar
recon_1     | 2022-05-03 16:20:56,045 [Listener at 0.0.0.0/9891] INFO scm.ReconScmTask: Starting ContainerHealthTask Thread.
om_1        | 2022-05-03 16:20:58,046 [pool-24-thread-1] INFO server.RaftServerConfigKeys: raft.server.log.corruption.policy = EXCEPTION (default)
kdc_1       | May 03 16:26:18 kdc krb5kdc[7](info): TGS_REQ (6 etypes {aes256-cts-hmac-sha1-96(18), aes128-cts-hmac-sha1-96(17), aes256-cts-hmac-sha384-192(20), aes128-cts-hmac-sha256-128(19), DEPRECATED:des3-cbc-sha1(16), DEPRECATED:arcfour-hmac(23)}) 172.18.0.2: ISSUE: authtime 1651595159, etypes {rep=aes256-cts-hmac-sha1-96(18), tkt=aes256-cts-hmac-sha1-96(18), ses=aes256-cts-hmac-sha1-96(18)}, testuser/scm@EXAMPLE.COM for om/om@EXAMPLE.COM
kdc_1       | May 03 16:26:21 kdc krb5kdc[7](info): AS_REQ (8 etypes {aes256-cts-hmac-sha1-96(18), aes128-cts-hmac-sha1-96(17), aes256-cts-hmac-sha384-192(20), aes128-cts-hmac-sha256-128(19), DEPRECATED:des3-cbc-sha1(16), DEPRECATED:arcfour-hmac(23), camellia128-cts-cmac(25), camellia256-cts-cmac(26)}) 172.18.0.2: ISSUE: authtime 1651595181, etypes {rep=aes256-cts-hmac-sha1-96(18), tkt=aes256-cts-hmac-sha1-96(18), ses=aes256-cts-hmac-sha1-96(18)}, testuser/scm@EXAMPLE.COM for krbtgt/EXAMPLE.COM@EXAMPLE.COM
kdc_1       | May 03 16:26:25 kdc krb5kdc[7](info): TGS_REQ (6 etypes {aes256-cts-hmac-sha1-96(18), aes128-cts-hmac-sha1-96(17), aes256-cts-hmac-sha384-192(20), aes128-cts-hmac-sha256-128(19), DEPRECATED:des3-cbc-sha1(16), DEPRECATED:arcfour-hmac(23)}) 172.18.0.2: ISSUE: authtime 1651595181, etypes {rep=aes256-cts-hmac-sha1-96(18), tkt=aes256-cts-hmac-sha1-96(18), ses=aes256-cts-hmac-sha1-96(18)}, testuser/scm@EXAMPLE.COM for om/om@EXAMPLE.COM
kdc_1       | May 03 16:26:30 kdc krb5kdc[7](info): TGS_REQ (6 etypes {aes256-cts-hmac-sha1-96(18), aes128-cts-hmac-sha1-96(17), aes256-cts-hmac-sha384-192(20), aes128-cts-hmac-sha256-128(19), DEPRECATED:des3-cbc-sha1(16), DEPRECATED:arcfour-hmac(23)}) 172.18.0.2: ISSUE: authtime 1651595181, etypes {rep=aes256-cts-hmac-sha1-96(18), tkt=aes256-cts-hmac-sha1-96(18), ses=aes256-cts-hmac-sha1-96(18)}, testuser/scm@EXAMPLE.COM for om/om@EXAMPLE.COM
kdc_1       | May 03 16:26:35 kdc krb5kdc[7](info): TGS_REQ (6 etypes {aes256-cts-hmac-sha1-96(18), aes128-cts-hmac-sha1-96(17), aes256-cts-hmac-sha384-192(20), aes128-cts-hmac-sha256-128(19), DEPRECATED:des3-cbc-sha1(16), DEPRECATED:arcfour-hmac(23)}) 172.18.0.2: ISSUE: authtime 1651595181, etypes {rep=aes256-cts-hmac-sha1-96(18), tkt=aes256-cts-hmac-sha1-96(18), ses=aes256-cts-hmac-sha1-96(18)}, testuser/scm@EXAMPLE.COM for om/om@EXAMPLE.COM
kdc_1       | May 03 16:26:40 kdc krb5kdc[7](info): TGS_REQ (6 etypes {aes256-cts-hmac-sha1-96(18), aes128-cts-hmac-sha1-96(17), aes256-cts-hmac-sha384-192(20), aes128-cts-hmac-sha256-128(19), DEPRECATED:des3-cbc-sha1(16), DEPRECATED:arcfour-hmac(23)}) 172.18.0.2: ISSUE: authtime 1651595181, etypes {rep=aes256-cts-hmac-sha1-96(18), tkt=aes256-cts-hmac-sha1-96(18), ses=aes256-cts-hmac-sha1-96(18)}, testuser/scm@EXAMPLE.COM for om/om@EXAMPLE.COM
s3g_1       | 2022-05-03 16:47:24,384 [qtp1141500277-21] INFO rpc.RpcClient: Creating Bucket: s3v/bucket-test123, with testuser as owner and Versioning false and Storage Type set to DISK and Encryption set to false 
s3g_1       | 2022-05-03 16:47:24,398 [qtp1141500277-21] INFO endpoint.BucketEndpoint: Location is /bucket-test123
s3g_1       | 2022-05-03 16:47:26,262 [qtp1141500277-22] WARN impl.MetricsSystemImpl: S3Gateway metrics system already initialized!
recon_1     | 2022-05-03 16:20:56,141 [Listener at 0.0.0.0/9891] INFO scm.ReconScmTask: Registered PipelineSyncTask task 
datanode_3  | 2022-05-03 16:20:34,795 [main] INFO http.BaseHttpServer: HTTP server of hddsDatanode listening at http://0.0.0.0:9882
datanode_3  | 2022-05-03 16:20:34,828 [Datanode State Machine Daemon Thread] INFO statemachine.DatanodeStateMachine: Ozone container server started.
datanode_2  | 2022-05-03 16:20:41,494 [Datanode State Machine Daemon Thread] ERROR datanode.RunningDatanodeState: Error in executing end point task.
datanode_2  | java.util.concurrent.ExecutionException: java.util.concurrent.TimeoutException
datanode_2  | 	at java.base/java.util.concurrent.FutureTask.report(FutureTask.java:122)
datanode_2  | 	at java.base/java.util.concurrent.FutureTask.get(FutureTask.java:191)
datanode_1  | 	at java.base/java.util.concurrent.ThreadPoolExecutor.runWorker(ThreadPoolExecutor.java:1128)
datanode_1  | 	at java.base/java.util.concurrent.ThreadPoolExecutor$Worker.run(ThreadPoolExecutor.java:628)
recon_1     | 2022-05-03 16:20:56,141 [Listener at 0.0.0.0/9891] INFO scm.ReconScmTask: Starting PipelineSyncTask Thread.
datanode_3  | 2022-05-03 16:20:34,974 [org.apache.hadoop.util.JvmPauseMonitor$Monitor@22f13b4a] INFO util.JvmPauseMonitor: Starting JVM pause monitor
datanode_3  | 2022-05-03 16:20:35,281 [Datanode State Machine Task Thread - 0] INFO statemachine.SCMConnectionManager: Adding Recon Server : recon/172.18.0.9:9891
s3g_1       | 2022-05-03 16:47:26,618 [qtp1141500277-22] INFO metrics.MetricRegistries: Loaded MetricRegistries class org.apache.ratis.metrics.impl.MetricRegistriesImpl
datanode_2  | 	at org.apache.hadoop.ozone.container.common.states.datanode.RunningDatanodeState.computeNextContainerState(RunningDatanodeState.java:199)
datanode_2  | 	at org.apache.hadoop.ozone.container.common.states.datanode.RunningDatanodeState.await(RunningDatanodeState.java:239)
datanode_1  | 	... 1 more
datanode_1  | 2022-05-03 16:20:42,439 [EndpointStateMachine task thread for recon/172.18.0.9:9891 - 0 ] INFO ipc.Client: Retrying connect to server: recon/172.18.0.9:9891. Already tried 5 time(s); retry policy is RetryUpToMaximumCountWithFixedSleep(maxRetries=15, sleepTime=1000 MILLISECONDS)
recon_1     | 2022-05-03 16:20:56,242 [PipelineSyncTask] INFO scm.ReconPipelineManager: Recon has 4 pipelines in house.
datanode_3  | 2022-05-03 16:20:37,872 [EndpointStateMachine task thread for scm/172.18.0.2:9861 - 0 ] INFO ozoneimpl.OzoneContainer: Attempting to start container services.
datanode_3  | 2022-05-03 16:20:37,902 [EndpointStateMachine task thread for scm/172.18.0.2:9861 - 0 ] INFO ozoneimpl.OzoneContainer: Background container scanner has been disabled.
kdc_1       | May 03 16:26:45 kdc krb5kdc[7](info): TGS_REQ (6 etypes {aes256-cts-hmac-sha1-96(18), aes128-cts-hmac-sha1-96(17), aes256-cts-hmac-sha384-192(20), aes128-cts-hmac-sha256-128(19), DEPRECATED:des3-cbc-sha1(16), DEPRECATED:arcfour-hmac(23)}) 172.18.0.2: ISSUE: authtime 1651595181, etypes {rep=aes256-cts-hmac-sha1-96(18), tkt=aes256-cts-hmac-sha1-96(18), ses=aes256-cts-hmac-sha1-96(18)}, testuser/scm@EXAMPLE.COM for om/om@EXAMPLE.COM
scm_1       | STARTUP_MSG:   build = https://github.com/apache/ozone/deb88f35ec0b8d63d2a4470728239d755b012feb ; compiled by 'runner' on 2022-05-03T16:08Z
scm_1       | STARTUP_MSG:   java = 11.0.14.1
datanode_3  | 2022-05-03 16:20:38,249 [EndpointStateMachine task thread for recon/172.18.0.9:9891 - 0 ] INFO ipc.Client: Retrying connect to server: recon/172.18.0.9:9891. Already tried 0 time(s); retry policy is RetryUpToMaximumCountWithFixedSleep(maxRetries=15, sleepTime=1000 MILLISECONDS)
datanode_3  | 2022-05-03 16:20:38,384 [EndpointStateMachine task thread for scm/172.18.0.2:9861 - 0 ] INFO ratis.XceiverServerRatis: Starting XceiverServerRatis 74d2dd5a-0c15-4319-a962-ac731b7c861d
datanode_2  | 	at org.apache.hadoop.ozone.container.common.states.datanode.RunningDatanodeState.await(RunningDatanodeState.java:50)
kdc_1       | May 03 16:26:50 kdc krb5kdc[7](info): TGS_REQ (6 etypes {aes256-cts-hmac-sha1-96(18), aes128-cts-hmac-sha1-96(17), aes256-cts-hmac-sha384-192(20), aes128-cts-hmac-sha256-128(19), DEPRECATED:des3-cbc-sha1(16), DEPRECATED:arcfour-hmac(23)}) 172.18.0.2: ISSUE: authtime 1651595181, etypes {rep=aes256-cts-hmac-sha1-96(18), tkt=aes256-cts-hmac-sha1-96(18), ses=aes256-cts-hmac-sha1-96(18)}, testuser/scm@EXAMPLE.COM for om/om@EXAMPLE.COM
scm_1       | ************************************************************/
datanode_1  | 2022-05-03 16:20:43,444 [Command processor thread] INFO server.RaftServer: 5936f70f-31e3-4902-916e-ee345a2a35f4: addNew group-B9ECD1995AB3:[5936f70f-31e3-4902-916e-ee345a2a35f4|rpc:172.18.0.3:9856|admin:172.18.0.3:9857|client:172.18.0.3:9858|priority:1, 12fde8cc-1968-4146-a8bb-a4a88fed85ff|rpc:172.18.0.4:9856|admin:172.18.0.4:9857|client:172.18.0.4:9858|priority:0, 74d2dd5a-0c15-4319-a962-ac731b7c861d|rpc:172.18.0.5:9856|admin:172.18.0.5:9857|client:172.18.0.5:9858|priority:0] returns group-B9ECD1995AB3:java.util.concurrent.CompletableFuture@6ba564c9[Not completed]
datanode_1  | 2022-05-03 16:20:43,675 [pool-23-thread-1] INFO server.RaftServer$Division: 5936f70f-31e3-4902-916e-ee345a2a35f4: new RaftServerImpl for group-B9ECD1995AB3:[5936f70f-31e3-4902-916e-ee345a2a35f4|rpc:172.18.0.3:9856|admin:172.18.0.3:9857|client:172.18.0.3:9858|priority:1, 12fde8cc-1968-4146-a8bb-a4a88fed85ff|rpc:172.18.0.4:9856|admin:172.18.0.4:9857|client:172.18.0.4:9858|priority:0, 74d2dd5a-0c15-4319-a962-ac731b7c861d|rpc:172.18.0.5:9856|admin:172.18.0.5:9857|client:172.18.0.5:9858|priority:0] with ContainerStateMachine:uninitialized
datanode_1  | 2022-05-03 16:20:43,691 [pool-23-thread-1] INFO server.RaftServerConfigKeys: raft.server.rpc.timeout.min = 5s (custom)
datanode_1  | 2022-05-03 16:20:43,692 [pool-23-thread-1] INFO server.RaftServerConfigKeys: raft.server.rpc.timeout.max = 5200ms (custom)
scm_1       | 2022-05-03 16:20:04,106 [main] INFO server.StorageContainerManagerStarter: registered UNIX signal handlers for [TERM, HUP, INT]
datanode_2  | 	at org.apache.hadoop.ozone.container.common.statemachine.StateContext.execute(StateContext.java:660)
datanode_1  | 2022-05-03 16:20:43,692 [pool-23-thread-1] INFO server.RaftServerConfigKeys: raft.server.rpc.sleep.time = 25ms (default)
datanode_1  | 2022-05-03 16:20:43,692 [pool-23-thread-1] INFO server.RaftServerConfigKeys: raft.server.rpc.slowness.timeout = 300s (custom)
kdc_1       | May 03 16:26:55 kdc krb5kdc[7](info): TGS_REQ (6 etypes {aes256-cts-hmac-sha1-96(18), aes128-cts-hmac-sha1-96(17), aes256-cts-hmac-sha384-192(20), aes128-cts-hmac-sha256-128(19), DEPRECATED:des3-cbc-sha1(16), DEPRECATED:arcfour-hmac(23)}) 172.18.0.2: ISSUE: authtime 1651595181, etypes {rep=aes256-cts-hmac-sha1-96(18), tkt=aes256-cts-hmac-sha1-96(18), ses=aes256-cts-hmac-sha1-96(18)}, testuser/scm@EXAMPLE.COM for om/om@EXAMPLE.COM
scm_1       | 2022-05-03 16:20:04,199 [main] INFO ha.SCMHANodeDetails: ServiceID for StorageContainerManager is null
scm_1       | 2022-05-03 16:20:04,199 [main] INFO ha.SCMHANodeDetails: ozone.scm.default.service.id is not defined, falling back to ozone.scm.service.ids to find serviceID for StorageContainerManager if it is HA enabled cluster
scm_1       | 2022-05-03 16:20:04,292 [main] WARN server.ServerUtils: ozone.scm.db.dirs is not configured. We recommend adding this setting. Falling back to ozone.metadata.dirs instead.
scm_1       | 2022-05-03 16:20:04,327 [main] INFO upgrade.AbstractLayoutVersionManager: Initializing Layout version manager with metadata layout = ERASURE_CODED_STORAGE_SUPPORT (version = 3), software layout = ERASURE_CODED_STORAGE_SUPPORT (version = 3)
scm_1       | 2022-05-03 16:20:04,630 [main] INFO reflections.Reflections: Reflections took 160 ms to scan 3 urls, producing 105 keys and 221 values 
datanode_1  | 2022-05-03 16:20:43,692 [pool-23-thread-1] INFO server.RaftServerConfigKeys: raft.server.leaderelection.leader.step-down.wait-time = 10s (default)
datanode_2  | 	at org.apache.hadoop.ozone.container.common.statemachine.DatanodeStateMachine.startStateMachineThread(DatanodeStateMachine.java:285)
datanode_2  | 	at org.apache.hadoop.ozone.container.common.statemachine.DatanodeStateMachine.lambda$startDaemon$0(DatanodeStateMachine.java:473)
datanode_2  | 	at java.base/java.lang.Thread.run(Thread.java:829)
om_1        | 2022-05-03 16:20:58,047 [pool-24-thread-1] INFO server.RaftServerConfigKeys: raft.server.storage.free-space.min = 0MB (=0) (default)
datanode_3  | 2022-05-03 16:20:38,419 [EndpointStateMachine task thread for scm/172.18.0.2:9861 - 0 ] INFO server.RaftServer: 74d2dd5a-0c15-4319-a962-ac731b7c861d: start RPC server
datanode_3  | 2022-05-03 16:20:38,452 [EndpointStateMachine task thread for scm/172.18.0.2:9861 - 0 ] INFO server.GrpcService: 74d2dd5a-0c15-4319-a962-ac731b7c861d: GrpcService started, listening on 9856
kdc_1       | May 03 16:27:00 kdc krb5kdc[7](info): TGS_REQ (6 etypes {aes256-cts-hmac-sha1-96(18), aes128-cts-hmac-sha1-96(17), aes256-cts-hmac-sha384-192(20), aes128-cts-hmac-sha256-128(19), DEPRECATED:des3-cbc-sha1(16), DEPRECATED:arcfour-hmac(23)}) 172.18.0.2: ISSUE: authtime 1651595181, etypes {rep=aes256-cts-hmac-sha1-96(18), tkt=aes256-cts-hmac-sha1-96(18), ses=aes256-cts-hmac-sha1-96(18)}, testuser/scm@EXAMPLE.COM for om/om@EXAMPLE.COM
kdc_1       | May 03 16:27:05 kdc krb5kdc[7](info): TGS_REQ (6 etypes {aes256-cts-hmac-sha1-96(18), aes128-cts-hmac-sha1-96(17), aes256-cts-hmac-sha384-192(20), aes128-cts-hmac-sha256-128(19), DEPRECATED:des3-cbc-sha1(16), DEPRECATED:arcfour-hmac(23)}) 172.18.0.2: ISSUE: authtime 1651595181, etypes {rep=aes256-cts-hmac-sha1-96(18), tkt=aes256-cts-hmac-sha1-96(18), ses=aes256-cts-hmac-sha1-96(18)}, testuser/scm@EXAMPLE.COM for om/om@EXAMPLE.COM
scm_1       | 2022-05-03 16:20:05,266 [main] INFO client.SCMCertificateClient: Loading certificate from location:/data/metadata/scm/sub-ca/certs.
scm_1       | 2022-05-03 16:20:05,360 [main] INFO client.SCMCertificateClient: Added certificate from file:/data/metadata/scm/sub-ca/certs/CA-1.crt.
recon_1     | 2022-05-03 16:20:56,269 [PipelineSyncTask] INFO scm.PipelineSyncTask: Pipeline sync Thread took 61 milliseconds.
om_1        | 2022-05-03 16:20:58,050 [pool-24-thread-1] INFO storage.RaftStorageDirectory: The storage directory /data/metadata/ratis/bf265839-605b-3f16-9796-c5ba1605619e does not exist. Creating ...
om_1        | 2022-05-03 16:20:58,113 [pool-24-thread-1] INFO storage.RaftStorageDirectory: Lock on /data/metadata/ratis/bf265839-605b-3f16-9796-c5ba1605619e/in_use.lock acquired by nodename 7@om
datanode_1  | 2022-05-03 16:20:43,692 [pool-23-thread-1] INFO server.RaftServerConfigKeys: raft.server.sleep.deviation.threshold = 300ms (default)
datanode_1  | 2022-05-03 16:20:43,693 [pool-23-thread-1] INFO server.RaftServerConfigKeys: raft.server.log.appender.install.snapshot.enabled = false (custom)
kdc_1       | May 03 16:27:09 kdc krb5kdc[7](info): TGS_REQ (6 etypes {aes256-cts-hmac-sha1-96(18), aes128-cts-hmac-sha1-96(17), aes256-cts-hmac-sha384-192(20), aes128-cts-hmac-sha256-128(19), DEPRECATED:des3-cbc-sha1(16), DEPRECATED:arcfour-hmac(23)}) 172.18.0.2: ISSUE: authtime 1651595181, etypes {rep=aes256-cts-hmac-sha1-96(18), tkt=aes256-cts-hmac-sha1-96(18), ses=aes256-cts-hmac-sha1-96(18)}, testuser/scm@EXAMPLE.COM for om/om@EXAMPLE.COM
kdc_1       | May 03 16:27:14 kdc krb5kdc[7](info): TGS_REQ (6 etypes {aes256-cts-hmac-sha1-96(18), aes128-cts-hmac-sha1-96(17), aes256-cts-hmac-sha384-192(20), aes128-cts-hmac-sha256-128(19), DEPRECATED:des3-cbc-sha1(16), DEPRECATED:arcfour-hmac(23)}) 172.18.0.2: ISSUE: authtime 1651595181, etypes {rep=aes256-cts-hmac-sha1-96(18), tkt=aes256-cts-hmac-sha1-96(18), ses=aes256-cts-hmac-sha1-96(18)}, testuser/scm@EXAMPLE.COM for om/om@EXAMPLE.COM
datanode_2  | Caused by: java.util.concurrent.TimeoutException
datanode_2  | 	at java.base/java.util.concurrent.FutureTask.get(FutureTask.java:204)
datanode_3  | 2022-05-03 16:20:38,501 [EndpointStateMachine task thread for scm/172.18.0.2:9861 - 0 ] INFO server.GrpcService: 74d2dd5a-0c15-4319-a962-ac731b7c861d: GrpcService started, listening on 9857
datanode_3  | 2022-05-03 16:20:38,511 [EndpointStateMachine task thread for scm/172.18.0.2:9861 - 0 ] INFO server.GrpcService: 74d2dd5a-0c15-4319-a962-ac731b7c861d: GrpcService started, listening on 9858
datanode_1  | 2022-05-03 16:20:43,736 [pool-23-thread-1] INFO server.RaftServer$Division: 5936f70f-31e3-4902-916e-ee345a2a35f4@group-B9ECD1995AB3: ConfigurationManager, init=-1: [5936f70f-31e3-4902-916e-ee345a2a35f4|rpc:172.18.0.3:9856|admin:172.18.0.3:9857|client:172.18.0.3:9858|priority:1, 12fde8cc-1968-4146-a8bb-a4a88fed85ff|rpc:172.18.0.4:9856|admin:172.18.0.4:9857|client:172.18.0.4:9858|priority:0, 74d2dd5a-0c15-4319-a962-ac731b7c861d|rpc:172.18.0.5:9856|admin:172.18.0.5:9857|client:172.18.0.5:9858|priority:0], old=null, confs=<EMPTY_MAP>
datanode_1  | 2022-05-03 16:20:43,737 [pool-23-thread-1] INFO server.RaftServerConfigKeys: raft.server.storage.dir = [/data/metadata/ratis] (custom)
datanode_1  | 2022-05-03 16:20:43,775 [pool-23-thread-1] INFO server.RaftServerConfigKeys: raft.server.log.corruption.policy = EXCEPTION (default)
datanode_1  | 2022-05-03 16:20:43,776 [pool-23-thread-1] INFO server.RaftServerConfigKeys: raft.server.storage.free-space.min = 0MB (=0) (default)
datanode_1  | 2022-05-03 16:20:43,778 [pool-23-thread-1] INFO storage.RaftStorageDirectory: The storage directory /data/metadata/ratis/7c7c4827-9d71-4c17-9cae-b9ecd1995ab3 does not exist. Creating ...
datanode_1  | 2022-05-03 16:20:43,806 [pool-23-thread-1] INFO storage.RaftStorageDirectory: Lock on /data/metadata/ratis/7c7c4827-9d71-4c17-9cae-b9ecd1995ab3/in_use.lock acquired by nodename 9@53d2214270e2
datanode_2  | 	at org.apache.hadoop.ozone.container.common.states.datanode.RunningDatanodeState.lambda$execute$0(RunningDatanodeState.java:157)
datanode_2  | 	at java.base/java.util.concurrent.FutureTask.run(FutureTask.java:264)
datanode_2  | 	at java.base/java.util.concurrent.Executors$RunnableAdapter.call(Executors.java:515)
recon_1     | 2022-05-03 16:20:56,260 [Socket Reader #1 for port 9891] INFO ipc.Server: Auth successful for dn/dn@EXAMPLE.COM (auth:KERBEROS) from 172.18.0.4:38842
recon_1     | 2022-05-03 16:20:56,322 [Socket Reader #1 for port 9891] INFO authorize.ServiceAuthorizationManager: Authorization successful for dn/dn@EXAMPLE.COM (auth:KERBEROS) for protocol=interface org.apache.hadoop.ozone.protocol.ReconDatanodeProtocol
kdc_1       | May 03 16:27:19 kdc krb5kdc[7](info): TGS_REQ (6 etypes {aes256-cts-hmac-sha1-96(18), aes128-cts-hmac-sha1-96(17), aes256-cts-hmac-sha384-192(20), aes128-cts-hmac-sha256-128(19), DEPRECATED:des3-cbc-sha1(16), DEPRECATED:arcfour-hmac(23)}) 172.18.0.2: ISSUE: authtime 1651595181, etypes {rep=aes256-cts-hmac-sha1-96(18), tkt=aes256-cts-hmac-sha1-96(18), ses=aes256-cts-hmac-sha1-96(18)}, testuser/scm@EXAMPLE.COM for om/om@EXAMPLE.COM
