datanode_2  | 2020-07-15 06:51:13,699 [main] INFO http.BaseHttpServer: HTTP server of hddsDatanode listening at http://0.0.0.0:9882
om_1        | STARTUP_MSG:   classpath = /etc/hadoop:/opt/hadoop/share/hadoop/common/*:/opt/hadoop/share/ozone/lib/ratis-proto-0.6.0-6ab75ae-SNAPSHOT.jar:/opt/hadoop/share/ozone/lib/kerb-simplekdc-1.0.1.jar:/opt/hadoop/share/ozone/lib/okhttp-4.2.2.jar:/opt/hadoop/share/ozone/lib/jackson-databind-2.10.3.jar:/opt/hadoop/share/ozone/lib/protobuf-java-2.5.0.jar:/opt/hadoop/share/ozone/lib/bcpkix-jdk15on-1.60.jar:/opt/hadoop/share/ozone/lib/commons-validator-1.6.jar:/opt/hadoop/share/ozone/lib/hadoop-hdds-client-0.6.0-SNAPSHOT.jar:/opt/hadoop/share/ozone/lib/netty-3.10.5.Final.jar:/opt/hadoop/share/ozone/lib/jaxb-impl-2.3.0.1.jar:/opt/hadoop/share/ozone/lib/kotlin-stdlib-common-1.3.50.jar:/opt/hadoop/share/ozone/lib/kerb-core-1.0.1.jar:/opt/hadoop/share/ozone/lib/jsr305-3.0.0.jar:/opt/hadoop/share/ozone/lib/leveldbjni-all-1.8.jar:/opt/hadoop/share/ozone/lib/j2objc-annotations-1.3.jar:/opt/hadoop/share/ozone/lib/jetty-io-9.4.26.v20200117.jar:/opt/hadoop/share/ozone/lib/jaeger-tracerresolver-1.2.0.jar:/opt/hadoop/share/ozone/lib/hadoop-auth-3.2.1.jar:/opt/hadoop/share/ozone/lib/htrace-core4-4.1.0-incubating.jar:/opt/hadoop/share/ozone/lib/jetty-http-9.4.26.v20200117.jar:/opt/hadoop/share/ozone/lib/kerb-util-1.0.1.jar:/opt/hadoop/share/ozone/lib/jetty-xml-9.4.26.v20200117.jar:/opt/hadoop/share/ozone/lib/jaeger-thrift-1.2.0.jar:/opt/hadoop/share/ozone/lib/commons-logging-1.2.jar:/opt/hadoop/share/ozone/lib/kerby-xdr-1.0.1.jar:/opt/hadoop/share/ozone/lib/jetty-server-9.4.26.v20200117.jar:/opt/hadoop/share/ozone/lib/opentracing-tracerresolver-0.1.8.jar:/opt/hadoop/share/ozone/lib/commons-net-3.6.jar:/opt/hadoop/share/ozone/lib/log4j-api-2.11.0.jar:/opt/hadoop/share/ozone/lib/jaeger-core-1.2.0.jar:/opt/hadoop/share/ozone/lib/error_prone_annotations-2.2.0.jar:/opt/hadoop/share/ozone/lib/ratis-thirdparty-misc-0.4.0.jar:/opt/hadoop/share/ozone/lib/slf4j-log4j12-1.7.25.jar:/opt/hadoop/share/ozone/lib/okio-2.2.2.jar:/opt/hadoop/share/ozone/lib/kerby-config-1.0.1.jar:/opt/hadoop/share/ozone/lib/hadoop-ozone-client-0.6.0-SNAPSHOT.jar:/opt/hadoop/share/ozone/lib/jetty-util-ajax-9.4.26.v20200117.jar:/opt/hadoop/share/ozone/lib/metrics-core-3.2.4.jar:/opt/hadoop/share/ozone/lib/guava-28.2-jre.jar:/opt/hadoop/share/ozone/lib/kerby-pkix-1.0.1.jar:/opt/hadoop/share/ozone/lib/xz-1.0.jar:/opt/hadoop/share/ozone/lib/jetty-servlet-9.4.26.v20200117.jar:/opt/hadoop/share/ozone/lib/jsr311-api-1.1.1.jar:/opt/hadoop/share/ozone/lib/commons-beanutils-1.9.4.jar:/opt/hadoop/share/ozone/lib/jetty-security-9.4.26.v20200117.jar:/opt/hadoop/share/ozone/lib/javax.servlet-api-3.1.0.jar:/opt/hadoop/share/ozone/lib/kerb-server-1.0.1.jar:/opt/hadoop/share/ozone/lib/kerb-client-1.0.1.jar:/opt/hadoop/share/ozone/lib/disruptor-3.4.2.jar:/opt/hadoop/share/ozone/lib/ratis-client-0.6.0-6ab75ae-SNAPSHOT.jar:/opt/hadoop/share/ozone/lib/libthrift-0.13.0.jar:/opt/hadoop/share/ozone/lib/hadoop-hdds-docs-0.6.0-SNAPSHOT.jar:/opt/hadoop/share/ozone/lib/annotations-13.0.jar:/opt/hadoop/share/ozone/lib/simpleclient_common-0.7.0.jar:/opt/hadoop/share/ozone/lib/dnsjava-2.1.7.jar:/opt/hadoop/share/ozone/lib/hadoop-hdds-interface-admin-0.6.0-SNAPSHOT.jar:/opt/hadoop/share/ozone/lib/jackson-annotations-2.10.3.jar:/opt/hadoop/share/ozone/lib/commons-configuration2-2.1.1.jar:/opt/hadoop/share/ozone/lib/ratis-netty-0.6.0-6ab75ae-SNAPSHOT.jar:/opt/hadoop/share/ozone/lib/json-smart-2.3.jar:/opt/hadoop/share/ozone/lib/token-provider-1.0.1.jar:/opt/hadoop/share/ozone/lib/log4j-1.2.17.jar:/opt/hadoop/share/ozone/lib/commons-daemon-1.0.13.jar:/opt/hadoop/share/ozone/lib/listenablefuture-9999.0-empty-to-avoid-conflict-with-guava.jar:/opt/hadoop/share/ozone/lib/bcprov-jdk15on-1.60.jar:/opt/hadoop/share/ozone/lib/hadoop-hdfs-client-3.2.1.jar:/opt/hadoop/share/ozone/lib/jetty-webapp-9.4.26.v20200117.jar:/opt/hadoop/share/ozone/lib/commons-lang3-3.7.jar:/opt/hadoop/share/ozone/lib/commons-compress-1.4.1.jar:/opt/hadoop/share/ozone/lib/accessors-smart-1.2.jar:/opt/hadoop/share/ozone/lib/re2j-1.1.jar:/opt/hadoop/share/ozone/lib/hadoop-hdfs-3.2.1.jar:/opt/hadoop/share/ozone/lib/commons-math3-3.1.1.jar:/opt/hadoop/share/ozone/lib/simpleclient_dropwizard-0.7.0.jar:/opt/hadoop/share/ozone/lib/simpleclient-0.7.0.jar:/opt/hadoop/share/ozone/lib/hadoop-common-3.2.1.jar:/opt/hadoop/share/ozone/lib/httpclient-4.5.2.jar:/opt/hadoop/share/ozone/lib/rocksdbjni-6.8.1.jar:/opt/hadoop/share/ozone/lib/asm-5.0.4.jar:/opt/hadoop/share/ozone/lib/kerby-util-1.0.1.jar:/opt/hadoop/share/ozone/lib/failureaccess-1.0.1.jar:/opt/hadoop/share/ozone/lib/ratis-grpc-0.6.0-6ab75ae-SNAPSHOT.jar:/opt/hadoop/share/ozone/lib/jsp-api-2.1.jar:/opt/hadoop/share/ozone/lib/jsch-0.1.54.jar:/opt/hadoop/share/ozone/lib/log4j-core-2.11.0.jar:/opt/hadoop/share/ozone/lib/nimbus-jose-jwt-7.9.jar:/opt/hadoop/share/ozone/lib/kotlin-stdlib-1.3.50.jar:/opt/hadoop/share/ozone/lib/commons-codec-1.11.jar:/opt/hadoop/share/ozone/lib/commons-pool2-2.6.0.jar:/opt/hadoop/share/ozone/lib/jackson-datatype-jsr310-2.10.3.jar:/opt/hadoop/share/ozone/lib/gson-2.2.4.jar:/opt/hadoop/share/ozone/lib/opentracing-api-0.33.0.jar:/opt/hadoop/share/ozone/lib/jcip-annotations-1.0-1.jar:/opt/hadoop/share/ozone/lib/kerb-admin-1.0.1.jar:/opt/hadoop/share/ozone/lib/commons-io-2.5.jar:/opt/hadoop/share/ozone/lib/snakeyaml-1.16.jar:/opt/hadoop/share/ozone/lib/opentracing-noop-0.33.0.jar:/opt/hadoop/share/ozone/lib/jetty-util-9.4.26.v20200117.jar:/opt/hadoop/share/ozone/lib/hadoop-hdds-hadoop-dependency-client-0.6.0-SNAPSHOT.jar:/opt/hadoop/share/ozone/lib/jersey-core-1.19.jar:/opt/hadoop/share/ozone/lib/checker-qual-2.10.0.jar:/opt/hadoop/share/ozone/lib/hadoop-hdds-server-framework-0.6.0-SNAPSHOT.jar:/opt/hadoop/share/ozone/lib/ratis-metrics-0.6.0-6ab75ae-SNAPSHOT.jar:/opt/hadoop/share/ozone/lib/ratis-server-0.6.0-6ab75ae-SNAPSHOT.jar:/opt/hadoop/share/ozone/lib/opentracing-util-0.33.0.jar:/opt/hadoop/share/ozone/lib/picocli-3.9.6.jar:/opt/hadoop/share/ozone/lib/hadoop-hdds-interface-server-0.6.0-SNAPSHOT.jar:/opt/hadoop/share/ozone/lib/hadoop-hdds-common-0.6.0-SNAPSHOT.jar:/opt/hadoop/share/ozone/lib/hadoop-ozone-interface-client-0.6.0-SNAPSHOT.jar:/opt/hadoop/share/ozone/lib/commons-cli-1.2.jar:/opt/hadoop/share/ozone/lib/woodstox-core-5.0.3.jar:/opt/hadoop/share/ozone/lib/javax.annotation-api-1.2.jar:/opt/hadoop/share/ozone/lib/hadoop-ozone-common-0.6.0-SNAPSHOT.jar:/opt/hadoop/share/ozone/lib/netty-all-4.1.48.Final.jar:/opt/hadoop/share/ozone/lib/kerby-asn1-1.0.1.jar:/opt/hadoop/share/ozone/lib/hadoop-hdds-config-0.6.0-SNAPSHOT.jar:/opt/hadoop/share/ozone/lib/stax2-api-3.1.4.jar:/opt/hadoop/share/ozone/lib/commons-digester-1.8.1.jar:/opt/hadoop/share/ozone/lib/commons-collections-3.2.2.jar:/opt/hadoop/share/ozone/lib/jettison-1.1.jar:/opt/hadoop/share/ozone/lib/jackson-core-2.10.3.jar:/opt/hadoop/share/ozone/lib/commons-text-1.4.jar:/opt/hadoop/share/ozone/lib/jersey-servlet-1.19.jar:/opt/hadoop/share/ozone/lib/jersey-json-1.19.jar:/opt/hadoop/share/ozone/lib/slf4j-api-1.7.25.jar:/opt/hadoop/share/ozone/lib/kerb-identity-1.0.1.jar:/opt/hadoop/share/ozone/lib/hadoop-hdds-hadoop-dependency-server-0.6.0-SNAPSHOT.jar:/opt/hadoop/share/ozone/lib/jaeger-client-1.2.0.jar:/opt/hadoop/share/ozone/lib/kerb-common-1.0.1.jar:/opt/hadoop/share/ozone/lib/hadoop-hdds-interface-client-0.6.0-SNAPSHOT.jar:/opt/hadoop/share/ozone/lib/jersey-server-1.19.jar:/opt/hadoop/share/ozone/lib/ratis-common-0.6.0-6ab75ae-SNAPSHOT.jar:/opt/hadoop/share/ozone/lib/kerb-crypto-1.0.1.jar:/opt/hadoop/share/ozone/lib/hadoop-annotations-3.2.1.jar:/opt/hadoop/share/ozone/lib/httpcore-4.4.4.jar:/opt/hadoop/share/ozone/web:/opt/hadoop/share/ozone/lib/hadoop-ozone-ozone-manager-0.6.0-SNAPSHOT.jar
scm_1       | 2020-07-15 06:51:16,743 [main] INFO safemode.OneReplicaPipelineSafeModeRule: Total pipeline count is 0, pipeline's with at least one datanode reported threshold count is 0
datanode_2  | 2020-07-15 06:51:13,850 [org.apache.hadoop.util.JvmPauseMonitor$Monitor@4bd6160a] INFO util.JvmPauseMonitor: Starting JVM pause monitor
om_1        | STARTUP_MSG:   build = https://github.com/apache/hadoop-ozone.git/10686014b98a01c30f54614e172f57ab99c48c5b ; compiled by 'runner' on 2020-07-15T06:42Z
scm_1       | 2020-07-15 06:51:16,793 [RatisPipelineUtilsThread] ERROR pipeline.SCMPipelineManager: Failed to create pipeline of type RATIS and factor ONE. Exception: Cannot create pipeline of factor 1 using 0 nodes. Used 0 nodes. Healthy nodes 0
datanode_2  | 2020-07-15 06:51:14,527 [Datanode State Machine Thread - 0] INFO datanode.InitDatanodeState: DatanodeDetails is persisted to /data/datanode.id
om_1        | STARTUP_MSG:   java = 11.0.6
scm_1       | 2020-07-15 06:51:17,619 [main] INFO ipc.CallQueueManager: Using callQueue: class java.util.concurrent.LinkedBlockingQueue, queueCapacity: 10000, scheduler: class org.apache.hadoop.ipc.DefaultRpcScheduler, ipcBackoff: false.
datanode_2  | 2020-07-15 06:51:17,032 [Datanode State Machine Thread - 0] INFO ipc.Client: Retrying connect to server: scm/172.18.0.5:9861. Already tried 0 time(s); retry policy is RetryUpToMaximumCountWithFixedSleep(maxRetries=2147483647, sleepTime=1000 MILLISECONDS)
om_1        | ************************************************************/
scm_1       | 2020-07-15 06:51:17,639 [Socket Reader #1 for port 9861] INFO ipc.Server: Starting Socket Reader #1 for port 9861
datanode_2  | 2020-07-15 06:51:18,033 [Datanode State Machine Thread - 0] INFO ipc.Client: Retrying connect to server: scm/172.18.0.5:9861. Already tried 1 time(s); retry policy is RetryUpToMaximumCountWithFixedSleep(maxRetries=2147483647, sleepTime=1000 MILLISECONDS)
om_1        | 2020-07-15 06:51:21,722 [main] INFO om.OzoneManagerStarter: registered UNIX signal handlers for [TERM, HUP, INT]
scm_1       | 2020-07-15 06:51:17,662 [Listener at 0.0.0.0/9861] INFO ipc.CallQueueManager: Using callQueue: class java.util.concurrent.LinkedBlockingQueue, queueCapacity: 10000, scheduler: class org.apache.hadoop.ipc.DefaultRpcScheduler, ipcBackoff: false.
datanode_2  | 2020-07-15 06:51:19,112 [Datanode State Machine Thread - 0] INFO ozoneimpl.OzoneContainer: Attempting to start container services.
om_1        | 2020-07-15 06:51:22,730 [main] INFO ha.OMHANodeDetails: ozone.om.internal.service.id is not defined, falling back to ozone.om.service.ids to find serviceID for OzoneManager if it is HA enabled cluster
scm_1       | 2020-07-15 06:51:17,665 [Socket Reader #1 for port 9863] INFO ipc.Server: Starting Socket Reader #1 for port 9863
datanode_2  | 2020-07-15 06:51:19,113 [Datanode State Machine Thread - 0] INFO ozoneimpl.OzoneContainer: Background container scanner has been disabled.
om_1        | 2020-07-15 06:51:22,843 [main] INFO ha.OMHANodeDetails: Configuration either no ozone.om.address set. Falling back to the default OM address om/172.18.0.4:9862
scm_1       | 2020-07-15 06:51:17,680 [Listener at 0.0.0.0/9863] INFO ipc.CallQueueManager: Using callQueue: class java.util.concurrent.LinkedBlockingQueue, queueCapacity: 10000, scheduler: class org.apache.hadoop.ipc.DefaultRpcScheduler, ipcBackoff: false.
datanode_2  | 2020-07-15 06:51:19,119 [Datanode State Machine Thread - 0] INFO ratis.XceiverServerRatis: Starting XceiverServerRatis 08b8b98c-099b-4d34-8806-21f0b09b90a6 at port 9858
om_1        | 2020-07-15 06:51:22,843 [main] INFO ha.OMHANodeDetails: OM Service ID is not set. Setting it to the default ID: omServiceIdDefault
scm_1       | 2020-07-15 06:51:17,681 [Socket Reader #1 for port 9860] INFO ipc.Server: Starting Socket Reader #1 for port 9860
datanode_2  | 2020-07-15 06:51:19,179 [Datanode State Machine Thread - 0] INFO impl.RaftServerProxy: 08b8b98c-099b-4d34-8806-21f0b09b90a6: start RPC server
om_1        | 2020-07-15 06:51:23,156 [main] WARN server.ServerUtils: ozone.om.db.dirs is not configured. We recommend adding this setting. Falling back to ozone.metadata.dirs instead.
scm_1       | 2020-07-15 06:51:17,700 [Listener at 0.0.0.0/9860] INFO http.BaseHttpServer: Starting Web-server for scm at: http://0.0.0.0:9876
om_1        | 2020-07-15 06:51:23,288 [main] WARN server.ServerUtils: ozone.om.db.dirs is not configured. We recommend adding this setting. Falling back to ozone.metadata.dirs instead.
datanode_2  | 2020-07-15 06:51:19,410 [Datanode State Machine Thread - 0] INFO server.GrpcService: 08b8b98c-099b-4d34-8806-21f0b09b90a6: GrpcService started, listening on 0.0.0.0/0.0.0.0:9858
scm_1       | 2020-07-15 06:51:17,701 [Listener at 0.0.0.0/9860] INFO http.BaseHttpServer: Hadoop Security Enabled: false Ozone Security Enabled: false Ozone HTTP Security Enabled: false 
om_1        | 2020-07-15 06:51:27,426 [main] WARN server.ServerUtils: ozone.om.db.dirs is not configured. We recommend adding this setting. Falling back to ozone.metadata.dirs instead.
datanode_2  | 2020-07-15 06:51:23,170 [Command processor thread] INFO impl.RaftServerProxy: 08b8b98c-099b-4d34-8806-21f0b09b90a6: addNew group-8347E105C001:[08b8b98c-099b-4d34-8806-21f0b09b90a6:172.18.0.6:9858] returns group-8347E105C001:java.util.concurrent.CompletableFuture@4cd89a23[Not completed]
scm_1       | 2020-07-15 06:51:17,721 [Listener at 0.0.0.0/9860] INFO util.log: Logging initialized @13591ms to org.eclipse.jetty.util.log.Slf4jLog
om_1        | 2020-07-15 06:51:28,012 [main] INFO ipc.CallQueueManager: Using callQueue: class java.util.concurrent.LinkedBlockingQueue, queueCapacity: 10000, scheduler: class org.apache.hadoop.ipc.DefaultRpcScheduler, ipcBackoff: false.
datanode_2  | 2020-07-15 06:51:23,361 [pool-19-thread-1] INFO impl.RaftServerImpl: 08b8b98c-099b-4d34-8806-21f0b09b90a6: new RaftServerImpl for group-8347E105C001:[08b8b98c-099b-4d34-8806-21f0b09b90a6:172.18.0.6:9858] with ContainerStateMachine:uninitialized
scm_1       | 2020-07-15 06:51:17,797 [Listener at 0.0.0.0/9860] INFO server.AuthenticationFilter: Unable to initialize FileSignerSecretProvider, falling back to use random secrets.
om_1        | 2020-07-15 06:51:28,022 [Socket Reader #1 for port 9862] INFO ipc.Server: Starting Socket Reader #1 for port 9862
datanode_2  | 2020-07-15 06:51:23,367 [pool-19-thread-1] INFO server.RaftServerConfigKeys: raft.server.rpc.timeout.min = 5s (custom)
scm_1       | 2020-07-15 06:51:17,808 [Listener at 0.0.0.0/9860] INFO http.HttpRequestLog: Http request log for http.requests.scm is not defined
om_1        | 2020-07-15 06:51:28,204 [Listener at om/9862] INFO impl.MetricsConfig: Loaded properties from hadoop-metrics2.properties
datanode_2  | 2020-07-15 06:51:23,376 [pool-19-thread-1] INFO server.RaftServerConfigKeys: raft.server.rpc.timeout.max = 5200ms (custom)
scm_1       | 2020-07-15 06:51:17,813 [Listener at 0.0.0.0/9860] INFO http.HttpServer2: Added global filter 'safety' (class=org.apache.hadoop.hdds.server.http.HttpServer2$QuotingInputFilter)
om_1        | 2020-07-15 06:51:28,306 [Listener at om/9862] INFO impl.MetricsSystemImpl: Scheduled Metric snapshot period at 10 second(s).
datanode_2  | 2020-07-15 06:51:23,387 [pool-19-thread-1] INFO server.RaftServerConfigKeys: raft.server.rpcslowness.timeout = 300s (custom)
scm_1       | 2020-07-15 06:51:17,814 [Listener at 0.0.0.0/9860] INFO http.HttpServer2: Added filter static_user_filter (class=org.apache.hadoop.http.lib.StaticUserWebFilter$StaticUserFilter) to context scm
om_1        | 2020-07-15 06:51:28,306 [Listener at om/9862] INFO impl.MetricsSystemImpl: OzoneManager metrics system started
datanode_2  | 2020-07-15 06:51:23,387 [pool-19-thread-1] INFO server.RaftServerConfigKeys: raft.server.sleep.deviation.threshold = 300 (default)
scm_1       | 2020-07-15 06:51:17,814 [Listener at 0.0.0.0/9860] INFO http.HttpServer2: Added filter static_user_filter (class=org.apache.hadoop.http.lib.StaticUserWebFilter$StaticUserFilter) to context logs
om_1        | 2020-07-15 06:51:28,366 [Listener at om/9862] INFO om.OzoneManager: OzoneManager RPC server is listening at om/172.18.0.4:9862
datanode_2  | 2020-07-15 06:51:23,388 [pool-19-thread-1] INFO server.RaftServerConfigKeys: raft.server.log.appender.install.snapshot.enabled = false (custom)
scm_1       | 2020-07-15 06:51:17,814 [Listener at 0.0.0.0/9860] INFO http.HttpServer2: Added filter static_user_filter (class=org.apache.hadoop.http.lib.StaticUserWebFilter$StaticUserFilter) to context static
om_1        | 2020-07-15 06:51:28,406 [IPC Server Responder] INFO ipc.Server: IPC Server Responder: starting
datanode_2  | 2020-07-15 06:51:23,440 [pool-19-thread-1] INFO impl.RaftServerImpl: 08b8b98c-099b-4d34-8806-21f0b09b90a6@group-8347E105C001: ConfigurationManager, init=-1: [08b8b98c-099b-4d34-8806-21f0b09b90a6:172.18.0.6:9858], old=null, confs=<EMPTY_MAP>
scm_1       | 2020-07-15 06:51:17,856 [Listener at 0.0.0.0/9860] INFO server.StorageContainerManager: StorageContainerLocationProtocol RPC server is listening at /0.0.0.0:9860
om_1        | 2020-07-15 06:51:28,406 [IPC Server listener on 9862] INFO ipc.Server: IPC Server listener on 9862: starting
datanode_2  | 2020-07-15 06:51:23,446 [pool-19-thread-1] INFO server.RaftServerConfigKeys: raft.server.storage.dir = [/data/metadata/ratis] (custom)
scm_1       | 2020-07-15 06:51:17,974 [Listener at 0.0.0.0/9860] INFO impl.MetricsConfig: Loaded properties from hadoop-metrics2.properties
om_1        | 2020-07-15 06:51:28,630 [Listener at om/9862] INFO http.BaseHttpServer: Starting Web-server for ozoneManager at: http://0.0.0.0:9874
datanode_2  | 2020-07-15 06:51:23,460 [pool-19-thread-1] INFO server.RaftServerConfigKeys: raft.server.log.corruption.policy = EXCEPTION (default)
scm_1       | 2020-07-15 06:51:18,004 [Listener at 0.0.0.0/9860] INFO impl.MetricsSystemImpl: Scheduled Metric snapshot period at 10 second(s).
om_1        | 2020-07-15 06:51:28,630 [Listener at om/9862] INFO http.BaseHttpServer: Hadoop Security Enabled: false Ozone Security Enabled: false Ozone HTTP Security Enabled: false 
datanode_2  | 2020-07-15 06:51:23,462 [pool-19-thread-1] INFO storage.RaftStorageDirectory: The storage directory /data/metadata/ratis/b6dd2f0c-bf25-4da1-bfa6-8347e105c001 does not exist. Creating ...
scm_1       | 2020-07-15 06:51:18,004 [Listener at 0.0.0.0/9860] INFO impl.MetricsSystemImpl: StorageContainerManager metrics system started
om_1        | 2020-07-15 06:51:28,672 [Listener at om/9862] INFO util.log: Logging initialized @9189ms to org.eclipse.jetty.util.log.Slf4jLog
datanode_2  | 2020-07-15 06:51:23,476 [pool-19-thread-1] INFO storage.RaftStorageDirectory: Lock on /data/metadata/ratis/b6dd2f0c-bf25-4da1-bfa6-8347e105c001/in_use.lock acquired by nodename 7@c51ca2bc3b1c
scm_1       | 2020-07-15 06:51:18,252 [Listener at 0.0.0.0/9860] INFO server.SCMClientProtocolServer: RPC server for Client  is listening at /0.0.0.0:9860
om_1        | 2020-07-15 06:51:29,021 [Listener at om/9862] INFO server.AuthenticationFilter: Unable to initialize FileSignerSecretProvider, falling back to use random secrets.
datanode_2  | 2020-07-15 06:51:23,485 [pool-19-thread-1] INFO storage.RaftStorage: Storage directory /data/metadata/ratis/b6dd2f0c-bf25-4da1-bfa6-8347e105c001 has been successfully formatted.
scm_1       | 2020-07-15 06:51:18,257 [IPC Server Responder] INFO ipc.Server: IPC Server Responder: starting
om_1        | 2020-07-15 06:51:29,096 [Listener at om/9862] INFO http.HttpRequestLog: Http request log for http.requests.ozoneManager is not defined
datanode_2  | 2020-07-15 06:51:23,514 [pool-19-thread-1] INFO ratis.ContainerStateMachine: group-8347E105C001: The snapshot info is null. Setting the last applied indexto:(t:0, i:~)
scm_1       | 2020-07-15 06:51:18,260 [IPC Server listener on 9860] INFO ipc.Server: IPC Server listener on 9860: starting
om_1        | 2020-07-15 06:51:29,108 [Listener at om/9862] INFO http.HttpServer2: Added global filter 'safety' (class=org.apache.hadoop.hdds.server.http.HttpServer2$QuotingInputFilter)
datanode_2  | 2020-07-15 06:51:23,515 [pool-19-thread-1] INFO server.RaftServerConfigKeys: raft.server.notification.no-leader.timeout = 60s (default)
scm_1       | 2020-07-15 06:51:18,357 [Listener at 0.0.0.0/9860] INFO server.StorageContainerManager: ScmBlockLocationProtocol RPC server is listening at /0.0.0.0:9863
om_1        | 2020-07-15 06:51:29,129 [Listener at om/9862] INFO http.HttpServer2: Added filter static_user_filter (class=org.apache.hadoop.http.lib.StaticUserWebFilter$StaticUserFilter) to context ozoneManager
datanode_2  | 2020-07-15 06:51:23,522 [pool-19-thread-1] INFO server.RaftServerConfigKeys: raft.server.log.use.memory = false (default)
datanode_2  | 2020-07-15 06:51:23,552 [pool-19-thread-1] INFO server.RaftServerConfigKeys: raft.server.log.purge.gap = 1000000 (custom)
datanode_2  | 2020-07-15 06:51:23,557 [pool-19-thread-1] INFO server.RaftServerConfigKeys: raft.server.log.appender.buffer.byte-limit = 33554432 (custom)
scm_1       | 2020-07-15 06:51:18,358 [Listener at 0.0.0.0/9860] INFO server.SCMBlockProtocolServer: RPC server for Block Protocol is listening at /0.0.0.0:9863
om_1        | 2020-07-15 06:51:29,129 [Listener at om/9862] INFO http.HttpServer2: Added filter static_user_filter (class=org.apache.hadoop.http.lib.StaticUserWebFilter$StaticUserFilter) to context logs
datanode_2  | 2020-07-15 06:51:23,560 [pool-19-thread-1] INFO server.RaftServerConfigKeys: raft.server.log.segment.size.max = 1048576 (custom)
scm_1       | 2020-07-15 06:51:18,363 [IPC Server Responder] INFO ipc.Server: IPC Server Responder: starting
om_1        | 2020-07-15 06:51:29,129 [Listener at om/9862] INFO http.HttpServer2: Added filter static_user_filter (class=org.apache.hadoop.http.lib.StaticUserWebFilter$StaticUserFilter) to context static
datanode_2  | 2020-07-15 06:51:23,600 [pool-19-thread-1] INFO metrics.RatisMetrics: Creating Metrics Registry : ratis.log_worker.08b8b98c-099b-4d34-8806-21f0b09b90a6@group-8347E105C001
scm_1       | 2020-07-15 06:51:18,364 [IPC Server listener on 9863] INFO ipc.Server: IPC Server listener on 9863: starting
om_1        | 2020-07-15 06:51:29,238 [Listener at om/9862] INFO http.HttpServer2: Jetty bound to port 9874
datanode_2  | 2020-07-15 06:51:23,651 [pool-19-thread-1] INFO server.RaftServerConfigKeys: raft.server.log.segment.cache.num.max = 2 (custom)
om_1        | 2020-07-15 06:51:29,243 [Listener at om/9862] INFO server.Server: jetty-9.4.26.v20200117; built: 2020-01-17T12:35:33.676Z; git: 7b38981d25d14afb4a12ff1f2596756144edf695; jvm 11.0.6+10-LTS
scm_1       | 2020-07-15 06:51:18,405 [Listener at 0.0.0.0/9860] INFO server.StorageContainerManager: ScmDatanodeProtocl RPC server is listening at /0.0.0.0:9861
datanode_2  | 2020-07-15 06:51:23,668 [pool-19-thread-1] INFO segmented.SegmentedRaftLogWorker: new 08b8b98c-099b-4d34-8806-21f0b09b90a6@group-8347E105C001-SegmentedRaftLogWorker for RaftStorage:Storage Directory /data/metadata/ratis/b6dd2f0c-bf25-4da1-bfa6-8347e105c001
om_1        | 2020-07-15 06:51:29,402 [Listener at om/9862] INFO server.session: DefaultSessionIdManager workerName=node0
scm_1       | 2020-07-15 06:51:18,405 [Listener at 0.0.0.0/9860] INFO server.SCMDatanodeProtocolServer: RPC server for DataNodes is listening at /0.0.0.0:9861
datanode_2  | 2020-07-15 06:51:23,696 [pool-19-thread-1] INFO server.RaftServerConfigKeys: raft.server.log.queue.byte-limit = 2147483647 (custom)
om_1        | 2020-07-15 06:51:29,417 [Listener at om/9862] INFO server.session: No SessionScavenger set, using defaults
scm_1       | 2020-07-15 06:51:18,409 [IPC Server Responder] INFO ipc.Server: IPC Server Responder: starting
datanode_2  | 2020-07-15 06:51:23,698 [pool-19-thread-1] INFO server.RaftServerConfigKeys: raft.server.log.queue.element-limit = 1024 (custom)
om_1        | 2020-07-15 06:51:29,434 [Listener at om/9862] INFO server.session: node0 Scavenging every 600000ms
scm_1       | 2020-07-15 06:51:18,410 [IPC Server listener on 9861] INFO ipc.Server: IPC Server listener on 9861: starting
datanode_2  | 2020-07-15 06:51:23,704 [pool-19-thread-1] INFO server.RaftServerConfigKeys: raft.server.log.segment.size.max = 1048576 (custom)
om_1        | 2020-07-15 06:51:29,500 [Listener at om/9862] INFO handler.ContextHandler: Started o.e.j.s.ServletContextHandler@18dbc1b{logs,/logs,file:///var/log/hadoop/,AVAILABLE}
scm_1       | 2020-07-15 06:51:18,549 [Listener at 0.0.0.0/9860] INFO http.HttpServer2: Jetty bound to port 9876
datanode_2  | 2020-07-15 06:51:23,706 [pool-19-thread-1] INFO server.RaftServerConfigKeys: raft.server.log.preallocated.size = 16384 (custom)
om_1        | 2020-07-15 06:51:29,501 [Listener at om/9862] INFO handler.ContextHandler: Started o.e.j.s.ServletContextHandler@66dd04e2{static,/static,jar:file:/opt/hadoop/share/ozone/lib/hadoop-ozone-ozone-manager-0.6.0-SNAPSHOT.jar!/webapps/static,AVAILABLE}
scm_1       | 2020-07-15 06:51:18,561 [Listener at 0.0.0.0/9860] INFO server.Server: jetty-9.4.26.v20200117; built: 2020-01-17T12:35:33.676Z; git: 7b38981d25d14afb4a12ff1f2596756144edf695; jvm 11.0.6+10-LTS
datanode_2  | 2020-07-15 06:51:23,707 [pool-19-thread-1] INFO server.RaftServerConfigKeys: raft.server.log.write.buffer.size = 1048576 (custom)
om_1        | 2020-07-15 06:51:30,176 [Listener at om/9862] INFO handler.ContextHandler: Started o.e.j.w.WebAppContext@57ed02e6{ozoneManager,/,file:///tmp/jetty-0_0_0_0-9874-hadoop-ozone-ozone-manager-0_6_0-SNAPSHOT_jar-_-any-11631152887048594919.dir/webapp/,AVAILABLE}{jar:file:/opt/hadoop/share/ozone/lib/hadoop-ozone-ozone-manager-0.6.0-SNAPSHOT.jar!/webapps/ozoneManager}
scm_1       | 2020-07-15 06:51:18,653 [Listener at 0.0.0.0/9860] INFO server.session: DefaultSessionIdManager workerName=node0
datanode_2  | 2020-07-15 06:51:23,708 [pool-19-thread-1] INFO server.RaftServerConfigKeys: raft.server.log.force.sync.num = 128 (default)
om_1        | 2020-07-15 06:51:30,220 [Listener at om/9862] INFO server.AbstractConnector: Started ServerConnector@1534bdc6{HTTP/1.1,[http/1.1]}{0.0.0.0:9874}
scm_1       | 2020-07-15 06:51:18,654 [Listener at 0.0.0.0/9860] INFO server.session: No SessionScavenger set, using defaults
datanode_2  | 2020-07-15 06:51:23,726 [pool-19-thread-1] INFO server.RaftServerConfigKeys: raft.server.log.statemachine.data.sync = true (default)
om_1        | 2020-07-15 06:51:30,229 [Listener at om/9862] INFO server.Server: Started @10746ms
scm_1       | 2020-07-15 06:51:18,655 [Listener at 0.0.0.0/9860] INFO server.session: node0 Scavenging every 660000ms
datanode_2  | 2020-07-15 06:51:23,729 [pool-19-thread-1] INFO server.RaftServerConfigKeys: raft.server.log.statemachine.data.sync.timeout = 10s (default)
om_1        | 2020-07-15 06:51:30,241 [Listener at om/9862] INFO impl.MetricsSinkAdapter: Sink prometheus started
scm_1       | 2020-07-15 06:51:18,694 [Listener at 0.0.0.0/9860] INFO handler.ContextHandler: Started o.e.j.s.ServletContextHandler@40bd0f8{logs,/logs,file:///var/log/hadoop/,AVAILABLE}
datanode_2  | 2020-07-15 06:51:23,730 [pool-19-thread-1] INFO server.RaftServerConfigKeys: raft.server.log.statemachine.data.sync.timeout.retry = -1 (default)
om_1        | 2020-07-15 06:51:30,241 [Listener at om/9862] INFO impl.MetricsSystemImpl: Registered sink prometheus
scm_1       | 2020-07-15 06:51:18,695 [Listener at 0.0.0.0/9860] INFO handler.ContextHandler: Started o.e.j.s.ServletContextHandler@49c1e294{static,/static,jar:file:/opt/hadoop/share/ozone/lib/hadoop-hdds-server-scm-0.6.0-SNAPSHOT.jar!/webapps/static,AVAILABLE}
datanode_2  | 2020-07-15 06:51:23,788 [pool-19-thread-1] INFO server.RaftServerConfigKeys: raft.server.log.statemachine.data.caching.enabled = true (custom)
om_1        | 2020-07-15 06:51:30,247 [Listener at om/9862] INFO http.BaseHttpServer: HTTP server of ozoneManager listening at http://0.0.0.0:9874
scm_1       | 2020-07-15 06:51:19,294 [Listener at 0.0.0.0/9860] INFO handler.ContextHandler: Started o.e.j.w.WebAppContext@5b3518e1{scm,/,file:///tmp/jetty-0_0_0_0-9876-hadoop-hdds-server-scm-0_6_0-SNAPSHOT_jar-_-any-6088017916482301542.dir/webapp/,AVAILABLE}{jar:file:/opt/hadoop/share/ozone/lib/hadoop-hdds-server-scm-0.6.0-SNAPSHOT.jar!/webapps/scm}
datanode_2  | 2020-07-15 06:51:23,845 [pool-19-thread-1] INFO segmented.SegmentedRaftLogWorker: 08b8b98c-099b-4d34-8806-21f0b09b90a6@group-8347E105C001-SegmentedRaftLogWorker: flushIndex: setUnconditionally 0 -> -1
om_1        | 2020-07-15 06:51:30,272 [org.apache.hadoop.util.JvmPauseMonitor$Monitor@395197cb] INFO util.JvmPauseMonitor: Starting JVM pause monitor
scm_1       | 2020-07-15 06:51:19,334 [Listener at 0.0.0.0/9860] INFO server.AbstractConnector: Started ServerConnector@73a845cb{HTTP/1.1,[http/1.1]}{0.0.0.0:9876}
datanode_2  | 2020-07-15 06:51:23,861 [pool-19-thread-1] INFO segmented.SegmentedRaftLogWorker: 08b8b98c-099b-4d34-8806-21f0b09b90a6@group-8347E105C001-SegmentedRaftLogWorker: safeCacheEvictIndex: setUnconditionally 0 -> -1
scm_1       | 2020-07-15 06:51:19,334 [Listener at 0.0.0.0/9860] INFO server.Server: Started @15204ms
datanode_2  | 2020-07-15 06:51:23,875 [pool-19-thread-1] INFO server.RaftServerConfigKeys: raft.server.snapshot.auto.trigger.enabled = true (custom)
datanode_2  | 2020-07-15 06:51:23,878 [pool-19-thread-1] INFO server.RaftServerConfigKeys: raft.server.snapshot.auto.trigger.threshold = 10000 (custom)
datanode_2  | 2020-07-15 06:51:23,893 [pool-19-thread-1] INFO server.RaftServerConfigKeys: raft.server.snapshot.retention.file.num = 5 (custom)
datanode_2  | 2020-07-15 06:51:23,894 [pool-19-thread-1] INFO server.RaftServerConfigKeys: raft.server.log.purge.upto.snapshot.index = false (default)
datanode_2  | 2020-07-15 06:51:23,894 [pool-19-thread-1] INFO server.RaftServerConfigKeys: raft.server.retrycache.expirytime = 600000ms (custom)
datanode_2  | 2020-07-15 06:51:24,072 [pool-19-thread-1] INFO metrics.RatisMetrics: Creating Metrics Registry : ratis.leader_election.08b8b98c-099b-4d34-8806-21f0b09b90a6@group-8347E105C001
datanode_2  | 2020-07-15 06:51:24,127 [pool-19-thread-1] INFO metrics.RatisMetrics: Creating Metrics Registry : ratis.server.08b8b98c-099b-4d34-8806-21f0b09b90a6@group-8347E105C001
datanode_2  | 2020-07-15 06:51:24,144 [pool-19-thread-1] INFO impl.RaftServerImpl: 08b8b98c-099b-4d34-8806-21f0b09b90a6@group-8347E105C001: start as a follower, conf=-1: [08b8b98c-099b-4d34-8806-21f0b09b90a6:172.18.0.6:9858], old=null
datanode_2  | 2020-07-15 06:51:24,151 [pool-19-thread-1] INFO impl.RaftServerImpl: 08b8b98c-099b-4d34-8806-21f0b09b90a6@group-8347E105C001: changes role from      null to FOLLOWER at term 0 for startAsFollower
datanode_2  | 2020-07-15 06:51:24,179 [pool-19-thread-1] INFO impl.RoleInfo: 08b8b98c-099b-4d34-8806-21f0b09b90a6: start FollowerState
scm_1       | 2020-07-15 06:51:19,477 [Listener at 0.0.0.0/9860] INFO impl.MetricsSinkAdapter: Sink prometheus started
datanode_2  | 2020-07-15 06:51:24,190 [pool-19-thread-1] INFO util.JmxRegister: Successfully registered JMX Bean with object name Ratis:service=RaftServer,group=group-8347E105C001,id=08b8b98c-099b-4d34-8806-21f0b09b90a6
scm_1       | 2020-07-15 06:51:19,478 [Listener at 0.0.0.0/9860] INFO impl.MetricsSystemImpl: Registered sink prometheus
datanode_2  | 2020-07-15 06:51:24,192 [pool-19-thread-1] INFO metrics.RatisMetrics: Creating Metrics Registry : ratis.state_machine.08b8b98c-099b-4d34-8806-21f0b09b90a6@group-8347E105C001
scm_1       | 2020-07-15 06:51:19,488 [Listener at 0.0.0.0/9860] INFO http.BaseHttpServer: HTTP server of scm listening at http://0.0.0.0:9876
datanode_2  | 2020-07-15 06:51:24,294 [Command processor thread] INFO commandhandler.CreatePipelineCommandHandler: Created Pipeline RATIS ONE #id: "b6dd2f0c-bf25-4da1-bfa6-8347e105c001"
scm_1       | 2020-07-15 06:51:19,516 [org.apache.hadoop.util.JvmPauseMonitor$Monitor@d66502] INFO util.JvmPauseMonitor: Starting JVM pause monitor
datanode_2  | uuid128 {
scm_1       | 2020-07-15 06:51:20,104 [IPC Server handler 14 on default port 9861] INFO net.NetworkTopology: Added a new node: /default-rack/08b8b98c-099b-4d34-8806-21f0b09b90a6
datanode_2  |   mostSigBits: -5270004257160606303
scm_1       | 2020-07-15 06:51:20,117 [IPC Server handler 14 on default port 9861] INFO node.SCMNodeManager: Registered Data node : 08b8b98c-099b-4d34-8806-21f0b09b90a6{ip: 172.18.0.6, host: ozone-csi_datanode_2.ozone-csi_default, networkLocation: /default-rack, certSerialId: null}
datanode_2  |   leastSigBits: -4636874421590179839
scm_1       | 2020-07-15 06:51:20,152 [EventQueue-NodeRegistrationContainerReportForContainerSafeModeRule] INFO safemode.SCMSafeModeManager: ContainerSafeModeRule rule is successfully validated
datanode_2  | }
scm_1       | 2020-07-15 06:51:20,157 [EventQueue-NodeRegistrationContainerReportForDataNodeSafeModeRule] INFO safemode.SCMSafeModeManager: SCM in safe mode. 1 DataNodes registered, 1 required.
datanode_2  | .
scm_1       | 2020-07-15 06:51:20,273 [EventQueue-NodeRegistrationContainerReportForDataNodeSafeModeRule] INFO safemode.SCMSafeModeManager: DataNodeSafeModeRule rule is successfully validated
datanode_2  | 2020-07-15 06:51:24,296 [Command processor thread] INFO impl.RaftServerProxy: 08b8b98c-099b-4d34-8806-21f0b09b90a6: addNew group-FC7529FAC284:[60a6eafc-38e4-4e7e-8178-6a83c9da5118:172.18.0.3:9858, 26311e47-13d6-4684-8a8f-ff0d647f9d33:172.18.0.7:9858, 08b8b98c-099b-4d34-8806-21f0b09b90a6:172.18.0.6:9858] returns group-FC7529FAC284:java.util.concurrent.CompletableFuture@250f4823[Not completed]
scm_1       | 2020-07-15 06:51:20,273 [EventQueue-NodeRegistrationContainerReportForDataNodeSafeModeRule] INFO safemode.SCMSafeModeManager: All SCM safe mode pre check rules have passed
datanode_2  | 2020-07-15 06:51:24,316 [pool-19-thread-1] INFO impl.RaftServerImpl: 08b8b98c-099b-4d34-8806-21f0b09b90a6: new RaftServerImpl for group-FC7529FAC284:[60a6eafc-38e4-4e7e-8178-6a83c9da5118:172.18.0.3:9858, 26311e47-13d6-4684-8a8f-ff0d647f9d33:172.18.0.7:9858, 08b8b98c-099b-4d34-8806-21f0b09b90a6:172.18.0.6:9858] with ContainerStateMachine:uninitialized
scm_1       | 2020-07-15 06:51:20,255 [IPC Server handler 15 on default port 9861] INFO net.NetworkTopology: Added a new node: /default-rack/26311e47-13d6-4684-8a8f-ff0d647f9d33
datanode_2  | 2020-07-15 06:51:24,324 [pool-19-thread-1] INFO server.RaftServerConfigKeys: raft.server.rpc.timeout.min = 5s (custom)
scm_1       | 2020-07-15 06:51:20,274 [IPC Server handler 15 on default port 9861] INFO node.SCMNodeManager: Registered Data node : 26311e47-13d6-4684-8a8f-ff0d647f9d33{ip: 172.18.0.7, host: ozone-csi_datanode_1.ozone-csi_default, networkLocation: /default-rack, certSerialId: null}
datanode_2  | 2020-07-15 06:51:24,326 [pool-19-thread-1] INFO server.RaftServerConfigKeys: raft.server.rpc.timeout.max = 5200ms (custom)
scm_1       | 2020-07-15 06:51:20,313 [EventQueue-NodeRegistrationContainerReportForDataNodeSafeModeRule] INFO safemode.SCMSafeModeManager: DataNodeSafeModeRule rule is successfully validated
datanode_2  | 2020-07-15 06:51:24,328 [pool-19-thread-1] INFO server.RaftServerConfigKeys: raft.server.rpcslowness.timeout = 300s (custom)
scm_1       | 2020-07-15 06:51:20,314 [EventQueue-NodeRegistrationContainerReportForContainerSafeModeRule] INFO safemode.SCMSafeModeManager: ContainerSafeModeRule rule is successfully validated
datanode_2  | 2020-07-15 06:51:24,328 [pool-19-thread-1] INFO server.RaftServerConfigKeys: raft.server.sleep.deviation.threshold = 300 (default)
scm_1       | 2020-07-15 06:51:20,347 [RatisPipelineUtilsThread] INFO pipeline.RatisPipelineProvider: Sending CreatePipelineCommand for pipeline:PipelineID=b6dd2f0c-bf25-4da1-bfa6-8347e105c001 to datanode:08b8b98c-099b-4d34-8806-21f0b09b90a6
datanode_2  | 2020-07-15 06:51:24,332 [pool-19-thread-1] INFO server.RaftServerConfigKeys: raft.server.log.appender.install.snapshot.enabled = false (custom)
scm_1       | 2020-07-15 06:51:20,459 [RatisPipelineUtilsThread] INFO pipeline.PipelineStateManager: Created pipeline Pipeline[ Id: b6dd2f0c-bf25-4da1-bfa6-8347e105c001, Nodes: 08b8b98c-099b-4d34-8806-21f0b09b90a6{ip: 172.18.0.6, host: ozone-csi_datanode_2.ozone-csi_default, networkLocation: /default-rack, certSerialId: null}, Type:RATIS, Factor:ONE, State:ALLOCATED, leaderId:, CreationTimestamp2020-07-15T06:51:20.313009Z]
datanode_2  | 2020-07-15 06:51:24,332 [pool-19-thread-1] INFO impl.RaftServerImpl: 08b8b98c-099b-4d34-8806-21f0b09b90a6@group-FC7529FAC284: ConfigurationManager, init=-1: [60a6eafc-38e4-4e7e-8178-6a83c9da5118:172.18.0.3:9858, 26311e47-13d6-4684-8a8f-ff0d647f9d33:172.18.0.7:9858, 08b8b98c-099b-4d34-8806-21f0b09b90a6:172.18.0.6:9858], old=null, confs=<EMPTY_MAP>
scm_1       | 2020-07-15 06:51:20,486 [RatisPipelineUtilsThread] INFO pipeline.RatisPipelineProvider: Sending CreatePipelineCommand for pipeline:PipelineID=92e07a27-d3cc-4483-8732-9f4de57cbbf0 to datanode:26311e47-13d6-4684-8a8f-ff0d647f9d33
datanode_2  | 2020-07-15 06:51:24,332 [pool-19-thread-1] INFO server.RaftServerConfigKeys: raft.server.storage.dir = [/data/metadata/ratis] (custom)
scm_1       | 2020-07-15 06:51:20,487 [RatisPipelineUtilsThread] INFO pipeline.PipelineStateManager: Created pipeline Pipeline[ Id: 92e07a27-d3cc-4483-8732-9f4de57cbbf0, Nodes: 26311e47-13d6-4684-8a8f-ff0d647f9d33{ip: 172.18.0.7, host: ozone-csi_datanode_1.ozone-csi_default, networkLocation: /default-rack, certSerialId: null}, Type:RATIS, Factor:ONE, State:ALLOCATED, leaderId:, CreationTimestamp2020-07-15T06:51:20.486041Z]
datanode_2  | 2020-07-15 06:51:24,333 [pool-19-thread-1] INFO server.RaftServerConfigKeys: raft.server.log.corruption.policy = EXCEPTION (default)
scm_1       | 2020-07-15 06:51:20,488 [RatisPipelineUtilsThread] ERROR pipeline.SCMPipelineManager: Failed to create pipeline of type RATIS and factor ONE. Exception: Cannot create pipeline of factor 1 using 0 nodes. Used 2 nodes. Healthy nodes 2
datanode_2  | 2020-07-15 06:51:24,333 [pool-19-thread-1] INFO storage.RaftStorageDirectory: The storage directory /data/metadata/ratis/9238be1b-7666-45a0-a73a-fc7529fac284 does not exist. Creating ...
scm_1       | 2020-07-15 06:51:20,489 [RatisPipelineUtilsThread] WARN pipeline.PipelinePlacementPolicy: Pipeline creation failed due to no sufficient healthy datanodes. Required 3. Found 2.
datanode_2  | 2020-07-15 06:51:24,338 [pool-19-thread-1] INFO storage.RaftStorageDirectory: Lock on /data/metadata/ratis/9238be1b-7666-45a0-a73a-fc7529fac284/in_use.lock acquired by nodename 7@c51ca2bc3b1c
scm_1       | 2020-07-15 06:51:20,489 [RatisPipelineUtilsThread] ERROR pipeline.SCMPipelineManager: Failed to create pipeline of type RATIS and factor THREE. Exception: Pipeline creation failed due to no sufficient healthy datanodes. Required 3. Found 2.
datanode_2  | 2020-07-15 06:51:24,358 [pool-19-thread-1] INFO storage.RaftStorage: Storage directory /data/metadata/ratis/9238be1b-7666-45a0-a73a-fc7529fac284 has been successfully formatted.
scm_1       | 2020-07-15 06:51:20,932 [IPC Server handler 14 on default port 9861] INFO net.NetworkTopology: Added a new node: /default-rack/60a6eafc-38e4-4e7e-8178-6a83c9da5118
datanode_2  | 2020-07-15 06:51:24,358 [pool-19-thread-1] INFO ratis.ContainerStateMachine: group-FC7529FAC284: The snapshot info is null. Setting the last applied indexto:(t:0, i:~)
scm_1       | 2020-07-15 06:51:20,932 [IPC Server handler 14 on default port 9861] INFO node.SCMNodeManager: Registered Data node : 60a6eafc-38e4-4e7e-8178-6a83c9da5118{ip: 172.18.0.3, host: ozone-csi_datanode_3.ozone-csi_default, networkLocation: /default-rack, certSerialId: null}
datanode_2  | 2020-07-15 06:51:24,378 [pool-19-thread-1] INFO server.RaftServerConfigKeys: raft.server.notification.no-leader.timeout = 60s (default)
scm_1       | 2020-07-15 06:51:20,933 [EventQueue-NodeRegistrationContainerReportForContainerSafeModeRule] INFO safemode.SCMSafeModeManager: ContainerSafeModeRule rule is successfully validated
datanode_2  | 2020-07-15 06:51:24,378 [pool-19-thread-1] INFO server.RaftServerConfigKeys: raft.server.log.use.memory = false (default)
scm_1       | 2020-07-15 06:51:20,933 [EventQueue-NodeRegistrationContainerReportForDataNodeSafeModeRule] INFO safemode.SCMSafeModeManager: DataNodeSafeModeRule rule is successfully validated
datanode_2  | 2020-07-15 06:51:24,379 [pool-19-thread-1] INFO server.RaftServerConfigKeys: raft.server.log.purge.gap = 1000000 (custom)
scm_1       | 2020-07-15 06:51:20,937 [RatisPipelineUtilsThread] INFO pipeline.RatisPipelineProvider: Sending CreatePipelineCommand for pipeline:PipelineID=644f1001-98fe-4532-94dc-92d7ffaccf8b to datanode:60a6eafc-38e4-4e7e-8178-6a83c9da5118
datanode_2  | 2020-07-15 06:51:24,379 [pool-19-thread-1] INFO server.RaftServerConfigKeys: raft.server.log.appender.buffer.byte-limit = 33554432 (custom)
datanode_2  | 2020-07-15 06:51:24,379 [pool-19-thread-1] INFO server.RaftServerConfigKeys: raft.server.log.segment.size.max = 1048576 (custom)
datanode_2  | 2020-07-15 06:51:24,379 [pool-19-thread-1] INFO metrics.RatisMetrics: Creating Metrics Registry : ratis.log_worker.08b8b98c-099b-4d34-8806-21f0b09b90a6@group-FC7529FAC284
datanode_2  | 2020-07-15 06:51:24,380 [pool-19-thread-1] INFO server.RaftServerConfigKeys: raft.server.log.segment.cache.num.max = 2 (custom)
datanode_2  | 2020-07-15 06:51:24,380 [pool-19-thread-1] INFO segmented.SegmentedRaftLogWorker: new 08b8b98c-099b-4d34-8806-21f0b09b90a6@group-FC7529FAC284-SegmentedRaftLogWorker for RaftStorage:Storage Directory /data/metadata/ratis/9238be1b-7666-45a0-a73a-fc7529fac284
datanode_2  | 2020-07-15 06:51:24,380 [pool-19-thread-1] INFO server.RaftServerConfigKeys: raft.server.log.queue.byte-limit = 2147483647 (custom)
datanode_2  | 2020-07-15 06:51:24,380 [pool-19-thread-1] INFO server.RaftServerConfigKeys: raft.server.log.queue.element-limit = 1024 (custom)
datanode_2  | 2020-07-15 06:51:24,380 [pool-19-thread-1] INFO server.RaftServerConfigKeys: raft.server.log.segment.size.max = 1048576 (custom)
datanode_2  | 2020-07-15 06:51:24,380 [pool-19-thread-1] INFO server.RaftServerConfigKeys: raft.server.log.preallocated.size = 16384 (custom)
datanode_2  | 2020-07-15 06:51:24,380 [pool-19-thread-1] INFO server.RaftServerConfigKeys: raft.server.log.write.buffer.size = 1048576 (custom)
datanode_2  | 2020-07-15 06:51:24,380 [pool-19-thread-1] INFO server.RaftServerConfigKeys: raft.server.log.force.sync.num = 128 (default)
datanode_2  | 2020-07-15 06:51:24,380 [pool-19-thread-1] INFO server.RaftServerConfigKeys: raft.server.log.statemachine.data.sync = true (default)
datanode_2  | 2020-07-15 06:51:24,381 [pool-19-thread-1] INFO server.RaftServerConfigKeys: raft.server.log.statemachine.data.sync.timeout = 10s (default)
datanode_2  | 2020-07-15 06:51:24,381 [pool-19-thread-1] INFO server.RaftServerConfigKeys: raft.server.log.statemachine.data.sync.timeout.retry = -1 (default)
datanode_2  | 2020-07-15 06:51:24,383 [pool-19-thread-1] INFO server.RaftServerConfigKeys: raft.server.log.statemachine.data.caching.enabled = true (custom)
datanode_2  | 2020-07-15 06:51:24,383 [pool-19-thread-1] INFO segmented.SegmentedRaftLogWorker: 08b8b98c-099b-4d34-8806-21f0b09b90a6@group-FC7529FAC284-SegmentedRaftLogWorker: flushIndex: setUnconditionally 0 -> -1
datanode_2  | 2020-07-15 06:51:24,384 [pool-19-thread-1] INFO segmented.SegmentedRaftLogWorker: 08b8b98c-099b-4d34-8806-21f0b09b90a6@group-FC7529FAC284-SegmentedRaftLogWorker: safeCacheEvictIndex: setUnconditionally 0 -> -1
datanode_2  | 2020-07-15 06:51:24,392 [pool-19-thread-1] INFO server.RaftServerConfigKeys: raft.server.snapshot.auto.trigger.enabled = true (custom)
datanode_2  | 2020-07-15 06:51:24,407 [pool-19-thread-1] INFO server.RaftServerConfigKeys: raft.server.snapshot.auto.trigger.threshold = 10000 (custom)
datanode_2  | 2020-07-15 06:51:24,408 [pool-19-thread-1] INFO server.RaftServerConfigKeys: raft.server.snapshot.retention.file.num = 5 (custom)
datanode_2  | 2020-07-15 06:51:24,408 [pool-19-thread-1] INFO server.RaftServerConfigKeys: raft.server.log.purge.upto.snapshot.index = false (default)
datanode_2  | 2020-07-15 06:51:24,408 [pool-19-thread-1] INFO server.RaftServerConfigKeys: raft.server.retrycache.expirytime = 600000ms (custom)
datanode_2  | 2020-07-15 06:51:24,408 [pool-19-thread-1] INFO metrics.RatisMetrics: Creating Metrics Registry : ratis.leader_election.08b8b98c-099b-4d34-8806-21f0b09b90a6@group-FC7529FAC284
datanode_2  | 2020-07-15 06:51:24,408 [pool-19-thread-1] INFO metrics.RatisMetrics: Creating Metrics Registry : ratis.server.08b8b98c-099b-4d34-8806-21f0b09b90a6@group-FC7529FAC284
datanode_2  | 2020-07-15 06:51:24,426 [pool-19-thread-1] INFO impl.RaftServerImpl: 08b8b98c-099b-4d34-8806-21f0b09b90a6@group-FC7529FAC284: start as a follower, conf=-1: [60a6eafc-38e4-4e7e-8178-6a83c9da5118:172.18.0.3:9858, 26311e47-13d6-4684-8a8f-ff0d647f9d33:172.18.0.7:9858, 08b8b98c-099b-4d34-8806-21f0b09b90a6:172.18.0.6:9858], old=null
datanode_2  | 2020-07-15 06:51:24,426 [pool-19-thread-1] INFO impl.RaftServerImpl: 08b8b98c-099b-4d34-8806-21f0b09b90a6@group-FC7529FAC284: changes role from      null to FOLLOWER at term 0 for startAsFollower
datanode_2  | 2020-07-15 06:51:24,426 [pool-19-thread-1] INFO impl.RoleInfo: 08b8b98c-099b-4d34-8806-21f0b09b90a6: start FollowerState
scm_1       | 2020-07-15 06:51:20,938 [RatisPipelineUtilsThread] INFO pipeline.PipelineStateManager: Created pipeline Pipeline[ Id: 644f1001-98fe-4532-94dc-92d7ffaccf8b, Nodes: 60a6eafc-38e4-4e7e-8178-6a83c9da5118{ip: 172.18.0.3, host: ozone-csi_datanode_3.ozone-csi_default, networkLocation: /default-rack, certSerialId: null}, Type:RATIS, Factor:ONE, State:ALLOCATED, leaderId:, CreationTimestamp2020-07-15T06:51:20.937658Z]
datanode_2  | 2020-07-15 06:51:24,427 [pool-19-thread-1] INFO util.JmxRegister: Successfully registered JMX Bean with object name Ratis:service=RaftServer,group=group-FC7529FAC284,id=08b8b98c-099b-4d34-8806-21f0b09b90a6
scm_1       | 2020-07-15 06:51:20,943 [RatisPipelineUtilsThread] ERROR pipeline.SCMPipelineManager: Failed to create pipeline of type RATIS and factor ONE. Exception: Cannot create pipeline of factor 1 using 0 nodes. Used 3 nodes. Healthy nodes 3
datanode_2  | 2020-07-15 06:51:24,427 [pool-19-thread-1] INFO metrics.RatisMetrics: Creating Metrics Registry : ratis.state_machine.08b8b98c-099b-4d34-8806-21f0b09b90a6@group-FC7529FAC284
datanode_2  | 2020-07-15 06:51:27,256 [Command processor thread] INFO commandhandler.CreatePipelineCommandHandler: Created Pipeline RATIS THREE #id: "9238be1b-7666-45a0-a73a-fc7529fac284"
scm_1       | 2020-07-15 06:51:20,950 [RatisPipelineUtilsThread] INFO pipeline.RatisPipelineProvider: Sending CreatePipelineCommand for pipeline:PipelineID=9238be1b-7666-45a0-a73a-fc7529fac284 to datanode:08b8b98c-099b-4d34-8806-21f0b09b90a6
datanode_2  | uuid128 {
scm_1       | 2020-07-15 06:51:20,953 [RatisPipelineUtilsThread] INFO pipeline.RatisPipelineProvider: Sending CreatePipelineCommand for pipeline:PipelineID=9238be1b-7666-45a0-a73a-fc7529fac284 to datanode:60a6eafc-38e4-4e7e-8178-6a83c9da5118
datanode_2  |   mostSigBits: -7910363720316467808
scm_1       | 2020-07-15 06:51:20,954 [RatisPipelineUtilsThread] INFO pipeline.RatisPipelineProvider: Sending CreatePipelineCommand for pipeline:PipelineID=9238be1b-7666-45a0-a73a-fc7529fac284 to datanode:26311e47-13d6-4684-8a8f-ff0d647f9d33
datanode_2  |   leastSigBits: -6396522740580695420
datanode_2  | }
datanode_2  | .
datanode_2  | 2020-07-15 06:51:29,325 [Thread-22] INFO impl.FollowerState: 08b8b98c-099b-4d34-8806-21f0b09b90a6@group-8347E105C001-FollowerState: change to CANDIDATE, lastRpcTime:5146ms, electionTimeout:5127ms
scm_1       | 2020-07-15 06:51:20,954 [RatisPipelineUtilsThread] INFO pipeline.PipelineStateManager: Created pipeline Pipeline[ Id: 9238be1b-7666-45a0-a73a-fc7529fac284, Nodes: 08b8b98c-099b-4d34-8806-21f0b09b90a6{ip: 172.18.0.6, host: ozone-csi_datanode_2.ozone-csi_default, networkLocation: /default-rack, certSerialId: null}60a6eafc-38e4-4e7e-8178-6a83c9da5118{ip: 172.18.0.3, host: ozone-csi_datanode_3.ozone-csi_default, networkLocation: /default-rack, certSerialId: null}26311e47-13d6-4684-8a8f-ff0d647f9d33{ip: 172.18.0.7, host: ozone-csi_datanode_1.ozone-csi_default, networkLocation: /default-rack, certSerialId: null}, Type:RATIS, Factor:THREE, State:ALLOCATED, leaderId:, CreationTimestamp2020-07-15T06:51:20.950855Z]
datanode_2  | 2020-07-15 06:51:29,326 [Thread-22] INFO impl.RoleInfo: 08b8b98c-099b-4d34-8806-21f0b09b90a6: shutdown FollowerState
scm_1       | 2020-07-15 06:51:20,958 [RatisPipelineUtilsThread] ERROR pipeline.SCMPipelineManager: Failed to create pipeline of type RATIS and factor THREE. Exception: Pipeline creation failed because nodes are engaged in other pipelines and every node can only be engaged in max 2 pipelines. Required 3. Found 0
datanode_2  | 2020-07-15 06:51:29,326 [Thread-22] INFO impl.RaftServerImpl: 08b8b98c-099b-4d34-8806-21f0b09b90a6@group-8347E105C001: changes role from  FOLLOWER to CANDIDATE at term 0 for changeToCandidate
scm_1       | 2020-07-15 06:51:24,218 [EventQueue-PipelineReportForPipelineReportHandler] INFO pipeline.PipelineStateManager: Pipeline Pipeline[ Id: b6dd2f0c-bf25-4da1-bfa6-8347e105c001, Nodes: 08b8b98c-099b-4d34-8806-21f0b09b90a6{ip: 172.18.0.6, host: ozone-csi_datanode_2.ozone-csi_default, networkLocation: /default-rack, certSerialId: null}, Type:RATIS, Factor:ONE, State:ALLOCATED, leaderId:08b8b98c-099b-4d34-8806-21f0b09b90a6, CreationTimestamp2020-07-15T06:51:20.313009Z] moved to OPEN state
datanode_2  | 2020-07-15 06:51:29,329 [Thread-22] INFO impl.RoleInfo: 08b8b98c-099b-4d34-8806-21f0b09b90a6: start LeaderElection
datanode_2  | 2020-07-15 06:51:29,339 [08b8b98c-099b-4d34-8806-21f0b09b90a6@group-8347E105C001-LeaderElection1] INFO impl.LeaderElection: 08b8b98c-099b-4d34-8806-21f0b09b90a6@group-8347E105C001-LeaderElection1: begin an election at term 1 for -1: [08b8b98c-099b-4d34-8806-21f0b09b90a6:172.18.0.6:9858], old=null
datanode_2  | 2020-07-15 06:51:29,340 [08b8b98c-099b-4d34-8806-21f0b09b90a6@group-8347E105C001-LeaderElection1] INFO impl.RoleInfo: 08b8b98c-099b-4d34-8806-21f0b09b90a6: shutdown LeaderElection
