datanode_1  | 2020-07-15 07:01:01,131 [Datanode State Machine Thread - 0] INFO ipc.Client: Retrying connect to server: scm/172.22.0.5:9861. Already tried 4 time(s); retry policy is RetryUpToMaximumCountWithFixedSleep(maxRetries=2147483647, sleepTime=1000 MILLISECONDS)
scm_1       | 2020-07-15 07:00:59,987 [main] WARN server.ServerUtils: ozone.scm.db.dirs is not configured. We recommend adding this setting. Falling back to ozone.metadata.dirs instead.
om1_1       | 2020-07-15 07:01:25,463 [pool-17-thread-1] INFO server.RaftServerConfigKeys: raft.server.log.segment.size.max = 4194304 (custom)
s3g_1       | WARNING: An illegal reflective access operation has occurred
om3_1       | 2020-07-15 07:01:24,487 [pool-17-thread-1] INFO storage.RaftStorageDirectory: The storage directory /data/metadata/ratis/fafe1b60-c241-37cc-98f4-562213e44849 does not exist. Creating ...
om3_1       | 2020-07-15 07:01:24,606 [pool-17-thread-1] INFO storage.RaftStorageDirectory: Lock on /data/metadata/ratis/fafe1b60-c241-37cc-98f4-562213e44849/in_use.lock acquired by nodename 6@5efd1aa434dd
datanode_3  | 2020-07-15 07:01:10,461 [pool-19-thread-1] INFO server.RaftServerConfigKeys: raft.server.rpcslowness.timeout = 300s (custom)
datanode_2  | 2020-07-15 07:01:16,287 [df5c86a5-46e4-4da4-a4de-b1a940c33406@group-6230F8094066-LeaderElection2] INFO impl.RaftServerImpl: df5c86a5-46e4-4da4-a4de-b1a940c33406@group-6230F8094066: change Leader from null to df5c86a5-46e4-4da4-a4de-b1a940c33406 at term 1 for becomeLeader, leader elected after 6040ms
datanode_1  | 2020-07-15 07:01:02,132 [Datanode State Machine Thread - 0] INFO ipc.Client: Retrying connect to server: scm/172.22.0.5:9861. Already tried 5 time(s); retry policy is RetryUpToMaximumCountWithFixedSleep(maxRetries=2147483647, sleepTime=1000 MILLISECONDS)
scm_1       | 2020-07-15 07:01:00,326 [main] WARN db.DBStoreBuilder: ozone.scm.db.dirs is not configured. We recommend adding this setting. Falling back to ozone.metadata.dirs instead.
om1_1       | 2020-07-15 07:01:25,478 [pool-17-thread-1] INFO server.RaftServerConfigKeys: raft.server.log.preallocated.size = 4194304 (custom)
s3g_1       | WARNING: Illegal reflective access by org.jboss.weld.util.reflection.Formats (file:/opt/hadoop/share/ozone/lib/weld-servlet-2.4.7.Final.jar) to constructor com.sun.org.apache.bcel.internal.classfile.ClassParser(java.io.InputStream,java.lang.String)
om3_1       | 2020-07-15 07:01:24,822 [pool-17-thread-1] INFO storage.RaftStorage: Storage directory /data/metadata/ratis/fafe1b60-c241-37cc-98f4-562213e44849 has been successfully formatted.
om2_1       | 2020-07-15 07:01:25,626 [main] INFO om.OzoneManager: OzoneManager Ratis server initialized at port 9872
datanode_3  | 2020-07-15 07:01:10,462 [pool-19-thread-1] INFO server.RaftServerConfigKeys: raft.server.sleep.deviation.threshold = 300 (default)
datanode_2  | 2020-07-15 07:01:16,287 [df5c86a5-46e4-4da4-a4de-b1a940c33406@group-6230F8094066-LeaderElection2] INFO server.RaftServerConfigKeys: raft.server.staging.catchup.gap = 1000 (default)
datanode_1  | 2020-07-15 07:01:03,201 [Datanode State Machine Thread - 0] WARN statemachine.EndpointStateMachine: Unable to communicate to SCM server at scm:9861 for past 0 seconds.
scm_1       | 2020-07-15 07:01:00,512 [main] INFO net.NodeSchemaLoader: Loading file from java.lang.CompoundEnumeration@70925b45
om1_1       | 2020-07-15 07:01:25,482 [pool-17-thread-1] INFO server.RaftServerConfigKeys: raft.server.log.write.buffer.size = 64KB (=65536) (default)
s3g_1       | WARNING: Please consider reporting this to the maintainers of org.jboss.weld.util.reflection.Formats
om3_1       | 2020-07-15 07:01:24,848 [pool-17-thread-1] INFO server.RaftServerConfigKeys: raft.server.notification.no-leader.timeout = 120s (custom)
om2_1       | 2020-07-15 07:01:25,626 [main] WARN server.ServerUtils: Storage directory for Ratis is not configured. It is a good idea to map this to an SSD disk. Falling back to ozone.metadata.dirs
datanode_3  | 2020-07-15 07:01:10,462 [pool-19-thread-1] INFO server.RaftServerConfigKeys: raft.server.log.appender.install.snapshot.enabled = false (custom)
datanode_2  | 2020-07-15 07:01:16,287 [df5c86a5-46e4-4da4-a4de-b1a940c33406@group-6230F8094066-LeaderElection2] INFO server.RaftServerConfigKeys: raft.server.rpc.sleep.time = 25ms (default)
datanode_1  | java.net.SocketTimeoutException: Call From f08db22121f2/172.22.0.8 to scm:9861 failed on socket timeout exception: java.net.SocketTimeoutException: 1000 millis timeout while waiting for channel to be ready for read. ch : java.nio.channels.SocketChannel[connected local=/172.22.0.8:38146 remote=scm/172.22.0.5:9861]; For more details see:  http://wiki.apache.org/hadoop/SocketTimeout
scm_1       | 2020-07-15 07:01:00,513 [main] INFO net.NodeSchemaLoader: Loading network topology layer schema file
om1_1       | 2020-07-15 07:01:25,483 [pool-17-thread-1] INFO server.RaftServerConfigKeys: raft.server.log.force.sync.num = 128 (default)
s3g_1       | WARNING: Use --illegal-access=warn to enable warnings of further illegal reflective access operations
om3_1       | 2020-07-15 07:01:24,864 [pool-17-thread-1] INFO server.RaftServerConfigKeys: raft.server.log.use.memory = false (default)
om2_1       | 2020-07-15 07:01:25,629 [main] WARN server.ServerUtils: Storage directory for Ratis is not configured. It is a good idea to map this to an SSD disk. Falling back to ozone.metadata.dirs
datanode_3  | 2020-07-15 07:01:10,462 [pool-19-thread-1] INFO impl.RaftServerImpl: bd1bc2fa-819c-4075-8aa9-2c6f64967444@group-6230F8094066: ConfigurationManager, init=-1: [d8e65494-3a38-4a9e-aef4-64b7ed6aedcd:172.22.0.8:9858, df5c86a5-46e4-4da4-a4de-b1a940c33406:172.22.0.3:9858, bd1bc2fa-819c-4075-8aa9-2c6f64967444:172.22.0.6:9858], old=null, confs=<EMPTY_MAP>
datanode_2  | 2020-07-15 07:01:16,287 [df5c86a5-46e4-4da4-a4de-b1a940c33406@group-6230F8094066-LeaderElection2] INFO metrics.RatisMetrics: Creating Metrics Registry : ratis.log_appender.df5c86a5-46e4-4da4-a4de-b1a940c33406@group-6230F8094066
datanode_1  | 	at java.base/jdk.internal.reflect.NativeConstructorAccessorImpl.newInstance0(Native Method)
scm_1       | 2020-07-15 07:01:00,643 [main] INFO node.SCMNodeManager: Entering startup safe mode.
om1_1       | 2020-07-15 07:01:25,495 [pool-17-thread-1] INFO server.RaftServerConfigKeys: raft.server.log.statemachine.data.sync = true (default)
s3g_1       | WARNING: All illegal access operations will be denied in a future release
om3_1       | 2020-07-15 07:01:24,915 [pool-17-thread-1] INFO server.RaftServerConfigKeys: raft.server.log.purge.gap = 1000000 (custom)
om2_1       | 2020-07-15 07:01:25,634 [main] INFO snapshot.OzoneManagerSnapshotProvider: Initializing OM Snapshot Provider
datanode_3  | 2020-07-15 07:01:10,465 [pool-19-thread-1] INFO server.RaftServerConfigKeys: raft.server.storage.dir = [/data/metadata/ratis] (custom)
datanode_2  | 2020-07-15 07:01:16,288 [df5c86a5-46e4-4da4-a4de-b1a940c33406@group-6230F8094066-LeaderElection2] INFO server.RaftServerConfigKeys: raft.server.write.element-limit = 1024 (custom)
datanode_1  | 	at java.base/jdk.internal.reflect.NativeConstructorAccessorImpl.newInstance(NativeConstructorAccessorImpl.java:62)
scm_1       | 2020-07-15 07:01:00,789 [main] INFO algorithms.ContainerPlacementPolicyFactory: Create container placement policy of type org.apache.hadoop.hdds.scm.container.placement.algorithms.SCMContainerPlacementRandom
om1_1       | 2020-07-15 07:01:25,496 [pool-17-thread-1] INFO server.RaftServerConfigKeys: raft.server.log.statemachine.data.sync.timeout = 10s (default)
s3g_1       | Jul 15, 2020 7:01:00 AM org.glassfish.jersey.internal.Errors logErrors
om3_1       | 2020-07-15 07:01:24,934 [pool-17-thread-1] INFO server.RaftServerConfigKeys: raft.server.log.appender.buffer.byte-limit = 33554432 (custom)
om2_1       | 2020-07-15 07:01:25,700 [pool-17-thread-1] INFO impl.RaftServerImpl: om2: new RaftServerImpl for group-562213E44849:[om1:om1:9872, om3:om3:9872, om2:om2:9872] with OzoneManagerStateMachine:uninitialized
datanode_3  | 2020-07-15 07:01:10,466 [pool-19-thread-1] INFO server.RaftServerConfigKeys: raft.server.log.corruption.policy = EXCEPTION (default)
datanode_3  | 2020-07-15 07:01:10,466 [pool-19-thread-1] INFO storage.RaftStorageDirectory: The storage directory /data/metadata/ratis/2dd4b63c-f884-40d2-8d98-6230f8094066 does not exist. Creating ...
datanode_1  | 	at java.base/jdk.internal.reflect.DelegatingConstructorAccessorImpl.newInstance(DelegatingConstructorAccessorImpl.java:45)
scm_1       | 2020-07-15 07:01:00,819 [main] INFO pipeline.SCMPipelineManager: No pipeline exists in current db
om1_1       | 2020-07-15 07:01:25,498 [pool-17-thread-1] INFO server.RaftServerConfigKeys: raft.server.log.statemachine.data.sync.timeout.retry = -1 (default)
s3g_1       | WARNING: The following warnings have been detected: WARNING: A HTTP GET method, public javax.ws.rs.core.Response org.apache.hadoop.ozone.s3.endpoint.ObjectEndpoint.get(java.lang.String,java.lang.String,java.lang.String,int,java.lang.String,java.io.InputStream) throws java.io.IOException,org.apache.hadoop.ozone.s3.exception.OS3Exception, should not consume any entity.
om3_1       | 2020-07-15 07:01:24,960 [pool-17-thread-1] INFO server.RaftServerConfigKeys: raft.server.log.segment.size.max = 4194304 (custom)
om2_1       | 2020-07-15 07:01:25,730 [pool-17-thread-1] INFO server.RaftServerConfigKeys: raft.server.rpc.timeout.min = 1s (custom)
datanode_3  | 2020-07-15 07:01:10,469 [pool-19-thread-1] INFO storage.RaftStorageDirectory: Lock on /data/metadata/ratis/2dd4b63c-f884-40d2-8d98-6230f8094066/in_use.lock acquired by nodename 6@ead69e1e1998
datanode_2  | 2020-07-15 07:01:16,294 [df5c86a5-46e4-4da4-a4de-b1a940c33406@group-6230F8094066-LeaderElection2] INFO server.RaftServerConfigKeys: raft.server.write.byte-limit = 1073741824 (custom)
datanode_1  | 	at java.base/java.lang.reflect.Constructor.newInstance(Constructor.java:490)
scm_1       | 2020-07-15 07:01:00,941 [main] INFO safemode.HealthyPipelineSafeModeRule: Total pipeline count is 0, healthy pipeline threshold count is 1
om1_1       | 2020-07-15 07:01:25,600 [pool-17-thread-1] INFO server.RaftServerConfigKeys: raft.server.log.statemachine.data.caching.enabled = false (default)
om1_1       | 2020-07-15 07:01:25,632 [pool-17-thread-1] INFO segmented.SegmentedRaftLogWorker: om1@group-562213E44849-SegmentedRaftLogWorker: flushIndex: setUnconditionally 0 -> -1
om3_1       | 2020-07-15 07:01:25,002 [pool-17-thread-1] INFO metrics.RatisMetrics: Creating Metrics Registry : ratis.log_worker.om3@group-562213E44849
om2_1       | 2020-07-15 07:01:25,750 [pool-17-thread-1] INFO server.RaftServerConfigKeys: raft.server.rpc.timeout.max = 1200ms (custom)
datanode_3  | 2020-07-15 07:01:10,474 [pool-19-thread-1] INFO storage.RaftStorage: Storage directory /data/metadata/ratis/2dd4b63c-f884-40d2-8d98-6230f8094066 has been successfully formatted.
datanode_2  | 2020-07-15 07:01:16,301 [df5c86a5-46e4-4da4-a4de-b1a940c33406@group-6230F8094066-LeaderElection2] INFO server.RaftServerConfigKeys: raft.server.watch.timeout = 180s (custom)
datanode_1  | 	at org.apache.hadoop.net.NetUtils.wrapWithMessage(NetUtils.java:833)
scm_1       | 2020-07-15 07:01:00,943 [main] INFO safemode.OneReplicaPipelineSafeModeRule: Total pipeline count is 0, pipeline's with at least one datanode reported threshold count is 0
om1_1       | 2020-07-15 07:01:25,636 [pool-17-thread-1] INFO segmented.SegmentedRaftLogWorker: om1@group-562213E44849-SegmentedRaftLogWorker: safeCacheEvictIndex: setUnconditionally 0 -> -1
s3g_1       | 
om3_1       | 2020-07-15 07:01:25,109 [pool-17-thread-1] INFO server.RaftServerConfigKeys: raft.server.log.segment.cache.num.max = 2 (custom)
om3_1       | 2020-07-15 07:01:25,191 [pool-17-thread-1] INFO segmented.SegmentedRaftLogWorker: new om3@group-562213E44849-SegmentedRaftLogWorker for RaftStorage:Storage Directory /data/metadata/ratis/fafe1b60-c241-37cc-98f4-562213e44849
datanode_3  | 2020-07-15 07:01:10,475 [pool-19-thread-1] INFO ratis.ContainerStateMachine: group-6230F8094066: The snapshot info is null. Setting the last applied indexto:(t:0, i:~)
datanode_2  | 2020-07-15 07:01:16,315 [df5c86a5-46e4-4da4-a4de-b1a940c33406@group-6230F8094066-LeaderElection2] INFO server.RaftServerConfigKeys: raft.server.watch.timeout.denomination = 1s (default)
datanode_2  | 2020-07-15 07:01:16,317 [df5c86a5-46e4-4da4-a4de-b1a940c33406@group-6230F8094066-LeaderElection2] INFO server.RaftServerConfigKeys: raft.server.watch.element-limit = 65536 (default)
scm_1       | 2020-07-15 07:01:00,992 [RatisPipelineUtilsThread] ERROR pipeline.SCMPipelineManager: Failed to create pipeline of type RATIS and factor ONE. Exception: Cannot create pipeline of factor 1 using 0 nodes. Used 0 nodes. Healthy nodes 0
om1_1       | 2020-07-15 07:01:25,659 [pool-17-thread-1] INFO server.RaftServerConfigKeys: raft.server.snapshot.auto.trigger.enabled = true (custom)
s3g_1       | 2020-07-15 07:01:00,030 [main] INFO handler.ContextHandler: Started o.e.j.w.WebAppContext@66756662{s3gateway,/,file:///tmp/jetty-0_0_0_0-9878-hadoop-ozone-s3gateway-0_6_0-SNAPSHOT_jar-_-any-381974724892103869.dir/webapp/,AVAILABLE}{jar:file:/opt/hadoop/share/ozone/lib/hadoop-ozone-s3gateway-0.6.0-SNAPSHOT.jar!/webapps/s3gateway}
om3_1       | 2020-07-15 07:01:25,203 [pool-17-thread-1] INFO server.RaftServerConfigKeys: raft.server.log.queue.byte-limit = 64MB (=67108864) (default)
om2_1       | 2020-07-15 07:01:25,750 [pool-17-thread-1] INFO server.RaftServerConfigKeys: raft.server.rpcslowness.timeout = 120s (custom)
datanode_3  | 2020-07-15 07:01:10,475 [pool-19-thread-1] INFO server.RaftServerConfigKeys: raft.server.notification.no-leader.timeout = 60s (default)
datanode_2  | 2020-07-15 07:01:16,323 [df5c86a5-46e4-4da4-a4de-b1a940c33406@group-6230F8094066-LeaderElection2] INFO server.RaftServerConfigKeys: raft.server.log.appender.snapshot.chunk.size.max = 16MB (=16777216) (default)
datanode_1  | 	at org.apache.hadoop.net.NetUtils.wrapException(NetUtils.java:777)
scm_1       | 2020-07-15 07:01:01,556 [main] INFO ipc.CallQueueManager: Using callQueue: class java.util.concurrent.LinkedBlockingQueue, queueCapacity: 10000, scheduler: class org.apache.hadoop.ipc.DefaultRpcScheduler, ipcBackoff: false.
om1_1       | 2020-07-15 07:01:25,659 [pool-17-thread-1] INFO server.RaftServerConfigKeys: raft.server.snapshot.auto.trigger.threshold = 400000 (default)
s3g_1       | 2020-07-15 07:01:00,056 [main] INFO server.AbstractConnector: Started ServerConnector@395b56bb{HTTP/1.1,[http/1.1]}{0.0.0.0:9878}
om3_1       | 2020-07-15 07:01:25,210 [pool-17-thread-1] INFO server.RaftServerConfigKeys: raft.server.log.queue.element-limit = 4096 (default)
om3_1       | 2020-07-15 07:01:25,229 [pool-17-thread-1] INFO server.RaftServerConfigKeys: raft.server.log.segment.size.max = 4194304 (custom)
datanode_3  | 2020-07-15 07:01:10,475 [pool-19-thread-1] INFO server.RaftServerConfigKeys: raft.server.log.use.memory = false (default)
datanode_2  | 2020-07-15 07:01:16,333 [df5c86a5-46e4-4da4-a4de-b1a940c33406@group-6230F8094066-LeaderElection2] INFO server.RaftServerConfigKeys: raft.server.log.appender.buffer.byte-limit = 33554432 (custom)
datanode_1  | 	at org.apache.hadoop.ipc.Client.getRpcResponse(Client.java:1549)
scm_1       | 2020-07-15 07:01:01,579 [Socket Reader #1 for port 9861] INFO ipc.Server: Starting Socket Reader #1 for port 9861
om1_1       | 2020-07-15 07:01:25,664 [pool-17-thread-1] INFO server.RaftServerConfigKeys: raft.server.snapshot.retention.file.num = -1 (default)
s3g_1       | 2020-07-15 07:01:00,057 [main] INFO server.Server: Started @27213ms
om3_1       | 2020-07-15 07:01:25,232 [pool-17-thread-1] INFO server.RaftServerConfigKeys: raft.server.log.preallocated.size = 4194304 (custom)
om2_1       | 2020-07-15 07:01:25,751 [pool-17-thread-1] INFO server.RaftServerConfigKeys: raft.server.sleep.deviation.threshold = 300 (default)
datanode_3  | 2020-07-15 07:01:10,475 [pool-19-thread-1] INFO server.RaftServerConfigKeys: raft.server.log.purge.gap = 1000000 (custom)
datanode_2  | 2020-07-15 07:01:16,333 [df5c86a5-46e4-4da4-a4de-b1a940c33406@group-6230F8094066-LeaderElection2] INFO server.RaftServerConfigKeys: raft.server.log.appender.buffer.element-limit = 1 (custom)
datanode_1  | 	at org.apache.hadoop.ipc.Client.call(Client.java:1491)
scm_1       | 2020-07-15 07:01:01,614 [Listener at 0.0.0.0/9861] INFO ipc.CallQueueManager: Using callQueue: class java.util.concurrent.LinkedBlockingQueue, queueCapacity: 10000, scheduler: class org.apache.hadoop.ipc.DefaultRpcScheduler, ipcBackoff: false.
om1_1       | 2020-07-15 07:01:25,669 [pool-17-thread-1] INFO server.RaftServerConfigKeys: raft.server.log.purge.upto.snapshot.index = false (default)
s3g_1       | 2020-07-15 07:01:00,061 [main] INFO http.BaseHttpServer: HTTP server of s3gateway listening at http://0.0.0.0:9878
om3_1       | 2020-07-15 07:01:25,233 [pool-17-thread-1] INFO server.RaftServerConfigKeys: raft.server.log.write.buffer.size = 64KB (=65536) (default)
om2_1       | 2020-07-15 07:01:25,752 [pool-17-thread-1] INFO server.RaftServerConfigKeys: raft.server.log.appender.install.snapshot.enabled = false (custom)
datanode_3  | 2020-07-15 07:01:10,475 [pool-19-thread-1] INFO server.RaftServerConfigKeys: raft.server.log.appender.buffer.byte-limit = 33554432 (custom)
datanode_2  | 2020-07-15 07:01:16,340 [df5c86a5-46e4-4da4-a4de-b1a940c33406@group-6230F8094066-LeaderElection2] INFO grpc.GrpcConfigKeys: raft.grpc.server.leader.outstanding.appends.max = 128 (default)
datanode_1  | 	at org.apache.hadoop.ipc.Client.call(Client.java:1388)
scm_1       | 2020-07-15 07:01:01,615 [Socket Reader #1 for port 9863] INFO ipc.Server: Starting Socket Reader #1 for port 9863
om1_1       | 2020-07-15 07:01:25,672 [pool-17-thread-1] INFO server.RaftServerConfigKeys: raft.server.retrycache.expirytime = 600000ms (custom)
s3g_1       | 2020-07-15 07:01:54,083 [qtp1939022383-21] INFO s3.AWSV4SignatureProcessor: Initializing request header parser
om3_1       | 2020-07-15 07:01:25,233 [pool-17-thread-1] INFO server.RaftServerConfigKeys: raft.server.log.force.sync.num = 128 (default)
om2_1       | 2020-07-15 07:01:25,846 [pool-17-thread-1] INFO impl.RaftServerImpl: om2@group-562213E44849: ConfigurationManager, init=-1: [om1:om1:9872, om3:om3:9872, om2:om2:9872], old=null, confs=<EMPTY_MAP>
datanode_3  | 2020-07-15 07:01:10,477 [pool-19-thread-1] INFO server.RaftServerConfigKeys: raft.server.log.segment.size.max = 1048576 (custom)
datanode_2  | 2020-07-15 07:01:16,379 [df5c86a5-46e4-4da4-a4de-b1a940c33406@group-6230F8094066-LeaderElection2] INFO server.RaftServerConfigKeys: raft.server.rpc.request.timeout = 60s (custom)
datanode_2  | 2020-07-15 07:01:16,379 [df5c86a5-46e4-4da4-a4de-b1a940c33406@group-6230F8094066-LeaderElection2] INFO server.RaftServerConfigKeys: raft.server.log.appender.install.snapshot.enabled = false (custom)
scm_1       | 2020-07-15 07:01:01,635 [Listener at 0.0.0.0/9863] INFO ipc.CallQueueManager: Using callQueue: class java.util.concurrent.LinkedBlockingQueue, queueCapacity: 10000, scheduler: class org.apache.hadoop.ipc.DefaultRpcScheduler, ipcBackoff: false.
om1_1       | 2020-07-15 07:01:25,810 [pool-17-thread-1] INFO metrics.RatisMetrics: Creating Metrics Registry : ratis.leader_election.om1@group-562213E44849
s3g_1       | 2020-07-15 07:01:54,932 [qtp1939022383-21] INFO retry.RetryInvocationHandler: com.google.protobuf.ServiceException: org.apache.hadoop.ipc.RemoteException(org.apache.hadoop.ozone.om.exceptions.OMNotLeaderException): OM:om2 is not the leader. Suggested leader is OM:om3.
om3_1       | 2020-07-15 07:01:25,243 [pool-17-thread-1] INFO server.RaftServerConfigKeys: raft.server.log.statemachine.data.sync = true (default)
om2_1       | 2020-07-15 07:01:25,846 [pool-17-thread-1] INFO server.RaftServerConfigKeys: raft.server.storage.dir = [/data/metadata/ratis] (custom)
datanode_2  | 2020-07-15 07:01:16,380 [df5c86a5-46e4-4da4-a4de-b1a940c33406@group-6230F8094066-LeaderElection2] INFO metrics.RatisMetrics: Creating Metrics Registry : ratis_grpc.log_appender.df5c86a5-46e4-4da4-a4de-b1a940c33406@group-6230F8094066
datanode_1  | 	at org.apache.hadoop.ipc.ProtobufRpcEngine$Invoker.invoke(ProtobufRpcEngine.java:233)
datanode_3  | 2020-07-15 07:01:10,478 [pool-19-thread-1] INFO metrics.RatisMetrics: Creating Metrics Registry : ratis.log_worker.bd1bc2fa-819c-4075-8aa9-2c6f64967444@group-6230F8094066
scm_1       | 2020-07-15 07:01:01,641 [Socket Reader #1 for port 9860] INFO ipc.Server: Starting Socket Reader #1 for port 9860
om1_1       | 2020-07-15 07:01:25,829 [pool-17-thread-1] INFO metrics.RatisMetrics: Creating Metrics Registry : ratis.server.om1@group-562213E44849
s3g_1       | 	at org.apache.hadoop.ozone.protocolPB.OzoneManagerProtocolServerSideTranslatorPB.createNotLeaderException(OzoneManagerProtocolServerSideTranslatorPB.java:198)
om3_1       | 2020-07-15 07:01:25,261 [pool-17-thread-1] INFO server.RaftServerConfigKeys: raft.server.log.statemachine.data.sync.timeout = 10s (default)
om2_1       | 2020-07-15 07:01:25,915 [pool-17-thread-1] INFO server.RaftServerConfigKeys: raft.server.log.corruption.policy = EXCEPTION (default)
datanode_2  | 2020-07-15 07:01:16,398 [df5c86a5-46e4-4da4-a4de-b1a940c33406@group-6230F8094066-LeaderElection2] INFO server.RaftServerConfigKeys: raft.server.log.appender.snapshot.chunk.size.max = 16MB (=16777216) (default)
datanode_1  | 	at org.apache.hadoop.ipc.ProtobufRpcEngine$Invoker.invoke(ProtobufRpcEngine.java:118)
datanode_1  | 	at com.sun.proxy.$Proxy38.submitRequest(Unknown Source)
datanode_3  | 2020-07-15 07:01:10,481 [pool-19-thread-1] INFO server.RaftServerConfigKeys: raft.server.log.segment.cache.num.max = 2 (custom)
om1_1       | 2020-07-15 07:01:25,932 [main] INFO ipc.CallQueueManager: Using callQueue: class java.util.concurrent.LinkedBlockingQueue, queueCapacity: 10000, scheduler: class org.apache.hadoop.ipc.DefaultRpcScheduler, ipcBackoff: false.
s3g_1       | 	at org.apache.hadoop.ozone.protocolPB.OzoneManagerProtocolServerSideTranslatorPB.submitReadRequestToOM(OzoneManagerProtocolServerSideTranslatorPB.java:186)
om3_1       | 2020-07-15 07:01:25,262 [pool-17-thread-1] INFO server.RaftServerConfigKeys: raft.server.log.statemachine.data.sync.timeout.retry = -1 (default)
om2_1       | 2020-07-15 07:01:25,919 [pool-17-thread-1] INFO storage.RaftStorageDirectory: The storage directory /data/metadata/ratis/fafe1b60-c241-37cc-98f4-562213e44849 does not exist. Creating ...
datanode_2  | 2020-07-15 07:01:16,408 [df5c86a5-46e4-4da4-a4de-b1a940c33406@group-6230F8094066-LeaderElection2] INFO server.RaftServerConfigKeys: raft.server.log.appender.buffer.byte-limit = 33554432 (custom)
scm_1       | 2020-07-15 07:01:01,662 [Listener at 0.0.0.0/9860] INFO http.BaseHttpServer: Starting Web-server for scm at: http://0.0.0.0:9876
datanode_1  | 	at org.apache.hadoop.ozone.protocolPB.StorageContainerDatanodeProtocolClientSideTranslatorPB.submitRequest(StorageContainerDatanodeProtocolClientSideTranslatorPB.java:116)
datanode_3  | 2020-07-15 07:01:10,481 [pool-19-thread-1] INFO segmented.SegmentedRaftLogWorker: new bd1bc2fa-819c-4075-8aa9-2c6f64967444@group-6230F8094066-SegmentedRaftLogWorker for RaftStorage:Storage Directory /data/metadata/ratis/2dd4b63c-f884-40d2-8d98-6230f8094066
om1_1       | 2020-07-15 07:01:25,974 [Socket Reader #1 for port 9862] INFO ipc.Server: Starting Socket Reader #1 for port 9862
s3g_1       | 	at org.apache.hadoop.ozone.protocolPB.OzoneManagerProtocolServerSideTranslatorPB.processRequest(OzoneManagerProtocolServerSideTranslatorPB.java:123)
om3_1       | 2020-07-15 07:01:25,344 [pool-17-thread-1] INFO server.RaftServerConfigKeys: raft.server.log.statemachine.data.caching.enabled = false (default)
om2_1       | 2020-07-15 07:01:25,986 [pool-17-thread-1] INFO storage.RaftStorageDirectory: Lock on /data/metadata/ratis/fafe1b60-c241-37cc-98f4-562213e44849/in_use.lock acquired by nodename 6@b6d5e4ec1e39
datanode_2  | 2020-07-15 07:01:16,412 [df5c86a5-46e4-4da4-a4de-b1a940c33406@group-6230F8094066-LeaderElection2] INFO server.RaftServerConfigKeys: raft.server.log.appender.buffer.element-limit = 1 (custom)
scm_1       | 2020-07-15 07:01:01,662 [Listener at 0.0.0.0/9860] INFO http.BaseHttpServer: Hadoop Security Enabled: false Ozone Security Enabled: false Ozone HTTP Security Enabled: false 
datanode_1  | 	at org.apache.hadoop.ozone.protocolPB.StorageContainerDatanodeProtocolClientSideTranslatorPB.getVersion(StorageContainerDatanodeProtocolClientSideTranslatorPB.java:132)
datanode_3  | 2020-07-15 07:01:10,485 [pool-19-thread-1] INFO server.RaftServerConfigKeys: raft.server.log.queue.byte-limit = 2147483647 (custom)
om1_1       | 2020-07-15 07:01:26,563 [Listener at om1/9862] INFO impl.MetricsConfig: Loaded properties from hadoop-metrics2.properties
s3g_1       | 	at org.apache.hadoop.hdds.server.OzoneProtocolMessageDispatcher.processRequest(OzoneProtocolMessageDispatcher.java:74)
om3_1       | 2020-07-15 07:01:25,387 [pool-17-thread-1] INFO segmented.SegmentedRaftLogWorker: om3@group-562213E44849-SegmentedRaftLogWorker: flushIndex: setUnconditionally 0 -> -1
om2_1       | 2020-07-15 07:01:26,105 [pool-17-thread-1] INFO storage.RaftStorage: Storage directory /data/metadata/ratis/fafe1b60-c241-37cc-98f4-562213e44849 has been successfully formatted.
datanode_2  | 2020-07-15 07:01:16,422 [df5c86a5-46e4-4da4-a4de-b1a940c33406@group-6230F8094066-LeaderElection2] INFO grpc.GrpcConfigKeys: raft.grpc.server.leader.outstanding.appends.max = 128 (default)
scm_1       | 2020-07-15 07:01:01,687 [Listener at 0.0.0.0/9860] INFO util.log: Logging initialized @12968ms to org.eclipse.jetty.util.log.Slf4jLog
datanode_1  | 	at org.apache.hadoop.ozone.container.common.states.endpoint.VersionEndpointTask.call(VersionEndpointTask.java:70)
datanode_3  | 2020-07-15 07:01:10,486 [pool-19-thread-1] INFO server.RaftServerConfigKeys: raft.server.log.queue.element-limit = 1024 (custom)
om1_1       | 2020-07-15 07:01:26,725 [Listener at om1/9862] INFO impl.MetricsSystemImpl: Scheduled Metric snapshot period at 10 second(s).
s3g_1       | 	at org.apache.hadoop.ozone.protocolPB.OzoneManagerProtocolServerSideTranslatorPB.submitRequest(OzoneManagerProtocolServerSideTranslatorPB.java:113)
om3_1       | 2020-07-15 07:01:25,387 [pool-17-thread-1] INFO segmented.SegmentedRaftLogWorker: om3@group-562213E44849-SegmentedRaftLogWorker: safeCacheEvictIndex: setUnconditionally 0 -> -1
om2_1       | 2020-07-15 07:01:26,112 [pool-17-thread-1] INFO server.RaftServerConfigKeys: raft.server.notification.no-leader.timeout = 120s (custom)
datanode_2  | 2020-07-15 07:01:16,422 [df5c86a5-46e4-4da4-a4de-b1a940c33406@group-6230F8094066-LeaderElection2] INFO server.RaftServerConfigKeys: raft.server.rpc.request.timeout = 60s (custom)
scm_1       | 2020-07-15 07:01:01,804 [Listener at 0.0.0.0/9860] INFO server.AuthenticationFilter: Unable to initialize FileSignerSecretProvider, falling back to use random secrets.
datanode_1  | 	at org.apache.hadoop.ozone.container.common.states.endpoint.VersionEndpointTask.call(VersionEndpointTask.java:41)
datanode_3  | 2020-07-15 07:01:10,489 [pool-19-thread-1] INFO server.RaftServerConfigKeys: raft.server.log.segment.size.max = 1048576 (custom)
s3g_1       | 	at org.apache.hadoop.ozone.protocol.proto.OzoneManagerProtocolProtos$OzoneManagerService$2.callBlockingMethod(OzoneManagerProtocolProtos.java)
om3_1       | 2020-07-15 07:01:25,470 [pool-17-thread-1] INFO server.RaftServerConfigKeys: raft.server.snapshot.auto.trigger.enabled = true (custom)
om1_1       | 2020-07-15 07:01:26,725 [Listener at om1/9862] INFO impl.MetricsSystemImpl: OzoneManager metrics system started
om2_1       | 2020-07-15 07:01:26,116 [pool-17-thread-1] INFO server.RaftServerConfigKeys: raft.server.log.use.memory = false (default)
datanode_2  | 2020-07-15 07:01:16,422 [df5c86a5-46e4-4da4-a4de-b1a940c33406@group-6230F8094066-LeaderElection2] INFO server.RaftServerConfigKeys: raft.server.log.appender.install.snapshot.enabled = false (custom)
scm_1       | 2020-07-15 07:01:01,819 [Listener at 0.0.0.0/9860] INFO http.HttpRequestLog: Http request log for http.requests.scm is not defined
datanode_1  | 	at java.base/java.util.concurrent.FutureTask.run(FutureTask.java:264)
datanode_3  | 2020-07-15 07:01:10,489 [pool-19-thread-1] INFO server.RaftServerConfigKeys: raft.server.log.preallocated.size = 16384 (custom)
s3g_1       | 	at org.apache.hadoop.ipc.ProtobufRpcEngine$Server$ProtoBufRpcInvoker.call(ProtobufRpcEngine.java:528)
om3_1       | 2020-07-15 07:01:25,474 [pool-17-thread-1] INFO server.RaftServerConfigKeys: raft.server.snapshot.auto.trigger.threshold = 400000 (default)
om3_1       | 2020-07-15 07:01:25,476 [pool-17-thread-1] INFO server.RaftServerConfigKeys: raft.server.snapshot.retention.file.num = -1 (default)
om2_1       | 2020-07-15 07:01:26,158 [pool-17-thread-1] INFO server.RaftServerConfigKeys: raft.server.log.purge.gap = 1000000 (custom)
datanode_2  | 2020-07-15 07:01:16,424 [df5c86a5-46e4-4da4-a4de-b1a940c33406@group-6230F8094066-LeaderElection2] INFO impl.RoleInfo: df5c86a5-46e4-4da4-a4de-b1a940c33406: start LeaderState
scm_1       | 2020-07-15 07:01:01,826 [Listener at 0.0.0.0/9860] INFO http.HttpServer2: Added global filter 'safety' (class=org.apache.hadoop.hdds.server.http.HttpServer2$QuotingInputFilter)
datanode_1  | 	at java.base/java.util.concurrent.Executors$RunnableAdapter.call(Executors.java:515)
datanode_3  | 2020-07-15 07:01:10,494 [pool-19-thread-1] INFO server.RaftServerConfigKeys: raft.server.log.write.buffer.size = 1048576 (custom)
s3g_1       | 	at org.apache.hadoop.ipc.RPC$Server.call(RPC.java:1070)
om3_1       | 2020-07-15 07:01:25,484 [pool-17-thread-1] INFO server.RaftServerConfigKeys: raft.server.log.purge.upto.snapshot.index = false (default)
om1_1       | 2020-07-15 07:01:26,866 [Listener at om1/9862] INFO om.OzoneManager: OzoneManager RPC server is listening at om1/172.22.0.7:9862
om2_1       | 2020-07-15 07:01:26,161 [pool-17-thread-1] INFO server.RaftServerConfigKeys: raft.server.log.appender.buffer.byte-limit = 33554432 (custom)
datanode_2  | 2020-07-15 07:01:16,446 [df5c86a5-46e4-4da4-a4de-b1a940c33406@group-6230F8094066-LeaderElection2] INFO segmented.SegmentedRaftLogWorker: df5c86a5-46e4-4da4-a4de-b1a940c33406@group-6230F8094066-SegmentedRaftLogWorker: Starting segment from index:0
scm_1       | 2020-07-15 07:01:01,828 [Listener at 0.0.0.0/9860] INFO http.HttpServer2: Added filter static_user_filter (class=org.apache.hadoop.http.lib.StaticUserWebFilter$StaticUserFilter) to context scm
datanode_1  | 	at java.base/java.util.concurrent.FutureTask.run(FutureTask.java:264)
datanode_3  | 2020-07-15 07:01:10,497 [pool-19-thread-1] INFO server.RaftServerConfigKeys: raft.server.log.force.sync.num = 128 (default)
s3g_1       | 	at org.apache.hadoop.ipc.Server$RpcCall.run(Server.java:999)
om3_1       | 2020-07-15 07:01:25,486 [pool-17-thread-1] INFO server.RaftServerConfigKeys: raft.server.retrycache.expirytime = 600000ms (custom)
om1_1       | 2020-07-15 07:01:26,870 [Listener at om1/9862] INFO ratis.OzoneManagerRatisServer: Starting OzoneManagerRatisServer om1 at port 9872
om2_1       | 2020-07-15 07:01:26,163 [pool-17-thread-1] INFO server.RaftServerConfigKeys: raft.server.log.segment.size.max = 4194304 (custom)
datanode_2  | 2020-07-15 07:01:16,448 [df5c86a5-46e4-4da4-a4de-b1a940c33406@group-6230F8094066-SegmentedRaftLogWorker] INFO segmented.SegmentedRaftLogWorker: df5c86a5-46e4-4da4-a4de-b1a940c33406@group-6230F8094066-SegmentedRaftLogWorker: created new log segment /data/metadata/ratis/2dd4b63c-f884-40d2-8d98-6230f8094066/current/log_inprogress_0
scm_1       | 2020-07-15 07:01:01,828 [Listener at 0.0.0.0/9860] INFO http.HttpServer2: Added filter static_user_filter (class=org.apache.hadoop.http.lib.StaticUserWebFilter$StaticUserFilter) to context logs
datanode_1  | 	at java.base/java.util.concurrent.ThreadPoolExecutor.runWorker(ThreadPoolExecutor.java:1128)
datanode_3  | 2020-07-15 07:01:10,501 [pool-19-thread-1] INFO server.RaftServerConfigKeys: raft.server.log.statemachine.data.sync = true (default)
s3g_1       | 	at org.apache.hadoop.ipc.Server$RpcCall.run(Server.java:927)
om3_1       | 2020-07-15 07:01:25,633 [pool-17-thread-1] INFO metrics.RatisMetrics: Creating Metrics Registry : ratis.leader_election.om3@group-562213E44849
om1_1       | 2020-07-15 07:01:26,876 [Listener at om1/9862] INFO impl.RaftServerImpl: om1@group-562213E44849: start as a follower, conf=-1: [om1:om1:9872, om3:om3:9872, om2:om2:9872], old=null
om2_1       | 2020-07-15 07:01:26,211 [pool-17-thread-1] INFO metrics.RatisMetrics: Creating Metrics Registry : ratis.log_worker.om2@group-562213E44849
datanode_2  | 2020-07-15 07:01:16,537 [df5c86a5-46e4-4da4-a4de-b1a940c33406@group-6230F8094066-LeaderElection2] INFO impl.RaftServerImpl: df5c86a5-46e4-4da4-a4de-b1a940c33406@group-6230F8094066: set configuration 0: [d8e65494-3a38-4a9e-aef4-64b7ed6aedcd:172.22.0.8:9858, df5c86a5-46e4-4da4-a4de-b1a940c33406:172.22.0.3:9858, bd1bc2fa-819c-4075-8aa9-2c6f64967444:172.22.0.6:9858], old=null at 0
scm_1       | 2020-07-15 07:01:01,828 [Listener at 0.0.0.0/9860] INFO http.HttpServer2: Added filter static_user_filter (class=org.apache.hadoop.http.lib.StaticUserWebFilter$StaticUserFilter) to context static
datanode_1  | 	at java.base/java.util.concurrent.ThreadPoolExecutor$Worker.run(ThreadPoolExecutor.java:628)
datanode_3  | 2020-07-15 07:01:10,501 [pool-19-thread-1] INFO server.RaftServerConfigKeys: raft.server.log.statemachine.data.sync.timeout = 10s (default)
s3g_1       | 	at java.base/java.security.AccessController.doPrivileged(Native Method)
om3_1       | 2020-07-15 07:01:25,643 [pool-17-thread-1] INFO metrics.RatisMetrics: Creating Metrics Registry : ratis.server.om3@group-562213E44849
om1_1       | 2020-07-15 07:01:26,879 [Listener at om1/9862] INFO impl.RaftServerImpl: om1@group-562213E44849: changes role from      null to FOLLOWER at term 0 for startAsFollower
om2_1       | 2020-07-15 07:01:26,310 [pool-17-thread-1] INFO server.RaftServerConfigKeys: raft.server.log.segment.cache.num.max = 2 (custom)
datanode_1  | 	at java.base/java.lang.Thread.run(Thread.java:834)
om2_1       | 2020-07-15 07:01:26,357 [pool-17-thread-1] INFO segmented.SegmentedRaftLogWorker: new om2@group-562213E44849-SegmentedRaftLogWorker for RaftStorage:Storage Directory /data/metadata/ratis/fafe1b60-c241-37cc-98f4-562213e44849
om2_1       | 2020-07-15 07:01:26,359 [pool-17-thread-1] INFO server.RaftServerConfigKeys: raft.server.log.queue.byte-limit = 64MB (=67108864) (default)
om1_1       | 2020-07-15 07:01:26,880 [Listener at om1/9862] INFO impl.RoleInfo: om1: start FollowerState
scm_1       | 2020-07-15 07:01:01,864 [Listener at 0.0.0.0/9860] WARN http.BaseHttpServer: /prof java profiling servlet is activated. Not safe for production!
datanode_3  | 2020-07-15 07:01:10,502 [pool-19-thread-1] INFO server.RaftServerConfigKeys: raft.server.log.statemachine.data.sync.timeout.retry = -1 (default)
s3g_1       | 	at java.base/javax.security.auth.Subject.doAs(Subject.java:423)
datanode_1  | Caused by: java.net.SocketTimeoutException: 1000 millis timeout while waiting for channel to be ready for read. ch : java.nio.channels.SocketChannel[connected local=/172.22.0.8:38146 remote=scm/172.22.0.5:9861]
datanode_1  | 	at org.apache.hadoop.net.SocketIOWithTimeout.doIO(SocketIOWithTimeout.java:164)
om2_1       | 2020-07-15 07:01:26,363 [pool-17-thread-1] INFO server.RaftServerConfigKeys: raft.server.log.queue.element-limit = 4096 (default)
om1_1       | 2020-07-15 07:01:26,886 [Listener at om1/9862] INFO util.JmxRegister: Successfully registered JMX Bean with object name Ratis:service=RaftServer,group=group-562213E44849,id=om1
scm_1       | 2020-07-15 07:01:01,877 [Listener at 0.0.0.0/9860] INFO server.StorageContainerManager: StorageContainerLocationProtocol RPC server is listening at /0.0.0.0:9860
datanode_3  | 2020-07-15 07:01:10,503 [pool-19-thread-1] INFO server.RaftServerConfigKeys: raft.server.log.statemachine.data.caching.enabled = true (custom)
s3g_1       | 	at org.apache.hadoop.security.UserGroupInformation.doAs(UserGroupInformation.java:1730)
datanode_1  | 	at org.apache.hadoop.net.SocketInputStream.read(SocketInputStream.java:161)
om3_1       | 2020-07-15 07:01:25,664 [main] INFO ipc.CallQueueManager: Using callQueue: class java.util.concurrent.LinkedBlockingQueue, queueCapacity: 10000, scheduler: class org.apache.hadoop.ipc.DefaultRpcScheduler, ipcBackoff: false.
om2_1       | 2020-07-15 07:01:26,370 [pool-17-thread-1] INFO server.RaftServerConfigKeys: raft.server.log.segment.size.max = 4194304 (custom)
om1_1       | 2020-07-15 07:01:26,888 [Listener at om1/9862] INFO metrics.RatisMetrics: Creating Metrics Registry : ratis.state_machine.om1@group-562213E44849
scm_1       | 2020-07-15 07:01:02,024 [Listener at 0.0.0.0/9860] INFO impl.MetricsConfig: Loaded properties from hadoop-metrics2.properties
datanode_3  | 2020-07-15 07:01:10,512 [pool-19-thread-1] INFO segmented.SegmentedRaftLogWorker: bd1bc2fa-819c-4075-8aa9-2c6f64967444@group-6230F8094066-SegmentedRaftLogWorker: flushIndex: setUnconditionally 0 -> -1
s3g_1       | 	at org.apache.hadoop.ipc.Server$Handler.run(Server.java:2915)
datanode_1  | 	at org.apache.hadoop.net.SocketInputStream.read(SocketInputStream.java:131)
om3_1       | 2020-07-15 07:01:25,698 [Socket Reader #1 for port 9862] INFO ipc.Server: Starting Socket Reader #1 for port 9862
om2_1       | 2020-07-15 07:01:26,377 [pool-17-thread-1] INFO server.RaftServerConfigKeys: raft.server.log.preallocated.size = 4194304 (custom)
om1_1       | 2020-07-15 07:01:26,911 [Listener at om1/9862] INFO impl.RaftServerProxy: om1: start RPC server
scm_1       | 2020-07-15 07:01:02,105 [Listener at 0.0.0.0/9860] INFO impl.MetricsSystemImpl: Scheduled Metric snapshot period at 10 second(s).
datanode_3  | 2020-07-15 07:01:10,512 [pool-19-thread-1] INFO segmented.SegmentedRaftLogWorker: bd1bc2fa-819c-4075-8aa9-2c6f64967444@group-6230F8094066-SegmentedRaftLogWorker: safeCacheEvictIndex: setUnconditionally 0 -> -1
s3g_1       | , while invoking $Proxy88.submitRequest over nodeId=om2,nodeAddress=om2:9862 after 1 failover attempts. Trying to failover immediately.
datanode_1  | 	at java.base/java.io.FilterInputStream.read(FilterInputStream.java:133)
om3_1       | 2020-07-15 07:01:26,212 [Listener at om3/9862] INFO impl.MetricsConfig: Loaded properties from hadoop-metrics2.properties
om2_1       | 2020-07-15 07:01:26,378 [pool-17-thread-1] INFO server.RaftServerConfigKeys: raft.server.log.write.buffer.size = 64KB (=65536) (default)
om1_1       | 2020-07-15 07:01:27,060 [Listener at om1/9862] INFO server.GrpcService: om1: GrpcService started, listening on 0.0.0.0/0.0.0.0:9872
scm_1       | 2020-07-15 07:01:02,105 [Listener at 0.0.0.0/9860] INFO impl.MetricsSystemImpl: StorageContainerManager metrics system started
datanode_3  | 2020-07-15 07:01:10,513 [pool-19-thread-1] INFO server.RaftServerConfigKeys: raft.server.snapshot.auto.trigger.enabled = true (custom)
s3g_1       | 2020-07-15 07:01:55,400 [qtp1939022383-21] INFO rpc.RpcClient: Creating Bucket: s3v/bucket-02990, with Versioning false and Storage Type set to DISK and Encryption set to false 
datanode_1  | 	at java.base/java.io.BufferedInputStream.fill(BufferedInputStream.java:252)
om3_1       | 2020-07-15 07:01:26,398 [Listener at om3/9862] INFO impl.MetricsSystemImpl: Scheduled Metric snapshot period at 10 second(s).
om2_1       | 2020-07-15 07:01:26,390 [pool-17-thread-1] INFO server.RaftServerConfigKeys: raft.server.log.force.sync.num = 128 (default)
om1_1       | 2020-07-15 07:01:27,093 [IPC Server Responder] INFO ipc.Server: IPC Server Responder: starting
scm_1       | 2020-07-15 07:01:02,385 [Listener at 0.0.0.0/9860] INFO server.SCMClientProtocolServer: RPC server for Client  is listening at /0.0.0.0:9860
datanode_3  | 2020-07-15 07:01:10,513 [pool-19-thread-1] INFO server.RaftServerConfigKeys: raft.server.snapshot.auto.trigger.threshold = 10000 (custom)
s3g_1       | 2020-07-15 07:01:55,582 [qtp1939022383-21] INFO endpoint.BucketEndpoint: Location is /bucket-02990
datanode_1  | 	at java.base/java.io.BufferedInputStream.read(BufferedInputStream.java:271)
om3_1       | 2020-07-15 07:01:26,400 [Listener at om3/9862] INFO impl.MetricsSystemImpl: OzoneManager metrics system started
om2_1       | 2020-07-15 07:01:26,401 [pool-17-thread-1] INFO server.RaftServerConfigKeys: raft.server.log.statemachine.data.sync = true (default)
om1_1       | 2020-07-15 07:01:27,108 [IPC Server listener on 9862] INFO ipc.Server: IPC Server listener on 9862: starting
scm_1       | 2020-07-15 07:01:02,387 [IPC Server Responder] INFO ipc.Server: IPC Server Responder: starting
datanode_3  | 2020-07-15 07:01:10,513 [pool-19-thread-1] INFO server.RaftServerConfigKeys: raft.server.snapshot.retention.file.num = 5 (custom)
s3g_1       | 2020-07-15 07:01:56,806 [qtp1939022383-17] INFO s3.AWSV4SignatureProcessor: Initializing request header parser
datanode_1  | 	at java.base/java.io.FilterInputStream.read(FilterInputStream.java:83)
om3_1       | 2020-07-15 07:01:26,518 [Listener at om3/9862] INFO om.OzoneManager: OzoneManager RPC server is listening at om3/172.22.0.4:9862
om2_1       | 2020-07-15 07:01:26,401 [pool-17-thread-1] INFO server.RaftServerConfigKeys: raft.server.log.statemachine.data.sync.timeout = 10s (default)
om1_1       | 2020-07-15 07:01:27,664 [Listener at om1/9862] INFO http.BaseHttpServer: Starting Web-server for ozoneManager at: http://0.0.0.0:9874
scm_1       | 2020-07-15 07:01:02,390 [IPC Server listener on 9860] INFO ipc.Server: IPC Server listener on 9860: starting
datanode_3  | 2020-07-15 07:01:10,513 [pool-19-thread-1] INFO server.RaftServerConfigKeys: raft.server.log.purge.upto.snapshot.index = false (default)
s3g_1       | 2020-07-15 07:01:56,857 [qtp1939022383-17] INFO retry.RetryInvocationHandler: com.google.protobuf.ServiceException: org.apache.hadoop.ipc.RemoteException(org.apache.hadoop.ozone.om.exceptions.OMNotLeaderException): OM:om2 is not the leader. Suggested leader is OM:om3.
datanode_1  | 	at java.base/java.io.FilterInputStream.read(FilterInputStream.java:83)
om3_1       | 2020-07-15 07:01:26,519 [Listener at om3/9862] INFO ratis.OzoneManagerRatisServer: Starting OzoneManagerRatisServer om3 at port 9872
om2_1       | 2020-07-15 07:01:26,413 [pool-17-thread-1] INFO server.RaftServerConfigKeys: raft.server.log.statemachine.data.sync.timeout.retry = -1 (default)
om1_1       | 2020-07-15 07:01:27,664 [Listener at om1/9862] INFO http.BaseHttpServer: Hadoop Security Enabled: false Ozone Security Enabled: false Ozone HTTP Security Enabled: false 
scm_1       | 2020-07-15 07:01:02,428 [Listener at 0.0.0.0/9860] INFO server.StorageContainerManager: ScmBlockLocationProtocol RPC server is listening at /0.0.0.0:9863
datanode_3  | 2020-07-15 07:01:10,513 [pool-19-thread-1] INFO server.RaftServerConfigKeys: raft.server.retrycache.expirytime = 600000ms (custom)
s3g_1       | 	at org.apache.hadoop.ozone.protocolPB.OzoneManagerProtocolServerSideTranslatorPB.createNotLeaderException(OzoneManagerProtocolServerSideTranslatorPB.java:198)
datanode_1  | 	at org.apache.hadoop.ipc.Client$Connection$PingInputStream.read(Client.java:567)
om3_1       | 2020-07-15 07:01:26,524 [Listener at om3/9862] INFO impl.RaftServerImpl: om3@group-562213E44849: start as a follower, conf=-1: [om1:om1:9872, om3:om3:9872, om2:om2:9872], old=null
om2_1       | 2020-07-15 07:01:26,504 [pool-17-thread-1] INFO server.RaftServerConfigKeys: raft.server.log.statemachine.data.caching.enabled = false (default)
om2_1       | 2020-07-15 07:01:26,552 [pool-17-thread-1] INFO segmented.SegmentedRaftLogWorker: om2@group-562213E44849-SegmentedRaftLogWorker: flushIndex: setUnconditionally 0 -> -1
om2_1       | 2020-07-15 07:01:26,553 [pool-17-thread-1] INFO segmented.SegmentedRaftLogWorker: om2@group-562213E44849-SegmentedRaftLogWorker: safeCacheEvictIndex: setUnconditionally 0 -> -1
om2_1       | 2020-07-15 07:01:26,578 [pool-17-thread-1] INFO server.RaftServerConfigKeys: raft.server.snapshot.auto.trigger.enabled = true (custom)
om2_1       | 2020-07-15 07:01:26,580 [pool-17-thread-1] INFO server.RaftServerConfigKeys: raft.server.snapshot.auto.trigger.threshold = 400000 (default)
om2_1       | 2020-07-15 07:01:26,580 [pool-17-thread-1] INFO server.RaftServerConfigKeys: raft.server.snapshot.retention.file.num = -1 (default)
om1_1       | 2020-07-15 07:01:27,755 [Listener at om1/9862] INFO util.log: Logging initialized @24002ms to org.eclipse.jetty.util.log.Slf4jLog
datanode_1  | 	at java.base/java.io.DataInputStream.readInt(DataInputStream.java:392)
om2_1       | 2020-07-15 07:01:26,582 [pool-17-thread-1] INFO server.RaftServerConfigKeys: raft.server.log.purge.upto.snapshot.index = false (default)
scm_1       | 2020-07-15 07:01:02,455 [Listener at 0.0.0.0/9860] INFO server.SCMBlockProtocolServer: RPC server for Block Protocol is listening at /0.0.0.0:9863
datanode_3  | 2020-07-15 07:01:10,520 [pool-19-thread-1] INFO metrics.RatisMetrics: Creating Metrics Registry : ratis.leader_election.bd1bc2fa-819c-4075-8aa9-2c6f64967444@group-6230F8094066
s3g_1       | 	at org.apache.hadoop.ozone.protocolPB.OzoneManagerProtocolServerSideTranslatorPB.submitReadRequestToOM(OzoneManagerProtocolServerSideTranslatorPB.java:186)
om1_1       | 2020-07-15 07:01:27,931 [Thread-11] INFO impl.FollowerState: om1@group-562213E44849-FollowerState: change to CANDIDATE, lastRpcTime:1051ms, electionTimeout:1037ms
om3_1       | 2020-07-15 07:01:26,526 [Listener at om3/9862] INFO impl.RaftServerImpl: om3@group-562213E44849: changes role from      null to FOLLOWER at term 0 for startAsFollower
datanode_1  | 	at org.apache.hadoop.ipc.Client$IpcStreams.readResponse(Client.java:1850)
om2_1       | 2020-07-15 07:01:26,583 [pool-17-thread-1] INFO server.RaftServerConfigKeys: raft.server.retrycache.expirytime = 600000ms (custom)
scm_1       | 2020-07-15 07:01:02,458 [IPC Server Responder] INFO ipc.Server: IPC Server Responder: starting
datanode_3  | 2020-07-15 07:01:10,520 [pool-19-thread-1] INFO metrics.RatisMetrics: Creating Metrics Registry : ratis.server.bd1bc2fa-819c-4075-8aa9-2c6f64967444@group-6230F8094066
datanode_3  | 2020-07-15 07:01:10,526 [pool-19-thread-1] INFO impl.RaftServerImpl: bd1bc2fa-819c-4075-8aa9-2c6f64967444@group-6230F8094066: start as a follower, conf=-1: [d8e65494-3a38-4a9e-aef4-64b7ed6aedcd:172.22.0.8:9858, df5c86a5-46e4-4da4-a4de-b1a940c33406:172.22.0.3:9858, bd1bc2fa-819c-4075-8aa9-2c6f64967444:172.22.0.6:9858], old=null
om1_1       | 2020-07-15 07:01:27,932 [Thread-11] INFO impl.RoleInfo: om1: shutdown FollowerState
om3_1       | 2020-07-15 07:01:26,527 [Listener at om3/9862] INFO impl.RoleInfo: om3: start FollowerState
datanode_1  | 	at org.apache.hadoop.ipc.Client$Connection.receiveRpcResponse(Client.java:1183)
om2_1       | 2020-07-15 07:01:26,695 [pool-17-thread-1] INFO metrics.RatisMetrics: Creating Metrics Registry : ratis.leader_election.om2@group-562213E44849
datanode_3  | 2020-07-15 07:01:10,529 [pool-19-thread-1] INFO impl.RaftServerImpl: bd1bc2fa-819c-4075-8aa9-2c6f64967444@group-6230F8094066: changes role from      null to FOLLOWER at term 0 for startAsFollower
s3g_1       | 	at org.apache.hadoop.ozone.protocolPB.OzoneManagerProtocolServerSideTranslatorPB.processRequest(OzoneManagerProtocolServerSideTranslatorPB.java:123)
scm_1       | 2020-07-15 07:01:02,489 [IPC Server listener on 9863] INFO ipc.Server: IPC Server listener on 9863: starting
om1_1       | 2020-07-15 07:01:27,933 [Thread-11] INFO impl.RaftServerImpl: om1@group-562213E44849: changes role from  FOLLOWER to CANDIDATE at term 0 for changeToCandidate
om3_1       | 2020-07-15 07:01:26,536 [Listener at om3/9862] INFO util.JmxRegister: Successfully registered JMX Bean with object name Ratis:service=RaftServer,group=group-562213E44849,id=om3
om2_1       | 2020-07-15 07:01:26,706 [pool-17-thread-1] INFO metrics.RatisMetrics: Creating Metrics Registry : ratis.server.om2@group-562213E44849
s3g_1       | 	at org.apache.hadoop.hdds.server.OzoneProtocolMessageDispatcher.processRequest(OzoneProtocolMessageDispatcher.java:74)
scm_1       | 2020-07-15 07:01:02,512 [Listener at 0.0.0.0/9860] INFO server.StorageContainerManager: ScmDatanodeProtocl RPC server is listening at /0.0.0.0:9861
om1_1       | 2020-07-15 07:01:27,935 [Thread-11] INFO impl.RoleInfo: om1: start LeaderElection
om3_1       | 2020-07-15 07:01:26,546 [Listener at om3/9862] INFO metrics.RatisMetrics: Creating Metrics Registry : ratis.state_machine.om3@group-562213E44849
datanode_1  | 	at org.apache.hadoop.ipc.Client$Connection.run(Client.java:1079)
datanode_3  | 2020-07-15 07:01:10,530 [pool-19-thread-1] INFO impl.RoleInfo: bd1bc2fa-819c-4075-8aa9-2c6f64967444: start FollowerState
om2_1       | 2020-07-15 07:01:26,710 [main] INFO ipc.CallQueueManager: Using callQueue: class java.util.concurrent.LinkedBlockingQueue, queueCapacity: 10000, scheduler: class org.apache.hadoop.ipc.DefaultRpcScheduler, ipcBackoff: false.
s3g_1       | 	at org.apache.hadoop.ozone.protocolPB.OzoneManagerProtocolServerSideTranslatorPB.submitRequest(OzoneManagerProtocolServerSideTranslatorPB.java:113)
scm_1       | 2020-07-15 07:01:02,512 [Listener at 0.0.0.0/9860] INFO server.SCMDatanodeProtocolServer: RPC server for DataNodes is listening at /0.0.0.0:9861
om1_1       | 2020-07-15 07:01:27,972 [om1@group-562213E44849-LeaderElection1] INFO impl.LeaderElection: om1@group-562213E44849-LeaderElection1: begin an election at term 1 for -1: [om1:om1:9872, om3:om3:9872, om2:om2:9872], old=null
om3_1       | 2020-07-15 07:01:26,562 [Listener at om3/9862] INFO impl.RaftServerProxy: om3: start RPC server
datanode_1  | 2020-07-15 07:01:03,517 [Datanode State Machine Thread - 1] INFO ozoneimpl.OzoneContainer: Attempting to start container services.
