scm_1         | OpenJDK 64-Bit Server VM warning: Option UseConcMarkSweepGC was deprecated in version 9.0 and will likely be removed in a future release.
recon_1       | 	at org.apache.hadoop.ipc.Server.channelWrite(Server.java:3619)
om_1          | 2022-10-23 13:17:26,775 [om1-impl-thread1] INFO server.RaftServerConfigKeys: raft.server.log.appender.buffer.byte-limit = 33554432 (custom)
datanode_1_1  | 2022-10-23 13:17:05,384 [EndpointStateMachine task thread for scm/10.5.0.71:9861 - 0 ] INFO server.GrpcService: bc939842-953c-444c-9357-c6b0abead2eb: GrpcService started, listening on 9856
datanode_1_1  | 2022-10-23 13:17:05,411 [EndpointStateMachine task thread for scm/10.5.0.71:9861 - 0 ] INFO server.GrpcService: bc939842-953c-444c-9357-c6b0abead2eb: GrpcService started, listening on 9857
datanode_5_1  | 	at java.base/jdk.internal.reflect.DelegatingConstructorAccessorImpl.newInstance(DelegatingConstructorAccessorImpl.java:45)
datanode_2_1  | 	at org.apache.hadoop.ozone.container.common.states.datanode.RunningDatanodeState.lambda$execute$0(RunningDatanodeState.java:157)
datanode_3_1  | 2022-10-23 13:17:27,537 [grpc-default-executor-0] INFO server.RaftServer$Division: 35f00696-65b2-47c9-a75b-64cd61d40d87@group-E401CF87863B replies to ELECTION vote request: d2dd63bf-1f77-48cf-8e30-8708a4aef0d7<-35f00696-65b2-47c9-a75b-64cd61d40d87#0:FAIL-t3. Peer's state: 35f00696-65b2-47c9-a75b-64cd61d40d87@group-E401CF87863B:t3, leader=null, voted=null, raftlog=Memoized:35f00696-65b2-47c9-a75b-64cd61d40d87@group-E401CF87863B-SegmentedRaftLog:OPENED:c-1, conf=-1: peers:[d2dd63bf-1f77-48cf-8e30-8708a4aef0d7|rpc:10.5.0.8:9856|admin:10.5.0.8:9857|client:10.5.0.8:9858|dataStream:|priority:0|startupRole:FOLLOWER, 35f00696-65b2-47c9-a75b-64cd61d40d87|rpc:10.5.0.6:9856|admin:10.5.0.6:9857|client:10.5.0.6:9858|dataStream:|priority:1|startupRole:FOLLOWER, ca491053-fe49-4ba6-89dc-4e979c4c67e3|rpc:10.5.0.5:9856|admin:10.5.0.5:9857|client:10.5.0.5:9858|dataStream:|priority:0|startupRole:FOLLOWER]|listeners:[], old=null
datanode_6_1  | 	at java.base/java.lang.reflect.Constructor.newInstance(Constructor.java:490)
scm_1         | 2022-10-23 13:16:50,851 [main] INFO server.StorageContainerManagerStarter: STARTUP_MSG: 
recon_1       | 	at org.apache.hadoop.ipc.Server.access$1700(Server.java:144)
datanode_1_1  | 2022-10-23 13:17:05,423 [EndpointStateMachine task thread for scm/10.5.0.71:9861 - 0 ] INFO ratis.XceiverServerRatis: XceiverServerRatis bc939842-953c-444c-9357-c6b0abead2eb is started using port 9858 for RATIS
om_1          | 2022-10-23 13:17:26,794 [om1-impl-thread1] INFO server.RaftServerConfigKeys: raft.server.log.statemachine.data.read.timeout = 1000ms (default)
datanode_5_1  | 	at java.base/java.lang.reflect.Constructor.newInstance(Constructor.java:490)
datanode_2_1  | 	at java.base/java.util.concurrent.FutureTask.run(FutureTask.java:264)
datanode_3_1  | 2022-10-23 13:17:27,542 [35f00696-65b2-47c9-a75b-64cd61d40d87@group-E401CF87863B-FollowerState] INFO server.RaftServerConfigKeys: raft.server.rpc.first-election.timeout.min = 5s (fallback to raft.server.rpc.timeout.min)
datanode_6_1  | 	at org.apache.hadoop.net.NetUtils.wrapWithMessage(NetUtils.java:913)
scm_1         | /************************************************************
recon_1       | 	at org.apache.hadoop.ipc.Server$Responder.processResponse(Server.java:1672)
datanode_4_1  | 	at java.base/java.lang.reflect.Constructor.newInstance(Constructor.java:490)
datanode_1_1  | 2022-10-23 13:17:05,426 [EndpointStateMachine task thread for scm/10.5.0.71:9861 - 0 ] INFO ratis.XceiverServerRatis: XceiverServerRatis bc939842-953c-444c-9357-c6b0abead2eb is started using port 9857 for RATIS_ADMIN
om_1          | 2022-10-23 13:17:26,795 [om1-impl-thread1] INFO server.RaftServerConfigKeys: raft.server.log.purge.preservation.log.num = 0 (default)
datanode_5_1  | 	at org.apache.hadoop.net.NetUtils.wrapWithMessage(NetUtils.java:913)
datanode_2_1  | 	at java.base/java.util.concurrent.Executors$RunnableAdapter.call(Executors.java:515)
datanode_3_1  | 2022-10-23 13:17:27,545 [35f00696-65b2-47c9-a75b-64cd61d40d87@group-E401CF87863B-FollowerState] INFO server.RaftServerConfigKeys: raft.server.rpc.first-election.timeout.max = 5200ms (fallback to raft.server.rpc.timeout.max)
datanode_6_1  | 	at org.apache.hadoop.net.NetUtils.wrapException(NetUtils.java:848)
scm_1         | STARTUP_MSG: Starting StorageContainerManager
recon_1       | 	at org.apache.hadoop.ipc.Server$Responder.doRespond(Server.java:1742)
datanode_4_1  | 	at org.apache.hadoop.net.NetUtils.wrapWithMessage(NetUtils.java:913)
datanode_1_1  | 2022-10-23 13:17:05,427 [EndpointStateMachine task thread for scm/10.5.0.71:9861 - 0 ] INFO ratis.XceiverServerRatis: XceiverServerRatis bc939842-953c-444c-9357-c6b0abead2eb is started using port 9856 for RATIS_SERVER
om_1          | 2022-10-23 13:17:26,819 [om1-impl-thread1] INFO server.RaftServerConfigKeys: raft.server.log.segment.size.max = 4194304 (custom)
datanode_5_1  | 	at org.apache.hadoop.net.NetUtils.wrapException(NetUtils.java:848)
datanode_2_1  | 	at java.base/java.util.concurrent.FutureTask.run(FutureTask.java:264)
datanode_3_1  | 2022-10-23 13:17:27,914 [grpc-default-executor-0] INFO server.RaftServer$Division: 35f00696-65b2-47c9-a75b-64cd61d40d87@group-E401CF87863B: receive requestVote(ELECTION, ca491053-fe49-4ba6-89dc-4e979c4c67e3, group-E401CF87863B, 3, (t:0, i:0))
datanode_6_1  | 	at org.apache.hadoop.ipc.Client.getRpcResponse(Client.java:1616)
scm_1         | STARTUP_MSG:   host = ba44138a535a/10.5.0.71
recon_1       | 	at org.apache.hadoop.ipc.Server$Connection.sendResponse(Server.java:2847)
datanode_4_1  | 	at org.apache.hadoop.net.NetUtils.wrapException(NetUtils.java:848)
datanode_1_1  | 2022-10-23 13:17:05,431 [JvmPauseMonitor0] INFO util.JvmPauseMonitor: JvmPauseMonitor-bc939842-953c-444c-9357-c6b0abead2eb: Started
om_1          | 2022-10-23 13:17:26,849 [om1-impl-thread1] INFO server.RaftServerConfigKeys: raft.server.log.segment.cache.num.max = 2 (custom)
datanode_5_1  | 	at org.apache.hadoop.ipc.Client.getRpcResponse(Client.java:1616)
datanode_2_1  | 	at java.base/java.util.concurrent.ThreadPoolExecutor.runWorker(ThreadPoolExecutor.java:1128)
datanode_6_1  | 	at org.apache.hadoop.ipc.Client.call(Client.java:1558)
scm_1         | STARTUP_MSG:   args = []
recon_1       | 	at org.apache.hadoop.ipc.Server$Connection.access$300(Server.java:1814)
datanode_4_1  | 	at org.apache.hadoop.ipc.Client.getRpcResponse(Client.java:1616)
datanode_1_1  | 2022-10-23 13:17:07,719 [Datanode State Machine Daemon Thread] ERROR datanode.RunningDatanodeState: Error in executing end point task.
om_1          | 2022-10-23 13:17:26,850 [om1-impl-thread1] INFO server.RaftServerConfigKeys: raft.server.log.segment.cache.size.max = 200MB (=209715200) (default)
datanode_5_1  | 	at org.apache.hadoop.ipc.Client.call(Client.java:1558)
datanode_5_1  | 	at org.apache.hadoop.ipc.Client.call(Client.java:1455)
datanode_3_1  | 2022-10-23 13:17:27,915 [grpc-default-executor-0] INFO impl.VoteContext: 35f00696-65b2-47c9-a75b-64cd61d40d87@group-E401CF87863B-FOLLOWER: reject ELECTION from ca491053-fe49-4ba6-89dc-4e979c4c67e3: our priority 1 > candidate's priority 0
datanode_2_1  | 	at java.base/java.util.concurrent.ThreadPoolExecutor$Worker.run(ThreadPoolExecutor.java:628)
datanode_6_1  | 	at org.apache.hadoop.ipc.Client.call(Client.java:1455)
scm_1         | STARTUP_MSG:   version = 1.3.0-SNAPSHOT
recon_1       | 	at org.apache.hadoop.ipc.Server$RpcCall.doResponse(Server.java:1125)
recon_1       | 	at org.apache.hadoop.ipc.Server$Call.doResponse(Server.java:917)
recon_1       | 	at org.apache.hadoop.ipc.Server$Call.sendResponse(Server.java:903)
recon_1       | 	at org.apache.hadoop.ipc.Server$RpcCall.run(Server.java:1060)
datanode_1_1  | java.util.concurrent.ExecutionException: java.util.concurrent.TimeoutException
datanode_1_1  | 	at java.base/java.util.concurrent.FutureTask.report(FutureTask.java:122)
datanode_4_1  | 	at org.apache.hadoop.ipc.Client.call(Client.java:1558)
datanode_4_1  | 	at org.apache.hadoop.ipc.Client.call(Client.java:1455)
datanode_4_1  | 	at org.apache.hadoop.ipc.ProtobufRpcEngine$Invoker.invoke(ProtobufRpcEngine.java:235)
datanode_4_1  | 	at org.apache.hadoop.ipc.ProtobufRpcEngine$Invoker.invoke(ProtobufRpcEngine.java:122)
datanode_2_1  | 	... 1 more
datanode_5_1  | 	at org.apache.hadoop.ipc.ProtobufRpcEngine$Invoker.invoke(ProtobufRpcEngine.java:235)
recon_1       | 	at org.apache.hadoop.ipc.Server$RpcCall.run(Server.java:971)
recon_1       | 	at java.base/java.security.AccessController.doPrivileged(Native Method)
datanode_1_1  | 	at java.base/java.util.concurrent.FutureTask.get(FutureTask.java:191)
datanode_4_1  | 	at com.sun.proxy.$Proxy39.submitRequest(Unknown Source)
datanode_4_1  | 	at org.apache.hadoop.ozone.protocolPB.StorageContainerDatanodeProtocolClientSideTranslatorPB.submitRequest(StorageContainerDatanodeProtocolClientSideTranslatorPB.java:117)
datanode_3_1  | 2022-10-23 13:17:27,915 [grpc-default-executor-0] INFO server.RaftServer$Division: 35f00696-65b2-47c9-a75b-64cd61d40d87@group-E401CF87863B: changes role from  FOLLOWER to FOLLOWER at term 3 for candidate:ca491053-fe49-4ba6-89dc-4e979c4c67e3
scm_1         | STARTUP_MSG:   classpath = /etc/hadoop:/opt/hadoop/share/ozone/lib/kerb-simplekdc-1.0.1.jar:/opt/hadoop/share/ozone/lib/slf4j-reload4j-1.7.36.jar:/opt/hadoop/share/ozone/lib/protobuf-java-2.5.0.jar:/opt/hadoop/share/ozone/lib/jaxb-core-2.3.0.1.jar:/opt/hadoop/share/ozone/lib/istack-commons-runtime-3.0.5.jar:/opt/hadoop/share/ozone/lib/netty-handler-4.1.79.Final.jar:/opt/hadoop/share/ozone/lib/commons-validator-1.6.jar:/opt/hadoop/share/ozone/lib/bcpkix-jdk15on-1.67.jar:/opt/hadoop/share/ozone/lib/hdds-interface-admin-1.3.0-SNAPSHOT.jar:/opt/hadoop/share/ozone/lib/jetty-security-9.4.43.v20210629.jar:/opt/hadoop/share/ozone/lib/kerb-core-1.0.1.jar:/opt/hadoop/share/ozone/lib/hadoop-shaded-protobuf_3_7-1.1.1.jar:/opt/hadoop/share/ozone/lib/netty-common-4.1.79.Final.jar:/opt/hadoop/share/ozone/lib/ratis-thirdparty-misc-1.0.2.jar:/opt/hadoop/share/ozone/lib/hdds-container-service-1.3.0-SNAPSHOT.jar:/opt/hadoop/share/ozone/lib/jsr305-3.0.0.jar:/opt/hadoop/share/ozone/lib/j2objc-annotations-1.3.jar:/opt/hadoop/share/ozone/lib/picocli-4.6.1.jar:/opt/hadoop/share/ozone/lib/javassist-3.21.0-GA.jar:/opt/hadoop/share/ozone/lib/jaxb-api-2.3.0.jar:/opt/hadoop/share/ozone/lib/kerb-util-1.0.1.jar:/opt/hadoop/share/ozone/lib/ratis-common-2.4.0.jar:/opt/hadoop/share/ozone/lib/hadoop-shaded-guava-1.1.1.jar:/opt/hadoop/share/ozone/lib/kotlin-stdlib-1.6.21.jar:/opt/hadoop/share/ozone/lib/log4j-core-2.17.1.jar:/opt/hadoop/share/ozone/lib/commons-logging-1.2.jar:/opt/hadoop/share/ozone/lib/accessors-smart-2.4.7.jar:/opt/hadoop/share/ozone/lib/kerby-xdr-1.0.1.jar:/opt/hadoop/share/ozone/lib/ratis-metrics-2.4.0.jar:/opt/hadoop/share/ozone/lib/txw2-2.3.0.1.jar:/opt/hadoop/share/ozone/lib/ratis-grpc-2.4.0.jar:/opt/hadoop/share/ozone/lib/httpcore-4.4.13.jar:/opt/hadoop/share/ozone/lib/guava-31.1-jre.jar:/opt/hadoop/share/ozone/lib/opentracing-tracerresolver-0.1.8.jar:/opt/hadoop/share/ozone/lib/commons-net-3.6.jar:/opt/hadoop/share/ozone/lib/netty-transport-4.1.79.Final.jar:/opt/hadoop/share/ozone/lib/hadoop-auth-3.3.4.jar:/opt/hadoop/share/ozone/lib/libthrift-0.14.1.jar:/opt/hadoop/share/ozone/lib/stax-ex-1.7.8.jar:/opt/hadoop/share/ozone/lib/error_prone_annotations-2.2.0.jar:/opt/hadoop/share/ozone/lib/kotlin-stdlib-common-1.4.10.jar:/opt/hadoop/share/ozone/lib/httpclient-4.5.13.jar:/opt/hadoop/share/ozone/lib/jetty-servlet-9.4.43.v20210629.jar:/opt/hadoop/share/ozone/lib/jaeger-client-1.6.0.jar:/opt/hadoop/share/ozone/lib/kerby-config-1.0.1.jar:/opt/hadoop/share/ozone/lib/jackson-annotations-2.13.4.jar:/opt/hadoop/share/ozone/lib/commons-io-2.11.0.jar:/opt/hadoop/share/ozone/lib/metrics-core-3.2.4.jar:/opt/hadoop/share/ozone/lib/hadoop-annotations-3.3.4.jar:/opt/hadoop/share/ozone/lib/kerby-pkix-1.0.1.jar:/opt/hadoop/share/ozone/lib/ratis-proto-2.4.0.jar:/opt/hadoop/share/ozone/lib/json-smart-2.4.7.jar:/opt/hadoop/share/ozone/lib/snakeyaml-1.32.jar:/opt/hadoop/share/ozone/lib/hdds-interface-client-1.3.0-SNAPSHOT.jar:/opt/hadoop/share/ozone/lib/jsr311-api-1.1.1.jar:/opt/hadoop/share/ozone/lib/hdds-annotation-processing-1.3.0-SNAPSHOT.jar:/opt/hadoop/share/ozone/lib/commons-beanutils-1.9.4.jar:/opt/hadoop/share/ozone/lib/jetty-webapp-9.4.43.v20210629.jar:/opt/hadoop/share/ozone/lib/hdds-server-framework-1.3.0-SNAPSHOT.jar:/opt/hadoop/share/ozone/lib/javax.servlet-api-3.1.0.jar:/opt/hadoop/share/ozone/lib/kerb-server-1.0.1.jar:/opt/hadoop/share/ozone/lib/hdds-common-1.3.0-SNAPSHOT.jar:/opt/hadoop/share/ozone/lib/rocksdbjni-7.4.5.jar:/opt/hadoop/share/ozone/lib/kerb-client-1.0.1.jar:/opt/hadoop/share/ozone/lib/hadoop-common-3.3.4.jar:/opt/hadoop/share/ozone/lib/disruptor-3.4.2.jar:/opt/hadoop/share/ozone/lib/reflections-0.9.11.jar:/opt/hadoop/share/ozone/lib/gson-2.9.0.jar:/opt/hadoop/share/ozone/lib/hdds-erasurecode-1.3.0-SNAPSHOT.jar:/opt/hadoop/share/ozone/lib/jetty-io-9.4.43.v20210629.jar:/opt/hadoop/share/ozone/lib/hdds-interface-server-1.3.0-SNAPSHOT.jar:/opt/hadoop/share/ozone/lib/annotations-13.0.jar:/opt/hadoop/share/ozone/lib/jetty-server-9.4.43.v20210629.jar:/opt/hadoop/share/ozone/lib/simpleclient_common-0.7.0.jar:/opt/hadoop/share/ozone/lib/jaeger-thrift-1.6.0.jar:/opt/hadoop/share/ozone/lib/dnsjava-2.1.7.jar:/opt/hadoop/share/ozone/lib/bcprov-jdk15on-1.67.jar:/opt/hadoop/share/ozone/lib/commons-configuration2-2.1.1.jar:/opt/hadoop/share/ozone/lib/token-provider-1.0.1.jar:/opt/hadoop/share/ozone/lib/commons-daemon-1.0.13.jar:/opt/hadoop/share/ozone/lib/listenablefuture-9999.0-empty-to-avoid-conflict-with-guava.jar:/opt/hadoop/share/ozone/lib/netty-buffer-4.1.79.Final.jar:/opt/hadoop/share/ozone/lib/jaeger-tracerresolver-1.6.0.jar:/opt/hadoop/share/ozone/lib/jetty-xml-9.4.43.v20210629.jar:/opt/hadoop/share/ozone/lib/slf4j-api-1.7.36.jar:/opt/hadoop/share/ozone/lib/commons-lang3-3.7.jar:/opt/hadoop/share/ozone/lib/re2j-1.1.jar:/opt/hadoop/share/ozone/lib/jackson-datatype-jsr310-2.13.4.jar:/opt/hadoop/share/ozone/lib/simpleclient_dropwizard-0.7.0.jar:/opt/hadoop/share/ozone/lib/simpleclient-0.7.0.jar:/opt/hadoop/share/ozone/lib/asm-5.0.4.jar:/opt/hadoop/share/ozone/lib/kerby-util-1.0.1.jar:/opt/hadoop/share/ozone/lib/netty-codec-4.1.79.Final.jar:/opt/hadoop/share/ozone/lib/failureaccess-1.0.1.jar:/opt/hadoop/share/ozone/lib/ratis-server-2.4.0.jar:/opt/hadoop/share/ozone/lib/jackson-databind-2.13.4.2.jar:/opt/hadoop/share/ozone/lib/ratis-server-api-2.4.0.jar:/opt/hadoop/share/ozone/lib/okio-2.8.0.jar:/opt/hadoop/share/ozone/lib/hdds-config-1.3.0-SNAPSHOT.jar:/opt/hadoop/share/ozone/lib/jsp-api-2.1.jar:/opt/hadoop/share/ozone/lib/jsch-0.1.54.jar:/opt/hadoop/share/ozone/lib/jetty-http-9.4.43.v20210629.jar:/opt/hadoop/share/ozone/lib/jakarta.activation-api-1.2.1.jar:/opt/hadoop/share/ozone/lib/reload4j-1.2.22.jar:/opt/hadoop/share/ozone/lib/nimbus-jose-jwt-7.9.jar:/opt/hadoop/share/ozone/lib/commons-codec-1.11.jar:/opt/hadoop/share/ozone/lib/commons-pool2-2.6.0.jar:/opt/hadoop/share/ozone/lib/netty-resolver-4.1.79.Final.jar:/opt/hadoop/share/ozone/lib/jetty-util-9.4.43.v20210629.jar:/opt/hadoop/share/ozone/lib/opentracing-api-0.33.0.jar:/opt/hadoop/share/ozone/lib/jetty-util-ajax-9.4.43.v20210629.jar:/opt/hadoop/share/ozone/lib/jcip-annotations-1.0-1.jar:/opt/hadoop/share/ozone/lib/kerb-admin-1.0.1.jar:/opt/hadoop/share/ozone/lib/opentracing-noop-0.33.0.jar:/opt/hadoop/share/ozone/lib/netty-transport-native-unix-common-4.1.79.Final.jar:/opt/hadoop/share/ozone/lib/hadoop-hdfs-client-3.3.4.jar:/opt/hadoop/share/ozone/lib/jersey-core-1.19.jar:/opt/hadoop/share/ozone/lib/commons-compress-1.21.jar:/opt/hadoop/share/ozone/lib/jaxb-runtime-2.3.0.1.jar:/opt/hadoop/share/ozone/lib/hadoop-hdfs-3.3.4.jar:/opt/hadoop/share/ozone/lib/jackson-core-2.13.4.jar:/opt/hadoop/share/ozone/lib/opentracing-util-0.33.0.jar:/opt/hadoop/share/ozone/lib/ratis-client-2.4.0.jar:/opt/hadoop/share/ozone/lib/hdds-client-1.3.0-SNAPSHOT.jar:/opt/hadoop/share/ozone/lib/hdds-hadoop-dependency-client-1.3.0-SNAPSHOT.jar:/opt/hadoop/share/ozone/lib/snappy-java-1.1.8.2.jar:/opt/hadoop/share/ozone/lib/commons-cli-1.2.jar:/opt/hadoop/share/ozone/lib/log4j-api-2.17.1.jar:/opt/hadoop/share/ozone/lib/woodstox-core-5.0.3.jar:/opt/hadoop/share/ozone/lib/javax.annotation-api-1.2.jar:/opt/hadoop/share/ozone/lib/kerby-asn1-1.0.1.jar:/opt/hadoop/share/ozone/lib/okhttp-4.9.3.jar:/opt/hadoop/share/ozone/lib/checker-qual-3.12.0.jar:/opt/hadoop/share/ozone/lib/stax2-api-3.1.4.jar:/opt/hadoop/share/ozone/lib/commons-digester-1.8.1.jar:/opt/hadoop/share/ozone/lib/commons-collections-3.2.2.jar:/opt/hadoop/share/ozone/lib/jaeger-core-1.6.0.jar:/opt/hadoop/share/ozone/lib/commons-text-1.4.jar:/opt/hadoop/share/ozone/lib/jersey-servlet-1.19.jar:/opt/hadoop/share/ozone/lib/kerb-identity-1.0.1.jar:/opt/hadoop/share/ozone/lib/ratis-netty-2.4.0.jar:/opt/hadoop/share/ozone/lib/FastInfoset-1.2.13.jar:/opt/hadoop/share/ozone/lib/kerb-common-1.0.1.jar:/opt/hadoop/share/ozone/lib/jersey-server-1.19.jar:/opt/hadoop/share/ozone/lib/hdds-hadoop-dependency-server-1.3.0-SNAPSHOT.jar:/opt/hadoop/share/ozone/lib/kerb-crypto-1.0.1.jar:/opt/hadoop/share/ozone/web:/opt/hadoop/share/ozone/lib/hdds-server-scm-1.3.0-SNAPSHOT.jar
datanode_2_1  | 2022-10-23 13:17:04,220 [EndpointStateMachine task thread for scm/10.5.0.71:9861 - 0 ] INFO volume.HddsVolume: SchemaV3 db is created and loaded at /data/hdds/hdds/CID-7ab836a4-eeb4-4c19-862e-7702340a0188/DS-91d9be5c-07d0-4ae5-b6b0-dc53940c86ee/container.db for volume DS-91d9be5c-07d0-4ae5-b6b0-dc53940c86ee
datanode_5_1  | 	at org.apache.hadoop.ipc.ProtobufRpcEngine$Invoker.invoke(ProtobufRpcEngine.java:122)
recon_1       | 	at java.base/javax.security.auth.Subject.doAs(Subject.java:423)
om_1          | 2022-10-23 13:17:26,882 [om1-impl-thread1] INFO segmented.SegmentedRaftLogWorker: new om1@group-C5BA1605619E-SegmentedRaftLogWorker for RaftStorageImpl:Storage Directory /data/metadata/ratis/bf265839-605b-3f16-9796-c5ba1605619e
datanode_1_1  | 	at org.apache.hadoop.ozone.container.common.states.datanode.RunningDatanodeState.computeNextContainerState(RunningDatanodeState.java:199)
datanode_4_1  | 	at org.apache.hadoop.ozone.protocolPB.StorageContainerDatanodeProtocolClientSideTranslatorPB.getVersion(StorageContainerDatanodeProtocolClientSideTranslatorPB.java:133)
datanode_6_1  | 	at org.apache.hadoop.ipc.ProtobufRpcEngine$Invoker.invoke(ProtobufRpcEngine.java:235)
datanode_3_1  | 2022-10-23 13:17:27,915 [grpc-default-executor-0] INFO impl.RoleInfo: 35f00696-65b2-47c9-a75b-64cd61d40d87: shutdown 35f00696-65b2-47c9-a75b-64cd61d40d87@group-E401CF87863B-FollowerState
scm_1         | STARTUP_MSG:   build = https://github.com/apache/ozone/ecdfc207562e352bd1bcff52ca55b5c25456907f ; compiled by 'runner' on 2022-10-23T12:48Z
datanode_2_1  | 2022-10-23 13:17:04,256 [EndpointStateMachine task thread for scm/10.5.0.71:9861 - 0 ] INFO volume.HddsVolume: SchemaV3 db is stopped at /data/hdds/hdds/CID-7ab836a4-eeb4-4c19-862e-7702340a0188/DS-91d9be5c-07d0-4ae5-b6b0-dc53940c86ee/container.db for volume DS-91d9be5c-07d0-4ae5-b6b0-dc53940c86ee
datanode_5_1  | 	at com.sun.proxy.$Proxy39.submitRequest(Unknown Source)
recon_1       | 	at org.apache.hadoop.security.UserGroupInformation.doAs(UserGroupInformation.java:1878)
om_1          | 2022-10-23 13:17:26,887 [om1-impl-thread1] INFO server.RaftServerConfigKeys: raft.server.log.queue.byte-limit = 64MB (=67108864) (default)
datanode_1_1  | 	at org.apache.hadoop.ozone.container.common.states.datanode.RunningDatanodeState.await(RunningDatanodeState.java:239)
datanode_4_1  | 	at org.apache.hadoop.ozone.container.common.states.endpoint.VersionEndpointTask.call(VersionEndpointTask.java:69)
datanode_6_1  | 	at org.apache.hadoop.ipc.ProtobufRpcEngine$Invoker.invoke(ProtobufRpcEngine.java:122)
datanode_3_1  | 2022-10-23 13:17:27,915 [grpc-default-executor-0] INFO impl.RoleInfo: 35f00696-65b2-47c9-a75b-64cd61d40d87: start 35f00696-65b2-47c9-a75b-64cd61d40d87@group-E401CF87863B-FollowerState
scm_1         | STARTUP_MSG:   java = 11.0.14.1
datanode_2_1  | 2022-10-23 13:17:04,260 [EndpointStateMachine task thread for scm/10.5.0.71:9861 - 0 ] INFO ozoneimpl.OzoneContainer: Attempting to start container services.
datanode_5_1  | 	at org.apache.hadoop.ozone.protocolPB.StorageContainerDatanodeProtocolClientSideTranslatorPB.submitRequest(StorageContainerDatanodeProtocolClientSideTranslatorPB.java:117)
recon_1       | 	at org.apache.hadoop.ipc.Server$Handler.run(Server.java:2976)
om_1          | 2022-10-23 13:17:26,887 [om1-impl-thread1] INFO server.RaftServerConfigKeys: raft.server.log.queue.element-limit = 4096 (default)
datanode_1_1  | 	at org.apache.hadoop.ozone.container.common.states.datanode.RunningDatanodeState.await(RunningDatanodeState.java:50)
datanode_4_1  | 	at org.apache.hadoop.ozone.container.common.states.endpoint.VersionEndpointTask.call(VersionEndpointTask.java:40)
datanode_6_1  | 	at com.sun.proxy.$Proxy40.submitRequest(Unknown Source)
datanode_3_1  | 2022-10-23 13:17:27,915 [35f00696-65b2-47c9-a75b-64cd61d40d87@group-E401CF87863B-FollowerState] INFO impl.FollowerState: 35f00696-65b2-47c9-a75b-64cd61d40d87@group-E401CF87863B-FollowerState was interrupted
datanode_3_1  | 2022-10-23 13:17:27,915 [grpc-default-executor-0] INFO server.RaftServer$Division: 35f00696-65b2-47c9-a75b-64cd61d40d87@group-E401CF87863B replies to ELECTION vote request: ca491053-fe49-4ba6-89dc-4e979c4c67e3<-35f00696-65b2-47c9-a75b-64cd61d40d87#0:FAIL-t3. Peer's state: 35f00696-65b2-47c9-a75b-64cd61d40d87@group-E401CF87863B:t3, leader=null, voted=null, raftlog=Memoized:35f00696-65b2-47c9-a75b-64cd61d40d87@group-E401CF87863B-SegmentedRaftLog:OPENED:c-1, conf=-1: peers:[d2dd63bf-1f77-48cf-8e30-8708a4aef0d7|rpc:10.5.0.8:9856|admin:10.5.0.8:9857|client:10.5.0.8:9858|dataStream:|priority:0|startupRole:FOLLOWER, 35f00696-65b2-47c9-a75b-64cd61d40d87|rpc:10.5.0.6:9856|admin:10.5.0.6:9857|client:10.5.0.6:9858|dataStream:|priority:1|startupRole:FOLLOWER, ca491053-fe49-4ba6-89dc-4e979c4c67e3|rpc:10.5.0.5:9856|admin:10.5.0.5:9857|client:10.5.0.5:9858|dataStream:|priority:0|startupRole:FOLLOWER]|listeners:[], old=null
datanode_2_1  | 2022-10-23 13:17:04,298 [EndpointStateMachine task thread for scm/10.5.0.71:9861 - 0 ] INFO ozoneimpl.OzoneContainer: Background container scanner has been disabled.
datanode_5_1  | 	at org.apache.hadoop.ozone.protocolPB.StorageContainerDatanodeProtocolClientSideTranslatorPB.getVersion(StorageContainerDatanodeProtocolClientSideTranslatorPB.java:133)
datanode_5_1  | 	at org.apache.hadoop.ozone.container.common.states.endpoint.VersionEndpointTask.call(VersionEndpointTask.java:69)
recon_1       | 2022-10-23 13:17:08,617 [IPC Server handler 0 on default port 9891] INFO ipc.Server: IPC Server handler 0 on default port 9891 caught an exception
datanode_1_1  | 	at org.apache.hadoop.ozone.container.common.statemachine.StateContext.execute(StateContext.java:660)
datanode_4_1  | 	at java.base/java.util.concurrent.FutureTask.run(FutureTask.java:264)
datanode_6_1  | 	at org.apache.hadoop.ozone.protocolPB.StorageContainerDatanodeProtocolClientSideTranslatorPB.submitRequest(StorageContainerDatanodeProtocolClientSideTranslatorPB.java:117)
datanode_3_1  | 2022-10-23 13:17:27,916 [35f00696-65b2-47c9-a75b-64cd61d40d87@group-E401CF87863B-FollowerState] INFO server.RaftServerConfigKeys: raft.server.rpc.first-election.timeout.min = 5s (fallback to raft.server.rpc.timeout.min)
scm_1         | ************************************************************/
datanode_2_1  | 2022-10-23 13:17:04,859 [EndpointStateMachine task thread for scm/10.5.0.71:9861 - 0 ] INFO ratis.XceiverServerRatis: Starting XceiverServerRatis ca491053-fe49-4ba6-89dc-4e979c4c67e3
datanode_5_1  | 	at org.apache.hadoop.ozone.container.common.states.endpoint.VersionEndpointTask.call(VersionEndpointTask.java:40)
om_1          | 2022-10-23 13:17:26,889 [om1-impl-thread1] INFO server.RaftServerConfigKeys: raft.server.log.segment.size.max = 4194304 (custom)
recon_1       | java.nio.channels.ClosedChannelException
datanode_1_1  | 	at org.apache.hadoop.ozone.container.common.statemachine.DatanodeStateMachine.startStateMachineThread(DatanodeStateMachine.java:303)
datanode_4_1  | 	at java.base/java.util.concurrent.ThreadPoolExecutor.runWorker(ThreadPoolExecutor.java:1128)
datanode_6_1  | 	at org.apache.hadoop.ozone.protocolPB.StorageContainerDatanodeProtocolClientSideTranslatorPB.getVersion(StorageContainerDatanodeProtocolClientSideTranslatorPB.java:133)
datanode_3_1  | 2022-10-23 13:17:27,923 [35f00696-65b2-47c9-a75b-64cd61d40d87@group-E401CF87863B-FollowerState] INFO server.RaftServerConfigKeys: raft.server.rpc.first-election.timeout.max = 5200ms (fallback to raft.server.rpc.timeout.max)
scm_1         | 2022-10-23 13:16:50,874 [main] INFO server.StorageContainerManagerStarter: registered UNIX signal handlers for [TERM, HUP, INT]
datanode_2_1  | 2022-10-23 13:17:05,073 [EndpointStateMachine task thread for scm/10.5.0.71:9861 - 0 ] INFO server.RaftServer: ca491053-fe49-4ba6-89dc-4e979c4c67e3: start RPC server
datanode_5_1  | 	at java.base/java.util.concurrent.FutureTask.run(FutureTask.java:264)
om_1          | 2022-10-23 13:17:26,890 [om1-impl-thread1] INFO server.RaftServerConfigKeys: raft.server.log.preallocated.size = 4194304 (custom)
recon_1       | 	at java.base/sun.nio.ch.SocketChannelImpl.ensureOpenAndConnected(SocketChannelImpl.java:180)
recon_1       | 	at java.base/sun.nio.ch.SocketChannelImpl.write(SocketChannelImpl.java:452)
datanode_1_1  | 	at org.apache.hadoop.ozone.container.common.statemachine.DatanodeStateMachine.lambda$startDaemon$0(DatanodeStateMachine.java:499)
datanode_4_1  | 	at java.base/java.util.concurrent.ThreadPoolExecutor$Worker.run(ThreadPoolExecutor.java:628)
datanode_6_1  | 	at org.apache.hadoop.ozone.container.common.states.endpoint.VersionEndpointTask.call(VersionEndpointTask.java:69)
datanode_3_1  | 2022-10-23 13:17:32,742 [grpc-default-executor-0] INFO server.RaftServer$Division: 35f00696-65b2-47c9-a75b-64cd61d40d87@group-E401CF87863B: receive requestVote(ELECTION, d2dd63bf-1f77-48cf-8e30-8708a4aef0d7, group-E401CF87863B, 4, (t:0, i:0))
datanode_3_1  | 2022-10-23 13:17:32,747 [grpc-default-executor-0] INFO impl.VoteContext: 35f00696-65b2-47c9-a75b-64cd61d40d87@group-E401CF87863B-FOLLOWER: reject ELECTION from d2dd63bf-1f77-48cf-8e30-8708a4aef0d7: our priority 1 > candidate's priority 0
scm_1         | 2022-10-23 13:16:51,008 [main] WARN server.ServerUtils: ozone.scm.db.dirs is not configured. We recommend adding this setting. Falling back to ozone.metadata.dirs instead.
datanode_5_1  | 	at java.base/java.util.concurrent.ThreadPoolExecutor.runWorker(ThreadPoolExecutor.java:1128)
datanode_5_1  | 	at java.base/java.util.concurrent.ThreadPoolExecutor$Worker.run(ThreadPoolExecutor.java:628)
om_1          | 2022-10-23 13:17:26,899 [om1-impl-thread1] INFO server.RaftServerConfigKeys: raft.server.log.force.sync.num = 128 (default)
datanode_1_1  | 	at java.base/java.lang.Thread.run(Thread.java:829)
datanode_4_1  | 	at java.base/java.lang.Thread.run(Thread.java:829)
datanode_6_1  | 	at org.apache.hadoop.ozone.container.common.states.endpoint.VersionEndpointTask.call(VersionEndpointTask.java:40)
datanode_3_1  | 2022-10-23 13:17:32,747 [grpc-default-executor-0] INFO server.RaftServer$Division: 35f00696-65b2-47c9-a75b-64cd61d40d87@group-E401CF87863B: changes role from  FOLLOWER to FOLLOWER at term 4 for candidate:d2dd63bf-1f77-48cf-8e30-8708a4aef0d7
datanode_2_1  | 2022-10-23 13:17:05,094 [EndpointStateMachine task thread for scm/10.5.0.71:9861 - 0 ] INFO server.GrpcService: ca491053-fe49-4ba6-89dc-4e979c4c67e3: GrpcService started, listening on 9858
scm_1         | 2022-10-23 13:16:51,154 [main] INFO ha.SCMHANodeDetails: ServiceID for StorageContainerManager is null
recon_1       | 	at org.apache.hadoop.ipc.Server.channelWrite(Server.java:3619)
datanode_5_1  | 	at java.base/java.lang.Thread.run(Thread.java:829)
om_1          | 2022-10-23 13:17:26,900 [om1-impl-thread1] INFO server.RaftServerConfigKeys: raft.server.log.statemachine.data.sync = true (default)
datanode_1_1  | Caused by: java.util.concurrent.TimeoutException
datanode_4_1  | Caused by: java.net.SocketTimeoutException: 5000 millis timeout while waiting for channel to be ready for read. ch : java.nio.channels.SocketChannel[connected local=/10.5.0.7:33184 remote=scm/10.5.0.71:9861]
datanode_6_1  | 	at java.base/java.util.concurrent.FutureTask.run(FutureTask.java:264)
datanode_3_1  | 2022-10-23 13:17:32,748 [grpc-default-executor-0] INFO impl.RoleInfo: 35f00696-65b2-47c9-a75b-64cd61d40d87: shutdown 35f00696-65b2-47c9-a75b-64cd61d40d87@group-E401CF87863B-FollowerState
datanode_2_1  | 2022-10-23 13:17:05,103 [EndpointStateMachine task thread for scm/10.5.0.71:9861 - 0 ] INFO server.GrpcService: ca491053-fe49-4ba6-89dc-4e979c4c67e3: GrpcService started, listening on 9856
datanode_2_1  | 2022-10-23 13:17:05,110 [EndpointStateMachine task thread for scm/10.5.0.71:9861 - 0 ] INFO server.GrpcService: ca491053-fe49-4ba6-89dc-4e979c4c67e3: GrpcService started, listening on 9857
scm_1         | 2022-10-23 13:16:51,217 [main] INFO ha.SCMHANodeDetails: ozone.scm.default.service.id is not defined, falling back to ozone.scm.service.ids to find serviceID for StorageContainerManager if it is HA enabled cluster
datanode_5_1  | Caused by: java.net.SocketTimeoutException: 5000 millis timeout while waiting for channel to be ready for read. ch : java.nio.channels.SocketChannel[connected local=/10.5.0.8:44024 remote=scm/10.5.0.71:9861]
om_1          | 2022-10-23 13:17:26,903 [om1-impl-thread1] INFO server.RaftServerConfigKeys: raft.server.log.statemachine.data.sync.timeout = 10s (default)
datanode_1_1  | 	at java.base/java.util.concurrent.FutureTask.get(FutureTask.java:204)
datanode_4_1  | 	at org.apache.hadoop.net.SocketIOWithTimeout.doIO(SocketIOWithTimeout.java:163)
datanode_6_1  | 	at java.base/java.util.concurrent.ThreadPoolExecutor.runWorker(ThreadPoolExecutor.java:1128)
datanode_3_1  | 2022-10-23 13:17:32,748 [grpc-default-executor-0] INFO impl.RoleInfo: 35f00696-65b2-47c9-a75b-64cd61d40d87: start 35f00696-65b2-47c9-a75b-64cd61d40d87@group-E401CF87863B-FollowerState
recon_1       | 	at org.apache.hadoop.ipc.Server.access$1700(Server.java:144)
datanode_2_1  | 2022-10-23 13:17:05,160 [EndpointStateMachine task thread for scm/10.5.0.71:9861 - 0 ] INFO ratis.XceiverServerRatis: XceiverServerRatis ca491053-fe49-4ba6-89dc-4e979c4c67e3 is started using port 9858 for RATIS
scm_1         | 2022-10-23 13:16:52,748 [main] WARN utils.HAUtils: ozone.scm.db.dirs is not configured. We recommend adding this setting. Falling back to ozone.metadata.dirs instead.
datanode_5_1  | 	at org.apache.hadoop.net.SocketIOWithTimeout.doIO(SocketIOWithTimeout.java:163)
om_1          | 2022-10-23 13:17:26,904 [om1-impl-thread1] INFO server.RaftServerConfigKeys: raft.server.log.statemachine.data.sync.timeout.retry = -1 (default)
datanode_1_1  | 	at org.apache.hadoop.ozone.container.common.states.datanode.RunningDatanodeState.lambda$execute$0(RunningDatanodeState.java:157)
datanode_4_1  | 	at org.apache.hadoop.net.SocketInputStream.read(SocketInputStream.java:161)
datanode_6_1  | 	at java.base/java.util.concurrent.ThreadPoolExecutor$Worker.run(ThreadPoolExecutor.java:628)
datanode_3_1  | 2022-10-23 13:17:32,748 [35f00696-65b2-47c9-a75b-64cd61d40d87@group-E401CF87863B-FollowerState] INFO impl.FollowerState: 35f00696-65b2-47c9-a75b-64cd61d40d87@group-E401CF87863B-FollowerState was interrupted
recon_1       | 	at org.apache.hadoop.ipc.Server$Responder.processResponse(Server.java:1672)
datanode_2_1  | 2022-10-23 13:17:05,160 [EndpointStateMachine task thread for scm/10.5.0.71:9861 - 0 ] INFO ratis.XceiverServerRatis: XceiverServerRatis ca491053-fe49-4ba6-89dc-4e979c4c67e3 is started using port 9857 for RATIS_ADMIN
scm_1         | 2022-10-23 13:16:53,114 [main] WARN db.DBStoreBuilder: ozone.scm.db.dirs is not configured. We recommend adding this setting. Falling back to ozone.metadata.dirs instead.
datanode_5_1  | 	at org.apache.hadoop.net.SocketInputStream.read(SocketInputStream.java:161)
om_1          | 2022-10-23 13:17:26,942 [om1-impl-thread1] INFO server.RaftServerConfigKeys: raft.server.log.write.buffer.size = 64KB (=65536) (default)
datanode_1_1  | 	at java.base/java.util.concurrent.FutureTask.run(FutureTask.java:264)
datanode_4_1  | 	at org.apache.hadoop.net.SocketInputStream.read(SocketInputStream.java:131)
datanode_6_1  | 	at java.base/java.lang.Thread.run(Thread.java:829)
recon_1       | 	at org.apache.hadoop.ipc.Server$Responder.doRespond(Server.java:1742)
datanode_2_1  | 2022-10-23 13:17:05,160 [EndpointStateMachine task thread for scm/10.5.0.71:9861 - 0 ] INFO ratis.XceiverServerRatis: XceiverServerRatis ca491053-fe49-4ba6-89dc-4e979c4c67e3 is started using port 9856 for RATIS_SERVER
scm_1         | 2022-10-23 13:16:53,579 [main] INFO net.NodeSchemaLoader: Loading schema from [file:/etc/hadoop/network-topology-default.xml, jar:file:/opt/hadoop/share/ozone/lib/hdds-common-1.3.0-SNAPSHOT.jar!/network-topology-default.xml]
datanode_5_1  | 	at org.apache.hadoop.net.SocketInputStream.read(SocketInputStream.java:131)
om_1          | 2022-10-23 13:17:26,943 [om1-impl-thread1] INFO server.RaftServerConfigKeys: raft.server.log.unsafe-flush.enabled = false (default)
om_1          | 2022-10-23 13:17:26,943 [om1-impl-thread1] INFO server.RaftServerConfigKeys: raft.server.log.async-flush.enabled = false (default)
datanode_4_1  | 	at java.base/java.io.FilterInputStream.read(FilterInputStream.java:133)
datanode_3_1  | 2022-10-23 13:17:32,755 [35f00696-65b2-47c9-a75b-64cd61d40d87@group-E401CF87863B-FollowerState] INFO server.RaftServerConfigKeys: raft.server.rpc.first-election.timeout.min = 5s (fallback to raft.server.rpc.timeout.min)
datanode_6_1  | Caused by: java.net.SocketTimeoutException: 5000 millis timeout while waiting for channel to be ready for read. ch : java.nio.channels.SocketChannel[connected local=/10.5.0.9:47428 remote=recon/10.5.0.72:9891]
recon_1       | 	at org.apache.hadoop.ipc.Server$Connection.sendResponse(Server.java:2847)
datanode_2_1  | 2022-10-23 13:17:05,162 [JvmPauseMonitor0] INFO util.JvmPauseMonitor: JvmPauseMonitor-ca491053-fe49-4ba6-89dc-4e979c4c67e3: Started
scm_1         | 2022-10-23 13:16:53,583 [main] INFO net.NodeSchemaLoader: Loading network topology layer schema file
datanode_5_1  | 	at java.base/java.io.FilterInputStream.read(FilterInputStream.java:133)
om_1          | 2022-10-23 13:17:26,944 [om1-impl-thread1] INFO server.RaftServerConfigKeys: raft.server.log.statemachine.data.caching.enabled = false (default)
datanode_1_1  | 	at java.base/java.util.concurrent.Executors$RunnableAdapter.call(Executors.java:515)
datanode_4_1  | 	at java.base/java.io.BufferedInputStream.fill(BufferedInputStream.java:252)
datanode_3_1  | 2022-10-23 13:17:32,755 [35f00696-65b2-47c9-a75b-64cd61d40d87@group-E401CF87863B-FollowerState] INFO server.RaftServerConfigKeys: raft.server.rpc.first-election.timeout.max = 5200ms (fallback to raft.server.rpc.timeout.max)
datanode_6_1  | 	at org.apache.hadoop.net.SocketIOWithTimeout.doIO(SocketIOWithTimeout.java:163)
recon_1       | 	at org.apache.hadoop.ipc.Server$Connection.access$300(Server.java:1814)
datanode_2_1  | 2022-10-23 13:17:15,436 [grpc-default-executor-0] INFO server.RaftServer: ca491053-fe49-4ba6-89dc-4e979c4c67e3: addNew group-E401CF87863B:[d2dd63bf-1f77-48cf-8e30-8708a4aef0d7|rpc:10.5.0.8:9856|admin:10.5.0.8:9857|client:10.5.0.8:9858|dataStream:|priority:0|startupRole:FOLLOWER, 35f00696-65b2-47c9-a75b-64cd61d40d87|rpc:10.5.0.6:9856|admin:10.5.0.6:9857|client:10.5.0.6:9858|dataStream:|priority:1|startupRole:FOLLOWER, ca491053-fe49-4ba6-89dc-4e979c4c67e3|rpc:10.5.0.5:9856|admin:10.5.0.5:9857|client:10.5.0.5:9858|dataStream:|priority:0|startupRole:FOLLOWER] returns group-E401CF87863B:java.util.concurrent.CompletableFuture@7cff9bd6[Not completed]
scm_1         | 2022-10-23 13:16:53,739 [main] INFO metrics.MetricRegistries: Loaded MetricRegistries class org.apache.ratis.metrics.impl.MetricRegistriesImpl
datanode_5_1  | 	at java.base/java.io.BufferedInputStream.fill(BufferedInputStream.java:252)
om_1          | 2022-10-23 13:17:26,951 [om1-impl-thread1] INFO segmented.SegmentedRaftLogWorker: om1@group-C5BA1605619E-SegmentedRaftLogWorker: flushIndex: setUnconditionally 0 -> -1
datanode_1_1  | 	at java.base/java.util.concurrent.FutureTask.run(FutureTask.java:264)
datanode_4_1  | 	at java.base/java.io.BufferedInputStream.read(BufferedInputStream.java:271)
datanode_3_1  | 2022-10-23 13:17:32,756 [grpc-default-executor-0] INFO server.RaftServer$Division: 35f00696-65b2-47c9-a75b-64cd61d40d87@group-E401CF87863B replies to ELECTION vote request: d2dd63bf-1f77-48cf-8e30-8708a4aef0d7<-35f00696-65b2-47c9-a75b-64cd61d40d87#0:FAIL-t4. Peer's state: 35f00696-65b2-47c9-a75b-64cd61d40d87@group-E401CF87863B:t4, leader=null, voted=null, raftlog=Memoized:35f00696-65b2-47c9-a75b-64cd61d40d87@group-E401CF87863B-SegmentedRaftLog:OPENED:c-1, conf=-1: peers:[d2dd63bf-1f77-48cf-8e30-8708a4aef0d7|rpc:10.5.0.8:9856|admin:10.5.0.8:9857|client:10.5.0.8:9858|dataStream:|priority:0|startupRole:FOLLOWER, 35f00696-65b2-47c9-a75b-64cd61d40d87|rpc:10.5.0.6:9856|admin:10.5.0.6:9857|client:10.5.0.6:9858|dataStream:|priority:1|startupRole:FOLLOWER, ca491053-fe49-4ba6-89dc-4e979c4c67e3|rpc:10.5.0.5:9856|admin:10.5.0.5:9857|client:10.5.0.5:9858|dataStream:|priority:0|startupRole:FOLLOWER]|listeners:[], old=null
datanode_6_1  | 	at org.apache.hadoop.net.SocketInputStream.read(SocketInputStream.java:161)
recon_1       | 	at org.apache.hadoop.ipc.Server$RpcCall.doResponse(Server.java:1125)
datanode_2_1  | 2022-10-23 13:17:15,482 [pool-22-thread-1] INFO server.RaftServer$Division: ca491053-fe49-4ba6-89dc-4e979c4c67e3: new RaftServerImpl for group-E401CF87863B:[d2dd63bf-1f77-48cf-8e30-8708a4aef0d7|rpc:10.5.0.8:9856|admin:10.5.0.8:9857|client:10.5.0.8:9858|dataStream:|priority:0|startupRole:FOLLOWER, 35f00696-65b2-47c9-a75b-64cd61d40d87|rpc:10.5.0.6:9856|admin:10.5.0.6:9857|client:10.5.0.6:9858|dataStream:|priority:1|startupRole:FOLLOWER, ca491053-fe49-4ba6-89dc-4e979c4c67e3|rpc:10.5.0.5:9856|admin:10.5.0.5:9857|client:10.5.0.5:9858|dataStream:|priority:0|startupRole:FOLLOWER] with ContainerStateMachine:uninitialized
scm_1         | 2022-10-23 13:16:53,794 [main] INFO ha.SCMRatisServerImpl: starting Raft server for scm:e2e3edd1-09aa-4f1d-994e-2449c5bcde69
datanode_5_1  | 	at java.base/java.io.BufferedInputStream.read(BufferedInputStream.java:271)
om_1          | 2022-10-23 13:17:26,951 [om1-impl-thread1] INFO segmented.SegmentedRaftLogWorker: om1@group-C5BA1605619E-SegmentedRaftLogWorker: safeCacheEvictIndex: setUnconditionally 0 -> -1
datanode_1_1  | 	at java.base/java.util.concurrent.ThreadPoolExecutor.runWorker(ThreadPoolExecutor.java:1128)
datanode_4_1  | 	at java.base/java.io.FilterInputStream.read(FilterInputStream.java:83)
datanode_3_1  | 2022-10-23 13:17:37,794 [35f00696-65b2-47c9-a75b-64cd61d40d87@group-E401CF87863B-FollowerState] INFO impl.FollowerState: 35f00696-65b2-47c9-a75b-64cd61d40d87@group-E401CF87863B-FollowerState: change to CANDIDATE, lastRpcElapsedTime:5046614423ns, electionTimeout:5024ms
datanode_6_1  | 	at org.apache.hadoop.net.SocketInputStream.read(SocketInputStream.java:131)
recon_1       | 	at org.apache.hadoop.ipc.Server$Call.doResponse(Server.java:917)
datanode_2_1  | 2022-10-23 13:17:15,491 [pool-22-thread-1] INFO server.RaftServerConfigKeys: raft.server.rpc.timeout.min = 5s (custom)
scm_1         | 2022-10-23 13:16:53,930 [main] INFO server.RaftServer: raft.rpc.type = GRPC (default)
datanode_5_1  | 	at java.base/java.io.FilterInputStream.read(FilterInputStream.java:83)
om_1          | 2022-10-23 13:17:26,959 [om1-impl-thread1] INFO server.RaftServer$Division: om1@group-C5BA1605619E: start as a follower, conf=-1: peers:[om1|rpc:om:9872|priority:0|startupRole:FOLLOWER]|listeners:[], old=null
datanode_1_1  | 	at java.base/java.util.concurrent.ThreadPoolExecutor$Worker.run(ThreadPoolExecutor.java:628)
datanode_4_1  | 	at java.base/java.io.FilterInputStream.read(FilterInputStream.java:83)
datanode_3_1  | 2022-10-23 13:17:37,795 [35f00696-65b2-47c9-a75b-64cd61d40d87@group-E401CF87863B-FollowerState] INFO impl.RoleInfo: 35f00696-65b2-47c9-a75b-64cd61d40d87: shutdown 35f00696-65b2-47c9-a75b-64cd61d40d87@group-E401CF87863B-FollowerState
datanode_6_1  | 	at java.base/java.io.FilterInputStream.read(FilterInputStream.java:133)
recon_1       | 	at org.apache.hadoop.ipc.Server$Call.sendResponse(Server.java:903)
datanode_2_1  | 2022-10-23 13:17:15,493 [pool-22-thread-1] INFO server.RaftServerConfigKeys: raft.server.rpc.timeout.max = 5200ms (custom)
scm_1         | 2022-10-23 13:16:54,112 [main] INFO grpc.GrpcConfigKeys: raft.grpc.admin.host = null (fallback to raft.grpc.server.host)
datanode_5_1  | 	at java.base/java.io.FilterInputStream.read(FilterInputStream.java:83)
om_1          | 2022-10-23 13:17:26,964 [om1-impl-thread1] INFO server.RaftServer$Division: om1@group-C5BA1605619E: changes role from      null to FOLLOWER at term 0 for startAsFollower
datanode_1_1  | 	... 1 more
datanode_4_1  | 	at org.apache.hadoop.ipc.Client$Connection$PingInputStream.read(Client.java:563)
datanode_3_1  | 2022-10-23 13:17:37,795 [35f00696-65b2-47c9-a75b-64cd61d40d87@group-E401CF87863B-FollowerState] INFO server.RaftServer$Division: 35f00696-65b2-47c9-a75b-64cd61d40d87@group-E401CF87863B: changes role from  FOLLOWER to CANDIDATE at term 4 for changeToCandidate
datanode_6_1  | 	at java.base/java.io.BufferedInputStream.fill(BufferedInputStream.java:252)
recon_1       | 	at org.apache.hadoop.ipc.Server$RpcCall.run(Server.java:1060)
datanode_2_1  | 2022-10-23 13:17:15,493 [pool-22-thread-1] INFO server.RaftServerConfigKeys: raft.server.rpc.sleep.time = 25ms (default)
scm_1         | 2022-10-23 13:16:54,116 [main] INFO grpc.GrpcConfigKeys: raft.grpc.admin.port = 9894 (fallback to raft.grpc.server.port)
datanode_5_1  | 	at org.apache.hadoop.ipc.Client$Connection$PingInputStream.read(Client.java:563)
om_1          | 2022-10-23 13:17:26,966 [om1-impl-thread1] INFO impl.RoleInfo: om1: start om1@group-C5BA1605619E-FollowerState
datanode_1_1  | 2022-10-23 13:17:38,928 [Command processor thread] INFO server.RaftServer: bc939842-953c-444c-9357-c6b0abead2eb: addNew group-54F937BB6B64:[bc939842-953c-444c-9357-c6b0abead2eb|rpc:10.5.0.4:9856|admin:10.5.0.4:9857|client:10.5.0.4:9858|priority:1|startupRole:FOLLOWER, ca491053-fe49-4ba6-89dc-4e979c4c67e3|rpc:10.5.0.5:9856|admin:10.5.0.5:9857|client:10.5.0.5:9858|priority:0|startupRole:FOLLOWER, bca1a6df-d6c0-4449-ac76-9577ba20619d|rpc:10.5.0.9:9856|admin:10.5.0.9:9857|client:10.5.0.9:9858|priority:0|startupRole:FOLLOWER] returns group-54F937BB6B64:java.util.concurrent.CompletableFuture@2817faf4[Not completed]
datanode_4_1  | 	at java.base/java.io.DataInputStream.readInt(DataInputStream.java:392)
datanode_3_1  | 2022-10-23 13:17:37,800 [35f00696-65b2-47c9-a75b-64cd61d40d87@group-E401CF87863B-FollowerState] INFO server.RaftServerConfigKeys: raft.server.leaderelection.pre-vote = false (custom)
datanode_6_1  | 	at java.base/java.io.BufferedInputStream.read(BufferedInputStream.java:271)
recon_1       | 	at org.apache.hadoop.ipc.Server$RpcCall.run(Server.java:971)
datanode_2_1  | 2022-10-23 13:17:15,493 [pool-22-thread-1] INFO server.RaftServerConfigKeys: raft.server.rpc.slowness.timeout = 300s (custom)
scm_1         | 2022-10-23 13:16:54,118 [main] INFO grpc.GrpcConfigKeys: raft.grpc.client.host = null (fallback to raft.grpc.server.host)
datanode_5_1  | 	at java.base/java.io.DataInputStream.readInt(DataInputStream.java:392)
om_1          | 2022-10-23 13:17:26,977 [om1-impl-thread1] INFO util.JmxRegister: Successfully registered JMX Bean with object name Ratis:service=RaftServer,group=group-C5BA1605619E,id=om1
datanode_1_1  | 2022-10-23 13:17:39,109 [pool-22-thread-1] INFO server.RaftServer$Division: bc939842-953c-444c-9357-c6b0abead2eb: new RaftServerImpl for group-54F937BB6B64:[bc939842-953c-444c-9357-c6b0abead2eb|rpc:10.5.0.4:9856|admin:10.5.0.4:9857|client:10.5.0.4:9858|priority:1|startupRole:FOLLOWER, ca491053-fe49-4ba6-89dc-4e979c4c67e3|rpc:10.5.0.5:9856|admin:10.5.0.5:9857|client:10.5.0.5:9858|priority:0|startupRole:FOLLOWER, bca1a6df-d6c0-4449-ac76-9577ba20619d|rpc:10.5.0.9:9856|admin:10.5.0.9:9857|client:10.5.0.9:9858|priority:0|startupRole:FOLLOWER] with ContainerStateMachine:uninitialized
datanode_1_1  | 2022-10-23 13:17:39,136 [pool-22-thread-1] INFO server.RaftServerConfigKeys: raft.server.rpc.timeout.min = 5s (custom)
datanode_3_1  | 2022-10-23 13:17:37,800 [35f00696-65b2-47c9-a75b-64cd61d40d87@group-E401CF87863B-FollowerState] INFO impl.RoleInfo: 35f00696-65b2-47c9-a75b-64cd61d40d87: start 35f00696-65b2-47c9-a75b-64cd61d40d87@group-E401CF87863B-LeaderElection2
datanode_6_1  | 	at java.base/java.io.FilterInputStream.read(FilterInputStream.java:83)
recon_1       | 	at java.base/java.security.AccessController.doPrivileged(Native Method)
datanode_2_1  | 2022-10-23 13:17:15,494 [pool-22-thread-1] INFO server.RaftServerConfigKeys: raft.server.leaderelection.leader.step-down.wait-time = 10s (default)
scm_1         | 2022-10-23 13:16:54,118 [main] INFO grpc.GrpcConfigKeys: raft.grpc.client.port = 9894 (fallback to raft.grpc.server.port)
scm_1         | 2022-10-23 13:16:54,121 [main] INFO grpc.GrpcConfigKeys: raft.grpc.server.host = null (default)
om_1          | 2022-10-23 13:17:26,980 [om1-impl-thread1] INFO server.RaftServerConfigKeys: raft.server.snapshot.auto.trigger.enabled = true (custom)
datanode_1_1  | 2022-10-23 13:17:39,146 [pool-22-thread-1] INFO server.RaftServerConfigKeys: raft.server.rpc.timeout.max = 5200ms (custom)
datanode_1_1  | 2022-10-23 13:17:39,146 [pool-22-thread-1] INFO server.RaftServerConfigKeys: raft.server.rpc.sleep.time = 25ms (default)
datanode_3_1  | 2022-10-23 13:17:37,849 [grpc-default-executor-1] INFO server.RaftServer$Division: 35f00696-65b2-47c9-a75b-64cd61d40d87@group-E401CF87863B: receive requestVote(ELECTION, ca491053-fe49-4ba6-89dc-4e979c4c67e3, group-E401CF87863B, 5, (t:0, i:0))
datanode_6_1  | 	at java.base/java.io.FilterInputStream.read(FilterInputStream.java:83)
datanode_6_1  | 	at org.apache.hadoop.ipc.Client$Connection$PingInputStream.read(Client.java:563)
datanode_6_1  | 	at java.base/java.io.DataInputStream.readInt(DataInputStream.java:392)
scm_1         | 2022-10-23 13:16:54,122 [main] INFO grpc.GrpcConfigKeys: raft.grpc.server.port = 9894 (custom)
datanode_5_1  | 	at org.apache.hadoop.ipc.Client$IpcStreams.readResponse(Client.java:1922)
om_1          | 2022-10-23 13:17:26,980 [om1-impl-thread1] INFO server.RaftServerConfigKeys: raft.server.snapshot.auto.trigger.threshold = 400000 (default)
datanode_1_1  | 2022-10-23 13:17:39,151 [pool-22-thread-1] INFO server.RaftServerConfigKeys: raft.server.rpc.slowness.timeout = 300s (custom)
datanode_4_1  | 	at org.apache.hadoop.ipc.Client$IpcStreams.readResponse(Client.java:1922)
datanode_3_1  | 2022-10-23 13:17:37,852 [grpc-default-executor-1] INFO impl.VoteContext: 35f00696-65b2-47c9-a75b-64cd61d40d87@group-E401CF87863B-CANDIDATE: reject ELECTION from ca491053-fe49-4ba6-89dc-4e979c4c67e3: already has voted for 35f00696-65b2-47c9-a75b-64cd61d40d87 at current term 5
recon_1       | 	at java.base/javax.security.auth.Subject.doAs(Subject.java:423)
recon_1       | 	at org.apache.hadoop.security.UserGroupInformation.doAs(UserGroupInformation.java:1878)
datanode_2_1  | 2022-10-23 13:17:15,494 [pool-22-thread-1] INFO server.RaftServerConfigKeys: raft.server.sleep.deviation.threshold = 300ms (default)
scm_1         | 2022-10-23 13:16:54,123 [main] INFO server.GrpcService: raft.grpc.message.size.max = 32m (=33554432) (custom)
datanode_5_1  | 	at org.apache.hadoop.ipc.Client$Connection.receiveRpcResponse(Client.java:1238)
om_1          | 2022-10-23 13:17:26,980 [om1-impl-thread1] INFO server.RaftServerConfigKeys: raft.server.snapshot.retention.file.num = -1 (default)
datanode_1_1  | 2022-10-23 13:17:39,155 [pool-22-thread-1] INFO server.RaftServerConfigKeys: raft.server.leaderelection.leader.step-down.wait-time = 10s (default)
datanode_4_1  | 	at org.apache.hadoop.ipc.Client$Connection.receiveRpcResponse(Client.java:1238)
recon_1       | 	at org.apache.hadoop.ipc.Server$Handler.run(Server.java:2976)
datanode_6_1  | 	at org.apache.hadoop.ipc.Client$IpcStreams.readResponse(Client.java:1922)
datanode_3_1  | 2022-10-23 13:17:37,852 [grpc-default-executor-1] INFO server.RaftServer$Division: 35f00696-65b2-47c9-a75b-64cd61d40d87@group-E401CF87863B replies to ELECTION vote request: ca491053-fe49-4ba6-89dc-4e979c4c67e3<-35f00696-65b2-47c9-a75b-64cd61d40d87#0:FAIL-t5. Peer's state: 35f00696-65b2-47c9-a75b-64cd61d40d87@group-E401CF87863B:t5, leader=null, voted=35f00696-65b2-47c9-a75b-64cd61d40d87, raftlog=Memoized:35f00696-65b2-47c9-a75b-64cd61d40d87@group-E401CF87863B-SegmentedRaftLog:OPENED:c-1, conf=-1: peers:[d2dd63bf-1f77-48cf-8e30-8708a4aef0d7|rpc:10.5.0.8:9856|admin:10.5.0.8:9857|client:10.5.0.8:9858|dataStream:|priority:0|startupRole:FOLLOWER, 35f00696-65b2-47c9-a75b-64cd61d40d87|rpc:10.5.0.6:9856|admin:10.5.0.6:9857|client:10.5.0.6:9858|dataStream:|priority:1|startupRole:FOLLOWER, ca491053-fe49-4ba6-89dc-4e979c4c67e3|rpc:10.5.0.5:9856|admin:10.5.0.5:9857|client:10.5.0.5:9858|dataStream:|priority:0|startupRole:FOLLOWER]|listeners:[], old=null
