recon_1       | 	at org.apache.hadoop.hdds.scm.protocol.StorageContainerLocationProtocolServerSideTranslatorPB.submitRequest(StorageContainerLocationProtocolServerSideTranslatorPB.java:193)
recon_1       | 	at org.apache.hadoop.hdds.protocol.proto.StorageContainerLocationProtocolProtos$StorageContainerLocationProtocolService$2.callBlockingMethod(StorageContainerLocationProtocolProtos.java:62732)
datanode_3_1  | 2022-10-23 13:17:16,504 [pool-22-thread-1] INFO server.RaftServerConfigKeys: raft.server.log.unsafe-flush.enabled = false (default)
datanode_6_1  | 2022-10-23 13:16:43,707 [main] INFO impl.MetricsSinkAdapter: Sink prometheus started
datanode_1_1  | 	at org.apache.hadoop.ipc.ProtobufRpcEngine$Invoker.invoke(ProtobufRpcEngine.java:122)
datanode_6_1  | 2022-10-23 13:16:43,707 [main] INFO impl.MetricsSystemImpl: Registered sink prometheus
om_1          | 2022-10-23 13:17:23,096 [main] WARN server.ServerUtils: Storage directory for Ratis is not configured. It is a good idea to map this to an SSD disk. Falling back to ozone.metadata.dirs
datanode_2_1  | 	at java.base/java.util.concurrent.FutureTask.run(FutureTask.java:264)
datanode_4_1  | 2022-10-23 13:16:43,244 [org.apache.hadoop.util.JvmPauseMonitor$Monitor@f7d2cfc] INFO util.JvmPauseMonitor: Starting JVM pause monitor
recon_1       | 	at org.apache.hadoop.ipc.ProtobufRpcEngine$Server.processCall(ProtobufRpcEngine.java:465)
scm_1         | 2022-10-23 13:16:34,655 [e2e3edd1-09aa-4f1d-994e-2449c5bcde69-impl-thread1] INFO server.RaftServerConfigKeys: raft.server.log.statemachine.data.sync.timeout.retry = -1 (default)
datanode_3_1  | 2022-10-23 13:17:16,507 [pool-22-thread-1] INFO server.RaftServerConfigKeys: raft.server.log.async-flush.enabled = false (default)
datanode_1_1  | 	at com.sun.proxy.$Proxy40.submitRequest(Unknown Source)
datanode_5_1  | 2022-10-23 13:16:47,183 [EndpointStateMachine task thread for scm/10.5.0.71:9861 - 0 ] INFO ipc.Client: Retrying connect to server: scm/10.5.0.71:9861. Already tried 0 time(s); retry policy is RetryUpToMaximumCountWithFixedSleep(maxRetries=15, sleepTime=1000 MILLISECONDS)
datanode_6_1  | 2022-10-23 13:16:43,727 [main] INFO http.BaseHttpServer: HTTP server of hddsDatanode listening at http://0.0.0.0:9882
om_1          | 2022-10-23 13:17:23,096 [main] WARN utils.OzoneManagerRatisUtils: ozone.om.ratis.snapshot.dir is not configured. Falling back to ozone.metadata.dirs config
datanode_2_1  | 	at java.base/java.util.concurrent.ThreadPoolExecutor.runWorker(ThreadPoolExecutor.java:1128)
datanode_4_1  | 2022-10-23 13:16:44,253 [Datanode State Machine Task Thread - 0] INFO statemachine.SCMConnectionManager: Adding Recon Server : recon/10.5.0.72:9891
recon_1       | 	at org.apache.hadoop.ipc.ProtobufRpcEngine2$Server$ProtoBufRpcInvoker.call(ProtobufRpcEngine2.java:578)
scm_1         | 2022-10-23 13:16:34,786 [e2e3edd1-09aa-4f1d-994e-2449c5bcde69-impl-thread1] INFO server.RaftServerConfigKeys: raft.server.log.write.buffer.size = 64KB (=65536) (default)
datanode_3_1  | 2022-10-23 13:17:16,510 [pool-22-thread-1] INFO server.RaftServerConfigKeys: raft.server.log.statemachine.data.caching.enabled = true (custom)
datanode_1_1  | 	at org.apache.hadoop.ozone.protocolPB.StorageContainerDatanodeProtocolClientSideTranslatorPB.submitRequest(StorageContainerDatanodeProtocolClientSideTranslatorPB.java:117)
datanode_5_1  | 2022-10-23 13:16:47,185 [EndpointStateMachine task thread for recon/10.5.0.72:9891 - 0 ] INFO ipc.Client: Retrying connect to server: recon/10.5.0.72:9891. Already tried 0 time(s); retry policy is RetryUpToMaximumCountWithFixedSleep(maxRetries=15, sleepTime=1000 MILLISECONDS)
datanode_6_1  | 2022-10-23 13:16:43,765 [Datanode State Machine Daemon Thread] INFO statemachine.DatanodeStateMachine: Ozone container server started.
datanode_6_1  | 2022-10-23 13:16:44,085 [org.apache.hadoop.util.JvmPauseMonitor$Monitor@47e2af44] INFO util.JvmPauseMonitor: Starting JVM pause monitor
datanode_2_1  | 	at java.base/java.util.concurrent.ThreadPoolExecutor$Worker.run(ThreadPoolExecutor.java:628)
datanode_2_1  | 	at java.base/java.lang.Thread.run(Thread.java:829)
recon_1       | 	at org.apache.hadoop.ipc.ProtobufRpcEngine2$Server$ProtoBufRpcInvoker.call(ProtobufRpcEngine2.java:556)
scm_1         | 2022-10-23 13:16:34,853 [e2e3edd1-09aa-4f1d-994e-2449c5bcde69-impl-thread1] INFO server.RaftServerConfigKeys: raft.server.log.unsafe-flush.enabled = false (default)
datanode_3_1  | 2022-10-23 13:17:16,511 [pool-22-thread-1] INFO segmented.SegmentedRaftLogWorker: 35f00696-65b2-47c9-a75b-64cd61d40d87@group-5EE5A50341DD-SegmentedRaftLogWorker: flushIndex: setUnconditionally 0 -> -1
datanode_1_1  | 	at org.apache.hadoop.ozone.protocolPB.StorageContainerDatanodeProtocolClientSideTranslatorPB.getVersion(StorageContainerDatanodeProtocolClientSideTranslatorPB.java:133)
datanode_1_1  | 	at org.apache.hadoop.ozone.container.common.states.endpoint.VersionEndpointTask.call(VersionEndpointTask.java:69)
datanode_6_1  | 2022-10-23 13:16:45,423 [Datanode State Machine Task Thread - 0] INFO statemachine.SCMConnectionManager: Adding Recon Server : recon/10.5.0.72:9891
om_1          | 2022-10-23 13:17:23,123 [main] INFO metrics.MetricRegistries: Loaded MetricRegistries class org.apache.ratis.metrics.impl.MetricRegistriesImpl
datanode_2_1  | Caused by: java.net.SocketTimeoutException: 5000 millis timeout while waiting for channel to be ready for read. ch : java.nio.channels.SocketChannel[connected local=/10.5.0.5:45686 remote=recon/10.5.0.72:9891]
datanode_4_1  | 2022-10-23 13:16:44,929 [Datanode State Machine Task Thread - 0] INFO datanode.InitDatanodeState: DatanodeDetails is persisted to /data/datanode.id
recon_1       | 	at org.apache.hadoop.ipc.RPC$Server.call(RPC.java:1093)
scm_1         | 2022-10-23 13:16:34,859 [e2e3edd1-09aa-4f1d-994e-2449c5bcde69-impl-thread1] INFO server.RaftServerConfigKeys: raft.server.log.async-flush.enabled = false (default)
datanode_3_1  | 2022-10-23 13:17:16,512 [pool-22-thread-1] INFO segmented.SegmentedRaftLogWorker: 35f00696-65b2-47c9-a75b-64cd61d40d87@group-5EE5A50341DD-SegmentedRaftLogWorker: safeCacheEvictIndex: setUnconditionally 0 -> -1
datanode_1_1  | 	at org.apache.hadoop.ozone.container.common.states.endpoint.VersionEndpointTask.call(VersionEndpointTask.java:40)
datanode_5_1  | 2022-10-23 13:16:48,185 [EndpointStateMachine task thread for scm/10.5.0.71:9861 - 0 ] INFO ipc.Client: Retrying connect to server: scm/10.5.0.71:9861. Already tried 1 time(s); retry policy is RetryUpToMaximumCountWithFixedSleep(maxRetries=15, sleepTime=1000 MILLISECONDS)
datanode_6_1  | 2022-10-23 13:16:45,929 [Datanode State Machine Task Thread - 0] INFO datanode.InitDatanodeState: DatanodeDetails is persisted to /data/datanode.id
om_1          | 2022-10-23 13:17:23,139 [main] WARN server.ServerUtils: Storage directory for Ratis is not configured. It is a good idea to map this to an SSD disk. Falling back to ozone.metadata.dirs
datanode_2_1  | 	at org.apache.hadoop.net.SocketIOWithTimeout.doIO(SocketIOWithTimeout.java:163)
datanode_4_1  | 2022-10-23 13:16:47,106 [EndpointStateMachine task thread for recon/10.5.0.72:9891 - 0 ] INFO ipc.Client: Retrying connect to server: recon/10.5.0.72:9891. Already tried 0 time(s); retry policy is RetryUpToMaximumCountWithFixedSleep(maxRetries=15, sleepTime=1000 MILLISECONDS)
recon_1       | 	at org.apache.hadoop.ipc.Server$RpcCall.run(Server.java:1043)
scm_1         | 2022-10-23 13:16:34,859 [e2e3edd1-09aa-4f1d-994e-2449c5bcde69-impl-thread1] INFO server.RaftServerConfigKeys: raft.server.log.statemachine.data.caching.enabled = false (default)
datanode_3_1  | 2022-10-23 13:17:16,521 [pool-22-thread-1] INFO server.RaftServer$Division: 35f00696-65b2-47c9-a75b-64cd61d40d87@group-5EE5A50341DD: start as a follower, conf=-1: peers:[d2dd63bf-1f77-48cf-8e30-8708a4aef0d7|rpc:10.5.0.8:9856|admin:10.5.0.8:9857|client:10.5.0.8:9858|dataStream:|priority:1|startupRole:FOLLOWER, d358f671-c266-4873-b07b-66cf8d4b09ad|rpc:10.5.0.7:9856|admin:10.5.0.7:9857|client:10.5.0.7:9858|dataStream:|priority:0|startupRole:FOLLOWER, 35f00696-65b2-47c9-a75b-64cd61d40d87|rpc:10.5.0.6:9856|admin:10.5.0.6:9857|client:10.5.0.6:9858|dataStream:|priority:0|startupRole:FOLLOWER]|listeners:[], old=null
datanode_1_1  | 	at java.base/java.util.concurrent.FutureTask.run(FutureTask.java:264)
datanode_5_1  | 2022-10-23 13:16:48,190 [EndpointStateMachine task thread for recon/10.5.0.72:9891 - 0 ] INFO ipc.Client: Retrying connect to server: recon/10.5.0.72:9891. Already tried 1 time(s); retry policy is RetryUpToMaximumCountWithFixedSleep(maxRetries=15, sleepTime=1000 MILLISECONDS)
datanode_6_1  | 2022-10-23 13:16:47,687 [EndpointStateMachine task thread for scm/10.5.0.71:9861 - 0 ] INFO ipc.Client: Retrying connect to server: scm/10.5.0.71:9861. Already tried 0 time(s); retry policy is RetryUpToMaximumCountWithFixedSleep(maxRetries=15, sleepTime=1000 MILLISECONDS)
om_1          | 2022-10-23 13:17:23,208 [main] INFO ratis.OzoneManagerRatisServer: Instantiating OM Ratis server with groupID: omServiceIdDefault and peers: om:9872
datanode_2_1  | 	at org.apache.hadoop.net.SocketInputStream.read(SocketInputStream.java:161)
datanode_4_1  | 2022-10-23 13:16:47,132 [EndpointStateMachine task thread for scm/10.5.0.71:9861 - 0 ] INFO ipc.Client: Retrying connect to server: scm/10.5.0.71:9861. Already tried 0 time(s); retry policy is RetryUpToMaximumCountWithFixedSleep(maxRetries=15, sleepTime=1000 MILLISECONDS)
recon_1       | 	at org.apache.hadoop.ipc.Server$RpcCall.run(Server.java:971)
scm_1         | 2022-10-23 13:16:34,947 [e2e3edd1-09aa-4f1d-994e-2449c5bcde69-impl-thread1] INFO segmented.SegmentedRaftLogWorker: e2e3edd1-09aa-4f1d-994e-2449c5bcde69@group-7702340A0188-SegmentedRaftLogWorker: flushIndex: setUnconditionally 0 -> -1
datanode_3_1  | 2022-10-23 13:17:16,521 [pool-22-thread-1] INFO server.RaftServer$Division: 35f00696-65b2-47c9-a75b-64cd61d40d87@group-5EE5A50341DD: changes role from      null to FOLLOWER at term 0 for startAsFollower
datanode_1_1  | 	at java.base/java.util.concurrent.ThreadPoolExecutor.runWorker(ThreadPoolExecutor.java:1128)
datanode_5_1  | 2022-10-23 13:16:49,191 [EndpointStateMachine task thread for scm/10.5.0.71:9861 - 0 ] INFO ipc.Client: Retrying connect to server: scm/10.5.0.71:9861. Already tried 2 time(s); retry policy is RetryUpToMaximumCountWithFixedSleep(maxRetries=15, sleepTime=1000 MILLISECONDS)
datanode_6_1  | 2022-10-23 13:16:47,690 [EndpointStateMachine task thread for recon/10.5.0.72:9891 - 0 ] INFO ipc.Client: Retrying connect to server: recon/10.5.0.72:9891. Already tried 0 time(s); retry policy is RetryUpToMaximumCountWithFixedSleep(maxRetries=15, sleepTime=1000 MILLISECONDS)
om_1          | 2022-10-23 13:17:23,236 [main] INFO ratis.OzoneManagerStateMachine: LastAppliedIndex is set from TransactionInfo from OM DB as (t:0, i:~)
datanode_2_1  | 	at org.apache.hadoop.net.SocketInputStream.read(SocketInputStream.java:131)
datanode_4_1  | 2022-10-23 13:16:48,108 [EndpointStateMachine task thread for recon/10.5.0.72:9891 - 0 ] INFO ipc.Client: Retrying connect to server: recon/10.5.0.72:9891. Already tried 1 time(s); retry policy is RetryUpToMaximumCountWithFixedSleep(maxRetries=15, sleepTime=1000 MILLISECONDS)
recon_1       | 	at java.base/java.security.AccessController.doPrivileged(Native Method)
scm_1         | 2022-10-23 13:16:34,963 [e2e3edd1-09aa-4f1d-994e-2449c5bcde69-impl-thread1] INFO segmented.SegmentedRaftLogWorker: e2e3edd1-09aa-4f1d-994e-2449c5bcde69@group-7702340A0188-SegmentedRaftLogWorker: safeCacheEvictIndex: setUnconditionally 0 -> -1
datanode_3_1  | 2022-10-23 13:17:16,522 [pool-22-thread-1] INFO impl.RoleInfo: 35f00696-65b2-47c9-a75b-64cd61d40d87: start 35f00696-65b2-47c9-a75b-64cd61d40d87@group-5EE5A50341DD-FollowerState
datanode_1_1  | 	at java.base/java.util.concurrent.ThreadPoolExecutor$Worker.run(ThreadPoolExecutor.java:628)
datanode_5_1  | 2022-10-23 13:16:49,192 [EndpointStateMachine task thread for recon/10.5.0.72:9891 - 0 ] INFO ipc.Client: Retrying connect to server: recon/10.5.0.72:9891. Already tried 2 time(s); retry policy is RetryUpToMaximumCountWithFixedSleep(maxRetries=15, sleepTime=1000 MILLISECONDS)
datanode_6_1  | 2022-10-23 13:16:48,374 [Datanode State Machine Daemon Thread] ERROR datanode.RunningDatanodeState: Error in executing end point task.
om_1          | 2022-10-23 13:17:23,385 [main] INFO server.RaftServer: raft.rpc.type = GRPC (default)
datanode_2_1  | 	at java.base/java.io.FilterInputStream.read(FilterInputStream.java:133)
datanode_4_1  | 2022-10-23 13:16:48,133 [EndpointStateMachine task thread for scm/10.5.0.71:9861 - 0 ] INFO ipc.Client: Retrying connect to server: scm/10.5.0.71:9861. Already tried 1 time(s); retry policy is RetryUpToMaximumCountWithFixedSleep(maxRetries=15, sleepTime=1000 MILLISECONDS)
recon_1       | 	at java.base/javax.security.auth.Subject.doAs(Subject.java:423)
scm_1         | 2022-10-23 13:16:34,995 [e2e3edd1-09aa-4f1d-994e-2449c5bcde69-impl-thread1] INFO server.RaftServer$Division: e2e3edd1-09aa-4f1d-994e-2449c5bcde69@group-7702340A0188: start as a follower, conf=-1: peers:[e2e3edd1-09aa-4f1d-994e-2449c5bcde69|rpc:ba44138a535a:9894|priority:0|startupRole:FOLLOWER]|listeners:[], old=null
datanode_3_1  | 2022-10-23 13:17:16,527 [pool-22-thread-1] INFO util.JmxRegister: Successfully registered JMX Bean with object name Ratis:service=RaftServer,group=group-5EE5A50341DD,id=35f00696-65b2-47c9-a75b-64cd61d40d87
datanode_1_1  | 	at java.base/java.lang.Thread.run(Thread.java:829)
datanode_5_1  | 2022-10-23 13:16:50,192 [EndpointStateMachine task thread for scm/10.5.0.71:9861 - 0 ] INFO ipc.Client: Retrying connect to server: scm/10.5.0.71:9861. Already tried 3 time(s); retry policy is RetryUpToMaximumCountWithFixedSleep(maxRetries=15, sleepTime=1000 MILLISECONDS)
datanode_6_1  | java.util.concurrent.ExecutionException: java.util.concurrent.TimeoutException
datanode_2_1  | 	at java.base/java.io.BufferedInputStream.fill(BufferedInputStream.java:252)
om_1          | 2022-10-23 13:17:23,567 [main] INFO grpc.GrpcConfigKeys: raft.grpc.admin.host = null (fallback to raft.grpc.server.host)
datanode_4_1  | 2022-10-23 13:16:49,108 [EndpointStateMachine task thread for recon/10.5.0.72:9891 - 0 ] INFO ipc.Client: Retrying connect to server: recon/10.5.0.72:9891. Already tried 2 time(s); retry policy is RetryUpToMaximumCountWithFixedSleep(maxRetries=15, sleepTime=1000 MILLISECONDS)
recon_1       | 	at org.apache.hadoop.security.UserGroupInformation.doAs(UserGroupInformation.java:1878)
scm_1         | 2022-10-23 13:16:35,024 [e2e3edd1-09aa-4f1d-994e-2449c5bcde69-impl-thread1] INFO server.RaftServer$Division: e2e3edd1-09aa-4f1d-994e-2449c5bcde69@group-7702340A0188: changes role from      null to FOLLOWER at term 0 for startAsFollower
datanode_3_1  | 2022-10-23 13:17:16,527 [pool-22-thread-1] INFO server.RaftServerConfigKeys: raft.server.snapshot.auto.trigger.enabled = true (custom)
datanode_1_1  | Caused by: java.net.SocketTimeoutException: 5000 millis timeout while waiting for channel to be ready for read. ch : java.nio.channels.SocketChannel[connected local=/10.5.0.4:50760 remote=recon/10.5.0.72:9891]
datanode_5_1  | 2022-10-23 13:16:50,193 [EndpointStateMachine task thread for recon/10.5.0.72:9891 - 0 ] INFO ipc.Client: Retrying connect to server: recon/10.5.0.72:9891. Already tried 3 time(s); retry policy is RetryUpToMaximumCountWithFixedSleep(maxRetries=15, sleepTime=1000 MILLISECONDS)
datanode_6_1  | 	at java.base/java.util.concurrent.FutureTask.report(FutureTask.java:122)
datanode_2_1  | 	at java.base/java.io.BufferedInputStream.read(BufferedInputStream.java:271)
om_1          | 2022-10-23 13:17:23,571 [main] INFO grpc.GrpcConfigKeys: raft.grpc.admin.port = 9872 (fallback to raft.grpc.server.port)
datanode_4_1  | 2022-10-23 13:16:49,134 [EndpointStateMachine task thread for scm/10.5.0.71:9861 - 0 ] INFO ipc.Client: Retrying connect to server: scm/10.5.0.71:9861. Already tried 2 time(s); retry policy is RetryUpToMaximumCountWithFixedSleep(maxRetries=15, sleepTime=1000 MILLISECONDS)
recon_1       | 	at org.apache.hadoop.ipc.Server$Handler.run(Server.java:2976)
scm_1         | 2022-10-23 13:16:35,032 [e2e3edd1-09aa-4f1d-994e-2449c5bcde69-impl-thread1] INFO impl.RoleInfo: e2e3edd1-09aa-4f1d-994e-2449c5bcde69: start e2e3edd1-09aa-4f1d-994e-2449c5bcde69@group-7702340A0188-FollowerState
datanode_3_1  | 2022-10-23 13:17:16,528 [pool-22-thread-1] INFO server.RaftServerConfigKeys: raft.server.snapshot.auto.trigger.threshold = 10000 (custom)
datanode_1_1  | 	at org.apache.hadoop.net.SocketIOWithTimeout.doIO(SocketIOWithTimeout.java:163)
datanode_5_1  | 2022-10-23 13:16:51,193 [EndpointStateMachine task thread for scm/10.5.0.71:9861 - 0 ] INFO ipc.Client: Retrying connect to server: scm/10.5.0.71:9861. Already tried 4 time(s); retry policy is RetryUpToMaximumCountWithFixedSleep(maxRetries=15, sleepTime=1000 MILLISECONDS)
datanode_6_1  | 	at java.base/java.util.concurrent.FutureTask.get(FutureTask.java:191)
datanode_2_1  | 	at java.base/java.io.FilterInputStream.read(FilterInputStream.java:83)
om_1          | 2022-10-23 13:17:23,572 [main] INFO grpc.GrpcConfigKeys: raft.grpc.client.host = null (fallback to raft.grpc.server.host)
datanode_4_1  | 2022-10-23 13:16:50,109 [EndpointStateMachine task thread for recon/10.5.0.72:9891 - 0 ] INFO ipc.Client: Retrying connect to server: recon/10.5.0.72:9891. Already tried 3 time(s); retry policy is RetryUpToMaximumCountWithFixedSleep(maxRetries=15, sleepTime=1000 MILLISECONDS)
recon_1       | , while invoking $Proxy44.submitRequest over nodeId=scmNodeId,nodeAddress=scm/10.5.0.71:9860 after 1 failover attempts. Trying to failover after sleeping for 2000ms.
scm_1         | 2022-10-23 13:16:35,106 [e2e3edd1-09aa-4f1d-994e-2449c5bcde69-impl-thread1] INFO util.JmxRegister: Successfully registered JMX Bean with object name Ratis:service=RaftServer,group=group-7702340A0188,id=e2e3edd1-09aa-4f1d-994e-2449c5bcde69
datanode_3_1  | 2022-10-23 13:17:16,529 [pool-22-thread-1] INFO server.RaftServerConfigKeys: raft.server.snapshot.retention.file.num = 5 (custom)
datanode_1_1  | 	at org.apache.hadoop.net.SocketInputStream.read(SocketInputStream.java:161)
datanode_5_1  | 2022-10-23 13:16:51,194 [EndpointStateMachine task thread for recon/10.5.0.72:9891 - 0 ] INFO ipc.Client: Retrying connect to server: recon/10.5.0.72:9891. Already tried 4 time(s); retry policy is RetryUpToMaximumCountWithFixedSleep(maxRetries=15, sleepTime=1000 MILLISECONDS)
datanode_6_1  | 	at org.apache.hadoop.ozone.container.common.states.datanode.RunningDatanodeState.computeNextContainerState(RunningDatanodeState.java:199)
datanode_2_1  | 	at java.base/java.io.FilterInputStream.read(FilterInputStream.java:83)
om_1          | 2022-10-23 13:17:23,573 [main] INFO grpc.GrpcConfigKeys: raft.grpc.client.port = 9872 (fallback to raft.grpc.server.port)
datanode_4_1  | 2022-10-23 13:16:50,135 [EndpointStateMachine task thread for scm/10.5.0.71:9861 - 0 ] INFO ipc.Client: Retrying connect to server: scm/10.5.0.71:9861. Already tried 3 time(s); retry policy is RetryUpToMaximumCountWithFixedSleep(maxRetries=15, sleepTime=1000 MILLISECONDS)
datanode_4_1  | 2022-10-23 13:16:51,110 [EndpointStateMachine task thread for recon/10.5.0.72:9891 - 0 ] INFO ipc.Client: Retrying connect to server: recon/10.5.0.72:9891. Already tried 4 time(s); retry policy is RetryUpToMaximumCountWithFixedSleep(maxRetries=15, sleepTime=1000 MILLISECONDS)
scm_1         | 2022-10-23 13:16:35,111 [e2e3edd1-09aa-4f1d-994e-2449c5bcde69@group-7702340A0188-FollowerState] INFO server.RaftServerConfigKeys: raft.server.rpc.first-election.timeout.min = 5000ms (fallback to raft.server.rpc.timeout.min)
datanode_3_1  | 2022-10-23 13:17:16,529 [pool-22-thread-1] INFO server.RaftServerConfigKeys: raft.server.log.purge.upto.snapshot.index = false (default)
datanode_1_1  | 	at org.apache.hadoop.net.SocketInputStream.read(SocketInputStream.java:131)
datanode_1_1  | 	at java.base/java.io.FilterInputStream.read(FilterInputStream.java:133)
datanode_6_1  | 	at org.apache.hadoop.ozone.container.common.states.datanode.RunningDatanodeState.await(RunningDatanodeState.java:239)
datanode_2_1  | 	at org.apache.hadoop.ipc.Client$Connection$PingInputStream.read(Client.java:563)
om_1          | 2022-10-23 13:17:23,573 [main] INFO grpc.GrpcConfigKeys: raft.grpc.server.host = null (default)
recon_1       | 2022-10-23 13:17:01,492 [Listener at 0.0.0.0/9891] INFO retry.RetryInvocationHandler: com.google.protobuf.ServiceException: org.apache.hadoop.ipc.RemoteException(org.apache.hadoop.hdds.ratis.ServerNotLeaderException): Server:e2e3edd1-09aa-4f1d-994e-2449c5bcde69 is not the leader. Could not determine the leader node.
datanode_4_1  | 2022-10-23 13:16:51,141 [EndpointStateMachine task thread for scm/10.5.0.71:9861 - 0 ] INFO ipc.Client: Retrying connect to server: scm/10.5.0.71:9861. Already tried 4 time(s); retry policy is RetryUpToMaximumCountWithFixedSleep(maxRetries=15, sleepTime=1000 MILLISECONDS)
scm_1         | 2022-10-23 13:16:35,115 [e2e3edd1-09aa-4f1d-994e-2449c5bcde69@group-7702340A0188-FollowerState] INFO server.RaftServerConfigKeys: raft.server.rpc.first-election.timeout.max = 5200ms (fallback to raft.server.rpc.timeout.max)
datanode_1_1  | 	at java.base/java.io.BufferedInputStream.fill(BufferedInputStream.java:252)
datanode_5_1  | 2022-10-23 13:16:52,198 [EndpointStateMachine task thread for scm/10.5.0.71:9861 - 0 ] INFO ipc.Client: Retrying connect to server: scm/10.5.0.71:9861. Already tried 5 time(s); retry policy is RetryUpToMaximumCountWithFixedSleep(maxRetries=15, sleepTime=1000 MILLISECONDS)
datanode_3_1  | 2022-10-23 13:17:16,533 [35f00696-65b2-47c9-a75b-64cd61d40d87@group-5EE5A50341DD-FollowerState] INFO server.RaftServerConfigKeys: raft.server.rpc.first-election.timeout.min = 5s (fallback to raft.server.rpc.timeout.min)
datanode_6_1  | 	at org.apache.hadoop.ozone.container.common.states.datanode.RunningDatanodeState.await(RunningDatanodeState.java:50)
datanode_2_1  | 	at java.base/java.io.DataInputStream.readInt(DataInputStream.java:392)
om_1          | 2022-10-23 13:17:23,575 [main] INFO grpc.GrpcConfigKeys: raft.grpc.server.port = 9872 (custom)
om_1          | 2022-10-23 13:17:23,578 [main] INFO server.GrpcService: raft.grpc.message.size.max = 33554432 (custom)
recon_1       | 	at org.apache.hadoop.hdds.ratis.ServerNotLeaderException.convertToNotLeaderException(ServerNotLeaderException.java:109)
scm_1         | 2022-10-23 13:16:35,117 [e2e3edd1-09aa-4f1d-994e-2449c5bcde69-impl-thread1] INFO server.RaftServerConfigKeys: raft.server.snapshot.auto.trigger.enabled = true (custom)
datanode_1_1  | 	at java.base/java.io.BufferedInputStream.read(BufferedInputStream.java:271)
datanode_5_1  | 2022-10-23 13:16:53,199 [EndpointStateMachine task thread for scm/10.5.0.71:9861 - 0 ] INFO ipc.Client: Retrying connect to server: scm/10.5.0.71:9861. Already tried 6 time(s); retry policy is RetryUpToMaximumCountWithFixedSleep(maxRetries=15, sleepTime=1000 MILLISECONDS)
datanode_3_1  | 2022-10-23 13:17:16,553 [35f00696-65b2-47c9-a75b-64cd61d40d87@group-5EE5A50341DD-FollowerState] INFO server.RaftServerConfigKeys: raft.server.rpc.first-election.timeout.max = 5200ms (fallback to raft.server.rpc.timeout.max)
datanode_6_1  | 	at org.apache.hadoop.ozone.container.common.statemachine.StateContext.execute(StateContext.java:660)
datanode_2_1  | 	at org.apache.hadoop.ipc.Client$IpcStreams.readResponse(Client.java:1922)
om_1          | 2022-10-23 13:17:23,582 [main] INFO server.RaftServerConfigKeys: raft.server.log.appender.buffer.byte-limit = 33554432 (custom)
datanode_4_1  | 2022-10-23 13:16:52,142 [EndpointStateMachine task thread for scm/10.5.0.71:9861 - 0 ] INFO ipc.Client: Retrying connect to server: scm/10.5.0.71:9861. Already tried 5 time(s); retry policy is RetryUpToMaximumCountWithFixedSleep(maxRetries=15, sleepTime=1000 MILLISECONDS)
recon_1       | 	at org.apache.hadoop.hdds.scm.ha.RatisUtil.checkRatisException(RatisUtil.java:246)
scm_1         | 2022-10-23 13:16:35,139 [e2e3edd1-09aa-4f1d-994e-2449c5bcde69-impl-thread1] INFO server.RaftServerConfigKeys: raft.server.snapshot.auto.trigger.threshold = 1000 (custom)
datanode_1_1  | 	at java.base/java.io.FilterInputStream.read(FilterInputStream.java:83)
datanode_5_1  | 2022-10-23 13:16:54,200 [EndpointStateMachine task thread for scm/10.5.0.71:9861 - 0 ] INFO ipc.Client: Retrying connect to server: scm/10.5.0.71:9861. Already tried 7 time(s); retry policy is RetryUpToMaximumCountWithFixedSleep(maxRetries=15, sleepTime=1000 MILLISECONDS)
datanode_3_1  | 2022-10-23 13:17:16,648 [grpc-default-executor-0] INFO server.RaftServer$Division: 35f00696-65b2-47c9-a75b-64cd61d40d87@group-E401CF87863B: receive requestVote(ELECTION, d2dd63bf-1f77-48cf-8e30-8708a4aef0d7, group-E401CF87863B, 1, (t:0, i:0))
datanode_6_1  | 	at org.apache.hadoop.ozone.container.common.statemachine.DatanodeStateMachine.startStateMachineThread(DatanodeStateMachine.java:303)
datanode_2_1  | 	at org.apache.hadoop.ipc.Client$Connection.receiveRpcResponse(Client.java:1238)
om_1          | 2022-10-23 13:17:23,583 [main] INFO server.GrpcService: raft.grpc.flow.control.window = 1MB (=1048576) (default)
datanode_4_1  | 2022-10-23 13:16:53,143 [EndpointStateMachine task thread for scm/10.5.0.71:9861 - 0 ] INFO ipc.Client: Retrying connect to server: scm/10.5.0.71:9861. Already tried 6 time(s); retry policy is RetryUpToMaximumCountWithFixedSleep(maxRetries=15, sleepTime=1000 MILLISECONDS)
recon_1       | 	at org.apache.hadoop.hdds.scm.protocol.StorageContainerLocationProtocolServerSideTranslatorPB.submitRequest(StorageContainerLocationProtocolServerSideTranslatorPB.java:193)
scm_1         | 2022-10-23 13:16:35,151 [e2e3edd1-09aa-4f1d-994e-2449c5bcde69-impl-thread1] INFO server.RaftServerConfigKeys: raft.server.snapshot.retention.file.num = -1 (default)
datanode_1_1  | 	at java.base/java.io.FilterInputStream.read(FilterInputStream.java:83)
datanode_5_1  | 2022-10-23 13:16:55,201 [EndpointStateMachine task thread for scm/10.5.0.71:9861 - 0 ] INFO ipc.Client: Retrying connect to server: scm/10.5.0.71:9861. Already tried 8 time(s); retry policy is RetryUpToMaximumCountWithFixedSleep(maxRetries=15, sleepTime=1000 MILLISECONDS)
datanode_3_1  | 2022-10-23 13:17:16,658 [grpc-default-executor-0] INFO impl.VoteContext: 35f00696-65b2-47c9-a75b-64cd61d40d87@group-E401CF87863B-FOLLOWER: reject ELECTION from d2dd63bf-1f77-48cf-8e30-8708a4aef0d7: our priority 1 > candidate's priority 0
datanode_6_1  | 	at org.apache.hadoop.ozone.container.common.statemachine.DatanodeStateMachine.lambda$startDaemon$0(DatanodeStateMachine.java:499)
datanode_2_1  | 	at org.apache.hadoop.ipc.Client$Connection.run(Client.java:1134)
om_1          | 2022-10-23 13:17:23,586 [main] INFO server.RaftServerConfigKeys: raft.server.rpc.request.timeout = 3000ms (default)
datanode_4_1  | 2022-10-23 13:16:54,144 [EndpointStateMachine task thread for scm/10.5.0.71:9861 - 0 ] INFO ipc.Client: Retrying connect to server: scm/10.5.0.71:9861. Already tried 7 time(s); retry policy is RetryUpToMaximumCountWithFixedSleep(maxRetries=15, sleepTime=1000 MILLISECONDS)
recon_1       | 	at org.apache.hadoop.hdds.protocol.proto.StorageContainerLocationProtocolProtos$StorageContainerLocationProtocolService$2.callBlockingMethod(StorageContainerLocationProtocolProtos.java:62732)
scm_1         | 2022-10-23 13:16:35,169 [e2e3edd1-09aa-4f1d-994e-2449c5bcde69-impl-thread1] INFO server.RaftServerConfigKeys: raft.server.log.purge.upto.snapshot.index = false (default)
datanode_1_1  | 	at org.apache.hadoop.ipc.Client$Connection$PingInputStream.read(Client.java:563)
datanode_5_1  | 2022-10-23 13:16:56,203 [EndpointStateMachine task thread for scm/10.5.0.71:9861 - 0 ] INFO ipc.Client: Retrying connect to server: scm/10.5.0.71:9861. Already tried 9 time(s); retry policy is RetryUpToMaximumCountWithFixedSleep(maxRetries=15, sleepTime=1000 MILLISECONDS)
datanode_3_1  | 2022-10-23 13:17:16,661 [grpc-default-executor-0] INFO server.RaftServer$Division: 35f00696-65b2-47c9-a75b-64cd61d40d87@group-E401CF87863B: changes role from  FOLLOWER to FOLLOWER at term 1 for candidate:d2dd63bf-1f77-48cf-8e30-8708a4aef0d7
datanode_6_1  | 	at java.base/java.lang.Thread.run(Thread.java:829)
datanode_2_1  | 2022-10-23 13:16:57,713 [EndpointStateMachine task thread for scm/10.5.0.71:9861 - 0 ] INFO ipc.Client: Retrying connect to server: scm/10.5.0.71:9861. Already tried 12 time(s); retry policy is RetryUpToMaximumCountWithFixedSleep(maxRetries=15, sleepTime=1000 MILLISECONDS)
om_1          | 2022-10-23 13:17:23,613 [main] INFO grpc.GrpcConfigKeys: raft.grpc.server.heartbeat.channel = true (default)
datanode_4_1  | 2022-10-23 13:16:55,145 [EndpointStateMachine task thread for scm/10.5.0.71:9861 - 0 ] INFO ipc.Client: Retrying connect to server: scm/10.5.0.71:9861. Already tried 8 time(s); retry policy is RetryUpToMaximumCountWithFixedSleep(maxRetries=15, sleepTime=1000 MILLISECONDS)
recon_1       | 	at org.apache.hadoop.ipc.ProtobufRpcEngine$Server.processCall(ProtobufRpcEngine.java:465)
scm_1         | 2022-10-23 13:16:35,262 [main] INFO server.RaftServer: e2e3edd1-09aa-4f1d-994e-2449c5bcde69: start RPC server
datanode_1_1  | 	at java.base/java.io.DataInputStream.readInt(DataInputStream.java:392)
datanode_5_1  | 2022-10-23 13:16:56,233 [EndpointStateMachine task thread for recon/10.5.0.72:9891 - 0 ] WARN statemachine.EndpointStateMachine: Unable to communicate to Recon server at recon:9891 for past 0 seconds.
datanode_3_1  | 2022-10-23 13:17:16,661 [grpc-default-executor-0] INFO impl.RoleInfo: 35f00696-65b2-47c9-a75b-64cd61d40d87: shutdown 35f00696-65b2-47c9-a75b-64cd61d40d87@group-E401CF87863B-FollowerState
datanode_6_1  | Caused by: java.util.concurrent.TimeoutException
datanode_2_1  | 2022-10-23 13:17:02,725 [EndpointStateMachine task thread for scm/10.5.0.71:9861 - 0 ] WARN statemachine.EndpointStateMachine: Unable to communicate to SCM server at scm:9861 for past 0 seconds.
datanode_2_1  | java.net.SocketTimeoutException: Call From 8bdba7c31e19/10.5.0.5 to scm:9861 failed on socket timeout exception: java.net.SocketTimeoutException: 5000 millis timeout while waiting for channel to be ready for read. ch : java.nio.channels.SocketChannel[connected local=/10.5.0.5:50686 remote=scm/10.5.0.71:9861]; For more details see:  http://wiki.apache.org/hadoop/SocketTimeout
datanode_4_1  | 2022-10-23 13:16:56,146 [EndpointStateMachine task thread for scm/10.5.0.71:9861 - 0 ] INFO ipc.Client: Retrying connect to server: scm/10.5.0.71:9861. Already tried 9 time(s); retry policy is RetryUpToMaximumCountWithFixedSleep(maxRetries=15, sleepTime=1000 MILLISECONDS)
recon_1       | 	at org.apache.hadoop.ipc.ProtobufRpcEngine2$Server$ProtoBufRpcInvoker.call(ProtobufRpcEngine2.java:578)
scm_1         | 2022-10-23 13:16:35,988 [main] INFO server.GrpcService: e2e3edd1-09aa-4f1d-994e-2449c5bcde69: GrpcService started, listening on 9894
datanode_1_1  | 	at org.apache.hadoop.ipc.Client$IpcStreams.readResponse(Client.java:1922)
datanode_5_1  | java.net.SocketTimeoutException: Call From 1b35b5bad84f/10.5.0.8 to recon:9891 failed on socket timeout exception: java.net.SocketTimeoutException: 5000 millis timeout while waiting for channel to be ready for read. ch : java.nio.channels.SocketChannel[connected local=/10.5.0.8:56818 remote=recon/10.5.0.72:9891]; For more details see:  http://wiki.apache.org/hadoop/SocketTimeout
datanode_3_1  | 2022-10-23 13:17:16,662 [35f00696-65b2-47c9-a75b-64cd61d40d87@group-E401CF87863B-FollowerState] INFO impl.FollowerState: 35f00696-65b2-47c9-a75b-64cd61d40d87@group-E401CF87863B-FollowerState was interrupted
datanode_6_1  | 	at java.base/java.util.concurrent.FutureTask.get(FutureTask.java:204)
datanode_2_1  | 	at java.base/jdk.internal.reflect.NativeConstructorAccessorImpl.newInstance0(Native Method)
om_1          | 2022-10-23 13:17:23,633 [main] INFO grpc.GrpcConfigKeys: raft.grpc.server.async.request.thread.pool.cached = true (default)
datanode_4_1  | 2022-10-23 13:16:56,159 [EndpointStateMachine task thread for recon/10.5.0.72:9891 - 0 ] WARN statemachine.EndpointStateMachine: Unable to communicate to Recon server at recon:9891 for past 0 seconds.
recon_1       | 	at org.apache.hadoop.ipc.ProtobufRpcEngine2$Server$ProtoBufRpcInvoker.call(ProtobufRpcEngine2.java:556)
scm_1         | 2022-10-23 13:16:36,087 [JvmPauseMonitor0] INFO util.JvmPauseMonitor: JvmPauseMonitor-e2e3edd1-09aa-4f1d-994e-2449c5bcde69: Started
datanode_1_1  | 	at org.apache.hadoop.ipc.Client$Connection.receiveRpcResponse(Client.java:1238)
datanode_5_1  | 	at java.base/jdk.internal.reflect.NativeConstructorAccessorImpl.newInstance0(Native Method)
datanode_3_1  | 2022-10-23 13:17:16,698 [grpc-default-executor-0] INFO impl.RoleInfo: 35f00696-65b2-47c9-a75b-64cd61d40d87: start 35f00696-65b2-47c9-a75b-64cd61d40d87@group-E401CF87863B-FollowerState
datanode_6_1  | 	at org.apache.hadoop.ozone.container.common.states.datanode.RunningDatanodeState.lambda$execute$0(RunningDatanodeState.java:157)
datanode_2_1  | 	at java.base/jdk.internal.reflect.NativeConstructorAccessorImpl.newInstance(NativeConstructorAccessorImpl.java:62)
om_1          | 2022-10-23 13:17:23,645 [main] INFO grpc.GrpcConfigKeys: raft.grpc.server.async.request.thread.pool.size = 32 (default)
datanode_4_1  | java.net.SocketTimeoutException: Call From fa07d2fb73f0/10.5.0.7 to recon:9891 failed on socket timeout exception: java.net.SocketTimeoutException: 5000 millis timeout while waiting for channel to be ready for read. ch : java.nio.channels.SocketChannel[connected local=/10.5.0.7:43620 remote=recon/10.5.0.72:9891]; For more details see:  http://wiki.apache.org/hadoop/SocketTimeout
recon_1       | 	at org.apache.hadoop.ipc.RPC$Server.call(RPC.java:1093)
scm_1         | 2022-10-23 13:16:40,323 [e2e3edd1-09aa-4f1d-994e-2449c5bcde69@group-7702340A0188-FollowerState] INFO impl.FollowerState: e2e3edd1-09aa-4f1d-994e-2449c5bcde69@group-7702340A0188-FollowerState: change to CANDIDATE, lastRpcElapsedTime:5291673003ns, electionTimeout:5175ms
datanode_1_1  | 	at org.apache.hadoop.ipc.Client$Connection.run(Client.java:1134)
datanode_1_1  | 2022-10-23 13:16:57,302 [EndpointStateMachine task thread for scm/10.5.0.71:9861 - 0 ] INFO ipc.Client: Retrying connect to server: scm/10.5.0.71:9861. Already tried 10 time(s); retry policy is RetryUpToMaximumCountWithFixedSleep(maxRetries=15, sleepTime=1000 MILLISECONDS)
datanode_3_1  | 2022-10-23 13:17:16,705 [35f00696-65b2-47c9-a75b-64cd61d40d87@group-E401CF87863B-FollowerState] INFO server.RaftServerConfigKeys: raft.server.rpc.first-election.timeout.min = 5s (fallback to raft.server.rpc.timeout.min)
datanode_3_1  | 2022-10-23 13:17:16,705 [35f00696-65b2-47c9-a75b-64cd61d40d87@group-E401CF87863B-FollowerState] INFO server.RaftServerConfigKeys: raft.server.rpc.first-election.timeout.max = 5200ms (fallback to raft.server.rpc.timeout.max)
datanode_2_1  | 	at java.base/jdk.internal.reflect.DelegatingConstructorAccessorImpl.newInstance(DelegatingConstructorAccessorImpl.java:45)
datanode_4_1  | 	at java.base/jdk.internal.reflect.NativeConstructorAccessorImpl.newInstance0(Native Method)
datanode_1_1  | 2022-10-23 13:16:58,303 [EndpointStateMachine task thread for scm/10.5.0.71:9861 - 0 ] INFO ipc.Client: Retrying connect to server: scm/10.5.0.71:9861. Already tried 11 time(s); retry policy is RetryUpToMaximumCountWithFixedSleep(maxRetries=15, sleepTime=1000 MILLISECONDS)
datanode_5_1  | 	at java.base/jdk.internal.reflect.NativeConstructorAccessorImpl.newInstance(NativeConstructorAccessorImpl.java:62)
scm_1         | 2022-10-23 13:16:40,329 [e2e3edd1-09aa-4f1d-994e-2449c5bcde69@group-7702340A0188-FollowerState] INFO impl.RoleInfo: e2e3edd1-09aa-4f1d-994e-2449c5bcde69: shutdown e2e3edd1-09aa-4f1d-994e-2449c5bcde69@group-7702340A0188-FollowerState
scm_1         | 2022-10-23 13:16:40,359 [e2e3edd1-09aa-4f1d-994e-2449c5bcde69@group-7702340A0188-FollowerState] INFO server.RaftServer$Division: e2e3edd1-09aa-4f1d-994e-2449c5bcde69@group-7702340A0188: changes role from  FOLLOWER to CANDIDATE at term 0 for changeToCandidate
scm_1         | 2022-10-23 13:16:40,426 [e2e3edd1-09aa-4f1d-994e-2449c5bcde69@group-7702340A0188-FollowerState] INFO server.RaftServerConfigKeys: raft.server.leaderelection.pre-vote = false (custom)
datanode_2_1  | 	at java.base/java.lang.reflect.Constructor.newInstance(Constructor.java:490)
om_1          | 2022-10-23 13:17:24,215 [main] INFO impl.DataStreamServerImpl: raft.datastream.type = DISABLED (default)
datanode_4_1  | 	at java.base/jdk.internal.reflect.NativeConstructorAccessorImpl.newInstance(NativeConstructorAccessorImpl.java:62)
recon_1       | 	at org.apache.hadoop.ipc.Server$RpcCall.run(Server.java:1043)
recon_1       | 	at org.apache.hadoop.ipc.Server$RpcCall.run(Server.java:971)
datanode_6_1  | 	at java.base/java.util.concurrent.FutureTask.run(FutureTask.java:264)
scm_1         | 2022-10-23 13:16:40,426 [e2e3edd1-09aa-4f1d-994e-2449c5bcde69@group-7702340A0188-FollowerState] INFO impl.RoleInfo: e2e3edd1-09aa-4f1d-994e-2449c5bcde69: start e2e3edd1-09aa-4f1d-994e-2449c5bcde69@group-7702340A0188-LeaderElection1
datanode_3_1  | 2022-10-23 13:17:16,720 [grpc-default-executor-0] INFO server.RaftServer$Division: 35f00696-65b2-47c9-a75b-64cd61d40d87@group-E401CF87863B replies to ELECTION vote request: d2dd63bf-1f77-48cf-8e30-8708a4aef0d7<-35f00696-65b2-47c9-a75b-64cd61d40d87#0:FAIL-t1. Peer's state: 35f00696-65b2-47c9-a75b-64cd61d40d87@group-E401CF87863B:t1, leader=null, voted=null, raftlog=Memoized:35f00696-65b2-47c9-a75b-64cd61d40d87@group-E401CF87863B-SegmentedRaftLog:OPENED:c-1, conf=-1: peers:[d2dd63bf-1f77-48cf-8e30-8708a4aef0d7|rpc:10.5.0.8:9856|admin:10.5.0.8:9857|client:10.5.0.8:9858|dataStream:|priority:0|startupRole:FOLLOWER, 35f00696-65b2-47c9-a75b-64cd61d40d87|rpc:10.5.0.6:9856|admin:10.5.0.6:9857|client:10.5.0.6:9858|dataStream:|priority:1|startupRole:FOLLOWER, ca491053-fe49-4ba6-89dc-4e979c4c67e3|rpc:10.5.0.5:9856|admin:10.5.0.5:9857|client:10.5.0.5:9858|dataStream:|priority:0|startupRole:FOLLOWER]|listeners:[], old=null
datanode_5_1  | 	at java.base/jdk.internal.reflect.DelegatingConstructorAccessorImpl.newInstance(DelegatingConstructorAccessorImpl.java:45)
datanode_2_1  | 	at org.apache.hadoop.net.NetUtils.wrapWithMessage(NetUtils.java:913)
om_1          | 2022-10-23 13:17:24,227 [main] INFO server.RaftServerConfigKeys: raft.server.threadpool.proxy.cached = true (default)
recon_1       | 	at java.base/java.security.AccessController.doPrivileged(Native Method)
scm_1         | 2022-10-23 13:16:40,553 [e2e3edd1-09aa-4f1d-994e-2449c5bcde69@group-7702340A0188-LeaderElection1] INFO impl.LeaderElection: e2e3edd1-09aa-4f1d-994e-2449c5bcde69@group-7702340A0188-LeaderElection1 ELECTION round 0: submit vote requests at term 1 for -1: peers:[e2e3edd1-09aa-4f1d-994e-2449c5bcde69|rpc:ba44138a535a:9894|priority:0|startupRole:FOLLOWER]|listeners:[], old=null
datanode_3_1  | 2022-10-23 13:17:21,414 [grpc-default-executor-0] INFO server.RaftServer$Division: 35f00696-65b2-47c9-a75b-64cd61d40d87@group-5EE5A50341DD: receive requestVote(ELECTION, d2dd63bf-1f77-48cf-8e30-8708a4aef0d7, group-5EE5A50341DD, 1, (t:0, i:0))
datanode_5_1  | 	at java.base/java.lang.reflect.Constructor.newInstance(Constructor.java:490)
datanode_2_1  | 	at org.apache.hadoop.net.NetUtils.wrapException(NetUtils.java:848)
datanode_2_1  | 	at org.apache.hadoop.ipc.Client.getRpcResponse(Client.java:1616)
datanode_6_1  | 	at java.base/java.util.concurrent.Executors$RunnableAdapter.call(Executors.java:515)
datanode_1_1  | 2022-10-23 13:17:03,315 [EndpointStateMachine task thread for scm/10.5.0.71:9861 - 0 ] WARN statemachine.EndpointStateMachine: Unable to communicate to SCM server at scm:9861 for past 0 seconds.
datanode_4_1  | 	at java.base/jdk.internal.reflect.DelegatingConstructorAccessorImpl.newInstance(DelegatingConstructorAccessorImpl.java:45)
recon_1       | 	at java.base/javax.security.auth.Subject.doAs(Subject.java:423)
scm_1         | 2022-10-23 13:16:40,567 [e2e3edd1-09aa-4f1d-994e-2449c5bcde69@group-7702340A0188-LeaderElection1] INFO impl.LeaderElection: e2e3edd1-09aa-4f1d-994e-2449c5bcde69@group-7702340A0188-LeaderElection1 ELECTION round 0: result PASSED (term=1)
datanode_3_1  | 2022-10-23 13:17:21,414 [grpc-default-executor-0] INFO impl.VoteContext: 35f00696-65b2-47c9-a75b-64cd61d40d87@group-5EE5A50341DD-FOLLOWER: accept ELECTION from d2dd63bf-1f77-48cf-8e30-8708a4aef0d7: our priority 0 <= candidate's priority 1
datanode_5_1  | 	at org.apache.hadoop.net.NetUtils.wrapWithMessage(NetUtils.java:913)
datanode_2_1  | 	at org.apache.hadoop.ipc.Client.call(Client.java:1558)
om_1          | 2022-10-23 13:17:24,227 [main] INFO server.RaftServerConfigKeys: raft.server.threadpool.proxy.size = 0 (default)
datanode_6_1  | 	at java.base/java.util.concurrent.FutureTask.run(FutureTask.java:264)
datanode_1_1  | java.net.SocketTimeoutException: Call From 8424314a25cc/10.5.0.4 to scm:9861 failed on socket timeout exception: java.net.SocketTimeoutException: 5000 millis timeout while waiting for channel to be ready for read. ch : java.nio.channels.SocketChannel[connected local=/10.5.0.4:49174 remote=scm/10.5.0.71:9861]; For more details see:  http://wiki.apache.org/hadoop/SocketTimeout
datanode_4_1  | 	at java.base/java.lang.reflect.Constructor.newInstance(Constructor.java:490)
recon_1       | 	at org.apache.hadoop.security.UserGroupInformation.doAs(UserGroupInformation.java:1878)
scm_1         | 2022-10-23 13:16:40,606 [e2e3edd1-09aa-4f1d-994e-2449c5bcde69@group-7702340A0188-LeaderElection1] INFO impl.RoleInfo: e2e3edd1-09aa-4f1d-994e-2449c5bcde69: shutdown e2e3edd1-09aa-4f1d-994e-2449c5bcde69@group-7702340A0188-LeaderElection1
datanode_3_1  | 2022-10-23 13:17:21,414 [grpc-default-executor-0] INFO server.RaftServer$Division: 35f00696-65b2-47c9-a75b-64cd61d40d87@group-5EE5A50341DD: changes role from  FOLLOWER to FOLLOWER at term 1 for candidate:d2dd63bf-1f77-48cf-8e30-8708a4aef0d7
datanode_3_1  | 2022-10-23 13:17:21,414 [grpc-default-executor-0] INFO impl.RoleInfo: 35f00696-65b2-47c9-a75b-64cd61d40d87: shutdown 35f00696-65b2-47c9-a75b-64cd61d40d87@group-5EE5A50341DD-FollowerState
datanode_2_1  | 	at org.apache.hadoop.ipc.Client.call(Client.java:1455)
om_1          | 2022-10-23 13:17:24,228 [main] INFO server.RaftServerConfigKeys: raft.server.rpc.slowness.timeout = 120s (custom)
datanode_6_1  | 	at java.base/java.util.concurrent.ThreadPoolExecutor.runWorker(ThreadPoolExecutor.java:1128)
datanode_6_1  | 	at java.base/java.util.concurrent.ThreadPoolExecutor$Worker.run(ThreadPoolExecutor.java:628)
datanode_4_1  | 	at org.apache.hadoop.net.NetUtils.wrapWithMessage(NetUtils.java:913)
datanode_4_1  | 	at org.apache.hadoop.net.NetUtils.wrapException(NetUtils.java:848)
scm_1         | 2022-10-23 13:16:40,607 [e2e3edd1-09aa-4f1d-994e-2449c5bcde69@group-7702340A0188-LeaderElection1] INFO server.RaftServer$Division: e2e3edd1-09aa-4f1d-994e-2449c5bcde69@group-7702340A0188: changes role from CANDIDATE to LEADER at term 1 for changeToLeader
datanode_3_1  | 2022-10-23 13:17:21,415 [grpc-default-executor-0] INFO impl.RoleInfo: 35f00696-65b2-47c9-a75b-64cd61d40d87: start 35f00696-65b2-47c9-a75b-64cd61d40d87@group-5EE5A50341DD-FollowerState
datanode_5_1  | 	at org.apache.hadoop.net.NetUtils.wrapException(NetUtils.java:848)
datanode_2_1  | 	at org.apache.hadoop.ipc.ProtobufRpcEngine$Invoker.invoke(ProtobufRpcEngine.java:235)
om_1          | 2022-10-23 13:17:24,228 [main] INFO server.RaftServerConfigKeys: raft.server.leaderelection.leader.step-down.wait-time = 10s (default)
datanode_6_1  | 	... 1 more
datanode_1_1  | 	at java.base/jdk.internal.reflect.NativeConstructorAccessorImpl.newInstance0(Native Method)
datanode_4_1  | 	at org.apache.hadoop.ipc.Client.getRpcResponse(Client.java:1616)
recon_1       | 	at org.apache.hadoop.ipc.Server$Handler.run(Server.java:2976)
scm_1         | 2022-10-23 13:16:40,613 [e2e3edd1-09aa-4f1d-994e-2449c5bcde69@group-7702340A0188-LeaderElection1] INFO server.RaftServer$Division: e2e3edd1-09aa-4f1d-994e-2449c5bcde69@group-7702340A0188: change Leader from null to e2e3edd1-09aa-4f1d-994e-2449c5bcde69 at term 1 for becomeLeader, leader elected after 10690ms
datanode_3_1  | 2022-10-23 13:17:21,415 [35f00696-65b2-47c9-a75b-64cd61d40d87@group-5EE5A50341DD-FollowerState] INFO impl.FollowerState: 35f00696-65b2-47c9-a75b-64cd61d40d87@group-5EE5A50341DD-FollowerState was interrupted
datanode_5_1  | 	at org.apache.hadoop.ipc.Client.getRpcResponse(Client.java:1616)
datanode_2_1  | 	at org.apache.hadoop.ipc.ProtobufRpcEngine$Invoker.invoke(ProtobufRpcEngine.java:122)
om_1          | 2022-10-23 13:17:24,238 [main] INFO server.RaftServerConfigKeys: raft.server.storage.dir = [/data/metadata/ratis] (custom)
datanode_6_1  | 2022-10-23 13:16:48,689 [EndpointStateMachine task thread for scm/10.5.0.71:9861 - 0 ] INFO ipc.Client: Retrying connect to server: scm/10.5.0.71:9861. Already tried 1 time(s); retry policy is RetryUpToMaximumCountWithFixedSleep(maxRetries=15, sleepTime=1000 MILLISECONDS)
datanode_1_1  | 	at java.base/jdk.internal.reflect.NativeConstructorAccessorImpl.newInstance(NativeConstructorAccessorImpl.java:62)
datanode_4_1  | 	at org.apache.hadoop.ipc.Client.call(Client.java:1558)
recon_1       | , while invoking $Proxy44.submitRequest over nodeId=scmNodeId,nodeAddress=scm/10.5.0.71:9860 after 2 failover attempts. Trying to failover after sleeping for 2000ms.
scm_1         | 2022-10-23 13:16:40,768 [e2e3edd1-09aa-4f1d-994e-2449c5bcde69@group-7702340A0188-LeaderElection1] INFO server.RaftServerConfigKeys: raft.server.staging.catchup.gap = 1000 (default)
datanode_3_1  | 2022-10-23 13:17:21,437 [grpc-default-executor-0] INFO server.RaftServer$Division: 35f00696-65b2-47c9-a75b-64cd61d40d87@group-5EE5A50341DD replies to ELECTION vote request: d2dd63bf-1f77-48cf-8e30-8708a4aef0d7<-35f00696-65b2-47c9-a75b-64cd61d40d87#0:OK-t1. Peer's state: 35f00696-65b2-47c9-a75b-64cd61d40d87@group-5EE5A50341DD:t1, leader=null, voted=d2dd63bf-1f77-48cf-8e30-8708a4aef0d7, raftlog=Memoized:35f00696-65b2-47c9-a75b-64cd61d40d87@group-5EE5A50341DD-SegmentedRaftLog:OPENED:c-1, conf=-1: peers:[d2dd63bf-1f77-48cf-8e30-8708a4aef0d7|rpc:10.5.0.8:9856|admin:10.5.0.8:9857|client:10.5.0.8:9858|dataStream:|priority:1|startupRole:FOLLOWER, d358f671-c266-4873-b07b-66cf8d4b09ad|rpc:10.5.0.7:9856|admin:10.5.0.7:9857|client:10.5.0.7:9858|dataStream:|priority:0|startupRole:FOLLOWER, 35f00696-65b2-47c9-a75b-64cd61d40d87|rpc:10.5.0.6:9856|admin:10.5.0.6:9857|client:10.5.0.6:9858|dataStream:|priority:0|startupRole:FOLLOWER]|listeners:[], old=null
datanode_5_1  | 	at org.apache.hadoop.ipc.Client.call(Client.java:1558)
datanode_2_1  | 	at com.sun.proxy.$Proxy39.submitRequest(Unknown Source)
om_1          | 2022-10-23 13:17:24,263 [main] INFO server.RaftServer: om1: addNew group-C5BA1605619E:[om1|rpc:om:9872|priority:0|startupRole:FOLLOWER] returns group-C5BA1605619E:java.util.concurrent.CompletableFuture@ac71bd7[Not completed]
datanode_6_1  | 2022-10-23 13:16:48,691 [EndpointStateMachine task thread for recon/10.5.0.72:9891 - 0 ] INFO ipc.Client: Retrying connect to server: recon/10.5.0.72:9891. Already tried 1 time(s); retry policy is RetryUpToMaximumCountWithFixedSleep(maxRetries=15, sleepTime=1000 MILLISECONDS)
datanode_1_1  | 	at java.base/jdk.internal.reflect.DelegatingConstructorAccessorImpl.newInstance(DelegatingConstructorAccessorImpl.java:45)
datanode_4_1  | 	at org.apache.hadoop.ipc.Client.call(Client.java:1455)
datanode_4_1  | 	at org.apache.hadoop.ipc.ProtobufRpcEngine$Invoker.invoke(ProtobufRpcEngine.java:235)
scm_1         | 2022-10-23 13:16:40,799 [e2e3edd1-09aa-4f1d-994e-2449c5bcde69@group-7702340A0188-LeaderElection1] INFO server.RaftServerConfigKeys: raft.server.write.element-limit = 4096 (default)
datanode_5_1  | 	at org.apache.hadoop.ipc.Client.call(Client.java:1455)
datanode_2_1  | 	at org.apache.hadoop.ozone.protocolPB.StorageContainerDatanodeProtocolClientSideTranslatorPB.submitRequest(StorageContainerDatanodeProtocolClientSideTranslatorPB.java:117)
om_1          | 2022-10-23 13:17:24,264 [main] INFO om.OzoneManager: OzoneManager Ratis server initialized at port 9872
datanode_6_1  | 2022-10-23 13:16:49,690 [EndpointStateMachine task thread for scm/10.5.0.71:9861 - 0 ] INFO ipc.Client: Retrying connect to server: scm/10.5.0.71:9861. Already tried 2 time(s); retry policy is RetryUpToMaximumCountWithFixedSleep(maxRetries=15, sleepTime=1000 MILLISECONDS)
datanode_1_1  | 	at java.base/java.lang.reflect.Constructor.newInstance(Constructor.java:490)
datanode_4_1  | 	at org.apache.hadoop.ipc.ProtobufRpcEngine$Invoker.invoke(ProtobufRpcEngine.java:122)
recon_1       | 2022-10-23 13:17:06,793 [Listener at 0.0.0.0/9891] INFO scm.ReconStorageContainerManagerFacade: Obtained 0 pipelines from SCM.
datanode_5_1  | 	at org.apache.hadoop.ipc.ProtobufRpcEngine$Invoker.invoke(ProtobufRpcEngine.java:235)
datanode_2_1  | 	at org.apache.hadoop.ozone.protocolPB.StorageContainerDatanodeProtocolClientSideTranslatorPB.getVersion(StorageContainerDatanodeProtocolClientSideTranslatorPB.java:133)
om_1          | 2022-10-23 13:17:24,323 [pool-26-thread-1] INFO server.RaftServer$Division: om1: new RaftServerImpl for group-C5BA1605619E:[om1|rpc:om:9872|priority:0|startupRole:FOLLOWER] with OzoneManagerStateMachine:uninitialized
datanode_6_1  | 2022-10-23 13:16:49,691 [EndpointStateMachine task thread for recon/10.5.0.72:9891 - 0 ] INFO ipc.Client: Retrying connect to server: recon/10.5.0.72:9891. Already tried 2 time(s); retry policy is RetryUpToMaximumCountWithFixedSleep(maxRetries=15, sleepTime=1000 MILLISECONDS)
datanode_1_1  | 	at org.apache.hadoop.net.NetUtils.wrapWithMessage(NetUtils.java:913)
datanode_1_1  | 	at org.apache.hadoop.net.NetUtils.wrapException(NetUtils.java:848)
recon_1       | 2022-10-23 13:17:06,794 [Listener at 0.0.0.0/9891] INFO scm.ReconPipelineManager: Recon has 0 pipelines in house.
