om_1        | 2021-05-26 07:41:28,079 [pool-17-thread-1] INFO server.RaftServerConfigKeys: raft.server.log.statemachine.data.sync.timeout = 10s (default)
datanode_2  | 2021-05-26 07:41:24,364 [pool-21-thread-1] INFO server.RaftServer$Division: 29e7d01c-0d00-4742-87fa-c21f23566ad1@group-13DB9F9F11FC: ConfigurationManager, init=-1: [29e7d01c-0d00-4742-87fa-c21f23566ad1|rpc:172.24.0.6:9856|admin:172.24.0.6:9857|client:172.24.0.6:9858|priority:1], old=null, confs=<EMPTY_MAP>
datanode_2  | 2021-05-26 07:41:24,367 [pool-21-thread-1] INFO server.RaftServerConfigKeys: raft.server.storage.dir = [/data/metadata/ratis] (custom)
datanode_2  | 2021-05-26 07:41:24,375 [pool-21-thread-1] INFO server.RaftServerConfigKeys: raft.server.log.corruption.policy = EXCEPTION (default)
datanode_2  | 2021-05-26 07:41:24,386 [pool-21-thread-1] INFO storage.RaftStorageDirectory: The storage directory /data/metadata/ratis/cb251894-e10e-4ab4-8043-13db9f9f11fc does not exist. Creating ...
datanode_2  | 2021-05-26 07:41:24,418 [pool-21-thread-1] INFO storage.RaftStorageDirectory: Lock on /data/metadata/ratis/cb251894-e10e-4ab4-8043-13db9f9f11fc/in_use.lock acquired by nodename 7@00dff1f4436e
datanode_2  | 2021-05-26 07:41:24,445 [pool-21-thread-1] INFO storage.RaftStorage: Storage directory /data/metadata/ratis/cb251894-e10e-4ab4-8043-13db9f9f11fc has been successfully formatted.
datanode_2  | 2021-05-26 07:41:24,469 [pool-21-thread-1] INFO ratis.ContainerStateMachine: group-13DB9F9F11FC: The snapshot info is null. Setting the last applied indexto:(t:0, i:~)
datanode_2  | 2021-05-26 07:41:24,476 [pool-21-thread-1] INFO server.RaftServerConfigKeys: raft.server.notification.no-leader.timeout = 300s (custom)
datanode_2  | 2021-05-26 07:41:24,478 [pool-21-thread-1] INFO server.RaftServerConfigKeys: raft.server.log.use.memory = false (default)
datanode_2  | 2021-05-26 07:41:24,508 [pool-21-thread-1] INFO server.RaftServerConfigKeys: raft.server.log.purge.gap = 1000000 (custom)
datanode_2  | 2021-05-26 07:41:24,525 [pool-21-thread-1] INFO server.RaftServerConfigKeys: raft.server.log.appender.buffer.byte-limit = 33554432 (custom)
datanode_2  | 2021-05-26 07:41:24,536 [pool-21-thread-1] INFO metrics.RatisMetrics: Creating Metrics Registry : ratis.log_worker.29e7d01c-0d00-4742-87fa-c21f23566ad1@group-13DB9F9F11FC
datanode_2  | 2021-05-26 07:41:24,563 [pool-21-thread-1] INFO server.RaftServerConfigKeys: raft.server.log.segment.size.max = 1048576 (custom)
datanode_2  | 2021-05-26 07:41:24,591 [pool-21-thread-1] INFO server.RaftServerConfigKeys: raft.server.log.segment.cache.num.max = 2 (custom)
datanode_2  | 2021-05-26 07:41:24,602 [pool-21-thread-1] INFO server.RaftServerConfigKeys: raft.server.log.segment.cache.size.max = 200MB (=209715200) (default)
datanode_2  | 2021-05-26 07:41:24,613 [pool-21-thread-1] INFO segmented.SegmentedRaftLogWorker: new 29e7d01c-0d00-4742-87fa-c21f23566ad1@group-13DB9F9F11FC-SegmentedRaftLogWorker for RaftStorageImpl:Storage Directory /data/metadata/ratis/cb251894-e10e-4ab4-8043-13db9f9f11fc
datanode_2  | 2021-05-26 07:41:24,621 [pool-21-thread-1] INFO server.RaftServerConfigKeys: raft.server.log.queue.byte-limit = 2147483647 (custom)
datanode_2  | 2021-05-26 07:41:24,622 [pool-21-thread-1] INFO server.RaftServerConfigKeys: raft.server.log.queue.element-limit = 1024 (custom)
datanode_2  | 2021-05-26 07:41:24,625 [pool-21-thread-1] INFO server.RaftServerConfigKeys: raft.server.log.segment.size.max = 1048576 (custom)
datanode_2  | 2021-05-26 07:41:24,625 [pool-21-thread-1] INFO server.RaftServerConfigKeys: raft.server.log.preallocated.size = 16384 (custom)
datanode_2  | 2021-05-26 07:41:24,626 [pool-21-thread-1] INFO server.RaftServerConfigKeys: raft.server.log.force.sync.num = 128 (default)
datanode_2  | 2021-05-26 07:41:24,628 [pool-21-thread-1] INFO server.RaftServerConfigKeys: raft.server.log.statemachine.data.sync = true (default)
datanode_2  | 2021-05-26 07:41:24,630 [pool-21-thread-1] INFO server.RaftServerConfigKeys: raft.server.log.statemachine.data.sync.timeout = 10s (default)
datanode_2  | 2021-05-26 07:41:24,630 [pool-21-thread-1] INFO server.RaftServerConfigKeys: raft.server.log.statemachine.data.sync.timeout.retry = -1 (default)
datanode_2  | 2021-05-26 07:41:24,661 [pool-21-thread-1] INFO server.RaftServerConfigKeys: raft.server.log.write.buffer.size = 1048576 (custom)
datanode_2  | 2021-05-26 07:41:24,677 [pool-21-thread-1] INFO server.RaftServerConfigKeys: raft.server.log.statemachine.data.caching.enabled = true (custom)
datanode_2  | 2021-05-26 07:41:24,695 [pool-21-thread-1] INFO segmented.SegmentedRaftLogWorker: 29e7d01c-0d00-4742-87fa-c21f23566ad1@group-13DB9F9F11FC-SegmentedRaftLogWorker: flushIndex: setUnconditionally 0 -> -1
datanode_2  | 2021-05-26 07:41:24,695 [pool-21-thread-1] INFO segmented.SegmentedRaftLogWorker: 29e7d01c-0d00-4742-87fa-c21f23566ad1@group-13DB9F9F11FC-SegmentedRaftLogWorker: safeCacheEvictIndex: setUnconditionally 0 -> -1
datanode_2  | 2021-05-26 07:41:24,711 [pool-21-thread-1] INFO server.RaftServerConfigKeys: raft.server.snapshot.auto.trigger.enabled = true (custom)
datanode_2  | 2021-05-26 07:41:24,712 [pool-21-thread-1] INFO server.RaftServerConfigKeys: raft.server.snapshot.auto.trigger.threshold = 10000 (custom)
datanode_2  | 2021-05-26 07:41:24,727 [pool-21-thread-1] INFO server.RaftServerConfigKeys: raft.server.snapshot.retention.file.num = 5 (custom)
datanode_2  | 2021-05-26 07:41:24,728 [pool-21-thread-1] INFO server.RaftServerConfigKeys: raft.server.log.purge.upto.snapshot.index = false (default)
datanode_2  | 2021-05-26 07:41:24,729 [pool-21-thread-1] INFO server.RaftServerConfigKeys: raft.server.retrycache.expirytime = 600000ms (custom)
datanode_2  | 2021-05-26 07:41:24,729 [pool-21-thread-1] INFO server.RaftServerConfigKeys: raft.server.retrycache.statistics.expirytime = 100?s (default)
datanode_2  | 2021-05-26 07:41:24,801 [pool-21-thread-1] INFO metrics.RatisMetrics: Creating Metrics Registry : ratis.leader_election.29e7d01c-0d00-4742-87fa-c21f23566ad1@group-13DB9F9F11FC
datanode_2  | 2021-05-26 07:41:24,811 [pool-21-thread-1] INFO metrics.RatisMetrics: Creating Metrics Registry : ratis.server.29e7d01c-0d00-4742-87fa-c21f23566ad1@group-13DB9F9F11FC
datanode_2  | 2021-05-26 07:41:24,847 [pool-21-thread-1] INFO server.RaftServer$Division: 29e7d01c-0d00-4742-87fa-c21f23566ad1@group-13DB9F9F11FC: start as a follower, conf=-1: [29e7d01c-0d00-4742-87fa-c21f23566ad1|rpc:172.24.0.6:9856|admin:172.24.0.6:9857|client:172.24.0.6:9858|priority:1], old=null
datanode_2  | 2021-05-26 07:41:24,858 [pool-21-thread-1] INFO server.RaftServer$Division: 29e7d01c-0d00-4742-87fa-c21f23566ad1@group-13DB9F9F11FC: changes role from      null to FOLLOWER at term 0 for startAsFollower
datanode_2  | 2021-05-26 07:41:24,860 [pool-21-thread-1] INFO impl.RoleInfo: 29e7d01c-0d00-4742-87fa-c21f23566ad1: start 29e7d01c-0d00-4742-87fa-c21f23566ad1@group-13DB9F9F11FC-FollowerState
datanode_2  | 2021-05-26 07:41:24,889 [pool-21-thread-1] INFO util.JmxRegister: Successfully registered JMX Bean with object name Ratis:service=RaftServer,group=group-13DB9F9F11FC,id=29e7d01c-0d00-4742-87fa-c21f23566ad1
datanode_2  | 2021-05-26 07:41:24,890 [pool-21-thread-1] INFO metrics.RatisMetrics: Creating Metrics Registry : ratis.state_machine.29e7d01c-0d00-4742-87fa-c21f23566ad1@group-13DB9F9F11FC
datanode_2  | 2021-05-26 07:41:24,941 [Command processor thread] INFO ratis.XceiverServerRatis: Created group PipelineID=cb251894-e10e-4ab4-8043-13db9f9f11fc
datanode_2  | 2021-05-26 07:41:24,950 [Command processor thread] INFO commandhandler.CreatePipelineCommandHandler: Created Pipeline RATIS ONE PipelineID=cb251894-e10e-4ab4-8043-13db9f9f11fc.
datanode_2  | 2021-05-26 07:41:24,954 [Command processor thread] INFO server.RaftServer: 29e7d01c-0d00-4742-87fa-c21f23566ad1: addNew group-185829BA33F3:[3ffb752d-9b81-4824-85a0-5a130a56a396|rpc:172.24.0.10:9856|admin:172.24.0.10:9857|client:172.24.0.10:9858|priority:1, 3827c566-a58a-4ad4-9145-dac759bc1ecc|rpc:172.24.0.7:9856|admin:172.24.0.7:9857|client:172.24.0.7:9858|priority:0, 29e7d01c-0d00-4742-87fa-c21f23566ad1|rpc:172.24.0.6:9856|admin:172.24.0.6:9857|client:172.24.0.6:9858|priority:0] returns group-185829BA33F3:java.util.concurrent.CompletableFuture@6ac3f2be[Not completed]
datanode_2  | 2021-05-26 07:41:24,973 [pool-21-thread-1] INFO server.RaftServer$Division: 29e7d01c-0d00-4742-87fa-c21f23566ad1: new RaftServerImpl for group-185829BA33F3:[3ffb752d-9b81-4824-85a0-5a130a56a396|rpc:172.24.0.10:9856|admin:172.24.0.10:9857|client:172.24.0.10:9858|priority:1, 3827c566-a58a-4ad4-9145-dac759bc1ecc|rpc:172.24.0.7:9856|admin:172.24.0.7:9857|client:172.24.0.7:9858|priority:0, 29e7d01c-0d00-4742-87fa-c21f23566ad1|rpc:172.24.0.6:9856|admin:172.24.0.6:9857|client:172.24.0.6:9858|priority:0] with ContainerStateMachine:uninitialized
datanode_2  | 2021-05-26 07:41:24,973 [pool-21-thread-1] INFO server.RaftServerConfigKeys: raft.server.rpc.timeout.min = 5s (custom)
datanode_2  | 2021-05-26 07:41:24,974 [pool-21-thread-1] INFO server.RaftServerConfigKeys: raft.server.rpc.timeout.max = 5200ms (custom)
datanode_2  | 2021-05-26 07:41:24,981 [pool-21-thread-1] INFO server.RaftServerConfigKeys: raft.server.rpc.sleep.time = 25ms (default)
datanode_2  | 2021-05-26 07:41:24,981 [pool-21-thread-1] INFO server.RaftServerConfigKeys: raft.server.rpc.slowness.timeout = 300s (custom)
datanode_2  | 2021-05-26 07:41:24,982 [pool-21-thread-1] INFO server.RaftServerConfigKeys: raft.server.leaderelection.leader.step-down.wait-time = 10s (default)
datanode_2  | 2021-05-26 07:41:24,983 [pool-21-thread-1] INFO server.RaftServerConfigKeys: raft.server.sleep.deviation.threshold = 300ms (default)
datanode_2  | 2021-05-26 07:41:24,984 [pool-21-thread-1] INFO server.RaftServerConfigKeys: raft.server.log.appender.install.snapshot.enabled = false (custom)
datanode_2  | 2021-05-26 07:41:24,988 [pool-21-thread-1] INFO server.RaftServer$Division: 29e7d01c-0d00-4742-87fa-c21f23566ad1@group-185829BA33F3: ConfigurationManager, init=-1: [3ffb752d-9b81-4824-85a0-5a130a56a396|rpc:172.24.0.10:9856|admin:172.24.0.10:9857|client:172.24.0.10:9858|priority:1, 3827c566-a58a-4ad4-9145-dac759bc1ecc|rpc:172.24.0.7:9856|admin:172.24.0.7:9857|client:172.24.0.7:9858|priority:0, 29e7d01c-0d00-4742-87fa-c21f23566ad1|rpc:172.24.0.6:9856|admin:172.24.0.6:9857|client:172.24.0.6:9858|priority:0], old=null, confs=<EMPTY_MAP>
datanode_2  | 2021-05-26 07:41:24,997 [pool-21-thread-1] INFO server.RaftServerConfigKeys: raft.server.storage.dir = [/data/metadata/ratis] (custom)
datanode_2  | 2021-05-26 07:41:25,001 [pool-21-thread-1] INFO server.RaftServerConfigKeys: raft.server.log.corruption.policy = EXCEPTION (default)
datanode_2  | 2021-05-26 07:41:25,002 [pool-21-thread-1] INFO storage.RaftStorageDirectory: The storage directory /data/metadata/ratis/3e9ed02e-33bb-4bce-b23b-185829ba33f3 does not exist. Creating ...
datanode_2  | 2021-05-26 07:41:25,005 [pool-21-thread-1] INFO storage.RaftStorageDirectory: Lock on /data/metadata/ratis/3e9ed02e-33bb-4bce-b23b-185829ba33f3/in_use.lock acquired by nodename 7@00dff1f4436e
datanode_2  | 2021-05-26 07:41:25,010 [pool-21-thread-1] INFO storage.RaftStorage: Storage directory /data/metadata/ratis/3e9ed02e-33bb-4bce-b23b-185829ba33f3 has been successfully formatted.
datanode_2  | 2021-05-26 07:41:25,010 [pool-21-thread-1] INFO ratis.ContainerStateMachine: group-185829BA33F3: The snapshot info is null. Setting the last applied indexto:(t:0, i:~)
datanode_2  | 2021-05-26 07:41:25,010 [pool-21-thread-1] INFO server.RaftServerConfigKeys: raft.server.notification.no-leader.timeout = 300s (custom)
datanode_1  | 	at org.apache.ratis.util.TimeDuration.sleep(TimeDuration.java:309)
datanode_1  | 	at org.apache.ratis.server.impl.FollowerState.run(FollowerState.java:118)
datanode_1  | 2021-05-26 07:41:32,153 [grpc-default-executor-1] INFO impl.RoleInfo: 3ffb752d-9b81-4824-85a0-5a130a56a396: start 3ffb752d-9b81-4824-85a0-5a130a56a396@group-1D63A8BA56B5-FollowerState
datanode_1  | 2021-05-26 07:41:32,158 [grpc-default-executor-1] INFO server.RaftServer$Division: 3ffb752d-9b81-4824-85a0-5a130a56a396@group-1D63A8BA56B5 replies to ELECTION vote request: 29e7d01c-0d00-4742-87fa-c21f23566ad1<-3ffb752d-9b81-4824-85a0-5a130a56a396#0:OK-t1. Peer's state: 3ffb752d-9b81-4824-85a0-5a130a56a396@group-1D63A8BA56B5:t1, leader=null, voted=29e7d01c-0d00-4742-87fa-c21f23566ad1, raftlog=3ffb752d-9b81-4824-85a0-5a130a56a396@group-1D63A8BA56B5-SegmentedRaftLog:OPENED:c-1,f-1,i0, conf=-1: [3ffb752d-9b81-4824-85a0-5a130a56a396|rpc:172.24.0.10:9856|admin:172.24.0.10:9857|client:172.24.0.10:9858|priority:0, 3827c566-a58a-4ad4-9145-dac759bc1ecc|rpc:172.24.0.7:9856|admin:172.24.0.7:9857|client:172.24.0.7:9858|priority:0, 29e7d01c-0d00-4742-87fa-c21f23566ad1|rpc:172.24.0.6:9856|admin:172.24.0.6:9857|client:172.24.0.6:9858|priority:1], old=null
datanode_1  | 2021-05-26 07:41:32,292 [grpc-default-executor-1] INFO ratis.XceiverServerRatis: Leader change notification received for group: group-1D63A8BA56B5 with new leaderId: 29e7d01c-0d00-4742-87fa-c21f23566ad1
datanode_1  | 2021-05-26 07:41:32,343 [grpc-default-executor-1] INFO server.RaftServer$Division: 3ffb752d-9b81-4824-85a0-5a130a56a396@group-1D63A8BA56B5: change Leader from null to 29e7d01c-0d00-4742-87fa-c21f23566ad1 at term 1 for appendEntries, leader elected after 5342ms
datanode_1  | 2021-05-26 07:41:32,395 [grpc-default-executor-1] INFO server.RaftServer$Division: 3ffb752d-9b81-4824-85a0-5a130a56a396@group-1D63A8BA56B5: set configuration 0: [3ffb752d-9b81-4824-85a0-5a130a56a396|rpc:172.24.0.10:9856|admin:172.24.0.10:9857|client:172.24.0.10:9858|dataStream:|priority:0, 3827c566-a58a-4ad4-9145-dac759bc1ecc|rpc:172.24.0.7:9856|admin:172.24.0.7:9857|client:172.24.0.7:9858|dataStream:|priority:0, 29e7d01c-0d00-4742-87fa-c21f23566ad1|rpc:172.24.0.6:9856|admin:172.24.0.6:9857|client:172.24.0.6:9858|dataStream:|priority:1], old=null
datanode_1  | 2021-05-26 07:41:32,400 [grpc-default-executor-1] INFO segmented.SegmentedRaftLogWorker: 3ffb752d-9b81-4824-85a0-5a130a56a396@group-1D63A8BA56B5-SegmentedRaftLogWorker: Starting segment from index:0
datanode_1  | 2021-05-26 07:41:32,403 [3ffb752d-9b81-4824-85a0-5a130a56a396@group-1D63A8BA56B5-SegmentedRaftLogWorker] INFO segmented.SegmentedRaftLogWorker: 3ffb752d-9b81-4824-85a0-5a130a56a396@group-1D63A8BA56B5-SegmentedRaftLogWorker: created new log segment /data/metadata/ratis/b6f80331-d8a0-44cf-9e70-1d63a8ba56b5/current/log_inprogress_0
datanode_1  | 2021-05-26 07:41:34,235 [3ffb752d-9b81-4824-85a0-5a130a56a396@group-185829BA33F3-FollowerState] INFO impl.FollowerState: 3ffb752d-9b81-4824-85a0-5a130a56a396@group-185829BA33F3-FollowerState: change to CANDIDATE, lastRpcElapsedTime:5166179162ns, electionTimeout:5163ms
datanode_1  | 2021-05-26 07:41:34,236 [3ffb752d-9b81-4824-85a0-5a130a56a396@group-185829BA33F3-FollowerState] INFO impl.RoleInfo: 3ffb752d-9b81-4824-85a0-5a130a56a396: shutdown 3ffb752d-9b81-4824-85a0-5a130a56a396@group-185829BA33F3-FollowerState
datanode_1  | 2021-05-26 07:41:34,236 [3ffb752d-9b81-4824-85a0-5a130a56a396@group-185829BA33F3-FollowerState] INFO server.RaftServer$Division: 3ffb752d-9b81-4824-85a0-5a130a56a396@group-185829BA33F3: changes role from  FOLLOWER to CANDIDATE at term 1 for changeToCandidate
datanode_1  | 2021-05-26 07:41:34,236 [3ffb752d-9b81-4824-85a0-5a130a56a396@group-185829BA33F3-FollowerState] INFO server.RaftServerConfigKeys: raft.server.leaderelection.pre-vote = false (custom)
datanode_1  | 2021-05-26 07:41:34,236 [3ffb752d-9b81-4824-85a0-5a130a56a396@group-185829BA33F3-FollowerState] INFO impl.RoleInfo: 3ffb752d-9b81-4824-85a0-5a130a56a396: start 3ffb752d-9b81-4824-85a0-5a130a56a396@group-185829BA33F3-LeaderElection2
datanode_1  | 2021-05-26 07:41:34,240 [3ffb752d-9b81-4824-85a0-5a130a56a396@group-185829BA33F3-LeaderElection2] INFO impl.LeaderElection: 3ffb752d-9b81-4824-85a0-5a130a56a396@group-185829BA33F3-LeaderElection2 ELECTION round 0: submit vote requests at term 2 for -1: [3ffb752d-9b81-4824-85a0-5a130a56a396|rpc:172.24.0.10:9856|admin:172.24.0.10:9857|client:172.24.0.10:9858|priority:1, 3827c566-a58a-4ad4-9145-dac759bc1ecc|rpc:172.24.0.7:9856|admin:172.24.0.7:9857|client:172.24.0.7:9858|priority:0, 29e7d01c-0d00-4742-87fa-c21f23566ad1|rpc:172.24.0.6:9856|admin:172.24.0.6:9857|client:172.24.0.6:9858|priority:0], old=null
datanode_1  | 2021-05-26 07:41:34,299 [grpc-default-executor-1] INFO server.RaftServer$Division: 3ffb752d-9b81-4824-85a0-5a130a56a396@group-185829BA33F3: receive requestVote(ELECTION, 3827c566-a58a-4ad4-9145-dac759bc1ecc, group-185829BA33F3, 2, (t:0, i:0))
datanode_1  | 2021-05-26 07:41:34,305 [grpc-default-executor-1] INFO impl.VoteContext: 3ffb752d-9b81-4824-85a0-5a130a56a396@group-185829BA33F3-CANDIDATE: reject ELECTION from 3827c566-a58a-4ad4-9145-dac759bc1ecc: already has voted for 3ffb752d-9b81-4824-85a0-5a130a56a396 at current term 2
datanode_3  | 2021-05-26 07:41:19,958 [EndpointStateMachine task thread for scm/172.24.0.8:9861 - 0 ] INFO server.GrpcService: 3827c566-a58a-4ad4-9145-dac759bc1ecc: GrpcService started, listening on 9857
datanode_3  | 2021-05-26 07:41:19,959 [EndpointStateMachine task thread for scm/172.24.0.8:9861 - 0 ] INFO server.GrpcService: 3827c566-a58a-4ad4-9145-dac759bc1ecc: GrpcService started, listening on 9858
datanode_3  | 2021-05-26 07:41:19,963 [org.apache.ratis.util.JvmPauseMonitor$$Lambda$288/0x0000000840486840@503264c8] INFO util.JvmPauseMonitor: JvmPauseMonitor-3827c566-a58a-4ad4-9145-dac759bc1ecc: Started
datanode_3  | 2021-05-26 07:41:19,967 [EndpointStateMachine task thread for scm/172.24.0.8:9861 - 0 ] INFO ratis.XceiverServerRatis: XceiverServerRatis 3827c566-a58a-4ad4-9145-dac759bc1ecc is started using port 9858 for RATIS
datanode_3  | 2021-05-26 07:41:19,967 [EndpointStateMachine task thread for scm/172.24.0.8:9861 - 0 ] INFO ratis.XceiverServerRatis: XceiverServerRatis 3827c566-a58a-4ad4-9145-dac759bc1ecc is started using port 9857 for RATIS_ADMIN
datanode_3  | 2021-05-26 07:41:19,967 [EndpointStateMachine task thread for scm/172.24.0.8:9861 - 0 ] INFO ratis.XceiverServerRatis: XceiverServerRatis 3827c566-a58a-4ad4-9145-dac759bc1ecc is started using port 9856 for RATIS_SERVER
datanode_3  | 2021-05-26 07:41:23,091 [Command processor thread] INFO server.RaftServer: 3827c566-a58a-4ad4-9145-dac759bc1ecc: addNew group-798BCA5F4C41:[3827c566-a58a-4ad4-9145-dac759bc1ecc|rpc:172.24.0.7:9856|admin:172.24.0.7:9857|client:172.24.0.7:9858|priority:1] returns group-798BCA5F4C41:java.util.concurrent.CompletableFuture@165e1a31[Not completed]
datanode_3  | 2021-05-26 07:41:23,179 [pool-21-thread-1] INFO server.RaftServer$Division: 3827c566-a58a-4ad4-9145-dac759bc1ecc: new RaftServerImpl for group-798BCA5F4C41:[3827c566-a58a-4ad4-9145-dac759bc1ecc|rpc:172.24.0.7:9856|admin:172.24.0.7:9857|client:172.24.0.7:9858|priority:1] with ContainerStateMachine:uninitialized
datanode_3  | 2021-05-26 07:41:23,180 [pool-21-thread-1] INFO server.RaftServerConfigKeys: raft.server.rpc.timeout.min = 5s (custom)
datanode_3  | 2021-05-26 07:41:23,186 [pool-21-thread-1] INFO server.RaftServerConfigKeys: raft.server.rpc.timeout.max = 5200ms (custom)
datanode_3  | 2021-05-26 07:41:23,186 [pool-21-thread-1] INFO server.RaftServerConfigKeys: raft.server.rpc.sleep.time = 25ms (default)
datanode_3  | 2021-05-26 07:41:23,186 [pool-21-thread-1] INFO server.RaftServerConfigKeys: raft.server.rpc.slowness.timeout = 300s (custom)
datanode_3  | 2021-05-26 07:41:23,188 [pool-21-thread-1] INFO server.RaftServerConfigKeys: raft.server.leaderelection.leader.step-down.wait-time = 10s (default)
datanode_3  | 2021-05-26 07:41:23,188 [pool-21-thread-1] INFO server.RaftServerConfigKeys: raft.server.sleep.deviation.threshold = 300ms (default)
datanode_3  | 2021-05-26 07:41:23,189 [pool-21-thread-1] INFO server.RaftServerConfigKeys: raft.server.log.appender.install.snapshot.enabled = false (custom)
datanode_3  | 2021-05-26 07:41:23,211 [pool-21-thread-1] INFO server.RaftServer$Division: 3827c566-a58a-4ad4-9145-dac759bc1ecc@group-798BCA5F4C41: ConfigurationManager, init=-1: [3827c566-a58a-4ad4-9145-dac759bc1ecc|rpc:172.24.0.7:9856|admin:172.24.0.7:9857|client:172.24.0.7:9858|priority:1], old=null, confs=<EMPTY_MAP>
datanode_3  | 2021-05-26 07:41:23,211 [pool-21-thread-1] INFO server.RaftServerConfigKeys: raft.server.storage.dir = [/data/metadata/ratis] (custom)
datanode_3  | 2021-05-26 07:41:23,230 [pool-21-thread-1] INFO server.RaftServerConfigKeys: raft.server.log.corruption.policy = EXCEPTION (default)
datanode_3  | 2021-05-26 07:41:23,231 [pool-21-thread-1] INFO storage.RaftStorageDirectory: The storage directory /data/metadata/ratis/bf171d83-b2e6-4877-bad0-798bca5f4c41 does not exist. Creating ...
datanode_3  | 2021-05-26 07:41:23,249 [pool-21-thread-1] INFO storage.RaftStorageDirectory: Lock on /data/metadata/ratis/bf171d83-b2e6-4877-bad0-798bca5f4c41/in_use.lock acquired by nodename 9@7d6e42c6ce65
datanode_3  | 2021-05-26 07:41:23,300 [pool-21-thread-1] INFO storage.RaftStorage: Storage directory /data/metadata/ratis/bf171d83-b2e6-4877-bad0-798bca5f4c41 has been successfully formatted.
datanode_3  | 2021-05-26 07:41:23,317 [pool-21-thread-1] INFO ratis.ContainerStateMachine: group-798BCA5F4C41: The snapshot info is null. Setting the last applied indexto:(t:0, i:~)
datanode_3  | 2021-05-26 07:41:23,321 [pool-21-thread-1] INFO server.RaftServerConfigKeys: raft.server.notification.no-leader.timeout = 300s (custom)
datanode_3  | 2021-05-26 07:41:23,324 [pool-21-thread-1] INFO server.RaftServerConfigKeys: raft.server.log.use.memory = false (default)
datanode_3  | 2021-05-26 07:41:23,410 [pool-21-thread-1] INFO server.RaftServerConfigKeys: raft.server.log.purge.gap = 1000000 (custom)
datanode_3  | 2021-05-26 07:41:23,410 [pool-21-thread-1] INFO server.RaftServerConfigKeys: raft.server.log.appender.buffer.byte-limit = 33554432 (custom)
datanode_3  | 2021-05-26 07:41:23,414 [pool-21-thread-1] INFO metrics.RatisMetrics: Creating Metrics Registry : ratis.log_worker.3827c566-a58a-4ad4-9145-dac759bc1ecc@group-798BCA5F4C41
datanode_3  | 2021-05-26 07:41:23,440 [pool-21-thread-1] INFO server.RaftServerConfigKeys: raft.server.log.segment.size.max = 1048576 (custom)
datanode_3  | 2021-05-26 07:41:23,513 [pool-21-thread-1] INFO server.RaftServerConfigKeys: raft.server.log.segment.cache.num.max = 2 (custom)
datanode_3  | 2021-05-26 07:41:23,514 [pool-21-thread-1] INFO server.RaftServerConfigKeys: raft.server.log.segment.cache.size.max = 200MB (=209715200) (default)
datanode_3  | 2021-05-26 07:41:23,534 [pool-21-thread-1] INFO segmented.SegmentedRaftLogWorker: new 3827c566-a58a-4ad4-9145-dac759bc1ecc@group-798BCA5F4C41-SegmentedRaftLogWorker for RaftStorageImpl:Storage Directory /data/metadata/ratis/bf171d83-b2e6-4877-bad0-798bca5f4c41
datanode_3  | 2021-05-26 07:41:23,535 [pool-21-thread-1] INFO server.RaftServerConfigKeys: raft.server.log.queue.byte-limit = 2147483647 (custom)
datanode_3  | 2021-05-26 07:41:23,535 [pool-21-thread-1] INFO server.RaftServerConfigKeys: raft.server.log.queue.element-limit = 1024 (custom)
datanode_3  | 2021-05-26 07:41:23,536 [pool-21-thread-1] INFO server.RaftServerConfigKeys: raft.server.log.segment.size.max = 1048576 (custom)
datanode_3  | 2021-05-26 07:41:23,536 [pool-21-thread-1] INFO server.RaftServerConfigKeys: raft.server.log.preallocated.size = 16384 (custom)
datanode_3  | 2021-05-26 07:41:23,536 [pool-21-thread-1] INFO server.RaftServerConfigKeys: raft.server.log.force.sync.num = 128 (default)
datanode_3  | 2021-05-26 07:41:23,543 [pool-21-thread-1] INFO server.RaftServerConfigKeys: raft.server.log.statemachine.data.sync = true (default)
datanode_3  | 2021-05-26 07:41:23,543 [pool-21-thread-1] INFO server.RaftServerConfigKeys: raft.server.log.statemachine.data.sync.timeout = 10s (default)
datanode_3  | 2021-05-26 07:41:23,544 [pool-21-thread-1] INFO server.RaftServerConfigKeys: raft.server.log.statemachine.data.sync.timeout.retry = -1 (default)
om_1        | 2021-05-26 07:41:28,080 [pool-17-thread-1] INFO server.RaftServerConfigKeys: raft.server.log.statemachine.data.sync.timeout.retry = -1 (default)
om_1        | 2021-05-26 07:41:28,106 [pool-17-thread-1] INFO server.RaftServerConfigKeys: raft.server.log.write.buffer.size = 64KB (=65536) (default)
om_1        | 2021-05-26 07:41:28,114 [pool-17-thread-1] INFO server.RaftServerConfigKeys: raft.server.log.statemachine.data.caching.enabled = false (default)
om_1        | 2021-05-26 07:41:28,123 [pool-17-thread-1] INFO segmented.SegmentedRaftLogWorker: om1@group-C5BA1605619E-SegmentedRaftLogWorker: flushIndex: setUnconditionally 0 -> -1
om_1        | 2021-05-26 07:41:28,124 [pool-17-thread-1] INFO segmented.SegmentedRaftLogWorker: om1@group-C5BA1605619E-SegmentedRaftLogWorker: safeCacheEvictIndex: setUnconditionally 0 -> -1
datanode_1  | 2021-05-26 07:41:34,306 [grpc-default-executor-1] INFO server.RaftServer$Division: 3ffb752d-9b81-4824-85a0-5a130a56a396@group-185829BA33F3 replies to ELECTION vote request: 3827c566-a58a-4ad4-9145-dac759bc1ecc<-3ffb752d-9b81-4824-85a0-5a130a56a396#0:FAIL-t2. Peer's state: 3ffb752d-9b81-4824-85a0-5a130a56a396@group-185829BA33F3:t2, leader=null, voted=3ffb752d-9b81-4824-85a0-5a130a56a396, raftlog=3ffb752d-9b81-4824-85a0-5a130a56a396@group-185829BA33F3-SegmentedRaftLog:OPENED:c-1,f-1,i0, conf=-1: [3ffb752d-9b81-4824-85a0-5a130a56a396|rpc:172.24.0.10:9856|admin:172.24.0.10:9857|client:172.24.0.10:9858|priority:1, 3827c566-a58a-4ad4-9145-dac759bc1ecc|rpc:172.24.0.7:9856|admin:172.24.0.7:9857|client:172.24.0.7:9858|priority:0, 29e7d01c-0d00-4742-87fa-c21f23566ad1|rpc:172.24.0.6:9856|admin:172.24.0.6:9857|client:172.24.0.6:9858|priority:0], old=null
datanode_1  | 2021-05-26 07:41:34,345 [3ffb752d-9b81-4824-85a0-5a130a56a396@group-185829BA33F3-LeaderElection2] INFO impl.LeaderElection: 3ffb752d-9b81-4824-85a0-5a130a56a396@group-185829BA33F3-LeaderElection2: ELECTION REJECTED received 2 response(s) and 0 exception(s):
datanode_1  | 2021-05-26 07:41:34,347 [3ffb752d-9b81-4824-85a0-5a130a56a396@group-185829BA33F3-LeaderElection2] INFO impl.LeaderElection:   Response 0: 3ffb752d-9b81-4824-85a0-5a130a56a396<-3827c566-a58a-4ad4-9145-dac759bc1ecc#0:FAIL-t2
datanode_1  | 2021-05-26 07:41:34,347 [3ffb752d-9b81-4824-85a0-5a130a56a396@group-185829BA33F3-LeaderElection2] INFO impl.LeaderElection:   Response 1: 3ffb752d-9b81-4824-85a0-5a130a56a396<-29e7d01c-0d00-4742-87fa-c21f23566ad1#0:FAIL-t2
datanode_1  | 2021-05-26 07:41:34,347 [3ffb752d-9b81-4824-85a0-5a130a56a396@group-185829BA33F3-LeaderElection2] INFO impl.LeaderElection: 3ffb752d-9b81-4824-85a0-5a130a56a396@group-185829BA33F3-LeaderElection2 ELECTION round 0: result REJECTED
datanode_1  | 2021-05-26 07:41:34,352 [3ffb752d-9b81-4824-85a0-5a130a56a396@group-185829BA33F3-LeaderElection2] INFO server.RaftServer$Division: 3ffb752d-9b81-4824-85a0-5a130a56a396@group-185829BA33F3: changes role from CANDIDATE to FOLLOWER at term 2 for REJECTED
datanode_1  | 2021-05-26 07:41:34,353 [3ffb752d-9b81-4824-85a0-5a130a56a396@group-185829BA33F3-LeaderElection2] INFO impl.RoleInfo: 3ffb752d-9b81-4824-85a0-5a130a56a396: shutdown 3ffb752d-9b81-4824-85a0-5a130a56a396@group-185829BA33F3-LeaderElection2
datanode_1  | 2021-05-26 07:41:34,353 [3ffb752d-9b81-4824-85a0-5a130a56a396@group-185829BA33F3-LeaderElection2] INFO impl.RoleInfo: 3ffb752d-9b81-4824-85a0-5a130a56a396: start 3ffb752d-9b81-4824-85a0-5a130a56a396@group-185829BA33F3-FollowerState
datanode_1  | 2021-05-26 07:41:39,366 [grpc-default-executor-1] INFO server.RaftServer$Division: 3ffb752d-9b81-4824-85a0-5a130a56a396@group-185829BA33F3: receive requestVote(ELECTION, 3827c566-a58a-4ad4-9145-dac759bc1ecc, group-185829BA33F3, 3, (t:0, i:0))
datanode_1  | 2021-05-26 07:41:39,368 [grpc-default-executor-1] INFO impl.VoteContext: 3ffb752d-9b81-4824-85a0-5a130a56a396@group-185829BA33F3-FOLLOWER: reject ELECTION from 3827c566-a58a-4ad4-9145-dac759bc1ecc: our priority 1 > candidate's priority 0
datanode_1  | 2021-05-26 07:41:39,368 [grpc-default-executor-1] INFO server.RaftServer$Division: 3ffb752d-9b81-4824-85a0-5a130a56a396@group-185829BA33F3: changes role from  FOLLOWER to FOLLOWER at term 3 for candidate:3827c566-a58a-4ad4-9145-dac759bc1ecc
datanode_1  | 2021-05-26 07:41:39,368 [grpc-default-executor-1] INFO impl.RoleInfo: 3ffb752d-9b81-4824-85a0-5a130a56a396: shutdown 3ffb752d-9b81-4824-85a0-5a130a56a396@group-185829BA33F3-FollowerState
datanode_1  | 2021-05-26 07:41:39,368 [3ffb752d-9b81-4824-85a0-5a130a56a396@group-185829BA33F3-FollowerState] INFO impl.FollowerState: 3ffb752d-9b81-4824-85a0-5a130a56a396@group-185829BA33F3-FollowerState was interrupted: {}
datanode_1  | java.lang.InterruptedException: sleep interrupted
datanode_1  | 	at java.base/java.lang.Thread.sleep(Native Method)
datanode_1  | 	at java.base/java.lang.Thread.sleep(Thread.java:339)
datanode_1  | 	at java.base/java.util.concurrent.TimeUnit.sleep(TimeUnit.java:446)
datanode_1  | 	at org.apache.ratis.util.TimeDuration.sleep(TimeDuration.java:324)
datanode_1  | 	at org.apache.ratis.util.TimeDuration.sleep(TimeDuration.java:309)
datanode_1  | 	at org.apache.ratis.server.impl.FollowerState.run(FollowerState.java:118)
datanode_1  | 2021-05-26 07:41:39,369 [grpc-default-executor-1] INFO impl.RoleInfo: 3ffb752d-9b81-4824-85a0-5a130a56a396: start 3ffb752d-9b81-4824-85a0-5a130a56a396@group-185829BA33F3-FollowerState
datanode_1  | 2021-05-26 07:41:39,372 [grpc-default-executor-1] INFO server.RaftServer$Division: 3ffb752d-9b81-4824-85a0-5a130a56a396@group-185829BA33F3 replies to ELECTION vote request: 3827c566-a58a-4ad4-9145-dac759bc1ecc<-3ffb752d-9b81-4824-85a0-5a130a56a396#0:FAIL-t3. Peer's state: 3ffb752d-9b81-4824-85a0-5a130a56a396@group-185829BA33F3:t3, leader=null, voted=null, raftlog=3ffb752d-9b81-4824-85a0-5a130a56a396@group-185829BA33F3-SegmentedRaftLog:OPENED:c-1,f-1,i0, conf=-1: [3ffb752d-9b81-4824-85a0-5a130a56a396|rpc:172.24.0.10:9856|admin:172.24.0.10:9857|client:172.24.0.10:9858|priority:1, 3827c566-a58a-4ad4-9145-dac759bc1ecc|rpc:172.24.0.7:9856|admin:172.24.0.7:9857|client:172.24.0.7:9858|priority:0, 29e7d01c-0d00-4742-87fa-c21f23566ad1|rpc:172.24.0.6:9856|admin:172.24.0.6:9857|client:172.24.0.6:9858|priority:0], old=null
datanode_1  | 2021-05-26 07:41:44,420 [grpc-default-executor-1] INFO server.RaftServer$Division: 3ffb752d-9b81-4824-85a0-5a130a56a396@group-185829BA33F3: receive requestVote(ELECTION, 3827c566-a58a-4ad4-9145-dac759bc1ecc, group-185829BA33F3, 4, (t:0, i:0))
datanode_1  | 2021-05-26 07:41:44,420 [grpc-default-executor-1] INFO impl.VoteContext: 3ffb752d-9b81-4824-85a0-5a130a56a396@group-185829BA33F3-FOLLOWER: reject ELECTION from 3827c566-a58a-4ad4-9145-dac759bc1ecc: our priority 1 > candidate's priority 0
datanode_1  | 2021-05-26 07:41:44,420 [grpc-default-executor-1] INFO server.RaftServer$Division: 3ffb752d-9b81-4824-85a0-5a130a56a396@group-185829BA33F3: changes role from  FOLLOWER to FOLLOWER at term 4 for candidate:3827c566-a58a-4ad4-9145-dac759bc1ecc
datanode_1  | 2021-05-26 07:41:44,420 [grpc-default-executor-1] INFO impl.RoleInfo: 3ffb752d-9b81-4824-85a0-5a130a56a396: shutdown 3ffb752d-9b81-4824-85a0-5a130a56a396@group-185829BA33F3-FollowerState
datanode_1  | 2021-05-26 07:41:44,420 [grpc-default-executor-1] INFO impl.RoleInfo: 3ffb752d-9b81-4824-85a0-5a130a56a396: start 3ffb752d-9b81-4824-85a0-5a130a56a396@group-185829BA33F3-FollowerState
datanode_1  | 2021-05-26 07:41:44,426 [3ffb752d-9b81-4824-85a0-5a130a56a396@group-185829BA33F3-FollowerState] INFO impl.FollowerState: 3ffb752d-9b81-4824-85a0-5a130a56a396@group-185829BA33F3-FollowerState was interrupted: {}
datanode_1  | java.lang.InterruptedException: sleep interrupted
datanode_1  | 	at java.base/java.lang.Thread.sleep(Native Method)
datanode_1  | 	at java.base/java.lang.Thread.sleep(Thread.java:339)
datanode_1  | 	at java.base/java.util.concurrent.TimeUnit.sleep(TimeUnit.java:446)
datanode_1  | 	at org.apache.ratis.util.TimeDuration.sleep(TimeDuration.java:324)
datanode_1  | 	at org.apache.ratis.util.TimeDuration.sleep(TimeDuration.java:309)
datanode_1  | 	at org.apache.ratis.server.impl.FollowerState.run(FollowerState.java:118)
datanode_1  | 2021-05-26 07:41:44,436 [grpc-default-executor-1] INFO server.RaftServer$Division: 3ffb752d-9b81-4824-85a0-5a130a56a396@group-185829BA33F3 replies to ELECTION vote request: 3827c566-a58a-4ad4-9145-dac759bc1ecc<-3ffb752d-9b81-4824-85a0-5a130a56a396#0:FAIL-t4. Peer's state: 3ffb752d-9b81-4824-85a0-5a130a56a396@group-185829BA33F3:t4, leader=null, voted=null, raftlog=3ffb752d-9b81-4824-85a0-5a130a56a396@group-185829BA33F3-SegmentedRaftLog:OPENED:c-1,f-1,i0, conf=-1: [3ffb752d-9b81-4824-85a0-5a130a56a396|rpc:172.24.0.10:9856|admin:172.24.0.10:9857|client:172.24.0.10:9858|priority:1, 3827c566-a58a-4ad4-9145-dac759bc1ecc|rpc:172.24.0.7:9856|admin:172.24.0.7:9857|client:172.24.0.7:9858|priority:0, 29e7d01c-0d00-4742-87fa-c21f23566ad1|rpc:172.24.0.6:9856|admin:172.24.0.6:9857|client:172.24.0.6:9858|priority:0], old=null
datanode_1  | 2021-05-26 07:41:49,465 [grpc-default-executor-1] INFO server.RaftServer$Division: 3ffb752d-9b81-4824-85a0-5a130a56a396@group-185829BA33F3: receive requestVote(ELECTION, 29e7d01c-0d00-4742-87fa-c21f23566ad1, group-185829BA33F3, 5, (t:0, i:0))
datanode_1  | 2021-05-26 07:41:49,465 [grpc-default-executor-1] INFO impl.VoteContext: 3ffb752d-9b81-4824-85a0-5a130a56a396@group-185829BA33F3-FOLLOWER: reject ELECTION from 29e7d01c-0d00-4742-87fa-c21f23566ad1: our priority 1 > candidate's priority 0
datanode_1  | 2021-05-26 07:41:49,465 [grpc-default-executor-1] INFO server.RaftServer$Division: 3ffb752d-9b81-4824-85a0-5a130a56a396@group-185829BA33F3: changes role from  FOLLOWER to FOLLOWER at term 5 for candidate:29e7d01c-0d00-4742-87fa-c21f23566ad1
om_1        | 2021-05-26 07:41:28,134 [pool-17-thread-1] INFO server.RaftServerConfigKeys: raft.server.snapshot.auto.trigger.enabled = true (custom)
datanode_3  | 2021-05-26 07:41:23,556 [pool-21-thread-1] INFO server.RaftServerConfigKeys: raft.server.log.write.buffer.size = 1048576 (custom)
datanode_1  | 2021-05-26 07:41:49,465 [grpc-default-executor-1] INFO impl.RoleInfo: 3ffb752d-9b81-4824-85a0-5a130a56a396: shutdown 3ffb752d-9b81-4824-85a0-5a130a56a396@group-185829BA33F3-FollowerState
om_1        | 2021-05-26 07:41:28,135 [pool-17-thread-1] INFO server.RaftServerConfigKeys: raft.server.snapshot.auto.trigger.threshold = 400000 (default)
datanode_3  | 2021-05-26 07:41:23,558 [pool-21-thread-1] INFO server.RaftServerConfigKeys: raft.server.log.statemachine.data.caching.enabled = true (custom)
datanode_1  | 2021-05-26 07:41:49,465 [grpc-default-executor-1] INFO impl.RoleInfo: 3ffb752d-9b81-4824-85a0-5a130a56a396: start 3ffb752d-9b81-4824-85a0-5a130a56a396@group-185829BA33F3-FollowerState
datanode_1  | 2021-05-26 07:41:49,465 [3ffb752d-9b81-4824-85a0-5a130a56a396@group-185829BA33F3-FollowerState] INFO impl.FollowerState: 3ffb752d-9b81-4824-85a0-5a130a56a396@group-185829BA33F3-FollowerState was interrupted: {}
datanode_1  | java.lang.InterruptedException: sleep interrupted
datanode_1  | 	at java.base/java.lang.Thread.sleep(Native Method)
datanode_1  | 	at java.base/java.lang.Thread.sleep(Thread.java:339)
datanode_1  | 	at java.base/java.util.concurrent.TimeUnit.sleep(TimeUnit.java:446)
datanode_1  | 	at org.apache.ratis.util.TimeDuration.sleep(TimeDuration.java:324)
datanode_2  | 2021-05-26 07:41:25,010 [pool-21-thread-1] INFO server.RaftServerConfigKeys: raft.server.log.use.memory = false (default)
om_1        | 2021-05-26 07:41:28,136 [pool-17-thread-1] INFO server.RaftServerConfigKeys: raft.server.snapshot.retention.file.num = -1 (default)
datanode_3  | 2021-05-26 07:41:23,595 [pool-21-thread-1] INFO segmented.SegmentedRaftLogWorker: 3827c566-a58a-4ad4-9145-dac759bc1ecc@group-798BCA5F4C41-SegmentedRaftLogWorker: flushIndex: setUnconditionally 0 -> -1
datanode_3  | 2021-05-26 07:41:23,595 [pool-21-thread-1] INFO segmented.SegmentedRaftLogWorker: 3827c566-a58a-4ad4-9145-dac759bc1ecc@group-798BCA5F4C41-SegmentedRaftLogWorker: safeCacheEvictIndex: setUnconditionally 0 -> -1
datanode_3  | 2021-05-26 07:41:23,607 [pool-21-thread-1] INFO server.RaftServerConfigKeys: raft.server.snapshot.auto.trigger.enabled = true (custom)
datanode_2  | 2021-05-26 07:41:25,011 [pool-21-thread-1] INFO server.RaftServerConfigKeys: raft.server.log.purge.gap = 1000000 (custom)
scm_1       | No '-XX:...' jvm parameters are set. Adding safer GC settings '-XX:ParallelGCThreads=8 -XX:+UseConcMarkSweepGC -XX:CMSInitiatingOccupancyFraction=70 -XX:+CMSParallelRemarkEnabled' to the OZONE_OPTS
s3g_1       | [NOTICE]   (1) : New worker #1 (8) forked
om_1        | 2021-05-26 07:41:28,137 [pool-17-thread-1] INFO server.RaftServerConfigKeys: raft.server.log.purge.upto.snapshot.index = true (custom)
datanode_3  | 2021-05-26 07:41:23,616 [pool-21-thread-1] INFO server.RaftServerConfigKeys: raft.server.snapshot.auto.trigger.threshold = 10000 (custom)
s3g2_1      | No '-XX:...' jvm parameters are set. Adding safer GC settings '-XX:ParallelGCThreads=8 -XX:+UseConcMarkSweepGC -XX:CMSInitiatingOccupancyFraction=70 -XX:+CMSParallelRemarkEnabled' to the OZONE_OPTS
datanode_1  | 	at org.apache.ratis.util.TimeDuration.sleep(TimeDuration.java:309)
datanode_2  | 2021-05-26 07:41:25,011 [pool-21-thread-1] INFO server.RaftServerConfigKeys: raft.server.log.appender.buffer.byte-limit = 33554432 (custom)
s3g3_1      | No '-XX:...' jvm parameters are set. Adding safer GC settings '-XX:ParallelGCThreads=8 -XX:+UseConcMarkSweepGC -XX:CMSInitiatingOccupancyFraction=70 -XX:+CMSParallelRemarkEnabled' to the OZONE_OPTS
scm_1       | OpenJDK 64-Bit Server VM warning: Option UseConcMarkSweepGC was deprecated in version 9.0 and will likely be removed in a future release.
om_1        | 2021-05-26 07:41:28,138 [pool-17-thread-1] INFO server.RaftServerConfigKeys: raft.server.retrycache.expirytime = 300s (custom)
datanode_3  | 2021-05-26 07:41:23,618 [pool-21-thread-1] INFO server.RaftServerConfigKeys: raft.server.snapshot.retention.file.num = 5 (custom)
s3g2_1      | OpenJDK 64-Bit Server VM warning: Option UseConcMarkSweepGC was deprecated in version 9.0 and will likely be removed in a future release.
datanode_1  | 	at org.apache.ratis.server.impl.FollowerState.run(FollowerState.java:118)
datanode_2  | 2021-05-26 07:41:25,011 [pool-21-thread-1] INFO metrics.RatisMetrics: Creating Metrics Registry : ratis.log_worker.29e7d01c-0d00-4742-87fa-c21f23566ad1@group-185829BA33F3
s3g3_1      | OpenJDK 64-Bit Server VM warning: Option UseConcMarkSweepGC was deprecated in version 9.0 and will likely be removed in a future release.
scm_1       | 2021-05-26 07:40:57,231 [main] INFO server.StorageContainerManagerStarter: STARTUP_MSG: 
om_1        | 2021-05-26 07:41:28,141 [pool-17-thread-1] INFO server.RaftServerConfigKeys: raft.server.retrycache.statistics.expirytime = 100?s (default)
datanode_3  | 2021-05-26 07:41:23,619 [pool-21-thread-1] INFO server.RaftServerConfigKeys: raft.server.log.purge.upto.snapshot.index = false (default)
s3g2_1      | 2021-05-26 07:40:51,272 [main] INFO http.BaseHttpServer: Starting Web-server for s3gateway at: http://0.0.0.0:9878
datanode_1  | 2021-05-26 07:41:49,468 [grpc-default-executor-1] INFO server.RaftServer$Division: 3ffb752d-9b81-4824-85a0-5a130a56a396@group-185829BA33F3 replies to ELECTION vote request: 29e7d01c-0d00-4742-87fa-c21f23566ad1<-3ffb752d-9b81-4824-85a0-5a130a56a396#0:FAIL-t5. Peer's state: 3ffb752d-9b81-4824-85a0-5a130a56a396@group-185829BA33F3:t5, leader=null, voted=null, raftlog=3ffb752d-9b81-4824-85a0-5a130a56a396@group-185829BA33F3-SegmentedRaftLog:OPENED:c-1,f-1,i0, conf=-1: [3ffb752d-9b81-4824-85a0-5a130a56a396|rpc:172.24.0.10:9856|admin:172.24.0.10:9857|client:172.24.0.10:9858|priority:1, 3827c566-a58a-4ad4-9145-dac759bc1ecc|rpc:172.24.0.7:9856|admin:172.24.0.7:9857|client:172.24.0.7:9858|priority:0, 29e7d01c-0d00-4742-87fa-c21f23566ad1|rpc:172.24.0.6:9856|admin:172.24.0.6:9857|client:172.24.0.6:9858|priority:0], old=null
datanode_2  | 2021-05-26 07:41:25,011 [pool-21-thread-1] INFO server.RaftServerConfigKeys: raft.server.log.segment.size.max = 1048576 (custom)
s3g3_1      | 2021-05-26 07:40:50,694 [main] INFO http.BaseHttpServer: Starting Web-server for s3gateway at: http://0.0.0.0:9878
scm_1       | /************************************************************
om_1        | 2021-05-26 07:41:28,144 [Listener at om/9862] INFO impl.MetricsConfig: Loaded properties from hadoop-metrics2.properties
datanode_3  | 2021-05-26 07:41:23,619 [pool-21-thread-1] INFO server.RaftServerConfigKeys: raft.server.retrycache.expirytime = 600000ms (custom)
s3g2_1      | 2021-05-26 07:40:51,279 [main] INFO http.BaseHttpServer: Hadoop Security Enabled: false Ozone Security Enabled: false Ozone HTTP Security Enabled: false 
datanode_1  | 2021-05-26 07:41:54,631 [grpc-default-executor-0] INFO server.RaftServer$Division: 3ffb752d-9b81-4824-85a0-5a130a56a396@group-185829BA33F3: receive requestVote(ELECTION, 29e7d01c-0d00-4742-87fa-c21f23566ad1, group-185829BA33F3, 6, (t:0, i:0))
datanode_2  | 2021-05-26 07:41:25,011 [pool-21-thread-1] INFO server.RaftServerConfigKeys: raft.server.log.segment.cache.num.max = 2 (custom)
s3g3_1      | 2021-05-26 07:40:50,701 [main] INFO http.BaseHttpServer: Hadoop Security Enabled: false Ozone Security Enabled: false Ozone HTTP Security Enabled: false 
scm_1       | STARTUP_MSG: Starting StorageContainerManager
om_1        | 2021-05-26 07:41:28,180 [Listener at om/9862] INFO impl.MetricsSystemImpl: Scheduled Metric snapshot period at 10 second(s).
datanode_3  | 2021-05-26 07:41:23,620 [pool-21-thread-1] INFO server.RaftServerConfigKeys: raft.server.retrycache.statistics.expirytime = 100?s (default)
s3g2_1      | 2021-05-26 07:40:51,415 [main] INFO util.log: Logging initialized @7189ms to org.eclipse.jetty.util.log.Slf4jLog
datanode_1  | 2021-05-26 07:41:54,633 [grpc-default-executor-0] INFO impl.VoteContext: 3ffb752d-9b81-4824-85a0-5a130a56a396@group-185829BA33F3-FOLLOWER: reject ELECTION from 29e7d01c-0d00-4742-87fa-c21f23566ad1: our priority 1 > candidate's priority 0
datanode_2  | 2021-05-26 07:41:25,011 [pool-21-thread-1] INFO server.RaftServerConfigKeys: raft.server.log.segment.cache.size.max = 200MB (=209715200) (default)
s3g3_1      | 2021-05-26 07:40:50,841 [main] INFO util.log: Logging initialized @7137ms to org.eclipse.jetty.util.log.Slf4jLog
scm_1       | STARTUP_MSG:   host = db0c2b63c6be/172.24.0.8
om_1        | 2021-05-26 07:41:28,180 [Listener at om/9862] INFO impl.MetricsSystemImpl: OzoneManager metrics system started
datanode_3  | 2021-05-26 07:41:23,689 [pool-21-thread-1] INFO metrics.RatisMetrics: Creating Metrics Registry : ratis.leader_election.3827c566-a58a-4ad4-9145-dac759bc1ecc@group-798BCA5F4C41
s3g2_1      | 2021-05-26 07:40:52,159 [main] INFO server.AuthenticationFilter: Unable to initialize FileSignerSecretProvider, falling back to use random secrets.
datanode_1  | 2021-05-26 07:41:54,634 [grpc-default-executor-0] INFO server.RaftServer$Division: 3ffb752d-9b81-4824-85a0-5a130a56a396@group-185829BA33F3: changes role from  FOLLOWER to FOLLOWER at term 6 for candidate:29e7d01c-0d00-4742-87fa-c21f23566ad1
datanode_2  | 2021-05-26 07:41:25,011 [pool-21-thread-1] INFO segmented.SegmentedRaftLogWorker: new 29e7d01c-0d00-4742-87fa-c21f23566ad1@group-185829BA33F3-SegmentedRaftLogWorker for RaftStorageImpl:Storage Directory /data/metadata/ratis/3e9ed02e-33bb-4bce-b23b-185829ba33f3
s3g3_1      | 2021-05-26 07:40:51,581 [main] INFO server.AuthenticationFilter: Unable to initialize FileSignerSecretProvider, falling back to use random secrets.
scm_1       | STARTUP_MSG:   args = [--init]
om_1        | 2021-05-26 07:41:28,202 [pool-17-thread-1] INFO metrics.RatisMetrics: Creating Metrics Registry : ratis.leader_election.om1@group-C5BA1605619E
datanode_3  | 2021-05-26 07:41:23,696 [pool-21-thread-1] INFO metrics.RatisMetrics: Creating Metrics Registry : ratis.server.3827c566-a58a-4ad4-9145-dac759bc1ecc@group-798BCA5F4C41
s3g2_1      | 2021-05-26 07:40:52,340 [main] INFO http.HttpRequestLog: Http request log for http.requests.s3gateway is not defined
datanode_1  | 2021-05-26 07:41:54,634 [grpc-default-executor-0] INFO impl.RoleInfo: 3ffb752d-9b81-4824-85a0-5a130a56a396: shutdown 3ffb752d-9b81-4824-85a0-5a130a56a396@group-185829BA33F3-FollowerState
datanode_2  | 2021-05-26 07:41:25,011 [pool-21-thread-1] INFO server.RaftServerConfigKeys: raft.server.log.queue.byte-limit = 2147483647 (custom)
s3g3_1      | 2021-05-26 07:40:51,746 [main] INFO http.HttpRequestLog: Http request log for http.requests.s3gateway is not defined
scm_1       | STARTUP_MSG:   version = 1.2.0-SNAPSHOT
om_1        | 2021-05-26 07:41:28,210 [pool-17-thread-1] INFO metrics.RatisMetrics: Creating Metrics Registry : ratis.server.om1@group-C5BA1605619E
datanode_3  | 2021-05-26 07:41:23,728 [pool-21-thread-1] INFO server.RaftServer$Division: 3827c566-a58a-4ad4-9145-dac759bc1ecc@group-798BCA5F4C41: start as a follower, conf=-1: [3827c566-a58a-4ad4-9145-dac759bc1ecc|rpc:172.24.0.7:9856|admin:172.24.0.7:9857|client:172.24.0.7:9858|priority:1], old=null
s3g2_1      | 2021-05-26 07:40:52,359 [main] INFO http.HttpServer2: Added global filter 'safety' (class=org.apache.hadoop.hdds.server.http.HttpServer2$QuotingInputFilter)
datanode_1  | 2021-05-26 07:41:54,634 [grpc-default-executor-0] INFO impl.RoleInfo: 3ffb752d-9b81-4824-85a0-5a130a56a396: start 3ffb752d-9b81-4824-85a0-5a130a56a396@group-185829BA33F3-FollowerState
datanode_2  | 2021-05-26 07:41:25,011 [pool-21-thread-1] INFO server.RaftServerConfigKeys: raft.server.log.queue.element-limit = 1024 (custom)
s3g3_1      | 2021-05-26 07:40:51,785 [main] INFO http.HttpServer2: Added global filter 'safety' (class=org.apache.hadoop.hdds.server.http.HttpServer2$QuotingInputFilter)
om_1        | 2021-05-26 07:41:28,249 [Listener at om/9862] INFO om.OzoneManager: OzoneManager RPC server is listening at om/172.24.0.4:9862
