recon_1     | 2022-07-26 06:56:06,900 [Listener at 0.0.0.0/9891] INFO server.SCMDatanodeProtocolServer: ScmDatanodeProtocol RPC server for DataNodes is listening at /0.0.0.0:9891
scm3_1      | 2022-07-26 06:56:21,712 [main] INFO server.RaftServerConfigKeys: raft.server.threadpool.proxy.size = 0 (default)
scm1_1      | 2022-07-26 06:55:31,680 [pool-2-thread-1] INFO server.RaftServerConfigKeys: raft.server.log.force.sync.num = 128 (default)
om2_1       | 2022-07-26 06:57:18,199 [IPC Server Responder] INFO ipc.Server: IPC Server Responder: starting
datanode_3  | 	at java.base/sun.nio.ch.SocketChannelImpl.checkConnect(Native Method)
datanode_1  | 	at java.base/sun.nio.ch.SocketChannelImpl.finishConnect(SocketChannelImpl.java:777)
om3_1       | 2022-07-26 06:57:11,223 [main] INFO server.RaftServer: om3: addNew group-D66704EFC61C:[om1|rpc:om1:9872|priority:0, om3|rpc:om3:9872|priority:0, om2|rpc:om2:9872|priority:0] returns group-D66704EFC61C:java.util.concurrent.CompletableFuture@2d258eff[Not completed]
s3g_1       | WARNING: The following warnings have been detected: WARNING: Unknown HK2 failure detected:
datanode_2  | 	at java.base/sun.nio.ch.SocketChannelImpl.finishConnect(SocketChannelImpl.java:777)
om1_1       | 2022-07-26 06:57:11,011 [main] INFO server.RaftServerConfigKeys: raft.server.threadpool.proxy.size = 0 (default)
scm2_1      | 2022-07-26 06:56:07,438 [pool-16-thread-1] INFO server.RaftServerConfigKeys: raft.server.rpc.sleep.time = 25ms (default)
recon_1     | 2022-07-26 06:56:06,903 [IPC Server Responder] INFO ipc.Server: IPC Server Responder: starting
scm3_1      | 2022-07-26 06:56:21,712 [main] INFO server.RaftServerConfigKeys: raft.server.rpc.slowness.timeout = 120000ms (custom)
scm1_1      | 2022-07-26 06:55:31,726 [pool-2-thread-1] INFO server.RaftServerConfigKeys: raft.server.log.statemachine.data.sync = true (default)
om2_1       | 2022-07-26 06:57:18,201 [IPC Server listener on 9862] INFO ipc.Server: IPC Server listener on 9862: starting
datanode_3  | 	at java.base/sun.nio.ch.SocketChannelImpl.finishConnect(SocketChannelImpl.java:777)
datanode_1  | 	at org.apache.hadoop.net.SocketIOWithTimeout.connect(SocketIOWithTimeout.java:206)
om3_1       | 2022-07-26 06:57:11,223 [main] INFO om.OzoneManager: OzoneManager Ratis server initialized at port 9872
s3g_1       | MultiException stack 1 of 1
datanode_2  | 	at org.apache.hadoop.net.SocketIOWithTimeout.connect(SocketIOWithTimeout.java:206)
om1_1       | 2022-07-26 06:57:11,019 [main] INFO server.RaftServerConfigKeys: raft.server.rpc.slowness.timeout = 120s (custom)
scm2_1      | 2022-07-26 06:56:07,439 [pool-16-thread-1] INFO server.RaftServerConfigKeys: raft.server.rpc.slowness.timeout = 120000ms (custom)
recon_1     | 2022-07-26 06:56:07,139 [IPC Server listener on 9891] INFO ipc.Server: IPC Server listener on 9891: starting
scm3_1      | 2022-07-26 06:56:21,712 [main] INFO server.RaftServerConfigKeys: raft.server.leaderelection.leader.step-down.wait-time = 10s (default)
scm1_1      | 2022-07-26 06:55:31,729 [pool-2-thread-1] INFO server.RaftServerConfigKeys: raft.server.log.statemachine.data.sync.timeout = 10s (default)
om2_1       | 2022-07-26 06:57:18,387 [Listener at om2/9862] INFO om.OzoneManager: Trash Interval set to 0. Files deleted won't move to trash
om2_1       | 2022-07-26 06:57:18,908 [Listener at om2/9862] INFO om.GrpcOzoneManagerServer: GrpcOzoneManagerServer is started using port 8981
datanode_1  | 	at org.apache.hadoop.net.NetUtils.connect(NetUtils.java:586)
om3_1       | 2022-07-26 06:57:11,488 [pool-26-thread-1] INFO server.RaftServer$Division: om3: new RaftServerImpl for group-D66704EFC61C:[om1|rpc:om1:9872|priority:0, om3|rpc:om3:9872|priority:0, om2|rpc:om2:9872|priority:0] with OzoneManagerStateMachine:uninitialized
s3g_1       | javax.ws.rs.WebApplicationException: The authorization header you provided is invalid.
datanode_2  | 	at org.apache.hadoop.net.NetUtils.connect(NetUtils.java:586)
om1_1       | 2022-07-26 06:57:11,019 [main] INFO server.RaftServerConfigKeys: raft.server.leaderelection.leader.step-down.wait-time = 10s (default)
scm2_1      | 2022-07-26 06:56:07,439 [pool-16-thread-1] INFO server.RaftServerConfigKeys: raft.server.leaderelection.leader.step-down.wait-time = 10s (default)
recon_1     | 2022-07-26 06:56:07,236 [Listener at 0.0.0.0/9891] INFO scm.ReconScmTask: Registered ContainerHealthTask task 
scm3_1      | 2022-07-26 06:56:21,724 [main] INFO server.RaftServerConfigKeys: raft.server.storage.dir = [/data/metadata/scm-ha] (custom)
scm1_1      | 2022-07-26 06:55:31,747 [pool-2-thread-1] INFO server.RaftServerConfigKeys: raft.server.log.statemachine.data.sync.timeout.retry = -1 (default)
om2_1       | 2022-07-26 06:57:18,964 [org.apache.hadoop.util.JvmPauseMonitor$Monitor@1c0e4262] INFO util.JvmPauseMonitor: Starting JVM pause monitor
datanode_3  | 	at org.apache.hadoop.net.SocketIOWithTimeout.connect(SocketIOWithTimeout.java:206)
datanode_1  | 	at org.apache.hadoop.ipc.Client$Connection.setupConnection(Client.java:701)
om3_1       | 2022-07-26 06:57:11,510 [main] INFO om.OzoneManager: Creating RPC Server
s3g_1       | 	at org.apache.hadoop.ozone.s3.OzoneClientProducer.wrapOS3Exception(OzoneClientProducer.java:141)
datanode_2  | 	at org.apache.hadoop.ipc.Client$Connection.setupConnection(Client.java:701)
om1_1       | 2022-07-26 06:57:11,056 [main] INFO server.RaftServerConfigKeys: raft.server.storage.dir = [/data/metadata/ratis] (custom)
scm2_1      | 2022-07-26 06:56:07,440 [pool-16-thread-1] INFO server.RaftServerConfigKeys: raft.server.sleep.deviation.threshold = 300ms (default)
recon_1     | 2022-07-26 06:56:07,237 [Listener at 0.0.0.0/9891] INFO scm.ReconScmTask: Starting ContainerHealthTask Thread.
scm3_1      | 2022-07-26 06:56:21,748 [main] INFO server.RaftServer: 8e2e4c78-caa2-4bf1-9c41-fd42197cd862: addNew group-B3680766CC7E:[] returns group-B3680766CC7E:java.util.concurrent.CompletableFuture@1d12b024[Not completed]
scm1_1      | 2022-07-26 06:55:31,892 [pool-2-thread-1] INFO server.RaftServerConfigKeys: raft.server.log.write.buffer.size = 64KB (=65536) (default)
om2_1       | 2022-07-26 06:57:21,310 [om2@group-D66704EFC61C-FollowerState] INFO impl.FollowerState: om2@group-D66704EFC61C-FollowerState: change to CANDIDATE, lastRpcElapsedTime:5044176139ns, electionTimeout:5041ms
datanode_3  | 	at org.apache.hadoop.net.NetUtils.connect(NetUtils.java:586)
datanode_1  | 	at org.apache.hadoop.ipc.Client$Connection.setupIOstreams(Client.java:822)
om3_1       | 2022-07-26 06:57:11,520 [pool-26-thread-1] INFO server.RaftServerConfigKeys: raft.server.rpc.timeout.min = 5s (custom)
s3g_1       | 	at org.apache.hadoop.ozone.s3.OzoneClientProducer.getSignature(OzoneClientProducer.java:102)
datanode_2  | 	at org.apache.hadoop.ipc.Client$Connection.setupIOstreams(Client.java:822)
om1_1       | 2022-07-26 06:57:11,141 [main] INFO server.RaftServer: om1: addNew group-D66704EFC61C:[om1|rpc:om1:9872|priority:0, om3|rpc:om3:9872|priority:0, om2|rpc:om2:9872|priority:0] returns group-D66704EFC61C:java.util.concurrent.CompletableFuture@63fd4dda[Not completed]
scm2_1      | 2022-07-26 06:56:07,459 [pool-16-thread-1] INFO server.RaftServer$Division: 62bdad2e-d3aa-4f05-afa9-56ca86b3a323@group-B3680766CC7E: ConfigurationManager, init=-1: [], old=null, confs=<EMPTY_MAP>
recon_1     | 2022-07-26 06:56:07,334 [Listener at 0.0.0.0/9891] INFO scm.ReconScmTask: Registered PipelineSyncTask task 
scm3_1      | 2022-07-26 06:56:21,830 [pool-16-thread-1] INFO server.RaftServer$Division: 8e2e4c78-caa2-4bf1-9c41-fd42197cd862: new RaftServerImpl for group-B3680766CC7E:[] with SCMStateMachine:uninitialized
scm1_1      | 2022-07-26 06:55:31,899 [pool-2-thread-1] INFO server.RaftServerConfigKeys: raft.server.log.unsafe-flush.enabled = false (default)
om2_1       | 2022-07-26 06:57:21,312 [om2@group-D66704EFC61C-FollowerState] INFO impl.RoleInfo: om2: shutdown om2@group-D66704EFC61C-FollowerState
datanode_3  | 	at org.apache.hadoop.ipc.Client$Connection.setupConnection(Client.java:701)
datanode_1  | 	at org.apache.hadoop.ipc.Client$Connection.access$3800(Client.java:414)
om3_1       | 2022-07-26 06:57:11,536 [pool-26-thread-1] INFO server.RaftServerConfigKeys: raft.server.rpc.timeout.max = 5200ms (custom)
s3g_1       | 	at jdk.internal.reflect.GeneratedMethodAccessor19.invoke(Unknown Source)
datanode_2  | 	at org.apache.hadoop.ipc.Client$Connection.access$3800(Client.java:414)
om1_1       | 2022-07-26 06:57:11,141 [main] INFO om.OzoneManager: OzoneManager Ratis server initialized at port 9872
scm2_1      | 2022-07-26 06:56:07,460 [pool-16-thread-1] INFO server.RaftServerConfigKeys: raft.server.storage.dir = [/data/metadata/scm-ha] (custom)
recon_1     | 2022-07-26 06:56:07,334 [Listener at 0.0.0.0/9891] INFO scm.ReconScmTask: Starting PipelineSyncTask Thread.
scm3_1      | 2022-07-26 06:56:21,838 [pool-16-thread-1] INFO server.RaftServerConfigKeys: raft.server.rpc.timeout.min = 5000ms (custom)
scm1_1      | 2022-07-26 06:55:31,900 [pool-2-thread-1] INFO server.RaftServerConfigKeys: raft.server.log.statemachine.data.caching.enabled = false (default)
om2_1       | 2022-07-26 06:57:21,312 [om2@group-D66704EFC61C-FollowerState] INFO server.RaftServer$Division: om2@group-D66704EFC61C: changes role from  FOLLOWER to CANDIDATE at term 0 for changeToCandidate
datanode_3  | 	at org.apache.hadoop.ipc.Client$Connection.setupIOstreams(Client.java:822)
datanode_1  | 	at org.apache.hadoop.ipc.Client.getConnection(Client.java:1647)
om3_1       | 2022-07-26 06:57:11,536 [pool-26-thread-1] INFO server.RaftServerConfigKeys: raft.server.rpc.sleep.time = 25ms (default)
s3g_1       | 	at java.base/jdk.internal.reflect.DelegatingMethodAccessorImpl.invoke(DelegatingMethodAccessorImpl.java:43)
datanode_2  | 	at org.apache.hadoop.ipc.Client.getConnection(Client.java:1647)
om1_1       | 2022-07-26 06:57:11,336 [main] INFO om.OzoneManager: Creating RPC Server
scm2_1      | 2022-07-26 06:56:07,474 [pool-16-thread-1] INFO server.RaftServerConfigKeys: raft.server.log.corruption.policy = EXCEPTION (default)
recon_1     | 2022-07-26 06:56:07,376 [PipelineSyncTask] INFO scm.ReconPipelineManager: Recon has 4 pipelines in house.
scm1_1      | 2022-07-26 06:55:31,978 [pool-2-thread-1] INFO segmented.SegmentedRaftLogWorker: 97f64b12-1023-4273-ae97-ac8857755758@group-B3680766CC7E-SegmentedRaftLogWorker: flushIndex: setUnconditionally 0 -> -1
scm3_1      | 2022-07-26 06:56:21,841 [pool-16-thread-1] INFO server.RaftServerConfigKeys: raft.server.rpc.timeout.max = 5200ms (custom)
om2_1       | 2022-07-26 06:57:21,315 [om2@group-D66704EFC61C-FollowerState] INFO server.RaftServerConfigKeys: raft.server.leaderelection.pre-vote = false (custom)
om2_1       | 2022-07-26 06:57:21,315 [om2@group-D66704EFC61C-FollowerState] INFO impl.RoleInfo: om2: start om2@group-D66704EFC61C-LeaderElection1
datanode_1  | 	at org.apache.hadoop.ipc.Client.call(Client.java:1463)
om3_1       | 2022-07-26 06:57:11,536 [pool-26-thread-1] INFO server.RaftServerConfigKeys: raft.server.rpc.slowness.timeout = 120s (custom)
s3g_1       | 	at java.base/java.lang.reflect.Method.invoke(Method.java:566)
datanode_2  | 	at org.apache.hadoop.ipc.Client.call(Client.java:1463)
om1_1       | 2022-07-26 06:57:11,337 [pool-26-thread-1] INFO server.RaftServer$Division: om1: new RaftServerImpl for group-D66704EFC61C:[om1|rpc:om1:9872|priority:0, om3|rpc:om3:9872|priority:0, om2|rpc:om2:9872|priority:0] with OzoneManagerStateMachine:uninitialized
scm2_1      | 2022-07-26 06:56:07,475 [pool-16-thread-1] INFO server.RaftServerConfigKeys: raft.server.storage.free-space.min = 0MB (=0) (default)
recon_1     | 2022-07-26 06:56:07,395 [PipelineSyncTask] INFO scm.PipelineSyncTask: Pipeline sync Thread took 35 milliseconds.
scm1_1      | 2022-07-26 06:55:31,987 [pool-2-thread-1] INFO segmented.SegmentedRaftLogWorker: 97f64b12-1023-4273-ae97-ac8857755758@group-B3680766CC7E-SegmentedRaftLogWorker: safeCacheEvictIndex: setUnconditionally 0 -> -1
om2_1       | 2022-07-26 06:57:21,324 [om2@group-D66704EFC61C-LeaderElection1] INFO impl.LeaderElection: om2@group-D66704EFC61C-LeaderElection1 ELECTION round 0: submit vote requests at term 1 for -1: [om1|rpc:om1:9872|priority:0, om3|rpc:om3:9872|priority:0, om2|rpc:om2:9872|priority:0], old=null
datanode_3  | 	at org.apache.hadoop.ipc.Client$Connection.access$3800(Client.java:414)
datanode_1  | 	... 12 more
om3_1       | 2022-07-26 06:57:11,536 [pool-26-thread-1] INFO server.RaftServerConfigKeys: raft.server.leaderelection.leader.step-down.wait-time = 10s (default)
s3g_1       | 	at org.jboss.weld.injection.StaticMethodInjectionPoint.invoke(StaticMethodInjectionPoint.java:88)
datanode_2  | 	... 12 more
om1_1       | 2022-07-26 06:57:11,383 [pool-26-thread-1] INFO server.RaftServerConfigKeys: raft.server.rpc.timeout.min = 5s (custom)
scm2_1      | 2022-07-26 06:56:07,479 [pool-16-thread-1] INFO storage.RaftStorageDirectory: The storage directory /data/metadata/scm-ha/1fc3b451-f948-4597-aa18-b3680766cc7e does not exist. Creating ...
recon_1     | 2022-07-26 06:56:07,793 [IPC Server handler 2 on default port 9891] WARN ipc.Server: IPC Server handler 2 on default port 9891, call Call#4 Retry#0 org.apache.hadoop.ozone.protocol.ReconDatanodeProtocol.submitRequest from 172.18.0.4:48116: output error
scm1_1      | 2022-07-26 06:55:32,115 [pool-2-thread-1] INFO server.RaftServerConfigKeys: raft.server.snapshot.auto.trigger.enabled = true (custom)
scm3_1      | 2022-07-26 06:56:21,842 [pool-16-thread-1] INFO server.RaftServerConfigKeys: raft.server.rpc.sleep.time = 25ms (default)
om2_1       | 2022-07-26 06:57:22,929 [grpc-default-executor-0] INFO server.RaftServer$Division: om2@group-D66704EFC61C: receive requestVote(ELECTION, om1, group-D66704EFC61C, 1, (t:0, i:~))
datanode_3  | 	at org.apache.hadoop.ipc.Client.getConnection(Client.java:1647)
datanode_1  | 2022-07-26 06:56:05,537 [EndpointStateMachine task thread for scm2/172.18.0.2:9861 - 0 ] INFO ipc.Client: Retrying connect to server: scm2/172.18.0.2:9861. Already tried 0 time(s); retry policy is RetryUpToMaximumCountWithFixedSleep(maxRetries=15, sleepTime=1000 MILLISECONDS)
om3_1       | 2022-07-26 06:57:11,536 [pool-26-thread-1] INFO server.RaftServerConfigKeys: raft.server.sleep.deviation.threshold = 300ms (default)
s3g_1       | 	at org.jboss.weld.injection.StaticMethodInjectionPoint.invoke(StaticMethodInjectionPoint.java:78)
datanode_2  | 2022-07-26 06:56:05,310 [Datanode State Machine Daemon Thread] ERROR datanode.RunningDatanodeState: Error in executing end point task.
om1_1       | 2022-07-26 06:57:11,399 [pool-26-thread-1] INFO server.RaftServerConfigKeys: raft.server.rpc.timeout.max = 5200ms (custom)
scm2_1      | 2022-07-26 06:56:07,510 [pool-16-thread-1] INFO storage.RaftStorageDirectory: Lock on /data/metadata/scm-ha/1fc3b451-f948-4597-aa18-b3680766cc7e/in_use.lock acquired by nodename 8@47b3ef208b24
recon_1     | 2022-07-26 06:56:07,794 [IPC Server handler 1 on default port 9891] WARN ipc.Server: IPC Server handler 1 on default port 9891, call Call#1 Retry#0 org.apache.hadoop.ozone.protocol.ReconDatanodeProtocol.submitRequest from 172.18.0.8:55966: output error
scm1_1      | 2022-07-26 06:55:32,131 [pool-2-thread-1] INFO server.RaftServerConfigKeys: raft.server.snapshot.auto.trigger.threshold = 1000 (custom)
scm3_1      | 2022-07-26 06:56:21,842 [pool-16-thread-1] INFO server.RaftServerConfigKeys: raft.server.rpc.slowness.timeout = 120000ms (custom)
om2_1       | 2022-07-26 06:57:22,930 [grpc-default-executor-0] INFO impl.VoteContext: om2@group-D66704EFC61C-CANDIDATE: reject ELECTION from om1: already has voted for om2 at current term 1
datanode_3  | 	at org.apache.hadoop.ipc.Client.call(Client.java:1463)
datanode_1  | 2022-07-26 06:56:05,539 [EndpointStateMachine task thread for scm3/172.18.0.12:9861 - 0 ] INFO ipc.Client: Retrying connect to server: scm3/172.18.0.12:9861. Already tried 0 time(s); retry policy is RetryUpToMaximumCountWithFixedSleep(maxRetries=15, sleepTime=1000 MILLISECONDS)
s3g_1       | 	at org.jboss.weld.injection.producer.ProducerMethodProducer.produce(ProducerMethodProducer.java:100)
om3_1       | 2022-07-26 06:57:11,640 [pool-26-thread-1] INFO server.RaftServer$Division: om3@group-D66704EFC61C: ConfigurationManager, init=-1: [om1|rpc:om1:9872|priority:0, om3|rpc:om3:9872|priority:0, om2|rpc:om2:9872|priority:0], old=null, confs=<EMPTY_MAP>
datanode_2  | java.util.concurrent.ExecutionException: java.util.concurrent.TimeoutException
om1_1       | 2022-07-26 06:57:11,399 [pool-26-thread-1] INFO server.RaftServerConfigKeys: raft.server.rpc.sleep.time = 25ms (default)
scm2_1      | 2022-07-26 06:56:07,537 [pool-16-thread-1] INFO storage.RaftStorage: Storage directory /data/metadata/scm-ha/1fc3b451-f948-4597-aa18-b3680766cc7e has been successfully formatted.
recon_1     | 2022-07-26 06:56:07,797 [IPC Server handler 11 on default port 9891] WARN ipc.Server: IPC Server handler 11 on default port 9891, call Call#1 Retry#0 org.apache.hadoop.ozone.protocol.ReconDatanodeProtocol.submitRequest from 172.18.0.3:46858: output error
scm1_1      | 2022-07-26 06:55:32,159 [pool-2-thread-1] INFO server.RaftServerConfigKeys: raft.server.snapshot.retention.file.num = -1 (default)
scm3_1      | 2022-07-26 06:56:21,843 [pool-16-thread-1] INFO server.RaftServerConfigKeys: raft.server.leaderelection.leader.step-down.wait-time = 10s (default)
om2_1       | 2022-07-26 06:57:22,937 [om2@group-D66704EFC61C-LeaderElection1] INFO impl.LeaderElection: om2@group-D66704EFC61C-LeaderElection1: ELECTION REJECTED received 2 response(s) and 0 exception(s):
datanode_3  | 	... 12 more
datanode_1  | 2022-07-26 06:56:06,539 [EndpointStateMachine task thread for scm2/172.18.0.2:9861 - 0 ] INFO ipc.Client: Retrying connect to server: scm2/172.18.0.2:9861. Already tried 1 time(s); retry policy is RetryUpToMaximumCountWithFixedSleep(maxRetries=15, sleepTime=1000 MILLISECONDS)
s3g_1       | 	at org.jboss.weld.injection.producer.AbstractMemberProducer.produce(AbstractMemberProducer.java:161)
om3_1       | 2022-07-26 06:57:11,643 [pool-26-thread-1] INFO server.RaftServerConfigKeys: raft.server.storage.dir = [/data/metadata/ratis] (custom)
datanode_2  | 	at java.base/java.util.concurrent.FutureTask.report(FutureTask.java:122)
om1_1       | 2022-07-26 06:57:11,399 [pool-26-thread-1] INFO server.RaftServerConfigKeys: raft.server.rpc.slowness.timeout = 120s (custom)
scm2_1      | 2022-07-26 06:56:07,544 [pool-16-thread-1] INFO server.RaftServerConfigKeys: raft.server.notification.no-leader.timeout = 60s (default)
recon_1     | 2022-07-26 06:56:07,796 [IPC Server handler 5 on default port 9891] WARN ipc.Server: IPC Server handler 5 on default port 9891, call Call#5 Retry#0 org.apache.hadoop.ozone.protocol.ReconDatanodeProtocol.submitRequest from 172.18.0.3:47164: output error
scm1_1      | 2022-07-26 06:55:32,161 [pool-2-thread-1] INFO server.RaftServerConfigKeys: raft.server.log.purge.upto.snapshot.index = false (default)
scm3_1      | 2022-07-26 06:56:21,843 [pool-16-thread-1] INFO server.RaftServerConfigKeys: raft.server.sleep.deviation.threshold = 300ms (default)
om2_1       | 2022-07-26 06:57:22,938 [om2@group-D66704EFC61C-LeaderElection1] INFO impl.LeaderElection:   Response 0: om2<-om1#0:FAIL-t1
datanode_3  | 2022-07-26 06:56:04,817 [EndpointStateMachine task thread for scm2/172.18.0.2:9861 - 0 ] INFO ipc.Client: Retrying connect to server: scm2/172.18.0.2:9861. Already tried 14 time(s); retry policy is RetryUpToMaximumCountWithFixedSleep(maxRetries=15, sleepTime=1000 MILLISECONDS)
datanode_1  | 2022-07-26 06:56:06,539 [EndpointStateMachine task thread for scm3/172.18.0.12:9861 - 0 ] INFO ipc.Client: Retrying connect to server: scm3/172.18.0.12:9861. Already tried 1 time(s); retry policy is RetryUpToMaximumCountWithFixedSleep(maxRetries=15, sleepTime=1000 MILLISECONDS)
s3g_1       | 	at org.jboss.weld.bean.AbstractProducerBean.create(AbstractProducerBean.java:180)
om3_1       | 2022-07-26 06:57:11,689 [pool-26-thread-1] INFO server.RaftServerConfigKeys: raft.server.log.corruption.policy = EXCEPTION (default)
om1_1       | 2022-07-26 06:57:11,404 [pool-26-thread-1] INFO server.RaftServerConfigKeys: raft.server.leaderelection.leader.step-down.wait-time = 10s (default)
datanode_2  | 	at java.base/java.util.concurrent.FutureTask.get(FutureTask.java:191)
scm2_1      | 2022-07-26 06:56:07,552 [pool-16-thread-1] INFO server.RaftServerConfigKeys: raft.server.log.use.memory = false (default)
recon_1     | 2022-07-26 06:56:07,796 [IPC Server handler 8 on default port 9891] WARN ipc.Server: IPC Server handler 8 on default port 9891, call Call#3 Retry#0 org.apache.hadoop.ozone.protocol.ReconDatanodeProtocol.submitRequest from 172.18.0.4:47964: output error
scm1_1      | 2022-07-26 06:55:32,239 [pool-2-thread-1] INFO server.RaftServerConfigKeys: raft.server.retrycache.expirytime = 60000ms (default)
scm3_1      | 2022-07-26 06:56:21,858 [pool-16-thread-1] INFO server.RaftServer$Division: 8e2e4c78-caa2-4bf1-9c41-fd42197cd862@group-B3680766CC7E: ConfigurationManager, init=-1: [], old=null, confs=<EMPTY_MAP>
om2_1       | 2022-07-26 06:57:22,939 [om2@group-D66704EFC61C-LeaderElection1] INFO impl.LeaderElection:   Response 1: om2<-om3#0:FAIL-t1
datanode_3  | 2022-07-26 06:56:04,820 [EndpointStateMachine task thread for scm2/172.18.0.2:9861 - 0 ] WARN statemachine.EndpointStateMachine: Unable to communicate to SCM server at scm2:9861 for past 0 seconds.
datanode_1  | 2022-07-26 06:56:07,540 [EndpointStateMachine task thread for scm2/172.18.0.2:9861 - 0 ] INFO ipc.Client: Retrying connect to server: scm2/172.18.0.2:9861. Already tried 2 time(s); retry policy is RetryUpToMaximumCountWithFixedSleep(maxRetries=15, sleepTime=1000 MILLISECONDS)
s3g_1       | 	at org.jboss.weld.context.unbound.DependentContextImpl.get(DependentContextImpl.java:70)
om3_1       | 2022-07-26 06:57:11,690 [pool-26-thread-1] INFO server.RaftServerConfigKeys: raft.server.storage.free-space.min = 0MB (=0) (default)
om1_1       | 2022-07-26 06:57:11,405 [pool-26-thread-1] INFO server.RaftServerConfigKeys: raft.server.sleep.deviation.threshold = 300ms (default)
datanode_2  | 	at org.apache.hadoop.ozone.container.common.states.datanode.RunningDatanodeState.computeNextContainerState(RunningDatanodeState.java:199)
scm2_1      | 2022-07-26 06:56:07,640 [pool-16-thread-1] INFO server.RaftServerConfigKeys: raft.server.log.purge.gap = 1000000 (custom)
recon_1     | 2022-07-26 06:56:07,795 [IPC Server handler 9 on default port 9891] WARN ipc.Server: IPC Server handler 9 on default port 9891, call Call#5 Retry#0 org.apache.hadoop.ozone.protocol.ReconDatanodeProtocol.submitRequest from 172.18.0.4:48254: output error
recon_1     | 2022-07-26 06:56:07,795 [IPC Server handler 6 on default port 9891] WARN ipc.Server: IPC Server handler 6 on default port 9891, call Call#4 Retry#0 org.apache.hadoop.ozone.protocol.ReconDatanodeProtocol.submitRequest from 172.18.0.3:47022: output error
scm3_1      | 2022-07-26 06:56:21,859 [pool-16-thread-1] INFO server.RaftServerConfigKeys: raft.server.storage.dir = [/data/metadata/scm-ha] (custom)
scm3_1      | 2022-07-26 06:56:21,867 [pool-16-thread-1] INFO server.RaftServerConfigKeys: raft.server.log.corruption.policy = EXCEPTION (default)
datanode_3  | java.net.ConnectException: Call From c2a935ed29ec/172.18.0.4 to scm2:9861 failed on connection exception: java.net.ConnectException: Connection refused; For more details see:  http://wiki.apache.org/hadoop/ConnectionRefused
datanode_1  | 2022-07-26 06:56:07,540 [EndpointStateMachine task thread for scm3/172.18.0.12:9861 - 0 ] INFO ipc.Client: Retrying connect to server: scm3/172.18.0.12:9861. Already tried 2 time(s); retry policy is RetryUpToMaximumCountWithFixedSleep(maxRetries=15, sleepTime=1000 MILLISECONDS)
s3g_1       | 	at org.jboss.weld.bean.ContextualInstanceStrategy$DefaultContextualInstanceStrategy.get(ContextualInstanceStrategy.java:100)
om3_1       | 2022-07-26 06:57:11,716 [pool-26-thread-1] INFO storage.RaftStorageDirectory: The storage directory /data/metadata/ratis/5cb24680-b9e7-3c90-a862-d66704efc61c does not exist. Creating ...
om3_1       | 2022-07-26 06:57:11,819 [pool-26-thread-1] INFO storage.RaftStorageDirectory: Lock on /data/metadata/ratis/5cb24680-b9e7-3c90-a862-d66704efc61c/in_use.lock acquired by nodename 7@om3
om1_1       | 2022-07-26 06:57:11,425 [pool-26-thread-1] INFO server.RaftServer$Division: om1@group-D66704EFC61C: ConfigurationManager, init=-1: [om1|rpc:om1:9872|priority:0, om3|rpc:om3:9872|priority:0, om2|rpc:om2:9872|priority:0], old=null, confs=<EMPTY_MAP>
recon_1     | 2022-07-26 06:56:07,801 [IPC Server handler 6 on default port 9891] INFO ipc.Server: IPC Server handler 6 on default port 9891 caught an exception
scm1_1      | 2022-07-26 06:55:32,243 [pool-2-thread-1] INFO server.RaftServerConfigKeys: raft.server.retrycache.statistics.expirytime = 100?s (default)
scm2_1      | 2022-07-26 06:56:07,652 [pool-16-thread-1] INFO server.RaftServerConfigKeys: raft.server.log.appender.buffer.byte-limit = 33554432 (custom)
scm3_1      | 2022-07-26 06:56:21,875 [pool-16-thread-1] INFO server.RaftServerConfigKeys: raft.server.storage.free-space.min = 0MB (=0) (default)
om2_1       | 2022-07-26 06:57:22,939 [om2@group-D66704EFC61C-LeaderElection1] INFO impl.LeaderElection: om2@group-D66704EFC61C-LeaderElection1 ELECTION round 0: result REJECTED
datanode_3  | 	at java.base/jdk.internal.reflect.NativeConstructorAccessorImpl.newInstance0(Native Method)
datanode_1  | 2022-07-26 06:56:08,541 [EndpointStateMachine task thread for scm2/172.18.0.2:9861 - 0 ] INFO ipc.Client: Retrying connect to server: scm2/172.18.0.2:9861. Already tried 3 time(s); retry policy is RetryUpToMaximumCountWithFixedSleep(maxRetries=15, sleepTime=1000 MILLISECONDS)
s3g_1       | 	at org.jboss.weld.bean.ContextualInstance.get(ContextualInstance.java:50)
om3_1       | 2022-07-26 06:57:12,083 [pool-26-thread-1] INFO storage.RaftStorage: Storage directory /data/metadata/ratis/5cb24680-b9e7-3c90-a862-d66704efc61c has been successfully formatted.
datanode_2  | 	at org.apache.hadoop.ozone.container.common.states.datanode.RunningDatanodeState.await(RunningDatanodeState.java:239)
om1_1       | 2022-07-26 06:57:11,463 [pool-26-thread-1] INFO server.RaftServerConfigKeys: raft.server.storage.dir = [/data/metadata/ratis] (custom)
recon_1     | java.nio.channels.ClosedChannelException
scm1_1      | 2022-07-26 06:55:32,794 [pool-2-thread-1] INFO server.RaftServerConfigKeys: raft.server.log.appender.install.snapshot.enabled = false (custom)
scm2_1      | 2022-07-26 06:56:07,665 [pool-16-thread-1] INFO server.RaftServerConfigKeys: raft.server.log.statemachine.data.read.timeout = 1000ms (default)
scm3_1      | 2022-07-26 06:56:21,878 [pool-16-thread-1] INFO storage.RaftStorageDirectory: The storage directory /data/metadata/scm-ha/1fc3b451-f948-4597-aa18-b3680766cc7e does not exist. Creating ...
om2_1       | 2022-07-26 06:57:22,949 [grpc-default-executor-1] INFO server.RaftServer$Division: om2@group-D66704EFC61C: receive requestVote(ELECTION, om3, group-D66704EFC61C, 1, (t:0, i:~))
datanode_3  | 	at java.base/jdk.internal.reflect.NativeConstructorAccessorImpl.newInstance(NativeConstructorAccessorImpl.java:62)
datanode_1  | 2022-07-26 06:56:08,541 [EndpointStateMachine task thread for scm3/172.18.0.12:9861 - 0 ] INFO ipc.Client: Retrying connect to server: scm3/172.18.0.12:9861. Already tried 3 time(s); retry policy is RetryUpToMaximumCountWithFixedSleep(maxRetries=15, sleepTime=1000 MILLISECONDS)
s3g_1       | 	at org.jboss.weld.manager.BeanManagerImpl.getReference(BeanManagerImpl.java:785)
om3_1       | 2022-07-26 06:57:12,096 [pool-26-thread-1] INFO server.RaftServerConfigKeys: raft.server.notification.no-leader.timeout = 120s (custom)
datanode_2  | 	at org.apache.hadoop.ozone.container.common.states.datanode.RunningDatanodeState.await(RunningDatanodeState.java:50)
om1_1       | 2022-07-26 06:57:11,517 [pool-26-thread-1] INFO server.RaftServerConfigKeys: raft.server.log.corruption.policy = EXCEPTION (default)
recon_1     | 	at java.base/sun.nio.ch.SocketChannelImpl.ensureOpenAndConnected(SocketChannelImpl.java:180)
scm1_1      | 2022-07-26 06:55:32,840 [pool-2-thread-1] INFO server.RaftServerConfigKeys: raft.server.threadpool.server.cached = true (default)
scm2_1      | 2022-07-26 06:56:07,882 [pool-16-thread-1] INFO server.RaftServerConfigKeys: raft.server.log.segment.size.max = 4194304 (custom)
scm3_1      | 2022-07-26 06:56:21,908 [pool-16-thread-1] INFO storage.RaftStorageDirectory: Lock on /data/metadata/scm-ha/1fc3b451-f948-4597-aa18-b3680766cc7e/in_use.lock acquired by nodename 6@017ac42244a8
om2_1       | 2022-07-26 06:57:22,952 [grpc-default-executor-0] INFO server.RaftServer$Division: om2@group-D66704EFC61C replies to ELECTION vote request: om1<-om2#0:FAIL-t1. Peer's state: om2@group-D66704EFC61C:t1, leader=null, voted=om2, raftlog=om2@group-D66704EFC61C-SegmentedRaftLog:OPENED:c-1, conf=-1: [om1|rpc:om1:9872|priority:0, om3|rpc:om3:9872|priority:0, om2|rpc:om2:9872|priority:0], old=null
datanode_3  | 	at java.base/jdk.internal.reflect.DelegatingConstructorAccessorImpl.newInstance(DelegatingConstructorAccessorImpl.java:45)
datanode_1  | 2022-07-26 06:56:09,542 [EndpointStateMachine task thread for scm2/172.18.0.2:9861 - 0 ] INFO ipc.Client: Retrying connect to server: scm2/172.18.0.2:9861. Already tried 4 time(s); retry policy is RetryUpToMaximumCountWithFixedSleep(maxRetries=15, sleepTime=1000 MILLISECONDS)
s3g_1       | 	at org.jboss.weld.manager.BeanManagerImpl.getInjectableReference(BeanManagerImpl.java:885)
om3_1       | 2022-07-26 06:57:12,138 [pool-26-thread-1] INFO server.RaftServerConfigKeys: raft.server.log.use.memory = false (default)
datanode_2  | 	at org.apache.hadoop.ozone.container.common.statemachine.StateContext.execute(StateContext.java:660)
om1_1       | 2022-07-26 06:57:11,518 [pool-26-thread-1] INFO server.RaftServerConfigKeys: raft.server.storage.free-space.min = 0MB (=0) (default)
recon_1     | 	at java.base/sun.nio.ch.SocketChannelImpl.write(SocketChannelImpl.java:452)
scm1_1      | 2022-07-26 06:55:32,845 [pool-2-thread-1] INFO server.RaftServerConfigKeys: raft.server.threadpool.server.size = 0 (default)
scm2_1      | 2022-07-26 06:56:07,892 [pool-16-thread-1] INFO server.RaftServerConfigKeys: raft.server.log.segment.cache.num.max = 2 (custom)
scm3_1      | 2022-07-26 06:56:21,944 [pool-16-thread-1] INFO storage.RaftStorage: Storage directory /data/metadata/scm-ha/1fc3b451-f948-4597-aa18-b3680766cc7e has been successfully formatted.
om2_1       | 2022-07-26 06:57:22,952 [grpc-default-executor-1] INFO impl.VoteContext: om2@group-D66704EFC61C-CANDIDATE: reject ELECTION from om3: already has voted for om2 at current term 1
datanode_3  | 	at java.base/java.lang.reflect.Constructor.newInstance(Constructor.java:490)
datanode_3  | 	at org.apache.hadoop.net.NetUtils.wrapWithMessage(NetUtils.java:913)
s3g_1       | 	at org.jboss.weld.injection.FieldInjectionPoint.inject(FieldInjectionPoint.java:92)
om3_1       | 2022-07-26 06:57:12,388 [pool-26-thread-1] INFO server.RaftServerConfigKeys: raft.server.log.purge.gap = 1000000 (custom)
datanode_2  | 	at org.apache.hadoop.ozone.container.common.statemachine.DatanodeStateMachine.startStateMachineThread(DatanodeStateMachine.java:298)
om1_1       | 2022-07-26 06:57:11,528 [pool-26-thread-1] INFO storage.RaftStorageDirectory: The storage directory /data/metadata/ratis/5cb24680-b9e7-3c90-a862-d66704efc61c does not exist. Creating ...
recon_1     | 	at org.apache.hadoop.ipc.Server.channelWrite(Server.java:3605)
scm1_1      | 2022-07-26 06:55:32,863 [pool-2-thread-1] INFO server.RaftServerConfigKeys: raft.server.threadpool.client.cached = true (default)
scm2_1      | 2022-07-26 06:56:07,893 [pool-16-thread-1] INFO server.RaftServerConfigKeys: raft.server.log.segment.cache.size.max = 200MB (=209715200) (default)
scm3_1      | 2022-07-26 06:56:21,952 [pool-16-thread-1] INFO server.RaftServerConfigKeys: raft.server.notification.no-leader.timeout = 60s (default)
datanode_3  | 	at org.apache.hadoop.net.NetUtils.wrapException(NetUtils.java:828)
datanode_1  | 2022-07-26 06:56:09,543 [EndpointStateMachine task thread for scm3/172.18.0.12:9861 - 0 ] INFO ipc.Client: Retrying connect to server: scm3/172.18.0.12:9861. Already tried 4 time(s); retry policy is RetryUpToMaximumCountWithFixedSleep(maxRetries=15, sleepTime=1000 MILLISECONDS)
om2_1       | 2022-07-26 06:57:22,952 [grpc-default-executor-1] INFO server.RaftServer$Division: om2@group-D66704EFC61C replies to ELECTION vote request: om3<-om2#0:FAIL-t1. Peer's state: om2@group-D66704EFC61C:t1, leader=null, voted=om2, raftlog=om2@group-D66704EFC61C-SegmentedRaftLog:OPENED:c-1, conf=-1: [om1|rpc:om1:9872|priority:0, om3|rpc:om3:9872|priority:0, om2|rpc:om2:9872|priority:0], old=null
s3g_1       | 	at org.jboss.weld.util.Beans.injectBoundFields(Beans.java:358)
om3_1       | 2022-07-26 06:57:12,388 [pool-26-thread-1] INFO server.RaftServerConfigKeys: raft.server.log.appender.buffer.byte-limit = 33554432 (custom)
datanode_2  | 	at org.apache.hadoop.ozone.container.common.statemachine.DatanodeStateMachine.lambda$startDaemon$0(DatanodeStateMachine.java:493)
om1_1       | 2022-07-26 06:57:11,712 [pool-26-thread-1] INFO storage.RaftStorageDirectory: Lock on /data/metadata/ratis/5cb24680-b9e7-3c90-a862-d66704efc61c/in_use.lock acquired by nodename 7@om1
recon_1     | 	at org.apache.hadoop.ipc.Server.access$1700(Server.java:141)
scm1_1      | 2022-07-26 06:55:32,876 [pool-2-thread-1] INFO server.RaftServerConfigKeys: raft.server.threadpool.client.size = 0 (default)
scm2_1      | 2022-07-26 06:56:07,898 [pool-16-thread-1] INFO segmented.SegmentedRaftLogWorker: new 62bdad2e-d3aa-4f05-afa9-56ca86b3a323@group-B3680766CC7E-SegmentedRaftLogWorker for RaftStorageImpl:Storage Directory /data/metadata/scm-ha/1fc3b451-f948-4597-aa18-b3680766cc7e
scm3_1      | 2022-07-26 06:56:21,954 [pool-16-thread-1] INFO server.RaftServerConfigKeys: raft.server.log.use.memory = false (default)
datanode_3  | 	at org.apache.hadoop.ipc.Client.getRpcResponse(Client.java:1577)
datanode_1  | 2022-07-26 06:56:10,549 [EndpointStateMachine task thread for scm2/172.18.0.2:9861 - 0 ] INFO ipc.Client: Retrying connect to server: scm2/172.18.0.2:9861. Already tried 5 time(s); retry policy is RetryUpToMaximumCountWithFixedSleep(maxRetries=15, sleepTime=1000 MILLISECONDS)
om2_1       | 2022-07-26 06:57:22,969 [om2@group-D66704EFC61C-LeaderElection1] INFO server.RaftServer$Division: om2@group-D66704EFC61C: changes role from CANDIDATE to FOLLOWER at term 1 for REJECTED
s3g_1       | 	at org.jboss.weld.util.Beans.injectFieldsAndInitializers(Beans.java:369)
om3_1       | 2022-07-26 06:57:12,390 [pool-26-thread-1] INFO server.RaftServerConfigKeys: raft.server.log.statemachine.data.read.timeout = 1000ms (default)
datanode_2  | 	at java.base/java.lang.Thread.run(Thread.java:829)
om1_1       | 2022-07-26 06:57:12,078 [pool-26-thread-1] INFO storage.RaftStorage: Storage directory /data/metadata/ratis/5cb24680-b9e7-3c90-a862-d66704efc61c has been successfully formatted.
recon_1     | 	at org.apache.hadoop.ipc.Server$Responder.processResponse(Server.java:1667)
scm1_1      | 2022-07-26 06:55:32,897 [97f64b12-1023-4273-ae97-ac8857755758-impl-thread1] INFO server.RaftServer$Division: 97f64b12-1023-4273-ae97-ac8857755758@group-B3680766CC7E: start as a follower, conf=-1: [97f64b12-1023-4273-ae97-ac8857755758|rpc:scm1:9894|priority:0], old=null
scm2_1      | 2022-07-26 06:56:07,899 [pool-16-thread-1] INFO server.RaftServerConfigKeys: raft.server.log.queue.byte-limit = 64MB (=67108864) (default)
scm3_1      | 2022-07-26 06:56:21,974 [pool-16-thread-1] INFO server.RaftServerConfigKeys: raft.server.log.purge.gap = 1000000 (custom)
datanode_3  | 	at org.apache.hadoop.ipc.Client.call(Client.java:1519)
datanode_1  | 2022-07-26 06:56:10,550 [EndpointStateMachine task thread for scm3/172.18.0.12:9861 - 0 ] INFO ipc.Client: Retrying connect to server: scm3/172.18.0.12:9861. Already tried 5 time(s); retry policy is RetryUpToMaximumCountWithFixedSleep(maxRetries=15, sleepTime=1000 MILLISECONDS)
om2_1       | 2022-07-26 06:57:22,969 [om2@group-D66704EFC61C-LeaderElection1] INFO impl.RoleInfo: om2: shutdown om2@group-D66704EFC61C-LeaderElection1
s3g_1       | 	at org.jboss.weld.injection.producer.ResourceInjector$1.proceed(ResourceInjector.java:70)
om3_1       | 2022-07-26 06:57:12,698 [pool-26-thread-1] INFO server.RaftServerConfigKeys: raft.server.log.segment.size.max = 4194304 (custom)
datanode_2  | Caused by: java.util.concurrent.TimeoutException
om1_1       | 2022-07-26 06:57:12,111 [pool-26-thread-1] INFO server.RaftServerConfigKeys: raft.server.notification.no-leader.timeout = 120s (custom)
recon_1     | 	at org.apache.hadoop.ipc.Server$Responder.doRespond(Server.java:1737)
scm1_1      | 2022-07-26 06:55:32,907 [97f64b12-1023-4273-ae97-ac8857755758-impl-thread1] INFO server.RaftServer$Division: 97f64b12-1023-4273-ae97-ac8857755758@group-B3680766CC7E: changes role from      null to FOLLOWER at term 0 for startAsFollower
scm2_1      | 2022-07-26 06:56:07,899 [pool-16-thread-1] INFO server.RaftServerConfigKeys: raft.server.log.queue.element-limit = 4096 (default)
scm3_1      | 2022-07-26 06:56:21,975 [pool-16-thread-1] INFO server.RaftServerConfigKeys: raft.server.log.appender.buffer.byte-limit = 33554432 (custom)
datanode_3  | 	at org.apache.hadoop.ipc.Client.call(Client.java:1416)
datanode_1  | 2022-07-26 06:56:11,551 [EndpointStateMachine task thread for scm3/172.18.0.12:9861 - 0 ] INFO ipc.Client: Retrying connect to server: scm3/172.18.0.12:9861. Already tried 6 time(s); retry policy is RetryUpToMaximumCountWithFixedSleep(maxRetries=15, sleepTime=1000 MILLISECONDS)
om2_1       | 2022-07-26 06:57:22,970 [om2@group-D66704EFC61C-LeaderElection1] INFO impl.RoleInfo: om2: start om2@group-D66704EFC61C-FollowerState
s3g_1       | 	at org.jboss.weld.injection.InjectionContextImpl.run(InjectionContextImpl.java:48)
om3_1       | 2022-07-26 06:57:12,779 [pool-26-thread-1] INFO server.RaftServerConfigKeys: raft.server.log.segment.cache.num.max = 2 (custom)
datanode_2  | 	at java.base/java.util.concurrent.FutureTask.get(FutureTask.java:204)
om1_1       | 2022-07-26 06:57:12,113 [pool-26-thread-1] INFO server.RaftServerConfigKeys: raft.server.log.use.memory = false (default)
recon_1     | 	at org.apache.hadoop.ipc.Server$Connection.sendResponse(Server.java:2837)
scm1_1      | 2022-07-26 06:55:32,917 [97f64b12-1023-4273-ae97-ac8857755758-impl-thread1] INFO impl.RoleInfo: 97f64b12-1023-4273-ae97-ac8857755758: start 97f64b12-1023-4273-ae97-ac8857755758@group-B3680766CC7E-FollowerState
scm2_1      | 2022-07-26 06:56:07,900 [pool-16-thread-1] INFO server.RaftServerConfigKeys: raft.server.log.segment.size.max = 4194304 (custom)
scm3_1      | 2022-07-26 06:56:21,979 [pool-16-thread-1] INFO server.RaftServerConfigKeys: raft.server.log.statemachine.data.read.timeout = 1000ms (default)
datanode_3  | 	at org.apache.hadoop.ipc.ProtobufRpcEngine$Invoker.invoke(ProtobufRpcEngine.java:236)
datanode_1  | 2022-07-26 06:56:12,552 [EndpointStateMachine task thread for scm3/172.18.0.12:9861 - 0 ] INFO ipc.Client: Retrying connect to server: scm3/172.18.0.12:9861. Already tried 7 time(s); retry policy is RetryUpToMaximumCountWithFixedSleep(maxRetries=15, sleepTime=1000 MILLISECONDS)
om2_1       | 2022-07-26 06:57:28,001 [om2@group-D66704EFC61C-FollowerState] INFO impl.FollowerState: om2@group-D66704EFC61C-FollowerState: change to CANDIDATE, lastRpcElapsedTime:5031696637ns, electionTimeout:5026ms
s3g_1       | 	at org.jboss.weld.injection.producer.ResourceInjector.inject(ResourceInjector.java:72)
om3_1       | 2022-07-26 06:57:12,779 [pool-26-thread-1] INFO server.RaftServerConfigKeys: raft.server.log.segment.cache.size.max = 200MB (=209715200) (default)
datanode_2  | 	at org.apache.hadoop.ozone.container.common.states.datanode.RunningDatanodeState.lambda$execute$0(RunningDatanodeState.java:157)
om1_1       | 2022-07-26 06:57:12,342 [pool-26-thread-1] INFO server.RaftServerConfigKeys: raft.server.log.purge.gap = 1000000 (custom)
recon_1     | 	at org.apache.hadoop.ipc.Server$Connection.access$300(Server.java:1809)
scm1_1      | 2022-07-26 06:55:32,969 [97f64b12-1023-4273-ae97-ac8857755758-impl-thread1] INFO util.JmxRegister: Successfully registered JMX Bean with object name Ratis:service=RaftServer,group=group-B3680766CC7E,id=97f64b12-1023-4273-ae97-ac8857755758
scm2_1      | 2022-07-26 06:56:07,900 [pool-16-thread-1] INFO server.RaftServerConfigKeys: raft.server.log.preallocated.size = 4194304 (custom)
scm3_1      | 2022-07-26 06:56:22,291 [pool-16-thread-1] INFO server.RaftServerConfigKeys: raft.server.log.segment.size.max = 4194304 (custom)
datanode_3  | 	at org.apache.hadoop.ipc.ProtobufRpcEngine$Invoker.invoke(ProtobufRpcEngine.java:123)
datanode_1  | 2022-07-26 06:56:13,555 [EndpointStateMachine task thread for scm3/172.18.0.12:9861 - 0 ] INFO ipc.Client: Retrying connect to server: scm3/172.18.0.12:9861. Already tried 8 time(s); retry policy is RetryUpToMaximumCountWithFixedSleep(maxRetries=15, sleepTime=1000 MILLISECONDS)
om2_1       | 2022-07-26 06:57:28,002 [om2@group-D66704EFC61C-FollowerState] INFO impl.RoleInfo: om2: shutdown om2@group-D66704EFC61C-FollowerState
s3g_1       | 	at org.jboss.weld.injection.producer.BasicInjectionTarget.inject(BasicInjectionTarget.java:117)
om3_1       | 2022-07-26 06:57:12,822 [pool-26-thread-1] INFO segmented.SegmentedRaftLogWorker: new om3@group-D66704EFC61C-SegmentedRaftLogWorker for RaftStorageImpl:Storage Directory /data/metadata/ratis/5cb24680-b9e7-3c90-a862-d66704efc61c
datanode_2  | 	at java.base/java.util.concurrent.FutureTask.run(FutureTask.java:264)
om1_1       | 2022-07-26 06:57:12,354 [pool-26-thread-1] INFO server.RaftServerConfigKeys: raft.server.log.appender.buffer.byte-limit = 33554432 (custom)
recon_1     | 	at org.apache.hadoop.ipc.Server$RpcCall.doResponse(Server.java:1117)
recon_1     | 	at org.apache.hadoop.ipc.Server$Call.doResponse(Server.java:909)
scm2_1      | 2022-07-26 06:56:07,901 [pool-16-thread-1] INFO server.RaftServerConfigKeys: raft.server.log.force.sync.num = 128 (default)
scm3_1      | 2022-07-26 06:56:22,331 [pool-16-thread-1] INFO server.RaftServerConfigKeys: raft.server.log.segment.cache.num.max = 2 (custom)
datanode_3  | 	at com.sun.proxy.$Proxy38.submitRequest(Unknown Source)
datanode_1  | 2022-07-26 06:56:14,557 [EndpointStateMachine task thread for scm3/172.18.0.12:9861 - 0 ] INFO ipc.Client: Retrying connect to server: scm3/172.18.0.12:9861. Already tried 9 time(s); retry policy is RetryUpToMaximumCountWithFixedSleep(maxRetries=15, sleepTime=1000 MILLISECONDS)
om2_1       | 2022-07-26 06:57:28,002 [om2@group-D66704EFC61C-FollowerState] INFO server.RaftServer$Division: om2@group-D66704EFC61C: changes role from  FOLLOWER to CANDIDATE at term 1 for changeToCandidate
s3g_1       | 	at org.glassfish.jersey.ext.cdi1x.internal.CdiComponentProvider$InjectionManagerInjectedCdiTarget.inject(CdiComponentProvider.java:874)
om3_1       | 2022-07-26 06:57:12,839 [pool-26-thread-1] INFO server.RaftServerConfigKeys: raft.server.log.queue.byte-limit = 64MB (=67108864) (default)
datanode_2  | 	at java.base/java.util.concurrent.Executors$RunnableAdapter.call(Executors.java:515)
om1_1       | 2022-07-26 06:57:12,375 [pool-26-thread-1] INFO server.RaftServerConfigKeys: raft.server.log.statemachine.data.read.timeout = 1000ms (default)
recon_1     | 	at org.apache.hadoop.ipc.Server$Call.sendResponse(Server.java:895)
scm1_1      | 2022-07-26 06:55:33,071 [main] INFO server.RaftServer: 97f64b12-1023-4273-ae97-ac8857755758: start RPC server
scm2_1      | 2022-07-26 06:56:07,902 [pool-16-thread-1] INFO server.RaftServerConfigKeys: raft.server.log.statemachine.data.sync = true (default)
scm3_1      | 2022-07-26 06:56:22,332 [pool-16-thread-1] INFO server.RaftServerConfigKeys: raft.server.log.segment.cache.size.max = 200MB (=209715200) (default)
datanode_3  | 	at org.apache.hadoop.ozone.protocolPB.StorageContainerDatanodeProtocolClientSideTranslatorPB.submitRequest(StorageContainerDatanodeProtocolClientSideTranslatorPB.java:117)
datanode_1  | 2022-07-26 06:56:15,546 [EndpointStateMachine task thread for scm2/172.18.0.2:9861 - 0 ] INFO ozoneimpl.OzoneContainer: Ignore. OzoneContainer already started.
om2_1       | 2022-07-26 06:57:28,002 [om2@group-D66704EFC61C-FollowerState] INFO server.RaftServerConfigKeys: raft.server.leaderelection.pre-vote = false (custom)
s3g_1       | 	at org.jboss.weld.bean.ManagedBean.create(ManagedBean.java:159)
om3_1       | 2022-07-26 06:57:12,847 [pool-26-thread-1] INFO server.RaftServerConfigKeys: raft.server.log.queue.element-limit = 4096 (default)
datanode_2  | 	at java.base/java.util.concurrent.FutureTask.run(FutureTask.java:264)
om1_1       | 2022-07-26 06:57:12,593 [pool-26-thread-1] INFO server.RaftServerConfigKeys: raft.server.log.segment.size.max = 4194304 (custom)
recon_1     | 	at org.apache.hadoop.ipc.Server$RpcCall.run(Server.java:1052)
scm1_1      | 2022-07-26 06:55:34,015 [main] INFO server.GrpcService: 97f64b12-1023-4273-ae97-ac8857755758: GrpcService started, listening on 9894
scm2_1      | 2022-07-26 06:56:07,902 [pool-16-thread-1] INFO server.RaftServerConfigKeys: raft.server.log.statemachine.data.sync.timeout = 10s (default)
scm3_1      | 2022-07-26 06:56:22,343 [pool-16-thread-1] INFO segmented.SegmentedRaftLogWorker: new 8e2e4c78-caa2-4bf1-9c41-fd42197cd862@group-B3680766CC7E-SegmentedRaftLogWorker for RaftStorageImpl:Storage Directory /data/metadata/scm-ha/1fc3b451-f948-4597-aa18-b3680766cc7e
datanode_3  | 	at org.apache.hadoop.ozone.protocolPB.StorageContainerDatanodeProtocolClientSideTranslatorPB.getVersion(StorageContainerDatanodeProtocolClientSideTranslatorPB.java:133)
datanode_1  | 2022-07-26 06:56:15,557 [EndpointStateMachine task thread for scm3/172.18.0.12:9861 - 0 ] INFO ipc.Client: Retrying connect to server: scm3/172.18.0.12:9861. Already tried 10 time(s); retry policy is RetryUpToMaximumCountWithFixedSleep(maxRetries=15, sleepTime=1000 MILLISECONDS)
om2_1       | 2022-07-26 06:57:28,003 [om2@group-D66704EFC61C-FollowerState] INFO impl.RoleInfo: om2: start om2@group-D66704EFC61C-LeaderElection2
s3g_1       | 	at org.jboss.weld.context.unbound.DependentContextImpl.get(DependentContextImpl.java:70)
om3_1       | 2022-07-26 06:57:12,849 [pool-26-thread-1] INFO server.RaftServerConfigKeys: raft.server.log.segment.size.max = 4194304 (custom)
datanode_2  | 	at java.base/java.util.concurrent.ThreadPoolExecutor.runWorker(ThreadPoolExecutor.java:1128)
om1_1       | 2022-07-26 06:57:12,677 [pool-26-thread-1] INFO server.RaftServerConfigKeys: raft.server.log.segment.cache.num.max = 2 (custom)
recon_1     | 	at org.apache.hadoop.ipc.Server$RpcCall.run(Server.java:963)
scm1_1      | 2022-07-26 06:55:34,095 [org.apache.ratis.util.JvmPauseMonitor$$Lambda$316/0x000000084026f040@5b970f7] INFO util.JvmPauseMonitor: JvmPauseMonitor-97f64b12-1023-4273-ae97-ac8857755758: Started
scm2_1      | 2022-07-26 06:56:07,902 [pool-16-thread-1] INFO server.RaftServerConfigKeys: raft.server.log.statemachine.data.sync.timeout.retry = -1 (default)
scm3_1      | 2022-07-26 06:56:22,349 [pool-16-thread-1] INFO server.RaftServerConfigKeys: raft.server.log.queue.byte-limit = 64MB (=67108864) (default)
datanode_3  | 	at org.apache.hadoop.ozone.container.common.states.endpoint.VersionEndpointTask.call(VersionEndpointTask.java:69)
datanode_1  | 2022-07-26 06:56:16,558 [EndpointStateMachine task thread for scm3/172.18.0.12:9861 - 0 ] INFO ipc.Client: Retrying connect to server: scm3/172.18.0.12:9861. Already tried 11 time(s); retry policy is RetryUpToMaximumCountWithFixedSleep(maxRetries=15, sleepTime=1000 MILLISECONDS)
om2_1       | 2022-07-26 06:57:28,012 [om2@group-D66704EFC61C-LeaderElection2] INFO impl.LeaderElection: om2@group-D66704EFC61C-LeaderElection2 ELECTION round 0: submit vote requests at term 2 for -1: [om1|rpc:om1:9872|priority:0, om3|rpc:om3:9872|priority:0, om2|rpc:om2:9872|priority:0], old=null
s3g_1       | 	at org.jboss.weld.bean.ContextualInstanceStrategy$DefaultContextualInstanceStrategy.get(ContextualInstanceStrategy.java:100)
om3_1       | 2022-07-26 06:57:12,858 [pool-26-thread-1] INFO server.RaftServerConfigKeys: raft.server.log.preallocated.size = 4194304 (custom)
om3_1       | 2022-07-26 06:57:12,859 [pool-26-thread-1] INFO server.RaftServerConfigKeys: raft.server.log.force.sync.num = 128 (default)
om1_1       | 2022-07-26 06:57:12,691 [pool-26-thread-1] INFO server.RaftServerConfigKeys: raft.server.log.segment.cache.size.max = 200MB (=209715200) (default)
recon_1     | 	at java.base/java.security.AccessController.doPrivileged(Native Method)
scm1_1      | 2022-07-26 06:55:38,171 [97f64b12-1023-4273-ae97-ac8857755758@group-B3680766CC7E-FollowerState] INFO impl.FollowerState: 97f64b12-1023-4273-ae97-ac8857755758@group-B3680766CC7E-FollowerState: change to CANDIDATE, lastRpcElapsedTime:5254888276ns, electionTimeout:5149ms
scm2_1      | 2022-07-26 06:56:07,912 [pool-16-thread-1] INFO server.RaftServerConfigKeys: raft.server.log.write.buffer.size = 64KB (=65536) (default)
scm3_1      | 2022-07-26 06:56:22,354 [pool-16-thread-1] INFO server.RaftServerConfigKeys: raft.server.log.queue.element-limit = 4096 (default)
datanode_3  | 	at org.apache.hadoop.ozone.container.common.states.endpoint.VersionEndpointTask.call(VersionEndpointTask.java:40)
datanode_1  | 2022-07-26 06:56:17,559 [EndpointStateMachine task thread for scm3/172.18.0.12:9861 - 0 ] INFO ipc.Client: Retrying connect to server: scm3/172.18.0.12:9861. Already tried 12 time(s); retry policy is RetryUpToMaximumCountWithFixedSleep(maxRetries=15, sleepTime=1000 MILLISECONDS)
om2_1       | 2022-07-26 06:57:28,040 [om2@group-D66704EFC61C-LeaderElection2] INFO impl.LeaderElection: om2@group-D66704EFC61C-LeaderElection2: ELECTION PASSED received 1 response(s) and 0 exception(s):
