datanode_2  | 2022-07-26 06:56:04,716 [EndpointStateMachine task thread for scm3/172.18.0.12:9861 - 0 ] INFO ipc.Client: Retrying connect to server: scm3/172.18.0.12:9861. Already tried 14 time(s); retry policy is RetryUpToMaximumCountWithFixedSleep(maxRetries=15, sleepTime=1000 MILLISECONDS)
recon_1     | 2022-07-26 06:55:49,391 [Socket Reader #1 for port 9891] INFO ipc.Server: Starting Socket Reader #1 for port 9891
datanode_1  | 	at org.apache.hadoop.net.NetUtils.wrapWithMessage(NetUtils.java:913)
om3_1       | STARTUP_MSG:   build = https://github.com/apache/ozone/72ca001178c8b6f658da7de8fff34a1f956ae404 ; compiled by 'runner' on 2022-07-26T06:40Z
s3g_1       | 2022-07-26 06:55:19,931 [main] INFO server.Server: jetty-9.4.43.v20210629; built: 2021-06-30T11:07:22.254Z; git: 526006ecfa3af7f1a27ef3a288e2bef7ea9dd7e8; jvm 11.0.14.1+1-LTS
datanode_3  | 	at org.apache.hadoop.net.SocketInputStream.read(SocketInputStream.java:161)
scm1_1      | 2022-07-26 06:55:23,775 [main] INFO grpc.GrpcConfigKeys: raft.grpc.server.port = 9894 (custom)
scm3_1      | SHUTDOWN_MSG: Shutting down StorageContainerManager at 017ac42244a8/172.18.0.12
om1_1       | 2022-07-26 06:56:59,919 [main] INFO ha.OMHANodeDetails: Setting configuration key ozone.om.address with value of key ozone.om.address.omservice.om1: om1
om2_1       | 2022-07-26 06:57:13,007 [pool-26-thread-1] INFO server.RaftServerConfigKeys: raft.server.threadpool.server.size = 0 (default)
datanode_2  | 2022-07-26 06:56:04,717 [EndpointStateMachine task thread for scm3/172.18.0.12:9861 - 0 ] WARN statemachine.EndpointStateMachine: Unable to communicate to SCM server at scm3:9861 for past 0 seconds.
scm2_1      | 	at org.apache.hadoop.ipc.Server$RpcCall.run(Server.java:963)
recon_1     | 2022-07-26 06:55:49,577 [Listener at 0.0.0.0/9891] INFO pipeline.PipelineStateManagerImpl: No pipeline exists in current db
datanode_1  | 	at org.apache.hadoop.net.NetUtils.wrapException(NetUtils.java:828)
om3_1       | STARTUP_MSG:   java = 11.0.14.1
s3g_1       | 2022-07-26 06:55:20,156 [main] INFO server.session: DefaultSessionIdManager workerName=node0
datanode_3  | 	at org.apache.hadoop.net.SocketInputStream.read(SocketInputStream.java:131)
scm1_1      | 2022-07-26 06:55:23,779 [main] INFO grpc.GrpcConfigKeys: raft.grpc.server.port = 9894 (custom)
scm3_1      | ************************************************************/
om1_1       | 2022-07-26 06:56:59,945 [main] WARN server.ServerUtils: ozone.om.db.dirs is not configured. We recommend adding this setting. Falling back to ozone.metadata.dirs instead.
om2_1       | 2022-07-26 06:57:13,008 [pool-26-thread-1] INFO server.RaftServerConfigKeys: raft.server.threadpool.client.cached = true (default)
datanode_2  | java.net.ConnectException: Call From 8a4354bd3c81/172.18.0.3 to scm3:9861 failed on connection exception: java.net.ConnectException: Connection refused; For more details see:  http://wiki.apache.org/hadoop/ConnectionRefused
scm2_1      | 	at java.base/java.security.AccessController.doPrivileged(Native Method)
recon_1     | 2022-07-26 06:55:49,851 [Listener at 0.0.0.0/9891] INFO recon.ReconServer: Recon server initialized successfully!
datanode_1  | 	at org.apache.hadoop.ipc.Client.getRpcResponse(Client.java:1577)
om3_1       | ************************************************************/
s3g_1       | 2022-07-26 06:55:20,156 [main] INFO server.session: No SessionScavenger set, using defaults
datanode_3  | 	at java.base/java.io.FilterInputStream.read(FilterInputStream.java:133)
scm1_1      | 2022-07-26 06:55:23,785 [main] INFO server.GrpcService: raft.grpc.message.size.max = 32m (=33554432) (custom)
scm3_1      | No '-XX:...' jvm parameters are set. Adding safer GC settings '-XX:ParallelGCThreads=8 -XX:+UseConcMarkSweepGC -XX:CMSInitiatingOccupancyFraction=70 -XX:+CMSParallelRemarkEnabled' to the OZONE_OPTS
om1_1       | 2022-07-26 06:57:00,146 [main] INFO upgrade.AbstractLayoutVersionManager: Initializing Layout version manager with metadata layout = MULTITENANCY_SCHEMA (version = 3), software layout = MULTITENANCY_SCHEMA (version = 3)
om2_1       | 2022-07-26 06:57:13,024 [pool-26-thread-1] INFO server.RaftServerConfigKeys: raft.server.threadpool.client.size = 0 (default)
datanode_2  | 	at java.base/jdk.internal.reflect.NativeConstructorAccessorImpl.newInstance0(Native Method)
scm2_1      | 	at java.base/javax.security.auth.Subject.doAs(Subject.java:423)
recon_1     | 2022-07-26 06:55:49,851 [Listener at 0.0.0.0/9891] INFO recon.ReconServer: Starting Recon server
datanode_1  | 	at org.apache.hadoop.ipc.Client.call(Client.java:1519)
om3_1       | 2022-07-26 06:56:53,585 [main] INFO om.OzoneManagerStarter: registered UNIX signal handlers for [TERM, HUP, INT]
s3g_1       | 2022-07-26 06:55:20,181 [main] INFO server.session: node0 Scavenging every 600000ms
datanode_3  | 	at java.base/java.io.BufferedInputStream.fill(BufferedInputStream.java:252)
scm1_1      | 2022-07-26 06:55:23,796 [main] INFO server.RaftServerConfigKeys: raft.server.log.appender.buffer.byte-limit = 33554432 (custom)
scm3_1      | OpenJDK 64-Bit Server VM warning: Option UseConcMarkSweepGC was deprecated in version 9.0 and will likely be removed in a future release.
om1_1       | 2022-07-26 06:57:01,468 [main] INFO reflections.Reflections: Reflections took 1042 ms to scan 1 urls, producing 112 keys and 332 values [using 2 cores]
om2_1       | 2022-07-26 06:57:13,746 [main] INFO reflections.Reflections: Reflections took 2924 ms to scan 8 urls, producing 23 keys and 512 values [using 2 cores]
datanode_2  | 	at java.base/jdk.internal.reflect.NativeConstructorAccessorImpl.newInstance(NativeConstructorAccessorImpl.java:62)
scm2_1      | 	at org.apache.hadoop.security.UserGroupInformation.doAs(UserGroupInformation.java:1878)
recon_1     | 2022-07-26 06:55:50,012 [Listener at 0.0.0.0/9891] INFO impl.MetricsConfig: Loaded properties from hadoop-metrics2.properties
recon_1     | 2022-07-26 06:55:50,067 [Listener at 0.0.0.0/9891] INFO impl.MetricsSystemImpl: Scheduled Metric snapshot period at 10 second(s).
om3_1       | 2022-07-26 06:56:58,671 [main] INFO audit.AuditLogger: Refresh DebugCmdSet for OMAudit to [].
s3g_1       | 2022-07-26 06:55:20,273 [main] INFO handler.ContextHandler: Started o.e.j.s.ServletContextHandler@5a5338df{logs,/logs,file:///var/log/hadoop/,AVAILABLE}
scm1_1      | 2022-07-26 06:55:23,845 [main] INFO server.GrpcService: raft.grpc.flow.control.window = 1MB (=1048576) (default)
scm3_1      | 2022-07-26 06:56:19,807 [main] INFO server.StorageContainerManagerStarter: STARTUP_MSG: 
om1_1       | 2022-07-26 06:57:01,548 [main] WARN server.ServerUtils: ozone.om.db.dirs is not configured. We recommend adding this setting. Falling back to ozone.metadata.dirs instead.
om2_1       | 2022-07-26 06:57:14,101 [main] INFO ipc.CallQueueManager: Using callQueue: class java.util.concurrent.LinkedBlockingQueue, queueCapacity: 10000, scheduler: class org.apache.hadoop.ipc.DefaultRpcScheduler, ipcBackoff: false.
datanode_2  | 	at java.base/jdk.internal.reflect.DelegatingConstructorAccessorImpl.newInstance(DelegatingConstructorAccessorImpl.java:45)
scm2_1      | 	at org.apache.hadoop.ipc.Server$Handler.run(Server.java:2966)
recon_1     | 2022-07-26 06:55:50,068 [Listener at 0.0.0.0/9891] INFO impl.MetricsSystemImpl: Recon metrics system started
datanode_1  | 	at org.apache.hadoop.ipc.Client.call(Client.java:1416)
om3_1       | 2022-07-26 06:56:59,951 [main] INFO ha.OMHANodeDetails: ozone.om.internal.service.id is not defined, falling back to ozone.om.service.ids to find serviceID for OzoneManager if it is HA enabled cluster
s3g_1       | 2022-07-26 06:55:20,280 [main] INFO handler.ContextHandler: Started o.e.j.s.ServletContextHandler@75d2da2d{static,/static,jar:file:/opt/hadoop/share/ozone/lib/ozone-s3gateway-1.3.0-SNAPSHOT.jar!/webapps/static,AVAILABLE}
datanode_3  | 	at java.base/java.io.BufferedInputStream.read(BufferedInputStream.java:271)
scm1_1      | 2022-07-26 06:55:23,872 [main] INFO server.RaftServerConfigKeys: raft.server.rpc.request.timeout = 30000ms (custom)
scm3_1      | /************************************************************
om1_1       | 2022-07-26 06:57:02,681 [main] INFO proxy.SCMBlockLocationFailoverProxyProvider: Created block location fail-over proxy with 3 nodes: [nodeId=scm2,nodeAddress=scm2/172.18.0.2:9863, nodeId=scm1,nodeAddress=scm1/172.18.0.11:9863, nodeId=scm3,nodeAddress=scm3/172.18.0.12:9863]
om2_1       | 2022-07-26 06:57:14,126 [Socket Reader #1 for port 9862] INFO ipc.Server: Starting Socket Reader #1 for port 9862
datanode_2  | 	at java.base/java.lang.reflect.Constructor.newInstance(Constructor.java:490)
scm2_1      | , while invoking $Proxy14.send over nodeId=scm1,nodeAddress=scm1/172.18.0.11:9863 after 6 failover attempts. Trying to failover after sleeping for 2000ms.
recon_1     | 2022-07-26 06:55:50,614 [Listener at 0.0.0.0/9891] INFO http.HttpServer2: Jetty bound to port 9888
datanode_1  | 	at org.apache.hadoop.ipc.ProtobufRpcEngine$Invoker.invoke(ProtobufRpcEngine.java:236)
om3_1       | 2022-07-26 06:57:00,228 [main] INFO ha.OMHANodeDetails: Found matching OM address with OMServiceId: omservice, OMNodeId: om3, RPC Address: om3:9862 and Ratis port: 9872
s3g_1       | WARNING: An illegal reflective access operation has occurred
datanode_3  | 	at java.base/java.io.FilterInputStream.read(FilterInputStream.java:83)
scm1_1      | 2022-07-26 06:55:24,230 [main] INFO grpc.GrpcConfigKeys: raft.grpc.server.async.request.thread.pool.cached = true (default)
scm3_1      | STARTUP_MSG: Starting StorageContainerManager
om1_1       | 2022-07-26 06:57:02,795 [main] INFO proxy.SCMBlockLocationFailoverProxyProvider: Created block location fail-over proxy with 3 nodes: [nodeId=scm2,nodeAddress=scm2/172.18.0.2:9863, nodeId=scm1,nodeAddress=scm1/172.18.0.11:9863, nodeId=scm3,nodeAddress=scm3/172.18.0.12:9863]
om2_1       | 2022-07-26 06:57:15,993 [Listener at om2/9862] INFO impl.MetricsConfig: Loaded properties from hadoop-metrics2.properties
datanode_2  | 	at org.apache.hadoop.net.NetUtils.wrapWithMessage(NetUtils.java:913)
scm2_1      | 2022-07-26 06:56:00,506 [main] INFO retry.RetryInvocationHandler: com.google.protobuf.ServiceException: java.net.ConnectException: Call From 47b3ef208b24/172.18.0.2 to scm3:9863 failed on connection exception: java.net.ConnectException: Connection refused; For more details see:  http://wiki.apache.org/hadoop/ConnectionRefused, while invoking $Proxy14.send over nodeId=scm3,nodeAddress=scm3/172.18.0.12:9863 after 7 failover attempts. Trying to failover after sleeping for 2000ms.
recon_1     | 2022-07-26 06:55:50,633 [Listener at 0.0.0.0/9891] INFO server.Server: jetty-9.4.43.v20210629; built: 2021-06-30T11:07:22.254Z; git: 526006ecfa3af7f1a27ef3a288e2bef7ea9dd7e8; jvm 11.0.14.1+1-LTS
datanode_1  | 	at org.apache.hadoop.ipc.ProtobufRpcEngine$Invoker.invoke(ProtobufRpcEngine.java:123)
om3_1       | 2022-07-26 06:57:00,231 [main] INFO ha.OMHANodeDetails: Setting configuration key ozone.om.address with value of key ozone.om.address.omservice.om3: om3
s3g_1       | WARNING: Illegal reflective access by org.jboss.weld.util.reflection.Formats (file:/opt/hadoop/share/ozone/lib/weld-servlet-2.4.7.Final.jar) to constructor com.sun.org.apache.bcel.internal.classfile.ClassParser(java.io.InputStream,java.lang.String)
datanode_3  | 	at java.base/java.io.FilterInputStream.read(FilterInputStream.java:83)
scm1_1      | 2022-07-26 06:55:24,240 [main] INFO grpc.GrpcConfigKeys: raft.grpc.server.async.request.thread.pool.size = 32 (default)
scm3_1      | STARTUP_MSG:   host = 017ac42244a8/172.18.0.12
om1_1       | 2022-07-26 06:57:05,608 [main] WARN server.ServerUtils: ozone.om.db.dirs is not configured. We recommend adding this setting. Falling back to ozone.metadata.dirs instead.
om2_1       | 2022-07-26 06:57:16,052 [Listener at om2/9862] INFO impl.MetricsSystemImpl: Scheduled Metric snapshot period at 10 second(s).
datanode_2  | 	at org.apache.hadoop.net.NetUtils.wrapException(NetUtils.java:828)
scm2_1      | 2022-07-26 06:56:02,641 [main] INFO server.StorageContainerManager: SCM BootStrap  is successful for ClusterID CID-1fc3b451-f948-4597-aa18-b3680766cc7e, SCMID 62bdad2e-d3aa-4f05-afa9-56ca86b3a323
recon_1     | 2022-07-26 06:55:50,726 [Listener at 0.0.0.0/9891] INFO server.session: DefaultSessionIdManager workerName=node0
datanode_1  | 	at com.sun.proxy.$Proxy38.submitRequest(Unknown Source)
om3_1       | 2022-07-26 06:57:00,253 [main] WARN server.ServerUtils: ozone.om.db.dirs is not configured. We recommend adding this setting. Falling back to ozone.metadata.dirs instead.
s3g_1       | WARNING: Please consider reporting this to the maintainers of org.jboss.weld.util.reflection.Formats
datanode_3  | 	at org.apache.hadoop.ipc.Client$Connection$PingInputStream.read(Client.java:563)
scm1_1      | 2022-07-26 06:55:28,042 [main] INFO impl.DataStreamServerImpl: raft.datastream.type = DISABLED (default)
scm3_1      | STARTUP_MSG:   args = []
om1_1       | 2022-07-26 06:57:06,292 [main] INFO codec.OmKeyInfoCodec: OmKeyInfoCodec ignorePipeline = true
om2_1       | 2022-07-26 06:57:16,053 [Listener at om2/9862] INFO impl.MetricsSystemImpl: OzoneManager metrics system started
datanode_2  | 	at org.apache.hadoop.ipc.Client.getRpcResponse(Client.java:1577)
scm2_1      | 2022-07-26 06:56:02,644 [main] INFO server.StorageContainerManager: Primary SCM Node ID 97f64b12-1023-4273-ae97-ac8857755758
recon_1     | 2022-07-26 06:55:50,726 [Listener at 0.0.0.0/9891] INFO server.session: No SessionScavenger set, using defaults
datanode_1  | 	at org.apache.hadoop.ozone.protocolPB.StorageContainerDatanodeProtocolClientSideTranslatorPB.submitRequest(StorageContainerDatanodeProtocolClientSideTranslatorPB.java:117)
om3_1       | 2022-07-26 06:57:00,375 [main] INFO upgrade.AbstractLayoutVersionManager: Initializing Layout version manager with metadata layout = MULTITENANCY_SCHEMA (version = 3), software layout = MULTITENANCY_SCHEMA (version = 3)
s3g_1       | WARNING: Use --illegal-access=warn to enable warnings of further illegal reflective access operations
datanode_3  | 	at java.base/java.io.DataInputStream.readInt(DataInputStream.java:392)
datanode_3  | 	at org.apache.hadoop.ipc.Client$IpcStreams.readResponse(Client.java:1892)
scm3_1      | STARTUP_MSG:   version = 1.3.0-SNAPSHOT
om1_1       | 2022-07-26 06:57:06,292 [main] INFO codec.RepeatedOmKeyInfoCodec: RepeatedOmKeyInfoCodec ignorePipeline = true
om2_1       | 2022-07-26 06:57:16,250 [Listener at om2/9862] INFO om.OzoneManager: OzoneManager RPC server is listening at om2/172.18.0.5:9862
datanode_2  | 	at org.apache.hadoop.ipc.Client.call(Client.java:1519)
scm2_1      | 2022-07-26 06:56:02,668 [shutdown-hook-0] INFO server.StorageContainerManagerStarter: SHUTDOWN_MSG: 
recon_1     | 2022-07-26 06:55:50,728 [Listener at 0.0.0.0/9891] INFO server.session: node0 Scavenging every 600000ms
datanode_1  | 	at org.apache.hadoop.ozone.protocolPB.StorageContainerDatanodeProtocolClientSideTranslatorPB.getVersion(StorageContainerDatanodeProtocolClientSideTranslatorPB.java:133)
om3_1       | 2022-07-26 06:57:01,610 [main] INFO reflections.Reflections: Reflections took 1006 ms to scan 1 urls, producing 112 keys and 332 values [using 2 cores]
om3_1       | 2022-07-26 06:57:01,682 [main] WARN server.ServerUtils: ozone.om.db.dirs is not configured. We recommend adding this setting. Falling back to ozone.metadata.dirs instead.
datanode_3  | 	at org.apache.hadoop.ipc.Client$Connection.receiveRpcResponse(Client.java:1202)
scm1_1      | 2022-07-26 06:55:28,142 [main] INFO server.RaftServerConfigKeys: raft.server.threadpool.proxy.cached = true (default)
om1_1       | 2022-07-26 06:57:06,860 [main] INFO om.OzoneManager: S3 Multi-Tenancy is disabled
om2_1       | 2022-07-26 06:57:16,255 [Listener at om2/9862] INFO ratis.OzoneManagerRatisServer: Starting OzoneManagerRatisServer om2 at port 9872
scm3_1      | STARTUP_MSG:   classpath = /etc/hadoop:/opt/hadoop/share/ozone/lib/kerb-simplekdc-1.0.1.jar:/opt/hadoop/share/ozone/lib/slf4j-log4j12-1.7.30.jar:/opt/hadoop/share/ozone/lib/protobuf-java-2.5.0.jar:/opt/hadoop/share/ozone/lib/jaxb-core-2.3.0.1.jar:/opt/hadoop/share/ozone/lib/istack-commons-runtime-3.0.5.jar:/opt/hadoop/share/ozone/lib/netty-handler-4.1.79.Final.jar:/opt/hadoop/share/ozone/lib/commons-validator-1.6.jar:/opt/hadoop/share/ozone/lib/bcpkix-jdk15on-1.67.jar:/opt/hadoop/share/ozone/lib/hdds-interface-admin-1.3.0-SNAPSHOT.jar:/opt/hadoop/share/ozone/lib/jackson-annotations-2.13.2.jar:/opt/hadoop/share/ozone/lib/jetty-security-9.4.43.v20210629.jar:/opt/hadoop/share/ozone/lib/kerb-core-1.0.1.jar:/opt/hadoop/share/ozone/lib/hadoop-shaded-protobuf_3_7-1.1.1.jar:/opt/hadoop/share/ozone/lib/netty-common-4.1.79.Final.jar:/opt/hadoop/share/ozone/lib/ozone-annotation-processing-1.3.0-SNAPSHOT.jar:/opt/hadoop/share/ozone/lib/hdds-container-service-1.3.0-SNAPSHOT.jar:/opt/hadoop/share/ozone/lib/okhttp-4.9.0.jar:/opt/hadoop/share/ozone/lib/jsr305-3.0.0.jar:/opt/hadoop/share/ozone/lib/j2objc-annotations-1.3.jar:/opt/hadoop/share/ozone/lib/picocli-4.6.1.jar:/opt/hadoop/share/ozone/lib/jackson-datatype-jsr310-2.13.2.jar:/opt/hadoop/share/ozone/lib/javassist-3.21.0-GA.jar:/opt/hadoop/share/ozone/lib/jaxb-api-2.3.0.jar:/opt/hadoop/share/ozone/lib/htrace-core4-4.1.0-incubating.jar:/opt/hadoop/share/ozone/lib/kerb-util-1.0.1.jar:/opt/hadoop/share/ozone/lib/hadoop-shaded-guava-1.1.1.jar:/opt/hadoop/share/ozone/lib/ratis-metrics-2.3.0.jar:/opt/hadoop/share/ozone/lib/kotlin-stdlib-1.6.21.jar:/opt/hadoop/share/ozone/lib/log4j-core-2.17.1.jar:/opt/hadoop/share/ozone/lib/commons-logging-1.2.jar:/opt/hadoop/share/ozone/lib/accessors-smart-2.4.7.jar:/opt/hadoop/share/ozone/lib/kerby-xdr-1.0.1.jar:/opt/hadoop/share/ozone/lib/txw2-2.3.0.1.jar:/opt/hadoop/share/ozone/lib/httpcore-4.4.13.jar:/opt/hadoop/share/ozone/lib/guava-31.1-jre.jar:/opt/hadoop/share/ozone/lib/opentracing-tracerresolver-0.1.8.jar:/opt/hadoop/share/ozone/lib/commons-net-3.6.jar:/opt/hadoop/share/ozone/lib/netty-transport-4.1.79.Final.jar:/opt/hadoop/share/ozone/lib/rocksdbjni-6.29.5.jar:/opt/hadoop/share/ozone/lib/libthrift-0.14.1.jar:/opt/hadoop/share/ozone/lib/snakeyaml-1.26.jar:/opt/hadoop/share/ozone/lib/stax-ex-1.7.8.jar:/opt/hadoop/share/ozone/lib/error_prone_annotations-2.2.0.jar:/opt/hadoop/share/ozone/lib/httpclient-4.5.13.jar:/opt/hadoop/share/ozone/lib/jetty-servlet-9.4.43.v20210629.jar:/opt/hadoop/share/ozone/lib/ratis-common-2.3.0.jar:/opt/hadoop/share/ozone/lib/jaeger-client-1.6.0.jar:/opt/hadoop/share/ozone/lib/kerby-config-1.0.1.jar:/opt/hadoop/share/ozone/lib/commons-io-2.11.0.jar:/opt/hadoop/share/ozone/lib/metrics-core-3.2.4.jar:/opt/hadoop/share/ozone/lib/kerby-pkix-1.0.1.jar:/opt/hadoop/share/ozone/lib/json-smart-2.4.7.jar:/opt/hadoop/share/ozone/lib/hdds-interface-client-1.3.0-SNAPSHOT.jar:/opt/hadoop/share/ozone/lib/ratis-grpc-2.3.0.jar:/opt/hadoop/share/ozone/lib/jsr311-api-1.1.1.jar:/opt/hadoop/share/ozone/lib/commons-beanutils-1.9.4.jar:/opt/hadoop/share/ozone/lib/jetty-webapp-9.4.43.v20210629.jar:/opt/hadoop/share/ozone/lib/jackson-core-2.13.2.jar:/opt/hadoop/share/ozone/lib/hdds-server-framework-1.3.0-SNAPSHOT.jar:/opt/hadoop/share/ozone/lib/javax.servlet-api-3.1.0.jar:/opt/hadoop/share/ozone/lib/kerb-server-1.0.1.jar:/opt/hadoop/share/ozone/lib/hdds-common-1.3.0-SNAPSHOT.jar:/opt/hadoop/share/ozone/lib/kerb-client-1.0.1.jar:/opt/hadoop/share/ozone/lib/disruptor-3.4.2.jar:/opt/hadoop/share/ozone/lib/reflections-0.9.11.jar:/opt/hadoop/share/ozone/lib/gson-2.9.0.jar:/opt/hadoop/share/ozone/lib/hdds-erasurecode-1.3.0-SNAPSHOT.jar:/opt/hadoop/share/ozone/lib/jetty-io-9.4.43.v20210629.jar:/opt/hadoop/share/ozone/lib/hdds-interface-server-1.3.0-SNAPSHOT.jar:/opt/hadoop/share/ozone/lib/hadoop-hdfs-3.3.1.jar:/opt/hadoop/share/ozone/lib/ratis-proto-2.3.0.jar:/opt/hadoop/share/ozone/lib/annotations-13.0.jar:/opt/hadoop/share/ozone/lib/jetty-server-9.4.43.v20210629.jar:/opt/hadoop/share/ozone/lib/simpleclient_common-0.7.0.jar:/opt/hadoop/share/ozone/lib/jaeger-thrift-1.6.0.jar:/opt/hadoop/share/ozone/lib/hadoop-common-3.3.1.jar:/opt/hadoop/share/ozone/lib/dnsjava-2.1.7.jar:/opt/hadoop/share/ozone/lib/bcprov-jdk15on-1.67.jar:/opt/hadoop/share/ozone/lib/commons-configuration2-2.1.1.jar:/opt/hadoop/share/ozone/lib/token-provider-1.0.1.jar:/opt/hadoop/share/ozone/lib/log4j-1.2.17.jar:/opt/hadoop/share/ozone/lib/commons-daemon-1.0.13.jar:/opt/hadoop/share/ozone/lib/listenablefuture-9999.0-empty-to-avoid-conflict-with-guava.jar:/opt/hadoop/share/ozone/lib/netty-buffer-4.1.79.Final.jar:/opt/hadoop/share/ozone/lib/jaeger-tracerresolver-1.6.0.jar:/opt/hadoop/share/ozone/lib/jetty-xml-9.4.43.v20210629.jar:/opt/hadoop/share/ozone/lib/commons-lang3-3.7.jar:/opt/hadoop/share/ozone/lib/ratis-netty-2.3.0.jar:/opt/hadoop/share/ozone/lib/re2j-1.1.jar:/opt/hadoop/share/ozone/lib/commons-math3-3.1.1.jar:/opt/hadoop/share/ozone/lib/simpleclient_dropwizard-0.7.0.jar:/opt/hadoop/share/ozone/lib/jackson-databind-2.13.2.2.jar:/opt/hadoop/share/ozone/lib/simpleclient-0.7.0.jar:/opt/hadoop/share/ozone/lib/asm-5.0.4.jar:/opt/hadoop/share/ozone/lib/kerby-util-1.0.1.jar:/opt/hadoop/share/ozone/lib/netty-codec-4.1.79.Final.jar:/opt/hadoop/share/ozone/lib/failureaccess-1.0.1.jar:/opt/hadoop/share/ozone/lib/okio-2.8.0.jar:/opt/hadoop/share/ozone/lib/hdds-config-1.3.0-SNAPSHOT.jar:/opt/hadoop/share/ozone/lib/jsp-api-2.1.jar:/opt/hadoop/share/ozone/lib/jsch-0.1.54.jar:/opt/hadoop/share/ozone/lib/jetty-http-9.4.43.v20210629.jar:/opt/hadoop/share/ozone/lib/jakarta.activation-api-1.2.1.jar:/opt/hadoop/share/ozone/lib/slf4j-api-1.7.30.jar:/opt/hadoop/share/ozone/lib/hadoop-hdfs-client-3.3.1.jar:/opt/hadoop/share/ozone/lib/nimbus-jose-jwt-7.9.jar:/opt/hadoop/share/ozone/lib/commons-codec-1.11.jar:/opt/hadoop/share/ozone/lib/commons-pool2-2.6.0.jar:/opt/hadoop/share/ozone/lib/netty-resolver-4.1.79.Final.jar:/opt/hadoop/share/ozone/lib/jetty-util-9.4.43.v20210629.jar:/opt/hadoop/share/ozone/lib/opentracing-api-0.33.0.jar:/opt/hadoop/share/ozone/lib/jetty-util-ajax-9.4.43.v20210629.jar:/opt/hadoop/share/ozone/lib/jcip-annotations-1.0-1.jar:/opt/hadoop/share/ozone/lib/kerb-admin-1.0.1.jar:/opt/hadoop/share/ozone/lib/ratis-thirdparty-misc-1.0.0.jar:/opt/hadoop/share/ozone/lib/kotlin-stdlib-common-1.6.21.jar:/opt/hadoop/share/ozone/lib/opentracing-noop-0.33.0.jar:/opt/hadoop/share/ozone/lib/netty-transport-native-unix-common-4.1.79.Final.jar:/opt/hadoop/share/ozone/lib/jersey-core-1.19.jar:/opt/hadoop/share/ozone/lib/commons-compress-1.21.jar:/opt/hadoop/share/ozone/lib/jaxb-runtime-2.3.0.1.jar:/opt/hadoop/share/ozone/lib/ratis-server-api-2.3.0.jar:/opt/hadoop/share/ozone/lib/opentracing-util-0.33.0.jar:/opt/hadoop/share/ozone/lib/hdds-client-1.3.0-SNAPSHOT.jar:/opt/hadoop/share/ozone/lib/hdds-hadoop-dependency-client-1.3.0-SNAPSHOT.jar:/opt/hadoop/share/ozone/lib/snappy-java-1.1.8.2.jar:/opt/hadoop/share/ozone/lib/commons-cli-1.2.jar:/opt/hadoop/share/ozone/lib/ratis-server-2.3.0.jar:/opt/hadoop/share/ozone/lib/log4j-api-2.17.1.jar:/opt/hadoop/share/ozone/lib/woodstox-core-5.0.3.jar:/opt/hadoop/share/ozone/lib/javax.annotation-api-1.2.jar:/opt/hadoop/share/ozone/lib/kerby-asn1-1.0.1.jar:/opt/hadoop/share/ozone/lib/hadoop-annotations-3.3.1.jar:/opt/hadoop/share/ozone/lib/checker-qual-3.12.0.jar:/opt/hadoop/share/ozone/lib/stax2-api-3.1.4.jar:/opt/hadoop/share/ozone/lib/commons-digester-1.8.1.jar:/opt/hadoop/share/ozone/lib/commons-collections-3.2.2.jar:/opt/hadoop/share/ozone/lib/jaeger-core-1.6.0.jar:/opt/hadoop/share/ozone/lib/commons-text-1.4.jar:/opt/hadoop/share/ozone/lib/jersey-servlet-1.19.jar:/opt/hadoop/share/ozone/lib/hadoop-auth-3.3.1.jar:/opt/hadoop/share/ozone/lib/kerb-identity-1.0.1.jar:/opt/hadoop/share/ozone/lib/FastInfoset-1.2.13.jar:/opt/hadoop/share/ozone/lib/ratis-client-2.3.0.jar:/opt/hadoop/share/ozone/lib/kerb-common-1.0.1.jar:/opt/hadoop/share/ozone/lib/jersey-server-1.19.jar:/opt/hadoop/share/ozone/lib/hdds-hadoop-dependency-server-1.3.0-SNAPSHOT.jar:/opt/hadoop/share/ozone/lib/kerb-crypto-1.0.1.jar:/opt/hadoop/share/ozone/web:/opt/hadoop/share/ozone/lib/hdds-server-scm-1.3.0-SNAPSHOT.jar
datanode_2  | 	at org.apache.hadoop.ipc.Client.call(Client.java:1416)
scm2_1      | /************************************************************
recon_1     | 2022-07-26 06:55:50,754 [Listener at 0.0.0.0/9891] INFO handler.ContextHandler: Started o.e.j.s.ServletContextHandler@6eb089e6{logs,/logs,file:///var/log/hadoop/,AVAILABLE}
datanode_1  | 	at org.apache.hadoop.ozone.container.common.states.endpoint.VersionEndpointTask.call(VersionEndpointTask.java:69)
om3_1       | 2022-07-26 06:57:02,769 [main] INFO proxy.SCMBlockLocationFailoverProxyProvider: Created block location fail-over proxy with 3 nodes: [nodeId=scm2,nodeAddress=scm2/172.18.0.2:9863, nodeId=scm1,nodeAddress=scm1/172.18.0.11:9863, nodeId=scm3,nodeAddress=scm3/172.18.0.12:9863]
s3g_1       | WARNING: All illegal access operations will be denied in a future release
datanode_3  | 	at org.apache.hadoop.ipc.Client$Connection.run(Client.java:1098)
scm1_1      | 2022-07-26 06:55:28,154 [main] INFO server.RaftServerConfigKeys: raft.server.threadpool.proxy.size = 0 (default)
om1_1       | 2022-07-26 06:57:07,081 [main] INFO om.OzoneManager: Created Volume s3v With Owner hadoop required for S3Gateway operations.
om2_1       | 2022-07-26 06:57:16,261 [om2-impl-thread1] INFO server.RaftServer$Division: om2@group-D66704EFC61C: start as a follower, conf=-1: [om1|rpc:om1:9872|priority:0, om3|rpc:om3:9872|priority:0, om2|rpc:om2:9872|priority:0], old=null
scm3_1      | STARTUP_MSG:   build = https://github.com/apache/ozone/72ca001178c8b6f658da7de8fff34a1f956ae404 ; compiled by 'runner' on 2022-07-26T06:39Z
datanode_2  | 	at org.apache.hadoop.ipc.ProtobufRpcEngine$Invoker.invoke(ProtobufRpcEngine.java:236)
scm2_1      | SHUTDOWN_MSG: Shutting down StorageContainerManager at 47b3ef208b24/172.18.0.2
recon_1     | 2022-07-26 06:55:50,755 [Listener at 0.0.0.0/9891] INFO handler.ContextHandler: Started o.e.j.s.ServletContextHandler@11dcd42c{static,/static,jar:file:/opt/hadoop/share/ozone/lib/ozone-recon-1.3.0-SNAPSHOT.jar!/webapps/static,AVAILABLE}
datanode_1  | 	at org.apache.hadoop.ozone.container.common.states.endpoint.VersionEndpointTask.call(VersionEndpointTask.java:40)
om3_1       | 2022-07-26 06:57:02,892 [main] INFO proxy.SCMBlockLocationFailoverProxyProvider: Created block location fail-over proxy with 3 nodes: [nodeId=scm2,nodeAddress=scm2/172.18.0.2:9863, nodeId=scm1,nodeAddress=scm1/172.18.0.11:9863, nodeId=scm3,nodeAddress=scm3/172.18.0.12:9863]
s3g_1       | Jul 26, 2022 6:55:45 AM org.glassfish.jersey.internal.Errors logErrors
datanode_3  | 2022-07-26 06:56:02,216 [EndpointStateMachine task thread for scm1/172.18.0.11:9861 - 0 ] INFO volume.HddsVolume: SchemaV3 db is created and loaded at /data/hdds/hdds/CID-1fc3b451-f948-4597-aa18-b3680766cc7e/DS-acebc208-197f-4267-8c96-1cf4000825e5/container.db for volume DS-acebc208-197f-4267-8c96-1cf4000825e5
scm1_1      | 2022-07-26 06:55:28,179 [main] INFO server.RaftServerConfigKeys: raft.server.rpc.slowness.timeout = 120000ms (custom)
scm1_1      | 2022-07-26 06:55:28,191 [main] INFO server.RaftServerConfigKeys: raft.server.leaderelection.leader.step-down.wait-time = 10s (default)
om2_1       | 2022-07-26 06:57:16,265 [om2-impl-thread1] INFO server.RaftServer$Division: om2@group-D66704EFC61C: changes role from      null to FOLLOWER at term 0 for startAsFollower
scm3_1      | STARTUP_MSG:   java = 11.0.14.1
datanode_2  | 	at org.apache.hadoop.ipc.ProtobufRpcEngine$Invoker.invoke(ProtobufRpcEngine.java:123)
scm2_1      | ************************************************************/
recon_1     | 2022-07-26 06:55:54,215 [Listener at 0.0.0.0/9891] INFO handler.ContextHandler: Started o.e.j.w.WebAppContext@44a0e68f{recon,/,file:///tmp/jetty-0_0_0_0-9888-ozone-recon-1_3_0-SNAPSHOT_jar-_-any-18051373827747832831/webapp/,AVAILABLE}{jar:file:/opt/hadoop/share/ozone/lib/ozone-recon-1.3.0-SNAPSHOT.jar!/webapps/recon}
datanode_1  | 	at java.base/java.util.concurrent.FutureTask.run(FutureTask.java:264)
om3_1       | 2022-07-26 06:57:06,026 [main] WARN server.ServerUtils: ozone.om.db.dirs is not configured. We recommend adding this setting. Falling back to ozone.metadata.dirs instead.
s3g_1       | WARNING: The following warnings have been detected: WARNING: A HTTP GET method, public javax.ws.rs.core.Response org.apache.hadoop.ozone.s3.endpoint.ObjectEndpoint.get(java.lang.String,java.lang.String,java.lang.String,int,java.lang.String,java.io.InputStream) throws java.io.IOException,org.apache.hadoop.ozone.s3.exception.OS3Exception, should not consume any entity.
datanode_3  | 2022-07-26 06:56:02,223 [EndpointStateMachine task thread for scm1/172.18.0.11:9861 - 0 ] INFO volume.HddsVolume: SchemaV3 db is stopped at /data/hdds/hdds/CID-1fc3b451-f948-4597-aa18-b3680766cc7e/DS-acebc208-197f-4267-8c96-1cf4000825e5/container.db for volume DS-acebc208-197f-4267-8c96-1cf4000825e5
om1_1       | 2022-07-26 06:57:07,228 [main] WARN server.ServerUtils: Storage directory for Ratis is not configured. It is a good idea to map this to an SSD disk. Falling back to ozone.metadata.dirs
scm1_1      | 2022-07-26 06:55:28,299 [main] INFO server.RaftServerConfigKeys: raft.server.storage.dir = [/data/metadata/scm-ha] (custom)
om2_1       | 2022-07-26 06:57:16,266 [om2-impl-thread1] INFO impl.RoleInfo: om2: start om2@group-D66704EFC61C-FollowerState
scm3_1      | ************************************************************/
datanode_2  | 	at com.sun.proxy.$Proxy38.submitRequest(Unknown Source)
recon_1     | 2022-07-26 06:55:54,273 [Listener at 0.0.0.0/9891] INFO server.AbstractConnector: Started ServerConnector@2da81754{HTTP/1.1, (http/1.1)}{0.0.0.0:9888}
scm2_1      | No '-XX:...' jvm parameters are set. Adding safer GC settings '-XX:ParallelGCThreads=8 -XX:+UseConcMarkSweepGC -XX:CMSInitiatingOccupancyFraction=70 -XX:+CMSParallelRemarkEnabled' to the OZONE_OPTS
datanode_1  | 	at java.base/java.util.concurrent.ThreadPoolExecutor.runWorker(ThreadPoolExecutor.java:1128)
om3_1       | 2022-07-26 06:57:06,489 [main] INFO codec.OmKeyInfoCodec: OmKeyInfoCodec ignorePipeline = true
s3g_1       | 
datanode_3  | 2022-07-26 06:56:02,227 [EndpointStateMachine task thread for scm1/172.18.0.11:9861 - 0 ] INFO ozoneimpl.OzoneContainer: Attempting to start container services.
om1_1       | 2022-07-26 06:57:07,230 [main] WARN utils.OzoneManagerRatisUtils: ozone.om.ratis.snapshot.dir is not configured. Falling back to ozone.metadata.dirs config
scm1_1      | 2022-07-26 06:55:28,445 [main] INFO server.RaftServer: 97f64b12-1023-4273-ae97-ac8857755758: addNew group-B3680766CC7E:[97f64b12-1023-4273-ae97-ac8857755758|rpc:scm1:9894|priority:0] returns group-B3680766CC7E:java.util.concurrent.CompletableFuture@4052274f[Not completed]
scm3_1      | 2022-07-26 06:56:19,814 [main] INFO server.StorageContainerManagerStarter: registered UNIX signal handlers for [TERM, HUP, INT]
om2_1       | 2022-07-26 06:57:16,273 [om2-impl-thread1] INFO util.JmxRegister: Successfully registered JMX Bean with object name Ratis:service=RaftServer,group=group-D66704EFC61C,id=om2
datanode_2  | 	at org.apache.hadoop.ozone.protocolPB.StorageContainerDatanodeProtocolClientSideTranslatorPB.submitRequest(StorageContainerDatanodeProtocolClientSideTranslatorPB.java:117)
datanode_2  | 	at org.apache.hadoop.ozone.protocolPB.StorageContainerDatanodeProtocolClientSideTranslatorPB.getVersion(StorageContainerDatanodeProtocolClientSideTranslatorPB.java:133)
scm2_1      | OpenJDK 64-Bit Server VM warning: Option UseConcMarkSweepGC was deprecated in version 9.0 and will likely be removed in a future release.
datanode_1  | 	at java.base/java.util.concurrent.ThreadPoolExecutor$Worker.run(ThreadPoolExecutor.java:628)
om3_1       | 2022-07-26 06:57:06,497 [main] INFO codec.RepeatedOmKeyInfoCodec: RepeatedOmKeyInfoCodec ignorePipeline = true
s3g_1       | 2022-07-26 06:55:45,288 [main] INFO handler.ContextHandler: Started o.e.j.w.WebAppContext@31228d83{s3gateway,/,file:///tmp/jetty-0_0_0_0-9878-ozone-s3gateway-1_3_0-SNAPSHOT_jar-_-any-5517240193005731164/webapp/,AVAILABLE}{jar:file:/opt/hadoop/share/ozone/lib/ozone-s3gateway-1.3.0-SNAPSHOT.jar!/webapps/s3gateway}
datanode_3  | 2022-07-26 06:56:02,229 [EndpointStateMachine task thread for scm1/172.18.0.11:9861 - 0 ] INFO ozoneimpl.OzoneContainer: Background container scanner has been disabled.
om1_1       | 2022-07-26 06:57:07,277 [main] INFO snapshot.OzoneManagerSnapshotProvider: Initializing OM Snapshot Provider
scm1_1      | 2022-07-26 06:55:28,716 [pool-2-thread-1] INFO server.RaftServer$Division: 97f64b12-1023-4273-ae97-ac8857755758: new RaftServerImpl for group-B3680766CC7E:[97f64b12-1023-4273-ae97-ac8857755758|rpc:scm1:9894|priority:0] with SCMStateMachine:uninitialized
scm3_1      | 2022-07-26 06:56:19,848 [main] WARN server.ServerUtils: ozone.scm.db.dirs is not configured. We recommend adding this setting. Falling back to ozone.metadata.dirs instead.
om2_1       | 2022-07-26 06:57:16,280 [Listener at om2/9862] INFO server.RaftServer: om2: start RPC server
datanode_2  | 	at org.apache.hadoop.ozone.container.common.states.endpoint.VersionEndpointTask.call(VersionEndpointTask.java:69)
recon_1     | 2022-07-26 06:55:54,273 [Listener at 0.0.0.0/9891] INFO server.Server: Started @44430ms
recon_1     | 2022-07-26 06:55:54,282 [Listener at 0.0.0.0/9891] INFO impl.MetricsSinkAdapter: Sink prometheus started
datanode_1  | 	at java.base/java.lang.Thread.run(Thread.java:829)
om3_1       | 2022-07-26 06:57:07,173 [main] INFO om.OzoneManager: S3 Multi-Tenancy is disabled
s3g_1       | 2022-07-26 06:55:45,326 [main] INFO server.AbstractConnector: Started ServerConnector@7e5c856f{HTTP/1.1, (http/1.1)}{0.0.0.0:9878}
datanode_3  | 2022-07-26 06:56:02,626 [EndpointStateMachine task thread for scm1/172.18.0.11:9861 - 0 ] INFO ratis.XceiverServerRatis: Starting XceiverServerRatis f186931b-71d3-45df-99c4-c2bf78158436
om1_1       | 2022-07-26 06:57:08,034 [main] INFO metrics.MetricRegistries: Loaded MetricRegistries class org.apache.ratis.metrics.impl.MetricRegistriesImpl
scm1_1      | 2022-07-26 06:55:28,791 [pool-2-thread-1] INFO server.RaftServerConfigKeys: raft.server.rpc.timeout.min = 5000ms (custom)
scm3_1      | 2022-07-26 06:56:19,888 [main] INFO ha.SCMHANodeDetails: ServiceID for StorageContainerManager is null
om2_1       | 2022-07-26 06:57:16,580 [Listener at om2/9862] INFO server.GrpcService: om2: GrpcService started, listening on 9872
datanode_2  | 	at org.apache.hadoop.ozone.container.common.states.endpoint.VersionEndpointTask.call(VersionEndpointTask.java:40)
scm2_1      | 2022-07-26 06:56:04,549 [main] INFO server.StorageContainerManagerStarter: STARTUP_MSG: 
recon_1     | 2022-07-26 06:55:54,282 [Listener at 0.0.0.0/9891] INFO impl.MetricsSystemImpl: Registered sink prometheus
datanode_1  | Caused by: java.net.ConnectException: Connection refused
om3_1       | 2022-07-26 06:57:07,505 [main] INFO om.OzoneManager: Created Volume s3v With Owner hadoop required for S3Gateway operations.
s3g_1       | 2022-07-26 06:55:45,326 [main] INFO server.Server: Started @34761ms
datanode_3  | 2022-07-26 06:56:02,725 [EndpointStateMachine task thread for scm1/172.18.0.11:9861 - 0 ] INFO server.RaftServer: f186931b-71d3-45df-99c4-c2bf78158436: start RPC server
om1_1       | 2022-07-26 06:57:08,093 [main] WARN server.ServerUtils: Storage directory for Ratis is not configured. It is a good idea to map this to an SSD disk. Falling back to ozone.metadata.dirs
scm1_1      | 2022-07-26 06:55:28,799 [pool-2-thread-1] INFO server.RaftServerConfigKeys: raft.server.rpc.timeout.max = 5200ms (custom)
scm3_1      | 2022-07-26 06:56:19,896 [main] INFO ha.SCMHANodeDetails: ozone.scm.default.service.id is not defined, falling back to ozone.scm.service.ids to find serviceID for StorageContainerManager if it is HA enabled cluster
om2_1       | 2022-07-26 06:57:16,593 [Listener at om2/9862] INFO om.OzoneManager: Version File has different layout version (3) than OM DB (null). That is expected if this OM has never been finalized to a newer layout version.
datanode_2  | 	at java.base/java.util.concurrent.FutureTask.run(FutureTask.java:264)
scm2_1      | /************************************************************
recon_1     | 2022-07-26 06:55:54,285 [Listener at 0.0.0.0/9891] INFO http.BaseHttpServer: HTTP server of recon listening at http://0.0.0.0:9888
datanode_1  | 	at java.base/sun.nio.ch.SocketChannelImpl.checkConnect(Native Method)
om3_1       | 2022-07-26 06:57:07,743 [main] WARN server.ServerUtils: Storage directory for Ratis is not configured. It is a good idea to map this to an SSD disk. Falling back to ozone.metadata.dirs
s3g_1       | 2022-07-26 06:55:45,334 [main] INFO impl.MetricsSinkAdapter: Sink prometheus started
datanode_3  | 2022-07-26 06:56:02,738 [EndpointStateMachine task thread for scm1/172.18.0.11:9861 - 0 ] INFO server.GrpcService: f186931b-71d3-45df-99c4-c2bf78158436: GrpcService started, listening on 9856
om1_1       | 2022-07-26 06:57:08,308 [main] INFO ratis.OzoneManagerRatisServer: Instantiating OM Ratis server with groupID: omservice and peers: om1:9872, om3:9872, om2:9872
scm1_1      | 2022-07-26 06:55:28,805 [pool-2-thread-1] INFO server.RaftServerConfigKeys: raft.server.rpc.sleep.time = 25ms (default)
scm3_1      | 2022-07-26 06:56:19,929 [main] INFO ha.SCMHANodeDetails: Found matching SCM address with SCMServiceId: scmservice, SCMNodeId: scm3, RPC Address: scm3:9894 and Ratis port: 9894
om2_1       | 2022-07-26 06:57:16,603 [org.apache.ratis.util.JvmPauseMonitor$$Lambda$409/0x00000008405efc40@d84418a] INFO util.JvmPauseMonitor: JvmPauseMonitor-om2: Started
datanode_2  | 	at java.base/java.util.concurrent.ThreadPoolExecutor.runWorker(ThreadPoolExecutor.java:1128)
scm2_1      | STARTUP_MSG: Starting StorageContainerManager
recon_1     | 2022-07-26 06:55:54,285 [Listener at 0.0.0.0/9891] INFO impl.OzoneManagerServiceProviderImpl: Starting Ozone Manager Service Provider.
datanode_1  | 	at java.base/sun.nio.ch.SocketChannelImpl.finishConnect(SocketChannelImpl.java:777)
om3_1       | 2022-07-26 06:57:07,747 [main] WARN utils.OzoneManagerRatisUtils: ozone.om.ratis.snapshot.dir is not configured. Falling back to ozone.metadata.dirs config
s3g_1       | 2022-07-26 06:55:45,334 [main] INFO impl.MetricsSystemImpl: Registered sink prometheus
datanode_3  | 2022-07-26 06:56:02,741 [EndpointStateMachine task thread for scm1/172.18.0.11:9861 - 0 ] INFO server.GrpcService: f186931b-71d3-45df-99c4-c2bf78158436: GrpcService started, listening on 9857
om1_1       | 2022-07-26 06:57:08,365 [main] INFO ratis.OzoneManagerStateMachine: LastAppliedIndex is set from TransactionInfo from OM DB as (t:0, i:~)
scm1_1      | 2022-07-26 06:55:28,811 [pool-2-thread-1] INFO server.RaftServerConfigKeys: raft.server.rpc.slowness.timeout = 120000ms (custom)
scm3_1      | 2022-07-26 06:56:19,929 [main] INFO ha.SCMHANodeDetails: Setting configuration key ozone.scm.address with value of key ozone.scm.address.scmservice.scm3: scm3
om2_1       | 2022-07-26 06:57:16,768 [Listener at om2/9862] INFO http.BaseHttpServer: Starting Web-server for ozoneManager at: http://0.0.0.0:9874
datanode_2  | 	at java.base/java.util.concurrent.ThreadPoolExecutor$Worker.run(ThreadPoolExecutor.java:628)
scm2_1      | STARTUP_MSG:   host = 47b3ef208b24/172.18.0.2
recon_1     | 2022-07-26 06:55:54,298 [Listener at 0.0.0.0/9891] INFO impl.OzoneManagerServiceProviderImpl: Registered OmDeltaRequest task 
datanode_1  | 	at org.apache.hadoop.net.SocketIOWithTimeout.connect(SocketIOWithTimeout.java:206)
om3_1       | 2022-07-26 06:57:07,799 [main] INFO snapshot.OzoneManagerSnapshotProvider: Initializing OM Snapshot Provider
s3g_1       | 2022-07-26 06:55:45,342 [main] INFO http.BaseHttpServer: HTTP server of s3gateway listening at http://0.0.0.0:9878
datanode_3  | 2022-07-26 06:56:02,748 [EndpointStateMachine task thread for scm1/172.18.0.11:9861 - 0 ] INFO server.GrpcService: f186931b-71d3-45df-99c4-c2bf78158436: GrpcService started, listening on 9858
om1_1       | 2022-07-26 06:57:08,639 [main] INFO server.RaftServer: raft.rpc.type = GRPC (default)
scm1_1      | 2022-07-26 06:55:28,815 [pool-2-thread-1] INFO server.RaftServerConfigKeys: raft.server.leaderelection.leader.step-down.wait-time = 10s (default)
scm3_1      | 2022-07-26 06:56:20,613 [main] WARN utils.HAUtils: ozone.scm.db.dirs is not configured. We recommend adding this setting. Falling back to ozone.metadata.dirs instead.
om2_1       | 2022-07-26 06:57:16,771 [Listener at om2/9862] INFO http.BaseHttpServer: Hadoop Security Enabled: false Ozone Security Enabled: false Ozone HTTP Security Enabled: false 
datanode_2  | 	at java.base/java.lang.Thread.run(Thread.java:829)
scm2_1      | STARTUP_MSG:   args = []
recon_1     | 2022-07-26 06:55:54,309 [Listener at 0.0.0.0/9891] INFO impl.OzoneManagerServiceProviderImpl: Registered OmSnapshotRequest task 
datanode_1  | 	at org.apache.hadoop.net.NetUtils.connect(NetUtils.java:586)
om3_1       | 2022-07-26 06:57:08,496 [main] INFO metrics.MetricRegistries: Loaded MetricRegistries class org.apache.ratis.metrics.impl.MetricRegistriesImpl
s3g_1       | 2022-07-26 07:04:23,785 [qtp4766562-21] INFO audit.AuditLogger: Refresh DebugCmdSet for S3GAudit to [].
datanode_3  | 2022-07-26 06:56:02,771 [EndpointStateMachine task thread for scm1/172.18.0.11:9861 - 0 ] INFO ratis.XceiverServerRatis: XceiverServerRatis f186931b-71d3-45df-99c4-c2bf78158436 is started using port 9858 for RATIS
om1_1       | 2022-07-26 06:57:09,200 [main] INFO grpc.GrpcConfigKeys: raft.grpc.admin.port = -1 (default)
scm1_1      | 2022-07-26 06:55:28,818 [pool-2-thread-1] INFO server.RaftServerConfigKeys: raft.server.sleep.deviation.threshold = 300ms (default)
scm3_1      | 2022-07-26 06:56:20,887 [main] WARN db.DBStoreBuilder: ozone.scm.db.dirs is not configured. We recommend adding this setting. Falling back to ozone.metadata.dirs instead.
om2_1       | 2022-07-26 06:57:16,848 [Listener at om2/9862] INFO util.log: Logging initialized @29979ms to org.eclipse.jetty.util.log.Slf4jLog
datanode_2  | Caused by: java.net.ConnectException: Connection refused
scm2_1      | STARTUP_MSG:   version = 1.3.0-SNAPSHOT
recon_1     | 2022-07-26 06:55:54,309 [Listener at 0.0.0.0/9891] INFO recovery.ReconOmMetadataManagerImpl: Starting ReconOMMetadataManagerImpl
om3_1       | 2022-07-26 06:57:08,539 [main] WARN server.ServerUtils: Storage directory for Ratis is not configured. It is a good idea to map this to an SSD disk. Falling back to ozone.metadata.dirs
s3g_1       | 2022-07-26 07:04:23,806 [qtp4766562-21] INFO audit.AuditLogger: Refresh DebugCmdSet for S3GAudit to [].
datanode_3  | 2022-07-26 06:56:02,771 [EndpointStateMachine task thread for scm1/172.18.0.11:9861 - 0 ] INFO ratis.XceiverServerRatis: XceiverServerRatis f186931b-71d3-45df-99c4-c2bf78158436 is started using port 9857 for RATIS_ADMIN
om1_1       | 2022-07-26 06:57:09,200 [main] INFO grpc.GrpcConfigKeys: raft.grpc.server.port = 9872 (custom)
scm1_1      | 2022-07-26 06:55:28,955 [pool-2-thread-1] INFO server.RaftServer$Division: 97f64b12-1023-4273-ae97-ac8857755758@group-B3680766CC7E: ConfigurationManager, init=-1: [97f64b12-1023-4273-ae97-ac8857755758|rpc:scm1:9894|priority:0], old=null, confs=<EMPTY_MAP>
scm3_1      | 2022-07-26 06:56:21,135 [main] INFO net.NodeSchemaLoader: Loading schema from [file:/etc/hadoop/network-topology-default.xml, jar:file:/opt/hadoop/share/ozone/lib/hdds-common-1.3.0-SNAPSHOT.jar!/network-topology-default.xml]
om2_1       | 2022-07-26 06:57:17,285 [Listener at om2/9862] INFO server.AuthenticationFilter: Unable to initialize FileSignerSecretProvider, falling back to use random secrets.
datanode_2  | 	at java.base/sun.nio.ch.SocketChannelImpl.checkConnect(Native Method)
datanode_1  | 	at org.apache.hadoop.ipc.Client$Connection.setupConnection(Client.java:701)
recon_1     | 2022-07-26 06:55:54,310 [Listener at 0.0.0.0/9891] WARN recon.ReconUtils: ozone.recon.om.db.dir is not configured. We recommend adding this setting. Falling back to ozone.metadata.dirs instead.
