datanode_3_1  | 2021-10-03 13:07:17,148 [main] INFO http.HttpServer2: Jetty bound to port 9882
scm_1         | ************************************************************/
datanode_5_1  | 2021-10-03 13:07:16,540 [main] INFO http.HttpServer2: Jetty bound to port 9882
datanode_5_1  | 2021-10-03 13:07:16,564 [main] INFO server.Server: jetty-9.4.43.v20210629; built: 2021-06-30T11:07:22.254Z; git: 526006ecfa3af7f1a27ef3a288e2bef7ea9dd7e8; jvm 11.0.10+9-LTS
datanode_5_1  | 2021-10-03 13:07:16,827 [main] INFO server.session: DefaultSessionIdManager workerName=node0
om_1          | 2021-10-03 13:07:42,268 [main] INFO ha.OMHANodeDetails: Configuration does not have ozone.om.address set. Falling back to the default OM address om/10.5.0.70:9862
om_1          | 2021-10-03 13:07:42,268 [main] INFO ha.OMHANodeDetails: OM Service ID is not set. Setting it to the default ID: omServiceIdDefault
om_1          | 2021-10-03 13:07:42,269 [main] INFO ha.OMHANodeDetails: OM Node ID is not set. Setting it to the default ID: om1
datanode_3_1  | 2021-10-03 13:07:17,170 [main] INFO server.Server: jetty-9.4.43.v20210629; built: 2021-06-30T11:07:22.254Z; git: 526006ecfa3af7f1a27ef3a288e2bef7ea9dd7e8; jvm 11.0.10+9-LTS
om_1          | 2021-10-03 13:07:42,296 [main] WARN server.ServerUtils: ozone.om.db.dirs is not configured. We recommend adding this setting. Falling back to ozone.metadata.dirs instead.
datanode_1_1  | 	at java.base/java.util.concurrent.FutureTask.run(FutureTask.java:264)
datanode_1_1  | 	at java.base/java.util.concurrent.Executors$RunnableAdapter.call(Executors.java:515)
datanode_1_1  | 	at java.base/java.util.concurrent.FutureTask.run(FutureTask.java:264)
datanode_1_1  | 	at java.base/java.util.concurrent.ThreadPoolExecutor.runWorker(ThreadPoolExecutor.java:1128)
datanode_1_1  | 	at java.base/java.util.concurrent.ThreadPoolExecutor$Worker.run(ThreadPoolExecutor.java:628)
datanode_4_1  | 2021-10-03 13:07:36,794 [pool-22-thread-1] INFO server.RaftServerConfigKeys: raft.server.log.segment.cache.size.max = 200MB (=209715200) (default)
datanode_4_1  | 2021-10-03 13:07:36,814 [pool-22-thread-1] INFO segmented.SegmentedRaftLogWorker: new d6ca8e2f-798a-4604-b2e2-2a794c508d06@group-14B12874EF1A-SegmentedRaftLogWorker for RaftStorageImpl:Storage Directory /data/metadata/ratis/617391e6-5adc-4b9e-b7d7-14b12874ef1a
datanode_4_1  | 2021-10-03 13:07:36,827 [pool-22-thread-1] INFO server.RaftServerConfigKeys: raft.server.log.queue.byte-limit = 2147483647 (custom)
datanode_4_1  | 2021-10-03 13:07:36,828 [pool-22-thread-1] INFO server.RaftServerConfigKeys: raft.server.log.queue.element-limit = 1024 (custom)
datanode_6_1  | 2021-10-03 13:07:18,093 [main] INFO handler.ContextHandler: Started o.e.j.w.WebAppContext@299ea986{hddsDatanode,/,file:///tmp/jetty-0_0_0_0-9882-hdds-container-service-1_2_0-SNAPSHOT_jar-_-any-15156973303883739312/webapp/,AVAILABLE}{jar:file:/opt/hadoop/share/ozone/lib/hdds-container-service-1.2.0-SNAPSHOT.jar!/webapps/hddsDatanode}
datanode_6_1  | 2021-10-03 13:07:18,183 [main] INFO server.AbstractConnector: Started ServerConnector@565efd7d{HTTP/1.1, (http/1.1)}{0.0.0.0:9882}
datanode_6_1  | 2021-10-03 13:07:18,184 [main] INFO server.Server: Started @42297ms
om_1          | 2021-10-03 13:07:42,353 [main] INFO upgrade.AbstractLayoutVersionManager: Initializing Layout version manager with metadata layout = INITIAL_VERSION (version = 0), software layout = INITIAL_VERSION (version = 0)
om_1          | 2021-10-03 13:07:42,859 [main] INFO reflections.Reflections: Reflections took 325 ms to scan 1 urls, producing 95 keys and 258 values [using 2 cores]
om_1          | 2021-10-03 13:07:42,955 [main] WARN server.ServerUtils: ozone.om.db.dirs is not configured. We recommend adding this setting. Falling back to ozone.metadata.dirs instead.
datanode_5_1  | 2021-10-03 13:07:16,828 [main] INFO server.session: No SessionScavenger set, using defaults
datanode_5_1  | 2021-10-03 13:07:16,838 [main] INFO server.session: node0 Scavenging every 600000ms
datanode_6_1  | 2021-10-03 13:07:18,206 [main] INFO impl.MetricsSinkAdapter: Sink prometheus started
datanode_6_1  | 2021-10-03 13:07:18,206 [main] INFO impl.MetricsSystemImpl: Registered sink prometheus
datanode_6_1  | 2021-10-03 13:07:18,215 [main] INFO http.BaseHttpServer: HTTP server of hddsDatanode listening at http://0.0.0.0:9882
datanode_6_1  | 2021-10-03 13:07:18,230 [Datanode State Machine Thread - 0] INFO statemachine.DatanodeStateMachine: Ozone container server started.
datanode_6_1  | 2021-10-03 13:07:18,490 [org.apache.hadoop.util.JvmPauseMonitor$Monitor@5c87ca1e] INFO util.JvmPauseMonitor: Starting JVM pause monitor
om_1          | 2021-10-03 13:07:45,899 [main] WARN server.ServerUtils: ozone.om.db.dirs is not configured. We recommend adding this setting. Falling back to ozone.metadata.dirs instead.
datanode_3_1  | 2021-10-03 13:07:17,489 [main] INFO server.session: DefaultSessionIdManager workerName=node0
datanode_3_1  | 2021-10-03 13:07:17,489 [main] INFO server.session: No SessionScavenger set, using defaults
datanode_5_1  | 2021-10-03 13:07:16,936 [main] INFO handler.ContextHandler: Started o.e.j.s.ServletContextHandler@5acd7d1c{logs,/logs,file:///var/log/hadoop/,AVAILABLE}
scm_1         | 2021-10-03 13:06:51,086 [main] INFO server.StorageContainerManagerStarter: registered UNIX signal handlers for [TERM, HUP, INT]
datanode_6_1  | 2021-10-03 13:07:20,049 [Datanode State Machine Task Thread - 0] INFO datanode.InitDatanodeState: DatanodeDetails is persisted to /data/datanode.id
datanode_6_1  | 2021-10-03 13:07:22,066 [EndpointStateMachine task thread for scm/10.5.0.71:9861 - 0 ] INFO ipc.Client: Retrying connect to server: scm/10.5.0.71:9861. Already tried 0 time(s); retry policy is RetryUpToMaximumCountWithFixedSleep(maxRetries=15, sleepTime=1000 MILLISECONDS)
datanode_6_1  | 2021-10-03 13:07:23,067 [EndpointStateMachine task thread for scm/10.5.0.71:9861 - 0 ] INFO ipc.Client: Retrying connect to server: scm/10.5.0.71:9861. Already tried 1 time(s); retry policy is RetryUpToMaximumCountWithFixedSleep(maxRetries=15, sleepTime=1000 MILLISECONDS)
datanode_6_1  | 2021-10-03 13:07:24,068 [EndpointStateMachine task thread for scm/10.5.0.71:9861 - 0 ] INFO ipc.Client: Retrying connect to server: scm/10.5.0.71:9861. Already tried 2 time(s); retry policy is RetryUpToMaximumCountWithFixedSleep(maxRetries=15, sleepTime=1000 MILLISECONDS)
om_1          | 2021-10-03 13:07:46,183 [main] INFO codec.OmKeyInfoCodec: OmKeyInfoCodec ignorePipeline = true
datanode_3_1  | 2021-10-03 13:07:17,490 [main] INFO server.session: node0 Scavenging every 600000ms
datanode_2_1  | 2021-10-03 13:07:13,481 [main] INFO server.AuthenticationFilter: Unable to initialize FileSignerSecretProvider, falling back to use random secrets.
datanode_2_1  | 2021-10-03 13:07:13,525 [main] INFO http.HttpRequestLog: Http request log for http.requests.hddsDatanode is not defined
datanode_2_1  | 2021-10-03 13:07:13,575 [main] INFO http.HttpServer2: Added global filter 'safety' (class=org.apache.hadoop.hdds.server.http.HttpServer2$QuotingInputFilter)
datanode_2_1  | 2021-10-03 13:07:13,593 [main] INFO http.HttpServer2: Added filter static_user_filter (class=org.apache.hadoop.http.lib.StaticUserWebFilter$StaticUserFilter) to context hddsDatanode
datanode_4_1  | 2021-10-03 13:07:36,829 [pool-22-thread-1] INFO server.RaftServerConfigKeys: raft.server.log.segment.size.max = 1048576 (custom)
datanode_4_1  | 2021-10-03 13:07:36,829 [pool-22-thread-1] INFO server.RaftServerConfigKeys: raft.server.log.preallocated.size = 16384 (custom)
datanode_4_1  | 2021-10-03 13:07:36,830 [pool-22-thread-1] INFO server.RaftServerConfigKeys: raft.server.log.force.sync.num = 128 (default)
om_1          | 2021-10-03 13:07:46,188 [main] INFO codec.RepeatedOmKeyInfoCodec: RepeatedOmKeyInfoCodec ignorePipeline = true
datanode_3_1  | 2021-10-03 13:07:17,653 [main] INFO handler.ContextHandler: Started o.e.j.s.ServletContextHandler@3ca6bd01{logs,/logs,file:///var/log/hadoop/,AVAILABLE}
datanode_3_1  | 2021-10-03 13:07:17,654 [main] INFO handler.ContextHandler: Started o.e.j.s.ServletContextHandler@36ab69d9{static,/static,jar:file:/opt/hadoop/share/ozone/lib/hdds-container-service-1.2.0-SNAPSHOT.jar!/webapps/static,AVAILABLE}
datanode_3_1  | 2021-10-03 13:07:18,249 [main] INFO handler.ContextHandler: Started o.e.j.w.WebAppContext@299ea986{hddsDatanode,/,file:///tmp/jetty-0_0_0_0-9882-hdds-container-service-1_2_0-SNAPSHOT_jar-_-any-3268107325106037874/webapp/,AVAILABLE}{jar:file:/opt/hadoop/share/ozone/lib/hdds-container-service-1.2.0-SNAPSHOT.jar!/webapps/hddsDatanode}
datanode_3_1  | 2021-10-03 13:07:18,325 [main] INFO server.AbstractConnector: Started ServerConnector@565efd7d{HTTP/1.1, (http/1.1)}{0.0.0.0:9882}
scm_1         | 2021-10-03 13:06:52,036 [main] WARN server.ServerUtils: ozone.scm.db.dirs is not configured. We recommend adding this setting. Falling back to ozone.metadata.dirs instead.
datanode_4_1  | 2021-10-03 13:07:36,838 [pool-22-thread-1] INFO server.RaftServerConfigKeys: raft.server.log.statemachine.data.sync = true (default)
datanode_1_1  | 	... 1 more
datanode_1_1  | 2021-10-03 13:07:24,026 [EndpointStateMachine task thread for scm/10.5.0.71:9861 - 0 ] INFO ipc.Client: Retrying connect to server: scm/10.5.0.71:9861. Already tried 3 time(s); retry policy is RetryUpToMaximumCountWithFixedSleep(maxRetries=15, sleepTime=1000 MILLISECONDS)
datanode_1_1  | 2021-10-03 13:07:25,027 [EndpointStateMachine task thread for scm/10.5.0.71:9861 - 0 ] INFO ipc.Client: Retrying connect to server: scm/10.5.0.71:9861. Already tried 4 time(s); retry policy is RetryUpToMaximumCountWithFixedSleep(maxRetries=15, sleepTime=1000 MILLISECONDS)
om_1          | 2021-10-03 13:07:46,839 [main] INFO om.OzoneManager: Created Volume s3v With Owner hadoop required for S3Gateway operations.
datanode_3_1  | 2021-10-03 13:07:18,339 [main] INFO server.Server: Started @43991ms
datanode_2_1  | 2021-10-03 13:07:13,619 [main] INFO http.HttpServer2: Added filter static_user_filter (class=org.apache.hadoop.http.lib.StaticUserWebFilter$StaticUserFilter) to context logs
datanode_6_1  | 2021-10-03 13:07:25,070 [EndpointStateMachine task thread for scm/10.5.0.71:9861 - 0 ] INFO ipc.Client: Retrying connect to server: scm/10.5.0.71:9861. Already tried 3 time(s); retry policy is RetryUpToMaximumCountWithFixedSleep(maxRetries=15, sleepTime=1000 MILLISECONDS)
scm_1         | 2021-10-03 13:06:52,490 [main] INFO ha.SCMHANodeDetails: ServiceID for StorageContainerManager is null
scm_1         | 2021-10-03 13:06:52,543 [main] INFO ha.SCMHANodeDetails: ozone.scm.default.service.id is not defined, falling back to ozone.scm.service.ids to find serviceID for StorageContainerManager if it is HA enabled cluster
scm_1         | 2021-10-03 13:06:54,038 [main] INFO server.StorageContainerManager: SCM initialization succeeded. Current cluster id for sd=/data/metadata/scm; cid=CID-25f9c891-47ee-4b36-bd70-723ef193b8d7; layoutVersion=2; scmId=fdf79627-eb81-4631-af62-7059906b1fed
scm_1         | 2021-10-03 13:06:54,211 [shutdown-hook-0] INFO server.StorageContainerManagerStarter: SHUTDOWN_MSG: 
om_1          | 2021-10-03 13:07:47,130 [main] WARN server.ServerUtils: Storage directory for Ratis is not configured. It is a good idea to map this to an SSD disk. Falling back to ozone.metadata.dirs
datanode_3_1  | 2021-10-03 13:07:18,349 [main] INFO impl.MetricsSinkAdapter: Sink prometheus started
datanode_2_1  | 2021-10-03 13:07:13,619 [main] INFO http.HttpServer2: Added filter static_user_filter (class=org.apache.hadoop.http.lib.StaticUserWebFilter$StaticUserFilter) to context static
datanode_6_1  | 2021-10-03 13:07:26,074 [EndpointStateMachine task thread for scm/10.5.0.71:9861 - 0 ] INFO ipc.Client: Retrying connect to server: scm/10.5.0.71:9861. Already tried 4 time(s); retry policy is RetryUpToMaximumCountWithFixedSleep(maxRetries=15, sleepTime=1000 MILLISECONDS)
datanode_6_1  | 2021-10-03 13:07:27,385 [EndpointStateMachine task thread for scm/10.5.0.71:9861 - 0 ] INFO ozoneimpl.OzoneContainer: Attempting to start container services.
datanode_5_1  | 2021-10-03 13:07:16,947 [main] INFO handler.ContextHandler: Started o.e.j.s.ServletContextHandler@5ebfe7fa{static,/static,jar:file:/opt/hadoop/share/ozone/lib/hdds-container-service-1.2.0-SNAPSHOT.jar!/webapps/static,AVAILABLE}
datanode_5_1  | 2021-10-03 13:07:17,669 [main] INFO handler.ContextHandler: Started o.e.j.w.WebAppContext@1dd9a3ae{hddsDatanode,/,file:///tmp/jetty-0_0_0_0-9882-hdds-container-service-1_2_0-SNAPSHOT_jar-_-any-14995194332757669426/webapp/,AVAILABLE}{jar:file:/opt/hadoop/share/ozone/lib/hdds-container-service-1.2.0-SNAPSHOT.jar!/webapps/hddsDatanode}
scm_1         | /************************************************************
om_1          | 2021-10-03 13:07:47,139 [main] WARN utils.OzoneManagerRatisUtils: ozone.om.ratis.snapshot.dir is not configured. Falling back to ozone.metadata.dirs config
datanode_2_1  | 2021-10-03 13:07:14,139 [main] WARN http.BaseHttpServer: /prof java profiling servlet is activated. Not safe for production!
om_1          | 2021-10-03 13:07:47,237 [main] INFO metrics.MetricRegistries: Loaded MetricRegistries class org.apache.ratis.metrics.impl.MetricRegistriesImpl
om_1          | 2021-10-03 13:07:47,258 [main] WARN server.ServerUtils: Storage directory for Ratis is not configured. It is a good idea to map this to an SSD disk. Falling back to ozone.metadata.dirs
datanode_4_1  | 2021-10-03 13:07:36,841 [pool-22-thread-1] INFO server.RaftServerConfigKeys: raft.server.log.statemachine.data.sync.timeout = 10s (default)
datanode_1_1  | 2021-10-03 13:07:26,028 [EndpointStateMachine task thread for scm/10.5.0.71:9861 - 0 ] INFO ipc.Client: Retrying connect to server: scm/10.5.0.71:9861. Already tried 5 time(s); retry policy is RetryUpToMaximumCountWithFixedSleep(maxRetries=15, sleepTime=1000 MILLISECONDS)
datanode_1_1  | 2021-10-03 13:07:27,435 [EndpointStateMachine task thread for scm/10.5.0.71:9861 - 0 ] INFO ozoneimpl.OzoneContainer: Attempting to start container services.
datanode_5_1  | 2021-10-03 13:07:17,731 [main] INFO server.AbstractConnector: Started ServerConnector@42a97053{HTTP/1.1, (http/1.1)}{0.0.0.0:9882}
datanode_5_1  | 2021-10-03 13:07:17,732 [main] INFO server.Server: Started @43221ms
datanode_2_1  | 2021-10-03 13:07:14,265 [main] INFO http.HttpServer2: Jetty bound to port 9882
datanode_2_1  | 2021-10-03 13:07:14,266 [main] INFO server.Server: jetty-9.4.43.v20210629; built: 2021-06-30T11:07:22.254Z; git: 526006ecfa3af7f1a27ef3a288e2bef7ea9dd7e8; jvm 11.0.10+9-LTS
om_1          | 2021-10-03 13:07:47,335 [main] INFO ratis.OzoneManagerRatisServer: Instantiating OM Ratis server with groupID: omServiceIdDefault and peers: om:9872
datanode_4_1  | 2021-10-03 13:07:36,848 [pool-22-thread-1] INFO server.RaftServerConfigKeys: raft.server.log.statemachine.data.sync.timeout.retry = -1 (default)
datanode_4_1  | 2021-10-03 13:07:36,899 [pool-22-thread-1] INFO server.RaftServerConfigKeys: raft.server.log.write.buffer.size = 1048576 (custom)
datanode_4_1  | 2021-10-03 13:07:36,901 [pool-22-thread-1] INFO server.RaftServerConfigKeys: raft.server.log.statemachine.data.caching.enabled = true (custom)
datanode_3_1  | 2021-10-03 13:07:18,349 [main] INFO impl.MetricsSystemImpl: Registered sink prometheus
datanode_6_1  | 2021-10-03 13:07:27,400 [EndpointStateMachine task thread for scm/10.5.0.71:9861 - 0 ] INFO ozoneimpl.OzoneContainer: Background container scanner has been disabled.
datanode_2_1  | 2021-10-03 13:07:14,583 [main] INFO server.session: DefaultSessionIdManager workerName=node0
datanode_2_1  | 2021-10-03 13:07:14,587 [main] INFO server.session: No SessionScavenger set, using defaults
om_1          | 2021-10-03 13:07:47,350 [main] INFO ratis.OzoneManagerStateMachine: LastAppliedIndex is set from TransactionInfo from OM DB as (t:0, i:~)
datanode_1_1  | 2021-10-03 13:07:27,444 [EndpointStateMachine task thread for scm/10.5.0.71:9861 - 0 ] INFO ozoneimpl.OzoneContainer: Background container scanner has been disabled.
datanode_1_1  | 2021-10-03 13:07:28,010 [EndpointStateMachine task thread for scm/10.5.0.71:9861 - 0 ] INFO ratis.XceiverServerRatis: Starting XceiverServerRatis fff8e60a-fad0-43e1-9efa-566d6ecc7e3b
datanode_1_1  | 2021-10-03 13:07:28,190 [EndpointStateMachine task thread for scm/10.5.0.71:9861 - 0 ] INFO server.RaftServer: fff8e60a-fad0-43e1-9efa-566d6ecc7e3b: start RPC server
datanode_5_1  | 2021-10-03 13:07:17,758 [main] INFO impl.MetricsSinkAdapter: Sink prometheus started
datanode_3_1  | 2021-10-03 13:07:18,355 [main] INFO http.BaseHttpServer: HTTP server of hddsDatanode listening at http://0.0.0.0:9882
datanode_6_1  | 2021-10-03 13:07:28,032 [EndpointStateMachine task thread for scm/10.5.0.71:9861 - 0 ] INFO ratis.XceiverServerRatis: Starting XceiverServerRatis 66b12917-c56a-4913-99bc-286eaa94b435
datanode_2_1  | 2021-10-03 13:07:14,588 [main] INFO server.session: node0 Scavenging every 660000ms
datanode_2_1  | 2021-10-03 13:07:14,706 [main] INFO handler.ContextHandler: Started o.e.j.s.ServletContextHandler@5acd7d1c{logs,/logs,file:///var/log/hadoop/,AVAILABLE}
om_1          | 2021-10-03 13:07:47,385 [main] INFO server.RaftServer: raft.rpc.type = GRPC (default)
datanode_1_1  | 2021-10-03 13:07:28,259 [EndpointStateMachine task thread for scm/10.5.0.71:9861 - 0 ] INFO server.GrpcService: fff8e60a-fad0-43e1-9efa-566d6ecc7e3b: GrpcService started, listening on 9856
datanode_5_1  | 2021-10-03 13:07:17,758 [main] INFO impl.MetricsSystemImpl: Registered sink prometheus
datanode_5_1  | 2021-10-03 13:07:17,760 [main] INFO http.BaseHttpServer: HTTP server of hddsDatanode listening at http://0.0.0.0:9882
datanode_5_1  | 2021-10-03 13:07:17,814 [Datanode State Machine Thread - 0] INFO statemachine.DatanodeStateMachine: Ozone container server started.
datanode_3_1  | 2021-10-03 13:07:18,387 [Datanode State Machine Thread - 0] INFO statemachine.DatanodeStateMachine: Ozone container server started.
datanode_6_1  | 2021-10-03 13:07:28,288 [EndpointStateMachine task thread for scm/10.5.0.71:9861 - 0 ] INFO server.RaftServer: 66b12917-c56a-4913-99bc-286eaa94b435: start RPC server
datanode_6_1  | 2021-10-03 13:07:28,295 [EndpointStateMachine task thread for scm/10.5.0.71:9861 - 0 ] INFO server.GrpcService: 66b12917-c56a-4913-99bc-286eaa94b435: GrpcService started, listening on 9856
datanode_6_1  | 2021-10-03 13:07:28,298 [EndpointStateMachine task thread for scm/10.5.0.71:9861 - 0 ] INFO server.GrpcService: 66b12917-c56a-4913-99bc-286eaa94b435: GrpcService started, listening on 9857
om_1          | 2021-10-03 13:07:47,548 [main] INFO grpc.GrpcConfigKeys: raft.grpc.admin.port = -1 (default)
datanode_1_1  | 2021-10-03 13:07:28,261 [EndpointStateMachine task thread for scm/10.5.0.71:9861 - 0 ] INFO server.GrpcService: fff8e60a-fad0-43e1-9efa-566d6ecc7e3b: GrpcService started, listening on 9857
datanode_1_1  | 2021-10-03 13:07:28,262 [EndpointStateMachine task thread for scm/10.5.0.71:9861 - 0 ] INFO server.GrpcService: fff8e60a-fad0-43e1-9efa-566d6ecc7e3b: GrpcService started, listening on 9858
datanode_4_1  | 2021-10-03 13:07:36,943 [pool-22-thread-1] INFO segmented.SegmentedRaftLogWorker: d6ca8e2f-798a-4604-b2e2-2a794c508d06@group-14B12874EF1A-SegmentedRaftLogWorker: flushIndex: setUnconditionally 0 -> -1
datanode_4_1  | 2021-10-03 13:07:36,943 [pool-22-thread-1] INFO segmented.SegmentedRaftLogWorker: d6ca8e2f-798a-4604-b2e2-2a794c508d06@group-14B12874EF1A-SegmentedRaftLogWorker: safeCacheEvictIndex: setUnconditionally 0 -> -1
datanode_5_1  | 2021-10-03 13:07:18,188 [org.apache.hadoop.util.JvmPauseMonitor$Monitor@5f7c8f10] INFO util.JvmPauseMonitor: Starting JVM pause monitor
datanode_5_1  | 2021-10-03 13:07:19,298 [Datanode State Machine Task Thread - 0] INFO datanode.InitDatanodeState: DatanodeDetails is persisted to /data/datanode.id
datanode_6_1  | 2021-10-03 13:07:28,340 [EndpointStateMachine task thread for scm/10.5.0.71:9861 - 0 ] INFO server.GrpcService: 66b12917-c56a-4913-99bc-286eaa94b435: GrpcService started, listening on 9858
om_1          | 2021-10-03 13:07:47,550 [main] INFO grpc.GrpcConfigKeys: raft.grpc.server.port = 9872 (custom)
datanode_1_1  | 2021-10-03 13:07:28,326 [EndpointStateMachine task thread for scm/10.5.0.71:9861 - 0 ] INFO ratis.XceiverServerRatis: XceiverServerRatis fff8e60a-fad0-43e1-9efa-566d6ecc7e3b is started using port 9858 for RATIS
datanode_1_1  | 2021-10-03 13:07:28,326 [EndpointStateMachine task thread for scm/10.5.0.71:9861 - 0 ] INFO ratis.XceiverServerRatis: XceiverServerRatis fff8e60a-fad0-43e1-9efa-566d6ecc7e3b is started using port 9857 for RATIS_ADMIN
datanode_1_1  | 2021-10-03 13:07:28,331 [EndpointStateMachine task thread for scm/10.5.0.71:9861 - 0 ] INFO ratis.XceiverServerRatis: XceiverServerRatis fff8e60a-fad0-43e1-9efa-566d6ecc7e3b is started using port 9856 for RATIS_SERVER
datanode_4_1  | 2021-10-03 13:07:36,964 [pool-22-thread-1] INFO server.RaftServerConfigKeys: raft.server.snapshot.auto.trigger.enabled = true (custom)
datanode_3_1  | 2021-10-03 13:07:18,633 [org.apache.hadoop.util.JvmPauseMonitor$Monitor@bc8e9ee] INFO util.JvmPauseMonitor: Starting JVM pause monitor
datanode_3_1  | 2021-10-03 13:07:19,963 [Datanode State Machine Task Thread - 0] INFO datanode.InitDatanodeState: DatanodeDetails is persisted to /data/datanode.id
datanode_5_1  | 2021-10-03 13:07:21,709 [EndpointStateMachine task thread for scm/10.5.0.71:9861 - 0 ] INFO ipc.Client: Retrying connect to server: scm/10.5.0.71:9861. Already tried 0 time(s); retry policy is RetryUpToMaximumCountWithFixedSleep(maxRetries=15, sleepTime=1000 MILLISECONDS)
datanode_5_1  | 2021-10-03 13:07:22,710 [EndpointStateMachine task thread for scm/10.5.0.71:9861 - 0 ] INFO ipc.Client: Retrying connect to server: scm/10.5.0.71:9861. Already tried 1 time(s); retry policy is RetryUpToMaximumCountWithFixedSleep(maxRetries=15, sleepTime=1000 MILLISECONDS)
datanode_5_1  | 2021-10-03 13:07:23,710 [EndpointStateMachine task thread for scm/10.5.0.71:9861 - 0 ] INFO ipc.Client: Retrying connect to server: scm/10.5.0.71:9861. Already tried 2 time(s); retry policy is RetryUpToMaximumCountWithFixedSleep(maxRetries=15, sleepTime=1000 MILLISECONDS)
datanode_5_1  | 2021-10-03 13:07:24,712 [EndpointStateMachine task thread for scm/10.5.0.71:9861 - 0 ] INFO ipc.Client: Retrying connect to server: scm/10.5.0.71:9861. Already tried 3 time(s); retry policy is RetryUpToMaximumCountWithFixedSleep(maxRetries=15, sleepTime=1000 MILLISECONDS)
datanode_5_1  | 2021-10-03 13:07:25,713 [EndpointStateMachine task thread for scm/10.5.0.71:9861 - 0 ] INFO ipc.Client: Retrying connect to server: scm/10.5.0.71:9861. Already tried 4 time(s); retry policy is RetryUpToMaximumCountWithFixedSleep(maxRetries=15, sleepTime=1000 MILLISECONDS)
scm_1         | SHUTDOWN_MSG: Shutting down StorageContainerManager at adc7b68aa548/10.5.0.71
datanode_3_1  | 2021-10-03 13:07:22,219 [EndpointStateMachine task thread for scm/10.5.0.71:9861 - 0 ] INFO ipc.Client: Retrying connect to server: scm/10.5.0.71:9861. Already tried 0 time(s); retry policy is RetryUpToMaximumCountWithFixedSleep(maxRetries=15, sleepTime=1000 MILLISECONDS)
datanode_3_1  | 2021-10-03 13:07:23,220 [EndpointStateMachine task thread for scm/10.5.0.71:9861 - 0 ] INFO ipc.Client: Retrying connect to server: scm/10.5.0.71:9861. Already tried 1 time(s); retry policy is RetryUpToMaximumCountWithFixedSleep(maxRetries=15, sleepTime=1000 MILLISECONDS)
datanode_2_1  | 2021-10-03 13:07:14,707 [main] INFO handler.ContextHandler: Started o.e.j.s.ServletContextHandler@5ebfe7fa{static,/static,jar:file:/opt/hadoop/share/ozone/lib/hdds-container-service-1.2.0-SNAPSHOT.jar!/webapps/static,AVAILABLE}
om_1          | 2021-10-03 13:07:47,550 [main] INFO grpc.GrpcConfigKeys: raft.grpc.client.port = -1 (default)
om_1          | 2021-10-03 13:07:47,551 [main] INFO grpc.GrpcConfigKeys: raft.grpc.server.port = 9872 (custom)
om_1          | 2021-10-03 13:07:47,551 [main] INFO grpc.GrpcConfigKeys: raft.grpc.server.port = 9872 (custom)
datanode_6_1  | 2021-10-03 13:07:28,347 [EndpointStateMachine task thread for scm/10.5.0.71:9861 - 0 ] INFO ratis.XceiverServerRatis: XceiverServerRatis 66b12917-c56a-4913-99bc-286eaa94b435 is started using port 9858 for RATIS
scm_1         | ************************************************************/
scm_1         | Enabled profiling in kernel
datanode_3_1  | 2021-10-03 13:07:24,221 [EndpointStateMachine task thread for scm/10.5.0.71:9861 - 0 ] INFO ipc.Client: Retrying connect to server: scm/10.5.0.71:9861. Already tried 2 time(s); retry policy is RetryUpToMaximumCountWithFixedSleep(maxRetries=15, sleepTime=1000 MILLISECONDS)
datanode_3_1  | 2021-10-03 13:07:25,223 [EndpointStateMachine task thread for scm/10.5.0.71:9861 - 0 ] INFO ipc.Client: Retrying connect to server: scm/10.5.0.71:9861. Already tried 3 time(s); retry policy is RetryUpToMaximumCountWithFixedSleep(maxRetries=15, sleepTime=1000 MILLISECONDS)
om_1          | 2021-10-03 13:07:47,552 [main] INFO server.GrpcService: raft.grpc.message.size.max = 33554432 (custom)
om_1          | 2021-10-03 13:07:47,558 [main] INFO server.RaftServerConfigKeys: raft.server.log.appender.buffer.byte-limit = 33554432 (custom)
datanode_5_1  | 2021-10-03 13:07:27,248 [EndpointStateMachine task thread for scm/10.5.0.71:9861 - 0 ] INFO ozoneimpl.OzoneContainer: Attempting to start container services.
datanode_2_1  | 2021-10-03 13:07:15,394 [main] INFO handler.ContextHandler: Started o.e.j.w.WebAppContext@1dd9a3ae{hddsDatanode,/,file:///tmp/jetty-0_0_0_0-9882-hdds-container-service-1_2_0-SNAPSHOT_jar-_-any-3958682575589460845/webapp/,AVAILABLE}{jar:file:/opt/hadoop/share/ozone/lib/hdds-container-service-1.2.0-SNAPSHOT.jar!/webapps/hddsDatanode}
datanode_2_1  | 2021-10-03 13:07:15,445 [main] INFO server.AbstractConnector: Started ServerConnector@42a97053{HTTP/1.1, (http/1.1)}{0.0.0.0:9882}
scm_1         | WARNING: HDFS_STORAGECONTAINERMANAGER_OPTS has been deprecated by OZONE_SCM_OPTS.
scm_1         | No '-XX:...' jvm parameters are set. Adding safer GC settings '-XX:ParallelGCThreads=8 -XX:+UseConcMarkSweepGC -XX:CMSInitiatingOccupancyFraction=70 -XX:+CMSParallelRemarkEnabled' to the OZONE_OPTS
datanode_3_1  | 2021-10-03 13:07:26,227 [EndpointStateMachine task thread for scm/10.5.0.71:9861 - 0 ] INFO ipc.Client: Retrying connect to server: scm/10.5.0.71:9861. Already tried 4 time(s); retry policy is RetryUpToMaximumCountWithFixedSleep(maxRetries=15, sleepTime=1000 MILLISECONDS)
datanode_1_1  | 2021-10-03 13:07:28,380 [org.apache.ratis.util.JvmPauseMonitor$$Lambda$309/0x0000000840501040@1206070] INFO util.JvmPauseMonitor: JvmPauseMonitor-fff8e60a-fad0-43e1-9efa-566d6ecc7e3b: Started
datanode_1_1  | 2021-10-03 13:07:32,530 [Command processor thread] INFO server.RaftServer: fff8e60a-fad0-43e1-9efa-566d6ecc7e3b: addNew group-3D05EC8FEACE:[fff8e60a-fad0-43e1-9efa-566d6ecc7e3b|rpc:10.5.0.4:9856|admin:10.5.0.4:9857|client:10.5.0.4:9858|priority:1, d6ca8e2f-798a-4604-b2e2-2a794c508d06|rpc:10.5.0.7:9856|admin:10.5.0.7:9857|client:10.5.0.7:9858|priority:0, 66b12917-c56a-4913-99bc-286eaa94b435|rpc:10.5.0.9:9856|admin:10.5.0.9:9857|client:10.5.0.9:9858|priority:0] returns group-3D05EC8FEACE:java.util.concurrent.CompletableFuture@2f05ee55[Not completed]
datanode_1_1  | 2021-10-03 13:07:32,654 [pool-22-thread-1] INFO server.RaftServer$Division: fff8e60a-fad0-43e1-9efa-566d6ecc7e3b: new RaftServerImpl for group-3D05EC8FEACE:[fff8e60a-fad0-43e1-9efa-566d6ecc7e3b|rpc:10.5.0.4:9856|admin:10.5.0.4:9857|client:10.5.0.4:9858|priority:1, d6ca8e2f-798a-4604-b2e2-2a794c508d06|rpc:10.5.0.7:9856|admin:10.5.0.7:9857|client:10.5.0.7:9858|priority:0, 66b12917-c56a-4913-99bc-286eaa94b435|rpc:10.5.0.9:9856|admin:10.5.0.9:9857|client:10.5.0.9:9858|priority:0] with ContainerStateMachine:uninitialized
datanode_5_1  | 2021-10-03 13:07:27,252 [EndpointStateMachine task thread for scm/10.5.0.71:9861 - 0 ] INFO ozoneimpl.OzoneContainer: Background container scanner has been disabled.
datanode_5_1  | 2021-10-03 13:07:27,908 [EndpointStateMachine task thread for scm/10.5.0.71:9861 - 0 ] INFO ratis.XceiverServerRatis: Starting XceiverServerRatis 471c1420-7ce6-4061-8c6d-9305530864ab
datanode_5_1  | 2021-10-03 13:07:28,145 [EndpointStateMachine task thread for scm/10.5.0.71:9861 - 0 ] INFO server.RaftServer: 471c1420-7ce6-4061-8c6d-9305530864ab: start RPC server
scm_1         | OpenJDK 64-Bit Server VM warning: Option UseConcMarkSweepGC was deprecated in version 9.0 and will likely be removed in a future release.
datanode_1_1  | 2021-10-03 13:07:32,667 [pool-22-thread-1] INFO server.RaftServerConfigKeys: raft.server.rpc.timeout.min = 5s (custom)
datanode_4_1  | 2021-10-03 13:07:36,976 [pool-22-thread-1] INFO server.RaftServerConfigKeys: raft.server.snapshot.auto.trigger.threshold = 10000 (custom)
datanode_4_1  | 2021-10-03 13:07:36,979 [pool-22-thread-1] INFO server.RaftServerConfigKeys: raft.server.snapshot.retention.file.num = 5 (custom)
om_1          | 2021-10-03 13:07:47,559 [main] INFO server.GrpcService: raft.grpc.flow.control.window = 1MB (=1048576) (default)
datanode_5_1  | 2021-10-03 13:07:28,178 [EndpointStateMachine task thread for scm/10.5.0.71:9861 - 0 ] INFO server.GrpcService: 471c1420-7ce6-4061-8c6d-9305530864ab: GrpcService started, listening on 9856
datanode_5_1  | 2021-10-03 13:07:28,195 [EndpointStateMachine task thread for scm/10.5.0.71:9861 - 0 ] INFO server.GrpcService: 471c1420-7ce6-4061-8c6d-9305530864ab: GrpcService started, listening on 9857
scm_1         | 2021-10-03 13:07:16,924 [main] INFO server.StorageContainerManagerStarter: STARTUP_MSG: 
datanode_2_1  | 2021-10-03 13:07:15,451 [main] INFO server.Server: Started @41418ms
datanode_2_1  | 2021-10-03 13:07:15,458 [main] INFO impl.MetricsSinkAdapter: Sink prometheus started
datanode_1_1  | 2021-10-03 13:07:32,672 [pool-22-thread-1] INFO server.RaftServerConfigKeys: raft.server.rpc.timeout.max = 5200ms (custom)
datanode_1_1  | 2021-10-03 13:07:32,672 [pool-22-thread-1] INFO server.RaftServerConfigKeys: raft.server.rpc.sleep.time = 25ms (default)
datanode_4_1  | 2021-10-03 13:07:37,003 [pool-22-thread-1] INFO server.RaftServerConfigKeys: raft.server.log.purge.upto.snapshot.index = false (default)
om_1          | 2021-10-03 13:07:47,560 [main] INFO server.RaftServerConfigKeys: raft.server.rpc.request.timeout = 3000ms (default)
datanode_5_1  | 2021-10-03 13:07:28,197 [EndpointStateMachine task thread for scm/10.5.0.71:9861 - 0 ] INFO server.GrpcService: 471c1420-7ce6-4061-8c6d-9305530864ab: GrpcService started, listening on 9858
datanode_5_1  | 2021-10-03 13:07:28,235 [EndpointStateMachine task thread for scm/10.5.0.71:9861 - 0 ] INFO ratis.XceiverServerRatis: XceiverServerRatis 471c1420-7ce6-4061-8c6d-9305530864ab is started using port 9858 for RATIS
datanode_5_1  | 2021-10-03 13:07:28,236 [EndpointStateMachine task thread for scm/10.5.0.71:9861 - 0 ] INFO ratis.XceiverServerRatis: XceiverServerRatis 471c1420-7ce6-4061-8c6d-9305530864ab is started using port 9857 for RATIS_ADMIN
datanode_2_1  | 2021-10-03 13:07:15,466 [main] INFO impl.MetricsSystemImpl: Registered sink prometheus
datanode_1_1  | 2021-10-03 13:07:32,673 [pool-22-thread-1] INFO server.RaftServerConfigKeys: raft.server.rpc.slowness.timeout = 300s (custom)
datanode_1_1  | 2021-10-03 13:07:32,673 [pool-22-thread-1] INFO server.RaftServerConfigKeys: raft.server.leaderelection.leader.step-down.wait-time = 10s (default)
datanode_4_1  | 2021-10-03 13:07:37,007 [pool-22-thread-1] INFO server.RaftServerConfigKeys: raft.server.retrycache.expirytime = 600000ms (custom)
datanode_4_1  | 2021-10-03 13:07:37,010 [pool-22-thread-1] INFO server.RaftServerConfigKeys: raft.server.retrycache.statistics.expirytime = 100?s (default)
datanode_4_1  | 2021-10-03 13:07:37,227 [pool-22-thread-1] INFO server.RaftServer$Division: d6ca8e2f-798a-4604-b2e2-2a794c508d06: new RaftServerImpl for group-3D05EC8FEACE:[fff8e60a-fad0-43e1-9efa-566d6ecc7e3b|rpc:10.5.0.4:9856|admin:10.5.0.4:9857|client:10.5.0.4:9858|dataStream:|priority:1, d6ca8e2f-798a-4604-b2e2-2a794c508d06|rpc:10.5.0.7:9856|admin:10.5.0.7:9857|client:10.5.0.7:9858|dataStream:|priority:0, 66b12917-c56a-4913-99bc-286eaa94b435|rpc:10.5.0.9:9856|admin:10.5.0.9:9857|client:10.5.0.9:9858|dataStream:|priority:0] with ContainerStateMachine:uninitialized
datanode_4_1  | 2021-10-03 13:07:37,227 [pool-22-thread-1] INFO server.RaftServerConfigKeys: raft.server.rpc.timeout.min = 5s (custom)
datanode_4_1  | 2021-10-03 13:07:37,230 [pool-22-thread-1] INFO server.RaftServerConfigKeys: raft.server.rpc.timeout.max = 5200ms (custom)
datanode_2_1  | 2021-10-03 13:07:15,475 [main] INFO http.BaseHttpServer: HTTP server of hddsDatanode listening at http://0.0.0.0:9882
datanode_2_1  | 2021-10-03 13:07:15,504 [Datanode State Machine Thread - 0] INFO statemachine.DatanodeStateMachine: Ozone container server started.
datanode_2_1  | 2021-10-03 13:07:15,837 [org.apache.hadoop.util.JvmPauseMonitor$Monitor@1a1709c3] INFO util.JvmPauseMonitor: Starting JVM pause monitor
datanode_4_1  | 2021-10-03 13:07:37,230 [pool-22-thread-1] INFO server.RaftServerConfigKeys: raft.server.rpc.sleep.time = 25ms (default)
datanode_4_1  | 2021-10-03 13:07:37,230 [pool-22-thread-1] INFO server.RaftServerConfigKeys: raft.server.rpc.slowness.timeout = 300s (custom)
datanode_4_1  | 2021-10-03 13:07:37,230 [pool-22-thread-1] INFO server.RaftServerConfigKeys: raft.server.leaderelection.leader.step-down.wait-time = 10s (default)
datanode_4_1  | 2021-10-03 13:07:37,230 [pool-22-thread-1] INFO server.RaftServerConfigKeys: raft.server.sleep.deviation.threshold = 300ms (default)
datanode_4_1  | 2021-10-03 13:07:37,231 [pool-22-thread-1] INFO server.RaftServerConfigKeys: raft.server.log.appender.install.snapshot.enabled = false (custom)
datanode_1_1  | 2021-10-03 13:07:32,674 [pool-22-thread-1] INFO server.RaftServerConfigKeys: raft.server.sleep.deviation.threshold = 300ms (default)
datanode_1_1  | 2021-10-03 13:07:32,682 [pool-22-thread-1] INFO server.RaftServerConfigKeys: raft.server.log.appender.install.snapshot.enabled = false (custom)
datanode_6_1  | 2021-10-03 13:07:28,347 [EndpointStateMachine task thread for scm/10.5.0.71:9861 - 0 ] INFO ratis.XceiverServerRatis: XceiverServerRatis 66b12917-c56a-4913-99bc-286eaa94b435 is started using port 9857 for RATIS_ADMIN
datanode_6_1  | 2021-10-03 13:07:28,348 [EndpointStateMachine task thread for scm/10.5.0.71:9861 - 0 ] INFO ratis.XceiverServerRatis: XceiverServerRatis 66b12917-c56a-4913-99bc-286eaa94b435 is started using port 9856 for RATIS_SERVER
datanode_1_1  | 2021-10-03 13:07:32,702 [pool-22-thread-1] INFO server.RaftServer$Division: fff8e60a-fad0-43e1-9efa-566d6ecc7e3b@group-3D05EC8FEACE: ConfigurationManager, init=-1: [fff8e60a-fad0-43e1-9efa-566d6ecc7e3b|rpc:10.5.0.4:9856|admin:10.5.0.4:9857|client:10.5.0.4:9858|priority:1, d6ca8e2f-798a-4604-b2e2-2a794c508d06|rpc:10.5.0.7:9856|admin:10.5.0.7:9857|client:10.5.0.7:9858|priority:0, 66b12917-c56a-4913-99bc-286eaa94b435|rpc:10.5.0.9:9856|admin:10.5.0.9:9857|client:10.5.0.9:9858|priority:0], old=null, confs=<EMPTY_MAP>
datanode_1_1  | 2021-10-03 13:07:32,713 [pool-22-thread-1] INFO server.RaftServerConfigKeys: raft.server.storage.dir = [/data/metadata/ratis] (custom)
datanode_6_1  | 2021-10-03 13:07:28,377 [org.apache.ratis.util.JvmPauseMonitor$$Lambda$309/0x0000000840501040@64c24a57] INFO util.JvmPauseMonitor: JvmPauseMonitor-66b12917-c56a-4913-99bc-286eaa94b435: Started
datanode_6_1  | 2021-10-03 13:07:39,929 [grpc-default-executor-2] WARN server.GrpcServerProtocolService: 66b12917-c56a-4913-99bc-286eaa94b435: Failed requestVote a5113282-1356-487e-83bb-1ff14cb06fda->66b12917-c56a-4913-99bc-286eaa94b435#0
datanode_6_1  | org.apache.ratis.protocol.exceptions.GroupMismatchException: 66b12917-c56a-4913-99bc-286eaa94b435: group-420405C2CE71 not found.
datanode_6_1  | 	at org.apache.ratis.server.impl.RaftServerProxy$ImplMap.get(RaftServerProxy.java:147)
datanode_4_1  | 2021-10-03 13:07:37,231 [pool-22-thread-1] INFO server.RaftServer$Division: d6ca8e2f-798a-4604-b2e2-2a794c508d06@group-3D05EC8FEACE: ConfigurationManager, init=-1: [fff8e60a-fad0-43e1-9efa-566d6ecc7e3b|rpc:10.5.0.4:9856|admin:10.5.0.4:9857|client:10.5.0.4:9858|dataStream:|priority:1, d6ca8e2f-798a-4604-b2e2-2a794c508d06|rpc:10.5.0.7:9856|admin:10.5.0.7:9857|client:10.5.0.7:9858|dataStream:|priority:0, 66b12917-c56a-4913-99bc-286eaa94b435|rpc:10.5.0.9:9856|admin:10.5.0.9:9857|client:10.5.0.9:9858|dataStream:|priority:0], old=null, confs=<EMPTY_MAP>
datanode_1_1  | 2021-10-03 13:07:32,736 [pool-22-thread-1] INFO server.RaftServerConfigKeys: raft.server.log.corruption.policy = EXCEPTION (default)
datanode_3_1  | 2021-10-03 13:07:27,288 [EndpointStateMachine task thread for scm/10.5.0.71:9861 - 0 ] INFO ozoneimpl.OzoneContainer: Attempting to start container services.
datanode_3_1  | 2021-10-03 13:07:27,311 [EndpointStateMachine task thread for scm/10.5.0.71:9861 - 0 ] INFO ozoneimpl.OzoneContainer: Background container scanner has been disabled.
datanode_4_1  | 2021-10-03 13:07:37,231 [pool-22-thread-1] INFO server.RaftServerConfigKeys: raft.server.storage.dir = [/data/metadata/ratis] (custom)
datanode_4_1  | 2021-10-03 13:07:37,231 [pool-22-thread-1] INFO server.RaftServerConfigKeys: raft.server.log.corruption.policy = EXCEPTION (default)
datanode_1_1  | 2021-10-03 13:07:32,736 [pool-22-thread-1] INFO server.RaftServerConfigKeys: raft.server.storage.free-space.min = 0MB (=0) (default)
datanode_1_1  | 2021-10-03 13:07:32,744 [pool-22-thread-1] INFO storage.RaftStorageDirectory: The storage directory /data/metadata/ratis/61856959-8ffc-42d4-a05e-3d05ec8feace does not exist. Creating ...
datanode_5_1  | 2021-10-03 13:07:28,236 [EndpointStateMachine task thread for scm/10.5.0.71:9861 - 0 ] INFO ratis.XceiverServerRatis: XceiverServerRatis 471c1420-7ce6-4061-8c6d-9305530864ab is started using port 9856 for RATIS_SERVER
datanode_6_1  | 	at org.apache.ratis.server.impl.RaftServerProxy.getImplFuture(RaftServerProxy.java:339)
datanode_6_1  | 	at org.apache.ratis.server.impl.RaftServerProxy.getImpl(RaftServerProxy.java:348)
datanode_6_1  | 	at org.apache.ratis.server.impl.RaftServerProxy.getImpl(RaftServerProxy.java:343)
datanode_3_1  | 2021-10-03 13:07:27,831 [EndpointStateMachine task thread for scm/10.5.0.71:9861 - 0 ] INFO ratis.XceiverServerRatis: Starting XceiverServerRatis 5be4a980-eca5-421e-82d4-1a9e4e64e883
datanode_3_1  | 2021-10-03 13:07:28,165 [EndpointStateMachine task thread for scm/10.5.0.71:9861 - 0 ] INFO server.RaftServer: 5be4a980-eca5-421e-82d4-1a9e4e64e883: start RPC server
scm_1         | /************************************************************
scm_1         | STARTUP_MSG: Starting StorageContainerManager
om_1          | 2021-10-03 13:07:47,956 [main] INFO impl.DataStreamServerImpl: raft.datastream.type = DISABLED (default)
om_1          | 2021-10-03 13:07:47,959 [main] INFO server.RaftServerConfigKeys: raft.server.rpc.slowness.timeout = 120s (custom)
datanode_4_1  | 2021-10-03 13:07:37,239 [pool-22-thread-1] INFO server.RaftServerConfigKeys: raft.server.storage.free-space.min = 0MB (=0) (default)
datanode_4_1  | 2021-10-03 13:07:37,239 [pool-22-thread-1] INFO storage.RaftStorageDirectory: The storage directory /data/metadata/ratis/61856959-8ffc-42d4-a05e-3d05ec8feace does not exist. Creating ...
datanode_4_1  | 2021-10-03 13:07:37,242 [pool-22-thread-1] INFO storage.RaftStorageDirectory: Lock on /data/metadata/ratis/61856959-8ffc-42d4-a05e-3d05ec8feace/in_use.lock acquired by nodename 7@e4cbe371118d
datanode_4_1  | 2021-10-03 13:07:37,247 [pool-22-thread-1] INFO storage.RaftStorage: Storage directory /data/metadata/ratis/61856959-8ffc-42d4-a05e-3d05ec8feace has been successfully formatted.
datanode_5_1  | 2021-10-03 13:07:28,236 [org.apache.ratis.util.JvmPauseMonitor$$Lambda$309/0x0000000840501040@578a14e5] INFO util.JvmPauseMonitor: JvmPauseMonitor-471c1420-7ce6-4061-8c6d-9305530864ab: Started
datanode_5_1  | 2021-10-03 13:07:28,343 [Datanode State Machine Thread - 0] ERROR datanode.RunningDatanodeState: Error in executing end point task.
datanode_5_1  | java.util.concurrent.ExecutionException: java.util.concurrent.TimeoutException
datanode_5_1  | 	at java.base/java.util.concurrent.FutureTask.report(FutureTask.java:122)
datanode_5_1  | 	at java.base/java.util.concurrent.FutureTask.get(FutureTask.java:191)
datanode_5_1  | 	at org.apache.hadoop.ozone.container.common.states.datanode.RunningDatanodeState.computeNextContainerState(RunningDatanodeState.java:191)
datanode_5_1  | 	at org.apache.hadoop.ozone.container.common.states.datanode.RunningDatanodeState.await(RunningDatanodeState.java:231)
datanode_5_1  | 	at org.apache.hadoop.ozone.container.common.states.datanode.RunningDatanodeState.await(RunningDatanodeState.java:50)
datanode_5_1  | 	at org.apache.hadoop.ozone.container.common.statemachine.StateContext.execute(StateContext.java:629)
datanode_1_1  | 2021-10-03 13:07:32,794 [pool-22-thread-1] INFO storage.RaftStorageDirectory: Lock on /data/metadata/ratis/61856959-8ffc-42d4-a05e-3d05ec8feace/in_use.lock acquired by nodename 7@752b716dc217
datanode_1_1  | 2021-10-03 13:07:32,834 [pool-22-thread-1] INFO storage.RaftStorage: Storage directory /data/metadata/ratis/61856959-8ffc-42d4-a05e-3d05ec8feace has been successfully formatted.
datanode_1_1  | 2021-10-03 13:07:32,886 [pool-22-thread-1] INFO ratis.ContainerStateMachine: group-3D05EC8FEACE: The snapshot info is null. Setting the last applied indexto:(t:0, i:~)
datanode_1_1  | 2021-10-03 13:07:32,891 [pool-22-thread-1] INFO server.RaftServerConfigKeys: raft.server.notification.no-leader.timeout = 300s (custom)
datanode_1_1  | 2021-10-03 13:07:32,906 [pool-22-thread-1] INFO server.RaftServerConfigKeys: raft.server.log.use.memory = false (default)
datanode_1_1  | 2021-10-03 13:07:32,966 [pool-22-thread-1] INFO server.RaftServerConfigKeys: raft.server.log.purge.gap = 1000000 (custom)
datanode_1_1  | 2021-10-03 13:07:32,969 [pool-22-thread-1] INFO server.RaftServerConfigKeys: raft.server.log.appender.buffer.byte-limit = 33554432 (custom)
datanode_1_1  | 2021-10-03 13:07:33,140 [pool-22-thread-1] INFO server.RaftServerConfigKeys: raft.server.log.segment.size.max = 1048576 (custom)
datanode_1_1  | 2021-10-03 13:07:33,178 [pool-22-thread-1] INFO server.RaftServerConfigKeys: raft.server.log.segment.cache.num.max = 2 (custom)
datanode_1_1  | 2021-10-03 13:07:33,179 [pool-22-thread-1] INFO server.RaftServerConfigKeys: raft.server.log.segment.cache.size.max = 200MB (=209715200) (default)
datanode_1_1  | 2021-10-03 13:07:33,217 [pool-22-thread-1] INFO segmented.SegmentedRaftLogWorker: new fff8e60a-fad0-43e1-9efa-566d6ecc7e3b@group-3D05EC8FEACE-SegmentedRaftLogWorker for RaftStorageImpl:Storage Directory /data/metadata/ratis/61856959-8ffc-42d4-a05e-3d05ec8feace
datanode_1_1  | 2021-10-03 13:07:33,248 [pool-22-thread-1] INFO server.RaftServerConfigKeys: raft.server.log.queue.byte-limit = 2147483647 (custom)
datanode_1_1  | 2021-10-03 13:07:33,248 [pool-22-thread-1] INFO server.RaftServerConfigKeys: raft.server.log.queue.element-limit = 1024 (custom)
datanode_1_1  | 2021-10-03 13:07:33,249 [pool-22-thread-1] INFO server.RaftServerConfigKeys: raft.server.log.segment.size.max = 1048576 (custom)
datanode_1_1  | 2021-10-03 13:07:33,266 [pool-22-thread-1] INFO server.RaftServerConfigKeys: raft.server.log.preallocated.size = 16384 (custom)
datanode_1_1  | 2021-10-03 13:07:33,267 [pool-22-thread-1] INFO server.RaftServerConfigKeys: raft.server.log.force.sync.num = 128 (default)
datanode_1_1  | 2021-10-03 13:07:33,268 [pool-22-thread-1] INFO server.RaftServerConfigKeys: raft.server.log.statemachine.data.sync = true (default)
datanode_1_1  | 2021-10-03 13:07:33,273 [pool-22-thread-1] INFO server.RaftServerConfigKeys: raft.server.log.statemachine.data.sync.timeout = 10s (default)
datanode_1_1  | 2021-10-03 13:07:33,275 [pool-22-thread-1] INFO server.RaftServerConfigKeys: raft.server.log.statemachine.data.sync.timeout.retry = -1 (default)
datanode_1_1  | 2021-10-03 13:07:33,337 [pool-22-thread-1] INFO server.RaftServerConfigKeys: raft.server.log.write.buffer.size = 1048576 (custom)
datanode_1_1  | 2021-10-03 13:07:33,344 [pool-22-thread-1] INFO server.RaftServerConfigKeys: raft.server.log.statemachine.data.caching.enabled = true (custom)
datanode_1_1  | 2021-10-03 13:07:33,391 [pool-22-thread-1] INFO segmented.SegmentedRaftLogWorker: fff8e60a-fad0-43e1-9efa-566d6ecc7e3b@group-3D05EC8FEACE-SegmentedRaftLogWorker: flushIndex: setUnconditionally 0 -> -1
datanode_1_1  | 2021-10-03 13:07:33,391 [pool-22-thread-1] INFO segmented.SegmentedRaftLogWorker: fff8e60a-fad0-43e1-9efa-566d6ecc7e3b@group-3D05EC8FEACE-SegmentedRaftLogWorker: safeCacheEvictIndex: setUnconditionally 0 -> -1
datanode_1_1  | 2021-10-03 13:07:33,468 [pool-22-thread-1] INFO server.RaftServerConfigKeys: raft.server.snapshot.auto.trigger.enabled = true (custom)
datanode_1_1  | 2021-10-03 13:07:33,482 [pool-22-thread-1] INFO server.RaftServerConfigKeys: raft.server.snapshot.auto.trigger.threshold = 10000 (custom)
datanode_1_1  | 2021-10-03 13:07:33,489 [pool-22-thread-1] INFO server.RaftServerConfigKeys: raft.server.snapshot.retention.file.num = 5 (custom)
datanode_1_1  | 2021-10-03 13:07:33,491 [pool-22-thread-1] INFO server.RaftServerConfigKeys: raft.server.log.purge.upto.snapshot.index = false (default)
datanode_1_1  | 2021-10-03 13:07:33,584 [pool-22-thread-1] INFO server.RaftServerConfigKeys: raft.server.retrycache.expirytime = 600000ms (custom)
datanode_1_1  | 2021-10-03 13:07:33,584 [pool-22-thread-1] INFO server.RaftServerConfigKeys: raft.server.retrycache.statistics.expirytime = 100?s (default)
scm_1         | STARTUP_MSG:   host = adc7b68aa548/10.5.0.71
scm_1         | STARTUP_MSG:   args = []
scm_1         | STARTUP_MSG:   version = 1.2.0-SNAPSHOT
