recon_1     | 2020-04-01 12:31:32,721 [IPC Server handler 2 on 9891] INFO node.SCMNodeManager: Registered Data node : ff5e3bea-a6ad-4a29-9da7-36e404121edd{ip: 172.25.0.10, host: ozonesecure_datanode_2.ozonesecure_default, networkLocation: /default-rack, certSerialId: 2688244534983}
kdc_1       | Apr 01 12:34:52 kdc krb5kdc[8](info): TGS_REQ (6 etypes {18 17 20 19 16 23}) 172.25.0.3: ISSUE: authtime 1585744477, etypes {rep=18 tkt=18 ses=18}, testuser/scm@EXAMPLE.COM for om/om@EXAMPLE.COM
s3g_1       | 	at org.apache.hadoop.io.retry.RetryInvocationHandler$Call.invokeMethod(RetryInvocationHandler.java:165)
om_1        | 2020-04-01 12:33:59,521 [Socket Reader #1 for port 9862] INFO authorize.ServiceAuthorizationManager: Authorization successful for testuser/scm@EXAMPLE.COM (auth:KERBEROS) for protocol=interface org.apache.hadoop.ozone.om.protocol.OzoneManagerProtocol
scm_1       | 
recon_1     | 2020-04-01 12:31:32,721 [EventQueue-NewNodeForReconNewNodeHandler] INFO scm.ReconNodeManager: Adding new node ff5e3bea-a6ad-4a29-9da7-36e404121edd to Node DB.
kdc_1       | Apr 01 12:34:54 kdc krb5kdc[8](info): TGS_REQ (6 etypes {18 17 20 19 16 23}) 172.25.0.3: ISSUE: authtime 1585744477, etypes {rep=18 tkt=18 ses=18}, testuser/scm@EXAMPLE.COM for om/om@EXAMPLE.COM
s3g_1       | 	at org.apache.hadoop.io.retry.RetryInvocationHandler$Call.invoke(RetryInvocationHandler.java:157)
om_1        | 2020-04-01 12:34:02,035 [Socket Reader #1 for port 9862] INFO ipc.Server: Auth successful for testuser/scm@EXAMPLE.COM (auth:KERBEROS)
scm_1       | Keytab name: FILE:/etc/security/keytabs/HTTP.keytab
recon_1     | 2020-04-01 12:31:35,331 [EventQueue-PipelineReportForReconPipelineReportHandler] INFO scm.ReconPipelineReportHandler: Unknown pipeline PipelineID=b25452ca-1eed-4b0a-8264-bfe786e1268e. Trying to get from SCM.
kdc_1       | Apr 01 12:34:57 kdc krb5kdc[8](info): TGS_REQ (6 etypes {18 17 20 19 16 23}) 172.25.0.3: ISSUE: authtime 1585744477, etypes {rep=18 tkt=18 ses=18}, testuser/scm@EXAMPLE.COM for om/om@EXAMPLE.COM
s3g_1       | 	at org.apache.hadoop.io.retry.RetryInvocationHandler$Call.invokeOnce(RetryInvocationHandler.java:95)
om_1        | 2020-04-01 12:34:02,045 [Socket Reader #1 for port 9862] INFO authorize.ServiceAuthorizationManager: Authorization successful for testuser/scm@EXAMPLE.COM (auth:KERBEROS) for protocol=interface org.apache.hadoop.ozone.om.protocol.OzoneManagerProtocol
scm_1       | KVNO Timestamp         Principal
kdc_1       | Apr 01 12:34:59 kdc krb5kdc[8](info): TGS_REQ (6 etypes {18 17 20 19 16 23}) 172.25.0.3: ISSUE: authtime 1585744477, etypes {rep=18 tkt=18 ses=18}, testuser/scm@EXAMPLE.COM for om/om@EXAMPLE.COM
recon_1     | 2020-04-01 12:31:35,442 [EventQueue-PipelineReportForReconPipelineReportHandler] INFO scm.ReconPipelineReportHandler: Adding new pipeline Pipeline[ Id: b25452ca-1eed-4b0a-8264-bfe786e1268e, Nodes: a8df2daa-5823-42ac-8e32-12b97dd6ae85{ip: 172.25.0.8, host: ozonesecure_datanode_3.ozonesecure_default, networkLocation: /default-rack, certSerialId: null}, Type:RATIS, Factor:ONE, State:OPEN, leaderId:a8df2daa-5823-42ac-8e32-12b97dd6ae85, CreationTimestamp2020-04-01T12:31:32.104Z] to Recon pipeline metadata.
s3g_1       | 	at org.apache.hadoop.io.retry.RetryInvocationHandler.invoke(RetryInvocationHandler.java:359)
om_1        | 2020-04-01 12:34:02,577 [IPC Server handler 74 on 9862] ERROR acl.OMBucketAddAclRequest: Add acl [user:superuser1:rwxy[ACCESS]] to path /77742-rpcwoport2/bb1 failed, because acl already exist
scm_1       | ---- ----------------- --------------------------------------------------------
kdc_1       | Apr 01 12:35:02 kdc krb5kdc[8](info): TGS_REQ (6 etypes {18 17 20 19 16 23}) 172.25.0.3: ISSUE: authtime 1585744477, etypes {rep=18 tkt=18 ses=18}, testuser/scm@EXAMPLE.COM for om/om@EXAMPLE.COM
recon_1     | 2020-04-01 12:31:35,447 [EventQueue-PipelineReportForReconPipelineReportHandler] INFO pipeline.PipelineStateManager: Created pipeline Pipeline[ Id: b25452ca-1eed-4b0a-8264-bfe786e1268e, Nodes: a8df2daa-5823-42ac-8e32-12b97dd6ae85{ip: 172.25.0.8, host: ozonesecure_datanode_3.ozonesecure_default, networkLocation: /default-rack, certSerialId: null}, Type:RATIS, Factor:ONE, State:OPEN, leaderId:a8df2daa-5823-42ac-8e32-12b97dd6ae85, CreationTimestamp2020-04-01T12:31:32.104Z]
s3g_1       | 	at com.sun.proxy.$Proxy88.submitRequest(Unknown Source)
om_1        | 2020-04-01 12:34:04,767 [Socket Reader #1 for port 9862] INFO ipc.Server: Auth successful for testuser/scm@EXAMPLE.COM (auth:KERBEROS)
scm_1       |    2 04/01/20 12:30:54 HTTP/scm@EXAMPLE.COM
kdc_1       | Apr 01 12:35:06 kdc krb5kdc[8](info): TGS_REQ (6 etypes {18 17 20 19 16 23}) 172.25.0.3: ISSUE: authtime 1585744477, etypes {rep=18 tkt=18 ses=18}, testuser/scm@EXAMPLE.COM for om/om@EXAMPLE.COM
recon_1     | 2020-04-01 12:31:35,534 [EventQueue-PipelineReportForReconPipelineReportHandler] INFO scm.ReconPipelineReportHandler: Unknown pipeline PipelineID=3aa67b0b-7e13-41b8-8ea1-f60474d4c486. Trying to get from SCM.
s3g_1       | 	at org.apache.hadoop.ozone.om.protocolPB.OzoneManagerProtocolClientSideTranslatorPB.submitRequest(OzoneManagerProtocolClientSideTranslatorPB.java:407)
om_1        | 2020-04-01 12:34:04,780 [Socket Reader #1 for port 9862] INFO authorize.ServiceAuthorizationManager: Authorization successful for testuser/scm@EXAMPLE.COM (auth:KERBEROS) for protocol=interface org.apache.hadoop.ozone.om.protocol.OzoneManagerProtocol
scm_1       |    2 04/01/20 12:30:54 HTTP/scm@EXAMPLE.COM
kdc_1       | Apr 01 12:35:10 kdc krb5kdc[8](info): TGS_REQ (6 etypes {18 17 20 19 16 23}) 172.25.0.3: ISSUE: authtime 1585744477, etypes {rep=18 tkt=18 ses=18}, testuser/scm@EXAMPLE.COM for om/om@EXAMPLE.COM
recon_1     | 2020-04-01 12:31:35,541 [EventQueue-PipelineReportForReconPipelineReportHandler] INFO scm.ReconPipelineReportHandler: Adding new pipeline Pipeline[ Id: 3aa67b0b-7e13-41b8-8ea1-f60474d4c486, Nodes: 00667635-bc25-4d3f-8758-09b618b73407{ip: 172.25.0.5, host: ozonesecure_datanode_1.ozonesecure_default, networkLocation: /default-rack, certSerialId: null}a8df2daa-5823-42ac-8e32-12b97dd6ae85{ip: 172.25.0.8, host: ozonesecure_datanode_3.ozonesecure_default, networkLocation: /default-rack, certSerialId: null}ff5e3bea-a6ad-4a29-9da7-36e404121edd{ip: 172.25.0.10, host: ozonesecure_datanode_2.ozonesecure_default, networkLocation: /default-rack, certSerialId: null}, Type:RATIS, Factor:THREE, State:ALLOCATED, leaderId:null, CreationTimestamp2020-04-01T12:31:32.765Z] to Recon pipeline metadata.
s3g_1       | 	at org.apache.hadoop.ozone.om.protocolPB.OzoneManagerProtocolClientSideTranslatorPB.getServiceInfo(OzoneManagerProtocolClientSideTranslatorPB.java:1296)
om_1        | 2020-04-01 12:34:07,217 [Socket Reader #1 for port 9862] INFO ipc.Server: Auth successful for testuser/scm@EXAMPLE.COM (auth:KERBEROS)
scm_1       | Download testuser/scm@EXAMPLE.COM keytab file to /etc/security/keytabs/testuser.keytab
kdc_1       | Apr 01 12:35:13 kdc krb5kdc[8](info): TGS_REQ (6 etypes {18 17 20 19 16 23}) 172.25.0.3: ISSUE: authtime 1585744477, etypes {rep=18 tkt=18 ses=18}, testuser/scm@EXAMPLE.COM for om/om@EXAMPLE.COM
recon_1     | 2020-04-01 12:31:35,543 [EventQueue-PipelineReportForReconPipelineReportHandler] INFO pipeline.PipelineStateManager: Created pipeline Pipeline[ Id: 3aa67b0b-7e13-41b8-8ea1-f60474d4c486, Nodes: 00667635-bc25-4d3f-8758-09b618b73407{ip: 172.25.0.5, host: ozonesecure_datanode_1.ozonesecure_default, networkLocation: /default-rack, certSerialId: null}a8df2daa-5823-42ac-8e32-12b97dd6ae85{ip: 172.25.0.8, host: ozonesecure_datanode_3.ozonesecure_default, networkLocation: /default-rack, certSerialId: null}ff5e3bea-a6ad-4a29-9da7-36e404121edd{ip: 172.25.0.10, host: ozonesecure_datanode_2.ozonesecure_default, networkLocation: /default-rack, certSerialId: null}, Type:RATIS, Factor:THREE, State:ALLOCATED, leaderId:null, CreationTimestamp2020-04-01T12:31:32.765Z]
s3g_1       | 	at java.base/jdk.internal.reflect.NativeMethodAccessorImpl.invoke0(Native Method)
om_1        | 2020-04-01 12:34:07,233 [Socket Reader #1 for port 9862] INFO authorize.ServiceAuthorizationManager: Authorization successful for testuser/scm@EXAMPLE.COM (auth:KERBEROS) for protocol=interface org.apache.hadoop.ozone.om.protocol.OzoneManagerProtocol
scm_1       | --2020-04-01 12:30:54--  http://kdc:8081/keytab/scm/testuser
kdc_1       | Apr 01 12:35:15 kdc krb5kdc[8](info): TGS_REQ (6 etypes {18 17 20 19 16 23}) 172.25.0.3: ISSUE: authtime 1585744477, etypes {rep=18 tkt=18 ses=18}, testuser/scm@EXAMPLE.COM for om/om@EXAMPLE.COM
recon_1     | 2020-04-01 12:31:35,548 [EventQueue-PipelineReportForReconPipelineReportHandler] INFO scm.ReconPipelineReportHandler: Pipeline THREE PipelineID=3aa67b0b-7e13-41b8-8ea1-f60474d4c486 reported by a8df2daa-5823-42ac-8e32-12b97dd6ae85{ip: 172.25.0.8, host: ozonesecure_datanode_3.ozonesecure_default, networkLocation: /default-rack, certSerialId: 2688086897997}
s3g_1       | 	at java.base/jdk.internal.reflect.NativeMethodAccessorImpl.invoke(NativeMethodAccessorImpl.java:62)
om_1        | 2020-04-01 12:34:09,652 [Socket Reader #1 for port 9862] INFO ipc.Server: Auth successful for testuser/scm@EXAMPLE.COM (auth:KERBEROS)
scm_1       | Resolving kdc (kdc)... 172.25.0.9
kdc_1       | Apr 01 12:35:18 kdc krb5kdc[8](info): TGS_REQ (6 etypes {18 17 20 19 16 23}) 172.25.0.3: ISSUE: authtime 1585744477, etypes {rep=18 tkt=18 ses=18}, testuser/scm@EXAMPLE.COM for om/om@EXAMPLE.COM
recon_1     | 2020-04-01 12:31:36,192 [EventQueue-PipelineReportForReconPipelineReportHandler] INFO scm.ReconPipelineReportHandler: Unknown pipeline PipelineID=e02b8fe6-db43-4b84-bbb9-1f38b2a8bd52. Trying to get from SCM.
s3g_1       | 	at java.base/jdk.internal.reflect.DelegatingMethodAccessorImpl.invoke(DelegatingMethodAccessorImpl.java:43)
om_1        | 2020-04-01 12:34:09,662 [Socket Reader #1 for port 9862] INFO authorize.ServiceAuthorizationManager: Authorization successful for testuser/scm@EXAMPLE.COM (auth:KERBEROS) for protocol=interface org.apache.hadoop.ozone.om.protocol.OzoneManagerProtocol
kdc_1       | Apr 01 12:35:21 kdc krb5kdc[8](info): TGS_REQ (6 etypes {18 17 20 19 16 23}) 172.25.0.3: ISSUE: authtime 1585744477, etypes {rep=18 tkt=18 ses=18}, testuser/scm@EXAMPLE.COM for om/om@EXAMPLE.COM
scm_1       | Connecting to kdc (kdc)|172.25.0.9|:8081... connected.
recon_1     | 2020-04-01 12:31:36,197 [EventQueue-PipelineReportForReconPipelineReportHandler] INFO scm.ReconPipelineReportHandler: Adding new pipeline Pipeline[ Id: e02b8fe6-db43-4b84-bbb9-1f38b2a8bd52, Nodes: 00667635-bc25-4d3f-8758-09b618b73407{ip: 172.25.0.5, host: ozonesecure_datanode_1.ozonesecure_default, networkLocation: /default-rack, certSerialId: null}, Type:RATIS, Factor:ONE, State:OPEN, leaderId:00667635-bc25-4d3f-8758-09b618b73407, CreationTimestamp2020-04-01T12:31:32.393Z] to Recon pipeline metadata.
s3g_1       | 	at java.base/java.lang.reflect.Method.invoke(Method.java:566)
om_1        | 2020-04-01 12:34:12,493 [Socket Reader #1 for port 9862] INFO ipc.Server: Auth successful for testuser/scm@EXAMPLE.COM (auth:KERBEROS)
kdc_1       | Apr 01 12:35:23 kdc krb5kdc[8](info): TGS_REQ (6 etypes {18 17 20 19 16 23}) 172.25.0.3: ISSUE: authtime 1585744477, etypes {rep=18 tkt=18 ses=18}, testuser/scm@EXAMPLE.COM for om/om@EXAMPLE.COM
scm_1       | HTTP request sent, awaiting response... 200 OK
recon_1     | 2020-04-01 12:31:36,198 [EventQueue-PipelineReportForReconPipelineReportHandler] INFO pipeline.PipelineStateManager: Created pipeline Pipeline[ Id: e02b8fe6-db43-4b84-bbb9-1f38b2a8bd52, Nodes: 00667635-bc25-4d3f-8758-09b618b73407{ip: 172.25.0.5, host: ozonesecure_datanode_1.ozonesecure_default, networkLocation: /default-rack, certSerialId: null}, Type:RATIS, Factor:ONE, State:OPEN, leaderId:00667635-bc25-4d3f-8758-09b618b73407, CreationTimestamp2020-04-01T12:31:32.393Z]
s3g_1       | 	at org.apache.hadoop.hdds.tracing.TraceAllMethod.invoke(TraceAllMethod.java:71)
om_1        | 2020-04-01 12:34:12,510 [Socket Reader #1 for port 9862] INFO authorize.ServiceAuthorizationManager: Authorization successful for testuser/scm@EXAMPLE.COM (auth:KERBEROS) for protocol=interface org.apache.hadoop.ozone.om.protocol.OzoneManagerProtocol
kdc_1       | Apr 01 12:35:26 kdc krb5kdc[8](info): TGS_REQ (6 etypes {18 17 20 19 16 23}) 172.25.0.3: ISSUE: authtime 1585744477, etypes {rep=18 tkt=18 ses=18}, testuser/scm@EXAMPLE.COM for om/om@EXAMPLE.COM
scm_1       | Length: 152 [application/octet-stream]
scm_1       | Saving to: '/etc/security/keytabs/testuser.keytab'
s3g_1       | 	at com.sun.proxy.$Proxy89.getServiceInfo(Unknown Source)
recon_1     | 2020-04-01 12:31:36,533 [EventQueue-PipelineReportForReconPipelineReportHandler] INFO scm.ReconPipelineReportHandler: Pipeline THREE PipelineID=3aa67b0b-7e13-41b8-8ea1-f60474d4c486 reported by 00667635-bc25-4d3f-8758-09b618b73407{ip: 172.25.0.5, host: ozonesecure_datanode_1.ozonesecure_default, networkLocation: /default-rack, certSerialId: 2688076087598}
om_1        | 2020-04-01 12:34:15,004 [Socket Reader #1 for port 9862] INFO ipc.Server: Auth successful for testuser/scm@EXAMPLE.COM (auth:KERBEROS)
scm_1       | 
s3g_1       | 	at org.apache.hadoop.ozone.client.rpc.RpcClient.<init>(RpcClient.java:158)
kdc_1       | Apr 01 12:35:26 kdc krb5kdc[8](info): AS_REQ (8 etypes {18 17 20 19 16 23 25 26}) 172.25.0.3: ISSUE: authtime 1585744526, etypes {rep=18 tkt=18 ses=18}, testuser/scm@EXAMPLE.COM for krbtgt/EXAMPLE.COM@EXAMPLE.COM
recon_1     | 2020-04-01 12:31:36,726 [EventQueue-PipelineReportForReconPipelineReportHandler] INFO scm.ReconPipelineReportHandler: Unknown pipeline PipelineID=8952dd2b-c90a-4753-a252-2a90249d4ded. Trying to get from SCM.
om_1        | 2020-04-01 12:34:15,015 [Socket Reader #1 for port 9862] INFO authorize.ServiceAuthorizationManager: Authorization successful for testuser/scm@EXAMPLE.COM (auth:KERBEROS) for protocol=interface org.apache.hadoop.ozone.om.protocol.OzoneManagerProtocol
scm_1       |      0K                                                       100% 32.2M=0s
s3g_1       | 	at org.apache.hadoop.ozone.client.OzoneClientFactory.getClientProtocol(OzoneClientFactory.java:192)
kdc_1       | Apr 01 12:35:28 kdc krb5kdc[8](info): TGS_REQ (6 etypes {18 17 20 19 16 23}) 172.25.0.3: ISSUE: authtime 1585744526, etypes {rep=18 tkt=18 ses=18}, testuser/scm@EXAMPLE.COM for om/om@EXAMPLE.COM
recon_1     | 2020-04-01 12:31:36,729 [EventQueue-PipelineReportForReconPipelineReportHandler] INFO scm.ReconPipelineReportHandler: Adding new pipeline Pipeline[ Id: 8952dd2b-c90a-4753-a252-2a90249d4ded, Nodes: ff5e3bea-a6ad-4a29-9da7-36e404121edd{ip: 172.25.0.10, host: ozonesecure_datanode_2.ozonesecure_default, networkLocation: /default-rack, certSerialId: null}, Type:RATIS, Factor:ONE, State:ALLOCATED, leaderId:null, CreationTimestamp2020-04-01T12:31:32.732Z] to Recon pipeline metadata.
om_1        | 2020-04-01 12:34:17,590 [Socket Reader #1 for port 9862] INFO ipc.Server: Auth successful for testuser/scm@EXAMPLE.COM (auth:KERBEROS)
scm_1       | 
s3g_1       | 	at org.apache.hadoop.ozone.client.OzoneClientFactory.getClientProtocol(OzoneClientFactory.java:175)
kdc_1       | Apr 01 12:35:31 kdc krb5kdc[8](info): TGS_REQ (6 etypes {18 17 20 19 16 23}) 172.25.0.3: ISSUE: authtime 1585744526, etypes {rep=18 tkt=18 ses=18}, testuser/scm@EXAMPLE.COM for om/om@EXAMPLE.COM
recon_1     | 2020-04-01 12:31:36,730 [EventQueue-PipelineReportForReconPipelineReportHandler] INFO pipeline.PipelineStateManager: Created pipeline Pipeline[ Id: 8952dd2b-c90a-4753-a252-2a90249d4ded, Nodes: ff5e3bea-a6ad-4a29-9da7-36e404121edd{ip: 172.25.0.10, host: ozonesecure_datanode_2.ozonesecure_default, networkLocation: /default-rack, certSerialId: null}, Type:RATIS, Factor:ONE, State:ALLOCATED, leaderId:null, CreationTimestamp2020-04-01T12:31:32.732Z]
om_1        | 2020-04-01 12:34:17,608 [Socket Reader #1 for port 9862] INFO authorize.ServiceAuthorizationManager: Authorization successful for testuser/scm@EXAMPLE.COM (auth:KERBEROS) for protocol=interface org.apache.hadoop.ozone.om.protocol.OzoneManagerProtocol
kdc_1       | Apr 01 12:35:33 kdc krb5kdc[8](info): TGS_REQ (6 etypes {18 17 20 19 16 23}) 172.25.0.3: ISSUE: authtime 1585744526, etypes {rep=18 tkt=18 ses=18}, testuser/scm@EXAMPLE.COM for om/om@EXAMPLE.COM
recon_1     | 2020-04-01 12:31:36,730 [EventQueue-PipelineReportForReconPipelineReportHandler] INFO scm.ReconPipelineReportHandler: Pipeline ONE PipelineID=8952dd2b-c90a-4753-a252-2a90249d4ded reported by ff5e3bea-a6ad-4a29-9da7-36e404121edd{ip: 172.25.0.10, host: ozonesecure_datanode_2.ozonesecure_default, networkLocation: /default-rack, certSerialId: 2688244534983}
om_1        | 2020-04-01 12:34:21,846 [Socket Reader #1 for port 9862] INFO ipc.Server: Auth successful for testuser/scm@EXAMPLE.COM (auth:KERBEROS)
scm_1       | 2020-04-01 12:30:54 (32.2 MB/s) - '/etc/security/keytabs/testuser.keytab' saved [152/152]
s3g_1       | 	at org.apache.hadoop.ozone.client.OzoneClientFactory.getRpcClient(OzoneClientFactory.java:140)
kdc_1       | Apr 01 12:35:36 kdc krb5kdc[8](info): TGS_REQ (6 etypes {18 17 20 19 16 23}) 172.25.0.3: ISSUE: authtime 1585744526, etypes {rep=18 tkt=18 ses=18}, testuser/scm@EXAMPLE.COM for om/om@EXAMPLE.COM
recon_1     | 2020-04-01 12:31:36,730 [EventQueue-PipelineReportForReconPipelineReportHandler] INFO pipeline.PipelineStateManager: Pipeline Pipeline[ Id: 8952dd2b-c90a-4753-a252-2a90249d4ded, Nodes: ff5e3bea-a6ad-4a29-9da7-36e404121edd{ip: 172.25.0.10, host: ozonesecure_datanode_2.ozonesecure_default, networkLocation: /default-rack, certSerialId: null}, Type:RATIS, Factor:ONE, State:ALLOCATED, leaderId:ff5e3bea-a6ad-4a29-9da7-36e404121edd, CreationTimestamp2020-04-01T12:31:32.732Z] moved to OPEN state
om_1        | 2020-04-01 12:34:21,861 [Socket Reader #1 for port 9862] INFO authorize.ServiceAuthorizationManager: Authorization successful for testuser/scm@EXAMPLE.COM (auth:KERBEROS) for protocol=interface org.apache.hadoop.ozone.om.protocol.OzoneManagerProtocol
scm_1       | 
s3g_1       | 	at org.apache.hadoop.ozone.s3.OzoneClientProducer.getClient(OzoneClientProducer.java:112)
kdc_1       | Apr 01 12:35:38 kdc krb5kdc[8](info): TGS_REQ (6 etypes {18 17 20 19 16 23}) 172.25.0.3: ISSUE: authtime 1585744526, etypes {rep=18 tkt=18 ses=18}, testuser/scm@EXAMPLE.COM for om/om@EXAMPLE.COM
recon_1     | 2020-04-01 12:31:36,973 [EventQueue-PipelineReportForReconPipelineReportHandler] INFO scm.ReconPipelineReportHandler: Pipeline THREE PipelineID=3aa67b0b-7e13-41b8-8ea1-f60474d4c486 reported by ff5e3bea-a6ad-4a29-9da7-36e404121edd{ip: 172.25.0.10, host: ozonesecure_datanode_2.ozonesecure_default, networkLocation: /default-rack, certSerialId: 2688244534983}
om_1        | 2020-04-01 12:34:24,582 [Socket Reader #1 for port 9862] INFO ipc.Server: Auth successful for testuser/scm@EXAMPLE.COM (auth:KERBEROS)
scm_1       | Keytab name: FILE:/etc/security/keytabs/testuser.keytab
s3g_1       | 	at org.apache.hadoop.ozone.s3.OzoneClientProducer.createClient(OzoneClientProducer.java:68)
kdc_1       | Apr 01 12:35:41 kdc krb5kdc[8](info): TGS_REQ (6 etypes {18 17 20 19 16 23}) 172.25.0.3: ISSUE: authtime 1585744526, etypes {rep=18 tkt=18 ses=18}, testuser/scm@EXAMPLE.COM for om/om@EXAMPLE.COM
recon_1     | 2020-04-01 12:31:38,962 [pool-9-thread-1] INFO impl.OzoneManagerServiceProviderImpl: Syncing data from Ozone Manager.
om_1        | 2020-04-01 12:34:24,591 [Socket Reader #1 for port 9862] INFO authorize.ServiceAuthorizationManager: Authorization successful for testuser/scm@EXAMPLE.COM (auth:KERBEROS) for protocol=interface org.apache.hadoop.ozone.om.protocol.OzoneManagerProtocol
scm_1       | KVNO Timestamp         Principal
s3g_1       | 	at java.base/jdk.internal.reflect.NativeMethodAccessorImpl.invoke0(Native Method)
kdc_1       | Apr 01 12:35:44 kdc krb5kdc[8](info): TGS_REQ (6 etypes {18 17 20 19 16 23}) 172.25.0.3: ISSUE: authtime 1585744526, etypes {rep=18 tkt=18 ses=18}, testuser/scm@EXAMPLE.COM for om/om@EXAMPLE.COM
recon_1     | 2020-04-01 12:31:38,963 [pool-9-thread-1] INFO impl.OzoneManagerServiceProviderImpl: Obtaining full snapshot from Ozone Manager
om_1        | 2020-04-01 12:34:27,086 [Socket Reader #1 for port 9862] INFO ipc.Server: Auth successful for testuser/scm@EXAMPLE.COM (auth:KERBEROS)
scm_1       | ---- ----------------- --------------------------------------------------------
s3g_1       | 	at java.base/jdk.internal.reflect.NativeMethodAccessorImpl.invoke(NativeMethodAccessorImpl.java:62)
kdc_1       | Apr 01 12:35:46 kdc krb5kdc[8](info): TGS_REQ (6 etypes {18 17 20 19 16 23}) 172.25.0.3: ISSUE: authtime 1585744526, etypes {rep=18 tkt=18 ses=18}, testuser/scm@EXAMPLE.COM for om/om@EXAMPLE.COM
recon_1     | 2020-04-01 12:31:39,828 [pool-9-thread-1] INFO impl.OzoneManagerServiceProviderImpl: Got new checkpoint from OM : /data/metadata/om.snapshot.db_1585744298963
om_1        | 2020-04-01 12:34:27,107 [Socket Reader #1 for port 9862] INFO authorize.ServiceAuthorizationManager: Authorization successful for testuser/scm@EXAMPLE.COM (auth:KERBEROS) for protocol=interface org.apache.hadoop.ozone.om.protocol.OzoneManagerProtocol
scm_1       |    2 04/01/20 12:30:54 testuser/scm@EXAMPLE.COM
s3g_1       | 	at java.base/jdk.internal.reflect.DelegatingMethodAccessorImpl.invoke(DelegatingMethodAccessorImpl.java:43)
kdc_1       | Apr 01 12:35:49 kdc krb5kdc[8](info): TGS_REQ (6 etypes {18 17 20 19 16 23}) 172.25.0.3: ISSUE: authtime 1585744526, etypes {rep=18 tkt=18 ses=18}, testuser/scm@EXAMPLE.COM for om/om@EXAMPLE.COM
recon_1     | 2020-04-01 12:31:39,876 [pool-9-thread-1] INFO recovery.ReconOmMetadataManagerImpl: Created OM DB handle from snapshot at /data/metadata/om.snapshot.db_1585744298963.
om_1        | 2020-04-01 12:34:29,581 [Socket Reader #1 for port 9862] INFO ipc.Server: Auth successful for testuser/scm@EXAMPLE.COM (auth:KERBEROS)
scm_1       |    2 04/01/20 12:30:54 testuser/scm@EXAMPLE.COM
s3g_1       | 	at java.base/java.lang.reflect.Method.invoke(Method.java:566)
s3g_1       | 	at org.jboss.weld.injection.StaticMethodInjectionPoint.invoke(StaticMethodInjectionPoint.java:88)
recon_1     | 2020-04-01 12:31:39,899 [pool-9-thread-1] INFO impl.OzoneManagerServiceProviderImpl: Calling reprocess on Recon tasks.
om_1        | 2020-04-01 12:34:29,595 [Socket Reader #1 for port 9862] INFO authorize.ServiceAuthorizationManager: Authorization successful for testuser/scm@EXAMPLE.COM (auth:KERBEROS) for protocol=interface org.apache.hadoop.ozone.om.protocol.OzoneManagerProtocol
scm_1       | Download testuser2/scm@EXAMPLE.COM keytab file to /etc/security/keytabs/testuser2.keytab
kdc_1       | Apr 01 12:35:51 kdc krb5kdc[8](info): TGS_REQ (6 etypes {18 17 20 19 16 23}) 172.25.0.3: ISSUE: authtime 1585744526, etypes {rep=18 tkt=18 ses=18}, testuser/scm@EXAMPLE.COM for om/om@EXAMPLE.COM
s3g_1       | 	at org.jboss.weld.injection.StaticMethodInjectionPoint.invoke(StaticMethodInjectionPoint.java:78)
recon_1     | 2020-04-01 12:31:39,900 [pool-10-thread-1] INFO tasks.ContainerKeyMapperTask: Starting a 'reprocess' run of ContainerKeyMapperTask.
scm_1       | --2020-04-01 12:30:54--  http://kdc:8081/keytab/scm/testuser2
om_1        | 2020-04-01 12:34:32,017 [Socket Reader #1 for port 9862] INFO ipc.Server: Auth successful for testuser/scm@EXAMPLE.COM (auth:KERBEROS)
s3g_1       | 	at org.jboss.weld.injection.producer.ProducerMethodProducer.produce(ProducerMethodProducer.java:100)
recon_1     | 2020-04-01 12:31:39,933 [pool-10-thread-1] INFO impl.ContainerDBServiceProviderImpl: Creating new Recon Container DB at /data/metadata/recon/recon-container-key.db_1585744299901
kdc_1       | Apr 01 12:35:56 kdc krb5kdc[8](info): TGS_REQ (6 etypes {18 17 20 19 16 23}) 172.25.0.3: ISSUE: authtime 1585744526, etypes {rep=18 tkt=18 ses=18}, testuser/scm@EXAMPLE.COM for om/om@EXAMPLE.COM
scm_1       | Resolving kdc (kdc)... 172.25.0.9
om_1        | 2020-04-01 12:34:32,028 [Socket Reader #1 for port 9862] INFO authorize.ServiceAuthorizationManager: Authorization successful for testuser/scm@EXAMPLE.COM (auth:KERBEROS) for protocol=interface org.apache.hadoop.ozone.om.protocol.OzoneManagerProtocol
s3g_1       | 	at org.jboss.weld.injection.producer.AbstractMemberProducer.produce(AbstractMemberProducer.java:161)
recon_1     | 2020-04-01 12:31:39,933 [pool-10-thread-1] INFO impl.ContainerDBServiceProviderImpl: Cleaning up old Recon Container DB at /data/metadata/recon/recon-container-key.db_1585744268002.
kdc_1       | Apr 01 12:36:00 kdc krb5kdc[8](info): TGS_REQ (6 etypes {18 17 20 19 16 23}) 172.25.0.3: ISSUE: authtime 1585744526, etypes {rep=18 tkt=18 ses=18}, testuser/scm@EXAMPLE.COM for om/om@EXAMPLE.COM
scm_1       | Connecting to kdc (kdc)|172.25.0.9|:8081... connected.
om_1        | 2020-04-01 12:34:34,622 [Socket Reader #1 for port 9862] INFO ipc.Server: Auth successful for testuser/scm@EXAMPLE.COM (auth:KERBEROS)
s3g_1       | 	at org.jboss.weld.bean.AbstractProducerBean.create(AbstractProducerBean.java:180)
recon_1     | 2020-04-01 12:31:39,964 [pool-10-thread-1] INFO tasks.ContainerKeyMapperTask: Completed 'reprocess' of ContainerKeyMapperTask.
kdc_1       | Apr 01 12:36:02 kdc krb5kdc[8](info): TGS_REQ (6 etypes {18 17 20 19 16 23}) 172.25.0.3: ISSUE: authtime 1585744526, etypes {rep=18 tkt=18 ses=18}, testuser/scm@EXAMPLE.COM for om/om@EXAMPLE.COM
scm_1       | HTTP request sent, awaiting response... 200 OK
om_1        | 2020-04-01 12:34:34,640 [Socket Reader #1 for port 9862] INFO authorize.ServiceAuthorizationManager: Authorization successful for testuser/scm@EXAMPLE.COM (auth:KERBEROS) for protocol=interface org.apache.hadoop.ozone.om.protocol.OzoneManagerProtocol
s3g_1       | 	at org.jboss.weld.context.unbound.DependentContextImpl.get(DependentContextImpl.java:70)
recon_1     | 2020-04-01 12:31:39,965 [pool-10-thread-1] INFO tasks.ContainerKeyMapperTask: It took me 0.063 seconds to process 0 keys.
kdc_1       | Apr 01 12:36:05 kdc krb5kdc[8](info): TGS_REQ (6 etypes {18 17 20 19 16 23}) 172.25.0.3: ISSUE: authtime 1585744526, etypes {rep=18 tkt=18 ses=18}, testuser/scm@EXAMPLE.COM for om/om@EXAMPLE.COM
scm_1       | Length: 154 [application/octet-stream]
om_1        | 2020-04-01 12:34:37,162 [Socket Reader #1 for port 9862] INFO ipc.Server: Auth successful for testuser/scm@EXAMPLE.COM (auth:KERBEROS)
s3g_1       | 	at org.jboss.weld.bean.ContextualInstanceStrategy$DefaultContextualInstanceStrategy.get(ContextualInstanceStrategy.java:100)
recon_1     | 2020-04-01 12:31:40,382 [pool-10-thread-1] INFO tasks.FileSizeCountTask: Completed a 'reprocess' run of FileSizeCountTask.
kdc_1       | Apr 01 12:36:07 kdc krb5kdc[8](info): TGS_REQ (6 etypes {18 17 20 19 16 23}) 172.25.0.3: ISSUE: authtime 1585744526, etypes {rep=18 tkt=18 ses=18}, testuser/scm@EXAMPLE.COM for om/om@EXAMPLE.COM
scm_1       | Saving to: '/etc/security/keytabs/testuser2.keytab'
om_1        | 2020-04-01 12:34:37,175 [Socket Reader #1 for port 9862] INFO authorize.ServiceAuthorizationManager: Authorization successful for testuser/scm@EXAMPLE.COM (auth:KERBEROS) for protocol=interface org.apache.hadoop.ozone.om.protocol.OzoneManagerProtocol
s3g_1       | 	at org.jboss.weld.bean.ContextualInstance.get(ContextualInstance.java:50)
recon_1     | 2020-04-01 12:31:40,627 [EventQueue-PipelineReportForReconPipelineReportHandler] INFO scm.ReconPipelineReportHandler: Pipeline THREE PipelineID=3aa67b0b-7e13-41b8-8ea1-f60474d4c486 reported by a8df2daa-5823-42ac-8e32-12b97dd6ae85{ip: 172.25.0.8, host: ozonesecure_datanode_3.ozonesecure_default, networkLocation: /default-rack, certSerialId: 2688086897997}
kdc_1       | Apr 01 12:36:10 kdc krb5kdc[8](info): TGS_REQ (6 etypes {18 17 20 19 16 23}) 172.25.0.3: ISSUE: authtime 1585744526, etypes {rep=18 tkt=18 ses=18}, testuser/scm@EXAMPLE.COM for om/om@EXAMPLE.COM
scm_1       | 
om_1        | 2020-04-01 12:34:39,762 [Socket Reader #1 for port 9862] INFO ipc.Server: Auth successful for testuser/scm@EXAMPLE.COM (auth:KERBEROS)
s3g_1       | 	at org.jboss.weld.manager.BeanManagerImpl.getReference(BeanManagerImpl.java:785)
recon_1     | 2020-04-01 12:31:40,854 [EventQueue-PipelineReportForReconPipelineReportHandler] INFO scm.ReconPipelineReportHandler: Pipeline THREE PipelineID=3aa67b0b-7e13-41b8-8ea1-f60474d4c486 reported by a8df2daa-5823-42ac-8e32-12b97dd6ae85{ip: 172.25.0.8, host: ozonesecure_datanode_3.ozonesecure_default, networkLocation: /default-rack, certSerialId: 2688086897997}
kdc_1       | Apr 01 12:36:12 kdc krb5kdc[8](info): TGS_REQ (6 etypes {18 17 20 19 16 23}) 172.25.0.3: ISSUE: authtime 1585744526, etypes {rep=18 tkt=18 ses=18}, testuser/scm@EXAMPLE.COM for om/om@EXAMPLE.COM
scm_1       |      0K                                                       100% 28.2M=0s
om_1        | 2020-04-01 12:34:39,778 [Socket Reader #1 for port 9862] INFO authorize.ServiceAuthorizationManager: Authorization successful for testuser/scm@EXAMPLE.COM (auth:KERBEROS) for protocol=interface org.apache.hadoop.ozone.om.protocol.OzoneManagerProtocol
s3g_1       | 	at org.jboss.weld.manager.BeanManagerImpl.getInjectableReference(BeanManagerImpl.java:885)
recon_1     | 2020-04-01 12:31:40,854 [EventQueue-PipelineReportForReconPipelineReportHandler] INFO pipeline.PipelineStateManager: Pipeline Pipeline[ Id: 3aa67b0b-7e13-41b8-8ea1-f60474d4c486, Nodes: 00667635-bc25-4d3f-8758-09b618b73407{ip: 172.25.0.5, host: ozonesecure_datanode_1.ozonesecure_default, networkLocation: /default-rack, certSerialId: null}a8df2daa-5823-42ac-8e32-12b97dd6ae85{ip: 172.25.0.8, host: ozonesecure_datanode_3.ozonesecure_default, networkLocation: /default-rack, certSerialId: null}ff5e3bea-a6ad-4a29-9da7-36e404121edd{ip: 172.25.0.10, host: ozonesecure_datanode_2.ozonesecure_default, networkLocation: /default-rack, certSerialId: null}, Type:RATIS, Factor:THREE, State:ALLOCATED, leaderId:a8df2daa-5823-42ac-8e32-12b97dd6ae85, CreationTimestamp2020-04-01T12:31:32.765Z] moved to OPEN state
kdc_1       | Apr 01 12:36:15 kdc krb5kdc[8](info): TGS_REQ (6 etypes {18 17 20 19 16 23}) 172.25.0.3: ISSUE: authtime 1585744526, etypes {rep=18 tkt=18 ses=18}, testuser/scm@EXAMPLE.COM for om/om@EXAMPLE.COM
scm_1       | 
om_1        | 2020-04-01 12:34:41,175 [Socket Reader #1 for port 9862] INFO ipc.Server: Auth successful for recon/recon@EXAMPLE.COM (auth:KERBEROS)
s3g_1       | 	at org.jboss.weld.injection.FieldInjectionPoint.inject(FieldInjectionPoint.java:92)
recon_1     | 2020-04-01 12:31:51,926 [Socket Reader #1 for port 9891] INFO ipc.Server: Auth successful for dn/ad064fbe7f0f@EXAMPLE.COM (auth:KERBEROS)
kdc_1       | Apr 01 12:36:20 kdc krb5kdc[8](info): AS_REQ (8 etypes {18 17 20 19 16 23 25 26}) 172.25.0.3: ISSUE: authtime 1585744580, etypes {rep=18 tkt=18 ses=18}, testuser2/scm@EXAMPLE.COM for krbtgt/EXAMPLE.COM@EXAMPLE.COM
scm_1       | 2020-04-01 12:30:54 (28.2 MB/s) - '/etc/security/keytabs/testuser2.keytab' saved [154/154]
om_1        | 2020-04-01 12:34:41,185 [Socket Reader #1 for port 9862] INFO authorize.ServiceAuthorizationManager: Authorization successful for recon/recon@EXAMPLE.COM (auth:KERBEROS) for protocol=interface org.apache.hadoop.ozone.om.protocol.OzoneManagerProtocol
s3g_1       | 	at org.jboss.weld.util.Beans.injectBoundFields(Beans.java:358)
recon_1     | 2020-04-01 12:31:51,958 [Socket Reader #1 for port 9891] INFO authorize.ServiceAuthorizationManager: Authorization successful for dn/ad064fbe7f0f@EXAMPLE.COM (auth:KERBEROS) for protocol=interface org.apache.hadoop.ozone.protocol.ReconDatanodeProtocol
kdc_1       | Apr 01 12:36:22 kdc krb5kdc[8](info): TGS_REQ (6 etypes {18 17 20 19 16 23}) 172.25.0.3: ISSUE: authtime 1585744580, etypes {rep=18 tkt=18 ses=18}, testuser2/scm@EXAMPLE.COM for om/om@EXAMPLE.COM
scm_1       | 
om_1        | 2020-04-01 12:34:42,304 [Socket Reader #1 for port 9862] INFO ipc.Server: Auth successful for testuser/scm@EXAMPLE.COM (auth:KERBEROS)
s3g_1       | 	at org.jboss.weld.util.Beans.injectFieldsAndInitializers(Beans.java:369)
recon_1     | 2020-04-01 12:31:51,965 [EventQueue-IncrementalContainerReportForReconIncrementalContainerReportHandler] INFO scm.ReconContainerManager: New container #1 got from ozonesecure_datanode_3.ozonesecure_default.
kdc_1       | Apr 01 12:36:22 kdc krb5kdc[8](info): AS_REQ (8 etypes {18 17 20 19 16 23 25 26}) 172.25.0.3: ISSUE: authtime 1585744582, etypes {rep=18 tkt=18 ses=18}, testuser/scm@EXAMPLE.COM for krbtgt/EXAMPLE.COM@EXAMPLE.COM
scm_1       | Keytab name: FILE:/etc/security/keytabs/testuser2.keytab
om_1        | 2020-04-01 12:34:42,323 [Socket Reader #1 for port 9862] INFO authorize.ServiceAuthorizationManager: Authorization successful for testuser/scm@EXAMPLE.COM (auth:KERBEROS) for protocol=interface org.apache.hadoop.ozone.om.protocol.OzoneManagerProtocol
s3g_1       | 	at org.jboss.weld.injection.producer.ResourceInjector$1.proceed(ResourceInjector.java:70)
recon_1     | 2020-04-01 12:31:52,331 [EventQueue-IncrementalContainerReportForReconIncrementalContainerReportHandler] INFO scm.ReconContainerManager: Successfully added container #1 to Recon.
kdc_1       | Apr 01 12:36:24 kdc krb5kdc[8](info): TGS_REQ (6 etypes {18 17 20 19 16 23}) 172.25.0.3: ISSUE: authtime 1585744582, etypes {rep=18 tkt=18 ses=18}, testuser/scm@EXAMPLE.COM for om/om@EXAMPLE.COM
scm_1       | KVNO Timestamp         Principal
om_1        | 2020-04-01 12:34:42,863 [IPC Server handler 85 on 9862] INFO volume.OMVolumeCreateRequest: created volume:77742-rpcwport for user:testuser/scm@EXAMPLE.COM
s3g_1       | 	at org.jboss.weld.injection.InjectionContextImpl.run(InjectionContextImpl.java:48)
recon_1     | 2020-04-01 12:31:52,622 [Socket Reader #1 for port 9891] INFO ipc.Server: Auth successful for dn/260f5190a878@EXAMPLE.COM (auth:KERBEROS)
kdc_1       | Apr 01 12:36:27 kdc krb5kdc[8](info): TGS_REQ (6 etypes {18 17 20 19 16 23}) 172.25.0.3: ISSUE: authtime 1585744582, etypes {rep=18 tkt=18 ses=18}, testuser/scm@EXAMPLE.COM for om/om@EXAMPLE.COM
scm_1       | ---- ----------------- --------------------------------------------------------
om_1        | 2020-04-01 12:34:44,833 [Socket Reader #1 for port 9862] INFO ipc.Server: Auth successful for testuser/scm@EXAMPLE.COM (auth:KERBEROS)
s3g_1       | 	at org.jboss.weld.injection.producer.ResourceInjector.inject(ResourceInjector.java:72)
recon_1     | 2020-04-01 12:31:52,654 [Socket Reader #1 for port 9891] INFO authorize.ServiceAuthorizationManager: Authorization successful for dn/260f5190a878@EXAMPLE.COM (auth:KERBEROS) for protocol=interface org.apache.hadoop.ozone.protocol.ReconDatanodeProtocol
kdc_1       | Apr 01 12:36:29 kdc krb5kdc[8](info): TGS_REQ (6 etypes {18 17 20 19 16 23}) 172.25.0.3: ISSUE: authtime 1585744582, etypes {rep=18 tkt=18 ses=18}, testuser/scm@EXAMPLE.COM for om/om@EXAMPLE.COM
scm_1       |    2 04/01/20 12:30:54 testuser2/scm@EXAMPLE.COM
s3g_1       | 	at org.jboss.weld.injection.producer.BasicInjectionTarget.inject(BasicInjectionTarget.java:117)
om_1        | 2020-04-01 12:34:44,845 [Socket Reader #1 for port 9862] INFO authorize.ServiceAuthorizationManager: Authorization successful for testuser/scm@EXAMPLE.COM (auth:KERBEROS) for protocol=interface org.apache.hadoop.ozone.om.protocol.OzoneManagerProtocol
recon_1     | 2020-04-01 12:31:52,917 [Socket Reader #1 for port 9891] INFO ipc.Server: Auth successful for dn/ecee956e84fd@EXAMPLE.COM (auth:KERBEROS)
kdc_1       | Apr 01 12:36:32 kdc krb5kdc[8](info): TGS_REQ (6 etypes {18 17 20 19 16 23}) 172.25.0.3: ISSUE: authtime 1585744582, etypes {rep=18 tkt=18 ses=18}, testuser/scm@EXAMPLE.COM for om/om@EXAMPLE.COM
scm_1       |    2 04/01/20 12:30:54 testuser2/scm@EXAMPLE.COM
s3g_1       | 	at org.glassfish.jersey.ext.cdi1x.internal.CdiComponentProvider$InjectionManagerInjectedCdiTarget.inject(CdiComponentProvider.java:873)
om_1        | 2020-04-01 12:34:47,223 [Socket Reader #1 for port 9862] INFO ipc.Server: Auth successful for testuser/scm@EXAMPLE.COM (auth:KERBEROS)
recon_1     | 2020-04-01 12:31:52,969 [Socket Reader #1 for port 9891] INFO authorize.ServiceAuthorizationManager: Authorization successful for dn/ecee956e84fd@EXAMPLE.COM (auth:KERBEROS) for protocol=interface org.apache.hadoop.ozone.protocol.ReconDatanodeProtocol
kdc_1       | Apr 01 12:36:35 kdc krb5kdc[8](info): TGS_REQ (6 etypes {18 17 20 19 16 23}) 172.25.0.3: ISSUE: authtime 1585744582, etypes {rep=18 tkt=18 ses=18}, testuser/scm@EXAMPLE.COM for om/om@EXAMPLE.COM
scm_1       | 2020-04-01 12:31:09,769 [main] INFO server.StorageContainerManagerStarter: STARTUP_MSG: 
s3g_1       | 	at org.jboss.weld.bean.ManagedBean.create(ManagedBean.java:159)
om_1        | 2020-04-01 12:34:47,237 [Socket Reader #1 for port 9862] INFO authorize.ServiceAuthorizationManager: Authorization successful for testuser/scm@EXAMPLE.COM (auth:KERBEROS) for protocol=interface org.apache.hadoop.ozone.om.protocol.OzoneManagerProtocol
recon_1     | 2020-04-01 12:32:21,991 [Socket Reader #1 for port 9891] INFO ipc.Server: Auth successful for dn/ad064fbe7f0f@EXAMPLE.COM (auth:KERBEROS)
kdc_1       | Apr 01 12:36:37 kdc krb5kdc[8](info): TGS_REQ (6 etypes {18 17 20 19 16 23}) 172.25.0.3: ISSUE: authtime 1585744582, etypes {rep=18 tkt=18 ses=18}, testuser/scm@EXAMPLE.COM for om/om@EXAMPLE.COM
scm_1       | /************************************************************
scm_1       | STARTUP_MSG: Starting StorageContainerManager
om_1        | 2020-04-01 12:34:49,783 [Socket Reader #1 for port 9862] INFO ipc.Server: Auth successful for testuser/scm@EXAMPLE.COM (auth:KERBEROS)
recon_1     | 2020-04-01 12:32:22,015 [Socket Reader #1 for port 9891] INFO authorize.ServiceAuthorizationManager: Authorization successful for dn/ad064fbe7f0f@EXAMPLE.COM (auth:KERBEROS) for protocol=interface org.apache.hadoop.ozone.protocol.ReconDatanodeProtocol
kdc_1       | Apr 01 12:36:40 kdc krb5kdc[8](info): TGS_REQ (6 etypes {18 17 20 19 16 23}) 172.25.0.3: ISSUE: authtime 1585744582, etypes {rep=18 tkt=18 ses=18}, testuser/scm@EXAMPLE.COM for om/om@EXAMPLE.COM
s3g_1       | 	at org.jboss.weld.context.unbound.DependentContextImpl.get(DependentContextImpl.java:70)
scm_1       | STARTUP_MSG:   host = scm/172.25.0.3
om_1        | 2020-04-01 12:34:49,798 [Socket Reader #1 for port 9862] INFO authorize.ServiceAuthorizationManager: Authorization successful for testuser/scm@EXAMPLE.COM (auth:KERBEROS) for protocol=interface org.apache.hadoop.ozone.om.protocol.OzoneManagerProtocol
recon_1     | 2020-04-01 12:32:22,669 [Socket Reader #1 for port 9891] INFO ipc.Server: Auth successful for dn/260f5190a878@EXAMPLE.COM (auth:KERBEROS)
kdc_1       | Apr 01 12:36:42 kdc krb5kdc[8](info): TGS_REQ (6 etypes {18 17 20 19 16 23}) 172.25.0.3: ISSUE: authtime 1585744582, etypes {rep=18 tkt=18 ses=18}, testuser/scm@EXAMPLE.COM for om/om@EXAMPLE.COM
s3g_1       | 	at org.jboss.weld.bean.ContextualInstanceStrategy$DefaultContextualInstanceStrategy.get(ContextualInstanceStrategy.java:100)
scm_1       | STARTUP_MSG:   args = [--init]
om_1        | 2020-04-01 12:34:52,352 [Socket Reader #1 for port 9862] INFO ipc.Server: Auth successful for testuser/scm@EXAMPLE.COM (auth:KERBEROS)
recon_1     | 2020-04-01 12:32:22,715 [Socket Reader #1 for port 9891] INFO authorize.ServiceAuthorizationManager: Authorization successful for dn/260f5190a878@EXAMPLE.COM (auth:KERBEROS) for protocol=interface org.apache.hadoop.ozone.protocol.ReconDatanodeProtocol
kdc_1       | Apr 01 12:36:45 kdc krb5kdc[8](info): TGS_REQ (6 etypes {18 17 20 19 16 23}) 172.25.0.3: ISSUE: authtime 1585744582, etypes {rep=18 tkt=18 ses=18}, testuser/scm@EXAMPLE.COM for om/om@EXAMPLE.COM
s3g_1       | 	at org.jboss.weld.bean.ContextualInstance.get(ContextualInstance.java:50)
scm_1       | STARTUP_MSG:   version = 3.2.0
recon_1     | 2020-04-01 12:32:22,840 [Socket Reader #1 for port 9891] INFO ipc.Server: Auth successful for dn/ecee956e84fd@EXAMPLE.COM (auth:KERBEROS)
kdc_1       | Apr 01 12:36:48 kdc krb5kdc[8](info): TGS_REQ (6 etypes {18 17 20 19 16 23}) 172.25.0.3: ISSUE: authtime 1585744582, etypes {rep=18 tkt=18 ses=18}, testuser/scm@EXAMPLE.COM for om/om@EXAMPLE.COM
s3g_1       | 	at org.jboss.weld.manager.BeanManagerImpl.getReference(BeanManagerImpl.java:785)
om_1        | 2020-04-01 12:34:52,365 [Socket Reader #1 for port 9862] INFO authorize.ServiceAuthorizationManager: Authorization successful for testuser/scm@EXAMPLE.COM (auth:KERBEROS) for protocol=interface org.apache.hadoop.ozone.om.protocol.OzoneManagerProtocol
recon_1     | 2020-04-01 12:32:22,861 [Socket Reader #1 for port 9891] INFO authorize.ServiceAuthorizationManager: Authorization successful for dn/ecee956e84fd@EXAMPLE.COM (auth:KERBEROS) for protocol=interface org.apache.hadoop.ozone.protocol.ReconDatanodeProtocol
scm_1       | STARTUP_MSG:   classpath = /etc/hadoop:/opt/hadoop/share/hadoop/common/*:/opt/hadoop/share/ozone/lib/kerb-simplekdc-1.0.1.jar:/opt/hadoop/share/ozone/lib/jackson-databind-2.10.3.jar:/opt/hadoop/share/ozone/lib/protobuf-java-2.5.0.jar:/opt/hadoop/share/ozone/lib/bcpkix-jdk15on-1.60.jar:/opt/hadoop/share/ozone/lib/commons-validator-1.6.jar:/opt/hadoop/share/ozone/lib/hadoop-hdds-client-0.6.0-SNAPSHOT.jar:/opt/hadoop/share/ozone/lib/netty-3.10.5.Final.jar:/opt/hadoop/share/ozone/lib/netty-all-4.1.47.Final.jar:/opt/hadoop/share/ozone/lib/kerb-core-1.0.1.jar:/opt/hadoop/share/ozone/lib/jsr305-3.0.0.jar:/opt/hadoop/share/ozone/lib/j2objc-annotations-1.3.jar:/opt/hadoop/share/ozone/lib/leveldbjni-all-1.8.jar:/opt/hadoop/share/ozone/lib/jetty-io-9.4.26.v20200117.jar:/opt/hadoop/share/ozone/lib/htrace-core4-4.1.0-incubating.jar:/opt/hadoop/share/ozone/lib/hadoop-annotations-3.2.0.jar:/opt/hadoop/share/ozone/lib/jetty-http-9.4.26.v20200117.jar:/opt/hadoop/share/ozone/lib/kerb-util-1.0.1.jar:/opt/hadoop/share/ozone/lib/jetty-xml-9.4.26.v20200117.jar:/opt/hadoop/share/ozone/lib/jackson-jaxrs-1.9.13.jar:/opt/hadoop/share/ozone/lib/ratis-thirdparty-misc-0.3.0.jar:/opt/hadoop/share/ozone/lib/ratis-metrics-0.6.0-a320ae0-SNAPSHOT.jar:/opt/hadoop/share/ozone/lib/kerby-xdr-1.0.1.jar:/opt/hadoop/share/ozone/lib/jackson-core-asl-1.9.13.jar:/opt/hadoop/share/ozone/lib/jetty-server-9.4.26.v20200117.jar:/opt/hadoop/share/ozone/lib/commons-net-3.6.jar:/opt/hadoop/share/ozone/lib/log4j-api-2.11.0.jar:/opt/hadoop/share/ozone/lib/hadoop-hdfs-3.2.0.jar:/opt/hadoop/share/ozone/lib/jline-0.9.94.jar:/opt/hadoop/share/ozone/lib/opentracing-api-0.31.0.jar:/opt/hadoop/share/ozone/lib/slf4j-log4j12-1.7.25.jar:/opt/hadoop/share/ozone/lib/hadoop-hdfs-client-3.2.0.jar:/opt/hadoop/share/ozone/lib/kerby-config-1.0.1.jar:/opt/hadoop/share/ozone/lib/libthrift-0.12.0.jar:/opt/hadoop/share/ozone/lib/metrics-core-3.2.4.jar:/opt/hadoop/share/ozone/lib/jetty-util-ajax-9.4.26.v20200117.jar:/opt/hadoop/share/ozone/lib/guava-28.2-jre.jar:/opt/hadoop/share/ozone/lib/kerby-pkix-1.0.1.jar:/opt/hadoop/share/ozone/lib/jetty-servlet-9.4.26.v20200117.jar:/opt/hadoop/share/ozone/lib/xz-1.0.jar:/opt/hadoop/share/ozone/lib/ratis-grpc-0.6.0-a320ae0-SNAPSHOT.jar:/opt/hadoop/share/ozone/lib/jsr311-api-1.1.1.jar:/opt/hadoop/share/ozone/lib/commons-beanutils-1.9.4.jar:/opt/hadoop/share/ozone/lib/rocksdbjni-6.6.4.jar:/opt/hadoop/share/ozone/lib/hadoop-hdds-container-service-0.6.0-SNAPSHOT.jar:/opt/hadoop/share/ozone/lib/jetty-security-9.4.26.v20200117.jar:/opt/hadoop/share/ozone/lib/javax.servlet-api-3.1.0.jar:/opt/hadoop/share/ozone/lib/kerb-server-1.0.1.jar:/opt/hadoop/share/ozone/lib/zookeeper-3.4.13.jar:/opt/hadoop/share/ozone/lib/avro-1.7.7.jar:/opt/hadoop/share/ozone/lib/kerb-client-1.0.1.jar:/opt/hadoop/share/ozone/lib/jackson-xc-1.9.13.jar:/opt/hadoop/share/ozone/lib/disruptor-3.4.2.jar:/opt/hadoop/share/ozone/lib/hadoop-hdds-docs-0.6.0-SNAPSHOT.jar:/opt/hadoop/share/ozone/lib/curator-framework-2.12.0.jar:/opt/hadoop/share/ozone/lib/simpleclient_common-0.7.0.jar:/opt/hadoop/share/ozone/lib/dnsjava-2.1.7.jar:/opt/hadoop/share/ozone/lib/jackson-annotations-2.10.3.jar:/opt/hadoop/share/ozone/lib/commons-configuration2-2.1.1.jar:/opt/hadoop/share/ozone/lib/json-smart-2.3.jar:/opt/hadoop/share/ozone/lib/token-provider-1.0.1.jar:/opt/hadoop/share/ozone/lib/ratis-proto-0.6.0-a320ae0-SNAPSHOT.jar:/opt/hadoop/share/ozone/lib/log4j-1.2.17.jar:/opt/hadoop/share/ozone/lib/commons-daemon-1.0.13.jar:/opt/hadoop/share/ozone/lib/listenablefuture-9999.0-empty-to-avoid-conflict-with-guava.jar:/opt/hadoop/share/ozone/lib/bcprov-jdk15on-1.60.jar:/opt/hadoop/share/ozone/lib/jetty-webapp-9.4.26.v20200117.jar:/opt/hadoop/share/ozone/lib/commons-lang3-3.7.jar:/opt/hadoop/share/ozone/lib/jaeger-client-0.34.0.jar:/opt/hadoop/share/ozone/lib/commons-compress-1.4.1.jar:/opt/hadoop/share/ozone/lib/accessors-smart-1.2.jar:/opt/hadoop/share/ozone/lib/re2j-1.1.jar:/opt/hadoop/share/ozone/lib/curator-recipes-2.12.0.jar:/opt/hadoop/share/ozone/lib/commons-math3-3.1.1.jar:/opt/hadoop/share/ozone/lib/simpleclient_dropwizard-0.7.0.jar:/opt/hadoop/share/ozone/lib/opentracing-noop-0.31.0.jar:/opt/hadoop/share/ozone/lib/simpleclient-0.7.0.jar:/opt/hadoop/share/ozone/lib/httpclient-4.5.2.jar:/opt/hadoop/share/ozone/lib/ratis-netty-0.6.0-a320ae0-SNAPSHOT.jar:/opt/hadoop/share/ozone/lib/jaeger-core-0.34.0.jar:/opt/hadoop/share/ozone/lib/asm-5.0.4.jar:/opt/hadoop/share/ozone/lib/curator-client-2.12.0.jar:/opt/hadoop/share/ozone/lib/audience-annotations-0.5.0.jar:/opt/hadoop/share/ozone/lib/kerby-util-1.0.1.jar:/opt/hadoop/share/ozone/lib/failureaccess-1.0.1.jar:/opt/hadoop/share/ozone/lib/ratis-common-0.6.0-a320ae0-SNAPSHOT.jar:/opt/hadoop/share/ozone/lib/jackson-mapper-asl-1.9.13.jar:/opt/hadoop/share/ozone/lib/jsp-api-2.1.jar:/opt/hadoop/share/ozone/lib/jsch-0.1.54.jar:/opt/hadoop/share/ozone/lib/opentracing-tracerresolver-0.1.5.jar:/opt/hadoop/share/ozone/lib/paranamer-2.3.jar:/opt/hadoop/share/ozone/lib/log4j-core-2.11.0.jar:/opt/hadoop/share/ozone/lib/nimbus-jose-jwt-7.9.jar:/opt/hadoop/share/ozone/lib/commons-codec-1.11.jar:/opt/hadoop/share/ozone/lib/commons-pool2-2.6.0.jar:/opt/hadoop/share/ozone/lib/jackson-datatype-jsr310-2.10.3.jar:/opt/hadoop/share/ozone/lib/gson-2.2.4.jar:/opt/hadoop/share/ozone/lib/jcip-annotations-1.0-1.jar:/opt/hadoop/share/ozone/lib/kerb-admin-1.0.1.jar:/opt/hadoop/share/ozone/lib/okio-1.13.0.jar:/opt/hadoop/share/ozone/lib/commons-io-2.5.jar:/opt/hadoop/share/ozone/lib/snakeyaml-1.16.jar:/opt/hadoop/share/ozone/lib/jetty-util-9.4.26.v20200117.jar:/opt/hadoop/share/ozone/lib/jersey-core-1.19.jar:/opt/hadoop/share/ozone/lib/checker-qual-2.10.0.jar:/opt/hadoop/share/ozone/lib/ratis-client-0.6.0-a320ae0-SNAPSHOT.jar:/opt/hadoop/share/ozone/lib/hadoop-hdds-server-framework-0.6.0-SNAPSHOT.jar:/opt/hadoop/share/ozone/lib/error_prone_annotations-2.3.4.jar:/opt/hadoop/share/ozone/lib/picocli-3.9.6.jar:/opt/hadoop/share/ozone/lib/jaeger-thrift-0.34.0.jar:/opt/hadoop/share/ozone/lib/hadoop-hdds-common-0.6.0-SNAPSHOT.jar:/opt/hadoop/share/ozone/lib/commons-cli-1.2.jar:/opt/hadoop/share/ozone/lib/woodstox-core-5.0.3.jar:/opt/hadoop/share/ozone/lib/javax.annotation-api-1.2.jar:/opt/hadoop/share/ozone/lib/snappy-java-1.0.5.jar:/opt/hadoop/share/ozone/lib/jaeger-tracerresolver-0.34.0.jar:/opt/hadoop/share/ozone/lib/kerby-asn1-1.0.1.jar:/opt/hadoop/share/ozone/lib/okhttp-3.9.0.jar:/opt/hadoop/share/ozone/lib/hadoop-hdds-config-0.6.0-SNAPSHOT.jar:/opt/hadoop/share/ozone/lib/stax2-api-3.1.4.jar:/opt/hadoop/share/ozone/lib/commons-digester-1.8.1.jar:/opt/hadoop/share/ozone/lib/commons-collections-3.2.2.jar:/opt/hadoop/share/ozone/lib/jettison-1.1.jar:/opt/hadoop/share/ozone/lib/jackson-core-2.10.3.jar:/opt/hadoop/share/ozone/lib/commons-text-1.4.jar:/opt/hadoop/share/ozone/lib/jersey-servlet-1.19.jar:/opt/hadoop/share/ozone/lib/jersey-json-1.19.jar:/opt/hadoop/share/ozone/lib/slf4j-api-1.7.25.jar:/opt/hadoop/share/ozone/lib/commons-logging-1.1.3.jar:/opt/hadoop/share/ozone/lib/kerb-identity-1.0.1.jar:/opt/hadoop/share/ozone/lib/opentracing-util-0.31.0.jar:/opt/hadoop/share/ozone/lib/hadoop-common-3.2.0.jar:/opt/hadoop/share/ozone/lib/hadoop-auth-3.2.0.jar:/opt/hadoop/share/ozone/lib/kerb-common-1.0.1.jar:/opt/hadoop/share/ozone/lib/jersey-server-1.19.jar:/opt/hadoop/share/ozone/lib/hadoop-hdds-common-0.6.0-SNAPSHOT-tests.jar:/opt/hadoop/share/ozone/lib/kerb-crypto-1.0.1.jar:/opt/hadoop/share/ozone/lib/ratis-server-0.6.0-a320ae0-SNAPSHOT.jar:/opt/hadoop/share/ozone/lib/httpcore-4.4.4.jar:/opt/hadoop/share/ozone/web:/opt/hadoop/share/ozone/lib/hadoop-hdds-server-scm-0.6.0-SNAPSHOT.jar
kdc_1       | Apr 01 12:36:50 kdc krb5kdc[8](info): TGS_REQ (6 etypes {18 17 20 19 16 23}) 172.25.0.3: ISSUE: authtime 1585744582, etypes {rep=18 tkt=18 ses=18}, testuser/scm@EXAMPLE.COM for om/om@EXAMPLE.COM
s3g_1       | 	at org.jboss.weld.manager.BeanManagerImpl.getReference(BeanManagerImpl.java:808)
om_1        | 2020-04-01 12:34:54,990 [Socket Reader #1 for port 9862] INFO ipc.Server: Auth successful for testuser/scm@EXAMPLE.COM (auth:KERBEROS)
recon_1     | 2020-04-01 12:32:40,402 [pool-9-thread-1] INFO impl.OzoneManagerServiceProviderImpl: Syncing data from Ozone Manager.
scm_1       | STARTUP_MSG:   build = https://github.com/apache/hadoop.git -r e97acb3bd8f3befd27418996fa5d4b50bf2e17bf; compiled by 'sunilg' on 2019-01-15T17:34Z
kdc_1       | Apr 01 12:36:53 kdc krb5kdc[8](info): TGS_REQ (6 etypes {18 17 20 19 16 23}) 172.25.0.3: ISSUE: authtime 1585744582, etypes {rep=18 tkt=18 ses=18}, testuser/scm@EXAMPLE.COM for om/om@EXAMPLE.COM
s3g_1       | 	at org.jboss.weld.util.ForwardingBeanManager.getReference(ForwardingBeanManager.java:61)
om_1        | 2020-04-01 12:34:55,008 [Socket Reader #1 for port 9862] INFO authorize.ServiceAuthorizationManager: Authorization successful for testuser/scm@EXAMPLE.COM (auth:KERBEROS) for protocol=interface org.apache.hadoop.ozone.om.protocol.OzoneManagerProtocol
recon_1     | 2020-04-01 12:32:40,403 [pool-9-thread-1] INFO impl.OzoneManagerServiceProviderImpl: Obtaining full snapshot from Ozone Manager
scm_1       | STARTUP_MSG:   java = 11.0.3
kdc_1       | Apr 01 12:36:55 kdc krb5kdc[8](info): TGS_REQ (6 etypes {18 17 20 19 16 23}) 172.25.0.3: ISSUE: authtime 1585744582, etypes {rep=18 tkt=18 ses=18}, testuser/scm@EXAMPLE.COM for om/om@EXAMPLE.COM
