kdc_1       | Jun 30 13:04:14 kdc krb5kdc[8](info): AS_REQ (2 etypes {18 17}) 172.26.0.4: ISSUE: authtime 1593522254, etypes {rep=18 tkt=18 ses=18}, om/om@EXAMPLE.COM for krbtgt/EXAMPLE.COM@EXAMPLE.COM
om_1        | 2020-06-30 13:12:58,319 [Socket Reader #1 for port 9862] INFO ipc.Server: Auth successful for testuser/scm@EXAMPLE.COM (auth:KERBEROS)
recon_1     | 	at java.base/sun.net.www.protocol.http.HttpURLConnection.getNewHttpClient(HttpURLConnection.java:1248)
scm_1       | 2020-06-30 13:03:56,326 [Listener at 0.0.0.0/9860] INFO server.SCMBlockProtocolServer: RPC server for Block Protocol is listening at /0.0.0.0:9863
s3g_1       | 	at org.jboss.weld.manager.BeanManagerImpl.getReference(BeanManagerImpl.java:785)
kdc_1       | Jun 30 13:04:16 kdc krb5kdc[8](info): TGS_REQ (6 etypes {18 17 20 19 16 23}) 172.26.0.4: ISSUE: authtime 1593522254, etypes {rep=18 tkt=18 ses=18}, om/om@EXAMPLE.COM for scm/scm@EXAMPLE.COM
om_1        | 2020-06-30 13:12:58,334 [Socket Reader #1 for port 9862] INFO authorize.ServiceAuthorizationManager: Authorization successful for testuser/scm@EXAMPLE.COM (auth:KERBEROS) for protocol=interface org.apache.hadoop.ozone.om.protocol.OzoneManagerProtocol
recon_1     | 	at java.base/sun.net.www.protocol.http.HttpURLConnection.plainConnect0(HttpURLConnection.java:1187)
scm_1       | 2020-06-30 13:03:56,331 [IPC Server Responder] INFO ipc.Server: IPC Server Responder: starting
s3g_1       | 	at org.jboss.weld.manager.BeanManagerImpl.getInjectableReference(BeanManagerImpl.java:885)
kdc_1       | Jun 30 13:04:19 kdc krb5kdc[8](info): TGS_REQ (6 etypes {18 17 20 19 16 23}) 172.26.0.7: ISSUE: authtime 1593522245, etypes {rep=18 tkt=18 ses=18}, HTTP/scm@EXAMPLE.COM for scm/scm@EXAMPLE.COM
om_1        | 2020-06-30 13:13:01,803 [Socket Reader #1 for port 9862] INFO ipc.Server: Auth successful for testuser/scm@EXAMPLE.COM (auth:KERBEROS)
recon_1     | 	at java.base/sun.net.www.protocol.http.HttpURLConnection.plainConnect(HttpURLConnection.java:1081)
scm_1       | 2020-06-30 13:03:56,331 [IPC Server listener on 9863] INFO ipc.Server: IPC Server listener on 9863: starting
s3g_1       | 	at org.jboss.weld.injection.FieldInjectionPoint.inject(FieldInjectionPoint.java:92)
kdc_1       | Jun 30 13:04:24 kdc krb5kdc[8](info): AS_REQ (8 etypes {18 17 20 19 16 23 25 26}) 172.26.0.7: ISSUE: authtime 1593522264, etypes {rep=18 tkt=18 ses=18}, HTTP/scm@EXAMPLE.COM for krbtgt/EXAMPLE.COM@EXAMPLE.COM
om_1        | 2020-06-30 13:13:01,813 [Socket Reader #1 for port 9862] INFO authorize.ServiceAuthorizationManager: Authorization successful for testuser/scm@EXAMPLE.COM (auth:KERBEROS) for protocol=interface org.apache.hadoop.ozone.om.protocol.OzoneManagerProtocol
recon_1     | 	at java.base/sun.net.www.protocol.http.HttpURLConnection.connect(HttpURLConnection.java:1015)
scm_1       | 2020-06-30 13:03:56,367 [Listener at 0.0.0.0/9860] INFO server.StorageContainerManager: ScmDatanodeProtocl RPC server is listening at /0.0.0.0:9861
s3g_1       | 	at org.jboss.weld.util.Beans.injectBoundFields(Beans.java:358)
kdc_1       | Jun 30 13:04:27 kdc krb5kdc[8](info): TGS_REQ (6 etypes {18 17 20 19 16 23}) 172.26.0.7: ISSUE: authtime 1593522264, etypes {rep=18 tkt=18 ses=18}, HTTP/scm@EXAMPLE.COM for scm/scm@EXAMPLE.COM
om_1        | 2020-06-30 13:13:04,983 [Socket Reader #1 for port 9862] INFO ipc.Server: Auth successful for testuser/scm@EXAMPLE.COM (auth:KERBEROS)
recon_1     | 	at org.apache.hadoop.security.authentication.client.KerberosAuthenticator.authenticate(KerberosAuthenticator.java:189)
scm_1       | 2020-06-30 13:03:56,368 [Listener at 0.0.0.0/9860] INFO server.SCMDatanodeProtocolServer: RPC server for DataNodes is listening at /0.0.0.0:9861
s3g_1       | 	at org.jboss.weld.util.Beans.injectFieldsAndInitializers(Beans.java:369)
kdc_1       | Jun 30 13:04:30 kdc krb5kdc[8](info): AS_REQ (8 etypes {18 17 20 19 16 23 25 26}) 172.26.0.7: ISSUE: authtime 1593522270, etypes {rep=18 tkt=18 ses=18}, testuser/scm@EXAMPLE.COM for krbtgt/EXAMPLE.COM@EXAMPLE.COM
om_1        | 2020-06-30 13:13:04,994 [Socket Reader #1 for port 9862] INFO authorize.ServiceAuthorizationManager: Authorization successful for testuser/scm@EXAMPLE.COM (auth:KERBEROS) for protocol=interface org.apache.hadoop.ozone.om.protocol.OzoneManagerProtocol
recon_1     | 	... 19 more
scm_1       | 2020-06-30 13:03:56,371 [IPC Server Responder] INFO ipc.Server: IPC Server Responder: starting
s3g_1       | 	at org.jboss.weld.injection.producer.ResourceInjector$1.proceed(ResourceInjector.java:70)
kdc_1       | Jun 30 13:04:36 kdc krb5kdc[8](info): AS_REQ (8 etypes {18 17 20 19 16 23 25 26}) 172.26.0.7: ISSUE: authtime 1593522276, etypes {rep=18 tkt=18 ses=18}, HTTP/scm@EXAMPLE.COM for krbtgt/EXAMPLE.COM@EXAMPLE.COM
om_1        | 2020-06-30 13:13:08,255 [Socket Reader #1 for port 9862] INFO ipc.Server: Auth successful for testuser/scm@EXAMPLE.COM (auth:KERBEROS)
recon_1     | 2020-06-30 13:04:15,665 [pool-13-thread-1] ERROR impl.OzoneManagerServiceProviderImpl: Null snapshot location got from OM.
scm_1       | 2020-06-30 13:03:56,379 [IPC Server listener on 9861] INFO ipc.Server: IPC Server listener on 9861: starting
s3g_1       | 	at org.jboss.weld.injection.InjectionContextImpl.run(InjectionContextImpl.java:48)
kdc_1       | Jun 30 13:04:36 kdc krb5kdc[8](info): TGS_REQ (8 etypes {18 17 20 19 16 23 25 26}) 172.26.0.7: ISSUE: authtime 1593522276, etypes {rep=18 tkt=18 ses=18}, HTTP/scm@EXAMPLE.COM for HTTP/scm@EXAMPLE.COM
om_1        | 2020-06-30 13:13:08,263 [Socket Reader #1 for port 9862] INFO authorize.ServiceAuthorizationManager: Authorization successful for testuser/scm@EXAMPLE.COM (auth:KERBEROS) for protocol=interface org.apache.hadoop.ozone.om.protocol.OzoneManagerProtocol
recon_1     | 2020-06-30 13:04:15,786 [EventQueue-PipelineReportForReconPipelineReportHandler] INFO scm.ReconPipelineReportHandler: Adding new pipeline Pipeline[ Id: e6a661a6-c762-4d93-8668-36fccd644341, Nodes: 6e037161-f909-4878-94bf-a3b22180dba6{ip: 172.26.0.5, host: ozonesecure_datanode_1.ozonesecure_default, networkLocation: /default-rack, certSerialId: null}, Type:RATIS, Factor:ONE, State:OPEN, leaderId:6e037161-f909-4878-94bf-a3b22180dba6, CreationTimestamp2020-06-30T13:04:12.091Z] to Recon pipeline metadata.
scm_1       | 2020-06-30 13:03:56,417 [Listener at 0.0.0.0/9860] INFO server.SCMSecurityProtocolServer: Starting RPC server for SCMSecurityProtocolServer. is listening at /0.0.0.0:9961
s3g_1       | 	at org.jboss.weld.injection.producer.ResourceInjector.inject(ResourceInjector.java:72)
kdc_1       | Jun 30 13:04:36 kdc krb5kdc[8](info): AS_REQ (8 etypes {18 17 20 19 16 23 25 26}) 172.26.0.7: ISSUE: authtime 1593522276, etypes {rep=18 tkt=18 ses=18}, testuser/scm@EXAMPLE.COM for krbtgt/EXAMPLE.COM@EXAMPLE.COM
om_1        | 2020-06-30 13:13:11,612 [Socket Reader #1 for port 9862] INFO ipc.Server: Auth successful for testuser/scm@EXAMPLE.COM (auth:KERBEROS)
recon_1     | 2020-06-30 13:04:15,840 [EventQueue-PipelineReportForReconPipelineReportHandler] INFO pipeline.PipelineStateManager: Created pipeline Pipeline[ Id: e6a661a6-c762-4d93-8668-36fccd644341, Nodes: 6e037161-f909-4878-94bf-a3b22180dba6{ip: 172.26.0.5, host: ozonesecure_datanode_1.ozonesecure_default, networkLocation: /default-rack, certSerialId: null}, Type:RATIS, Factor:ONE, State:OPEN, leaderId:6e037161-f909-4878-94bf-a3b22180dba6, CreationTimestamp2020-06-30T13:04:12.091Z]
scm_1       | 2020-06-30 13:03:56,423 [IPC Server Responder] INFO ipc.Server: IPC Server Responder: starting
s3g_1       | 	at org.jboss.weld.injection.producer.BasicInjectionTarget.inject(BasicInjectionTarget.java:117)
kdc_1       | Jun 30 13:04:39 kdc krb5kdc[8](info): TGS_REQ (6 etypes {18 17 20 19 16 23}) 172.26.0.7: ISSUE: authtime 1593522276, etypes {rep=18 tkt=18 ses=18}, testuser/scm@EXAMPLE.COM for om/om@EXAMPLE.COM
om_1        | 2020-06-30 13:13:11,629 [Socket Reader #1 for port 9862] INFO authorize.ServiceAuthorizationManager: Authorization successful for testuser/scm@EXAMPLE.COM (auth:KERBEROS) for protocol=interface org.apache.hadoop.ozone.om.protocol.OzoneManagerProtocol
recon_1     | 2020-06-30 13:04:15,881 [EventQueue-PipelineReportForReconPipelineReportHandler] INFO scm.ReconPipelineReportHandler: Unknown pipeline PipelineID=1ff90d96-a60c-45ba-a04d-13e6c4587f98. Trying to get from SCM.
scm_1       | 2020-06-30 13:03:56,427 [IPC Server listener on 9961] INFO ipc.Server: IPC Server listener on 9961: starting
s3g_1       | 	at org.glassfish.jersey.ext.cdi1x.internal.CdiComponentProvider$InjectionManagerInjectedCdiTarget.inject(CdiComponentProvider.java:873)
kdc_1       | Jun 30 13:05:16 kdc krb5kdc[8](info): TGS_REQ (6 etypes {18 17 20 19 16 23}) 172.26.0.10: ISSUE: authtime 1593522218, etypes {rep=18 tkt=18 ses=18}, recon/recon@EXAMPLE.COM for HTTP/om@EXAMPLE.COM
om_1        | 2020-06-30 13:13:15,133 [Socket Reader #1 for port 9862] INFO ipc.Server: Auth successful for testuser/scm@EXAMPLE.COM (auth:KERBEROS)
recon_1     | 2020-06-30 13:04:15,905 [EventQueue-PipelineReportForReconPipelineReportHandler] INFO scm.ReconPipelineReportHandler: Adding new pipeline Pipeline[ Id: 1ff90d96-a60c-45ba-a04d-13e6c4587f98, Nodes: fa506b53-ea07-4db0-a06b-932a7aad0a69{ip: 172.26.0.9, host: ozonesecure_datanode_2.ozonesecure_default, networkLocation: /default-rack, certSerialId: null}6e037161-f909-4878-94bf-a3b22180dba6{ip: 172.26.0.5, host: ozonesecure_datanode_1.ozonesecure_default, networkLocation: /default-rack, certSerialId: null}ee449ca3-8f1a-4296-aefa-ae05f9f0195c{ip: 172.26.0.2, host: ozonesecure_datanode_3.ozonesecure_default, networkLocation: /default-rack, certSerialId: null}, Type:RATIS, Factor:THREE, State:ALLOCATED, leaderId:, CreationTimestamp2020-06-30T13:04:13.070Z] to Recon pipeline metadata.
scm_1       | 2020-06-30 13:03:56,428 [Listener at 0.0.0.0/9860] INFO http.HttpServer2: Jetty bound to port 9876
s3g_1       | 	at org.jboss.weld.bean.ManagedBean.create(ManagedBean.java:159)
kdc_1       | Jun 30 13:05:27 kdc krb5kdc[8](info): AS_REQ (8 etypes {18 17 20 19 16 23 25 26}) 172.26.0.7: ISSUE: authtime 1593522327, etypes {rep=18 tkt=18 ses=18}, testuser/scm@EXAMPLE.COM for krbtgt/EXAMPLE.COM@EXAMPLE.COM
om_1        | 2020-06-30 13:13:15,144 [Socket Reader #1 for port 9862] INFO authorize.ServiceAuthorizationManager: Authorization successful for testuser/scm@EXAMPLE.COM (auth:KERBEROS) for protocol=interface org.apache.hadoop.ozone.om.protocol.OzoneManagerProtocol
recon_1     | 2020-06-30 13:04:15,907 [EventQueue-PipelineReportForReconPipelineReportHandler] INFO pipeline.PipelineStateManager: Created pipeline Pipeline[ Id: 1ff90d96-a60c-45ba-a04d-13e6c4587f98, Nodes: fa506b53-ea07-4db0-a06b-932a7aad0a69{ip: 172.26.0.9, host: ozonesecure_datanode_2.ozonesecure_default, networkLocation: /default-rack, certSerialId: null}6e037161-f909-4878-94bf-a3b22180dba6{ip: 172.26.0.5, host: ozonesecure_datanode_1.ozonesecure_default, networkLocation: /default-rack, certSerialId: null}ee449ca3-8f1a-4296-aefa-ae05f9f0195c{ip: 172.26.0.2, host: ozonesecure_datanode_3.ozonesecure_default, networkLocation: /default-rack, certSerialId: null}, Type:RATIS, Factor:THREE, State:ALLOCATED, leaderId:, CreationTimestamp2020-06-30T13:04:13.070Z]
scm_1       | 2020-06-30 13:03:56,431 [Listener at 0.0.0.0/9860] INFO server.Server: jetty-9.4.26.v20200117; built: 2020-01-17T12:35:33.676Z; git: 7b38981d25d14afb4a12ff1f2596756144edf695; jvm 11.0.6+10-LTS
s3g_1       | 	at org.jboss.weld.context.unbound.DependentContextImpl.get(DependentContextImpl.java:70)
kdc_1       | Jun 30 13:05:30 kdc krb5kdc[8](info): TGS_REQ (6 etypes {18 17 20 19 16 23}) 172.26.0.7: ISSUE: authtime 1593522327, etypes {rep=18 tkt=18 ses=18}, testuser/scm@EXAMPLE.COM for om/om@EXAMPLE.COM
om_1        | 2020-06-30 13:13:17,988 [Socket Reader #1 for port 9862] INFO ipc.Server: Auth successful for recon/recon@EXAMPLE.COM (auth:KERBEROS)
recon_1     | 2020-06-30 13:04:15,907 [EventQueue-PipelineReportForReconPipelineReportHandler] INFO scm.ReconPipelineReportHandler: Pipeline THREE PipelineID=1ff90d96-a60c-45ba-a04d-13e6c4587f98 reported by 6e037161-f909-4878-94bf-a3b22180dba6{ip: 172.26.0.5, host: ozonesecure_datanode_1.ozonesecure_default, networkLocation: /default-rack, certSerialId: 4026601631109}
scm_1       | 2020-06-30 13:03:56,926 [Listener at 0.0.0.0/9860] INFO server.session: DefaultSessionIdManager workerName=node0
s3g_1       | 	at org.jboss.weld.bean.ContextualInstanceStrategy$DefaultContextualInstanceStrategy.get(ContextualInstanceStrategy.java:100)
kdc_1       | Jun 30 13:05:33 kdc krb5kdc[8](info): TGS_REQ (6 etypes {18 17 20 19 16 23}) 172.26.0.7: ISSUE: authtime 1593522327, etypes {rep=18 tkt=18 ses=18}, testuser/scm@EXAMPLE.COM for om/om@EXAMPLE.COM
om_1        | 2020-06-30 13:13:17,998 [Socket Reader #1 for port 9862] INFO authorize.ServiceAuthorizationManager: Authorization successful for recon/recon@EXAMPLE.COM (auth:KERBEROS) for protocol=interface org.apache.hadoop.ozone.om.protocol.OzoneManagerProtocol
recon_1     | 2020-06-30 13:04:16,167 [EventQueue-PipelineReportForReconPipelineReportHandler] INFO scm.ReconPipelineReportHandler: Unknown pipeline PipelineID=f8a25f7d-a51a-4502-8a29-7666fdc79c4b. Trying to get from SCM.
scm_1       | 2020-06-30 13:03:56,936 [Listener at 0.0.0.0/9860] INFO server.session: No SessionScavenger set, using defaults
s3g_1       | 	at org.jboss.weld.bean.ContextualInstance.get(ContextualInstance.java:50)
kdc_1       | Jun 30 13:05:36 kdc krb5kdc[8](info): TGS_REQ (6 etypes {18 17 20 19 16 23}) 172.26.0.7: ISSUE: authtime 1593522327, etypes {rep=18 tkt=18 ses=18}, testuser/scm@EXAMPLE.COM for om/om@EXAMPLE.COM
om_1        | 2020-06-30 13:13:18,378 [Socket Reader #1 for port 9862] INFO ipc.Server: Auth successful for testuser/scm@EXAMPLE.COM (auth:KERBEROS)
recon_1     | 2020-06-30 13:04:16,173 [EventQueue-PipelineReportForReconPipelineReportHandler] INFO scm.ReconPipelineReportHandler: Adding new pipeline Pipeline[ Id: f8a25f7d-a51a-4502-8a29-7666fdc79c4b, Nodes: fa506b53-ea07-4db0-a06b-932a7aad0a69{ip: 172.26.0.9, host: ozonesecure_datanode_2.ozonesecure_default, networkLocation: /default-rack, certSerialId: null}, Type:RATIS, Factor:ONE, State:ALLOCATED, leaderId:, CreationTimestamp2020-06-30T13:04:12.463Z] to Recon pipeline metadata.
scm_1       | 2020-06-30 13:03:56,953 [Listener at 0.0.0.0/9860] INFO server.session: node0 Scavenging every 660000ms
s3g_1       | 	at org.jboss.weld.manager.BeanManagerImpl.getReference(BeanManagerImpl.java:785)
kdc_1       | Jun 30 13:05:40 kdc krb5kdc[8](info): TGS_REQ (6 etypes {18 17 20 19 16 23}) 172.26.0.7: ISSUE: authtime 1593522327, etypes {rep=18 tkt=18 ses=18}, testuser/scm@EXAMPLE.COM for om/om@EXAMPLE.COM
om_1        | 2020-06-30 13:13:18,399 [Socket Reader #1 for port 9862] INFO authorize.ServiceAuthorizationManager: Authorization successful for testuser/scm@EXAMPLE.COM (auth:KERBEROS) for protocol=interface org.apache.hadoop.ozone.om.protocol.OzoneManagerProtocol
recon_1     | 2020-06-30 13:04:16,181 [EventQueue-PipelineReportForReconPipelineReportHandler] INFO pipeline.PipelineStateManager: Created pipeline Pipeline[ Id: f8a25f7d-a51a-4502-8a29-7666fdc79c4b, Nodes: fa506b53-ea07-4db0-a06b-932a7aad0a69{ip: 172.26.0.9, host: ozonesecure_datanode_2.ozonesecure_default, networkLocation: /default-rack, certSerialId: null}, Type:RATIS, Factor:ONE, State:ALLOCATED, leaderId:, CreationTimestamp2020-06-30T13:04:12.463Z]
scm_1       | 2020-06-30 13:03:57,155 [Listener at 0.0.0.0/9860] INFO server.KerberosAuthenticationHandler: Using keytab /etc/security/keytabs/HTTP.keytab, for principal HTTP/scm@EXAMPLE.COM
s3g_1       | 	at org.jboss.weld.manager.BeanManagerImpl.getReference(BeanManagerImpl.java:808)
kdc_1       | Jun 30 13:05:43 kdc krb5kdc[8](info): TGS_REQ (6 etypes {18 17 20 19 16 23}) 172.26.0.7: ISSUE: authtime 1593522327, etypes {rep=18 tkt=18 ses=18}, testuser/scm@EXAMPLE.COM for om/om@EXAMPLE.COM
om_1        | 2020-06-30 13:13:21,602 [Socket Reader #1 for port 9862] INFO ipc.Server: Auth successful for testuser/scm@EXAMPLE.COM (auth:KERBEROS)
recon_1     | 2020-06-30 13:04:16,181 [EventQueue-PipelineReportForReconPipelineReportHandler] INFO scm.ReconPipelineReportHandler: Pipeline ONE PipelineID=f8a25f7d-a51a-4502-8a29-7666fdc79c4b reported by fa506b53-ea07-4db0-a06b-932a7aad0a69{ip: 172.26.0.9, host: ozonesecure_datanode_2.ozonesecure_default, networkLocation: /default-rack, certSerialId: 4026989227079}
scm_1       | 2020-06-30 13:03:57,161 [Listener at 0.0.0.0/9860] INFO handler.ContextHandler: Started o.e.j.s.ServletContextHandler@55d99dc3{logs,/logs,file:///var/log/hadoop/,AVAILABLE}
s3g_1       | 	at org.jboss.weld.util.ForwardingBeanManager.getReference(ForwardingBeanManager.java:61)
kdc_1       | Jun 30 13:05:47 kdc krb5kdc[8](info): TGS_REQ (6 etypes {18 17 20 19 16 23}) 172.26.0.7: ISSUE: authtime 1593522327, etypes {rep=18 tkt=18 ses=18}, testuser/scm@EXAMPLE.COM for om/om@EXAMPLE.COM
om_1        | 2020-06-30 13:13:21,613 [Socket Reader #1 for port 9862] INFO authorize.ServiceAuthorizationManager: Authorization successful for testuser/scm@EXAMPLE.COM (auth:KERBEROS) for protocol=interface org.apache.hadoop.ozone.om.protocol.OzoneManagerProtocol
recon_1     | 2020-06-30 13:04:16,182 [EventQueue-PipelineReportForReconPipelineReportHandler] INFO pipeline.PipelineStateManager: Pipeline Pipeline[ Id: f8a25f7d-a51a-4502-8a29-7666fdc79c4b, Nodes: fa506b53-ea07-4db0-a06b-932a7aad0a69{ip: 172.26.0.9, host: ozonesecure_datanode_2.ozonesecure_default, networkLocation: /default-rack, certSerialId: null}, Type:RATIS, Factor:ONE, State:ALLOCATED, leaderId:fa506b53-ea07-4db0-a06b-932a7aad0a69, CreationTimestamp2020-06-30T13:04:12.463Z] moved to OPEN state
scm_1       | 2020-06-30 13:03:57,162 [Listener at 0.0.0.0/9860] INFO handler.ContextHandler: Started o.e.j.s.ServletContextHandler@30c8c6ab{static,/static,jar:file:/opt/hadoop/share/ozone/lib/hadoop-hdds-server-scm-0.6.0-SNAPSHOT.jar!/webapps/static,AVAILABLE}
s3g_1       | 	at org.jboss.weld.bean.builtin.BeanManagerProxy.getReference(BeanManagerProxy.java:85)
kdc_1       | Jun 30 13:05:51 kdc krb5kdc[8](info): TGS_REQ (6 etypes {18 17 20 19 16 23}) 172.26.0.7: ISSUE: authtime 1593522327, etypes {rep=18 tkt=18 ses=18}, testuser/scm@EXAMPLE.COM for om/om@EXAMPLE.COM
om_1        | 2020-06-30 13:13:24,908 [Socket Reader #1 for port 9862] INFO ipc.Server: Auth successful for testuser/scm@EXAMPLE.COM (auth:KERBEROS)
recon_1     | 2020-06-30 13:04:16,490 [EventQueue-PipelineReportForReconPipelineReportHandler] INFO scm.ReconPipelineReportHandler: Pipeline THREE PipelineID=1ff90d96-a60c-45ba-a04d-13e6c4587f98 reported by fa506b53-ea07-4db0-a06b-932a7aad0a69{ip: 172.26.0.9, host: ozonesecure_datanode_2.ozonesecure_default, networkLocation: /default-rack, certSerialId: 4026989227079}
scm_1       | 2020-06-30 13:03:57,270 [Socket Reader #1 for port 9860] INFO ipc.Server: Auth successful for recon/recon@EXAMPLE.COM (auth:KERBEROS)
s3g_1       | 	at org.glassfish.jersey.ext.cdi1x.internal.CdiUtil.getBeanReference(CdiUtil.java:151)
kdc_1       | Jun 30 13:05:54 kdc krb5kdc[8](info): TGS_REQ (6 etypes {18 17 20 19 16 23}) 172.26.0.7: ISSUE: authtime 1593522327, etypes {rep=18 tkt=18 ses=18}, testuser/scm@EXAMPLE.COM for om/om@EXAMPLE.COM
om_1        | 2020-06-30 13:13:24,917 [Socket Reader #1 for port 9862] INFO authorize.ServiceAuthorizationManager: Authorization successful for testuser/scm@EXAMPLE.COM (auth:KERBEROS) for protocol=interface org.apache.hadoop.ozone.om.protocol.OzoneManagerProtocol
om_1        | 2020-06-30 13:13:28,308 [Socket Reader #1 for port 9862] INFO ipc.Server: Auth successful for testuser/scm@EXAMPLE.COM (auth:KERBEROS)
recon_1     | 2020-06-30 13:04:20,462 [EventQueue-PipelineReportForReconPipelineReportHandler] INFO scm.ReconPipelineReportHandler: Pipeline THREE PipelineID=1ff90d96-a60c-45ba-a04d-13e6c4587f98 reported by ee449ca3-8f1a-4296-aefa-ae05f9f0195c{ip: 172.26.0.2, host: ozonesecure_datanode_3.ozonesecure_default, networkLocation: /default-rack, certSerialId: 4026586559844}
kdc_1       | Jun 30 13:05:58 kdc krb5kdc[8](info): TGS_REQ (6 etypes {18 17 20 19 16 23}) 172.26.0.7: ISSUE: authtime 1593522327, etypes {rep=18 tkt=18 ses=18}, testuser/scm@EXAMPLE.COM for om/om@EXAMPLE.COM
kdc_1       | Jun 30 13:06:02 kdc krb5kdc[8](info): TGS_REQ (6 etypes {18 17 20 19 16 23}) 172.26.0.7: ISSUE: authtime 1593522327, etypes {rep=18 tkt=18 ses=18}, testuser/scm@EXAMPLE.COM for om/om@EXAMPLE.COM
om_1        | 2020-06-30 13:13:28,320 [Socket Reader #1 for port 9862] INFO authorize.ServiceAuthorizationManager: Authorization successful for testuser/scm@EXAMPLE.COM (auth:KERBEROS) for protocol=interface org.apache.hadoop.ozone.om.protocol.OzoneManagerProtocol
kdc_1       | Jun 30 13:06:08 kdc krb5kdc[8](info): TGS_REQ (6 etypes {18 17 20 19 16 23}) 172.26.0.7: ISSUE: authtime 1593522327, etypes {rep=18 tkt=18 ses=18}, testuser/scm@EXAMPLE.COM for om/om@EXAMPLE.COM
s3g_1       | 	at org.glassfish.jersey.ext.cdi1x.internal.AbstractCdiBeanSupplier$1.getInstance(AbstractCdiBeanSupplier.java:93)
recon_1     | 2020-06-30 13:04:20,982 [EventQueue-PipelineReportForReconPipelineReportHandler] INFO scm.ReconPipelineReportHandler: Pipeline THREE PipelineID=1ff90d96-a60c-45ba-a04d-13e6c4587f98 reported by 6e037161-f909-4878-94bf-a3b22180dba6{ip: 172.26.0.5, host: ozonesecure_datanode_1.ozonesecure_default, networkLocation: /default-rack, certSerialId: 4026601631109}
scm_1       | 2020-06-30 13:03:57,282 [Socket Reader #1 for port 9961] INFO ipc.Server: Auth successful for dn/ad0da01bae71@EXAMPLE.COM (auth:KERBEROS)
om_1        | 2020-06-30 13:13:28,802 [IPC Server handler 13 on default port 9862] ERROR acl.OMBucketAddAclRequest: Add acl [user:superuser1:rwxy[ACCESS]] to path /fstest369/bk1 failed, because acl already exist
s3g_1       | 	at org.glassfish.jersey.ext.cdi1x.internal.AbstractCdiBeanSupplier._provide(AbstractCdiBeanSupplier.java:127)
kdc_1       | Jun 30 13:06:13 kdc krb5kdc[8](info): TGS_REQ (6 etypes {18 17 20 19 16 23}) 172.26.0.7: ISSUE: authtime 1593522327, etypes {rep=18 tkt=18 ses=18}, testuser/scm@EXAMPLE.COM for om/om@EXAMPLE.COM
recon_1     | 2020-06-30 13:04:21,404 [EventQueue-PipelineReportForReconPipelineReportHandler] INFO scm.ReconPipelineReportHandler: Pipeline THREE PipelineID=1ff90d96-a60c-45ba-a04d-13e6c4587f98 reported by 6e037161-f909-4878-94bf-a3b22180dba6{ip: 172.26.0.5, host: ozonesecure_datanode_1.ozonesecure_default, networkLocation: /default-rack, certSerialId: 4026601631109}
scm_1       | 2020-06-30 13:03:57,354 [Socket Reader #1 for port 9860] INFO authorize.ServiceAuthorizationManager: Authorization successful for recon/recon@EXAMPLE.COM (auth:KERBEROS) for protocol=interface org.apache.hadoop.hdds.scm.protocol.StorageContainerLocationProtocol
om_1        | 2020-06-30 13:13:31,575 [Socket Reader #1 for port 9862] INFO ipc.Server: Auth successful for testuser/scm@EXAMPLE.COM (auth:KERBEROS)
s3g_1       | 	at org.glassfish.jersey.ext.cdi1x.internal.RequestScopedCdiBeanSupplier.get(RequestScopedCdiBeanSupplier.java:70)
kdc_1       | Jun 30 13:06:17 kdc krb5kdc[8](info): TGS_REQ (6 etypes {18 17 20 19 16 23}) 172.26.0.10: ISSUE: authtime 1593522218, etypes {rep=18 tkt=18 ses=18}, recon/recon@EXAMPLE.COM for om/om@EXAMPLE.COM
recon_1     | 2020-06-30 13:04:21,404 [EventQueue-PipelineReportForReconPipelineReportHandler] INFO pipeline.PipelineStateManager: Pipeline Pipeline[ Id: 1ff90d96-a60c-45ba-a04d-13e6c4587f98, Nodes: fa506b53-ea07-4db0-a06b-932a7aad0a69{ip: 172.26.0.9, host: ozonesecure_datanode_2.ozonesecure_default, networkLocation: /default-rack, certSerialId: null}6e037161-f909-4878-94bf-a3b22180dba6{ip: 172.26.0.5, host: ozonesecure_datanode_1.ozonesecure_default, networkLocation: /default-rack, certSerialId: null}ee449ca3-8f1a-4296-aefa-ae05f9f0195c{ip: 172.26.0.2, host: ozonesecure_datanode_3.ozonesecure_default, networkLocation: /default-rack, certSerialId: null}, Type:RATIS, Factor:THREE, State:ALLOCATED, leaderId:6e037161-f909-4878-94bf-a3b22180dba6, CreationTimestamp2020-06-30T13:04:13.070Z] moved to OPEN state
scm_1       | 2020-06-30 13:03:57,356 [Socket Reader #1 for port 9863] INFO ipc.Server: Auth successful for om/om@EXAMPLE.COM (auth:KERBEROS)
om_1        | 2020-06-30 13:13:31,593 [Socket Reader #1 for port 9862] INFO authorize.ServiceAuthorizationManager: Authorization successful for testuser/scm@EXAMPLE.COM (auth:KERBEROS) for protocol=interface org.apache.hadoop.ozone.om.protocol.OzoneManagerProtocol
s3g_1       | 	at org.glassfish.jersey.inject.hk2.InstanceSupplierFactoryBridge.provide(InstanceSupplierFactoryBridge.java:77)
kdc_1       | Jun 30 13:06:22 kdc krb5kdc[8](info): TGS_REQ (6 etypes {18 17 20 19 16 23}) 172.26.0.7: ISSUE: authtime 1593522327, etypes {rep=18 tkt=18 ses=18}, testuser/scm@EXAMPLE.COM for om/om@EXAMPLE.COM
recon_1     | 2020-06-30 13:04:44,096 [Socket Reader #1 for port 9891] INFO ipc.Server: Auth successful for dn/5e97d91751ad@EXAMPLE.COM (auth:KERBEROS)
scm_1       | 2020-06-30 13:03:57,357 [Socket Reader #1 for port 9961] INFO ipc.Server: Auth successful for dn/5e97d91751ad@EXAMPLE.COM (auth:KERBEROS)
om_1        | 2020-06-30 13:13:35,098 [Socket Reader #1 for port 9862] INFO ipc.Server: Auth successful for testuser/scm@EXAMPLE.COM (auth:KERBEROS)
s3g_1       | 	at org.jvnet.hk2.internal.FactoryCreator.create(FactoryCreator.java:153)
kdc_1       | Jun 30 13:06:28 kdc krb5kdc[8](info): TGS_REQ (6 etypes {18 17 20 19 16 23}) 172.26.0.7: ISSUE: authtime 1593522327, etypes {rep=18 tkt=18 ses=18}, testuser/scm@EXAMPLE.COM for om/om@EXAMPLE.COM
recon_1     | 2020-06-30 13:04:44,148 [Socket Reader #1 for port 9891] INFO authorize.ServiceAuthorizationManager: Authorization successful for dn/5e97d91751ad@EXAMPLE.COM (auth:KERBEROS) for protocol=interface org.apache.hadoop.ozone.protocol.ReconDatanodeProtocol
scm_1       | 2020-06-30 13:03:57,400 [Socket Reader #1 for port 9961] INFO authorize.ServiceAuthorizationManager: Authorization successful for dn/ad0da01bae71@EXAMPLE.COM (auth:KERBEROS) for protocol=interface org.apache.hadoop.hdds.protocol.SCMSecurityProtocol
om_1        | 2020-06-30 13:13:35,117 [Socket Reader #1 for port 9862] INFO authorize.ServiceAuthorizationManager: Authorization successful for testuser/scm@EXAMPLE.COM (auth:KERBEROS) for protocol=interface org.apache.hadoop.ozone.om.protocol.OzoneManagerProtocol
s3g_1       | 	at org.jvnet.hk2.internal.SystemDescriptor.create(SystemDescriptor.java:487)
kdc_1       | Jun 30 13:06:32 kdc krb5kdc[8](info): TGS_REQ (6 etypes {18 17 20 19 16 23}) 172.26.0.7: ISSUE: authtime 1593522327, etypes {rep=18 tkt=18 ses=18}, testuser/scm@EXAMPLE.COM for om/om@EXAMPLE.COM
recon_1     | 2020-06-30 13:04:44,151 [EventQueue-PipelineReportForReconPipelineReportHandler] INFO scm.ReconPipelineReportHandler: Unknown pipeline PipelineID=6ca45ea7-17b2-44bd-b910-2ca6fcf90690. Trying to get from SCM.
scm_1       | 2020-06-30 13:03:57,405 [Socket Reader #1 for port 9863] INFO authorize.ServiceAuthorizationManager: Authorization successful for om/om@EXAMPLE.COM (auth:KERBEROS) for protocol=interface org.apache.hadoop.hdds.scm.protocol.ScmBlockLocationProtocol
om_1        | 2020-06-30 13:13:38,346 [Socket Reader #1 for port 9862] INFO ipc.Server: Auth successful for testuser/scm@EXAMPLE.COM (auth:KERBEROS)
s3g_1       | 	at org.jvnet.hk2.internal.PerLookupContext.findOrCreate(PerLookupContext.java:70)
kdc_1       | Jun 30 13:06:35 kdc krb5kdc[8](info): TGS_REQ (6 etypes {18 17 20 19 16 23}) 172.26.0.7: ISSUE: authtime 1593522327, etypes {rep=18 tkt=18 ses=18}, testuser/scm@EXAMPLE.COM for om/om@EXAMPLE.COM
recon_1     | 2020-06-30 13:04:44,190 [EventQueue-PipelineReportForReconPipelineReportHandler] INFO scm.ReconPipelineReportHandler: Adding new pipeline Pipeline[ Id: 6ca45ea7-17b2-44bd-b910-2ca6fcf90690, Nodes: ee449ca3-8f1a-4296-aefa-ae05f9f0195c{ip: 172.26.0.2, host: ozonesecure_datanode_3.ozonesecure_default, networkLocation: /default-rack, certSerialId: null}, Type:RATIS, Factor:ONE, State:OPEN, leaderId:ee449ca3-8f1a-4296-aefa-ae05f9f0195c, CreationTimestamp2020-06-30T13:04:13.049Z] to Recon pipeline metadata.
scm_1       | 2020-06-30 13:03:57,406 [Socket Reader #1 for port 9961] INFO authorize.ServiceAuthorizationManager: Authorization successful for dn/5e97d91751ad@EXAMPLE.COM (auth:KERBEROS) for protocol=interface org.apache.hadoop.hdds.protocol.SCMSecurityProtocol
s3g_1       | 	at org.jvnet.hk2.internal.Utilities.createService(Utilities.java:2126)
om_1        | 2020-06-30 13:13:38,358 [Socket Reader #1 for port 9862] INFO authorize.ServiceAuthorizationManager: Authorization successful for testuser/scm@EXAMPLE.COM (auth:KERBEROS) for protocol=interface org.apache.hadoop.ozone.om.protocol.OzoneManagerProtocol
kdc_1       | Jun 30 13:06:41 kdc krb5kdc[8](info): TGS_REQ (6 etypes {18 17 20 19 16 23}) 172.26.0.7: ISSUE: authtime 1593522327, etypes {rep=18 tkt=18 ses=18}, testuser/scm@EXAMPLE.COM for om/om@EXAMPLE.COM
recon_1     | 2020-06-30 13:04:44,191 [EventQueue-PipelineReportForReconPipelineReportHandler] INFO pipeline.PipelineStateManager: Created pipeline Pipeline[ Id: 6ca45ea7-17b2-44bd-b910-2ca6fcf90690, Nodes: ee449ca3-8f1a-4296-aefa-ae05f9f0195c{ip: 172.26.0.2, host: ozonesecure_datanode_3.ozonesecure_default, networkLocation: /default-rack, certSerialId: null}, Type:RATIS, Factor:ONE, State:OPEN, leaderId:ee449ca3-8f1a-4296-aefa-ae05f9f0195c, CreationTimestamp2020-06-30T13:04:13.049Z]
scm_1       | 2020-06-30 13:03:57,439 [Socket Reader #1 for port 9961] INFO ipc.Server: Auth successful for HTTP/scm@EXAMPLE.COM (auth:KERBEROS)
s3g_1       | 	at org.jvnet.hk2.internal.ServiceLocatorImpl.internalGetService(ServiceLocatorImpl.java:777)
om_1        | 2020-06-30 13:13:41,658 [Socket Reader #1 for port 9862] INFO ipc.Server: Auth successful for testuser/scm@EXAMPLE.COM (auth:KERBEROS)
kdc_1       | Jun 30 13:06:46 kdc krb5kdc[8](info): TGS_REQ (6 etypes {18 17 20 19 16 23}) 172.26.0.7: ISSUE: authtime 1593522327, etypes {rep=18 tkt=18 ses=18}, testuser/scm@EXAMPLE.COM for om/om@EXAMPLE.COM
recon_1     | 2020-06-30 13:04:45,086 [Socket Reader #1 for port 9891] INFO ipc.Server: Auth successful for dn/ad0da01bae71@EXAMPLE.COM (auth:KERBEROS)
scm_1       | 2020-06-30 13:03:57,444 [Socket Reader #1 for port 9961] INFO ipc.Server: Auth successful for dn/a03422de1c30@EXAMPLE.COM (auth:KERBEROS)
s3g_1       | 	at org.jvnet.hk2.internal.ServiceLocatorImpl.internalGetService(ServiceLocatorImpl.java:740)
om_1        | 2020-06-30 13:13:41,670 [Socket Reader #1 for port 9862] INFO authorize.ServiceAuthorizationManager: Authorization successful for testuser/scm@EXAMPLE.COM (auth:KERBEROS) for protocol=interface org.apache.hadoop.ozone.om.protocol.OzoneManagerProtocol
kdc_1       | Jun 30 13:06:50 kdc krb5kdc[8](info): TGS_REQ (6 etypes {18 17 20 19 16 23}) 172.26.0.7: ISSUE: authtime 1593522327, etypes {rep=18 tkt=18 ses=18}, testuser/scm@EXAMPLE.COM for om/om@EXAMPLE.COM
recon_1     | 2020-06-30 13:04:45,155 [Socket Reader #1 for port 9891] INFO authorize.ServiceAuthorizationManager: Authorization successful for dn/ad0da01bae71@EXAMPLE.COM (auth:KERBEROS) for protocol=interface org.apache.hadoop.ozone.protocol.ReconDatanodeProtocol
scm_1       | 2020-06-30 13:03:57,468 [Socket Reader #1 for port 9961] INFO authorize.ServiceAuthorizationManager: Authorization successful for HTTP/scm@EXAMPLE.COM (auth:KERBEROS) for protocol=interface org.apache.hadoop.hdds.protocol.SCMSecurityProtocol
s3g_1       | 	at org.jvnet.hk2.internal.ServiceLocatorImpl.getService(ServiceLocatorImpl.java:710)
om_1        | 2020-06-30 13:13:45,589 [Socket Reader #1 for port 9862] INFO ipc.Server: Auth successful for testuser/scm@EXAMPLE.COM (auth:KERBEROS)
kdc_1       | Jun 30 13:06:53 kdc krb5kdc[8](info): TGS_REQ (6 etypes {18 17 20 19 16 23}) 172.26.0.7: ISSUE: authtime 1593522327, etypes {rep=18 tkt=18 ses=18}, testuser/scm@EXAMPLE.COM for om/om@EXAMPLE.COM
recon_1     | 2020-06-30 13:04:45,198 [EventQueue-IncrementalContainerReportForReconIncrementalContainerReportHandler] INFO scm.ReconContainerManager: New container #1 got from ozonesecure_datanode_1.ozonesecure_default.
scm_1       | 2020-06-30 13:03:57,478 [Socket Reader #1 for port 9961] INFO authorize.ServiceAuthorizationManager: Authorization successful for dn/a03422de1c30@EXAMPLE.COM (auth:KERBEROS) for protocol=interface org.apache.hadoop.hdds.protocol.SCMSecurityProtocol
s3g_1       | 	at org.glassfish.jersey.inject.hk2.AbstractHk2InjectionManager.getInstance(AbstractHk2InjectionManager.java:184)
om_1        | 2020-06-30 13:13:45,601 [Socket Reader #1 for port 9862] INFO authorize.ServiceAuthorizationManager: Authorization successful for testuser/scm@EXAMPLE.COM (auth:KERBEROS) for protocol=interface org.apache.hadoop.ozone.om.protocol.OzoneManagerProtocol
kdc_1       | Jun 30 13:06:59 kdc krb5kdc[8](info): TGS_REQ (6 etypes {18 17 20 19 16 23}) 172.26.0.7: ISSUE: authtime 1593522327, etypes {rep=18 tkt=18 ses=18}, testuser/scm@EXAMPLE.COM for om/om@EXAMPLE.COM
recon_1     | 2020-06-30 13:04:45,357 [EventQueue-IncrementalContainerReportForReconIncrementalContainerReportHandler] INFO scm.ReconContainerManager: Successfully added container #1 to Recon.
scm_1       | 2020-06-30 13:03:57,527 [Listener at 0.0.0.0/9860] INFO server.KerberosAuthenticationHandler: Using keytab /etc/security/keytabs/HTTP.keytab, for principal HTTP/scm@EXAMPLE.COM
s3g_1       | 	at org.glassfish.jersey.inject.hk2.ImmediateHk2InjectionManager.getInstance(ImmediateHk2InjectionManager.java:54)
om_1        | 2020-06-30 13:13:49,265 [Socket Reader #1 for port 9862] INFO ipc.Server: Auth successful for testuser/scm@EXAMPLE.COM (auth:KERBEROS)
kdc_1       | Jun 30 13:07:02 kdc krb5kdc[8](info): TGS_REQ (6 etypes {18 17 20 19 16 23}) 172.26.0.7: ISSUE: authtime 1593522327, etypes {rep=18 tkt=18 ses=18}, testuser/scm@EXAMPLE.COM for om/om@EXAMPLE.COM
recon_1     | 2020-06-30 13:04:45,692 [Socket Reader #1 for port 9891] INFO ipc.Server: Auth successful for dn/a03422de1c30@EXAMPLE.COM (auth:KERBEROS)
scm_1       | 2020-06-30 13:03:57,545 [Listener at 0.0.0.0/9860] INFO handler.ContextHandler: Started o.e.j.w.WebAppContext@5939f047{scm,/,file:///tmp/jetty-0_0_0_0-9876-hadoop-hdds-server-scm-0_6_0-SNAPSHOT_jar-_-any-4887949731974120377.dir/webapp/,AVAILABLE}{jar:file:/opt/hadoop/share/ozone/lib/hadoop-hdds-server-scm-0.6.0-SNAPSHOT.jar!/webapps/scm}
s3g_1       | 	at org.glassfish.jersey.internal.inject.Injections.getOrCreate(Injections.java:129)
om_1        | 2020-06-30 13:13:49,295 [Socket Reader #1 for port 9862] INFO authorize.ServiceAuthorizationManager: Authorization successful for testuser/scm@EXAMPLE.COM (auth:KERBEROS) for protocol=interface org.apache.hadoop.ozone.om.protocol.OzoneManagerProtocol
kdc_1       | Jun 30 13:07:06 kdc krb5kdc[8](info): TGS_REQ (6 etypes {18 17 20 19 16 23}) 172.26.0.7: ISSUE: authtime 1593522327, etypes {rep=18 tkt=18 ses=18}, testuser/scm@EXAMPLE.COM for om/om@EXAMPLE.COM
recon_1     | 2020-06-30 13:04:45,745 [Socket Reader #1 for port 9891] INFO authorize.ServiceAuthorizationManager: Authorization successful for dn/a03422de1c30@EXAMPLE.COM (auth:KERBEROS) for protocol=interface org.apache.hadoop.ozone.protocol.ReconDatanodeProtocol
scm_1       | 2020-06-30 13:03:57,565 [Listener at 0.0.0.0/9860] INFO server.AbstractConnector: Started ServerConnector@727dcc64{HTTP/1.1,[http/1.1]}{0.0.0.0:9876}
s3g_1       | 	at org.glassfish.jersey.server.model.MethodHandler$ClassBasedMethodHandler.getInstance(MethodHandler.java:284)
s3g_1       | 	at org.glassfish.jersey.server.internal.routing.PushMethodHandlerRouter.apply(PushMethodHandlerRouter.java:75)
s3g_1       | 	at org.glassfish.jersey.server.internal.routing.RoutingStage._apply(RoutingStage.java:110)
s3g_1       | 	at org.glassfish.jersey.server.internal.routing.RoutingStage._apply(RoutingStage.java:113)
recon_1     | 2020-06-30 13:05:15,112 [Socket Reader #1 for port 9891] INFO ipc.Server: Auth successful for dn/ad0da01bae71@EXAMPLE.COM (auth:KERBEROS)
om_1        | 2020-06-30 13:13:56,145 [Socket Reader #1 for port 9862] INFO ipc.Server: Auth successful for testuser/scm@EXAMPLE.COM (auth:KERBEROS)
s3g_1       | 	at org.glassfish.jersey.server.internal.routing.RoutingStage._apply(RoutingStage.java:113)
scm_1       | 2020-06-30 13:03:57,565 [Listener at 0.0.0.0/9860] INFO server.Server: Started @19506ms
kdc_1       | Jun 30 13:07:09 kdc krb5kdc[8](info): TGS_REQ (6 etypes {18 17 20 19 16 23}) 172.26.0.7: ISSUE: authtime 1593522327, etypes {rep=18 tkt=18 ses=18}, testuser/scm@EXAMPLE.COM for om/om@EXAMPLE.COM
recon_1     | 2020-06-30 13:05:15,125 [Socket Reader #1 for port 9891] INFO authorize.ServiceAuthorizationManager: Authorization successful for dn/ad0da01bae71@EXAMPLE.COM (auth:KERBEROS) for protocol=interface org.apache.hadoop.ozone.protocol.ReconDatanodeProtocol
om_1        | 2020-06-30 13:13:56,175 [Socket Reader #1 for port 9862] INFO authorize.ServiceAuthorizationManager: Authorization successful for testuser/scm@EXAMPLE.COM (auth:KERBEROS) for protocol=interface org.apache.hadoop.ozone.om.protocol.OzoneManagerProtocol
s3g_1       | 	at org.glassfish.jersey.server.internal.routing.RoutingStage._apply(RoutingStage.java:113)
scm_1       | 2020-06-30 13:03:57,575 [Listener at 0.0.0.0/9860] INFO impl.MetricsSinkAdapter: Sink prometheus started
kdc_1       | Jun 30 13:07:13 kdc krb5kdc[8](info): TGS_REQ (6 etypes {18 17 20 19 16 23}) 172.26.0.7: ISSUE: authtime 1593522327, etypes {rep=18 tkt=18 ses=18}, testuser/scm@EXAMPLE.COM for om/om@EXAMPLE.COM
recon_1     | 2020-06-30 13:05:15,667 [pool-13-thread-1] INFO impl.OzoneManagerServiceProviderImpl: Syncing data from Ozone Manager.
om_1        | 2020-06-30 13:13:59,397 [Socket Reader #1 for port 9862] INFO ipc.Server: Auth successful for testuser/scm@EXAMPLE.COM (auth:KERBEROS)
s3g_1       | 	at org.glassfish.jersey.server.internal.routing.RoutingStage.apply(RoutingStage.java:93)
scm_1       | 2020-06-30 13:03:57,575 [Listener at 0.0.0.0/9860] INFO impl.MetricsSystemImpl: Registered sink prometheus
kdc_1       | Jun 30 13:07:17 kdc krb5kdc[8](info): TGS_REQ (6 etypes {18 17 20 19 16 23}) 172.26.0.7: ISSUE: authtime 1593522327, etypes {rep=18 tkt=18 ses=18}, testuser/scm@EXAMPLE.COM for om/om@EXAMPLE.COM
recon_1     | 2020-06-30 13:05:15,667 [pool-13-thread-1] INFO impl.OzoneManagerServiceProviderImpl: Obtaining full snapshot from Ozone Manager
om_1        | 2020-06-30 13:13:59,408 [Socket Reader #1 for port 9862] INFO authorize.ServiceAuthorizationManager: Authorization successful for testuser/scm@EXAMPLE.COM (auth:KERBEROS) for protocol=interface org.apache.hadoop.ozone.om.protocol.OzoneManagerProtocol
s3g_1       | 	at org.glassfish.jersey.server.internal.routing.RoutingStage.apply(RoutingStage.java:62)
scm_1       | 2020-06-30 13:03:57,615 [Listener at 0.0.0.0/9860] INFO http.BaseHttpServer: HTTP server of scm listening at http://0.0.0.0:9876
kdc_1       | Jun 30 13:07:20 kdc krb5kdc[8](info): TGS_REQ (6 etypes {18 17 20 19 16 23}) 172.26.0.7: ISSUE: authtime 1593522327, etypes {rep=18 tkt=18 ses=18}, testuser/scm@EXAMPLE.COM for om/om@EXAMPLE.COM
recon_1     | 2020-06-30 13:05:15,679 [Socket Reader #1 for port 9891] INFO ipc.Server: Auth successful for dn/a03422de1c30@EXAMPLE.COM (auth:KERBEROS)
om_1        | 2020-06-30 13:14:02,674 [Socket Reader #1 for port 9862] INFO ipc.Server: Auth successful for testuser/scm@EXAMPLE.COM (auth:KERBEROS)
s3g_1       | 	at org.glassfish.jersey.process.internal.Stages.process(Stages.java:197)
scm_1       | 2020-06-30 13:03:57,640 [org.apache.hadoop.util.JvmPauseMonitor$Monitor@53079ae6] INFO util.JvmPauseMonitor: Starting JVM pause monitor
kdc_1       | Jun 30 13:07:21 kdc krb5kdc[8](info): AS_REQ (8 etypes {18 17 20 19 16 23 25 26}) 172.26.0.7: ISSUE: authtime 1593522441, etypes {rep=18 tkt=18 ses=18}, testuser/scm@EXAMPLE.COM for krbtgt/EXAMPLE.COM@EXAMPLE.COM
recon_1     | 2020-06-30 13:05:15,702 [Socket Reader #1 for port 9891] INFO authorize.ServiceAuthorizationManager: Authorization successful for dn/a03422de1c30@EXAMPLE.COM (auth:KERBEROS) for protocol=interface org.apache.hadoop.ozone.protocol.ReconDatanodeProtocol
om_1        | 2020-06-30 13:14:02,695 [Socket Reader #1 for port 9862] INFO authorize.ServiceAuthorizationManager: Authorization successful for testuser/scm@EXAMPLE.COM (auth:KERBEROS) for protocol=interface org.apache.hadoop.ozone.om.protocol.OzoneManagerProtocol
s3g_1       | 	at org.glassfish.jersey.server.ServerRuntime$1.run(ServerRuntime.java:269)
scm_1       | 2020-06-30 13:03:57,722 [IPC Server handler 0 on default port 9961] INFO server.SCMSecurityProtocolServer: Processing CSR for dn ad0da01bae71, UUID: 6e037161-f909-4878-94bf-a3b22180dba6
kdc_1       | Jun 30 13:07:24 kdc krb5kdc[8](info): TGS_REQ (6 etypes {18 17 20 19 16 23}) 172.26.0.7: ISSUE: authtime 1593522441, etypes {rep=18 tkt=18 ses=18}, testuser/scm@EXAMPLE.COM for om/om@EXAMPLE.COM
recon_1     | 2020-06-30 13:05:16,480 [pool-13-thread-1] INFO impl.OzoneManagerServiceProviderImpl: Got new checkpoint from OM : /data/metadata/om.snapshot.db_1593522315668
om_1        | 2020-06-30 13:14:07,692 [Socket Reader #1 for port 9862] INFO ipc.Server: Auth successful for testuser/scm@EXAMPLE.COM (auth:KERBEROS)
s3g_1       | 	at org.glassfish.jersey.internal.Errors$1.call(Errors.java:272)
scm_1       | 2020-06-30 13:03:57,727 [IPC Server handler 1 on default port 9961] INFO server.SCMSecurityProtocolServer: Processing CSR for dn 5e97d91751ad, UUID: ee449ca3-8f1a-4296-aefa-ae05f9f0195c
kdc_1       | Jun 30 13:07:27 kdc krb5kdc[8](info): TGS_REQ (6 etypes {18 17 20 19 16 23}) 172.26.0.7: ISSUE: authtime 1593522441, etypes {rep=18 tkt=18 ses=18}, testuser/scm@EXAMPLE.COM for om/om@EXAMPLE.COM
recon_1     | 2020-06-30 13:05:16,685 [pool-13-thread-1] INFO recovery.ReconOmMetadataManagerImpl: Created OM DB handle from snapshot at /data/metadata/om.snapshot.db_1593522315668.
om_1        | 2020-06-30 13:14:07,703 [Socket Reader #1 for port 9862] INFO authorize.ServiceAuthorizationManager: Authorization successful for testuser/scm@EXAMPLE.COM (auth:KERBEROS) for protocol=interface org.apache.hadoop.ozone.om.protocol.OzoneManagerProtocol
s3g_1       | 	at org.glassfish.jersey.internal.Errors$1.call(Errors.java:268)
scm_1       | 2020-06-30 13:03:58,253 [IPC Server handler 1 on default port 9961] INFO server.SCMSecurityProtocolServer: Processing CSR for dn a03422de1c30, UUID: fa506b53-ea07-4db0-a06b-932a7aad0a69
kdc_1       | Jun 30 13:07:31 kdc krb5kdc[8](info): TGS_REQ (6 etypes {18 17 20 19 16 23}) 172.26.0.7: ISSUE: authtime 1593522441, etypes {rep=18 tkt=18 ses=18}, testuser/scm@EXAMPLE.COM for om/om@EXAMPLE.COM
recon_1     | 2020-06-30 13:05:16,760 [pool-13-thread-1] INFO impl.OzoneManagerServiceProviderImpl: Calling reprocess on Recon tasks.
om_1        | 2020-06-30 13:14:10,831 [Socket Reader #1 for port 9862] INFO ipc.Server: Auth successful for testuser/scm@EXAMPLE.COM (auth:KERBEROS)
s3g_1       | 	at org.glassfish.jersey.internal.Errors.process(Errors.java:316)
scm_1       | 2020-06-30 13:03:59,537 [Socket Reader #1 for port 9860] INFO ipc.Server: Auth successful for HTTP/scm@EXAMPLE.COM (auth:KERBEROS)
kdc_1       | Jun 30 13:07:34 kdc krb5kdc[8](info): TGS_REQ (6 etypes {18 17 20 19 16 23}) 172.26.0.7: ISSUE: authtime 1593522441, etypes {rep=18 tkt=18 ses=18}, testuser/scm@EXAMPLE.COM for om/om@EXAMPLE.COM
recon_1     | 2020-06-30 13:05:16,769 [pool-14-thread-1] INFO tasks.ContainerKeyMapperTask: Starting a 'reprocess' run of ContainerKeyMapperTask.
om_1        | 2020-06-30 13:14:10,851 [Socket Reader #1 for port 9862] INFO authorize.ServiceAuthorizationManager: Authorization successful for testuser/scm@EXAMPLE.COM (auth:KERBEROS) for protocol=interface org.apache.hadoop.ozone.om.protocol.OzoneManagerProtocol
s3g_1       | 	at org.glassfish.jersey.internal.Errors.process(Errors.java:298)
scm_1       | 2020-06-30 13:03:59,591 [Socket Reader #1 for port 9860] INFO authorize.ServiceAuthorizationManager: Authorization successful for HTTP/scm@EXAMPLE.COM (auth:KERBEROS) for protocol=interface org.apache.hadoop.hdds.scm.protocol.StorageContainerLocationProtocol
kdc_1       | Jun 30 13:07:38 kdc krb5kdc[8](info): TGS_REQ (6 etypes {18 17 20 19 16 23}) 172.26.0.7: ISSUE: authtime 1593522441, etypes {rep=18 tkt=18 ses=18}, testuser/scm@EXAMPLE.COM for om/om@EXAMPLE.COM
recon_1     | 2020-06-30 13:05:16,797 [pool-14-thread-1] INFO impl.ContainerDBServiceProviderImpl: Creating new Recon Container DB at /data/metadata/recon/recon-container-key.db_1593522316769
om_1        | 2020-06-30 13:14:14,147 [Socket Reader #1 for port 9862] INFO ipc.Server: Auth successful for testuser/scm@EXAMPLE.COM (auth:KERBEROS)
s3g_1       | 	at org.glassfish.jersey.internal.Errors.process(Errors.java:268)
scm_1       | 2020-06-30 13:04:04,392 [Socket Reader #1 for port 9961] INFO ipc.Server: Auth successful for om/om@EXAMPLE.COM (auth:KERBEROS)
kdc_1       | Jun 30 13:07:41 kdc krb5kdc[8](info): TGS_REQ (6 etypes {18 17 20 19 16 23}) 172.26.0.7: ISSUE: authtime 1593522441, etypes {rep=18 tkt=18 ses=18}, testuser/scm@EXAMPLE.COM for om/om@EXAMPLE.COM
recon_1     | 2020-06-30 13:05:16,798 [pool-14-thread-1] INFO impl.ContainerDBServiceProviderImpl: Cleaning up old Recon Container DB at /data/metadata/recon/recon-container-key.db_1593522219381.
om_1        | 2020-06-30 13:14:14,160 [Socket Reader #1 for port 9862] INFO authorize.ServiceAuthorizationManager: Authorization successful for testuser/scm@EXAMPLE.COM (auth:KERBEROS) for protocol=interface org.apache.hadoop.ozone.om.protocol.OzoneManagerProtocol
s3g_1       | 	at org.glassfish.jersey.process.internal.RequestScope.runInScope(RequestScope.java:289)
scm_1       | 2020-06-30 13:04:04,400 [Socket Reader #1 for port 9961] INFO authorize.ServiceAuthorizationManager: Authorization successful for om/om@EXAMPLE.COM (auth:KERBEROS) for protocol=interface org.apache.hadoop.hdds.protocol.SCMSecurityProtocol
kdc_1       | Jun 30 13:07:45 kdc krb5kdc[8](info): TGS_REQ (6 etypes {18 17 20 19 16 23}) 172.26.0.7: ISSUE: authtime 1593522441, etypes {rep=18 tkt=18 ses=18}, testuser/scm@EXAMPLE.COM for om/om@EXAMPLE.COM
recon_1     | 2020-06-30 13:05:16,974 [pool-14-thread-1] INFO tasks.ContainerKeyMapperTask: Completed 'reprocess' of ContainerKeyMapperTask.
om_1        | 2020-06-30 13:14:18,024 [Socket Reader #1 for port 9862] INFO ipc.Server: Auth successful for recon/recon@EXAMPLE.COM (auth:KERBEROS)
s3g_1       | 	at org.glassfish.jersey.server.ServerRuntime.process(ServerRuntime.java:256)
scm_1       | 2020-06-30 13:04:04,408 [IPC Server handler 1 on default port 9961] INFO server.SCMSecurityProtocolServer: Processing CSR for om om, UUID: 9e81ef1f-73e4-4719-8b9d-bc0ca00a6579
kdc_1       | Jun 30 13:07:48 kdc krb5kdc[8](info): TGS_REQ (6 etypes {18 17 20 19 16 23}) 172.26.0.7: ISSUE: authtime 1593522441, etypes {rep=18 tkt=18 ses=18}, testuser/scm@EXAMPLE.COM for om/om@EXAMPLE.COM
recon_1     | 2020-06-30 13:05:16,976 [pool-14-thread-1] INFO tasks.ContainerKeyMapperTask: It took me 0.207 seconds to process 115 keys.
om_1        | 2020-06-30 13:14:18,028 [Socket Reader #1 for port 9862] INFO authorize.ServiceAuthorizationManager: Authorization successful for recon/recon@EXAMPLE.COM (auth:KERBEROS) for protocol=interface org.apache.hadoop.ozone.om.protocol.OzoneManagerProtocol
s3g_1       | 	at org.glassfish.jersey.server.ApplicationHandler.handle(ApplicationHandler.java:703)
scm_1       | 2020-06-30 13:04:09,148 [Socket Reader #1 for port 9861] INFO ipc.Server: Auth successful for dn/5e97d91751ad@EXAMPLE.COM (auth:KERBEROS)
kdc_1       | Jun 30 13:07:49 kdc krb5kdc[8](info): AS_REQ (8 etypes {18 17 20 19 16 23 25 26}) 172.26.0.7: ISSUE: authtime 1593522469, etypes {rep=18 tkt=18 ses=18}, testuser/scm@EXAMPLE.COM for krbtgt/EXAMPLE.COM@EXAMPLE.COM
recon_1     | 2020-06-30 13:05:17,216 [pool-14-thread-1] INFO tasks.FileSizeCountTask: Completed a 'reprocess' run of FileSizeCountTask.
om_1        | 2020-06-30 13:14:18,753 [Socket Reader #1 for port 9862] INFO ipc.Server: Auth successful for testuser/scm@EXAMPLE.COM (auth:KERBEROS)
s3g_1       | 	at org.glassfish.jersey.servlet.WebComponent.serviceImpl(WebComponent.java:416)
scm_1       | 2020-06-30 13:04:09,160 [Socket Reader #1 for port 9861] INFO authorize.ServiceAuthorizationManager: Authorization successful for dn/5e97d91751ad@EXAMPLE.COM (auth:KERBEROS) for protocol=interface org.apache.hadoop.ozone.protocol.StorageContainerDatanodeProtocol
kdc_1       | Jun 30 13:07:52 kdc krb5kdc[8](info): TGS_REQ (6 etypes {18 17 20 19 16 23}) 172.26.0.7: ISSUE: authtime 1593522469, etypes {rep=18 tkt=18 ses=18}, testuser/scm@EXAMPLE.COM for om/om@EXAMPLE.COM
recon_1     | 2020-06-30 13:05:19,349 [Socket Reader #1 for port 9891] INFO ipc.Server: Auth successful for dn/5e97d91751ad@EXAMPLE.COM (auth:KERBEROS)
om_1        | 2020-06-30 13:14:18,764 [Socket Reader #1 for port 9862] INFO authorize.ServiceAuthorizationManager: Authorization successful for testuser/scm@EXAMPLE.COM (auth:KERBEROS) for protocol=interface org.apache.hadoop.ozone.om.protocol.OzoneManagerProtocol
s3g_1       | 	at org.glassfish.jersey.servlet.WebComponent.service(WebComponent.java:370)
scm_1       | 2020-06-30 13:04:09,967 [Socket Reader #1 for port 9861] INFO ipc.Server: Auth successful for dn/ad0da01bae71@EXAMPLE.COM (auth:KERBEROS)
kdc_1       | Jun 30 13:07:55 kdc krb5kdc[8](info): TGS_REQ (6 etypes {18 17 20 19 16 23}) 172.26.0.7: ISSUE: authtime 1593522469, etypes {rep=18 tkt=18 ses=18}, testuser/scm@EXAMPLE.COM for om/om@EXAMPLE.COM
recon_1     | 2020-06-30 13:05:19,354 [Socket Reader #1 for port 9891] INFO authorize.ServiceAuthorizationManager: Authorization successful for dn/5e97d91751ad@EXAMPLE.COM (auth:KERBEROS) for protocol=interface org.apache.hadoop.ozone.protocol.ReconDatanodeProtocol
om_1        | 2020-06-30 13:14:22,229 [Socket Reader #1 for port 9862] INFO ipc.Server: Auth successful for testuser/scm@EXAMPLE.COM (auth:KERBEROS)
