kdc_1        | Sep 22 13:33:20 kdc kadmind[13](info): closing down fd 18
om2_1        | 2020-09-22 13:34:48,163 [main] INFO ratis.OzoneManagerStateMachine: LastAppliedIndex is set from TransactionInfo from OM DB as (t:0, i:~)
om3_1        | 2020-09-22 13:34:50,480 [main] INFO security.OzoneSecretStore: Loaded 0 tokens
om3_1        | 2020-09-22 13:34:50,480 [main] INFO security.OzoneDelegationTokenSecretManager: Loading token state into token manager.
datanode3_1  | 2020-09-22 13:34:45,573 [pool-20-thread-1] INFO impl.RaftServerImpl: baca99fa-a4c3-4c5e-b887-01dc5cacc421: new RaftServerImpl for group-5A7E49DA6FF6:[76773347-b5a5-4776-b231-2bcbc2e61614:172.25.0.102:9858:0, 6dc2f29e-5fee-4b9c-a825-5b51c4a4223d:172.25.0.103:9858:0, baca99fa-a4c3-4c5e-b887-01dc5cacc421:172.25.0.104:9858:0] with ContainerStateMachine:uninitialized
recon_1      | 	at org.apache.hadoop.ipc.Server.channelWrite(Server.java:3550)
scm_1        | 2020-09-22 13:34:08,043 [Listener at 0.0.0.0/9860] INFO impl.MetricsConfig: Loaded properties from hadoop-metrics2.properties
kdc_1        | Sep 22 13:33:19 kdc krb5kdc[8](info): AS_REQ (8 etypes {18 17 20 19 16 23 25 26}) 127.0.0.1: SERVER_NOT_FOUND: admin/admin@EXAMPLE.COM for kadmin/localhost@EXAMPLE.COM, Server not found in Kerberos database
om2_1        | 2020-09-22 13:34:48,254 [main] INFO impl.RaftServerProxy: raft.rpc.type = GRPC (default)
om3_1        | 2020-09-22 13:34:51,285 [main] INFO om.OzoneManager: Created Volume s3v With Owner root required for S3Gateway operations.
om1_1        | 2020-09-22 13:34:49,960 [main] INFO server.GrpcService: raft.grpc.message.size.max = 33554432 (custom)
datanode3_1  | 2020-09-22 13:34:45,579 [pool-20-thread-1] INFO server.RaftServerConfigKeys: raft.server.rpc.timeout.min = 5s (custom)
recon_1      | 	at org.apache.hadoop.ipc.Server.access$1700(Server.java:139)
scm_1        | 2020-09-22 13:34:08,141 [Listener at 0.0.0.0/9860] INFO impl.MetricsSystemImpl: Scheduled Metric snapshot period at 10 second(s).
kdc_1        | Sep 22 13:33:19 kdc krb5kdc[8](info): AS_REQ (8 etypes {18 17 20 19 16 23 25 26}) 127.0.0.1: ISSUE: authtime 1600781599, etypes {rep=18 tkt=18 ses=18}, admin/admin@EXAMPLE.COM for kadmin/admin@EXAMPLE.COM
om2_1        | 2020-09-22 13:34:48,568 [main] INFO grpc.GrpcFactory: PERFORMANCE WARNING: useCacheForAllThreads is true that may cause Netty to create a lot garbage objects and, as a result, trigger GC.
om3_1        | 2020-09-22 13:34:51,343 [main] INFO metrics.MetricRegistries: Loaded MetricRegistries class org.apache.ratis.metrics.impl.MetricRegistriesImpl
om1_1        | 2020-09-22 13:34:49,981 [main] INFO server.RaftServerConfigKeys: raft.server.log.appender.buffer.byte-limit = 33554432 (custom)
datanode3_1  | 2020-09-22 13:34:45,585 [pool-20-thread-1] INFO server.RaftServerConfigKeys: raft.server.rpc.timeout.max = 5200ms (custom)
recon_1      | 	at org.apache.hadoop.ipc.Server$Responder.processResponse(Server.java:1620)
recon_1      | 	at org.apache.hadoop.ipc.Server$Responder.doRespond(Server.java:1690)
kdc_1        | Sep 22 13:33:19 kdc krb5kdc[8](info): AS_REQ (8 etypes {18 17 20 19 16 23 25 26}) 127.0.0.1: SERVER_NOT_FOUND: admin/admin@EXAMPLE.COM for kadmin/localhost@EXAMPLE.COM, Server not found in Kerberos database
om2_1        | 	It is recommended to disable useCacheForAllThreads by setting -Dorg.apache.ratis.thirdparty.io.netty.allocator.useCacheForAllThreads=false in command line.
om3_1        | 2020-09-22 13:34:51,620 [main] WARN server.ServerUtils: Storage directory for Ratis is not configured. It is a good idea to map this to an SSD disk. Falling back to ozone.metadata.dirs
om1_1        | 2020-09-22 13:34:49,988 [main] INFO server.GrpcService: raft.grpc.flow.control.window = 1MB (=1048576) (default)
datanode3_1  | 2020-09-22 13:34:45,587 [pool-20-thread-1] INFO server.RaftServerConfigKeys: raft.server.rpcslowness.timeout = 300s (custom)
datanode3_1  | 2020-09-22 13:34:45,590 [pool-20-thread-1] INFO server.RaftServerConfigKeys: raft.server.sleep.deviation.threshold = 300 (default)
datanode3_1  | 2020-09-22 13:34:45,590 [pool-20-thread-1] INFO server.RaftServerConfigKeys: raft.server.log.appender.install.snapshot.enabled = false (custom)
datanode3_1  | 2020-09-22 13:34:45,628 [pool-20-thread-1] INFO impl.RaftServerImpl: baca99fa-a4c3-4c5e-b887-01dc5cacc421@group-5A7E49DA6FF6: ConfigurationManager, init=-1: [76773347-b5a5-4776-b231-2bcbc2e61614:172.25.0.102:9858:0, 6dc2f29e-5fee-4b9c-a825-5b51c4a4223d:172.25.0.103:9858:0, baca99fa-a4c3-4c5e-b887-01dc5cacc421:172.25.0.104:9858:0], old=null, confs=<EMPTY_MAP>
datanode3_1  | 2020-09-22 13:34:45,629 [pool-20-thread-1] INFO server.RaftServerConfigKeys: raft.server.storage.dir = [/data/metadata/ratis] (custom)
datanode3_1  | 2020-09-22 13:34:45,670 [pool-20-thread-1] INFO server.RaftServerConfigKeys: raft.server.log.corruption.policy = EXCEPTION (default)
om1_1        | 2020-09-22 13:34:49,991 [main] INFO server.RaftServerConfigKeys: raft.server.rpc.request.timeout = 3000ms (default)
om2_1        | 2020-09-22 13:34:48,595 [main] INFO grpc.GrpcConfigKeys: raft.grpc.server.port = 9872 (custom)
recon_1      | 	at org.apache.hadoop.ipc.Server$Connection.sendResponse(Server.java:2785)
datanode3_1  | 2020-09-22 13:34:45,679 [pool-20-thread-1] INFO storage.RaftStorageDirectory: The storage directory /data/metadata/ratis/a4b4de19-099f-4c5e-b11a-5a7e49da6ff6 does not exist. Creating ...
kdc_1        | Sep 22 13:33:19 kdc krb5kdc[8](info): AS_REQ (8 etypes {18 17 20 19 16 23 25 26}) 127.0.0.1: ISSUE: authtime 1600781599, etypes {rep=18 tkt=18 ses=18}, admin/admin@EXAMPLE.COM for kadmin/admin@EXAMPLE.COM
om3_1        | 2020-09-22 13:34:51,808 [main] INFO ratis.OzoneManagerRatisServer: Instantiating OM Ratis server with GroupID: id1 and Raft Peers: om3:9872, om1:9872, om2:9872
scm_1        | 2020-09-22 13:34:08,142 [Listener at 0.0.0.0/9860] INFO impl.MetricsSystemImpl: StorageContainerManager metrics system started
om1_1        | 2020-09-22 13:34:50,835 [main] INFO server.RaftServerConfigKeys: raft.server.storage.dir = [/data/metadata/ratis] (custom)
om2_1        | 2020-09-22 13:34:48,596 [main] INFO server.GrpcService: raft.grpc.message.size.max = 33554432 (custom)
recon_1      | 	at org.apache.hadoop.ipc.Server$Connection.access$300(Server.java:1762)
datanode3_1  | 2020-09-22 13:34:45,738 [pool-20-thread-1] INFO storage.RaftStorageDirectory: Lock on /data/metadata/ratis/a4b4de19-099f-4c5e-b11a-5a7e49da6ff6/in_use.lock acquired by nodename 6@ac18c5e394f7
kdc_1        | Sep 22 13:33:20 kdc krb5kdc[8](info): AS_REQ (8 etypes {18 17 20 19 16 23 25 26}) 127.0.0.1: SERVER_NOT_FOUND: admin/admin@EXAMPLE.COM for kadmin/localhost@EXAMPLE.COM, Server not found in Kerberos database
om3_1        | 2020-09-22 13:34:52,028 [main] INFO ratis.OzoneManagerStateMachine: LastAppliedIndex is set from TransactionInfo from OM DB as (t:0, i:~)
scm_1        | 2020-09-22 13:34:08,329 [Listener at 0.0.0.0/9860] INFO server.SCMClientProtocolServer: RPC server for Client  is listening at /0.0.0.0:9860
om1_1        | 2020-09-22 13:34:50,933 [main] INFO impl.RaftServerProxy: om1: addNew group-562213E44849:[om1:om1:9872:0, om3:om3:9872:0, om2:om2:9872:0] returns group-562213E44849:java.util.concurrent.CompletableFuture@1fa44f66[Not completed]
om1_1        | 2020-09-22 13:34:50,955 [main] INFO om.OzoneManager: OzoneManager Ratis server initialized at port 9872
recon_1      | 	at org.apache.hadoop.ipc.Server$RpcCall.doResponse(Server.java:1081)
datanode3_1  | 2020-09-22 13:34:45,753 [pool-20-thread-1] INFO storage.RaftStorage: Storage directory /data/metadata/ratis/a4b4de19-099f-4c5e-b11a-5a7e49da6ff6 has been successfully formatted.
kdc_1        | Sep 22 13:33:20 kdc krb5kdc[8](info): AS_REQ (8 etypes {18 17 20 19 16 23 25 26}) 127.0.0.1: ISSUE: authtime 1600781600, etypes {rep=18 tkt=18 ses=18}, admin/admin@EXAMPLE.COM for kadmin/admin@EXAMPLE.COM
om3_1        | 2020-09-22 13:34:52,239 [main] INFO impl.RaftServerProxy: raft.rpc.type = GRPC (default)
scm_1        | 2020-09-22 13:34:08,331 [IPC Server Responder] INFO ipc.Server: IPC Server Responder: starting
om2_1        | 2020-09-22 13:34:48,618 [main] INFO server.RaftServerConfigKeys: raft.server.log.appender.buffer.byte-limit = 33554432 (custom)
om1_1        | 2020-09-22 13:34:50,955 [main] WARN server.ServerUtils: Storage directory for Ratis is not configured. It is a good idea to map this to an SSD disk. Falling back to ozone.metadata.dirs
recon_1      | 	at org.apache.hadoop.ipc.Server$Call.doResponse(Server.java:873)
datanode3_1  | 2020-09-22 13:34:45,824 [pool-20-thread-1] INFO ratis.ContainerStateMachine: group-5A7E49DA6FF6: The snapshot info is null. Setting the last applied indexto:(t:0, i:~)
datanode3_1  | 2020-09-22 13:34:45,829 [pool-20-thread-1] INFO server.RaftServerConfigKeys: raft.server.notification.no-leader.timeout = 300s (custom)
datanode3_1  | 2020-09-22 13:34:45,832 [pool-20-thread-1] INFO server.RaftServerConfigKeys: raft.server.log.use.memory = false (default)
kdc_1        | Sep 22 13:33:20 kdc krb5kdc[8](info): AS_REQ (8 etypes {18 17 20 19 16 23 25 26}) 127.0.0.1: SERVER_NOT_FOUND: admin/admin@EXAMPLE.COM for kadmin/localhost@EXAMPLE.COM, Server not found in Kerberos database
om2_1        | 2020-09-22 13:34:48,618 [main] INFO server.GrpcService: raft.grpc.flow.control.window = 1MB (=1048576) (default)
om1_1        | 2020-09-22 13:34:50,955 [main] WARN server.ServerUtils: Storage directory for Ratis is not configured. It is a good idea to map this to an SSD disk. Falling back to ozone.metadata.dirs
recon_1      | 	at org.apache.hadoop.ipc.Server$Call.sendResponse(Server.java:859)
scm_1        | 2020-09-22 13:34:08,335 [IPC Server listener on 9860] INFO ipc.Server: IPC Server listener on 9860: starting
datanode3_1  | 2020-09-22 13:34:45,895 [pool-20-thread-1] INFO server.RaftServerConfigKeys: raft.server.log.purge.gap = 1000000 (custom)
om3_1        | 2020-09-22 13:34:52,807 [main] INFO grpc.GrpcFactory: PERFORMANCE WARNING: useCacheForAllThreads is true that may cause Netty to create a lot garbage objects and, as a result, trigger GC.
kdc_1        | Sep 22 13:33:20 kdc krb5kdc[8](info): AS_REQ (8 etypes {18 17 20 19 16 23 25 26}) 127.0.0.1: ISSUE: authtime 1600781600, etypes {rep=18 tkt=18 ses=18}, admin/admin@EXAMPLE.COM for kadmin/admin@EXAMPLE.COM
om2_1        | 2020-09-22 13:34:48,620 [main] INFO server.RaftServerConfigKeys: raft.server.rpc.request.timeout = 3000ms (default)
om1_1        | 2020-09-22 13:34:50,958 [main] INFO snapshot.OzoneManagerSnapshotProvider: Initializing OM Snapshot Provider
recon_1      | 	at org.apache.hadoop.ipc.Server$RpcCall.run(Server.java:1016)
scm_1        | 2020-09-22 13:34:08,386 [Listener at 0.0.0.0/9860] INFO server.StorageContainerManager: ScmBlockLocationProtocol RPC server is listening at /0.0.0.0:9863
datanode3_1  | 2020-09-22 13:34:45,900 [pool-20-thread-1] INFO metrics.RatisMetrics: Creating Metrics Registry : ratis.log_worker.baca99fa-a4c3-4c5e-b887-01dc5cacc421@group-5A7E49DA6FF6
om3_1        | 	It is recommended to disable useCacheForAllThreads by setting -Dorg.apache.ratis.thirdparty.io.netty.allocator.useCacheForAllThreads=false in command line.
kdc_1        | Sep 22 13:33:20 kdc krb5kdc[8](info): AS_REQ (8 etypes {18 17 20 19 16 23 25 26}) 127.0.0.1: SERVER_NOT_FOUND: admin/admin@EXAMPLE.COM for kadmin/localhost@EXAMPLE.COM, Server not found in Kerberos database
om2_1        | 2020-09-22 13:34:49,454 [main] INFO server.RaftServerConfigKeys: raft.server.storage.dir = [/data/metadata/ratis] (custom)
om1_1        | 2020-09-22 13:34:51,093 [pool-18-thread-1] INFO impl.RaftServerImpl: om1: new RaftServerImpl for group-562213E44849:[om1:om1:9872:0, om3:om3:9872:0, om2:om2:9872:0] with OzoneManagerStateMachine:uninitialized
recon_1      | 	at org.apache.hadoop.ipc.Server$RpcCall.run(Server.java:927)
scm_1        | 2020-09-22 13:34:08,390 [Listener at 0.0.0.0/9860] INFO server.SCMBlockProtocolServer: RPC server for Block Protocol is listening at /0.0.0.0:9863
datanode3_1  | 2020-09-22 13:34:45,901 [pool-20-thread-1] INFO server.RaftServerConfigKeys: raft.server.log.appender.buffer.byte-limit = 33554432 (custom)
om3_1        | 2020-09-22 13:34:52,849 [main] INFO grpc.GrpcConfigKeys: raft.grpc.server.port = 9872 (custom)
kdc_1        | Sep 22 13:33:20 kdc krb5kdc[8](info): AS_REQ (8 etypes {18 17 20 19 16 23 25 26}) 127.0.0.1: ISSUE: authtime 1600781600, etypes {rep=18 tkt=18 ses=18}, admin/admin@EXAMPLE.COM for kadmin/admin@EXAMPLE.COM
om2_1        | 2020-09-22 13:34:49,494 [main] INFO impl.RaftServerProxy: om2: addNew group-562213E44849:[om1:om1:9872:0, om3:om3:9872:0, om2:om2:9872:0] returns group-562213E44849:java.util.concurrent.CompletableFuture@66e218d8[Not completed]
om1_1        | 2020-09-22 13:34:51,123 [pool-18-thread-1] INFO server.RaftServerConfigKeys: raft.server.rpc.timeout.min = 1s (custom)
recon_1      | 	at java.base/java.security.AccessController.doPrivileged(Native Method)
scm_1        | 2020-09-22 13:34:08,396 [IPC Server Responder] INFO ipc.Server: IPC Server Responder: starting
datanode3_1  | 2020-09-22 13:34:45,903 [pool-20-thread-1] INFO server.RaftServerConfigKeys: raft.server.log.segment.size.max = 1048576 (custom)
om3_1        | 2020-09-22 13:34:52,853 [main] INFO server.GrpcService: raft.grpc.message.size.max = 33554432 (custom)
kdc_1        | Sep 22 13:33:20 kdc krb5kdc[8](info): AS_REQ (8 etypes {18 17 20 19 16 23 25 26}) 127.0.0.1: SERVER_NOT_FOUND: admin/admin@EXAMPLE.COM for kadmin/localhost@EXAMPLE.COM, Server not found in Kerberos database
om2_1        | 2020-09-22 13:34:49,499 [main] INFO om.OzoneManager: OzoneManager Ratis server initialized at port 9872
om1_1        | 2020-09-22 13:34:51,131 [pool-18-thread-1] INFO server.RaftServerConfigKeys: raft.server.rpc.timeout.max = 1200ms (custom)
recon_1      | 	at java.base/javax.security.auth.Subject.doAs(Subject.java:423)
recon_1      | 	at org.apache.hadoop.security.UserGroupInformation.doAs(UserGroupInformation.java:1730)
datanode3_1  | 2020-09-22 13:34:45,969 [pool-20-thread-1] INFO server.RaftServerConfigKeys: raft.server.log.segment.cache.num.max = 2 (custom)
om3_1        | 2020-09-22 13:34:52,863 [main] INFO server.RaftServerConfigKeys: raft.server.log.appender.buffer.byte-limit = 33554432 (custom)
kdc_1        | Sep 22 13:33:20 kdc krb5kdc[8](info): AS_REQ (8 etypes {18 17 20 19 16 23 25 26}) 127.0.0.1: ISSUE: authtime 1600781600, etypes {rep=18 tkt=18 ses=18}, admin/admin@EXAMPLE.COM for kadmin/admin@EXAMPLE.COM
om2_1        | 2020-09-22 13:34:49,499 [main] WARN server.ServerUtils: Storage directory for Ratis is not configured. It is a good idea to map this to an SSD disk. Falling back to ozone.metadata.dirs
om1_1        | 2020-09-22 13:34:51,132 [pool-18-thread-1] INFO server.RaftServerConfigKeys: raft.server.rpcslowness.timeout = 120s (custom)
datanode3_1  | 2020-09-22 13:34:46,018 [pool-20-thread-1] INFO segmented.SegmentedRaftLogWorker: new baca99fa-a4c3-4c5e-b887-01dc5cacc421@group-5A7E49DA6FF6-SegmentedRaftLogWorker for RaftStorage:Storage Directory /data/metadata/ratis/a4b4de19-099f-4c5e-b11a-5a7e49da6ff6
kdc_1        | Sep 22 13:33:20 kdc krb5kdc[8](info): AS_REQ (8 etypes {18 17 20 19 16 23 25 26}) 127.0.0.1: SERVER_NOT_FOUND: admin/admin@EXAMPLE.COM for kadmin/localhost@EXAMPLE.COM, Server not found in Kerberos database
scm_1        | 2020-09-22 13:34:08,399 [IPC Server listener on 9863] INFO ipc.Server: IPC Server listener on 9863: starting
recon_1      | 	at org.apache.hadoop.ipc.Server$Handler.run(Server.java:2915)
om3_1        | 2020-09-22 13:34:52,867 [main] INFO server.GrpcService: raft.grpc.flow.control.window = 1MB (=1048576) (default)
om1_1        | 2020-09-22 13:34:51,141 [pool-18-thread-1] INFO server.RaftServerConfigKeys: raft.server.sleep.deviation.threshold = 300 (default)
om2_1        | 2020-09-22 13:34:49,500 [main] WARN server.ServerUtils: Storage directory for Ratis is not configured. It is a good idea to map this to an SSD disk. Falling back to ozone.metadata.dirs
datanode3_1  | 2020-09-22 13:34:46,026 [pool-20-thread-1] INFO server.RaftServerConfigKeys: raft.server.log.queue.byte-limit = 2147483647 (custom)
kdc_1        | Sep 22 13:33:20 kdc krb5kdc[8](info): AS_REQ (8 etypes {18 17 20 19 16 23 25 26}) 127.0.0.1: ISSUE: authtime 1600781600, etypes {rep=18 tkt=18 ses=18}, admin/admin@EXAMPLE.COM for kadmin/admin@EXAMPLE.COM
scm_1        | 2020-09-22 13:34:08,577 [Listener at 0.0.0.0/9860] INFO server.StorageContainerManager: ScmDatanodeProtocl RPC server is listening at /0.0.0.0:9861
recon_1      | 2020-09-22 13:34:30,980 [IPC Server handler 80 on default port 9891] INFO ipc.Server: IPC Server handler 80 on default port 9891 caught an exception
om3_1        | 2020-09-22 13:34:52,872 [main] INFO server.RaftServerConfigKeys: raft.server.rpc.request.timeout = 3000ms (default)
om1_1        | 2020-09-22 13:34:51,148 [pool-18-thread-1] INFO server.RaftServerConfigKeys: raft.server.log.appender.install.snapshot.enabled = false (custom)
om2_1        | 2020-09-22 13:34:49,550 [main] INFO snapshot.OzoneManagerSnapshotProvider: Initializing OM Snapshot Provider
datanode3_1  | 2020-09-22 13:34:46,026 [pool-20-thread-1] INFO server.RaftServerConfigKeys: raft.server.log.queue.element-limit = 1024 (custom)
kdc_1        | Sep 22 13:33:20 kdc krb5kdc[8](info): AS_REQ (8 etypes {18 17 20 19 16 23 25 26}) 127.0.0.1: SERVER_NOT_FOUND: admin/admin@EXAMPLE.COM for kadmin/localhost@EXAMPLE.COM, Server not found in Kerberos database
scm_1        | 2020-09-22 13:34:08,584 [Listener at 0.0.0.0/9860] INFO server.SCMDatanodeProtocolServer: RPC server for DataNodes is listening at /0.0.0.0:9861
recon_1      | java.nio.channels.AsynchronousCloseException
om3_1        | 2020-09-22 13:34:53,741 [main] INFO server.RaftServerConfigKeys: raft.server.storage.dir = [/data/metadata/ratis] (custom)
om1_1        | 2020-09-22 13:34:51,241 [pool-18-thread-1] INFO impl.RaftServerImpl: om1@group-562213E44849: ConfigurationManager, init=-1: [om1:om1:9872:0, om3:om3:9872:0, om2:om2:9872:0], old=null, confs=<EMPTY_MAP>
om2_1        | 2020-09-22 13:34:49,648 [pool-18-thread-1] INFO impl.RaftServerImpl: om2: new RaftServerImpl for group-562213E44849:[om1:om1:9872:0, om3:om3:9872:0, om2:om2:9872:0] with OzoneManagerStateMachine:uninitialized
datanode3_1  | 2020-09-22 13:34:46,046 [pool-20-thread-1] INFO server.RaftServerConfigKeys: raft.server.log.segment.size.max = 1048576 (custom)
kdc_1        | Sep 22 13:33:20 kdc krb5kdc[8](info): AS_REQ (8 etypes {18 17 20 19 16 23 25 26}) 127.0.0.1: ISSUE: authtime 1600781600, etypes {rep=18 tkt=18 ses=18}, admin/admin@EXAMPLE.COM for kadmin/admin@EXAMPLE.COM
scm_1        | 2020-09-22 13:34:08,636 [IPC Server Responder] INFO ipc.Server: IPC Server Responder: starting
recon_1      | 	at java.base/sun.nio.ch.SocketChannelImpl.write(SocketChannelImpl.java:471)
om3_1        | 2020-09-22 13:34:53,772 [main] INFO impl.RaftServerProxy: om3: addNew group-562213E44849:[om1:om1:9872:0, om3:om3:9872:0, om2:om2:9872:0] returns group-562213E44849:java.util.concurrent.CompletableFuture@4229b92c[Not completed]
om1_1        | 2020-09-22 13:34:51,246 [pool-18-thread-1] INFO server.RaftServerConfigKeys: raft.server.storage.dir = [/data/metadata/ratis] (custom)
om2_1        | 2020-09-22 13:34:49,790 [pool-18-thread-1] INFO server.RaftServerConfigKeys: raft.server.rpc.timeout.min = 1s (custom)
datanode3_1  | 2020-09-22 13:34:46,062 [pool-20-thread-1] INFO server.RaftServerConfigKeys: raft.server.log.preallocated.size = 16384 (custom)
datanode3_1  | 2020-09-22 13:34:46,082 [pool-20-thread-1] INFO server.RaftServerConfigKeys: raft.server.log.write.buffer.size = 1048576 (custom)
kdc_1        | Generiting keytab
recon_1      | 	at org.apache.hadoop.ipc.Server.channelWrite(Server.java:3550)
om3_1        | 2020-09-22 13:34:53,798 [main] INFO om.OzoneManager: OzoneManager Ratis server initialized at port 9872
om2_1        | 2020-09-22 13:34:49,797 [pool-18-thread-1] INFO server.RaftServerConfigKeys: raft.server.rpc.timeout.max = 1200ms (custom)
scm_1        | 2020-09-22 13:34:08,640 [IPC Server listener on 9861] INFO ipc.Server: IPC Server listener on 9861: starting
datanode3_1  | 2020-09-22 13:34:46,092 [pool-20-thread-1] INFO server.RaftServerConfigKeys: raft.server.log.force.sync.num = 128 (default)
kdc_1        | Authenticating as principal admin/admin with keytab /tmp/admin.keytab.
kdc_1        | WARNING: no policy specified for dn/6a2d470ab773@EXAMPLE.COM; defaulting to no policy
recon_1      | 	at org.apache.hadoop.ipc.Server.access$1700(Server.java:139)
om1_1        | 2020-09-22 13:34:51,295 [pool-18-thread-1] INFO server.RaftServerConfigKeys: raft.server.log.corruption.policy = EXCEPTION (default)
om1_1        | 2020-09-22 13:34:51,308 [pool-18-thread-1] INFO storage.RaftStorageDirectory: The storage directory /data/metadata/ratis/fafe1b60-c241-37cc-98f4-562213e44849 does not exist. Creating ...
kdc_1        | Principal "dn/6a2d470ab773@EXAMPLE.COM" created.
kdc_1        | Authenticating as principal admin/admin with keytab /tmp/admin.keytab.
recon_1      | 	at org.apache.hadoop.ipc.Server$Responder.processResponse(Server.java:1620)
om2_1        | 2020-09-22 13:34:49,797 [pool-18-thread-1] INFO server.RaftServerConfigKeys: raft.server.rpcslowness.timeout = 120s (custom)
om1_1        | 2020-09-22 13:34:51,447 [pool-18-thread-1] INFO storage.RaftStorageDirectory: Lock on /data/metadata/ratis/fafe1b60-c241-37cc-98f4-562213e44849/in_use.lock acquired by nodename 6@om1
scm_1        | 2020-09-22 13:34:08,801 [Listener at 0.0.0.0/9860] INFO server.SCMSecurityProtocolServer: Starting RPC server for SCMSecurityProtocolServer. is listening at /0.0.0.0:9961
datanode3_1  | 2020-09-22 13:34:46,110 [pool-20-thread-1] INFO server.RaftServerConfigKeys: raft.server.log.statemachine.data.sync = true (default)
om3_1        | 2020-09-22 13:34:53,798 [main] WARN server.ServerUtils: Storage directory for Ratis is not configured. It is a good idea to map this to an SSD disk. Falling back to ozone.metadata.dirs
kdc_1        | Entry for principal dn/6a2d470ab773@EXAMPLE.COM with kvno 2, encryption type aes256-cts-hmac-sha1-96 added to keytab WRFILE:/data/dn.6a2d470ab773.keytab.
recon_1      | 	at org.apache.hadoop.ipc.Server$Responder.doRespond(Server.java:1690)
om2_1        | 2020-09-22 13:34:49,799 [pool-18-thread-1] INFO server.RaftServerConfigKeys: raft.server.sleep.deviation.threshold = 300 (default)
om1_1        | 2020-09-22 13:34:51,591 [pool-18-thread-1] INFO storage.RaftStorage: Storage directory /data/metadata/ratis/fafe1b60-c241-37cc-98f4-562213e44849 has been successfully formatted.
scm_1        | 2020-09-22 13:34:08,803 [IPC Server Responder] INFO ipc.Server: IPC Server Responder: starting
datanode3_1  | 2020-09-22 13:34:46,111 [pool-20-thread-1] INFO server.RaftServerConfigKeys: raft.server.log.statemachine.data.sync.timeout = 10s (default)
om3_1        | 2020-09-22 13:34:53,799 [main] WARN server.ServerUtils: Storage directory for Ratis is not configured. It is a good idea to map this to an SSD disk. Falling back to ozone.metadata.dirs
kdc_1        | Entry for principal dn/6a2d470ab773@EXAMPLE.COM with kvno 2, encryption type aes128-cts-hmac-sha1-96 added to keytab WRFILE:/data/dn.6a2d470ab773.keytab.
recon_1      | 	at org.apache.hadoop.ipc.Server$Connection.sendResponse(Server.java:2785)
om2_1        | 2020-09-22 13:34:49,837 [pool-18-thread-1] INFO server.RaftServerConfigKeys: raft.server.log.appender.install.snapshot.enabled = false (custom)
om1_1        | 2020-09-22 13:34:51,616 [pool-18-thread-1] INFO server.RaftServerConfigKeys: raft.server.notification.no-leader.timeout = 120s (custom)
scm_1        | 2020-09-22 13:34:08,838 [IPC Server listener on 9961] INFO ipc.Server: IPC Server listener on 9961: starting
datanode3_1  | 2020-09-22 13:34:46,117 [pool-20-thread-1] INFO server.RaftServerConfigKeys: raft.server.log.statemachine.data.sync.timeout.retry = -1 (default)
om3_1        | 2020-09-22 13:34:53,824 [main] INFO snapshot.OzoneManagerSnapshotProvider: Initializing OM Snapshot Provider
recon_1      | 	at org.apache.hadoop.ipc.Server$Connection.access$300(Server.java:1762)
recon_1      | 	at org.apache.hadoop.ipc.Server$RpcCall.doResponse(Server.java:1081)
scm_1        | 2020-09-22 13:34:08,842 [Listener at 0.0.0.0/9860] INFO http.HttpServer2: Jetty bound to port 9876
datanode3_1  | 2020-09-22 13:34:46,240 [pool-20-thread-1] INFO server.RaftServerConfigKeys: raft.server.log.statemachine.data.caching.enabled = true (custom)
kdc_1        | Generiting keytab
recon_1      | 	at org.apache.hadoop.ipc.Server$Call.doResponse(Server.java:873)
om1_1        | 2020-09-22 13:34:51,658 [pool-18-thread-1] INFO server.RaftServerConfigKeys: raft.server.log.use.memory = false (default)
om1_1        | 2020-09-22 13:34:51,819 [pool-18-thread-1] INFO server.RaftServerConfigKeys: raft.server.log.purge.gap = 1000000 (custom)
om3_1        | 2020-09-22 13:34:53,941 [pool-18-thread-1] INFO impl.RaftServerImpl: om3: new RaftServerImpl for group-562213E44849:[om1:om1:9872:0, om3:om3:9872:0, om2:om2:9872:0] with OzoneManagerStateMachine:uninitialized
datanode3_1  | 2020-09-22 13:34:46,282 [pool-20-thread-1] INFO segmented.SegmentedRaftLogWorker: baca99fa-a4c3-4c5e-b887-01dc5cacc421@group-5A7E49DA6FF6-SegmentedRaftLogWorker: flushIndex: setUnconditionally 0 -> -1
om2_1        | 2020-09-22 13:34:49,867 [pool-18-thread-1] INFO impl.RaftServerImpl: om2@group-562213E44849: ConfigurationManager, init=-1: [om1:om1:9872:0, om3:om3:9872:0, om2:om2:9872:0], old=null, confs=<EMPTY_MAP>
om2_1        | 2020-09-22 13:34:49,873 [pool-18-thread-1] INFO server.RaftServerConfigKeys: raft.server.storage.dir = [/data/metadata/ratis] (custom)
recon_1      | 	at org.apache.hadoop.ipc.Server$Call.sendResponse(Server.java:859)
om1_1        | 2020-09-22 13:34:51,946 [pool-18-thread-1] INFO metrics.RatisMetrics: Creating Metrics Registry : ratis.log_worker.om1@group-562213E44849
scm_1        | 2020-09-22 13:34:08,848 [Listener at 0.0.0.0/9860] INFO server.Server: jetty-9.4.26.v20200117; built: 2020-01-17T12:35:33.676Z; git: 7b38981d25d14afb4a12ff1f2596756144edf695; jvm 11.0.7+10-LTS
om3_1        | 2020-09-22 13:34:53,974 [pool-18-thread-1] INFO server.RaftServerConfigKeys: raft.server.rpc.timeout.min = 1s (custom)
datanode3_1  | 2020-09-22 13:34:46,286 [pool-20-thread-1] INFO segmented.SegmentedRaftLogWorker: baca99fa-a4c3-4c5e-b887-01dc5cacc421@group-5A7E49DA6FF6-SegmentedRaftLogWorker: safeCacheEvictIndex: setUnconditionally 0 -> -1
om2_1        | 2020-09-22 13:34:49,932 [pool-18-thread-1] INFO server.RaftServerConfigKeys: raft.server.log.corruption.policy = EXCEPTION (default)
kdc_1        | Authenticating as principal admin/admin with keytab /tmp/admin.keytab.
recon_1      | 	at org.apache.hadoop.ipc.Server$RpcCall.run(Server.java:1016)
om1_1        | 2020-09-22 13:34:52,070 [pool-18-thread-1] INFO server.RaftServerConfigKeys: raft.server.log.appender.buffer.byte-limit = 33554432 (custom)
scm_1        | 2020-09-22 13:34:09,353 [Listener at 0.0.0.0/9860] INFO server.session: DefaultSessionIdManager workerName=node0
om3_1        | 2020-09-22 13:34:53,976 [pool-18-thread-1] INFO server.RaftServerConfigKeys: raft.server.rpc.timeout.max = 1200ms (custom)
datanode3_1  | 2020-09-22 13:34:46,374 [pool-20-thread-1] INFO server.RaftServerConfigKeys: raft.server.snapshot.auto.trigger.enabled = true (custom)
om2_1        | 2020-09-22 13:34:49,935 [pool-18-thread-1] INFO storage.RaftStorageDirectory: The storage directory /data/metadata/ratis/fafe1b60-c241-37cc-98f4-562213e44849 does not exist. Creating ...
kdc_1        | WARNING: no policy specified for HTTP/6a2d470ab773@EXAMPLE.COM; defaulting to no policy
recon_1      | 	at org.apache.hadoop.ipc.Server$RpcCall.run(Server.java:927)
om1_1        | 2020-09-22 13:34:52,073 [pool-18-thread-1] INFO server.RaftServerConfigKeys: raft.server.log.segment.size.max = 4194304 (custom)
scm_1        | 2020-09-22 13:34:09,374 [Listener at 0.0.0.0/9860] INFO server.session: No SessionScavenger set, using defaults
om3_1        | 2020-09-22 13:34:53,976 [pool-18-thread-1] INFO server.RaftServerConfigKeys: raft.server.rpcslowness.timeout = 120s (custom)
datanode3_1  | 2020-09-22 13:34:46,396 [pool-20-thread-1] INFO server.RaftServerConfigKeys: raft.server.snapshot.auto.trigger.threshold = 10000 (custom)
om2_1        | 2020-09-22 13:34:50,068 [pool-18-thread-1] INFO storage.RaftStorageDirectory: Lock on /data/metadata/ratis/fafe1b60-c241-37cc-98f4-562213e44849/in_use.lock acquired by nodename 6@om2
kdc_1        | Principal "HTTP/6a2d470ab773@EXAMPLE.COM" created.
recon_1      | 	at java.base/java.security.AccessController.doPrivileged(Native Method)
om1_1        | 2020-09-22 13:34:52,210 [pool-18-thread-1] INFO server.RaftServerConfigKeys: raft.server.log.segment.cache.num.max = 2 (custom)
scm_1        | 2020-09-22 13:34:09,437 [Listener at 0.0.0.0/9860] INFO server.session: node0 Scavenging every 600000ms
om3_1        | 2020-09-22 13:34:53,977 [pool-18-thread-1] INFO server.RaftServerConfigKeys: raft.server.sleep.deviation.threshold = 300 (default)
datanode3_1  | 2020-09-22 13:34:46,398 [pool-20-thread-1] INFO server.RaftServerConfigKeys: raft.server.snapshot.retention.file.num = 5 (custom)
om2_1        | 2020-09-22 13:34:50,141 [pool-18-thread-1] INFO storage.RaftStorage: Storage directory /data/metadata/ratis/fafe1b60-c241-37cc-98f4-562213e44849 has been successfully formatted.
kdc_1        | Authenticating as principal admin/admin with keytab /tmp/admin.keytab.
recon_1      | 	at java.base/javax.security.auth.Subject.doAs(Subject.java:423)
om1_1        | 2020-09-22 13:34:52,324 [pool-18-thread-1] INFO segmented.SegmentedRaftLogWorker: new om1@group-562213E44849-SegmentedRaftLogWorker for RaftStorage:Storage Directory /data/metadata/ratis/fafe1b60-c241-37cc-98f4-562213e44849
scm_1        | 2020-09-22 13:34:09,533 [Listener at 0.0.0.0/9860] INFO server.KerberosAuthenticationHandler: Using keytab /etc/security/keytabs/HTTP.keytab, for principal HTTP/scm@EXAMPLE.COM
om3_1        | 2020-09-22 13:34:54,007 [pool-18-thread-1] INFO server.RaftServerConfigKeys: raft.server.log.appender.install.snapshot.enabled = false (custom)
datanode3_1  | 2020-09-22 13:34:46,400 [pool-20-thread-1] INFO server.RaftServerConfigKeys: raft.server.log.purge.upto.snapshot.index = false (default)
om2_1        | 2020-09-22 13:34:50,185 [pool-18-thread-1] INFO server.RaftServerConfigKeys: raft.server.notification.no-leader.timeout = 120s (custom)
kdc_1        | Entry for principal HTTP/6a2d470ab773@EXAMPLE.COM with kvno 2, encryption type aes256-cts-hmac-sha1-96 added to keytab WRFILE:/data/HTTP.6a2d470ab773.keytab.
recon_1      | 	at org.apache.hadoop.security.UserGroupInformation.doAs(UserGroupInformation.java:1730)
om1_1        | 2020-09-22 13:34:52,332 [pool-18-thread-1] INFO server.RaftServerConfigKeys: raft.server.log.queue.byte-limit = 64MB (=67108864) (default)
scm_1        | 2020-09-22 13:34:09,522 [Socket Reader #1 for port 9860] INFO ipc.Server: Auth successful for recon/recon@EXAMPLE.COM (auth:KERBEROS)
om3_1        | 2020-09-22 13:34:54,030 [pool-18-thread-1] INFO impl.RaftServerImpl: om3@group-562213E44849: ConfigurationManager, init=-1: [om1:om1:9872:0, om3:om3:9872:0, om2:om2:9872:0], old=null, confs=<EMPTY_MAP>
datanode3_1  | 2020-09-22 13:34:46,404 [pool-20-thread-1] INFO server.RaftServerConfigKeys: raft.server.retrycache.expirytime = 600000ms (custom)
om2_1        | 2020-09-22 13:34:50,245 [pool-18-thread-1] INFO server.RaftServerConfigKeys: raft.server.log.use.memory = false (default)
kdc_1        | Entry for principal HTTP/6a2d470ab773@EXAMPLE.COM with kvno 2, encryption type aes128-cts-hmac-sha1-96 added to keytab WRFILE:/data/HTTP.6a2d470ab773.keytab.
recon_1      | 	at org.apache.hadoop.ipc.Server$Handler.run(Server.java:2915)
om1_1        | 2020-09-22 13:34:52,349 [pool-18-thread-1] INFO server.RaftServerConfigKeys: raft.server.log.queue.element-limit = 4096 (default)
scm_1        | 2020-09-22 13:34:09,576 [Listener at 0.0.0.0/9860] INFO handler.ContextHandler: Started o.e.j.s.ServletContextHandler@5d22604e{logs,/logs,file:///var/log/hadoop/,AVAILABLE}
datanode3_1  | 2020-09-22 13:34:46,633 [pool-20-thread-1] INFO metrics.RatisMetrics: Creating Metrics Registry : ratis.leader_election.baca99fa-a4c3-4c5e-b887-01dc5cacc421@group-5A7E49DA6FF6
om2_1        | 2020-09-22 13:34:50,296 [pool-18-thread-1] INFO server.RaftServerConfigKeys: raft.server.log.purge.gap = 1000000 (custom)
kdc_1        | Generiting keytab
recon_1      | 2020-09-22 13:34:31,373 [pool-14-thread-1] INFO retry.RetryInvocationHandler: com.google.protobuf.ServiceException: java.net.ConnectException: Call From recon/172.25.0.115 to om1:9862 failed on connection exception: java.net.ConnectException: Connection refused; For more details see:  http://wiki.apache.org/hadoop/ConnectionRefused, while invoking $Proxy41.submitRequest over nodeId=om1,nodeAddress=om1:9862 after 6 failover attempts. Trying to failover immediately.
om1_1        | 2020-09-22 13:34:52,358 [pool-18-thread-1] INFO server.RaftServerConfigKeys: raft.server.log.segment.size.max = 4194304 (custom)
om3_1        | 2020-09-22 13:34:54,038 [pool-18-thread-1] INFO server.RaftServerConfigKeys: raft.server.storage.dir = [/data/metadata/ratis] (custom)
scm_1        | 2020-09-22 13:34:09,578 [Listener at 0.0.0.0/9860] INFO handler.ContextHandler: Started o.e.j.s.ServletContextHandler@6ca33187{static,/static,jar:file:/opt/hadoop/share/ozone/lib/hadoop-hdds-server-scm-1.1.0-SNAPSHOT.jar!/webapps/static,AVAILABLE}
datanode3_1  | 2020-09-22 13:34:46,695 [pool-20-thread-1] INFO metrics.RatisMetrics: Creating Metrics Registry : ratis.server.baca99fa-a4c3-4c5e-b887-01dc5cacc421@group-5A7E49DA6FF6
om2_1        | 2020-09-22 13:34:50,382 [pool-18-thread-1] INFO metrics.RatisMetrics: Creating Metrics Registry : ratis.log_worker.om2@group-562213E44849
kdc_1        | Authenticating as principal admin/admin with keytab /tmp/admin.keytab.
recon_1      | 2020-09-22 13:34:31,373 [pool-14-thread-1] INFO retry.RetryInvocationHandler: com.google.protobuf.ServiceException: java.net.ConnectException: Call From recon/172.25.0.115 to om2:9862 failed on connection exception: java.net.ConnectException: Connection refused; For more details see:  http://wiki.apache.org/hadoop/ConnectionRefused, while invoking $Proxy41.submitRequest over nodeId=om2,nodeAddress=om2:9862 after 7 failover attempts. Trying to failover immediately.
om1_1        | 2020-09-22 13:34:52,368 [pool-18-thread-1] INFO server.RaftServerConfigKeys: raft.server.log.preallocated.size = 4194304 (custom)
om3_1        | 2020-09-22 13:34:54,121 [pool-18-thread-1] INFO server.RaftServerConfigKeys: raft.server.log.corruption.policy = EXCEPTION (default)
scm_1        | 2020-09-22 13:34:09,556 [Socket Reader #1 for port 9863] INFO ipc.Server: Auth successful for om/om2@EXAMPLE.COM (auth:KERBEROS)
datanode3_1  | 2020-09-22 13:34:46,797 [pool-20-thread-1] INFO impl.RaftServerImpl: baca99fa-a4c3-4c5e-b887-01dc5cacc421@group-5A7E49DA6FF6: start as a follower, conf=-1: [76773347-b5a5-4776-b231-2bcbc2e61614:172.25.0.102:9858:0, 6dc2f29e-5fee-4b9c-a825-5b51c4a4223d:172.25.0.103:9858:0, baca99fa-a4c3-4c5e-b887-01dc5cacc421:172.25.0.104:9858:0], old=null
datanode3_1  | 2020-09-22 13:34:46,821 [pool-20-thread-1] INFO impl.RaftServerImpl: baca99fa-a4c3-4c5e-b887-01dc5cacc421@group-5A7E49DA6FF6: changes role from      null to FOLLOWER at term 0 for startAsFollower
datanode3_1  | 2020-09-22 13:34:46,824 [pool-20-thread-1] INFO impl.RoleInfo: baca99fa-a4c3-4c5e-b887-01dc5cacc421: start FollowerState
datanode3_1  | 2020-09-22 13:34:46,861 [pool-20-thread-1] INFO util.JmxRegister: Successfully registered JMX Bean with object name Ratis:service=RaftServer,group=group-5A7E49DA6FF6,id=baca99fa-a4c3-4c5e-b887-01dc5cacc421
datanode3_1  | 2020-09-22 13:34:46,900 [pool-20-thread-1] INFO metrics.RatisMetrics: Creating Metrics Registry : ratis.state_machine.baca99fa-a4c3-4c5e-b887-01dc5cacc421@group-5A7E49DA6FF6
datanode3_1  | 2020-09-22 13:34:47,083 [grpc-default-executor-0] INFO ratis.XceiverServerRatis: Leader change notification received for group: group-5A7E49DA6FF6 with new leaderId: 76773347-b5a5-4776-b231-2bcbc2e61614
datanode3_1  | 2020-09-22 13:34:47,096 [grpc-default-executor-0] INFO impl.RaftServerImpl: baca99fa-a4c3-4c5e-b887-01dc5cacc421@group-5A7E49DA6FF6: change Leader from null to 76773347-b5a5-4776-b231-2bcbc2e61614 at term 1 for appendEntries, leader elected after 1258ms
datanode3_1  | 2020-09-22 13:34:47,133 [grpc-default-executor-0] INFO impl.RaftServerImpl: baca99fa-a4c3-4c5e-b887-01dc5cacc421@group-5A7E49DA6FF6: Failed appendEntries as previous log entry ((t:1, i:0)) is not found
om3_1        | 2020-09-22 13:34:54,142 [pool-18-thread-1] INFO storage.RaftStorageDirectory: The storage directory /data/metadata/ratis/fafe1b60-c241-37cc-98f4-562213e44849 does not exist. Creating ...
recon_1      | 2020-09-22 13:34:31,374 [pool-14-thread-1] INFO retry.RetryInvocationHandler: com.google.protobuf.ServiceException: java.net.ConnectException: Call From recon/172.25.0.115 to om3:9862 failed on connection exception: java.net.ConnectException: Connection refused; For more details see:  http://wiki.apache.org/hadoop/ConnectionRefused, while invoking $Proxy41.submitRequest over nodeId=om3,nodeAddress=om3:9862 after 8 failover attempts. Trying to failover after sleeping for 2000ms.
scm_1        | 2020-09-22 13:34:09,607 [Socket Reader #1 for port 9961] INFO ipc.Server: Auth successful for dn/6a2d470ab773@EXAMPLE.COM (auth:KERBEROS)
kdc_1        | WARNING: no policy specified for scm/scm@EXAMPLE.COM; defaulting to no policy
om1_1        | 2020-09-22 13:34:52,376 [pool-18-thread-1] INFO server.RaftServerConfigKeys: raft.server.log.write.buffer.size = 64KB (=65536) (default)
om2_1        | 2020-09-22 13:34:50,557 [pool-18-thread-1] INFO server.RaftServerConfigKeys: raft.server.log.appender.buffer.byte-limit = 33554432 (custom)
datanode3_1  | 2020-09-22 13:34:47,145 [grpc-default-executor-0] INFO impl.RaftServerImpl: baca99fa-a4c3-4c5e-b887-01dc5cacc421@group-5A7E49DA6FF6: inconsistency entries. Reply:76773347-b5a5-4776-b231-2bcbc2e61614<-baca99fa-a4c3-4c5e-b887-01dc5cacc421#2:FAIL,INCONSISTENCY,nextIndex:0,term:0,followerCommit:-1
om3_1        | 2020-09-22 13:34:54,408 [pool-18-thread-1] INFO storage.RaftStorageDirectory: Lock on /data/metadata/ratis/fafe1b60-c241-37cc-98f4-562213e44849/in_use.lock acquired by nodename 6@om3
recon_1      | 2020-09-22 13:34:31,436 [Socket Reader #1 for port 9891] INFO ipc.Server: Auth successful for dn/ac18c5e394f7@EXAMPLE.COM (auth:KERBEROS)
scm_1        | 2020-09-22 13:34:09,635 [Socket Reader #1 for port 9860] INFO authorize.ServiceAuthorizationManager: Authorization successful for recon/recon@EXAMPLE.COM (auth:KERBEROS) for protocol=interface org.apache.hadoop.hdds.scm.protocol.StorageContainerLocationProtocol
kdc_1        | Principal "scm/scm@EXAMPLE.COM" created.
om1_1        | 2020-09-22 13:34:52,380 [pool-18-thread-1] INFO server.RaftServerConfigKeys: raft.server.log.force.sync.num = 128 (default)
om2_1        | 2020-09-22 13:34:50,565 [pool-18-thread-1] INFO server.RaftServerConfigKeys: raft.server.log.segment.size.max = 4194304 (custom)
datanode3_1  | 2020-09-22 13:34:47,262 [grpc-default-executor-2] INFO impl.RaftServerImpl: baca99fa-a4c3-4c5e-b887-01dc5cacc421@group-5A7E49DA6FF6: set configuration 0: [76773347-b5a5-4776-b231-2bcbc2e61614:172.25.0.102:9858:0, 6dc2f29e-5fee-4b9c-a825-5b51c4a4223d:172.25.0.103:9858:0, baca99fa-a4c3-4c5e-b887-01dc5cacc421:172.25.0.104:9858:0], old=null at 0
om3_1        | 2020-09-22 13:34:54,551 [pool-18-thread-1] INFO storage.RaftStorage: Storage directory /data/metadata/ratis/fafe1b60-c241-37cc-98f4-562213e44849 has been successfully formatted.
recon_1      | 2020-09-22 13:34:31,482 [Socket Reader #1 for port 9891] INFO authorize.ServiceAuthorizationManager: Authorization successful for dn/ac18c5e394f7@EXAMPLE.COM (auth:KERBEROS) for protocol=interface org.apache.hadoop.ozone.protocol.ReconDatanodeProtocol
scm_1        | 2020-09-22 13:34:09,683 [Socket Reader #1 for port 9863] INFO ipc.Server: Auth successful for om/om3@EXAMPLE.COM (auth:KERBEROS)
kdc_1        | Authenticating as principal admin/admin with keytab /tmp/admin.keytab.
kdc_1        | Entry for principal scm/scm@EXAMPLE.COM with kvno 2, encryption type aes256-cts-hmac-sha1-96 added to keytab WRFILE:/data/scm.scm.keytab.
om2_1        | 2020-09-22 13:34:50,701 [pool-18-thread-1] INFO server.RaftServerConfigKeys: raft.server.log.segment.cache.num.max = 2 (custom)
datanode3_1  | 2020-09-22 13:34:47,327 [grpc-default-executor-2] INFO segmented.SegmentedRaftLogWorker: baca99fa-a4c3-4c5e-b887-01dc5cacc421@group-5A7E49DA6FF6-SegmentedRaftLogWorker: Starting segment from index:0
om3_1        | 2020-09-22 13:34:54,553 [pool-18-thread-1] INFO server.RaftServerConfigKeys: raft.server.notification.no-leader.timeout = 120s (custom)
recon_1      | 2020-09-22 13:34:32,061 [Socket Reader #1 for port 9891] INFO ipc.Server: Auth successful for dn/e2df0fc10066@EXAMPLE.COM (auth:KERBEROS)
scm_1        | 2020-09-22 13:34:09,668 [Socket Reader #1 for port 9961] INFO authorize.ServiceAuthorizationManager: Authorization successful for dn/6a2d470ab773@EXAMPLE.COM (auth:KERBEROS) for protocol=interface org.apache.hadoop.hdds.protocol.SCMSecurityProtocol
kdc_1        | Entry for principal scm/scm@EXAMPLE.COM with kvno 2, encryption type aes128-cts-hmac-sha1-96 added to keytab WRFILE:/data/scm.scm.keytab.
om1_1        | 2020-09-22 13:34:52,393 [pool-18-thread-1] INFO server.RaftServerConfigKeys: raft.server.log.statemachine.data.sync = true (default)
om2_1        | 2020-09-22 13:34:50,726 [pool-18-thread-1] INFO segmented.SegmentedRaftLogWorker: new om2@group-562213E44849-SegmentedRaftLogWorker for RaftStorage:Storage Directory /data/metadata/ratis/fafe1b60-c241-37cc-98f4-562213e44849
datanode3_1  | 2020-09-22 13:34:47,775 [baca99fa-a4c3-4c5e-b887-01dc5cacc421@group-5A7E49DA6FF6-SegmentedRaftLogWorker] INFO segmented.SegmentedRaftLogWorker: baca99fa-a4c3-4c5e-b887-01dc5cacc421@group-5A7E49DA6FF6-SegmentedRaftLogWorker: created new log segment /data/metadata/ratis/a4b4de19-099f-4c5e-b11a-5a7e49da6ff6/current/log_inprogress_0
om3_1        | 2020-09-22 13:34:54,565 [pool-18-thread-1] INFO server.RaftServerConfigKeys: raft.server.log.use.memory = false (default)
recon_1      | 2020-09-22 13:34:32,101 [Socket Reader #1 for port 9891] INFO authorize.ServiceAuthorizationManager: Authorization successful for dn/e2df0fc10066@EXAMPLE.COM (auth:KERBEROS) for protocol=interface org.apache.hadoop.ozone.protocol.ReconDatanodeProtocol
scm_1        | 2020-09-22 13:34:09,694 [Socket Reader #1 for port 9961] INFO ipc.Server: Auth successful for dn/ac18c5e394f7@EXAMPLE.COM (auth:KERBEROS)
kdc_1        | Generiting keytab
om1_1        | 2020-09-22 13:34:52,402 [pool-18-thread-1] INFO server.RaftServerConfigKeys: raft.server.log.statemachine.data.sync.timeout = 10s (default)
om2_1        | 2020-09-22 13:34:50,787 [pool-18-thread-1] INFO server.RaftServerConfigKeys: raft.server.log.queue.byte-limit = 64MB (=67108864) (default)
datanode3_1  | 2020-09-22 13:35:06,388 [Command processor thread] INFO impl.RaftServerProxy: baca99fa-a4c3-4c5e-b887-01dc5cacc421: addNew group-5CB3CDD5C8DD:[baca99fa-a4c3-4c5e-b887-01dc5cacc421:172.25.0.104:9858:0] returns group-5CB3CDD5C8DD:java.util.concurrent.CompletableFuture@169a5523[Not completed]
om3_1        | 2020-09-22 13:34:54,586 [pool-18-thread-1] INFO server.RaftServerConfigKeys: raft.server.log.purge.gap = 1000000 (custom)
recon_1      | 2020-09-22 13:34:32,653 [IPC Server handler 14 on default port 9891] INFO net.NetworkTopologyImpl: Added a new node: /default-rack/6dc2f29e-5fee-4b9c-a825-5b51c4a4223d
scm_1        | 2020-09-22 13:34:09,722 [Socket Reader #1 for port 9863] INFO authorize.ServiceAuthorizationManager: Authorization successful for om/om2@EXAMPLE.COM (auth:KERBEROS) for protocol=interface org.apache.hadoop.hdds.scm.protocol.ScmBlockLocationProtocol
kdc_1        | Authenticating as principal admin/admin with keytab /tmp/admin.keytab.
om1_1        | 2020-09-22 13:34:52,403 [pool-18-thread-1] INFO server.RaftServerConfigKeys: raft.server.log.statemachine.data.sync.timeout.retry = -1 (default)
om2_1        | 2020-09-22 13:34:50,787 [pool-18-thread-1] INFO server.RaftServerConfigKeys: raft.server.log.queue.element-limit = 4096 (default)
datanode3_1  | 2020-09-22 13:35:06,395 [pool-20-thread-1] INFO impl.RaftServerImpl: baca99fa-a4c3-4c5e-b887-01dc5cacc421: new RaftServerImpl for group-5CB3CDD5C8DD:[baca99fa-a4c3-4c5e-b887-01dc5cacc421:172.25.0.104:9858:0] with ContainerStateMachine:uninitialized
om3_1        | 2020-09-22 13:34:54,709 [pool-18-thread-1] INFO metrics.RatisMetrics: Creating Metrics Registry : ratis.log_worker.om3@group-562213E44849
recon_1      | 2020-09-22 13:34:32,664 [IPC Server handler 14 on default port 9891] INFO node.SCMNodeManager: Registered Data node : 6dc2f29e-5fee-4b9c-a825-5b51c4a4223d{ip: 172.25.0.103, host: ozonesecure-om-ha_datanode2_1.ozonesecure-om-ha_ozone_net, networkLocation: /default-rack, certSerialId: 3326842295025}
scm_1        | 2020-09-22 13:34:09,727 [Socket Reader #1 for port 9961] INFO ipc.Server: Auth successful for dn/e2df0fc10066@EXAMPLE.COM (auth:KERBEROS)
kdc_1        | WARNING: no policy specified for om/om3@EXAMPLE.COM; defaulting to no policy
om1_1        | 2020-09-22 13:34:52,664 [pool-18-thread-1] INFO server.RaftServerConfigKeys: raft.server.log.statemachine.data.caching.enabled = false (default)
om2_1        | 2020-09-22 13:34:50,789 [pool-18-thread-1] INFO server.RaftServerConfigKeys: raft.server.log.segment.size.max = 4194304 (custom)
datanode3_1  | 2020-09-22 13:35:06,395 [pool-20-thread-1] INFO server.RaftServerConfigKeys: raft.server.rpc.timeout.min = 5s (custom)
om3_1        | 2020-09-22 13:34:54,786 [pool-18-thread-1] INFO server.RaftServerConfigKeys: raft.server.log.appender.buffer.byte-limit = 33554432 (custom)
recon_1      | 2020-09-22 13:34:32,834 [EventQueue-NewNodeForReconNewNodeHandler] INFO scm.ReconNodeManager: Adding new node 6dc2f29e-5fee-4b9c-a825-5b51c4a4223d to Node DB.
scm_1        | 2020-09-22 13:34:09,752 [Socket Reader #1 for port 9961] INFO authorize.ServiceAuthorizationManager: Authorization successful for dn/ac18c5e394f7@EXAMPLE.COM (auth:KERBEROS) for protocol=interface org.apache.hadoop.hdds.protocol.SCMSecurityProtocol
kdc_1        | Principal "om/om3@EXAMPLE.COM" created.
om1_1        | 2020-09-22 13:34:52,741 [pool-18-thread-1] INFO segmented.SegmentedRaftLogWorker: om1@group-562213E44849-SegmentedRaftLogWorker: flushIndex: setUnconditionally 0 -> -1
om2_1        | 2020-09-22 13:34:50,790 [pool-18-thread-1] INFO server.RaftServerConfigKeys: raft.server.log.preallocated.size = 4194304 (custom)
datanode3_1  | 2020-09-22 13:35:06,395 [pool-20-thread-1] INFO server.RaftServerConfigKeys: raft.server.rpc.timeout.max = 5200ms (custom)
om3_1        | 2020-09-22 13:34:54,829 [pool-18-thread-1] INFO server.RaftServerConfigKeys: raft.server.log.segment.size.max = 4194304 (custom)
recon_1      | 2020-09-22 13:34:33,384 [pool-14-thread-1] INFO retry.RetryInvocationHandler: com.google.protobuf.ServiceException: java.net.ConnectException: Call From recon/172.25.0.115 to om1:9862 failed on connection exception: java.net.ConnectException: Connection refused; For more details see:  http://wiki.apache.org/hadoop/ConnectionRefused, while invoking $Proxy41.submitRequest over nodeId=om1,nodeAddress=om1:9862 after 9 failover attempts. Trying to failover immediately.
scm_1        | 2020-09-22 13:34:09,753 [Socket Reader #1 for port 9863] INFO authorize.ServiceAuthorizationManager: Authorization successful for om/om3@EXAMPLE.COM (auth:KERBEROS) for protocol=interface org.apache.hadoop.hdds.scm.protocol.ScmBlockLocationProtocol
kdc_1        | Authenticating as principal admin/admin with keytab /tmp/admin.keytab.
om1_1        | 2020-09-22 13:34:52,741 [pool-18-thread-1] INFO segmented.SegmentedRaftLogWorker: om1@group-562213E44849-SegmentedRaftLogWorker: safeCacheEvictIndex: setUnconditionally 0 -> -1
om2_1        | 2020-09-22 13:34:50,790 [pool-18-thread-1] INFO server.RaftServerConfigKeys: raft.server.log.write.buffer.size = 64KB (=65536) (default)
datanode3_1  | 2020-09-22 13:35:06,396 [pool-20-thread-1] INFO server.RaftServerConfigKeys: raft.server.rpcslowness.timeout = 300s (custom)
om3_1        | 2020-09-22 13:34:54,907 [pool-18-thread-1] INFO server.RaftServerConfigKeys: raft.server.log.segment.cache.num.max = 2 (custom)
recon_1      | 2020-09-22 13:34:33,385 [pool-14-thread-1] INFO retry.RetryInvocationHandler: com.google.protobuf.ServiceException: java.net.ConnectException: Call From recon/172.25.0.115 to om2:9862 failed on connection exception: java.net.ConnectException: Connection refused; For more details see:  http://wiki.apache.org/hadoop/ConnectionRefused, while invoking $Proxy41.submitRequest over nodeId=om2,nodeAddress=om2:9862 after 10 failover attempts. Trying to failover immediately.
scm_1        | 2020-09-22 13:34:09,772 [Socket Reader #1 for port 9863] INFO ipc.Server: Auth successful for om/om1@EXAMPLE.COM (auth:KERBEROS)
kdc_1        | Entry for principal om/om3@EXAMPLE.COM with kvno 2, encryption type aes256-cts-hmac-sha1-96 added to keytab WRFILE:/data/om.om3.keytab.
om1_1        | 2020-09-22 13:34:52,776 [pool-18-thread-1] INFO server.RaftServerConfigKeys: raft.server.snapshot.auto.trigger.enabled = true (custom)
om2_1        | 2020-09-22 13:34:50,790 [pool-18-thread-1] INFO server.RaftServerConfigKeys: raft.server.log.force.sync.num = 128 (default)
datanode3_1  | 2020-09-22 13:35:06,396 [pool-20-thread-1] INFO server.RaftServerConfigKeys: raft.server.sleep.deviation.threshold = 300 (default)
