datanode3_1  | 2020-09-22 13:34:01,598 [main] INFO ipc.Client: Retrying connect to server: scm/172.25.0.116:9961. Already tried 7 time(s); retry policy is RetryUpToMaximumCountWithFixedSleep(maxRetries=2147483647, sleepTime=1000 MILLISECONDS)
datanode3_1  | 2020-09-22 13:34:02,599 [main] INFO ipc.Client: Retrying connect to server: scm/172.25.0.116:9961. Already tried 8 time(s); retry policy is RetryUpToMaximumCountWithFixedSleep(maxRetries=2147483647, sleepTime=1000 MILLISECONDS)
datanode3_1  | 2020-09-22 13:34:03,601 [main] INFO ipc.Client: Retrying connect to server: scm/172.25.0.116:9961. Already tried 9 time(s); retry policy is RetryUpToMaximumCountWithFixedSleep(maxRetries=2147483647, sleepTime=1000 MILLISECONDS)
datanode3_1  | 2020-09-22 13:34:04,602 [main] INFO ipc.Client: Retrying connect to server: scm/172.25.0.116:9961. Already tried 10 time(s); retry policy is RetryUpToMaximumCountWithFixedSleep(maxRetries=2147483647, sleepTime=1000 MILLISECONDS)
datanode3_1  | 2020-09-22 13:34:05,604 [main] INFO ipc.Client: Retrying connect to server: scm/172.25.0.116:9961. Already tried 11 time(s); retry policy is RetryUpToMaximumCountWithFixedSleep(maxRetries=2147483647, sleepTime=1000 MILLISECONDS)
datanode3_1  | 2020-09-22 13:34:12,449 [main] INFO client.DNCertificateClient: Loading certificate from location:/data/metadata/dn/certs.
datanode3_1  | 2020-09-22 13:34:12,556 [main] INFO client.DNCertificateClient: Added certificate from file:/data/metadata/dn/certs/3326842446931.crt.
datanode3_1  | 2020-09-22 13:34:12,587 [main] INFO client.DNCertificateClient: Added certificate from file:/data/metadata/dn/certs/CA-1.crt.
datanode3_1  | 2020-09-22 13:34:12,602 [main] INFO ozone.HddsDatanodeService: Successfully stored SCM signed certificate, case:GETCERT.
datanode3_1  | 2020-09-22 13:34:13,370 [main] INFO fs.SaveSpaceUsageToFile: Cached usage info file /data/hdds/scmUsed not found
datanode3_1  | 2020-09-22 13:34:13,384 [main] INFO volume.HddsVolume: Creating Volume: /data/hdds/hdds of storage type : DISK and capacity : 89311358976
datanode3_1  | 2020-09-22 13:34:13,386 [main] INFO volume.MutableVolumeSet: Added Volume : /data/hdds/hdds to VolumeSet
datanode3_1  | 2020-09-22 13:34:13,551 [main] INFO volume.ThrottledAsyncChecker: Scheduling a check for /data/hdds/hdds
datanode3_1  | 2020-09-22 13:34:13,850 [main] INFO volume.HddsVolumeChecker: Scheduled health check for volume /data/hdds/hdds
datanode3_1  | 2020-09-22 13:34:14,197 [Thread-7] INFO ozoneimpl.ContainerReader: Start to verify containers on volume /data/hdds/hdds
datanode3_1  | 2020-09-22 13:34:14,206 [Thread-7] INFO ozoneimpl.ContainerReader: Finish verifying containers on volume /data/hdds/hdds
datanode3_1  | 2020-09-22 13:34:14,206 [main] INFO ozoneimpl.OzoneContainer: Build ContainerSet costs 0s
datanode3_1  | 2020-09-22 13:34:19,367 [main] WARN server.ServerUtils: Storage directory for Ratis is not configured. It is a good idea to map this to an SSD disk. Falling back to ozone.metadata.dirs
datanode3_1  | 2020-09-22 13:34:19,984 [main] INFO impl.RaftServerProxy: raft.rpc.type = GRPC (default)
datanode3_1  | 2020-09-22 13:34:20,773 [main] INFO grpc.GrpcConfigKeys: raft.grpc.server.port = 9858 (custom)
datanode3_1  | 2020-09-22 13:34:20,774 [main] INFO server.GrpcService: raft.grpc.message.size.max = 32MB (=33554432) (custom)
kms_1        | KDC ISSUER_SERVER => kdc:8081
om3_1        | Sleeping for 5 seconds
datanode2_1  | 2020-09-22 13:34:42,110 [pool-20-thread-1] INFO server.RaftServerConfigKeys: raft.server.log.statemachine.data.sync = true (default)
datanode2_1  | 2020-09-22 13:34:42,127 [pool-20-thread-1] INFO server.RaftServerConfigKeys: raft.server.log.statemachine.data.sync.timeout = 10s (default)
om2_1        | Sleeping for 5 seconds
om2_1        | Setting up kerberos!!
om1_1        | --2020-09-22 13:33:22--  http://kdc:8081/keytab/om1/om
datanode3_1  | 2020-09-22 13:34:20,780 [main] INFO server.RaftServerConfigKeys: raft.server.log.appender.buffer.byte-limit = 33554432 (custom)
kms_1        | /opt/starter.sh: line 66: SLEEP_SECONDS: command not found
recon_1      | Sleeping for 5 seconds
om3_1        | Setting up kerberos!!
datanode2_1  | 2020-09-22 13:34:42,128 [pool-20-thread-1] INFO server.RaftServerConfigKeys: raft.server.log.statemachine.data.sync.timeout.retry = -1 (default)
datanode1_1  | 2020-09-22 13:34:47,324 [pool-20-thread-1] INFO server.RaftServerConfigKeys: raft.server.log.statemachine.data.sync.timeout = 10s (default)
om2_1        | KDC ISSUER_SERVER => kdc:8081
kdc_1        | krb5kdc: setsockopt(9,IPV6_V6ONLY,1) worked
datanode3_1  | 2020-09-22 13:34:20,788 [main] INFO server.GrpcService: raft.grpc.flow.control.window = 5MB (=5242880) (custom)
kms_1        | Sleeping for  seconds
recon_1      | Setting up kerberos!!
om3_1        | KDC ISSUER_SERVER => kdc:8081
s3g_1        | Sleeping for 5 seconds
datanode2_1  | 2020-09-22 13:34:42,233 [pool-20-thread-1] INFO server.RaftServerConfigKeys: raft.server.log.statemachine.data.caching.enabled = true (custom)
datanode1_1  | 2020-09-22 13:34:47,324 [pool-20-thread-1] INFO server.RaftServerConfigKeys: raft.server.log.statemachine.data.sync.timeout.retry = -1 (default)
om2_1        | Sleeping for 5 seconds
kdc_1        | krb5kdc: setsockopt(11,IPV6_V6ONLY,1) worked
scm_1        | Sleeping for 5 seconds
om1_1        | Resolving kdc (kdc)... 172.25.0.100
datanode3_1  | 2020-09-22 13:34:20,816 [main] INFO server.RaftServerConfigKeys: raft.server.rpc.request.timeout = 60s (custom)
kms_1        | Got 200, KDC service ready!!
recon_1      | KDC ISSUER_SERVER => kdc:8081
om3_1        | Sleeping for 5 seconds
s3g_1        | Setting up kerberos!!
datanode2_1  | 2020-09-22 13:34:42,279 [pool-20-thread-1] INFO segmented.SegmentedRaftLogWorker: 6dc2f29e-5fee-4b9c-a825-5b51c4a4223d@group-5A7E49DA6FF6-SegmentedRaftLogWorker: flushIndex: setUnconditionally 0 -> -1
datanode1_1  | 2020-09-22 13:34:47,325 [pool-20-thread-1] INFO server.RaftServerConfigKeys: raft.server.log.statemachine.data.caching.enabled = true (custom)
om2_1        | Got 200, KDC service ready!!
kdc_1        | Sep 22 13:33:09 kdc krb5kdc[8](info): set up 4 sockets
scm_1        | Setting up kerberos!!
om1_1        | Connecting to kdc (kdc)|172.25.0.100|:8081... connected.
datanode3_1  | 2020-09-22 13:34:22,432 [main] INFO server.RaftServerConfigKeys: raft.server.storage.dir = [/data/metadata/ratis] (custom)
kms_1        | # Licensed to the Apache Software Foundation (ASF) under one or more
recon_1      | Sleeping for 5 seconds
om3_1        | Got 200, KDC service ready!!
s3g_1        | KDC ISSUER_SERVER => kdc:8081
datanode2_1  | 2020-09-22 13:34:42,282 [pool-20-thread-1] INFO segmented.SegmentedRaftLogWorker: 6dc2f29e-5fee-4b9c-a825-5b51c4a4223d@group-5A7E49DA6FF6-SegmentedRaftLogWorker: safeCacheEvictIndex: setUnconditionally 0 -> -1
datanode1_1  | 2020-09-22 13:34:47,326 [pool-20-thread-1] INFO segmented.SegmentedRaftLogWorker: 76773347-b5a5-4776-b231-2bcbc2e61614@group-6359E90A33BC-SegmentedRaftLogWorker: flushIndex: setUnconditionally 0 -> -1
om2_1        | Download om/om2@EXAMPLE.COM keytab file to /etc/security/keytabs/om.keytab
kdc_1        | Sep 22 13:33:09 kdc krb5kdc[8](info): commencing operation
scm_1        | KDC ISSUER_SERVER => kdc:8081
om1_1        | HTTP request sent, awaiting response... 200 OK
datanode3_1  | 2020-09-22 13:34:22,441 [main] WARN server.ServerUtils: Storage directory for Ratis is not configured. It is a good idea to map this to an SSD disk. Falling back to ozone.metadata.dirs
kms_1        | # contributor license agreements.  See the NOTICE file distributed with
recon_1      | Got 200, KDC service ready!!
om3_1        | Download om/om3@EXAMPLE.COM keytab file to /etc/security/keytabs/om.keytab
s3g_1        | Sleeping for 5 seconds
datanode2_1  | 2020-09-22 13:34:42,313 [pool-20-thread-1] INFO server.RaftServerConfigKeys: raft.server.snapshot.auto.trigger.enabled = true (custom)
datanode2_1  | 2020-09-22 13:34:42,320 [pool-20-thread-1] INFO server.RaftServerConfigKeys: raft.server.snapshot.auto.trigger.threshold = 10000 (custom)
om2_1        | --2020-09-22 13:33:19--  http://kdc:8081/keytab/om2/om
kdc_1        | Sep 22 13:27:20 7d2fc40649b8 kadmin.local[1](info): No dictionary file specified, continuing without one.
scm_1        | Sleeping for 5 seconds
om1_1        | Length: 140 [application/octet-stream]
datanode3_1  | 2020-09-22 13:34:23,571 [main] INFO http.BaseHttpServer: Starting Web-server for hddsDatanode at: http://0.0.0.0:9882
kms_1        | # this work for additional information regarding copyright ownership.
recon_1      | Download recon/recon@EXAMPLE.COM keytab file to /etc/security/keytabs/recon.keytab
om3_1        | --2020-09-22 13:33:20--  http://kdc:8081/keytab/om3/om
s3g_1        | Got 200, KDC service ready!!
datanode2_1  | 2020-09-22 13:34:42,322 [pool-20-thread-1] INFO server.RaftServerConfigKeys: raft.server.snapshot.retention.file.num = 5 (custom)
datanode1_1  | 2020-09-22 13:34:47,327 [pool-20-thread-1] INFO segmented.SegmentedRaftLogWorker: 76773347-b5a5-4776-b231-2bcbc2e61614@group-6359E90A33BC-SegmentedRaftLogWorker: safeCacheEvictIndex: setUnconditionally 0 -> -1
om2_1        | Resolving kdc (kdc)... 172.25.0.100
kdc_1        | Sep 22 13:27:21 997362c06a65 kadmin.local[1](info): No dictionary file specified, continuing without one.
scm_1        | Got 200, KDC service ready!!
om1_1        | Saving to: '/etc/security/keytabs/om.keytab'
datanode3_1  | 2020-09-22 13:34:23,584 [main] INFO http.BaseHttpServer: Hadoop Security Enabled: true Ozone Security Enabled: true Ozone HTTP Security Enabled: true 
kms_1        | # The ASF licenses this file to You under the Apache License, Version 2.0
recon_1      | --2020-09-22 13:33:19--  http://kdc:8081/keytab/recon/recon
om3_1        | Resolving kdc (kdc)... 172.25.0.100
s3g_1        | Download s3g/s3g@EXAMPLE.COM keytab file to /etc/security/keytabs/s3g.keytab
datanode2_1  | 2020-09-22 13:34:42,365 [pool-20-thread-1] INFO server.RaftServerConfigKeys: raft.server.log.purge.upto.snapshot.index = false (default)
datanode1_1  | 2020-09-22 13:34:47,340 [pool-20-thread-1] INFO server.RaftServerConfigKeys: raft.server.snapshot.auto.trigger.enabled = true (custom)
om2_1        | Connecting to kdc (kdc)|172.25.0.100|:8081... connected.
om2_1        | HTTP request sent, awaiting response... 200 OK
scm_1        | Download scm/scm@EXAMPLE.COM keytab file to /etc/security/keytabs/scm.keytab
om1_1        | 
datanode3_1  | 2020-09-22 13:34:23,584 [main] INFO http.BaseHttpServer: HttpAuthType: hdds.datanode.http.auth.type = kerberos
kms_1        | # (the "License"); you may not use this file except in compliance with
recon_1      | Resolving kdc (kdc)... 172.25.0.100
om3_1        | Connecting to kdc (kdc)|172.25.0.100|:8081... connected.
s3g_1        | --2020-09-22 13:33:21--  http://kdc:8081/keytab/s3g/s3g
datanode2_1  | 2020-09-22 13:34:42,373 [pool-20-thread-1] INFO server.RaftServerConfigKeys: raft.server.retrycache.expirytime = 600000ms (custom)
datanode1_1  | 2020-09-22 13:34:47,341 [pool-20-thread-1] INFO server.RaftServerConfigKeys: raft.server.snapshot.auto.trigger.threshold = 10000 (custom)
om2_1        | Length: 140 [application/octet-stream]
om2_1        | Saving to: '/etc/security/keytabs/om.keytab'
scm_1        | --2020-09-22 13:33:20--  http://kdc:8081/keytab/scm/scm
om1_1        |      0K                                                       100% 4.42M=0s
datanode3_1  | 2020-09-22 13:34:23,874 [main] INFO util.log: Logging initialized @60492ms to org.eclipse.jetty.util.log.Slf4jLog
kms_1        | # the License.  You may obtain a copy of the License at
recon_1      | Connecting to kdc (kdc)|172.25.0.100|:8081... connected.
om3_1        | HTTP request sent, awaiting response... 200 OK
s3g_1        | Resolving kdc (kdc)... 172.25.0.100
datanode2_1  | 2020-09-22 13:34:42,747 [pool-20-thread-1] INFO metrics.RatisMetrics: Creating Metrics Registry : ratis.leader_election.6dc2f29e-5fee-4b9c-a825-5b51c4a4223d@group-5A7E49DA6FF6
datanode1_1  | 2020-09-22 13:34:47,341 [pool-20-thread-1] INFO server.RaftServerConfigKeys: raft.server.snapshot.retention.file.num = 5 (custom)
kdc_1        | Sep 22 13:33:13 kdc kadmind[13](info): No dictionary file specified, continuing without one.
om2_1        | 
scm_1        | Resolving kdc (kdc)... 172.25.0.100
om1_1        | 
datanode3_1  | 2020-09-22 13:34:24,893 [main] INFO http.HttpRequestLog: Http request log for http.requests.hddsDatanode is not defined
kms_1        | #
recon_1      | HTTP request sent, awaiting response... 200 OK
om3_1        | Length: 140 [application/octet-stream]
s3g_1        | Connecting to kdc (kdc)|172.25.0.100|:8081... connected.
datanode2_1  | 2020-09-22 13:34:42,768 [pool-20-thread-1] INFO metrics.RatisMetrics: Creating Metrics Registry : ratis.server.6dc2f29e-5fee-4b9c-a825-5b51c4a4223d@group-5A7E49DA6FF6
om2_1        |      0K                                                       100% 17.1M=0s
scm_1        | Connecting to kdc (kdc)|172.25.0.100|:8081... connected.
om1_1        | 2020-09-22 13:33:22 (4.42 MB/s) - '/etc/security/keytabs/om.keytab' saved [140/140]
datanode3_1  | 2020-09-22 13:34:24,996 [main] INFO http.HttpServer2: Added global filter 'safety' (class=org.apache.hadoop.hdds.server.http.HttpServer2$QuotingInputFilter)
kms_1        | #     http://www.apache.org/licenses/LICENSE-2.0
recon_1      | Length: 150 [application/octet-stream]
om3_1        | Saving to: '/etc/security/keytabs/om.keytab'
s3g_1        | HTTP request sent, awaiting response... 200 OK
datanode2_1  | 2020-09-22 13:34:42,888 [pool-20-thread-1] INFO impl.RaftServerImpl: 6dc2f29e-5fee-4b9c-a825-5b51c4a4223d@group-5A7E49DA6FF6: start as a follower, conf=-1: [76773347-b5a5-4776-b231-2bcbc2e61614:172.25.0.102:9858:0, 6dc2f29e-5fee-4b9c-a825-5b51c4a4223d:172.25.0.103:9858:0, baca99fa-a4c3-4c5e-b887-01dc5cacc421:172.25.0.104:9858:0], old=null
kdc_1        | Sep 22 13:33:13 kdc kadmind[13](info): setting up network...
datanode1_1  | 2020-09-22 13:34:47,341 [pool-20-thread-1] INFO server.RaftServerConfigKeys: raft.server.log.purge.upto.snapshot.index = false (default)
om2_1        | 
scm_1        | HTTP request sent, awaiting response... 200 OK
om1_1        | 
datanode3_1  | 2020-09-22 13:34:25,003 [main] INFO http.HttpServer2: Added filter authentication (class=org.apache.hadoop.security.authentication.server.AuthenticationFilter) to context hddsDatanode
kms_1        | #
recon_1      | Saving to: '/etc/security/keytabs/recon.keytab'
om3_1        | 
s3g_1        | Length: 142 [application/octet-stream]
datanode2_1  | 2020-09-22 13:34:42,890 [pool-20-thread-1] INFO impl.RaftServerImpl: 6dc2f29e-5fee-4b9c-a825-5b51c4a4223d@group-5A7E49DA6FF6: changes role from      null to FOLLOWER at term 0 for startAsFollower
kdc_1        | kadmind: setsockopt(9,IPV6_V6ONLY,1) worked
datanode1_1  | 2020-09-22 13:34:47,342 [pool-20-thread-1] INFO server.RaftServerConfigKeys: raft.server.retrycache.expirytime = 600000ms (custom)
om2_1        | 2020-09-22 13:33:20 (17.1 MB/s) - '/etc/security/keytabs/om.keytab' saved [140/140]
scm_1        | Length: 142 [application/octet-stream]
om1_1        | Keytab name: FILE:/etc/security/keytabs/om.keytab
datanode3_1  | 2020-09-22 13:34:25,003 [main] INFO http.HttpServer2: Added filter authentication (class=org.apache.hadoop.security.authentication.server.AuthenticationFilter) to context static
kms_1        | # Unless required by applicable law or agreed to in writing, software
recon_1      | 
om3_1        |      0K                                                       100% 19.3M=0s
s3g_1        | Saving to: '/etc/security/keytabs/s3g.keytab'
kdc_1        | kadmind: setsockopt(11,IPV6_V6ONLY,1) worked
datanode1_1  | 2020-09-22 13:34:47,342 [pool-20-thread-1] INFO metrics.RatisMetrics: Creating Metrics Registry : ratis.leader_election.76773347-b5a5-4776-b231-2bcbc2e61614@group-6359E90A33BC
datanode2_1  | 2020-09-22 13:34:42,895 [pool-20-thread-1] INFO impl.RoleInfo: 6dc2f29e-5fee-4b9c-a825-5b51c4a4223d: start FollowerState
om2_1        | 
scm_1        | Saving to: '/etc/security/keytabs/scm.keytab'
om1_1        | KVNO Timestamp         Principal
datanode3_1  | 2020-09-22 13:34:25,003 [main] INFO http.HttpServer2: Added filter authentication (class=org.apache.hadoop.security.authentication.server.AuthenticationFilter) to context logs
kms_1        | # distributed under the License is distributed on an "AS IS" BASIS,
recon_1      |      0K                                                       100% 17.4M=0s
om3_1        | 
s3g_1        | 
kdc_1        | kadmind: setsockopt(13,IPV6_V6ONLY,1) worked
datanode1_1  | 2020-09-22 13:34:47,351 [pool-20-thread-1] INFO metrics.RatisMetrics: Creating Metrics Registry : ratis.server.76773347-b5a5-4776-b231-2bcbc2e61614@group-6359E90A33BC
datanode2_1  | 2020-09-22 13:34:42,945 [pool-20-thread-1] INFO util.JmxRegister: Successfully registered JMX Bean with object name Ratis:service=RaftServer,group=group-5A7E49DA6FF6,id=6dc2f29e-5fee-4b9c-a825-5b51c4a4223d
om2_1        | Keytab name: FILE:/etc/security/keytabs/om.keytab
scm_1        | 
om1_1        | ---- ----------------- --------------------------------------------------------
datanode3_1  | 2020-09-22 13:34:25,023 [main] INFO http.HttpServer2: Initialize spnego with host: 0.0.0.0 userKey: hdds.datanode.http.auth.kerberos.principal keytabKey: hdds.datanode.http.auth.kerberos.keytab
kms_1        | # WITHOUT WARRANTIES OR CONDITIONS OF ANY KIND, either express or implied.
recon_1      | 
om3_1        | 2020-09-22 13:33:21 (19.3 MB/s) - '/etc/security/keytabs/om.keytab' saved [140/140]
s3g_1        |      0K                                                       100% 20.2M=0s
kdc_1        | Sep 22 13:33:13 kdc kadmind[13](info): set up 6 sockets
datanode1_1  | 2020-09-22 13:34:47,355 [pool-20-thread-1] INFO impl.RaftServerImpl: 76773347-b5a5-4776-b231-2bcbc2e61614@group-6359E90A33BC: start as a follower, conf=-1: [76773347-b5a5-4776-b231-2bcbc2e61614:172.25.0.102:9858:0], old=null
datanode2_1  | 2020-09-22 13:34:42,946 [pool-20-thread-1] INFO metrics.RatisMetrics: Creating Metrics Registry : ratis.state_machine.6dc2f29e-5fee-4b9c-a825-5b51c4a4223d@group-5A7E49DA6FF6
om2_1        | KVNO Timestamp         Principal
scm_1        |      0K                                                       100% 17.1M=0s
om1_1        |    2 09/22/20 13:33:22 om/om1@EXAMPLE.COM
datanode3_1  | 2020-09-22 13:34:25,292 [main] INFO http.HttpServer2: Jetty bound to port 9882
kms_1        | # See the License for the specific language governing permissions and
recon_1      | 2020-09-22 13:33:20 (17.4 MB/s) - '/etc/security/keytabs/recon.keytab' saved [150/150]
om3_1        | 
s3g_1        | 
kdc_1        | Sep 22 13:33:13 kdc kadmind[13](info): Seeding random number generator
datanode1_1  | 2020-09-22 13:34:47,359 [pool-20-thread-1] INFO impl.RaftServerImpl: 76773347-b5a5-4776-b231-2bcbc2e61614@group-6359E90A33BC: changes role from      null to FOLLOWER at term 0 for startAsFollower
datanode2_1  | 2020-09-22 13:34:43,556 [grpc-default-executor-0] INFO impl.RaftServerImpl: 6dc2f29e-5fee-4b9c-a825-5b51c4a4223d@group-5A7E49DA6FF6: changes role from  FOLLOWER to FOLLOWER at term 1 for recognizeCandidate:76773347-b5a5-4776-b231-2bcbc2e61614
om2_1        | ---- ----------------- --------------------------------------------------------
scm_1        | 
datanode3_1  | 2020-09-22 13:34:25,293 [main] INFO server.Server: jetty-9.4.26.v20200117; built: 2020-01-17T12:35:33.676Z; git: 7b38981d25d14afb4a12ff1f2596756144edf695; jvm 11.0.7+10-LTS
kms_1        | # limitations under the License.
recon_1      | 
om3_1        | Keytab name: FILE:/etc/security/keytabs/om.keytab
s3g_1        | 2020-09-22 13:33:22 (20.2 MB/s) - '/etc/security/keytabs/s3g.keytab' saved [142/142]
kdc_1        | Sep 22 13:33:13 kdc kadmind[13](info): starting
datanode1_1  | 2020-09-22 13:34:47,362 [pool-20-thread-1] INFO impl.RoleInfo: 76773347-b5a5-4776-b231-2bcbc2e61614: start FollowerState
datanode2_1  | 2020-09-22 13:34:43,568 [grpc-default-executor-0] INFO impl.RoleInfo: 6dc2f29e-5fee-4b9c-a825-5b51c4a4223d: shutdown FollowerState
om2_1        |    2 09/22/20 13:33:20 om/om2@EXAMPLE.COM
om1_1        |    2 09/22/20 13:33:22 om/om1@EXAMPLE.COM
scm_1        | 2020-09-22 13:33:21 (17.1 MB/s) - '/etc/security/keytabs/scm.keytab' saved [142/142]
datanode3_1  | 2020-09-22 13:34:25,632 [main] INFO server.session: DefaultSessionIdManager workerName=node0
kms_1        | 
recon_1      | Keytab name: FILE:/etc/security/keytabs/recon.keytab
om3_1        | KVNO Timestamp         Principal
s3g_1        | 
kdc_1        | Generiting keytab
datanode1_1  | 2020-09-22 13:34:47,376 [pool-20-thread-1] INFO util.JmxRegister: Successfully registered JMX Bean with object name Ratis:service=RaftServer,group=group-6359E90A33BC,id=76773347-b5a5-4776-b231-2bcbc2e61614
datanode2_1  | 2020-09-22 13:34:43,568 [grpc-default-executor-0] INFO impl.RoleInfo: 6dc2f29e-5fee-4b9c-a825-5b51c4a4223d: start FollowerState
om2_1        |    2 09/22/20 13:33:20 om/om2@EXAMPLE.COM
om1_1        | Download HTTP/om1@EXAMPLE.COM keytab file to /etc/security/keytabs/HTTP.keytab
scm_1        | 
datanode3_1  | 2020-09-22 13:34:25,632 [main] INFO server.session: No SessionScavenger set, using defaults
kms_1        | [logging]
recon_1      | KVNO Timestamp         Principal
om3_1        | ---- ----------------- --------------------------------------------------------
s3g_1        | Keytab name: FILE:/etc/security/keytabs/s3g.keytab
kdc_1        | Authenticating as principal admin/admin with keytab /tmp/admin.keytab.
datanode1_1  | 2020-09-22 13:34:47,376 [pool-20-thread-1] INFO metrics.RatisMetrics: Creating Metrics Registry : ratis.state_machine.76773347-b5a5-4776-b231-2bcbc2e61614@group-6359E90A33BC
datanode2_1  | 2020-09-22 13:34:43,569 [Thread-24] INFO impl.FollowerState: 6dc2f29e-5fee-4b9c-a825-5b51c4a4223d@group-5A7E49DA6FF6-FollowerState was interrupted: java.lang.InterruptedException: sleep interrupted
om2_1        | Download HTTP/om2@EXAMPLE.COM keytab file to /etc/security/keytabs/HTTP.keytab
om1_1        | --2020-09-22 13:33:22--  http://kdc:8081/keytab/om1/HTTP
scm_1        | Keytab name: FILE:/etc/security/keytabs/scm.keytab
datanode3_1  | 2020-09-22 13:34:25,725 [main] INFO server.session: node0 Scavenging every 660000ms
kms_1        |  default = FILE:/var/log/krb5libs.log
om3_1        |    2 09/22/20 13:33:21 om/om3@EXAMPLE.COM
s3g_1        | KVNO Timestamp         Principal
kdc_1        | WARNING: no policy specified for test/test@EXAMPLE.COM; defaulting to no policy
datanode1_1  | 2020-09-22 13:34:47,386 [Command processor thread] INFO commandhandler.CreatePipelineCommandHandler: Created Pipeline RATIS ONE #id: "86a47937-6264-428f-8787-6359e90a33bc"
datanode2_1  | 2020-09-22 13:34:43,605 [grpc-default-executor-0] INFO impl.RaftServerImpl:  FOLLOWER 6dc2f29e-5fee-4b9c-a825-5b51c4a4223d@group-5A7E49DA6FF6:t1, leader=null, voted=null, raftlog=6dc2f29e-5fee-4b9c-a825-5b51c4a4223d@group-5A7E49DA6FF6-SegmentedRaftLog:OPENED:c-1,f-1,i0, conf=-1: [76773347-b5a5-4776-b231-2bcbc2e61614:172.25.0.102:9858:0, 6dc2f29e-5fee-4b9c-a825-5b51c4a4223d:172.25.0.103:9858:0, baca99fa-a4c3-4c5e-b887-01dc5cacc421:172.25.0.104:9858:0], old=null RUNNING priority:0 candidate:76773347-b5a5-4776-b231-2bcbc2e61614:172.25.0.102:9858:0 candidatePriority:0 compare:0
om2_1        | --2020-09-22 13:33:20--  http://kdc:8081/keytab/om2/HTTP
om1_1        | Resolving kdc (kdc)... 172.25.0.100
scm_1        | KVNO Timestamp         Principal
datanode3_1  | 2020-09-22 13:34:25,871 [main] INFO server.KerberosAuthenticationHandler: Using keytab /etc/security/keytabs/HTTP.keytab, for principal HTTP/ac18c5e394f7@EXAMPLE.COM
recon_1      | ---- ----------------- --------------------------------------------------------
kms_1        |  kdc = FILE:/var/log/krb5kdc.log
om3_1        |    2 09/22/20 13:33:21 om/om3@EXAMPLE.COM
s3g_1        | ---- ----------------- --------------------------------------------------------
kdc_1        | Principal "test/test@EXAMPLE.COM" created.
datanode1_1  | uuid128 {
datanode2_1  | 2020-09-22 13:34:44,609 [grpc-default-executor-0] INFO ratis.XceiverServerRatis: Leader change notification received for group: group-5A7E49DA6FF6 with new leaderId: 76773347-b5a5-4776-b231-2bcbc2e61614
om2_1        | Resolving kdc (kdc)... 172.25.0.100
om1_1        | Connecting to kdc (kdc)|172.25.0.100|:8081... connected.
scm_1        | ---- ----------------- --------------------------------------------------------
datanode3_1  | 2020-09-22 13:34:25,875 [main] INFO handler.ContextHandler: Started o.e.j.s.ServletContextHandler@438a2d3{logs,/logs,file:///var/log/hadoop/,AVAILABLE}
recon_1      |    2 09/22/20 13:33:20 recon/recon@EXAMPLE.COM
kms_1        |  admin_server = FILE:/var/log/kadmind.log
om3_1        | Download HTTP/om3@EXAMPLE.COM keytab file to /etc/security/keytabs/HTTP.keytab
s3g_1        |    2 09/22/20 13:33:22 s3g/s3g@EXAMPLE.COM
kdc_1        | Authenticating as principal admin/admin with keytab /tmp/admin.keytab.
datanode1_1  |   mostSigBits: -8744731297665760625
datanode2_1  | 2020-09-22 13:34:44,609 [grpc-default-executor-0] INFO impl.RaftServerImpl: 6dc2f29e-5fee-4b9c-a825-5b51c4a4223d@group-5A7E49DA6FF6: change Leader from null to 76773347-b5a5-4776-b231-2bcbc2e61614 at term 1 for appendEntries, leader elected after 2777ms
om2_1        | Connecting to kdc (kdc)|172.25.0.100|:8081... connected.
om1_1        | HTTP request sent, awaiting response... 200 OK
scm_1        |    2 09/22/20 13:33:21 scm/scm@EXAMPLE.COM
datanode3_1  | 2020-09-22 13:34:25,908 [main] INFO handler.ContextHandler: Started o.e.j.s.ServletContextHandler@2b06681c{static,/static,jar:file:/opt/hadoop/share/ozone/lib/hadoop-hdds-container-service-1.1.0-SNAPSHOT.jar!/webapps/static,AVAILABLE}
recon_1      |    2 09/22/20 13:33:20 recon/recon@EXAMPLE.COM
kms_1        | 
om3_1        | --2020-09-22 13:33:21--  http://kdc:8081/keytab/om3/HTTP
s3g_1        |    2 09/22/20 13:33:22 s3g/s3g@EXAMPLE.COM
kdc_1        | Entry for principal test/test@EXAMPLE.COM with kvno 2, encryption type aes256-cts-hmac-sha1-96 added to keytab WRFILE:/data/test.test.keytab.
datanode1_1  |   leastSigBits: -8680860518920342596
datanode2_1  | 2020-09-22 13:34:44,730 [grpc-default-executor-0] INFO impl.RaftServerImpl: 6dc2f29e-5fee-4b9c-a825-5b51c4a4223d@group-5A7E49DA6FF6: set configuration 0: [76773347-b5a5-4776-b231-2bcbc2e61614:172.25.0.102:9858:0, 6dc2f29e-5fee-4b9c-a825-5b51c4a4223d:172.25.0.103:9858:0, baca99fa-a4c3-4c5e-b887-01dc5cacc421:172.25.0.104:9858:0], old=null at 0
om2_1        | HTTP request sent, awaiting response... 200 OK
om1_1        | Length: 144 [application/octet-stream]
scm_1        |    2 09/22/20 13:33:21 scm/scm@EXAMPLE.COM
datanode3_1  | 2020-09-22 13:34:26,628 [main] INFO server.KerberosAuthenticationHandler: Using keytab /etc/security/keytabs/HTTP.keytab, for principal HTTP/ac18c5e394f7@EXAMPLE.COM
recon_1      | Download HTTP/recon@EXAMPLE.COM keytab file to /etc/security/keytabs/HTTP.keytab
kms_1        | [libdefaults]
om3_1        | Resolving kdc (kdc)... 172.25.0.100
s3g_1        | Download HTTP/s3g@EXAMPLE.COM keytab file to /etc/security/keytabs/HTTP.keytab
kdc_1        | Entry for principal test/test@EXAMPLE.COM with kvno 2, encryption type aes128-cts-hmac-sha1-96 added to keytab WRFILE:/data/test.test.keytab.
datanode1_1  | }
datanode2_1  | 2020-09-22 13:34:44,775 [grpc-default-executor-0] INFO segmented.SegmentedRaftLogWorker: 6dc2f29e-5fee-4b9c-a825-5b51c4a4223d@group-5A7E49DA6FF6-SegmentedRaftLogWorker: Starting segment from index:0
datanode2_1  | 2020-09-22 13:34:45,240 [6dc2f29e-5fee-4b9c-a825-5b51c4a4223d@group-5A7E49DA6FF6-SegmentedRaftLogWorker] INFO segmented.SegmentedRaftLogWorker: 6dc2f29e-5fee-4b9c-a825-5b51c4a4223d@group-5A7E49DA6FF6-SegmentedRaftLogWorker: created new log segment /data/metadata/ratis/a4b4de19-099f-4c5e-b11a-5a7e49da6ff6/current/log_inprogress_0
om1_1        | Saving to: '/etc/security/keytabs/HTTP.keytab'
scm_1        | Download HTTP/scm@EXAMPLE.COM keytab file to /etc/security/keytabs/HTTP.keytab
datanode3_1  | 2020-09-22 13:34:26,710 [main] INFO handler.ContextHandler: Started o.e.j.w.WebAppContext@acb1c9c{hddsDatanode,/,file:///tmp/jetty-0_0_0_0-9882-hadoop-hdds-container-service-1_1_0-SNAPSHOT_jar-_-any-6371509360870101342.dir/webapp/,AVAILABLE}{jar:file:/opt/hadoop/share/ozone/lib/hadoop-hdds-container-service-1.1.0-SNAPSHOT.jar!/webapps/hddsDatanode}
recon_1      | --2020-09-22 13:33:20--  http://kdc:8081/keytab/recon/HTTP
kms_1        |  dns_canonicalize_hostname = false
om3_1        | Connecting to kdc (kdc)|172.25.0.100|:8081... connected.
s3g_1        | --2020-09-22 13:33:22--  http://kdc:8081/keytab/s3g/HTTP
kdc_1        | Generiting keytab
datanode1_1  | .
datanode2_1  | 2020-09-22 13:35:04,877 [pool-20-thread-1] INFO impl.RaftServerImpl: 6dc2f29e-5fee-4b9c-a825-5b51c4a4223d: new RaftServerImpl for group-B565EFEEB084:[6dc2f29e-5fee-4b9c-a825-5b51c4a4223d:172.25.0.103:9858:0] with ContainerStateMachine:uninitialized
om2_1        | Length: 144 [application/octet-stream]
om1_1        | 
scm_1        | --2020-09-22 13:33:21--  http://kdc:8081/keytab/scm/HTTP
scm_1        | Resolving kdc (kdc)... 172.25.0.100
datanode3_1  | 2020-09-22 13:34:26,886 [main] INFO server.AbstractConnector: Started ServerConnector@1978b0d5{HTTP/1.1,[http/1.1]}{0.0.0.0:9882}
kms_1        |  dns_lookup_realm = false
om3_1        | HTTP request sent, awaiting response... 200 OK
s3g_1        | Resolving kdc (kdc)... 172.25.0.100
kdc_1        | Authenticating as principal admin/admin with keytab /tmp/admin.keytab.
datanode1_1  | 2020-09-22 13:34:52,432 [Thread-34] INFO impl.FollowerState: 76773347-b5a5-4776-b231-2bcbc2e61614@group-6359E90A33BC-FollowerState: change to CANDIDATE, lastRpcTime:5070ms, electionTimeout:5046ms
datanode2_1  | 2020-09-22 13:35:04,880 [pool-20-thread-1] INFO server.RaftServerConfigKeys: raft.server.rpc.timeout.min = 5s (custom)
om2_1        | Saving to: '/etc/security/keytabs/HTTP.keytab'
om1_1        |      0K                                                       100% 17.4M=0s
recon_1      | Resolving kdc (kdc)... 172.25.0.100
scm_1        | Connecting to kdc (kdc)|172.25.0.100|:8081... connected.
datanode3_1  | 2020-09-22 13:34:26,892 [main] INFO server.Server: Started @63505ms
kms_1        |  ticket_lifetime = 24h
om3_1        | Length: 144 [application/octet-stream]
s3g_1        | Connecting to kdc (kdc)|172.25.0.100|:8081... connected.
kdc_1        | WARNING: no policy specified for dn/e2df0fc10066@EXAMPLE.COM; defaulting to no policy
datanode1_1  | 2020-09-22 13:34:52,484 [Thread-34] INFO impl.RoleInfo: 76773347-b5a5-4776-b231-2bcbc2e61614: shutdown FollowerState
datanode2_1  | 2020-09-22 13:35:04,880 [pool-20-thread-1] INFO server.RaftServerConfigKeys: raft.server.rpc.timeout.max = 5200ms (custom)
om2_1        | 
om1_1        | 
recon_1      | Connecting to kdc (kdc)|172.25.0.100|:8081... connected.
scm_1        | HTTP request sent, awaiting response... 200 OK
datanode3_1  | 2020-09-22 13:34:26,971 [main] INFO impl.MetricsSinkAdapter: Sink prometheus started
kms_1        |  renew_lifetime = 7d
om3_1        | Saving to: '/etc/security/keytabs/HTTP.keytab'
s3g_1        | HTTP request sent, awaiting response... 200 OK
kdc_1        | Principal "dn/e2df0fc10066@EXAMPLE.COM" created.
datanode1_1  | 2020-09-22 13:34:52,484 [Thread-34] INFO impl.RaftServerImpl: 76773347-b5a5-4776-b231-2bcbc2e61614@group-6359E90A33BC: changes role from  FOLLOWER to CANDIDATE at term 0 for changeToCandidate
datanode2_1  | 2020-09-22 13:35:04,881 [pool-20-thread-1] INFO server.RaftServerConfigKeys: raft.server.rpcslowness.timeout = 300s (custom)
om2_1        |      0K                                                       100% 17.4M=0s
om1_1        | 2020-09-22 13:33:22 (17.4 MB/s) - '/etc/security/keytabs/HTTP.keytab' saved [144/144]
recon_1      | HTTP request sent, awaiting response... 200 OK
scm_1        | Length: 144 [application/octet-stream]
datanode3_1  | 2020-09-22 13:34:26,971 [main] INFO impl.MetricsSystemImpl: Registered sink prometheus
kms_1        |  forwardable = true
om3_1        | 
s3g_1        | Length: 144 [application/octet-stream]
kdc_1        | Authenticating as principal admin/admin with keytab /tmp/admin.keytab.
datanode1_1  | 2020-09-22 13:34:52,484 [Thread-34] INFO impl.RoleInfo: 76773347-b5a5-4776-b231-2bcbc2e61614: start LeaderElection
datanode2_1  | 2020-09-22 13:35:04,881 [pool-20-thread-1] INFO server.RaftServerConfigKeys: raft.server.sleep.deviation.threshold = 300 (default)
datanode2_1  | 2020-09-22 13:35:04,881 [pool-20-thread-1] INFO server.RaftServerConfigKeys: raft.server.log.appender.install.snapshot.enabled = false (custom)
om2_1        | 
om1_1        | 
recon_1      | Length: 148 [application/octet-stream]
scm_1        | Saving to: '/etc/security/keytabs/HTTP.keytab'
datanode3_1  | 2020-09-22 13:34:26,981 [main] INFO http.BaseHttpServer: HTTP server of hddsDatanode listening at http://0.0.0.0:9882
kms_1        |  rdns = false
om3_1        |      0K                                                       100% 18.3M=0s
s3g_1        | Saving to: '/etc/security/keytabs/HTTP.keytab'
kdc_1        | Entry for principal dn/e2df0fc10066@EXAMPLE.COM with kvno 2, encryption type aes256-cts-hmac-sha1-96 added to keytab WRFILE:/data/dn.e2df0fc10066.keytab.
datanode2_1  | 2020-09-22 13:35:04,881 [pool-20-thread-1] INFO impl.RaftServerImpl: 6dc2f29e-5fee-4b9c-a825-5b51c4a4223d@group-B565EFEEB084: ConfigurationManager, init=-1: [6dc2f29e-5fee-4b9c-a825-5b51c4a4223d:172.25.0.103:9858:0], old=null, confs=<EMPTY_MAP>
datanode1_1  | 2020-09-22 13:34:52,542 [76773347-b5a5-4776-b231-2bcbc2e61614@group-6359E90A33BC-LeaderElection2] INFO impl.LeaderElection: 76773347-b5a5-4776-b231-2bcbc2e61614@group-6359E90A33BC-LeaderElection2: begin an election at term 1 for -1: [76773347-b5a5-4776-b231-2bcbc2e61614:172.25.0.102:9858:0], old=null
om2_1        | 2020-09-22 13:33:20 (17.4 MB/s) - '/etc/security/keytabs/HTTP.keytab' saved [144/144]
om1_1        | Keytab name: FILE:/etc/security/keytabs/HTTP.keytab
recon_1      | Saving to: '/etc/security/keytabs/HTTP.keytab'
scm_1        | 
datanode3_1  | 2020-09-22 13:34:27,462 [org.apache.hadoop.util.JvmPauseMonitor$Monitor@35f36972] INFO util.JvmPauseMonitor: Starting JVM pause monitor
kms_1        |  default_realm = EXAMPLE.COM
om3_1        | 
s3g_1        | 
kdc_1        | Entry for principal dn/e2df0fc10066@EXAMPLE.COM with kvno 2, encryption type aes128-cts-hmac-sha1-96 added to keytab WRFILE:/data/dn.e2df0fc10066.keytab.
datanode2_1  | 2020-09-22 13:35:04,881 [pool-20-thread-1] INFO server.RaftServerConfigKeys: raft.server.storage.dir = [/data/metadata/ratis] (custom)
datanode1_1  | 2020-09-22 13:34:52,550 [76773347-b5a5-4776-b231-2bcbc2e61614@group-6359E90A33BC-LeaderElection2] INFO impl.RoleInfo: 76773347-b5a5-4776-b231-2bcbc2e61614: shutdown LeaderElection
om2_1        | 
om1_1        | KVNO Timestamp         Principal
recon_1      | 
scm_1        |      0K                                                       100% 17.0M=0s
datanode3_1  | 2020-09-22 13:34:27,943 [Datanode State Machine Task Thread - 0] INFO statemachine.SCMConnectionManager: Adding Recon Server : recon/172.25.0.115:9891
kms_1        | 
om3_1        | 2020-09-22 13:33:21 (18.3 MB/s) - '/etc/security/keytabs/HTTP.keytab' saved [144/144]
s3g_1        |      0K                                                       100% 21.1M=0s
kdc_1        | Generiting keytab
datanode2_1  | 2020-09-22 13:35:04,884 [pool-20-thread-1] INFO server.RaftServerConfigKeys: raft.server.log.corruption.policy = EXCEPTION (default)
datanode1_1  | 2020-09-22 13:34:52,550 [76773347-b5a5-4776-b231-2bcbc2e61614@group-6359E90A33BC-LeaderElection2] INFO impl.RaftServerImpl: 76773347-b5a5-4776-b231-2bcbc2e61614@group-6359E90A33BC: changes role from CANDIDATE to LEADER at term 1 for changeToLeader
om2_1        | Keytab name: FILE:/etc/security/keytabs/HTTP.keytab
om1_1        | ---- ----------------- --------------------------------------------------------
recon_1      |      0K                                                       100% 17.4M=0s
scm_1        | 
datanode3_1  | 2020-09-22 13:34:30,905 [Datanode State Machine Task Thread - 0] WARN statemachine.EndpointStateMachine: Unable to communicate to Recon server at recon:9891 for past 0 seconds.
kms_1        | [realms]
om3_1        | 
s3g_1        | 
kdc_1        | Authenticating as principal admin/admin with keytab /tmp/admin.keytab.
datanode2_1  | 2020-09-22 13:35:04,884 [pool-20-thread-1] INFO storage.RaftStorageDirectory: The storage directory /data/metadata/ratis/e64d015b-04f3-401f-90c1-b565efeeb084 does not exist. Creating ...
datanode1_1  | 2020-09-22 13:34:52,550 [76773347-b5a5-4776-b231-2bcbc2e61614@group-6359E90A33BC-LeaderElection2] INFO ratis.XceiverServerRatis: Leader change notification received for group: group-6359E90A33BC with new leaderId: 76773347-b5a5-4776-b231-2bcbc2e61614
om2_1        | KVNO Timestamp         Principal
recon_1      | 
scm_1        | 2020-09-22 13:33:21 (17.0 MB/s) - '/etc/security/keytabs/HTTP.keytab' saved [144/144]
datanode3_1  | java.net.SocketTimeoutException: Call From ac18c5e394f7/172.25.0.104 to recon:9891 failed on socket timeout exception: java.net.SocketTimeoutException: 1000 millis timeout while waiting for channel to be ready for read. ch : java.nio.channels.SocketChannel[connected local=/172.25.0.104:44763 remote=recon/172.25.0.115:9891]; For more details see:  http://wiki.apache.org/hadoop/SocketTimeout
kms_1        |  EXAMPLE.COM = {
om3_1        | Keytab name: FILE:/etc/security/keytabs/HTTP.keytab
s3g_1        | 2020-09-22 13:33:22 (21.1 MB/s) - '/etc/security/keytabs/HTTP.keytab' saved [144/144]
kdc_1        | WARNING: no policy specified for HTTP/e2df0fc10066@EXAMPLE.COM; defaulting to no policy
datanode2_1  | 2020-09-22 13:35:04,887 [Command processor thread] INFO impl.RaftServerProxy: 6dc2f29e-5fee-4b9c-a825-5b51c4a4223d: addNew group-B565EFEEB084:[6dc2f29e-5fee-4b9c-a825-5b51c4a4223d:172.25.0.103:9858:0] returns group-B565EFEEB084:java.util.concurrent.CompletableFuture@2c437aca[Not completed]
datanode1_1  | 2020-09-22 13:34:52,577 [76773347-b5a5-4776-b231-2bcbc2e61614@group-6359E90A33BC-LeaderElection2] INFO impl.RaftServerImpl: 76773347-b5a5-4776-b231-2bcbc2e61614@group-6359E90A33BC: change Leader from null to 76773347-b5a5-4776-b231-2bcbc2e61614 at term 1 for becomeLeader, leader elected after 5273ms
om1_1        |    2 09/22/20 13:33:22 HTTP/om1@EXAMPLE.COM
om2_1        | ---- ----------------- --------------------------------------------------------
recon_1      | 2020-09-22 13:33:20 (17.4 MB/s) - '/etc/security/keytabs/HTTP.keytab' saved [148/148]
scm_1        | 
datanode3_1  | 	at java.base/jdk.internal.reflect.NativeConstructorAccessorImpl.newInstance0(Native Method)
datanode3_1  | 	at java.base/jdk.internal.reflect.NativeConstructorAccessorImpl.newInstance(NativeConstructorAccessorImpl.java:62)
om3_1        | KVNO Timestamp         Principal
s3g_1        | 
kdc_1        | Principal "HTTP/e2df0fc10066@EXAMPLE.COM" created.
datanode2_1  | 2020-09-22 13:35:04,889 [pool-20-thread-1] INFO storage.RaftStorageDirectory: Lock on /data/metadata/ratis/e64d015b-04f3-401f-90c1-b565efeeb084/in_use.lock acquired by nodename 6@6a2d470ab773
datanode1_1  | 2020-09-22 13:34:52,582 [76773347-b5a5-4776-b231-2bcbc2e61614@group-6359E90A33BC-LeaderElection2] INFO server.RaftServerConfigKeys: raft.server.staging.catchup.gap = 1000 (default)
om1_1        |    2 09/22/20 13:33:22 HTTP/om1@EXAMPLE.COM
om2_1        |    2 09/22/20 13:33:20 HTTP/om2@EXAMPLE.COM
recon_1      | 
scm_1        | Keytab name: FILE:/etc/security/keytabs/HTTP.keytab
datanode3_1  | 	at java.base/jdk.internal.reflect.DelegatingConstructorAccessorImpl.newInstance(DelegatingConstructorAccessorImpl.java:45)
kms_1        |   kdc = kdc
om3_1        | ---- ----------------- --------------------------------------------------------
s3g_1        | Keytab name: FILE:/etc/security/keytabs/HTTP.keytab
kdc_1        | Authenticating as principal admin/admin with keytab /tmp/admin.keytab.
datanode2_1  | 2020-09-22 13:35:04,893 [pool-20-thread-1] INFO storage.RaftStorage: Storage directory /data/metadata/ratis/e64d015b-04f3-401f-90c1-b565efeeb084 has been successfully formatted.
datanode1_1  | 2020-09-22 13:34:52,584 [76773347-b5a5-4776-b231-2bcbc2e61614@group-6359E90A33BC-LeaderElection2] INFO server.RaftServerConfigKeys: raft.server.rpc.sleep.time = 25ms (default)
om1_1        | No '-XX:...' jvm parameters are set. Adding safer GC settings '-XX:ParallelGCThreads=8 -XX:+UseConcMarkSweepGC -XX:CMSInitiatingOccupancyFraction=70 -XX:+CMSParallelRemarkEnabled' to the HADOOP_OPTS
om2_1        |    2 09/22/20 13:33:20 HTTP/om2@EXAMPLE.COM
recon_1      | Keytab name: FILE:/etc/security/keytabs/HTTP.keytab
scm_1        | KVNO Timestamp         Principal
datanode3_1  | 	at java.base/java.lang.reflect.Constructor.newInstance(Constructor.java:490)
kms_1        |   admin_server = kdc
om3_1        |    2 09/22/20 13:33:21 HTTP/om3@EXAMPLE.COM
s3g_1        | KVNO Timestamp         Principal
kdc_1        | Entry for principal HTTP/e2df0fc10066@EXAMPLE.COM with kvno 2, encryption type aes256-cts-hmac-sha1-96 added to keytab WRFILE:/data/HTTP.e2df0fc10066.keytab.
datanode2_1  | 2020-09-22 13:35:04,897 [pool-20-thread-1] INFO ratis.ContainerStateMachine: group-B565EFEEB084: The snapshot info is null. Setting the last applied indexto:(t:0, i:~)
datanode1_1  | 2020-09-22 13:34:52,584 [76773347-b5a5-4776-b231-2bcbc2e61614@group-6359E90A33BC-LeaderElection2] INFO metrics.RatisMetrics: Creating Metrics Registry : ratis.log_appender.76773347-b5a5-4776-b231-2bcbc2e61614@group-6359E90A33BC
om1_1        | OpenJDK 64-Bit Server VM warning: Option UseConcMarkSweepGC was deprecated in version 9.0 and will likely be removed in a future release.
om2_1        | No '-XX:...' jvm parameters are set. Adding safer GC settings '-XX:ParallelGCThreads=8 -XX:+UseConcMarkSweepGC -XX:CMSInitiatingOccupancyFraction=70 -XX:+CMSParallelRemarkEnabled' to the HADOOP_OPTS
recon_1      | KVNO Timestamp         Principal
scm_1        | ---- ----------------- --------------------------------------------------------
kms_1        |  }
om3_1        |    2 09/22/20 13:33:21 HTTP/om3@EXAMPLE.COM
s3g_1        | ---- ----------------- --------------------------------------------------------
kdc_1        | Entry for principal HTTP/e2df0fc10066@EXAMPLE.COM with kvno 2, encryption type aes128-cts-hmac-sha1-96 added to keytab WRFILE:/data/HTTP.e2df0fc10066.keytab.
datanode2_1  | 2020-09-22 13:35:04,897 [pool-20-thread-1] INFO server.RaftServerConfigKeys: raft.server.notification.no-leader.timeout = 300s (custom)
datanode1_1  | 2020-09-22 13:34:52,584 [76773347-b5a5-4776-b231-2bcbc2e61614@group-6359E90A33BC-LeaderElection2] INFO server.RaftServerConfigKeys: raft.server.write.element-limit = 1024 (custom)
om1_1        | 2020-09-22 13:33:37,094 [main] INFO om.OzoneManagerStarter: STARTUP_MSG: 
om2_1        | OpenJDK 64-Bit Server VM warning: Option UseConcMarkSweepGC was deprecated in version 9.0 and will likely be removed in a future release.
recon_1      | ---- ----------------- --------------------------------------------------------
datanode3_1  | 	at org.apache.hadoop.net.NetUtils.wrapWithMessage(NetUtils.java:833)
scm_1        |    2 09/22/20 13:33:21 HTTP/scm@EXAMPLE.COM
kms_1        | 
om3_1        | No '-XX:...' jvm parameters are set. Adding safer GC settings '-XX:ParallelGCThreads=8 -XX:+UseConcMarkSweepGC -XX:CMSInitiatingOccupancyFraction=70 -XX:+CMSParallelRemarkEnabled' to the HADOOP_OPTS
s3g_1        |    2 09/22/20 13:33:22 HTTP/s3g@EXAMPLE.COM
kdc_1        | Sep 22 13:33:18 kdc krb5kdc[8](info): AS_REQ (8 etypes {18 17 20 19 16 23 25 26}) 127.0.0.1: SERVER_NOT_FOUND: admin/admin@EXAMPLE.COM for kadmin/localhost@EXAMPLE.COM, Server not found in Kerberos database
datanode2_1  | 2020-09-22 13:35:04,898 [pool-20-thread-1] INFO server.RaftServerConfigKeys: raft.server.log.use.memory = false (default)
datanode1_1  | 2020-09-22 13:34:52,585 [76773347-b5a5-4776-b231-2bcbc2e61614@group-6359E90A33BC-LeaderElection2] INFO server.RaftServerConfigKeys: raft.server.write.byte-limit = 1073741824 (custom)
om1_1        | /************************************************************
om2_1        | 2020-09-22 13:33:32,917 [main] INFO om.OzoneManagerStarter: STARTUP_MSG: 
recon_1      |    2 09/22/20 13:33:20 HTTP/recon@EXAMPLE.COM
datanode3_1  | 	at org.apache.hadoop.net.NetUtils.wrapException(NetUtils.java:777)
scm_1        |    2 09/22/20 13:33:21 HTTP/scm@EXAMPLE.COM
kms_1        | [domain_realm]
om3_1        | OpenJDK 64-Bit Server VM warning: Option UseConcMarkSweepGC was deprecated in version 9.0 and will likely be removed in a future release.
s3g_1        |    2 09/22/20 13:33:22 HTTP/s3g@EXAMPLE.COM
kdc_1        | Sep 22 13:33:18 kdc krb5kdc[8](info): AS_REQ (8 etypes {18 17 20 19 16 23 25 26}) 127.0.0.1: ISSUE: authtime 1600781598, etypes {rep=18 tkt=18 ses=18}, admin/admin@EXAMPLE.COM for kadmin/admin@EXAMPLE.COM
datanode2_1  | 2020-09-22 13:35:04,898 [pool-20-thread-1] INFO server.RaftServerConfigKeys: raft.server.log.purge.gap = 1000000 (custom)
datanode1_1  | 2020-09-22 13:34:52,587 [76773347-b5a5-4776-b231-2bcbc2e61614@group-6359E90A33BC-LeaderElection2] INFO server.RaftServerConfigKeys: raft.server.watch.timeout = 180s (custom)
om1_1        | STARTUP_MSG: Starting OzoneManager
om2_1        | /************************************************************
recon_1      |    2 09/22/20 13:33:20 HTTP/recon@EXAMPLE.COM
datanode3_1  | 	at org.apache.hadoop.ipc.Client.getRpcResponse(Client.java:1549)
scm_1        | Download testuser/scm@EXAMPLE.COM keytab file to /etc/security/keytabs/testuser.keytab
kms_1        |  .example.com = EXAMPLE.COM
om3_1        | 2020-09-22 13:33:35,711 [main] INFO om.OzoneManagerStarter: STARTUP_MSG: 
s3g_1        | Download testuser/s3g@EXAMPLE.COM keytab file to /etc/security/keytabs/testuser.keytab
kdc_1        | Sep 22 13:33:18 kdc krb5kdc[8](info): AS_REQ (8 etypes {18 17 20 19 16 23 25 26}) 127.0.0.1: SERVER_NOT_FOUND: admin/admin@EXAMPLE.COM for kadmin/localhost@EXAMPLE.COM, Server not found in Kerberos database
datanode2_1  | 2020-09-22 13:35:04,898 [pool-20-thread-1] INFO metrics.RatisMetrics: Creating Metrics Registry : ratis.log_worker.6dc2f29e-5fee-4b9c-a825-5b51c4a4223d@group-B565EFEEB084
datanode1_1  | 2020-09-22 13:34:52,596 [76773347-b5a5-4776-b231-2bcbc2e61614@group-6359E90A33BC-LeaderElection2] INFO server.RaftServerConfigKeys: raft.server.watch.timeout.denomination = 1s (default)
om1_1        | STARTUP_MSG:   host = om1/172.25.0.111
om2_1        | STARTUP_MSG: Starting OzoneManager
recon_1      | No '-XX:...' jvm parameters are set. Adding safer GC settings '-XX:ParallelGCThreads=8 -XX:+UseConcMarkSweepGC -XX:CMSInitiatingOccupancyFraction=70 -XX:+CMSParallelRemarkEnabled' to the HADOOP_OPTS
datanode3_1  | 	at org.apache.hadoop.ipc.Client.call(Client.java:1491)
scm_1        | --2020-09-22 13:33:21--  http://kdc:8081/keytab/scm/testuser
kms_1        | WARNING: /opt/hadoop/temp does not exist. Creating.
om3_1        | /************************************************************
s3g_1        | --2020-09-22 13:33:22--  http://kdc:8081/keytab/s3g/testuser
kdc_1        | Sep 22 13:33:18 kdc krb5kdc[8](info): AS_REQ (8 etypes {18 17 20 19 16 23 25 26}) 127.0.0.1: ISSUE: authtime 1600781598, etypes {rep=18 tkt=18 ses=18}, admin/admin@EXAMPLE.COM for kadmin/admin@EXAMPLE.COM
datanode2_1  | 2020-09-22 13:35:04,898 [pool-20-thread-1] INFO server.RaftServerConfigKeys: raft.server.log.appender.buffer.byte-limit = 33554432 (custom)
datanode1_1  | 2020-09-22 13:34:52,597 [76773347-b5a5-4776-b231-2bcbc2e61614@group-6359E90A33BC-LeaderElection2] INFO server.RaftServerConfigKeys: raft.server.watch.element-limit = 65536 (default)
om1_1        | STARTUP_MSG:   args = [--init]
om2_1        | STARTUP_MSG:   host = om2/172.25.0.112
recon_1      | OpenJDK 64-Bit Server VM warning: Option UseConcMarkSweepGC was deprecated in version 9.0 and will likely be removed in a future release.
datanode3_1  | 	at org.apache.hadoop.ipc.Client.call(Client.java:1388)
scm_1        | Resolving kdc (kdc)... 172.25.0.100
kms_1        | WARNING: /opt/hadoop/logs does not exist. Creating.
om3_1        | STARTUP_MSG: Starting OzoneManager
s3g_1        | Resolving kdc (kdc)... 172.25.0.100
kdc_1        | Sep 22 13:33:18 kdc krb5kdc[8](info): AS_REQ (8 etypes {18 17 20 19 16 23 25 26}) 127.0.0.1: SERVER_NOT_FOUND: admin/admin@EXAMPLE.COM for kadmin/localhost@EXAMPLE.COM, Server not found in Kerberos daSep 22 13:33:18 kdc kadmind[13](Notice): Request: kadm5_init, admin/admin@EXAMPLE.COM, success, client=admin/admin@EXAMPLE.COM, service=kadmin/admin@EXAMPLE.COM, addr=127.0.0.1, vers=4, flavor=6
datanode2_1  | 2020-09-22 13:35:04,898 [pool-20-thread-1] INFO server.RaftServerConfigKeys: raft.server.log.segment.size.max = 1048576 (custom)
datanode1_1  | 2020-09-22 13:34:52,606 [76773347-b5a5-4776-b231-2bcbc2e61614@group-6359E90A33BC-LeaderElection2] INFO impl.RoleInfo: 76773347-b5a5-4776-b231-2bcbc2e61614: start LeaderState
om1_1        | STARTUP_MSG:   version = 1.1.0-SNAPSHOT
om2_1        | STARTUP_MSG:   args = [--init]
recon_1      | 2020-09-22 13:33:29,892 [main] INFO recon.ReconServer: STARTUP_MSG: 
datanode3_1  | 	at org.apache.hadoop.ipc.ProtobufRpcEngine$Invoker.invoke(ProtobufRpcEngine.java:233)
kms_1        | Sep 22, 2020 1:33:30 PM com.sun.jersey.api.core.PackagesResourceConfig init
s3g_1        | Connecting to kdc (kdc)|172.25.0.100|:8081... connected.
kdc_1        | Sep 22 13:33:18 kdc kadmind[13](Notice): Request: kadm5_get_policy, default, Policy does not exist, client=admin/admin@EXAMPLE.COM, service=kadmin/admin@EXAMPLE.COM, addr=127.0.0.1
