s3g_1       | 	at org.eclipse.jetty.server.session.SessionHandler.doHandle(SessionHandler.java:1624)
scm_1       | 2022-10-02 13:01:50,546 [main] INFO grpc.GrpcConfigKeys: raft.grpc.client.port = -1 (default)
recon_1     | 	at org.apache.hadoop.ipc.Server$Call.sendResponse(Server.java:895)
datanode_1  | 2022-10-02 13:44:39,042 [pool-22-thread-1] INFO server.RaftServerConfigKeys: raft.server.log.write.buffer.size = 1048576 (custom)
datanode_4  | 	at org.apache.hadoop.ipc.Client$Connection$PingInputStream.read(Client.java:563)
datanode_2  | 2022-10-02 13:02:16,725 [pool-22-thread-1] INFO storage.RaftStorageDirectory: The storage directory /data/metadata/ratis/d5dc1d37-ca82-4419-b092-42494a9f86ee does not exist. Creating ...
om_1        | 2022-10-02 13:02:24,367 [pool-26-thread-1] INFO server.RaftServerConfigKeys: raft.server.snapshot.retention.file.num = -1 (default)
datanode_5  | 2022-10-02 13:02:11,711 [pool-22-thread-1] INFO server.RaftServerConfigKeys: raft.server.log.statemachine.data.sync = true (default)
datanode_3  | 2022-10-02 13:02:17,336 [pool-22-thread-1] INFO server.RaftServerConfigKeys: raft.server.threadpool.server.size = 0 (default)
s3g_1       | 	at org.eclipse.jetty.server.handler.ScopedHandler.nextHandle(ScopedHandler.java:233)
scm_1       | 2022-10-02 13:01:50,546 [main] INFO grpc.GrpcConfigKeys: raft.grpc.server.port = 9894 (custom)
scm_1       | 2022-10-02 13:01:50,547 [main] INFO grpc.GrpcConfigKeys: raft.grpc.server.port = 9894 (custom)
recon_1     | 	at org.apache.hadoop.ipc.Server$RpcCall.run(Server.java:1052)
datanode_4  | 	at java.base/java.io.DataInputStream.readInt(DataInputStream.java:392)
datanode_2  | 2022-10-02 13:02:16,735 [pool-22-thread-1] INFO storage.RaftStorageDirectory: Lock on /data/metadata/ratis/d5dc1d37-ca82-4419-b092-42494a9f86ee/in_use.lock acquired by nodename 7@d7289df1a295
om_1        | 2022-10-02 13:02:24,373 [pool-26-thread-1] INFO server.RaftServerConfigKeys: raft.server.log.purge.upto.snapshot.index = true (custom)
datanode_5  | 2022-10-02 13:02:11,713 [pool-22-thread-1] INFO server.RaftServerConfigKeys: raft.server.log.statemachine.data.sync.timeout = 10s (default)
datanode_3  | 2022-10-02 13:02:17,337 [pool-22-thread-1] INFO server.RaftServerConfigKeys: raft.server.threadpool.client.cached = true (default)
s3g_1       | 	at org.eclipse.jetty.server.handler.ContextHandler.doHandle(ContextHandler.java:1434)
scm_1       | 2022-10-02 13:01:50,549 [main] INFO server.GrpcService: raft.grpc.message.size.max = 32m (=33554432) (custom)
datanode_1  | 2022-10-02 13:44:39,042 [pool-22-thread-1] INFO server.RaftServerConfigKeys: raft.server.log.unsafe-flush.enabled = false (default)
recon_1     | 	at org.apache.hadoop.ipc.Server$RpcCall.run(Server.java:963)
datanode_4  | 	at org.apache.hadoop.ipc.Client$IpcStreams.readResponse(Client.java:1892)
datanode_2  | 2022-10-02 13:02:16,748 [pool-22-thread-1] INFO storage.RaftStorage: Storage directory /data/metadata/ratis/d5dc1d37-ca82-4419-b092-42494a9f86ee has been successfully formatted.
om_1        | 2022-10-02 13:02:24,376 [pool-26-thread-1] INFO server.RaftServerConfigKeys: raft.server.retrycache.expirytime = 300s (custom)
datanode_5  | 2022-10-02 13:02:11,713 [pool-22-thread-1] INFO server.RaftServerConfigKeys: raft.server.log.statemachine.data.sync.timeout.retry = -1 (default)
datanode_3  | 2022-10-02 13:02:17,337 [pool-22-thread-1] INFO server.RaftServerConfigKeys: raft.server.threadpool.client.size = 0 (default)
s3g_1       | 	at org.eclipse.jetty.server.handler.ScopedHandler.nextScope(ScopedHandler.java:188)
scm_1       | 2022-10-02 13:01:50,554 [main] INFO server.RaftServerConfigKeys: raft.server.log.appender.buffer.byte-limit = 33554432 (custom)
datanode_1  | 2022-10-02 13:44:39,042 [pool-22-thread-1] INFO server.RaftServerConfigKeys: raft.server.log.statemachine.data.caching.enabled = true (custom)
recon_1     | 	at java.base/java.security.AccessController.doPrivileged(Native Method)
datanode_4  | 	at org.apache.hadoop.ipc.Client$Connection.receiveRpcResponse(Client.java:1202)
datanode_2  | 2022-10-02 13:02:16,758 [pool-22-thread-1] INFO ratis.ContainerStateMachine: group-42494A9F86EE: The snapshot info is null. Setting the last applied indexto:(t:0, i:~)
om_1        | 2022-10-02 13:02:24,376 [pool-26-thread-1] INFO server.RaftServerConfigKeys: raft.server.retrycache.statistics.expirytime = 100?s (default)
datanode_5  | 2022-10-02 13:02:11,808 [pool-22-thread-1] INFO server.RaftServerConfigKeys: raft.server.log.write.buffer.size = 1048576 (custom)
datanode_3  | 2022-10-02 13:02:17,338 [pool-22-thread-1] INFO server.RaftServer$Division: 75d465a3-08ab-413a-8e6d-b14659d822e5@group-62BF81A3F373: start as a follower, conf=-1: [75d465a3-08ab-413a-8e6d-b14659d822e5|rpc:172.18.0.2:9856|admin:172.18.0.2:9857|client:172.18.0.2:9858|priority:1], old=null
s3g_1       | 	at org.eclipse.jetty.servlet.ServletHandler.doScope(ServletHandler.java:501)
scm_1       | 2022-10-02 13:01:50,555 [main] INFO server.GrpcService: raft.grpc.flow.control.window = 1MB (=1048576) (default)
datanode_1  | 2022-10-02 13:44:39,043 [pool-22-thread-1] INFO segmented.SegmentedRaftLogWorker: b83c686e-17df-4260-aca1-5c1ddbf05901@group-DEFCBCBA7BDE-SegmentedRaftLogWorker: flushIndex: setUnconditionally 0 -> -1
recon_1     | 	at java.base/javax.security.auth.Subject.doAs(Subject.java:423)
datanode_4  | 	at org.apache.hadoop.ipc.Client$Connection.run(Client.java:1098)
datanode_2  | 2022-10-02 13:02:16,759 [pool-22-thread-1] INFO server.RaftServerConfigKeys: raft.server.notification.no-leader.timeout = 300s (custom)
om_1        | 2022-10-02 13:02:24,585 [pool-26-thread-1] INFO server.RaftServerConfigKeys: raft.server.log.appender.install.snapshot.enabled = false (custom)
datanode_5  | 2022-10-02 13:02:11,812 [pool-22-thread-1] INFO server.RaftServerConfigKeys: raft.server.log.unsafe-flush.enabled = false (default)
datanode_3  | 2022-10-02 13:02:17,342 [pool-22-thread-1] INFO server.RaftServer$Division: 75d465a3-08ab-413a-8e6d-b14659d822e5@group-62BF81A3F373: changes role from      null to FOLLOWER at term 0 for startAsFollower
s3g_1       | 	at org.eclipse.jetty.server.session.SessionHandler.doScope(SessionHandler.java:1594)
scm_1       | 2022-10-02 13:01:50,558 [main] INFO server.RaftServerConfigKeys: raft.server.rpc.request.timeout = 30000ms (custom)
datanode_1  | 2022-10-02 13:44:39,046 [pool-22-thread-1] INFO segmented.SegmentedRaftLogWorker: b83c686e-17df-4260-aca1-5c1ddbf05901@group-DEFCBCBA7BDE-SegmentedRaftLogWorker: safeCacheEvictIndex: setUnconditionally 0 -> -1
recon_1     | 	at org.apache.hadoop.security.UserGroupInformation.doAs(UserGroupInformation.java:1878)
datanode_4  | 2022-10-02 13:01:53,064 [EndpointStateMachine task thread for scm/172.18.0.8:9861 - 0 ] INFO ipc.Client: Retrying connect to server: scm/172.18.0.8:9861. Already tried 11 time(s); retry policy is RetryUpToMaximumCountWithFixedSleep(maxRetries=15, sleepTime=1000 MILLISECONDS)
datanode_2  | 2022-10-02 13:02:16,759 [pool-22-thread-1] INFO server.RaftServerConfigKeys: raft.server.log.use.memory = false (default)
om_1        | 2022-10-02 13:02:24,596 [pool-26-thread-1] INFO server.RaftServerConfigKeys: raft.server.threadpool.server.cached = true (default)
datanode_5  | 2022-10-02 13:02:11,816 [pool-22-thread-1] INFO server.RaftServerConfigKeys: raft.server.log.statemachine.data.caching.enabled = true (custom)
datanode_3  | 2022-10-02 13:02:17,346 [pool-22-thread-1] INFO impl.RoleInfo: 75d465a3-08ab-413a-8e6d-b14659d822e5: start 75d465a3-08ab-413a-8e6d-b14659d822e5@group-62BF81A3F373-FollowerState
s3g_1       | 	at org.eclipse.jetty.server.handler.ScopedHandler.nextScope(ScopedHandler.java:186)
scm_1       | 2022-10-02 13:01:50,584 [main] INFO grpc.GrpcConfigKeys: raft.grpc.server.async.request.thread.pool.cached = true (default)
datanode_1  | 2022-10-02 13:44:39,046 [pool-22-thread-1] INFO server.RaftServerConfigKeys: raft.server.snapshot.auto.trigger.enabled = true (custom)
recon_1     | 	at org.apache.hadoop.ipc.Server$Handler.run(Server.java:2966)
datanode_4  | 2022-10-02 13:01:54,065 [EndpointStateMachine task thread for scm/172.18.0.8:9861 - 0 ] INFO ipc.Client: Retrying connect to server: scm/172.18.0.8:9861. Already tried 12 time(s); retry policy is RetryUpToMaximumCountWithFixedSleep(maxRetries=15, sleepTime=1000 MILLISECONDS)
datanode_2  | 2022-10-02 13:02:16,759 [pool-22-thread-1] INFO server.RaftServerConfigKeys: raft.server.log.purge.gap = 1000000 (custom)
datanode_2  | 2022-10-02 13:02:16,760 [pool-22-thread-1] INFO server.RaftServerConfigKeys: raft.server.log.appender.buffer.byte-limit = 33554432 (custom)
datanode_2  | 2022-10-02 13:02:16,760 [pool-22-thread-1] INFO server.RaftServerConfigKeys: raft.server.log.statemachine.data.read.timeout = 1000ms (default)
om_1        | 2022-10-02 13:02:24,597 [pool-26-thread-1] INFO server.RaftServerConfigKeys: raft.server.threadpool.server.size = 0 (default)
om_1        | 2022-10-02 13:02:24,597 [pool-26-thread-1] INFO server.RaftServerConfigKeys: raft.server.threadpool.client.cached = true (default)
om_1        | 2022-10-02 13:02:24,600 [pool-26-thread-1] INFO server.RaftServerConfigKeys: raft.server.threadpool.client.size = 0 (default)
datanode_1  | 2022-10-02 13:44:39,047 [pool-22-thread-1] INFO server.RaftServerConfigKeys: raft.server.snapshot.auto.trigger.threshold = 10000 (custom)
datanode_1  | 2022-10-02 13:44:39,047 [pool-22-thread-1] INFO server.RaftServerConfigKeys: raft.server.snapshot.retention.file.num = 5 (custom)
datanode_1  | 2022-10-02 13:44:39,047 [pool-22-thread-1] INFO server.RaftServerConfigKeys: raft.server.log.purge.upto.snapshot.index = false (default)
datanode_1  | 2022-10-02 13:44:39,047 [pool-22-thread-1] INFO server.RaftServerConfigKeys: raft.server.retrycache.expirytime = 600000ms (custom)
recon_1     | 2022-10-02 13:02:05,392 [IPC Server handler 12 on default port 9891] INFO ipc.Server: IPC Server handler 12 on default port 9891 caught an exception
scm_1       | 2022-10-02 13:01:50,587 [main] INFO grpc.GrpcConfigKeys: raft.grpc.server.async.request.thread.pool.size = 32 (default)
datanode_1  | 2022-10-02 13:44:39,048 [pool-22-thread-1] INFO server.RaftServerConfigKeys: raft.server.retrycache.statistics.expirytime = 100?s (default)
datanode_3  | 2022-10-02 13:02:17,363 [pool-22-thread-1] INFO util.JmxRegister: Successfully registered JMX Bean with object name Ratis:service=RaftServer,group=group-62BF81A3F373,id=75d465a3-08ab-413a-8e6d-b14659d822e5
om_1        | 2022-10-02 13:02:24,764 [main] INFO reflections.Reflections: Reflections took 638 ms to scan 8 urls, producing 23 keys and 516 values [using 2 cores]
datanode_5  | 2022-10-02 13:02:11,861 [pool-22-thread-1] INFO segmented.SegmentedRaftLogWorker: 738266b8-bd3a-41a1-bcb7-e65873fc3fec@group-8F87EC09E83E-SegmentedRaftLogWorker: flushIndex: setUnconditionally 0 -> -1
s3g_1       | 	at org.eclipse.jetty.server.handler.ContextHandler.doScope(ContextHandler.java:1349)
datanode_2  | 2022-10-02 13:02:16,760 [pool-22-thread-1] INFO server.RaftServerConfigKeys: raft.server.log.segment.size.max = 1048576 (custom)
recon_1     | java.nio.channels.ClosedChannelException
datanode_4  | 2022-10-02 13:01:59,077 [EndpointStateMachine task thread for scm/172.18.0.8:9861 - 0 ] WARN statemachine.EndpointStateMachine: Unable to communicate to SCM server at scm:9861 for past 0 seconds.
scm_1       | 2022-10-02 13:01:51,189 [main] INFO impl.DataStreamServerImpl: raft.datastream.type = DISABLED (default)
datanode_1  | 2022-10-02 13:44:39,049 [pool-22-thread-1] INFO server.RaftServerConfigKeys: raft.server.log.appender.install.snapshot.enabled = false (custom)
datanode_3  | 2022-10-02 13:02:17,367 [Command processor thread] INFO ratis.XceiverServerRatis: Created group PipelineID=bfca30c5-cf4e-4294-887c-62bf81a3f373
om_1        | 2022-10-02 13:02:25,029 [main] INFO ipc.CallQueueManager: Using callQueue: class java.util.concurrent.LinkedBlockingQueue, queueCapacity: 10000, scheduler: class org.apache.hadoop.ipc.DefaultRpcScheduler, ipcBackoff: false.
datanode_5  | 2022-10-02 13:02:11,867 [pool-22-thread-1] INFO segmented.SegmentedRaftLogWorker: 738266b8-bd3a-41a1-bcb7-e65873fc3fec@group-8F87EC09E83E-SegmentedRaftLogWorker: safeCacheEvictIndex: setUnconditionally 0 -> -1
s3g_1       | 	at org.eclipse.jetty.server.handler.ScopedHandler.handle(ScopedHandler.java:141)
datanode_2  | 2022-10-02 13:02:16,761 [pool-22-thread-1] INFO server.RaftServerConfigKeys: raft.server.log.segment.cache.num.max = 2 (custom)
recon_1     | 	at java.base/sun.nio.ch.SocketChannelImpl.ensureOpenAndConnected(SocketChannelImpl.java:180)
datanode_4  | java.net.SocketTimeoutException: Call From 99f9d0575c25/172.18.0.5 to scm:9861 failed on socket timeout exception: java.net.SocketTimeoutException: 5000 millis timeout while waiting for channel to be ready for read. ch : java.nio.channels.SocketChannel[connected local=/172.18.0.5:45796 remote=scm/172.18.0.8:9861]; For more details see:  http://wiki.apache.org/hadoop/SocketTimeout
scm_1       | 2022-10-02 13:01:51,195 [main] INFO server.RaftServerConfigKeys: raft.server.threadpool.proxy.cached = true (default)
datanode_1  | 2022-10-02 13:44:39,051 [pool-22-thread-1] INFO server.RaftServerConfigKeys: raft.server.threadpool.server.cached = true (default)
datanode_3  | 2022-10-02 13:02:17,367 [Command processor thread] INFO commandhandler.CreatePipelineCommandHandler: Created Pipeline RATIS ONE PipelineID=bfca30c5-cf4e-4294-887c-62bf81a3f373.
om_1        | 2022-10-02 13:02:25,041 [Socket Reader #1 for port 9862] INFO ipc.Server: Starting Socket Reader #1 for port 9862
datanode_5  | 2022-10-02 13:02:11,871 [pool-22-thread-1] INFO server.RaftServerConfigKeys: raft.server.snapshot.auto.trigger.enabled = true (custom)
s3g_1       | 	at org.eclipse.jetty.server.handler.HandlerCollection.handle(HandlerCollection.java:146)
datanode_2  | 2022-10-02 13:02:16,762 [pool-22-thread-1] INFO server.RaftServerConfigKeys: raft.server.log.segment.cache.size.max = 200MB (=209715200) (default)
recon_1     | 	at java.base/sun.nio.ch.SocketChannelImpl.write(SocketChannelImpl.java:452)
datanode_4  | 	at java.base/jdk.internal.reflect.NativeConstructorAccessorImpl.newInstance0(Native Method)
scm_1       | 2022-10-02 13:01:51,196 [main] INFO server.RaftServerConfigKeys: raft.server.threadpool.proxy.size = 0 (default)
datanode_1  | 2022-10-02 13:44:39,051 [pool-22-thread-1] INFO server.RaftServerConfigKeys: raft.server.threadpool.server.size = 0 (default)
datanode_3  | 2022-10-02 13:02:17,978 [grpc-default-executor-0] INFO server.RaftServer$Division: 75d465a3-08ab-413a-8e6d-b14659d822e5@group-A587DCD7E969: receive requestVote(ELECTION, 1191c0f4-1039-49a2-94c6-68433eeecb22, group-A587DCD7E969, 1, (t:0, i:0))
om_1        | 2022-10-02 13:02:25,868 [Listener at om/9862] INFO impl.MetricsConfig: Loaded properties from hadoop-metrics2.properties
datanode_5  | 2022-10-02 13:02:11,909 [pool-22-thread-1] INFO server.RaftServerConfigKeys: raft.server.snapshot.auto.trigger.threshold = 10000 (custom)
s3g_1       | 	at org.eclipse.jetty.server.handler.HandlerWrapper.handle(HandlerWrapper.java:127)
datanode_2  | 2022-10-02 13:02:16,762 [pool-22-thread-1] INFO segmented.SegmentedRaftLogWorker: new 2c01d17b-4645-4ff7-a3a9-3ef37717c625@group-42494A9F86EE-SegmentedRaftLogWorker for RaftStorageImpl:Storage Directory /data/metadata/ratis/d5dc1d37-ca82-4419-b092-42494a9f86ee
recon_1     | 	at org.apache.hadoop.ipc.Server.channelWrite(Server.java:3605)
datanode_4  | 	at java.base/jdk.internal.reflect.NativeConstructorAccessorImpl.newInstance(NativeConstructorAccessorImpl.java:62)
scm_1       | 2022-10-02 13:01:51,197 [main] INFO server.RaftServerConfigKeys: raft.server.rpc.slowness.timeout = 120000ms (custom)
datanode_1  | 2022-10-02 13:44:39,051 [pool-22-thread-1] INFO server.RaftServerConfigKeys: raft.server.threadpool.client.cached = true (default)
datanode_3  | 2022-10-02 13:02:17,984 [grpc-default-executor-0] INFO impl.VoteContext: 75d465a3-08ab-413a-8e6d-b14659d822e5@group-A587DCD7E969-FOLLOWER: reject ELECTION from 1191c0f4-1039-49a2-94c6-68433eeecb22: our priority 1 > candidate's priority 0
om_1        | 2022-10-02 13:02:25,890 [Listener at om/9862] INFO impl.MetricsSystemImpl: Scheduled Metric snapshot period at 10 second(s).
datanode_5  | 2022-10-02 13:02:11,919 [pool-22-thread-1] INFO server.RaftServerConfigKeys: raft.server.snapshot.retention.file.num = 5 (custom)
s3g_1       | 	at org.eclipse.jetty.server.Server.handle(Server.java:516)
datanode_2  | 2022-10-02 13:02:16,762 [pool-22-thread-1] INFO server.RaftServerConfigKeys: raft.server.log.queue.byte-limit = 4294967296 (custom)
recon_1     | 	at org.apache.hadoop.ipc.Server.access$1700(Server.java:141)
datanode_4  | 	at java.base/jdk.internal.reflect.DelegatingConstructorAccessorImpl.newInstance(DelegatingConstructorAccessorImpl.java:45)
scm_1       | 2022-10-02 13:01:51,197 [main] INFO server.RaftServerConfigKeys: raft.server.leaderelection.leader.step-down.wait-time = 10s (default)
datanode_1  | 2022-10-02 13:44:39,051 [pool-22-thread-1] INFO server.RaftServerConfigKeys: raft.server.threadpool.client.size = 0 (default)
datanode_3  | 2022-10-02 13:02:17,987 [grpc-default-executor-1] INFO server.RaftServer$Division: 75d465a3-08ab-413a-8e6d-b14659d822e5@group-A587DCD7E969: receive requestVote(ELECTION, 2c01d17b-4645-4ff7-a3a9-3ef37717c625, group-A587DCD7E969, 1, (t:0, i:0))
om_1        | 2022-10-02 13:02:25,890 [Listener at om/9862] INFO impl.MetricsSystemImpl: OzoneManager metrics system started
datanode_5  | 2022-10-02 13:02:11,927 [pool-22-thread-1] INFO server.RaftServerConfigKeys: raft.server.log.purge.upto.snapshot.index = false (default)
s3g_1       | 	at org.eclipse.jetty.server.HttpChannel.lambda$handle$1(HttpChannel.java:388)
datanode_2  | 2022-10-02 13:02:16,762 [pool-22-thread-1] INFO server.RaftServerConfigKeys: raft.server.log.queue.element-limit = 1024 (custom)
recon_1     | 	at org.apache.hadoop.ipc.Server$Responder.processResponse(Server.java:1667)
datanode_4  | 	at java.base/java.lang.reflect.Constructor.newInstance(Constructor.java:490)
scm_1       | 2022-10-02 13:01:51,205 [main] INFO server.RaftServerConfigKeys: raft.server.storage.dir = [/data/metadata/scm-ha] (custom)
datanode_1  | 2022-10-02 13:44:39,052 [pool-22-thread-1] INFO server.RaftServer$Division: b83c686e-17df-4260-aca1-5c1ddbf05901@group-DEFCBCBA7BDE: start as a follower, conf=-1: [b83c686e-17df-4260-aca1-5c1ddbf05901|rpc:172.18.0.7:9856|admin:172.18.0.7:9857|client:172.18.0.7:9858|dataStream:|priority:1, 1191c0f4-1039-49a2-94c6-68433eeecb22|rpc:172.18.0.5:9856|admin:172.18.0.5:9857|client:172.18.0.5:9858|dataStream:|priority:0, 2c01d17b-4645-4ff7-a3a9-3ef37717c625|rpc:172.18.0.4:9856|admin:172.18.0.4:9857|client:172.18.0.4:9858|dataStream:|priority:0], old=null
datanode_3  | 2022-10-02 13:02:17,995 [grpc-default-executor-0] INFO server.RaftServer$Division: 75d465a3-08ab-413a-8e6d-b14659d822e5@group-A587DCD7E969: changes role from  FOLLOWER to FOLLOWER at term 1 for candidate:1191c0f4-1039-49a2-94c6-68433eeecb22
om_1        | 2022-10-02 13:02:25,946 [Listener at om/9862] INFO om.OzoneManager: OzoneManager RPC server is listening at om/172.18.0.6:9862
om_1        | 2022-10-02 13:02:25,946 [Listener at om/9862] INFO ratis.OzoneManagerRatisServer: Starting OzoneManagerRatisServer om1 at port 9872
s3g_1       | 	at org.eclipse.jetty.server.HttpChannel.dispatch(HttpChannel.java:633)
datanode_2  | 2022-10-02 13:02:16,781 [pool-22-thread-1] INFO server.RaftServerConfigKeys: raft.server.log.segment.size.max = 1048576 (custom)
recon_1     | 	at org.apache.hadoop.ipc.Server$Responder.doRespond(Server.java:1737)
datanode_4  | 	at org.apache.hadoop.net.NetUtils.wrapWithMessage(NetUtils.java:913)
scm_1       | 2022-10-02 13:01:51,220 [1bc836a5-4830-4dff-862b-46e8820dba89-impl-thread1] INFO server.RaftServer: 1bc836a5-4830-4dff-862b-46e8820dba89: found a subdirectory /data/metadata/scm-ha/63df5b48-c949-494d-95f4-aa811add2c37
datanode_1  | 2022-10-02 13:44:39,052 [pool-22-thread-1] INFO server.RaftServer$Division: b83c686e-17df-4260-aca1-5c1ddbf05901@group-DEFCBCBA7BDE: changes role from      null to FOLLOWER at term 0 for startAsFollower
datanode_3  | 2022-10-02 13:02:17,995 [grpc-default-executor-0] INFO impl.RoleInfo: 75d465a3-08ab-413a-8e6d-b14659d822e5: shutdown 75d465a3-08ab-413a-8e6d-b14659d822e5@group-A587DCD7E969-FollowerState
om_1        | 2022-10-02 13:02:25,948 [om1-impl-thread1] INFO server.RaftServer$Division: om1@group-C5BA1605619E: start as a follower, conf=-1: [om1|rpc:om:9872|priority:0], old=null
datanode_5  | 2022-10-02 13:02:11,929 [pool-22-thread-1] INFO server.RaftServerConfigKeys: raft.server.retrycache.expirytime = 600000ms (custom)
s3g_1       | 	at org.eclipse.jetty.server.HttpChannel.handle(HttpChannel.java:380)
datanode_2  | 2022-10-02 13:02:16,782 [pool-22-thread-1] INFO server.RaftServerConfigKeys: raft.server.log.preallocated.size = 16384 (custom)
recon_1     | 	at org.apache.hadoop.ipc.Server$Connection.sendResponse(Server.java:2837)
datanode_4  | 	at org.apache.hadoop.net.NetUtils.wrapException(NetUtils.java:848)
scm_1       | 2022-10-02 13:01:51,226 [main] INFO server.RaftServer: 1bc836a5-4830-4dff-862b-46e8820dba89: addNew group-AA811ADD2C37:[] returns group-AA811ADD2C37:java.util.concurrent.CompletableFuture@183ade54[Not completed]
datanode_1  | 2022-10-02 13:44:39,052 [pool-22-thread-1] INFO impl.RoleInfo: b83c686e-17df-4260-aca1-5c1ddbf05901: start b83c686e-17df-4260-aca1-5c1ddbf05901@group-DEFCBCBA7BDE-FollowerState
datanode_3  | 2022-10-02 13:02:17,996 [75d465a3-08ab-413a-8e6d-b14659d822e5@group-A587DCD7E969-FollowerState] INFO impl.FollowerState: 75d465a3-08ab-413a-8e6d-b14659d822e5@group-A587DCD7E969-FollowerState was interrupted
om_1        | 2022-10-02 13:02:25,949 [om1-impl-thread1] INFO server.RaftServer$Division: om1@group-C5BA1605619E: changes role from      null to FOLLOWER at term 0 for startAsFollower
datanode_5  | 2022-10-02 13:02:11,929 [pool-22-thread-1] INFO server.RaftServerConfigKeys: raft.server.retrycache.statistics.expirytime = 100?s (default)
s3g_1       | 	at org.eclipse.jetty.server.HttpConnection.onFillable(HttpConnection.java:277)
datanode_2  | 2022-10-02 13:02:16,782 [pool-22-thread-1] INFO server.RaftServerConfigKeys: raft.server.log.force.sync.num = 128 (default)
recon_1     | 	at org.apache.hadoop.ipc.Server$Connection.access$300(Server.java:1809)
datanode_4  | 	at org.apache.hadoop.ipc.Client.getRpcResponse(Client.java:1577)
scm_1       | 2022-10-02 13:01:51,269 [pool-16-thread-1] INFO server.RaftServer$Division: 1bc836a5-4830-4dff-862b-46e8820dba89: new RaftServerImpl for group-AA811ADD2C37:[] with SCMStateMachine:uninitialized
datanode_1  | 2022-10-02 13:44:39,064 [pool-22-thread-1] INFO util.JmxRegister: Successfully registered JMX Bean with object name Ratis:service=RaftServer,group=group-DEFCBCBA7BDE,id=b83c686e-17df-4260-aca1-5c1ddbf05901
datanode_3  | 2022-10-02 13:02:17,996 [grpc-default-executor-0] INFO impl.RoleInfo: 75d465a3-08ab-413a-8e6d-b14659d822e5: start 75d465a3-08ab-413a-8e6d-b14659d822e5@group-A587DCD7E969-FollowerState
om_1        | 2022-10-02 13:02:25,950 [om1-impl-thread1] INFO impl.RoleInfo: om1: start om1@group-C5BA1605619E-FollowerState
datanode_5  | 2022-10-02 13:02:12,264 [pool-22-thread-1] INFO server.RaftServerConfigKeys: raft.server.log.appender.install.snapshot.enabled = false (custom)
s3g_1       | 	at org.eclipse.jetty.io.AbstractConnection$ReadCallback.succeeded(AbstractConnection.java:311)
datanode_2  | 2022-10-02 13:02:16,782 [pool-22-thread-1] INFO server.RaftServerConfigKeys: raft.server.log.statemachine.data.sync = true (default)
recon_1     | 	at org.apache.hadoop.ipc.Server$RpcCall.doResponse(Server.java:1117)
datanode_4  | 	at org.apache.hadoop.ipc.Client.call(Client.java:1519)
scm_1       | 2022-10-02 13:01:51,272 [pool-16-thread-1] INFO server.RaftServerConfigKeys: raft.server.rpc.timeout.min = 5000ms (custom)
datanode_1  | 2022-10-02 13:44:44,112 [grpc-default-executor-2] INFO server.RaftServer$Division: b83c686e-17df-4260-aca1-5c1ddbf05901@group-DEFCBCBA7BDE: receive requestVote(ELECTION, 1191c0f4-1039-49a2-94c6-68433eeecb22, group-DEFCBCBA7BDE, 1, (t:0, i:0))
datanode_3  | 2022-10-02 13:02:18,036 [grpc-default-executor-0] INFO server.RaftServer$Division: 75d465a3-08ab-413a-8e6d-b14659d822e5@group-A587DCD7E969 replies to ELECTION vote request: 1191c0f4-1039-49a2-94c6-68433eeecb22<-75d465a3-08ab-413a-8e6d-b14659d822e5#0:FAIL-t1. Peer's state: 75d465a3-08ab-413a-8e6d-b14659d822e5@group-A587DCD7E969:t1, leader=null, voted=null, raftlog=75d465a3-08ab-413a-8e6d-b14659d822e5@group-A587DCD7E969-SegmentedRaftLog:OPENED:c-1, conf=-1: [75d465a3-08ab-413a-8e6d-b14659d822e5|rpc:172.18.0.2:9856|admin:172.18.0.2:9857|client:172.18.0.2:9858|priority:1, 1191c0f4-1039-49a2-94c6-68433eeecb22|rpc:172.18.0.5:9856|admin:172.18.0.5:9857|client:172.18.0.5:9858|priority:0, 2c01d17b-4645-4ff7-a3a9-3ef37717c625|rpc:172.18.0.4:9856|admin:172.18.0.4:9857|client:172.18.0.4:9858|priority:0], old=null
om_1        | 2022-10-02 13:02:25,957 [om1-impl-thread1] INFO util.JmxRegister: Successfully registered JMX Bean with object name Ratis:service=RaftServer,group=group-C5BA1605619E,id=om1
datanode_5  | 2022-10-02 13:02:12,293 [pool-22-thread-1] INFO server.RaftServerConfigKeys: raft.server.threadpool.server.cached = true (default)
s3g_1       | 	at org.eclipse.jetty.io.FillInterest.fillable(FillInterest.java:105)
datanode_2  | 2022-10-02 13:02:16,782 [pool-22-thread-1] INFO server.RaftServerConfigKeys: raft.server.log.statemachine.data.sync.timeout = 10s (default)
recon_1     | 	at org.apache.hadoop.ipc.Server$Call.doResponse(Server.java:909)
datanode_4  | 	at org.apache.hadoop.ipc.Client.call(Client.java:1416)
scm_1       | 2022-10-02 13:01:51,273 [pool-16-thread-1] INFO server.RaftServerConfigKeys: raft.server.rpc.timeout.max = 5200ms (custom)
datanode_1  | 2022-10-02 13:44:44,114 [grpc-default-executor-2] INFO impl.VoteContext: b83c686e-17df-4260-aca1-5c1ddbf05901@group-DEFCBCBA7BDE-FOLLOWER: reject ELECTION from 1191c0f4-1039-49a2-94c6-68433eeecb22: our priority 1 > candidate's priority 0
datanode_3  | 2022-10-02 13:02:18,040 [grpc-default-executor-1] INFO impl.VoteContext: 75d465a3-08ab-413a-8e6d-b14659d822e5@group-A587DCD7E969-FOLLOWER: reject ELECTION from 2c01d17b-4645-4ff7-a3a9-3ef37717c625: our priority 1 > candidate's priority 0
om_1        | 2022-10-02 13:02:25,961 [Listener at om/9862] INFO server.RaftServer: om1: start RPC server
datanode_5  | 2022-10-02 13:02:12,293 [pool-22-thread-1] INFO server.RaftServerConfigKeys: raft.server.threadpool.server.size = 0 (default)
s3g_1       | 	at org.eclipse.jetty.io.ChannelEndPoint$1.run(ChannelEndPoint.java:104)
datanode_2  | 2022-10-02 13:02:16,803 [pool-22-thread-1] INFO server.RaftServerConfigKeys: raft.server.log.statemachine.data.sync.timeout.retry = -1 (default)
recon_1     | 	at org.apache.hadoop.ipc.Server$Call.sendResponse(Server.java:895)
datanode_4  | 	at org.apache.hadoop.ipc.ProtobufRpcEngine$Invoker.invoke(ProtobufRpcEngine.java:236)
scm_1       | 2022-10-02 13:01:51,275 [pool-16-thread-1] INFO server.RaftServerConfigKeys: raft.server.rpc.sleep.time = 25ms (default)
datanode_1  | 2022-10-02 13:44:44,115 [grpc-default-executor-2] INFO server.RaftServer$Division: b83c686e-17df-4260-aca1-5c1ddbf05901@group-DEFCBCBA7BDE: changes role from  FOLLOWER to FOLLOWER at term 1 for candidate:1191c0f4-1039-49a2-94c6-68433eeecb22
datanode_3  | 2022-10-02 13:02:18,040 [grpc-default-executor-1] INFO server.RaftServer$Division: 75d465a3-08ab-413a-8e6d-b14659d822e5@group-A587DCD7E969: changes role from  FOLLOWER to FOLLOWER at term 1 for candidate:2c01d17b-4645-4ff7-a3a9-3ef37717c625
om_1        | 2022-10-02 13:02:26,018 [Listener at om/9862] INFO server.GrpcService: om1: GrpcService started, listening on 9872
om_1        | 2022-10-02 13:02:26,023 [Listener at om/9862] INFO om.OzoneManager: Version File has different layout version (3) than OM DB (null). That is expected if this OM has never been finalized to a newer layout version.
s3g_1       | 	at org.eclipse.jetty.util.thread.strategy.EatWhatYouKill.runTask(EatWhatYouKill.java:338)
datanode_2  | 2022-10-02 13:02:16,805 [pool-22-thread-1] INFO server.RaftServerConfigKeys: raft.server.log.write.buffer.size = 1048576 (custom)
recon_1     | 	at org.apache.hadoop.ipc.Server$RpcCall.run(Server.java:1052)
datanode_4  | 	at org.apache.hadoop.ipc.ProtobufRpcEngine$Invoker.invoke(ProtobufRpcEngine.java:123)
scm_1       | 2022-10-02 13:01:51,275 [pool-16-thread-1] INFO server.RaftServerConfigKeys: raft.server.rpc.slowness.timeout = 120000ms (custom)
datanode_1  | 2022-10-02 13:44:44,115 [grpc-default-executor-2] INFO impl.RoleInfo: b83c686e-17df-4260-aca1-5c1ddbf05901: shutdown b83c686e-17df-4260-aca1-5c1ddbf05901@group-DEFCBCBA7BDE-FollowerState
om_1        | 2022-10-02 13:02:26,026 [org.apache.ratis.util.JvmPauseMonitor$$Lambda$408/0x00000008405dfc40@1717302b] INFO util.JvmPauseMonitor: JvmPauseMonitor-om1: Started
om_1        | 2022-10-02 13:02:26,085 [Listener at om/9862] INFO http.BaseHttpServer: Starting Web-server for ozoneManager at: http://0.0.0.0:9874
datanode_3  | 2022-10-02 13:02:18,041 [grpc-default-executor-1] INFO impl.RoleInfo: 75d465a3-08ab-413a-8e6d-b14659d822e5: shutdown 75d465a3-08ab-413a-8e6d-b14659d822e5@group-A587DCD7E969-FollowerState
s3g_1       | 	at org.eclipse.jetty.util.thread.strategy.EatWhatYouKill.doProduce(EatWhatYouKill.java:315)
datanode_2  | 2022-10-02 13:02:16,808 [pool-22-thread-1] INFO server.RaftServerConfigKeys: raft.server.log.unsafe-flush.enabled = false (default)
recon_1     | 	at org.apache.hadoop.ipc.Server$RpcCall.run(Server.java:963)
datanode_4  | 	at com.sun.proxy.$Proxy39.submitRequest(Unknown Source)
scm_1       | 2022-10-02 13:01:51,275 [pool-16-thread-1] INFO server.RaftServerConfigKeys: raft.server.leaderelection.leader.step-down.wait-time = 10s (default)
datanode_1  | 2022-10-02 13:44:44,115 [grpc-default-executor-2] INFO impl.RoleInfo: b83c686e-17df-4260-aca1-5c1ddbf05901: start b83c686e-17df-4260-aca1-5c1ddbf05901@group-DEFCBCBA7BDE-FollowerState
om_1        | 2022-10-02 13:02:26,085 [Listener at om/9862] INFO http.BaseHttpServer: Hadoop Security Enabled: false Ozone Security Enabled: false Ozone HTTP Security Enabled: false 
datanode_5  | 2022-10-02 13:02:12,300 [pool-22-thread-1] INFO server.RaftServerConfigKeys: raft.server.threadpool.client.cached = true (default)
datanode_3  | 2022-10-02 13:02:18,041 [grpc-default-executor-1] INFO impl.RoleInfo: 75d465a3-08ab-413a-8e6d-b14659d822e5: start 75d465a3-08ab-413a-8e6d-b14659d822e5@group-A587DCD7E969-FollowerState
s3g_1       | 	at org.eclipse.jetty.util.thread.strategy.EatWhatYouKill.tryProduce(EatWhatYouKill.java:173)
datanode_2  | 2022-10-02 13:02:16,808 [pool-22-thread-1] INFO server.RaftServerConfigKeys: raft.server.log.statemachine.data.caching.enabled = true (custom)
recon_1     | 	at java.base/java.security.AccessController.doPrivileged(Native Method)
datanode_4  | 	at org.apache.hadoop.ozone.protocolPB.StorageContainerDatanodeProtocolClientSideTranslatorPB.submitRequest(StorageContainerDatanodeProtocolClientSideTranslatorPB.java:117)
scm_1       | 2022-10-02 13:01:51,276 [pool-16-thread-1] INFO server.RaftServerConfigKeys: raft.server.sleep.deviation.threshold = 300ms (default)
datanode_1  | 2022-10-02 13:44:44,116 [b83c686e-17df-4260-aca1-5c1ddbf05901@group-DEFCBCBA7BDE-FollowerState] INFO impl.FollowerState: b83c686e-17df-4260-aca1-5c1ddbf05901@group-DEFCBCBA7BDE-FollowerState was interrupted
om_1        | 2022-10-02 13:02:26,115 [Listener at om/9862] INFO util.log: Logging initialized @24352ms to org.eclipse.jetty.util.log.Slf4jLog
om_1        | 2022-10-02 13:02:26,370 [Listener at om/9862] INFO server.AuthenticationFilter: Unable to initialize FileSignerSecretProvider, falling back to use random secrets.
datanode_3  | 2022-10-02 13:02:18,043 [grpc-default-executor-1] INFO server.RaftServer$Division: 75d465a3-08ab-413a-8e6d-b14659d822e5@group-A587DCD7E969 replies to ELECTION vote request: 2c01d17b-4645-4ff7-a3a9-3ef37717c625<-75d465a3-08ab-413a-8e6d-b14659d822e5#0:FAIL-t1. Peer's state: 75d465a3-08ab-413a-8e6d-b14659d822e5@group-A587DCD7E969:t1, leader=null, voted=null, raftlog=75d465a3-08ab-413a-8e6d-b14659d822e5@group-A587DCD7E969-SegmentedRaftLog:OPENED:c-1, conf=-1: [75d465a3-08ab-413a-8e6d-b14659d822e5|rpc:172.18.0.2:9856|admin:172.18.0.2:9857|client:172.18.0.2:9858|priority:1, 1191c0f4-1039-49a2-94c6-68433eeecb22|rpc:172.18.0.5:9856|admin:172.18.0.5:9857|client:172.18.0.5:9858|priority:0, 2c01d17b-4645-4ff7-a3a9-3ef37717c625|rpc:172.18.0.4:9856|admin:172.18.0.4:9857|client:172.18.0.4:9858|priority:0], old=null
s3g_1       | 	at org.eclipse.jetty.util.thread.strategy.EatWhatYouKill.run(EatWhatYouKill.java:131)
datanode_2  | 2022-10-02 13:02:16,808 [pool-22-thread-1] INFO segmented.SegmentedRaftLogWorker: 2c01d17b-4645-4ff7-a3a9-3ef37717c625@group-42494A9F86EE-SegmentedRaftLogWorker: flushIndex: setUnconditionally 0 -> -1
recon_1     | 	at java.base/javax.security.auth.Subject.doAs(Subject.java:423)
datanode_4  | 	at org.apache.hadoop.ozone.protocolPB.StorageContainerDatanodeProtocolClientSideTranslatorPB.getVersion(StorageContainerDatanodeProtocolClientSideTranslatorPB.java:133)
scm_1       | 2022-10-02 13:01:51,287 [pool-16-thread-1] INFO server.RaftServer$Division: 1bc836a5-4830-4dff-862b-46e8820dba89@group-AA811ADD2C37: ConfigurationManager, init=-1: [], old=null, confs=<EMPTY_MAP>
om_1        | 2022-10-02 13:02:26,378 [Listener at om/9862] INFO http.HttpRequestLog: Http request log for http.requests.ozoneManager is not defined
datanode_5  | 2022-10-02 13:02:12,301 [pool-22-thread-1] INFO server.RaftServerConfigKeys: raft.server.threadpool.client.size = 0 (default)
datanode_1  | 2022-10-02 13:44:44,128 [grpc-default-executor-2] INFO server.RaftServer$Division: b83c686e-17df-4260-aca1-5c1ddbf05901@group-DEFCBCBA7BDE replies to ELECTION vote request: 1191c0f4-1039-49a2-94c6-68433eeecb22<-b83c686e-17df-4260-aca1-5c1ddbf05901#0:FAIL-t1. Peer's state: b83c686e-17df-4260-aca1-5c1ddbf05901@group-DEFCBCBA7BDE:t1, leader=null, voted=null, raftlog=b83c686e-17df-4260-aca1-5c1ddbf05901@group-DEFCBCBA7BDE-SegmentedRaftLog:OPENED:c-1, conf=-1: [b83c686e-17df-4260-aca1-5c1ddbf05901|rpc:172.18.0.7:9856|admin:172.18.0.7:9857|client:172.18.0.7:9858|dataStream:|priority:1, 1191c0f4-1039-49a2-94c6-68433eeecb22|rpc:172.18.0.5:9856|admin:172.18.0.5:9857|client:172.18.0.5:9858|dataStream:|priority:0, 2c01d17b-4645-4ff7-a3a9-3ef37717c625|rpc:172.18.0.4:9856|admin:172.18.0.4:9857|client:172.18.0.4:9858|dataStream:|priority:0], old=null
datanode_1  | 2022-10-02 13:44:49,195 [grpc-default-executor-2] INFO server.RaftServer$Division: b83c686e-17df-4260-aca1-5c1ddbf05901@group-DEFCBCBA7BDE: receive requestVote(ELECTION, 1191c0f4-1039-49a2-94c6-68433eeecb22, group-DEFCBCBA7BDE, 2, (t:0, i:0))
s3g_1       | 	at org.eclipse.jetty.util.thread.ReservedThreadExecutor$ReservedThread.run(ReservedThreadExecutor.java:386)
datanode_2  | 2022-10-02 13:02:16,811 [pool-22-thread-1] INFO segmented.SegmentedRaftLogWorker: 2c01d17b-4645-4ff7-a3a9-3ef37717c625@group-42494A9F86EE-SegmentedRaftLogWorker: safeCacheEvictIndex: setUnconditionally 0 -> -1
recon_1     | 	at org.apache.hadoop.security.UserGroupInformation.doAs(UserGroupInformation.java:1878)
datanode_4  | 	at org.apache.hadoop.ozone.container.common.states.endpoint.VersionEndpointTask.call(VersionEndpointTask.java:69)
scm_1       | 2022-10-02 13:01:51,288 [pool-16-thread-1] INFO server.RaftServerConfigKeys: raft.server.storage.dir = [/data/metadata/scm-ha] (custom)
om_1        | 2022-10-02 13:02:26,400 [Listener at om/9862] INFO http.HttpServer2: Added global filter 'safety' (class=org.apache.hadoop.hdds.server.http.HttpServer2$QuotingInputFilter)
datanode_1  | 2022-10-02 13:44:49,196 [grpc-default-executor-2] INFO impl.VoteContext: b83c686e-17df-4260-aca1-5c1ddbf05901@group-DEFCBCBA7BDE-FOLLOWER: reject ELECTION from 1191c0f4-1039-49a2-94c6-68433eeecb22: our priority 1 > candidate's priority 0
datanode_3  | 2022-10-02 13:02:18,043 [75d465a3-08ab-413a-8e6d-b14659d822e5@group-A587DCD7E969-FollowerState] INFO impl.FollowerState: 75d465a3-08ab-413a-8e6d-b14659d822e5@group-A587DCD7E969-FollowerState was interrupted
datanode_5  | 2022-10-02 13:02:12,305 [pool-22-thread-1] INFO server.RaftServer$Division: 738266b8-bd3a-41a1-bcb7-e65873fc3fec@group-8F87EC09E83E: start as a follower, conf=-1: [738266b8-bd3a-41a1-bcb7-e65873fc3fec|rpc:172.18.0.10:9856|admin:172.18.0.10:9857|client:172.18.0.10:9858|priority:1], old=null
s3g_1       | 	at org.eclipse.jetty.util.thread.QueuedThreadPool.runJob(QueuedThreadPool.java:883)
datanode_2  | 2022-10-02 13:02:16,821 [pool-22-thread-1] INFO server.RaftServerConfigKeys: raft.server.snapshot.auto.trigger.enabled = true (custom)
recon_1     | 	at org.apache.hadoop.ipc.Server$Handler.run(Server.java:2966)
datanode_4  | 	at org.apache.hadoop.ozone.container.common.states.endpoint.VersionEndpointTask.call(VersionEndpointTask.java:40)
scm_1       | 2022-10-02 13:01:51,293 [pool-16-thread-1] INFO server.RaftServerConfigKeys: raft.server.log.corruption.policy = EXCEPTION (default)
om_1        | 2022-10-02 13:02:26,405 [Listener at om/9862] INFO http.HttpServer2: Added filter static_user_filter (class=org.apache.hadoop.http.lib.StaticUserWebFilter$StaticUserFilter) to context ozoneManager
datanode_1  | 2022-10-02 13:44:49,196 [grpc-default-executor-2] INFO server.RaftServer$Division: b83c686e-17df-4260-aca1-5c1ddbf05901@group-DEFCBCBA7BDE: changes role from  FOLLOWER to FOLLOWER at term 2 for candidate:1191c0f4-1039-49a2-94c6-68433eeecb22
datanode_3  | 2022-10-02 13:02:22,523 [75d465a3-08ab-413a-8e6d-b14659d822e5@group-62BF81A3F373-FollowerState] INFO impl.FollowerState: 75d465a3-08ab-413a-8e6d-b14659d822e5@group-62BF81A3F373-FollowerState: change to CANDIDATE, lastRpcElapsedTime:5176683935ns, electionTimeout:5155ms
datanode_5  | 2022-10-02 13:02:12,317 [pool-22-thread-1] INFO server.RaftServer$Division: 738266b8-bd3a-41a1-bcb7-e65873fc3fec@group-8F87EC09E83E: changes role from      null to FOLLOWER at term 0 for startAsFollower
s3g_1       | 	at org.eclipse.jetty.util.thread.QueuedThreadPool$Runner.run(QueuedThreadPool.java:1034)
s3g_1       | 	at java.base/java.lang.Thread.run(Thread.java:829)
recon_1     | 2022-10-02 13:02:05,392 [IPC Server handler 1 on default port 9891] INFO ipc.Server: IPC Server handler 1 on default port 9891 caught an exception
datanode_4  | 	at java.base/java.util.concurrent.FutureTask.run(FutureTask.java:264)
scm_1       | 2022-10-02 13:01:51,293 [pool-16-thread-1] INFO server.RaftServerConfigKeys: raft.server.storage.free-space.min = 0MB (=0) (default)
om_1        | 2022-10-02 13:02:26,405 [Listener at om/9862] INFO http.HttpServer2: Added filter static_user_filter (class=org.apache.hadoop.http.lib.StaticUserWebFilter$StaticUserFilter) to context static
datanode_1  | 2022-10-02 13:44:49,196 [grpc-default-executor-2] INFO impl.RoleInfo: b83c686e-17df-4260-aca1-5c1ddbf05901: shutdown b83c686e-17df-4260-aca1-5c1ddbf05901@group-DEFCBCBA7BDE-FollowerState
datanode_3  | 2022-10-02 13:02:22,524 [75d465a3-08ab-413a-8e6d-b14659d822e5@group-62BF81A3F373-FollowerState] INFO impl.RoleInfo: 75d465a3-08ab-413a-8e6d-b14659d822e5: shutdown 75d465a3-08ab-413a-8e6d-b14659d822e5@group-62BF81A3F373-FollowerState
datanode_5  | 2022-10-02 13:02:12,321 [pool-22-thread-1] INFO impl.RoleInfo: 738266b8-bd3a-41a1-bcb7-e65873fc3fec: start 738266b8-bd3a-41a1-bcb7-e65873fc3fec@group-8F87EC09E83E-FollowerState
s3g_1       | Caused by: org.apache.hadoop.ozone.s3.exception.OS3Exception
datanode_2  | 2022-10-02 13:02:16,822 [pool-22-thread-1] INFO server.RaftServerConfigKeys: raft.server.snapshot.auto.trigger.threshold = 10000 (custom)
recon_1     | java.nio.channels.ClosedChannelException
datanode_4  | 	at java.base/java.util.concurrent.ThreadPoolExecutor.runWorker(ThreadPoolExecutor.java:1128)
scm_1       | 2022-10-02 13:01:51,320 [pool-16-thread-1] INFO storage.RaftStorageDirectory: Lock on /data/metadata/scm-ha/63df5b48-c949-494d-95f4-aa811add2c37/in_use.lock acquired by nodename 7@2fa25766ab41
om_1        | 2022-10-02 13:02:26,406 [Listener at om/9862] INFO http.HttpServer2: Added filter static_user_filter (class=org.apache.hadoop.http.lib.StaticUserWebFilter$StaticUserFilter) to context logs
datanode_1  | 2022-10-02 13:44:49,197 [grpc-default-executor-2] INFO impl.RoleInfo: b83c686e-17df-4260-aca1-5c1ddbf05901: start b83c686e-17df-4260-aca1-5c1ddbf05901@group-DEFCBCBA7BDE-FollowerState
datanode_3  | 2022-10-02 13:02:22,524 [75d465a3-08ab-413a-8e6d-b14659d822e5@group-62BF81A3F373-FollowerState] INFO server.RaftServer$Division: 75d465a3-08ab-413a-8e6d-b14659d822e5@group-62BF81A3F373: changes role from  FOLLOWER to CANDIDATE at term 0 for changeToCandidate
datanode_5  | 2022-10-02 13:02:12,368 [pool-22-thread-1] INFO util.JmxRegister: Successfully registered JMX Bean with object name Ratis:service=RaftServer,group=group-8F87EC09E83E,id=738266b8-bd3a-41a1-bcb7-e65873fc3fec
s3g_1       | 	at org.apache.hadoop.ozone.s3.exception.S3ErrorTable.newError(S3ErrorTable.java:139)
datanode_2  | 2022-10-02 13:02:16,822 [pool-22-thread-1] INFO server.RaftServerConfigKeys: raft.server.snapshot.retention.file.num = 5 (custom)
recon_1     | 	at java.base/sun.nio.ch.SocketChannelImpl.ensureOpenAndConnected(SocketChannelImpl.java:180)
datanode_4  | 	at java.base/java.util.concurrent.ThreadPoolExecutor$Worker.run(ThreadPoolExecutor.java:628)
scm_1       | 2022-10-02 13:01:51,327 [pool-16-thread-1] INFO storage.RaftStorage: Read RaftStorageMetadata{term=1, votedFor=1bc836a5-4830-4dff-862b-46e8820dba89} from /data/metadata/scm-ha/63df5b48-c949-494d-95f4-aa811add2c37/current/raft-meta
om_1        | 2022-10-02 13:02:26,511 [Listener at om/9862] INFO http.HttpServer2: Jetty bound to port 9874
datanode_1  | 2022-10-02 13:44:49,198 [b83c686e-17df-4260-aca1-5c1ddbf05901@group-DEFCBCBA7BDE-FollowerState] INFO impl.FollowerState: b83c686e-17df-4260-aca1-5c1ddbf05901@group-DEFCBCBA7BDE-FollowerState was interrupted
datanode_3  | 2022-10-02 13:02:22,527 [75d465a3-08ab-413a-8e6d-b14659d822e5@group-62BF81A3F373-FollowerState] INFO server.RaftServerConfigKeys: raft.server.leaderelection.pre-vote = false (custom)
datanode_5  | 2022-10-02 13:02:12,501 [Command processor thread] INFO ratis.XceiverServerRatis: Created group PipelineID=2fbb66cf-c703-4638-bdd9-8f87ec09e83e
s3g_1       | 	at org.apache.hadoop.ozone.s3.exception.S3ErrorTable.newError(S3ErrorTable.java:126)
datanode_2  | 2022-10-02 13:02:16,822 [pool-22-thread-1] INFO server.RaftServerConfigKeys: raft.server.log.purge.upto.snapshot.index = false (default)
recon_1     | 	at java.base/sun.nio.ch.SocketChannelImpl.write(SocketChannelImpl.java:452)
datanode_4  | 	at java.base/java.lang.Thread.run(Thread.java:829)
scm_1       | 2022-10-02 13:01:51,406 [pool-16-thread-1] INFO server.RaftServer$Division: 1bc836a5-4830-4dff-862b-46e8820dba89@group-AA811ADD2C37: set configuration 0: [1bc836a5-4830-4dff-862b-46e8820dba89|rpc:2fa25766ab41:9894|admin:|client:|dataStream:|priority:0], old=null
om_1        | 2022-10-02 13:02:26,513 [Listener at om/9862] INFO server.Server: jetty-9.4.43.v20210629; built: 2021-06-30T11:07:22.254Z; git: 526006ecfa3af7f1a27ef3a288e2bef7ea9dd7e8; jvm 11.0.14.1+1-LTS
datanode_1  | 2022-10-02 13:44:49,212 [grpc-default-executor-2] INFO server.RaftServer$Division: b83c686e-17df-4260-aca1-5c1ddbf05901@group-DEFCBCBA7BDE replies to ELECTION vote request: 1191c0f4-1039-49a2-94c6-68433eeecb22<-b83c686e-17df-4260-aca1-5c1ddbf05901#0:FAIL-t2. Peer's state: b83c686e-17df-4260-aca1-5c1ddbf05901@group-DEFCBCBA7BDE:t2, leader=null, voted=null, raftlog=b83c686e-17df-4260-aca1-5c1ddbf05901@group-DEFCBCBA7BDE-SegmentedRaftLog:OPENED:c-1, conf=-1: [b83c686e-17df-4260-aca1-5c1ddbf05901|rpc:172.18.0.7:9856|admin:172.18.0.7:9857|client:172.18.0.7:9858|dataStream:|priority:1, 1191c0f4-1039-49a2-94c6-68433eeecb22|rpc:172.18.0.5:9856|admin:172.18.0.5:9857|client:172.18.0.5:9858|dataStream:|priority:0, 2c01d17b-4645-4ff7-a3a9-3ef37717c625|rpc:172.18.0.4:9856|admin:172.18.0.4:9857|client:172.18.0.4:9858|dataStream:|priority:0], old=null
datanode_1  | 2022-10-02 13:44:54,283 [b83c686e-17df-4260-aca1-5c1ddbf05901@group-DEFCBCBA7BDE-FollowerState] INFO impl.FollowerState: b83c686e-17df-4260-aca1-5c1ddbf05901@group-DEFCBCBA7BDE-FollowerState: change to CANDIDATE, lastRpcElapsedTime:5086257243ns, electionTimeout:5072ms
datanode_5  | 2022-10-02 13:02:12,503 [Command processor thread] INFO commandhandler.CreatePipelineCommandHandler: Created Pipeline RATIS ONE PipelineID=2fbb66cf-c703-4638-bdd9-8f87ec09e83e.
s3g_1       | 	at org.apache.hadoop.ozone.s3.signature.AWSSignatureProcessor.parseSignature(AWSSignatureProcessor.java:86)
datanode_2  | 2022-10-02 13:02:16,823 [pool-22-thread-1] INFO server.RaftServerConfigKeys: raft.server.retrycache.expirytime = 600000ms (custom)
recon_1     | 	at org.apache.hadoop.ipc.Server.channelWrite(Server.java:3605)
datanode_4  | Caused by: java.net.SocketTimeoutException: 5000 millis timeout while waiting for channel to be ready for read. ch : java.nio.channels.SocketChannel[connected local=/172.18.0.5:45796 remote=scm/172.18.0.8:9861]
scm_1       | 2022-10-02 13:01:51,407 [pool-16-thread-1] INFO server.RaftServerConfigKeys: raft.server.notification.no-leader.timeout = 60s (default)
om_1        | 2022-10-02 13:02:26,583 [Listener at om/9862] INFO server.session: DefaultSessionIdManager workerName=node0
datanode_1  | 2022-10-02 13:44:54,284 [b83c686e-17df-4260-aca1-5c1ddbf05901@group-DEFCBCBA7BDE-FollowerState] INFO impl.RoleInfo: b83c686e-17df-4260-aca1-5c1ddbf05901: shutdown b83c686e-17df-4260-aca1-5c1ddbf05901@group-DEFCBCBA7BDE-FollowerState
datanode_3  | 2022-10-02 13:02:22,527 [75d465a3-08ab-413a-8e6d-b14659d822e5@group-62BF81A3F373-FollowerState] INFO impl.RoleInfo: 75d465a3-08ab-413a-8e6d-b14659d822e5: start 75d465a3-08ab-413a-8e6d-b14659d822e5@group-62BF81A3F373-LeaderElection1
datanode_5  | 2022-10-02 13:02:17,395 [738266b8-bd3a-41a1-bcb7-e65873fc3fec@group-8F87EC09E83E-FollowerState] INFO impl.FollowerState: 738266b8-bd3a-41a1-bcb7-e65873fc3fec@group-8F87EC09E83E-FollowerState: change to CANDIDATE, lastRpcElapsedTime:5074449410ns, electionTimeout:5032ms
s3g_1       | 	at org.apache.hadoop.ozone.s3.signature.AWSSignatureProcessor$Proxy$_$$_WeldClientProxy.parseSignature(Unknown Source)
datanode_2  | 2022-10-02 13:02:16,824 [pool-22-thread-1] INFO server.RaftServerConfigKeys: raft.server.retrycache.statistics.expirytime = 100?s (default)
recon_1     | 	at org.apache.hadoop.ipc.Server.access$1700(Server.java:141)
datanode_4  | 	at org.apache.hadoop.net.SocketIOWithTimeout.doIO(SocketIOWithTimeout.java:164)
scm_1       | 2022-10-02 13:01:51,409 [pool-16-thread-1] INFO server.RaftServerConfigKeys: raft.server.log.use.memory = false (default)
om_1        | 2022-10-02 13:02:26,583 [Listener at om/9862] INFO server.session: No SessionScavenger set, using defaults
datanode_1  | 2022-10-02 13:44:54,284 [b83c686e-17df-4260-aca1-5c1ddbf05901@group-DEFCBCBA7BDE-FollowerState] INFO server.RaftServer$Division: b83c686e-17df-4260-aca1-5c1ddbf05901@group-DEFCBCBA7BDE: changes role from  FOLLOWER to CANDIDATE at term 2 for changeToCandidate
datanode_3  | 2022-10-02 13:02:22,538 [75d465a3-08ab-413a-8e6d-b14659d822e5@group-62BF81A3F373-LeaderElection1] INFO impl.LeaderElection: 75d465a3-08ab-413a-8e6d-b14659d822e5@group-62BF81A3F373-LeaderElection1 ELECTION round 0: submit vote requests at term 1 for -1: [75d465a3-08ab-413a-8e6d-b14659d822e5|rpc:172.18.0.2:9856|admin:172.18.0.2:9857|client:172.18.0.2:9858|priority:1], old=null
datanode_5  | 2022-10-02 13:02:17,397 [738266b8-bd3a-41a1-bcb7-e65873fc3fec@group-8F87EC09E83E-FollowerState] INFO impl.RoleInfo: 738266b8-bd3a-41a1-bcb7-e65873fc3fec: shutdown 738266b8-bd3a-41a1-bcb7-e65873fc3fec@group-8F87EC09E83E-FollowerState
s3g_1       | 	at org.apache.hadoop.ozone.s3.OzoneClientProducer.getSignature(OzoneClientProducer.java:81)
datanode_2  | 2022-10-02 13:02:16,825 [pool-22-thread-1] INFO server.RaftServerConfigKeys: raft.server.log.appender.install.snapshot.enabled = false (custom)
recon_1     | 	at org.apache.hadoop.ipc.Server$Responder.processResponse(Server.java:1667)
datanode_4  | 	at org.apache.hadoop.net.SocketInputStream.read(SocketInputStream.java:161)
scm_1       | 2022-10-02 13:01:51,423 [pool-16-thread-1] INFO server.RaftServerConfigKeys: raft.server.log.purge.gap = 1000000 (custom)
om_1        | 2022-10-02 13:02:26,588 [Listener at om/9862] INFO server.session: node0 Scavenging every 600000ms
datanode_1  | 2022-10-02 13:44:54,284 [b83c686e-17df-4260-aca1-5c1ddbf05901@group-DEFCBCBA7BDE-FollowerState] INFO server.RaftServerConfigKeys: raft.server.leaderelection.pre-vote = false (custom)
datanode_3  | 2022-10-02 13:02:22,539 [75d465a3-08ab-413a-8e6d-b14659d822e5@group-62BF81A3F373-LeaderElection1] INFO impl.LeaderElection: 75d465a3-08ab-413a-8e6d-b14659d822e5@group-62BF81A3F373-LeaderElection1 ELECTION round 0: result PASSED (term=1)
datanode_5  | 2022-10-02 13:02:17,397 [738266b8-bd3a-41a1-bcb7-e65873fc3fec@group-8F87EC09E83E-FollowerState] INFO server.RaftServer$Division: 738266b8-bd3a-41a1-bcb7-e65873fc3fec@group-8F87EC09E83E: changes role from  FOLLOWER to CANDIDATE at term 0 for changeToCandidate
s3g_1       | 	... 114 more
datanode_2  | 2022-10-02 13:02:16,838 [pool-22-thread-1] INFO server.RaftServerConfigKeys: raft.server.threadpool.server.cached = true (default)
recon_1     | 	at org.apache.hadoop.ipc.Server$Responder.doRespond(Server.java:1737)
datanode_4  | 	at org.apache.hadoop.net.SocketInputStream.read(SocketInputStream.java:131)
scm_1       | 2022-10-02 13:01:51,430 [pool-16-thread-1] INFO server.RaftServerConfigKeys: raft.server.log.appender.buffer.byte-limit = 33554432 (custom)
om_1        | 2022-10-02 13:02:26,618 [Listener at om/9862] INFO handler.ContextHandler: Started o.e.j.s.ServletContextHandler@b11d2ad{logs,/logs,file:///var/log/hadoop/,AVAILABLE}
