datanode_1  | 2022-10-02 13:44:54,284 [b83c686e-17df-4260-aca1-5c1ddbf05901@group-DEFCBCBA7BDE-FollowerState] INFO impl.RoleInfo: b83c686e-17df-4260-aca1-5c1ddbf05901: start b83c686e-17df-4260-aca1-5c1ddbf05901@group-DEFCBCBA7BDE-LeaderElection2
datanode_3  | 2022-10-02 13:02:22,539 [75d465a3-08ab-413a-8e6d-b14659d822e5@group-62BF81A3F373-LeaderElection1] INFO impl.RoleInfo: 75d465a3-08ab-413a-8e6d-b14659d822e5: shutdown 75d465a3-08ab-413a-8e6d-b14659d822e5@group-62BF81A3F373-LeaderElection1
datanode_5  | 2022-10-02 13:02:17,404 [738266b8-bd3a-41a1-bcb7-e65873fc3fec@group-8F87EC09E83E-FollowerState] INFO server.RaftServerConfigKeys: raft.server.leaderelection.pre-vote = false (custom)
s3g_1       | 
datanode_2  | 2022-10-02 13:02:16,839 [pool-22-thread-1] INFO server.RaftServerConfigKeys: raft.server.threadpool.server.size = 0 (default)
recon_1     | 	at org.apache.hadoop.ipc.Server$Connection.sendResponse(Server.java:2837)
datanode_4  | 	at java.base/java.io.FilterInputStream.read(FilterInputStream.java:133)
scm_1       | 2022-10-02 13:01:51,432 [pool-16-thread-1] INFO server.RaftServerConfigKeys: raft.server.log.statemachine.data.read.timeout = 1000ms (default)
om_1        | 2022-10-02 13:02:26,622 [Listener at om/9862] INFO handler.ContextHandler: Started o.e.j.s.ServletContextHandler@4d7f34dd{static,/static,jar:file:/opt/hadoop/share/ozone/lib/ozone-manager-1.3.0-SNAPSHOT.jar!/webapps/static,AVAILABLE}
datanode_1  | 2022-10-02 13:44:54,288 [b83c686e-17df-4260-aca1-5c1ddbf05901@group-DEFCBCBA7BDE-LeaderElection2] INFO impl.LeaderElection: b83c686e-17df-4260-aca1-5c1ddbf05901@group-DEFCBCBA7BDE-LeaderElection2 ELECTION round 0: submit vote requests at term 3 for -1: [b83c686e-17df-4260-aca1-5c1ddbf05901|rpc:172.18.0.7:9856|admin:172.18.0.7:9857|client:172.18.0.7:9858|dataStream:|priority:1, 1191c0f4-1039-49a2-94c6-68433eeecb22|rpc:172.18.0.5:9856|admin:172.18.0.5:9857|client:172.18.0.5:9858|dataStream:|priority:0, 2c01d17b-4645-4ff7-a3a9-3ef37717c625|rpc:172.18.0.4:9856|admin:172.18.0.4:9857|client:172.18.0.4:9858|dataStream:|priority:0], old=null
datanode_3  | 2022-10-02 13:02:22,540 [75d465a3-08ab-413a-8e6d-b14659d822e5@group-62BF81A3F373-LeaderElection1] INFO server.RaftServer$Division: 75d465a3-08ab-413a-8e6d-b14659d822e5@group-62BF81A3F373: changes role from CANDIDATE to LEADER at term 1 for changeToLeader
datanode_5  | 2022-10-02 13:02:17,404 [738266b8-bd3a-41a1-bcb7-e65873fc3fec@group-8F87EC09E83E-FollowerState] INFO impl.RoleInfo: 738266b8-bd3a-41a1-bcb7-e65873fc3fec: start 738266b8-bd3a-41a1-bcb7-e65873fc3fec@group-8F87EC09E83E-LeaderElection1
s3g_1       | 
datanode_2  | 2022-10-02 13:02:16,840 [pool-22-thread-1] INFO server.RaftServerConfigKeys: raft.server.threadpool.client.cached = true (default)
recon_1     | 	at org.apache.hadoop.ipc.Server$Connection.access$300(Server.java:1809)
datanode_4  | 	at java.base/java.io.BufferedInputStream.fill(BufferedInputStream.java:252)
scm_1       | 2022-10-02 13:01:51,634 [pool-16-thread-1] INFO server.RaftServerConfigKeys: raft.server.log.segment.size.max = 4194304 (custom)
om_1        | 2022-10-02 13:02:26,906 [Listener at om/9862] INFO handler.ContextHandler: Started o.e.j.w.WebAppContext@2c29342a{ozoneManager,/,file:///tmp/jetty-0_0_0_0-9874-ozone-manager-1_3_0-SNAPSHOT_jar-_-any-17071537499003343289/webapp/,AVAILABLE}{jar:file:/opt/hadoop/share/ozone/lib/ozone-manager-1.3.0-SNAPSHOT.jar!/webapps/ozoneManager}
datanode_1  | 2022-10-02 13:44:54,402 [grpc-default-executor-2] INFO server.RaftServer$Division: b83c686e-17df-4260-aca1-5c1ddbf05901@group-DEFCBCBA7BDE: receive requestVote(ELECTION, 1191c0f4-1039-49a2-94c6-68433eeecb22, group-DEFCBCBA7BDE, 3, (t:0, i:0))
datanode_3  | 2022-10-02 13:02:22,540 [75d465a3-08ab-413a-8e6d-b14659d822e5@group-62BF81A3F373-LeaderElection1] INFO ratis.XceiverServerRatis: Leader change notification received for group: group-62BF81A3F373 with new leaderId: 75d465a3-08ab-413a-8e6d-b14659d822e5
datanode_3  | 2022-10-02 13:02:22,545 [75d465a3-08ab-413a-8e6d-b14659d822e5@group-62BF81A3F373-LeaderElection1] INFO server.RaftServer$Division: 75d465a3-08ab-413a-8e6d-b14659d822e5@group-62BF81A3F373: change Leader from null to 75d465a3-08ab-413a-8e6d-b14659d822e5 at term 1 for becomeLeader, leader elected after 5262ms
s3g_1       | 2022-10-02 13:26:48,822 [qtp967323951-23] INFO rpc.RpcClient: Creating Bucket: s3v/s3bg2, with server-side default bucket layout, dlfknslnfslf as owner, Versioning false, Storage Type set to DISK and Encryption set to false 
datanode_2  | 2022-10-02 13:02:16,841 [pool-22-thread-1] INFO server.RaftServerConfigKeys: raft.server.threadpool.client.size = 0 (default)
recon_1     | 	at org.apache.hadoop.ipc.Server$RpcCall.doResponse(Server.java:1117)
datanode_4  | 	at java.base/java.io.BufferedInputStream.read(BufferedInputStream.java:271)
scm_1       | 2022-10-02 13:01:51,658 [pool-16-thread-1] INFO server.RaftServerConfigKeys: raft.server.log.segment.cache.num.max = 2 (custom)
om_1        | 2022-10-02 13:02:26,929 [Listener at om/9862] INFO server.AbstractConnector: Started ServerConnector@2fc1b04a{HTTP/1.1, (http/1.1)}{0.0.0.0:9874}
datanode_1  | 2022-10-02 13:44:54,403 [grpc-default-executor-2] INFO impl.VoteContext: b83c686e-17df-4260-aca1-5c1ddbf05901@group-DEFCBCBA7BDE-CANDIDATE: reject ELECTION from 1191c0f4-1039-49a2-94c6-68433eeecb22: already has voted for b83c686e-17df-4260-aca1-5c1ddbf05901 at current term 3
datanode_3  | 2022-10-02 13:02:22,569 [75d465a3-08ab-413a-8e6d-b14659d822e5@group-62BF81A3F373-LeaderElection1] INFO server.RaftServerConfigKeys: raft.server.staging.catchup.gap = 1000 (default)
datanode_5  | 2022-10-02 13:02:17,440 [738266b8-bd3a-41a1-bcb7-e65873fc3fec@group-8F87EC09E83E-LeaderElection1] INFO impl.LeaderElection: 738266b8-bd3a-41a1-bcb7-e65873fc3fec@group-8F87EC09E83E-LeaderElection1 ELECTION round 0: submit vote requests at term 1 for -1: [738266b8-bd3a-41a1-bcb7-e65873fc3fec|rpc:172.18.0.10:9856|admin:172.18.0.10:9857|client:172.18.0.10:9858|priority:1], old=null
datanode_2  | 2022-10-02 13:02:16,841 [pool-22-thread-1] INFO server.RaftServer$Division: 2c01d17b-4645-4ff7-a3a9-3ef37717c625@group-42494A9F86EE: start as a follower, conf=-1: [2c01d17b-4645-4ff7-a3a9-3ef37717c625|rpc:172.18.0.4:9856|admin:172.18.0.4:9857|client:172.18.0.4:9858|priority:1], old=null
s3g_1       | 2022-10-02 13:26:48,822 [qtp967323951-21] INFO rpc.RpcClient: Creating Bucket: s3v/s3bg1, with server-side default bucket layout, dlfknslnfslf as owner, Versioning false, Storage Type set to DISK and Encryption set to false 
recon_1     | 	at org.apache.hadoop.ipc.Server$Call.doResponse(Server.java:909)
datanode_4  | 	at java.base/java.io.FilterInputStream.read(FilterInputStream.java:83)
scm_1       | 2022-10-02 13:01:51,660 [pool-16-thread-1] INFO server.RaftServerConfigKeys: raft.server.log.segment.cache.size.max = 200MB (=209715200) (default)
om_1        | 2022-10-02 13:02:26,930 [Listener at om/9862] INFO server.Server: Started @25167ms
datanode_3  | 2022-10-02 13:02:22,578 [75d465a3-08ab-413a-8e6d-b14659d822e5@group-62BF81A3F373-LeaderElection1] INFO server.RaftServerConfigKeys: raft.server.write.element-limit = 1024 (custom)
datanode_5  | 2022-10-02 13:02:17,442 [738266b8-bd3a-41a1-bcb7-e65873fc3fec@group-8F87EC09E83E-LeaderElection1] INFO impl.LeaderElection: 738266b8-bd3a-41a1-bcb7-e65873fc3fec@group-8F87EC09E83E-LeaderElection1 ELECTION round 0: result PASSED (term=1)
datanode_5  | 2022-10-02 13:02:17,443 [738266b8-bd3a-41a1-bcb7-e65873fc3fec@group-8F87EC09E83E-LeaderElection1] INFO impl.RoleInfo: 738266b8-bd3a-41a1-bcb7-e65873fc3fec: shutdown 738266b8-bd3a-41a1-bcb7-e65873fc3fec@group-8F87EC09E83E-LeaderElection1
s3g_1       | 2022-10-02 13:26:48,822 [qtp967323951-170] INFO rpc.RpcClient: Creating Bucket: s3v/s3bg8, with server-side default bucket layout, dlfknslnfslf as owner, Versioning false, Storage Type set to DISK and Encryption set to false 
recon_1     | 	at org.apache.hadoop.ipc.Server$Call.sendResponse(Server.java:895)
datanode_4  | 	at java.base/java.io.FilterInputStream.read(FilterInputStream.java:83)
scm_1       | 2022-10-02 13:01:51,668 [pool-16-thread-1] INFO segmented.SegmentedRaftLogWorker: new 1bc836a5-4830-4dff-862b-46e8820dba89@group-AA811ADD2C37-SegmentedRaftLogWorker for RaftStorageImpl:Storage Directory /data/metadata/scm-ha/63df5b48-c949-494d-95f4-aa811add2c37
om_1        | 2022-10-02 13:02:26,935 [Listener at om/9862] INFO impl.MetricsSinkAdapter: Sink prometheus started
datanode_1  | 2022-10-02 13:44:54,403 [grpc-default-executor-2] INFO server.RaftServer$Division: b83c686e-17df-4260-aca1-5c1ddbf05901@group-DEFCBCBA7BDE replies to ELECTION vote request: 1191c0f4-1039-49a2-94c6-68433eeecb22<-b83c686e-17df-4260-aca1-5c1ddbf05901#0:FAIL-t3. Peer's state: b83c686e-17df-4260-aca1-5c1ddbf05901@group-DEFCBCBA7BDE:t3, leader=null, voted=b83c686e-17df-4260-aca1-5c1ddbf05901, raftlog=b83c686e-17df-4260-aca1-5c1ddbf05901@group-DEFCBCBA7BDE-SegmentedRaftLog:OPENED:c-1, conf=-1: [b83c686e-17df-4260-aca1-5c1ddbf05901|rpc:172.18.0.7:9856|admin:172.18.0.7:9857|client:172.18.0.7:9858|dataStream:|priority:1, 1191c0f4-1039-49a2-94c6-68433eeecb22|rpc:172.18.0.5:9856|admin:172.18.0.5:9857|client:172.18.0.5:9858|dataStream:|priority:0, 2c01d17b-4645-4ff7-a3a9-3ef37717c625|rpc:172.18.0.4:9856|admin:172.18.0.4:9857|client:172.18.0.4:9858|dataStream:|priority:0], old=null
datanode_3  | 2022-10-02 13:02:22,588 [75d465a3-08ab-413a-8e6d-b14659d822e5@group-62BF81A3F373-LeaderElection1] INFO server.RaftServerConfigKeys: raft.server.write.byte-limit = 1024 M (=1073741824) (custom)
datanode_5  | 2022-10-02 13:02:17,445 [738266b8-bd3a-41a1-bcb7-e65873fc3fec@group-8F87EC09E83E-LeaderElection1] INFO server.RaftServer$Division: 738266b8-bd3a-41a1-bcb7-e65873fc3fec@group-8F87EC09E83E: changes role from CANDIDATE to LEADER at term 1 for changeToLeader
datanode_2  | 2022-10-02 13:02:16,844 [pool-22-thread-1] INFO server.RaftServer$Division: 2c01d17b-4645-4ff7-a3a9-3ef37717c625@group-42494A9F86EE: changes role from      null to FOLLOWER at term 0 for startAsFollower
s3g_1       | 2022-10-02 13:26:48,823 [qtp967323951-24] INFO rpc.RpcClient: Creating Bucket: s3v/s3bg6, with server-side default bucket layout, dlfknslnfslf as owner, Versioning false, Storage Type set to DISK and Encryption set to false 
recon_1     | 	at org.apache.hadoop.ipc.Server$RpcCall.run(Server.java:1052)
datanode_4  | 	at org.apache.hadoop.ipc.Client$Connection$PingInputStream.read(Client.java:563)
scm_1       | 2022-10-02 13:01:51,675 [pool-16-thread-1] INFO server.RaftServerConfigKeys: raft.server.log.queue.byte-limit = 64MB (=67108864) (default)
om_1        | 2022-10-02 13:02:26,935 [Listener at om/9862] INFO impl.MetricsSystemImpl: Registered sink prometheus
datanode_1  | 2022-10-02 13:44:54,534 [b83c686e-17df-4260-aca1-5c1ddbf05901@group-DEFCBCBA7BDE-LeaderElection2] INFO impl.LeaderElection: b83c686e-17df-4260-aca1-5c1ddbf05901@group-DEFCBCBA7BDE-LeaderElection2: ELECTION REJECTED received 2 response(s) and 0 exception(s):
datanode_3  | 2022-10-02 13:02:22,635 [75d465a3-08ab-413a-8e6d-b14659d822e5@group-62BF81A3F373-LeaderElection1] INFO server.RaftServerConfigKeys: raft.server.watch.timeout = 180s (custom)
datanode_5  | 2022-10-02 13:02:17,451 [738266b8-bd3a-41a1-bcb7-e65873fc3fec@group-8F87EC09E83E-LeaderElection1] INFO ratis.XceiverServerRatis: Leader change notification received for group: group-8F87EC09E83E with new leaderId: 738266b8-bd3a-41a1-bcb7-e65873fc3fec
datanode_2  | 2022-10-02 13:02:16,844 [pool-22-thread-1] INFO impl.RoleInfo: 2c01d17b-4645-4ff7-a3a9-3ef37717c625: start 2c01d17b-4645-4ff7-a3a9-3ef37717c625@group-42494A9F86EE-FollowerState
s3g_1       | 2022-10-02 13:26:48,822 [qtp967323951-25] INFO rpc.RpcClient: Creating Bucket: s3v/s3bg7, with server-side default bucket layout, dlfknslnfslf as owner, Versioning false, Storage Type set to DISK and Encryption set to false 
recon_1     | 	at org.apache.hadoop.ipc.Server$RpcCall.run(Server.java:963)
datanode_4  | 	at java.base/java.io.DataInputStream.readInt(DataInputStream.java:392)
scm_1       | 2022-10-02 13:01:51,681 [pool-16-thread-1] INFO server.RaftServerConfigKeys: raft.server.log.queue.element-limit = 4096 (default)
om_1        | 2022-10-02 13:02:26,938 [Listener at om/9862] INFO http.BaseHttpServer: HTTP server of ozoneManager listening at http://0.0.0.0:9874
datanode_1  | 2022-10-02 13:44:54,534 [b83c686e-17df-4260-aca1-5c1ddbf05901@group-DEFCBCBA7BDE-LeaderElection2] INFO impl.LeaderElection:   Response 0: b83c686e-17df-4260-aca1-5c1ddbf05901<-1191c0f4-1039-49a2-94c6-68433eeecb22#0:FAIL-t3
datanode_3  | 2022-10-02 13:02:22,640 [75d465a3-08ab-413a-8e6d-b14659d822e5@group-62BF81A3F373-LeaderElection1] INFO server.RaftServerConfigKeys: raft.server.watch.timeout.denomination = 1s (default)
datanode_5  | 2022-10-02 13:02:17,452 [738266b8-bd3a-41a1-bcb7-e65873fc3fec@group-8F87EC09E83E-LeaderElection1] INFO server.RaftServer$Division: 738266b8-bd3a-41a1-bcb7-e65873fc3fec@group-8F87EC09E83E: change Leader from null to 738266b8-bd3a-41a1-bcb7-e65873fc3fec at term 1 for becomeLeader, leader elected after 6359ms
datanode_2  | 2022-10-02 13:02:16,862 [pool-22-thread-1] INFO util.JmxRegister: Successfully registered JMX Bean with object name Ratis:service=RaftServer,group=group-42494A9F86EE,id=2c01d17b-4645-4ff7-a3a9-3ef37717c625
s3g_1       | 2022-10-02 13:26:48,822 [qtp967323951-20] INFO rpc.RpcClient: Creating Bucket: s3v/s3bg5, with server-side default bucket layout, dlfknslnfslf as owner, Versioning false, Storage Type set to DISK and Encryption set to false 
recon_1     | 	at java.base/java.security.AccessController.doPrivileged(Native Method)
datanode_4  | 	at org.apache.hadoop.ipc.Client$IpcStreams.readResponse(Client.java:1892)
scm_1       | 2022-10-02 13:01:51,682 [pool-16-thread-1] INFO server.RaftServerConfigKeys: raft.server.log.segment.size.max = 4194304 (custom)
om_1        | 2022-10-02 13:02:26,941 [IPC Server Responder] INFO ipc.Server: IPC Server Responder: starting
datanode_1  | 2022-10-02 13:44:54,535 [b83c686e-17df-4260-aca1-5c1ddbf05901@group-DEFCBCBA7BDE-LeaderElection2] INFO impl.LeaderElection:   Response 1: b83c686e-17df-4260-aca1-5c1ddbf05901<-2c01d17b-4645-4ff7-a3a9-3ef37717c625#0:FAIL-t3
datanode_3  | 2022-10-02 13:02:22,651 [75d465a3-08ab-413a-8e6d-b14659d822e5@group-62BF81A3F373-LeaderElection1] INFO server.RaftServerConfigKeys: raft.server.watch.element-limit = 65536 (default)
datanode_5  | 2022-10-02 13:02:17,532 [738266b8-bd3a-41a1-bcb7-e65873fc3fec@group-8F87EC09E83E-LeaderElection1] INFO server.RaftServerConfigKeys: raft.server.staging.catchup.gap = 1000 (default)
datanode_2  | 2022-10-02 13:02:16,887 [Command processor thread] INFO ratis.XceiverServerRatis: Created group PipelineID=d5dc1d37-ca82-4419-b092-42494a9f86ee
s3g_1       | 2022-10-02 13:26:48,825 [qtp967323951-22] INFO rpc.RpcClient: Creating Bucket: s3v/s3bg0, with server-side default bucket layout, dlfknslnfslf as owner, Versioning false, Storage Type set to DISK and Encryption set to false 
recon_1     | 	at java.base/javax.security.auth.Subject.doAs(Subject.java:423)
datanode_4  | 	at org.apache.hadoop.ipc.Client$Connection.receiveRpcResponse(Client.java:1202)
scm_1       | 2022-10-02 13:01:51,684 [pool-16-thread-1] INFO server.RaftServerConfigKeys: raft.server.log.preallocated.size = 4194304 (custom)
om_1        | 2022-10-02 13:02:26,968 [IPC Server listener on 9862] INFO ipc.Server: IPC Server listener on 9862: starting
datanode_1  | 2022-10-02 13:44:54,535 [b83c686e-17df-4260-aca1-5c1ddbf05901@group-DEFCBCBA7BDE-LeaderElection2] INFO impl.LeaderElection: b83c686e-17df-4260-aca1-5c1ddbf05901@group-DEFCBCBA7BDE-LeaderElection2 ELECTION round 0: result REJECTED
datanode_3  | 2022-10-02 13:02:22,674 [75d465a3-08ab-413a-8e6d-b14659d822e5@group-62BF81A3F373-LeaderElection1] INFO server.RaftServerConfigKeys: raft.server.write.element-limit = 1024 (custom)
datanode_5  | 2022-10-02 13:02:17,568 [738266b8-bd3a-41a1-bcb7-e65873fc3fec@group-8F87EC09E83E-LeaderElection1] INFO server.RaftServerConfigKeys: raft.server.write.element-limit = 1024 (custom)
datanode_2  | 2022-10-02 13:02:16,887 [Command processor thread] INFO commandhandler.CreatePipelineCommandHandler: Created Pipeline RATIS ONE PipelineID=d5dc1d37-ca82-4419-b092-42494a9f86ee.
s3g_1       | 2022-10-02 13:26:48,822 [qtp967323951-18] INFO rpc.RpcClient: Creating Bucket: s3v/s3bg9, with server-side default bucket layout, dlfknslnfslf as owner, Versioning false, Storage Type set to DISK and Encryption set to false 
recon_1     | 	at org.apache.hadoop.security.UserGroupInformation.doAs(UserGroupInformation.java:1878)
datanode_4  | 	at org.apache.hadoop.ipc.Client$Connection.run(Client.java:1098)
scm_1       | 2022-10-02 13:01:51,684 [pool-16-thread-1] INFO server.RaftServerConfigKeys: raft.server.log.force.sync.num = 128 (default)
om_1        | 2022-10-02 13:02:27,162 [Listener at om/9862] INFO om.TrashPolicyOzone: The configured checkpoint interval is 0 minutes. Using an interval of 1 minutes that is used for deletion instead
datanode_1  | 2022-10-02 13:44:54,535 [b83c686e-17df-4260-aca1-5c1ddbf05901@group-DEFCBCBA7BDE-LeaderElection2] INFO server.RaftServer$Division: b83c686e-17df-4260-aca1-5c1ddbf05901@group-DEFCBCBA7BDE: changes role from CANDIDATE to FOLLOWER at term 3 for REJECTED
datanode_3  | 2022-10-02 13:02:22,701 [75d465a3-08ab-413a-8e6d-b14659d822e5@group-62BF81A3F373-LeaderElection1] INFO server.RaftServerConfigKeys: raft.server.write.follower.gap.ratio.max = -1.0 (default)
datanode_5  | 2022-10-02 13:02:17,577 [738266b8-bd3a-41a1-bcb7-e65873fc3fec@group-8F87EC09E83E-LeaderElection1] INFO server.RaftServerConfigKeys: raft.server.write.byte-limit = 1024 M (=1073741824) (custom)
s3g_1       | 2022-10-02 13:26:48,833 [qtp967323951-169] INFO rpc.RpcClient: Creating Bucket: s3v/s3bg4, with server-side default bucket layout, dlfknslnfslf as owner, Versioning false, Storage Type set to DISK and Encryption set to false 
datanode_2  | 2022-10-02 13:02:17,756 [2c01d17b-4645-4ff7-a3a9-3ef37717c625@group-A587DCD7E969-FollowerState] INFO impl.FollowerState: 2c01d17b-4645-4ff7-a3a9-3ef37717c625@group-A587DCD7E969-FollowerState: change to CANDIDATE, lastRpcElapsedTime:5194244735ns, electionTimeout:5132ms
recon_1     | 	at org.apache.hadoop.ipc.Server$Handler.run(Server.java:2966)
datanode_4  | 2022-10-02 13:02:00,462 [Datanode State Machine Daemon Thread] ERROR datanode.RunningDatanodeState: Error in executing end point task.
om_1        | 2022-10-02 13:02:27,164 [Listener at om/9862] INFO om.TrashPolicyOzone: Ozone Manager trash configuration: Deletion interval = 1 minutes, Emptier interval = 1 minutes.
scm_1       | 2022-10-02 13:01:51,686 [pool-16-thread-1] INFO server.RaftServerConfigKeys: raft.server.log.statemachine.data.sync = true (default)
datanode_1  | 2022-10-02 13:44:54,535 [b83c686e-17df-4260-aca1-5c1ddbf05901@group-DEFCBCBA7BDE-LeaderElection2] INFO impl.RoleInfo: b83c686e-17df-4260-aca1-5c1ddbf05901: shutdown b83c686e-17df-4260-aca1-5c1ddbf05901@group-DEFCBCBA7BDE-LeaderElection2
datanode_3  | 2022-10-02 13:02:22,706 [75d465a3-08ab-413a-8e6d-b14659d822e5@group-62BF81A3F373-LeaderElection1] INFO impl.RoleInfo: 75d465a3-08ab-413a-8e6d-b14659d822e5: start 75d465a3-08ab-413a-8e6d-b14659d822e5@group-62BF81A3F373-LeaderStateImpl
datanode_5  | 2022-10-02 13:02:17,599 [738266b8-bd3a-41a1-bcb7-e65873fc3fec@group-8F87EC09E83E-LeaderElection1] INFO server.RaftServerConfigKeys: raft.server.watch.timeout = 180s (custom)
s3g_1       | 2022-10-02 13:26:48,841 [qtp967323951-173] INFO rpc.RpcClient: Creating Bucket: s3v/s3bg3, with server-side default bucket layout, dlfknslnfslf as owner, Versioning false, Storage Type set to DISK and Encryption set to false 
datanode_2  | 2022-10-02 13:02:17,757 [2c01d17b-4645-4ff7-a3a9-3ef37717c625@group-A587DCD7E969-FollowerState] INFO impl.RoleInfo: 2c01d17b-4645-4ff7-a3a9-3ef37717c625: shutdown 2c01d17b-4645-4ff7-a3a9-3ef37717c625@group-A587DCD7E969-FollowerState
recon_1     | 2022-10-02 13:02:05,392 [IPC Server handler 15 on default port 9891] INFO ipc.Server: IPC Server handler 15 on default port 9891 caught an exception
datanode_4  | java.util.concurrent.ExecutionException: java.util.concurrent.TimeoutException
om_1        | 2022-10-02 13:02:27,337 [Listener at om/9862] INFO om.GrpcOzoneManagerServer: GrpcOzoneManagerServer is started using port 8981
scm_1       | 2022-10-02 13:01:51,687 [pool-16-thread-1] INFO server.RaftServerConfigKeys: raft.server.log.statemachine.data.sync.timeout = 10s (default)
datanode_1  | 2022-10-02 13:44:54,536 [b83c686e-17df-4260-aca1-5c1ddbf05901@group-DEFCBCBA7BDE-LeaderElection2] INFO impl.RoleInfo: b83c686e-17df-4260-aca1-5c1ddbf05901: start b83c686e-17df-4260-aca1-5c1ddbf05901@group-DEFCBCBA7BDE-FollowerState
datanode_3  | 2022-10-02 13:02:22,784 [75d465a3-08ab-413a-8e6d-b14659d822e5@group-62BF81A3F373-LeaderElection1] INFO segmented.SegmentedRaftLogWorker: 75d465a3-08ab-413a-8e6d-b14659d822e5@group-62BF81A3F373-SegmentedRaftLogWorker: Starting segment from index:0
datanode_5  | 2022-10-02 13:02:17,606 [738266b8-bd3a-41a1-bcb7-e65873fc3fec@group-8F87EC09E83E-LeaderElection1] INFO server.RaftServerConfigKeys: raft.server.watch.timeout.denomination = 1s (default)
s3g_1       | 2022-10-02 13:26:48,936 [qtp967323951-21] INFO rpc.RpcClient: Creating Bucket: s3v/s3bg12, with server-side default bucket layout, dlfknslnfslf as owner, Versioning false, Storage Type set to DISK and Encryption set to false 
datanode_2  | 2022-10-02 13:02:17,758 [2c01d17b-4645-4ff7-a3a9-3ef37717c625@group-A587DCD7E969-FollowerState] INFO server.RaftServer$Division: 2c01d17b-4645-4ff7-a3a9-3ef37717c625@group-A587DCD7E969: changes role from  FOLLOWER to CANDIDATE at term 0 for changeToCandidate
recon_1     | java.nio.channels.ClosedChannelException
datanode_4  | 	at java.base/java.util.concurrent.FutureTask.report(FutureTask.java:122)
om_1        | 2022-10-02 13:02:27,369 [org.apache.hadoop.util.JvmPauseMonitor$Monitor@6799243b] INFO util.JvmPauseMonitor: Starting JVM pause monitor
scm_1       | 2022-10-02 13:01:51,688 [pool-16-thread-1] INFO server.RaftServerConfigKeys: raft.server.log.statemachine.data.sync.timeout.retry = -1 (default)
datanode_3  | 2022-10-02 13:02:22,847 [75d465a3-08ab-413a-8e6d-b14659d822e5@group-62BF81A3F373-LeaderElection1] INFO server.RaftServer$Division: 75d465a3-08ab-413a-8e6d-b14659d822e5@group-62BF81A3F373: set configuration 0: [75d465a3-08ab-413a-8e6d-b14659d822e5|rpc:172.18.0.2:9856|admin:172.18.0.2:9857|client:172.18.0.2:9858|dataStream:|priority:1], old=null
datanode_5  | 2022-10-02 13:02:17,608 [738266b8-bd3a-41a1-bcb7-e65873fc3fec@group-8F87EC09E83E-LeaderElection1] INFO server.RaftServerConfigKeys: raft.server.watch.element-limit = 65536 (default)
datanode_1  | 2022-10-02 13:44:59,443 [grpc-default-executor-2] INFO server.RaftServer$Division: b83c686e-17df-4260-aca1-5c1ddbf05901@group-DEFCBCBA7BDE: receive requestVote(ELECTION, 1191c0f4-1039-49a2-94c6-68433eeecb22, group-DEFCBCBA7BDE, 4, (t:0, i:0))
s3g_1       | 2022-10-02 13:26:48,962 [qtp967323951-172] INFO rpc.RpcClient: Creating Bucket: s3v/s3bg11, with server-side default bucket layout, dlfknslnfslf as owner, Versioning false, Storage Type set to DISK and Encryption set to false 
datanode_2  | 2022-10-02 13:02:17,762 [2c01d17b-4645-4ff7-a3a9-3ef37717c625@group-A587DCD7E969-FollowerState] INFO server.RaftServerConfigKeys: raft.server.leaderelection.pre-vote = false (custom)
recon_1     | 	at java.base/sun.nio.ch.SocketChannelImpl.ensureOpenAndConnected(SocketChannelImpl.java:180)
datanode_4  | 	at java.base/java.util.concurrent.FutureTask.get(FutureTask.java:191)
om_1        | 2022-10-02 13:02:31,096 [om1@group-C5BA1605619E-FollowerState] INFO impl.FollowerState: om1@group-C5BA1605619E-FollowerState: change to CANDIDATE, lastRpcElapsedTime:5146153465ns, electionTimeout:5139ms
scm_1       | 2022-10-02 13:01:51,706 [pool-16-thread-1] INFO server.RaftServerConfigKeys: raft.server.log.write.buffer.size = 64KB (=65536) (default)
datanode_3  | 2022-10-02 13:02:23,014 [75d465a3-08ab-413a-8e6d-b14659d822e5@group-62BF81A3F373-SegmentedRaftLogWorker] INFO segmented.SegmentedRaftLogWorker: 75d465a3-08ab-413a-8e6d-b14659d822e5@group-62BF81A3F373-SegmentedRaftLogWorker: created new log segment /data/metadata/ratis/bfca30c5-cf4e-4294-887c-62bf81a3f373/current/log_inprogress_0
datanode_5  | 2022-10-02 13:02:17,633 [738266b8-bd3a-41a1-bcb7-e65873fc3fec@group-8F87EC09E83E-LeaderElection1] INFO server.RaftServerConfigKeys: raft.server.write.element-limit = 1024 (custom)
datanode_1  | 2022-10-02 13:44:59,444 [grpc-default-executor-2] INFO impl.VoteContext: b83c686e-17df-4260-aca1-5c1ddbf05901@group-DEFCBCBA7BDE-FOLLOWER: reject ELECTION from 1191c0f4-1039-49a2-94c6-68433eeecb22: our priority 1 > candidate's priority 0
s3g_1       | 2022-10-02 13:26:48,980 [qtp967323951-173] INFO rpc.RpcClient: Creating Bucket: s3v/s3bg17, with server-side default bucket layout, dlfknslnfslf as owner, Versioning false, Storage Type set to DISK and Encryption set to false 
datanode_2  | 2022-10-02 13:02:17,767 [2c01d17b-4645-4ff7-a3a9-3ef37717c625@group-A587DCD7E969-FollowerState] INFO impl.RoleInfo: 2c01d17b-4645-4ff7-a3a9-3ef37717c625: start 2c01d17b-4645-4ff7-a3a9-3ef37717c625@group-A587DCD7E969-LeaderElection1
recon_1     | 	at java.base/sun.nio.ch.SocketChannelImpl.write(SocketChannelImpl.java:452)
datanode_4  | 	at org.apache.hadoop.ozone.container.common.states.datanode.RunningDatanodeState.computeNextContainerState(RunningDatanodeState.java:199)
om_1        | 2022-10-02 13:02:31,100 [om1@group-C5BA1605619E-FollowerState] INFO impl.RoleInfo: om1: shutdown om1@group-C5BA1605619E-FollowerState
scm_1       | 2022-10-02 13:01:51,712 [pool-16-thread-1] INFO server.RaftServerConfigKeys: raft.server.log.unsafe-flush.enabled = false (default)
datanode_3  | 2022-10-02 13:02:23,125 [75d465a3-08ab-413a-8e6d-b14659d822e5@group-A587DCD7E969-FollowerState] INFO impl.FollowerState: 75d465a3-08ab-413a-8e6d-b14659d822e5@group-A587DCD7E969-FollowerState: change to CANDIDATE, lastRpcElapsedTime:5084047662ns, electionTimeout:5038ms
datanode_5  | 2022-10-02 13:02:17,642 [738266b8-bd3a-41a1-bcb7-e65873fc3fec@group-8F87EC09E83E-LeaderElection1] INFO server.RaftServerConfigKeys: raft.server.write.follower.gap.ratio.max = -1.0 (default)
datanode_1  | 2022-10-02 13:44:59,444 [grpc-default-executor-2] INFO server.RaftServer$Division: b83c686e-17df-4260-aca1-5c1ddbf05901@group-DEFCBCBA7BDE: changes role from  FOLLOWER to FOLLOWER at term 4 for candidate:1191c0f4-1039-49a2-94c6-68433eeecb22
s3g_1       | 2022-10-02 13:26:48,991 [qtp967323951-18] INFO rpc.RpcClient: Creating Bucket: s3v/s3bg15, with server-side default bucket layout, dlfknslnfslf as owner, Versioning false, Storage Type set to DISK and Encryption set to false 
datanode_2  | 2022-10-02 13:02:17,785 [2c01d17b-4645-4ff7-a3a9-3ef37717c625@group-A587DCD7E969-LeaderElection1] INFO impl.LeaderElection: 2c01d17b-4645-4ff7-a3a9-3ef37717c625@group-A587DCD7E969-LeaderElection1 ELECTION round 0: submit vote requests at term 1 for -1: [75d465a3-08ab-413a-8e6d-b14659d822e5|rpc:172.18.0.2:9856|admin:172.18.0.2:9857|client:172.18.0.2:9858|priority:1, 1191c0f4-1039-49a2-94c6-68433eeecb22|rpc:172.18.0.5:9856|admin:172.18.0.5:9857|client:172.18.0.5:9858|priority:0, 2c01d17b-4645-4ff7-a3a9-3ef37717c625|rpc:172.18.0.4:9856|admin:172.18.0.4:9857|client:172.18.0.4:9858|priority:0], old=null
recon_1     | 	at org.apache.hadoop.ipc.Server.channelWrite(Server.java:3605)
datanode_4  | 	at org.apache.hadoop.ozone.container.common.states.datanode.RunningDatanodeState.await(RunningDatanodeState.java:239)
om_1        | 2022-10-02 13:02:31,108 [om1@group-C5BA1605619E-FollowerState] INFO server.RaftServer$Division: om1@group-C5BA1605619E: changes role from  FOLLOWER to CANDIDATE at term 0 for changeToCandidate
scm_1       | 2022-10-02 13:01:51,712 [pool-16-thread-1] INFO server.RaftServerConfigKeys: raft.server.log.statemachine.data.caching.enabled = false (default)
datanode_3  | 2022-10-02 13:02:23,126 [75d465a3-08ab-413a-8e6d-b14659d822e5@group-A587DCD7E969-FollowerState] INFO impl.RoleInfo: 75d465a3-08ab-413a-8e6d-b14659d822e5: shutdown 75d465a3-08ab-413a-8e6d-b14659d822e5@group-A587DCD7E969-FollowerState
datanode_5  | 2022-10-02 13:02:17,650 [738266b8-bd3a-41a1-bcb7-e65873fc3fec@group-8F87EC09E83E-LeaderElection1] INFO impl.RoleInfo: 738266b8-bd3a-41a1-bcb7-e65873fc3fec: start 738266b8-bd3a-41a1-bcb7-e65873fc3fec@group-8F87EC09E83E-LeaderStateImpl
datanode_1  | 2022-10-02 13:44:59,445 [grpc-default-executor-2] INFO impl.RoleInfo: b83c686e-17df-4260-aca1-5c1ddbf05901: shutdown b83c686e-17df-4260-aca1-5c1ddbf05901@group-DEFCBCBA7BDE-FollowerState
s3g_1       | 2022-10-02 13:26:48,992 [qtp967323951-171] INFO rpc.RpcClient: Creating Bucket: s3v/s3bg16, with server-side default bucket layout, dlfknslnfslf as owner, Versioning false, Storage Type set to DISK and Encryption set to false 
datanode_2  | 2022-10-02 13:02:17,910 [grpc-default-executor-1] INFO server.RaftServer$Division: 2c01d17b-4645-4ff7-a3a9-3ef37717c625@group-A587DCD7E969: receive requestVote(ELECTION, 1191c0f4-1039-49a2-94c6-68433eeecb22, group-A587DCD7E969, 1, (t:0, i:0))
recon_1     | 	at org.apache.hadoop.ipc.Server.access$1700(Server.java:141)
datanode_4  | 	at org.apache.hadoop.ozone.container.common.states.datanode.RunningDatanodeState.await(RunningDatanodeState.java:50)
om_1        | 2022-10-02 13:02:31,120 [om1@group-C5BA1605619E-FollowerState] INFO server.RaftServerConfigKeys: raft.server.leaderelection.pre-vote = false (custom)
scm_1       | 2022-10-02 13:01:51,788 [pool-16-thread-1] INFO server.RaftServer$Division: 1bc836a5-4830-4dff-862b-46e8820dba89@group-AA811ADD2C37: set configuration 0: [1bc836a5-4830-4dff-862b-46e8820dba89|rpc:2fa25766ab41:9894|admin:|client:|dataStream:|priority:0], old=null
datanode_3  | 2022-10-02 13:02:23,126 [75d465a3-08ab-413a-8e6d-b14659d822e5@group-A587DCD7E969-FollowerState] INFO server.RaftServer$Division: 75d465a3-08ab-413a-8e6d-b14659d822e5@group-A587DCD7E969: changes role from  FOLLOWER to CANDIDATE at term 1 for changeToCandidate
datanode_5  | 2022-10-02 13:02:17,695 [738266b8-bd3a-41a1-bcb7-e65873fc3fec@group-8F87EC09E83E-LeaderElection1] INFO segmented.SegmentedRaftLogWorker: 738266b8-bd3a-41a1-bcb7-e65873fc3fec@group-8F87EC09E83E-SegmentedRaftLogWorker: Starting segment from index:0
datanode_1  | 2022-10-02 13:44:59,445 [grpc-default-executor-2] INFO impl.RoleInfo: b83c686e-17df-4260-aca1-5c1ddbf05901: start b83c686e-17df-4260-aca1-5c1ddbf05901@group-DEFCBCBA7BDE-FollowerState
datanode_1  | 2022-10-02 13:44:59,445 [b83c686e-17df-4260-aca1-5c1ddbf05901@group-DEFCBCBA7BDE-FollowerState] INFO impl.FollowerState: b83c686e-17df-4260-aca1-5c1ddbf05901@group-DEFCBCBA7BDE-FollowerState was interrupted
datanode_2  | 2022-10-02 13:02:17,935 [grpc-default-executor-1] INFO impl.VoteContext: 2c01d17b-4645-4ff7-a3a9-3ef37717c625@group-A587DCD7E969-CANDIDATE: reject ELECTION from 1191c0f4-1039-49a2-94c6-68433eeecb22: already has voted for 2c01d17b-4645-4ff7-a3a9-3ef37717c625 at current term 1
recon_1     | 	at org.apache.hadoop.ipc.Server$Responder.processResponse(Server.java:1667)
datanode_4  | 	at org.apache.hadoop.ozone.container.common.statemachine.StateContext.execute(StateContext.java:660)
om_1        | 2022-10-02 13:02:31,120 [om1@group-C5BA1605619E-FollowerState] INFO impl.RoleInfo: om1: start om1@group-C5BA1605619E-LeaderElection1
scm_1       | 2022-10-02 13:01:51,790 [pool-16-thread-1] INFO segmented.LogSegment: Successfully read 1 entries from segment file /data/metadata/scm-ha/63df5b48-c949-494d-95f4-aa811add2c37/current/log_inprogress_0
datanode_3  | 2022-10-02 13:02:23,126 [75d465a3-08ab-413a-8e6d-b14659d822e5@group-A587DCD7E969-FollowerState] INFO server.RaftServerConfigKeys: raft.server.leaderelection.pre-vote = false (custom)
datanode_5  | 2022-10-02 13:02:18,039 [738266b8-bd3a-41a1-bcb7-e65873fc3fec@group-8F87EC09E83E-LeaderElection1] INFO server.RaftServer$Division: 738266b8-bd3a-41a1-bcb7-e65873fc3fec@group-8F87EC09E83E: set configuration 0: [738266b8-bd3a-41a1-bcb7-e65873fc3fec|rpc:172.18.0.10:9856|admin:172.18.0.10:9857|client:172.18.0.10:9858|dataStream:|priority:1], old=null
datanode_1  | 2022-10-02 13:44:59,451 [grpc-default-executor-2] INFO server.RaftServer$Division: b83c686e-17df-4260-aca1-5c1ddbf05901@group-DEFCBCBA7BDE replies to ELECTION vote request: 1191c0f4-1039-49a2-94c6-68433eeecb22<-b83c686e-17df-4260-aca1-5c1ddbf05901#0:FAIL-t4. Peer's state: b83c686e-17df-4260-aca1-5c1ddbf05901@group-DEFCBCBA7BDE:t4, leader=null, voted=null, raftlog=b83c686e-17df-4260-aca1-5c1ddbf05901@group-DEFCBCBA7BDE-SegmentedRaftLog:OPENED:c-1, conf=-1: [b83c686e-17df-4260-aca1-5c1ddbf05901|rpc:172.18.0.7:9856|admin:172.18.0.7:9857|client:172.18.0.7:9858|dataStream:|priority:1, 1191c0f4-1039-49a2-94c6-68433eeecb22|rpc:172.18.0.5:9856|admin:172.18.0.5:9857|client:172.18.0.5:9858|dataStream:|priority:0, 2c01d17b-4645-4ff7-a3a9-3ef37717c625|rpc:172.18.0.4:9856|admin:172.18.0.4:9857|client:172.18.0.4:9858|dataStream:|priority:0], old=null
s3g_1       | 2022-10-02 13:26:48,992 [qtp967323951-22] INFO rpc.RpcClient: Creating Bucket: s3v/s3bg19, with server-side default bucket layout, dlfknslnfslf as owner, Versioning false, Storage Type set to DISK and Encryption set to false 
datanode_2  | 2022-10-02 13:02:18,006 [grpc-default-executor-1] INFO server.RaftServer$Division: 2c01d17b-4645-4ff7-a3a9-3ef37717c625@group-A587DCD7E969 replies to ELECTION vote request: 1191c0f4-1039-49a2-94c6-68433eeecb22<-2c01d17b-4645-4ff7-a3a9-3ef37717c625#0:FAIL-t1. Peer's state: 2c01d17b-4645-4ff7-a3a9-3ef37717c625@group-A587DCD7E969:t1, leader=null, voted=2c01d17b-4645-4ff7-a3a9-3ef37717c625, raftlog=2c01d17b-4645-4ff7-a3a9-3ef37717c625@group-A587DCD7E969-SegmentedRaftLog:OPENED:c-1, conf=-1: [75d465a3-08ab-413a-8e6d-b14659d822e5|rpc:172.18.0.2:9856|admin:172.18.0.2:9857|client:172.18.0.2:9858|priority:1, 1191c0f4-1039-49a2-94c6-68433eeecb22|rpc:172.18.0.5:9856|admin:172.18.0.5:9857|client:172.18.0.5:9858|priority:0, 2c01d17b-4645-4ff7-a3a9-3ef37717c625|rpc:172.18.0.4:9856|admin:172.18.0.4:9857|client:172.18.0.4:9858|priority:0], old=null
recon_1     | 	at org.apache.hadoop.ipc.Server$Responder.doRespond(Server.java:1737)
datanode_4  | 	at org.apache.hadoop.ozone.container.common.statemachine.DatanodeStateMachine.startStateMachineThread(DatanodeStateMachine.java:298)
om_1        | 2022-10-02 13:02:31,128 [om1@group-C5BA1605619E-LeaderElection1] INFO impl.LeaderElection: om1@group-C5BA1605619E-LeaderElection1 ELECTION round 0: submit vote requests at term 1 for -1: [om1|rpc:om:9872|priority:0], old=null
scm_1       | 2022-10-02 13:01:51,797 [pool-16-thread-1] INFO segmented.SegmentedRaftLogWorker: 1bc836a5-4830-4dff-862b-46e8820dba89@group-AA811ADD2C37-SegmentedRaftLogWorker: flushIndex: setUnconditionally 0 -> 0
datanode_3  | 2022-10-02 13:02:23,127 [75d465a3-08ab-413a-8e6d-b14659d822e5@group-A587DCD7E969-FollowerState] INFO impl.RoleInfo: 75d465a3-08ab-413a-8e6d-b14659d822e5: start 75d465a3-08ab-413a-8e6d-b14659d822e5@group-A587DCD7E969-LeaderElection2
datanode_5  | 2022-10-02 13:02:18,315 [738266b8-bd3a-41a1-bcb7-e65873fc3fec@group-8F87EC09E83E-SegmentedRaftLogWorker] INFO segmented.SegmentedRaftLogWorker: 738266b8-bd3a-41a1-bcb7-e65873fc3fec@group-8F87EC09E83E-SegmentedRaftLogWorker: created new log segment /data/metadata/ratis/2fbb66cf-c703-4638-bdd9-8f87ec09e83e/current/log_inprogress_0
datanode_1  | 2022-10-02 13:45:04,503 [grpc-default-executor-2] INFO server.RaftServer$Division: b83c686e-17df-4260-aca1-5c1ddbf05901@group-DEFCBCBA7BDE: receive requestVote(ELECTION, 1191c0f4-1039-49a2-94c6-68433eeecb22, group-DEFCBCBA7BDE, 5, (t:0, i:0))
s3g_1       | 2022-10-02 13:26:48,991 [qtp967323951-170] INFO rpc.RpcClient: Creating Bucket: s3v/s3bg10, with server-side default bucket layout, dlfknslnfslf as owner, Versioning false, Storage Type set to DISK and Encryption set to false 
datanode_2  | 2022-10-02 13:02:18,070 [2c01d17b-4645-4ff7-a3a9-3ef37717c625@group-A587DCD7E969-LeaderElection1] INFO impl.LeaderElection: 2c01d17b-4645-4ff7-a3a9-3ef37717c625@group-A587DCD7E969-LeaderElection1: ELECTION REJECTED received 1 response(s) and 0 exception(s):
recon_1     | 	at org.apache.hadoop.ipc.Server$Connection.sendResponse(Server.java:2837)
datanode_4  | 	at org.apache.hadoop.ozone.container.common.statemachine.DatanodeStateMachine.lambda$startDaemon$0(DatanodeStateMachine.java:493)
om_1        | 2022-10-02 13:02:31,130 [om1@group-C5BA1605619E-LeaderElection1] INFO impl.LeaderElection: om1@group-C5BA1605619E-LeaderElection1 ELECTION round 0: result PASSED (term=1)
scm_1       | 2022-10-02 13:01:51,798 [pool-16-thread-1] INFO segmented.SegmentedRaftLogWorker: 1bc836a5-4830-4dff-862b-46e8820dba89@group-AA811ADD2C37-SegmentedRaftLogWorker: safeCacheEvictIndex: setUnconditionally 0 -> -1
datanode_3  | 2022-10-02 13:02:23,133 [75d465a3-08ab-413a-8e6d-b14659d822e5@group-A587DCD7E969-LeaderElection2] INFO impl.LeaderElection: 75d465a3-08ab-413a-8e6d-b14659d822e5@group-A587DCD7E969-LeaderElection2 ELECTION round 0: submit vote requests at term 2 for -1: [75d465a3-08ab-413a-8e6d-b14659d822e5|rpc:172.18.0.2:9856|admin:172.18.0.2:9857|client:172.18.0.2:9858|priority:1, 1191c0f4-1039-49a2-94c6-68433eeecb22|rpc:172.18.0.5:9856|admin:172.18.0.5:9857|client:172.18.0.5:9858|priority:0, 2c01d17b-4645-4ff7-a3a9-3ef37717c625|rpc:172.18.0.4:9856|admin:172.18.0.4:9857|client:172.18.0.4:9858|priority:0], old=null
datanode_5  | 2022-10-02 13:44:33,813 [Command processor thread] INFO keyvalue.KeyValueContainer: Container 10 is synced with bcsId 0.
datanode_1  | 2022-10-02 13:45:04,504 [grpc-default-executor-2] INFO impl.VoteContext: b83c686e-17df-4260-aca1-5c1ddbf05901@group-DEFCBCBA7BDE-FOLLOWER: reject ELECTION from 1191c0f4-1039-49a2-94c6-68433eeecb22: our priority 1 > candidate's priority 0
s3g_1       | 2022-10-02 13:26:48,994 [qtp967323951-25] INFO rpc.RpcClient: Creating Bucket: s3v/s3bg14, with server-side default bucket layout, dlfknslnfslf as owner, Versioning false, Storage Type set to DISK and Encryption set to false 
datanode_2  | 2022-10-02 13:02:18,071 [2c01d17b-4645-4ff7-a3a9-3ef37717c625@group-A587DCD7E969-LeaderElection1] INFO impl.LeaderElection:   Response 0: 2c01d17b-4645-4ff7-a3a9-3ef37717c625<-75d465a3-08ab-413a-8e6d-b14659d822e5#0:FAIL-t1
recon_1     | 	at org.apache.hadoop.ipc.Server$Connection.access$300(Server.java:1809)
datanode_4  | 	at java.base/java.lang.Thread.run(Thread.java:829)
om_1        | 2022-10-02 13:02:31,131 [om1@group-C5BA1605619E-LeaderElection1] INFO impl.RoleInfo: om1: shutdown om1@group-C5BA1605619E-LeaderElection1
scm_1       | 2022-10-02 13:01:51,956 [pool-16-thread-1] INFO server.RaftServerConfigKeys: raft.server.snapshot.auto.trigger.enabled = true (custom)
datanode_3  | 2022-10-02 13:02:23,329 [grpc-default-executor-0] INFO server.RaftServer$Division: 75d465a3-08ab-413a-8e6d-b14659d822e5@group-A587DCD7E969: receive requestVote(ELECTION, 2c01d17b-4645-4ff7-a3a9-3ef37717c625, group-A587DCD7E969, 2, (t:0, i:0))
datanode_5  | 2022-10-02 13:44:33,813 [Command processor thread] INFO keyvalue.KeyValueContainer: Container 10 is synced with bcsId 0.
datanode_1  | 2022-10-02 13:45:04,504 [grpc-default-executor-2] INFO server.RaftServer$Division: b83c686e-17df-4260-aca1-5c1ddbf05901@group-DEFCBCBA7BDE: changes role from  FOLLOWER to FOLLOWER at term 5 for candidate:1191c0f4-1039-49a2-94c6-68433eeecb22
s3g_1       | 2022-10-02 13:26:48,994 [qtp967323951-20] INFO rpc.RpcClient: Creating Bucket: s3v/s3bg13, with server-side default bucket layout, dlfknslnfslf as owner, Versioning false, Storage Type set to DISK and Encryption set to false 
datanode_2  | 2022-10-02 13:02:18,071 [2c01d17b-4645-4ff7-a3a9-3ef37717c625@group-A587DCD7E969-LeaderElection1] INFO impl.LeaderElection: 2c01d17b-4645-4ff7-a3a9-3ef37717c625@group-A587DCD7E969-LeaderElection1 ELECTION round 0: result REJECTED
recon_1     | 	at org.apache.hadoop.ipc.Server$RpcCall.doResponse(Server.java:1117)
datanode_4  | Caused by: java.util.concurrent.TimeoutException
om_1        | 2022-10-02 13:02:31,132 [om1@group-C5BA1605619E-LeaderElection1] INFO server.RaftServer$Division: om1@group-C5BA1605619E: changes role from CANDIDATE to LEADER at term 1 for changeToLeader
scm_1       | 2022-10-02 13:01:51,959 [pool-16-thread-1] INFO server.RaftServerConfigKeys: raft.server.snapshot.auto.trigger.threshold = 1000 (custom)
datanode_3  | 2022-10-02 13:02:23,331 [grpc-default-executor-0] INFO impl.VoteContext: 75d465a3-08ab-413a-8e6d-b14659d822e5@group-A587DCD7E969-CANDIDATE: reject ELECTION from 2c01d17b-4645-4ff7-a3a9-3ef37717c625: already has voted for 75d465a3-08ab-413a-8e6d-b14659d822e5 at current term 2
datanode_5  | 2022-10-02 13:44:33,825 [Command processor thread] INFO keyvalue.KeyValueContainer: Container 10 is closed with bcsId 0.
datanode_1  | 2022-10-02 13:45:04,504 [grpc-default-executor-2] INFO impl.RoleInfo: b83c686e-17df-4260-aca1-5c1ddbf05901: shutdown b83c686e-17df-4260-aca1-5c1ddbf05901@group-DEFCBCBA7BDE-FollowerState
s3g_1       | 2022-10-02 13:26:49,040 [qtp967323951-168] INFO rpc.RpcClient: Creating Bucket: s3v/s3bg21, with server-side default bucket layout, dlfknslnfslf as owner, Versioning false, Storage Type set to DISK and Encryption set to false 
datanode_2  | 2022-10-02 13:02:18,073 [2c01d17b-4645-4ff7-a3a9-3ef37717c625@group-A587DCD7E969-LeaderElection1] INFO server.RaftServer$Division: 2c01d17b-4645-4ff7-a3a9-3ef37717c625@group-A587DCD7E969: changes role from CANDIDATE to FOLLOWER at term 1 for REJECTED
recon_1     | 	at org.apache.hadoop.ipc.Server$Call.doResponse(Server.java:909)
datanode_4  | 	at java.base/java.util.concurrent.FutureTask.get(FutureTask.java:204)
om_1        | 2022-10-02 13:02:31,132 [om1@group-C5BA1605619E-LeaderElection1] INFO server.RaftServer$Division: om1@group-C5BA1605619E: change Leader from null to om1 at term 1 for becomeLeader, leader elected after 7100ms
scm_1       | 2022-10-02 13:01:51,972 [pool-16-thread-1] INFO server.RaftServerConfigKeys: raft.server.snapshot.retention.file.num = -1 (default)
datanode_3  | 2022-10-02 13:02:23,335 [grpc-default-executor-0] INFO server.RaftServer$Division: 75d465a3-08ab-413a-8e6d-b14659d822e5@group-A587DCD7E969 replies to ELECTION vote request: 2c01d17b-4645-4ff7-a3a9-3ef37717c625<-75d465a3-08ab-413a-8e6d-b14659d822e5#0:FAIL-t2. Peer's state: 75d465a3-08ab-413a-8e6d-b14659d822e5@group-A587DCD7E969:t2, leader=null, voted=75d465a3-08ab-413a-8e6d-b14659d822e5, raftlog=75d465a3-08ab-413a-8e6d-b14659d822e5@group-A587DCD7E969-SegmentedRaftLog:OPENED:c-1, conf=-1: [75d465a3-08ab-413a-8e6d-b14659d822e5|rpc:172.18.0.2:9856|admin:172.18.0.2:9857|client:172.18.0.2:9858|priority:1, 1191c0f4-1039-49a2-94c6-68433eeecb22|rpc:172.18.0.5:9856|admin:172.18.0.5:9857|client:172.18.0.5:9858|priority:0, 2c01d17b-4645-4ff7-a3a9-3ef37717c625|rpc:172.18.0.4:9856|admin:172.18.0.4:9857|client:172.18.0.4:9858|priority:0], old=null
datanode_5  | 2022-10-02 13:44:33,843 [Command processor thread] INFO keyvalue.KeyValueContainer: Container 6 is synced with bcsId 0.
datanode_1  | 2022-10-02 13:45:04,504 [b83c686e-17df-4260-aca1-5c1ddbf05901@group-DEFCBCBA7BDE-FollowerState] INFO impl.FollowerState: b83c686e-17df-4260-aca1-5c1ddbf05901@group-DEFCBCBA7BDE-FollowerState was interrupted
s3g_1       | 2022-10-02 13:26:49,042 [qtp967323951-22] INFO rpc.RpcClient: Creating Bucket: s3v/s3bg22, with server-side default bucket layout, dlfknslnfslf as owner, Versioning false, Storage Type set to DISK and Encryption set to false 
datanode_2  | 2022-10-02 13:02:18,074 [2c01d17b-4645-4ff7-a3a9-3ef37717c625@group-A587DCD7E969-LeaderElection1] INFO impl.RoleInfo: 2c01d17b-4645-4ff7-a3a9-3ef37717c625: shutdown 2c01d17b-4645-4ff7-a3a9-3ef37717c625@group-A587DCD7E969-LeaderElection1
recon_1     | 	at org.apache.hadoop.ipc.Server$Call.sendResponse(Server.java:895)
datanode_4  | 	at org.apache.hadoop.ozone.container.common.states.datanode.RunningDatanodeState.lambda$execute$0(RunningDatanodeState.java:157)
om_1        | 2022-10-02 13:02:31,146 [om1@group-C5BA1605619E-LeaderElection1] INFO server.RaftServerConfigKeys: raft.server.staging.catchup.gap = 1000 (default)
scm_1       | 2022-10-02 13:01:51,974 [pool-16-thread-1] INFO server.RaftServerConfigKeys: raft.server.log.purge.upto.snapshot.index = false (default)
datanode_3  | 2022-10-02 13:02:23,535 [75d465a3-08ab-413a-8e6d-b14659d822e5@group-A587DCD7E969-LeaderElection2] INFO impl.LeaderElection: 75d465a3-08ab-413a-8e6d-b14659d822e5@group-A587DCD7E969-LeaderElection2: ELECTION REJECTED received 2 response(s) and 0 exception(s):
datanode_5  | 2022-10-02 13:44:33,843 [Command processor thread] INFO keyvalue.KeyValueContainer: Container 6 is synced with bcsId 0.
datanode_1  | 2022-10-02 13:45:04,505 [grpc-default-executor-2] INFO impl.RoleInfo: b83c686e-17df-4260-aca1-5c1ddbf05901: start b83c686e-17df-4260-aca1-5c1ddbf05901@group-DEFCBCBA7BDE-FollowerState
s3g_1       | 2022-10-02 13:26:49,078 [qtp967323951-23] INFO rpc.RpcClient: Creating Bucket: s3v/s3bg18, with server-side default bucket layout, dlfknslnfslf as owner, Versioning false, Storage Type set to DISK and Encryption set to false 
datanode_2  | 2022-10-02 13:02:18,075 [2c01d17b-4645-4ff7-a3a9-3ef37717c625@group-A587DCD7E969-LeaderElection1] INFO impl.RoleInfo: 2c01d17b-4645-4ff7-a3a9-3ef37717c625: start 2c01d17b-4645-4ff7-a3a9-3ef37717c625@group-A587DCD7E969-FollowerState
datanode_2  | 2022-10-02 13:02:21,897 [2c01d17b-4645-4ff7-a3a9-3ef37717c625@group-42494A9F86EE-FollowerState] INFO impl.FollowerState: 2c01d17b-4645-4ff7-a3a9-3ef37717c625@group-42494A9F86EE-FollowerState: change to CANDIDATE, lastRpcElapsedTime:5052989238ns, electionTimeout:5034ms
datanode_4  | 	at java.base/java.util.concurrent.FutureTask.run(FutureTask.java:264)
om_1        | 2022-10-02 13:02:31,152 [om1@group-C5BA1605619E-LeaderElection1] INFO server.RaftServerConfigKeys: raft.server.write.element-limit = 4096 (default)
scm_1       | 2022-10-02 13:01:51,977 [pool-16-thread-1] INFO server.RaftServerConfigKeys: raft.server.retrycache.expirytime = 60000ms (default)
datanode_3  | 2022-10-02 13:02:23,546 [75d465a3-08ab-413a-8e6d-b14659d822e5@group-A587DCD7E969-LeaderElection2] INFO impl.LeaderElection:   Response 0: 75d465a3-08ab-413a-8e6d-b14659d822e5<-1191c0f4-1039-49a2-94c6-68433eeecb22#0:FAIL-t2
datanode_5  | 2022-10-02 13:44:33,869 [Command processor thread] INFO keyvalue.KeyValueContainer: Container 6 is closed with bcsId 0.
datanode_1  | 2022-10-02 13:45:04,508 [grpc-default-executor-2] INFO server.RaftServer$Division: b83c686e-17df-4260-aca1-5c1ddbf05901@group-DEFCBCBA7BDE replies to ELECTION vote request: 1191c0f4-1039-49a2-94c6-68433eeecb22<-b83c686e-17df-4260-aca1-5c1ddbf05901#0:FAIL-t5. Peer's state: b83c686e-17df-4260-aca1-5c1ddbf05901@group-DEFCBCBA7BDE:t5, leader=null, voted=null, raftlog=b83c686e-17df-4260-aca1-5c1ddbf05901@group-DEFCBCBA7BDE-SegmentedRaftLog:OPENED:c-1, conf=-1: [b83c686e-17df-4260-aca1-5c1ddbf05901|rpc:172.18.0.7:9856|admin:172.18.0.7:9857|client:172.18.0.7:9858|dataStream:|priority:1, 1191c0f4-1039-49a2-94c6-68433eeecb22|rpc:172.18.0.5:9856|admin:172.18.0.5:9857|client:172.18.0.5:9858|dataStream:|priority:0, 2c01d17b-4645-4ff7-a3a9-3ef37717c625|rpc:172.18.0.4:9856|admin:172.18.0.4:9857|client:172.18.0.4:9858|dataStream:|priority:0], old=null
s3g_1       | 2022-10-02 13:26:49,101 [qtp967323951-24] INFO rpc.RpcClient: Creating Bucket: s3v/s3bg29, with server-side default bucket layout, dlfknslnfslf as owner, Versioning false, Storage Type set to DISK and Encryption set to false 
datanode_2  | 2022-10-02 13:02:21,898 [2c01d17b-4645-4ff7-a3a9-3ef37717c625@group-42494A9F86EE-FollowerState] INFO impl.RoleInfo: 2c01d17b-4645-4ff7-a3a9-3ef37717c625: shutdown 2c01d17b-4645-4ff7-a3a9-3ef37717c625@group-42494A9F86EE-FollowerState
recon_1     | 	at org.apache.hadoop.ipc.Server$RpcCall.run(Server.java:1052)
datanode_4  | 	at java.base/java.util.concurrent.Executors$RunnableAdapter.call(Executors.java:515)
om_1        | 2022-10-02 13:02:31,152 [om1@group-C5BA1605619E-LeaderElection1] INFO server.RaftServerConfigKeys: raft.server.write.byte-limit = 64MB (=67108864) (default)
scm_1       | 2022-10-02 13:01:51,977 [pool-16-thread-1] INFO server.RaftServerConfigKeys: raft.server.retrycache.statistics.expirytime = 100?s (default)
datanode_3  | 2022-10-02 13:02:23,546 [75d465a3-08ab-413a-8e6d-b14659d822e5@group-A587DCD7E969-LeaderElection2] INFO impl.LeaderElection:   Response 1: 75d465a3-08ab-413a-8e6d-b14659d822e5<-2c01d17b-4645-4ff7-a3a9-3ef37717c625#0:FAIL-t2
datanode_5  | 2022-10-02 13:44:33,885 [Command processor thread] INFO keyvalue.KeyValueContainer: Container 9 is synced with bcsId 0.
datanode_1  | 2022-10-02 13:45:09,625 [b83c686e-17df-4260-aca1-5c1ddbf05901@group-DEFCBCBA7BDE-FollowerState] INFO impl.FollowerState: b83c686e-17df-4260-aca1-5c1ddbf05901@group-DEFCBCBA7BDE-FollowerState: change to CANDIDATE, lastRpcElapsedTime:5119383768ns, electionTimeout:5118ms
s3g_1       | 2022-10-02 13:26:49,146 [qtp967323951-171] INFO rpc.RpcClient: Creating Bucket: s3v/s3bg30, with server-side default bucket layout, dlfknslnfslf as owner, Versioning false, Storage Type set to DISK and Encryption set to false 
s3g_1       | 2022-10-02 13:26:49,151 [qtp967323951-170] INFO rpc.RpcClient: Creating Bucket: s3v/s3bg27, with server-side default bucket layout, dlfknslnfslf as owner, Versioning false, Storage Type set to DISK and Encryption set to false 
recon_1     | 	at org.apache.hadoop.ipc.Server$RpcCall.run(Server.java:963)
datanode_4  | 	at java.base/java.util.concurrent.FutureTask.run(FutureTask.java:264)
om_1        | 2022-10-02 13:02:31,164 [om1@group-C5BA1605619E-LeaderElection1] INFO server.RaftServerConfigKeys: raft.server.watch.timeout = 10s (default)
scm_1       | 2022-10-02 13:01:52,016 [pool-16-thread-1] INFO server.RaftServerConfigKeys: raft.server.log.appender.install.snapshot.enabled = false (custom)
