datanode_5_1  | 2021-05-19 18:52:29,505 [pool-21-thread-1] INFO server.RaftServerConfigKeys: raft.server.log.force.sync.num = 128 (default)
datanode_4_1  | 2021-05-19 18:52:30,514 [pool-21-thread-1] INFO server.RaftServerConfigKeys: raft.server.log.write.buffer.size = 1048576 (custom)
datanode_6_1  | 2021-05-19 18:52:30,184 [pool-21-thread-1] INFO server.RaftServerConfigKeys: raft.server.log.segment.cache.size.max = 200MB (=209715200) (default)
om_1          | 2021-05-19 18:52:47,605 [om1@group-C5BA1605619E-FollowerState] INFO impl.RoleInfo: om1: start om1@group-C5BA1605619E-LeaderElection1
datanode_2_1  | 2021-05-19 18:52:35,758 [13f90021-59ef-4f3a-85d8-49f8442d4521@group-8BAB062CA970-SegmentedRaftLogWorker] INFO segmented.SegmentedRaftLogWorker: 13f90021-59ef-4f3a-85d8-49f8442d4521@group-8BAB062CA970-SegmentedRaftLogWorker: created new log segment /data/metadata/ratis/692cc030-228e-42a8-a075-8bab062ca970/current/log_inprogress_0
datanode_3_1  | 2021-05-19 18:52:35,594 [pool-21-thread-1] INFO server.RaftServerConfigKeys: raft.server.log.segment.size.max = 1048576 (custom)
datanode_1_1  | 2021-05-19 18:55:39,374 [pool-29-thread-1] INFO server.RaftServerConfigKeys: raft.server.log.preallocated.size = 16384 (custom)
scm_1         | 2021-05-19 18:52:24,826 [IPC Server handler 5 on default port 9861] INFO net.NetworkTopologyImpl: Added a new node: /rack1/76fabece-e667-410c-95e6-c242c858132d
datanode_5_1  | 2021-05-19 18:52:29,505 [pool-21-thread-1] INFO server.RaftServerConfigKeys: raft.server.log.statemachine.data.sync = true (default)
datanode_4_1  | 2021-05-19 18:52:30,515 [pool-21-thread-1] INFO server.RaftServerConfigKeys: raft.server.log.statemachine.data.caching.enabled = true (custom)
datanode_6_1  | 2021-05-19 18:52:30,184 [pool-21-thread-1] INFO segmented.SegmentedRaftLogWorker: new c80857fa-f6cd-4984-bf13-3b1a6008d80c@group-E4CFFCF63333-SegmentedRaftLogWorker for RaftStorageImpl:Storage Directory /data/metadata/ratis/46060bf8-6638-43f7-9b9e-e4cffcf63333
om_1          | 2021-05-19 18:52:47,610 [om1@group-C5BA1605619E-LeaderElection1] INFO impl.LeaderElection: om1@group-C5BA1605619E-LeaderElection1 ELECTION round 0: submit vote requests at term 1 for -1: [om1|rpc:om:9872|priority:0], old=null
datanode_2_1  | 2021-05-19 18:52:35,810 [Command processor thread] INFO metrics.RatisMetrics: Creating Metrics Registry : ratis.client_message_metrics.client-195083DFFE5D->76fabece-e667-410c-95e6-c242c858132d
datanode_1_1  | 2021-05-19 18:55:39,376 [pool-29-thread-1] INFO server.RaftServerConfigKeys: raft.server.log.force.sync.num = 128 (default)
scm_1         | 2021-05-19 18:52:24,849 [IPC Server handler 5 on default port 9861] INFO node.SCMNodeManager: Registered Data node : 76fabece-e667-410c-95e6-c242c858132d{ip: 10.5.0.6, host: ozone-topology_datanode_3_1.ozone-topology_net, ports: [REPLICATION=9886, RATIS=9858, RATIS_ADMIN=9857, RATIS_SERVER=9856, STANDALONE=9859], networkLocation: /rack1, certSerialId: null, persistedOpState: null, persistedOpStateExpiryEpochSec: 0}
datanode_5_1  | 2021-05-19 18:52:29,505 [pool-21-thread-1] INFO server.RaftServerConfigKeys: raft.server.log.statemachine.data.sync.timeout = 10s (default)
datanode_4_1  | 2021-05-19 18:52:30,522 [pool-21-thread-1] INFO segmented.SegmentedRaftLogWorker: a914a03f-5bcb-4418-aea7-f4025633b827@group-7A06F4F4812A-SegmentedRaftLogWorker: flushIndex: setUnconditionally 0 -> -1
datanode_6_1  | 2021-05-19 18:52:30,184 [pool-21-thread-1] INFO server.RaftServerConfigKeys: raft.server.log.queue.byte-limit = 2147483647 (custom)
om_1          | 2021-05-19 18:52:47,611 [om1@group-C5BA1605619E-LeaderElection1] INFO impl.LeaderElection: om1@group-C5BA1605619E-LeaderElection1 ELECTION round 0: result PASSED (term=1)
datanode_2_1  | 2021-05-19 18:52:36,236 [Command processor thread] INFO commandhandler.CreatePipelineCommandHandler: Created Pipeline RATIS THREE PipelineID=2a101daf-7aa5-4fbe-a347-43750a1e7c0b.
datanode_1_1  | 2021-05-19 18:55:39,377 [pool-29-thread-1] INFO server.RaftServerConfigKeys: raft.server.log.statemachine.data.sync = true (default)
scm_1         | 2021-05-19 18:52:24,842 [EventQueue-NodeRegistrationContainerReportForDataNodeSafeModeRule] INFO safemode.SCMSafeModeManager: DataNodeSafeModeRule rule is successfully validated
datanode_5_1  | 2021-05-19 18:52:29,509 [pool-21-thread-1] INFO server.RaftServerConfigKeys: raft.server.log.statemachine.data.sync.timeout.retry = -1 (default)
datanode_4_1  | 2021-05-19 18:52:30,522 [pool-21-thread-1] INFO segmented.SegmentedRaftLogWorker: a914a03f-5bcb-4418-aea7-f4025633b827@group-7A06F4F4812A-SegmentedRaftLogWorker: safeCacheEvictIndex: setUnconditionally 0 -> -1
datanode_6_1  | 2021-05-19 18:52:30,184 [pool-21-thread-1] INFO server.RaftServerConfigKeys: raft.server.log.queue.element-limit = 1024 (custom)
om_1          | 2021-05-19 18:52:47,612 [om1@group-C5BA1605619E-LeaderElection1] INFO impl.RoleInfo: om1: shutdown om1@group-C5BA1605619E-LeaderElection1
datanode_3_1  | 2021-05-19 18:52:35,617 [pool-21-thread-1] INFO server.RaftServerConfigKeys: raft.server.log.segment.cache.num.max = 2 (custom)
datanode_2_1  | 2021-05-19 18:52:40,280 [13f90021-59ef-4f3a-85d8-49f8442d4521@group-43750A1E7C0B-FollowerState] INFO impl.FollowerState: 13f90021-59ef-4f3a-85d8-49f8442d4521@group-43750A1E7C0B-FollowerState: change to CANDIDATE, lastRpcElapsedTime:5161870819ns, electionTimeout:5155ms
datanode_1_1  | 2021-05-19 18:55:39,377 [pool-29-thread-1] INFO server.RaftServerConfigKeys: raft.server.log.statemachine.data.sync.timeout = 10s (default)
scm_1         | 2021-05-19 18:52:24,852 [EventQueue-NodeRegistrationContainerReportForDataNodeSafeModeRule] INFO safemode.SCMSafeModeManager: DataNodeSafeModeRule rule is successfully validated
datanode_5_1  | 2021-05-19 18:52:29,514 [pool-21-thread-1] INFO server.RaftServerConfigKeys: raft.server.log.write.buffer.size = 1048576 (custom)
datanode_4_1  | 2021-05-19 18:52:30,533 [pool-21-thread-1] INFO server.RaftServerConfigKeys: raft.server.snapshot.auto.trigger.enabled = true (custom)
datanode_6_1  | 2021-05-19 18:52:30,184 [pool-21-thread-1] INFO server.RaftServerConfigKeys: raft.server.log.segment.size.max = 1048576 (custom)
om_1          | 2021-05-19 18:52:47,612 [om1@group-C5BA1605619E-LeaderElection1] INFO server.RaftServer$Division: om1@group-C5BA1605619E: changes role from CANDIDATE to LEADER at term 1 for changeToLeader
datanode_3_1  | 2021-05-19 18:52:35,631 [pool-21-thread-1] INFO server.RaftServerConfigKeys: raft.server.log.segment.cache.size.max = 200MB (=209715200) (default)
datanode_2_1  | 2021-05-19 18:52:40,280 [13f90021-59ef-4f3a-85d8-49f8442d4521@group-43750A1E7C0B-FollowerState] INFO impl.RoleInfo: 13f90021-59ef-4f3a-85d8-49f8442d4521: shutdown 13f90021-59ef-4f3a-85d8-49f8442d4521@group-43750A1E7C0B-FollowerState
datanode_1_1  | 2021-05-19 18:55:39,378 [pool-29-thread-1] INFO server.RaftServerConfigKeys: raft.server.log.statemachine.data.sync.timeout.retry = -1 (default)
scm_1         | 2021-05-19 18:52:24,852 [EventQueue-PipelineReportForOneReplicaPipelineSafeModeRule] INFO safemode.SCMSafeModeManager: AtleastOneDatanodeReportedRule rule is successfully validated
datanode_5_1  | 2021-05-19 18:52:29,519 [pool-21-thread-1] INFO server.RaftServerConfigKeys: raft.server.log.statemachine.data.caching.enabled = true (custom)
datanode_4_1  | 2021-05-19 18:52:30,534 [pool-21-thread-1] INFO server.RaftServerConfigKeys: raft.server.snapshot.auto.trigger.threshold = 10000 (custom)
datanode_6_1  | 2021-05-19 18:52:30,184 [pool-21-thread-1] INFO server.RaftServerConfigKeys: raft.server.log.preallocated.size = 16384 (custom)
om_1          | 2021-05-19 18:52:47,614 [om1@group-C5BA1605619E-LeaderElection1] INFO server.RaftServer$Division: om1@group-C5BA1605619E: change Leader from null to om1 at term 1 for becomeLeader, leader elected after 5735ms
datanode_3_1  | 2021-05-19 18:52:35,638 [pool-21-thread-1] INFO segmented.SegmentedRaftLogWorker: new 76fabece-e667-410c-95e6-c242c858132d@group-43750A1E7C0B-SegmentedRaftLogWorker for RaftStorageImpl:Storage Directory /data/metadata/ratis/2a101daf-7aa5-4fbe-a347-43750a1e7c0b
datanode_2_1  | 2021-05-19 18:52:40,281 [13f90021-59ef-4f3a-85d8-49f8442d4521@group-43750A1E7C0B-FollowerState] INFO server.RaftServer$Division: 13f90021-59ef-4f3a-85d8-49f8442d4521@group-43750A1E7C0B: changes role from  FOLLOWER to CANDIDATE at term 0 for changeToCandidate
datanode_1_1  | 2021-05-19 18:55:39,367 [main] INFO util.log: Logging initialized @21596ms to org.eclipse.jetty.util.log.Slf4jLog
scm_1         | 2021-05-19 18:52:24,852 [EventQueue-PipelineReportForOneReplicaPipelineSafeModeRule] INFO safemode.SCMSafeModeManager: AtleastOneDatanodeReportedRule rule is successfully validated
datanode_5_1  | 2021-05-19 18:52:29,519 [pool-21-thread-1] INFO segmented.SegmentedRaftLogWorker: 0416cce3-ce6b-40c6-9df1-364ba393a164@group-E4CFFCF63333-SegmentedRaftLogWorker: flushIndex: setUnconditionally 0 -> -1
datanode_4_1  | 2021-05-19 18:52:30,534 [pool-21-thread-1] INFO server.RaftServerConfigKeys: raft.server.snapshot.retention.file.num = 5 (custom)
datanode_6_1  | 2021-05-19 18:52:30,184 [pool-21-thread-1] INFO server.RaftServerConfigKeys: raft.server.log.force.sync.num = 128 (default)
om_1          | 2021-05-19 18:52:47,619 [om1@group-C5BA1605619E-LeaderElection1] INFO server.RaftServerConfigKeys: raft.server.staging.catchup.gap = 1000 (default)
datanode_3_1  | 2021-05-19 18:52:35,643 [pool-21-thread-1] INFO server.RaftServerConfigKeys: raft.server.log.queue.byte-limit = 2147483647 (custom)
datanode_2_1  | 2021-05-19 18:52:40,281 [13f90021-59ef-4f3a-85d8-49f8442d4521@group-43750A1E7C0B-FollowerState] INFO server.RaftServerConfigKeys: raft.server.leaderelection.pre-vote = false (custom)
datanode_1_1  | 2021-05-19 18:55:39,437 [pool-29-thread-1] INFO server.RaftServerConfigKeys: raft.server.log.write.buffer.size = 1048576 (custom)
scm_1         | 2021-05-19 18:52:24,842 [EventQueue-NewNodeForNewNodeHandler] INFO pipeline.BackgroundPipelineCreator: trigger a one-shot run on RatisPipelineUtilsThread.
datanode_5_1  | 2021-05-19 18:52:29,519 [pool-21-thread-1] INFO segmented.SegmentedRaftLogWorker: 0416cce3-ce6b-40c6-9df1-364ba393a164@group-E4CFFCF63333-SegmentedRaftLogWorker: safeCacheEvictIndex: setUnconditionally 0 -> -1
datanode_4_1  | 2021-05-19 18:52:30,534 [pool-21-thread-1] INFO server.RaftServerConfigKeys: raft.server.log.purge.upto.snapshot.index = false (default)
datanode_6_1  | 2021-05-19 18:52:30,184 [pool-21-thread-1] INFO server.RaftServerConfigKeys: raft.server.log.statemachine.data.sync = true (default)
om_1          | 2021-05-19 18:52:47,621 [om1@group-C5BA1605619E-LeaderElection1] INFO metrics.RatisMetrics: Creating Metrics Registry : ratis.log_appender.om1@group-C5BA1605619E
datanode_3_1  | 2021-05-19 18:52:35,651 [76fabece-e667-410c-95e6-c242c858132d@group-7A06F4F4812A-LeaderElection1] INFO impl.LeaderElection: 76fabece-e667-410c-95e6-c242c858132d@group-7A06F4F4812A-LeaderElection1: ELECTION PASSED received 1 response(s) and 0 exception(s):
datanode_2_1  | 2021-05-19 18:52:40,281 [13f90021-59ef-4f3a-85d8-49f8442d4521@group-43750A1E7C0B-FollowerState] INFO impl.RoleInfo: 13f90021-59ef-4f3a-85d8-49f8442d4521: start 13f90021-59ef-4f3a-85d8-49f8442d4521@group-43750A1E7C0B-LeaderElection3
datanode_1_1  | 2021-05-19 18:55:39,439 [pool-29-thread-1] INFO server.RaftServerConfigKeys: raft.server.log.statemachine.data.caching.enabled = true (custom)
scm_1         | 2021-05-19 18:52:24,853 [EventQueue-NewNodeForNewNodeHandler] INFO pipeline.BackgroundPipelineCreator: trigger a one-shot run on RatisPipelineUtilsThread.
datanode_5_1  | 2021-05-19 18:52:29,529 [pool-21-thread-1] INFO server.RaftServerConfigKeys: raft.server.snapshot.auto.trigger.enabled = true (custom)
datanode_4_1  | 2021-05-19 18:52:30,535 [pool-21-thread-1] INFO server.RaftServerConfigKeys: raft.server.retrycache.expirytime = 600000ms (custom)
datanode_6_1  | 2021-05-19 18:52:30,184 [pool-21-thread-1] INFO server.RaftServerConfigKeys: raft.server.log.statemachine.data.sync.timeout = 10s (default)
om_1          | 2021-05-19 18:52:47,623 [om1@group-C5BA1605619E-LeaderElection1] INFO server.RaftServerConfigKeys: raft.server.write.element-limit = 4096 (default)
datanode_3_1  | 2021-05-19 18:52:35,665 [76fabece-e667-410c-95e6-c242c858132d@group-7A06F4F4812A-LeaderElection1] INFO impl.LeaderElection:   Response 0: 76fabece-e667-410c-95e6-c242c858132d<-a914a03f-5bcb-4418-aea7-f4025633b827#0:OK-t1
datanode_2_1  | 2021-05-19 18:52:40,298 [13f90021-59ef-4f3a-85d8-49f8442d4521@group-43750A1E7C0B-LeaderElection3] INFO impl.LeaderElection: 13f90021-59ef-4f3a-85d8-49f8442d4521@group-43750A1E7C0B-LeaderElection3 ELECTION round 0: submit vote requests at term 1 for -1: [a914a03f-5bcb-4418-aea7-f4025633b827|rpc:10.5.0.7:9856|admin:10.5.0.7:9857|client:10.5.0.7:9858|priority:1, 76fabece-e667-410c-95e6-c242c858132d|rpc:10.5.0.6:9856|admin:10.5.0.6:9857|client:10.5.0.6:9858|priority:0, 13f90021-59ef-4f3a-85d8-49f8442d4521|rpc:10.5.0.5:9856|admin:10.5.0.5:9857|client:10.5.0.5:9858|priority:0], old=null
datanode_1_1  | 2021-05-19 18:55:39,598 [pool-29-thread-1] INFO server.RaftServer$Division: 4eb79f79-b9ae-4845-bd79-b115e7ab1742@group-452900A021C5: set configuration 0: [4eb79f79-b9ae-4845-bd79-b115e7ab1742|rpc:10.5.0.4:9856|admin:10.5.0.4:9857|client:10.5.0.4:9858|dataStream:|priority:1], old=null
scm_1         | 2021-05-19 18:52:24,865 [EventQueue-NodeRegistrationContainerReportForContainerSafeModeRule] INFO safemode.SCMSafeModeManager: ContainerSafeModeRule rule is successfully validated
datanode_5_1  | 2021-05-19 18:52:29,529 [pool-21-thread-1] INFO server.RaftServerConfigKeys: raft.server.snapshot.auto.trigger.threshold = 10000 (custom)
datanode_4_1  | 2021-05-19 18:52:30,535 [pool-21-thread-1] INFO server.RaftServerConfigKeys: raft.server.retrycache.statistics.expirytime = 100?s (default)
datanode_6_1  | 2021-05-19 18:52:30,184 [pool-21-thread-1] INFO server.RaftServerConfigKeys: raft.server.log.statemachine.data.sync.timeout.retry = -1 (default)
om_1          | 2021-05-19 18:52:47,623 [om1@group-C5BA1605619E-LeaderElection1] INFO server.RaftServerConfigKeys: raft.server.write.byte-limit = 64MB (=67108864) (default)
datanode_3_1  | 2021-05-19 18:52:35,669 [76fabece-e667-410c-95e6-c242c858132d@group-7A06F4F4812A-LeaderElection1] INFO impl.LeaderElection: 76fabece-e667-410c-95e6-c242c858132d@group-7A06F4F4812A-LeaderElection1 ELECTION round 0: result PASSED
datanode_2_1  | 2021-05-19 18:52:40,337 [13f90021-59ef-4f3a-85d8-49f8442d4521@group-43750A1E7C0B-LeaderElection3] INFO impl.LeaderElection: 13f90021-59ef-4f3a-85d8-49f8442d4521@group-43750A1E7C0B-LeaderElection3: ELECTION REJECTED received 1 response(s) and 0 exception(s):
datanode_1_1  | 2021-05-19 18:55:39,607 [pool-29-thread-1] INFO segmented.LogSegment: Successfully read 1 entries from segment file /data/metadata/ratis/ed60b653-d119-468a-9ccc-452900a021c5/current/log_inprogress_0
scm_1         | 2021-05-19 18:52:24,865 [EventQueue-NodeRegistrationContainerReportForContainerSafeModeRule] INFO safemode.SCMSafeModeManager: ContainerSafeModeRule rule is successfully validated
scm_1         | 2021-05-19 18:52:24,866 [RatisPipelineUtilsThread - 0] INFO pipeline.RatisPipelineProvider: Sending CreatePipelineCommand for pipeline:PipelineID=768ec862-a614-4e16-b649-90b82129e9a7 to datanode:a914a03f-5bcb-4418-aea7-f4025633b827
datanode_4_1  | 2021-05-19 18:52:30,535 [pool-21-thread-1] INFO metrics.RatisMetrics: Creating Metrics Registry : ratis.leader_election.a914a03f-5bcb-4418-aea7-f4025633b827@group-7A06F4F4812A
datanode_6_1  | 2021-05-19 18:52:30,199 [pool-21-thread-1] INFO server.RaftServerConfigKeys: raft.server.log.write.buffer.size = 1048576 (custom)
om_1          | 2021-05-19 18:52:47,628 [om1@group-C5BA1605619E-LeaderElection1] INFO server.RaftServerConfigKeys: raft.server.watch.timeout = 10s (default)
datanode_3_1  | 2021-05-19 18:52:35,676 [76fabece-e667-410c-95e6-c242c858132d@group-7A06F4F4812A-LeaderElection1] INFO impl.RoleInfo: 76fabece-e667-410c-95e6-c242c858132d: shutdown 76fabece-e667-410c-95e6-c242c858132d@group-7A06F4F4812A-LeaderElection1
datanode_2_1  | 2021-05-19 18:52:40,337 [13f90021-59ef-4f3a-85d8-49f8442d4521@group-43750A1E7C0B-LeaderElection3] INFO impl.LeaderElection:   Response 0: 13f90021-59ef-4f3a-85d8-49f8442d4521<-a914a03f-5bcb-4418-aea7-f4025633b827#0:FAIL-t1
scm_1         | 2021-05-19 18:52:24,870 [RatisPipelineUtilsThread - 0] INFO pipeline.PipelineStateManager: Created pipeline Pipeline[ Id: 768ec862-a614-4e16-b649-90b82129e9a7, Nodes: a914a03f-5bcb-4418-aea7-f4025633b827{ip: 10.5.0.7, host: ozone-topology_datanode_4_1.ozone-topology_net, ports: [REPLICATION=9886, RATIS=9858, RATIS_ADMIN=9857, RATIS_SERVER=9856, STANDALONE=9859], networkLocation: /rack2, certSerialId: null, persistedOpState: IN_SERVICE, persistedOpStateExpiryEpochSec: 0}, ReplicationConfig: RATIS/ONE, State:ALLOCATED, leaderId:, CreationTimestamp2021-05-19T18:52:24.866Z].
datanode_5_1  | 2021-05-19 18:52:29,530 [pool-21-thread-1] INFO server.RaftServerConfigKeys: raft.server.snapshot.retention.file.num = 5 (custom)
datanode_1_1  | 2021-05-19 18:55:39,628 [pool-29-thread-1] INFO segmented.SegmentedRaftLogWorker: 4eb79f79-b9ae-4845-bd79-b115e7ab1742@group-452900A021C5-SegmentedRaftLogWorker: flushIndex: setUnconditionally 0 -> 0
datanode_4_1  | 2021-05-19 18:52:30,536 [pool-21-thread-1] INFO metrics.RatisMetrics: Creating Metrics Registry : ratis.server.a914a03f-5bcb-4418-aea7-f4025633b827@group-7A06F4F4812A
datanode_6_1  | 2021-05-19 18:52:30,208 [pool-21-thread-1] INFO server.RaftServerConfigKeys: raft.server.log.statemachine.data.caching.enabled = true (custom)
om_1          | 2021-05-19 18:52:47,628 [om1@group-C5BA1605619E-LeaderElection1] INFO server.RaftServerConfigKeys: raft.server.watch.timeout.denomination = 1s (default)
datanode_3_1  | 2021-05-19 18:52:35,677 [76fabece-e667-410c-95e6-c242c858132d@group-7A06F4F4812A-LeaderElection1] INFO server.RaftServer$Division: 76fabece-e667-410c-95e6-c242c858132d@group-7A06F4F4812A: changes role from CANDIDATE to LEADER at term 1 for changeToLeader
datanode_2_1  | 2021-05-19 18:52:40,338 [13f90021-59ef-4f3a-85d8-49f8442d4521@group-43750A1E7C0B-LeaderElection3] INFO impl.LeaderElection: 13f90021-59ef-4f3a-85d8-49f8442d4521@group-43750A1E7C0B-LeaderElection3 ELECTION round 0: result REJECTED
scm_1         | 2021-05-19 18:52:24,870 [RatisPipelineUtilsThread - 0] INFO pipeline.RatisPipelineProvider: Sending CreatePipelineCommand for pipeline:PipelineID=51d4b6f8-f069-43ec-bce7-7a06f4f4812a to datanode:4eb79f79-b9ae-4845-bd79-b115e7ab1742
datanode_5_1  | 2021-05-19 18:52:29,530 [pool-21-thread-1] INFO server.RaftServerConfigKeys: raft.server.log.purge.upto.snapshot.index = false (default)
datanode_1_1  | 2021-05-19 18:55:39,641 [pool-29-thread-1] INFO segmented.SegmentedRaftLogWorker: 4eb79f79-b9ae-4845-bd79-b115e7ab1742@group-452900A021C5-SegmentedRaftLogWorker: safeCacheEvictIndex: setUnconditionally 0 -> -1
datanode_4_1  | 2021-05-19 18:52:30,550 [pool-21-thread-1] INFO server.RaftServer$Division: a914a03f-5bcb-4418-aea7-f4025633b827@group-7A06F4F4812A: start as a follower, conf=-1: [4eb79f79-b9ae-4845-bd79-b115e7ab1742|rpc:10.5.0.4:9856|admin:10.5.0.4:9857|client:10.5.0.4:9858|priority:0, a914a03f-5bcb-4418-aea7-f4025633b827|rpc:10.5.0.7:9856|admin:10.5.0.7:9857|client:10.5.0.7:9858|priority:0, 76fabece-e667-410c-95e6-c242c858132d|rpc:10.5.0.6:9856|admin:10.5.0.6:9857|client:10.5.0.6:9858|priority:1], old=null
datanode_6_1  | 2021-05-19 18:52:30,211 [pool-21-thread-1] INFO segmented.SegmentedRaftLogWorker: c80857fa-f6cd-4984-bf13-3b1a6008d80c@group-E4CFFCF63333-SegmentedRaftLogWorker: flushIndex: setUnconditionally 0 -> -1
om_1          | 2021-05-19 18:52:47,629 [om1@group-C5BA1605619E-LeaderElection1] INFO server.RaftServerConfigKeys: raft.server.watch.element-limit = 65536 (default)
datanode_3_1  | 2021-05-19 18:52:35,682 [76fabece-e667-410c-95e6-c242c858132d@group-7A06F4F4812A-LeaderElection1] INFO ratis.XceiverServerRatis: Leader change notification received for group: group-7A06F4F4812A with new leaderId: 76fabece-e667-410c-95e6-c242c858132d
datanode_2_1  | 2021-05-19 18:52:40,338 [13f90021-59ef-4f3a-85d8-49f8442d4521@group-43750A1E7C0B-LeaderElection3] INFO server.RaftServer$Division: 13f90021-59ef-4f3a-85d8-49f8442d4521@group-43750A1E7C0B: changes role from CANDIDATE to FOLLOWER at term 1 for REJECTED
scm_1         | 2021-05-19 18:52:24,871 [RatisPipelineUtilsThread - 0] INFO pipeline.RatisPipelineProvider: Sending CreatePipelineCommand for pipeline:PipelineID=51d4b6f8-f069-43ec-bce7-7a06f4f4812a to datanode:a914a03f-5bcb-4418-aea7-f4025633b827
datanode_5_1  | 2021-05-19 18:52:29,530 [pool-21-thread-1] INFO server.RaftServerConfigKeys: raft.server.retrycache.expirytime = 600000ms (custom)
datanode_1_1  | 2021-05-19 18:55:40,172 [main] INFO server.AuthenticationFilter: Unable to initialize FileSignerSecretProvider, falling back to use random secrets.
datanode_4_1  | 2021-05-19 18:52:30,553 [pool-21-thread-1] INFO server.RaftServer$Division: a914a03f-5bcb-4418-aea7-f4025633b827@group-7A06F4F4812A: changes role from      null to FOLLOWER at term 0 for startAsFollower
datanode_6_1  | 2021-05-19 18:52:30,213 [pool-21-thread-1] INFO segmented.SegmentedRaftLogWorker: c80857fa-f6cd-4984-bf13-3b1a6008d80c@group-E4CFFCF63333-SegmentedRaftLogWorker: safeCacheEvictIndex: setUnconditionally 0 -> -1
om_1          | 2021-05-19 18:52:47,634 [om1@group-C5BA1605619E-LeaderElection1] INFO impl.RoleInfo: om1: start om1@group-C5BA1605619E-LeaderStateImpl
datanode_3_1  | 2021-05-19 18:52:35,682 [76fabece-e667-410c-95e6-c242c858132d@group-7A06F4F4812A-LeaderElection1] INFO server.RaftServer$Division: 76fabece-e667-410c-95e6-c242c858132d@group-7A06F4F4812A: change Leader from null to 76fabece-e667-410c-95e6-c242c858132d at term 1 for becomeLeader, leader elected after 7243ms
datanode_2_1  | 2021-05-19 18:52:40,339 [13f90021-59ef-4f3a-85d8-49f8442d4521@group-43750A1E7C0B-LeaderElection3] INFO impl.RoleInfo: 13f90021-59ef-4f3a-85d8-49f8442d4521: shutdown 13f90021-59ef-4f3a-85d8-49f8442d4521@group-43750A1E7C0B-LeaderElection3
scm_1         | 2021-05-19 18:52:24,871 [RatisPipelineUtilsThread - 0] INFO pipeline.RatisPipelineProvider: Sending CreatePipelineCommand for pipeline:PipelineID=51d4b6f8-f069-43ec-bce7-7a06f4f4812a to datanode:76fabece-e667-410c-95e6-c242c858132d
datanode_5_1  | 2021-05-19 18:52:29,530 [pool-21-thread-1] INFO server.RaftServerConfigKeys: raft.server.retrycache.statistics.expirytime = 100?s (default)
datanode_1_1  | 2021-05-19 18:55:40,192 [main] INFO http.HttpRequestLog: Http request log for http.requests.hddsDatanode is not defined
datanode_4_1  | 2021-05-19 18:52:30,554 [pool-21-thread-1] INFO impl.RoleInfo: a914a03f-5bcb-4418-aea7-f4025633b827: start a914a03f-5bcb-4418-aea7-f4025633b827@group-7A06F4F4812A-FollowerState
datanode_6_1  | 2021-05-19 18:52:30,229 [pool-21-thread-1] INFO server.RaftServerConfigKeys: raft.server.snapshot.auto.trigger.enabled = true (custom)
om_1          | 2021-05-19 18:52:47,667 [om1@group-C5BA1605619E-LeaderElection1] INFO segmented.SegmentedRaftLogWorker: om1@group-C5BA1605619E-SegmentedRaftLogWorker: Starting segment from index:0
datanode_3_1  | 2021-05-19 18:52:35,651 [pool-21-thread-1] INFO server.RaftServerConfigKeys: raft.server.log.queue.element-limit = 1024 (custom)
datanode_2_1  | 2021-05-19 18:52:40,339 [13f90021-59ef-4f3a-85d8-49f8442d4521@group-43750A1E7C0B-LeaderElection3] INFO impl.RoleInfo: 13f90021-59ef-4f3a-85d8-49f8442d4521: start 13f90021-59ef-4f3a-85d8-49f8442d4521@group-43750A1E7C0B-FollowerState
datanode_5_1  | 2021-05-19 18:52:29,530 [pool-21-thread-1] INFO metrics.RatisMetrics: Creating Metrics Registry : ratis.leader_election.0416cce3-ce6b-40c6-9df1-364ba393a164@group-E4CFFCF63333
scm_1         | 2021-05-19 18:52:24,872 [RatisPipelineUtilsThread - 0] INFO pipeline.PipelineStateManager: Created pipeline Pipeline[ Id: 51d4b6f8-f069-43ec-bce7-7a06f4f4812a, Nodes: 4eb79f79-b9ae-4845-bd79-b115e7ab1742{ip: 10.5.0.4, host: ozone-topology_datanode_1_1.ozone-topology_net, ports: [REPLICATION=9886, RATIS=9858, RATIS_ADMIN=9857, RATIS_SERVER=9856, STANDALONE=9859], networkLocation: /rack1, certSerialId: null, persistedOpState: IN_SERVICE, persistedOpStateExpiryEpochSec: 0}a914a03f-5bcb-4418-aea7-f4025633b827{ip: 10.5.0.7, host: ozone-topology_datanode_4_1.ozone-topology_net, ports: [REPLICATION=9886, RATIS=9858, RATIS_ADMIN=9857, RATIS_SERVER=9856, STANDALONE=9859], networkLocation: /rack2, certSerialId: null, persistedOpState: IN_SERVICE, persistedOpStateExpiryEpochSec: 0}76fabece-e667-410c-95e6-c242c858132d{ip: 10.5.0.6, host: ozone-topology_datanode_3_1.ozone-topology_net, ports: [REPLICATION=9886, RATIS=9858, RATIS_ADMIN=9857, RATIS_SERVER=9856, STANDALONE=9859], networkLocation: /rack1, certSerialId: null, persistedOpState: IN_SERVICE, persistedOpStateExpiryEpochSec: 0}, ReplicationConfig: RATIS/THREE, State:ALLOCATED, leaderId:, CreationTimestamp2021-05-19T18:52:24.870Z].
datanode_1_1  | 2021-05-19 18:55:40,268 [main] INFO http.HttpServer2: Added global filter 'safety' (class=org.apache.hadoop.hdds.server.http.HttpServer2$QuotingInputFilter)
datanode_4_1  | 2021-05-19 18:52:30,572 [pool-21-thread-1] INFO util.JmxRegister: Successfully registered JMX Bean with object name Ratis:service=RaftServer,group=group-7A06F4F4812A,id=a914a03f-5bcb-4418-aea7-f4025633b827
datanode_6_1  | 2021-05-19 18:52:30,230 [pool-21-thread-1] INFO server.RaftServerConfigKeys: raft.server.snapshot.auto.trigger.threshold = 10000 (custom)
om_1          | 2021-05-19 18:52:47,715 [om1@group-C5BA1605619E-LeaderElection1] INFO server.RaftServer$Division: om1@group-C5BA1605619E: set configuration 0: [om1|rpc:om:9872|admin:|client:|dataStream:|priority:0], old=null
datanode_3_1  | 2021-05-19 18:52:35,712 [pool-21-thread-1] INFO server.RaftServerConfigKeys: raft.server.log.segment.size.max = 1048576 (custom)
datanode_2_1  | 2021-05-19 18:52:45,446 [13f90021-59ef-4f3a-85d8-49f8442d4521@group-43750A1E7C0B-FollowerState] INFO impl.FollowerState: 13f90021-59ef-4f3a-85d8-49f8442d4521@group-43750A1E7C0B-FollowerState: change to CANDIDATE, lastRpcElapsedTime:5106955539ns, electionTimeout:5100ms
datanode_5_1  | 2021-05-19 18:52:29,531 [pool-21-thread-1] INFO metrics.RatisMetrics: Creating Metrics Registry : ratis.server.0416cce3-ce6b-40c6-9df1-364ba393a164@group-E4CFFCF63333
scm_1         | 2021-05-19 18:52:24,874 [RatisPipelineUtilsThread - 0] INFO pipeline.RatisPipelineProvider: Sending CreatePipelineCommand for pipeline:PipelineID=ecc9ab16-210d-4917-a84d-edeefeef896b to datanode:76fabece-e667-410c-95e6-c242c858132d
datanode_1_1  | 2021-05-19 18:55:40,274 [main] INFO http.HttpServer2: Added filter static_user_filter (class=org.apache.hadoop.http.lib.StaticUserWebFilter$StaticUserFilter) to context hddsDatanode
datanode_4_1  | 2021-05-19 18:52:30,573 [pool-21-thread-1] INFO metrics.RatisMetrics: Creating Metrics Registry : ratis.state_machine.a914a03f-5bcb-4418-aea7-f4025633b827@group-7A06F4F4812A
datanode_6_1  | 2021-05-19 18:52:30,230 [pool-21-thread-1] INFO server.RaftServerConfigKeys: raft.server.snapshot.retention.file.num = 5 (custom)
om_1          | 2021-05-19 18:52:47,749 [om1@group-C5BA1605619E-SegmentedRaftLogWorker] INFO segmented.SegmentedRaftLogWorker: om1@group-C5BA1605619E-SegmentedRaftLogWorker: created new log segment /data/metadata/ratis/bf265839-605b-3f16-9796-c5ba1605619e/current/log_inprogress_0
datanode_3_1  | 2021-05-19 18:52:35,712 [pool-21-thread-1] INFO server.RaftServerConfigKeys: raft.server.log.preallocated.size = 16384 (custom)
datanode_2_1  | 2021-05-19 18:52:45,447 [13f90021-59ef-4f3a-85d8-49f8442d4521@group-43750A1E7C0B-FollowerState] INFO impl.RoleInfo: 13f90021-59ef-4f3a-85d8-49f8442d4521: shutdown 13f90021-59ef-4f3a-85d8-49f8442d4521@group-43750A1E7C0B-FollowerState
datanode_5_1  | 2021-05-19 18:52:29,532 [pool-21-thread-1] INFO server.RaftServer$Division: 0416cce3-ce6b-40c6-9df1-364ba393a164@group-E4CFFCF63333: start as a follower, conf=-1: [4eb79f79-b9ae-4845-bd79-b115e7ab1742|rpc:10.5.0.4:9856|admin:10.5.0.4:9857|client:10.5.0.4:9858|priority:1, 0416cce3-ce6b-40c6-9df1-364ba393a164|rpc:10.5.0.8:9856|admin:10.5.0.8:9857|client:10.5.0.8:9858|priority:0, c80857fa-f6cd-4984-bf13-3b1a6008d80c|rpc:10.5.0.9:9856|admin:10.5.0.9:9857|client:10.5.0.9:9858|priority:0], old=null
scm_1         | 2021-05-19 18:52:24,876 [RatisPipelineUtilsThread - 0] INFO pipeline.PipelineStateManager: Created pipeline Pipeline[ Id: ecc9ab16-210d-4917-a84d-edeefeef896b, Nodes: 76fabece-e667-410c-95e6-c242c858132d{ip: 10.5.0.6, host: ozone-topology_datanode_3_1.ozone-topology_net, ports: [REPLICATION=9886, RATIS=9858, RATIS_ADMIN=9857, RATIS_SERVER=9856, STANDALONE=9859], networkLocation: /rack1, certSerialId: null, persistedOpState: IN_SERVICE, persistedOpStateExpiryEpochSec: 0}, ReplicationConfig: RATIS/ONE, State:ALLOCATED, leaderId:, CreationTimestamp2021-05-19T18:52:24.874Z].
datanode_1_1  | 2021-05-19 18:55:40,289 [main] INFO http.HttpServer2: Added filter static_user_filter (class=org.apache.hadoop.http.lib.StaticUserWebFilter$StaticUserFilter) to context static
datanode_4_1  | 2021-05-19 18:52:30,574 [Command processor thread] INFO ratis.XceiverServerRatis: Created group PipelineID=51d4b6f8-f069-43ec-bce7-7a06f4f4812a
datanode_6_1  | 2021-05-19 18:52:30,230 [pool-21-thread-1] INFO server.RaftServerConfigKeys: raft.server.log.purge.upto.snapshot.index = false (default)
om_1          | 2021-05-19 18:52:50,152 [OM StateMachine ApplyTransaction Thread - 0] INFO volume.OMVolumeCreateRequest: created volume:vol-0-55219 for user:hadoop
datanode_3_1  | 2021-05-19 18:52:35,712 [pool-21-thread-1] INFO server.RaftServerConfigKeys: raft.server.log.force.sync.num = 128 (default)
datanode_2_1  | 2021-05-19 18:52:45,448 [13f90021-59ef-4f3a-85d8-49f8442d4521@group-43750A1E7C0B-FollowerState] INFO server.RaftServer$Division: 13f90021-59ef-4f3a-85d8-49f8442d4521@group-43750A1E7C0B: changes role from  FOLLOWER to CANDIDATE at term 1 for changeToCandidate
datanode_5_1  | 2021-05-19 18:52:29,536 [pool-21-thread-1] INFO server.RaftServer$Division: 0416cce3-ce6b-40c6-9df1-364ba393a164@group-E4CFFCF63333: changes role from      null to FOLLOWER at term 0 for startAsFollower
scm_1         | 2021-05-19 18:52:24,894 [RatisPipelineUtilsThread - 0] INFO pipeline.RatisPipelineProvider: Sending CreatePipelineCommand for pipeline:PipelineID=2a101daf-7aa5-4fbe-a347-43750a1e7c0b to datanode:13f90021-59ef-4f3a-85d8-49f8442d4521
datanode_1_1  | 2021-05-19 18:55:40,289 [main] INFO http.HttpServer2: Added filter static_user_filter (class=org.apache.hadoop.http.lib.StaticUserWebFilter$StaticUserFilter) to context logs
datanode_4_1  | 2021-05-19 18:52:30,882 [Command processor thread] INFO metrics.RatisMetrics: Creating Metrics Registry : ratis.client_message_metrics.client-F491407B7268->4eb79f79-b9ae-4845-bd79-b115e7ab1742
datanode_6_1  | 2021-05-19 18:52:30,230 [pool-21-thread-1] INFO server.RaftServerConfigKeys: raft.server.retrycache.expirytime = 600000ms (custom)
om_1          | 2021-05-19 18:52:50,195 [OM StateMachine ApplyTransaction Thread - 0] INFO volume.OMVolumeCreateRequest: created volume:vol-1-22161 for user:hadoop
datanode_3_1  | 2021-05-19 18:52:35,712 [pool-21-thread-1] INFO server.RaftServerConfigKeys: raft.server.log.statemachine.data.sync = true (default)
datanode_2_1  | 2021-05-19 18:52:45,448 [13f90021-59ef-4f3a-85d8-49f8442d4521@group-43750A1E7C0B-FollowerState] INFO server.RaftServerConfigKeys: raft.server.leaderelection.pre-vote = false (custom)
datanode_5_1  | 2021-05-19 18:52:29,536 [pool-21-thread-1] INFO impl.RoleInfo: 0416cce3-ce6b-40c6-9df1-364ba393a164: start 0416cce3-ce6b-40c6-9df1-364ba393a164@group-E4CFFCF63333-FollowerState
scm_1         | 2021-05-19 18:52:24,894 [RatisPipelineUtilsThread - 0] INFO pipeline.RatisPipelineProvider: Sending CreatePipelineCommand for pipeline:PipelineID=2a101daf-7aa5-4fbe-a347-43750a1e7c0b to datanode:a914a03f-5bcb-4418-aea7-f4025633b827
datanode_1_1  | 2021-05-19 18:55:40,621 [pool-29-thread-1] INFO server.RaftServerConfigKeys: raft.server.snapshot.auto.trigger.enabled = true (custom)
datanode_4_1  | 2021-05-19 18:52:34,551 [Command processor thread] INFO metrics.RatisMetrics: Creating Metrics Registry : ratis.client_message_metrics.client-028BA6AB8E81->76fabece-e667-410c-95e6-c242c858132d
datanode_6_1  | 2021-05-19 18:52:30,230 [pool-21-thread-1] INFO server.RaftServerConfigKeys: raft.server.retrycache.statistics.expirytime = 100?s (default)
om_1          | 2021-05-19 18:52:50,206 [OM StateMachine ApplyTransaction Thread - 0] INFO volume.OMVolumeCreateRequest: created volume:vol-2-15251 for user:hadoop
datanode_3_1  | 2021-05-19 18:52:35,712 [pool-21-thread-1] INFO server.RaftServerConfigKeys: raft.server.log.statemachine.data.sync.timeout = 10s (default)
datanode_2_1  | 2021-05-19 18:52:45,448 [13f90021-59ef-4f3a-85d8-49f8442d4521@group-43750A1E7C0B-FollowerState] INFO impl.RoleInfo: 13f90021-59ef-4f3a-85d8-49f8442d4521: start 13f90021-59ef-4f3a-85d8-49f8442d4521@group-43750A1E7C0B-LeaderElection4
datanode_5_1  | 2021-05-19 18:52:29,553 [pool-21-thread-1] INFO util.JmxRegister: Successfully registered JMX Bean with object name Ratis:service=RaftServer,group=group-E4CFFCF63333,id=0416cce3-ce6b-40c6-9df1-364ba393a164
scm_1         | 2021-05-19 18:52:24,894 [RatisPipelineUtilsThread - 0] INFO pipeline.RatisPipelineProvider: Sending CreatePipelineCommand for pipeline:PipelineID=2a101daf-7aa5-4fbe-a347-43750a1e7c0b to datanode:76fabece-e667-410c-95e6-c242c858132d
datanode_1_1  | 2021-05-19 18:55:40,622 [pool-29-thread-1] INFO server.RaftServerConfigKeys: raft.server.snapshot.auto.trigger.threshold = 10000 (custom)
datanode_4_1  | 2021-05-19 18:52:34,844 [grpc-default-executor-0] INFO metrics.RatisMetrics: Creating Metrics Registry : ratis.server_message_metrics.a914a03f-5bcb-4418-aea7-f4025633b827
datanode_6_1  | 2021-05-19 18:52:30,230 [pool-21-thread-1] INFO metrics.RatisMetrics: Creating Metrics Registry : ratis.leader_election.c80857fa-f6cd-4984-bf13-3b1a6008d80c@group-E4CFFCF63333
om_1          | 2021-05-19 18:52:50,216 [OM StateMachine ApplyTransaction Thread - 0] INFO volume.OMVolumeCreateRequest: created volume:vol-3-88655 for user:hadoop
datanode_3_1  | 2021-05-19 18:52:35,716 [pool-21-thread-1] INFO server.RaftServerConfigKeys: raft.server.log.statemachine.data.sync.timeout.retry = -1 (default)
datanode_2_1  | 2021-05-19 18:52:45,454 [13f90021-59ef-4f3a-85d8-49f8442d4521@group-43750A1E7C0B-LeaderElection4] INFO impl.LeaderElection: 13f90021-59ef-4f3a-85d8-49f8442d4521@group-43750A1E7C0B-LeaderElection4 ELECTION round 0: submit vote requests at term 2 for -1: [a914a03f-5bcb-4418-aea7-f4025633b827|rpc:10.5.0.7:9856|admin:10.5.0.7:9857|client:10.5.0.7:9858|priority:1, 76fabece-e667-410c-95e6-c242c858132d|rpc:10.5.0.6:9856|admin:10.5.0.6:9857|client:10.5.0.6:9858|priority:0, 13f90021-59ef-4f3a-85d8-49f8442d4521|rpc:10.5.0.5:9856|admin:10.5.0.5:9857|client:10.5.0.5:9858|priority:0], old=null
datanode_5_1  | 2021-05-19 18:52:29,554 [pool-21-thread-1] INFO metrics.RatisMetrics: Creating Metrics Registry : ratis.state_machine.0416cce3-ce6b-40c6-9df1-364ba393a164@group-E4CFFCF63333
scm_1         | 2021-05-19 18:52:24,895 [RatisPipelineUtilsThread - 0] INFO pipeline.PipelineStateManager: Created pipeline Pipeline[ Id: 2a101daf-7aa5-4fbe-a347-43750a1e7c0b, Nodes: 13f90021-59ef-4f3a-85d8-49f8442d4521{ip: 10.5.0.5, host: ozone-topology_datanode_2_1.ozone-topology_net, ports: [REPLICATION=9886, RATIS=9858, RATIS_ADMIN=9857, RATIS_SERVER=9856, STANDALONE=9859], networkLocation: /rack1, certSerialId: null, persistedOpState: IN_SERVICE, persistedOpStateExpiryEpochSec: 0}a914a03f-5bcb-4418-aea7-f4025633b827{ip: 10.5.0.7, host: ozone-topology_datanode_4_1.ozone-topology_net, ports: [REPLICATION=9886, RATIS=9858, RATIS_ADMIN=9857, RATIS_SERVER=9856, STANDALONE=9859], networkLocation: /rack2, certSerialId: null, persistedOpState: IN_SERVICE, persistedOpStateExpiryEpochSec: 0}76fabece-e667-410c-95e6-c242c858132d{ip: 10.5.0.6, host: ozone-topology_datanode_3_1.ozone-topology_net, ports: [REPLICATION=9886, RATIS=9858, RATIS_ADMIN=9857, RATIS_SERVER=9856, STANDALONE=9859], networkLocation: /rack1, certSerialId: null, persistedOpState: IN_SERVICE, persistedOpStateExpiryEpochSec: 0}, ReplicationConfig: RATIS/THREE, State:ALLOCATED, leaderId:, CreationTimestamp2021-05-19T18:52:24.894Z].
datanode_1_1  | 2021-05-19 18:55:40,623 [pool-29-thread-1] INFO server.RaftServerConfigKeys: raft.server.snapshot.retention.file.num = 5 (custom)
datanode_4_1  | 2021-05-19 18:52:35,098 [Command processor thread] INFO commandhandler.CreatePipelineCommandHandler: Created Pipeline RATIS THREE PipelineID=51d4b6f8-f069-43ec-bce7-7a06f4f4812a.
datanode_6_1  | 2021-05-19 18:52:30,234 [pool-21-thread-1] INFO metrics.RatisMetrics: Creating Metrics Registry : ratis.server.c80857fa-f6cd-4984-bf13-3b1a6008d80c@group-E4CFFCF63333
om_1          | 2021-05-19 18:52:50,226 [OM StateMachine ApplyTransaction Thread - 0] INFO volume.OMVolumeCreateRequest: created volume:vol-4-60366 for user:hadoop
datanode_3_1  | 2021-05-19 18:52:35,720 [pool-21-thread-1] INFO server.RaftServerConfigKeys: raft.server.log.write.buffer.size = 1048576 (custom)
datanode_2_1  | 2021-05-19 18:52:45,496 [13f90021-59ef-4f3a-85d8-49f8442d4521@group-43750A1E7C0B-LeaderElection4] INFO impl.LeaderElection: 13f90021-59ef-4f3a-85d8-49f8442d4521@group-43750A1E7C0B-LeaderElection4: ELECTION REJECTED received 2 response(s) and 0 exception(s):
datanode_2_1  | 2021-05-19 18:52:45,497 [13f90021-59ef-4f3a-85d8-49f8442d4521@group-43750A1E7C0B-LeaderElection4] INFO impl.LeaderElection:   Response 0: 13f90021-59ef-4f3a-85d8-49f8442d4521<-a914a03f-5bcb-4418-aea7-f4025633b827#0:FAIL-t2
scm_1         | 2021-05-19 18:52:26,928 [EventQueue-PipelineReportForOneReplicaPipelineSafeModeRule] INFO safemode.SCMSafeModeManager: AtleastOneDatanodeReportedRule rule is successfully validated
datanode_1_1  | 2021-05-19 18:55:40,625 [pool-29-thread-1] INFO server.RaftServerConfigKeys: raft.server.log.purge.upto.snapshot.index = false (default)
datanode_4_1  | 2021-05-19 18:52:35,098 [Command processor thread] INFO server.RaftServer: a914a03f-5bcb-4418-aea7-f4025633b827: addNew group-43750A1E7C0B:[a914a03f-5bcb-4418-aea7-f4025633b827|rpc:10.5.0.7:9856|admin:10.5.0.7:9857|client:10.5.0.7:9858|priority:1, 76fabece-e667-410c-95e6-c242c858132d|rpc:10.5.0.6:9856|admin:10.5.0.6:9857|client:10.5.0.6:9858|priority:0, 13f90021-59ef-4f3a-85d8-49f8442d4521|rpc:10.5.0.5:9856|admin:10.5.0.5:9857|client:10.5.0.5:9858|priority:0] returns group-43750A1E7C0B:java.util.concurrent.CompletableFuture@6f053e09[Not completed]
datanode_6_1  | 2021-05-19 18:52:30,242 [pool-21-thread-1] INFO server.RaftServer$Division: c80857fa-f6cd-4984-bf13-3b1a6008d80c@group-E4CFFCF63333: start as a follower, conf=-1: [4eb79f79-b9ae-4845-bd79-b115e7ab1742|rpc:10.5.0.4:9856|admin:10.5.0.4:9857|client:10.5.0.4:9858|priority:1, 0416cce3-ce6b-40c6-9df1-364ba393a164|rpc:10.5.0.8:9856|admin:10.5.0.8:9857|client:10.5.0.8:9858|priority:0, c80857fa-f6cd-4984-bf13-3b1a6008d80c|rpc:10.5.0.9:9856|admin:10.5.0.9:9857|client:10.5.0.9:9858|priority:0], old=null
om_1          | 2021-05-19 18:54:05,095 [OM StateMachine ApplyTransaction Thread - 0] INFO volume.OMVolumeCreateRequest: created volume:topvol1 for user:hadoop
datanode_3_1  | 2021-05-19 18:52:35,734 [pool-21-thread-1] INFO server.RaftServerConfigKeys: raft.server.log.statemachine.data.caching.enabled = true (custom)
datanode_2_1  | 2021-05-19 18:52:45,497 [13f90021-59ef-4f3a-85d8-49f8442d4521@group-43750A1E7C0B-LeaderElection4] INFO impl.LeaderElection:   Response 1: 13f90021-59ef-4f3a-85d8-49f8442d4521<-76fabece-e667-410c-95e6-c242c858132d#0:OK-t2
datanode_5_1  | 2021-05-19 18:52:29,557 [Command processor thread] INFO ratis.XceiverServerRatis: Created group PipelineID=46060bf8-6638-43f7-9b9e-e4cffcf63333
scm_1         | 2021-05-19 18:52:26,932 [EventQueue-PipelineReportForPipelineReportHandler] INFO pipeline.PipelineManagerV2Impl: Pipeline Pipeline[ Id: ed60b653-d119-468a-9ccc-452900a021c5, Nodes: 4eb79f79-b9ae-4845-bd79-b115e7ab1742{ip: 10.5.0.4, host: ozone-topology_datanode_1_1.ozone-topology_net, ports: [REPLICATION=9886, RATIS=9858, RATIS_ADMIN=9857, RATIS_SERVER=9856, STANDALONE=9859], networkLocation: /rack1, certSerialId: null, persistedOpState: IN_SERVICE, persistedOpStateExpiryEpochSec: 0}, ReplicationConfig: RATIS/ONE, State:ALLOCATED, leaderId:4eb79f79-b9ae-4845-bd79-b115e7ab1742, CreationTimestamp2021-05-19T18:52:24.154Z] moved to OPEN state
datanode_1_1  | 2021-05-19 18:55:40,627 [pool-29-thread-1] INFO server.RaftServerConfigKeys: raft.server.retrycache.expirytime = 600000ms (custom)
datanode_4_1  | 2021-05-19 18:52:35,102 [pool-21-thread-1] INFO server.RaftServer$Division: a914a03f-5bcb-4418-aea7-f4025633b827: new RaftServerImpl for group-43750A1E7C0B:[a914a03f-5bcb-4418-aea7-f4025633b827|rpc:10.5.0.7:9856|admin:10.5.0.7:9857|client:10.5.0.7:9858|priority:1, 76fabece-e667-410c-95e6-c242c858132d|rpc:10.5.0.6:9856|admin:10.5.0.6:9857|client:10.5.0.6:9858|priority:0, 13f90021-59ef-4f3a-85d8-49f8442d4521|rpc:10.5.0.5:9856|admin:10.5.0.5:9857|client:10.5.0.5:9858|priority:0] with ContainerStateMachine:uninitialized
datanode_6_1  | 2021-05-19 18:52:30,247 [pool-21-thread-1] INFO server.RaftServer$Division: c80857fa-f6cd-4984-bf13-3b1a6008d80c@group-E4CFFCF63333: changes role from      null to FOLLOWER at term 0 for startAsFollower
datanode_3_1  | 2021-05-19 18:52:35,740 [76fabece-e667-410c-95e6-c242c858132d@group-7A06F4F4812A-LeaderElection1] INFO server.RaftServerConfigKeys: raft.server.staging.catchup.gap = 1000 (default)
datanode_3_1  | 2021-05-19 18:52:35,765 [pool-21-thread-1] INFO segmented.SegmentedRaftLogWorker: 76fabece-e667-410c-95e6-c242c858132d@group-43750A1E7C0B-SegmentedRaftLogWorker: flushIndex: setUnconditionally 0 -> -1
datanode_5_1  | 2021-05-19 18:52:29,818 [Command processor thread] INFO metrics.RatisMetrics: Creating Metrics Registry : ratis.client_message_metrics.client-F4B118ACD97F->c80857fa-f6cd-4984-bf13-3b1a6008d80c
datanode_5_1  | 2021-05-19 18:52:33,326 [Command processor thread] INFO metrics.RatisMetrics: Creating Metrics Registry : ratis.client_message_metrics.client-63FEA0B1006B->4eb79f79-b9ae-4845-bd79-b115e7ab1742
scm_1         | 2021-05-19 18:52:26,980 [EventQueue-OpenPipelineForHealthyPipelineSafeModeRule] INFO safemode.SCMSafeModeManager: SCM in safe mode. Healthy pipelines reported count is 0, required healthy pipeline reported count is 1
datanode_4_1  | 2021-05-19 18:52:35,102 [pool-21-thread-1] INFO server.RaftServerConfigKeys: raft.server.rpc.timeout.min = 5s (custom)
datanode_6_1  | 2021-05-19 18:52:30,247 [pool-21-thread-1] INFO impl.RoleInfo: c80857fa-f6cd-4984-bf13-3b1a6008d80c: start c80857fa-f6cd-4984-bf13-3b1a6008d80c@group-E4CFFCF63333-FollowerState
datanode_2_1  | 2021-05-19 18:52:45,497 [13f90021-59ef-4f3a-85d8-49f8442d4521@group-43750A1E7C0B-LeaderElection4] INFO impl.LeaderElection: 13f90021-59ef-4f3a-85d8-49f8442d4521@group-43750A1E7C0B-LeaderElection4 ELECTION round 0: result REJECTED
datanode_3_1  | 2021-05-19 18:52:35,768 [pool-21-thread-1] INFO segmented.SegmentedRaftLogWorker: 76fabece-e667-410c-95e6-c242c858132d@group-43750A1E7C0B-SegmentedRaftLogWorker: safeCacheEvictIndex: setUnconditionally 0 -> -1
datanode_5_1  | 2021-05-19 18:52:33,853 [Command processor thread] INFO commandhandler.CreatePipelineCommandHandler: Created Pipeline RATIS THREE PipelineID=46060bf8-6638-43f7-9b9e-e4cffcf63333.
datanode_1_1  | 2021-05-19 18:55:40,627 [pool-29-thread-1] INFO server.RaftServerConfigKeys: raft.server.retrycache.statistics.expirytime = 100?s (default)
scm_1         | 2021-05-19 18:52:27,068 [EventQueue-PipelineReportForOneReplicaPipelineSafeModeRule] INFO safemode.SCMSafeModeManager: AtleastOneDatanodeReportedRule rule is successfully validated
datanode_4_1  | 2021-05-19 18:52:35,103 [pool-21-thread-1] INFO server.RaftServerConfigKeys: raft.server.rpc.timeout.max = 5200ms (custom)
datanode_6_1  | 2021-05-19 18:52:30,248 [pool-21-thread-1] INFO util.JmxRegister: Successfully registered JMX Bean with object name Ratis:service=RaftServer,group=group-E4CFFCF63333,id=c80857fa-f6cd-4984-bf13-3b1a6008d80c
datanode_2_1  | 2021-05-19 18:52:45,497 [13f90021-59ef-4f3a-85d8-49f8442d4521@group-43750A1E7C0B-LeaderElection4] INFO server.RaftServer$Division: 13f90021-59ef-4f3a-85d8-49f8442d4521@group-43750A1E7C0B: changes role from CANDIDATE to FOLLOWER at term 2 for REJECTED
datanode_3_1  | 2021-05-19 18:52:35,768 [pool-21-thread-1] INFO server.RaftServerConfigKeys: raft.server.snapshot.auto.trigger.enabled = true (custom)
datanode_5_1  | 2021-05-19 18:52:33,855 [Command processor thread] INFO server.RaftServer: 0416cce3-ce6b-40c6-9df1-364ba393a164: addNew group-0A7F35D67C12:[0416cce3-ce6b-40c6-9df1-364ba393a164|rpc:10.5.0.8:9856|admin:10.5.0.8:9857|client:10.5.0.8:9858|priority:0, c80857fa-f6cd-4984-bf13-3b1a6008d80c|rpc:10.5.0.9:9856|admin:10.5.0.9:9857|client:10.5.0.9:9858|priority:0, 13f90021-59ef-4f3a-85d8-49f8442d4521|rpc:10.5.0.5:9856|admin:10.5.0.5:9857|client:10.5.0.5:9858|priority:1] returns group-0A7F35D67C12:java.util.concurrent.CompletableFuture@78e7bbff[Not completed]
datanode_1_1  | 2021-05-19 18:55:40,707 [pool-29-thread-1] INFO metrics.RatisMetrics: Creating Metrics Registry : ratis.leader_election.4eb79f79-b9ae-4845-bd79-b115e7ab1742@group-452900A021C5
datanode_1_1  | 2021-05-19 18:55:40,716 [pool-29-thread-1] INFO metrics.RatisMetrics: Creating Metrics Registry : ratis.server.4eb79f79-b9ae-4845-bd79-b115e7ab1742@group-452900A021C5
datanode_4_1  | 2021-05-19 18:52:35,103 [pool-21-thread-1] INFO server.RaftServerConfigKeys: raft.server.rpc.sleep.time = 25ms (default)
datanode_6_1  | 2021-05-19 18:52:30,248 [pool-21-thread-1] INFO metrics.RatisMetrics: Creating Metrics Registry : ratis.state_machine.c80857fa-f6cd-4984-bf13-3b1a6008d80c@group-E4CFFCF63333
datanode_2_1  | 2021-05-19 18:52:45,497 [13f90021-59ef-4f3a-85d8-49f8442d4521@group-43750A1E7C0B-LeaderElection4] INFO impl.RoleInfo: 13f90021-59ef-4f3a-85d8-49f8442d4521: shutdown 13f90021-59ef-4f3a-85d8-49f8442d4521@group-43750A1E7C0B-LeaderElection4
datanode_3_1  | 2021-05-19 18:52:35,769 [pool-21-thread-1] INFO server.RaftServerConfigKeys: raft.server.snapshot.auto.trigger.threshold = 10000 (custom)
datanode_1_1  | 2021-05-19 18:55:40,727 [main] WARN http.BaseHttpServer: /prof java profiling servlet is activated. Not safe for production!
scm_1         | 2021-05-19 18:52:27,069 [EventQueue-PipelineReportForPipelineReportHandler] INFO pipeline.PipelineManagerV2Impl: Pipeline Pipeline[ Id: 692cc030-228e-42a8-a075-8bab062ca970, Nodes: 13f90021-59ef-4f3a-85d8-49f8442d4521{ip: 10.5.0.5, host: ozone-topology_datanode_2_1.ozone-topology_net, ports: [REPLICATION=9886, RATIS=9858, RATIS_ADMIN=9857, RATIS_SERVER=9856, STANDALONE=9859], networkLocation: /rack1, certSerialId: null, persistedOpState: IN_SERVICE, persistedOpStateExpiryEpochSec: 0}, ReplicationConfig: RATIS/ONE, State:ALLOCATED, leaderId:13f90021-59ef-4f3a-85d8-49f8442d4521, CreationTimestamp2021-05-19T18:52:24.275Z] moved to OPEN state
datanode_5_1  | 2021-05-19 18:52:33,883 [pool-21-thread-1] INFO server.RaftServer$Division: 0416cce3-ce6b-40c6-9df1-364ba393a164: new RaftServerImpl for group-0A7F35D67C12:[0416cce3-ce6b-40c6-9df1-364ba393a164|rpc:10.5.0.8:9856|admin:10.5.0.8:9857|client:10.5.0.8:9858|priority:0, c80857fa-f6cd-4984-bf13-3b1a6008d80c|rpc:10.5.0.9:9856|admin:10.5.0.9:9857|client:10.5.0.9:9858|priority:0, 13f90021-59ef-4f3a-85d8-49f8442d4521|rpc:10.5.0.5:9856|admin:10.5.0.5:9857|client:10.5.0.5:9858|priority:1] with ContainerStateMachine:uninitialized
datanode_4_1  | 2021-05-19 18:52:35,103 [pool-21-thread-1] INFO server.RaftServerConfigKeys: raft.server.rpc.slowness.timeout = 300s (custom)
datanode_6_1  | 2021-05-19 18:52:30,249 [Command processor thread] INFO ratis.XceiverServerRatis: Created group PipelineID=46060bf8-6638-43f7-9b9e-e4cffcf63333
datanode_2_1  | 2021-05-19 18:52:45,497 [13f90021-59ef-4f3a-85d8-49f8442d4521@group-43750A1E7C0B-LeaderElection4] INFO impl.RoleInfo: 13f90021-59ef-4f3a-85d8-49f8442d4521: start 13f90021-59ef-4f3a-85d8-49f8442d4521@group-43750A1E7C0B-FollowerState
datanode_3_1  | 2021-05-19 18:52:35,769 [pool-21-thread-1] INFO server.RaftServerConfigKeys: raft.server.snapshot.retention.file.num = 5 (custom)
datanode_1_1  | 2021-05-19 18:55:40,780 [main] INFO http.HttpServer2: Jetty bound to port 9882
scm_1         | 2021-05-19 18:52:27,074 [EventQueue-OpenPipelineForHealthyPipelineSafeModeRule] INFO safemode.SCMSafeModeManager: SCM in safe mode. Healthy pipelines reported count is 0, required healthy pipeline reported count is 1
datanode_5_1  | 2021-05-19 18:52:33,883 [pool-21-thread-1] INFO server.RaftServerConfigKeys: raft.server.rpc.timeout.min = 5s (custom)
datanode_4_1  | 2021-05-19 18:52:35,103 [pool-21-thread-1] INFO server.RaftServerConfigKeys: raft.server.leaderelection.leader.step-down.wait-time = 10s (default)
datanode_6_1  | 2021-05-19 18:52:30,465 [Command processor thread] INFO metrics.RatisMetrics: Creating Metrics Registry : ratis.client_message_metrics.client-946345C42473->4eb79f79-b9ae-4845-bd79-b115e7ab1742
datanode_2_1  | 2021-05-19 18:52:45,528 [grpc-default-executor-0] INFO server.RaftServer$Division: 13f90021-59ef-4f3a-85d8-49f8442d4521@group-43750A1E7C0B: receive requestVote(ELECTION, a914a03f-5bcb-4418-aea7-f4025633b827, group-43750A1E7C0B, 2, (t:0, i:0))
datanode_3_1  | 2021-05-19 18:52:35,769 [pool-21-thread-1] INFO server.RaftServerConfigKeys: raft.server.log.purge.upto.snapshot.index = false (default)
datanode_1_1  | 2021-05-19 18:55:40,810 [pool-29-thread-1] INFO server.RaftServer$Division: 4eb79f79-b9ae-4845-bd79-b115e7ab1742: new RaftServerImpl for group-E4CFFCF63333:[] with ContainerStateMachine:uninitialized
