dn3_1    | 2021-05-19 19:34:44,705 [4e7f9253-a8ed-4cd7-b93d-8dc8310ae585@group-9485CD2BA4E7-FollowerState] INFO server.RaftServerConfigKeys: raft.server.leaderelection.pre-vote = false (custom)
om_1     | 2021-05-19 19:34:41,350 [om1@group-C5BA1605619E-FollowerState] INFO impl.RoleInfo: om1: shutdown om1@group-C5BA1605619E-FollowerState
dn2_1    | 2021-05-19 19:34:33,120 [EndpointStateMachine task thread for scm/10.9.0.17:9861 - 0 ] INFO impl.RoleInfo: 6faa6611-23fc-4345-bb65-be19e167da96: start 6faa6611-23fc-4345-bb65-be19e167da96@group-6C884AB91701-FollowerState
dn1_1    | 2021-05-19 19:34:44,628 [grpc-default-executor-3] INFO impl.RoleInfo: 4e5ccc13-5745-44e3-bd02-534a27788330: start 4e5ccc13-5745-44e3-bd02-534a27788330@group-51DF4B19F29C-FollowerState
dn3_1    | 2021-05-19 19:34:44,705 [4e7f9253-a8ed-4cd7-b93d-8dc8310ae585@group-9485CD2BA4E7-FollowerState] INFO impl.RoleInfo: 4e7f9253-a8ed-4cd7-b93d-8dc8310ae585: start 4e7f9253-a8ed-4cd7-b93d-8dc8310ae585@group-9485CD2BA4E7-LeaderElection5
om_1     | 2021-05-19 19:34:41,354 [om1@group-C5BA1605619E-FollowerState] INFO server.RaftServer$Division: om1@group-C5BA1605619E: changes role from  FOLLOWER to CANDIDATE at term 1 for changeToCandidate
dn2_1    | 2021-05-19 19:34:33,137 [ForkJoinPool.commonPool-worker-3] INFO util.JmxRegister: Successfully registered JMX Bean with object name Ratis:service=RaftServer,group=group-51DF4B19F29C,id=6faa6611-23fc-4345-bb65-be19e167da96
dn2_1    | 2021-05-19 19:34:33,142 [EndpointStateMachine task thread for scm/10.9.0.17:9861 - 0 ] INFO util.JmxRegister: Successfully registered JMX Bean with object name Ratis:service=RaftServer,group=group-6C884AB91701,id=6faa6611-23fc-4345-bb65-be19e167da96
dn3_1    | 2021-05-19 19:34:44,706 [grpc-default-executor-3] INFO impl.VoteContext: 4e7f9253-a8ed-4cd7-b93d-8dc8310ae585@group-9485CD2BA4E7-CANDIDATE: accept ELECTION from 6faa6611-23fc-4345-bb65-be19e167da96: our priority 0 <= candidate's priority 1
om_1     | 2021-05-19 19:34:41,356 [om1@group-C5BA1605619E-FollowerState] INFO server.RaftServerConfigKeys: raft.server.leaderelection.pre-vote = false (custom)
dn2_1    | 2021-05-19 19:34:33,157 [EndpointStateMachine task thread for scm/10.9.0.17:9861 - 0 ] INFO metrics.RatisMetrics: Creating Metrics Registry : ratis.state_machine.6faa6611-23fc-4345-bb65-be19e167da96@group-6C884AB91701
dn1_1    | 2021-05-19 19:34:44,707 [4e5ccc13-5745-44e3-bd02-534a27788330@group-9485CD2BA4E7-FollowerState] INFO impl.FollowerState: 4e5ccc13-5745-44e3-bd02-534a27788330@group-9485CD2BA4E7-FollowerState: change to CANDIDATE, lastRpcElapsedTime:5112012494ns, electionTimeout:5082ms
dn3_1    | 2021-05-19 19:34:44,716 [grpc-default-executor-3] INFO server.RaftServer$Division: 4e7f9253-a8ed-4cd7-b93d-8dc8310ae585@group-9485CD2BA4E7: changes role from CANDIDATE to FOLLOWER at term 3 for candidate:6faa6611-23fc-4345-bb65-be19e167da96
om_1     | 2021-05-19 19:34:41,356 [om1@group-C5BA1605619E-FollowerState] INFO impl.RoleInfo: om1: start om1@group-C5BA1605619E-LeaderElection1
dn2_1    | 2021-05-19 19:34:33,153 [ForkJoinPool.commonPool-worker-3] INFO metrics.RatisMetrics: Creating Metrics Registry : ratis.state_machine.6faa6611-23fc-4345-bb65-be19e167da96@group-51DF4B19F29C
dn1_1    | 2021-05-19 19:34:44,710 [4e5ccc13-5745-44e3-bd02-534a27788330@group-9485CD2BA4E7-FollowerState] INFO impl.RoleInfo: 4e5ccc13-5745-44e3-bd02-534a27788330: shutdown 4e5ccc13-5745-44e3-bd02-534a27788330@group-9485CD2BA4E7-FollowerState
dn3_1    | 2021-05-19 19:34:44,716 [grpc-default-executor-3] INFO impl.RoleInfo: 4e7f9253-a8ed-4cd7-b93d-8dc8310ae585: shutdown 4e7f9253-a8ed-4cd7-b93d-8dc8310ae585@group-9485CD2BA4E7-LeaderElection5
om_1     | 2021-05-19 19:34:41,370 [om1@group-C5BA1605619E-LeaderElection1] INFO impl.LeaderElection: om1@group-C5BA1605619E-LeaderElection1 ELECTION round 0: submit vote requests at term 2 for 0: [om1|rpc:om:9872|admin:|client:|dataStream:|priority:0], old=null
dn2_1    | 2021-05-19 19:34:33,162 [EndpointStateMachine task thread for scm/10.9.0.17:9861 - 0 ] INFO server.RaftServer$Division: 6faa6611-23fc-4345-bb65-be19e167da96@group-9485CD2BA4E7: start as a follower, conf=0: [4e7f9253-a8ed-4cd7-b93d-8dc8310ae585|rpc:10.9.0.13:9856|admin:10.9.0.13:9857|client:10.9.0.13:9858|dataStream:|priority:0, 4e5ccc13-5745-44e3-bd02-534a27788330|rpc:10.9.0.11:9856|admin:10.9.0.11:9857|client:10.9.0.11:9858|dataStream:|priority:0, 6faa6611-23fc-4345-bb65-be19e167da96|rpc:10.9.0.12:9856|admin:10.9.0.12:9857|client:10.9.0.12:9858|dataStream:|priority:1], old=null
dn1_1    | 2021-05-19 19:34:44,709 [grpc-default-executor-3] INFO server.RaftServer$Division: 4e5ccc13-5745-44e3-bd02-534a27788330@group-51DF4B19F29C replies to ELECTION vote request: 4e7f9253-a8ed-4cd7-b93d-8dc8310ae585<-4e5ccc13-5745-44e3-bd02-534a27788330#0:OK-t4. Peer's state: 4e5ccc13-5745-44e3-bd02-534a27788330@group-51DF4B19F29C:t4, leader=null, voted=4e7f9253-a8ed-4cd7-b93d-8dc8310ae585, raftlog=4e5ccc13-5745-44e3-bd02-534a27788330@group-51DF4B19F29C-SegmentedRaftLog:OPENED:c-1,f0,i0, conf=0: [4e7f9253-a8ed-4cd7-b93d-8dc8310ae585|rpc:10.9.0.13:9856|admin:10.9.0.13:9857|client:10.9.0.13:9858|dataStream:|priority:1, 4e5ccc13-5745-44e3-bd02-534a27788330|rpc:10.9.0.11:9856|admin:10.9.0.11:9857|client:10.9.0.11:9858|dataStream:|priority:0, 6faa6611-23fc-4345-bb65-be19e167da96|rpc:10.9.0.12:9856|admin:10.9.0.12:9857|client:10.9.0.12:9858|dataStream:|priority:0], old=null
dn3_1    | 2021-05-19 19:34:44,716 [grpc-default-executor-3] INFO impl.RoleInfo: 4e7f9253-a8ed-4cd7-b93d-8dc8310ae585: start 4e7f9253-a8ed-4cd7-b93d-8dc8310ae585@group-9485CD2BA4E7-FollowerState
om_1     | 2021-05-19 19:34:41,371 [om1@group-C5BA1605619E-LeaderElection1] INFO impl.LeaderElection: om1@group-C5BA1605619E-LeaderElection1 ELECTION round 0: result PASSED (term=2)
dn2_1    | 2021-05-19 19:34:33,163 [EndpointStateMachine task thread for scm/10.9.0.17:9861 - 0 ] INFO server.RaftServer$Division: 6faa6611-23fc-4345-bb65-be19e167da96@group-9485CD2BA4E7: changes role from      null to FOLLOWER at term 1 for startAsFollower
dn1_1    | 2021-05-19 19:34:44,711 [4e5ccc13-5745-44e3-bd02-534a27788330@group-9485CD2BA4E7-FollowerState] INFO server.RaftServer$Division: 4e5ccc13-5745-44e3-bd02-534a27788330@group-9485CD2BA4E7: changes role from  FOLLOWER to CANDIDATE at term 2 for changeToCandidate
dn3_1    | 2021-05-19 19:34:44,717 [4e7f9253-a8ed-4cd7-b93d-8dc8310ae585@group-51DF4B19F29C-LeaderElection4] INFO server.RaftServerConfigKeys: raft.server.log.appender.snapshot.chunk.size.max = 16MB (=16777216) (default)
om_1     | 2021-05-19 19:34:41,371 [om1@group-C5BA1605619E-LeaderElection1] INFO impl.RoleInfo: om1: shutdown om1@group-C5BA1605619E-LeaderElection1
dn2_1    | 2021-05-19 19:34:33,164 [EndpointStateMachine task thread for scm/10.9.0.17:9861 - 0 ] INFO impl.RoleInfo: 6faa6611-23fc-4345-bb65-be19e167da96: start 6faa6611-23fc-4345-bb65-be19e167da96@group-9485CD2BA4E7-FollowerState
dn1_1    | 2021-05-19 19:34:44,712 [4e5ccc13-5745-44e3-bd02-534a27788330@group-9485CD2BA4E7-FollowerState] INFO server.RaftServerConfigKeys: raft.server.leaderelection.pre-vote = false (custom)
dn3_1    | 2021-05-19 19:34:44,717 [4e7f9253-a8ed-4cd7-b93d-8dc8310ae585@group-51DF4B19F29C-LeaderElection4] INFO server.RaftServerConfigKeys: raft.server.log.appender.buffer.byte-limit = 33554432 (custom)
dn3_1    | 2021-05-19 19:34:44,717 [4e7f9253-a8ed-4cd7-b93d-8dc8310ae585@group-51DF4B19F29C-LeaderElection4] INFO server.RaftServerConfigKeys: raft.server.log.appender.buffer.element-limit = 1 (custom)
dn2_1    | 2021-05-19 19:34:33,188 [EndpointStateMachine task thread for scm/10.9.0.17:9861 - 0 ] INFO util.JmxRegister: Successfully registered JMX Bean with object name Ratis:service=RaftServer,group=group-9485CD2BA4E7,id=6faa6611-23fc-4345-bb65-be19e167da96
dn1_1    | 2021-05-19 19:34:44,713 [4e5ccc13-5745-44e3-bd02-534a27788330@group-9485CD2BA4E7-FollowerState] INFO impl.RoleInfo: 4e5ccc13-5745-44e3-bd02-534a27788330: start 4e5ccc13-5745-44e3-bd02-534a27788330@group-9485CD2BA4E7-LeaderElection4
dn3_1    | 2021-05-19 19:34:44,733 [4e7f9253-a8ed-4cd7-b93d-8dc8310ae585@group-9485CD2BA4E7-LeaderElection5] INFO impl.LeaderElection: 4e7f9253-a8ed-4cd7-b93d-8dc8310ae585@group-9485CD2BA4E7-LeaderElection5: skip running since this is already CLOSING
om_1     | 2021-05-19 19:34:41,371 [om1@group-C5BA1605619E-LeaderElection1] INFO server.RaftServer$Division: om1@group-C5BA1605619E: changes role from CANDIDATE to LEADER at term 2 for changeToLeader
dn2_1    | 2021-05-19 19:34:33,188 [EndpointStateMachine task thread for scm/10.9.0.17:9861 - 0 ] INFO metrics.RatisMetrics: Creating Metrics Registry : ratis.state_machine.6faa6611-23fc-4345-bb65-be19e167da96@group-9485CD2BA4E7
dn1_1    | 2021-05-19 19:34:44,714 [grpc-default-executor-3] INFO server.RaftServer$Division: 4e5ccc13-5745-44e3-bd02-534a27788330@group-9485CD2BA4E7: receive requestVote(ELECTION, 6faa6611-23fc-4345-bb65-be19e167da96, group-9485CD2BA4E7, 3, (t:1, i:4))
dn3_1    | 2021-05-19 19:34:44,719 [4e7f9253-a8ed-4cd7-b93d-8dc8310ae585@group-51DF4B19F29C-LeaderElection4] INFO grpc.GrpcConfigKeys: raft.grpc.server.leader.outstanding.appends.max = 128 (default)
om_1     | 2021-05-19 19:34:41,372 [om1@group-C5BA1605619E-LeaderElection1] INFO server.RaftServer$Division: om1@group-C5BA1605619E: change Leader from null to om1 at term 2 for becomeLeader, leader elected after 5459ms
dn2_1    | 2021-05-19 19:34:33,205 [EndpointStateMachine task thread for scm/10.9.0.17:9861 - 0 ] INFO server.RaftServer: 6faa6611-23fc-4345-bb65-be19e167da96: start RPC server
dn1_1    | 2021-05-19 19:34:44,729 [grpc-default-executor-3] INFO impl.VoteContext: 4e5ccc13-5745-44e3-bd02-534a27788330@group-9485CD2BA4E7-CANDIDATE: accept ELECTION from 6faa6611-23fc-4345-bb65-be19e167da96: our priority 0 <= candidate's priority 1
dn3_1    | 2021-05-19 19:34:44,744 [4e7f9253-a8ed-4cd7-b93d-8dc8310ae585@group-51DF4B19F29C-LeaderElection4] INFO server.RaftServerConfigKeys: raft.server.rpc.request.timeout = 60s (custom)
om_1     | 2021-05-19 19:34:41,401 [om1@group-C5BA1605619E-LeaderElection1] INFO server.RaftServerConfigKeys: raft.server.staging.catchup.gap = 1000 (default)
dn2_1    | 2021-05-19 19:34:33,211 [EndpointStateMachine task thread for scm/10.9.0.17:9861 - 0 ] INFO server.GrpcService: 6faa6611-23fc-4345-bb65-be19e167da96: GrpcService started, listening on 9856
dn1_1    | 2021-05-19 19:34:44,729 [grpc-default-executor-3] INFO server.RaftServer$Division: 4e5ccc13-5745-44e3-bd02-534a27788330@group-9485CD2BA4E7: changes role from CANDIDATE to FOLLOWER at term 3 for candidate:6faa6611-23fc-4345-bb65-be19e167da96
dn3_1    | 2021-05-19 19:34:44,744 [4e7f9253-a8ed-4cd7-b93d-8dc8310ae585@group-51DF4B19F29C-LeaderElection4] INFO server.RaftServerConfigKeys: raft.server.log.appender.install.snapshot.enabled = false (custom)
om_1     | 2021-05-19 19:34:41,407 [om1@group-C5BA1605619E-LeaderElection1] INFO metrics.RatisMetrics: Creating Metrics Registry : ratis.log_appender.om1@group-C5BA1605619E
dn2_1    | 2021-05-19 19:34:33,213 [EndpointStateMachine task thread for scm/10.9.0.17:9861 - 0 ] INFO server.GrpcService: 6faa6611-23fc-4345-bb65-be19e167da96: GrpcService started, listening on 9857
dn1_1    | 2021-05-19 19:34:44,730 [grpc-default-executor-3] INFO impl.RoleInfo: 4e5ccc13-5745-44e3-bd02-534a27788330: shutdown 4e5ccc13-5745-44e3-bd02-534a27788330@group-9485CD2BA4E7-LeaderElection4
dn1_1    | 2021-05-19 19:34:44,730 [grpc-default-executor-3] INFO impl.RoleInfo: 4e5ccc13-5745-44e3-bd02-534a27788330: start 4e5ccc13-5745-44e3-bd02-534a27788330@group-9485CD2BA4E7-FollowerState
om_1     | 2021-05-19 19:34:41,419 [om1@group-C5BA1605619E-LeaderElection1] INFO server.RaftServerConfigKeys: raft.server.write.element-limit = 4096 (default)
dn1_1    | 2021-05-19 19:34:44,730 [4e5ccc13-5745-44e3-bd02-534a27788330@group-9485CD2BA4E7-LeaderElection4] INFO impl.LeaderElection: 4e5ccc13-5745-44e3-bd02-534a27788330@group-9485CD2BA4E7-LeaderElection4: skip running since this is already CLOSING
dn3_1    | 2021-05-19 19:34:44,744 [4e7f9253-a8ed-4cd7-b93d-8dc8310ae585@group-51DF4B19F29C-LeaderElection4] INFO metrics.RatisMetrics: Creating Metrics Registry : ratis_grpc.log_appender.4e7f9253-a8ed-4cd7-b93d-8dc8310ae585@group-51DF4B19F29C
dn2_1    | 2021-05-19 19:34:33,216 [EndpointStateMachine task thread for scm/10.9.0.17:9861 - 0 ] INFO server.GrpcService: 6faa6611-23fc-4345-bb65-be19e167da96: GrpcService started, listening on 9858
om_1     | 2021-05-19 19:34:41,419 [om1@group-C5BA1605619E-LeaderElection1] INFO server.RaftServerConfigKeys: raft.server.write.byte-limit = 64MB (=67108864) (default)
dn3_1    | 2021-05-19 19:34:44,745 [grpc-default-executor-3] INFO server.RaftServer$Division: 4e7f9253-a8ed-4cd7-b93d-8dc8310ae585@group-9485CD2BA4E7 replies to ELECTION vote request: 6faa6611-23fc-4345-bb65-be19e167da96<-4e7f9253-a8ed-4cd7-b93d-8dc8310ae585#0:OK-t3. Peer's state: 4e7f9253-a8ed-4cd7-b93d-8dc8310ae585@group-9485CD2BA4E7:t3, leader=null, voted=6faa6611-23fc-4345-bb65-be19e167da96, raftlog=4e7f9253-a8ed-4cd7-b93d-8dc8310ae585@group-9485CD2BA4E7-SegmentedRaftLog:OPENED:c2,f4,i4, conf=0: [4e7f9253-a8ed-4cd7-b93d-8dc8310ae585|rpc:10.9.0.13:9856|admin:10.9.0.13:9857|client:10.9.0.13:9858|dataStream:|priority:0, 4e5ccc13-5745-44e3-bd02-534a27788330|rpc:10.9.0.11:9856|admin:10.9.0.11:9857|client:10.9.0.11:9858|dataStream:|priority:0, 6faa6611-23fc-4345-bb65-be19e167da96|rpc:10.9.0.12:9856|admin:10.9.0.12:9857|client:10.9.0.12:9858|dataStream:|priority:1], old=null
dn2_1    | 2021-05-19 19:34:33,230 [EndpointStateMachine task thread for scm/10.9.0.17:9861 - 0 ] INFO ratis.XceiverServerRatis: XceiverServerRatis 6faa6611-23fc-4345-bb65-be19e167da96 is started using port 9858 for RATIS
om_1     | 2021-05-19 19:34:41,433 [om1@group-C5BA1605619E-LeaderElection1] INFO server.RaftServerConfigKeys: raft.server.watch.timeout = 10s (default)
dn1_1    | 2021-05-19 19:34:44,731 [grpc-default-executor-3] INFO server.RaftServer$Division: 4e5ccc13-5745-44e3-bd02-534a27788330@group-9485CD2BA4E7 replies to ELECTION vote request: 6faa6611-23fc-4345-bb65-be19e167da96<-4e5ccc13-5745-44e3-bd02-534a27788330#0:OK-t3. Peer's state: 4e5ccc13-5745-44e3-bd02-534a27788330@group-9485CD2BA4E7:t3, leader=null, voted=6faa6611-23fc-4345-bb65-be19e167da96, raftlog=4e5ccc13-5745-44e3-bd02-534a27788330@group-9485CD2BA4E7-SegmentedRaftLog:OPENED:c2,f4,i4, conf=0: [4e7f9253-a8ed-4cd7-b93d-8dc8310ae585|rpc:10.9.0.13:9856|admin:10.9.0.13:9857|client:10.9.0.13:9858|dataStream:|priority:0, 4e5ccc13-5745-44e3-bd02-534a27788330|rpc:10.9.0.11:9856|admin:10.9.0.11:9857|client:10.9.0.11:9858|dataStream:|priority:0, 6faa6611-23fc-4345-bb65-be19e167da96|rpc:10.9.0.12:9856|admin:10.9.0.12:9857|client:10.9.0.12:9858|dataStream:|priority:1], old=null
dn3_1    | 2021-05-19 19:34:44,748 [4e7f9253-a8ed-4cd7-b93d-8dc8310ae585@group-51DF4B19F29C-LeaderElection4] INFO server.RaftServerConfigKeys: raft.server.log.appender.snapshot.chunk.size.max = 16MB (=16777216) (default)
dn2_1    | 2021-05-19 19:34:33,230 [EndpointStateMachine task thread for scm/10.9.0.17:9861 - 0 ] INFO ratis.XceiverServerRatis: XceiverServerRatis 6faa6611-23fc-4345-bb65-be19e167da96 is started using port 9857 for RATIS_ADMIN
om_1     | 2021-05-19 19:34:41,434 [om1@group-C5BA1605619E-LeaderElection1] INFO server.RaftServerConfigKeys: raft.server.watch.timeout.denomination = 1s (default)
dn1_1    | 2021-05-19 19:34:44,827 [grpc-default-executor-3] INFO ratis.XceiverServerRatis: Leader change notification received for group: group-51DF4B19F29C with new leaderId: 4e7f9253-a8ed-4cd7-b93d-8dc8310ae585
dn3_1    | 2021-05-19 19:34:44,777 [4e7f9253-a8ed-4cd7-b93d-8dc8310ae585@group-51DF4B19F29C-LeaderElection4] INFO server.RaftServerConfigKeys: raft.server.log.appender.buffer.byte-limit = 33554432 (custom)
dn2_1    | 2021-05-19 19:34:33,231 [EndpointStateMachine task thread for scm/10.9.0.17:9861 - 0 ] INFO ratis.XceiverServerRatis: XceiverServerRatis 6faa6611-23fc-4345-bb65-be19e167da96 is started using port 9856 for RATIS_SERVER
om_1     | 2021-05-19 19:34:41,434 [om1@group-C5BA1605619E-LeaderElection1] INFO server.RaftServerConfigKeys: raft.server.watch.element-limit = 65536 (default)
dn1_1    | 2021-05-19 19:34:44,827 [grpc-default-executor-3] INFO server.RaftServer$Division: 4e5ccc13-5745-44e3-bd02-534a27788330@group-51DF4B19F29C: change Leader from null to 4e7f9253-a8ed-4cd7-b93d-8dc8310ae585 at term 4 for appendEntries, leader elected after 18787ms
dn3_1    | 2021-05-19 19:34:44,781 [4e7f9253-a8ed-4cd7-b93d-8dc8310ae585@group-51DF4B19F29C-LeaderElection4] INFO server.RaftServerConfigKeys: raft.server.log.appender.buffer.element-limit = 1 (custom)
dn2_1    | 2021-05-19 19:34:33,255 [org.apache.ratis.util.JvmPauseMonitor$$Lambda$427/0x0000000840503440@52992738] INFO util.JvmPauseMonitor: JvmPauseMonitor-6faa6611-23fc-4345-bb65-be19e167da96: Started
om_1     | 2021-05-19 19:34:41,442 [om1@group-C5BA1605619E-LeaderElection1] INFO impl.RoleInfo: om1: start om1@group-C5BA1605619E-LeaderStateImpl
dn1_1    | 2021-05-19 19:34:44,913 [grpc-default-executor-3] INFO server.RaftServer$Division: 4e5ccc13-5745-44e3-bd02-534a27788330@group-51DF4B19F29C: set configuration 1: [4e7f9253-a8ed-4cd7-b93d-8dc8310ae585|rpc:10.9.0.13:9856|admin:10.9.0.13:9857|client:10.9.0.13:9858|dataStream:|priority:1, 4e5ccc13-5745-44e3-bd02-534a27788330|rpc:10.9.0.11:9856|admin:10.9.0.11:9857|client:10.9.0.11:9858|dataStream:|priority:0, 6faa6611-23fc-4345-bb65-be19e167da96|rpc:10.9.0.12:9856|admin:10.9.0.12:9857|client:10.9.0.12:9858|dataStream:|priority:0], old=null
dn1_1    | 2021-05-19 19:34:44,913 [grpc-default-executor-3] INFO segmented.SegmentedRaftLogWorker: 4e5ccc13-5745-44e3-bd02-534a27788330@group-51DF4B19F29C-SegmentedRaftLogWorker: Rolling segment log-0_0 to index:0
dn2_1    | 2021-05-19 19:34:38,145 [6faa6611-23fc-4345-bb65-be19e167da96@group-51DF4B19F29C-FollowerState] INFO impl.FollowerState: 6faa6611-23fc-4345-bb65-be19e167da96@group-51DF4B19F29C-FollowerState: change to CANDIDATE, lastRpcElapsedTime:5063506864ns, electionTimeout:5045ms
dn1_1    | 2021-05-19 19:34:44,915 [4e5ccc13-5745-44e3-bd02-534a27788330@group-51DF4B19F29C-SegmentedRaftLogWorker] INFO segmented.SegmentedRaftLogWorker: 4e5ccc13-5745-44e3-bd02-534a27788330@group-51DF4B19F29C-SegmentedRaftLogWorker: Rolled log segment from /data/metadata/ratis/b8441144-117d-4543-8e97-51df4b19f29c/current/log_inprogress_0 to /data/metadata/ratis/b8441144-117d-4543-8e97-51df4b19f29c/current/log_0-0
dn3_1    | 2021-05-19 19:34:44,781 [4e7f9253-a8ed-4cd7-b93d-8dc8310ae585@group-51DF4B19F29C-LeaderElection4] INFO grpc.GrpcConfigKeys: raft.grpc.server.leader.outstanding.appends.max = 128 (default)
om_1     | 2021-05-19 19:34:41,456 [om1@group-C5BA1605619E-LeaderElection1] INFO segmented.SegmentedRaftLogWorker: om1@group-C5BA1605619E-SegmentedRaftLogWorker: Rolling segment log-0_14 to index:14
dn2_1    | 2021-05-19 19:34:38,145 [6faa6611-23fc-4345-bb65-be19e167da96@group-51DF4B19F29C-FollowerState] INFO impl.RoleInfo: 6faa6611-23fc-4345-bb65-be19e167da96: shutdown 6faa6611-23fc-4345-bb65-be19e167da96@group-51DF4B19F29C-FollowerState
dn1_1    | 2021-05-19 19:34:44,918 [4e5ccc13-5745-44e3-bd02-534a27788330@group-51DF4B19F29C-SegmentedRaftLogWorker] INFO segmented.SegmentedRaftLogWorker: 4e5ccc13-5745-44e3-bd02-534a27788330@group-51DF4B19F29C-SegmentedRaftLogWorker: created new log segment /data/metadata/ratis/b8441144-117d-4543-8e97-51df4b19f29c/current/log_inprogress_1
dn3_1    | 2021-05-19 19:34:44,781 [4e7f9253-a8ed-4cd7-b93d-8dc8310ae585@group-51DF4B19F29C-LeaderElection4] INFO server.RaftServerConfigKeys: raft.server.rpc.request.timeout = 60s (custom)
om_1     | 2021-05-19 19:34:41,508 [om1@group-C5BA1605619E-LeaderElection1] INFO server.RaftServer$Division: om1@group-C5BA1605619E: set configuration 15: [om1|rpc:om:9872|admin:|client:|dataStream:|priority:0], old=null
dn2_1    | 2021-05-19 19:34:38,145 [6faa6611-23fc-4345-bb65-be19e167da96@group-51DF4B19F29C-FollowerState] INFO server.RaftServer$Division: 6faa6611-23fc-4345-bb65-be19e167da96@group-51DF4B19F29C: changes role from  FOLLOWER to CANDIDATE at term 2 for changeToCandidate
dn1_1    | 2021-05-19 19:34:44,987 [grpc-default-executor-3] INFO ratis.XceiverServerRatis: Leader change notification received for group: group-9485CD2BA4E7 with new leaderId: 6faa6611-23fc-4345-bb65-be19e167da96
om_1     | 2021-05-19 19:34:41,510 [om1@group-C5BA1605619E-SegmentedRaftLogWorker] INFO segmented.SegmentedRaftLogWorker: om1@group-C5BA1605619E-SegmentedRaftLogWorker: Rolled log segment from /data/metadata/ratis/bf265839-605b-3f16-9796-c5ba1605619e/current/log_inprogress_0 to /data/metadata/ratis/bf265839-605b-3f16-9796-c5ba1605619e/current/log_0-14
dn1_1    | 2021-05-19 19:34:44,992 [grpc-default-executor-3] INFO server.RaftServer$Division: 4e5ccc13-5745-44e3-bd02-534a27788330@group-9485CD2BA4E7: change Leader from null to 6faa6611-23fc-4345-bb65-be19e167da96 at term 3 for appendEntries, leader elected after 20481ms
dn3_1    | 2021-05-19 19:34:44,782 [4e7f9253-a8ed-4cd7-b93d-8dc8310ae585@group-51DF4B19F29C-LeaderElection4] INFO server.RaftServerConfigKeys: raft.server.log.appender.install.snapshot.enabled = false (custom)
dn2_1    | 2021-05-19 19:34:38,148 [6faa6611-23fc-4345-bb65-be19e167da96@group-51DF4B19F29C-FollowerState] INFO server.RaftServerConfigKeys: raft.server.leaderelection.pre-vote = false (custom)
om_1     | 2021-05-19 19:34:41,554 [om1@group-C5BA1605619E-SegmentedRaftLogWorker] INFO segmented.SegmentedRaftLogWorker: om1@group-C5BA1605619E-SegmentedRaftLogWorker: created new log segment /data/metadata/ratis/bf265839-605b-3f16-9796-c5ba1605619e/current/log_inprogress_15
dn1_1    | 2021-05-19 19:34:45,031 [grpc-default-executor-3] INFO server.RaftServer$Division: 4e5ccc13-5745-44e3-bd02-534a27788330@group-9485CD2BA4E7: set configuration 5: [4e7f9253-a8ed-4cd7-b93d-8dc8310ae585|rpc:10.9.0.13:9856|admin:10.9.0.13:9857|client:10.9.0.13:9858|dataStream:|priority:0, 4e5ccc13-5745-44e3-bd02-534a27788330|rpc:10.9.0.11:9856|admin:10.9.0.11:9857|client:10.9.0.11:9858|dataStream:|priority:0, 6faa6611-23fc-4345-bb65-be19e167da96|rpc:10.9.0.12:9856|admin:10.9.0.12:9857|client:10.9.0.12:9858|dataStream:|priority:1], old=null
dn1_1    | 2021-05-19 19:34:45,032 [grpc-default-executor-3] INFO segmented.SegmentedRaftLogWorker: 4e5ccc13-5745-44e3-bd02-534a27788330@group-9485CD2BA4E7-SegmentedRaftLogWorker: Rolling segment log-0_4 to index:4
dn2_1    | 2021-05-19 19:34:38,148 [6faa6611-23fc-4345-bb65-be19e167da96@group-51DF4B19F29C-FollowerState] INFO impl.RoleInfo: 6faa6611-23fc-4345-bb65-be19e167da96: start 6faa6611-23fc-4345-bb65-be19e167da96@group-51DF4B19F29C-LeaderElection1
dn1_1    | 2021-05-19 19:34:45,033 [4e5ccc13-5745-44e3-bd02-534a27788330@group-9485CD2BA4E7-SegmentedRaftLogWorker] INFO segmented.SegmentedRaftLogWorker: 4e5ccc13-5745-44e3-bd02-534a27788330@group-9485CD2BA4E7-SegmentedRaftLogWorker: Rolled log segment from /data/metadata/ratis/376b309f-5277-421b-8ba8-9485cd2ba4e7/current/log_inprogress_0 to /data/metadata/ratis/376b309f-5277-421b-8ba8-9485cd2ba4e7/current/log_0-4
dn1_1    | 2021-05-19 19:34:45,036 [4e5ccc13-5745-44e3-bd02-534a27788330@group-9485CD2BA4E7-SegmentedRaftLogWorker] INFO segmented.SegmentedRaftLogWorker: 4e5ccc13-5745-44e3-bd02-534a27788330@group-9485CD2BA4E7-SegmentedRaftLogWorker: created new log segment /data/metadata/ratis/376b309f-5277-421b-8ba8-9485cd2ba4e7/current/log_inprogress_5
dn2_1    | 2021-05-19 19:34:38,169 [6faa6611-23fc-4345-bb65-be19e167da96@group-51DF4B19F29C-LeaderElection1] INFO impl.LeaderElection: 6faa6611-23fc-4345-bb65-be19e167da96@group-51DF4B19F29C-LeaderElection1 ELECTION round 0: submit vote requests at term 3 for 0: [4e7f9253-a8ed-4cd7-b93d-8dc8310ae585|rpc:10.9.0.13:9856|admin:10.9.0.13:9857|client:10.9.0.13:9858|dataStream:|priority:1, 4e5ccc13-5745-44e3-bd02-534a27788330|rpc:10.9.0.11:9856|admin:10.9.0.11:9857|client:10.9.0.11:9858|dataStream:|priority:0, 6faa6611-23fc-4345-bb65-be19e167da96|rpc:10.9.0.12:9856|admin:10.9.0.12:9857|client:10.9.0.12:9858|dataStream:|priority:0], old=null
dn3_1    | 2021-05-19 19:34:44,783 [4e7f9253-a8ed-4cd7-b93d-8dc8310ae585@group-51DF4B19F29C-LeaderElection4] INFO impl.RoleInfo: 4e7f9253-a8ed-4cd7-b93d-8dc8310ae585: start 4e7f9253-a8ed-4cd7-b93d-8dc8310ae585@group-51DF4B19F29C-LeaderStateImpl
dn2_1    | 2021-05-19 19:34:38,185 [6faa6611-23fc-4345-bb65-be19e167da96@group-6C884AB91701-FollowerState] INFO impl.FollowerState: 6faa6611-23fc-4345-bb65-be19e167da96@group-6C884AB91701-FollowerState: change to CANDIDATE, lastRpcElapsedTime:5064454887ns, electionTimeout:5051ms
dn2_1    | 2021-05-19 19:34:38,187 [6faa6611-23fc-4345-bb65-be19e167da96@group-6C884AB91701-FollowerState] INFO impl.RoleInfo: 6faa6611-23fc-4345-bb65-be19e167da96: shutdown 6faa6611-23fc-4345-bb65-be19e167da96@group-6C884AB91701-FollowerState
dn3_1    | 2021-05-19 19:34:44,784 [4e7f9253-a8ed-4cd7-b93d-8dc8310ae585@group-51DF4B19F29C-LeaderElection4] INFO segmented.SegmentedRaftLogWorker: 4e7f9253-a8ed-4cd7-b93d-8dc8310ae585@group-51DF4B19F29C-SegmentedRaftLogWorker: Rolling segment log-0_0 to index:0
dn2_1    | 2021-05-19 19:34:38,187 [6faa6611-23fc-4345-bb65-be19e167da96@group-6C884AB91701-FollowerState] INFO server.RaftServer$Division: 6faa6611-23fc-4345-bb65-be19e167da96@group-6C884AB91701: changes role from  FOLLOWER to CANDIDATE at term 1 for changeToCandidate
dn3_1    | 2021-05-19 19:34:44,798 [4e7f9253-a8ed-4cd7-b93d-8dc8310ae585@group-51DF4B19F29C-SegmentedRaftLogWorker] INFO segmented.SegmentedRaftLogWorker: 4e7f9253-a8ed-4cd7-b93d-8dc8310ae585@group-51DF4B19F29C-SegmentedRaftLogWorker: Rolled log segment from /data/metadata/ratis/b8441144-117d-4543-8e97-51df4b19f29c/current/log_inprogress_0 to /data/metadata/ratis/b8441144-117d-4543-8e97-51df4b19f29c/current/log_0-0
dn2_1    | 2021-05-19 19:34:38,187 [6faa6611-23fc-4345-bb65-be19e167da96@group-6C884AB91701-FollowerState] INFO server.RaftServerConfigKeys: raft.server.leaderelection.pre-vote = false (custom)
dn3_1    | 2021-05-19 19:34:44,802 [4e7f9253-a8ed-4cd7-b93d-8dc8310ae585@group-51DF4B19F29C-SegmentedRaftLogWorker] INFO segmented.SegmentedRaftLogWorker: 4e7f9253-a8ed-4cd7-b93d-8dc8310ae585@group-51DF4B19F29C-SegmentedRaftLogWorker: created new log segment /data/metadata/ratis/b8441144-117d-4543-8e97-51df4b19f29c/current/log_inprogress_1
dn2_1    | 2021-05-19 19:34:38,187 [6faa6611-23fc-4345-bb65-be19e167da96@group-6C884AB91701-FollowerState] INFO impl.RoleInfo: 6faa6611-23fc-4345-bb65-be19e167da96: start 6faa6611-23fc-4345-bb65-be19e167da96@group-6C884AB91701-LeaderElection2
dn3_1    | 2021-05-19 19:34:44,812 [4e7f9253-a8ed-4cd7-b93d-8dc8310ae585@group-51DF4B19F29C-LeaderElection4] INFO server.RaftServer$Division: 4e7f9253-a8ed-4cd7-b93d-8dc8310ae585@group-51DF4B19F29C: set configuration 1: [4e7f9253-a8ed-4cd7-b93d-8dc8310ae585|rpc:10.9.0.13:9856|admin:10.9.0.13:9857|client:10.9.0.13:9858|dataStream:|priority:1, 4e5ccc13-5745-44e3-bd02-534a27788330|rpc:10.9.0.11:9856|admin:10.9.0.11:9857|client:10.9.0.11:9858|dataStream:|priority:0, 6faa6611-23fc-4345-bb65-be19e167da96|rpc:10.9.0.12:9856|admin:10.9.0.12:9857|client:10.9.0.12:9858|dataStream:|priority:0], old=null
dn2_1    | 2021-05-19 19:34:38,210 [6faa6611-23fc-4345-bb65-be19e167da96@group-6C884AB91701-LeaderElection2] INFO impl.LeaderElection: 6faa6611-23fc-4345-bb65-be19e167da96@group-6C884AB91701-LeaderElection2 ELECTION round 0: submit vote requests at term 2 for 0: [6faa6611-23fc-4345-bb65-be19e167da96|rpc:10.9.0.12:9856|admin:10.9.0.12:9857|client:10.9.0.12:9858|dataStream:|priority:1], old=null
dn3_1    | 2021-05-19 19:34:45,051 [grpc-default-executor-1] INFO ratis.XceiverServerRatis: Leader change notification received for group: group-9485CD2BA4E7 with new leaderId: 6faa6611-23fc-4345-bb65-be19e167da96
dn2_1    | 2021-05-19 19:34:38,215 [6faa6611-23fc-4345-bb65-be19e167da96@group-6C884AB91701-LeaderElection2] INFO impl.LeaderElection: 6faa6611-23fc-4345-bb65-be19e167da96@group-6C884AB91701-LeaderElection2 ELECTION round 0: result PASSED (term=2)
dn3_1    | 2021-05-19 19:34:45,051 [grpc-default-executor-1] INFO server.RaftServer$Division: 4e7f9253-a8ed-4cd7-b93d-8dc8310ae585@group-9485CD2BA4E7: change Leader from null to 6faa6611-23fc-4345-bb65-be19e167da96 at term 3 for appendEntries, leader elected after 17341ms
dn2_1    | 2021-05-19 19:34:38,216 [6faa6611-23fc-4345-bb65-be19e167da96@group-6C884AB91701-LeaderElection2] INFO impl.RoleInfo: 6faa6611-23fc-4345-bb65-be19e167da96: shutdown 6faa6611-23fc-4345-bb65-be19e167da96@group-6C884AB91701-LeaderElection2
dn3_1    | 2021-05-19 19:34:45,081 [grpc-default-executor-1] INFO server.RaftServer$Division: 4e7f9253-a8ed-4cd7-b93d-8dc8310ae585@group-9485CD2BA4E7: set configuration 5: [4e7f9253-a8ed-4cd7-b93d-8dc8310ae585|rpc:10.9.0.13:9856|admin:10.9.0.13:9857|client:10.9.0.13:9858|dataStream:|priority:0, 4e5ccc13-5745-44e3-bd02-534a27788330|rpc:10.9.0.11:9856|admin:10.9.0.11:9857|client:10.9.0.11:9858|dataStream:|priority:0, 6faa6611-23fc-4345-bb65-be19e167da96|rpc:10.9.0.12:9856|admin:10.9.0.12:9857|client:10.9.0.12:9858|dataStream:|priority:1], old=null
dn2_1    | 2021-05-19 19:34:38,216 [6faa6611-23fc-4345-bb65-be19e167da96@group-6C884AB91701-LeaderElection2] INFO server.RaftServer$Division: 6faa6611-23fc-4345-bb65-be19e167da96@group-6C884AB91701: changes role from CANDIDATE to LEADER at term 2 for changeToLeader
dn3_1    | 2021-05-19 19:34:45,081 [grpc-default-executor-1] INFO segmented.SegmentedRaftLogWorker: 4e7f9253-a8ed-4cd7-b93d-8dc8310ae585@group-9485CD2BA4E7-SegmentedRaftLogWorker: Rolling segment log-0_4 to index:4
dn2_1    | 2021-05-19 19:34:38,216 [6faa6611-23fc-4345-bb65-be19e167da96@group-6C884AB91701-LeaderElection2] INFO ratis.XceiverServerRatis: Leader change notification received for group: group-6C884AB91701 with new leaderId: 6faa6611-23fc-4345-bb65-be19e167da96
dn2_1    | 2021-05-19 19:34:38,309 [6faa6611-23fc-4345-bb65-be19e167da96@group-6C884AB91701-LeaderElection2] INFO server.RaftServer$Division: 6faa6611-23fc-4345-bb65-be19e167da96@group-6C884AB91701: change Leader from null to 6faa6611-23fc-4345-bb65-be19e167da96 at term 2 for becomeLeader, leader elected after 12031ms
dn2_1    | 2021-05-19 19:34:38,312 [6faa6611-23fc-4345-bb65-be19e167da96@group-9485CD2BA4E7-FollowerState] INFO impl.FollowerState: 6faa6611-23fc-4345-bb65-be19e167da96@group-9485CD2BA4E7-FollowerState: change to CANDIDATE, lastRpcElapsedTime:5147631492ns, electionTimeout:5051ms
dn3_1    | 2021-05-19 19:34:45,082 [4e7f9253-a8ed-4cd7-b93d-8dc8310ae585@group-9485CD2BA4E7-SegmentedRaftLogWorker] INFO segmented.SegmentedRaftLogWorker: 4e7f9253-a8ed-4cd7-b93d-8dc8310ae585@group-9485CD2BA4E7-SegmentedRaftLogWorker: Rolled log segment from /data/metadata/ratis/376b309f-5277-421b-8ba8-9485cd2ba4e7/current/log_inprogress_0 to /data/metadata/ratis/376b309f-5277-421b-8ba8-9485cd2ba4e7/current/log_0-4
dn2_1    | 2021-05-19 19:34:38,312 [6faa6611-23fc-4345-bb65-be19e167da96@group-9485CD2BA4E7-FollowerState] INFO impl.RoleInfo: 6faa6611-23fc-4345-bb65-be19e167da96: shutdown 6faa6611-23fc-4345-bb65-be19e167da96@group-9485CD2BA4E7-FollowerState
dn3_1    | 2021-05-19 19:34:45,101 [4e7f9253-a8ed-4cd7-b93d-8dc8310ae585@group-9485CD2BA4E7-SegmentedRaftLogWorker] INFO segmented.SegmentedRaftLogWorker: 4e7f9253-a8ed-4cd7-b93d-8dc8310ae585@group-9485CD2BA4E7-SegmentedRaftLogWorker: created new log segment /data/metadata/ratis/376b309f-5277-421b-8ba8-9485cd2ba4e7/current/log_inprogress_5
dn2_1    | 2021-05-19 19:34:38,338 [6faa6611-23fc-4345-bb65-be19e167da96@group-6C884AB91701-LeaderElection2] INFO server.RaftServerConfigKeys: raft.server.staging.catchup.gap = 1000 (default)
dn2_1    | 2021-05-19 19:34:38,339 [6faa6611-23fc-4345-bb65-be19e167da96@group-9485CD2BA4E7-FollowerState] INFO server.RaftServer$Division: 6faa6611-23fc-4345-bb65-be19e167da96@group-9485CD2BA4E7: changes role from  FOLLOWER to CANDIDATE at term 1 for changeToCandidate
dn2_1    | 2021-05-19 19:34:38,357 [6faa6611-23fc-4345-bb65-be19e167da96@group-9485CD2BA4E7-FollowerState] INFO server.RaftServerConfigKeys: raft.server.leaderelection.pre-vote = false (custom)
dn2_1    | 2021-05-19 19:34:38,357 [6faa6611-23fc-4345-bb65-be19e167da96@group-9485CD2BA4E7-FollowerState] INFO impl.RoleInfo: 6faa6611-23fc-4345-bb65-be19e167da96: start 6faa6611-23fc-4345-bb65-be19e167da96@group-9485CD2BA4E7-LeaderElection3
dn2_1    | 2021-05-19 19:34:38,373 [6faa6611-23fc-4345-bb65-be19e167da96@group-6C884AB91701-LeaderElection2] INFO metrics.RatisMetrics: Creating Metrics Registry : ratis.log_appender.6faa6611-23fc-4345-bb65-be19e167da96@group-6C884AB91701
dn2_1    | 2021-05-19 19:34:38,375 [6faa6611-23fc-4345-bb65-be19e167da96@group-6C884AB91701-LeaderElection2] INFO server.RaftServerConfigKeys: raft.server.write.element-limit = 1024 (custom)
dn2_1    | 2021-05-19 19:34:38,395 [6faa6611-23fc-4345-bb65-be19e167da96@group-6C884AB91701-LeaderElection2] INFO server.RaftServerConfigKeys: raft.server.write.byte-limit = 1073741824 (custom)
dn2_1    | 2021-05-19 19:34:38,427 [6faa6611-23fc-4345-bb65-be19e167da96@group-9485CD2BA4E7-LeaderElection3] INFO impl.LeaderElection: 6faa6611-23fc-4345-bb65-be19e167da96@group-9485CD2BA4E7-LeaderElection3 ELECTION round 0: submit vote requests at term 2 for 0: [4e7f9253-a8ed-4cd7-b93d-8dc8310ae585|rpc:10.9.0.13:9856|admin:10.9.0.13:9857|client:10.9.0.13:9858|dataStream:|priority:0, 4e5ccc13-5745-44e3-bd02-534a27788330|rpc:10.9.0.11:9856|admin:10.9.0.11:9857|client:10.9.0.11:9858|dataStream:|priority:0, 6faa6611-23fc-4345-bb65-be19e167da96|rpc:10.9.0.12:9856|admin:10.9.0.12:9857|client:10.9.0.12:9858|dataStream:|priority:1], old=null
dn2_1    | 2021-05-19 19:34:38,442 [6faa6611-23fc-4345-bb65-be19e167da96@group-6C884AB91701-LeaderElection2] INFO server.RaftServerConfigKeys: raft.server.watch.timeout = 180s (custom)
dn2_1    | 2021-05-19 19:34:38,456 [6faa6611-23fc-4345-bb65-be19e167da96@group-6C884AB91701-LeaderElection2] INFO server.RaftServerConfigKeys: raft.server.watch.timeout.denomination = 1s (default)
dn2_1    | 2021-05-19 19:34:38,457 [6faa6611-23fc-4345-bb65-be19e167da96@group-6C884AB91701-LeaderElection2] INFO server.RaftServerConfigKeys: raft.server.watch.element-limit = 65536 (default)
dn2_1    | 2021-05-19 19:34:38,492 [6faa6611-23fc-4345-bb65-be19e167da96@group-6C884AB91701-LeaderElection2] INFO impl.RoleInfo: 6faa6611-23fc-4345-bb65-be19e167da96: start 6faa6611-23fc-4345-bb65-be19e167da96@group-6C884AB91701-LeaderStateImpl
dn2_1    | 2021-05-19 19:34:38,553 [6faa6611-23fc-4345-bb65-be19e167da96@group-6C884AB91701-LeaderElection2] INFO segmented.SegmentedRaftLogWorker: 6faa6611-23fc-4345-bb65-be19e167da96@group-6C884AB91701-SegmentedRaftLogWorker: Rolling segment log-0_0 to index:0
dn2_1    | 2021-05-19 19:34:38,636 [6faa6611-23fc-4345-bb65-be19e167da96@group-6C884AB91701-LeaderElection2] INFO server.RaftServer$Division: 6faa6611-23fc-4345-bb65-be19e167da96@group-6C884AB91701: set configuration 1: [6faa6611-23fc-4345-bb65-be19e167da96|rpc:10.9.0.12:9856|admin:10.9.0.12:9857|client:10.9.0.12:9858|dataStream:|priority:1], old=null
dn2_1    | 2021-05-19 19:34:38,639 [6faa6611-23fc-4345-bb65-be19e167da96@group-6C884AB91701-SegmentedRaftLogWorker] INFO segmented.SegmentedRaftLogWorker: 6faa6611-23fc-4345-bb65-be19e167da96@group-6C884AB91701-SegmentedRaftLogWorker: Rolled log segment from /data/metadata/ratis/2108d97c-4fae-47ba-ac87-6c884ab91701/current/log_inprogress_0 to /data/metadata/ratis/2108d97c-4fae-47ba-ac87-6c884ab91701/current/log_0-0
dn2_1    | 2021-05-19 19:34:38,685 [6faa6611-23fc-4345-bb65-be19e167da96@group-6C884AB91701-SegmentedRaftLogWorker] INFO segmented.SegmentedRaftLogWorker: 6faa6611-23fc-4345-bb65-be19e167da96@group-6C884AB91701-SegmentedRaftLogWorker: created new log segment /data/metadata/ratis/2108d97c-4fae-47ba-ac87-6c884ab91701/current/log_inprogress_1
dn2_1    | 2021-05-19 19:34:39,393 [grpc-default-executor-1] INFO metrics.RatisMetrics: Creating Metrics Registry : ratis.server_message_metrics.6faa6611-23fc-4345-bb65-be19e167da96
dn2_1    | 2021-05-19 19:34:39,398 [grpc-default-executor-2] INFO metrics.RatisMetrics: Creating Metrics Registry : ratis.server_message_metrics.6faa6611-23fc-4345-bb65-be19e167da96
dn2_1    | 2021-05-19 19:34:39,397 [grpc-default-executor-0] INFO metrics.RatisMetrics: Creating Metrics Registry : ratis.server_message_metrics.6faa6611-23fc-4345-bb65-be19e167da96
dn2_1    | 2021-05-19 19:34:39,420 [grpc-default-executor-3] INFO server.RaftServer$Division: 6faa6611-23fc-4345-bb65-be19e167da96@group-51DF4B19F29C: receive requestVote(ELECTION, 4e7f9253-a8ed-4cd7-b93d-8dc8310ae585, group-51DF4B19F29C, 3, (t:2, i:0))
dn2_1    | 2021-05-19 19:34:39,425 [grpc-default-executor-2] INFO server.RaftServer$Division: 6faa6611-23fc-4345-bb65-be19e167da96@group-9485CD2BA4E7: receive requestVote(ELECTION, 4e7f9253-a8ed-4cd7-b93d-8dc8310ae585, group-9485CD2BA4E7, 2, (t:1, i:4))
dn2_1    | 2021-05-19 19:34:39,421 [grpc-default-executor-0] INFO server.RaftServer$Division: 6faa6611-23fc-4345-bb65-be19e167da96@group-51DF4B19F29C: receive requestVote(ELECTION, 4e5ccc13-5745-44e3-bd02-534a27788330, group-51DF4B19F29C, 3, (t:2, i:0))
dn2_1    | 2021-05-19 19:34:39,420 [grpc-default-executor-1] INFO server.RaftServer$Division: 6faa6611-23fc-4345-bb65-be19e167da96@group-9485CD2BA4E7: receive requestVote(ELECTION, 4e5ccc13-5745-44e3-bd02-534a27788330, group-9485CD2BA4E7, 2, (t:1, i:4))
dn2_1    | 2021-05-19 19:34:39,426 [grpc-default-executor-1] INFO impl.VoteContext: 6faa6611-23fc-4345-bb65-be19e167da96@group-9485CD2BA4E7-CANDIDATE: reject ELECTION from 4e5ccc13-5745-44e3-bd02-534a27788330: already has voted for 6faa6611-23fc-4345-bb65-be19e167da96 at current term 2
dn2_1    | 2021-05-19 19:34:39,426 [grpc-default-executor-0] INFO impl.VoteContext: 6faa6611-23fc-4345-bb65-be19e167da96@group-51DF4B19F29C-CANDIDATE: reject ELECTION from 4e5ccc13-5745-44e3-bd02-534a27788330: already has voted for 6faa6611-23fc-4345-bb65-be19e167da96 at current term 3
dn2_1    | 2021-05-19 19:34:39,447 [grpc-default-executor-0] INFO server.RaftServer$Division: 6faa6611-23fc-4345-bb65-be19e167da96@group-51DF4B19F29C replies to ELECTION vote request: 4e5ccc13-5745-44e3-bd02-534a27788330<-6faa6611-23fc-4345-bb65-be19e167da96#0:FAIL-t3. Peer's state: 6faa6611-23fc-4345-bb65-be19e167da96@group-51DF4B19F29C:t3, leader=null, voted=6faa6611-23fc-4345-bb65-be19e167da96, raftlog=6faa6611-23fc-4345-bb65-be19e167da96@group-51DF4B19F29C-SegmentedRaftLog:OPENED:c-1,f0,i0, conf=0: [4e7f9253-a8ed-4cd7-b93d-8dc8310ae585|rpc:10.9.0.13:9856|admin:10.9.0.13:9857|client:10.9.0.13:9858|dataStream:|priority:1, 4e5ccc13-5745-44e3-bd02-534a27788330|rpc:10.9.0.11:9856|admin:10.9.0.11:9857|client:10.9.0.11:9858|dataStream:|priority:0, 6faa6611-23fc-4345-bb65-be19e167da96|rpc:10.9.0.12:9856|admin:10.9.0.12:9857|client:10.9.0.12:9858|dataStream:|priority:0], old=null
dn2_1    | 2021-05-19 19:34:39,449 [grpc-default-executor-1] INFO server.RaftServer$Division: 6faa6611-23fc-4345-bb65-be19e167da96@group-9485CD2BA4E7 replies to ELECTION vote request: 4e5ccc13-5745-44e3-bd02-534a27788330<-6faa6611-23fc-4345-bb65-be19e167da96#0:FAIL-t2. Peer's state: 6faa6611-23fc-4345-bb65-be19e167da96@group-9485CD2BA4E7:t2, leader=null, voted=6faa6611-23fc-4345-bb65-be19e167da96, raftlog=6faa6611-23fc-4345-bb65-be19e167da96@group-9485CD2BA4E7-SegmentedRaftLog:OPENED:c2,f4,i4, conf=0: [4e7f9253-a8ed-4cd7-b93d-8dc8310ae585|rpc:10.9.0.13:9856|admin:10.9.0.13:9857|client:10.9.0.13:9858|dataStream:|priority:0, 4e5ccc13-5745-44e3-bd02-534a27788330|rpc:10.9.0.11:9856|admin:10.9.0.11:9857|client:10.9.0.11:9858|dataStream:|priority:0, 6faa6611-23fc-4345-bb65-be19e167da96|rpc:10.9.0.12:9856|admin:10.9.0.12:9857|client:10.9.0.12:9858|dataStream:|priority:1], old=null
dn2_1    | 2021-05-19 19:34:39,449 [grpc-default-executor-2] INFO impl.VoteContext: 6faa6611-23fc-4345-bb65-be19e167da96@group-9485CD2BA4E7-CANDIDATE: reject ELECTION from 4e7f9253-a8ed-4cd7-b93d-8dc8310ae585: already has voted for 6faa6611-23fc-4345-bb65-be19e167da96 at current term 2
dn2_1    | 2021-05-19 19:34:39,449 [grpc-default-executor-3] INFO impl.VoteContext: 6faa6611-23fc-4345-bb65-be19e167da96@group-51DF4B19F29C-CANDIDATE: reject ELECTION from 4e7f9253-a8ed-4cd7-b93d-8dc8310ae585: already has voted for 6faa6611-23fc-4345-bb65-be19e167da96 at current term 3
dn2_1    | 2021-05-19 19:34:39,480 [grpc-default-executor-2] INFO server.RaftServer$Division: 6faa6611-23fc-4345-bb65-be19e167da96@group-9485CD2BA4E7 replies to ELECTION vote request: 4e7f9253-a8ed-4cd7-b93d-8dc8310ae585<-6faa6611-23fc-4345-bb65-be19e167da96#0:FAIL-t2. Peer's state: 6faa6611-23fc-4345-bb65-be19e167da96@group-9485CD2BA4E7:t2, leader=null, voted=6faa6611-23fc-4345-bb65-be19e167da96, raftlog=6faa6611-23fc-4345-bb65-be19e167da96@group-9485CD2BA4E7-SegmentedRaftLog:OPENED:c2,f4,i4, conf=0: [4e7f9253-a8ed-4cd7-b93d-8dc8310ae585|rpc:10.9.0.13:9856|admin:10.9.0.13:9857|client:10.9.0.13:9858|dataStream:|priority:0, 4e5ccc13-5745-44e3-bd02-534a27788330|rpc:10.9.0.11:9856|admin:10.9.0.11:9857|client:10.9.0.11:9858|dataStream:|priority:0, 6faa6611-23fc-4345-bb65-be19e167da96|rpc:10.9.0.12:9856|admin:10.9.0.12:9857|client:10.9.0.12:9858|dataStream:|priority:1], old=null
dn2_1    | 2021-05-19 19:34:39,481 [grpc-default-executor-3] INFO server.RaftServer$Division: 6faa6611-23fc-4345-bb65-be19e167da96@group-51DF4B19F29C replies to ELECTION vote request: 4e7f9253-a8ed-4cd7-b93d-8dc8310ae585<-6faa6611-23fc-4345-bb65-be19e167da96#0:FAIL-t3. Peer's state: 6faa6611-23fc-4345-bb65-be19e167da96@group-51DF4B19F29C:t3, leader=null, voted=6faa6611-23fc-4345-bb65-be19e167da96, raftlog=6faa6611-23fc-4345-bb65-be19e167da96@group-51DF4B19F29C-SegmentedRaftLog:OPENED:c-1,f0,i0, conf=0: [4e7f9253-a8ed-4cd7-b93d-8dc8310ae585|rpc:10.9.0.13:9856|admin:10.9.0.13:9857|client:10.9.0.13:9858|dataStream:|priority:1, 4e5ccc13-5745-44e3-bd02-534a27788330|rpc:10.9.0.11:9856|admin:10.9.0.11:9857|client:10.9.0.11:9858|dataStream:|priority:0, 6faa6611-23fc-4345-bb65-be19e167da96|rpc:10.9.0.12:9856|admin:10.9.0.12:9857|client:10.9.0.12:9858|dataStream:|priority:0], old=null
dn2_1    | 2021-05-19 19:34:39,542 [6faa6611-23fc-4345-bb65-be19e167da96@group-51DF4B19F29C-LeaderElection1] INFO impl.LeaderElection: 6faa6611-23fc-4345-bb65-be19e167da96@group-51DF4B19F29C-LeaderElection1: ELECTION REJECTED received 1 response(s) and 0 exception(s):
dn2_1    | 2021-05-19 19:34:39,554 [6faa6611-23fc-4345-bb65-be19e167da96@group-51DF4B19F29C-LeaderElection1] INFO impl.LeaderElection:   Response 0: 6faa6611-23fc-4345-bb65-be19e167da96<-4e7f9253-a8ed-4cd7-b93d-8dc8310ae585#0:FAIL-t3
dn2_1    | 2021-05-19 19:34:39,554 [6faa6611-23fc-4345-bb65-be19e167da96@group-51DF4B19F29C-LeaderElection1] INFO impl.LeaderElection: 6faa6611-23fc-4345-bb65-be19e167da96@group-51DF4B19F29C-LeaderElection1 ELECTION round 0: result REJECTED
dn2_1    | 2021-05-19 19:34:39,555 [6faa6611-23fc-4345-bb65-be19e167da96@group-51DF4B19F29C-LeaderElection1] INFO server.RaftServer$Division: 6faa6611-23fc-4345-bb65-be19e167da96@group-51DF4B19F29C: changes role from CANDIDATE to FOLLOWER at term 3 for REJECTED
dn2_1    | 2021-05-19 19:34:39,555 [6faa6611-23fc-4345-bb65-be19e167da96@group-51DF4B19F29C-LeaderElection1] INFO impl.RoleInfo: 6faa6611-23fc-4345-bb65-be19e167da96: shutdown 6faa6611-23fc-4345-bb65-be19e167da96@group-51DF4B19F29C-LeaderElection1
dn2_1    | 2021-05-19 19:34:39,555 [6faa6611-23fc-4345-bb65-be19e167da96@group-51DF4B19F29C-LeaderElection1] INFO impl.RoleInfo: 6faa6611-23fc-4345-bb65-be19e167da96: start 6faa6611-23fc-4345-bb65-be19e167da96@group-51DF4B19F29C-FollowerState
dn2_1    | 2021-05-19 19:34:39,562 [6faa6611-23fc-4345-bb65-be19e167da96@group-9485CD2BA4E7-LeaderElection3] INFO impl.LeaderElection: 6faa6611-23fc-4345-bb65-be19e167da96@group-9485CD2BA4E7-LeaderElection3: ELECTION REJECTED received 2 response(s) and 0 exception(s):
dn2_1    | 2021-05-19 19:34:39,563 [6faa6611-23fc-4345-bb65-be19e167da96@group-9485CD2BA4E7-LeaderElection3] INFO impl.LeaderElection:   Response 0: 6faa6611-23fc-4345-bb65-be19e167da96<-4e7f9253-a8ed-4cd7-b93d-8dc8310ae585#0:FAIL-t2
dn2_1    | 2021-05-19 19:34:39,563 [6faa6611-23fc-4345-bb65-be19e167da96@group-9485CD2BA4E7-LeaderElection3] INFO impl.LeaderElection:   Response 1: 6faa6611-23fc-4345-bb65-be19e167da96<-4e5ccc13-5745-44e3-bd02-534a27788330#0:FAIL-t2
dn2_1    | 2021-05-19 19:34:39,563 [6faa6611-23fc-4345-bb65-be19e167da96@group-9485CD2BA4E7-LeaderElection3] INFO impl.LeaderElection: 6faa6611-23fc-4345-bb65-be19e167da96@group-9485CD2BA4E7-LeaderElection3 ELECTION round 0: result REJECTED
dn2_1    | 2021-05-19 19:34:39,563 [6faa6611-23fc-4345-bb65-be19e167da96@group-9485CD2BA4E7-LeaderElection3] INFO server.RaftServer$Division: 6faa6611-23fc-4345-bb65-be19e167da96@group-9485CD2BA4E7: changes role from CANDIDATE to FOLLOWER at term 2 for REJECTED
dn2_1    | 2021-05-19 19:34:39,563 [6faa6611-23fc-4345-bb65-be19e167da96@group-9485CD2BA4E7-LeaderElection3] INFO impl.RoleInfo: 6faa6611-23fc-4345-bb65-be19e167da96: shutdown 6faa6611-23fc-4345-bb65-be19e167da96@group-9485CD2BA4E7-LeaderElection3
dn2_1    | 2021-05-19 19:34:39,563 [6faa6611-23fc-4345-bb65-be19e167da96@group-9485CD2BA4E7-LeaderElection3] INFO impl.RoleInfo: 6faa6611-23fc-4345-bb65-be19e167da96: start 6faa6611-23fc-4345-bb65-be19e167da96@group-9485CD2BA4E7-FollowerState
dn2_1    | 2021-05-19 19:34:44,645 [grpc-default-executor-3] INFO server.RaftServer$Division: 6faa6611-23fc-4345-bb65-be19e167da96@group-51DF4B19F29C: receive requestVote(ELECTION, 4e7f9253-a8ed-4cd7-b93d-8dc8310ae585, group-51DF4B19F29C, 4, (t:2, i:0))
dn2_1    | 2021-05-19 19:34:44,645 [grpc-default-executor-3] INFO impl.VoteContext: 6faa6611-23fc-4345-bb65-be19e167da96@group-51DF4B19F29C-FOLLOWER: accept ELECTION from 4e7f9253-a8ed-4cd7-b93d-8dc8310ae585: our priority 0 <= candidate's priority 1
dn2_1    | 2021-05-19 19:34:44,645 [grpc-default-executor-3] INFO server.RaftServer$Division: 6faa6611-23fc-4345-bb65-be19e167da96@group-51DF4B19F29C: changes role from  FOLLOWER to FOLLOWER at term 4 for candidate:4e7f9253-a8ed-4cd7-b93d-8dc8310ae585
dn2_1    | 2021-05-19 19:34:44,645 [grpc-default-executor-3] INFO impl.RoleInfo: 6faa6611-23fc-4345-bb65-be19e167da96: shutdown 6faa6611-23fc-4345-bb65-be19e167da96@group-51DF4B19F29C-FollowerState
dn2_1    | 2021-05-19 19:34:44,645 [grpc-default-executor-3] INFO impl.RoleInfo: 6faa6611-23fc-4345-bb65-be19e167da96: start 6faa6611-23fc-4345-bb65-be19e167da96@group-51DF4B19F29C-FollowerState
dn2_1    | 2021-05-19 19:34:44,646 [6faa6611-23fc-4345-bb65-be19e167da96@group-51DF4B19F29C-FollowerState] INFO impl.FollowerState: 6faa6611-23fc-4345-bb65-be19e167da96@group-51DF4B19F29C-FollowerState was interrupted: {}
dn2_1    | java.lang.InterruptedException: sleep interrupted
dn2_1    | 	at java.base/java.lang.Thread.sleep(Native Method)
dn2_1    | 	at java.base/java.lang.Thread.sleep(Thread.java:339)
dn2_1    | 	at java.base/java.util.concurrent.TimeUnit.sleep(TimeUnit.java:446)
dn2_1    | 	at org.apache.ratis.util.TimeDuration.sleep(TimeDuration.java:324)
dn2_1    | 	at org.apache.ratis.util.TimeDuration.sleep(TimeDuration.java:309)
dn2_1    | 	at org.apache.ratis.server.impl.FollowerState.run(FollowerState.java:118)
dn2_1    | 2021-05-19 19:34:44,655 [grpc-default-executor-3] INFO server.RaftServer$Division: 6faa6611-23fc-4345-bb65-be19e167da96@group-51DF4B19F29C replies to ELECTION vote request: 4e7f9253-a8ed-4cd7-b93d-8dc8310ae585<-6faa6611-23fc-4345-bb65-be19e167da96#0:OK-t4. Peer's state: 6faa6611-23fc-4345-bb65-be19e167da96@group-51DF4B19F29C:t4, leader=null, voted=4e7f9253-a8ed-4cd7-b93d-8dc8310ae585, raftlog=6faa6611-23fc-4345-bb65-be19e167da96@group-51DF4B19F29C-SegmentedRaftLog:OPENED:c-1,f0,i0, conf=0: [4e7f9253-a8ed-4cd7-b93d-8dc8310ae585|rpc:10.9.0.13:9856|admin:10.9.0.13:9857|client:10.9.0.13:9858|dataStream:|priority:1, 4e5ccc13-5745-44e3-bd02-534a27788330|rpc:10.9.0.11:9856|admin:10.9.0.11:9857|client:10.9.0.11:9858|dataStream:|priority:0, 6faa6611-23fc-4345-bb65-be19e167da96|rpc:10.9.0.12:9856|admin:10.9.0.12:9857|client:10.9.0.12:9858|dataStream:|priority:0], old=null
dn2_1    | 2021-05-19 19:34:44,664 [6faa6611-23fc-4345-bb65-be19e167da96@group-9485CD2BA4E7-FollowerState] INFO impl.FollowerState: 6faa6611-23fc-4345-bb65-be19e167da96@group-9485CD2BA4E7-FollowerState: change to CANDIDATE, lastRpcElapsedTime:5101353892ns, electionTimeout:5096ms
dn2_1    | 2021-05-19 19:34:44,665 [6faa6611-23fc-4345-bb65-be19e167da96@group-9485CD2BA4E7-FollowerState] INFO impl.RoleInfo: 6faa6611-23fc-4345-bb65-be19e167da96: shutdown 6faa6611-23fc-4345-bb65-be19e167da96@group-9485CD2BA4E7-FollowerState
dn2_1    | 2021-05-19 19:34:44,665 [6faa6611-23fc-4345-bb65-be19e167da96@group-9485CD2BA4E7-FollowerState] INFO server.RaftServer$Division: 6faa6611-23fc-4345-bb65-be19e167da96@group-9485CD2BA4E7: changes role from  FOLLOWER to CANDIDATE at term 2 for changeToCandidate
dn2_1    | 2021-05-19 19:34:44,665 [6faa6611-23fc-4345-bb65-be19e167da96@group-9485CD2BA4E7-FollowerState] INFO server.RaftServerConfigKeys: raft.server.leaderelection.pre-vote = false (custom)
dn2_1    | 2021-05-19 19:34:44,665 [6faa6611-23fc-4345-bb65-be19e167da96@group-9485CD2BA4E7-FollowerState] INFO impl.RoleInfo: 6faa6611-23fc-4345-bb65-be19e167da96: start 6faa6611-23fc-4345-bb65-be19e167da96@group-9485CD2BA4E7-LeaderElection4
dn2_1    | 2021-05-19 19:34:44,678 [6faa6611-23fc-4345-bb65-be19e167da96@group-9485CD2BA4E7-LeaderElection4] INFO impl.LeaderElection: 6faa6611-23fc-4345-bb65-be19e167da96@group-9485CD2BA4E7-LeaderElection4 ELECTION round 0: submit vote requests at term 3 for 0: [4e7f9253-a8ed-4cd7-b93d-8dc8310ae585|rpc:10.9.0.13:9856|admin:10.9.0.13:9857|client:10.9.0.13:9858|dataStream:|priority:0, 4e5ccc13-5745-44e3-bd02-534a27788330|rpc:10.9.0.11:9856|admin:10.9.0.11:9857|client:10.9.0.11:9858|dataStream:|priority:0, 6faa6611-23fc-4345-bb65-be19e167da96|rpc:10.9.0.12:9856|admin:10.9.0.12:9857|client:10.9.0.12:9858|dataStream:|priority:1], old=null
