datanode3_1  | 2021-09-02 01:55:28,326 [4399b2c0-522b-4bbf-bde7-cc386b99021a@group-1413BF270A6A-FollowerState] INFO impl.RoleInfo: 4399b2c0-522b-4bbf-bde7-cc386b99021a: start 4399b2c0-522b-4bbf-bde7-cc386b99021a@group-1413BF270A6A-LeaderElection1
datanode3_1  | 2021-09-02 01:55:28,372 [4399b2c0-522b-4bbf-bde7-cc386b99021a@group-1413BF270A6A-LeaderElection1] INFO impl.LeaderElection: 4399b2c0-522b-4bbf-bde7-cc386b99021a@group-1413BF270A6A-LeaderElection1 ELECTION round 0: submit vote requests at term 1 for -1: [4399b2c0-522b-4bbf-bde7-cc386b99021a|rpc:172.25.0.104:9856|admin:172.25.0.104:9857|client:172.25.0.104:9858|priority:1], old=null
om2_1        | 2021-09-02 01:55:57,412 [om2@group-562213E44849-StateMachineUpdater] INFO ratis.OzoneManagerStateMachine: Received Configuration change notification from Ratis. New Peer list:
om2_1        | [id: "om1"
om2_1        | address: "om1:9872"
om2_1        | , id: "om3"
datanode1_1  | 2021-09-02 01:55:22,128 [Command processor thread] INFO commandhandler.CreatePipelineCommandHandler: Created Pipeline RATIS ONE PipelineID=908fb921-1392-4592-b315-23d753e1a726.
om1_1        | 2021-09-02 01:57:59,841 [Socket Reader #1 for port 9862] INFO authorize.ServiceAuthorizationManager: Authorization successful for testuser/scm@EXAMPLE.COM (auth:KERBEROS) for protocol=interface org.apache.hadoop.ozone.om.protocol.OzoneManagerProtocol
om1_1        | 2021-09-02 01:58:04,706 [Socket Reader #1 for port 9862] INFO ipc.Server: Auth successful for testuser/scm@EXAMPLE.COM (auth:KERBEROS) from 172.25.0.116:43466
om1_1        | 2021-09-02 01:58:04,798 [Socket Reader #1 for port 9862] INFO authorize.ServiceAuthorizationManager: Authorization successful for testuser/scm@EXAMPLE.COM (auth:KERBEROS) for protocol=interface org.apache.hadoop.ozone.om.protocol.OzoneManagerProtocol
om1_1        | 2021-09-02 01:58:10,147 [Socket Reader #1 for port 9862] INFO ipc.Server: Auth successful for testuser/scm@EXAMPLE.COM (auth:KERBEROS) from 172.25.0.116:43490
om1_1        | 2021-09-02 01:58:10,170 [Socket Reader #1 for port 9862] INFO authorize.ServiceAuthorizationManager: Authorization successful for testuser/scm@EXAMPLE.COM (auth:KERBEROS) for protocol=interface org.apache.hadoop.ozone.om.protocol.OzoneManagerProtocol
om1_1        | 2021-09-02 01:58:15,393 [Socket Reader #1 for port 9862] INFO ipc.Server: Auth successful for testuser/scm@EXAMPLE.COM (auth:KERBEROS) from 172.25.0.116:43524
om1_1        | 2021-09-02 01:58:15,438 [Socket Reader #1 for port 9862] INFO authorize.ServiceAuthorizationManager: Authorization successful for testuser/scm@EXAMPLE.COM (auth:KERBEROS) for protocol=interface org.apache.hadoop.ozone.om.protocol.OzoneManagerProtocol
om1_1        | 2021-09-02 01:58:20,885 [Socket Reader #1 for port 9862] INFO ipc.Server: Auth successful for testuser/scm@EXAMPLE.COM (auth:KERBEROS) from 172.25.0.116:43552
om1_1        | 2021-09-02 01:58:20,910 [Socket Reader #1 for port 9862] INFO authorize.ServiceAuthorizationManager: Authorization successful for testuser/scm@EXAMPLE.COM (auth:KERBEROS) for protocol=interface org.apache.hadoop.ozone.om.protocol.OzoneManagerProtocol
om1_1        | 2021-09-02 01:58:26,436 [Socket Reader #1 for port 9862] INFO ipc.Server: Auth successful for testuser/scm@EXAMPLE.COM (auth:KERBEROS) from 172.25.0.116:43598
om1_1        | 2021-09-02 01:58:26,475 [Socket Reader #1 for port 9862] INFO authorize.ServiceAuthorizationManager: Authorization successful for testuser/scm@EXAMPLE.COM (auth:KERBEROS) for protocol=interface org.apache.hadoop.ozone.om.protocol.OzoneManagerProtocol
om1_1        | 2021-09-02 01:58:31,619 [Socket Reader #1 for port 9862] INFO ipc.Server: Auth successful for testuser/scm@EXAMPLE.COM (auth:KERBEROS) from 172.25.0.116:43624
om1_1        | 2021-09-02 01:58:31,690 [Socket Reader #1 for port 9862] INFO authorize.ServiceAuthorizationManager: Authorization successful for testuser/scm@EXAMPLE.COM (auth:KERBEROS) for protocol=interface org.apache.hadoop.ozone.om.protocol.OzoneManagerProtocol
om1_1        | 2021-09-02 01:58:36,575 [Socket Reader #1 for port 9862] INFO ipc.Server: Auth successful for testuser/scm@EXAMPLE.COM (auth:KERBEROS) from 172.25.0.116:43638
om1_1        | 2021-09-02 01:58:36,659 [Socket Reader #1 for port 9862] INFO authorize.ServiceAuthorizationManager: Authorization successful for testuser/scm@EXAMPLE.COM (auth:KERBEROS) for protocol=interface org.apache.hadoop.ozone.om.protocol.OzoneManagerProtocol
om1_1        | 2021-09-02 01:58:41,718 [Socket Reader #1 for port 9862] INFO ipc.Server: Auth successful for testuser/scm@EXAMPLE.COM (auth:KERBEROS) from 172.25.0.116:43664
om1_1        | 2021-09-02 01:58:41,758 [Socket Reader #1 for port 9862] INFO authorize.ServiceAuthorizationManager: Authorization successful for testuser/scm@EXAMPLE.COM (auth:KERBEROS) for protocol=interface org.apache.hadoop.ozone.om.protocol.OzoneManagerProtocol
om1_1        | 2021-09-02 01:58:46,316 [Socket Reader #1 for port 9862] INFO ipc.Server: Auth successful for testuser/scm@EXAMPLE.COM (auth:KERBEROS) from 172.25.0.116:43684
datanode1_1  | 2021-09-02 01:55:22,129 [Command processor thread] INFO server.RaftServer: 45f05b04-c6b6-4a03-be29-ae17fdf1f377: addNew group-4CF7C6C75695:[45f05b04-c6b6-4a03-be29-ae17fdf1f377|rpc:172.25.0.102:9856|admin:172.25.0.102:9857|client:172.25.0.102:9858|priority:0, a06adac5-7884-4935-adc5-a4e2e3de384c|rpc:172.25.0.103:9856|admin:172.25.0.103:9857|client:172.25.0.103:9858|priority:0, 4399b2c0-522b-4bbf-bde7-cc386b99021a|rpc:172.25.0.104:9856|admin:172.25.0.104:9857|client:172.25.0.104:9858|priority:1] returns group-4CF7C6C75695:java.util.concurrent.CompletableFuture@359ca37e[Not completed]
datanode1_1  | 2021-09-02 01:55:22,156 [pool-23-thread-1] INFO server.RaftServer$Division: 45f05b04-c6b6-4a03-be29-ae17fdf1f377: new RaftServerImpl for group-4CF7C6C75695:[45f05b04-c6b6-4a03-be29-ae17fdf1f377|rpc:172.25.0.102:9856|admin:172.25.0.102:9857|client:172.25.0.102:9858|priority:0, a06adac5-7884-4935-adc5-a4e2e3de384c|rpc:172.25.0.103:9856|admin:172.25.0.103:9857|client:172.25.0.103:9858|priority:0, 4399b2c0-522b-4bbf-bde7-cc386b99021a|rpc:172.25.0.104:9856|admin:172.25.0.104:9857|client:172.25.0.104:9858|priority:1] with ContainerStateMachine:uninitialized
datanode1_1  | 2021-09-02 01:55:22,160 [pool-23-thread-1] INFO server.RaftServerConfigKeys: raft.server.rpc.timeout.min = 5s (custom)
s3g_1        | Sleeping for 5 seconds
s3g_1        | No '-XX:...' jvm parameters are set. Adding safer GC settings '-XX:ParallelGCThreads=8 -XX:+UseConcMarkSweepGC -XX:CMSInitiatingOccupancyFraction=70 -XX:+CMSParallelRemarkEnabled' to the OZONE_OPTS
s3g_1        | OpenJDK 64-Bit Server VM warning: Option UseConcMarkSweepGC was deprecated in version 9.0 and will likely be removed in a future release.
s3g_1        | 2021-09-02 01:53:03,938 [main] INFO security.UserGroupInformation: Login successful for user s3g/s3g@EXAMPLE.COM using keytab file s3g.keytab. Keytab auto renewal enabled : false
om1_1        | 2021-09-02 01:58:46,408 [Socket Reader #1 for port 9862] INFO authorize.ServiceAuthorizationManager: Authorization successful for testuser/scm@EXAMPLE.COM (auth:KERBEROS) for protocol=interface org.apache.hadoop.ozone.om.protocol.OzoneManagerProtocol
om1_1        | 2021-09-02 01:58:52,093 [Socket Reader #1 for port 9862] INFO ipc.Server: Auth successful for testuser/scm@EXAMPLE.COM (auth:KERBEROS) from 172.25.0.116:43710
om1_1        | 2021-09-02 01:58:52,127 [Socket Reader #1 for port 9862] INFO authorize.ServiceAuthorizationManager: Authorization successful for testuser/scm@EXAMPLE.COM (auth:KERBEROS) for protocol=interface org.apache.hadoop.ozone.om.protocol.OzoneManagerProtocol
om1_1        | 2021-09-02 01:58:57,546 [Socket Reader #1 for port 9862] INFO ipc.Server: Auth successful for testuser/scm@EXAMPLE.COM (auth:KERBEROS) from 172.25.0.116:43756
datanode1_1  | 2021-09-02 01:55:22,161 [pool-23-thread-1] INFO server.RaftServerConfigKeys: raft.server.rpc.timeout.max = 5200ms (custom)
datanode1_1  | 2021-09-02 01:55:22,161 [pool-23-thread-1] INFO server.RaftServerConfigKeys: raft.server.rpc.sleep.time = 25ms (default)
datanode1_1  | 2021-09-02 01:55:22,161 [pool-23-thread-1] INFO server.RaftServerConfigKeys: raft.server.rpc.slowness.timeout = 300s (custom)
datanode1_1  | 2021-09-02 01:55:22,166 [pool-23-thread-1] INFO server.RaftServerConfigKeys: raft.server.leaderelection.leader.step-down.wait-time = 10s (default)
om1_1        | 2021-09-02 01:58:57,611 [Socket Reader #1 for port 9862] INFO authorize.ServiceAuthorizationManager: Authorization successful for testuser/scm@EXAMPLE.COM (auth:KERBEROS) for protocol=interface org.apache.hadoop.ozone.om.protocol.OzoneManagerProtocol
om1_1        | 2021-09-02 01:59:03,043 [Socket Reader #1 for port 9862] INFO ipc.Server: Auth successful for testuser/scm@EXAMPLE.COM (auth:KERBEROS) from 172.25.0.116:43780
om1_1        | 2021-09-02 01:59:03,073 [Socket Reader #1 for port 9862] INFO authorize.ServiceAuthorizationManager: Authorization successful for testuser/scm@EXAMPLE.COM (auth:KERBEROS) for protocol=interface org.apache.hadoop.ozone.om.protocol.OzoneManagerProtocol
om1_1        | 2021-09-02 01:59:07,852 [Socket Reader #1 for port 9862] INFO ipc.Server: Auth successful for testuser/scm@EXAMPLE.COM (auth:KERBEROS) from 172.25.0.116:43802
datanode1_1  | 2021-09-02 01:55:22,166 [pool-23-thread-1] INFO server.RaftServerConfigKeys: raft.server.sleep.deviation.threshold = 300ms (default)
datanode1_1  | 2021-09-02 01:55:22,167 [pool-23-thread-1] INFO server.RaftServerConfigKeys: raft.server.log.appender.install.snapshot.enabled = false (custom)
datanode1_1  | 2021-09-02 01:55:22,169 [pool-23-thread-1] INFO server.RaftServer$Division: 45f05b04-c6b6-4a03-be29-ae17fdf1f377@group-4CF7C6C75695: ConfigurationManager, init=-1: [45f05b04-c6b6-4a03-be29-ae17fdf1f377|rpc:172.25.0.102:9856|admin:172.25.0.102:9857|client:172.25.0.102:9858|priority:0, a06adac5-7884-4935-adc5-a4e2e3de384c|rpc:172.25.0.103:9856|admin:172.25.0.103:9857|client:172.25.0.103:9858|priority:0, 4399b2c0-522b-4bbf-bde7-cc386b99021a|rpc:172.25.0.104:9856|admin:172.25.0.104:9857|client:172.25.0.104:9858|priority:1], old=null, confs=<EMPTY_MAP>
datanode1_1  | 2021-09-02 01:55:22,170 [pool-23-thread-1] INFO server.RaftServerConfigKeys: raft.server.storage.dir = [/data/metadata/ratis] (custom)
datanode1_1  | 2021-09-02 01:55:22,170 [pool-23-thread-1] INFO server.RaftServerConfigKeys: raft.server.log.corruption.policy = EXCEPTION (default)
datanode1_1  | 2021-09-02 01:55:22,170 [pool-23-thread-1] INFO server.RaftServerConfigKeys: raft.server.storage.free-space.min = 0MB (=0) (default)
datanode1_1  | 2021-09-02 01:55:22,170 [pool-23-thread-1] INFO storage.RaftStorageDirectory: The storage directory /data/metadata/ratis/72a14a9c-f455-4fef-826c-4cf7c6c75695 does not exist. Creating ...
datanode1_1  | 2021-09-02 01:55:22,172 [pool-23-thread-1] INFO storage.RaftStorageDirectory: Lock on /data/metadata/ratis/72a14a9c-f455-4fef-826c-4cf7c6c75695/in_use.lock acquired by nodename 7@2c587afc2efb
datanode1_1  | 2021-09-02 01:55:22,186 [pool-23-thread-1] INFO storage.RaftStorage: Storage directory /data/metadata/ratis/72a14a9c-f455-4fef-826c-4cf7c6c75695 has been successfully formatted.
datanode1_1  | 2021-09-02 01:55:22,197 [pool-23-thread-1] INFO ratis.ContainerStateMachine: group-4CF7C6C75695: The snapshot info is null. Setting the last applied indexto:(t:0, i:~)
datanode1_1  | 2021-09-02 01:55:22,198 [pool-23-thread-1] INFO server.RaftServerConfigKeys: raft.server.notification.no-leader.timeout = 300s (custom)
datanode1_1  | 2021-09-02 01:55:22,199 [pool-23-thread-1] INFO server.RaftServerConfigKeys: raft.server.log.use.memory = false (default)
datanode1_1  | 2021-09-02 01:55:22,203 [pool-23-thread-1] INFO server.RaftServerConfigKeys: raft.server.log.purge.gap = 1000000 (custom)
datanode1_1  | 2021-09-02 01:55:22,204 [pool-23-thread-1] INFO server.RaftServerConfigKeys: raft.server.log.appender.buffer.byte-limit = 33554432 (custom)
datanode1_1  | 2021-09-02 01:55:22,243 [pool-23-thread-1] INFO server.RaftServerConfigKeys: raft.server.log.segment.size.max = 1048576 (custom)
datanode1_1  | 2021-09-02 01:55:22,251 [pool-23-thread-1] INFO server.RaftServerConfigKeys: raft.server.log.segment.cache.num.max = 2 (custom)
s3g_1        | 2021-09-02 01:53:03,939 [main] INFO s3.Gateway: S3Gateway login successful.
s3g_1        | 2021-09-02 01:53:04,188 [main] INFO http.BaseHttpServer: Starting Web-server for s3gateway at: http://0.0.0.0:9878
s3g_1        | 2021-09-02 01:53:04,198 [main] INFO http.BaseHttpServer: Hadoop Security Enabled: true Ozone Security Enabled: true Ozone HTTP Security Enabled: true 
s3g_1        | 2021-09-02 01:53:04,198 [main] INFO http.BaseHttpServer: HttpAuthType: ozone.s3g.http.auth.type = kerberos
s3g_1        | 2021-09-02 01:53:04,329 [main] INFO util.log: Logging initialized @6266ms to org.eclipse.jetty.util.log.Slf4jLog
s3g_1        | 2021-09-02 01:53:04,821 [main] INFO http.HttpRequestLog: Http request log for http.requests.s3gateway is not defined
s3g_1        | 2021-09-02 01:53:04,871 [main] INFO http.HttpServer2: Added global filter 'safety' (class=org.apache.hadoop.hdds.server.http.HttpServer2$QuotingInputFilter)
s3g_1        | 2021-09-02 01:53:04,884 [main] INFO http.HttpServer2: Added filter authentication (class=org.apache.hadoop.security.authentication.server.AuthenticationFilter) to context s3gateway
om1_1        | 2021-09-02 01:59:07,917 [Socket Reader #1 for port 9862] INFO authorize.ServiceAuthorizationManager: Authorization successful for testuser/scm@EXAMPLE.COM (auth:KERBEROS) for protocol=interface org.apache.hadoop.ozone.om.protocol.OzoneManagerProtocol
om1_1        | 2021-09-02 01:59:17,047 [Socket Reader #1 for port 9862] INFO ipc.Server: Auth successful for testuser/scm@EXAMPLE.COM (auth:KERBEROS) from 172.25.0.116:43866
om1_1        | 2021-09-02 01:59:17,085 [Socket Reader #1 for port 9862] INFO authorize.ServiceAuthorizationManager: Authorization successful for testuser/scm@EXAMPLE.COM (auth:KERBEROS) for protocol=interface org.apache.hadoop.ozone.om.protocol.OzoneManagerProtocol
om1_1        | 2021-09-02 01:59:24,224 [Socket Reader #1 for port 9862] INFO ipc.Server: Auth successful for testuser/scm@EXAMPLE.COM (auth:KERBEROS) from 172.25.0.116:43902
om1_1        | 2021-09-02 01:59:24,341 [Socket Reader #1 for port 9862] INFO authorize.ServiceAuthorizationManager: Authorization successful for testuser/scm@EXAMPLE.COM (auth:KERBEROS) for protocol=interface org.apache.hadoop.ozone.om.protocol.OzoneManagerProtocol
om1_1        | 2021-09-02 01:59:32,665 [Socket Reader #1 for port 9862] INFO ipc.Server: Auth successful for testuser/scm@EXAMPLE.COM (auth:KERBEROS) from 172.25.0.116:43942
om1_1        | 2021-09-02 01:59:32,741 [Socket Reader #1 for port 9862] INFO authorize.ServiceAuthorizationManager: Authorization successful for testuser/scm@EXAMPLE.COM (auth:KERBEROS) for protocol=interface org.apache.hadoop.ozone.om.protocol.OzoneManagerProtocol
om1_1        | 2021-09-02 01:59:40,366 [Socket Reader #1 for port 9862] INFO ipc.Server: Auth successful for testuser/scm@EXAMPLE.COM (auth:KERBEROS) from 172.25.0.116:43978
om1_1        | 2021-09-02 01:59:40,407 [Socket Reader #1 for port 9862] INFO authorize.ServiceAuthorizationManager: Authorization successful for testuser/scm@EXAMPLE.COM (auth:KERBEROS) for protocol=interface org.apache.hadoop.ozone.om.protocol.OzoneManagerProtocol
om1_1        | 2021-09-02 01:59:46,193 [Socket Reader #1 for port 9862] INFO ipc.Server: Auth successful for testuser/scm@EXAMPLE.COM (auth:KERBEROS) from 172.25.0.116:44022
s3g_1        | 2021-09-02 01:53:04,889 [main] INFO http.HttpServer2: Added filter authentication (class=org.apache.hadoop.security.authentication.server.AuthenticationFilter) to context static
s3g_1        | 2021-09-02 01:53:04,889 [main] INFO http.HttpServer2: Added filter authentication (class=org.apache.hadoop.security.authentication.server.AuthenticationFilter) to context logs
s3g_1        | 2021-09-02 01:53:04,894 [main] INFO http.HttpServer2: Initialize spnego with host: 0.0.0.0 userKey: ozone.s3g.http.auth.kerberos.principal keytabKey: ozone.s3g.http.auth.kerberos.keytab
s3g_1        | 2021-09-02 01:53:05,249 [main] INFO s3.Gateway: STARTUP_MSG: 
s3g_1        | /************************************************************
s3g_1        | STARTUP_MSG: Starting Gateway
s3g_1        | STARTUP_MSG:   host = s3g/172.25.0.114
om1_1        | 2021-09-02 01:59:46,261 [Socket Reader #1 for port 9862] INFO authorize.ServiceAuthorizationManager: Authorization successful for testuser/scm@EXAMPLE.COM (auth:KERBEROS) for protocol=interface org.apache.hadoop.ozone.om.protocol.OzoneManagerProtocol
om1_1        | 2021-09-02 01:59:51,897 [Socket Reader #1 for port 9862] INFO ipc.Server: Auth successful for testuser/scm@EXAMPLE.COM (auth:KERBEROS) from 172.25.0.116:44046
om1_1        | 2021-09-02 01:59:51,944 [Socket Reader #1 for port 9862] INFO authorize.ServiceAuthorizationManager: Authorization successful for testuser/scm@EXAMPLE.COM (auth:KERBEROS) for protocol=interface org.apache.hadoop.ozone.om.protocol.OzoneManagerProtocol
om2_1        | address: "om3:9872"
om2_1        | , id: "om2"
om2_1        | address: "om2:9872"
datanode3_1  | 2021-09-02 01:55:28,394 [4399b2c0-522b-4bbf-bde7-cc386b99021a@group-1413BF270A6A-LeaderElection1] INFO impl.LeaderElection: 4399b2c0-522b-4bbf-bde7-cc386b99021a@group-1413BF270A6A-LeaderElection1 ELECTION round 0: result PASSED (term=1)
datanode3_1  | 2021-09-02 01:55:28,397 [4399b2c0-522b-4bbf-bde7-cc386b99021a@group-1413BF270A6A-LeaderElection1] INFO impl.RoleInfo: 4399b2c0-522b-4bbf-bde7-cc386b99021a: shutdown 4399b2c0-522b-4bbf-bde7-cc386b99021a@group-1413BF270A6A-LeaderElection1
datanode3_1  | 2021-09-02 01:55:28,401 [4399b2c0-522b-4bbf-bde7-cc386b99021a@group-1413BF270A6A-LeaderElection1] INFO server.RaftServer$Division: 4399b2c0-522b-4bbf-bde7-cc386b99021a@group-1413BF270A6A: changes role from CANDIDATE to LEADER at term 1 for changeToLeader
om1_1        | 2021-09-02 01:59:56,695 [Socket Reader #1 for port 9862] INFO ipc.Server: Auth successful for testuser/scm@EXAMPLE.COM (auth:KERBEROS) from 172.25.0.116:44068
datanode1_1  | 2021-09-02 01:55:22,257 [pool-23-thread-1] INFO server.RaftServerConfigKeys: raft.server.log.segment.cache.size.max = 200MB (=209715200) (default)
datanode1_1  | 2021-09-02 01:55:22,259 [pool-23-thread-1] INFO segmented.SegmentedRaftLogWorker: new 45f05b04-c6b6-4a03-be29-ae17fdf1f377@group-4CF7C6C75695-SegmentedRaftLogWorker for RaftStorageImpl:Storage Directory /data/metadata/ratis/72a14a9c-f455-4fef-826c-4cf7c6c75695
s3g_1        | STARTUP_MSG:   args = []
s3g_1        | STARTUP_MSG:   version = 1.2.0-SNAPSHOT
om2_1        | ]
om2_1        | 2021-09-02 01:56:00,111 [Socket Reader #1 for port 9862] INFO ipc.Server: Auth successful for scm/scm@EXAMPLE.COM (auth:KERBEROS) from 172.25.0.116:34686
om2_1        | 2021-09-02 01:56:00,122 [Socket Reader #1 for port 9862] INFO authorize.ServiceAuthorizationManager: Authorization successful for scm/scm@EXAMPLE.COM (auth:KERBEROS) for protocol=interface org.apache.hadoop.ozone.om.protocol.OzoneManagerProtocol
datanode1_1  | 2021-09-02 01:55:22,260 [pool-23-thread-1] INFO server.RaftServerConfigKeys: raft.server.log.queue.byte-limit = 2147483647 (custom)
datanode1_1  | 2021-09-02 01:55:22,261 [pool-23-thread-1] INFO server.RaftServerConfigKeys: raft.server.log.queue.element-limit = 1024 (custom)
om1_1        | 2021-09-02 01:59:56,757 [Socket Reader #1 for port 9862] INFO authorize.ServiceAuthorizationManager: Authorization successful for testuser/scm@EXAMPLE.COM (auth:KERBEROS) for protocol=interface org.apache.hadoop.ozone.om.protocol.OzoneManagerProtocol
s3g_1        | STARTUP_MSG:   classpath = /etc/hadoop:/opt/hadoop/share/ozone/lib/hdds-interface-admin-1.2.0-SNAPSHOT.jar:/opt/hadoop/share/ozone/lib/jackson-annotations-2.12.1.jar:/opt/hadoop/share/ozone/lib/kerb-simplekdc-1.0.1.jar:/opt/hadoop/share/ozone/lib/hk2-utils-2.5.0.jar:/opt/hadoop/share/ozone/lib/jakarta.inject-2.6.1.jar:/opt/hadoop/share/ozone/lib/hk2-locator-2.6.1.jar:/opt/hadoop/share/ozone/lib/slf4j-log4j12-1.7.30.jar:/opt/hadoop/share/ozone/lib/protobuf-java-2.5.0.jar:/opt/hadoop/share/ozone/lib/jaxb-core-2.3.0.1.jar:/opt/hadoop/share/ozone/lib/log4j-api-2.13.3.jar:/opt/hadoop/share/ozone/lib/istack-commons-runtime-3.0.5.jar:/opt/hadoop/share/ozone/lib/commons-validator-1.6.jar:/opt/hadoop/share/ozone/lib/aopalliance-repackaged-2.5.0.jar:/opt/hadoop/share/ozone/lib/bcpkix-jdk15on-1.67.jar:/opt/hadoop/share/ozone/lib/hdds-server-framework-1.2.0-SNAPSHOT.jar:/opt/hadoop/share/ozone/lib/javax.interceptor-api-1.2.jar:/opt/hadoop/share/ozone/lib/jetty-security-9.4.43.v20210629.jar:/opt/hadoop/share/ozone/lib/rocksdbjni-6.20.3.jar:/opt/hadoop/share/ozone/lib/kerb-core-1.0.1.jar:/opt/hadoop/share/ozone/lib/hdds-interface-server-1.2.0-SNAPSHOT.jar:/opt/hadoop/share/ozone/lib/hadoop-shaded-protobuf_3_7-1.1.1.jar:/opt/hadoop/share/ozone/lib/okhttp-4.9.0.jar:/opt/hadoop/share/ozone/lib/jsr305-3.0.0.jar:/opt/hadoop/share/ozone/lib/javax.el-api-3.0.0.jar:/opt/hadoop/share/ozone/lib/j2objc-annotations-1.3.jar:/opt/hadoop/share/ozone/lib/hdds-hadoop-dependency-server-1.2.0-SNAPSHOT.jar:/opt/hadoop/share/ozone/lib/jakarta.ws.rs-api-2.1.6.jar:/opt/hadoop/share/ozone/lib/picocli-4.6.1.jar:/opt/hadoop/share/ozone/lib/javassist-3.21.0-GA.jar:/opt/hadoop/share/ozone/lib/jaxb-api-2.3.0.jar:/opt/hadoop/share/ozone/lib/htrace-core4-4.1.0-incubating.jar:/opt/hadoop/share/ozone/lib/ratis-metrics-2.1.0-03f3b68-SNAPSHOT.jar:/opt/hadoop/share/ozone/lib/commons-io-2.8.0.jar:/opt/hadoop/share/ozone/lib/kerb-util-1.0.1.jar:/opt/hadoop/share/ozone/lib/kotlin-stdlib-common-1.4.31.jar:/opt/hadoop/share/ozone/lib/jackson-dataformat-xml-2.12.1.jar:/opt/hadoop/share/ozone/lib/ratis-netty-2.1.0-03f3b68-SNAPSHOT.jar:/opt/hadoop/share/ozone/lib/checker-qual-3.8.0.jar:/opt/hadoop/share/ozone/lib/hadoop-shaded-guava-1.1.1.jar:/opt/hadoop/share/ozone/lib/commons-logging-1.2.jar:/opt/hadoop/share/ozone/lib/kerby-xdr-1.0.1.jar:/opt/hadoop/share/ozone/lib/ratis-server-2.1.0-03f3b68-SNAPSHOT.jar:/opt/hadoop/share/ozone/lib/jersey-container-servlet-core-2.33.jar:/opt/hadoop/share/ozone/lib/txw2-2.3.0.1.jar:/opt/hadoop/share/ozone/lib/jackson-datatype-jsr310-2.12.1.jar:/opt/hadoop/share/ozone/lib/httpcore-4.4.13.jar:/opt/hadoop/share/ozone/lib/opentracing-tracerresolver-0.1.8.jar:/opt/hadoop/share/ozone/lib/commons-net-3.6.jar:/opt/hadoop/share/ozone/lib/hdds-client-1.2.0-SNAPSHOT.jar:/opt/hadoop/share/ozone/lib/libthrift-0.14.1.jar:/opt/hadoop/share/ozone/lib/snakeyaml-1.26.jar:/opt/hadoop/share/ozone/lib/stax-ex-1.7.8.jar:/opt/hadoop/share/ozone/lib/error_prone_annotations-2.2.0.jar:/opt/hadoop/share/ozone/lib/jetty-servlet-9.4.43.v20210629.jar:/opt/hadoop/share/ozone/lib/httpclient-4.5.13.jar:/opt/hadoop/share/ozone/lib/jaeger-client-1.6.0.jar:/opt/hadoop/share/ozone/lib/kerby-config-1.0.1.jar:/opt/hadoop/share/ozone/lib/metrics-core-3.2.4.jar:/opt/hadoop/share/ozone/lib/kerby-pkix-1.0.1.jar:/opt/hadoop/share/ozone/lib/cdi-api-1.2.jar:/opt/hadoop/share/ozone/lib/activation-1.1.1.jar:/opt/hadoop/share/ozone/lib/jetty-webapp-9.4.43.v20210629.jar:/opt/hadoop/share/ozone/lib/commons-beanutils-1.9.4.jar:/opt/hadoop/share/ozone/lib/hk2-api-2.5.0.jar:/opt/hadoop/share/ozone/lib/ozone-interface-client-1.2.0-SNAPSHOT.jar:/opt/hadoop/share/ozone/lib/javax.inject-1.jar:/opt/hadoop/share/ozone/lib/ratis-proto-2.1.0-03f3b68-SNAPSHOT.jar:/opt/hadoop/share/ozone/lib/ratis-client-2.1.0-03f3b68-SNAPSHOT.jar:/opt/hadoop/share/ozone/lib/kerb-server-1.0.1.jar:/opt/hadoop/share/ozone/lib/javax.servlet-api-3.1.0.jar:/opt/hadoop/share/ozone/lib/guava-30.1.1-jre.jar:/opt/hadoop/share/ozone/lib/jakarta.validation-api-2.0.2.jar:/opt/hadoop/share/ozone/lib/jackson-core-2.12.1.jar:/opt/hadoop/share/ozone/lib/kerb-client-1.0.1.jar:/opt/hadoop/share/ozone/lib/disruptor-3.4.2.jar:/opt/hadoop/share/ozone/lib/reflections-0.9.11.jar:/opt/hadoop/share/ozone/lib/jersey-client-2.33.jar:/opt/hadoop/share/ozone/lib/log4j-core-2.13.3.jar:/opt/hadoop/share/ozone/lib/jetty-io-9.4.43.v20210629.jar:/opt/hadoop/share/ozone/lib/hadoop-hdfs-3.3.1.jar:/opt/hadoop/share/ozone/lib/annotations-13.0.jar:/opt/hadoop/share/ozone/lib/jetty-server-9.4.43.v20210629.jar:/opt/hadoop/share/ozone/lib/simpleclient_common-0.7.0.jar:/opt/hadoop/share/ozone/lib/jackson-databind-2.12.1.jar:/opt/hadoop/share/ozone/lib/jaeger-thrift-1.6.0.jar:/opt/hadoop/share/ozone/lib/hadoop-common-3.3.1.jar:/opt/hadoop/share/ozone/lib/dnsjava-2.1.7.jar:/opt/hadoop/share/ozone/lib/bcprov-jdk15on-1.67.jar:/opt/hadoop/share/ozone/lib/jersey-hk2-2.33.jar:/opt/hadoop/share/ozone/lib/commons-configuration2-2.1.1.jar:/opt/hadoop/share/ozone/lib/json-smart-2.3.jar:/opt/hadoop/share/ozone/lib/token-provider-1.0.1.jar:/opt/hadoop/share/ozone/lib/log4j-1.2.17.jar:/opt/hadoop/share/ozone/lib/commons-daemon-1.0.13.jar:/opt/hadoop/share/ozone/lib/listenablefuture-9999.0-empty-to-avoid-conflict-with-guava.jar:/opt/hadoop/share/ozone/lib/jaeger-tracerresolver-1.6.0.jar:/opt/hadoop/share/ozone/lib/jetty-xml-9.4.43.v20210629.jar:/opt/hadoop/share/ozone/lib/jersey-media-jaxb-2.33.jar:/opt/hadoop/share/ozone/lib/ozone-common-1.2.0-SNAPSHOT.jar:/opt/hadoop/share/ozone/lib/commons-lang3-3.7.jar:/opt/hadoop/share/ozone/lib/hdds-common-1.2.0-SNAPSHOT.jar:/opt/hadoop/share/ozone/lib/accessors-smart-1.2.jar:/opt/hadoop/share/ozone/lib/re2j-1.1.jar:/opt/hadoop/share/ozone/lib/jakarta.annotation-api-1.3.5.jar:/opt/hadoop/share/ozone/lib/commons-math3-3.1.1.jar:/opt/hadoop/share/ozone/lib/ratis-thirdparty-misc-0.7.0.jar:/opt/hadoop/share/ozone/lib/simpleclient_dropwizard-0.7.0.jar:/opt/hadoop/share/ozone/lib/jersey-server-2.33.jar:/opt/hadoop/share/ozone/lib/jersey-cdi1x-2.33.jar:/opt/hadoop/share/ozone/lib/simpleclient-0.7.0.jar:/opt/hadoop/share/ozone/lib/osgi-resource-locator-1.0.3.jar:/opt/hadoop/share/ozone/lib/ozone-client-1.2.0-SNAPSHOT.jar:/opt/hadoop/share/ozone/lib/asm-5.0.4.jar:/opt/hadoop/share/ozone/lib/kerby-util-1.0.1.jar:/opt/hadoop/share/ozone/lib/hdds-hadoop-dependency-client-1.2.0-SNAPSHOT.jar:/opt/hadoop/share/ozone/lib/failureaccess-1.0.1.jar:/opt/hadoop/share/ozone/lib/okio-2.8.0.jar:/opt/hadoop/share/ozone/lib/hdds-config-1.2.0-SNAPSHOT.jar:/opt/hadoop/share/ozone/lib/jsp-api-2.1.jar:/opt/hadoop/share/ozone/lib/jetty-http-9.4.43.v20210629.jar:/opt/hadoop/share/ozone/lib/jsch-0.1.54.jar:/opt/hadoop/share/ozone/lib/jakarta.activation-api-1.2.1.jar:/opt/hadoop/share/ozone/lib/slf4j-api-1.7.30.jar:/opt/hadoop/share/ozone/lib/hadoop-hdfs-client-3.3.1.jar:/opt/hadoop/share/ozone/lib/nimbus-jose-jwt-7.9.jar:/opt/hadoop/share/ozone/lib/commons-codec-1.11.jar:/opt/hadoop/share/ozone/lib/commons-pool2-2.6.0.jar:/opt/hadoop/share/ozone/lib/jetty-util-9.4.43.v20210629.jar:/opt/hadoop/share/ozone/lib/gson-2.2.4.jar:/opt/hadoop/share/ozone/lib/opentracing-api-0.33.0.jar:/opt/hadoop/share/ozone/lib/jetty-util-ajax-9.4.43.v20210629.jar:/opt/hadoop/share/ozone/lib/hdds-interface-client-1.2.0-SNAPSHOT.jar:/opt/hadoop/share/ozone/lib/jcip-annotations-1.0-1.jar:/opt/hadoop/share/ozone/lib/kerb-admin-1.0.1.jar:/opt/hadoop/share/ozone/lib/kotlin-stdlib-1.4.31.jar:/opt/hadoop/share/ozone/lib/opentracing-noop-0.33.0.jar:/opt/hadoop/share/ozone/lib/jackson-module-jaxb-annotations-2.12.1.jar:/opt/hadoop/share/ozone/lib/jaxb-runtime-2.3.0.1.jar:/opt/hadoop/share/ozone/lib/ratis-grpc-2.1.0-03f3b68-SNAPSHOT.jar:/opt/hadoop/share/ozone/lib/opentracing-util-0.33.0.jar:/opt/hadoop/share/ozone/lib/snappy-java-1.1.8.2.jar:/opt/hadoop/share/ozone/lib/jakarta.xml.bind-api-2.3.2.jar:/opt/hadoop/share/ozone/lib/commons-cli-1.2.jar:/opt/hadoop/share/ozone/lib/woodstox-core-5.0.3.jar:/opt/hadoop/share/ozone/lib/javax.annotation-api-1.2.jar:/opt/hadoop/share/ozone/lib/kerby-asn1-1.0.1.jar:/opt/hadoop/share/ozone/lib/hadoop-annotations-3.3.1.jar:/opt/hadoop/share/ozone/lib/stax2-api-3.1.4.jar:/opt/hadoop/share/ozone/lib/commons-digester-1.8.1.jar:/opt/hadoop/share/ozone/lib/jaeger-core-1.6.0.jar:/opt/hadoop/share/ozone/lib/jersey-common-2.33.jar:/opt/hadoop/share/ozone/lib/commons-collections-3.2.2.jar:/opt/hadoop/share/ozone/lib/ratis-server-api-2.1.0-03f3b68-SNAPSHOT.jar:/opt/hadoop/share/ozone/lib/commons-text-1.4.jar:/opt/hadoop/share/ozone/lib/weld-servlet-2.4.7.Final.jar:/opt/hadoop/share/ozone/lib/hadoop-auth-3.3.1.jar:/opt/hadoop/share/ozone/lib/kerb-identity-1.0.1.jar:/opt/hadoop/share/ozone/lib/FastInfoset-1.2.13.jar:/opt/hadoop/share/ozone/lib/ratis-common-2.1.0-03f3b68-SNAPSHOT.jar:/opt/hadoop/share/ozone/lib/kerb-common-1.0.1.jar:/opt/hadoop/share/ozone/lib/commons-compress-1.20.jar:/opt/hadoop/share/ozone/lib/kerb-crypto-1.0.1.jar:/opt/hadoop/share/ozone/web:/opt/hadoop/share/ozone/lib/ozone-s3gateway-1.2.0-SNAPSHOT.jar
s3g_1        | STARTUP_MSG:   build = https://github.com/apache/ozone/cdac8bc30313b28338bf0478ec3d67287b2b51db ; compiled by 'runner' on 2021-09-02T00:49Z
s3g_1        | STARTUP_MSG:   java = 11.0.10
s3g_1        | ************************************************************/
s3g_1        | 2021-09-02 01:53:05,289 [main] INFO s3.Gateway: registered UNIX signal handlers for [TERM, HUP, INT]
s3g_1        | 2021-09-02 01:53:05,443 [main] INFO s3.Gateway: Starting Ozone S3 gateway
datanode3_1  | 2021-09-02 01:55:28,414 [4399b2c0-522b-4bbf-bde7-cc386b99021a@group-1413BF270A6A-LeaderElection1] INFO ratis.XceiverServerRatis: Leader change notification received for group: group-1413BF270A6A with new leaderId: 4399b2c0-522b-4bbf-bde7-cc386b99021a
datanode3_1  | 2021-09-02 01:55:28,422 [4399b2c0-522b-4bbf-bde7-cc386b99021a@group-1413BF270A6A-LeaderElection1] INFO server.RaftServer$Division: 4399b2c0-522b-4bbf-bde7-cc386b99021a@group-1413BF270A6A: change Leader from null to 4399b2c0-522b-4bbf-bde7-cc386b99021a at term 1 for becomeLeader, leader elected after 6270ms
datanode3_1  | 2021-09-02 01:55:28,462 [4399b2c0-522b-4bbf-bde7-cc386b99021a@group-4CF7C6C75695-FollowerState] INFO impl.FollowerState: 4399b2c0-522b-4bbf-bde7-cc386b99021a@group-4CF7C6C75695-FollowerState: change to CANDIDATE, lastRpcElapsedTime:5104713801ns, electionTimeout:5066ms
datanode3_1  | 2021-09-02 01:55:28,466 [4399b2c0-522b-4bbf-bde7-cc386b99021a@group-4CF7C6C75695-FollowerState] INFO impl.RoleInfo: 4399b2c0-522b-4bbf-bde7-cc386b99021a: shutdown 4399b2c0-522b-4bbf-bde7-cc386b99021a@group-4CF7C6C75695-FollowerState
datanode1_1  | 2021-09-02 01:55:22,261 [pool-23-thread-1] INFO server.RaftServerConfigKeys: raft.server.log.segment.size.max = 1048576 (custom)
datanode1_1  | 2021-09-02 01:55:22,262 [pool-23-thread-1] INFO server.RaftServerConfigKeys: raft.server.log.preallocated.size = 16384 (custom)
datanode1_1  | 2021-09-02 01:55:22,278 [pool-23-thread-1] INFO server.RaftServerConfigKeys: raft.server.log.force.sync.num = 128 (default)
datanode1_1  | 2021-09-02 01:55:22,282 [pool-23-thread-1] INFO server.RaftServerConfigKeys: raft.server.log.statemachine.data.sync = true (default)
datanode1_1  | 2021-09-02 01:55:22,284 [pool-23-thread-1] INFO server.RaftServerConfigKeys: raft.server.log.statemachine.data.sync.timeout = 10s (default)
datanode1_1  | 2021-09-02 01:55:22,298 [pool-23-thread-1] INFO server.RaftServerConfigKeys: raft.server.log.statemachine.data.sync.timeout.retry = -1 (default)
datanode1_1  | 2021-09-02 01:55:22,300 [pool-23-thread-1] INFO server.RaftServerConfigKeys: raft.server.log.write.buffer.size = 1048576 (custom)
datanode1_1  | 2021-09-02 01:55:22,307 [pool-23-thread-1] INFO server.RaftServerConfigKeys: raft.server.log.statemachine.data.caching.enabled = true (custom)
om1_1        | 2021-09-02 02:00:02,218 [Socket Reader #1 for port 9862] INFO ipc.Server: Auth successful for testuser/scm@EXAMPLE.COM (auth:KERBEROS) from 172.25.0.116:44094
om1_1        | 2021-09-02 02:00:02,235 [Socket Reader #1 for port 9862] INFO authorize.ServiceAuthorizationManager: Authorization successful for testuser/scm@EXAMPLE.COM (auth:KERBEROS) for protocol=interface org.apache.hadoop.ozone.om.protocol.OzoneManagerProtocol
om2_1        | 2021-09-02 01:56:18,228 [Socket Reader #1 for port 9862] INFO ipc.Server: Auth successful for testuser/scm@EXAMPLE.COM (auth:KERBEROS) from 172.25.0.116:34764
om2_1        | 2021-09-02 01:56:18,234 [Socket Reader #1 for port 9862] INFO authorize.ServiceAuthorizationManager: Authorization successful for testuser/scm@EXAMPLE.COM (auth:KERBEROS) for protocol=interface org.apache.hadoop.ozone.om.protocol.OzoneManagerProtocol
om2_1        | 2021-09-02 01:56:20,296 [OM StateMachine ApplyTransaction Thread - 0] INFO volume.OMVolumeCreateRequest: created volume:vol1 for user:root
om2_1        | 2021-09-02 01:56:32,668 [Socket Reader #1 for port 9862] INFO ipc.Server: Auth successful for testuser/scm@EXAMPLE.COM (auth:KERBEROS) from 172.25.0.116:34850
om2_1        | 2021-09-02 01:56:32,680 [Socket Reader #1 for port 9862] INFO authorize.ServiceAuthorizationManager: Authorization successful for testuser/scm@EXAMPLE.COM (auth:KERBEROS) for protocol=interface org.apache.hadoop.ozone.om.protocol.OzoneManagerProtocol
om2_1        | 2021-09-02 01:56:33,392 [Socket Reader #1 for port 9862] INFO ipc.Server: Auth successful for testuser/scm@EXAMPLE.COM (auth:KERBEROS) from 172.25.0.116:34856
om2_1        | 2021-09-02 01:56:33,408 [Socket Reader #1 for port 9862] INFO authorize.ServiceAuthorizationManager: Authorization successful for testuser/scm@EXAMPLE.COM (auth:KERBEROS) for protocol=interface org.apache.hadoop.ozone.om.protocol.OzoneManagerProtocol
om2_1        | 2021-09-02 01:56:38,450 [Socket Reader #1 for port 9862] INFO ipc.Server: Auth successful for testuser/scm@EXAMPLE.COM (auth:KERBEROS) from 172.25.0.116:34882
om2_1        | 2021-09-02 01:56:38,456 [Socket Reader #1 for port 9862] INFO authorize.ServiceAuthorizationManager: Authorization successful for testuser/scm@EXAMPLE.COM (auth:KERBEROS) for protocol=interface org.apache.hadoop.ozone.om.protocol.OzoneManagerProtocol
om1_1        | 2021-09-02 02:00:06,934 [Socket Reader #1 for port 9862] INFO ipc.Server: Auth successful for testuser/scm@EXAMPLE.COM (auth:KERBEROS) from 172.25.0.116:44112
om1_1        | 2021-09-02 02:00:07,007 [Socket Reader #1 for port 9862] INFO authorize.ServiceAuthorizationManager: Authorization successful for testuser/scm@EXAMPLE.COM (auth:KERBEROS) for protocol=interface org.apache.hadoop.ozone.om.protocol.OzoneManagerProtocol
om1_1        | 2021-09-02 02:00:12,321 [Socket Reader #1 for port 9862] INFO ipc.Server: Auth successful for testuser/scm@EXAMPLE.COM (auth:KERBEROS) from 172.25.0.116:44136
datanode2_1  | 2021-09-02 01:55:49,750 [pool-23-thread-1] INFO server.RaftServerConfigKeys: raft.server.log.use.memory = false (default)
datanode2_1  | 2021-09-02 01:55:49,766 [pool-23-thread-1] INFO server.RaftServerConfigKeys: raft.server.log.purge.gap = 1000000 (custom)
datanode2_1  | 2021-09-02 01:55:49,767 [pool-23-thread-1] INFO server.RaftServerConfigKeys: raft.server.log.appender.buffer.byte-limit = 33554432 (custom)
datanode2_1  | 2021-09-02 01:55:49,774 [pool-23-thread-1] INFO server.RaftServerConfigKeys: raft.server.log.segment.size.max = 1048576 (custom)
om3_1        | 2021-09-02 01:55:53,903 [om3@group-562213E44849-LeaderElection2] INFO server.RaftServerConfigKeys: raft.server.write.byte-limit = 64MB (=67108864) (default)
datanode3_1  | 2021-09-02 01:55:28,466 [4399b2c0-522b-4bbf-bde7-cc386b99021a@group-4CF7C6C75695-FollowerState] INFO server.RaftServer$Division: 4399b2c0-522b-4bbf-bde7-cc386b99021a@group-4CF7C6C75695: changes role from  FOLLOWER to CANDIDATE at term 0 for changeToCandidate
datanode3_1  | 2021-09-02 01:55:28,467 [4399b2c0-522b-4bbf-bde7-cc386b99021a@group-4CF7C6C75695-FollowerState] INFO server.RaftServerConfigKeys: raft.server.leaderelection.pre-vote = false (custom)
s3g_1        | 2021-09-02 01:53:05,460 [main] INFO http.HttpServer2: Jetty bound to port 9878
om1_1        | 2021-09-02 02:00:12,381 [Socket Reader #1 for port 9862] INFO authorize.ServiceAuthorizationManager: Authorization successful for testuser/scm@EXAMPLE.COM (auth:KERBEROS) for protocol=interface org.apache.hadoop.ozone.om.protocol.OzoneManagerProtocol
om1_1        | 2021-09-02 02:00:17,438 [Socket Reader #1 for port 9862] INFO ipc.Server: Auth successful for testuser/scm@EXAMPLE.COM (auth:KERBEROS) from 172.25.0.116:44188
om3_1        | 2021-09-02 01:55:53,915 [om3@group-562213E44849-LeaderElection2] INFO server.RaftServerConfigKeys: raft.server.watch.timeout = 10s (default)
om3_1        | 2021-09-02 01:55:53,919 [om3@group-562213E44849-LeaderElection2] INFO server.RaftServerConfigKeys: raft.server.watch.timeout.denomination = 1s (default)
datanode3_1  | 2021-09-02 01:55:28,467 [4399b2c0-522b-4bbf-bde7-cc386b99021a@group-4CF7C6C75695-FollowerState] INFO impl.RoleInfo: 4399b2c0-522b-4bbf-bde7-cc386b99021a: start 4399b2c0-522b-4bbf-bde7-cc386b99021a@group-4CF7C6C75695-LeaderElection2
om1_1        | 2021-09-02 02:00:17,500 [Socket Reader #1 for port 9862] INFO authorize.ServiceAuthorizationManager: Authorization successful for testuser/scm@EXAMPLE.COM (auth:KERBEROS) for protocol=interface org.apache.hadoop.ozone.om.protocol.OzoneManagerProtocol
om1_1        | 2021-09-02 02:00:22,825 [Socket Reader #1 for port 9862] INFO ipc.Server: Auth successful for testuser/scm@EXAMPLE.COM (auth:KERBEROS) from 172.25.0.116:44212
om1_1        | 2021-09-02 02:00:22,864 [Socket Reader #1 for port 9862] INFO authorize.ServiceAuthorizationManager: Authorization successful for testuser/scm@EXAMPLE.COM (auth:KERBEROS) for protocol=interface org.apache.hadoop.ozone.om.protocol.OzoneManagerProtocol
om1_1        | 2021-09-02 02:00:28,080 [Socket Reader #1 for port 9862] INFO ipc.Server: Auth successful for testuser/scm@EXAMPLE.COM (auth:KERBEROS) from 172.25.0.116:44238
s3g_1        | 2021-09-02 01:53:05,467 [main] INFO server.Server: jetty-9.4.43.v20210629; built: 2021-06-30T11:07:22.254Z; git: 526006ecfa3af7f1a27ef3a288e2bef7ea9dd7e8; jvm 11.0.10+9-LTS
s3g_1        | 2021-09-02 01:53:05,556 [main] INFO server.session: DefaultSessionIdManager workerName=node0
s3g_1        | 2021-09-02 01:53:05,574 [main] INFO server.session: No SessionScavenger set, using defaults
s3g_1        | 2021-09-02 01:53:05,576 [main] INFO server.session: node0 Scavenging every 600000ms
datanode1_1  | 2021-09-02 01:55:22,318 [pool-23-thread-1] INFO segmented.SegmentedRaftLogWorker: 45f05b04-c6b6-4a03-be29-ae17fdf1f377@group-4CF7C6C75695-SegmentedRaftLogWorker: flushIndex: setUnconditionally 0 -> -1
datanode1_1  | 2021-09-02 01:55:22,318 [pool-23-thread-1] INFO segmented.SegmentedRaftLogWorker: 45f05b04-c6b6-4a03-be29-ae17fdf1f377@group-4CF7C6C75695-SegmentedRaftLogWorker: safeCacheEvictIndex: setUnconditionally 0 -> -1
datanode2_1  | 2021-09-02 01:55:49,804 [pool-23-thread-1] INFO server.RaftServerConfigKeys: raft.server.log.segment.cache.num.max = 2 (custom)
datanode2_1  | 2021-09-02 01:55:49,815 [pool-23-thread-1] INFO server.RaftServerConfigKeys: raft.server.log.segment.cache.size.max = 200MB (=209715200) (default)
datanode2_1  | 2021-09-02 01:55:49,845 [pool-23-thread-1] INFO segmented.SegmentedRaftLogWorker: new a06adac5-7884-4935-adc5-a4e2e3de384c@group-F68F83C5A6E6-SegmentedRaftLogWorker for RaftStorageImpl:Storage Directory /data/metadata/ratis/6ebfaf9a-3bb9-4651-98ea-f68f83c5a6e6
datanode2_1  | 2021-09-02 01:55:49,846 [pool-23-thread-1] INFO server.RaftServerConfigKeys: raft.server.log.queue.byte-limit = 2147483647 (custom)
datanode2_1  | 2021-09-02 01:55:49,847 [pool-23-thread-1] INFO server.RaftServerConfigKeys: raft.server.log.queue.element-limit = 1024 (custom)
datanode2_1  | 2021-09-02 01:55:49,861 [pool-23-thread-1] INFO server.RaftServerConfigKeys: raft.server.log.segment.size.max = 1048576 (custom)
om3_1        | 2021-09-02 01:55:53,920 [om3@group-562213E44849-LeaderElection2] INFO server.RaftServerConfigKeys: raft.server.watch.element-limit = 65536 (default)
om3_1        | 2021-09-02 01:55:53,951 [om3@group-562213E44849-LeaderElection2] INFO server.RaftServerConfigKeys: raft.server.log.appender.snapshot.chunk.size.max = 16MB (=16777216) (default)
datanode3_1  | 2021-09-02 01:55:28,566 [4399b2c0-522b-4bbf-bde7-cc386b99021a@group-1413BF270A6A-LeaderElection1] INFO server.RaftServerConfigKeys: raft.server.staging.catchup.gap = 1000 (default)
datanode3_1  | 2021-09-02 01:55:28,597 [4399b2c0-522b-4bbf-bde7-cc386b99021a@group-1413BF270A6A-LeaderElection1] INFO server.RaftServerConfigKeys: raft.server.write.element-limit = 1024 (custom)
datanode3_1  | 2021-09-02 01:55:28,618 [4399b2c0-522b-4bbf-bde7-cc386b99021a@group-1413BF270A6A-LeaderElection1] INFO server.RaftServerConfigKeys: raft.server.write.byte-limit = 1024 M (=1073741824) (custom)
datanode3_1  | 2021-09-02 01:55:28,571 [4399b2c0-522b-4bbf-bde7-cc386b99021a@group-4CF7C6C75695-LeaderElection2] INFO impl.LeaderElection: 4399b2c0-522b-4bbf-bde7-cc386b99021a@group-4CF7C6C75695-LeaderElection2 ELECTION round 0: submit vote requests at term 1 for -1: [45f05b04-c6b6-4a03-be29-ae17fdf1f377|rpc:172.25.0.102:9856|admin:172.25.0.102:9857|client:172.25.0.102:9858|priority:0, a06adac5-7884-4935-adc5-a4e2e3de384c|rpc:172.25.0.103:9856|admin:172.25.0.103:9857|client:172.25.0.103:9858|priority:0, 4399b2c0-522b-4bbf-bde7-cc386b99021a|rpc:172.25.0.104:9856|admin:172.25.0.104:9857|client:172.25.0.104:9858|priority:1], old=null
datanode3_1  | 2021-09-02 01:55:28,749 [4399b2c0-522b-4bbf-bde7-cc386b99021a@group-1413BF270A6A-LeaderElection1] INFO server.RaftServerConfigKeys: raft.server.watch.timeout = 180s (custom)
datanode3_1  | 2021-09-02 01:55:28,750 [4399b2c0-522b-4bbf-bde7-cc386b99021a@group-1413BF270A6A-LeaderElection1] INFO server.RaftServerConfigKeys: raft.server.watch.timeout.denomination = 1s (default)
datanode3_1  | 2021-09-02 01:55:28,767 [4399b2c0-522b-4bbf-bde7-cc386b99021a@group-1413BF270A6A-LeaderElection1] INFO server.RaftServerConfigKeys: raft.server.watch.element-limit = 65536 (default)
datanode1_1  | 2021-09-02 01:55:22,323 [pool-23-thread-1] INFO server.RaftServerConfigKeys: raft.server.snapshot.auto.trigger.enabled = true (custom)
datanode1_1  | 2021-09-02 01:55:22,323 [pool-23-thread-1] INFO server.RaftServerConfigKeys: raft.server.snapshot.auto.trigger.threshold = 10000 (custom)
datanode1_1  | 2021-09-02 01:55:22,323 [pool-23-thread-1] INFO server.RaftServerConfigKeys: raft.server.snapshot.retention.file.num = 5 (custom)
om2_1        | 2021-09-02 01:56:39,191 [Socket Reader #1 for port 9862] INFO ipc.Server: Auth successful for testuser/scm@EXAMPLE.COM (auth:KERBEROS) from 172.25.0.116:34890
om2_1        | 2021-09-02 01:56:39,203 [Socket Reader #1 for port 9862] INFO authorize.ServiceAuthorizationManager: Authorization successful for testuser/scm@EXAMPLE.COM (auth:KERBEROS) for protocol=interface org.apache.hadoop.ozone.om.protocol.OzoneManagerProtocol
om2_1        | 2021-09-02 01:56:44,781 [Socket Reader #1 for port 9862] INFO ipc.Server: Auth successful for testuser/scm@EXAMPLE.COM (auth:KERBEROS) from 172.25.0.116:34916
om2_1        | 2021-09-02 01:56:44,795 [Socket Reader #1 for port 9862] INFO authorize.ServiceAuthorizationManager: Authorization successful for testuser/scm@EXAMPLE.COM (auth:KERBEROS) for protocol=interface org.apache.hadoop.ozone.om.protocol.OzoneManagerProtocol
om2_1        | 2021-09-02 01:56:56,206 [Socket Reader #1 for port 9862] INFO ipc.Server: Auth successful for testuser/scm@EXAMPLE.COM (auth:KERBEROS) from 172.25.0.116:34980
om2_1        | 2021-09-02 01:56:56,212 [Socket Reader #1 for port 9862] INFO authorize.ServiceAuthorizationManager: Authorization successful for testuser/scm@EXAMPLE.COM (auth:KERBEROS) for protocol=interface org.apache.hadoop.ozone.om.protocol.OzoneManagerProtocol
om3_1        | 2021-09-02 01:55:53,951 [om3@group-562213E44849-LeaderElection2] INFO server.RaftServerConfigKeys: raft.server.log.appender.buffer.byte-limit = 33554432 (custom)
om3_1        | 2021-09-02 01:55:53,954 [om3@group-562213E44849-LeaderElection2] INFO server.RaftServerConfigKeys: raft.server.log.appender.buffer.element-limit = 1024 (custom)
om3_1        | 2021-09-02 01:55:53,963 [om3@group-562213E44849-LeaderElection2] INFO grpc.GrpcConfigKeys: raft.grpc.server.leader.outstanding.appends.max = 128 (default)
om3_1        | 2021-09-02 01:55:53,963 [om3@group-562213E44849-LeaderElection2] INFO server.RaftServerConfigKeys: raft.server.rpc.request.timeout = 3000ms (default)
om3_1        | 2021-09-02 01:55:53,963 [om3@group-562213E44849-LeaderElection2] INFO server.RaftServerConfigKeys: raft.server.log.appender.install.snapshot.enabled = false (custom)
om3_1        | 2021-09-02 01:55:53,967 [om3@group-562213E44849-LeaderElection2] INFO server.RaftServerConfigKeys: raft.server.log.appender.snapshot.chunk.size.max = 16MB (=16777216) (default)
s3g_1        | 2021-09-02 01:53:05,640 [main] INFO server.KerberosAuthenticationHandler: Using keytab /etc/security/keytabs/HTTP.keytab, for principal HTTP/s3g@EXAMPLE.COM
s3g_1        | 2021-09-02 01:53:05,675 [main] INFO handler.ContextHandler: Started o.e.j.s.ServletContextHandler@71ae31b0{logs,/logs,file:///var/log/hadoop/,AVAILABLE}
s3g_1        | 2021-09-02 01:53:05,678 [main] INFO handler.ContextHandler: Started o.e.j.s.ServletContextHandler@1d7f7be7{static,/static,jar:file:/opt/hadoop/share/ozone/lib/ozone-s3gateway-1.2.0-SNAPSHOT.jar!/webapps/static,AVAILABLE}
s3g_1        | WARNING: An illegal reflective access operation has occurred
s3g_1        | WARNING: Illegal reflective access by org.jboss.weld.util.reflection.Formats (file:/opt/hadoop/share/ozone/lib/weld-servlet-2.4.7.Final.jar) to constructor com.sun.org.apache.bcel.internal.classfile.ClassParser(java.io.InputStream,java.lang.String)
s3g_1        | WARNING: Please consider reporting this to the maintainers of org.jboss.weld.util.reflection.Formats
s3g_1        | WARNING: Use --illegal-access=warn to enable warnings of further illegal reflective access operations
datanode1_1  | 2021-09-02 01:55:22,323 [pool-23-thread-1] INFO server.RaftServerConfigKeys: raft.server.log.purge.upto.snapshot.index = false (default)
datanode1_1  | 2021-09-02 01:55:22,323 [pool-23-thread-1] INFO server.RaftServerConfigKeys: raft.server.retrycache.expirytime = 600000ms (custom)
datanode1_1  | 2021-09-02 01:55:22,325 [pool-23-thread-1] INFO server.RaftServerConfigKeys: raft.server.retrycache.statistics.expirytime = 100?s (default)
datanode1_1  | 2021-09-02 01:55:22,331 [pool-23-thread-1] INFO server.RaftServer$Division: 45f05b04-c6b6-4a03-be29-ae17fdf1f377@group-4CF7C6C75695: start as a follower, conf=-1: [45f05b04-c6b6-4a03-be29-ae17fdf1f377|rpc:172.25.0.102:9856|admin:172.25.0.102:9857|client:172.25.0.102:9858|priority:0, a06adac5-7884-4935-adc5-a4e2e3de384c|rpc:172.25.0.103:9856|admin:172.25.0.103:9857|client:172.25.0.103:9858|priority:0, 4399b2c0-522b-4bbf-bde7-cc386b99021a|rpc:172.25.0.104:9856|admin:172.25.0.104:9857|client:172.25.0.104:9858|priority:1], old=null
datanode1_1  | 2021-09-02 01:55:22,340 [pool-23-thread-1] INFO server.RaftServer$Division: 45f05b04-c6b6-4a03-be29-ae17fdf1f377@group-4CF7C6C75695: changes role from      null to FOLLOWER at term 0 for startAsFollower
om1_1        | 2021-09-02 02:00:28,101 [Socket Reader #1 for port 9862] INFO authorize.ServiceAuthorizationManager: Authorization successful for testuser/scm@EXAMPLE.COM (auth:KERBEROS) for protocol=interface org.apache.hadoop.ozone.om.protocol.OzoneManagerProtocol
om1_1        | 2021-09-02 02:00:32,802 [Socket Reader #1 for port 9862] INFO ipc.Server: Auth successful for testuser/scm@EXAMPLE.COM (auth:KERBEROS) from 172.25.0.116:44262
om1_1        | 2021-09-02 02:00:32,823 [Socket Reader #1 for port 9862] INFO authorize.ServiceAuthorizationManager: Authorization successful for testuser/scm@EXAMPLE.COM (auth:KERBEROS) for protocol=interface org.apache.hadoop.ozone.om.protocol.OzoneManagerProtocol
om1_1        | 2021-09-02 02:00:38,649 [Socket Reader #1 for port 9862] INFO ipc.Server: Auth successful for testuser/scm@EXAMPLE.COM (auth:KERBEROS) from 172.25.0.116:44288
om1_1        | 2021-09-02 02:00:38,710 [Socket Reader #1 for port 9862] INFO authorize.ServiceAuthorizationManager: Authorization successful for testuser/scm@EXAMPLE.COM (auth:KERBEROS) for protocol=interface org.apache.hadoop.ozone.om.protocol.OzoneManagerProtocol
om1_1        | 2021-09-02 02:00:44,284 [Socket Reader #1 for port 9862] INFO ipc.Server: Auth successful for testuser/scm@EXAMPLE.COM (auth:KERBEROS) from 172.25.0.116:44332
datanode2_1  | 2021-09-02 01:55:49,861 [pool-23-thread-1] INFO server.RaftServerConfigKeys: raft.server.log.preallocated.size = 16384 (custom)
datanode2_1  | 2021-09-02 01:55:49,862 [pool-23-thread-1] INFO server.RaftServerConfigKeys: raft.server.log.force.sync.num = 128 (default)
datanode2_1  | 2021-09-02 01:55:49,863 [pool-23-thread-1] INFO server.RaftServerConfigKeys: raft.server.log.statemachine.data.sync = true (default)
datanode2_1  | 2021-09-02 01:55:49,863 [pool-23-thread-1] INFO server.RaftServerConfigKeys: raft.server.log.statemachine.data.sync.timeout = 10s (default)
datanode2_1  | 2021-09-02 01:55:49,863 [pool-23-thread-1] INFO server.RaftServerConfigKeys: raft.server.log.statemachine.data.sync.timeout.retry = -1 (default)
datanode2_1  | 2021-09-02 01:55:49,891 [pool-23-thread-1] INFO server.RaftServerConfigKeys: raft.server.log.write.buffer.size = 1048576 (custom)
datanode3_1  | 2021-09-02 01:55:28,886 [4399b2c0-522b-4bbf-bde7-cc386b99021a@group-1413BF270A6A-LeaderElection1] INFO impl.RoleInfo: 4399b2c0-522b-4bbf-bde7-cc386b99021a: start 4399b2c0-522b-4bbf-bde7-cc386b99021a@group-1413BF270A6A-LeaderStateImpl
datanode3_1  | 2021-09-02 01:55:29,237 [4399b2c0-522b-4bbf-bde7-cc386b99021a@group-1413BF270A6A-LeaderElection1] INFO segmented.SegmentedRaftLogWorker: 4399b2c0-522b-4bbf-bde7-cc386b99021a@group-1413BF270A6A-SegmentedRaftLogWorker: Starting segment from index:0
