recon_1      | 2020-10-27 18:17:11,140 [Socket Reader #1 for port 9891] INFO authorize.ServiceAuthorizationManager: Authorization successful for dn/8f506bfcd781@EXAMPLE.COM (auth:KERBEROS) for protocol=interface org.apache.hadoop.ozone.protocol.ReconDatanodeProtocol
datanode2_1  | 2020-10-27 18:17:18,071 [pool-20-thread-1] INFO util.JmxRegister: Successfully registered JMX Bean with object name Ratis:service=RaftServer,group=group-5C7F88DFD469,id=ed123e89-9847-4fe4-9e65-39b492b8e055
scm_1        | 2020-10-27 18:16:50,861 [Listener at 0.0.0.0/9860] INFO server.session: node0 Scavenging every 660000ms
datanode3_1  | 2020-10-27 18:17:17,413 [pool-20-thread-1] INFO server.RaftServerConfigKeys: raft.server.log.queue.element-limit = 1024 (custom)
datanode1_1  | 2020-10-27 18:17:44,810 [pool-20-thread-1] INFO server.RaftServerConfigKeys: raft.server.log.queue.element-limit = 1024 (custom)
om2_1        | 2020-10-27 18:17:30,656 [pool-18-thread-1] INFO metrics.RatisMetrics: Creating Metrics Registry : ratis.leader_election.om2@group-562213E44849
kdc_1        | Authenticating as principal admin/admin with keytab /tmp/admin.keytab.
om1_1        | 2020-10-27 18:17:36,196 [Listener at om1/9862] INFO http.BaseHttpServer: Starting Web-server for ozoneManager at: http://0.0.0.0:9874
om3_1        | 2020-10-27 18:17:30,633 [pool-18-thread-1] INFO server.RaftServerConfigKeys: raft.server.log.use.memory = false (default)
recon_1      | 2020-10-27 18:17:11,863 [pool-14-thread-1] INFO retry.RetryInvocationHandler: com.google.protobuf.ServiceException: java.net.ConnectException: Call From recon/172.25.0.115 to om1:9862 failed on connection exception: java.net.ConnectException: Connection refused; For more details see:  http://wiki.apache.org/hadoop/ConnectionRefused, while invoking $Proxy41.submitRequest over {om1=nodeId=om1,nodeAddress=om1:9862, om3=nodeId=om3,nodeAddress=om3:9862, om2=nodeId=om2,nodeAddress=om2:9862} after 3 failover attempts. Trying to failover immediately.
datanode2_1  | 2020-10-27 18:17:18,075 [pool-20-thread-1] INFO metrics.RatisMetrics: Creating Metrics Registry : ratis.state_machine.ed123e89-9847-4fe4-9e65-39b492b8e055@group-5C7F88DFD469
scm_1        | 2020-10-27 18:16:50,842 [Socket Reader #1 for port 9961] INFO ipc.Server: Auth successful for dn/756e72d43d47@EXAMPLE.COM (auth:KERBEROS)
scm_1        | 2020-10-27 18:16:50,922 [Socket Reader #1 for port 9961] INFO ipc.Server: Auth successful for dn/73c10a1f38f3@EXAMPLE.COM (auth:KERBEROS)
datanode1_1  | 2020-10-27 18:17:44,811 [pool-20-thread-1] INFO server.RaftServerConfigKeys: raft.server.log.segment.size.max = 1048576 (custom)
om2_1        | 2020-10-27 18:17:30,671 [pool-18-thread-1] INFO metrics.RatisMetrics: Creating Metrics Registry : ratis.server.om2@group-562213E44849
kdc_1        | WARNING: no policy specified for HTTP/recon@EXAMPLE.COM; defaulting to no policy
om1_1        | 2020-10-27 18:17:36,196 [Listener at om1/9862] INFO http.BaseHttpServer: Hadoop Security Enabled: true Ozone Security Enabled: true Ozone HTTP Security Enabled: true 
om3_1        | 2020-10-27 18:17:30,704 [pool-18-thread-1] INFO server.RaftServerConfigKeys: raft.server.log.purge.gap = 1000000 (custom)
recon_1      | 2020-10-27 18:17:11,864 [pool-14-thread-1] INFO retry.RetryInvocationHandler: com.google.protobuf.ServiceException: java.net.ConnectException: Call From recon/172.25.0.115 to om2:9862 failed on connection exception: java.net.ConnectException: Connection refused; For more details see:  http://wiki.apache.org/hadoop/ConnectionRefused, while invoking $Proxy41.submitRequest over {om1=nodeId=om1,nodeAddress=om1:9862, om3=nodeId=om3,nodeAddress=om3:9862, om2=nodeId=om2,nodeAddress=om2:9862} after 4 failover attempts. Trying to failover immediately.
datanode2_1  | 2020-10-27 18:17:18,667 [Command processor thread] INFO metrics.RatisMetrics: Creating Metrics Registry : ratis.client_message_metrics.client-CBAE59A7F147->1c0a6297-3849-4cdf-be0a-e66a990cf6ad
scm_1        | 2020-10-27 18:16:50,935 [Socket Reader #1 for port 9961] INFO authorize.ServiceAuthorizationManager: Authorization successful for dn/756e72d43d47@EXAMPLE.COM (auth:KERBEROS) for protocol=interface org.apache.hadoop.hdds.protocol.SCMSecurityProtocol
scm_1        | 2020-10-27 18:16:50,936 [Listener at 0.0.0.0/9860] INFO server.KerberosAuthenticationHandler: Using keytab /etc/security/keytabs/HTTP.keytab, for principal HTTP/scm@EXAMPLE.COM
datanode1_1  | 2020-10-27 18:17:44,811 [pool-20-thread-1] INFO server.RaftServerConfigKeys: raft.server.log.preallocated.size = 16384 (custom)
om2_1        | 2020-10-27 18:17:30,694 [Socket Reader #1 for port 9862] INFO ipc.Server: Starting Socket Reader #1 for port 9862
kdc_1        | Principal "HTTP/recon@EXAMPLE.COM" created.
om1_1        | 2020-10-27 18:17:36,196 [Listener at om1/9862] INFO http.BaseHttpServer: HttpAuthType: ozone.om.http.auth.type = kerberos
om3_1        | 2020-10-27 18:17:30,740 [pool-18-thread-1] INFO metrics.RatisMetrics: Creating Metrics Registry : ratis.log_worker.om3@group-562213E44849
recon_1      | 2020-10-27 18:17:11,865 [pool-14-thread-1] INFO retry.RetryInvocationHandler: com.google.protobuf.ServiceException: java.net.ConnectException: Call From recon/172.25.0.115 to om3:9862 failed on connection exception: java.net.ConnectException: Connection refused; For more details see:  http://wiki.apache.org/hadoop/ConnectionRefused, while invoking $Proxy41.submitRequest over {om1=nodeId=om1,nodeAddress=om1:9862, om3=nodeId=om3,nodeAddress=om3:9862, om2=nodeId=om2,nodeAddress=om2:9862} after 5 failover attempts. Trying to failover after sleeping for 2000ms.
datanode2_1  | 2020-10-27 18:17:21,308 [grpc-default-executor-0] INFO metrics.RatisMetrics: Creating Metrics Registry : ratis.server_message_metrics.ed123e89-9847-4fe4-9e65-39b492b8e055
scm_1        | 2020-10-27 18:16:50,942 [Listener at 0.0.0.0/9860] INFO handler.ContextHandler: Started o.e.j.s.ServletContextHandler@2c0fefac{logs,/logs,file:///var/log/hadoop/,AVAILABLE}
datanode3_1  | 2020-10-27 18:17:17,448 [pool-20-thread-1] INFO server.RaftServerConfigKeys: raft.server.log.segment.size.max = 1048576 (custom)
datanode1_1  | 2020-10-27 18:17:44,811 [pool-20-thread-1] INFO server.RaftServerConfigKeys: raft.server.log.write.buffer.size = 1048576 (custom)
om2_1        | 2020-10-27 18:17:31,459 [Listener at om2/9862] INFO impl.MetricsConfig: Loaded properties from hadoop-metrics2.properties
kdc_1        | Authenticating as principal admin/admin with keytab /tmp/admin.keytab.
om1_1        | 2020-10-27 18:17:36,255 [Thread-12] INFO impl.FollowerState: om1@group-562213E44849-FollowerState: change to CANDIDATE, lastRpcTime:1166ms, electionTimeout:1120ms
om3_1        | 2020-10-27 18:17:30,879 [pool-18-thread-1] INFO server.RaftServerConfigKeys: raft.server.log.appender.buffer.byte-limit = 33554432 (custom)
recon_1      | 2020-10-27 18:17:12,103 [IPC Server handler 2 on default port 9891] INFO net.NetworkTopologyImpl: Added a new node: /default-rack/1aabd6a6-2b8f-4ba4-a6ba-d2dd932573a9
datanode2_1  | 2020-10-27 18:17:21,853 [Command processor thread] INFO metrics.RatisMetrics: Creating Metrics Registry : ratis.client_message_metrics.client-124BB6B6B804->1aabd6a6-2b8f-4ba4-a6ba-d2dd932573a9
scm_1        | 2020-10-27 18:16:50,948 [Listener at 0.0.0.0/9860] INFO handler.ContextHandler: Started o.e.j.s.ServletContextHandler@2dde0a34{static,/static,jar:file:/opt/hadoop/share/ozone/lib/hadoop-hdds-server-scm-1.1.0-SNAPSHOT.jar!/webapps/static,AVAILABLE}
datanode3_1  | 2020-10-27 18:17:17,449 [pool-20-thread-1] INFO server.RaftServerConfigKeys: raft.server.log.preallocated.size = 16384 (custom)
datanode1_1  | 2020-10-27 18:17:44,811 [pool-20-thread-1] INFO server.RaftServerConfigKeys: raft.server.log.force.sync.num = 128 (default)
om2_1        | 2020-10-27 18:17:31,773 [Listener at om2/9862] INFO impl.MetricsSystemImpl: Scheduled Metric snapshot period at 10 second(s).
kdc_1        | Entry for principal HTTP/recon@EXAMPLE.COM with kvno 2, encryption type aes256-cts-hmac-sha1-96 added to keytab WRFILE:/data/HTTP.recon.keytab.
om1_1        | 2020-10-27 18:17:36,256 [Thread-12] INFO impl.RoleInfo: om1: shutdown FollowerState
om3_1        | 2020-10-27 18:17:30,889 [pool-18-thread-1] INFO server.RaftServerConfigKeys: raft.server.log.segment.size.max = 4194304 (custom)
recon_1      | 2020-10-27 18:17:12,136 [IPC Server handler 2 on default port 9891] INFO node.SCMNodeManager: Registered Data node : 1aabd6a6-2b8f-4ba4-a6ba-d2dd932573a9{ip: 172.25.0.102, host: ozonesecure-om-ha_datanode1_1.ozonesecure-om-ha_ozone_net, networkLocation: /default-rack, certSerialId: 3553783801581}
datanode2_1  | 2020-10-27 18:17:22,703 [Thread-26] INFO impl.FollowerState: ed123e89-9847-4fe4-9e65-39b492b8e055@group-36E110BFC22E-FollowerState: change to CANDIDATE, lastRpcTime:5066ms, electionTimeout:5054ms
scm_1        | 2020-10-27 18:16:50,974 [Socket Reader #1 for port 9961] INFO authorize.ServiceAuthorizationManager: Authorization successful for dn/73c10a1f38f3@EXAMPLE.COM (auth:KERBEROS) for protocol=interface org.apache.hadoop.hdds.protocol.SCMSecurityProtocol
datanode3_1  | 2020-10-27 18:17:17,449 [pool-20-thread-1] INFO server.RaftServerConfigKeys: raft.server.log.write.buffer.size = 1048576 (custom)
datanode1_1  | 2020-10-27 18:17:44,811 [pool-20-thread-1] INFO server.RaftServerConfigKeys: raft.server.log.statemachine.data.sync = true (default)
om2_1        | 2020-10-27 18:17:31,773 [Listener at om2/9862] INFO impl.MetricsSystemImpl: OzoneManager metrics system started
kdc_1        | Entry for principal HTTP/recon@EXAMPLE.COM with kvno 2, encryption type aes128-cts-hmac-sha1-96 added to keytab WRFILE:/data/HTTP.recon.keytab.
om1_1        | 2020-10-27 18:17:36,272 [Thread-12] INFO impl.RaftServerImpl: om1@group-562213E44849: changes role from  FOLLOWER to CANDIDATE at term 0 for changeToCandidate
om3_1        | 2020-10-27 18:17:31,005 [pool-18-thread-1] INFO server.RaftServerConfigKeys: raft.server.log.segment.cache.num.max = 2 (custom)
recon_1      | 2020-10-27 18:17:12,352 [EventQueue-NewNodeForReconNewNodeHandler] INFO scm.ReconNodeManager: Adding new node 1aabd6a6-2b8f-4ba4-a6ba-d2dd932573a9 to Node DB.
datanode2_1  | 2020-10-27 18:17:22,703 [Thread-26] INFO impl.RoleInfo: ed123e89-9847-4fe4-9e65-39b492b8e055: shutdown FollowerState
scm_1        | 2020-10-27 18:16:51,473 [Listener at 0.0.0.0/9860] INFO server.KerberosAuthenticationHandler: Using keytab /etc/security/keytabs/HTTP.keytab, for principal HTTP/scm@EXAMPLE.COM
datanode3_1  | 2020-10-27 18:17:17,450 [pool-20-thread-1] INFO server.RaftServerConfigKeys: raft.server.log.force.sync.num = 128 (default)
datanode1_1  | 2020-10-27 18:17:44,813 [pool-20-thread-1] INFO server.RaftServerConfigKeys: raft.server.log.statemachine.data.sync.timeout = 10s (default)
om2_1        | 2020-10-27 18:17:32,242 [Listener at om2/9862] INFO om.OzoneManager: OzoneManager RPC server is listening at om2/172.25.0.112:9862
kdc_1        | Oct 27 18:16:04 kdc kadmind[13](Notice): Request: kadm5_init, admin/admin@EXAMPLE.COM, success, client=admin/admin@EXAMPLE.COM, service=kadmin/admin@EXAMPLE.COM, addr=127.0.0.1, vers=4, flavor=6
om1_1        | 2020-10-27 18:17:36,274 [Thread-12] INFO impl.RoleInfo: om1: start LeaderElection
om3_1        | 2020-10-27 18:17:31,043 [pool-18-thread-1] INFO segmented.SegmentedRaftLogWorker: new om3@group-562213E44849-SegmentedRaftLogWorker for RaftStorage:Storage Directory /data/metadata/ratis/fafe1b60-c241-37cc-98f4-562213e44849
om3_1        | 2020-10-27 18:17:31,068 [pool-18-thread-1] INFO server.RaftServerConfigKeys: raft.server.log.queue.byte-limit = 64MB (=67108864) (default)
recon_1      | 2020-10-27 18:17:13,107 [IPC Server handler 4 on default port 9891] INFO net.NetworkTopologyImpl: Added a new node: /default-rack/ed123e89-9847-4fe4-9e65-39b492b8e055
scm_1        | 2020-10-27 18:16:51,524 [Socket Reader #1 for port 9961] INFO ipc.Server: Auth successful for HTTP/scm@EXAMPLE.COM (auth:KERBEROS)
datanode3_1  | 2020-10-27 18:17:17,452 [pool-20-thread-1] INFO server.RaftServerConfigKeys: raft.server.log.statemachine.data.sync = true (default)
om2_1        | 2020-10-27 18:17:32,284 [Listener at om2/9862] INFO ratis.OzoneManagerRatisServer: Starting OzoneManagerRatisServer om2 at port 9872
datanode1_1  | 2020-10-27 18:17:44,816 [pool-20-thread-1] INFO server.RaftServerConfigKeys: raft.server.log.statemachine.data.sync.timeout.retry = -1 (default)
datanode1_1  | 2020-10-27 18:17:44,825 [pool-20-thread-1] INFO server.RaftServerConfigKeys: raft.server.log.statemachine.data.caching.enabled = true (custom)
om1_1        | 2020-10-27 18:17:36,359 [om1@group-562213E44849-LeaderElection1] INFO impl.LeaderElection: om1@group-562213E44849-LeaderElection1: begin an election at term 1 for -1: [om1:om1:9872:0, om3:om3:9872:0, om2:om2:9872:0], old=null
om3_1        | 2020-10-27 18:17:31,068 [pool-18-thread-1] INFO server.RaftServerConfigKeys: raft.server.log.queue.element-limit = 4096 (default)
datanode2_1  | 2020-10-27 18:17:22,704 [Thread-26] INFO impl.RaftServerImpl: ed123e89-9847-4fe4-9e65-39b492b8e055@group-36E110BFC22E: changes role from  FOLLOWER to CANDIDATE at term 0 for changeToCandidate
recon_1      | 2020-10-27 18:17:13,109 [IPC Server handler 4 on default port 9891] INFO node.SCMNodeManager: Registered Data node : ed123e89-9847-4fe4-9e65-39b492b8e055{ip: 172.25.0.103, host: ozonesecure-om-ha_datanode2_1.ozonesecure-om-ha_ozone_net, networkLocation: /default-rack, certSerialId: 3553429960269}
recon_1      | 2020-10-27 18:17:13,110 [EventQueue-NewNodeForReconNewNodeHandler] INFO scm.ReconNodeManager: Adding new node ed123e89-9847-4fe4-9e65-39b492b8e055 to Node DB.
scm_1        | 2020-10-27 18:16:51,550 [Listener at 0.0.0.0/9860] INFO handler.ContextHandler: Started o.e.j.w.WebAppContext@25765a49{scm,/,file:///tmp/jetty-0_0_0_0-9876-hadoop-hdds-server-scm-1_1_0-SNAPSHOT_jar-_-any-13833790678585693408.dir/webapp/,AVAILABLE}{jar:file:/opt/hadoop/share/ozone/lib/hadoop-hdds-server-scm-1.1.0-SNAPSHOT.jar!/webapps/scm}
om2_1        | 2020-10-27 18:17:32,316 [Listener at om2/9862] INFO impl.RaftServerImpl: om2@group-562213E44849: start as a follower, conf=-1: [om1:om1:9872:0, om3:om3:9872:0, om2:om2:9872:0], old=null
kdc_1        | Oct 27 18:16:04 kdc kadmind[13](Notice): Request: kadm5_get_policy, default, Policy does not exist, client=admin/admin@EXAMPLE.COM, service=kadmin/admin@EXAMPLE.COM, addr=127.0.0.1
datanode1_1  | 2020-10-27 18:17:44,836 [pool-20-thread-1] INFO segmented.SegmentedRaftLogWorker: 1aabd6a6-2b8f-4ba4-a6ba-d2dd932573a9@group-D7AC04320B91-SegmentedRaftLogWorker: flushIndex: setUnconditionally 0 -> -1
om1_1        | 2020-10-27 18:17:36,801 [Listener at om1/9862] INFO util.log: Logging initialized @30310ms to org.eclipse.jetty.util.log.Slf4jLog
om3_1        | 2020-10-27 18:17:31,077 [pool-18-thread-1] INFO server.RaftServerConfigKeys: raft.server.log.segment.size.max = 4194304 (custom)
datanode2_1  | 2020-10-27 18:17:22,706 [Thread-26] INFO impl.RoleInfo: ed123e89-9847-4fe4-9e65-39b492b8e055: start LeaderElection
recon_1      | 2020-10-27 18:17:13,249 [IPC Server handler 3 on default port 9891] INFO net.NetworkTopologyImpl: Added a new node: /default-rack/1c0a6297-3849-4cdf-be0a-e66a990cf6ad
datanode3_1  | 2020-10-27 18:17:17,472 [pool-20-thread-1] INFO server.RaftServerConfigKeys: raft.server.log.statemachine.data.sync.timeout = 10s (default)
scm_1        | 2020-10-27 18:16:51,567 [IPC Server handler 1 on default port 9961] INFO server.SCMSecurityProtocolServer: Processing CSR for dn 8f506bfcd781, UUID: 1c0a6297-3849-4cdf-be0a-e66a990cf6ad
om2_1        | 2020-10-27 18:17:32,322 [Listener at om2/9862] INFO impl.RaftServerImpl: om2@group-562213E44849: changes role from      null to FOLLOWER at term 0 for startAsFollower
kdc_1        | Oct 27 18:16:04 kdc kadmind[13](Notice): Request: kadm5_create_principal, recon/recon@EXAMPLE.COM, success, client=admin/admin@EXAMPLE.COM, service=kadmin/admin@EXAMPLE.COM, addr=127.0.0.1
datanode1_1  | 2020-10-27 18:17:44,836 [pool-20-thread-1] INFO segmented.SegmentedRaftLogWorker: 1aabd6a6-2b8f-4ba4-a6ba-d2dd932573a9@group-D7AC04320B91-SegmentedRaftLogWorker: safeCacheEvictIndex: setUnconditionally 0 -> -1
om1_1        | 2020-10-27 18:17:37,914 [om1@group-562213E44849-LeaderElection1] INFO impl.LeaderElection: om1@group-562213E44849-LeaderElection1: Election TIMEOUT; received 0 response(s) [] and 0 exception(s); om1@group-562213E44849:t1, leader=null, voted=om1, raftlog=om1@group-562213E44849-SegmentedRaftLog:OPENED:c-1,f-1,i0, conf=-1: [om1:om1:9872:0, om3:om3:9872:0, om2:om2:9872:0], old=null
om3_1        | 2020-10-27 18:17:31,077 [pool-18-thread-1] INFO server.RaftServerConfigKeys: raft.server.log.preallocated.size = 4194304 (custom)
datanode2_1  | 2020-10-27 18:17:22,721 [ed123e89-9847-4fe4-9e65-39b492b8e055@group-36E110BFC22E-LeaderElection1] INFO impl.LeaderElection: ed123e89-9847-4fe4-9e65-39b492b8e055@group-36E110BFC22E-LeaderElection1: begin an election at term 1 for -1: [ed123e89-9847-4fe4-9e65-39b492b8e055:172.25.0.103:9858:0], old=null
recon_1      | 2020-10-27 18:17:13,249 [IPC Server handler 3 on default port 9891] INFO node.SCMNodeManager: Registered Data node : 1c0a6297-3849-4cdf-be0a-e66a990cf6ad{ip: 172.25.0.104, host: ozonesecure-om-ha_datanode3_1.ozonesecure-om-ha_ozone_net, networkLocation: /default-rack, certSerialId: 3553450120495}
datanode3_1  | 2020-10-27 18:17:17,484 [pool-20-thread-1] INFO server.RaftServerConfigKeys: raft.server.log.statemachine.data.sync.timeout.retry = -1 (default)
scm_1        | 2020-10-27 18:16:51,567 [IPC Server handler 0 on default port 9961] INFO server.SCMSecurityProtocolServer: Processing CSR for dn 756e72d43d47, UUID: ed123e89-9847-4fe4-9e65-39b492b8e055
om2_1        | 2020-10-27 18:17:32,337 [Listener at om2/9862] INFO impl.RoleInfo: om2: start FollowerState
kdc_1        | Oct 27 18:16:04 kdc kadmind[13](info): closing down fd 18
datanode1_1  | 2020-10-27 18:17:44,852 [pool-20-thread-1] INFO server.RaftServerConfigKeys: raft.server.snapshot.auto.trigger.enabled = true (custom)
om1_1        | 2020-10-27 18:17:37,929 [om1@group-562213E44849-LeaderElection1] INFO impl.LeaderElection: om1@group-562213E44849-LeaderElection1: begin an election at term 2 for -1: [om1:om1:9872:0, om3:om3:9872:0, om2:om2:9872:0], old=null
om3_1        | 2020-10-27 18:17:31,077 [pool-18-thread-1] INFO server.RaftServerConfigKeys: raft.server.log.write.buffer.size = 64KB (=65536) (default)
datanode2_1  | 2020-10-27 18:17:22,722 [ed123e89-9847-4fe4-9e65-39b492b8e055@group-36E110BFC22E-LeaderElection1] INFO impl.RoleInfo: ed123e89-9847-4fe4-9e65-39b492b8e055: shutdown LeaderElection
recon_1      | 2020-10-27 18:17:13,250 [EventQueue-NewNodeForReconNewNodeHandler] INFO scm.ReconNodeManager: Adding new node 1c0a6297-3849-4cdf-be0a-e66a990cf6ad to Node DB.
datanode3_1  | 2020-10-27 18:17:17,731 [pool-20-thread-1] INFO server.RaftServerConfigKeys: raft.server.log.statemachine.data.caching.enabled = true (custom)
scm_1        | 2020-10-27 18:16:51,569 [Socket Reader #1 for port 9961] INFO authorize.ServiceAuthorizationManager: Authorization successful for HTTP/scm@EXAMPLE.COM (auth:KERBEROS) for protocol=interface org.apache.hadoop.hdds.protocol.SCMSecurityProtocol
om2_1        | 2020-10-27 18:17:32,362 [Listener at om2/9862] INFO util.JmxRegister: Successfully registered JMX Bean with object name Ratis:service=RaftServer,group=group-562213E44849,id=om2
kdc_1        | Oct 27 18:16:04 kdc kadmind[13](Notice): Request: kadm5_init, admin/admin@EXAMPLE.COM, success, client=admin/admin@EXAMPLE.COM, service=kadmin/admin@EXAMPLE.COM, addr=127.0.0.1, vers=4, flavor=6
datanode1_1  | 2020-10-27 18:17:44,857 [pool-20-thread-1] INFO server.RaftServerConfigKeys: raft.server.snapshot.auto.trigger.threshold = 10000 (custom)
om1_1        | 2020-10-27 18:17:38,038 [grpc-default-executor-3] INFO metrics.RatisMetrics: Creating Metrics Registry : ratis.server_message_metrics.om1
om3_1        | 2020-10-27 18:17:31,078 [pool-18-thread-1] INFO server.RaftServerConfigKeys: raft.server.log.force.sync.num = 128 (default)
datanode2_1  | 2020-10-27 18:17:22,722 [ed123e89-9847-4fe4-9e65-39b492b8e055@group-36E110BFC22E-LeaderElection1] INFO impl.RaftServerImpl: ed123e89-9847-4fe4-9e65-39b492b8e055@group-36E110BFC22E: changes role from CANDIDATE to LEADER at term 1 for changeToLeader
recon_1      | 2020-10-27 18:17:13,866 [pool-14-thread-1] INFO retry.RetryInvocationHandler: com.google.protobuf.ServiceException: java.net.ConnectException: Call From recon/172.25.0.115 to om1:9862 failed on connection exception: java.net.ConnectException: Connection refused; For more details see:  http://wiki.apache.org/hadoop/ConnectionRefused, while invoking $Proxy41.submitRequest over {om1=nodeId=om1,nodeAddress=om1:9862, om3=nodeId=om3,nodeAddress=om3:9862, om2=nodeId=om2,nodeAddress=om2:9862} after 6 failover attempts. Trying to failover immediately.
datanode3_1  | 2020-10-27 18:17:17,790 [pool-20-thread-1] INFO segmented.SegmentedRaftLogWorker: 1c0a6297-3849-4cdf-be0a-e66a990cf6ad@group-A9D1A3C14AD0-SegmentedRaftLogWorker: flushIndex: setUnconditionally 0 -> -1
scm_1        | 2020-10-27 18:16:51,603 [Listener at 0.0.0.0/9860] INFO server.AbstractConnector: Started ServerConnector@2375a976{HTTP/1.1,[http/1.1]}{0.0.0.0:9876}
om2_1        | 2020-10-27 18:17:32,382 [Listener at om2/9862] INFO metrics.RatisMetrics: Creating Metrics Registry : ratis.state_machine.om2@group-562213E44849
kdc_1        | Oct 27 18:16:04 kdc kadmind[13](Notice): Request: kadm5_randkey_principal, recon/recon@EXAMPLE.COM, success, client=admin/admin@EXAMPLE.COM, service=kadmin/admin@EXAMPLE.COM, addr=127.0.0.1
datanode1_1  | 2020-10-27 18:17:44,863 [pool-20-thread-1] INFO server.RaftServerConfigKeys: raft.server.snapshot.retention.file.num = 5 (custom)
om1_1        | 2020-10-27 18:17:38,039 [grpc-default-executor-6] INFO metrics.RatisMetrics: Creating Metrics Registry : ratis.server_message_metrics.om1
om3_1        | 2020-10-27 18:17:31,104 [pool-18-thread-1] INFO server.RaftServerConfigKeys: raft.server.log.statemachine.data.sync = true (default)
om3_1        | 2020-10-27 18:17:31,104 [pool-18-thread-1] INFO server.RaftServerConfigKeys: raft.server.log.statemachine.data.sync.timeout = 10s (default)
recon_1      | 2020-10-27 18:17:13,877 [pool-14-thread-1] INFO retry.RetryInvocationHandler: com.google.protobuf.ServiceException: java.net.ConnectException: Call From recon/172.25.0.115 to om2:9862 failed on connection exception: java.net.ConnectException: Connection refused; For more details see:  http://wiki.apache.org/hadoop/ConnectionRefused, while invoking $Proxy41.submitRequest over {om1=nodeId=om1,nodeAddress=om1:9862, om3=nodeId=om3,nodeAddress=om3:9862, om2=nodeId=om2,nodeAddress=om2:9862} after 7 failover attempts. Trying to failover immediately.
datanode3_1  | 2020-10-27 18:17:17,833 [pool-20-thread-1] INFO segmented.SegmentedRaftLogWorker: 1c0a6297-3849-4cdf-be0a-e66a990cf6ad@group-A9D1A3C14AD0-SegmentedRaftLogWorker: safeCacheEvictIndex: setUnconditionally 0 -> -1
scm_1        | 2020-10-27 18:16:51,603 [Listener at 0.0.0.0/9860] INFO server.Server: Started @21176ms
om2_1        | 2020-10-27 18:17:32,406 [Listener at om2/9862] INFO impl.RaftServerProxy: om2: start RPC server
kdc_1        | Oct 27 18:16:04 kdc kadmind[13](Notice): Request: kadm5_get_principal, recon/recon@EXAMPLE.COM, success, client=admin/admin@EXAMPLE.COM, service=kadmin/admin@EXAMPLE.COM, addr=127.0.0.1
datanode1_1  | 2020-10-27 18:17:44,863 [pool-20-thread-1] INFO server.RaftServerConfigKeys: raft.server.log.purge.upto.snapshot.index = false (default)
om1_1        | 2020-10-27 18:17:38,039 [grpc-default-executor-5] INFO metrics.RatisMetrics: Creating Metrics Registry : ratis.server_message_metrics.om1
om3_1        | 2020-10-27 18:17:31,105 [pool-18-thread-1] INFO server.RaftServerConfigKeys: raft.server.log.statemachine.data.sync.timeout.retry = -1 (default)
datanode2_1  | 2020-10-27 18:17:22,723 [ed123e89-9847-4fe4-9e65-39b492b8e055@group-36E110BFC22E-LeaderElection1] INFO ratis.XceiverServerRatis: Leader change notification received for group: group-36E110BFC22E with new leaderId: ed123e89-9847-4fe4-9e65-39b492b8e055
recon_1      | 2020-10-27 18:17:13,889 [pool-14-thread-1] INFO retry.RetryInvocationHandler: com.google.protobuf.ServiceException: java.net.ConnectException: Call From recon/172.25.0.115 to om3:9862 failed on connection exception: java.net.ConnectException: Connection refused; For more details see:  http://wiki.apache.org/hadoop/ConnectionRefused, while invoking $Proxy41.submitRequest over {om1=nodeId=om1,nodeAddress=om1:9862, om3=nodeId=om3,nodeAddress=om3:9862, om2=nodeId=om2,nodeAddress=om2:9862} after 8 failover attempts. Trying to failover after sleeping for 2000ms.
datanode3_1  | 2020-10-27 18:17:17,892 [pool-20-thread-1] INFO server.RaftServerConfigKeys: raft.server.snapshot.auto.trigger.enabled = true (custom)
scm_1        | 2020-10-27 18:16:51,660 [Listener at 0.0.0.0/9860] INFO impl.MetricsSinkAdapter: Sink prometheus started
om2_1        | 2020-10-27 18:17:32,818 [Listener at om2/9862] INFO server.GrpcService: om2: GrpcService started, listening on 0.0.0.0/0.0.0.0:9872
kdc_1        | Oct 27 18:16:04 kdc kadmind[13](info): closing down fd 18
datanode1_1  | 2020-10-27 18:17:44,863 [pool-20-thread-1] INFO server.RaftServerConfigKeys: raft.server.retrycache.expirytime = 600000ms (custom)
om1_1        | 2020-10-27 18:17:38,095 [grpc-default-executor-5] INFO impl.RaftServerImpl: om1@group-562213E44849: changes role from CANDIDATE to FOLLOWER at term 3 for recognizeCandidate:om2
om3_1        | 2020-10-27 18:17:31,186 [pool-18-thread-1] INFO server.RaftServerConfigKeys: raft.server.log.statemachine.data.caching.enabled = false (default)
datanode2_1  | 2020-10-27 18:17:22,833 [ed123e89-9847-4fe4-9e65-39b492b8e055@group-36E110BFC22E-LeaderElection1] INFO impl.RaftServerImpl: ed123e89-9847-4fe4-9e65-39b492b8e055@group-36E110BFC22E: change Leader from null to ed123e89-9847-4fe4-9e65-39b492b8e055 at term 1 for becomeLeader, leader elected after 6395ms
recon_1      | 2020-10-27 18:17:15,891 [pool-14-thread-1] INFO retry.RetryInvocationHandler: com.google.protobuf.ServiceException: java.net.ConnectException: Call From recon/172.25.0.115 to om1:9862 failed on connection exception: java.net.ConnectException: Connection refused; For more details see:  http://wiki.apache.org/hadoop/ConnectionRefused, while invoking $Proxy41.submitRequest over {om1=nodeId=om1,nodeAddress=om1:9862, om3=nodeId=om3,nodeAddress=om3:9862, om2=nodeId=om2,nodeAddress=om2:9862} after 9 failover attempts. Trying to failover immediately.
datanode3_1  | 2020-10-27 18:17:17,894 [pool-20-thread-1] INFO server.RaftServerConfigKeys: raft.server.snapshot.auto.trigger.threshold = 10000 (custom)
scm_1        | 2020-10-27 18:16:51,669 [Listener at 0.0.0.0/9860] INFO impl.MetricsSystemImpl: Registered sink prometheus
om2_1        | 2020-10-27 18:17:32,821 [Listener at om2/9862] INFO om.OzoneManager: Reading keypair and certificate from file system.
kdc_1        | Oct 27 18:16:04 kdc kadmind[13](Notice): Request: kadm5_init, admin/admin@EXAMPLE.COM, success, client=admin/admin@EXAMPLE.COM, service=kadmin/admin@EXAMPLE.COM, addr=127.0.0.1, vers=4, flavor=6
datanode1_1  | 2020-10-27 18:17:44,863 [pool-20-thread-1] INFO metrics.RatisMetrics: Creating Metrics Registry : ratis.leader_election.1aabd6a6-2b8f-4ba4-a6ba-d2dd932573a9@group-D7AC04320B91
om1_1        | 2020-10-27 18:17:38,095 [grpc-default-executor-5] INFO impl.RoleInfo: om1: shutdown LeaderElection
om3_1        | 2020-10-27 18:17:31,244 [pool-18-thread-1] INFO segmented.SegmentedRaftLogWorker: om3@group-562213E44849-SegmentedRaftLogWorker: flushIndex: setUnconditionally 0 -> -1
datanode2_1  | 2020-10-27 18:17:22,845 [ed123e89-9847-4fe4-9e65-39b492b8e055@group-36E110BFC22E-LeaderElection1] INFO server.RaftServerConfigKeys: raft.server.staging.catchup.gap = 1000 (default)
recon_1      | 2020-10-27 18:17:15,892 [pool-14-thread-1] INFO retry.RetryInvocationHandler: com.google.protobuf.ServiceException: java.net.ConnectException: Call From recon/172.25.0.115 to om2:9862 failed on connection exception: java.net.ConnectException: Connection refused; For more details see:  http://wiki.apache.org/hadoop/ConnectionRefused, while invoking $Proxy41.submitRequest over {om1=nodeId=om1,nodeAddress=om1:9862, om3=nodeId=om3,nodeAddress=om3:9862, om2=nodeId=om2,nodeAddress=om2:9862} after 10 failover attempts. Trying to failover immediately.
datanode3_1  | 2020-10-27 18:17:17,913 [pool-20-thread-1] INFO server.RaftServerConfigKeys: raft.server.snapshot.retention.file.num = 5 (custom)
scm_1        | 2020-10-27 18:16:51,685 [Listener at 0.0.0.0/9860] INFO http.BaseHttpServer: HTTP server of scm listening at http://0.0.0.0:9876
om2_1        | 2020-10-27 18:17:32,936 [Listener at om2/9862] INFO om.OzoneManager: Starting OM block token secret manager
om2_1        | 2020-10-27 18:17:32,937 [Listener at om2/9862] INFO security.OzoneBlockTokenSecretManager: Updating the current master key for generating tokens
datanode1_1  | 2020-10-27 18:17:44,870 [pool-20-thread-1] INFO metrics.RatisMetrics: Creating Metrics Registry : ratis.server.1aabd6a6-2b8f-4ba4-a6ba-d2dd932573a9@group-D7AC04320B91
om1_1        | 2020-10-27 18:17:38,096 [grpc-default-executor-5] INFO impl.RoleInfo: om1: start FollowerState
om3_1        | 2020-10-27 18:17:31,249 [pool-18-thread-1] INFO segmented.SegmentedRaftLogWorker: om3@group-562213E44849-SegmentedRaftLogWorker: safeCacheEvictIndex: setUnconditionally 0 -> -1
datanode2_1  | 2020-10-27 18:17:22,852 [ed123e89-9847-4fe4-9e65-39b492b8e055@group-36E110BFC22E-LeaderElection1] INFO server.RaftServerConfigKeys: raft.server.rpc.sleep.time = 25ms (default)
recon_1      | 2020-10-27 18:17:15,897 [pool-14-thread-1] INFO retry.RetryInvocationHandler: com.google.protobuf.ServiceException: java.net.ConnectException: Call From recon/172.25.0.115 to om3:9862 failed on connection exception: java.net.ConnectException: Connection refused; For more details see:  http://wiki.apache.org/hadoop/ConnectionRefused, while invoking $Proxy41.submitRequest over {om1=nodeId=om1,nodeAddress=om1:9862, om3=nodeId=om3,nodeAddress=om3:9862, om2=nodeId=om2,nodeAddress=om2:9862} after 11 failover attempts. Trying to failover after sleeping for 2000ms.
datanode3_1  | 2020-10-27 18:17:17,919 [pool-20-thread-1] INFO server.RaftServerConfigKeys: raft.server.log.purge.upto.snapshot.index = false (default)
scm_1        | 2020-10-27 18:16:51,773 [org.apache.hadoop.util.JvmPauseMonitor$Monitor@6f2864c3] INFO util.JvmPauseMonitor: Starting JVM pause monitor
om2_1        | 2020-10-27 18:17:32,950 [Listener at om2/9862] INFO om.OzoneManager: Starting OM delegation token secret manager
kdc_1        | Oct 27 18:16:04 kdc kadmind[13](Notice): Request: kadm5_get_policy, default, Policy does not exist, client=admin/admin@EXAMPLE.COM, service=kadmin/admin@EXAMPLE.COM, addr=127.0.0.1
datanode1_1  | 2020-10-27 18:17:44,872 [pool-20-thread-1] INFO impl.RaftServerImpl: 1aabd6a6-2b8f-4ba4-a6ba-d2dd932573a9@group-D7AC04320B91: start as a follower, conf=-1: [1aabd6a6-2b8f-4ba4-a6ba-d2dd932573a9:172.25.0.102:9858:0], old=null
om1_1        | 2020-10-27 18:17:38,154 [grpc-default-executor-7] INFO impl.RaftServerImpl: om1@group-562213E44849: changes role from  FOLLOWER to FOLLOWER at term 4 for recognizeCandidate:om3
om3_1        | 2020-10-27 18:17:31,301 [pool-18-thread-1] INFO server.RaftServerConfigKeys: raft.server.snapshot.auto.trigger.enabled = true (custom)
datanode2_1  | 2020-10-27 18:17:22,855 [ed123e89-9847-4fe4-9e65-39b492b8e055@group-36E110BFC22E-LeaderElection1] INFO metrics.RatisMetrics: Creating Metrics Registry : ratis.log_appender.ed123e89-9847-4fe4-9e65-39b492b8e055@group-36E110BFC22E
recon_1      | 2020-10-27 18:17:17,488 [EventQueue-PipelineReportForReconPipelineReportHandler] INFO scm.ReconPipelineReportHandler: Unknown pipeline PipelineID=c12caa99-af33-48ba-a9a2-36e110bfc22e. Trying to get from SCM.
datanode3_1  | 2020-10-27 18:17:17,939 [pool-20-thread-1] INFO server.RaftServerConfigKeys: raft.server.retrycache.expirytime = 600000ms (custom)
scm_1        | 2020-10-27 18:16:52,316 [IPC Server handler 0 on default port 9961] INFO server.SCMSecurityProtocolServer: Processing CSR for dn 73c10a1f38f3, UUID: 1aabd6a6-2b8f-4ba4-a6ba-d2dd932573a9
om2_1        | 2020-10-27 18:17:32,959 [Listener at om2/9862] INFO security.OzoneDelegationTokenSecretManager: Updating the current master key for generating tokens
kdc_1        | Oct 27 18:16:04 kdc kadmind[13](Notice): Request: kadm5_create_principal, HTTP/recon@EXAMPLE.COM, success, client=admin/admin@EXAMPLE.COM, service=kadmin/admin@EXAMPLE.COM, addr=127.0.0.1
datanode1_1  | 2020-10-27 18:17:44,875 [pool-20-thread-1] INFO impl.RaftServerImpl: 1aabd6a6-2b8f-4ba4-a6ba-d2dd932573a9@group-D7AC04320B91: changes role from      null to FOLLOWER at term 0 for startAsFollower
om1_1        | 2020-10-27 18:17:38,154 [grpc-default-executor-7] INFO impl.RoleInfo: om1: shutdown FollowerState
om3_1        | 2020-10-27 18:17:31,302 [pool-18-thread-1] INFO server.RaftServerConfigKeys: raft.server.snapshot.auto.trigger.threshold = 400000 (default)
datanode2_1  | 2020-10-27 18:17:22,868 [ed123e89-9847-4fe4-9e65-39b492b8e055@group-36E110BFC22E-LeaderElection1] INFO server.RaftServerConfigKeys: raft.server.write.element-limit = 1024 (custom)
recon_1      | 2020-10-27 18:17:17,898 [pool-14-thread-1] INFO retry.RetryInvocationHandler: com.google.protobuf.ServiceException: java.net.ConnectException: Call From recon/172.25.0.115 to om1:9862 failed on connection exception: java.net.ConnectException: Connection refused; For more details see:  http://wiki.apache.org/hadoop/ConnectionRefused, while invoking $Proxy41.submitRequest over {om1=nodeId=om1,nodeAddress=om1:9862, om3=nodeId=om3,nodeAddress=om3:9862, om2=nodeId=om2,nodeAddress=om2:9862} after 12 failover attempts. Trying to failover immediately.
scm_1        | 2020-10-27 18:16:53,800 [Socket Reader #1 for port 9863] INFO ipc.Server: Auth successful for om/om1@EXAMPLE.COM (auth:KERBEROS)
om2_1        | 2020-10-27 18:17:32,980 [Thread[Thread-13,5,main]] INFO security.OzoneDelegationTokenSecretManager: Starting expired delegation token remover thread, tokenRemoverScanInterval=60 min(s)
kdc_1        | Oct 27 18:16:04 kdc kadmind[13](info): closing down fd 18
datanode1_1  | 2020-10-27 18:17:44,876 [pool-20-thread-1] INFO impl.RoleInfo: 1aabd6a6-2b8f-4ba4-a6ba-d2dd932573a9: start FollowerState
om1_1        | 2020-10-27 18:17:38,155 [grpc-default-executor-7] INFO impl.RoleInfo: om1: start FollowerState
om3_1        | 2020-10-27 18:17:31,330 [pool-18-thread-1] INFO server.RaftServerConfigKeys: raft.server.snapshot.retention.file.num = -1 (default)
datanode2_1  | 2020-10-27 18:17:22,876 [ed123e89-9847-4fe4-9e65-39b492b8e055@group-36E110BFC22E-LeaderElection1] INFO server.RaftServerConfigKeys: raft.server.write.byte-limit = 1073741824 (custom)
datanode3_1  | 2020-10-27 18:17:18,203 [pool-20-thread-1] INFO metrics.RatisMetrics: Creating Metrics Registry : ratis.leader_election.1c0a6297-3849-4cdf-be0a-e66a990cf6ad@group-A9D1A3C14AD0
scm_1        | 2020-10-27 18:16:53,861 [Socket Reader #1 for port 9863] INFO authorize.ServiceAuthorizationManager: Authorization successful for om/om1@EXAMPLE.COM (auth:KERBEROS) for protocol=interface org.apache.hadoop.hdds.scm.protocol.ScmBlockLocationProtocol
recon_1      | 2020-10-27 18:17:17,899 [pool-14-thread-1] INFO retry.RetryInvocationHandler: com.google.protobuf.ServiceException: java.net.ConnectException: Call From recon/172.25.0.115 to om2:9862 failed on connection exception: java.net.ConnectException: Connection refused; For more details see:  http://wiki.apache.org/hadoop/ConnectionRefused, while invoking $Proxy41.submitRequest over {om1=nodeId=om1,nodeAddress=om1:9862, om3=nodeId=om3,nodeAddress=om3:9862, om2=nodeId=om2,nodeAddress=om2:9862} after 13 failover attempts. Trying to failover immediately.
om2_1        | 2020-10-27 18:17:33,304 [Listener at om2/9862] INFO http.BaseHttpServer: Starting Web-server for ozoneManager at: http://0.0.0.0:9874
kdc_1        | Oct 27 18:16:04 kdc kadmind[13](Notice): Request: kadm5_init, admin/admin@EXAMPLE.COM, success, client=admin/admin@EXAMPLE.COM, service=kadmin/admin@EXAMPLE.COM, addr=127.0.0.1, vers=4, flavor=6
datanode1_1  | 2020-10-27 18:17:44,879 [pool-20-thread-1] INFO util.JmxRegister: Successfully registered JMX Bean with object name Ratis:service=RaftServer,group=group-D7AC04320B91,id=1aabd6a6-2b8f-4ba4-a6ba-d2dd932573a9
om1_1        | 2020-10-27 18:17:38,210 [grpc-default-executor-7] INFO impl.RaftServerImpl:  FOLLOWER om1@group-562213E44849:t4, leader=null, voted=null, raftlog=om1@group-562213E44849-SegmentedRaftLog:OPENED:c-1,f-1,i0, conf=-1: [om1:om1:9872:0, om3:om3:9872:0, om2:om2:9872:0], old=null RUNNING priority:0 candidate:om3:om3:9872:0 candidatePriority:0 compare:0
om3_1        | 2020-10-27 18:17:31,331 [pool-18-thread-1] INFO server.RaftServerConfigKeys: raft.server.log.purge.upto.snapshot.index = true (custom)
datanode2_1  | 2020-10-27 18:17:22,903 [ed123e89-9847-4fe4-9e65-39b492b8e055@group-36E110BFC22E-LeaderElection1] INFO server.RaftServerConfigKeys: raft.server.watch.timeout = 180s (custom)
datanode3_1  | 2020-10-27 18:17:18,213 [pool-20-thread-1] INFO metrics.RatisMetrics: Creating Metrics Registry : ratis.server.1c0a6297-3849-4cdf-be0a-e66a990cf6ad@group-A9D1A3C14AD0
scm_1        | 2020-10-27 18:16:54,632 [Socket Reader #1 for port 9860] INFO ipc.Server: Auth successful for HTTP/scm@EXAMPLE.COM (auth:KERBEROS)
om2_1        | 2020-10-27 18:17:33,304 [Listener at om2/9862] INFO http.BaseHttpServer: Hadoop Security Enabled: true Ozone Security Enabled: true Ozone HTTP Security Enabled: true 
kdc_1        | Oct 27 18:16:05 kdc kadmind[13](Notice): Request: kadm5_randkey_principal, HTTP/recon@EXAMPLE.COM, success, client=admin/admin@EXAMPLE.COM, service=kadmin/admin@EXAMPLE.COM, addr=127.0.0.1
datanode1_1  | 2020-10-27 18:17:44,880 [pool-20-thread-1] INFO metrics.RatisMetrics: Creating Metrics Registry : ratis.state_machine.1aabd6a6-2b8f-4ba4-a6ba-d2dd932573a9@group-D7AC04320B91
om1_1        | 2020-10-27 18:17:38,155 [Thread-23] INFO impl.FollowerState: om1@group-562213E44849-FollowerState was interrupted: java.lang.InterruptedException: sleep interrupted
om1_1        | 2020-10-27 18:17:38,337 [om1@group-562213E44849-LeaderElection1] INFO impl.LeaderElection: om1@group-562213E44849-LeaderElection1: Election DISCOVERED_A_NEW_TERM; received 1 response(s) [om1<-om2#0:FAIL-t4] and 0 exception(s); om1@group-562213E44849:t4, leader=null, voted=om3, raftlog=om1@group-562213E44849-SegmentedRaftLog:OPENED:c-1,f-1,i0, conf=-1: [om1:om1:9872:0, om3:om3:9872:0, om2:om2:9872:0], old=null
om3_1        | 2020-10-27 18:17:31,332 [pool-18-thread-1] INFO server.RaftServerConfigKeys: raft.server.retrycache.expirytime = 600000ms (custom)
recon_1      | 2020-10-27 18:17:17,900 [pool-14-thread-1] INFO retry.RetryInvocationHandler: com.google.protobuf.ServiceException: java.net.ConnectException: Call From recon/172.25.0.115 to om3:9862 failed on connection exception: java.net.ConnectException: Connection refused; For more details see:  http://wiki.apache.org/hadoop/ConnectionRefused, while invoking $Proxy41.submitRequest over {om1=nodeId=om1,nodeAddress=om1:9862, om3=nodeId=om3,nodeAddress=om3:9862, om2=nodeId=om2,nodeAddress=om2:9862} after 14 failover attempts. Trying to failover after sleeping for 2000ms.
scm_1        | 2020-10-27 18:16:54,685 [Socket Reader #1 for port 9860] INFO authorize.ServiceAuthorizationManager: Authorization successful for HTTP/scm@EXAMPLE.COM (auth:KERBEROS) for protocol=interface org.apache.hadoop.hdds.scm.protocol.StorageContainerLocationProtocol
datanode3_1  | 2020-10-27 18:17:18,368 [pool-20-thread-1] INFO impl.RaftServerImpl: 1c0a6297-3849-4cdf-be0a-e66a990cf6ad@group-A9D1A3C14AD0: start as a follower, conf=-1: [1c0a6297-3849-4cdf-be0a-e66a990cf6ad:172.25.0.104:9858:0], old=null
om2_1        | 2020-10-27 18:17:33,304 [Listener at om2/9862] INFO http.BaseHttpServer: HttpAuthType: ozone.om.http.auth.type = kerberos
kdc_1        | Oct 27 18:16:05 kdc kadmind[13](Notice): Request: kadm5_get_principal, HTTP/recon@EXAMPLE.COM, success, client=admin/admin@EXAMPLE.COM, service=kadmin/admin@EXAMPLE.COM, addr=127.0.0.1
datanode1_1  | 2020-10-27 18:17:44,889 [Command processor thread] INFO commandhandler.CreatePipelineCommandHandler: Created Pipeline RATIS ONE #id: "e9368e3c-45c9-4480-ad3b-d7ac04320b91"
om1_1        | 2020-10-27 18:17:38,429 [Listener at om1/9862] INFO http.HttpRequestLog: Http request log for http.requests.ozoneManager is not defined
datanode2_1  | 2020-10-27 18:17:22,903 [ed123e89-9847-4fe4-9e65-39b492b8e055@group-36E110BFC22E-LeaderElection1] INFO server.RaftServerConfigKeys: raft.server.watch.timeout.denomination = 1s (default)
om3_1        | 2020-10-27 18:17:31,472 [main] INFO ipc.CallQueueManager: Using callQueue: class java.util.concurrent.LinkedBlockingQueue, queueCapacity: 10000, scheduler: class org.apache.hadoop.ipc.DefaultRpcScheduler, ipcBackoff: false.
recon_1      | 2020-10-27 18:17:17,911 [EventQueue-PipelineReportForReconPipelineReportHandler] INFO scm.ReconPipelineReportHandler: Adding new pipeline Pipeline[ Id: c12caa99-af33-48ba-a9a2-36e110bfc22e, Nodes: ed123e89-9847-4fe4-9e65-39b492b8e055{ip: 172.25.0.103, host: ozonesecure-om-ha_datanode2_1.ozonesecure-om-ha_ozone_net, networkLocation: /default-rack, certSerialId: null}, Type:RATIS, Factor:ONE, State:OPEN, leaderId:ed123e89-9847-4fe4-9e65-39b492b8e055, CreationTimestamp2020-10-27T18:17:13.352Z] to Recon pipeline metadata.
datanode3_1  | 2020-10-27 18:17:18,370 [pool-20-thread-1] INFO impl.RaftServerImpl: 1c0a6297-3849-4cdf-be0a-e66a990cf6ad@group-A9D1A3C14AD0: changes role from      null to FOLLOWER at term 0 for startAsFollower
om2_1        | 2020-10-27 18:17:33,524 [Thread-12] INFO impl.FollowerState: om2@group-562213E44849-FollowerState: change to CANDIDATE, lastRpcTime:1200ms, electionTimeout:1131ms
kdc_1        | Oct 27 18:16:05 kdc kadmind[13](info): closing down fd 18
datanode1_1  | uuid128 {
om1_1        | 2020-10-27 18:17:38,435 [Listener at om1/9862] INFO http.HttpServer2: Added global filter 'safety' (class=org.apache.hadoop.hdds.server.http.HttpServer2$QuotingInputFilter)
datanode2_1  | 2020-10-27 18:17:22,908 [ed123e89-9847-4fe4-9e65-39b492b8e055@group-36E110BFC22E-LeaderElection1] INFO server.RaftServerConfigKeys: raft.server.watch.element-limit = 65536 (default)
om3_1        | 2020-10-27 18:17:31,517 [pool-18-thread-1] INFO metrics.RatisMetrics: Creating Metrics Registry : ratis.leader_election.om3@group-562213E44849
recon_1      | 2020-10-27 18:17:18,027 [EventQueue-PipelineReportForReconPipelineReportHandler] INFO pipeline.PipelineStateManager: Created pipeline Pipeline[ Id: c12caa99-af33-48ba-a9a2-36e110bfc22e, Nodes: ed123e89-9847-4fe4-9e65-39b492b8e055{ip: 172.25.0.103, host: ozonesecure-om-ha_datanode2_1.ozonesecure-om-ha_ozone_net, networkLocation: /default-rack, certSerialId: null}, Type:RATIS, Factor:ONE, State:OPEN, leaderId:ed123e89-9847-4fe4-9e65-39b492b8e055, CreationTimestamp2020-10-27T18:17:13.352Z]
scm_1        | 2020-10-27 18:16:59,744 [Socket Reader #1 for port 9961] INFO ipc.Server: Auth successful for om/om2@EXAMPLE.COM (auth:KERBEROS)
datanode3_1  | 2020-10-27 18:17:18,377 [pool-20-thread-1] INFO impl.RoleInfo: 1c0a6297-3849-4cdf-be0a-e66a990cf6ad: start FollowerState
om2_1        | 2020-10-27 18:17:33,525 [Thread-12] INFO impl.RoleInfo: om2: shutdown FollowerState
kdc_1        | Oct 27 18:16:04 kdc krb5kdc[8](info): AS_REQ (8 etypes {18 17 20 19 16 23 25 26}) 127.0.0.1: SERVER_NOT_FOUND: admin/admin@EXAMPLE.COM for kadmin/localhost@EXAMPLE.COM, Server not found in Kerberos database
datanode1_1  |   mostSigBits: -1641968624609966976
om1_1        | 2020-10-27 18:17:38,443 [Listener at om1/9862] INFO http.HttpServer2: Added filter authentication (class=org.apache.hadoop.security.authentication.server.AuthenticationFilter) to context ozoneManager
datanode2_1  | 2020-10-27 18:17:22,941 [ed123e89-9847-4fe4-9e65-39b492b8e055@group-36E110BFC22E-LeaderElection1] INFO impl.RoleInfo: ed123e89-9847-4fe4-9e65-39b492b8e055: start LeaderState
om3_1        | 2020-10-27 18:17:31,519 [pool-18-thread-1] INFO metrics.RatisMetrics: Creating Metrics Registry : ratis.server.om3@group-562213E44849
recon_1      | 2020-10-27 18:17:18,074 [EventQueue-PipelineReportForReconPipelineReportHandler] INFO scm.ReconPipelineReportHandler: Unknown pipeline PipelineID=bfdb239c-439f-4db3-b722-5c7f88dfd469. Trying to get from SCM.
scm_1        | 2020-10-27 18:16:59,820 [Socket Reader #1 for port 9961] INFO authorize.ServiceAuthorizationManager: Authorization successful for om/om2@EXAMPLE.COM (auth:KERBEROS) for protocol=interface org.apache.hadoop.hdds.protocol.SCMSecurityProtocol
datanode3_1  | 2020-10-27 18:17:18,416 [pool-20-thread-1] INFO util.JmxRegister: Successfully registered JMX Bean with object name Ratis:service=RaftServer,group=group-A9D1A3C14AD0,id=1c0a6297-3849-4cdf-be0a-e66a990cf6ad
om2_1        | 2020-10-27 18:17:33,525 [Thread-12] INFO impl.RaftServerImpl: om2@group-562213E44849: changes role from  FOLLOWER to CANDIDATE at term 0 for changeToCandidate
kdc_1        | Oct 27 18:16:04 kdc krb5kdc[8](info): AS_REQ (8 etypes {18 17 20 19 16 23 25 26}) 127.0.0.1: ISSUE: authtime 1603822564, etypes {rep=18 tkt=18 ses=18}, admin/admin@EXAMPLE.COM for kadmin/admin@EXAMPLE.COM
datanode1_1  |   leastSigBits: -5963936147717354607
om1_1        | 2020-10-27 18:17:38,447 [Listener at om1/9862] INFO http.HttpServer2: Added filter authentication (class=org.apache.hadoop.security.authentication.server.AuthenticationFilter) to context static
om1_1        | 2020-10-27 18:17:38,447 [Listener at om1/9862] INFO http.HttpServer2: Added filter authentication (class=org.apache.hadoop.security.authentication.server.AuthenticationFilter) to context logs
om3_1        | 2020-10-27 18:17:31,548 [Socket Reader #1 for port 9862] INFO ipc.Server: Starting Socket Reader #1 for port 9862
recon_1      | 2020-10-27 18:17:18,127 [EventQueue-PipelineReportForReconPipelineReportHandler] INFO scm.ReconPipelineReportHandler: Adding new pipeline Pipeline[ Id: bfdb239c-439f-4db3-b722-5c7f88dfd469, Nodes: ed123e89-9847-4fe4-9e65-39b492b8e055{ip: 172.25.0.103, host: ozonesecure-om-ha_datanode2_1.ozonesecure-om-ha_ozone_net, networkLocation: /default-rack, certSerialId: null}1c0a6297-3849-4cdf-be0a-e66a990cf6ad{ip: 172.25.0.104, host: ozonesecure-om-ha_datanode3_1.ozonesecure-om-ha_ozone_net, networkLocation: /default-rack, certSerialId: null}1aabd6a6-2b8f-4ba4-a6ba-d2dd932573a9{ip: 172.25.0.102, host: ozonesecure-om-ha_datanode1_1.ozonesecure-om-ha_ozone_net, networkLocation: /default-rack, certSerialId: null}, Type:RATIS, Factor:THREE, State:ALLOCATED, leaderId:, CreationTimestamp2020-10-27T18:17:17.381Z] to Recon pipeline metadata.
scm_1        | 2020-10-27 18:16:59,838 [IPC Server handler 1 on default port 9961] INFO server.SCMSecurityProtocolServer: Processing CSR for om om2, UUID: ae77e836-01c4-482b-a1ff-9e84f9286d95
datanode3_1  | 2020-10-27 18:17:18,436 [pool-20-thread-1] INFO metrics.RatisMetrics: Creating Metrics Registry : ratis.state_machine.1c0a6297-3849-4cdf-be0a-e66a990cf6ad@group-A9D1A3C14AD0
om2_1        | 2020-10-27 18:17:33,530 [Thread-12] INFO impl.RoleInfo: om2: start LeaderElection
kdc_1        | Oct 27 18:16:04 kdc krb5kdc[8](info): AS_REQ (8 etypes {18 17 20 19 16 23 25 26}) 127.0.0.1: SERVER_NOT_FOUND: admin/admin@EXAMPLE.COM for kadmin/localhost@EXAMPLE.COM, Server not found in Kerberos database
datanode1_1  | }
om1_1        | 2020-10-27 18:17:38,450 [Listener at om1/9862] INFO http.HttpServer2: Initialize spnego with host: 0.0.0.0 userKey: ozone.om.http.auth.kerberos.principal keytabKey: ozone.om.http.auth.kerberos.keytab
datanode2_1  | 2020-10-27 18:17:23,022 [ed123e89-9847-4fe4-9e65-39b492b8e055@group-36E110BFC22E-LeaderElection1] INFO segmented.SegmentedRaftLogWorker: ed123e89-9847-4fe4-9e65-39b492b8e055@group-36E110BFC22E-SegmentedRaftLogWorker: Starting segment from index:0
om3_1        | 2020-10-27 18:17:32,692 [Listener at om3/9862] INFO impl.MetricsConfig: Loaded properties from hadoop-metrics2.properties
recon_1      | 2020-10-27 18:17:18,129 [EventQueue-PipelineReportForReconPipelineReportHandler] INFO pipeline.PipelineStateManager: Created pipeline Pipeline[ Id: bfdb239c-439f-4db3-b722-5c7f88dfd469, Nodes: ed123e89-9847-4fe4-9e65-39b492b8e055{ip: 172.25.0.103, host: ozonesecure-om-ha_datanode2_1.ozonesecure-om-ha_ozone_net, networkLocation: /default-rack, certSerialId: null}1c0a6297-3849-4cdf-be0a-e66a990cf6ad{ip: 172.25.0.104, host: ozonesecure-om-ha_datanode3_1.ozonesecure-om-ha_ozone_net, networkLocation: /default-rack, certSerialId: null}1aabd6a6-2b8f-4ba4-a6ba-d2dd932573a9{ip: 172.25.0.102, host: ozonesecure-om-ha_datanode1_1.ozonesecure-om-ha_ozone_net, networkLocation: /default-rack, certSerialId: null}, Type:RATIS, Factor:THREE, State:ALLOCATED, leaderId:, CreationTimestamp2020-10-27T18:17:17.381Z]
scm_1        | 2020-10-27 18:17:02,005 [Socket Reader #1 for port 9961] INFO ipc.Server: Auth successful for om/om3@EXAMPLE.COM (auth:KERBEROS)
datanode3_1  | 2020-10-27 18:17:18,515 [Command processor thread] INFO commandhandler.CreatePipelineCommandHandler: Created Pipeline RATIS ONE #id: "537284d1-c49c-49e7-a985-a9d1a3c14ad0"
om2_1        | 2020-10-27 18:17:33,542 [Listener at om2/9862] INFO util.log: Logging initialized @31658ms to org.eclipse.jetty.util.log.Slf4jLog
kdc_1        | Oct 27 18:16:04 kdc krb5kdc[8](info): AS_REQ (8 etypes {18 17 20 19 16 23 25 26}) 127.0.0.1: ISSUE: authtime 1603822564, etypes {rep=18 tkt=18 ses=18}, admin/admin@EXAMPLE.COM for kadmin/admin@EXAMPLE.COM
datanode1_1  | .
om1_1        | 2020-10-27 18:17:38,501 [Listener at om1/9862] INFO http.HttpServer2: Jetty bound to port 9874
