scm_1       | 2020-10-27 18:04:57,795 [EventQueue-NodeRegistrationContainerReportForDataNodeSafeModeRule] INFO safemode.SCMSafeModeManager: DataNodeSafeModeRule rule is successfully validated
kms_1       | Oct 27, 2020 6:07:16 PM com.sun.jersey.server.wadl.generators.AbstractWadlGeneratorGrammarGenerator attachTypes
kms_1       | INFO: Couldn't find grammar element for class java.util.Map
kms_1       | Oct 27, 2020 6:07:16 PM com.sun.jersey.server.wadl.generators.AbstractWadlGeneratorGrammarGenerator attachTypes
kms_1       | INFO: Couldn't find grammar element for class javax.ws.rs.core.Response
kms_1       | Oct 27, 2020 6:11:10 PM com.sun.jersey.server.wadl.generators.WadlGeneratorJAXBGrammarGenerator buildModelAndSchemas
kms_1       | SEVERE: Failed to generate the schema for the JAX-B elements
kms_1       | com.sun.xml.bind.v2.runtime.IllegalAnnotationsException: 2 counts of IllegalAnnotationExceptions
kms_1       | java.util.Map is an interface, and JAXB can't handle interfaces.
kms_1       | 	this problem is related to the following location:
kms_1       | 		at java.util.Map
kms_1       | java.util.Map does not have a no-arg default constructor.
kms_1       | 	this problem is related to the following location:
kms_1       | 		at java.util.Map
rm_1        | 2020-10-27 18:04:16 INFO  CapacitySchedulerQueueManager:298 - Initialized queue: default: capacity=1.0, absoluteCapacity=1.0, usedResources=<memory:0, vCores:0>, usedCapacity=0.0, absoluteUsedCapacity=0.0, numApps=0, numContainers=0, effectiveMinResource=<memory:0, vCores:0> , effectiveMaxResource=<memory:0, vCores:0>
kms_1       | 
nm_1        | ************************************************************/
kdc_1       | Certificate was added to keystore
datanode_3  | 2020-10-27 18:05:07,583 [grpc-default-executor-1] INFO ratis.XceiverServerRatis: Leader change notification received for group: group-78D398BCC4DE with new leaderId: 73db7787-5815-4d14-8920-540b8cd364be
scm_1       | 2020-10-27 18:04:57,795 [EventQueue-NodeRegistrationContainerReportForDataNodeSafeModeRule] INFO safemode.SCMSafeModeManager: All SCM safe mode pre check rules have passed
scm_1       | 2020-10-27 18:04:57,851 [RatisPipelineUtilsThread] INFO pipeline.PipelineStateManager: Created pipeline Pipeline[ Id: fdb49a64-f07b-4745-a495-c1ca15de7b96, Nodes: f899914f-82fe-47ef-82b3-4df4870445aa{ip: 172.25.0.8, host: ozonesecure-mr_datanode_3.ozone, networkLocation: /default-rack, certSerialId: null}, Type:RATIS, Factor:ONE, State:ALLOCATED, leaderId:, CreationTimestamp2020-10-27T18:04:57.476350Z]
kms_1       | 	at com.sun.xml.bind.v2.runtime.IllegalAnnotationsException$Builder.check(IllegalAnnotationsException.java:106)
nm_1        | 2020-10-27 18:04:14 INFO  NodeManager:51 - registered UNIX signal handlers for [TERM, HUP, INT]
kdc_1       | 
datanode_3  | 2020-10-27 18:05:07,583 [grpc-default-executor-1] INFO impl.RaftServerImpl: f899914f-82fe-47ef-82b3-4df4870445aa@group-78D398BCC4DE: change Leader from null to 73db7787-5815-4d14-8920-540b8cd364be at term 1 for appendEntries, leader elected after 5729ms
rm_1        | 2020-10-27 18:04:16 INFO  CapacitySchedulerQueueManager:298 - Initialized queue: root: numChildQueue= 1, capacity=1.0, absoluteCapacity=1.0, usedResources=<memory:0, vCores:0>usedCapacity=0.0, numApps=0, numContainers=0
scm_1       | 2020-10-27 18:04:57,914 [RatisPipelineUtilsThread] INFO pipeline.RatisPipelineProvider: Sending CreatePipelineCommand for pipeline:PipelineID=b78aaba8-fcef-4ebe-b082-78d398bcc4de to datanode:083938b1-11f5-425d-829e-a537c1065846
kms_1       | 	at com.sun.xml.bind.v2.runtime.JAXBContextImpl.getTypeInfoSet(JAXBContextImpl.java:489)
nm_1        | 2020-10-27 18:04:19 INFO  ResourcePluginManager:72 - No Resource plugins found from configuration!
kdc_1       | Warning:
datanode_3  | 2020-10-27 18:05:07,732 [grpc-default-executor-1] INFO impl.RaftServerImpl: f899914f-82fe-47ef-82b3-4df4870445aa@group-78D398BCC4DE: set configuration 0: [083938b1-11f5-425d-829e-a537c1065846:172.25.0.5:9858:0, 73db7787-5815-4d14-8920-540b8cd364be:172.25.0.7:9858:0, f899914f-82fe-47ef-82b3-4df4870445aa:172.25.0.8:9858:0], old=null at 0
rm_1        | 2020-10-27 18:04:16 INFO  CapacitySchedulerQueueManager:163 - Initialized root queue root: numChildQueue= 1, capacity=1.0, absoluteCapacity=1.0, usedResources=<memory:0, vCores:0>usedCapacity=0.0, numApps=0, numContainers=0
scm_1       | 2020-10-27 18:04:57,916 [RatisPipelineUtilsThread] INFO pipeline.RatisPipelineProvider: Sending CreatePipelineCommand for pipeline:PipelineID=b78aaba8-fcef-4ebe-b082-78d398bcc4de to datanode:73db7787-5815-4d14-8920-540b8cd364be
kms_1       | 	at com.sun.xml.bind.v2.runtime.JAXBContextImpl.<init>(JAXBContextImpl.java:319)
nm_1        | 2020-10-27 18:04:19 INFO  ResourcePluginManager:74 - Found Resource plugins from configuration: null
kdc_1       | The JKS keystore uses a proprietary format. It is recommended to migrate to PKCS12 which is an industry standard format using "keytool -importkeystore -srckeystore jhs.keystore -destkeystore jhs.keystore -deststoretype pkcs12".
datanode_3  | 2020-10-27 18:05:07,741 [grpc-default-executor-1] INFO segmented.SegmentedRaftLogWorker: f899914f-82fe-47ef-82b3-4df4870445aa@group-78D398BCC4DE-SegmentedRaftLogWorker: Starting segment from index:0
rm_1        | 2020-10-27 18:04:16 INFO  UserGroupMappingPlacementRule:237 - Initialized queue mappings, override: false
scm_1       | 2020-10-27 18:04:57,920 [RatisPipelineUtilsThread] INFO pipeline.RatisPipelineProvider: Sending CreatePipelineCommand for pipeline:PipelineID=b78aaba8-fcef-4ebe-b082-78d398bcc4de to datanode:f899914f-82fe-47ef-82b3-4df4870445aa
kms_1       | 	at com.sun.xml.bind.v2.runtime.JAXBContextImpl$JAXBContextBuilder.build(JAXBContextImpl.java:1170)
nm_1        | 2020-10-27 18:04:19 INFO  NodeManager:357 - Node Manager health check script is not available or doesn't have execute permission, so not starting the node health script runner.
kdc_1       | Keystore type: jks
datanode_3  | 2020-10-27 18:05:07,762 [f899914f-82fe-47ef-82b3-4df4870445aa@group-78D398BCC4DE-SegmentedRaftLogWorker] INFO segmented.SegmentedRaftLogWorker: f899914f-82fe-47ef-82b3-4df4870445aa@group-78D398BCC4DE-SegmentedRaftLogWorker: created new log segment /data/metadata/ratis/b78aaba8-fcef-4ebe-b082-78d398bcc4de/current/log_inprogress_0
rm_1        | 2020-10-27 18:04:16 INFO  MultiNodeSortingManager:104 - MultiNode scheduling is 'false', and configured policies are 
scm_1       | 2020-10-27 18:04:57,921 [RatisPipelineUtilsThread] INFO pipeline.PipelineStateManager: Created pipeline Pipeline[ Id: b78aaba8-fcef-4ebe-b082-78d398bcc4de, Nodes: 083938b1-11f5-425d-829e-a537c1065846{ip: 172.25.0.5, host: ozonesecure-mr_datanode_2.ozone, networkLocation: /default-rack, certSerialId: null}73db7787-5815-4d14-8920-540b8cd364be{ip: 172.25.0.7, host: ozonesecure-mr_datanode_1.ozone, networkLocation: /default-rack, certSerialId: null}f899914f-82fe-47ef-82b3-4df4870445aa{ip: 172.25.0.8, host: ozonesecure-mr_datanode_3.ozone, networkLocation: /default-rack, certSerialId: null}, Type:RATIS, Factor:THREE, State:ALLOCATED, leaderId:, CreationTimestamp2020-10-27T18:04:57.904306Z]
kms_1       | 	at com.sun.xml.bind.v2.ContextFactory.createContext(ContextFactory.java:145)
nm_1        | 2020-10-27 18:04:20 INFO  AsyncDispatcher:245 - Registering class org.apache.hadoop.yarn.server.nodemanager.containermanager.container.ContainerEventType for class org.apache.hadoop.yarn.server.nodemanager.containermanager.ContainerManagerImpl$ContainerEventDispatcher
kdc_1       | Keystore provider: SUN
datanode_3  | 2020-10-27 18:05:51,977 [ChunkWriter-6-0] INFO client.DNCertificateClient: Getting certificate with certSerialId:2833880591967.
rm_1        | 2020-10-27 18:04:16 INFO  CapacityScheduler:408 - Initialized CapacityScheduler with calculator=class org.apache.hadoop.yarn.util.resource.DefaultResourceCalculator, minimumAllocation=<<memory:1024, vCores:1>>, maximumAllocation=<<memory:8192, vCores:4>>, asynchronousScheduling=false, asyncScheduleInterval=5ms,multiNodePlacementEnabled=false
scm_1       | 2020-10-27 18:04:57,936 [RatisPipelineUtilsThread] INFO pipeline.RatisPipelineProvider: Sending CreatePipelineCommand for pipeline:PipelineID=49e2eaf2-c808-4cc6-8144-529a818efe13 to datanode:083938b1-11f5-425d-829e-a537c1065846
scm_1       | 2020-10-27 18:04:57,948 [RatisPipelineUtilsThread] INFO pipeline.PipelineStateManager: Created pipeline Pipeline[ Id: 49e2eaf2-c808-4cc6-8144-529a818efe13, Nodes: 083938b1-11f5-425d-829e-a537c1065846{ip: 172.25.0.5, host: ozonesecure-mr_datanode_2.ozone, networkLocation: /default-rack, certSerialId: null}, Type:RATIS, Factor:ONE, State:ALLOCATED, leaderId:, CreationTimestamp2020-10-27T18:04:57.936045Z]
nm_1        | 2020-10-27 18:04:20 INFO  AsyncDispatcher:245 - Registering class org.apache.hadoop.yarn.server.nodemanager.containermanager.application.ApplicationEventType for class org.apache.hadoop.yarn.server.nodemanager.containermanager.ContainerManagerImpl$ApplicationEventDispatcher
kdc_1       | 
rm_1        | 2020-10-27 18:04:16 INFO  Configuration:2795 - dynamic-resources.xml not found
kms_1       | 	at sun.reflect.NativeMethodAccessorImpl.invoke0(Native Method)
scm_1       | 2020-10-27 18:04:57,949 [RatisPipelineUtilsThread] INFO pipeline.RatisPipelineProvider: Sending CreatePipelineCommand for pipeline:PipelineID=95b1b792-bb60-422b-a282-13aef09db64e to datanode:73db7787-5815-4d14-8920-540b8cd364be
nm_1        | 2020-10-27 18:04:20 INFO  AsyncDispatcher:245 - Registering class org.apache.hadoop.yarn.server.nodemanager.containermanager.localizer.event.LocalizationEventType for class org.apache.hadoop.yarn.server.nodemanager.containermanager.ContainerManagerImpl$LocalizationEventHandlerWrapper
kdc_1       | Your keystore contains 3 entries
rm_1        | 2020-10-27 18:04:16 INFO  AMSProcessingChain:62 - Initializing AMS Processing chain. Root Processor=[org.apache.hadoop.yarn.server.resourcemanager.DefaultAMSProcessor].
kms_1       | 	at sun.reflect.NativeMethodAccessorImpl.invoke(NativeMethodAccessorImpl.java:62)
scm_1       | 2020-10-27 18:04:57,950 [RatisPipelineUtilsThread] INFO pipeline.PipelineStateManager: Created pipeline Pipeline[ Id: 95b1b792-bb60-422b-a282-13aef09db64e, Nodes: 73db7787-5815-4d14-8920-540b8cd364be{ip: 172.25.0.7, host: ozonesecure-mr_datanode_1.ozone, networkLocation: /default-rack, certSerialId: null}, Type:RATIS, Factor:ONE, State:ALLOCATED, leaderId:, CreationTimestamp2020-10-27T18:04:57.949643Z]
nm_1        | 2020-10-27 18:04:20 INFO  AsyncDispatcher:245 - Registering class org.apache.hadoop.yarn.server.nodemanager.containermanager.AuxServicesEventType for class org.apache.hadoop.yarn.server.nodemanager.containermanager.AuxServices
kdc_1       | 
rm_1        | 2020-10-27 18:04:16 INFO  ApplicationMasterService:132 - disabled placement handler will be used, all scheduling requests will be rejected.
kms_1       | 	at sun.reflect.DelegatingMethodAccessorImpl.invoke(DelegatingMethodAccessorImpl.java:43)
scm_1       | 2020-10-27 18:05:01,460 [EventQueue-PipelineReportForPipelineReportHandler] INFO pipeline.PipelineStateManager: Pipeline Pipeline[ Id: fdb49a64-f07b-4745-a495-c1ca15de7b96, Nodes: f899914f-82fe-47ef-82b3-4df4870445aa{ip: 172.25.0.8, host: ozonesecure-mr_datanode_3.ozone, networkLocation: /default-rack, certSerialId: null}, Type:RATIS, Factor:ONE, State:ALLOCATED, leaderId:f899914f-82fe-47ef-82b3-4df4870445aa, CreationTimestamp2020-10-27T18:04:57.476350Z] moved to OPEN state
nm_1        | 2020-10-27 18:04:20 INFO  AsyncDispatcher:245 - Registering class org.apache.hadoop.yarn.server.nodemanager.containermanager.monitor.ContainersMonitorEventType for class org.apache.hadoop.yarn.server.nodemanager.containermanager.monitor.ContainersMonitorImpl
kdc_1       | client, Oct 27, 2020, trustedCertEntry, 
rm_1        | 2020-10-27 18:04:16 INFO  AMSProcessingChain:75 - Adding [org.apache.hadoop.yarn.server.resourcemanager.scheduler.constraint.processor.DisabledPlacementProcessor] tp top of AMS Processing chain. 
kms_1       | 	at java.lang.reflect.Method.invoke(Method.java:498)
scm_1       | 2020-10-27 18:05:01,492 [EventQueue-OpenPipelineForHealthyPipelineSafeModeRule] INFO safemode.SCMSafeModeManager: SCM in safe mode. Healthy pipelines reported count is 0, required healthy pipeline reported count is 1
nm_1        | 2020-10-27 18:04:20 INFO  AsyncDispatcher:245 - Registering class org.apache.hadoop.yarn.server.nodemanager.containermanager.launcher.ContainersLauncherEventType for class org.apache.hadoop.yarn.server.nodemanager.containermanager.launcher.ContainersLauncher
kdc_1       | Certificate fingerprint (SHA1): 7F:B9:22:78:08:88:A5:B1:32:16:ED:C4:01:03:A5:4F:E4:12:3B:21
rm_1        | 2020-10-27 18:04:17 INFO  TimelineClientImpl:129 - Timeline service address: jhs:8188
kms_1       | 	at javax.xml.bind.ContextFinder.newInstance(ContextFinder.java:247)
scm_1       | 2020-10-27 18:05:01,520 [EventQueue-OpenPipelineForOneReplicaPipelineSafeModeRule] INFO safemode.SCMSafeModeManager: AtleastOneDatanodeReportedRule rule is successfully validated
nm_1        | 2020-10-27 18:04:20 INFO  AsyncDispatcher:245 - Registering class org.apache.hadoop.yarn.server.nodemanager.containermanager.scheduler.ContainerSchedulerEventType for class org.apache.hadoop.yarn.server.nodemanager.containermanager.scheduler.ContainerScheduler
kdc_1       | caroot, Oct 27, 2020, trustedCertEntry, 
rm_1        | 2020-10-27 18:04:20 INFO  AsyncDispatcher:245 - Registering class org.apache.hadoop.yarn.server.resourcemanager.metrics.AbstractSystemMetricsPublisher$SystemMetricsEventType for class org.apache.hadoop.yarn.server.resourcemanager.metrics.TimelineServiceV1Publisher$TimelineV1EventHandler
kms_1       | 	at javax.xml.bind.ContextFinder.newInstance(ContextFinder.java:234)
nm_1        | 2020-10-27 18:04:20 INFO  NMLogAggregationStatusTracker:89 - the rolling interval seconds for the NodeManager Cached Log aggregation status is 600
scm_1       | 2020-10-27 18:05:03,029 [Socket Reader #1 for port 9863] INFO ipc.Server: Auth successful for om/om@EXAMPLE.COM (auth:KERBEROS)
kdc_1       | Certificate fingerprint (SHA1): 65:5C:9A:E2:D1:BA:D6:5C:59:11:67:03:95:64:57:F0:CC:CB:69:86
rm_1        | 2020-10-27 18:04:20 INFO  AsyncDispatcher:245 - Registering class org.apache.hadoop.yarn.server.resourcemanager.metrics.AbstractSystemMetricsPublisher$SystemMetricsEventType for class org.apache.hadoop.yarn.server.resourcemanager.metrics.TimelineServiceV1Publisher$TimelineV1EventHandler
kms_1       | 	at javax.xml.bind.ContextFinder.find(ContextFinder.java:441)
nm_1        | 2020-10-27 18:04:20 INFO  AsyncDispatcher:245 - Registering class org.apache.hadoop.yarn.server.nodemanager.ContainerManagerEventType for class org.apache.hadoop.yarn.server.nodemanager.containermanager.ContainerManagerImpl
scm_1       | 2020-10-27 18:05:05,458 [EventQueue-PipelineReportForPipelineReportHandler] INFO pipeline.PipelineStateManager: Pipeline Pipeline[ Id: 49e2eaf2-c808-4cc6-8144-529a818efe13, Nodes: 083938b1-11f5-425d-829e-a537c1065846{ip: 172.25.0.5, host: ozonesecure-mr_datanode_2.ozone, networkLocation: /default-rack, certSerialId: null}, Type:RATIS, Factor:ONE, State:ALLOCATED, leaderId:083938b1-11f5-425d-829e-a537c1065846, CreationTimestamp2020-10-27T18:04:57.936045Z] moved to OPEN state
kdc_1       | key, Oct 27, 2020, PrivateKeyEntry, 
rm_1        | 2020-10-27 18:04:20 INFO  AsyncDispatcher:245 - Registering class org.apache.hadoop.yarn.server.resourcemanager.metrics.AbstractSystemMetricsPublisher$SystemMetricsEventType for class org.apache.hadoop.yarn.server.resourcemanager.metrics.TimelineServiceV1Publisher$TimelineV1EventHandler
kms_1       | 	at javax.xml.bind.JAXBContext.newInstance(JAXBContext.java:641)
nm_1        | 2020-10-27 18:04:20 INFO  AsyncDispatcher:245 - Registering class org.apache.hadoop.yarn.server.nodemanager.NodeManagerEventType for class org.apache.hadoop.yarn.server.nodemanager.NodeManager
scm_1       | 2020-10-27 18:05:05,483 [EventQueue-OpenPipelineForHealthyPipelineSafeModeRule] INFO safemode.SCMSafeModeManager: SCM in safe mode. Healthy pipelines reported count is 0, required healthy pipeline reported count is 1
kdc_1       | Certificate fingerprint (SHA1): 1D:A4:AD:29:7D:C7:93:0F:00:0A:6F:CD:44:BA:8F:5F:C7:BB:B6:4D
rm_1        | 2020-10-27 18:04:20 INFO  AsyncDispatcher:245 - Registering class org.apache.hadoop.yarn.server.resourcemanager.metrics.AbstractSystemMetricsPublisher$SystemMetricsEventType for class org.apache.hadoop.yarn.server.resourcemanager.metrics.TimelineServiceV1Publisher$TimelineV1EventHandler
kms_1       | 	at javax.xml.bind.JAXBContext.newInstance(JAXBContext.java:584)
nm_1        | 2020-10-27 18:04:20 INFO  MetricsConfig:118 - Loaded properties from hadoop-metrics2.properties
scm_1       | 2020-10-27 18:05:05,483 [EventQueue-OpenPipelineForOneReplicaPipelineSafeModeRule] INFO safemode.SCMSafeModeManager: AtleastOneDatanodeReportedRule rule is successfully validated
kdc_1       | 
rm_1        | 2020-10-27 18:04:20 INFO  AsyncDispatcher:245 - Registering class org.apache.hadoop.yarn.server.resourcemanager.metrics.AbstractSystemMetricsPublisher$SystemMetricsEventType for class org.apache.hadoop.yarn.server.resourcemanager.metrics.TimelineServiceV1Publisher$TimelineV1EventHandler
kms_1       | 	at com.sun.jersey.server.wadl.generators.WadlGeneratorJAXBGrammarGenerator.buildModelAndSchemas(WadlGeneratorJAXBGrammarGenerator.java:169)
nm_1        | 2020-10-27 18:04:21 INFO  MetricsSystemImpl:374 - Scheduled Metric snapshot period at 10 second(s).
kms_1       | 	at com.sun.jersey.server.wadl.generators.AbstractWadlGeneratorGrammarGenerator.createExternalGrammar(AbstractWadlGeneratorGrammarGenerator.java:405)
scm_1       | 2020-10-27 18:05:05,568 [EventQueue-PipelineReportForPipelineReportHandler] INFO pipeline.PipelineStateManager: Pipeline Pipeline[ Id: 95b1b792-bb60-422b-a282-13aef09db64e, Nodes: 73db7787-5815-4d14-8920-540b8cd364be{ip: 172.25.0.7, host: ozonesecure-mr_datanode_1.ozone, networkLocation: /default-rack, certSerialId: null}, Type:RATIS, Factor:ONE, State:ALLOCATED, leaderId:73db7787-5815-4d14-8920-540b8cd364be, CreationTimestamp2020-10-27T18:04:57.949643Z] moved to OPEN state
kdc_1       | Warning:
rm_1        | 2020-10-27 18:04:20 INFO  AsyncDispatcher:245 - Registering class org.apache.hadoop.yarn.server.resourcemanager.metrics.AbstractSystemMetricsPublisher$SystemMetricsEventType for class org.apache.hadoop.yarn.server.resourcemanager.metrics.TimelineServiceV1Publisher$TimelineV1EventHandler
nm_1        | 2020-10-27 18:04:21 INFO  MetricsSystemImpl:191 - NodeManager metrics system started
kms_1       | 	at com.sun.jersey.server.wadl.WadlBuilder.generate(WadlBuilder.java:149)
scm_1       | 2020-10-27 18:05:05,576 [EventQueue-OpenPipelineForHealthyPipelineSafeModeRule] INFO safemode.SCMSafeModeManager: SCM in safe mode. Healthy pipelines reported count is 0, required healthy pipeline reported count is 1
kdc_1       | The JKS keystore uses a proprietary format. It is recommended to migrate to PKCS12 which is an industry standard format using "keytool -importkeystore -srckeystore jhs.keystore -destkeystore jhs.keystore -deststoretype pkcs12".
rm_1        | 2020-10-27 18:04:20 INFO  AsyncDispatcher:245 - Registering class org.apache.hadoop.yarn.server.resourcemanager.metrics.AbstractSystemMetricsPublisher$SystemMetricsEventType for class org.apache.hadoop.yarn.server.resourcemanager.metrics.TimelineServiceV1Publisher$TimelineV1EventHandler
nm_1        | 2020-10-27 18:04:21 INFO  AbstractService:267 - Service NodeManager failed in state INITED
kms_1       | 	at com.sun.jersey.server.impl.wadl.WadlApplicationContextImpl.getApplication(WadlApplicationContextImpl.java:119)
scm_1       | 2020-10-27 18:05:05,576 [EventQueue-OpenPipelineForOneReplicaPipelineSafeModeRule] INFO safemode.SCMSafeModeManager: AtleastOneDatanodeReportedRule rule is successfully validated
kdc_1       | Generiting keytab
rm_1        | 2020-10-27 18:04:20 INFO  AsyncDispatcher:245 - Registering class org.apache.hadoop.yarn.server.resourcemanager.metrics.AbstractSystemMetricsPublisher$SystemMetricsEventType for class org.apache.hadoop.yarn.server.resourcemanager.metrics.TimelineServiceV1Publisher$TimelineV1EventHandler
nm_1        | org.apache.hadoop.yarn.exceptions.YarnRuntimeException: Failed NodeManager login
kms_1       | 	at com.sun.jersey.server.impl.wadl.WadlApplicationContextImpl.getApplication(WadlApplicationContextImpl.java:138)
kms_1       | 	at com.sun.jersey.server.impl.wadl.WadlMethodFactory$WadlOptionsMethodDispatcher.dispatch(WadlMethodFactory.java:110)
kdc_1       | Authenticating as principal admin/admin with keytab /tmp/admin.keytab.
rm_1        | 2020-10-27 18:04:20 INFO  AsyncDispatcher:245 - Registering class org.apache.hadoop.yarn.server.resourcemanager.metrics.AbstractSystemMetricsPublisher$SystemMetricsEventType for class org.apache.hadoop.yarn.server.resourcemanager.metrics.TimelineServiceV1Publisher$TimelineV1EventHandler
rm_1        | 2020-10-27 18:04:20 INFO  AsyncDispatcher:245 - Registering class org.apache.hadoop.yarn.server.resourcemanager.metrics.AbstractSystemMetricsPublisher$SystemMetricsEventType for class org.apache.hadoop.yarn.server.resourcemanager.metrics.TimelineServiceV1Publisher$TimelineV1EventHandler
nm_1        | 	at org.apache.hadoop.yarn.server.nodemanager.NodeManager.serviceInit(NodeManager.java:511)
scm_1       | 2020-10-27 18:05:06,330 [Socket Reader #1 for port 9961] INFO ipc.Server: Auth successful for HTTP/scm@EXAMPLE.COM (auth:KERBEROS)
kdc_1       | WARNING: no policy specified for hadoop/rm@EXAMPLE.COM; defaulting to no policy
rm_1        | 2020-10-27 18:04:20 INFO  log:192 - Logging initialized @16796ms
kms_1       | 	at com.sun.jersey.server.impl.uri.rules.HttpMethodRule.accept(HttpMethodRule.java:302)
nm_1        | 	at org.apache.hadoop.service.AbstractService.init(AbstractService.java:164)
scm_1       | 2020-10-27 18:05:06,797 [Socket Reader #1 for port 9860] INFO ipc.Server: Auth successful for HTTP/scm@EXAMPLE.COM (auth:KERBEROS)
kdc_1       | Principal "hadoop/rm@EXAMPLE.COM" created.
rm_1        | 2020-10-27 18:04:21 INFO  AuthenticationFilter:240 - Unable to initialize FileSignerSecretProvider, falling back to use random secrets.
kms_1       | 	at com.sun.jersey.server.impl.uri.rules.ResourceClassRule.accept(ResourceClassRule.java:108)
nm_1        | 	at org.apache.hadoop.yarn.server.nodemanager.NodeManager.initAndStartNodeManager(NodeManager.java:974)
scm_1       | 2020-10-27 18:05:07,076 [EventQueue-PipelineReportForPipelineReportHandler] INFO pipeline.PipelineStateManager: Pipeline Pipeline[ Id: b78aaba8-fcef-4ebe-b082-78d398bcc4de, Nodes: 083938b1-11f5-425d-829e-a537c1065846{ip: 172.25.0.5, host: ozonesecure-mr_datanode_2.ozone, networkLocation: /default-rack, certSerialId: null}73db7787-5815-4d14-8920-540b8cd364be{ip: 172.25.0.7, host: ozonesecure-mr_datanode_1.ozone, networkLocation: /default-rack, certSerialId: null}f899914f-82fe-47ef-82b3-4df4870445aa{ip: 172.25.0.8, host: ozonesecure-mr_datanode_3.ozone, networkLocation: /default-rack, certSerialId: null}, Type:RATIS, Factor:THREE, State:ALLOCATED, leaderId:73db7787-5815-4d14-8920-540b8cd364be, CreationTimestamp2020-10-27T18:04:57.904306Z] moved to OPEN state
kdc_1       | Authenticating as principal admin/admin with keytab /tmp/admin.keytab.
rm_1        | 2020-10-27 18:04:21 INFO  HttpRequestLog:81 - Http request log for http.requests.resourcemanager is not defined
kms_1       | 	at com.sun.jersey.server.impl.uri.rules.RightHandPathRule.accept(RightHandPathRule.java:147)
nm_1        | 	at org.apache.hadoop.yarn.server.nodemanager.NodeManager.main(NodeManager.java:1054)
scm_1       | 2020-10-27 18:05:07,076 [EventQueue-OpenPipelineForHealthyPipelineSafeModeRule] INFO safemode.SCMSafeModeManager: SCM in safe mode. Healthy pipelines reported count is 1, required healthy pipeline reported count is 1
kdc_1       | Entry for principal hadoop/rm@EXAMPLE.COM with kvno 2, encryption type aes256-cts-hmac-sha1-96 added to keytab WRFILE:/data/hadoop.rm.keytab.
rm_1        | 2020-10-27 18:04:21 INFO  HttpServer2:990 - Added global filter 'safety' (class=org.apache.hadoop.http.HttpServer2$QuotingInputFilter)
kms_1       | 	at com.sun.jersey.server.impl.uri.rules.RootResourceClassesRule.accept(RootResourceClassesRule.java:84)
nm_1        | Caused by: org.apache.hadoop.security.KerberosAuthException: failure to login: for principal: nm/nm@EXAMPLE.COM from keytab /etc/security/keytabs/nm.keytab javax.security.auth.login.LoginException: Unable to obtain password from user
scm_1       | 2020-10-27 18:05:07,076 [EventQueue-OpenPipelineForHealthyPipelineSafeModeRule] INFO safemode.SCMSafeModeManager: HealthyPipelineSafeModeRule rule is successfully validated
kdc_1       | Entry for principal hadoop/rm@EXAMPLE.COM with kvno 2, encryption type aes128-cts-hmac-sha1-96 added to keytab WRFILE:/data/hadoop.rm.keytab.
rm_1        | 2020-10-27 18:04:21 INFO  HttpServer2:963 - Added filter static_user_filter (class=org.apache.hadoop.http.lib.StaticUserWebFilter$StaticUserFilter) to context cluster
kms_1       | 	at com.sun.jersey.server.impl.application.WebApplicationImpl._handleRequest(WebApplicationImpl.java:1542)
nm_1        | 
kdc_1       | Generiting keytab
rm_1        | 2020-10-27 18:04:21 INFO  HttpServer2:973 - Added filter static_user_filter (class=org.apache.hadoop.http.lib.StaticUserWebFilter$StaticUserFilter) to context static
kms_1       | 	at com.sun.jersey.server.impl.application.WebApplicationImpl._handleRequest(WebApplicationImpl.java:1473)
nm_1        | 	at org.apache.hadoop.security.UserGroupInformation.doSubjectLogin(UserGroupInformation.java:1847)
scm_1       | 2020-10-27 18:05:07,076 [EventQueue-OpenPipelineForHealthyPipelineSafeModeRule] INFO safemode.SCMSafeModeManager: ScmSafeModeManager, all rules are successfully validated
kdc_1       | Authenticating as principal admin/admin with keytab /tmp/admin.keytab.
rm_1        | 2020-10-27 18:04:21 INFO  HttpServer2:973 - Added filter static_user_filter (class=org.apache.hadoop.http.lib.StaticUserWebFilter$StaticUserFilter) to context logs
kms_1       | 	at com.sun.jersey.server.impl.application.WebApplicationImpl.handleRequest(WebApplicationImpl.java:1419)
nm_1        | 	at org.apache.hadoop.security.UserGroupInformation.loginUserFromKeytabAndReturnUGI(UserGroupInformation.java:1215)
scm_1       | 2020-10-27 18:05:07,076 [EventQueue-OpenPipelineForHealthyPipelineSafeModeRule] INFO safemode.SCMSafeModeManager: SCM exiting safe mode.
kdc_1       | WARNING: no policy specified for scm/scm@EXAMPLE.COM; defaulting to no policy
rm_1        | 2020-10-27 18:04:21 INFO  HttpServer2:613 - adding path spec: /cluster/*
rm_1        | 2020-10-27 18:04:21 INFO  HttpServer2:613 - adding path spec: /ws/*
rm_1        | 2020-10-27 18:04:21 INFO  HttpServer2:613 - adding path spec: /app/*
kms_1       | 	at com.sun.jersey.server.impl.application.WebApplicationImpl.handleRequest(WebApplicationImpl.java:1409)
kdc_1       | Principal "scm/scm@EXAMPLE.COM" created.
scm_1       | 2020-10-27 18:05:14,604 [Socket Reader #1 for port 9961] INFO ipc.Server: Auth successful for HTTP/scm@EXAMPLE.COM (auth:KERBEROS)
nm_1        | 	at org.apache.hadoop.security.UserGroupInformation.loginUserFromKeytab(UserGroupInformation.java:1008)
rm_1        | 2020-10-27 18:04:24 INFO  WebApps:395 - Registered webapp guice modules
kms_1       | 	at com.sun.jersey.spi.container.servlet.WebComponent.service(WebComponent.java:409)
kdc_1       | Authenticating as principal admin/admin with keytab /tmp/admin.keytab.
scm_1       | 2020-10-27 18:05:14,789 [Socket Reader #1 for port 9860] INFO ipc.Server: Auth successful for HTTP/scm@EXAMPLE.COM (auth:KERBEROS)
nm_1        | 	at org.apache.hadoop.security.SecurityUtil.login(SecurityUtil.java:315)
rm_1        | 2020-10-27 18:04:25 INFO  HttpServer2:1206 - Jetty bound to port 8088
kms_1       | 	at com.sun.jersey.spi.container.servlet.ServletContainer.service(ServletContainer.java:558)
kdc_1       | Entry for principal scm/scm@EXAMPLE.COM with kvno 2, encryption type aes256-cts-hmac-sha1-96 added to keytab WRFILE:/data/scm.scm.keytab.
scm_1       | 2020-10-27 18:05:36,868 [Socket Reader #1 for port 9861] INFO ipc.Server: Auth successful for dn/d5ce87e18767@EXAMPLE.COM (auth:KERBEROS)
nm_1        | 	at org.apache.hadoop.security.SecurityUtil.login(SecurityUtil.java:279)
rm_1        | 2020-10-27 18:04:25 INFO  Server:351 - jetty-9.3.24.v20180605, build timestamp: 2018-06-05T17:11:56Z, git hash: 84205aa28f11a4f31f2a3b86d1bba2cc8ab69827
kms_1       | 	at com.sun.jersey.spi.container.servlet.ServletContainer.service(ServletContainer.java:733)
scm_1       | 2020-10-27 18:05:40,622 [Socket Reader #1 for port 9861] INFO ipc.Server: Auth successful for dn/8af68cb41d5a@EXAMPLE.COM (auth:KERBEROS)
nm_1        | 	at org.apache.hadoop.yarn.server.nodemanager.NodeManager.doSecureLogin(NodeManager.java:298)
kdc_1       | Entry for principal scm/scm@EXAMPLE.COM with kvno 2, encryption type aes128-cts-hmac-sha1-96 added to keytab WRFILE:/data/scm.scm.keytab.
rm_1        | 2020-10-27 18:04:25 INFO  ContextHandler:781 - Started o.e.j.s.ServletContextHandler@4763c727{/logs,file:///opt/hadoop/logs/,AVAILABLE}
rm_1        | 2020-10-27 18:04:25 INFO  ContextHandler:781 - Started o.e.j.s.ServletContextHandler@458342d3{/static,jar:file:/opt/hadoop/share/hadoop/yarn/hadoop-yarn-common-3.2.1.jar!/webapps/static,AVAILABLE}
scm_1       | 2020-10-27 18:05:40,706 [Socket Reader #1 for port 9861] INFO ipc.Server: Auth successful for dn/0218208e2334@EXAMPLE.COM (auth:KERBEROS)
nm_1        | 	at org.apache.hadoop.yarn.server.nodemanager.NodeManager.serviceInit(NodeManager.java:509)
kdc_1       | Generiting keytab
rm_1        | Oct 27, 2020 6:04:27 PM com.sun.jersey.guice.spi.container.GuiceComponentProviderFactory register
kms_1       | 	at javax.servlet.http.HttpServlet.service(HttpServlet.java:790)
scm_1       | 2020-10-27 18:05:48,477 [Socket Reader #1 for port 9863] INFO ipc.Server: Auth successful for om/om@EXAMPLE.COM (auth:KERBEROS)
nm_1        | 	... 3 more
kdc_1       | Authenticating as principal admin/admin with keytab /tmp/admin.keytab.
rm_1        | INFO: Registering org.apache.hadoop.yarn.server.resourcemanager.webapp.JAXBContextResolver as a provider class
kms_1       | 	at org.eclipse.jetty.servlet.ServletHolder.handle(ServletHolder.java:848)
scm_1       | 2020-10-27 18:05:51,579 [Socket Reader #1 for port 9961] INFO ipc.Server: Auth successful for dn/0218208e2334@EXAMPLE.COM (auth:KERBEROS)
nm_1        | Caused by: javax.security.auth.login.LoginException: Unable to obtain password from user
kdc_1       | WARNING: no policy specified for om/om@EXAMPLE.COM; defaulting to no policy
rm_1        | Oct 27, 2020 6:04:27 PM com.sun.jersey.guice.spi.container.GuiceComponentProviderFactory register
kms_1       | 	at org.eclipse.jetty.servlet.ServletHandler$CachedChain.doFilter(ServletHandler.java:1772)
scm_1       | 2020-10-27 18:05:52,016 [Socket Reader #1 for port 9961] INFO ipc.Server: Auth successful for dn/d5ce87e18767@EXAMPLE.COM (auth:KERBEROS)
nm_1        | 
kdc_1       | Principal "om/om@EXAMPLE.COM" created.
rm_1        | INFO: Registering org.apache.hadoop.yarn.server.resourcemanager.webapp.RMWebServices as a root resource class
kms_1       | 	at org.apache.hadoop.crypto.key.kms.server.KMSMDCFilter.doFilter(KMSMDCFilter.java:84)
scm_1       | 2020-10-27 18:05:52,134 [Socket Reader #1 for port 9961] INFO ipc.Server: Auth successful for dn/8af68cb41d5a@EXAMPLE.COM (auth:KERBEROS)
nm_1        | 	at com.sun.security.auth.module.Krb5LoginModule.promptForPass(Krb5LoginModule.java:901)
kdc_1       | Authenticating as principal admin/admin with keytab /tmp/admin.keytab.
rm_1        | Oct 27, 2020 6:04:27 PM com.sun.jersey.guice.spi.container.GuiceComponentProviderFactory register
rm_1        | INFO: Registering org.apache.hadoop.yarn.webapp.GenericExceptionHandler as a provider class
rm_1        | Oct 27, 2020 6:04:27 PM com.sun.jersey.server.impl.application.WebApplicationImpl _initiate
rm_1        | INFO: Initiating Jersey application, version 'Jersey: 1.19 02/11/2015 03:25 AM'
rm_1        | Oct 27, 2020 6:04:27 PM com.sun.jersey.guice.spi.container.GuiceComponentProviderFactory getComponentProvider
rm_1        | INFO: Binding org.apache.hadoop.yarn.server.resourcemanager.webapp.JAXBContextResolver to GuiceManagedComponentProvider with the scope "Singleton"
rm_1        | Oct 27, 2020 6:04:30 PM com.sun.jersey.guice.spi.container.GuiceComponentProviderFactory getComponentProvider
nm_1        | 	at com.sun.security.auth.module.Krb5LoginModule.attemptAuthentication(Krb5LoginModule.java:764)
nm_1        | 	at com.sun.security.auth.module.Krb5LoginModule.login(Krb5LoginModule.java:617)
nm_1        | 	at sun.reflect.NativeMethodAccessorImpl.invoke0(Native Method)
nm_1        | 	at sun.reflect.NativeMethodAccessorImpl.invoke(NativeMethodAccessorImpl.java:62)
nm_1        | 	at sun.reflect.DelegatingMethodAccessorImpl.invoke(DelegatingMethodAccessorImpl.java:43)
scm_1       | 2020-10-27 18:05:52,535 [Socket Reader #1 for port 9861] INFO ipc.Server: Auth successful for dn/0218208e2334@EXAMPLE.COM (auth:KERBEROS)
kdc_1       | Entry for principal om/om@EXAMPLE.COM with kvno 2, encryption type aes256-cts-hmac-sha1-96 added to keytab WRFILE:/data/om.om.keytab.
nm_1        | 	at java.lang.reflect.Method.invoke(Method.java:498)
kms_1       | 	at org.eclipse.jetty.servlet.ServletHandler$CachedChain.doFilter(ServletHandler.java:1759)
kms_1       | 	at org.apache.hadoop.security.authentication.server.AuthenticationFilter.doFilter(AuthenticationFilter.java:644)
kms_1       | 	at org.apache.hadoop.security.token.delegation.web.DelegationTokenAuthenticationFilter.doFilter(DelegationTokenAuthenticationFilter.java:304)
kms_1       | 	at org.apache.hadoop.security.authentication.server.AuthenticationFilter.doFilter(AuthenticationFilter.java:592)
kms_1       | 	at org.apache.hadoop.crypto.key.kms.server.KMSAuthenticationFilter.doFilter(KMSAuthenticationFilter.java:142)
scm_1       | 2020-10-27 18:05:52,916 [Socket Reader #1 for port 9861] INFO ipc.Server: Auth successful for dn/d5ce87e18767@EXAMPLE.COM (auth:KERBEROS)
nm_1        | 	at javax.security.auth.login.LoginContext.invoke(LoginContext.java:755)
kdc_1       | Entry for principal om/om@EXAMPLE.COM with kvno 2, encryption type aes128-cts-hmac-sha1-96 added to keytab WRFILE:/data/om.om.keytab.
kms_1       | 	at org.eclipse.jetty.servlet.ServletHandler$CachedChain.doFilter(ServletHandler.java:1751)
kms_1       | 	at org.apache.hadoop.http.HttpServer2$QuotingInputFilter.doFilter(HttpServer2.java:1624)
scm_1       | 2020-10-27 18:05:53,035 [Socket Reader #1 for port 9861] INFO ipc.Server: Auth successful for dn/8af68cb41d5a@EXAMPLE.COM (auth:KERBEROS)
nm_1        | 	at javax.security.auth.login.LoginContext.access$000(LoginContext.java:195)
kdc_1       | Generiting keytab
kms_1       | 	at org.eclipse.jetty.servlet.ServletHandler$CachedChain.doFilter(ServletHandler.java:1759)
rm_1        | INFO: Binding org.apache.hadoop.yarn.webapp.GenericExceptionHandler to GuiceManagedComponentProvider with the scope "Singleton"
nm_1        | 	at javax.security.auth.login.LoginContext$4.run(LoginContext.java:682)
kdc_1       | Authenticating as principal admin/admin with keytab /tmp/admin.keytab.
kms_1       | 	at org.apache.hadoop.http.NoCacheFilter.doFilter(NoCacheFilter.java:45)
kms_1       | 	at org.eclipse.jetty.servlet.ServletHandler$CachedChain.doFilter(ServletHandler.java:1759)
rm_1        | Oct 27, 2020 6:04:32 PM com.sun.jersey.guice.spi.container.GuiceComponentProviderFactory getComponentProvider
nm_1        | 	at javax.security.auth.login.LoginContext$4.run(LoginContext.java:680)
kdc_1       | WARNING: no policy specified for s3g/s3g@EXAMPLE.COM; defaulting to no policy
scm_1       | 2020-10-27 18:06:22,529 [Socket Reader #1 for port 9861] INFO ipc.Server: Auth successful for dn/0218208e2334@EXAMPLE.COM (auth:KERBEROS)
kms_1       | 	at org.eclipse.jetty.servlet.ServletHandler.doHandle(ServletHandler.java:582)
rm_1        | INFO: Binding org.apache.hadoop.yarn.server.resourcemanager.webapp.RMWebServices to GuiceManagedComponentProvider with the scope "Singleton"
nm_1        | 	at java.security.AccessController.doPrivileged(Native Method)
kdc_1       | Principal "s3g/s3g@EXAMPLE.COM" created.
scm_1       | 2020-10-27 18:06:22,908 [Socket Reader #1 for port 9861] INFO ipc.Server: Auth successful for dn/d5ce87e18767@EXAMPLE.COM (auth:KERBEROS)
kms_1       | 	at org.eclipse.jetty.server.handler.ScopedHandler.handle(ScopedHandler.java:143)
rm_1        | 2020-10-27 18:04:32 INFO  ContextHandler:781 - Started o.e.j.w.WebAppContext@71ad3d8a{/,file:///tmp/jetty-rm-8088-cluster-_-any-6551657128278600445.dir/webapp/,AVAILABLE}{/cluster}
nm_1        | 	at javax.security.auth.login.LoginContext.invokePriv(LoginContext.java:680)
nm_1        | 	at javax.security.auth.login.LoginContext.login(LoginContext.java:587)
scm_1       | 2020-10-27 18:06:23,024 [Socket Reader #1 for port 9861] INFO ipc.Server: Auth successful for dn/8af68cb41d5a@EXAMPLE.COM (auth:KERBEROS)
rm_1        | 2020-10-27 18:04:32 INFO  AbstractConnector:278 - Started ServerConnector@7487b142{HTTP/1.1,[http/1.1]}{rm:8088}
nm_1        | 	at org.apache.hadoop.security.UserGroupInformation$HadoopLoginContext.login(UserGroupInformation.java:1926)
kdc_1       | Authenticating as principal admin/admin with keytab /tmp/admin.keytab.
scm_1       | 2020-10-27 18:06:52,533 [Socket Reader #1 for port 9861] INFO ipc.Server: Auth successful for dn/0218208e2334@EXAMPLE.COM (auth:KERBEROS)
kms_1       | 	at org.eclipse.jetty.security.SecurityHandler.handle(SecurityHandler.java:548)
rm_1        | 2020-10-27 18:04:32 INFO  Server:419 - Started @28682ms
nm_1        | 	at org.apache.hadoop.security.UserGroupInformation.doSubjectLogin(UserGroupInformation.java:1837)
kdc_1       | Entry for principal s3g/s3g@EXAMPLE.COM with kvno 2, encryption type aes256-cts-hmac-sha1-96 added to keytab WRFILE:/data/s3g.s3g.keytab.
scm_1       | 2020-10-27 18:06:52,920 [Socket Reader #1 for port 9861] INFO ipc.Server: Auth successful for dn/d5ce87e18767@EXAMPLE.COM (auth:KERBEROS)
kms_1       | 	at org.eclipse.jetty.server.session.SessionHandler.doHandle(SessionHandler.java:226)
rm_1        | 2020-10-27 18:04:32 INFO  WebApps:440 - Web app cluster started at 8088
nm_1        | 	... 9 more
kdc_1       | Entry for principal s3g/s3g@EXAMPLE.COM with kvno 2, encryption type aes128-cts-hmac-sha1-96 added to keytab WRFILE:/data/s3g.s3g.keytab.
scm_1       | 2020-10-27 18:06:53,102 [Socket Reader #1 for port 9861] INFO ipc.Server: Auth successful for dn/8af68cb41d5a@EXAMPLE.COM (auth:KERBEROS)
kms_1       | 	at org.eclipse.jetty.server.handler.ContextHandler.doHandle(ContextHandler.java:1180)
rm_1        | 2020-10-27 18:04:32 INFO  CallQueueManager:84 - Using callQueue: class java.util.concurrent.LinkedBlockingQueue, queueCapacity: 100, scheduler: class org.apache.hadoop.ipc.DefaultRpcScheduler, ipcBackoff: false.
nm_1        | 2020-10-27 18:04:21 INFO  MetricsSystemImpl:210 - Stopping NodeManager metrics system...
kdc_1       | Generiting keytab
scm_1       | 2020-10-27 18:06:57,753 [Socket Reader #1 for port 9863] INFO ipc.Server: Auth successful for om/om@EXAMPLE.COM (auth:KERBEROS)
rm_1        | 2020-10-27 18:04:32 INFO  Server:1219 - Starting Socket Reader #1 for port 8033
nm_1        | 2020-10-27 18:04:21 INFO  MetricsSystemImpl:216 - NodeManager metrics system stopped.
kdc_1       | Authenticating as principal admin/admin with keytab /tmp/admin.keytab.
kdc_1       | WARNING: no policy specified for dn/0218208e2334@EXAMPLE.COM; defaulting to no policy
kms_1       | 	at org.eclipse.jetty.servlet.ServletHandler.doScope(ServletHandler.java:512)
scm_1       | 2020-10-27 18:06:59,354 [Socket Reader #1 for port 9860] INFO ipc.Server: Auth successful for om/om@EXAMPLE.COM (auth:KERBEROS)
rm_1        | 2020-10-27 18:04:32 INFO  RpcServerFactoryPBImpl:173 - Adding protocol org.apache.hadoop.yarn.server.api.ResourceManagerAdministrationProtocolPB to the server
nm_1        | 2020-10-27 18:04:21 INFO  MetricsSystemImpl:607 - NodeManager metrics system shutdown complete.
kdc_1       | Principal "dn/0218208e2334@EXAMPLE.COM" created.
nm_1        | 2020-10-27 18:04:21 ERROR NodeManager:977 - Error starting NodeManager
nm_1        | org.apache.hadoop.yarn.exceptions.YarnRuntimeException: Failed NodeManager login
nm_1        | 	at org.apache.hadoop.yarn.server.nodemanager.NodeManager.serviceInit(NodeManager.java:511)
nm_1        | 	at org.apache.hadoop.service.AbstractService.init(AbstractService.java:164)
nm_1        | 	at org.apache.hadoop.yarn.server.nodemanager.NodeManager.initAndStartNodeManager(NodeManager.java:974)
nm_1        | 	at org.apache.hadoop.yarn.server.nodemanager.NodeManager.main(NodeManager.java:1054)
nm_1        | Caused by: org.apache.hadoop.security.KerberosAuthException: failure to login: for principal: nm/nm@EXAMPLE.COM from keytab /etc/security/keytabs/nm.keytab javax.security.auth.login.LoginException: Unable to obtain password from user
nm_1        | 
nm_1        | 	at org.apache.hadoop.security.UserGroupInformation.doSubjectLogin(UserGroupInformation.java:1847)
nm_1        | 	at org.apache.hadoop.security.UserGroupInformation.loginUserFromKeytabAndReturnUGI(UserGroupInformation.java:1215)
nm_1        | 	at org.apache.hadoop.security.UserGroupInformation.loginUserFromKeytab(UserGroupInformation.java:1008)
nm_1        | 	at org.apache.hadoop.security.SecurityUtil.login(SecurityUtil.java:315)
nm_1        | 	at org.apache.hadoop.security.SecurityUtil.login(SecurityUtil.java:279)
nm_1        | 	at org.apache.hadoop.yarn.server.nodemanager.NodeManager.doSecureLogin(NodeManager.java:298)
nm_1        | 	at org.apache.hadoop.yarn.server.nodemanager.NodeManager.serviceInit(NodeManager.java:509)
nm_1        | 	... 3 more
nm_1        | Caused by: javax.security.auth.login.LoginException: Unable to obtain password from user
nm_1        | 
nm_1        | 	at com.sun.security.auth.module.Krb5LoginModule.promptForPass(Krb5LoginModule.java:901)
kms_1       | 	at org.eclipse.jetty.server.session.SessionHandler.doScope(SessionHandler.java:185)
kms_1       | 	at org.eclipse.jetty.server.handler.ContextHandler.doScope(ContextHandler.java:1112)
nm_1        | 	at com.sun.security.auth.module.Krb5LoginModule.attemptAuthentication(Krb5LoginModule.java:764)
rm_1        | 2020-10-27 18:04:33 INFO  ResourceManager:1297 - Transitioning to active state
scm_1       | 2020-10-27 18:07:10,400 [Socket Reader #1 for port 9863] INFO ipc.Server: Auth successful for om/om@EXAMPLE.COM (auth:KERBEROS)
kms_1       | 	at org.eclipse.jetty.server.handler.ScopedHandler.handle(ScopedHandler.java:141)
kdc_1       | Authenticating as principal admin/admin with keytab /tmp/admin.keytab.
nm_1        | 	at com.sun.security.auth.module.Krb5LoginModule.login(Krb5LoginModule.java:617)
rm_1        | 2020-10-27 18:04:33 INFO  Server:1460 - IPC Server Responder: starting
scm_1       | 2020-10-27 18:07:13,618 [Socket Reader #1 for port 9860] INFO ipc.Server: Auth successful for om/om@EXAMPLE.COM (auth:KERBEROS)
kms_1       | 	at org.eclipse.jetty.server.handler.HandlerCollection.handle(HandlerCollection.java:119)
kdc_1       | Entry for principal dn/0218208e2334@EXAMPLE.COM with kvno 2, encryption type aes256-cts-hmac-sha1-96 added to keytab WRFILE:/data/dn.0218208e2334.keytab.
nm_1        | 	at sun.reflect.NativeMethodAccessorImpl.invoke0(Native Method)
rm_1        | 2020-10-27 18:04:33 INFO  Server:1298 - IPC Server listener on 8033: starting
scm_1       | 2020-10-27 18:07:22,519 [Socket Reader #1 for port 9861] INFO ipc.Server: Auth successful for dn/0218208e2334@EXAMPLE.COM (auth:KERBEROS)
scm_1       | 2020-10-27 18:07:22,909 [Socket Reader #1 for port 9861] INFO ipc.Server: Auth successful for dn/d5ce87e18767@EXAMPLE.COM (auth:KERBEROS)
kdc_1       | Entry for principal dn/0218208e2334@EXAMPLE.COM with kvno 2, encryption type aes128-cts-hmac-sha1-96 added to keytab WRFILE:/data/dn.0218208e2334.keytab.
nm_1        | 	at sun.reflect.NativeMethodAccessorImpl.invoke(NativeMethodAccessorImpl.java:62)
rm_1        | 2020-10-27 18:04:33 INFO  RMStateStore:550 - Updating AMRMToken
rm_1        | 2020-10-27 18:04:33 INFO  RMContainerTokenSecretManager:109 - Rolling master-key for container-tokens
rm_1        | 2020-10-27 18:04:33 INFO  NMTokenSecretManagerInRM:95 - Rolling master-key for nm-tokens
rm_1        | 2020-10-27 18:04:33 INFO  AbstractDelegationTokenSecretManager:347 - Updating the current master key for generating delegation tokens
rm_1        | 2020-10-27 18:04:33 INFO  RMDelegationTokenSecretManager:92 - storing master key with keyID 1
rm_1        | 2020-10-27 18:04:33 INFO  RMStateStore:501 - Storing RMDTMasterKey.
rm_1        | 2020-10-27 18:04:33 INFO  AsyncDispatcher:245 - Registering class org.apache.hadoop.yarn.nodelabels.event.NodeLabelsStoreEventType for class org.apache.hadoop.yarn.nodelabels.CommonNodeLabelsManager$ForwardingEventHandler
rm_1        | 2020-10-27 18:04:33 INFO  AbstractDelegationTokenSecretManager:679 - Starting expired delegation token remover thread, tokenRemoverScanInterval=60 min(s)
rm_1        | 2020-10-27 18:04:33 INFO  AbstractDelegationTokenSecretManager:347 - Updating the current master key for generating delegation tokens
rm_1        | 2020-10-27 18:04:33 INFO  RMDelegationTokenSecretManager:92 - storing master key with keyID 2
rm_1        | 2020-10-27 18:04:33 INFO  RMStateStore:501 - Storing RMDTMasterKey.
rm_1        | 2020-10-27 18:04:33 INFO  AbstractFSNodeStore:67 - Created store directory :file:/tmp/hadoop-yarn-rm/node-attribute
rm_1        | 2020-10-27 18:04:33 INFO  AbstractFSNodeStore:181 - Finished write mirror at:file:/tmp/hadoop-yarn-rm/node-attribute/nodeattribute.mirror
rm_1        | 2020-10-27 18:04:33 INFO  AbstractFSNodeStore:182 - Finished create editlog file at:file:/tmp/hadoop-yarn-rm/node-attribute/nodeattribute.editlog
rm_1        | 2020-10-27 18:04:33 INFO  AsyncDispatcher:245 - Registering class org.apache.hadoop.yarn.server.resourcemanager.nodelabels.NodeAttributesStoreEventType for class org.apache.hadoop.yarn.server.resourcemanager.nodelabels.NodeAttributesManagerImpl$ForwardingEventHandler
rm_1        | 2020-10-27 18:04:33 INFO  MultiNodeSortingManager:66 - Starting NodeSortingService=MultiNodeSortingManager
scm_1       | 2020-10-27 18:07:23,023 [Socket Reader #1 for port 9861] INFO ipc.Server: Auth successful for dn/8af68cb41d5a@EXAMPLE.COM (auth:KERBEROS)
scm_1       | 2020-10-27 18:07:52,509 [Socket Reader #1 for port 9861] INFO ipc.Server: Auth successful for dn/0218208e2334@EXAMPLE.COM (auth:KERBEROS)
nm_1        | 	at sun.reflect.DelegatingMethodAccessorImpl.invoke(DelegatingMethodAccessorImpl.java:43)
rm_1        | 2020-10-27 18:04:33 INFO  CallQueueManager:84 - Using callQueue: class java.util.concurrent.LinkedBlockingQueue, queueCapacity: 5000, scheduler: class org.apache.hadoop.ipc.DefaultRpcScheduler, ipcBackoff: false.
kdc_1       | Generiting keytab
scm_1       | 2020-10-27 18:07:52,903 [Socket Reader #1 for port 9861] INFO ipc.Server: Auth successful for dn/d5ce87e18767@EXAMPLE.COM (auth:KERBEROS)
kms_1       | 	at org.eclipse.jetty.server.handler.HandlerWrapper.handle(HandlerWrapper.java:134)
nm_1        | 	at java.lang.reflect.Method.invoke(Method.java:498)
rm_1        | 2020-10-27 18:04:33 INFO  Server:1219 - Starting Socket Reader #1 for port 8031
kdc_1       | Authenticating as principal admin/admin with keytab /tmp/admin.keytab.
scm_1       | 2020-10-27 18:07:53,025 [Socket Reader #1 for port 9861] INFO ipc.Server: Auth successful for dn/8af68cb41d5a@EXAMPLE.COM (auth:KERBEROS)
kms_1       | 	at org.eclipse.jetty.server.Server.handle(Server.java:536)
scm_1       | 2020-10-27 18:08:22,514 [Socket Reader #1 for port 9861] INFO ipc.Server: Auth successful for dn/0218208e2334@EXAMPLE.COM (auth:KERBEROS)
kms_1       | 	at org.eclipse.jetty.server.HttpChannel.handle(HttpChannel.java:333)
rm_1        | 2020-10-27 18:04:34 INFO  RpcServerFactoryPBImpl:173 - Adding protocol org.apache.hadoop.yarn.server.api.ResourceTrackerPB to the server
nm_1        | 	at javax.security.auth.login.LoginContext.invoke(LoginContext.java:755)
kdc_1       | WARNING: no policy specified for dn/8af68cb41d5a@EXAMPLE.COM; defaulting to no policy
scm_1       | 2020-10-27 18:08:22,901 [Socket Reader #1 for port 9861] INFO ipc.Server: Auth successful for dn/d5ce87e18767@EXAMPLE.COM (auth:KERBEROS)
rm_1        | 2020-10-27 18:04:34 INFO  Server:1460 - IPC Server Responder: starting
nm_1        | 	at javax.security.auth.login.LoginContext.access$000(LoginContext.java:195)
kms_1       | 	at org.eclipse.jetty.server.HttpConnection.onFillable(HttpConnection.java:251)
scm_1       | 2020-10-27 18:08:23,028 [Socket Reader #1 for port 9861] INFO ipc.Server: Auth successful for dn/8af68cb41d5a@EXAMPLE.COM (auth:KERBEROS)
rm_1        | 2020-10-27 18:04:34 INFO  Server:1298 - IPC Server listener on 8031: starting
nm_1        | 	at javax.security.auth.login.LoginContext$4.run(LoginContext.java:682)
kdc_1       | Principal "dn/8af68cb41d5a@EXAMPLE.COM" created.
kms_1       | 	at org.eclipse.jetty.io.AbstractConnection$ReadCallback.succeeded(AbstractConnection.java:283)
scm_1       | 2020-10-27 18:08:52,503 [Socket Reader #1 for port 9861] INFO ipc.Server: Auth successful for dn/0218208e2334@EXAMPLE.COM (auth:KERBEROS)
rm_1        | 2020-10-27 18:04:34 INFO  JvmPauseMonitor:188 - Starting JVM pause monitor
nm_1        | 	at javax.security.auth.login.LoginContext$4.run(LoginContext.java:680)
kdc_1       | Authenticating as principal admin/admin with keytab /tmp/admin.keytab.
kms_1       | 	at org.eclipse.jetty.io.FillInterest.fillable(FillInterest.java:108)
