s3g_1       | 	at org.jboss.weld.bean.ContextualInstanceStrategy$DefaultContextualInstanceStrategy.get(ContextualInstanceStrategy.java:100)
scm1_1      | 2022-10-17 13:32:14,621 [02001f8e-371d-4a6f-9691-00091213a56a@group-2994C79C7CD7-LeaderElection1] INFO server.RaftServerConfigKeys: raft.server.write.follower.gap.ratio.max = -1.0 (default)
om1_1       | 2022-10-17 13:33:22,536 [pool-26-thread-1] INFO server.RaftServerConfigKeys: raft.server.log.statemachine.data.sync.timeout = 10s (default)
om3_1       | 2022-10-17 13:33:21,932 [pool-26-thread-1] INFO server.RaftServerConfigKeys: raft.server.log.statemachine.data.sync = true (default)
scm3_1      | 2022-10-17 13:32:47,957 [pool-16-thread-1] INFO segmented.SegmentedRaftLogWorker: aab00419-f7a2-4578-b72c-d1d204e5a429@group-2994C79C7CD7-SegmentedRaftLogWorker: safeCacheEvictIndex: setUnconditionally 0 -> -1
datanode_2  | 	at java.base/sun.nio.ch.SocketChannelImpl.checkConnect(Native Method)
om2_1       | 2022-10-17 13:33:28,483 [Listener at om2/9862] INFO server.AbstractConnector: Started ServerConnector@87aec6a{HTTP/1.1, (http/1.1)}{0.0.0.0:9874}
scm2_1      | 2022-10-17 13:32:37,678 [pool-16-thread-1] INFO server.RaftServerConfigKeys: raft.server.notification.no-leader.timeout = 60s (default)
recon_1     | 2022-10-17 13:32:38,340 [Listener at 0.0.0.0/9891] INFO server.SCMDatanodeProtocolServer: ScmDatanodeProtocol RPC server for DataNodes is listening at /0.0.0.0:9891
s3g_1       | 	at org.jboss.weld.bean.ContextualInstance.get(ContextualInstance.java:50)
s3g_1       | 	at org.jboss.weld.manager.BeanManagerImpl.getReference(BeanManagerImpl.java:785)
datanode_3  | 	at org.apache.hadoop.net.SocketIOWithTimeout.doIO(SocketIOWithTimeout.java:163)
datanode_3  | 	at org.apache.hadoop.net.SocketInputStream.read(SocketInputStream.java:161)
datanode_3  | 	at org.apache.hadoop.net.SocketInputStream.read(SocketInputStream.java:131)
datanode_3  | 	at java.base/java.io.FilterInputStream.read(FilterInputStream.java:133)
scm3_1      | 2022-10-17 13:32:47,960 [pool-16-thread-1] INFO server.RaftServerConfigKeys: raft.server.snapshot.auto.trigger.enabled = true (custom)
om2_1       | 2022-10-17 13:33:28,483 [Listener at om2/9862] INFO server.Server: Started @26572ms
scm2_1      | 2022-10-17 13:32:37,680 [pool-16-thread-1] INFO server.RaftServerConfigKeys: raft.server.log.use.memory = false (default)
s3g_1       | 	at org.jboss.weld.manager.BeanManagerImpl.getReference(BeanManagerImpl.java:808)
scm1_1      | 2022-10-17 13:32:14,636 [02001f8e-371d-4a6f-9691-00091213a56a@group-2994C79C7CD7-LeaderElection1] INFO impl.RoleInfo: 02001f8e-371d-4a6f-9691-00091213a56a: start 02001f8e-371d-4a6f-9691-00091213a56a@group-2994C79C7CD7-LeaderStateImpl
om1_1       | 2022-10-17 13:33:22,536 [pool-26-thread-1] INFO server.RaftServerConfigKeys: raft.server.log.statemachine.data.sync.timeout.retry = -1 (default)
datanode_3  | 	at java.base/java.io.BufferedInputStream.fill(BufferedInputStream.java:252)
datanode_2  | 	at java.base/sun.nio.ch.SocketChannelImpl.finishConnect(SocketChannelImpl.java:777)
om3_1       | 2022-10-17 13:33:21,936 [pool-26-thread-1] INFO server.RaftServerConfigKeys: raft.server.log.statemachine.data.sync.timeout = 10s (default)
recon_1     | 2022-10-17 13:32:38,342 [IPC Server Responder] INFO ipc.Server: IPC Server Responder: starting
scm3_1      | 2022-10-17 13:32:47,961 [pool-16-thread-1] INFO server.RaftServerConfigKeys: raft.server.snapshot.auto.trigger.threshold = 1000 (custom)
om2_1       | 2022-10-17 13:33:28,495 [Listener at om2/9862] INFO impl.MetricsSinkAdapter: Sink prometheus started
s3g_1       | 	at org.jboss.weld.util.ForwardingBeanManager.getReference(ForwardingBeanManager.java:61)
scm2_1      | 2022-10-17 13:32:37,697 [pool-16-thread-1] INFO server.RaftServerConfigKeys: raft.server.log.purge.gap = 1000000 (custom)
scm1_1      | 2022-10-17 13:32:15,066 [02001f8e-371d-4a6f-9691-00091213a56a@group-2994C79C7CD7-LeaderElection1] INFO segmented.SegmentedRaftLogWorker: 02001f8e-371d-4a6f-9691-00091213a56a@group-2994C79C7CD7-SegmentedRaftLogWorker: Starting segment from index:0
om1_1       | 2022-10-17 13:33:22,577 [pool-26-thread-1] INFO server.RaftServerConfigKeys: raft.server.log.write.buffer.size = 64KB (=65536) (default)
datanode_3  | 	at java.base/java.io.BufferedInputStream.read(BufferedInputStream.java:271)
datanode_2  | 	at org.apache.hadoop.net.SocketIOWithTimeout.connect(SocketIOWithTimeout.java:205)
om3_1       | 2022-10-17 13:33:21,936 [pool-26-thread-1] INFO server.RaftServerConfigKeys: raft.server.log.statemachine.data.sync.timeout.retry = -1 (default)
recon_1     | 2022-10-17 13:32:38,364 [IPC Server listener on 9891] INFO ipc.Server: IPC Server listener on 9891: starting
scm3_1      | 2022-10-17 13:32:47,961 [pool-16-thread-1] INFO server.RaftServerConfigKeys: raft.server.snapshot.retention.file.num = -1 (default)
om2_1       | 2022-10-17 13:33:28,504 [Listener at om2/9862] INFO impl.MetricsSystemImpl: Registered sink prometheus
s3g_1       | 	at org.jboss.weld.bean.builtin.BeanManagerProxy.getReference(BeanManagerProxy.java:85)
scm2_1      | 2022-10-17 13:32:37,700 [pool-16-thread-1] INFO server.RaftServerConfigKeys: raft.server.log.appender.buffer.byte-limit = 33554432 (custom)
scm1_1      | 2022-10-17 13:32:15,577 [02001f8e-371d-4a6f-9691-00091213a56a@group-2994C79C7CD7-LeaderElection1] INFO server.RaftServer$Division: 02001f8e-371d-4a6f-9691-00091213a56a@group-2994C79C7CD7: set configuration 0: [02001f8e-371d-4a6f-9691-00091213a56a|rpc:scm1:9894|admin:|client:|dataStream:|priority:0], old=null
om1_1       | 2022-10-17 13:33:22,584 [pool-26-thread-1] INFO server.RaftServerConfigKeys: raft.server.log.unsafe-flush.enabled = false (default)
datanode_3  | 	at java.base/java.io.FilterInputStream.read(FilterInputStream.java:83)
datanode_2  | 	at org.apache.hadoop.net.NetUtils.connect(NetUtils.java:586)
om3_1       | 2022-10-17 13:33:21,982 [pool-26-thread-1] INFO server.RaftServerConfigKeys: raft.server.log.write.buffer.size = 64KB (=65536) (default)
recon_1     | 2022-10-17 13:32:38,700 [Listener at 0.0.0.0/9891] INFO scm.ReconScmTask: Registered PipelineSyncTask task 
scm3_1      | 2022-10-17 13:32:47,962 [pool-16-thread-1] INFO server.RaftServerConfigKeys: raft.server.log.purge.upto.snapshot.index = false (default)
om2_1       | 2022-10-17 13:33:28,511 [Listener at om2/9862] INFO http.BaseHttpServer: HTTP server of ozoneManager listening at http://0.0.0.0:9874
s3g_1       | 	at org.glassfish.jersey.ext.cdi1x.internal.CdiUtil.getBeanReference(CdiUtil.java:129)
scm2_1      | 2022-10-17 13:32:37,701 [pool-16-thread-1] INFO server.RaftServerConfigKeys: raft.server.log.statemachine.data.read.timeout = 1000ms (default)
scm1_1      | 2022-10-17 13:32:16,144 [02001f8e-371d-4a6f-9691-00091213a56a@group-2994C79C7CD7-SegmentedRaftLogWorker] INFO segmented.SegmentedRaftLogWorker: 02001f8e-371d-4a6f-9691-00091213a56a@group-2994C79C7CD7-SegmentedRaftLogWorker: created new log segment /data/metadata/scm-ha/59e4f85f-2006-4be0-8706-2994c79c7cd7/current/log_inprogress_0
om1_1       | 2022-10-17 13:33:22,586 [pool-26-thread-1] INFO server.RaftServerConfigKeys: raft.server.log.statemachine.data.caching.enabled = false (default)
datanode_3  | 	at java.base/java.io.FilterInputStream.read(FilterInputStream.java:83)
datanode_2  | 	at org.apache.hadoop.ipc.Client$Connection.setupConnection(Client.java:711)
om3_1       | 2022-10-17 13:33:22,040 [pool-26-thread-1] INFO server.RaftServerConfigKeys: raft.server.log.unsafe-flush.enabled = false (default)
recon_1     | 2022-10-17 13:32:38,701 [Listener at 0.0.0.0/9891] INFO scm.ReconScmTask: Starting PipelineSyncTask Thread.
scm3_1      | 2022-10-17 13:32:47,963 [pool-16-thread-1] INFO server.RaftServerConfigKeys: raft.server.retrycache.expirytime = 60000ms (default)
om2_1       | 2022-10-17 13:33:28,519 [IPC Server Responder] INFO ipc.Server: IPC Server Responder: starting
s3g_1       | 	at org.glassfish.jersey.ext.cdi1x.internal.AbstractCdiBeanSupplier$1.getInstance(AbstractCdiBeanSupplier.java:72)
scm2_1      | 2022-10-17 13:32:37,848 [pool-16-thread-1] INFO server.RaftServerConfigKeys: raft.server.log.segment.size.max = 4194304 (custom)
scm1_1      | 2022-10-17 13:32:17,534 [main] INFO server.RaftServer: 02001f8e-371d-4a6f-9691-00091213a56a: close
om1_1       | 2022-10-17 13:33:22,671 [pool-26-thread-1] INFO segmented.SegmentedRaftLogWorker: om1@group-D66704EFC61C-SegmentedRaftLogWorker: flushIndex: setUnconditionally 0 -> -1
om1_1       | 2022-10-17 13:33:22,671 [pool-26-thread-1] INFO segmented.SegmentedRaftLogWorker: om1@group-D66704EFC61C-SegmentedRaftLogWorker: safeCacheEvictIndex: setUnconditionally 0 -> -1
datanode_2  | 	at org.apache.hadoop.ipc.Client$Connection.setupIOstreams(Client.java:833)
om3_1       | 2022-10-17 13:33:22,105 [pool-26-thread-1] INFO server.RaftServerConfigKeys: raft.server.log.statemachine.data.caching.enabled = false (default)
recon_1     | 2022-10-17 13:32:38,734 [Listener at 0.0.0.0/9891] INFO scm.ReconScmTask: Registered ContainerHealthTask task 
scm3_1      | 2022-10-17 13:32:47,963 [pool-16-thread-1] INFO server.RaftServerConfigKeys: raft.server.retrycache.statistics.expirytime = 100?s (default)
om2_1       | 2022-10-17 13:33:28,528 [IPC Server listener on 9862] INFO ipc.Server: IPC Server listener on 9862: starting
s3g_1       | 	at org.glassfish.jersey.ext.cdi1x.internal.AbstractCdiBeanSupplier._provide(AbstractCdiBeanSupplier.java:112)
scm2_1      | 2022-10-17 13:32:37,855 [pool-16-thread-1] INFO server.RaftServerConfigKeys: raft.server.log.segment.cache.num.max = 2 (custom)
scm1_1      | 2022-10-17 13:32:17,535 [main] INFO server.RaftServer$Division: 02001f8e-371d-4a6f-9691-00091213a56a@group-2994C79C7CD7: shutdown
om1_1       | 2022-10-17 13:33:22,716 [pool-26-thread-1] INFO server.RaftServerConfigKeys: raft.server.snapshot.auto.trigger.enabled = true (custom)
datanode_3  | 	at org.apache.hadoop.ipc.Client$Connection$PingInputStream.read(Client.java:563)
datanode_2  | 	at org.apache.hadoop.ipc.Client$Connection.access$3800(Client.java:414)
om3_1       | 2022-10-17 13:33:22,151 [pool-26-thread-1] INFO segmented.SegmentedRaftLogWorker: om3@group-D66704EFC61C-SegmentedRaftLogWorker: flushIndex: setUnconditionally 0 -> -1
recon_1     | 2022-10-17 13:32:38,734 [Listener at 0.0.0.0/9891] INFO scm.ReconScmTask: Starting ContainerHealthTask Thread.
scm3_1      | 2022-10-17 13:32:47,991 [pool-16-thread-1] INFO server.RaftServerConfigKeys: raft.server.log.appender.install.snapshot.enabled = false (custom)
om2_1       | 2022-10-17 13:33:28,933 [Listener at om2/9862] INFO om.OzoneManager: Trash Interval set to 0. Files deleted won't move to trash
s3g_1       | 	at org.glassfish.jersey.ext.cdi1x.internal.RequestScopedCdiBeanSupplier.get(RequestScopedCdiBeanSupplier.java:46)
scm2_1      | 2022-10-17 13:32:37,855 [pool-16-thread-1] INFO server.RaftServerConfigKeys: raft.server.log.segment.cache.size.max = 200MB (=209715200) (default)
scm1_1      | 2022-10-17 13:32:17,576 [main] INFO util.JmxRegister: Successfully un-registered JMX Bean with object name Ratis:service=RaftServer,group=group-2994C79C7CD7,id=02001f8e-371d-4a6f-9691-00091213a56a
om1_1       | 2022-10-17 13:33:22,716 [pool-26-thread-1] INFO server.RaftServerConfigKeys: raft.server.snapshot.auto.trigger.threshold = 400000 (default)
datanode_3  | 	at java.base/java.io.DataInputStream.readInt(DataInputStream.java:392)
datanode_2  | 	at org.apache.hadoop.ipc.Client.getConnection(Client.java:1677)
om3_1       | 2022-10-17 13:33:22,151 [pool-26-thread-1] INFO segmented.SegmentedRaftLogWorker: om3@group-D66704EFC61C-SegmentedRaftLogWorker: safeCacheEvictIndex: setUnconditionally 0 -> -1
recon_1     | 2022-10-17 13:32:38,744 [PipelineSyncTask] INFO scm.ReconPipelineManager: Recon has 4 pipelines in house.
scm3_1      | 2022-10-17 13:32:47,991 [pool-16-thread-1] INFO server.RaftServerConfigKeys: raft.server.threadpool.server.cached = true (default)
om2_1       | 2022-10-17 13:33:29,364 [Listener at om2/9862] INFO om.GrpcOzoneManagerServer: GrpcOzoneManagerServer is started using port 8981
s3g_1       | 	at org.glassfish.jersey.inject.hk2.InstanceSupplierFactoryBridge.provide(InstanceSupplierFactoryBridge.java:53)
scm2_1      | 2022-10-17 13:32:37,860 [pool-16-thread-1] INFO segmented.SegmentedRaftLogWorker: new b705ded1-db12-43e2-b7ec-9e0d525e4df7@group-2994C79C7CD7-SegmentedRaftLogWorker for RaftStorageImpl:Storage Directory /data/metadata/scm-ha/59e4f85f-2006-4be0-8706-2994c79c7cd7
scm1_1      | 2022-10-17 13:32:17,577 [main] INFO impl.RoleInfo: 02001f8e-371d-4a6f-9691-00091213a56a: shutdown 02001f8e-371d-4a6f-9691-00091213a56a@group-2994C79C7CD7-LeaderStateImpl
om1_1       | 2022-10-17 13:33:22,717 [pool-26-thread-1] INFO server.RaftServerConfigKeys: raft.server.snapshot.retention.file.num = -1 (default)
datanode_3  | 	at org.apache.hadoop.ipc.Client$IpcStreams.readResponse(Client.java:1922)
datanode_2  | 	at org.apache.hadoop.ipc.Client.call(Client.java:1502)
om3_1       | 2022-10-17 13:33:22,223 [pool-26-thread-1] INFO server.RaftServerConfigKeys: raft.server.snapshot.auto.trigger.enabled = true (custom)
recon_1     | 2022-10-17 13:32:38,753 [PipelineSyncTask] INFO scm.PipelineSyncTask: Pipeline sync Thread took 21 milliseconds.
scm3_1      | 2022-10-17 13:32:47,991 [pool-16-thread-1] INFO server.RaftServerConfigKeys: raft.server.threadpool.server.size = 0 (default)
om2_1       | 2022-10-17 13:33:29,393 [org.apache.hadoop.util.JvmPauseMonitor$Monitor@1a0ffb9b] INFO util.JvmPauseMonitor: Starting JVM pause monitor
s3g_1       | 	at org.jvnet.hk2.internal.FactoryCreator.create(FactoryCreator.java:129)
s3g_1       | 	at org.jvnet.hk2.internal.SystemDescriptor.create(SystemDescriptor.java:463)
scm1_1      | 2022-10-17 13:32:17,587 [main] INFO impl.PendingRequests: 02001f8e-371d-4a6f-9691-00091213a56a@group-2994C79C7CD7-PendingRequests: sendNotLeaderResponses
om1_1       | 2022-10-17 13:33:22,717 [pool-26-thread-1] INFO server.RaftServerConfigKeys: raft.server.log.purge.upto.snapshot.index = true (custom)
datanode_3  | 	at org.apache.hadoop.ipc.Client$Connection.receiveRpcResponse(Client.java:1238)
datanode_2  | 	... 12 more
om3_1       | 2022-10-17 13:33:22,240 [pool-26-thread-1] INFO server.RaftServerConfigKeys: raft.server.snapshot.auto.trigger.threshold = 400000 (default)
recon_1     | 2022-10-17 13:32:38,966 [IPC Server handler 11 on default port 9891] WARN ipc.Server: IPC Server handler 11 on default port 9891, call Call#1 Retry#0 org.apache.hadoop.ozone.protocol.ReconDatanodeProtocol.submitRequest from 172.18.0.9:55756: output error
scm3_1      | 2022-10-17 13:32:47,992 [pool-16-thread-1] INFO server.RaftServerConfigKeys: raft.server.threadpool.client.cached = true (default)
om2_1       | 2022-10-17 13:33:31,853 [om2@group-D66704EFC61C-FollowerState] INFO impl.FollowerState: om2@group-D66704EFC61C-FollowerState: change to CANDIDATE, lastRpcElapsedTime:5037867845ns, electionTimeout:5012ms
s3g_1       | 	at org.jvnet.hk2.internal.PerLookupContext.findOrCreate(PerLookupContext.java:46)
s3g_1       | 	at org.jvnet.hk2.internal.Utilities.createService(Utilities.java:2102)
scm1_1      | 2022-10-17 13:32:17,710 [02001f8e-371d-4a6f-9691-00091213a56a@group-2994C79C7CD7-StateMachineUpdater] INFO impl.StateMachineUpdater: 02001f8e-371d-4a6f-9691-00091213a56a@group-2994C79C7CD7-StateMachineUpdater: Took a snapshot at index 0
om1_1       | 2022-10-17 13:33:22,719 [pool-26-thread-1] INFO server.RaftServerConfigKeys: raft.server.retrycache.expirytime = 300s (custom)
om1_1       | 2022-10-17 13:33:22,770 [pool-26-thread-1] INFO server.RaftServerConfigKeys: raft.server.retrycache.statistics.expirytime = 100?s (default)
datanode_2  | 2022-10-17 13:32:37,114 [EndpointStateMachine task thread for scm2/172.18.0.4:9861 - 0 ] INFO ipc.Client: Retrying connect to server: scm2/172.18.0.4:9861. Already tried 0 time(s); retry policy is RetryUpToMaximumCountWithFixedSleep(maxRetries=15, sleepTime=1000 MILLISECONDS)
om3_1       | 2022-10-17 13:33:22,244 [pool-26-thread-1] INFO server.RaftServerConfigKeys: raft.server.snapshot.retention.file.num = -1 (default)
recon_1     | 2022-10-17 13:32:38,966 [IPC Server handler 5 on default port 9891] WARN ipc.Server: IPC Server handler 5 on default port 9891, call Call#4 Retry#0 org.apache.hadoop.ozone.protocol.ReconDatanodeProtocol.submitRequest from 172.18.0.7:46910: output error
scm3_1      | 2022-10-17 13:32:47,992 [pool-16-thread-1] INFO server.RaftServerConfigKeys: raft.server.threadpool.client.size = 0 (default)
om2_1       | 2022-10-17 13:33:31,858 [om2@group-D66704EFC61C-FollowerState] INFO impl.RoleInfo: om2: shutdown om2@group-D66704EFC61C-FollowerState
s3g_1       | 	at org.jvnet.hk2.internal.ServiceLocatorImpl.internalGetService(ServiceLocatorImpl.java:758)
scm2_1      | 2022-10-17 13:32:37,860 [pool-16-thread-1] INFO server.RaftServerConfigKeys: raft.server.log.queue.byte-limit = 64MB (=67108864) (default)
scm1_1      | 2022-10-17 13:32:17,719 [02001f8e-371d-4a6f-9691-00091213a56a@group-2994C79C7CD7-StateMachineUpdater] INFO impl.StateMachineUpdater: 02001f8e-371d-4a6f-9691-00091213a56a@group-2994C79C7CD7-StateMachineUpdater: snapshotIndex: updateIncreasingly -1 -> 0
om1_1       | 2022-10-17 13:33:23,215 [pool-26-thread-1] INFO server.RaftServerConfigKeys: raft.server.log.appender.install.snapshot.enabled = false (custom)
datanode_3  | 	at org.apache.hadoop.ipc.Client$Connection.run(Client.java:1134)
datanode_2  | 2022-10-17 13:32:37,114 [EndpointStateMachine task thread for scm3/172.18.0.8:9861 - 0 ] INFO ipc.Client: Retrying connect to server: scm3/172.18.0.8:9861. Already tried 0 time(s); retry policy is RetryUpToMaximumCountWithFixedSleep(maxRetries=15, sleepTime=1000 MILLISECONDS)
om3_1       | 2022-10-17 13:33:22,245 [pool-26-thread-1] INFO server.RaftServerConfigKeys: raft.server.log.purge.upto.snapshot.index = true (custom)
recon_1     | 2022-10-17 13:32:38,966 [IPC Server handler 6 on default port 9891] WARN ipc.Server: IPC Server handler 6 on default port 9891, call Call#1 Retry#0 org.apache.hadoop.ozone.protocol.ReconDatanodeProtocol.submitRequest from 172.18.0.7:46904: output error
scm3_1      | 2022-10-17 13:32:47,993 [main] INFO ha.SCMSnapshotProvider: Initializing SCM Snapshot Provider
scm1_1      | 2022-10-17 13:32:17,782 [main] INFO impl.StateMachineUpdater: 02001f8e-371d-4a6f-9691-00091213a56a@group-2994C79C7CD7-StateMachineUpdater: set stopIndex = 0
datanode_3  | 2022-10-17 13:32:32,430 [EndpointStateMachine task thread for scm1/172.18.0.2:9861 - 0 ] INFO volume.HddsVolume: SchemaV3 db is created and loaded at /data/hdds/hdds/CID-59e4f85f-2006-4be0-8706-2994c79c7cd7/DS-11851695-0dfa-432c-8634-6cc0494e53ab/container.db for volume DS-11851695-0dfa-432c-8634-6cc0494e53ab
datanode_3  | 2022-10-17 13:32:32,459 [EndpointStateMachine task thread for scm1/172.18.0.2:9861 - 0 ] INFO volume.HddsVolume: SchemaV3 db is stopped at /data/hdds/hdds/CID-59e4f85f-2006-4be0-8706-2994c79c7cd7/DS-11851695-0dfa-432c-8634-6cc0494e53ab/container.db for volume DS-11851695-0dfa-432c-8634-6cc0494e53ab
om3_1       | 2022-10-17 13:33:22,247 [pool-26-thread-1] INFO server.RaftServerConfigKeys: raft.server.retrycache.expirytime = 300s (custom)
s3g_1       | 	at org.jvnet.hk2.internal.ServiceLocatorImpl.internalGetService(ServiceLocatorImpl.java:721)
om1_1       | 2022-10-17 13:33:23,226 [pool-26-thread-1] INFO server.RaftServerConfigKeys: raft.server.threadpool.server.cached = true (default)
datanode_2  | 2022-10-17 13:32:38,114 [EndpointStateMachine task thread for scm2/172.18.0.4:9861 - 0 ] INFO ipc.Client: Retrying connect to server: scm2/172.18.0.4:9861. Already tried 1 time(s); retry policy is RetryUpToMaximumCountWithFixedSleep(maxRetries=15, sleepTime=1000 MILLISECONDS)
scm2_1      | 2022-10-17 13:32:37,860 [pool-16-thread-1] INFO server.RaftServerConfigKeys: raft.server.log.queue.element-limit = 4096 (default)
scm2_1      | 2022-10-17 13:32:37,861 [pool-16-thread-1] INFO server.RaftServerConfigKeys: raft.server.log.segment.size.max = 4194304 (custom)
scm3_1      | 2022-10-17 13:32:47,993 [main] WARN server.ServerUtils: Storage directory for Ratis is not configured. It is a good idea to map this to an SSD disk. Falling back to ozone.metadata.dirs
scm1_1      | 2022-10-17 13:32:17,782 [main] INFO server.RaftServer$Division: 02001f8e-371d-4a6f-9691-00091213a56a@group-2994C79C7CD7: closes. applyIndex: 0
datanode_3  | 2022-10-17 13:32:32,463 [EndpointStateMachine task thread for scm1/172.18.0.2:9861 - 0 ] INFO ozoneimpl.OzoneContainer: Attempting to start container services.
om2_1       | 2022-10-17 13:33:31,868 [om2@group-D66704EFC61C-FollowerState] INFO server.RaftServer$Division: om2@group-D66704EFC61C: changes role from  FOLLOWER to CANDIDATE at term 0 for changeToCandidate
om3_1       | 2022-10-17 13:33:22,256 [pool-26-thread-1] INFO server.RaftServerConfigKeys: raft.server.retrycache.statistics.expirytime = 100?s (default)
s3g_1       | 	at org.jvnet.hk2.internal.ServiceLocatorImpl.getService(ServiceLocatorImpl.java:691)
om1_1       | 2022-10-17 13:33:23,227 [pool-26-thread-1] INFO server.RaftServerConfigKeys: raft.server.threadpool.server.size = 0 (default)
datanode_2  | 2022-10-17 13:32:38,115 [EndpointStateMachine task thread for scm3/172.18.0.8:9861 - 0 ] INFO ipc.Client: Retrying connect to server: scm3/172.18.0.8:9861. Already tried 1 time(s); retry policy is RetryUpToMaximumCountWithFixedSleep(maxRetries=15, sleepTime=1000 MILLISECONDS)
scm2_1      | 2022-10-17 13:32:37,861 [pool-16-thread-1] INFO server.RaftServerConfigKeys: raft.server.log.preallocated.size = 4194304 (custom)
scm2_1      | 2022-10-17 13:32:37,862 [pool-16-thread-1] INFO server.RaftServerConfigKeys: raft.server.log.force.sync.num = 128 (default)
scm3_1      | 2022-10-17 13:32:47,994 [main] WARN ha.SCMHAUtils: SCM snapshot dir is not configured. Falling back to ozone.metadata.dirs config
scm1_1      | 2022-10-17 13:32:17,812 [02001f8e-371d-4a6f-9691-00091213a56a@group-2994C79C7CD7-SegmentedRaftLogWorker] INFO segmented.SegmentedRaftLogWorker: 02001f8e-371d-4a6f-9691-00091213a56a@group-2994C79C7CD7-SegmentedRaftLogWorker was interrupted, exiting. There are 0 tasks remaining in the queue.
datanode_3  | 2022-10-17 13:32:32,474 [EndpointStateMachine task thread for scm1/172.18.0.2:9861 - 0 ] INFO ozoneimpl.OzoneContainer: Background container scanner has been disabled.
om2_1       | 2022-10-17 13:33:31,882 [om2@group-D66704EFC61C-FollowerState] INFO server.RaftServerConfigKeys: raft.server.leaderelection.pre-vote = false (custom)
om3_1       | 2022-10-17 13:33:22,614 [pool-26-thread-1] INFO server.RaftServerConfigKeys: raft.server.log.appender.install.snapshot.enabled = false (custom)
s3g_1       | 	at org.glassfish.jersey.inject.hk2.AbstractHk2InjectionManager.getInstance(AbstractHk2InjectionManager.java:160)
om1_1       | 2022-10-17 13:33:23,227 [pool-26-thread-1] INFO server.RaftServerConfigKeys: raft.server.threadpool.client.cached = true (default)
scm2_1      | 2022-10-17 13:32:37,862 [pool-16-thread-1] INFO server.RaftServerConfigKeys: raft.server.log.statemachine.data.sync = true (default)
recon_1     | 2022-10-17 13:32:38,966 [IPC Server handler 1 on default port 9891] WARN ipc.Server: IPC Server handler 1 on default port 9891, call Call#7 Retry#0 org.apache.hadoop.ozone.protocol.ReconDatanodeProtocol.submitRequest from 172.18.0.9:46432: output error
datanode_2  | 2022-10-17 13:32:39,115 [EndpointStateMachine task thread for scm3/172.18.0.8:9861 - 0 ] INFO ipc.Client: Retrying connect to server: scm3/172.18.0.8:9861. Already tried 2 time(s); retry policy is RetryUpToMaximumCountWithFixedSleep(maxRetries=15, sleepTime=1000 MILLISECONDS)
scm3_1      | 2022-10-17 13:32:48,005 [main] INFO upgrade.AbstractLayoutVersionManager: Initializing Layout version manager with metadata layout = DATANODE_SCHEMA_V3 (version = 4), software layout = DATANODE_SCHEMA_V3 (version = 4)
scm1_1      | 2022-10-17 13:32:17,885 [main] INFO segmented.SegmentedRaftLogWorker: 02001f8e-371d-4a6f-9691-00091213a56a@group-2994C79C7CD7-SegmentedRaftLogWorker close()
datanode_3  | 2022-10-17 13:32:32,636 [EndpointStateMachine task thread for scm1/172.18.0.2:9861 - 0 ] INFO ratis.XceiverServerRatis: Starting XceiverServerRatis 9b598d0f-42e8-4e63-90e2-92904ea07839
om2_1       | 2022-10-17 13:33:31,885 [om2@group-D66704EFC61C-FollowerState] INFO impl.RoleInfo: om2: start om2@group-D66704EFC61C-LeaderElection1
om3_1       | 2022-10-17 13:33:22,632 [pool-26-thread-1] INFO server.RaftServerConfigKeys: raft.server.threadpool.server.cached = true (default)
s3g_1       | 	at org.glassfish.jersey.inject.hk2.ImmediateHk2InjectionManager.getInstance(ImmediateHk2InjectionManager.java:30)
om1_1       | 2022-10-17 13:33:23,228 [pool-26-thread-1] INFO server.RaftServerConfigKeys: raft.server.threadpool.client.size = 0 (default)
scm2_1      | 2022-10-17 13:32:37,863 [pool-16-thread-1] INFO server.RaftServerConfigKeys: raft.server.log.statemachine.data.sync.timeout = 10s (default)
recon_1     | 2022-10-17 13:32:38,966 [IPC Server handler 9 on default port 9891] WARN ipc.Server: IPC Server handler 9 on default port 9891, call Call#6 Retry#0 org.apache.hadoop.ozone.protocol.ReconDatanodeProtocol.submitRequest from 172.18.0.5:39898: output error
datanode_2  | 2022-10-17 13:32:39,115 [EndpointStateMachine task thread for scm2/172.18.0.4:9861 - 0 ] INFO ipc.Client: Retrying connect to server: scm2/172.18.0.4:9861. Already tried 2 time(s); retry policy is RetryUpToMaximumCountWithFixedSleep(maxRetries=15, sleepTime=1000 MILLISECONDS)
scm3_1      | 2022-10-17 13:32:48,110 [main] INFO reflections.Reflections: Reflections took 83 ms to scan 3 urls, producing 112 keys and 252 values 
scm1_1      | 2022-10-17 13:32:17,908 [main] INFO server.GrpcService: 02001f8e-371d-4a6f-9691-00091213a56a: shutdown server with port 9894 now
datanode_3  | 2022-10-17 13:32:32,704 [EndpointStateMachine task thread for scm1/172.18.0.2:9861 - 0 ] INFO server.RaftServer: 9b598d0f-42e8-4e63-90e2-92904ea07839: start RPC server
om2_1       | 2022-10-17 13:33:31,949 [om2@group-D66704EFC61C-LeaderElection1] INFO impl.LeaderElection: om2@group-D66704EFC61C-LeaderElection1 ELECTION round 0: submit vote requests at term 1 for -1: [om1|rpc:om1:9872|priority:0, om3|rpc:om3:9872|priority:0, om2|rpc:om2:9872|priority:0], old=null
om3_1       | 2022-10-17 13:33:22,638 [pool-26-thread-1] INFO server.RaftServerConfigKeys: raft.server.threadpool.server.size = 0 (default)
s3g_1       | 	at org.glassfish.jersey.internal.inject.Injections.getOrCreate(Injections.java:105)
om1_1       | 2022-10-17 13:33:23,660 [main] INFO reflections.Reflections: Reflections took 2317 ms to scan 8 urls, producing 23 keys and 519 values [using 2 cores]
scm2_1      | 2022-10-17 13:32:37,863 [pool-16-thread-1] INFO server.RaftServerConfigKeys: raft.server.log.statemachine.data.sync.timeout.retry = -1 (default)
recon_1     | 2022-10-17 13:32:38,982 [IPC Server handler 3 on default port 9891] WARN ipc.Server: IPC Server handler 3 on default port 9891, call Call#4 Retry#0 org.apache.hadoop.ozone.protocol.ReconDatanodeProtocol.submitRequest from 172.18.0.5:50106: output error
datanode_2  | 2022-10-17 13:32:40,116 [EndpointStateMachine task thread for scm2/172.18.0.4:9861 - 0 ] INFO ipc.Client: Retrying connect to server: scm2/172.18.0.4:9861. Already tried 3 time(s); retry policy is RetryUpToMaximumCountWithFixedSleep(maxRetries=15, sleepTime=1000 MILLISECONDS)
scm3_1      | 2022-10-17 13:32:48,167 [main] INFO ha.SequenceIdGenerator: upgrade localId to 109611004723200000
scm1_1      | 2022-10-17 13:32:18,138 [main] INFO server.GrpcService: 02001f8e-371d-4a6f-9691-00091213a56a: shutdown server with port 9894 successfully
datanode_3  | 2022-10-17 13:32:32,712 [EndpointStateMachine task thread for scm1/172.18.0.2:9861 - 0 ] INFO server.GrpcService: 9b598d0f-42e8-4e63-90e2-92904ea07839: GrpcService started, listening on 9856
om2_1       | 2022-10-17 13:33:32,482 [grpc-default-executor-1] INFO server.RaftServer$Division: om2@group-D66704EFC61C: receive requestVote(ELECTION, om1, group-D66704EFC61C, 1, (t:0, i:~))
om3_1       | 2022-10-17 13:33:22,640 [pool-26-thread-1] INFO server.RaftServerConfigKeys: raft.server.threadpool.client.cached = true (default)
s3g_1       | 	at org.glassfish.jersey.server.model.MethodHandler$ClassBasedMethodHandler.getInstance(MethodHandler.java:260)
om1_1       | 2022-10-17 13:33:24,004 [main] INFO ipc.CallQueueManager: Using callQueue: class java.util.concurrent.LinkedBlockingQueue, queueCapacity: 10000, scheduler: class org.apache.hadoop.ipc.DefaultRpcScheduler, ipcBackoff: false.
scm2_1      | 2022-10-17 13:32:37,870 [pool-16-thread-1] INFO server.RaftServerConfigKeys: raft.server.log.write.buffer.size = 64KB (=65536) (default)
recon_1     | 2022-10-17 13:32:38,983 [IPC Server handler 1 on default port 9891] INFO ipc.Server: IPC Server handler 1 on default port 9891 caught an exception
datanode_2  | 2022-10-17 13:32:40,117 [EndpointStateMachine task thread for scm3/172.18.0.8:9861 - 0 ] INFO ipc.Client: Retrying connect to server: scm3/172.18.0.8:9861. Already tried 3 time(s); retry policy is RetryUpToMaximumCountWithFixedSleep(maxRetries=15, sleepTime=1000 MILLISECONDS)
scm3_1      | 2022-10-17 13:32:48,168 [main] INFO ha.SequenceIdGenerator: upgrade delTxnId to 0
scm1_1      | 2022-10-17 13:32:18,148 [org.apache.ratis.util.JvmPauseMonitor$$Lambda$316/0x0000000840267040@1a1da881] INFO util.JvmPauseMonitor: JvmPauseMonitor-02001f8e-371d-4a6f-9691-00091213a56a: Stopped
datanode_3  | 2022-10-17 13:32:32,713 [EndpointStateMachine task thread for scm1/172.18.0.2:9861 - 0 ] INFO server.GrpcService: 9b598d0f-42e8-4e63-90e2-92904ea07839: GrpcService started, listening on 9857
om2_1       | 2022-10-17 13:33:32,483 [grpc-default-executor-1] INFO impl.VoteContext: om2@group-D66704EFC61C-CANDIDATE: reject ELECTION from om1: already has voted for om2 at current term 1
om3_1       | 2022-10-17 13:33:22,643 [pool-26-thread-1] INFO server.RaftServerConfigKeys: raft.server.threadpool.client.size = 0 (default)
s3g_1       | 	at org.glassfish.jersey.server.internal.routing.PushMethodHandlerRouter.apply(PushMethodHandlerRouter.java:51)
om1_1       | 2022-10-17 13:33:24,041 [Socket Reader #1 for port 9862] INFO ipc.Server: Starting Socket Reader #1 for port 9862
scm2_1      | 2022-10-17 13:32:37,871 [pool-16-thread-1] INFO server.RaftServerConfigKeys: raft.server.log.unsafe-flush.enabled = false (default)
recon_1     | java.nio.channels.ClosedChannelException
datanode_2  | 2022-10-17 13:32:41,117 [EndpointStateMachine task thread for scm3/172.18.0.8:9861 - 0 ] INFO ipc.Client: Retrying connect to server: scm3/172.18.0.8:9861. Already tried 4 time(s); retry policy is RetryUpToMaximumCountWithFixedSleep(maxRetries=15, sleepTime=1000 MILLISECONDS)
scm3_1      | 2022-10-17 13:32:48,170 [main] INFO ha.SequenceIdGenerator: upgrade containerId to 0
scm1_1      | 2022-10-17 13:32:18,148 [main] WARN server.ServerUtils: ozone.scm.db.dirs is not configured. We recommend adding this setting. Falling back to ozone.metadata.dirs instead.
datanode_3  | 2022-10-17 13:32:32,714 [EndpointStateMachine task thread for scm1/172.18.0.2:9861 - 0 ] INFO server.GrpcService: 9b598d0f-42e8-4e63-90e2-92904ea07839: GrpcService started, listening on 9858
om2_1       | 2022-10-17 13:33:32,493 [grpc-default-executor-0] INFO server.RaftServer$Division: om2@group-D66704EFC61C: receive requestVote(ELECTION, om3, group-D66704EFC61C, 1, (t:0, i:~))
om3_1       | 2022-10-17 13:33:23,546 [main] INFO reflections.Reflections: Reflections took 2542 ms to scan 8 urls, producing 23 keys and 519 values [using 2 cores]
s3g_1       | 	at org.glassfish.jersey.server.internal.routing.RoutingStage._apply(RoutingStage.java:86)
om1_1       | 2022-10-17 13:33:25,721 [Listener at om1/9862] INFO impl.MetricsConfig: Loaded properties from hadoop-metrics2.properties
scm2_1      | 2022-10-17 13:32:37,871 [pool-16-thread-1] INFO server.RaftServerConfigKeys: raft.server.log.statemachine.data.caching.enabled = false (default)
recon_1     | 	at java.base/sun.nio.ch.SocketChannelImpl.ensureOpenAndConnected(SocketChannelImpl.java:180)
datanode_2  | 2022-10-17 13:32:42,118 [EndpointStateMachine task thread for scm3/172.18.0.8:9861 - 0 ] INFO ipc.Client: Retrying connect to server: scm3/172.18.0.8:9861. Already tried 5 time(s); retry policy is RetryUpToMaximumCountWithFixedSleep(maxRetries=15, sleepTime=1000 MILLISECONDS)
scm3_1      | 2022-10-17 13:32:48,171 [main] INFO ha.SequenceIdGenerator: Init the HA SequenceIdGenerator.
scm1_1      | 2022-10-17 13:32:18,156 [main] INFO server.StorageContainerManager: SCM initialization succeeded. Current cluster id for sd=/data/metadata/scm; cid=CID-59e4f85f-2006-4be0-8706-2994c79c7cd7; layoutVersion=4; scmId=02001f8e-371d-4a6f-9691-00091213a56a
datanode_3  | 2022-10-17 13:32:32,722 [EndpointStateMachine task thread for scm1/172.18.0.2:9861 - 0 ] INFO ratis.XceiverServerRatis: XceiverServerRatis 9b598d0f-42e8-4e63-90e2-92904ea07839 is started using port 9858 for RATIS
om2_1       | 2022-10-17 13:33:32,566 [grpc-default-executor-1] INFO server.RaftServer$Division: om2@group-D66704EFC61C replies to ELECTION vote request: om1<-om2#0:FAIL-t1. Peer's state: om2@group-D66704EFC61C:t1, leader=null, voted=om2, raftlog=om2@group-D66704EFC61C-SegmentedRaftLog:OPENED:c-1, conf=-1: [om1|rpc:om1:9872|priority:0, om3|rpc:om3:9872|priority:0, om2|rpc:om2:9872|priority:0], old=null
om3_1       | 2022-10-17 13:33:23,833 [main] INFO ipc.CallQueueManager: Using callQueue: class java.util.concurrent.LinkedBlockingQueue, queueCapacity: 10000, scheduler: class org.apache.hadoop.ipc.DefaultRpcScheduler, ipcBackoff: false.
s3g_1       | 	at org.glassfish.jersey.server.internal.routing.RoutingStage._apply(RoutingStage.java:89)
om1_1       | 2022-10-17 13:33:25,767 [Listener at om1/9862] INFO impl.MetricsSystemImpl: Scheduled Metric snapshot period at 10 second(s).
recon_1     | 	at java.base/sun.nio.ch.SocketChannelImpl.write(SocketChannelImpl.java:452)
datanode_2  | 2022-10-17 13:32:42,722 [EndpointStateMachine task thread for scm2/172.18.0.4:9861 - 0 ] INFO ozoneimpl.OzoneContainer: Ignore. OzoneContainer already started.
scm3_1      | 2022-10-17 13:32:48,197 [main] INFO node.SCMNodeManager: Entering startup safe mode.
scm1_1      | 2022-10-17 13:32:18,242 [shutdown-hook-0] INFO server.StorageContainerManagerStarter: SHUTDOWN_MSG: 
datanode_3  | 2022-10-17 13:32:32,723 [EndpointStateMachine task thread for scm1/172.18.0.2:9861 - 0 ] INFO ratis.XceiverServerRatis: XceiverServerRatis 9b598d0f-42e8-4e63-90e2-92904ea07839 is started using port 9857 for RATIS_ADMIN
om2_1       | 2022-10-17 13:33:32,566 [grpc-default-executor-0] INFO impl.VoteContext: om2@group-D66704EFC61C-CANDIDATE: reject ELECTION from om3: already has voted for om2 at current term 1
om3_1       | 2022-10-17 13:33:23,873 [Socket Reader #1 for port 9862] INFO ipc.Server: Starting Socket Reader #1 for port 9862
s3g_1       | 	at org.glassfish.jersey.server.internal.routing.RoutingStage._apply(RoutingStage.java:89)
om1_1       | 2022-10-17 13:33:25,767 [Listener at om1/9862] INFO impl.MetricsSystemImpl: OzoneManager metrics system started
scm2_1      | 2022-10-17 13:32:37,876 [pool-16-thread-1] INFO segmented.SegmentedRaftLogWorker: b705ded1-db12-43e2-b7ec-9e0d525e4df7@group-2994C79C7CD7-SegmentedRaftLogWorker: flushIndex: setUnconditionally 0 -> -1
recon_1     | 	at org.apache.hadoop.ipc.Server.channelWrite(Server.java:3619)
datanode_2  | 2022-10-17 13:32:43,119 [EndpointStateMachine task thread for scm3/172.18.0.8:9861 - 0 ] INFO ipc.Client: Retrying connect to server: scm3/172.18.0.8:9861. Already tried 6 time(s); retry policy is RetryUpToMaximumCountWithFixedSleep(maxRetries=15, sleepTime=1000 MILLISECONDS)
scm3_1      | 2022-10-17 13:32:48,206 [main] INFO algorithms.ContainerPlacementPolicyFactory: Create container placement policy of type org.apache.hadoop.hdds.scm.container.placement.algorithms.SCMContainerPlacementRandom
scm1_1      | /************************************************************
datanode_3  | 2022-10-17 13:32:32,723 [EndpointStateMachine task thread for scm1/172.18.0.2:9861 - 0 ] INFO ratis.XceiverServerRatis: XceiverServerRatis 9b598d0f-42e8-4e63-90e2-92904ea07839 is started using port 9856 for RATIS_SERVER
om2_1       | 2022-10-17 13:33:32,573 [grpc-default-executor-0] INFO server.RaftServer$Division: om2@group-D66704EFC61C replies to ELECTION vote request: om3<-om2#0:FAIL-t1. Peer's state: om2@group-D66704EFC61C:t1, leader=null, voted=om2, raftlog=om2@group-D66704EFC61C-SegmentedRaftLog:OPENED:c-1, conf=-1: [om1|rpc:om1:9872|priority:0, om3|rpc:om3:9872|priority:0, om2|rpc:om2:9872|priority:0], old=null
om3_1       | 2022-10-17 13:33:25,395 [Listener at om3/9862] INFO impl.MetricsConfig: Loaded properties from hadoop-metrics2.properties
s3g_1       | 	at org.glassfish.jersey.server.internal.routing.RoutingStage._apply(RoutingStage.java:89)
om1_1       | 2022-10-17 13:33:25,901 [Listener at om1/9862] INFO om.OzoneManager: OzoneManager RPC server is listening at om1/172.18.0.3:9862
scm2_1      | 2022-10-17 13:32:37,876 [pool-16-thread-1] INFO segmented.SegmentedRaftLogWorker: b705ded1-db12-43e2-b7ec-9e0d525e4df7@group-2994C79C7CD7-SegmentedRaftLogWorker: safeCacheEvictIndex: setUnconditionally 0 -> -1
recon_1     | 	at org.apache.hadoop.ipc.Server.access$1700(Server.java:144)
datanode_2  | 2022-10-17 13:32:44,120 [EndpointStateMachine task thread for scm3/172.18.0.8:9861 - 0 ] INFO ipc.Client: Retrying connect to server: scm3/172.18.0.8:9861. Already tried 7 time(s); retry policy is RetryUpToMaximumCountWithFixedSleep(maxRetries=15, sleepTime=1000 MILLISECONDS)
scm3_1      | 2022-10-17 13:32:48,206 [main] INFO algorithms.ContainerPlacementPolicyFactory: Create container placement policy of type org.apache.hadoop.hdds.scm.container.placement.algorithms.SCMContainerPlacementRackScatter
scm1_1      | SHUTDOWN_MSG: Shutting down StorageContainerManager at 720dd92ec33f/172.18.0.2
datanode_3  | 2022-10-17 13:32:32,724 [org.apache.ratis.util.JvmPauseMonitor$$Lambda$338/0x00000008404f0040@68f3f155] INFO util.JvmPauseMonitor: JvmPauseMonitor-9b598d0f-42e8-4e63-90e2-92904ea07839: Started
om2_1       | 2022-10-17 13:33:32,942 [om2@group-D66704EFC61C-LeaderElection1] INFO impl.LeaderElection: om2@group-D66704EFC61C-LeaderElection1: ELECTION REJECTED received 2 response(s) and 0 exception(s):
om3_1       | 2022-10-17 13:33:25,473 [Listener at om3/9862] INFO impl.MetricsSystemImpl: Scheduled Metric snapshot period at 10 second(s).
om3_1       | 2022-10-17 13:33:25,473 [Listener at om3/9862] INFO impl.MetricsSystemImpl: OzoneManager metrics system started
om1_1       | 2022-10-17 13:33:25,901 [Listener at om1/9862] INFO ratis.OzoneManagerRatisServer: Starting OzoneManagerRatisServer om1 at port 9872
scm2_1      | 2022-10-17 13:32:37,880 [pool-16-thread-1] INFO server.RaftServerConfigKeys: raft.server.snapshot.auto.trigger.enabled = true (custom)
recon_1     | 	at org.apache.hadoop.ipc.Server$Responder.processResponse(Server.java:1672)
datanode_2  | 2022-10-17 13:32:45,121 [EndpointStateMachine task thread for scm3/172.18.0.8:9861 - 0 ] INFO ipc.Client: Retrying connect to server: scm3/172.18.0.8:9861. Already tried 8 time(s); retry policy is RetryUpToMaximumCountWithFixedSleep(maxRetries=15, sleepTime=1000 MILLISECONDS)
scm3_1      | 2022-10-17 13:32:48,210 [main] INFO pipeline.PipelineStateManagerImpl: No pipeline exists in current db
scm1_1      | ************************************************************/
datanode_3  | 2022-10-17 13:32:33,064 [EndpointStateMachine task thread for scm3/172.18.0.8:9861 - 0 ] INFO ipc.Client: Retrying connect to server: scm3/172.18.0.8:9861. Already tried 12 time(s); retry policy is RetryUpToMaximumCountWithFixedSleep(maxRetries=15, sleepTime=1000 MILLISECONDS)
om3_1       | 2022-10-17 13:33:25,624 [Listener at om3/9862] INFO om.OzoneManager: OzoneManager RPC server is listening at om3/172.18.0.12:9862
s3g_1       | 	at org.glassfish.jersey.server.internal.routing.RoutingStage.apply(RoutingStage.java:69)
om2_1       | 2022-10-17 13:33:32,943 [om2@group-D66704EFC61C-LeaderElection1] INFO impl.LeaderElection:   Response 0: om2<-om1#0:FAIL-t1
om1_1       | 2022-10-17 13:33:25,909 [om1-impl-thread1] INFO server.RaftServer$Division: om1@group-D66704EFC61C: start as a follower, conf=-1: [om1|rpc:om1:9872|priority:0, om3|rpc:om3:9872|priority:0, om2|rpc:om2:9872|priority:0], old=null
scm2_1      | 2022-10-17 13:32:37,880 [pool-16-thread-1] INFO server.RaftServerConfigKeys: raft.server.snapshot.auto.trigger.threshold = 1000 (custom)
recon_1     | 	at org.apache.hadoop.ipc.Server$Responder.doRespond(Server.java:1742)
datanode_2  | 2022-10-17 13:32:46,122 [EndpointStateMachine task thread for scm3/172.18.0.8:9861 - 0 ] INFO ipc.Client: Retrying connect to server: scm3/172.18.0.8:9861. Already tried 9 time(s); retry policy is RetryUpToMaximumCountWithFixedSleep(maxRetries=15, sleepTime=1000 MILLISECONDS)
scm3_1      | 2022-10-17 13:32:48,227 [main] INFO algorithms.LeaderChoosePolicyFactory: Create leader choose policy of type org.apache.hadoop.hdds.scm.pipeline.leader.choose.algorithms.MinLeaderCountChoosePolicy
scm1_1      | No '-XX:...' jvm parameters are set. Adding safer GC settings '-XX:ParallelGCThreads=8 -XX:+UseConcMarkSweepGC -XX:CMSInitiatingOccupancyFraction=70 -XX:+CMSParallelRemarkEnabled' to the OZONE_OPTS
datanode_3  | 2022-10-17 13:32:33,066 [EndpointStateMachine task thread for scm2/172.18.0.4:9861 - 0 ] INFO ipc.Client: Retrying connect to server: scm2/172.18.0.4:9861. Already tried 12 time(s); retry policy is RetryUpToMaximumCountWithFixedSleep(maxRetries=15, sleepTime=1000 MILLISECONDS)
om3_1       | 2022-10-17 13:33:25,628 [Listener at om3/9862] INFO ratis.OzoneManagerRatisServer: Starting OzoneManagerRatisServer om3 at port 9872
s3g_1       | 	at org.glassfish.jersey.server.internal.routing.RoutingStage.apply(RoutingStage.java:38)
om2_1       | 2022-10-17 13:33:32,943 [om2@group-D66704EFC61C-LeaderElection1] INFO impl.LeaderElection:   Response 1: om2<-om3#0:FAIL-t1
om1_1       | 2022-10-17 13:33:25,909 [om1-impl-thread1] INFO server.RaftServer$Division: om1@group-D66704EFC61C: changes role from      null to FOLLOWER at term 0 for startAsFollower
scm2_1      | 2022-10-17 13:32:37,880 [pool-16-thread-1] INFO server.RaftServerConfigKeys: raft.server.snapshot.retention.file.num = -1 (default)
recon_1     | 	at org.apache.hadoop.ipc.Server$Connection.sendResponse(Server.java:2847)
datanode_2  | 2022-10-17 13:32:47,123 [EndpointStateMachine task thread for scm3/172.18.0.8:9861 - 0 ] INFO ipc.Client: Retrying connect to server: scm3/172.18.0.8:9861. Already tried 10 time(s); retry policy is RetryUpToMaximumCountWithFixedSleep(maxRetries=15, sleepTime=1000 MILLISECONDS)
scm3_1      | 2022-10-17 13:32:48,227 [main] INFO algorithms.ContainerPlacementPolicyFactory: Create container placement policy of type org.apache.hadoop.hdds.scm.container.placement.algorithms.SCMContainerPlacementRackScatter
scm1_1      | OpenJDK 64-Bit Server VM warning: Option UseConcMarkSweepGC was deprecated in version 9.0 and will likely be removed in a future release.
datanode_3  | 2022-10-17 13:32:34,065 [EndpointStateMachine task thread for scm3/172.18.0.8:9861 - 0 ] INFO ipc.Client: Retrying connect to server: scm3/172.18.0.8:9861. Already tried 13 time(s); retry policy is RetryUpToMaximumCountWithFixedSleep(maxRetries=15, sleepTime=1000 MILLISECONDS)
om3_1       | 2022-10-17 13:33:25,630 [om3-impl-thread1] INFO server.RaftServer$Division: om3@group-D66704EFC61C: start as a follower, conf=-1: [om1|rpc:om1:9872|priority:0, om3|rpc:om3:9872|priority:0, om2|rpc:om2:9872|priority:0], old=null
s3g_1       | 	at org.glassfish.jersey.process.internal.Stages.process(Stages.java:173)
om2_1       | 2022-10-17 13:33:32,943 [om2@group-D66704EFC61C-LeaderElection1] INFO impl.LeaderElection: om2@group-D66704EFC61C-LeaderElection1 ELECTION round 0: result REJECTED
om1_1       | 2022-10-17 13:33:25,910 [om1-impl-thread1] INFO impl.RoleInfo: om1: start om1@group-D66704EFC61C-FollowerState
scm2_1      | 2022-10-17 13:32:37,881 [pool-16-thread-1] INFO server.RaftServerConfigKeys: raft.server.log.purge.upto.snapshot.index = false (default)
recon_1     | 	at org.apache.hadoop.ipc.Server$Connection.access$300(Server.java:1814)
datanode_2  | 2022-10-17 13:32:48,124 [EndpointStateMachine task thread for scm3/172.18.0.8:9861 - 0 ] INFO ipc.Client: Retrying connect to server: scm3/172.18.0.8:9861. Already tried 11 time(s); retry policy is RetryUpToMaximumCountWithFixedSleep(maxRetries=15, sleepTime=1000 MILLISECONDS)
scm3_1      | 2022-10-17 13:32:48,231 [main] INFO ha.SCMServiceManager: Registering service BackgroundPipelineCreator.
scm1_1      | 2022-10-17 13:32:21,970 [main] INFO server.StorageContainerManagerStarter: STARTUP_MSG: 
datanode_3  | 2022-10-17 13:32:34,066 [EndpointStateMachine task thread for scm2/172.18.0.4:9861 - 0 ] INFO ipc.Client: Retrying connect to server: scm2/172.18.0.4:9861. Already tried 13 time(s); retry policy is RetryUpToMaximumCountWithFixedSleep(maxRetries=15, sleepTime=1000 MILLISECONDS)
om3_1       | 2022-10-17 13:33:25,650 [om3-impl-thread1] INFO server.RaftServer$Division: om3@group-D66704EFC61C: changes role from      null to FOLLOWER at term 0 for startAsFollower
s3g_1       | 	at org.glassfish.jersey.server.ServerRuntime$1.run(ServerRuntime.java:247)
om2_1       | 2022-10-17 13:33:32,944 [om2@group-D66704EFC61C-LeaderElection1] INFO server.RaftServer$Division: om2@group-D66704EFC61C: changes role from CANDIDATE to FOLLOWER at term 1 for REJECTED
scm2_1      | 2022-10-17 13:32:37,882 [pool-16-thread-1] INFO server.RaftServerConfigKeys: raft.server.retrycache.expirytime = 60000ms (default)
om1_1       | 2022-10-17 13:33:25,925 [om1-impl-thread1] INFO util.JmxRegister: Successfully registered JMX Bean with object name Ratis:service=RaftServer,group=group-D66704EFC61C,id=om1
recon_1     | 	at org.apache.hadoop.ipc.Server$RpcCall.doResponse(Server.java:1125)
datanode_2  | 2022-10-17 13:32:49,125 [EndpointStateMachine task thread for scm3/172.18.0.8:9861 - 0 ] INFO ipc.Client: Retrying connect to server: scm3/172.18.0.8:9861. Already tried 12 time(s); retry policy is RetryUpToMaximumCountWithFixedSleep(maxRetries=15, sleepTime=1000 MILLISECONDS)
scm3_1      | 2022-10-17 13:32:48,231 [main] INFO pipeline.BackgroundPipelineCreator: Starting RatisPipelineUtilsThread.
scm1_1      | /************************************************************
datanode_3  | 2022-10-17 13:32:35,066 [EndpointStateMachine task thread for scm3/172.18.0.8:9861 - 0 ] INFO ipc.Client: Retrying connect to server: scm3/172.18.0.8:9861. Already tried 14 time(s); retry policy is RetryUpToMaximumCountWithFixedSleep(maxRetries=15, sleepTime=1000 MILLISECONDS)
om3_1       | 2022-10-17 13:33:25,651 [om3-impl-thread1] INFO impl.RoleInfo: om3: start om3@group-D66704EFC61C-FollowerState
om1_1       | 2022-10-17 13:33:25,944 [Listener at om1/9862] INFO server.RaftServer: om1: start RPC server
om2_1       | 2022-10-17 13:33:32,944 [om2@group-D66704EFC61C-LeaderElection1] INFO impl.RoleInfo: om2: shutdown om2@group-D66704EFC61C-LeaderElection1
s3g_1       | 	at org.glassfish.jersey.internal.Errors$1.call(Errors.java:248)
datanode_3  | 2022-10-17 13:32:35,067 [EndpointStateMachine task thread for scm3/172.18.0.8:9861 - 0 ] WARN statemachine.EndpointStateMachine: Unable to communicate to SCM server at scm3:9861 for past 0 seconds.
recon_1     | 	at org.apache.hadoop.ipc.Server$Call.doResponse(Server.java:917)
scm3_1      | 2022-10-17 13:32:48,237 [main] INFO BackgroundPipelineScrubber: Starting BackgroundPipelineScrubber Service.
scm2_1      | 2022-10-17 13:32:37,882 [pool-16-thread-1] INFO server.RaftServerConfigKeys: raft.server.retrycache.statistics.expirytime = 100?s (default)
om1_1       | 2022-10-17 13:33:26,213 [Listener at om1/9862] INFO server.GrpcService: om1: GrpcService started, listening on 9872
scm1_1      | STARTUP_MSG: Starting StorageContainerManager
datanode_2  | 2022-10-17 13:32:50,126 [EndpointStateMachine task thread for scm3/172.18.0.8:9861 - 0 ] INFO ipc.Client: Retrying connect to server: scm3/172.18.0.8:9861. Already tried 13 time(s); retry policy is RetryUpToMaximumCountWithFixedSleep(maxRetries=15, sleepTime=1000 MILLISECONDS)
om2_1       | 2022-10-17 13:33:32,945 [om2@group-D66704EFC61C-LeaderElection1] INFO impl.RoleInfo: om2: start om2@group-D66704EFC61C-FollowerState
om3_1       | 2022-10-17 13:33:25,656 [om3-impl-thread1] INFO util.JmxRegister: Successfully registered JMX Bean with object name Ratis:service=RaftServer,group=group-D66704EFC61C,id=om3
s3g_1       | 	at org.glassfish.jersey.internal.Errors$1.call(Errors.java:244)
datanode_3  | java.net.ConnectException: Call From 26059d124682/172.18.0.5 to scm3:9861 failed on connection exception: java.net.ConnectException: Connection refused; For more details see:  http://wiki.apache.org/hadoop/ConnectionRefused
recon_1     | 	at org.apache.hadoop.ipc.Server$Call.sendResponse(Server.java:903)
scm3_1      | 2022-10-17 13:32:48,239 [main] INFO ha.SCMServiceManager: Registering service BackgroundPipelineScrubber.
scm2_1      | 2022-10-17 13:32:37,913 [pool-16-thread-1] INFO server.RaftServerConfigKeys: raft.server.log.appender.install.snapshot.enabled = false (custom)
om1_1       | 2022-10-17 13:33:26,233 [Listener at om1/9862] INFO om.OzoneManager: Version File has different layout version (3) than OM DB (null). That is expected if this OM has never been finalized to a newer layout version.
scm1_1      | STARTUP_MSG:   host = 720dd92ec33f/172.18.0.2
datanode_2  | 2022-10-17 13:32:53,051 [EndpointStateMachine task thread for scm3/172.18.0.8:9861 - 0 ] INFO ozoneimpl.OzoneContainer: Ignore. OzoneContainer already started.
