datanode_2  | 2020-12-21 16:38:27,899 [java.util.concurrent.ThreadPoolExecutor$Worker@db81803[State = -1, empty queue]] WARN server.GrpcLogAppender: ec956fef-022a-4e11-a406-1dfa86e0929f@group-A46A69316625->f51f9b24-50fc-42fe-a5a3-4a6169b8a6f2-GrpcLogAppender:  appendEntries Timeout, request=AppendEntriesRequest:cid=1057,entriesCount=1,lastEntry=(t:1, i:20)
datanode_2  | 2020-12-21 16:38:31,947 [java.util.concurrent.ThreadPoolExecutor$Worker@db81803[State = -1, empty queue]] WARN server.GrpcLogAppender: ec956fef-022a-4e11-a406-1dfa86e0929f@group-A46A69316625->f51f9b24-50fc-42fe-a5a3-4a6169b8a6f2-GrpcLogAppender:  appendEntries Timeout, request=AppendEntriesRequest:cid=1310,entriesCount=1,lastEntry=(t:1, i:21)
s3g_1       | STARTUP_MSG:   classpath = /etc/hadoop:/opt/hadoop/share/hadoop/common/*:/opt/hadoop/share/ozone/lib/hadoop-ozone-interface-client-1.1.0-SNAPSHOT.jar:/opt/hadoop/share/ozone/lib/kerb-simplekdc-1.0.1.jar:/opt/hadoop/share/ozone/lib/okhttp-4.2.2.jar:/opt/hadoop/share/ozone/lib/hk2-utils-2.5.0.jar:/opt/hadoop/share/ozone/lib/jackson-databind-2.10.3.jar:/opt/hadoop/share/ozone/lib/slf4j-log4j12-1.7.30.jar:/opt/hadoop/share/ozone/lib/protobuf-java-2.5.0.jar:/opt/hadoop/share/ozone/lib/bcpkix-jdk15on-1.60.jar:/opt/hadoop/share/ozone/lib/log4j-api-2.13.3.jar:/opt/hadoop/share/ozone/lib/ratis-proto-1.1.0-913f5a4-SNAPSHOT.jar:/opt/hadoop/share/ozone/lib/jetty-util-ajax-9.4.34.v20201102.jar:/opt/hadoop/share/ozone/lib/commons-validator-1.6.jar:/opt/hadoop/share/ozone/lib/aopalliance-repackaged-2.5.0.jar:/opt/hadoop/share/ozone/lib/jaxb-impl-2.3.0.1.jar:/opt/hadoop/share/ozone/lib/kotlin-stdlib-common-1.3.50.jar:/opt/hadoop/share/ozone/lib/javax.interceptor-api-1.2.jar:/opt/hadoop/share/ozone/lib/kerb-core-1.0.1.jar:/opt/hadoop/share/ozone/lib/picocli-4.4.0.jar:/opt/hadoop/share/ozone/lib/jsr305-3.0.0.jar:/opt/hadoop/share/ozone/lib/javassist-3.22.0-CR2.jar:/opt/hadoop/share/ozone/lib/javax.el-api-3.0.0.jar:/opt/hadoop/share/ozone/lib/hadoop-ozone-client-1.1.0-SNAPSHOT.jar:/opt/hadoop/share/ozone/lib/j2objc-annotations-1.3.jar:/opt/hadoop/share/ozone/lib/jetty-http-9.4.34.v20201102.jar:/opt/hadoop/share/ozone/lib/leveldbjni-all-1.8.jar:/opt/hadoop/share/ozone/lib/jaeger-tracerresolver-1.2.0.jar:/opt/hadoop/share/ozone/lib/hadoop-auth-3.2.1.jar:/opt/hadoop/share/ozone/lib/hadoop-hdds-interface-server-1.1.0-SNAPSHOT.jar:/opt/hadoop/share/ozone/lib/jaxb-api-2.3.0.jar:/opt/hadoop/share/ozone/lib/htrace-core4-4.1.0-incubating.jar:/opt/hadoop/share/ozone/lib/kerb-util-1.0.1.jar:/opt/hadoop/share/ozone/lib/jetty-server-9.4.34.v20201102.jar:/opt/hadoop/share/ozone/lib/jaeger-thrift-1.2.0.jar:/opt/hadoop/share/ozone/lib/commons-logging-1.2.jar:/opt/hadoop/share/ozone/lib/jetty-xml-9.4.34.v20201102.jar:/opt/hadoop/share/ozone/lib/jakarta.inject-2.5.0.jar:/opt/hadoop/share/ozone/lib/kerby-xdr-1.0.1.jar:/opt/hadoop/share/ozone/lib/jetty-io-9.4.34.v20201102.jar:/opt/hadoop/share/ozone/lib/validation-api-1.1.0.Final.jar:/opt/hadoop/share/ozone/lib/httpcore-4.4.13.jar:/opt/hadoop/share/ozone/lib/opentracing-tracerresolver-0.1.8.jar:/opt/hadoop/share/ozone/lib/commons-net-3.6.jar:/opt/hadoop/share/ozone/lib/snakeyaml-1.26.jar:/opt/hadoop/share/ozone/lib/jaeger-core-1.2.0.jar:/opt/hadoop/share/ozone/lib/error_prone_annotations-2.2.0.jar:/opt/hadoop/share/ozone/lib/jetty-webapp-9.4.34.v20201102.jar:/opt/hadoop/share/ozone/lib/jackson-module-jaxb-annotations-2.10.3.jar:/opt/hadoop/share/ozone/lib/ratis-thirdparty-misc-0.6.0-SNAPSHOT.jar:/opt/hadoop/share/ozone/lib/httpclient-4.5.13.jar:/opt/hadoop/share/ozone/lib/ratis-server-1.1.0-913f5a4-SNAPSHOT.jar:/opt/hadoop/share/ozone/lib/jersey-container-servlet-core-2.27.jar:/opt/hadoop/share/ozone/lib/okio-2.2.2.jar:/opt/hadoop/share/ozone/lib/kerby-config-1.0.1.jar:/opt/hadoop/share/ozone/lib/metrics-core-3.2.4.jar:/opt/hadoop/share/ozone/lib/guava-28.2-jre.jar:/opt/hadoop/share/ozone/lib/kerby-pkix-1.0.1.jar:/opt/hadoop/share/ozone/lib/cdi-api-1.2.jar:/opt/hadoop/share/ozone/lib/xz-1.0.jar:/opt/hadoop/share/ozone/lib/activation-1.1.1.jar:/opt/hadoop/share/ozone/lib/javax.inject-2.5.0-b42.jar:/opt/hadoop/share/ozone/lib/hadoop-hdds-client-1.1.0-SNAPSHOT.jar:/opt/hadoop/share/ozone/lib/jetty-servlet-9.4.34.v20201102.jar:/opt/hadoop/share/ozone/lib/jersey-client-2.27.jar:/opt/hadoop/share/ozone/lib/commons-beanutils-1.9.4.jar:/opt/hadoop/share/ozone/lib/hk2-api-2.5.0.jar:/opt/hadoop/share/ozone/lib/javax.inject-1.jar:/opt/hadoop/share/ozone/lib/osgi-resource-locator-1.0.1.jar:/opt/hadoop/share/ozone/lib/kerb-server-1.0.1.jar:/opt/hadoop/share/ozone/lib/javax.servlet-api-3.1.0.jar:/opt/hadoop/share/ozone/lib/kerb-client-1.0.1.jar:/opt/hadoop/share/ozone/lib/ratis-metrics-1.1.0-913f5a4-SNAPSHOT.jar:/opt/hadoop/share/ozone/lib/jersey-server-2.27.jar:/opt/hadoop/share/ozone/lib/disruptor-3.4.2.jar:/opt/hadoop/share/ozone/lib/libthrift-0.13.0.jar:/opt/hadoop/share/ozone/lib/log4j-core-2.13.3.jar:/opt/hadoop/share/ozone/lib/jersey-cdi1x-2.27.jar:/opt/hadoop/share/ozone/lib/annotations-13.0.jar:/opt/hadoop/share/ozone/lib/simpleclient_common-0.7.0.jar:/opt/hadoop/share/ozone/lib/dnsjava-2.1.7.jar:/opt/hadoop/share/ozone/lib/jackson-annotations-2.10.3.jar:/opt/hadoop/share/ozone/lib/commons-configuration2-2.1.1.jar:/opt/hadoop/share/ozone/lib/json-smart-2.3.jar:/opt/hadoop/share/ozone/lib/token-provider-1.0.1.jar:/opt/hadoop/share/ozone/lib/log4j-1.2.17.jar:/opt/hadoop/share/ozone/lib/commons-daemon-1.0.13.jar:/opt/hadoop/share/ozone/lib/listenablefuture-9999.0-empty-to-avoid-conflict-with-guava.jar:/opt/hadoop/share/ozone/lib/jetty-security-9.4.34.v20201102.jar:/opt/hadoop/share/ozone/lib/bcprov-jdk15on-1.60.jar:/opt/hadoop/share/ozone/lib/hadoop-hdds-config-1.1.0-SNAPSHOT.jar:/opt/hadoop/share/ozone/lib/javax.ws.rs-api-2.1.jar:/opt/hadoop/share/ozone/lib/ratis-grpc-1.1.0-913f5a4-SNAPSHOT.jar:/opt/hadoop/share/ozone/lib/hadoop-hdds-common-1.1.0-SNAPSHOT.jar:/opt/hadoop/share/ozone/lib/hadoop-hdfs-client-3.2.1.jar:/opt/hadoop/share/ozone/lib/commons-lang3-3.7.jar:/opt/hadoop/share/ozone/lib/commons-compress-1.4.1.jar:/opt/hadoop/share/ozone/lib/accessors-smart-1.2.jar:/opt/hadoop/share/ozone/lib/re2j-1.1.jar:/opt/hadoop/share/ozone/lib/hadoop-hdfs-3.2.1.jar:/opt/hadoop/share/ozone/lib/commons-math3-3.1.1.jar:/opt/hadoop/share/ozone/lib/simpleclient_dropwizard-0.7.0.jar:/opt/hadoop/share/ozone/lib/simpleclient-0.7.0.jar:/opt/hadoop/share/ozone/lib/hadoop-common-3.2.1.jar:/opt/hadoop/share/ozone/lib/rocksdbjni-6.8.1.jar:/opt/hadoop/share/ozone/lib/asm-5.0.4.jar:/opt/hadoop/share/ozone/lib/kerby-util-1.0.1.jar:/opt/hadoop/share/ozone/lib/jackson-dataformat-xml-2.10.3.jar:/opt/hadoop/share/ozone/lib/failureaccess-1.0.1.jar:/opt/hadoop/share/ozone/lib/jsp-api-2.1.jar:/opt/hadoop/share/ozone/lib/jsch-0.1.54.jar:/opt/hadoop/share/ozone/lib/jakarta.activation-api-1.2.1.jar:/opt/hadoop/share/ozone/lib/slf4j-api-1.7.30.jar:/opt/hadoop/share/ozone/lib/jakarta.annotation-api-1.3.4.jar:/opt/hadoop/share/ozone/lib/nimbus-jose-jwt-7.9.jar:/opt/hadoop/share/ozone/lib/kotlin-stdlib-1.3.50.jar:/opt/hadoop/share/ozone/lib/commons-codec-1.11.jar:/opt/hadoop/share/ozone/lib/commons-pool2-2.6.0.jar:/opt/hadoop/share/ozone/lib/jackson-datatype-jsr310-2.10.3.jar:/opt/hadoop/share/ozone/lib/gson-2.2.4.jar:/opt/hadoop/share/ozone/lib/opentracing-api-0.33.0.jar:/opt/hadoop/share/ozone/lib/ratis-common-1.1.0-913f5a4-SNAPSHOT.jar:/opt/hadoop/share/ozone/lib/jcip-annotations-1.0-1.jar:/opt/hadoop/share/ozone/lib/kerb-admin-1.0.1.jar:/opt/hadoop/share/ozone/lib/commons-io-2.5.jar:/opt/hadoop/share/ozone/lib/opentracing-noop-0.33.0.jar:/opt/hadoop/share/ozone/lib/checker-qual-2.10.0.jar:/opt/hadoop/share/ozone/lib/hk2-locator-2.5.0-b42.jar:/opt/hadoop/share/ozone/lib/hadoop-ozone-common-1.1.0-SNAPSHOT.jar:/opt/hadoop/share/ozone/lib/ratis-client-1.1.0-913f5a4-SNAPSHOT.jar:/opt/hadoop/share/ozone/lib/opentracing-util-0.33.0.jar:/opt/hadoop/share/ozone/lib/jakarta.xml.bind-api-2.3.2.jar:/opt/hadoop/share/ozone/lib/commons-cli-1.2.jar:/opt/hadoop/share/ozone/lib/ratis-netty-1.1.0-913f5a4-SNAPSHOT.jar:/opt/hadoop/share/ozone/lib/woodstox-core-5.0.3.jar:/opt/hadoop/share/ozone/lib/javax.annotation-api-1.2.jar:/opt/hadoop/share/ozone/lib/hadoop-hdds-interface-client-1.1.0-SNAPSHOT.jar:/opt/hadoop/share/ozone/lib/jersey-media-jaxb-2.27.jar:/opt/hadoop/share/ozone/lib/kerby-asn1-1.0.1.jar:/opt/hadoop/share/ozone/lib/hadoop-hdds-hadoop-dependency-client-1.1.0-SNAPSHOT.jar:/opt/hadoop/share/ozone/lib/jersey-hk2-2.27.jar:/opt/hadoop/share/ozone/lib/stax2-api-3.1.4.jar:/opt/hadoop/share/ozone/lib/commons-digester-1.8.1.jar:/opt/hadoop/share/ozone/lib/commons-collections-3.2.2.jar:/opt/hadoop/share/ozone/lib/jackson-core-2.10.3.jar:/opt/hadoop/share/ozone/lib/commons-text-1.4.jar:/opt/hadoop/share/ozone/lib/jetty-util-9.4.34.v20201102.jar:/opt/hadoop/share/ozone/lib/jersey-common-2.27.jar:/opt/hadoop/share/ozone/lib/hadoop-hdds-server-framework-1.1.0-SNAPSHOT.jar:/opt/hadoop/share/ozone/lib/weld-servlet-2.4.7.Final.jar:/opt/hadoop/share/ozone/lib/kerb-identity-1.0.1.jar:/opt/hadoop/share/ozone/lib/hadoop-hdds-hadoop-dependency-server-1.1.0-SNAPSHOT.jar:/opt/hadoop/share/ozone/lib/jaeger-client-1.2.0.jar:/opt/hadoop/share/ozone/lib/jaxb-core-2.3.0.1.jar:/opt/hadoop/share/ozone/lib/kerb-common-1.0.1.jar:/opt/hadoop/share/ozone/lib/hadoop-hdds-interface-admin-1.1.0-SNAPSHOT.jar:/opt/hadoop/share/ozone/lib/kerb-crypto-1.0.1.jar:/opt/hadoop/share/ozone/lib/hadoop-annotations-3.2.1.jar:/opt/hadoop/share/ozone/web:/opt/hadoop/share/ozone/lib/hadoop-ozone-s3gateway-1.1.0-SNAPSHOT.jar
scm_1       | 2020-12-21 16:35:48,764 [main] INFO pipeline.SCMPipelineManager: No pipeline exists in current db
scm_1       | 2020-12-21 16:35:48,853 [main] INFO algorithms.PipelineChoosePolicyFactory: Create pipeline choose policy of type org.apache.hadoop.hdds.scm.pipeline.choose.algorithms.RandomPipelineChoosePolicy
datanode_1  | GC pool 'ParNew' had collection(s): count=3 time=264ms
datanode_1  | 2020-12-21 16:36:52,979 [org.apache.ratis.server.JvmPauseMonitor@451ddfc0-Monitor] WARN server.JvmPauseMonitor: Detected pause in JVM or host machine (eg GC): pause of approximately 19ms
datanode_3  | GC pool 'ParNew' had collection(s): count=18 time=663ms
datanode_3  | GC pool 'ConcurrentMarkSweep' had collection(s): count=1 time=20ms
datanode_2  | 2020-12-21 16:38:31,963 [java.util.concurrent.ThreadPoolExecutor$Worker@db81803[State = -1, empty queue]] WARN server.GrpcLogAppender: ec956fef-022a-4e11-a406-1dfa86e0929f@group-A46A69316625->f51f9b24-50fc-42fe-a5a3-4a6169b8a6f2-GrpcLogAppender:  appendEntries Timeout, request=AppendEntriesRequest:cid=1311,entriesCount=1,lastEntry=(t:1, i:22)
om2_1       | 2020-12-21 16:36:18,681 [Listener at om2/9862] INFO handler.ContextHandler: Started o.e.j.s.ServletContextHandler@726e29d{logs,/logs,file:///var/log/hadoop/,AVAILABLE}
s3g_1       | STARTUP_MSG:   build = https://github.com/apache/ozone/c958bfb4070aab1068d7e455792957fc116a31fc ; compiled by 'runner' on 2020-12-21T16:02Z
s3g_1       | STARTUP_MSG:   java = 11.0.7
s3g_1       | ************************************************************/
datanode_1  | GC pool 'ParNew' had collection(s): count=4 time=318ms
scm_1       | 2020-12-21 16:35:48,960 [main] INFO safemode.HealthyPipelineSafeModeRule: Total pipeline count is 0, healthy pipeline threshold count is 1
scm_1       | 2020-12-21 16:35:48,965 [main] INFO safemode.OneReplicaPipelineSafeModeRule: Total pipeline count is 0, pipeline's with at least one datanode reported threshold count is 0
datanode_2  | 2020-12-21 16:38:32,006 [java.util.concurrent.ThreadPoolExecutor$Worker@db81803[State = -1, empty queue]] WARN server.GrpcLogAppender: ec956fef-022a-4e11-a406-1dfa86e0929f@group-A46A69316625->f51f9b24-50fc-42fe-a5a3-4a6169b8a6f2-GrpcLogAppender:  appendEntries Timeout, request=AppendEntriesRequest:cid=1312,entriesCount=1,lastEntry=(t:1, i:23)
datanode_2  | 2020-12-21 16:38:32,085 [java.util.concurrent.ThreadPoolExecutor$Worker@db81803[State = -1, empty queue]] WARN server.GrpcLogAppender: ec956fef-022a-4e11-a406-1dfa86e0929f@group-A46A69316625->f51f9b24-50fc-42fe-a5a3-4a6169b8a6f2-GrpcLogAppender:  appendEntries Timeout, request=AppendEntriesRequest:cid=1313,entriesCount=1,lastEntry=(t:1, i:24)
datanode_2  | 2020-12-21 16:38:32,100 [java.util.concurrent.ThreadPoolExecutor$Worker@db81803[State = -1, empty queue]] WARN server.GrpcLogAppender: ec956fef-022a-4e11-a406-1dfa86e0929f@group-A46A69316625->f51f9b24-50fc-42fe-a5a3-4a6169b8a6f2-GrpcLogAppender:  appendEntries Timeout, request=AppendEntriesRequest:cid=1315,entriesCount=1,lastEntry=(t:1, i:25)
datanode_2  | 2020-12-21 16:38:32,108 [java.util.concurrent.ThreadPoolExecutor$Worker@db81803[State = -1, empty queue]] WARN server.GrpcLogAppender: ec956fef-022a-4e11-a406-1dfa86e0929f@group-A46A69316625->f51f9b24-50fc-42fe-a5a3-4a6169b8a6f2-GrpcLogAppender:  appendEntries Timeout, request=AppendEntriesRequest:cid=1316,entriesCount=1,lastEntry=(t:1, i:26)
om2_1       | 2020-12-21 16:36:18,714 [Listener at om2/9862] INFO handler.ContextHandler: Started o.e.j.s.ServletContextHandler@7fb1820d{static,/static,jar:file:/opt/hadoop/share/ozone/lib/hadoop-ozone-ozone-manager-1.1.0-SNAPSHOT.jar!/webapps/static,AVAILABLE}
om2_1       | 2020-12-21 16:36:19,175 [org.apache.ratis.server.JvmPauseMonitor@1b881f1f-Monitor] WARN server.JvmPauseMonitor: Detected pause in JVM or host machine (eg GC): pause of approximately 3ms
om3_1       | 2020-12-21 16:36:16,478 [pool-17-thread-1] INFO server.RaftServerConfigKeys: raft.server.log.statemachine.data.sync.timeout = 10s (default)
scm_1       | 2020-12-21 16:35:50,457 [main] INFO ipc.CallQueueManager: Using callQueue: class java.util.concurrent.LinkedBlockingQueue, queueCapacity: 10000, scheduler: class org.apache.hadoop.ipc.DefaultRpcScheduler, ipcBackoff: false.
scm_1       | 2020-12-21 16:35:50,491 [Socket Reader #1 for port 9861] INFO ipc.Server: Starting Socket Reader #1 for port 9861
scm_1       | 2020-12-21 16:35:50,589 [Listener at 0.0.0.0/9861] INFO ipc.CallQueueManager: Using callQueue: class java.util.concurrent.LinkedBlockingQueue, queueCapacity: 10000, scheduler: class org.apache.hadoop.ipc.DefaultRpcScheduler, ipcBackoff: false.
om1_1       | 2020-12-21 16:36:20,208 [om1@group-562213E44849-LeaderElection1] INFO impl.RaftServerImpl: om1@group-562213E44849: changes role from CANDIDATE to FOLLOWER at term 2 for DISCOVERED_A_NEW_TERM
s3g_1       | 2020-12-21 16:35:26,324 [main] INFO s3.Gateway: registered UNIX signal handlers for [TERM, HUP, INT]
s3g_1       | 2020-12-21 16:35:26,678 [main] INFO s3.Gateway: Starting Ozone S3 gateway
s3g_1       | 2020-12-21 16:35:26,740 [main] INFO http.HttpServer2: Jetty bound to port 9878
s3g_1       | 2020-12-21 16:35:26,741 [main] INFO server.Server: jetty-9.4.34.v20201102; built: 2020-11-02T14:15:39.302Z; git: e46af88704a893fc12cb0e3bf46e2c7b48a009e7; jvm 11.0.7+10-LTS
om3_1       | 2020-12-21 16:36:16,484 [pool-17-thread-1] INFO server.RaftServerConfigKeys: raft.server.log.statemachine.data.sync.timeout.retry = -1 (default)
scm_1       | 2020-12-21 16:35:50,603 [Socket Reader #1 for port 9863] INFO ipc.Server: Starting Socket Reader #1 for port 9863
scm_1       | 2020-12-21 16:35:50,648 [Listener at 0.0.0.0/9863] INFO ipc.CallQueueManager: Using callQueue: class java.util.concurrent.LinkedBlockingQueue, queueCapacity: 10000, scheduler: class org.apache.hadoop.ipc.DefaultRpcScheduler, ipcBackoff: false.
om1_1       | 2020-12-21 16:36:20,208 [om1@group-562213E44849-LeaderElection1] INFO impl.RoleInfo: om1: shutdown om1@group-562213E44849-LeaderElection1
om1_1       | 2020-12-21 16:36:20,210 [om1@group-562213E44849-LeaderElection1] INFO impl.RoleInfo: om1: start om1@group-562213E44849-FollowerState
om1_1       | 2020-12-21 16:36:20,262 [grpc-default-executor-0] INFO impl.RaftServerImpl: om1@group-562213E44849: changes role from  FOLLOWER to FOLLOWER at term 3 for recognizeCandidate:om2
om1_1       | 2020-12-21 16:36:20,262 [grpc-default-executor-0] INFO impl.RoleInfo: om1: shutdown om1@group-562213E44849-FollowerState
om1_1       | 2020-12-21 16:36:20,262 [grpc-default-executor-0] INFO impl.RoleInfo: om1: start om1@group-562213E44849-FollowerState
s3g_1       | 2020-12-21 16:35:27,028 [main] INFO server.session: DefaultSessionIdManager workerName=node0
om3_1       | 2020-12-21 16:36:16,558 [pool-17-thread-1] INFO server.RaftServerConfigKeys: raft.server.log.statemachine.data.caching.enabled = false (default)
scm_1       | 2020-12-21 16:35:50,650 [Socket Reader #1 for port 9860] INFO ipc.Server: Starting Socket Reader #1 for port 9860
scm_1       | 2020-12-21 16:35:50,681 [Listener at 0.0.0.0/9860] INFO http.BaseHttpServer: Starting Web-server for scm at: http://0.0.0.0:9876
om2_1       | GC pool 'ParNew' had collection(s): count=1 time=38ms
om2_1       | GC pool 'ConcurrentMarkSweep' had collection(s): count=1 time=87ms
om2_1       | 2020-12-21 16:36:19,192 [om2@group-562213E44849-LeaderElection1] INFO impl.LeaderElection: om2@group-562213E44849-LeaderElection1: Election TIMEOUT; received 0 response(s) [] and 0 exception(s); om2@group-562213E44849:t1, leader=null, voted=om2, raftlog=om2@group-562213E44849-SegmentedRaftLog:OPENED:c-1,f-1,i0, conf=-1: [om1|rpc:om1:9872, om3|rpc:om3:9872, om2|rpc:om2:9872], old=null
om2_1       | 2020-12-21 16:36:19,195 [om2@group-562213E44849-LeaderElection1] INFO impl.LeaderElection: om2@group-562213E44849-LeaderElection1: begin an election at term 2 for -1: [om1|rpc:om1:9872, om3|rpc:om3:9872, om2|rpc:om2:9872], old=null
om2_1       | 2020-12-21 16:36:19,195 [Listener at om2/9862] INFO handler.ContextHandler: Started o.e.j.w.WebAppContext@22a8c837{ozoneManager,/,file:///tmp/jetty-0_0_0_0-9874-hadoop-ozone-ozone-manager-1_1_0-SNAPSHOT_jar-_-any-5878390600158038592/webapp/,AVAILABLE}{jar:file:/opt/hadoop/share/ozone/lib/hadoop-ozone-ozone-manager-1.1.0-SNAPSHOT.jar!/webapps/ozoneManager}
om2_1       | 2020-12-21 16:36:19,223 [Listener at om2/9862] INFO server.AbstractConnector: Started ServerConnector@6802c10e{HTTP/1.1, (http/1.1)}{0.0.0.0:9874}
om2_1       | 2020-12-21 16:36:19,227 [Listener at om2/9862] INFO server.Server: Started @25769ms
om2_1       | 2020-12-21 16:36:19,242 [Listener at om2/9862] INFO impl.MetricsSinkAdapter: Sink prometheus started
om2_1       | 2020-12-21 16:36:19,242 [Listener at om2/9862] INFO impl.MetricsSystemImpl: Registered sink prometheus
om2_1       | 2020-12-21 16:36:19,267 [Listener at om2/9862] INFO http.BaseHttpServer: HTTP server of ozoneManager listening at http://0.0.0.0:9874
om2_1       | 2020-12-21 16:36:19,272 [IPC Server listener on 9862] INFO ipc.Server: IPC Server listener on 9862: starting
om2_1       | 2020-12-21 16:36:19,276 [IPC Server Responder] INFO ipc.Server: IPC Server Responder: starting
s3g_1       | 2020-12-21 16:35:27,039 [main] INFO server.session: No SessionScavenger set, using defaults
s3g_1       | 2020-12-21 16:35:27,042 [main] INFO server.session: node0 Scavenging every 600000ms
s3g_1       | 2020-12-21 16:35:27,269 [main] INFO handler.ContextHandler: Started o.e.j.s.ServletContextHandler@256f8274{logs,/logs,file:///var/log/hadoop/,AVAILABLE}
datanode_2  | 2020-12-21 16:38:35,024 [org.apache.ratis.server.JvmPauseMonitor@54aa804c-Monitor] WARN server.JvmPauseMonitor: Detected pause in JVM or host machine (eg GC): pause of approximately 3ms
datanode_2  | GC pool 'ParNew' had collection(s): count=12 time=390ms
datanode_2  | GC pool 'ConcurrentMarkSweep' had collection(s): count=1 time=97ms
datanode_2  | 2020-12-21 16:38:35,388 [java.util.concurrent.ThreadPoolExecutor$Worker@db81803[State = -1, empty queue]] WARN server.GrpcLogAppender: ec956fef-022a-4e11-a406-1dfa86e0929f@group-A46A69316625->f51f9b24-50fc-42fe-a5a3-4a6169b8a6f2-GrpcLogAppender:  appendEntries Timeout, request=AppendEntriesRequest:cid=1569,entriesCount=1,lastEntry=(t:1, i:27)
scm_1       | 2020-12-21 16:35:50,682 [Listener at 0.0.0.0/9860] INFO http.BaseHttpServer: Hadoop Security Enabled: false Ozone Security Enabled: false Ozone HTTP Security Enabled: false 
scm_1       | 2020-12-21 16:35:50,763 [Listener at 0.0.0.0/9860] INFO util.log: Logging initialized @21416ms to org.eclipse.jetty.util.log.Slf4jLog
scm_1       | 2020-12-21 16:35:51,115 [Listener at 0.0.0.0/9860] INFO server.AuthenticationFilter: Unable to initialize FileSignerSecretProvider, falling back to use random secrets.
s3g_1       | 2020-12-21 16:35:27,276 [main] INFO handler.ContextHandler: Started o.e.j.s.ServletContextHandler@7ac2e39b{static,/static,jar:file:/opt/hadoop/share/ozone/lib/hadoop-ozone-s3gateway-1.1.0-SNAPSHOT.jar!/webapps/static,AVAILABLE}
s3g_1       | WARNING: An illegal reflective access operation has occurred
om3_1       | 2020-12-21 16:36:16,592 [pool-17-thread-1] INFO segmented.SegmentedRaftLogWorker: om3@group-562213E44849-SegmentedRaftLogWorker: flushIndex: setUnconditionally 0 -> -1
scm_1       | 2020-12-21 16:35:51,154 [Listener at 0.0.0.0/9860] INFO http.HttpRequestLog: Http request log for http.requests.scm is not defined
scm_1       | 2020-12-21 16:35:51,186 [Listener at 0.0.0.0/9860] INFO http.HttpServer2: Added global filter 'safety' (class=org.apache.hadoop.hdds.server.http.HttpServer2$QuotingInputFilter)
om2_1       | 2020-12-21 16:36:19,564 [Listener at om2/9862] INFO om.OzoneManager: Trash Interval set to 0. Files deleted will not move to trash
datanode_2  | 2020-12-21 16:38:35,388 [java.util.concurrent.ThreadPoolExecutor$Worker@db81803[State = -1, empty queue]] WARN server.GrpcLogAppender: ec956fef-022a-4e11-a406-1dfa86e0929f@group-A46A69316625->f51f9b24-50fc-42fe-a5a3-4a6169b8a6f2-GrpcLogAppender:  appendEntries Timeout, request=AppendEntriesRequest:cid=1570,entriesCount=1,lastEntry=(t:1, i:28)
datanode_2  | 2020-12-21 16:38:35,399 [java.util.concurrent.ThreadPoolExecutor$Worker@db81803[State = -1, empty queue]] WARN server.GrpcLogAppender: ec956fef-022a-4e11-a406-1dfa86e0929f@group-A46A69316625->f51f9b24-50fc-42fe-a5a3-4a6169b8a6f2-GrpcLogAppender:  appendEntries Timeout, request=AppendEntriesRequest:cid=1571,entriesCount=1,lastEntry=(t:1, i:29)
datanode_2  | 2020-12-21 16:38:35,408 [java.util.concurrent.ThreadPoolExecutor$Worker@db81803[State = -1, empty queue]] WARN server.GrpcLogAppender: ec956fef-022a-4e11-a406-1dfa86e0929f@group-A46A69316625->f51f9b24-50fc-42fe-a5a3-4a6169b8a6f2-GrpcLogAppender:  appendEntries Timeout, request=AppendEntriesRequest:cid=1572,entriesCount=1,lastEntry=(t:1, i:30)
datanode_2  | 2020-12-21 16:38:41,317 [java.util.concurrent.ThreadPoolExecutor$Worker@db81803[State = -1, empty queue]] WARN server.GrpcLogAppender: ec956fef-022a-4e11-a406-1dfa86e0929f@group-A46A69316625->f51f9b24-50fc-42fe-a5a3-4a6169b8a6f2-GrpcLogAppender:  appendEntries Timeout, request=AppendEntriesRequest:cid=1822,entriesCount=1,lastEntry=(t:1, i:31)
datanode_2  | 2020-12-21 16:38:41,329 [java.util.concurrent.ThreadPoolExecutor$Worker@db81803[State = -1, empty queue]] WARN server.GrpcLogAppender: ec956fef-022a-4e11-a406-1dfa86e0929f@group-A46A69316625->f51f9b24-50fc-42fe-a5a3-4a6169b8a6f2-GrpcLogAppender:  appendEntries Timeout, request=AppendEntriesRequest:cid=1823,entriesCount=1,lastEntry=(t:1, i:32)
datanode_2  | 2020-12-21 16:38:41,330 [java.util.concurrent.ThreadPoolExecutor$Worker@db81803[State = -1, empty queue]] WARN server.GrpcLogAppender: ec956fef-022a-4e11-a406-1dfa86e0929f@group-A46A69316625->f51f9b24-50fc-42fe-a5a3-4a6169b8a6f2-GrpcLogAppender:  appendEntries Timeout, request=AppendEntriesRequest:cid=1824,entriesCount=1,lastEntry=(t:1, i:33)
datanode_2  | 2020-12-21 16:38:44,487 [java.util.concurrent.ThreadPoolExecutor$Worker@db81803[State = -1, empty queue]] WARN server.GrpcLogAppender: ec956fef-022a-4e11-a406-1dfa86e0929f@group-A46A69316625->f51f9b24-50fc-42fe-a5a3-4a6169b8a6f2-GrpcLogAppender:  appendEntries Timeout, request=AppendEntriesRequest:cid=2073,entriesCount=1,lastEntry=(t:1, i:34)
s3g_1       | WARNING: Illegal reflective access by org.jboss.weld.util.reflection.Formats (file:/opt/hadoop/share/ozone/lib/weld-servlet-2.4.7.Final.jar) to constructor com.sun.org.apache.bcel.internal.classfile.ClassParser(java.io.InputStream,java.lang.String)
s3g_1       | WARNING: Please consider reporting this to the maintainers of org.jboss.weld.util.reflection.Formats
s3g_1       | WARNING: Use --illegal-access=warn to enable warnings of further illegal reflective access operations
s3g_1       | WARNING: All illegal access operations will be denied in a future release
s3g_1       | Dec 21, 2020 4:35:46 PM org.glassfish.jersey.internal.Errors logErrors
s3g_1       | WARNING: The following warnings have been detected: WARNING: A HTTP GET method, public javax.ws.rs.core.Response org.apache.hadoop.ozone.s3.endpoint.ObjectEndpoint.get(java.lang.String,java.lang.String,java.lang.String,int,java.lang.String,java.io.InputStream) throws java.io.IOException,org.apache.hadoop.ozone.s3.exception.OS3Exception, should not consume any entity.
s3g_1       | 
om2_1       | 2020-12-21 16:36:19,629 [org.apache.hadoop.util.JvmPauseMonitor$Monitor@38318d67] INFO util.JvmPauseMonitor: Starting JVM pause monitor
om2_1       | 2020-12-21 16:36:19,885 [grpc-default-executor-1] INFO metrics.RatisMetrics: Creating Metrics Registry : ratis.server_message_metrics.om2
scm_1       | 2020-12-21 16:35:51,188 [Listener at 0.0.0.0/9860] INFO http.HttpServer2: Added filter static_user_filter (class=org.apache.hadoop.http.lib.StaticUserWebFilter$StaticUserFilter) to context scm
scm_1       | 2020-12-21 16:35:51,191 [Listener at 0.0.0.0/9860] INFO http.HttpServer2: Added filter static_user_filter (class=org.apache.hadoop.http.lib.StaticUserWebFilter$StaticUserFilter) to context logs
om1_1       | 2020-12-21 16:36:20,263 [grpc-default-executor-0] INFO impl.RaftServerImpl:  FOLLOWER om1@group-562213E44849:t3, leader=null, voted=null, raftlog=om1@group-562213E44849-SegmentedRaftLog:OPENED:c-1,f-1,i0, conf=-1: [om1|rpc:om1:9872, om3|rpc:om3:9872, om2|rpc:om2:9872], old=null RUNNING priority:0 candidate:om2|rpc:om2:9872 candidatePriority:0 compare:0
datanode_1  | 2020-12-21 16:36:53,988 [org.apache.ratis.server.JvmPauseMonitor@451ddfc0-Monitor] WARN server.JvmPauseMonitor: Detected pause in JVM or host machine (eg GC): pause of approximately 4ms
om2_1       | 2020-12-21 16:36:20,235 [om2@group-562213E44849-LeaderElection1] INFO impl.LeaderElection: om2@group-562213E44849-LeaderElection1: Election TIMEOUT; received 1 response(s) [om2<-om1#0:FAIL-t2] and 0 exception(s); om2@group-562213E44849:t2, leader=null, voted=om2, raftlog=om2@group-562213E44849-SegmentedRaftLog:OPENED:c-1,f-1,i0, conf=-1: [om1|rpc:om1:9872, om3|rpc:om3:9872, om2|rpc:om2:9872], old=null
om3_1       | 2020-12-21 16:36:16,593 [pool-17-thread-1] INFO segmented.SegmentedRaftLogWorker: om3@group-562213E44849-SegmentedRaftLogWorker: safeCacheEvictIndex: setUnconditionally 0 -> -1
om3_1       | 2020-12-21 16:36:16,608 [pool-17-thread-1] INFO server.RaftServerConfigKeys: raft.server.snapshot.auto.trigger.enabled = true (custom)
s3g_1       | 2020-12-21 16:35:46,992 [main] INFO handler.ContextHandler: Started o.e.j.w.WebAppContext@852ef8d{s3gateway,/,file:///tmp/jetty-0_0_0_0-9878-hadoop-ozone-s3gateway-1_1_0-SNAPSHOT_jar-_-any-10530692870365061808/webapp/,AVAILABLE}{jar:file:/opt/hadoop/share/ozone/lib/hadoop-ozone-s3gateway-1.1.0-SNAPSHOT.jar!/webapps/s3gateway}
om1_1       | 2020-12-21 16:36:20,273 [Thread-131] INFO impl.FollowerState: om1@group-562213E44849-FollowerState was interrupted: {}
om1_1       | java.lang.InterruptedException: sleep interrupted
om1_1       | 	at java.base/java.lang.Thread.sleep(Native Method)
datanode_2  | 2020-12-21 16:38:44,494 [java.util.concurrent.ThreadPoolExecutor$Worker@db81803[State = -1, empty queue]] WARN server.GrpcLogAppender: ec956fef-022a-4e11-a406-1dfa86e0929f@group-A46A69316625->f51f9b24-50fc-42fe-a5a3-4a6169b8a6f2-GrpcLogAppender:  appendEntries Timeout, request=AppendEntriesRequest:cid=2074,entriesCount=1,lastEntry=(t:1, i:35)
datanode_2  | 2020-12-21 16:38:44,499 [java.util.concurrent.ThreadPoolExecutor$Worker@db81803[State = -1, empty queue]] WARN server.GrpcLogAppender: ec956fef-022a-4e11-a406-1dfa86e0929f@group-A46A69316625->f51f9b24-50fc-42fe-a5a3-4a6169b8a6f2-GrpcLogAppender:  appendEntries Timeout, request=AppendEntriesRequest:cid=2075,entriesCount=1,lastEntry=(t:1, i:36)
datanode_2  | 2020-12-21 16:38:44,508 [java.util.concurrent.ThreadPoolExecutor$Worker@db81803[State = -1, empty queue]] WARN server.GrpcLogAppender: ec956fef-022a-4e11-a406-1dfa86e0929f@group-A46A69316625->f51f9b24-50fc-42fe-a5a3-4a6169b8a6f2-GrpcLogAppender:  appendEntries Timeout, request=AppendEntriesRequest:cid=2076,entriesCount=1,lastEntry=(t:1, i:37)
datanode_2  | 2020-12-21 16:38:50,103 [java.util.concurrent.ThreadPoolExecutor$Worker@db81803[State = -1, empty queue]] WARN server.GrpcLogAppender: ec956fef-022a-4e11-a406-1dfa86e0929f@group-A46A69316625->f51f9b24-50fc-42fe-a5a3-4a6169b8a6f2-GrpcLogAppender:  appendEntries Timeout, request=AppendEntriesRequest:cid=2328,entriesCount=1,lastEntry=(t:1, i:38)
datanode_2  | 2020-12-21 16:38:50,122 [java.util.concurrent.ThreadPoolExecutor$Worker@db81803[State = -1, empty queue]] WARN server.GrpcLogAppender: ec956fef-022a-4e11-a406-1dfa86e0929f@group-A46A69316625->f51f9b24-50fc-42fe-a5a3-4a6169b8a6f2-GrpcLogAppender:  appendEntries Timeout, request=AppendEntriesRequest:cid=2329,entriesCount=1,lastEntry=(t:1, i:39)
scm_1       | 2020-12-21 16:35:51,192 [Listener at 0.0.0.0/9860] INFO http.HttpServer2: Added filter static_user_filter (class=org.apache.hadoop.http.lib.StaticUserWebFilter$StaticUserFilter) to context static
s3g_1       | 2020-12-21 16:35:47,043 [main] INFO server.AbstractConnector: Started ServerConnector@3e7634b9{HTTP/1.1, (http/1.1)}{0.0.0.0:9878}
s3g_1       | 2020-12-21 16:35:47,056 [main] INFO server.Server: Started @33046ms
om2_1       | 2020-12-21 16:36:20,240 [om2@group-562213E44849-LeaderElection1] INFO impl.LeaderElection: om2@group-562213E44849-LeaderElection1: begin an election at term 3 for -1: [om1|rpc:om1:9872, om3|rpc:om3:9872, om2|rpc:om2:9872], old=null
om2_1       | 2020-12-21 16:36:20,288 [om2@group-562213E44849-LeaderElection1] INFO impl.LeaderElection: om2@group-562213E44849-LeaderElection1: Election PASSED; received 1 response(s) [om2<-om1#0:OK-t3] and 0 exception(s); om2@group-562213E44849:t3, leader=null, voted=om2, raftlog=om2@group-562213E44849-SegmentedRaftLog:OPENED:c-1,f-1,i0, conf=-1: [om1|rpc:om1:9872, om3|rpc:om3:9872, om2|rpc:om2:9872], old=null
om2_1       | 2020-12-21 16:36:20,291 [om2@group-562213E44849-LeaderElection1] INFO impl.RoleInfo: om2: shutdown om2@group-562213E44849-LeaderElection1
om2_1       | 2020-12-21 16:36:20,292 [om2@group-562213E44849-LeaderElection1] INFO impl.RaftServerImpl: om2@group-562213E44849: changes role from CANDIDATE to LEADER at term 3 for changeToLeader
om2_1       | 2020-12-21 16:36:20,293 [om2@group-562213E44849-LeaderElection1] INFO impl.RaftServerImpl: om2@group-562213E44849: change Leader from null to om2 at term 3 for becomeLeader, leader elected after 6087ms
scm_1       | 2020-12-21 16:35:51,233 [Listener at 0.0.0.0/9860] WARN http.BaseHttpServer: /prof java profiling servlet is activated. Not safe for production!
scm_1       | 2020-12-21 16:35:51,242 [Listener at 0.0.0.0/9860] INFO server.StorageContainerManager: StorageContainerLocationProtocol RPC server is listening at /0.0.0.0:9860
scm_1       | 2020-12-21 16:35:51,433 [Listener at 0.0.0.0/9860] INFO impl.MetricsConfig: Loaded properties from hadoop-metrics2.properties
scm_1       | 2020-12-21 16:35:51,518 [Listener at 0.0.0.0/9860] INFO impl.MetricsSystemImpl: Scheduled Metric snapshot period at 10 second(s).
scm_1       | 2020-12-21 16:35:51,519 [Listener at 0.0.0.0/9860] INFO impl.MetricsSystemImpl: StorageContainerManager metrics system started
scm_1       | 2020-12-21 16:35:51,926 [Listener at 0.0.0.0/9860] INFO server.SCMClientProtocolServer: RPC server for Client  is listening at /0.0.0.0:9860
s3g_1       | 2020-12-21 16:35:47,065 [main] INFO http.BaseHttpServer: HTTP server of s3gateway listening at http://0.0.0.0:9878
s3g_1       | 2020-12-21 16:36:44,599 [qtp1260634890-21] INFO rpc.RpcClient: Creating Bucket: s3v/bucket-46039, with Versioning false and Storage Type set to DISK and Encryption set to false 
om1_1       | 	at org.apache.ratis.util.JavaUtils.sleep(JavaUtils.java:250)
om1_1       | 	at org.apache.ratis.server.impl.FollowerState.run(FollowerState.java:116)
om2_1       | 2020-12-21 16:36:20,298 [om2@group-562213E44849-LeaderElection1] INFO server.RaftServerConfigKeys: raft.server.staging.catchup.gap = 1000 (default)
om2_1       | 2020-12-21 16:36:20,299 [om2@group-562213E44849-LeaderElection1] INFO server.RaftServerConfigKeys: raft.server.rpc.sleep.time = 25ms (default)
datanode_1  | GC pool 'ParNew' had collection(s): count=4 time=318ms
s3g_1       | 2020-12-21 16:36:45,025 [qtp1260634890-21] INFO endpoint.BucketEndpoint: Location is /bucket-46039
om1_1       | 2020-12-21 16:36:20,516 [grpc-default-executor-0] INFO impl.RaftServerImpl: om1@group-562213E44849: change Leader from null to om2 at term 3 for appendEntries, leader elected after 6174ms
om1_1       | 2020-12-21 16:36:20,557 [grpc-default-executor-0] INFO impl.RaftServerImpl: om1@group-562213E44849: set configuration 0: [om1|rpc:om1:9872|dataStream:, om3|rpc:om3:9872|dataStream:, om2|rpc:om2:9872|dataStream:], old=null at 0
datanode_2  | 2020-12-21 16:38:50,127 [java.util.concurrent.ThreadPoolExecutor$Worker@db81803[State = -1, empty queue]] WARN server.GrpcLogAppender: ec956fef-022a-4e11-a406-1dfa86e0929f@group-A46A69316625->f51f9b24-50fc-42fe-a5a3-4a6169b8a6f2-GrpcLogAppender:  appendEntries Timeout, request=AppendEntriesRequest:cid=2330,entriesCount=1,lastEntry=(t:1, i:40)
scm_1       | 2020-12-21 16:35:51,928 [IPC Server Responder] INFO ipc.Server: IPC Server Responder: starting
scm_1       | 2020-12-21 16:35:51,940 [IPC Server listener on 9860] INFO ipc.Server: IPC Server listener on 9860: starting
datanode_1  | GC pool 'ConcurrentMarkSweep' had collection(s): count=1 time=67ms
datanode_1  | 2020-12-21 16:37:32,008 [org.apache.ratis.server.JvmPauseMonitor@451ddfc0-Monitor] WARN server.JvmPauseMonitor: Detected pause in JVM or host machine (eg GC): pause of approximately 2ms
datanode_1  | GC pool 'ParNew' had collection(s): count=6 time=414ms
datanode_1  | GC pool 'ConcurrentMarkSweep' had collection(s): count=1 time=67ms
datanode_2  | 2020-12-21 16:38:50,240 [java.util.concurrent.ThreadPoolExecutor$Worker@db81803[State = -1, empty queue]] WARN server.GrpcLogAppender: ec956fef-022a-4e11-a406-1dfa86e0929f@group-A46A69316625->f51f9b24-50fc-42fe-a5a3-4a6169b8a6f2-GrpcLogAppender:  appendEntries Timeout, request=AppendEntriesRequest:cid=2331,entriesCount=1,lastEntry=(t:1, i:41)
om2_1       | 2020-12-21 16:36:20,303 [om2@group-562213E44849-LeaderElection1] INFO metrics.RatisMetrics: Creating Metrics Registry : ratis.log_appender.om2@group-562213E44849
om2_1       | 2020-12-21 16:36:20,308 [om2@group-562213E44849-LeaderElection1] INFO server.RaftServerConfigKeys: raft.server.write.element-limit = 4096 (default)
om2_1       | 2020-12-21 16:36:20,311 [om2@group-562213E44849-LeaderElection1] INFO server.RaftServerConfigKeys: raft.server.write.byte-limit = 64MB (=67108864) (default)
om3_1       | 2020-12-21 16:36:16,613 [pool-17-thread-1] INFO server.RaftServerConfigKeys: raft.server.snapshot.auto.trigger.threshold = 400000 (default)
datanode_1  | 2020-12-21 16:38:20,034 [org.apache.ratis.server.JvmPauseMonitor@451ddfc0-Monitor] WARN server.JvmPauseMonitor: Detected pause in JVM or host machine (eg GC): pause of approximately 2ms
om1_1       | 2020-12-21 16:36:20,586 [grpc-default-executor-0] INFO segmented.SegmentedRaftLogWorker: om1@group-562213E44849-SegmentedRaftLogWorker: Starting segment from index:0
om1_1       | 2020-12-21 16:36:20,795 [om1@group-562213E44849-SegmentedRaftLogWorker] INFO segmented.SegmentedRaftLogWorker: om1@group-562213E44849-SegmentedRaftLogWorker: created new log segment /data/metadata/ratis/fafe1b60-c241-37cc-98f4-562213e44849/current/log_inprogress_0
datanode_2  | 2020-12-21 16:38:50,249 [java.util.concurrent.ThreadPoolExecutor$Worker@db81803[State = -1, empty queue]] WARN server.GrpcLogAppender: ec956fef-022a-4e11-a406-1dfa86e0929f@group-A46A69316625->f51f9b24-50fc-42fe-a5a3-4a6169b8a6f2-GrpcLogAppender:  appendEntries Timeout, request=AppendEntriesRequest:cid=2332,entriesCount=1,lastEntry=(t:1, i:42)
om2_1       | 2020-12-21 16:36:20,328 [om2@group-562213E44849-LeaderElection1] INFO server.RaftServerConfigKeys: raft.server.watch.timeout = 10s (default)
om2_1       | 2020-12-21 16:36:20,329 [om2@group-562213E44849-LeaderElection1] INFO server.RaftServerConfigKeys: raft.server.watch.timeout.denomination = 1s (default)
om3_1       | 2020-12-21 16:36:16,620 [pool-17-thread-1] INFO server.RaftServerConfigKeys: raft.server.snapshot.retention.file.num = -1 (default)
om3_1       | 2020-12-21 16:36:16,621 [pool-17-thread-1] INFO server.RaftServerConfigKeys: raft.server.log.purge.upto.snapshot.index = true (custom)
om3_1       | 2020-12-21 16:36:16,621 [pool-17-thread-1] INFO server.RaftServerConfigKeys: raft.server.retrycache.expirytime = 300s (custom)
s3g_1       | 2020-12-21 16:36:48,636 [qtp1260634890-17] INFO rpc.RpcClient: Creating Bucket: s3v/bucket-92889, with Versioning false and Storage Type set to DISK and Encryption set to false 
s3g_1       | 2020-12-21 16:36:48,660 [qtp1260634890-17] INFO endpoint.BucketEndpoint: Location is /bucket-92889
s3g_1       | 2020-12-21 16:36:51,365 [qtp1260634890-24] INFO impl.MetricsConfig: Loaded properties from hadoop-metrics2.properties
s3g_1       | 2020-12-21 16:36:51,408 [qtp1260634890-24] INFO impl.MetricsSystemImpl: Scheduled Metric snapshot period at 10 second(s).
s3g_1       | 2020-12-21 16:36:51,408 [qtp1260634890-24] INFO impl.MetricsSystemImpl: XceiverClientMetrics metrics system started
s3g_1       | 2020-12-21 16:36:51,415 [qtp1260634890-24] WARN impl.MetricsSystemImpl: Sink prometheus already exists!
om2_1       | 2020-12-21 16:36:20,332 [om2@group-562213E44849-LeaderElection1] INFO server.RaftServerConfigKeys: raft.server.watch.element-limit = 65536 (default)
s3g_1       | 2020-12-21 16:36:51,795 [qtp1260634890-24] INFO metrics.MetricRegistries: Loaded MetricRegistries class org.apache.ratis.metrics.impl.MetricRegistriesImpl
s3g_1       | 2020-12-21 16:36:51,795 [qtp1260634890-24] INFO metrics.RatisMetrics: Creating Metrics Registry : ratis.client_message_metrics.client-DF8A4A807E3B->ec956fef-022a-4e11-a406-1dfa86e0929f
datanode_1  | GC pool 'ParNew' had collection(s): count=9 time=562ms
om1_1       | 2020-12-21 16:36:21,474 [org.apache.ratis.server.JvmPauseMonitor@1b881f1f-Monitor] WARN server.JvmPauseMonitor: Detected pause in JVM or host machine (eg GC): pause of approximately 3ms
datanode_2  | 2020-12-21 16:38:50,249 [java.util.concurrent.ThreadPoolExecutor$Worker@db81803[State = -1, empty queue]] WARN server.GrpcLogAppender: ec956fef-022a-4e11-a406-1dfa86e0929f@group-A46A69316625->f51f9b24-50fc-42fe-a5a3-4a6169b8a6f2-GrpcLogAppender:  appendEntries Timeout, request=AppendEntriesRequest:cid=2333,entriesCount=1,lastEntry=(t:1, i:43)
datanode_2  | 2020-12-21 16:38:53,593 [java.util.concurrent.ThreadPoolExecutor$Worker@db81803[State = -1, empty queue]] WARN server.GrpcLogAppender: ec956fef-022a-4e11-a406-1dfa86e0929f@group-A46A69316625->f51f9b24-50fc-42fe-a5a3-4a6169b8a6f2-GrpcLogAppender:  appendEntries Timeout, request=AppendEntriesRequest:cid=2583,entriesCount=1,lastEntry=(t:1, i:44)
datanode_2  | 2020-12-21 16:38:53,594 [java.util.concurrent.ThreadPoolExecutor$Worker@db81803[State = -1, empty queue]] WARN server.GrpcLogAppender: ec956fef-022a-4e11-a406-1dfa86e0929f@group-A46A69316625->f51f9b24-50fc-42fe-a5a3-4a6169b8a6f2-GrpcLogAppender:  appendEntries Timeout, request=AppendEntriesRequest:cid=2584,entriesCount=1,lastEntry=(t:1, i:45)
datanode_2  | 2020-12-21 16:38:53,603 [java.util.concurrent.ThreadPoolExecutor$Worker@db81803[State = -1, empty queue]] WARN server.GrpcLogAppender: ec956fef-022a-4e11-a406-1dfa86e0929f@group-A46A69316625->f51f9b24-50fc-42fe-a5a3-4a6169b8a6f2-GrpcLogAppender:  appendEntries Timeout, request=AppendEntriesRequest:cid=2585,entriesCount=1,lastEntry=(t:1, i:46)
om2_1       | 2020-12-21 16:36:20,353 [om2@group-562213E44849-LeaderElection1] INFO server.RaftServerConfigKeys: raft.server.log.appender.snapshot.chunk.size.max = 16MB (=16777216) (default)
scm_1       | 2020-12-21 16:35:51,999 [Listener at 0.0.0.0/9860] INFO server.StorageContainerManager: ScmBlockLocationProtocol RPC server is listening at /0.0.0.0:9863
datanode_1  | GC pool 'ConcurrentMarkSweep' had collection(s): count=2 time=101ms
om1_1       | GC pool 'ParNew' had collection(s): count=2 time=71ms
datanode_1  | 2020-12-21 16:38:30,046 [org.apache.ratis.server.JvmPauseMonitor@451ddfc0-Monitor] WARN server.JvmPauseMonitor: Detected pause in JVM or host machine (eg GC): pause of approximately 4ms
om3_1       | 2020-12-21 16:36:16,741 [pool-17-thread-1] INFO metrics.RatisMetrics: Creating Metrics Registry : ratis.leader_election.om3@group-562213E44849
om3_1       | 2020-12-21 16:36:16,772 [pool-17-thread-1] INFO metrics.RatisMetrics: Creating Metrics Registry : ratis.server.om3@group-562213E44849
om3_1       | 2020-12-21 16:36:16,805 [main] INFO ipc.CallQueueManager: Using callQueue: class java.util.concurrent.LinkedBlockingQueue, queueCapacity: 10000, scheduler: class org.apache.hadoop.ipc.DefaultRpcScheduler, ipcBackoff: false.
om3_1       | 2020-12-21 16:36:16,846 [Socket Reader #1 for port 9862] INFO ipc.Server: Starting Socket Reader #1 for port 9862
datanode_1  | GC pool 'ParNew' had collection(s): count=10 time=572ms
scm_1       | 2020-12-21 16:35:52,004 [Listener at 0.0.0.0/9860] INFO server.SCMBlockProtocolServer: RPC server for Block Protocol is listening at /0.0.0.0:9863
scm_1       | 2020-12-21 16:35:52,005 [IPC Server Responder] INFO ipc.Server: IPC Server Responder: starting
scm_1       | 2020-12-21 16:35:52,025 [IPC Server listener on 9863] INFO ipc.Server: IPC Server listener on 9863: starting
scm_1       | 2020-12-21 16:35:52,031 [Listener at 0.0.0.0/9860] INFO server.StorageContainerManager: ScmDatanodeProtocl RPC server is listening at /0.0.0.0:9861
scm_1       | 2020-12-21 16:35:52,031 [Listener at 0.0.0.0/9860] INFO server.SCMDatanodeProtocolServer: RPC server for DataNodes is listening at /0.0.0.0:9861
scm_1       | 2020-12-21 16:35:52,032 [IPC Server Responder] INFO ipc.Server: IPC Server Responder: starting
scm_1       | 2020-12-21 16:35:52,032 [IPC Server listener on 9861] INFO ipc.Server: IPC Server listener on 9861: starting
scm_1       | 2020-12-21 16:35:52,219 [Listener at 0.0.0.0/9860] INFO http.HttpServer2: Jetty bound to port 9876
scm_1       | 2020-12-21 16:35:52,225 [Listener at 0.0.0.0/9860] INFO server.Server: jetty-9.4.34.v20201102; built: 2020-11-02T14:15:39.302Z; git: e46af88704a893fc12cb0e3bf46e2c7b48a009e7; jvm 11.0.7+10-LTS
om1_1       | GC pool 'ConcurrentMarkSweep' had collection(s): count=1 time=76ms
om1_1       | 2020-12-21 16:36:42,995 [org.apache.ratis.server.JvmPauseMonitor@1b881f1f-Monitor] WARN server.JvmPauseMonitor: Detected pause in JVM or host machine (eg GC): pause of approximately 6ms
s3g_1       | 2020-12-21 16:36:51,796 [qtp1260634890-24] WARN impl.MetricRegistriesImpl: First MetricRegistry has been created without registering reporters. You may need to call MetricRegistries.global().addReporterRegistration(...) before.
s3g_1       | 2020-12-21 16:36:57,087 [qtp1260634890-23] INFO metrics.RatisMetrics: Creating Metrics Registry : ratis.client_message_metrics.client-7532DA01E19D->ec956fef-022a-4e11-a406-1dfa86e0929f
s3g_1       | 2020-12-21 16:36:57,095 [qtp1260634890-23] WARN impl.MetricRegistriesImpl: First MetricRegistry has been created without registering reporters. You may need to call MetricRegistries.global().addReporterRegistration(...) before.
datanode_2  | 2020-12-21 16:38:53,668 [java.util.concurrent.ThreadPoolExecutor$Worker@db81803[State = -1, empty queue]] WARN server.GrpcLogAppender: ec956fef-022a-4e11-a406-1dfa86e0929f@group-A46A69316625->f51f9b24-50fc-42fe-a5a3-4a6169b8a6f2-GrpcLogAppender:  appendEntries Timeout, request=AppendEntriesRequest:cid=2586,entriesCount=1,lastEntry=(t:1, i:47)
datanode_2  | 2020-12-21 16:38:53,689 [java.util.concurrent.ThreadPoolExecutor$Worker@db81803[State = -1, empty queue]] WARN server.GrpcLogAppender: ec956fef-022a-4e11-a406-1dfa86e0929f@group-A46A69316625->f51f9b24-50fc-42fe-a5a3-4a6169b8a6f2-GrpcLogAppender:  appendEntries Timeout, request=AppendEntriesRequest:cid=2588,entriesCount=1,lastEntry=(t:1, i:48)
datanode_2  | 2020-12-21 16:38:53,694 [java.util.concurrent.ThreadPoolExecutor$Worker@db81803[State = -1, empty queue]] WARN server.GrpcLogAppender: ec956fef-022a-4e11-a406-1dfa86e0929f@group-A46A69316625->f51f9b24-50fc-42fe-a5a3-4a6169b8a6f2-GrpcLogAppender:  appendEntries Timeout, request=AppendEntriesRequest:cid=2589,entriesCount=1,lastEntry=(t:1, i:49)
datanode_1  | GC pool 'ConcurrentMarkSweep' had collection(s): count=2 time=101ms
datanode_1  | 2020-12-21 16:38:33,549 [org.apache.ratis.server.JvmPauseMonitor@451ddfc0-Monitor] WARN server.JvmPauseMonitor: Detected pause in JVM or host machine (eg GC): pause of approximately 1ms
datanode_1  | GC pool 'ParNew' had collection(s): count=11 time=591ms
s3g_1       | 2020-12-21 16:37:04,004 [qtp1260634890-24] INFO rpc.RpcClient: Creating Bucket: s3v/bucket-40714, with Versioning false and Storage Type set to DISK and Encryption set to false 
om2_1       | 2020-12-21 16:36:20,353 [om2@group-562213E44849-LeaderElection1] INFO server.RaftServerConfigKeys: raft.server.log.appender.buffer.byte-limit = 33554432 (custom)
om2_1       | 2020-12-21 16:36:20,354 [om2@group-562213E44849-LeaderElection1] INFO server.RaftServerConfigKeys: raft.server.log.appender.buffer.element-limit = 1024 (custom)
datanode_2  | 2020-12-21 16:38:56,918 [java.util.concurrent.ThreadPoolExecutor$Worker@db81803[State = -1, empty queue]] WARN server.GrpcLogAppender: ec956fef-022a-4e11-a406-1dfa86e0929f@group-A46A69316625->f51f9b24-50fc-42fe-a5a3-4a6169b8a6f2-GrpcLogAppender:  appendEntries Timeout, request=AppendEntriesRequest:cid=2841,entriesCount=1,lastEntry=(t:1, i:50)
om3_1       | 2020-12-21 16:36:17,372 [Listener at om3/9862] INFO impl.MetricsConfig: Loaded properties from hadoop-metrics2.properties
om3_1       | 2020-12-21 16:36:17,564 [Listener at om3/9862] INFO impl.MetricsSystemImpl: Scheduled Metric snapshot period at 10 second(s).
om1_1       | GC pool 'ParNew' had collection(s): count=3 time=124ms
om2_1       | 2020-12-21 16:36:20,363 [om2@group-562213E44849-LeaderElection1] INFO grpc.GrpcConfigKeys: raft.grpc.server.leader.outstanding.appends.max = 128 (default)
om2_1       | 2020-12-21 16:36:20,364 [om2@group-562213E44849-LeaderElection1] INFO server.RaftServerConfigKeys: raft.server.rpc.request.timeout = 3000ms (default)
datanode_2  | 2020-12-21 16:38:56,919 [java.util.concurrent.ThreadPoolExecutor$Worker@db81803[State = -1, empty queue]] WARN server.GrpcLogAppender: ec956fef-022a-4e11-a406-1dfa86e0929f@group-A46A69316625->f51f9b24-50fc-42fe-a5a3-4a6169b8a6f2-GrpcLogAppender:  appendEntries Timeout, request=AppendEntriesRequest:cid=2842,entriesCount=1,lastEntry=(t:1, i:51)
scm_1       | 2020-12-21 16:35:52,369 [Listener at 0.0.0.0/9860] INFO server.session: DefaultSessionIdManager workerName=node0
scm_1       | 2020-12-21 16:35:52,371 [Listener at 0.0.0.0/9860] INFO server.session: No SessionScavenger set, using defaults
om3_1       | 2020-12-21 16:36:17,564 [Listener at om3/9862] INFO impl.MetricsSystemImpl: OzoneManager metrics system started
s3g_1       | 2020-12-21 16:37:04,027 [qtp1260634890-24] INFO endpoint.BucketEndpoint: Location is /bucket-40714
s3g_1       | 2020-12-21 16:37:04,632 [qtp1260634890-24] INFO rpc.RpcClient: Creating Bucket: s3v/bucket-98904, with Versioning false and Storage Type set to DISK and Encryption set to false 
datanode_1  | GC pool 'ConcurrentMarkSweep' had collection(s): count=2 time=101ms
datanode_1  | 2020-12-21 16:38:46,560 [org.apache.ratis.server.JvmPauseMonitor@451ddfc0-Monitor] WARN server.JvmPauseMonitor: Detected pause in JVM or host machine (eg GC): pause of approximately 6ms
om2_1       | 2020-12-21 16:36:20,364 [om2@group-562213E44849-LeaderElection1] INFO server.RaftServerConfigKeys: raft.server.log.appender.install.snapshot.enabled = false (custom)
scm_1       | 2020-12-21 16:35:52,377 [Listener at 0.0.0.0/9860] INFO server.session: node0 Scavenging every 600000ms
scm_1       | 2020-12-21 16:35:52,490 [Listener at 0.0.0.0/9860] INFO handler.ContextHandler: Started o.e.j.s.ServletContextHandler@6734ff92{logs,/logs,file:///var/log/hadoop/,AVAILABLE}
scm_1       | 2020-12-21 16:35:52,490 [Listener at 0.0.0.0/9860] INFO handler.ContextHandler: Started o.e.j.s.ServletContextHandler@74500e4f{static,/static,jar:file:/opt/hadoop/share/ozone/lib/hadoop-hdds-server-scm-1.1.0-SNAPSHOT.jar!/webapps/static,AVAILABLE}
scm_1       | 2020-12-21 16:35:53,635 [Listener at 0.0.0.0/9860] INFO handler.ContextHandler: Started o.e.j.w.WebAppContext@3568ea59{scm,/,file:///tmp/jetty-0_0_0_0-9876-hadoop-hdds-server-scm-1_1_0-SNAPSHOT_jar-_-any-18228877465875089064/webapp/,AVAILABLE}{jar:file:/opt/hadoop/share/ozone/lib/hadoop-hdds-server-scm-1.1.0-SNAPSHOT.jar!/webapps/scm}
om1_1       | GC pool 'ConcurrentMarkSweep' had collection(s): count=1 time=79ms
datanode_2  | 2020-12-21 16:38:56,929 [java.util.concurrent.ThreadPoolExecutor$Worker@db81803[State = -1, empty queue]] WARN server.GrpcLogAppender: ec956fef-022a-4e11-a406-1dfa86e0929f@group-A46A69316625->f51f9b24-50fc-42fe-a5a3-4a6169b8a6f2-GrpcLogAppender:  appendEntries Timeout, request=AppendEntriesRequest:cid=2843,entriesCount=1,lastEntry=(t:1, i:52)
