datanode_1  | 2020-11-24 23:10:13,554 [f2de36b6-8f49-4020-a9d9-048628ae2646@group-07C838EBED9C-LeaderElection1] INFO segmented.SegmentedRaftLogWorker: f2de36b6-8f49-4020-a9d9-048628ae2646@group-07C838EBED9C-SegmentedRaftLogWorker: Starting segment from index:0
om3_1       | 2020-11-24 23:10:19,268 [pool-17-thread-1] INFO server.RaftServerConfigKeys: raft.server.log.statemachine.data.caching.enabled = false (default)
om1_1       | 2020-11-24 23:10:26,233 [om1@group-562213E44849-SegmentedRaftLogWorker] INFO segmented.SegmentedRaftLogWorker: om1@group-562213E44849-SegmentedRaftLogWorker: created new log segment /data/metadata/ratis/fafe1b60-c241-37cc-98f4-562213e44849/current/log_inprogress_0
om1_1       | 2020-11-24 23:10:38,980 [org.apache.ratis.server.JvmPauseMonitor@129e45eb-Monitor] WARN server.JvmPauseMonitor: Detected pause in JVM or host machine (eg GC): pause of approximately 13ms
om2_1       | 2020-11-24 23:10:24,175 [org.apache.ratis.server.JvmPauseMonitor@129e45eb-Monitor] WARN server.JvmPauseMonitor: Detected pause in JVM or host machine (eg GC): pause of approximately 23ms
om2_1       | GC pool 'ParNew' had collection(s): count=2 time=146ms
om2_1       | GC pool 'ConcurrentMarkSweep' had collection(s): count=1 time=95ms
datanode_1  | 2020-11-24 23:10:13,561 [f2de36b6-8f49-4020-a9d9-048628ae2646@group-07C838EBED9C-SegmentedRaftLogWorker] INFO segmented.SegmentedRaftLogWorker: f2de36b6-8f49-4020-a9d9-048628ae2646@group-07C838EBED9C-SegmentedRaftLogWorker: created new log segment /data/metadata/ratis/286d7536-1795-477f-8efa-07c838ebed9c/current/log_inprogress_0
datanode_1  | 2020-11-24 23:10:13,565 [f2de36b6-8f49-4020-a9d9-048628ae2646@group-07C838EBED9C-LeaderElection1] INFO impl.RaftServerImpl: f2de36b6-8f49-4020-a9d9-048628ae2646@group-07C838EBED9C: set configuration 0: [f2de36b6-8f49-4020-a9d9-048628ae2646|rpc:172.23.0.7:9858|dataStream:], old=null at 0
scm_1       | No '-XX:...' jvm parameters are set. Adding safer GC settings '-XX:ParallelGCThreads=8 -XX:+UseConcMarkSweepGC -XX:CMSInitiatingOccupancyFraction=70 -XX:+CMSParallelRemarkEnabled' to the HADOOP_OPTS
datanode_3  | 2020-11-24 23:13:38,864 [org.apache.ratis.server.JvmPauseMonitor@7992cb2b-Monitor] WARN server.JvmPauseMonitor: Detected pause in JVM or host machine (eg GC): pause of approximately 3ms
datanode_3  | GC pool 'ParNew' had collection(s): count=197 time=1080ms
datanode_3  | GC pool 'ConcurrentMarkSweep' had collection(s): count=1 time=25ms
datanode_3  | 2020-11-24 23:13:54,872 [org.apache.ratis.server.JvmPauseMonitor@7992cb2b-Monitor] WARN server.JvmPauseMonitor: Detected pause in JVM or host machine (eg GC): pause of approximately 1ms
datanode_3  | GC pool 'ParNew' had collection(s): count=338 time=1400ms
datanode_1  | 2020-11-24 23:10:16,811 [org.apache.ratis.server.JvmPauseMonitor@25fd9d0e-Monitor] WARN server.JvmPauseMonitor: Detected pause in JVM or host machine (eg GC): pause of approximately 3ms
om1_1       | GC pool 'ParNew' had collection(s): count=3 time=121ms
om1_1       | GC pool 'ConcurrentMarkSweep' had collection(s): count=1 time=65ms
om1_1       | 2020-11-24 23:11:00,596 [OM StateMachine ApplyTransaction Thread - 0] ERROR bucket.OMBucketCreateRequest: Bucket creation failed for bucket:bucket-70911 in volume:s3v
om1_1       | BUCKET_ALREADY_EXISTS org.apache.hadoop.ozone.om.exceptions.OMException: Bucket already exist
om1_1       | 	at org.apache.hadoop.ozone.om.request.bucket.OMBucketCreateRequest.validateAndUpdateCache(OMBucketCreateRequest.java:192)
om1_1       | 	at org.apache.hadoop.ozone.protocolPB.OzoneManagerRequestHandler.handleWriteRequest(OzoneManagerRequestHandler.java:227)
s3g_1       | 2020-11-24 23:10:59,432 [qtp985324122-24] INFO rpc.RpcClient: Creating Bucket: s3v/bucket-70911, with Versioning false and Storage Type set to DISK and Encryption set to false 
s3g_1       | 2020-11-24 23:10:59,450 [qtp985324122-24] INFO endpoint.BucketEndpoint: Location is /bucket-70911
datanode_1  | GC pool 'ParNew' had collection(s): count=3 time=294ms
datanode_1  | 2020-11-24 23:10:17,819 [org.apache.ratis.server.JvmPauseMonitor@25fd9d0e-Monitor] WARN server.JvmPauseMonitor: Detected pause in JVM or host machine (eg GC): pause of approximately 7ms
datanode_1  | GC pool 'ParNew' had collection(s): count=3 time=294ms
s3g_1       | 2020-11-24 23:10:59,932 [qtp985324122-20] INFO rpc.RpcClient: Creating Bucket: s3v/bucket-77036, with Versioning false and Storage Type set to DISK and Encryption set to false 
s3g_1       | 2020-11-24 23:10:59,951 [qtp985324122-20] INFO endpoint.BucketEndpoint: Location is /bucket-77036
om3_1       | 2020-11-24 23:10:19,309 [pool-17-thread-1] INFO segmented.SegmentedRaftLogWorker: om3@group-562213E44849-SegmentedRaftLogWorker: flushIndex: setUnconditionally 0 -> -1
om3_1       | 2020-11-24 23:10:19,310 [pool-17-thread-1] INFO segmented.SegmentedRaftLogWorker: om3@group-562213E44849-SegmentedRaftLogWorker: safeCacheEvictIndex: setUnconditionally 0 -> -1
om3_1       | 2020-11-24 23:10:19,329 [pool-17-thread-1] INFO server.RaftServerConfigKeys: raft.server.snapshot.auto.trigger.enabled = true (custom)
om2_1       | 2020-11-24 23:10:24,191 [Listener at om2/9862] INFO server.AbstractConnector: Started ServerConnector@1299c874{HTTP/1.1, (http/1.1)}{0.0.0.0:9874}
datanode_3  | GC pool 'ConcurrentMarkSweep' had collection(s): count=1 time=25ms
datanode_3  | 2020-11-24 23:14:11,883 [org.apache.ratis.server.JvmPauseMonitor@7992cb2b-Monitor] WARN server.JvmPauseMonitor: Detected pause in JVM or host machine (eg GC): pause of approximately 4ms
datanode_3  | GC pool 'ParNew' had collection(s): count=483 time=1780ms
datanode_3  | GC pool 'ConcurrentMarkSweep' had collection(s): count=1 time=25ms
om3_1       | 2020-11-24 23:10:19,337 [pool-17-thread-1] INFO server.RaftServerConfigKeys: raft.server.snapshot.auto.trigger.threshold = 400000 (default)
om3_1       | 2020-11-24 23:10:19,338 [pool-17-thread-1] INFO server.RaftServerConfigKeys: raft.server.snapshot.retention.file.num = -1 (default)
om3_1       | 2020-11-24 23:10:19,357 [pool-17-thread-1] INFO server.RaftServerConfigKeys: raft.server.log.purge.upto.snapshot.index = true (custom)
om1_1       | 	at org.apache.hadoop.ozone.om.ratis.OzoneManagerStateMachine.runCommand(OzoneManagerStateMachine.java:416)
om1_1       | 	at org.apache.hadoop.ozone.om.ratis.OzoneManagerStateMachine.lambda$applyTransaction$1(OzoneManagerStateMachine.java:240)
om3_1       | 2020-11-24 23:10:19,357 [pool-17-thread-1] INFO server.RaftServerConfigKeys: raft.server.retrycache.expirytime = 600000ms (custom)
om3_1       | 2020-11-24 23:10:19,532 [pool-17-thread-1] INFO metrics.RatisMetrics: Creating Metrics Registry : ratis.leader_election.om3@group-562213E44849
om3_1       | 2020-11-24 23:10:19,549 [pool-17-thread-1] INFO metrics.RatisMetrics: Creating Metrics Registry : ratis.server.om3@group-562213E44849
om3_1       | 2020-11-24 23:10:19,621 [main] INFO ipc.CallQueueManager: Using callQueue: class java.util.concurrent.LinkedBlockingQueue, queueCapacity: 10000, scheduler: class org.apache.hadoop.ipc.DefaultRpcScheduler, ipcBackoff: false.
om3_1       | 2020-11-24 23:10:19,669 [Socket Reader #1 for port 9862] INFO ipc.Server: Starting Socket Reader #1 for port 9862
datanode_1  | 2020-11-24 23:10:32,333 [org.apache.ratis.server.JvmPauseMonitor@25fd9d0e-Monitor] WARN server.JvmPauseMonitor: Detected pause in JVM or host machine (eg GC): pause of approximately 4ms
om2_1       | 2020-11-24 23:10:24,191 [Listener at om2/9862] INFO server.Server: Started @27920ms
om2_1       | 2020-11-24 23:10:24,202 [grpc-default-executor-4] INFO impl.RaftServerImpl: om2@group-562213E44849: changes role from CANDIDATE to FOLLOWER at term 3 for recognizeCandidate:om3
om1_1       | 	at java.base/java.util.concurrent.CompletableFuture$AsyncSupply.run(CompletableFuture.java:1700)
om1_1       | 	at java.base/java.util.concurrent.ThreadPoolExecutor.runWorker(ThreadPoolExecutor.java:1128)
om1_1       | 	at java.base/java.util.concurrent.ThreadPoolExecutor$Worker.run(ThreadPoolExecutor.java:628)
om1_1       | 	at java.base/java.lang.Thread.run(Thread.java:834)
s3g_1       | 2020-11-24 23:11:00,569 [qtp985324122-24] INFO rpc.RpcClient: Creating Bucket: s3v/bucket-70911, with Versioning false and Storage Type set to DISK and Encryption set to false 
datanode_2  | GC pool 'ConcurrentMarkSweep' had collection(s): count=1 time=82ms
datanode_2  | 2020-11-24 23:11:49,147 [java.util.concurrent.ThreadPoolExecutor$Worker@7f0325e4[State = -1, empty queue]] WARN server.GrpcLogAppender: dcd870e2-60b2-495d-baa5-0eb923eec70f@group-23A3224C2F73->a3e373a9-54bd-496b-a7c1-685a5b0155ac-GrpcLogAppender:  appendEntries Timeout, request=AppendEntriesRequest:cid=266,entriesCount=1,lastEntry=(t:1, i:3)
datanode_1  | GC pool 'ParNew' had collection(s): count=3 time=294ms
datanode_1  | 2020-11-24 23:10:48,346 [org.apache.ratis.server.JvmPauseMonitor@25fd9d0e-Monitor] WARN server.JvmPauseMonitor: Detected pause in JVM or host machine (eg GC): pause of approximately 4ms
datanode_1  | GC pool 'ParNew' had collection(s): count=4 time=319ms
datanode_3  | 2020-11-24 23:14:15,891 [org.apache.ratis.server.JvmPauseMonitor@7992cb2b-Monitor] WARN server.JvmPauseMonitor: Detected pause in JVM or host machine (eg GC): pause of approximately 6ms
om3_1       | 2020-11-24 23:10:20,110 [Listener at om3/9862] INFO impl.MetricsConfig: Loaded properties from hadoop-metrics2.properties
om3_1       | 2020-11-24 23:10:20,246 [Listener at om3/9862] INFO impl.MetricsSystemImpl: Scheduled Metric snapshot period at 10 second(s).
om3_1       | 2020-11-24 23:10:20,250 [Listener at om3/9862] INFO impl.MetricsSystemImpl: OzoneManager metrics system started
s3g_1       | 2020-11-24 23:11:00,604 [qtp985324122-24] INFO endpoint.BucketEndpoint: Location is /bucket-70911
om1_1       | 2020-11-24 23:11:05,410 [OM StateMachine ApplyTransaction Thread - 0] ERROR bucket.OMBucketDeleteRequest: Delete bucket failed for bucket:nosuchbucket in volume:s3v
om1_1       | BUCKET_NOT_FOUND org.apache.hadoop.ozone.om.exceptions.OMException: Bucket already exist
om1_1       | 	at org.apache.hadoop.ozone.om.request.bucket.OMBucketDeleteRequest.validateAndUpdateCache(OMBucketDeleteRequest.java:118)
om1_1       | 	at org.apache.hadoop.ozone.protocolPB.OzoneManagerRequestHandler.handleWriteRequest(OzoneManagerRequestHandler.java:227)
om1_1       | 	at org.apache.hadoop.ozone.om.ratis.OzoneManagerStateMachine.runCommand(OzoneManagerStateMachine.java:416)
datanode_3  | GC pool 'ParNew' had collection(s): count=518 time=1871ms
datanode_1  | 2020-11-24 23:10:48,858 [org.apache.ratis.server.JvmPauseMonitor@25fd9d0e-Monitor] WARN server.JvmPauseMonitor: Detected pause in JVM or host machine (eg GC): pause of approximately 11ms
datanode_1  | GC pool 'ParNew' had collection(s): count=4 time=319ms
datanode_1  | 2020-11-24 23:11:24,878 [org.apache.ratis.server.JvmPauseMonitor@25fd9d0e-Monitor] WARN server.JvmPauseMonitor: Detected pause in JVM or host machine (eg GC): pause of approximately 2ms
scm_1       | OpenJDK 64-Bit Server VM warning: Option UseConcMarkSweepGC was deprecated in version 9.0 and will likely be removed in a future release.
datanode_3  | GC pool 'ConcurrentMarkSweep' had collection(s): count=1 time=25ms
datanode_3  | 2020-11-24 23:14:17,394 [org.apache.ratis.server.JvmPauseMonitor@7992cb2b-Monitor] WARN server.JvmPauseMonitor: Detected pause in JVM or host machine (eg GC): pause of approximately 2ms
s3g_1       | 2020-11-24 23:11:01,178 [qtp985324122-20] ERROR endpoint.BucketEndpoint: Error in Create Bucket Request for bucket: bucket_1
om3_1       | 2020-11-24 23:10:20,367 [Listener at om3/9862] INFO om.OzoneManager: OzoneManager RPC server is listening at om3/172.23.0.5:9862
om1_1       | 	at org.apache.hadoop.ozone.om.ratis.OzoneManagerStateMachine.lambda$applyTransaction$1(OzoneManagerStateMachine.java:240)
om1_1       | 	at java.base/java.util.concurrent.CompletableFuture$AsyncSupply.run(CompletableFuture.java:1700)
om1_1       | 	at java.base/java.util.concurrent.ThreadPoolExecutor.runWorker(ThreadPoolExecutor.java:1128)
datanode_1  | GC pool 'ParNew' had collection(s): count=6 time=404ms
datanode_1  | GC pool 'ConcurrentMarkSweep' had collection(s): count=1 time=138ms
datanode_1  | 2020-11-24 23:11:55,892 [org.apache.ratis.server.JvmPauseMonitor@25fd9d0e-Monitor] WARN server.JvmPauseMonitor: Detected pause in JVM or host machine (eg GC): pause of approximately 1ms
datanode_1  | GC pool 'ParNew' had collection(s): count=7 time=413ms
datanode_1  | GC pool 'ConcurrentMarkSweep' had collection(s): count=1 time=138ms
datanode_1  | 2020-11-24 23:12:09,398 [org.apache.ratis.server.JvmPauseMonitor@25fd9d0e-Monitor] WARN server.JvmPauseMonitor: Detected pause in JVM or host machine (eg GC): pause of approximately 1ms
datanode_1  | GC pool 'ParNew' had collection(s): count=8 time=452ms
datanode_1  | GC pool 'ConcurrentMarkSweep' had collection(s): count=1 time=138ms
datanode_1  | 2020-11-24 23:12:10,903 [org.apache.ratis.server.JvmPauseMonitor@25fd9d0e-Monitor] WARN server.JvmPauseMonitor: Detected pause in JVM or host machine (eg GC): pause of approximately 3ms
datanode_1  | GC pool 'ParNew' had collection(s): count=9 time=531ms
datanode_1  | GC pool 'ConcurrentMarkSweep' had collection(s): count=1 time=140ms
scm_1       | 2020-11-24 23:09:33,206 [main] INFO server.StorageContainerManagerStarter: STARTUP_MSG: 
scm_1       | /************************************************************
scm_1       | STARTUP_MSG: Starting StorageContainerManager
scm_1       | STARTUP_MSG:   host = 8715291e6793/172.23.0.4
scm_1       | STARTUP_MSG:   args = [--init]
scm_1       | STARTUP_MSG:   version = 1.1.0-SNAPSHOT
scm_1       | STARTUP_MSG:   classpath = /etc/hadoop:/opt/hadoop/share/hadoop/common/*:/opt/hadoop/share/ozone/lib/kerb-simplekdc-1.0.1.jar:/opt/hadoop/share/ozone/lib/okhttp-4.2.2.jar:/opt/hadoop/share/ozone/lib/hadoop-hdds-container-service-1.1.0-SNAPSHOT.jar:/opt/hadoop/share/ozone/lib/jackson-databind-2.10.3.jar:/opt/hadoop/share/ozone/lib/protobuf-java-2.5.0.jar:/opt/hadoop/share/ozone/lib/bcpkix-jdk15on-1.60.jar:/opt/hadoop/share/ozone/lib/ratis-proto-1.1.0-913f5a4-SNAPSHOT.jar:/opt/hadoop/share/ozone/lib/log4j-api-2.13.3.jar:/opt/hadoop/share/ozone/lib/jetty-util-ajax-9.4.34.v20201102.jar:/opt/hadoop/share/ozone/lib/commons-validator-1.6.jar:/opt/hadoop/share/ozone/lib/netty-3.10.5.Final.jar:/opt/hadoop/share/ozone/lib/kotlin-stdlib-common-1.3.50.jar:/opt/hadoop/share/ozone/lib/kerb-core-1.0.1.jar:/opt/hadoop/share/ozone/lib/picocli-4.4.0.jar:/opt/hadoop/share/ozone/lib/jsr305-3.0.0.jar:/opt/hadoop/share/ozone/lib/j2objc-annotations-1.3.jar:/opt/hadoop/share/ozone/lib/leveldbjni-all-1.8.jar:/opt/hadoop/share/ozone/lib/jetty-http-9.4.34.v20201102.jar:/opt/hadoop/share/ozone/lib/jaeger-tracerresolver-1.2.0.jar:/opt/hadoop/share/ozone/lib/hadoop-auth-3.2.1.jar:/opt/hadoop/share/ozone/lib/hadoop-hdds-interface-server-1.1.0-SNAPSHOT.jar:/opt/hadoop/share/ozone/lib/htrace-core4-4.1.0-incubating.jar:/opt/hadoop/share/ozone/lib/kerb-util-1.0.1.jar:/opt/hadoop/share/ozone/lib/jetty-server-9.4.34.v20201102.jar:/opt/hadoop/share/ozone/lib/jaeger-thrift-1.2.0.jar:/opt/hadoop/share/ozone/lib/commons-logging-1.2.jar:/opt/hadoop/share/ozone/lib/jetty-xml-9.4.34.v20201102.jar:/opt/hadoop/share/ozone/lib/kerby-xdr-1.0.1.jar:/opt/hadoop/share/ozone/lib/jetty-io-9.4.34.v20201102.jar:/opt/hadoop/share/ozone/lib/httpcore-4.4.13.jar:/opt/hadoop/share/ozone/lib/opentracing-tracerresolver-0.1.8.jar:/opt/hadoop/share/ozone/lib/commons-net-3.6.jar:/opt/hadoop/share/ozone/lib/jaeger-core-1.2.0.jar:/opt/hadoop/share/ozone/lib/error_prone_annotations-2.2.0.jar:/opt/hadoop/share/ozone/lib/jetty-webapp-9.4.34.v20201102.jar:/opt/hadoop/share/ozone/lib/ratis-thirdparty-misc-0.6.0-SNAPSHOT.jar:/opt/hadoop/share/ozone/lib/httpclient-4.5.13.jar:/opt/hadoop/share/ozone/lib/slf4j-log4j12-1.7.25.jar:/opt/hadoop/share/ozone/lib/ratis-server-1.1.0-913f5a4-SNAPSHOT.jar:/opt/hadoop/share/ozone/lib/okio-2.2.2.jar:/opt/hadoop/share/ozone/lib/kerby-config-1.0.1.jar:/opt/hadoop/share/ozone/lib/metrics-core-3.2.4.jar:/opt/hadoop/share/ozone/lib/guava-28.2-jre.jar:/opt/hadoop/share/ozone/lib/kerby-pkix-1.0.1.jar:/opt/hadoop/share/ozone/lib/xz-1.0.jar:/opt/hadoop/share/ozone/lib/jsr311-api-1.1.1.jar:/opt/hadoop/share/ozone/lib/hadoop-hdds-client-1.1.0-SNAPSHOT.jar:/opt/hadoop/share/ozone/lib/jetty-servlet-9.4.34.v20201102.jar:/opt/hadoop/share/ozone/lib/commons-beanutils-1.9.4.jar:/opt/hadoop/share/ozone/lib/javax.servlet-api-3.1.0.jar:/opt/hadoop/share/ozone/lib/kerb-server-1.0.1.jar:/opt/hadoop/share/ozone/lib/kerb-client-1.0.1.jar:/opt/hadoop/share/ozone/lib/ratis-metrics-1.1.0-913f5a4-SNAPSHOT.jar:/opt/hadoop/share/ozone/lib/disruptor-3.4.2.jar:/opt/hadoop/share/ozone/lib/libthrift-0.13.0.jar:/opt/hadoop/share/ozone/lib/log4j-core-2.13.3.jar:/opt/hadoop/share/ozone/lib/annotations-13.0.jar:/opt/hadoop/share/ozone/lib/simpleclient_common-0.7.0.jar:/opt/hadoop/share/ozone/lib/dnsjava-2.1.7.jar:/opt/hadoop/share/ozone/lib/jackson-annotations-2.10.3.jar:/opt/hadoop/share/ozone/lib/commons-configuration2-2.1.1.jar:/opt/hadoop/share/ozone/lib/json-smart-2.3.jar:/opt/hadoop/share/ozone/lib/token-provider-1.0.1.jar:/opt/hadoop/share/ozone/lib/log4j-1.2.17.jar:/opt/hadoop/share/ozone/lib/commons-daemon-1.0.13.jar:/opt/hadoop/share/ozone/lib/listenablefuture-9999.0-empty-to-avoid-conflict-with-guava.jar:/opt/hadoop/share/ozone/lib/jetty-security-9.4.34.v20201102.jar:/opt/hadoop/share/ozone/lib/bcprov-jdk15on-1.60.jar:/opt/hadoop/share/ozone/lib/hadoop-hdds-config-1.1.0-SNAPSHOT.jar:/opt/hadoop/share/ozone/lib/ratis-grpc-1.1.0-913f5a4-SNAPSHOT.jar:/opt/hadoop/share/ozone/lib/hadoop-hdds-common-1.1.0-SNAPSHOT.jar:/opt/hadoop/share/ozone/lib/hadoop-hdfs-client-3.2.1.jar:/opt/hadoop/share/ozone/lib/commons-lang3-3.7.jar:/opt/hadoop/share/ozone/lib/commons-compress-1.4.1.jar:/opt/hadoop/share/ozone/lib/accessors-smart-1.2.jar:/opt/hadoop/share/ozone/lib/re2j-1.1.jar:/opt/hadoop/share/ozone/lib/hadoop-hdfs-3.2.1.jar:/opt/hadoop/share/ozone/lib/commons-math3-3.1.1.jar:/opt/hadoop/share/ozone/lib/simpleclient_dropwizard-0.7.0.jar:/opt/hadoop/share/ozone/lib/hadoop-common-3.2.1.jar:/opt/hadoop/share/ozone/lib/simpleclient-0.7.0.jar:/opt/hadoop/share/ozone/lib/rocksdbjni-6.8.1.jar:/opt/hadoop/share/ozone/lib/asm-5.0.4.jar:/opt/hadoop/share/ozone/lib/kerby-util-1.0.1.jar:/opt/hadoop/share/ozone/lib/failureaccess-1.0.1.jar:/opt/hadoop/share/ozone/lib/jsp-api-2.1.jar:/opt/hadoop/share/ozone/lib/jsch-0.1.54.jar:/opt/hadoop/share/ozone/lib/nimbus-jose-jwt-7.9.jar:/opt/hadoop/share/ozone/lib/kotlin-stdlib-1.3.50.jar:/opt/hadoop/share/ozone/lib/commons-codec-1.11.jar:/opt/hadoop/share/ozone/lib/commons-pool2-2.6.0.jar:/opt/hadoop/share/ozone/lib/jackson-datatype-jsr310-2.10.3.jar:/opt/hadoop/share/ozone/lib/gson-2.2.4.jar:/opt/hadoop/share/ozone/lib/opentracing-api-0.33.0.jar:/opt/hadoop/share/ozone/lib/ratis-common-1.1.0-913f5a4-SNAPSHOT.jar:/opt/hadoop/share/ozone/lib/jcip-annotations-1.0-1.jar:/opt/hadoop/share/ozone/lib/kerb-admin-1.0.1.jar:/opt/hadoop/share/ozone/lib/commons-io-2.5.jar:/opt/hadoop/share/ozone/lib/snakeyaml-1.16.jar:/opt/hadoop/share/ozone/lib/opentracing-noop-0.33.0.jar:/opt/hadoop/share/ozone/lib/jersey-core-1.19.jar:/opt/hadoop/share/ozone/lib/checker-qual-2.10.0.jar:/opt/hadoop/share/ozone/lib/ratis-client-1.1.0-913f5a4-SNAPSHOT.jar:/opt/hadoop/share/ozone/lib/opentracing-util-0.33.0.jar:/opt/hadoop/share/ozone/lib/commons-cli-1.2.jar:/opt/hadoop/share/ozone/lib/ratis-netty-1.1.0-913f5a4-SNAPSHOT.jar:/opt/hadoop/share/ozone/lib/woodstox-core-5.0.3.jar:/opt/hadoop/share/ozone/lib/javax.annotation-api-1.2.jar:/opt/hadoop/share/ozone/lib/hadoop-hdds-interface-client-1.1.0-SNAPSHOT.jar:/opt/hadoop/share/ozone/lib/netty-all-4.1.48.Final.jar:/opt/hadoop/share/ozone/lib/kerby-asn1-1.0.1.jar:/opt/hadoop/share/ozone/lib/hadoop-hdds-hadoop-dependency-client-1.1.0-SNAPSHOT.jar:/opt/hadoop/share/ozone/lib/stax2-api-3.1.4.jar:/opt/hadoop/share/ozone/lib/commons-digester-1.8.1.jar:/opt/hadoop/share/ozone/lib/commons-collections-3.2.2.jar:/opt/hadoop/share/ozone/lib/commons-text-1.4.jar:/opt/hadoop/share/ozone/lib/jackson-core-2.10.3.jar:/opt/hadoop/share/ozone/lib/jersey-servlet-1.19.jar:/opt/hadoop/share/ozone/lib/jetty-util-9.4.34.v20201102.jar:/opt/hadoop/share/ozone/lib/slf4j-api-1.7.25.jar:/opt/hadoop/share/ozone/lib/kerb-identity-1.0.1.jar:/opt/hadoop/share/ozone/lib/hadoop-hdds-server-framework-1.1.0-SNAPSHOT.jar:/opt/hadoop/share/ozone/lib/hadoop-hdds-common-1.1.0-SNAPSHOT-tests.jar:/opt/hadoop/share/ozone/lib/hadoop-hdds-hadoop-dependency-server-1.1.0-SNAPSHOT.jar:/opt/hadoop/share/ozone/lib/jaeger-client-1.2.0.jar:/opt/hadoop/share/ozone/lib/kerb-common-1.0.1.jar:/opt/hadoop/share/ozone/lib/hadoop-hdds-interface-admin-1.1.0-SNAPSHOT.jar:/opt/hadoop/share/ozone/lib/jersey-server-1.19.jar:/opt/hadoop/share/ozone/lib/kerb-crypto-1.0.1.jar:/opt/hadoop/share/ozone/lib/hadoop-annotations-3.2.1.jar:/opt/hadoop/share/ozone/web:/opt/hadoop/share/ozone/lib/hadoop-hdds-server-scm-1.1.0-SNAPSHOT.jar
scm_1       | STARTUP_MSG:   build = https://github.com/apache/ozone.git/4b69f08a8ba40c1bba19fc779f17244ebb48aade ; compiled by 'runner' on 2020-11-24T22:39Z
scm_1       | STARTUP_MSG:   java = 11.0.7
scm_1       | ************************************************************/
datanode_3  | GC pool 'ParNew' had collection(s): count=531 time=1908ms
datanode_3  | GC pool 'ConcurrentMarkSweep' had collection(s): count=1 time=25ms
datanode_3  | 2020-11-24 23:14:21,397 [org.apache.ratis.server.JvmPauseMonitor@7992cb2b-Monitor] WARN server.JvmPauseMonitor: Detected pause in JVM or host machine (eg GC): pause of approximately 2ms
datanode_3  | GC pool 'ParNew' had collection(s): count=559 time=1994ms
datanode_3  | GC pool 'ConcurrentMarkSweep' had collection(s): count=1 time=25ms
datanode_3  | 2020-11-24 23:14:30,411 [org.apache.ratis.server.JvmPauseMonitor@7992cb2b-Monitor] WARN server.JvmPauseMonitor: Detected pause in JVM or host machine (eg GC): pause of approximately 9ms
datanode_3  | GC pool 'ParNew' had collection(s): count=630 time=2218ms
datanode_3  | GC pool 'ConcurrentMarkSweep' had collection(s): count=1 time=25ms
datanode_3  | 2020-11-24 23:14:32,414 [org.apache.ratis.server.JvmPauseMonitor@7992cb2b-Monitor] WARN server.JvmPauseMonitor: Detected pause in JVM or host machine (eg GC): pause of approximately 2ms
datanode_3  | GC pool 'ParNew' had collection(s): count=647 time=2279ms
datanode_3  | GC pool 'ConcurrentMarkSweep' had collection(s): count=1 time=25ms
datanode_3  | 2020-11-24 23:14:37,918 [org.apache.ratis.server.JvmPauseMonitor@7992cb2b-Monitor] WARN server.JvmPauseMonitor: Detected pause in JVM or host machine (eg GC): pause of approximately 1ms
datanode_3  | GC pool 'ParNew' had collection(s): count=696 time=2408ms
datanode_3  | GC pool 'ConcurrentMarkSweep' had collection(s): count=1 time=25ms
datanode_3  | 2020-11-24 23:14:40,421 [org.apache.ratis.server.JvmPauseMonitor@7992cb2b-Monitor] WARN server.JvmPauseMonitor: Detected pause in JVM or host machine (eg GC): pause of approximately 1ms
datanode_3  | GC pool 'ParNew' had collection(s): count=717 time=2460ms
datanode_3  | GC pool 'ConcurrentMarkSweep' had collection(s): count=1 time=25ms
datanode_2  | 2020-11-24 23:11:49,182 [java.util.concurrent.ThreadPoolExecutor$Worker@7f0325e4[State = -1, empty queue]] WARN server.GrpcLogAppender: dcd870e2-60b2-495d-baa5-0eb923eec70f@group-23A3224C2F73->a3e373a9-54bd-496b-a7c1-685a5b0155ac-GrpcLogAppender:  appendEntries Timeout, request=AppendEntriesRequest:cid=269,entriesCount=1,lastEntry=(t:1, i:4)
datanode_2  | 2020-11-24 23:11:52,614 [java.util.concurrent.ThreadPoolExecutor$Worker@7f0325e4[State = -1, empty queue]] WARN server.GrpcLogAppender: dcd870e2-60b2-495d-baa5-0eb923eec70f@group-23A3224C2F73->a3e373a9-54bd-496b-a7c1-685a5b0155ac-GrpcLogAppender:  appendEntries Timeout, request=AppendEntriesRequest:cid=516,entriesCount=1,lastEntry=(t:1, i:5)
datanode_2  | 2020-11-24 23:11:52,618 [java.util.concurrent.ThreadPoolExecutor$Worker@7f0325e4[State = -1, empty queue]] WARN server.GrpcLogAppender: dcd870e2-60b2-495d-baa5-0eb923eec70f@group-23A3224C2F73->a3e373a9-54bd-496b-a7c1-685a5b0155ac-GrpcLogAppender:  appendEntries Timeout, request=AppendEntriesRequest:cid=517,entriesCount=1,lastEntry=(t:1, i:6)
datanode_2  | 2020-11-24 23:11:52,623 [java.util.concurrent.ThreadPoolExecutor$Worker@7f0325e4[State = -1, empty queue]] WARN server.GrpcLogAppender: dcd870e2-60b2-495d-baa5-0eb923eec70f@group-23A3224C2F73->a3e373a9-54bd-496b-a7c1-685a5b0155ac-GrpcLogAppender:  appendEntries Timeout, request=AppendEntriesRequest:cid=518,entriesCount=1,lastEntry=(t:1, i:7)
datanode_2  | 2020-11-24 23:11:55,445 [org.apache.ratis.server.JvmPauseMonitor@18b76250-Monitor] WARN server.JvmPauseMonitor: Detected pause in JVM or host machine (eg GC): pause of approximately 1ms
datanode_2  | GC pool 'ParNew' had collection(s): count=8 time=513ms
datanode_2  | GC pool 'ConcurrentMarkSweep' had collection(s): count=1 time=82ms
datanode_2  | 2020-11-24 23:12:09,455 [org.apache.ratis.server.JvmPauseMonitor@18b76250-Monitor] WARN server.JvmPauseMonitor: Detected pause in JVM or host machine (eg GC): pause of approximately 3ms
datanode_2  | GC pool 'ParNew' had collection(s): count=9 time=546ms
datanode_2  | GC pool 'ConcurrentMarkSweep' had collection(s): count=1 time=82ms
datanode_2  | 2020-11-24 23:12:09,958 [org.apache.ratis.server.JvmPauseMonitor@18b76250-Monitor] WARN server.JvmPauseMonitor: Detected pause in JVM or host machine (eg GC): pause of approximately 2ms
datanode_2  | GC pool 'ParNew' had collection(s): count=10 time=588ms
datanode_2  | GC pool 'ConcurrentMarkSweep' had collection(s): count=1 time=85ms
datanode_2  | 2020-11-24 23:12:17,291 [java.util.concurrent.ThreadPoolExecutor$Worker@7f0325e4[State = -1, empty queue]] WARN server.GrpcLogAppender: dcd870e2-60b2-495d-baa5-0eb923eec70f@group-23A3224C2F73->a3e373a9-54bd-496b-a7c1-685a5b0155ac-GrpcLogAppender:  appendEntries Timeout, request=AppendEntriesRequest:cid=776,entriesCount=1,lastEntry=(t:1, i:8)
datanode_2  | 2020-11-24 23:12:17,414 [java.util.concurrent.ThreadPoolExecutor$Worker@7f0325e4[State = -1, empty queue]] WARN server.GrpcLogAppender: dcd870e2-60b2-495d-baa5-0eb923eec70f@group-23A3224C2F73->a3e373a9-54bd-496b-a7c1-685a5b0155ac-GrpcLogAppender:  appendEntries Timeout, request=AppendEntriesRequest:cid=777,entriesCount=1,lastEntry=(t:1, i:9)
datanode_2  | 2020-11-24 23:12:17,428 [java.util.concurrent.ThreadPoolExecutor$Worker@7f0325e4[State = -1, empty queue]] WARN server.GrpcLogAppender: dcd870e2-60b2-495d-baa5-0eb923eec70f@group-23A3224C2F73->a3e373a9-54bd-496b-a7c1-685a5b0155ac-GrpcLogAppender:  appendEntries Timeout, request=AppendEntriesRequest:cid=778,entriesCount=1,lastEntry=(t:1, i:10)
datanode_2  | 2020-11-24 23:12:17,501 [java.util.concurrent.ThreadPoolExecutor$Worker@7f0325e4[State = -1, empty queue]] WARN server.GrpcLogAppender: dcd870e2-60b2-495d-baa5-0eb923eec70f@group-23A3224C2F73->a3e373a9-54bd-496b-a7c1-685a5b0155ac-GrpcLogAppender:  appendEntries Timeout, request=AppendEntriesRequest:cid=779,entriesCount=1,lastEntry=(t:1, i:11)
datanode_2  | 2020-11-24 23:12:17,522 [java.util.concurrent.ThreadPoolExecutor$Worker@7f0325e4[State = -1, empty queue]] WARN server.GrpcLogAppender: dcd870e2-60b2-495d-baa5-0eb923eec70f@group-23A3224C2F73->a3e373a9-54bd-496b-a7c1-685a5b0155ac-GrpcLogAppender:  appendEntries Timeout, request=AppendEntriesRequest:cid=782,entriesCount=1,lastEntry=(t:1, i:12)
datanode_2  | 2020-11-24 23:12:17,527 [java.util.concurrent.ThreadPoolExecutor$Worker@7f0325e4[State = -1, empty queue]] WARN server.GrpcLogAppender: dcd870e2-60b2-495d-baa5-0eb923eec70f@group-23A3224C2F73->a3e373a9-54bd-496b-a7c1-685a5b0155ac-GrpcLogAppender:  appendEntries Timeout, request=AppendEntriesRequest:cid=783,entriesCount=1,lastEntry=(t:1, i:13)
datanode_2  | 2020-11-24 23:12:20,963 [org.apache.ratis.server.JvmPauseMonitor@18b76250-Monitor] WARN server.JvmPauseMonitor: Detected pause in JVM or host machine (eg GC): pause of approximately 1ms
datanode_2  | GC pool 'ParNew' had collection(s): count=12 time=638ms
datanode_2  | GC pool 'ConcurrentMarkSweep' had collection(s): count=2 time=96ms
datanode_2  | 2020-11-24 23:12:21,440 [java.util.concurrent.ThreadPoolExecutor$Worker@7f0325e4[State = -1, empty queue]] WARN server.GrpcLogAppender: dcd870e2-60b2-495d-baa5-0eb923eec70f@group-23A3224C2F73->a3e373a9-54bd-496b-a7c1-685a5b0155ac-GrpcLogAppender:  appendEntries Timeout, request=AppendEntriesRequest:cid=1036,entriesCount=1,lastEntry=(t:1, i:14)
datanode_2  | 2020-11-24 23:12:21,505 [java.util.concurrent.ThreadPoolExecutor$Worker@7f0325e4[State = -1, empty queue]] WARN server.GrpcLogAppender: dcd870e2-60b2-495d-baa5-0eb923eec70f@group-23A3224C2F73->a3e373a9-54bd-496b-a7c1-685a5b0155ac-GrpcLogAppender:  appendEntries Timeout, request=AppendEntriesRequest:cid=1037,entriesCount=1,lastEntry=(t:1, i:15)
datanode_2  | 2020-11-24 23:12:21,549 [java.util.concurrent.ThreadPoolExecutor$Worker@7f0325e4[State = -1, empty queue]] WARN server.GrpcLogAppender: dcd870e2-60b2-495d-baa5-0eb923eec70f@group-23A3224C2F73->a3e373a9-54bd-496b-a7c1-685a5b0155ac-GrpcLogAppender:  appendEntries Timeout, request=AppendEntriesRequest:cid=1038,entriesCount=1,lastEntry=(t:1, i:16)
datanode_2  | 2020-11-24 23:12:21,620 [java.util.concurrent.ThreadPoolExecutor$Worker@7f0325e4[State = -1, empty queue]] WARN server.GrpcLogAppender: dcd870e2-60b2-495d-baa5-0eb923eec70f@group-23A3224C2F73->a3e373a9-54bd-496b-a7c1-685a5b0155ac-GrpcLogAppender:  appendEntries Timeout, request=AppendEntriesRequest:cid=1039,entriesCount=1,lastEntry=(t:1, i:17)
datanode_2  | 2020-11-24 23:12:21,634 [java.util.concurrent.ThreadPoolExecutor$Worker@7f0325e4[State = -1, empty queue]] WARN server.GrpcLogAppender: dcd870e2-60b2-495d-baa5-0eb923eec70f@group-23A3224C2F73->a3e373a9-54bd-496b-a7c1-685a5b0155ac-GrpcLogAppender:  appendEntries Timeout, request=AppendEntriesRequest:cid=1041,entriesCount=1,lastEntry=(t:1, i:18)
datanode_2  | 2020-11-24 23:12:21,643 [java.util.concurrent.ThreadPoolExecutor$Worker@7f0325e4[State = -1, empty queue]] WARN server.GrpcLogAppender: dcd870e2-60b2-495d-baa5-0eb923eec70f@group-23A3224C2F73->a3e373a9-54bd-496b-a7c1-685a5b0155ac-GrpcLogAppender:  appendEntries Timeout, request=AppendEntriesRequest:cid=1042,entriesCount=1,lastEntry=(t:1, i:19)
datanode_2  | 2020-11-24 23:12:25,467 [org.apache.ratis.server.JvmPauseMonitor@18b76250-Monitor] WARN server.JvmPauseMonitor: Detected pause in JVM or host machine (eg GC): pause of approximately 1ms
datanode_2  | GC pool 'ParNew' had collection(s): count=12 time=638ms
datanode_2  | GC pool 'ConcurrentMarkSweep' had collection(s): count=2 time=96ms
datanode_2  | 2020-11-24 23:12:25,658 [java.util.concurrent.ThreadPoolExecutor$Worker@7f0325e4[State = -1, empty queue]] WARN server.GrpcLogAppender: dcd870e2-60b2-495d-baa5-0eb923eec70f@group-23A3224C2F73->a3e373a9-54bd-496b-a7c1-685a5b0155ac-GrpcLogAppender:  appendEntries Timeout, request=AppendEntriesRequest:cid=1296,entriesCount=1,lastEntry=(t:1, i:20)
datanode_2  | 2020-11-24 23:12:25,690 [java.util.concurrent.ThreadPoolExecutor$Worker@7f0325e4[State = -1, empty queue]] WARN server.GrpcLogAppender: dcd870e2-60b2-495d-baa5-0eb923eec70f@group-23A3224C2F73->a3e373a9-54bd-496b-a7c1-685a5b0155ac-GrpcLogAppender:  appendEntries Timeout, request=AppendEntriesRequest:cid=1297,entriesCount=1,lastEntry=(t:1, i:21)
datanode_2  | 2020-11-24 23:12:25,708 [java.util.concurrent.ThreadPoolExecutor$Worker@7f0325e4[State = -1, empty queue]] WARN server.GrpcLogAppender: dcd870e2-60b2-495d-baa5-0eb923eec70f@group-23A3224C2F73->a3e373a9-54bd-496b-a7c1-685a5b0155ac-GrpcLogAppender:  appendEntries Timeout, request=AppendEntriesRequest:cid=1298,entriesCount=1,lastEntry=(t:1, i:22)
datanode_2  | 2020-11-24 23:12:25,792 [java.util.concurrent.ThreadPoolExecutor$Worker@7f0325e4[State = -1, empty queue]] WARN server.GrpcLogAppender: dcd870e2-60b2-495d-baa5-0eb923eec70f@group-23A3224C2F73->a3e373a9-54bd-496b-a7c1-685a5b0155ac-GrpcLogAppender:  appendEntries Timeout, request=AppendEntriesRequest:cid=1299,entriesCount=1,lastEntry=(t:1, i:23)
datanode_2  | 2020-11-24 23:12:25,810 [java.util.concurrent.ThreadPoolExecutor$Worker@7f0325e4[State = -1, empty queue]] WARN server.GrpcLogAppender: dcd870e2-60b2-495d-baa5-0eb923eec70f@group-23A3224C2F73->a3e373a9-54bd-496b-a7c1-685a5b0155ac-GrpcLogAppender:  appendEntries Timeout, request=AppendEntriesRequest:cid=1301,entriesCount=1,lastEntry=(t:1, i:24)
datanode_2  | 2020-11-24 23:12:25,814 [java.util.concurrent.ThreadPoolExecutor$Worker@7f0325e4[State = -1, empty queue]] WARN server.GrpcLogAppender: dcd870e2-60b2-495d-baa5-0eb923eec70f@group-23A3224C2F73->a3e373a9-54bd-496b-a7c1-685a5b0155ac-GrpcLogAppender:  appendEntries Timeout, request=AppendEntriesRequest:cid=1302,entriesCount=1,lastEntry=(t:1, i:25)
datanode_2  | 2020-11-24 23:12:29,110 [java.util.concurrent.ThreadPoolExecutor$Worker@7f0325e4[State = -1, empty queue]] WARN server.GrpcLogAppender: dcd870e2-60b2-495d-baa5-0eb923eec70f@group-23A3224C2F73->a3e373a9-54bd-496b-a7c1-685a5b0155ac-GrpcLogAppender:  appendEntries Timeout, request=AppendEntriesRequest:cid=1553,entriesCount=1,lastEntry=(t:1, i:26)
datanode_2  | 2020-11-24 23:12:29,124 [java.util.concurrent.ThreadPoolExecutor$Worker@7f0325e4[State = -1, empty queue]] WARN server.GrpcLogAppender: dcd870e2-60b2-495d-baa5-0eb923eec70f@group-23A3224C2F73->a3e373a9-54bd-496b-a7c1-685a5b0155ac-GrpcLogAppender:  appendEntries Timeout, request=AppendEntriesRequest:cid=1554,entriesCount=1,lastEntry=(t:1, i:27)
datanode_2  | 2020-11-24 23:12:29,125 [java.util.concurrent.ThreadPoolExecutor$Worker@7f0325e4[State = -1, empty queue]] WARN server.GrpcLogAppender: dcd870e2-60b2-495d-baa5-0eb923eec70f@group-23A3224C2F73->a3e373a9-54bd-496b-a7c1-685a5b0155ac-GrpcLogAppender:  appendEntries Timeout, request=AppendEntriesRequest:cid=1555,entriesCount=1,lastEntry=(t:1, i:28)
datanode_2  | 2020-11-24 23:12:29,141 [java.util.concurrent.ThreadPoolExecutor$Worker@7f0325e4[State = -1, empty queue]] WARN server.GrpcLogAppender: dcd870e2-60b2-495d-baa5-0eb923eec70f@group-23A3224C2F73->a3e373a9-54bd-496b-a7c1-685a5b0155ac-GrpcLogAppender:  appendEntries Timeout, request=AppendEntriesRequest:cid=1556,entriesCount=1,lastEntry=(t:1, i:29)
datanode_2  | 2020-11-24 23:12:34,902 [java.util.concurrent.ThreadPoolExecutor$Worker@7f0325e4[State = -1, empty queue]] WARN server.GrpcLogAppender: dcd870e2-60b2-495d-baa5-0eb923eec70f@group-23A3224C2F73->a3e373a9-54bd-496b-a7c1-685a5b0155ac-GrpcLogAppender:  appendEntries Timeout, request=AppendEntriesRequest:cid=1807,entriesCount=1,lastEntry=(t:1, i:30)
datanode_2  | 2020-11-24 23:12:34,945 [java.util.concurrent.ThreadPoolExecutor$Worker@7f0325e4[State = -1, empty queue]] WARN server.GrpcLogAppender: dcd870e2-60b2-495d-baa5-0eb923eec70f@group-23A3224C2F73->a3e373a9-54bd-496b-a7c1-685a5b0155ac-GrpcLogAppender:  appendEntries Timeout, request=AppendEntriesRequest:cid=1808,entriesCount=1,lastEntry=(t:1, i:31)
datanode_2  | 2020-11-24 23:12:34,946 [java.util.concurrent.ThreadPoolExecutor$Worker@7f0325e4[State = -1, empty queue]] WARN server.GrpcLogAppender: dcd870e2-60b2-495d-baa5-0eb923eec70f@group-23A3224C2F73->a3e373a9-54bd-496b-a7c1-685a5b0155ac-GrpcLogAppender:  appendEntries Timeout, request=AppendEntriesRequest:cid=1809,entriesCount=1,lastEntry=(t:1, i:32)
om2_1       | 2020-11-24 23:10:24,202 [grpc-default-executor-4] INFO impl.RoleInfo: om2: shutdown om2@group-562213E44849-LeaderElection1
om2_1       | 2020-11-24 23:10:24,203 [grpc-default-executor-4] INFO impl.RoleInfo: om2: start om2@group-562213E44849-FollowerState
om2_1       | 2020-11-24 23:10:24,203 [Listener at om2/9862] INFO impl.MetricsSinkAdapter: Sink prometheus started
om2_1       | 2020-11-24 23:10:24,203 [Listener at om2/9862] INFO impl.MetricsSystemImpl: Registered sink prometheus
om2_1       | 2020-11-24 23:10:24,207 [Listener at om2/9862] INFO http.BaseHttpServer: HTTP server of ozoneManager listening at http://0.0.0.0:9874
om1_1       | 	at java.base/java.util.concurrent.ThreadPoolExecutor$Worker.run(ThreadPoolExecutor.java:628)
s3g_1       | INVALID_BUCKET_NAME org.apache.hadoop.ozone.om.exceptions.OMException: Bucket or Volume name has an unsupported character : _
s3g_1       | 	at org.apache.hadoop.ozone.client.rpc.RpcClient.verifyBucketName(RpcClient.java:446)
scm_1       | 2020-11-24 23:09:33,393 [main] INFO server.StorageContainerManagerStarter: registered UNIX signal handlers for [TERM, HUP, INT]
om3_1       | 2020-11-24 23:10:20,367 [Listener at om3/9862] INFO ratis.OzoneManagerRatisServer: Starting OzoneManagerRatisServer om3 at port 9872
om3_1       | 2020-11-24 23:10:20,371 [Listener at om3/9862] INFO impl.RaftServerImpl: om3@group-562213E44849: start as a follower, conf=-1: [om1|rpc:om1:9872, om3|rpc:om3:9872, om2|rpc:om2:9872], old=null
om3_1       | 2020-11-24 23:10:20,373 [Listener at om3/9862] INFO impl.RaftServerImpl: om3@group-562213E44849: changes role from      null to FOLLOWER at term 0 for startAsFollower
om3_1       | 2020-11-24 23:10:20,375 [Listener at om3/9862] INFO impl.RoleInfo: om3: start om3@group-562213E44849-FollowerState
om3_1       | 2020-11-24 23:10:20,382 [Listener at om3/9862] INFO util.JmxRegister: Successfully registered JMX Bean with object name Ratis:service=RaftServer,group=group-562213E44849,id=om3
om3_1       | 2020-11-24 23:10:20,384 [Listener at om3/9862] INFO metrics.RatisMetrics: Creating Metrics Registry : ratis.state_machine.om3@group-562213E44849
om2_1       | 2020-11-24 23:10:24,218 [IPC Server Responder] INFO ipc.Server: IPC Server Responder: starting
om2_1       | 2020-11-24 23:10:24,223 [IPC Server listener on 9862] INFO ipc.Server: IPC Server listener on 9862: starting
om2_1       | 2020-11-24 23:10:24,495 [om2@group-562213E44849-LeaderElection1] INFO impl.LeaderElection: om2@group-562213E44849-LeaderElection1: Election DISCOVERED_A_NEW_TERM; received 1 response(s) [om2<-om3#0:FAIL-t3] and 0 exception(s); om2@group-562213E44849:t3, leader=null, voted=null, raftlog=om2@group-562213E44849-SegmentedRaftLog:OPENED:c-1,f-1,i0, conf=-1: [om1|rpc:om1:9872, om3|rpc:om3:9872, om2|rpc:om2:9872], old=null
om2_1       | 2020-11-24 23:10:24,508 [Listener at om2/9862] INFO om.OzoneManager: Trash Interval set to 0. Files deleted will not move to trash
om2_1       | 2020-11-24 23:10:24,534 [org.apache.hadoop.util.JvmPauseMonitor$Monitor@5a464be7] INFO util.JvmPauseMonitor: Starting JVM pause monitor
om2_1       | 2020-11-24 23:10:25,209 [grpc-default-executor-4] INFO impl.RaftServerImpl: om2@group-562213E44849: changes role from  FOLLOWER to FOLLOWER at term 4 for recognizeCandidate:om1
om2_1       | 2020-11-24 23:10:25,209 [grpc-default-executor-4] INFO impl.RoleInfo: om2: shutdown om2@group-562213E44849-FollowerState
datanode_1  | 2020-11-24 23:12:30,913 [org.apache.ratis.server.JvmPauseMonitor@25fd9d0e-Monitor] WARN server.JvmPauseMonitor: Detected pause in JVM or host machine (eg GC): pause of approximately 1ms
datanode_1  | GC pool 'ParNew' had collection(s): count=12 time=616ms
datanode_1  | GC pool 'ConcurrentMarkSweep' had collection(s): count=2 time=155ms
datanode_1  | 2020-11-24 23:13:01,427 [org.apache.ratis.server.JvmPauseMonitor@25fd9d0e-Monitor] WARN server.JvmPauseMonitor: Detected pause in JVM or host machine (eg GC): pause of approximately 1ms
scm_1       | 2020-11-24 23:09:34,664 [main] WARN server.ServerUtils: ozone.scm.db.dirs is not configured. We recommend adding this setting. Falling back to ozone.metadata.dirs instead.
scm_1       | 2020-11-24 23:09:35,217 [main] INFO server.StorageContainerManager: SCM initialization succeeded. Current cluster id for sd=/data/metadata/scm;cid=CID-7ad17540-4094-425c-b530-4af664a76385;layoutVersion=0
scm_1       | 2020-11-24 23:09:35,417 [shutdown-hook-0] INFO server.StorageContainerManagerStarter: SHUTDOWN_MSG: 
scm_1       | /************************************************************
datanode_1  | GC pool 'ParNew' had collection(s): count=12 time=616ms
datanode_1  | GC pool 'ConcurrentMarkSweep' had collection(s): count=2 time=155ms
datanode_1  | 2020-11-24 23:14:43,972 [org.apache.ratis.server.JvmPauseMonitor@25fd9d0e-Monitor] WARN server.JvmPauseMonitor: Detected pause in JVM or host machine (eg GC): pause of approximately 1ms
datanode_1  | GC pool 'ParNew' had collection(s): count=13 time=640ms
datanode_1  | GC pool 'ConcurrentMarkSweep' had collection(s): count=2 time=155ms
datanode_1  | 2020-11-24 23:14:53,478 [org.apache.ratis.server.JvmPauseMonitor@25fd9d0e-Monitor] WARN server.JvmPauseMonitor: Detected pause in JVM or host machine (eg GC): pause of approximately 1ms
scm_1       | SHUTDOWN_MSG: Shutting down StorageContainerManager at 8715291e6793/172.23.0.4
datanode_2  | 2020-11-24 23:12:34,947 [java.util.concurrent.ThreadPoolExecutor$Worker@7f0325e4[State = -1, empty queue]] WARN server.GrpcLogAppender: dcd870e2-60b2-495d-baa5-0eb923eec70f@group-23A3224C2F73->a3e373a9-54bd-496b-a7c1-685a5b0155ac-GrpcLogAppender:  appendEntries Timeout, request=AppendEntriesRequest:cid=1810,entriesCount=1,lastEntry=(t:1, i:33)
datanode_3  | 2020-11-24 23:15:12,938 [org.apache.ratis.server.JvmPauseMonitor@7992cb2b-Monitor] WARN server.JvmPauseMonitor: Detected pause in JVM or host machine (eg GC): pause of approximately 2ms
datanode_3  | GC pool 'ParNew' had collection(s): count=1003 time=3216ms
datanode_3  | GC pool 'ConcurrentMarkSweep' had collection(s): count=1 time=25ms
datanode_1  | GC pool 'ParNew' had collection(s): count=13 time=640ms
om1_1       | 	at java.base/java.lang.Thread.run(Thread.java:834)
om3_1       | 2020-11-24 23:10:20,395 [Listener at om3/9862] INFO impl.RaftServerProxy: om3: start RPC server
scm_1       | ************************************************************/
om2_1       | 2020-11-24 23:10:25,209 [grpc-default-executor-4] INFO impl.RoleInfo: om2: start om2@group-562213E44849-FollowerState
om2_1       | 2020-11-24 23:10:25,211 [grpc-default-executor-4] INFO impl.RaftServerImpl:  FOLLOWER om2@group-562213E44849:t4, leader=null, voted=null, raftlog=om2@group-562213E44849-SegmentedRaftLog:OPENED:c-1,f-1,i0, conf=-1: [om1|rpc:om1:9872, om3|rpc:om3:9872, om2|rpc:om2:9872], old=null RUNNING priority:0 candidate:om1|rpc:om1:9872 candidatePriority:0 compare:0
om2_1       | 2020-11-24 23:10:25,219 [Thread-31] INFO impl.FollowerState: om2@group-562213E44849-FollowerState was interrupted: {}
s3g_1       | 	at org.apache.hadoop.ozone.client.rpc.RpcClient.createBucket(RpcClient.java:390)
datanode_1  | GC pool 'ConcurrentMarkSweep' had collection(s): count=2 time=155ms
om3_1       | 2020-11-24 23:10:20,701 [Listener at om3/9862] INFO server.GrpcService: om3: GrpcService started, listening on 0.0.0.0/0.0.0.0:9872
om3_1       | 2020-11-24 23:10:20,738 [org.apache.ratis.server.JvmPauseMonitor@688efeb2-Monitor] INFO server.RaftServerConfigKeys: raft.server.leaderelection.leader.step-down.wait-time = 10s (default)
om3_1       | 2020-11-24 23:10:20,738 [org.apache.ratis.server.JvmPauseMonitor@688efeb2-Monitor] INFO server.RaftServerConfigKeys: raft.server.rpc.slowness.timeout = 120s (custom)
datanode_2  | 2020-11-24 23:12:38,293 [java.util.concurrent.ThreadPoolExecutor$Worker@7f0325e4[State = -1, empty queue]] WARN server.GrpcLogAppender: dcd870e2-60b2-495d-baa5-0eb923eec70f@group-23A3224C2F73->a3e373a9-54bd-496b-a7c1-685a5b0155ac-GrpcLogAppender:  appendEntries Timeout, request=AppendEntriesRequest:cid=2060,entriesCount=1,lastEntry=(t:1, i:34)
om2_1       | java.lang.InterruptedException: sleep interrupted
om2_1       | 	at java.base/java.lang.Thread.sleep(Native Method)
om2_1       | 	at org.apache.ratis.util.JavaUtils.sleep(JavaUtils.java:250)
om2_1       | 	at org.apache.ratis.server.impl.FollowerState.run(FollowerState.java:116)
datanode_3  | 2020-11-24 23:15:18,944 [org.apache.ratis.server.JvmPauseMonitor@7992cb2b-Monitor] WARN server.JvmPauseMonitor: Detected pause in JVM or host machine (eg GC): pause of approximately 2ms
datanode_3  | GC pool 'ParNew' had collection(s): count=1055 time=3343ms
datanode_3  | GC pool 'ConcurrentMarkSweep' had collection(s): count=1 time=25ms
datanode_3  | 2020-11-24 23:15:23,948 [org.apache.ratis.server.JvmPauseMonitor@7992cb2b-Monitor] WARN server.JvmPauseMonitor: Detected pause in JVM or host machine (eg GC): pause of approximately 1ms
datanode_3  | GC pool 'ParNew' had collection(s): count=1099 time=3458ms
datanode_3  | GC pool 'ConcurrentMarkSweep' had collection(s): count=1 time=25ms
datanode_3  | 2020-11-24 23:15:36,461 [org.apache.ratis.server.JvmPauseMonitor@7992cb2b-Monitor] WARN server.JvmPauseMonitor: Detected pause in JVM or host machine (eg GC): pause of approximately 1ms
datanode_3  | GC pool 'ParNew' had collection(s): count=1211 time=3757ms
datanode_3  | GC pool 'ConcurrentMarkSweep' had collection(s): count=1 time=25ms
datanode_3  | 2020-11-24 23:15:39,464 [org.apache.ratis.server.JvmPauseMonitor@7992cb2b-Monitor] WARN server.JvmPauseMonitor: Detected pause in JVM or host machine (eg GC): pause of approximately 1ms
datanode_3  | GC pool 'ParNew' had collection(s): count=1234 time=3844ms
datanode_3  | GC pool 'ConcurrentMarkSweep' had collection(s): count=1 time=25ms
datanode_3  | 2020-11-24 23:15:47,970 [org.apache.ratis.server.JvmPauseMonitor@7992cb2b-Monitor] WARN server.JvmPauseMonitor: Detected pause in JVM or host machine (eg GC): pause of approximately 2ms
om2_1       | 2020-11-24 23:10:25,435 [grpc-default-executor-4] INFO impl.RaftServerImpl: om2@group-562213E44849: change Leader from null to om1 at term 4 for appendEntries, leader elected after 5773ms
om2_1       | 2020-11-24 23:10:25,524 [grpc-default-executor-4] INFO impl.RaftServerImpl: om2@group-562213E44849: set configuration 0: [om1|rpc:om1:9872|dataStream:, om3|rpc:om3:9872|dataStream:, om2|rpc:om2:9872|dataStream:], old=null at 0
om2_1       | 2020-11-24 23:10:25,561 [grpc-default-executor-4] INFO segmented.SegmentedRaftLogWorker: om2@group-562213E44849-SegmentedRaftLogWorker: Starting segment from index:0
om2_1       | 2020-11-24 23:10:25,681 [org.apache.ratis.server.JvmPauseMonitor@129e45eb-Monitor] WARN server.JvmPauseMonitor: Detected pause in JVM or host machine (eg GC): pause of approximately 4ms
om2_1       | GC pool 'ParNew' had collection(s): count=2 time=146ms
om2_1       | GC pool 'ConcurrentMarkSweep' had collection(s): count=1 time=95ms
om2_1       | 2020-11-24 23:10:26,233 [om2@group-562213E44849-SegmentedRaftLogWorker] INFO segmented.SegmentedRaftLogWorker: om2@group-562213E44849-SegmentedRaftLogWorker: created new log segment /data/metadata/ratis/fafe1b60-c241-37cc-98f4-562213e44849/current/log_inprogress_0
om2_1       | 2020-11-24 23:10:41,195 [org.apache.ratis.server.JvmPauseMonitor@129e45eb-Monitor] WARN server.JvmPauseMonitor: Detected pause in JVM or host machine (eg GC): pause of approximately 2ms
om2_1       | GC pool 'ParNew' had collection(s): count=4 time=295ms
om2_1       | GC pool 'ConcurrentMarkSweep' had collection(s): count=1 time=95ms
om2_1       | 2020-11-24 23:10:41,703 [org.apache.ratis.server.JvmPauseMonitor@129e45eb-Monitor] WARN server.JvmPauseMonitor: Detected pause in JVM or host machine (eg GC): pause of approximately 7ms
datanode_3  | GC pool 'ParNew' had collection(s): count=1309 time=4035ms
datanode_3  | GC pool 'ConcurrentMarkSweep' had collection(s): count=1 time=25ms
datanode_3  | 2020-11-24 23:16:18,487 [org.apache.ratis.server.JvmPauseMonitor@7992cb2b-Monitor] WARN server.JvmPauseMonitor: Detected pause in JVM or host machine (eg GC): pause of approximately 2ms
datanode_3  | GC pool 'ParNew' had collection(s): count=1561 time=4684ms
datanode_3  | GC pool 'ConcurrentMarkSweep' had collection(s): count=2 time=39ms
om3_1       | 2020-11-24 23:10:20,791 [org.apache.ratis.server.JvmPauseMonitor@688efeb2-Monitor] INFO server.JvmPauseMonitor: Starting Ratis JVM pause monitor
om3_1       | 2020-11-24 23:10:20,937 [Listener at om3/9862] INFO http.BaseHttpServer: Starting Web-server for ozoneManager at: http://0.0.0.0:9874
om3_1       | 2020-11-24 23:10:20,938 [Listener at om3/9862] INFO http.BaseHttpServer: Hadoop Security Enabled: false Ozone Security Enabled: false Ozone HTTP Security Enabled: false 
om3_1       | 2020-11-24 23:10:21,085 [Listener at om3/9862] INFO util.log: Logging initialized @25135ms to org.eclipse.jetty.util.log.Slf4jLog
om3_1       | 2020-11-24 23:10:21,419 [Thread-12] INFO impl.FollowerState: om3@group-562213E44849-FollowerState: change to CANDIDATE, lastRpcTime:1044ms, electionTimeout:1023ms
om3_1       | 2020-11-24 23:10:21,419 [Thread-12] INFO impl.RoleInfo: om3: shutdown om3@group-562213E44849-FollowerState
datanode_3  | 2020-11-24 23:16:56,006 [org.apache.ratis.server.JvmPauseMonitor@7992cb2b-Monitor] WARN server.JvmPauseMonitor: Detected pause in JVM or host machine (eg GC): pause of approximately 1ms
datanode_3  | GC pool 'ParNew' had collection(s): count=1849 time=5534ms
datanode_3  | GC pool 'ConcurrentMarkSweep' had collection(s): count=2 time=39ms
datanode_3  | 2020-11-24 23:17:08,012 [org.apache.ratis.server.JvmPauseMonitor@7992cb2b-Monitor] WARN server.JvmPauseMonitor: Detected pause in JVM or host machine (eg GC): pause of approximately 1ms
datanode_3  | GC pool 'ParNew' had collection(s): count=1948 time=5771ms
om2_1       | GC pool 'ParNew' had collection(s): count=5 time=317ms
om2_1       | GC pool 'ConcurrentMarkSweep' had collection(s): count=1 time=95ms
om2_1       | 2020-11-24 23:10:42,207 [org.apache.ratis.server.JvmPauseMonitor@129e45eb-Monitor] WARN server.JvmPauseMonitor: Detected pause in JVM or host machine (eg GC): pause of approximately 3ms
om2_1       | GC pool 'ParNew' had collection(s): count=6 time=361ms
datanode_3  | GC pool 'ConcurrentMarkSweep' had collection(s): count=2 time=39ms
