datanode_3  | 2020-11-24 23:17:40,530 [org.apache.ratis.server.JvmPauseMonitor@7992cb2b-Monitor] WARN server.JvmPauseMonitor: Detected pause in JVM or host machine (eg GC): pause of approximately 1ms
datanode_3  | GC pool 'ParNew' had collection(s): count=2232 time=6519ms
datanode_3  | GC pool 'ConcurrentMarkSweep' had collection(s): count=2 time=39ms
datanode_3  | 2020-11-24 23:17:49,539 [org.apache.ratis.server.JvmPauseMonitor@7992cb2b-Monitor] WARN server.JvmPauseMonitor: Detected pause in JVM or host machine (eg GC): pause of approximately 1ms
datanode_3  | GC pool 'ParNew' had collection(s): count=2310 time=6706ms
datanode_3  | GC pool 'ConcurrentMarkSweep' had collection(s): count=2 time=39ms
datanode_3  | 2020-11-24 23:18:15,560 [org.apache.ratis.server.JvmPauseMonitor@7992cb2b-Monitor] WARN server.JvmPauseMonitor: Detected pause in JVM or host machine (eg GC): pause of approximately 1ms
datanode_3  | GC pool 'ParNew' had collection(s): count=2504 time=7269ms
datanode_3  | GC pool 'ConcurrentMarkSweep' had collection(s): count=2 time=39ms
datanode_3  | 2020-11-24 23:18:25,066 [org.apache.ratis.server.JvmPauseMonitor@7992cb2b-Monitor] WARN server.JvmPauseMonitor: Detected pause in JVM or host machine (eg GC): pause of approximately 1ms
om3_1       | 2020-11-24 23:10:21,430 [Thread-12] INFO impl.RaftServerImpl: om3@group-562213E44849: changes role from  FOLLOWER to CANDIDATE at term 0 for changeToCandidate
om3_1       | 2020-11-24 23:10:21,432 [Thread-12] INFO impl.RoleInfo: om3: start om3@group-562213E44849-LeaderElection1
om3_1       | 2020-11-24 23:10:21,479 [om3@group-562213E44849-LeaderElection1] INFO impl.LeaderElection: om3@group-562213E44849-LeaderElection1: begin an election at term 1 for -1: [om1|rpc:om1:9872, om3|rpc:om3:9872, om2|rpc:om2:9872], old=null
om3_1       | 2020-11-24 23:10:21,754 [Listener at om3/9862] INFO server.AuthenticationFilter: Unable to initialize FileSignerSecretProvider, falling back to use random secrets.
om3_1       | 2020-11-24 23:10:21,849 [org.apache.ratis.server.JvmPauseMonitor@688efeb2-Monitor] WARN server.JvmPauseMonitor: Detected pause in JVM or host machine (eg GC): pause of approximately 3ms
om3_1       | No GCs detected
om2_1       | GC pool 'ConcurrentMarkSweep' had collection(s): count=1 time=95ms
om2_1       | 2020-11-24 23:11:00,595 [OM StateMachine ApplyTransaction Thread - 0] ERROR bucket.OMBucketCreateRequest: Bucket creation failed for bucket:bucket-70911 in volume:s3v
om2_1       | BUCKET_ALREADY_EXISTS org.apache.hadoop.ozone.om.exceptions.OMException: Bucket already exist
om2_1       | 	at org.apache.hadoop.ozone.om.request.bucket.OMBucketCreateRequest.validateAndUpdateCache(OMBucketCreateRequest.java:192)
om2_1       | 	at org.apache.hadoop.ozone.protocolPB.OzoneManagerRequestHandler.handleWriteRequest(OzoneManagerRequestHandler.java:227)
om2_1       | 	at org.apache.hadoop.ozone.om.ratis.OzoneManagerStateMachine.runCommand(OzoneManagerStateMachine.java:416)
om3_1       | 2020-11-24 23:10:21,871 [Listener at om3/9862] INFO http.HttpRequestLog: Http request log for http.requests.ozoneManager is not defined
om3_1       | 2020-11-24 23:10:21,909 [Listener at om3/9862] INFO http.HttpServer2: Added global filter 'safety' (class=org.apache.hadoop.hdds.server.http.HttpServer2$QuotingInputFilter)
om3_1       | 2020-11-24 23:10:21,961 [Listener at om3/9862] INFO http.HttpServer2: Added filter static_user_filter (class=org.apache.hadoop.http.lib.StaticUserWebFilter$StaticUserFilter) to context ozoneManager
om3_1       | 2020-11-24 23:10:21,963 [Listener at om3/9862] INFO http.HttpServer2: Added filter static_user_filter (class=org.apache.hadoop.http.lib.StaticUserWebFilter$StaticUserFilter) to context static
om3_1       | 2020-11-24 23:10:21,964 [Listener at om3/9862] INFO http.HttpServer2: Added filter static_user_filter (class=org.apache.hadoop.http.lib.StaticUserWebFilter$StaticUserFilter) to context logs
om2_1       | 	at org.apache.hadoop.ozone.om.ratis.OzoneManagerStateMachine.lambda$applyTransaction$1(OzoneManagerStateMachine.java:240)
om2_1       | 	at java.base/java.util.concurrent.CompletableFuture$AsyncSupply.run(CompletableFuture.java:1700)
om2_1       | 	at java.base/java.util.concurrent.ThreadPoolExecutor.runWorker(ThreadPoolExecutor.java:1128)
om2_1       | 	at java.base/java.util.concurrent.ThreadPoolExecutor$Worker.run(ThreadPoolExecutor.java:628)
om2_1       | 	at java.base/java.lang.Thread.run(Thread.java:834)
om2_1       | 2020-11-24 23:11:05,427 [OM StateMachine ApplyTransaction Thread - 0] ERROR bucket.OMBucketDeleteRequest: Delete bucket failed for bucket:nosuchbucket in volume:s3v
scm_1       | No '-XX:...' jvm parameters are set. Adding safer GC settings '-XX:ParallelGCThreads=8 -XX:+UseConcMarkSweepGC -XX:CMSInitiatingOccupancyFraction=70 -XX:+CMSParallelRemarkEnabled' to the HADOOP_OPTS
scm_1       | OpenJDK 64-Bit Server VM warning: Option UseConcMarkSweepGC was deprecated in version 9.0 and will likely be removed in a future release.
scm_1       | 2020-11-24 23:09:49,991 [main] INFO server.StorageContainerManagerStarter: STARTUP_MSG: 
scm_1       | /************************************************************
scm_1       | STARTUP_MSG: Starting StorageContainerManager
om3_1       | 2020-11-24 23:10:22,287 [Listener at om3/9862] WARN http.BaseHttpServer: /prof java profiling servlet is activated. Not safe for production!
om3_1       | 2020-11-24 23:10:22,373 [org.apache.ratis.server.JvmPauseMonitor@688efeb2-Monitor] WARN server.JvmPauseMonitor: Detected pause in JVM or host machine (eg GC): pause of approximately 2ms
datanode_3  | GC pool 'ParNew' had collection(s): count=2580 time=7473ms
datanode_3  | GC pool 'ConcurrentMarkSweep' had collection(s): count=2 time=39ms
datanode_3  | 2020-11-24 23:19:19,592 [org.apache.ratis.server.JvmPauseMonitor@7992cb2b-Monitor] WARN server.JvmPauseMonitor: Detected pause in JVM or host machine (eg GC): pause of approximately 1ms
datanode_3  | GC pool 'ParNew' had collection(s): count=3048 time=8774ms
datanode_3  | GC pool 'ConcurrentMarkSweep' had collection(s): count=2 time=39ms
datanode_3  | 2020-11-24 23:19:51,606 [org.apache.ratis.server.JvmPauseMonitor@7992cb2b-Monitor] WARN server.JvmPauseMonitor: Detected pause in JVM or host machine (eg GC): pause of approximately 1ms
om2_1       | BUCKET_NOT_FOUND org.apache.hadoop.ozone.om.exceptions.OMException: Bucket already exist
om2_1       | 	at org.apache.hadoop.ozone.om.request.bucket.OMBucketDeleteRequest.validateAndUpdateCache(OMBucketDeleteRequest.java:118)
om2_1       | 	at org.apache.hadoop.ozone.protocolPB.OzoneManagerRequestHandler.handleWriteRequest(OzoneManagerRequestHandler.java:227)
om2_1       | 	at org.apache.hadoop.ozone.om.ratis.OzoneManagerStateMachine.runCommand(OzoneManagerStateMachine.java:416)
om2_1       | 	at org.apache.hadoop.ozone.om.ratis.OzoneManagerStateMachine.lambda$applyTransaction$1(OzoneManagerStateMachine.java:240)
scm_1       | STARTUP_MSG:   host = 8715291e6793/172.23.0.4
scm_1       | STARTUP_MSG:   args = []
scm_1       | STARTUP_MSG:   version = 1.1.0-SNAPSHOT
scm_1       | STARTUP_MSG:   classpath = /etc/hadoop:/opt/hadoop/share/hadoop/common/*:/opt/hadoop/share/ozone/lib/kerb-simplekdc-1.0.1.jar:/opt/hadoop/share/ozone/lib/okhttp-4.2.2.jar:/opt/hadoop/share/ozone/lib/hadoop-hdds-container-service-1.1.0-SNAPSHOT.jar:/opt/hadoop/share/ozone/lib/jackson-databind-2.10.3.jar:/opt/hadoop/share/ozone/lib/protobuf-java-2.5.0.jar:/opt/hadoop/share/ozone/lib/bcpkix-jdk15on-1.60.jar:/opt/hadoop/share/ozone/lib/ratis-proto-1.1.0-913f5a4-SNAPSHOT.jar:/opt/hadoop/share/ozone/lib/log4j-api-2.13.3.jar:/opt/hadoop/share/ozone/lib/jetty-util-ajax-9.4.34.v20201102.jar:/opt/hadoop/share/ozone/lib/commons-validator-1.6.jar:/opt/hadoop/share/ozone/lib/netty-3.10.5.Final.jar:/opt/hadoop/share/ozone/lib/kotlin-stdlib-common-1.3.50.jar:/opt/hadoop/share/ozone/lib/kerb-core-1.0.1.jar:/opt/hadoop/share/ozone/lib/picocli-4.4.0.jar:/opt/hadoop/share/ozone/lib/jsr305-3.0.0.jar:/opt/hadoop/share/ozone/lib/j2objc-annotations-1.3.jar:/opt/hadoop/share/ozone/lib/leveldbjni-all-1.8.jar:/opt/hadoop/share/ozone/lib/jetty-http-9.4.34.v20201102.jar:/opt/hadoop/share/ozone/lib/jaeger-tracerresolver-1.2.0.jar:/opt/hadoop/share/ozone/lib/hadoop-auth-3.2.1.jar:/opt/hadoop/share/ozone/lib/hadoop-hdds-interface-server-1.1.0-SNAPSHOT.jar:/opt/hadoop/share/ozone/lib/htrace-core4-4.1.0-incubating.jar:/opt/hadoop/share/ozone/lib/kerb-util-1.0.1.jar:/opt/hadoop/share/ozone/lib/jetty-server-9.4.34.v20201102.jar:/opt/hadoop/share/ozone/lib/jaeger-thrift-1.2.0.jar:/opt/hadoop/share/ozone/lib/commons-logging-1.2.jar:/opt/hadoop/share/ozone/lib/jetty-xml-9.4.34.v20201102.jar:/opt/hadoop/share/ozone/lib/kerby-xdr-1.0.1.jar:/opt/hadoop/share/ozone/lib/jetty-io-9.4.34.v20201102.jar:/opt/hadoop/share/ozone/lib/httpcore-4.4.13.jar:/opt/hadoop/share/ozone/lib/opentracing-tracerresolver-0.1.8.jar:/opt/hadoop/share/ozone/lib/commons-net-3.6.jar:/opt/hadoop/share/ozone/lib/jaeger-core-1.2.0.jar:/opt/hadoop/share/ozone/lib/error_prone_annotations-2.2.0.jar:/opt/hadoop/share/ozone/lib/jetty-webapp-9.4.34.v20201102.jar:/opt/hadoop/share/ozone/lib/ratis-thirdparty-misc-0.6.0-SNAPSHOT.jar:/opt/hadoop/share/ozone/lib/httpclient-4.5.13.jar:/opt/hadoop/share/ozone/lib/slf4j-log4j12-1.7.25.jar:/opt/hadoop/share/ozone/lib/ratis-server-1.1.0-913f5a4-SNAPSHOT.jar:/opt/hadoop/share/ozone/lib/okio-2.2.2.jar:/opt/hadoop/share/ozone/lib/kerby-config-1.0.1.jar:/opt/hadoop/share/ozone/lib/metrics-core-3.2.4.jar:/opt/hadoop/share/ozone/lib/guava-28.2-jre.jar:/opt/hadoop/share/ozone/lib/kerby-pkix-1.0.1.jar:/opt/hadoop/share/ozone/lib/xz-1.0.jar:/opt/hadoop/share/ozone/lib/jsr311-api-1.1.1.jar:/opt/hadoop/share/ozone/lib/hadoop-hdds-client-1.1.0-SNAPSHOT.jar:/opt/hadoop/share/ozone/lib/jetty-servlet-9.4.34.v20201102.jar:/opt/hadoop/share/ozone/lib/commons-beanutils-1.9.4.jar:/opt/hadoop/share/ozone/lib/javax.servlet-api-3.1.0.jar:/opt/hadoop/share/ozone/lib/kerb-server-1.0.1.jar:/opt/hadoop/share/ozone/lib/kerb-client-1.0.1.jar:/opt/hadoop/share/ozone/lib/ratis-metrics-1.1.0-913f5a4-SNAPSHOT.jar:/opt/hadoop/share/ozone/lib/disruptor-3.4.2.jar:/opt/hadoop/share/ozone/lib/libthrift-0.13.0.jar:/opt/hadoop/share/ozone/lib/log4j-core-2.13.3.jar:/opt/hadoop/share/ozone/lib/annotations-13.0.jar:/opt/hadoop/share/ozone/lib/simpleclient_common-0.7.0.jar:/opt/hadoop/share/ozone/lib/dnsjava-2.1.7.jar:/opt/hadoop/share/ozone/lib/jackson-annotations-2.10.3.jar:/opt/hadoop/share/ozone/lib/commons-configuration2-2.1.1.jar:/opt/hadoop/share/ozone/lib/json-smart-2.3.jar:/opt/hadoop/share/ozone/lib/token-provider-1.0.1.jar:/opt/hadoop/share/ozone/lib/log4j-1.2.17.jar:/opt/hadoop/share/ozone/lib/commons-daemon-1.0.13.jar:/opt/hadoop/share/ozone/lib/listenablefuture-9999.0-empty-to-avoid-conflict-with-guava.jar:/opt/hadoop/share/ozone/lib/jetty-security-9.4.34.v20201102.jar:/opt/hadoop/share/ozone/lib/bcprov-jdk15on-1.60.jar:/opt/hadoop/share/ozone/lib/hadoop-hdds-config-1.1.0-SNAPSHOT.jar:/opt/hadoop/share/ozone/lib/ratis-grpc-1.1.0-913f5a4-SNAPSHOT.jar:/opt/hadoop/share/ozone/lib/hadoop-hdds-common-1.1.0-SNAPSHOT.jar:/opt/hadoop/share/ozone/lib/hadoop-hdfs-client-3.2.1.jar:/opt/hadoop/share/ozone/lib/commons-lang3-3.7.jar:/opt/hadoop/share/ozone/lib/commons-compress-1.4.1.jar:/opt/hadoop/share/ozone/lib/accessors-smart-1.2.jar:/opt/hadoop/share/ozone/lib/re2j-1.1.jar:/opt/hadoop/share/ozone/lib/hadoop-hdfs-3.2.1.jar:/opt/hadoop/share/ozone/lib/commons-math3-3.1.1.jar:/opt/hadoop/share/ozone/lib/simpleclient_dropwizard-0.7.0.jar:/opt/hadoop/share/ozone/lib/hadoop-common-3.2.1.jar:/opt/hadoop/share/ozone/lib/simpleclient-0.7.0.jar:/opt/hadoop/share/ozone/lib/rocksdbjni-6.8.1.jar:/opt/hadoop/share/ozone/lib/asm-5.0.4.jar:/opt/hadoop/share/ozone/lib/kerby-util-1.0.1.jar:/opt/hadoop/share/ozone/lib/failureaccess-1.0.1.jar:/opt/hadoop/share/ozone/lib/jsp-api-2.1.jar:/opt/hadoop/share/ozone/lib/jsch-0.1.54.jar:/opt/hadoop/share/ozone/lib/nimbus-jose-jwt-7.9.jar:/opt/hadoop/share/ozone/lib/kotlin-stdlib-1.3.50.jar:/opt/hadoop/share/ozone/lib/commons-codec-1.11.jar:/opt/hadoop/share/ozone/lib/commons-pool2-2.6.0.jar:/opt/hadoop/share/ozone/lib/jackson-datatype-jsr310-2.10.3.jar:/opt/hadoop/share/ozone/lib/gson-2.2.4.jar:/opt/hadoop/share/ozone/lib/opentracing-api-0.33.0.jar:/opt/hadoop/share/ozone/lib/ratis-common-1.1.0-913f5a4-SNAPSHOT.jar:/opt/hadoop/share/ozone/lib/jcip-annotations-1.0-1.jar:/opt/hadoop/share/ozone/lib/kerb-admin-1.0.1.jar:/opt/hadoop/share/ozone/lib/commons-io-2.5.jar:/opt/hadoop/share/ozone/lib/snakeyaml-1.16.jar:/opt/hadoop/share/ozone/lib/opentracing-noop-0.33.0.jar:/opt/hadoop/share/ozone/lib/jersey-core-1.19.jar:/opt/hadoop/share/ozone/lib/checker-qual-2.10.0.jar:/opt/hadoop/share/ozone/lib/ratis-client-1.1.0-913f5a4-SNAPSHOT.jar:/opt/hadoop/share/ozone/lib/opentracing-util-0.33.0.jar:/opt/hadoop/share/ozone/lib/commons-cli-1.2.jar:/opt/hadoop/share/ozone/lib/ratis-netty-1.1.0-913f5a4-SNAPSHOT.jar:/opt/hadoop/share/ozone/lib/woodstox-core-5.0.3.jar:/opt/hadoop/share/ozone/lib/javax.annotation-api-1.2.jar:/opt/hadoop/share/ozone/lib/hadoop-hdds-interface-client-1.1.0-SNAPSHOT.jar:/opt/hadoop/share/ozone/lib/netty-all-4.1.48.Final.jar:/opt/hadoop/share/ozone/lib/kerby-asn1-1.0.1.jar:/opt/hadoop/share/ozone/lib/hadoop-hdds-hadoop-dependency-client-1.1.0-SNAPSHOT.jar:/opt/hadoop/share/ozone/lib/stax2-api-3.1.4.jar:/opt/hadoop/share/ozone/lib/commons-digester-1.8.1.jar:/opt/hadoop/share/ozone/lib/commons-collections-3.2.2.jar:/opt/hadoop/share/ozone/lib/commons-text-1.4.jar:/opt/hadoop/share/ozone/lib/jackson-core-2.10.3.jar:/opt/hadoop/share/ozone/lib/jersey-servlet-1.19.jar:/opt/hadoop/share/ozone/lib/jetty-util-9.4.34.v20201102.jar:/opt/hadoop/share/ozone/lib/slf4j-api-1.7.25.jar:/opt/hadoop/share/ozone/lib/kerb-identity-1.0.1.jar:/opt/hadoop/share/ozone/lib/hadoop-hdds-server-framework-1.1.0-SNAPSHOT.jar:/opt/hadoop/share/ozone/lib/hadoop-hdds-common-1.1.0-SNAPSHOT-tests.jar:/opt/hadoop/share/ozone/lib/hadoop-hdds-hadoop-dependency-server-1.1.0-SNAPSHOT.jar:/opt/hadoop/share/ozone/lib/jaeger-client-1.2.0.jar:/opt/hadoop/share/ozone/lib/kerb-common-1.0.1.jar:/opt/hadoop/share/ozone/lib/hadoop-hdds-interface-admin-1.1.0-SNAPSHOT.jar:/opt/hadoop/share/ozone/lib/jersey-server-1.19.jar:/opt/hadoop/share/ozone/lib/kerb-crypto-1.0.1.jar:/opt/hadoop/share/ozone/lib/hadoop-annotations-3.2.1.jar:/opt/hadoop/share/ozone/web:/opt/hadoop/share/ozone/lib/hadoop-hdds-server-scm-1.1.0-SNAPSHOT.jar
scm_1       | STARTUP_MSG:   build = https://github.com/apache/ozone.git/4b69f08a8ba40c1bba19fc779f17244ebb48aade ; compiled by 'runner' on 2020-11-24T22:39Z
scm_1       | STARTUP_MSG:   java = 11.0.7
om3_1       | GC pool 'ParNew' had collection(s): count=1 time=53ms
om3_1       | 2020-11-24 23:10:22,380 [Listener at om3/9862] INFO http.HttpServer2: Jetty bound to port 9874
om3_1       | 2020-11-24 23:10:22,387 [Listener at om3/9862] INFO server.Server: jetty-9.4.34.v20201102; built: 2020-11-02T14:15:39.302Z; git: e46af88704a893fc12cb0e3bf46e2c7b48a009e7; jvm 11.0.7+10-LTS
om3_1       | 2020-11-24 23:10:22,591 [Listener at om3/9862] INFO server.session: DefaultSessionIdManager workerName=node0
om3_1       | 2020-11-24 23:10:22,591 [Listener at om3/9862] INFO server.session: No SessionScavenger set, using defaults
om2_1       | 	at java.base/java.util.concurrent.CompletableFuture$AsyncSupply.run(CompletableFuture.java:1700)
om2_1       | 	at java.base/java.util.concurrent.ThreadPoolExecutor.runWorker(ThreadPoolExecutor.java:1128)
om2_1       | 	at java.base/java.util.concurrent.ThreadPoolExecutor$Worker.run(ThreadPoolExecutor.java:628)
om2_1       | 	at java.base/java.lang.Thread.run(Thread.java:834)
datanode_3  | GC pool 'ParNew' had collection(s): count=3323 time=9550ms
datanode_3  | GC pool 'ConcurrentMarkSweep' had collection(s): count=2 time=39ms
datanode_3  | 2020-11-24 23:20:09,118 [org.apache.ratis.server.JvmPauseMonitor@7992cb2b-Monitor] WARN server.JvmPauseMonitor: Detected pause in JVM or host machine (eg GC): pause of approximately 3ms
om1_1       | 2020-11-24 23:11:12,504 [org.apache.ratis.server.JvmPauseMonitor@129e45eb-Monitor] WARN server.JvmPauseMonitor: Detected pause in JVM or host machine (eg GC): pause of approximately 4ms
om1_1       | GC pool 'ParNew' had collection(s): count=8 time=194ms
om1_1       | GC pool 'ConcurrentMarkSweep' had collection(s): count=1 time=65ms
om1_1       | 2020-11-24 23:11:32,517 [org.apache.ratis.server.JvmPauseMonitor@129e45eb-Monitor] WARN server.JvmPauseMonitor: Detected pause in JVM or host machine (eg GC): pause of approximately 1ms
om1_1       | GC pool 'ParNew' had collection(s): count=9 time=261ms
om3_1       | 2020-11-24 23:10:22,592 [Listener at om3/9862] INFO server.session: node0 Scavenging every 600000ms
om3_1       | 2020-11-24 23:10:22,719 [om3@group-562213E44849-LeaderElection1] INFO impl.LeaderElection: om3@group-562213E44849-LeaderElection1: Election TIMEOUT; received 0 response(s) [] and 0 exception(s); om3@group-562213E44849:t1, leader=null, voted=om3, raftlog=om3@group-562213E44849-SegmentedRaftLog:OPENED:c-1,f-1,i0, conf=-1: [om1|rpc:om1:9872, om3|rpc:om3:9872, om2|rpc:om2:9872], old=null
om3_1       | 2020-11-24 23:10:22,729 [om3@group-562213E44849-LeaderElection1] INFO impl.LeaderElection: om3@group-562213E44849-LeaderElection1: begin an election at term 2 for -1: [om1|rpc:om1:9872, om3|rpc:om3:9872, om2|rpc:om2:9872], old=null
om3_1       | 2020-11-24 23:10:22,738 [Listener at om3/9862] INFO handler.ContextHandler: Started o.e.j.s.ServletContextHandler@58c16efd{logs,/logs,file:///var/log/hadoop/,AVAILABLE}
om3_1       | 2020-11-24 23:10:22,781 [Listener at om3/9862] INFO handler.ContextHandler: Started o.e.j.s.ServletContextHandler@57abe94d{static,/static,jar:file:/opt/hadoop/share/ozone/lib/hadoop-ozone-ozone-manager-1.1.0-SNAPSHOT.jar!/webapps/static,AVAILABLE}
datanode_3  | GC pool 'ParNew' had collection(s): count=3455 time=9878ms
datanode_3  | GC pool 'ConcurrentMarkSweep' had collection(s): count=2 time=39ms
datanode_3  | 2020-11-24 23:21:02,143 [org.apache.ratis.server.JvmPauseMonitor@7992cb2b-Monitor] WARN server.JvmPauseMonitor: Detected pause in JVM or host machine (eg GC): pause of approximately 2ms
datanode_3  | GC pool 'ParNew' had collection(s): count=3923 time=11066ms
datanode_3  | GC pool 'ConcurrentMarkSweep' had collection(s): count=2 time=39ms
scm_1       | ************************************************************/
scm_1       | 2020-11-24 23:09:50,034 [main] INFO server.StorageContainerManagerStarter: registered UNIX signal handlers for [TERM, HUP, INT]
scm_1       | 2020-11-24 23:09:50,243 [main] WARN server.ServerUtils: ozone.scm.db.dirs is not configured. We recommend adding this setting. Falling back to ozone.metadata.dirs instead.
scm_1       | 2020-11-24 23:09:50,748 [main] WARN db.DBStoreBuilder: ozone.scm.db.dirs is not configured. We recommend adding this setting. Falling back to ozone.metadata.dirs instead.
s3g_1       | 	at org.apache.hadoop.ozone.client.rpc.RpcClient.createBucket(RpcClient.java:381)
s3g_1       | 	at org.apache.hadoop.ozone.client.OzoneVolume.createBucket(OzoneVolume.java:331)
s3g_1       | 	at org.apache.hadoop.ozone.client.ObjectStore.createS3Bucket(ObjectStore.java:118)
s3g_1       | 	at org.apache.hadoop.ozone.s3.endpoint.EndpointBase.createS3Bucket(EndpointBase.java:96)
om1_1       | GC pool 'ConcurrentMarkSweep' had collection(s): count=1 time=65ms
om1_1       | 2020-11-24 23:11:33,020 [org.apache.ratis.server.JvmPauseMonitor@129e45eb-Monitor] WARN server.JvmPauseMonitor: Detected pause in JVM or host machine (eg GC): pause of approximately 2ms
om1_1       | GC pool 'ParNew' had collection(s): count=9 time=261ms
om1_1       | GC pool 'ConcurrentMarkSweep' had collection(s): count=1 time=65ms
om1_1       | 2020-11-24 23:11:41,523 [OM StateMachine ApplyTransaction Thread - 0] ERROR multipart.S3MultipartUploadCompleteRequest: MultipartUpload: /s3v/bucket-17522/61639/multipartKey2 Part number: 1 size 6  is less than minimum part size 5242880
om2_1       | 2020-11-24 23:11:15,230 [org.apache.ratis.server.JvmPauseMonitor@129e45eb-Monitor] WARN server.JvmPauseMonitor: Detected pause in JVM or host machine (eg GC): pause of approximately 2ms
om2_1       | GC pool 'ParNew' had collection(s): count=7 time=406ms
om2_1       | GC pool 'ConcurrentMarkSweep' had collection(s): count=1 time=95ms
om2_1       | 2020-11-24 23:11:15,733 [org.apache.ratis.server.JvmPauseMonitor@129e45eb-Monitor] WARN server.JvmPauseMonitor: Detected pause in JVM or host machine (eg GC): pause of approximately 3ms
om2_1       | GC pool 'ParNew' had collection(s): count=8 time=472ms
om3_1       | 2020-11-24 23:10:23,372 [Listener at om3/9862] INFO handler.ContextHandler: Started o.e.j.w.WebAppContext@47d4468a{ozoneManager,/,file:///tmp/jetty-0_0_0_0-9874-hadoop-ozone-ozone-manager-1_1_0-SNAPSHOT_jar-_-any-14983761434893770372/webapp/,AVAILABLE}{jar:file:/opt/hadoop/share/ozone/lib/hadoop-ozone-ozone-manager-1.1.0-SNAPSHOT.jar!/webapps/ozoneManager}
om3_1       | 2020-11-24 23:10:23,383 [org.apache.ratis.server.JvmPauseMonitor@688efeb2-Monitor] WARN server.JvmPauseMonitor: Detected pause in JVM or host machine (eg GC): pause of approximately 7ms
om3_1       | GC pool 'ParNew' had collection(s): count=1 time=53ms
om3_1       | GC pool 'ConcurrentMarkSweep' had collection(s): count=1 time=31ms
scm_1       | 2020-11-24 23:09:50,994 [main] INFO net.NodeSchemaLoader: Loading file from java.lang.CompoundEnumeration@21680803
scm_1       | 2020-11-24 23:09:51,007 [main] INFO net.NodeSchemaLoader: Loading network topology layer schema file
scm_1       | 2020-11-24 23:09:51,232 [main] INFO node.SCMNodeManager: Entering startup safe mode.
scm_1       | 2020-11-24 23:09:51,494 [main] INFO algorithms.ContainerPlacementPolicyFactory: Create container placement policy of type org.apache.hadoop.hdds.scm.container.placement.algorithms.SCMContainerPlacementRandom
s3g_1       | 	at org.apache.hadoop.ozone.s3.endpoint.BucketEndpoint.put(BucketEndpoint.java:210)
s3g_1       | 	at java.base/jdk.internal.reflect.NativeMethodAccessorImpl.invoke0(Native Method)
s3g_1       | 	at java.base/jdk.internal.reflect.NativeMethodAccessorImpl.invoke(NativeMethodAccessorImpl.java:62)
s3g_1       | 	at java.base/jdk.internal.reflect.DelegatingMethodAccessorImpl.invoke(DelegatingMethodAccessorImpl.java:43)
s3g_1       | 	at java.base/java.lang.reflect.Method.invoke(Method.java:566)
s3g_1       | 	at org.glassfish.jersey.server.model.internal.ResourceMethodInvocationHandlerFactory.lambda$static$0(ResourceMethodInvocationHandlerFactory.java:76)
datanode_3  | 2020-11-24 23:21:15,153 [org.apache.ratis.server.JvmPauseMonitor@7992cb2b-Monitor] WARN server.JvmPauseMonitor: Detected pause in JVM or host machine (eg GC): pause of approximately 2ms
datanode_3  | GC pool 'ParNew' had collection(s): count=4012 time=11328ms
datanode_3  | GC pool 'ConcurrentMarkSweep' had collection(s): count=2 time=39ms
datanode_3  | 2020-11-24 23:21:33,163 [org.apache.ratis.server.JvmPauseMonitor@7992cb2b-Monitor] WARN server.JvmPauseMonitor: Detected pause in JVM or host machine (eg GC): pause of approximately 2ms
datanode_3  | GC pool 'ParNew' had collection(s): count=4150 time=11692ms
datanode_3  | GC pool 'ConcurrentMarkSweep' had collection(s): count=2 time=39ms
datanode_3  | 2020-11-24 23:22:36,190 [org.apache.ratis.server.JvmPauseMonitor@7992cb2b-Monitor] WARN server.JvmPauseMonitor: Detected pause in JVM or host machine (eg GC): pause of approximately 1ms
datanode_3  | GC pool 'ParNew' had collection(s): count=4658 time=13111ms
om1_1       | 2020-11-24 23:11:41,523 [OM StateMachine ApplyTransaction Thread - 0] ERROR multipart.S3MultipartUploadCompleteRequest: MultipartUpload Complete request failed for Key: 61639/multipartKey2 in Volume/Bucket s3v/bucket-17522
om1_1       | ENTITY_TOO_SMALL org.apache.hadoop.ozone.om.exceptions.OMException: Complete Multipart Upload Failed: volume: s3v bucket: bucket-17522 key: 61639/multipartKey2. Entity too small.
om1_1       | 	at org.apache.hadoop.ozone.om.request.s3.multipart.S3MultipartUploadCompleteRequest.validateAndUpdateCache(S3MultipartUploadCompleteRequest.java:227)
om1_1       | 	at org.apache.hadoop.ozone.protocolPB.OzoneManagerRequestHandler.handleWriteRequest(OzoneManagerRequestHandler.java:227)
om1_1       | 	at org.apache.hadoop.ozone.om.ratis.OzoneManagerStateMachine.runCommand(OzoneManagerStateMachine.java:416)
om1_1       | 	at org.apache.hadoop.ozone.om.ratis.OzoneManagerStateMachine.lambda$applyTransaction$1(OzoneManagerStateMachine.java:240)
om1_1       | 	at java.base/java.util.concurrent.CompletableFuture$AsyncSupply.run(CompletableFuture.java:1700)
om1_1       | 	at java.base/java.util.concurrent.ThreadPoolExecutor.runWorker(ThreadPoolExecutor.java:1128)
om2_1       | GC pool 'ConcurrentMarkSweep' had collection(s): count=1 time=175ms
om2_1       | 2020-11-24 23:11:38,248 [org.apache.ratis.server.JvmPauseMonitor@129e45eb-Monitor] WARN server.JvmPauseMonitor: Detected pause in JVM or host machine (eg GC): pause of approximately 1ms
om2_1       | GC pool 'ParNew' had collection(s): count=9 time=597ms
scm_1       | 2020-11-24 23:09:51,608 [main] INFO algorithms.LeaderChoosePolicyFactory: Create leader choose policy of type org.apache.hadoop.hdds.scm.pipeline.leader.choose.algorithms.DefaultLeaderChoosePolicy
scm_1       | 2020-11-24 23:09:51,608 [main] INFO pipeline.SCMPipelineManager: No pipeline exists in current db
scm_1       | 2020-11-24 23:09:51,685 [main] INFO algorithms.PipelineChoosePolicyFactory: Create pipeline choose policy of type org.apache.hadoop.hdds.scm.pipeline.choose.algorithms.RandomPipelineChoosePolicy
scm_1       | 2020-11-24 23:09:51,727 [main] INFO safemode.HealthyPipelineSafeModeRule: Total pipeline count is 0, healthy pipeline threshold count is 1
scm_1       | 2020-11-24 23:09:51,729 [main] INFO safemode.OneReplicaPipelineSafeModeRule: Total pipeline count is 0, pipeline's with at least one datanode reported threshold count is 0
scm_1       | 2020-11-24 23:09:53,004 [main] INFO ipc.CallQueueManager: Using callQueue: class java.util.concurrent.LinkedBlockingQueue, queueCapacity: 10000, scheduler: class org.apache.hadoop.ipc.DefaultRpcScheduler, ipcBackoff: false.
scm_1       | 2020-11-24 23:09:53,025 [Socket Reader #1 for port 9861] INFO ipc.Server: Starting Socket Reader #1 for port 9861
scm_1       | 2020-11-24 23:09:53,105 [Listener at 0.0.0.0/9861] INFO ipc.CallQueueManager: Using callQueue: class java.util.concurrent.LinkedBlockingQueue, queueCapacity: 10000, scheduler: class org.apache.hadoop.ipc.DefaultRpcScheduler, ipcBackoff: false.
scm_1       | 2020-11-24 23:09:53,105 [Socket Reader #1 for port 9863] INFO ipc.Server: Starting Socket Reader #1 for port 9863
datanode_3  | GC pool 'ConcurrentMarkSweep' had collection(s): count=2 time=39ms
om3_1       | 2020-11-24 23:10:23,405 [Listener at om3/9862] INFO server.AbstractConnector: Started ServerConnector@6d84ab90{HTTP/1.1, (http/1.1)}{0.0.0.0:9874}
om3_1       | 2020-11-24 23:10:23,407 [Listener at om3/9862] INFO server.Server: Started @27456ms
s3g_1       | 	at org.glassfish.jersey.server.model.internal.AbstractJavaResourceMethodDispatcher$1.run(AbstractJavaResourceMethodDispatcher.java:148)
om2_1       | GC pool 'ConcurrentMarkSweep' had collection(s): count=2 time=175ms
om2_1       | 2020-11-24 23:11:41,542 [OM StateMachine ApplyTransaction Thread - 0] ERROR multipart.S3MultipartUploadCompleteRequest: MultipartUpload: /s3v/bucket-17522/61639/multipartKey2 Part number: 1 size 6  is less than minimum part size 5242880
om2_1       | 2020-11-24 23:11:41,542 [OM StateMachine ApplyTransaction Thread - 0] ERROR multipart.S3MultipartUploadCompleteRequest: MultipartUpload Complete request failed for Key: 61639/multipartKey2 in Volume/Bucket s3v/bucket-17522
om1_1       | 	at java.base/java.util.concurrent.ThreadPoolExecutor$Worker.run(ThreadPoolExecutor.java:628)
datanode_2  | 2020-11-24 23:12:38,299 [java.util.concurrent.ThreadPoolExecutor$Worker@7f0325e4[State = -1, empty queue]] WARN server.GrpcLogAppender: dcd870e2-60b2-495d-baa5-0eb923eec70f@group-23A3224C2F73->a3e373a9-54bd-496b-a7c1-685a5b0155ac-GrpcLogAppender:  appendEntries Timeout, request=AppendEntriesRequest:cid=2061,entriesCount=1,lastEntry=(t:1, i:35)
datanode_1  | 2020-11-24 23:17:02,529 [org.apache.ratis.server.JvmPauseMonitor@25fd9d0e-Monitor] WARN server.JvmPauseMonitor: Detected pause in JVM or host machine (eg GC): pause of approximately 1ms
om3_1       | 2020-11-24 23:10:23,434 [Listener at om3/9862] INFO impl.MetricsSinkAdapter: Sink prometheus started
om3_1       | 2020-11-24 23:10:23,434 [Listener at om3/9862] INFO impl.MetricsSystemImpl: Registered sink prometheus
s3g_1       | 	at org.glassfish.jersey.server.model.internal.AbstractJavaResourceMethodDispatcher.invoke(AbstractJavaResourceMethodDispatcher.java:191)
s3g_1       | 	at org.glassfish.jersey.server.model.internal.JavaResourceMethodDispatcherProvider$ResponseOutInvoker.doDispatch(JavaResourceMethodDispatcherProvider.java:200)
s3g_1       | 	at org.glassfish.jersey.server.model.internal.AbstractJavaResourceMethodDispatcher.dispatch(AbstractJavaResourceMethodDispatcher.java:103)
datanode_3  | 2020-11-24 23:22:53,701 [org.apache.ratis.server.JvmPauseMonitor@7992cb2b-Monitor] WARN server.JvmPauseMonitor: Detected pause in JVM or host machine (eg GC): pause of approximately 2ms
datanode_3  | GC pool 'ParNew' had collection(s): count=4814 time=13524ms
om1_1       | 	at java.base/java.lang.Thread.run(Thread.java:834)
datanode_1  | GC pool 'ParNew' had collection(s): count=13 time=640ms
datanode_1  | GC pool 'ConcurrentMarkSweep' had collection(s): count=2 time=155ms
om1_1       | 2020-11-24 23:11:42,590 [OM StateMachine ApplyTransaction Thread - 0] ERROR multipart.S3MultipartUploadCompleteRequest: Complete MultipartUpload failed for key /s3v/bucket-17522/47300/multipartKey3 , MPU Key has no parts in OM, parts given to upload are [partNumber: 1
om3_1       | 2020-11-24 23:10:23,438 [Listener at om3/9862] INFO http.BaseHttpServer: HTTP server of ozoneManager listening at http://0.0.0.0:9874
om2_1       | ENTITY_TOO_SMALL org.apache.hadoop.ozone.om.exceptions.OMException: Complete Multipart Upload Failed: volume: s3v bucket: bucket-17522 key: 61639/multipartKey2. Entity too small.
om2_1       | 	at org.apache.hadoop.ozone.om.request.s3.multipart.S3MultipartUploadCompleteRequest.validateAndUpdateCache(S3MultipartUploadCompleteRequest.java:227)
om2_1       | 	at org.apache.hadoop.ozone.protocolPB.OzoneManagerRequestHandler.handleWriteRequest(OzoneManagerRequestHandler.java:227)
om2_1       | 	at org.apache.hadoop.ozone.om.ratis.OzoneManagerStateMachine.runCommand(OzoneManagerStateMachine.java:416)
om2_1       | 	at org.apache.hadoop.ozone.om.ratis.OzoneManagerStateMachine.lambda$applyTransaction$1(OzoneManagerStateMachine.java:240)
s3g_1       | 	at org.glassfish.jersey.server.model.ResourceMethodInvoker.invoke(ResourceMethodInvoker.java:493)
s3g_1       | 	at org.glassfish.jersey.server.model.ResourceMethodInvoker.apply(ResourceMethodInvoker.java:415)
s3g_1       | 	at org.glassfish.jersey.server.model.ResourceMethodInvoker.apply(ResourceMethodInvoker.java:104)
s3g_1       | 	at org.glassfish.jersey.server.ServerRuntime$1.run(ServerRuntime.java:277)
datanode_3  | GC pool 'ConcurrentMarkSweep' had collection(s): count=2 time=39ms
om1_1       | partName: "etag1"
om1_1       | , partNumber: 2
om1_1       | partName: "etag2"
om1_1       | ]
scm_1       | 2020-11-24 23:09:53,124 [Listener at 0.0.0.0/9863] INFO ipc.CallQueueManager: Using callQueue: class java.util.concurrent.LinkedBlockingQueue, queueCapacity: 10000, scheduler: class org.apache.hadoop.ipc.DefaultRpcScheduler, ipcBackoff: false.
datanode_3  | 2020-11-24 23:22:55,703 [org.apache.ratis.server.JvmPauseMonitor@7992cb2b-Monitor] WARN server.JvmPauseMonitor: Detected pause in JVM or host machine (eg GC): pause of approximately 1ms
om2_1       | 	at java.base/java.util.concurrent.CompletableFuture$AsyncSupply.run(CompletableFuture.java:1700)
om2_1       | 	at java.base/java.util.concurrent.ThreadPoolExecutor.runWorker(ThreadPoolExecutor.java:1128)
om3_1       | 2020-11-24 23:10:23,439 [IPC Server Responder] INFO ipc.Server: IPC Server Responder: starting
om3_1       | 2020-11-24 23:10:23,628 [IPC Server listener on 9862] INFO ipc.Server: IPC Server listener on 9862: starting
om3_1       | 2020-11-24 23:10:23,776 [om3@group-562213E44849-LeaderElection1] INFO impl.LeaderElection: om3@group-562213E44849-LeaderElection1: Election TIMEOUT; received 0 response(s) [] and 0 exception(s); om3@group-562213E44849:t2, leader=null, voted=om3, raftlog=om3@group-562213E44849-SegmentedRaftLog:OPENED:c-1,f-1,i0, conf=-1: [om1|rpc:om1:9872, om3|rpc:om3:9872, om2|rpc:om2:9872], old=null
om3_1       | 2020-11-24 23:10:23,778 [om3@group-562213E44849-LeaderElection1] INFO impl.LeaderElection: om3@group-562213E44849-LeaderElection1: begin an election at term 3 for -1: [om1|rpc:om1:9872, om3|rpc:om3:9872, om2|rpc:om2:9872], old=null
scm_1       | 2020-11-24 23:09:53,126 [Socket Reader #1 for port 9860] INFO ipc.Server: Starting Socket Reader #1 for port 9860
scm_1       | 2020-11-24 23:09:53,148 [Listener at 0.0.0.0/9860] INFO http.BaseHttpServer: Starting Web-server for scm at: http://0.0.0.0:9876
scm_1       | 2020-11-24 23:09:53,148 [Listener at 0.0.0.0/9860] INFO http.BaseHttpServer: Hadoop Security Enabled: false Ozone Security Enabled: false Ozone HTTP Security Enabled: false 
om3_1       | 2020-11-24 23:10:23,799 [Listener at om3/9862] INFO om.OzoneManager: Trash Interval set to 0. Files deleted will not move to trash
om3_1       | 2020-11-24 23:10:23,895 [org.apache.hadoop.util.JvmPauseMonitor$Monitor@695c8b32] INFO util.JvmPauseMonitor: Starting JVM pause monitor
scm_1       | 2020-11-24 23:09:53,193 [Listener at 0.0.0.0/9860] INFO util.log: Logging initialized @16031ms to org.eclipse.jetty.util.log.Slf4jLog
s3g_1       | 	at org.glassfish.jersey.internal.Errors$1.call(Errors.java:272)
s3g_1       | 	at org.glassfish.jersey.internal.Errors$1.call(Errors.java:268)
s3g_1       | 	at org.glassfish.jersey.internal.Errors.process(Errors.java:316)
s3g_1       | 	at org.glassfish.jersey.internal.Errors.process(Errors.java:298)
s3g_1       | 	at org.glassfish.jersey.internal.Errors.process(Errors.java:268)
datanode_2  | 2020-11-24 23:12:38,310 [java.util.concurrent.ThreadPoolExecutor$Worker@7f0325e4[State = -1, empty queue]] WARN server.GrpcLogAppender: dcd870e2-60b2-495d-baa5-0eb923eec70f@group-23A3224C2F73->a3e373a9-54bd-496b-a7c1-685a5b0155ac-GrpcLogAppender:  appendEntries Timeout, request=AppendEntriesRequest:cid=2062,entriesCount=1,lastEntry=(t:1, i:36)
om3_1       | 2020-11-24 23:10:23,904 [grpc-default-executor-1] INFO metrics.RatisMetrics: Creating Metrics Registry : ratis.server_message_metrics.om3
scm_1       | 2020-11-24 23:09:53,419 [Listener at 0.0.0.0/9860] INFO server.AuthenticationFilter: Unable to initialize FileSignerSecretProvider, falling back to use random secrets.
scm_1       | 2020-11-24 23:09:53,513 [Listener at 0.0.0.0/9860] INFO http.HttpRequestLog: Http request log for http.requests.scm is not defined
scm_1       | 2020-11-24 23:09:53,531 [Listener at 0.0.0.0/9860] INFO http.HttpServer2: Added global filter 'safety' (class=org.apache.hadoop.hdds.server.http.HttpServer2$QuotingInputFilter)
datanode_1  | 2020-11-24 23:17:05,536 [org.apache.ratis.server.JvmPauseMonitor@25fd9d0e-Monitor] WARN server.JvmPauseMonitor: Detected pause in JVM or host machine (eg GC): pause of approximately 5ms
datanode_1  | GC pool 'ParNew' had collection(s): count=13 time=640ms
datanode_1  | GC pool 'ConcurrentMarkSweep' had collection(s): count=2 time=155ms
om3_1       | 2020-11-24 23:10:24,383 [om3@group-562213E44849-LeaderElection1] INFO impl.LeaderElection: om3@group-562213E44849-LeaderElection1: Election REJECTED; received 2 response(s) [om3<-om1#0:FAIL-t3, om3<-om2#0:FAIL-t3] and 0 exception(s); om3@group-562213E44849:t3, leader=null, voted=om3, raftlog=om3@group-562213E44849-SegmentedRaftLog:OPENED:c-1,f-1,i0, conf=-1: [om1|rpc:om1:9872, om3|rpc:om3:9872, om2|rpc:om2:9872], old=null
datanode_2  | 2020-11-24 23:12:43,878 [java.util.concurrent.ThreadPoolExecutor$Worker@7f0325e4[State = -1, empty queue]] WARN server.GrpcLogAppender: dcd870e2-60b2-495d-baa5-0eb923eec70f@group-23A3224C2F73->a3e373a9-54bd-496b-a7c1-685a5b0155ac-GrpcLogAppender:  appendEntries Timeout, request=AppendEntriesRequest:cid=2312,entriesCount=1,lastEntry=(t:1, i:37)
s3g_1       | 	at org.glassfish.jersey.process.internal.RequestScope.runInScope(RequestScope.java:289)
datanode_3  | GC pool 'ParNew' had collection(s): count=4833 time=13565ms
datanode_3  | GC pool 'ConcurrentMarkSweep' had collection(s): count=2 time=39ms
datanode_3  | 2020-11-24 23:23:06,208 [org.apache.ratis.server.JvmPauseMonitor@7992cb2b-Monitor] WARN server.JvmPauseMonitor: Detected pause in JVM or host machine (eg GC): pause of approximately 1ms
om1_1       | 2020-11-24 23:11:42,590 [OM StateMachine ApplyTransaction Thread - 0] ERROR multipart.S3MultipartUploadCompleteRequest: MultipartUpload Complete request failed for Key: 47300/multipartKey3 in Volume/Bucket s3v/bucket-17522
om1_1       | INVALID_PART org.apache.hadoop.ozone.om.exceptions.OMException: Complete Multipart Upload Failed: volume: s3v bucket: bucket-17522 key: 47300/multipartKey3
om1_1       | 	at org.apache.hadoop.ozone.om.request.s3.multipart.S3MultipartUploadCompleteRequest.validateAndUpdateCache(S3MultipartUploadCompleteRequest.java:167)
om1_1       | 	at org.apache.hadoop.ozone.protocolPB.OzoneManagerRequestHandler.handleWriteRequest(OzoneManagerRequestHandler.java:227)
datanode_2  | 2020-11-24 23:12:43,940 [java.util.concurrent.ThreadPoolExecutor$Worker@7f0325e4[State = -1, empty queue]] WARN server.GrpcLogAppender: dcd870e2-60b2-495d-baa5-0eb923eec70f@group-23A3224C2F73->a3e373a9-54bd-496b-a7c1-685a5b0155ac-GrpcLogAppender:  appendEntries Timeout, request=AppendEntriesRequest:cid=2313,entriesCount=1,lastEntry=(t:1, i:38)
datanode_2  | 2020-11-24 23:12:43,973 [java.util.concurrent.ThreadPoolExecutor$Worker@7f0325e4[State = -1, empty queue]] WARN server.GrpcLogAppender: dcd870e2-60b2-495d-baa5-0eb923eec70f@group-23A3224C2F73->a3e373a9-54bd-496b-a7c1-685a5b0155ac-GrpcLogAppender:  appendEntries Timeout, request=AppendEntriesRequest:cid=2314,entriesCount=1,lastEntry=(t:1, i:39)
datanode_2  | 2020-11-24 23:12:43,974 [java.util.concurrent.ThreadPoolExecutor$Worker@7f0325e4[State = -1, empty queue]] WARN server.GrpcLogAppender: dcd870e2-60b2-495d-baa5-0eb923eec70f@group-23A3224C2F73->a3e373a9-54bd-496b-a7c1-685a5b0155ac-GrpcLogAppender:  appendEntries Timeout, request=AppendEntriesRequest:cid=2315,entriesCount=1,lastEntry=(t:1, i:40)
s3g_1       | 	at org.glassfish.jersey.server.ServerRuntime.process(ServerRuntime.java:256)
datanode_1  | 2020-11-24 23:17:38,050 [org.apache.ratis.server.JvmPauseMonitor@25fd9d0e-Monitor] WARN server.JvmPauseMonitor: Detected pause in JVM or host machine (eg GC): pause of approximately 2ms
datanode_1  | GC pool 'ParNew' had collection(s): count=13 time=640ms
datanode_1  | GC pool 'ConcurrentMarkSweep' had collection(s): count=2 time=155ms
datanode_1  | 2020-11-24 23:18:06,067 [org.apache.ratis.server.JvmPauseMonitor@25fd9d0e-Monitor] WARN server.JvmPauseMonitor: Detected pause in JVM or host machine (eg GC): pause of approximately 4ms
datanode_1  | GC pool 'ParNew' had collection(s): count=14 time=647ms
datanode_1  | GC pool 'ConcurrentMarkSweep' had collection(s): count=2 time=155ms
datanode_1  | 2020-11-24 23:18:23,077 [org.apache.ratis.server.JvmPauseMonitor@25fd9d0e-Monitor] WARN server.JvmPauseMonitor: Detected pause in JVM or host machine (eg GC): pause of approximately 1ms
datanode_1  | GC pool 'ParNew' had collection(s): count=14 time=647ms
datanode_1  | GC pool 'ConcurrentMarkSweep' had collection(s): count=2 time=155ms
scm_1       | 2020-11-24 23:09:53,538 [Listener at 0.0.0.0/9860] INFO http.HttpServer2: Added filter static_user_filter (class=org.apache.hadoop.http.lib.StaticUserWebFilter$StaticUserFilter) to context scm
scm_1       | 2020-11-24 23:09:53,538 [Listener at 0.0.0.0/9860] INFO http.HttpServer2: Added filter static_user_filter (class=org.apache.hadoop.http.lib.StaticUserWebFilter$StaticUserFilter) to context logs
scm_1       | 2020-11-24 23:09:53,538 [Listener at 0.0.0.0/9860] INFO http.HttpServer2: Added filter static_user_filter (class=org.apache.hadoop.http.lib.StaticUserWebFilter$StaticUserFilter) to context static
s3g_1       | 	at org.glassfish.jersey.server.ApplicationHandler.handle(ApplicationHandler.java:703)
datanode_3  | GC pool 'ParNew' had collection(s): count=4904 time=13747ms
om2_1       | 	at java.base/java.util.concurrent.ThreadPoolExecutor$Worker.run(ThreadPoolExecutor.java:628)
om1_1       | 	at org.apache.hadoop.ozone.om.ratis.OzoneManagerStateMachine.runCommand(OzoneManagerStateMachine.java:416)
om1_1       | 	at org.apache.hadoop.ozone.om.ratis.OzoneManagerStateMachine.lambda$applyTransaction$1(OzoneManagerStateMachine.java:240)
om1_1       | 	at java.base/java.util.concurrent.CompletableFuture$AsyncSupply.run(CompletableFuture.java:1700)
om1_1       | 	at java.base/java.util.concurrent.ThreadPoolExecutor.runWorker(ThreadPoolExecutor.java:1128)
om1_1       | 	at java.base/java.util.concurrent.ThreadPoolExecutor$Worker.run(ThreadPoolExecutor.java:628)
om1_1       | 	at java.base/java.lang.Thread.run(Thread.java:834)
om1_1       | 2020-11-24 23:11:43,127 [OM StateMachine ApplyTransaction Thread - 0] ERROR multipart.S3MultipartUploadCompleteRequest: Complete MultipartUpload failed for key /s3v/bucket-17522/47300/multipartKey3 , MPU Key has no parts in OM, parts given to upload are [partNumber: 2
s3g_1       | 	at org.glassfish.jersey.servlet.WebComponent.serviceImpl(WebComponent.java:416)
om1_1       | partName: "etag1"
om3_1       | 2020-11-24 23:10:24,384 [om3@group-562213E44849-LeaderElection1] INFO impl.RaftServerImpl: om3@group-562213E44849: changes role from CANDIDATE to FOLLOWER at term 3 for DISCOVERED_A_NEW_TERM
om3_1       | 2020-11-24 23:10:24,384 [om3@group-562213E44849-LeaderElection1] INFO impl.RoleInfo: om3: shutdown om3@group-562213E44849-LeaderElection1
om3_1       | 2020-11-24 23:10:24,387 [om3@group-562213E44849-LeaderElection1] INFO impl.RoleInfo: om3: start om3@group-562213E44849-FollowerState
om3_1       | 2020-11-24 23:10:24,387 [org.apache.ratis.server.JvmPauseMonitor@688efeb2-Monitor] WARN server.JvmPauseMonitor: Detected pause in JVM or host machine (eg GC): pause of approximately 1ms
om3_1       | GC pool 'ParNew' had collection(s): count=2 time=77ms
om3_1       | GC pool 'ConcurrentMarkSweep' had collection(s): count=1 time=31ms
om3_1       | 2020-11-24 23:10:25,201 [grpc-default-executor-1] INFO impl.RaftServerImpl: om3@group-562213E44849: changes role from  FOLLOWER to FOLLOWER at term 4 for recognizeCandidate:om1
s3g_1       | 	at org.glassfish.jersey.servlet.WebComponent.service(WebComponent.java:370)
om1_1       | , partNumber: 1
om1_1       | partName: "etag2"
om1_1       | ]
om1_1       | 2020-11-24 23:11:43,128 [OM StateMachine ApplyTransaction Thread - 0] ERROR multipart.S3MultipartUploadCompleteRequest: MultipartUpload Complete request failed for Key: 47300/multipartKey3 in Volume/Bucket s3v/bucket-17522
om1_1       | INVALID_PART org.apache.hadoop.ozone.om.exceptions.OMException: Complete Multipart Upload Failed: volume: s3v bucket: bucket-17522 key: 47300/multipartKey3
om1_1       | 	at org.apache.hadoop.ozone.om.request.s3.multipart.S3MultipartUploadCompleteRequest.validateAndUpdateCache(S3MultipartUploadCompleteRequest.java:167)
om1_1       | 	at org.apache.hadoop.ozone.protocolPB.OzoneManagerRequestHandler.handleWriteRequest(OzoneManagerRequestHandler.java:227)
om1_1       | 	at org.apache.hadoop.ozone.om.ratis.OzoneManagerStateMachine.runCommand(OzoneManagerStateMachine.java:416)
om1_1       | 	at org.apache.hadoop.ozone.om.ratis.OzoneManagerStateMachine.lambda$applyTransaction$1(OzoneManagerStateMachine.java:240)
om1_1       | 	at java.base/java.util.concurrent.CompletableFuture$AsyncSupply.run(CompletableFuture.java:1700)
om1_1       | 	at java.base/java.util.concurrent.ThreadPoolExecutor.runWorker(ThreadPoolExecutor.java:1128)
om1_1       | 	at java.base/java.util.concurrent.ThreadPoolExecutor$Worker.run(ThreadPoolExecutor.java:628)
om1_1       | 	at java.base/java.lang.Thread.run(Thread.java:834)
om1_1       | 2020-11-24 23:11:53,965 [OM StateMachine ApplyTransaction Thread - 0] ERROR multipart.S3MultipartUploadCompleteRequest: MultipartUpload Complete request failed for Key: 47300/multipartKey3 in Volume/Bucket s3v/bucket-17522
om1_1       | INVALID_PART org.apache.hadoop.ozone.om.exceptions.OMException: Complete Multipart Upload Failed: volume: s3v bucket: bucket-17522 key: 47300/multipartKey3. Provided Part info is { etag1, 1}, whereas OM has partName /s3v/bucket-17522/47300/multipartKey3105267822836449293
om1_1       | 	at org.apache.hadoop.ozone.om.request.s3.multipart.S3MultipartUploadCompleteRequest.validateAndUpdateCache(S3MultipartUploadCompleteRequest.java:209)
om1_1       | 	at org.apache.hadoop.ozone.protocolPB.OzoneManagerRequestHandler.handleWriteRequest(OzoneManagerRequestHandler.java:227)
om1_1       | 	at org.apache.hadoop.ozone.om.ratis.OzoneManagerStateMachine.runCommand(OzoneManagerStateMachine.java:416)
om1_1       | 	at org.apache.hadoop.ozone.om.ratis.OzoneManagerStateMachine.lambda$applyTransaction$1(OzoneManagerStateMachine.java:240)
om1_1       | 	at java.base/java.util.concurrent.CompletableFuture$AsyncSupply.run(CompletableFuture.java:1700)
om1_1       | 	at java.base/java.util.concurrent.ThreadPoolExecutor.runWorker(ThreadPoolExecutor.java:1128)
om1_1       | 	at java.base/java.util.concurrent.ThreadPoolExecutor$Worker.run(ThreadPoolExecutor.java:628)
om1_1       | 	at java.base/java.lang.Thread.run(Thread.java:834)
om1_1       | 2020-11-24 23:11:54,476 [OM StateMachine ApplyTransaction Thread - 0] ERROR multipart.S3MultipartUploadCompleteRequest: MultipartUpload Complete request failed for Key: 47300/multipartKey3 in Volume/Bucket s3v/bucket-17522
om1_1       | INVALID_PART org.apache.hadoop.ozone.om.exceptions.OMException: Complete Multipart Upload Failed: volume: s3v bucket: bucket-17522 key: 47300/multipartKey3. Provided Part info is { etag2, 2}, whereas OM has partName /s3v/bucket-17522/47300/multipartKey3105267823064711182
om1_1       | 	at org.apache.hadoop.ozone.om.request.s3.multipart.S3MultipartUploadCompleteRequest.validateAndUpdateCache(S3MultipartUploadCompleteRequest.java:209)
om1_1       | 	at org.apache.hadoop.ozone.protocolPB.OzoneManagerRequestHandler.handleWriteRequest(OzoneManagerRequestHandler.java:227)
om1_1       | 	at org.apache.hadoop.ozone.om.ratis.OzoneManagerStateMachine.runCommand(OzoneManagerStateMachine.java:416)
om1_1       | 	at org.apache.hadoop.ozone.om.ratis.OzoneManagerStateMachine.lambda$applyTransaction$1(OzoneManagerStateMachine.java:240)
om1_1       | 	at java.base/java.util.concurrent.CompletableFuture$AsyncSupply.run(CompletableFuture.java:1700)
om1_1       | 	at java.base/java.util.concurrent.ThreadPoolExecutor.runWorker(ThreadPoolExecutor.java:1128)
om1_1       | 	at java.base/java.util.concurrent.ThreadPoolExecutor$Worker.run(ThreadPoolExecutor.java:628)
om1_1       | 	at java.base/java.lang.Thread.run(Thread.java:834)
om1_1       | 2020-11-24 23:11:54,985 [OM StateMachine ApplyTransaction Thread - 0] ERROR multipart.S3MultipartUploadCompleteRequest: PartNumber at index 1 is 2, and its previous partNumber at index 0 is 4 for ozonekey is /s3v/bucket-17522/47300/multipartKey3
om1_1       | 2020-11-24 23:11:54,985 [OM StateMachine ApplyTransaction Thread - 0] ERROR multipart.S3MultipartUploadCompleteRequest: MultipartUpload Complete request failed for Key: 47300/multipartKey3 in Volume/Bucket s3v/bucket-17522
om1_1       | INVALID_PART_ORDER org.apache.hadoop.ozone.om.exceptions.OMException: Complete Multipart Upload Failed: volume: s3v bucket: bucket-17522 key: 47300/multipartKey3 because parts are in Invalid order.
datanode_2  | 2020-11-24 23:12:44,023 [java.util.concurrent.ThreadPoolExecutor$Worker@7f0325e4[State = -1, empty queue]] WARN server.GrpcLogAppender: dcd870e2-60b2-495d-baa5-0eb923eec70f@group-23A3224C2F73->a3e373a9-54bd-496b-a7c1-685a5b0155ac-GrpcLogAppender:  appendEntries Timeout, request=AppendEntriesRequest:cid=2320,entriesCount=1,lastEntry=(t:1, i:41)
datanode_2  | 2020-11-24 23:12:44,024 [java.util.concurrent.ThreadPoolExecutor$Worker@7f0325e4[State = -1, empty queue]] WARN server.GrpcLogAppender: dcd870e2-60b2-495d-baa5-0eb923eec70f@group-23A3224C2F73->a3e373a9-54bd-496b-a7c1-685a5b0155ac-GrpcLogAppender:  appendEntries Timeout, request=AppendEntriesRequest:cid=2321,entriesCount=1,lastEntry=(t:1, i:42)
datanode_2  | 2020-11-24 23:12:47,379 [java.util.concurrent.ThreadPoolExecutor$Worker@7f0325e4[State = -1, empty queue]] WARN server.GrpcLogAppender: dcd870e2-60b2-495d-baa5-0eb923eec70f@group-23A3224C2F73->a3e373a9-54bd-496b-a7c1-685a5b0155ac-GrpcLogAppender:  appendEntries Timeout, request=AppendEntriesRequest:cid=2573,entriesCount=1,lastEntry=(t:1, i:43)
datanode_2  | 2020-11-24 23:12:47,423 [java.util.concurrent.ThreadPoolExecutor$Worker@7f0325e4[State = -1, empty queue]] WARN server.GrpcLogAppender: dcd870e2-60b2-495d-baa5-0eb923eec70f@group-23A3224C2F73->a3e373a9-54bd-496b-a7c1-685a5b0155ac-GrpcLogAppender:  appendEntries Timeout, request=AppendEntriesRequest:cid=2574,entriesCount=1,lastEntry=(t:1, i:44)
datanode_2  | 2020-11-24 23:12:47,426 [java.util.concurrent.ThreadPoolExecutor$Worker@7f0325e4[State = -1, empty queue]] WARN server.GrpcLogAppender: dcd870e2-60b2-495d-baa5-0eb923eec70f@group-23A3224C2F73->a3e373a9-54bd-496b-a7c1-685a5b0155ac-GrpcLogAppender:  appendEntries Timeout, request=AppendEntriesRequest:cid=2575,entriesCount=1,lastEntry=(t:1, i:45)
