rm_1        | 2020-11-04 13:06:45 INFO  RMAppAttemptImpl:929 - appattempt_1604494987466_0004_000001 State change from SCHEDULED to ALLOCATED_SAVING on event = CONTAINER_ALLOCATED
scm_1       | 2020-11-04 13:03:20,845 [EventQueue-PipelineReportForPipelineReportHandler] INFO pipeline.PipelineStateManager: Pipeline Pipeline[ Id: 92f9eaf3-c241-4b24-92b9-6086709c8a83, Nodes: a6869cfa-a188-40e6-af29-bbbd8186a38c{ip: 172.22.0.5, host: hadoop32_datanode_1.hadoop32_default, networkLocation: /default-rack, certSerialId: null}, Type:RATIS, Factor:ONE, State:ALLOCATED, leaderId:a6869cfa-a188-40e6-af29-bbbd8186a38c, CreationTimestamp2020-11-04T13:03:17.056693Z] moved to OPEN state
nm_1        | 2020-11-04 13:07:10 INFO  ApplicationImpl:463 - Adding container_1604494987466_0004_01_000005 to application application_1604494987466_0004
rm_1        | 2020-11-04 13:06:45 INFO  RMAppAttemptImpl:929 - appattempt_1604494987466_0004_000001 State change from ALLOCATED_SAVING to ALLOCATED on event = ATTEMPT_NEW_SAVED
scm_1       | 2020-11-04 13:03:20,846 [EventQueue-OpenPipelineForHealthyPipelineSafeModeRule] INFO safemode.SCMSafeModeManager: SCM in safe mode. Healthy pipelines reported count is 0, required healthy pipeline reported count is 1
nm_1        | 2020-11-04 13:07:10 INFO  ContainerImpl:2134 - Container container_1604494987466_0004_01_000005 transitioned from NEW to LOCALIZING
rm_1        | 2020-11-04 13:06:45 INFO  AMLauncher:310 - Launching masterappattempt_1604494987466_0004_000001
scm_1       | 2020-11-04 13:03:20,848 [EventQueue-OpenPipelineForOneReplicaPipelineSafeModeRule] INFO safemode.SCMSafeModeManager: AtleastOneDatanodeReportedRule rule is successfully validated
nm_1        | 2020-11-04 13:07:10 INFO  AuxServices:350 - Got event CONTAINER_INIT for appId application_1604494987466_0004
rm_1        | 2020-11-04 13:06:45 INFO  AMLauncher:112 - Setting up container Container: [ContainerId: container_1604494987466_0004_01_000001, AllocationRequestId: -1, Version: 0, NodeId: nm:36679, NodeHttpAddress: nm:8042, Resource: <memory:2048, vCores:1>, Priority: 0, Token: Token { kind: ContainerToken, service: 172.22.0.9:36679 }, ExecutionType: GUARANTEED, ] for AM appattempt_1604494987466_0004_000001
scm_1       | 2020-11-04 13:03:24,766 [EventQueue-PipelineReportForPipelineReportHandler] INFO pipeline.PipelineStateManager: Pipeline Pipeline[ Id: 51936a9e-55df-4646-acbd-c92951199201, Nodes: e105b988-b25b-4225-b79a-f0120362d9d0{ip: 172.22.0.7, host: hadoop32_datanode_3.hadoop32_default, networkLocation: /default-rack, certSerialId: null}a6869cfa-a188-40e6-af29-bbbd8186a38c{ip: 172.22.0.5, host: hadoop32_datanode_1.hadoop32_default, networkLocation: /default-rack, certSerialId: null}99f80d38-6517-4106-b688-897abfc28eef{ip: 172.22.0.4, host: hadoop32_datanode_2.hadoop32_default, networkLocation: /default-rack, certSerialId: null}, Type:RATIS, Factor:THREE, State:ALLOCATED, leaderId:e105b988-b25b-4225-b79a-f0120362d9d0, CreationTimestamp2020-11-04T13:03:17.064913Z] moved to OPEN state
nm_1        | 2020-11-04 13:07:10 INFO  AuxServices:350 - Got event APPLICATION_INIT for appId application_1604494987466_0004
rm_1        | 2020-11-04 13:06:45 INFO  AMRMTokenSecretManager:195 - Create AMRMToken for ApplicationAttempt: appattempt_1604494987466_0004_000001
scm_1       | 2020-11-04 13:03:24,766 [EventQueue-OpenPipelineForOneReplicaPipelineSafeModeRule] INFO safemode.SCMSafeModeManager: AtleastOneDatanodeReportedRule rule is successfully validated
nm_1        | 2020-11-04 13:07:10 INFO  AuxServices:354 - Got APPLICATION_INIT for service mapreduce_shuffle
nm_1        | 2020-11-04 13:07:10 INFO  ShuffleHandler:719 - Added token for job_1604494987466_0004
rm_1        | 2020-11-04 13:06:45 INFO  AMRMTokenSecretManager:307 - Creating password for appattempt_1604494987466_0004_000001
scm_1       | 2020-11-04 13:03:24,771 [EventQueue-OpenPipelineForHealthyPipelineSafeModeRule] INFO safemode.SCMSafeModeManager: SCM in safe mode. Healthy pipelines reported count is 1, required healthy pipeline reported count is 1
nm_1        | 2020-11-04 13:07:10 INFO  ContainerImpl:2134 - Container container_1604494987466_0004_01_000005 transitioned from LOCALIZING to SCHEDULED
scm_1       | 2020-11-04 13:03:24,774 [EventQueue-OpenPipelineForHealthyPipelineSafeModeRule] INFO safemode.SCMSafeModeManager: HealthyPipelineSafeModeRule rule is successfully validated
rm_1        | 2020-11-04 13:06:45 INFO  AMLauncher:133 - Done launching container Container: [ContainerId: container_1604494987466_0004_01_000001, AllocationRequestId: -1, Version: 0, NodeId: nm:36679, NodeHttpAddress: nm:8042, Resource: <memory:2048, vCores:1>, Priority: 0, Token: Token { kind: ContainerToken, service: 172.22.0.9:36679 }, ExecutionType: GUARANTEED, ] for AM appattempt_1604494987466_0004_000001
nm_1        | 2020-11-04 13:07:10 INFO  ContainerScheduler:542 - Starting container [container_1604494987466_0004_01_000005]
scm_1       | 2020-11-04 13:03:24,774 [EventQueue-OpenPipelineForHealthyPipelineSafeModeRule] INFO safemode.SCMSafeModeManager: ScmSafeModeManager, all rules are successfully validated
rm_1        | 2020-11-04 13:06:45 INFO  RMAppAttemptImpl:929 - appattempt_1604494987466_0004_000001 State change from ALLOCATED to LAUNCHED on event = LAUNCHED
nm_1        | 2020-11-04 13:07:10 INFO  ContainerImpl:2134 - Container container_1604494987466_0004_01_000005 transitioned from SCHEDULED to RUNNING
scm_1       | 2020-11-04 13:03:24,774 [EventQueue-OpenPipelineForHealthyPipelineSafeModeRule] INFO safemode.SCMSafeModeManager: SCM exiting safe mode.
rm_1        | 2020-11-04 13:06:45 INFO  RMAppImpl:1031 - update the launch time for applicationId: application_1604494987466_0004, attemptId: appattempt_1604494987466_0004_000001launchTime: 1604495205321
nm_1        | 2020-11-04 13:07:10 INFO  ContainersMonitorImpl:1014 - Starting resource-monitoring for container_1604494987466_0004_01_000005
scm_1       | 2020-11-04 13:05:28,636 [IPC Server handler 72 on default port 9863] INFO block.BlockManagerImpl: Deleting blocks conID: 1 locID: 105152189023125511 bcsId: 0
rm_1        | 2020-11-04 13:06:45 INFO  RMStateStore:261 - Updating info for app: application_1604494987466_0004
nm_1        | 2020-11-04 13:07:10 INFO  DefaultContainerExecutor:370 - launchContainer: [bash, /tmp/hadoop-hadoop/nm-local-dir/usercache/hadoop/appcache/application_1604494987466_0004/container_1604494987466_0004_01_000005/default_container_executor.sh]
scm_1       | 2020-11-04 13:05:28,659 [IPC Server handler 72 on default port 9863] INFO block.BlockManagerImpl: Deleting blocks conID: 1 locID: 105152189037477896 bcsId: 0
rm_1        | 2020-11-04 13:06:46 INFO  RMContainerImpl:481 - container_1604494987466_0004_01_000001 Container Transitioned from ACQUIRED to RUNNING
nm_1        | 2020-11-04 13:07:10 INFO  ContainersMonitorImpl:614 - container_1604494987466_0004_01_000005's ip = 172.22.0.9, and hostname = nm
scm_1       | 2020-11-04 13:05:28,662 [IPC Server handler 72 on default port 9863] INFO block.BlockManagerImpl: Deleting blocks conID: 1 locID: 105152189042262025 bcsId: 0
rm_1        | 2020-11-04 13:06:50 INFO  Server:2008 - Auth successful for appattempt_1604494987466_0004_000001 (auth:SIMPLE)
nm_1        | 2020-11-04 13:07:10 INFO  ContainersMonitorImpl:515 - Skipping monitoring container container_1604494987466_0004_01_000005 since CPU usage is not yet available.
scm_1       | 2020-11-04 13:05:28,663 [IPC Server handler 72 on default port 9863] INFO block.BlockManagerImpl: Deleting blocks conID: 1 locID: 105152189047242762 bcsId: 0
rm_1        | 2020-11-04 13:06:50 INFO  DefaultAMSProcessor:141 - AM registration appattempt_1604494987466_0004_000001
nm_1        | 2020-11-04 13:07:11 INFO  NodeStatusUpdaterImpl:721 - Removed completed containers from NM context: [container_1604494987466_0004_01_000004]
scm_1       | 2020-11-04 13:05:28,666 [IPC Server handler 72 on default port 9863] INFO block.BlockManagerImpl: Deleting blocks conID: 1 locID: 105152188721659908 bcsId: 0
scm_1       | 2020-11-04 13:05:28,667 [IPC Server handler 72 on default port 9863] INFO block.BlockManagerImpl: Deleting blocks conID: 1 locID: 105152188815048709 bcsId: 0
scm_1       | 2020-11-04 13:05:28,668 [IPC Server handler 72 on default port 9863] INFO block.BlockManagerImpl: Deleting blocks conID: 1 locID: 105152188983607302 bcsId: 0
scm_1       | 2020-11-04 13:05:28,670 [IPC Server handler 72 on default port 9863] INFO block.BlockManagerImpl: Deleting blocks conID: 1 locID: 105152191090262029 bcsId: 0
scm_1       | 2020-11-04 13:05:28,673 [IPC Server handler 72 on default port 9863] INFO block.BlockManagerImpl: Deleting blocks conID: 1 locID: 105152191108415502 bcsId: 0
scm_1       | 2020-11-04 13:06:28,573 [IPC Server handler 42 on default port 9863] INFO block.BlockManagerImpl: Deleting blocks conID: 1 locID: 105152191515394069 bcsId: 0
scm_1       | 2020-11-04 13:06:28,575 [IPC Server handler 42 on default port 9863] INFO block.BlockManagerImpl: Deleting blocks conID: 1 locID: 105152191613173782 bcsId: 0
scm_1       | 2020-11-04 13:06:28,576 [IPC Server handler 42 on default port 9863] INFO block.BlockManagerImpl: Deleting blocks conID: 1 locID: 105152191618744343 bcsId: 0
scm_1       | 2020-11-04 13:06:28,576 [IPC Server handler 42 on default port 9863] INFO block.BlockManagerImpl: Deleting blocks conID: 1 locID: 105152191622545432 bcsId: 0
nm_1        | 2020-11-04 13:07:14 INFO  ContainerLaunch:596 - Container container_1604494987466_0004_01_000005 succeeded 
rm_1        | 2020-11-04 13:06:50 INFO  RMAuditLogger:294 - USER=hadoop	IP=172.22.0.9	OPERATION=Register App Master	TARGET=ApplicationMasterService	RESULT=SUCCESS	APPID=application_1604494987466_0004	APPATTEMPTID=appattempt_1604494987466_0004_000001
nm_1        | 2020-11-04 13:07:14 INFO  ContainerImpl:2134 - Container container_1604494987466_0004_01_000005 transitioned from RUNNING to EXITED_WITH_SUCCESS
rm_1        | 2020-11-04 13:06:50 INFO  RMAppAttemptImpl:929 - appattempt_1604494987466_0004_000001 State change from LAUNCHED to RUNNING on event = REGISTERED
rm_1        | 2020-11-04 13:06:50 INFO  RMAppImpl:893 - application_1604494987466_0004 State change from ACCEPTED to RUNNING on event = ATTEMPT_REGISTERED
rm_1        | 2020-11-04 13:06:53 INFO  AbstractContainerAllocator:129 - assignedContainer application attempt=appattempt_1604494987466_0004_000001 container=null queue=default clusterResource=<memory:8192, vCores:8> type=RACK_LOCAL requestedPartition=
rm_1        | 2020-11-04 13:06:53 INFO  RMContainerImpl:481 - container_1604494987466_0004_01_000002 Container Transitioned from NEW to ALLOCATED
rm_1        | 2020-11-04 13:06:53 INFO  FiCaSchedulerNode:169 - Assigned container container_1604494987466_0004_01_000002 of capacity <memory:4096, vCores:1> on host nm:36679, which has 2 containers, <memory:6144, vCores:2> used and <memory:2048, vCores:6> available after allocation
rm_1        | 2020-11-04 13:06:53 INFO  RMAuditLogger:231 - USER=hadoop	OPERATION=AM Allocated Container	TARGET=SchedulerApp	RESULT=SUCCESS	APPID=application_1604494987466_0004	CONTAINERID=container_1604494987466_0004_01_000002	RESOURCE=<memory:4096, vCores:1>	QUEUENAME=default
rm_1        | 2020-11-04 13:06:53 INFO  ParentQueue:1344 - assignedContainer queue=root usedCapacity=0.75 absoluteUsedCapacity=0.75 used=<memory:6144, vCores:2> cluster=<memory:8192, vCores:8>
rm_1        | 2020-11-04 13:06:53 INFO  CapacityScheduler:3037 - Allocation proposal accepted
rm_1        | 2020-11-04 13:06:53 INFO  NMTokenSecretManagerInRM:200 - Sending NMToken for nodeId : nm:36679 for container : container_1604494987466_0004_01_000002
rm_1        | 2020-11-04 13:06:53 INFO  RMContainerImpl:481 - container_1604494987466_0004_01_000002 Container Transitioned from ALLOCATED to ACQUIRED
rm_1        | 2020-11-04 13:06:54 INFO  RMContainerImpl:481 - container_1604494987466_0004_01_000002 Container Transitioned from ACQUIRED to RUNNING
rm_1        | 2020-11-04 13:06:58 INFO  RMContainerImpl:481 - container_1604494987466_0004_01_000002 Container Transitioned from RUNNING to COMPLETED
rm_1        | 2020-11-04 13:06:58 INFO  RMAuditLogger:231 - USER=hadoop	OPERATION=AM Released Container	TARGET=SchedulerApp	RESULT=SUCCESS	APPID=application_1604494987466_0004	CONTAINERID=container_1604494987466_0004_01_000002	RESOURCE=<memory:4096, vCores:1>	QUEUENAME=default
rm_1        | 2020-11-04 13:06:59 INFO  AbstractContainerAllocator:129 - assignedContainer application attempt=appattempt_1604494987466_0004_000001 container=null queue=default clusterResource=<memory:8192, vCores:8> type=RACK_LOCAL requestedPartition=
rm_1        | 2020-11-04 13:06:59 INFO  RMContainerImpl:481 - container_1604494987466_0004_01_000003 Container Transitioned from NEW to ALLOCATED
rm_1        | 2020-11-04 13:06:59 INFO  FiCaSchedulerNode:169 - Assigned container container_1604494987466_0004_01_000003 of capacity <memory:4096, vCores:1> on host nm:36679, which has 2 containers, <memory:6144, vCores:2> used and <memory:2048, vCores:6> available after allocation
rm_1        | 2020-11-04 13:06:59 INFO  RMAuditLogger:231 - USER=hadoop	OPERATION=AM Allocated Container	TARGET=SchedulerApp	RESULT=SUCCESS	APPID=application_1604494987466_0004	CONTAINERID=container_1604494987466_0004_01_000003	RESOURCE=<memory:4096, vCores:1>	QUEUENAME=default
rm_1        | 2020-11-04 13:06:59 INFO  ParentQueue:1344 - assignedContainer queue=root usedCapacity=0.75 absoluteUsedCapacity=0.75 used=<memory:6144, vCores:2> cluster=<memory:8192, vCores:8>
rm_1        | 2020-11-04 13:06:59 INFO  CapacityScheduler:3037 - Allocation proposal accepted
rm_1        | 2020-11-04 13:06:59 INFO  RMContainerImpl:481 - container_1604494987466_0004_01_000003 Container Transitioned from ALLOCATED to ACQUIRED
rm_1        | 2020-11-04 13:07:00 INFO  RMContainerImpl:481 - container_1604494987466_0004_01_000003 Container Transitioned from ACQUIRED to RUNNING
rm_1        | 2020-11-04 13:07:03 INFO  RMContainerImpl:481 - container_1604494987466_0004_01_000003 Container Transitioned from RUNNING to COMPLETED
rm_1        | 2020-11-04 13:07:03 INFO  RMAuditLogger:231 - USER=hadoop	OPERATION=AM Released Container	TARGET=SchedulerApp	RESULT=SUCCESS	APPID=application_1604494987466_0004	CONTAINERID=container_1604494987466_0004_01_000003	RESOURCE=<memory:4096, vCores:1>	QUEUENAME=default
rm_1        | 2020-11-04 13:07:04 INFO  AbstractContainerAllocator:129 - assignedContainer application attempt=appattempt_1604494987466_0004_000001 container=null queue=default clusterResource=<memory:8192, vCores:8> type=RACK_LOCAL requestedPartition=
rm_1        | 2020-11-04 13:07:04 INFO  RMContainerImpl:481 - container_1604494987466_0004_01_000004 Container Transitioned from NEW to ALLOCATED
rm_1        | 2020-11-04 13:07:04 INFO  FiCaSchedulerNode:169 - Assigned container container_1604494987466_0004_01_000004 of capacity <memory:4096, vCores:1> on host nm:36679, which has 2 containers, <memory:6144, vCores:2> used and <memory:2048, vCores:6> available after allocation
rm_1        | 2020-11-04 13:07:04 INFO  RMAuditLogger:231 - USER=hadoop	OPERATION=AM Allocated Container	TARGET=SchedulerApp	RESULT=SUCCESS	APPID=application_1604494987466_0004	CONTAINERID=container_1604494987466_0004_01_000004	RESOURCE=<memory:4096, vCores:1>	QUEUENAME=default
rm_1        | 2020-11-04 13:07:04 INFO  ParentQueue:1344 - assignedContainer queue=root usedCapacity=0.75 absoluteUsedCapacity=0.75 used=<memory:6144, vCores:2> cluster=<memory:8192, vCores:8>
rm_1        | 2020-11-04 13:07:04 INFO  CapacityScheduler:3037 - Allocation proposal accepted
rm_1        | 2020-11-04 13:07:05 INFO  RMContainerImpl:481 - container_1604494987466_0004_01_000004 Container Transitioned from ALLOCATED to ACQUIRED
rm_1        | 2020-11-04 13:07:05 INFO  RMContainerImpl:481 - container_1604494987466_0004_01_000004 Container Transitioned from ACQUIRED to RUNNING
rm_1        | 2020-11-04 13:07:06 INFO  AppSchedulingInfo:367 - checking for deactivate of application :application_1604494987466_0004
rm_1        | 2020-11-04 13:07:09 INFO  RMContainerImpl:481 - container_1604494987466_0004_01_000004 Container Transitioned from RUNNING to COMPLETED
rm_1        | 2020-11-04 13:07:09 INFO  RMAuditLogger:231 - USER=hadoop	OPERATION=AM Released Container	TARGET=SchedulerApp	RESULT=SUCCESS	APPID=application_1604494987466_0004	CONTAINERID=container_1604494987466_0004_01_000004	RESOURCE=<memory:4096, vCores:1>	QUEUENAME=default
rm_1        | 2020-11-04 13:07:09 INFO  AbstractContainerAllocator:129 - assignedContainer application attempt=appattempt_1604494987466_0004_000001 container=null queue=default clusterResource=<memory:8192, vCores:8> type=OFF_SWITCH requestedPartition=
rm_1        | 2020-11-04 13:07:09 INFO  RMContainerImpl:481 - container_1604494987466_0004_01_000005 Container Transitioned from NEW to ALLOCATED
rm_1        | 2020-11-04 13:07:09 INFO  FiCaSchedulerNode:169 - Assigned container container_1604494987466_0004_01_000005 of capacity <memory:4096, vCores:1> on host nm:36679, which has 2 containers, <memory:6144, vCores:2> used and <memory:2048, vCores:6> available after allocation
rm_1        | 2020-11-04 13:07:09 INFO  RMAuditLogger:231 - USER=hadoop	OPERATION=AM Allocated Container	TARGET=SchedulerApp	RESULT=SUCCESS	APPID=application_1604494987466_0004	CONTAINERID=container_1604494987466_0004_01_000005	RESOURCE=<memory:4096, vCores:1>	QUEUENAME=default
rm_1        | 2020-11-04 13:07:09 INFO  ParentQueue:1344 - assignedContainer queue=root usedCapacity=0.75 absoluteUsedCapacity=0.75 used=<memory:6144, vCores:2> cluster=<memory:8192, vCores:8>
rm_1        | 2020-11-04 13:07:09 INFO  CapacityScheduler:3037 - Allocation proposal accepted
rm_1        | 2020-11-04 13:07:09 INFO  RMContainerImpl:481 - container_1604494987466_0004_01_000005 Container Transitioned from ALLOCATED to ACQUIRED
rm_1        | 2020-11-04 13:07:10 INFO  RMContainerImpl:481 - container_1604494987466_0004_01_000005 Container Transitioned from ACQUIRED to RUNNING
rm_1        | 2020-11-04 13:07:10 INFO  AppSchedulingInfo:367 - checking for deactivate of application :application_1604494987466_0004
rm_1        | 2020-11-04 13:07:14 INFO  RMContainerImpl:481 - container_1604494987466_0004_01_000005 Container Transitioned from RUNNING to COMPLETED
rm_1        | 2020-11-04 13:07:14 INFO  RMAuditLogger:231 - USER=hadoop	OPERATION=AM Released Container	TARGET=SchedulerApp	RESULT=SUCCESS	APPID=application_1604494987466_0004	CONTAINERID=container_1604494987466_0004_01_000005	RESOURCE=<memory:4096, vCores:1>	QUEUENAME=default
rm_1        | 2020-11-04 13:07:16 INFO  RMAppAttemptImpl:1428 - Updating application attempt appattempt_1604494987466_0004_000001 with final state: FINISHING, and exit status: -1000
rm_1        | 2020-11-04 13:07:16 INFO  RMAppAttemptImpl:929 - appattempt_1604494987466_0004_000001 State change from RUNNING to FINAL_SAVING on event = UNREGISTERED
rm_1        | 2020-11-04 13:07:16 INFO  RMAppImpl:1277 - Updating application application_1604494987466_0004 with final state: FINISHING
rm_1        | 2020-11-04 13:07:16 INFO  RMAppImpl:893 - application_1604494987466_0004 State change from RUNNING to FINAL_SAVING on event = ATTEMPT_UNREGISTERED
rm_1        | 2020-11-04 13:07:16 INFO  RMAppAttemptImpl:929 - appattempt_1604494987466_0004_000001 State change from FINAL_SAVING to FINISHING on event = ATTEMPT_UPDATE_SAVED
rm_1        | 2020-11-04 13:07:16 INFO  RMStateStore:261 - Updating info for app: application_1604494987466_0004
rm_1        | 2020-11-04 13:07:16 INFO  RMAppImpl:893 - application_1604494987466_0004 State change from FINAL_SAVING to FINISHING on event = APP_UPDATE_SAVED
rm_1        | 2020-11-04 13:07:17 INFO  ApplicationMasterService:317 - application_1604494987466_0004 unregistered successfully. 
nm_1        | 2020-11-04 13:07:14 INFO  ContainerCleanup:87 - Cleaning up container container_1604494987466_0004_01_000005
nm_1        | 2020-11-04 13:07:14 INFO  NMAuditLogger:94 - USER=hadoop	OPERATION=Container Finished - Succeeded	TARGET=ContainerImpl	RESULT=SUCCESS	APPID=application_1604494987466_0004	CONTAINERID=container_1604494987466_0004_01_000005
nm_1        | 2020-11-04 13:07:14 INFO  ContainerImpl:2134 - Container container_1604494987466_0004_01_000005 transitioned from EXITED_WITH_SUCCESS to DONE
nm_1        | 2020-11-04 13:07:14 INFO  ApplicationImpl:512 - Removing container_1604494987466_0004_01_000005 from application application_1604494987466_0004
nm_1        | 2020-11-04 13:07:14 INFO  ContainersMonitorImpl:1005 - Stopping resource-monitoring for container_1604494987466_0004_01_000005
nm_1        | 2020-11-04 13:07:14 INFO  AuxServices:350 - Got event CONTAINER_STOP for appId application_1604494987466_0004
nm_1        | 2020-11-04 13:07:14 INFO  DefaultContainerExecutor:634 - Deleting absolute path : /tmp/hadoop-hadoop/nm-local-dir/usercache/hadoop/appcache/application_1604494987466_0004/container_1604494987466_0004_01_000005/launch_container.sh
nm_1        | 2020-11-04 13:07:14 INFO  DefaultContainerExecutor:634 - Deleting absolute path : /tmp/hadoop-hadoop/nm-local-dir/usercache/hadoop/appcache/application_1604494987466_0004/container_1604494987466_0004_01_000005/container_tokens
nm_1        | 2020-11-04 13:07:14 INFO  DefaultContainerExecutor:634 - Deleting absolute path : /tmp/hadoop-hadoop/nm-local-dir/usercache/hadoop/appcache/application_1604494987466_0004/container_1604494987466_0004_01_000005/sysfs
nm_1        | 2020-11-04 13:07:14 WARN  DefaultContainerExecutor:637 - delete returned false for path: [/tmp/hadoop-hadoop/nm-local-dir/usercache/hadoop/appcache/application_1604494987466_0004/container_1604494987466_0004_01_000005/sysfs]
nm_1        | 2020-11-04 13:07:16 INFO  NodeStatusUpdaterImpl:721 - Removed completed containers from NM context: [container_1604494987466_0004_01_000005]
