scm_1       | 2020-04-24 18:23:09,834 [Socket Reader #1 for port 9861] INFO ipc.Server: Auth successful for dn/4d1681985eba@EXAMPLE.COM (auth:KERBEROS)
om_1        | 2020-04-24 18:25:35,168 [Socket Reader #1 for port 9862] INFO authorize.ServiceAuthorizationManager: Authorization successful for testuser/scm@EXAMPLE.COM (auth:KERBEROS) for protocol=interface org.apache.hadoop.ozone.om.protocol.OzoneManagerProtocol
kdc_1       | Apr 24 18:20:37 kdc kadmind[13](info): closing down fd 18
s3g_1       | 	at org.glassfish.jersey.internal.inject.Injections.getOrCreate(Injections.java:129)
scm_1       | 2020-04-24 18:23:09,858 [Socket Reader #1 for port 9861] INFO authorize.ServiceAuthorizationManager: Authorization successful for dn/4d1681985eba@EXAMPLE.COM (auth:KERBEROS) for protocol=interface org.apache.hadoop.ozone.protocol.StorageContainerDatanodeProtocol
datanode_3  | 	at org.apache.ratis.thirdparty.io.grpc.internal.SerializingExecutor.run(SerializingExecutor.java:123)
recon_1     | 2020-04-24 18:27:40,298 [Socket Reader #1 for port 9891] INFO ipc.Server: Auth successful for dn/009c9ee0a84b@EXAMPLE.COM (auth:KERBEROS)
om_1        | 2020-04-24 18:25:37,539 [Socket Reader #1 for port 9862] INFO ipc.Server: Auth successful for testuser/scm@EXAMPLE.COM (auth:KERBEROS)
kdc_1       | Apr 24 18:20:37 kdc kadmind[13](Notice): Request: kadm5_init, admin/admin@EXAMPLE.COM, success, client=admin/admin@EXAMPLE.COM, service=kadmin/admin@EXAMPLE.COM, addr=127.0.0.1, vers=4, flavor=6
s3g_1       | 	at org.glassfish.jersey.server.model.MethodHandler$ClassBasedMethodHandler.getInstance(MethodHandler.java:284)
scm_1       | 2020-04-24 18:23:10,011 [Socket Reader #1 for port 9861] INFO ipc.Server: Auth successful for dn/fdbc5c85aff4@EXAMPLE.COM (auth:KERBEROS)
datanode_3  | 	at java.base/java.util.concurrent.ThreadPoolExecutor.runWorker(ThreadPoolExecutor.java:1128)
recon_1     | 2020-04-24 18:27:40,308 [Socket Reader #1 for port 9891] INFO authorize.ServiceAuthorizationManager: Authorization successful for dn/009c9ee0a84b@EXAMPLE.COM (auth:KERBEROS) for protocol=interface org.apache.hadoop.ozone.protocol.ReconDatanodeProtocol
kdc_1       | Apr 24 18:20:37 kdc kadmind[13](Notice): Request: kadm5_randkey_principal, testuser2/scm@EXAMPLE.COM, success, client=admin/admin@EXAMPLE.COM, service=kadmin/admin@EXAMPLE.COM, addr=127.0.0.1
s3g_1       | 	at org.glassfish.jersey.server.internal.routing.PushMethodHandlerRouter.apply(PushMethodHandlerRouter.java:75)
om_1        | 2020-04-24 18:25:37,553 [Socket Reader #1 for port 9862] INFO authorize.ServiceAuthorizationManager: Authorization successful for testuser/scm@EXAMPLE.COM (auth:KERBEROS) for protocol=interface org.apache.hadoop.ozone.om.protocol.OzoneManagerProtocol
scm_1       | 2020-04-24 18:23:10,023 [Socket Reader #1 for port 9861] INFO authorize.ServiceAuthorizationManager: Authorization successful for dn/fdbc5c85aff4@EXAMPLE.COM (auth:KERBEROS) for protocol=interface org.apache.hadoop.ozone.protocol.StorageContainerDatanodeProtocol
datanode_3  | 	at java.base/java.util.concurrent.ThreadPoolExecutor$Worker.run(ThreadPoolExecutor.java:628)
recon_1     | 2020-04-24 18:28:09,810 [Socket Reader #1 for port 9891] INFO ipc.Server: Auth successful for dn/4d1681985eba@EXAMPLE.COM (auth:KERBEROS)
kdc_1       | Apr 24 18:20:37 kdc kadmind[13](Notice): Request: kadm5_get_principal, testuser2/scm@EXAMPLE.COM, success, client=admin/admin@EXAMPLE.COM, service=kadmin/admin@EXAMPLE.COM, addr=127.0.0.1
s3g_1       | 	at org.glassfish.jersey.server.internal.routing.RoutingStage._apply(RoutingStage.java:110)
om_1        | 2020-04-24 18:25:40,132 [Socket Reader #1 for port 9862] INFO ipc.Server: Auth successful for testuser/scm@EXAMPLE.COM (auth:KERBEROS)
scm_1       | 2020-04-24 18:23:10,318 [Socket Reader #1 for port 9861] INFO ipc.Server: Auth successful for dn/009c9ee0a84b@EXAMPLE.COM (auth:KERBEROS)
datanode_3  | 	at java.base/java.lang.Thread.run(Thread.java:834)
recon_1     | 2020-04-24 18:28:09,812 [Socket Reader #1 for port 9891] INFO authorize.ServiceAuthorizationManager: Authorization successful for dn/4d1681985eba@EXAMPLE.COM (auth:KERBEROS) for protocol=interface org.apache.hadoop.ozone.protocol.ReconDatanodeProtocol
kdc_1       | Apr 24 18:20:37 kdc kadmind[13](info): closing down fd 18
s3g_1       | 	at org.glassfish.jersey.server.internal.routing.RoutingStage._apply(RoutingStage.java:113)
om_1        | 2020-04-24 18:25:40,153 [Socket Reader #1 for port 9862] INFO authorize.ServiceAuthorizationManager: Authorization successful for testuser/scm@EXAMPLE.COM (auth:KERBEROS) for protocol=interface org.apache.hadoop.ozone.om.protocol.OzoneManagerProtocol
scm_1       | 2020-04-24 18:23:10,340 [Socket Reader #1 for port 9861] INFO authorize.ServiceAuthorizationManager: Authorization successful for dn/009c9ee0a84b@EXAMPLE.COM (auth:KERBEROS) for protocol=interface org.apache.hadoop.ozone.protocol.StorageContainerDatanodeProtocol
datanode_3  | Caused by: org.apache.hadoop.hdds.security.token.BlockTokenException: Fail to find any token (empty or null.)
recon_1     | 2020-04-24 18:28:09,989 [Socket Reader #1 for port 9891] INFO ipc.Server: Auth successful for dn/fdbc5c85aff4@EXAMPLE.COM (auth:KERBEROS)
kdc_1       | Apr 24 18:20:37 kdc kadmind[13](Notice): Request: kadm5_init, admin/admin@EXAMPLE.COM, success, client=admin/admin@EXAMPLE.COM, service=kadmin/admin@EXAMPLE.COM, addr=127.0.0.1, vers=4, flavor=6
s3g_1       | 	at org.glassfish.jersey.server.internal.routing.RoutingStage._apply(RoutingStage.java:113)
om_1        | 2020-04-24 18:25:42,713 [Socket Reader #1 for port 9862] INFO ipc.Server: Auth successful for testuser/scm@EXAMPLE.COM (auth:KERBEROS)
scm_1       | 2020-04-24 18:23:17,459 [Socket Reader #1 for port 9961] INFO ipc.Server: Auth successful for testuser/scm@EXAMPLE.COM (auth:KERBEROS)
datanode_3  | 	at org.apache.hadoop.hdds.security.token.BlockTokenVerifier.verify(BlockTokenVerifier.java:68)
recon_1     | 2020-04-24 18:28:09,999 [Socket Reader #1 for port 9891] INFO authorize.ServiceAuthorizationManager: Authorization successful for dn/fdbc5c85aff4@EXAMPLE.COM (auth:KERBEROS) for protocol=interface org.apache.hadoop.ozone.protocol.ReconDatanodeProtocol
kdc_1       | Apr 24 18:20:37 kdc kadmind[13](Notice): Request: kadm5_get_policy, default, Policy does not exist, client=admin/admin@EXAMPLE.COM, service=kadmin/admin@EXAMPLE.COM, addr=127.0.0.1
s3g_1       | 	at org.glassfish.jersey.server.internal.routing.RoutingStage._apply(RoutingStage.java:113)
om_1        | 2020-04-24 18:25:42,726 [Socket Reader #1 for port 9862] INFO authorize.ServiceAuthorizationManager: Authorization successful for testuser/scm@EXAMPLE.COM (auth:KERBEROS) for protocol=interface org.apache.hadoop.ozone.om.protocol.OzoneManagerProtocol
scm_1       | 2020-04-24 18:23:17,465 [Socket Reader #1 for port 9961] INFO authorize.ServiceAuthorizationManager: Authorization successful for testuser/scm@EXAMPLE.COM (auth:KERBEROS) for protocol=interface org.apache.hadoop.hdds.protocol.SCMSecurityProtocol
datanode_3  | 	at org.apache.hadoop.ozone.container.common.impl.HddsDispatcher.validateBlockToken(HddsDispatcher.java:425)
recon_1     | 2020-04-24 18:28:10,314 [Socket Reader #1 for port 9891] INFO ipc.Server: Auth successful for dn/009c9ee0a84b@EXAMPLE.COM (auth:KERBEROS)
kdc_1       | Apr 24 18:20:37 kdc kadmind[13](Notice): Request: kadm5_create_principal, recon/recon@EXAMPLE.COM, success, client=admin/admin@EXAMPLE.COM, service=kadmin/admin@EXAMPLE.COM, addr=127.0.0.1
s3g_1       | 	at org.glassfish.jersey.server.internal.routing.RoutingStage.apply(RoutingStage.java:93)
om_1        | 2020-04-24 18:25:45,155 [Socket Reader #1 for port 9862] INFO ipc.Server: Auth successful for testuser/scm@EXAMPLE.COM (auth:KERBEROS)
scm_1       | 2020-04-24 18:23:39,839 [Socket Reader #1 for port 9861] INFO ipc.Server: Auth successful for dn/4d1681985eba@EXAMPLE.COM (auth:KERBEROS)
datanode_3  | 	at org.apache.hadoop.ozone.container.common.impl.HddsDispatcher.validateContainerCommand(HddsDispatcher.java:491)
recon_1     | 2020-04-24 18:28:10,324 [Socket Reader #1 for port 9891] INFO authorize.ServiceAuthorizationManager: Authorization successful for dn/009c9ee0a84b@EXAMPLE.COM (auth:KERBEROS) for protocol=interface org.apache.hadoop.ozone.protocol.ReconDatanodeProtocol
kdc_1       | Apr 24 18:20:37 kdc kadmind[13](info): closing down fd 18
s3g_1       | 	at org.glassfish.jersey.server.internal.routing.RoutingStage.apply(RoutingStage.java:62)
om_1        | 2020-04-24 18:25:45,186 [Socket Reader #1 for port 9862] INFO authorize.ServiceAuthorizationManager: Authorization successful for testuser/scm@EXAMPLE.COM (auth:KERBEROS) for protocol=interface org.apache.hadoop.ozone.om.protocol.OzoneManagerProtocol
scm_1       | 2020-04-24 18:23:39,848 [Socket Reader #1 for port 9861] INFO authorize.ServiceAuthorizationManager: Authorization successful for dn/4d1681985eba@EXAMPLE.COM (auth:KERBEROS) for protocol=interface org.apache.hadoop.ozone.protocol.StorageContainerDatanodeProtocol
datanode_3  | 	... 26 more
recon_1     | 2020-04-24 18:28:26,277 [pool-11-thread-1] INFO impl.OzoneManagerServiceProviderImpl: Syncing data from Ozone Manager.
kdc_1       | Apr 24 18:20:37 kdc kadmind[13](Notice): Request: kadm5_init, admin/admin@EXAMPLE.COM, success, client=admin/admin@EXAMPLE.COM, service=kadmin/admin@EXAMPLE.COM, addr=127.0.0.1, vers=4, flavor=6
s3g_1       | 	at org.glassfish.jersey.process.internal.Stages.process(Stages.java:197)
om_1        | 2020-04-24 18:25:45,558 [IPC Server handler 36 on 9862] INFO volume.OMVolumeCreateRequest: created volume:84155-rpcwoscheme for user:testuser/scm@EXAMPLE.COM
scm_1       | 2020-04-24 18:23:39,997 [Socket Reader #1 for port 9861] INFO ipc.Server: Auth successful for dn/fdbc5c85aff4@EXAMPLE.COM (auth:KERBEROS)
datanode_3  | 2020-04-24 18:33:18,906 [grpc-default-executor-5] ERROR ratis.ContainerStateMachine: startTransaction validation failed on leader
recon_1     | 2020-04-24 18:28:26,277 [pool-11-thread-1] INFO impl.OzoneManagerServiceProviderImpl: Obtaining delta updates from Ozone Manager
kdc_1       | Apr 24 18:20:37 kdc kadmind[13](Notice): Request: kadm5_randkey_principal, recon/recon@EXAMPLE.COM, success, client=admin/admin@EXAMPLE.COM, service=kadmin/admin@EXAMPLE.COM, addr=127.0.0.1
s3g_1       | 	at org.glassfish.jersey.server.ServerRuntime$1.run(ServerRuntime.java:269)
om_1        | 2020-04-24 18:25:47,678 [Socket Reader #1 for port 9862] INFO ipc.Server: Auth successful for testuser/scm@EXAMPLE.COM (auth:KERBEROS)
scm_1       | 2020-04-24 18:23:40,006 [Socket Reader #1 for port 9861] INFO authorize.ServiceAuthorizationManager: Authorization successful for dn/fdbc5c85aff4@EXAMPLE.COM (auth:KERBEROS) for protocol=interface org.apache.hadoop.ozone.protocol.StorageContainerDatanodeProtocol
datanode_3  | org.apache.hadoop.hdds.scm.container.common.helpers.StorageContainerException: Block token verification failed. Fail to find any token (empty or null.)
recon_1     | 2020-04-24 18:28:26,316 [pool-11-thread-1] INFO impl.OzoneManagerServiceProviderImpl: Number of updates received from OM : 12
kdc_1       | Apr 24 18:20:37 kdc kadmind[13](Notice): Request: kadm5_get_principal, recon/recon@EXAMPLE.COM, success, client=admin/admin@EXAMPLE.COM, service=kadmin/admin@EXAMPLE.COM, addr=127.0.0.1
s3g_1       | 	at org.glassfish.jersey.internal.Errors$1.call(Errors.java:272)
om_1        | 2020-04-24 18:25:47,692 [Socket Reader #1 for port 9862] INFO authorize.ServiceAuthorizationManager: Authorization successful for testuser/scm@EXAMPLE.COM (auth:KERBEROS) for protocol=interface org.apache.hadoop.ozone.om.protocol.OzoneManagerProtocol
scm_1       | 2020-04-24 18:23:40,325 [Socket Reader #1 for port 9861] INFO ipc.Server: Auth successful for dn/009c9ee0a84b@EXAMPLE.COM (auth:KERBEROS)
datanode_3  | 	at org.apache.hadoop.ozone.container.common.impl.HddsDispatcher.validateContainerCommand(HddsDispatcher.java:494)
recon_1     | 2020-04-24 18:28:26,334 [pool-12-thread-1] INFO tasks.ContainerKeyMapperTask: ContainerKeyMapperTask successfully processed 2 OM DB update event(s).
kdc_1       | Apr 24 18:20:37 kdc kadmind[13](info): closing down fd 18
s3g_1       | 	at org.glassfish.jersey.internal.Errors$1.call(Errors.java:268)
om_1        | 2020-04-24 18:25:50,487 [Socket Reader #1 for port 9862] INFO ipc.Server: Auth successful for testuser/scm@EXAMPLE.COM (auth:KERBEROS)
scm_1       | 2020-04-24 18:23:40,335 [Socket Reader #1 for port 9861] INFO authorize.ServiceAuthorizationManager: Authorization successful for dn/009c9ee0a84b@EXAMPLE.COM (auth:KERBEROS) for protocol=interface org.apache.hadoop.ozone.protocol.StorageContainerDatanodeProtocol
datanode_3  | 	at org.apache.hadoop.ozone.container.common.transport.server.ratis.ContainerStateMachine.startTransaction(ContainerStateMachine.java:314)
recon_1     | 2020-04-24 18:28:26,443 [pool-12-thread-1] INFO tasks.FileSizeCountTask: Completed a 'process' run of FileSizeCountTask.
kdc_1       | Apr 24 18:20:37 kdc kadmind[13](Notice): Request: kadm5_init, admin/admin@EXAMPLE.COM, success, client=admin/admin@EXAMPLE.COM, service=kadmin/admin@EXAMPLE.COM, addr=127.0.0.1, vers=4, flavor=6
s3g_1       | 	at org.glassfish.jersey.internal.Errors.process(Errors.java:316)
om_1        | 2020-04-24 18:25:50,503 [Socket Reader #1 for port 9862] INFO authorize.ServiceAuthorizationManager: Authorization successful for testuser/scm@EXAMPLE.COM (auth:KERBEROS) for protocol=interface org.apache.hadoop.ozone.om.protocol.OzoneManagerProtocol
scm_1       | 2020-04-24 18:24:09,826 [Socket Reader #1 for port 9861] INFO ipc.Server: Auth successful for dn/4d1681985eba@EXAMPLE.COM (auth:KERBEROS)
datanode_3  | 	at org.apache.ratis.server.impl.RaftServerImpl.submitClientRequestAsync(RaftServerImpl.java:596)
recon_1     | 2020-04-24 18:28:39,819 [Socket Reader #1 for port 9891] INFO ipc.Server: Auth successful for dn/4d1681985eba@EXAMPLE.COM (auth:KERBEROS)
kdc_1       | Apr 24 18:20:37 kdc kadmind[13](Notice): Request: kadm5_get_policy, default, Policy does not exist, client=admin/admin@EXAMPLE.COM, service=kadmin/admin@EXAMPLE.COM, addr=127.0.0.1
s3g_1       | 	at org.glassfish.jersey.internal.Errors.process(Errors.java:298)
om_1        | 2020-04-24 18:25:53,276 [Socket Reader #1 for port 9862] INFO ipc.Server: Auth successful for testuser/scm@EXAMPLE.COM (auth:KERBEROS)
scm_1       | 2020-04-24 18:24:09,834 [Socket Reader #1 for port 9861] INFO authorize.ServiceAuthorizationManager: Authorization successful for dn/4d1681985eba@EXAMPLE.COM (auth:KERBEROS) for protocol=interface org.apache.hadoop.ozone.protocol.StorageContainerDatanodeProtocol
datanode_3  | 	at org.apache.ratis.server.impl.RaftServerProxy.lambda$submitClientRequestAsync$7(RaftServerProxy.java:333)
recon_1     | 2020-04-24 18:28:39,853 [Socket Reader #1 for port 9891] INFO authorize.ServiceAuthorizationManager: Authorization successful for dn/4d1681985eba@EXAMPLE.COM (auth:KERBEROS) for protocol=interface org.apache.hadoop.ozone.protocol.ReconDatanodeProtocol
kdc_1       | Apr 24 18:20:37 kdc kadmind[13](Notice): Request: kadm5_create_principal, dn/4d1681985eba@EXAMPLE.COM, success, client=admin/admin@EXAMPLE.COM, service=kadmin/admin@EXAMPLE.COM, addr=127.0.0.1
s3g_1       | 	at org.glassfish.jersey.internal.Errors.process(Errors.java:268)
om_1        | 2020-04-24 18:25:53,293 [Socket Reader #1 for port 9862] INFO authorize.ServiceAuthorizationManager: Authorization successful for testuser/scm@EXAMPLE.COM (auth:KERBEROS) for protocol=interface org.apache.hadoop.ozone.om.protocol.OzoneManagerProtocol
scm_1       | 2020-04-24 18:24:10,004 [Socket Reader #1 for port 9861] INFO ipc.Server: Auth successful for dn/fdbc5c85aff4@EXAMPLE.COM (auth:KERBEROS)
datanode_3  | 	at org.apache.ratis.server.impl.RaftServerProxy.lambda$null$5(RaftServerProxy.java:328)
recon_1     | 2020-04-24 18:28:39,992 [Socket Reader #1 for port 9891] INFO ipc.Server: Auth successful for dn/fdbc5c85aff4@EXAMPLE.COM (auth:KERBEROS)
kdc_1       | Apr 24 18:20:37 kdc kadmind[13](info): closing down fd 18
s3g_1       | 	at org.glassfish.jersey.process.internal.RequestScope.runInScope(RequestScope.java:289)
om_1        | 2020-04-24 18:25:56,050 [Socket Reader #1 for port 9862] INFO ipc.Server: Auth successful for testuser/scm@EXAMPLE.COM (auth:KERBEROS)
scm_1       | 2020-04-24 18:24:10,013 [Socket Reader #1 for port 9861] INFO authorize.ServiceAuthorizationManager: Authorization successful for dn/fdbc5c85aff4@EXAMPLE.COM (auth:KERBEROS) for protocol=interface org.apache.hadoop.ozone.protocol.StorageContainerDatanodeProtocol
datanode_3  | 	at org.apache.ratis.util.JavaUtils.callAsUnchecked(JavaUtils.java:109)
recon_1     | 2020-04-24 18:28:40,000 [Socket Reader #1 for port 9891] INFO authorize.ServiceAuthorizationManager: Authorization successful for dn/fdbc5c85aff4@EXAMPLE.COM (auth:KERBEROS) for protocol=interface org.apache.hadoop.ozone.protocol.ReconDatanodeProtocol
kdc_1       | Apr 24 18:20:37 kdc kadmind[13](Notice): Request: kadm5_init, admin/admin@EXAMPLE.COM, success, client=admin/admin@EXAMPLE.COM, service=kadmin/admin@EXAMPLE.COM, addr=127.0.0.1, vers=4, flavor=6
kdc_1       | Apr 24 18:20:37 kdc kadmind[13](Notice): Request: kadm5_randkey_principal, dn/4d1681985eba@EXAMPLE.COM, success, client=admin/admin@EXAMPLE.COM, service=kadmin/admin@EXAMPLE.COM, addr=127.0.0.1
kdc_1       | Apr 24 18:20:37 kdc kadmind[13](Notice): Request: kadm5_get_principal, dn/4d1681985eba@EXAMPLE.COM, success, client=admin/admin@EXAMPLE.COM, service=kadmin/admin@EXAMPLE.COM, addr=127.0.0.1
om_1        | 2020-04-24 18:25:56,069 [Socket Reader #1 for port 9862] INFO authorize.ServiceAuthorizationManager: Authorization successful for testuser/scm@EXAMPLE.COM (auth:KERBEROS) for protocol=interface org.apache.hadoop.ozone.om.protocol.OzoneManagerProtocol
datanode_3  | 	at org.apache.ratis.server.impl.RaftServerProxy.lambda$submitRequest$6(RaftServerProxy.java:328)
recon_1     | 2020-04-24 18:28:40,301 [Socket Reader #1 for port 9891] INFO ipc.Server: Auth successful for dn/009c9ee0a84b@EXAMPLE.COM (auth:KERBEROS)
kdc_1       | Apr 24 18:20:37 kdc kadmind[13](info): closing down fd 18
s3g_1       | 	at org.glassfish.jersey.server.ServerRuntime.process(ServerRuntime.java:256)
scm_1       | 2020-04-24 18:24:10,309 [Socket Reader #1 for port 9861] INFO ipc.Server: Auth successful for dn/009c9ee0a84b@EXAMPLE.COM (auth:KERBEROS)
om_1        | 2020-04-24 18:25:58,819 [Socket Reader #1 for port 9862] INFO ipc.Server: Auth successful for testuser/scm@EXAMPLE.COM (auth:KERBEROS)
datanode_3  | 	at java.base/java.util.concurrent.CompletableFuture.uniComposeStage(CompletableFuture.java:1106)
recon_1     | 2020-04-24 18:28:40,310 [Socket Reader #1 for port 9891] INFO authorize.ServiceAuthorizationManager: Authorization successful for dn/009c9ee0a84b@EXAMPLE.COM (auth:KERBEROS) for protocol=interface org.apache.hadoop.ozone.protocol.ReconDatanodeProtocol
kdc_1       | Apr 24 18:20:37 kdc kadmind[13](Notice): Request: kadm5_init, admin/admin@EXAMPLE.COM, success, client=admin/admin@EXAMPLE.COM, service=kadmin/admin@EXAMPLE.COM, addr=127.0.0.1, vers=4, flavor=6
s3g_1       | 	at org.glassfish.jersey.server.ApplicationHandler.handle(ApplicationHandler.java:703)
scm_1       | 2020-04-24 18:24:10,327 [Socket Reader #1 for port 9861] INFO authorize.ServiceAuthorizationManager: Authorization successful for dn/009c9ee0a84b@EXAMPLE.COM (auth:KERBEROS) for protocol=interface org.apache.hadoop.ozone.protocol.StorageContainerDatanodeProtocol
om_1        | 2020-04-24 18:25:58,835 [Socket Reader #1 for port 9862] INFO authorize.ServiceAuthorizationManager: Authorization successful for testuser/scm@EXAMPLE.COM (auth:KERBEROS) for protocol=interface org.apache.hadoop.ozone.om.protocol.OzoneManagerProtocol
datanode_3  | 	at java.base/java.util.concurrent.CompletableFuture.thenCompose(CompletableFuture.java:2235)
recon_1     | 2020-04-24 18:29:09,813 [Socket Reader #1 for port 9891] INFO ipc.Server: Auth successful for dn/4d1681985eba@EXAMPLE.COM (auth:KERBEROS)
kdc_1       | Apr 24 18:20:37 kdc kadmind[13](Notice): Request: kadm5_get_policy, default, Policy does not exist, client=admin/admin@EXAMPLE.COM, service=kadmin/admin@EXAMPLE.COM, addr=127.0.0.1
s3g_1       | 	at org.glassfish.jersey.servlet.WebComponent.serviceImpl(WebComponent.java:416)
scm_1       | 2020-04-24 18:24:18,428 [Socket Reader #1 for port 9863] INFO ipc.Server: Auth successful for om/om@EXAMPLE.COM (auth:KERBEROS)
om_1        | 2020-04-24 18:26:01,280 [Socket Reader #1 for port 9862] INFO ipc.Server: Auth successful for testuser/scm@EXAMPLE.COM (auth:KERBEROS)
datanode_3  | 	at org.apache.ratis.server.impl.RaftServerProxy.submitRequest(RaftServerProxy.java:327)
recon_1     | 2020-04-24 18:29:09,822 [Socket Reader #1 for port 9891] INFO authorize.ServiceAuthorizationManager: Authorization successful for dn/4d1681985eba@EXAMPLE.COM (auth:KERBEROS) for protocol=interface org.apache.hadoop.ozone.protocol.ReconDatanodeProtocol
kdc_1       | Apr 24 18:20:37 kdc kadmind[13](Notice): Request: kadm5_create_principal, HTTP/recon@EXAMPLE.COM, success, client=admin/admin@EXAMPLE.COM, service=kadmin/admin@EXAMPLE.COM, addr=127.0.0.1
s3g_1       | 	at org.glassfish.jersey.servlet.WebComponent.service(WebComponent.java:370)
scm_1       | 2020-04-24 18:24:18,438 [Socket Reader #1 for port 9863] INFO authorize.ServiceAuthorizationManager: Authorization successful for om/om@EXAMPLE.COM (auth:KERBEROS) for protocol=interface org.apache.hadoop.hdds.scm.protocol.ScmBlockLocationProtocol
om_1        | 2020-04-24 18:26:01,294 [Socket Reader #1 for port 9862] INFO authorize.ServiceAuthorizationManager: Authorization successful for testuser/scm@EXAMPLE.COM (auth:KERBEROS) for protocol=interface org.apache.hadoop.ozone.om.protocol.OzoneManagerProtocol
datanode_3  | 	at org.apache.ratis.server.impl.RaftServerProxy.submitClientRequestAsync(RaftServerProxy.java:333)
recon_1     | 2020-04-24 18:29:10,000 [Socket Reader #1 for port 9891] INFO ipc.Server: Auth successful for dn/fdbc5c85aff4@EXAMPLE.COM (auth:KERBEROS)
kdc_1       | Apr 24 18:20:37 kdc kadmind[13](info): closing down fd 18
s3g_1       | 	at org.glassfish.jersey.servlet.ServletContainer.service(ServletContainer.java:389)
scm_1       | 2020-04-24 18:24:21,481 [IPC Server handler 13 on 9863] INFO server.SCMBlockProtocolServer: SCM is informed by OM to delete 1 blocks
om_1        | 2020-04-24 18:26:04,059 [Socket Reader #1 for port 9862] INFO ipc.Server: Auth successful for testuser/scm@EXAMPLE.COM (auth:KERBEROS)
datanode_3  | 	at org.apache.ratis.grpc.client.GrpcClientProtocolService$RequestStreamObserver.processClientRequest(GrpcClientProtocolService.java:225)
recon_1     | 2020-04-24 18:29:10,008 [Socket Reader #1 for port 9891] INFO authorize.ServiceAuthorizationManager: Authorization successful for dn/fdbc5c85aff4@EXAMPLE.COM (auth:KERBEROS) for protocol=interface org.apache.hadoop.ozone.protocol.ReconDatanodeProtocol
kdc_1       | Apr 24 18:20:37 kdc kadmind[13](Notice): Request: kadm5_init, admin/admin@EXAMPLE.COM, success, client=admin/admin@EXAMPLE.COM, service=kadmin/admin@EXAMPLE.COM, addr=127.0.0.1, vers=4, flavor=6
s3g_1       | 	at org.glassfish.jersey.servlet.ServletContainer.service(ServletContainer.java:342)
scm_1       | 2020-04-24 18:24:21,486 [IPC Server handler 13 on 9863] INFO block.BlockManagerImpl: Deleting blocks conID: 1 locID: 104054953095200893 bcsId: 0
om_1        | 2020-04-24 18:26:04,075 [Socket Reader #1 for port 9862] INFO authorize.ServiceAuthorizationManager: Authorization successful for testuser/scm@EXAMPLE.COM (auth:KERBEROS) for protocol=interface org.apache.hadoop.ozone.om.protocol.OzoneManagerProtocol
datanode_3  | 	at org.apache.ratis.grpc.client.GrpcClientProtocolService$OrderedRequestStreamObserver.processClientRequest(GrpcClientProtocolService.java:331)
recon_1     | 2020-04-24 18:29:10,301 [Socket Reader #1 for port 9891] INFO ipc.Server: Auth successful for dn/009c9ee0a84b@EXAMPLE.COM (auth:KERBEROS)
kdc_1       | Apr 24 18:20:37 kdc kadmind[13](Notice): Request: kadm5_randkey_principal, HTTP/recon@EXAMPLE.COM, success, client=admin/admin@EXAMPLE.COM, service=kadmin/admin@EXAMPLE.COM, addr=127.0.0.1
s3g_1       | 	at org.glassfish.jersey.servlet.ServletContainer.service(ServletContainer.java:229)
scm_1       | 2020-04-24 18:24:39,822 [Socket Reader #1 for port 9861] INFO ipc.Server: Auth successful for dn/4d1681985eba@EXAMPLE.COM (auth:KERBEROS)
om_1        | 2020-04-24 18:26:06,770 [Socket Reader #1 for port 9862] INFO ipc.Server: Auth successful for testuser/scm@EXAMPLE.COM (auth:KERBEROS)
datanode_3  | 	at org.apache.ratis.util.SlidingWindow$Server.processRequestsFromHead(SlidingWindow.java:429)
recon_1     | 2020-04-24 18:29:10,311 [Socket Reader #1 for port 9891] INFO authorize.ServiceAuthorizationManager: Authorization successful for dn/009c9ee0a84b@EXAMPLE.COM (auth:KERBEROS) for protocol=interface org.apache.hadoop.ozone.protocol.ReconDatanodeProtocol
kdc_1       | Apr 24 18:20:37 kdc kadmind[13](Notice): Request: kadm5_get_principal, HTTP/recon@EXAMPLE.COM, success, client=admin/admin@EXAMPLE.COM, service=kadmin/admin@EXAMPLE.COM, addr=127.0.0.1
s3g_1       | 	at org.eclipse.jetty.servlet.ServletHolder$NotAsyncServlet.service(ServletHolder.java:1395)
scm_1       | 2020-04-24 18:24:39,838 [Socket Reader #1 for port 9861] INFO authorize.ServiceAuthorizationManager: Authorization successful for dn/4d1681985eba@EXAMPLE.COM (auth:KERBEROS) for protocol=interface org.apache.hadoop.ozone.protocol.StorageContainerDatanodeProtocol
om_1        | 2020-04-24 18:26:06,797 [Socket Reader #1 for port 9862] INFO authorize.ServiceAuthorizationManager: Authorization successful for testuser/scm@EXAMPLE.COM (auth:KERBEROS) for protocol=interface org.apache.hadoop.ozone.om.protocol.OzoneManagerProtocol
datanode_3  | 	at org.apache.ratis.util.SlidingWindow$Server.receivedRequest(SlidingWindow.java:421)
recon_1     | 2020-04-24 18:29:26,449 [pool-11-thread-1] INFO impl.OzoneManagerServiceProviderImpl: Syncing data from Ozone Manager.
kdc_1       | Apr 24 18:20:37 kdc kadmind[13](info): closing down fd 18
s3g_1       | 	at org.eclipse.jetty.servlet.ServletHolder.handle(ServletHolder.java:755)
scm_1       | 2020-04-24 18:24:40,017 [Socket Reader #1 for port 9861] INFO ipc.Server: Auth successful for dn/fdbc5c85aff4@EXAMPLE.COM (auth:KERBEROS)
om_1        | 2020-04-24 18:26:11,373 [Socket Reader #1 for port 9862] INFO ipc.Server: Auth successful for testuser/scm@EXAMPLE.COM (auth:KERBEROS)
om_1        | 2020-04-24 18:26:11,389 [Socket Reader #1 for port 9862] INFO authorize.ServiceAuthorizationManager: Authorization successful for testuser/scm@EXAMPLE.COM (auth:KERBEROS) for protocol=interface org.apache.hadoop.ozone.om.protocol.OzoneManagerProtocol
recon_1     | 2020-04-24 18:29:26,449 [pool-11-thread-1] INFO impl.OzoneManagerServiceProviderImpl: Obtaining delta updates from Ozone Manager
kdc_1       | Apr 24 18:20:37 kdc kadmind[13](Notice): Request: kadm5_init, admin/admin@EXAMPLE.COM, success, client=admin/admin@EXAMPLE.COM, service=kadmin/admin@EXAMPLE.COM, addr=127.0.0.1, vers=4, flavor=6
s3g_1       | 	at org.eclipse.jetty.servlet.ServletHandler$CachedChain.doFilter(ServletHandler.java:1617)
scm_1       | 2020-04-24 18:24:40,032 [Socket Reader #1 for port 9861] INFO authorize.ServiceAuthorizationManager: Authorization successful for dn/fdbc5c85aff4@EXAMPLE.COM (auth:KERBEROS) for protocol=interface org.apache.hadoop.ozone.protocol.StorageContainerDatanodeProtocol
om_1        | 2020-04-24 18:26:15,363 [Socket Reader #1 for port 9862] INFO ipc.Server: Auth successful for testuser/scm@EXAMPLE.COM (auth:KERBEROS)
datanode_3  | 	at org.apache.ratis.grpc.client.GrpcClientProtocolService$OrderedRequestStreamObserver.processClientRequest(GrpcClientProtocolService.java:355)
recon_1     | 2020-04-24 18:29:26,477 [pool-11-thread-1] INFO impl.OzoneManagerServiceProviderImpl: Number of updates received from OM : 6
recon_1     | 2020-04-24 18:29:26,484 [pool-12-thread-1] INFO tasks.ContainerKeyMapperTask: ContainerKeyMapperTask successfully processed 0 OM DB update event(s).
recon_1     | 2020-04-24 18:29:26,582 [pool-12-thread-1] INFO tasks.FileSizeCountTask: Completed a 'process' run of FileSizeCountTask.
recon_1     | 2020-04-24 18:29:39,817 [Socket Reader #1 for port 9891] INFO ipc.Server: Auth successful for dn/4d1681985eba@EXAMPLE.COM (auth:KERBEROS)
kdc_1       | Apr 24 18:20:37 kdc kadmind[13](Notice): Request: kadm5_get_policy, default, Policy does not exist, client=admin/admin@EXAMPLE.COM, service=kadmin/admin@EXAMPLE.COM, addr=127.0.0.1
kdc_1       | Apr 24 18:20:37 kdc kadmind[13](Notice): Request: kadm5_create_principal, HTTP/4d1681985eba@EXAMPLE.COM, success, client=admin/admin@EXAMPLE.COM, service=kadmin/admin@EXAMPLE.COM, addr=127.0.0.1
datanode_3  | 	at org.apache.ratis.grpc.client.GrpcClientProtocolService$RequestStreamObserver.onNext(GrpcClientProtocolService.java:245)
recon_1     | 2020-04-24 18:29:39,828 [Socket Reader #1 for port 9891] INFO authorize.ServiceAuthorizationManager: Authorization successful for dn/4d1681985eba@EXAMPLE.COM (auth:KERBEROS) for protocol=interface org.apache.hadoop.ozone.protocol.ReconDatanodeProtocol
s3g_1       | 	at org.apache.hadoop.ozone.s3.RootPageDisplayFilter.doFilter(RootPageDisplayFilter.java:53)
scm_1       | 2020-04-24 18:24:40,336 [Socket Reader #1 for port 9861] INFO ipc.Server: Auth successful for dn/009c9ee0a84b@EXAMPLE.COM (auth:KERBEROS)
om_1        | 2020-04-24 18:26:15,378 [Socket Reader #1 for port 9862] INFO authorize.ServiceAuthorizationManager: Authorization successful for testuser/scm@EXAMPLE.COM (auth:KERBEROS) for protocol=interface org.apache.hadoop.ozone.om.protocol.OzoneManagerProtocol
kdc_1       | Apr 24 18:20:37 kdc kadmind[13](info): closing down fd 18
datanode_3  | 	at org.apache.ratis.grpc.client.GrpcClientProtocolService$RequestStreamObserver.onNext(GrpcClientProtocolService.java:168)
recon_1     | 2020-04-24 18:29:39,988 [Socket Reader #1 for port 9891] INFO ipc.Server: Auth successful for dn/fdbc5c85aff4@EXAMPLE.COM (auth:KERBEROS)
s3g_1       | 	at org.eclipse.jetty.servlet.ServletHandler$CachedChain.doFilter(ServletHandler.java:1596)
om_1        | 2020-04-24 18:26:17,760 [Socket Reader #1 for port 9862] INFO ipc.Server: Auth successful for testuser/scm@EXAMPLE.COM (auth:KERBEROS)
scm_1       | 2020-04-24 18:24:40,344 [Socket Reader #1 for port 9861] INFO authorize.ServiceAuthorizationManager: Authorization successful for dn/009c9ee0a84b@EXAMPLE.COM (auth:KERBEROS) for protocol=interface org.apache.hadoop.ozone.protocol.StorageContainerDatanodeProtocol
kdc_1       | Apr 24 18:20:37 kdc kadmind[13](Notice): Request: kadm5_init, admin/admin@EXAMPLE.COM, success, client=admin/admin@EXAMPLE.COM, service=kadmin/admin@EXAMPLE.COM, addr=127.0.0.1, vers=4, flavor=6
datanode_3  | 	at org.apache.ratis.thirdparty.io.grpc.stub.ServerCalls$StreamingServerCallHandler$StreamingServerCallListener.onMessage(ServerCalls.java:251)
recon_1     | 2020-04-24 18:29:40,005 [Socket Reader #1 for port 9891] INFO authorize.ServiceAuthorizationManager: Authorization successful for dn/fdbc5c85aff4@EXAMPLE.COM (auth:KERBEROS) for protocol=interface org.apache.hadoop.ozone.protocol.ReconDatanodeProtocol
s3g_1       | 	at org.apache.hadoop.hdds.server.http.HttpServer2$QuotingInputFilter.doFilter(HttpServer2.java:1626)
om_1        | 2020-04-24 18:26:17,780 [Socket Reader #1 for port 9862] INFO authorize.ServiceAuthorizationManager: Authorization successful for testuser/scm@EXAMPLE.COM (auth:KERBEROS) for protocol=interface org.apache.hadoop.ozone.om.protocol.OzoneManagerProtocol
scm_1       | 2020-04-24 18:25:04,131 [RatisPipelineUtilsThread] ERROR pipeline.SCMPipelineManager: Failed to create pipeline of type RATIS and factor ONE. Exception: Cannot create pipeline of factor 1 using 0 nodes. Used 3 nodes. Healthy nodes 3
kdc_1       | Apr 24 18:20:37 kdc kadmind[13](Notice): Request: kadm5_randkey_principal, HTTP/4d1681985eba@EXAMPLE.COM, success, client=admin/admin@EXAMPLE.COM, service=kadmin/admin@EXAMPLE.COM, addr=127.0.0.1
datanode_3  | 	at org.apache.ratis.thirdparty.io.grpc.internal.ServerCallImpl$ServerStreamListenerImpl.messagesAvailableInternal(ServerCallImpl.java:309)
recon_1     | 2020-04-24 18:29:40,296 [Socket Reader #1 for port 9891] INFO ipc.Server: Auth successful for dn/009c9ee0a84b@EXAMPLE.COM (auth:KERBEROS)
om_1        | 2020-04-24 18:26:21,891 [Socket Reader #1 for port 9862] INFO ipc.Server: Auth successful for testuser/scm@EXAMPLE.COM (auth:KERBEROS)
s3g_1       | 	at org.eclipse.jetty.servlet.ServletHandler$CachedChain.doFilter(ServletHandler.java:1604)
scm_1       | 2020-04-24 18:25:04,131 [RatisPipelineUtilsThread] ERROR pipeline.SCMPipelineManager: Failed to create pipeline of type RATIS and factor THREE. Exception: Pipeline creation failed because nodes are engaged in other pipelines and every node can only be engaged in max 2 pipelines. Required 3. Found 0
kdc_1       | Apr 24 18:20:37 kdc kadmind[13](Notice): Request: kadm5_get_principal, HTTP/4d1681985eba@EXAMPLE.COM, success, client=admin/admin@EXAMPLE.COM, service=kadmin/admin@EXAMPLE.COM, addr=127.0.0.1
datanode_3  | 	at org.apache.ratis.thirdparty.io.grpc.internal.ServerCallImpl$ServerStreamListenerImpl.messagesAvailable(ServerCallImpl.java:292)
recon_1     | 2020-04-24 18:29:40,305 [Socket Reader #1 for port 9891] INFO authorize.ServiceAuthorizationManager: Authorization successful for dn/009c9ee0a84b@EXAMPLE.COM (auth:KERBEROS) for protocol=interface org.apache.hadoop.ozone.protocol.ReconDatanodeProtocol
om_1        | 2020-04-24 18:26:21,916 [Socket Reader #1 for port 9862] INFO authorize.ServiceAuthorizationManager: Authorization successful for testuser/scm@EXAMPLE.COM (auth:KERBEROS) for protocol=interface org.apache.hadoop.ozone.om.protocol.OzoneManagerProtocol
s3g_1       | 	at org.apache.hadoop.hdds.server.http.NoCacheFilter.doFilter(NoCacheFilter.java:48)
scm_1       | 2020-04-24 18:25:05,189 [Socket Reader #1 for port 9863] INFO ipc.Server: Auth successful for om/om@EXAMPLE.COM (auth:KERBEROS)
kdc_1       | Apr 24 18:20:37 kdc kadmind[13](info): closing down fd 18
datanode_3  | 	at org.apache.ratis.thirdparty.io.grpc.internal.ServerImpl$JumpToApplicationThreadServerStreamListener$1MessagesAvailable.runInContext(ServerImpl.java:779)
recon_1     | 2020-04-24 18:30:09,814 [Socket Reader #1 for port 9891] INFO ipc.Server: Auth successful for dn/4d1681985eba@EXAMPLE.COM (auth:KERBEROS)
om_1        | 2020-04-24 18:26:24,497 [Socket Reader #1 for port 9862] INFO ipc.Server: Auth successful for testuser/scm@EXAMPLE.COM (auth:KERBEROS)
s3g_1       | 	at org.eclipse.jetty.servlet.ServletHandler$CachedChain.doFilter(ServletHandler.java:1604)
scm_1       | 2020-04-24 18:25:05,193 [Socket Reader #1 for port 9863] INFO authorize.ServiceAuthorizationManager: Authorization successful for om/om@EXAMPLE.COM (auth:KERBEROS) for protocol=interface org.apache.hadoop.hdds.scm.protocol.ScmBlockLocationProtocol
kdc_1       | Apr 24 18:20:37 kdc krb5kdc[8](info): AS_REQ (8 etypes {18 17 20 19 16 23 25 26}) 127.0.0.1: ISSUE: authtime 1587752437, etypes {rep=18 tkt=18 ses=18}, admin/admin@EXAMPLE.COM for kadmin/admin@EXAMPLE.COM
datanode_3  | 	at org.apache.ratis.thirdparty.io.grpc.internal.ContextRunnable.run(ContextRunnable.java:37)
recon_1     | 2020-04-24 18:30:09,831 [Socket Reader #1 for port 9891] INFO authorize.ServiceAuthorizationManager: Authorization successful for dn/4d1681985eba@EXAMPLE.COM (auth:KERBEROS) for protocol=interface org.apache.hadoop.ozone.protocol.ReconDatanodeProtocol
om_1        | 2020-04-24 18:26:24,508 [Socket Reader #1 for port 9862] INFO authorize.ServiceAuthorizationManager: Authorization successful for testuser/scm@EXAMPLE.COM (auth:KERBEROS) for protocol=interface org.apache.hadoop.ozone.om.protocol.OzoneManagerProtocol
s3g_1       | 	at org.eclipse.jetty.servlet.ServletHandler.doHandle(ServletHandler.java:545)
scm_1       | 2020-04-24 18:25:09,827 [Socket Reader #1 for port 9861] INFO ipc.Server: Auth successful for dn/4d1681985eba@EXAMPLE.COM (auth:KERBEROS)
kdc_1       | Apr 24 18:20:37 kdc krb5kdc[8](info): AS_REQ (8 etypes {18 17 20 19 16 23 25 26}) 127.0.0.1: SERVER_NOT_FOUND: admin/admin@EXAMPLE.COM for kadmin/localhost@EXAMPLE.COM, Server not found in Kerberos database
datanode_3  | 	at org.apache.ratis.thirdparty.io.grpc.internal.SerializingExecutor.run(SerializingExecutor.java:123)
datanode_3  | 	at java.base/java.util.concurrent.ThreadPoolExecutor.runWorker(ThreadPoolExecutor.java:1128)
om_1        | 2020-04-24 18:26:25,904 [Socket Reader #1 for port 9862] INFO ipc.Server: Auth successful for recon/recon@EXAMPLE.COM (auth:KERBEROS)
s3g_1       | 	at org.eclipse.jetty.server.handler.ScopedHandler.handle(ScopedHandler.java:143)
scm_1       | 2020-04-24 18:25:09,834 [Socket Reader #1 for port 9861] INFO authorize.ServiceAuthorizationManager: Authorization successful for dn/4d1681985eba@EXAMPLE.COM (auth:KERBEROS) for protocol=interface org.apache.hadoop.ozone.protocol.StorageContainerDatanodeProtocol
datanode_3  | 	at java.base/java.util.concurrent.ThreadPoolExecutor$Worker.run(ThreadPoolExecutor.java:628)
recon_1     | 2020-04-24 18:30:09,997 [Socket Reader #1 for port 9891] INFO ipc.Server: Auth successful for dn/fdbc5c85aff4@EXAMPLE.COM (auth:KERBEROS)
kdc_1       | Apr 24 18:20:37 kdc krb5kdc[8](info): AS_REQ (8 etypes {18 17 20 19 16 23 25 26}) 127.0.0.1: ISSUE: authtime 1587752437, etypes {rep=18 tkt=18 ses=18}, admin/admin@EXAMPLE.COM for kadmin/admin@EXAMPLE.COM
om_1        | 2020-04-24 18:26:25,908 [Socket Reader #1 for port 9862] INFO authorize.ServiceAuthorizationManager: Authorization successful for recon/recon@EXAMPLE.COM (auth:KERBEROS) for protocol=interface org.apache.hadoop.ozone.om.protocol.OzoneManagerProtocol
s3g_1       | 	at org.eclipse.jetty.security.SecurityHandler.handle(SecurityHandler.java:590)
scm_1       | 2020-04-24 18:25:10,009 [Socket Reader #1 for port 9861] INFO ipc.Server: Auth successful for dn/fdbc5c85aff4@EXAMPLE.COM (auth:KERBEROS)
datanode_3  | 	at java.base/java.lang.Thread.run(Thread.java:834)
recon_1     | 2020-04-24 18:30:10,014 [Socket Reader #1 for port 9891] INFO authorize.ServiceAuthorizationManager: Authorization successful for dn/fdbc5c85aff4@EXAMPLE.COM (auth:KERBEROS) for protocol=interface org.apache.hadoop.ozone.protocol.ReconDatanodeProtocol
kdc_1       | Apr 24 18:20:37 kdc krb5kdc[8](info): AS_REQ (8 etypes {18 17 20 19 16 23 25 26}) 127.0.0.1: SERVER_NOT_FOUND: admin/admin@EXAMPLE.COM for kadmin/localhost@EXAMPLE.COM, Server not found in Kerberos database
om_1        | 2020-04-24 18:26:28,936 [Socket Reader #1 for port 9862] INFO ipc.Server: Auth successful for testuser/scm@EXAMPLE.COM (auth:KERBEROS)
s3g_1       | 	at org.eclipse.jetty.server.handler.HandlerWrapper.handle(HandlerWrapper.java:127)
scm_1       | 2020-04-24 18:25:10,026 [Socket Reader #1 for port 9861] INFO authorize.ServiceAuthorizationManager: Authorization successful for dn/fdbc5c85aff4@EXAMPLE.COM (auth:KERBEROS) for protocol=interface org.apache.hadoop.ozone.protocol.StorageContainerDatanodeProtocol
datanode_3  | Caused by: org.apache.hadoop.hdds.security.token.BlockTokenException: Fail to find any token (empty or null.)
recon_1     | 2020-04-24 18:30:10,304 [Socket Reader #1 for port 9891] INFO ipc.Server: Auth successful for dn/009c9ee0a84b@EXAMPLE.COM (auth:KERBEROS)
kdc_1       | Apr 24 18:20:37 kdc krb5kdc[8](info): AS_REQ (8 etypes {18 17 20 19 16 23 25 26}) 127.0.0.1: ISSUE: authtime 1587752437, etypes {rep=18 tkt=18 ses=18}, admin/admin@EXAMPLE.COM for kadmin/admin@EXAMPLE.COM
om_1        | 2020-04-24 18:26:28,949 [Socket Reader #1 for port 9862] INFO authorize.ServiceAuthorizationManager: Authorization successful for testuser/scm@EXAMPLE.COM (auth:KERBEROS) for protocol=interface org.apache.hadoop.ozone.om.protocol.OzoneManagerProtocol
s3g_1       | 	at org.eclipse.jetty.server.handler.ScopedHandler.nextHandle(ScopedHandler.java:235)
scm_1       | 2020-04-24 18:25:10,303 [Socket Reader #1 for port 9861] INFO ipc.Server: Auth successful for dn/009c9ee0a84b@EXAMPLE.COM (auth:KERBEROS)
s3g_1       | 	at org.eclipse.jetty.server.session.SessionHandler.doHandle(SessionHandler.java:1607)
kdc_1       | Apr 24 18:20:37 kdc krb5kdc[8](info): AS_REQ (8 etypes {18 17 20 19 16 23 25 26}) 127.0.0.1: SERVER_NOT_FOUND: admin/admin@EXAMPLE.COM for kadmin/localhost@EXAMPLE.COM, Server not found in Kerberos database
datanode_3  | 	at org.apache.hadoop.hdds.security.token.BlockTokenVerifier.verify(BlockTokenVerifier.java:68)
recon_1     | 2020-04-24 18:30:10,306 [Socket Reader #1 for port 9891] INFO authorize.ServiceAuthorizationManager: Authorization successful for dn/009c9ee0a84b@EXAMPLE.COM (auth:KERBEROS) for protocol=interface org.apache.hadoop.ozone.protocol.ReconDatanodeProtocol
om_1        | 2020-04-24 18:26:31,598 [Socket Reader #1 for port 9862] INFO ipc.Server: Auth successful for testuser/scm@EXAMPLE.COM (auth:KERBEROS)
scm_1       | 2020-04-24 18:25:10,320 [Socket Reader #1 for port 9861] INFO authorize.ServiceAuthorizationManager: Authorization successful for dn/009c9ee0a84b@EXAMPLE.COM (auth:KERBEROS) for protocol=interface org.apache.hadoop.ozone.protocol.StorageContainerDatanodeProtocol
s3g_1       | 	at org.eclipse.jetty.server.handler.ScopedHandler.nextHandle(ScopedHandler.java:233)
kdc_1       | Apr 24 18:20:37 kdc krb5kdc[8](info): AS_REQ (8 etypes {18 17 20 19 16 23 25 26}) 127.0.0.1: ISSUE: authtime 1587752437, etypes {rep=18 tkt=18 ses=18}, admin/admin@EXAMPLE.COM for kadmin/admin@EXAMPLE.COM
datanode_3  | 	at org.apache.hadoop.ozone.container.common.impl.HddsDispatcher.validateBlockToken(HddsDispatcher.java:425)
recon_1     | 2020-04-24 18:30:26,598 [pool-11-thread-1] INFO impl.OzoneManagerServiceProviderImpl: Syncing data from Ozone Manager.
scm_1       | 2020-04-24 18:25:23,440 [Socket Reader #1 for port 9961] INFO ipc.Server: Auth successful for testuser/scm@EXAMPLE.COM (auth:KERBEROS)
scm_1       | 2020-04-24 18:25:23,441 [Socket Reader #1 for port 9961] INFO authorize.ServiceAuthorizationManager: Authorization successful for testuser/scm@EXAMPLE.COM (auth:KERBEROS) for protocol=interface org.apache.hadoop.hdds.protocol.SCMSecurityProtocol
scm_1       | 2020-04-24 18:25:39,843 [Socket Reader #1 for port 9861] INFO ipc.Server: Auth successful for dn/4d1681985eba@EXAMPLE.COM (auth:KERBEROS)
kdc_1       | Apr 24 18:20:37 kdc krb5kdc[8](info): AS_REQ (8 etypes {18 17 20 19 16 23 25 26}) 127.0.0.1: SERVER_NOT_FOUND: admin/admin@EXAMPLE.COM for kadmin/localhost@EXAMPLE.COM, Server not found in Kerberos database
om_1        | 2020-04-24 18:26:31,618 [Socket Reader #1 for port 9862] INFO authorize.ServiceAuthorizationManager: Authorization successful for testuser/scm@EXAMPLE.COM (auth:KERBEROS) for protocol=interface org.apache.hadoop.ozone.om.protocol.OzoneManagerProtocol
datanode_3  | 	at org.apache.hadoop.ozone.container.common.impl.HddsDispatcher.validateContainerCommand(HddsDispatcher.java:491)
datanode_3  | 	... 26 more
scm_1       | 2020-04-24 18:25:39,858 [Socket Reader #1 for port 9861] INFO authorize.ServiceAuthorizationManager: Authorization successful for dn/4d1681985eba@EXAMPLE.COM (auth:KERBEROS) for protocol=interface org.apache.hadoop.ozone.protocol.StorageContainerDatanodeProtocol
kdc_1       | Apr 24 18:20:37 kdc krb5kdc[8](info): AS_REQ (8 etypes {18 17 20 19 16 23 25 26}) 127.0.0.1: ISSUE: authtime 1587752437, etypes {rep=18 tkt=18 ses=18}, admin/admin@EXAMPLE.COM for kadmin/admin@EXAMPLE.COM
kdc_1       | Apr 24 18:20:37 kdc krb5kdc[8](info): AS_REQ (8 etypes {18 17 20 19 16 23 25 26}) 127.0.0.1: SERVER_NOT_FOUND: admin/admin@EXAMPLE.COM for kadmin/localhost@EXAMPLE.COM, Server not found in Kerberos database
s3g_1       | 	at org.eclipse.jetty.server.handler.ContextHandler.doHandle(ContextHandler.java:1297)
om_1        | 2020-04-24 18:26:34,074 [Socket Reader #1 for port 9862] INFO ipc.Server: Auth successful for testuser/scm@EXAMPLE.COM (auth:KERBEROS)
scm_1       | 2020-04-24 18:25:40,038 [Socket Reader #1 for port 9861] INFO ipc.Server: Auth successful for dn/fdbc5c85aff4@EXAMPLE.COM (auth:KERBEROS)
recon_1     | 2020-04-24 18:30:26,598 [pool-11-thread-1] INFO impl.OzoneManagerServiceProviderImpl: Obtaining delta updates from Ozone Manager
kdc_1       | Apr 24 18:20:37 kdc krb5kdc[8](info): AS_REQ (8 etypes {18 17 20 19 16 23 25 26}) 127.0.0.1: ISSUE: authtime 1587752437, etypes {rep=18 tkt=18 ses=18}, admin/admin@EXAMPLE.COM for kadmin/admin@EXAMPLE.COM
s3g_1       | 	at org.eclipse.jetty.server.handler.ScopedHandler.nextScope(ScopedHandler.java:188)
om_1        | 2020-04-24 18:26:34,091 [Socket Reader #1 for port 9862] INFO authorize.ServiceAuthorizationManager: Authorization successful for testuser/scm@EXAMPLE.COM (auth:KERBEROS) for protocol=interface org.apache.hadoop.ozone.om.protocol.OzoneManagerProtocol
scm_1       | 2020-04-24 18:25:40,061 [Socket Reader #1 for port 9861] INFO authorize.ServiceAuthorizationManager: Authorization successful for dn/fdbc5c85aff4@EXAMPLE.COM (auth:KERBEROS) for protocol=interface org.apache.hadoop.ozone.protocol.StorageContainerDatanodeProtocol
recon_1     | 2020-04-24 18:30:26,617 [pool-11-thread-1] INFO impl.OzoneManagerServiceProviderImpl: Number of updates received from OM : 18
kdc_1       | Apr 24 18:20:37 kdc krb5kdc[8](info): AS_REQ (8 etypes {18 17 20 19 16 23 25 26}) 127.0.0.1: SERVER_NOT_FOUND: admin/admin@EXAMPLE.COM for kadmin/localhost@EXAMPLE.COM, Server not found in Kerberos database
s3g_1       | 	at org.eclipse.jetty.servlet.ServletHandler.doScope(ServletHandler.java:485)
om_1        | 2020-04-24 18:26:36,729 [Socket Reader #1 for port 9862] INFO ipc.Server: Auth successful for testuser/scm@EXAMPLE.COM (auth:KERBEROS)
scm_1       | 2020-04-24 18:25:40,360 [Socket Reader #1 for port 9861] INFO ipc.Server: Auth successful for dn/009c9ee0a84b@EXAMPLE.COM (auth:KERBEROS)
recon_1     | 2020-04-24 18:30:26,631 [pool-12-thread-1] INFO tasks.ContainerKeyMapperTask: ContainerKeyMapperTask successfully processed 11 OM DB update event(s).
kdc_1       | Apr 24 18:20:37 kdc krb5kdc[8](info): AS_REQ (8 etypes {18 17 20 19 16 23 25 26}) 127.0.0.1: ISSUE: authtime 1587752437, etypes {rep=18 tkt=18 ses=18}, admin/admin@EXAMPLE.COM for kadmin/admin@EXAMPLE.COM
s3g_1       | 	at org.eclipse.jetty.server.session.SessionHandler.doScope(SessionHandler.java:1577)
om_1        | 2020-04-24 18:26:36,744 [Socket Reader #1 for port 9862] INFO authorize.ServiceAuthorizationManager: Authorization successful for testuser/scm@EXAMPLE.COM (auth:KERBEROS) for protocol=interface org.apache.hadoop.ozone.om.protocol.OzoneManagerProtocol
scm_1       | 2020-04-24 18:25:40,378 [Socket Reader #1 for port 9861] INFO authorize.ServiceAuthorizationManager: Authorization successful for dn/009c9ee0a84b@EXAMPLE.COM (auth:KERBEROS) for protocol=interface org.apache.hadoop.ozone.protocol.StorageContainerDatanodeProtocol
recon_1     | 2020-04-24 18:30:26,753 [pool-12-thread-1] INFO tasks.FileSizeCountTask: Completed a 'process' run of FileSizeCountTask.
kdc_1       | Apr 24 18:20:37 kdc krb5kdc[8](info): AS_REQ (8 etypes {18 17 20 19 16 23 25 26}) 127.0.0.1: SERVER_NOT_FOUND: admin/admin@EXAMPLE.COM for kadmin/localhost@EXAMPLE.COM, Server not found in Kerberos database
s3g_1       | 	at org.eclipse.jetty.server.handler.ScopedHandler.nextScope(ScopedHandler.java:186)
om_1        | 2020-04-24 18:26:39,424 [Socket Reader #1 for port 9862] INFO ipc.Server: Auth successful for testuser/scm@EXAMPLE.COM (auth:KERBEROS)
scm_1       | 2020-04-24 18:26:07,142 [Socket Reader #1 for port 9863] INFO ipc.Server: Auth successful for om/om@EXAMPLE.COM (auth:KERBEROS)
recon_1     | 2020-04-24 18:30:39,851 [Socket Reader #1 for port 9891] INFO ipc.Server: Auth successful for dn/4d1681985eba@EXAMPLE.COM (auth:KERBEROS)
kdc_1       | Apr 24 18:20:37 kdc krb5kdc[8](info): AS_REQ (8 etypes {18 17 20 19 16 23 25 26}) 127.0.0.1: ISSUE: authtime 1587752437, etypes {rep=18 tkt=18 ses=18}, admin/admin@EXAMPLE.COM for kadmin/admin@EXAMPLE.COM
s3g_1       | 	at org.eclipse.jetty.server.handler.ContextHandler.doScope(ContextHandler.java:1212)
om_1        | 2020-04-24 18:26:39,439 [Socket Reader #1 for port 9862] INFO authorize.ServiceAuthorizationManager: Authorization successful for testuser/scm@EXAMPLE.COM (auth:KERBEROS) for protocol=interface org.apache.hadoop.ozone.om.protocol.OzoneManagerProtocol
scm_1       | 2020-04-24 18:26:07,148 [Socket Reader #1 for port 9863] INFO authorize.ServiceAuthorizationManager: Authorization successful for om/om@EXAMPLE.COM (auth:KERBEROS) for protocol=interface org.apache.hadoop.hdds.scm.protocol.ScmBlockLocationProtocol
recon_1     | 2020-04-24 18:30:39,863 [Socket Reader #1 for port 9891] INFO authorize.ServiceAuthorizationManager: Authorization successful for dn/4d1681985eba@EXAMPLE.COM (auth:KERBEROS) for protocol=interface org.apache.hadoop.ozone.protocol.ReconDatanodeProtocol
kdc_1       | Apr 24 18:20:37 kdc krb5kdc[8](info): AS_REQ (8 etypes {18 17 20 19 16 23 25 26}) 127.0.0.1: SERVER_NOT_FOUND: admin/admin@EXAMPLE.COM for kadmin/localhost@EXAMPLE.COM, Server not found in Kerberos database
s3g_1       | 	at org.eclipse.jetty.server.handler.ScopedHandler.handle(ScopedHandler.java:141)
om_1        | 2020-04-24 18:26:42,019 [Socket Reader #1 for port 9862] INFO ipc.Server: Auth successful for testuser/scm@EXAMPLE.COM (auth:KERBEROS)
scm_1       | 2020-04-24 18:26:09,851 [Socket Reader #1 for port 9861] INFO ipc.Server: Auth successful for dn/4d1681985eba@EXAMPLE.COM (auth:KERBEROS)
recon_1     | 2020-04-24 18:30:39,997 [Socket Reader #1 for port 9891] INFO ipc.Server: Auth successful for dn/fdbc5c85aff4@EXAMPLE.COM (auth:KERBEROS)
kdc_1       | Apr 24 18:20:37 kdc krb5kdc[8](info): AS_REQ (8 etypes {18 17 20 19 16 23 25 26}) 127.0.0.1: ISSUE: authtime 1587752437, etypes {rep=18 tkt=18 ses=18}, admin/admin@EXAMPLE.COM for kadmin/admin@EXAMPLE.COM
