om_1        | STARTUP_MSG:   classpath = /etc/hadoop:/opt/hadoop/share/hadoop/common/*:/opt/hadoop/share/ozone/lib/kerb-simplekdc-1.0.1.jar:/opt/hadoop/share/ozone/lib/okhttp-4.2.2.jar:/opt/hadoop/share/ozone/lib/jackson-databind-2.10.3.jar:/opt/hadoop/share/ozone/lib/protobuf-java-2.5.0.jar:/opt/hadoop/share/ozone/lib/bcpkix-jdk15on-1.60.jar:/opt/hadoop/share/ozone/lib/commons-validator-1.6.jar:/opt/hadoop/share/ozone/lib/hadoop-hdds-client-0.6.0-SNAPSHOT.jar:/opt/hadoop/share/ozone/lib/netty-3.10.5.Final.jar:/opt/hadoop/share/ozone/lib/jaxb-impl-2.3.0.1.jar:/opt/hadoop/share/ozone/lib/kotlin-stdlib-common-1.3.50.jar:/opt/hadoop/share/ozone/lib/netty-all-4.1.47.Final.jar:/opt/hadoop/share/ozone/lib/kerb-core-1.0.1.jar:/opt/hadoop/share/ozone/lib/jsr305-3.0.0.jar:/opt/hadoop/share/ozone/lib/ratis-grpc-0.6.0-490b689-SNAPSHOT.jar:/opt/hadoop/share/ozone/lib/ratis-common-0.6.0-490b689-SNAPSHOT.jar:/opt/hadoop/share/ozone/lib/leveldbjni-all-1.8.jar:/opt/hadoop/share/ozone/lib/j2objc-annotations-1.3.jar:/opt/hadoop/share/ozone/lib/jetty-io-9.4.26.v20200117.jar:/opt/hadoop/share/ozone/lib/jaeger-tracerresolver-1.2.0.jar:/opt/hadoop/share/ozone/lib/htrace-core4-4.1.0-incubating.jar:/opt/hadoop/share/ozone/lib/hadoop-annotations-3.2.0.jar:/opt/hadoop/share/ozone/lib/jetty-http-9.4.26.v20200117.jar:/opt/hadoop/share/ozone/lib/kerb-util-1.0.1.jar:/opt/hadoop/share/ozone/lib/jetty-xml-9.4.26.v20200117.jar:/opt/hadoop/share/ozone/lib/ratis-thirdparty-misc-0.3.0.jar:/opt/hadoop/share/ozone/lib/jaeger-thrift-1.2.0.jar:/opt/hadoop/share/ozone/lib/kerby-xdr-1.0.1.jar:/opt/hadoop/share/ozone/lib/jetty-server-9.4.26.v20200117.jar:/opt/hadoop/share/ozone/lib/ratis-proto-0.6.0-490b689-SNAPSHOT.jar:/opt/hadoop/share/ozone/lib/ratis-netty-0.6.0-490b689-SNAPSHOT.jar:/opt/hadoop/share/ozone/lib/opentracing-tracerresolver-0.1.8.jar:/opt/hadoop/share/ozone/lib/commons-net-3.6.jar:/opt/hadoop/share/ozone/lib/log4j-api-2.11.0.jar:/opt/hadoop/share/ozone/lib/jaeger-core-1.2.0.jar:/opt/hadoop/share/ozone/lib/hadoop-hdfs-3.2.0.jar:/opt/hadoop/share/ozone/lib/slf4j-log4j12-1.7.25.jar:/opt/hadoop/share/ozone/lib/hadoop-hdfs-client-3.2.0.jar:/opt/hadoop/share/ozone/lib/okio-2.2.2.jar:/opt/hadoop/share/ozone/lib/kerby-config-1.0.1.jar:/opt/hadoop/share/ozone/lib/hadoop-ozone-client-0.6.0-SNAPSHOT.jar:/opt/hadoop/share/ozone/lib/jetty-util-ajax-9.4.26.v20200117.jar:/opt/hadoop/share/ozone/lib/metrics-core-3.2.4.jar:/opt/hadoop/share/ozone/lib/guava-28.2-jre.jar:/opt/hadoop/share/ozone/lib/kerby-pkix-1.0.1.jar:/opt/hadoop/share/ozone/lib/xz-1.0.jar:/opt/hadoop/share/ozone/lib/jetty-servlet-9.4.26.v20200117.jar:/opt/hadoop/share/ozone/lib/jsr311-api-1.1.1.jar:/opt/hadoop/share/ozone/lib/commons-beanutils-1.9.4.jar:/opt/hadoop/share/ozone/lib/rocksdbjni-6.6.4.jar:/opt/hadoop/share/ozone/lib/jetty-security-9.4.26.v20200117.jar:/opt/hadoop/share/ozone/lib/javax.servlet-api-3.1.0.jar:/opt/hadoop/share/ozone/lib/kerb-server-1.0.1.jar:/opt/hadoop/share/ozone/lib/avro-1.7.7.jar:/opt/hadoop/share/ozone/lib/kerb-client-1.0.1.jar:/opt/hadoop/share/ozone/lib/disruptor-3.4.2.jar:/opt/hadoop/share/ozone/lib/libthrift-0.13.0.jar:/opt/hadoop/share/ozone/lib/hadoop-hdds-docs-0.6.0-SNAPSHOT.jar:/opt/hadoop/share/ozone/lib/annotations-13.0.jar:/opt/hadoop/share/ozone/lib/simpleclient_common-0.7.0.jar:/opt/hadoop/share/ozone/lib/dnsjava-2.1.7.jar:/opt/hadoop/share/ozone/lib/jackson-annotations-2.10.3.jar:/opt/hadoop/share/ozone/lib/commons-configuration2-2.1.1.jar:/opt/hadoop/share/ozone/lib/json-smart-2.3.jar:/opt/hadoop/share/ozone/lib/token-provider-1.0.1.jar:/opt/hadoop/share/ozone/lib/log4j-1.2.17.jar:/opt/hadoop/share/ozone/lib/commons-daemon-1.0.13.jar:/opt/hadoop/share/ozone/lib/listenablefuture-9999.0-empty-to-avoid-conflict-with-guava.jar:/opt/hadoop/share/ozone/lib/bcprov-jdk15on-1.60.jar:/opt/hadoop/share/ozone/lib/jetty-webapp-9.4.26.v20200117.jar:/opt/hadoop/share/ozone/lib/commons-lang3-3.7.jar:/opt/hadoop/share/ozone/lib/commons-compress-1.4.1.jar:/opt/hadoop/share/ozone/lib/accessors-smart-1.2.jar:/opt/hadoop/share/ozone/lib/re2j-1.1.jar:/opt/hadoop/share/ozone/lib/commons-math3-3.1.1.jar:/opt/hadoop/share/ozone/lib/simpleclient_dropwizard-0.7.0.jar:/opt/hadoop/share/ozone/lib/simpleclient-0.7.0.jar:/opt/hadoop/share/ozone/lib/httpclient-4.5.2.jar:/opt/hadoop/share/ozone/lib/asm-5.0.4.jar:/opt/hadoop/share/ozone/lib/kerby-util-1.0.1.jar:/opt/hadoop/share/ozone/lib/failureaccess-1.0.1.jar:/opt/hadoop/share/ozone/lib/jsp-api-2.1.jar:/opt/hadoop/share/ozone/lib/jsch-0.1.54.jar:/opt/hadoop/share/ozone/lib/paranamer-2.3.jar:/opt/hadoop/share/ozone/lib/log4j-core-2.11.0.jar:/opt/hadoop/share/ozone/lib/nimbus-jose-jwt-7.9.jar:/opt/hadoop/share/ozone/lib/kotlin-stdlib-1.3.50.jar:/opt/hadoop/share/ozone/lib/commons-codec-1.11.jar:/opt/hadoop/share/ozone/lib/commons-pool2-2.6.0.jar:/opt/hadoop/share/ozone/lib/jackson-datatype-jsr310-2.10.3.jar:/opt/hadoop/share/ozone/lib/gson-2.2.4.jar:/opt/hadoop/share/ozone/lib/opentracing-api-0.33.0.jar:/opt/hadoop/share/ozone/lib/jcip-annotations-1.0-1.jar:/opt/hadoop/share/ozone/lib/kerb-admin-1.0.1.jar:/opt/hadoop/share/ozone/lib/commons-io-2.5.jar:/opt/hadoop/share/ozone/lib/snakeyaml-1.16.jar:/opt/hadoop/share/ozone/lib/opentracing-noop-0.33.0.jar:/opt/hadoop/share/ozone/lib/jetty-util-9.4.26.v20200117.jar:/opt/hadoop/share/ozone/lib/hadoop-hdds-hadoop-dependency-client-0.6.0-SNAPSHOT.jar:/opt/hadoop/share/ozone/lib/jersey-core-1.19.jar:/opt/hadoop/share/ozone/lib/checker-qual-2.10.0.jar:/opt/hadoop/share/ozone/lib/hadoop-hdds-server-framework-0.6.0-SNAPSHOT.jar:/opt/hadoop/share/ozone/lib/error_prone_annotations-2.3.4.jar:/opt/hadoop/share/ozone/lib/opentracing-util-0.33.0.jar:/opt/hadoop/share/ozone/lib/picocli-3.9.6.jar:/opt/hadoop/share/ozone/lib/ratis-client-0.6.0-490b689-SNAPSHOT.jar:/opt/hadoop/share/ozone/lib/hadoop-hdds-common-0.6.0-SNAPSHOT.jar:/opt/hadoop/share/ozone/lib/ratis-metrics-0.6.0-490b689-SNAPSHOT.jar:/opt/hadoop/share/ozone/lib/commons-cli-1.2.jar:/opt/hadoop/share/ozone/lib/woodstox-core-5.0.3.jar:/opt/hadoop/share/ozone/lib/javax.annotation-api-1.2.jar:/opt/hadoop/share/ozone/lib/snappy-java-1.0.5.jar:/opt/hadoop/share/ozone/lib/hadoop-ozone-common-0.6.0-SNAPSHOT.jar:/opt/hadoop/share/ozone/lib/kerby-asn1-1.0.1.jar:/opt/hadoop/share/ozone/lib/hadoop-hdds-config-0.6.0-SNAPSHOT.jar:/opt/hadoop/share/ozone/lib/stax2-api-3.1.4.jar:/opt/hadoop/share/ozone/lib/commons-digester-1.8.1.jar:/opt/hadoop/share/ozone/lib/commons-collections-3.2.2.jar:/opt/hadoop/share/ozone/lib/jettison-1.1.jar:/opt/hadoop/share/ozone/lib/jackson-core-2.10.3.jar:/opt/hadoop/share/ozone/lib/commons-text-1.4.jar:/opt/hadoop/share/ozone/lib/jersey-servlet-1.19.jar:/opt/hadoop/share/ozone/lib/jersey-json-1.19.jar:/opt/hadoop/share/ozone/lib/slf4j-api-1.7.25.jar:/opt/hadoop/share/ozone/lib/commons-logging-1.1.3.jar:/opt/hadoop/share/ozone/lib/kerb-identity-1.0.1.jar:/opt/hadoop/share/ozone/lib/hadoop-hdds-hadoop-dependency-server-0.6.0-SNAPSHOT.jar:/opt/hadoop/share/ozone/lib/hadoop-common-3.2.0.jar:/opt/hadoop/share/ozone/lib/jaeger-client-1.2.0.jar:/opt/hadoop/share/ozone/lib/hadoop-auth-3.2.0.jar:/opt/hadoop/share/ozone/lib/kerb-common-1.0.1.jar:/opt/hadoop/share/ozone/lib/ratis-server-0.6.0-490b689-SNAPSHOT.jar:/opt/hadoop/share/ozone/lib/jersey-server-1.19.jar:/opt/hadoop/share/ozone/lib/kerb-crypto-1.0.1.jar:/opt/hadoop/share/ozone/lib/httpcore-4.4.4.jar:/opt/hadoop/share/ozone/web:/opt/hadoop/share/ozone/lib/hadoop-ozone-ozone-manager-0.6.0-SNAPSHOT.jar
scm_1       | Sleeping for 5 seconds
s3g_1       | 	at org.glassfish.jersey.server.internal.routing.RoutingStage._apply(RoutingStage.java:113)
kdc_1       | Apr 27 22:32:00 kdc krb5kdc[8](info): TGS_REQ (6 etypes {18 17 20 19 16 23}) 172.24.0.4: ISSUE: authtime 1588026654, etypes {rep=18 tkt=18 ses=18}, testuser/scm@EXAMPLE.COM for om/om@EXAMPLE.COM
datanode_1  | 2020-04-27 22:23:55,426 [10069017-fc1f-481c-afeb-906f62083fce@group-412717787225-LeaderElection1] INFO impl.LeaderElection: 10069017-fc1f-481c-afeb-906f62083fce@group-412717787225-LeaderElection1: begin an election at term 1 for -1: [10069017-fc1f-481c-afeb-906f62083fce:172.24.0.5:9858], old=null
recon_1     | 2020-04-27 22:27:55,072 [pool-11-thread-1] INFO impl.OzoneManagerServiceProviderImpl: Number of updates received from OM : 11
om_1        | STARTUP_MSG:   build = https://github.com/apache/hadoop.git -r e97acb3bd8f3befd27418996fa5d4b50bf2e17bf; compiled by 'sunilg' on 2019-01-15T17:34Z
scm_1       | Setting up kerberos!!
s3g_1       | 	at org.glassfish.jersey.server.internal.routing.RoutingStage._apply(RoutingStage.java:113)
kdc_1       | Apr 27 22:32:03 kdc krb5kdc[8](info): TGS_REQ (6 etypes {18 17 20 19 16 23}) 172.24.0.4: ISSUE: authtime 1588026654, etypes {rep=18 tkt=18 ses=18}, testuser/scm@EXAMPLE.COM for om/om@EXAMPLE.COM
datanode_1  | 2020-04-27 22:23:55,427 [10069017-fc1f-481c-afeb-906f62083fce@group-412717787225-LeaderElection1] INFO impl.RoleInfo: 10069017-fc1f-481c-afeb-906f62083fce: shutdown LeaderElection
recon_1     | 2020-04-27 22:27:55,096 [pool-12-thread-1] INFO tasks.ContainerKeyMapperTask: ContainerKeyMapperTask successfully processed 4 OM DB update event(s).
om_1        | STARTUP_MSG:   java = 11.0.6
scm_1       | KDC ISSUER_SERVER => kdc:8081
s3g_1       | 	at org.glassfish.jersey.server.internal.routing.RoutingStage._apply(RoutingStage.java:113)
kdc_1       | Apr 27 22:32:05 kdc krb5kdc[8](info): TGS_REQ (6 etypes {18 17 20 19 16 23}) 172.24.0.4: ISSUE: authtime 1588026654, etypes {rep=18 tkt=18 ses=18}, testuser/scm@EXAMPLE.COM for om/om@EXAMPLE.COM
datanode_1  | 2020-04-27 22:23:55,427 [10069017-fc1f-481c-afeb-906f62083fce@group-412717787225-LeaderElection1] INFO impl.RaftServerImpl: 10069017-fc1f-481c-afeb-906f62083fce@group-412717787225: changes role from CANDIDATE to LEADER at term 1 for changeToLeader
recon_1     | 2020-04-27 22:27:55,234 [pool-12-thread-1] INFO tasks.FileSizeCountTask: Completed a 'process' run of FileSizeCountTask.
om_1        | ************************************************************/
scm_1       | Sleeping for 5 seconds
scm_1       | Got 200, KDC service ready!!
kdc_1       | Apr 27 22:32:08 kdc krb5kdc[8](info): TGS_REQ (6 etypes {18 17 20 19 16 23}) 172.24.0.4: ISSUE: authtime 1588026654, etypes {rep=18 tkt=18 ses=18}, testuser/scm@EXAMPLE.COM for om/om@EXAMPLE.COM
datanode_1  | 2020-04-27 22:23:55,427 [10069017-fc1f-481c-afeb-906f62083fce@group-412717787225-LeaderElection1] INFO ratis.XceiverServerRatis: Leader change notification received for group: group-412717787225 with new leaderId: 10069017-fc1f-481c-afeb-906f62083fce
recon_1     | 2020-04-27 22:28:07,175 [Socket Reader #1 for port 9891] INFO ipc.Server: Auth successful for dn/6468d1144251@EXAMPLE.COM (auth:KERBEROS)
s3g_1       | 	at org.glassfish.jersey.server.internal.routing.RoutingStage.apply(RoutingStage.java:93)
scm_1       | Download scm/scm@EXAMPLE.COM keytab file to /etc/security/keytabs/scm.keytab
kdc_1       | Apr 27 22:32:12 kdc krb5kdc[8](info): TGS_REQ (6 etypes {18 17 20 19 16 23}) 172.24.0.4: ISSUE: authtime 1588026654, etypes {rep=18 tkt=18 ses=18}, testuser/scm@EXAMPLE.COM for om/om@EXAMPLE.COM
datanode_1  | 2020-04-27 22:23:55,428 [10069017-fc1f-481c-afeb-906f62083fce@group-412717787225-LeaderElection1] INFO impl.RaftServerImpl: 10069017-fc1f-481c-afeb-906f62083fce@group-412717787225: change Leader from null to 10069017-fc1f-481c-afeb-906f62083fce at term 1 for becomeLeader, leader elected after 6005ms
om_1        | 2020-04-27 22:23:45,386 [main] INFO om.OzoneManagerStarter: registered UNIX signal handlers for [TERM, HUP, INT]
s3g_1       | 	at org.glassfish.jersey.server.internal.routing.RoutingStage.apply(RoutingStage.java:62)
recon_1     | 2020-04-27 22:28:07,206 [Socket Reader #1 for port 9891] INFO ipc.Server: Auth successful for dn/e655fed48400@EXAMPLE.COM (auth:KERBEROS)
scm_1       | --2020-04-27 22:23:09--  http://kdc:8081/keytab/scm/scm
kdc_1       | Apr 27 22:32:15 kdc krb5kdc[8](info): TGS_REQ (6 etypes {18 17 20 19 16 23}) 172.24.0.4: ISSUE: authtime 1588026654, etypes {rep=18 tkt=18 ses=18}, testuser/scm@EXAMPLE.COM for om/om@EXAMPLE.COM
datanode_1  | 2020-04-27 22:23:55,435 [10069017-fc1f-481c-afeb-906f62083fce@group-412717787225-LeaderElection1] INFO server.RaftServerConfigKeys: raft.server.staging.catchup.gap = 1000 (default)
om_1        | 2020-04-27 22:23:47,253 [main] INFO ha.OMHANodeDetails: ozone.om.internal.service.id is not defined, falling back to ozone.om.service.ids to find serviceID for OzoneManager if it is HA enabled cluster
s3g_1       | 	at org.glassfish.jersey.process.internal.Stages.process(Stages.java:197)
recon_1     | 2020-04-27 22:28:07,206 [Socket Reader #1 for port 9891] INFO authorize.ServiceAuthorizationManager: Authorization successful for dn/6468d1144251@EXAMPLE.COM (auth:KERBEROS) for protocol=interface org.apache.hadoop.ozone.protocol.ReconDatanodeProtocol
scm_1       | Resolving kdc (kdc)... 172.24.0.3
kdc_1       | Apr 27 22:32:17 kdc krb5kdc[8](info): TGS_REQ (6 etypes {18 17 20 19 16 23}) 172.24.0.4: ISSUE: authtime 1588026654, etypes {rep=18 tkt=18 ses=18}, testuser/scm@EXAMPLE.COM for om/om@EXAMPLE.COM
datanode_1  | 2020-04-27 22:23:55,435 [10069017-fc1f-481c-afeb-906f62083fce@group-412717787225-LeaderElection1] INFO server.RaftServerConfigKeys: raft.server.rpc.sleep.time = 25ms (default)
om_1        | 2020-04-27 22:23:47,299 [main] INFO ha.OMHANodeDetails: Configuration either no ozone.om.address set. Falling back to the default OM address om/172.24.0.9:9862
s3g_1       | 	at org.glassfish.jersey.server.ServerRuntime$1.run(ServerRuntime.java:269)
recon_1     | 2020-04-27 22:28:07,224 [Socket Reader #1 for port 9891] INFO authorize.ServiceAuthorizationManager: Authorization successful for dn/e655fed48400@EXAMPLE.COM (auth:KERBEROS) for protocol=interface org.apache.hadoop.ozone.protocol.ReconDatanodeProtocol
scm_1       | Connecting to kdc (kdc)|172.24.0.3|:8081... connected.
kdc_1       | Apr 27 22:32:21 kdc krb5kdc[8](info): TGS_REQ (6 etypes {18 17 20 19 16 23}) 172.24.0.4: ISSUE: authtime 1588026654, etypes {rep=18 tkt=18 ses=18}, testuser/scm@EXAMPLE.COM for om/om@EXAMPLE.COM
datanode_1  | 2020-04-27 22:23:55,438 [10069017-fc1f-481c-afeb-906f62083fce@group-412717787225-LeaderElection1] INFO metrics.RatisMetrics: Creating Metrics Registry : ratis.log_appender.10069017-fc1f-481c-afeb-906f62083fce@group-412717787225
om_1        | 2020-04-27 22:23:47,300 [main] INFO ha.OMHANodeDetails: OM Service ID is not set. Setting it to the default ID: omServiceIdDefault
s3g_1       | 	at org.glassfish.jersey.internal.Errors$1.call(Errors.java:272)
s3g_1       | 	at org.glassfish.jersey.internal.Errors$1.call(Errors.java:268)
scm_1       | HTTP request sent, awaiting response... 200 OK
kdc_1       | Apr 27 22:32:23 kdc krb5kdc[8](info): TGS_REQ (6 etypes {18 17 20 19 16 23}) 172.24.0.4: ISSUE: authtime 1588026654, etypes {rep=18 tkt=18 ses=18}, testuser/scm@EXAMPLE.COM for om/om@EXAMPLE.COM
datanode_1  | 2020-04-27 22:23:55,449 [10069017-fc1f-481c-afeb-906f62083fce@group-412717787225-LeaderElection1] INFO server.RaftServerConfigKeys: raft.server.write.element-limit = 1024 (custom)
om_1        | 2020-04-27 22:23:47,305 [main] WARN server.ServerUtils: ozone.om.db.dirs is not configured. We recommend adding this setting. Falling back to ozone.metadata.dirs instead.
s3g_1       | 	at org.glassfish.jersey.internal.Errors.process(Errors.java:316)
recon_1     | 2020-04-27 22:28:07,282 [Socket Reader #1 for port 9891] INFO ipc.Server: Auth successful for dn/a7699022bd01@EXAMPLE.COM (auth:KERBEROS)
scm_1       | Length: 142 [application/octet-stream]
kdc_1       | Apr 27 22:32:26 kdc krb5kdc[8](info): TGS_REQ (6 etypes {18 17 20 19 16 23}) 172.24.0.4: ISSUE: authtime 1588026654, etypes {rep=18 tkt=18 ses=18}, testuser/scm@EXAMPLE.COM for om/om@EXAMPLE.COM
datanode_1  | 2020-04-27 22:23:55,449 [10069017-fc1f-481c-afeb-906f62083fce@group-412717787225-LeaderElection1] INFO server.RaftServerConfigKeys: raft.server.write.byte-limit = 1073741824 (custom)
om_1        | WARNING: An illegal reflective access operation has occurred
s3g_1       | 	at org.glassfish.jersey.internal.Errors.process(Errors.java:298)
recon_1     | 2020-04-27 22:28:07,284 [Socket Reader #1 for port 9891] INFO authorize.ServiceAuthorizationManager: Authorization successful for dn/a7699022bd01@EXAMPLE.COM (auth:KERBEROS) for protocol=interface org.apache.hadoop.ozone.protocol.ReconDatanodeProtocol
scm_1       | Saving to: '/etc/security/keytabs/scm.keytab'
kdc_1       | Apr 27 22:32:28 kdc krb5kdc[8](info): TGS_REQ (6 etypes {18 17 20 19 16 23}) 172.24.0.4: ISSUE: authtime 1588026654, etypes {rep=18 tkt=18 ses=18}, testuser/scm@EXAMPLE.COM for om/om@EXAMPLE.COM
datanode_1  | 2020-04-27 22:23:55,454 [10069017-fc1f-481c-afeb-906f62083fce@group-412717787225-LeaderElection1] INFO server.RaftServerConfigKeys: raft.server.watch.timeout = 180s (custom)
om_1        | WARNING: Illegal reflective access by org.apache.hadoop.security.authentication.util.KerberosUtil (file:/opt/hadoop/share/ozone/lib/hadoop-auth-3.2.0.jar) to method sun.security.krb5.Config.getInstance()
s3g_1       | 	at org.glassfish.jersey.internal.Errors.process(Errors.java:268)
recon_1     | 2020-04-27 22:28:37,178 [Socket Reader #1 for port 9891] INFO ipc.Server: Auth successful for dn/6468d1144251@EXAMPLE.COM (auth:KERBEROS)
scm_1       | 
kdc_1       | Apr 27 22:32:31 kdc krb5kdc[8](info): TGS_REQ (6 etypes {18 17 20 19 16 23}) 172.24.0.4: ISSUE: authtime 1588026654, etypes {rep=18 tkt=18 ses=18}, testuser/scm@EXAMPLE.COM for om/om@EXAMPLE.COM
datanode_1  | 2020-04-27 22:23:55,454 [10069017-fc1f-481c-afeb-906f62083fce@group-412717787225-LeaderElection1] INFO server.RaftServerConfigKeys: raft.server.watch.timeout.denomination = 1s (default)
om_1        | WARNING: Please consider reporting this to the maintainers of org.apache.hadoop.security.authentication.util.KerberosUtil
s3g_1       | 	at org.glassfish.jersey.process.internal.RequestScope.runInScope(RequestScope.java:289)
recon_1     | 2020-04-27 22:28:37,181 [Socket Reader #1 for port 9891] INFO authorize.ServiceAuthorizationManager: Authorization successful for dn/6468d1144251@EXAMPLE.COM (auth:KERBEROS) for protocol=interface org.apache.hadoop.ozone.protocol.ReconDatanodeProtocol
scm_1       |      0K                                                       100% 4.87M=0s
kdc_1       | Apr 27 22:32:33 kdc krb5kdc[8](info): TGS_REQ (6 etypes {18 17 20 19 16 23}) 172.24.0.4: ISSUE: authtime 1588026654, etypes {rep=18 tkt=18 ses=18}, testuser/scm@EXAMPLE.COM for om/om@EXAMPLE.COM
datanode_1  | 2020-04-27 22:23:55,455 [10069017-fc1f-481c-afeb-906f62083fce@group-412717787225-LeaderElection1] INFO server.RaftServerConfigKeys: raft.server.watch.element-limit = 65536 (default)
om_1        | WARNING: Use --illegal-access=warn to enable warnings of further illegal reflective access operations
s3g_1       | 	at org.glassfish.jersey.server.ServerRuntime.process(ServerRuntime.java:256)
recon_1     | 2020-04-27 22:28:37,205 [Socket Reader #1 for port 9891] INFO ipc.Server: Auth successful for dn/e655fed48400@EXAMPLE.COM (auth:KERBEROS)
scm_1       | 
kdc_1       | Apr 27 22:32:36 kdc krb5kdc[8](info): TGS_REQ (6 etypes {18 17 20 19 16 23}) 172.24.0.4: ISSUE: authtime 1588026654, etypes {rep=18 tkt=18 ses=18}, testuser/scm@EXAMPLE.COM for om/om@EXAMPLE.COM
datanode_1  | 2020-04-27 22:23:55,477 [10069017-fc1f-481c-afeb-906f62083fce@group-412717787225-LeaderElection1] INFO impl.RoleInfo: 10069017-fc1f-481c-afeb-906f62083fce: start LeaderState
om_1        | WARNING: All illegal access operations will be denied in a future release
s3g_1       | 	at org.glassfish.jersey.server.ApplicationHandler.handle(ApplicationHandler.java:703)
recon_1     | 2020-04-27 22:28:37,227 [Socket Reader #1 for port 9891] INFO authorize.ServiceAuthorizationManager: Authorization successful for dn/e655fed48400@EXAMPLE.COM (auth:KERBEROS) for protocol=interface org.apache.hadoop.ozone.protocol.ReconDatanodeProtocol
scm_1       | 2020-04-27 22:23:09 (4.87 MB/s) - '/etc/security/keytabs/scm.keytab' saved [142/142]
kdc_1       | Apr 27 22:32:38 kdc krb5kdc[8](info): TGS_REQ (6 etypes {18 17 20 19 16 23}) 172.24.0.4: ISSUE: authtime 1588026654, etypes {rep=18 tkt=18 ses=18}, testuser/scm@EXAMPLE.COM for om/om@EXAMPLE.COM
datanode_1  | 2020-04-27 22:23:55,481 [10069017-fc1f-481c-afeb-906f62083fce@group-412717787225-LeaderElection1] INFO segmented.SegmentedRaftLogWorker: 10069017-fc1f-481c-afeb-906f62083fce@group-412717787225-SegmentedRaftLogWorker: Starting segment from index:0
om_1        | 2020-04-27 22:23:47,680 [main] INFO security.UserGroupInformation: Login successful for user om/om@EXAMPLE.COM using keytab file /etc/security/keytabs/om.keytab
s3g_1       | 	at org.glassfish.jersey.servlet.WebComponent.serviceImpl(WebComponent.java:416)
recon_1     | 2020-04-27 22:28:37,274 [Socket Reader #1 for port 9891] INFO ipc.Server: Auth successful for dn/a7699022bd01@EXAMPLE.COM (auth:KERBEROS)
scm_1       | 
kdc_1       | Apr 27 22:32:40 kdc krb5kdc[8](info): TGS_REQ (6 etypes {18 17 20 19 16 23}) 172.24.0.4: ISSUE: authtime 1588026654, etypes {rep=18 tkt=18 ses=18}, testuser/scm@EXAMPLE.COM for om/om@EXAMPLE.COM
datanode_1  | 2020-04-27 22:23:55,482 [10069017-fc1f-481c-afeb-906f62083fce@group-412717787225-SegmentedRaftLogWorker] INFO segmented.SegmentedRaftLogWorker: 10069017-fc1f-481c-afeb-906f62083fce@group-412717787225-SegmentedRaftLogWorker: created new log segment /data/metadata/ratis/464744a2-9d78-4765-8ed9-412717787225/current/log_inprogress_0
om_1        | 2020-04-27 22:23:47,682 [main] INFO om.OzoneManager: Ozone Manager login successful.
s3g_1       | 	at org.glassfish.jersey.servlet.WebComponent.service(WebComponent.java:370)
recon_1     | 2020-04-27 22:28:37,300 [Socket Reader #1 for port 9891] INFO authorize.ServiceAuthorizationManager: Authorization successful for dn/a7699022bd01@EXAMPLE.COM (auth:KERBEROS) for protocol=interface org.apache.hadoop.ozone.protocol.ReconDatanodeProtocol
scm_1       | Keytab name: FILE:/etc/security/keytabs/scm.keytab
kdc_1       | Apr 27 22:32:43 kdc krb5kdc[8](info): TGS_REQ (6 etypes {18 17 20 19 16 23}) 172.24.0.4: ISSUE: authtime 1588026654, etypes {rep=18 tkt=18 ses=18}, testuser/scm@EXAMPLE.COM for om/om@EXAMPLE.COM
datanode_1  | 2020-04-27 22:23:55,489 [10069017-fc1f-481c-afeb-906f62083fce@group-412717787225-LeaderElection1] INFO impl.RaftServerImpl: 10069017-fc1f-481c-afeb-906f62083fce@group-412717787225: set configuration 0: [10069017-fc1f-481c-afeb-906f62083fce:172.24.0.5:9858], old=null at 0
om_1        | 2020-04-27 22:23:47,682 [main] WARN server.ServerUtils: ozone.om.db.dirs is not configured. We recommend adding this setting. Falling back to ozone.metadata.dirs instead.
s3g_1       | 	at org.glassfish.jersey.servlet.ServletContainer.service(ServletContainer.java:389)
recon_1     | 2020-04-27 22:28:38,326 [MissingContainerTask] INFO fsck.MissingContainerTask: Missing Container task Thread took 14 milliseconds for processing 1 containers.
scm_1       | KVNO Timestamp         Principal
kdc_1       | Apr 27 22:32:47 kdc krb5kdc[8](info): TGS_REQ (6 etypes {18 17 20 19 16 23}) 172.24.0.4: ISSUE: authtime 1588026654, etypes {rep=18 tkt=18 ses=18}, testuser/scm@EXAMPLE.COM for om/om@EXAMPLE.COM
datanode_1  | 2020-04-27 22:24:06,919 [ChunkWriter-15-0] INFO client.DNCertificateClient: Getting certificate with certSerialId:2686728161990.
om_1        | 2020-04-27 22:23:48,584 [main] INFO client.OMCertificateClient: Loading certificate from location:/data/metadata/om/certs.
s3g_1       | 	at org.glassfish.jersey.servlet.ServletContainer.service(ServletContainer.java:342)
recon_1     | 2020-04-27 22:28:55,244 [pool-11-thread-1] INFO impl.OzoneManagerServiceProviderImpl: Syncing data from Ozone Manager.
scm_1       | ---- ----------------- --------------------------------------------------------
kdc_1       | Apr 27 22:32:50 kdc krb5kdc[8](info): TGS_REQ (6 etypes {18 17 20 19 16 23}) 172.24.0.4: ISSUE: authtime 1588026654, etypes {rep=18 tkt=18 ses=18}, testuser/scm@EXAMPLE.COM for om/om@EXAMPLE.COM
om_1        | 2020-04-27 22:23:48,697 [main] INFO client.OMCertificateClient: Added certificate from file:/data/metadata/om/certs/CA-1.crt.
s3g_1       | 	at org.glassfish.jersey.servlet.ServletContainer.service(ServletContainer.java:229)
recon_1     | 2020-04-27 22:28:55,244 [pool-11-thread-1] INFO impl.OzoneManagerServiceProviderImpl: Obtaining delta updates from Ozone Manager
scm_1       |    2 04/27/20 22:23:09 scm/scm@EXAMPLE.COM
kdc_1       | Apr 27 22:32:53 kdc krb5kdc[8](info): TGS_REQ (6 etypes {18 17 20 19 16 23}) 172.24.0.4: ISSUE: authtime 1588026654, etypes {rep=18 tkt=18 ses=18}, testuser/scm@EXAMPLE.COM for om/om@EXAMPLE.COM
om_1        | 2020-04-27 22:23:48,709 [main] INFO client.OMCertificateClient: Added certificate from file:/data/metadata/om/certs/2686728161990.crt.
s3g_1       | 	at org.eclipse.jetty.servlet.ServletHolder$NotAsyncServlet.service(ServletHolder.java:1395)
recon_1     | 2020-04-27 22:28:55,281 [pool-11-thread-1] INFO impl.OzoneManagerServiceProviderImpl: Number of updates received from OM : 11
scm_1       |    2 04/27/20 22:23:09 scm/scm@EXAMPLE.COM
kdc_1       | Apr 27 22:32:55 kdc krb5kdc[8](info): TGS_REQ (6 etypes {18 17 20 19 16 23}) 172.24.0.4: ISSUE: authtime 1588026654, etypes {rep=18 tkt=18 ses=18}, testuser/scm@EXAMPLE.COM for om/om@EXAMPLE.COM
om_1        | 2020-04-27 22:23:48,749 [main] WARN server.ServerUtils: ozone.om.db.dirs is not configured. We recommend adding this setting. Falling back to ozone.metadata.dirs instead.
s3g_1       | 	at org.eclipse.jetty.servlet.ServletHolder.handle(ServletHolder.java:755)
recon_1     | 2020-04-27 22:28:55,292 [pool-12-thread-1] INFO tasks.ContainerKeyMapperTask: ContainerKeyMapperTask successfully processed 4 OM DB update event(s).
scm_1       | Download HTTP/scm@EXAMPLE.COM keytab file to /etc/security/keytabs/HTTP.keytab
kdc_1       | Apr 27 22:32:58 kdc krb5kdc[8](info): TGS_REQ (6 etypes {18 17 20 19 16 23}) 172.24.0.4: ISSUE: authtime 1588026654, etypes {rep=18 tkt=18 ses=18}, testuser/scm@EXAMPLE.COM for om/om@EXAMPLE.COM
om_1        | 2020-04-27 22:23:49,099 [main] INFO Configuration.deprecation: No unit for ozone.manager.delegation.remover.scan.interval(3600000) assuming MILLISECONDS
s3g_1       | 	at org.eclipse.jetty.servlet.ServletHandler$CachedChain.doFilter(ServletHandler.java:1617)
recon_1     | 2020-04-27 22:28:55,371 [pool-12-thread-1] INFO tasks.FileSizeCountTask: Completed a 'process' run of FileSizeCountTask.
scm_1       | --2020-04-27 22:23:09--  http://kdc:8081/keytab/scm/HTTP
kdc_1       | Apr 27 22:33:02 kdc krb5kdc[8](info): TGS_REQ (6 etypes {18 17 20 19 16 23}) 172.24.0.4: ISSUE: authtime 1588026654, etypes {rep=18 tkt=18 ses=18}, testuser/scm@EXAMPLE.COM for om/om@EXAMPLE.COM
om_1        | 2020-04-27 22:23:49,105 [main] INFO security.OzoneSecretStore: Loaded 0 tokens
s3g_1       | 	at org.apache.hadoop.ozone.s3.RootPageDisplayFilter.doFilter(RootPageDisplayFilter.java:53)
recon_1     | 2020-04-27 22:29:07,179 [Socket Reader #1 for port 9891] INFO ipc.Server: Auth successful for dn/6468d1144251@EXAMPLE.COM (auth:KERBEROS)
scm_1       | Resolving kdc (kdc)... 172.24.0.3
kdc_1       | Apr 27 22:33:06 kdc krb5kdc[8](info): TGS_REQ (6 etypes {18 17 20 19 16 23}) 172.24.0.4: ISSUE: authtime 1588026654, etypes {rep=18 tkt=18 ses=18}, testuser/scm@EXAMPLE.COM for om/om@EXAMPLE.COM
om_1        | 2020-04-27 22:23:49,105 [main] INFO security.OzoneDelegationTokenSecretManager: Loading token state into token manager.
s3g_1       | 	at org.eclipse.jetty.servlet.ServletHandler$CachedChain.doFilter(ServletHandler.java:1596)
recon_1     | 2020-04-27 22:29:07,205 [Socket Reader #1 for port 9891] INFO authorize.ServiceAuthorizationManager: Authorization successful for dn/6468d1144251@EXAMPLE.COM (auth:KERBEROS) for protocol=interface org.apache.hadoop.ozone.protocol.ReconDatanodeProtocol
scm_1       | Connecting to kdc (kdc)|172.24.0.3|:8081... connected.
kdc_1       | Apr 27 22:33:10 kdc krb5kdc[8](info): TGS_REQ (6 etypes {18 17 20 19 16 23}) 172.24.0.4: ISSUE: authtime 1588026654, etypes {rep=18 tkt=18 ses=18}, testuser/scm@EXAMPLE.COM for om/om@EXAMPLE.COM
om_1        | 2020-04-27 22:23:49,257 [main] INFO ipc.CallQueueManager: Using callQueue: class java.util.concurrent.LinkedBlockingQueue, queueCapacity: 10000, scheduler: class org.apache.hadoop.ipc.DefaultRpcScheduler, ipcBackoff: false.
s3g_1       | 	at org.apache.hadoop.hdds.server.http.HttpServer2$QuotingInputFilter.doFilter(HttpServer2.java:1626)
recon_1     | 2020-04-27 22:29:07,223 [Socket Reader #1 for port 9891] INFO ipc.Server: Auth successful for dn/e655fed48400@EXAMPLE.COM (auth:KERBEROS)
scm_1       | HTTP request sent, awaiting response... 200 OK
kdc_1       | Apr 27 22:33:13 kdc krb5kdc[8](info): TGS_REQ (6 etypes {18 17 20 19 16 23}) 172.24.0.4: ISSUE: authtime 1588026654, etypes {rep=18 tkt=18 ses=18}, testuser/scm@EXAMPLE.COM for om/om@EXAMPLE.COM
om_1        | 2020-04-27 22:23:49,311 [Socket Reader #1 for port 9862] INFO ipc.Server: Starting Socket Reader #1 for port 9862
s3g_1       | 	at org.eclipse.jetty.servlet.ServletHandler$CachedChain.doFilter(ServletHandler.java:1604)
recon_1     | 2020-04-27 22:29:07,233 [Socket Reader #1 for port 9891] INFO authorize.ServiceAuthorizationManager: Authorization successful for dn/e655fed48400@EXAMPLE.COM (auth:KERBEROS) for protocol=interface org.apache.hadoop.ozone.protocol.ReconDatanodeProtocol
scm_1       | Length: 144 [application/octet-stream]
kdc_1       | Apr 27 22:33:15 kdc krb5kdc[8](info): TGS_REQ (6 etypes {18 17 20 19 16 23}) 172.24.0.4: ISSUE: authtime 1588026654, etypes {rep=18 tkt=18 ses=18}, testuser/scm@EXAMPLE.COM for om/om@EXAMPLE.COM
om_1        | 2020-04-27 22:23:49,745 [main] INFO impl.MetricsConfig: Loaded properties from hadoop-metrics2.properties
s3g_1       | 	at org.apache.hadoop.hdds.server.http.NoCacheFilter.doFilter(NoCacheFilter.java:48)
recon_1     | 2020-04-27 22:29:07,270 [Socket Reader #1 for port 9891] INFO ipc.Server: Auth successful for dn/a7699022bd01@EXAMPLE.COM (auth:KERBEROS)
scm_1       | Saving to: '/etc/security/keytabs/HTTP.keytab'
kdc_1       | Apr 27 22:33:18 kdc krb5kdc[8](info): TGS_REQ (6 etypes {18 17 20 19 16 23}) 172.24.0.4: ISSUE: authtime 1588026654, etypes {rep=18 tkt=18 ses=18}, testuser/scm@EXAMPLE.COM for om/om@EXAMPLE.COM
om_1        | 2020-04-27 22:23:49,982 [main] INFO impl.MetricsSystemImpl: Scheduled Metric snapshot period at 10 second(s).
s3g_1       | 	at org.eclipse.jetty.servlet.ServletHandler$CachedChain.doFilter(ServletHandler.java:1604)
recon_1     | 2020-04-27 22:29:07,292 [Socket Reader #1 for port 9891] INFO authorize.ServiceAuthorizationManager: Authorization successful for dn/a7699022bd01@EXAMPLE.COM (auth:KERBEROS) for protocol=interface org.apache.hadoop.ozone.protocol.ReconDatanodeProtocol
scm_1       | 
kdc_1       | Apr 27 22:33:40 kdc krb5kdc[8](info): AS_REQ (8 etypes {18 17 20 19 16 23 25 26}) 172.24.0.10: ISSUE: authtime 1588026820, etypes {rep=18 tkt=18 ses=18}, testuser/s3g@EXAMPLE.COM for krbtgt/EXAMPLE.COM@EXAMPLE.COM
om_1        | 2020-04-27 22:23:49,983 [main] INFO impl.MetricsSystemImpl: OzoneManager metrics system started
s3g_1       | 	at org.eclipse.jetty.servlet.ServletHandler.doHandle(ServletHandler.java:545)
recon_1     | 2020-04-27 22:29:37,206 [Socket Reader #1 for port 9891] INFO ipc.Server: Auth successful for dn/6468d1144251@EXAMPLE.COM (auth:KERBEROS)
scm_1       |      0K                                                       100% 27.5M=0s
kdc_1       | Apr 27 22:33:42 kdc krb5kdc[8](info): TGS_REQ (6 etypes {18 17 20 19 16 23}) 172.24.0.10: ISSUE: authtime 1588026820, etypes {rep=18 tkt=18 ses=18}, testuser/s3g@EXAMPLE.COM for om/om@EXAMPLE.COM
om_1        | 2020-04-27 22:23:50,578 [main] INFO om.OzoneManager: OzoneManager RPC server is listening at om/172.24.0.9:9862
s3g_1       | 	at org.eclipse.jetty.server.handler.ScopedHandler.handle(ScopedHandler.java:143)
recon_1     | 2020-04-27 22:29:37,219 [Socket Reader #1 for port 9891] INFO authorize.ServiceAuthorizationManager: Authorization successful for dn/6468d1144251@EXAMPLE.COM (auth:KERBEROS) for protocol=interface org.apache.hadoop.ozone.protocol.ReconDatanodeProtocol
scm_1       | 
kdc_1       | Apr 27 22:33:44 kdc krb5kdc[8](info): AS_REQ (8 etypes {18 17 20 19 16 23 25 26}) 172.24.0.10: ISSUE: authtime 1588026824, etypes {rep=18 tkt=18 ses=18}, testuser/s3g@EXAMPLE.COM for krbtgt/EXAMPLE.COM@EXAMPLE.COM
om_1        | 2020-04-27 22:23:50,584 [main] INFO om.OzoneManager: Reading keypair and certificate from file system.
s3g_1       | 	at org.eclipse.jetty.security.SecurityHandler.handle(SecurityHandler.java:590)
recon_1     | 2020-04-27 22:29:37,229 [Socket Reader #1 for port 9891] INFO ipc.Server: Auth successful for dn/e655fed48400@EXAMPLE.COM (auth:KERBEROS)
scm_1       | 2020-04-27 22:23:09 (27.5 MB/s) - '/etc/security/keytabs/HTTP.keytab' saved [144/144]
kdc_1       | Apr 27 22:33:46 kdc krb5kdc[8](info): TGS_REQ (6 etypes {18 17 20 19 16 23}) 172.24.0.10: ISSUE: authtime 1588026824, etypes {rep=18 tkt=18 ses=18}, testuser/s3g@EXAMPLE.COM for om/om@EXAMPLE.COM
om_1        | 2020-04-27 22:23:50,640 [main] INFO om.OzoneManager: Starting OM block token secret manager
s3g_1       | 	at org.eclipse.jetty.server.handler.HandlerWrapper.handle(HandlerWrapper.java:127)
recon_1     | 2020-04-27 22:29:37,238 [Socket Reader #1 for port 9891] INFO authorize.ServiceAuthorizationManager: Authorization successful for dn/e655fed48400@EXAMPLE.COM (auth:KERBEROS) for protocol=interface org.apache.hadoop.ozone.protocol.ReconDatanodeProtocol
scm_1       | 
kdc_1       | Apr 27 22:33:52 kdc krb5kdc[8](info): AS_REQ (8 etypes {18 17 20 19 16 23 25 26}) 172.24.0.10: ISSUE: authtime 1588026832, etypes {rep=18 tkt=18 ses=18}, testuser/s3g@EXAMPLE.COM for krbtgt/EXAMPLE.COM@EXAMPLE.COM
om_1        | 2020-04-27 22:23:50,641 [main] INFO security.OzoneBlockTokenSecretManager: Updating the current master key for generating tokens
s3g_1       | 	at org.eclipse.jetty.server.handler.ScopedHandler.nextHandle(ScopedHandler.java:235)
recon_1     | 2020-04-27 22:29:37,273 [Socket Reader #1 for port 9891] INFO ipc.Server: Auth successful for dn/a7699022bd01@EXAMPLE.COM (auth:KERBEROS)
scm_1       | Keytab name: FILE:/etc/security/keytabs/HTTP.keytab
kdc_1       | Apr 27 22:33:54 kdc krb5kdc[8](info): TGS_REQ (6 etypes {18 17 20 19 16 23}) 172.24.0.10: ISSUE: authtime 1588026832, etypes {rep=18 tkt=18 ses=18}, testuser/s3g@EXAMPLE.COM for om/om@EXAMPLE.COM
om_1        | 2020-04-27 22:23:50,645 [main] INFO om.OzoneManager: Starting OM delegation token secret manager
s3g_1       | 	at org.eclipse.jetty.server.session.SessionHandler.doHandle(SessionHandler.java:1607)
recon_1     | 2020-04-27 22:29:37,284 [Socket Reader #1 for port 9891] INFO authorize.ServiceAuthorizationManager: Authorization successful for dn/a7699022bd01@EXAMPLE.COM (auth:KERBEROS) for protocol=interface org.apache.hadoop.ozone.protocol.ReconDatanodeProtocol
scm_1       | KVNO Timestamp         Principal
kdc_1       | Apr 27 22:33:58 kdc krb5kdc[8](info): AS_REQ (8 etypes {18 17 20 19 16 23 25 26}) 172.24.0.10: ISSUE: authtime 1588026838, etypes {rep=18 tkt=18 ses=18}, testuser/s3g@EXAMPLE.COM for krbtgt/EXAMPLE.COM@EXAMPLE.COM
om_1        | 2020-04-27 22:23:50,645 [main] INFO security.OzoneDelegationTokenSecretManager: Updating the current master key for generating tokens
s3g_1       | 	at org.eclipse.jetty.server.handler.ScopedHandler.nextHandle(ScopedHandler.java:233)
recon_1     | 2020-04-27 22:29:55,376 [pool-11-thread-1] INFO impl.OzoneManagerServiceProviderImpl: Syncing data from Ozone Manager.
scm_1       | ---- ----------------- --------------------------------------------------------
kdc_1       | Apr 27 22:33:59 kdc krb5kdc[8](info): TGS_REQ (6 etypes {18 17 20 19 16 23}) 172.24.0.10: ISSUE: authtime 1588026838, etypes {rep=18 tkt=18 ses=18}, testuser/s3g@EXAMPLE.COM for om/om@EXAMPLE.COM
om_1        | 2020-04-27 22:23:50,660 [Thread[Thread-11,5,main]] INFO security.OzoneDelegationTokenSecretManager: Starting expired delegation token remover thread, tokenRemoverScanInterval=60 min(s)
s3g_1       | 	at org.eclipse.jetty.server.handler.ContextHandler.doHandle(ContextHandler.java:1297)
recon_1     | 2020-04-27 22:29:55,376 [pool-11-thread-1] INFO impl.OzoneManagerServiceProviderImpl: Obtaining delta updates from Ozone Manager
scm_1       |    2 04/27/20 22:23:09 HTTP/scm@EXAMPLE.COM
kdc_1       | Apr 27 22:34:03 kdc krb5kdc[8](info): AS_REQ (8 etypes {18 17 20 19 16 23 25 26}) 172.24.0.10: ISSUE: authtime 1588026843, etypes {rep=18 tkt=18 ses=18}, testuser/s3g@EXAMPLE.COM for krbtgt/EXAMPLE.COM@EXAMPLE.COM
om_1        | 2020-04-27 22:23:50,772 [IPC Server Responder] INFO ipc.Server: IPC Server Responder: starting
s3g_1       | 	at org.eclipse.jetty.server.handler.ScopedHandler.nextScope(ScopedHandler.java:188)
recon_1     | 2020-04-27 22:29:55,402 [pool-11-thread-1] INFO impl.OzoneManagerServiceProviderImpl: Number of updates received from OM : 15
scm_1       |    2 04/27/20 22:23:09 HTTP/scm@EXAMPLE.COM
kdc_1       | Apr 27 22:34:05 kdc krb5kdc[8](info): TGS_REQ (6 etypes {18 17 20 19 16 23}) 172.24.0.10: ISSUE: authtime 1588026843, etypes {rep=18 tkt=18 ses=18}, testuser/s3g@EXAMPLE.COM for om/om@EXAMPLE.COM
om_1        | 2020-04-27 22:23:50,774 [IPC Server listener on 9862] INFO ipc.Server: IPC Server listener on 9862: starting
s3g_1       | 	at org.eclipse.jetty.servlet.ServletHandler.doScope(ServletHandler.java:485)
recon_1     | 2020-04-27 22:29:55,412 [pool-12-thread-1] INFO tasks.ContainerKeyMapperTask: ContainerKeyMapperTask successfully processed 2 OM DB update event(s).
scm_1       | Download testuser/scm@EXAMPLE.COM keytab file to /etc/security/keytabs/testuser.keytab
om_1        | 2020-04-27 22:23:51,349 [main] INFO http.BaseHttpServer: Starting Web-server for ozoneManager at: http://0.0.0.0:9874
kdc_1       | Apr 27 22:34:08 kdc krb5kdc[8](info): AS_REQ (8 etypes {18 17 20 19 16 23 25 26}) 172.24.0.10: ISSUE: authtime 1588026848, etypes {rep=18 tkt=18 ses=18}, testuser/s3g@EXAMPLE.COM for krbtgt/EXAMPLE.COM@EXAMPLE.COM
s3g_1       | 	at org.eclipse.jetty.server.session.SessionHandler.doScope(SessionHandler.java:1577)
recon_1     | 2020-04-27 22:29:55,526 [pool-12-thread-1] INFO tasks.FileSizeCountTask: Completed a 'process' run of FileSizeCountTask.
scm_1       | --2020-04-27 22:23:09--  http://kdc:8081/keytab/scm/testuser
om_1        | 2020-04-27 22:23:51,463 [main] INFO util.log: Logging initialized @8340ms to org.eclipse.jetty.util.log.Slf4jLog
kdc_1       | Apr 27 22:34:10 kdc krb5kdc[8](info): TGS_REQ (6 etypes {18 17 20 19 16 23}) 172.24.0.10: ISSUE: authtime 1588026848, etypes {rep=18 tkt=18 ses=18}, testuser/s3g@EXAMPLE.COM for om/om@EXAMPLE.COM
s3g_1       | 	at org.eclipse.jetty.server.handler.ScopedHandler.nextScope(ScopedHandler.java:186)
recon_1     | 2020-04-27 22:30:07,189 [Socket Reader #1 for port 9891] INFO ipc.Server: Auth successful for dn/6468d1144251@EXAMPLE.COM (auth:KERBEROS)
scm_1       | Resolving kdc (kdc)... 172.24.0.3
om_1        | 2020-04-27 22:23:51,839 [main] INFO server.AuthenticationFilter: Unable to initialize FileSignerSecretProvider, falling back to use random secrets.
kdc_1       | Apr 27 22:34:59 kdc krb5kdc[8](info): AS_REQ (8 etypes {18 17 20 19 16 23 25 26}) 172.24.0.10: ISSUE: authtime 1588026899, etypes {rep=18 tkt=18 ses=18}, testuser/s3g@EXAMPLE.COM for krbtgt/EXAMPLE.COM@EXAMPLE.COM
s3g_1       | 	at org.eclipse.jetty.server.handler.ContextHandler.doScope(ContextHandler.java:1212)
recon_1     | 2020-04-27 22:30:07,195 [Socket Reader #1 for port 9891] INFO ipc.Server: Auth successful for dn/e655fed48400@EXAMPLE.COM (auth:KERBEROS)
scm_1       | Connecting to kdc (kdc)|172.24.0.3|:8081... connected.
om_1        | 2020-04-27 22:23:51,865 [main] INFO http.HttpRequestLog: Http request log for http.requests.ozoneManager is not defined
kdc_1       | Apr 27 22:35:00 kdc krb5kdc[8](info): TGS_REQ (6 etypes {18 17 20 19 16 23}) 172.24.0.10: ISSUE: authtime 1588026899, etypes {rep=18 tkt=18 ses=18}, testuser/s3g@EXAMPLE.COM for om/om@EXAMPLE.COM
s3g_1       | 	at org.eclipse.jetty.server.handler.ScopedHandler.handle(ScopedHandler.java:141)
recon_1     | 2020-04-27 22:30:07,205 [Socket Reader #1 for port 9891] INFO authorize.ServiceAuthorizationManager: Authorization successful for dn/e655fed48400@EXAMPLE.COM (auth:KERBEROS) for protocol=interface org.apache.hadoop.ozone.protocol.ReconDatanodeProtocol
scm_1       | HTTP request sent, awaiting response... 200 OK
om_1        | 2020-04-27 22:23:51,883 [main] INFO http.HttpServer2: Added global filter 'safety' (class=org.apache.hadoop.hdds.server.http.HttpServer2$QuotingInputFilter)
kdc_1       | Apr 27 22:35:08 kdc krb5kdc[8](info): AS_REQ (8 etypes {18 17 20 19 16 23 25 26}) 172.24.0.10: ISSUE: authtime 1588026908, etypes {rep=18 tkt=18 ses=18}, testuser/s3g@EXAMPLE.COM for krbtgt/EXAMPLE.COM@EXAMPLE.COM
s3g_1       | 	at org.eclipse.jetty.server.handler.HandlerCollection.handle(HandlerCollection.java:146)
recon_1     | 2020-04-27 22:30:07,208 [Socket Reader #1 for port 9891] INFO authorize.ServiceAuthorizationManager: Authorization successful for dn/6468d1144251@EXAMPLE.COM (auth:KERBEROS) for protocol=interface org.apache.hadoop.ozone.protocol.ReconDatanodeProtocol
scm_1       | Length: 152 [application/octet-stream]
om_1        | 2020-04-27 22:23:51,884 [main] INFO http.HttpServer2: Added filter static_user_filter (class=org.apache.hadoop.hdds.server.http.StaticUserWebFilter$StaticUserFilter) to context ozoneManager
kdc_1       | Apr 27 22:35:10 kdc krb5kdc[8](info): TGS_REQ (6 etypes {18 17 20 19 16 23}) 172.24.0.10: ISSUE: authtime 1588026908, etypes {rep=18 tkt=18 ses=18}, testuser/s3g@EXAMPLE.COM for om/om@EXAMPLE.COM
s3g_1       | 	at org.eclipse.jetty.server.handler.HandlerWrapper.handle(HandlerWrapper.java:127)
recon_1     | 2020-04-27 22:30:07,257 [Socket Reader #1 for port 9891] INFO ipc.Server: Auth successful for dn/a7699022bd01@EXAMPLE.COM (auth:KERBEROS)
scm_1       | Saving to: '/etc/security/keytabs/testuser.keytab'
om_1        | 2020-04-27 22:23:51,890 [main] INFO http.HttpServer2: Added filter static_user_filter (class=org.apache.hadoop.hdds.server.http.StaticUserWebFilter$StaticUserFilter) to context logs
kdc_1       | Apr 27 22:35:22 kdc krb5kdc[8](info): AS_REQ (8 etypes {18 17 20 19 16 23 25 26}) 172.24.0.10: ISSUE: authtime 1588026922, etypes {rep=18 tkt=18 ses=18}, testuser/s3g@EXAMPLE.COM for krbtgt/EXAMPLE.COM@EXAMPLE.COM
s3g_1       | 	at org.eclipse.jetty.server.Server.handle(Server.java:500)
recon_1     | 2020-04-27 22:30:07,274 [Socket Reader #1 for port 9891] INFO authorize.ServiceAuthorizationManager: Authorization successful for dn/a7699022bd01@EXAMPLE.COM (auth:KERBEROS) for protocol=interface org.apache.hadoop.ozone.protocol.ReconDatanodeProtocol
scm_1       | 
om_1        | 2020-04-27 22:23:51,890 [main] INFO http.HttpServer2: Added filter static_user_filter (class=org.apache.hadoop.hdds.server.http.StaticUserWebFilter$StaticUserFilter) to context static
kdc_1       | Apr 27 22:35:23 kdc krb5kdc[8](info): TGS_REQ (6 etypes {18 17 20 19 16 23}) 172.24.0.10: ISSUE: authtime 1588026922, etypes {rep=18 tkt=18 ses=18}, testuser/s3g@EXAMPLE.COM for om/om@EXAMPLE.COM
s3g_1       | 	at org.eclipse.jetty.server.HttpChannel.lambda$handle$1(HttpChannel.java:383)
recon_1     | 2020-04-27 22:30:37,177 [Socket Reader #1 for port 9891] INFO ipc.Server: Auth successful for dn/6468d1144251@EXAMPLE.COM (auth:KERBEROS)
scm_1       |      0K                                                       100% 19.6M=0s
om_1        | 2020-04-27 22:23:52,002 [main] INFO http.HttpServer2: Jetty bound to port 9874
kdc_1       | Apr 27 22:35:29 kdc krb5kdc[8](info): AS_REQ (8 etypes {18 17 20 19 16 23 25 26}) 172.24.0.10: ISSUE: authtime 1588026929, etypes {rep=18 tkt=18 ses=18}, testuser/s3g@EXAMPLE.COM for krbtgt/EXAMPLE.COM@EXAMPLE.COM
s3g_1       | 	at org.eclipse.jetty.server.HttpChannel.dispatch(HttpChannel.java:547)
recon_1     | 2020-04-27 22:30:37,190 [Socket Reader #1 for port 9891] INFO authorize.ServiceAuthorizationManager: Authorization successful for dn/6468d1144251@EXAMPLE.COM (auth:KERBEROS) for protocol=interface org.apache.hadoop.ozone.protocol.ReconDatanodeProtocol
scm_1       | 
om_1        | 2020-04-27 22:23:52,017 [main] INFO server.Server: jetty-9.4.26.v20200117; built: 2020-01-17T12:35:33.676Z; git: 7b38981d25d14afb4a12ff1f2596756144edf695; jvm 11.0.6+10-LTS
kdc_1       | Apr 27 22:35:31 kdc krb5kdc[8](info): TGS_REQ (6 etypes {18 17 20 19 16 23}) 172.24.0.10: ISSUE: authtime 1588026929, etypes {rep=18 tkt=18 ses=18}, testuser/s3g@EXAMPLE.COM for om/om@EXAMPLE.COM
s3g_1       | 	at org.eclipse.jetty.server.HttpChannel.handle(HttpChannel.java:375)
scm_1       | 2020-04-27 22:23:09 (19.6 MB/s) - '/etc/security/keytabs/testuser.keytab' saved [152/152]
recon_1     | 2020-04-27 22:30:37,205 [Socket Reader #1 for port 9891] INFO ipc.Server: Auth successful for dn/e655fed48400@EXAMPLE.COM (auth:KERBEROS)
om_1        | 2020-04-27 22:23:52,142 [main] INFO server.session: DefaultSessionIdManager workerName=node0
kdc_1       | Apr 27 22:35:46 kdc krb5kdc[8](info): AS_REQ (8 etypes {18 17 20 19 16 23 25 26}) 172.24.0.10: ISSUE: authtime 1588026946, etypes {rep=18 tkt=18 ses=18}, testuser/s3g@EXAMPLE.COM for krbtgt/EXAMPLE.COM@EXAMPLE.COM
s3g_1       | 	at org.eclipse.jetty.server.HttpConnection.onFillable(HttpConnection.java:270)
scm_1       | 
recon_1     | 2020-04-27 22:30:37,212 [Socket Reader #1 for port 9891] INFO authorize.ServiceAuthorizationManager: Authorization successful for dn/e655fed48400@EXAMPLE.COM (auth:KERBEROS) for protocol=interface org.apache.hadoop.ozone.protocol.ReconDatanodeProtocol
om_1        | 2020-04-27 22:23:52,142 [main] INFO server.session: No SessionScavenger set, using defaults
kdc_1       | Apr 27 22:35:48 kdc krb5kdc[8](info): TGS_REQ (6 etypes {18 17 20 19 16 23}) 172.24.0.10: ISSUE: authtime 1588026946, etypes {rep=18 tkt=18 ses=18}, testuser/s3g@EXAMPLE.COM for om/om@EXAMPLE.COM
s3g_1       | 	at org.eclipse.jetty.io.AbstractConnection$ReadCallback.succeeded(AbstractConnection.java:311)
scm_1       | Keytab name: FILE:/etc/security/keytabs/testuser.keytab
recon_1     | 2020-04-27 22:30:37,263 [Socket Reader #1 for port 9891] INFO ipc.Server: Auth successful for dn/a7699022bd01@EXAMPLE.COM (auth:KERBEROS)
om_1        | 2020-04-27 22:23:52,147 [main] INFO server.session: node0 Scavenging every 660000ms
kdc_1       | Apr 27 22:35:50 kdc krb5kdc[8](info): AS_REQ (8 etypes {18 17 20 19 16 23 25 26}) 172.24.0.10: ISSUE: authtime 1588026950, etypes {rep=18 tkt=18 ses=18}, HTTP/s3g@EXAMPLE.COM for krbtgt/EXAMPLE.COM@EXAMPLE.COM
s3g_1       | 	at org.eclipse.jetty.io.FillInterest.fillable(FillInterest.java:103)
scm_1       | KVNO Timestamp         Principal
recon_1     | 2020-04-27 22:30:37,274 [Socket Reader #1 for port 9891] INFO authorize.ServiceAuthorizationManager: Authorization successful for dn/a7699022bd01@EXAMPLE.COM (auth:KERBEROS) for protocol=interface org.apache.hadoop.ozone.protocol.ReconDatanodeProtocol
om_1        | 2020-04-27 22:23:52,156 [main] INFO handler.ContextHandler: Started o.e.j.s.ServletContextHandler@6b4125ed{logs,/logs,file:///var/log/hadoop/,AVAILABLE}
kdc_1       | Apr 27 22:35:57 kdc krb5kdc[8](info): TGS_REQ (6 etypes {18 17 20 19 16 23}) 172.24.0.4: ISSUE: authtime 1588026654, etypes {rep=18 tkt=18 ses=18}, testuser/scm@EXAMPLE.COM for scm/scm@EXAMPLE.COM
s3g_1       | 	at org.eclipse.jetty.io.ChannelEndPoint$2.run(ChannelEndPoint.java:117)
scm_1       | ---- ----------------- --------------------------------------------------------
recon_1     | 2020-04-27 22:30:55,539 [pool-11-thread-1] INFO impl.OzoneManagerServiceProviderImpl: Syncing data from Ozone Manager.
kdc_1       | Apr 27 22:35:59 kdc krb5kdc[8](info): TGS_REQ (6 etypes {18 17 20 19 16 23}) 172.24.0.4: ISSUE: authtime 1588026654, etypes {rep=18 tkt=18 ses=18}, testuser/scm@EXAMPLE.COM for scm/scm@EXAMPLE.COM
om_1        | 2020-04-27 22:23:52,157 [main] INFO handler.ContextHandler: Started o.e.j.s.ServletContextHandler@4872669f{static,/static,jar:file:/opt/hadoop/share/ozone/lib/hadoop-ozone-ozone-manager-0.6.0-SNAPSHOT.jar!/webapps/static,AVAILABLE}
s3g_1       | 	at org.eclipse.jetty.util.thread.strategy.EatWhatYouKill.runTask(EatWhatYouKill.java:336)
scm_1       |    2 04/27/20 22:23:09 testuser/scm@EXAMPLE.COM
recon_1     | 2020-04-27 22:30:55,539 [pool-11-thread-1] INFO impl.OzoneManagerServiceProviderImpl: Obtaining delta updates from Ozone Manager
kdc_1       | Apr 27 22:36:02 kdc krb5kdc[8](info): TGS_REQ (6 etypes {18 17 20 19 16 23}) 172.24.0.4: ISSUE: authtime 1588026654, etypes {rep=18 tkt=18 ses=18}, testuser/scm@EXAMPLE.COM for scm/scm@EXAMPLE.COM
om_1        | 2020-04-27 22:23:52,824 [main] INFO handler.ContextHandler: Started o.e.j.w.WebAppContext@4b97b3d2{ozoneManager,/,file:///tmp/jetty-0_0_0_0-9874-hadoop-ozone-ozone-manager-0_6_0-SNAPSHOT_jar-_-any-14397605217439817492.dir/webapp/,AVAILABLE}{jar:file:/opt/hadoop/share/ozone/lib/hadoop-ozone-ozone-manager-0.6.0-SNAPSHOT.jar!/webapps/ozoneManager}
s3g_1       | 	at org.eclipse.jetty.util.thread.strategy.EatWhatYouKill.doProduce(EatWhatYouKill.java:313)
scm_1       |    2 04/27/20 22:23:09 testuser/scm@EXAMPLE.COM
recon_1     | 2020-04-27 22:30:55,570 [pool-11-thread-1] INFO impl.OzoneManagerServiceProviderImpl: Number of updates received from OM : 7
kdc_1       | Apr 27 22:36:06 kdc krb5kdc[8](info): AS_REQ (8 etypes {18 17 20 19 16 23 25 26}) 172.24.0.4: ISSUE: authtime 1588026966, etypes {rep=18 tkt=18 ses=18}, testuser/scm@EXAMPLE.COM for krbtgt/EXAMPLE.COM@EXAMPLE.COM
om_1        | 2020-04-27 22:23:52,852 [main] INFO server.AbstractConnector: Started ServerConnector@1bbddada{HTTP/1.1,[http/1.1]}{0.0.0.0:9874}
