dn1_1    | 	at java.base/java.lang.Thread.sleep(Native Method)
dn1_1    | 	at java.base/java.lang.Thread.sleep(Thread.java:339)
dn1_1    | 	at java.base/java.util.concurrent.TimeUnit.sleep(TimeUnit.java:446)
dn1_1    | 	at org.apache.ratis.util.TimeDuration.sleep(TimeDuration.java:324)
dn1_1    | 	at org.apache.ratis.util.TimeDuration.sleep(TimeDuration.java:309)
dn1_1    | 	at org.apache.ratis.server.impl.FollowerState.run(FollowerState.java:118)
dn1_1    | 2021-07-12 14:24:51,637 [eeb30c06-cf1d-49de-9148-1067397a1870@group-30C2A969DFE2-StateMachineUpdater] INFO ratis.ContainerStateMachine: group-30C2A969DFE2: Finished taking a snapshot at:(t:3, i:6) file:/data/metadata/ratis/788c8261-21eb-430d-9d95-30c2a969dfe2/sm/snapshot.3_6 took: 5 ms
dn1_1    | 2021-07-12 14:24:51,638 [eeb30c06-cf1d-49de-9148-1067397a1870@group-30C2A969DFE2-StateMachineUpdater] INFO impl.StateMachineUpdater: eeb30c06-cf1d-49de-9148-1067397a1870@group-30C2A969DFE2-StateMachineUpdater: Took a snapshot at index 6
dn1_1    | 2021-07-12 14:24:51,638 [eeb30c06-cf1d-49de-9148-1067397a1870@group-30C2A969DFE2-StateMachineUpdater] INFO impl.StateMachineUpdater: eeb30c06-cf1d-49de-9148-1067397a1870@group-30C2A969DFE2-StateMachineUpdater: snapshotIndex: updateIncreasingly -1 -> 6
dn1_1    | 2021-07-12 14:24:51,639 [eeb30c06-cf1d-49de-9148-1067397a1870@group-30C2A969DFE2-StateMachineUpdater] INFO metrics.RatisMetrics: Unregistering Metrics Registry : ratis.state_machine.eeb30c06-cf1d-49de-9148-1067397a1870@group-30C2A969DFE2
dn1_1    | 2021-07-12 14:24:51,645 [Command processor thread] INFO server.RaftServer$Division: eeb30c06-cf1d-49de-9148-1067397a1870@group-30C2A969DFE2: closes. applyIndex: 6
dn1_1    | 2021-07-12 14:24:51,645 [eeb30c06-cf1d-49de-9148-1067397a1870@group-30C2A969DFE2-SegmentedRaftLogWorker] INFO segmented.SegmentedRaftLogWorker: eeb30c06-cf1d-49de-9148-1067397a1870@group-30C2A969DFE2-SegmentedRaftLogWorker was interrupted, exiting. There are 0 tasks remaining in the queue.
dn1_1    | 2021-07-12 14:24:51,647 [Command processor thread] INFO segmented.SegmentedRaftLogWorker: eeb30c06-cf1d-49de-9148-1067397a1870@group-30C2A969DFE2-SegmentedRaftLogWorker close()
dn1_1    | 2021-07-12 14:24:51,647 [Command processor thread] INFO metrics.RatisMetrics: Unregistering Metrics Registry : ratis.log_worker.eeb30c06-cf1d-49de-9148-1067397a1870@group-30C2A969DFE2
dn1_1    | 2021-07-12 14:24:51,648 [Command processor thread] INFO metrics.RatisMetrics: Unregistering Metrics Registry : ratis.leader_election.eeb30c06-cf1d-49de-9148-1067397a1870@group-30C2A969DFE2
dn1_1    | 2021-07-12 14:24:51,648 [Command processor thread] INFO metrics.RatisMetrics: Unregistering Metrics Registry : ratis.server.eeb30c06-cf1d-49de-9148-1067397a1870@group-30C2A969DFE2
dn1_1    | 2021-07-12 14:24:51,666 [Command processor thread] INFO keyvalue.KeyValueContainer: Container 1 is synced with bcsId 2.
dn1_1    | 2021-07-12 14:24:51,666 [Command processor thread] INFO keyvalue.KeyValueContainer: Container 1 is synced with bcsId 2.
dn1_1    | 2021-07-12 14:24:51,676 [Command processor thread] INFO server.RaftServer$Division: eeb30c06-cf1d-49de-9148-1067397a1870@group-30C2A969DFE2: Succeed to remove RaftStorageDirectory Storage Directory /data/metadata/ratis/788c8261-21eb-430d-9d95-30c2a969dfe2
dn1_1    | 2021-07-12 14:24:51,677 [Command processor thread] INFO commandhandler.ClosePipelineCommandHandler: Close Pipeline PipelineID=788c8261-21eb-430d-9d95-30c2a969dfe2 command on datanode eeb30c06-cf1d-49de-9148-1067397a1870.
dn1_1    | 2021-07-12 14:24:51,678 [Command processor thread] INFO server.RaftServer: eeb30c06-cf1d-49de-9148-1067397a1870: remove    LEADER eeb30c06-cf1d-49de-9148-1067397a1870@group-CE8EFB9AC68B:t1, leader=eeb30c06-cf1d-49de-9148-1067397a1870, voted=eeb30c06-cf1d-49de-9148-1067397a1870, raftlog=eeb30c06-cf1d-49de-9148-1067397a1870@group-CE8EFB9AC68B-SegmentedRaftLog:OPENED:c4,f4,i4, conf=0: [eeb30c06-cf1d-49de-9148-1067397a1870|rpc:10.9.0.15:9858|dataStream:|priority:1, 3bd7086e-6c87-4150-ab5f-c381ee71cccf|rpc:10.9.0.17:9858|dataStream:|priority:0, 93b5f373-d40a-4ba7-a684-a8997bb17009|rpc:10.9.0.16:9858|dataStream:|priority:0], old=null RUNNING
dn1_1    | 2021-07-12 14:24:51,678 [Command processor thread] INFO server.RaftServer$Division: eeb30c06-cf1d-49de-9148-1067397a1870@group-CE8EFB9AC68B: shutdown
dn1_1    | 2021-07-12 14:24:51,678 [Command processor thread] INFO util.JmxRegister: Successfully un-registered JMX Bean with object name Ratis:service=RaftServer,group=group-CE8EFB9AC68B,id=eeb30c06-cf1d-49de-9148-1067397a1870
dn1_1    | 2021-07-12 14:24:51,678 [Command processor thread] INFO impl.RoleInfo: eeb30c06-cf1d-49de-9148-1067397a1870: shutdown eeb30c06-cf1d-49de-9148-1067397a1870@group-CE8EFB9AC68B-LeaderStateImpl
dn1_1    | 2021-07-12 14:24:51,678 [Command processor thread] INFO metrics.RatisMetrics: Unregistering Metrics Registry : ratis_grpc.log_appender.eeb30c06-cf1d-49de-9148-1067397a1870@group-CE8EFB9AC68B
dn1_1    | 2021-07-12 14:24:51,679 [Command processor thread] INFO metrics.RatisMetrics: Unregistering Metrics Registry : ratis_grpc.log_appender.eeb30c06-cf1d-49de-9148-1067397a1870@group-CE8EFB9AC68B
dn1_1    | 2021-07-12 14:24:51,679 [Command processor thread] INFO impl.PendingRequests: eeb30c06-cf1d-49de-9148-1067397a1870@group-CE8EFB9AC68B-PendingRequests: sendNotLeaderResponses
dn1_1    | 2021-07-12 14:24:51,681 [eeb30c06-cf1d-49de-9148-1067397a1870@group-CE8EFB9AC68B->3bd7086e-6c87-4150-ab5f-c381ee71cccf-GrpcLogAppender-LogAppenderDaemon] WARN server.GrpcLogAppender: eeb30c06-cf1d-49de-9148-1067397a1870@group-CE8EFB9AC68B->3bd7086e-6c87-4150-ab5f-c381ee71cccf-GrpcLogAppender: Wait interrupted by java.lang.InterruptedException
dn1_1    | 2021-07-12 14:24:51,682 [eeb30c06-cf1d-49de-9148-1067397a1870@group-CE8EFB9AC68B->93b5f373-d40a-4ba7-a684-a8997bb17009-GrpcLogAppender-LogAppenderDaemon] WARN server.GrpcLogAppender: eeb30c06-cf1d-49de-9148-1067397a1870@group-CE8EFB9AC68B->93b5f373-d40a-4ba7-a684-a8997bb17009-GrpcLogAppender: Wait interrupted by java.lang.InterruptedException
dn1_1    | 2021-07-12 14:24:51,691 [grpc-default-executor-3] INFO server.GrpcLogAppender: eeb30c06-cf1d-49de-9148-1067397a1870@group-CE8EFB9AC68B->93b5f373-d40a-4ba7-a684-a8997bb17009-AppendLogResponseHandler: follower responses appendEntries COMPLETED
dn1_1    | 2021-07-12 14:24:51,693 [grpc-default-executor-1] INFO server.GrpcLogAppender: eeb30c06-cf1d-49de-9148-1067397a1870@group-CE8EFB9AC68B->3bd7086e-6c87-4150-ab5f-c381ee71cccf-AppendLogResponseHandler: follower responses appendEntries COMPLETED
dn1_1    | 2021-07-12 14:24:51,699 [grpc-default-executor-1] INFO leader.FollowerInfo: eeb30c06-cf1d-49de-9148-1067397a1870@group-CE8EFB9AC68B->3bd7086e-6c87-4150-ab5f-c381ee71cccf: nextIndex: updateUnconditionally 5 -> 4
dn1_1    | 2021-07-12 14:24:51,706 [Command processor thread] INFO metrics.RatisMetrics: Unregistering Metrics Registry : ratis.log_appender.eeb30c06-cf1d-49de-9148-1067397a1870@group-CE8EFB9AC68B
dn1_1    | 2021-07-12 14:24:51,707 [Command processor thread] INFO metrics.RatisMetrics: Unregistering Metrics Registry : ratis.server.eeb30c06-cf1d-49de-9148-1067397a1870@group-CE8EFB9AC68B
om3_1    | 2021-07-12 14:23:17,174 [om3@group-D66704EFC61C-FollowerState] INFO impl.FollowerState: om3@group-D66704EFC61C-FollowerState: change to CANDIDATE, lastRpcElapsedTime:5020725582ns, electionTimeout:5015ms
om3_1    | 2021-07-12 14:23:17,178 [om3@group-D66704EFC61C-FollowerState] INFO impl.RoleInfo: om3: shutdown om3@group-D66704EFC61C-FollowerState
om3_1    | 2021-07-12 14:23:17,179 [om3@group-D66704EFC61C-FollowerState] INFO server.RaftServer$Division: om3@group-D66704EFC61C: changes role from  FOLLOWER to CANDIDATE at term 3 for changeToCandidate
om3_1    | 2021-07-12 14:23:17,181 [om3@group-D66704EFC61C-FollowerState] INFO server.RaftServerConfigKeys: raft.server.leaderelection.pre-vote = false (custom)
om3_1    | 2021-07-12 14:23:17,184 [om3@group-D66704EFC61C-FollowerState] INFO impl.RoleInfo: om3: start om3@group-D66704EFC61C-LeaderElection1
om3_1    | 2021-07-12 14:23:17,328 [om3@group-D66704EFC61C-LeaderElection1] INFO impl.LeaderElection: om3@group-D66704EFC61C-LeaderElection1 ELECTION round 0: submit vote requests at term 4 for 0: [om1|rpc:om1:9872|admin:|client:|dataStream:|priority:0, om3|rpc:om3:9872|admin:|client:|dataStream:|priority:0, om2|rpc:om2:9872|admin:|client:|dataStream:|priority:0], old=null
om3_1    | 2021-07-12 14:23:17,564 [org.apache.ratis.util.JvmPauseMonitor$$Lambda$393/0x000000084052fc40@8840c98] WARN util.JvmPauseMonitor: JvmPauseMonitor-om3: Detected pause in JVM or host machine (eg GC): pause of approximately 101942657ns.
om3_1    | GC pool 'ParNew' had collection(s): count=1 time=131ms
om3_1    | 2021-07-12 14:23:18,817 [grpc-default-executor-0] INFO metrics.RatisMetrics: Creating Metrics Registry : ratis.server_message_metrics.om3
om3_1    | 2021-07-12 14:23:18,929 [grpc-default-executor-0] INFO server.RaftServer$Division: om3@group-D66704EFC61C: receive requestVote(ELECTION, om2, group-D66704EFC61C, 4, (t:3, i:8))
om3_1    | 2021-07-12 14:23:18,931 [grpc-default-executor-0] INFO impl.VoteContext: om3@group-D66704EFC61C-CANDIDATE: reject ELECTION from om2: already has voted for om3 at current term 4
om3_1    | 2021-07-12 14:23:18,960 [grpc-default-executor-0] INFO server.RaftServer$Division: om3@group-D66704EFC61C replies to ELECTION vote request: om2<-om3#0:FAIL-t4. Peer's state: om3@group-D66704EFC61C:t4, leader=null, voted=om3, raftlog=om3@group-D66704EFC61C-SegmentedRaftLog:OPENED:c7,f8,i8, conf=0: [om1|rpc:om1:9872|admin:|client:|dataStream:|priority:0, om3|rpc:om3:9872|admin:|client:|dataStream:|priority:0, om2|rpc:om2:9872|admin:|client:|dataStream:|priority:0], old=null
om3_1    | 2021-07-12 14:23:19,003 [grpc-default-executor-1] INFO server.RaftServer$Division: om3@group-D66704EFC61C: receive requestVote(ELECTION, om1, group-D66704EFC61C, 4, (t:3, i:8))
om3_1    | 2021-07-12 14:23:19,003 [grpc-default-executor-1] INFO impl.VoteContext: om3@group-D66704EFC61C-CANDIDATE: reject ELECTION from om1: already has voted for om3 at current term 4
om3_1    | 2021-07-12 14:23:19,011 [grpc-default-executor-1] INFO server.RaftServer$Division: om3@group-D66704EFC61C replies to ELECTION vote request: om1<-om3#0:FAIL-t4. Peer's state: om3@group-D66704EFC61C:t4, leader=null, voted=om3, raftlog=om3@group-D66704EFC61C-SegmentedRaftLog:OPENED:c7,f8,i8, conf=0: [om1|rpc:om1:9872|admin:|client:|dataStream:|priority:0, om3|rpc:om3:9872|admin:|client:|dataStream:|priority:0, om2|rpc:om2:9872|admin:|client:|dataStream:|priority:0], old=null
om3_1    | 2021-07-12 14:23:19,082 [om3@group-D66704EFC61C-LeaderElection1] INFO impl.LeaderElection: om3@group-D66704EFC61C-LeaderElection1: ELECTION REJECTED received 2 response(s) and 0 exception(s):
om3_1    | 2021-07-12 14:23:19,084 [om3@group-D66704EFC61C-LeaderElection1] INFO impl.LeaderElection:   Response 0: om3<-om1#0:FAIL-t4
om3_1    | 2021-07-12 14:23:19,084 [om3@group-D66704EFC61C-LeaderElection1] INFO impl.LeaderElection:   Response 1: om3<-om2#0:FAIL-t4
om3_1    | 2021-07-12 14:23:19,084 [om3@group-D66704EFC61C-LeaderElection1] INFO impl.LeaderElection: om3@group-D66704EFC61C-LeaderElection1 ELECTION round 0: result REJECTED
om3_1    | 2021-07-12 14:23:19,087 [om3@group-D66704EFC61C-LeaderElection1] INFO server.RaftServer$Division: om3@group-D66704EFC61C: changes role from CANDIDATE to FOLLOWER at term 4 for REJECTED
om3_1    | 2021-07-12 14:23:19,087 [om3@group-D66704EFC61C-LeaderElection1] INFO impl.RoleInfo: om3: shutdown om3@group-D66704EFC61C-LeaderElection1
om3_1    | 2021-07-12 14:23:19,088 [om3@group-D66704EFC61C-LeaderElection1] INFO impl.RoleInfo: om3: start om3@group-D66704EFC61C-FollowerState
om3_1    | 2021-07-12 14:23:24,112 [om3@group-D66704EFC61C-FollowerState] INFO impl.FollowerState: om3@group-D66704EFC61C-FollowerState: change to CANDIDATE, lastRpcElapsedTime:5024331976ns, electionTimeout:5010ms
om3_1    | 2021-07-12 14:23:24,113 [om3@group-D66704EFC61C-FollowerState] INFO impl.RoleInfo: om3: shutdown om3@group-D66704EFC61C-FollowerState
om3_1    | 2021-07-12 14:23:24,113 [om3@group-D66704EFC61C-FollowerState] INFO server.RaftServer$Division: om3@group-D66704EFC61C: changes role from  FOLLOWER to CANDIDATE at term 4 for changeToCandidate
om3_1    | 2021-07-12 14:23:24,113 [om3@group-D66704EFC61C-FollowerState] INFO server.RaftServerConfigKeys: raft.server.leaderelection.pre-vote = false (custom)
om3_1    | 2021-07-12 14:23:24,113 [om3@group-D66704EFC61C-FollowerState] INFO impl.RoleInfo: om3: start om3@group-D66704EFC61C-LeaderElection2
om3_1    | 2021-07-12 14:23:24,116 [om3@group-D66704EFC61C-LeaderElection2] INFO impl.LeaderElection: om3@group-D66704EFC61C-LeaderElection2 ELECTION round 0: submit vote requests at term 5 for 0: [om1|rpc:om1:9872|admin:|client:|dataStream:|priority:0, om3|rpc:om3:9872|admin:|client:|dataStream:|priority:0, om2|rpc:om2:9872|admin:|client:|dataStream:|priority:0], old=null
om3_1    | 2021-07-12 14:23:24,154 [om3@group-D66704EFC61C-LeaderElection2] INFO impl.LeaderElection: om3@group-D66704EFC61C-LeaderElection2: ELECTION PASSED received 1 response(s) and 0 exception(s):
om3_1    | 2021-07-12 14:23:24,155 [om3@group-D66704EFC61C-LeaderElection2] INFO impl.LeaderElection:   Response 0: om3<-om1#0:OK-t5
om3_1    | 2021-07-12 14:23:24,155 [om3@group-D66704EFC61C-LeaderElection2] INFO impl.LeaderElection: om3@group-D66704EFC61C-LeaderElection2 ELECTION round 0: result PASSED
om3_1    | 2021-07-12 14:23:24,156 [om3@group-D66704EFC61C-LeaderElection2] INFO impl.RoleInfo: om3: shutdown om3@group-D66704EFC61C-LeaderElection2
om3_1    | 2021-07-12 14:23:24,163 [om3@group-D66704EFC61C-LeaderElection2] INFO server.RaftServer$Division: om3@group-D66704EFC61C: changes role from CANDIDATE to LEADER at term 5 for changeToLeader
om3_1    | 2021-07-12 14:23:24,163 [om3@group-D66704EFC61C-LeaderElection2] INFO server.RaftServer$Division: om3@group-D66704EFC61C: change Leader from null to om3 at term 5 for becomeLeader, leader elected after 13446ms
om3_1    | 2021-07-12 14:23:24,177 [om3@group-D66704EFC61C-LeaderElection2] INFO server.RaftServerConfigKeys: raft.server.staging.catchup.gap = 1000 (default)
om3_1    | 2021-07-12 14:23:24,181 [om3@group-D66704EFC61C-LeaderElection2] INFO metrics.RatisMetrics: Creating Metrics Registry : ratis.log_appender.om3@group-D66704EFC61C
om3_1    | 2021-07-12 14:23:24,187 [om3@group-D66704EFC61C-LeaderElection2] INFO server.RaftServerConfigKeys: raft.server.write.element-limit = 4096 (default)
om3_1    | 2021-07-12 14:23:24,188 [om3@group-D66704EFC61C-LeaderElection2] INFO server.RaftServerConfigKeys: raft.server.write.byte-limit = 64MB (=67108864) (default)
om3_1    | 2021-07-12 14:23:24,194 [om3@group-D66704EFC61C-LeaderElection2] INFO server.RaftServerConfigKeys: raft.server.watch.timeout = 10s (default)
om3_1    | 2021-07-12 14:23:24,194 [om3@group-D66704EFC61C-LeaderElection2] INFO server.RaftServerConfigKeys: raft.server.watch.timeout.denomination = 1s (default)
om3_1    | 2021-07-12 14:23:24,195 [om3@group-D66704EFC61C-LeaderElection2] INFO server.RaftServerConfigKeys: raft.server.watch.element-limit = 65536 (default)
om1_1    | 2021-07-12 14:24:12,678 [OM StateMachine ApplyTransaction Thread - 0] INFO volume.OMVolumeCreateRequest: created volume:new1-volume for user:hadoop
om1_1    | 2021-07-12 14:26:11,003 [OMDoubleBufferFlushThread] INFO upgrade.OMFinalizeUpgradeResponse: Layout version to persist to DB : 0
om1_1    | 2021-07-12 14:27:05,567 [OM StateMachine ApplyTransaction Thread - 0] INFO volume.OMVolumeCreateRequest: created volume:new2-volume for user:hadoop
dn1_1    | 2021-07-12 14:24:51,708 [Command processor thread] INFO impl.StateMachineUpdater: eeb30c06-cf1d-49de-9148-1067397a1870@group-CE8EFB9AC68B-StateMachineUpdater: set stopIndex = 4
dn1_1    | 2021-07-12 14:24:51,708 [eeb30c06-cf1d-49de-9148-1067397a1870@group-CE8EFB9AC68B-StateMachineUpdater] INFO ratis.ContainerStateMachine: group-CE8EFB9AC68B: Taking a snapshot at:(t:1, i:4) file /data/metadata/ratis/105d4fc1-99ed-4d57-883e-ce8efb9ac68b/sm/snapshot.1_4
dn1_1    | 2021-07-12 14:24:51,699 [grpc-default-executor-3] INFO leader.FollowerInfo: eeb30c06-cf1d-49de-9148-1067397a1870@group-CE8EFB9AC68B->93b5f373-d40a-4ba7-a684-a8997bb17009: nextIndex: updateUnconditionally 5 -> 4
dn1_1    | 2021-07-12 14:24:51,709 [eeb30c06-cf1d-49de-9148-1067397a1870@group-CE8EFB9AC68B-StateMachineUpdater] INFO ratis.ContainerStateMachine: group-CE8EFB9AC68B: Finished taking a snapshot at:(t:1, i:4) file:/data/metadata/ratis/105d4fc1-99ed-4d57-883e-ce8efb9ac68b/sm/snapshot.1_4 took: 1 ms
dn1_1    | 2021-07-12 14:24:51,709 [eeb30c06-cf1d-49de-9148-1067397a1870@group-CE8EFB9AC68B-StateMachineUpdater] INFO impl.StateMachineUpdater: eeb30c06-cf1d-49de-9148-1067397a1870@group-CE8EFB9AC68B-StateMachineUpdater: Took a snapshot at index 4
dn1_1    | 2021-07-12 14:24:51,709 [eeb30c06-cf1d-49de-9148-1067397a1870@group-CE8EFB9AC68B-StateMachineUpdater] INFO impl.StateMachineUpdater: eeb30c06-cf1d-49de-9148-1067397a1870@group-CE8EFB9AC68B-StateMachineUpdater: snapshotIndex: updateIncreasingly -1 -> 4
dn1_1    | 2021-07-12 14:24:51,710 [eeb30c06-cf1d-49de-9148-1067397a1870@group-CE8EFB9AC68B-StateMachineUpdater] INFO metrics.RatisMetrics: Unregistering Metrics Registry : ratis.state_machine.eeb30c06-cf1d-49de-9148-1067397a1870@group-CE8EFB9AC68B
dn1_1    | 2021-07-12 14:24:51,711 [Command processor thread] INFO server.RaftServer$Division: eeb30c06-cf1d-49de-9148-1067397a1870@group-CE8EFB9AC68B: closes. applyIndex: 4
dn1_1    | 2021-07-12 14:24:51,711 [eeb30c06-cf1d-49de-9148-1067397a1870@group-CE8EFB9AC68B-SegmentedRaftLogWorker] INFO segmented.SegmentedRaftLogWorker: eeb30c06-cf1d-49de-9148-1067397a1870@group-CE8EFB9AC68B-SegmentedRaftLogWorker was interrupted, exiting. There are 0 tasks remaining in the queue.
dn1_1    | 2021-07-12 14:24:51,712 [Command processor thread] INFO segmented.SegmentedRaftLogWorker: eeb30c06-cf1d-49de-9148-1067397a1870@group-CE8EFB9AC68B-SegmentedRaftLogWorker close()
dn1_1    | 2021-07-12 14:24:51,712 [Command processor thread] INFO metrics.RatisMetrics: Unregistering Metrics Registry : ratis.log_worker.eeb30c06-cf1d-49de-9148-1067397a1870@group-CE8EFB9AC68B
dn1_1    | 2021-07-12 14:24:51,713 [Command processor thread] INFO metrics.RatisMetrics: Unregistering Metrics Registry : ratis.leader_election.eeb30c06-cf1d-49de-9148-1067397a1870@group-CE8EFB9AC68B
dn1_1    | 2021-07-12 14:24:51,713 [Command processor thread] INFO metrics.RatisMetrics: Unregistering Metrics Registry : ratis.server.eeb30c06-cf1d-49de-9148-1067397a1870@group-CE8EFB9AC68B
dn1_1    | 2021-07-12 14:24:51,722 [Command processor thread] INFO keyvalue.KeyValueContainer: Container 2 is synced with bcsId 2.
dn1_1    | 2021-07-12 14:24:51,723 [Command processor thread] INFO keyvalue.KeyValueContainer: Container 2 is synced with bcsId 2.
dn1_1    | 2021-07-12 14:24:51,731 [Command processor thread] INFO server.RaftServer$Division: eeb30c06-cf1d-49de-9148-1067397a1870@group-CE8EFB9AC68B: Succeed to remove RaftStorageDirectory Storage Directory /data/metadata/ratis/105d4fc1-99ed-4d57-883e-ce8efb9ac68b
dn1_1    | 2021-07-12 14:24:51,731 [Command processor thread] INFO commandhandler.ClosePipelineCommandHandler: Close Pipeline PipelineID=105d4fc1-99ed-4d57-883e-ce8efb9ac68b command on datanode eeb30c06-cf1d-49de-9148-1067397a1870.
dn1_1    | 2021-07-12 14:24:51,733 [Command processor thread] INFO commandhandler.FinalizeNewLayoutVersionCommandHandler: Processing FinalizeNewLayoutVersionCommandHandler command.
dn1_1    | 2021-07-12 14:24:51,734 [Command processor thread] INFO commandhandler.FinalizeNewLayoutVersionCommandHandler: Finalize Upgrade called!
dn1_1    | 2021-07-12 14:24:51,735 [Command processor thread] INFO upgrade.UpgradeFinalizer: Finalization started.
dn1_1    | 2021-07-12 14:24:51,736 [Command processor thread] INFO upgrade.UpgradeFinalizer: No onFinalize work defined for feature: DATANODE_SCHEMA_V2.
dn1_1    | 2021-07-12 14:24:51,738 [Command processor thread] INFO upgrade.UpgradeFinalizer: No onFinalize work defined for feature: SCM_HA.
dn1_1    | 2021-07-12 14:24:51,739 [Command processor thread] INFO upgrade.UpgradeFinalizer: Finalization is done.
dn1_1    | 2021-07-12 14:24:51,740 [Command processor thread] WARN server.RaftServer: eeb30c06-cf1d-49de-9148-1067397a1870: does not contain group: group-9AE4580EF6D6
dn1_1    | 2021-07-12 14:24:51,740 [Command processor thread] ERROR commandhandler.ClosePipelineCommandHandler: Can't close pipeline PipelineID=5796254b-a74c-4a50-bbcf-9ae4580ef6d6
dn1_1    | java.io.IOException: eeb30c06-cf1d-49de-9148-1067397a1870: Group group-9AE4580EF6D6 not found.
dn1_1    | 	at org.apache.hadoop.ozone.container.common.transport.server.ratis.XceiverServerRatis.removeGroup(XceiverServerRatis.java:777)
dn1_1    | 	at org.apache.hadoop.ozone.container.common.statemachine.commandhandler.ClosePipelineCommandHandler.handle(ClosePipelineCommandHandler.java:74)
dn1_1    | 	at org.apache.hadoop.ozone.container.common.statemachine.commandhandler.CommandDispatcher.handle(CommandDispatcher.java:99)
dn1_1    | 	at org.apache.hadoop.ozone.container.common.statemachine.DatanodeStateMachine.lambda$initCommandHandlerThread$2(DatanodeStateMachine.java:550)
dn1_1    | 	at java.base/java.lang.Thread.run(Thread.java:834)
dn1_1    | Caused by: org.apache.ratis.protocol.exceptions.GroupMismatchException: eeb30c06-cf1d-49de-9148-1067397a1870: Group group-9AE4580EF6D6 not found.
dn1_1    | 	at org.apache.ratis.server.impl.RaftServerProxy.groupRemoveAsync(RaftServerProxy.java:504)
dn1_1    | 	at org.apache.ratis.server.impl.RaftServerProxy.groupManagementAsync(RaftServerProxy.java:460)
dn1_1    | 	at org.apache.ratis.server.impl.RaftServerProxy.groupManagement(RaftServerProxy.java:440)
dn1_1    | 	at org.apache.hadoop.ozone.container.common.transport.server.ratis.XceiverServerRatis.removeGroup(XceiverServerRatis.java:775)
dn1_1    | 	... 4 more
dn1_1    | 2021-07-12 14:24:51,740 [Command processor thread] WARN server.RaftServer: eeb30c06-cf1d-49de-9148-1067397a1870: does not contain group: group-30C2A969DFE2
dn1_1    | 2021-07-12 14:24:51,741 [Command processor thread] ERROR commandhandler.ClosePipelineCommandHandler: Can't close pipeline PipelineID=788c8261-21eb-430d-9d95-30c2a969dfe2
dn1_1    | java.io.IOException: eeb30c06-cf1d-49de-9148-1067397a1870: Group group-30C2A969DFE2 not found.
dn1_1    | 	at org.apache.hadoop.ozone.container.common.transport.server.ratis.XceiverServerRatis.removeGroup(XceiverServerRatis.java:777)
dn1_1    | 	at org.apache.hadoop.ozone.container.common.statemachine.commandhandler.ClosePipelineCommandHandler.handle(ClosePipelineCommandHandler.java:74)
dn1_1    | 	at org.apache.hadoop.ozone.container.common.statemachine.commandhandler.CommandDispatcher.handle(CommandDispatcher.java:99)
dn1_1    | 	at org.apache.hadoop.ozone.container.common.statemachine.DatanodeStateMachine.lambda$initCommandHandlerThread$2(DatanodeStateMachine.java:550)
dn1_1    | 	at java.base/java.lang.Thread.run(Thread.java:834)
dn1_1    | Caused by: org.apache.ratis.protocol.exceptions.GroupMismatchException: eeb30c06-cf1d-49de-9148-1067397a1870: Group group-30C2A969DFE2 not found.
dn1_1    | 	at org.apache.ratis.server.impl.RaftServerProxy.groupRemoveAsync(RaftServerProxy.java:504)
dn1_1    | 	at org.apache.ratis.server.impl.RaftServerProxy.groupManagementAsync(RaftServerProxy.java:460)
dn1_1    | 	at org.apache.ratis.server.impl.RaftServerProxy.groupManagement(RaftServerProxy.java:440)
dn1_1    | 	at org.apache.hadoop.ozone.container.common.transport.server.ratis.XceiverServerRatis.removeGroup(XceiverServerRatis.java:775)
dn1_1    | 	... 4 more
dn2_1    | java.io.IOException: 93b5f373-d40a-4ba7-a684-a8997bb17009: Group group-CE8EFB9AC68B not found.
dn2_1    | 	at org.apache.hadoop.ozone.container.common.transport.server.ratis.XceiverServerRatis.removeGroup(XceiverServerRatis.java:777)
dn2_1    | 	at org.apache.hadoop.ozone.container.common.statemachine.commandhandler.ClosePipelineCommandHandler.handle(ClosePipelineCommandHandler.java:74)
dn2_1    | 	at org.apache.hadoop.ozone.container.common.statemachine.commandhandler.CommandDispatcher.handle(CommandDispatcher.java:99)
dn2_1    | 	at org.apache.hadoop.ozone.container.common.statemachine.DatanodeStateMachine.lambda$initCommandHandlerThread$2(DatanodeStateMachine.java:550)
dn2_1    | 	at java.base/java.lang.Thread.run(Thread.java:834)
dn2_1    | Caused by: org.apache.ratis.protocol.exceptions.GroupMismatchException: 93b5f373-d40a-4ba7-a684-a8997bb17009: Group group-CE8EFB9AC68B not found.
dn2_1    | 	at org.apache.ratis.server.impl.RaftServerProxy.groupRemoveAsync(RaftServerProxy.java:504)
dn2_1    | 	at org.apache.ratis.server.impl.RaftServerProxy.groupManagementAsync(RaftServerProxy.java:460)
dn2_1    | 	at org.apache.ratis.server.impl.RaftServerProxy.groupManagement(RaftServerProxy.java:440)
dn2_1    | 	at org.apache.hadoop.ozone.container.common.transport.server.ratis.XceiverServerRatis.removeGroup(XceiverServerRatis.java:775)
dn2_1    | 	... 4 more
dn2_1    | 2021-07-12 14:24:52,026 [Command processor thread] WARN server.RaftServer: 93b5f373-d40a-4ba7-a684-a8997bb17009: does not contain group: group-FB304B233475
dn2_1    | 2021-07-12 14:24:52,026 [Command processor thread] ERROR commandhandler.ClosePipelineCommandHandler: Can't close pipeline PipelineID=2118f3a5-b0d8-4e9c-99e5-fb304b233475
dn2_1    | java.io.IOException: 93b5f373-d40a-4ba7-a684-a8997bb17009: Group group-FB304B233475 not found.
dn2_1    | 	at org.apache.hadoop.ozone.container.common.transport.server.ratis.XceiverServerRatis.removeGroup(XceiverServerRatis.java:777)
dn2_1    | 	at org.apache.hadoop.ozone.container.common.statemachine.commandhandler.ClosePipelineCommandHandler.handle(ClosePipelineCommandHandler.java:74)
dn2_1    | 	at org.apache.hadoop.ozone.container.common.statemachine.commandhandler.CommandDispatcher.handle(CommandDispatcher.java:99)
dn2_1    | 	at org.apache.hadoop.ozone.container.common.statemachine.DatanodeStateMachine.lambda$initCommandHandlerThread$2(DatanodeStateMachine.java:550)
dn2_1    | 	at java.base/java.lang.Thread.run(Thread.java:834)
dn2_1    | Caused by: org.apache.ratis.protocol.exceptions.GroupMismatchException: 93b5f373-d40a-4ba7-a684-a8997bb17009: Group group-FB304B233475 not found.
dn2_1    | 	at org.apache.ratis.server.impl.RaftServerProxy.groupRemoveAsync(RaftServerProxy.java:504)
dn2_1    | 	at org.apache.ratis.server.impl.RaftServerProxy.groupManagementAsync(RaftServerProxy.java:460)
dn2_1    | 	at org.apache.ratis.server.impl.RaftServerProxy.groupManagement(RaftServerProxy.java:440)
dn2_1    | 	at org.apache.hadoop.ozone.container.common.transport.server.ratis.XceiverServerRatis.removeGroup(XceiverServerRatis.java:775)
dn2_1    | 	... 4 more
dn2_1    | 2021-07-12 14:24:52,027 [Command processor thread] INFO commandhandler.FinalizeNewLayoutVersionCommandHandler: Processing FinalizeNewLayoutVersionCommandHandler command.
dn2_1    | 2021-07-12 14:24:52,027 [Command processor thread] INFO commandhandler.FinalizeNewLayoutVersionCommandHandler: Processing FinalizeNewLayoutVersionCommandHandler command.
dn2_1    | 2021-07-12 14:24:52,027 [Command processor thread] INFO commandhandler.FinalizeNewLayoutVersionCommandHandler: Processing FinalizeNewLayoutVersionCommandHandler command.
dn2_1    | 2021-07-12 14:24:52,027 [Command processor thread] INFO commandhandler.FinalizeNewLayoutVersionCommandHandler: Processing FinalizeNewLayoutVersionCommandHandler command.
dn2_1    | 2021-07-12 14:25:52,864 [pool-25-thread-1] INFO server.RaftServer$Division: 93b5f373-d40a-4ba7-a684-a8997bb17009: new RaftServerImpl for group-C45DEBBE0EA9:[eeb30c06-cf1d-49de-9148-1067397a1870|rpc:10.9.0.15:9858|dataStream:|priority:0, 3bd7086e-6c87-4150-ab5f-c381ee71cccf|rpc:10.9.0.17:9858|dataStream:|priority:1, 93b5f373-d40a-4ba7-a684-a8997bb17009|rpc:10.9.0.16:9858|dataStream:|priority:0] with ContainerStateMachine:uninitialized
dn2_1    | 2021-07-12 14:25:52,864 [pool-25-thread-1] INFO server.RaftServerConfigKeys: raft.server.rpc.timeout.min = 5s (custom)
dn2_1    | 2021-07-12 14:25:52,864 [pool-25-thread-1] INFO server.RaftServerConfigKeys: raft.server.rpc.timeout.max = 5200ms (custom)
dn2_1    | 2021-07-12 14:25:52,864 [pool-25-thread-1] INFO server.RaftServerConfigKeys: raft.server.rpc.sleep.time = 25ms (default)
dn2_1    | 2021-07-12 14:25:52,864 [pool-25-thread-1] INFO server.RaftServerConfigKeys: raft.server.rpc.slowness.timeout = 300s (custom)
dn2_1    | 2021-07-12 14:25:52,864 [pool-25-thread-1] INFO server.RaftServerConfigKeys: raft.server.leaderelection.leader.step-down.wait-time = 10s (default)
dn2_1    | 2021-07-12 14:25:52,864 [pool-25-thread-1] INFO server.RaftServerConfigKeys: raft.server.sleep.deviation.threshold = 300ms (default)
dn2_1    | 2021-07-12 14:25:52,865 [pool-25-thread-1] INFO server.RaftServerConfigKeys: raft.server.log.appender.install.snapshot.enabled = false (custom)
dn2_1    | 2021-07-12 14:25:52,865 [pool-25-thread-1] INFO server.RaftServer$Division: 93b5f373-d40a-4ba7-a684-a8997bb17009@group-C45DEBBE0EA9: ConfigurationManager, init=-1: [eeb30c06-cf1d-49de-9148-1067397a1870|rpc:10.9.0.15:9858|dataStream:|priority:0, 3bd7086e-6c87-4150-ab5f-c381ee71cccf|rpc:10.9.0.17:9858|dataStream:|priority:1, 93b5f373-d40a-4ba7-a684-a8997bb17009|rpc:10.9.0.16:9858|dataStream:|priority:0], old=null, confs=<EMPTY_MAP>
dn2_1    | 2021-07-12 14:25:52,865 [pool-25-thread-1] INFO server.RaftServerConfigKeys: raft.server.storage.dir = [/data/metadata/ratis] (custom)
dn2_1    | 2021-07-12 14:25:52,865 [pool-25-thread-1] INFO server.RaftServerConfigKeys: raft.server.log.corruption.policy = EXCEPTION (default)
dn2_1    | 2021-07-12 14:25:52,865 [pool-25-thread-1] INFO storage.RaftStorageDirectory: The storage directory /data/metadata/ratis/117b5c56-9ced-43b2-98f5-c45debbe0ea9 does not exist. Creating ...
dn2_1    | 2021-07-12 14:25:52,866 [grpc-default-executor-3] INFO server.RaftServer: 93b5f373-d40a-4ba7-a684-a8997bb17009: addNew group-C45DEBBE0EA9:[eeb30c06-cf1d-49de-9148-1067397a1870|rpc:10.9.0.15:9858|dataStream:|priority:0, 3bd7086e-6c87-4150-ab5f-c381ee71cccf|rpc:10.9.0.17:9858|dataStream:|priority:1, 93b5f373-d40a-4ba7-a684-a8997bb17009|rpc:10.9.0.16:9858|dataStream:|priority:0] returns group-C45DEBBE0EA9:java.util.concurrent.CompletableFuture@b953cf7[Not completed]
dn2_1    | 2021-07-12 14:25:52,867 [pool-25-thread-1] INFO storage.RaftStorageDirectory: Lock on /data/metadata/ratis/117b5c56-9ced-43b2-98f5-c45debbe0ea9/in_use.lock acquired by nodename 7@01e24fa25492
dn2_1    | 2021-07-12 14:25:52,869 [pool-25-thread-1] INFO storage.RaftStorage: Storage directory /data/metadata/ratis/117b5c56-9ced-43b2-98f5-c45debbe0ea9 has been successfully formatted.
dn2_1    | 2021-07-12 14:25:52,869 [pool-25-thread-1] INFO ratis.ContainerStateMachine: group-C45DEBBE0EA9: The snapshot info is null. Setting the last applied indexto:(t:0, i:~)
dn2_1    | 2021-07-12 14:25:52,869 [pool-25-thread-1] INFO server.RaftServerConfigKeys: raft.server.notification.no-leader.timeout = 300s (custom)
dn2_1    | 2021-07-12 14:25:52,869 [pool-25-thread-1] INFO server.RaftServerConfigKeys: raft.server.log.use.memory = false (default)
dn2_1    | 2021-07-12 14:25:52,870 [pool-25-thread-1] INFO server.RaftServerConfigKeys: raft.server.log.purge.gap = 1000000 (custom)
dn2_1    | 2021-07-12 14:25:52,870 [pool-25-thread-1] INFO server.RaftServerConfigKeys: raft.server.log.appender.buffer.byte-limit = 33554432 (custom)
dn2_1    | 2021-07-12 14:25:52,870 [pool-25-thread-1] INFO metrics.RatisMetrics: Creating Metrics Registry : ratis.log_worker.93b5f373-d40a-4ba7-a684-a8997bb17009@group-C45DEBBE0EA9
dn2_1    | 2021-07-12 14:25:52,871 [pool-25-thread-1] INFO server.RaftServerConfigKeys: raft.server.log.segment.size.max = 1048576 (custom)
dn2_1    | 2021-07-12 14:25:52,871 [pool-25-thread-1] INFO server.RaftServerConfigKeys: raft.server.log.segment.cache.num.max = 2 (custom)
dn2_1    | 2021-07-12 14:25:52,871 [pool-25-thread-1] INFO server.RaftServerConfigKeys: raft.server.log.segment.cache.size.max = 200MB (=209715200) (default)
dn2_1    | 2021-07-12 14:25:52,872 [pool-25-thread-1] INFO segmented.SegmentedRaftLogWorker: new 93b5f373-d40a-4ba7-a684-a8997bb17009@group-C45DEBBE0EA9-SegmentedRaftLogWorker for RaftStorageImpl:Storage Directory /data/metadata/ratis/117b5c56-9ced-43b2-98f5-c45debbe0ea9
dn2_1    | 2021-07-12 14:25:52,872 [pool-25-thread-1] INFO server.RaftServerConfigKeys: raft.server.log.queue.byte-limit = 2147483647 (custom)
dn2_1    | 2021-07-12 14:25:52,872 [pool-25-thread-1] INFO server.RaftServerConfigKeys: raft.server.log.queue.element-limit = 1024 (custom)
dn2_1    | 2021-07-12 14:25:52,872 [pool-25-thread-1] INFO server.RaftServerConfigKeys: raft.server.log.segment.size.max = 1048576 (custom)
dn1_1    | 2021-07-12 14:24:51,741 [Command processor thread] WARN server.RaftServer: eeb30c06-cf1d-49de-9148-1067397a1870: does not contain group: group-CE8EFB9AC68B
dn1_1    | 2021-07-12 14:24:51,741 [Command processor thread] ERROR commandhandler.ClosePipelineCommandHandler: Can't close pipeline PipelineID=105d4fc1-99ed-4d57-883e-ce8efb9ac68b
dn1_1    | java.io.IOException: eeb30c06-cf1d-49de-9148-1067397a1870: Group group-CE8EFB9AC68B not found.
dn1_1    | 	at org.apache.hadoop.ozone.container.common.transport.server.ratis.XceiverServerRatis.removeGroup(XceiverServerRatis.java:777)
dn1_1    | 	at org.apache.hadoop.ozone.container.common.statemachine.commandhandler.ClosePipelineCommandHandler.handle(ClosePipelineCommandHandler.java:74)
dn1_1    | 	at org.apache.hadoop.ozone.container.common.statemachine.commandhandler.CommandDispatcher.handle(CommandDispatcher.java:99)
dn1_1    | 	at org.apache.hadoop.ozone.container.common.statemachine.DatanodeStateMachine.lambda$initCommandHandlerThread$2(DatanodeStateMachine.java:550)
dn1_1    | 	at java.base/java.lang.Thread.run(Thread.java:834)
dn1_1    | Caused by: org.apache.ratis.protocol.exceptions.GroupMismatchException: eeb30c06-cf1d-49de-9148-1067397a1870: Group group-CE8EFB9AC68B not found.
dn1_1    | 	at org.apache.ratis.server.impl.RaftServerProxy.groupRemoveAsync(RaftServerProxy.java:504)
dn1_1    | 	at org.apache.ratis.server.impl.RaftServerProxy.groupManagementAsync(RaftServerProxy.java:460)
dn1_1    | 	at org.apache.ratis.server.impl.RaftServerProxy.groupManagement(RaftServerProxy.java:440)
dn1_1    | 	at org.apache.hadoop.ozone.container.common.transport.server.ratis.XceiverServerRatis.removeGroup(XceiverServerRatis.java:775)
dn1_1    | 	... 4 more
dn1_1    | 2021-07-12 14:24:51,742 [Command processor thread] INFO commandhandler.FinalizeNewLayoutVersionCommandHandler: Processing FinalizeNewLayoutVersionCommandHandler command.
dn1_1    | 2021-07-12 14:24:51,742 [Command processor thread] INFO commandhandler.FinalizeNewLayoutVersionCommandHandler: Processing FinalizeNewLayoutVersionCommandHandler command.
dn1_1    | 2021-07-12 14:24:51,742 [Command processor thread] INFO commandhandler.FinalizeNewLayoutVersionCommandHandler: Processing FinalizeNewLayoutVersionCommandHandler command.
dn1_1    | 2021-07-12 14:24:51,840 [grpc-default-executor-3] INFO server.GrpcServerProtocolService: eeb30c06-cf1d-49de-9148-1067397a1870: Completed APPEND_ENTRIES, lastRequest: 3bd7086e-6c87-4150-ab5f-c381ee71cccf->eeb30c06-cf1d-49de-9148-1067397a1870#2-t3,previous=(t:3, i:5),leaderCommit=5,initializing? true,entries: size=1, first=(t:3, i:6), METADATAENTRY(c:5)
dn1_1    | 2021-07-12 14:25:22,726 [Command processor thread] INFO commandhandler.FinalizeNewLayoutVersionCommandHandler: Processing FinalizeNewLayoutVersionCommandHandler command.
dn1_1    | 2021-07-12 14:25:52,727 [Command processor thread] INFO server.RaftServer: eeb30c06-cf1d-49de-9148-1067397a1870: addNew group-290CF26500F0:[eeb30c06-cf1d-49de-9148-1067397a1870|rpc:10.9.0.15:9858|priority:1] returns group-290CF26500F0:java.util.concurrent.CompletableFuture@20b3cd42[Not completed]
dn1_1    | 2021-07-12 14:25:52,728 [pool-25-thread-1] INFO server.RaftServer$Division: eeb30c06-cf1d-49de-9148-1067397a1870: new RaftServerImpl for group-290CF26500F0:[eeb30c06-cf1d-49de-9148-1067397a1870|rpc:10.9.0.15:9858|priority:1] with ContainerStateMachine:uninitialized
dn1_1    | 2021-07-12 14:25:52,729 [pool-25-thread-1] INFO server.RaftServerConfigKeys: raft.server.rpc.timeout.min = 5s (custom)
dn1_1    | 2021-07-12 14:25:52,729 [pool-25-thread-1] INFO server.RaftServerConfigKeys: raft.server.rpc.timeout.max = 5200ms (custom)
dn1_1    | 2021-07-12 14:25:52,729 [pool-25-thread-1] INFO server.RaftServerConfigKeys: raft.server.rpc.sleep.time = 25ms (default)
dn1_1    | 2021-07-12 14:25:52,729 [pool-25-thread-1] INFO server.RaftServerConfigKeys: raft.server.rpc.slowness.timeout = 300s (custom)
dn1_1    | 2021-07-12 14:25:52,729 [pool-25-thread-1] INFO server.RaftServerConfigKeys: raft.server.leaderelection.leader.step-down.wait-time = 10s (default)
dn1_1    | 2021-07-12 14:25:52,729 [pool-25-thread-1] INFO server.RaftServerConfigKeys: raft.server.sleep.deviation.threshold = 300ms (default)
dn1_1    | 2021-07-12 14:25:52,729 [pool-25-thread-1] INFO server.RaftServerConfigKeys: raft.server.log.appender.install.snapshot.enabled = false (custom)
dn1_1    | 2021-07-12 14:25:52,729 [pool-25-thread-1] INFO server.RaftServer$Division: eeb30c06-cf1d-49de-9148-1067397a1870@group-290CF26500F0: ConfigurationManager, init=-1: [eeb30c06-cf1d-49de-9148-1067397a1870|rpc:10.9.0.15:9858|priority:1], old=null, confs=<EMPTY_MAP>
dn1_1    | 2021-07-12 14:25:52,729 [pool-25-thread-1] INFO server.RaftServerConfigKeys: raft.server.storage.dir = [/data/metadata/ratis] (custom)
dn1_1    | 2021-07-12 14:25:52,730 [pool-25-thread-1] INFO server.RaftServerConfigKeys: raft.server.log.corruption.policy = EXCEPTION (default)
dn1_1    | 2021-07-12 14:25:52,730 [pool-25-thread-1] INFO storage.RaftStorageDirectory: The storage directory /data/metadata/ratis/a0124860-b659-4280-a0a3-290cf26500f0 does not exist. Creating ...
dn1_1    | 2021-07-12 14:25:52,733 [pool-25-thread-1] INFO storage.RaftStorageDirectory: Lock on /data/metadata/ratis/a0124860-b659-4280-a0a3-290cf26500f0/in_use.lock acquired by nodename 9@ff29fe07d078
dn1_1    | 2021-07-12 14:25:52,735 [pool-25-thread-1] INFO storage.RaftStorage: Storage directory /data/metadata/ratis/a0124860-b659-4280-a0a3-290cf26500f0 has been successfully formatted.
dn1_1    | 2021-07-12 14:25:52,736 [pool-25-thread-1] INFO ratis.ContainerStateMachine: group-290CF26500F0: The snapshot info is null. Setting the last applied indexto:(t:0, i:~)
dn1_1    | 2021-07-12 14:25:52,736 [pool-25-thread-1] INFO server.RaftServerConfigKeys: raft.server.notification.no-leader.timeout = 300s (custom)
dn1_1    | 2021-07-12 14:25:52,738 [pool-25-thread-1] INFO server.RaftServerConfigKeys: raft.server.log.use.memory = false (default)
dn1_1    | 2021-07-12 14:25:52,738 [pool-25-thread-1] INFO server.RaftServerConfigKeys: raft.server.log.purge.gap = 1000000 (custom)
dn1_1    | 2021-07-12 14:25:52,738 [pool-25-thread-1] INFO server.RaftServerConfigKeys: raft.server.log.appender.buffer.byte-limit = 33554432 (custom)
dn1_1    | 2021-07-12 14:25:52,738 [pool-25-thread-1] INFO metrics.RatisMetrics: Creating Metrics Registry : ratis.log_worker.eeb30c06-cf1d-49de-9148-1067397a1870@group-290CF26500F0
dn1_1    | 2021-07-12 14:25:52,738 [pool-25-thread-1] INFO server.RaftServerConfigKeys: raft.server.log.segment.size.max = 1048576 (custom)
dn1_1    | 2021-07-12 14:25:52,738 [pool-25-thread-1] INFO server.RaftServerConfigKeys: raft.server.log.segment.cache.num.max = 2 (custom)
dn1_1    | 2021-07-12 14:25:52,738 [pool-25-thread-1] INFO server.RaftServerConfigKeys: raft.server.log.segment.cache.size.max = 200MB (=209715200) (default)
dn1_1    | 2021-07-12 14:25:52,738 [pool-25-thread-1] INFO segmented.SegmentedRaftLogWorker: new eeb30c06-cf1d-49de-9148-1067397a1870@group-290CF26500F0-SegmentedRaftLogWorker for RaftStorageImpl:Storage Directory /data/metadata/ratis/a0124860-b659-4280-a0a3-290cf26500f0
dn1_1    | 2021-07-12 14:25:52,738 [pool-25-thread-1] INFO server.RaftServerConfigKeys: raft.server.log.queue.byte-limit = 2147483647 (custom)
dn1_1    | 2021-07-12 14:25:52,738 [pool-25-thread-1] INFO server.RaftServerConfigKeys: raft.server.log.queue.element-limit = 1024 (custom)
dn1_1    | 2021-07-12 14:25:52,739 [pool-25-thread-1] INFO server.RaftServerConfigKeys: raft.server.log.segment.size.max = 1048576 (custom)
dn1_1    | 2021-07-12 14:25:52,739 [pool-25-thread-1] INFO server.RaftServerConfigKeys: raft.server.log.preallocated.size = 16384 (custom)
dn1_1    | 2021-07-12 14:25:52,739 [pool-25-thread-1] INFO server.RaftServerConfigKeys: raft.server.log.force.sync.num = 128 (default)
dn1_1    | 2021-07-12 14:25:52,739 [pool-25-thread-1] INFO server.RaftServerConfigKeys: raft.server.log.statemachine.data.sync = true (default)
dn1_1    | 2021-07-12 14:25:52,739 [pool-25-thread-1] INFO server.RaftServerConfigKeys: raft.server.log.statemachine.data.sync.timeout = 10s (default)
dn1_1    | 2021-07-12 14:25:52,739 [pool-25-thread-1] INFO server.RaftServerConfigKeys: raft.server.log.statemachine.data.sync.timeout.retry = -1 (default)
dn1_1    | 2021-07-12 14:25:52,741 [pool-25-thread-1] INFO server.RaftServerConfigKeys: raft.server.log.write.buffer.size = 1048576 (custom)
dn3_1    | 2021-07-12 14:23:09,079 [grpc-default-executor-2] INFO ratis.XceiverServerRatis: Leader change notification received for group: group-CE8EFB9AC68B with new leaderId: eeb30c06-cf1d-49de-9148-1067397a1870
om3_1    | 2021-07-12 14:23:24,207 [om3@group-D66704EFC61C-LeaderElection2] INFO server.RaftServerConfigKeys: raft.server.log.appender.snapshot.chunk.size.max = 16MB (=16777216) (default)
recon_1  | 2021-07-12 14:26:04,983 [pool-16-thread-1] INFO impl.OzoneManagerServiceProviderImpl: Obtaining delta updates from Ozone Manager
dn1_1    | 2021-07-12 14:25:52,741 [pool-25-thread-1] INFO server.RaftServerConfigKeys: raft.server.log.statemachine.data.caching.enabled = true (custom)
dn3_1    | 2021-07-12 14:23:09,079 [grpc-default-executor-2] INFO server.RaftServer$Division: 3bd7086e-6c87-4150-ab5f-c381ee71cccf@group-CE8EFB9AC68B: change Leader from null to eeb30c06-cf1d-49de-9148-1067397a1870 at term 1 for appendEntries, leader elected after 5335ms
s3g_1    | WARNING: HADOOP_CONF_DIR has been deprecated by OZONE_CONF_DIR.
om3_1    | 2021-07-12 14:23:24,207 [om3@group-D66704EFC61C-LeaderElection2] INFO server.RaftServerConfigKeys: raft.server.log.appender.buffer.byte-limit = 33554432 (custom)
dn2_1    | 2021-07-12 14:25:52,872 [pool-25-thread-1] INFO server.RaftServerConfigKeys: raft.server.log.preallocated.size = 16384 (custom)
recon_1  | 2021-07-12 14:26:04,988 [pool-16-thread-1] INFO impl.OzoneManagerServiceProviderImpl: Number of updates received from OM : 0
scm_1    | WARNING: HADOOP_CONF_DIR has been deprecated by OZONE_CONF_DIR.
dn1_1    | 2021-07-12 14:25:52,743 [pool-25-thread-1] INFO segmented.SegmentedRaftLogWorker: eeb30c06-cf1d-49de-9148-1067397a1870@group-290CF26500F0-SegmentedRaftLogWorker: flushIndex: setUnconditionally 0 -> -1
dn3_1    | 2021-07-12 14:23:09,147 [grpc-default-executor-2] INFO server.RaftServer$Division: 3bd7086e-6c87-4150-ab5f-c381ee71cccf@group-CE8EFB9AC68B: set configuration 0: [eeb30c06-cf1d-49de-9148-1067397a1870|rpc:10.9.0.15:9858|dataStream:|priority:1, 3bd7086e-6c87-4150-ab5f-c381ee71cccf|rpc:10.9.0.17:9858|dataStream:|priority:0, 93b5f373-d40a-4ba7-a684-a8997bb17009|rpc:10.9.0.16:9858|dataStream:|priority:0], old=null
s3g_1    | WARNING: HADOOP_LOG_DIR has been deprecated by OZONE_LOG_DIR.
om3_1    | 2021-07-12 14:23:24,208 [om3@group-D66704EFC61C-LeaderElection2] INFO server.RaftServerConfigKeys: raft.server.log.appender.buffer.element-limit = 1024 (custom)
dn2_1    | 2021-07-12 14:25:52,872 [pool-25-thread-1] INFO server.RaftServerConfigKeys: raft.server.log.force.sync.num = 128 (default)
recon_1  | 2021-07-12 14:27:04,993 [pool-16-thread-1] INFO impl.OzoneManagerServiceProviderImpl: Syncing data from Ozone Manager.
scm_1    | WARNING: HADOOP_LOG_DIR has been deprecated by OZONE_LOG_DIR.
dn1_1    | 2021-07-12 14:25:52,743 [pool-25-thread-1] INFO segmented.SegmentedRaftLogWorker: eeb30c06-cf1d-49de-9148-1067397a1870@group-290CF26500F0-SegmentedRaftLogWorker: safeCacheEvictIndex: setUnconditionally 0 -> -1
dn1_1    | 2021-07-12 14:25:52,743 [pool-25-thread-1] INFO server.RaftServerConfigKeys: raft.server.snapshot.auto.trigger.enabled = true (custom)
s3g_1    | No '-XX:...' jvm parameters are set. Adding safer GC settings '-XX:ParallelGCThreads=8 -XX:+UseConcMarkSweepGC -XX:CMSInitiatingOccupancyFraction=70 -XX:+CMSParallelRemarkEnabled' to the OZONE_OPTS
om3_1    | 2021-07-12 14:23:24,210 [om3@group-D66704EFC61C-LeaderElection2] INFO grpc.GrpcConfigKeys: raft.grpc.server.leader.outstanding.appends.max = 128 (default)
dn2_1    | 2021-07-12 14:25:52,872 [pool-25-thread-1] INFO server.RaftServerConfigKeys: raft.server.log.statemachine.data.sync = true (default)
recon_1  | 2021-07-12 14:27:04,993 [pool-16-thread-1] INFO impl.OzoneManagerServiceProviderImpl: Obtaining delta updates from Ozone Manager
scm_1    | No '-XX:...' jvm parameters are set. Adding safer GC settings '-XX:ParallelGCThreads=8 -XX:+UseConcMarkSweepGC -XX:CMSInitiatingOccupancyFraction=70 -XX:+CMSParallelRemarkEnabled' to the OZONE_OPTS
dn3_1    | 2021-07-12 14:23:09,147 [grpc-default-executor-2] INFO segmented.SegmentedRaftLogWorker: 3bd7086e-6c87-4150-ab5f-c381ee71cccf@group-CE8EFB9AC68B-SegmentedRaftLogWorker: Starting segment from index:0
dn1_1    | 2021-07-12 14:25:52,743 [pool-25-thread-1] INFO server.RaftServerConfigKeys: raft.server.snapshot.auto.trigger.threshold = 10000 (custom)
s3g_1    | OpenJDK 64-Bit Server VM warning: Option UseConcMarkSweepGC was deprecated in version 9.0 and will likely be removed in a future release.
om3_1    | 2021-07-12 14:23:24,211 [om3@group-D66704EFC61C-LeaderElection2] INFO server.RaftServerConfigKeys: raft.server.rpc.request.timeout = 3000ms (default)
dn2_1    | 2021-07-12 14:25:52,872 [pool-25-thread-1] INFO server.RaftServerConfigKeys: raft.server.log.statemachine.data.sync.timeout = 10s (default)
recon_1  | 2021-07-12 14:27:05,017 [pool-16-thread-1] INFO impl.OzoneManagerServiceProviderImpl: Number of updates received from OM : 1
scm_1    | OpenJDK 64-Bit Server VM warning: Option UseConcMarkSweepGC was deprecated in version 9.0 and will likely be removed in a future release.
dn3_1    | 2021-07-12 14:23:09,163 [3bd7086e-6c87-4150-ab5f-c381ee71cccf@group-CE8EFB9AC68B-SegmentedRaftLogWorker] INFO segmented.SegmentedRaftLogWorker: 3bd7086e-6c87-4150-ab5f-c381ee71cccf@group-CE8EFB9AC68B-SegmentedRaftLogWorker: created new log segment /data/metadata/ratis/105d4fc1-99ed-4d57-883e-ce8efb9ac68b/current/log_inprogress_0
dn1_1    | 2021-07-12 14:25:52,743 [pool-25-thread-1] INFO server.RaftServerConfigKeys: raft.server.snapshot.retention.file.num = 5 (custom)
s3g_1    | 2021-07-12 14:22:18,996 [main] INFO http.BaseHttpServer: Starting Web-server for s3gateway at: http://0.0.0.0:9878
om3_1    | 2021-07-12 14:23:24,211 [om3@group-D66704EFC61C-LeaderElection2] INFO server.RaftServerConfigKeys: raft.server.log.appender.install.snapshot.enabled = false (custom)
dn2_1    | 2021-07-12 14:25:52,873 [pool-25-thread-1] INFO server.RaftServerConfigKeys: raft.server.log.statemachine.data.sync.timeout.retry = -1 (default)
recon_1  | 2021-07-12 14:27:05,338 [pool-17-thread-1] INFO tasks.TableCountTask: Completed a 'process' run of TableCountTask.
scm_1    | 2021-07-12 14:22:23,720 [main] INFO server.StorageContainerManagerStarter: STARTUP_MSG: 
scm_1    | /************************************************************
dn1_1    | 2021-07-12 14:25:52,743 [pool-25-thread-1] INFO server.RaftServerConfigKeys: raft.server.log.purge.upto.snapshot.index = false (default)
s3g_1    | 2021-07-12 14:22:18,997 [main] INFO http.BaseHttpServer: Hadoop Security Enabled: false Ozone Security Enabled: false Ozone HTTP Security Enabled: false 
om3_1    | 2021-07-12 14:23:24,212 [om3@group-D66704EFC61C-LeaderElection2] INFO metrics.RatisMetrics: Creating Metrics Registry : ratis_grpc.log_appender.om3@group-D66704EFC61C
dn2_1    | 2021-07-12 14:25:52,876 [pool-25-thread-1] INFO server.RaftServerConfigKeys: raft.server.log.write.buffer.size = 1048576 (custom)
recon_1  | 2021-07-12 14:27:05,338 [pool-17-thread-1] INFO tasks.ContainerKeyMapperTask: ContainerKeyMapperTask successfully processed 0 OM DB update event(s).
dn3_1    | 2021-07-12 14:23:13,651 [3bd7086e-6c87-4150-ab5f-c381ee71cccf@group-30C2A969DFE2-FollowerState] INFO impl.FollowerState: 3bd7086e-6c87-4150-ab5f-c381ee71cccf@group-30C2A969DFE2-FollowerState: change to CANDIDATE, lastRpcElapsedTime:5127128810ns, electionTimeout:5095ms
scm_1    | STARTUP_MSG: Starting StorageContainerManager
dn1_1    | 2021-07-12 14:25:52,744 [pool-25-thread-1] INFO server.RaftServerConfigKeys: raft.server.retrycache.expirytime = 600000ms (custom)
s3g_1    | 2021-07-12 14:22:19,212 [main] INFO util.log: Logging initialized @8530ms to org.eclipse.jetty.util.log.Slf4jLog
om3_1    | 2021-07-12 14:23:24,220 [om3@group-D66704EFC61C-LeaderElection2] INFO server.RaftServerConfigKeys: raft.server.log.appender.snapshot.chunk.size.max = 16MB (=16777216) (default)
dn2_1    | 2021-07-12 14:25:52,879 [pool-25-thread-1] INFO server.RaftServerConfigKeys: raft.server.log.statemachine.data.caching.enabled = true (custom)
recon_1  | 2021-07-12 14:27:05,338 [pool-17-thread-1] INFO tasks.FileSizeCountTask: Completed a 'process' run of FileSizeCountTask.
dn3_1    | 2021-07-12 14:23:13,652 [3bd7086e-6c87-4150-ab5f-c381ee71cccf@group-30C2A969DFE2-FollowerState] INFO impl.RoleInfo: 3bd7086e-6c87-4150-ab5f-c381ee71cccf: shutdown 3bd7086e-6c87-4150-ab5f-c381ee71cccf@group-30C2A969DFE2-FollowerState
scm_1    | STARTUP_MSG:   host = ea3f5d72c2fe/10.9.0.14
