dn1_1    | 2021-07-12 14:16:14,266 [grpc-default-executor-2] INFO impl.RoleInfo: a57aaf46-7f5e-482b-b977-d652620d8996: shutdown a57aaf46-7f5e-482b-b977-d652620d8996@group-E4C65F435D2B-FollowerState
dn2_1    | 2021-07-12 14:16:08,942 [grpc-default-executor-1] INFO metrics.RatisMetrics: Creating Metrics Registry : ratis.server_message_metrics.45f7f4b5-f950-4102-bb0c-0f7afce97c78
dn3_1    | 2021-07-12 14:16:00,122 [EndpointStateMachine task thread for scm/10.9.0.17:9861 - 0 ] INFO ipc.Client: Retrying connect to server: scm/10.9.0.17:9861. Already tried 1 time(s); retry policy is RetryUpToMaximumCountWithFixedSleep(maxRetries=15, sleepTime=1000 MILLISECONDS)
dn1_1    | 2021-07-12 14:16:14,267 [grpc-default-executor-2] INFO impl.RoleInfo: a57aaf46-7f5e-482b-b977-d652620d8996: start a57aaf46-7f5e-482b-b977-d652620d8996@group-E4C65F435D2B-FollowerState
dn2_1    | 2021-07-12 14:16:08,995 [grpc-default-executor-1] INFO server.RaftServer$Division: 45f7f4b5-f950-4102-bb0c-0f7afce97c78@group-BEFDEDF5B76C: receive requestVote(ELECTION, a57aaf46-7f5e-482b-b977-d652620d8996, group-BEFDEDF5B76C, 3, (t:2, i:3))
dn2_1    | 2021-07-12 14:16:08,997 [grpc-default-executor-1] INFO impl.VoteContext: 45f7f4b5-f950-4102-bb0c-0f7afce97c78@group-BEFDEDF5B76C-CANDIDATE: reject ELECTION from a57aaf46-7f5e-482b-b977-d652620d8996: already has voted for 45f7f4b5-f950-4102-bb0c-0f7afce97c78 at current term 3
dn3_1    | 2021-07-12 14:16:01,972 [EndpointStateMachine task thread for scm/10.9.0.17:9861 - 0 ] INFO ozoneimpl.OzoneContainer: Attempting to start container services.
dn1_1    | 2021-07-12 14:16:14,267 [a57aaf46-7f5e-482b-b977-d652620d8996@group-E4C65F435D2B-FollowerState] INFO impl.FollowerState: a57aaf46-7f5e-482b-b977-d652620d8996@group-E4C65F435D2B-FollowerState was interrupted: {}
dn2_1    | 2021-07-12 14:16:09,008 [grpc-default-executor-0] INFO server.RaftServer$Division: 45f7f4b5-f950-4102-bb0c-0f7afce97c78@group-E4C65F435D2B: receive requestVote(ELECTION, f21515c6-c372-46c5-bb38-7ebb695d3ab2, group-E4C65F435D2B, 3, (t:2, i:0))
dn3_1    | 2021-07-12 14:16:01,974 [EndpointStateMachine task thread for scm/10.9.0.17:9861 - 0 ] INFO ozoneimpl.OzoneContainer: Background container scanner has been disabled.
dn1_1    | java.lang.InterruptedException: sleep interrupted
dn2_1    | 2021-07-12 14:16:09,011 [grpc-default-executor-0] INFO impl.VoteContext: 45f7f4b5-f950-4102-bb0c-0f7afce97c78@group-E4C65F435D2B-CANDIDATE: reject ELECTION from f21515c6-c372-46c5-bb38-7ebb695d3ab2: already has voted for 45f7f4b5-f950-4102-bb0c-0f7afce97c78 at current term 3
dn3_1    | 2021-07-12 14:16:02,144 [EndpointStateMachine task thread for scm/10.9.0.17:9861 - 0 ] INFO ratis.XceiverServerRatis: Starting XceiverServerRatis f21515c6-c372-46c5-bb38-7ebb695d3ab2
dn1_1    | 	at java.base/java.lang.Thread.sleep(Native Method)
dn2_1    | 2021-07-12 14:16:09,033 [grpc-default-executor-0] INFO server.RaftServer$Division: 45f7f4b5-f950-4102-bb0c-0f7afce97c78@group-E4C65F435D2B replies to ELECTION vote request: f21515c6-c372-46c5-bb38-7ebb695d3ab2<-45f7f4b5-f950-4102-bb0c-0f7afce97c78#0:FAIL-t3. Peer's state: 45f7f4b5-f950-4102-bb0c-0f7afce97c78@group-E4C65F435D2B:t3, leader=null, voted=45f7f4b5-f950-4102-bb0c-0f7afce97c78, raftlog=45f7f4b5-f950-4102-bb0c-0f7afce97c78@group-E4C65F435D2B-SegmentedRaftLog:OPENED:c-1,f0,i0, conf=0: [45f7f4b5-f950-4102-bb0c-0f7afce97c78|rpc:10.9.0.12:9856|admin:10.9.0.12:9857|client:10.9.0.12:9858|dataStream:|priority:1, f21515c6-c372-46c5-bb38-7ebb695d3ab2|rpc:10.9.0.13:9856|admin:10.9.0.13:9857|client:10.9.0.13:9858|dataStream:|priority:0, a57aaf46-7f5e-482b-b977-d652620d8996|rpc:10.9.0.11:9856|admin:10.9.0.11:9857|client:10.9.0.11:9858|dataStream:|priority:0], old=null
dn3_1    | 2021-07-12 14:16:02,214 [EndpointStateMachine task thread for scm/10.9.0.17:9861 - 0 ] INFO server.RaftServer$Division: f21515c6-c372-46c5-bb38-7ebb695d3ab2@group-BEFDEDF5B76C: start as a follower, conf=0: [45f7f4b5-f950-4102-bb0c-0f7afce97c78|rpc:10.9.0.12:9856|admin:10.9.0.12:9857|client:10.9.0.12:9858|dataStream:|priority:0, f21515c6-c372-46c5-bb38-7ebb695d3ab2|rpc:10.9.0.13:9856|admin:10.9.0.13:9857|client:10.9.0.13:9858|dataStream:|priority:0, a57aaf46-7f5e-482b-b977-d652620d8996|rpc:10.9.0.11:9856|admin:10.9.0.11:9857|client:10.9.0.11:9858|dataStream:|priority:1], old=null
dn1_1    | 	at java.base/java.lang.Thread.sleep(Thread.java:339)
dn2_1    | 2021-07-12 14:16:09,052 [grpc-default-executor-2] INFO server.RaftServer$Division: 45f7f4b5-f950-4102-bb0c-0f7afce97c78@group-BEFDEDF5B76C: receive requestVote(ELECTION, f21515c6-c372-46c5-bb38-7ebb695d3ab2, group-BEFDEDF5B76C, 3, (t:2, i:3))
dn3_1    | 2021-07-12 14:16:02,220 [EndpointStateMachine task thread for scm/10.9.0.17:9861 - 0 ] INFO server.RaftServer$Division: f21515c6-c372-46c5-bb38-7ebb695d3ab2@group-BEFDEDF5B76C: changes role from      null to FOLLOWER at term 2 for startAsFollower
dn1_1    | 	at java.base/java.util.concurrent.TimeUnit.sleep(TimeUnit.java:446)
dn3_1    | 2021-07-12 14:16:02,236 [EndpointStateMachine task thread for scm/10.9.0.17:9861 - 0 ] INFO impl.RoleInfo: f21515c6-c372-46c5-bb38-7ebb695d3ab2: start f21515c6-c372-46c5-bb38-7ebb695d3ab2@group-BEFDEDF5B76C-FollowerState
dn2_1    | 2021-07-12 14:16:09,057 [grpc-default-executor-1] INFO server.RaftServer$Division: 45f7f4b5-f950-4102-bb0c-0f7afce97c78@group-BEFDEDF5B76C replies to ELECTION vote request: a57aaf46-7f5e-482b-b977-d652620d8996<-45f7f4b5-f950-4102-bb0c-0f7afce97c78#0:FAIL-t3. Peer's state: 45f7f4b5-f950-4102-bb0c-0f7afce97c78@group-BEFDEDF5B76C:t3, leader=null, voted=45f7f4b5-f950-4102-bb0c-0f7afce97c78, raftlog=45f7f4b5-f950-4102-bb0c-0f7afce97c78@group-BEFDEDF5B76C-SegmentedRaftLog:OPENED:c1,f3,i3, conf=0: [45f7f4b5-f950-4102-bb0c-0f7afce97c78|rpc:10.9.0.12:9856|admin:10.9.0.12:9857|client:10.9.0.12:9858|dataStream:|priority:0, f21515c6-c372-46c5-bb38-7ebb695d3ab2|rpc:10.9.0.13:9856|admin:10.9.0.13:9857|client:10.9.0.13:9858|dataStream:|priority:0, a57aaf46-7f5e-482b-b977-d652620d8996|rpc:10.9.0.11:9856|admin:10.9.0.11:9857|client:10.9.0.11:9858|dataStream:|priority:1], old=null
dn1_1    | 	at org.apache.ratis.util.TimeDuration.sleep(TimeDuration.java:324)
dn3_1    | 2021-07-12 14:16:02,215 [ForkJoinPool.commonPool-worker-3] INFO server.RaftServer$Division: f21515c6-c372-46c5-bb38-7ebb695d3ab2@group-49AC87C112AF: start as a follower, conf=0: [f21515c6-c372-46c5-bb38-7ebb695d3ab2|rpc:10.9.0.13:9856|admin:10.9.0.13:9857|client:10.9.0.13:9858|dataStream:|priority:1], old=null
dn2_1    | 2021-07-12 14:16:09,069 [grpc-default-executor-2] INFO impl.VoteContext: 45f7f4b5-f950-4102-bb0c-0f7afce97c78@group-BEFDEDF5B76C-CANDIDATE: reject ELECTION from f21515c6-c372-46c5-bb38-7ebb695d3ab2: already has voted for 45f7f4b5-f950-4102-bb0c-0f7afce97c78 at current term 3
dn1_1    | 	at org.apache.ratis.util.TimeDuration.sleep(TimeDuration.java:309)
dn3_1    | 2021-07-12 14:16:02,285 [ForkJoinPool.commonPool-worker-3] INFO server.RaftServer$Division: f21515c6-c372-46c5-bb38-7ebb695d3ab2@group-49AC87C112AF: changes role from      null to FOLLOWER at term 1 for startAsFollower
dn2_1    | 2021-07-12 14:16:09,069 [grpc-default-executor-2] INFO server.RaftServer$Division: 45f7f4b5-f950-4102-bb0c-0f7afce97c78@group-BEFDEDF5B76C replies to ELECTION vote request: f21515c6-c372-46c5-bb38-7ebb695d3ab2<-45f7f4b5-f950-4102-bb0c-0f7afce97c78#0:FAIL-t3. Peer's state: 45f7f4b5-f950-4102-bb0c-0f7afce97c78@group-BEFDEDF5B76C:t3, leader=null, voted=45f7f4b5-f950-4102-bb0c-0f7afce97c78, raftlog=45f7f4b5-f950-4102-bb0c-0f7afce97c78@group-BEFDEDF5B76C-SegmentedRaftLog:OPENED:c1,f3,i3, conf=0: [45f7f4b5-f950-4102-bb0c-0f7afce97c78|rpc:10.9.0.12:9856|admin:10.9.0.12:9857|client:10.9.0.12:9858|dataStream:|priority:0, f21515c6-c372-46c5-bb38-7ebb695d3ab2|rpc:10.9.0.13:9856|admin:10.9.0.13:9857|client:10.9.0.13:9858|dataStream:|priority:0, a57aaf46-7f5e-482b-b977-d652620d8996|rpc:10.9.0.11:9856|admin:10.9.0.11:9857|client:10.9.0.11:9858|dataStream:|priority:1], old=null
dn1_1    | 	at org.apache.ratis.server.impl.FollowerState.run(FollowerState.java:118)
dn3_1    | 2021-07-12 14:16:02,297 [ForkJoinPool.commonPool-worker-3] INFO impl.RoleInfo: f21515c6-c372-46c5-bb38-7ebb695d3ab2: start f21515c6-c372-46c5-bb38-7ebb695d3ab2@group-49AC87C112AF-FollowerState
dn2_1    | 2021-07-12 14:16:09,078 [grpc-default-executor-3] INFO server.RaftServer$Division: 45f7f4b5-f950-4102-bb0c-0f7afce97c78@group-E4C65F435D2B: receive requestVote(ELECTION, a57aaf46-7f5e-482b-b977-d652620d8996, group-E4C65F435D2B, 3, (t:2, i:0))
dn1_1    | 2021-07-12 14:16:14,348 [a57aaf46-7f5e-482b-b977-d652620d8996@group-BEFDEDF5B76C-FollowerState] INFO impl.FollowerState: a57aaf46-7f5e-482b-b977-d652620d8996@group-BEFDEDF5B76C-FollowerState: change to CANDIDATE, lastRpcElapsedTime:5205916037ns, electionTimeout:5147ms
dn3_1    | 2021-07-12 14:16:02,311 [EndpointStateMachine task thread for scm/10.9.0.17:9861 - 0 ] INFO util.JmxRegister: Successfully registered JMX Bean with object name Ratis:service=RaftServer,group=group-BEFDEDF5B76C,id=f21515c6-c372-46c5-bb38-7ebb695d3ab2
dn2_1    | 2021-07-12 14:16:09,097 [grpc-default-executor-3] INFO impl.VoteContext: 45f7f4b5-f950-4102-bb0c-0f7afce97c78@group-E4C65F435D2B-CANDIDATE: reject ELECTION from a57aaf46-7f5e-482b-b977-d652620d8996: already has voted for 45f7f4b5-f950-4102-bb0c-0f7afce97c78 at current term 3
dn1_1    | 2021-07-12 14:16:14,356 [a57aaf46-7f5e-482b-b977-d652620d8996@group-BEFDEDF5B76C-FollowerState] INFO impl.RoleInfo: a57aaf46-7f5e-482b-b977-d652620d8996: shutdown a57aaf46-7f5e-482b-b977-d652620d8996@group-BEFDEDF5B76C-FollowerState
dn3_1    | 2021-07-12 14:16:02,312 [ForkJoinPool.commonPool-worker-3] INFO util.JmxRegister: Successfully registered JMX Bean with object name Ratis:service=RaftServer,group=group-49AC87C112AF,id=f21515c6-c372-46c5-bb38-7ebb695d3ab2
dn2_1    | 2021-07-12 14:16:09,098 [grpc-default-executor-3] INFO server.RaftServer$Division: 45f7f4b5-f950-4102-bb0c-0f7afce97c78@group-E4C65F435D2B replies to ELECTION vote request: a57aaf46-7f5e-482b-b977-d652620d8996<-45f7f4b5-f950-4102-bb0c-0f7afce97c78#0:FAIL-t3. Peer's state: 45f7f4b5-f950-4102-bb0c-0f7afce97c78@group-E4C65F435D2B:t3, leader=null, voted=45f7f4b5-f950-4102-bb0c-0f7afce97c78, raftlog=45f7f4b5-f950-4102-bb0c-0f7afce97c78@group-E4C65F435D2B-SegmentedRaftLog:OPENED:c-1,f0,i0, conf=0: [45f7f4b5-f950-4102-bb0c-0f7afce97c78|rpc:10.9.0.12:9856|admin:10.9.0.12:9857|client:10.9.0.12:9858|dataStream:|priority:1, f21515c6-c372-46c5-bb38-7ebb695d3ab2|rpc:10.9.0.13:9856|admin:10.9.0.13:9857|client:10.9.0.13:9858|dataStream:|priority:0, a57aaf46-7f5e-482b-b977-d652620d8996|rpc:10.9.0.11:9856|admin:10.9.0.11:9857|client:10.9.0.11:9858|dataStream:|priority:0], old=null
dn1_1    | 2021-07-12 14:16:14,357 [a57aaf46-7f5e-482b-b977-d652620d8996@group-BEFDEDF5B76C-FollowerState] INFO server.RaftServer$Division: a57aaf46-7f5e-482b-b977-d652620d8996@group-BEFDEDF5B76C: changes role from  FOLLOWER to CANDIDATE at term 3 for changeToCandidate
dn3_1    | 2021-07-12 14:16:02,333 [ForkJoinPool.commonPool-worker-3] INFO metrics.RatisMetrics: Creating Metrics Registry : ratis.state_machine.f21515c6-c372-46c5-bb38-7ebb695d3ab2@group-49AC87C112AF
dn2_1    | 2021-07-12 14:16:09,100 [45f7f4b5-f950-4102-bb0c-0f7afce97c78@group-BEFDEDF5B76C-LeaderElection1] INFO impl.LeaderElection: 45f7f4b5-f950-4102-bb0c-0f7afce97c78@group-BEFDEDF5B76C-LeaderElection1: ELECTION REJECTED received 1 response(s) and 0 exception(s):
dn1_1    | 2021-07-12 14:16:14,358 [a57aaf46-7f5e-482b-b977-d652620d8996@group-BEFDEDF5B76C-FollowerState] INFO server.RaftServerConfigKeys: raft.server.leaderelection.pre-vote = false (custom)
dn3_1    | 2021-07-12 14:16:02,314 [EndpointStateMachine task thread for scm/10.9.0.17:9861 - 0 ] INFO metrics.RatisMetrics: Creating Metrics Registry : ratis.state_machine.f21515c6-c372-46c5-bb38-7ebb695d3ab2@group-BEFDEDF5B76C
dn2_1    | 2021-07-12 14:16:09,102 [45f7f4b5-f950-4102-bb0c-0f7afce97c78@group-BEFDEDF5B76C-LeaderElection1] INFO impl.LeaderElection:   Response 0: 45f7f4b5-f950-4102-bb0c-0f7afce97c78<-a57aaf46-7f5e-482b-b977-d652620d8996#0:FAIL-t3
dn1_1    | 2021-07-12 14:16:14,359 [a57aaf46-7f5e-482b-b977-d652620d8996@group-BEFDEDF5B76C-FollowerState] INFO impl.RoleInfo: a57aaf46-7f5e-482b-b977-d652620d8996: start a57aaf46-7f5e-482b-b977-d652620d8996@group-BEFDEDF5B76C-LeaderElection4
dn3_1    | 2021-07-12 14:16:02,351 [ForkJoinPool.commonPool-worker-3] INFO server.RaftServer$Division: f21515c6-c372-46c5-bb38-7ebb695d3ab2@group-E4C65F435D2B: start as a follower, conf=0: [45f7f4b5-f950-4102-bb0c-0f7afce97c78|rpc:10.9.0.12:9856|admin:10.9.0.12:9857|client:10.9.0.12:9858|dataStream:|priority:1, f21515c6-c372-46c5-bb38-7ebb695d3ab2|rpc:10.9.0.13:9856|admin:10.9.0.13:9857|client:10.9.0.13:9858|dataStream:|priority:0, a57aaf46-7f5e-482b-b977-d652620d8996|rpc:10.9.0.11:9856|admin:10.9.0.11:9857|client:10.9.0.11:9858|dataStream:|priority:0], old=null
dn2_1    | 2021-07-12 14:16:09,103 [45f7f4b5-f950-4102-bb0c-0f7afce97c78@group-BEFDEDF5B76C-LeaderElection1] INFO impl.LeaderElection: 45f7f4b5-f950-4102-bb0c-0f7afce97c78@group-BEFDEDF5B76C-LeaderElection1 ELECTION round 0: result REJECTED
dn1_1    | 2021-07-12 14:16:14,359 [grpc-default-executor-0] INFO server.RaftServer$Division: a57aaf46-7f5e-482b-b977-d652620d8996@group-E4C65F435D2B: receive requestVote(ELECTION, f21515c6-c372-46c5-bb38-7ebb695d3ab2, group-E4C65F435D2B, 4, (t:2, i:0))
dn3_1    | 2021-07-12 14:16:02,353 [ForkJoinPool.commonPool-worker-3] INFO server.RaftServer$Division: f21515c6-c372-46c5-bb38-7ebb695d3ab2@group-E4C65F435D2B: changes role from      null to FOLLOWER at term 2 for startAsFollower
dn2_1    | 2021-07-12 14:16:09,104 [45f7f4b5-f950-4102-bb0c-0f7afce97c78@group-BEFDEDF5B76C-LeaderElection1] INFO server.RaftServer$Division: 45f7f4b5-f950-4102-bb0c-0f7afce97c78@group-BEFDEDF5B76C: changes role from CANDIDATE to FOLLOWER at term 3 for REJECTED
dn1_1    | 2021-07-12 14:16:14,360 [grpc-default-executor-3] INFO server.RaftServer$Division: a57aaf46-7f5e-482b-b977-d652620d8996@group-BEFDEDF5B76C: receive requestVote(ELECTION, f21515c6-c372-46c5-bb38-7ebb695d3ab2, group-BEFDEDF5B76C, 4, (t:2, i:3))
dn3_1    | 2021-07-12 14:16:02,360 [ForkJoinPool.commonPool-worker-3] INFO impl.RoleInfo: f21515c6-c372-46c5-bb38-7ebb695d3ab2: start f21515c6-c372-46c5-bb38-7ebb695d3ab2@group-E4C65F435D2B-FollowerState
dn2_1    | 2021-07-12 14:16:09,104 [45f7f4b5-f950-4102-bb0c-0f7afce97c78@group-BEFDEDF5B76C-LeaderElection1] INFO impl.RoleInfo: 45f7f4b5-f950-4102-bb0c-0f7afce97c78: shutdown 45f7f4b5-f950-4102-bb0c-0f7afce97c78@group-BEFDEDF5B76C-LeaderElection1
dn1_1    | 2021-07-12 14:16:14,371 [grpc-default-executor-2] INFO server.RaftServer$Division: a57aaf46-7f5e-482b-b977-d652620d8996@group-E4C65F435D2B replies to ELECTION vote request: 45f7f4b5-f950-4102-bb0c-0f7afce97c78<-a57aaf46-7f5e-482b-b977-d652620d8996#0:OK-t4. Peer's state: a57aaf46-7f5e-482b-b977-d652620d8996@group-E4C65F435D2B:t4, leader=null, voted=45f7f4b5-f950-4102-bb0c-0f7afce97c78, raftlog=a57aaf46-7f5e-482b-b977-d652620d8996@group-E4C65F435D2B-SegmentedRaftLog:OPENED:c-1,f0,i0, conf=0: [45f7f4b5-f950-4102-bb0c-0f7afce97c78|rpc:10.9.0.12:9856|admin:10.9.0.12:9857|client:10.9.0.12:9858|dataStream:|priority:1, f21515c6-c372-46c5-bb38-7ebb695d3ab2|rpc:10.9.0.13:9856|admin:10.9.0.13:9857|client:10.9.0.13:9858|dataStream:|priority:0, a57aaf46-7f5e-482b-b977-d652620d8996|rpc:10.9.0.11:9856|admin:10.9.0.11:9857|client:10.9.0.11:9858|dataStream:|priority:0], old=null
dn3_1    | 2021-07-12 14:16:02,376 [ForkJoinPool.commonPool-worker-3] INFO util.JmxRegister: Successfully registered JMX Bean with object name Ratis:service=RaftServer,group=group-E4C65F435D2B,id=f21515c6-c372-46c5-bb38-7ebb695d3ab2
dn2_1    | 2021-07-12 14:16:09,104 [45f7f4b5-f950-4102-bb0c-0f7afce97c78@group-BEFDEDF5B76C-LeaderElection1] INFO impl.RoleInfo: 45f7f4b5-f950-4102-bb0c-0f7afce97c78: start 45f7f4b5-f950-4102-bb0c-0f7afce97c78@group-BEFDEDF5B76C-FollowerState
dn1_1    | 2021-07-12 14:16:14,371 [grpc-default-executor-0] INFO impl.VoteContext: a57aaf46-7f5e-482b-b977-d652620d8996@group-E4C65F435D2B-FOLLOWER: reject ELECTION from f21515c6-c372-46c5-bb38-7ebb695d3ab2: already has voted for 45f7f4b5-f950-4102-bb0c-0f7afce97c78 at current term 4
dn3_1    | 2021-07-12 14:16:02,376 [ForkJoinPool.commonPool-worker-3] INFO metrics.RatisMetrics: Creating Metrics Registry : ratis.state_machine.f21515c6-c372-46c5-bb38-7ebb695d3ab2@group-E4C65F435D2B
dn2_1    | 2021-07-12 14:16:09,108 [45f7f4b5-f950-4102-bb0c-0f7afce97c78@group-E4C65F435D2B-LeaderElection3] INFO impl.LeaderElection: 45f7f4b5-f950-4102-bb0c-0f7afce97c78@group-E4C65F435D2B-LeaderElection3: ELECTION REJECTED received 2 response(s) and 0 exception(s):
dn1_1    | 2021-07-12 14:16:14,372 [grpc-default-executor-0] INFO server.RaftServer$Division: a57aaf46-7f5e-482b-b977-d652620d8996@group-E4C65F435D2B replies to ELECTION vote request: f21515c6-c372-46c5-bb38-7ebb695d3ab2<-a57aaf46-7f5e-482b-b977-d652620d8996#0:FAIL-t4. Peer's state: a57aaf46-7f5e-482b-b977-d652620d8996@group-E4C65F435D2B:t4, leader=null, voted=45f7f4b5-f950-4102-bb0c-0f7afce97c78, raftlog=a57aaf46-7f5e-482b-b977-d652620d8996@group-E4C65F435D2B-SegmentedRaftLog:OPENED:c-1,f0,i0, conf=0: [45f7f4b5-f950-4102-bb0c-0f7afce97c78|rpc:10.9.0.12:9856|admin:10.9.0.12:9857|client:10.9.0.12:9858|dataStream:|priority:1, f21515c6-c372-46c5-bb38-7ebb695d3ab2|rpc:10.9.0.13:9856|admin:10.9.0.13:9857|client:10.9.0.13:9858|dataStream:|priority:0, a57aaf46-7f5e-482b-b977-d652620d8996|rpc:10.9.0.11:9856|admin:10.9.0.11:9857|client:10.9.0.11:9858|dataStream:|priority:0], old=null
dn2_1    | 2021-07-12 14:16:09,128 [45f7f4b5-f950-4102-bb0c-0f7afce97c78@group-E4C65F435D2B-LeaderElection3] INFO impl.LeaderElection:   Response 0: 45f7f4b5-f950-4102-bb0c-0f7afce97c78<-f21515c6-c372-46c5-bb38-7ebb695d3ab2#0:FAIL-t3
dn2_1    | 2021-07-12 14:16:09,128 [45f7f4b5-f950-4102-bb0c-0f7afce97c78@group-E4C65F435D2B-LeaderElection3] INFO impl.LeaderElection:   Response 1: 45f7f4b5-f950-4102-bb0c-0f7afce97c78<-a57aaf46-7f5e-482b-b977-d652620d8996#0:FAIL-t3
dn2_1    | 2021-07-12 14:16:09,128 [45f7f4b5-f950-4102-bb0c-0f7afce97c78@group-E4C65F435D2B-LeaderElection3] INFO impl.LeaderElection: 45f7f4b5-f950-4102-bb0c-0f7afce97c78@group-E4C65F435D2B-LeaderElection3 ELECTION round 0: result REJECTED
dn2_1    | 2021-07-12 14:16:09,128 [45f7f4b5-f950-4102-bb0c-0f7afce97c78@group-E4C65F435D2B-LeaderElection3] INFO server.RaftServer$Division: 45f7f4b5-f950-4102-bb0c-0f7afce97c78@group-E4C65F435D2B: changes role from CANDIDATE to FOLLOWER at term 3 for REJECTED
dn2_1    | 2021-07-12 14:16:09,128 [45f7f4b5-f950-4102-bb0c-0f7afce97c78@group-E4C65F435D2B-LeaderElection3] INFO impl.RoleInfo: 45f7f4b5-f950-4102-bb0c-0f7afce97c78: shutdown 45f7f4b5-f950-4102-bb0c-0f7afce97c78@group-E4C65F435D2B-LeaderElection3
dn2_1    | 2021-07-12 14:16:09,129 [45f7f4b5-f950-4102-bb0c-0f7afce97c78@group-E4C65F435D2B-LeaderElection3] INFO impl.RoleInfo: 45f7f4b5-f950-4102-bb0c-0f7afce97c78: start 45f7f4b5-f950-4102-bb0c-0f7afce97c78@group-E4C65F435D2B-FollowerState
dn2_1    | 2021-07-12 14:16:14,245 [45f7f4b5-f950-4102-bb0c-0f7afce97c78@group-E4C65F435D2B-FollowerState] INFO impl.FollowerState: 45f7f4b5-f950-4102-bb0c-0f7afce97c78@group-E4C65F435D2B-FollowerState: change to CANDIDATE, lastRpcElapsedTime:5116843676ns, electionTimeout:5096ms
dn2_1    | 2021-07-12 14:16:14,246 [45f7f4b5-f950-4102-bb0c-0f7afce97c78@group-E4C65F435D2B-FollowerState] INFO impl.RoleInfo: 45f7f4b5-f950-4102-bb0c-0f7afce97c78: shutdown 45f7f4b5-f950-4102-bb0c-0f7afce97c78@group-E4C65F435D2B-FollowerState
dn2_1    | 2021-07-12 14:16:14,246 [45f7f4b5-f950-4102-bb0c-0f7afce97c78@group-E4C65F435D2B-FollowerState] INFO server.RaftServer$Division: 45f7f4b5-f950-4102-bb0c-0f7afce97c78@group-E4C65F435D2B: changes role from  FOLLOWER to CANDIDATE at term 3 for changeToCandidate
dn2_1    | 2021-07-12 14:16:14,246 [45f7f4b5-f950-4102-bb0c-0f7afce97c78@group-E4C65F435D2B-FollowerState] INFO server.RaftServerConfigKeys: raft.server.leaderelection.pre-vote = false (custom)
dn2_1    | 2021-07-12 14:16:14,246 [45f7f4b5-f950-4102-bb0c-0f7afce97c78@group-E4C65F435D2B-FollowerState] INFO impl.RoleInfo: 45f7f4b5-f950-4102-bb0c-0f7afce97c78: start 45f7f4b5-f950-4102-bb0c-0f7afce97c78@group-E4C65F435D2B-LeaderElection4
dn2_1    | 2021-07-12 14:16:14,254 [45f7f4b5-f950-4102-bb0c-0f7afce97c78@group-E4C65F435D2B-LeaderElection4] INFO impl.LeaderElection: 45f7f4b5-f950-4102-bb0c-0f7afce97c78@group-E4C65F435D2B-LeaderElection4 ELECTION round 0: submit vote requests at term 4 for 0: [45f7f4b5-f950-4102-bb0c-0f7afce97c78|rpc:10.9.0.12:9856|admin:10.9.0.12:9857|client:10.9.0.12:9858|dataStream:|priority:1, f21515c6-c372-46c5-bb38-7ebb695d3ab2|rpc:10.9.0.13:9856|admin:10.9.0.13:9857|client:10.9.0.13:9858|dataStream:|priority:0, a57aaf46-7f5e-482b-b977-d652620d8996|rpc:10.9.0.11:9856|admin:10.9.0.11:9857|client:10.9.0.11:9858|dataStream:|priority:0], old=null
dn1_1    | 2021-07-12 14:16:14,372 [grpc-default-executor-1] INFO server.RaftServer$Division: a57aaf46-7f5e-482b-b977-d652620d8996@group-BEFDEDF5B76C: receive requestVote(ELECTION, 45f7f4b5-f950-4102-bb0c-0f7afce97c78, group-BEFDEDF5B76C, 4, (t:2, i:3))
dn3_1    | 2021-07-12 14:16:02,388 [EndpointStateMachine task thread for scm/10.9.0.17:9861 - 0 ] INFO server.RaftServer: f21515c6-c372-46c5-bb38-7ebb695d3ab2: start RPC server
dn2_1    | 2021-07-12 14:16:14,285 [grpc-default-executor-3] INFO server.RaftServer$Division: 45f7f4b5-f950-4102-bb0c-0f7afce97c78@group-E4C65F435D2B: receive requestVote(ELECTION, f21515c6-c372-46c5-bb38-7ebb695d3ab2, group-E4C65F435D2B, 4, (t:2, i:0))
dn1_1    | 2021-07-12 14:16:14,384 [grpc-default-executor-3] INFO impl.VoteContext: a57aaf46-7f5e-482b-b977-d652620d8996@group-BEFDEDF5B76C-CANDIDATE: reject ELECTION from f21515c6-c372-46c5-bb38-7ebb695d3ab2: our priority 1 > candidate's priority 0
dn3_1    | 2021-07-12 14:16:02,392 [EndpointStateMachine task thread for scm/10.9.0.17:9861 - 0 ] INFO server.GrpcService: f21515c6-c372-46c5-bb38-7ebb695d3ab2: GrpcService started, listening on 9856
dn2_1    | 2021-07-12 14:16:14,285 [grpc-default-executor-3] INFO impl.VoteContext: 45f7f4b5-f950-4102-bb0c-0f7afce97c78@group-E4C65F435D2B-CANDIDATE: reject ELECTION from f21515c6-c372-46c5-bb38-7ebb695d3ab2: already has voted for 45f7f4b5-f950-4102-bb0c-0f7afce97c78 at current term 4
dn1_1    | 2021-07-12 14:16:14,384 [grpc-default-executor-3] INFO server.RaftServer$Division: a57aaf46-7f5e-482b-b977-d652620d8996@group-BEFDEDF5B76C: changes role from CANDIDATE to FOLLOWER at term 4 for candidate:f21515c6-c372-46c5-bb38-7ebb695d3ab2
dn3_1    | 2021-07-12 14:16:02,398 [EndpointStateMachine task thread for scm/10.9.0.17:9861 - 0 ] INFO server.GrpcService: f21515c6-c372-46c5-bb38-7ebb695d3ab2: GrpcService started, listening on 9857
dn2_1    | 2021-07-12 14:16:14,286 [grpc-default-executor-3] INFO server.RaftServer$Division: 45f7f4b5-f950-4102-bb0c-0f7afce97c78@group-E4C65F435D2B replies to ELECTION vote request: f21515c6-c372-46c5-bb38-7ebb695d3ab2<-45f7f4b5-f950-4102-bb0c-0f7afce97c78#0:FAIL-t4. Peer's state: 45f7f4b5-f950-4102-bb0c-0f7afce97c78@group-E4C65F435D2B:t4, leader=null, voted=45f7f4b5-f950-4102-bb0c-0f7afce97c78, raftlog=45f7f4b5-f950-4102-bb0c-0f7afce97c78@group-E4C65F435D2B-SegmentedRaftLog:OPENED:c-1,f0,i0, conf=0: [45f7f4b5-f950-4102-bb0c-0f7afce97c78|rpc:10.9.0.12:9856|admin:10.9.0.12:9857|client:10.9.0.12:9858|dataStream:|priority:1, f21515c6-c372-46c5-bb38-7ebb695d3ab2|rpc:10.9.0.13:9856|admin:10.9.0.13:9857|client:10.9.0.13:9858|dataStream:|priority:0, a57aaf46-7f5e-482b-b977-d652620d8996|rpc:10.9.0.11:9856|admin:10.9.0.11:9857|client:10.9.0.11:9858|dataStream:|priority:0], old=null
dn1_1    | 2021-07-12 14:16:14,385 [grpc-default-executor-3] INFO impl.RoleInfo: a57aaf46-7f5e-482b-b977-d652620d8996: shutdown a57aaf46-7f5e-482b-b977-d652620d8996@group-BEFDEDF5B76C-LeaderElection4
dn3_1    | 2021-07-12 14:16:02,403 [EndpointStateMachine task thread for scm/10.9.0.17:9861 - 0 ] INFO server.GrpcService: f21515c6-c372-46c5-bb38-7ebb695d3ab2: GrpcService started, listening on 9858
dn2_1    | 2021-07-12 14:16:14,320 [45f7f4b5-f950-4102-bb0c-0f7afce97c78@group-BEFDEDF5B76C-FollowerState] INFO impl.FollowerState: 45f7f4b5-f950-4102-bb0c-0f7afce97c78@group-BEFDEDF5B76C-FollowerState: change to CANDIDATE, lastRpcElapsedTime:5215637024ns, electionTimeout:5184ms
dn1_1    | 2021-07-12 14:16:14,385 [grpc-default-executor-3] INFO impl.RoleInfo: a57aaf46-7f5e-482b-b977-d652620d8996: start a57aaf46-7f5e-482b-b977-d652620d8996@group-BEFDEDF5B76C-FollowerState
dn1_1    | 2021-07-12 14:16:14,387 [grpc-default-executor-3] INFO server.RaftServer$Division: a57aaf46-7f5e-482b-b977-d652620d8996@group-BEFDEDF5B76C replies to ELECTION vote request: f21515c6-c372-46c5-bb38-7ebb695d3ab2<-a57aaf46-7f5e-482b-b977-d652620d8996#0:FAIL-t4. Peer's state: a57aaf46-7f5e-482b-b977-d652620d8996@group-BEFDEDF5B76C:t4, leader=null, voted=null, raftlog=a57aaf46-7f5e-482b-b977-d652620d8996@group-BEFDEDF5B76C-SegmentedRaftLog:OPENED:c1,f3,i3, conf=0: [45f7f4b5-f950-4102-bb0c-0f7afce97c78|rpc:10.9.0.12:9856|admin:10.9.0.12:9857|client:10.9.0.12:9858|dataStream:|priority:0, f21515c6-c372-46c5-bb38-7ebb695d3ab2|rpc:10.9.0.13:9856|admin:10.9.0.13:9857|client:10.9.0.13:9858|dataStream:|priority:0, a57aaf46-7f5e-482b-b977-d652620d8996|rpc:10.9.0.11:9856|admin:10.9.0.11:9857|client:10.9.0.11:9858|dataStream:|priority:1], old=null
dn1_1    | 2021-07-12 14:16:14,387 [grpc-default-executor-1] INFO impl.VoteContext: a57aaf46-7f5e-482b-b977-d652620d8996@group-BEFDEDF5B76C-FOLLOWER: reject ELECTION from 45f7f4b5-f950-4102-bb0c-0f7afce97c78: our priority 1 > candidate's priority 0
dn1_1    | 2021-07-12 14:16:14,387 [grpc-default-executor-1] INFO server.RaftServer$Division: a57aaf46-7f5e-482b-b977-d652620d8996@group-BEFDEDF5B76C: changes role from  FOLLOWER to FOLLOWER at term 4 for candidate:45f7f4b5-f950-4102-bb0c-0f7afce97c78
dn1_1    | 2021-07-12 14:16:14,388 [grpc-default-executor-1] INFO impl.RoleInfo: a57aaf46-7f5e-482b-b977-d652620d8996: shutdown a57aaf46-7f5e-482b-b977-d652620d8996@group-BEFDEDF5B76C-FollowerState
dn1_1    | 2021-07-12 14:16:14,388 [a57aaf46-7f5e-482b-b977-d652620d8996@group-BEFDEDF5B76C-FollowerState] INFO impl.FollowerState: a57aaf46-7f5e-482b-b977-d652620d8996@group-BEFDEDF5B76C-FollowerState was interrupted: {}
dn3_1    | 2021-07-12 14:16:02,421 [org.apache.ratis.util.JvmPauseMonitor$$Lambda$431/0x0000000840534440@44e40e67] INFO util.JvmPauseMonitor: JvmPauseMonitor-f21515c6-c372-46c5-bb38-7ebb695d3ab2: Started
dn2_1    | 2021-07-12 14:16:14,324 [45f7f4b5-f950-4102-bb0c-0f7afce97c78@group-BEFDEDF5B76C-FollowerState] INFO impl.RoleInfo: 45f7f4b5-f950-4102-bb0c-0f7afce97c78: shutdown 45f7f4b5-f950-4102-bb0c-0f7afce97c78@group-BEFDEDF5B76C-FollowerState
dn1_1    | java.lang.InterruptedException: sleep interrupted
dn3_1    | 2021-07-12 14:16:02,424 [EndpointStateMachine task thread for scm/10.9.0.17:9861 - 0 ] INFO ratis.XceiverServerRatis: XceiverServerRatis f21515c6-c372-46c5-bb38-7ebb695d3ab2 is started using port 9858 for RATIS
dn2_1    | 2021-07-12 14:16:14,324 [45f7f4b5-f950-4102-bb0c-0f7afce97c78@group-BEFDEDF5B76C-FollowerState] INFO server.RaftServer$Division: 45f7f4b5-f950-4102-bb0c-0f7afce97c78@group-BEFDEDF5B76C: changes role from  FOLLOWER to CANDIDATE at term 3 for changeToCandidate
dn1_1    | 	at java.base/java.lang.Thread.sleep(Native Method)
dn3_1    | 2021-07-12 14:16:02,443 [EndpointStateMachine task thread for scm/10.9.0.17:9861 - 0 ] INFO ratis.XceiverServerRatis: XceiverServerRatis f21515c6-c372-46c5-bb38-7ebb695d3ab2 is started using port 9857 for RATIS_ADMIN
dn2_1    | 2021-07-12 14:16:14,325 [45f7f4b5-f950-4102-bb0c-0f7afce97c78@group-BEFDEDF5B76C-FollowerState] INFO server.RaftServerConfigKeys: raft.server.leaderelection.pre-vote = false (custom)
dn1_1    | 	at java.base/java.lang.Thread.sleep(Thread.java:339)
dn3_1    | 2021-07-12 14:16:02,443 [EndpointStateMachine task thread for scm/10.9.0.17:9861 - 0 ] INFO ratis.XceiverServerRatis: XceiverServerRatis f21515c6-c372-46c5-bb38-7ebb695d3ab2 is started using port 9856 for RATIS_SERVER
dn2_1    | 2021-07-12 14:16:14,325 [45f7f4b5-f950-4102-bb0c-0f7afce97c78@group-BEFDEDF5B76C-FollowerState] INFO impl.RoleInfo: 45f7f4b5-f950-4102-bb0c-0f7afce97c78: start 45f7f4b5-f950-4102-bb0c-0f7afce97c78@group-BEFDEDF5B76C-LeaderElection5
dn1_1    | 	at java.base/java.util.concurrent.TimeUnit.sleep(TimeUnit.java:446)
dn3_1    | 2021-07-12 14:16:03,171 [EndpointStateMachine task thread for recon/10.9.0.15:9891 - 0 ] WARN statemachine.EndpointStateMachine: Unable to communicate to Recon server at recon:9891 for past 0 seconds.
dn2_1    | 2021-07-12 14:16:14,327 [45f7f4b5-f950-4102-bb0c-0f7afce97c78@group-BEFDEDF5B76C-LeaderElection5] INFO impl.LeaderElection: 45f7f4b5-f950-4102-bb0c-0f7afce97c78@group-BEFDEDF5B76C-LeaderElection5 ELECTION round 0: submit vote requests at term 4 for 0: [45f7f4b5-f950-4102-bb0c-0f7afce97c78|rpc:10.9.0.12:9856|admin:10.9.0.12:9857|client:10.9.0.12:9858|dataStream:|priority:0, f21515c6-c372-46c5-bb38-7ebb695d3ab2|rpc:10.9.0.13:9856|admin:10.9.0.13:9857|client:10.9.0.13:9858|dataStream:|priority:0, a57aaf46-7f5e-482b-b977-d652620d8996|rpc:10.9.0.11:9856|admin:10.9.0.11:9857|client:10.9.0.11:9858|dataStream:|priority:1], old=null
dn1_1    | 	at org.apache.ratis.util.TimeDuration.sleep(TimeDuration.java:324)
dn3_1    | java.net.SocketTimeoutException: Call From a8eca8714bbd/10.9.0.13 to recon:9891 failed on socket timeout exception: java.net.SocketTimeoutException: 5000 millis timeout while waiting for channel to be ready for read. ch : java.nio.channels.SocketChannel[connected local=/10.9.0.13:57644 remote=recon/10.9.0.15:9891]; For more details see:  http://wiki.apache.org/hadoop/SocketTimeout
dn2_1    | 2021-07-12 14:16:14,343 [grpc-default-executor-3] INFO server.RaftServer$Division: 45f7f4b5-f950-4102-bb0c-0f7afce97c78@group-BEFDEDF5B76C: receive requestVote(ELECTION, f21515c6-c372-46c5-bb38-7ebb695d3ab2, group-BEFDEDF5B76C, 4, (t:2, i:3))
dn1_1    | 	at org.apache.ratis.util.TimeDuration.sleep(TimeDuration.java:309)
dn3_1    | 	at java.base/jdk.internal.reflect.NativeConstructorAccessorImpl.newInstance0(Native Method)
dn2_1    | 2021-07-12 14:16:14,343 [grpc-default-executor-3] INFO impl.VoteContext: 45f7f4b5-f950-4102-bb0c-0f7afce97c78@group-BEFDEDF5B76C-CANDIDATE: reject ELECTION from f21515c6-c372-46c5-bb38-7ebb695d3ab2: already has voted for 45f7f4b5-f950-4102-bb0c-0f7afce97c78 at current term 4
dn1_1    | 	at org.apache.ratis.server.impl.FollowerState.run(FollowerState.java:118)
dn3_1    | 	at java.base/jdk.internal.reflect.NativeConstructorAccessorImpl.newInstance(NativeConstructorAccessorImpl.java:62)
dn3_1    | 	at java.base/jdk.internal.reflect.DelegatingConstructorAccessorImpl.newInstance(DelegatingConstructorAccessorImpl.java:45)
dn3_1    | 	at java.base/java.lang.reflect.Constructor.newInstance(Constructor.java:490)
dn3_1    | 	at org.apache.hadoop.net.NetUtils.wrapWithMessage(NetUtils.java:913)
dn1_1    | 2021-07-12 14:16:14,388 [grpc-default-executor-1] INFO impl.RoleInfo: a57aaf46-7f5e-482b-b977-d652620d8996: start a57aaf46-7f5e-482b-b977-d652620d8996@group-BEFDEDF5B76C-FollowerState
dn3_1    | 	at org.apache.hadoop.net.NetUtils.wrapException(NetUtils.java:848)
dn2_1    | 2021-07-12 14:16:14,343 [grpc-default-executor-3] INFO server.RaftServer$Division: 45f7f4b5-f950-4102-bb0c-0f7afce97c78@group-BEFDEDF5B76C replies to ELECTION vote request: f21515c6-c372-46c5-bb38-7ebb695d3ab2<-45f7f4b5-f950-4102-bb0c-0f7afce97c78#0:FAIL-t4. Peer's state: 45f7f4b5-f950-4102-bb0c-0f7afce97c78@group-BEFDEDF5B76C:t4, leader=null, voted=45f7f4b5-f950-4102-bb0c-0f7afce97c78, raftlog=45f7f4b5-f950-4102-bb0c-0f7afce97c78@group-BEFDEDF5B76C-SegmentedRaftLog:OPENED:c1,f3,i3, conf=0: [45f7f4b5-f950-4102-bb0c-0f7afce97c78|rpc:10.9.0.12:9856|admin:10.9.0.12:9857|client:10.9.0.12:9858|dataStream:|priority:0, f21515c6-c372-46c5-bb38-7ebb695d3ab2|rpc:10.9.0.13:9856|admin:10.9.0.13:9857|client:10.9.0.13:9858|dataStream:|priority:0, a57aaf46-7f5e-482b-b977-d652620d8996|rpc:10.9.0.11:9856|admin:10.9.0.11:9857|client:10.9.0.11:9858|dataStream:|priority:1], old=null
dn1_1    | 2021-07-12 14:16:14,413 [grpc-default-executor-1] INFO server.RaftServer$Division: a57aaf46-7f5e-482b-b977-d652620d8996@group-BEFDEDF5B76C replies to ELECTION vote request: 45f7f4b5-f950-4102-bb0c-0f7afce97c78<-a57aaf46-7f5e-482b-b977-d652620d8996#0:FAIL-t4. Peer's state: a57aaf46-7f5e-482b-b977-d652620d8996@group-BEFDEDF5B76C:t4, leader=null, voted=null, raftlog=a57aaf46-7f5e-482b-b977-d652620d8996@group-BEFDEDF5B76C-SegmentedRaftLog:OPENED:c1,f3,i3, conf=0: [45f7f4b5-f950-4102-bb0c-0f7afce97c78|rpc:10.9.0.12:9856|admin:10.9.0.12:9857|client:10.9.0.12:9858|dataStream:|priority:0, f21515c6-c372-46c5-bb38-7ebb695d3ab2|rpc:10.9.0.13:9856|admin:10.9.0.13:9857|client:10.9.0.13:9858|dataStream:|priority:0, a57aaf46-7f5e-482b-b977-d652620d8996|rpc:10.9.0.11:9856|admin:10.9.0.11:9857|client:10.9.0.11:9858|dataStream:|priority:1], old=null
dn3_1    | 	at org.apache.hadoop.ipc.Client.getRpcResponse(Client.java:1577)
dn2_1    | 2021-07-12 14:16:14,383 [45f7f4b5-f950-4102-bb0c-0f7afce97c78@group-E4C65F435D2B-LeaderElection4] INFO impl.LeaderElection: 45f7f4b5-f950-4102-bb0c-0f7afce97c78@group-E4C65F435D2B-LeaderElection4: ELECTION PASSED received 2 response(s) and 0 exception(s):
dn1_1    | 2021-07-12 14:16:14,539 [grpc-default-executor-1] INFO ratis.XceiverServerRatis: Leader change notification received for group: group-E4C65F435D2B with new leaderId: 45f7f4b5-f950-4102-bb0c-0f7afce97c78
dn3_1    | 	at org.apache.hadoop.ipc.Client.call(Client.java:1519)
dn2_1    | 2021-07-12 14:16:14,386 [45f7f4b5-f950-4102-bb0c-0f7afce97c78@group-E4C65F435D2B-LeaderElection4] INFO impl.LeaderElection:   Response 0: 45f7f4b5-f950-4102-bb0c-0f7afce97c78<-f21515c6-c372-46c5-bb38-7ebb695d3ab2#0:FAIL-t4
dn1_1    | 2021-07-12 14:16:14,544 [grpc-default-executor-1] INFO server.RaftServer$Division: a57aaf46-7f5e-482b-b977-d652620d8996@group-E4C65F435D2B: change Leader from null to 45f7f4b5-f950-4102-bb0c-0f7afce97c78 at term 4 for appendEntries, leader elected after 22087ms
dn3_1    | 	at org.apache.hadoop.ipc.Client.call(Client.java:1416)
dn2_1    | 2021-07-12 14:16:14,386 [45f7f4b5-f950-4102-bb0c-0f7afce97c78@group-E4C65F435D2B-LeaderElection4] INFO impl.LeaderElection:   Response 1: 45f7f4b5-f950-4102-bb0c-0f7afce97c78<-a57aaf46-7f5e-482b-b977-d652620d8996#0:OK-t4
dn1_1    | 2021-07-12 14:16:14,596 [grpc-default-executor-1] INFO server.RaftServer$Division: a57aaf46-7f5e-482b-b977-d652620d8996@group-E4C65F435D2B: set configuration 1: [45f7f4b5-f950-4102-bb0c-0f7afce97c78|rpc:10.9.0.12:9856|admin:10.9.0.12:9857|client:10.9.0.12:9858|dataStream:|priority:1, f21515c6-c372-46c5-bb38-7ebb695d3ab2|rpc:10.9.0.13:9856|admin:10.9.0.13:9857|client:10.9.0.13:9858|dataStream:|priority:0, a57aaf46-7f5e-482b-b977-d652620d8996|rpc:10.9.0.11:9856|admin:10.9.0.11:9857|client:10.9.0.11:9858|dataStream:|priority:0], old=null
dn3_1    | 	at org.apache.hadoop.ipc.ProtobufRpcEngine$Invoker.invoke(ProtobufRpcEngine.java:236)
dn2_1    | 2021-07-12 14:16:14,397 [45f7f4b5-f950-4102-bb0c-0f7afce97c78@group-E4C65F435D2B-LeaderElection4] INFO impl.LeaderElection: 45f7f4b5-f950-4102-bb0c-0f7afce97c78@group-E4C65F435D2B-LeaderElection4 ELECTION round 0: result PASSED
dn1_1    | 2021-07-12 14:16:14,610 [grpc-default-executor-1] INFO segmented.SegmentedRaftLogWorker: a57aaf46-7f5e-482b-b977-d652620d8996@group-E4C65F435D2B-SegmentedRaftLogWorker: Rolling segment log-0_0 to index:0
dn3_1    | 	at org.apache.hadoop.ipc.ProtobufRpcEngine$Invoker.invoke(ProtobufRpcEngine.java:123)
dn2_1    | 2021-07-12 14:16:14,397 [45f7f4b5-f950-4102-bb0c-0f7afce97c78@group-E4C65F435D2B-LeaderElection4] INFO impl.RoleInfo: 45f7f4b5-f950-4102-bb0c-0f7afce97c78: shutdown 45f7f4b5-f950-4102-bb0c-0f7afce97c78@group-E4C65F435D2B-LeaderElection4
dn1_1    | 2021-07-12 14:16:14,611 [a57aaf46-7f5e-482b-b977-d652620d8996@group-E4C65F435D2B-SegmentedRaftLogWorker] INFO segmented.SegmentedRaftLogWorker: a57aaf46-7f5e-482b-b977-d652620d8996@group-E4C65F435D2B-SegmentedRaftLogWorker: Rolled log segment from /data/metadata/ratis/1b9b25e4-7a69-48b7-b523-e4c65f435d2b/current/log_inprogress_0 to /data/metadata/ratis/1b9b25e4-7a69-48b7-b523-e4c65f435d2b/current/log_0-0
dn3_1    | 	at com.sun.proxy.$Proxy39.submitRequest(Unknown Source)
dn2_1    | 2021-07-12 14:16:14,398 [45f7f4b5-f950-4102-bb0c-0f7afce97c78@group-E4C65F435D2B-LeaderElection4] INFO server.RaftServer$Division: 45f7f4b5-f950-4102-bb0c-0f7afce97c78@group-E4C65F435D2B: changes role from CANDIDATE to LEADER at term 4 for changeToLeader
dn1_1    | 2021-07-12 14:16:14,618 [a57aaf46-7f5e-482b-b977-d652620d8996@group-E4C65F435D2B-SegmentedRaftLogWorker] INFO segmented.SegmentedRaftLogWorker: a57aaf46-7f5e-482b-b977-d652620d8996@group-E4C65F435D2B-SegmentedRaftLogWorker: created new log segment /data/metadata/ratis/1b9b25e4-7a69-48b7-b523-e4c65f435d2b/current/log_inprogress_1
dn3_1    | 	at org.apache.hadoop.ozone.protocolPB.StorageContainerDatanodeProtocolClientSideTranslatorPB.submitRequest(StorageContainerDatanodeProtocolClientSideTranslatorPB.java:117)
dn2_1    | 2021-07-12 14:16:14,398 [45f7f4b5-f950-4102-bb0c-0f7afce97c78@group-E4C65F435D2B-LeaderElection4] INFO ratis.XceiverServerRatis: Leader change notification received for group: group-E4C65F435D2B with new leaderId: 45f7f4b5-f950-4102-bb0c-0f7afce97c78
dn1_1    | 2021-07-12 14:16:19,525 [grpc-default-executor-1] INFO server.RaftServer$Division: a57aaf46-7f5e-482b-b977-d652620d8996@group-BEFDEDF5B76C: receive requestVote(ELECTION, f21515c6-c372-46c5-bb38-7ebb695d3ab2, group-BEFDEDF5B76C, 5, (t:2, i:3))
dn3_1    | 	at org.apache.hadoop.ozone.protocolPB.StorageContainerDatanodeProtocolClientSideTranslatorPB.getVersion(StorageContainerDatanodeProtocolClientSideTranslatorPB.java:133)
dn2_1    | 2021-07-12 14:16:14,398 [45f7f4b5-f950-4102-bb0c-0f7afce97c78@group-E4C65F435D2B-LeaderElection4] INFO server.RaftServer$Division: 45f7f4b5-f950-4102-bb0c-0f7afce97c78@group-E4C65F435D2B: change Leader from null to 45f7f4b5-f950-4102-bb0c-0f7afce97c78 at term 4 for becomeLeader, leader elected after 18467ms
dn1_1    | 2021-07-12 14:16:19,525 [grpc-default-executor-1] INFO impl.VoteContext: a57aaf46-7f5e-482b-b977-d652620d8996@group-BEFDEDF5B76C-FOLLOWER: reject ELECTION from f21515c6-c372-46c5-bb38-7ebb695d3ab2: our priority 1 > candidate's priority 0
dn3_1    | 	at org.apache.hadoop.ozone.container.common.states.endpoint.VersionEndpointTask.call(VersionEndpointTask.java:71)
dn2_1    | 2021-07-12 14:16:14,400 [45f7f4b5-f950-4102-bb0c-0f7afce97c78@group-E4C65F435D2B-LeaderElection4] INFO server.RaftServerConfigKeys: raft.server.staging.catchup.gap = 1000 (default)
dn1_1    | 2021-07-12 14:16:19,525 [grpc-default-executor-1] INFO server.RaftServer$Division: a57aaf46-7f5e-482b-b977-d652620d8996@group-BEFDEDF5B76C: changes role from  FOLLOWER to FOLLOWER at term 5 for candidate:f21515c6-c372-46c5-bb38-7ebb695d3ab2
dn3_1    | 	at org.apache.hadoop.ozone.container.common.states.endpoint.VersionEndpointTask.call(VersionEndpointTask.java:42)
dn2_1    | 2021-07-12 14:16:14,400 [45f7f4b5-f950-4102-bb0c-0f7afce97c78@group-E4C65F435D2B-LeaderElection4] INFO metrics.RatisMetrics: Creating Metrics Registry : ratis.log_appender.45f7f4b5-f950-4102-bb0c-0f7afce97c78@group-E4C65F435D2B
dn1_1    | 2021-07-12 14:16:19,525 [grpc-default-executor-1] INFO impl.RoleInfo: a57aaf46-7f5e-482b-b977-d652620d8996: shutdown a57aaf46-7f5e-482b-b977-d652620d8996@group-BEFDEDF5B76C-FollowerState
dn3_1    | 	at java.base/java.util.concurrent.FutureTask.run(FutureTask.java:264)
dn2_1    | 2021-07-12 14:16:14,400 [45f7f4b5-f950-4102-bb0c-0f7afce97c78@group-E4C65F435D2B-LeaderElection4] INFO server.RaftServerConfigKeys: raft.server.write.element-limit = 1024 (custom)
dn1_1    | 2021-07-12 14:16:19,525 [grpc-default-executor-1] INFO impl.RoleInfo: a57aaf46-7f5e-482b-b977-d652620d8996: start a57aaf46-7f5e-482b-b977-d652620d8996@group-BEFDEDF5B76C-FollowerState
dn3_1    | 	at java.base/java.util.concurrent.ThreadPoolExecutor.runWorker(ThreadPoolExecutor.java:1128)
dn2_1    | 2021-07-12 14:16:14,401 [45f7f4b5-f950-4102-bb0c-0f7afce97c78@group-E4C65F435D2B-LeaderElection4] INFO server.RaftServerConfigKeys: raft.server.write.byte-limit = 1073741824 (custom)
dn1_1    | 2021-07-12 14:16:19,526 [a57aaf46-7f5e-482b-b977-d652620d8996@group-BEFDEDF5B76C-FollowerState] INFO impl.FollowerState: a57aaf46-7f5e-482b-b977-d652620d8996@group-BEFDEDF5B76C-FollowerState was interrupted: {}
dn3_1    | 	at java.base/java.util.concurrent.ThreadPoolExecutor$Worker.run(ThreadPoolExecutor.java:628)
dn2_1    | 2021-07-12 14:16:14,401 [45f7f4b5-f950-4102-bb0c-0f7afce97c78@group-E4C65F435D2B-LeaderElection4] INFO server.RaftServerConfigKeys: raft.server.watch.timeout = 180s (custom)
dn1_1    | java.lang.InterruptedException: sleep interrupted
dn3_1    | 	at java.base/java.lang.Thread.run(Thread.java:834)
dn2_1    | 2021-07-12 14:16:14,401 [45f7f4b5-f950-4102-bb0c-0f7afce97c78@group-E4C65F435D2B-LeaderElection4] INFO server.RaftServerConfigKeys: raft.server.watch.timeout.denomination = 1s (default)
dn2_1    | 2021-07-12 14:16:14,401 [45f7f4b5-f950-4102-bb0c-0f7afce97c78@group-E4C65F435D2B-LeaderElection4] INFO server.RaftServerConfigKeys: raft.server.watch.element-limit = 65536 (default)
dn2_1    | 2021-07-12 14:16:14,420 [45f7f4b5-f950-4102-bb0c-0f7afce97c78@group-BEFDEDF5B76C-LeaderElection5] INFO impl.LeaderElection: 45f7f4b5-f950-4102-bb0c-0f7afce97c78@group-BEFDEDF5B76C-LeaderElection5: ELECTION REJECTED received 2 response(s) and 0 exception(s):
dn1_1    | 	at java.base/java.lang.Thread.sleep(Native Method)
dn2_1    | 2021-07-12 14:16:14,423 [45f7f4b5-f950-4102-bb0c-0f7afce97c78@group-BEFDEDF5B76C-LeaderElection5] INFO impl.LeaderElection:   Response 0: 45f7f4b5-f950-4102-bb0c-0f7afce97c78<-f21515c6-c372-46c5-bb38-7ebb695d3ab2#0:FAIL-t4
dn3_1    | Caused by: java.net.SocketTimeoutException: 5000 millis timeout while waiting for channel to be ready for read. ch : java.nio.channels.SocketChannel[connected local=/10.9.0.13:57644 remote=recon/10.9.0.15:9891]
dn1_1    | 	at java.base/java.lang.Thread.sleep(Thread.java:339)
dn2_1    | 2021-07-12 14:16:14,423 [45f7f4b5-f950-4102-bb0c-0f7afce97c78@group-BEFDEDF5B76C-LeaderElection5] INFO impl.LeaderElection:   Response 1: 45f7f4b5-f950-4102-bb0c-0f7afce97c78<-a57aaf46-7f5e-482b-b977-d652620d8996#0:FAIL-t4
dn3_1    | 	at org.apache.hadoop.net.SocketIOWithTimeout.doIO(SocketIOWithTimeout.java:164)
dn1_1    | 	at java.base/java.util.concurrent.TimeUnit.sleep(TimeUnit.java:446)
dn2_1    | 2021-07-12 14:16:14,423 [45f7f4b5-f950-4102-bb0c-0f7afce97c78@group-BEFDEDF5B76C-LeaderElection5] INFO impl.LeaderElection: 45f7f4b5-f950-4102-bb0c-0f7afce97c78@group-BEFDEDF5B76C-LeaderElection5 ELECTION round 0: result REJECTED
dn3_1    | 	at org.apache.hadoop.net.SocketInputStream.read(SocketInputStream.java:161)
dn1_1    | 	at org.apache.ratis.util.TimeDuration.sleep(TimeDuration.java:324)
dn2_1    | 2021-07-12 14:16:14,423 [45f7f4b5-f950-4102-bb0c-0f7afce97c78@group-BEFDEDF5B76C-LeaderElection5] INFO server.RaftServer$Division: 45f7f4b5-f950-4102-bb0c-0f7afce97c78@group-BEFDEDF5B76C: changes role from CANDIDATE to FOLLOWER at term 4 for REJECTED
dn3_1    | 	at org.apache.hadoop.net.SocketInputStream.read(SocketInputStream.java:131)
dn1_1    | 	at org.apache.ratis.util.TimeDuration.sleep(TimeDuration.java:309)
dn2_1    | 2021-07-12 14:16:14,429 [45f7f4b5-f950-4102-bb0c-0f7afce97c78@group-BEFDEDF5B76C-LeaderElection5] INFO impl.RoleInfo: 45f7f4b5-f950-4102-bb0c-0f7afce97c78: shutdown 45f7f4b5-f950-4102-bb0c-0f7afce97c78@group-BEFDEDF5B76C-LeaderElection5
dn3_1    | 	at java.base/java.io.FilterInputStream.read(FilterInputStream.java:133)
dn1_1    | 	at org.apache.ratis.server.impl.FollowerState.run(FollowerState.java:118)
dn2_1    | 2021-07-12 14:16:14,430 [45f7f4b5-f950-4102-bb0c-0f7afce97c78@group-BEFDEDF5B76C-LeaderElection5] INFO impl.RoleInfo: 45f7f4b5-f950-4102-bb0c-0f7afce97c78: start 45f7f4b5-f950-4102-bb0c-0f7afce97c78@group-BEFDEDF5B76C-FollowerState
dn3_1    | 	at java.base/java.io.BufferedInputStream.fill(BufferedInputStream.java:252)
dn1_1    | 2021-07-12 14:16:19,528 [grpc-default-executor-1] INFO server.RaftServer$Division: a57aaf46-7f5e-482b-b977-d652620d8996@group-BEFDEDF5B76C replies to ELECTION vote request: f21515c6-c372-46c5-bb38-7ebb695d3ab2<-a57aaf46-7f5e-482b-b977-d652620d8996#0:FAIL-t5. Peer's state: a57aaf46-7f5e-482b-b977-d652620d8996@group-BEFDEDF5B76C:t5, leader=null, voted=null, raftlog=a57aaf46-7f5e-482b-b977-d652620d8996@group-BEFDEDF5B76C-SegmentedRaftLog:OPENED:c1,f3,i3, conf=0: [45f7f4b5-f950-4102-bb0c-0f7afce97c78|rpc:10.9.0.12:9856|admin:10.9.0.12:9857|client:10.9.0.12:9858|dataStream:|priority:0, f21515c6-c372-46c5-bb38-7ebb695d3ab2|rpc:10.9.0.13:9856|admin:10.9.0.13:9857|client:10.9.0.13:9858|dataStream:|priority:0, a57aaf46-7f5e-482b-b977-d652620d8996|rpc:10.9.0.11:9856|admin:10.9.0.11:9857|client:10.9.0.11:9858|dataStream:|priority:1], old=null
dn2_1    | 2021-07-12 14:16:14,430 [45f7f4b5-f950-4102-bb0c-0f7afce97c78@group-E4C65F435D2B-LeaderElection4] INFO server.RaftServerConfigKeys: raft.server.log.appender.snapshot.chunk.size.max = 16MB (=16777216) (default)
dn3_1    | 	at java.base/java.io.BufferedInputStream.read(BufferedInputStream.java:271)
dn1_1    | 2021-07-12 14:16:24,566 [a57aaf46-7f5e-482b-b977-d652620d8996@group-BEFDEDF5B76C-FollowerState] INFO impl.FollowerState: a57aaf46-7f5e-482b-b977-d652620d8996@group-BEFDEDF5B76C-FollowerState: change to CANDIDATE, lastRpcElapsedTime:5040201395ns, electionTimeout:5039ms
dn2_1    | 2021-07-12 14:16:14,430 [45f7f4b5-f950-4102-bb0c-0f7afce97c78@group-E4C65F435D2B-LeaderElection4] INFO server.RaftServerConfigKeys: raft.server.log.appender.buffer.byte-limit = 33554432 (custom)
dn3_1    | 	at java.base/java.io.FilterInputStream.read(FilterInputStream.java:83)
dn1_1    | 2021-07-12 14:16:24,566 [a57aaf46-7f5e-482b-b977-d652620d8996@group-BEFDEDF5B76C-FollowerState] INFO impl.RoleInfo: a57aaf46-7f5e-482b-b977-d652620d8996: shutdown a57aaf46-7f5e-482b-b977-d652620d8996@group-BEFDEDF5B76C-FollowerState
dn2_1    | 2021-07-12 14:16:14,440 [45f7f4b5-f950-4102-bb0c-0f7afce97c78@group-E4C65F435D2B-LeaderElection4] INFO server.RaftServerConfigKeys: raft.server.log.appender.buffer.element-limit = 1 (custom)
dn3_1    | 	at java.base/java.io.FilterInputStream.read(FilterInputStream.java:83)
dn1_1    | 2021-07-12 14:16:24,566 [a57aaf46-7f5e-482b-b977-d652620d8996@group-BEFDEDF5B76C-FollowerState] INFO server.RaftServer$Division: a57aaf46-7f5e-482b-b977-d652620d8996@group-BEFDEDF5B76C: changes role from  FOLLOWER to CANDIDATE at term 5 for changeToCandidate
dn2_1    | 2021-07-12 14:16:14,443 [45f7f4b5-f950-4102-bb0c-0f7afce97c78@group-E4C65F435D2B-LeaderElection4] INFO grpc.GrpcConfigKeys: raft.grpc.server.leader.outstanding.appends.max = 128 (default)
dn3_1    | 	at org.apache.hadoop.ipc.Client$Connection$PingInputStream.read(Client.java:563)
dn1_1    | 2021-07-12 14:16:24,566 [a57aaf46-7f5e-482b-b977-d652620d8996@group-BEFDEDF5B76C-FollowerState] INFO server.RaftServerConfigKeys: raft.server.leaderelection.pre-vote = false (custom)
dn2_1    | 2021-07-12 14:16:14,452 [45f7f4b5-f950-4102-bb0c-0f7afce97c78@group-E4C65F435D2B-LeaderElection4] INFO server.RaftServerConfigKeys: raft.server.rpc.request.timeout = 60s (custom)
dn3_1    | 	at java.base/java.io.DataInputStream.readInt(DataInputStream.java:392)
dn1_1    | 2021-07-12 14:16:24,566 [a57aaf46-7f5e-482b-b977-d652620d8996@group-BEFDEDF5B76C-FollowerState] INFO impl.RoleInfo: a57aaf46-7f5e-482b-b977-d652620d8996: start a57aaf46-7f5e-482b-b977-d652620d8996@group-BEFDEDF5B76C-LeaderElection5
dn2_1    | 2021-07-12 14:16:14,452 [45f7f4b5-f950-4102-bb0c-0f7afce97c78@group-E4C65F435D2B-LeaderElection4] INFO server.RaftServerConfigKeys: raft.server.log.appender.install.snapshot.enabled = false (custom)
dn3_1    | 	at org.apache.hadoop.ipc.Client$IpcStreams.readResponse(Client.java:1892)
dn1_1    | 2021-07-12 14:16:24,570 [a57aaf46-7f5e-482b-b977-d652620d8996@group-BEFDEDF5B76C-LeaderElection5] INFO impl.LeaderElection: a57aaf46-7f5e-482b-b977-d652620d8996@group-BEFDEDF5B76C-LeaderElection5 ELECTION round 0: submit vote requests at term 6 for 0: [45f7f4b5-f950-4102-bb0c-0f7afce97c78|rpc:10.9.0.12:9856|admin:10.9.0.12:9857|client:10.9.0.12:9858|dataStream:|priority:0, f21515c6-c372-46c5-bb38-7ebb695d3ab2|rpc:10.9.0.13:9856|admin:10.9.0.13:9857|client:10.9.0.13:9858|dataStream:|priority:0, a57aaf46-7f5e-482b-b977-d652620d8996|rpc:10.9.0.11:9856|admin:10.9.0.11:9857|client:10.9.0.11:9858|dataStream:|priority:1], old=null
dn2_1    | 2021-07-12 14:16:14,453 [45f7f4b5-f950-4102-bb0c-0f7afce97c78@group-E4C65F435D2B-LeaderElection4] INFO metrics.RatisMetrics: Creating Metrics Registry : ratis_grpc.log_appender.45f7f4b5-f950-4102-bb0c-0f7afce97c78@group-E4C65F435D2B
dn3_1    | 	at org.apache.hadoop.ipc.Client$Connection.receiveRpcResponse(Client.java:1202)
dn1_1    | 2021-07-12 14:16:24,589 [grpc-default-executor-1] INFO server.RaftServer$Division: a57aaf46-7f5e-482b-b977-d652620d8996@group-BEFDEDF5B76C: receive requestVote(ELECTION, f21515c6-c372-46c5-bb38-7ebb695d3ab2, group-BEFDEDF5B76C, 6, (t:2, i:3))
dn2_1    | 2021-07-12 14:16:14,456 [45f7f4b5-f950-4102-bb0c-0f7afce97c78@group-E4C65F435D2B-LeaderElection4] INFO server.RaftServerConfigKeys: raft.server.log.appender.snapshot.chunk.size.max = 16MB (=16777216) (default)
dn3_1    | 	at org.apache.hadoop.ipc.Client$Connection.run(Client.java:1098)
dn1_1    | 2021-07-12 14:16:24,589 [grpc-default-executor-1] INFO impl.VoteContext: a57aaf46-7f5e-482b-b977-d652620d8996@group-BEFDEDF5B76C-CANDIDATE: reject ELECTION from f21515c6-c372-46c5-bb38-7ebb695d3ab2: already has voted for a57aaf46-7f5e-482b-b977-d652620d8996 at current term 6
