rm_1        | 2020-05-22 11:57:50 INFO  CapacitySchedulerQueueManager:298 - Initialized queue: default: capacity=1.0, absoluteCapacity=1.0, usedResources=<memory:0, vCores:0>, usedCapacity=0.0, absoluteUsedCapacity=0.0, numApps=0, numContainers=0, effectiveMinResource=<memory:0, vCores:0> , effectiveMaxResource=<memory:0, vCores:0>
nm_1        | 2020-05-22 11:59:25 INFO  ShuffleHandler:719 - Added token for job_1590148685085_0001
scm_1       | 2020-05-22 11:58:13,962 [EventQueue-NodeRegistrationContainerReportForDataNodeSafeModeRule] INFO safemode.SCMSafeModeManager: SCM in safe mode. 3 DataNodes registered, 3 required.
rm_1        | 2020-05-22 11:57:50 INFO  CapacitySchedulerQueueManager:298 - Initialized queue: root: numChildQueue= 1, capacity=1.0, absoluteCapacity=1.0, usedResources=<memory:0, vCores:0>usedCapacity=0.0, numApps=0, numContainers=0
nm_1        | 2020-05-22 11:59:25 INFO  ContainerImpl:2112 - Container container_1590148685085_0001_01_000002 transitioned from LOCALIZING to SCHEDULED
scm_1       | 2020-05-22 11:58:13,963 [EventQueue-NodeRegistrationContainerReportForContainerSafeModeRule] INFO safemode.SCMSafeModeManager: ContainerSafeModeRule rule is successfully validated
rm_1        | 2020-05-22 11:57:50 INFO  CapacitySchedulerQueueManager:163 - Initialized root queue root: numChildQueue= 1, capacity=1.0, absoluteCapacity=1.0, usedResources=<memory:0, vCores:0>usedCapacity=0.0, numApps=0, numContainers=0
nm_1        | 2020-05-22 11:59:25 INFO  ContainerScheduler:541 - Starting container [container_1590148685085_0001_01_000002]
scm_1       | 2020-05-22 11:58:13,966 [EventQueue-NodeRegistrationContainerReportForDataNodeSafeModeRule] INFO safemode.SCMSafeModeManager: DataNodeSafeModeRule rule is successfully validated
rm_1        | 2020-05-22 11:57:50 INFO  UserGroupMappingPlacementRule:237 - Initialized queue mappings, override: false
nm_1        | 2020-05-22 11:59:25 INFO  ContainerImpl:2112 - Container container_1590148685085_0001_01_000002 transitioned from SCHEDULED to RUNNING
scm_1       | 2020-05-22 11:58:13,967 [EventQueue-NodeRegistrationContainerReportForDataNodeSafeModeRule] INFO safemode.SCMSafeModeManager: All SCM safe mode pre check rules have passed
rm_1        | 2020-05-22 11:57:50 INFO  MultiNodeSortingManager:104 - MultiNode scheduling is 'false', and configured policies are 
nm_1        | 2020-05-22 11:59:25 INFO  ContainersMonitorImpl:1013 - Starting resource-monitoring for container_1590148685085_0001_01_000002
scm_1       | 2020-05-22 11:58:13,966 [RatisPipelineUtilsThread] INFO pipeline.RatisPipelineProvider: Sending CreatePipelineCommand for pipeline:PipelineID=6e536305-dbe0-418e-8814-75b2b8434b86 to datanode:8aaabd0a-c396-4f67-a3d0-3f4fed109db1
rm_1        | 2020-05-22 11:57:50 INFO  CapacityScheduler:408 - Initialized CapacityScheduler with calculator=class org.apache.hadoop.yarn.util.resource.DefaultResourceCalculator, minimumAllocation=<<memory:1024, vCores:1>>, maximumAllocation=<<memory:8192, vCores:4>>, asynchronousScheduling=false, asyncScheduleInterval=5ms,multiNodePlacementEnabled=false
scm_1       | 2020-05-22 11:58:13,968 [RatisPipelineUtilsThread] INFO pipeline.PipelineStateManager: Created pipeline Pipeline[ Id: 6e536305-dbe0-418e-8814-75b2b8434b86, Nodes: 8aaabd0a-c396-4f67-a3d0-3f4fed109db1{ip: 172.20.0.6, host: hadoop32_datanode_3.hadoop32_default, networkLocation: /default-rack, certSerialId: null}, Type:RATIS, Factor:ONE, State:ALLOCATED, leaderId:null, CreationTimestamp2020-05-22T11:58:13.966740Z]
nm_1        | 2020-05-22 11:59:25 INFO  DefaultContainerExecutor:370 - launchContainer: [bash, /tmp/hadoop-hadoop/nm-local-dir/usercache/hadoop/appcache/application_1590148685085_0001/container_1590148685085_0001_01_000002/default_container_executor.sh]
rm_1        | 2020-05-22 11:57:50 INFO  Configuration:2752 - dynamic-resources.xml not found
scm_1       | 2020-05-22 11:58:13,969 [RatisPipelineUtilsThread] ERROR pipeline.SCMPipelineManager: Failed to create pipeline of type RATIS and factor ONE. Exception: Cannot create pipeline of factor 1 using 0 nodes. Used 3 nodes. Healthy nodes 3
nm_1        | 2020-05-22 11:59:27 INFO  ContainersMonitorImpl:615 - container_1590148685085_0001_01_000002's ip = 172.20.0.3, and hostname = nm
rm_1        | 2020-05-22 11:57:50 INFO  AMSProcessingChain:62 - Initializing AMS Processing chain. Root Processor=[org.apache.hadoop.yarn.server.resourcemanager.DefaultAMSProcessor].
scm_1       | 2020-05-22 11:58:13,993 [RatisPipelineUtilsThread] INFO pipeline.RatisPipelineProvider: Sending CreatePipelineCommand for pipeline:PipelineID=43964105-0572-45bd-9542-92805bf079e8 to datanode:e144e95d-619d-4e0f-aaea-3038b9a7233a
nm_1        | 2020-05-22 11:59:29 INFO  ContainerLaunch:595 - Container container_1590148685085_0001_01_000002 succeeded 
rm_1        | 2020-05-22 11:57:50 INFO  ApplicationMasterService:129 - disabled placement handler will be used, all scheduling requests will be rejected.
scm_1       | 2020-05-22 11:58:13,993 [RatisPipelineUtilsThread] INFO pipeline.RatisPipelineProvider: Sending CreatePipelineCommand for pipeline:PipelineID=43964105-0572-45bd-9542-92805bf079e8 to datanode:a115b51d-ce75-4f4e-baa0-9c1311bd37fa
nm_1        | 2020-05-22 11:59:29 INFO  ContainerImpl:2112 - Container container_1590148685085_0001_01_000002 transitioned from RUNNING to EXITED_WITH_SUCCESS
rm_1        | 2020-05-22 11:57:50 INFO  AMSProcessingChain:75 - Adding [org.apache.hadoop.yarn.server.resourcemanager.scheduler.constraint.processor.DisabledPlacementProcessor] tp top of AMS Processing chain. 
scm_1       | 2020-05-22 11:58:13,994 [RatisPipelineUtilsThread] INFO pipeline.RatisPipelineProvider: Sending CreatePipelineCommand for pipeline:PipelineID=43964105-0572-45bd-9542-92805bf079e8 to datanode:8aaabd0a-c396-4f67-a3d0-3f4fed109db1
nm_1        | 2020-05-22 11:59:29 INFO  ContainerCleanup:87 - Cleaning up container container_1590148685085_0001_01_000002
rm_1        | 2020-05-22 11:57:50 INFO  ResourceManager:579 - TimelineServicePublisher is not configured
scm_1       | 2020-05-22 11:58:13,995 [RatisPipelineUtilsThread] INFO pipeline.PipelineStateManager: Created pipeline Pipeline[ Id: 43964105-0572-45bd-9542-92805bf079e8, Nodes: e144e95d-619d-4e0f-aaea-3038b9a7233a{ip: 172.20.0.8, host: hadoop32_datanode_1.hadoop32_default, networkLocation: /default-rack, certSerialId: null}a115b51d-ce75-4f4e-baa0-9c1311bd37fa{ip: 172.20.0.9, host: hadoop32_datanode_2.hadoop32_default, networkLocation: /default-rack, certSerialId: null}8aaabd0a-c396-4f67-a3d0-3f4fed109db1{ip: 172.20.0.6, host: hadoop32_datanode_3.hadoop32_default, networkLocation: /default-rack, certSerialId: null}, Type:RATIS, Factor:THREE, State:ALLOCATED, leaderId:null, CreationTimestamp2020-05-22T11:58:13.983264Z]
nm_1        | 2020-05-22 11:59:29 INFO  NMAuditLogger:94 - USER=hadoop	OPERATION=Container Finished - Succeeded	TARGET=ContainerImpl	RESULT=SUCCESS	APPID=application_1590148685085_0001	CONTAINERID=container_1590148685085_0001_01_000002
rm_1        | 2020-05-22 11:57:51 INFO  log:192 - Logging initialized @9491ms
scm_1       | 2020-05-22 11:58:13,999 [RatisPipelineUtilsThread] ERROR pipeline.SCMPipelineManager: Failed to create pipeline of type RATIS and factor THREE. Exception: Pipeline creation failed because nodes are engaged in other pipelines and every node can only be engaged in max 2 pipelines. Required 3. Found 0
nm_1        | 2020-05-22 11:59:29 INFO  ContainerImpl:2112 - Container container_1590148685085_0001_01_000002 transitioned from EXITED_WITH_SUCCESS to DONE
rm_1        | 2020-05-22 11:57:51 INFO  AuthenticationFilter:240 - Unable to initialize FileSignerSecretProvider, falling back to use random secrets.
scm_1       | 2020-05-22 11:58:15,947 [EventQueue-PipelineReportForPipelineReportHandler] INFO pipeline.PipelineStateManager: Pipeline Pipeline[ Id: 53fa0ea5-c821-46b1-8e21-9829bf334df9, Nodes: a115b51d-ce75-4f4e-baa0-9c1311bd37fa{ip: 172.20.0.9, host: hadoop32_datanode_2.hadoop32_default, networkLocation: /default-rack, certSerialId: null}, Type:RATIS, Factor:ONE, State:ALLOCATED, leaderId:a115b51d-ce75-4f4e-baa0-9c1311bd37fa, CreationTimestamp2020-05-22T11:58:12.552266Z] moved to OPEN state
nm_1        | 2020-05-22 11:59:29 INFO  ApplicationImpl:512 - Removing container_1590148685085_0001_01_000002 from application application_1590148685085_0001
rm_1        | 2020-05-22 11:57:51 INFO  HttpRequestLog:81 - Http request log for http.requests.resourcemanager is not defined
scm_1       | 2020-05-22 11:58:15,970 [EventQueue-OpenPipelineForHealthyPipelineSafeModeRule] INFO safemode.SCMSafeModeManager: SCM in safe mode. Healthy pipelines reported count is 0, required healthy pipeline reported count is 1
nm_1        | 2020-05-22 11:59:29 INFO  ContainersMonitorImpl:1004 - Stopping resource-monitoring for container_1590148685085_0001_01_000002
nm_1        | 2020-05-22 11:59:29 INFO  AuxServices:350 - Got event CONTAINER_STOP for appId application_1590148685085_0001
rm_1        | 2020-05-22 11:57:51 INFO  HttpServer2:975 - Added global filter 'safety' (class=org.apache.hadoop.http.HttpServer2$QuotingInputFilter)
nm_1        | 2020-05-22 11:59:29 INFO  DefaultContainerExecutor:634 - Deleting absolute path : /tmp/hadoop-hadoop/nm-local-dir/usercache/hadoop/appcache/application_1590148685085_0001/container_1590148685085_0001_01_000002/launch_container.sh
scm_1       | 2020-05-22 11:58:15,973 [EventQueue-OpenPipelineForOneReplicaPipelineSafeModeRule] INFO safemode.SCMSafeModeManager: AtleastOneDatanodeReportedRule rule is successfully validated
rm_1        | 2020-05-22 11:57:51 INFO  HttpServer2:948 - Added filter RMAuthenticationFilter (class=org.apache.hadoop.yarn.server.security.http.RMAuthenticationFilter) to context cluster
nm_1        | 2020-05-22 11:59:29 INFO  DefaultContainerExecutor:634 - Deleting absolute path : /tmp/hadoop-hadoop/nm-local-dir/usercache/hadoop/appcache/application_1590148685085_0001/container_1590148685085_0001_01_000002/container_tokens
scm_1       | 2020-05-22 11:58:16,763 [EventQueue-PipelineReportForPipelineReportHandler] INFO pipeline.PipelineStateManager: Pipeline Pipeline[ Id: 963fa9a5-63c2-4242-920b-0d4b6df6fbcb, Nodes: e144e95d-619d-4e0f-aaea-3038b9a7233a{ip: 172.20.0.8, host: hadoop32_datanode_1.hadoop32_default, networkLocation: /default-rack, certSerialId: null}, Type:RATIS, Factor:ONE, State:ALLOCATED, leaderId:e144e95d-619d-4e0f-aaea-3038b9a7233a, CreationTimestamp2020-05-22T11:58:13.154850Z] moved to OPEN state
rm_1        | 2020-05-22 11:57:51 INFO  HttpServer2:958 - Added filter RMAuthenticationFilter (class=org.apache.hadoop.yarn.server.security.http.RMAuthenticationFilter) to context static
nm_1        | 2020-05-22 11:59:30 INFO  Server:1849 - Auth successful for appattempt_1590148685085_0001_000001 (auth:SIMPLE)
scm_1       | 2020-05-22 11:58:16,764 [EventQueue-OpenPipelineForOneReplicaPipelineSafeModeRule] INFO safemode.SCMSafeModeManager: AtleastOneDatanodeReportedRule rule is successfully validated
rm_1        | 2020-05-22 11:57:51 INFO  HttpServer2:958 - Added filter RMAuthenticationFilter (class=org.apache.hadoop.yarn.server.security.http.RMAuthenticationFilter) to context logs
nm_1        | 2020-05-22 11:59:30 INFO  ContainerManagerImpl:1070 - Start request for container_1590148685085_0001_01_000003 by user hadoop
scm_1       | 2020-05-22 11:58:16,764 [EventQueue-OpenPipelineForHealthyPipelineSafeModeRule] INFO safemode.SCMSafeModeManager: SCM in safe mode. Healthy pipelines reported count is 0, required healthy pipeline reported count is 1
scm_1       | 2020-05-22 11:58:17,736 [EventQueue-PipelineReportForPipelineReportHandler] INFO pipeline.PipelineStateManager: Pipeline Pipeline[ Id: 6e536305-dbe0-418e-8814-75b2b8434b86, Nodes: 8aaabd0a-c396-4f67-a3d0-3f4fed109db1{ip: 172.20.0.6, host: hadoop32_datanode_3.hadoop32_default, networkLocation: /default-rack, certSerialId: null}, Type:RATIS, Factor:ONE, State:ALLOCATED, leaderId:8aaabd0a-c396-4f67-a3d0-3f4fed109db1, CreationTimestamp2020-05-22T11:58:13.966740Z] moved to OPEN state
rm_1        | 2020-05-22 11:57:51 INFO  HttpServer2:948 - Added filter static_user_filter (class=org.apache.hadoop.http.lib.StaticUserWebFilter$StaticUserFilter) to context cluster
scm_1       | 2020-05-22 11:58:17,736 [EventQueue-OpenPipelineForOneReplicaPipelineSafeModeRule] INFO safemode.SCMSafeModeManager: AtleastOneDatanodeReportedRule rule is successfully validated
nm_1        | 2020-05-22 11:59:30 INFO  NMAuditLogger:94 - USER=hadoop	IP=172.20.0.3	OPERATION=Start Container Request	TARGET=ContainerManageImpl	RESULT=SUCCESS	APPID=application_1590148685085_0001	CONTAINERID=container_1590148685085_0001_01_000003
rm_1        | 2020-05-22 11:57:51 INFO  HttpServer2:958 - Added filter static_user_filter (class=org.apache.hadoop.http.lib.StaticUserWebFilter$StaticUserFilter) to context static
scm_1       | 2020-05-22 11:58:17,736 [EventQueue-OpenPipelineForHealthyPipelineSafeModeRule] INFO safemode.SCMSafeModeManager: SCM in safe mode. Healthy pipelines reported count is 0, required healthy pipeline reported count is 1
nm_1        | 2020-05-22 11:59:30 INFO  ApplicationImpl:463 - Adding container_1590148685085_0001_01_000003 to application application_1590148685085_0001
rm_1        | 2020-05-22 11:57:51 INFO  HttpServer2:958 - Added filter static_user_filter (class=org.apache.hadoop.http.lib.StaticUserWebFilter$StaticUserFilter) to context logs
scm_1       | 2020-05-22 11:58:21,327 [EventQueue-PipelineReportForPipelineReportHandler] INFO pipeline.PipelineStateManager: Pipeline Pipeline[ Id: 43964105-0572-45bd-9542-92805bf079e8, Nodes: e144e95d-619d-4e0f-aaea-3038b9a7233a{ip: 172.20.0.8, host: hadoop32_datanode_1.hadoop32_default, networkLocation: /default-rack, certSerialId: null}a115b51d-ce75-4f4e-baa0-9c1311bd37fa{ip: 172.20.0.9, host: hadoop32_datanode_2.hadoop32_default, networkLocation: /default-rack, certSerialId: null}8aaabd0a-c396-4f67-a3d0-3f4fed109db1{ip: 172.20.0.6, host: hadoop32_datanode_3.hadoop32_default, networkLocation: /default-rack, certSerialId: null}, Type:RATIS, Factor:THREE, State:ALLOCATED, leaderId:a115b51d-ce75-4f4e-baa0-9c1311bd37fa, CreationTimestamp2020-05-22T11:58:13.983264Z] moved to OPEN state
nm_1        | 2020-05-22 11:59:30 INFO  ContainerImpl:2112 - Container container_1590148685085_0001_01_000003 transitioned from NEW to LOCALIZING
rm_1        | 2020-05-22 11:57:51 INFO  HttpServer2:613 - adding path spec: /cluster/*
scm_1       | 2020-05-22 11:58:21,327 [EventQueue-OpenPipelineForOneReplicaPipelineSafeModeRule] INFO safemode.SCMSafeModeManager: AtleastOneDatanodeReportedRule rule is successfully validated
nm_1        | 2020-05-22 11:59:30 INFO  AuxServices:350 - Got event CONTAINER_INIT for appId application_1590148685085_0001
rm_1        | 2020-05-22 11:57:51 INFO  HttpServer2:613 - adding path spec: /ws/*
scm_1       | 2020-05-22 11:58:21,327 [EventQueue-OpenPipelineForHealthyPipelineSafeModeRule] INFO safemode.SCMSafeModeManager: SCM in safe mode. Healthy pipelines reported count is 1, required healthy pipeline reported count is 1
nm_1        | 2020-05-22 11:59:30 INFO  AuxServices:350 - Got event APPLICATION_INIT for appId application_1590148685085_0001
rm_1        | 2020-05-22 11:57:51 INFO  HttpServer2:613 - adding path spec: /app/*
scm_1       | 2020-05-22 11:58:21,330 [EventQueue-OpenPipelineForHealthyPipelineSafeModeRule] INFO safemode.SCMSafeModeManager: HealthyPipelineSafeModeRule rule is successfully validated
nm_1        | 2020-05-22 11:59:30 INFO  AuxServices:354 - Got APPLICATION_INIT for service mapreduce_shuffle
rm_1        | 2020-05-22 11:57:55 INFO  WebApps:395 - Registered webapp guice modules
scm_1       | 2020-05-22 11:58:21,330 [EventQueue-OpenPipelineForHealthyPipelineSafeModeRule] INFO safemode.SCMSafeModeManager: ScmSafeModeManager, all rules are successfully validated
nm_1        | 2020-05-22 11:59:30 INFO  ShuffleHandler:719 - Added token for job_1590148685085_0001
rm_1        | 2020-05-22 11:57:55 INFO  HttpServer2:1191 - Jetty bound to port 8088
scm_1       | 2020-05-22 11:58:21,330 [EventQueue-OpenPipelineForHealthyPipelineSafeModeRule] INFO safemode.SCMSafeModeManager: SCM exiting safe mode.
nm_1        | 2020-05-22 11:59:30 INFO  ContainerImpl:2112 - Container container_1590148685085_0001_01_000003 transitioned from LOCALIZING to SCHEDULED
rm_1        | 2020-05-22 11:57:55 INFO  Server:351 - jetty-9.3.24.v20180605, build timestamp: 2018-06-05T17:11:56Z, git hash: 84205aa28f11a4f31f2a3b86d1bba2cc8ab69827
scm_1       | 2020-05-22 12:00:09,401 [RatisPipelineUtilsThread] ERROR pipeline.SCMPipelineManager: Failed to create pipeline of type RATIS and factor ONE. Exception: Cannot create pipeline of factor 1 using 0 nodes. Used 3 nodes. Healthy nodes 3
nm_1        | 2020-05-22 11:59:30 INFO  ContainerScheduler:541 - Starting container [container_1590148685085_0001_01_000003]
rm_1        | 2020-05-22 11:57:55 INFO  AuthenticationFilter:240 - Unable to initialize FileSignerSecretProvider, falling back to use random secrets.
scm_1       | 2020-05-22 12:00:09,402 [RatisPipelineUtilsThread] ERROR pipeline.SCMPipelineManager: Failed to create pipeline of type RATIS and factor THREE. Exception: Pipeline creation failed because nodes are engaged in other pipelines and every node can only be engaged in max 2 pipelines. Required 3. Found 0
nm_1        | 2020-05-22 11:59:30 INFO  ContainerImpl:2112 - Container container_1590148685085_0001_01_000003 transitioned from SCHEDULED to RUNNING
rm_1        | 2020-05-22 11:57:55 INFO  AbstractDelegationTokenSecretManager:343 - Updating the current master key for generating delegation tokens
scm_1       | 2020-05-22 12:00:22,895 [IPC Server handler 3 on default port 9863] INFO server.SCMBlockProtocolServer: SCM is informed by OM to delete 17 blocks
nm_1        | 2020-05-22 11:59:30 INFO  ContainersMonitorImpl:1013 - Starting resource-monitoring for container_1590148685085_0001_01_000003
rm_1        | 2020-05-22 11:57:55 INFO  AbstractDelegationTokenSecretManager:675 - Starting expired delegation token remover thread, tokenRemoverScanInterval=60 min(s)
scm_1       | 2020-05-22 12:00:22,899 [IPC Server handler 3 on default port 9863] INFO block.BlockManagerImpl: Deleting blocks conID: 1 locID: 104211988549468165 bcsId: 0
nm_1        | 2020-05-22 11:59:30 INFO  DefaultContainerExecutor:370 - launchContainer: [bash, /tmp/hadoop-hadoop/nm-local-dir/usercache/hadoop/appcache/application_1590148685085_0001/container_1590148685085_0001_01_000003/default_container_executor.sh]
rm_1        | 2020-05-22 11:57:55 INFO  AbstractDelegationTokenSecretManager:343 - Updating the current master key for generating delegation tokens
scm_1       | 2020-05-22 12:00:22,904 [IPC Server handler 3 on default port 9863] INFO block.BlockManagerImpl: Deleting blocks conID: 1 locID: 104211988563230726 bcsId: 0
rm_1        | 2020-05-22 11:57:56 INFO  ContextHandler:781 - Started o.e.j.s.ServletContextHandler@3b79fd76{/logs,file:///opt/hadoop/logs/,AVAILABLE}
rm_1        | 2020-05-22 11:57:56 INFO  ContextHandler:781 - Started o.e.j.s.ServletContextHandler@6b6776cb{/static,jar:file:/opt/hadoop/share/hadoop/yarn/hadoop-yarn-common-3.2.0.jar!/webapps/static,AVAILABLE}
nm_1        | 2020-05-22 11:59:31 INFO  NodeStatusUpdaterImpl:707 - Removed completed containers from NM context: [container_1590148685085_0001_01_000002]
scm_1       | 2020-05-22 12:00:22,905 [IPC Server handler 3 on default port 9863] INFO block.BlockManagerImpl: Deleting blocks conID: 1 locID: 104211988568735751 bcsId: 0
rm_1        | May 22, 2020 11:57:57 AM com.sun.jersey.guice.spi.container.GuiceComponentProviderFactory register
nm_1        | 2020-05-22 11:59:33 INFO  ContainersMonitorImpl:615 - container_1590148685085_0001_01_000003's ip = 172.20.0.3, and hostname = nm
scm_1       | 2020-05-22 12:00:22,906 [IPC Server handler 3 on default port 9863] INFO block.BlockManagerImpl: Deleting blocks conID: 1 locID: 104211988575158280 bcsId: 0
scm_1       | 2020-05-22 12:00:22,907 [IPC Server handler 3 on default port 9863] INFO block.BlockManagerImpl: Deleting blocks conID: 1 locID: 104211989237858313 bcsId: 0
scm_1       | 2020-05-22 12:00:22,915 [IPC Server handler 3 on default port 9863] INFO block.BlockManagerImpl: Deleting blocks conID: 1 locID: 104211989256798218 bcsId: 0
scm_1       | 2020-05-22 12:00:22,916 [IPC Server handler 3 on default port 9863] INFO block.BlockManagerImpl: Deleting blocks conID: 1 locID: 104211991357751315 bcsId: 0
rm_1        | INFO: Registering org.apache.hadoop.yarn.server.resourcemanager.webapp.JAXBContextResolver as a provider class
nm_1        | 2020-05-22 11:59:35 INFO  ContainerLaunch:595 - Container container_1590148685085_0001_01_000003 succeeded 
rm_1        | May 22, 2020 11:57:57 AM com.sun.jersey.guice.spi.container.GuiceComponentProviderFactory register
scm_1       | 2020-05-22 12:00:22,916 [IPC Server handler 3 on default port 9863] INFO block.BlockManagerImpl: Deleting blocks conID: 1 locID: 104211991604822036 bcsId: 0
nm_1        | 2020-05-22 11:59:35 INFO  ContainerImpl:2112 - Container container_1590148685085_0001_01_000003 transitioned from RUNNING to EXITED_WITH_SUCCESS
rm_1        | INFO: Registering org.apache.hadoop.yarn.server.resourcemanager.webapp.RMWebServices as a root resource class
scm_1       | 2020-05-22 12:00:22,916 [IPC Server handler 3 on default port 9863] INFO block.BlockManagerImpl: Deleting blocks conID: 1 locID: 104211991609671701 bcsId: 0
nm_1        | 2020-05-22 11:59:35 INFO  ContainerCleanup:87 - Cleaning up container container_1590148685085_0001_01_000003
rm_1        | May 22, 2020 11:57:57 AM com.sun.jersey.guice.spi.container.GuiceComponentProviderFactory register
scm_1       | 2020-05-22 12:00:22,917 [IPC Server handler 3 on default port 9863] INFO block.BlockManagerImpl: Deleting blocks conID: 1 locID: 104211991615307798 bcsId: 0
nm_1        | 2020-05-22 11:59:35 INFO  NMAuditLogger:94 - USER=hadoop	OPERATION=Container Finished - Succeeded	TARGET=ContainerImpl	RESULT=SUCCESS	APPID=application_1590148685085_0001	CONTAINERID=container_1590148685085_0001_01_000003
rm_1        | INFO: Registering org.apache.hadoop.yarn.webapp.GenericExceptionHandler as a provider class
scm_1       | 2020-05-22 12:00:22,918 [IPC Server handler 3 on default port 9863] INFO block.BlockManagerImpl: Deleting blocks conID: 1 locID: 104211992096473111 bcsId: 0
nm_1        | 2020-05-22 11:59:35 INFO  ContainerImpl:2112 - Container container_1590148685085_0001_01_000003 transitioned from EXITED_WITH_SUCCESS to DONE
rm_1        | May 22, 2020 11:57:57 AM com.sun.jersey.server.impl.application.WebApplicationImpl _initiate
scm_1       | 2020-05-22 12:00:22,919 [IPC Server handler 3 on default port 9863] INFO block.BlockManagerImpl: Deleting blocks conID: 1 locID: 104211992113184792 bcsId: 0
nm_1        | 2020-05-22 11:59:35 INFO  ApplicationImpl:512 - Removing container_1590148685085_0001_01_000003 from application application_1590148685085_0001
rm_1        | INFO: Initiating Jersey application, version 'Jersey: 1.19 02/11/2015 03:25 AM'
scm_1       | 2020-05-22 12:00:22,919 [IPC Server handler 3 on default port 9863] INFO block.BlockManagerImpl: Deleting blocks conID: 1 locID: 104211988069220354 bcsId: 0
nm_1        | 2020-05-22 11:59:35 INFO  ContainersMonitorImpl:1004 - Stopping resource-monitoring for container_1590148685085_0001_01_000003
rm_1        | May 22, 2020 11:57:57 AM com.sun.jersey.guice.spi.container.GuiceComponentProviderFactory getComponentProvider
scm_1       | 2020-05-22 12:00:22,920 [IPC Server handler 3 on default port 9863] INFO block.BlockManagerImpl: Deleting blocks conID: 1 locID: 104211988160708611 bcsId: 0
nm_1        | 2020-05-22 11:59:35 INFO  AuxServices:350 - Got event CONTAINER_STOP for appId application_1590148685085_0001
rm_1        | INFO: Binding org.apache.hadoop.yarn.server.resourcemanager.webapp.JAXBContextResolver to GuiceManagedComponentProvider with the scope "Singleton"
scm_1       | 2020-05-22 12:00:22,921 [IPC Server handler 3 on default port 9863] INFO block.BlockManagerImpl: Deleting blocks conID: 1 locID: 104211988332871684 bcsId: 0
nm_1        | 2020-05-22 11:59:35 INFO  DefaultContainerExecutor:634 - Deleting absolute path : /tmp/hadoop-hadoop/nm-local-dir/usercache/hadoop/appcache/application_1590148685085_0001/container_1590148685085_0001_01_000003/launch_container.sh
rm_1        | May 22, 2020 11:58:00 AM com.sun.jersey.guice.spi.container.GuiceComponentProviderFactory getComponentProvider
scm_1       | 2020-05-22 12:00:22,921 [IPC Server handler 3 on default port 9863] INFO block.BlockManagerImpl: Deleting blocks conID: 1 locID: 104211990744399883 bcsId: 0
nm_1        | 2020-05-22 11:59:35 INFO  DefaultContainerExecutor:634 - Deleting absolute path : /tmp/hadoop-hadoop/nm-local-dir/usercache/hadoop/appcache/application_1590148685085_0001/container_1590148685085_0001_01_000003/container_tokens
rm_1        | INFO: Binding org.apache.hadoop.yarn.webapp.GenericExceptionHandler to GuiceManagedComponentProvider with the scope "Singleton"
scm_1       | 2020-05-22 12:00:22,922 [IPC Server handler 3 on default port 9863] INFO block.BlockManagerImpl: Deleting blocks conID: 1 locID: 104211990823698444 bcsId: 0
nm_1        | 2020-05-22 11:59:36 INFO  Server:1849 - Auth successful for appattempt_1590148685085_0001_000001 (auth:SIMPLE)
rm_1        | May 22, 2020 11:58:03 AM com.sun.jersey.guice.spi.container.GuiceComponentProviderFactory getComponentProvider
rm_1        | INFO: Binding org.apache.hadoop.yarn.server.resourcemanager.webapp.RMWebServices to GuiceManagedComponentProvider with the scope "Singleton"
rm_1        | 2020-05-22 11:58:03 INFO  ContextHandler:781 - Started o.e.j.w.WebAppContext@30501e60{/,file:///tmp/jetty-rm-8088-cluster-_-any-3895867249633637629.dir/webapp/,AVAILABLE}{/cluster}
rm_1        | 2020-05-22 11:58:03 INFO  AbstractConnector:278 - Started ServerConnector@27b34fa3{HTTP/1.1,[http/1.1]}{rm:8088}
rm_1        | 2020-05-22 11:58:03 INFO  Server:419 - Started @22049ms
rm_1        | 2020-05-22 11:58:03 INFO  WebApps:440 - Web app cluster started at 8088
rm_1        | 2020-05-22 11:58:04 INFO  CallQueueManager:84 - Using callQueue: class java.util.concurrent.LinkedBlockingQueue, queueCapacity: 100, scheduler: class org.apache.hadoop.ipc.DefaultRpcScheduler, ipcBackoff: false.
rm_1        | 2020-05-22 11:58:04 INFO  Server:1074 - Starting Socket Reader #1 for port 8033
rm_1        | 2020-05-22 11:58:05 INFO  RpcServerFactoryPBImpl:173 - Adding protocol org.apache.hadoop.yarn.server.api.ResourceManagerAdministrationProtocolPB to the server
rm_1        | 2020-05-22 11:58:05 INFO  ResourceManager:1292 - Transitioning to active state
rm_1        | 2020-05-22 11:58:05 INFO  Server:1153 - IPC Server listener on 8033: starting
rm_1        | 2020-05-22 11:58:05 INFO  Server:1314 - IPC Server Responder: starting
rm_1        | 2020-05-22 11:58:05 INFO  RMStateStore:550 - Updating AMRMToken
rm_1        | 2020-05-22 11:58:05 INFO  RMContainerTokenSecretManager:109 - Rolling master-key for container-tokens
rm_1        | 2020-05-22 11:58:05 INFO  NMTokenSecretManagerInRM:95 - Rolling master-key for nm-tokens
rm_1        | 2020-05-22 11:58:05 INFO  AbstractDelegationTokenSecretManager:343 - Updating the current master key for generating delegation tokens
rm_1        | 2020-05-22 11:58:05 INFO  RMDelegationTokenSecretManager:92 - storing master key with keyID 1
rm_1        | 2020-05-22 11:58:05 INFO  RMStateStore:501 - Storing RMDTMasterKey.
rm_1        | 2020-05-22 11:58:05 INFO  AbstractDelegationTokenSecretManager:675 - Starting expired delegation token remover thread, tokenRemoverScanInterval=60 min(s)
rm_1        | 2020-05-22 11:58:05 INFO  AbstractDelegationTokenSecretManager:343 - Updating the current master key for generating delegation tokens
rm_1        | 2020-05-22 11:58:05 INFO  AsyncDispatcher:223 - Registering class org.apache.hadoop.yarn.nodelabels.event.NodeLabelsStoreEventType for class org.apache.hadoop.yarn.nodelabels.CommonNodeLabelsManager$ForwardingEventHandler
rm_1        | 2020-05-22 11:58:05 INFO  RMDelegationTokenSecretManager:92 - storing master key with keyID 2
rm_1        | 2020-05-22 11:58:05 INFO  RMStateStore:501 - Storing RMDTMasterKey.
rm_1        | 2020-05-22 11:58:05 INFO  AbstractFSNodeStore:67 - Created store directory :file:/tmp/hadoop-yarn-hadoop/node-attribute
rm_1        | 2020-05-22 11:58:06 INFO  AbstractFSNodeStore:181 - Finished write mirror at:file:/tmp/hadoop-yarn-hadoop/node-attribute/nodeattribute.mirror
nm_1        | 2020-05-22 11:59:36 INFO  ContainerManagerImpl:1070 - Start request for container_1590148685085_0001_01_000004 by user hadoop
rm_1        | 2020-05-22 11:58:06 INFO  AbstractFSNodeStore:182 - Finished create editlog file at:file:/tmp/hadoop-yarn-hadoop/node-attribute/nodeattribute.editlog
nm_1        | 2020-05-22 11:59:36 INFO  NMAuditLogger:94 - USER=hadoop	IP=172.20.0.3	OPERATION=Start Container Request	TARGET=ContainerManageImpl	RESULT=SUCCESS	APPID=application_1590148685085_0001	CONTAINERID=container_1590148685085_0001_01_000004
rm_1        | 2020-05-22 11:58:06 INFO  AsyncDispatcher:223 - Registering class org.apache.hadoop.yarn.server.resourcemanager.nodelabels.NodeAttributesStoreEventType for class org.apache.hadoop.yarn.server.resourcemanager.nodelabels.NodeAttributesManagerImpl$ForwardingEventHandler
nm_1        | 2020-05-22 11:59:36 INFO  ApplicationImpl:463 - Adding container_1590148685085_0001_01_000004 to application application_1590148685085_0001
rm_1        | 2020-05-22 11:58:06 INFO  MultiNodeSortingManager:66 - Starting NodeSortingService=MultiNodeSortingManager
nm_1        | 2020-05-22 11:59:36 INFO  ContainerImpl:2112 - Container container_1590148685085_0001_01_000004 transitioned from NEW to LOCALIZING
rm_1        | 2020-05-22 11:58:06 INFO  CallQueueManager:84 - Using callQueue: class java.util.concurrent.LinkedBlockingQueue, queueCapacity: 5000, scheduler: class org.apache.hadoop.ipc.DefaultRpcScheduler, ipcBackoff: false.
nm_1        | 2020-05-22 11:59:36 INFO  AuxServices:350 - Got event CONTAINER_INIT for appId application_1590148685085_0001
rm_1        | 2020-05-22 11:58:06 INFO  Server:1074 - Starting Socket Reader #1 for port 8031
nm_1        | 2020-05-22 11:59:36 INFO  AuxServices:350 - Got event APPLICATION_INIT for appId application_1590148685085_0001
rm_1        | 2020-05-22 11:58:06 INFO  RpcServerFactoryPBImpl:173 - Adding protocol org.apache.hadoop.yarn.server.api.ResourceTrackerPB to the server
nm_1        | 2020-05-22 11:59:36 INFO  AuxServices:354 - Got APPLICATION_INIT for service mapreduce_shuffle
rm_1        | 2020-05-22 11:58:06 INFO  Server:1314 - IPC Server Responder: starting
nm_1        | 2020-05-22 11:59:36 INFO  ShuffleHandler:719 - Added token for job_1590148685085_0001
rm_1        | 2020-05-22 11:58:06 INFO  Server:1153 - IPC Server listener on 8031: starting
nm_1        | 2020-05-22 11:59:36 INFO  ContainerImpl:2112 - Container container_1590148685085_0001_01_000004 transitioned from LOCALIZING to SCHEDULED
rm_1        | 2020-05-22 11:58:06 INFO  JvmPauseMonitor:188 - Starting JVM pause monitor
nm_1        | 2020-05-22 11:59:36 INFO  ContainerScheduler:541 - Starting container [container_1590148685085_0001_01_000004]
rm_1        | 2020-05-22 11:58:07 INFO  CallQueueManager:84 - Using callQueue: class java.util.concurrent.LinkedBlockingQueue, queueCapacity: 5000, scheduler: class org.apache.hadoop.ipc.DefaultRpcScheduler, ipcBackoff: false.
nm_1        | 2020-05-22 11:59:36 INFO  ContainerImpl:2112 - Container container_1590148685085_0001_01_000004 transitioned from SCHEDULED to RUNNING
rm_1        | 2020-05-22 11:58:07 INFO  Server:1074 - Starting Socket Reader #1 for port 8030
nm_1        | 2020-05-22 11:59:36 INFO  ContainersMonitorImpl:1013 - Starting resource-monitoring for container_1590148685085_0001_01_000004
rm_1        | 2020-05-22 11:58:07 INFO  RpcServerFactoryPBImpl:173 - Adding protocol org.apache.hadoop.yarn.api.ApplicationMasterProtocolPB to the server
nm_1        | 2020-05-22 11:59:37 INFO  DefaultContainerExecutor:370 - launchContainer: [bash, /tmp/hadoop-hadoop/nm-local-dir/usercache/hadoop/appcache/application_1590148685085_0001/container_1590148685085_0001_01_000004/default_container_executor.sh]
rm_1        | 2020-05-22 11:58:07 INFO  Server:1314 - IPC Server Responder: starting
nm_1        | 2020-05-22 11:59:37 INFO  NodeStatusUpdaterImpl:707 - Removed completed containers from NM context: [container_1590148685085_0001_01_000003]
rm_1        | 2020-05-22 11:58:07 INFO  Server:1153 - IPC Server listener on 8030: starting
nm_1        | 2020-05-22 11:59:39 INFO  ContainersMonitorImpl:615 - container_1590148685085_0001_01_000004's ip = 172.20.0.3, and hostname = nm
rm_1        | 2020-05-22 11:58:08 INFO  CallQueueManager:84 - Using callQueue: class java.util.concurrent.LinkedBlockingQueue, queueCapacity: 5000, scheduler: class org.apache.hadoop.ipc.DefaultRpcScheduler, ipcBackoff: false.
nm_1        | 2020-05-22 11:59:41 INFO  ContainerLaunch:595 - Container container_1590148685085_0001_01_000004 succeeded 
rm_1        | 2020-05-22 11:58:08 INFO  Server:1074 - Starting Socket Reader #1 for port 8032
nm_1        | 2020-05-22 11:59:41 INFO  ContainerImpl:2112 - Container container_1590148685085_0001_01_000004 transitioned from RUNNING to EXITED_WITH_SUCCESS
rm_1        | 2020-05-22 11:58:08 INFO  RpcServerFactoryPBImpl:173 - Adding protocol org.apache.hadoop.yarn.api.ApplicationClientProtocolPB to the server
nm_1        | 2020-05-22 11:59:41 INFO  ContainerCleanup:87 - Cleaning up container container_1590148685085_0001_01_000004
rm_1        | 2020-05-22 11:58:08 INFO  Server:1314 - IPC Server Responder: starting
nm_1        | 2020-05-22 11:59:41 INFO  NMAuditLogger:94 - USER=hadoop	OPERATION=Container Finished - Succeeded	TARGET=ContainerImpl	RESULT=SUCCESS	APPID=application_1590148685085_0001	CONTAINERID=container_1590148685085_0001_01_000004
rm_1        | 2020-05-22 11:58:08 INFO  Server:1153 - IPC Server listener on 8032: starting
nm_1        | 2020-05-22 11:59:41 INFO  ContainerImpl:2112 - Container container_1590148685085_0001_01_000004 transitioned from EXITED_WITH_SUCCESS to DONE
rm_1        | 2020-05-22 11:58:08 INFO  ResourceManager:1308 - Transitioned to active state
nm_1        | 2020-05-22 11:59:41 INFO  ApplicationImpl:512 - Removing container_1590148685085_0001_01_000004 from application application_1590148685085_0001
rm_1        | 2020-05-22 11:58:08 INFO  RMNodeImpl:674 - nm:41407 Node Transitioned from NEW to RUNNING
nm_1        | 2020-05-22 11:59:41 INFO  ContainersMonitorImpl:1004 - Stopping resource-monitoring for container_1590148685085_0001_01_000004
rm_1        | 2020-05-22 11:58:08 INFO  ResourceTrackerService:497 - NodeManager from node nm(cmPort: 41407 httpPort: 8042) registered with capability: <memory:8192, vCores:8>, assigned nodeId nm:41407
nm_1        | 2020-05-22 11:59:41 INFO  AuxServices:350 - Got event CONTAINER_STOP for appId application_1590148685085_0001
rm_1        | 2020-05-22 11:58:08 INFO  CapacityScheduler:2004 - Added node nm:41407 clusterResource: <memory:8192, vCores:8>
nm_1        | 2020-05-22 11:59:41 INFO  DefaultContainerExecutor:634 - Deleting absolute path : /tmp/hadoop-hadoop/nm-local-dir/usercache/hadoop/appcache/application_1590148685085_0001/container_1590148685085_0001_01_000004/launch_container.sh
rm_1        | 2020-05-22 11:59:10 INFO  ClientRMService:355 - Allocated new applicationId: 1
nm_1        | 2020-05-22 11:59:41 INFO  DefaultContainerExecutor:634 - Deleting absolute path : /tmp/hadoop-hadoop/nm-local-dir/usercache/hadoop/appcache/application_1590148685085_0001/container_1590148685085_0001_01_000004/container_tokens
rm_1        | 2020-05-22 11:59:12 INFO  CapacityScheduler:2641 - Application 'application_1590148685085_0001' is submitted without priority hence considering default queue/cluster priority: 0
rm_1        | 2020-05-22 11:59:12 INFO  CapacityScheduler:2662 - Priority '0' is acceptable in queue : default for application: application_1590148685085_0001
nm_1        | 2020-05-22 11:59:41 INFO  Server:1849 - Auth successful for appattempt_1590148685085_0001_000001 (auth:SIMPLE)
rm_1        | 2020-05-22 11:59:12 INFO  RMAppImpl:1291 - Storing application with id application_1590148685085_0001
nm_1        | 2020-05-22 11:59:41 INFO  ContainerManagerImpl:1070 - Start request for container_1590148685085_0001_01_000005 by user hadoop
rm_1        | 2020-05-22 11:59:12 INFO  ClientRMService:662 - Application with id 1 submitted by user hadoop
rm_1        | 2020-05-22 11:59:12 INFO  RMAuditLogger:270 - USER=hadoop	IP=172.20.0.7	OPERATION=Submit Application Request	TARGET=ClientRMService	RESULT=SUCCESS	APPID=application_1590148685085_0001	CALLERCONTEXT=CLI
nm_1        | 2020-05-22 11:59:41 INFO  ApplicationImpl:463 - Adding container_1590148685085_0001_01_000005 to application application_1590148685085_0001
rm_1        | 2020-05-22 11:59:12 INFO  RMStateStore:223 - Storing info for app: application_1590148685085_0001
nm_1        | 2020-05-22 11:59:41 INFO  NMAuditLogger:94 - USER=hadoop	IP=172.20.0.3	OPERATION=Start Container Request	TARGET=ContainerManageImpl	RESULT=SUCCESS	APPID=application_1590148685085_0001	CONTAINERID=container_1590148685085_0001_01_000005
nm_1        | 2020-05-22 11:59:41 INFO  ContainerImpl:2112 - Container container_1590148685085_0001_01_000005 transitioned from NEW to LOCALIZING
rm_1        | 2020-05-22 11:59:12 INFO  RMAppImpl:928 - application_1590148685085_0001 State change from NEW to NEW_SAVING on event = START
nm_1        | 2020-05-22 11:59:41 INFO  AuxServices:350 - Got event CONTAINER_INIT for appId application_1590148685085_0001
nm_1        | 2020-05-22 11:59:41 INFO  AuxServices:350 - Got event APPLICATION_INIT for appId application_1590148685085_0001
rm_1        | 2020-05-22 11:59:12 INFO  RMAppImpl:928 - application_1590148685085_0001 State change from NEW_SAVING to SUBMITTED on event = APP_NEW_SAVED
nm_1        | 2020-05-22 11:59:41 INFO  AuxServices:354 - Got APPLICATION_INIT for service mapreduce_shuffle
rm_1        | 2020-05-22 11:59:12 INFO  ParentQueue:494 - Application added - appId: application_1590148685085_0001 user: hadoop leaf-queue of parent: root #applications: 1
nm_1        | 2020-05-22 11:59:41 INFO  ShuffleHandler:719 - Added token for job_1590148685085_0001
rm_1        | 2020-05-22 11:59:12 INFO  CapacityScheduler:1006 - Accepted application application_1590148685085_0001 from user: hadoop, in queue: default
nm_1        | 2020-05-22 11:59:41 INFO  ContainerImpl:2112 - Container container_1590148685085_0001_01_000005 transitioned from LOCALIZING to SCHEDULED
rm_1        | 2020-05-22 11:59:12 INFO  RMAppImpl:928 - application_1590148685085_0001 State change from SUBMITTED to ACCEPTED on event = APP_ACCEPTED
nm_1        | 2020-05-22 11:59:41 INFO  ContainerScheduler:541 - Starting container [container_1590148685085_0001_01_000005]
rm_1        | 2020-05-22 11:59:12 INFO  ApplicationMasterService:471 - Registering app attempt : appattempt_1590148685085_0001_000001
nm_1        | 2020-05-22 11:59:42 INFO  ContainerImpl:2112 - Container container_1590148685085_0001_01_000005 transitioned from SCHEDULED to RUNNING
rm_1        | 2020-05-22 11:59:12 INFO  RMAppAttemptImpl:925 - appattempt_1590148685085_0001_000001 State change from NEW to SUBMITTED on event = START
nm_1        | 2020-05-22 11:59:42 INFO  ContainersMonitorImpl:1013 - Starting resource-monitoring for container_1590148685085_0001_01_000005
rm_1        | 2020-05-22 11:59:12 WARN  LeafQueue:842 - maximum-am-resource-percent is insufficient to start a single application in queue, it is likely set too low. skipping enforcement to allow at least one application to start
nm_1        | 2020-05-22 11:59:42 INFO  DefaultContainerExecutor:370 - launchContainer: [bash, /tmp/hadoop-hadoop/nm-local-dir/usercache/hadoop/appcache/application_1590148685085_0001/container_1590148685085_0001_01_000005/default_container_executor.sh]
rm_1        | 2020-05-22 11:59:12 WARN  LeafQueue:878 - maximum-am-resource-percent is insufficient to start a single application in queue for user, it is likely set too low. skipping enforcement to allow at least one application to start
rm_1        | 2020-05-22 11:59:12 INFO  LeafQueue:907 - Application application_1590148685085_0001 from user: hadoop activated in queue: default
rm_1        | 2020-05-22 11:59:12 INFO  LeafQueue:937 - Application added - appId: application_1590148685085_0001 user: hadoop, leaf-queue: default #user-pending-applications: 0 #user-active-applications: 1 #queue-pending-applications: 0 #queue-active-applications: 1
nm_1        | 2020-05-22 11:59:42 INFO  ContainersMonitorImpl:615 - container_1590148685085_0001_01_000005's ip = 172.20.0.3, and hostname = nm
rm_1        | 2020-05-22 11:59:12 INFO  CapacityScheduler:1052 - Added Application Attempt appattempt_1590148685085_0001_000001 to scheduler from user hadoop in queue default
nm_1        | 2020-05-22 11:59:43 INFO  NodeStatusUpdaterImpl:707 - Removed completed containers from NM context: [container_1590148685085_0001_01_000004]
rm_1        | 2020-05-22 11:59:12 INFO  RMAppAttemptImpl:925 - appattempt_1590148685085_0001_000001 State change from SUBMITTED to SCHEDULED on event = ATTEMPT_ADDED
nm_1        | 2020-05-22 11:59:45 INFO  ContainersMonitorImpl:516 - Skipping monitoring container container_1590148685085_0001_01_000005 since CPU usage is not yet available.
rm_1        | 2020-05-22 11:59:12 INFO  AbstractContainerAllocator:129 - assignedContainer application attempt=appattempt_1590148685085_0001_000001 container=null queue=default clusterResource=<memory:8192, vCores:8> type=OFF_SWITCH requestedPartition=
nm_1        | 2020-05-22 11:59:46 INFO  ContainerLaunch:595 - Container container_1590148685085_0001_01_000005 succeeded 
rm_1        | 2020-05-22 11:59:12 INFO  RMContainerImpl:480 - container_1590148685085_0001_01_000001 Container Transitioned from NEW to ALLOCATED
nm_1        | 2020-05-22 11:59:46 INFO  ContainerImpl:2112 - Container container_1590148685085_0001_01_000005 transitioned from RUNNING to EXITED_WITH_SUCCESS
rm_1        | 2020-05-22 11:59:12 INFO  FiCaSchedulerNode:169 - Assigned container container_1590148685085_0001_01_000001 of capacity <memory:2048, vCores:1> on host nm:41407, which has 1 containers, <memory:2048, vCores:1> used and <memory:6144, vCores:7> available after allocation
nm_1        | 2020-05-22 11:59:46 INFO  NMAuditLogger:94 - USER=hadoop	OPERATION=Container Finished - Succeeded	TARGET=ContainerImpl	RESULT=SUCCESS	APPID=application_1590148685085_0001	CONTAINERID=container_1590148685085_0001_01_000005
rm_1        | 2020-05-22 11:59:12 INFO  RMAuditLogger:200 - USER=hadoop	OPERATION=AM Allocated Container	TARGET=SchedulerApp	RESULT=SUCCESS	APPID=application_1590148685085_0001	CONTAINERID=container_1590148685085_0001_01_000001	RESOURCE=<memory:2048, vCores:1>
nm_1        | 2020-05-22 11:59:46 INFO  ContainerImpl:2112 - Container container_1590148685085_0001_01_000005 transitioned from EXITED_WITH_SUCCESS to DONE
rm_1        | 2020-05-22 11:59:12 INFO  NMTokenSecretManagerInRM:200 - Sending NMToken for nodeId : nm:41407 for container : container_1590148685085_0001_01_000001
nm_1        | 2020-05-22 11:59:46 INFO  ContainerCleanup:87 - Cleaning up container container_1590148685085_0001_01_000005
rm_1        | 2020-05-22 11:59:12 INFO  RMContainerImpl:480 - container_1590148685085_0001_01_000001 Container Transitioned from ALLOCATED to ACQUIRED
nm_1        | 2020-05-22 11:59:46 INFO  ApplicationImpl:512 - Removing container_1590148685085_0001_01_000005 from application application_1590148685085_0001
rm_1        | 2020-05-22 11:59:12 INFO  ParentQueue:1336 - assignedContainer queue=root usedCapacity=0.25 absoluteUsedCapacity=0.25 used=<memory:2048, vCores:1> cluster=<memory:8192, vCores:8>
nm_1        | 2020-05-22 11:59:46 INFO  ContainersMonitorImpl:1004 - Stopping resource-monitoring for container_1590148685085_0001_01_000005
nm_1        | 2020-05-22 11:59:46 INFO  AuxServices:350 - Got event CONTAINER_STOP for appId application_1590148685085_0001
nm_1        | 2020-05-22 11:59:46 INFO  DefaultContainerExecutor:634 - Deleting absolute path : /tmp/hadoop-hadoop/nm-local-dir/usercache/hadoop/appcache/application_1590148685085_0001/container_1590148685085_0001_01_000005/launch_container.sh
nm_1        | 2020-05-22 11:59:46 INFO  DefaultContainerExecutor:634 - Deleting absolute path : /tmp/hadoop-hadoop/nm-local-dir/usercache/hadoop/appcache/application_1590148685085_0001/container_1590148685085_0001_01_000005/container_tokens
nm_1        | 2020-05-22 11:59:48 INFO  NodeStatusUpdaterImpl:707 - Removed completed containers from NM context: [container_1590148685085_0001_01_000005]
nm_1        | 2020-05-22 11:59:56 INFO  ContainerLaunch:595 - Container container_1590148685085_0001_01_000001 succeeded 
nm_1        | 2020-05-22 11:59:56 INFO  ContainerImpl:2112 - Container container_1590148685085_0001_01_000001 transitioned from RUNNING to EXITED_WITH_SUCCESS
nm_1        | 2020-05-22 11:59:56 INFO  NMAuditLogger:94 - USER=hadoop	OPERATION=Container Finished - Succeeded	TARGET=ContainerImpl	RESULT=SUCCESS	APPID=application_1590148685085_0001	CONTAINERID=container_1590148685085_0001_01_000001
nm_1        | 2020-05-22 11:59:56 INFO  ContainerCleanup:87 - Cleaning up container container_1590148685085_0001_01_000001
nm_1        | 2020-05-22 11:59:56 INFO  ContainerImpl:2112 - Container container_1590148685085_0001_01_000001 transitioned from EXITED_WITH_SUCCESS to DONE
rm_1        | 2020-05-22 11:59:12 INFO  CapacityScheduler:3005 - Allocation proposal accepted
nm_1        | 2020-05-22 11:59:56 INFO  ApplicationImpl:512 - Removing container_1590148685085_0001_01_000001 from application application_1590148685085_0001
rm_1        | 2020-05-22 11:59:12 INFO  NMTokenSecretManagerInRM:146 - Clear node set for appattempt_1590148685085_0001_000001
nm_1        | 2020-05-22 11:59:56 INFO  ContainersMonitorImpl:1004 - Stopping resource-monitoring for container_1590148685085_0001_01_000001
rm_1        | 2020-05-22 11:59:12 INFO  RMAppAttemptImpl:2215 - Storing attempt: AppId: application_1590148685085_0001 AttemptId: appattempt_1590148685085_0001_000001 MasterContainer: Container: [ContainerId: container_1590148685085_0001_01_000001, AllocationRequestId: -1, Version: 0, NodeId: nm:41407, NodeHttpAddress: nm:8042, Resource: <memory:2048, vCores:1>, Priority: 0, Token: Token { kind: ContainerToken, service: 172.20.0.3:41407 }, ExecutionType: GUARANTEED, ]
rm_1        | 2020-05-22 11:59:12 INFO  RMAppAttemptImpl:925 - appattempt_1590148685085_0001_000001 State change from SCHEDULED to ALLOCATED_SAVING on event = CONTAINER_ALLOCATED
rm_1        | 2020-05-22 11:59:12 INFO  RMAppAttemptImpl:925 - appattempt_1590148685085_0001_000001 State change from ALLOCATED_SAVING to ALLOCATED on event = ATTEMPT_NEW_SAVED
nm_1        | 2020-05-22 11:59:56 INFO  AuxServices:350 - Got event CONTAINER_STOP for appId application_1590148685085_0001
rm_1        | 2020-05-22 11:59:12 INFO  AMLauncher:307 - Launching masterappattempt_1590148685085_0001_000001
nm_1        | 2020-05-22 11:59:56 INFO  Server:1849 - Auth successful for appattempt_1590148685085_0001_000001 (auth:SIMPLE)
rm_1        | 2020-05-22 11:59:13 INFO  AMLauncher:109 - Setting up container Container: [ContainerId: container_1590148685085_0001_01_000001, AllocationRequestId: -1, Version: 0, NodeId: nm:41407, NodeHttpAddress: nm:8042, Resource: <memory:2048, vCores:1>, Priority: 0, Token: Token { kind: ContainerToken, service: 172.20.0.3:41407 }, ExecutionType: GUARANTEED, ] for AM appattempt_1590148685085_0001_000001
nm_1        | 2020-05-22 11:59:56 INFO  ContainerManagerImpl:1409 - Stopping container with container Id: container_1590148685085_0001_01_000001
rm_1        | 2020-05-22 11:59:13 INFO  AMRMTokenSecretManager:195 - Create AMRMToken for ApplicationAttempt: appattempt_1590148685085_0001_000001
rm_1        | 2020-05-22 11:59:13 INFO  AMRMTokenSecretManager:307 - Creating password for appattempt_1590148685085_0001_000001
nm_1        | 2020-05-22 11:59:56 INFO  NMAuditLogger:94 - USER=hadoop	IP=172.20.0.7	OPERATION=Stop Container Request	TARGET=ContainerManageImpl	RESULT=SUCCESS	APPID=application_1590148685085_0001	CONTAINERID=container_1590148685085_0001_01_000001
rm_1        | 2020-05-22 11:59:13 INFO  AMLauncher:130 - Done launching container Container: [ContainerId: container_1590148685085_0001_01_000001, AllocationRequestId: -1, Version: 0, NodeId: nm:41407, NodeHttpAddress: nm:8042, Resource: <memory:2048, vCores:1>, Priority: 0, Token: Token { kind: ContainerToken, service: 172.20.0.3:41407 }, ExecutionType: GUARANTEED, ] for AM appattempt_1590148685085_0001_000001
nm_1        | 2020-05-22 11:59:56 INFO  DefaultContainerExecutor:634 - Deleting absolute path : /tmp/hadoop-hadoop/nm-local-dir/usercache/hadoop/appcache/application_1590148685085_0001/container_1590148685085_0001_01_000001/launch_container.sh
rm_1        | 2020-05-22 11:59:13 INFO  RMAppAttemptImpl:925 - appattempt_1590148685085_0001_000001 State change from ALLOCATED to LAUNCHED on event = LAUNCHED
nm_1        | 2020-05-22 11:59:56 INFO  DefaultContainerExecutor:634 - Deleting absolute path : /tmp/hadoop-hadoop/nm-local-dir/usercache/hadoop/appcache/application_1590148685085_0001/container_1590148685085_0001_01_000001/container_tokens
nm_1        | 2020-05-22 11:59:57 INFO  NodeStatusUpdaterImpl:707 - Removed completed containers from NM context: [container_1590148685085_0001_01_000001]
rm_1        | 2020-05-22 11:59:13 INFO  RMAppImpl:1066 - update the launch time for applicationId: application_1590148685085_0001, attemptId: appattempt_1590148685085_0001_000001launchTime: 1590148753489
nm_1        | 2020-05-22 11:59:57 INFO  ApplicationImpl:655 - Application application_1590148685085_0001 transitioned from RUNNING to APPLICATION_RESOURCES_CLEANINGUP
